interactions:
- request:
    body: '{"location": "southeastasia", "properties": {}, "sku": {"name": "Standard"}}'
    headers:
      Accept:
      - application/json
      Accept-Encoding:
      - gzip, deflate
      CommandName:
      - backup vault create
      Connection:
      - keep-alive
      Content-Length:
      - '76'
      Content-Type:
      - application/json
      ParameterSetName:
      - -n -g --location
      User-Agent:
      - AZURECLI/2.33.1 azsdk-python-mgmt-recoveryservices/2.0.0 Python/3.8.5 (Windows-10-10.0.22000-SP0)
    method: PUT
    uri: https://management.azure.com/subscriptions/00000000-0000-0000-0000-000000000000/resourceGroups/clitest.rg000001/providers/Microsoft.RecoveryServices/vaults/clitest-vault000002?api-version=2021-03-01
  response:
    body:
      string: '{"location":"southeastasia","name":"clitest-vault000002","etag":"W/\"datetime''2022-02-18T06%3A55%3A06.380677Z''\"","properties":{"provisioningState":"Succeeded","privateEndpointStateForBackup":"None","privateEndpointStateForSiteRecovery":"None","networkSettings":{"publicNetworkAccess":"Enabled"}},"id":"/subscriptions/00000000-0000-0000-0000-000000000000/resourceGroups/clitest.rg000001/providers/Microsoft.RecoveryServices/vaults/clitest-vault000002","type":"Microsoft.RecoveryServices/vaults","sku":{"name":"Standard"}}'
    headers:
      cache-control:
      - no-cache
      content-length:
      - '521'
      content-type:
      - application/json; charset=utf-8
      date:
      - Fri, 18 Feb 2022 06:55:07 GMT
      expires:
      - '-1'
      pragma:
      - no-cache
      server:
      - Kestrel
      strict-transport-security:
      - max-age=31536000; includeSubDomains
      x-content-type-options:
      - nosniff
      x-ms-ratelimit-remaining-subscription-resource-requests:
      - '299'
    status:
      code: 201
      message: Created
- request:
    body: null
    headers:
      Accept:
      - application/json
      Accept-Encoding:
      - gzip, deflate
      CommandName:
      - storage account show-connection-string
      Connection:
      - keep-alive
      Content-Length:
      - '0'
      ParameterSetName:
      - -n -g
      User-Agent:
      - AZURECLI/2.33.1 azsdk-python-azure-mgmt-storage/19.0.0 Python/3.8.5 (Windows-10-10.0.22000-SP0)
    method: POST
    uri: https://management.azure.com/subscriptions/00000000-0000-0000-0000-000000000000/resourceGroups/clitest.rg000001/providers/Microsoft.Storage/storageAccounts/clitest000003/listKeys?api-version=2021-06-01&$expand=kerb
  response:
    body:
      string: '{"keys":[{"creationTime":"2022-02-18T06:55:10.0471129Z","keyName":"key1","value":"veryFakedStorageAccountKey==","permissions":"FULL"},{"creationTime":"2022-02-18T06:55:10.0471129Z","keyName":"key2","value":"veryFakedStorageAccountKey==","permissions":"FULL"}]}'
    headers:
      cache-control:
      - no-cache
      content-length:
      - '260'
      content-type:
      - application/json
      date:
      - Fri, 18 Feb 2022 06:55:33 GMT
      expires:
      - '-1'
      pragma:
      - no-cache
      server:
      - Microsoft-Azure-Storage-Resource-Provider/1.0,Microsoft-HTTPAPI/2.0 Microsoft-HTTPAPI/2.0
      strict-transport-security:
      - max-age=31536000; includeSubDomains
      transfer-encoding:
      - chunked
      vary:
      - Accept-Encoding
      x-content-type-options:
      - nosniff
      x-ms-ratelimit-remaining-subscription-resource-requests:
      - '11999'
    status:
      code: 200
      message: OK
- request:
    body: null
    headers:
      Connection:
      - keep-alive
      Content-Length:
      - '0'
      User-Agent:
      - Azure-Storage/2.0.0-2.0.1 (Python CPython 3.8.5; Windows 10) AZURECLI/2.33.1
      x-ms-date:
      - Fri, 18 Feb 2022 06:55:34 GMT
      x-ms-share-quota:
      - '1'
      x-ms-version:
      - '2018-11-09'
    method: PUT
    uri: https://clitest000003.file.core.windows.net/clitest-item000004?restype=share
  response:
    body:
      string: ''
    headers:
      content-length:
      - '0'
      date:
      - Fri, 18 Feb 2022 06:55:34 GMT
      etag:
      - '"0x8D9F2ABA99D4F66"'
      last-modified:
      - Fri, 18 Feb 2022 06:55:34 GMT
      server:
      - Windows-Azure-File/1.0 Microsoft-HTTPAPI/2.0
      x-ms-version:
      - '2018-11-09'
    status:
      code: 201
      message: Created
- request:
    body: null
    headers:
      Accept:
      - application/json
      Accept-Encoding:
      - gzip, deflate
      CommandName:
      - backup policy show
      Connection:
      - keep-alive
      ParameterSetName:
      - -g -v -n
      User-Agent:
      - AZURECLI/2.33.1 azsdk-python-mgmt-recoveryservicesbackup/4.1.1 Python/3.8.5
        (Windows-10-10.0.22000-SP0)
    method: GET
    uri: https://management.azure.com/subscriptions/00000000-0000-0000-0000-000000000000/resourceGroups/clitest.rg000001/providers/Microsoft.RecoveryServices/vaults/clitest-vault000002/backupPolicies/DefaultPolicy?api-version=2021-12-01
  response:
    body:
      string: '{"id":"/subscriptions/00000000-0000-0000-0000-000000000000/resourceGroups/clitest.rg000001/providers/Microsoft.RecoveryServices/vaults/clitest-vault000002/backupPolicies/DefaultPolicy","name":"DefaultPolicy","type":"Microsoft.RecoveryServices/vaults/backupPolicies","properties":{"backupManagementType":"AzureIaasVM","instantRPDetails":{},"schedulePolicy":{"schedulePolicyType":"SimpleSchedulePolicy","scheduleRunFrequency":"Daily","scheduleRunTimes":["2022-02-18T16:30:00Z"],"scheduleWeeklyFrequency":0},"retentionPolicy":{"retentionPolicyType":"LongTermRetentionPolicy","dailySchedule":{"retentionTimes":["2022-02-18T16:30:00Z"],"retentionDuration":{"count":30,"durationType":"Days"}}},"instantRpRetentionRangeInDays":2,"timeZone":"UTC","protectedItemsCount":0}}'
    headers:
      cache-control:
      - no-cache
      content-length:
      - '764'
      content-type:
      - application/json; charset=utf-8
      date:
      - Fri, 18 Feb 2022 06:55:35 GMT
      expires:
      - '-1'
      pragma:
      - no-cache
      server:
      - Kestrel
      strict-transport-security:
      - max-age=31536000; includeSubDomains
      transfer-encoding:
      - chunked
      vary:
      - Accept-Encoding
      x-content-type-options:
      - nosniff
      x-ms-ratelimit-remaining-subscription-resource-requests:
      - '299'
      x-powered-by:
      - ASP.NET
    status:
      code: 200
      message: OK
- request:
    body: '{"properties": {"protectedItemsCount": 0, "backupManagementType": "AzureStorage",
      "workLoadType": "AzureFileShare", "schedulePolicy": {"schedulePolicyType": "SimpleSchedulePolicy",
      "scheduleRunFrequency": "Daily", "scheduleRunTimes": ["2022-02-18T16:30:00.000Z"],
      "scheduleWeeklyFrequency": 0}, "retentionPolicy": {"retentionPolicyType": "LongTermRetentionPolicy",
      "dailySchedule": {"retentionTimes": ["2022-02-18T16:30:00.000Z"], "retentionDuration":
      {"count": 30, "durationType": "Days"}}}, "timeZone": "UTC"}}'
    headers:
      Accept:
      - application/json
      Accept-Encoding:
      - gzip, deflate
      CommandName:
      - backup policy create
      Connection:
      - keep-alive
      Content-Length:
      - '512'
      Content-Type:
      - application/json
      ParameterSetName:
      - -g -v --policy -n --backup-management-type
      User-Agent:
      - AZURECLI/2.33.1 azsdk-python-mgmt-recoveryservicesbackup/4.1.1 Python/3.8.5
        (Windows-10-10.0.22000-SP0)
    method: PUT
    uri: https://management.azure.com/subscriptions/00000000-0000-0000-0000-000000000000/resourceGroups/clitest.rg000001/providers/Microsoft.RecoveryServices/vaults/clitest-vault000002/backupPolicies/clitest-item000005?api-version=2021-12-01
  response:
    body:
      string: '{"id":"/subscriptions/00000000-0000-0000-0000-000000000000/resourceGroups/clitest.rg000001/providers/Microsoft.RecoveryServices/vaults/clitest-vault000002/backupPolicies/clitest-item000005","name":"clitest-item000005","type":"Microsoft.RecoveryServices/vaults/backupPolicies","properties":{"backupManagementType":"AzureStorage","schedulePolicy":{"schedulePolicyType":"SimpleSchedulePolicy","scheduleRunFrequency":"Daily","scheduleRunTimes":["2022-02-18T16:30:00Z"],"scheduleWeeklyFrequency":0},"retentionPolicy":{"retentionPolicyType":"LongTermRetentionPolicy","dailySchedule":{"retentionTimes":["2022-02-18T16:30:00Z"],"retentionDuration":{"count":30,"durationType":"Days"}}},"timeZone":"UTC","protectedItemsCount":0}}'
    headers:
      cache-control:
      - no-cache
      content-length:
      - '719'
      content-type:
      - application/json; charset=utf-8
      date:
      - Fri, 18 Feb 2022 06:55:36 GMT
      expires:
      - '-1'
      pragma:
      - no-cache
      server:
      - Kestrel
      strict-transport-security:
      - max-age=31536000; includeSubDomains
      transfer-encoding:
      - chunked
      vary:
      - Accept-Encoding
      x-content-type-options:
      - nosniff
      x-ms-ratelimit-remaining-subscription-writes:
      - '1199'
      x-powered-by:
      - ASP.NET
    status:
      code: 200
      message: OK
- request:
    body: null
    headers:
      Accept:
      - application/json
      Accept-Encoding:
      - gzip, deflate
      CommandName:
      - backup protection enable-for-azurefileshare
      Connection:
      - keep-alive
      ParameterSetName:
      - -g -v --storage-account --azure-file-share -p
      User-Agent:
      - AZURECLI/2.33.1 azsdk-python-mgmt-recoveryservicesbackup/4.1.1 Python/3.8.5
        (Windows-10-10.0.22000-SP0)
    method: GET
    uri: https://management.azure.com/subscriptions/00000000-0000-0000-0000-000000000000/resourceGroups/clitest.rg000001/providers/Microsoft.RecoveryServices/vaults/clitest-vault000002/backupProtectionContainers?api-version=2021-12-01&%24filter=backupManagementType+eq+%27AzureStorage%27+and+status+eq+%27Registered%27
  response:
    body:
      string: '{"value":[]}'
    headers:
      cache-control:
      - no-cache
      content-length:
      - '12'
      content-type:
      - application/json; charset=utf-8
      date:
      - Fri, 18 Feb 2022 06:55:36 GMT
      expires:
      - '-1'
      pragma:
      - no-cache
      server:
      - Kestrel
      strict-transport-security:
      - max-age=31536000; includeSubDomains
      transfer-encoding:
      - chunked
      vary:
      - Accept-Encoding
      x-content-type-options:
      - nosniff
      x-ms-ratelimit-remaining-subscription-resource-requests:
      - '299'
      x-powered-by:
      - ASP.NET
    status:
      code: 200
      message: OK
- request:
    body: null
    headers:
      Accept:
      - application/json
      Accept-Encoding:
      - gzip, deflate
      CommandName:
      - backup protection enable-for-azurefileshare
      Connection:
      - keep-alive
      ParameterSetName:
      - -g -v --storage-account --azure-file-share -p
      User-Agent:
      - AZURECLI/2.33.1 azsdk-python-mgmt-recoveryservicesbackup/4.1.1 Python/3.8.5
        (Windows-10-10.0.22000-SP0)
    method: GET
    uri: https://management.azure.com/subscriptions/00000000-0000-0000-0000-000000000000/resourceGroups/clitest.rg000001/providers/Microsoft.RecoveryServices/vaults/clitest-vault000002/backupFabrics/Azure/protectableContainers?api-version=2021-12-01&%24filter=backupManagementType+eq+%27AzureStorage%27
  response:
    body:
      string: '{"value":[{"id":"/subscriptions/00000000-0000-0000-0000-000000000000/resourceGroups/clitest.rg000001/providers/Microsoft.RecoveryServices/vaults/clitest-vault000002/backupFabrics/Azure/protectableContainers/StorageContainer;Storage;afstests;02xseacan01otds1","name":"StorageContainer;Storage;afstests;02xseacan01otds1","type":"Microsoft.RecoveryServices/vaults/backupFabrics/protectableContainers","properties":{"friendlyName":"02xseacan01otds1","backupManagementType":"AzureStorage","protectableContainerType":"StorageContainer","healthStatus":"Healthy","containerId":"/subscriptions/00000000-0000-0000-0000-000000000000/resourceGroups/afstests/providers/Microsoft.Storage/storageAccounts/02xseacan01otds1"}},{"id":"/subscriptions/00000000-0000-0000-0000-000000000000/resourceGroups/clitest.rg000001/providers/Microsoft.RecoveryServices/vaults/clitest-vault000002/backupFabrics/Azure/protectableContainers/StorageContainer;Storage;afstests;afsbackupsa","name":"StorageContainer;Storage;afstests;afsbackupsa","type":"Microsoft.RecoveryServices/vaults/backupFabrics/protectableContainers","properties":{"friendlyName":"afsbackupsa","backupManagementType":"AzureStorage","protectableContainerType":"StorageContainer","healthStatus":"Healthy","containerId":"/subscriptions/00000000-0000-0000-0000-000000000000/resourceGroups/afstests/providers/Microsoft.Storage/storageAccounts/afsbackupsa"}},{"id":"/subscriptions/00000000-0000-0000-0000-000000000000/resourceGroups/clitest.rg000001/providers/Microsoft.RecoveryServices/vaults/clitest-vault000002/backupFabrics/Azure/protectableContainers/StorageContainer;Storage;afstests;storageysci5wbex6jyc","name":"StorageContainer;Storage;afstests;storageysci5wbex6jyc","type":"Microsoft.RecoveryServices/vaults/backupFabrics/protectableContainers","properties":{"friendlyName":"storageysci5wbex6jyc","backupManagementType":"AzureStorage","protectableContainerType":"StorageContainer","healthStatus":"Healthy","containerId":"/subscriptions/00000000-0000-0000-0000-000000000000/resourceGroups/afstests/providers/Microsoft.Storage/storageAccounts/storageysci5wbex6jyc"}},{"id":"/subscriptions/00000000-0000-0000-0000-000000000000/resourceGroups/clitest.rg000001/providers/Microsoft.RecoveryServices/vaults/clitest-vault000002/backupFabrics/Azure/protectableContainers/StorageContainer;Storage;akkanaseCMK;0byseapod01otds1","name":"StorageContainer;Storage;akkanaseCMK;0byseapod01otds1","type":"Microsoft.RecoveryServices/vaults/backupFabrics/protectableContainers","properties":{"friendlyName":"0byseapod01otds1","backupManagementType":"AzureStorage","protectableContainerType":"StorageContainer","healthStatus":"Healthy","containerId":"/subscriptions/00000000-0000-0000-0000-000000000000/resourceGroups/akkanaseCMK/providers/Microsoft.Storage/storageAccounts/0byseapod01otds1"}},{"id":"/subscriptions/00000000-0000-0000-0000-000000000000/resourceGroups/clitest.rg000001/providers/Microsoft.RecoveryServices/vaults/clitest-vault000002/backupFabrics/Azure/protectableContainers/StorageContainer;Storage;akkanaseGRSVault;frmseapod01otds1","name":"StorageContainer;Storage;akkanaseGRSVault;frmseapod01otds1","type":"Microsoft.RecoveryServices/vaults/backupFabrics/protectableContainers","properties":{"friendlyName":"frmseapod01otds1","backupManagementType":"AzureStorage","protectableContainerType":"StorageContainer","healthStatus":"Healthy","containerId":"/subscriptions/00000000-0000-0000-0000-000000000000/resourceGroups/akkanaseGRSVault/providers/Microsoft.Storage/storageAccounts/frmseapod01otds1"}},{"id":"/subscriptions/00000000-0000-0000-0000-000000000000/resourceGroups/clitest.rg000001/providers/Microsoft.RecoveryServices/vaults/clitest-vault000002/backupFabrics/Azure/protectableContainers/StorageContainer;Storage;clitest.rg000001;clitest000003","name":"StorageContainer;Storage;clitest.rg000001;clitest000003","type":"Microsoft.RecoveryServices/vaults/backupFabrics/protectableContainers","properties":{"friendlyName":"clitest000003","backupManagementType":"AzureStorage","protectableContainerType":"StorageContainer","healthStatus":"Healthy","containerId":"/subscriptions/00000000-0000-0000-0000-000000000000/resourceGroups/clitest.rg000001/providers/Microsoft.Storage/storageAccounts/clitest000003"}},{"id":"/subscriptions/00000000-0000-0000-0000-000000000000/resourceGroups/clitest.rg000001/providers/Microsoft.RecoveryServices/vaults/clitest-vault000002/backupFabrics/Azure/protectableContainers/StorageContainer;Storage;clitest.rgedpp5m542i;clitestx3wa3fu35kqkdhvkz","name":"StorageContainer;Storage;clitest.rgedpp5m542i;clitestx3wa3fu35kqkdhvkz","type":"Microsoft.RecoveryServices/vaults/backupFabrics/protectableContainers","properties":{"friendlyName":"clitestx3wa3fu35kqkdhvkz","backupManagementType":"AzureStorage","protectableContainerType":"StorageContainer","healthStatus":"Healthy","containerId":"/subscriptions/00000000-0000-0000-0000-000000000000/resourceGroups/clitest.rgedpp5m542i/providers/Microsoft.Storage/storageAccounts/clitestx3wa3fu35kqkdhvkz"}},{"id":"/subscriptions/00000000-0000-0000-0000-000000000000/resourceGroups/clitest.rg000001/providers/Microsoft.RecoveryServices/vaults/clitest-vault000002/backupFabrics/Azure/protectableContainers/StorageContainer;Storage;clitest.rgomannkmzsl;clitesthdxswa7vlmrsoaihg","name":"StorageContainer;Storage;clitest.rgomannkmzsl;clitesthdxswa7vlmrsoaihg","type":"Microsoft.RecoveryServices/vaults/backupFabrics/protectableContainers","properties":{"friendlyName":"clitesthdxswa7vlmrsoaihg","backupManagementType":"AzureStorage","protectableContainerType":"StorageContainer","healthStatus":"Healthy","containerId":"/subscriptions/00000000-0000-0000-0000-000000000000/resourceGroups/clitest.rgomannkmzsl/providers/Microsoft.Storage/storageAccounts/clitesthdxswa7vlmrsoaihg"}},{"id":"/subscriptions/00000000-0000-0000-0000-000000000000/resourceGroups/clitest.rg000001/providers/Microsoft.RecoveryServices/vaults/clitest-vault000002/backupFabrics/Azure/protectableContainers/StorageContainer;Storage;clitest.rgty2edpie45;clitestx5brlmbgy6iq3av7p","name":"StorageContainer;Storage;clitest.rgty2edpie45;clitestx5brlmbgy6iq3av7p","type":"Microsoft.RecoveryServices/vaults/backupFabrics/protectableContainers","properties":{"friendlyName":"clitestx5brlmbgy6iq3av7p","backupManagementType":"AzureStorage","protectableContainerType":"StorageContainer","healthStatus":"Healthy","containerId":"/subscriptions/00000000-0000-0000-0000-000000000000/resourceGroups/clitest.rgty2edpie45/providers/Microsoft.Storage/storageAccounts/clitestx5brlmbgy6iq3av7p"}},{"id":"/subscriptions/00000000-0000-0000-0000-000000000000/resourceGroups/clitest.rg000001/providers/Microsoft.RecoveryServices/vaults/clitest-vault000002/backupFabrics/Azure/protectableContainers/StorageContainer;Storage;clitest.rgwfyig3uibk;clitest55fgvwcu5xbsshmbm","name":"StorageContainer;Storage;clitest.rgwfyig3uibk;clitest55fgvwcu5xbsshmbm","type":"Microsoft.RecoveryServices/vaults/backupFabrics/protectableContainers","properties":{"friendlyName":"clitest55fgvwcu5xbsshmbm","backupManagementType":"AzureStorage","protectableContainerType":"StorageContainer","healthStatus":"Healthy","containerId":"/subscriptions/00000000-0000-0000-0000-000000000000/resourceGroups/clitest.rgwfyig3uibk/providers/Microsoft.Storage/storageAccounts/clitest55fgvwcu5xbsshmbm"}},{"id":"/subscriptions/00000000-0000-0000-0000-000000000000/resourceGroups/clitest.rg000001/providers/Microsoft.RecoveryServices/vaults/clitest-vault000002/backupFabrics/Azure/protectableContainers/StorageContainer;Storage;cmk.system;cmkautomationstore","name":"StorageContainer;Storage;cmk.system;cmkautomationstore","type":"Microsoft.RecoveryServices/vaults/backupFabrics/protectableContainers","properties":{"friendlyName":"cmkautomationstore","backupManagementType":"AzureStorage","protectableContainerType":"StorageContainer","healthStatus":"Healthy","containerId":"/subscriptions/00000000-0000-0000-0000-000000000000/resourceGroups/cmk.system/providers/Microsoft.Storage/storageAccounts/cmkautomationstore"}},{"id":"/subscriptions/00000000-0000-0000-0000-000000000000/resourceGroups/clitest.rg000001/providers/Microsoft.RecoveryServices/vaults/clitest-vault000002/backupFabrics/Azure/protectableContainers/StorageContainer;Storage;disk-bvt-test-rg;hv3seapod01otds1","name":"StorageContainer;Storage;disk-bvt-test-rg;hv3seapod01otds1","type":"Microsoft.RecoveryServices/vaults/backupFabrics/protectableContainers","properties":{"friendlyName":"hv3seapod01otds1","backupManagementType":"AzureStorage","protectableContainerType":"StorageContainer","healthStatus":"Healthy","containerId":"/subscriptions/00000000-0000-0000-0000-000000000000/resourceGroups/disk-bvt-test-rg/providers/Microsoft.Storage/storageAccounts/hv3seapod01otds1"}},{"id":"/subscriptions/00000000-0000-0000-0000-000000000000/resourceGroups/clitest.rg000001/providers/Microsoft.RecoveryServices/vaults/clitest-vault000002/backupFabrics/Azure/protectableContainers/StorageContainer;Storage;DoNotUse-OSS-BVT-SEA-RG;dontuseossrestoreasfile","name":"StorageContainer;Storage;DoNotUse-OSS-BVT-SEA-RG;dontuseossrestoreasfile","type":"Microsoft.RecoveryServices/vaults/backupFabrics/protectableContainers","properties":{"friendlyName":"dontuseossrestoreasfile","backupManagementType":"AzureStorage","protectableContainerType":"StorageContainer","healthStatus":"Healthy","containerId":"/subscriptions/00000000-0000-0000-0000-000000000000/resourceGroups/DoNotUse-OSS-BVT-SEA-RG/providers/Microsoft.Storage/storageAccounts/dontuseossrestoreasfile"}},{"id":"/subscriptions/00000000-0000-0000-0000-000000000000/resourceGroups/clitest.rg000001/providers/Microsoft.RecoveryServices/vaults/clitest-vault000002/backupFabrics/Azure/protectableContainers/StorageContainer;Storage;iaasvm.encryptedvm;iaasvmencryptedvmdiag170","name":"StorageContainer;Storage;iaasvm.encryptedvm;iaasvmencryptedvmdiag170","type":"Microsoft.RecoveryServices/vaults/backupFabrics/protectableContainers","properties":{"friendlyName":"iaasvmencryptedvmdiag170","backupManagementType":"AzureStorage","protectableContainerType":"StorageContainer","healthStatus":"Healthy","containerId":"/subscriptions/00000000-0000-0000-0000-000000000000/resourceGroups/iaasvm.encryptedvm/providers/Microsoft.Storage/storageAccounts/iaasvmencryptedvmdiag170"}},{"id":"/subscriptions/00000000-0000-0000-0000-000000000000/resourceGroups/clitest.rg000001/providers/Microsoft.RecoveryServices/vaults/clitest-vault000002/backupFabrics/Azure/protectableContainers/StorageContainer;Storage;iaasvm.existing;iaasextstore1","name":"StorageContainer;Storage;iaasvm.existing;iaasextstore1","type":"Microsoft.RecoveryServices/vaults/backupFabrics/protectableContainers","properties":{"friendlyName":"iaasextstore1","backupManagementType":"AzureStorage","protectableContainerType":"StorageContainer","healthStatus":"Healthy","containerId":"/subscriptions/00000000-0000-0000-0000-000000000000/resourceGroups/iaasvm.existing/providers/Microsoft.Storage/storageAccounts/iaasextstore1"}},{"id":"/subscriptions/00000000-0000-0000-0000-000000000000/resourceGroups/clitest.rg000001/providers/Microsoft.RecoveryServices/vaults/clitest-vault000002/backupFabrics/Azure/protectableContainers/StorageContainer;Storage;iaasvm.new;iaasvmnewdiag1","name":"StorageContainer;Storage;iaasvm.new;iaasvmnewdiag1","type":"Microsoft.RecoveryServices/vaults/backupFabrics/protectableContainers","properties":{"friendlyName":"iaasvmnewdiag1","backupManagementType":"AzureStorage","protectableContainerType":"StorageContainer","healthStatus":"Healthy","containerId":"/subscriptions/00000000-0000-0000-0000-000000000000/resourceGroups/iaasvm.new/providers/Microsoft.Storage/storageAccounts/iaasvmnewdiag1"}},{"id":"/subscriptions/00000000-0000-0000-0000-000000000000/resourceGroups/clitest.rg000001/providers/Microsoft.RecoveryServices/vaults/clitest-vault000002/backupFabrics/Azure/protectableContainers/StorageContainer;Storage;iaasvmhanaworkload.existing;iaasvmhanaworkloadexisti","name":"StorageContainer;Storage;iaasvmhanaworkload.existing;iaasvmhanaworkloadexisti","type":"Microsoft.RecoveryServices/vaults/backupFabrics/protectableContainers","properties":{"friendlyName":"iaasvmhanaworkloadexisti","backupManagementType":"AzureStorage","protectableContainerType":"StorageContainer","healthStatus":"Healthy","containerId":"/subscriptions/00000000-0000-0000-0000-000000000000/resourceGroups/iaasvmhanaworkload.existing/providers/Microsoft.Storage/storageAccounts/iaasvmhanaworkloadexisti"}},{"id":"/subscriptions/00000000-0000-0000-0000-000000000000/resourceGroups/clitest.rg000001/providers/Microsoft.RecoveryServices/vaults/clitest-vault000002/backupFabrics/Azure/protectableContainers/StorageContainer;Storage;pscloudtestrg;pscloudtestrgdiag","name":"StorageContainer;Storage;pscloudtestrg;pscloudtestrgdiag","type":"Microsoft.RecoveryServices/vaults/backupFabrics/protectableContainers","properties":{"friendlyName":"pscloudtestrgdiag","backupManagementType":"AzureStorage","protectableContainerType":"StorageContainer","healthStatus":"Healthy","containerId":"/subscriptions/00000000-0000-0000-0000-000000000000/resourceGroups/pscloudtestrg/providers/Microsoft.Storage/storageAccounts/pscloudtestrgdiag"}},{"id":"/subscriptions/00000000-0000-0000-0000-000000000000/resourceGroups/clitest.rg000001/providers/Microsoft.RecoveryServices/vaults/clitest-vault000002/backupFabrics/Azure/protectableContainers/StorageContainer;Storage;PSTestRG1e5a278b;pstestsa1e5a278b","name":"StorageContainer;Storage;PSTestRG1e5a278b;pstestsa1e5a278b","type":"Microsoft.RecoveryServices/vaults/backupFabrics/protectableContainers","properties":{"friendlyName":"pstestsa1e5a278b","backupManagementType":"AzureStorage","protectableContainerType":"StorageContainer","healthStatus":"Healthy","containerId":"/subscriptions/00000000-0000-0000-0000-000000000000/resourceGroups/PSTestRG1e5a278b/providers/Microsoft.Storage/storageAccounts/pstestsa1e5a278b"}},{"id":"/subscriptions/00000000-0000-0000-0000-000000000000/resourceGroups/clitest.rg000001/providers/Microsoft.RecoveryServices/vaults/clitest-vault000002/backupFabrics/Azure/protectableContainers/StorageContainer;Storage;PSTestRG235879ba;pstestsa235879ba","name":"StorageContainer;Storage;PSTestRG235879ba;pstestsa235879ba","type":"Microsoft.RecoveryServices/vaults/backupFabrics/protectableContainers","properties":{"friendlyName":"pstestsa235879ba","backupManagementType":"AzureStorage","protectableContainerType":"StorageContainer","healthStatus":"Healthy","containerId":"/subscriptions/00000000-0000-0000-0000-000000000000/resourceGroups/PSTestRG235879ba/providers/Microsoft.Storage/storageAccounts/pstestsa235879ba"}},{"id":"/subscriptions/00000000-0000-0000-0000-000000000000/resourceGroups/clitest.rg000001/providers/Microsoft.RecoveryServices/vaults/clitest-vault000002/backupFabrics/Azure/protectableContainers/StorageContainer;Storage;PSTestRG54bdf8da;pstestsa54bdf8da","name":"StorageContainer;Storage;PSTestRG54bdf8da;pstestsa54bdf8da","type":"Microsoft.RecoveryServices/vaults/backupFabrics/protectableContainers","properties":{"friendlyName":"pstestsa54bdf8da","backupManagementType":"AzureStorage","protectableContainerType":"StorageContainer","healthStatus":"Healthy","containerId":"/subscriptions/00000000-0000-0000-0000-000000000000/resourceGroups/PSTestRG54bdf8da/providers/Microsoft.Storage/storageAccounts/pstestsa54bdf8da"}},{"id":"/subscriptions/00000000-0000-0000-0000-000000000000/resourceGroups/clitest.rg000001/providers/Microsoft.RecoveryServices/vaults/clitest-vault000002/backupFabrics/Azure/protectableContainers/StorageContainer;Storage;PSTestRG59e1706f;pstestsa59e1706f","name":"StorageContainer;Storage;PSTestRG59e1706f;pstestsa59e1706f","type":"Microsoft.RecoveryServices/vaults/backupFabrics/protectableContainers","properties":{"friendlyName":"pstestsa59e1706f","backupManagementType":"AzureStorage","protectableContainerType":"StorageContainer","healthStatus":"Healthy","containerId":"/subscriptions/00000000-0000-0000-0000-000000000000/resourceGroups/PSTestRG59e1706f/providers/Microsoft.Storage/storageAccounts/pstestsa59e1706f"}},{"id":"/subscriptions/00000000-0000-0000-0000-000000000000/resourceGroups/clitest.rg000001/providers/Microsoft.RecoveryServices/vaults/clitest-vault000002/backupFabrics/Azure/protectableContainers/StorageContainer;Storage;pstestrg8895;pstestsa8895","name":"StorageContainer;Storage;pstestrg8895;pstestsa8895","type":"Microsoft.RecoveryServices/vaults/backupFabrics/protectableContainers","properties":{"friendlyName":"pstestsa8895","backupManagementType":"AzureStorage","protectableContainerType":"StorageContainer","healthStatus":"Healthy","containerId":"/subscriptions/00000000-0000-0000-0000-000000000000/resourceGroups/pstestrg8895/providers/Microsoft.Storage/storageAccounts/pstestsa8895"}},{"id":"/subscriptions/00000000-0000-0000-0000-000000000000/resourceGroups/clitest.rg000001/providers/Microsoft.RecoveryServices/vaults/clitest-vault000002/backupFabrics/Azure/protectableContainers/StorageContainer;Storage;pstestrg8895;pstesttargetsa8895","name":"StorageContainer;Storage;pstestrg8895;pstesttargetsa8895","type":"Microsoft.RecoveryServices/vaults/backupFabrics/protectableContainers","properties":{"friendlyName":"pstesttargetsa8895","backupManagementType":"AzureStorage","protectableContainerType":"StorageContainer","healthStatus":"Healthy","containerId":"/subscriptions/00000000-0000-0000-0000-000000000000/resourceGroups/pstestrg8895/providers/Microsoft.Storage/storageAccounts/pstesttargetsa8895"}},{"id":"/subscriptions/00000000-0000-0000-0000-000000000000/resourceGroups/clitest.rg000001/providers/Microsoft.RecoveryServices/vaults/clitest-vault000002/backupFabrics/Azure/protectableContainers/StorageContainer;Storage;pstestrg8895;pstesttargetsa8896","name":"StorageContainer;Storage;pstestrg8895;pstesttargetsa8896","type":"Microsoft.RecoveryServices/vaults/backupFabrics/protectableContainers","properties":{"friendlyName":"pstesttargetsa8896","backupManagementType":"AzureStorage","protectableContainerType":"StorageContainer","healthStatus":"Healthy","containerId":"/subscriptions/00000000-0000-0000-0000-000000000000/resourceGroups/pstestrg8895/providers/Microsoft.Storage/storageAccounts/pstesttargetsa8896"}},{"id":"/subscriptions/00000000-0000-0000-0000-000000000000/resourceGroups/clitest.rg000001/providers/Microsoft.RecoveryServices/vaults/clitest-vault000002/backupFabrics/Azure/protectableContainers/StorageContainer;Storage;sambit_rg;sarathsa3","name":"StorageContainer;Storage;sambit_rg;sarathsa3","type":"Microsoft.RecoveryServices/vaults/backupFabrics/protectableContainers","properties":{"friendlyName":"sarathsa3","backupManagementType":"AzureStorage","protectableContainerType":"StorageContainer","healthStatus":"Healthy","containerId":"/subscriptions/00000000-0000-0000-0000-000000000000/resourceGroups/sambit_rg/providers/Microsoft.Storage/storageAccounts/sarathsa3"}}]}'
    headers:
      cache-control:
      - no-cache
      content-length:
      - '18919'
      content-type:
      - application/json; charset=utf-8
      date:
      - Fri, 18 Feb 2022 06:55:36 GMT
      expires:
      - '-1'
      pragma:
      - no-cache
      server:
      - Kestrel
      strict-transport-security:
      - max-age=31536000; includeSubDomains
      transfer-encoding:
      - chunked
      vary:
      - Accept-Encoding
      x-content-type-options:
      - nosniff
      x-ms-ratelimit-remaining-subscription-resource-requests:
      - '298'
      x-powered-by:
      - ASP.NET
    status:
      code: 200
      message: OK
- request:
    body: '{"properties": {"backupManagementType": "AzureStorage", "containerType":
      "StorageContainer", "sourceResourceId": "/subscriptions/00000000-0000-0000-0000-000000000000/resourceGroups/clitest.rg000001/providers/Microsoft.Storage/storageAccounts/clitest000003"}}'
    headers:
      Accept:
      - application/json
      Accept-Encoding:
      - gzip, deflate
      CommandName:
      - backup protection enable-for-azurefileshare
      Connection:
      - keep-alive
      Content-Length:
      - '258'
      Content-Type:
      - application/json
      ParameterSetName:
      - -g -v --storage-account --azure-file-share -p
      User-Agent:
      - AZURECLI/2.33.1 azsdk-python-mgmt-recoveryservicesbackup/4.1.1 Python/3.8.5
        (Windows-10-10.0.22000-SP0)
    method: PUT
    uri: https://management.azure.com/subscriptions/00000000-0000-0000-0000-000000000000/resourceGroups/clitest.rg000001/providers/Microsoft.RecoveryServices/vaults/clitest-vault000002/backupFabrics/Azure/protectionContainers/StorageContainer%3BStorage%3Bclitest.rg000001%3Bclitest000003?api-version=2021-12-01
  response:
    body:
      string: '{}'
    headers:
      azure-asyncoperation:
      - https://management.azure.com/subscriptions/00000000-0000-0000-0000-000000000000/resourceGroups/clitest.rg000001/providers/Microsoft.RecoveryServices/vaults/clitest-vault000002/backupFabrics/Azure/protectionContainers/StorageContainer;Storage;clitest.rg000001;clitest000003/operationsStatus/76409188-bb32-4c60-b916-35887d165bb0?api-version=2019-05-13-preview
      cache-control:
      - no-cache
      content-length:
      - '2'
      content-type:
      - application/json; charset=utf-8
      date:
      - Fri, 18 Feb 2022 06:55:37 GMT
      expires:
      - '-1'
      location:
      - https://management.azure.com/subscriptions/00000000-0000-0000-0000-000000000000/resourceGroups/clitest.rg000001/providers/Microsoft.RecoveryServices/vaults/clitest-vault000002/backupFabrics/Azure/protectionContainers/StorageContainer;Storage;clitest.rg000001;clitest000003/operationResults/76409188-bb32-4c60-b916-35887d165bb0?api-version=2021-12-01
      pragma:
      - no-cache
      server:
      - Kestrel
      strict-transport-security:
      - max-age=31536000; includeSubDomains
      x-content-type-options:
      - nosniff
      x-ms-ratelimit-remaining-subscription-writes:
      - '1199'
      x-powered-by:
      - ASP.NET
    status:
      code: 202
      message: Accepted
- request:
    body: null
    headers:
      Accept:
      - application/json
      Accept-Encoding:
      - gzip, deflate
      CommandName:
      - backup protection enable-for-azurefileshare
      Connection:
      - keep-alive
      ParameterSetName:
      - -g -v --storage-account --azure-file-share -p
      User-Agent:
      - AZURECLI/2.33.1 azsdk-python-mgmt-recoveryservicesbackup/4.1.1 Python/3.8.5
        (Windows-10-10.0.22000-SP0)
    method: GET
    uri: https://management.azure.com/subscriptions/00000000-0000-0000-0000-000000000000/resourceGroups/clitest.rg000001/providers/Microsoft.RecoveryServices/vaults/clitest-vault000002/backupFabrics/Azure/protectionContainers/StorageContainer%3BStorage%3Bclitest.rg000001%3Bclitest000003/operationResults/76409188-bb32-4c60-b916-35887d165bb0?api-version=2021-12-01
  response:
    body:
      string: '{}'
    headers:
      azure-asyncoperation:
      - https://management.azure.com/subscriptions/00000000-0000-0000-0000-000000000000/resourceGroups/clitest.rg000001/providers/Microsoft.RecoveryServices/vaults/clitest-vault000002/backupFabrics/Azure/protectionContainers/StorageContainer;Storage;clitest.rg000001;clitest000003/operationsStatus/76409188-bb32-4c60-b916-35887d165bb0?api-version=2019-05-13-preview
      cache-control:
      - no-cache
      content-length:
      - '2'
      content-type:
      - application/json; charset=utf-8
      date:
      - Fri, 18 Feb 2022 06:55:37 GMT
      expires:
      - '-1'
      location:
      - https://management.azure.com/subscriptions/00000000-0000-0000-0000-000000000000/resourceGroups/clitest.rg000001/providers/Microsoft.RecoveryServices/vaults/clitest-vault000002/backupFabrics/Azure/protectionContainers/StorageContainer;Storage;clitest.rg000001;clitest000003/operationResults/76409188-bb32-4c60-b916-35887d165bb0?api-version=2021-12-01
      pragma:
      - no-cache
      server:
      - Kestrel
      strict-transport-security:
      - max-age=31536000; includeSubDomains
      x-content-type-options:
      - nosniff
      x-ms-ratelimit-remaining-subscription-resource-requests:
      - '299'
      x-powered-by:
      - ASP.NET
    status:
      code: 202
      message: Accepted
- request:
    body: null
    headers:
      Accept:
      - application/json
      Accept-Encoding:
      - gzip, deflate
      CommandName:
      - backup protection enable-for-azurefileshare
      Connection:
      - keep-alive
      ParameterSetName:
      - -g -v --storage-account --azure-file-share -p
      User-Agent:
      - AZURECLI/2.33.1 azsdk-python-mgmt-recoveryservicesbackup/4.1.1 Python/3.8.5
        (Windows-10-10.0.22000-SP0)
    method: GET
    uri: https://management.azure.com/subscriptions/00000000-0000-0000-0000-000000000000/resourceGroups/clitest.rg000001/providers/Microsoft.RecoveryServices/vaults/clitest-vault000002/backupFabrics/Azure/protectionContainers/StorageContainer%3BStorage%3Bclitest.rg000001%3Bclitest000003/operationResults/76409188-bb32-4c60-b916-35887d165bb0?api-version=2021-12-01
  response:
    body:
      string: '{}'
    headers:
      azure-asyncoperation:
      - https://management.azure.com/subscriptions/00000000-0000-0000-0000-000000000000/resourceGroups/clitest.rg000001/providers/Microsoft.RecoveryServices/vaults/clitest-vault000002/backupFabrics/Azure/protectionContainers/StorageContainer;Storage;clitest.rg000001;clitest000003/operationsStatus/76409188-bb32-4c60-b916-35887d165bb0?api-version=2019-05-13-preview
      cache-control:
      - no-cache
      content-length:
      - '2'
      content-type:
      - application/json; charset=utf-8
      date:
      - Fri, 18 Feb 2022 06:55:42 GMT
      expires:
      - '-1'
      location:
      - https://management.azure.com/subscriptions/00000000-0000-0000-0000-000000000000/resourceGroups/clitest.rg000001/providers/Microsoft.RecoveryServices/vaults/clitest-vault000002/backupFabrics/Azure/protectionContainers/StorageContainer;Storage;clitest.rg000001;clitest000003/operationResults/76409188-bb32-4c60-b916-35887d165bb0?api-version=2021-12-01
      pragma:
      - no-cache
      server:
      - Kestrel
      strict-transport-security:
      - max-age=31536000; includeSubDomains
      x-content-type-options:
      - nosniff
      x-ms-ratelimit-remaining-subscription-resource-requests:
      - '298'
      x-powered-by:
      - ASP.NET
    status:
      code: 202
      message: Accepted
- request:
    body: null
    headers:
      Accept:
      - application/json
      Accept-Encoding:
      - gzip, deflate
      CommandName:
      - backup protection enable-for-azurefileshare
      Connection:
      - keep-alive
      ParameterSetName:
      - -g -v --storage-account --azure-file-share -p
      User-Agent:
      - AZURECLI/2.33.1 azsdk-python-mgmt-recoveryservicesbackup/4.1.1 Python/3.8.5
        (Windows-10-10.0.22000-SP0)
    method: GET
    uri: https://management.azure.com/subscriptions/00000000-0000-0000-0000-000000000000/resourceGroups/clitest.rg000001/providers/Microsoft.RecoveryServices/vaults/clitest-vault000002/backupFabrics/Azure/protectionContainers/StorageContainer%3BStorage%3Bclitest.rg000001%3Bclitest000003/operationResults/76409188-bb32-4c60-b916-35887d165bb0?api-version=2021-12-01
  response:
    body:
      string: '{}'
    headers:
      azure-asyncoperation:
      - https://management.azure.com/subscriptions/00000000-0000-0000-0000-000000000000/resourceGroups/clitest.rg000001/providers/Microsoft.RecoveryServices/vaults/clitest-vault000002/backupFabrics/Azure/protectionContainers/StorageContainer;Storage;clitest.rg000001;clitest000003/operationsStatus/76409188-bb32-4c60-b916-35887d165bb0?api-version=2019-05-13-preview
      cache-control:
      - no-cache
      content-length:
      - '2'
      content-type:
      - application/json; charset=utf-8
      date:
      - Fri, 18 Feb 2022 06:55:47 GMT
      expires:
      - '-1'
      location:
      - https://management.azure.com/subscriptions/00000000-0000-0000-0000-000000000000/resourceGroups/clitest.rg000001/providers/Microsoft.RecoveryServices/vaults/clitest-vault000002/backupFabrics/Azure/protectionContainers/StorageContainer;Storage;clitest.rg000001;clitest000003/operationResults/76409188-bb32-4c60-b916-35887d165bb0?api-version=2021-12-01
      pragma:
      - no-cache
      server:
      - Kestrel
      strict-transport-security:
      - max-age=31536000; includeSubDomains
      x-content-type-options:
      - nosniff
      x-ms-ratelimit-remaining-subscription-resource-requests:
      - '297'
      x-powered-by:
      - ASP.NET
    status:
      code: 202
      message: Accepted
- request:
    body: null
    headers:
      Accept:
      - application/json
      Accept-Encoding:
      - gzip, deflate
      CommandName:
      - backup protection enable-for-azurefileshare
      Connection:
      - keep-alive
      ParameterSetName:
      - -g -v --storage-account --azure-file-share -p
      User-Agent:
      - AZURECLI/2.33.1 azsdk-python-mgmt-recoveryservicesbackup/4.1.1 Python/3.8.5
        (Windows-10-10.0.22000-SP0)
    method: GET
    uri: https://management.azure.com/subscriptions/00000000-0000-0000-0000-000000000000/resourceGroups/clitest.rg000001/providers/Microsoft.RecoveryServices/vaults/clitest-vault000002/backupFabrics/Azure/protectionContainers/StorageContainer%3BStorage%3Bclitest.rg000001%3Bclitest000003/operationResults/76409188-bb32-4c60-b916-35887d165bb0?api-version=2021-12-01
  response:
    body:
      string: '{"id":"/subscriptions/00000000-0000-0000-0000-000000000000/resourceGroups/clitest.rg000001/providers/Microsoft.RecoveryServices/vaults/clitest-vault000002/backupFabrics/Azure/protectionContainers/StorageContainer;Storage;clitest.rg000001;clitest000003","name":"StorageContainer;Storage;clitest.rg000001;clitest000003","properties":{"sourceResourceId":"/subscriptions/00000000-0000-0000-0000-000000000000/resourceGroups/clitest.rg000001/providers/Microsoft.Storage/storageAccounts/clitest000003","protectedItemCount":0,"acquireStorageAccountLock":"Acquire","friendlyName":"clitest000003","backupManagementType":"AzureStorage","registrationStatus":"Registered","healthStatus":"Healthy","containerType":"StorageContainer","protectableObjectType":"StorageContainer"}}'
    headers:
      cache-control:
      - no-cache
      content-length:
      - '763'
      content-type:
      - application/json; charset=utf-8
      date:
      - Fri, 18 Feb 2022 06:55:52 GMT
      expires:
      - '-1'
      pragma:
      - no-cache
      server:
      - Kestrel
      strict-transport-security:
      - max-age=31536000; includeSubDomains
      transfer-encoding:
      - chunked
      vary:
      - Accept-Encoding
      x-content-type-options:
      - nosniff
      x-ms-ratelimit-remaining-subscription-resource-requests:
      - '296'
      x-powered-by:
      - ASP.NET
    status:
      code: 200
      message: OK
- request:
    body: null
    headers:
      Accept:
      - application/json
      Accept-Encoding:
      - gzip, deflate
      CommandName:
      - backup protection enable-for-azurefileshare
      Connection:
      - keep-alive
      ParameterSetName:
      - -g -v --storage-account --azure-file-share -p
      User-Agent:
      - AZURECLI/2.33.1 azsdk-python-mgmt-recoveryservicesbackup/4.1.1 Python/3.8.5
        (Windows-10-10.0.22000-SP0)
    method: GET
    uri: https://management.azure.com/subscriptions/00000000-0000-0000-0000-000000000000/resourceGroups/clitest.rg000001/providers/Microsoft.RecoveryServices/vaults/clitest-vault000002/backupProtectableItems?api-version=2021-12-01&%24filter=backupManagementType+eq+%27AzureStorage%27+and+workloadType+eq+%27AzureFileShare%27
  response:
    body:
      string: '{"value":[{"id":"/subscriptions/00000000-0000-0000-0000-000000000000/resourceGroups/clitest.rg000001/providers/Microsoft.RecoveryServices/vaults/clitest-vault000002/backupFabrics/Azure/protectionContainers/storagecontainer;storage;clitest.rg000001;clitest000003/protectableItems/azurefileshare;7270e9c49d4378ede9636cec97caa0e10674439121e825530b6d6d9a59827238","name":"azurefileshare;7270e9c49d4378ede9636cec97caa0e10674439121e825530b6d6d9a59827238","type":"Microsoft.RecoveryServices/vaults/backupFabrics/protectionContainers/protectableItems","properties":{"parentContainerFabricId":"/subscriptions/00000000-0000-0000-0000-000000000000/resourceGroups/clitest.rg000001/providers/Microsoft.Storage/storageAccounts/clitest000003","parentContainerFriendlyName":"clitest000003","azureFileShareType":"XSMB","backupManagementType":"AzureStorage","workloadType":"AzureFileShare","protectableItemType":"AzureFileShare","friendlyName":"clitest-item000004","protectionState":"NotProtected"}}]}'
    headers:
      cache-control:
      - no-cache
      content-length:
      - '983'
      content-type:
      - application/json; charset=utf-8
      date:
      - Fri, 18 Feb 2022 06:55:53 GMT
      expires:
      - '-1'
      pragma:
      - no-cache
      server:
      - Kestrel
      strict-transport-security:
      - max-age=31536000; includeSubDomains
      transfer-encoding:
      - chunked
      vary:
      - Accept-Encoding
      x-content-type-options:
      - nosniff
      x-ms-ratelimit-remaining-subscription-resource-requests:
      - '299'
      x-powered-by:
      - ASP.NET
    status:
      code: 200
      message: OK
- request:
    body: null
    headers:
      Accept:
      - application/json
      Accept-Encoding:
      - gzip, deflate
      CommandName:
      - backup protection enable-for-azurefileshare
      Connection:
      - keep-alive
      ParameterSetName:
      - -g -v --storage-account --azure-file-share -p
      User-Agent:
      - AZURECLI/2.33.1 azsdk-python-mgmt-recoveryservicesbackup/4.1.1 Python/3.8.5
        (Windows-10-10.0.22000-SP0)
    method: GET
    uri: https://management.azure.com/subscriptions/00000000-0000-0000-0000-000000000000/resourceGroups/clitest.rg000001/providers/Microsoft.RecoveryServices/vaults/clitest-vault000002/backupPolicies/clitest-item000005?api-version=2021-12-01
  response:
    body:
      string: '{"id":"/subscriptions/00000000-0000-0000-0000-000000000000/resourceGroups/clitest.rg000001/providers/Microsoft.RecoveryServices/vaults/clitest-vault000002/backupPolicies/clitest-item000005","name":"clitest-item000005","type":"Microsoft.RecoveryServices/vaults/backupPolicies","properties":{"backupManagementType":"AzureStorage","schedulePolicy":{"schedulePolicyType":"SimpleSchedulePolicy","scheduleRunFrequency":"Daily","scheduleRunTimes":["2022-02-18T16:30:00Z"],"scheduleWeeklyFrequency":0},"retentionPolicy":{"retentionPolicyType":"LongTermRetentionPolicy","dailySchedule":{"retentionTimes":["2022-02-18T16:30:00Z"],"retentionDuration":{"count":30,"durationType":"Days"}}},"timeZone":"UTC","protectedItemsCount":0}}'
    headers:
      cache-control:
      - no-cache
      content-length:
      - '719'
      content-type:
      - application/json; charset=utf-8
      date:
      - Fri, 18 Feb 2022 06:55:54 GMT
      expires:
      - '-1'
      pragma:
      - no-cache
      server:
      - Kestrel
      strict-transport-security:
      - max-age=31536000; includeSubDomains
      transfer-encoding:
      - chunked
      vary:
      - Accept-Encoding
      x-content-type-options:
      - nosniff
      x-ms-ratelimit-remaining-subscription-resource-requests:
      - '299'
      x-powered-by:
      - ASP.NET
    status:
      code: 200
      message: OK
- request:
    body: '{"properties": {"protectedItemType": "AzureFileShareProtectedItem", "sourceResourceId":
      "/subscriptions/00000000-0000-0000-0000-000000000000/resourceGroups/clitest.rg000001/providers/Microsoft.Storage/storageAccounts/clitest000003",
      "policyId": "/subscriptions/00000000-0000-0000-0000-000000000000/resourceGroups/clitest.rg000001/providers/Microsoft.RecoveryServices/vaults/clitest-vault000002/backupPolicies/clitest-item000005"}}'
    headers:
      Accept:
      - application/json
      Accept-Encoding:
      - gzip, deflate
      CommandName:
      - backup protection enable-for-azurefileshare
      Connection:
      - keep-alive
      Content-Length:
      - '430'
      Content-Type:
      - application/json
      ParameterSetName:
      - -g -v --storage-account --azure-file-share -p
      User-Agent:
      - AZURECLI/2.33.1 azsdk-python-mgmt-recoveryservicesbackup/4.1.1 Python/3.8.5
        (Windows-10-10.0.22000-SP0)
    method: PUT
    uri: https://management.azure.com/subscriptions/00000000-0000-0000-0000-000000000000/resourceGroups/clitest.rg000001/providers/Microsoft.RecoveryServices/vaults/clitest-vault000002/backupFabrics/Azure/protectionContainers/storagecontainer%3Bstorage%3Bclitest.rg000001%3Bclitest000003/protectedItems/azurefileshare%3B7270e9c49d4378ede9636cec97caa0e10674439121e825530b6d6d9a59827238?api-version=2021-12-01
  response:
    body:
      string: ''
    headers:
      azure-asyncoperation:
      - https://management.azure.com/subscriptions/00000000-0000-0000-0000-000000000000/resourceGroups/clitest.rg000001/providers/Microsoft.RecoveryServices/vaults/clitest-vault000002/backupFabrics/Azure/protectionContainers/storagecontainer;storage;clitest.rg000001;clitest000003/protectedItems/azurefileshare;7270e9c49d4378ede9636cec97caa0e10674439121e825530b6d6d9a59827238/operationsStatus/3fc0765b-03f6-4297-8d6e-02f333cc2b81?api-version=2021-12-01
      cache-control:
      - no-cache
      content-length:
      - '0'
      date:
      - Fri, 18 Feb 2022 06:55:55 GMT
      expires:
      - '-1'
      location:
      - https://management.azure.com/subscriptions/00000000-0000-0000-0000-000000000000/resourceGroups/clitest.rg000001/providers/Microsoft.RecoveryServices/vaults/clitest-vault000002/backupFabrics/Azure/protectionContainers/storagecontainer;storage;clitest.rg000001;clitest000003/protectedItems/azurefileshare;7270e9c49d4378ede9636cec97caa0e10674439121e825530b6d6d9a59827238/operationResults/3fc0765b-03f6-4297-8d6e-02f333cc2b81?api-version=2021-12-01
      pragma:
      - no-cache
      server:
      - Kestrel
      strict-transport-security:
      - max-age=31536000; includeSubDomains
      x-content-type-options:
      - nosniff
      x-ms-ratelimit-remaining-subscription-writes:
      - '1198'
      x-powered-by:
      - ASP.NET
    status:
      code: 202
      message: Accepted
- request:
    body: null
    headers:
      Accept:
      - application/json
      Accept-Encoding:
      - gzip, deflate
      CommandName:
      - backup protection enable-for-azurefileshare
      Connection:
      - keep-alive
      ParameterSetName:
      - -g -v --storage-account --azure-file-share -p
      User-Agent:
      - AZURECLI/2.33.1 azsdk-python-mgmt-recoveryservicesbackup/4.1.1 Python/3.8.5
        (Windows-10-10.0.22000-SP0)
    method: GET
    uri: https://management.azure.com/subscriptions/00000000-0000-0000-0000-000000000000/resourceGroups/clitest.rg000001/providers/Microsoft.RecoveryServices/vaults/clitest-vault000002/backupOperations/3fc0765b-03f6-4297-8d6e-02f333cc2b81?api-version=2021-12-01
  response:
    body:
      string: '{"id":"3fc0765b-03f6-4297-8d6e-02f333cc2b81","name":"3fc0765b-03f6-4297-8d6e-02f333cc2b81","status":"InProgress","startTime":"2022-02-18T06:55:55.32088Z","endTime":"0001-01-01T00:00:00"}'
    headers:
      cache-control:
      - no-cache
      content-length:
      - '186'
      content-type:
      - application/json; charset=utf-8
      date:
      - Fri, 18 Feb 2022 06:55:55 GMT
      expires:
      - '-1'
      pragma:
      - no-cache
      server:
      - Kestrel
      strict-transport-security:
      - max-age=31536000; includeSubDomains
      transfer-encoding:
      - chunked
      vary:
      - Accept-Encoding
      x-content-type-options:
      - nosniff
      x-ms-ratelimit-remaining-subscription-resource-requests:
      - '299'
      x-powered-by:
      - ASP.NET
    status:
      code: 200
      message: OK
- request:
    body: null
    headers:
      Accept:
      - application/json
      Accept-Encoding:
      - gzip, deflate
      CommandName:
      - backup protection enable-for-azurefileshare
      Connection:
      - keep-alive
      ParameterSetName:
      - -g -v --storage-account --azure-file-share -p
      User-Agent:
      - AZURECLI/2.33.1 azsdk-python-mgmt-recoveryservicesbackup/4.1.1 Python/3.8.5
        (Windows-10-10.0.22000-SP0)
    method: GET
    uri: https://management.azure.com/subscriptions/00000000-0000-0000-0000-000000000000/resourceGroups/clitest.rg000001/providers/Microsoft.RecoveryServices/vaults/clitest-vault000002/backupOperations/3fc0765b-03f6-4297-8d6e-02f333cc2b81?api-version=2021-12-01
  response:
    body:
      string: '{"id":"3fc0765b-03f6-4297-8d6e-02f333cc2b81","name":"3fc0765b-03f6-4297-8d6e-02f333cc2b81","status":"InProgress","startTime":"2022-02-18T06:55:55.32088Z","endTime":"0001-01-01T00:00:00"}'
    headers:
      cache-control:
      - no-cache
      content-length:
      - '186'
      content-type:
      - application/json; charset=utf-8
      date:
      - Fri, 18 Feb 2022 06:56:00 GMT
      expires:
      - '-1'
      pragma:
      - no-cache
      server:
      - Kestrel
      strict-transport-security:
      - max-age=31536000; includeSubDomains
      transfer-encoding:
      - chunked
      vary:
      - Accept-Encoding
      x-content-type-options:
      - nosniff
      x-ms-ratelimit-remaining-subscription-resource-requests:
      - '298'
      x-powered-by:
      - ASP.NET
    status:
      code: 200
      message: OK
- request:
    body: null
    headers:
      Accept:
      - application/json
      Accept-Encoding:
      - gzip, deflate
      CommandName:
      - backup protection enable-for-azurefileshare
      Connection:
      - keep-alive
      ParameterSetName:
      - -g -v --storage-account --azure-file-share -p
      User-Agent:
      - AZURECLI/2.33.1 azsdk-python-mgmt-recoveryservicesbackup/4.1.1 Python/3.8.5
        (Windows-10-10.0.22000-SP0)
    method: GET
    uri: https://management.azure.com/subscriptions/00000000-0000-0000-0000-000000000000/resourceGroups/clitest.rg000001/providers/Microsoft.RecoveryServices/vaults/clitest-vault000002/backupOperations/3fc0765b-03f6-4297-8d6e-02f333cc2b81?api-version=2021-12-01
  response:
    body:
      string: '{"id":"3fc0765b-03f6-4297-8d6e-02f333cc2b81","name":"3fc0765b-03f6-4297-8d6e-02f333cc2b81","status":"InProgress","startTime":"2022-02-18T06:55:55.32088Z","endTime":"0001-01-01T00:00:00"}'
    headers:
      cache-control:
      - no-cache
      content-length:
      - '186'
      content-type:
      - application/json; charset=utf-8
      date:
      - Fri, 18 Feb 2022 06:56:05 GMT
      expires:
      - '-1'
      pragma:
      - no-cache
      server:
      - Kestrel
      strict-transport-security:
      - max-age=31536000; includeSubDomains
      transfer-encoding:
      - chunked
      vary:
      - Accept-Encoding
      x-content-type-options:
      - nosniff
      x-ms-ratelimit-remaining-subscription-resource-requests:
      - '296'
      x-powered-by:
      - ASP.NET
    status:
      code: 200
      message: OK
- request:
    body: null
    headers:
      Accept:
      - application/json
      Accept-Encoding:
      - gzip, deflate
      CommandName:
      - backup protection enable-for-azurefileshare
      Connection:
      - keep-alive
      ParameterSetName:
      - -g -v --storage-account --azure-file-share -p
      User-Agent:
      - AZURECLI/2.33.1 azsdk-python-mgmt-recoveryservicesbackup/4.1.1 Python/3.8.5
        (Windows-10-10.0.22000-SP0)
    method: GET
    uri: https://management.azure.com/subscriptions/00000000-0000-0000-0000-000000000000/resourceGroups/clitest.rg000001/providers/Microsoft.RecoveryServices/vaults/clitest-vault000002/backupOperations/3fc0765b-03f6-4297-8d6e-02f333cc2b81?api-version=2021-12-01
  response:
    body:
      string: '{"id":"3fc0765b-03f6-4297-8d6e-02f333cc2b81","name":"3fc0765b-03f6-4297-8d6e-02f333cc2b81","status":"InProgress","startTime":"2022-02-18T06:55:55.32088Z","endTime":"0001-01-01T00:00:00"}'
    headers:
      cache-control:
      - no-cache
      content-length:
      - '186'
      content-type:
      - application/json; charset=utf-8
      date:
      - Fri, 18 Feb 2022 06:56:11 GMT
      expires:
      - '-1'
      pragma:
      - no-cache
      server:
      - Kestrel
      strict-transport-security:
      - max-age=31536000; includeSubDomains
      transfer-encoding:
      - chunked
      vary:
      - Accept-Encoding
      x-content-type-options:
      - nosniff
      x-ms-ratelimit-remaining-subscription-resource-requests:
      - '294'
      x-powered-by:
      - ASP.NET
    status:
      code: 200
      message: OK
- request:
    body: null
    headers:
      Accept:
      - application/json
      Accept-Encoding:
      - gzip, deflate
      CommandName:
      - backup protection enable-for-azurefileshare
      Connection:
      - keep-alive
      ParameterSetName:
      - -g -v --storage-account --azure-file-share -p
      User-Agent:
      - AZURECLI/2.33.1 azsdk-python-mgmt-recoveryservicesbackup/4.1.1 Python/3.8.5
        (Windows-10-10.0.22000-SP0)
    method: GET
    uri: https://management.azure.com/subscriptions/00000000-0000-0000-0000-000000000000/resourceGroups/clitest.rg000001/providers/Microsoft.RecoveryServices/vaults/clitest-vault000002/backupOperations/3fc0765b-03f6-4297-8d6e-02f333cc2b81?api-version=2021-12-01
  response:
    body:
      string: '{"id":"3fc0765b-03f6-4297-8d6e-02f333cc2b81","name":"3fc0765b-03f6-4297-8d6e-02f333cc2b81","status":"InProgress","startTime":"2022-02-18T06:55:55.32088Z","endTime":"0001-01-01T00:00:00"}'
    headers:
      cache-control:
      - no-cache
      content-length:
      - '186'
      content-type:
      - application/json; charset=utf-8
      date:
      - Fri, 18 Feb 2022 06:56:16 GMT
      expires:
      - '-1'
      pragma:
      - no-cache
      server:
      - Kestrel
      strict-transport-security:
      - max-age=31536000; includeSubDomains
      transfer-encoding:
      - chunked
      vary:
      - Accept-Encoding
      x-content-type-options:
      - nosniff
      x-ms-ratelimit-remaining-subscription-resource-requests:
      - '292'
      x-powered-by:
      - ASP.NET
    status:
      code: 200
      message: OK
- request:
    body: null
    headers:
      Accept:
      - application/json
      Accept-Encoding:
      - gzip, deflate
      CommandName:
      - backup protection enable-for-azurefileshare
      Connection:
      - keep-alive
      ParameterSetName:
      - -g -v --storage-account --azure-file-share -p
      User-Agent:
      - AZURECLI/2.33.1 azsdk-python-mgmt-recoveryservicesbackup/4.1.1 Python/3.8.5
        (Windows-10-10.0.22000-SP0)
    method: GET
    uri: https://management.azure.com/subscriptions/00000000-0000-0000-0000-000000000000/resourceGroups/clitest.rg000001/providers/Microsoft.RecoveryServices/vaults/clitest-vault000002/backupOperations/3fc0765b-03f6-4297-8d6e-02f333cc2b81?api-version=2021-12-01
  response:
    body:
      string: '{"id":"3fc0765b-03f6-4297-8d6e-02f333cc2b81","name":"3fc0765b-03f6-4297-8d6e-02f333cc2b81","status":"InProgress","startTime":"2022-02-18T06:55:55.32088Z","endTime":"0001-01-01T00:00:00"}'
    headers:
      cache-control:
      - no-cache
      content-length:
      - '186'
      content-type:
      - application/json; charset=utf-8
      date:
      - Fri, 18 Feb 2022 06:56:21 GMT
      expires:
      - '-1'
      pragma:
      - no-cache
      server:
      - Kestrel
      strict-transport-security:
      - max-age=31536000; includeSubDomains
      transfer-encoding:
      - chunked
      vary:
      - Accept-Encoding
      x-content-type-options:
      - nosniff
      x-ms-ratelimit-remaining-subscription-resource-requests:
      - '290'
      x-powered-by:
      - ASP.NET
    status:
      code: 200
      message: OK
- request:
    body: null
    headers:
      Accept:
      - application/json
      Accept-Encoding:
      - gzip, deflate
      CommandName:
      - backup protection enable-for-azurefileshare
      Connection:
      - keep-alive
      ParameterSetName:
      - -g -v --storage-account --azure-file-share -p
      User-Agent:
      - AZURECLI/2.33.1 azsdk-python-mgmt-recoveryservicesbackup/4.1.1 Python/3.8.5
        (Windows-10-10.0.22000-SP0)
    method: GET
    uri: https://management.azure.com/subscriptions/00000000-0000-0000-0000-000000000000/resourceGroups/clitest.rg000001/providers/Microsoft.RecoveryServices/vaults/clitest-vault000002/backupOperations/3fc0765b-03f6-4297-8d6e-02f333cc2b81?api-version=2021-12-01
  response:
    body:
      string: '{"id":"3fc0765b-03f6-4297-8d6e-02f333cc2b81","name":"3fc0765b-03f6-4297-8d6e-02f333cc2b81","status":"InProgress","startTime":"2022-02-18T06:55:55.32088Z","endTime":"0001-01-01T00:00:00"}'
    headers:
      cache-control:
      - no-cache
      content-length:
      - '186'
      content-type:
      - application/json; charset=utf-8
      date:
      - Fri, 18 Feb 2022 06:56:26 GMT
      expires:
      - '-1'
      pragma:
      - no-cache
      server:
      - Kestrel
      strict-transport-security:
      - max-age=31536000; includeSubDomains
      transfer-encoding:
      - chunked
      vary:
      - Accept-Encoding
      x-content-type-options:
      - nosniff
      x-ms-ratelimit-remaining-subscription-resource-requests:
      - '288'
      x-powered-by:
      - ASP.NET
    status:
      code: 200
      message: OK
- request:
    body: null
    headers:
      Accept:
      - application/json
      Accept-Encoding:
      - gzip, deflate
      CommandName:
      - backup protection enable-for-azurefileshare
      Connection:
      - keep-alive
      ParameterSetName:
      - -g -v --storage-account --azure-file-share -p
      User-Agent:
      - AZURECLI/2.33.1 azsdk-python-mgmt-recoveryservicesbackup/4.1.1 Python/3.8.5
        (Windows-10-10.0.22000-SP0)
    method: GET
    uri: https://management.azure.com/subscriptions/00000000-0000-0000-0000-000000000000/resourceGroups/clitest.rg000001/providers/Microsoft.RecoveryServices/vaults/clitest-vault000002/backupOperations/3fc0765b-03f6-4297-8d6e-02f333cc2b81?api-version=2021-12-01
  response:
    body:
      string: '{"id":"3fc0765b-03f6-4297-8d6e-02f333cc2b81","name":"3fc0765b-03f6-4297-8d6e-02f333cc2b81","status":"InProgress","startTime":"2022-02-18T06:55:55.32088Z","endTime":"0001-01-01T00:00:00"}'
    headers:
      cache-control:
      - no-cache
      content-length:
      - '186'
      content-type:
      - application/json; charset=utf-8
      date:
      - Fri, 18 Feb 2022 06:56:32 GMT
      expires:
      - '-1'
      pragma:
      - no-cache
      server:
      - Kestrel
      strict-transport-security:
      - max-age=31536000; includeSubDomains
      transfer-encoding:
      - chunked
      vary:
      - Accept-Encoding
      x-content-type-options:
      - nosniff
      x-ms-ratelimit-remaining-subscription-resource-requests:
      - '286'
      x-powered-by:
      - ASP.NET
    status:
      code: 200
      message: OK
- request:
    body: null
    headers:
      Accept:
      - application/json
      Accept-Encoding:
      - gzip, deflate
      CommandName:
      - backup protection enable-for-azurefileshare
      Connection:
      - keep-alive
      ParameterSetName:
      - -g -v --storage-account --azure-file-share -p
      User-Agent:
      - AZURECLI/2.33.1 azsdk-python-mgmt-recoveryservicesbackup/4.1.1 Python/3.8.5
        (Windows-10-10.0.22000-SP0)
    method: GET
    uri: https://management.azure.com/subscriptions/00000000-0000-0000-0000-000000000000/resourceGroups/clitest.rg000001/providers/Microsoft.RecoveryServices/vaults/clitest-vault000002/backupOperations/3fc0765b-03f6-4297-8d6e-02f333cc2b81?api-version=2021-12-01
  response:
    body:
      string: '{"id":"3fc0765b-03f6-4297-8d6e-02f333cc2b81","name":"3fc0765b-03f6-4297-8d6e-02f333cc2b81","status":"Succeeded","startTime":"2022-02-18T06:55:55.32088Z","endTime":"2022-02-18T06:55:55.32088Z","properties":{"objectType":"OperationStatusJobExtendedInfo","jobId":"06ae5952-f9f6-4481-895c-284f07a13603"}}'
    headers:
      cache-control:
      - no-cache
      content-length:
      - '300'
      content-type:
      - application/json; charset=utf-8
      date:
      - Fri, 18 Feb 2022 06:56:37 GMT
      expires:
      - '-1'
      pragma:
      - no-cache
      server:
      - Kestrel
      strict-transport-security:
      - max-age=31536000; includeSubDomains
      transfer-encoding:
      - chunked
      vary:
      - Accept-Encoding
      x-content-type-options:
      - nosniff
      x-ms-ratelimit-remaining-subscription-resource-requests:
      - '284'
      x-powered-by:
      - ASP.NET
    status:
      code: 200
      message: OK
- request:
    body: null
    headers:
      Accept:
      - application/json
      Accept-Encoding:
      - gzip, deflate
      CommandName:
      - backup protection enable-for-azurefileshare
      Connection:
      - keep-alive
      ParameterSetName:
      - -g -v --storage-account --azure-file-share -p
      User-Agent:
      - AZURECLI/2.33.1 azsdk-python-mgmt-recoveryservicesbackup/4.1.1 Python/3.8.5
        (Windows-10-10.0.22000-SP0)
    method: GET
    uri: https://management.azure.com/subscriptions/00000000-0000-0000-0000-000000000000/resourceGroups/clitest.rg000001/providers/Microsoft.RecoveryServices/vaults/clitest-vault000002/backupJobs/06ae5952-f9f6-4481-895c-284f07a13603?api-version=2021-12-01
  response:
    body:
      string: '{"id":"/subscriptions/00000000-0000-0000-0000-000000000000/resourceGroups/clitest.rg000001/providers/Microsoft.RecoveryServices/vaults/clitest-vault000002/backupJobs/06ae5952-f9f6-4481-895c-284f07a13603","name":"06ae5952-f9f6-4481-895c-284f07a13603","type":"Microsoft.RecoveryServices/vaults/backupJobs","properties":{"jobType":"AzureStorageJob","duration":"PT41.9740012S","storageAccountName":"clitest000003","storageAccountVersion":"Storage","extendedInfo":{"tasksList":[],"propertyBag":{"File
        Share Name":"clitest-item000004","Storage Account Name":"clitest000003","Policy
        Name":"clitest-item000005"}},"isUserTriggered":false,"entityFriendlyName":"clitest-item000004","backupManagementType":"AzureStorage","operation":"ConfigureBackup","status":"Completed","startTime":"2022-02-18T06:55:55.32088Z","endTime":"2022-02-18T06:56:37.2948812Z","activityId":"c6686c3a-9087-11ec-856c-c8f750f92764"}}'
    headers:
      cache-control:
      - no-cache
      content-length:
      - '895'
      content-type:
      - application/json; charset=utf-8
      date:
      - Fri, 18 Feb 2022 06:56:38 GMT
      expires:
      - '-1'
      pragma:
      - no-cache
      server:
      - Microsoft-IIS/10.0
      strict-transport-security:
      - max-age=31536000; includeSubDomains
      transfer-encoding:
      - chunked
      vary:
      - Accept-Encoding
      x-content-type-options:
      - nosniff
      x-ms-ratelimit-remaining-subscription-resource-requests:
      - '299'
      x-powered-by:
      - ASP.NET
    status:
      code: 200
      message: OK
- request:
    body: null
    headers:
      Accept:
      - application/json
      Accept-Encoding:
      - gzip, deflate
      CommandName:
      - backup protection backup-now
      Connection:
      - keep-alive
      ParameterSetName:
      - -g -v -c -i --retain-until --backup-management-type --query
      User-Agent:
      - AZURECLI/2.33.1 azsdk-python-mgmt-recoveryservicesbackup/4.1.1 Python/3.8.5
        (Windows-10-10.0.22000-SP0)
    method: GET
    uri: https://management.azure.com/subscriptions/00000000-0000-0000-0000-000000000000/resourceGroups/clitest.rg000001/providers/Microsoft.RecoveryServices/vaults/clitest-vault000002/backupProtectedItems?api-version=2021-12-01&%24filter=backupManagementType+eq+%27AzureStorage%27
  response:
    body:
      string: '{"value":[{"id":"/subscriptions/00000000-0000-0000-0000-000000000000/resourceGroups/clitest.rg000001/providers/Microsoft.RecoveryServices/vaults/clitest-vault000002/backupFabrics/Azure/protectionContainers/StorageContainer;storage;clitest.rg000001;clitest000003/protectedItems/AzureFileShare;7270e9c49d4378ede9636cec97caa0e10674439121e825530b6d6d9a59827238","name":"AzureFileShare;7270e9c49d4378ede9636cec97caa0e10674439121e825530b6d6d9a59827238","type":"Microsoft.RecoveryServices/vaults/backupFabrics/protectionContainers/protectedItems","properties":{"kpisHealths":{},"friendlyName":"clitest-item000004","protectionStatus":"Healthy","protectionState":"IRPending","lastBackupStatus":"IRPending","protectedItemType":"AzureFileShareProtectedItem","backupManagementType":"AzureStorage","workloadType":"AzureFileShare","containerName":"StorageContainer;storage;clitest.rg000001;clitest000003","sourceResourceId":"/subscriptions/00000000-0000-0000-0000-000000000000/resourceGroups/clitest.rg000001/providers/Microsoft.storage/storageAccounts/clitest000003","policyId":"/subscriptions/00000000-0000-0000-0000-000000000000/resourceGroups/clitest.rg000001/providers/Microsoft.RecoveryServices/vaults/clitest-vault000002/backupPolicies/clitest-item000005","isArchiveEnabled":false}}]}'
    headers:
      cache-control:
      - no-cache
      content-length:
      - '1277'
      content-type:
      - application/json; charset=utf-8
      date:
      - Fri, 18 Feb 2022 06:56:38 GMT
      expires:
      - '-1'
      pragma:
      - no-cache
      server:
      - Kestrel
      strict-transport-security:
      - max-age=31536000; includeSubDomains
      transfer-encoding:
      - chunked
      vary:
      - Accept-Encoding
      x-content-type-options:
      - nosniff
      x-ms-ratelimit-remaining-subscription-resource-requests:
      - '299'
      x-powered-by:
      - ASP.NET
    status:
      code: 200
      message: OK
- request:
    body: '{"properties": {"objectType": "AzureFileShareBackupRequest", "recoveryPointExpiryTimeInUTC":
      "2022-03-20T00:00:00.000Z"}}'
    headers:
      Accept:
      - application/json
      Accept-Encoding:
      - gzip, deflate
      CommandName:
      - backup protection backup-now
      Connection:
      - keep-alive
      Content-Length:
      - '121'
      Content-Type:
      - application/json
      ParameterSetName:
      - -g -v -c -i --retain-until --backup-management-type --query
      User-Agent:
      - AZURECLI/2.33.1 azsdk-python-mgmt-recoveryservicesbackup/4.1.1 Python/3.8.5
        (Windows-10-10.0.22000-SP0)
    method: POST
    uri: https://management.azure.com/subscriptions/00000000-0000-0000-0000-000000000000/resourceGroups/clitest.rg000001/providers/Microsoft.RecoveryServices/vaults/clitest-vault000002/backupFabrics/Azure/protectionContainers/StorageContainer%3Bstorage%3Bclitest.rg000001%3Bclitest000003/protectedItems/AzureFileShare%3B7270e9c49d4378ede9636cec97caa0e10674439121e825530b6d6d9a59827238/backup?api-version=2021-12-01
  response:
    body:
      string: ''
    headers:
      azure-asyncoperation:
      - https://management.azure.com/subscriptions/00000000-0000-0000-0000-000000000000/resourceGroups/clitest.rg000001/providers/Microsoft.RecoveryServices/vaults/clitest-vault000002/backupFabrics/Azure/protectionContainers/StorageContainer;storage;clitest.rg000001;clitest000003/protectedItems/AzureFileShare;7270e9c49d4378ede9636cec97caa0e10674439121e825530b6d6d9a59827238/operationsStatus/d6b68e9b-9c0b-40f1-83de-c77adb4ab7ae?api-version=2021-12-01
      cache-control:
      - no-cache
      content-length:
      - '0'
      date:
      - Fri, 18 Feb 2022 06:56:38 GMT
      expires:
      - '-1'
      location:
      - https://management.azure.com/subscriptions/00000000-0000-0000-0000-000000000000/resourceGroups/clitest.rg000001/providers/Microsoft.RecoveryServices/vaults/clitest-vault000002/backupFabrics/Azure/protectionContainers/StorageContainer;storage;clitest.rg000001;clitest000003/protectedItems/AzureFileShare;7270e9c49d4378ede9636cec97caa0e10674439121e825530b6d6d9a59827238/operationResults/d6b68e9b-9c0b-40f1-83de-c77adb4ab7ae?api-version=2021-12-01
      pragma:
      - no-cache
      server:
      - Kestrel
      strict-transport-security:
      - max-age=31536000; includeSubDomains
      x-content-type-options:
      - nosniff
      x-ms-ratelimit-remaining-subscription-writes:
      - '1199'
      x-powered-by:
      - ASP.NET
    status:
      code: 202
      message: Accepted
- request:
    body: null
    headers:
      Accept:
      - application/json
      Accept-Encoding:
      - gzip, deflate
      CommandName:
      - backup protection backup-now
      Connection:
      - keep-alive
      ParameterSetName:
      - -g -v -c -i --retain-until --backup-management-type --query
      User-Agent:
      - AZURECLI/2.33.1 azsdk-python-mgmt-recoveryservicesbackup/4.1.1 Python/3.8.5
        (Windows-10-10.0.22000-SP0)
    method: GET
    uri: https://management.azure.com/subscriptions/00000000-0000-0000-0000-000000000000/resourceGroups/clitest.rg000001/providers/Microsoft.RecoveryServices/vaults/clitest-vault000002/backupOperations/d6b68e9b-9c0b-40f1-83de-c77adb4ab7ae?api-version=2021-12-01
  response:
    body:
      string: '{"id":"d6b68e9b-9c0b-40f1-83de-c77adb4ab7ae","name":"d6b68e9b-9c0b-40f1-83de-c77adb4ab7ae","status":"Succeeded","startTime":"2022-02-18T06:56:39.207009Z","endTime":"2022-02-18T06:56:39.207009Z","properties":{"objectType":"OperationStatusJobExtendedInfo","jobId":"0689c1fd-a0f6-4eb6-bd51-5c4212e185e2"}}'
    headers:
      cache-control:
      - no-cache
      content-length:
      - '302'
      content-type:
      - application/json; charset=utf-8
      date:
      - Fri, 18 Feb 2022 06:56:39 GMT
      expires:
      - '-1'
      pragma:
      - no-cache
      server:
      - Kestrel
      strict-transport-security:
      - max-age=31536000; includeSubDomains
      transfer-encoding:
      - chunked
      vary:
      - Accept-Encoding
      x-content-type-options:
      - nosniff
      x-ms-ratelimit-remaining-subscription-resource-requests:
      - '299'
      x-powered-by:
      - ASP.NET
    status:
      code: 200
      message: OK
- request:
    body: null
    headers:
      Accept:
      - application/json
      Accept-Encoding:
      - gzip, deflate
      CommandName:
      - backup protection backup-now
      Connection:
      - keep-alive
      ParameterSetName:
      - -g -v -c -i --retain-until --backup-management-type --query
      User-Agent:
      - AZURECLI/2.33.1 azsdk-python-mgmt-recoveryservicesbackup/4.1.1 Python/3.8.5
        (Windows-10-10.0.22000-SP0)
    method: GET
    uri: https://management.azure.com/subscriptions/00000000-0000-0000-0000-000000000000/resourceGroups/clitest.rg000001/providers/Microsoft.RecoveryServices/vaults/clitest-vault000002/backupJobs/0689c1fd-a0f6-4eb6-bd51-5c4212e185e2?api-version=2021-12-01
  response:
    body:
      string: '{"id":"/subscriptions/00000000-0000-0000-0000-000000000000/resourceGroups/clitest.rg000001/providers/Microsoft.RecoveryServices/vaults/clitest-vault000002/backupJobs/0689c1fd-a0f6-4eb6-bd51-5c4212e185e2","name":"0689c1fd-a0f6-4eb6-bd51-5c4212e185e2","type":"Microsoft.RecoveryServices/vaults/backupJobs","properties":{"jobType":"AzureStorageJob","duration":"PT0.7951955S","storageAccountName":"clitest000003","storageAccountVersion":"MicrosoftStorage","extendedInfo":{"tasksList":[{"taskId":"Take
        Snapshot","status":"InProgress"}],"propertyBag":{"Data Transferred (in MB)":"0","File
        Share Name":"clitest-item000004","Whether job is adhoc or scheduled.":"True"}},"isUserTriggered":false,"entityFriendlyName":"clitest-item000004","backupManagementType":"AzureStorage","operation":"Backup","status":"InProgress","startTime":"2022-02-18T06:56:39.207009Z","activityId":"eb3852d4-9087-11ec-9ae1-c8f750f92764"}}'
    headers:
      cache-control:
      - no-cache
      content-length:
      - '904'
      content-type:
      - application/json; charset=utf-8
      date:
      - Fri, 18 Feb 2022 06:56:40 GMT
      expires:
      - '-1'
      pragma:
      - no-cache
      server:
      - Microsoft-IIS/10.0
      strict-transport-security:
      - max-age=31536000; includeSubDomains
      transfer-encoding:
      - chunked
      vary:
      - Accept-Encoding
      x-content-type-options:
      - nosniff
      x-ms-ratelimit-remaining-subscription-resource-requests:
      - '299'
      x-powered-by:
      - ASP.NET
    status:
      code: 200
      message: OK
- request:
    body: null
    headers:
      Accept:
      - application/json
      Accept-Encoding:
      - gzip, deflate
      CommandName:
      - backup job wait
      Connection:
      - keep-alive
      ParameterSetName:
      - -g -v -n
      User-Agent:
      - AZURECLI/2.33.1 azsdk-python-mgmt-recoveryservicesbackup/4.1.1 Python/3.8.5
        (Windows-10-10.0.22000-SP0)
    method: GET
    uri: https://management.azure.com/subscriptions/00000000-0000-0000-0000-000000000000/resourceGroups/clitest.rg000001/providers/Microsoft.RecoveryServices/vaults/clitest-vault000002/backupJobs/0689c1fd-a0f6-4eb6-bd51-5c4212e185e2?api-version=2021-12-01
  response:
    body:
      string: '{"id":"/subscriptions/00000000-0000-0000-0000-000000000000/resourceGroups/clitest.rg000001/providers/Microsoft.RecoveryServices/vaults/clitest-vault000002/backupJobs/0689c1fd-a0f6-4eb6-bd51-5c4212e185e2","name":"0689c1fd-a0f6-4eb6-bd51-5c4212e185e2","type":"Microsoft.RecoveryServices/vaults/backupJobs","properties":{"jobType":"AzureStorageJob","duration":"PT1.5387711S","storageAccountName":"clitest000003","storageAccountVersion":"MicrosoftStorage","extendedInfo":{"tasksList":[{"taskId":"Take
        Snapshot","status":"InProgress"}],"propertyBag":{"Data Transferred (in MB)":"0","File
        Share Name":"clitest-item000004","Whether job is adhoc or scheduled.":"True"}},"isUserTriggered":false,"entityFriendlyName":"clitest-item000004","backupManagementType":"AzureStorage","operation":"Backup","status":"InProgress","startTime":"2022-02-18T06:56:39.207009Z","activityId":"eb3852d4-9087-11ec-9ae1-c8f750f92764"}}'
    headers:
      cache-control:
      - no-cache
      content-length:
      - '904'
      content-type:
      - application/json; charset=utf-8
      date:
      - Fri, 18 Feb 2022 06:56:40 GMT
      expires:
      - '-1'
      pragma:
      - no-cache
      server:
      - Microsoft-IIS/10.0
      strict-transport-security:
      - max-age=31536000; includeSubDomains
      transfer-encoding:
      - chunked
      vary:
      - Accept-Encoding
      x-content-type-options:
      - nosniff
      x-ms-ratelimit-remaining-subscription-resource-requests:
      - '299'
      x-powered-by:
      - ASP.NET
    status:
      code: 200
      message: OK
- request:
    body: null
    headers:
      Accept:
      - application/json
      Accept-Encoding:
      - gzip, deflate
      CommandName:
      - backup job wait
      Connection:
      - keep-alive
      ParameterSetName:
      - -g -v -n
      User-Agent:
      - AZURECLI/2.33.1 azsdk-python-mgmt-recoveryservicesbackup/4.1.1 Python/3.8.5
        (Windows-10-10.0.22000-SP0)
    method: GET
    uri: https://management.azure.com/subscriptions/00000000-0000-0000-0000-000000000000/resourceGroups/clitest.rg000001/providers/Microsoft.RecoveryServices/vaults/clitest-vault000002/backupJobs/0689c1fd-a0f6-4eb6-bd51-5c4212e185e2?api-version=2021-12-01
  response:
    body:
      string: '{"id":"/subscriptions/00000000-0000-0000-0000-000000000000/resourceGroups/clitest.rg000001/providers/Microsoft.RecoveryServices/vaults/clitest-vault000002/backupJobs/0689c1fd-a0f6-4eb6-bd51-5c4212e185e2","name":"0689c1fd-a0f6-4eb6-bd51-5c4212e185e2","type":"Microsoft.RecoveryServices/vaults/backupJobs","properties":{"jobType":"AzureStorageJob","duration":"PT1.7756796S","storageAccountName":"clitest000003","storageAccountVersion":"MicrosoftStorage","extendedInfo":{"tasksList":[{"taskId":"Take
        Snapshot","status":"InProgress"}],"propertyBag":{"Data Transferred (in MB)":"0","File
        Share Name":"clitest-item000004","Whether job is adhoc or scheduled.":"True"}},"isUserTriggered":false,"entityFriendlyName":"clitest-item000004","backupManagementType":"AzureStorage","operation":"Backup","status":"InProgress","startTime":"2022-02-18T06:56:39.207009Z","activityId":"eb3852d4-9087-11ec-9ae1-c8f750f92764"}}'
    headers:
      cache-control:
      - no-cache
      content-length:
      - '904'
      content-type:
      - application/json; charset=utf-8
      date:
      - Fri, 18 Feb 2022 06:56:40 GMT
      expires:
      - '-1'
      pragma:
      - no-cache
      server:
      - Microsoft-IIS/10.0
      strict-transport-security:
      - max-age=31536000; includeSubDomains
      transfer-encoding:
      - chunked
      vary:
      - Accept-Encoding
      x-content-type-options:
      - nosniff
      x-ms-ratelimit-remaining-subscription-resource-requests:
      - '298'
      x-powered-by:
      - ASP.NET
    status:
      code: 200
      message: OK
- request:
    body: null
    headers:
      Accept:
      - application/json
      Accept-Encoding:
      - gzip, deflate
      CommandName:
      - backup job wait
      Connection:
      - keep-alive
      ParameterSetName:
      - -g -v -n
      User-Agent:
      - AZURECLI/2.33.1 azsdk-python-mgmt-recoveryservicesbackup/4.1.1 Python/3.8.5
        (Windows-10-10.0.22000-SP0)
    method: GET
    uri: https://management.azure.com/subscriptions/00000000-0000-0000-0000-000000000000/resourceGroups/clitest.rg000001/providers/Microsoft.RecoveryServices/vaults/clitest-vault000002/backupJobs/0689c1fd-a0f6-4eb6-bd51-5c4212e185e2?api-version=2021-12-01
  response:
    body:
      string: '{"id":"/subscriptions/00000000-0000-0000-0000-000000000000/resourceGroups/clitest.rg000001/providers/Microsoft.RecoveryServices/vaults/clitest-vault000002/backupJobs/0689c1fd-a0f6-4eb6-bd51-5c4212e185e2","name":"0689c1fd-a0f6-4eb6-bd51-5c4212e185e2","type":"Microsoft.RecoveryServices/vaults/backupJobs","properties":{"jobType":"AzureStorageJob","duration":"PT2.8663372S","storageAccountName":"clitest000003","storageAccountVersion":"MicrosoftStorage","extendedInfo":{"tasksList":[{"taskId":"Take
        Snapshot","status":"Completed"}],"propertyBag":{"Data Transferred (in MB)":"0","File
        Share Name":"clitest-item000004","Whether job is adhoc or scheduled.":"True"}},"isUserTriggered":false,"entityFriendlyName":"clitest-item000004","backupManagementType":"AzureStorage","operation":"Backup","status":"Completed","startTime":"2022-02-18T06:56:39.207009Z","endTime":"2022-02-18T06:56:42.0733462Z","activityId":"eb3852d4-9087-11ec-9ae1-c8f750f92764"}}'
    headers:
      cache-control:
      - no-cache
      content-length:
      - '943'
      content-type:
      - application/json; charset=utf-8
      date:
      - Fri, 18 Feb 2022 06:57:11 GMT
      expires:
      - '-1'
      pragma:
      - no-cache
      server:
      - Microsoft-IIS/10.0
      strict-transport-security:
      - max-age=31536000; includeSubDomains
      transfer-encoding:
      - chunked
      vary:
      - Accept-Encoding
      x-content-type-options:
      - nosniff
      x-ms-ratelimit-remaining-subscription-resource-requests:
      - '297'
      x-powered-by:
      - ASP.NET
    status:
      code: 200
      message: OK
- request:
    body: null
    headers:
      Accept:
      - application/json
      Accept-Encoding:
      - gzip, deflate
      CommandName:
      - backup recoverypoint list
      Connection:
      - keep-alive
      ParameterSetName:
      - -g -v -c -i --backup-management-type --query
      User-Agent:
      - AZURECLI/2.33.1 azsdk-python-mgmt-recoveryservicesbackup/4.1.1 Python/3.8.5
        (Windows-10-10.0.22000-SP0)
    method: GET
    uri: https://management.azure.com/subscriptions/00000000-0000-0000-0000-000000000000/resourceGroups/clitest.rg000001/providers/Microsoft.RecoveryServices/vaults/clitest-vault000002/backupProtectedItems?api-version=2021-12-01&%24filter=backupManagementType+eq+%27AzureStorage%27
  response:
    body:
      string: '{"value":[{"id":"/subscriptions/00000000-0000-0000-0000-000000000000/resourceGroups/clitest.rg000001/providers/Microsoft.RecoveryServices/vaults/clitest-vault000002/backupFabrics/Azure/protectionContainers/StorageContainer;storage;clitest.rg000001;clitest000003/protectedItems/AzureFileShare;7270e9c49d4378ede9636cec97caa0e10674439121e825530b6d6d9a59827238","name":"AzureFileShare;7270e9c49d4378ede9636cec97caa0e10674439121e825530b6d6d9a59827238","type":"Microsoft.RecoveryServices/vaults/backupFabrics/protectionContainers/protectedItems","properties":{"kpisHealths":{"BackupOperationStatusKPI":{"resourceHealthStatus":"Healthy","resourceHealthDetails":[{"code":0,"title":"Success","message":"","recommendations":[]}]}},"friendlyName":"clitest-item000004","protectionStatus":"Healthy","protectionState":"Protected","lastBackupStatus":"Completed","lastBackupTime":"2022-02-18T06:56:39.207009Z","protectedItemType":"AzureFileShareProtectedItem","backupManagementType":"AzureStorage","workloadType":"AzureFileShare","containerName":"StorageContainer;storage;clitest.rg000001;clitest000003","sourceResourceId":"/subscriptions/00000000-0000-0000-0000-000000000000/resourceGroups/clitest.rg000001/providers/Microsoft.storage/storageAccounts/clitest000003","policyId":"/subscriptions/00000000-0000-0000-0000-000000000000/resourceGroups/clitest.rg000001/providers/Microsoft.RecoveryServices/vaults/clitest-vault000002/backupPolicies/clitest-item000005","isArchiveEnabled":false}}]}'
    headers:
      cache-control:
      - no-cache
      content-length:
      - '1474'
      content-type:
      - application/json; charset=utf-8
      date:
      - Fri, 18 Feb 2022 06:57:41 GMT
      expires:
      - '-1'
      pragma:
      - no-cache
      server:
      - Kestrel
      strict-transport-security:
      - max-age=31536000; includeSubDomains
      transfer-encoding:
      - chunked
      vary:
      - Accept-Encoding
      x-content-type-options:
      - nosniff
      x-ms-ratelimit-remaining-subscription-resource-requests:
      - '299'
      x-powered-by:
      - ASP.NET
    status:
      code: 200
      message: OK
- request:
    body: null
    headers:
      Accept:
      - application/json
      Accept-Encoding:
      - gzip, deflate
      CommandName:
      - backup recoverypoint list
      Connection:
      - keep-alive
      ParameterSetName:
      - -g -v -c -i --backup-management-type --query
      User-Agent:
      - AZURECLI/2.33.1 azsdk-python-mgmt-recoveryservicesbackup/4.1.1 Python/3.8.5
        (Windows-10-10.0.22000-SP0)
    method: GET
    uri: https://management.azure.com/subscriptions/00000000-0000-0000-0000-000000000000/resourceGroups/clitest.rg000001/providers/Microsoft.RecoveryServices/vaults/clitest-vault000002/backupFabrics/Azure/protectionContainers/StorageContainer%3Bstorage%3Bclitest.rg000001%3Bclitest000003/protectedItems/AzureFileShare%3B7270e9c49d4378ede9636cec97caa0e10674439121e825530b6d6d9a59827238/recoveryPoints?api-version=2021-12-01
  response:
    body:
      string: '{"value":[{"id":"/subscriptions/00000000-0000-0000-0000-000000000000/resourceGroups/clitest.rg000001/providers/Microsoft.RecoveryServices/vaults/clitest-vault000002/backupFabrics/Azure/protectionContainers/StorageContainer;storage;clitest.rg000001;clitest000003/protectedItems/AzureFileShare;7270e9c49d4378ede9636cec97caa0e10674439121e825530b6d6d9a59827238/recoveryPoints/46304685928302","name":"46304685928302","type":"Microsoft.RecoveryServices/vaults/backupFabrics/protectionContainers/protectedItems/recoveryPoints","properties":{"objectType":"AzureFileShareRecoveryPoint","recoveryPointType":"FileSystemConsistent","recoveryPointTime":"2022-02-18T06:56:40Z","fileShareSnapshotUri":"https://clitest000003.file.core.windows.net/clitest-item000004?sharesnapshot=2022-02-18T06:56:40.0000000Z","recoveryPointSizeInGB":0}}]}'
    headers:
      cache-control:
      - no-cache
      content-length:
      - '823'
      content-type:
      - application/json; charset=utf-8
      date:
      - Fri, 18 Feb 2022 06:57:42 GMT
      expires:
      - '-1'
      pragma:
      - no-cache
      server:
      - Kestrel
      strict-transport-security:
      - max-age=31536000; includeSubDomains
      transfer-encoding:
      - chunked
      vary:
      - Accept-Encoding
      x-content-type-options:
      - nosniff
      x-ms-ratelimit-remaining-subscription-resource-requests:
      - '299'
      x-powered-by:
      - ASP.NET
    status:
      code: 200
      message: OK
- request:
    body: null
    headers:
      Accept:
      - application/json
      Accept-Encoding:
      - gzip, deflate
      CommandName:
      - backup restore restore-azurefileshare
      Connection:
      - keep-alive
      ParameterSetName:
      - -g -v -c -i -r --resolve-conflict --restore-mode --query
      User-Agent:
      - AZURECLI/2.33.1 azsdk-python-mgmt-recoveryservicesbackup/4.1.1 Python/3.8.5
        (Windows-10-10.0.22000-SP0)
    method: GET
    uri: https://management.azure.com/subscriptions/00000000-0000-0000-0000-000000000000/resourceGroups/clitest.rg000001/providers/Microsoft.RecoveryServices/vaults/clitest-vault000002/backupProtectedItems?api-version=2021-12-01&%24filter=backupManagementType+eq+%27AzureStorage%27+and+itemType+eq+%27AzureFileShare%27
  response:
    body:
      string: '{"value":[{"id":"/subscriptions/00000000-0000-0000-0000-000000000000/resourceGroups/clitest.rg000001/providers/Microsoft.RecoveryServices/vaults/clitest-vault000002/backupFabrics/Azure/protectionContainers/StorageContainer;storage;clitest.rg000001;clitest000003/protectedItems/AzureFileShare;7270e9c49d4378ede9636cec97caa0e10674439121e825530b6d6d9a59827238","name":"AzureFileShare;7270e9c49d4378ede9636cec97caa0e10674439121e825530b6d6d9a59827238","type":"Microsoft.RecoveryServices/vaults/backupFabrics/protectionContainers/protectedItems","properties":{"kpisHealths":{"BackupOperationStatusKPI":{"resourceHealthStatus":"Healthy","resourceHealthDetails":[{"code":0,"title":"Success","message":"","recommendations":[]}]}},"friendlyName":"clitest-item000004","protectionStatus":"Healthy","protectionState":"Protected","lastBackupStatus":"Completed","lastBackupTime":"2022-02-18T06:56:39.207009Z","protectedItemType":"AzureFileShareProtectedItem","backupManagementType":"AzureStorage","workloadType":"AzureFileShare","containerName":"StorageContainer;storage;clitest.rg000001;clitest000003","sourceResourceId":"/subscriptions/00000000-0000-0000-0000-000000000000/resourceGroups/clitest.rg000001/providers/Microsoft.storage/storageAccounts/clitest000003","policyId":"/subscriptions/00000000-0000-0000-0000-000000000000/resourceGroups/clitest.rg000001/providers/Microsoft.RecoveryServices/vaults/clitest-vault000002/backupPolicies/clitest-item000005","isArchiveEnabled":false}}]}'
    headers:
      cache-control:
      - no-cache
      content-length:
      - '1474'
      content-type:
      - application/json; charset=utf-8
      date:
      - Fri, 18 Feb 2022 06:57:41 GMT
      expires:
      - '-1'
      pragma:
      - no-cache
      server:
      - Kestrel
      strict-transport-security:
      - max-age=31536000; includeSubDomains
      transfer-encoding:
      - chunked
      vary:
      - Accept-Encoding
      x-content-type-options:
      - nosniff
      x-ms-ratelimit-remaining-subscription-resource-requests:
      - '297'
      x-powered-by:
      - ASP.NET
    status:
      code: 200
      message: OK
- request:
    body: null
    headers:
      Accept:
      - application/json
      Accept-Encoding:
      - gzip, deflate
      CommandName:
      - backup restore restore-azurefileshare
      Connection:
      - keep-alive
      ParameterSetName:
      - -g -v -c -i -r --resolve-conflict --restore-mode --query
      User-Agent:
      - AZURECLI/2.33.1 azsdk-python-azure-mgmt-resource/20.0.0 Python/3.8.5 (Windows-10-10.0.22000-SP0)
    method: GET
    uri: https://management.azure.com/subscriptions/00000000-0000-0000-0000-000000000000/resourcegroups/clitest.rg000001/providers/Microsoft.ClassicStorage/storageAccounts/clitest000003?api-version=2015-12-01
  response:
    body:
      string: '{"error":{"code":"ResourceNotFound","message":"The Resource ''Microsoft.ClassicStorage/storageAccounts/clitest000003''
        under resource group ''clitest.rg000001'' was not found. For more details
        please go to https://aka.ms/ARMResourceNotFoundFix"}}'
    headers:
      cache-control:
      - no-cache
      content-length:
      - '242'
      content-type:
      - application/json; charset=utf-8
      date:
      - Fri, 18 Feb 2022 06:57:42 GMT
      expires:
      - '-1'
      pragma:
      - no-cache
      strict-transport-security:
      - max-age=31536000; includeSubDomains
      x-content-type-options:
      - nosniff
      x-ms-failure-cause:
      - gateway
    status:
      code: 404
      message: Not Found
- request:
    body: null
    headers:
      Accept:
      - application/json
      Accept-Encoding:
      - gzip, deflate
      CommandName:
      - backup restore restore-azurefileshare
      Connection:
      - keep-alive
      ParameterSetName:
      - -g -v -c -i -r --resolve-conflict --restore-mode --query
      User-Agent:
      - AZURECLI/2.33.1 azsdk-python-azure-mgmt-resource/20.0.0 Python/3.8.5 (Windows-10-10.0.22000-SP0)
    method: GET
    uri: https://management.azure.com/subscriptions/00000000-0000-0000-0000-000000000000/resourcegroups/clitest.rg000001/providers/Microsoft.Storage/storageAccounts/clitest000003?api-version=2016-01-01
  response:
    body:
      string: '{"sku":{"name":"Standard_LRS","tier":"Standard"},"kind":"Storage","id":"/subscriptions/00000000-0000-0000-0000-000000000000/resourceGroups/clitest.rg000001/providers/Microsoft.Storage/storageAccounts/clitest000003","name":"clitest000003","type":"Microsoft.Storage/storageAccounts","location":"southeastasia","tags":{},"properties":{"encryption":{"services":{"blob":{"enabled":true,"lastEnabledTime":"2022-02-18T06:55:10.0471129Z"}},"keySource":"Microsoft.Storage"},"provisioningState":"Succeeded","creationTime":"2022-02-18T06:55:09.9377708Z","primaryEndpoints":{"blob":"https://clitest000003.blob.core.windows.net/","queue":"https://clitest000003.queue.core.windows.net/","table":"https://clitest000003.table.core.windows.net/","file":"https://clitest000003.file.core.windows.net/"},"primaryLocation":"southeastasia","statusOfPrimary":"available"}}'
    headers:
      cache-control:
      - no-cache
      content-length:
      - '849'
      content-type:
      - application/json
      date:
      - Fri, 18 Feb 2022 06:57:43 GMT
      expires:
      - '-1'
      pragma:
      - no-cache
      server:
      - Microsoft-Azure-Storage-Resource-Provider/1.0,Microsoft-HTTPAPI/2.0 Microsoft-HTTPAPI/2.0
      strict-transport-security:
      - max-age=31536000; includeSubDomains
      transfer-encoding:
      - chunked
      vary:
      - Accept-Encoding
      x-content-type-options:
      - nosniff
    status:
      code: 200
      message: OK
- request:
    body: '{"properties": {"objectType": "AzureFileShareRestoreRequest", "recoveryType":
      "OriginalLocation", "sourceResourceId": "/subscriptions/00000000-0000-0000-0000-000000000000/resourceGroups/clitest.rg000001/providers/Microsoft.Storage/storageAccounts/clitest000003",
      "copyOptions": "Overwrite", "restoreRequestType": "FullShareRestore"}}'
    headers:
      Accept:
      - application/json
      Accept-Encoding:
      - gzip, deflate
      CommandName:
      - backup restore restore-azurefileshare
      Connection:
      - keep-alive
      Content-Length:
      - '333'
      Content-Type:
      - application/json
      ParameterSetName:
      - -g -v -c -i -r --resolve-conflict --restore-mode --query
      User-Agent:
      - AZURECLI/2.33.1 azsdk-python-mgmt-recoveryservicesbackup/4.1.1 Python/3.8.5
        (Windows-10-10.0.22000-SP0)
    method: POST
    uri: https://management.azure.com/subscriptions/00000000-0000-0000-0000-000000000000/resourceGroups/clitest.rg000001/providers/Microsoft.RecoveryServices/vaults/clitest-vault000002/backupFabrics/Azure/protectionContainers/StorageContainer%3Bstorage%3Bclitest.rg000001%3Bclitest000003/protectedItems/AzureFileShare%3B7270e9c49d4378ede9636cec97caa0e10674439121e825530b6d6d9a59827238/recoveryPoints/46304685928302/restore?api-version=2021-12-01
  response:
    body:
      string: ''
    headers:
      azure-asyncoperation:
      - https://management.azure.com/subscriptions/00000000-0000-0000-0000-000000000000/resourceGroups/clitest.rg000001/providers/Microsoft.RecoveryServices/vaults/clitest-vault000002/backupFabrics/Azure/protectionContainers/StorageContainer;storage;clitest.rg000001;clitest000003/protectedItems/AzureFileShare;7270e9c49d4378ede9636cec97caa0e10674439121e825530b6d6d9a59827238/operationsStatus/88471cba-e8ee-45c3-ac92-80b9179606bd?api-version=2021-12-01
      cache-control:
      - no-cache
      content-length:
      - '0'
      date:
      - Fri, 18 Feb 2022 06:57:43 GMT
      expires:
      - '-1'
      location:
      - https://management.azure.com/subscriptions/00000000-0000-0000-0000-000000000000/resourceGroups/clitest.rg000001/providers/Microsoft.RecoveryServices/vaults/clitest-vault000002/backupFabrics/Azure/protectionContainers/StorageContainer;storage;clitest.rg000001;clitest000003/protectedItems/AzureFileShare;7270e9c49d4378ede9636cec97caa0e10674439121e825530b6d6d9a59827238/operationResults/88471cba-e8ee-45c3-ac92-80b9179606bd?api-version=2021-12-01
      pragma:
      - no-cache
      server:
      - Kestrel
      strict-transport-security:
      - max-age=31536000; includeSubDomains
      x-content-type-options:
      - nosniff
      x-ms-ratelimit-remaining-subscription-writes:
      - '1198'
      x-powered-by:
      - ASP.NET
    status:
      code: 202
      message: Accepted
- request:
    body: null
    headers:
      Accept:
      - application/json
      Accept-Encoding:
      - gzip, deflate
      CommandName:
      - backup restore restore-azurefileshare
      Connection:
      - keep-alive
      ParameterSetName:
      - -g -v -c -i -r --resolve-conflict --restore-mode --query
      User-Agent:
      - AZURECLI/2.33.1 azsdk-python-mgmt-recoveryservicesbackup/4.1.1 Python/3.8.5
        (Windows-10-10.0.22000-SP0)
    method: GET
    uri: https://management.azure.com/subscriptions/00000000-0000-0000-0000-000000000000/resourceGroups/clitest.rg000001/providers/Microsoft.RecoveryServices/vaults/clitest-vault000002/backupOperations/88471cba-e8ee-45c3-ac92-80b9179606bd?api-version=2021-12-01
  response:
    body:
      string: '{"id":"88471cba-e8ee-45c3-ac92-80b9179606bd","name":"88471cba-e8ee-45c3-ac92-80b9179606bd","status":"InProgress","startTime":"2022-02-18T06:57:43.6446206Z","endTime":"0001-01-01T00:00:00"}'
    headers:
      cache-control:
      - no-cache
      content-length:
      - '188'
      content-type:
      - application/json; charset=utf-8
      date:
      - Fri, 18 Feb 2022 06:57:43 GMT
      expires:
      - '-1'
      pragma:
      - no-cache
      server:
      - Kestrel
      strict-transport-security:
      - max-age=31536000; includeSubDomains
      transfer-encoding:
      - chunked
      vary:
      - Accept-Encoding
      x-content-type-options:
      - nosniff
      x-ms-ratelimit-remaining-subscription-resource-requests:
      - '285'
      x-powered-by:
      - ASP.NET
    status:
      code: 200
      message: OK
- request:
    body: null
    headers:
      Accept:
      - application/json
      Accept-Encoding:
      - gzip, deflate
      CommandName:
      - backup restore restore-azurefileshare
      Connection:
      - keep-alive
      ParameterSetName:
      - -g -v -c -i -r --resolve-conflict --restore-mode --query
      User-Agent:
      - AZURECLI/2.33.1 azsdk-python-mgmt-recoveryservicesbackup/4.1.1 Python/3.8.5
        (Windows-10-10.0.22000-SP0)
    method: GET
    uri: https://management.azure.com/subscriptions/00000000-0000-0000-0000-000000000000/resourceGroups/clitest.rg000001/providers/Microsoft.RecoveryServices/vaults/clitest-vault000002/backupOperations/88471cba-e8ee-45c3-ac92-80b9179606bd?api-version=2021-12-01
  response:
    body:
      string: '{"id":"88471cba-e8ee-45c3-ac92-80b9179606bd","name":"88471cba-e8ee-45c3-ac92-80b9179606bd","status":"Succeeded","startTime":"2022-02-18T06:57:43.6446206Z","endTime":"2022-02-18T06:57:43.6446206Z","properties":{"objectType":"OperationStatusJobExtendedInfo","jobId":"88471cba-e8ee-45c3-ac92-80b9179606bd"}}'
    headers:
      cache-control:
      - no-cache
      content-length:
      - '304'
      content-type:
      - application/json; charset=utf-8
      date:
      - Fri, 18 Feb 2022 06:57:48 GMT
      expires:
      - '-1'
      pragma:
      - no-cache
      server:
      - Kestrel
      strict-transport-security:
      - max-age=31536000; includeSubDomains
      transfer-encoding:
      - chunked
      vary:
      - Accept-Encoding
      x-content-type-options:
      - nosniff
      x-ms-ratelimit-remaining-subscription-resource-requests:
      - '284'
      x-powered-by:
      - ASP.NET
    status:
      code: 200
      message: OK
- request:
    body: null
    headers:
      Accept:
      - application/json
      Accept-Encoding:
      - gzip, deflate
      CommandName:
      - backup restore restore-azurefileshare
      Connection:
      - keep-alive
      ParameterSetName:
      - -g -v -c -i -r --resolve-conflict --restore-mode --query
      User-Agent:
      - AZURECLI/2.33.1 azsdk-python-mgmt-recoveryservicesbackup/4.1.1 Python/3.8.5
        (Windows-10-10.0.22000-SP0)
    method: GET
    uri: https://management.azure.com/subscriptions/00000000-0000-0000-0000-000000000000/resourceGroups/clitest.rg000001/providers/Microsoft.RecoveryServices/vaults/clitest-vault000002/backupJobs/88471cba-e8ee-45c3-ac92-80b9179606bd?api-version=2021-12-01
  response:
    body:
      string: '{"id":"/subscriptions/00000000-0000-0000-0000-000000000000/resourceGroups/clitest.rg000001/providers/Microsoft.RecoveryServices/vaults/clitest-vault000002/backupJobs/88471cba-e8ee-45c3-ac92-80b9179606bd","name":"88471cba-e8ee-45c3-ac92-80b9179606bd","type":"Microsoft.RecoveryServices/vaults/backupJobs","properties":{"jobType":"AzureStorageJob","actionsInfo":[1],"duration":"PT6.0431028S","storageAccountName":"clitest000003","storageAccountVersion":"ClassicCompute","extendedInfo":{"tasksList":[],"propertyBag":{"Source
        File Share Name":"clitest-item000004","Source Storage Account Name":"clitest000003","Job
        Type":"Recovering to the original file share","RestoreDestination":"clitest000003/clitest-item000004/","Data
        Transferred (in MB)":"0","Number Of Restored Files":"0","Number Of Skipped
        Files":"0","Number Of Failed Files":"0"}},"isUserTriggered":false,"entityFriendlyName":"clitest-item000004","backupManagementType":"AzureStorage","operation":"Restore","status":"InProgress","startTime":"2022-02-18T06:57:43.6446206Z","activityId":"112bc4b7-9088-11ec-9edf-c8f750f92764"}}'
    headers:
      cache-control:
      - no-cache
      content-length:
      - '1081'
      content-type:
      - application/json; charset=utf-8
      date:
      - Fri, 18 Feb 2022 06:57:49 GMT
      expires:
      - '-1'
      pragma:
      - no-cache
      server:
      - Microsoft-IIS/10.0
      strict-transport-security:
      - max-age=31536000; includeSubDomains
      transfer-encoding:
      - chunked
      vary:
      - Accept-Encoding
      x-content-type-options:
      - nosniff
      x-ms-ratelimit-remaining-subscription-resource-requests:
      - '299'
      x-powered-by:
      - ASP.NET
    status:
      code: 200
      message: OK
- request:
    body: null
    headers:
      Accept:
      - application/json
      Accept-Encoding:
      - gzip, deflate
      CommandName:
      - backup job wait
      Connection:
      - keep-alive
      ParameterSetName:
      - -g -v -n
      User-Agent:
      - AZURECLI/2.33.1 azsdk-python-mgmt-recoveryservicesbackup/4.1.1 Python/3.8.5
        (Windows-10-10.0.22000-SP0)
    method: GET
    uri: https://management.azure.com/subscriptions/00000000-0000-0000-0000-000000000000/resourceGroups/clitest.rg000001/providers/Microsoft.RecoveryServices/vaults/clitest-vault000002/backupJobs/88471cba-e8ee-45c3-ac92-80b9179606bd?api-version=2021-12-01
  response:
    body:
      string: '{"id":"/subscriptions/00000000-0000-0000-0000-000000000000/resourceGroups/clitest.rg000001/providers/Microsoft.RecoveryServices/vaults/clitest-vault000002/backupJobs/88471cba-e8ee-45c3-ac92-80b9179606bd","name":"88471cba-e8ee-45c3-ac92-80b9179606bd","type":"Microsoft.RecoveryServices/vaults/backupJobs","properties":{"jobType":"AzureStorageJob","actionsInfo":[1],"duration":"PT6.3966461S","storageAccountName":"clitest000003","storageAccountVersion":"ClassicCompute","extendedInfo":{"tasksList":[],"propertyBag":{"Source
        File Share Name":"clitest-item000004","Source Storage Account Name":"clitest000003","Job
        Type":"Recovering to the original file share","RestoreDestination":"clitest000003/clitest-item000004/","Data
        Transferred (in MB)":"0","Number Of Restored Files":"0","Number Of Skipped
        Files":"0","Number Of Failed Files":"0"}},"isUserTriggered":false,"entityFriendlyName":"clitest-item000004","backupManagementType":"AzureStorage","operation":"Restore","status":"InProgress","startTime":"2022-02-18T06:57:43.6446206Z","activityId":"112bc4b7-9088-11ec-9edf-c8f750f92764"}}'
    headers:
      cache-control:
      - no-cache
      content-length:
      - '1081'
      content-type:
      - application/json; charset=utf-8
      date:
      - Fri, 18 Feb 2022 06:57:49 GMT
      expires:
      - '-1'
      pragma:
      - no-cache
      server:
      - Microsoft-IIS/10.0
      strict-transport-security:
      - max-age=31536000; includeSubDomains
      transfer-encoding:
      - chunked
      vary:
      - Accept-Encoding
      x-content-type-options:
      - nosniff
      x-ms-ratelimit-remaining-subscription-resource-requests:
      - '299'
      x-powered-by:
      - ASP.NET
    status:
      code: 200
      message: OK
- request:
    body: null
    headers:
      Accept:
      - application/json
      Accept-Encoding:
      - gzip, deflate
      CommandName:
      - backup job wait
      Connection:
      - keep-alive
      ParameterSetName:
      - -g -v -n
      User-Agent:
      - AZURECLI/2.33.1 azsdk-python-mgmt-recoveryservicesbackup/4.1.1 Python/3.8.5
        (Windows-10-10.0.22000-SP0)
    method: GET
    uri: https://management.azure.com/subscriptions/00000000-0000-0000-0000-000000000000/resourceGroups/clitest.rg000001/providers/Microsoft.RecoveryServices/vaults/clitest-vault000002/backupJobs/88471cba-e8ee-45c3-ac92-80b9179606bd?api-version=2021-12-01
  response:
    body:
      string: '{"id":"/subscriptions/00000000-0000-0000-0000-000000000000/resourceGroups/clitest.rg000001/providers/Microsoft.RecoveryServices/vaults/clitest-vault000002/backupJobs/88471cba-e8ee-45c3-ac92-80b9179606bd","name":"88471cba-e8ee-45c3-ac92-80b9179606bd","type":"Microsoft.RecoveryServices/vaults/backupJobs","properties":{"jobType":"AzureStorageJob","actionsInfo":[1],"duration":"PT6.6226026S","storageAccountName":"clitest000003","storageAccountVersion":"ClassicCompute","extendedInfo":{"tasksList":[],"propertyBag":{"Source
        File Share Name":"clitest-item000004","Source Storage Account Name":"clitest000003","Job
        Type":"Recovering to the original file share","RestoreDestination":"clitest000003/clitest-item000004/","Data
        Transferred (in MB)":"0","Number Of Restored Files":"0","Number Of Skipped
        Files":"0","Number Of Failed Files":"0"}},"isUserTriggered":false,"entityFriendlyName":"clitest-item000004","backupManagementType":"AzureStorage","operation":"Restore","status":"InProgress","startTime":"2022-02-18T06:57:43.6446206Z","activityId":"112bc4b7-9088-11ec-9edf-c8f750f92764"}}'
    headers:
      cache-control:
      - no-cache
      content-length:
      - '1081'
      content-type:
      - application/json; charset=utf-8
      date:
      - Fri, 18 Feb 2022 06:57:49 GMT
      expires:
      - '-1'
      pragma:
      - no-cache
      server:
      - Microsoft-IIS/10.0
      strict-transport-security:
      - max-age=31536000; includeSubDomains
      transfer-encoding:
      - chunked
      vary:
      - Accept-Encoding
      x-content-type-options:
      - nosniff
      x-ms-ratelimit-remaining-subscription-resource-requests:
      - '298'
      x-powered-by:
      - ASP.NET
    status:
      code: 200
      message: OK
- request:
    body: null
    headers:
      Accept:
      - application/json
      Accept-Encoding:
      - gzip, deflate
      CommandName:
      - backup job wait
      Connection:
      - keep-alive
      ParameterSetName:
      - -g -v -n
      User-Agent:
      - AZURECLI/2.33.1 azsdk-python-mgmt-recoveryservicesbackup/4.1.1 Python/3.8.5
        (Windows-10-10.0.22000-SP0)
    method: GET
    uri: https://management.azure.com/subscriptions/00000000-0000-0000-0000-000000000000/resourceGroups/clitest.rg000001/providers/Microsoft.RecoveryServices/vaults/clitest-vault000002/backupJobs/88471cba-e8ee-45c3-ac92-80b9179606bd?api-version=2021-12-01
  response:
    body:
      string: '{"id":"/subscriptions/00000000-0000-0000-0000-000000000000/resourceGroups/clitest.rg000001/providers/Microsoft.RecoveryServices/vaults/clitest-vault000002/backupJobs/88471cba-e8ee-45c3-ac92-80b9179606bd","name":"88471cba-e8ee-45c3-ac92-80b9179606bd","type":"Microsoft.RecoveryServices/vaults/backupJobs","properties":{"jobType":"AzureStorageJob","actionsInfo":[1],"duration":"PT32.8641496S","storageAccountName":"clitest000003","storageAccountVersion":"ClassicCompute","extendedInfo":{"tasksList":[],"propertyBag":{"Source
        File Share Name":"clitest-item000004","Source Storage Account Name":"clitest000003","RestoreRecoveryPointTime":"2/18/2022
        6:56:41 AM","Job Type":"Recovering to the original file share","RestoreDestination":"clitest000003/clitest-item000004/","Data
        Transferred (in MB)":"0","Number Of Restored Files":"0","Number Of Skipped
        Files":"0","Number Of Failed Files":"0"}},"isUserTriggered":false,"entityFriendlyName":"clitest-item000004","backupManagementType":"AzureStorage","operation":"Restore","status":"Completed","startTime":"2022-02-18T06:57:43.6446206Z","endTime":"2022-02-18T06:58:16.5087702Z","activityId":"112bc4b7-9088-11ec-9edf-c8f750f92764"}}'
    headers:
      cache-control:
      - no-cache
      content-length:
      - '1172'
      content-type:
      - application/json; charset=utf-8
      date:
      - Fri, 18 Feb 2022 06:58:19 GMT
      expires:
      - '-1'
      pragma:
      - no-cache
      server:
      - Microsoft-IIS/10.0
      strict-transport-security:
      - max-age=31536000; includeSubDomains
      transfer-encoding:
      - chunked
      vary:
      - Accept-Encoding
      x-content-type-options:
      - nosniff
      x-ms-ratelimit-remaining-subscription-resource-requests:
      - '296'
      x-powered-by:
      - ASP.NET
    status:
      code: 200
      message: OK
- request:
    body: null
    headers:
      Accept:
      - application/json
      Accept-Encoding:
      - gzip, deflate
      CommandName:
      - backup protection disable
      Connection:
      - keep-alive
      ParameterSetName:
      - -g -v -c -i --backup-management-type --delete-backup-data --yes
      User-Agent:
      - AZURECLI/2.33.1 azsdk-python-mgmt-recoveryservicesbackup/4.1.1 Python/3.8.5
        (Windows-10-10.0.22000-SP0)
    method: GET
    uri: https://management.azure.com/subscriptions/00000000-0000-0000-0000-000000000000/resourceGroups/clitest.rg000001/providers/Microsoft.RecoveryServices/vaults/clitest-vault000002/backupProtectedItems?api-version=2021-12-01&%24filter=backupManagementType+eq+%27AzureStorage%27
  response:
    body:
      string: '{"value":[{"id":"/subscriptions/00000000-0000-0000-0000-000000000000/resourceGroups/clitest.rg000001/providers/Microsoft.RecoveryServices/vaults/clitest-vault000002/backupFabrics/Azure/protectionContainers/StorageContainer;storage;clitest.rg000001;clitest000003/protectedItems/AzureFileShare;7270e9c49d4378ede9636cec97caa0e10674439121e825530b6d6d9a59827238","name":"AzureFileShare;7270e9c49d4378ede9636cec97caa0e10674439121e825530b6d6d9a59827238","type":"Microsoft.RecoveryServices/vaults/backupFabrics/protectionContainers/protectedItems","properties":{"kpisHealths":{"BackupOperationStatusKPI":{"resourceHealthStatus":"Healthy","resourceHealthDetails":[{"code":0,"title":"Success","message":"","recommendations":[]}]},"RestoreOperationStatusKPI":{"resourceHealthStatus":"Healthy","resourceHealthDetails":[{"code":0,"title":"Success","message":"","recommendations":[]}]}},"friendlyName":"clitest-item000004","protectionStatus":"Healthy","protectionState":"Protected","lastBackupStatus":"Completed","lastBackupTime":"2022-02-18T06:56:39.207009Z","protectedItemType":"AzureFileShareProtectedItem","backupManagementType":"AzureStorage","workloadType":"AzureFileShare","containerName":"StorageContainer;storage;clitest.rg000001;clitest000003","sourceResourceId":"/subscriptions/00000000-0000-0000-0000-000000000000/resourceGroups/clitest.rg000001/providers/Microsoft.storage/storageAccounts/clitest000003","policyId":"/subscriptions/00000000-0000-0000-0000-000000000000/resourceGroups/clitest.rg000001/providers/Microsoft.RecoveryServices/vaults/clitest-vault000002/backupPolicies/clitest-item000005","isArchiveEnabled":false}}]}'
    headers:
      cache-control:
      - no-cache
      content-length:
      - '1626'
      content-type:
      - application/json; charset=utf-8
      date:
      - Fri, 18 Feb 2022 06:58:50 GMT
      expires:
      - '-1'
      pragma:
      - no-cache
      server:
      - Kestrel
      strict-transport-security:
      - max-age=31536000; includeSubDomains
      transfer-encoding:
      - chunked
      vary:
      - Accept-Encoding
      x-content-type-options:
      - nosniff
      x-ms-ratelimit-remaining-subscription-resource-requests:
      - '298'
      x-powered-by:
      - ASP.NET
    status:
      code: 200
      message: OK
- request:
    body: null
    headers:
      Accept:
      - application/json
      Accept-Encoding:
      - gzip, deflate
      CommandName:
      - backup protection disable
      Connection:
      - keep-alive
      Content-Length:
      - '0'
      ParameterSetName:
      - -g -v -c -i --backup-management-type --delete-backup-data --yes
      User-Agent:
      - AZURECLI/2.33.1 azsdk-python-mgmt-recoveryservicesbackup/4.1.1 Python/3.8.5
        (Windows-10-10.0.22000-SP0)
    method: DELETE
    uri: https://management.azure.com/subscriptions/00000000-0000-0000-0000-000000000000/resourceGroups/clitest.rg000001/providers/Microsoft.RecoveryServices/vaults/clitest-vault000002/backupFabrics/Azure/protectionContainers/StorageContainer%3Bstorage%3Bclitest.rg000001%3Bclitest000003/protectedItems/AzureFileShare%3B7270e9c49d4378ede9636cec97caa0e10674439121e825530b6d6d9a59827238?api-version=2021-12-01
  response:
    body:
      string: ''
    headers:
      azure-asyncoperation:
      - https://management.azure.com/subscriptions/00000000-0000-0000-0000-000000000000/resourceGroups/clitest.rg000001/providers/Microsoft.RecoveryServices/vaults/clitest-vault000002/backupOperations/02c4729c-abf2-465a-84be-b20b75fa2f2a?api-version=2021-12-01
      cache-control:
      - no-cache
      content-length:
      - '0'
      date:
      - Fri, 18 Feb 2022 06:58:51 GMT
      expires:
      - '-1'
      location:
      - https://management.azure.com/subscriptions/00000000-0000-0000-0000-000000000000/resourceGroups/clitest.rg000001/providers/Microsoft.RecoveryServices/vaults/clitest-vault000002/backupOperationResults/02c4729c-abf2-465a-84be-b20b75fa2f2a?api-version=2021-12-01
      pragma:
      - no-cache
      server:
      - Kestrel
      strict-transport-security:
      - max-age=31536000; includeSubDomains
      x-content-type-options:
      - nosniff
      x-ms-ratelimit-remaining-subscription-deletes:
      - '14998'
      x-powered-by:
      - ASP.NET
    status:
      code: 202
      message: Accepted
- request:
    body: null
    headers:
      Accept:
      - application/json
      Accept-Encoding:
      - gzip, deflate
      CommandName:
      - backup protection disable
      Connection:
      - keep-alive
      ParameterSetName:
      - -g -v -c -i --backup-management-type --delete-backup-data --yes
      User-Agent:
      - AZURECLI/2.33.1 azsdk-python-mgmt-recoveryservicesbackup/4.1.1 Python/3.8.5
        (Windows-10-10.0.22000-SP0)
    method: GET
    uri: https://management.azure.com/subscriptions/00000000-0000-0000-0000-000000000000/resourceGroups/clitest.rg000001/providers/Microsoft.RecoveryServices/vaults/clitest-vault000002/backupOperations/02c4729c-abf2-465a-84be-b20b75fa2f2a?api-version=2021-12-01
  response:
    body:
      string: '{"id":"02c4729c-abf2-465a-84be-b20b75fa2f2a","name":"02c4729c-abf2-465a-84be-b20b75fa2f2a","status":"InProgress","startTime":"2022-02-18T06:58:51.7311122Z","endTime":"0001-01-01T00:00:00"}'
    headers:
      cache-control:
      - no-cache
      content-length:
      - '188'
      content-type:
      - application/json; charset=utf-8
      date:
      - Fri, 18 Feb 2022 06:58:51 GMT
      expires:
      - '-1'
      pragma:
      - no-cache
      server:
      - Kestrel
      strict-transport-security:
      - max-age=31536000; includeSubDomains
      transfer-encoding:
      - chunked
      vary:
      - Accept-Encoding
      x-content-type-options:
      - nosniff
      x-ms-ratelimit-remaining-subscription-resource-requests:
      - '290'
      x-powered-by:
      - ASP.NET
    status:
      code: 200
      message: OK
- request:
    body: null
    headers:
      Accept:
      - application/json
      Accept-Encoding:
      - gzip, deflate
      CommandName:
      - backup protection disable
      Connection:
      - keep-alive
      ParameterSetName:
      - -g -v -c -i --backup-management-type --delete-backup-data --yes
      User-Agent:
      - AZURECLI/2.33.1 azsdk-python-mgmt-recoveryservicesbackup/4.1.1 Python/3.8.5
        (Windows-10-10.0.22000-SP0)
    method: GET
    uri: https://management.azure.com/subscriptions/00000000-0000-0000-0000-000000000000/resourceGroups/clitest.rg000001/providers/Microsoft.RecoveryServices/vaults/clitest-vault000002/backupOperations/02c4729c-abf2-465a-84be-b20b75fa2f2a?api-version=2021-12-01
  response:
    body:
      string: '{"id":"02c4729c-abf2-465a-84be-b20b75fa2f2a","name":"02c4729c-abf2-465a-84be-b20b75fa2f2a","status":"InProgress","startTime":"2022-02-18T06:58:51.7311122Z","endTime":"0001-01-01T00:00:00"}'
    headers:
      cache-control:
      - no-cache
      content-length:
      - '188'
      content-type:
      - application/json; charset=utf-8
      date:
      - Fri, 18 Feb 2022 06:58:57 GMT
      expires:
      - '-1'
      pragma:
      - no-cache
      server:
      - Kestrel
      strict-transport-security:
      - max-age=31536000; includeSubDomains
      transfer-encoding:
      - chunked
      vary:
      - Accept-Encoding
      x-content-type-options:
      - nosniff
      x-ms-ratelimit-remaining-subscription-resource-requests:
      - '289'
      x-powered-by:
      - ASP.NET
    status:
      code: 200
      message: OK
- request:
    body: null
    headers:
      Accept:
      - application/json
      Accept-Encoding:
      - gzip, deflate
      CommandName:
      - backup protection disable
      Connection:
      - keep-alive
      ParameterSetName:
      - -g -v -c -i --backup-management-type --delete-backup-data --yes
      User-Agent:
      - AZURECLI/2.33.1 azsdk-python-mgmt-recoveryservicesbackup/4.1.1 Python/3.8.5
        (Windows-10-10.0.22000-SP0)
    method: GET
    uri: https://management.azure.com/subscriptions/00000000-0000-0000-0000-000000000000/resourceGroups/clitest.rg000001/providers/Microsoft.RecoveryServices/vaults/clitest-vault000002/backupOperations/02c4729c-abf2-465a-84be-b20b75fa2f2a?api-version=2021-12-01
  response:
    body:
      string: '{"id":"02c4729c-abf2-465a-84be-b20b75fa2f2a","name":"02c4729c-abf2-465a-84be-b20b75fa2f2a","status":"InProgress","startTime":"2022-02-18T06:58:51.7311122Z","endTime":"0001-01-01T00:00:00"}'
    headers:
      cache-control:
      - no-cache
      content-length:
      - '188'
      content-type:
      - application/json; charset=utf-8
      date:
      - Fri, 18 Feb 2022 06:59:02 GMT
      expires:
      - '-1'
      pragma:
      - no-cache
      server:
      - Kestrel
      strict-transport-security:
      - max-age=31536000; includeSubDomains
      transfer-encoding:
      - chunked
      vary:
      - Accept-Encoding
      x-content-type-options:
      - nosniff
      x-ms-ratelimit-remaining-subscription-resource-requests:
      - '288'
      x-powered-by:
      - ASP.NET
    status:
      code: 200
      message: OK
- request:
    body: null
    headers:
      Accept:
      - application/json
      Accept-Encoding:
      - gzip, deflate
      CommandName:
      - backup protection disable
      Connection:
      - keep-alive
      ParameterSetName:
      - -g -v -c -i --backup-management-type --delete-backup-data --yes
      User-Agent:
      - AZURECLI/2.33.1 azsdk-python-mgmt-recoveryservicesbackup/4.1.1 Python/3.8.5
        (Windows-10-10.0.22000-SP0)
    method: GET
    uri: https://management.azure.com/subscriptions/00000000-0000-0000-0000-000000000000/resourceGroups/clitest.rg000001/providers/Microsoft.RecoveryServices/vaults/clitest-vault000002/backupOperations/02c4729c-abf2-465a-84be-b20b75fa2f2a?api-version=2021-12-01
  response:
    body:
      string: '{"id":"02c4729c-abf2-465a-84be-b20b75fa2f2a","name":"02c4729c-abf2-465a-84be-b20b75fa2f2a","status":"InProgress","startTime":"2022-02-18T06:58:51.7311122Z","endTime":"0001-01-01T00:00:00"}'
    headers:
      cache-control:
      - no-cache
      content-length:
      - '188'
      content-type:
      - application/json; charset=utf-8
      date:
      - Fri, 18 Feb 2022 06:59:07 GMT
      expires:
      - '-1'
      pragma:
      - no-cache
      server:
      - Kestrel
      strict-transport-security:
      - max-age=31536000; includeSubDomains
      transfer-encoding:
      - chunked
      vary:
      - Accept-Encoding
      x-content-type-options:
      - nosniff
      x-ms-ratelimit-remaining-subscription-resource-requests:
      - '287'
      x-powered-by:
      - ASP.NET
    status:
      code: 200
      message: OK
- request:
    body: null
    headers:
      Accept:
      - application/json
      Accept-Encoding:
      - gzip, deflate
      CommandName:
      - backup protection disable
      Connection:
      - keep-alive
      ParameterSetName:
      - -g -v -c -i --backup-management-type --delete-backup-data --yes
      User-Agent:
      - AZURECLI/2.33.1 azsdk-python-mgmt-recoveryservicesbackup/4.1.1 Python/3.8.5
        (Windows-10-10.0.22000-SP0)
    method: GET
    uri: https://management.azure.com/subscriptions/00000000-0000-0000-0000-000000000000/resourceGroups/clitest.rg000001/providers/Microsoft.RecoveryServices/vaults/clitest-vault000002/backupOperations/02c4729c-abf2-465a-84be-b20b75fa2f2a?api-version=2021-12-01
  response:
    body:
      string: '{"id":"02c4729c-abf2-465a-84be-b20b75fa2f2a","name":"02c4729c-abf2-465a-84be-b20b75fa2f2a","status":"InProgress","startTime":"2022-02-18T06:58:51.7311122Z","endTime":"0001-01-01T00:00:00"}'
    headers:
      cache-control:
      - no-cache
      content-length:
      - '188'
      content-type:
      - application/json; charset=utf-8
      date:
      - Fri, 18 Feb 2022 06:59:12 GMT
      expires:
      - '-1'
      pragma:
      - no-cache
      server:
      - Kestrel
      strict-transport-security:
      - max-age=31536000; includeSubDomains
      transfer-encoding:
      - chunked
      vary:
      - Accept-Encoding
      x-content-type-options:
      - nosniff
      x-ms-ratelimit-remaining-subscription-resource-requests:
      - '286'
      x-powered-by:
      - ASP.NET
    status:
      code: 200
      message: OK
- request:
    body: null
    headers:
      Accept:
      - application/json
      Accept-Encoding:
      - gzip, deflate
      CommandName:
      - backup protection disable
      Connection:
      - keep-alive
      ParameterSetName:
      - -g -v -c -i --backup-management-type --delete-backup-data --yes
      User-Agent:
      - AZURECLI/2.33.1 azsdk-python-mgmt-recoveryservicesbackup/4.1.1 Python/3.8.5
        (Windows-10-10.0.22000-SP0)
    method: GET
    uri: https://management.azure.com/subscriptions/00000000-0000-0000-0000-000000000000/resourceGroups/clitest.rg000001/providers/Microsoft.RecoveryServices/vaults/clitest-vault000002/backupOperations/02c4729c-abf2-465a-84be-b20b75fa2f2a?api-version=2021-12-01
  response:
    body:
      string: '{"id":"02c4729c-abf2-465a-84be-b20b75fa2f2a","name":"02c4729c-abf2-465a-84be-b20b75fa2f2a","status":"Succeeded","startTime":"2022-02-18T06:58:51.7311122Z","endTime":"2022-02-18T06:58:51.7311122Z","properties":{"objectType":"OperationStatusJobExtendedInfo","jobId":"7d759ec8-ce31-4d17-9a6b-28abde687a76"}}'
    headers:
      cache-control:
      - no-cache
      content-length:
      - '304'
      content-type:
      - application/json; charset=utf-8
      date:
      - Fri, 18 Feb 2022 06:59:17 GMT
      expires:
      - '-1'
      pragma:
      - no-cache
      server:
      - Kestrel
      strict-transport-security:
      - max-age=31536000; includeSubDomains
      transfer-encoding:
      - chunked
      vary:
      - Accept-Encoding
      x-content-type-options:
      - nosniff
      x-ms-ratelimit-remaining-subscription-resource-requests:
      - '285'
      x-powered-by:
      - ASP.NET
    status:
      code: 200
      message: OK
- request:
    body: null
    headers:
      Accept:
      - application/json
      Accept-Encoding:
      - gzip, deflate
      CommandName:
      - backup protection disable
      Connection:
      - keep-alive
      ParameterSetName:
      - -g -v -c -i --backup-management-type --delete-backup-data --yes
      User-Agent:
      - AZURECLI/2.33.1 azsdk-python-mgmt-recoveryservicesbackup/4.1.1 Python/3.8.5
        (Windows-10-10.0.22000-SP0)
    method: GET
    uri: https://management.azure.com/subscriptions/00000000-0000-0000-0000-000000000000/resourceGroups/clitest.rg000001/providers/Microsoft.RecoveryServices/vaults/clitest-vault000002/backupJobs/7d759ec8-ce31-4d17-9a6b-28abde687a76?api-version=2021-12-01
  response:
    body:
      string: '{"id":"/subscriptions/00000000-0000-0000-0000-000000000000/resourceGroups/clitest.rg000001/providers/Microsoft.RecoveryServices/vaults/clitest-vault000002/backupJobs/7d759ec8-ce31-4d17-9a6b-28abde687a76","name":"7d759ec8-ce31-4d17-9a6b-28abde687a76","type":"Microsoft.RecoveryServices/vaults/backupJobs","properties":{"jobType":"AzureStorageJob","duration":"PT21.3758763S","storageAccountName":"clitest000003","storageAccountVersion":"Storage","extendedInfo":{"tasksList":[],"propertyBag":{"File
        Share Name":"clitest-item000004","Storage Account Name":"clitest000003"}},"isUserTriggered":false,"entityFriendlyName":"clitest-item000004","backupManagementType":"AzureStorage","operation":"DeleteBackupData","status":"Completed","startTime":"2022-02-18T06:58:51.7311122Z","endTime":"2022-02-18T06:59:13.1069885Z","activityId":"3a09f5de-9088-11ec-b92e-c8f750f92764"}}'
    headers:
      cache-control:
      - no-cache
      content-length:
      - '863'
      content-type:
      - application/json; charset=utf-8
      date:
      - Fri, 18 Feb 2022 06:59:18 GMT
      expires:
      - '-1'
      pragma:
      - no-cache
      server:
      - Microsoft-IIS/10.0
      strict-transport-security:
      - max-age=31536000; includeSubDomains
      transfer-encoding:
      - chunked
      vary:
      - Accept-Encoding
      x-content-type-options:
      - nosniff
      x-ms-ratelimit-remaining-subscription-resource-requests:
      - '297'
      x-powered-by:
      - ASP.NET
    status:
      code: 200
      message: OK
- request:
    body: null
    headers:
      Accept:
      - application/json
      Accept-Encoding:
      - gzip, deflate
      CommandName:
      - backup container unregister
      Connection:
      - keep-alive
      ParameterSetName:
      - -g -v -c --yes --backup-management-type
      User-Agent:
      - AZURECLI/2.33.1 azsdk-python-mgmt-recoveryservicesbackup/4.1.1 Python/3.8.5
        (Windows-10-10.0.22000-SP0)
    method: GET
    uri: https://management.azure.com/subscriptions/00000000-0000-0000-0000-000000000000/resourceGroups/clitest.rg000001/providers/Microsoft.RecoveryServices/vaults/clitest-vault000002/backupProtectionContainers?api-version=2021-12-01&%24filter=backupManagementType+eq+%27AzureStorage%27+and+friendlyName+eq+%27clitest000003%27+and+status+eq+%27Registered%27
  response:
    body:
      string: '{"value":[{"id":"/subscriptions/00000000-0000-0000-0000-000000000000/resourceGroups/clitest.rg000001/providers/Microsoft.RecoveryServices/vaults/clitest-vault000002/backupFabrics/Azure/protectionContainers/StorageContainer;Storage;clitest.rg000001;clitest000003","name":"StorageContainer;Storage;clitest.rg000001;clitest000003","type":"Microsoft.RecoveryServices/vaults/backupFabrics/protectionContainers","properties":{"sourceResourceId":"/subscriptions/00000000-0000-0000-0000-000000000000/resourceGroups/clitest.rg000001/providers/Microsoft.Storage/storageAccounts/clitest000003","protectedItemCount":0,"acquireStorageAccountLock":"Acquire","friendlyName":"clitest000003","backupManagementType":"AzureStorage","registrationStatus":"Registered","healthStatus":"Healthy","containerType":"StorageContainer","protectableObjectType":"StorageContainer"}}]}'
    headers:
      cache-control:
      - no-cache
      content-length:
      - '853'
      content-type:
      - application/json; charset=utf-8
      date:
      - Fri, 18 Feb 2022 06:59:18 GMT
      expires:
      - '-1'
      pragma:
      - no-cache
      server:
      - Kestrel
      strict-transport-security:
      - max-age=31536000; includeSubDomains
      transfer-encoding:
      - chunked
      vary:
      - Accept-Encoding
      x-content-type-options:
      - nosniff
      x-ms-ratelimit-remaining-subscription-resource-requests:
      - '299'
      x-powered-by:
      - ASP.NET
    status:
      code: 200
      message: OK
- request:
    body: null
    headers:
      Accept:
      - application/json
      Accept-Encoding:
      - gzip, deflate
      CommandName:
      - backup container unregister
      Connection:
      - keep-alive
      Content-Length:
      - '0'
      ParameterSetName:
      - -g -v -c --yes --backup-management-type
      User-Agent:
      - AZURECLI/2.33.1 azsdk-python-mgmt-recoveryservicesbackup/4.1.1 Python/3.8.5
        (Windows-10-10.0.22000-SP0)
    method: DELETE
    uri: https://management.azure.com/subscriptions/00000000-0000-0000-0000-000000000000/resourceGroups/clitest.rg000001/providers/Microsoft.RecoveryServices/vaults/clitest-vault000002/backupFabrics/Azure/protectionContainers/StorageContainer%3BStorage%3Bclitest.rg000001%3Bclitest000003?api-version=2021-12-01
  response:
    body:
      string: ''
    headers:
      azure-asyncoperation:
      - https://management.azure.com/subscriptions/00000000-0000-0000-0000-000000000000/resourceGroups/clitest.rg000001/providers/Microsoft.RecoveryServices/vaults/clitest-vault000002/backupFabrics/Azure/operationsStatus/a70be38f-f0fe-4e58-b22c-beaaadc975e5?api-version=2019-05-13-preview
      cache-control:
      - no-cache
      content-length:
      - '0'
      date:
      - Fri, 18 Feb 2022 06:59:18 GMT
      expires:
      - '-1'
      location:
      - https://management.azure.com/subscriptions/00000000-0000-0000-0000-000000000000/resourceGroups/clitest.rg000001/providers/Microsoft.RecoveryServices/vaults/clitest-vault000002/backupOperationResults/a70be38f-f0fe-4e58-b22c-beaaadc975e5?fabricName=Azure?api-version=2021-12-01
      pragma:
      - no-cache
      server:
      - Kestrel
      strict-transport-security:
      - max-age=31536000; includeSubDomains
      x-content-type-options:
      - nosniff
      x-ms-ratelimit-remaining-subscription-deletes:
      - '14999'
      x-powered-by:
      - ASP.NET
    status:
      code: 202
      message: Accepted
- request:
    body: null
    headers:
      Accept:
      - application/json
      Accept-Encoding:
      - gzip, deflate
      CommandName:
      - backup container unregister
      Connection:
      - keep-alive
      ParameterSetName:
      - -g -v -c --yes --backup-management-type
      User-Agent:
      - AZURECLI/2.33.1 azsdk-python-mgmt-recoveryservicesbackup/4.1.1 Python/3.8.5
        (Windows-10-10.0.22000-SP0)
    method: GET
    uri: https://management.azure.com/subscriptions/00000000-0000-0000-0000-000000000000/resourceGroups/clitest.rg000001/providers/Microsoft.RecoveryServices/vaults/clitest-vault000002/backupFabrics/Azure/protectionContainers/StorageContainer%3BStorage%3Bclitest.rg000001%3Bclitest000003/operationResults/a70be38f-f0fe-4e58-b22c-beaaadc975e5?api-version=2021-12-01
  response:
    body:
      string: '{}'
    headers:
      azure-asyncoperation:
      - https://management.azure.com/subscriptions/00000000-0000-0000-0000-000000000000/resourceGroups/clitest.rg000001/providers/Microsoft.RecoveryServices/vaults/clitest-vault000002/backupFabrics/Azure/protectionContainers/StorageContainer;Storage;clitest.rg000001;clitest000003/operationsStatus/a70be38f-f0fe-4e58-b22c-beaaadc975e5?api-version=2019-05-13-preview
      cache-control:
      - no-cache
      content-length:
      - '2'
      content-type:
      - application/json; charset=utf-8
      date:
      - Fri, 18 Feb 2022 06:59:19 GMT
      expires:
      - '-1'
      location:
      - https://management.azure.com/subscriptions/00000000-0000-0000-0000-000000000000/resourceGroups/clitest.rg000001/providers/Microsoft.RecoveryServices/vaults/clitest-vault000002/backupFabrics/Azure/protectionContainers/StorageContainer;Storage;clitest.rg000001;clitest000003/operationResults/a70be38f-f0fe-4e58-b22c-beaaadc975e5?api-version=2021-12-01
      pragma:
      - no-cache
      server:
      - Kestrel
      strict-transport-security:
      - max-age=31536000; includeSubDomains
      x-content-type-options:
      - nosniff
      x-ms-ratelimit-remaining-subscription-resource-requests:
      - '299'
      x-powered-by:
      - ASP.NET
    status:
      code: 202
      message: Accepted
- request:
    body: null
    headers:
      Accept:
      - application/json
      Accept-Encoding:
      - gzip, deflate
      CommandName:
      - backup container unregister
      Connection:
      - keep-alive
      ParameterSetName:
      - -g -v -c --yes --backup-management-type
      User-Agent:
      - AZURECLI/2.33.1 azsdk-python-mgmt-recoveryservicesbackup/4.1.1 Python/3.8.5
        (Windows-10-10.0.22000-SP0)
    method: GET
    uri: https://management.azure.com/subscriptions/00000000-0000-0000-0000-000000000000/resourceGroups/clitest.rg000001/providers/Microsoft.RecoveryServices/vaults/clitest-vault000002/backupFabrics/Azure/protectionContainers/StorageContainer%3BStorage%3Bclitest.rg000001%3Bclitest000003/operationResults/a70be38f-f0fe-4e58-b22c-beaaadc975e5?api-version=2021-12-01
  response:
    body:
      string: '{}'
    headers:
      azure-asyncoperation:
      - https://management.azure.com/subscriptions/00000000-0000-0000-0000-000000000000/resourceGroups/clitest.rg000001/providers/Microsoft.RecoveryServices/vaults/clitest-vault000002/backupFabrics/Azure/protectionContainers/StorageContainer;Storage;clitest.rg000001;clitest000003/operationsStatus/a70be38f-f0fe-4e58-b22c-beaaadc975e5?api-version=2019-05-13-preview
      cache-control:
      - no-cache
      content-length:
      - '2'
      content-type:
      - application/json; charset=utf-8
      date:
      - Fri, 18 Feb 2022 06:59:24 GMT
      expires:
      - '-1'
      location:
      - https://management.azure.com/subscriptions/00000000-0000-0000-0000-000000000000/resourceGroups/clitest.rg000001/providers/Microsoft.RecoveryServices/vaults/clitest-vault000002/backupFabrics/Azure/protectionContainers/StorageContainer;Storage;clitest.rg000001;clitest000003/operationResults/a70be38f-f0fe-4e58-b22c-beaaadc975e5?api-version=2021-12-01
      pragma:
      - no-cache
      server:
      - Kestrel
      strict-transport-security:
      - max-age=31536000; includeSubDomains
      x-content-type-options:
      - nosniff
      x-ms-ratelimit-remaining-subscription-resource-requests:
      - '298'
      x-powered-by:
      - ASP.NET
    status:
      code: 202
      message: Accepted
- request:
    body: null
    headers:
      Accept:
      - application/json
      Accept-Encoding:
      - gzip, deflate
      CommandName:
      - backup container unregister
      Connection:
      - keep-alive
      ParameterSetName:
      - -g -v -c --yes --backup-management-type
      User-Agent:
      - AZURECLI/2.33.1 azsdk-python-mgmt-recoveryservicesbackup/4.1.1 Python/3.8.5
        (Windows-10-10.0.22000-SP0)
    method: GET
    uri: https://management.azure.com/subscriptions/00000000-0000-0000-0000-000000000000/resourceGroups/clitest.rg000001/providers/Microsoft.RecoveryServices/vaults/clitest-vault000002/backupFabrics/Azure/protectionContainers/StorageContainer%3BStorage%3Bclitest.rg000001%3Bclitest000003/operationResults/a70be38f-f0fe-4e58-b22c-beaaadc975e5?api-version=2021-12-01
  response:
    body:
      string: '{}'
    headers:
      azure-asyncoperation:
      - https://management.azure.com/subscriptions/00000000-0000-0000-0000-000000000000/resourceGroups/clitest.rg000001/providers/Microsoft.RecoveryServices/vaults/clitest-vault000002/backupFabrics/Azure/protectionContainers/StorageContainer;Storage;clitest.rg000001;clitest000003/operationsStatus/a70be38f-f0fe-4e58-b22c-beaaadc975e5?api-version=2019-05-13-preview
      cache-control:
      - no-cache
      content-length:
      - '2'
      content-type:
      - application/json; charset=utf-8
      date:
      - Fri, 18 Feb 2022 06:59:30 GMT
      expires:
      - '-1'
      location:
      - https://management.azure.com/subscriptions/00000000-0000-0000-0000-000000000000/resourceGroups/clitest.rg000001/providers/Microsoft.RecoveryServices/vaults/clitest-vault000002/backupFabrics/Azure/protectionContainers/StorageContainer;Storage;clitest.rg000001;clitest000003/operationResults/a70be38f-f0fe-4e58-b22c-beaaadc975e5?api-version=2021-12-01
      pragma:
      - no-cache
      server:
      - Kestrel
      strict-transport-security:
      - max-age=31536000; includeSubDomains
      x-content-type-options:
      - nosniff
      x-ms-ratelimit-remaining-subscription-resource-requests:
      - '297'
      x-powered-by:
      - ASP.NET
    status:
      code: 202
      message: Accepted
- request:
    body: null
    headers:
      Accept:
      - application/json
      Accept-Encoding:
      - gzip, deflate
      CommandName:
      - backup container unregister
      Connection:
      - keep-alive
      ParameterSetName:
      - -g -v -c --yes --backup-management-type
      User-Agent:
      - AZURECLI/2.33.1 azsdk-python-mgmt-recoveryservicesbackup/4.1.1 Python/3.8.5
        (Windows-10-10.0.22000-SP0)
    method: GET
    uri: https://management.azure.com/subscriptions/00000000-0000-0000-0000-000000000000/resourceGroups/clitest.rg000001/providers/Microsoft.RecoveryServices/vaults/clitest-vault000002/backupFabrics/Azure/protectionContainers/StorageContainer%3BStorage%3Bclitest.rg000001%3Bclitest000003/operationResults/a70be38f-f0fe-4e58-b22c-beaaadc975e5?api-version=2021-12-01
  response:
    body:
      string: '{}'
    headers:
      azure-asyncoperation:
      - https://management.azure.com/subscriptions/00000000-0000-0000-0000-000000000000/resourceGroups/clitest.rg000001/providers/Microsoft.RecoveryServices/vaults/clitest-vault000002/backupFabrics/Azure/protectionContainers/StorageContainer;Storage;clitest.rg000001;clitest000003/operationsStatus/a70be38f-f0fe-4e58-b22c-beaaadc975e5?api-version=2019-05-13-preview
      cache-control:
      - no-cache
      content-length:
      - '2'
      content-type:
      - application/json; charset=utf-8
      date:
      - Fri, 18 Feb 2022 06:59:35 GMT
      expires:
      - '-1'
      location:
      - https://management.azure.com/subscriptions/00000000-0000-0000-0000-000000000000/resourceGroups/clitest.rg000001/providers/Microsoft.RecoveryServices/vaults/clitest-vault000002/backupFabrics/Azure/protectionContainers/StorageContainer;Storage;clitest.rg000001;clitest000003/operationResults/a70be38f-f0fe-4e58-b22c-beaaadc975e5?api-version=2021-12-01
      pragma:
      - no-cache
      server:
      - Kestrel
      strict-transport-security:
      - max-age=31536000; includeSubDomains
      x-content-type-options:
      - nosniff
      x-ms-ratelimit-remaining-subscription-resource-requests:
      - '296'
      x-powered-by:
      - ASP.NET
    status:
      code: 202
      message: Accepted
- request:
    body: null
    headers:
      Accept:
      - application/json
      Accept-Encoding:
      - gzip, deflate
      CommandName:
      - backup container unregister
      Connection:
      - keep-alive
      ParameterSetName:
      - -g -v -c --yes --backup-management-type
      User-Agent:
      - AZURECLI/2.33.1 azsdk-python-mgmt-recoveryservicesbackup/4.1.1 Python/3.8.5
        (Windows-10-10.0.22000-SP0)
    method: GET
    uri: https://management.azure.com/subscriptions/00000000-0000-0000-0000-000000000000/resourceGroups/clitest.rg000001/providers/Microsoft.RecoveryServices/vaults/clitest-vault000002/backupFabrics/Azure/protectionContainers/StorageContainer%3BStorage%3Bclitest.rg000001%3Bclitest000003/operationResults/a70be38f-f0fe-4e58-b22c-beaaadc975e5?api-version=2021-12-01
  response:
    body:
      string: '{}'
    headers:
      azure-asyncoperation:
      - https://management.azure.com/subscriptions/00000000-0000-0000-0000-000000000000/resourceGroups/clitest.rg000001/providers/Microsoft.RecoveryServices/vaults/clitest-vault000002/backupFabrics/Azure/protectionContainers/StorageContainer;Storage;clitest.rg000001;clitest000003/operationsStatus/a70be38f-f0fe-4e58-b22c-beaaadc975e5?api-version=2019-05-13-preview
      cache-control:
      - no-cache
      content-length:
      - '2'
      content-type:
      - application/json; charset=utf-8
      date:
      - Fri, 18 Feb 2022 06:59:40 GMT
      expires:
      - '-1'
      location:
      - https://management.azure.com/subscriptions/00000000-0000-0000-0000-000000000000/resourceGroups/clitest.rg000001/providers/Microsoft.RecoveryServices/vaults/clitest-vault000002/backupFabrics/Azure/protectionContainers/StorageContainer;Storage;clitest.rg000001;clitest000003/operationResults/a70be38f-f0fe-4e58-b22c-beaaadc975e5?api-version=2021-12-01
      pragma:
      - no-cache
      server:
      - Kestrel
      strict-transport-security:
      - max-age=31536000; includeSubDomains
      x-content-type-options:
      - nosniff
      x-ms-ratelimit-remaining-subscription-resource-requests:
      - '295'
      x-powered-by:
      - ASP.NET
    status:
      code: 202
      message: Accepted
- request:
    body: null
    headers:
      Accept:
      - application/json
      Accept-Encoding:
      - gzip, deflate
      CommandName:
      - backup container unregister
      Connection:
      - keep-alive
      ParameterSetName:
      - -g -v -c --yes --backup-management-type
      User-Agent:
      - AZURECLI/2.33.1 azsdk-python-mgmt-recoveryservicesbackup/4.1.1 Python/3.8.5
        (Windows-10-10.0.22000-SP0)
    method: GET
    uri: https://management.azure.com/subscriptions/00000000-0000-0000-0000-000000000000/resourceGroups/clitest.rg000001/providers/Microsoft.RecoveryServices/vaults/clitest-vault000002/backupFabrics/Azure/protectionContainers/StorageContainer%3BStorage%3Bclitest.rg000001%3Bclitest000003/operationResults/a70be38f-f0fe-4e58-b22c-beaaadc975e5?api-version=2021-12-01
  response:
    body:
      string: ''
    headers:
      cache-control:
      - no-cache
      date:
      - Fri, 18 Feb 2022 06:59:45 GMT
      pragma:
      - no-cache
      server:
      - Kestrel
      strict-transport-security:
      - max-age=31536000; includeSubDomains
      x-content-type-options:
      - nosniff
      x-ms-ratelimit-remaining-subscription-resource-requests:
      - '294'
      x-powered-by:
      - ASP.NET
    status:
      code: 204
      message: No Content
- request:
    body: null
    headers:
      Accept:
      - application/json
      Accept-Encoding:
      - gzip, deflate
      CommandName:
      - backup container list
      Connection:
      - keep-alive
      ParameterSetName:
      - --backup-management-type -v -g --query
      User-Agent:
      - AZURECLI/2.33.1 azsdk-python-mgmt-recoveryservicesbackup/4.1.1 Python/3.8.5
        (Windows-10-10.0.22000-SP0)
    method: GET
    uri: https://management.azure.com/subscriptions/00000000-0000-0000-0000-000000000000/resourceGroups/clitest.rg000001/providers/Microsoft.RecoveryServices/vaults/clitest-vault000002/backupProtectionContainers?api-version=2021-12-01&%24filter=backupManagementType+eq+%27AzureIaasVM%27+and+status+eq+%27Registered%27
  response:
    body:
      string: '{"value":[]}'
    headers:
      cache-control:
      - no-cache
      content-length:
      - '12'
      content-type:
      - application/json; charset=utf-8
      date:
      - Fri, 18 Feb 2022 07:01:26 GMT
      expires:
      - '-1'
      pragma:
      - no-cache
      server:
      - Kestrel
      strict-transport-security:
      - max-age=31536000; includeSubDomains
      transfer-encoding:
      - chunked
      vary:
      - Accept-Encoding
      x-content-type-options:
      - nosniff
      x-ms-ratelimit-remaining-subscription-resource-requests:
      - '299'
      x-powered-by:
      - ASP.NET
    status:
      code: 200
      message: OK
- request:
    body: null
    headers:
      Accept:
      - application/json
      Accept-Encoding:
      - gzip, deflate
      CommandName:
      - backup vault delete
      Connection:
      - keep-alive
      Content-Length:
      - '0'
      ParameterSetName:
      - -n -g --yes
      User-Agent:
      - AZURECLI/2.33.1 azsdk-python-mgmt-recoveryservices/2.0.0 Python/3.8.5 (Windows-10-10.0.22000-SP0)
    method: DELETE
    uri: https://management.azure.com/subscriptions/00000000-0000-0000-0000-000000000000/resourceGroups/clitest.rg000001/providers/Microsoft.RecoveryServices/vaults/clitest-vault000002?api-version=2021-03-01
  response:
    body:
      string: ''
    headers:
      cache-control:
      - no-cache
      content-length:
      - '0'
      date:
      - Fri, 18 Feb 2022 07:01:31 GMT
      expires:
      - '-1'
      pragma:
      - no-cache
      server:
      - Kestrel
      strict-transport-security:
      - max-age=31536000; includeSubDomains
      x-content-type-options:
      - nosniff
      x-ms-ratelimit-remaining-subscription-resource-requests:
      - '49'
    status:
      code: 200
      message: OK
version: 1
