interactions:
- request:
    body: null
    headers:
      Accept:
      - application/json
      Accept-Encoding:
      - gzip, deflate
      CommandName:
      - backup container register
      Connection:
      - keep-alive
      ParameterSetName:
      - -v -g --backup-management-type --workload-type --resource-id
      User-Agent:
      - AZURECLI/2.31.0 (MSI) azsdk-python-mgmt-recoveryservicesbackup/3.0.0 Python/3.8.5
        (Windows-10-10.0.19041-SP0)
    method: GET
    uri: https://management.azure.com/subscriptions/00000000-0000-0000-0000-000000000000/resourceGroups/saphana-clitest-rg/providers/Microsoft.RecoveryServices/vaults/saphana-clitest-vault2/backupFabrics/Azure/protectableContainers?api-version=2021-08-01&$filter=backupManagementType%20eq%20%27AzureWorkload%27
  response:
    body:
      string: '{"value":[{"id":"/subscriptions/00000000-0000-0000-0000-000000000000/resourceGroups/saphana-clitest-rg/providers/Microsoft.RecoveryServices/vaults/saphana-clitest-vault2/backupFabrics/Azure/protectableContainers/VMAppContainer;Compute;afstests;akkanaseSystem","name":"VMAppContainer;Compute;afstests;akkanaseSystem","type":"Microsoft.RecoveryServices/vaults/backupFabrics/protectableContainers","properties":{"friendlyName":"akkanaseSystem","backupManagementType":"AzureWorkload","protectableContainerType":"VMAppContainer","healthStatus":"Healthy","containerId":"/subscriptions/00000000-0000-0000-0000-000000000000/resourceGroups/afstests/providers/Microsoft.Compute/virtualMachines/akkanaseSystem"}},{"id":"/subscriptions/00000000-0000-0000-0000-000000000000/resourceGroups/saphana-clitest-rg/providers/Microsoft.RecoveryServices/vaults/saphana-clitest-vault2/backupFabrics/Azure/protectableContainers/VMAppContainer;Compute;akkanaseCMK;akkanaseCMK","name":"VMAppContainer;Compute;akkanaseCMK;akkanaseCMK","type":"Microsoft.RecoveryServices/vaults/backupFabrics/protectableContainers","properties":{"friendlyName":"akkanaseCMK","backupManagementType":"AzureWorkload","protectableContainerType":"VMAppContainer","healthStatus":"Healthy","containerId":"/subscriptions/00000000-0000-0000-0000-000000000000/resourceGroups/akkanaseCMK/providers/Microsoft.Compute/virtualMachines/akkanaseCMK"}},{"id":"/subscriptions/00000000-0000-0000-0000-000000000000/resourceGroups/saphana-clitest-rg/providers/Microsoft.RecoveryServices/vaults/saphana-clitest-vault2/backupFabrics/Azure/protectableContainers/VMAppContainer;Compute;akkanaseGRSVault;jakavetVM","name":"VMAppContainer;Compute;akkanaseGRSVault;jakavetVM","type":"Microsoft.RecoveryServices/vaults/backupFabrics/protectableContainers","properties":{"friendlyName":"jakavetVM","backupManagementType":"AzureWorkload","protectableContainerType":"VMAppContainer","healthStatus":"Healthy","containerId":"/subscriptions/00000000-0000-0000-0000-000000000000/resourceGroups/akkanaseGRSVault/providers/Microsoft.Compute/virtualMachines/jakavetVM"}},{"id":"/subscriptions/00000000-0000-0000-0000-000000000000/resourceGroups/saphana-clitest-rg/providers/Microsoft.RecoveryServices/vaults/saphana-clitest-vault2/backupFabrics/Azure/protectableContainers/VMAppContainer;Compute;iaasvmsqlworkload.existing;iaassqlext3-win","name":"VMAppContainer;Compute;iaasvmsqlworkload.existing;iaassqlext3-win","type":"Microsoft.RecoveryServices/vaults/backupFabrics/protectableContainers","properties":{"friendlyName":"iaassqlext3-win","backupManagementType":"AzureWorkload","protectableContainerType":"VMAppContainer","healthStatus":"Healthy","containerId":"/subscriptions/00000000-0000-0000-0000-000000000000/resourceGroups/iaasvmsqlworkload.existing/providers/Microsoft.Compute/virtualMachines/iaassqlext3-win"}},{"id":"/subscriptions/00000000-0000-0000-0000-000000000000/resourceGroups/saphana-clitest-rg/providers/Microsoft.RecoveryServices/vaults/saphana-clitest-vault2/backupFabrics/Azure/protectableContainers/VMAppContainer;Compute;saphana-clitest-rg;saphana-clitest-vm2","name":"VMAppContainer;Compute;saphana-clitest-rg;saphana-clitest-vm2","type":"Microsoft.RecoveryServices/vaults/backupFabrics/protectableContainers","properties":{"friendlyName":"saphana-clitest-vm2","backupManagementType":"AzureWorkload","protectableContainerType":"VMAppContainer","healthStatus":"Healthy","containerId":"/subscriptions/00000000-0000-0000-0000-000000000000/resourceGroups/saphana-clitest-rg/providers/Microsoft.Compute/virtualMachines/saphana-clitest-vm2"}}]}'
    headers:
      cache-control:
      - no-cache
      content-length:
      - '3580'
      content-type:
      - application/json
      date:
      - Mon, 13 Dec 2021 12:26:11 GMT
      expires:
      - '-1'
      pragma:
      - no-cache
      server:
      - Microsoft-IIS/10.0
      strict-transport-security:
      - max-age=31536000; includeSubDomains
      transfer-encoding:
      - chunked
      vary:
      - Accept-Encoding
      x-content-type-options:
      - nosniff
      x-ms-ratelimit-remaining-subscription-resource-requests:
      - '299'
      x-powered-by:
      - ASP.NET
    status:
      code: 200
      message: OK
- request:
    body: '{"properties": {"backupManagementType": "AzureWorkload", "containerType":
      "VMAppContainer", "sourceResourceId": "/subscriptions/00000000-0000-0000-0000-000000000000/resourceGroups/SAPHANA-CLITEST-RG/providers/Microsoft.Compute/virtualMachines/saphana-clitest-vm2",
      "workloadType": "SAPHanaDatabase"}}'
    headers:
      Accept:
      - application/json
      Accept-Encoding:
      - gzip, deflate
      CommandName:
      - backup container register
      Connection:
      - keep-alive
      Content-Length:
      - '300'
      Content-Type:
      - application/json
      ParameterSetName:
      - -v -g --backup-management-type --workload-type --resource-id
      User-Agent:
      - AZURECLI/2.31.0 (MSI) azsdk-python-mgmt-recoveryservicesbackup/3.0.0 Python/3.8.5
        (Windows-10-10.0.19041-SP0)
    method: PUT
    uri: https://management.azure.com/subscriptions/00000000-0000-0000-0000-000000000000/resourceGroups/saphana-clitest-rg/providers/Microsoft.RecoveryServices/vaults/saphana-clitest-vault2/backupFabrics/Azure/protectionContainers/VMAppContainer%3BCompute%3Bsaphana-clitest-rg%3Bsaphana-clitest-vm2?api-version=2021-08-01
  response:
    body:
      string: '{}'
    headers:
      azure-asyncoperation:
      - https://management.azure.com/subscriptions/00000000-0000-0000-0000-000000000000/resourceGroups/saphana-clitest-rg/providers/Microsoft.RecoveryServices/vaults/saphana-clitest-vault2/backupFabrics/Azure/protectionContainers/VMAppContainer;Compute;saphana-clitest-rg;saphana-clitest-vm2/operationsStatus/a4e507ef-e297-4693-a43d-6fdf0220db35?api-version=2019-05-13-preview
      cache-control:
      - no-cache
      content-length:
      - '2'
      content-type:
      - application/json
      date:
      - Mon, 13 Dec 2021 12:26:14 GMT
      expires:
      - '-1'
      location:
      - https://management.azure.com/subscriptions/00000000-0000-0000-0000-000000000000/resourceGroups/saphana-clitest-rg/providers/Microsoft.RecoveryServices/vaults/saphana-clitest-vault2/backupFabrics/Azure/protectionContainers/VMAppContainer;Compute;saphana-clitest-rg;saphana-clitest-vm2/operationResults/a4e507ef-e297-4693-a43d-6fdf0220db35?api-version=2021-08-01
      pragma:
      - no-cache
      server:
      - Microsoft-IIS/10.0
      strict-transport-security:
      - max-age=31536000; includeSubDomains
      x-content-type-options:
      - nosniff
      x-ms-ratelimit-remaining-subscription-writes:
      - '1198'
      x-powered-by:
      - ASP.NET
    status:
      code: 202
      message: Accepted
- request:
    body: null
    headers:
      Accept:
      - application/json
      Accept-Encoding:
      - gzip, deflate
      CommandName:
      - backup container register
      Connection:
      - keep-alive
      ParameterSetName:
      - -v -g --backup-management-type --workload-type --resource-id
      User-Agent:
      - AZURECLI/2.31.0 (MSI) azsdk-python-mgmt-recoveryservicesbackup/3.0.0 Python/3.8.5
        (Windows-10-10.0.19041-SP0)
    method: GET
    uri: https://management.azure.com/subscriptions/00000000-0000-0000-0000-000000000000/resourceGroups/saphana-clitest-rg/providers/Microsoft.RecoveryServices/vaults/saphana-clitest-vault2/backupFabrics/Azure/protectionContainers/VMAppContainer%3BCompute%3Bsaphana-clitest-rg%3Bsaphana-clitest-vm2/operationResults/a4e507ef-e297-4693-a43d-6fdf0220db35?api-version=2021-08-01
  response:
    body:
      string: '{}'
    headers:
      azure-asyncoperation:
      - https://management.azure.com/subscriptions/00000000-0000-0000-0000-000000000000/resourceGroups/saphana-clitest-rg/providers/Microsoft.RecoveryServices/vaults/saphana-clitest-vault2/backupFabrics/Azure/protectionContainers/VMAppContainer;Compute;saphana-clitest-rg;saphana-clitest-vm2/operationsStatus/a4e507ef-e297-4693-a43d-6fdf0220db35?api-version=2019-05-13-preview
      cache-control:
      - no-cache
      content-length:
      - '2'
      content-type:
      - application/json
      date:
      - Mon, 13 Dec 2021 12:26:15 GMT
      expires:
      - '-1'
      location:
      - https://management.azure.com/subscriptions/00000000-0000-0000-0000-000000000000/resourceGroups/saphana-clitest-rg/providers/Microsoft.RecoveryServices/vaults/saphana-clitest-vault2/backupFabrics/Azure/protectionContainers/VMAppContainer;Compute;saphana-clitest-rg;saphana-clitest-vm2/operationResults/a4e507ef-e297-4693-a43d-6fdf0220db35?api-version=2021-08-01
      pragma:
      - no-cache
      server:
      - Microsoft-IIS/10.0
      strict-transport-security:
      - max-age=31536000; includeSubDomains
      x-content-type-options:
      - nosniff
      x-ms-ratelimit-remaining-subscription-resource-requests:
      - '299'
      x-powered-by:
      - ASP.NET
    status:
      code: 202
      message: Accepted
- request:
    body: null
    headers:
      Accept:
      - application/json
      Accept-Encoding:
      - gzip, deflate
      CommandName:
      - backup container register
      Connection:
      - keep-alive
      ParameterSetName:
      - -v -g --backup-management-type --workload-type --resource-id
      User-Agent:
      - AZURECLI/2.31.0 (MSI) azsdk-python-mgmt-recoveryservicesbackup/3.0.0 Python/3.8.5
        (Windows-10-10.0.19041-SP0)
    method: GET
    uri: https://management.azure.com/subscriptions/00000000-0000-0000-0000-000000000000/resourceGroups/saphana-clitest-rg/providers/Microsoft.RecoveryServices/vaults/saphana-clitest-vault2/backupFabrics/Azure/protectionContainers/VMAppContainer%3BCompute%3Bsaphana-clitest-rg%3Bsaphana-clitest-vm2/operationResults/a4e507ef-e297-4693-a43d-6fdf0220db35?api-version=2021-08-01
  response:
    body:
      string: '{}'
    headers:
      azure-asyncoperation:
      - https://management.azure.com/subscriptions/00000000-0000-0000-0000-000000000000/resourceGroups/saphana-clitest-rg/providers/Microsoft.RecoveryServices/vaults/saphana-clitest-vault2/backupFabrics/Azure/protectionContainers/VMAppContainer;Compute;saphana-clitest-rg;saphana-clitest-vm2/operationsStatus/a4e507ef-e297-4693-a43d-6fdf0220db35?api-version=2019-05-13-preview
      cache-control:
      - no-cache
      content-length:
      - '2'
      content-type:
      - application/json
      date:
      - Mon, 13 Dec 2021 12:26:21 GMT
      expires:
      - '-1'
      location:
      - https://management.azure.com/subscriptions/00000000-0000-0000-0000-000000000000/resourceGroups/saphana-clitest-rg/providers/Microsoft.RecoveryServices/vaults/saphana-clitest-vault2/backupFabrics/Azure/protectionContainers/VMAppContainer;Compute;saphana-clitest-rg;saphana-clitest-vm2/operationResults/a4e507ef-e297-4693-a43d-6fdf0220db35?api-version=2021-08-01
      pragma:
      - no-cache
      server:
      - Microsoft-IIS/10.0
      strict-transport-security:
      - max-age=31536000; includeSubDomains
      x-content-type-options:
      - nosniff
      x-ms-ratelimit-remaining-subscription-resource-requests:
      - '298'
      x-powered-by:
      - ASP.NET
    status:
      code: 202
      message: Accepted
- request:
    body: null
    headers:
      Accept:
      - application/json
      Accept-Encoding:
      - gzip, deflate
      CommandName:
      - backup container register
      Connection:
      - keep-alive
      ParameterSetName:
      - -v -g --backup-management-type --workload-type --resource-id
      User-Agent:
      - AZURECLI/2.31.0 (MSI) azsdk-python-mgmt-recoveryservicesbackup/3.0.0 Python/3.8.5
        (Windows-10-10.0.19041-SP0)
    method: GET
    uri: https://management.azure.com/subscriptions/00000000-0000-0000-0000-000000000000/resourceGroups/saphana-clitest-rg/providers/Microsoft.RecoveryServices/vaults/saphana-clitest-vault2/backupFabrics/Azure/protectionContainers/VMAppContainer%3BCompute%3Bsaphana-clitest-rg%3Bsaphana-clitest-vm2/operationResults/a4e507ef-e297-4693-a43d-6fdf0220db35?api-version=2021-08-01
  response:
    body:
      string: '{}'
    headers:
      azure-asyncoperation:
      - https://management.azure.com/subscriptions/00000000-0000-0000-0000-000000000000/resourceGroups/saphana-clitest-rg/providers/Microsoft.RecoveryServices/vaults/saphana-clitest-vault2/backupFabrics/Azure/protectionContainers/VMAppContainer;Compute;saphana-clitest-rg;saphana-clitest-vm2/operationsStatus/a4e507ef-e297-4693-a43d-6fdf0220db35?api-version=2019-05-13-preview
      cache-control:
      - no-cache
      content-length:
      - '2'
      content-type:
      - application/json
      date:
      - Mon, 13 Dec 2021 12:26:26 GMT
      expires:
      - '-1'
      location:
      - https://management.azure.com/subscriptions/00000000-0000-0000-0000-000000000000/resourceGroups/saphana-clitest-rg/providers/Microsoft.RecoveryServices/vaults/saphana-clitest-vault2/backupFabrics/Azure/protectionContainers/VMAppContainer;Compute;saphana-clitest-rg;saphana-clitest-vm2/operationResults/a4e507ef-e297-4693-a43d-6fdf0220db35?api-version=2021-08-01
      pragma:
      - no-cache
      server:
      - Microsoft-IIS/10.0
      strict-transport-security:
      - max-age=31536000; includeSubDomains
      x-content-type-options:
      - nosniff
      x-ms-ratelimit-remaining-subscription-resource-requests:
      - '297'
      x-powered-by:
      - ASP.NET
    status:
      code: 202
      message: Accepted
- request:
    body: null
    headers:
      Accept:
      - application/json
      Accept-Encoding:
      - gzip, deflate
      CommandName:
      - backup container register
      Connection:
      - keep-alive
      ParameterSetName:
      - -v -g --backup-management-type --workload-type --resource-id
      User-Agent:
      - AZURECLI/2.31.0 (MSI) azsdk-python-mgmt-recoveryservicesbackup/3.0.0 Python/3.8.5
        (Windows-10-10.0.19041-SP0)
    method: GET
    uri: https://management.azure.com/subscriptions/00000000-0000-0000-0000-000000000000/resourceGroups/saphana-clitest-rg/providers/Microsoft.RecoveryServices/vaults/saphana-clitest-vault2/backupFabrics/Azure/protectionContainers/VMAppContainer%3BCompute%3Bsaphana-clitest-rg%3Bsaphana-clitest-vm2/operationResults/a4e507ef-e297-4693-a43d-6fdf0220db35?api-version=2021-08-01
  response:
    body:
      string: '{}'
    headers:
      azure-asyncoperation:
      - https://management.azure.com/subscriptions/00000000-0000-0000-0000-000000000000/resourceGroups/saphana-clitest-rg/providers/Microsoft.RecoveryServices/vaults/saphana-clitest-vault2/backupFabrics/Azure/protectionContainers/VMAppContainer;Compute;saphana-clitest-rg;saphana-clitest-vm2/operationsStatus/a4e507ef-e297-4693-a43d-6fdf0220db35?api-version=2019-05-13-preview
      cache-control:
      - no-cache
      content-length:
      - '2'
      content-type:
      - application/json
      date:
      - Mon, 13 Dec 2021 12:26:32 GMT
      expires:
      - '-1'
      location:
      - https://management.azure.com/subscriptions/00000000-0000-0000-0000-000000000000/resourceGroups/saphana-clitest-rg/providers/Microsoft.RecoveryServices/vaults/saphana-clitest-vault2/backupFabrics/Azure/protectionContainers/VMAppContainer;Compute;saphana-clitest-rg;saphana-clitest-vm2/operationResults/a4e507ef-e297-4693-a43d-6fdf0220db35?api-version=2021-08-01
      pragma:
      - no-cache
      server:
      - Microsoft-IIS/10.0
      strict-transport-security:
      - max-age=31536000; includeSubDomains
      x-content-type-options:
      - nosniff
      x-ms-ratelimit-remaining-subscription-resource-requests:
      - '296'
      x-powered-by:
      - ASP.NET
    status:
      code: 202
      message: Accepted
- request:
    body: null
    headers:
      Accept:
      - application/json
      Accept-Encoding:
      - gzip, deflate
      CommandName:
      - backup container register
      Connection:
      - keep-alive
      ParameterSetName:
      - -v -g --backup-management-type --workload-type --resource-id
      User-Agent:
      - AZURECLI/2.31.0 (MSI) azsdk-python-mgmt-recoveryservicesbackup/3.0.0 Python/3.8.5
        (Windows-10-10.0.19041-SP0)
    method: GET
    uri: https://management.azure.com/subscriptions/00000000-0000-0000-0000-000000000000/resourceGroups/saphana-clitest-rg/providers/Microsoft.RecoveryServices/vaults/saphana-clitest-vault2/backupFabrics/Azure/protectionContainers/VMAppContainer%3BCompute%3Bsaphana-clitest-rg%3Bsaphana-clitest-vm2/operationResults/a4e507ef-e297-4693-a43d-6fdf0220db35?api-version=2021-08-01
  response:
    body:
      string: '{"error":{"code":"GatewayTimeout","message":"The gateway did not receive
        a response from ''Microsoft.RecoveryServices'' within the specified time period."}}'
    headers:
      cache-control:
      - no-cache
      connection:
      - close
      content-length:
      - '154'
      content-type:
      - application/json; charset=utf-8
      date:
      - Mon, 13 Dec 2021 12:27:37 GMT
      expires:
      - '-1'
      pragma:
      - no-cache
      strict-transport-security:
      - max-age=31536000; includeSubDomains
      x-content-type-options:
      - nosniff
      x-ms-failure-cause:
      - service
    status:
      code: 504
      message: Gateway Timeout
- request:
    body: null
    headers:
      Accept:
      - application/json
      Accept-Encoding:
      - gzip, deflate
      CommandName:
      - backup container register
      Connection:
      - keep-alive
      ParameterSetName:
      - -v -g --backup-management-type --workload-type --resource-id
      User-Agent:
      - AZURECLI/2.31.0 (MSI) azsdk-python-mgmt-recoveryservicesbackup/3.0.0 Python/3.8.5
        (Windows-10-10.0.19041-SP0)
    method: GET
    uri: https://management.azure.com/subscriptions/00000000-0000-0000-0000-000000000000/resourceGroups/saphana-clitest-rg/providers/Microsoft.RecoveryServices/vaults/saphana-clitest-vault2/backupFabrics/Azure/protectionContainers/VMAppContainer%3BCompute%3Bsaphana-clitest-rg%3Bsaphana-clitest-vm2/operationResults/a4e507ef-e297-4693-a43d-6fdf0220db35?api-version=2021-08-01
  response:
    body:
      string: '{}'
    headers:
      azure-asyncoperation:
      - https://management.azure.com/subscriptions/00000000-0000-0000-0000-000000000000/resourceGroups/saphana-clitest-rg/providers/Microsoft.RecoveryServices/vaults/saphana-clitest-vault2/backupFabrics/Azure/protectionContainers/VMAppContainer;Compute;saphana-clitest-rg;saphana-clitest-vm2/operationsStatus/a4e507ef-e297-4693-a43d-6fdf0220db35?api-version=2019-05-13-preview
      cache-control:
      - no-cache
      content-length:
      - '2'
      content-type:
      - application/json
      date:
      - Mon, 13 Dec 2021 12:27:38 GMT
      expires:
      - '-1'
      location:
      - https://management.azure.com/subscriptions/00000000-0000-0000-0000-000000000000/resourceGroups/saphana-clitest-rg/providers/Microsoft.RecoveryServices/vaults/saphana-clitest-vault2/backupFabrics/Azure/protectionContainers/VMAppContainer;Compute;saphana-clitest-rg;saphana-clitest-vm2/operationResults/a4e507ef-e297-4693-a43d-6fdf0220db35?api-version=2021-08-01
      pragma:
      - no-cache
      server:
      - Microsoft-IIS/10.0
      strict-transport-security:
      - max-age=31536000; includeSubDomains
      x-content-type-options:
      - nosniff
      x-ms-ratelimit-remaining-subscription-resource-requests:
      - '299'
      x-powered-by:
      - ASP.NET
    status:
      code: 202
      message: Accepted
- request:
    body: null
    headers:
      Accept:
      - application/json
      Accept-Encoding:
      - gzip, deflate
      CommandName:
      - backup container register
      Connection:
      - keep-alive
      ParameterSetName:
      - -v -g --backup-management-type --workload-type --resource-id
      User-Agent:
      - AZURECLI/2.31.0 (MSI) azsdk-python-mgmt-recoveryservicesbackup/3.0.0 Python/3.8.5
        (Windows-10-10.0.19041-SP0)
    method: GET
    uri: https://management.azure.com/subscriptions/00000000-0000-0000-0000-000000000000/resourceGroups/saphana-clitest-rg/providers/Microsoft.RecoveryServices/vaults/saphana-clitest-vault2/backupFabrics/Azure/protectionContainers/VMAppContainer%3BCompute%3Bsaphana-clitest-rg%3Bsaphana-clitest-vm2/operationResults/a4e507ef-e297-4693-a43d-6fdf0220db35?api-version=2021-08-01
  response:
    body:
      string: '{}'
    headers:
      azure-asyncoperation:
      - https://management.azure.com/subscriptions/00000000-0000-0000-0000-000000000000/resourceGroups/saphana-clitest-rg/providers/Microsoft.RecoveryServices/vaults/saphana-clitest-vault2/backupFabrics/Azure/protectionContainers/VMAppContainer;Compute;saphana-clitest-rg;saphana-clitest-vm2/operationsStatus/a4e507ef-e297-4693-a43d-6fdf0220db35?api-version=2019-05-13-preview
      cache-control:
      - no-cache
      content-length:
      - '2'
      content-type:
      - application/json
      date:
      - Mon, 13 Dec 2021 12:27:43 GMT
      expires:
      - '-1'
      location:
      - https://management.azure.com/subscriptions/00000000-0000-0000-0000-000000000000/resourceGroups/saphana-clitest-rg/providers/Microsoft.RecoveryServices/vaults/saphana-clitest-vault2/backupFabrics/Azure/protectionContainers/VMAppContainer;Compute;saphana-clitest-rg;saphana-clitest-vm2/operationResults/a4e507ef-e297-4693-a43d-6fdf0220db35?api-version=2021-08-01
      pragma:
      - no-cache
      server:
      - Microsoft-IIS/10.0
      strict-transport-security:
      - max-age=31536000; includeSubDomains
      x-content-type-options:
      - nosniff
      x-ms-ratelimit-remaining-subscription-resource-requests:
      - '298'
      x-powered-by:
      - ASP.NET
    status:
      code: 202
      message: Accepted
- request:
    body: null
    headers:
      Accept:
      - application/json
      Accept-Encoding:
      - gzip, deflate
      CommandName:
      - backup container register
      Connection:
      - keep-alive
      ParameterSetName:
      - -v -g --backup-management-type --workload-type --resource-id
      User-Agent:
      - AZURECLI/2.31.0 (MSI) azsdk-python-mgmt-recoveryservicesbackup/3.0.0 Python/3.8.5
        (Windows-10-10.0.19041-SP0)
    method: GET
    uri: https://management.azure.com/subscriptions/00000000-0000-0000-0000-000000000000/resourceGroups/saphana-clitest-rg/providers/Microsoft.RecoveryServices/vaults/saphana-clitest-vault2/backupFabrics/Azure/protectionContainers/VMAppContainer%3BCompute%3Bsaphana-clitest-rg%3Bsaphana-clitest-vm2/operationResults/a4e507ef-e297-4693-a43d-6fdf0220db35?api-version=2021-08-01
  response:
    body:
      string: '{}'
    headers:
      azure-asyncoperation:
      - https://management.azure.com/subscriptions/00000000-0000-0000-0000-000000000000/resourceGroups/saphana-clitest-rg/providers/Microsoft.RecoveryServices/vaults/saphana-clitest-vault2/backupFabrics/Azure/protectionContainers/VMAppContainer;Compute;saphana-clitest-rg;saphana-clitest-vm2/operationsStatus/a4e507ef-e297-4693-a43d-6fdf0220db35?api-version=2019-05-13-preview
      cache-control:
      - no-cache
      content-length:
      - '2'
      content-type:
      - application/json
      date:
      - Mon, 13 Dec 2021 12:27:49 GMT
      expires:
      - '-1'
      location:
      - https://management.azure.com/subscriptions/00000000-0000-0000-0000-000000000000/resourceGroups/saphana-clitest-rg/providers/Microsoft.RecoveryServices/vaults/saphana-clitest-vault2/backupFabrics/Azure/protectionContainers/VMAppContainer;Compute;saphana-clitest-rg;saphana-clitest-vm2/operationResults/a4e507ef-e297-4693-a43d-6fdf0220db35?api-version=2021-08-01
      pragma:
      - no-cache
      server:
      - Microsoft-IIS/10.0
      strict-transport-security:
      - max-age=31536000; includeSubDomains
      x-content-type-options:
      - nosniff
      x-ms-ratelimit-remaining-subscription-resource-requests:
      - '297'
      x-powered-by:
      - ASP.NET
    status:
      code: 202
      message: Accepted
- request:
    body: null
    headers:
      Accept:
      - application/json
      Accept-Encoding:
      - gzip, deflate
      CommandName:
      - backup container register
      Connection:
      - keep-alive
      ParameterSetName:
      - -v -g --backup-management-type --workload-type --resource-id
      User-Agent:
      - AZURECLI/2.31.0 (MSI) azsdk-python-mgmt-recoveryservicesbackup/3.0.0 Python/3.8.5
        (Windows-10-10.0.19041-SP0)
    method: GET
    uri: https://management.azure.com/subscriptions/00000000-0000-0000-0000-000000000000/resourceGroups/saphana-clitest-rg/providers/Microsoft.RecoveryServices/vaults/saphana-clitest-vault2/backupFabrics/Azure/protectionContainers/VMAppContainer%3BCompute%3Bsaphana-clitest-rg%3Bsaphana-clitest-vm2/operationResults/a4e507ef-e297-4693-a43d-6fdf0220db35?api-version=2021-08-01
  response:
    body:
      string: '{}'
    headers:
      azure-asyncoperation:
      - https://management.azure.com/subscriptions/00000000-0000-0000-0000-000000000000/resourceGroups/saphana-clitest-rg/providers/Microsoft.RecoveryServices/vaults/saphana-clitest-vault2/backupFabrics/Azure/protectionContainers/VMAppContainer;Compute;saphana-clitest-rg;saphana-clitest-vm2/operationsStatus/a4e507ef-e297-4693-a43d-6fdf0220db35?api-version=2019-05-13-preview
      cache-control:
      - no-cache
      content-length:
      - '2'
      content-type:
      - application/json
      date:
      - Mon, 13 Dec 2021 12:27:54 GMT
      expires:
      - '-1'
      location:
      - https://management.azure.com/subscriptions/00000000-0000-0000-0000-000000000000/resourceGroups/saphana-clitest-rg/providers/Microsoft.RecoveryServices/vaults/saphana-clitest-vault2/backupFabrics/Azure/protectionContainers/VMAppContainer;Compute;saphana-clitest-rg;saphana-clitest-vm2/operationResults/a4e507ef-e297-4693-a43d-6fdf0220db35?api-version=2021-08-01
      pragma:
      - no-cache
      server:
      - Microsoft-IIS/10.0
      strict-transport-security:
      - max-age=31536000; includeSubDomains
      x-content-type-options:
      - nosniff
      x-ms-ratelimit-remaining-subscription-resource-requests:
      - '296'
      x-powered-by:
      - ASP.NET
    status:
      code: 202
      message: Accepted
- request:
    body: null
    headers:
      Accept:
      - application/json
      Accept-Encoding:
      - gzip, deflate
      CommandName:
      - backup container register
      Connection:
      - keep-alive
      ParameterSetName:
      - -v -g --backup-management-type --workload-type --resource-id
      User-Agent:
      - AZURECLI/2.31.0 (MSI) azsdk-python-mgmt-recoveryservicesbackup/3.0.0 Python/3.8.5
        (Windows-10-10.0.19041-SP0)
    method: GET
    uri: https://management.azure.com/subscriptions/00000000-0000-0000-0000-000000000000/resourceGroups/saphana-clitest-rg/providers/Microsoft.RecoveryServices/vaults/saphana-clitest-vault2/backupFabrics/Azure/protectionContainers/VMAppContainer%3BCompute%3Bsaphana-clitest-rg%3Bsaphana-clitest-vm2/operationResults/a4e507ef-e297-4693-a43d-6fdf0220db35?api-version=2021-08-01
  response:
    body:
      string: '{}'
    headers:
      azure-asyncoperation:
      - https://management.azure.com/subscriptions/00000000-0000-0000-0000-000000000000/resourceGroups/saphana-clitest-rg/providers/Microsoft.RecoveryServices/vaults/saphana-clitest-vault2/backupFabrics/Azure/protectionContainers/VMAppContainer;Compute;saphana-clitest-rg;saphana-clitest-vm2/operationsStatus/a4e507ef-e297-4693-a43d-6fdf0220db35?api-version=2019-05-13-preview
      cache-control:
      - no-cache
      content-length:
      - '2'
      content-type:
      - application/json
      date:
      - Mon, 13 Dec 2021 12:28:00 GMT
      expires:
      - '-1'
      location:
      - https://management.azure.com/subscriptions/00000000-0000-0000-0000-000000000000/resourceGroups/saphana-clitest-rg/providers/Microsoft.RecoveryServices/vaults/saphana-clitest-vault2/backupFabrics/Azure/protectionContainers/VMAppContainer;Compute;saphana-clitest-rg;saphana-clitest-vm2/operationResults/a4e507ef-e297-4693-a43d-6fdf0220db35?api-version=2021-08-01
      pragma:
      - no-cache
      server:
      - Microsoft-IIS/10.0
      strict-transport-security:
      - max-age=31536000; includeSubDomains
      x-content-type-options:
      - nosniff
      x-ms-ratelimit-remaining-subscription-resource-requests:
      - '295'
      x-powered-by:
      - ASP.NET
    status:
      code: 202
      message: Accepted
- request:
    body: null
    headers:
      Accept:
      - application/json
      Accept-Encoding:
      - gzip, deflate
      CommandName:
      - backup container register
      Connection:
      - keep-alive
      ParameterSetName:
      - -v -g --backup-management-type --workload-type --resource-id
      User-Agent:
      - AZURECLI/2.31.0 (MSI) azsdk-python-mgmt-recoveryservicesbackup/3.0.0 Python/3.8.5
        (Windows-10-10.0.19041-SP0)
    method: GET
    uri: https://management.azure.com/subscriptions/00000000-0000-0000-0000-000000000000/resourceGroups/saphana-clitest-rg/providers/Microsoft.RecoveryServices/vaults/saphana-clitest-vault2/backupFabrics/Azure/protectionContainers/VMAppContainer%3BCompute%3Bsaphana-clitest-rg%3Bsaphana-clitest-vm2/operationResults/a4e507ef-e297-4693-a43d-6fdf0220db35?api-version=2021-08-01
  response:
    body:
      string: '{}'
    headers:
      azure-asyncoperation:
      - https://management.azure.com/subscriptions/00000000-0000-0000-0000-000000000000/resourceGroups/saphana-clitest-rg/providers/Microsoft.RecoveryServices/vaults/saphana-clitest-vault2/backupFabrics/Azure/protectionContainers/VMAppContainer;Compute;saphana-clitest-rg;saphana-clitest-vm2/operationsStatus/a4e507ef-e297-4693-a43d-6fdf0220db35?api-version=2019-05-13-preview
      cache-control:
      - no-cache
      content-length:
      - '2'
      content-type:
      - application/json
      date:
      - Mon, 13 Dec 2021 12:28:05 GMT
      expires:
      - '-1'
      location:
      - https://management.azure.com/subscriptions/00000000-0000-0000-0000-000000000000/resourceGroups/saphana-clitest-rg/providers/Microsoft.RecoveryServices/vaults/saphana-clitest-vault2/backupFabrics/Azure/protectionContainers/VMAppContainer;Compute;saphana-clitest-rg;saphana-clitest-vm2/operationResults/a4e507ef-e297-4693-a43d-6fdf0220db35?api-version=2021-08-01
      pragma:
      - no-cache
      server:
      - Microsoft-IIS/10.0
      strict-transport-security:
      - max-age=31536000; includeSubDomains
      x-content-type-options:
      - nosniff
      x-ms-ratelimit-remaining-subscription-resource-requests:
      - '294'
      x-powered-by:
      - ASP.NET
    status:
      code: 202
      message: Accepted
- request:
    body: null
    headers:
      Accept:
      - application/json
      Accept-Encoding:
      - gzip, deflate
      CommandName:
      - backup container register
      Connection:
      - keep-alive
      ParameterSetName:
      - -v -g --backup-management-type --workload-type --resource-id
      User-Agent:
      - AZURECLI/2.31.0 (MSI) azsdk-python-mgmt-recoveryservicesbackup/3.0.0 Python/3.8.5
        (Windows-10-10.0.19041-SP0)
    method: GET
    uri: https://management.azure.com/subscriptions/00000000-0000-0000-0000-000000000000/resourceGroups/saphana-clitest-rg/providers/Microsoft.RecoveryServices/vaults/saphana-clitest-vault2/backupFabrics/Azure/protectionContainers/VMAppContainer%3BCompute%3Bsaphana-clitest-rg%3Bsaphana-clitest-vm2/operationResults/a4e507ef-e297-4693-a43d-6fdf0220db35?api-version=2021-08-01
  response:
    body:
      string: '{}'
    headers:
      azure-asyncoperation:
      - https://management.azure.com/subscriptions/00000000-0000-0000-0000-000000000000/resourceGroups/saphana-clitest-rg/providers/Microsoft.RecoveryServices/vaults/saphana-clitest-vault2/backupFabrics/Azure/protectionContainers/VMAppContainer;Compute;saphana-clitest-rg;saphana-clitest-vm2/operationsStatus/a4e507ef-e297-4693-a43d-6fdf0220db35?api-version=2019-05-13-preview
      cache-control:
      - no-cache
      content-length:
      - '2'
      content-type:
      - application/json
      date:
      - Mon, 13 Dec 2021 12:28:10 GMT
      expires:
      - '-1'
      location:
      - https://management.azure.com/subscriptions/00000000-0000-0000-0000-000000000000/resourceGroups/saphana-clitest-rg/providers/Microsoft.RecoveryServices/vaults/saphana-clitest-vault2/backupFabrics/Azure/protectionContainers/VMAppContainer;Compute;saphana-clitest-rg;saphana-clitest-vm2/operationResults/a4e507ef-e297-4693-a43d-6fdf0220db35?api-version=2021-08-01
      pragma:
      - no-cache
      server:
      - Microsoft-IIS/10.0
      strict-transport-security:
      - max-age=31536000; includeSubDomains
      x-content-type-options:
      - nosniff
      x-ms-ratelimit-remaining-subscription-resource-requests:
      - '293'
      x-powered-by:
      - ASP.NET
    status:
      code: 202
      message: Accepted
- request:
    body: null
    headers:
      Accept:
      - application/json
      Accept-Encoding:
      - gzip, deflate
      CommandName:
      - backup container register
      Connection:
      - keep-alive
      ParameterSetName:
      - -v -g --backup-management-type --workload-type --resource-id
      User-Agent:
      - AZURECLI/2.31.0 (MSI) azsdk-python-mgmt-recoveryservicesbackup/3.0.0 Python/3.8.5
        (Windows-10-10.0.19041-SP0)
    method: GET
    uri: https://management.azure.com/subscriptions/00000000-0000-0000-0000-000000000000/resourceGroups/saphana-clitest-rg/providers/Microsoft.RecoveryServices/vaults/saphana-clitest-vault2/backupFabrics/Azure/protectionContainers/VMAppContainer%3BCompute%3Bsaphana-clitest-rg%3Bsaphana-clitest-vm2/operationResults/a4e507ef-e297-4693-a43d-6fdf0220db35?api-version=2021-08-01
  response:
    body:
      string: '{}'
    headers:
      azure-asyncoperation:
      - https://management.azure.com/subscriptions/00000000-0000-0000-0000-000000000000/resourceGroups/saphana-clitest-rg/providers/Microsoft.RecoveryServices/vaults/saphana-clitest-vault2/backupFabrics/Azure/protectionContainers/VMAppContainer;Compute;saphana-clitest-rg;saphana-clitest-vm2/operationsStatus/a4e507ef-e297-4693-a43d-6fdf0220db35?api-version=2019-05-13-preview
      cache-control:
      - no-cache
      content-length:
      - '2'
      content-type:
      - application/json
      date:
      - Mon, 13 Dec 2021 12:28:16 GMT
      expires:
      - '-1'
      location:
      - https://management.azure.com/subscriptions/00000000-0000-0000-0000-000000000000/resourceGroups/saphana-clitest-rg/providers/Microsoft.RecoveryServices/vaults/saphana-clitest-vault2/backupFabrics/Azure/protectionContainers/VMAppContainer;Compute;saphana-clitest-rg;saphana-clitest-vm2/operationResults/a4e507ef-e297-4693-a43d-6fdf0220db35?api-version=2021-08-01
      pragma:
      - no-cache
      server:
      - Microsoft-IIS/10.0
      strict-transport-security:
      - max-age=31536000; includeSubDomains
      x-content-type-options:
      - nosniff
      x-ms-ratelimit-remaining-subscription-resource-requests:
      - '292'
      x-powered-by:
      - ASP.NET
    status:
      code: 202
      message: Accepted
- request:
    body: null
    headers:
      Accept:
      - application/json
      Accept-Encoding:
      - gzip, deflate
      CommandName:
      - backup container register
      Connection:
      - keep-alive
      ParameterSetName:
      - -v -g --backup-management-type --workload-type --resource-id
      User-Agent:
      - AZURECLI/2.31.0 (MSI) azsdk-python-mgmt-recoveryservicesbackup/3.0.0 Python/3.8.5
        (Windows-10-10.0.19041-SP0)
    method: GET
    uri: https://management.azure.com/subscriptions/00000000-0000-0000-0000-000000000000/resourceGroups/saphana-clitest-rg/providers/Microsoft.RecoveryServices/vaults/saphana-clitest-vault2/backupFabrics/Azure/protectionContainers/VMAppContainer%3BCompute%3Bsaphana-clitest-rg%3Bsaphana-clitest-vm2/operationResults/a4e507ef-e297-4693-a43d-6fdf0220db35?api-version=2021-08-01
  response:
    body:
      string: '{}'
    headers:
      azure-asyncoperation:
      - https://management.azure.com/subscriptions/00000000-0000-0000-0000-000000000000/resourceGroups/saphana-clitest-rg/providers/Microsoft.RecoveryServices/vaults/saphana-clitest-vault2/backupFabrics/Azure/protectionContainers/VMAppContainer;Compute;saphana-clitest-rg;saphana-clitest-vm2/operationsStatus/a4e507ef-e297-4693-a43d-6fdf0220db35?api-version=2019-05-13-preview
      cache-control:
      - no-cache
      content-length:
      - '2'
      content-type:
      - application/json
      date:
      - Mon, 13 Dec 2021 12:28:21 GMT
      expires:
      - '-1'
      location:
      - https://management.azure.com/subscriptions/00000000-0000-0000-0000-000000000000/resourceGroups/saphana-clitest-rg/providers/Microsoft.RecoveryServices/vaults/saphana-clitest-vault2/backupFabrics/Azure/protectionContainers/VMAppContainer;Compute;saphana-clitest-rg;saphana-clitest-vm2/operationResults/a4e507ef-e297-4693-a43d-6fdf0220db35?api-version=2021-08-01
      pragma:
      - no-cache
      server:
      - Microsoft-IIS/10.0
      strict-transport-security:
      - max-age=31536000; includeSubDomains
      x-content-type-options:
      - nosniff
      x-ms-ratelimit-remaining-subscription-resource-requests:
      - '291'
      x-powered-by:
      - ASP.NET
    status:
      code: 202
      message: Accepted
- request:
    body: null
    headers:
      Accept:
      - application/json
      Accept-Encoding:
      - gzip, deflate
      CommandName:
      - backup container register
      Connection:
      - keep-alive
      ParameterSetName:
      - -v -g --backup-management-type --workload-type --resource-id
      User-Agent:
      - AZURECLI/2.31.0 (MSI) azsdk-python-mgmt-recoveryservicesbackup/3.0.0 Python/3.8.5
        (Windows-10-10.0.19041-SP0)
    method: GET
    uri: https://management.azure.com/subscriptions/00000000-0000-0000-0000-000000000000/resourceGroups/saphana-clitest-rg/providers/Microsoft.RecoveryServices/vaults/saphana-clitest-vault2/backupFabrics/Azure/protectionContainers/VMAppContainer%3BCompute%3Bsaphana-clitest-rg%3Bsaphana-clitest-vm2/operationResults/a4e507ef-e297-4693-a43d-6fdf0220db35?api-version=2021-08-01
  response:
    body:
      string: '{"id":"/subscriptions/00000000-0000-0000-0000-000000000000/resourceGroups/saphana-clitest-rg/providers/Microsoft.RecoveryServices/vaults/saphana-clitest-vault2/backupFabrics/Azure/protectionContainers/VMAppContainer;Compute;saphana-clitest-rg;saphana-clitest-vm2","name":"VMAppContainer;Compute;saphana-clitest-rg;saphana-clitest-vm2","properties":{"sourceResourceId":"/subscriptions/00000000-0000-0000-0000-000000000000/resourceGroups/saphana-clitest-rg/providers/Microsoft.Compute/virtualMachines/saphana-clitest-vm2","lastUpdatedTime":"2021-12-13T12:26:20.5711009Z","extendedInfo":{"hostServerName":"saphana-clitest-vm2","inquiryInfo":{"status":"Success","errorDetail":{"code":"Success","message":"","recommendations":[""]},"inquiryDetails":[{"type":"SAPHana","itemCount":2,"inquiryValidation":{"status":"Success","errorDetail":{"code":"Success","message":"","recommendations":[""]},"additionalDetail":"","protectableItemCount":{"SAPHanaSystem":1,"SAPHanaDatabase":2}}}]}},"friendlyName":"saphana-clitest-vm2","backupManagementType":"AzureWorkload","registrationStatus":"Registered","healthStatus":"Healthy","containerType":"VMAppContainer","protectableObjectType":"VMAppContainer"}}'
    headers:
      cache-control:
      - no-cache
      content-length:
      - '1186'
      content-type:
      - application/json
      date:
      - Mon, 13 Dec 2021 12:28:26 GMT
      expires:
      - '-1'
      pragma:
      - no-cache
      server:
      - Microsoft-IIS/10.0
      strict-transport-security:
      - max-age=31536000; includeSubDomains
      transfer-encoding:
      - chunked
      vary:
      - Accept-Encoding
      x-content-type-options:
      - nosniff
      x-ms-ratelimit-remaining-subscription-resource-requests:
      - '290'
      x-powered-by:
      - ASP.NET
    status:
      code: 200
      message: OK
- request:
    body: null
    headers:
      Accept:
      - application/json
      Accept-Encoding:
      - gzip, deflate
      CommandName:
      - backup container list
      Connection:
      - keep-alive
      ParameterSetName:
      - -v -g --backup-management-type
      User-Agent:
      - AZURECLI/2.31.0 (MSI) azsdk-python-mgmt-recoveryservicesbackup/3.0.0 Python/3.8.5
        (Windows-10-10.0.19041-SP0)
    method: GET
    uri: https://management.azure.com/subscriptions/00000000-0000-0000-0000-000000000000/resourceGroups/saphana-clitest-rg/providers/Microsoft.RecoveryServices/vaults/saphana-clitest-vault2/backupProtectionContainers?api-version=2021-08-01&$filter=backupManagementType%20eq%20%27AzureWorkload%27%20and%20status%20eq%20%27Registered%27
  response:
    body:
      string: '{"value":[{"id":"/subscriptions/00000000-0000-0000-0000-000000000000/resourceGroups/saphana-clitest-rg/providers/Microsoft.RecoveryServices/vaults/saphana-clitest-vault2/backupFabrics/Azure/protectionContainers/VMAppContainer;Compute;saphana-clitest-rg;saphana-clitest-vm2","name":"VMAppContainer;Compute;saphana-clitest-rg;saphana-clitest-vm2","type":"Microsoft.RecoveryServices/vaults/backupFabrics/protectionContainers","properties":{"sourceResourceId":"/subscriptions/00000000-0000-0000-0000-000000000000/resourceGroups/saphana-clitest-rg/providers/Microsoft.Compute/virtualMachines/saphana-clitest-vm2","lastUpdatedTime":"2021-12-13T12:26:20.5711009Z","extendedInfo":{"hostServerName":"saphana-clitest-vm2","inquiryInfo":{"status":"Success","errorDetail":{"code":"Success","message":"","recommendations":[""]},"inquiryDetails":[{"type":"SAPHana","itemCount":2,"inquiryValidation":{"status":"Success","errorDetail":{"code":"Success","message":"","recommendations":[""]},"additionalDetail":"","protectableItemCount":{"SAPHanaSystem":1,"SAPHanaDatabase":2}}}]}},"friendlyName":"saphana-clitest-vm2","backupManagementType":"AzureWorkload","registrationStatus":"Registered","healthStatus":"Healthy","containerType":"VMAppContainer","protectableObjectType":"VMAppContainer"}}]}'
    headers:
      cache-control:
      - no-cache
      content-length:
      - '1276'
      content-type:
      - application/json
      date:
      - Mon, 13 Dec 2021 12:28:27 GMT
      expires:
      - '-1'
      pragma:
      - no-cache
      server:
      - Microsoft-IIS/10.0
      strict-transport-security:
      - max-age=31536000; includeSubDomains
      transfer-encoding:
      - chunked
      vary:
      - Accept-Encoding
      x-content-type-options:
      - nosniff
      x-ms-ratelimit-remaining-subscription-resource-requests:
      - '298'
      x-powered-by:
      - ASP.NET
    status:
      code: 200
      message: OK
- request:
    body: null
    headers:
      Accept:
      - application/json
      Accept-Encoding:
      - gzip, deflate
      CommandName:
      - backup protection enable-for-azurewl
      Connection:
      - keep-alive
      ParameterSetName:
      - -v -g -p --protectable-item-type --protectable-item-name --server-name --workload-type
      User-Agent:
      - AZURECLI/2.31.0 (MSI) azsdk-python-mgmt-recoveryservicesbackup/3.0.0 Python/3.8.5
        (Windows-10-10.0.19041-SP0)
    method: GET
    uri: https://management.azure.com/subscriptions/00000000-0000-0000-0000-000000000000/resourceGroups/saphana-clitest-rg/providers/Microsoft.RecoveryServices/vaults/saphana-clitest-vault2/backupProtectableItems?api-version=2021-08-01&$filter=backupManagementType%20eq%20%27AzureWorkload%27%20and%20workloadType%20eq%20%27SAPHanaDatabase%27
  response:
    body:
      string: '{"value":[{"id":"/subscriptions/00000000-0000-0000-0000-000000000000/resourceGroups/saphana-clitest-rg/providers/Microsoft.RecoveryServices/vaults/saphana-clitest-vault2/backupFabrics/Azure/protectionContainers/vmappcontainer;compute;saphana-clitest-rg;saphana-clitest-vm2/protectableItems/saphanasystem;hxe","name":"saphanasystem;hxe","type":"Microsoft.RecoveryServices/vaults/backupFabrics/protectionContainers/protectableItems","properties":{"parentName":"HXE","serverName":"saphana-clitest-vm2","isAutoProtectable":false,"isAutoProtected":false,"subinquireditemcount":2,"subprotectableitemcount":0,"prebackupvalidation":{"status":"Success","code":"Success"},"IsProtectable":false,"backupManagementType":"AzureWorkload","workloadType":"SAPHana","protectableItemType":"SAPHanaSystem","friendlyName":"HXE","protectionState":"NotProtected"}},{"id":"/subscriptions/00000000-0000-0000-0000-000000000000/resourceGroups/saphana-clitest-rg/providers/Microsoft.RecoveryServices/vaults/saphana-clitest-vault2/backupFabrics/Azure/protectionContainers/vmappcontainer;compute;saphana-clitest-rg;saphana-clitest-vm2/protectableItems/saphanadatabase;hxe;hxe","name":"saphanadatabase;hxe;hxe","type":"Microsoft.RecoveryServices/vaults/backupFabrics/protectionContainers/protectableItems","properties":{"parentName":"HXE","serverName":"saphana-clitest-vm2","isAutoProtectable":false,"isAutoProtected":false,"subinquireditemcount":0,"subprotectableitemcount":0,"IsProtectable":true,"backupManagementType":"AzureWorkload","workloadType":"SAPHana","protectableItemType":"SAPHanaDatabase","friendlyName":"HXE","protectionState":"NotProtected"}},{"id":"/subscriptions/00000000-0000-0000-0000-000000000000/resourceGroups/saphana-clitest-rg/providers/Microsoft.RecoveryServices/vaults/saphana-clitest-vault2/backupFabrics/Azure/protectionContainers/vmappcontainer;compute;saphana-clitest-rg;saphana-clitest-vm2/protectableItems/saphanadatabase;hxe;systemdb","name":"saphanadatabase;hxe;systemdb","type":"Microsoft.RecoveryServices/vaults/backupFabrics/protectionContainers/protectableItems","properties":{"parentName":"HXE","serverName":"saphana-clitest-vm2","isAutoProtectable":false,"isAutoProtected":false,"subinquireditemcount":0,"subprotectableitemcount":0,"IsProtectable":true,"backupManagementType":"AzureWorkload","workloadType":"SAPHana","protectableItemType":"SAPHanaDatabase","friendlyName":"SYSTEMDB","protectionState":"NotProtected"}},{"id":"/subscriptions/00000000-0000-0000-0000-000000000000/resourceGroups/saphana-clitest-rg/providers/Microsoft.RecoveryServices/vaults/saphana-clitest-vault2/backupFabrics/Azure/protectionContainers/vmappcontainer;compute;saphana-clitest-rg;saphana-clitest-vm2/protectableItems/saphanadbinstance;hxe;hxe(dbinstance)","name":"saphanadbinstance;hxe;hxe(dbinstance)","type":"Microsoft.RecoveryServices/vaults/backupFabrics/protectionContainers/protectableItems","properties":{"parentName":"saphana-clitest-vm2","serverName":"saphana-clitest-vm2","isAutoProtectable":false,"isAutoProtected":false,"subinquireditemcount":2,"subprotectableitemcount":0,"prebackupvalidation":{"status":"Success","code":"Success"},"IsProtectable":true,"backupManagementType":"AzureWorkload","workloadType":"SAPHana","protectableItemType":"SAPHanaDBInstance","friendlyName":"HXE","protectionState":"NotProtected"}}]}'
    headers:
      cache-control:
      - no-cache
      content-length:
      - '3319'
      content-type:
      - application/json
      date:
      - Mon, 13 Dec 2021 12:28:29 GMT
      expires:
      - '-1'
      pragma:
      - no-cache
      server:
      - Microsoft-IIS/10.0
      strict-transport-security:
      - max-age=31536000; includeSubDomains
      transfer-encoding:
      - chunked
      vary:
      - Accept-Encoding
      x-content-type-options:
      - nosniff
      x-ms-ratelimit-remaining-subscription-resource-requests:
      - '299'
      x-powered-by:
      - ASP.NET
    status:
      code: 200
      message: OK
- request:
    body: null
    headers:
      Accept:
      - application/json
      Accept-Encoding:
      - gzip, deflate
      CommandName:
      - backup protection enable-for-azurewl
      Connection:
      - keep-alive
      ParameterSetName:
      - -v -g -p --protectable-item-type --protectable-item-name --server-name --workload-type
      User-Agent:
      - AZURECLI/2.31.0 (MSI) azsdk-python-mgmt-recoveryservicesbackup/3.0.0 Python/3.8.5
        (Windows-10-10.0.19041-SP0)
    method: GET
    uri: https://management.azure.com/subscriptions/00000000-0000-0000-0000-000000000000/resourceGroups/saphana-clitest-rg/providers/Microsoft.RecoveryServices/vaults/saphana-clitest-vault2/backupPolicies/saphana-clitest-policy?api-version=2021-08-01
  response:
    body:
      string: '{"id":"/subscriptions/00000000-0000-0000-0000-000000000000/resourceGroups/saphana-clitest-rg/providers/Microsoft.RecoveryServices/vaults/saphana-clitest-vault2/backupPolicies/saphana-clitest-policy","name":"saphana-clitest-policy","type":"Microsoft.RecoveryServices/vaults/backupPolicies","properties":{"backupManagementType":"AzureWorkload","workLoadType":"SAPHanaDatabase","settings":{"timeZone":"UTC","issqlcompression":false,"isCompression":false},"subProtectionPolicy":[{"policyType":"Full","schedulePolicy":{"schedulePolicyType":"SimpleSchedulePolicy","scheduleRunFrequency":"Daily","scheduleRunTimes":["2020-09-30T19:30:00Z"],"scheduleWeeklyFrequency":0},"retentionPolicy":{"retentionPolicyType":"LongTermRetentionPolicy","dailySchedule":{"retentionTimes":["2020-09-30T19:30:00Z"],"retentionDuration":{"count":180,"durationType":"Days"}},"weeklySchedule":{"daysOfTheWeek":["Sunday"],"retentionTimes":["2020-09-30T19:30:00Z"],"retentionDuration":{"count":104,"durationType":"Weeks"}},"monthlySchedule":{"retentionScheduleFormatType":"Weekly","retentionScheduleWeekly":{"daysOfTheWeek":["Sunday"],"weeksOfTheMonth":["First"]},"retentionTimes":["2020-09-30T19:30:00Z"],"retentionDuration":{"count":60,"durationType":"Months"}},"yearlySchedule":{"retentionScheduleFormatType":"Weekly","monthsOfYear":["January"],"retentionScheduleWeekly":{"daysOfTheWeek":["Sunday"],"weeksOfTheMonth":["First"]},"retentionTimes":["2020-09-30T19:30:00Z"],"retentionDuration":{"count":10,"durationType":"Years"}}}},{"policyType":"Log","schedulePolicy":{"schedulePolicyType":"LogSchedulePolicy","scheduleFrequencyInMins":120},"retentionPolicy":{"retentionPolicyType":"SimpleRetentionPolicy","retentionDuration":{"count":15,"durationType":"Days"}}}],"protectedItemsCount":0}}'
    headers:
      cache-control:
      - no-cache
      content-length:
      - '1757'
      content-type:
      - application/json
      date:
      - Mon, 13 Dec 2021 12:28:31 GMT
      expires:
      - '-1'
      pragma:
      - no-cache
      server:
      - Microsoft-IIS/10.0
      strict-transport-security:
      - max-age=31536000; includeSubDomains
      transfer-encoding:
      - chunked
      vary:
      - Accept-Encoding
      x-content-type-options:
      - nosniff
      x-ms-ratelimit-remaining-subscription-resource-requests:
      - '299'
      x-powered-by:
      - ASP.NET
    status:
      code: 200
      message: OK
- request:
    body: '{"properties": {"protectedItemType": "AzureVmWorkloadSAPHanaDatabase",
      "backupManagementType": "AzureWorkload", "workloadType": "SAPHanaDatabase",
      "policyId": "/subscriptions/00000000-0000-0000-0000-000000000000/resourceGroups/saphana-clitest-rg/providers/Microsoft.RecoveryServices/vaults/saphana-clitest-vault2/backupPolicies/saphana-clitest-policy"}}'
    headers:
      Accept:
      - application/json
      Accept-Encoding:
      - gzip, deflate
      CommandName:
      - backup protection enable-for-azurewl
      Connection:
      - keep-alive
      Content-Length:
      - '353'
      Content-Type:
      - application/json
      ParameterSetName:
      - -v -g -p --protectable-item-type --protectable-item-name --server-name --workload-type
      User-Agent:
      - AZURECLI/2.31.0 (MSI) azsdk-python-mgmt-recoveryservicesbackup/3.0.0 Python/3.8.5
        (Windows-10-10.0.19041-SP0)
    method: PUT
    uri: https://management.azure.com/subscriptions/00000000-0000-0000-0000-000000000000/resourceGroups/saphana-clitest-rg/providers/Microsoft.RecoveryServices/vaults/saphana-clitest-vault2/backupFabrics/Azure/protectionContainers/vmappcontainer%3Bcompute%3Bsaphana-clitest-rg%3Bsaphana-clitest-vm2/protectedItems/saphanadatabase%3Bhxe%3Bsystemdb?api-version=2021-08-01
  response:
    body:
      string: ''
    headers:
      azure-asyncoperation:
      - https://management.azure.com/subscriptions/00000000-0000-0000-0000-000000000000/resourceGroups/saphana-clitest-rg/providers/Microsoft.RecoveryServices/vaults/saphana-clitest-vault2/backupFabrics/Azure/protectionContainers/vmappcontainer;compute;saphana-clitest-rg;saphana-clitest-vm2/protectedItems/saphanadatabase;hxe;systemdb/operationsStatus/02dfee7f-6d1c-451f-8470-7b8ef475b7c6?api-version=2021-08-01
      cache-control:
      - no-cache
      content-length:
      - '0'
      date:
      - Mon, 13 Dec 2021 12:28:33 GMT
      expires:
      - '-1'
      location:
      - https://management.azure.com/subscriptions/00000000-0000-0000-0000-000000000000/resourceGroups/saphana-clitest-rg/providers/Microsoft.RecoveryServices/vaults/saphana-clitest-vault2/backupFabrics/Azure/protectionContainers/vmappcontainer;compute;saphana-clitest-rg;saphana-clitest-vm2/protectedItems/saphanadatabase;hxe;systemdb/operationResults/02dfee7f-6d1c-451f-8470-7b8ef475b7c6?api-version=2021-08-01
      pragma:
      - no-cache
      strict-transport-security:
      - max-age=31536000; includeSubDomains
      x-content-type-options:
      - nosniff
      x-ms-ratelimit-remaining-subscription-writes:
      - '1199'
      x-powered-by:
      - ASP.NET
    status:
      code: 202
      message: Accepted
- request:
    body: null
    headers:
      Accept:
      - application/json
      Accept-Encoding:
      - gzip, deflate
      CommandName:
      - backup protection enable-for-azurewl
      Connection:
      - keep-alive
      ParameterSetName:
      - -v -g -p --protectable-item-type --protectable-item-name --server-name --workload-type
      User-Agent:
      - AZURECLI/2.31.0 (MSI) azsdk-python-mgmt-recoveryservicesbackup/3.0.0 Python/3.8.5
        (Windows-10-10.0.19041-SP0)
    method: GET
    uri: https://management.azure.com/subscriptions/00000000-0000-0000-0000-000000000000/resourceGroups/saphana-clitest-rg/providers/Microsoft.RecoveryServices/vaults/saphana-clitest-vault2/backupOperations/02dfee7f-6d1c-451f-8470-7b8ef475b7c6?api-version=2021-08-01
  response:
    body:
      string: '{"id":"02dfee7f-6d1c-451f-8470-7b8ef475b7c6","name":"02dfee7f-6d1c-451f-8470-7b8ef475b7c6","status":"InProgress","startTime":"2021-12-13T12:28:33.3908424Z","endTime":"0001-01-01T00:00:00"}'
    headers:
      cache-control:
      - no-cache
      content-length:
      - '188'
      content-type:
      - application/json
      date:
      - Mon, 13 Dec 2021 12:28:35 GMT
      expires:
      - '-1'
      pragma:
      - no-cache
      server:
      - Microsoft-IIS/10.0
      strict-transport-security:
      - max-age=31536000; includeSubDomains
      transfer-encoding:
      - chunked
      vary:
      - Accept-Encoding
      x-content-type-options:
      - nosniff
      x-ms-ratelimit-remaining-subscription-resource-requests:
      - '299'
      x-powered-by:
      - ASP.NET
    status:
      code: 200
      message: OK
- request:
    body: null
    headers:
      Accept:
      - application/json
      Accept-Encoding:
      - gzip, deflate
      CommandName:
      - backup protection enable-for-azurewl
      Connection:
      - keep-alive
      ParameterSetName:
      - -v -g -p --protectable-item-type --protectable-item-name --server-name --workload-type
      User-Agent:
      - AZURECLI/2.31.0 (MSI) azsdk-python-mgmt-recoveryservicesbackup/3.0.0 Python/3.8.5
        (Windows-10-10.0.19041-SP0)
    method: GET
    uri: https://management.azure.com/subscriptions/00000000-0000-0000-0000-000000000000/resourceGroups/saphana-clitest-rg/providers/Microsoft.RecoveryServices/vaults/saphana-clitest-vault2/backupOperations/02dfee7f-6d1c-451f-8470-7b8ef475b7c6?api-version=2021-08-01
  response:
    body:
      string: '{"id":"02dfee7f-6d1c-451f-8470-7b8ef475b7c6","name":"02dfee7f-6d1c-451f-8470-7b8ef475b7c6","status":"InProgress","startTime":"2021-12-13T12:28:33.3908424Z","endTime":"0001-01-01T00:00:00"}'
    headers:
      cache-control:
      - no-cache
      content-length:
      - '188'
      content-type:
      - application/json
      date:
      - Mon, 13 Dec 2021 12:28:40 GMT
      expires:
      - '-1'
      pragma:
      - no-cache
      server:
      - Microsoft-IIS/10.0
      strict-transport-security:
      - max-age=31536000; includeSubDomains
      transfer-encoding:
      - chunked
      vary:
      - Accept-Encoding
      x-content-type-options:
      - nosniff
      x-ms-ratelimit-remaining-subscription-resource-requests:
      - '298'
      x-powered-by:
      - ASP.NET
    status:
      code: 200
      message: OK
- request:
    body: null
    headers:
      Accept:
      - application/json
      Accept-Encoding:
      - gzip, deflate
      CommandName:
      - backup protection enable-for-azurewl
      Connection:
      - keep-alive
      ParameterSetName:
      - -v -g -p --protectable-item-type --protectable-item-name --server-name --workload-type
      User-Agent:
      - AZURECLI/2.31.0 (MSI) azsdk-python-mgmt-recoveryservicesbackup/3.0.0 Python/3.8.5
        (Windows-10-10.0.19041-SP0)
    method: GET
    uri: https://management.azure.com/subscriptions/00000000-0000-0000-0000-000000000000/resourceGroups/saphana-clitest-rg/providers/Microsoft.RecoveryServices/vaults/saphana-clitest-vault2/backupOperations/02dfee7f-6d1c-451f-8470-7b8ef475b7c6?api-version=2021-08-01
  response:
    body:
      string: '{"id":"02dfee7f-6d1c-451f-8470-7b8ef475b7c6","name":"02dfee7f-6d1c-451f-8470-7b8ef475b7c6","status":"InProgress","startTime":"2021-12-13T12:28:33.3908424Z","endTime":"0001-01-01T00:00:00"}'
    headers:
      cache-control:
      - no-cache
      content-length:
      - '188'
      content-type:
      - application/json
      date:
      - Mon, 13 Dec 2021 12:28:45 GMT
      expires:
      - '-1'
      pragma:
      - no-cache
      server:
      - Microsoft-IIS/10.0
      strict-transport-security:
      - max-age=31536000; includeSubDomains
      transfer-encoding:
      - chunked
      vary:
      - Accept-Encoding
      x-content-type-options:
      - nosniff
      x-ms-ratelimit-remaining-subscription-resource-requests:
      - '297'
      x-powered-by:
      - ASP.NET
    status:
      code: 200
      message: OK
- request:
    body: null
    headers:
      Accept:
      - application/json
      Accept-Encoding:
      - gzip, deflate
      CommandName:
      - backup protection enable-for-azurewl
      Connection:
      - keep-alive
      ParameterSetName:
      - -v -g -p --protectable-item-type --protectable-item-name --server-name --workload-type
      User-Agent:
      - AZURECLI/2.31.0 (MSI) azsdk-python-mgmt-recoveryservicesbackup/3.0.0 Python/3.8.5
        (Windows-10-10.0.19041-SP0)
    method: GET
    uri: https://management.azure.com/subscriptions/00000000-0000-0000-0000-000000000000/resourceGroups/saphana-clitest-rg/providers/Microsoft.RecoveryServices/vaults/saphana-clitest-vault2/backupOperations/02dfee7f-6d1c-451f-8470-7b8ef475b7c6?api-version=2021-08-01
  response:
    body:
      string: '{"id":"02dfee7f-6d1c-451f-8470-7b8ef475b7c6","name":"02dfee7f-6d1c-451f-8470-7b8ef475b7c6","status":"InProgress","startTime":"2021-12-13T12:28:33.3908424Z","endTime":"0001-01-01T00:00:00"}'
    headers:
      cache-control:
      - no-cache
      content-length:
      - '188'
      content-type:
      - application/json
      date:
      - Mon, 13 Dec 2021 12:28:51 GMT
      expires:
      - '-1'
      pragma:
      - no-cache
      server:
      - Microsoft-IIS/10.0
      strict-transport-security:
      - max-age=31536000; includeSubDomains
      transfer-encoding:
      - chunked
      vary:
      - Accept-Encoding
      x-content-type-options:
      - nosniff
      x-ms-ratelimit-remaining-subscription-resource-requests:
      - '296'
      x-powered-by:
      - ASP.NET
    status:
      code: 200
      message: OK
- request:
    body: null
    headers:
      Accept:
      - application/json
      Accept-Encoding:
      - gzip, deflate
      CommandName:
      - backup protection enable-for-azurewl
      Connection:
      - keep-alive
      ParameterSetName:
      - -v -g -p --protectable-item-type --protectable-item-name --server-name --workload-type
      User-Agent:
      - AZURECLI/2.31.0 (MSI) azsdk-python-mgmt-recoveryservicesbackup/3.0.0 Python/3.8.5
        (Windows-10-10.0.19041-SP0)
    method: GET
    uri: https://management.azure.com/subscriptions/00000000-0000-0000-0000-000000000000/resourceGroups/saphana-clitest-rg/providers/Microsoft.RecoveryServices/vaults/saphana-clitest-vault2/backupOperations/02dfee7f-6d1c-451f-8470-7b8ef475b7c6?api-version=2021-08-01
  response:
    body:
      string: '{"id":"02dfee7f-6d1c-451f-8470-7b8ef475b7c6","name":"02dfee7f-6d1c-451f-8470-7b8ef475b7c6","status":"InProgress","startTime":"2021-12-13T12:28:33.3908424Z","endTime":"0001-01-01T00:00:00"}'
    headers:
      cache-control:
      - no-cache
      content-length:
      - '188'
      content-type:
      - application/json
      date:
      - Mon, 13 Dec 2021 12:28:56 GMT
      expires:
      - '-1'
      pragma:
      - no-cache
      server:
      - Microsoft-IIS/10.0
      strict-transport-security:
      - max-age=31536000; includeSubDomains
      transfer-encoding:
      - chunked
      vary:
      - Accept-Encoding
      x-content-type-options:
      - nosniff
      x-ms-ratelimit-remaining-subscription-resource-requests:
      - '295'
      x-powered-by:
      - ASP.NET
    status:
      code: 200
      message: OK
- request:
    body: null
    headers:
      Accept:
      - application/json
      Accept-Encoding:
      - gzip, deflate
      CommandName:
      - backup protection enable-for-azurewl
      Connection:
      - keep-alive
      ParameterSetName:
      - -v -g -p --protectable-item-type --protectable-item-name --server-name --workload-type
      User-Agent:
      - AZURECLI/2.31.0 (MSI) azsdk-python-mgmt-recoveryservicesbackup/3.0.0 Python/3.8.5
        (Windows-10-10.0.19041-SP0)
    method: GET
    uri: https://management.azure.com/subscriptions/00000000-0000-0000-0000-000000000000/resourceGroups/saphana-clitest-rg/providers/Microsoft.RecoveryServices/vaults/saphana-clitest-vault2/backupOperations/02dfee7f-6d1c-451f-8470-7b8ef475b7c6?api-version=2021-08-01
  response:
    body:
      string: '{"id":"02dfee7f-6d1c-451f-8470-7b8ef475b7c6","name":"02dfee7f-6d1c-451f-8470-7b8ef475b7c6","status":"InProgress","startTime":"2021-12-13T12:28:33.3908424Z","endTime":"0001-01-01T00:00:00"}'
    headers:
      cache-control:
      - no-cache
      content-length:
      - '188'
      content-type:
      - application/json
      date:
      - Mon, 13 Dec 2021 12:29:01 GMT
      expires:
      - '-1'
      pragma:
      - no-cache
      server:
      - Microsoft-IIS/10.0
      strict-transport-security:
      - max-age=31536000; includeSubDomains
      transfer-encoding:
      - chunked
      vary:
      - Accept-Encoding
      x-content-type-options:
      - nosniff
      x-ms-ratelimit-remaining-subscription-resource-requests:
      - '294'
      x-powered-by:
      - ASP.NET
    status:
      code: 200
      message: OK
- request:
    body: null
    headers:
      Accept:
      - application/json
      Accept-Encoding:
      - gzip, deflate
      CommandName:
      - backup protection enable-for-azurewl
      Connection:
      - keep-alive
      ParameterSetName:
      - -v -g -p --protectable-item-type --protectable-item-name --server-name --workload-type
      User-Agent:
      - AZURECLI/2.31.0 (MSI) azsdk-python-mgmt-recoveryservicesbackup/3.0.0 Python/3.8.5
        (Windows-10-10.0.19041-SP0)
    method: GET
    uri: https://management.azure.com/subscriptions/00000000-0000-0000-0000-000000000000/resourceGroups/saphana-clitest-rg/providers/Microsoft.RecoveryServices/vaults/saphana-clitest-vault2/backupOperations/02dfee7f-6d1c-451f-8470-7b8ef475b7c6?api-version=2021-08-01
  response:
    body:
      string: '{"id":"02dfee7f-6d1c-451f-8470-7b8ef475b7c6","name":"02dfee7f-6d1c-451f-8470-7b8ef475b7c6","status":"InProgress","startTime":"2021-12-13T12:28:33.3908424Z","endTime":"0001-01-01T00:00:00"}'
    headers:
      cache-control:
      - no-cache
      content-length:
      - '188'
      content-type:
      - application/json
      date:
      - Mon, 13 Dec 2021 12:29:07 GMT
      expires:
      - '-1'
      pragma:
      - no-cache
      server:
      - Microsoft-IIS/10.0
      strict-transport-security:
      - max-age=31536000; includeSubDomains
      transfer-encoding:
      - chunked
      vary:
      - Accept-Encoding
      x-content-type-options:
      - nosniff
      x-ms-ratelimit-remaining-subscription-resource-requests:
      - '293'
      x-powered-by:
      - ASP.NET
    status:
      code: 200
      message: OK
- request:
    body: null
    headers:
      Accept:
      - application/json
      Accept-Encoding:
      - gzip, deflate
      CommandName:
      - backup protection enable-for-azurewl
      Connection:
      - keep-alive
      ParameterSetName:
      - -v -g -p --protectable-item-type --protectable-item-name --server-name --workload-type
      User-Agent:
      - AZURECLI/2.31.0 (MSI) azsdk-python-mgmt-recoveryservicesbackup/3.0.0 Python/3.8.5
        (Windows-10-10.0.19041-SP0)
    method: GET
    uri: https://management.azure.com/subscriptions/00000000-0000-0000-0000-000000000000/resourceGroups/saphana-clitest-rg/providers/Microsoft.RecoveryServices/vaults/saphana-clitest-vault2/backupOperations/02dfee7f-6d1c-451f-8470-7b8ef475b7c6?api-version=2021-08-01
  response:
    body:
      string: '{"id":"02dfee7f-6d1c-451f-8470-7b8ef475b7c6","name":"02dfee7f-6d1c-451f-8470-7b8ef475b7c6","status":"InProgress","startTime":"2021-12-13T12:28:33.3908424Z","endTime":"0001-01-01T00:00:00"}'
    headers:
      cache-control:
      - no-cache
      content-length:
      - '188'
      content-type:
      - application/json
      date:
      - Mon, 13 Dec 2021 12:29:12 GMT
      expires:
      - '-1'
      pragma:
      - no-cache
      server:
      - Microsoft-IIS/10.0
      strict-transport-security:
      - max-age=31536000; includeSubDomains
      transfer-encoding:
      - chunked
      vary:
      - Accept-Encoding
      x-content-type-options:
      - nosniff
      x-ms-ratelimit-remaining-subscription-resource-requests:
      - '292'
      x-powered-by:
      - ASP.NET
    status:
      code: 200
      message: OK
- request:
    body: null
    headers:
      Accept:
      - application/json
      Accept-Encoding:
      - gzip, deflate
      CommandName:
      - backup protection enable-for-azurewl
      Connection:
      - keep-alive
      ParameterSetName:
      - -v -g -p --protectable-item-type --protectable-item-name --server-name --workload-type
      User-Agent:
      - AZURECLI/2.31.0 (MSI) azsdk-python-mgmt-recoveryservicesbackup/3.0.0 Python/3.8.5
        (Windows-10-10.0.19041-SP0)
    method: GET
    uri: https://management.azure.com/subscriptions/00000000-0000-0000-0000-000000000000/resourceGroups/saphana-clitest-rg/providers/Microsoft.RecoveryServices/vaults/saphana-clitest-vault2/backupOperations/02dfee7f-6d1c-451f-8470-7b8ef475b7c6?api-version=2021-08-01
  response:
    body:
      string: '{"id":"02dfee7f-6d1c-451f-8470-7b8ef475b7c6","name":"02dfee7f-6d1c-451f-8470-7b8ef475b7c6","status":"InProgress","startTime":"2021-12-13T12:28:33.3908424Z","endTime":"0001-01-01T00:00:00"}'
    headers:
      cache-control:
      - no-cache
      content-length:
      - '188'
      content-type:
      - application/json
      date:
      - Mon, 13 Dec 2021 12:29:18 GMT
      expires:
      - '-1'
      pragma:
      - no-cache
      server:
      - Microsoft-IIS/10.0
      strict-transport-security:
      - max-age=31536000; includeSubDomains
      transfer-encoding:
      - chunked
      vary:
      - Accept-Encoding
      x-content-type-options:
      - nosniff
      x-ms-ratelimit-remaining-subscription-resource-requests:
      - '291'
      x-powered-by:
      - ASP.NET
    status:
      code: 200
      message: OK
- request:
    body: null
    headers:
      Accept:
      - application/json
      Accept-Encoding:
      - gzip, deflate
      CommandName:
      - backup protection enable-for-azurewl
      Connection:
      - keep-alive
      ParameterSetName:
      - -v -g -p --protectable-item-type --protectable-item-name --server-name --workload-type
      User-Agent:
      - AZURECLI/2.31.0 (MSI) azsdk-python-mgmt-recoveryservicesbackup/3.0.0 Python/3.8.5
        (Windows-10-10.0.19041-SP0)
    method: GET
    uri: https://management.azure.com/subscriptions/00000000-0000-0000-0000-000000000000/resourceGroups/saphana-clitest-rg/providers/Microsoft.RecoveryServices/vaults/saphana-clitest-vault2/backupOperations/02dfee7f-6d1c-451f-8470-7b8ef475b7c6?api-version=2021-08-01
  response:
    body:
      string: '{"id":"02dfee7f-6d1c-451f-8470-7b8ef475b7c6","name":"02dfee7f-6d1c-451f-8470-7b8ef475b7c6","status":"InProgress","startTime":"2021-12-13T12:28:33.3908424Z","endTime":"0001-01-01T00:00:00"}'
    headers:
      cache-control:
      - no-cache
      content-length:
      - '188'
      content-type:
      - application/json
      date:
      - Mon, 13 Dec 2021 12:29:23 GMT
      expires:
      - '-1'
      pragma:
      - no-cache
      server:
      - Microsoft-IIS/10.0
      strict-transport-security:
      - max-age=31536000; includeSubDomains
      transfer-encoding:
      - chunked
      vary:
      - Accept-Encoding
      x-content-type-options:
      - nosniff
      x-ms-ratelimit-remaining-subscription-resource-requests:
      - '290'
      x-powered-by:
      - ASP.NET
    status:
      code: 200
      message: OK
- request:
    body: null
    headers:
      Accept:
      - application/json
      Accept-Encoding:
      - gzip, deflate
      CommandName:
      - backup protection enable-for-azurewl
      Connection:
      - keep-alive
      ParameterSetName:
      - -v -g -p --protectable-item-type --protectable-item-name --server-name --workload-type
      User-Agent:
      - AZURECLI/2.31.0 (MSI) azsdk-python-mgmt-recoveryservicesbackup/3.0.0 Python/3.8.5
        (Windows-10-10.0.19041-SP0)
    method: GET
    uri: https://management.azure.com/subscriptions/00000000-0000-0000-0000-000000000000/resourceGroups/saphana-clitest-rg/providers/Microsoft.RecoveryServices/vaults/saphana-clitest-vault2/backupOperations/02dfee7f-6d1c-451f-8470-7b8ef475b7c6?api-version=2021-08-01
  response:
    body:
      string: '{"id":"02dfee7f-6d1c-451f-8470-7b8ef475b7c6","name":"02dfee7f-6d1c-451f-8470-7b8ef475b7c6","status":"InProgress","startTime":"2021-12-13T12:28:33.3908424Z","endTime":"0001-01-01T00:00:00"}'
    headers:
      cache-control:
      - no-cache
      content-length:
      - '188'
      content-type:
      - application/json
      date:
      - Mon, 13 Dec 2021 12:29:28 GMT
      expires:
      - '-1'
      pragma:
      - no-cache
      server:
      - Microsoft-IIS/10.0
      strict-transport-security:
      - max-age=31536000; includeSubDomains
      transfer-encoding:
      - chunked
      vary:
      - Accept-Encoding
      x-content-type-options:
      - nosniff
      x-ms-ratelimit-remaining-subscription-resource-requests:
      - '289'
      x-powered-by:
      - ASP.NET
    status:
      code: 200
      message: OK
- request:
    body: null
    headers:
      Accept:
      - application/json
      Accept-Encoding:
      - gzip, deflate
      CommandName:
      - backup protection enable-for-azurewl
      Connection:
      - keep-alive
      ParameterSetName:
      - -v -g -p --protectable-item-type --protectable-item-name --server-name --workload-type
      User-Agent:
      - AZURECLI/2.31.0 (MSI) azsdk-python-mgmt-recoveryservicesbackup/3.0.0 Python/3.8.5
        (Windows-10-10.0.19041-SP0)
    method: GET
    uri: https://management.azure.com/subscriptions/00000000-0000-0000-0000-000000000000/resourceGroups/saphana-clitest-rg/providers/Microsoft.RecoveryServices/vaults/saphana-clitest-vault2/backupOperations/02dfee7f-6d1c-451f-8470-7b8ef475b7c6?api-version=2021-08-01
  response:
    body:
      string: '{"id":"02dfee7f-6d1c-451f-8470-7b8ef475b7c6","name":"02dfee7f-6d1c-451f-8470-7b8ef475b7c6","status":"InProgress","startTime":"2021-12-13T12:28:33.3908424Z","endTime":"0001-01-01T00:00:00"}'
    headers:
      cache-control:
      - no-cache
      content-length:
      - '188'
      content-type:
      - application/json
      date:
      - Mon, 13 Dec 2021 12:29:34 GMT
      expires:
      - '-1'
      pragma:
      - no-cache
      server:
      - Microsoft-IIS/10.0
      strict-transport-security:
      - max-age=31536000; includeSubDomains
      transfer-encoding:
      - chunked
      vary:
      - Accept-Encoding
      x-content-type-options:
      - nosniff
      x-ms-ratelimit-remaining-subscription-resource-requests:
      - '288'
      x-powered-by:
      - ASP.NET
    status:
      code: 200
      message: OK
- request:
    body: null
    headers:
      Accept:
      - application/json
      Accept-Encoding:
      - gzip, deflate
      CommandName:
      - backup protection enable-for-azurewl
      Connection:
      - keep-alive
      ParameterSetName:
      - -v -g -p --protectable-item-type --protectable-item-name --server-name --workload-type
      User-Agent:
      - AZURECLI/2.31.0 (MSI) azsdk-python-mgmt-recoveryservicesbackup/3.0.0 Python/3.8.5
        (Windows-10-10.0.19041-SP0)
    method: GET
    uri: https://management.azure.com/subscriptions/00000000-0000-0000-0000-000000000000/resourceGroups/saphana-clitest-rg/providers/Microsoft.RecoveryServices/vaults/saphana-clitest-vault2/backupOperations/02dfee7f-6d1c-451f-8470-7b8ef475b7c6?api-version=2021-08-01
  response:
    body:
      string: '{"id":"02dfee7f-6d1c-451f-8470-7b8ef475b7c6","name":"02dfee7f-6d1c-451f-8470-7b8ef475b7c6","status":"InProgress","startTime":"2021-12-13T12:28:33.3908424Z","endTime":"0001-01-01T00:00:00"}'
    headers:
      cache-control:
      - no-cache
      content-length:
      - '188'
      content-type:
      - application/json
      date:
      - Mon, 13 Dec 2021 12:29:39 GMT
      expires:
      - '-1'
      pragma:
      - no-cache
      server:
      - Microsoft-IIS/10.0
      strict-transport-security:
      - max-age=31536000; includeSubDomains
      transfer-encoding:
      - chunked
      vary:
      - Accept-Encoding
      x-content-type-options:
      - nosniff
      x-ms-ratelimit-remaining-subscription-resource-requests:
      - '287'
      x-powered-by:
      - ASP.NET
    status:
      code: 200
      message: OK
- request:
    body: null
    headers:
      Accept:
      - application/json
      Accept-Encoding:
      - gzip, deflate
      CommandName:
      - backup protection enable-for-azurewl
      Connection:
      - keep-alive
      ParameterSetName:
      - -v -g -p --protectable-item-type --protectable-item-name --server-name --workload-type
      User-Agent:
      - AZURECLI/2.31.0 (MSI) azsdk-python-mgmt-recoveryservicesbackup/3.0.0 Python/3.8.5
        (Windows-10-10.0.19041-SP0)
    method: GET
    uri: https://management.azure.com/subscriptions/00000000-0000-0000-0000-000000000000/resourceGroups/saphana-clitest-rg/providers/Microsoft.RecoveryServices/vaults/saphana-clitest-vault2/backupOperations/02dfee7f-6d1c-451f-8470-7b8ef475b7c6?api-version=2021-08-01
  response:
    body:
      string: '{"id":"02dfee7f-6d1c-451f-8470-7b8ef475b7c6","name":"02dfee7f-6d1c-451f-8470-7b8ef475b7c6","status":"InProgress","startTime":"2021-12-13T12:28:33.3908424Z","endTime":"0001-01-01T00:00:00"}'
    headers:
      cache-control:
      - no-cache
      content-length:
      - '188'
      content-type:
      - application/json
      date:
      - Mon, 13 Dec 2021 12:29:45 GMT
      expires:
      - '-1'
      pragma:
      - no-cache
      server:
      - Microsoft-IIS/10.0
      strict-transport-security:
      - max-age=31536000; includeSubDomains
      transfer-encoding:
      - chunked
      vary:
      - Accept-Encoding
      x-content-type-options:
      - nosniff
      x-ms-ratelimit-remaining-subscription-resource-requests:
      - '286'
      x-powered-by:
      - ASP.NET
    status:
      code: 200
      message: OK
- request:
    body: null
    headers:
      Accept:
      - application/json
      Accept-Encoding:
      - gzip, deflate
      CommandName:
      - backup protection enable-for-azurewl
      Connection:
      - keep-alive
      ParameterSetName:
      - -v -g -p --protectable-item-type --protectable-item-name --server-name --workload-type
      User-Agent:
      - AZURECLI/2.31.0 (MSI) azsdk-python-mgmt-recoveryservicesbackup/3.0.0 Python/3.8.5
        (Windows-10-10.0.19041-SP0)
    method: GET
    uri: https://management.azure.com/subscriptions/00000000-0000-0000-0000-000000000000/resourceGroups/saphana-clitest-rg/providers/Microsoft.RecoveryServices/vaults/saphana-clitest-vault2/backupOperations/02dfee7f-6d1c-451f-8470-7b8ef475b7c6?api-version=2021-08-01
  response:
    body:
      string: '{"id":"02dfee7f-6d1c-451f-8470-7b8ef475b7c6","name":"02dfee7f-6d1c-451f-8470-7b8ef475b7c6","status":"Succeeded","startTime":"2021-12-13T12:28:33.3908424Z","endTime":"2021-12-13T12:28:33.3908424Z","properties":{"objectType":"OperationStatusJobExtendedInfo","jobId":"9eb80fbb-e32f-41c3-bb5a-99aa48566982"}}'
    headers:
      cache-control:
      - no-cache
      content-length:
      - '304'
      content-type:
      - application/json
      date:
      - Mon, 13 Dec 2021 12:29:51 GMT
      expires:
      - '-1'
      pragma:
      - no-cache
      server:
      - Microsoft-IIS/10.0
      strict-transport-security:
      - max-age=31536000; includeSubDomains
      transfer-encoding:
      - chunked
      vary:
      - Accept-Encoding
      x-content-type-options:
      - nosniff
      x-ms-ratelimit-remaining-subscription-resource-requests:
      - '285'
      x-powered-by:
      - ASP.NET
    status:
      code: 200
      message: OK
- request:
    body: null
    headers:
      Accept:
      - application/json
      Accept-Encoding:
      - gzip, deflate
      CommandName:
      - backup protection enable-for-azurewl
      Connection:
      - keep-alive
      ParameterSetName:
      - -v -g -p --protectable-item-type --protectable-item-name --server-name --workload-type
      User-Agent:
      - AZURECLI/2.31.0 (MSI) azsdk-python-mgmt-recoveryservicesbackup/3.0.0 Python/3.8.5
        (Windows-10-10.0.19041-SP0)
    method: GET
    uri: https://management.azure.com/subscriptions/00000000-0000-0000-0000-000000000000/resourceGroups/saphana-clitest-rg/providers/Microsoft.RecoveryServices/vaults/saphana-clitest-vault2/backupJobs/9eb80fbb-e32f-41c3-bb5a-99aa48566982?api-version=2021-08-01
  response:
    body:
      string: '{"id":"/subscriptions/00000000-0000-0000-0000-000000000000/resourceGroups/saphana-clitest-rg/providers/Microsoft.RecoveryServices/vaults/saphana-clitest-vault2/backupJobs/9eb80fbb-e32f-41c3-bb5a-99aa48566982","name":"9eb80fbb-e32f-41c3-bb5a-99aa48566982","type":"Microsoft.RecoveryServices/vaults/backupJobs","properties":{"jobType":"AzureWorkloadJob","workloadType":"SAPHanaDatabase","duration":"PT1M12.780159S","extendedInfo":{"tasksList":[],"propertyBag":{"Policy
        Name":"saphana-clitest-policy"}},"isUserTriggered":true,"entityFriendlyName":"systemdb","backupManagementType":"AzureWorkload","operation":"ConfigureBackup","status":"Completed","startTime":"2021-12-13T12:28:33.3908424Z","endTime":"2021-12-13T12:29:46.1710014Z","activityId":"2cc3a769-5c10-11ec-a41a-c8f750f92764"}}'
    headers:
      cache-control:
      - no-cache
      content-length:
      - '782'
      content-type:
      - application/json
      date:
      - Mon, 13 Dec 2021 12:29:51 GMT
      expires:
      - '-1'
      pragma:
      - no-cache
      server:
      - Microsoft-IIS/10.0
      - Microsoft-IIS/10.0
      strict-transport-security:
      - max-age=31536000; includeSubDomains
      transfer-encoding:
      - chunked
      vary:
      - Accept-Encoding
      x-content-type-options:
      - nosniff
      x-ms-ratelimit-remaining-subscription-resource-requests:
      - '299'
      x-powered-by:
      - ASP.NET
    status:
      code: 200
      message: OK
- request:
    body: null
    headers:
      Accept:
      - application/json
      Accept-Encoding:
      - gzip, deflate
      CommandName:
      - backup container show
      Connection:
      - keep-alive
      ParameterSetName:
      - -n -v -g --backup-management-type --query
      User-Agent:
      - AZURECLI/2.31.0 (MSI) azsdk-python-mgmt-recoveryservicesbackup/3.0.0 Python/3.8.5
        (Windows-10-10.0.19041-SP0)
    method: GET
    uri: https://management.azure.com/subscriptions/00000000-0000-0000-0000-000000000000/resourceGroups/saphana-clitest-rg/providers/Microsoft.RecoveryServices/vaults/saphana-clitest-vault2/backupProtectionContainers?api-version=2021-08-01&$filter=backupManagementType%20eq%20%27AzureWorkload%27%20and%20status%20eq%20%27Registered%27
  response:
    body:
      string: '{"value":[{"id":"/subscriptions/00000000-0000-0000-0000-000000000000/resourceGroups/saphana-clitest-rg/providers/Microsoft.RecoveryServices/vaults/saphana-clitest-vault2/backupFabrics/Azure/protectionContainers/VMAppContainer;Compute;saphana-clitest-rg;saphana-clitest-vm2","name":"VMAppContainer;Compute;saphana-clitest-rg;saphana-clitest-vm2","type":"Microsoft.RecoveryServices/vaults/backupFabrics/protectionContainers","properties":{"sourceResourceId":"/subscriptions/00000000-0000-0000-0000-000000000000/resourceGroups/saphana-clitest-rg/providers/Microsoft.Compute/virtualMachines/saphana-clitest-vm2","lastUpdatedTime":"2021-12-13T12:26:20.5711009Z","extendedInfo":{"hostServerName":"saphana-clitest-vm2","inquiryInfo":{"status":"Success","errorDetail":{"code":"Success","message":"","recommendations":[""]},"inquiryDetails":[{"type":"SAPHana","itemCount":2,"inquiryValidation":{"status":"Success","errorDetail":{"code":"Success","message":"","recommendations":[""]},"additionalDetail":"","protectableItemCount":{"SAPHanaSystem":1,"SAPHanaDatabase":2}}}]}},"friendlyName":"saphana-clitest-vm2","backupManagementType":"AzureWorkload","registrationStatus":"Registered","healthStatus":"Healthy","containerType":"VMAppContainer","protectableObjectType":"VMAppContainer"}}]}'
    headers:
      cache-control:
      - no-cache
      content-length:
      - '1276'
      content-type:
      - application/json
      date:
      - Mon, 13 Dec 2021 12:29:51 GMT
      expires:
      - '-1'
      pragma:
      - no-cache
      server:
      - Microsoft-IIS/10.0
      strict-transport-security:
      - max-age=31536000; includeSubDomains
      transfer-encoding:
      - chunked
      vary:
      - Accept-Encoding
      x-content-type-options:
      - nosniff
      x-ms-ratelimit-remaining-subscription-resource-requests:
      - '298'
      x-powered-by:
      - ASP.NET
    status:
      code: 200
      message: OK
- request:
    body: null
    headers:
      Accept:
      - application/json
      Accept-Encoding:
      - gzip, deflate
      CommandName:
      - backup recoverypoint list
      Connection:
      - keep-alive
      ParameterSetName:
      - -g -v -c -i --workload-type --query
      User-Agent:
      - AZURECLI/2.31.0 (MSI) azsdk-python-mgmt-recoveryservicesbackup/3.0.0 Python/3.8.5
        (Windows-10-10.0.19041-SP0)
    method: GET
    uri: https://management.azure.com/subscriptions/00000000-0000-0000-0000-000000000000/resourceGroups/saphana-clitest-rg/providers/Microsoft.RecoveryServices/vaults/saphana-clitest-vault2/backupFabrics/Azure/protectionContainers/VMAppContainer%3BCompute%3Bsaphana-clitest-rg%3Bsaphana-clitest-vm2/protectedItems/saphanadatabase%3Bhxe%3Bsystemdb?api-version=2021-08-01
  response:
    body:
      string: '{"id":"/subscriptions/00000000-0000-0000-0000-000000000000/resourceGroups/saphana-clitest-rg/providers/Microsoft.RecoveryServices/vaults/saphana-clitest-vault2/backupFabrics/Azure/protectionContainers/VMAppContainer;compute;saphana-clitest-rg;saphana-clitest-vm2/protectedItems/SAPHanaDatabase;hxe;systemdb","name":"SAPHanaDatabase;hxe;systemdb","type":"Microsoft.RecoveryServices/vaults/backupFabrics/protectionContainers/protectedItems","properties":{"kpisHealths":{},"friendlyName":"systemdb","serverName":"saphana-clitest-vm2","parentName":"HXE","parentType":"AzureVmWorkloadSAPHanaSystem","protectionStatus":"Healthy","protectionState":"IRPending","lastBackupStatus":"IRPending","lastBackupErrorDetail":{"code":"Success","message":""},"protectedItemDataSourceId":"70369638160174","protectedItemHealthStatus":"IRPending","extendedInfo":{"recoveryPointCount":0,"policyState":"Consistent"},"protectedItemType":"AzureVmWorkloadSAPHanaDatabase","backupManagementType":"AzureWorkload","workloadType":"SAPHanaDatabase","containerName":"VMAppContainer;compute;saphana-clitest-rg;saphana-clitest-vm2","sourceResourceId":"/subscriptions/00000000-0000-0000-0000-000000000000/resourceGroups/saphana-clitest-rg/providers/Microsoft.Compute/virtualMachines/saphana-clitest-vm2","policyId":"/subscriptions/00000000-0000-0000-0000-000000000000/resourceGroups/saphana-clitest-rg/providers/Microsoft.RecoveryServices/vaults/saphana-clitest-vault2/backupPolicies/saphana-clitest-policy","isArchiveEnabled":false}}'
    headers:
      cache-control:
      - no-cache
      content-length:
      - '1498'
      content-type:
      - application/json
      date:
      - Mon, 13 Dec 2021 12:29:53 GMT
      expires:
      - '-1'
      pragma:
      - no-cache
      server:
      - Microsoft-IIS/10.0
      strict-transport-security:
      - max-age=31536000; includeSubDomains
      transfer-encoding:
      - chunked
      vary:
      - Accept-Encoding
      x-content-type-options:
      - nosniff
      x-ms-ratelimit-remaining-subscription-resource-requests:
      - '299'
      x-powered-by:
      - ASP.NET
    status:
      code: 200
      message: OK
- request:
    body: null
    headers:
      Accept:
      - application/json
      Accept-Encoding:
      - gzip, deflate
      CommandName:
      - backup recoverypoint list
      Connection:
      - keep-alive
      ParameterSetName:
      - -g -v -c -i --workload-type --query
      User-Agent:
      - AZURECLI/2.31.0 (MSI) azsdk-python-mgmt-recoveryservicesbackup/3.0.0 Python/3.8.5
        (Windows-10-10.0.19041-SP0)
    method: GET
    uri: https://management.azure.com/subscriptions/00000000-0000-0000-0000-000000000000/resourceGroups/saphana-clitest-rg/providers/Microsoft.RecoveryServices/vaults/saphana-clitest-vault2/backupFabrics/Azure/protectionContainers/VMAppContainer%3Bcompute%3Bsaphana-clitest-rg%3Bsaphana-clitest-vm2/protectedItems/SAPHanaDatabase%3Bhxe%3Bsystemdb/recoveryPoints?api-version=2021-08-01
  response:
    body:
      string: '{"value":[{"id":"/subscriptions/00000000-0000-0000-0000-000000000000/resourceGroups/saphana-clitest-rg/providers/Microsoft.RecoveryServices/vaults/saphana-clitest-vault2/backupFabrics/Azure/protectionContainers/VMAppContainer;compute;saphana-clitest-rg;saphana-clitest-vm2/protectedItems/SAPHanaDatabase;hxe;systemdb/recoveryPoints/DefaultRangeRecoveryPoint","name":"DefaultRangeRecoveryPoint","type":"Microsoft.RecoveryServices/vaults/backupFabrics/protectionContainers/protectedItems/recoveryPoints","properties":{"objectType":"AzureWorkloadSAPHanaPointInTimeRecoveryPoint","timeRanges":[],"type":"Log"}}]}'
    headers:
      cache-control:
      - no-cache
      content-length:
      - '608'
      content-type:
      - application/json
      date:
      - Mon, 13 Dec 2021 12:29:56 GMT
      expires:
      - '-1'
      pragma:
      - no-cache
      server:
      - Microsoft-IIS/10.0
      strict-transport-security:
      - max-age=31536000; includeSubDomains
      transfer-encoding:
      - chunked
      vary:
      - Accept-Encoding
      x-content-type-options:
      - nosniff
      x-ms-ratelimit-remaining-subscription-resource-requests:
      - '299'
      x-powered-by:
      - ASP.NET
    status:
      code: 200
      message: OK
- request:
    body: null
    headers:
      Accept:
      - application/json
      Accept-Encoding:
      - gzip, deflate
      CommandName:
      - backup recoverypoint show-log-chain
      Connection:
      - keep-alive
      ParameterSetName:
      - -g -v -c -i --workload-type
      User-Agent:
      - AZURECLI/2.31.0 (MSI) azsdk-python-mgmt-recoveryservicesbackup/3.0.0 Python/3.8.5
        (Windows-10-10.0.19041-SP0)
    method: GET
    uri: https://management.azure.com/subscriptions/00000000-0000-0000-0000-000000000000/resourceGroups/saphana-clitest-rg/providers/Microsoft.RecoveryServices/vaults/saphana-clitest-vault2/backupFabrics/Azure/protectionContainers/VMAppContainer%3BCompute%3Bsaphana-clitest-rg%3Bsaphana-clitest-vm2/protectedItems/saphanadatabase%3Bhxe%3Bsystemdb?api-version=2021-08-01
  response:
    body:
      string: '{"id":"/subscriptions/00000000-0000-0000-0000-000000000000/resourceGroups/saphana-clitest-rg/providers/Microsoft.RecoveryServices/vaults/saphana-clitest-vault2/backupFabrics/Azure/protectionContainers/VMAppContainer;compute;saphana-clitest-rg;saphana-clitest-vm2/protectedItems/SAPHanaDatabase;hxe;systemdb","name":"SAPHanaDatabase;hxe;systemdb","type":"Microsoft.RecoveryServices/vaults/backupFabrics/protectionContainers/protectedItems","properties":{"kpisHealths":{},"friendlyName":"systemdb","serverName":"saphana-clitest-vm2","parentName":"HXE","parentType":"AzureVmWorkloadSAPHanaSystem","protectionStatus":"Healthy","protectionState":"IRPending","lastBackupStatus":"IRPending","lastBackupErrorDetail":{"code":"Success","message":""},"protectedItemDataSourceId":"70369638160174","protectedItemHealthStatus":"IRPending","extendedInfo":{"recoveryPointCount":0,"policyState":"Consistent"},"protectedItemType":"AzureVmWorkloadSAPHanaDatabase","backupManagementType":"AzureWorkload","workloadType":"SAPHanaDatabase","containerName":"VMAppContainer;compute;saphana-clitest-rg;saphana-clitest-vm2","sourceResourceId":"/subscriptions/00000000-0000-0000-0000-000000000000/resourceGroups/saphana-clitest-rg/providers/Microsoft.Compute/virtualMachines/saphana-clitest-vm2","policyId":"/subscriptions/00000000-0000-0000-0000-000000000000/resourceGroups/saphana-clitest-rg/providers/Microsoft.RecoveryServices/vaults/saphana-clitest-vault2/backupPolicies/saphana-clitest-policy","isArchiveEnabled":false}}'
    headers:
      cache-control:
      - no-cache
      content-length:
      - '1498'
      content-type:
      - application/json
      date:
      - Mon, 13 Dec 2021 12:29:56 GMT
      expires:
      - '-1'
      pragma:
      - no-cache
      server:
      - Microsoft-IIS/10.0
      strict-transport-security:
      - max-age=31536000; includeSubDomains
      transfer-encoding:
      - chunked
      vary:
      - Accept-Encoding
      x-content-type-options:
      - nosniff
      x-ms-ratelimit-remaining-subscription-resource-requests:
      - '298'
      x-powered-by:
      - ASP.NET
    status:
      code: 200
      message: OK
- request:
    body: null
    headers:
      Accept:
      - application/json
      Accept-Encoding:
      - gzip, deflate
      CommandName:
      - backup recoverypoint show-log-chain
      Connection:
      - keep-alive
      ParameterSetName:
      - -g -v -c -i --workload-type
      User-Agent:
      - AZURECLI/2.31.0 (MSI) azsdk-python-mgmt-recoveryservicesbackup/3.0.0 Python/3.8.5
        (Windows-10-10.0.19041-SP0)
    method: GET
    uri: https://management.azure.com/subscriptions/00000000-0000-0000-0000-000000000000/resourceGroups/saphana-clitest-rg/providers/Microsoft.RecoveryServices/vaults/saphana-clitest-vault2/backupFabrics/Azure/protectionContainers/VMAppContainer%3Bcompute%3Bsaphana-clitest-rg%3Bsaphana-clitest-vm2/protectedItems/SAPHanaDatabase%3Bhxe%3Bsystemdb/recoveryPoints?api-version=2021-08-01&$filter=restorePointQueryType%20eq%20%27Log%27
  response:
    body:
      string: '{"value":[{"id":"/subscriptions/00000000-0000-0000-0000-000000000000/resourceGroups/saphana-clitest-rg/providers/Microsoft.RecoveryServices/vaults/saphana-clitest-vault2/backupFabrics/Azure/protectionContainers/VMAppContainer;compute;saphana-clitest-rg;saphana-clitest-vm2/protectedItems/SAPHanaDatabase;hxe;systemdb/recoveryPoints/DefaultRangeRecoveryPoint","name":"DefaultRangeRecoveryPoint","type":"Microsoft.RecoveryServices/vaults/backupFabrics/protectionContainers/protectedItems/recoveryPoints","properties":{"objectType":"AzureWorkloadSAPHanaPointInTimeRecoveryPoint","timeRanges":[],"type":"Log"}}]}'
    headers:
      cache-control:
      - no-cache
      content-length:
      - '608'
      content-type:
      - application/json
      date:
      - Mon, 13 Dec 2021 12:29:58 GMT
      expires:
      - '-1'
      pragma:
      - no-cache
      server:
      - Microsoft-IIS/10.0
      strict-transport-security:
      - max-age=31536000; includeSubDomains
      transfer-encoding:
      - chunked
      vary:
      - Accept-Encoding
      x-content-type-options:
      - nosniff
      x-ms-ratelimit-remaining-subscription-resource-requests:
      - '299'
      x-powered-by:
      - ASP.NET
    status:
      code: 200
      message: OK
- request:
    body: null
    headers:
      Accept:
      - application/json
      Accept-Encoding:
      - gzip, deflate
      CommandName:
      - backup recoverypoint show-log-chain
      Connection:
      - keep-alive
      ParameterSetName:
      - -g -v -c -i --workload-type
      User-Agent:
      - AZURECLI/2.31.0 (MSI) azsdk-python-mgmt-recoveryservicesbackup/3.0.0 Python/3.8.5
        (Windows-10-10.0.19041-SP0)
    method: GET
    uri: https://management.azure.com/subscriptions/00000000-0000-0000-0000-000000000000/resourceGroups/saphana-clitest-rg/providers/Microsoft.RecoveryServices/vaults/saphana-clitest-vault2/backupFabrics/Azure/protectionContainers/VMAppContainer%3BCompute%3Bsaphana-clitest-rg%3Bsaphana-clitest-vm2/protectedItems/saphanadatabase%3Bhxe%3Bsystemdb?api-version=2021-08-01
  response:
    body:
      string: '{"id":"/subscriptions/00000000-0000-0000-0000-000000000000/resourceGroups/saphana-clitest-rg/providers/Microsoft.RecoveryServices/vaults/saphana-clitest-vault2/backupFabrics/Azure/protectionContainers/VMAppContainer;compute;saphana-clitest-rg;saphana-clitest-vm2/protectedItems/SAPHanaDatabase;hxe;systemdb","name":"SAPHanaDatabase;hxe;systemdb","type":"Microsoft.RecoveryServices/vaults/backupFabrics/protectionContainers/protectedItems","properties":{"kpisHealths":{},"friendlyName":"systemdb","serverName":"saphana-clitest-vm2","parentName":"HXE","parentType":"AzureVmWorkloadSAPHanaSystem","protectionStatus":"Healthy","protectionState":"IRPending","lastBackupStatus":"IRPending","lastBackupErrorDetail":{"code":"Success","message":""},"protectedItemDataSourceId":"70369638160174","protectedItemHealthStatus":"IRPending","extendedInfo":{"recoveryPointCount":0,"policyState":"Consistent"},"protectedItemType":"AzureVmWorkloadSAPHanaDatabase","backupManagementType":"AzureWorkload","workloadType":"SAPHanaDatabase","containerName":"VMAppContainer;compute;saphana-clitest-rg;saphana-clitest-vm2","sourceResourceId":"/subscriptions/00000000-0000-0000-0000-000000000000/resourceGroups/saphana-clitest-rg/providers/Microsoft.Compute/virtualMachines/saphana-clitest-vm2","policyId":"/subscriptions/00000000-0000-0000-0000-000000000000/resourceGroups/saphana-clitest-rg/providers/Microsoft.RecoveryServices/vaults/saphana-clitest-vault2/backupPolicies/saphana-clitest-policy","isArchiveEnabled":false}}'
    headers:
      cache-control:
      - no-cache
      content-length:
      - '1498'
      content-type:
      - application/json
      date:
      - Mon, 13 Dec 2021 12:29:59 GMT
      expires:
      - '-1'
      pragma:
      - no-cache
      server:
      - Microsoft-IIS/10.0
      strict-transport-security:
      - max-age=31536000; includeSubDomains
      transfer-encoding:
      - chunked
      vary:
      - Accept-Encoding
      x-content-type-options:
      - nosniff
      x-ms-ratelimit-remaining-subscription-resource-requests:
      - '298'
      x-powered-by:
      - ASP.NET
    status:
      code: 200
      message: OK
- request:
    body: null
    headers:
      Accept:
      - application/json
      Accept-Encoding:
      - gzip, deflate
      CommandName:
      - backup recoverypoint show-log-chain
      Connection:
      - keep-alive
      ParameterSetName:
      - -g -v -c -i --workload-type
      User-Agent:
      - AZURECLI/2.31.0 (MSI) azsdk-python-mgmt-recoveryservicesbackup/3.0.0 Python/3.8.5
        (Windows-10-10.0.19041-SP0)
    method: GET
    uri: https://management.azure.com/subscriptions/00000000-0000-0000-0000-000000000000/resourceGroups/saphana-clitest-rg/providers/Microsoft.RecoveryServices/vaults/saphana-clitest-vault2/backupFabrics/Azure/protectionContainers/VMAppContainer%3Bcompute%3Bsaphana-clitest-rg%3Bsaphana-clitest-vm2/protectedItems/SAPHanaDatabase%3Bhxe%3Bsystemdb/recoveryPoints?api-version=2021-08-01&$filter=restorePointQueryType%20eq%20%27Log%27
  response:
    body:
      string: '{"value":[{"id":"/subscriptions/00000000-0000-0000-0000-000000000000/resourceGroups/saphana-clitest-rg/providers/Microsoft.RecoveryServices/vaults/saphana-clitest-vault2/backupFabrics/Azure/protectionContainers/VMAppContainer;compute;saphana-clitest-rg;saphana-clitest-vm2/protectedItems/SAPHanaDatabase;hxe;systemdb/recoveryPoints/DefaultRangeRecoveryPoint","name":"DefaultRangeRecoveryPoint","type":"Microsoft.RecoveryServices/vaults/backupFabrics/protectionContainers/protectedItems/recoveryPoints","properties":{"objectType":"AzureWorkloadSAPHanaPointInTimeRecoveryPoint","timeRanges":[],"type":"Log"}}]}'
    headers:
      cache-control:
      - no-cache
      content-length:
      - '608'
      content-type:
      - application/json
      date:
      - Mon, 13 Dec 2021 12:30:00 GMT
      expires:
      - '-1'
      pragma:
      - no-cache
      server:
      - Microsoft-IIS/10.0
      strict-transport-security:
      - max-age=31536000; includeSubDomains
      transfer-encoding:
      - chunked
      vary:
      - Accept-Encoding
      x-content-type-options:
      - nosniff
      x-ms-ratelimit-remaining-subscription-resource-requests:
      - '298'
      x-powered-by:
      - ASP.NET
    status:
      code: 200
      message: OK
- request:
    body: null
    headers:
      Accept:
      - application/json
      Accept-Encoding:
      - gzip, deflate
      CommandName:
      - backup protection disable
      Connection:
      - keep-alive
      ParameterSetName:
      - -v -g -c --backup-management-type --workload-type -i -y --delete-backup-data
      User-Agent:
      - AZURECLI/2.31.0 (MSI) azsdk-python-mgmt-recoveryservicesbackup/3.0.0 Python/3.8.5
        (Windows-10-10.0.19041-SP0)
    method: GET
    uri: https://management.azure.com/subscriptions/00000000-0000-0000-0000-000000000000/resourceGroups/saphana-clitest-rg/providers/Microsoft.RecoveryServices/vaults/saphana-clitest-vault2/backupFabrics/Azure/protectionContainers/VMAppContainer%3BCompute%3Bsaphana-clitest-rg%3Bsaphana-clitest-vm2/protectedItems/saphanadatabase%3Bhxe%3Bsystemdb?api-version=2021-08-01
  response:
    body:
      string: '{"id":"/subscriptions/00000000-0000-0000-0000-000000000000/resourceGroups/saphana-clitest-rg/providers/Microsoft.RecoveryServices/vaults/saphana-clitest-vault2/backupFabrics/Azure/protectionContainers/VMAppContainer;compute;saphana-clitest-rg;saphana-clitest-vm2/protectedItems/SAPHanaDatabase;hxe;systemdb","name":"SAPHanaDatabase;hxe;systemdb","type":"Microsoft.RecoveryServices/vaults/backupFabrics/protectionContainers/protectedItems","properties":{"kpisHealths":{},"friendlyName":"systemdb","serverName":"saphana-clitest-vm2","parentName":"HXE","parentType":"AzureVmWorkloadSAPHanaSystem","protectionStatus":"Healthy","protectionState":"IRPending","lastBackupStatus":"IRPending","lastBackupErrorDetail":{"code":"Success","message":""},"protectedItemDataSourceId":"70369638160174","protectedItemHealthStatus":"IRPending","extendedInfo":{"recoveryPointCount":0,"policyState":"Consistent"},"protectedItemType":"AzureVmWorkloadSAPHanaDatabase","backupManagementType":"AzureWorkload","workloadType":"SAPHanaDatabase","containerName":"VMAppContainer;compute;saphana-clitest-rg;saphana-clitest-vm2","sourceResourceId":"/subscriptions/00000000-0000-0000-0000-000000000000/resourceGroups/saphana-clitest-rg/providers/Microsoft.Compute/virtualMachines/saphana-clitest-vm2","policyId":"/subscriptions/00000000-0000-0000-0000-000000000000/resourceGroups/saphana-clitest-rg/providers/Microsoft.RecoveryServices/vaults/saphana-clitest-vault2/backupPolicies/saphana-clitest-policy","isArchiveEnabled":false}}'
    headers:
      cache-control:
      - no-cache
      content-length:
      - '1498'
      content-type:
      - application/json
      date:
      - Mon, 13 Dec 2021 12:30:01 GMT
      expires:
      - '-1'
      pragma:
      - no-cache
      server:
      - Microsoft-IIS/10.0
      strict-transport-security:
      - max-age=31536000; includeSubDomains
      transfer-encoding:
      - chunked
      vary:
      - Accept-Encoding
      x-content-type-options:
      - nosniff
      x-ms-ratelimit-remaining-subscription-resource-requests:
      - '299'
      x-powered-by:
      - ASP.NET
    status:
      code: 200
      message: OK
- request:
    body: null
    headers:
      Accept:
      - application/json
      Accept-Encoding:
      - gzip, deflate
      CommandName:
      - backup protection disable
      Connection:
      - keep-alive
      Content-Length:
      - '0'
      ParameterSetName:
      - -v -g -c --backup-management-type --workload-type -i -y --delete-backup-data
      User-Agent:
      - AZURECLI/2.31.0 (MSI) azsdk-python-mgmt-recoveryservicesbackup/3.0.0 Python/3.8.5
        (Windows-10-10.0.19041-SP0)
    method: DELETE
    uri: https://management.azure.com/subscriptions/00000000-0000-0000-0000-000000000000/resourceGroups/saphana-clitest-rg/providers/Microsoft.RecoveryServices/vaults/saphana-clitest-vault2/backupFabrics/Azure/protectionContainers/VMAppContainer%3Bcompute%3Bsaphana-clitest-rg%3Bsaphana-clitest-vm2/protectedItems/SAPHanaDatabase%3Bhxe%3Bsystemdb?api-version=2021-08-01
  response:
    body:
      string: ''
    headers:
      azure-asyncoperation:
      - https://management.azure.com/subscriptions/00000000-0000-0000-0000-000000000000/resourceGroups/saphana-clitest-rg/providers/Microsoft.RecoveryServices/vaults/saphana-clitest-vault2/backupOperations/a95cd023-5d34-4ad8-bfdf-3e96faaa6757?api-version=2021-08-01
      cache-control:
      - no-cache
      content-length:
      - '0'
      date:
      - Mon, 13 Dec 2021 12:30:04 GMT
      expires:
      - '-1'
      location:
      - https://management.azure.com/subscriptions/00000000-0000-0000-0000-000000000000/resourceGroups/saphana-clitest-rg/providers/Microsoft.RecoveryServices/vaults/saphana-clitest-vault2/backupOperationResults/a95cd023-5d34-4ad8-bfdf-3e96faaa6757?api-version=2021-08-01
      pragma:
      - no-cache
      strict-transport-security:
      - max-age=31536000; includeSubDomains
      x-content-type-options:
      - nosniff
      x-ms-ratelimit-remaining-subscription-deletes:
      - '14998'
      x-powered-by:
      - ASP.NET
    status:
      code: 202
      message: Accepted
- request:
    body: null
    headers:
      Accept:
      - application/json
      Accept-Encoding:
      - gzip, deflate
      CommandName:
      - backup protection disable
      Connection:
      - keep-alive
      ParameterSetName:
      - -v -g -c --backup-management-type --workload-type -i -y --delete-backup-data
      User-Agent:
      - AZURECLI/2.31.0 (MSI) azsdk-python-mgmt-recoveryservicesbackup/3.0.0 Python/3.8.5
        (Windows-10-10.0.19041-SP0)
    method: GET
    uri: https://management.azure.com/subscriptions/00000000-0000-0000-0000-000000000000/resourceGroups/saphana-clitest-rg/providers/Microsoft.RecoveryServices/vaults/saphana-clitest-vault2/backupOperations/a95cd023-5d34-4ad8-bfdf-3e96faaa6757?api-version=2021-08-01
  response:
    body:
      string: '{"id":"a95cd023-5d34-4ad8-bfdf-3e96faaa6757","name":"a95cd023-5d34-4ad8-bfdf-3e96faaa6757","status":"InProgress","startTime":"2021-12-13T12:30:04.4114971Z","endTime":"0001-01-01T00:00:00"}'
    headers:
      cache-control:
      - no-cache
      content-length:
      - '188'
      content-type:
      - application/json
      date:
      - Mon, 13 Dec 2021 12:30:05 GMT
      expires:
      - '-1'
      pragma:
      - no-cache
      server:
      - Microsoft-IIS/10.0
      strict-transport-security:
      - max-age=31536000; includeSubDomains
      transfer-encoding:
      - chunked
      vary:
      - Accept-Encoding
      x-content-type-options:
      - nosniff
      x-ms-ratelimit-remaining-subscription-resource-requests:
      - '299'
      x-powered-by:
      - ASP.NET
    status:
      code: 200
      message: OK
- request:
    body: null
    headers:
      Accept:
      - application/json
      Accept-Encoding:
      - gzip, deflate
      CommandName:
      - backup protection disable
      Connection:
      - keep-alive
      ParameterSetName:
      - -v -g -c --backup-management-type --workload-type -i -y --delete-backup-data
      User-Agent:
      - AZURECLI/2.31.0 (MSI) azsdk-python-mgmt-recoveryservicesbackup/3.0.0 Python/3.8.5
        (Windows-10-10.0.19041-SP0)
    method: GET
    uri: https://management.azure.com/subscriptions/00000000-0000-0000-0000-000000000000/resourceGroups/saphana-clitest-rg/providers/Microsoft.RecoveryServices/vaults/saphana-clitest-vault2/backupOperations/a95cd023-5d34-4ad8-bfdf-3e96faaa6757?api-version=2021-08-01
  response:
    body:
      string: '{"id":"a95cd023-5d34-4ad8-bfdf-3e96faaa6757","name":"a95cd023-5d34-4ad8-bfdf-3e96faaa6757","status":"InProgress","startTime":"2021-12-13T12:30:04.4114971Z","endTime":"0001-01-01T00:00:00"}'
    headers:
      cache-control:
      - no-cache
      content-length:
      - '188'
      content-type:
      - application/json
      date:
      - Mon, 13 Dec 2021 12:30:13 GMT
      expires:
      - '-1'
      pragma:
      - no-cache
      server:
      - Microsoft-IIS/10.0
      strict-transport-security:
      - max-age=31536000; includeSubDomains
      transfer-encoding:
      - chunked
      vary:
      - Accept-Encoding
      x-content-type-options:
      - nosniff
      x-ms-ratelimit-remaining-subscription-resource-requests:
      - '298'
      x-powered-by:
      - ASP.NET
    status:
      code: 200
      message: OK
- request:
    body: null
    headers:
      Accept:
      - application/json
      Accept-Encoding:
      - gzip, deflate
      CommandName:
      - backup protection disable
      Connection:
      - keep-alive
      ParameterSetName:
      - -v -g -c --backup-management-type --workload-type -i -y --delete-backup-data
      User-Agent:
      - AZURECLI/2.31.0 (MSI) azsdk-python-mgmt-recoveryservicesbackup/3.0.0 Python/3.8.5
        (Windows-10-10.0.19041-SP0)
    method: GET
    uri: https://management.azure.com/subscriptions/00000000-0000-0000-0000-000000000000/resourceGroups/saphana-clitest-rg/providers/Microsoft.RecoveryServices/vaults/saphana-clitest-vault2/backupOperations/a95cd023-5d34-4ad8-bfdf-3e96faaa6757?api-version=2021-08-01
  response:
    body:
      string: '{"id":"a95cd023-5d34-4ad8-bfdf-3e96faaa6757","name":"a95cd023-5d34-4ad8-bfdf-3e96faaa6757","status":"InProgress","startTime":"2021-12-13T12:30:04.4114971Z","endTime":"0001-01-01T00:00:00"}'
    headers:
      cache-control:
      - no-cache
      content-length:
      - '188'
      content-type:
      - application/json
      date:
      - Mon, 13 Dec 2021 12:30:18 GMT
      expires:
      - '-1'
      pragma:
      - no-cache
      server:
      - Microsoft-IIS/10.0
      strict-transport-security:
      - max-age=31536000; includeSubDomains
      transfer-encoding:
      - chunked
      vary:
      - Accept-Encoding
      x-content-type-options:
      - nosniff
      x-ms-ratelimit-remaining-subscription-resource-requests:
      - '297'
      x-powered-by:
      - ASP.NET
    status:
      code: 200
      message: OK
- request:
    body: null
    headers:
      Accept:
      - application/json
      Accept-Encoding:
      - gzip, deflate
      CommandName:
      - backup protection disable
      Connection:
      - keep-alive
      ParameterSetName:
      - -v -g -c --backup-management-type --workload-type -i -y --delete-backup-data
      User-Agent:
      - AZURECLI/2.31.0 (MSI) azsdk-python-mgmt-recoveryservicesbackup/3.0.0 Python/3.8.5
        (Windows-10-10.0.19041-SP0)
    method: GET
    uri: https://management.azure.com/subscriptions/00000000-0000-0000-0000-000000000000/resourceGroups/saphana-clitest-rg/providers/Microsoft.RecoveryServices/vaults/saphana-clitest-vault2/backupOperations/a95cd023-5d34-4ad8-bfdf-3e96faaa6757?api-version=2021-08-01
  response:
    body:
      string: '{"id":"a95cd023-5d34-4ad8-bfdf-3e96faaa6757","name":"a95cd023-5d34-4ad8-bfdf-3e96faaa6757","status":"InProgress","startTime":"2021-12-13T12:30:04.4114971Z","endTime":"0001-01-01T00:00:00"}'
    headers:
      cache-control:
      - no-cache
      content-length:
      - '188'
      content-type:
      - application/json
      date:
      - Mon, 13 Dec 2021 12:30:24 GMT
      expires:
      - '-1'
      pragma:
      - no-cache
      server:
      - Microsoft-IIS/10.0
      strict-transport-security:
      - max-age=31536000; includeSubDomains
      transfer-encoding:
      - chunked
      vary:
      - Accept-Encoding
      x-content-type-options:
      - nosniff
      x-ms-ratelimit-remaining-subscription-resource-requests:
      - '296'
      x-powered-by:
      - ASP.NET
    status:
      code: 200
      message: OK
- request:
    body: null
    headers:
      Accept:
      - application/json
      Accept-Encoding:
      - gzip, deflate
      CommandName:
      - backup protection disable
      Connection:
      - keep-alive
      ParameterSetName:
      - -v -g -c --backup-management-type --workload-type -i -y --delete-backup-data
      User-Agent:
      - AZURECLI/2.31.0 (MSI) azsdk-python-mgmt-recoveryservicesbackup/3.0.0 Python/3.8.5
        (Windows-10-10.0.19041-SP0)
    method: GET
    uri: https://management.azure.com/subscriptions/00000000-0000-0000-0000-000000000000/resourceGroups/saphana-clitest-rg/providers/Microsoft.RecoveryServices/vaults/saphana-clitest-vault2/backupOperations/a95cd023-5d34-4ad8-bfdf-3e96faaa6757?api-version=2021-08-01
  response:
    body:
      string: '{"id":"a95cd023-5d34-4ad8-bfdf-3e96faaa6757","name":"a95cd023-5d34-4ad8-bfdf-3e96faaa6757","status":"InProgress","startTime":"2021-12-13T12:30:04.4114971Z","endTime":"0001-01-01T00:00:00"}'
    headers:
      cache-control:
      - no-cache
      content-length:
      - '188'
      content-type:
      - application/json
      date:
      - Mon, 13 Dec 2021 12:30:29 GMT
      expires:
      - '-1'
      pragma:
      - no-cache
      server:
      - Microsoft-IIS/10.0
      strict-transport-security:
      - max-age=31536000; includeSubDomains
      transfer-encoding:
      - chunked
      vary:
      - Accept-Encoding
      x-content-type-options:
      - nosniff
      x-ms-ratelimit-remaining-subscription-resource-requests:
      - '295'
      x-powered-by:
      - ASP.NET
    status:
      code: 200
      message: OK
- request:
    body: null
    headers:
      Accept:
      - application/json
      Accept-Encoding:
      - gzip, deflate
      CommandName:
      - backup protection disable
      Connection:
      - keep-alive
      ParameterSetName:
      - -v -g -c --backup-management-type --workload-type -i -y --delete-backup-data
      User-Agent:
      - AZURECLI/2.31.0 (MSI) azsdk-python-mgmt-recoveryservicesbackup/3.0.0 Python/3.8.5
        (Windows-10-10.0.19041-SP0)
    method: GET
    uri: https://management.azure.com/subscriptions/00000000-0000-0000-0000-000000000000/resourceGroups/saphana-clitest-rg/providers/Microsoft.RecoveryServices/vaults/saphana-clitest-vault2/backupOperations/a95cd023-5d34-4ad8-bfdf-3e96faaa6757?api-version=2021-08-01
  response:
    body:
      string: '{"id":"a95cd023-5d34-4ad8-bfdf-3e96faaa6757","name":"a95cd023-5d34-4ad8-bfdf-3e96faaa6757","status":"InProgress","startTime":"2021-12-13T12:30:04.4114971Z","endTime":"0001-01-01T00:00:00"}'
    headers:
      cache-control:
      - no-cache
      content-length:
      - '188'
      content-type:
      - application/json
      date:
      - Mon, 13 Dec 2021 12:30:34 GMT
      expires:
      - '-1'
      pragma:
      - no-cache
      server:
      - Microsoft-IIS/10.0
      strict-transport-security:
      - max-age=31536000; includeSubDomains
      transfer-encoding:
      - chunked
      vary:
      - Accept-Encoding
      x-content-type-options:
      - nosniff
      x-ms-ratelimit-remaining-subscription-resource-requests:
      - '294'
      x-powered-by:
      - ASP.NET
    status:
      code: 200
      message: OK
- request:
    body: null
    headers:
      Accept:
      - application/json
      Accept-Encoding:
      - gzip, deflate
      CommandName:
      - backup protection disable
      Connection:
      - keep-alive
      ParameterSetName:
      - -v -g -c --backup-management-type --workload-type -i -y --delete-backup-data
      User-Agent:
      - AZURECLI/2.31.0 (MSI) azsdk-python-mgmt-recoveryservicesbackup/3.0.0 Python/3.8.5
        (Windows-10-10.0.19041-SP0)
    method: GET
    uri: https://management.azure.com/subscriptions/00000000-0000-0000-0000-000000000000/resourceGroups/saphana-clitest-rg/providers/Microsoft.RecoveryServices/vaults/saphana-clitest-vault2/backupOperations/a95cd023-5d34-4ad8-bfdf-3e96faaa6757?api-version=2021-08-01
  response:
    body:
      string: '{"id":"a95cd023-5d34-4ad8-bfdf-3e96faaa6757","name":"a95cd023-5d34-4ad8-bfdf-3e96faaa6757","status":"Succeeded","startTime":"2021-12-13T12:30:04.4114971Z","endTime":"2021-12-13T12:30:04.4114971Z","properties":{"objectType":"OperationStatusJobExtendedInfo","jobId":"09bd7527-2839-49d0-8862-bb59752e6c6a"}}'
    headers:
      cache-control:
      - no-cache
      content-length:
      - '304'
      content-type:
      - application/json
      date:
      - Mon, 13 Dec 2021 12:30:40 GMT
      expires:
      - '-1'
      pragma:
      - no-cache
      server:
      - Microsoft-IIS/10.0
      strict-transport-security:
      - max-age=31536000; includeSubDomains
      transfer-encoding:
      - chunked
      vary:
      - Accept-Encoding
      x-content-type-options:
      - nosniff
      x-ms-ratelimit-remaining-subscription-resource-requests:
      - '293'
      x-powered-by:
      - ASP.NET
    status:
      code: 200
      message: OK
- request:
    body: null
    headers:
      Accept:
      - application/json
      Accept-Encoding:
      - gzip, deflate
      CommandName:
      - backup protection disable
      Connection:
      - keep-alive
      ParameterSetName:
      - -v -g -c --backup-management-type --workload-type -i -y --delete-backup-data
      User-Agent:
      - AZURECLI/2.31.0 (MSI) azsdk-python-mgmt-recoveryservicesbackup/3.0.0 Python/3.8.5
        (Windows-10-10.0.19041-SP0)
    method: GET
    uri: https://management.azure.com/subscriptions/00000000-0000-0000-0000-000000000000/resourceGroups/saphana-clitest-rg/providers/Microsoft.RecoveryServices/vaults/saphana-clitest-vault2/backupJobs/09bd7527-2839-49d0-8862-bb59752e6c6a?api-version=2021-08-01
  response:
    body:
      string: '{"id":"/subscriptions/00000000-0000-0000-0000-000000000000/resourceGroups/saphana-clitest-rg/providers/Microsoft.RecoveryServices/vaults/saphana-clitest-vault2/backupJobs/09bd7527-2839-49d0-8862-bb59752e6c6a","name":"09bd7527-2839-49d0-8862-bb59752e6c6a","type":"Microsoft.RecoveryServices/vaults/backupJobs","properties":{"jobType":"AzureWorkloadJob","workloadType":"SAPHanaDatabase","duration":"PT32.2392751S","extendedInfo":{"tasksList":[],"propertyBag":{}},"isUserTriggered":true,"entityFriendlyName":"systemdb","backupManagementType":"AzureWorkload","operation":"DeleteBackupData","status":"Completed","startTime":"2021-12-13T12:30:04.4114971Z","endTime":"2021-12-13T12:30:36.6507722Z","activityId":"64762e8b-5c10-11ec-9dc0-c8f750f92764"}}'
    headers:
      cache-control:
      - no-cache
      content-length:
      - '744'
      content-type:
      - application/json
      date:
      - Mon, 13 Dec 2021 12:30:41 GMT
      expires:
      - '-1'
      pragma:
      - no-cache
      server:
      - Microsoft-IIS/10.0
      - Microsoft-IIS/10.0
      strict-transport-security:
      - max-age=31536000; includeSubDomains
      transfer-encoding:
      - chunked
      vary:
      - Accept-Encoding
      x-content-type-options:
      - nosniff
      x-ms-ratelimit-remaining-subscription-resource-requests:
      - '298'
      x-powered-by:
      - ASP.NET
    status:
      code: 200
      message: OK
- request:
    body: null
    headers:
      Accept:
      - application/json
      Accept-Encoding:
      - gzip, deflate
      CommandName:
      - backup container unregister
      Connection:
      - keep-alive
      ParameterSetName:
      - -v -g -c -y
      User-Agent:
      - AZURECLI/2.31.0 (MSI) azsdk-python-mgmt-recoveryservicesbackup/3.0.0 Python/3.8.5
        (Windows-10-10.0.19041-SP0)
    method: GET
    uri: https://management.azure.com/subscriptions/00000000-0000-0000-0000-000000000000/resourceGroups/saphana-clitest-rg/providers/Microsoft.RecoveryServices/vaults/saphana-clitest-vault2/backupProtectionContainers?api-version=2021-08-01&$filter=backupManagementType%20eq%20%27AzureWorkload%27%20and%20status%20eq%20%27Registered%27
  response:
    body:
      string: '{"value":[{"id":"/subscriptions/00000000-0000-0000-0000-000000000000/resourceGroups/saphana-clitest-rg/providers/Microsoft.RecoveryServices/vaults/saphana-clitest-vault2/backupFabrics/Azure/protectionContainers/VMAppContainer;Compute;saphana-clitest-rg;saphana-clitest-vm2","name":"VMAppContainer;Compute;saphana-clitest-rg;saphana-clitest-vm2","type":"Microsoft.RecoveryServices/vaults/backupFabrics/protectionContainers","properties":{"sourceResourceId":"/subscriptions/00000000-0000-0000-0000-000000000000/resourceGroups/saphana-clitest-rg/providers/Microsoft.Compute/virtualMachines/saphana-clitest-vm2","lastUpdatedTime":"2021-12-13T12:26:20.5711009Z","extendedInfo":{"hostServerName":"saphana-clitest-vm2","inquiryInfo":{"status":"Success","errorDetail":{"code":"Success","message":"","recommendations":[""]},"inquiryDetails":[{"type":"SAPHana","itemCount":2,"inquiryValidation":{"status":"Success","errorDetail":{"code":"Success","message":"","recommendations":[""]},"additionalDetail":"","protectableItemCount":{"SAPHanaSystem":1,"SAPHanaDatabase":2}}}]}},"friendlyName":"saphana-clitest-vm2","backupManagementType":"AzureWorkload","registrationStatus":"Registered","healthStatus":"Healthy","containerType":"VMAppContainer","protectableObjectType":"VMAppContainer"}}]}'
    headers:
      cache-control:
      - no-cache
      content-length:
      - '1276'
      content-type:
      - application/json
      date:
      - Mon, 13 Dec 2021 12:30:41 GMT
      expires:
      - '-1'
      pragma:
      - no-cache
      server:
      - Microsoft-IIS/10.0
      strict-transport-security:
      - max-age=31536000; includeSubDomains
      transfer-encoding:
      - chunked
      vary:
      - Accept-Encoding
      x-content-type-options:
      - nosniff
      x-ms-ratelimit-remaining-subscription-resource-requests:
      - '298'
      x-powered-by:
      - ASP.NET
    status:
      code: 200
      message: OK
- request:
    body: null
    headers:
      Accept:
      - application/json
      Accept-Encoding:
      - gzip, deflate
      CommandName:
      - backup container unregister
      Connection:
      - keep-alive
      Content-Length:
      - '0'
      ParameterSetName:
      - -v -g -c -y
      User-Agent:
      - AZURECLI/2.31.0 (MSI) azsdk-python-mgmt-recoveryservicesbackup/3.0.0 Python/3.8.5
        (Windows-10-10.0.19041-SP0)
    method: DELETE
    uri: https://management.azure.com/subscriptions/00000000-0000-0000-0000-000000000000/resourceGroups/saphana-clitest-rg/providers/Microsoft.RecoveryServices/vaults/saphana-clitest-vault2/backupFabrics/Azure/protectionContainers/VMAppContainer%3BCompute%3Bsaphana-clitest-rg%3Bsaphana-clitest-vm2?api-version=2021-08-01
  response:
    body:
      string: ''
    headers:
      azure-asyncoperation:
      - https://management.azure.com/subscriptions/00000000-0000-0000-0000-000000000000/resourceGroups/saphana-clitest-rg/providers/Microsoft.RecoveryServices/vaults/saphana-clitest-vault2/backupFabrics/Azure/operationsStatus/b249fad7-e8d3-4ce4-88fe-781ba682714d?api-version=2019-05-13-preview
      cache-control:
      - no-cache
      content-length:
      - '0'
      date:
      - Mon, 13 Dec 2021 12:30:43 GMT
      expires:
      - '-1'
      location:
      - https://management.azure.com/subscriptions/00000000-0000-0000-0000-000000000000/resourceGroups/saphana-clitest-rg/providers/Microsoft.RecoveryServices/vaults/saphana-clitest-vault2/backupOperationResults/b249fad7-e8d3-4ce4-88fe-781ba682714d?fabricName=Azure?api-version=2021-08-01
      pragma:
      - no-cache
      strict-transport-security:
      - max-age=31536000; includeSubDomains
      x-content-type-options:
      - nosniff
      x-ms-ratelimit-remaining-subscription-deletes:
      - '14998'
      x-powered-by:
      - ASP.NET
    status:
      code: 202
      message: Accepted
- request:
    body: null
    headers:
      Accept:
      - application/json
      Accept-Encoding:
      - gzip, deflate
      CommandName:
      - backup container unregister
      Connection:
      - keep-alive
      ParameterSetName:
      - -v -g -c -y
      User-Agent:
      - AZURECLI/2.31.0 (MSI) azsdk-python-mgmt-recoveryservicesbackup/3.0.0 Python/3.8.5
        (Windows-10-10.0.19041-SP0)
    method: GET
    uri: https://management.azure.com/subscriptions/00000000-0000-0000-0000-000000000000/resourceGroups/saphana-clitest-rg/providers/Microsoft.RecoveryServices/vaults/saphana-clitest-vault2/backupFabrics/Azure/protectionContainers/VMAppContainer%3BCompute%3Bsaphana-clitest-rg%3Bsaphana-clitest-vm2/operationResults/b249fad7-e8d3-4ce4-88fe-781ba682714d?api-version=2021-08-01
  response:
    body:
      string: '{}'
    headers:
      azure-asyncoperation:
      - https://management.azure.com/subscriptions/00000000-0000-0000-0000-000000000000/resourceGroups/saphana-clitest-rg/providers/Microsoft.RecoveryServices/vaults/saphana-clitest-vault2/backupFabrics/Azure/protectionContainers/VMAppContainer;Compute;saphana-clitest-rg;saphana-clitest-vm2/operationsStatus/b249fad7-e8d3-4ce4-88fe-781ba682714d?api-version=2019-05-13-preview
      cache-control:
      - no-cache
      content-length:
      - '2'
      content-type:
      - application/json
      date:
      - Mon, 13 Dec 2021 12:30:44 GMT
      expires:
      - '-1'
      location:
      - https://management.azure.com/subscriptions/00000000-0000-0000-0000-000000000000/resourceGroups/saphana-clitest-rg/providers/Microsoft.RecoveryServices/vaults/saphana-clitest-vault2/backupFabrics/Azure/protectionContainers/VMAppContainer;Compute;saphana-clitest-rg;saphana-clitest-vm2/operationResults/b249fad7-e8d3-4ce4-88fe-781ba682714d?api-version=2021-08-01
      pragma:
      - no-cache
      server:
      - Microsoft-IIS/10.0
      strict-transport-security:
      - max-age=31536000; includeSubDomains
      x-content-type-options:
      - nosniff
      x-ms-ratelimit-remaining-subscription-resource-requests:
      - '288'
      x-powered-by:
      - ASP.NET
    status:
      code: 202
      message: Accepted
- request:
    body: null
    headers:
      Accept:
      - application/json
      Accept-Encoding:
      - gzip, deflate
      CommandName:
      - backup container unregister
      Connection:
      - keep-alive
      ParameterSetName:
      - -v -g -c -y
      User-Agent:
      - AZURECLI/2.31.0 (MSI) azsdk-python-mgmt-recoveryservicesbackup/3.0.0 Python/3.8.5
        (Windows-10-10.0.19041-SP0)
    method: GET
    uri: https://management.azure.com/subscriptions/00000000-0000-0000-0000-000000000000/resourceGroups/saphana-clitest-rg/providers/Microsoft.RecoveryServices/vaults/saphana-clitest-vault2/backupFabrics/Azure/protectionContainers/VMAppContainer%3BCompute%3Bsaphana-clitest-rg%3Bsaphana-clitest-vm2/operationResults/b249fad7-e8d3-4ce4-88fe-781ba682714d?api-version=2021-08-01
  response:
    body:
      string: '{}'
    headers:
      azure-asyncoperation:
      - https://management.azure.com/subscriptions/00000000-0000-0000-0000-000000000000/resourceGroups/saphana-clitest-rg/providers/Microsoft.RecoveryServices/vaults/saphana-clitest-vault2/backupFabrics/Azure/protectionContainers/VMAppContainer;Compute;saphana-clitest-rg;saphana-clitest-vm2/operationsStatus/b249fad7-e8d3-4ce4-88fe-781ba682714d?api-version=2019-05-13-preview
      cache-control:
      - no-cache
      content-length:
      - '2'
      content-type:
      - application/json
      date:
      - Mon, 13 Dec 2021 12:30:51 GMT
      expires:
      - '-1'
      location:
      - https://management.azure.com/subscriptions/00000000-0000-0000-0000-000000000000/resourceGroups/saphana-clitest-rg/providers/Microsoft.RecoveryServices/vaults/saphana-clitest-vault2/backupFabrics/Azure/protectionContainers/VMAppContainer;Compute;saphana-clitest-rg;saphana-clitest-vm2/operationResults/b249fad7-e8d3-4ce4-88fe-781ba682714d?api-version=2021-08-01
      pragma:
      - no-cache
      server:
      - Microsoft-IIS/10.0
      strict-transport-security:
      - max-age=31536000; includeSubDomains
      x-content-type-options:
      - nosniff
      x-ms-ratelimit-remaining-subscription-resource-requests:
      - '287'
      x-powered-by:
      - ASP.NET
    status:
      code: 202
      message: Accepted
- request:
    body: null
    headers:
      Accept:
      - application/json
      Accept-Encoding:
      - gzip, deflate
      CommandName:
      - backup container unregister
      Connection:
      - keep-alive
      ParameterSetName:
      - -v -g -c -y
      User-Agent:
      - AZURECLI/2.31.0 (MSI) azsdk-python-mgmt-recoveryservicesbackup/3.0.0 Python/3.8.5
        (Windows-10-10.0.19041-SP0)
    method: GET
    uri: https://management.azure.com/subscriptions/00000000-0000-0000-0000-000000000000/resourceGroups/saphana-clitest-rg/providers/Microsoft.RecoveryServices/vaults/saphana-clitest-vault2/backupFabrics/Azure/protectionContainers/VMAppContainer%3BCompute%3Bsaphana-clitest-rg%3Bsaphana-clitest-vm2/operationResults/b249fad7-e8d3-4ce4-88fe-781ba682714d?api-version=2021-08-01
  response:
    body:
      string: '{}'
    headers:
      azure-asyncoperation:
      - https://management.azure.com/subscriptions/00000000-0000-0000-0000-000000000000/resourceGroups/saphana-clitest-rg/providers/Microsoft.RecoveryServices/vaults/saphana-clitest-vault2/backupFabrics/Azure/protectionContainers/VMAppContainer;Compute;saphana-clitest-rg;saphana-clitest-vm2/operationsStatus/b249fad7-e8d3-4ce4-88fe-781ba682714d?api-version=2019-05-13-preview
      cache-control:
      - no-cache
      content-length:
      - '2'
      content-type:
      - application/json
      date:
      - Mon, 13 Dec 2021 12:30:57 GMT
      expires:
      - '-1'
      location:
      - https://management.azure.com/subscriptions/00000000-0000-0000-0000-000000000000/resourceGroups/saphana-clitest-rg/providers/Microsoft.RecoveryServices/vaults/saphana-clitest-vault2/backupFabrics/Azure/protectionContainers/VMAppContainer;Compute;saphana-clitest-rg;saphana-clitest-vm2/operationResults/b249fad7-e8d3-4ce4-88fe-781ba682714d?api-version=2021-08-01
      pragma:
      - no-cache
      server:
      - Microsoft-IIS/10.0
      strict-transport-security:
      - max-age=31536000; includeSubDomains
      x-content-type-options:
      - nosniff
      x-ms-ratelimit-remaining-subscription-resource-requests:
      - '286'
      x-powered-by:
      - ASP.NET
    status:
      code: 202
      message: Accepted
- request:
    body: null
    headers:
      Accept:
      - application/json
      Accept-Encoding:
      - gzip, deflate
      CommandName:
      - backup container unregister
      Connection:
      - keep-alive
      ParameterSetName:
      - -v -g -c -y
      User-Agent:
      - AZURECLI/2.31.0 (MSI) azsdk-python-mgmt-recoveryservicesbackup/3.0.0 Python/3.8.5
        (Windows-10-10.0.19041-SP0)
    method: GET
    uri: https://management.azure.com/subscriptions/00000000-0000-0000-0000-000000000000/resourceGroups/saphana-clitest-rg/providers/Microsoft.RecoveryServices/vaults/saphana-clitest-vault2/backupFabrics/Azure/protectionContainers/VMAppContainer%3BCompute%3Bsaphana-clitest-rg%3Bsaphana-clitest-vm2/operationResults/b249fad7-e8d3-4ce4-88fe-781ba682714d?api-version=2021-08-01
  response:
    body:
      string: '{}'
    headers:
      azure-asyncoperation:
      - https://management.azure.com/subscriptions/00000000-0000-0000-0000-000000000000/resourceGroups/saphana-clitest-rg/providers/Microsoft.RecoveryServices/vaults/saphana-clitest-vault2/backupFabrics/Azure/protectionContainers/VMAppContainer;Compute;saphana-clitest-rg;saphana-clitest-vm2/operationsStatus/b249fad7-e8d3-4ce4-88fe-781ba682714d?api-version=2019-05-13-preview
      cache-control:
      - no-cache
      content-length:
      - '2'
      content-type:
      - application/json
      date:
      - Mon, 13 Dec 2021 12:31:02 GMT
      expires:
      - '-1'
      location:
      - https://management.azure.com/subscriptions/00000000-0000-0000-0000-000000000000/resourceGroups/saphana-clitest-rg/providers/Microsoft.RecoveryServices/vaults/saphana-clitest-vault2/backupFabrics/Azure/protectionContainers/VMAppContainer;Compute;saphana-clitest-rg;saphana-clitest-vm2/operationResults/b249fad7-e8d3-4ce4-88fe-781ba682714d?api-version=2021-08-01
      pragma:
      - no-cache
      server:
      - Microsoft-IIS/10.0
      strict-transport-security:
      - max-age=31536000; includeSubDomains
      x-content-type-options:
      - nosniff
      x-ms-ratelimit-remaining-subscription-resource-requests:
      - '285'
      x-powered-by:
      - ASP.NET
    status:
      code: 202
      message: Accepted
- request:
    body: null
    headers:
      Accept:
      - application/json
      Accept-Encoding:
      - gzip, deflate
      CommandName:
      - backup container unregister
      Connection:
      - keep-alive
      ParameterSetName:
      - -v -g -c -y
      User-Agent:
      - AZURECLI/2.31.0 (MSI) azsdk-python-mgmt-recoveryservicesbackup/3.0.0 Python/3.8.5
        (Windows-10-10.0.19041-SP0)
    method: GET
    uri: https://management.azure.com/subscriptions/00000000-0000-0000-0000-000000000000/resourceGroups/saphana-clitest-rg/providers/Microsoft.RecoveryServices/vaults/saphana-clitest-vault2/backupFabrics/Azure/protectionContainers/VMAppContainer%3BCompute%3Bsaphana-clitest-rg%3Bsaphana-clitest-vm2/operationResults/b249fad7-e8d3-4ce4-88fe-781ba682714d?api-version=2021-08-01
  response:
    body:
      string: '{}'
    headers:
      azure-asyncoperation:
      - https://management.azure.com/subscriptions/00000000-0000-0000-0000-000000000000/resourceGroups/saphana-clitest-rg/providers/Microsoft.RecoveryServices/vaults/saphana-clitest-vault2/backupFabrics/Azure/protectionContainers/VMAppContainer;Compute;saphana-clitest-rg;saphana-clitest-vm2/operationsStatus/b249fad7-e8d3-4ce4-88fe-781ba682714d?api-version=2019-05-13-preview
      cache-control:
      - no-cache
      content-length:
      - '2'
      content-type:
      - application/json
      date:
      - Mon, 13 Dec 2021 12:31:08 GMT
      expires:
      - '-1'
      location:
      - https://management.azure.com/subscriptions/00000000-0000-0000-0000-000000000000/resourceGroups/saphana-clitest-rg/providers/Microsoft.RecoveryServices/vaults/saphana-clitest-vault2/backupFabrics/Azure/protectionContainers/VMAppContainer;Compute;saphana-clitest-rg;saphana-clitest-vm2/operationResults/b249fad7-e8d3-4ce4-88fe-781ba682714d?api-version=2021-08-01
      pragma:
      - no-cache
      server:
      - Microsoft-IIS/10.0
      strict-transport-security:
      - max-age=31536000; includeSubDomains
      x-content-type-options:
      - nosniff
      x-ms-ratelimit-remaining-subscription-resource-requests:
      - '284'
      x-powered-by:
      - ASP.NET
    status:
      code: 202
      message: Accepted
- request:
    body: null
    headers:
      Accept:
      - application/json
      Accept-Encoding:
      - gzip, deflate
      CommandName:
      - backup container unregister
      Connection:
      - keep-alive
      ParameterSetName:
      - -v -g -c -y
      User-Agent:
      - AZURECLI/2.31.0 (MSI) azsdk-python-mgmt-recoveryservicesbackup/3.0.0 Python/3.8.5
        (Windows-10-10.0.19041-SP0)
    method: GET
    uri: https://management.azure.com/subscriptions/00000000-0000-0000-0000-000000000000/resourceGroups/saphana-clitest-rg/providers/Microsoft.RecoveryServices/vaults/saphana-clitest-vault2/backupFabrics/Azure/protectionContainers/VMAppContainer%3BCompute%3Bsaphana-clitest-rg%3Bsaphana-clitest-vm2/operationResults/b249fad7-e8d3-4ce4-88fe-781ba682714d?api-version=2021-08-01
  response:
    body:
      string: '{}'
    headers:
      azure-asyncoperation:
      - https://management.azure.com/subscriptions/00000000-0000-0000-0000-000000000000/resourceGroups/saphana-clitest-rg/providers/Microsoft.RecoveryServices/vaults/saphana-clitest-vault2/backupFabrics/Azure/protectionContainers/VMAppContainer;Compute;saphana-clitest-rg;saphana-clitest-vm2/operationsStatus/b249fad7-e8d3-4ce4-88fe-781ba682714d?api-version=2019-05-13-preview
      cache-control:
      - no-cache
      content-length:
      - '2'
      content-type:
      - application/json
      date:
      - Mon, 13 Dec 2021 12:31:13 GMT
      expires:
      - '-1'
      location:
      - https://management.azure.com/subscriptions/00000000-0000-0000-0000-000000000000/resourceGroups/saphana-clitest-rg/providers/Microsoft.RecoveryServices/vaults/saphana-clitest-vault2/backupFabrics/Azure/protectionContainers/VMAppContainer;Compute;saphana-clitest-rg;saphana-clitest-vm2/operationResults/b249fad7-e8d3-4ce4-88fe-781ba682714d?api-version=2021-08-01
      pragma:
      - no-cache
      server:
      - Microsoft-IIS/10.0
      strict-transport-security:
      - max-age=31536000; includeSubDomains
      x-content-type-options:
      - nosniff
      x-ms-ratelimit-remaining-subscription-resource-requests:
      - '283'
      x-powered-by:
      - ASP.NET
    status:
      code: 202
      message: Accepted
- request:
    body: null
    headers:
      Accept:
      - application/json
      Accept-Encoding:
      - gzip, deflate
      CommandName:
      - backup container unregister
      Connection:
      - keep-alive
      ParameterSetName:
      - -v -g -c -y
      User-Agent:
      - AZURECLI/2.31.0 (MSI) azsdk-python-mgmt-recoveryservicesbackup/3.0.0 Python/3.8.5
        (Windows-10-10.0.19041-SP0)
    method: GET
    uri: https://management.azure.com/subscriptions/00000000-0000-0000-0000-000000000000/resourceGroups/saphana-clitest-rg/providers/Microsoft.RecoveryServices/vaults/saphana-clitest-vault2/backupFabrics/Azure/protectionContainers/VMAppContainer%3BCompute%3Bsaphana-clitest-rg%3Bsaphana-clitest-vm2/operationResults/b249fad7-e8d3-4ce4-88fe-781ba682714d?api-version=2021-08-01
  response:
    body:
      string: '{}'
    headers:
      azure-asyncoperation:
      - https://management.azure.com/subscriptions/00000000-0000-0000-0000-000000000000/resourceGroups/saphana-clitest-rg/providers/Microsoft.RecoveryServices/vaults/saphana-clitest-vault2/backupFabrics/Azure/protectionContainers/VMAppContainer;Compute;saphana-clitest-rg;saphana-clitest-vm2/operationsStatus/b249fad7-e8d3-4ce4-88fe-781ba682714d?api-version=2019-05-13-preview
      cache-control:
      - no-cache
      content-length:
      - '2'
      content-type:
      - application/json
      date:
      - Mon, 13 Dec 2021 12:31:18 GMT
      expires:
      - '-1'
      location:
      - https://management.azure.com/subscriptions/00000000-0000-0000-0000-000000000000/resourceGroups/saphana-clitest-rg/providers/Microsoft.RecoveryServices/vaults/saphana-clitest-vault2/backupFabrics/Azure/protectionContainers/VMAppContainer;Compute;saphana-clitest-rg;saphana-clitest-vm2/operationResults/b249fad7-e8d3-4ce4-88fe-781ba682714d?api-version=2021-08-01
      pragma:
      - no-cache
      server:
      - Microsoft-IIS/10.0
      strict-transport-security:
      - max-age=31536000; includeSubDomains
      x-content-type-options:
      - nosniff
      x-ms-ratelimit-remaining-subscription-resource-requests:
      - '282'
      x-powered-by:
      - ASP.NET
    status:
      code: 202
      message: Accepted
- request:
    body: null
    headers:
      Accept:
      - application/json
      Accept-Encoding:
      - gzip, deflate
      CommandName:
      - backup container unregister
      Connection:
      - keep-alive
      ParameterSetName:
      - -v -g -c -y
      User-Agent:
      - AZURECLI/2.31.0 (MSI) azsdk-python-mgmt-recoveryservicesbackup/3.0.0 Python/3.8.5
        (Windows-10-10.0.19041-SP0)
    method: GET
    uri: https://management.azure.com/subscriptions/00000000-0000-0000-0000-000000000000/resourceGroups/saphana-clitest-rg/providers/Microsoft.RecoveryServices/vaults/saphana-clitest-vault2/backupFabrics/Azure/protectionContainers/VMAppContainer%3BCompute%3Bsaphana-clitest-rg%3Bsaphana-clitest-vm2/operationResults/b249fad7-e8d3-4ce4-88fe-781ba682714d?api-version=2021-08-01
  response:
    body:
      string: '{}'
    headers:
      azure-asyncoperation:
      - https://management.azure.com/subscriptions/00000000-0000-0000-0000-000000000000/resourceGroups/saphana-clitest-rg/providers/Microsoft.RecoveryServices/vaults/saphana-clitest-vault2/backupFabrics/Azure/protectionContainers/VMAppContainer;Compute;saphana-clitest-rg;saphana-clitest-vm2/operationsStatus/b249fad7-e8d3-4ce4-88fe-781ba682714d?api-version=2019-05-13-preview
      cache-control:
      - no-cache
      content-length:
      - '2'
      content-type:
      - application/json
      date:
      - Mon, 13 Dec 2021 12:31:24 GMT
      expires:
      - '-1'
      location:
      - https://management.azure.com/subscriptions/00000000-0000-0000-0000-000000000000/resourceGroups/saphana-clitest-rg/providers/Microsoft.RecoveryServices/vaults/saphana-clitest-vault2/backupFabrics/Azure/protectionContainers/VMAppContainer;Compute;saphana-clitest-rg;saphana-clitest-vm2/operationResults/b249fad7-e8d3-4ce4-88fe-781ba682714d?api-version=2021-08-01
      pragma:
      - no-cache
      server:
      - Microsoft-IIS/10.0
      strict-transport-security:
      - max-age=31536000; includeSubDomains
      x-content-type-options:
      - nosniff
      x-ms-ratelimit-remaining-subscription-resource-requests:
      - '281'
      x-powered-by:
      - ASP.NET
    status:
      code: 202
      message: Accepted
- request:
    body: null
    headers:
      Accept:
      - application/json
      Accept-Encoding:
      - gzip, deflate
      CommandName:
      - backup container unregister
      Connection:
      - keep-alive
      ParameterSetName:
      - -v -g -c -y
      User-Agent:
      - AZURECLI/2.31.0 (MSI) azsdk-python-mgmt-recoveryservicesbackup/3.0.0 Python/3.8.5
        (Windows-10-10.0.19041-SP0)
    method: GET
    uri: https://management.azure.com/subscriptions/00000000-0000-0000-0000-000000000000/resourceGroups/saphana-clitest-rg/providers/Microsoft.RecoveryServices/vaults/saphana-clitest-vault2/backupFabrics/Azure/protectionContainers/VMAppContainer%3BCompute%3Bsaphana-clitest-rg%3Bsaphana-clitest-vm2/operationResults/b249fad7-e8d3-4ce4-88fe-781ba682714d?api-version=2021-08-01
  response:
    body:
      string: '{}'
    headers:
      azure-asyncoperation:
      - https://management.azure.com/subscriptions/00000000-0000-0000-0000-000000000000/resourceGroups/saphana-clitest-rg/providers/Microsoft.RecoveryServices/vaults/saphana-clitest-vault2/backupFabrics/Azure/protectionContainers/VMAppContainer;Compute;saphana-clitest-rg;saphana-clitest-vm2/operationsStatus/b249fad7-e8d3-4ce4-88fe-781ba682714d?api-version=2019-05-13-preview
      cache-control:
      - no-cache
      content-length:
      - '2'
      content-type:
      - application/json
      date:
      - Mon, 13 Dec 2021 12:31:29 GMT
      expires:
      - '-1'
      location:
      - https://management.azure.com/subscriptions/00000000-0000-0000-0000-000000000000/resourceGroups/saphana-clitest-rg/providers/Microsoft.RecoveryServices/vaults/saphana-clitest-vault2/backupFabrics/Azure/protectionContainers/VMAppContainer;Compute;saphana-clitest-rg;saphana-clitest-vm2/operationResults/b249fad7-e8d3-4ce4-88fe-781ba682714d?api-version=2021-08-01
      pragma:
      - no-cache
      server:
      - Microsoft-IIS/10.0
      strict-transport-security:
      - max-age=31536000; includeSubDomains
      x-content-type-options:
      - nosniff
      x-ms-ratelimit-remaining-subscription-resource-requests:
      - '280'
      x-powered-by:
      - ASP.NET
    status:
      code: 202
      message: Accepted
- request:
    body: null
    headers:
      Accept:
      - application/json
      Accept-Encoding:
      - gzip, deflate
      CommandName:
      - backup container unregister
      Connection:
      - keep-alive
      ParameterSetName:
      - -v -g -c -y
      User-Agent:
      - AZURECLI/2.31.0 (MSI) azsdk-python-mgmt-recoveryservicesbackup/3.0.0 Python/3.8.5
        (Windows-10-10.0.19041-SP0)
    method: GET
    uri: https://management.azure.com/subscriptions/00000000-0000-0000-0000-000000000000/resourceGroups/saphana-clitest-rg/providers/Microsoft.RecoveryServices/vaults/saphana-clitest-vault2/backupFabrics/Azure/protectionContainers/VMAppContainer%3BCompute%3Bsaphana-clitest-rg%3Bsaphana-clitest-vm2/operationResults/b249fad7-e8d3-4ce4-88fe-781ba682714d?api-version=2021-08-01
  response:
    body:
      string: '{}'
    headers:
      azure-asyncoperation:
      - https://management.azure.com/subscriptions/00000000-0000-0000-0000-000000000000/resourceGroups/saphana-clitest-rg/providers/Microsoft.RecoveryServices/vaults/saphana-clitest-vault2/backupFabrics/Azure/protectionContainers/VMAppContainer;Compute;saphana-clitest-rg;saphana-clitest-vm2/operationsStatus/b249fad7-e8d3-4ce4-88fe-781ba682714d?api-version=2019-05-13-preview
      cache-control:
      - no-cache
      content-length:
      - '2'
      content-type:
      - application/json
      date:
      - Mon, 13 Dec 2021 12:31:35 GMT
      expires:
      - '-1'
      location:
      - https://management.azure.com/subscriptions/00000000-0000-0000-0000-000000000000/resourceGroups/saphana-clitest-rg/providers/Microsoft.RecoveryServices/vaults/saphana-clitest-vault2/backupFabrics/Azure/protectionContainers/VMAppContainer;Compute;saphana-clitest-rg;saphana-clitest-vm2/operationResults/b249fad7-e8d3-4ce4-88fe-781ba682714d?api-version=2021-08-01
      pragma:
      - no-cache
      server:
      - Microsoft-IIS/10.0
      strict-transport-security:
      - max-age=31536000; includeSubDomains
      x-content-type-options:
      - nosniff
      x-ms-ratelimit-remaining-subscription-resource-requests:
      - '279'
      x-powered-by:
      - ASP.NET
    status:
      code: 202
      message: Accepted
- request:
    body: null
    headers:
      Accept:
      - application/json
      Accept-Encoding:
      - gzip, deflate
      CommandName:
      - backup container unregister
      Connection:
      - keep-alive
      ParameterSetName:
      - -v -g -c -y
      User-Agent:
      - AZURECLI/2.31.0 (MSI) azsdk-python-mgmt-recoveryservicesbackup/3.0.0 Python/3.8.5
        (Windows-10-10.0.19041-SP0)
    method: GET
    uri: https://management.azure.com/subscriptions/00000000-0000-0000-0000-000000000000/resourceGroups/saphana-clitest-rg/providers/Microsoft.RecoveryServices/vaults/saphana-clitest-vault2/backupFabrics/Azure/protectionContainers/VMAppContainer%3BCompute%3Bsaphana-clitest-rg%3Bsaphana-clitest-vm2/operationResults/b249fad7-e8d3-4ce4-88fe-781ba682714d?api-version=2021-08-01
  response:
    body:
      string: '{}'
    headers:
      azure-asyncoperation:
      - https://management.azure.com/subscriptions/00000000-0000-0000-0000-000000000000/resourceGroups/saphana-clitest-rg/providers/Microsoft.RecoveryServices/vaults/saphana-clitest-vault2/backupFabrics/Azure/protectionContainers/VMAppContainer;Compute;saphana-clitest-rg;saphana-clitest-vm2/operationsStatus/b249fad7-e8d3-4ce4-88fe-781ba682714d?api-version=2019-05-13-preview
      cache-control:
      - no-cache
      content-length:
      - '2'
      content-type:
      - application/json
      date:
      - Mon, 13 Dec 2021 12:31:40 GMT
      expires:
      - '-1'
      location:
      - https://management.azure.com/subscriptions/00000000-0000-0000-0000-000000000000/resourceGroups/saphana-clitest-rg/providers/Microsoft.RecoveryServices/vaults/saphana-clitest-vault2/backupFabrics/Azure/protectionContainers/VMAppContainer;Compute;saphana-clitest-rg;saphana-clitest-vm2/operationResults/b249fad7-e8d3-4ce4-88fe-781ba682714d?api-version=2021-08-01
      pragma:
      - no-cache
      server:
      - Microsoft-IIS/10.0
      strict-transport-security:
      - max-age=31536000; includeSubDomains
      x-content-type-options:
      - nosniff
      x-ms-ratelimit-remaining-subscription-resource-requests:
      - '278'
      x-powered-by:
      - ASP.NET
    status:
      code: 202
      message: Accepted
- request:
    body: null
    headers:
      Accept:
      - application/json
      Accept-Encoding:
      - gzip, deflate
      CommandName:
      - backup container unregister
      Connection:
      - keep-alive
      ParameterSetName:
      - -v -g -c -y
      User-Agent:
      - AZURECLI/2.31.0 (MSI) azsdk-python-mgmt-recoveryservicesbackup/3.0.0 Python/3.8.5
        (Windows-10-10.0.19041-SP0)
    method: GET
    uri: https://management.azure.com/subscriptions/00000000-0000-0000-0000-000000000000/resourceGroups/saphana-clitest-rg/providers/Microsoft.RecoveryServices/vaults/saphana-clitest-vault2/backupFabrics/Azure/protectionContainers/VMAppContainer%3BCompute%3Bsaphana-clitest-rg%3Bsaphana-clitest-vm2/operationResults/b249fad7-e8d3-4ce4-88fe-781ba682714d?api-version=2021-08-01
  response:
    body:
      string: '{}'
    headers:
      azure-asyncoperation:
      - https://management.azure.com/subscriptions/00000000-0000-0000-0000-000000000000/resourceGroups/saphana-clitest-rg/providers/Microsoft.RecoveryServices/vaults/saphana-clitest-vault2/backupFabrics/Azure/protectionContainers/VMAppContainer;Compute;saphana-clitest-rg;saphana-clitest-vm2/operationsStatus/b249fad7-e8d3-4ce4-88fe-781ba682714d?api-version=2019-05-13-preview
      cache-control:
      - no-cache
      content-length:
      - '2'
      content-type:
      - application/json
      date:
      - Mon, 13 Dec 2021 12:31:45 GMT
      expires:
      - '-1'
      location:
      - https://management.azure.com/subscriptions/00000000-0000-0000-0000-000000000000/resourceGroups/saphana-clitest-rg/providers/Microsoft.RecoveryServices/vaults/saphana-clitest-vault2/backupFabrics/Azure/protectionContainers/VMAppContainer;Compute;saphana-clitest-rg;saphana-clitest-vm2/operationResults/b249fad7-e8d3-4ce4-88fe-781ba682714d?api-version=2021-08-01
      pragma:
      - no-cache
      server:
      - Microsoft-IIS/10.0
      strict-transport-security:
      - max-age=31536000; includeSubDomains
      x-content-type-options:
      - nosniff
      x-ms-ratelimit-remaining-subscription-resource-requests:
      - '277'
      x-powered-by:
      - ASP.NET
    status:
      code: 202
      message: Accepted
- request:
    body: null
    headers:
      Accept:
      - application/json
      Accept-Encoding:
      - gzip, deflate
      CommandName:
      - backup container unregister
      Connection:
      - keep-alive
      ParameterSetName:
      - -v -g -c -y
      User-Agent:
      - AZURECLI/2.31.0 (MSI) azsdk-python-mgmt-recoveryservicesbackup/3.0.0 Python/3.8.5
        (Windows-10-10.0.19041-SP0)
    method: GET
    uri: https://management.azure.com/subscriptions/00000000-0000-0000-0000-000000000000/resourceGroups/saphana-clitest-rg/providers/Microsoft.RecoveryServices/vaults/saphana-clitest-vault2/backupFabrics/Azure/protectionContainers/VMAppContainer%3BCompute%3Bsaphana-clitest-rg%3Bsaphana-clitest-vm2/operationResults/b249fad7-e8d3-4ce4-88fe-781ba682714d?api-version=2021-08-01
  response:
    body:
      string: '{}'
    headers:
      azure-asyncoperation:
      - https://management.azure.com/subscriptions/00000000-0000-0000-0000-000000000000/resourceGroups/saphana-clitest-rg/providers/Microsoft.RecoveryServices/vaults/saphana-clitest-vault2/backupFabrics/Azure/protectionContainers/VMAppContainer;Compute;saphana-clitest-rg;saphana-clitest-vm2/operationsStatus/b249fad7-e8d3-4ce4-88fe-781ba682714d?api-version=2019-05-13-preview
      cache-control:
      - no-cache
      content-length:
      - '2'
      content-type:
      - application/json
      date:
      - Mon, 13 Dec 2021 12:31:51 GMT
      expires:
      - '-1'
      location:
      - https://management.azure.com/subscriptions/00000000-0000-0000-0000-000000000000/resourceGroups/saphana-clitest-rg/providers/Microsoft.RecoveryServices/vaults/saphana-clitest-vault2/backupFabrics/Azure/protectionContainers/VMAppContainer;Compute;saphana-clitest-rg;saphana-clitest-vm2/operationResults/b249fad7-e8d3-4ce4-88fe-781ba682714d?api-version=2021-08-01
      pragma:
      - no-cache
      server:
      - Microsoft-IIS/10.0
      strict-transport-security:
      - max-age=31536000; includeSubDomains
      x-content-type-options:
      - nosniff
      x-ms-ratelimit-remaining-subscription-resource-requests:
      - '276'
      x-powered-by:
      - ASP.NET
    status:
      code: 202
      message: Accepted
- request:
    body: null
    headers:
      Accept:
      - application/json
      Accept-Encoding:
      - gzip, deflate
      CommandName:
      - backup container unregister
      Connection:
      - keep-alive
      ParameterSetName:
      - -v -g -c -y
      User-Agent:
      - AZURECLI/2.31.0 (MSI) azsdk-python-mgmt-recoveryservicesbackup/3.0.0 Python/3.8.5
        (Windows-10-10.0.19041-SP0)
    method: GET
    uri: https://management.azure.com/subscriptions/00000000-0000-0000-0000-000000000000/resourceGroups/saphana-clitest-rg/providers/Microsoft.RecoveryServices/vaults/saphana-clitest-vault2/backupFabrics/Azure/protectionContainers/VMAppContainer%3BCompute%3Bsaphana-clitest-rg%3Bsaphana-clitest-vm2/operationResults/b249fad7-e8d3-4ce4-88fe-781ba682714d?api-version=2021-08-01
  response:
    body:
      string: '{}'
    headers:
      azure-asyncoperation:
      - https://management.azure.com/subscriptions/00000000-0000-0000-0000-000000000000/resourceGroups/saphana-clitest-rg/providers/Microsoft.RecoveryServices/vaults/saphana-clitest-vault2/backupFabrics/Azure/protectionContainers/VMAppContainer;Compute;saphana-clitest-rg;saphana-clitest-vm2/operationsStatus/b249fad7-e8d3-4ce4-88fe-781ba682714d?api-version=2019-05-13-preview
      cache-control:
      - no-cache
      content-length:
      - '2'
      content-type:
      - application/json
      date:
      - Mon, 13 Dec 2021 12:31:56 GMT
      expires:
      - '-1'
      location:
      - https://management.azure.com/subscriptions/00000000-0000-0000-0000-000000000000/resourceGroups/saphana-clitest-rg/providers/Microsoft.RecoveryServices/vaults/saphana-clitest-vault2/backupFabrics/Azure/protectionContainers/VMAppContainer;Compute;saphana-clitest-rg;saphana-clitest-vm2/operationResults/b249fad7-e8d3-4ce4-88fe-781ba682714d?api-version=2021-08-01
      pragma:
      - no-cache
      server:
      - Microsoft-IIS/10.0
      strict-transport-security:
      - max-age=31536000; includeSubDomains
      x-content-type-options:
      - nosniff
      x-ms-ratelimit-remaining-subscription-resource-requests:
      - '275'
      x-powered-by:
      - ASP.NET
    status:
      code: 202
      message: Accepted
- request:
    body: null
    headers:
      Accept:
      - application/json
      Accept-Encoding:
      - gzip, deflate
      CommandName:
      - backup container unregister
      Connection:
      - keep-alive
      ParameterSetName:
      - -v -g -c -y
      User-Agent:
      - AZURECLI/2.31.0 (MSI) azsdk-python-mgmt-recoveryservicesbackup/3.0.0 Python/3.8.5
        (Windows-10-10.0.19041-SP0)
    method: GET
    uri: https://management.azure.com/subscriptions/00000000-0000-0000-0000-000000000000/resourceGroups/saphana-clitest-rg/providers/Microsoft.RecoveryServices/vaults/saphana-clitest-vault2/backupFabrics/Azure/protectionContainers/VMAppContainer%3BCompute%3Bsaphana-clitest-rg%3Bsaphana-clitest-vm2/operationResults/b249fad7-e8d3-4ce4-88fe-781ba682714d?api-version=2021-08-01
  response:
    body:
      string: '{}'
    headers:
      azure-asyncoperation:
      - https://management.azure.com/subscriptions/00000000-0000-0000-0000-000000000000/resourceGroups/saphana-clitest-rg/providers/Microsoft.RecoveryServices/vaults/saphana-clitest-vault2/backupFabrics/Azure/protectionContainers/VMAppContainer;Compute;saphana-clitest-rg;saphana-clitest-vm2/operationsStatus/b249fad7-e8d3-4ce4-88fe-781ba682714d?api-version=2019-05-13-preview
      cache-control:
      - no-cache
      content-length:
      - '2'
      content-type:
      - application/json
      date:
      - Mon, 13 Dec 2021 12:32:02 GMT
      expires:
      - '-1'
      location:
      - https://management.azure.com/subscriptions/00000000-0000-0000-0000-000000000000/resourceGroups/saphana-clitest-rg/providers/Microsoft.RecoveryServices/vaults/saphana-clitest-vault2/backupFabrics/Azure/protectionContainers/VMAppContainer;Compute;saphana-clitest-rg;saphana-clitest-vm2/operationResults/b249fad7-e8d3-4ce4-88fe-781ba682714d?api-version=2021-08-01
      pragma:
      - no-cache
      server:
      - Microsoft-IIS/10.0
      strict-transport-security:
      - max-age=31536000; includeSubDomains
      x-content-type-options:
      - nosniff
      x-ms-ratelimit-remaining-subscription-resource-requests:
      - '274'
      x-powered-by:
      - ASP.NET
    status:
      code: 202
      message: Accepted
- request:
    body: null
    headers:
      Accept:
      - application/json
      Accept-Encoding:
      - gzip, deflate
      CommandName:
      - backup container unregister
      Connection:
      - keep-alive
      ParameterSetName:
      - -v -g -c -y
      User-Agent:
      - AZURECLI/2.31.0 (MSI) azsdk-python-mgmt-recoveryservicesbackup/3.0.0 Python/3.8.5
        (Windows-10-10.0.19041-SP0)
    method: GET
    uri: https://management.azure.com/subscriptions/00000000-0000-0000-0000-000000000000/resourceGroups/saphana-clitest-rg/providers/Microsoft.RecoveryServices/vaults/saphana-clitest-vault2/backupFabrics/Azure/protectionContainers/VMAppContainer%3BCompute%3Bsaphana-clitest-rg%3Bsaphana-clitest-vm2/operationResults/b249fad7-e8d3-4ce4-88fe-781ba682714d?api-version=2021-08-01
  response:
    body:
      string: ''
    headers:
      cache-control:
      - no-cache
      content-type:
      - application/json; charset=utf-8
      date:
      - Mon, 13 Dec 2021 12:32:07 GMT
      expires:
      - '-1'
      pragma:
      - no-cache
      strict-transport-security:
      - max-age=31536000; includeSubDomains
      x-content-type-options:
      - nosniff
      x-ms-ratelimit-remaining-subscription-resource-requests:
      - '273'
      x-powered-by:
      - ASP.NET
    status:
      code: 204
      message: No Content
- request:
    body: null
    headers:
      Accept:
      - application/json
      Accept-Encoding:
      - gzip, deflate
      CommandName:
      - backup container list
      Connection:
      - keep-alive
      ParameterSetName:
      - -v -g --backup-management-type
      User-Agent:
      - AZURECLI/2.31.0 (MSI) azsdk-python-mgmt-recoveryservicesbackup/3.0.0 Python/3.8.5
        (Windows-10-10.0.19041-SP0)
    method: GET
    uri: https://management.azure.com/subscriptions/00000000-0000-0000-0000-000000000000/resourceGroups/saphana-clitest-rg/providers/Microsoft.RecoveryServices/vaults/saphana-clitest-vault2/backupProtectionContainers?api-version=2021-08-01&$filter=backupManagementType%20eq%20%27AzureWorkload%27%20and%20status%20eq%20%27Registered%27
  response:
    body:
      string: '{"value":[]}'
    headers:
      cache-control:
      - no-cache
      content-length:
      - '12'
      content-type:
      - application/json
      date:
      - Mon, 13 Dec 2021 12:32:08 GMT
      expires:
      - '-1'
      pragma:
      - no-cache
      server:
      - Microsoft-IIS/10.0
      strict-transport-security:
      - max-age=31536000; includeSubDomains
      transfer-encoding:
      - chunked
      vary:
      - Accept-Encoding
      x-content-type-options:
      - nosniff
      x-ms-ratelimit-remaining-subscription-resource-requests:
      - '299'
      x-powered-by:
      - ASP.NET
    status:
      code: 200
      message: OK
version: 1
