interactions:
- request:
    body: null
    headers:
      Accept:
      - application/json
      Accept-Encoding:
      - gzip, deflate
      CommandName:
      - backup container register
      Connection:
      - keep-alive
      ParameterSetName:
      - -v -g --backup-management-type --workload-type --resource-id
      User-Agent:
      - AZURECLI/2.33.1 azsdk-python-mgmt-recoveryservicesbackup/4.1.1 Python/3.8.5
        (Windows-10-10.0.22000-SP0)
    method: GET
    uri: https://management.azure.com/subscriptions/00000000-0000-0000-0000-000000000000/resourceGroups/saphana-clitest-rg/providers/Microsoft.RecoveryServices/vaults/saphana-clitest-vault2/backupFabrics/Azure/protectableContainers?api-version=2021-12-01&%24filter=backupManagementType+eq+%27AzureWorkload%27
  response:
    body:
      string: '{"value":[{"id":"/subscriptions/00000000-0000-0000-0000-000000000000/resourceGroups/saphana-clitest-rg/providers/Microsoft.RecoveryServices/vaults/saphana-clitest-vault2/backupFabrics/Azure/protectableContainers/VMAppContainer;Compute;akkanaseCMK;test","name":"VMAppContainer;Compute;akkanaseCMK;test","type":"Microsoft.RecoveryServices/vaults/backupFabrics/protectableContainers","properties":{"friendlyName":"test","backupManagementType":"AzureWorkload","protectableContainerType":"VMAppContainer","healthStatus":"Healthy","containerId":"/subscriptions/00000000-0000-0000-0000-000000000000/resourceGroups/akkanaseCMK/providers/Microsoft.Compute/virtualMachines/test"}},{"id":"/subscriptions/00000000-0000-0000-0000-000000000000/resourceGroups/saphana-clitest-rg/providers/Microsoft.RecoveryServices/vaults/saphana-clitest-vault2/backupFabrics/Azure/protectableContainers/VMAppContainer;Compute;akkanaseGRSVault;jakavetVM","name":"VMAppContainer;Compute;akkanaseGRSVault;jakavetVM","type":"Microsoft.RecoveryServices/vaults/backupFabrics/protectableContainers","properties":{"friendlyName":"jakavetVM","backupManagementType":"AzureWorkload","protectableContainerType":"VMAppContainer","healthStatus":"Healthy","containerId":"/subscriptions/00000000-0000-0000-0000-000000000000/resourceGroups/akkanaseGRSVault/providers/Microsoft.Compute/virtualMachines/jakavetVM"}},{"id":"/subscriptions/00000000-0000-0000-0000-000000000000/resourceGroups/saphana-clitest-rg/providers/Microsoft.RecoveryServices/vaults/saphana-clitest-vault2/backupFabrics/Azure/protectableContainers/VMAppContainer;Compute;saphana-clitest-rg;saphana-clitest-vm2","name":"VMAppContainer;Compute;saphana-clitest-rg;saphana-clitest-vm2","type":"Microsoft.RecoveryServices/vaults/backupFabrics/protectableContainers","properties":{"friendlyName":"saphana-clitest-vm2","backupManagementType":"AzureWorkload","protectableContainerType":"VMAppContainer","healthStatus":"Healthy","containerId":"/subscriptions/00000000-0000-0000-0000-000000000000/resourceGroups/saphana-clitest-rg/providers/Microsoft.Compute/virtualMachines/saphana-clitest-vm2"}}]}'
    headers:
      cache-control:
      - no-cache
      content-length:
      - '2110'
      content-type:
      - application/json
      date:
      - Fri, 18 Feb 2022 09:11:24 GMT
      expires:
      - '-1'
      pragma:
      - no-cache
      server:
      - Microsoft-IIS/10.0
      strict-transport-security:
      - max-age=31536000; includeSubDomains
      transfer-encoding:
      - chunked
      vary:
      - Accept-Encoding
      x-content-type-options:
      - nosniff
      x-ms-ratelimit-remaining-subscription-resource-requests:
      - '299'
      x-powered-by:
      - ASP.NET
    status:
      code: 200
      message: OK
- request:
    body: '{"properties": {"backupManagementType": "AzureWorkload", "containerType":
      "VMAppContainer", "sourceResourceId": "/subscriptions/00000000-0000-0000-0000-000000000000/resourceGroups/SAPHANA-CLITEST-RG/providers/Microsoft.Compute/virtualMachines/saphana-clitest-vm2",
      "workloadType": "SAPHanaDatabase"}}'
    headers:
      Accept:
      - application/json
      Accept-Encoding:
      - gzip, deflate
      CommandName:
      - backup container register
      Connection:
      - keep-alive
      Content-Length:
      - '300'
      Content-Type:
      - application/json
      ParameterSetName:
      - -v -g --backup-management-type --workload-type --resource-id
      User-Agent:
      - AZURECLI/2.33.1 azsdk-python-mgmt-recoveryservicesbackup/4.1.1 Python/3.8.5
        (Windows-10-10.0.22000-SP0)
    method: PUT
    uri: https://management.azure.com/subscriptions/00000000-0000-0000-0000-000000000000/resourceGroups/saphana-clitest-rg/providers/Microsoft.RecoveryServices/vaults/saphana-clitest-vault2/backupFabrics/Azure/protectionContainers/VMAppContainer%3BCompute%3Bsaphana-clitest-rg%3Bsaphana-clitest-vm2?api-version=2021-12-01
  response:
    body:
      string: '{}'
    headers:
      azure-asyncoperation:
      - https://management.azure.com/subscriptions/00000000-0000-0000-0000-000000000000/resourceGroups/saphana-clitest-rg/providers/Microsoft.RecoveryServices/vaults/saphana-clitest-vault2/backupFabrics/Azure/protectionContainers/VMAppContainer;Compute;saphana-clitest-rg;saphana-clitest-vm2/operationsStatus/95966e2a-2c51-4c89-8e01-abf019b3cf71?api-version=2019-05-13-preview
      cache-control:
      - no-cache
      content-length:
      - '2'
      content-type:
      - application/json
      date:
      - Fri, 18 Feb 2022 09:11:25 GMT
      expires:
      - '-1'
      location:
      - https://management.azure.com/subscriptions/00000000-0000-0000-0000-000000000000/resourceGroups/saphana-clitest-rg/providers/Microsoft.RecoveryServices/vaults/saphana-clitest-vault2/backupFabrics/Azure/protectionContainers/VMAppContainer;Compute;saphana-clitest-rg;saphana-clitest-vm2/operationResults/95966e2a-2c51-4c89-8e01-abf019b3cf71?api-version=2021-12-01
      pragma:
      - no-cache
      server:
      - Microsoft-IIS/10.0
      strict-transport-security:
      - max-age=31536000; includeSubDomains
      x-content-type-options:
      - nosniff
      x-ms-ratelimit-remaining-subscription-writes:
      - '1199'
      x-powered-by:
      - ASP.NET
    status:
      code: 202
      message: Accepted
- request:
    body: null
    headers:
      Accept:
      - application/json
      Accept-Encoding:
      - gzip, deflate
      CommandName:
      - backup container register
      Connection:
      - keep-alive
      ParameterSetName:
      - -v -g --backup-management-type --workload-type --resource-id
      User-Agent:
      - AZURECLI/2.33.1 azsdk-python-mgmt-recoveryservicesbackup/4.1.1 Python/3.8.5
        (Windows-10-10.0.22000-SP0)
    method: GET
    uri: https://management.azure.com/subscriptions/00000000-0000-0000-0000-000000000000/resourceGroups/saphana-clitest-rg/providers/Microsoft.RecoveryServices/vaults/saphana-clitest-vault2/backupFabrics/Azure/protectionContainers/VMAppContainer%3BCompute%3Bsaphana-clitest-rg%3Bsaphana-clitest-vm2/operationResults/95966e2a-2c51-4c89-8e01-abf019b3cf71?api-version=2021-12-01
  response:
    body:
      string: '{}'
    headers:
      azure-asyncoperation:
      - https://management.azure.com/subscriptions/00000000-0000-0000-0000-000000000000/resourceGroups/saphana-clitest-rg/providers/Microsoft.RecoveryServices/vaults/saphana-clitest-vault2/backupFabrics/Azure/protectionContainers/VMAppContainer;Compute;saphana-clitest-rg;saphana-clitest-vm2/operationsStatus/95966e2a-2c51-4c89-8e01-abf019b3cf71?api-version=2019-05-13-preview
      cache-control:
      - no-cache
      content-length:
      - '2'
      content-type:
      - application/json
      date:
      - Fri, 18 Feb 2022 09:11:28 GMT
      expires:
      - '-1'
      location:
      - https://management.azure.com/subscriptions/00000000-0000-0000-0000-000000000000/resourceGroups/saphana-clitest-rg/providers/Microsoft.RecoveryServices/vaults/saphana-clitest-vault2/backupFabrics/Azure/protectionContainers/VMAppContainer;Compute;saphana-clitest-rg;saphana-clitest-vm2/operationResults/95966e2a-2c51-4c89-8e01-abf019b3cf71?api-version=2021-12-01
      pragma:
      - no-cache
      server:
      - Microsoft-IIS/10.0
      strict-transport-security:
      - max-age=31536000; includeSubDomains
      x-content-type-options:
      - nosniff
      x-ms-ratelimit-remaining-subscription-resource-requests:
      - '238'
      x-powered-by:
      - ASP.NET
    status:
      code: 202
      message: Accepted
- request:
    body: null
    headers:
      Accept:
      - application/json
      Accept-Encoding:
      - gzip, deflate
      CommandName:
      - backup container register
      Connection:
      - keep-alive
      ParameterSetName:
      - -v -g --backup-management-type --workload-type --resource-id
      User-Agent:
      - AZURECLI/2.33.1 azsdk-python-mgmt-recoveryservicesbackup/4.1.1 Python/3.8.5
        (Windows-10-10.0.22000-SP0)
    method: GET
    uri: https://management.azure.com/subscriptions/00000000-0000-0000-0000-000000000000/resourceGroups/saphana-clitest-rg/providers/Microsoft.RecoveryServices/vaults/saphana-clitest-vault2/backupFabrics/Azure/protectionContainers/VMAppContainer%3BCompute%3Bsaphana-clitest-rg%3Bsaphana-clitest-vm2/operationResults/95966e2a-2c51-4c89-8e01-abf019b3cf71?api-version=2021-12-01
  response:
    body:
      string: '{}'
    headers:
      azure-asyncoperation:
      - https://management.azure.com/subscriptions/00000000-0000-0000-0000-000000000000/resourceGroups/saphana-clitest-rg/providers/Microsoft.RecoveryServices/vaults/saphana-clitest-vault2/backupFabrics/Azure/protectionContainers/VMAppContainer;Compute;saphana-clitest-rg;saphana-clitest-vm2/operationsStatus/95966e2a-2c51-4c89-8e01-abf019b3cf71?api-version=2019-05-13-preview
      cache-control:
      - no-cache
      content-length:
      - '2'
      content-type:
      - application/json
      date:
      - Fri, 18 Feb 2022 09:11:33 GMT
      expires:
      - '-1'
      location:
      - https://management.azure.com/subscriptions/00000000-0000-0000-0000-000000000000/resourceGroups/saphana-clitest-rg/providers/Microsoft.RecoveryServices/vaults/saphana-clitest-vault2/backupFabrics/Azure/protectionContainers/VMAppContainer;Compute;saphana-clitest-rg;saphana-clitest-vm2/operationResults/95966e2a-2c51-4c89-8e01-abf019b3cf71?api-version=2021-12-01
      pragma:
      - no-cache
      server:
      - Microsoft-IIS/10.0
      strict-transport-security:
      - max-age=31536000; includeSubDomains
      x-content-type-options:
      - nosniff
      x-ms-ratelimit-remaining-subscription-resource-requests:
      - '237'
      x-powered-by:
      - ASP.NET
    status:
      code: 202
      message: Accepted
- request:
    body: null
    headers:
      Accept:
      - application/json
      Accept-Encoding:
      - gzip, deflate
      CommandName:
      - backup container register
      Connection:
      - keep-alive
      ParameterSetName:
      - -v -g --backup-management-type --workload-type --resource-id
      User-Agent:
      - AZURECLI/2.33.1 azsdk-python-mgmt-recoveryservicesbackup/4.1.1 Python/3.8.5
        (Windows-10-10.0.22000-SP0)
    method: GET
    uri: https://management.azure.com/subscriptions/00000000-0000-0000-0000-000000000000/resourceGroups/saphana-clitest-rg/providers/Microsoft.RecoveryServices/vaults/saphana-clitest-vault2/backupFabrics/Azure/protectionContainers/VMAppContainer%3BCompute%3Bsaphana-clitest-rg%3Bsaphana-clitest-vm2/operationResults/95966e2a-2c51-4c89-8e01-abf019b3cf71?api-version=2021-12-01
  response:
    body:
      string: '{}'
    headers:
      azure-asyncoperation:
      - https://management.azure.com/subscriptions/00000000-0000-0000-0000-000000000000/resourceGroups/saphana-clitest-rg/providers/Microsoft.RecoveryServices/vaults/saphana-clitest-vault2/backupFabrics/Azure/protectionContainers/VMAppContainer;Compute;saphana-clitest-rg;saphana-clitest-vm2/operationsStatus/95966e2a-2c51-4c89-8e01-abf019b3cf71?api-version=2019-05-13-preview
      cache-control:
      - no-cache
      content-length:
      - '2'
      content-type:
      - application/json
      date:
      - Fri, 18 Feb 2022 09:11:39 GMT
      expires:
      - '-1'
      location:
      - https://management.azure.com/subscriptions/00000000-0000-0000-0000-000000000000/resourceGroups/saphana-clitest-rg/providers/Microsoft.RecoveryServices/vaults/saphana-clitest-vault2/backupFabrics/Azure/protectionContainers/VMAppContainer;Compute;saphana-clitest-rg;saphana-clitest-vm2/operationResults/95966e2a-2c51-4c89-8e01-abf019b3cf71?api-version=2021-12-01
      pragma:
      - no-cache
      server:
      - Microsoft-IIS/10.0
      strict-transport-security:
      - max-age=31536000; includeSubDomains
      x-content-type-options:
      - nosniff
      x-ms-ratelimit-remaining-subscription-resource-requests:
      - '236'
      x-powered-by:
      - ASP.NET
    status:
      code: 202
      message: Accepted
- request:
    body: null
    headers:
      Accept:
      - application/json
      Accept-Encoding:
      - gzip, deflate
      CommandName:
      - backup container register
      Connection:
      - keep-alive
      ParameterSetName:
      - -v -g --backup-management-type --workload-type --resource-id
      User-Agent:
      - AZURECLI/2.33.1 azsdk-python-mgmt-recoveryservicesbackup/4.1.1 Python/3.8.5
        (Windows-10-10.0.22000-SP0)
    method: GET
    uri: https://management.azure.com/subscriptions/00000000-0000-0000-0000-000000000000/resourceGroups/saphana-clitest-rg/providers/Microsoft.RecoveryServices/vaults/saphana-clitest-vault2/backupFabrics/Azure/protectionContainers/VMAppContainer%3BCompute%3Bsaphana-clitest-rg%3Bsaphana-clitest-vm2/operationResults/95966e2a-2c51-4c89-8e01-abf019b3cf71?api-version=2021-12-01
  response:
    body:
      string: '{}'
    headers:
      azure-asyncoperation:
      - https://management.azure.com/subscriptions/00000000-0000-0000-0000-000000000000/resourceGroups/saphana-clitest-rg/providers/Microsoft.RecoveryServices/vaults/saphana-clitest-vault2/backupFabrics/Azure/protectionContainers/VMAppContainer;Compute;saphana-clitest-rg;saphana-clitest-vm2/operationsStatus/95966e2a-2c51-4c89-8e01-abf019b3cf71?api-version=2019-05-13-preview
      cache-control:
      - no-cache
      content-length:
      - '2'
      content-type:
      - application/json
      date:
      - Fri, 18 Feb 2022 09:11:45 GMT
      expires:
      - '-1'
      location:
      - https://management.azure.com/subscriptions/00000000-0000-0000-0000-000000000000/resourceGroups/saphana-clitest-rg/providers/Microsoft.RecoveryServices/vaults/saphana-clitest-vault2/backupFabrics/Azure/protectionContainers/VMAppContainer;Compute;saphana-clitest-rg;saphana-clitest-vm2/operationResults/95966e2a-2c51-4c89-8e01-abf019b3cf71?api-version=2021-12-01
      pragma:
      - no-cache
      server:
      - Microsoft-IIS/10.0
      strict-transport-security:
      - max-age=31536000; includeSubDomains
      x-content-type-options:
      - nosniff
      x-ms-ratelimit-remaining-subscription-resource-requests:
      - '235'
      x-powered-by:
      - ASP.NET
    status:
      code: 202
      message: Accepted
- request:
    body: null
    headers:
      Accept:
      - application/json
      Accept-Encoding:
      - gzip, deflate
      CommandName:
      - backup container register
      Connection:
      - keep-alive
      ParameterSetName:
      - -v -g --backup-management-type --workload-type --resource-id
      User-Agent:
      - AZURECLI/2.33.1 azsdk-python-mgmt-recoveryservicesbackup/4.1.1 Python/3.8.5
        (Windows-10-10.0.22000-SP0)
    method: GET
    uri: https://management.azure.com/subscriptions/00000000-0000-0000-0000-000000000000/resourceGroups/saphana-clitest-rg/providers/Microsoft.RecoveryServices/vaults/saphana-clitest-vault2/backupFabrics/Azure/protectionContainers/VMAppContainer%3BCompute%3Bsaphana-clitest-rg%3Bsaphana-clitest-vm2/operationResults/95966e2a-2c51-4c89-8e01-abf019b3cf71?api-version=2021-12-01
  response:
    body:
      string: '{}'
    headers:
      azure-asyncoperation:
      - https://management.azure.com/subscriptions/00000000-0000-0000-0000-000000000000/resourceGroups/saphana-clitest-rg/providers/Microsoft.RecoveryServices/vaults/saphana-clitest-vault2/backupFabrics/Azure/protectionContainers/VMAppContainer;Compute;saphana-clitest-rg;saphana-clitest-vm2/operationsStatus/95966e2a-2c51-4c89-8e01-abf019b3cf71?api-version=2019-05-13-preview
      cache-control:
      - no-cache
      content-length:
      - '2'
      content-type:
      - application/json
      date:
      - Fri, 18 Feb 2022 09:11:50 GMT
      expires:
      - '-1'
      location:
      - https://management.azure.com/subscriptions/00000000-0000-0000-0000-000000000000/resourceGroups/saphana-clitest-rg/providers/Microsoft.RecoveryServices/vaults/saphana-clitest-vault2/backupFabrics/Azure/protectionContainers/VMAppContainer;Compute;saphana-clitest-rg;saphana-clitest-vm2/operationResults/95966e2a-2c51-4c89-8e01-abf019b3cf71?api-version=2021-12-01
      pragma:
      - no-cache
      server:
      - Microsoft-IIS/10.0
      strict-transport-security:
      - max-age=31536000; includeSubDomains
      x-content-type-options:
      - nosniff
      x-ms-ratelimit-remaining-subscription-resource-requests:
      - '234'
      x-powered-by:
      - ASP.NET
    status:
      code: 202
      message: Accepted
- request:
    body: null
    headers:
      Accept:
      - application/json
      Accept-Encoding:
      - gzip, deflate
      CommandName:
      - backup container register
      Connection:
      - keep-alive
      ParameterSetName:
      - -v -g --backup-management-type --workload-type --resource-id
      User-Agent:
      - AZURECLI/2.33.1 azsdk-python-mgmt-recoveryservicesbackup/4.1.1 Python/3.8.5
        (Windows-10-10.0.22000-SP0)
    method: GET
    uri: https://management.azure.com/subscriptions/00000000-0000-0000-0000-000000000000/resourceGroups/saphana-clitest-rg/providers/Microsoft.RecoveryServices/vaults/saphana-clitest-vault2/backupFabrics/Azure/protectionContainers/VMAppContainer%3BCompute%3Bsaphana-clitest-rg%3Bsaphana-clitest-vm2/operationResults/95966e2a-2c51-4c89-8e01-abf019b3cf71?api-version=2021-12-01
  response:
    body:
      string: '{}'
    headers:
      azure-asyncoperation:
      - https://management.azure.com/subscriptions/00000000-0000-0000-0000-000000000000/resourceGroups/saphana-clitest-rg/providers/Microsoft.RecoveryServices/vaults/saphana-clitest-vault2/backupFabrics/Azure/protectionContainers/VMAppContainer;Compute;saphana-clitest-rg;saphana-clitest-vm2/operationsStatus/95966e2a-2c51-4c89-8e01-abf019b3cf71?api-version=2019-05-13-preview
      cache-control:
      - no-cache
      content-length:
      - '2'
      content-type:
      - application/json
      date:
      - Fri, 18 Feb 2022 09:11:56 GMT
      expires:
      - '-1'
      location:
      - https://management.azure.com/subscriptions/00000000-0000-0000-0000-000000000000/resourceGroups/saphana-clitest-rg/providers/Microsoft.RecoveryServices/vaults/saphana-clitest-vault2/backupFabrics/Azure/protectionContainers/VMAppContainer;Compute;saphana-clitest-rg;saphana-clitest-vm2/operationResults/95966e2a-2c51-4c89-8e01-abf019b3cf71?api-version=2021-12-01
      pragma:
      - no-cache
      server:
      - Microsoft-IIS/10.0
      strict-transport-security:
      - max-age=31536000; includeSubDomains
      x-content-type-options:
      - nosniff
      x-ms-ratelimit-remaining-subscription-resource-requests:
      - '233'
      x-powered-by:
      - ASP.NET
    status:
      code: 202
      message: Accepted
- request:
    body: null
    headers:
      Accept:
      - application/json
      Accept-Encoding:
      - gzip, deflate
      CommandName:
      - backup container register
      Connection:
      - keep-alive
      ParameterSetName:
      - -v -g --backup-management-type --workload-type --resource-id
      User-Agent:
      - AZURECLI/2.33.1 azsdk-python-mgmt-recoveryservicesbackup/4.1.1 Python/3.8.5
        (Windows-10-10.0.22000-SP0)
    method: GET
    uri: https://management.azure.com/subscriptions/00000000-0000-0000-0000-000000000000/resourceGroups/saphana-clitest-rg/providers/Microsoft.RecoveryServices/vaults/saphana-clitest-vault2/backupFabrics/Azure/protectionContainers/VMAppContainer%3BCompute%3Bsaphana-clitest-rg%3Bsaphana-clitest-vm2/operationResults/95966e2a-2c51-4c89-8e01-abf019b3cf71?api-version=2021-12-01
  response:
    body:
      string: '{}'
    headers:
      azure-asyncoperation:
      - https://management.azure.com/subscriptions/00000000-0000-0000-0000-000000000000/resourceGroups/saphana-clitest-rg/providers/Microsoft.RecoveryServices/vaults/saphana-clitest-vault2/backupFabrics/Azure/protectionContainers/VMAppContainer;Compute;saphana-clitest-rg;saphana-clitest-vm2/operationsStatus/95966e2a-2c51-4c89-8e01-abf019b3cf71?api-version=2019-05-13-preview
      cache-control:
      - no-cache
      content-length:
      - '2'
      content-type:
      - application/json
      date:
      - Fri, 18 Feb 2022 09:12:01 GMT
      expires:
      - '-1'
      location:
      - https://management.azure.com/subscriptions/00000000-0000-0000-0000-000000000000/resourceGroups/saphana-clitest-rg/providers/Microsoft.RecoveryServices/vaults/saphana-clitest-vault2/backupFabrics/Azure/protectionContainers/VMAppContainer;Compute;saphana-clitest-rg;saphana-clitest-vm2/operationResults/95966e2a-2c51-4c89-8e01-abf019b3cf71?api-version=2021-12-01
      pragma:
      - no-cache
      server:
      - Microsoft-IIS/10.0
      strict-transport-security:
      - max-age=31536000; includeSubDomains
      x-content-type-options:
      - nosniff
      x-ms-ratelimit-remaining-subscription-resource-requests:
      - '232'
      x-powered-by:
      - ASP.NET
    status:
      code: 202
      message: Accepted
- request:
    body: null
    headers:
      Accept:
      - application/json
      Accept-Encoding:
      - gzip, deflate
      CommandName:
      - backup container register
      Connection:
      - keep-alive
      ParameterSetName:
      - -v -g --backup-management-type --workload-type --resource-id
      User-Agent:
      - AZURECLI/2.33.1 azsdk-python-mgmt-recoveryservicesbackup/4.1.1 Python/3.8.5
        (Windows-10-10.0.22000-SP0)
    method: GET
    uri: https://management.azure.com/subscriptions/00000000-0000-0000-0000-000000000000/resourceGroups/saphana-clitest-rg/providers/Microsoft.RecoveryServices/vaults/saphana-clitest-vault2/backupFabrics/Azure/protectionContainers/VMAppContainer%3BCompute%3Bsaphana-clitest-rg%3Bsaphana-clitest-vm2/operationResults/95966e2a-2c51-4c89-8e01-abf019b3cf71?api-version=2021-12-01
  response:
    body:
      string: '{}'
    headers:
      azure-asyncoperation:
      - https://management.azure.com/subscriptions/00000000-0000-0000-0000-000000000000/resourceGroups/saphana-clitest-rg/providers/Microsoft.RecoveryServices/vaults/saphana-clitest-vault2/backupFabrics/Azure/protectionContainers/VMAppContainer;Compute;saphana-clitest-rg;saphana-clitest-vm2/operationsStatus/95966e2a-2c51-4c89-8e01-abf019b3cf71?api-version=2019-05-13-preview
      cache-control:
      - no-cache
      content-length:
      - '2'
      content-type:
      - application/json
      date:
      - Fri, 18 Feb 2022 09:12:07 GMT
      expires:
      - '-1'
      location:
      - https://management.azure.com/subscriptions/00000000-0000-0000-0000-000000000000/resourceGroups/saphana-clitest-rg/providers/Microsoft.RecoveryServices/vaults/saphana-clitest-vault2/backupFabrics/Azure/protectionContainers/VMAppContainer;Compute;saphana-clitest-rg;saphana-clitest-vm2/operationResults/95966e2a-2c51-4c89-8e01-abf019b3cf71?api-version=2021-12-01
      pragma:
      - no-cache
      server:
      - Microsoft-IIS/10.0
      strict-transport-security:
      - max-age=31536000; includeSubDomains
      x-content-type-options:
      - nosniff
      x-ms-ratelimit-remaining-subscription-resource-requests:
      - '231'
      x-powered-by:
      - ASP.NET
    status:
      code: 202
      message: Accepted
- request:
    body: null
    headers:
      Accept:
      - application/json
      Accept-Encoding:
      - gzip, deflate
      CommandName:
      - backup container register
      Connection:
      - keep-alive
      ParameterSetName:
      - -v -g --backup-management-type --workload-type --resource-id
      User-Agent:
      - AZURECLI/2.33.1 azsdk-python-mgmt-recoveryservicesbackup/4.1.1 Python/3.8.5
        (Windows-10-10.0.22000-SP0)
    method: GET
    uri: https://management.azure.com/subscriptions/00000000-0000-0000-0000-000000000000/resourceGroups/saphana-clitest-rg/providers/Microsoft.RecoveryServices/vaults/saphana-clitest-vault2/backupFabrics/Azure/protectionContainers/VMAppContainer%3BCompute%3Bsaphana-clitest-rg%3Bsaphana-clitest-vm2/operationResults/95966e2a-2c51-4c89-8e01-abf019b3cf71?api-version=2021-12-01
  response:
    body:
      string: '{}'
    headers:
      azure-asyncoperation:
      - https://management.azure.com/subscriptions/00000000-0000-0000-0000-000000000000/resourceGroups/saphana-clitest-rg/providers/Microsoft.RecoveryServices/vaults/saphana-clitest-vault2/backupFabrics/Azure/protectionContainers/VMAppContainer;Compute;saphana-clitest-rg;saphana-clitest-vm2/operationsStatus/95966e2a-2c51-4c89-8e01-abf019b3cf71?api-version=2019-05-13-preview
      cache-control:
      - no-cache
      content-length:
      - '2'
      content-type:
      - application/json
      date:
      - Fri, 18 Feb 2022 09:12:12 GMT
      expires:
      - '-1'
      location:
      - https://management.azure.com/subscriptions/00000000-0000-0000-0000-000000000000/resourceGroups/saphana-clitest-rg/providers/Microsoft.RecoveryServices/vaults/saphana-clitest-vault2/backupFabrics/Azure/protectionContainers/VMAppContainer;Compute;saphana-clitest-rg;saphana-clitest-vm2/operationResults/95966e2a-2c51-4c89-8e01-abf019b3cf71?api-version=2021-12-01
      pragma:
      - no-cache
      server:
      - Microsoft-IIS/10.0
      strict-transport-security:
      - max-age=31536000; includeSubDomains
      x-content-type-options:
      - nosniff
      x-ms-ratelimit-remaining-subscription-resource-requests:
      - '230'
      x-powered-by:
      - ASP.NET
    status:
      code: 202
      message: Accepted
- request:
    body: null
    headers:
      Accept:
      - application/json
      Accept-Encoding:
      - gzip, deflate
      CommandName:
      - backup container register
      Connection:
      - keep-alive
      ParameterSetName:
      - -v -g --backup-management-type --workload-type --resource-id
      User-Agent:
      - AZURECLI/2.33.1 azsdk-python-mgmt-recoveryservicesbackup/4.1.1 Python/3.8.5
        (Windows-10-10.0.22000-SP0)
    method: GET
    uri: https://management.azure.com/subscriptions/00000000-0000-0000-0000-000000000000/resourceGroups/saphana-clitest-rg/providers/Microsoft.RecoveryServices/vaults/saphana-clitest-vault2/backupFabrics/Azure/protectionContainers/VMAppContainer%3BCompute%3Bsaphana-clitest-rg%3Bsaphana-clitest-vm2/operationResults/95966e2a-2c51-4c89-8e01-abf019b3cf71?api-version=2021-12-01
  response:
    body:
      string: '{}'
    headers:
      azure-asyncoperation:
      - https://management.azure.com/subscriptions/00000000-0000-0000-0000-000000000000/resourceGroups/saphana-clitest-rg/providers/Microsoft.RecoveryServices/vaults/saphana-clitest-vault2/backupFabrics/Azure/protectionContainers/VMAppContainer;Compute;saphana-clitest-rg;saphana-clitest-vm2/operationsStatus/95966e2a-2c51-4c89-8e01-abf019b3cf71?api-version=2019-05-13-preview
      cache-control:
      - no-cache
      content-length:
      - '2'
      content-type:
      - application/json
      date:
      - Fri, 18 Feb 2022 09:12:18 GMT
      expires:
      - '-1'
      location:
      - https://management.azure.com/subscriptions/00000000-0000-0000-0000-000000000000/resourceGroups/saphana-clitest-rg/providers/Microsoft.RecoveryServices/vaults/saphana-clitest-vault2/backupFabrics/Azure/protectionContainers/VMAppContainer;Compute;saphana-clitest-rg;saphana-clitest-vm2/operationResults/95966e2a-2c51-4c89-8e01-abf019b3cf71?api-version=2021-12-01
      pragma:
      - no-cache
      server:
      - Microsoft-IIS/10.0
      strict-transport-security:
      - max-age=31536000; includeSubDomains
      x-content-type-options:
      - nosniff
      x-ms-ratelimit-remaining-subscription-resource-requests:
      - '229'
      x-powered-by:
      - ASP.NET
    status:
      code: 202
      message: Accepted
- request:
    body: null
    headers:
      Accept:
      - application/json
      Accept-Encoding:
      - gzip, deflate
      CommandName:
      - backup container register
      Connection:
      - keep-alive
      ParameterSetName:
      - -v -g --backup-management-type --workload-type --resource-id
      User-Agent:
      - AZURECLI/2.33.1 azsdk-python-mgmt-recoveryservicesbackup/4.1.1 Python/3.8.5
        (Windows-10-10.0.22000-SP0)
    method: GET
    uri: https://management.azure.com/subscriptions/00000000-0000-0000-0000-000000000000/resourceGroups/saphana-clitest-rg/providers/Microsoft.RecoveryServices/vaults/saphana-clitest-vault2/backupFabrics/Azure/protectionContainers/VMAppContainer%3BCompute%3Bsaphana-clitest-rg%3Bsaphana-clitest-vm2/operationResults/95966e2a-2c51-4c89-8e01-abf019b3cf71?api-version=2021-12-01
  response:
    body:
      string: '{}'
    headers:
      azure-asyncoperation:
      - https://management.azure.com/subscriptions/00000000-0000-0000-0000-000000000000/resourceGroups/saphana-clitest-rg/providers/Microsoft.RecoveryServices/vaults/saphana-clitest-vault2/backupFabrics/Azure/protectionContainers/VMAppContainer;Compute;saphana-clitest-rg;saphana-clitest-vm2/operationsStatus/95966e2a-2c51-4c89-8e01-abf019b3cf71?api-version=2019-05-13-preview
      cache-control:
      - no-cache
      content-length:
      - '2'
      content-type:
      - application/json
      date:
      - Fri, 18 Feb 2022 09:12:24 GMT
      expires:
      - '-1'
      location:
      - https://management.azure.com/subscriptions/00000000-0000-0000-0000-000000000000/resourceGroups/saphana-clitest-rg/providers/Microsoft.RecoveryServices/vaults/saphana-clitest-vault2/backupFabrics/Azure/protectionContainers/VMAppContainer;Compute;saphana-clitest-rg;saphana-clitest-vm2/operationResults/95966e2a-2c51-4c89-8e01-abf019b3cf71?api-version=2021-12-01
      pragma:
      - no-cache
      server:
      - Microsoft-IIS/10.0
      strict-transport-security:
      - max-age=31536000; includeSubDomains
      x-content-type-options:
      - nosniff
      x-ms-ratelimit-remaining-subscription-resource-requests:
      - '228'
      x-powered-by:
      - ASP.NET
    status:
      code: 202
      message: Accepted
- request:
    body: null
    headers:
      Accept:
      - application/json
      Accept-Encoding:
      - gzip, deflate
      CommandName:
      - backup container register
      Connection:
      - keep-alive
      ParameterSetName:
      - -v -g --backup-management-type --workload-type --resource-id
      User-Agent:
      - AZURECLI/2.33.1 azsdk-python-mgmt-recoveryservicesbackup/4.1.1 Python/3.8.5
        (Windows-10-10.0.22000-SP0)
    method: GET
    uri: https://management.azure.com/subscriptions/00000000-0000-0000-0000-000000000000/resourceGroups/saphana-clitest-rg/providers/Microsoft.RecoveryServices/vaults/saphana-clitest-vault2/backupFabrics/Azure/protectionContainers/VMAppContainer%3BCompute%3Bsaphana-clitest-rg%3Bsaphana-clitest-vm2/operationResults/95966e2a-2c51-4c89-8e01-abf019b3cf71?api-version=2021-12-01
  response:
    body:
      string: '{}'
    headers:
      azure-asyncoperation:
      - https://management.azure.com/subscriptions/00000000-0000-0000-0000-000000000000/resourceGroups/saphana-clitest-rg/providers/Microsoft.RecoveryServices/vaults/saphana-clitest-vault2/backupFabrics/Azure/protectionContainers/VMAppContainer;Compute;saphana-clitest-rg;saphana-clitest-vm2/operationsStatus/95966e2a-2c51-4c89-8e01-abf019b3cf71?api-version=2019-05-13-preview
      cache-control:
      - no-cache
      content-length:
      - '2'
      content-type:
      - application/json
      date:
      - Fri, 18 Feb 2022 09:12:29 GMT
      expires:
      - '-1'
      location:
      - https://management.azure.com/subscriptions/00000000-0000-0000-0000-000000000000/resourceGroups/saphana-clitest-rg/providers/Microsoft.RecoveryServices/vaults/saphana-clitest-vault2/backupFabrics/Azure/protectionContainers/VMAppContainer;Compute;saphana-clitest-rg;saphana-clitest-vm2/operationResults/95966e2a-2c51-4c89-8e01-abf019b3cf71?api-version=2021-12-01
      pragma:
      - no-cache
      server:
      - Microsoft-IIS/10.0
      strict-transport-security:
      - max-age=31536000; includeSubDomains
      x-content-type-options:
      - nosniff
      x-ms-ratelimit-remaining-subscription-resource-requests:
      - '227'
      x-powered-by:
      - ASP.NET
    status:
      code: 202
      message: Accepted
- request:
    body: null
    headers:
      Accept:
      - application/json
      Accept-Encoding:
      - gzip, deflate
      CommandName:
      - backup container register
      Connection:
      - keep-alive
      ParameterSetName:
      - -v -g --backup-management-type --workload-type --resource-id
      User-Agent:
      - AZURECLI/2.33.1 azsdk-python-mgmt-recoveryservicesbackup/4.1.1 Python/3.8.5
        (Windows-10-10.0.22000-SP0)
    method: GET
    uri: https://management.azure.com/subscriptions/00000000-0000-0000-0000-000000000000/resourceGroups/saphana-clitest-rg/providers/Microsoft.RecoveryServices/vaults/saphana-clitest-vault2/backupFabrics/Azure/protectionContainers/VMAppContainer%3BCompute%3Bsaphana-clitest-rg%3Bsaphana-clitest-vm2/operationResults/95966e2a-2c51-4c89-8e01-abf019b3cf71?api-version=2021-12-01
  response:
    body:
      string: '{}'
    headers:
      azure-asyncoperation:
      - https://management.azure.com/subscriptions/00000000-0000-0000-0000-000000000000/resourceGroups/saphana-clitest-rg/providers/Microsoft.RecoveryServices/vaults/saphana-clitest-vault2/backupFabrics/Azure/protectionContainers/VMAppContainer;Compute;saphana-clitest-rg;saphana-clitest-vm2/operationsStatus/95966e2a-2c51-4c89-8e01-abf019b3cf71?api-version=2019-05-13-preview
      cache-control:
      - no-cache
      content-length:
      - '2'
      content-type:
      - application/json
      date:
      - Fri, 18 Feb 2022 09:12:35 GMT
      expires:
      - '-1'
      location:
      - https://management.azure.com/subscriptions/00000000-0000-0000-0000-000000000000/resourceGroups/saphana-clitest-rg/providers/Microsoft.RecoveryServices/vaults/saphana-clitest-vault2/backupFabrics/Azure/protectionContainers/VMAppContainer;Compute;saphana-clitest-rg;saphana-clitest-vm2/operationResults/95966e2a-2c51-4c89-8e01-abf019b3cf71?api-version=2021-12-01
      pragma:
      - no-cache
      server:
      - Microsoft-IIS/10.0
      strict-transport-security:
      - max-age=31536000; includeSubDomains
      x-content-type-options:
      - nosniff
      x-ms-ratelimit-remaining-subscription-resource-requests:
      - '226'
      x-powered-by:
      - ASP.NET
    status:
      code: 202
      message: Accepted
- request:
    body: null
    headers:
      Accept:
      - application/json
      Accept-Encoding:
      - gzip, deflate
      CommandName:
      - backup container register
      Connection:
      - keep-alive
      ParameterSetName:
      - -v -g --backup-management-type --workload-type --resource-id
      User-Agent:
      - AZURECLI/2.33.1 azsdk-python-mgmt-recoveryservicesbackup/4.1.1 Python/3.8.5
        (Windows-10-10.0.22000-SP0)
    method: GET
    uri: https://management.azure.com/subscriptions/00000000-0000-0000-0000-000000000000/resourceGroups/saphana-clitest-rg/providers/Microsoft.RecoveryServices/vaults/saphana-clitest-vault2/backupFabrics/Azure/protectionContainers/VMAppContainer%3BCompute%3Bsaphana-clitest-rg%3Bsaphana-clitest-vm2/operationResults/95966e2a-2c51-4c89-8e01-abf019b3cf71?api-version=2021-12-01
  response:
    body:
      string: '{}'
    headers:
      azure-asyncoperation:
      - https://management.azure.com/subscriptions/00000000-0000-0000-0000-000000000000/resourceGroups/saphana-clitest-rg/providers/Microsoft.RecoveryServices/vaults/saphana-clitest-vault2/backupFabrics/Azure/protectionContainers/VMAppContainer;Compute;saphana-clitest-rg;saphana-clitest-vm2/operationsStatus/95966e2a-2c51-4c89-8e01-abf019b3cf71?api-version=2019-05-13-preview
      cache-control:
      - no-cache
      content-length:
      - '2'
      content-type:
      - application/json
      date:
      - Fri, 18 Feb 2022 09:12:40 GMT
      expires:
      - '-1'
      location:
      - https://management.azure.com/subscriptions/00000000-0000-0000-0000-000000000000/resourceGroups/saphana-clitest-rg/providers/Microsoft.RecoveryServices/vaults/saphana-clitest-vault2/backupFabrics/Azure/protectionContainers/VMAppContainer;Compute;saphana-clitest-rg;saphana-clitest-vm2/operationResults/95966e2a-2c51-4c89-8e01-abf019b3cf71?api-version=2021-12-01
      pragma:
      - no-cache
      server:
      - Microsoft-IIS/10.0
      strict-transport-security:
      - max-age=31536000; includeSubDomains
      x-content-type-options:
      - nosniff
      x-ms-ratelimit-remaining-subscription-resource-requests:
      - '225'
      x-powered-by:
      - ASP.NET
    status:
      code: 202
      message: Accepted
- request:
    body: null
    headers:
      Accept:
      - application/json
      Accept-Encoding:
      - gzip, deflate
      CommandName:
      - backup container register
      Connection:
      - keep-alive
      ParameterSetName:
      - -v -g --backup-management-type --workload-type --resource-id
      User-Agent:
      - AZURECLI/2.33.1 azsdk-python-mgmt-recoveryservicesbackup/4.1.1 Python/3.8.5
        (Windows-10-10.0.22000-SP0)
    method: GET
    uri: https://management.azure.com/subscriptions/00000000-0000-0000-0000-000000000000/resourceGroups/saphana-clitest-rg/providers/Microsoft.RecoveryServices/vaults/saphana-clitest-vault2/backupFabrics/Azure/protectionContainers/VMAppContainer%3BCompute%3Bsaphana-clitest-rg%3Bsaphana-clitest-vm2/operationResults/95966e2a-2c51-4c89-8e01-abf019b3cf71?api-version=2021-12-01
  response:
    body:
      string: '{}'
    headers:
      azure-asyncoperation:
      - https://management.azure.com/subscriptions/00000000-0000-0000-0000-000000000000/resourceGroups/saphana-clitest-rg/providers/Microsoft.RecoveryServices/vaults/saphana-clitest-vault2/backupFabrics/Azure/protectionContainers/VMAppContainer;Compute;saphana-clitest-rg;saphana-clitest-vm2/operationsStatus/95966e2a-2c51-4c89-8e01-abf019b3cf71?api-version=2019-05-13-preview
      cache-control:
      - no-cache
      content-length:
      - '2'
      content-type:
      - application/json
      date:
      - Fri, 18 Feb 2022 09:12:46 GMT
      expires:
      - '-1'
      location:
      - https://management.azure.com/subscriptions/00000000-0000-0000-0000-000000000000/resourceGroups/saphana-clitest-rg/providers/Microsoft.RecoveryServices/vaults/saphana-clitest-vault2/backupFabrics/Azure/protectionContainers/VMAppContainer;Compute;saphana-clitest-rg;saphana-clitest-vm2/operationResults/95966e2a-2c51-4c89-8e01-abf019b3cf71?api-version=2021-12-01
      pragma:
      - no-cache
      server:
      - Microsoft-IIS/10.0
      strict-transport-security:
      - max-age=31536000; includeSubDomains
      x-content-type-options:
      - nosniff
      x-ms-ratelimit-remaining-subscription-resource-requests:
      - '224'
      x-powered-by:
      - ASP.NET
    status:
      code: 202
      message: Accepted
- request:
    body: null
    headers:
      Accept:
      - application/json
      Accept-Encoding:
      - gzip, deflate
      CommandName:
      - backup container register
      Connection:
      - keep-alive
      ParameterSetName:
      - -v -g --backup-management-type --workload-type --resource-id
      User-Agent:
      - AZURECLI/2.33.1 azsdk-python-mgmt-recoveryservicesbackup/4.1.1 Python/3.8.5
        (Windows-10-10.0.22000-SP0)
    method: GET
    uri: https://management.azure.com/subscriptions/00000000-0000-0000-0000-000000000000/resourceGroups/saphana-clitest-rg/providers/Microsoft.RecoveryServices/vaults/saphana-clitest-vault2/backupFabrics/Azure/protectionContainers/VMAppContainer%3BCompute%3Bsaphana-clitest-rg%3Bsaphana-clitest-vm2/operationResults/95966e2a-2c51-4c89-8e01-abf019b3cf71?api-version=2021-12-01
  response:
    body:
      string: '{}'
    headers:
      azure-asyncoperation:
      - https://management.azure.com/subscriptions/00000000-0000-0000-0000-000000000000/resourceGroups/saphana-clitest-rg/providers/Microsoft.RecoveryServices/vaults/saphana-clitest-vault2/backupFabrics/Azure/protectionContainers/VMAppContainer;Compute;saphana-clitest-rg;saphana-clitest-vm2/operationsStatus/95966e2a-2c51-4c89-8e01-abf019b3cf71?api-version=2019-05-13-preview
      cache-control:
      - no-cache
      content-length:
      - '2'
      content-type:
      - application/json
      date:
      - Fri, 18 Feb 2022 09:12:52 GMT
      expires:
      - '-1'
      location:
      - https://management.azure.com/subscriptions/00000000-0000-0000-0000-000000000000/resourceGroups/saphana-clitest-rg/providers/Microsoft.RecoveryServices/vaults/saphana-clitest-vault2/backupFabrics/Azure/protectionContainers/VMAppContainer;Compute;saphana-clitest-rg;saphana-clitest-vm2/operationResults/95966e2a-2c51-4c89-8e01-abf019b3cf71?api-version=2021-12-01
      pragma:
      - no-cache
      server:
      - Microsoft-IIS/10.0
      strict-transport-security:
      - max-age=31536000; includeSubDomains
      x-content-type-options:
      - nosniff
      x-ms-ratelimit-remaining-subscription-resource-requests:
      - '223'
      x-powered-by:
      - ASP.NET
    status:
      code: 202
      message: Accepted
- request:
    body: null
    headers:
      Accept:
      - application/json
      Accept-Encoding:
      - gzip, deflate
      CommandName:
      - backup container register
      Connection:
      - keep-alive
      ParameterSetName:
      - -v -g --backup-management-type --workload-type --resource-id
      User-Agent:
      - AZURECLI/2.33.1 azsdk-python-mgmt-recoveryservicesbackup/4.1.1 Python/3.8.5
        (Windows-10-10.0.22000-SP0)
    method: GET
    uri: https://management.azure.com/subscriptions/00000000-0000-0000-0000-000000000000/resourceGroups/saphana-clitest-rg/providers/Microsoft.RecoveryServices/vaults/saphana-clitest-vault2/backupFabrics/Azure/protectionContainers/VMAppContainer%3BCompute%3Bsaphana-clitest-rg%3Bsaphana-clitest-vm2/operationResults/95966e2a-2c51-4c89-8e01-abf019b3cf71?api-version=2021-12-01
  response:
    body:
      string: '{}'
    headers:
      azure-asyncoperation:
      - https://management.azure.com/subscriptions/00000000-0000-0000-0000-000000000000/resourceGroups/saphana-clitest-rg/providers/Microsoft.RecoveryServices/vaults/saphana-clitest-vault2/backupFabrics/Azure/protectionContainers/VMAppContainer;Compute;saphana-clitest-rg;saphana-clitest-vm2/operationsStatus/95966e2a-2c51-4c89-8e01-abf019b3cf71?api-version=2019-05-13-preview
      cache-control:
      - no-cache
      content-length:
      - '2'
      content-type:
      - application/json
      date:
      - Fri, 18 Feb 2022 09:12:58 GMT
      expires:
      - '-1'
      location:
      - https://management.azure.com/subscriptions/00000000-0000-0000-0000-000000000000/resourceGroups/saphana-clitest-rg/providers/Microsoft.RecoveryServices/vaults/saphana-clitest-vault2/backupFabrics/Azure/protectionContainers/VMAppContainer;Compute;saphana-clitest-rg;saphana-clitest-vm2/operationResults/95966e2a-2c51-4c89-8e01-abf019b3cf71?api-version=2021-12-01
      pragma:
      - no-cache
      server:
      - Microsoft-IIS/10.0
      strict-transport-security:
      - max-age=31536000; includeSubDomains
      x-content-type-options:
      - nosniff
      x-ms-ratelimit-remaining-subscription-resource-requests:
      - '222'
      x-powered-by:
      - ASP.NET
    status:
      code: 202
      message: Accepted
- request:
    body: null
    headers:
      Accept:
      - application/json
      Accept-Encoding:
      - gzip, deflate
      CommandName:
      - backup container register
      Connection:
      - keep-alive
      ParameterSetName:
      - -v -g --backup-management-type --workload-type --resource-id
      User-Agent:
      - AZURECLI/2.33.1 azsdk-python-mgmt-recoveryservicesbackup/4.1.1 Python/3.8.5
        (Windows-10-10.0.22000-SP0)
    method: GET
    uri: https://management.azure.com/subscriptions/00000000-0000-0000-0000-000000000000/resourceGroups/saphana-clitest-rg/providers/Microsoft.RecoveryServices/vaults/saphana-clitest-vault2/backupFabrics/Azure/protectionContainers/VMAppContainer%3BCompute%3Bsaphana-clitest-rg%3Bsaphana-clitest-vm2/operationResults/95966e2a-2c51-4c89-8e01-abf019b3cf71?api-version=2021-12-01
  response:
    body:
      string: '{}'
    headers:
      azure-asyncoperation:
      - https://management.azure.com/subscriptions/00000000-0000-0000-0000-000000000000/resourceGroups/saphana-clitest-rg/providers/Microsoft.RecoveryServices/vaults/saphana-clitest-vault2/backupFabrics/Azure/protectionContainers/VMAppContainer;Compute;saphana-clitest-rg;saphana-clitest-vm2/operationsStatus/95966e2a-2c51-4c89-8e01-abf019b3cf71?api-version=2019-05-13-preview
      cache-control:
      - no-cache
      content-length:
      - '2'
      content-type:
      - application/json
      date:
      - Fri, 18 Feb 2022 09:13:04 GMT
      expires:
      - '-1'
      location:
      - https://management.azure.com/subscriptions/00000000-0000-0000-0000-000000000000/resourceGroups/saphana-clitest-rg/providers/Microsoft.RecoveryServices/vaults/saphana-clitest-vault2/backupFabrics/Azure/protectionContainers/VMAppContainer;Compute;saphana-clitest-rg;saphana-clitest-vm2/operationResults/95966e2a-2c51-4c89-8e01-abf019b3cf71?api-version=2021-12-01
      pragma:
      - no-cache
      server:
      - Microsoft-IIS/10.0
      strict-transport-security:
      - max-age=31536000; includeSubDomains
      x-content-type-options:
      - nosniff
      x-ms-ratelimit-remaining-subscription-resource-requests:
      - '221'
      x-powered-by:
      - ASP.NET
    status:
      code: 202
      message: Accepted
- request:
    body: null
    headers:
      Accept:
      - application/json
      Accept-Encoding:
      - gzip, deflate
      CommandName:
      - backup container register
      Connection:
      - keep-alive
      ParameterSetName:
      - -v -g --backup-management-type --workload-type --resource-id
      User-Agent:
      - AZURECLI/2.33.1 azsdk-python-mgmt-recoveryservicesbackup/4.1.1 Python/3.8.5
        (Windows-10-10.0.22000-SP0)
    method: GET
    uri: https://management.azure.com/subscriptions/00000000-0000-0000-0000-000000000000/resourceGroups/saphana-clitest-rg/providers/Microsoft.RecoveryServices/vaults/saphana-clitest-vault2/backupFabrics/Azure/protectionContainers/VMAppContainer%3BCompute%3Bsaphana-clitest-rg%3Bsaphana-clitest-vm2/operationResults/95966e2a-2c51-4c89-8e01-abf019b3cf71?api-version=2021-12-01
  response:
    body:
      string: '{}'
    headers:
      azure-asyncoperation:
      - https://management.azure.com/subscriptions/00000000-0000-0000-0000-000000000000/resourceGroups/saphana-clitest-rg/providers/Microsoft.RecoveryServices/vaults/saphana-clitest-vault2/backupFabrics/Azure/protectionContainers/VMAppContainer;Compute;saphana-clitest-rg;saphana-clitest-vm2/operationsStatus/95966e2a-2c51-4c89-8e01-abf019b3cf71?api-version=2019-05-13-preview
      cache-control:
      - no-cache
      content-length:
      - '2'
      content-type:
      - application/json
      date:
      - Fri, 18 Feb 2022 09:13:09 GMT
      expires:
      - '-1'
      location:
      - https://management.azure.com/subscriptions/00000000-0000-0000-0000-000000000000/resourceGroups/saphana-clitest-rg/providers/Microsoft.RecoveryServices/vaults/saphana-clitest-vault2/backupFabrics/Azure/protectionContainers/VMAppContainer;Compute;saphana-clitest-rg;saphana-clitest-vm2/operationResults/95966e2a-2c51-4c89-8e01-abf019b3cf71?api-version=2021-12-01
      pragma:
      - no-cache
      server:
      - Microsoft-IIS/10.0
      strict-transport-security:
      - max-age=31536000; includeSubDomains
      x-content-type-options:
      - nosniff
      x-ms-ratelimit-remaining-subscription-resource-requests:
      - '220'
      x-powered-by:
      - ASP.NET
    status:
      code: 202
      message: Accepted
- request:
    body: null
    headers:
      Accept:
      - application/json
      Accept-Encoding:
      - gzip, deflate
      CommandName:
      - backup container register
      Connection:
      - keep-alive
      ParameterSetName:
      - -v -g --backup-management-type --workload-type --resource-id
      User-Agent:
      - AZURECLI/2.33.1 azsdk-python-mgmt-recoveryservicesbackup/4.1.1 Python/3.8.5
        (Windows-10-10.0.22000-SP0)
    method: GET
    uri: https://management.azure.com/subscriptions/00000000-0000-0000-0000-000000000000/resourceGroups/saphana-clitest-rg/providers/Microsoft.RecoveryServices/vaults/saphana-clitest-vault2/backupFabrics/Azure/protectionContainers/VMAppContainer%3BCompute%3Bsaphana-clitest-rg%3Bsaphana-clitest-vm2/operationResults/95966e2a-2c51-4c89-8e01-abf019b3cf71?api-version=2021-12-01
  response:
    body:
      string: '{}'
    headers:
      azure-asyncoperation:
      - https://management.azure.com/subscriptions/00000000-0000-0000-0000-000000000000/resourceGroups/saphana-clitest-rg/providers/Microsoft.RecoveryServices/vaults/saphana-clitest-vault2/backupFabrics/Azure/protectionContainers/VMAppContainer;Compute;saphana-clitest-rg;saphana-clitest-vm2/operationsStatus/95966e2a-2c51-4c89-8e01-abf019b3cf71?api-version=2019-05-13-preview
      cache-control:
      - no-cache
      content-length:
      - '2'
      content-type:
      - application/json
      date:
      - Fri, 18 Feb 2022 09:13:15 GMT
      expires:
      - '-1'
      location:
      - https://management.azure.com/subscriptions/00000000-0000-0000-0000-000000000000/resourceGroups/saphana-clitest-rg/providers/Microsoft.RecoveryServices/vaults/saphana-clitest-vault2/backupFabrics/Azure/protectionContainers/VMAppContainer;Compute;saphana-clitest-rg;saphana-clitest-vm2/operationResults/95966e2a-2c51-4c89-8e01-abf019b3cf71?api-version=2021-12-01
      pragma:
      - no-cache
      server:
      - Microsoft-IIS/10.0
      strict-transport-security:
      - max-age=31536000; includeSubDomains
      x-content-type-options:
      - nosniff
      x-ms-ratelimit-remaining-subscription-resource-requests:
      - '219'
      x-powered-by:
      - ASP.NET
    status:
      code: 202
      message: Accepted
- request:
    body: null
    headers:
      Accept:
      - application/json
      Accept-Encoding:
      - gzip, deflate
      CommandName:
      - backup container register
      Connection:
      - keep-alive
      ParameterSetName:
      - -v -g --backup-management-type --workload-type --resource-id
      User-Agent:
      - AZURECLI/2.33.1 azsdk-python-mgmt-recoveryservicesbackup/4.1.1 Python/3.8.5
        (Windows-10-10.0.22000-SP0)
    method: GET
    uri: https://management.azure.com/subscriptions/00000000-0000-0000-0000-000000000000/resourceGroups/saphana-clitest-rg/providers/Microsoft.RecoveryServices/vaults/saphana-clitest-vault2/backupFabrics/Azure/protectionContainers/VMAppContainer%3BCompute%3Bsaphana-clitest-rg%3Bsaphana-clitest-vm2/operationResults/95966e2a-2c51-4c89-8e01-abf019b3cf71?api-version=2021-12-01
  response:
    body:
      string: '{}'
    headers:
      azure-asyncoperation:
      - https://management.azure.com/subscriptions/00000000-0000-0000-0000-000000000000/resourceGroups/saphana-clitest-rg/providers/Microsoft.RecoveryServices/vaults/saphana-clitest-vault2/backupFabrics/Azure/protectionContainers/VMAppContainer;Compute;saphana-clitest-rg;saphana-clitest-vm2/operationsStatus/95966e2a-2c51-4c89-8e01-abf019b3cf71?api-version=2019-05-13-preview
      cache-control:
      - no-cache
      content-length:
      - '2'
      content-type:
      - application/json
      date:
      - Fri, 18 Feb 2022 09:13:20 GMT
      expires:
      - '-1'
      location:
      - https://management.azure.com/subscriptions/00000000-0000-0000-0000-000000000000/resourceGroups/saphana-clitest-rg/providers/Microsoft.RecoveryServices/vaults/saphana-clitest-vault2/backupFabrics/Azure/protectionContainers/VMAppContainer;Compute;saphana-clitest-rg;saphana-clitest-vm2/operationResults/95966e2a-2c51-4c89-8e01-abf019b3cf71?api-version=2021-12-01
      pragma:
      - no-cache
      server:
      - Microsoft-IIS/10.0
      strict-transport-security:
      - max-age=31536000; includeSubDomains
      x-content-type-options:
      - nosniff
      x-ms-ratelimit-remaining-subscription-resource-requests:
      - '218'
      x-powered-by:
      - ASP.NET
    status:
      code: 202
      message: Accepted
- request:
    body: null
    headers:
      Accept:
      - application/json
      Accept-Encoding:
      - gzip, deflate
      CommandName:
      - backup container register
      Connection:
      - keep-alive
      ParameterSetName:
      - -v -g --backup-management-type --workload-type --resource-id
      User-Agent:
      - AZURECLI/2.33.1 azsdk-python-mgmt-recoveryservicesbackup/4.1.1 Python/3.8.5
        (Windows-10-10.0.22000-SP0)
    method: GET
    uri: https://management.azure.com/subscriptions/00000000-0000-0000-0000-000000000000/resourceGroups/saphana-clitest-rg/providers/Microsoft.RecoveryServices/vaults/saphana-clitest-vault2/backupFabrics/Azure/protectionContainers/VMAppContainer%3BCompute%3Bsaphana-clitest-rg%3Bsaphana-clitest-vm2/operationResults/95966e2a-2c51-4c89-8e01-abf019b3cf71?api-version=2021-12-01
  response:
    body:
      string: '{}'
    headers:
      azure-asyncoperation:
      - https://management.azure.com/subscriptions/00000000-0000-0000-0000-000000000000/resourceGroups/saphana-clitest-rg/providers/Microsoft.RecoveryServices/vaults/saphana-clitest-vault2/backupFabrics/Azure/protectionContainers/VMAppContainer;Compute;saphana-clitest-rg;saphana-clitest-vm2/operationsStatus/95966e2a-2c51-4c89-8e01-abf019b3cf71?api-version=2019-05-13-preview
      cache-control:
      - no-cache
      content-length:
      - '2'
      content-type:
      - application/json
      date:
      - Fri, 18 Feb 2022 09:13:26 GMT
      expires:
      - '-1'
      location:
      - https://management.azure.com/subscriptions/00000000-0000-0000-0000-000000000000/resourceGroups/saphana-clitest-rg/providers/Microsoft.RecoveryServices/vaults/saphana-clitest-vault2/backupFabrics/Azure/protectionContainers/VMAppContainer;Compute;saphana-clitest-rg;saphana-clitest-vm2/operationResults/95966e2a-2c51-4c89-8e01-abf019b3cf71?api-version=2021-12-01
      pragma:
      - no-cache
      server:
      - Microsoft-IIS/10.0
      strict-transport-security:
      - max-age=31536000; includeSubDomains
      x-content-type-options:
      - nosniff
      x-ms-ratelimit-remaining-subscription-resource-requests:
      - '217'
      x-powered-by:
      - ASP.NET
    status:
      code: 202
      message: Accepted
- request:
    body: null
    headers:
      Accept:
      - application/json
      Accept-Encoding:
      - gzip, deflate
      CommandName:
      - backup container register
      Connection:
      - keep-alive
      ParameterSetName:
      - -v -g --backup-management-type --workload-type --resource-id
      User-Agent:
      - AZURECLI/2.33.1 azsdk-python-mgmt-recoveryservicesbackup/4.1.1 Python/3.8.5
        (Windows-10-10.0.22000-SP0)
    method: GET
    uri: https://management.azure.com/subscriptions/00000000-0000-0000-0000-000000000000/resourceGroups/saphana-clitest-rg/providers/Microsoft.RecoveryServices/vaults/saphana-clitest-vault2/backupFabrics/Azure/protectionContainers/VMAppContainer%3BCompute%3Bsaphana-clitest-rg%3Bsaphana-clitest-vm2/operationResults/95966e2a-2c51-4c89-8e01-abf019b3cf71?api-version=2021-12-01
  response:
    body:
      string: '{}'
    headers:
      azure-asyncoperation:
      - https://management.azure.com/subscriptions/00000000-0000-0000-0000-000000000000/resourceGroups/saphana-clitest-rg/providers/Microsoft.RecoveryServices/vaults/saphana-clitest-vault2/backupFabrics/Azure/protectionContainers/VMAppContainer;Compute;saphana-clitest-rg;saphana-clitest-vm2/operationsStatus/95966e2a-2c51-4c89-8e01-abf019b3cf71?api-version=2019-05-13-preview
      cache-control:
      - no-cache
      content-length:
      - '2'
      content-type:
      - application/json
      date:
      - Fri, 18 Feb 2022 09:13:31 GMT
      expires:
      - '-1'
      location:
      - https://management.azure.com/subscriptions/00000000-0000-0000-0000-000000000000/resourceGroups/saphana-clitest-rg/providers/Microsoft.RecoveryServices/vaults/saphana-clitest-vault2/backupFabrics/Azure/protectionContainers/VMAppContainer;Compute;saphana-clitest-rg;saphana-clitest-vm2/operationResults/95966e2a-2c51-4c89-8e01-abf019b3cf71?api-version=2021-12-01
      pragma:
      - no-cache
      server:
      - Microsoft-IIS/10.0
      strict-transport-security:
      - max-age=31536000; includeSubDomains
      x-content-type-options:
      - nosniff
      x-ms-ratelimit-remaining-subscription-resource-requests:
      - '216'
      x-powered-by:
      - ASP.NET
    status:
      code: 202
      message: Accepted
- request:
    body: null
    headers:
      Accept:
      - application/json
      Accept-Encoding:
      - gzip, deflate
      CommandName:
      - backup container register
      Connection:
      - keep-alive
      ParameterSetName:
      - -v -g --backup-management-type --workload-type --resource-id
      User-Agent:
      - AZURECLI/2.33.1 azsdk-python-mgmt-recoveryservicesbackup/4.1.1 Python/3.8.5
        (Windows-10-10.0.22000-SP0)
    method: GET
    uri: https://management.azure.com/subscriptions/00000000-0000-0000-0000-000000000000/resourceGroups/saphana-clitest-rg/providers/Microsoft.RecoveryServices/vaults/saphana-clitest-vault2/backupFabrics/Azure/protectionContainers/VMAppContainer%3BCompute%3Bsaphana-clitest-rg%3Bsaphana-clitest-vm2/operationResults/95966e2a-2c51-4c89-8e01-abf019b3cf71?api-version=2021-12-01
  response:
    body:
      string: '{}'
    headers:
      azure-asyncoperation:
      - https://management.azure.com/subscriptions/00000000-0000-0000-0000-000000000000/resourceGroups/saphana-clitest-rg/providers/Microsoft.RecoveryServices/vaults/saphana-clitest-vault2/backupFabrics/Azure/protectionContainers/VMAppContainer;Compute;saphana-clitest-rg;saphana-clitest-vm2/operationsStatus/95966e2a-2c51-4c89-8e01-abf019b3cf71?api-version=2019-05-13-preview
      cache-control:
      - no-cache
      content-length:
      - '2'
      content-type:
      - application/json
      date:
      - Fri, 18 Feb 2022 09:13:37 GMT
      expires:
      - '-1'
      location:
      - https://management.azure.com/subscriptions/00000000-0000-0000-0000-000000000000/resourceGroups/saphana-clitest-rg/providers/Microsoft.RecoveryServices/vaults/saphana-clitest-vault2/backupFabrics/Azure/protectionContainers/VMAppContainer;Compute;saphana-clitest-rg;saphana-clitest-vm2/operationResults/95966e2a-2c51-4c89-8e01-abf019b3cf71?api-version=2021-12-01
      pragma:
      - no-cache
      server:
      - Microsoft-IIS/10.0
      strict-transport-security:
      - max-age=31536000; includeSubDomains
      x-content-type-options:
      - nosniff
      x-ms-ratelimit-remaining-subscription-resource-requests:
      - '215'
      x-powered-by:
      - ASP.NET
    status:
      code: 202
      message: Accepted
- request:
    body: null
    headers:
      Accept:
      - application/json
      Accept-Encoding:
      - gzip, deflate
      CommandName:
      - backup container register
      Connection:
      - keep-alive
      ParameterSetName:
      - -v -g --backup-management-type --workload-type --resource-id
      User-Agent:
      - AZURECLI/2.33.1 azsdk-python-mgmt-recoveryservicesbackup/4.1.1 Python/3.8.5
        (Windows-10-10.0.22000-SP0)
    method: GET
    uri: https://management.azure.com/subscriptions/00000000-0000-0000-0000-000000000000/resourceGroups/saphana-clitest-rg/providers/Microsoft.RecoveryServices/vaults/saphana-clitest-vault2/backupFabrics/Azure/protectionContainers/VMAppContainer%3BCompute%3Bsaphana-clitest-rg%3Bsaphana-clitest-vm2/operationResults/95966e2a-2c51-4c89-8e01-abf019b3cf71?api-version=2021-12-01
  response:
    body:
      string: '{}'
    headers:
      azure-asyncoperation:
      - https://management.azure.com/subscriptions/00000000-0000-0000-0000-000000000000/resourceGroups/saphana-clitest-rg/providers/Microsoft.RecoveryServices/vaults/saphana-clitest-vault2/backupFabrics/Azure/protectionContainers/VMAppContainer;Compute;saphana-clitest-rg;saphana-clitest-vm2/operationsStatus/95966e2a-2c51-4c89-8e01-abf019b3cf71?api-version=2019-05-13-preview
      cache-control:
      - no-cache
      content-length:
      - '2'
      content-type:
      - application/json
      date:
      - Fri, 18 Feb 2022 09:13:42 GMT
      expires:
      - '-1'
      location:
      - https://management.azure.com/subscriptions/00000000-0000-0000-0000-000000000000/resourceGroups/saphana-clitest-rg/providers/Microsoft.RecoveryServices/vaults/saphana-clitest-vault2/backupFabrics/Azure/protectionContainers/VMAppContainer;Compute;saphana-clitest-rg;saphana-clitest-vm2/operationResults/95966e2a-2c51-4c89-8e01-abf019b3cf71?api-version=2021-12-01
      pragma:
      - no-cache
      server:
      - Microsoft-IIS/10.0
      strict-transport-security:
      - max-age=31536000; includeSubDomains
      x-content-type-options:
      - nosniff
      x-ms-ratelimit-remaining-subscription-resource-requests:
      - '214'
      x-powered-by:
      - ASP.NET
    status:
      code: 202
      message: Accepted
- request:
    body: null
    headers:
      Accept:
      - application/json
      Accept-Encoding:
      - gzip, deflate
      CommandName:
      - backup container register
      Connection:
      - keep-alive
      ParameterSetName:
      - -v -g --backup-management-type --workload-type --resource-id
      User-Agent:
      - AZURECLI/2.33.1 azsdk-python-mgmt-recoveryservicesbackup/4.1.1 Python/3.8.5
        (Windows-10-10.0.22000-SP0)
    method: GET
    uri: https://management.azure.com/subscriptions/00000000-0000-0000-0000-000000000000/resourceGroups/saphana-clitest-rg/providers/Microsoft.RecoveryServices/vaults/saphana-clitest-vault2/backupFabrics/Azure/protectionContainers/VMAppContainer%3BCompute%3Bsaphana-clitest-rg%3Bsaphana-clitest-vm2/operationResults/95966e2a-2c51-4c89-8e01-abf019b3cf71?api-version=2021-12-01
  response:
    body:
      string: '{"id":"/subscriptions/00000000-0000-0000-0000-000000000000/resourceGroups/saphana-clitest-rg/providers/Microsoft.RecoveryServices/vaults/saphana-clitest-vault2/backupFabrics/Azure/protectionContainers/VMAppContainer;Compute;saphana-clitest-rg;saphana-clitest-vm2","name":"VMAppContainer;Compute;saphana-clitest-rg;saphana-clitest-vm2","properties":{"sourceResourceId":"/subscriptions/00000000-0000-0000-0000-000000000000/resourceGroups/saphana-clitest-rg/providers/Microsoft.Compute/virtualMachines/saphana-clitest-vm2","lastUpdatedTime":"2022-02-18T09:11:32.168123Z","extendedInfo":{"hostServerName":"saphana-clitest-vm2","inquiryInfo":{"status":"Success","errorDetail":{"code":"Success","message":"","recommendations":[""]},"inquiryDetails":[{"type":"SAPHana","itemCount":2,"inquiryValidation":{"status":"Success","errorDetail":{"code":"Success","message":"","recommendations":[""]},"additionalDetail":"","protectableItemCount":{"SAPHanaSystem":1,"SAPHanaDatabase":2}}}]}},"friendlyName":"saphana-clitest-vm2","backupManagementType":"AzureWorkload","registrationStatus":"Registered","healthStatus":"Healthy","containerType":"VMAppContainer","protectableObjectType":"VMAppContainer"}}'
    headers:
      cache-control:
      - no-cache
      content-length:
      - '1185'
      content-type:
      - application/json
      date:
      - Fri, 18 Feb 2022 09:13:48 GMT
      expires:
      - '-1'
      pragma:
      - no-cache
      server:
      - Microsoft-IIS/10.0
      strict-transport-security:
      - max-age=31536000; includeSubDomains
      transfer-encoding:
      - chunked
      vary:
      - Accept-Encoding
      x-content-type-options:
      - nosniff
      x-ms-ratelimit-remaining-subscription-resource-requests:
      - '213'
      x-powered-by:
      - ASP.NET
    status:
      code: 200
      message: OK
- request:
    body: null
    headers:
      Accept:
      - application/json
      Accept-Encoding:
      - gzip, deflate
      CommandName:
      - backup container list
      Connection:
      - keep-alive
      ParameterSetName:
      - -v -g --backup-management-type
      User-Agent:
      - AZURECLI/2.33.1 azsdk-python-mgmt-recoveryservicesbackup/4.1.1 Python/3.8.5
        (Windows-10-10.0.22000-SP0)
    method: GET
    uri: https://management.azure.com/subscriptions/00000000-0000-0000-0000-000000000000/resourceGroups/saphana-clitest-rg/providers/Microsoft.RecoveryServices/vaults/saphana-clitest-vault2/backupProtectionContainers?api-version=2021-12-01&%24filter=backupManagementType+eq+%27AzureWorkload%27+and+status+eq+%27Registered%27
  response:
    body:
      string: '{"value":[{"id":"/subscriptions/00000000-0000-0000-0000-000000000000/resourceGroups/saphana-clitest-rg/providers/Microsoft.RecoveryServices/vaults/saphana-clitest-vault2/backupFabrics/Azure/protectionContainers/VMAppContainer;Compute;saphana-clitest-rg;saphana-clitest-vm2","name":"VMAppContainer;Compute;saphana-clitest-rg;saphana-clitest-vm2","type":"Microsoft.RecoveryServices/vaults/backupFabrics/protectionContainers","properties":{"sourceResourceId":"/subscriptions/00000000-0000-0000-0000-000000000000/resourceGroups/saphana-clitest-rg/providers/Microsoft.Compute/virtualMachines/saphana-clitest-vm2","lastUpdatedTime":"2022-02-18T09:11:32.168123Z","extendedInfo":{"hostServerName":"saphana-clitest-vm2","inquiryInfo":{"status":"Success","errorDetail":{"code":"Success","message":"","recommendations":[""]},"inquiryDetails":[{"type":"SAPHana","itemCount":2,"inquiryValidation":{"status":"Success","errorDetail":{"code":"Success","message":"","recommendations":[""]},"additionalDetail":"","protectableItemCount":{"SAPHanaSystem":1,"SAPHanaDatabase":2}}}]}},"friendlyName":"saphana-clitest-vm2","backupManagementType":"AzureWorkload","registrationStatus":"Registered","healthStatus":"Healthy","containerType":"VMAppContainer","protectableObjectType":"VMAppContainer"}}]}'
    headers:
      cache-control:
      - no-cache
      content-length:
      - '1275'
      content-type:
      - application/json
      date:
      - Fri, 18 Feb 2022 09:13:50 GMT
      expires:
      - '-1'
      pragma:
      - no-cache
      server:
      - Microsoft-IIS/10.0
      strict-transport-security:
      - max-age=31536000; includeSubDomains
      transfer-encoding:
      - chunked
      vary:
      - Accept-Encoding
      x-content-type-options:
      - nosniff
      x-ms-ratelimit-remaining-subscription-resource-requests:
      - '299'
      x-powered-by:
      - ASP.NET
    status:
      code: 200
      message: OK
- request:
    body: null
    headers:
      Accept:
      - application/json
      Accept-Encoding:
      - gzip, deflate
      CommandName:
      - backup container show
      Connection:
      - keep-alive
      ParameterSetName:
      - -n -v -g --query --backup-management-type
      User-Agent:
      - AZURECLI/2.33.1 azsdk-python-mgmt-recoveryservicesbackup/4.1.1 Python/3.8.5
        (Windows-10-10.0.22000-SP0)
    method: GET
    uri: https://management.azure.com/subscriptions/00000000-0000-0000-0000-000000000000/resourceGroups/saphana-clitest-rg/providers/Microsoft.RecoveryServices/vaults/saphana-clitest-vault2/backupProtectionContainers?api-version=2021-12-01&%24filter=backupManagementType+eq+%27AzureWorkload%27+and+status+eq+%27Registered%27
  response:
    body:
      string: '{"value":[{"id":"/subscriptions/00000000-0000-0000-0000-000000000000/resourceGroups/saphana-clitest-rg/providers/Microsoft.RecoveryServices/vaults/saphana-clitest-vault2/backupFabrics/Azure/protectionContainers/VMAppContainer;Compute;saphana-clitest-rg;saphana-clitest-vm2","name":"VMAppContainer;Compute;saphana-clitest-rg;saphana-clitest-vm2","type":"Microsoft.RecoveryServices/vaults/backupFabrics/protectionContainers","properties":{"sourceResourceId":"/subscriptions/00000000-0000-0000-0000-000000000000/resourceGroups/saphana-clitest-rg/providers/Microsoft.Compute/virtualMachines/saphana-clitest-vm2","lastUpdatedTime":"2022-02-18T09:11:32.168123Z","extendedInfo":{"hostServerName":"saphana-clitest-vm2","inquiryInfo":{"status":"Success","errorDetail":{"code":"Success","message":"","recommendations":[""]},"inquiryDetails":[{"type":"SAPHana","itemCount":2,"inquiryValidation":{"status":"Success","errorDetail":{"code":"Success","message":"","recommendations":[""]},"additionalDetail":"","protectableItemCount":{"SAPHanaSystem":1,"SAPHanaDatabase":2}}}]}},"friendlyName":"saphana-clitest-vm2","backupManagementType":"AzureWorkload","registrationStatus":"Registered","healthStatus":"Healthy","containerType":"VMAppContainer","protectableObjectType":"VMAppContainer"}}]}'
    headers:
      cache-control:
      - no-cache
      content-length:
      - '1275'
      content-type:
      - application/json
      date:
      - Fri, 18 Feb 2022 09:13:50 GMT
      expires:
      - '-1'
      pragma:
      - no-cache
      server:
      - Microsoft-IIS/10.0
      strict-transport-security:
      - max-age=31536000; includeSubDomains
      transfer-encoding:
      - chunked
      vary:
      - Accept-Encoding
      x-content-type-options:
      - nosniff
      x-ms-ratelimit-remaining-subscription-resource-requests:
      - '299'
      x-powered-by:
      - ASP.NET
    status:
      code: 200
      message: OK
- request:
    body: null
    headers:
      Accept:
      - application/json
      Accept-Encoding:
      - gzip, deflate
      CommandName:
      - backup protectable-item list
      Connection:
      - keep-alive
      ParameterSetName:
      - -g --vault-name --workload-type
      User-Agent:
      - AZURECLI/2.33.1 azsdk-python-mgmt-recoveryservicesbackup/4.1.1 Python/3.8.5
        (Windows-10-10.0.22000-SP0)
    method: GET
    uri: https://management.azure.com/subscriptions/00000000-0000-0000-0000-000000000000/resourceGroups/saphana-clitest-rg/providers/Microsoft.RecoveryServices/vaults/saphana-clitest-vault2/backupProtectableItems?api-version=2021-12-01&%24filter=backupManagementType+eq+%27AzureWorkload%27+and+workloadType+eq+%27SAPHanaDatabase%27
  response:
    body:
      string: '{"value":[{"id":"/subscriptions/00000000-0000-0000-0000-000000000000/resourceGroups/saphana-clitest-rg/providers/Microsoft.RecoveryServices/vaults/saphana-clitest-vault2/backupFabrics/Azure/protectionContainers/vmappcontainer;compute;saphana-clitest-rg;saphana-clitest-vm2/protectableItems/saphanasystem;hxe","name":"saphanasystem;hxe","type":"Microsoft.RecoveryServices/vaults/backupFabrics/protectionContainers/protectableItems","properties":{"parentName":"HXE","serverName":"saphana-clitest-vm2","isAutoProtectable":false,"isAutoProtected":false,"subinquireditemcount":2,"subprotectableitemcount":0,"prebackupvalidation":{"status":"Success","code":"Success"},"IsProtectable":false,"backupManagementType":"AzureWorkload","workloadType":"SAPHana","protectableItemType":"SAPHanaSystem","friendlyName":"HXE","protectionState":"NotProtected"}},{"id":"/subscriptions/00000000-0000-0000-0000-000000000000/resourceGroups/saphana-clitest-rg/providers/Microsoft.RecoveryServices/vaults/saphana-clitest-vault2/backupFabrics/Azure/protectionContainers/vmappcontainer;compute;saphana-clitest-rg;saphana-clitest-vm2/protectableItems/saphanadatabase;hxe;hxe","name":"saphanadatabase;hxe;hxe","type":"Microsoft.RecoveryServices/vaults/backupFabrics/protectionContainers/protectableItems","properties":{"parentName":"HXE","serverName":"saphana-clitest-vm2","isAutoProtectable":false,"isAutoProtected":false,"subinquireditemcount":0,"subprotectableitemcount":0,"IsProtectable":true,"backupManagementType":"AzureWorkload","workloadType":"SAPHana","protectableItemType":"SAPHanaDatabase","friendlyName":"HXE","protectionState":"NotProtected"}},{"id":"/subscriptions/00000000-0000-0000-0000-000000000000/resourceGroups/saphana-clitest-rg/providers/Microsoft.RecoveryServices/vaults/saphana-clitest-vault2/backupFabrics/Azure/protectionContainers/vmappcontainer;compute;saphana-clitest-rg;saphana-clitest-vm2/protectableItems/saphanadatabase;hxe;systemdb","name":"saphanadatabase;hxe;systemdb","type":"Microsoft.RecoveryServices/vaults/backupFabrics/protectionContainers/protectableItems","properties":{"parentName":"HXE","serverName":"saphana-clitest-vm2","isAutoProtectable":false,"isAutoProtected":false,"subinquireditemcount":0,"subprotectableitemcount":0,"IsProtectable":true,"backupManagementType":"AzureWorkload","workloadType":"SAPHana","protectableItemType":"SAPHanaDatabase","friendlyName":"SYSTEMDB","protectionState":"NotProtected"}},{"id":"/subscriptions/00000000-0000-0000-0000-000000000000/resourceGroups/saphana-clitest-rg/providers/Microsoft.RecoveryServices/vaults/saphana-clitest-vault2/backupFabrics/Azure/protectionContainers/vmappcontainer;compute;saphana-clitest-rg;saphana-clitest-vm2/protectableItems/saphanadbinstance;hxe;hxe(dbinstance)","name":"saphanadbinstance;hxe;hxe(dbinstance)","type":"Microsoft.RecoveryServices/vaults/backupFabrics/protectionContainers/protectableItems","properties":{"parentName":"saphana-clitest-vm2","serverName":"saphana-clitest-vm2","isAutoProtectable":false,"isAutoProtected":false,"subinquireditemcount":2,"subprotectableitemcount":0,"prebackupvalidation":{"status":"Success","code":"Success"},"IsProtectable":true,"backupManagementType":"AzureWorkload","workloadType":"SAPHana","protectableItemType":"SAPHanaDBInstance","friendlyName":"HXE","protectionState":"NotProtected"}}]}'
    headers:
      cache-control:
      - no-cache
      content-length:
      - '3319'
      content-type:
      - application/json
      date:
      - Fri, 18 Feb 2022 09:13:52 GMT
      expires:
      - '-1'
      pragma:
      - no-cache
      server:
      - Microsoft-IIS/10.0
      strict-transport-security:
      - max-age=31536000; includeSubDomains
      transfer-encoding:
      - chunked
      vary:
      - Accept-Encoding
      x-content-type-options:
      - nosniff
      x-ms-ratelimit-remaining-subscription-resource-requests:
      - '298'
      x-powered-by:
      - ASP.NET
    status:
      code: 200
      message: OK
- request:
    body: null
    headers:
      Accept:
      - application/json
      Accept-Encoding:
      - gzip, deflate
      CommandName:
      - backup protectable-item show
      Connection:
      - keep-alive
      ParameterSetName:
      - -g --vault-name --name --workload-type --protectable-item-type --server-name
      User-Agent:
      - AZURECLI/2.33.1 azsdk-python-mgmt-recoveryservicesbackup/4.1.1 Python/3.8.5
        (Windows-10-10.0.22000-SP0)
    method: GET
    uri: https://management.azure.com/subscriptions/00000000-0000-0000-0000-000000000000/resourceGroups/saphana-clitest-rg/providers/Microsoft.RecoveryServices/vaults/saphana-clitest-vault2/backupProtectableItems?api-version=2021-12-01&%24filter=backupManagementType+eq+%27AzureWorkload%27+and+workloadType+eq+%27SAPHanaDatabase%27
  response:
    body:
      string: '{"value":[{"id":"/subscriptions/00000000-0000-0000-0000-000000000000/resourceGroups/saphana-clitest-rg/providers/Microsoft.RecoveryServices/vaults/saphana-clitest-vault2/backupFabrics/Azure/protectionContainers/vmappcontainer;compute;saphana-clitest-rg;saphana-clitest-vm2/protectableItems/saphanasystem;hxe","name":"saphanasystem;hxe","type":"Microsoft.RecoveryServices/vaults/backupFabrics/protectionContainers/protectableItems","properties":{"parentName":"HXE","serverName":"saphana-clitest-vm2","isAutoProtectable":false,"isAutoProtected":false,"subinquireditemcount":2,"subprotectableitemcount":0,"prebackupvalidation":{"status":"Success","code":"Success"},"IsProtectable":false,"backupManagementType":"AzureWorkload","workloadType":"SAPHana","protectableItemType":"SAPHanaSystem","friendlyName":"HXE","protectionState":"NotProtected"}},{"id":"/subscriptions/00000000-0000-0000-0000-000000000000/resourceGroups/saphana-clitest-rg/providers/Microsoft.RecoveryServices/vaults/saphana-clitest-vault2/backupFabrics/Azure/protectionContainers/vmappcontainer;compute;saphana-clitest-rg;saphana-clitest-vm2/protectableItems/saphanadatabase;hxe;hxe","name":"saphanadatabase;hxe;hxe","type":"Microsoft.RecoveryServices/vaults/backupFabrics/protectionContainers/protectableItems","properties":{"parentName":"HXE","serverName":"saphana-clitest-vm2","isAutoProtectable":false,"isAutoProtected":false,"subinquireditemcount":0,"subprotectableitemcount":0,"IsProtectable":true,"backupManagementType":"AzureWorkload","workloadType":"SAPHana","protectableItemType":"SAPHanaDatabase","friendlyName":"HXE","protectionState":"NotProtected"}},{"id":"/subscriptions/00000000-0000-0000-0000-000000000000/resourceGroups/saphana-clitest-rg/providers/Microsoft.RecoveryServices/vaults/saphana-clitest-vault2/backupFabrics/Azure/protectionContainers/vmappcontainer;compute;saphana-clitest-rg;saphana-clitest-vm2/protectableItems/saphanadatabase;hxe;systemdb","name":"saphanadatabase;hxe;systemdb","type":"Microsoft.RecoveryServices/vaults/backupFabrics/protectionContainers/protectableItems","properties":{"parentName":"HXE","serverName":"saphana-clitest-vm2","isAutoProtectable":false,"isAutoProtected":false,"subinquireditemcount":0,"subprotectableitemcount":0,"IsProtectable":true,"backupManagementType":"AzureWorkload","workloadType":"SAPHana","protectableItemType":"SAPHanaDatabase","friendlyName":"SYSTEMDB","protectionState":"NotProtected"}},{"id":"/subscriptions/00000000-0000-0000-0000-000000000000/resourceGroups/saphana-clitest-rg/providers/Microsoft.RecoveryServices/vaults/saphana-clitest-vault2/backupFabrics/Azure/protectionContainers/vmappcontainer;compute;saphana-clitest-rg;saphana-clitest-vm2/protectableItems/saphanadbinstance;hxe;hxe(dbinstance)","name":"saphanadbinstance;hxe;hxe(dbinstance)","type":"Microsoft.RecoveryServices/vaults/backupFabrics/protectionContainers/protectableItems","properties":{"parentName":"saphana-clitest-vm2","serverName":"saphana-clitest-vm2","isAutoProtectable":false,"isAutoProtected":false,"subinquireditemcount":2,"subprotectableitemcount":0,"prebackupvalidation":{"status":"Success","code":"Success"},"IsProtectable":true,"backupManagementType":"AzureWorkload","workloadType":"SAPHana","protectableItemType":"SAPHanaDBInstance","friendlyName":"HXE","protectionState":"NotProtected"}}]}'
    headers:
      cache-control:
      - no-cache
      content-length:
      - '3319'
      content-type:
      - application/json
      date:
      - Fri, 18 Feb 2022 09:13:54 GMT
      expires:
      - '-1'
      pragma:
      - no-cache
      server:
      - Microsoft-IIS/10.0
      strict-transport-security:
      - max-age=31536000; includeSubDomains
      transfer-encoding:
      - chunked
      vary:
      - Accept-Encoding
      x-content-type-options:
      - nosniff
      x-ms-ratelimit-remaining-subscription-resource-requests:
      - '299'
      x-powered-by:
      - ASP.NET
    status:
      code: 200
      message: OK
- request:
    body: null
    headers:
      Accept:
      - application/json
      Accept-Encoding:
      - gzip, deflate
      CommandName:
      - backup container unregister
      Connection:
      - keep-alive
      ParameterSetName:
      - -v -g -c -y
      User-Agent:
      - AZURECLI/2.33.1 azsdk-python-mgmt-recoveryservicesbackup/4.1.1 Python/3.8.5
        (Windows-10-10.0.22000-SP0)
    method: GET
    uri: https://management.azure.com/subscriptions/00000000-0000-0000-0000-000000000000/resourceGroups/saphana-clitest-rg/providers/Microsoft.RecoveryServices/vaults/saphana-clitest-vault2/backupProtectionContainers?api-version=2021-12-01&%24filter=backupManagementType+eq+%27AzureWorkload%27+and+status+eq+%27Registered%27
  response:
    body:
      string: '{"value":[{"id":"/subscriptions/00000000-0000-0000-0000-000000000000/resourceGroups/saphana-clitest-rg/providers/Microsoft.RecoveryServices/vaults/saphana-clitest-vault2/backupFabrics/Azure/protectionContainers/VMAppContainer;Compute;saphana-clitest-rg;saphana-clitest-vm2","name":"VMAppContainer;Compute;saphana-clitest-rg;saphana-clitest-vm2","type":"Microsoft.RecoveryServices/vaults/backupFabrics/protectionContainers","properties":{"sourceResourceId":"/subscriptions/00000000-0000-0000-0000-000000000000/resourceGroups/saphana-clitest-rg/providers/Microsoft.Compute/virtualMachines/saphana-clitest-vm2","lastUpdatedTime":"2022-02-18T09:11:32.168123Z","extendedInfo":{"hostServerName":"saphana-clitest-vm2","inquiryInfo":{"status":"Success","errorDetail":{"code":"Success","message":"","recommendations":[""]},"inquiryDetails":[{"type":"SAPHana","itemCount":2,"inquiryValidation":{"status":"Success","errorDetail":{"code":"Success","message":"","recommendations":[""]},"additionalDetail":"","protectableItemCount":{"SAPHanaSystem":1,"SAPHanaDatabase":2}}}]}},"friendlyName":"saphana-clitest-vm2","backupManagementType":"AzureWorkload","registrationStatus":"Registered","healthStatus":"Healthy","containerType":"VMAppContainer","protectableObjectType":"VMAppContainer"}}]}'
    headers:
      cache-control:
      - no-cache
      content-length:
      - '1275'
      content-type:
      - application/json
      date:
      - Fri, 18 Feb 2022 09:13:54 GMT
      expires:
      - '-1'
      pragma:
      - no-cache
      server:
      - Microsoft-IIS/10.0
      strict-transport-security:
      - max-age=31536000; includeSubDomains
      transfer-encoding:
      - chunked
      vary:
      - Accept-Encoding
      x-content-type-options:
      - nosniff
      x-ms-ratelimit-remaining-subscription-resource-requests:
      - '299'
      x-powered-by:
      - ASP.NET
    status:
      code: 200
      message: OK
- request:
    body: null
    headers:
      Accept:
      - application/json
      Accept-Encoding:
      - gzip, deflate
      CommandName:
      - backup container unregister
      Connection:
      - keep-alive
      Content-Length:
      - '0'
      ParameterSetName:
      - -v -g -c -y
      User-Agent:
      - AZURECLI/2.33.1 azsdk-python-mgmt-recoveryservicesbackup/4.1.1 Python/3.8.5
        (Windows-10-10.0.22000-SP0)
    method: DELETE
    uri: https://management.azure.com/subscriptions/00000000-0000-0000-0000-000000000000/resourceGroups/saphana-clitest-rg/providers/Microsoft.RecoveryServices/vaults/saphana-clitest-vault2/backupFabrics/Azure/protectionContainers/VMAppContainer%3BCompute%3Bsaphana-clitest-rg%3Bsaphana-clitest-vm2?api-version=2021-12-01
  response:
    body:
      string: ''
    headers:
      azure-asyncoperation:
      - https://management.azure.com/subscriptions/00000000-0000-0000-0000-000000000000/resourceGroups/saphana-clitest-rg/providers/Microsoft.RecoveryServices/vaults/saphana-clitest-vault2/backupFabrics/Azure/operationsStatus/4b5a539d-0a21-4476-bcb7-5bbaaedc818b?api-version=2019-05-13-preview
      cache-control:
      - no-cache
      content-length:
      - '0'
      date:
      - Fri, 18 Feb 2022 09:13:56 GMT
      expires:
      - '-1'
      location:
      - https://management.azure.com/subscriptions/00000000-0000-0000-0000-000000000000/resourceGroups/saphana-clitest-rg/providers/Microsoft.RecoveryServices/vaults/saphana-clitest-vault2/backupOperationResults/4b5a539d-0a21-4476-bcb7-5bbaaedc818b?fabricName=Azure?api-version=2021-12-01
      pragma:
      - no-cache
      strict-transport-security:
      - max-age=31536000; includeSubDomains
      x-content-type-options:
      - nosniff
      x-ms-ratelimit-remaining-subscription-deletes:
      - '14999'
      x-powered-by:
      - ASP.NET
    status:
      code: 202
      message: Accepted
- request:
    body: null
    headers:
      Accept:
      - application/json
      Accept-Encoding:
      - gzip, deflate
      CommandName:
      - backup container unregister
      Connection:
      - keep-alive
      ParameterSetName:
      - -v -g -c -y
      User-Agent:
      - AZURECLI/2.33.1 azsdk-python-mgmt-recoveryservicesbackup/4.1.1 Python/3.8.5
        (Windows-10-10.0.22000-SP0)
    method: GET
    uri: https://management.azure.com/subscriptions/00000000-0000-0000-0000-000000000000/resourceGroups/saphana-clitest-rg/providers/Microsoft.RecoveryServices/vaults/saphana-clitest-vault2/backupFabrics/Azure/protectionContainers/VMAppContainer%3BCompute%3Bsaphana-clitest-rg%3Bsaphana-clitest-vm2/operationResults/4b5a539d-0a21-4476-bcb7-5bbaaedc818b?api-version=2021-12-01
  response:
    body:
      string: '{}'
    headers:
      azure-asyncoperation:
      - https://management.azure.com/subscriptions/00000000-0000-0000-0000-000000000000/resourceGroups/saphana-clitest-rg/providers/Microsoft.RecoveryServices/vaults/saphana-clitest-vault2/backupFabrics/Azure/protectionContainers/VMAppContainer;Compute;saphana-clitest-rg;saphana-clitest-vm2/operationsStatus/4b5a539d-0a21-4476-bcb7-5bbaaedc818b?api-version=2019-05-13-preview
      cache-control:
      - no-cache
      content-length:
      - '2'
      content-type:
      - application/json
      date:
      - Fri, 18 Feb 2022 09:13:57 GMT
      expires:
      - '-1'
      location:
      - https://management.azure.com/subscriptions/00000000-0000-0000-0000-000000000000/resourceGroups/saphana-clitest-rg/providers/Microsoft.RecoveryServices/vaults/saphana-clitest-vault2/backupFabrics/Azure/protectionContainers/VMAppContainer;Compute;saphana-clitest-rg;saphana-clitest-vm2/operationResults/4b5a539d-0a21-4476-bcb7-5bbaaedc818b?api-version=2021-12-01
      pragma:
      - no-cache
      server:
      - Microsoft-IIS/10.0
      strict-transport-security:
      - max-age=31536000; includeSubDomains
      x-content-type-options:
      - nosniff
      x-ms-ratelimit-remaining-subscription-resource-requests:
      - '299'
      x-powered-by:
      - ASP.NET
    status:
      code: 202
      message: Accepted
- request:
    body: null
    headers:
      Accept:
      - application/json
      Accept-Encoding:
      - gzip, deflate
      CommandName:
      - backup container unregister
      Connection:
      - keep-alive
      ParameterSetName:
      - -v -g -c -y
      User-Agent:
      - AZURECLI/2.33.1 azsdk-python-mgmt-recoveryservicesbackup/4.1.1 Python/3.8.5
        (Windows-10-10.0.22000-SP0)
    method: GET
    uri: https://management.azure.com/subscriptions/00000000-0000-0000-0000-000000000000/resourceGroups/saphana-clitest-rg/providers/Microsoft.RecoveryServices/vaults/saphana-clitest-vault2/backupFabrics/Azure/protectionContainers/VMAppContainer%3BCompute%3Bsaphana-clitest-rg%3Bsaphana-clitest-vm2/operationResults/4b5a539d-0a21-4476-bcb7-5bbaaedc818b?api-version=2021-12-01
  response:
    body:
      string: '{}'
    headers:
      azure-asyncoperation:
      - https://management.azure.com/subscriptions/00000000-0000-0000-0000-000000000000/resourceGroups/saphana-clitest-rg/providers/Microsoft.RecoveryServices/vaults/saphana-clitest-vault2/backupFabrics/Azure/protectionContainers/VMAppContainer;Compute;saphana-clitest-rg;saphana-clitest-vm2/operationsStatus/4b5a539d-0a21-4476-bcb7-5bbaaedc818b?api-version=2019-05-13-preview
      cache-control:
      - no-cache
      content-length:
      - '2'
      content-type:
      - application/json
      date:
      - Fri, 18 Feb 2022 09:14:03 GMT
      expires:
      - '-1'
      location:
      - https://management.azure.com/subscriptions/00000000-0000-0000-0000-000000000000/resourceGroups/saphana-clitest-rg/providers/Microsoft.RecoveryServices/vaults/saphana-clitest-vault2/backupFabrics/Azure/protectionContainers/VMAppContainer;Compute;saphana-clitest-rg;saphana-clitest-vm2/operationResults/4b5a539d-0a21-4476-bcb7-5bbaaedc818b?api-version=2021-12-01
      pragma:
      - no-cache
      server:
      - Microsoft-IIS/10.0
      strict-transport-security:
      - max-age=31536000; includeSubDomains
      x-content-type-options:
      - nosniff
      x-ms-ratelimit-remaining-subscription-resource-requests:
      - '298'
      x-powered-by:
      - ASP.NET
    status:
      code: 202
      message: Accepted
- request:
    body: null
    headers:
      Accept:
      - application/json
      Accept-Encoding:
      - gzip, deflate
      CommandName:
      - backup container unregister
      Connection:
      - keep-alive
      ParameterSetName:
      - -v -g -c -y
      User-Agent:
      - AZURECLI/2.33.1 azsdk-python-mgmt-recoveryservicesbackup/4.1.1 Python/3.8.5
        (Windows-10-10.0.22000-SP0)
    method: GET
    uri: https://management.azure.com/subscriptions/00000000-0000-0000-0000-000000000000/resourceGroups/saphana-clitest-rg/providers/Microsoft.RecoveryServices/vaults/saphana-clitest-vault2/backupFabrics/Azure/protectionContainers/VMAppContainer%3BCompute%3Bsaphana-clitest-rg%3Bsaphana-clitest-vm2/operationResults/4b5a539d-0a21-4476-bcb7-5bbaaedc818b?api-version=2021-12-01
  response:
    body:
      string: '{}'
    headers:
      azure-asyncoperation:
      - https://management.azure.com/subscriptions/00000000-0000-0000-0000-000000000000/resourceGroups/saphana-clitest-rg/providers/Microsoft.RecoveryServices/vaults/saphana-clitest-vault2/backupFabrics/Azure/protectionContainers/VMAppContainer;Compute;saphana-clitest-rg;saphana-clitest-vm2/operationsStatus/4b5a539d-0a21-4476-bcb7-5bbaaedc818b?api-version=2019-05-13-preview
      cache-control:
      - no-cache
      content-length:
      - '2'
      content-type:
      - application/json
      date:
      - Fri, 18 Feb 2022 09:14:09 GMT
      expires:
      - '-1'
      location:
      - https://management.azure.com/subscriptions/00000000-0000-0000-0000-000000000000/resourceGroups/saphana-clitest-rg/providers/Microsoft.RecoveryServices/vaults/saphana-clitest-vault2/backupFabrics/Azure/protectionContainers/VMAppContainer;Compute;saphana-clitest-rg;saphana-clitest-vm2/operationResults/4b5a539d-0a21-4476-bcb7-5bbaaedc818b?api-version=2021-12-01
      pragma:
      - no-cache
      server:
      - Microsoft-IIS/10.0
      strict-transport-security:
      - max-age=31536000; includeSubDomains
      x-content-type-options:
      - nosniff
      x-ms-ratelimit-remaining-subscription-resource-requests:
      - '297'
      x-powered-by:
      - ASP.NET
    status:
      code: 202
      message: Accepted
- request:
    body: null
    headers:
      Accept:
      - application/json
      Accept-Encoding:
      - gzip, deflate
      CommandName:
      - backup container unregister
      Connection:
      - keep-alive
      ParameterSetName:
      - -v -g -c -y
      User-Agent:
      - AZURECLI/2.33.1 azsdk-python-mgmt-recoveryservicesbackup/4.1.1 Python/3.8.5
        (Windows-10-10.0.22000-SP0)
    method: GET
    uri: https://management.azure.com/subscriptions/00000000-0000-0000-0000-000000000000/resourceGroups/saphana-clitest-rg/providers/Microsoft.RecoveryServices/vaults/saphana-clitest-vault2/backupFabrics/Azure/protectionContainers/VMAppContainer%3BCompute%3Bsaphana-clitest-rg%3Bsaphana-clitest-vm2/operationResults/4b5a539d-0a21-4476-bcb7-5bbaaedc818b?api-version=2021-12-01
  response:
    body:
      string: '{}'
    headers:
      azure-asyncoperation:
      - https://management.azure.com/subscriptions/00000000-0000-0000-0000-000000000000/resourceGroups/saphana-clitest-rg/providers/Microsoft.RecoveryServices/vaults/saphana-clitest-vault2/backupFabrics/Azure/protectionContainers/VMAppContainer;Compute;saphana-clitest-rg;saphana-clitest-vm2/operationsStatus/4b5a539d-0a21-4476-bcb7-5bbaaedc818b?api-version=2019-05-13-preview
      cache-control:
      - no-cache
      content-length:
      - '2'
      content-type:
      - application/json
      date:
      - Fri, 18 Feb 2022 09:14:14 GMT
      expires:
      - '-1'
      location:
      - https://management.azure.com/subscriptions/00000000-0000-0000-0000-000000000000/resourceGroups/saphana-clitest-rg/providers/Microsoft.RecoveryServices/vaults/saphana-clitest-vault2/backupFabrics/Azure/protectionContainers/VMAppContainer;Compute;saphana-clitest-rg;saphana-clitest-vm2/operationResults/4b5a539d-0a21-4476-bcb7-5bbaaedc818b?api-version=2021-12-01
      pragma:
      - no-cache
      server:
      - Microsoft-IIS/10.0
      strict-transport-security:
      - max-age=31536000; includeSubDomains
      x-content-type-options:
      - nosniff
      x-ms-ratelimit-remaining-subscription-resource-requests:
      - '296'
      x-powered-by:
      - ASP.NET
    status:
      code: 202
      message: Accepted
- request:
    body: null
    headers:
      Accept:
      - application/json
      Accept-Encoding:
      - gzip, deflate
      CommandName:
      - backup container unregister
      Connection:
      - keep-alive
      ParameterSetName:
      - -v -g -c -y
      User-Agent:
      - AZURECLI/2.33.1 azsdk-python-mgmt-recoveryservicesbackup/4.1.1 Python/3.8.5
        (Windows-10-10.0.22000-SP0)
    method: GET
    uri: https://management.azure.com/subscriptions/00000000-0000-0000-0000-000000000000/resourceGroups/saphana-clitest-rg/providers/Microsoft.RecoveryServices/vaults/saphana-clitest-vault2/backupFabrics/Azure/protectionContainers/VMAppContainer%3BCompute%3Bsaphana-clitest-rg%3Bsaphana-clitest-vm2/operationResults/4b5a539d-0a21-4476-bcb7-5bbaaedc818b?api-version=2021-12-01
  response:
    body:
      string: '{}'
    headers:
      azure-asyncoperation:
      - https://management.azure.com/subscriptions/00000000-0000-0000-0000-000000000000/resourceGroups/saphana-clitest-rg/providers/Microsoft.RecoveryServices/vaults/saphana-clitest-vault2/backupFabrics/Azure/protectionContainers/VMAppContainer;Compute;saphana-clitest-rg;saphana-clitest-vm2/operationsStatus/4b5a539d-0a21-4476-bcb7-5bbaaedc818b?api-version=2019-05-13-preview
      cache-control:
      - no-cache
      content-length:
      - '2'
      content-type:
      - application/json
      date:
      - Fri, 18 Feb 2022 09:14:20 GMT
      expires:
      - '-1'
      location:
      - https://management.azure.com/subscriptions/00000000-0000-0000-0000-000000000000/resourceGroups/saphana-clitest-rg/providers/Microsoft.RecoveryServices/vaults/saphana-clitest-vault2/backupFabrics/Azure/protectionContainers/VMAppContainer;Compute;saphana-clitest-rg;saphana-clitest-vm2/operationResults/4b5a539d-0a21-4476-bcb7-5bbaaedc818b?api-version=2021-12-01
      pragma:
      - no-cache
      server:
      - Microsoft-IIS/10.0
      strict-transport-security:
      - max-age=31536000; includeSubDomains
      x-content-type-options:
      - nosniff
      x-ms-ratelimit-remaining-subscription-resource-requests:
      - '295'
      x-powered-by:
      - ASP.NET
    status:
      code: 202
      message: Accepted
- request:
    body: null
    headers:
      Accept:
      - application/json
      Accept-Encoding:
      - gzip, deflate
      CommandName:
      - backup container unregister
      Connection:
      - keep-alive
      ParameterSetName:
      - -v -g -c -y
      User-Agent:
      - AZURECLI/2.33.1 azsdk-python-mgmt-recoveryservicesbackup/4.1.1 Python/3.8.5
        (Windows-10-10.0.22000-SP0)
    method: GET
    uri: https://management.azure.com/subscriptions/00000000-0000-0000-0000-000000000000/resourceGroups/saphana-clitest-rg/providers/Microsoft.RecoveryServices/vaults/saphana-clitest-vault2/backupFabrics/Azure/protectionContainers/VMAppContainer%3BCompute%3Bsaphana-clitest-rg%3Bsaphana-clitest-vm2/operationResults/4b5a539d-0a21-4476-bcb7-5bbaaedc818b?api-version=2021-12-01
  response:
    body:
      string: '{}'
    headers:
      azure-asyncoperation:
      - https://management.azure.com/subscriptions/00000000-0000-0000-0000-000000000000/resourceGroups/saphana-clitest-rg/providers/Microsoft.RecoveryServices/vaults/saphana-clitest-vault2/backupFabrics/Azure/protectionContainers/VMAppContainer;Compute;saphana-clitest-rg;saphana-clitest-vm2/operationsStatus/4b5a539d-0a21-4476-bcb7-5bbaaedc818b?api-version=2019-05-13-preview
      cache-control:
      - no-cache
      content-length:
      - '2'
      content-type:
      - application/json
      date:
      - Fri, 18 Feb 2022 09:14:25 GMT
      expires:
      - '-1'
      location:
      - https://management.azure.com/subscriptions/00000000-0000-0000-0000-000000000000/resourceGroups/saphana-clitest-rg/providers/Microsoft.RecoveryServices/vaults/saphana-clitest-vault2/backupFabrics/Azure/protectionContainers/VMAppContainer;Compute;saphana-clitest-rg;saphana-clitest-vm2/operationResults/4b5a539d-0a21-4476-bcb7-5bbaaedc818b?api-version=2021-12-01
      pragma:
      - no-cache
      server:
      - Microsoft-IIS/10.0
      strict-transport-security:
      - max-age=31536000; includeSubDomains
      x-content-type-options:
      - nosniff
      x-ms-ratelimit-remaining-subscription-resource-requests:
      - '294'
      x-powered-by:
      - ASP.NET
    status:
      code: 202
      message: Accepted
- request:
    body: null
    headers:
      Accept:
      - application/json
      Accept-Encoding:
      - gzip, deflate
      CommandName:
      - backup container unregister
      Connection:
      - keep-alive
      ParameterSetName:
      - -v -g -c -y
      User-Agent:
      - AZURECLI/2.33.1 azsdk-python-mgmt-recoveryservicesbackup/4.1.1 Python/3.8.5
        (Windows-10-10.0.22000-SP0)
    method: GET
    uri: https://management.azure.com/subscriptions/00000000-0000-0000-0000-000000000000/resourceGroups/saphana-clitest-rg/providers/Microsoft.RecoveryServices/vaults/saphana-clitest-vault2/backupFabrics/Azure/protectionContainers/VMAppContainer%3BCompute%3Bsaphana-clitest-rg%3Bsaphana-clitest-vm2/operationResults/4b5a539d-0a21-4476-bcb7-5bbaaedc818b?api-version=2021-12-01
  response:
    body:
      string: '{}'
    headers:
      azure-asyncoperation:
      - https://management.azure.com/subscriptions/00000000-0000-0000-0000-000000000000/resourceGroups/saphana-clitest-rg/providers/Microsoft.RecoveryServices/vaults/saphana-clitest-vault2/backupFabrics/Azure/protectionContainers/VMAppContainer;Compute;saphana-clitest-rg;saphana-clitest-vm2/operationsStatus/4b5a539d-0a21-4476-bcb7-5bbaaedc818b?api-version=2019-05-13-preview
      cache-control:
      - no-cache
      content-length:
      - '2'
      content-type:
      - application/json
      date:
      - Fri, 18 Feb 2022 09:14:31 GMT
      expires:
      - '-1'
      location:
      - https://management.azure.com/subscriptions/00000000-0000-0000-0000-000000000000/resourceGroups/saphana-clitest-rg/providers/Microsoft.RecoveryServices/vaults/saphana-clitest-vault2/backupFabrics/Azure/protectionContainers/VMAppContainer;Compute;saphana-clitest-rg;saphana-clitest-vm2/operationResults/4b5a539d-0a21-4476-bcb7-5bbaaedc818b?api-version=2021-12-01
      pragma:
      - no-cache
      server:
      - Microsoft-IIS/10.0
      strict-transport-security:
      - max-age=31536000; includeSubDomains
      x-content-type-options:
      - nosniff
      x-ms-ratelimit-remaining-subscription-resource-requests:
      - '293'
      x-powered-by:
      - ASP.NET
    status:
      code: 202
      message: Accepted
- request:
    body: null
    headers:
      Accept:
      - application/json
      Accept-Encoding:
      - gzip, deflate
      CommandName:
      - backup container unregister
      Connection:
      - keep-alive
      ParameterSetName:
      - -v -g -c -y
      User-Agent:
      - AZURECLI/2.33.1 azsdk-python-mgmt-recoveryservicesbackup/4.1.1 Python/3.8.5
        (Windows-10-10.0.22000-SP0)
    method: GET
    uri: https://management.azure.com/subscriptions/00000000-0000-0000-0000-000000000000/resourceGroups/saphana-clitest-rg/providers/Microsoft.RecoveryServices/vaults/saphana-clitest-vault2/backupFabrics/Azure/protectionContainers/VMAppContainer%3BCompute%3Bsaphana-clitest-rg%3Bsaphana-clitest-vm2/operationResults/4b5a539d-0a21-4476-bcb7-5bbaaedc818b?api-version=2021-12-01
  response:
    body:
      string: '{}'
    headers:
      azure-asyncoperation:
      - https://management.azure.com/subscriptions/00000000-0000-0000-0000-000000000000/resourceGroups/saphana-clitest-rg/providers/Microsoft.RecoveryServices/vaults/saphana-clitest-vault2/backupFabrics/Azure/protectionContainers/VMAppContainer;Compute;saphana-clitest-rg;saphana-clitest-vm2/operationsStatus/4b5a539d-0a21-4476-bcb7-5bbaaedc818b?api-version=2019-05-13-preview
      cache-control:
      - no-cache
      content-length:
      - '2'
      content-type:
      - application/json
      date:
      - Fri, 18 Feb 2022 09:14:36 GMT
      expires:
      - '-1'
      location:
      - https://management.azure.com/subscriptions/00000000-0000-0000-0000-000000000000/resourceGroups/saphana-clitest-rg/providers/Microsoft.RecoveryServices/vaults/saphana-clitest-vault2/backupFabrics/Azure/protectionContainers/VMAppContainer;Compute;saphana-clitest-rg;saphana-clitest-vm2/operationResults/4b5a539d-0a21-4476-bcb7-5bbaaedc818b?api-version=2021-12-01
      pragma:
      - no-cache
      server:
      - Microsoft-IIS/10.0
      strict-transport-security:
      - max-age=31536000; includeSubDomains
      x-content-type-options:
      - nosniff
      x-ms-ratelimit-remaining-subscription-resource-requests:
      - '292'
      x-powered-by:
      - ASP.NET
    status:
      code: 202
      message: Accepted
- request:
    body: null
    headers:
      Accept:
      - application/json
      Accept-Encoding:
      - gzip, deflate
      CommandName:
      - backup container unregister
      Connection:
      - keep-alive
      ParameterSetName:
      - -v -g -c -y
      User-Agent:
      - AZURECLI/2.33.1 azsdk-python-mgmt-recoveryservicesbackup/4.1.1 Python/3.8.5
        (Windows-10-10.0.22000-SP0)
    method: GET
    uri: https://management.azure.com/subscriptions/00000000-0000-0000-0000-000000000000/resourceGroups/saphana-clitest-rg/providers/Microsoft.RecoveryServices/vaults/saphana-clitest-vault2/backupFabrics/Azure/protectionContainers/VMAppContainer%3BCompute%3Bsaphana-clitest-rg%3Bsaphana-clitest-vm2/operationResults/4b5a539d-0a21-4476-bcb7-5bbaaedc818b?api-version=2021-12-01
  response:
    body:
      string: '{}'
    headers:
      azure-asyncoperation:
      - https://management.azure.com/subscriptions/00000000-0000-0000-0000-000000000000/resourceGroups/saphana-clitest-rg/providers/Microsoft.RecoveryServices/vaults/saphana-clitest-vault2/backupFabrics/Azure/protectionContainers/VMAppContainer;Compute;saphana-clitest-rg;saphana-clitest-vm2/operationsStatus/4b5a539d-0a21-4476-bcb7-5bbaaedc818b?api-version=2019-05-13-preview
      cache-control:
      - no-cache
      content-length:
      - '2'
      content-type:
      - application/json
      date:
      - Fri, 18 Feb 2022 09:14:42 GMT
      expires:
      - '-1'
      location:
      - https://management.azure.com/subscriptions/00000000-0000-0000-0000-000000000000/resourceGroups/saphana-clitest-rg/providers/Microsoft.RecoveryServices/vaults/saphana-clitest-vault2/backupFabrics/Azure/protectionContainers/VMAppContainer;Compute;saphana-clitest-rg;saphana-clitest-vm2/operationResults/4b5a539d-0a21-4476-bcb7-5bbaaedc818b?api-version=2021-12-01
      pragma:
      - no-cache
      server:
      - Microsoft-IIS/10.0
      strict-transport-security:
      - max-age=31536000; includeSubDomains
      x-content-type-options:
      - nosniff
      x-ms-ratelimit-remaining-subscription-resource-requests:
      - '291'
      x-powered-by:
      - ASP.NET
    status:
      code: 202
      message: Accepted
- request:
    body: null
    headers:
      Accept:
      - application/json
      Accept-Encoding:
      - gzip, deflate
      CommandName:
      - backup container unregister
      Connection:
      - keep-alive
      ParameterSetName:
      - -v -g -c -y
      User-Agent:
      - AZURECLI/2.33.1 azsdk-python-mgmt-recoveryservicesbackup/4.1.1 Python/3.8.5
        (Windows-10-10.0.22000-SP0)
    method: GET
    uri: https://management.azure.com/subscriptions/00000000-0000-0000-0000-000000000000/resourceGroups/saphana-clitest-rg/providers/Microsoft.RecoveryServices/vaults/saphana-clitest-vault2/backupFabrics/Azure/protectionContainers/VMAppContainer%3BCompute%3Bsaphana-clitest-rg%3Bsaphana-clitest-vm2/operationResults/4b5a539d-0a21-4476-bcb7-5bbaaedc818b?api-version=2021-12-01
  response:
    body:
      string: '{}'
    headers:
      azure-asyncoperation:
      - https://management.azure.com/subscriptions/00000000-0000-0000-0000-000000000000/resourceGroups/saphana-clitest-rg/providers/Microsoft.RecoveryServices/vaults/saphana-clitest-vault2/backupFabrics/Azure/protectionContainers/VMAppContainer;Compute;saphana-clitest-rg;saphana-clitest-vm2/operationsStatus/4b5a539d-0a21-4476-bcb7-5bbaaedc818b?api-version=2019-05-13-preview
      cache-control:
      - no-cache
      content-length:
      - '2'
      content-type:
      - application/json
      date:
      - Fri, 18 Feb 2022 09:14:48 GMT
      expires:
      - '-1'
      location:
      - https://management.azure.com/subscriptions/00000000-0000-0000-0000-000000000000/resourceGroups/saphana-clitest-rg/providers/Microsoft.RecoveryServices/vaults/saphana-clitest-vault2/backupFabrics/Azure/protectionContainers/VMAppContainer;Compute;saphana-clitest-rg;saphana-clitest-vm2/operationResults/4b5a539d-0a21-4476-bcb7-5bbaaedc818b?api-version=2021-12-01
      pragma:
      - no-cache
      server:
      - Microsoft-IIS/10.0
      strict-transport-security:
      - max-age=31536000; includeSubDomains
      x-content-type-options:
      - nosniff
      x-ms-ratelimit-remaining-subscription-resource-requests:
      - '290'
      x-powered-by:
      - ASP.NET
    status:
      code: 202
      message: Accepted
- request:
    body: null
    headers:
      Accept:
      - application/json
      Accept-Encoding:
      - gzip, deflate
      CommandName:
      - backup container unregister
      Connection:
      - keep-alive
      ParameterSetName:
      - -v -g -c -y
      User-Agent:
      - AZURECLI/2.33.1 azsdk-python-mgmt-recoveryservicesbackup/4.1.1 Python/3.8.5
        (Windows-10-10.0.22000-SP0)
    method: GET
    uri: https://management.azure.com/subscriptions/00000000-0000-0000-0000-000000000000/resourceGroups/saphana-clitest-rg/providers/Microsoft.RecoveryServices/vaults/saphana-clitest-vault2/backupFabrics/Azure/protectionContainers/VMAppContainer%3BCompute%3Bsaphana-clitest-rg%3Bsaphana-clitest-vm2/operationResults/4b5a539d-0a21-4476-bcb7-5bbaaedc818b?api-version=2021-12-01
  response:
    body:
      string: '{}'
    headers:
      azure-asyncoperation:
      - https://management.azure.com/subscriptions/00000000-0000-0000-0000-000000000000/resourceGroups/saphana-clitest-rg/providers/Microsoft.RecoveryServices/vaults/saphana-clitest-vault2/backupFabrics/Azure/protectionContainers/VMAppContainer;Compute;saphana-clitest-rg;saphana-clitest-vm2/operationsStatus/4b5a539d-0a21-4476-bcb7-5bbaaedc818b?api-version=2019-05-13-preview
      cache-control:
      - no-cache
      content-length:
      - '2'
      content-type:
      - application/json
      date:
      - Fri, 18 Feb 2022 09:14:53 GMT
      expires:
      - '-1'
      location:
      - https://management.azure.com/subscriptions/00000000-0000-0000-0000-000000000000/resourceGroups/saphana-clitest-rg/providers/Microsoft.RecoveryServices/vaults/saphana-clitest-vault2/backupFabrics/Azure/protectionContainers/VMAppContainer;Compute;saphana-clitest-rg;saphana-clitest-vm2/operationResults/4b5a539d-0a21-4476-bcb7-5bbaaedc818b?api-version=2021-12-01
      pragma:
      - no-cache
      server:
      - Microsoft-IIS/10.0
      strict-transport-security:
      - max-age=31536000; includeSubDomains
      x-content-type-options:
      - nosniff
      x-ms-ratelimit-remaining-subscription-resource-requests:
      - '289'
      x-powered-by:
      - ASP.NET
    status:
      code: 202
      message: Accepted
- request:
    body: null
    headers:
      Accept:
      - application/json
      Accept-Encoding:
      - gzip, deflate
      CommandName:
      - backup container unregister
      Connection:
      - keep-alive
      ParameterSetName:
      - -v -g -c -y
      User-Agent:
      - AZURECLI/2.33.1 azsdk-python-mgmt-recoveryservicesbackup/4.1.1 Python/3.8.5
        (Windows-10-10.0.22000-SP0)
    method: GET
    uri: https://management.azure.com/subscriptions/00000000-0000-0000-0000-000000000000/resourceGroups/saphana-clitest-rg/providers/Microsoft.RecoveryServices/vaults/saphana-clitest-vault2/backupFabrics/Azure/protectionContainers/VMAppContainer%3BCompute%3Bsaphana-clitest-rg%3Bsaphana-clitest-vm2/operationResults/4b5a539d-0a21-4476-bcb7-5bbaaedc818b?api-version=2021-12-01
  response:
    body:
      string: '{}'
    headers:
      azure-asyncoperation:
      - https://management.azure.com/subscriptions/00000000-0000-0000-0000-000000000000/resourceGroups/saphana-clitest-rg/providers/Microsoft.RecoveryServices/vaults/saphana-clitest-vault2/backupFabrics/Azure/protectionContainers/VMAppContainer;Compute;saphana-clitest-rg;saphana-clitest-vm2/operationsStatus/4b5a539d-0a21-4476-bcb7-5bbaaedc818b?api-version=2019-05-13-preview
      cache-control:
      - no-cache
      content-length:
      - '2'
      content-type:
      - application/json
      date:
      - Fri, 18 Feb 2022 09:14:59 GMT
      expires:
      - '-1'
      location:
      - https://management.azure.com/subscriptions/00000000-0000-0000-0000-000000000000/resourceGroups/saphana-clitest-rg/providers/Microsoft.RecoveryServices/vaults/saphana-clitest-vault2/backupFabrics/Azure/protectionContainers/VMAppContainer;Compute;saphana-clitest-rg;saphana-clitest-vm2/operationResults/4b5a539d-0a21-4476-bcb7-5bbaaedc818b?api-version=2021-12-01
      pragma:
      - no-cache
      server:
      - Microsoft-IIS/10.0
      strict-transport-security:
      - max-age=31536000; includeSubDomains
      x-content-type-options:
      - nosniff
      x-ms-ratelimit-remaining-subscription-resource-requests:
      - '288'
      x-powered-by:
      - ASP.NET
    status:
      code: 202
      message: Accepted
- request:
    body: null
    headers:
      Accept:
      - application/json
      Accept-Encoding:
      - gzip, deflate
      CommandName:
      - backup container unregister
      Connection:
      - keep-alive
      ParameterSetName:
      - -v -g -c -y
      User-Agent:
      - AZURECLI/2.33.1 azsdk-python-mgmt-recoveryservicesbackup/4.1.1 Python/3.8.5
        (Windows-10-10.0.22000-SP0)
    method: GET
    uri: https://management.azure.com/subscriptions/00000000-0000-0000-0000-000000000000/resourceGroups/saphana-clitest-rg/providers/Microsoft.RecoveryServices/vaults/saphana-clitest-vault2/backupFabrics/Azure/protectionContainers/VMAppContainer%3BCompute%3Bsaphana-clitest-rg%3Bsaphana-clitest-vm2/operationResults/4b5a539d-0a21-4476-bcb7-5bbaaedc818b?api-version=2021-12-01
  response:
    body:
      string: '{}'
    headers:
      azure-asyncoperation:
      - https://management.azure.com/subscriptions/00000000-0000-0000-0000-000000000000/resourceGroups/saphana-clitest-rg/providers/Microsoft.RecoveryServices/vaults/saphana-clitest-vault2/backupFabrics/Azure/protectionContainers/VMAppContainer;Compute;saphana-clitest-rg;saphana-clitest-vm2/operationsStatus/4b5a539d-0a21-4476-bcb7-5bbaaedc818b?api-version=2019-05-13-preview
      cache-control:
      - no-cache
      content-length:
      - '2'
      content-type:
      - application/json
      date:
      - Fri, 18 Feb 2022 09:15:06 GMT
      expires:
      - '-1'
      location:
      - https://management.azure.com/subscriptions/00000000-0000-0000-0000-000000000000/resourceGroups/saphana-clitest-rg/providers/Microsoft.RecoveryServices/vaults/saphana-clitest-vault2/backupFabrics/Azure/protectionContainers/VMAppContainer;Compute;saphana-clitest-rg;saphana-clitest-vm2/operationResults/4b5a539d-0a21-4476-bcb7-5bbaaedc818b?api-version=2021-12-01
      pragma:
      - no-cache
      server:
      - Microsoft-IIS/10.0
      strict-transport-security:
      - max-age=31536000; includeSubDomains
      x-content-type-options:
      - nosniff
      x-ms-ratelimit-remaining-subscription-resource-requests:
      - '287'
      x-powered-by:
      - ASP.NET
    status:
      code: 202
      message: Accepted
- request:
    body: null
    headers:
      Accept:
      - application/json
      Accept-Encoding:
      - gzip, deflate
      CommandName:
      - backup container unregister
      Connection:
      - keep-alive
      ParameterSetName:
      - -v -g -c -y
      User-Agent:
      - AZURECLI/2.33.1 azsdk-python-mgmt-recoveryservicesbackup/4.1.1 Python/3.8.5
        (Windows-10-10.0.22000-SP0)
    method: GET
    uri: https://management.azure.com/subscriptions/00000000-0000-0000-0000-000000000000/resourceGroups/saphana-clitest-rg/providers/Microsoft.RecoveryServices/vaults/saphana-clitest-vault2/backupFabrics/Azure/protectionContainers/VMAppContainer%3BCompute%3Bsaphana-clitest-rg%3Bsaphana-clitest-vm2/operationResults/4b5a539d-0a21-4476-bcb7-5bbaaedc818b?api-version=2021-12-01
  response:
    body:
      string: '{}'
    headers:
      azure-asyncoperation:
      - https://management.azure.com/subscriptions/00000000-0000-0000-0000-000000000000/resourceGroups/saphana-clitest-rg/providers/Microsoft.RecoveryServices/vaults/saphana-clitest-vault2/backupFabrics/Azure/protectionContainers/VMAppContainer;Compute;saphana-clitest-rg;saphana-clitest-vm2/operationsStatus/4b5a539d-0a21-4476-bcb7-5bbaaedc818b?api-version=2019-05-13-preview
      cache-control:
      - no-cache
      content-length:
      - '2'
      content-type:
      - application/json
      date:
      - Fri, 18 Feb 2022 09:15:12 GMT
      expires:
      - '-1'
      location:
      - https://management.azure.com/subscriptions/00000000-0000-0000-0000-000000000000/resourceGroups/saphana-clitest-rg/providers/Microsoft.RecoveryServices/vaults/saphana-clitest-vault2/backupFabrics/Azure/protectionContainers/VMAppContainer;Compute;saphana-clitest-rg;saphana-clitest-vm2/operationResults/4b5a539d-0a21-4476-bcb7-5bbaaedc818b?api-version=2021-12-01
      pragma:
      - no-cache
      server:
      - Microsoft-IIS/10.0
      strict-transport-security:
      - max-age=31536000; includeSubDomains
      x-content-type-options:
      - nosniff
      x-ms-ratelimit-remaining-subscription-resource-requests:
      - '286'
      x-powered-by:
      - ASP.NET
    status:
      code: 202
      message: Accepted
- request:
    body: null
    headers:
      Accept:
      - application/json
      Accept-Encoding:
      - gzip, deflate
      CommandName:
      - backup container unregister
      Connection:
      - keep-alive
      ParameterSetName:
      - -v -g -c -y
      User-Agent:
      - AZURECLI/2.33.1 azsdk-python-mgmt-recoveryservicesbackup/4.1.1 Python/3.8.5
        (Windows-10-10.0.22000-SP0)
    method: GET
    uri: https://management.azure.com/subscriptions/00000000-0000-0000-0000-000000000000/resourceGroups/saphana-clitest-rg/providers/Microsoft.RecoveryServices/vaults/saphana-clitest-vault2/backupFabrics/Azure/protectionContainers/VMAppContainer%3BCompute%3Bsaphana-clitest-rg%3Bsaphana-clitest-vm2/operationResults/4b5a539d-0a21-4476-bcb7-5bbaaedc818b?api-version=2021-12-01
  response:
    body:
      string: '{}'
    headers:
      azure-asyncoperation:
      - https://management.azure.com/subscriptions/00000000-0000-0000-0000-000000000000/resourceGroups/saphana-clitest-rg/providers/Microsoft.RecoveryServices/vaults/saphana-clitest-vault2/backupFabrics/Azure/protectionContainers/VMAppContainer;Compute;saphana-clitest-rg;saphana-clitest-vm2/operationsStatus/4b5a539d-0a21-4476-bcb7-5bbaaedc818b?api-version=2019-05-13-preview
      cache-control:
      - no-cache
      content-length:
      - '2'
      content-type:
      - application/json
      date:
      - Fri, 18 Feb 2022 09:15:17 GMT
      expires:
      - '-1'
      location:
      - https://management.azure.com/subscriptions/00000000-0000-0000-0000-000000000000/resourceGroups/saphana-clitest-rg/providers/Microsoft.RecoveryServices/vaults/saphana-clitest-vault2/backupFabrics/Azure/protectionContainers/VMAppContainer;Compute;saphana-clitest-rg;saphana-clitest-vm2/operationResults/4b5a539d-0a21-4476-bcb7-5bbaaedc818b?api-version=2021-12-01
      pragma:
      - no-cache
      server:
      - Microsoft-IIS/10.0
      strict-transport-security:
      - max-age=31536000; includeSubDomains
      x-content-type-options:
      - nosniff
      x-ms-ratelimit-remaining-subscription-resource-requests:
      - '285'
      x-powered-by:
      - ASP.NET
    status:
      code: 202
      message: Accepted
- request:
    body: null
    headers:
      Accept:
      - application/json
      Accept-Encoding:
      - gzip, deflate
      CommandName:
      - backup container unregister
      Connection:
      - keep-alive
      ParameterSetName:
      - -v -g -c -y
      User-Agent:
      - AZURECLI/2.33.1 azsdk-python-mgmt-recoveryservicesbackup/4.1.1 Python/3.8.5
        (Windows-10-10.0.22000-SP0)
    method: GET
    uri: https://management.azure.com/subscriptions/00000000-0000-0000-0000-000000000000/resourceGroups/saphana-clitest-rg/providers/Microsoft.RecoveryServices/vaults/saphana-clitest-vault2/backupFabrics/Azure/protectionContainers/VMAppContainer%3BCompute%3Bsaphana-clitest-rg%3Bsaphana-clitest-vm2/operationResults/4b5a539d-0a21-4476-bcb7-5bbaaedc818b?api-version=2021-12-01
  response:
    body:
      string: ''
    headers:
      cache-control:
      - no-cache
      content-type:
      - application/json; charset=utf-8
      date:
      - Fri, 18 Feb 2022 09:15:23 GMT
      expires:
      - '-1'
      pragma:
      - no-cache
      strict-transport-security:
      - max-age=31536000; includeSubDomains
      x-content-type-options:
      - nosniff
      x-ms-ratelimit-remaining-subscription-resource-requests:
      - '284'
      x-powered-by:
      - ASP.NET
    status:
      code: 204
      message: No Content
- request:
    body: null
    headers:
      Accept:
      - application/json
      Accept-Encoding:
      - gzip, deflate
      CommandName:
      - backup container list
      Connection:
      - keep-alive
      ParameterSetName:
      - -v -g --backup-management-type
      User-Agent:
      - AZURECLI/2.33.1 azsdk-python-mgmt-recoveryservicesbackup/4.1.1 Python/3.8.5
        (Windows-10-10.0.22000-SP0)
    method: GET
    uri: https://management.azure.com/subscriptions/00000000-0000-0000-0000-000000000000/resourceGroups/saphana-clitest-rg/providers/Microsoft.RecoveryServices/vaults/saphana-clitest-vault2/backupProtectionContainers?api-version=2021-12-01&%24filter=backupManagementType+eq+%27AzureWorkload%27+and+status+eq+%27Registered%27
  response:
    body:
      string: '{"value":[]}'
    headers:
      cache-control:
      - no-cache
      content-length:
      - '12'
      content-type:
      - application/json
      date:
      - Fri, 18 Feb 2022 09:15:28 GMT
      expires:
      - '-1'
      pragma:
      - no-cache
      server:
      - Microsoft-IIS/10.0
      strict-transport-security:
      - max-age=31536000; includeSubDomains
      transfer-encoding:
      - chunked
      vary:
      - Accept-Encoding
      x-content-type-options:
      - nosniff
      x-ms-ratelimit-remaining-subscription-resource-requests:
      - '299'
      x-powered-by:
      - ASP.NET
    status:
      code: 200
      message: OK
version: 1
