interactions:
- request:
    body: '{"location": "southeastasia", "properties": {}, "sku": {"name": "Standard"}}'
    headers:
      Accept:
      - application/json
      Accept-Encoding:
      - gzip, deflate
      CommandName:
      - backup vault create
      Connection:
      - keep-alive
      Content-Length:
      - '76'
      Content-Type:
      - application/json
      ParameterSetName:
      - -n -g --location
      User-Agent:
      - AZURECLI/2.28.1 azsdk-python-mgmt-recoveryservices/2.0.0 Python/3.8.5 (Windows-10-10.0.19041-SP0)
    method: PUT
    uri: https://management.azure.com/subscriptions/00000000-0000-0000-0000-000000000000/resourceGroups/clitest.rg000001/providers/Microsoft.RecoveryServices/vaults/clitest-vault000002?api-version=2021-03-01
  response:
    body:
      string: '{"location":"southeastasia","name":"clitest-vault000002","etag":"W/\"datetime''2021-09-20T11%3A58%3A04.0130796Z''\"","properties":{"provisioningState":"Succeeded","privateEndpointStateForBackup":"None","privateEndpointStateForSiteRecovery":"None"},"id":"/subscriptions/00000000-0000-0000-0000-000000000000/resourceGroups/clitest.rg000001/providers/Microsoft.RecoveryServices/vaults/clitest-vault000002","type":"Microsoft.RecoveryServices/vaults","sku":{"name":"Standard"}}'
    headers:
      cache-control:
      - no-cache
      content-length:
      - '484'
      content-type:
      - application/json
      date:
      - Mon, 20 Sep 2021 11:58:03 GMT
      expires:
      - '-1'
      pragma:
      - no-cache
      server:
      - Microsoft-IIS/10.0
      strict-transport-security:
      - max-age=31536000; includeSubDomains
      x-content-type-options:
      - nosniff
      x-ms-ratelimit-remaining-subscription-resource-requests:
      - '209'
    status:
      code: 201
      message: Created
- request:
    body: null
    headers:
      Accept:
      - application/json
      Accept-Encoding:
      - gzip, deflate
      CommandName:
      - storage account show-connection-string
      Connection:
      - keep-alive
      Content-Length:
      - '0'
      ParameterSetName:
      - -n -g
      User-Agent:
      - AZURECLI/2.28.1 azsdk-python-azure-mgmt-storage/19.0.0 Python/3.8.5 (Windows-10-10.0.19041-SP0)
    method: POST
    uri: https://management.azure.com/subscriptions/00000000-0000-0000-0000-000000000000/resourceGroups/clitest.rg000001/providers/Microsoft.Storage/storageAccounts/clitest000003/listKeys?api-version=2021-06-01&$expand=kerb
  response:
    body:
      string: '{"keys":[{"creationTime":"2021-09-20T11:58:11.3880492Z","keyName":"key1","value":"veryFakedStorageAccountKey==","permissions":"FULL"},{"creationTime":"2021-09-20T11:58:11.3880492Z","keyName":"key2","value":"veryFakedStorageAccountKey==","permissions":"FULL"}]}'
    headers:
      cache-control:
      - no-cache
      content-length:
      - '380'
      content-type:
      - application/json
      date:
      - Mon, 20 Sep 2021 11:58:36 GMT
      expires:
      - '-1'
      pragma:
      - no-cache
      server:
      - Microsoft-Azure-Storage-Resource-Provider/1.0,Microsoft-HTTPAPI/2.0 Microsoft-HTTPAPI/2.0
      strict-transport-security:
      - max-age=31536000; includeSubDomains
      transfer-encoding:
      - chunked
      vary:
      - Accept-Encoding
      x-content-type-options:
      - nosniff
      x-ms-ratelimit-remaining-subscription-resource-requests:
      - '11999'
    status:
      code: 200
      message: OK
- request:
    body: null
    headers:
      Connection:
      - keep-alive
      Content-Length:
      - '0'
      User-Agent:
      - Azure-Storage/2.0.0-2.0.1 (Python CPython 3.8.5; Windows 10) AZURECLI/2.28.1
      x-ms-date:
      - Mon, 20 Sep 2021 11:58:36 GMT
      x-ms-share-quota:
      - '1'
      x-ms-version:
      - '2018-11-09'
    method: PUT
    uri: https://clitest000003.file.core.windows.net/clitest-item000004?restype=share
  response:
    body:
      string: ''
    headers:
      content-length:
      - '0'
      date:
      - Mon, 20 Sep 2021 11:58:36 GMT
      etag:
      - '"0x8D97C2DFADF1BE2"'
      last-modified:
      - Mon, 20 Sep 2021 11:58:37 GMT
      server:
      - Windows-Azure-File/1.0 Microsoft-HTTPAPI/2.0
      x-ms-version:
      - '2018-11-09'
    status:
      code: 201
      message: Created
- request:
    body: null
    headers:
      Accept:
      - application/json
      Accept-Encoding:
      - gzip, deflate
      CommandName:
      - backup policy show
      Connection:
      - keep-alive
      ParameterSetName:
      - -g -v -n
      User-Agent:
      - python/3.8.5 (Windows-10-10.0.19041-SP0) msrest/0.6.21 msrest_azure/0.6.4
        azure-mgmt-recoveryservicesbackup/0.14.0 Azure-SDK-For-Python AZURECLI/2.28.1
      accept-language:
      - en-US
    method: GET
    uri: https://management.azure.com/subscriptions/00000000-0000-0000-0000-000000000000/resourceGroups/clitest.rg000001/providers/Microsoft.RecoveryServices/vaults/clitest-vault000002/backupPolicies/DefaultPolicy?api-version=2021-07-01
  response:
    body:
      string: '{"id":"/subscriptions/00000000-0000-0000-0000-000000000000/resourceGroups/clitest.rg000001/providers/Microsoft.RecoveryServices/vaults/clitest-vault000002/backupPolicies/DefaultPolicy","name":"DefaultPolicy","type":"Microsoft.RecoveryServices/vaults/backupPolicies","properties":{"backupManagementType":"AzureIaasVM","instantRPDetails":{},"schedulePolicy":{"schedulePolicyType":"SimpleSchedulePolicy","scheduleRunFrequency":"Daily","scheduleRunTimes":["2021-09-20T21:30:00Z"],"scheduleWeeklyFrequency":0},"retentionPolicy":{"retentionPolicyType":"LongTermRetentionPolicy","dailySchedule":{"retentionTimes":["2021-09-20T21:30:00Z"],"retentionDuration":{"count":30,"durationType":"Days"}}},"instantRpRetentionRangeInDays":2,"timeZone":"UTC","protectedItemsCount":0}}'
    headers:
      cache-control:
      - no-cache
      content-length:
      - '773'
      content-type:
      - application/json
      date:
      - Mon, 20 Sep 2021 11:58:37 GMT
      expires:
      - '-1'
      pragma:
      - no-cache
      server:
      - Microsoft-IIS/10.0
      strict-transport-security:
      - max-age=31536000; includeSubDomains
      transfer-encoding:
      - chunked
      vary:
      - Accept-Encoding
      x-content-type-options:
      - nosniff
      x-ms-ratelimit-remaining-subscription-resource-requests:
      - '149'
      x-powered-by:
      - ASP.NET
    status:
      code: 200
      message: OK
- request:
    body: '{"properties": {"protectedItemsCount": 0, "backupManagementType": "AzureStorage",
      "workLoadType": "AzureFileShare", "schedulePolicy": {"schedulePolicyType": "SimpleSchedulePolicy",
      "scheduleRunFrequency": "Daily", "scheduleRunTimes": ["2021-09-20T21:30:00.000Z"],
      "scheduleWeeklyFrequency": 0}, "retentionPolicy": {"retentionPolicyType": "LongTermRetentionPolicy",
      "dailySchedule": {"retentionTimes": ["2021-09-20T21:30:00.000Z"], "retentionDuration":
      {"count": 30, "durationType": "Days"}}}, "timeZone": "UTC"}}'
    headers:
      Accept:
      - application/json
      Accept-Encoding:
      - gzip, deflate
      CommandName:
      - backup policy create
      Connection:
      - keep-alive
      Content-Length:
      - '512'
      Content-Type:
      - application/json; charset=utf-8
      ParameterSetName:
      - -g -v --policy -n --backup-management-type
      User-Agent:
      - python/3.8.5 (Windows-10-10.0.19041-SP0) msrest/0.6.21 msrest_azure/0.6.4
        azure-mgmt-recoveryservicesbackup/0.14.0 Azure-SDK-For-Python AZURECLI/2.28.1
      accept-language:
      - en-US
    method: PUT
    uri: https://management.azure.com/subscriptions/00000000-0000-0000-0000-000000000000/resourceGroups/clitest.rg000001/providers/Microsoft.RecoveryServices/vaults/clitest-vault000002/backupPolicies/clitest-item000005?api-version=2021-07-01
  response:
    body:
      string: '{"id":"/subscriptions/00000000-0000-0000-0000-000000000000/resourceGroups/clitest.rg000001/providers/Microsoft.RecoveryServices/vaults/clitest-vault000002/backupPolicies/clitest-item000005","name":"clitest-item000005","type":"Microsoft.RecoveryServices/vaults/backupPolicies","properties":{"backupManagementType":"AzureStorage","schedulePolicy":{"schedulePolicyType":"SimpleSchedulePolicy","scheduleRunFrequency":"Daily","scheduleRunTimes":["2021-09-20T21:30:00Z"],"scheduleWeeklyFrequency":0},"retentionPolicy":{"retentionPolicyType":"LongTermRetentionPolicy","dailySchedule":{"retentionTimes":["2021-09-20T21:30:00Z"],"retentionDuration":{"count":30,"durationType":"Days"}}},"timeZone":"UTC","protectedItemsCount":0}}'
    headers:
      cache-control:
      - no-cache
      content-length:
      - '740'
      content-type:
      - application/json
      date:
      - Mon, 20 Sep 2021 11:58:39 GMT
      expires:
      - '-1'
      pragma:
      - no-cache
      server:
      - Microsoft-IIS/10.0
      strict-transport-security:
      - max-age=31536000; includeSubDomains
      transfer-encoding:
      - chunked
      vary:
      - Accept-Encoding
      x-content-type-options:
      - nosniff
      x-ms-ratelimit-remaining-subscription-writes:
      - '1198'
      x-powered-by:
      - ASP.NET
    status:
      code: 200
      message: OK
- request:
    body: null
    headers:
      Accept:
      - application/json
      Accept-Encoding:
      - gzip, deflate
      CommandName:
      - backup protection enable-for-azurefileshare
      Connection:
      - keep-alive
      ParameterSetName:
      - -g -v --azure-file-share --storage-account -p
      User-Agent:
      - python/3.8.5 (Windows-10-10.0.19041-SP0) msrest/0.6.21 msrest_azure/0.6.4
        azure-mgmt-recoveryservicesbackup/0.14.0 Azure-SDK-For-Python AZURECLI/2.28.1
      accept-language:
      - en-US
    method: GET
    uri: https://management.azure.com/subscriptions/00000000-0000-0000-0000-000000000000/resourceGroups/clitest.rg000001/providers/Microsoft.RecoveryServices/vaults/clitest-vault000002/backupProtectionContainers?api-version=2021-07-01&$filter=backupManagementType%20eq%20%27AzureStorage%27%20and%20status%20eq%20%27Registered%27
  response:
    body:
      string: '{"value":[]}'
    headers:
      cache-control:
      - no-cache
      content-length:
      - '12'
      content-type:
      - application/json
      date:
      - Mon, 20 Sep 2021 11:58:39 GMT
      expires:
      - '-1'
      pragma:
      - no-cache
      server:
      - Microsoft-IIS/10.0
      strict-transport-security:
      - max-age=31536000; includeSubDomains
      transfer-encoding:
      - chunked
      vary:
      - Accept-Encoding
      x-content-type-options:
      - nosniff
      x-ms-ratelimit-remaining-subscription-resource-requests:
      - '149'
      x-powered-by:
      - ASP.NET
    status:
      code: 200
      message: OK
- request:
    body: null
    headers:
      Accept:
      - application/json
      Accept-Encoding:
      - gzip, deflate
      CommandName:
      - backup protection enable-for-azurefileshare
      Connection:
      - keep-alive
      ParameterSetName:
      - -g -v --azure-file-share --storage-account -p
      User-Agent:
      - python/3.8.5 (Windows-10-10.0.19041-SP0) msrest/0.6.21 msrest_azure/0.6.4
        azure-mgmt-recoveryservicesbackup/0.14.0 Azure-SDK-For-Python AZURECLI/2.28.1
      accept-language:
      - en-US
    method: GET
    uri: https://management.azure.com/subscriptions/00000000-0000-0000-0000-000000000000/resourceGroups/clitest.rg000001/providers/Microsoft.RecoveryServices/vaults/clitest-vault000002/backupFabrics/Azure/protectableContainers?api-version=2021-07-01&$filter=backupManagementType%20eq%20%27AzureStorage%27
  response:
    body:
      string: '{"value":[{"id":"/subscriptions/00000000-0000-0000-0000-000000000000/resourceGroups/clitest.rg000001/providers/Microsoft.RecoveryServices/vaults/clitest-vault000002/backupFabrics/Azure/protectableContainers/StorageContainer;Storage;afstests;afsbackupsa","name":"StorageContainer;Storage;afstests;afsbackupsa","type":"Microsoft.RecoveryServices/vaults/backupFabrics/protectableContainers","properties":{"friendlyName":"afsbackupsa","backupManagementType":"AzureStorage","protectableContainerType":"StorageContainer","healthStatus":"Healthy","containerId":"/subscriptions/00000000-0000-0000-0000-000000000000/resourceGroups/afstests/providers/Microsoft.Storage/storageAccounts/afsbackupsa"}},{"id":"/subscriptions/00000000-0000-0000-0000-000000000000/resourceGroups/clitest.rg000001/providers/Microsoft.RecoveryServices/vaults/clitest-vault000002/backupFabrics/Azure/protectableContainers/StorageContainer;Storage;afstests;storageysci5wbex6jyc","name":"StorageContainer;Storage;afstests;storageysci5wbex6jyc","type":"Microsoft.RecoveryServices/vaults/backupFabrics/protectableContainers","properties":{"friendlyName":"storageysci5wbex6jyc","backupManagementType":"AzureStorage","protectableContainerType":"StorageContainer","healthStatus":"Healthy","containerId":"/subscriptions/00000000-0000-0000-0000-000000000000/resourceGroups/afstests/providers/Microsoft.Storage/storageAccounts/storageysci5wbex6jyc"}},{"id":"/subscriptions/00000000-0000-0000-0000-000000000000/resourceGroups/clitest.rg000001/providers/Microsoft.RecoveryServices/vaults/clitest-vault000002/backupFabrics/Azure/protectableContainers/StorageContainer;Storage;cmk.system;cmkautomationstore","name":"StorageContainer;Storage;cmk.system;cmkautomationstore","type":"Microsoft.RecoveryServices/vaults/backupFabrics/protectableContainers","properties":{"friendlyName":"cmkautomationstore","backupManagementType":"AzureStorage","protectableContainerType":"StorageContainer","healthStatus":"Healthy","containerId":"/subscriptions/00000000-0000-0000-0000-000000000000/resourceGroups/cmk.system/providers/Microsoft.Storage/storageAccounts/cmkautomationstore"}},{"id":"/subscriptions/00000000-0000-0000-0000-000000000000/resourceGroups/clitest.rg000001/providers/Microsoft.RecoveryServices/vaults/clitest-vault000002/backupFabrics/Azure/protectableContainers/StorageContainer;Storage;iaasvm.encryptedvm;iaasvmencryptedvmdiag170","name":"StorageContainer;Storage;iaasvm.encryptedvm;iaasvmencryptedvmdiag170","type":"Microsoft.RecoveryServices/vaults/backupFabrics/protectableContainers","properties":{"friendlyName":"iaasvmencryptedvmdiag170","backupManagementType":"AzureStorage","protectableContainerType":"StorageContainer","healthStatus":"Healthy","containerId":"/subscriptions/00000000-0000-0000-0000-000000000000/resourceGroups/iaasvm.encryptedvm/providers/Microsoft.Storage/storageAccounts/iaasvmencryptedvmdiag170"}},{"id":"/subscriptions/00000000-0000-0000-0000-000000000000/resourceGroups/clitest.rg000001/providers/Microsoft.RecoveryServices/vaults/clitest-vault000002/backupFabrics/Azure/protectableContainers/StorageContainer;Storage;iaasvm.existing;iaasextstore1","name":"StorageContainer;Storage;iaasvm.existing;iaasextstore1","type":"Microsoft.RecoveryServices/vaults/backupFabrics/protectableContainers","properties":{"friendlyName":"iaasextstore1","backupManagementType":"AzureStorage","protectableContainerType":"StorageContainer","healthStatus":"Healthy","containerId":"/subscriptions/00000000-0000-0000-0000-000000000000/resourceGroups/iaasvm.existing/providers/Microsoft.Storage/storageAccounts/iaasextstore1"}},{"id":"/subscriptions/00000000-0000-0000-0000-000000000000/resourceGroups/clitest.rg000001/providers/Microsoft.RecoveryServices/vaults/clitest-vault000002/backupFabrics/Azure/protectableContainers/StorageContainer;Storage;iaasvm.new;iaasvmnewdiag1","name":"StorageContainer;Storage;iaasvm.new;iaasvmnewdiag1","type":"Microsoft.RecoveryServices/vaults/backupFabrics/protectableContainers","properties":{"friendlyName":"iaasvmnewdiag1","backupManagementType":"AzureStorage","protectableContainerType":"StorageContainer","healthStatus":"Healthy","containerId":"/subscriptions/00000000-0000-0000-0000-000000000000/resourceGroups/iaasvm.new/providers/Microsoft.Storage/storageAccounts/iaasvmnewdiag1"}},{"id":"/subscriptions/00000000-0000-0000-0000-000000000000/resourceGroups/clitest.rg000001/providers/Microsoft.RecoveryServices/vaults/clitest-vault000002/backupFabrics/Azure/protectableContainers/StorageContainer;Storage;iaasvmhanaworkload.existing;iaasvmhanaworkloadexisti","name":"StorageContainer;Storage;iaasvmhanaworkload.existing;iaasvmhanaworkloadexisti","type":"Microsoft.RecoveryServices/vaults/backupFabrics/protectableContainers","properties":{"friendlyName":"iaasvmhanaworkloadexisti","backupManagementType":"AzureStorage","protectableContainerType":"StorageContainer","healthStatus":"Healthy","containerId":"/subscriptions/00000000-0000-0000-0000-000000000000/resourceGroups/iaasvmhanaworkload.existing/providers/Microsoft.Storage/storageAccounts/iaasvmhanaworkloadexisti"}},{"id":"/subscriptions/00000000-0000-0000-0000-000000000000/resourceGroups/clitest.rg000001/providers/Microsoft.RecoveryServices/vaults/clitest-vault000002/backupFabrics/Azure/protectableContainers/StorageContainer;Storage;pscloudtestrg;pscloudtestrgdiag","name":"StorageContainer;Storage;pscloudtestrg;pscloudtestrgdiag","type":"Microsoft.RecoveryServices/vaults/backupFabrics/protectableContainers","properties":{"friendlyName":"pscloudtestrgdiag","backupManagementType":"AzureStorage","protectableContainerType":"StorageContainer","healthStatus":"Healthy","containerId":"/subscriptions/00000000-0000-0000-0000-000000000000/resourceGroups/pscloudtestrg/providers/Microsoft.Storage/storageAccounts/pscloudtestrgdiag"}},{"id":"/subscriptions/00000000-0000-0000-0000-000000000000/resourceGroups/clitest.rg000001/providers/Microsoft.RecoveryServices/vaults/clitest-vault000002/backupFabrics/Azure/protectableContainers/StorageContainer;Storage;PSTestRG1e5a278b;pstestsa1e5a278b","name":"StorageContainer;Storage;PSTestRG1e5a278b;pstestsa1e5a278b","type":"Microsoft.RecoveryServices/vaults/backupFabrics/protectableContainers","properties":{"friendlyName":"pstestsa1e5a278b","backupManagementType":"AzureStorage","protectableContainerType":"StorageContainer","healthStatus":"Healthy","containerId":"/subscriptions/00000000-0000-0000-0000-000000000000/resourceGroups/PSTestRG1e5a278b/providers/Microsoft.Storage/storageAccounts/pstestsa1e5a278b"}},{"id":"/subscriptions/00000000-0000-0000-0000-000000000000/resourceGroups/clitest.rg000001/providers/Microsoft.RecoveryServices/vaults/clitest-vault000002/backupFabrics/Azure/protectableContainers/StorageContainer;Storage;PSTestRG54bdf8da;pstestsa54bdf8da","name":"StorageContainer;Storage;PSTestRG54bdf8da;pstestsa54bdf8da","type":"Microsoft.RecoveryServices/vaults/backupFabrics/protectableContainers","properties":{"friendlyName":"pstestsa54bdf8da","backupManagementType":"AzureStorage","protectableContainerType":"StorageContainer","healthStatus":"Healthy","containerId":"/subscriptions/00000000-0000-0000-0000-000000000000/resourceGroups/PSTestRG54bdf8da/providers/Microsoft.Storage/storageAccounts/pstestsa54bdf8da"}},{"id":"/subscriptions/00000000-0000-0000-0000-000000000000/resourceGroups/clitest.rg000001/providers/Microsoft.RecoveryServices/vaults/clitest-vault000002/backupFabrics/Azure/protectableContainers/StorageContainer;Storage;PSTestRG59e1706f;pstestsa59e1706f","name":"StorageContainer;Storage;PSTestRG59e1706f;pstestsa59e1706f","type":"Microsoft.RecoveryServices/vaults/backupFabrics/protectableContainers","properties":{"friendlyName":"pstestsa59e1706f","backupManagementType":"AzureStorage","protectableContainerType":"StorageContainer","healthStatus":"Healthy","containerId":"/subscriptions/00000000-0000-0000-0000-000000000000/resourceGroups/PSTestRG59e1706f/providers/Microsoft.Storage/storageAccounts/pstestsa59e1706f"}},{"id":"/subscriptions/00000000-0000-0000-0000-000000000000/resourceGroups/clitest.rg000001/providers/Microsoft.RecoveryServices/vaults/clitest-vault000002/backupFabrics/Azure/protectableContainers/StorageContainer;Storage;pstestrg8895;pstestsa8895","name":"StorageContainer;Storage;pstestrg8895;pstestsa8895","type":"Microsoft.RecoveryServices/vaults/backupFabrics/protectableContainers","properties":{"friendlyName":"pstestsa8895","backupManagementType":"AzureStorage","protectableContainerType":"StorageContainer","healthStatus":"Healthy","containerId":"/subscriptions/00000000-0000-0000-0000-000000000000/resourceGroups/pstestrg8895/providers/Microsoft.Storage/storageAccounts/pstestsa8895"}},{"id":"/subscriptions/00000000-0000-0000-0000-000000000000/resourceGroups/clitest.rg000001/providers/Microsoft.RecoveryServices/vaults/clitest-vault000002/backupFabrics/Azure/protectableContainers/StorageContainer;Storage;pstestrg8895;pstesttargetsa8895","name":"StorageContainer;Storage;pstestrg8895;pstesttargetsa8895","type":"Microsoft.RecoveryServices/vaults/backupFabrics/protectableContainers","properties":{"friendlyName":"pstesttargetsa8895","backupManagementType":"AzureStorage","protectableContainerType":"StorageContainer","healthStatus":"Healthy","containerId":"/subscriptions/00000000-0000-0000-0000-000000000000/resourceGroups/pstestrg8895/providers/Microsoft.Storage/storageAccounts/pstesttargetsa8895"}},{"id":"/subscriptions/00000000-0000-0000-0000-000000000000/resourceGroups/clitest.rg000001/providers/Microsoft.RecoveryServices/vaults/clitest-vault000002/backupFabrics/Azure/protectableContainers/StorageContainer;Storage;pstestrg8895;pstesttargetsa8896","name":"StorageContainer;Storage;pstestrg8895;pstesttargetsa8896","type":"Microsoft.RecoveryServices/vaults/backupFabrics/protectableContainers","properties":{"friendlyName":"pstesttargetsa8896","backupManagementType":"AzureStorage","protectableContainerType":"StorageContainer","healthStatus":"Healthy","containerId":"/subscriptions/00000000-0000-0000-0000-000000000000/resourceGroups/pstestrg8895/providers/Microsoft.Storage/storageAccounts/pstesttargetsa8896"}}]}'
    headers:
      cache-control:
      - no-cache
      content-length:
      - '10232'
      content-type:
      - application/json
      date:
      - Mon, 20 Sep 2021 11:58:39 GMT
      expires:
      - '-1'
      pragma:
      - no-cache
      server:
      - Microsoft-IIS/10.0
      strict-transport-security:
      - max-age=31536000; includeSubDomains
      transfer-encoding:
      - chunked
      vary:
      - Accept-Encoding
      x-content-type-options:
      - nosniff
      x-ms-ratelimit-remaining-subscription-resource-requests:
      - '149'
      x-powered-by:
      - ASP.NET
    status:
      code: 200
      message: OK
- request:
    body: null
    headers:
      Accept:
      - application/json
      Accept-Encoding:
      - gzip, deflate
      CommandName:
      - backup protection enable-for-azurefileshare
      Connection:
      - keep-alive
      Content-Length:
      - '0'
      ParameterSetName:
      - -g -v --azure-file-share --storage-account -p
      User-Agent:
      - python/3.8.5 (Windows-10-10.0.19041-SP0) msrest/0.6.21 msrest_azure/0.6.4
        azure-mgmt-recoveryservicesbackup/0.14.0 Azure-SDK-For-Python AZURECLI/2.28.1
      accept-language:
      - en-US
    method: POST
    uri: https://management.azure.com/subscriptions/00000000-0000-0000-0000-000000000000/resourceGroups/clitest.rg000001/providers/Microsoft.RecoveryServices/vaults/clitest-vault000002/backupFabrics/Azure/refreshContainers?api-version=2021-07-01&$filter=backupManagementType%20eq%20%27AzureStorage%27
  response:
    body:
      string: ''
    headers:
      azure-asyncoperation:
      - https://management.azure.com/subscriptions/00000000-0000-0000-0000-000000000000/resourceGroups/clitest.rg000001/providers/Microsoft.RecoveryServices/vaults/clitest-vault000002/backupFabrics/Azure/operationsStatus/dd3d91fa-b20c-496b-842e-00533f3d75e3?api-version=2019-05-13-preview
      cache-control:
      - no-cache
      content-length:
      - '0'
      date:
      - Mon, 20 Sep 2021 11:58:41 GMT
      expires:
      - '-1'
      location:
      - https://management.azure.com/subscriptions/00000000-0000-0000-0000-000000000000/resourceGroups/clitest.rg000001/providers/Microsoft.RecoveryServices/vaults/clitest-vault000002/backupFabrics/Azure/operationResults/dd3d91fa-b20c-496b-842e-00533f3d75e3?api-version=2021-07-01
      pragma:
      - no-cache
      strict-transport-security:
      - max-age=31536000; includeSubDomains
      x-content-type-options:
      - nosniff
      x-ms-ratelimit-remaining-subscription-writes:
      - '1199'
      x-powered-by:
      - ASP.NET
    status:
      code: 202
      message: Accepted
- request:
    body: null
    headers:
      Accept:
      - application/json
      Accept-Encoding:
      - gzip, deflate
      CommandName:
      - backup protection enable-for-azurefileshare
      Connection:
      - keep-alive
      ParameterSetName:
      - -g -v --azure-file-share --storage-account -p
      User-Agent:
      - python/3.8.5 (Windows-10-10.0.19041-SP0) msrest/0.6.21 msrest_azure/0.6.4
        azure-mgmt-recoveryservicesbackup/0.14.0 Azure-SDK-For-Python AZURECLI/2.28.1
      accept-language:
      - en-US
    method: GET
    uri: https://management.azure.com/subscriptions/00000000-0000-0000-0000-000000000000/resourceGroups/clitest.rg000001/providers/Microsoft.RecoveryServices/vaults/clitest-vault000002/backupFabrics/Azure/operationResults/dd3d91fa-b20c-496b-842e-00533f3d75e3?api-version=2021-07-01
  response:
    body:
      string: ''
    headers:
      cache-control:
      - no-cache
      content-length:
      - '0'
      date:
      - Mon, 20 Sep 2021 11:58:41 GMT
      expires:
      - '-1'
      location:
      - https://management.azure.com/subscriptions/00000000-0000-0000-0000-000000000000/resourceGroups/clitest.rg000001/providers/Microsoft.RecoveryServices/vaults/clitest-vault000002/backupFabrics/Azure/operationResults/dd3d91fa-b20c-496b-842e-00533f3d75e3?api-version=2021-07-01
      pragma:
      - no-cache
      strict-transport-security:
      - max-age=31536000; includeSubDomains
      x-content-type-options:
      - nosniff
      x-ms-ratelimit-remaining-subscription-resource-requests:
      - '149'
      x-powered-by:
      - ASP.NET
    status:
      code: 202
      message: Accepted
- request:
    body: null
    headers:
      Accept:
      - application/json
      Accept-Encoding:
      - gzip, deflate
      CommandName:
      - backup protection enable-for-azurefileshare
      Connection:
      - keep-alive
      ParameterSetName:
      - -g -v --azure-file-share --storage-account -p
      User-Agent:
      - python/3.8.5 (Windows-10-10.0.19041-SP0) msrest/0.6.21 msrest_azure/0.6.4
        azure-mgmt-recoveryservicesbackup/0.14.0 Azure-SDK-For-Python AZURECLI/2.28.1
      accept-language:
      - en-US
    method: GET
    uri: https://management.azure.com/subscriptions/00000000-0000-0000-0000-000000000000/resourceGroups/clitest.rg000001/providers/Microsoft.RecoveryServices/vaults/clitest-vault000002/backupFabrics/Azure/operationResults/dd3d91fa-b20c-496b-842e-00533f3d75e3?api-version=2021-07-01
  response:
    body:
      string: ''
    headers:
      cache-control:
      - no-cache
      content-length:
      - '0'
      date:
      - Mon, 20 Sep 2021 11:58:47 GMT
      expires:
      - '-1'
      location:
      - https://management.azure.com/subscriptions/00000000-0000-0000-0000-000000000000/resourceGroups/clitest.rg000001/providers/Microsoft.RecoveryServices/vaults/clitest-vault000002/backupFabrics/Azure/operationResults/dd3d91fa-b20c-496b-842e-00533f3d75e3?api-version=2021-07-01
      pragma:
      - no-cache
      strict-transport-security:
      - max-age=31536000; includeSubDomains
      x-content-type-options:
      - nosniff
      x-ms-ratelimit-remaining-subscription-resource-requests:
      - '148'
      x-powered-by:
      - ASP.NET
    status:
      code: 202
      message: Accepted
- request:
    body: null
    headers:
      Accept:
      - application/json
      Accept-Encoding:
      - gzip, deflate
      CommandName:
      - backup protection enable-for-azurefileshare
      Connection:
      - keep-alive
      ParameterSetName:
      - -g -v --azure-file-share --storage-account -p
      User-Agent:
      - python/3.8.5 (Windows-10-10.0.19041-SP0) msrest/0.6.21 msrest_azure/0.6.4
        azure-mgmt-recoveryservicesbackup/0.14.0 Azure-SDK-For-Python AZURECLI/2.28.1
      accept-language:
      - en-US
    method: GET
    uri: https://management.azure.com/subscriptions/00000000-0000-0000-0000-000000000000/resourceGroups/clitest.rg000001/providers/Microsoft.RecoveryServices/vaults/clitest-vault000002/backupFabrics/Azure/operationResults/dd3d91fa-b20c-496b-842e-00533f3d75e3?api-version=2021-07-01
  response:
    body:
      string: ''
    headers:
      cache-control:
      - no-cache
      date:
      - Mon, 20 Sep 2021 11:58:52 GMT
      expires:
      - '-1'
      pragma:
      - no-cache
      strict-transport-security:
      - max-age=31536000; includeSubDomains
      x-content-type-options:
      - nosniff
      x-ms-ratelimit-remaining-subscription-resource-requests:
      - '147'
      x-powered-by:
      - ASP.NET
    status:
      code: 204
      message: No Content
- request:
    body: null
    headers:
      Accept:
      - application/json
      Accept-Encoding:
      - gzip, deflate
      CommandName:
      - backup protection enable-for-azurefileshare
      Connection:
      - keep-alive
      ParameterSetName:
      - -g -v --azure-file-share --storage-account -p
      User-Agent:
      - python/3.8.5 (Windows-10-10.0.19041-SP0) msrest/0.6.21 msrest_azure/0.6.4
        azure-mgmt-recoveryservicesbackup/0.14.0 Azure-SDK-For-Python AZURECLI/2.28.1
      accept-language:
      - en-US
    method: GET
    uri: https://management.azure.com/subscriptions/00000000-0000-0000-0000-000000000000/resourceGroups/clitest.rg000001/providers/Microsoft.RecoveryServices/vaults/clitest-vault000002/backupFabrics/Azure/protectableContainers?api-version=2021-07-01&$filter=backupManagementType%20eq%20%27AzureStorage%27
  response:
    body:
      string: '{"value":[{"id":"/subscriptions/00000000-0000-0000-0000-000000000000/resourceGroups/clitest.rg000001/providers/Microsoft.RecoveryServices/vaults/clitest-vault000002/backupFabrics/Azure/protectableContainers/StorageContainer;Storage;afstests;afsbackupsa","name":"StorageContainer;Storage;afstests;afsbackupsa","type":"Microsoft.RecoveryServices/vaults/backupFabrics/protectableContainers","properties":{"friendlyName":"afsbackupsa","backupManagementType":"AzureStorage","protectableContainerType":"StorageContainer","healthStatus":"Healthy","containerId":"/subscriptions/00000000-0000-0000-0000-000000000000/resourceGroups/afstests/providers/Microsoft.Storage/storageAccounts/afsbackupsa"}},{"id":"/subscriptions/00000000-0000-0000-0000-000000000000/resourceGroups/clitest.rg000001/providers/Microsoft.RecoveryServices/vaults/clitest-vault000002/backupFabrics/Azure/protectableContainers/StorageContainer;Storage;afstests;storageysci5wbex6jyc","name":"StorageContainer;Storage;afstests;storageysci5wbex6jyc","type":"Microsoft.RecoveryServices/vaults/backupFabrics/protectableContainers","properties":{"friendlyName":"storageysci5wbex6jyc","backupManagementType":"AzureStorage","protectableContainerType":"StorageContainer","healthStatus":"Healthy","containerId":"/subscriptions/00000000-0000-0000-0000-000000000000/resourceGroups/afstests/providers/Microsoft.Storage/storageAccounts/storageysci5wbex6jyc"}},{"id":"/subscriptions/00000000-0000-0000-0000-000000000000/resourceGroups/clitest.rg000001/providers/Microsoft.RecoveryServices/vaults/clitest-vault000002/backupFabrics/Azure/protectableContainers/StorageContainer;Storage;clitest.rgau4fdjh4ff;clitestui23xf3phwmfsbzph","name":"StorageContainer;Storage;clitest.rgau4fdjh4ff;clitestui23xf3phwmfsbzph","type":"Microsoft.RecoveryServices/vaults/backupFabrics/protectableContainers","properties":{"friendlyName":"clitestui23xf3phwmfsbzph","backupManagementType":"AzureStorage","protectableContainerType":"StorageContainer","healthStatus":"Healthy","containerId":"/subscriptions/00000000-0000-0000-0000-000000000000/resourceGroups/clitest.rgau4fdjh4ff/providers/Microsoft.Storage/storageAccounts/clitestui23xf3phwmfsbzph"}},{"id":"/subscriptions/00000000-0000-0000-0000-000000000000/resourceGroups/clitest.rg000001/providers/Microsoft.RecoveryServices/vaults/clitest-vault000002/backupFabrics/Azure/protectableContainers/StorageContainer;Storage;clitest.rgblnzbpft6i;clitestgyhqlfld4cw247lci","name":"StorageContainer;Storage;clitest.rgblnzbpft6i;clitestgyhqlfld4cw247lci","type":"Microsoft.RecoveryServices/vaults/backupFabrics/protectableContainers","properties":{"friendlyName":"clitestgyhqlfld4cw247lci","backupManagementType":"AzureStorage","protectableContainerType":"StorageContainer","healthStatus":"Healthy","containerId":"/subscriptions/00000000-0000-0000-0000-000000000000/resourceGroups/clitest.rgblnzbpft6i/providers/Microsoft.Storage/storageAccounts/clitestgyhqlfld4cw247lci"}},{"id":"/subscriptions/00000000-0000-0000-0000-000000000000/resourceGroups/clitest.rg000001/providers/Microsoft.RecoveryServices/vaults/clitest-vault000002/backupFabrics/Azure/protectableContainers/StorageContainer;Storage;clitest.rg000001;clitest000003","name":"StorageContainer;Storage;clitest.rg000001;clitest000003","type":"Microsoft.RecoveryServices/vaults/backupFabrics/protectableContainers","properties":{"friendlyName":"clitest000003","backupManagementType":"AzureStorage","protectableContainerType":"StorageContainer","healthStatus":"Healthy","containerId":"/subscriptions/00000000-0000-0000-0000-000000000000/resourceGroups/clitest.rg000001/providers/Microsoft.Storage/storageAccounts/clitest000003"}},{"id":"/subscriptions/00000000-0000-0000-0000-000000000000/resourceGroups/clitest.rg000001/providers/Microsoft.RecoveryServices/vaults/clitest-vault000002/backupFabrics/Azure/protectableContainers/StorageContainer;Storage;clitest.rgr6wvau6peb;clitestm46relglj5nyudtpe","name":"StorageContainer;Storage;clitest.rgr6wvau6peb;clitestm46relglj5nyudtpe","type":"Microsoft.RecoveryServices/vaults/backupFabrics/protectableContainers","properties":{"friendlyName":"clitestm46relglj5nyudtpe","backupManagementType":"AzureStorage","protectableContainerType":"StorageContainer","healthStatus":"Healthy","containerId":"/subscriptions/00000000-0000-0000-0000-000000000000/resourceGroups/clitest.rgr6wvau6peb/providers/Microsoft.Storage/storageAccounts/clitestm46relglj5nyudtpe"}},{"id":"/subscriptions/00000000-0000-0000-0000-000000000000/resourceGroups/clitest.rg000001/providers/Microsoft.RecoveryServices/vaults/clitest-vault000002/backupFabrics/Azure/protectableContainers/StorageContainer;Storage;cmk.system;cmkautomationstore","name":"StorageContainer;Storage;cmk.system;cmkautomationstore","type":"Microsoft.RecoveryServices/vaults/backupFabrics/protectableContainers","properties":{"friendlyName":"cmkautomationstore","backupManagementType":"AzureStorage","protectableContainerType":"StorageContainer","healthStatus":"Healthy","containerId":"/subscriptions/00000000-0000-0000-0000-000000000000/resourceGroups/cmk.system/providers/Microsoft.Storage/storageAccounts/cmkautomationstore"}},{"id":"/subscriptions/00000000-0000-0000-0000-000000000000/resourceGroups/clitest.rg000001/providers/Microsoft.RecoveryServices/vaults/clitest-vault000002/backupFabrics/Azure/protectableContainers/StorageContainer;Storage;iaasvm.encryptedvm;iaasvmencryptedvmdiag170","name":"StorageContainer;Storage;iaasvm.encryptedvm;iaasvmencryptedvmdiag170","type":"Microsoft.RecoveryServices/vaults/backupFabrics/protectableContainers","properties":{"friendlyName":"iaasvmencryptedvmdiag170","backupManagementType":"AzureStorage","protectableContainerType":"StorageContainer","healthStatus":"Healthy","containerId":"/subscriptions/00000000-0000-0000-0000-000000000000/resourceGroups/iaasvm.encryptedvm/providers/Microsoft.Storage/storageAccounts/iaasvmencryptedvmdiag170"}},{"id":"/subscriptions/00000000-0000-0000-0000-000000000000/resourceGroups/clitest.rg000001/providers/Microsoft.RecoveryServices/vaults/clitest-vault000002/backupFabrics/Azure/protectableContainers/StorageContainer;Storage;iaasvm.existing;iaasextstore1","name":"StorageContainer;Storage;iaasvm.existing;iaasextstore1","type":"Microsoft.RecoveryServices/vaults/backupFabrics/protectableContainers","properties":{"friendlyName":"iaasextstore1","backupManagementType":"AzureStorage","protectableContainerType":"StorageContainer","healthStatus":"Healthy","containerId":"/subscriptions/00000000-0000-0000-0000-000000000000/resourceGroups/iaasvm.existing/providers/Microsoft.Storage/storageAccounts/iaasextstore1"}},{"id":"/subscriptions/00000000-0000-0000-0000-000000000000/resourceGroups/clitest.rg000001/providers/Microsoft.RecoveryServices/vaults/clitest-vault000002/backupFabrics/Azure/protectableContainers/StorageContainer;Storage;iaasvm.new;iaasvmnewdiag1","name":"StorageContainer;Storage;iaasvm.new;iaasvmnewdiag1","type":"Microsoft.RecoveryServices/vaults/backupFabrics/protectableContainers","properties":{"friendlyName":"iaasvmnewdiag1","backupManagementType":"AzureStorage","protectableContainerType":"StorageContainer","healthStatus":"Healthy","containerId":"/subscriptions/00000000-0000-0000-0000-000000000000/resourceGroups/iaasvm.new/providers/Microsoft.Storage/storageAccounts/iaasvmnewdiag1"}},{"id":"/subscriptions/00000000-0000-0000-0000-000000000000/resourceGroups/clitest.rg000001/providers/Microsoft.RecoveryServices/vaults/clitest-vault000002/backupFabrics/Azure/protectableContainers/StorageContainer;Storage;iaasvmhanaworkload.existing;iaasvmhanaworkloadexisti","name":"StorageContainer;Storage;iaasvmhanaworkload.existing;iaasvmhanaworkloadexisti","type":"Microsoft.RecoveryServices/vaults/backupFabrics/protectableContainers","properties":{"friendlyName":"iaasvmhanaworkloadexisti","backupManagementType":"AzureStorage","protectableContainerType":"StorageContainer","healthStatus":"Healthy","containerId":"/subscriptions/00000000-0000-0000-0000-000000000000/resourceGroups/iaasvmhanaworkload.existing/providers/Microsoft.Storage/storageAccounts/iaasvmhanaworkloadexisti"}},{"id":"/subscriptions/00000000-0000-0000-0000-000000000000/resourceGroups/clitest.rg000001/providers/Microsoft.RecoveryServices/vaults/clitest-vault000002/backupFabrics/Azure/protectableContainers/StorageContainer;Storage;pscloudtestrg;pscloudtestrgdiag","name":"StorageContainer;Storage;pscloudtestrg;pscloudtestrgdiag","type":"Microsoft.RecoveryServices/vaults/backupFabrics/protectableContainers","properties":{"friendlyName":"pscloudtestrgdiag","backupManagementType":"AzureStorage","protectableContainerType":"StorageContainer","healthStatus":"Healthy","containerId":"/subscriptions/00000000-0000-0000-0000-000000000000/resourceGroups/pscloudtestrg/providers/Microsoft.Storage/storageAccounts/pscloudtestrgdiag"}},{"id":"/subscriptions/00000000-0000-0000-0000-000000000000/resourceGroups/clitest.rg000001/providers/Microsoft.RecoveryServices/vaults/clitest-vault000002/backupFabrics/Azure/protectableContainers/StorageContainer;Storage;PSTestRG1e5a278b;pstestsa1e5a278b","name":"StorageContainer;Storage;PSTestRG1e5a278b;pstestsa1e5a278b","type":"Microsoft.RecoveryServices/vaults/backupFabrics/protectableContainers","properties":{"friendlyName":"pstestsa1e5a278b","backupManagementType":"AzureStorage","protectableContainerType":"StorageContainer","healthStatus":"Healthy","containerId":"/subscriptions/00000000-0000-0000-0000-000000000000/resourceGroups/PSTestRG1e5a278b/providers/Microsoft.Storage/storageAccounts/pstestsa1e5a278b"}},{"id":"/subscriptions/00000000-0000-0000-0000-000000000000/resourceGroups/clitest.rg000001/providers/Microsoft.RecoveryServices/vaults/clitest-vault000002/backupFabrics/Azure/protectableContainers/StorageContainer;Storage;PSTestRG54bdf8da;pstestsa54bdf8da","name":"StorageContainer;Storage;PSTestRG54bdf8da;pstestsa54bdf8da","type":"Microsoft.RecoveryServices/vaults/backupFabrics/protectableContainers","properties":{"friendlyName":"pstestsa54bdf8da","backupManagementType":"AzureStorage","protectableContainerType":"StorageContainer","healthStatus":"Healthy","containerId":"/subscriptions/00000000-0000-0000-0000-000000000000/resourceGroups/PSTestRG54bdf8da/providers/Microsoft.Storage/storageAccounts/pstestsa54bdf8da"}},{"id":"/subscriptions/00000000-0000-0000-0000-000000000000/resourceGroups/clitest.rg000001/providers/Microsoft.RecoveryServices/vaults/clitest-vault000002/backupFabrics/Azure/protectableContainers/StorageContainer;Storage;PSTestRG59e1706f;pstestsa59e1706f","name":"StorageContainer;Storage;PSTestRG59e1706f;pstestsa59e1706f","type":"Microsoft.RecoveryServices/vaults/backupFabrics/protectableContainers","properties":{"friendlyName":"pstestsa59e1706f","backupManagementType":"AzureStorage","protectableContainerType":"StorageContainer","healthStatus":"Healthy","containerId":"/subscriptions/00000000-0000-0000-0000-000000000000/resourceGroups/PSTestRG59e1706f/providers/Microsoft.Storage/storageAccounts/pstestsa59e1706f"}},{"id":"/subscriptions/00000000-0000-0000-0000-000000000000/resourceGroups/clitest.rg000001/providers/Microsoft.RecoveryServices/vaults/clitest-vault000002/backupFabrics/Azure/protectableContainers/StorageContainer;Storage;pstestrg8895;pstestsa8895","name":"StorageContainer;Storage;pstestrg8895;pstestsa8895","type":"Microsoft.RecoveryServices/vaults/backupFabrics/protectableContainers","properties":{"friendlyName":"pstestsa8895","backupManagementType":"AzureStorage","protectableContainerType":"StorageContainer","healthStatus":"Healthy","containerId":"/subscriptions/00000000-0000-0000-0000-000000000000/resourceGroups/pstestrg8895/providers/Microsoft.Storage/storageAccounts/pstestsa8895"}},{"id":"/subscriptions/00000000-0000-0000-0000-000000000000/resourceGroups/clitest.rg000001/providers/Microsoft.RecoveryServices/vaults/clitest-vault000002/backupFabrics/Azure/protectableContainers/StorageContainer;Storage;pstestrg8895;pstesttargetsa8895","name":"StorageContainer;Storage;pstestrg8895;pstesttargetsa8895","type":"Microsoft.RecoveryServices/vaults/backupFabrics/protectableContainers","properties":{"friendlyName":"pstesttargetsa8895","backupManagementType":"AzureStorage","protectableContainerType":"StorageContainer","healthStatus":"Healthy","containerId":"/subscriptions/00000000-0000-0000-0000-000000000000/resourceGroups/pstestrg8895/providers/Microsoft.Storage/storageAccounts/pstesttargetsa8895"}},{"id":"/subscriptions/00000000-0000-0000-0000-000000000000/resourceGroups/clitest.rg000001/providers/Microsoft.RecoveryServices/vaults/clitest-vault000002/backupFabrics/Azure/protectableContainers/StorageContainer;Storage;pstestrg8895;pstesttargetsa8896","name":"StorageContainer;Storage;pstestrg8895;pstesttargetsa8896","type":"Microsoft.RecoveryServices/vaults/backupFabrics/protectableContainers","properties":{"friendlyName":"pstesttargetsa8896","backupManagementType":"AzureStorage","protectableContainerType":"StorageContainer","healthStatus":"Healthy","containerId":"/subscriptions/00000000-0000-0000-0000-000000000000/resourceGroups/pstestrg8895/providers/Microsoft.Storage/storageAccounts/pstesttargetsa8896"}}]}'
    headers:
      cache-control:
      - no-cache
      content-length:
      - '13340'
      content-type:
      - application/json
      date:
      - Mon, 20 Sep 2021 11:58:52 GMT
      expires:
      - '-1'
      pragma:
      - no-cache
      server:
      - Microsoft-IIS/10.0
      strict-transport-security:
      - max-age=31536000; includeSubDomains
      transfer-encoding:
      - chunked
      vary:
      - Accept-Encoding
      x-content-type-options:
      - nosniff
      x-ms-ratelimit-remaining-subscription-resource-requests:
      - '149'
      x-powered-by:
      - ASP.NET
    status:
      code: 200
      message: OK
- request:
    body: '{"properties": {"backupManagementType": "AzureStorage", "containerType":
      "StorageContainer", "sourceResourceId": "/subscriptions/00000000-0000-0000-0000-000000000000/resourceGroups/clitest.rg000001/providers/Microsoft.Storage/storageAccounts/clitest000003"}}'
    headers:
      Accept:
      - application/json
      Accept-Encoding:
      - gzip, deflate
      CommandName:
      - backup protection enable-for-azurefileshare
      Connection:
      - keep-alive
      Content-Length:
      - '273'
      Content-Type:
      - application/json; charset=utf-8
      ParameterSetName:
      - -g -v --azure-file-share --storage-account -p
      User-Agent:
      - python/3.8.5 (Windows-10-10.0.19041-SP0) msrest/0.6.21 msrest_azure/0.6.4
        azure-mgmt-recoveryservicesbackup/0.14.0 Azure-SDK-For-Python AZURECLI/2.28.1
      accept-language:
      - en-US
    method: PUT
    uri: https://management.azure.com/subscriptions/00000000-0000-0000-0000-000000000000/resourceGroups/clitest.rg000001/providers/Microsoft.RecoveryServices/vaults/clitest-vault000002/backupFabrics/Azure/protectionContainers/StorageContainer%3BStorage%3Bclitest.rg000001%3Bclitest000003?api-version=2021-07-01
  response:
    body:
      string: '{}'
    headers:
      azure-asyncoperation:
      - https://management.azure.com/subscriptions/00000000-0000-0000-0000-000000000000/resourceGroups/clitest.rg000001/providers/Microsoft.RecoveryServices/vaults/clitest-vault000002/backupFabrics/Azure/protectionContainers/StorageContainer;Storage;clitest.rg000001;clitest000003/operationsStatus/6dfd4479-35e4-4b87-a9ec-fc0512d4a93a?api-version=2019-05-13-preview
      cache-control:
      - no-cache
      content-length:
      - '2'
      content-type:
      - application/json
      date:
      - Mon, 20 Sep 2021 11:58:53 GMT
      expires:
      - '-1'
      location:
      - https://management.azure.com/subscriptions/00000000-0000-0000-0000-000000000000/resourceGroups/clitest.rg000001/providers/Microsoft.RecoveryServices/vaults/clitest-vault000002/backupFabrics/Azure/protectionContainers/StorageContainer;Storage;clitest.rg000001;clitest000003/operationResults/6dfd4479-35e4-4b87-a9ec-fc0512d4a93a?api-version=2021-07-01
      pragma:
      - no-cache
      server:
      - Microsoft-IIS/10.0
      strict-transport-security:
      - max-age=31536000; includeSubDomains
      x-content-type-options:
      - nosniff
      x-ms-ratelimit-remaining-subscription-writes:
      - '1199'
      x-powered-by:
      - ASP.NET
    status:
      code: 202
      message: Accepted
- request:
    body: null
    headers:
      Accept:
      - application/json
      Accept-Encoding:
      - gzip, deflate
      CommandName:
      - backup protection enable-for-azurefileshare
      Connection:
      - keep-alive
      ParameterSetName:
      - -g -v --azure-file-share --storage-account -p
      User-Agent:
      - python/3.8.5 (Windows-10-10.0.19041-SP0) msrest/0.6.21 msrest_azure/0.6.4
        azure-mgmt-recoveryservicesbackup/0.14.0 Azure-SDK-For-Python AZURECLI/2.28.1
      accept-language:
      - en-US
    method: GET
    uri: https://management.azure.com/subscriptions/00000000-0000-0000-0000-000000000000/resourceGroups/clitest.rg000001/providers/Microsoft.RecoveryServices/vaults/clitest-vault000002/backupFabrics/Azure/protectionContainers/StorageContainer%3BStorage%3Bclitest.rg000001%3Bclitest000003/operationResults/6dfd4479-35e4-4b87-a9ec-fc0512d4a93a?api-version=2021-07-01
  response:
    body:
      string: '{}'
    headers:
      azure-asyncoperation:
      - https://management.azure.com/subscriptions/00000000-0000-0000-0000-000000000000/resourceGroups/clitest.rg000001/providers/Microsoft.RecoveryServices/vaults/clitest-vault000002/backupFabrics/Azure/protectionContainers/StorageContainer;Storage;clitest.rg000001;clitest000003/operationsStatus/6dfd4479-35e4-4b87-a9ec-fc0512d4a93a?api-version=2019-05-13-preview
      cache-control:
      - no-cache
      content-length:
      - '2'
      content-type:
      - application/json
      date:
      - Mon, 20 Sep 2021 11:58:53 GMT
      expires:
      - '-1'
      location:
      - https://management.azure.com/subscriptions/00000000-0000-0000-0000-000000000000/resourceGroups/clitest.rg000001/providers/Microsoft.RecoveryServices/vaults/clitest-vault000002/backupFabrics/Azure/protectionContainers/StorageContainer;Storage;clitest.rg000001;clitest000003/operationResults/6dfd4479-35e4-4b87-a9ec-fc0512d4a93a?api-version=2021-07-01
      pragma:
      - no-cache
      server:
      - Microsoft-IIS/10.0
      strict-transport-security:
      - max-age=31536000; includeSubDomains
      x-content-type-options:
      - nosniff
      x-ms-ratelimit-remaining-subscription-resource-requests:
      - '149'
      x-powered-by:
      - ASP.NET
    status:
      code: 202
      message: Accepted
- request:
    body: null
    headers:
      Accept:
      - application/json
      Accept-Encoding:
      - gzip, deflate
      CommandName:
      - backup protection enable-for-azurefileshare
      Connection:
      - keep-alive
      ParameterSetName:
      - -g -v --azure-file-share --storage-account -p
      User-Agent:
      - python/3.8.5 (Windows-10-10.0.19041-SP0) msrest/0.6.21 msrest_azure/0.6.4
        azure-mgmt-recoveryservicesbackup/0.14.0 Azure-SDK-For-Python AZURECLI/2.28.1
      accept-language:
      - en-US
    method: GET
    uri: https://management.azure.com/subscriptions/00000000-0000-0000-0000-000000000000/resourceGroups/clitest.rg000001/providers/Microsoft.RecoveryServices/vaults/clitest-vault000002/backupFabrics/Azure/protectionContainers/StorageContainer%3BStorage%3Bclitest.rg000001%3Bclitest000003/operationResults/6dfd4479-35e4-4b87-a9ec-fc0512d4a93a?api-version=2021-07-01
  response:
    body:
      string: '{}'
    headers:
      azure-asyncoperation:
      - https://management.azure.com/subscriptions/00000000-0000-0000-0000-000000000000/resourceGroups/clitest.rg000001/providers/Microsoft.RecoveryServices/vaults/clitest-vault000002/backupFabrics/Azure/protectionContainers/StorageContainer;Storage;clitest.rg000001;clitest000003/operationsStatus/6dfd4479-35e4-4b87-a9ec-fc0512d4a93a?api-version=2019-05-13-preview
      cache-control:
      - no-cache
      content-length:
      - '2'
      content-type:
      - application/json
      date:
      - Mon, 20 Sep 2021 11:58:58 GMT
      expires:
      - '-1'
      location:
      - https://management.azure.com/subscriptions/00000000-0000-0000-0000-000000000000/resourceGroups/clitest.rg000001/providers/Microsoft.RecoveryServices/vaults/clitest-vault000002/backupFabrics/Azure/protectionContainers/StorageContainer;Storage;clitest.rg000001;clitest000003/operationResults/6dfd4479-35e4-4b87-a9ec-fc0512d4a93a?api-version=2021-07-01
      pragma:
      - no-cache
      server:
      - Microsoft-IIS/10.0
      strict-transport-security:
      - max-age=31536000; includeSubDomains
      x-content-type-options:
      - nosniff
      x-ms-ratelimit-remaining-subscription-resource-requests:
      - '148'
      x-powered-by:
      - ASP.NET
    status:
      code: 202
      message: Accepted
- request:
    body: null
    headers:
      Accept:
      - application/json
      Accept-Encoding:
      - gzip, deflate
      CommandName:
      - backup protection enable-for-azurefileshare
      Connection:
      - keep-alive
      ParameterSetName:
      - -g -v --azure-file-share --storage-account -p
      User-Agent:
      - python/3.8.5 (Windows-10-10.0.19041-SP0) msrest/0.6.21 msrest_azure/0.6.4
        azure-mgmt-recoveryservicesbackup/0.14.0 Azure-SDK-For-Python AZURECLI/2.28.1
      accept-language:
      - en-US
    method: GET
    uri: https://management.azure.com/subscriptions/00000000-0000-0000-0000-000000000000/resourceGroups/clitest.rg000001/providers/Microsoft.RecoveryServices/vaults/clitest-vault000002/backupFabrics/Azure/protectionContainers/StorageContainer%3BStorage%3Bclitest.rg000001%3Bclitest000003/operationResults/6dfd4479-35e4-4b87-a9ec-fc0512d4a93a?api-version=2021-07-01
  response:
    body:
      string: '{}'
    headers:
      azure-asyncoperation:
      - https://management.azure.com/subscriptions/00000000-0000-0000-0000-000000000000/resourceGroups/clitest.rg000001/providers/Microsoft.RecoveryServices/vaults/clitest-vault000002/backupFabrics/Azure/protectionContainers/StorageContainer;Storage;clitest.rg000001;clitest000003/operationsStatus/6dfd4479-35e4-4b87-a9ec-fc0512d4a93a?api-version=2019-05-13-preview
      cache-control:
      - no-cache
      content-length:
      - '2'
      content-type:
      - application/json
      date:
      - Mon, 20 Sep 2021 11:59:04 GMT
      expires:
      - '-1'
      location:
      - https://management.azure.com/subscriptions/00000000-0000-0000-0000-000000000000/resourceGroups/clitest.rg000001/providers/Microsoft.RecoveryServices/vaults/clitest-vault000002/backupFabrics/Azure/protectionContainers/StorageContainer;Storage;clitest.rg000001;clitest000003/operationResults/6dfd4479-35e4-4b87-a9ec-fc0512d4a93a?api-version=2021-07-01
      pragma:
      - no-cache
      server:
      - Microsoft-IIS/10.0
      strict-transport-security:
      - max-age=31536000; includeSubDomains
      x-content-type-options:
      - nosniff
      x-ms-ratelimit-remaining-subscription-resource-requests:
      - '147'
      x-powered-by:
      - ASP.NET
    status:
      code: 202
      message: Accepted
- request:
    body: null
    headers:
      Accept:
      - application/json
      Accept-Encoding:
      - gzip, deflate
      CommandName:
      - backup protection enable-for-azurefileshare
      Connection:
      - keep-alive
      ParameterSetName:
      - -g -v --azure-file-share --storage-account -p
      User-Agent:
      - python/3.8.5 (Windows-10-10.0.19041-SP0) msrest/0.6.21 msrest_azure/0.6.4
        azure-mgmt-recoveryservicesbackup/0.14.0 Azure-SDK-For-Python AZURECLI/2.28.1
      accept-language:
      - en-US
    method: GET
    uri: https://management.azure.com/subscriptions/00000000-0000-0000-0000-000000000000/resourceGroups/clitest.rg000001/providers/Microsoft.RecoveryServices/vaults/clitest-vault000002/backupFabrics/Azure/protectionContainers/StorageContainer%3BStorage%3Bclitest.rg000001%3Bclitest000003/operationResults/6dfd4479-35e4-4b87-a9ec-fc0512d4a93a?api-version=2021-07-01
  response:
    body:
      string: '{}'
    headers:
      azure-asyncoperation:
      - https://management.azure.com/subscriptions/00000000-0000-0000-0000-000000000000/resourceGroups/clitest.rg000001/providers/Microsoft.RecoveryServices/vaults/clitest-vault000002/backupFabrics/Azure/protectionContainers/StorageContainer;Storage;clitest.rg000001;clitest000003/operationsStatus/6dfd4479-35e4-4b87-a9ec-fc0512d4a93a?api-version=2019-05-13-preview
      cache-control:
      - no-cache
      content-length:
      - '2'
      content-type:
      - application/json
      date:
      - Mon, 20 Sep 2021 11:59:10 GMT
      expires:
      - '-1'
      location:
      - https://management.azure.com/subscriptions/00000000-0000-0000-0000-000000000000/resourceGroups/clitest.rg000001/providers/Microsoft.RecoveryServices/vaults/clitest-vault000002/backupFabrics/Azure/protectionContainers/StorageContainer;Storage;clitest.rg000001;clitest000003/operationResults/6dfd4479-35e4-4b87-a9ec-fc0512d4a93a?api-version=2021-07-01
      pragma:
      - no-cache
      server:
      - Microsoft-IIS/10.0
      strict-transport-security:
      - max-age=31536000; includeSubDomains
      x-content-type-options:
      - nosniff
      x-ms-ratelimit-remaining-subscription-resource-requests:
      - '146'
      x-powered-by:
      - ASP.NET
    status:
      code: 202
      message: Accepted
- request:
    body: null
    headers:
      Accept:
      - application/json
      Accept-Encoding:
      - gzip, deflate
      CommandName:
      - backup protection enable-for-azurefileshare
      Connection:
      - keep-alive
      ParameterSetName:
      - -g -v --azure-file-share --storage-account -p
      User-Agent:
      - python/3.8.5 (Windows-10-10.0.19041-SP0) msrest/0.6.21 msrest_azure/0.6.4
        azure-mgmt-recoveryservicesbackup/0.14.0 Azure-SDK-For-Python AZURECLI/2.28.1
      accept-language:
      - en-US
    method: GET
    uri: https://management.azure.com/subscriptions/00000000-0000-0000-0000-000000000000/resourceGroups/clitest.rg000001/providers/Microsoft.RecoveryServices/vaults/clitest-vault000002/backupFabrics/Azure/protectionContainers/StorageContainer%3BStorage%3Bclitest.rg000001%3Bclitest000003/operationResults/6dfd4479-35e4-4b87-a9ec-fc0512d4a93a?api-version=2021-07-01
  response:
    body:
      string: '{}'
    headers:
      azure-asyncoperation:
      - https://management.azure.com/subscriptions/00000000-0000-0000-0000-000000000000/resourceGroups/clitest.rg000001/providers/Microsoft.RecoveryServices/vaults/clitest-vault000002/backupFabrics/Azure/protectionContainers/StorageContainer;Storage;clitest.rg000001;clitest000003/operationsStatus/6dfd4479-35e4-4b87-a9ec-fc0512d4a93a?api-version=2019-05-13-preview
      cache-control:
      - no-cache
      content-length:
      - '2'
      content-type:
      - application/json
      date:
      - Mon, 20 Sep 2021 11:59:15 GMT
      expires:
      - '-1'
      location:
      - https://management.azure.com/subscriptions/00000000-0000-0000-0000-000000000000/resourceGroups/clitest.rg000001/providers/Microsoft.RecoveryServices/vaults/clitest-vault000002/backupFabrics/Azure/protectionContainers/StorageContainer;Storage;clitest.rg000001;clitest000003/operationResults/6dfd4479-35e4-4b87-a9ec-fc0512d4a93a?api-version=2021-07-01
      pragma:
      - no-cache
      server:
      - Microsoft-IIS/10.0
      strict-transport-security:
      - max-age=31536000; includeSubDomains
      x-content-type-options:
      - nosniff
      x-ms-ratelimit-remaining-subscription-resource-requests:
      - '145'
      x-powered-by:
      - ASP.NET
    status:
      code: 202
      message: Accepted
- request:
    body: null
    headers:
      Accept:
      - application/json
      Accept-Encoding:
      - gzip, deflate
      CommandName:
      - backup protection enable-for-azurefileshare
      Connection:
      - keep-alive
      ParameterSetName:
      - -g -v --azure-file-share --storage-account -p
      User-Agent:
      - python/3.8.5 (Windows-10-10.0.19041-SP0) msrest/0.6.21 msrest_azure/0.6.4
        azure-mgmt-recoveryservicesbackup/0.14.0 Azure-SDK-For-Python AZURECLI/2.28.1
      accept-language:
      - en-US
    method: GET
    uri: https://management.azure.com/subscriptions/00000000-0000-0000-0000-000000000000/resourceGroups/clitest.rg000001/providers/Microsoft.RecoveryServices/vaults/clitest-vault000002/backupFabrics/Azure/protectionContainers/StorageContainer%3BStorage%3Bclitest.rg000001%3Bclitest000003/operationResults/6dfd4479-35e4-4b87-a9ec-fc0512d4a93a?api-version=2021-07-01
  response:
    body:
      string: '{}'
    headers:
      azure-asyncoperation:
      - https://management.azure.com/subscriptions/00000000-0000-0000-0000-000000000000/resourceGroups/clitest.rg000001/providers/Microsoft.RecoveryServices/vaults/clitest-vault000002/backupFabrics/Azure/protectionContainers/StorageContainer;Storage;clitest.rg000001;clitest000003/operationsStatus/6dfd4479-35e4-4b87-a9ec-fc0512d4a93a?api-version=2019-05-13-preview
      cache-control:
      - no-cache
      content-length:
      - '2'
      content-type:
      - application/json
      date:
      - Mon, 20 Sep 2021 11:59:20 GMT
      expires:
      - '-1'
      location:
      - https://management.azure.com/subscriptions/00000000-0000-0000-0000-000000000000/resourceGroups/clitest.rg000001/providers/Microsoft.RecoveryServices/vaults/clitest-vault000002/backupFabrics/Azure/protectionContainers/StorageContainer;Storage;clitest.rg000001;clitest000003/operationResults/6dfd4479-35e4-4b87-a9ec-fc0512d4a93a?api-version=2021-07-01
      pragma:
      - no-cache
      server:
      - Microsoft-IIS/10.0
      strict-transport-security:
      - max-age=31536000; includeSubDomains
      x-content-type-options:
      - nosniff
      x-ms-ratelimit-remaining-subscription-resource-requests:
      - '144'
      x-powered-by:
      - ASP.NET
    status:
      code: 202
      message: Accepted
- request:
    body: null
    headers:
      Accept:
      - application/json
      Accept-Encoding:
      - gzip, deflate
      CommandName:
      - backup protection enable-for-azurefileshare
      Connection:
      - keep-alive
      ParameterSetName:
      - -g -v --azure-file-share --storage-account -p
      User-Agent:
      - python/3.8.5 (Windows-10-10.0.19041-SP0) msrest/0.6.21 msrest_azure/0.6.4
        azure-mgmt-recoveryservicesbackup/0.14.0 Azure-SDK-For-Python AZURECLI/2.28.1
      accept-language:
      - en-US
    method: GET
    uri: https://management.azure.com/subscriptions/00000000-0000-0000-0000-000000000000/resourceGroups/clitest.rg000001/providers/Microsoft.RecoveryServices/vaults/clitest-vault000002/backupFabrics/Azure/protectionContainers/StorageContainer%3BStorage%3Bclitest.rg000001%3Bclitest000003/operationResults/6dfd4479-35e4-4b87-a9ec-fc0512d4a93a?api-version=2021-07-01
  response:
    body:
      string: '{}'
    headers:
      azure-asyncoperation:
      - https://management.azure.com/subscriptions/00000000-0000-0000-0000-000000000000/resourceGroups/clitest.rg000001/providers/Microsoft.RecoveryServices/vaults/clitest-vault000002/backupFabrics/Azure/protectionContainers/StorageContainer;Storage;clitest.rg000001;clitest000003/operationsStatus/6dfd4479-35e4-4b87-a9ec-fc0512d4a93a?api-version=2019-05-13-preview
      cache-control:
      - no-cache
      content-length:
      - '2'
      content-type:
      - application/json
      date:
      - Mon, 20 Sep 2021 11:59:25 GMT
      expires:
      - '-1'
      location:
      - https://management.azure.com/subscriptions/00000000-0000-0000-0000-000000000000/resourceGroups/clitest.rg000001/providers/Microsoft.RecoveryServices/vaults/clitest-vault000002/backupFabrics/Azure/protectionContainers/StorageContainer;Storage;clitest.rg000001;clitest000003/operationResults/6dfd4479-35e4-4b87-a9ec-fc0512d4a93a?api-version=2021-07-01
      pragma:
      - no-cache
      server:
      - Microsoft-IIS/10.0
      strict-transport-security:
      - max-age=31536000; includeSubDomains
      x-content-type-options:
      - nosniff
      x-ms-ratelimit-remaining-subscription-resource-requests:
      - '143'
      x-powered-by:
      - ASP.NET
    status:
      code: 202
      message: Accepted
- request:
    body: null
    headers:
      Accept:
      - application/json
      Accept-Encoding:
      - gzip, deflate
      CommandName:
      - backup protection enable-for-azurefileshare
      Connection:
      - keep-alive
      ParameterSetName:
      - -g -v --azure-file-share --storage-account -p
      User-Agent:
      - python/3.8.5 (Windows-10-10.0.19041-SP0) msrest/0.6.21 msrest_azure/0.6.4
        azure-mgmt-recoveryservicesbackup/0.14.0 Azure-SDK-For-Python AZURECLI/2.28.1
      accept-language:
      - en-US
    method: GET
    uri: https://management.azure.com/subscriptions/00000000-0000-0000-0000-000000000000/resourceGroups/clitest.rg000001/providers/Microsoft.RecoveryServices/vaults/clitest-vault000002/backupFabrics/Azure/protectionContainers/StorageContainer%3BStorage%3Bclitest.rg000001%3Bclitest000003/operationResults/6dfd4479-35e4-4b87-a9ec-fc0512d4a93a?api-version=2021-07-01
  response:
    body:
      string: '{}'
    headers:
      azure-asyncoperation:
      - https://management.azure.com/subscriptions/00000000-0000-0000-0000-000000000000/resourceGroups/clitest.rg000001/providers/Microsoft.RecoveryServices/vaults/clitest-vault000002/backupFabrics/Azure/protectionContainers/StorageContainer;Storage;clitest.rg000001;clitest000003/operationsStatus/6dfd4479-35e4-4b87-a9ec-fc0512d4a93a?api-version=2019-05-13-preview
      cache-control:
      - no-cache
      content-length:
      - '2'
      content-type:
      - application/json
      date:
      - Mon, 20 Sep 2021 11:59:30 GMT
      expires:
      - '-1'
      location:
      - https://management.azure.com/subscriptions/00000000-0000-0000-0000-000000000000/resourceGroups/clitest.rg000001/providers/Microsoft.RecoveryServices/vaults/clitest-vault000002/backupFabrics/Azure/protectionContainers/StorageContainer;Storage;clitest.rg000001;clitest000003/operationResults/6dfd4479-35e4-4b87-a9ec-fc0512d4a93a?api-version=2021-07-01
      pragma:
      - no-cache
      server:
      - Microsoft-IIS/10.0
      strict-transport-security:
      - max-age=31536000; includeSubDomains
      x-content-type-options:
      - nosniff
      x-ms-ratelimit-remaining-subscription-resource-requests:
      - '142'
      x-powered-by:
      - ASP.NET
    status:
      code: 202
      message: Accepted
- request:
    body: null
    headers:
      Accept:
      - application/json
      Accept-Encoding:
      - gzip, deflate
      CommandName:
      - backup protection enable-for-azurefileshare
      Connection:
      - keep-alive
      ParameterSetName:
      - -g -v --azure-file-share --storage-account -p
      User-Agent:
      - python/3.8.5 (Windows-10-10.0.19041-SP0) msrest/0.6.21 msrest_azure/0.6.4
        azure-mgmt-recoveryservicesbackup/0.14.0 Azure-SDK-For-Python AZURECLI/2.28.1
      accept-language:
      - en-US
    method: GET
    uri: https://management.azure.com/subscriptions/00000000-0000-0000-0000-000000000000/resourceGroups/clitest.rg000001/providers/Microsoft.RecoveryServices/vaults/clitest-vault000002/backupFabrics/Azure/protectionContainers/StorageContainer%3BStorage%3Bclitest.rg000001%3Bclitest000003/operationResults/6dfd4479-35e4-4b87-a9ec-fc0512d4a93a?api-version=2021-07-01
  response:
    body:
      string: '{}'
    headers:
      azure-asyncoperation:
      - https://management.azure.com/subscriptions/00000000-0000-0000-0000-000000000000/resourceGroups/clitest.rg000001/providers/Microsoft.RecoveryServices/vaults/clitest-vault000002/backupFabrics/Azure/protectionContainers/StorageContainer;Storage;clitest.rg000001;clitest000003/operationsStatus/6dfd4479-35e4-4b87-a9ec-fc0512d4a93a?api-version=2019-05-13-preview
      cache-control:
      - no-cache
      content-length:
      - '2'
      content-type:
      - application/json
      date:
      - Mon, 20 Sep 2021 11:59:36 GMT
      expires:
      - '-1'
      location:
      - https://management.azure.com/subscriptions/00000000-0000-0000-0000-000000000000/resourceGroups/clitest.rg000001/providers/Microsoft.RecoveryServices/vaults/clitest-vault000002/backupFabrics/Azure/protectionContainers/StorageContainer;Storage;clitest.rg000001;clitest000003/operationResults/6dfd4479-35e4-4b87-a9ec-fc0512d4a93a?api-version=2021-07-01
      pragma:
      - no-cache
      server:
      - Microsoft-IIS/10.0
      strict-transport-security:
      - max-age=31536000; includeSubDomains
      x-content-type-options:
      - nosniff
      x-ms-ratelimit-remaining-subscription-resource-requests:
      - '141'
      x-powered-by:
      - ASP.NET
    status:
      code: 202
      message: Accepted
- request:
    body: null
    headers:
      Accept:
      - application/json
      Accept-Encoding:
      - gzip, deflate
      CommandName:
      - backup protection enable-for-azurefileshare
      Connection:
      - keep-alive
      ParameterSetName:
      - -g -v --azure-file-share --storage-account -p
      User-Agent:
      - python/3.8.5 (Windows-10-10.0.19041-SP0) msrest/0.6.21 msrest_azure/0.6.4
        azure-mgmt-recoveryservicesbackup/0.14.0 Azure-SDK-For-Python AZURECLI/2.28.1
      accept-language:
      - en-US
    method: GET
    uri: https://management.azure.com/subscriptions/00000000-0000-0000-0000-000000000000/resourceGroups/clitest.rg000001/providers/Microsoft.RecoveryServices/vaults/clitest-vault000002/backupFabrics/Azure/protectionContainers/StorageContainer%3BStorage%3Bclitest.rg000001%3Bclitest000003/operationResults/6dfd4479-35e4-4b87-a9ec-fc0512d4a93a?api-version=2021-07-01
  response:
    body:
      string: '{}'
    headers:
      azure-asyncoperation:
      - https://management.azure.com/subscriptions/00000000-0000-0000-0000-000000000000/resourceGroups/clitest.rg000001/providers/Microsoft.RecoveryServices/vaults/clitest-vault000002/backupFabrics/Azure/protectionContainers/StorageContainer;Storage;clitest.rg000001;clitest000003/operationsStatus/6dfd4479-35e4-4b87-a9ec-fc0512d4a93a?api-version=2019-05-13-preview
      cache-control:
      - no-cache
      content-length:
      - '2'
      content-type:
      - application/json
      date:
      - Mon, 20 Sep 2021 11:59:41 GMT
      expires:
      - '-1'
      location:
      - https://management.azure.com/subscriptions/00000000-0000-0000-0000-000000000000/resourceGroups/clitest.rg000001/providers/Microsoft.RecoveryServices/vaults/clitest-vault000002/backupFabrics/Azure/protectionContainers/StorageContainer;Storage;clitest.rg000001;clitest000003/operationResults/6dfd4479-35e4-4b87-a9ec-fc0512d4a93a?api-version=2021-07-01
      pragma:
      - no-cache
      server:
      - Microsoft-IIS/10.0
      strict-transport-security:
      - max-age=31536000; includeSubDomains
      x-content-type-options:
      - nosniff
      x-ms-ratelimit-remaining-subscription-resource-requests:
      - '140'
      x-powered-by:
      - ASP.NET
    status:
      code: 202
      message: Accepted
- request:
    body: null
    headers:
      Accept:
      - application/json
      Accept-Encoding:
      - gzip, deflate
      CommandName:
      - backup protection enable-for-azurefileshare
      Connection:
      - keep-alive
      ParameterSetName:
      - -g -v --azure-file-share --storage-account -p
      User-Agent:
      - python/3.8.5 (Windows-10-10.0.19041-SP0) msrest/0.6.21 msrest_azure/0.6.4
        azure-mgmt-recoveryservicesbackup/0.14.0 Azure-SDK-For-Python AZURECLI/2.28.1
      accept-language:
      - en-US
    method: GET
    uri: https://management.azure.com/subscriptions/00000000-0000-0000-0000-000000000000/resourceGroups/clitest.rg000001/providers/Microsoft.RecoveryServices/vaults/clitest-vault000002/backupFabrics/Azure/protectionContainers/StorageContainer%3BStorage%3Bclitest.rg000001%3Bclitest000003/operationResults/6dfd4479-35e4-4b87-a9ec-fc0512d4a93a?api-version=2021-07-01
  response:
    body:
      string: '{}'
    headers:
      azure-asyncoperation:
      - https://management.azure.com/subscriptions/00000000-0000-0000-0000-000000000000/resourceGroups/clitest.rg000001/providers/Microsoft.RecoveryServices/vaults/clitest-vault000002/backupFabrics/Azure/protectionContainers/StorageContainer;Storage;clitest.rg000001;clitest000003/operationsStatus/6dfd4479-35e4-4b87-a9ec-fc0512d4a93a?api-version=2019-05-13-preview
      cache-control:
      - no-cache
      content-length:
      - '2'
      content-type:
      - application/json
      date:
      - Mon, 20 Sep 2021 11:59:46 GMT
      expires:
      - '-1'
      location:
      - https://management.azure.com/subscriptions/00000000-0000-0000-0000-000000000000/resourceGroups/clitest.rg000001/providers/Microsoft.RecoveryServices/vaults/clitest-vault000002/backupFabrics/Azure/protectionContainers/StorageContainer;Storage;clitest.rg000001;clitest000003/operationResults/6dfd4479-35e4-4b87-a9ec-fc0512d4a93a?api-version=2021-07-01
      pragma:
      - no-cache
      server:
      - Microsoft-IIS/10.0
      strict-transport-security:
      - max-age=31536000; includeSubDomains
      x-content-type-options:
      - nosniff
      x-ms-ratelimit-remaining-subscription-resource-requests:
      - '139'
      x-powered-by:
      - ASP.NET
    status:
      code: 202
      message: Accepted
- request:
    body: null
    headers:
      Accept:
      - application/json
      Accept-Encoding:
      - gzip, deflate
      CommandName:
      - backup protection enable-for-azurefileshare
      Connection:
      - keep-alive
      ParameterSetName:
      - -g -v --azure-file-share --storage-account -p
      User-Agent:
      - python/3.8.5 (Windows-10-10.0.19041-SP0) msrest/0.6.21 msrest_azure/0.6.4
        azure-mgmt-recoveryservicesbackup/0.14.0 Azure-SDK-For-Python AZURECLI/2.28.1
      accept-language:
      - en-US
    method: GET
    uri: https://management.azure.com/subscriptions/00000000-0000-0000-0000-000000000000/resourceGroups/clitest.rg000001/providers/Microsoft.RecoveryServices/vaults/clitest-vault000002/backupFabrics/Azure/protectionContainers/StorageContainer%3BStorage%3Bclitest.rg000001%3Bclitest000003/operationResults/6dfd4479-35e4-4b87-a9ec-fc0512d4a93a?api-version=2021-07-01
  response:
    body:
      string: '{}'
    headers:
      azure-asyncoperation:
      - https://management.azure.com/subscriptions/00000000-0000-0000-0000-000000000000/resourceGroups/clitest.rg000001/providers/Microsoft.RecoveryServices/vaults/clitest-vault000002/backupFabrics/Azure/protectionContainers/StorageContainer;Storage;clitest.rg000001;clitest000003/operationsStatus/6dfd4479-35e4-4b87-a9ec-fc0512d4a93a?api-version=2019-05-13-preview
      cache-control:
      - no-cache
      content-length:
      - '2'
      content-type:
      - application/json
      date:
      - Mon, 20 Sep 2021 11:59:51 GMT
      expires:
      - '-1'
      location:
      - https://management.azure.com/subscriptions/00000000-0000-0000-0000-000000000000/resourceGroups/clitest.rg000001/providers/Microsoft.RecoveryServices/vaults/clitest-vault000002/backupFabrics/Azure/protectionContainers/StorageContainer;Storage;clitest.rg000001;clitest000003/operationResults/6dfd4479-35e4-4b87-a9ec-fc0512d4a93a?api-version=2021-07-01
      pragma:
      - no-cache
      server:
      - Microsoft-IIS/10.0
      strict-transport-security:
      - max-age=31536000; includeSubDomains
      x-content-type-options:
      - nosniff
      x-ms-ratelimit-remaining-subscription-resource-requests:
      - '138'
      x-powered-by:
      - ASP.NET
    status:
      code: 202
      message: Accepted
- request:
    body: null
    headers:
      Accept:
      - application/json
      Accept-Encoding:
      - gzip, deflate
      CommandName:
      - backup protection enable-for-azurefileshare
      Connection:
      - keep-alive
      ParameterSetName:
      - -g -v --azure-file-share --storage-account -p
      User-Agent:
      - python/3.8.5 (Windows-10-10.0.19041-SP0) msrest/0.6.21 msrest_azure/0.6.4
        azure-mgmt-recoveryservicesbackup/0.14.0 Azure-SDK-For-Python AZURECLI/2.28.1
      accept-language:
      - en-US
    method: GET
    uri: https://management.azure.com/subscriptions/00000000-0000-0000-0000-000000000000/resourceGroups/clitest.rg000001/providers/Microsoft.RecoveryServices/vaults/clitest-vault000002/backupFabrics/Azure/protectionContainers/StorageContainer%3BStorage%3Bclitest.rg000001%3Bclitest000003/operationResults/6dfd4479-35e4-4b87-a9ec-fc0512d4a93a?api-version=2021-07-01
  response:
    body:
      string: '{}'
    headers:
      azure-asyncoperation:
      - https://management.azure.com/subscriptions/00000000-0000-0000-0000-000000000000/resourceGroups/clitest.rg000001/providers/Microsoft.RecoveryServices/vaults/clitest-vault000002/backupFabrics/Azure/protectionContainers/StorageContainer;Storage;clitest.rg000001;clitest000003/operationsStatus/6dfd4479-35e4-4b87-a9ec-fc0512d4a93a?api-version=2019-05-13-preview
      cache-control:
      - no-cache
      content-length:
      - '2'
      content-type:
      - application/json
      date:
      - Mon, 20 Sep 2021 11:59:56 GMT
      expires:
      - '-1'
      location:
      - https://management.azure.com/subscriptions/00000000-0000-0000-0000-000000000000/resourceGroups/clitest.rg000001/providers/Microsoft.RecoveryServices/vaults/clitest-vault000002/backupFabrics/Azure/protectionContainers/StorageContainer;Storage;clitest.rg000001;clitest000003/operationResults/6dfd4479-35e4-4b87-a9ec-fc0512d4a93a?api-version=2021-07-01
      pragma:
      - no-cache
      server:
      - Microsoft-IIS/10.0
      strict-transport-security:
      - max-age=31536000; includeSubDomains
      x-content-type-options:
      - nosniff
      x-ms-ratelimit-remaining-subscription-resource-requests:
      - '137'
      x-powered-by:
      - ASP.NET
    status:
      code: 202
      message: Accepted
- request:
    body: null
    headers:
      Accept:
      - application/json
      Accept-Encoding:
      - gzip, deflate
      CommandName:
      - backup protection enable-for-azurefileshare
      Connection:
      - keep-alive
      ParameterSetName:
      - -g -v --azure-file-share --storage-account -p
      User-Agent:
      - python/3.8.5 (Windows-10-10.0.19041-SP0) msrest/0.6.21 msrest_azure/0.6.4
        azure-mgmt-recoveryservicesbackup/0.14.0 Azure-SDK-For-Python AZURECLI/2.28.1
      accept-language:
      - en-US
    method: GET
    uri: https://management.azure.com/subscriptions/00000000-0000-0000-0000-000000000000/resourceGroups/clitest.rg000001/providers/Microsoft.RecoveryServices/vaults/clitest-vault000002/backupFabrics/Azure/protectionContainers/StorageContainer%3BStorage%3Bclitest.rg000001%3Bclitest000003/operationResults/6dfd4479-35e4-4b87-a9ec-fc0512d4a93a?api-version=2021-07-01
  response:
    body:
      string: '{"id":"/subscriptions/00000000-0000-0000-0000-000000000000/resourceGroups/clitest.rg000001/providers/Microsoft.RecoveryServices/vaults/clitest-vault000002/backupFabrics/Azure/protectionContainers/StorageContainer;Storage;clitest.rg000001;clitest000003","name":"StorageContainer;Storage;clitest.rg000001;clitest000003","properties":{"sourceResourceId":"/subscriptions/00000000-0000-0000-0000-000000000000/resourceGroups/clitest.rg000001/providers/Microsoft.Storage/storageAccounts/clitest000003","protectedItemCount":0,"acquireStorageAccountLock":"Acquire","friendlyName":"clitest000003","backupManagementType":"AzureStorage","registrationStatus":"Registered","healthStatus":"Healthy","containerType":"StorageContainer","protectableObjectType":"StorageContainer"}}'
    headers:
      cache-control:
      - no-cache
      content-length:
      - '828'
      content-type:
      - application/json
      date:
      - Mon, 20 Sep 2021 12:00:02 GMT
      expires:
      - '-1'
      pragma:
      - no-cache
      server:
      - Microsoft-IIS/10.0
      strict-transport-security:
      - max-age=31536000; includeSubDomains
      transfer-encoding:
      - chunked
      vary:
      - Accept-Encoding
      x-content-type-options:
      - nosniff
      x-ms-ratelimit-remaining-subscription-resource-requests:
      - '136'
      x-powered-by:
      - ASP.NET
    status:
      code: 200
      message: OK
- request:
    body: null
    headers:
      Accept:
      - application/json
      Accept-Encoding:
      - gzip, deflate
      CommandName:
      - backup protection enable-for-azurefileshare
      Connection:
      - keep-alive
      ParameterSetName:
      - -g -v --azure-file-share --storage-account -p
      User-Agent:
      - python/3.8.5 (Windows-10-10.0.19041-SP0) msrest/0.6.21 msrest_azure/0.6.4
        azure-mgmt-recoveryservicesbackup/0.14.0 Azure-SDK-For-Python AZURECLI/2.28.1
      accept-language:
      - en-US
    method: GET
    uri: https://management.azure.com/subscriptions/00000000-0000-0000-0000-000000000000/resourceGroups/clitest.rg000001/providers/Microsoft.RecoveryServices/vaults/clitest-vault000002/backupProtectableItems?api-version=2021-07-01&$filter=backupManagementType%20eq%20%27AzureStorage%27%20and%20workloadType%20eq%20%27AzureFileShare%27
  response:
    body:
      string: '{"value":[]}'
    headers:
      cache-control:
      - no-cache
      content-length:
      - '12'
      content-type:
      - application/json
      date:
      - Mon, 20 Sep 2021 12:00:03 GMT
      expires:
      - '-1'
      pragma:
      - no-cache
      server:
      - Microsoft-IIS/10.0
      strict-transport-security:
      - max-age=31536000; includeSubDomains
      transfer-encoding:
      - chunked
      vary:
      - Accept-Encoding
      x-content-type-options:
      - nosniff
      x-ms-ratelimit-remaining-subscription-resource-requests:
      - '149'
      x-powered-by:
      - ASP.NET
    status:
      code: 200
      message: OK
- request:
    body: null
    headers:
      Accept:
      - application/json
      Accept-Encoding:
      - gzip, deflate
      CommandName:
      - backup protection enable-for-azurefileshare
      Connection:
      - keep-alive
      Content-Length:
      - '0'
      ParameterSetName:
      - -g -v --azure-file-share --storage-account -p
      User-Agent:
      - python/3.8.5 (Windows-10-10.0.19041-SP0) msrest/0.6.21 msrest_azure/0.6.4
        azure-mgmt-recoveryservicesbackup/0.14.0 Azure-SDK-For-Python AZURECLI/2.28.1
      accept-language:
      - en-US
    method: POST
    uri: https://management.azure.com/subscriptions/00000000-0000-0000-0000-000000000000/resourceGroups/clitest.rg000001/providers/Microsoft.RecoveryServices/vaults/clitest-vault000002/backupFabrics/Azure/protectionContainers/StorageContainer%3BStorage%3Bclitest.rg000001%3Bclitest000003/inquire?api-version=2021-07-01&$filter=workloadType%20eq%20%27AzureFileShare%27
  response:
    body:
      string: ''
    headers:
      azure-asyncoperation:
      - https://management.azure.com/subscriptions/00000000-0000-0000-0000-000000000000/resourceGroups/clitest.rg000001/providers/Microsoft.RecoveryServices/vaults/clitest-vault000002/backupFabrics/Azure/protectionContainers/StorageContainer;Storage;clitest.rg000001;clitest000003/operationsStatus/0f3f6b11-9645-47ab-bc39-856f1d1a1a50?api-version=2019-05-13-preview
      cache-control:
      - no-cache
      content-length:
      - '0'
      date:
      - Mon, 20 Sep 2021 12:00:05 GMT
      expires:
      - '-1'
      location:
      - https://management.azure.com/subscriptions/00000000-0000-0000-0000-000000000000/resourceGroups/clitest.rg000001/providers/Microsoft.RecoveryServices/vaults/clitest-vault000002/backupFabrics/Azure/protectionContainers/StorageContainer;Storage;clitest.rg000001;clitest000003/operationResults/0f3f6b11-9645-47ab-bc39-856f1d1a1a50?api-version=2021-07-01
      pragma:
      - no-cache
      strict-transport-security:
      - max-age=31536000; includeSubDomains
      x-content-type-options:
      - nosniff
      x-ms-ratelimit-remaining-subscription-writes:
      - '1199'
      x-powered-by:
      - ASP.NET
    status:
      code: 202
      message: Accepted
- request:
    body: null
    headers:
      Accept:
      - application/json
      Accept-Encoding:
      - gzip, deflate
      CommandName:
      - backup protection enable-for-azurefileshare
      Connection:
      - keep-alive
      ParameterSetName:
      - -g -v --azure-file-share --storage-account -p
      User-Agent:
      - python/3.8.5 (Windows-10-10.0.19041-SP0) msrest/0.6.21 msrest_azure/0.6.4
        azure-mgmt-recoveryservicesbackup/0.14.0 Azure-SDK-For-Python AZURECLI/2.28.1
      accept-language:
      - en-US
    method: GET
    uri: https://management.azure.com/subscriptions/00000000-0000-0000-0000-000000000000/resourceGroups/clitest.rg000001/providers/Microsoft.RecoveryServices/vaults/clitest-vault000002/backupFabrics/Azure/protectionContainers/StorageContainer%3BStorage%3Bclitest.rg000001%3Bclitest000003/operationResults/0f3f6b11-9645-47ab-bc39-856f1d1a1a50?api-version=2021-07-01
  response:
    body:
      string: '{}'
    headers:
      azure-asyncoperation:
      - https://management.azure.com/subscriptions/00000000-0000-0000-0000-000000000000/resourceGroups/clitest.rg000001/providers/Microsoft.RecoveryServices/vaults/clitest-vault000002/backupFabrics/Azure/protectionContainers/StorageContainer;Storage;clitest.rg000001;clitest000003/operationsStatus/0f3f6b11-9645-47ab-bc39-856f1d1a1a50?api-version=2019-05-13-preview
      cache-control:
      - no-cache
      content-length:
      - '2'
      content-type:
      - application/json
      date:
      - Mon, 20 Sep 2021 12:00:05 GMT
      expires:
      - '-1'
      location:
      - https://management.azure.com/subscriptions/00000000-0000-0000-0000-000000000000/resourceGroups/clitest.rg000001/providers/Microsoft.RecoveryServices/vaults/clitest-vault000002/backupFabrics/Azure/protectionContainers/StorageContainer;Storage;clitest.rg000001;clitest000003/operationResults/0f3f6b11-9645-47ab-bc39-856f1d1a1a50?api-version=2021-07-01
      pragma:
      - no-cache
      server:
      - Microsoft-IIS/10.0
      strict-transport-security:
      - max-age=31536000; includeSubDomains
      x-content-type-options:
      - nosniff
      x-ms-ratelimit-remaining-subscription-resource-requests:
      - '149'
      x-powered-by:
      - ASP.NET
    status:
      code: 202
      message: Accepted
- request:
    body: null
    headers:
      Accept:
      - application/json
      Accept-Encoding:
      - gzip, deflate
      CommandName:
      - backup protection enable-for-azurefileshare
      Connection:
      - keep-alive
      ParameterSetName:
      - -g -v --azure-file-share --storage-account -p
      User-Agent:
      - python/3.8.5 (Windows-10-10.0.19041-SP0) msrest/0.6.21 msrest_azure/0.6.4
        azure-mgmt-recoveryservicesbackup/0.14.0 Azure-SDK-For-Python AZURECLI/2.28.1
      accept-language:
      - en-US
    method: GET
    uri: https://management.azure.com/subscriptions/00000000-0000-0000-0000-000000000000/resourceGroups/clitest.rg000001/providers/Microsoft.RecoveryServices/vaults/clitest-vault000002/backupFabrics/Azure/protectionContainers/StorageContainer%3BStorage%3Bclitest.rg000001%3Bclitest000003/operationResults/0f3f6b11-9645-47ab-bc39-856f1d1a1a50?api-version=2021-07-01
  response:
    body:
      string: ''
    headers:
      cache-control:
      - no-cache
      content-type:
      - application/json; charset=utf-8
      date:
      - Mon, 20 Sep 2021 12:00:11 GMT
      expires:
      - '-1'
      pragma:
      - no-cache
      strict-transport-security:
      - max-age=31536000; includeSubDomains
      x-content-type-options:
      - nosniff
      x-ms-ratelimit-remaining-subscription-resource-requests:
      - '148'
      x-powered-by:
      - ASP.NET
    status:
      code: 204
      message: No Content
- request:
    body: null
    headers:
      Accept:
      - application/json
      Accept-Encoding:
      - gzip, deflate
      CommandName:
      - backup protection enable-for-azurefileshare
      Connection:
      - keep-alive
      ParameterSetName:
      - -g -v --azure-file-share --storage-account -p
      User-Agent:
      - python/3.8.5 (Windows-10-10.0.19041-SP0) msrest/0.6.21 msrest_azure/0.6.4
        azure-mgmt-recoveryservicesbackup/0.14.0 Azure-SDK-For-Python AZURECLI/2.28.1
      accept-language:
      - en-US
    method: GET
    uri: https://management.azure.com/subscriptions/00000000-0000-0000-0000-000000000000/resourceGroups/clitest.rg000001/providers/Microsoft.RecoveryServices/vaults/clitest-vault000002/backupProtectableItems?api-version=2021-07-01&$filter=backupManagementType%20eq%20%27AzureStorage%27%20and%20workloadType%20eq%20%27AzureFileShare%27
  response:
    body:
      string: '{"value":[{"id":"/subscriptions/00000000-0000-0000-0000-000000000000/resourceGroups/clitest.rg000001/providers/Microsoft.RecoveryServices/vaults/clitest-vault000002/backupFabrics/Azure/protectionContainers/storagecontainer;storage;clitest.rg000001;clitest000003/protectableItems/azurefileshare;03ac3e18d50f460c4bc9e4a049de994910a696610c71f89edfa39675e7e820a6","name":"azurefileshare;03ac3e18d50f460c4bc9e4a049de994910a696610c71f89edfa39675e7e820a6","type":"Microsoft.RecoveryServices/vaults/backupFabrics/protectionContainers/protectableItems","properties":{"parentContainerFabricId":"/subscriptions/00000000-0000-0000-0000-000000000000/resourceGroups/clitest.rg000001/providers/Microsoft.Storage/storageAccounts/clitest000003","parentContainerFriendlyName":"clitest000003","azureFileShareType":"XSMB","backupManagementType":"AzureStorage","workloadType":"AzureFileShare","protectableItemType":"AzureFileShare","friendlyName":"clitest-item000004","protectionState":"NotProtected"}}]}'
    headers:
      cache-control:
      - no-cache
      content-length:
      - '1039'
      content-type:
      - application/json
      date:
      - Mon, 20 Sep 2021 12:00:11 GMT
      expires:
      - '-1'
      pragma:
      - no-cache
      server:
      - Microsoft-IIS/10.0
      strict-transport-security:
      - max-age=31536000; includeSubDomains
      transfer-encoding:
      - chunked
      vary:
      - Accept-Encoding
      x-content-type-options:
      - nosniff
      x-ms-ratelimit-remaining-subscription-resource-requests:
      - '148'
      x-powered-by:
      - ASP.NET
    status:
      code: 200
      message: OK
- request:
    body: null
    headers:
      Accept:
      - application/json
      Accept-Encoding:
      - gzip, deflate
      CommandName:
      - backup protection enable-for-azurefileshare
      Connection:
      - keep-alive
      ParameterSetName:
      - -g -v --azure-file-share --storage-account -p
      User-Agent:
      - python/3.8.5 (Windows-10-10.0.19041-SP0) msrest/0.6.21 msrest_azure/0.6.4
        azure-mgmt-recoveryservicesbackup/0.14.0 Azure-SDK-For-Python AZURECLI/2.28.1
      accept-language:
      - en-US
    method: GET
    uri: https://management.azure.com/subscriptions/00000000-0000-0000-0000-000000000000/resourceGroups/clitest.rg000001/providers/Microsoft.RecoveryServices/vaults/clitest-vault000002/backupPolicies/clitest-item000005?api-version=2021-07-01
  response:
    body:
      string: '{"id":"/subscriptions/00000000-0000-0000-0000-000000000000/resourceGroups/clitest.rg000001/providers/Microsoft.RecoveryServices/vaults/clitest-vault000002/backupPolicies/clitest-item000005","name":"clitest-item000005","type":"Microsoft.RecoveryServices/vaults/backupPolicies","properties":{"backupManagementType":"AzureStorage","schedulePolicy":{"schedulePolicyType":"SimpleSchedulePolicy","scheduleRunFrequency":"Daily","scheduleRunTimes":["2021-09-20T21:30:00Z"],"scheduleWeeklyFrequency":0},"retentionPolicy":{"retentionPolicyType":"LongTermRetentionPolicy","dailySchedule":{"retentionTimes":["2021-09-20T21:30:00Z"],"retentionDuration":{"count":30,"durationType":"Days"}}},"timeZone":"UTC","protectedItemsCount":0}}'
    headers:
      cache-control:
      - no-cache
      content-length:
      - '740'
      content-type:
      - application/json
      date:
      - Mon, 20 Sep 2021 12:00:12 GMT
      expires:
      - '-1'
      pragma:
      - no-cache
      server:
      - Microsoft-IIS/10.0
      strict-transport-security:
      - max-age=31536000; includeSubDomains
      transfer-encoding:
      - chunked
      vary:
      - Accept-Encoding
      x-content-type-options:
      - nosniff
      x-ms-ratelimit-remaining-subscription-resource-requests:
      - '149'
      x-powered-by:
      - ASP.NET
    status:
      code: 200
      message: OK
- request:
    body: '{"properties": {"sourceResourceId": "/subscriptions/00000000-0000-0000-0000-000000000000/resourceGroups/clitest.rg000001/providers/Microsoft.Storage/storageAccounts/clitest000003",
      "policyId": "/subscriptions/00000000-0000-0000-0000-000000000000/resourceGroups/clitest.rg000001/providers/Microsoft.RecoveryServices/vaults/clitest-vault000002/backupPolicies/clitest-item000005",
      "protectedItemType": "AzureFileShareProtectedItem"}}'
    headers:
      Accept:
      - application/json
      Accept-Encoding:
      - gzip, deflate
      CommandName:
      - backup protection enable-for-azurefileshare
      Connection:
      - keep-alive
      Content-Length:
      - '460'
      Content-Type:
      - application/json; charset=utf-8
      ParameterSetName:
      - -g -v --azure-file-share --storage-account -p
      User-Agent:
      - python/3.8.5 (Windows-10-10.0.19041-SP0) msrest/0.6.21 msrest_azure/0.6.4
        azure-mgmt-recoveryservicesbackup/0.14.0 Azure-SDK-For-Python AZURECLI/2.28.1
      accept-language:
      - en-US
    method: PUT
    uri: https://management.azure.com/subscriptions/00000000-0000-0000-0000-000000000000/resourceGroups/clitest.rg000001/providers/Microsoft.RecoveryServices/vaults/clitest-vault000002/backupFabrics/Azure/protectionContainers/storagecontainer%3Bstorage%3Bclitest.rg000001%3Bclitest000003/protectedItems/azurefileshare%3B03ac3e18d50f460c4bc9e4a049de994910a696610c71f89edfa39675e7e820a6?api-version=2021-07-01
  response:
    body:
      string: ''
    headers:
      azure-asyncoperation:
      - https://management.azure.com/subscriptions/00000000-0000-0000-0000-000000000000/resourceGroups/clitest.rg000001/providers/Microsoft.RecoveryServices/vaults/clitest-vault000002/backupFabrics/Azure/protectionContainers/storagecontainer;storage;clitest.rg000001;clitest000003/protectedItems/azurefileshare;03ac3e18d50f460c4bc9e4a049de994910a696610c71f89edfa39675e7e820a6/operationsStatus/a00b71ed-8041-4f37-8b4b-928235d02048?api-version=2021-07-01
      cache-control:
      - no-cache
      content-length:
      - '0'
      date:
      - Mon, 20 Sep 2021 12:00:12 GMT
      expires:
      - '-1'
      location:
      - https://management.azure.com/subscriptions/00000000-0000-0000-0000-000000000000/resourceGroups/clitest.rg000001/providers/Microsoft.RecoveryServices/vaults/clitest-vault000002/backupFabrics/Azure/protectionContainers/storagecontainer;storage;clitest.rg000001;clitest000003/protectedItems/azurefileshare;03ac3e18d50f460c4bc9e4a049de994910a696610c71f89edfa39675e7e820a6/operationResults/a00b71ed-8041-4f37-8b4b-928235d02048?api-version=2021-07-01
      pragma:
      - no-cache
      strict-transport-security:
      - max-age=31536000; includeSubDomains
      x-content-type-options:
      - nosniff
      x-ms-ratelimit-remaining-subscription-writes:
      - '1199'
      x-powered-by:
      - ASP.NET
    status:
      code: 202
      message: Accepted
- request:
    body: null
    headers:
      Accept:
      - application/json
      Accept-Encoding:
      - gzip, deflate
      CommandName:
      - backup protection enable-for-azurefileshare
      Connection:
      - keep-alive
      ParameterSetName:
      - -g -v --azure-file-share --storage-account -p
      User-Agent:
      - python/3.8.5 (Windows-10-10.0.19041-SP0) msrest/0.6.21 msrest_azure/0.6.4
        azure-mgmt-recoveryservicesbackup/0.14.0 Azure-SDK-For-Python AZURECLI/2.28.1
      accept-language:
      - en-US
    method: GET
    uri: https://management.azure.com/subscriptions/00000000-0000-0000-0000-000000000000/resourceGroups/clitest.rg000001/providers/Microsoft.RecoveryServices/vaults/clitest-vault000002/backupOperations/a00b71ed-8041-4f37-8b4b-928235d02048?api-version=2021-07-01
  response:
    body:
      string: '{"id":"a00b71ed-8041-4f37-8b4b-928235d02048","name":"a00b71ed-8041-4f37-8b4b-928235d02048","status":"InProgress","startTime":"2021-09-20T12:00:12.820194Z","endTime":"0001-01-01T00:00:00"}'
    headers:
      cache-control:
      - no-cache
      content-length:
      - '187'
      content-type:
      - application/json
      date:
      - Mon, 20 Sep 2021 12:00:12 GMT
      expires:
      - '-1'
      pragma:
      - no-cache
      server:
      - Microsoft-IIS/10.0
      strict-transport-security:
      - max-age=31536000; includeSubDomains
      transfer-encoding:
      - chunked
      vary:
      - Accept-Encoding
      x-content-type-options:
      - nosniff
      x-ms-ratelimit-remaining-subscription-resource-requests:
      - '149'
      x-powered-by:
      - ASP.NET
    status:
      code: 200
      message: OK
- request:
    body: null
    headers:
      Accept:
      - application/json
      Accept-Encoding:
      - gzip, deflate
      CommandName:
      - backup protection enable-for-azurefileshare
      Connection:
      - keep-alive
      ParameterSetName:
      - -g -v --azure-file-share --storage-account -p
      User-Agent:
      - python/3.8.5 (Windows-10-10.0.19041-SP0) msrest/0.6.21 msrest_azure/0.6.4
        azure-mgmt-recoveryservicesbackup/0.14.0 Azure-SDK-For-Python AZURECLI/2.28.1
      accept-language:
      - en-US
    method: GET
    uri: https://management.azure.com/subscriptions/00000000-0000-0000-0000-000000000000/resourceGroups/clitest.rg000001/providers/Microsoft.RecoveryServices/vaults/clitest-vault000002/backupOperations/a00b71ed-8041-4f37-8b4b-928235d02048?api-version=2021-07-01
  response:
    body:
      string: '{"id":"a00b71ed-8041-4f37-8b4b-928235d02048","name":"a00b71ed-8041-4f37-8b4b-928235d02048","status":"InProgress","startTime":"2021-09-20T12:00:12.820194Z","endTime":"0001-01-01T00:00:00"}'
    headers:
      cache-control:
      - no-cache
      content-length:
      - '187'
      content-type:
      - application/json
      date:
      - Mon, 20 Sep 2021 12:00:18 GMT
      expires:
      - '-1'
      pragma:
      - no-cache
      server:
      - Microsoft-IIS/10.0
      strict-transport-security:
      - max-age=31536000; includeSubDomains
      transfer-encoding:
      - chunked
      vary:
      - Accept-Encoding
      x-content-type-options:
      - nosniff
      x-ms-ratelimit-remaining-subscription-resource-requests:
      - '148'
      x-powered-by:
      - ASP.NET
    status:
      code: 200
      message: OK
- request:
    body: null
    headers:
      Accept:
      - application/json
      Accept-Encoding:
      - gzip, deflate
      CommandName:
      - backup protection enable-for-azurefileshare
      Connection:
      - keep-alive
      ParameterSetName:
      - -g -v --azure-file-share --storage-account -p
      User-Agent:
      - python/3.8.5 (Windows-10-10.0.19041-SP0) msrest/0.6.21 msrest_azure/0.6.4
        azure-mgmt-recoveryservicesbackup/0.14.0 Azure-SDK-For-Python AZURECLI/2.28.1
      accept-language:
      - en-US
    method: GET
    uri: https://management.azure.com/subscriptions/00000000-0000-0000-0000-000000000000/resourceGroups/clitest.rg000001/providers/Microsoft.RecoveryServices/vaults/clitest-vault000002/backupOperations/a00b71ed-8041-4f37-8b4b-928235d02048?api-version=2021-07-01
  response:
    body:
      string: '{"id":"a00b71ed-8041-4f37-8b4b-928235d02048","name":"a00b71ed-8041-4f37-8b4b-928235d02048","status":"InProgress","startTime":"2021-09-20T12:00:12.820194Z","endTime":"0001-01-01T00:00:00"}'
    headers:
      cache-control:
      - no-cache
      content-length:
      - '187'
      content-type:
      - application/json
      date:
      - Mon, 20 Sep 2021 12:00:23 GMT
      expires:
      - '-1'
      pragma:
      - no-cache
      server:
      - Microsoft-IIS/10.0
      strict-transport-security:
      - max-age=31536000; includeSubDomains
      transfer-encoding:
      - chunked
      vary:
      - Accept-Encoding
      x-content-type-options:
      - nosniff
      x-ms-ratelimit-remaining-subscription-resource-requests:
      - '146'
      x-powered-by:
      - ASP.NET
    status:
      code: 200
      message: OK
- request:
    body: null
    headers:
      Accept:
      - application/json
      Accept-Encoding:
      - gzip, deflate
      CommandName:
      - backup protection enable-for-azurefileshare
      Connection:
      - keep-alive
      ParameterSetName:
      - -g -v --azure-file-share --storage-account -p
      User-Agent:
      - python/3.8.5 (Windows-10-10.0.19041-SP0) msrest/0.6.21 msrest_azure/0.6.4
        azure-mgmt-recoveryservicesbackup/0.14.0 Azure-SDK-For-Python AZURECLI/2.28.1
      accept-language:
      - en-US
    method: GET
    uri: https://management.azure.com/subscriptions/00000000-0000-0000-0000-000000000000/resourceGroups/clitest.rg000001/providers/Microsoft.RecoveryServices/vaults/clitest-vault000002/backupOperations/a00b71ed-8041-4f37-8b4b-928235d02048?api-version=2021-07-01
  response:
    body:
      string: '{"id":"a00b71ed-8041-4f37-8b4b-928235d02048","name":"a00b71ed-8041-4f37-8b4b-928235d02048","status":"InProgress","startTime":"2021-09-20T12:00:12.820194Z","endTime":"0001-01-01T00:00:00"}'
    headers:
      cache-control:
      - no-cache
      content-length:
      - '187'
      content-type:
      - application/json
      date:
      - Mon, 20 Sep 2021 12:00:28 GMT
      expires:
      - '-1'
      pragma:
      - no-cache
      server:
      - Microsoft-IIS/10.0
      strict-transport-security:
      - max-age=31536000; includeSubDomains
      transfer-encoding:
      - chunked
      vary:
      - Accept-Encoding
      x-content-type-options:
      - nosniff
      x-ms-ratelimit-remaining-subscription-resource-requests:
      - '144'
      x-powered-by:
      - ASP.NET
    status:
      code: 200
      message: OK
- request:
    body: null
    headers:
      Accept:
      - application/json
      Accept-Encoding:
      - gzip, deflate
      CommandName:
      - backup protection enable-for-azurefileshare
      Connection:
      - keep-alive
      ParameterSetName:
      - -g -v --azure-file-share --storage-account -p
      User-Agent:
      - python/3.8.5 (Windows-10-10.0.19041-SP0) msrest/0.6.21 msrest_azure/0.6.4
        azure-mgmt-recoveryservicesbackup/0.14.0 Azure-SDK-For-Python AZURECLI/2.28.1
      accept-language:
      - en-US
    method: GET
    uri: https://management.azure.com/subscriptions/00000000-0000-0000-0000-000000000000/resourceGroups/clitest.rg000001/providers/Microsoft.RecoveryServices/vaults/clitest-vault000002/backupOperations/a00b71ed-8041-4f37-8b4b-928235d02048?api-version=2021-07-01
  response:
    body:
      string: '{"id":"a00b71ed-8041-4f37-8b4b-928235d02048","name":"a00b71ed-8041-4f37-8b4b-928235d02048","status":"InProgress","startTime":"2021-09-20T12:00:12.820194Z","endTime":"0001-01-01T00:00:00"}'
    headers:
      cache-control:
      - no-cache
      content-length:
      - '187'
      content-type:
      - application/json
      date:
      - Mon, 20 Sep 2021 12:00:34 GMT
      expires:
      - '-1'
      pragma:
      - no-cache
      server:
      - Microsoft-IIS/10.0
      strict-transport-security:
      - max-age=31536000; includeSubDomains
      transfer-encoding:
      - chunked
      vary:
      - Accept-Encoding
      x-content-type-options:
      - nosniff
      x-ms-ratelimit-remaining-subscription-resource-requests:
      - '142'
      x-powered-by:
      - ASP.NET
    status:
      code: 200
      message: OK
- request:
    body: null
    headers:
      Accept:
      - application/json
      Accept-Encoding:
      - gzip, deflate
      CommandName:
      - backup protection enable-for-azurefileshare
      Connection:
      - keep-alive
      ParameterSetName:
      - -g -v --azure-file-share --storage-account -p
      User-Agent:
      - python/3.8.5 (Windows-10-10.0.19041-SP0) msrest/0.6.21 msrest_azure/0.6.4
        azure-mgmt-recoveryservicesbackup/0.14.0 Azure-SDK-For-Python AZURECLI/2.28.1
      accept-language:
      - en-US
    method: GET
    uri: https://management.azure.com/subscriptions/00000000-0000-0000-0000-000000000000/resourceGroups/clitest.rg000001/providers/Microsoft.RecoveryServices/vaults/clitest-vault000002/backupOperations/a00b71ed-8041-4f37-8b4b-928235d02048?api-version=2021-07-01
  response:
    body:
      string: '{"id":"a00b71ed-8041-4f37-8b4b-928235d02048","name":"a00b71ed-8041-4f37-8b4b-928235d02048","status":"InProgress","startTime":"2021-09-20T12:00:12.820194Z","endTime":"0001-01-01T00:00:00"}'
    headers:
      cache-control:
      - no-cache
      content-length:
      - '187'
      content-type:
      - application/json
      date:
      - Mon, 20 Sep 2021 12:00:38 GMT
      expires:
      - '-1'
      pragma:
      - no-cache
      server:
      - Microsoft-IIS/10.0
      strict-transport-security:
      - max-age=31536000; includeSubDomains
      transfer-encoding:
      - chunked
      vary:
      - Accept-Encoding
      x-content-type-options:
      - nosniff
      x-ms-ratelimit-remaining-subscription-resource-requests:
      - '140'
      x-powered-by:
      - ASP.NET
    status:
      code: 200
      message: OK
- request:
    body: null
    headers:
      Accept:
      - application/json
      Accept-Encoding:
      - gzip, deflate
      CommandName:
      - backup protection enable-for-azurefileshare
      Connection:
      - keep-alive
      ParameterSetName:
      - -g -v --azure-file-share --storage-account -p
      User-Agent:
      - python/3.8.5 (Windows-10-10.0.19041-SP0) msrest/0.6.21 msrest_azure/0.6.4
        azure-mgmt-recoveryservicesbackup/0.14.0 Azure-SDK-For-Python AZURECLI/2.28.1
      accept-language:
      - en-US
    method: GET
    uri: https://management.azure.com/subscriptions/00000000-0000-0000-0000-000000000000/resourceGroups/clitest.rg000001/providers/Microsoft.RecoveryServices/vaults/clitest-vault000002/backupOperations/a00b71ed-8041-4f37-8b4b-928235d02048?api-version=2021-07-01
  response:
    body:
      string: '{"id":"a00b71ed-8041-4f37-8b4b-928235d02048","name":"a00b71ed-8041-4f37-8b4b-928235d02048","status":"InProgress","startTime":"2021-09-20T12:00:12.820194Z","endTime":"0001-01-01T00:00:00"}'
    headers:
      cache-control:
      - no-cache
      content-length:
      - '187'
      content-type:
      - application/json
      date:
      - Mon, 20 Sep 2021 12:00:44 GMT
      expires:
      - '-1'
      pragma:
      - no-cache
      server:
      - Microsoft-IIS/10.0
      strict-transport-security:
      - max-age=31536000; includeSubDomains
      transfer-encoding:
      - chunked
      vary:
      - Accept-Encoding
      x-content-type-options:
      - nosniff
      x-ms-ratelimit-remaining-subscription-resource-requests:
      - '138'
      x-powered-by:
      - ASP.NET
    status:
      code: 200
      message: OK
- request:
    body: null
    headers:
      Accept:
      - application/json
      Accept-Encoding:
      - gzip, deflate
      CommandName:
      - backup protection enable-for-azurefileshare
      Connection:
      - keep-alive
      ParameterSetName:
      - -g -v --azure-file-share --storage-account -p
      User-Agent:
      - python/3.8.5 (Windows-10-10.0.19041-SP0) msrest/0.6.21 msrest_azure/0.6.4
        azure-mgmt-recoveryservicesbackup/0.14.0 Azure-SDK-For-Python AZURECLI/2.28.1
      accept-language:
      - en-US
    method: GET
    uri: https://management.azure.com/subscriptions/00000000-0000-0000-0000-000000000000/resourceGroups/clitest.rg000001/providers/Microsoft.RecoveryServices/vaults/clitest-vault000002/backupOperations/a00b71ed-8041-4f37-8b4b-928235d02048?api-version=2021-07-01
  response:
    body:
      string: '{"id":"a00b71ed-8041-4f37-8b4b-928235d02048","name":"a00b71ed-8041-4f37-8b4b-928235d02048","status":"Succeeded","startTime":"2021-09-20T12:00:12.820194Z","endTime":"2021-09-20T12:00:12.820194Z","properties":{"objectType":"OperationStatusJobExtendedInfo","jobId":"c94482bc-010d-4a87-927e-86cb8854705d"}}'
    headers:
      cache-control:
      - no-cache
      content-length:
      - '302'
      content-type:
      - application/json
      date:
      - Mon, 20 Sep 2021 12:00:50 GMT
      expires:
      - '-1'
      pragma:
      - no-cache
      server:
      - Microsoft-IIS/10.0
      strict-transport-security:
      - max-age=31536000; includeSubDomains
      transfer-encoding:
      - chunked
      vary:
      - Accept-Encoding
      x-content-type-options:
      - nosniff
      x-ms-ratelimit-remaining-subscription-resource-requests:
      - '136'
      x-powered-by:
      - ASP.NET
    status:
      code: 200
      message: OK
- request:
    body: null
    headers:
      Accept:
      - application/json
      Accept-Encoding:
      - gzip, deflate
      CommandName:
      - backup protection enable-for-azurefileshare
      Connection:
      - keep-alive
      ParameterSetName:
      - -g -v --azure-file-share --storage-account -p
      User-Agent:
      - python/3.8.5 (Windows-10-10.0.19041-SP0) msrest/0.6.21 msrest_azure/0.6.4
        azure-mgmt-recoveryservicesbackup/0.14.0 Azure-SDK-For-Python AZURECLI/2.28.1
      accept-language:
      - en-US
    method: GET
    uri: https://management.azure.com/subscriptions/00000000-0000-0000-0000-000000000000/resourceGroups/clitest.rg000001/providers/Microsoft.RecoveryServices/vaults/clitest-vault000002/backupJobs/c94482bc-010d-4a87-927e-86cb8854705d?api-version=2021-07-01
  response:
    body:
      string: '{"id":"/subscriptions/00000000-0000-0000-0000-000000000000/resourceGroups/clitest.rg000001/providers/Microsoft.RecoveryServices/vaults/clitest-vault000002/backupJobs/c94482bc-010d-4a87-927e-86cb8854705d","name":"c94482bc-010d-4a87-927e-86cb8854705d","type":"Microsoft.RecoveryServices/vaults/backupJobs","properties":{"jobType":"AzureStorageJob","duration":"PT33.2269777S","storageAccountName":"clitest000003","storageAccountVersion":"Storage","extendedInfo":{"tasksList":[],"propertyBag":{"File
        Share Name":"clitest-item000004","Storage Account Name":"clitest000003","Policy
        Name":"clitest-item000005"}},"isUserTriggered":false,"entityFriendlyName":"clitest-item000004","backupManagementType":"AzureStorage","operation":"ConfigureBackup","status":"Completed","startTime":"2021-09-20T12:00:12.8356882Z","endTime":"2021-09-20T12:00:46.0626659Z","activityId":"17c806ec-1a0a-11ec-a560-c8f750f92764"}}'
    headers:
      cache-control:
      - no-cache
      content-length:
      - '946'
      content-type:
      - application/json
      date:
      - Mon, 20 Sep 2021 12:00:50 GMT
      expires:
      - '-1'
      pragma:
      - no-cache
      server:
      - Microsoft-IIS/10.0
      - Microsoft-IIS/10.0
      strict-transport-security:
      - max-age=31536000; includeSubDomains
      transfer-encoding:
      - chunked
      vary:
      - Accept-Encoding
      x-content-type-options:
      - nosniff
      x-ms-ratelimit-remaining-subscription-resource-requests:
      - '149'
      x-powered-by:
      - ASP.NET
    status:
      code: 200
      message: OK
- request:
    body: null
    headers:
      Accept:
      - application/json
      Accept-Encoding:
      - gzip, deflate
      CommandName:
      - backup protection backup-now
      Connection:
      - keep-alive
      ParameterSetName:
      - -g -v -i -c --backup-management-type --retain-until --query
      User-Agent:
      - python/3.8.5 (Windows-10-10.0.19041-SP0) msrest/0.6.21 msrest_azure/0.6.4
        azure-mgmt-recoveryservicesbackup/0.14.0 Azure-SDK-For-Python AZURECLI/2.28.1
      accept-language:
      - en-US
    method: GET
    uri: https://management.azure.com/subscriptions/00000000-0000-0000-0000-000000000000/resourceGroups/clitest.rg000001/providers/Microsoft.RecoveryServices/vaults/clitest-vault000002/backupProtectedItems?api-version=2021-07-01&$filter=backupManagementType%20eq%20%27AzureStorage%27
  response:
    body:
      string: '{"value":[{"id":"/subscriptions/00000000-0000-0000-0000-000000000000/resourceGroups/clitest.rg000001/providers/Microsoft.RecoveryServices/vaults/clitest-vault000002/backupFabrics/Azure/protectionContainers/StorageContainer;storage;clitest.rg000001;clitest000003/protectedItems/AzureFileShare;03ac3e18d50f460c4bc9e4a049de994910a696610c71f89edfa39675e7e820a6","name":"AzureFileShare;03ac3e18d50f460c4bc9e4a049de994910a696610c71f89edfa39675e7e820a6","type":"Microsoft.RecoveryServices/vaults/backupFabrics/protectionContainers/protectedItems","properties":{"kpisHealths":{},"friendlyName":"clitest-item000004","protectionStatus":"Healthy","protectionState":"IRPending","lastBackupStatus":"IRPending","protectedItemType":"AzureFileShareProtectedItem","backupManagementType":"AzureStorage","workloadType":"AzureFileShare","containerName":"StorageContainer;storage;clitest.rg000001;clitest000003","sourceResourceId":"/subscriptions/00000000-0000-0000-0000-000000000000/resourceGroups/clitest.rg000001/providers/Microsoft.storage/storageAccounts/clitest000003","policyId":"/subscriptions/00000000-0000-0000-0000-000000000000/resourceGroups/clitest.rg000001/providers/Microsoft.RecoveryServices/vaults/clitest-vault000002/backupPolicies/clitest-item000005","isArchiveEnabled":false}}]}'
    headers:
      cache-control:
      - no-cache
      content-length:
      - '1352'
      content-type:
      - application/json
      date:
      - Mon, 20 Sep 2021 12:00:50 GMT
      expires:
      - '-1'
      pragma:
      - no-cache
      server:
      - Microsoft-IIS/10.0
      strict-transport-security:
      - max-age=31536000; includeSubDomains
      transfer-encoding:
      - chunked
      vary:
      - Accept-Encoding
      x-content-type-options:
      - nosniff
      x-ms-ratelimit-remaining-subscription-resource-requests:
      - '149'
      x-powered-by:
      - ASP.NET
    status:
      code: 200
      message: OK
- request:
    body: '{"properties": {"objectType": "AzureFileShareBackupRequest", "recoveryPointExpiryTimeInUTC":
      "2021-10-20T00:00:00.000Z"}}'
    headers:
      Accept:
      - application/json
      Accept-Encoding:
      - gzip, deflate
      CommandName:
      - backup protection backup-now
      Connection:
      - keep-alive
      Content-Length:
      - '121'
      Content-Type:
      - application/json; charset=utf-8
      ParameterSetName:
      - -g -v -i -c --backup-management-type --retain-until --query
      User-Agent:
      - python/3.8.5 (Windows-10-10.0.19041-SP0) msrest/0.6.21 msrest_azure/0.6.4
        azure-mgmt-recoveryservicesbackup/0.14.0 Azure-SDK-For-Python AZURECLI/2.28.1
      accept-language:
      - en-US
    method: POST
    uri: https://management.azure.com/subscriptions/00000000-0000-0000-0000-000000000000/resourceGroups/clitest.rg000001/providers/Microsoft.RecoveryServices/vaults/clitest-vault000002/backupFabrics/Azure/protectionContainers/StorageContainer%3Bstorage%3Bclitest.rg000001%3Bclitest000003/protectedItems/AzureFileShare%3B03ac3e18d50f460c4bc9e4a049de994910a696610c71f89edfa39675e7e820a6/backup?api-version=2021-07-01
  response:
    body:
      string: ''
    headers:
      azure-asyncoperation:
      - https://management.azure.com/subscriptions/00000000-0000-0000-0000-000000000000/resourceGroups/clitest.rg000001/providers/Microsoft.RecoveryServices/vaults/clitest-vault000002/backupFabrics/Azure/protectionContainers/StorageContainer;storage;clitest.rg000001;clitest000003/protectedItems/AzureFileShare;03ac3e18d50f460c4bc9e4a049de994910a696610c71f89edfa39675e7e820a6/operationsStatus/bd8d1d2b-29d7-4efd-ba2b-db8096357839?api-version=2021-07-01
      cache-control:
      - no-cache
      content-length:
      - '0'
      date:
      - Mon, 20 Sep 2021 12:00:51 GMT
      expires:
      - '-1'
      location:
      - https://management.azure.com/subscriptions/00000000-0000-0000-0000-000000000000/resourceGroups/clitest.rg000001/providers/Microsoft.RecoveryServices/vaults/clitest-vault000002/backupFabrics/Azure/protectionContainers/StorageContainer;storage;clitest.rg000001;clitest000003/protectedItems/AzureFileShare;03ac3e18d50f460c4bc9e4a049de994910a696610c71f89edfa39675e7e820a6/operationResults/bd8d1d2b-29d7-4efd-ba2b-db8096357839?api-version=2021-07-01
      pragma:
      - no-cache
      strict-transport-security:
      - max-age=31536000; includeSubDomains
      x-content-type-options:
      - nosniff
      x-ms-ratelimit-remaining-subscription-writes:
      - '1198'
      x-powered-by:
      - ASP.NET
    status:
      code: 202
      message: Accepted
- request:
    body: null
    headers:
      Accept:
      - application/json
      Accept-Encoding:
      - gzip, deflate
      CommandName:
      - backup protection backup-now
      Connection:
      - keep-alive
      ParameterSetName:
      - -g -v -i -c --backup-management-type --retain-until --query
      User-Agent:
      - python/3.8.5 (Windows-10-10.0.19041-SP0) msrest/0.6.21 msrest_azure/0.6.4
        azure-mgmt-recoveryservicesbackup/0.14.0 Azure-SDK-For-Python AZURECLI/2.28.1
      accept-language:
      - en-US
    method: GET
    uri: https://management.azure.com/subscriptions/00000000-0000-0000-0000-000000000000/resourceGroups/clitest.rg000001/providers/Microsoft.RecoveryServices/vaults/clitest-vault000002/backupOperations/bd8d1d2b-29d7-4efd-ba2b-db8096357839?api-version=2021-07-01
  response:
    body:
      string: '{"id":"bd8d1d2b-29d7-4efd-ba2b-db8096357839","name":"bd8d1d2b-29d7-4efd-ba2b-db8096357839","status":"InProgress","startTime":"2021-09-20T12:00:51.5900967Z","endTime":"0001-01-01T00:00:00"}'
    headers:
      cache-control:
      - no-cache
      content-length:
      - '188'
      content-type:
      - application/json
      date:
      - Mon, 20 Sep 2021 12:00:51 GMT
      expires:
      - '-1'
      pragma:
      - no-cache
      server:
      - Microsoft-IIS/10.0
      strict-transport-security:
      - max-age=31536000; includeSubDomains
      transfer-encoding:
      - chunked
      vary:
      - Accept-Encoding
      x-content-type-options:
      - nosniff
      x-ms-ratelimit-remaining-subscription-resource-requests:
      - '149'
      x-powered-by:
      - ASP.NET
    status:
      code: 200
      message: OK
- request:
    body: null
    headers:
      Accept:
      - application/json
      Accept-Encoding:
      - gzip, deflate
      CommandName:
      - backup protection backup-now
      Connection:
      - keep-alive
      ParameterSetName:
      - -g -v -i -c --backup-management-type --retain-until --query
      User-Agent:
      - python/3.8.5 (Windows-10-10.0.19041-SP0) msrest/0.6.21 msrest_azure/0.6.4
        azure-mgmt-recoveryservicesbackup/0.14.0 Azure-SDK-For-Python AZURECLI/2.28.1
      accept-language:
      - en-US
    method: GET
    uri: https://management.azure.com/subscriptions/00000000-0000-0000-0000-000000000000/resourceGroups/clitest.rg000001/providers/Microsoft.RecoveryServices/vaults/clitest-vault000002/backupOperations/bd8d1d2b-29d7-4efd-ba2b-db8096357839?api-version=2021-07-01
  response:
    body:
      string: '{"id":"bd8d1d2b-29d7-4efd-ba2b-db8096357839","name":"bd8d1d2b-29d7-4efd-ba2b-db8096357839","status":"Succeeded","startTime":"2021-09-20T12:00:51.5900967Z","endTime":"2021-09-20T12:00:51.5900967Z","properties":{"objectType":"OperationStatusJobExtendedInfo","jobId":"e6ae117b-9a66-4eae-a9d6-0e4b0f0d00d1"}}'
    headers:
      cache-control:
      - no-cache
      content-length:
      - '304'
      content-type:
      - application/json
      date:
      - Mon, 20 Sep 2021 12:00:57 GMT
      expires:
      - '-1'
      pragma:
      - no-cache
      server:
      - Microsoft-IIS/10.0
      strict-transport-security:
      - max-age=31536000; includeSubDomains
      transfer-encoding:
      - chunked
      vary:
      - Accept-Encoding
      x-content-type-options:
      - nosniff
      x-ms-ratelimit-remaining-subscription-resource-requests:
      - '148'
      x-powered-by:
      - ASP.NET
    status:
      code: 200
      message: OK
- request:
    body: null
    headers:
      Accept:
      - application/json
      Accept-Encoding:
      - gzip, deflate
      CommandName:
      - backup protection backup-now
      Connection:
      - keep-alive
      ParameterSetName:
      - -g -v -i -c --backup-management-type --retain-until --query
      User-Agent:
      - python/3.8.5 (Windows-10-10.0.19041-SP0) msrest/0.6.21 msrest_azure/0.6.4
        azure-mgmt-recoveryservicesbackup/0.14.0 Azure-SDK-For-Python AZURECLI/2.28.1
      accept-language:
      - en-US
    method: GET
    uri: https://management.azure.com/subscriptions/00000000-0000-0000-0000-000000000000/resourceGroups/clitest.rg000001/providers/Microsoft.RecoveryServices/vaults/clitest-vault000002/backupJobs/e6ae117b-9a66-4eae-a9d6-0e4b0f0d00d1?api-version=2021-07-01
  response:
    body:
      string: '{"id":"/subscriptions/00000000-0000-0000-0000-000000000000/resourceGroups/clitest.rg000001/providers/Microsoft.RecoveryServices/vaults/clitest-vault000002/backupJobs/e6ae117b-9a66-4eae-a9d6-0e4b0f0d00d1","name":"e6ae117b-9a66-4eae-a9d6-0e4b0f0d00d1","type":"Microsoft.RecoveryServices/vaults/backupJobs","properties":{"jobType":"AzureStorageJob","duration":"PT2.5303644S","storageAccountName":"clitest000003","storageAccountVersion":"MicrosoftStorage","extendedInfo":{"tasksList":[{"taskId":"Take
        Snapshot","status":"Completed"}],"propertyBag":{"Data Transferred (in MB)":"0","File
        Share Name":"clitest-item000004","Whether job is adhoc or scheduled.":"True"}},"isUserTriggered":false,"entityFriendlyName":"clitest-item000004","backupManagementType":"AzureStorage","operation":"Backup","status":"Completed","startTime":"2021-09-20T12:00:51.5900967Z","endTime":"2021-09-20T12:00:54.1204611Z","activityId":"660797eb-1a0a-11ec-92fc-c8f750f92764"}}'
    headers:
      cache-control:
      - no-cache
      content-length:
      - '976'
      content-type:
      - application/json
      date:
      - Mon, 20 Sep 2021 12:00:57 GMT
      expires:
      - '-1'
      pragma:
      - no-cache
      server:
      - Microsoft-IIS/10.0
      - Microsoft-IIS/10.0
      strict-transport-security:
      - max-age=31536000; includeSubDomains
      transfer-encoding:
      - chunked
      vary:
      - Accept-Encoding
      x-content-type-options:
      - nosniff
      x-ms-ratelimit-remaining-subscription-resource-requests:
      - '149'
      x-powered-by:
      - ASP.NET
    status:
      code: 200
      message: OK
- request:
    body: null
    headers:
      Accept:
      - application/json
      Accept-Encoding:
      - gzip, deflate
      CommandName:
      - backup job wait
      Connection:
      - keep-alive
      ParameterSetName:
      - -g -v -n
      User-Agent:
      - python/3.8.5 (Windows-10-10.0.19041-SP0) msrest/0.6.21 msrest_azure/0.6.4
        azure-mgmt-recoveryservicesbackup/0.14.0 Azure-SDK-For-Python AZURECLI/2.28.1
      accept-language:
      - en-US
    method: GET
    uri: https://management.azure.com/subscriptions/00000000-0000-0000-0000-000000000000/resourceGroups/clitest.rg000001/providers/Microsoft.RecoveryServices/vaults/clitest-vault000002/backupJobs/e6ae117b-9a66-4eae-a9d6-0e4b0f0d00d1?api-version=2021-07-01
  response:
    body:
      string: '{"id":"/subscriptions/00000000-0000-0000-0000-000000000000/resourceGroups/clitest.rg000001/providers/Microsoft.RecoveryServices/vaults/clitest-vault000002/backupJobs/e6ae117b-9a66-4eae-a9d6-0e4b0f0d00d1","name":"e6ae117b-9a66-4eae-a9d6-0e4b0f0d00d1","type":"Microsoft.RecoveryServices/vaults/backupJobs","properties":{"jobType":"AzureStorageJob","duration":"PT2.5303644S","storageAccountName":"clitest000003","storageAccountVersion":"MicrosoftStorage","extendedInfo":{"tasksList":[{"taskId":"Take
        Snapshot","status":"Completed"}],"propertyBag":{"Data Transferred (in MB)":"0","File
        Share Name":"clitest-item000004","Whether job is adhoc or scheduled.":"True"}},"isUserTriggered":false,"entityFriendlyName":"clitest-item000004","backupManagementType":"AzureStorage","operation":"Backup","status":"Completed","startTime":"2021-09-20T12:00:51.5900967Z","endTime":"2021-09-20T12:00:54.1204611Z","activityId":"660797eb-1a0a-11ec-92fc-c8f750f92764"}}'
    headers:
      cache-control:
      - no-cache
      content-length:
      - '976'
      content-type:
      - application/json
      date:
      - Mon, 20 Sep 2021 12:00:58 GMT
      expires:
      - '-1'
      pragma:
      - no-cache
      server:
      - Microsoft-IIS/10.0
      - Microsoft-IIS/10.0
      strict-transport-security:
      - max-age=31536000; includeSubDomains
      transfer-encoding:
      - chunked
      vary:
      - Accept-Encoding
      x-content-type-options:
      - nosniff
      x-ms-ratelimit-remaining-subscription-resource-requests:
      - '148'
      x-powered-by:
      - ASP.NET
    status:
      code: 200
      message: OK
- request:
    body: null
    headers:
      Accept:
      - application/json
      Accept-Encoding:
      - gzip, deflate
      CommandName:
      - backup recoverypoint list
      Connection:
      - keep-alive
      ParameterSetName:
      - -g -v -c -i --backup-management-type --query
      User-Agent:
      - python/3.8.5 (Windows-10-10.0.19041-SP0) msrest/0.6.21 msrest_azure/0.6.4
        azure-mgmt-recoveryservicesbackup/0.14.0 Azure-SDK-For-Python AZURECLI/2.28.1
      accept-language:
      - en-US
    method: GET
    uri: https://management.azure.com/subscriptions/00000000-0000-0000-0000-000000000000/resourceGroups/clitest.rg000001/providers/Microsoft.RecoveryServices/vaults/clitest-vault000002/backupProtectedItems?api-version=2021-07-01&$filter=backupManagementType%20eq%20%27AzureStorage%27
  response:
    body:
      string: '{"value":[{"id":"/subscriptions/00000000-0000-0000-0000-000000000000/resourceGroups/clitest.rg000001/providers/Microsoft.RecoveryServices/vaults/clitest-vault000002/backupFabrics/Azure/protectionContainers/StorageContainer;storage;clitest.rg000001;clitest000003/protectedItems/AzureFileShare;03ac3e18d50f460c4bc9e4a049de994910a696610c71f89edfa39675e7e820a6","name":"AzureFileShare;03ac3e18d50f460c4bc9e4a049de994910a696610c71f89edfa39675e7e820a6","type":"Microsoft.RecoveryServices/vaults/backupFabrics/protectionContainers/protectedItems","properties":{"kpisHealths":{"BackupOperationStatusKPI":{"resourceHealthStatus":"Healthy","resourceHealthDetails":[{"code":0,"title":"Success","message":"","recommendations":[]}]}},"friendlyName":"clitest-item000004","protectionStatus":"Healthy","protectionState":"Protected","lastBackupStatus":"Completed","lastBackupTime":"2021-09-20T12:00:51.5900967Z","protectedItemType":"AzureFileShareProtectedItem","backupManagementType":"AzureStorage","workloadType":"AzureFileShare","containerName":"StorageContainer;storage;clitest.rg000001;clitest000003","sourceResourceId":"/subscriptions/00000000-0000-0000-0000-000000000000/resourceGroups/clitest.rg000001/providers/Microsoft.storage/storageAccounts/clitest000003","policyId":"/subscriptions/00000000-0000-0000-0000-000000000000/resourceGroups/clitest.rg000001/providers/Microsoft.RecoveryServices/vaults/clitest-vault000002/backupPolicies/clitest-item000005","isArchiveEnabled":false}}]}'
    headers:
      cache-control:
      - no-cache
      content-length:
      - '1550'
      content-type:
      - application/json
      date:
      - Mon, 20 Sep 2021 12:00:57 GMT
      expires:
      - '-1'
      pragma:
      - no-cache
      server:
      - Microsoft-IIS/10.0
      strict-transport-security:
      - max-age=31536000; includeSubDomains
      transfer-encoding:
      - chunked
      vary:
      - Accept-Encoding
      x-content-type-options:
      - nosniff
      x-ms-ratelimit-remaining-subscription-resource-requests:
      - '149'
      x-powered-by:
      - ASP.NET
    status:
      code: 200
      message: OK
- request:
    body: null
    headers:
      Accept:
      - application/json
      Accept-Encoding:
      - gzip, deflate
      CommandName:
      - backup recoverypoint list
      Connection:
      - keep-alive
      ParameterSetName:
      - -g -v -c -i --backup-management-type --query
      User-Agent:
      - python/3.8.5 (Windows-10-10.0.19041-SP0) msrest/0.6.21 msrest_azure/0.6.4
        azure-mgmt-recoveryservicesbackup/0.14.0 Azure-SDK-For-Python AZURECLI/2.28.1
      accept-language:
      - en-US
    method: GET
    uri: https://management.azure.com/subscriptions/00000000-0000-0000-0000-000000000000/resourceGroups/clitest.rg000001/providers/Microsoft.RecoveryServices/vaults/clitest-vault000002/backupFabrics/Azure/protectionContainers/StorageContainer%3Bstorage%3Bclitest.rg000001%3Bclitest000003/protectedItems/AzureFileShare%3B03ac3e18d50f460c4bc9e4a049de994910a696610c71f89edfa39675e7e820a6/recoveryPoints?api-version=2021-07-01
  response:
    body:
      string: '{"value":[{"id":"/subscriptions/00000000-0000-0000-0000-000000000000/resourceGroups/clitest.rg000001/providers/Microsoft.RecoveryServices/vaults/clitest-vault000002/backupFabrics/Azure/protectionContainers/StorageContainer;storage;clitest.rg000001;clitest000003/protectedItems/AzureFileShare;03ac3e18d50f460c4bc9e4a049de994910a696610c71f89edfa39675e7e820a6/recoveryPoints/56963014607298","name":"56963014607298","type":"Microsoft.RecoveryServices/vaults/backupFabrics/protectionContainers/protectedItems/recoveryPoints","properties":{"objectType":"AzureFileShareRecoveryPoint","recoveryPointType":"FileSystemConsistent","recoveryPointTime":"2021-09-20T12:00:52Z","fileShareSnapshotUri":"https://clitest000003.file.core.windows.net/clitest-item000004?sharesnapshot=2021-09-20T12:00:52.0000000Z","recoveryPointSizeInGB":0}}]}'
    headers:
      cache-control:
      - no-cache
      content-length:
      - '864'
      content-type:
      - application/json
      date:
      - Mon, 20 Sep 2021 12:00:58 GMT
      expires:
      - '-1'
      pragma:
      - no-cache
      server:
      - Microsoft-IIS/10.0
      strict-transport-security:
      - max-age=31536000; includeSubDomains
      transfer-encoding:
      - chunked
      vary:
      - Accept-Encoding
      x-content-type-options:
      - nosniff
      x-ms-ratelimit-remaining-subscription-resource-requests:
      - '149'
      x-powered-by:
      - ASP.NET
    status:
      code: 200
      message: OK
- request:
    body: null
    headers:
      Accept:
      - application/json
      Accept-Encoding:
      - gzip, deflate
      CommandName:
      - backup recoverypoint show
      Connection:
      - keep-alive
      ParameterSetName:
      - -g -v -c -i -n --backup-management-type
      User-Agent:
      - python/3.8.5 (Windows-10-10.0.19041-SP0) msrest/0.6.21 msrest_azure/0.6.4
        azure-mgmt-recoveryservicesbackup/0.14.0 Azure-SDK-For-Python AZURECLI/2.28.1
      accept-language:
      - en-US
    method: GET
    uri: https://management.azure.com/subscriptions/00000000-0000-0000-0000-000000000000/resourceGroups/clitest.rg000001/providers/Microsoft.RecoveryServices/vaults/clitest-vault000002/backupProtectedItems?api-version=2021-07-01&$filter=backupManagementType%20eq%20%27AzureStorage%27
  response:
    body:
      string: '{"value":[{"id":"/subscriptions/00000000-0000-0000-0000-000000000000/resourceGroups/clitest.rg000001/providers/Microsoft.RecoveryServices/vaults/clitest-vault000002/backupFabrics/Azure/protectionContainers/StorageContainer;storage;clitest.rg000001;clitest000003/protectedItems/AzureFileShare;03ac3e18d50f460c4bc9e4a049de994910a696610c71f89edfa39675e7e820a6","name":"AzureFileShare;03ac3e18d50f460c4bc9e4a049de994910a696610c71f89edfa39675e7e820a6","type":"Microsoft.RecoveryServices/vaults/backupFabrics/protectionContainers/protectedItems","properties":{"kpisHealths":{"BackupOperationStatusKPI":{"resourceHealthStatus":"Healthy","resourceHealthDetails":[{"code":0,"title":"Success","message":"","recommendations":[]}]}},"friendlyName":"clitest-item000004","protectionStatus":"Healthy","protectionState":"Protected","lastBackupStatus":"Completed","lastBackupTime":"2021-09-20T12:00:51.5900967Z","protectedItemType":"AzureFileShareProtectedItem","backupManagementType":"AzureStorage","workloadType":"AzureFileShare","containerName":"StorageContainer;storage;clitest.rg000001;clitest000003","sourceResourceId":"/subscriptions/00000000-0000-0000-0000-000000000000/resourceGroups/clitest.rg000001/providers/Microsoft.storage/storageAccounts/clitest000003","policyId":"/subscriptions/00000000-0000-0000-0000-000000000000/resourceGroups/clitest.rg000001/providers/Microsoft.RecoveryServices/vaults/clitest-vault000002/backupPolicies/clitest-item000005","isArchiveEnabled":false}}]}'
    headers:
      cache-control:
      - no-cache
      content-length:
      - '1550'
      content-type:
      - application/json
      date:
      - Mon, 20 Sep 2021 12:00:58 GMT
      expires:
      - '-1'
      pragma:
      - no-cache
      server:
      - Microsoft-IIS/10.0
      strict-transport-security:
      - max-age=31536000; includeSubDomains
      transfer-encoding:
      - chunked
      vary:
      - Accept-Encoding
      x-content-type-options:
      - nosniff
      x-ms-ratelimit-remaining-subscription-resource-requests:
      - '149'
      x-powered-by:
      - ASP.NET
    status:
      code: 200
      message: OK
- request:
    body: null
    headers:
      Accept:
      - application/json
      Accept-Encoding:
      - gzip, deflate
      CommandName:
      - backup recoverypoint show
      Connection:
      - keep-alive
      ParameterSetName:
      - -g -v -c -i -n --backup-management-type
      User-Agent:
      - python/3.8.5 (Windows-10-10.0.19041-SP0) msrest/0.6.21 msrest_azure/0.6.4
        azure-mgmt-recoveryservicesbackup/0.14.0 Azure-SDK-For-Python AZURECLI/2.28.1
      accept-language:
      - en-US
    method: GET
    uri: https://management.azure.com/subscriptions/00000000-0000-0000-0000-000000000000/resourceGroups/clitest.rg000001/providers/Microsoft.RecoveryServices/vaults/clitest-vault000002/backupFabrics/Azure/protectionContainers/StorageContainer%3Bstorage%3Bclitest.rg000001%3Bclitest000003/protectedItems/AzureFileShare%3B03ac3e18d50f460c4bc9e4a049de994910a696610c71f89edfa39675e7e820a6/recoveryPoints/56963014607298?api-version=2021-07-01
  response:
    body:
      string: '{"id":"/subscriptions/00000000-0000-0000-0000-000000000000/resourceGroups/clitest.rg000001/providers/Microsoft.RecoveryServices/vaults/clitest-vault000002/backupFabrics/Azure/protectionContainers/StorageContainer;storage;clitest.rg000001;clitest000003/protectedItems/AzureFileShare;03ac3e18d50f460c4bc9e4a049de994910a696610c71f89edfa39675e7e820a6/recoveryPoints/56963014607298","name":"56963014607298","type":"Microsoft.RecoveryServices/vaults/backupFabrics/protectionContainers/protectedItems/recoveryPoints","properties":{"objectType":"AzureFileShareRecoveryPoint","recoveryPointType":"FileSystemConsistent","recoveryPointTime":"2021-09-20T12:00:52Z","fileShareSnapshotUri":"https://clitest000003.file.core.windows.net/clitest-item000004?sharesnapshot=2021-09-20T12:00:52.0000000Z","recoveryPointSizeInGB":0}}'
    headers:
      cache-control:
      - no-cache
      content-length:
      - '852'
      content-type:
      - application/json
      date:
      - Mon, 20 Sep 2021 12:01:00 GMT
      expires:
      - '-1'
      pragma:
      - no-cache
      server:
      - Microsoft-IIS/10.0
      strict-transport-security:
      - max-age=31536000; includeSubDomains
      transfer-encoding:
      - chunked
      vary:
      - Accept-Encoding
      x-content-type-options:
      - nosniff
      x-ms-ratelimit-remaining-subscription-resource-requests:
      - '149'
      x-powered-by:
      - ASP.NET
    status:
      code: 200
      message: OK
- request:
    body: null
    headers:
      Accept:
      - application/json
      Accept-Encoding:
      - gzip, deflate
      CommandName:
      - backup recoverypoint list
      Connection:
      - keep-alive
      ParameterSetName:
      - -g -v -c -i --backup-management-type
      User-Agent:
      - python/3.8.5 (Windows-10-10.0.19041-SP0) msrest/0.6.21 msrest_azure/0.6.4
        azure-mgmt-recoveryservicesbackup/0.14.0 Azure-SDK-For-Python AZURECLI/2.28.1
      accept-language:
      - en-US
    method: GET
    uri: https://management.azure.com/subscriptions/00000000-0000-0000-0000-000000000000/resourceGroups/clitest.rg000001/providers/Microsoft.RecoveryServices/vaults/clitest-vault000002/backupProtectedItems?api-version=2021-07-01&$filter=backupManagementType%20eq%20%27AzureStorage%27
  response:
    body:
      string: '{"value":[{"id":"/subscriptions/00000000-0000-0000-0000-000000000000/resourceGroups/clitest.rg000001/providers/Microsoft.RecoveryServices/vaults/clitest-vault000002/backupFabrics/Azure/protectionContainers/StorageContainer;storage;clitest.rg000001;clitest000003/protectedItems/AzureFileShare;03ac3e18d50f460c4bc9e4a049de994910a696610c71f89edfa39675e7e820a6","name":"AzureFileShare;03ac3e18d50f460c4bc9e4a049de994910a696610c71f89edfa39675e7e820a6","type":"Microsoft.RecoveryServices/vaults/backupFabrics/protectionContainers/protectedItems","properties":{"kpisHealths":{"BackupOperationStatusKPI":{"resourceHealthStatus":"Healthy","resourceHealthDetails":[{"code":0,"title":"Success","message":"","recommendations":[]}]}},"friendlyName":"clitest-item000004","protectionStatus":"Healthy","protectionState":"Protected","lastBackupStatus":"Completed","lastBackupTime":"2021-09-20T12:00:51.5900967Z","protectedItemType":"AzureFileShareProtectedItem","backupManagementType":"AzureStorage","workloadType":"AzureFileShare","containerName":"StorageContainer;storage;clitest.rg000001;clitest000003","sourceResourceId":"/subscriptions/00000000-0000-0000-0000-000000000000/resourceGroups/clitest.rg000001/providers/Microsoft.storage/storageAccounts/clitest000003","policyId":"/subscriptions/00000000-0000-0000-0000-000000000000/resourceGroups/clitest.rg000001/providers/Microsoft.RecoveryServices/vaults/clitest-vault000002/backupPolicies/clitest-item000005","isArchiveEnabled":false}}]}'
    headers:
      cache-control:
      - no-cache
      content-length:
      - '1550'
      content-type:
      - application/json
      date:
      - Mon, 20 Sep 2021 12:01:00 GMT
      expires:
      - '-1'
      pragma:
      - no-cache
      server:
      - Microsoft-IIS/10.0
      strict-transport-security:
      - max-age=31536000; includeSubDomains
      transfer-encoding:
      - chunked
      vary:
      - Accept-Encoding
      x-content-type-options:
      - nosniff
      x-ms-ratelimit-remaining-subscription-resource-requests:
      - '148'
      x-powered-by:
      - ASP.NET
    status:
      code: 200
      message: OK
- request:
    body: null
    headers:
      Accept:
      - application/json
      Accept-Encoding:
      - gzip, deflate
      CommandName:
      - backup recoverypoint list
      Connection:
      - keep-alive
      ParameterSetName:
      - -g -v -c -i --backup-management-type
      User-Agent:
      - python/3.8.5 (Windows-10-10.0.19041-SP0) msrest/0.6.21 msrest_azure/0.6.4
        azure-mgmt-recoveryservicesbackup/0.14.0 Azure-SDK-For-Python AZURECLI/2.28.1
      accept-language:
      - en-US
    method: GET
    uri: https://management.azure.com/subscriptions/00000000-0000-0000-0000-000000000000/resourceGroups/clitest.rg000001/providers/Microsoft.RecoveryServices/vaults/clitest-vault000002/backupFabrics/Azure/protectionContainers/StorageContainer%3Bstorage%3Bclitest.rg000001%3Bclitest000003/protectedItems/AzureFileShare%3B03ac3e18d50f460c4bc9e4a049de994910a696610c71f89edfa39675e7e820a6/recoveryPoints?api-version=2021-07-01
  response:
    body:
      string: '{"value":[{"id":"/subscriptions/00000000-0000-0000-0000-000000000000/resourceGroups/clitest.rg000001/providers/Microsoft.RecoveryServices/vaults/clitest-vault000002/backupFabrics/Azure/protectionContainers/StorageContainer;storage;clitest.rg000001;clitest000003/protectedItems/AzureFileShare;03ac3e18d50f460c4bc9e4a049de994910a696610c71f89edfa39675e7e820a6/recoveryPoints/56963014607298","name":"56963014607298","type":"Microsoft.RecoveryServices/vaults/backupFabrics/protectionContainers/protectedItems/recoveryPoints","properties":{"objectType":"AzureFileShareRecoveryPoint","recoveryPointType":"FileSystemConsistent","recoveryPointTime":"2021-09-20T12:00:52Z","fileShareSnapshotUri":"https://clitest000003.file.core.windows.net/clitest-item000004?sharesnapshot=2021-09-20T12:00:52.0000000Z","recoveryPointSizeInGB":0}}]}'
    headers:
      cache-control:
      - no-cache
      content-length:
      - '864'
      content-type:
      - application/json
      date:
      - Mon, 20 Sep 2021 12:01:01 GMT
      expires:
      - '-1'
      pragma:
      - no-cache
      server:
      - Microsoft-IIS/10.0
      strict-transport-security:
      - max-age=31536000; includeSubDomains
      transfer-encoding:
      - chunked
      vary:
      - Accept-Encoding
      x-content-type-options:
      - nosniff
      x-ms-ratelimit-remaining-subscription-resource-requests:
      - '149'
      x-powered-by:
      - ASP.NET
    status:
      code: 200
      message: OK
- request:
    body: null
    headers:
      Accept:
      - application/json
      Accept-Encoding:
      - gzip, deflate
      CommandName:
      - backup protection backup-now
      Connection:
      - keep-alive
      ParameterSetName:
      - -g -v -c -i --retain-until --backup-management-type --query
      User-Agent:
      - python/3.8.5 (Windows-10-10.0.19041-SP0) msrest/0.6.21 msrest_azure/0.6.4
        azure-mgmt-recoveryservicesbackup/0.14.0 Azure-SDK-For-Python AZURECLI/2.28.1
      accept-language:
      - en-US
    method: GET
    uri: https://management.azure.com/subscriptions/00000000-0000-0000-0000-000000000000/resourceGroups/clitest.rg000001/providers/Microsoft.RecoveryServices/vaults/clitest-vault000002/backupProtectedItems?api-version=2021-07-01&$filter=backupManagementType%20eq%20%27AzureStorage%27
  response:
    body:
      string: '{"value":[{"id":"/subscriptions/00000000-0000-0000-0000-000000000000/resourceGroups/clitest.rg000001/providers/Microsoft.RecoveryServices/vaults/clitest-vault000002/backupFabrics/Azure/protectionContainers/StorageContainer;storage;clitest.rg000001;clitest000003/protectedItems/AzureFileShare;03ac3e18d50f460c4bc9e4a049de994910a696610c71f89edfa39675e7e820a6","name":"AzureFileShare;03ac3e18d50f460c4bc9e4a049de994910a696610c71f89edfa39675e7e820a6","type":"Microsoft.RecoveryServices/vaults/backupFabrics/protectionContainers/protectedItems","properties":{"kpisHealths":{"BackupOperationStatusKPI":{"resourceHealthStatus":"Healthy","resourceHealthDetails":[{"code":0,"title":"Success","message":"","recommendations":[]}]}},"friendlyName":"clitest-item000004","protectionStatus":"Healthy","protectionState":"Protected","lastBackupStatus":"Completed","lastBackupTime":"2021-09-20T12:00:51.5900967Z","protectedItemType":"AzureFileShareProtectedItem","backupManagementType":"AzureStorage","workloadType":"AzureFileShare","containerName":"StorageContainer;storage;clitest.rg000001;clitest000003","sourceResourceId":"/subscriptions/00000000-0000-0000-0000-000000000000/resourceGroups/clitest.rg000001/providers/Microsoft.storage/storageAccounts/clitest000003","policyId":"/subscriptions/00000000-0000-0000-0000-000000000000/resourceGroups/clitest.rg000001/providers/Microsoft.RecoveryServices/vaults/clitest-vault000002/backupPolicies/clitest-item000005","isArchiveEnabled":false}}]}'
    headers:
      cache-control:
      - no-cache
      content-length:
      - '1550'
      content-type:
      - application/json
      date:
      - Mon, 20 Sep 2021 12:01:01 GMT
      expires:
      - '-1'
      pragma:
      - no-cache
      server:
      - Microsoft-IIS/10.0
      strict-transport-security:
      - max-age=31536000; includeSubDomains
      transfer-encoding:
      - chunked
      vary:
      - Accept-Encoding
      x-content-type-options:
      - nosniff
      x-ms-ratelimit-remaining-subscription-resource-requests:
      - '149'
      x-powered-by:
      - ASP.NET
    status:
      code: 200
      message: OK
- request:
    body: '{"properties": {"objectType": "AzureFileShareBackupRequest", "recoveryPointExpiryTimeInUTC":
      "2021-10-20T00:00:00.000Z"}}'
    headers:
      Accept:
      - application/json
      Accept-Encoding:
      - gzip, deflate
      CommandName:
      - backup protection backup-now
      Connection:
      - keep-alive
      Content-Length:
      - '121'
      Content-Type:
      - application/json; charset=utf-8
      ParameterSetName:
      - -g -v -c -i --retain-until --backup-management-type --query
      User-Agent:
      - python/3.8.5 (Windows-10-10.0.19041-SP0) msrest/0.6.21 msrest_azure/0.6.4
        azure-mgmt-recoveryservicesbackup/0.14.0 Azure-SDK-For-Python AZURECLI/2.28.1
      accept-language:
      - en-US
    method: POST
    uri: https://management.azure.com/subscriptions/00000000-0000-0000-0000-000000000000/resourceGroups/clitest.rg000001/providers/Microsoft.RecoveryServices/vaults/clitest-vault000002/backupFabrics/Azure/protectionContainers/StorageContainer%3Bstorage%3Bclitest.rg000001%3Bclitest000003/protectedItems/AzureFileShare%3B03ac3e18d50f460c4bc9e4a049de994910a696610c71f89edfa39675e7e820a6/backup?api-version=2021-07-01
  response:
    body:
      string: ''
    headers:
      azure-asyncoperation:
      - https://management.azure.com/subscriptions/00000000-0000-0000-0000-000000000000/resourceGroups/clitest.rg000001/providers/Microsoft.RecoveryServices/vaults/clitest-vault000002/backupFabrics/Azure/protectionContainers/StorageContainer;storage;clitest.rg000001;clitest000003/protectedItems/AzureFileShare;03ac3e18d50f460c4bc9e4a049de994910a696610c71f89edfa39675e7e820a6/operationsStatus/9ccec5a0-c5ea-4d8b-b572-d5104f61fab0?api-version=2021-07-01
      cache-control:
      - no-cache
      content-length:
      - '0'
      date:
      - Mon, 20 Sep 2021 12:01:02 GMT
      expires:
      - '-1'
      location:
      - https://management.azure.com/subscriptions/00000000-0000-0000-0000-000000000000/resourceGroups/clitest.rg000001/providers/Microsoft.RecoveryServices/vaults/clitest-vault000002/backupFabrics/Azure/protectionContainers/StorageContainer;storage;clitest.rg000001;clitest000003/protectedItems/AzureFileShare;03ac3e18d50f460c4bc9e4a049de994910a696610c71f89edfa39675e7e820a6/operationResults/9ccec5a0-c5ea-4d8b-b572-d5104f61fab0?api-version=2021-07-01
      pragma:
      - no-cache
      strict-transport-security:
      - max-age=31536000; includeSubDomains
      x-content-type-options:
      - nosniff
      x-ms-ratelimit-remaining-subscription-writes:
      - '1199'
      x-powered-by:
      - ASP.NET
    status:
      code: 202
      message: Accepted
- request:
    body: null
    headers:
      Accept:
      - application/json
      Accept-Encoding:
      - gzip, deflate
      CommandName:
      - backup protection backup-now
      Connection:
      - keep-alive
      ParameterSetName:
      - -g -v -c -i --retain-until --backup-management-type --query
      User-Agent:
      - python/3.8.5 (Windows-10-10.0.19041-SP0) msrest/0.6.21 msrest_azure/0.6.4
        azure-mgmt-recoveryservicesbackup/0.14.0 Azure-SDK-For-Python AZURECLI/2.28.1
      accept-language:
      - en-US
    method: GET
    uri: https://management.azure.com/subscriptions/00000000-0000-0000-0000-000000000000/resourceGroups/clitest.rg000001/providers/Microsoft.RecoveryServices/vaults/clitest-vault000002/backupOperations/9ccec5a0-c5ea-4d8b-b572-d5104f61fab0?api-version=2021-07-01
  response:
    body:
      string: '{"id":"9ccec5a0-c5ea-4d8b-b572-d5104f61fab0","name":"9ccec5a0-c5ea-4d8b-b572-d5104f61fab0","status":"Succeeded","startTime":"2021-09-20T12:01:03.135445Z","endTime":"2021-09-20T12:01:03.135445Z","properties":{"objectType":"OperationStatusJobExtendedInfo","jobId":"9fc606a0-3f63-4ad7-a02f-72bc525965b7"}}'
    headers:
      cache-control:
      - no-cache
      content-length:
      - '302'
      content-type:
      - application/json
      date:
      - Mon, 20 Sep 2021 12:01:03 GMT
      expires:
      - '-1'
      pragma:
      - no-cache
      server:
      - Microsoft-IIS/10.0
      strict-transport-security:
      - max-age=31536000; includeSubDomains
      transfer-encoding:
      - chunked
      vary:
      - Accept-Encoding
      x-content-type-options:
      - nosniff
      x-ms-ratelimit-remaining-subscription-resource-requests:
      - '149'
      x-powered-by:
      - ASP.NET
    status:
      code: 200
      message: OK
- request:
    body: null
    headers:
      Accept:
      - application/json
      Accept-Encoding:
      - gzip, deflate
      CommandName:
      - backup protection backup-now
      Connection:
      - keep-alive
      ParameterSetName:
      - -g -v -c -i --retain-until --backup-management-type --query
      User-Agent:
      - python/3.8.5 (Windows-10-10.0.19041-SP0) msrest/0.6.21 msrest_azure/0.6.4
        azure-mgmt-recoveryservicesbackup/0.14.0 Azure-SDK-For-Python AZURECLI/2.28.1
      accept-language:
      - en-US
    method: GET
    uri: https://management.azure.com/subscriptions/00000000-0000-0000-0000-000000000000/resourceGroups/clitest.rg000001/providers/Microsoft.RecoveryServices/vaults/clitest-vault000002/backupJobs/9fc606a0-3f63-4ad7-a02f-72bc525965b7?api-version=2021-07-01
  response:
    body:
      string: '{"id":"/subscriptions/00000000-0000-0000-0000-000000000000/resourceGroups/clitest.rg000001/providers/Microsoft.RecoveryServices/vaults/clitest-vault000002/backupJobs/9fc606a0-3f63-4ad7-a02f-72bc525965b7","name":"9fc606a0-3f63-4ad7-a02f-72bc525965b7","type":"Microsoft.RecoveryServices/vaults/backupJobs","properties":{"jobType":"AzureStorageJob","duration":"PT1.5740469S","storageAccountName":"clitest000003","storageAccountVersion":"MicrosoftStorage","extendedInfo":{"tasksList":[{"taskId":"Take
        Snapshot","status":"InProgress"}],"propertyBag":{"Data Transferred (in MB)":"0","File
        Share Name":"clitest-item000004","Whether job is adhoc or scheduled.":"True"}},"isUserTriggered":false,"entityFriendlyName":"clitest-item000004","backupManagementType":"AzureStorage","operation":"Backup","status":"InProgress","startTime":"2021-09-20T12:01:03.135445Z","activityId":"6c699767-1a0a-11ec-92b2-c8f750f92764"}}'
    headers:
      cache-control:
      - no-cache
      content-length:
      - '936'
      content-type:
      - application/json
      date:
      - Mon, 20 Sep 2021 12:01:04 GMT
      expires:
      - '-1'
      pragma:
      - no-cache
      server:
      - Microsoft-IIS/10.0
      - Microsoft-IIS/10.0
      strict-transport-security:
      - max-age=31536000; includeSubDomains
      transfer-encoding:
      - chunked
      vary:
      - Accept-Encoding
      x-content-type-options:
      - nosniff
      x-ms-ratelimit-remaining-subscription-resource-requests:
      - '149'
      x-powered-by:
      - ASP.NET
    status:
      code: 200
      message: OK
- request:
    body: null
    headers:
      Accept:
      - application/json
      Accept-Encoding:
      - gzip, deflate
      CommandName:
      - backup job wait
      Connection:
      - keep-alive
      ParameterSetName:
      - -g -v -n
      User-Agent:
      - python/3.8.5 (Windows-10-10.0.19041-SP0) msrest/0.6.21 msrest_azure/0.6.4
        azure-mgmt-recoveryservicesbackup/0.14.0 Azure-SDK-For-Python AZURECLI/2.28.1
      accept-language:
      - en-US
    method: GET
    uri: https://management.azure.com/subscriptions/00000000-0000-0000-0000-000000000000/resourceGroups/clitest.rg000001/providers/Microsoft.RecoveryServices/vaults/clitest-vault000002/backupJobs/9fc606a0-3f63-4ad7-a02f-72bc525965b7?api-version=2021-07-01
  response:
    body:
      string: '{"id":"/subscriptions/00000000-0000-0000-0000-000000000000/resourceGroups/clitest.rg000001/providers/Microsoft.RecoveryServices/vaults/clitest-vault000002/backupJobs/9fc606a0-3f63-4ad7-a02f-72bc525965b7","name":"9fc606a0-3f63-4ad7-a02f-72bc525965b7","type":"Microsoft.RecoveryServices/vaults/backupJobs","properties":{"jobType":"AzureStorageJob","duration":"PT2.0428187S","storageAccountName":"clitest000003","storageAccountVersion":"MicrosoftStorage","extendedInfo":{"tasksList":[{"taskId":"Take
        Snapshot","status":"InProgress"}],"propertyBag":{"Data Transferred (in MB)":"0","File
        Share Name":"clitest-item000004","Whether job is adhoc or scheduled.":"True"}},"isUserTriggered":false,"entityFriendlyName":"clitest-item000004","backupManagementType":"AzureStorage","operation":"Backup","status":"InProgress","startTime":"2021-09-20T12:01:03.135445Z","activityId":"6c699767-1a0a-11ec-92b2-c8f750f92764"}}'
    headers:
      cache-control:
      - no-cache
      content-length:
      - '936'
      content-type:
      - application/json
      date:
      - Mon, 20 Sep 2021 12:01:04 GMT
      expires:
      - '-1'
      pragma:
      - no-cache
      server:
      - Microsoft-IIS/10.0
      - Microsoft-IIS/10.0
      strict-transport-security:
      - max-age=31536000; includeSubDomains
      transfer-encoding:
      - chunked
      vary:
      - Accept-Encoding
      x-content-type-options:
      - nosniff
      x-ms-ratelimit-remaining-subscription-resource-requests:
      - '149'
      x-powered-by:
      - ASP.NET
    status:
      code: 200
      message: OK
- request:
    body: null
    headers:
      Accept:
      - application/json
      Accept-Encoding:
      - gzip, deflate
      CommandName:
      - backup job wait
      Connection:
      - keep-alive
      ParameterSetName:
      - -g -v -n
      User-Agent:
      - python/3.8.5 (Windows-10-10.0.19041-SP0) msrest/0.6.21 msrest_azure/0.6.4
        azure-mgmt-recoveryservicesbackup/0.14.0 Azure-SDK-For-Python AZURECLI/2.28.1
      accept-language:
      - en-US
    method: GET
    uri: https://management.azure.com/subscriptions/00000000-0000-0000-0000-000000000000/resourceGroups/clitest.rg000001/providers/Microsoft.RecoveryServices/vaults/clitest-vault000002/backupJobs/9fc606a0-3f63-4ad7-a02f-72bc525965b7?api-version=2021-07-01
  response:
    body:
      string: '{"id":"/subscriptions/00000000-0000-0000-0000-000000000000/resourceGroups/clitest.rg000001/providers/Microsoft.RecoveryServices/vaults/clitest-vault000002/backupJobs/9fc606a0-3f63-4ad7-a02f-72bc525965b7","name":"9fc606a0-3f63-4ad7-a02f-72bc525965b7","type":"Microsoft.RecoveryServices/vaults/backupJobs","properties":{"jobType":"AzureStorageJob","duration":"PT1.62601S","storageAccountName":"clitest000003","storageAccountVersion":"MicrosoftStorage","extendedInfo":{"tasksList":[{"taskId":"Take
        Snapshot","status":"Completed"}],"propertyBag":{"Data Transferred (in MB)":"0","File
        Share Name":"clitest-item000004","Whether job is adhoc or scheduled.":"True"}},"isUserTriggered":false,"entityFriendlyName":"clitest-item000004","backupManagementType":"AzureStorage","operation":"Backup","status":"Completed","startTime":"2021-09-20T12:01:03.135445Z","endTime":"2021-09-20T12:01:04.761455Z","activityId":"6c699767-1a0a-11ec-92b2-c8f750f92764"}}'
    headers:
      cache-control:
      - no-cache
      content-length:
      - '972'
      content-type:
      - application/json
      date:
      - Mon, 20 Sep 2021 12:01:05 GMT
      expires:
      - '-1'
      pragma:
      - no-cache
      server:
      - Microsoft-IIS/10.0
      - Microsoft-IIS/10.0
      strict-transport-security:
      - max-age=31536000; includeSubDomains
      transfer-encoding:
      - chunked
      vary:
      - Accept-Encoding
      x-content-type-options:
      - nosniff
      x-ms-ratelimit-remaining-subscription-resource-requests:
      - '148'
      x-powered-by:
      - ASP.NET
    status:
      code: 200
      message: OK
- request:
    body: null
    headers:
      Accept:
      - application/json
      Accept-Encoding:
      - gzip, deflate
      CommandName:
      - backup recoverypoint list
      Connection:
      - keep-alive
      ParameterSetName:
      - -g -v -c -i --backup-management-type
      User-Agent:
      - python/3.8.5 (Windows-10-10.0.19041-SP0) msrest/0.6.21 msrest_azure/0.6.4
        azure-mgmt-recoveryservicesbackup/0.14.0 Azure-SDK-For-Python AZURECLI/2.28.1
      accept-language:
      - en-US
    method: GET
    uri: https://management.azure.com/subscriptions/00000000-0000-0000-0000-000000000000/resourceGroups/clitest.rg000001/providers/Microsoft.RecoveryServices/vaults/clitest-vault000002/backupProtectedItems?api-version=2021-07-01&$filter=backupManagementType%20eq%20%27AzureStorage%27
  response:
    body:
      string: '{"value":[{"id":"/subscriptions/00000000-0000-0000-0000-000000000000/resourceGroups/clitest.rg000001/providers/Microsoft.RecoveryServices/vaults/clitest-vault000002/backupFabrics/Azure/protectionContainers/StorageContainer;storage;clitest.rg000001;clitest000003/protectedItems/AzureFileShare;03ac3e18d50f460c4bc9e4a049de994910a696610c71f89edfa39675e7e820a6","name":"AzureFileShare;03ac3e18d50f460c4bc9e4a049de994910a696610c71f89edfa39675e7e820a6","type":"Microsoft.RecoveryServices/vaults/backupFabrics/protectionContainers/protectedItems","properties":{"kpisHealths":{"BackupOperationStatusKPI":{"resourceHealthStatus":"Healthy","resourceHealthDetails":[{"code":0,"title":"Success","message":"","recommendations":[]}]}},"friendlyName":"clitest-item000004","protectionStatus":"Healthy","protectionState":"Protected","lastBackupStatus":"Completed","lastBackupTime":"2021-09-20T12:01:03.135445Z","protectedItemType":"AzureFileShareProtectedItem","backupManagementType":"AzureStorage","workloadType":"AzureFileShare","containerName":"StorageContainer;storage;clitest.rg000001;clitest000003","sourceResourceId":"/subscriptions/00000000-0000-0000-0000-000000000000/resourceGroups/clitest.rg000001/providers/Microsoft.storage/storageAccounts/clitest000003","policyId":"/subscriptions/00000000-0000-0000-0000-000000000000/resourceGroups/clitest.rg000001/providers/Microsoft.RecoveryServices/vaults/clitest-vault000002/backupPolicies/clitest-item000005","isArchiveEnabled":false}}]}'
    headers:
      cache-control:
      - no-cache
      content-length:
      - '1549'
      content-type:
      - application/json
      date:
      - Mon, 20 Sep 2021 12:01:35 GMT
      expires:
      - '-1'
      pragma:
      - no-cache
      server:
      - Microsoft-IIS/10.0
      strict-transport-security:
      - max-age=31536000; includeSubDomains
      transfer-encoding:
      - chunked
      vary:
      - Accept-Encoding
      x-content-type-options:
      - nosniff
      x-ms-ratelimit-remaining-subscription-resource-requests:
      - '149'
      x-powered-by:
      - ASP.NET
    status:
      code: 200
      message: OK
- request:
    body: null
    headers:
      Accept:
      - application/json
      Accept-Encoding:
      - gzip, deflate
      CommandName:
      - backup recoverypoint list
      Connection:
      - keep-alive
      ParameterSetName:
      - -g -v -c -i --backup-management-type
      User-Agent:
      - python/3.8.5 (Windows-10-10.0.19041-SP0) msrest/0.6.21 msrest_azure/0.6.4
        azure-mgmt-recoveryservicesbackup/0.14.0 Azure-SDK-For-Python AZURECLI/2.28.1
      accept-language:
      - en-US
    method: GET
    uri: https://management.azure.com/subscriptions/00000000-0000-0000-0000-000000000000/resourceGroups/clitest.rg000001/providers/Microsoft.RecoveryServices/vaults/clitest-vault000002/backupFabrics/Azure/protectionContainers/StorageContainer%3Bstorage%3Bclitest.rg000001%3Bclitest000003/protectedItems/AzureFileShare%3B03ac3e18d50f460c4bc9e4a049de994910a696610c71f89edfa39675e7e820a6/recoveryPoints?api-version=2021-07-01
  response:
    body:
      string: '{"value":[{"id":"/subscriptions/00000000-0000-0000-0000-000000000000/resourceGroups/clitest.rg000001/providers/Microsoft.RecoveryServices/vaults/clitest-vault000002/backupFabrics/Azure/protectionContainers/StorageContainer;storage;clitest.rg000001;clitest000003/protectedItems/AzureFileShare;03ac3e18d50f460c4bc9e4a049de994910a696610c71f89edfa39675e7e820a6/recoveryPoints/54896140666921","name":"54896140666921","type":"Microsoft.RecoveryServices/vaults/backupFabrics/protectionContainers/protectedItems/recoveryPoints","properties":{"objectType":"AzureFileShareRecoveryPoint","recoveryPointType":"FileSystemConsistent","recoveryPointTime":"2021-09-20T12:01:03Z","fileShareSnapshotUri":"https://clitest000003.file.core.windows.net/clitest-item000004?sharesnapshot=2021-09-20T12:01:03.0000000Z","recoveryPointSizeInGB":0}},{"id":"/subscriptions/00000000-0000-0000-0000-000000000000/resourceGroups/clitest.rg000001/providers/Microsoft.RecoveryServices/vaults/clitest-vault000002/backupFabrics/Azure/protectionContainers/StorageContainer;storage;clitest.rg000001;clitest000003/protectedItems/AzureFileShare;03ac3e18d50f460c4bc9e4a049de994910a696610c71f89edfa39675e7e820a6/recoveryPoints/56963014607298","name":"56963014607298","type":"Microsoft.RecoveryServices/vaults/backupFabrics/protectionContainers/protectedItems/recoveryPoints","properties":{"objectType":"AzureFileShareRecoveryPoint","recoveryPointType":"FileSystemConsistent","recoveryPointTime":"2021-09-20T12:00:52Z","fileShareSnapshotUri":"https://clitest000003.file.core.windows.net/clitest-item000004?sharesnapshot=2021-09-20T12:00:52.0000000Z","recoveryPointSizeInGB":0}}]}'
    headers:
      cache-control:
      - no-cache
      content-length:
      - '1717'
      content-type:
      - application/json
      date:
      - Mon, 20 Sep 2021 12:01:36 GMT
      expires:
      - '-1'
      pragma:
      - no-cache
      server:
      - Microsoft-IIS/10.0
      strict-transport-security:
      - max-age=31536000; includeSubDomains
      transfer-encoding:
      - chunked
      vary:
      - Accept-Encoding
      x-content-type-options:
      - nosniff
      x-ms-ratelimit-remaining-subscription-resource-requests:
      - '149'
      x-powered-by:
      - ASP.NET
    status:
      code: 200
      message: OK
- request:
    body: null
    headers:
      Accept:
      - application/json
      Accept-Encoding:
      - gzip, deflate
      CommandName:
      - backup protection disable
      Connection:
      - keep-alive
      ParameterSetName:
      - -g -v -c -i --backup-management-type --delete-backup-data --yes
      User-Agent:
      - python/3.8.5 (Windows-10-10.0.19041-SP0) msrest/0.6.21 msrest_azure/0.6.4
        azure-mgmt-recoveryservicesbackup/0.14.0 Azure-SDK-For-Python AZURECLI/2.28.1
      accept-language:
      - en-US
    method: GET
    uri: https://management.azure.com/subscriptions/00000000-0000-0000-0000-000000000000/resourceGroups/clitest.rg000001/providers/Microsoft.RecoveryServices/vaults/clitest-vault000002/backupProtectedItems?api-version=2021-07-01&$filter=backupManagementType%20eq%20%27AzureStorage%27
  response:
    body:
      string: '{"value":[{"id":"/subscriptions/00000000-0000-0000-0000-000000000000/resourceGroups/clitest.rg000001/providers/Microsoft.RecoveryServices/vaults/clitest-vault000002/backupFabrics/Azure/protectionContainers/StorageContainer;storage;clitest.rg000001;clitest000003/protectedItems/AzureFileShare;03ac3e18d50f460c4bc9e4a049de994910a696610c71f89edfa39675e7e820a6","name":"AzureFileShare;03ac3e18d50f460c4bc9e4a049de994910a696610c71f89edfa39675e7e820a6","type":"Microsoft.RecoveryServices/vaults/backupFabrics/protectionContainers/protectedItems","properties":{"kpisHealths":{"BackupOperationStatusKPI":{"resourceHealthStatus":"Healthy","resourceHealthDetails":[{"code":0,"title":"Success","message":"","recommendations":[]}]}},"friendlyName":"clitest-item000004","protectionStatus":"Healthy","protectionState":"Protected","lastBackupStatus":"Completed","lastBackupTime":"2021-09-20T12:01:03.135445Z","protectedItemType":"AzureFileShareProtectedItem","backupManagementType":"AzureStorage","workloadType":"AzureFileShare","containerName":"StorageContainer;storage;clitest.rg000001;clitest000003","sourceResourceId":"/subscriptions/00000000-0000-0000-0000-000000000000/resourceGroups/clitest.rg000001/providers/Microsoft.storage/storageAccounts/clitest000003","policyId":"/subscriptions/00000000-0000-0000-0000-000000000000/resourceGroups/clitest.rg000001/providers/Microsoft.RecoveryServices/vaults/clitest-vault000002/backupPolicies/clitest-item000005","isArchiveEnabled":false}}]}'
    headers:
      cache-control:
      - no-cache
      content-length:
      - '1549'
      content-type:
      - application/json
      date:
      - Mon, 20 Sep 2021 12:01:37 GMT
      expires:
      - '-1'
      pragma:
      - no-cache
      server:
      - Microsoft-IIS/10.0
      strict-transport-security:
      - max-age=31536000; includeSubDomains
      transfer-encoding:
      - chunked
      vary:
      - Accept-Encoding
      x-content-type-options:
      - nosniff
      x-ms-ratelimit-remaining-subscription-resource-requests:
      - '148'
      x-powered-by:
      - ASP.NET
    status:
      code: 200
      message: OK
- request:
    body: null
    headers:
      Accept:
      - application/json
      Accept-Encoding:
      - gzip, deflate
      CommandName:
      - backup protection disable
      Connection:
      - keep-alive
      Content-Length:
      - '0'
      ParameterSetName:
      - -g -v -c -i --backup-management-type --delete-backup-data --yes
      User-Agent:
      - python/3.8.5 (Windows-10-10.0.19041-SP0) msrest/0.6.21 msrest_azure/0.6.4
        azure-mgmt-recoveryservicesbackup/0.14.0 Azure-SDK-For-Python AZURECLI/2.28.1
      accept-language:
      - en-US
    method: DELETE
    uri: https://management.azure.com/subscriptions/00000000-0000-0000-0000-000000000000/resourceGroups/clitest.rg000001/providers/Microsoft.RecoveryServices/vaults/clitest-vault000002/backupFabrics/Azure/protectionContainers/StorageContainer%3Bstorage%3Bclitest.rg000001%3Bclitest000003/protectedItems/AzureFileShare%3B03ac3e18d50f460c4bc9e4a049de994910a696610c71f89edfa39675e7e820a6?api-version=2021-07-01
  response:
    body:
      string: ''
    headers:
      azure-asyncoperation:
      - https://management.azure.com/subscriptions/00000000-0000-0000-0000-000000000000/resourceGroups/clitest.rg000001/providers/Microsoft.RecoveryServices/vaults/clitest-vault000002/backupOperations/213bac90-7e10-49ac-8bf8-e9f987d56498?api-version=2021-07-01
      cache-control:
      - no-cache
      content-length:
      - '0'
      date:
      - Mon, 20 Sep 2021 12:01:37 GMT
      expires:
      - '-1'
      location:
      - https://management.azure.com/subscriptions/00000000-0000-0000-0000-000000000000/resourceGroups/clitest.rg000001/providers/Microsoft.RecoveryServices/vaults/clitest-vault000002/backupOperationResults/213bac90-7e10-49ac-8bf8-e9f987d56498?api-version=2021-07-01
      pragma:
      - no-cache
      strict-transport-security:
      - max-age=31536000; includeSubDomains
      x-content-type-options:
      - nosniff
      x-ms-ratelimit-remaining-subscription-deletes:
      - '14999'
      x-powered-by:
      - ASP.NET
    status:
      code: 202
      message: Accepted
- request:
    body: null
    headers:
      Accept:
      - application/json
      Accept-Encoding:
      - gzip, deflate
      CommandName:
      - backup protection disable
      Connection:
      - keep-alive
      ParameterSetName:
      - -g -v -c -i --backup-management-type --delete-backup-data --yes
      User-Agent:
      - python/3.8.5 (Windows-10-10.0.19041-SP0) msrest/0.6.21 msrest_azure/0.6.4
        azure-mgmt-recoveryservicesbackup/0.14.0 Azure-SDK-For-Python AZURECLI/2.28.1
      accept-language:
      - en-US
    method: GET
    uri: https://management.azure.com/subscriptions/00000000-0000-0000-0000-000000000000/resourceGroups/clitest.rg000001/providers/Microsoft.RecoveryServices/vaults/clitest-vault000002/backupOperations/213bac90-7e10-49ac-8bf8-e9f987d56498?api-version=2021-07-01
  response:
    body:
      string: '{"id":"213bac90-7e10-49ac-8bf8-e9f987d56498","name":"213bac90-7e10-49ac-8bf8-e9f987d56498","status":"InProgress","startTime":"2021-09-20T12:01:37.7332177Z","endTime":"0001-01-01T00:00:00"}'
    headers:
      cache-control:
      - no-cache
      content-length:
      - '188'
      content-type:
      - application/json
      date:
      - Mon, 20 Sep 2021 12:01:38 GMT
      expires:
      - '-1'
      pragma:
      - no-cache
      server:
      - Microsoft-IIS/10.0
      strict-transport-security:
      - max-age=31536000; includeSubDomains
      transfer-encoding:
      - chunked
      vary:
      - Accept-Encoding
      x-content-type-options:
      - nosniff
      x-ms-ratelimit-remaining-subscription-resource-requests:
      - '149'
      x-powered-by:
      - ASP.NET
    status:
      code: 200
      message: OK
- request:
    body: null
    headers:
      Accept:
      - application/json
      Accept-Encoding:
      - gzip, deflate
      CommandName:
      - backup protection disable
      Connection:
      - keep-alive
      ParameterSetName:
      - -g -v -c -i --backup-management-type --delete-backup-data --yes
      User-Agent:
      - python/3.8.5 (Windows-10-10.0.19041-SP0) msrest/0.6.21 msrest_azure/0.6.4
        azure-mgmt-recoveryservicesbackup/0.14.0 Azure-SDK-For-Python AZURECLI/2.28.1
      accept-language:
      - en-US
    method: GET
    uri: https://management.azure.com/subscriptions/00000000-0000-0000-0000-000000000000/resourceGroups/clitest.rg000001/providers/Microsoft.RecoveryServices/vaults/clitest-vault000002/backupOperations/213bac90-7e10-49ac-8bf8-e9f987d56498?api-version=2021-07-01
  response:
    body:
      string: '{"id":"213bac90-7e10-49ac-8bf8-e9f987d56498","name":"213bac90-7e10-49ac-8bf8-e9f987d56498","status":"InProgress","startTime":"2021-09-20T12:01:37.7332177Z","endTime":"0001-01-01T00:00:00"}'
    headers:
      cache-control:
      - no-cache
      content-length:
      - '188'
      content-type:
      - application/json
      date:
      - Mon, 20 Sep 2021 12:01:43 GMT
      expires:
      - '-1'
      pragma:
      - no-cache
      server:
      - Microsoft-IIS/10.0
      strict-transport-security:
      - max-age=31536000; includeSubDomains
      transfer-encoding:
      - chunked
      vary:
      - Accept-Encoding
      x-content-type-options:
      - nosniff
      x-ms-ratelimit-remaining-subscription-resource-requests:
      - '148'
      x-powered-by:
      - ASP.NET
    status:
      code: 200
      message: OK
- request:
    body: null
    headers:
      Accept:
      - application/json
      Accept-Encoding:
      - gzip, deflate
      CommandName:
      - backup protection disable
      Connection:
      - keep-alive
      ParameterSetName:
      - -g -v -c -i --backup-management-type --delete-backup-data --yes
      User-Agent:
      - python/3.8.5 (Windows-10-10.0.19041-SP0) msrest/0.6.21 msrest_azure/0.6.4
        azure-mgmt-recoveryservicesbackup/0.14.0 Azure-SDK-For-Python AZURECLI/2.28.1
      accept-language:
      - en-US
    method: GET
    uri: https://management.azure.com/subscriptions/00000000-0000-0000-0000-000000000000/resourceGroups/clitest.rg000001/providers/Microsoft.RecoveryServices/vaults/clitest-vault000002/backupOperations/213bac90-7e10-49ac-8bf8-e9f987d56498?api-version=2021-07-01
  response:
    body:
      string: '{"id":"213bac90-7e10-49ac-8bf8-e9f987d56498","name":"213bac90-7e10-49ac-8bf8-e9f987d56498","status":"InProgress","startTime":"2021-09-20T12:01:37.7332177Z","endTime":"0001-01-01T00:00:00"}'
    headers:
      cache-control:
      - no-cache
      content-length:
      - '188'
      content-type:
      - application/json
      date:
      - Mon, 20 Sep 2021 12:01:48 GMT
      expires:
      - '-1'
      pragma:
      - no-cache
      server:
      - Microsoft-IIS/10.0
      strict-transport-security:
      - max-age=31536000; includeSubDomains
      transfer-encoding:
      - chunked
      vary:
      - Accept-Encoding
      x-content-type-options:
      - nosniff
      x-ms-ratelimit-remaining-subscription-resource-requests:
      - '147'
      x-powered-by:
      - ASP.NET
    status:
      code: 200
      message: OK
- request:
    body: null
    headers:
      Accept:
      - application/json
      Accept-Encoding:
      - gzip, deflate
      CommandName:
      - backup protection disable
      Connection:
      - keep-alive
      ParameterSetName:
      - -g -v -c -i --backup-management-type --delete-backup-data --yes
      User-Agent:
      - python/3.8.5 (Windows-10-10.0.19041-SP0) msrest/0.6.21 msrest_azure/0.6.4
        azure-mgmt-recoveryservicesbackup/0.14.0 Azure-SDK-For-Python AZURECLI/2.28.1
      accept-language:
      - en-US
    method: GET
    uri: https://management.azure.com/subscriptions/00000000-0000-0000-0000-000000000000/resourceGroups/clitest.rg000001/providers/Microsoft.RecoveryServices/vaults/clitest-vault000002/backupOperations/213bac90-7e10-49ac-8bf8-e9f987d56498?api-version=2021-07-01
  response:
    body:
      string: '{"id":"213bac90-7e10-49ac-8bf8-e9f987d56498","name":"213bac90-7e10-49ac-8bf8-e9f987d56498","status":"InProgress","startTime":"2021-09-20T12:01:37.7332177Z","endTime":"0001-01-01T00:00:00"}'
    headers:
      cache-control:
      - no-cache
      content-length:
      - '188'
      content-type:
      - application/json
      date:
      - Mon, 20 Sep 2021 12:01:54 GMT
      expires:
      - '-1'
      pragma:
      - no-cache
      server:
      - Microsoft-IIS/10.0
      strict-transport-security:
      - max-age=31536000; includeSubDomains
      transfer-encoding:
      - chunked
      vary:
      - Accept-Encoding
      x-content-type-options:
      - nosniff
      x-ms-ratelimit-remaining-subscription-resource-requests:
      - '146'
      x-powered-by:
      - ASP.NET
    status:
      code: 200
      message: OK
- request:
    body: null
    headers:
      Accept:
      - application/json
      Accept-Encoding:
      - gzip, deflate
      CommandName:
      - backup protection disable
      Connection:
      - keep-alive
      ParameterSetName:
      - -g -v -c -i --backup-management-type --delete-backup-data --yes
      User-Agent:
      - python/3.8.5 (Windows-10-10.0.19041-SP0) msrest/0.6.21 msrest_azure/0.6.4
        azure-mgmt-recoveryservicesbackup/0.14.0 Azure-SDK-For-Python AZURECLI/2.28.1
      accept-language:
      - en-US
    method: GET
    uri: https://management.azure.com/subscriptions/00000000-0000-0000-0000-000000000000/resourceGroups/clitest.rg000001/providers/Microsoft.RecoveryServices/vaults/clitest-vault000002/backupOperations/213bac90-7e10-49ac-8bf8-e9f987d56498?api-version=2021-07-01
  response:
    body:
      string: '{"id":"213bac90-7e10-49ac-8bf8-e9f987d56498","name":"213bac90-7e10-49ac-8bf8-e9f987d56498","status":"InProgress","startTime":"2021-09-20T12:01:37.7332177Z","endTime":"0001-01-01T00:00:00"}'
    headers:
      cache-control:
      - no-cache
      content-length:
      - '188'
      content-type:
      - application/json
      date:
      - Mon, 20 Sep 2021 12:01:58 GMT
      expires:
      - '-1'
      pragma:
      - no-cache
      server:
      - Microsoft-IIS/10.0
      strict-transport-security:
      - max-age=31536000; includeSubDomains
      transfer-encoding:
      - chunked
      vary:
      - Accept-Encoding
      x-content-type-options:
      - nosniff
      x-ms-ratelimit-remaining-subscription-resource-requests:
      - '145'
      x-powered-by:
      - ASP.NET
    status:
      code: 200
      message: OK
- request:
    body: null
    headers:
      Accept:
      - application/json
      Accept-Encoding:
      - gzip, deflate
      CommandName:
      - backup protection disable
      Connection:
      - keep-alive
      ParameterSetName:
      - -g -v -c -i --backup-management-type --delete-backup-data --yes
      User-Agent:
      - python/3.8.5 (Windows-10-10.0.19041-SP0) msrest/0.6.21 msrest_azure/0.6.4
        azure-mgmt-recoveryservicesbackup/0.14.0 Azure-SDK-For-Python AZURECLI/2.28.1
      accept-language:
      - en-US
    method: GET
    uri: https://management.azure.com/subscriptions/00000000-0000-0000-0000-000000000000/resourceGroups/clitest.rg000001/providers/Microsoft.RecoveryServices/vaults/clitest-vault000002/backupOperations/213bac90-7e10-49ac-8bf8-e9f987d56498?api-version=2021-07-01
  response:
    body:
      string: '{"id":"213bac90-7e10-49ac-8bf8-e9f987d56498","name":"213bac90-7e10-49ac-8bf8-e9f987d56498","status":"Succeeded","startTime":"2021-09-20T12:01:37.7332177Z","endTime":"2021-09-20T12:01:37.7332177Z","properties":{"objectType":"OperationStatusJobExtendedInfo","jobId":"48994f8f-6bff-464e-b982-be3afe4e895a"}}'
    headers:
      cache-control:
      - no-cache
      content-length:
      - '304'
      content-type:
      - application/json
      date:
      - Mon, 20 Sep 2021 12:02:04 GMT
      expires:
      - '-1'
      pragma:
      - no-cache
      server:
      - Microsoft-IIS/10.0
      strict-transport-security:
      - max-age=31536000; includeSubDomains
      transfer-encoding:
      - chunked
      vary:
      - Accept-Encoding
      x-content-type-options:
      - nosniff
      x-ms-ratelimit-remaining-subscription-resource-requests:
      - '144'
      x-powered-by:
      - ASP.NET
    status:
      code: 200
      message: OK
- request:
    body: null
    headers:
      Accept:
      - application/json
      Accept-Encoding:
      - gzip, deflate
      CommandName:
      - backup protection disable
      Connection:
      - keep-alive
      ParameterSetName:
      - -g -v -c -i --backup-management-type --delete-backup-data --yes
      User-Agent:
      - python/3.8.5 (Windows-10-10.0.19041-SP0) msrest/0.6.21 msrest_azure/0.6.4
        azure-mgmt-recoveryservicesbackup/0.14.0 Azure-SDK-For-Python AZURECLI/2.28.1
      accept-language:
      - en-US
    method: GET
    uri: https://management.azure.com/subscriptions/00000000-0000-0000-0000-000000000000/resourceGroups/clitest.rg000001/providers/Microsoft.RecoveryServices/vaults/clitest-vault000002/backupJobs/48994f8f-6bff-464e-b982-be3afe4e895a?api-version=2021-07-01
  response:
    body:
      string: '{"id":"/subscriptions/00000000-0000-0000-0000-000000000000/resourceGroups/clitest.rg000001/providers/Microsoft.RecoveryServices/vaults/clitest-vault000002/backupJobs/48994f8f-6bff-464e-b982-be3afe4e895a","name":"48994f8f-6bff-464e-b982-be3afe4e895a","type":"Microsoft.RecoveryServices/vaults/backupJobs","properties":{"jobType":"AzureStorageJob","duration":"PT21.9245355S","storageAccountName":"clitest000003","storageAccountVersion":"Storage","extendedInfo":{"tasksList":[],"propertyBag":{"File
        Share Name":"clitest-item000004","Storage Account Name":"clitest000003"}},"isUserTriggered":false,"entityFriendlyName":"clitest-item000004","backupManagementType":"AzureStorage","operation":"DeleteBackupData","status":"Completed","startTime":"2021-09-20T12:01:37.7332177Z","endTime":"2021-09-20T12:01:59.6577532Z","activityId":"81631fbd-1a0a-11ec-a98f-c8f750f92764"}}'
    headers:
      cache-control:
      - no-cache
      content-length:
      - '906'
      content-type:
      - application/json
      date:
      - Mon, 20 Sep 2021 12:02:05 GMT
      expires:
      - '-1'
      pragma:
      - no-cache
      server:
      - Microsoft-IIS/10.0
      - Microsoft-IIS/10.0
      strict-transport-security:
      - max-age=31536000; includeSubDomains
      transfer-encoding:
      - chunked
      vary:
      - Accept-Encoding
      x-content-type-options:
      - nosniff
      x-ms-ratelimit-remaining-subscription-resource-requests:
      - '149'
      x-powered-by:
      - ASP.NET
    status:
      code: 200
      message: OK
- request:
    body: null
    headers:
      Accept:
      - application/json
      Accept-Encoding:
      - gzip, deflate
      CommandName:
      - backup container unregister
      Connection:
      - keep-alive
      ParameterSetName:
      - -g -v -c --yes --backup-management-type
      User-Agent:
      - python/3.8.5 (Windows-10-10.0.19041-SP0) msrest/0.6.21 msrest_azure/0.6.4
        azure-mgmt-recoveryservicesbackup/0.14.0 Azure-SDK-For-Python AZURECLI/2.28.1
      accept-language:
      - en-US
    method: GET
    uri: https://management.azure.com/subscriptions/00000000-0000-0000-0000-000000000000/resourceGroups/clitest.rg000001/providers/Microsoft.RecoveryServices/vaults/clitest-vault000002/backupProtectionContainers?api-version=2021-07-01&$filter=backupManagementType%20eq%20%27AzureStorage%27%20and%20friendlyName%20eq%20%27clitest000003%27%20and%20status%20eq%20%27Registered%27
  response:
    body:
      string: '{"value":[{"id":"/subscriptions/00000000-0000-0000-0000-000000000000/resourceGroups/clitest.rg000001/providers/Microsoft.RecoveryServices/vaults/clitest-vault000002/backupFabrics/Azure/protectionContainers/StorageContainer;Storage;clitest.rg000001;clitest000003","name":"StorageContainer;Storage;clitest.rg000001;clitest000003","type":"Microsoft.RecoveryServices/vaults/backupFabrics/protectionContainers","properties":{"sourceResourceId":"/subscriptions/00000000-0000-0000-0000-000000000000/resourceGroups/clitest.rg000001/providers/Microsoft.Storage/storageAccounts/clitest000003","protectedItemCount":0,"acquireStorageAccountLock":"Acquire","friendlyName":"clitest000003","backupManagementType":"AzureStorage","registrationStatus":"Registered","healthStatus":"Healthy","containerType":"StorageContainer","protectableObjectType":"StorageContainer"}}]}'
    headers:
      cache-control:
      - no-cache
      content-length:
      - '918'
      content-type:
      - application/json
      date:
      - Mon, 20 Sep 2021 12:02:05 GMT
      expires:
      - '-1'
      pragma:
      - no-cache
      server:
      - Microsoft-IIS/10.0
      strict-transport-security:
      - max-age=31536000; includeSubDomains
      transfer-encoding:
      - chunked
      vary:
      - Accept-Encoding
      x-content-type-options:
      - nosniff
      x-ms-ratelimit-remaining-subscription-resource-requests:
      - '149'
      x-powered-by:
      - ASP.NET
    status:
      code: 200
      message: OK
- request:
    body: null
    headers:
      Accept:
      - application/json
      Accept-Encoding:
      - gzip, deflate
      CommandName:
      - backup container unregister
      Connection:
      - keep-alive
      Content-Length:
      - '0'
      ParameterSetName:
      - -g -v -c --yes --backup-management-type
      User-Agent:
      - python/3.8.5 (Windows-10-10.0.19041-SP0) msrest/0.6.21 msrest_azure/0.6.4
        azure-mgmt-recoveryservicesbackup/0.14.0 Azure-SDK-For-Python AZURECLI/2.28.1
      accept-language:
      - en-US
    method: DELETE
    uri: https://management.azure.com/subscriptions/00000000-0000-0000-0000-000000000000/resourceGroups/clitest.rg000001/providers/Microsoft.RecoveryServices/vaults/clitest-vault000002/backupFabrics/Azure/protectionContainers/StorageContainer%3BStorage%3Bclitest.rg000001%3Bclitest000003?api-version=2021-07-01
  response:
    body:
      string: ''
    headers:
      azure-asyncoperation:
      - https://management.azure.com/subscriptions/00000000-0000-0000-0000-000000000000/resourceGroups/clitest.rg000001/providers/Microsoft.RecoveryServices/vaults/clitest-vault000002/backupFabrics/Azure/operationsStatus/a8fb1f05-29f9-46bc-8e79-fed7f9395708?api-version=2019-05-13-preview
      cache-control:
      - no-cache
      content-length:
      - '0'
      date:
      - Mon, 20 Sep 2021 12:02:06 GMT
      expires:
      - '-1'
      location:
      - https://management.azure.com/subscriptions/00000000-0000-0000-0000-000000000000/resourceGroups/clitest.rg000001/providers/Microsoft.RecoveryServices/vaults/clitest-vault000002/backupOperationResults/a8fb1f05-29f9-46bc-8e79-fed7f9395708?fabricName=Azure?api-version=2021-07-01
      pragma:
      - no-cache
      strict-transport-security:
      - max-age=31536000; includeSubDomains
      x-content-type-options:
      - nosniff
      x-ms-ratelimit-remaining-subscription-deletes:
      - '14999'
      x-powered-by:
      - ASP.NET
    status:
      code: 202
      message: Accepted
- request:
    body: null
    headers:
      Accept:
      - application/json
      Accept-Encoding:
      - gzip, deflate
      CommandName:
      - backup container unregister
      Connection:
      - keep-alive
      ParameterSetName:
      - -g -v -c --yes --backup-management-type
      User-Agent:
      - python/3.8.5 (Windows-10-10.0.19041-SP0) msrest/0.6.21 msrest_azure/0.6.4
        azure-mgmt-recoveryservicesbackup/0.14.0 Azure-SDK-For-Python AZURECLI/2.28.1
      accept-language:
      - en-US
    method: GET
    uri: https://management.azure.com/subscriptions/00000000-0000-0000-0000-000000000000/resourceGroups/clitest.rg000001/providers/Microsoft.RecoveryServices/vaults/clitest-vault000002/backupFabrics/Azure/protectionContainers/StorageContainer%3BStorage%3Bclitest.rg000001%3Bclitest000003/operationResults/a8fb1f05-29f9-46bc-8e79-fed7f9395708?api-version=2021-07-01
  response:
    body:
      string: '{}'
    headers:
      azure-asyncoperation:
      - https://management.azure.com/subscriptions/00000000-0000-0000-0000-000000000000/resourceGroups/clitest.rg000001/providers/Microsoft.RecoveryServices/vaults/clitest-vault000002/backupFabrics/Azure/protectionContainers/StorageContainer;Storage;clitest.rg000001;clitest000003/operationsStatus/a8fb1f05-29f9-46bc-8e79-fed7f9395708?api-version=2019-05-13-preview
      cache-control:
      - no-cache
      content-length:
      - '2'
      content-type:
      - application/json
      date:
      - Mon, 20 Sep 2021 12:02:07 GMT
      expires:
      - '-1'
      location:
      - https://management.azure.com/subscriptions/00000000-0000-0000-0000-000000000000/resourceGroups/clitest.rg000001/providers/Microsoft.RecoveryServices/vaults/clitest-vault000002/backupFabrics/Azure/protectionContainers/StorageContainer;Storage;clitest.rg000001;clitest000003/operationResults/a8fb1f05-29f9-46bc-8e79-fed7f9395708?api-version=2021-07-01
      pragma:
      - no-cache
      server:
      - Microsoft-IIS/10.0
      strict-transport-security:
      - max-age=31536000; includeSubDomains
      x-content-type-options:
      - nosniff
      x-ms-ratelimit-remaining-subscription-resource-requests:
      - '149'
      x-powered-by:
      - ASP.NET
    status:
      code: 202
      message: Accepted
- request:
    body: null
    headers:
      Accept:
      - application/json
      Accept-Encoding:
      - gzip, deflate
      CommandName:
      - backup container unregister
      Connection:
      - keep-alive
      ParameterSetName:
      - -g -v -c --yes --backup-management-type
      User-Agent:
      - python/3.8.5 (Windows-10-10.0.19041-SP0) msrest/0.6.21 msrest_azure/0.6.4
        azure-mgmt-recoveryservicesbackup/0.14.0 Azure-SDK-For-Python AZURECLI/2.28.1
      accept-language:
      - en-US
    method: GET
    uri: https://management.azure.com/subscriptions/00000000-0000-0000-0000-000000000000/resourceGroups/clitest.rg000001/providers/Microsoft.RecoveryServices/vaults/clitest-vault000002/backupFabrics/Azure/protectionContainers/StorageContainer%3BStorage%3Bclitest.rg000001%3Bclitest000003/operationResults/a8fb1f05-29f9-46bc-8e79-fed7f9395708?api-version=2021-07-01
  response:
    body:
      string: '{}'
    headers:
      azure-asyncoperation:
      - https://management.azure.com/subscriptions/00000000-0000-0000-0000-000000000000/resourceGroups/clitest.rg000001/providers/Microsoft.RecoveryServices/vaults/clitest-vault000002/backupFabrics/Azure/protectionContainers/StorageContainer;Storage;clitest.rg000001;clitest000003/operationsStatus/a8fb1f05-29f9-46bc-8e79-fed7f9395708?api-version=2019-05-13-preview
      cache-control:
      - no-cache
      content-length:
      - '2'
      content-type:
      - application/json
      date:
      - Mon, 20 Sep 2021 12:02:13 GMT
      expires:
      - '-1'
      location:
      - https://management.azure.com/subscriptions/00000000-0000-0000-0000-000000000000/resourceGroups/clitest.rg000001/providers/Microsoft.RecoveryServices/vaults/clitest-vault000002/backupFabrics/Azure/protectionContainers/StorageContainer;Storage;clitest.rg000001;clitest000003/operationResults/a8fb1f05-29f9-46bc-8e79-fed7f9395708?api-version=2021-07-01
      pragma:
      - no-cache
      server:
      - Microsoft-IIS/10.0
      strict-transport-security:
      - max-age=31536000; includeSubDomains
      x-content-type-options:
      - nosniff
      x-ms-ratelimit-remaining-subscription-resource-requests:
      - '148'
      x-powered-by:
      - ASP.NET
    status:
      code: 202
      message: Accepted
- request:
    body: null
    headers:
      Accept:
      - application/json
      Accept-Encoding:
      - gzip, deflate
      CommandName:
      - backup container unregister
      Connection:
      - keep-alive
      ParameterSetName:
      - -g -v -c --yes --backup-management-type
      User-Agent:
      - python/3.8.5 (Windows-10-10.0.19041-SP0) msrest/0.6.21 msrest_azure/0.6.4
        azure-mgmt-recoveryservicesbackup/0.14.0 Azure-SDK-For-Python AZURECLI/2.28.1
      accept-language:
      - en-US
    method: GET
    uri: https://management.azure.com/subscriptions/00000000-0000-0000-0000-000000000000/resourceGroups/clitest.rg000001/providers/Microsoft.RecoveryServices/vaults/clitest-vault000002/backupFabrics/Azure/protectionContainers/StorageContainer%3BStorage%3Bclitest.rg000001%3Bclitest000003/operationResults/a8fb1f05-29f9-46bc-8e79-fed7f9395708?api-version=2021-07-01
  response:
    body:
      string: '{}'
    headers:
      azure-asyncoperation:
      - https://management.azure.com/subscriptions/00000000-0000-0000-0000-000000000000/resourceGroups/clitest.rg000001/providers/Microsoft.RecoveryServices/vaults/clitest-vault000002/backupFabrics/Azure/protectionContainers/StorageContainer;Storage;clitest.rg000001;clitest000003/operationsStatus/a8fb1f05-29f9-46bc-8e79-fed7f9395708?api-version=2019-05-13-preview
      cache-control:
      - no-cache
      content-length:
      - '2'
      content-type:
      - application/json
      date:
      - Mon, 20 Sep 2021 12:02:18 GMT
      expires:
      - '-1'
      location:
      - https://management.azure.com/subscriptions/00000000-0000-0000-0000-000000000000/resourceGroups/clitest.rg000001/providers/Microsoft.RecoveryServices/vaults/clitest-vault000002/backupFabrics/Azure/protectionContainers/StorageContainer;Storage;clitest.rg000001;clitest000003/operationResults/a8fb1f05-29f9-46bc-8e79-fed7f9395708?api-version=2021-07-01
      pragma:
      - no-cache
      server:
      - Microsoft-IIS/10.0
      strict-transport-security:
      - max-age=31536000; includeSubDomains
      x-content-type-options:
      - nosniff
      x-ms-ratelimit-remaining-subscription-resource-requests:
      - '147'
      x-powered-by:
      - ASP.NET
    status:
      code: 202
      message: Accepted
- request:
    body: null
    headers:
      Accept:
      - application/json
      Accept-Encoding:
      - gzip, deflate
      CommandName:
      - backup container unregister
      Connection:
      - keep-alive
      ParameterSetName:
      - -g -v -c --yes --backup-management-type
      User-Agent:
      - python/3.8.5 (Windows-10-10.0.19041-SP0) msrest/0.6.21 msrest_azure/0.6.4
        azure-mgmt-recoveryservicesbackup/0.14.0 Azure-SDK-For-Python AZURECLI/2.28.1
      accept-language:
      - en-US
    method: GET
    uri: https://management.azure.com/subscriptions/00000000-0000-0000-0000-000000000000/resourceGroups/clitest.rg000001/providers/Microsoft.RecoveryServices/vaults/clitest-vault000002/backupFabrics/Azure/protectionContainers/StorageContainer%3BStorage%3Bclitest.rg000001%3Bclitest000003/operationResults/a8fb1f05-29f9-46bc-8e79-fed7f9395708?api-version=2021-07-01
  response:
    body:
      string: '{}'
    headers:
      azure-asyncoperation:
      - https://management.azure.com/subscriptions/00000000-0000-0000-0000-000000000000/resourceGroups/clitest.rg000001/providers/Microsoft.RecoveryServices/vaults/clitest-vault000002/backupFabrics/Azure/protectionContainers/StorageContainer;Storage;clitest.rg000001;clitest000003/operationsStatus/a8fb1f05-29f9-46bc-8e79-fed7f9395708?api-version=2019-05-13-preview
      cache-control:
      - no-cache
      content-length:
      - '2'
      content-type:
      - application/json
      date:
      - Mon, 20 Sep 2021 12:02:23 GMT
      expires:
      - '-1'
      location:
      - https://management.azure.com/subscriptions/00000000-0000-0000-0000-000000000000/resourceGroups/clitest.rg000001/providers/Microsoft.RecoveryServices/vaults/clitest-vault000002/backupFabrics/Azure/protectionContainers/StorageContainer;Storage;clitest.rg000001;clitest000003/operationResults/a8fb1f05-29f9-46bc-8e79-fed7f9395708?api-version=2021-07-01
      pragma:
      - no-cache
      server:
      - Microsoft-IIS/10.0
      strict-transport-security:
      - max-age=31536000; includeSubDomains
      x-content-type-options:
      - nosniff
      x-ms-ratelimit-remaining-subscription-resource-requests:
      - '146'
      x-powered-by:
      - ASP.NET
    status:
      code: 202
      message: Accepted
- request:
    body: null
    headers:
      Accept:
      - application/json
      Accept-Encoding:
      - gzip, deflate
      CommandName:
      - backup container unregister
      Connection:
      - keep-alive
      ParameterSetName:
      - -g -v -c --yes --backup-management-type
      User-Agent:
      - python/3.8.5 (Windows-10-10.0.19041-SP0) msrest/0.6.21 msrest_azure/0.6.4
        azure-mgmt-recoveryservicesbackup/0.14.0 Azure-SDK-For-Python AZURECLI/2.28.1
      accept-language:
      - en-US
    method: GET
    uri: https://management.azure.com/subscriptions/00000000-0000-0000-0000-000000000000/resourceGroups/clitest.rg000001/providers/Microsoft.RecoveryServices/vaults/clitest-vault000002/backupFabrics/Azure/protectionContainers/StorageContainer%3BStorage%3Bclitest.rg000001%3Bclitest000003/operationResults/a8fb1f05-29f9-46bc-8e79-fed7f9395708?api-version=2021-07-01
  response:
    body:
      string: '{}'
    headers:
      azure-asyncoperation:
      - https://management.azure.com/subscriptions/00000000-0000-0000-0000-000000000000/resourceGroups/clitest.rg000001/providers/Microsoft.RecoveryServices/vaults/clitest-vault000002/backupFabrics/Azure/protectionContainers/StorageContainer;Storage;clitest.rg000001;clitest000003/operationsStatus/a8fb1f05-29f9-46bc-8e79-fed7f9395708?api-version=2019-05-13-preview
      cache-control:
      - no-cache
      content-length:
      - '2'
      content-type:
      - application/json
      date:
      - Mon, 20 Sep 2021 12:02:28 GMT
      expires:
      - '-1'
      location:
      - https://management.azure.com/subscriptions/00000000-0000-0000-0000-000000000000/resourceGroups/clitest.rg000001/providers/Microsoft.RecoveryServices/vaults/clitest-vault000002/backupFabrics/Azure/protectionContainers/StorageContainer;Storage;clitest.rg000001;clitest000003/operationResults/a8fb1f05-29f9-46bc-8e79-fed7f9395708?api-version=2021-07-01
      pragma:
      - no-cache
      server:
      - Microsoft-IIS/10.0
      strict-transport-security:
      - max-age=31536000; includeSubDomains
      x-content-type-options:
      - nosniff
      x-ms-ratelimit-remaining-subscription-resource-requests:
      - '145'
      x-powered-by:
      - ASP.NET
    status:
      code: 202
      message: Accepted
- request:
    body: null
    headers:
      Accept:
      - application/json
      Accept-Encoding:
      - gzip, deflate
      CommandName:
      - backup container unregister
      Connection:
      - keep-alive
      ParameterSetName:
      - -g -v -c --yes --backup-management-type
      User-Agent:
      - python/3.8.5 (Windows-10-10.0.19041-SP0) msrest/0.6.21 msrest_azure/0.6.4
        azure-mgmt-recoveryservicesbackup/0.14.0 Azure-SDK-For-Python AZURECLI/2.28.1
      accept-language:
      - en-US
    method: GET
    uri: https://management.azure.com/subscriptions/00000000-0000-0000-0000-000000000000/resourceGroups/clitest.rg000001/providers/Microsoft.RecoveryServices/vaults/clitest-vault000002/backupFabrics/Azure/protectionContainers/StorageContainer%3BStorage%3Bclitest.rg000001%3Bclitest000003/operationResults/a8fb1f05-29f9-46bc-8e79-fed7f9395708?api-version=2021-07-01
  response:
    body:
      string: ''
    headers:
      cache-control:
      - no-cache
      content-type:
      - application/json; charset=utf-8
      date:
      - Mon, 20 Sep 2021 12:02:34 GMT
      expires:
      - '-1'
      pragma:
      - no-cache
      strict-transport-security:
      - max-age=31536000; includeSubDomains
      x-content-type-options:
      - nosniff
      x-ms-ratelimit-remaining-subscription-resource-requests:
      - '144'
      x-powered-by:
      - ASP.NET
    status:
      code: 204
      message: No Content
- request:
    body: null
    headers:
      Accept:
      - application/json
      Accept-Encoding:
      - gzip, deflate
      CommandName:
      - backup container list
      Connection:
      - keep-alive
      ParameterSetName:
      - --backup-management-type -v -g --query
      User-Agent:
      - python/3.8.5 (Windows-10-10.0.19041-SP0) msrest/0.6.21 msrest_azure/0.6.4
        azure-mgmt-recoveryservicesbackup/0.14.0 Azure-SDK-For-Python AZURECLI/2.28.1
      accept-language:
      - en-US
    method: GET
    uri: https://management.azure.com/subscriptions/00000000-0000-0000-0000-000000000000/resourceGroups/clitest.rg000001/providers/Microsoft.RecoveryServices/vaults/clitest-vault000002/backupProtectionContainers?api-version=2021-07-01&$filter=backupManagementType%20eq%20%27AzureIaasVM%27%20and%20status%20eq%20%27Registered%27
  response:
    body:
      string: '{"value":[]}'
    headers:
      cache-control:
      - no-cache
      content-length:
      - '12'
      content-type:
      - application/json
      date:
      - Mon, 20 Sep 2021 12:04:14 GMT
      expires:
      - '-1'
      pragma:
      - no-cache
      server:
      - Microsoft-IIS/10.0
      strict-transport-security:
      - max-age=31536000; includeSubDomains
      transfer-encoding:
      - chunked
      vary:
      - Accept-Encoding
      x-content-type-options:
      - nosniff
      x-ms-ratelimit-remaining-subscription-resource-requests:
      - '149'
      x-powered-by:
      - ASP.NET
    status:
      code: 200
      message: OK
- request:
    body: null
    headers:
      Accept:
      - application/json
      Accept-Encoding:
      - gzip, deflate
      CommandName:
      - backup vault delete
      Connection:
      - keep-alive
      Content-Length:
      - '0'
      ParameterSetName:
      - -n -g --yes
      User-Agent:
      - AZURECLI/2.28.1 azsdk-python-mgmt-recoveryservices/2.0.0 Python/3.8.5 (Windows-10-10.0.19041-SP0)
    method: DELETE
    uri: https://management.azure.com/subscriptions/00000000-0000-0000-0000-000000000000/resourceGroups/clitest.rg000001/providers/Microsoft.RecoveryServices/vaults/clitest-vault000002?api-version=2021-03-01
  response:
    body:
      string: ''
    headers:
      cache-control:
      - no-cache
      content-length:
      - '0'
      date:
      - Mon, 20 Sep 2021 12:04:21 GMT
      expires:
      - '-1'
      pragma:
      - no-cache
      strict-transport-security:
      - max-age=31536000; includeSubDomains
      x-content-type-options:
      - nosniff
      x-ms-ratelimit-remaining-subscription-resource-requests:
      - '9'
    status:
      code: 200
      message: OK
version: 1
