interactions:
- request:
    body: '{"location": "westus", "properties": {}, "sku": {"name": "Standard"}}'
    headers:
      Accept:
      - application/json
      Accept-Encoding:
      - gzip, deflate
      CommandName:
      - backup vault create
      Connection:
      - keep-alive
      Content-Length:
      - '69'
      Content-Type:
      - application/json
      ParameterSetName:
      - -n -g --location
      User-Agent:
      - AZURECLI/2.27.0 azsdk-python-mgmt-recoveryservices/2.0.0 Python/3.8.1 (Windows-10-10.0.19041-SP0)
    method: PUT
    uri: https://management.azure.com/subscriptions/00000000-0000-0000-0000-000000000000/resourceGroups/clitest.rg000001/providers/Microsoft.RecoveryServices/vaults/clitest-vault000002?api-version=2021-03-01
  response:
    body:
      string: '{"location":"westus","name":"clitest-vault000002","etag":"W/\"datetime''2021-08-09T11%3A05%3A02.6205133Z''\"","properties":{"provisioningState":"Succeeded","privateEndpointStateForBackup":"None","privateEndpointStateForSiteRecovery":"None"},"id":"/subscriptions/00000000-0000-0000-0000-000000000000/resourceGroups/clitest.rg000001/providers/Microsoft.RecoveryServices/vaults/clitest-vault000002","type":"Microsoft.RecoveryServices/vaults","sku":{"name":"Standard"}}'
    headers:
      cache-control:
      - no-cache
      content-length:
      - '532'
      content-type:
      - application/json
      date:
      - Mon, 09 Aug 2021 11:05:03 GMT
      expires:
      - '-1'
      pragma:
      - no-cache
      server:
      - Microsoft-IIS/10.0
      strict-transport-security:
      - max-age=31536000; includeSubDomains
      x-content-type-options:
      - nosniff
      x-ms-ratelimit-remaining-subscription-resource-requests:
      - '208'
    status:
      code: 201
      message: Created
- request:
    body: null
    headers:
      Accept:
      - application/json
      Accept-Encoding:
      - gzip, deflate
      CommandName:
      - identity create
      Connection:
      - keep-alive
      ParameterSetName:
      - -n -g --query
      User-Agent:
      - AZURECLI/2.27.0 azsdk-python-azure-mgmt-resource/18.0.0 Python/3.8.1 (Windows-10-10.0.19041-SP0)
    method: GET
    uri: https://management.azure.com/subscriptions/00000000-0000-0000-0000-000000000000/resourcegroups/clitest.rg000001?api-version=2021-04-01
  response:
    body:
      string: '{"id":"/subscriptions/00000000-0000-0000-0000-000000000000/resourceGroups/clitest.rg000001","name":"clitest.rg000001","type":"Microsoft.Resources/resourceGroups","location":"westus","tags":{"product":"azurecli","cause":"automation","date":"2021-08-09T11:03:32Z"},"properties":{"provisioningState":"Succeeded"}}'
    headers:
      cache-control:
      - no-cache
      content-length:
      - '428'
      content-type:
      - application/json; charset=utf-8
      date:
      - Mon, 09 Aug 2021 11:05:03 GMT
      expires:
      - '-1'
      pragma:
      - no-cache
      strict-transport-security:
      - max-age=31536000; includeSubDomains
      vary:
      - Accept-Encoding
      x-content-type-options:
      - nosniff
    status:
      code: 200
      message: OK
- request:
    body: '{"location": "westus"}'
    headers:
      Accept:
      - application/json
      Accept-Encoding:
      - gzip, deflate
      CommandName:
      - identity create
      Connection:
      - keep-alive
      Content-Length:
      - '22'
      Content-Type:
      - application/json; charset=utf-8
      ParameterSetName:
      - -n -g --query
      User-Agent:
      - python/3.8.1 (Windows-10-10.0.19041-SP0) msrest/0.6.21 msrest_azure/0.6.3
        azure-mgmt-msi/0.2.0 Azure-SDK-For-Python AZURECLI/2.27.0
      accept-language:
      - en-US
    method: PUT
    uri: https://management.azure.com/subscriptions/00000000-0000-0000-0000-000000000000/resourceGroups/clitest.rg000001/providers/Microsoft.ManagedIdentity/userAssignedIdentities/clitest-identity000003?api-version=2015-08-31-preview
  response:
    body:
      string: '{"id":"/subscriptions/00000000-0000-0000-0000-000000000000/resourcegroups/clitest.rg000001/providers/Microsoft.ManagedIdentity/userAssignedIdentities/clitest-identity000003","name":"clitest-identity000003","type":"Microsoft.ManagedIdentity/userAssignedIdentities","location":"westus","tags":{},"properties":{"tenantId":"54826b22-38d6-4fb2-bad9-b7b93a3e9c5a","principalId":"99c73a50-d533-45a3-b542-ae1104ffbb88","clientId":"93105bf2-905c-4e58-9b5f-b6bc2834bfb5","clientSecretUrl":"https://control-westus.identity.azure.net/subscriptions/00000000-0000-0000-0000-000000000000/resourcegroups/clitest.rg000001/providers/Microsoft.ManagedIdentity/userAssignedIdentities/clitest-identity000003/credentials?tid=54826b22-38d6-4fb2-bad9-b7b93a3e9c5a&oid=99c73a50-d533-45a3-b542-ae1104ffbb88&aid=93105bf2-905c-4e58-9b5f-b6bc2834bfb5"}}'
    headers:
      cache-control:
      - no-cache
      content-length:
      - '1026'
      content-type:
      - application/json; charset=utf-8
      date:
      - Mon, 09 Aug 2021 11:05:09 GMT
      expires:
      - '-1'
      location:
      - /subscriptions/00000000-0000-0000-0000-000000000000/resourcegroups/clitest.rg000001/providers/Microsoft.ManagedIdentity/userAssignedIdentities/clitest-identity000003
      pragma:
      - no-cache
      strict-transport-security:
      - max-age=31536000; includeSubDomains
      x-content-type-options:
      - nosniff
      x-ms-ratelimit-remaining-subscription-writes:
      - '1181'
    status:
      code: 201
      message: Created
- request:
    body: null
    headers:
      Accept:
      - application/json
      Accept-Encoding:
      - gzip, deflate
      CommandName:
      - identity create
      Connection:
      - keep-alive
      ParameterSetName:
      - -n -g --query
      User-Agent:
      - AZURECLI/2.27.0 azsdk-python-azure-mgmt-resource/18.0.0 Python/3.8.1 (Windows-10-10.0.19041-SP0)
    method: GET
    uri: https://management.azure.com/subscriptions/00000000-0000-0000-0000-000000000000/resourcegroups/clitest.rg000001?api-version=2021-04-01
  response:
    body:
      string: '{"id":"/subscriptions/00000000-0000-0000-0000-000000000000/resourceGroups/clitest.rg000001","name":"clitest.rg000001","type":"Microsoft.Resources/resourceGroups","location":"westus","tags":{"product":"azurecli","cause":"automation","date":"2021-08-09T11:03:32Z"},"properties":{"provisioningState":"Succeeded"}}'
    headers:
      cache-control:
      - no-cache
      content-length:
      - '428'
      content-type:
      - application/json; charset=utf-8
      date:
      - Mon, 09 Aug 2021 11:05:09 GMT
      expires:
      - '-1'
      pragma:
      - no-cache
      strict-transport-security:
      - max-age=31536000; includeSubDomains
      vary:
      - Accept-Encoding
      x-content-type-options:
      - nosniff
    status:
      code: 200
      message: OK
- request:
    body: '{"location": "westus"}'
    headers:
      Accept:
      - application/json
      Accept-Encoding:
      - gzip, deflate
      CommandName:
      - identity create
      Connection:
      - keep-alive
      Content-Length:
      - '22'
      Content-Type:
      - application/json; charset=utf-8
      ParameterSetName:
      - -n -g --query
      User-Agent:
      - python/3.8.1 (Windows-10-10.0.19041-SP0) msrest/0.6.21 msrest_azure/0.6.3
        azure-mgmt-msi/0.2.0 Azure-SDK-For-Python AZURECLI/2.27.0
      accept-language:
      - en-US
    method: PUT
    uri: https://management.azure.com/subscriptions/00000000-0000-0000-0000-000000000000/resourceGroups/clitest.rg000001/providers/Microsoft.ManagedIdentity/userAssignedIdentities/clitest-identity000004?api-version=2015-08-31-preview
  response:
    body:
      string: '{"id":"/subscriptions/00000000-0000-0000-0000-000000000000/resourcegroups/clitest.rg000001/providers/Microsoft.ManagedIdentity/userAssignedIdentities/clitest-identity000004","name":"clitest-identity000004","type":"Microsoft.ManagedIdentity/userAssignedIdentities","location":"westus","tags":{},"properties":{"tenantId":"54826b22-38d6-4fb2-bad9-b7b93a3e9c5a","principalId":"956ec294-af90-41d5-a60d-1a70872ef688","clientId":"6c20bfa1-0638-463c-af3e-43d4e662ff45","clientSecretUrl":"https://control-westus.identity.azure.net/subscriptions/00000000-0000-0000-0000-000000000000/resourcegroups/clitest.rg000001/providers/Microsoft.ManagedIdentity/userAssignedIdentities/clitest-identity000004/credentials?tid=54826b22-38d6-4fb2-bad9-b7b93a3e9c5a&oid=956ec294-af90-41d5-a60d-1a70872ef688&aid=6c20bfa1-0638-463c-af3e-43d4e662ff45"}}'
    headers:
      cache-control:
      - no-cache
      content-length:
      - '1026'
      content-type:
      - application/json; charset=utf-8
      date:
      - Mon, 09 Aug 2021 11:05:14 GMT
      expires:
      - '-1'
      location:
      - /subscriptions/00000000-0000-0000-0000-000000000000/resourcegroups/clitest.rg000001/providers/Microsoft.ManagedIdentity/userAssignedIdentities/clitest-identity000004
      pragma:
      - no-cache
      strict-transport-security:
      - max-age=31536000; includeSubDomains
      x-content-type-options:
      - nosniff
      x-ms-ratelimit-remaining-subscription-writes:
      - '1185'
    status:
      code: 201
      message: Created
- request:
    body: null
    headers:
      Accept:
      - application/json
      Accept-Encoding:
      - gzip, deflate
      CommandName:
      - identity create
      Connection:
      - keep-alive
      ParameterSetName:
      - -n -g --query
      User-Agent:
      - AZURECLI/2.27.0 azsdk-python-azure-mgmt-resource/18.0.0 Python/3.8.1 (Windows-10-10.0.19041-SP0)
    method: GET
    uri: https://management.azure.com/subscriptions/00000000-0000-0000-0000-000000000000/resourcegroups/clitest.rg000001?api-version=2021-04-01
  response:
    body:
      string: '{"id":"/subscriptions/00000000-0000-0000-0000-000000000000/resourceGroups/clitest.rg000001","name":"clitest.rg000001","type":"Microsoft.Resources/resourceGroups","location":"westus","tags":{"product":"azurecli","cause":"automation","date":"2021-08-09T11:03:32Z"},"properties":{"provisioningState":"Succeeded"}}'
    headers:
      cache-control:
      - no-cache
      content-length:
      - '428'
      content-type:
      - application/json; charset=utf-8
      date:
      - Mon, 09 Aug 2021 11:05:15 GMT
      expires:
      - '-1'
      pragma:
      - no-cache
      strict-transport-security:
      - max-age=31536000; includeSubDomains
      vary:
      - Accept-Encoding
      x-content-type-options:
      - nosniff
    status:
      code: 200
      message: OK
- request:
    body: '{"location": "westus"}'
    headers:
      Accept:
      - application/json
      Accept-Encoding:
      - gzip, deflate
      CommandName:
      - identity create
      Connection:
      - keep-alive
      Content-Length:
      - '22'
      Content-Type:
      - application/json; charset=utf-8
      ParameterSetName:
      - -n -g --query
      User-Agent:
      - python/3.8.1 (Windows-10-10.0.19041-SP0) msrest/0.6.21 msrest_azure/0.6.3
        azure-mgmt-msi/0.2.0 Azure-SDK-For-Python AZURECLI/2.27.0
      accept-language:
      - en-US
    method: PUT
    uri: https://management.azure.com/subscriptions/00000000-0000-0000-0000-000000000000/resourceGroups/clitest.rg000001/providers/Microsoft.ManagedIdentity/userAssignedIdentities/clitest-identity000005?api-version=2015-08-31-preview
  response:
    body:
      string: '{"id":"/subscriptions/00000000-0000-0000-0000-000000000000/resourcegroups/clitest.rg000001/providers/Microsoft.ManagedIdentity/userAssignedIdentities/clitest-identity000005","name":"clitest-identity000005","type":"Microsoft.ManagedIdentity/userAssignedIdentities","location":"westus","tags":{},"properties":{"tenantId":"54826b22-38d6-4fb2-bad9-b7b93a3e9c5a","principalId":"015dfe07-4db0-4322-9c17-5a8890c636c9","clientId":"a2435561-6a0d-4f16-8576-4a8efefaa5fd","clientSecretUrl":"https://control-westus.identity.azure.net/subscriptions/00000000-0000-0000-0000-000000000000/resourcegroups/clitest.rg000001/providers/Microsoft.ManagedIdentity/userAssignedIdentities/clitest-identity000005/credentials?tid=54826b22-38d6-4fb2-bad9-b7b93a3e9c5a&oid=015dfe07-4db0-4322-9c17-5a8890c636c9&aid=a2435561-6a0d-4f16-8576-4a8efefaa5fd"}}'
    headers:
      cache-control:
      - no-cache
      content-length:
      - '1026'
      content-type:
      - application/json; charset=utf-8
      date:
      - Mon, 09 Aug 2021 11:05:24 GMT
      expires:
      - '-1'
      location:
      - /subscriptions/00000000-0000-0000-0000-000000000000/resourcegroups/clitest.rg000001/providers/Microsoft.ManagedIdentity/userAssignedIdentities/clitest-identity000005
      pragma:
      - no-cache
      strict-transport-security:
      - max-age=31536000; includeSubDomains
      x-content-type-options:
      - nosniff
      x-ms-ratelimit-remaining-subscription-writes:
      - '1187'
    status:
      code: 201
      message: Created
- request:
    body: null
    headers:
      Accept:
      - application/json
      Accept-Encoding:
      - gzip, deflate
      CommandName:
      - backup vault identity assign
      Connection:
      - keep-alive
      ParameterSetName:
      - --user-assigned -g -n
      User-Agent:
      - AZURECLI/2.27.0 azsdk-python-mgmt-recoveryservices/2.0.0 Python/3.8.1 (Windows-10-10.0.19041-SP0)
    method: GET
    uri: https://management.azure.com/subscriptions/00000000-0000-0000-0000-000000000000/resourceGroups/clitest.rg000001/providers/Microsoft.RecoveryServices/vaults/clitest-vault000002?api-version=2021-03-01
  response:
    body:
      string: '{"location":"westus","name":"clitest-vault000002","etag":"W/\"datetime''2021-08-09T11%3A05%3A02.6205133Z''\"","properties":{"provisioningState":"Succeeded","privateEndpointStateForBackup":"None","privateEndpointStateForSiteRecovery":"None"},"id":"/subscriptions/00000000-0000-0000-0000-000000000000/resourceGroups/clitest.rg000001/providers/Microsoft.RecoveryServices/vaults/clitest-vault000002","type":"Microsoft.RecoveryServices/vaults","sku":{"name":"Standard"}}'
    headers:
      cache-control:
      - no-cache
      content-length:
      - '532'
      content-type:
      - application/json
      date:
      - Mon, 09 Aug 2021 11:05:26 GMT
      expires:
      - '-1'
      pragma:
      - no-cache
      server:
      - Microsoft-IIS/10.0
      strict-transport-security:
      - max-age=31536000; includeSubDomains
      transfer-encoding:
      - chunked
      vary:
      - Accept-Encoding
      x-content-type-options:
      - nosniff
    status:
      code: 200
      message: OK
- request:
    body: '{"identity": {"type": "userassigned", "userAssignedIdentities": {"/subscriptions/00000000-0000-0000-0000-000000000000/resourcegroups/clitest.rg000001/providers/Microsoft.ManagedIdentity/userAssignedIdentities/clitest-identity000003":
      {}, "/subscriptions/00000000-0000-0000-0000-000000000000/resourcegroups/clitest.rg000001/providers/Microsoft.ManagedIdentity/userAssignedIdentities/clitest-identity000004":
      {}}}}'
    headers:
      Accept:
      - application/json
      Accept-Encoding:
      - gzip, deflate
      CommandName:
      - backup vault identity assign
      Connection:
      - keep-alive
      Content-Length:
      - '586'
      Content-Type:
      - application/json
      ParameterSetName:
      - --user-assigned -g -n
      User-Agent:
      - AZURECLI/2.27.0 azsdk-python-mgmt-recoveryservices/2.0.0 Python/3.8.1 (Windows-10-10.0.19041-SP0)
    method: PATCH
    uri: https://management.azure.com/subscriptions/00000000-0000-0000-0000-000000000000/resourceGroups/clitest.rg000001/providers/Microsoft.RecoveryServices/vaults/clitest-vault000002?api-version=2021-03-01
  response:
    body:
      string: ''
    headers:
      azure-asyncoperation:
      - https://management.azure.com/subscriptions/00000000-0000-0000-0000-000000000000/resourceGroups/clitest.rg000001/providers/Microsoft.RecoveryServices/vaults/clitest-vault000002/operationStatus/NDA5NTszMWRmMjA4Zi0xZjJhLTQwMzAtYjA0Yi01ZGZkYWQ2NjZhZTQ=?api-version=2021-03-01
      cache-control:
      - no-cache
      content-length:
      - '0'
      date:
      - Mon, 09 Aug 2021 11:05:28 GMT
      expires:
      - '-1'
      location:
      - https://management.azure.com/subscriptions/00000000-0000-0000-0000-000000000000/resourceGroups/clitest.rg000001/providers/Microsoft.RecoveryServices/vaults/clitest-vault000002/operationResults/NDA5NTszMWRmMjA4Zi0xZjJhLTQwMzAtYjA0Yi01ZGZkYWQ2NjZhZTQ=?api-version=2021-03-01
      pragma:
      - no-cache
      strict-transport-security:
      - max-age=31536000; includeSubDomains
      x-content-type-options:
      - nosniff
      x-ms-ratelimit-remaining-subscription-resource-requests:
      - '207'
    status:
      code: 202
      message: Accepted
- request:
    body: null
    headers:
      Accept:
      - '*/*'
      Accept-Encoding:
      - gzip, deflate
      CommandName:
      - backup vault identity assign
      Connection:
      - keep-alive
      ParameterSetName:
      - --user-assigned -g -n
      User-Agent:
      - AZURECLI/2.27.0 azsdk-python-mgmt-recoveryservices/2.0.0 Python/3.8.1 (Windows-10-10.0.19041-SP0)
    method: GET
    uri: https://management.azure.com/subscriptions/00000000-0000-0000-0000-000000000000/resourceGroups/clitest.rg000001/providers/Microsoft.RecoveryServices/vaults/clitest-vault000002/operationStatus/NDA5NTszMWRmMjA4Zi0xZjJhLTQwMzAtYjA0Yi01ZGZkYWQ2NjZhZTQ=?api-version=2021-03-01
  response:
    body:
      string: "{\r\n  \"id\": \"/subscriptions/00000000-0000-0000-0000-000000000000/resourceGroups/clitest.rg000001/providers/Microsoft.RecoveryServices/vaults/clitest-vault000002/operationStatus/NDA5NTszMWRmMjA4Zi0xZjJhLTQwMzAtYjA0Yi01ZGZkYWQ2NjZhZTQ=\",\r\n
        \ \"name\": \"NDA5NTszMWRmMjA4Zi0xZjJhLTQwMzAtYjA0Yi01ZGZkYWQ2NjZhZTQ=\",\r\n
        \ \"status\": \"InProgress\",\r\n  \"percentComplete\": 0.0\r\n}"
    headers:
      azure-asyncoperation:
      - https://management.azure.com/subscriptions/00000000-0000-0000-0000-000000000000/resourceGroups/clitest.rg000001/providers/Microsoft.RecoveryServices/vaults/clitest-vault000002/operationStatus/NDA5NTszMWRmMjA4Zi0xZjJhLTQwMzAtYjA0Yi01ZGZkYWQ2NjZhZTQ=?api-version=2021-03-01
      cache-control:
      - no-cache
      content-length:
      - '425'
      content-type:
      - application/json
      date:
      - Mon, 09 Aug 2021 11:06:29 GMT
      expires:
      - '-1'
      location:
      - https://management.azure.com/subscriptions/00000000-0000-0000-0000-000000000000/resourceGroups/clitest.rg000001/providers/Microsoft.RecoveryServices/vaults/clitest-vault000002/operationResults/NDA5NTszMWRmMjA4Zi0xZjJhLTQwMzAtYjA0Yi01ZGZkYWQ2NjZhZTQ=?api-version=2021-03-01
      pragma:
      - no-cache
      server:
      - Microsoft-IIS/10.0
      strict-transport-security:
      - max-age=31536000; includeSubDomains
      transfer-encoding:
      - chunked
      vary:
      - Accept-Encoding
      x-content-type-options:
      - nosniff
    status:
      code: 200
      message: OK
- request:
    body: null
    headers:
      Accept:
      - '*/*'
      Accept-Encoding:
      - gzip, deflate
      CommandName:
      - backup vault identity assign
      Connection:
      - keep-alive
      ParameterSetName:
      - --user-assigned -g -n
      User-Agent:
      - AZURECLI/2.27.0 azsdk-python-mgmt-recoveryservices/2.0.0 Python/3.8.1 (Windows-10-10.0.19041-SP0)
    method: GET
    uri: https://management.azure.com/subscriptions/00000000-0000-0000-0000-000000000000/resourceGroups/clitest.rg000001/providers/Microsoft.RecoveryServices/vaults/clitest-vault000002/operationStatus/NDA5NTszMWRmMjA4Zi0xZjJhLTQwMzAtYjA0Yi01ZGZkYWQ2NjZhZTQ=?api-version=2021-03-01
  response:
    body:
      string: "{\r\n  \"id\": \"/subscriptions/00000000-0000-0000-0000-000000000000/resourceGroups/clitest.rg000001/providers/Microsoft.RecoveryServices/vaults/clitest-vault000002/operationStatus/NDA5NTszMWRmMjA4Zi0xZjJhLTQwMzAtYjA0Yi01ZGZkYWQ2NjZhZTQ=\",\r\n
        \ \"name\": \"NDA5NTszMWRmMjA4Zi0xZjJhLTQwMzAtYjA0Yi01ZGZkYWQ2NjZhZTQ=\",\r\n
        \ \"status\": \"Succeeded\",\r\n  \"percentComplete\": 0.0\r\n}"
    headers:
      cache-control:
      - no-cache
      content-length:
      - '424'
      content-type:
      - application/json
      date:
      - Mon, 09 Aug 2021 11:07:29 GMT
      expires:
      - '-1'
      pragma:
      - no-cache
      server:
      - Microsoft-IIS/10.0
      strict-transport-security:
      - max-age=31536000; includeSubDomains
      transfer-encoding:
      - chunked
      vary:
      - Accept-Encoding
      x-content-type-options:
      - nosniff
    status:
      code: 200
      message: OK
- request:
    body: null
    headers:
      Accept:
      - '*/*'
      Accept-Encoding:
      - gzip, deflate
      CommandName:
      - backup vault identity assign
      Connection:
      - keep-alive
      ParameterSetName:
      - --user-assigned -g -n
      User-Agent:
      - AZURECLI/2.27.0 azsdk-python-mgmt-recoveryservices/2.0.0 Python/3.8.1 (Windows-10-10.0.19041-SP0)
    method: GET
    uri: https://management.azure.com/subscriptions/00000000-0000-0000-0000-000000000000/resourceGroups/clitest.rg000001/providers/Microsoft.RecoveryServices/vaults/clitest-vault000002?api-version=2021-03-01
  response:
    body:
      string: '{"location":"westus","name":"clitest-vault000002","etag":"W/\"datetime''2021-08-09T11%3A06%3A32.050673Z''\"","identity":{"tenantId":"54826b22-38d6-4fb2-bad9-b7b93a3e9c5a","type":"UserAssigned","userAssignedIdentities":{"/subscriptions/00000000-0000-0000-0000-000000000000/resourcegroups/clitest.rg000001/providers/Microsoft.ManagedIdentity/userAssignedIdentities/clitest-identity000003":{"clientId":"93105bf2-905c-4e58-9b5f-b6bc2834bfb5","objectId":"99c73a50-d533-45a3-b542-ae1104ffbb88"},"/subscriptions/00000000-0000-0000-0000-000000000000/resourcegroups/clitest.rg000001/providers/Microsoft.ManagedIdentity/userAssignedIdentities/clitest-identity000004":{"clientId":"6c20bfa1-0638-463c-af3e-43d4e662ff45","objectId":"956ec294-af90-41d5-a60d-1a70872ef688"}}},"properties":{"provisioningState":"Succeeded","privateEndpointStateForBackup":"None","privateEndpointStateForSiteRecovery":"None"},"id":"/subscriptions/00000000-0000-0000-0000-000000000000/resourceGroups/clitest.rg000001/providers/Microsoft.RecoveryServices/vaults/clitest-vault000002","type":"Microsoft.RecoveryServices/vaults","sku":{"name":"Standard"}}'
    headers:
      cache-control:
      - no-cache
      content-length:
      - '1357'
      content-type:
      - application/json
      date:
      - Mon, 09 Aug 2021 11:07:29 GMT
      expires:
      - '-1'
      pragma:
      - no-cache
      server:
      - Microsoft-IIS/10.0
      strict-transport-security:
      - max-age=31536000; includeSubDomains
      transfer-encoding:
      - chunked
      vary:
      - Accept-Encoding
      x-content-type-options:
      - nosniff
    status:
      code: 200
      message: OK
- request:
    body: null
    headers:
      Accept:
      - application/json
      Accept-Encoding:
      - gzip, deflate
      CommandName:
      - backup vault identity assign
      Connection:
      - keep-alive
      ParameterSetName:
      - --system-assigned -g -n
      User-Agent:
      - AZURECLI/2.27.0 azsdk-python-mgmt-recoveryservices/2.0.0 Python/3.8.1 (Windows-10-10.0.19041-SP0)
    method: GET
    uri: https://management.azure.com/subscriptions/00000000-0000-0000-0000-000000000000/resourceGroups/clitest.rg000001/providers/Microsoft.RecoveryServices/vaults/clitest-vault000002?api-version=2021-03-01
  response:
    body:
      string: '{"location":"westus","name":"clitest-vault000002","etag":"W/\"datetime''2021-08-09T11%3A06%3A32.050673Z''\"","identity":{"tenantId":"54826b22-38d6-4fb2-bad9-b7b93a3e9c5a","type":"UserAssigned","userAssignedIdentities":{"/subscriptions/00000000-0000-0000-0000-000000000000/resourcegroups/clitest.rg000001/providers/Microsoft.ManagedIdentity/userAssignedIdentities/clitest-identity000003":{"clientId":"93105bf2-905c-4e58-9b5f-b6bc2834bfb5","objectId":"99c73a50-d533-45a3-b542-ae1104ffbb88"},"/subscriptions/00000000-0000-0000-0000-000000000000/resourcegroups/clitest.rg000001/providers/Microsoft.ManagedIdentity/userAssignedIdentities/clitest-identity000004":{"clientId":"6c20bfa1-0638-463c-af3e-43d4e662ff45","objectId":"956ec294-af90-41d5-a60d-1a70872ef688"}}},"properties":{"provisioningState":"Succeeded","privateEndpointStateForBackup":"None","privateEndpointStateForSiteRecovery":"None"},"id":"/subscriptions/00000000-0000-0000-0000-000000000000/resourceGroups/clitest.rg000001/providers/Microsoft.RecoveryServices/vaults/clitest-vault000002","type":"Microsoft.RecoveryServices/vaults","sku":{"name":"Standard"}}'
    headers:
      cache-control:
      - no-cache
      content-length:
      - '1357'
      content-type:
      - application/json
      date:
      - Mon, 09 Aug 2021 11:07:32 GMT
      expires:
      - '-1'
      pragma:
      - no-cache
      server:
      - Microsoft-IIS/10.0
      strict-transport-security:
      - max-age=31536000; includeSubDomains
      transfer-encoding:
      - chunked
      vary:
      - Accept-Encoding
      x-content-type-options:
      - nosniff
    status:
      code: 200
      message: OK
- request:
    body: '{"identity": {"type": "systemassigned,userassigned"}}'
    headers:
      Accept:
      - application/json
      Accept-Encoding:
      - gzip, deflate
      CommandName:
      - backup vault identity assign
      Connection:
      - keep-alive
      Content-Length:
      - '53'
      Content-Type:
      - application/json
      ParameterSetName:
      - --system-assigned -g -n
      User-Agent:
      - AZURECLI/2.27.0 azsdk-python-mgmt-recoveryservices/2.0.0 Python/3.8.1 (Windows-10-10.0.19041-SP0)
    method: PATCH
    uri: https://management.azure.com/subscriptions/00000000-0000-0000-0000-000000000000/resourceGroups/clitest.rg000001/providers/Microsoft.RecoveryServices/vaults/clitest-vault000002?api-version=2021-03-01
  response:
    body:
      string: ''
    headers:
      azure-asyncoperation:
      - https://management.azure.com/subscriptions/00000000-0000-0000-0000-000000000000/resourceGroups/clitest.rg000001/providers/Microsoft.RecoveryServices/vaults/clitest-vault000002/operationStatus/NDA5NTs1MWZhNDM1NS01ODdjLTQ4ZWUtYTRjOC02ZWJlMzQ4MTE0NjE=?api-version=2021-03-01
      cache-control:
      - no-cache
      content-length:
      - '0'
      date:
      - Mon, 09 Aug 2021 11:07:35 GMT
      expires:
      - '-1'
      location:
      - https://management.azure.com/subscriptions/00000000-0000-0000-0000-000000000000/resourceGroups/clitest.rg000001/providers/Microsoft.RecoveryServices/vaults/clitest-vault000002/operationResults/NDA5NTs1MWZhNDM1NS01ODdjLTQ4ZWUtYTRjOC02ZWJlMzQ4MTE0NjE=?api-version=2021-03-01
      pragma:
      - no-cache
      strict-transport-security:
      - max-age=31536000; includeSubDomains
      x-content-type-options:
      - nosniff
      x-ms-ratelimit-remaining-subscription-resource-requests:
      - '207'
    status:
      code: 202
      message: Accepted
- request:
    body: null
    headers:
      Accept:
      - '*/*'
      Accept-Encoding:
      - gzip, deflate
      CommandName:
      - backup vault identity assign
      Connection:
      - keep-alive
      ParameterSetName:
      - --system-assigned -g -n
      User-Agent:
      - AZURECLI/2.27.0 azsdk-python-mgmt-recoveryservices/2.0.0 Python/3.8.1 (Windows-10-10.0.19041-SP0)
    method: GET
    uri: https://management.azure.com/subscriptions/00000000-0000-0000-0000-000000000000/resourceGroups/clitest.rg000001/providers/Microsoft.RecoveryServices/vaults/clitest-vault000002/operationStatus/NDA5NTs1MWZhNDM1NS01ODdjLTQ4ZWUtYTRjOC02ZWJlMzQ4MTE0NjE=?api-version=2021-03-01
  response:
    body:
      string: "{\r\n  \"id\": \"/subscriptions/00000000-0000-0000-0000-000000000000/resourceGroups/clitest.rg000001/providers/Microsoft.RecoveryServices/vaults/clitest-vault000002/operationStatus/NDA5NTs1MWZhNDM1NS01ODdjLTQ4ZWUtYTRjOC02ZWJlMzQ4MTE0NjE=\",\r\n
        \ \"name\": \"NDA5NTs1MWZhNDM1NS01ODdjLTQ4ZWUtYTRjOC02ZWJlMzQ4MTE0NjE=\",\r\n
        \ \"status\": \"InProgress\",\r\n  \"percentComplete\": 0.0\r\n}"
    headers:
      azure-asyncoperation:
      - https://management.azure.com/subscriptions/00000000-0000-0000-0000-000000000000/resourceGroups/clitest.rg000001/providers/Microsoft.RecoveryServices/vaults/clitest-vault000002/operationStatus/NDA5NTs1MWZhNDM1NS01ODdjLTQ4ZWUtYTRjOC02ZWJlMzQ4MTE0NjE=?api-version=2021-03-01
      cache-control:
      - no-cache
      content-length:
      - '425'
      content-type:
      - application/json
      date:
      - Mon, 09 Aug 2021 11:08:35 GMT
      expires:
      - '-1'
      location:
      - https://management.azure.com/subscriptions/00000000-0000-0000-0000-000000000000/resourceGroups/clitest.rg000001/providers/Microsoft.RecoveryServices/vaults/clitest-vault000002/operationResults/NDA5NTs1MWZhNDM1NS01ODdjLTQ4ZWUtYTRjOC02ZWJlMzQ4MTE0NjE=?api-version=2021-03-01
      pragma:
      - no-cache
      server:
      - Microsoft-IIS/10.0
      strict-transport-security:
      - max-age=31536000; includeSubDomains
      transfer-encoding:
      - chunked
      vary:
      - Accept-Encoding
      x-content-type-options:
      - nosniff
    status:
      code: 200
      message: OK
- request:
    body: null
    headers:
      Accept:
      - '*/*'
      Accept-Encoding:
      - gzip, deflate
      CommandName:
      - backup vault identity assign
      Connection:
      - keep-alive
      ParameterSetName:
      - --system-assigned -g -n
      User-Agent:
      - AZURECLI/2.27.0 azsdk-python-mgmt-recoveryservices/2.0.0 Python/3.8.1 (Windows-10-10.0.19041-SP0)
    method: GET
    uri: https://management.azure.com/subscriptions/00000000-0000-0000-0000-000000000000/resourceGroups/clitest.rg000001/providers/Microsoft.RecoveryServices/vaults/clitest-vault000002/operationStatus/NDA5NTs1MWZhNDM1NS01ODdjLTQ4ZWUtYTRjOC02ZWJlMzQ4MTE0NjE=?api-version=2021-03-01
  response:
    body:
      string: "{\r\n  \"id\": \"/subscriptions/00000000-0000-0000-0000-000000000000/resourceGroups/clitest.rg000001/providers/Microsoft.RecoveryServices/vaults/clitest-vault000002/operationStatus/NDA5NTs1MWZhNDM1NS01ODdjLTQ4ZWUtYTRjOC02ZWJlMzQ4MTE0NjE=\",\r\n
        \ \"name\": \"NDA5NTs1MWZhNDM1NS01ODdjLTQ4ZWUtYTRjOC02ZWJlMzQ4MTE0NjE=\",\r\n
        \ \"status\": \"Succeeded\",\r\n  \"percentComplete\": 0.0\r\n}"
    headers:
      cache-control:
      - no-cache
      content-length:
      - '424'
      content-type:
      - application/json
      date:
      - Mon, 09 Aug 2021 11:09:37 GMT
      expires:
      - '-1'
      pragma:
      - no-cache
      server:
      - Microsoft-IIS/10.0
      strict-transport-security:
      - max-age=31536000; includeSubDomains
      transfer-encoding:
      - chunked
      vary:
      - Accept-Encoding
      x-content-type-options:
      - nosniff
    status:
      code: 200
      message: OK
- request:
    body: null
    headers:
      Accept:
      - '*/*'
      Accept-Encoding:
      - gzip, deflate
      CommandName:
      - backup vault identity assign
      Connection:
      - keep-alive
      ParameterSetName:
      - --system-assigned -g -n
      User-Agent:
      - AZURECLI/2.27.0 azsdk-python-mgmt-recoveryservices/2.0.0 Python/3.8.1 (Windows-10-10.0.19041-SP0)
    method: GET
    uri: https://management.azure.com/subscriptions/00000000-0000-0000-0000-000000000000/resourceGroups/clitest.rg000001/providers/Microsoft.RecoveryServices/vaults/clitest-vault000002?api-version=2021-03-01
  response:
    body:
      string: '{"location":"westus","name":"clitest-vault000002","etag":"W/\"datetime''2021-08-09T11%3A08%3A42.8443552Z''\"","identity":{"tenantId":"54826b22-38d6-4fb2-bad9-b7b93a3e9c5a","principalId":"a934a753-1f1c-44b1-980a-5b81ead10e40","type":"SystemAssigned,
        UserAssigned","userAssignedIdentities":{"/subscriptions/00000000-0000-0000-0000-000000000000/resourcegroups/clitest.rg000001/providers/Microsoft.ManagedIdentity/userAssignedIdentities/clitest-identity000003":{"clientId":"93105bf2-905c-4e58-9b5f-b6bc2834bfb5","objectId":"99c73a50-d533-45a3-b542-ae1104ffbb88"},"/subscriptions/00000000-0000-0000-0000-000000000000/resourcegroups/clitest.rg000001/providers/Microsoft.ManagedIdentity/userAssignedIdentities/clitest-identity000004":{"clientId":"6c20bfa1-0638-463c-af3e-43d4e662ff45","objectId":"956ec294-af90-41d5-a60d-1a70872ef688"}}},"properties":{"provisioningState":"Succeeded","privateEndpointStateForBackup":"None","privateEndpointStateForSiteRecovery":"None"},"id":"/subscriptions/00000000-0000-0000-0000-000000000000/resourceGroups/clitest.rg000001/providers/Microsoft.RecoveryServices/vaults/clitest-vault000002","type":"Microsoft.RecoveryServices/vaults","sku":{"name":"Standard"}}'
    headers:
      cache-control:
      - no-cache
      content-length:
      - '1427'
      content-type:
      - application/json
      date:
      - Mon, 09 Aug 2021 11:09:37 GMT
      expires:
      - '-1'
      pragma:
      - no-cache
      server:
      - Microsoft-IIS/10.0
      strict-transport-security:
      - max-age=31536000; includeSubDomains
      transfer-encoding:
      - chunked
      vary:
      - Accept-Encoding
      x-content-type-options:
      - nosniff
    status:
      code: 200
      message: OK
- request:
    body: null
    headers:
      Accept:
      - application/json
      Accept-Encoding:
      - gzip, deflate
      CommandName:
      - backup vault identity assign
      Connection:
      - keep-alive
      ParameterSetName:
      - --user-assigned -g -n
      User-Agent:
      - AZURECLI/2.27.0 azsdk-python-mgmt-recoveryservices/2.0.0 Python/3.8.1 (Windows-10-10.0.19041-SP0)
    method: GET
    uri: https://management.azure.com/subscriptions/00000000-0000-0000-0000-000000000000/resourceGroups/clitest.rg000001/providers/Microsoft.RecoveryServices/vaults/clitest-vault000002?api-version=2021-03-01
  response:
    body:
      string: '{"location":"westus","name":"clitest-vault000002","etag":"W/\"datetime''2021-08-09T11%3A08%3A42.8443552Z''\"","identity":{"tenantId":"54826b22-38d6-4fb2-bad9-b7b93a3e9c5a","principalId":"a934a753-1f1c-44b1-980a-5b81ead10e40","type":"SystemAssigned,
        UserAssigned","userAssignedIdentities":{"/subscriptions/00000000-0000-0000-0000-000000000000/resourcegroups/clitest.rg000001/providers/Microsoft.ManagedIdentity/userAssignedIdentities/clitest-identity000003":{"clientId":"93105bf2-905c-4e58-9b5f-b6bc2834bfb5","objectId":"99c73a50-d533-45a3-b542-ae1104ffbb88"},"/subscriptions/00000000-0000-0000-0000-000000000000/resourcegroups/clitest.rg000001/providers/Microsoft.ManagedIdentity/userAssignedIdentities/clitest-identity000004":{"clientId":"6c20bfa1-0638-463c-af3e-43d4e662ff45","objectId":"956ec294-af90-41d5-a60d-1a70872ef688"}}},"properties":{"provisioningState":"Succeeded","privateEndpointStateForBackup":"None","privateEndpointStateForSiteRecovery":"None"},"id":"/subscriptions/00000000-0000-0000-0000-000000000000/resourceGroups/clitest.rg000001/providers/Microsoft.RecoveryServices/vaults/clitest-vault000002","type":"Microsoft.RecoveryServices/vaults","sku":{"name":"Standard"}}'
    headers:
      cache-control:
      - no-cache
      content-length:
      - '1427'
      content-type:
      - application/json
      date:
      - Mon, 09 Aug 2021 11:09:38 GMT
      expires:
      - '-1'
      pragma:
      - no-cache
      server:
      - Microsoft-IIS/10.0
      strict-transport-security:
      - max-age=31536000; includeSubDomains
      transfer-encoding:
      - chunked
      vary:
      - Accept-Encoding
      x-content-type-options:
      - nosniff
    status:
      code: 200
      message: OK
- request:
    body: '{"identity": {"type": "systemassigned,userassigned", "userAssignedIdentities":
      {"/subscriptions/00000000-0000-0000-0000-000000000000/resourcegroups/clitest.rg000001/providers/Microsoft.ManagedIdentity/userAssignedIdentities/clitest-identity000005":
      {}}}}'
    headers:
      Accept:
      - application/json
      Accept-Encoding:
      - gzip, deflate
      CommandName:
      - backup vault identity assign
      Connection:
      - keep-alive
      Content-Length:
      - '341'
      Content-Type:
      - application/json
      ParameterSetName:
      - --user-assigned -g -n
      User-Agent:
      - AZURECLI/2.27.0 azsdk-python-mgmt-recoveryservices/2.0.0 Python/3.8.1 (Windows-10-10.0.19041-SP0)
    method: PATCH
    uri: https://management.azure.com/subscriptions/00000000-0000-0000-0000-000000000000/resourceGroups/clitest.rg000001/providers/Microsoft.RecoveryServices/vaults/clitest-vault000002?api-version=2021-03-01
  response:
    body:
      string: ''
    headers:
      azure-asyncoperation:
      - https://management.azure.com/subscriptions/00000000-0000-0000-0000-000000000000/resourceGroups/clitest.rg000001/providers/Microsoft.RecoveryServices/vaults/clitest-vault000002/operationStatus/NDA5NTtjNDAyNDhkNS02YjAzLTQ3MGUtYjk3Ny1iMTAxNDYyZjkzMWY=?api-version=2021-03-01
      cache-control:
      - no-cache
      content-length:
      - '0'
      date:
      - Mon, 09 Aug 2021 11:09:40 GMT
      expires:
      - '-1'
      location:
      - https://management.azure.com/subscriptions/00000000-0000-0000-0000-000000000000/resourceGroups/clitest.rg000001/providers/Microsoft.RecoveryServices/vaults/clitest-vault000002/operationResults/NDA5NTtjNDAyNDhkNS02YjAzLTQ3MGUtYjk3Ny1iMTAxNDYyZjkzMWY=?api-version=2021-03-01
      pragma:
      - no-cache
      strict-transport-security:
      - max-age=31536000; includeSubDomains
      x-content-type-options:
      - nosniff
      x-ms-ratelimit-remaining-subscription-resource-requests:
      - '207'
    status:
      code: 202
      message: Accepted
- request:
    body: null
    headers:
      Accept:
      - '*/*'
      Accept-Encoding:
      - gzip, deflate
      CommandName:
      - backup vault identity assign
      Connection:
      - keep-alive
      ParameterSetName:
      - --user-assigned -g -n
      User-Agent:
      - AZURECLI/2.27.0 azsdk-python-mgmt-recoveryservices/2.0.0 Python/3.8.1 (Windows-10-10.0.19041-SP0)
    method: GET
    uri: https://management.azure.com/subscriptions/00000000-0000-0000-0000-000000000000/resourceGroups/clitest.rg000001/providers/Microsoft.RecoveryServices/vaults/clitest-vault000002/operationStatus/NDA5NTtjNDAyNDhkNS02YjAzLTQ3MGUtYjk3Ny1iMTAxNDYyZjkzMWY=?api-version=2021-03-01
  response:
    body:
      string: "{\r\n  \"id\": \"/subscriptions/00000000-0000-0000-0000-000000000000/resourceGroups/clitest.rg000001/providers/Microsoft.RecoveryServices/vaults/clitest-vault000002/operationStatus/NDA5NTtjNDAyNDhkNS02YjAzLTQ3MGUtYjk3Ny1iMTAxNDYyZjkzMWY=\",\r\n
        \ \"name\": \"NDA5NTtjNDAyNDhkNS02YjAzLTQ3MGUtYjk3Ny1iMTAxNDYyZjkzMWY=\",\r\n
        \ \"status\": \"InProgress\",\r\n  \"percentComplete\": 0.0\r\n}"
    headers:
      azure-asyncoperation:
      - https://management.azure.com/subscriptions/00000000-0000-0000-0000-000000000000/resourceGroups/clitest.rg000001/providers/Microsoft.RecoveryServices/vaults/clitest-vault000002/operationStatus/NDA5NTtjNDAyNDhkNS02YjAzLTQ3MGUtYjk3Ny1iMTAxNDYyZjkzMWY=?api-version=2021-03-01
      cache-control:
      - no-cache
      content-length:
      - '425'
      content-type:
      - application/json
      date:
      - Mon, 09 Aug 2021 11:10:41 GMT
      expires:
      - '-1'
      location:
      - https://management.azure.com/subscriptions/00000000-0000-0000-0000-000000000000/resourceGroups/clitest.rg000001/providers/Microsoft.RecoveryServices/vaults/clitest-vault000002/operationResults/NDA5NTtjNDAyNDhkNS02YjAzLTQ3MGUtYjk3Ny1iMTAxNDYyZjkzMWY=?api-version=2021-03-01
      pragma:
      - no-cache
      server:
      - Microsoft-IIS/10.0
      strict-transport-security:
      - max-age=31536000; includeSubDomains
      transfer-encoding:
      - chunked
      vary:
      - Accept-Encoding
      x-content-type-options:
      - nosniff
    status:
      code: 200
      message: OK
- request:
    body: null
    headers:
      Accept:
      - '*/*'
      Accept-Encoding:
      - gzip, deflate
      CommandName:
      - backup vault identity assign
      Connection:
      - keep-alive
      ParameterSetName:
      - --user-assigned -g -n
      User-Agent:
      - AZURECLI/2.27.0 azsdk-python-mgmt-recoveryservices/2.0.0 Python/3.8.1 (Windows-10-10.0.19041-SP0)
    method: GET
    uri: https://management.azure.com/subscriptions/00000000-0000-0000-0000-000000000000/resourceGroups/clitest.rg000001/providers/Microsoft.RecoveryServices/vaults/clitest-vault000002/operationStatus/NDA5NTtjNDAyNDhkNS02YjAzLTQ3MGUtYjk3Ny1iMTAxNDYyZjkzMWY=?api-version=2021-03-01
  response:
    body:
      string: "{\r\n  \"id\": \"/subscriptions/00000000-0000-0000-0000-000000000000/resourceGroups/clitest.rg000001/providers/Microsoft.RecoveryServices/vaults/clitest-vault000002/operationStatus/NDA5NTtjNDAyNDhkNS02YjAzLTQ3MGUtYjk3Ny1iMTAxNDYyZjkzMWY=\",\r\n
        \ \"name\": \"NDA5NTtjNDAyNDhkNS02YjAzLTQ3MGUtYjk3Ny1iMTAxNDYyZjkzMWY=\",\r\n
        \ \"status\": \"Succeeded\",\r\n  \"percentComplete\": 0.0\r\n}"
    headers:
      cache-control:
      - no-cache
      content-length:
      - '424'
      content-type:
      - application/json
      date:
      - Mon, 09 Aug 2021 11:11:41 GMT
      expires:
      - '-1'
      pragma:
      - no-cache
      server:
      - Microsoft-IIS/10.0
      strict-transport-security:
      - max-age=31536000; includeSubDomains
      transfer-encoding:
      - chunked
      vary:
      - Accept-Encoding
      x-content-type-options:
      - nosniff
    status:
      code: 200
      message: OK
- request:
    body: null
    headers:
      Accept:
      - '*/*'
      Accept-Encoding:
      - gzip, deflate
      CommandName:
      - backup vault identity assign
      Connection:
      - keep-alive
      ParameterSetName:
      - --user-assigned -g -n
      User-Agent:
      - AZURECLI/2.27.0 azsdk-python-mgmt-recoveryservices/2.0.0 Python/3.8.1 (Windows-10-10.0.19041-SP0)
    method: GET
    uri: https://management.azure.com/subscriptions/00000000-0000-0000-0000-000000000000/resourceGroups/clitest.rg000001/providers/Microsoft.RecoveryServices/vaults/clitest-vault000002?api-version=2021-03-01
  response:
    body:
      string: '{"location":"westus","name":"clitest-vault000002","etag":"W/\"datetime''2021-08-09T11%3A10%3A43.3573295Z''\"","identity":{"tenantId":"54826b22-38d6-4fb2-bad9-b7b93a3e9c5a","principalId":"a934a753-1f1c-44b1-980a-5b81ead10e40","type":"SystemAssigned,
        UserAssigned","userAssignedIdentities":{"/subscriptions/00000000-0000-0000-0000-000000000000/resourcegroups/clitest.rg000001/providers/Microsoft.ManagedIdentity/userAssignedIdentities/clitest-identity000003":{"clientId":"93105bf2-905c-4e58-9b5f-b6bc2834bfb5","objectId":"99c73a50-d533-45a3-b542-ae1104ffbb88"},"/subscriptions/00000000-0000-0000-0000-000000000000/resourcegroups/clitest.rg000001/providers/Microsoft.ManagedIdentity/userAssignedIdentities/clitest-identity000004":{"clientId":"6c20bfa1-0638-463c-af3e-43d4e662ff45","objectId":"956ec294-af90-41d5-a60d-1a70872ef688"},"/subscriptions/00000000-0000-0000-0000-000000000000/resourcegroups/clitest.rg000001/providers/Microsoft.ManagedIdentity/userAssignedIdentities/clitest-identity000005":{"clientId":"a2435561-6a0d-4f16-8576-4a8efefaa5fd","objectId":"015dfe07-4db0-4322-9c17-5a8890c636c9"}}},"properties":{"provisioningState":"Succeeded","privateEndpointStateForBackup":"None","privateEndpointStateForSiteRecovery":"None"},"id":"/subscriptions/00000000-0000-0000-0000-000000000000/resourceGroups/clitest.rg000001/providers/Microsoft.RecoveryServices/vaults/clitest-vault000002","type":"Microsoft.RecoveryServices/vaults","sku":{"name":"Standard"}}'
    headers:
      cache-control:
      - no-cache
      content-length:
      - '1784'
      content-type:
      - application/json
      date:
      - Mon, 09 Aug 2021 11:11:41 GMT
      expires:
      - '-1'
      pragma:
      - no-cache
      server:
      - Microsoft-IIS/10.0
      strict-transport-security:
      - max-age=31536000; includeSubDomains
      transfer-encoding:
      - chunked
      vary:
      - Accept-Encoding
      x-content-type-options:
      - nosniff
    status:
      code: 200
      message: OK
- request:
    body: null
    headers:
      Accept:
      - application/json
      Accept-Encoding:
      - gzip, deflate
      CommandName:
      - backup vault identity remove
      Connection:
      - keep-alive
      ParameterSetName:
      - --system-assigned --user-assigned -g -n
      User-Agent:
      - AZURECLI/2.27.0 azsdk-python-mgmt-recoveryservices/2.0.0 Python/3.8.1 (Windows-10-10.0.19041-SP0)
    method: GET
    uri: https://management.azure.com/subscriptions/00000000-0000-0000-0000-000000000000/resourceGroups/clitest.rg000001/providers/Microsoft.RecoveryServices/vaults/clitest-vault000002?api-version=2021-03-01
  response:
    body:
      string: '{"location":"westus","name":"clitest-vault000002","etag":"W/\"datetime''2021-08-09T11%3A10%3A43.3573295Z''\"","identity":{"tenantId":"54826b22-38d6-4fb2-bad9-b7b93a3e9c5a","principalId":"a934a753-1f1c-44b1-980a-5b81ead10e40","type":"SystemAssigned,
        UserAssigned","userAssignedIdentities":{"/subscriptions/00000000-0000-0000-0000-000000000000/resourcegroups/clitest.rg000001/providers/Microsoft.ManagedIdentity/userAssignedIdentities/clitest-identity000003":{"clientId":"93105bf2-905c-4e58-9b5f-b6bc2834bfb5","objectId":"99c73a50-d533-45a3-b542-ae1104ffbb88"},"/subscriptions/00000000-0000-0000-0000-000000000000/resourcegroups/clitest.rg000001/providers/Microsoft.ManagedIdentity/userAssignedIdentities/clitest-identity000004":{"clientId":"6c20bfa1-0638-463c-af3e-43d4e662ff45","objectId":"956ec294-af90-41d5-a60d-1a70872ef688"},"/subscriptions/00000000-0000-0000-0000-000000000000/resourcegroups/clitest.rg000001/providers/Microsoft.ManagedIdentity/userAssignedIdentities/clitest-identity000005":{"clientId":"a2435561-6a0d-4f16-8576-4a8efefaa5fd","objectId":"015dfe07-4db0-4322-9c17-5a8890c636c9"}}},"properties":{"provisioningState":"Succeeded","privateEndpointStateForBackup":"None","privateEndpointStateForSiteRecovery":"None"},"id":"/subscriptions/00000000-0000-0000-0000-000000000000/resourceGroups/clitest.rg000001/providers/Microsoft.RecoveryServices/vaults/clitest-vault000002","type":"Microsoft.RecoveryServices/vaults","sku":{"name":"Standard"}}'
    headers:
      cache-control:
      - no-cache
      content-length:
      - '1784'
      content-type:
      - application/json
      date:
      - Mon, 09 Aug 2021 11:11:44 GMT
      expires:
      - '-1'
      pragma:
      - no-cache
      server:
      - Microsoft-IIS/10.0
      strict-transport-security:
      - max-age=31536000; includeSubDomains
      transfer-encoding:
      - chunked
      vary:
      - Accept-Encoding
      x-content-type-options:
      - nosniff
    status:
      code: 200
      message: OK
- request:
    body: '{"identity": {"type": "userassigned", "userAssignedIdentities": {"/subscriptions/00000000-0000-0000-0000-000000000000/resourcegroups/clitest.rg000001/providers/Microsoft.ManagedIdentity/userAssignedIdentities/clitest-identity000003":
      null}}}'
    headers:
      Accept:
      - application/json
      Accept-Encoding:
      - gzip, deflate
      CommandName:
      - backup vault identity remove
      Connection:
      - keep-alive
      Content-Length:
      - '328'
      Content-Type:
      - application/json
      ParameterSetName:
      - --system-assigned --user-assigned -g -n
      User-Agent:
      - AZURECLI/2.27.0 azsdk-python-mgmt-recoveryservices/2.0.0 Python/3.8.1 (Windows-10-10.0.19041-SP0)
    method: PATCH
    uri: https://management.azure.com/subscriptions/00000000-0000-0000-0000-000000000000/resourceGroups/clitest.rg000001/providers/Microsoft.RecoveryServices/vaults/clitest-vault000002?api-version=2021-03-01
  response:
    body:
      string: ''
    headers:
      azure-asyncoperation:
      - https://management.azure.com/subscriptions/00000000-0000-0000-0000-000000000000/resourceGroups/clitest.rg000001/providers/Microsoft.RecoveryServices/vaults/clitest-vault000002/operationStatus/NDA5NTtjNDA4NjBkMy0yYzE0LTRlNjQtOWY3MC0yZTdmNGFhZjA5MGU=?api-version=2021-03-01
      cache-control:
      - no-cache
      content-length:
      - '0'
      date:
      - Mon, 09 Aug 2021 11:11:46 GMT
      expires:
      - '-1'
      location:
      - https://management.azure.com/subscriptions/00000000-0000-0000-0000-000000000000/resourceGroups/clitest.rg000001/providers/Microsoft.RecoveryServices/vaults/clitest-vault000002/operationResults/NDA5NTtjNDA4NjBkMy0yYzE0LTRlNjQtOWY3MC0yZTdmNGFhZjA5MGU=?api-version=2021-03-01
      pragma:
      - no-cache
      strict-transport-security:
      - max-age=31536000; includeSubDomains
      x-content-type-options:
      - nosniff
      x-ms-ratelimit-remaining-subscription-resource-requests:
      - '208'
    status:
      code: 202
      message: Accepted
- request:
    body: null
    headers:
      Accept:
      - '*/*'
      Accept-Encoding:
      - gzip, deflate
      CommandName:
      - backup vault identity remove
      Connection:
      - keep-alive
      ParameterSetName:
      - --system-assigned --user-assigned -g -n
      User-Agent:
      - AZURECLI/2.27.0 azsdk-python-mgmt-recoveryservices/2.0.0 Python/3.8.1 (Windows-10-10.0.19041-SP0)
    method: GET
    uri: https://management.azure.com/subscriptions/00000000-0000-0000-0000-000000000000/resourceGroups/clitest.rg000001/providers/Microsoft.RecoveryServices/vaults/clitest-vault000002/operationStatus/NDA5NTtjNDA4NjBkMy0yYzE0LTRlNjQtOWY3MC0yZTdmNGFhZjA5MGU=?api-version=2021-03-01
  response:
    body:
      string: "{\r\n  \"id\": \"/subscriptions/00000000-0000-0000-0000-000000000000/resourceGroups/clitest.rg000001/providers/Microsoft.RecoveryServices/vaults/clitest-vault000002/operationStatus/NDA5NTtjNDA4NjBkMy0yYzE0LTRlNjQtOWY3MC0yZTdmNGFhZjA5MGU=\",\r\n
        \ \"name\": \"NDA5NTtjNDA4NjBkMy0yYzE0LTRlNjQtOWY3MC0yZTdmNGFhZjA5MGU=\",\r\n
        \ \"status\": \"Succeeded\",\r\n  \"percentComplete\": 0.0\r\n}"
    headers:
      cache-control:
      - no-cache
      content-length:
      - '424'
      content-type:
      - application/json
      date:
      - Mon, 09 Aug 2021 11:12:47 GMT
      expires:
      - '-1'
      pragma:
      - no-cache
      server:
      - Microsoft-IIS/10.0
      strict-transport-security:
      - max-age=31536000; includeSubDomains
      transfer-encoding:
      - chunked
      vary:
      - Accept-Encoding
      x-content-type-options:
      - nosniff
    status:
      code: 200
      message: OK
- request:
    body: null
    headers:
      Accept:
      - '*/*'
      Accept-Encoding:
      - gzip, deflate
      CommandName:
      - backup vault identity remove
      Connection:
      - keep-alive
      ParameterSetName:
      - --system-assigned --user-assigned -g -n
      User-Agent:
      - AZURECLI/2.27.0 azsdk-python-mgmt-recoveryservices/2.0.0 Python/3.8.1 (Windows-10-10.0.19041-SP0)
    method: GET
    uri: https://management.azure.com/subscriptions/00000000-0000-0000-0000-000000000000/resourceGroups/clitest.rg000001/providers/Microsoft.RecoveryServices/vaults/clitest-vault000002?api-version=2021-03-01
  response:
    body:
      string: '{"location":"westus","name":"clitest-vault000002","etag":"W/\"datetime''2021-08-09T11%3A11%3A49.338711Z''\"","identity":{"tenantId":"54826b22-38d6-4fb2-bad9-b7b93a3e9c5a","type":"UserAssigned","userAssignedIdentities":{"/subscriptions/00000000-0000-0000-0000-000000000000/resourcegroups/clitest.rg000001/providers/Microsoft.ManagedIdentity/userAssignedIdentities/clitest-identity000004":{"clientId":"6c20bfa1-0638-463c-af3e-43d4e662ff45","objectId":"956ec294-af90-41d5-a60d-1a70872ef688"},"/subscriptions/00000000-0000-0000-0000-000000000000/resourcegroups/clitest.rg000001/providers/Microsoft.ManagedIdentity/userAssignedIdentities/clitest-identity000005":{"clientId":"a2435561-6a0d-4f16-8576-4a8efefaa5fd","objectId":"015dfe07-4db0-4322-9c17-5a8890c636c9"}}},"properties":{"provisioningState":"Succeeded","privateEndpointStateForBackup":"None","privateEndpointStateForSiteRecovery":"None"},"id":"/subscriptions/00000000-0000-0000-0000-000000000000/resourceGroups/clitest.rg000001/providers/Microsoft.RecoveryServices/vaults/clitest-vault000002","type":"Microsoft.RecoveryServices/vaults","sku":{"name":"Standard"}}'
    headers:
      cache-control:
      - no-cache
      content-length:
      - '1357'
      content-type:
      - application/json
      date:
      - Mon, 09 Aug 2021 11:12:47 GMT
      expires:
      - '-1'
      pragma:
      - no-cache
      server:
      - Microsoft-IIS/10.0
      strict-transport-security:
      - max-age=31536000; includeSubDomains
      transfer-encoding:
      - chunked
      vary:
      - Accept-Encoding
      x-content-type-options:
      - nosniff
    status:
      code: 200
      message: OK
- request:
    body: null
    headers:
      Accept:
      - application/json
      Accept-Encoding:
      - gzip, deflate
      CommandName:
      - backup vault identity assign
      Connection:
      - keep-alive
      ParameterSetName:
      - --system-assigned --user-assigned -g -n
      User-Agent:
      - AZURECLI/2.27.0 azsdk-python-mgmt-recoveryservices/2.0.0 Python/3.8.1 (Windows-10-10.0.19041-SP0)
    method: GET
    uri: https://management.azure.com/subscriptions/00000000-0000-0000-0000-000000000000/resourceGroups/clitest.rg000001/providers/Microsoft.RecoveryServices/vaults/clitest-vault000002?api-version=2021-03-01
  response:
    body:
      string: '{"location":"westus","name":"clitest-vault000002","etag":"W/\"datetime''2021-08-09T11%3A11%3A49.338711Z''\"","identity":{"tenantId":"54826b22-38d6-4fb2-bad9-b7b93a3e9c5a","type":"UserAssigned","userAssignedIdentities":{"/subscriptions/00000000-0000-0000-0000-000000000000/resourcegroups/clitest.rg000001/providers/Microsoft.ManagedIdentity/userAssignedIdentities/clitest-identity000004":{"clientId":"6c20bfa1-0638-463c-af3e-43d4e662ff45","objectId":"956ec294-af90-41d5-a60d-1a70872ef688"},"/subscriptions/00000000-0000-0000-0000-000000000000/resourcegroups/clitest.rg000001/providers/Microsoft.ManagedIdentity/userAssignedIdentities/clitest-identity000005":{"clientId":"a2435561-6a0d-4f16-8576-4a8efefaa5fd","objectId":"015dfe07-4db0-4322-9c17-5a8890c636c9"}}},"properties":{"provisioningState":"Succeeded","privateEndpointStateForBackup":"None","privateEndpointStateForSiteRecovery":"None"},"id":"/subscriptions/00000000-0000-0000-0000-000000000000/resourceGroups/clitest.rg000001/providers/Microsoft.RecoveryServices/vaults/clitest-vault000002","type":"Microsoft.RecoveryServices/vaults","sku":{"name":"Standard"}}'
    headers:
      cache-control:
      - no-cache
      content-length:
      - '1357'
      content-type:
      - application/json
      date:
      - Mon, 09 Aug 2021 11:12:49 GMT
      expires:
      - '-1'
      pragma:
      - no-cache
      server:
      - Microsoft-IIS/10.0
      strict-transport-security:
      - max-age=31536000; includeSubDomains
      transfer-encoding:
      - chunked
      vary:
      - Accept-Encoding
      x-content-type-options:
      - nosniff
    status:
      code: 200
      message: OK
- request:
    body: '{"identity": {"type": "systemassigned,userassigned", "userAssignedIdentities":
      {"/subscriptions/00000000-0000-0000-0000-000000000000/resourcegroups/clitest.rg000001/providers/Microsoft.ManagedIdentity/userAssignedIdentities/clitest-identity000003":
      {}}}}'
    headers:
      Accept:
      - application/json
      Accept-Encoding:
      - gzip, deflate
      CommandName:
      - backup vault identity assign
      Connection:
      - keep-alive
      Content-Length:
      - '341'
      Content-Type:
      - application/json
      ParameterSetName:
      - --system-assigned --user-assigned -g -n
      User-Agent:
      - AZURECLI/2.27.0 azsdk-python-mgmt-recoveryservices/2.0.0 Python/3.8.1 (Windows-10-10.0.19041-SP0)
    method: PATCH
    uri: https://management.azure.com/subscriptions/00000000-0000-0000-0000-000000000000/resourceGroups/clitest.rg000001/providers/Microsoft.RecoveryServices/vaults/clitest-vault000002?api-version=2021-03-01
  response:
    body:
      string: ''
    headers:
      azure-asyncoperation:
      - https://management.azure.com/subscriptions/00000000-0000-0000-0000-000000000000/resourceGroups/clitest.rg000001/providers/Microsoft.RecoveryServices/vaults/clitest-vault000002/operationStatus/NDA5NTs4MDhhODYwNC03MmE2LTQxNzQtYWE2Yi1jZjRjNjEwOTJiNjc=?api-version=2021-03-01
      cache-control:
      - no-cache
      content-length:
      - '0'
      date:
      - Mon, 09 Aug 2021 11:12:51 GMT
      expires:
      - '-1'
      location:
      - https://management.azure.com/subscriptions/00000000-0000-0000-0000-000000000000/resourceGroups/clitest.rg000001/providers/Microsoft.RecoveryServices/vaults/clitest-vault000002/operationResults/NDA5NTs4MDhhODYwNC03MmE2LTQxNzQtYWE2Yi1jZjRjNjEwOTJiNjc=?api-version=2021-03-01
      pragma:
      - no-cache
      strict-transport-security:
      - max-age=31536000; includeSubDomains
      x-content-type-options:
      - nosniff
      x-ms-ratelimit-remaining-subscription-resource-requests:
      - '208'
    status:
      code: 202
      message: Accepted
- request:
    body: null
    headers:
      Accept:
      - '*/*'
      Accept-Encoding:
      - gzip, deflate
      CommandName:
      - backup vault identity assign
      Connection:
      - keep-alive
      ParameterSetName:
      - --system-assigned --user-assigned -g -n
      User-Agent:
      - AZURECLI/2.27.0 azsdk-python-mgmt-recoveryservices/2.0.0 Python/3.8.1 (Windows-10-10.0.19041-SP0)
    method: GET
    uri: https://management.azure.com/subscriptions/00000000-0000-0000-0000-000000000000/resourceGroups/clitest.rg000001/providers/Microsoft.RecoveryServices/vaults/clitest-vault000002/operationStatus/NDA5NTs4MDhhODYwNC03MmE2LTQxNzQtYWE2Yi1jZjRjNjEwOTJiNjc=?api-version=2021-03-01
  response:
    body:
      string: "{\r\n  \"id\": \"/subscriptions/00000000-0000-0000-0000-000000000000/resourceGroups/clitest.rg000001/providers/Microsoft.RecoveryServices/vaults/clitest-vault000002/operationStatus/NDA5NTs4MDhhODYwNC03MmE2LTQxNzQtYWE2Yi1jZjRjNjEwOTJiNjc=\",\r\n
        \ \"name\": \"NDA5NTs4MDhhODYwNC03MmE2LTQxNzQtYWE2Yi1jZjRjNjEwOTJiNjc=\",\r\n
        \ \"status\": \"Succeeded\",\r\n  \"percentComplete\": 0.0\r\n}"
    headers:
      cache-control:
      - no-cache
      content-length:
      - '424'
      content-type:
      - application/json
      date:
      - Mon, 09 Aug 2021 11:13:53 GMT
      expires:
      - '-1'
      pragma:
      - no-cache
      server:
      - Microsoft-IIS/10.0
      strict-transport-security:
      - max-age=31536000; includeSubDomains
      transfer-encoding:
      - chunked
      vary:
      - Accept-Encoding
      x-content-type-options:
      - nosniff
    status:
      code: 200
      message: OK
- request:
    body: null
    headers:
      Accept:
      - '*/*'
      Accept-Encoding:
      - gzip, deflate
      CommandName:
      - backup vault identity assign
      Connection:
      - keep-alive
      ParameterSetName:
      - --system-assigned --user-assigned -g -n
      User-Agent:
      - AZURECLI/2.27.0 azsdk-python-mgmt-recoveryservices/2.0.0 Python/3.8.1 (Windows-10-10.0.19041-SP0)
    method: GET
    uri: https://management.azure.com/subscriptions/00000000-0000-0000-0000-000000000000/resourceGroups/clitest.rg000001/providers/Microsoft.RecoveryServices/vaults/clitest-vault000002?api-version=2021-03-01
  response:
    body:
      string: '{"location":"westus","name":"clitest-vault000002","etag":"W/\"datetime''2021-08-09T11%3A12%3A55.6813344Z''\"","identity":{"tenantId":"54826b22-38d6-4fb2-bad9-b7b93a3e9c5a","principalId":"681e064a-4a83-4a46-af9d-d3b4b129899c","type":"SystemAssigned,
        UserAssigned","userAssignedIdentities":{"/subscriptions/00000000-0000-0000-0000-000000000000/resourcegroups/clitest.rg000001/providers/Microsoft.ManagedIdentity/userAssignedIdentities/clitest-identity000004":{"clientId":"6c20bfa1-0638-463c-af3e-43d4e662ff45","objectId":"956ec294-af90-41d5-a60d-1a70872ef688"},"/subscriptions/00000000-0000-0000-0000-000000000000/resourcegroups/clitest.rg000001/providers/Microsoft.ManagedIdentity/userAssignedIdentities/clitest-identity000005":{"clientId":"a2435561-6a0d-4f16-8576-4a8efefaa5fd","objectId":"015dfe07-4db0-4322-9c17-5a8890c636c9"},"/subscriptions/00000000-0000-0000-0000-000000000000/resourcegroups/clitest.rg000001/providers/Microsoft.ManagedIdentity/userAssignedIdentities/clitest-identity000003":{"clientId":"93105bf2-905c-4e58-9b5f-b6bc2834bfb5","objectId":"99c73a50-d533-45a3-b542-ae1104ffbb88"}}},"properties":{"provisioningState":"Succeeded","privateEndpointStateForBackup":"None","privateEndpointStateForSiteRecovery":"None"},"id":"/subscriptions/00000000-0000-0000-0000-000000000000/resourceGroups/clitest.rg000001/providers/Microsoft.RecoveryServices/vaults/clitest-vault000002","type":"Microsoft.RecoveryServices/vaults","sku":{"name":"Standard"}}'
    headers:
      cache-control:
      - no-cache
      content-length:
      - '1784'
      content-type:
      - application/json
      date:
      - Mon, 09 Aug 2021 11:13:53 GMT
      expires:
      - '-1'
      pragma:
      - no-cache
      server:
      - Microsoft-IIS/10.0
      strict-transport-security:
      - max-age=31536000; includeSubDomains
      transfer-encoding:
      - chunked
      vary:
      - Accept-Encoding
      x-content-type-options:
      - nosniff
    status:
      code: 200
      message: OK
- request:
    body: null
    headers:
      Accept:
      - application/json
      Accept-Encoding:
      - gzip, deflate
      CommandName:
      - backup vault identity remove
      Connection:
      - keep-alive
      ParameterSetName:
      - --system-assigned --user-assigned -g -n
      User-Agent:
      - AZURECLI/2.27.0 azsdk-python-mgmt-recoveryservices/2.0.0 Python/3.8.1 (Windows-10-10.0.19041-SP0)
    method: GET
    uri: https://management.azure.com/subscriptions/00000000-0000-0000-0000-000000000000/resourceGroups/clitest.rg000001/providers/Microsoft.RecoveryServices/vaults/clitest-vault000002?api-version=2021-03-01
  response:
    body:
      string: '{"location":"westus","name":"clitest-vault000002","etag":"W/\"datetime''2021-08-09T11%3A12%3A55.6813344Z''\"","identity":{"tenantId":"54826b22-38d6-4fb2-bad9-b7b93a3e9c5a","principalId":"681e064a-4a83-4a46-af9d-d3b4b129899c","type":"SystemAssigned,
        UserAssigned","userAssignedIdentities":{"/subscriptions/00000000-0000-0000-0000-000000000000/resourcegroups/clitest.rg000001/providers/Microsoft.ManagedIdentity/userAssignedIdentities/clitest-identity000004":{"clientId":"6c20bfa1-0638-463c-af3e-43d4e662ff45","objectId":"956ec294-af90-41d5-a60d-1a70872ef688"},"/subscriptions/00000000-0000-0000-0000-000000000000/resourcegroups/clitest.rg000001/providers/Microsoft.ManagedIdentity/userAssignedIdentities/clitest-identity000005":{"clientId":"a2435561-6a0d-4f16-8576-4a8efefaa5fd","objectId":"015dfe07-4db0-4322-9c17-5a8890c636c9"},"/subscriptions/00000000-0000-0000-0000-000000000000/resourcegroups/clitest.rg000001/providers/Microsoft.ManagedIdentity/userAssignedIdentities/clitest-identity000003":{"clientId":"93105bf2-905c-4e58-9b5f-b6bc2834bfb5","objectId":"99c73a50-d533-45a3-b542-ae1104ffbb88"}}},"properties":{"provisioningState":"Succeeded","privateEndpointStateForBackup":"None","privateEndpointStateForSiteRecovery":"None"},"id":"/subscriptions/00000000-0000-0000-0000-000000000000/resourceGroups/clitest.rg000001/providers/Microsoft.RecoveryServices/vaults/clitest-vault000002","type":"Microsoft.RecoveryServices/vaults","sku":{"name":"Standard"}}'
    headers:
      cache-control:
      - no-cache
      content-length:
      - '1784'
      content-type:
      - application/json
      date:
      - Mon, 09 Aug 2021 11:13:55 GMT
      expires:
      - '-1'
      pragma:
      - no-cache
      server:
      - Microsoft-IIS/10.0
      strict-transport-security:
      - max-age=31536000; includeSubDomains
      transfer-encoding:
      - chunked
      vary:
      - Accept-Encoding
      x-content-type-options:
      - nosniff
    status:
      code: 200
      message: OK
- request:
    body: '{"identity": {"type": "none"}}'
    headers:
      Accept:
      - application/json
      Accept-Encoding:
      - gzip, deflate
      CommandName:
      - backup vault identity remove
      Connection:
      - keep-alive
      Content-Length:
      - '30'
      Content-Type:
      - application/json
      ParameterSetName:
      - --system-assigned --user-assigned -g -n
      User-Agent:
      - AZURECLI/2.27.0 azsdk-python-mgmt-recoveryservices/2.0.0 Python/3.8.1 (Windows-10-10.0.19041-SP0)
    method: PATCH
    uri: https://management.azure.com/subscriptions/00000000-0000-0000-0000-000000000000/resourceGroups/clitest.rg000001/providers/Microsoft.RecoveryServices/vaults/clitest-vault000002?api-version=2021-03-01
  response:
    body:
      string: '{"location":"westus","name":"clitest-vault000002","etag":"W/\"datetime''2021-08-09T11%3A14%3A01.1893971Z''\"","identity":{"type":"None"},"properties":{"provisioningState":"Succeeded","privateEndpointStateForBackup":"None","privateEndpointStateForSiteRecovery":"None"},"id":"/subscriptions/00000000-0000-0000-0000-000000000000/resourceGroups/clitest.rg000001/providers/Microsoft.RecoveryServices/vaults/clitest-vault000002","type":"Microsoft.RecoveryServices/vaults","sku":{"name":"Standard"}}'
    headers:
      cache-control:
      - no-cache
      content-length:
      - '559'
      content-type:
      - application/json
      date:
      - Mon, 09 Aug 2021 11:14:03 GMT
      expires:
      - '-1'
      pragma:
      - no-cache
      server:
      - Microsoft-IIS/10.0
      strict-transport-security:
      - max-age=31536000; includeSubDomains
      transfer-encoding:
      - chunked
      vary:
      - Accept-Encoding
      x-content-type-options:
      - nosniff
      x-ms-ratelimit-remaining-subscription-resource-requests:
      - '207'
    status:
      code: 200
      message: OK
- request:
    body: null
    headers:
      Accept:
      - application/json
      Accept-Encoding:
      - gzip, deflate
      CommandName:
      - backup vault identity assign
      Connection:
      - keep-alive
      ParameterSetName:
      - --system-assigned -g -n
      User-Agent:
      - AZURECLI/2.27.0 azsdk-python-mgmt-recoveryservices/2.0.0 Python/3.8.1 (Windows-10-10.0.19041-SP0)
    method: GET
    uri: https://management.azure.com/subscriptions/00000000-0000-0000-0000-000000000000/resourceGroups/clitest.rg000001/providers/Microsoft.RecoveryServices/vaults/clitest-vault000002?api-version=2021-03-01
  response:
    body:
      string: '{"location":"westus","name":"clitest-vault000002","etag":"W/\"datetime''2021-08-09T11%3A14%3A01.1893971Z''\"","identity":{"type":"None"},"properties":{"provisioningState":"Succeeded","privateEndpointStateForBackup":"None","privateEndpointStateForSiteRecovery":"None"},"id":"/subscriptions/00000000-0000-0000-0000-000000000000/resourceGroups/clitest.rg000001/providers/Microsoft.RecoveryServices/vaults/clitest-vault000002","type":"Microsoft.RecoveryServices/vaults","sku":{"name":"Standard"}}'
    headers:
      cache-control:
      - no-cache
      content-length:
      - '559'
      content-type:
      - application/json
      date:
      - Mon, 09 Aug 2021 11:14:03 GMT
      expires:
      - '-1'
      pragma:
      - no-cache
      server:
      - Microsoft-IIS/10.0
      strict-transport-security:
      - max-age=31536000; includeSubDomains
      transfer-encoding:
      - chunked
      vary:
      - Accept-Encoding
      x-content-type-options:
      - nosniff
    status:
      code: 200
      message: OK
- request:
    body: '{"identity": {"type": "systemassigned"}}'
    headers:
      Accept:
      - application/json
      Accept-Encoding:
      - gzip, deflate
      CommandName:
      - backup vault identity assign
      Connection:
      - keep-alive
      Content-Length:
      - '40'
      Content-Type:
      - application/json
      ParameterSetName:
      - --system-assigned -g -n
      User-Agent:
      - AZURECLI/2.27.0 azsdk-python-mgmt-recoveryservices/2.0.0 Python/3.8.1 (Windows-10-10.0.19041-SP0)
    method: PATCH
    uri: https://management.azure.com/subscriptions/00000000-0000-0000-0000-000000000000/resourceGroups/clitest.rg000001/providers/Microsoft.RecoveryServices/vaults/clitest-vault000002?api-version=2021-03-01
  response:
    body:
      string: '{"location":"westus","name":"clitest-vault000002","etag":"W/\"datetime''2021-08-09T11%3A14%3A06.678084Z''\"","identity":{"tenantId":"54826b22-38d6-4fb2-bad9-b7b93a3e9c5a","principalId":"d59c0bbd-7a20-4ec7-aaea-93f641c5a0ab","type":"SystemAssigned"},"properties":{"provisioningState":"Succeeded","privateEndpointStateForBackup":"None","privateEndpointStateForSiteRecovery":"None"},"id":"/subscriptions/00000000-0000-0000-0000-000000000000/resourceGroups/clitest.rg000001/providers/Microsoft.RecoveryServices/vaults/clitest-vault000002","type":"Microsoft.RecoveryServices/vaults","sku":{"name":"Standard"}}'
    headers:
      cache-control:
      - no-cache
      content-length:
      - '671'
      content-type:
      - application/json
      date:
      - Mon, 09 Aug 2021 11:14:08 GMT
      expires:
      - '-1'
      pragma:
      - no-cache
      server:
      - Microsoft-IIS/10.0
      strict-transport-security:
      - max-age=31536000; includeSubDomains
      transfer-encoding:
      - chunked
      vary:
      - Accept-Encoding
      x-content-type-options:
      - nosniff
      x-ms-ratelimit-remaining-subscription-resource-requests:
      - '207'
    status:
      code: 200
      message: OK
- request:
    body: null
    headers:
      Accept:
      - application/json
      Accept-Encoding:
      - gzip, deflate
      CommandName:
      - backup vault identity assign
      Connection:
      - keep-alive
      ParameterSetName:
      - --user-assigned -g -n
      User-Agent:
      - AZURECLI/2.27.0 azsdk-python-mgmt-recoveryservices/2.0.0 Python/3.8.1 (Windows-10-10.0.19041-SP0)
    method: GET
    uri: https://management.azure.com/subscriptions/00000000-0000-0000-0000-000000000000/resourceGroups/clitest.rg000001/providers/Microsoft.RecoveryServices/vaults/clitest-vault000002?api-version=2021-03-01
  response:
    body:
      string: '{"location":"westus","name":"clitest-vault000002","etag":"W/\"datetime''2021-08-09T11%3A14%3A06.678084Z''\"","identity":{"tenantId":"54826b22-38d6-4fb2-bad9-b7b93a3e9c5a","principalId":"d59c0bbd-7a20-4ec7-aaea-93f641c5a0ab","type":"SystemAssigned"},"properties":{"provisioningState":"Succeeded","privateEndpointStateForBackup":"None","privateEndpointStateForSiteRecovery":"None"},"id":"/subscriptions/00000000-0000-0000-0000-000000000000/resourceGroups/clitest.rg000001/providers/Microsoft.RecoveryServices/vaults/clitest-vault000002","type":"Microsoft.RecoveryServices/vaults","sku":{"name":"Standard"}}'
    headers:
      cache-control:
      - no-cache
      content-length:
      - '671'
      content-type:
      - application/json
      date:
      - Mon, 09 Aug 2021 11:14:10 GMT
      expires:
      - '-1'
      pragma:
      - no-cache
      server:
      - Microsoft-IIS/10.0
      strict-transport-security:
      - max-age=31536000; includeSubDomains
      transfer-encoding:
      - chunked
      vary:
      - Accept-Encoding
      x-content-type-options:
      - nosniff
    status:
      code: 200
      message: OK
- request:
    body: '{"identity": {"type": "systemassigned,userassigned", "userAssignedIdentities":
      {"/subscriptions/00000000-0000-0000-0000-000000000000/resourcegroups/clitest.rg000001/providers/Microsoft.ManagedIdentity/userAssignedIdentities/clitest-identity000003":
      {}, "/subscriptions/00000000-0000-0000-0000-000000000000/resourcegroups/clitest.rg000001/providers/Microsoft.ManagedIdentity/userAssignedIdentities/clitest-identity000004":
      {}}}}'
    headers:
      Accept:
      - application/json
      Accept-Encoding:
      - gzip, deflate
      CommandName:
      - backup vault identity assign
      Connection:
      - keep-alive
      Content-Length:
      - '601'
      Content-Type:
      - application/json
      ParameterSetName:
      - --user-assigned -g -n
      User-Agent:
      - AZURECLI/2.27.0 azsdk-python-mgmt-recoveryservices/2.0.0 Python/3.8.1 (Windows-10-10.0.19041-SP0)
    method: PATCH
    uri: https://management.azure.com/subscriptions/00000000-0000-0000-0000-000000000000/resourceGroups/clitest.rg000001/providers/Microsoft.RecoveryServices/vaults/clitest-vault000002?api-version=2021-03-01
  response:
    body:
      string: ''
    headers:
      azure-asyncoperation:
      - https://management.azure.com/subscriptions/00000000-0000-0000-0000-000000000000/resourceGroups/clitest.rg000001/providers/Microsoft.RecoveryServices/vaults/clitest-vault000002/operationStatus/NDA5NTtkZjk4ZmI4Yi0wN2JmLTQ1N2MtYTY3Yy04ZTllYmQ2MjBiMTM=?api-version=2021-03-01
      cache-control:
      - no-cache
      content-length:
      - '0'
      date:
      - Mon, 09 Aug 2021 11:14:15 GMT
      expires:
      - '-1'
      location:
      - https://management.azure.com/subscriptions/00000000-0000-0000-0000-000000000000/resourceGroups/clitest.rg000001/providers/Microsoft.RecoveryServices/vaults/clitest-vault000002/operationResults/NDA5NTtkZjk4ZmI4Yi0wN2JmLTQ1N2MtYTY3Yy04ZTllYmQ2MjBiMTM=?api-version=2021-03-01
      pragma:
      - no-cache
      strict-transport-security:
      - max-age=31536000; includeSubDomains
      x-content-type-options:
      - nosniff
      x-ms-ratelimit-remaining-subscription-resource-requests:
      - '208'
    status:
      code: 202
      message: Accepted
- request:
    body: null
    headers:
      Accept:
      - '*/*'
      Accept-Encoding:
      - gzip, deflate
      CommandName:
      - backup vault identity assign
      Connection:
      - keep-alive
      ParameterSetName:
      - --user-assigned -g -n
      User-Agent:
      - AZURECLI/2.27.0 azsdk-python-mgmt-recoveryservices/2.0.0 Python/3.8.1 (Windows-10-10.0.19041-SP0)
    method: GET
    uri: https://management.azure.com/subscriptions/00000000-0000-0000-0000-000000000000/resourceGroups/clitest.rg000001/providers/Microsoft.RecoveryServices/vaults/clitest-vault000002/operationStatus/NDA5NTtkZjk4ZmI4Yi0wN2JmLTQ1N2MtYTY3Yy04ZTllYmQ2MjBiMTM=?api-version=2021-03-01
  response:
    body:
      string: "{\r\n  \"id\": \"/subscriptions/00000000-0000-0000-0000-000000000000/resourceGroups/clitest.rg000001/providers/Microsoft.RecoveryServices/vaults/clitest-vault000002/operationStatus/NDA5NTtkZjk4ZmI4Yi0wN2JmLTQ1N2MtYTY3Yy04ZTllYmQ2MjBiMTM=\",\r\n
        \ \"name\": \"NDA5NTtkZjk4ZmI4Yi0wN2JmLTQ1N2MtYTY3Yy04ZTllYmQ2MjBiMTM=\",\r\n
        \ \"status\": \"InProgress\",\r\n  \"percentComplete\": 0.0\r\n}"
    headers:
      azure-asyncoperation:
      - https://management.azure.com/subscriptions/00000000-0000-0000-0000-000000000000/resourceGroups/clitest.rg000001/providers/Microsoft.RecoveryServices/vaults/clitest-vault000002/operationStatus/NDA5NTtkZjk4ZmI4Yi0wN2JmLTQ1N2MtYTY3Yy04ZTllYmQ2MjBiMTM=?api-version=2021-03-01
      cache-control:
      - no-cache
      content-length:
      - '425'
      content-type:
      - application/json
      date:
      - Mon, 09 Aug 2021 11:15:16 GMT
      expires:
      - '-1'
      location:
      - https://management.azure.com/subscriptions/00000000-0000-0000-0000-000000000000/resourceGroups/clitest.rg000001/providers/Microsoft.RecoveryServices/vaults/clitest-vault000002/operationResults/NDA5NTtkZjk4ZmI4Yi0wN2JmLTQ1N2MtYTY3Yy04ZTllYmQ2MjBiMTM=?api-version=2021-03-01
      pragma:
      - no-cache
      server:
      - Microsoft-IIS/10.0
      strict-transport-security:
      - max-age=31536000; includeSubDomains
      transfer-encoding:
      - chunked
      vary:
      - Accept-Encoding
      x-content-type-options:
      - nosniff
    status:
      code: 200
      message: OK
- request:
    body: null
    headers:
      Accept:
      - '*/*'
      Accept-Encoding:
      - gzip, deflate
      CommandName:
      - backup vault identity assign
      Connection:
      - keep-alive
      ParameterSetName:
      - --user-assigned -g -n
      User-Agent:
      - AZURECLI/2.27.0 azsdk-python-mgmt-recoveryservices/2.0.0 Python/3.8.1 (Windows-10-10.0.19041-SP0)
    method: GET
    uri: https://management.azure.com/subscriptions/00000000-0000-0000-0000-000000000000/resourceGroups/clitest.rg000001/providers/Microsoft.RecoveryServices/vaults/clitest-vault000002/operationStatus/NDA5NTtkZjk4ZmI4Yi0wN2JmLTQ1N2MtYTY3Yy04ZTllYmQ2MjBiMTM=?api-version=2021-03-01
  response:
    body:
      string: "{\r\n  \"id\": \"/subscriptions/00000000-0000-0000-0000-000000000000/resourceGroups/clitest.rg000001/providers/Microsoft.RecoveryServices/vaults/clitest-vault000002/operationStatus/NDA5NTtkZjk4ZmI4Yi0wN2JmLTQ1N2MtYTY3Yy04ZTllYmQ2MjBiMTM=\",\r\n
        \ \"name\": \"NDA5NTtkZjk4ZmI4Yi0wN2JmLTQ1N2MtYTY3Yy04ZTllYmQ2MjBiMTM=\",\r\n
        \ \"status\": \"Succeeded\",\r\n  \"percentComplete\": 0.0\r\n}"
    headers:
      cache-control:
      - no-cache
      content-length:
      - '424'
      content-type:
      - application/json
      date:
      - Mon, 09 Aug 2021 11:16:17 GMT
      expires:
      - '-1'
      pragma:
      - no-cache
      server:
      - Microsoft-IIS/10.0
      strict-transport-security:
      - max-age=31536000; includeSubDomains
      transfer-encoding:
      - chunked
      vary:
      - Accept-Encoding
      x-content-type-options:
      - nosniff
    status:
      code: 200
      message: OK
- request:
    body: null
    headers:
      Accept:
      - '*/*'
      Accept-Encoding:
      - gzip, deflate
      CommandName:
      - backup vault identity assign
      Connection:
      - keep-alive
      ParameterSetName:
      - --user-assigned -g -n
      User-Agent:
      - AZURECLI/2.27.0 azsdk-python-mgmt-recoveryservices/2.0.0 Python/3.8.1 (Windows-10-10.0.19041-SP0)
    method: GET
    uri: https://management.azure.com/subscriptions/00000000-0000-0000-0000-000000000000/resourceGroups/clitest.rg000001/providers/Microsoft.RecoveryServices/vaults/clitest-vault000002?api-version=2021-03-01
  response:
    body:
      string: '{"location":"westus","name":"clitest-vault000002","etag":"W/\"datetime''2021-08-09T11%3A15%3A20.0894641Z''\"","identity":{"tenantId":"54826b22-38d6-4fb2-bad9-b7b93a3e9c5a","principalId":"d59c0bbd-7a20-4ec7-aaea-93f641c5a0ab","type":"SystemAssigned,
        UserAssigned","userAssignedIdentities":{"/subscriptions/00000000-0000-0000-0000-000000000000/resourcegroups/clitest.rg000001/providers/Microsoft.ManagedIdentity/userAssignedIdentities/clitest-identity000003":{"clientId":"93105bf2-905c-4e58-9b5f-b6bc2834bfb5","objectId":"99c73a50-d533-45a3-b542-ae1104ffbb88"},"/subscriptions/00000000-0000-0000-0000-000000000000/resourcegroups/clitest.rg000001/providers/Microsoft.ManagedIdentity/userAssignedIdentities/clitest-identity000004":{"clientId":"6c20bfa1-0638-463c-af3e-43d4e662ff45","objectId":"956ec294-af90-41d5-a60d-1a70872ef688"}}},"properties":{"provisioningState":"Succeeded","privateEndpointStateForBackup":"None","privateEndpointStateForSiteRecovery":"None"},"id":"/subscriptions/00000000-0000-0000-0000-000000000000/resourceGroups/clitest.rg000001/providers/Microsoft.RecoveryServices/vaults/clitest-vault000002","type":"Microsoft.RecoveryServices/vaults","sku":{"name":"Standard"}}'
    headers:
      cache-control:
      - no-cache
      content-length:
      - '1427'
      content-type:
      - application/json
      date:
      - Mon, 09 Aug 2021 11:16:18 GMT
      expires:
      - '-1'
      pragma:
      - no-cache
      server:
      - Microsoft-IIS/10.0
      strict-transport-security:
      - max-age=31536000; includeSubDomains
      transfer-encoding:
      - chunked
      vary:
      - Accept-Encoding
      x-content-type-options:
      - nosniff
    status:
      code: 200
      message: OK
- request:
    body: null
    headers:
      Accept:
      - application/json
      Accept-Encoding:
      - gzip, deflate
      CommandName:
      - backup vault identity remove
      Connection:
      - keep-alive
      ParameterSetName:
      - --system-assigned -g -n
      User-Agent:
      - AZURECLI/2.27.0 azsdk-python-mgmt-recoveryservices/2.0.0 Python/3.8.1 (Windows-10-10.0.19041-SP0)
    method: GET
    uri: https://management.azure.com/subscriptions/00000000-0000-0000-0000-000000000000/resourceGroups/clitest.rg000001/providers/Microsoft.RecoveryServices/vaults/clitest-vault000002?api-version=2021-03-01
  response:
    body:
      string: '{"location":"westus","name":"clitest-vault000002","etag":"W/\"datetime''2021-08-09T11%3A15%3A20.0894641Z''\"","identity":{"tenantId":"54826b22-38d6-4fb2-bad9-b7b93a3e9c5a","principalId":"d59c0bbd-7a20-4ec7-aaea-93f641c5a0ab","type":"SystemAssigned,
        UserAssigned","userAssignedIdentities":{"/subscriptions/00000000-0000-0000-0000-000000000000/resourcegroups/clitest.rg000001/providers/Microsoft.ManagedIdentity/userAssignedIdentities/clitest-identity000003":{"clientId":"93105bf2-905c-4e58-9b5f-b6bc2834bfb5","objectId":"99c73a50-d533-45a3-b542-ae1104ffbb88"},"/subscriptions/00000000-0000-0000-0000-000000000000/resourcegroups/clitest.rg000001/providers/Microsoft.ManagedIdentity/userAssignedIdentities/clitest-identity000004":{"clientId":"6c20bfa1-0638-463c-af3e-43d4e662ff45","objectId":"956ec294-af90-41d5-a60d-1a70872ef688"}}},"properties":{"provisioningState":"Succeeded","privateEndpointStateForBackup":"None","privateEndpointStateForSiteRecovery":"None"},"id":"/subscriptions/00000000-0000-0000-0000-000000000000/resourceGroups/clitest.rg000001/providers/Microsoft.RecoveryServices/vaults/clitest-vault000002","type":"Microsoft.RecoveryServices/vaults","sku":{"name":"Standard"}}'
    headers:
      cache-control:
      - no-cache
      content-length:
      - '1427'
      content-type:
      - application/json
      date:
      - Mon, 09 Aug 2021 11:16:19 GMT
      expires:
      - '-1'
      pragma:
      - no-cache
      server:
      - Microsoft-IIS/10.0
      strict-transport-security:
      - max-age=31536000; includeSubDomains
      transfer-encoding:
      - chunked
      vary:
      - Accept-Encoding
      x-content-type-options:
      - nosniff
    status:
      code: 200
      message: OK
- request:
    body: '{"identity": {"type": "userassigned"}}'
    headers:
      Accept:
      - application/json
      Accept-Encoding:
      - gzip, deflate
      CommandName:
      - backup vault identity remove
      Connection:
      - keep-alive
      Content-Length:
      - '38'
      Content-Type:
      - application/json
      ParameterSetName:
      - --system-assigned -g -n
      User-Agent:
      - AZURECLI/2.27.0 azsdk-python-mgmt-recoveryservices/2.0.0 Python/3.8.1 (Windows-10-10.0.19041-SP0)
    method: PATCH
    uri: https://management.azure.com/subscriptions/00000000-0000-0000-0000-000000000000/resourceGroups/clitest.rg000001/providers/Microsoft.RecoveryServices/vaults/clitest-vault000002?api-version=2021-03-01
  response:
    body:
      string: ''
    headers:
      azure-asyncoperation:
      - https://management.azure.com/subscriptions/00000000-0000-0000-0000-000000000000/resourceGroups/clitest.rg000001/providers/Microsoft.RecoveryServices/vaults/clitest-vault000002/operationStatus/NDA5NTs2NDkxNzIzMi04OGUzLTQ2MmQtYTliMi0zN2YzMzE0Y2ZhYTQ=?api-version=2021-03-01
      cache-control:
      - no-cache
      content-length:
      - '0'
      date:
      - Mon, 09 Aug 2021 11:16:22 GMT
      expires:
      - '-1'
      location:
      - https://management.azure.com/subscriptions/00000000-0000-0000-0000-000000000000/resourceGroups/clitest.rg000001/providers/Microsoft.RecoveryServices/vaults/clitest-vault000002/operationResults/NDA5NTs2NDkxNzIzMi04OGUzLTQ2MmQtYTliMi0zN2YzMzE0Y2ZhYTQ=?api-version=2021-03-01
      pragma:
      - no-cache
      strict-transport-security:
      - max-age=31536000; includeSubDomains
      x-content-type-options:
      - nosniff
      x-ms-ratelimit-remaining-subscription-resource-requests:
      - '205'
    status:
      code: 202
      message: Accepted
- request:
    body: null
    headers:
      Accept:
      - '*/*'
      Accept-Encoding:
      - gzip, deflate
      CommandName:
      - backup vault identity remove
      Connection:
      - keep-alive
      ParameterSetName:
      - --system-assigned -g -n
      User-Agent:
      - AZURECLI/2.27.0 azsdk-python-mgmt-recoveryservices/2.0.0 Python/3.8.1 (Windows-10-10.0.19041-SP0)
    method: GET
    uri: https://management.azure.com/subscriptions/00000000-0000-0000-0000-000000000000/resourceGroups/clitest.rg000001/providers/Microsoft.RecoveryServices/vaults/clitest-vault000002/operationStatus/NDA5NTs2NDkxNzIzMi04OGUzLTQ2MmQtYTliMi0zN2YzMzE0Y2ZhYTQ=?api-version=2021-03-01
  response:
    body:
      string: "{\r\n  \"id\": \"/subscriptions/00000000-0000-0000-0000-000000000000/resourceGroups/clitest.rg000001/providers/Microsoft.RecoveryServices/vaults/clitest-vault000002/operationStatus/NDA5NTs2NDkxNzIzMi04OGUzLTQ2MmQtYTliMi0zN2YzMzE0Y2ZhYTQ=\",\r\n
        \ \"name\": \"NDA5NTs2NDkxNzIzMi04OGUzLTQ2MmQtYTliMi0zN2YzMzE0Y2ZhYTQ=\",\r\n
        \ \"status\": \"Succeeded\",\r\n  \"percentComplete\": 0.0\r\n}"
    headers:
      cache-control:
      - no-cache
      content-length:
      - '424'
      content-type:
      - application/json
      date:
      - Mon, 09 Aug 2021 11:17:42 GMT
      expires:
      - '-1'
      pragma:
      - no-cache
      server:
      - Microsoft-IIS/10.0
      strict-transport-security:
      - max-age=31536000; includeSubDomains
      transfer-encoding:
      - chunked
      vary:
      - Accept-Encoding
      x-content-type-options:
      - nosniff
    status:
      code: 200
      message: OK
- request:
    body: null
    headers:
      Accept:
      - '*/*'
      Accept-Encoding:
      - gzip, deflate
      CommandName:
      - backup vault identity remove
      Connection:
      - keep-alive
      ParameterSetName:
      - --system-assigned -g -n
      User-Agent:
      - AZURECLI/2.27.0 azsdk-python-mgmt-recoveryservices/2.0.0 Python/3.8.1 (Windows-10-10.0.19041-SP0)
    method: GET
    uri: https://management.azure.com/subscriptions/00000000-0000-0000-0000-000000000000/resourceGroups/clitest.rg000001/providers/Microsoft.RecoveryServices/vaults/clitest-vault000002?api-version=2021-03-01
  response:
    body:
      string: '{"location":"westus","name":"clitest-vault000002","etag":"W/\"datetime''2021-08-09T11%3A17%3A32.3013931Z''\"","identity":{"tenantId":"54826b22-38d6-4fb2-bad9-b7b93a3e9c5a","type":"UserAssigned","userAssignedIdentities":{"/subscriptions/00000000-0000-0000-0000-000000000000/resourcegroups/clitest.rg000001/providers/Microsoft.ManagedIdentity/userAssignedIdentities/clitest-identity000003":{"clientId":"93105bf2-905c-4e58-9b5f-b6bc2834bfb5","objectId":"99c73a50-d533-45a3-b542-ae1104ffbb88"},"/subscriptions/00000000-0000-0000-0000-000000000000/resourcegroups/clitest.rg000001/providers/Microsoft.ManagedIdentity/userAssignedIdentities/clitest-identity000004":{"clientId":"6c20bfa1-0638-463c-af3e-43d4e662ff45","objectId":"956ec294-af90-41d5-a60d-1a70872ef688"}}},"properties":{"provisioningState":"Succeeded","privateEndpointStateForBackup":"None","privateEndpointStateForSiteRecovery":"None"},"id":"/subscriptions/00000000-0000-0000-0000-000000000000/resourceGroups/clitest.rg000001/providers/Microsoft.RecoveryServices/vaults/clitest-vault000002","type":"Microsoft.RecoveryServices/vaults","sku":{"name":"Standard"}}'
    headers:
      cache-control:
      - no-cache
      content-length:
      - '1358'
      content-type:
      - application/json
      date:
      - Mon, 09 Aug 2021 11:17:43 GMT
      expires:
      - '-1'
      pragma:
      - no-cache
      server:
      - Microsoft-IIS/10.0
      strict-transport-security:
      - max-age=31536000; includeSubDomains
      transfer-encoding:
      - chunked
      vary:
      - Accept-Encoding
      x-content-type-options:
      - nosniff
    status:
      code: 200
      message: OK
- request:
    body: null
    headers:
      Accept:
      - application/json
      Accept-Encoding:
      - gzip, deflate
      CommandName:
      - backup vault identity remove
      Connection:
      - keep-alive
      ParameterSetName:
      - --user-assigned -g -n
      User-Agent:
      - AZURECLI/2.27.0 azsdk-python-mgmt-recoveryservices/2.0.0 Python/3.8.1 (Windows-10-10.0.19041-SP0)
    method: GET
    uri: https://management.azure.com/subscriptions/00000000-0000-0000-0000-000000000000/resourceGroups/clitest.rg000001/providers/Microsoft.RecoveryServices/vaults/clitest-vault000002?api-version=2021-03-01
  response:
    body:
      string: '{"location":"westus","name":"clitest-vault000002","etag":"W/\"datetime''2021-08-09T11%3A17%3A32.3013931Z''\"","identity":{"tenantId":"54826b22-38d6-4fb2-bad9-b7b93a3e9c5a","type":"UserAssigned","userAssignedIdentities":{"/subscriptions/00000000-0000-0000-0000-000000000000/resourcegroups/clitest.rg000001/providers/Microsoft.ManagedIdentity/userAssignedIdentities/clitest-identity000003":{"clientId":"93105bf2-905c-4e58-9b5f-b6bc2834bfb5","objectId":"99c73a50-d533-45a3-b542-ae1104ffbb88"},"/subscriptions/00000000-0000-0000-0000-000000000000/resourcegroups/clitest.rg000001/providers/Microsoft.ManagedIdentity/userAssignedIdentities/clitest-identity000004":{"clientId":"6c20bfa1-0638-463c-af3e-43d4e662ff45","objectId":"956ec294-af90-41d5-a60d-1a70872ef688"}}},"properties":{"provisioningState":"Succeeded","privateEndpointStateForBackup":"None","privateEndpointStateForSiteRecovery":"None"},"id":"/subscriptions/00000000-0000-0000-0000-000000000000/resourceGroups/clitest.rg000001/providers/Microsoft.RecoveryServices/vaults/clitest-vault000002","type":"Microsoft.RecoveryServices/vaults","sku":{"name":"Standard"}}'
    headers:
      cache-control:
      - no-cache
      content-length:
      - '1358'
      content-type:
      - application/json
      date:
      - Mon, 09 Aug 2021 11:17:43 GMT
      expires:
      - '-1'
      pragma:
      - no-cache
      server:
      - Microsoft-IIS/10.0
      strict-transport-security:
      - max-age=31536000; includeSubDomains
      transfer-encoding:
      - chunked
      vary:
      - Accept-Encoding
      x-content-type-options:
      - nosniff
    status:
      code: 200
      message: OK
- request:
    body: '{"identity": {"type": "none"}}'
    headers:
      Accept:
      - application/json
      Accept-Encoding:
      - gzip, deflate
      CommandName:
      - backup vault identity remove
      Connection:
      - keep-alive
      Content-Length:
      - '30'
      Content-Type:
      - application/json
      ParameterSetName:
      - --user-assigned -g -n
      User-Agent:
      - AZURECLI/2.27.0 azsdk-python-mgmt-recoveryservices/2.0.0 Python/3.8.1 (Windows-10-10.0.19041-SP0)
    method: PATCH
    uri: https://management.azure.com/subscriptions/00000000-0000-0000-0000-000000000000/resourceGroups/clitest.rg000001/providers/Microsoft.RecoveryServices/vaults/clitest-vault000002?api-version=2021-03-01
  response:
    body:
      string: '{"location":"westus","name":"clitest-vault000002","etag":"W/\"datetime''2021-08-09T11%3A17%3A47.7547858Z''\"","identity":{"type":"None"},"properties":{"provisioningState":"Succeeded","privateEndpointStateForBackup":"None","privateEndpointStateForSiteRecovery":"None"},"id":"/subscriptions/00000000-0000-0000-0000-000000000000/resourceGroups/clitest.rg000001/providers/Microsoft.RecoveryServices/vaults/clitest-vault000002","type":"Microsoft.RecoveryServices/vaults","sku":{"name":"Standard"}}'
    headers:
      cache-control:
      - no-cache
      content-length:
      - '559'
      content-type:
      - application/json
      date:
      - Mon, 09 Aug 2021 11:17:49 GMT
      expires:
      - '-1'
      pragma:
      - no-cache
      server:
      - Microsoft-IIS/10.0
      strict-transport-security:
      - max-age=31536000; includeSubDomains
      transfer-encoding:
      - chunked
      vary:
      - Accept-Encoding
      x-content-type-options:
      - nosniff
      x-ms-ratelimit-remaining-subscription-resource-requests:
      - '209'
    status:
      code: 200
      message: OK
- request:
    body: null
    headers:
      Accept:
      - application/json
      Accept-Encoding:
      - gzip, deflate
      CommandName:
      - backup container list
      Connection:
      - keep-alive
      ParameterSetName:
      - --backup-management-type -v -g --query
      User-Agent:
      - python/3.8.1 (Windows-10-10.0.19041-SP0) msrest/0.6.21 msrest_azure/0.6.3
        azure-mgmt-recoveryservicesbackup/0.14.0 Azure-SDK-For-Python AZURECLI/2.27.0
      accept-language:
      - en-US
    method: GET
    uri: https://management.azure.com/subscriptions/00000000-0000-0000-0000-000000000000/resourceGroups/clitest.rg000001/providers/Microsoft.RecoveryServices/vaults/clitest-vault000002/backupProtectionContainers?api-version=2021-06-01&$filter=backupManagementType%20eq%20%27AzureIaasVM%27%20and%20status%20eq%20%27Registered%27
  response:
    body:
      string: '{"value":[]}'
    headers:
      cache-control:
      - no-cache
      content-length:
      - '12'
      content-type:
      - application/json
      date:
      - Mon, 09 Aug 2021 11:17:50 GMT
      expires:
      - '-1'
      pragma:
      - no-cache
      server:
      - Microsoft-IIS/10.0
      strict-transport-security:
      - max-age=31536000; includeSubDomains
      transfer-encoding:
      - chunked
      vary:
      - Accept-Encoding
      x-content-type-options:
      - nosniff
      x-ms-ratelimit-remaining-subscription-resource-requests:
      - '149'
      x-powered-by:
      - ASP.NET
    status:
      code: 200
      message: OK
- request:
    body: null
    headers:
      Accept:
      - application/json
      Accept-Encoding:
      - gzip, deflate
      CommandName:
      - backup vault delete
      Connection:
      - keep-alive
      Content-Length:
      - '0'
      ParameterSetName:
      - -n -g --yes
      User-Agent:
      - AZURECLI/2.27.0 azsdk-python-mgmt-recoveryservices/2.0.0 Python/3.8.1 (Windows-10-10.0.19041-SP0)
    method: DELETE
    uri: https://management.azure.com/subscriptions/00000000-0000-0000-0000-000000000000/resourceGroups/clitest.rg000001/providers/Microsoft.RecoveryServices/vaults/clitest-vault000002?api-version=2021-03-01
  response:
    body:
      string: ''
    headers:
      cache-control:
      - no-cache
      content-length:
      - '0'
      date:
      - Mon, 09 Aug 2021 11:17:57 GMT
      expires:
      - '-1'
      pragma:
      - no-cache
      strict-transport-security:
      - max-age=31536000; includeSubDomains
      x-content-type-options:
      - nosniff
      x-ms-ratelimit-remaining-subscription-resource-requests:
      - '9'
    status:
      code: 200
      message: OK
version: 1
