interactions:
- request:
    body: '{"sku": {"name": "Standard"}, "properties": {}, "location": "westus"}'
    headers:
      Accept:
      - application/json
      Accept-Encoding:
      - gzip, deflate
      CommandName:
      - backup vault create
      Connection:
      - keep-alive
      Content-Length:
      - '69'
      Content-Type:
      - application/json; charset=utf-8
      ParameterSetName:
      - -n -g --location
      User-Agent:
      - python/3.5.3 (Windows-10-10.0.18362-SP0) msrest/0.6.6 msrest_azure/0.6.0 azure-mgmt-recoveryservices/0.4.0
        Azure-SDK-For-Python AZURECLI/2.0.68
      accept-language:
      - en-US
    method: PUT
    uri: https://management.azure.com/subscriptions/00000000-0000-0000-0000-000000000000/resourceGroups/clitest.rg000001/providers/Microsoft.RecoveryServices/vaults/clitest-vault000002?api-version=2016-06-01
  response:
    body:
      string: '{"location":"westus","name":"clitest-vault000002","etag":"W/\"datetime''2019-07-03T09%3A14%3A46.8890747Z''\"","properties":{"provisioningState":"Succeeded"},"id":"/subscriptions/00000000-0000-0000-0000-000000000000/resourceGroups/clitest.rg000001/providers/Microsoft.RecoveryServices/vaults/clitest-vault000002","type":"Microsoft.RecoveryServices/vaults","sku":{"name":"Standard"}}'
    headers:
      cache-control:
      - no-cache
      content-length:
      - '448'
      content-type:
      - application/json
      date:
      - Wed, 03 Jul 2019 09:14:47 GMT
      expires:
      - '-1'
      pragma:
      - no-cache
      server:
      - Microsoft-IIS/10.0
      strict-transport-security:
      - max-age=31536000; includeSubDomains
      x-content-type-options:
      - nosniff
      x-ms-ratelimit-remaining-subscription-writes:
      - '1199'
    status:
      code: 201
      message: Created
- request:
    body: '{"sku": {"name": "Standard"}, "properties": {}, "location": "westus"}'
    headers:
      Accept:
      - application/json
      Accept-Encoding:
      - gzip, deflate
      CommandName:
      - backup vault create
      Connection:
      - keep-alive
      Content-Length:
      - '69'
      Content-Type:
      - application/json; charset=utf-8
      ParameterSetName:
      - -n -g --location
      User-Agent:
      - python/3.5.3 (Windows-10-10.0.18362-SP0) msrest/0.6.6 msrest_azure/0.6.0 azure-mgmt-recoveryservices/0.4.0
        Azure-SDK-For-Python AZURECLI/2.0.68
      accept-language:
      - en-US
    method: PUT
    uri: https://management.azure.com/subscriptions/00000000-0000-0000-0000-000000000000/resourceGroups/clitest.rg000001/providers/Microsoft.RecoveryServices/vaults/clitest-vault000003?api-version=2016-06-01
  response:
    body:
      string: '{"location":"westus","name":"clitest-vault000003","etag":"W/\"datetime''2019-07-03T09%3A14%3A51.7827071Z''\"","properties":{"provisioningState":"Succeeded"},"id":"/subscriptions/00000000-0000-0000-0000-000000000000/resourceGroups/clitest.rg000001/providers/Microsoft.RecoveryServices/vaults/clitest-vault000003","type":"Microsoft.RecoveryServices/vaults","sku":{"name":"Standard"}}'
    headers:
      cache-control:
      - no-cache
      content-length:
      - '448'
      content-type:
      - application/json
      date:
      - Wed, 03 Jul 2019 09:14:52 GMT
      expires:
      - '-1'
      pragma:
      - no-cache
      server:
      - Microsoft-IIS/10.0
      strict-transport-security:
      - max-age=31536000; includeSubDomains
      x-content-type-options:
      - nosniff
      x-ms-ratelimit-remaining-subscription-writes:
      - '1199'
    status:
      code: 201
      message: Created
- request:
    body: '{"sku": {"name": "Standard"}, "properties": {}, "location": "westus"}'
    headers:
      Accept:
      - application/json
      Accept-Encoding:
      - gzip, deflate
      CommandName:
      - backup vault create
      Connection:
      - keep-alive
      Content-Length:
      - '69'
      Content-Type:
      - application/json; charset=utf-8
      ParameterSetName:
      - -n -g -l
      User-Agent:
      - python/3.5.3 (Windows-10-10.0.18362-SP0) msrest/0.6.6 msrest_azure/0.6.0 azure-mgmt-recoveryservices/0.4.0
        Azure-SDK-For-Python AZURECLI/2.0.68
      accept-language:
      - en-US
    method: PUT
    uri: https://management.azure.com/subscriptions/00000000-0000-0000-0000-000000000000/resourceGroups/clitest.rg000001/providers/Microsoft.RecoveryServices/vaults/clitest-vault000004?api-version=2016-06-01
  response:
    body:
      string: '{"location":"westus","name":"clitest-vault000004","etag":"W/\"datetime''2019-07-03T09%3A14%3A56.4651402Z''\"","properties":{"provisioningState":"Succeeded"},"id":"/subscriptions/00000000-0000-0000-0000-000000000000/resourceGroups/clitest.rg000001/providers/Microsoft.RecoveryServices/vaults/clitest-vault000004","type":"Microsoft.RecoveryServices/vaults","sku":{"name":"Standard"}}'
    headers:
      cache-control:
      - no-cache
      content-length:
      - '500'
      content-type:
      - application/json
      date:
      - Wed, 03 Jul 2019 09:14:56 GMT
      expires:
      - '-1'
      pragma:
      - no-cache
      server:
      - Microsoft-IIS/10.0
      strict-transport-security:
      - max-age=31536000; includeSubDomains
      x-content-type-options:
      - nosniff
      x-ms-ratelimit-remaining-subscription-writes:
      - '1199'
    status:
      code: 201
      message: Created
- request:
    body: '{"sku": {"name": "Standard"}, "properties": {}, "location": "westus"}'
    headers:
      Accept:
      - application/json
      Accept-Encoding:
      - gzip, deflate
      CommandName:
      - backup vault create
      Connection:
      - keep-alive
      Content-Length:
      - '69'
      Content-Type:
      - application/json; charset=utf-8
      ParameterSetName:
      - -n -g -l
      User-Agent:
      - python/3.5.3 (Windows-10-10.0.18362-SP0) msrest/0.6.6 msrest_azure/0.6.0 azure-mgmt-recoveryservices/0.4.0
        Azure-SDK-For-Python AZURECLI/2.0.68
      accept-language:
      - en-US
    method: PUT
    uri: https://management.azure.com/subscriptions/00000000-0000-0000-0000-000000000000/resourceGroups/clitest.rg000001/providers/Microsoft.RecoveryServices/vaults/clitest-vault000005?api-version=2016-06-01
  response:
    body:
      string: '{"location":"westus","name":"clitest-vault000005","etag":"W/\"datetime''2019-07-03T09%3A15%3A02.0604376Z''\"","properties":{"provisioningState":"Succeeded"},"id":"/subscriptions/00000000-0000-0000-0000-000000000000/resourceGroups/clitest.rg000001/providers/Microsoft.RecoveryServices/vaults/clitest-vault000005","type":"Microsoft.RecoveryServices/vaults","sku":{"name":"Standard"}}'
    headers:
      cache-control:
      - no-cache
      content-length:
      - '500'
      content-type:
      - application/json
      date:
      - Wed, 03 Jul 2019 09:15:01 GMT
      expires:
      - '-1'
      pragma:
      - no-cache
      server:
      - Microsoft-IIS/10.0
      strict-transport-security:
      - max-age=31536000; includeSubDomains
      x-content-type-options:
      - nosniff
      x-ms-ratelimit-remaining-subscription-writes:
      - '1199'
    status:
      code: 201
      message: Created
- request:
    body: null
    headers:
      Accept:
      - application/json
      Accept-Encoding:
      - gzip, deflate
      CommandName:
      - backup vault list
      Connection:
      - keep-alive
      User-Agent:
      - python/3.5.3 (Windows-10-10.0.18362-SP0) msrest/0.6.6 msrest_azure/0.6.0 azure-mgmt-recoveryservices/0.4.0
        Azure-SDK-For-Python AZURECLI/2.0.68
      accept-language:
      - en-US
    method: GET
    uri: https://management.azure.com/subscriptions/00000000-0000-0000-0000-000000000000/providers/Microsoft.RecoveryServices/vaults?api-version=2016-06-01
  response:
    body:
      string: "{\"value\":[{\"location\":\"westus\",\"name\":\"vault640\",\"etag\":\"W/\\\"datetime'2019-03-20T07%3A57%3A19.2617376Z'\\\"\",\"properties\":{\"provisioningState\":\"Succeeded\"},\"id\":\"/subscriptions/00000000-0000-0000-0000-000000000000/resourceGroups/00prjai1/providers/Microsoft.RecoveryServices/vaults/vault640\",\"type\":\"Microsoft.RecoveryServices/vaults\",\"sku\":{\"name\":\"RS0\",\"tier\":\"Standard\"}},{\"location\":\"westus\",\"name\":\"testVault\",\"etag\":\"W/\\\"datetime'2018-05-30T12%3A31%3A16.1469341Z'\\\"\",\"properties\":{\"provisioningState\":\"Succeeded\"},\"id\":\"/subscriptions/00000000-0000-0000-0000-000000000000/resourceGroups/00prjaiEncr/providers/Microsoft.RecoveryServices/vaults/testVault\",\"type\":\"Microsoft.RecoveryServices/vaults\",\"sku\":{\"name\":\"RS0\",\"tier\":\"Standard\"}},{\"location\":\"westus\",\"name\":\"clitest-vault000004\",\"etag\":\"W/\\\"datetime'2019-07-03T09%3A14%3A56.4651402Z'\\\"\",\"properties\":{\"provisioningState\":\"Succeeded\"},\"id\":\"/subscriptions/00000000-0000-0000-0000-000000000000/resourceGroups/clitest.rg000001/providers/Microsoft.RecoveryServices/vaults/clitest-vault000004\",\"type\":\"Microsoft.RecoveryServices/vaults\",\"sku\":{\"name\":\"Standard\"}},{\"location\":\"westus\",\"name\":\"clitest-vault000003\",\"etag\":\"W/\\\"datetime'2019-07-03T09%3A14%3A51.7827071Z'\\\"\",\"properties\":{\"provisioningState\":\"Succeeded\"},\"id\":\"/subscriptions/00000000-0000-0000-0000-000000000000/resourceGroups/clitest.rg000001/providers/Microsoft.RecoveryServices/vaults/clitest-vault000003\",\"type\":\"Microsoft.RecoveryServices/vaults\",\"sku\":{\"name\":\"Standard\"}},{\"location\":\"westus\",\"name\":\"clitest-vault000002\",\"etag\":\"W/\\\"datetime'2019-07-03T09%3A14%3A46.8890747Z'\\\"\",\"properties\":{\"provisioningState\":\"Succeeded\"},\"id\":\"/subscriptions/00000000-0000-0000-0000-000000000000/resourceGroups/clitest.rg000001/providers/Microsoft.RecoveryServices/vaults/clitest-vault000002\",\"type\":\"Microsoft.RecoveryServices/vaults\",\"sku\":{\"name\":\"Standard\"}},{\"location\":\"westus\",\"name\":\"clitest-vault000005\",\"etag\":\"W/\\\"datetime'2019-07-03T09%3A15%3A02.0604376Z'\\\"\",\"properties\":{\"provisioningState\":\"Succeeded\"},\"id\":\"/subscriptions/00000000-0000-0000-0000-000000000000/resourceGroups/clitest.rg000001/providers/Microsoft.RecoveryServices/vaults/clitest-vault000005\",\"type\":\"Microsoft.RecoveryServices/vaults\",\"sku\":{\"name\":\"Standard\"}},{\"location\":\"westus\",\"name\":\"mkheraniTest1\",\"etag\":\"W/\\\"datetime'2017-10-30T03%3A26%3A00.3268794Z'\\\"\",\"tags\":{},\"properties\":{\"provisioningState\":\"Succeeded\"},\"id\":\"/subscriptions/00000000-0000-0000-0000-000000000000/resourceGroups/Default-RecoveryServices-ResourceGroup-westus/providers/microsoft.recoveryservices/Vaults/mkheraniTest1\",\"type\":\"microsoft.recoveryservices/Vaults\",\"sku\":{\"name\":\"RS0\",\"tier\":\"standard\"}},{\"location\":\"westus\",\"name\":\"mkheraniVault\",\"etag\":\"W/\\\"datetime'2019-04-15T23%3A42%3A41.7821546Z'\\\"\",\"properties\":{\"provisioningState\":\"Succeeded\"},\"id\":\"/subscriptions/00000000-0000-0000-0000-000000000000/resourceGroups/Default-RecoveryServices-ResourceGroup-westus/providers/microsoft.recoveryservices/Vaults/mkheraniVault\",\"type\":\"microsoft.recoveryservices/Vaults\",\"sku\":{\"name\":\"RS0\",\"tier\":\"standard\"}},{\"location\":\"westus\",\"name\":\"satishrevault\",\"etag\":\"W/\\\"datetime'2017-10-30T03%3A27%3A30.7613223Z'\\\"\",\"properties\":{\"provisioningState\":\"Succeeded\"},\"id\":\"/subscriptions/00000000-0000-0000-0000-000000000000/resourceGroups/Default-RecoveryServices-ResourceGroup-westus/providers/microsoft.recoveryservices/Vaults/satishrevault\",\"type\":\"microsoft.recoveryservices/Vaults\",\"sku\":{\"name\":\"RS0\",\"tier\":\"standard\"}},{\"location\":\"westus\",\"name\":\"config-protection-test\",\"etag\":\"W/\\\"datetime'2017-04-01T07%3A01%3A16.9362342Z'\\\"\",\"properties\":{\"provisioningState\":\"Succeeded\"},\"id\":\"/subscriptions/00000000-0000-0000-0000-000000000000/resourceGroups/nilay-rg/providers/Microsoft.RecoveryServices/vaults/config-protection-test\",\"type\":\"Microsoft.RecoveryServices/vaults\",\"sku\":{\"name\":\"RS0\",\"tier\":\"Standard\"}},{\"location\":\"westus\",\"name\":\"nilayvault\",\"etag\":\"W/\\\"datetime'2017-08-11T10%3A48%3A26.5299141Z'\\\"\",\"properties\":{\"provisioningState\":\"Succeeded\"},\"id\":\"/subscriptions/00000000-0000-0000-0000-000000000000/resourceGroups/nilay-rg/providers/Microsoft.RecoveryServices/vaults/nilayvault\",\"type\":\"Microsoft.RecoveryServices/vaults\",\"sku\":{\"name\":\"RS0\",\"tier\":\"Standard\"}},{\"location\":\"westus\",\"name\":\"oneboxtestvault\",\"etag\":\"W/\\\"datetime'2018-12-03T11%3A43%3A44.5596632Z'\\\"\",\"properties\":{\"provisioningState\":\"Succeeded\"},\"id\":\"/subscriptions/00000000-0000-0000-0000-000000000000/resourceGroups/oneboxtestrg/providers/Microsoft.RecoveryServices/vaults/oneboxtestvault\",\"type\":\"Microsoft.RecoveryServices/vaults\",\"sku\":{\"name\":\"RS0\",\"tier\":\"Standard\"}},{\"location\":\"westus\",\"name\":\"riteshcTestVaultCreds\",\"etag\":\"W/\\\"datetime'2019-06-18T13%3A39%3A59.8578447Z'\\\"\",\"properties\":{\"provisioningState\":\"Succeeded\"},\"id\":\"/subscriptions/00000000-0000-0000-0000-000000000000/resourceGroups/riteshcRG/providers/Microsoft.RecoveryServices/vaults/riteshcTestVaultCreds\",\"type\":\"Microsoft.RecoveryServices/vaults\",\"sku\":{\"name\":\"RS0\",\"tier\":\"Standard\"}},{\"location\":\"westus\",\"name\":\"riteshcVaultCredsWestUSChrome\",\"etag\":\"W/\\\"datetime'2019-06-18T12%3A40%3A35.0425019Z'\\\"\",\"properties\":{\"provisioningState\":\"Succeeded\"},\"id\":\"/subscriptions/00000000-0000-0000-0000-000000000000/resourceGroups/riteshcRG/providers/Microsoft.RecoveryServices/vaults/riteshcVaultCredsWestUSChrome\",\"type\":\"Microsoft.RecoveryServices/vaults\",\"sku\":{\"name\":\"RS0\",\"tier\":\"Standard\"}},{\"location\":\"westus\",\"name\":\"riteshcVaultCredsWestUSIE\",\"etag\":\"W/\\\"datetime'2019-06-18T12%3A49%3A58.1933664Z'\\\"\",\"properties\":{\"provisioningState\":\"Succeeded\"},\"id\":\"/subscriptions/00000000-0000-0000-0000-000000000000/resourceGroups/riteshcRG/providers/Microsoft.RecoveryServices/vaults/riteshcVaultCredsWestUSIE\",\"type\":\"Microsoft.RecoveryServices/vaults\",\"sku\":{\"name\":\"RS0\",\"tier\":\"Standard\"}},{\"location\":\"westus\",\"name\":\"riteshcWestUSEdge\",\"etag\":\"W/\\\"datetime'2019-06-17T06%3A54%3A33.3108046Z'\\\"\",\"properties\":{\"provisioningState\":\"Succeeded\"},\"id\":\"/subscriptions/00000000-0000-0000-0000-000000000000/resourceGroups/riteshcRG/providers/Microsoft.RecoveryServices/vaults/riteshcWestUSEdge\",\"type\":\"Microsoft.RecoveryServices/vaults\",\"sku\":{\"name\":\"RS0\",\"tier\":\"Standard\"}},{\"location\":\"westus\",\"name\":\"vault418\",\"etag\":\"W/\\\"datetime'2019-05-22T06%3A00%3A45.9689913Z'\\\"\",\"properties\":{\"provisioningState\":\"Succeeded\"},\"id\":\"/subscriptions/00000000-0000-0000-0000-000000000000/resourceGroups/riteshcRG/providers/Microsoft.RecoveryServices/vaults/vault418\",\"type\":\"Microsoft.RecoveryServices/vaults\",\"sku\":{\"name\":\"RS0\",\"tier\":\"Standard\"}},{\"location\":\"westus\",\"name\":\"vault477\",\"etag\":\"W/\\\"datetime'2019-06-03T14%3A18%3A29.5528926Z'\\\"\",\"properties\":{\"provisioningState\":\"Succeeded\"},\"id\":\"/subscriptions/00000000-0000-0000-0000-000000000000/resourceGroups/riteshcRG/providers/Microsoft.RecoveryServices/vaults/vault477\",\"type\":\"Microsoft.RecoveryServices/vaults\",\"sku\":{\"name\":\"RS0\",\"tier\":\"Standard\"}},{\"location\":\"westus\",\"name\":\"riteshProv\",\"etag\":\"W/\\\"datetime'2019-05-07T14%3A57%3A27.4339654Z'\\\"\",\"properties\":{\"provisioningState\":\"Succeeded\"},\"id\":\"/subscriptions/00000000-0000-0000-0000-000000000000/resourceGroups/riteshRSVM4/providers/Microsoft.RecoveryServices/vaults/riteshProv\",\"type\":\"Microsoft.RecoveryServices/vaults\",\"sku\":{\"name\":\"RS0\",\"tier\":\"Standard\"}},{\"location\":\"westus\",\"name\":\"satishrewus\",\"etag\":\"W/\\\"datetime'2018-06-19T09%3A32%3A54.5145683Z'\\\"\",\"properties\":{\"provisioningState\":\"Succeeded\"},\"id\":\"/subscriptions/00000000-0000-0000-0000-000000000000/resourceGroups/satishrewus/providers/Microsoft.RecoveryServices/vaults/satishrewus\",\"type\":\"Microsoft.RecoveryServices/vaults\",\"sku\":{\"name\":\"RS0\",\"tier\":\"Standard\"}},{\"location\":\"westus\",\"name\":\"shankcanary2\",\"etag\":\"W/\\\"datetime'2018-06-19T09%3A32%3A55.3043106Z'\\\"\",\"tags\":{\"displayName\":\"test\"},\"properties\":{\"provisioningState\":\"Succeeded\"},\"id\":\"/subscriptions/00000000-0000-0000-0000-000000000000/resourceGroups/shraccanrg/providers/Microsoft.RecoveryServices/vaults/shankcanary2\",\"type\":\"Microsoft.RecoveryServices/vaults\",\"sku\":{\"name\":\"standard\"}},{\"location\":\"westus\",\"name\":\"shracsql\",\"etag\":\"W/\\\"datetime'2019-06-17T09%3A28%3A13.468613Z'\\\"\",\"properties\":{\"provisioningState\":\"Succeeded\"},\"id\":\"/subscriptions/00000000-0000-0000-0000-000000000000/resourceGroups/shracrg/providers/Microsoft.RecoveryServices/vaults/shracsql\",\"type\":\"Microsoft.RecoveryServices/vaults\",\"sku\":{\"name\":\"RS0\",\"tier\":\"Standard\"}},{\"location\":\"westus\",\"name\":\"vault168\",\"etag\":\"W/\\\"datetime'2018-12-13T04%3A24%3A59.6592412Z'\\\"\",\"properties\":{\"provisioningState\":\"Succeeded\"},\"id\":\"/subscriptions/00000000-0000-0000-0000-000000000000/resourceGroups/shracrg/providers/Microsoft.RecoveryServices/vaults/vault168\",\"type\":\"Microsoft.RecoveryServices/vaults\",\"sku\":{\"name\":\"RS0\",\"tier\":\"Standard\"}},{\"location\":\"eastus\",\"name\":\"testvaulteus\",\"etag\":\"W/\\\"datetime'2018-12-17T16%3A02%3A48.3946206Z'\\\"\",\"properties\":{\"provisioningState\":\"Succeeded\"},\"id\":\"/subscriptions/00000000-0000-0000-0000-000000000000/resourceGroups/shracrg/providers/Microsoft.RecoveryServices/vaults/testvaulteus\",\"type\":\"Microsoft.RecoveryServices/vaults\",\"sku\":{\"name\":\"RS0\",\"tier\":\"Standard\"}},{\"location\":\"northeurope\",\"name\":\"samvault2\",\"etag\":\"W/\\\"datetime'2017-10-17T06%3A10%3A59.721672Z'\\\"\",\"properties\":{\"provisioningState\":\"Succeeded\"},\"id\":\"/subscriptions/00000000-0000-0000-0000-000000000000/resourceGroups/Default-RecoveryServices-ResourceGroup-northeurope/providers/microsoft.recoveryservices/Vaults/samvault2\",\"type\":\"microsoft.recoveryservices/Vaults\",\"sku\":{\"name\":\"RS0\",\"tier\":\"standard\"}},{\"location\":\"westeurope\",\"name\":\"samvault1\",\"etag\":\"W/\\\"datetime'2017-10-27T15%3A37%3A40.6637216Z'\\\"\",\"properties\":{\"provisioningState\":\"Succeeded\"},\"id\":\"/subscriptions/00000000-0000-0000-0000-000000000000/resourceGroups/Default-RecoveryServices-ResourceGroup-westeurope/providers/microsoft.recoveryservices/Vaults/samvault1\",\"type\":\"microsoft.recoveryservices/Vaults\",\"sku\":{\"name\":\"RS0\",\"tier\":\"standard\"}},{\"location\":\"westeurope\",\"name\":\"satishrewe\",\"etag\":\"W/\\\"datetime'2018-06-22T12%3A08%3A54.1868106Z'\\\"\",\"properties\":{\"provisioningState\":\"Succeeded\"},\"id\":\"/subscriptions/00000000-0000-0000-0000-000000000000/resourceGroups/satishre_werg/providers/Microsoft.RecoveryServices/vaults/satishrewe\",\"type\":\"Microsoft.RecoveryServices/vaults\",\"sku\":{\"name\":\"RS0\",\"tier\":\"Standard\"}},{\"location\":\"southeastasia\",\"name\":\"phaniktRsv1\",\"etag\":\"W/\\\"datetime'2017-04-01T07%3A01%3A17.1923637Z'\\\"\",\"properties\":{\"provisioningState\":\"Succeeded\"},\"id\":\"/subscriptions/00000000-0000-0000-0000-000000000000/resourceGroups/ayujasvm1/providers/Microsoft.RecoveryServices/vaults/phaniktRsv1\",\"type\":\"Microsoft.RecoveryServices/vaults\",\"sku\":{\"name\":\"RS0\",\"tier\":\"Standard\"}},{\"location\":\"southeastasia\",\"name\":\"anagra1\",\"etag\":\"W/\\\"datetime'2018-06-15T13%3A23%3A07.398746Z'\\\"\",\"properties\":{\"provisioningState\":\"Succeeded\"},\"id\":\"/subscriptions/00000000-0000-0000-0000-000000000000/resourceGroups/backuprg/providers/Microsoft.RecoveryServices/vaults/anagra1\",\"type\":\"Microsoft.RecoveryServices/vaults\",\"sku\":{\"name\":\"RS0\",\"tier\":\"Standard\"}},{\"location\":\"southeastasia\",\"name\":\"DemoVault\",\"etag\":\"W/\\\"datetime'2017-10-30T08%3A59%3A06.5054835Z'\\\"\",\"properties\":{\"provisioningState\":\"Succeeded\"},\"id\":\"/subscriptions/00000000-0000-0000-0000-000000000000/resourceGroups/Default-RecoveryServices-ResourceGroup-southeastasia/providers/microsoft.recoveryservices/Vaults/DemoVault\",\"type\":\"microsoft.recoveryservices/Vaults\",\"sku\":{\"name\":\"RS0\",\"tier\":\"standard\"}},{\"location\":\"southeastasia\",\"name\":\"rsanjayvault\",\"etag\":\"W/\\\"datetime'2017-10-30T08%3A59%3A05.368417Z'\\\"\",\"properties\":{\"provisioningState\":\"Succeeded\"},\"id\":\"/subscriptions/00000000-0000-0000-0000-000000000000/resourceGroups/Default-RecoveryServices-ResourceGroup-southeastasia/providers/microsoft.recoveryservices/Vaults/rsanjayvault\",\"type\":\"microsoft.recoveryservices/Vaults\",\"sku\":{\"name\":\"RS0\",\"tier\":\"standard\"}},{\"location\":\"southeastasia\",\"name\":\"Satishrebkvault\",\"etag\":\"W/\\\"datetime'2017-10-30T09%3A00%3A07.7300185Z'\\\"\",\"properties\":{\"provisioningState\":\"Succeeded\"},\"id\":\"/subscriptions/00000000-0000-0000-0000-000000000000/resourceGroups/Default-RecoveryServices-ResourceGroup-southeastasia/providers/microsoft.recoveryservices/Vaults/Satishrebkvault\",\"type\":\"microsoft.recoveryservices/Vaults\",\"sku\":{\"name\":\"RS0\",\"tier\":\"standard\"}},{\"location\":\"southeastasia\",\"name\":\"Yashvault001\",\"etag\":\"W/\\\"datetime'2017-10-30T09%3A02%3A12.2382044Z'\\\"\",\"properties\":{\"provisioningState\":\"Succeeded\"},\"id\":\"/subscriptions/00000000-0000-0000-0000-000000000000/resourceGroups/Default-RecoveryServices-ResourceGroup-southeastasia/providers/microsoft.recoveryservices/Vaults/Yashvault001\",\"type\":\"microsoft.recoveryservices/Vaults\",\"sku\":{\"name\":\"RS0\",\"tier\":\"standard\"}},{\"location\":\"southeastasia\",\"name\":\"nilay-vault\",\"etag\":\"W/\\\"datetime'2017-04-01T07%3A01%3A17.4223754Z'\\\"\",\"properties\":{\"provisioningState\":\"Succeeded\"},\"id\":\"/subscriptions/00000000-0000-0000-0000-000000000000/resourceGroups/nilay-rg/providers/Microsoft.RecoveryServices/vaults/nilay-vault\",\"type\":\"Microsoft.RecoveryServices/vaults\",\"sku\":{\"name\":\"RS0\",\"tier\":\"Standard\"}},{\"location\":\"southeastasia\",\"name\":\"testnewvault\",\"etag\":\"W/\\\"datetime'2017-05-08T05%3A28%3A05.7911743Z'\\\"\",\"properties\":{\"provisioningState\":\"Succeeded\"},\"id\":\"/subscriptions/00000000-0000-0000-0000-000000000000/resourceGroups/PortalGAStress/providers/Microsoft.RecoveryServices/vaults/testnewvault\",\"type\":\"Microsoft.RecoveryServices/vaults\",\"sku\":{\"name\":\"RS0\",\"tier\":\"Standard\"}},{\"location\":\"southeastasia\",\"name\":\"vault567\",\"etag\":\"W/\\\"datetime'2017-04-01T07%3A01%3A17.6363862Z'\\\"\",\"properties\":{\"provisioningState\":\"Succeeded\"},\"id\":\"/subscriptions/00000000-0000-0000-0000-000000000000/resourceGroups/PortalGAStress/providers/Microsoft.RecoveryServices/vaults/vault567\",\"type\":\"Microsoft.RecoveryServices/vaults\",\"sku\":{\"name\":\"RS0\",\"tier\":\"Standard\"}},{\"location\":\"southeastasia\",\"name\":\"riteshcVaultCredTest\",\"etag\":\"W/\\\"datetime'2019-05-23T13%3A51%3A13.7195418Z'\\\"\",\"properties\":{\"provisioningState\":\"Succeeded\"},\"id\":\"/subscriptions/00000000-0000-0000-0000-000000000000/resourceGroups/riteshcRG/providers/Microsoft.RecoveryServices/vaults/riteshcVaultCredTest\",\"type\":\"Microsoft.RecoveryServices/vaults\",\"sku\":{\"name\":\"RS0\",\"tier\":\"Standard\"}},{\"location\":\"southeastasia\",\"name\":\"vault427\",\"etag\":\"W/\\\"datetime'2019-03-04T07%3A17%3A09.9284415Z'\\\"\",\"properties\":{\"provisioningState\":\"Succeeded\"},\"id\":\"/subscriptions/00000000-0000-0000-0000-000000000000/resourceGroups/riteshcRG/providers/Microsoft.RecoveryServices/vaults/vault427\",\"type\":\"Microsoft.RecoveryServices/vaults\",\"sku\":{\"name\":\"RS0\",\"tier\":\"Standard\"}},{\"location\":\"southeastasia\",\"name\":\"SatishreVault\",\"etag\":\"W/\\\"datetime'2018-06-15T13%3A23%3A10.1167645Z'\\\"\",\"properties\":{\"provisioningState\":\"Succeeded\"},\"id\":\"/subscriptions/00000000-0000-0000-0000-000000000000/resourceGroups/SatishreRG/providers/Microsoft.RecoveryServices/vaults/SatishreVault\",\"type\":\"Microsoft.RecoveryServices/vaults\",\"sku\":{\"name\":\"RS0\",\"tier\":\"Standard\"}},{\"location\":\"southeastasia\",\"name\":\"vault551\",\"etag\":\"W/\\\"datetime'2017-04-01T07%3A01%3A19.8285098Z'\\\"\",\"properties\":{\"provisioningState\":\"Succeeded\"},\"id\":\"/subscriptions/00000000-0000-0000-0000-000000000000/resourceGroups/shractest1/providers/Microsoft.RecoveryServices/vaults/vault551\",\"type\":\"Microsoft.RecoveryServices/vaults\",\"sku\":{\"name\":\"RS0\",\"tier\":\"Standard\"}},{\"location\":\"southeastasia\",\"name\":\"srbansVault1\",\"etag\":\"W/\\\"datetime'2018-11-20T05%3A37%3A58.1114441Z'\\\"\",\"tags\":{\"MAB
        Used\":\" Yes\"},\"properties\":{\"provisioningState\":\"Succeeded\"},\"id\":\"/subscriptions/00000000-0000-0000-0000-000000000000/resourceGroups/srbansRG/providers/Microsoft.RecoveryServices/vaults/srbansVault1\",\"type\":\"Microsoft.RecoveryServices/vaults\",\"sku\":{\"name\":\"RS0\",\"tier\":\"Standard\"}},{\"location\":\"southeastasia\",\"name\":\"testvaultusability1\",\"etag\":\"W/\\\"datetime'2017-04-01T07%3A01%3A20.5745531Z'\\\"\",\"properties\":{\"provisioningState\":\"Succeeded\"},\"id\":\"/subscriptions/00000000-0000-0000-0000-000000000000/resourceGroups/usabilityrg/providers/Microsoft.RecoveryServices/vaults/testvaultusability1\",\"type\":\"Microsoft.RecoveryServices/vaults\",\"sku\":{\"name\":\"RS0\",\"tier\":\"Standard\"}},{\"location\":\"southeastasia\",\"name\":\"vault5512\",\"etag\":\"W/\\\"datetime'2017-04-01T07%3A01%3A20.8085669Z'\\\"\",\"properties\":{\"provisioningState\":\"Succeeded\"},\"id\":\"/subscriptions/00000000-0000-0000-0000-000000000000/resourceGroups/v2prjaiWin2012/providers/Microsoft.RecoveryServices/vaults/vault5512\",\"type\":\"Microsoft.RecoveryServices/vaults\",\"sku\":{\"name\":\"RS0\",\"tier\":\"Standard\"}},{\"location\":\"southeastasia\",\"name\":\"shracgbcert\",\"etag\":\"W/\\\"datetime'2017-08-01T14%3A03%3A05.0893703Z'\\\"\",\"properties\":{\"provisioningState\":\"Succeeded\"},\"id\":\"/subscriptions/00000000-0000-0000-0000-000000000000/resourceGroups/\u6E2C\u8A66/providers/Microsoft.RecoveryServices/vaults/shracgbcert\",\"type\":\"Microsoft.RecoveryServices/vaults\",\"sku\":{\"name\":\"RS0\",\"tier\":\"Standard\"}},{\"location\":\"japaneast\",\"name\":\"mkheranijapantest\",\"etag\":\"W/\\\"datetime'2018-09-07T14%3A31%3A53.4637513Z'\\\"\",\"properties\":{\"provisioningState\":\"Succeeded\"},\"id\":\"/subscriptions/00000000-0000-0000-0000-000000000000/resourceGroups/mkheranijapantest/providers/Microsoft.RecoveryServices/vaults/mkheranijapantest\",\"type\":\"Microsoft.RecoveryServices/vaults\",\"sku\":{\"name\":\"RS0\",\"tier\":\"Standard\"}},{\"location\":\"australiaeast\",\"name\":\"satishreae\",\"etag\":\"W/\\\"datetime'2018-06-13T07%3A43%3A23.0340224Z'\\\"\",\"properties\":{\"provisioningState\":\"Succeeded\"},\"id\":\"/subscriptions/00000000-0000-0000-0000-000000000000/resourceGroups/satishreae/providers/Microsoft.RecoveryServices/vaults/satishreae\",\"type\":\"Microsoft.RecoveryServices/vaults\",\"sku\":{\"name\":\"RS0\",\"tier\":\"Standard\"}},{\"location\":\"centralindia\",\"name\":\"shracdeploytest\",\"etag\":\"W/\\\"datetime'2019-05-14T12%3A38%3A13.4360112Z'\\\"\",\"properties\":{\"provisioningState\":\"Succeeded\"},\"id\":\"/subscriptions/00000000-0000-0000-0000-000000000000/resourceGroups/shracrg/providers/Microsoft.RecoveryServices/vaults/shracdeploytest\",\"type\":\"Microsoft.RecoveryServices/vaults\",\"sku\":{\"name\":\"RS0\",\"tier\":\"Standard\"}},{\"location\":\"centralindia\",\"name\":\"sudreddyincvault\",\"etag\":\"W/\\\"datetime'2018-06-15T12%3A51%3A41.1306151Z'\\\"\",\"properties\":{\"provisioningState\":\"Succeeded\"},\"id\":\"/subscriptions/00000000-0000-0000-0000-000000000000/resourceGroups/sudreddyinc/providers/Microsoft.RecoveryServices/vaults/sudreddyincvault\",\"type\":\"Microsoft.RecoveryServices/vaults\",\"sku\":{\"name\":\"standard\"}},{\"location\":\"southindia\",\"name\":\"ritescVBVault18072\",\"etag\":\"W/\\\"datetime'2018-07-09T13%3A26%3A56.1916476Z'\\\"\",\"properties\":{\"provisioningState\":\"Succeeded\"},\"id\":\"/subscriptions/00000000-0000-0000-0000-000000000000/resourceGroups/00prjai1/providers/Microsoft.RecoveryServices/vaults/ritescVBVault18072\",\"type\":\"Microsoft.RecoveryServices/vaults\",\"sku\":{\"name\":\"RS0\",\"tier\":\"Standard\"}},{\"location\":\"southindia\",\"name\":\"srbansInisightTest\",\"etag\":\"W/\\\"datetime'2019-05-13T06%3A03%3A17.0514009Z'\\\"\",\"properties\":{\"provisioningState\":\"Succeeded\"},\"id\":\"/subscriptions/00000000-0000-0000-0000-000000000000/resourceGroups/srbansRG/providers/Microsoft.RecoveryServices/vaults/srbansInisightTest\",\"type\":\"Microsoft.RecoveryServices/vaults\",\"sku\":{\"name\":\"RS0\",\"tier\":\"Standard\"}},{\"location\":\"westcentralus\",\"name\":\"anagra-wcus\",\"etag\":\"W/\\\"datetime'2018-06-12T08%3A15%3A23.4061093Z'\\\"\",\"properties\":{\"provisioningState\":\"Succeeded\"},\"id\":\"/subscriptions/00000000-0000-0000-0000-000000000000/resourceGroups/anagrarg/providers/Microsoft.RecoveryServices/vaults/anagra-wcus\",\"type\":\"Microsoft.RecoveryServices/vaults\",\"sku\":{\"name\":\"RS0\",\"tier\":\"Standard\"}},{\"location\":\"uksouth\",\"name\":\"BackupVault\",\"etag\":\"W/\\\"datetime'2018-06-15T13%3A43%3A05.0388323Z'\\\"\",\"properties\":{\"provisioningState\":\"Succeeded\"},\"id\":\"/subscriptions/00000000-0000-0000-0000-000000000000/resourceGroups/nilay-rg/providers/Microsoft.RecoveryServices/vaults/BackupVault\",\"type\":\"Microsoft.RecoveryServices/vaults\",\"sku\":{\"name\":\"RS0\",\"tier\":\"Standard\"}},{\"location\":\"ukwest\",\"name\":\"nilaytest\",\"etag\":\"W/\\\"datetime'2018-06-18T11%3A45%3A46.4977419Z'\\\"\",\"properties\":{\"provisioningState\":\"Succeeded\"},\"id\":\"/subscriptions/00000000-0000-0000-0000-000000000000/resourceGroups/nilay-rg/providers/Microsoft.RecoveryServices/vaults/nilaytest\",\"type\":\"Microsoft.RecoveryServices/vaults\",\"sku\":{\"name\":\"RS0\",\"tier\":\"Standard\"}}]}"
    headers:
      cache-control:
      - no-cache
      content-length:
      - '20797'
      content-type:
      - application/json; charset=utf-8
      date:
      - Wed, 03 Jul 2019 09:15:04 GMT
      expires:
      - '-1'
      pragma:
      - no-cache
      strict-transport-security:
      - max-age=31536000; includeSubDomains
      vary:
      - Accept-Encoding
      x-content-type-options:
      - nosniff
      x-ms-original-request-ids:
      - ee64a7f3-c19f-4761-a4e4-9f733898044d
      - ee64a7f3-c19f-4761-a4e4-9f733898044d
      - ee64a7f3-c19f-4761-a4e4-9f733898044d
      - ee64a7f3-c19f-4761-a4e4-9f733898044d
      - ee64a7f3-c19f-4761-a4e4-9f733898044d
      - ee64a7f3-c19f-4761-a4e4-9f733898044d
      - ee64a7f3-c19f-4761-a4e4-9f733898044d
      - ee64a7f3-c19f-4761-a4e4-9f733898044d
      - ee64a7f3-c19f-4761-a4e4-9f733898044d
      - ee64a7f3-c19f-4761-a4e4-9f733898044d
      - ee64a7f3-c19f-4761-a4e4-9f733898044d
      - ee64a7f3-c19f-4761-a4e4-9f733898044d
    status:
      code: 200
      message: OK
- request:
    body: null
    headers:
      Accept:
      - application/json
      Accept-Encoding:
      - gzip, deflate
      CommandName:
      - backup vault list
      Connection:
      - keep-alive
      ParameterSetName:
      - -g
      User-Agent:
      - python/3.5.3 (Windows-10-10.0.18362-SP0) msrest/0.6.6 msrest_azure/0.6.0 azure-mgmt-recoveryservices/0.4.0
        Azure-SDK-For-Python AZURECLI/2.0.68
      accept-language:
      - en-US
    method: GET
    uri: https://management.azure.com/subscriptions/00000000-0000-0000-0000-000000000000/resourceGroups/clitest.rg000001/providers/Microsoft.RecoveryServices/vaults?api-version=2016-06-01
  response:
    body:
      string: '{"value":[{"location":"westus","name":"clitest-vault000004","etag":"W/\"datetime''2019-07-03T09%3A14%3A56.4651402Z''\"","properties":{"provisioningState":"Succeeded"},"id":"/subscriptions/00000000-0000-0000-0000-000000000000/resourceGroups/clitest.rg000001/providers/Microsoft.RecoveryServices/vaults/clitest-vault000004","type":"Microsoft.RecoveryServices/vaults","sku":{"name":"Standard"}},{"location":"westus","name":"clitest-vault000003","etag":"W/\"datetime''2019-07-03T09%3A14%3A51.7827071Z''\"","properties":{"provisioningState":"Succeeded"},"id":"/subscriptions/00000000-0000-0000-0000-000000000000/resourceGroups/clitest.rg000001/providers/Microsoft.RecoveryServices/vaults/clitest-vault000003","type":"Microsoft.RecoveryServices/vaults","sku":{"name":"Standard"}},{"location":"westus","name":"clitest-vault000002","etag":"W/\"datetime''2019-07-03T09%3A14%3A46.8890747Z''\"","properties":{"provisioningState":"Succeeded"},"id":"/subscriptions/00000000-0000-0000-0000-000000000000/resourceGroups/clitest.rg000001/providers/Microsoft.RecoveryServices/vaults/clitest-vault000002","type":"Microsoft.RecoveryServices/vaults","sku":{"name":"Standard"}},{"location":"westus","name":"clitest-vault000005","etag":"W/\"datetime''2019-07-03T09%3A15%3A02.0604376Z''\"","properties":{"provisioningState":"Succeeded"},"id":"/subscriptions/00000000-0000-0000-0000-000000000000/resourceGroups/clitest.rg000001/providers/Microsoft.RecoveryServices/vaults/clitest-vault000005","type":"Microsoft.RecoveryServices/vaults","sku":{"name":"Standard"}}]}'
    headers:
      cache-control:
      - no-cache
      content-length:
      - '1911'
      content-type:
      - application/json
      date:
      - Wed, 03 Jul 2019 09:15:04 GMT
      expires:
      - '-1'
      pragma:
      - no-cache
      server:
      - Microsoft-IIS/10.0
      strict-transport-security:
      - max-age=31536000; includeSubDomains
      transfer-encoding:
      - chunked
      vary:
      - Accept-Encoding
      x-content-type-options:
      - nosniff
    status:
      code: 200
      message: OK
- request:
    body: null
    headers:
      Accept:
      - application/json
      Accept-Encoding:
      - gzip, deflate
      CommandName:
      - backup vault backup-properties show
      Connection:
      - keep-alive
      ParameterSetName:
      - -n -g
      User-Agent:
      - python/3.5.3 (Windows-10-10.0.18362-SP0) msrest/0.6.6 msrest_azure/0.6.0 azure-mgmt-recoveryservicesbackup/0.4.0
        Azure-SDK-For-Python AZURECLI/2.0.68
      accept-language:
      - en-US
    method: GET
    uri: https://management.azure.com/Subscriptions/00000000-0000-0000-0000-000000000000/resourceGroups/clitest.rg000001/providers/Microsoft.RecoveryServices/vaults/clitest-vault000002/backupstorageconfig/vaultstorageconfig?api-version=2016-12-01
  response:
    body:
      string: '{"id":"/subscriptions/00000000-0000-0000-0000-000000000000/resourceGroups/clitest.rg000001/providers/Microsoft.RecoveryServices/vaults/clitest-vault000002/backupstorageconfig/vaultstorageconfig","name":"vaultstorageconfig","type":"Microsoft.RecoveryServices/vaults/backupstorageconfig","properties":{"storageModelType":"GeoRedundant","storageType":"GeoRedundant","dedupState":"Disabled","xcoolState":"Disabled","storageTypeState":"Unlocked"}}'
    headers:
      cache-control:
      - no-cache
      content-length:
      - '506'
      content-type:
      - application/json
      date:
      - Wed, 03 Jul 2019 09:15:05 GMT
      expires:
      - '-1'
      pragma:
      - no-cache
      server:
      - Microsoft-IIS/10.0
      strict-transport-security:
      - max-age=31536000; includeSubDomains
      transfer-encoding:
      - chunked
      vary:
      - Accept-Encoding
      x-content-type-options:
      - nosniff
      x-powered-by:
      - ASP.NET
    status:
      code: 200
      message: OK
- request:
    body: '{"properties": {"storageModelType": "LocallyRedundant"}}'
    headers:
      Accept:
      - application/json
      Accept-Encoding:
      - gzip, deflate
      CommandName:
      - backup vault backup-properties set
      Connection:
      - keep-alive
      Content-Length:
      - '56'
      Content-Type:
      - application/json; charset=utf-8
      ParameterSetName:
      - -n -g --backup-storage-redundancy
      User-Agent:
      - python/3.5.3 (Windows-10-10.0.18362-SP0) msrest/0.6.6 msrest_azure/0.6.0 azure-mgmt-recoveryservicesbackup/0.4.0
        Azure-SDK-For-Python AZURECLI/2.0.68
      accept-language:
      - en-US
    method: PUT
    uri: https://management.azure.com/Subscriptions/00000000-0000-0000-0000-000000000000/resourceGroups/clitest.rg000001/providers/Microsoft.RecoveryServices/vaults/clitest-vault000002/backupstorageconfig/vaultstorageconfig?api-version=2016-12-01
  response:
    body:
      string: '{"id":"/subscriptions/00000000-0000-0000-0000-000000000000/resourceGroups/clitest.rg000001/providers/Microsoft.RecoveryServices/vaults/clitest-vault000002/backupstorageconfig/vaultstorageconfig","name":"vaultstorageconfig","type":"Microsoft.RecoveryServices/vaults/backupstorageconfig","properties":{"storageModelType":"LocallyRedundant","storageType":"LocallyRedundant","dedupState":"Disabled","xcoolState":"Disabled","storageTypeState":"Unlocked"}}'
    headers:
      cache-control:
      - no-cache
      content-length:
      - '514'
      content-type:
      - application/json
      date:
      - Wed, 03 Jul 2019 09:15:07 GMT
      expires:
      - '-1'
      pragma:
      - no-cache
      server:
      - Microsoft-IIS/10.0
      strict-transport-security:
      - max-age=31536000; includeSubDomains
      transfer-encoding:
      - chunked
      vary:
      - Accept-Encoding
      x-content-type-options:
      - nosniff
      x-ms-ratelimit-remaining-subscription-writes:
      - '1198'
      x-powered-by:
      - ASP.NET
    status:
      code: 200
      message: OK
- request:
    body: null
    headers:
      Accept:
      - application/json
      Accept-Encoding:
      - gzip, deflate
      CommandName:
      - backup vault backup-properties show
      Connection:
      - keep-alive
      ParameterSetName:
      - -n -g
      User-Agent:
      - python/3.5.3 (Windows-10-10.0.18362-SP0) msrest/0.6.6 msrest_azure/0.6.0 azure-mgmt-recoveryservicesbackup/0.4.0
        Azure-SDK-For-Python AZURECLI/2.0.68
      accept-language:
      - en-US
    method: GET
    uri: https://management.azure.com/Subscriptions/00000000-0000-0000-0000-000000000000/resourceGroups/clitest.rg000001/providers/Microsoft.RecoveryServices/vaults/clitest-vault000002/backupstorageconfig/vaultstorageconfig?api-version=2016-12-01
  response:
    body:
      string: '{"id":"/subscriptions/00000000-0000-0000-0000-000000000000/resourceGroups/clitest.rg000001/providers/Microsoft.RecoveryServices/vaults/clitest-vault000002/backupstorageconfig/vaultstorageconfig","name":"vaultstorageconfig","type":"Microsoft.RecoveryServices/vaults/backupstorageconfig","properties":{"storageModelType":"LocallyRedundant","storageType":"LocallyRedundant","dedupState":"Disabled","xcoolState":"Disabled","storageTypeState":"Unlocked"}}'
    headers:
      cache-control:
      - no-cache
      content-length:
      - '514'
      content-type:
      - application/json
      date:
      - Wed, 03 Jul 2019 09:15:07 GMT
      expires:
      - '-1'
      pragma:
      - no-cache
      server:
      - Microsoft-IIS/10.0
      strict-transport-security:
      - max-age=31536000; includeSubDomains
      transfer-encoding:
      - chunked
      vary:
      - Accept-Encoding
      x-content-type-options:
      - nosniff
      x-powered-by:
      - ASP.NET
    status:
      code: 200
      message: OK
- request:
    body: null
    headers:
      Accept:
      - application/json
      Accept-Encoding:
      - gzip, deflate
      CommandName:
      - backup vault delete
      Connection:
      - keep-alive
      Content-Length:
      - '0'
      ParameterSetName:
      - -n -g -y
      User-Agent:
      - python/3.5.3 (Windows-10-10.0.18362-SP0) msrest/0.6.6 msrest_azure/0.6.0 azure-mgmt-recoveryservices/0.4.0
        Azure-SDK-For-Python AZURECLI/2.0.68
      accept-language:
      - en-US
    method: DELETE
    uri: https://management.azure.com/subscriptions/00000000-0000-0000-0000-000000000000/resourceGroups/clitest.rg000001/providers/Microsoft.RecoveryServices/vaults/clitest-vault000005?api-version=2016-06-01
  response:
    body:
      string: ''
    headers:
      cache-control:
      - no-cache
      content-length:
      - '0'
      date:
      - Wed, 03 Jul 2019 09:15:13 GMT
      expires:
      - '-1'
      pragma:
      - no-cache
      strict-transport-security:
      - max-age=31536000; includeSubDomains
      x-content-type-options:
      - nosniff
      x-ms-ratelimit-remaining-subscription-deletes:
      - '14999'
    status:
      code: 200
      message: OK
- request:
    body: null
    headers:
      Accept:
      - application/json
      Accept-Encoding:
      - gzip, deflate
      CommandName:
      - backup vault list
      Connection:
      - keep-alive
      User-Agent:
      - python/3.5.3 (Windows-10-10.0.18362-SP0) msrest/0.6.6 msrest_azure/0.6.0 azure-mgmt-recoveryservices/0.4.0
        Azure-SDK-For-Python AZURECLI/2.0.68
      accept-language:
      - en-US
    method: GET
    uri: https://management.azure.com/subscriptions/00000000-0000-0000-0000-000000000000/providers/Microsoft.RecoveryServices/vaults?api-version=2016-06-01
  response:
    body:
      string: "{\"value\":[{\"location\":\"westus\",\"name\":\"vault640\",\"etag\":\"W/\\\"datetime'2019-03-20T07%3A57%3A19.2617376Z'\\\"\",\"properties\":{\"provisioningState\":\"Succeeded\"},\"id\":\"/subscriptions/00000000-0000-0000-0000-000000000000/resourceGroups/00prjai1/providers/Microsoft.RecoveryServices/vaults/vault640\",\"type\":\"Microsoft.RecoveryServices/vaults\",\"sku\":{\"name\":\"RS0\",\"tier\":\"Standard\"}},{\"location\":\"westus\",\"name\":\"testVault\",\"etag\":\"W/\\\"datetime'2018-05-30T12%3A31%3A16.1469341Z'\\\"\",\"properties\":{\"provisioningState\":\"Succeeded\"},\"id\":\"/subscriptions/00000000-0000-0000-0000-000000000000/resourceGroups/00prjaiEncr/providers/Microsoft.RecoveryServices/vaults/testVault\",\"type\":\"Microsoft.RecoveryServices/vaults\",\"sku\":{\"name\":\"RS0\",\"tier\":\"Standard\"}},{\"location\":\"westus\",\"name\":\"clitest-vault000004\",\"etag\":\"W/\\\"datetime'2019-07-03T09%3A14%3A56.4651402Z'\\\"\",\"properties\":{\"provisioningState\":\"Succeeded\"},\"id\":\"/subscriptions/00000000-0000-0000-0000-000000000000/resourceGroups/clitest.rg000001/providers/Microsoft.RecoveryServices/vaults/clitest-vault000004\",\"type\":\"Microsoft.RecoveryServices/vaults\",\"sku\":{\"name\":\"Standard\"}},{\"location\":\"westus\",\"name\":\"clitest-vault000003\",\"etag\":\"W/\\\"datetime'2019-07-03T09%3A14%3A51.7827071Z'\\\"\",\"properties\":{\"provisioningState\":\"Succeeded\"},\"id\":\"/subscriptions/00000000-0000-0000-0000-000000000000/resourceGroups/clitest.rg000001/providers/Microsoft.RecoveryServices/vaults/clitest-vault000003\",\"type\":\"Microsoft.RecoveryServices/vaults\",\"sku\":{\"name\":\"Standard\"}},{\"location\":\"westus\",\"name\":\"clitest-vault000002\",\"etag\":\"W/\\\"datetime'2019-07-03T09%3A14%3A46.8890747Z'\\\"\",\"properties\":{\"provisioningState\":\"Succeeded\"},\"id\":\"/subscriptions/00000000-0000-0000-0000-000000000000/resourceGroups/clitest.rg000001/providers/Microsoft.RecoveryServices/vaults/clitest-vault000002\",\"type\":\"Microsoft.RecoveryServices/vaults\",\"sku\":{\"name\":\"Standard\"}},{\"location\":\"westus\",\"name\":\"mkheraniTest1\",\"etag\":\"W/\\\"datetime'2017-10-30T03%3A26%3A00.3268794Z'\\\"\",\"tags\":{},\"properties\":{\"provisioningState\":\"Succeeded\"},\"id\":\"/subscriptions/00000000-0000-0000-0000-000000000000/resourceGroups/Default-RecoveryServices-ResourceGroup-westus/providers/microsoft.recoveryservices/Vaults/mkheraniTest1\",\"type\":\"microsoft.recoveryservices/Vaults\",\"sku\":{\"name\":\"RS0\",\"tier\":\"standard\"}},{\"location\":\"westus\",\"name\":\"mkheraniVault\",\"etag\":\"W/\\\"datetime'2019-04-15T23%3A42%3A41.7821546Z'\\\"\",\"properties\":{\"provisioningState\":\"Succeeded\"},\"id\":\"/subscriptions/00000000-0000-0000-0000-000000000000/resourceGroups/Default-RecoveryServices-ResourceGroup-westus/providers/microsoft.recoveryservices/Vaults/mkheraniVault\",\"type\":\"microsoft.recoveryservices/Vaults\",\"sku\":{\"name\":\"RS0\",\"tier\":\"standard\"}},{\"location\":\"westus\",\"name\":\"satishrevault\",\"etag\":\"W/\\\"datetime'2017-10-30T03%3A27%3A30.7613223Z'\\\"\",\"properties\":{\"provisioningState\":\"Succeeded\"},\"id\":\"/subscriptions/00000000-0000-0000-0000-000000000000/resourceGroups/Default-RecoveryServices-ResourceGroup-westus/providers/microsoft.recoveryservices/Vaults/satishrevault\",\"type\":\"microsoft.recoveryservices/Vaults\",\"sku\":{\"name\":\"RS0\",\"tier\":\"standard\"}},{\"location\":\"westus\",\"name\":\"config-protection-test\",\"etag\":\"W/\\\"datetime'2017-04-01T07%3A01%3A16.9362342Z'\\\"\",\"properties\":{\"provisioningState\":\"Succeeded\"},\"id\":\"/subscriptions/00000000-0000-0000-0000-000000000000/resourceGroups/nilay-rg/providers/Microsoft.RecoveryServices/vaults/config-protection-test\",\"type\":\"Microsoft.RecoveryServices/vaults\",\"sku\":{\"name\":\"RS0\",\"tier\":\"Standard\"}},{\"location\":\"westus\",\"name\":\"nilayvault\",\"etag\":\"W/\\\"datetime'2017-08-11T10%3A48%3A26.5299141Z'\\\"\",\"properties\":{\"provisioningState\":\"Succeeded\"},\"id\":\"/subscriptions/00000000-0000-0000-0000-000000000000/resourceGroups/nilay-rg/providers/Microsoft.RecoveryServices/vaults/nilayvault\",\"type\":\"Microsoft.RecoveryServices/vaults\",\"sku\":{\"name\":\"RS0\",\"tier\":\"Standard\"}},{\"location\":\"westus\",\"name\":\"oneboxtestvault\",\"etag\":\"W/\\\"datetime'2018-12-03T11%3A43%3A44.5596632Z'\\\"\",\"properties\":{\"provisioningState\":\"Succeeded\"},\"id\":\"/subscriptions/00000000-0000-0000-0000-000000000000/resourceGroups/oneboxtestrg/providers/Microsoft.RecoveryServices/vaults/oneboxtestvault\",\"type\":\"Microsoft.RecoveryServices/vaults\",\"sku\":{\"name\":\"RS0\",\"tier\":\"Standard\"}},{\"location\":\"westus\",\"name\":\"riteshcTestVaultCreds\",\"etag\":\"W/\\\"datetime'2019-06-18T13%3A39%3A59.8578447Z'\\\"\",\"properties\":{\"provisioningState\":\"Succeeded\"},\"id\":\"/subscriptions/00000000-0000-0000-0000-000000000000/resourceGroups/riteshcRG/providers/Microsoft.RecoveryServices/vaults/riteshcTestVaultCreds\",\"type\":\"Microsoft.RecoveryServices/vaults\",\"sku\":{\"name\":\"RS0\",\"tier\":\"Standard\"}},{\"location\":\"westus\",\"name\":\"riteshcVaultCredsWestUSChrome\",\"etag\":\"W/\\\"datetime'2019-06-18T12%3A40%3A35.0425019Z'\\\"\",\"properties\":{\"provisioningState\":\"Succeeded\"},\"id\":\"/subscriptions/00000000-0000-0000-0000-000000000000/resourceGroups/riteshcRG/providers/Microsoft.RecoveryServices/vaults/riteshcVaultCredsWestUSChrome\",\"type\":\"Microsoft.RecoveryServices/vaults\",\"sku\":{\"name\":\"RS0\",\"tier\":\"Standard\"}},{\"location\":\"westus\",\"name\":\"riteshcVaultCredsWestUSIE\",\"etag\":\"W/\\\"datetime'2019-06-18T12%3A49%3A58.1933664Z'\\\"\",\"properties\":{\"provisioningState\":\"Succeeded\"},\"id\":\"/subscriptions/00000000-0000-0000-0000-000000000000/resourceGroups/riteshcRG/providers/Microsoft.RecoveryServices/vaults/riteshcVaultCredsWestUSIE\",\"type\":\"Microsoft.RecoveryServices/vaults\",\"sku\":{\"name\":\"RS0\",\"tier\":\"Standard\"}},{\"location\":\"westus\",\"name\":\"riteshcWestUSEdge\",\"etag\":\"W/\\\"datetime'2019-06-17T06%3A54%3A33.3108046Z'\\\"\",\"properties\":{\"provisioningState\":\"Succeeded\"},\"id\":\"/subscriptions/00000000-0000-0000-0000-000000000000/resourceGroups/riteshcRG/providers/Microsoft.RecoveryServices/vaults/riteshcWestUSEdge\",\"type\":\"Microsoft.RecoveryServices/vaults\",\"sku\":{\"name\":\"RS0\",\"tier\":\"Standard\"}},{\"location\":\"westus\",\"name\":\"vault418\",\"etag\":\"W/\\\"datetime'2019-05-22T06%3A00%3A45.9689913Z'\\\"\",\"properties\":{\"provisioningState\":\"Succeeded\"},\"id\":\"/subscriptions/00000000-0000-0000-0000-000000000000/resourceGroups/riteshcRG/providers/Microsoft.RecoveryServices/vaults/vault418\",\"type\":\"Microsoft.RecoveryServices/vaults\",\"sku\":{\"name\":\"RS0\",\"tier\":\"Standard\"}},{\"location\":\"westus\",\"name\":\"vault477\",\"etag\":\"W/\\\"datetime'2019-06-03T14%3A18%3A29.5528926Z'\\\"\",\"properties\":{\"provisioningState\":\"Succeeded\"},\"id\":\"/subscriptions/00000000-0000-0000-0000-000000000000/resourceGroups/riteshcRG/providers/Microsoft.RecoveryServices/vaults/vault477\",\"type\":\"Microsoft.RecoveryServices/vaults\",\"sku\":{\"name\":\"RS0\",\"tier\":\"Standard\"}},{\"location\":\"westus\",\"name\":\"riteshProv\",\"etag\":\"W/\\\"datetime'2019-05-07T14%3A57%3A27.4339654Z'\\\"\",\"properties\":{\"provisioningState\":\"Succeeded\"},\"id\":\"/subscriptions/00000000-0000-0000-0000-000000000000/resourceGroups/riteshRSVM4/providers/Microsoft.RecoveryServices/vaults/riteshProv\",\"type\":\"Microsoft.RecoveryServices/vaults\",\"sku\":{\"name\":\"RS0\",\"tier\":\"Standard\"}},{\"location\":\"westus\",\"name\":\"satishrewus\",\"etag\":\"W/\\\"datetime'2018-06-19T09%3A32%3A54.5145683Z'\\\"\",\"properties\":{\"provisioningState\":\"Succeeded\"},\"id\":\"/subscriptions/00000000-0000-0000-0000-000000000000/resourceGroups/satishrewus/providers/Microsoft.RecoveryServices/vaults/satishrewus\",\"type\":\"Microsoft.RecoveryServices/vaults\",\"sku\":{\"name\":\"RS0\",\"tier\":\"Standard\"}},{\"location\":\"westus\",\"name\":\"shankcanary2\",\"etag\":\"W/\\\"datetime'2018-06-19T09%3A32%3A55.3043106Z'\\\"\",\"tags\":{\"displayName\":\"test\"},\"properties\":{\"provisioningState\":\"Succeeded\"},\"id\":\"/subscriptions/00000000-0000-0000-0000-000000000000/resourceGroups/shraccanrg/providers/Microsoft.RecoveryServices/vaults/shankcanary2\",\"type\":\"Microsoft.RecoveryServices/vaults\",\"sku\":{\"name\":\"standard\"}},{\"location\":\"westus\",\"name\":\"shracsql\",\"etag\":\"W/\\\"datetime'2019-06-17T09%3A28%3A13.468613Z'\\\"\",\"properties\":{\"provisioningState\":\"Succeeded\"},\"id\":\"/subscriptions/00000000-0000-0000-0000-000000000000/resourceGroups/shracrg/providers/Microsoft.RecoveryServices/vaults/shracsql\",\"type\":\"Microsoft.RecoveryServices/vaults\",\"sku\":{\"name\":\"RS0\",\"tier\":\"Standard\"}},{\"location\":\"westus\",\"name\":\"vault168\",\"etag\":\"W/\\\"datetime'2018-12-13T04%3A24%3A59.6592412Z'\\\"\",\"properties\":{\"provisioningState\":\"Succeeded\"},\"id\":\"/subscriptions/00000000-0000-0000-0000-000000000000/resourceGroups/shracrg/providers/Microsoft.RecoveryServices/vaults/vault168\",\"type\":\"Microsoft.RecoveryServices/vaults\",\"sku\":{\"name\":\"RS0\",\"tier\":\"Standard\"}},{\"location\":\"eastus\",\"name\":\"testvaulteus\",\"etag\":\"W/\\\"datetime'2018-12-17T16%3A02%3A48.3946206Z'\\\"\",\"properties\":{\"provisioningState\":\"Succeeded\"},\"id\":\"/subscriptions/00000000-0000-0000-0000-000000000000/resourceGroups/shracrg/providers/Microsoft.RecoveryServices/vaults/testvaulteus\",\"type\":\"Microsoft.RecoveryServices/vaults\",\"sku\":{\"name\":\"RS0\",\"tier\":\"Standard\"}},{\"location\":\"northeurope\",\"name\":\"samvault2\",\"etag\":\"W/\\\"datetime'2017-10-17T06%3A10%3A59.721672Z'\\\"\",\"properties\":{\"provisioningState\":\"Succeeded\"},\"id\":\"/subscriptions/00000000-0000-0000-0000-000000000000/resourceGroups/Default-RecoveryServices-ResourceGroup-northeurope/providers/microsoft.recoveryservices/Vaults/samvault2\",\"type\":\"microsoft.recoveryservices/Vaults\",\"sku\":{\"name\":\"RS0\",\"tier\":\"standard\"}},{\"location\":\"westeurope\",\"name\":\"samvault1\",\"etag\":\"W/\\\"datetime'2017-10-27T15%3A37%3A40.6637216Z'\\\"\",\"properties\":{\"provisioningState\":\"Succeeded\"},\"id\":\"/subscriptions/00000000-0000-0000-0000-000000000000/resourceGroups/Default-RecoveryServices-ResourceGroup-westeurope/providers/microsoft.recoveryservices/Vaults/samvault1\",\"type\":\"microsoft.recoveryservices/Vaults\",\"sku\":{\"name\":\"RS0\",\"tier\":\"standard\"}},{\"location\":\"westeurope\",\"name\":\"satishrewe\",\"etag\":\"W/\\\"datetime'2018-06-22T12%3A08%3A54.1868106Z'\\\"\",\"properties\":{\"provisioningState\":\"Succeeded\"},\"id\":\"/subscriptions/00000000-0000-0000-0000-000000000000/resourceGroups/satishre_werg/providers/Microsoft.RecoveryServices/vaults/satishrewe\",\"type\":\"Microsoft.RecoveryServices/vaults\",\"sku\":{\"name\":\"RS0\",\"tier\":\"Standard\"}},{\"location\":\"southeastasia\",\"name\":\"phaniktRsv1\",\"etag\":\"W/\\\"datetime'2017-04-01T07%3A01%3A17.1923637Z'\\\"\",\"properties\":{\"provisioningState\":\"Succeeded\"},\"id\":\"/subscriptions/00000000-0000-0000-0000-000000000000/resourceGroups/ayujasvm1/providers/Microsoft.RecoveryServices/vaults/phaniktRsv1\",\"type\":\"Microsoft.RecoveryServices/vaults\",\"sku\":{\"name\":\"RS0\",\"tier\":\"Standard\"}},{\"location\":\"southeastasia\",\"name\":\"anagra1\",\"etag\":\"W/\\\"datetime'2018-06-15T13%3A23%3A07.398746Z'\\\"\",\"properties\":{\"provisioningState\":\"Succeeded\"},\"id\":\"/subscriptions/00000000-0000-0000-0000-000000000000/resourceGroups/backuprg/providers/Microsoft.RecoveryServices/vaults/anagra1\",\"type\":\"Microsoft.RecoveryServices/vaults\",\"sku\":{\"name\":\"RS0\",\"tier\":\"Standard\"}},{\"location\":\"southeastasia\",\"name\":\"DemoVault\",\"etag\":\"W/\\\"datetime'2017-10-30T08%3A59%3A06.5054835Z'\\\"\",\"properties\":{\"provisioningState\":\"Succeeded\"},\"id\":\"/subscriptions/00000000-0000-0000-0000-000000000000/resourceGroups/Default-RecoveryServices-ResourceGroup-southeastasia/providers/microsoft.recoveryservices/Vaults/DemoVault\",\"type\":\"microsoft.recoveryservices/Vaults\",\"sku\":{\"name\":\"RS0\",\"tier\":\"standard\"}},{\"location\":\"southeastasia\",\"name\":\"rsanjayvault\",\"etag\":\"W/\\\"datetime'2017-10-30T08%3A59%3A05.368417Z'\\\"\",\"properties\":{\"provisioningState\":\"Succeeded\"},\"id\":\"/subscriptions/00000000-0000-0000-0000-000000000000/resourceGroups/Default-RecoveryServices-ResourceGroup-southeastasia/providers/microsoft.recoveryservices/Vaults/rsanjayvault\",\"type\":\"microsoft.recoveryservices/Vaults\",\"sku\":{\"name\":\"RS0\",\"tier\":\"standard\"}},{\"location\":\"southeastasia\",\"name\":\"Satishrebkvault\",\"etag\":\"W/\\\"datetime'2017-10-30T09%3A00%3A07.7300185Z'\\\"\",\"properties\":{\"provisioningState\":\"Succeeded\"},\"id\":\"/subscriptions/00000000-0000-0000-0000-000000000000/resourceGroups/Default-RecoveryServices-ResourceGroup-southeastasia/providers/microsoft.recoveryservices/Vaults/Satishrebkvault\",\"type\":\"microsoft.recoveryservices/Vaults\",\"sku\":{\"name\":\"RS0\",\"tier\":\"standard\"}},{\"location\":\"southeastasia\",\"name\":\"Yashvault001\",\"etag\":\"W/\\\"datetime'2017-10-30T09%3A02%3A12.2382044Z'\\\"\",\"properties\":{\"provisioningState\":\"Succeeded\"},\"id\":\"/subscriptions/00000000-0000-0000-0000-000000000000/resourceGroups/Default-RecoveryServices-ResourceGroup-southeastasia/providers/microsoft.recoveryservices/Vaults/Yashvault001\",\"type\":\"microsoft.recoveryservices/Vaults\",\"sku\":{\"name\":\"RS0\",\"tier\":\"standard\"}},{\"location\":\"southeastasia\",\"name\":\"nilay-vault\",\"etag\":\"W/\\\"datetime'2017-04-01T07%3A01%3A17.4223754Z'\\\"\",\"properties\":{\"provisioningState\":\"Succeeded\"},\"id\":\"/subscriptions/00000000-0000-0000-0000-000000000000/resourceGroups/nilay-rg/providers/Microsoft.RecoveryServices/vaults/nilay-vault\",\"type\":\"Microsoft.RecoveryServices/vaults\",\"sku\":{\"name\":\"RS0\",\"tier\":\"Standard\"}},{\"location\":\"southeastasia\",\"name\":\"testnewvault\",\"etag\":\"W/\\\"datetime'2017-05-08T05%3A28%3A05.7911743Z'\\\"\",\"properties\":{\"provisioningState\":\"Succeeded\"},\"id\":\"/subscriptions/00000000-0000-0000-0000-000000000000/resourceGroups/PortalGAStress/providers/Microsoft.RecoveryServices/vaults/testnewvault\",\"type\":\"Microsoft.RecoveryServices/vaults\",\"sku\":{\"name\":\"RS0\",\"tier\":\"Standard\"}},{\"location\":\"southeastasia\",\"name\":\"vault567\",\"etag\":\"W/\\\"datetime'2017-04-01T07%3A01%3A17.6363862Z'\\\"\",\"properties\":{\"provisioningState\":\"Succeeded\"},\"id\":\"/subscriptions/00000000-0000-0000-0000-000000000000/resourceGroups/PortalGAStress/providers/Microsoft.RecoveryServices/vaults/vault567\",\"type\":\"Microsoft.RecoveryServices/vaults\",\"sku\":{\"name\":\"RS0\",\"tier\":\"Standard\"}},{\"location\":\"southeastasia\",\"name\":\"riteshcVaultCredTest\",\"etag\":\"W/\\\"datetime'2019-05-23T13%3A51%3A13.7195418Z'\\\"\",\"properties\":{\"provisioningState\":\"Succeeded\"},\"id\":\"/subscriptions/00000000-0000-0000-0000-000000000000/resourceGroups/riteshcRG/providers/Microsoft.RecoveryServices/vaults/riteshcVaultCredTest\",\"type\":\"Microsoft.RecoveryServices/vaults\",\"sku\":{\"name\":\"RS0\",\"tier\":\"Standard\"}},{\"location\":\"southeastasia\",\"name\":\"vault427\",\"etag\":\"W/\\\"datetime'2019-03-04T07%3A17%3A09.9284415Z'\\\"\",\"properties\":{\"provisioningState\":\"Succeeded\"},\"id\":\"/subscriptions/00000000-0000-0000-0000-000000000000/resourceGroups/riteshcRG/providers/Microsoft.RecoveryServices/vaults/vault427\",\"type\":\"Microsoft.RecoveryServices/vaults\",\"sku\":{\"name\":\"RS0\",\"tier\":\"Standard\"}},{\"location\":\"southeastasia\",\"name\":\"SatishreVault\",\"etag\":\"W/\\\"datetime'2018-06-15T13%3A23%3A10.1167645Z'\\\"\",\"properties\":{\"provisioningState\":\"Succeeded\"},\"id\":\"/subscriptions/00000000-0000-0000-0000-000000000000/resourceGroups/SatishreRG/providers/Microsoft.RecoveryServices/vaults/SatishreVault\",\"type\":\"Microsoft.RecoveryServices/vaults\",\"sku\":{\"name\":\"RS0\",\"tier\":\"Standard\"}},{\"location\":\"southeastasia\",\"name\":\"vault551\",\"etag\":\"W/\\\"datetime'2017-04-01T07%3A01%3A19.8285098Z'\\\"\",\"properties\":{\"provisioningState\":\"Succeeded\"},\"id\":\"/subscriptions/00000000-0000-0000-0000-000000000000/resourceGroups/shractest1/providers/Microsoft.RecoveryServices/vaults/vault551\",\"type\":\"Microsoft.RecoveryServices/vaults\",\"sku\":{\"name\":\"RS0\",\"tier\":\"Standard\"}},{\"location\":\"southeastasia\",\"name\":\"srbansVault1\",\"etag\":\"W/\\\"datetime'2018-11-20T05%3A37%3A58.1114441Z'\\\"\",\"tags\":{\"MAB
        Used\":\" Yes\"},\"properties\":{\"provisioningState\":\"Succeeded\"},\"id\":\"/subscriptions/00000000-0000-0000-0000-000000000000/resourceGroups/srbansRG/providers/Microsoft.RecoveryServices/vaults/srbansVault1\",\"type\":\"Microsoft.RecoveryServices/vaults\",\"sku\":{\"name\":\"RS0\",\"tier\":\"Standard\"}},{\"location\":\"southeastasia\",\"name\":\"testvaultusability1\",\"etag\":\"W/\\\"datetime'2017-04-01T07%3A01%3A20.5745531Z'\\\"\",\"properties\":{\"provisioningState\":\"Succeeded\"},\"id\":\"/subscriptions/00000000-0000-0000-0000-000000000000/resourceGroups/usabilityrg/providers/Microsoft.RecoveryServices/vaults/testvaultusability1\",\"type\":\"Microsoft.RecoveryServices/vaults\",\"sku\":{\"name\":\"RS0\",\"tier\":\"Standard\"}},{\"location\":\"southeastasia\",\"name\":\"vault5512\",\"etag\":\"W/\\\"datetime'2017-04-01T07%3A01%3A20.8085669Z'\\\"\",\"properties\":{\"provisioningState\":\"Succeeded\"},\"id\":\"/subscriptions/00000000-0000-0000-0000-000000000000/resourceGroups/v2prjaiWin2012/providers/Microsoft.RecoveryServices/vaults/vault5512\",\"type\":\"Microsoft.RecoveryServices/vaults\",\"sku\":{\"name\":\"RS0\",\"tier\":\"Standard\"}},{\"location\":\"southeastasia\",\"name\":\"shracgbcert\",\"etag\":\"W/\\\"datetime'2017-08-01T14%3A03%3A05.0893703Z'\\\"\",\"properties\":{\"provisioningState\":\"Succeeded\"},\"id\":\"/subscriptions/00000000-0000-0000-0000-000000000000/resourceGroups/\u6E2C\u8A66/providers/Microsoft.RecoveryServices/vaults/shracgbcert\",\"type\":\"Microsoft.RecoveryServices/vaults\",\"sku\":{\"name\":\"RS0\",\"tier\":\"Standard\"}},{\"location\":\"japaneast\",\"name\":\"mkheranijapantest\",\"etag\":\"W/\\\"datetime'2018-09-07T14%3A31%3A53.4637513Z'\\\"\",\"properties\":{\"provisioningState\":\"Succeeded\"},\"id\":\"/subscriptions/00000000-0000-0000-0000-000000000000/resourceGroups/mkheranijapantest/providers/Microsoft.RecoveryServices/vaults/mkheranijapantest\",\"type\":\"Microsoft.RecoveryServices/vaults\",\"sku\":{\"name\":\"RS0\",\"tier\":\"Standard\"}},{\"location\":\"australiaeast\",\"name\":\"satishreae\",\"etag\":\"W/\\\"datetime'2018-06-13T07%3A43%3A23.0340224Z'\\\"\",\"properties\":{\"provisioningState\":\"Succeeded\"},\"id\":\"/subscriptions/00000000-0000-0000-0000-000000000000/resourceGroups/satishreae/providers/Microsoft.RecoveryServices/vaults/satishreae\",\"type\":\"Microsoft.RecoveryServices/vaults\",\"sku\":{\"name\":\"RS0\",\"tier\":\"Standard\"}},{\"location\":\"centralindia\",\"name\":\"shracdeploytest\",\"etag\":\"W/\\\"datetime'2019-05-14T12%3A38%3A13.4360112Z'\\\"\",\"properties\":{\"provisioningState\":\"Succeeded\"},\"id\":\"/subscriptions/00000000-0000-0000-0000-000000000000/resourceGroups/shracrg/providers/Microsoft.RecoveryServices/vaults/shracdeploytest\",\"type\":\"Microsoft.RecoveryServices/vaults\",\"sku\":{\"name\":\"RS0\",\"tier\":\"Standard\"}},{\"location\":\"centralindia\",\"name\":\"sudreddyincvault\",\"etag\":\"W/\\\"datetime'2018-06-15T12%3A51%3A41.1306151Z'\\\"\",\"properties\":{\"provisioningState\":\"Succeeded\"},\"id\":\"/subscriptions/00000000-0000-0000-0000-000000000000/resourceGroups/sudreddyinc/providers/Microsoft.RecoveryServices/vaults/sudreddyincvault\",\"type\":\"Microsoft.RecoveryServices/vaults\",\"sku\":{\"name\":\"standard\"}},{\"location\":\"southindia\",\"name\":\"ritescVBVault18072\",\"etag\":\"W/\\\"datetime'2018-07-09T13%3A26%3A56.1916476Z'\\\"\",\"properties\":{\"provisioningState\":\"Succeeded\"},\"id\":\"/subscriptions/00000000-0000-0000-0000-000000000000/resourceGroups/00prjai1/providers/Microsoft.RecoveryServices/vaults/ritescVBVault18072\",\"type\":\"Microsoft.RecoveryServices/vaults\",\"sku\":{\"name\":\"RS0\",\"tier\":\"Standard\"}},{\"location\":\"southindia\",\"name\":\"srbansInisightTest\",\"etag\":\"W/\\\"datetime'2019-05-13T06%3A03%3A17.0514009Z'\\\"\",\"properties\":{\"provisioningState\":\"Succeeded\"},\"id\":\"/subscriptions/00000000-0000-0000-0000-000000000000/resourceGroups/srbansRG/providers/Microsoft.RecoveryServices/vaults/srbansInisightTest\",\"type\":\"Microsoft.RecoveryServices/vaults\",\"sku\":{\"name\":\"RS0\",\"tier\":\"Standard\"}},{\"location\":\"westcentralus\",\"name\":\"anagra-wcus\",\"etag\":\"W/\\\"datetime'2018-06-12T08%3A15%3A23.4061093Z'\\\"\",\"properties\":{\"provisioningState\":\"Succeeded\"},\"id\":\"/subscriptions/00000000-0000-0000-0000-000000000000/resourceGroups/anagrarg/providers/Microsoft.RecoveryServices/vaults/anagra-wcus\",\"type\":\"Microsoft.RecoveryServices/vaults\",\"sku\":{\"name\":\"RS0\",\"tier\":\"Standard\"}},{\"location\":\"uksouth\",\"name\":\"BackupVault\",\"etag\":\"W/\\\"datetime'2018-06-15T13%3A43%3A05.0388323Z'\\\"\",\"properties\":{\"provisioningState\":\"Succeeded\"},\"id\":\"/subscriptions/00000000-0000-0000-0000-000000000000/resourceGroups/nilay-rg/providers/Microsoft.RecoveryServices/vaults/BackupVault\",\"type\":\"Microsoft.RecoveryServices/vaults\",\"sku\":{\"name\":\"RS0\",\"tier\":\"Standard\"}},{\"location\":\"ukwest\",\"name\":\"nilaytest\",\"etag\":\"W/\\\"datetime'2018-06-18T11%3A45%3A46.4977419Z'\\\"\",\"properties\":{\"provisioningState\":\"Succeeded\"},\"id\":\"/subscriptions/00000000-0000-0000-0000-000000000000/resourceGroups/nilay-rg/providers/Microsoft.RecoveryServices/vaults/nilaytest\",\"type\":\"Microsoft.RecoveryServices/vaults\",\"sku\":{\"name\":\"RS0\",\"tier\":\"Standard\"}}]}"
    headers:
      cache-control:
      - no-cache
      content-length:
      - '20296'
      content-type:
      - application/json; charset=utf-8
      date:
      - Wed, 03 Jul 2019 09:15:13 GMT
      expires:
      - '-1'
      pragma:
      - no-cache
      strict-transport-security:
      - max-age=31536000; includeSubDomains
      vary:
      - Accept-Encoding
      x-content-type-options:
      - nosniff
      x-ms-original-request-ids:
      - b100abda-2e0a-42ff-b849-ec30198aabd4
      - b100abda-2e0a-42ff-b849-ec30198aabd4
      - b100abda-2e0a-42ff-b849-ec30198aabd4
      - b100abda-2e0a-42ff-b849-ec30198aabd4
      - b100abda-2e0a-42ff-b849-ec30198aabd4
      - b100abda-2e0a-42ff-b849-ec30198aabd4
      - b100abda-2e0a-42ff-b849-ec30198aabd4
      - b100abda-2e0a-42ff-b849-ec30198aabd4
      - b100abda-2e0a-42ff-b849-ec30198aabd4
      - b100abda-2e0a-42ff-b849-ec30198aabd4
      - b100abda-2e0a-42ff-b849-ec30198aabd4
      - b100abda-2e0a-42ff-b849-ec30198aabd4
    status:
      code: 200
      message: OK
- request:
    body: null
    headers:
      Accept:
      - application/json
      Accept-Encoding:
      - gzip, deflate
      CommandName:
      - backup container list
      Connection:
      - keep-alive
      ParameterSetName:
      - -v -g --query
      User-Agent:
      - python/3.5.3 (Windows-10-10.0.18362-SP0) msrest/0.6.6 msrest_azure/0.6.0 azure-mgmt-recoveryservicesbackup/0.4.0
        Azure-SDK-For-Python AZURECLI/2.0.68
      accept-language:
      - en-US
    method: GET
    uri: https://management.azure.com/Subscriptions/00000000-0000-0000-0000-000000000000/resourceGroups/clitest.rg000001/providers/Microsoft.RecoveryServices/vaults/clitest-vault000003/backupProtectionContainers?api-version=2016-12-01&$filter=backupManagementType%20eq%20%27AzureIaasVM%27%20and%20status%20eq%20%27Registered%27
  response:
    body:
      string: '{"value":[]}'
    headers:
      cache-control:
      - no-cache
      content-length:
      - '12'
      content-type:
      - application/json
      date:
      - Wed, 03 Jul 2019 09:15:15 GMT
      expires:
      - '-1'
      pragma:
      - no-cache
      server:
      - Microsoft-IIS/10.0
      strict-transport-security:
      - max-age=31536000; includeSubDomains
      transfer-encoding:
      - chunked
      vary:
      - Accept-Encoding
      x-content-type-options:
      - nosniff
      x-powered-by:
      - ASP.NET
    status:
      code: 200
      message: OK
- request:
    body: null
    headers:
      Accept:
      - application/json
      Accept-Encoding:
      - gzip, deflate
      CommandName:
      - backup vault delete
      Connection:
      - keep-alive
      Content-Length:
      - '0'
      ParameterSetName:
      - -n -g --yes
      User-Agent:
      - python/3.5.3 (Windows-10-10.0.18362-SP0) msrest/0.6.6 msrest_azure/0.6.0 azure-mgmt-recoveryservices/0.4.0
        Azure-SDK-For-Python AZURECLI/2.0.68
      accept-language:
      - en-US
    method: DELETE
    uri: https://management.azure.com/subscriptions/00000000-0000-0000-0000-000000000000/resourceGroups/clitest.rg000001/providers/Microsoft.RecoveryServices/vaults/clitest-vault000003?api-version=2016-06-01
  response:
    body:
      string: ''
    headers:
      cache-control:
      - no-cache
      content-length:
      - '0'
      date:
      - Wed, 03 Jul 2019 09:15:19 GMT
      expires:
      - '-1'
      pragma:
      - no-cache
      strict-transport-security:
      - max-age=31536000; includeSubDomains
      x-content-type-options:
      - nosniff
      x-ms-ratelimit-remaining-subscription-deletes:
      - '14999'
    status:
      code: 200
      message: OK
- request:
    body: null
    headers:
      Accept:
      - application/json
      Accept-Encoding:
      - gzip, deflate
      CommandName:
      - backup container list
      Connection:
      - keep-alive
      ParameterSetName:
      - -v -g --query
      User-Agent:
      - python/3.5.3 (Windows-10-10.0.18362-SP0) msrest/0.6.6 msrest_azure/0.6.0 azure-mgmt-recoveryservicesbackup/0.4.0
        Azure-SDK-For-Python AZURECLI/2.0.68
      accept-language:
      - en-US
    method: GET
    uri: https://management.azure.com/Subscriptions/00000000-0000-0000-0000-000000000000/resourceGroups/clitest.rg000001/providers/Microsoft.RecoveryServices/vaults/clitest-vault000002/backupProtectionContainers?api-version=2016-12-01&$filter=backupManagementType%20eq%20%27AzureIaasVM%27%20and%20status%20eq%20%27Registered%27
  response:
    body:
      string: '{"value":[]}'
    headers:
      cache-control:
      - no-cache
      content-length:
      - '12'
      content-type:
      - application/json
      date:
      - Wed, 03 Jul 2019 09:15:20 GMT
      expires:
      - '-1'
      pragma:
      - no-cache
      server:
      - Microsoft-IIS/10.0
      strict-transport-security:
      - max-age=31536000; includeSubDomains
      transfer-encoding:
      - chunked
      vary:
      - Accept-Encoding
      x-content-type-options:
      - nosniff
      x-powered-by:
      - ASP.NET
    status:
      code: 200
      message: OK
- request:
    body: null
    headers:
      Accept:
      - application/json
      Accept-Encoding:
      - gzip, deflate
      CommandName:
      - backup vault delete
      Connection:
      - keep-alive
      Content-Length:
      - '0'
      ParameterSetName:
      - -n -g --yes
      User-Agent:
      - python/3.5.3 (Windows-10-10.0.18362-SP0) msrest/0.6.6 msrest_azure/0.6.0 azure-mgmt-recoveryservices/0.4.0
        Azure-SDK-For-Python AZURECLI/2.0.68
      accept-language:
      - en-US
    method: DELETE
    uri: https://management.azure.com/subscriptions/00000000-0000-0000-0000-000000000000/resourceGroups/clitest.rg000001/providers/Microsoft.RecoveryServices/vaults/clitest-vault000002?api-version=2016-06-01
  response:
    body:
      string: ''
    headers:
      cache-control:
      - no-cache
      content-length:
      - '0'
      date:
      - Wed, 03 Jul 2019 09:15:23 GMT
      expires:
      - '-1'
      pragma:
      - no-cache
      strict-transport-security:
      - max-age=31536000; includeSubDomains
      x-content-type-options:
      - nosniff
      x-ms-ratelimit-remaining-subscription-deletes:
      - '14999'
    status:
      code: 200
      message: OK
version: 1
