interactions:
- request:
    body: null
    headers:
      Accept:
      - application/json
      Accept-Encoding:
      - gzip, deflate
      CommandName:
      - storage account keys list
      Connection:
      - keep-alive
      Content-Length:
      - '0'
      ParameterSetName:
      - -n -g --query -o
      User-Agent:
      - AZURECLI/2.37.0 azsdk-python-azure-mgmt-storage/20.0.0 Python/3.9.6 (Windows-10-10.0.19044-SP0)
    method: POST
    uri: https://management.azure.com/subscriptions/00000000-0000-0000-0000-000000000000/resourceGroups/clitest.rg000001/providers/Microsoft.Storage/storageAccounts/clitest000002/listKeys?api-version=2021-09-01&$expand=kerb
  response:
    body:
      string: '{"keys":[{"creationTime":"2022-06-08T05:57:03.3534795Z","keyName":"key1","value":"veryFakedStorageAccountKey==","permissions":"FULL"},{"creationTime":"2022-06-08T05:57:03.3534795Z","keyName":"key2","value":"veryFakedStorageAccountKey==","permissions":"FULL"}]}'
    headers:
      cache-control:
      - no-cache
      content-length:
      - '260'
      content-type:
      - application/json
      date:
      - Wed, 08 Jun 2022 05:57:26 GMT
      expires:
      - '-1'
      pragma:
      - no-cache
      server:
      - Microsoft-Azure-Storage-Resource-Provider/1.0,Microsoft-HTTPAPI/2.0 Microsoft-HTTPAPI/2.0
      strict-transport-security:
      - max-age=31536000; includeSubDomains
      transfer-encoding:
      - chunked
      vary:
      - Accept-Encoding
      x-content-type-options:
      - nosniff
      x-ms-ratelimit-remaining-subscription-resource-requests:
      - '11998'
    status:
      code: 200
      message: OK
- request:
    body: null
    headers:
      Accept:
      - application/xml
      Accept-Encoding:
      - gzip, deflate
      CommandName:
      - storage share create
      Connection:
      - keep-alive
      Content-Length:
      - '0'
      ParameterSetName:
      - -n --account-name --account-key
      User-Agent:
      - AZURECLI/2.37.0 azsdk-python-storage-file-share/12.8.0 Python/3.9.6 (Windows-10-10.0.19044-SP0)
      x-ms-date:
      - Wed, 08 Jun 2022 05:57:26 GMT
      x-ms-version:
      - '2021-06-08'
    method: PUT
    uri: https://clitest000002.file.core.windows.net/share000003?restype=share
  response:
    body:
      string: ''
    headers:
      content-length:
      - '0'
      date:
      - Wed, 08 Jun 2022 05:57:27 GMT
      etag:
      - '"0x8DA4913C4D74915"'
      last-modified:
      - Wed, 08 Jun 2022 05:57:28 GMT
      server:
      - Windows-Azure-File/1.0 Microsoft-HTTPAPI/2.0
      x-ms-version:
      - '2021-06-08'
    status:
      code: 201
      message: Created
- request:
    body: null
    headers:
      Accept:
      - application/xml
      Accept-Encoding:
      - gzip, deflate
      CommandName:
      - storage share create
      Connection:
      - keep-alive
      Content-Length:
      - '0'
      ParameterSetName:
      - -n --account-name --account-key
      User-Agent:
      - AZURECLI/2.37.0 azsdk-python-storage-file-share/12.8.0 Python/3.9.6 (Windows-10-10.0.19044-SP0)
      x-ms-date:
      - Wed, 08 Jun 2022 05:57:28 GMT
      x-ms-version:
      - '2021-06-08'
    method: PUT
    uri: https://clitest000002.file.core.windows.net/share000004?restype=share
  response:
    body:
      string: ''
    headers:
      content-length:
      - '0'
      date:
      - Wed, 08 Jun 2022 05:57:28 GMT
      etag:
      - '"0x8DA4913C58CD708"'
      last-modified:
      - Wed, 08 Jun 2022 05:57:29 GMT
      server:
      - Windows-Azure-File/1.0 Microsoft-HTTPAPI/2.0
      x-ms-version:
      - '2021-06-08'
    status:
      code: 201
      message: Created
- request:
    body: null
    headers:
      Accept:
      - application/xml
      Accept-Encoding:
      - gzip, deflate
      CommandName:
      - storage directory create
      Connection:
      - keep-alive
      Content-Length:
      - '0'
      ParameterSetName:
      - --share-name -n --account-name --account-key
      User-Agent:
      - AZURECLI/2.37.0 azsdk-python-storage-file-share/12.8.0 Python/3.9.6 (Windows-10-10.0.19044-SP0)
      x-ms-date:
      - Wed, 08 Jun 2022 05:57:29 GMT
      x-ms-file-attributes:
      - none
      x-ms-file-creation-time:
      - now
      x-ms-file-last-write-time:
      - now
      x-ms-file-permission:
      - inherit
      x-ms-version:
      - '2021-06-08'
    method: PUT
    uri: https://clitest000002.file.core.windows.net/share000003/dir1?restype=directory
  response:
    body:
      string: ''
    headers:
      content-length:
      - '0'
      date:
      - Wed, 08 Jun 2022 05:57:30 GMT
      etag:
      - '"0x8DA4913C63DB4AB"'
      last-modified:
      - Wed, 08 Jun 2022 05:57:30 GMT
      server:
      - Windows-Azure-File/1.0 Microsoft-HTTPAPI/2.0
      x-ms-file-attributes:
      - Directory
      x-ms-file-change-time:
      - '2022-06-08T05:57:30.5485483Z'
      x-ms-file-creation-time:
      - '2022-06-08T05:57:30.5485483Z'
      x-ms-file-id:
      - '13835128424026341376'
      x-ms-file-last-write-time:
      - '2022-06-08T05:57:30.5485483Z'
      x-ms-file-parent-id:
      - '0'
      x-ms-file-permission-key:
      - 14919431076364359981*12094225036085595812
      x-ms-request-server-encrypted:
      - 'true'
      x-ms-version:
      - '2021-06-08'
    status:
      code: 201
      message: Created
- request:
    body: null
    headers:
      Accept:
      - application/xml
      Accept-Encoding:
      - gzip, deflate
      CommandName:
      - storage directory create
      Connection:
      - keep-alive
      Content-Length:
      - '0'
      ParameterSetName:
      - --share-name -n --account-name --account-key
      User-Agent:
      - AZURECLI/2.37.0 azsdk-python-storage-file-share/12.8.0 Python/3.9.6 (Windows-10-10.0.19044-SP0)
      x-ms-date:
      - Wed, 08 Jun 2022 05:57:30 GMT
      x-ms-file-attributes:
      - none
      x-ms-file-creation-time:
      - now
      x-ms-file-last-write-time:
      - now
      x-ms-file-permission:
      - inherit
      x-ms-version:
      - '2021-06-08'
    method: PUT
    uri: https://clitest000002.file.core.windows.net/share000004/dir2?restype=directory
  response:
    body:
      string: ''
    headers:
      content-length:
      - '0'
      date:
      - Wed, 08 Jun 2022 05:57:31 GMT
      etag:
      - '"0x8DA4913C6F4DC14"'
      last-modified:
      - Wed, 08 Jun 2022 05:57:31 GMT
      server:
      - Windows-Azure-File/1.0 Microsoft-HTTPAPI/2.0
      x-ms-file-attributes:
      - Directory
      x-ms-file-change-time:
      - '2022-06-08T05:57:31.7488660Z'
      x-ms-file-creation-time:
      - '2022-06-08T05:57:31.7488660Z'
      x-ms-file-id:
      - '13835128424026341376'
      x-ms-file-last-write-time:
      - '2022-06-08T05:57:31.7488660Z'
      x-ms-file-parent-id:
      - '0'
      x-ms-file-permission-key:
      - 14919431076364359981*12094225036085595812
      x-ms-request-server-encrypted:
      - 'true'
      x-ms-version:
      - '2021-06-08'
    status:
      code: 201
      message: Created
- request:
    body: null
    headers:
      Connection:
      - keep-alive
      Content-Length:
      - '0'
      User-Agent:
      - Azure-Storage/2.0.0-2.0.1 (Python CPython 3.9.6; Windows 10) AZURECLI/2.37.0
      x-ms-content-length:
      - '524288'
      x-ms-date:
      - Wed, 08 Jun 2022 05:57:31 GMT
      x-ms-type:
      - file
      x-ms-version:
      - '2018-11-09'
    method: PUT
    uri: https://clitest000002.file.core.windows.net/share000003/dir1/source_file.txt
  response:
    body:
      string: ''
    headers:
      content-length:
      - '0'
      date:
      - Wed, 08 Jun 2022 05:57:32 GMT
      etag:
      - '"0x8DA4913C7C68C83"'
      last-modified:
      - Wed, 08 Jun 2022 05:57:33 GMT
      server:
      - Windows-Azure-File/1.0 Microsoft-HTTPAPI/2.0
      x-ms-request-server-encrypted:
      - 'true'
      x-ms-version:
      - '2018-11-09'
    status:
      code: 201
      message: Created
- request:
    body: '!!! The request body has been omitted from the recording because its size
      524288 is larger than 128KB. !!!'
    headers:
      Connection:
      - keep-alive
      Content-Length:
      - '106'
      User-Agent:
      - Azure-Storage/2.0.0-2.0.1 (Python CPython 3.9.6; Windows 10) AZURECLI/2.37.0
      x-ms-date:
      - Wed, 08 Jun 2022 05:57:32 GMT
      x-ms-range:
      - bytes=0-524287
      x-ms-version:
      - '2018-11-09'
      x-ms-write:
      - update
    method: PUT
    uri: https://clitest000002.file.core.windows.net/share000003/dir1/source_file.txt?comp=range
  response:
    body:
      string: ''
    headers:
      content-length:
      - '0'
      content-md5:
      - WQcVkAmdId1DmJZZIzi/lQ==
      date:
      - Wed, 08 Jun 2022 05:57:34 GMT
      etag:
      - '"0x8DA4913C8A22686"'
      last-modified:
      - Wed, 08 Jun 2022 05:57:34 GMT
      server:
      - Windows-Azure-File/1.0 Microsoft-HTTPAPI/2.0
      x-ms-request-server-encrypted:
      - 'true'
      x-ms-version:
      - '2018-11-09'
    status:
      code: 201
      message: Created
- request:
    body: null
    headers:
      Connection:
      - keep-alive
      User-Agent:
      - Azure-Storage/2.0.0-2.0.1 (Python CPython 3.9.6; Windows 10) AZURECLI/2.37.0
      x-ms-date:
      - Wed, 08 Jun 2022 05:57:34 GMT
      x-ms-version:
      - '2018-11-09'
    method: HEAD
    uri: https://clitest000002.file.core.windows.net/share000003/dir1/source_file.txt
  response:
    body:
      string: ''
    headers:
      content-length:
      - '524288'
      content-type:
      - application/octet-stream
      date:
      - Wed, 08 Jun 2022 05:57:35 GMT
      etag:
      - '"0x8DA4913C8A22686"'
      last-modified:
      - Wed, 08 Jun 2022 05:57:34 GMT
      server:
      - Windows-Azure-File/1.0 Microsoft-HTTPAPI/2.0
      x-ms-server-encrypted:
      - 'true'
      x-ms-type:
      - File
      x-ms-version:
      - '2018-11-09'
    status:
      code: 200
      message: OK
- request:
    body: null
    headers:
      Connection:
      - keep-alive
      Content-Length:
      - '0'
      User-Agent:
      - Azure-Storage/2.0.0-2.0.1 (Python CPython 3.9.6; Windows 10) AZURECLI/2.37.0
      x-ms-date:
      - Wed, 08 Jun 2022 05:57:35 GMT
      x-ms-version:
      - '2018-11-09'
    method: PUT
    uri: https://clitest000002.file.core.windows.net/share000003?restype=share&comp=snapshot
  response:
    body:
      string: ''
    headers:
      content-length:
      - '0'
      date:
      - Wed, 08 Jun 2022 05:57:36 GMT
      etag:
      - '"0x8DA4913C4D74915"'
      last-modified:
      - Wed, 08 Jun 2022 05:57:28 GMT
      server:
      - Windows-Azure-File/1.0 Microsoft-HTTPAPI/2.0
      x-ms-snapshot:
      - '2022-06-08T05:57:36.0000000Z'
      x-ms-version:
      - '2018-11-09'
    status:
      code: 201
      message: Created
- request:
    body: null
    headers:
      Accept:
      - application/xml
      Accept-Encoding:
      - gzip, deflate
      CommandName:
      - storage file delete
      Connection:
      - keep-alive
      Content-Length:
      - '0'
      ParameterSetName:
      - --share-name -p --account-name --account-key
      User-Agent:
      - AZURECLI/2.37.0 azsdk-python-storage-file-share/12.8.0 Python/3.9.6 (Windows-10-10.0.19044-SP0)
      x-ms-date:
      - Wed, 08 Jun 2022 05:57:36 GMT
      x-ms-version:
      - '2021-06-08'
    method: DELETE
    uri: https://clitest000002.file.core.windows.net/share000003/dir1/source_file.txt
  response:
    body:
      string: ''
    headers:
      content-length:
      - '0'
      date:
      - Wed, 08 Jun 2022 05:57:37 GMT
      server:
      - Windows-Azure-File/1.0 Microsoft-HTTPAPI/2.0
      x-ms-version:
      - '2021-06-08'
    status:
      code: 202
      message: Accepted
- request:
    body: null
    headers:
      Connection:
      - keep-alive
      User-Agent:
      - Azure-Storage/2.0.0-2.0.1 (Python CPython 3.9.6; Windows 10) AZURECLI/2.37.0
      x-ms-date:
      - Wed, 08 Jun 2022 05:57:38 GMT
      x-ms-version:
      - '2018-11-09'
    method: HEAD
    uri: https://clitest000002.file.core.windows.net/share000003/dir1/source_file.txt
  response:
    body:
      string: ''
    headers:
      date:
      - Wed, 08 Jun 2022 05:57:38 GMT
      server:
      - Windows-Azure-File/1.0 Microsoft-HTTPAPI/2.0
      transfer-encoding:
      - chunked
      x-ms-error-code:
      - ResourceNotFound
      x-ms-version:
      - '2018-11-09'
    status:
      code: 404
      message: The specified resource does not exist.
- request:
    body: null
    headers:
      Connection:
      - keep-alive
      Content-Length:
      - '0'
      User-Agent:
      - Azure-Storage/2.0.0-2.0.1 (Python CPython 3.9.6; Windows 10) AZURECLI/2.37.0
      x-ms-copy-source:
      - https://clitestpg2itgvvlg72sx6x7.file.core.windows.net/share7pbhwgxc4zucjyupkzg/dir1%5Csource_file.txt?sharesnapshot=2022-06-08T05:57:36.0000000Z
      x-ms-date:
      - Wed, 08 Jun 2022 05:57:39 GMT
      x-ms-version:
      - '2018-11-09'
    method: PUT
    uri: https://clitest000002.file.core.windows.net/share000004/dir2/destination_file.txt
  response:
    body:
      string: ''
    headers:
      content-length:
      - '0'
      date:
      - Wed, 08 Jun 2022 05:57:40 GMT
      etag:
      - '"0x8DA4913CCB8EB28"'
      last-modified:
      - Wed, 08 Jun 2022 05:57:41 GMT
      server:
      - Windows-Azure-File/1.0 Microsoft-HTTPAPI/2.0
      x-ms-copy-id:
      - 85f9cd7e-e66d-43bd-9b7e-342a25b38549
      x-ms-copy-status:
      - success
      x-ms-version:
      - '2018-11-09'
    status:
      code: 202
      message: Accepted
- request:
    body: null
    headers:
      Accept:
      - application/xml
      Accept-Encoding:
      - gzip, deflate
      CommandName:
      - storage file show
      Connection:
      - keep-alive
      ParameterSetName:
      - --share-name -p --account-name --account-key
      User-Agent:
      - AZURECLI/2.37.0 azsdk-python-storage-file-share/12.8.0 Python/3.9.6 (Windows-10-10.0.19044-SP0)
      x-ms-date:
      - Wed, 08 Jun 2022 05:57:41 GMT
      x-ms-version:
      - '2021-06-08'
    method: HEAD
    uri: https://clitest000002.file.core.windows.net/share000004/dir2/destination_file.txt
  response:
    body:
      string: ''
    headers:
      content-length:
      - '524288'
      content-type:
      - application/octet-stream
      date:
      - Wed, 08 Jun 2022 05:57:42 GMT
      etag:
      - '"0x8DA4913CCB8EB28"'
      last-modified:
      - Wed, 08 Jun 2022 05:57:41 GMT
      server:
      - Windows-Azure-File/1.0 Microsoft-HTTPAPI/2.0
      x-ms-copy-completion-time:
      - Wed, 08 Jun 2022 05:57:41 GMT
      x-ms-copy-id:
      - 85f9cd7e-e66d-43bd-9b7e-342a25b38549
      x-ms-copy-progress:
      - 524288/524288
      x-ms-copy-source:
      - https://clitestpg2itgvvlg72sx6x7.file.core.windows.net/share7pbhwgxc4zucjyupkzg/dir1%5Csource_file.txt?sharesnapshot=2022-06-08T05:57:36.0000000Z
      x-ms-copy-status:
      - success
      x-ms-file-attributes:
      - Archive
      x-ms-file-change-time:
      - '2022-06-08T05:57:34.5622662Z'
      x-ms-file-creation-time:
      - '2022-06-08T05:57:41.4223656Z'
      x-ms-file-id:
      - '13835093239654252544'
      x-ms-file-last-write-time:
      - '2022-06-08T05:57:34.5622662Z'
      x-ms-file-parent-id:
      - '13835128424026341376'
      x-ms-file-permission-key:
      - 1114563762270594602*12094225036085595812
      x-ms-lease-state:
      - available
      x-ms-lease-status:
      - unlocked
      x-ms-server-encrypted:
      - 'true'
      x-ms-type:
      - File
      x-ms-version:
      - '2021-06-08'
    status:
      code: 200
      message: OK
version: 1
