interactions:
- request:
    body: null
    headers:
      Accept:
      - application/json
      Accept-Encoding:
      - gzip, deflate
      CommandName:
      - storage account hns-migration start
      Connection:
      - keep-alive
      Content-Length:
      - '0'
      ParameterSetName:
      - --request-type -n -g
      User-Agent:
      - AZURECLI/2.28.1 azsdk-python-azure-mgmt-storage/19.0.0 Python/3.7.9 (Windows-10-10.0.19041-SP0)
    method: POST
    uri: https://management.azure.com/subscriptions/00000000-0000-0000-0000-000000000000/resourcegroups/cli_test_hns_migrate000001/providers/Microsoft.Storage/storageAccounts/clitest000002/hnsonmigration?api-version=2021-06-01&requestType=HnsOnValidationRequest
  response:
    body:
      string: ''
    headers:
      azure-asyncoperation:
      - https://management.azure.com/subscriptions/00000000-0000-0000-0000-000000000000/providers/Microsoft.Storage/locations/eastus2/asyncoperations/0125b2de-8f7d-41fd-aef1-9a97e0e234d2?monitor=true&api-version=2021-06-01
      cache-control:
      - no-cache
      content-length:
      - '0'
      content-type:
      - text/plain; charset=utf-8
      date:
      - Sat, 18 Sep 2021 06:40:24 GMT
      expires:
      - '-1'
      location:
      - https://management.azure.com/subscriptions/00000000-0000-0000-0000-000000000000/providers/Microsoft.Storage/locations/eastus2/asyncoperations/0125b2de-8f7d-41fd-aef1-9a97e0e234d2?monitor=true&api-version=2021-06-01
      pragma:
      - no-cache
      server:
      - Microsoft-Azure-Storage-Resource-Provider/1.0,Microsoft-HTTPAPI/2.0 Microsoft-HTTPAPI/2.0
      strict-transport-security:
      - max-age=31536000; includeSubDomains
      x-content-type-options:
      - nosniff
      x-ms-ratelimit-remaining-subscription-writes:
      - '1198'
    status:
      code: 202
      message: Accepted
- request:
    body: null
    headers:
      Accept:
      - '*/*'
      Accept-Encoding:
      - gzip, deflate
      CommandName:
      - storage account hns-migration start
      Connection:
      - keep-alive
      ParameterSetName:
      - --request-type -n -g
      User-Agent:
      - AZURECLI/2.28.1 azsdk-python-azure-mgmt-storage/19.0.0 Python/3.7.9 (Windows-10-10.0.19041-SP0)
    method: GET
    uri: https://management.azure.com/subscriptions/00000000-0000-0000-0000-000000000000/providers/Microsoft.Storage/locations/eastus2/asyncoperations/0125b2de-8f7d-41fd-aef1-9a97e0e234d2?monitor=true&api-version=2021-06-01
  response:
    body:
      string: '{"status":"InProgress","properties":"{\"HnsOnMigrationRequestType\":0}","percentComplete":0.0}'
    headers:
      cache-control:
      - no-cache
      content-length:
      - '94'
      content-type:
      - application/json
      date:
      - Sat, 18 Sep 2021 06:40:41 GMT
      expires:
      - '-1'
      location:
      - https://management.azure.com/subscriptions/00000000-0000-0000-0000-000000000000/providers/Microsoft.Storage/locations/eastus2/asyncoperations/0125b2de-8f7d-41fd-aef1-9a97e0e234d2?monitor=true&api-version=2021-06-01
      pragma:
      - no-cache
      server:
      - Microsoft-Azure-Storage-Resource-Provider/1.0,Microsoft-HTTPAPI/2.0 Microsoft-HTTPAPI/2.0
      strict-transport-security:
      - max-age=31536000; includeSubDomains
      x-content-type-options:
      - nosniff
    status:
      code: 202
      message: Accepted
- request:
    body: null
    headers:
      Accept:
      - '*/*'
      Accept-Encoding:
      - gzip, deflate
      CommandName:
      - storage account hns-migration start
      Connection:
      - keep-alive
      ParameterSetName:
      - --request-type -n -g
      User-Agent:
      - AZURECLI/2.28.1 azsdk-python-azure-mgmt-storage/19.0.0 Python/3.7.9 (Windows-10-10.0.19041-SP0)
    method: GET
    uri: https://management.azure.com/subscriptions/00000000-0000-0000-0000-000000000000/providers/Microsoft.Storage/locations/eastus2/asyncoperations/0125b2de-8f7d-41fd-aef1-9a97e0e234d2?monitor=true&api-version=2021-06-01
  response:
    body:
      string: '{"status":"Succeeded","properties":"{\"HnsOnMigrationRequestType\":0}"}'
    headers:
      cache-control:
      - no-cache
      content-length:
      - '71'
      content-type:
      - application/json
      date:
      - Sat, 18 Sep 2021 06:41:00 GMT
      expires:
      - '-1'
      pragma:
      - no-cache
      server:
      - Microsoft-Azure-Storage-Resource-Provider/1.0,Microsoft-HTTPAPI/2.0 Microsoft-HTTPAPI/2.0
      strict-transport-security:
      - max-age=31536000; includeSubDomains
      transfer-encoding:
      - chunked
      vary:
      - Accept-Encoding
      x-content-type-options:
      - nosniff
    status:
      code: 200
      message: OK
- request:
    body: null
    headers:
      Accept:
      - '*/*'
      Accept-Encoding:
      - gzip, deflate
      CommandName:
      - storage account hns-migration start
      Connection:
      - keep-alive
      ParameterSetName:
      - --request-type -n -g
      User-Agent:
      - AZURECLI/2.28.1 azsdk-python-azure-mgmt-storage/19.0.0 Python/3.7.9 (Windows-10-10.0.19041-SP0)
    method: GET
    uri: https://management.azure.com/subscriptions/00000000-0000-0000-0000-000000000000/providers/Microsoft.Storage/locations/eastus2/asyncoperations/0125b2de-8f7d-41fd-aef1-9a97e0e234d2?monitor=true&api-version=2021-06-01
  response:
    body:
      string: '{"status":"Succeeded","properties":"{\"HnsOnMigrationRequestType\":0}"}'
    headers:
      cache-control:
      - no-cache
      content-length:
      - '71'
      content-type:
      - application/json
      date:
      - Sat, 18 Sep 2021 06:41:00 GMT
      expires:
      - '-1'
      pragma:
      - no-cache
      server:
      - Microsoft-Azure-Storage-Resource-Provider/1.0,Microsoft-HTTPAPI/2.0 Microsoft-HTTPAPI/2.0
      strict-transport-security:
      - max-age=31536000; includeSubDomains
      transfer-encoding:
      - chunked
      vary:
      - Accept-Encoding
      x-content-type-options:
      - nosniff
    status:
      code: 200
      message: OK
- request:
    body: null
    headers:
      Accept:
      - application/json
      Accept-Encoding:
      - gzip, deflate
      CommandName:
      - storage account hns-migration start
      Connection:
      - keep-alive
      Content-Length:
      - '0'
      ParameterSetName:
      - --request-type -n -g
      User-Agent:
      - AZURECLI/2.28.1 azsdk-python-azure-mgmt-storage/19.0.0 Python/3.7.9 (Windows-10-10.0.19041-SP0)
    method: POST
    uri: https://management.azure.com/subscriptions/00000000-0000-0000-0000-000000000000/resourcegroups/cli_test_hns_migrate000001/providers/Microsoft.Storage/storageAccounts/clitest000002/hnsonmigration?api-version=2021-06-01&requestType=HnsOnHydrationRequest
  response:
    body:
      string: ''
    headers:
      azure-asyncoperation:
      - https://management.azure.com/subscriptions/00000000-0000-0000-0000-000000000000/providers/Microsoft.Storage/locations/eastus2/asyncoperations/5d593ea3-f1fc-4186-9910-2fd927a42eaf?monitor=true&api-version=2021-06-01
      cache-control:
      - no-cache
      content-length:
      - '0'
      content-type:
      - text/plain; charset=utf-8
      date:
      - Sat, 18 Sep 2021 06:41:02 GMT
      expires:
      - '-1'
      location:
      - https://management.azure.com/subscriptions/00000000-0000-0000-0000-000000000000/providers/Microsoft.Storage/locations/eastus2/asyncoperations/5d593ea3-f1fc-4186-9910-2fd927a42eaf?monitor=true&api-version=2021-06-01
      pragma:
      - no-cache
      server:
      - Microsoft-Azure-Storage-Resource-Provider/1.0,Microsoft-HTTPAPI/2.0 Microsoft-HTTPAPI/2.0
      strict-transport-security:
      - max-age=31536000; includeSubDomains
      x-content-type-options:
      - nosniff
      x-ms-ratelimit-remaining-subscription-writes:
      - '1198'
    status:
      code: 202
      message: Accepted
- request:
    body: null
    headers:
      Accept:
      - '*/*'
      Accept-Encoding:
      - gzip, deflate
      CommandName:
      - storage account hns-migration start
      Connection:
      - keep-alive
      ParameterSetName:
      - --request-type -n -g
      User-Agent:
      - AZURECLI/2.28.1 azsdk-python-azure-mgmt-storage/19.0.0 Python/3.7.9 (Windows-10-10.0.19041-SP0)
    method: GET
    uri: https://management.azure.com/subscriptions/00000000-0000-0000-0000-000000000000/providers/Microsoft.Storage/locations/eastus2/asyncoperations/5d593ea3-f1fc-4186-9910-2fd927a42eaf?monitor=true&api-version=2021-06-01
  response:
    body:
      string: '{"status":"InProgress","properties":"{\"HnsOnMigrationRequestType\":1}"}'
    headers:
      cache-control:
      - no-cache
      content-length:
      - '72'
      content-type:
      - application/json
      date:
      - Sat, 18 Sep 2021 06:41:19 GMT
      expires:
      - '-1'
      location:
      - https://management.azure.com/subscriptions/00000000-0000-0000-0000-000000000000/providers/Microsoft.Storage/locations/eastus2/asyncoperations/5d593ea3-f1fc-4186-9910-2fd927a42eaf?monitor=true&api-version=2021-06-01
      pragma:
      - no-cache
      server:
      - Microsoft-Azure-Storage-Resource-Provider/1.0,Microsoft-HTTPAPI/2.0 Microsoft-HTTPAPI/2.0
      strict-transport-security:
      - max-age=31536000; includeSubDomains
      x-content-type-options:
      - nosniff
    status:
      code: 202
      message: Accepted
- request:
    body: null
    headers:
      Accept:
      - '*/*'
      Accept-Encoding:
      - gzip, deflate
      CommandName:
      - storage account hns-migration start
      Connection:
      - keep-alive
      ParameterSetName:
      - --request-type -n -g
      User-Agent:
      - AZURECLI/2.28.1 azsdk-python-azure-mgmt-storage/19.0.0 Python/3.7.9 (Windows-10-10.0.19041-SP0)
    method: GET
    uri: https://management.azure.com/subscriptions/00000000-0000-0000-0000-000000000000/providers/Microsoft.Storage/locations/eastus2/asyncoperations/5d593ea3-f1fc-4186-9910-2fd927a42eaf?monitor=true&api-version=2021-06-01
  response:
    body:
      string: '{"status":"InProgress","properties":"{\"HnsOnMigrationRequestType\":1}"}'
    headers:
      cache-control:
      - no-cache
      content-length:
      - '72'
      content-type:
      - application/json
      date:
      - Sat, 18 Sep 2021 06:41:36 GMT
      expires:
      - '-1'
      location:
      - https://management.azure.com/subscriptions/00000000-0000-0000-0000-000000000000/providers/Microsoft.Storage/locations/eastus2/asyncoperations/5d593ea3-f1fc-4186-9910-2fd927a42eaf?monitor=true&api-version=2021-06-01
      pragma:
      - no-cache
      server:
      - Microsoft-Azure-Storage-Resource-Provider/1.0,Microsoft-HTTPAPI/2.0 Microsoft-HTTPAPI/2.0
      strict-transport-security:
      - max-age=31536000; includeSubDomains
      x-content-type-options:
      - nosniff
    status:
      code: 202
      message: Accepted
- request:
    body: null
    headers:
      Accept:
      - '*/*'
      Accept-Encoding:
      - gzip, deflate
      CommandName:
      - storage account hns-migration start
      Connection:
      - keep-alive
      ParameterSetName:
      - --request-type -n -g
      User-Agent:
      - AZURECLI/2.28.1 azsdk-python-azure-mgmt-storage/19.0.0 Python/3.7.9 (Windows-10-10.0.19041-SP0)
    method: GET
    uri: https://management.azure.com/subscriptions/00000000-0000-0000-0000-000000000000/providers/Microsoft.Storage/locations/eastus2/asyncoperations/5d593ea3-f1fc-4186-9910-2fd927a42eaf?monitor=true&api-version=2021-06-01
  response:
    body:
      string: '{"status":"InProgress","properties":"{\"HnsOnMigrationRequestType\":1}"}'
    headers:
      cache-control:
      - no-cache
      content-length:
      - '72'
      content-type:
      - application/json
      date:
      - Sat, 18 Sep 2021 06:41:54 GMT
      expires:
      - '-1'
      location:
      - https://management.azure.com/subscriptions/00000000-0000-0000-0000-000000000000/providers/Microsoft.Storage/locations/eastus2/asyncoperations/5d593ea3-f1fc-4186-9910-2fd927a42eaf?monitor=true&api-version=2021-06-01
      pragma:
      - no-cache
      server:
      - Microsoft-Azure-Storage-Resource-Provider/1.0,Microsoft-HTTPAPI/2.0 Microsoft-HTTPAPI/2.0
      strict-transport-security:
      - max-age=31536000; includeSubDomains
      x-content-type-options:
      - nosniff
    status:
      code: 202
      message: Accepted
- request:
    body: null
    headers:
      Accept:
      - '*/*'
      Accept-Encoding:
      - gzip, deflate
      CommandName:
      - storage account hns-migration start
      Connection:
      - keep-alive
      ParameterSetName:
      - --request-type -n -g
      User-Agent:
      - AZURECLI/2.28.1 azsdk-python-azure-mgmt-storage/19.0.0 Python/3.7.9 (Windows-10-10.0.19041-SP0)
    method: GET
    uri: https://management.azure.com/subscriptions/00000000-0000-0000-0000-000000000000/providers/Microsoft.Storage/locations/eastus2/asyncoperations/5d593ea3-f1fc-4186-9910-2fd927a42eaf?monitor=true&api-version=2021-06-01
  response:
    body:
      string: '{"status":"InProgress","properties":"{\"HnsOnMigrationRequestType\":1}"}'
    headers:
      cache-control:
      - no-cache
      content-length:
      - '72'
      content-type:
      - application/json
      date:
      - Sat, 18 Sep 2021 06:42:11 GMT
      expires:
      - '-1'
      location:
      - https://management.azure.com/subscriptions/00000000-0000-0000-0000-000000000000/providers/Microsoft.Storage/locations/eastus2/asyncoperations/5d593ea3-f1fc-4186-9910-2fd927a42eaf?monitor=true&api-version=2021-06-01
      pragma:
      - no-cache
      server:
      - Microsoft-Azure-Storage-Resource-Provider/1.0,Microsoft-HTTPAPI/2.0 Microsoft-HTTPAPI/2.0
      strict-transport-security:
      - max-age=31536000; includeSubDomains
      x-content-type-options:
      - nosniff
    status:
      code: 202
      message: Accepted
- request:
    body: null
    headers:
      Accept:
      - '*/*'
      Accept-Encoding:
      - gzip, deflate
      CommandName:
      - storage account hns-migration start
      Connection:
      - keep-alive
      ParameterSetName:
      - --request-type -n -g
      User-Agent:
      - AZURECLI/2.28.1 azsdk-python-azure-mgmt-storage/19.0.0 Python/3.7.9 (Windows-10-10.0.19041-SP0)
    method: GET
    uri: https://management.azure.com/subscriptions/00000000-0000-0000-0000-000000000000/providers/Microsoft.Storage/locations/eastus2/asyncoperations/5d593ea3-f1fc-4186-9910-2fd927a42eaf?monitor=true&api-version=2021-06-01
  response:
    body:
      string: '{"status":"InProgress","properties":"{\"HnsOnMigrationRequestType\":1}","percentComplete":0.0}'
    headers:
      cache-control:
      - no-cache
      content-length:
      - '94'
      content-type:
      - application/json
      date:
      - Sat, 18 Sep 2021 06:42:28 GMT
      expires:
      - '-1'
      location:
      - https://management.azure.com/subscriptions/00000000-0000-0000-0000-000000000000/providers/Microsoft.Storage/locations/eastus2/asyncoperations/5d593ea3-f1fc-4186-9910-2fd927a42eaf?monitor=true&api-version=2021-06-01
      pragma:
      - no-cache
      server:
      - Microsoft-Azure-Storage-Resource-Provider/1.0,Microsoft-HTTPAPI/2.0 Microsoft-HTTPAPI/2.0
      strict-transport-security:
      - max-age=31536000; includeSubDomains
      x-content-type-options:
      - nosniff
    status:
      code: 202
      message: Accepted
- request:
    body: null
    headers:
      Accept:
      - '*/*'
      Accept-Encoding:
      - gzip, deflate
      CommandName:
      - storage account hns-migration start
      Connection:
      - keep-alive
      ParameterSetName:
      - --request-type -n -g
      User-Agent:
      - AZURECLI/2.28.1 azsdk-python-azure-mgmt-storage/19.0.0 Python/3.7.9 (Windows-10-10.0.19041-SP0)
    method: GET
    uri: https://management.azure.com/subscriptions/00000000-0000-0000-0000-000000000000/providers/Microsoft.Storage/locations/eastus2/asyncoperations/5d593ea3-f1fc-4186-9910-2fd927a42eaf?monitor=true&api-version=2021-06-01
  response:
    body:
      string: '{"status":"Succeeded","properties":"{\"HnsOnMigrationRequestType\":1}"}'
    headers:
      cache-control:
      - no-cache
      content-length:
      - '71'
      content-type:
      - application/json
      date:
      - Sat, 18 Sep 2021 06:42:46 GMT
      expires:
      - '-1'
      pragma:
      - no-cache
      server:
      - Microsoft-Azure-Storage-Resource-Provider/1.0,Microsoft-HTTPAPI/2.0 Microsoft-HTTPAPI/2.0
      strict-transport-security:
      - max-age=31536000; includeSubDomains
      transfer-encoding:
      - chunked
      vary:
      - Accept-Encoding
      x-content-type-options:
      - nosniff
    status:
      code: 200
      message: OK
- request:
    body: null
    headers:
      Accept:
      - '*/*'
      Accept-Encoding:
      - gzip, deflate
      CommandName:
      - storage account hns-migration start
      Connection:
      - keep-alive
      ParameterSetName:
      - --request-type -n -g
      User-Agent:
      - AZURECLI/2.28.1 azsdk-python-azure-mgmt-storage/19.0.0 Python/3.7.9 (Windows-10-10.0.19041-SP0)
    method: GET
    uri: https://management.azure.com/subscriptions/00000000-0000-0000-0000-000000000000/providers/Microsoft.Storage/locations/eastus2/asyncoperations/5d593ea3-f1fc-4186-9910-2fd927a42eaf?monitor=true&api-version=2021-06-01
  response:
    body:
      string: '{"status":"Succeeded","properties":"{\"HnsOnMigrationRequestType\":1}"}'
    headers:
      cache-control:
      - no-cache
      content-length:
      - '71'
      content-type:
      - application/json
      date:
      - Sat, 18 Sep 2021 06:42:46 GMT
      expires:
      - '-1'
      pragma:
      - no-cache
      server:
      - Microsoft-Azure-Storage-Resource-Provider/1.0,Microsoft-HTTPAPI/2.0 Microsoft-HTTPAPI/2.0
      strict-transport-security:
      - max-age=31536000; includeSubDomains
      transfer-encoding:
      - chunked
      vary:
      - Accept-Encoding
      x-content-type-options:
      - nosniff
    status:
      code: 200
      message: OK
- request:
    body: null
    headers:
      Accept:
      - application/json
      Accept-Encoding:
      - gzip, deflate
      CommandName:
      - storage account hns-migration start
      Connection:
      - keep-alive
      Content-Length:
      - '0'
      ParameterSetName:
      - --request-type -n -g
      User-Agent:
      - AZURECLI/2.28.1 azsdk-python-azure-mgmt-storage/19.0.0 Python/3.7.9 (Windows-10-10.0.19041-SP0)
    method: POST
    uri: https://management.azure.com/subscriptions/00000000-0000-0000-0000-000000000000/resourcegroups/cli_test_hns_migrate000001/providers/Microsoft.Storage/storageAccounts/clitest000003/hnsonmigration?api-version=2021-06-01&requestType=HnsOnValidationRequest
  response:
    body:
      string: ''
    headers:
      azure-asyncoperation:
      - https://management.azure.com/subscriptions/00000000-0000-0000-0000-000000000000/providers/Microsoft.Storage/locations/eastus2/asyncoperations/7d264078-b8c5-4b22-88fa-ee1f9c874bbc?monitor=true&api-version=2021-06-01
      cache-control:
      - no-cache
      content-length:
      - '0'
      content-type:
      - text/plain; charset=utf-8
      date:
      - Sat, 18 Sep 2021 06:42:48 GMT
      expires:
      - '-1'
      location:
      - https://management.azure.com/subscriptions/00000000-0000-0000-0000-000000000000/providers/Microsoft.Storage/locations/eastus2/asyncoperations/7d264078-b8c5-4b22-88fa-ee1f9c874bbc?monitor=true&api-version=2021-06-01
      pragma:
      - no-cache
      server:
      - Microsoft-Azure-Storage-Resource-Provider/1.0,Microsoft-HTTPAPI/2.0 Microsoft-HTTPAPI/2.0
      strict-transport-security:
      - max-age=31536000; includeSubDomains
      x-content-type-options:
      - nosniff
      x-ms-ratelimit-remaining-subscription-writes:
      - '1197'
    status:
      code: 202
      message: Accepted
- request:
    body: null
    headers:
      Accept:
      - '*/*'
      Accept-Encoding:
      - gzip, deflate
      CommandName:
      - storage account hns-migration start
      Connection:
      - keep-alive
      ParameterSetName:
      - --request-type -n -g
      User-Agent:
      - AZURECLI/2.28.1 azsdk-python-azure-mgmt-storage/19.0.0 Python/3.7.9 (Windows-10-10.0.19041-SP0)
    method: GET
    uri: https://management.azure.com/subscriptions/00000000-0000-0000-0000-000000000000/providers/Microsoft.Storage/locations/eastus2/asyncoperations/7d264078-b8c5-4b22-88fa-ee1f9c874bbc?monitor=true&api-version=2021-06-01
  response:
    body:
      string: '{"status":"InProgress","properties":"{\"HnsOnMigrationRequestType\":0}","percentComplete":0.0}'
    headers:
      cache-control:
      - no-cache
      content-length:
      - '94'
      content-type:
      - application/json
      date:
      - Sat, 18 Sep 2021 06:43:05 GMT
      expires:
      - '-1'
      location:
      - https://management.azure.com/subscriptions/00000000-0000-0000-0000-000000000000/providers/Microsoft.Storage/locations/eastus2/asyncoperations/7d264078-b8c5-4b22-88fa-ee1f9c874bbc?monitor=true&api-version=2021-06-01
      pragma:
      - no-cache
      server:
      - Microsoft-Azure-Storage-Resource-Provider/1.0,Microsoft-HTTPAPI/2.0 Microsoft-HTTPAPI/2.0
      strict-transport-security:
      - max-age=31536000; includeSubDomains
      x-content-type-options:
      - nosniff
    status:
      code: 202
      message: Accepted
- request:
    body: null
    headers:
      Accept:
      - '*/*'
      Accept-Encoding:
      - gzip, deflate
      CommandName:
      - storage account hns-migration start
      Connection:
      - keep-alive
      ParameterSetName:
      - --request-type -n -g
      User-Agent:
      - AZURECLI/2.28.1 azsdk-python-azure-mgmt-storage/19.0.0 Python/3.7.9 (Windows-10-10.0.19041-SP0)
    method: GET
    uri: https://management.azure.com/subscriptions/00000000-0000-0000-0000-000000000000/providers/Microsoft.Storage/locations/eastus2/asyncoperations/7d264078-b8c5-4b22-88fa-ee1f9c874bbc?monitor=true&api-version=2021-06-01
  response:
    body:
      string: '{"status":"Succeeded","properties":"{\"HnsOnMigrationRequestType\":0}"}'
    headers:
      cache-control:
      - no-cache
      content-length:
      - '71'
      content-type:
      - application/json
      date:
      - Sat, 18 Sep 2021 06:43:23 GMT
      expires:
      - '-1'
      pragma:
      - no-cache
      server:
      - Microsoft-Azure-Storage-Resource-Provider/1.0,Microsoft-HTTPAPI/2.0 Microsoft-HTTPAPI/2.0
      strict-transport-security:
      - max-age=31536000; includeSubDomains
      transfer-encoding:
      - chunked
      vary:
      - Accept-Encoding
      x-content-type-options:
      - nosniff
    status:
      code: 200
      message: OK
- request:
    body: null
    headers:
      Accept:
      - '*/*'
      Accept-Encoding:
      - gzip, deflate
      CommandName:
      - storage account hns-migration start
      Connection:
      - keep-alive
      ParameterSetName:
      - --request-type -n -g
      User-Agent:
      - AZURECLI/2.28.1 azsdk-python-azure-mgmt-storage/19.0.0 Python/3.7.9 (Windows-10-10.0.19041-SP0)
    method: GET
    uri: https://management.azure.com/subscriptions/00000000-0000-0000-0000-000000000000/providers/Microsoft.Storage/locations/eastus2/asyncoperations/7d264078-b8c5-4b22-88fa-ee1f9c874bbc?monitor=true&api-version=2021-06-01
  response:
    body:
      string: '{"status":"Succeeded","properties":"{\"HnsOnMigrationRequestType\":0}"}'
    headers:
      cache-control:
      - no-cache
      content-length:
      - '71'
      content-type:
      - application/json
      date:
      - Sat, 18 Sep 2021 06:43:23 GMT
      expires:
      - '-1'
      pragma:
      - no-cache
      server:
      - Microsoft-Azure-Storage-Resource-Provider/1.0,Microsoft-HTTPAPI/2.0 Microsoft-HTTPAPI/2.0
      strict-transport-security:
      - max-age=31536000; includeSubDomains
      transfer-encoding:
      - chunked
      vary:
      - Accept-Encoding
      x-content-type-options:
      - nosniff
    status:
      code: 200
      message: OK
- request:
    body: null
    headers:
      Accept:
      - application/json
      Accept-Encoding:
      - gzip, deflate
      CommandName:
      - storage account hns-migration start
      Connection:
      - keep-alive
      Content-Length:
      - '0'
      ParameterSetName:
      - --request-type -n -g --no-wait
      User-Agent:
      - AZURECLI/2.28.1 azsdk-python-azure-mgmt-storage/19.0.0 Python/3.7.9 (Windows-10-10.0.19041-SP0)
    method: POST
    uri: https://management.azure.com/subscriptions/00000000-0000-0000-0000-000000000000/resourcegroups/cli_test_hns_migrate000001/providers/Microsoft.Storage/storageAccounts/clitest000003/hnsonmigration?api-version=2021-06-01&requestType=HnsOnHydrationRequest
  response:
    body:
      string: ''
    headers:
      azure-asyncoperation:
      - https://management.azure.com/subscriptions/00000000-0000-0000-0000-000000000000/providers/Microsoft.Storage/locations/eastus2/asyncoperations/f538875e-f99d-4eda-8818-ecd54a796970?monitor=true&api-version=2021-06-01
      cache-control:
      - no-cache
      content-length:
      - '0'
      content-type:
      - text/plain; charset=utf-8
      date:
      - Sat, 18 Sep 2021 06:43:24 GMT
      expires:
      - '-1'
      location:
      - https://management.azure.com/subscriptions/00000000-0000-0000-0000-000000000000/providers/Microsoft.Storage/locations/eastus2/asyncoperations/f538875e-f99d-4eda-8818-ecd54a796970?monitor=true&api-version=2021-06-01
      pragma:
      - no-cache
      server:
      - Microsoft-Azure-Storage-Resource-Provider/1.0,Microsoft-HTTPAPI/2.0 Microsoft-HTTPAPI/2.0
      strict-transport-security:
      - max-age=31536000; includeSubDomains
      x-content-type-options:
      - nosniff
      x-ms-ratelimit-remaining-subscription-writes:
      - '1196'
    status:
      code: 202
      message: Accepted
- request:
    body: null
    headers:
      Accept:
      - application/json
      Accept-Encoding:
      - gzip, deflate
      CommandName:
      - storage account hns-migration stop
      Connection:
      - keep-alive
      Content-Length:
      - '0'
      ParameterSetName:
      - -n -g
      User-Agent:
      - AZURECLI/2.28.1 azsdk-python-azure-mgmt-storage/19.0.0 Python/3.7.9 (Windows-10-10.0.19041-SP0)
    method: POST
    uri: https://management.azure.com/subscriptions/00000000-0000-0000-0000-000000000000/resourcegroups/cli_test_hns_migrate000001/providers/Microsoft.Storage/storageAccounts/clitest000003/aborthnsonmigration?api-version=2021-06-01
  response:
    body:
      string: '{"error":{"code":"HnsMigrationNotFound","message":"Hns migration for
        the account: clitest000003 is not found."}}'
    headers:
      cache-control:
      - no-cache
      content-length:
      - '123'
      content-type:
      - application/json
      date:
      - Sat, 18 Sep 2021 06:43:26 GMT
      expires:
      - '-1'
      pragma:
      - no-cache
      server:
      - Microsoft-Azure-Storage-Resource-Provider/1.0,Microsoft-HTTPAPI/2.0 Microsoft-HTTPAPI/2.0
      strict-transport-security:
      - max-age=31536000; includeSubDomains
      x-content-type-options:
      - nosniff
      x-ms-ratelimit-remaining-subscription-writes:
      - '1199'
    status:
      code: 400
      message: Bad Request
- request:
    body: null
    headers:
      Accept:
      - application/json
      Accept-Encoding:
      - gzip, deflate
      CommandName:
      - storage account hns-migration stop
      Connection:
      - keep-alive
      Content-Length:
      - '0'
      ParameterSetName:
      - -n -g
      User-Agent:
      - AZURECLI/2.28.1 azsdk-python-azure-mgmt-storage/19.0.0 Python/3.7.9 (Windows-10-10.0.19041-SP0)
    method: POST
    uri: https://management.azure.com/subscriptions/00000000-0000-0000-0000-000000000000/resourcegroups/cli_test_hns_migrate000001/providers/Microsoft.Storage/storageAccounts/clitest000003/aborthnsonmigration?api-version=2021-06-01
  response:
    body:
      string: '{"error":{"code":"HnsMigrationNotFound","message":"Hns migration for
        the account: clitest000003 is not found."}}'
    headers:
      cache-control:
      - no-cache
      content-length:
      - '123'
      content-type:
      - application/json
      date:
      - Sat, 18 Sep 2021 06:43:27 GMT
      expires:
      - '-1'
      pragma:
      - no-cache
      server:
      - Microsoft-Azure-Storage-Resource-Provider/1.0,Microsoft-HTTPAPI/2.0 Microsoft-HTTPAPI/2.0
      strict-transport-security:
      - max-age=31536000; includeSubDomains
      x-content-type-options:
      - nosniff
      x-ms-ratelimit-remaining-subscription-writes:
      - '1198'
    status:
      code: 400
      message: Bad Request
- request:
    body: null
    headers:
      Accept:
      - application/json
      Accept-Encoding:
      - gzip, deflate
      CommandName:
      - storage account hns-migration stop
      Connection:
      - keep-alive
      Content-Length:
      - '0'
      ParameterSetName:
      - -n -g
      User-Agent:
      - AZURECLI/2.28.1 azsdk-python-azure-mgmt-storage/19.0.0 Python/3.7.9 (Windows-10-10.0.19041-SP0)
    method: POST
    uri: https://management.azure.com/subscriptions/00000000-0000-0000-0000-000000000000/resourcegroups/cli_test_hns_migrate000001/providers/Microsoft.Storage/storageAccounts/clitest000003/aborthnsonmigration?api-version=2021-06-01
  response:
    body:
      string: '{"error":{"code":"HnsMigrationNotFound","message":"Hns migration for
        the account: clitest000003 is not found."}}'
    headers:
      cache-control:
      - no-cache
      content-length:
      - '123'
      content-type:
      - application/json
      date:
      - Sat, 18 Sep 2021 06:43:28 GMT
      expires:
      - '-1'
      pragma:
      - no-cache
      server:
      - Microsoft-Azure-Storage-Resource-Provider/1.0,Microsoft-HTTPAPI/2.0 Microsoft-HTTPAPI/2.0
      strict-transport-security:
      - max-age=31536000; includeSubDomains
      x-content-type-options:
      - nosniff
      x-ms-ratelimit-remaining-subscription-writes:
      - '1199'
    status:
      code: 400
      message: Bad Request
- request:
    body: null
    headers:
      Accept:
      - application/json
      Accept-Encoding:
      - gzip, deflate
      CommandName:
      - storage account hns-migration stop
      Connection:
      - keep-alive
      Content-Length:
      - '0'
      ParameterSetName:
      - -n -g
      User-Agent:
      - AZURECLI/2.28.1 azsdk-python-azure-mgmt-storage/19.0.0 Python/3.7.9 (Windows-10-10.0.19041-SP0)
    method: POST
    uri: https://management.azure.com/subscriptions/00000000-0000-0000-0000-000000000000/resourcegroups/cli_test_hns_migrate000001/providers/Microsoft.Storage/storageAccounts/clitest000003/aborthnsonmigration?api-version=2021-06-01
  response:
    body:
      string: '{"error":{"code":"HnsMigrationNotFound","message":"Hns migration for
        the account: clitest000003 is not found."}}'
    headers:
      cache-control:
      - no-cache
      content-length:
      - '123'
      content-type:
      - application/json
      date:
      - Sat, 18 Sep 2021 06:43:28 GMT
      expires:
      - '-1'
      pragma:
      - no-cache
      server:
      - Microsoft-Azure-Storage-Resource-Provider/1.0,Microsoft-HTTPAPI/2.0 Microsoft-HTTPAPI/2.0
      strict-transport-security:
      - max-age=31536000; includeSubDomains
      x-content-type-options:
      - nosniff
      x-ms-ratelimit-remaining-subscription-writes:
      - '1199'
    status:
      code: 400
      message: Bad Request
- request:
    body: null
    headers:
      Accept:
      - application/json
      Accept-Encoding:
      - gzip, deflate
      CommandName:
      - storage account hns-migration stop
      Connection:
      - keep-alive
      Content-Length:
      - '0'
      ParameterSetName:
      - -n -g
      User-Agent:
      - AZURECLI/2.28.1 azsdk-python-azure-mgmt-storage/19.0.0 Python/3.7.9 (Windows-10-10.0.19041-SP0)
    method: POST
    uri: https://management.azure.com/subscriptions/00000000-0000-0000-0000-000000000000/resourcegroups/cli_test_hns_migrate000001/providers/Microsoft.Storage/storageAccounts/clitest000003/aborthnsonmigration?api-version=2021-06-01
  response:
    body:
      string: '{"error":{"code":"HnsMigrationNotFound","message":"Hns migration for
        the account: clitest000003 is not found."}}'
    headers:
      cache-control:
      - no-cache
      content-length:
      - '123'
      content-type:
      - application/json
      date:
      - Sat, 18 Sep 2021 06:43:29 GMT
      expires:
      - '-1'
      pragma:
      - no-cache
      server:
      - Microsoft-Azure-Storage-Resource-Provider/1.0,Microsoft-HTTPAPI/2.0 Microsoft-HTTPAPI/2.0
      strict-transport-security:
      - max-age=31536000; includeSubDomains
      x-content-type-options:
      - nosniff
      x-ms-ratelimit-remaining-subscription-writes:
      - '1195'
    status:
      code: 400
      message: Bad Request
- request:
    body: null
    headers:
      Accept:
      - application/json
      Accept-Encoding:
      - gzip, deflate
      CommandName:
      - storage account hns-migration stop
      Connection:
      - keep-alive
      Content-Length:
      - '0'
      ParameterSetName:
      - -n -g
      User-Agent:
      - AZURECLI/2.28.1 azsdk-python-azure-mgmt-storage/19.0.0 Python/3.7.9 (Windows-10-10.0.19041-SP0)
    method: POST
    uri: https://management.azure.com/subscriptions/00000000-0000-0000-0000-000000000000/resourcegroups/cli_test_hns_migrate000001/providers/Microsoft.Storage/storageAccounts/clitest000003/aborthnsonmigration?api-version=2021-06-01
  response:
    body:
      string: '{"error":{"code":"HnsMigrationNotFound","message":"Hns migration for
        the account: clitest000003 is not found."}}'
    headers:
      cache-control:
      - no-cache
      content-length:
      - '123'
      content-type:
      - application/json
      date:
      - Sat, 18 Sep 2021 06:43:31 GMT
      expires:
      - '-1'
      pragma:
      - no-cache
      server:
      - Microsoft-Azure-Storage-Resource-Provider/1.0,Microsoft-HTTPAPI/2.0 Microsoft-HTTPAPI/2.0
      strict-transport-security:
      - max-age=31536000; includeSubDomains
      x-content-type-options:
      - nosniff
      x-ms-ratelimit-remaining-subscription-writes:
      - '1198'
    status:
      code: 400
      message: Bad Request
- request:
    body: null
    headers:
      Accept:
      - application/json
      Accept-Encoding:
      - gzip, deflate
      CommandName:
      - storage account hns-migration stop
      Connection:
      - keep-alive
      Content-Length:
      - '0'
      ParameterSetName:
      - -n -g
      User-Agent:
      - AZURECLI/2.28.1 azsdk-python-azure-mgmt-storage/19.0.0 Python/3.7.9 (Windows-10-10.0.19041-SP0)
    method: POST
    uri: https://management.azure.com/subscriptions/00000000-0000-0000-0000-000000000000/resourcegroups/cli_test_hns_migrate000001/providers/Microsoft.Storage/storageAccounts/clitest000003/aborthnsonmigration?api-version=2021-06-01
  response:
    body:
      string: '{"error":{"code":"HnsMigrationNotFound","message":"Hns migration for
        the account: clitest000003 is not found."}}'
    headers:
      cache-control:
      - no-cache
      content-length:
      - '123'
      content-type:
      - application/json
      date:
      - Sat, 18 Sep 2021 06:43:31 GMT
      expires:
      - '-1'
      pragma:
      - no-cache
      server:
      - Microsoft-Azure-Storage-Resource-Provider/1.0,Microsoft-HTTPAPI/2.0 Microsoft-HTTPAPI/2.0
      strict-transport-security:
      - max-age=31536000; includeSubDomains
      x-content-type-options:
      - nosniff
      x-ms-ratelimit-remaining-subscription-writes:
      - '1199'
    status:
      code: 400
      message: Bad Request
- request:
    body: null
    headers:
      Accept:
      - application/json
      Accept-Encoding:
      - gzip, deflate
      CommandName:
      - storage account hns-migration stop
      Connection:
      - keep-alive
      Content-Length:
      - '0'
      ParameterSetName:
      - -n -g
      User-Agent:
      - AZURECLI/2.28.1 azsdk-python-azure-mgmt-storage/19.0.0 Python/3.7.9 (Windows-10-10.0.19041-SP0)
    method: POST
    uri: https://management.azure.com/subscriptions/00000000-0000-0000-0000-000000000000/resourcegroups/cli_test_hns_migrate000001/providers/Microsoft.Storage/storageAccounts/clitest000003/aborthnsonmigration?api-version=2021-06-01
  response:
    body:
      string: '{"error":{"code":"HnsMigrationNotFound","message":"Hns migration for
        the account: clitest000003 is not found."}}'
    headers:
      cache-control:
      - no-cache
      content-length:
      - '123'
      content-type:
      - application/json
      date:
      - Sat, 18 Sep 2021 06:43:33 GMT
      expires:
      - '-1'
      pragma:
      - no-cache
      server:
      - Microsoft-Azure-Storage-Resource-Provider/1.0,Microsoft-HTTPAPI/2.0 Microsoft-HTTPAPI/2.0
      strict-transport-security:
      - max-age=31536000; includeSubDomains
      x-content-type-options:
      - nosniff
      x-ms-ratelimit-remaining-subscription-writes:
      - '1199'
    status:
      code: 400
      message: Bad Request
- request:
    body: null
    headers:
      Accept:
      - application/json
      Accept-Encoding:
      - gzip, deflate
      CommandName:
      - storage account hns-migration stop
      Connection:
      - keep-alive
      Content-Length:
      - '0'
      ParameterSetName:
      - -n -g
      User-Agent:
      - AZURECLI/2.28.1 azsdk-python-azure-mgmt-storage/19.0.0 Python/3.7.9 (Windows-10-10.0.19041-SP0)
    method: POST
    uri: https://management.azure.com/subscriptions/00000000-0000-0000-0000-000000000000/resourcegroups/cli_test_hns_migrate000001/providers/Microsoft.Storage/storageAccounts/clitest000003/aborthnsonmigration?api-version=2021-06-01
  response:
    body:
      string: '{"error":{"code":"HnsMigrationNotFound","message":"Hns migration for
        the account: clitest000003 is not found."}}'
    headers:
      cache-control:
      - no-cache
      content-length:
      - '123'
      content-type:
      - application/json
      date:
      - Sat, 18 Sep 2021 06:43:33 GMT
      expires:
      - '-1'
      pragma:
      - no-cache
      server:
      - Microsoft-Azure-Storage-Resource-Provider/1.0,Microsoft-HTTPAPI/2.0 Microsoft-HTTPAPI/2.0
      strict-transport-security:
      - max-age=31536000; includeSubDomains
      x-content-type-options:
      - nosniff
      x-ms-ratelimit-remaining-subscription-writes:
      - '1198'
    status:
      code: 400
      message: Bad Request
- request:
    body: null
    headers:
      Accept:
      - application/json
      Accept-Encoding:
      - gzip, deflate
      CommandName:
      - storage account hns-migration stop
      Connection:
      - keep-alive
      Content-Length:
      - '0'
      ParameterSetName:
      - -n -g
      User-Agent:
      - AZURECLI/2.28.1 azsdk-python-azure-mgmt-storage/19.0.0 Python/3.7.9 (Windows-10-10.0.19041-SP0)
    method: POST
    uri: https://management.azure.com/subscriptions/00000000-0000-0000-0000-000000000000/resourcegroups/cli_test_hns_migrate000001/providers/Microsoft.Storage/storageAccounts/clitest000003/aborthnsonmigration?api-version=2021-06-01
  response:
    body:
      string: '{"error":{"code":"HnsMigrationNotFound","message":"Hns migration for
        the account: clitest000003 is not found."}}'
    headers:
      cache-control:
      - no-cache
      content-length:
      - '123'
      content-type:
      - application/json
      date:
      - Sat, 18 Sep 2021 06:43:34 GMT
      expires:
      - '-1'
      pragma:
      - no-cache
      server:
      - Microsoft-Azure-Storage-Resource-Provider/1.0,Microsoft-HTTPAPI/2.0 Microsoft-HTTPAPI/2.0
      strict-transport-security:
      - max-age=31536000; includeSubDomains
      x-content-type-options:
      - nosniff
      x-ms-ratelimit-remaining-subscription-writes:
      - '1194'
    status:
      code: 400
      message: Bad Request
- request:
    body: null
    headers:
      Accept:
      - application/json
      Accept-Encoding:
      - gzip, deflate
      CommandName:
      - storage account hns-migration stop
      Connection:
      - keep-alive
      Content-Length:
      - '0'
      ParameterSetName:
      - -n -g
      User-Agent:
      - AZURECLI/2.28.1 azsdk-python-azure-mgmt-storage/19.0.0 Python/3.7.9 (Windows-10-10.0.19041-SP0)
    method: POST
    uri: https://management.azure.com/subscriptions/00000000-0000-0000-0000-000000000000/resourcegroups/cli_test_hns_migrate000001/providers/Microsoft.Storage/storageAccounts/clitest000003/aborthnsonmigration?api-version=2021-06-01
  response:
    body:
      string: '{"error":{"code":"HnsMigrationNotFound","message":"Hns migration for
        the account: clitest000003 is not found."}}'
    headers:
      cache-control:
      - no-cache
      content-length:
      - '123'
      content-type:
      - application/json
      date:
      - Sat, 18 Sep 2021 06:43:36 GMT
      expires:
      - '-1'
      pragma:
      - no-cache
      server:
      - Microsoft-Azure-Storage-Resource-Provider/1.0,Microsoft-HTTPAPI/2.0 Microsoft-HTTPAPI/2.0
      strict-transport-security:
      - max-age=31536000; includeSubDomains
      x-content-type-options:
      - nosniff
      x-ms-ratelimit-remaining-subscription-writes:
      - '1196'
    status:
      code: 400
      message: Bad Request
- request:
    body: null
    headers:
      Accept:
      - application/json
      Accept-Encoding:
      - gzip, deflate
      CommandName:
      - storage account hns-migration stop
      Connection:
      - keep-alive
      Content-Length:
      - '0'
      ParameterSetName:
      - -n -g
      User-Agent:
      - AZURECLI/2.28.1 azsdk-python-azure-mgmt-storage/19.0.0 Python/3.7.9 (Windows-10-10.0.19041-SP0)
    method: POST
    uri: https://management.azure.com/subscriptions/00000000-0000-0000-0000-000000000000/resourcegroups/cli_test_hns_migrate000001/providers/Microsoft.Storage/storageAccounts/clitest000003/aborthnsonmigration?api-version=2021-06-01
  response:
    body:
      string: '{"error":{"code":"HnsMigrationNotFound","message":"Hns migration for
        the account: clitest000003 is not found."}}'
    headers:
      cache-control:
      - no-cache
      content-length:
      - '123'
      content-type:
      - application/json
      date:
      - Sat, 18 Sep 2021 06:43:36 GMT
      expires:
      - '-1'
      pragma:
      - no-cache
      server:
      - Microsoft-Azure-Storage-Resource-Provider/1.0,Microsoft-HTTPAPI/2.0 Microsoft-HTTPAPI/2.0
      strict-transport-security:
      - max-age=31536000; includeSubDomains
      x-content-type-options:
      - nosniff
      x-ms-ratelimit-remaining-subscription-writes:
      - '1193'
    status:
      code: 400
      message: Bad Request
- request:
    body: null
    headers:
      Accept:
      - application/json
      Accept-Encoding:
      - gzip, deflate
      CommandName:
      - storage account hns-migration stop
      Connection:
      - keep-alive
      Content-Length:
      - '0'
      ParameterSetName:
      - -n -g
      User-Agent:
      - AZURECLI/2.28.1 azsdk-python-azure-mgmt-storage/19.0.0 Python/3.7.9 (Windows-10-10.0.19041-SP0)
    method: POST
    uri: https://management.azure.com/subscriptions/00000000-0000-0000-0000-000000000000/resourcegroups/cli_test_hns_migrate000001/providers/Microsoft.Storage/storageAccounts/clitest000003/aborthnsonmigration?api-version=2021-06-01
  response:
    body:
      string: '{"error":{"code":"HnsMigrationNotFound","message":"Hns migration for
        the account: clitest000003 is not found."}}'
    headers:
      cache-control:
      - no-cache
      content-length:
      - '123'
      content-type:
      - application/json
      date:
      - Sat, 18 Sep 2021 06:43:36 GMT
      expires:
      - '-1'
      pragma:
      - no-cache
      server:
      - Microsoft-Azure-Storage-Resource-Provider/1.0,Microsoft-HTTPAPI/2.0 Microsoft-HTTPAPI/2.0
      strict-transport-security:
      - max-age=31536000; includeSubDomains
      x-content-type-options:
      - nosniff
      x-ms-ratelimit-remaining-subscription-writes:
      - '1197'
    status:
      code: 400
      message: Bad Request
- request:
    body: null
    headers:
      Accept:
      - application/json
      Accept-Encoding:
      - gzip, deflate
      CommandName:
      - storage account hns-migration stop
      Connection:
      - keep-alive
      Content-Length:
      - '0'
      ParameterSetName:
      - -n -g
      User-Agent:
      - AZURECLI/2.28.1 azsdk-python-azure-mgmt-storage/19.0.0 Python/3.7.9 (Windows-10-10.0.19041-SP0)
    method: POST
    uri: https://management.azure.com/subscriptions/00000000-0000-0000-0000-000000000000/resourcegroups/cli_test_hns_migrate000001/providers/Microsoft.Storage/storageAccounts/clitest000003/aborthnsonmigration?api-version=2021-06-01
  response:
    body:
      string: '{"error":{"code":"HnsMigrationNotFound","message":"Hns migration for
        the account: clitest000003 is not found."}}'
    headers:
      cache-control:
      - no-cache
      content-length:
      - '123'
      content-type:
      - application/json
      date:
      - Sat, 18 Sep 2021 06:43:38 GMT
      expires:
      - '-1'
      pragma:
      - no-cache
      server:
      - Microsoft-Azure-Storage-Resource-Provider/1.0,Microsoft-HTTPAPI/2.0 Microsoft-HTTPAPI/2.0
      strict-transport-security:
      - max-age=31536000; includeSubDomains
      x-content-type-options:
      - nosniff
      x-ms-ratelimit-remaining-subscription-writes:
      - '1199'
    status:
      code: 400
      message: Bad Request
- request:
    body: null
    headers:
      Accept:
      - application/json
      Accept-Encoding:
      - gzip, deflate
      CommandName:
      - storage account hns-migration stop
      Connection:
      - keep-alive
      Content-Length:
      - '0'
      ParameterSetName:
      - -n -g
      User-Agent:
      - AZURECLI/2.28.1 azsdk-python-azure-mgmt-storage/19.0.0 Python/3.7.9 (Windows-10-10.0.19041-SP0)
    method: POST
    uri: https://management.azure.com/subscriptions/00000000-0000-0000-0000-000000000000/resourcegroups/cli_test_hns_migrate000001/providers/Microsoft.Storage/storageAccounts/clitest000003/aborthnsonmigration?api-version=2021-06-01
  response:
    body:
      string: '{"error":{"code":"HnsMigrationNotFound","message":"Hns migration for
        the account: clitest000003 is not found."}}'
    headers:
      cache-control:
      - no-cache
      content-length:
      - '123'
      content-type:
      - application/json
      date:
      - Sat, 18 Sep 2021 06:43:39 GMT
      expires:
      - '-1'
      pragma:
      - no-cache
      server:
      - Microsoft-Azure-Storage-Resource-Provider/1.0,Microsoft-HTTPAPI/2.0 Microsoft-HTTPAPI/2.0
      strict-transport-security:
      - max-age=31536000; includeSubDomains
      x-content-type-options:
      - nosniff
      x-ms-ratelimit-remaining-subscription-writes:
      - '1199'
    status:
      code: 400
      message: Bad Request
- request:
    body: null
    headers:
      Accept:
      - application/json
      Accept-Encoding:
      - gzip, deflate
      CommandName:
      - storage account hns-migration stop
      Connection:
      - keep-alive
      Content-Length:
      - '0'
      ParameterSetName:
      - -n -g
      User-Agent:
      - AZURECLI/2.28.1 azsdk-python-azure-mgmt-storage/19.0.0 Python/3.7.9 (Windows-10-10.0.19041-SP0)
    method: POST
    uri: https://management.azure.com/subscriptions/00000000-0000-0000-0000-000000000000/resourcegroups/cli_test_hns_migrate000001/providers/Microsoft.Storage/storageAccounts/clitest000003/aborthnsonmigration?api-version=2021-06-01
  response:
    body:
      string: '{"error":{"code":"HnsMigrationNotFound","message":"Hns migration for
        the account: clitest000003 is not found."}}'
    headers:
      cache-control:
      - no-cache
      content-length:
      - '123'
      content-type:
      - application/json
      date:
      - Sat, 18 Sep 2021 06:43:39 GMT
      expires:
      - '-1'
      pragma:
      - no-cache
      server:
      - Microsoft-Azure-Storage-Resource-Provider/1.0,Microsoft-HTTPAPI/2.0 Microsoft-HTTPAPI/2.0
      strict-transport-security:
      - max-age=31536000; includeSubDomains
      x-content-type-options:
      - nosniff
      x-ms-ratelimit-remaining-subscription-writes:
      - '1198'
    status:
      code: 400
      message: Bad Request
- request:
    body: null
    headers:
      Accept:
      - application/json
      Accept-Encoding:
      - gzip, deflate
      CommandName:
      - storage account hns-migration stop
      Connection:
      - keep-alive
      Content-Length:
      - '0'
      ParameterSetName:
      - -n -g
      User-Agent:
      - AZURECLI/2.28.1 azsdk-python-azure-mgmt-storage/19.0.0 Python/3.7.9 (Windows-10-10.0.19041-SP0)
    method: POST
    uri: https://management.azure.com/subscriptions/00000000-0000-0000-0000-000000000000/resourcegroups/cli_test_hns_migrate000001/providers/Microsoft.Storage/storageAccounts/clitest000003/aborthnsonmigration?api-version=2021-06-01
  response:
    body:
      string: '{"error":{"code":"HnsMigrationNotFound","message":"Hns migration for
        the account: clitest000003 is not found."}}'
    headers:
      cache-control:
      - no-cache
      content-length:
      - '123'
      content-type:
      - application/json
      date:
      - Sat, 18 Sep 2021 06:43:40 GMT
      expires:
      - '-1'
      pragma:
      - no-cache
      server:
      - Microsoft-Azure-Storage-Resource-Provider/1.0,Microsoft-HTTPAPI/2.0 Microsoft-HTTPAPI/2.0
      strict-transport-security:
      - max-age=31536000; includeSubDomains
      x-content-type-options:
      - nosniff
      x-ms-ratelimit-remaining-subscription-writes:
      - '1199'
    status:
      code: 400
      message: Bad Request
- request:
    body: null
    headers:
      Accept:
      - application/json
      Accept-Encoding:
      - gzip, deflate
      CommandName:
      - storage account hns-migration stop
      Connection:
      - keep-alive
      Content-Length:
      - '0'
      ParameterSetName:
      - -n -g
      User-Agent:
      - AZURECLI/2.28.1 azsdk-python-azure-mgmt-storage/19.0.0 Python/3.7.9 (Windows-10-10.0.19041-SP0)
    method: POST
    uri: https://management.azure.com/subscriptions/00000000-0000-0000-0000-000000000000/resourcegroups/cli_test_hns_migrate000001/providers/Microsoft.Storage/storageAccounts/clitest000003/aborthnsonmigration?api-version=2021-06-01
  response:
    body:
      string: '{"error":{"code":"HnsMigrationNotFound","message":"Hns migration for
        the account: clitest000003 is not found."}}'
    headers:
      cache-control:
      - no-cache
      content-length:
      - '123'
      content-type:
      - application/json
      date:
      - Sat, 18 Sep 2021 06:43:41 GMT
      expires:
      - '-1'
      pragma:
      - no-cache
      server:
      - Microsoft-Azure-Storage-Resource-Provider/1.0,Microsoft-HTTPAPI/2.0 Microsoft-HTTPAPI/2.0
      strict-transport-security:
      - max-age=31536000; includeSubDomains
      x-content-type-options:
      - nosniff
      x-ms-ratelimit-remaining-subscription-writes:
      - '1197'
    status:
      code: 400
      message: Bad Request
- request:
    body: null
    headers:
      Accept:
      - application/json
      Accept-Encoding:
      - gzip, deflate
      CommandName:
      - storage account hns-migration stop
      Connection:
      - keep-alive
      Content-Length:
      - '0'
      ParameterSetName:
      - -n -g
      User-Agent:
      - AZURECLI/2.28.1 azsdk-python-azure-mgmt-storage/19.0.0 Python/3.7.9 (Windows-10-10.0.19041-SP0)
    method: POST
    uri: https://management.azure.com/subscriptions/00000000-0000-0000-0000-000000000000/resourcegroups/cli_test_hns_migrate000001/providers/Microsoft.Storage/storageAccounts/clitest000003/aborthnsonmigration?api-version=2021-06-01
  response:
    body:
      string: '{"error":{"code":"HnsMigrationNotFound","message":"Hns migration for
        the account: clitest000003 is not found."}}'
    headers:
      cache-control:
      - no-cache
      content-length:
      - '123'
      content-type:
      - application/json
      date:
      - Sat, 18 Sep 2021 06:43:43 GMT
      expires:
      - '-1'
      pragma:
      - no-cache
      server:
      - Microsoft-Azure-Storage-Resource-Provider/1.0,Microsoft-HTTPAPI/2.0 Microsoft-HTTPAPI/2.0
      strict-transport-security:
      - max-age=31536000; includeSubDomains
      x-content-type-options:
      - nosniff
      x-ms-ratelimit-remaining-subscription-writes:
      - '1196'
    status:
      code: 400
      message: Bad Request
- request:
    body: null
    headers:
      Accept:
      - application/json
      Accept-Encoding:
      - gzip, deflate
      CommandName:
      - storage account hns-migration stop
      Connection:
      - keep-alive
      Content-Length:
      - '0'
      ParameterSetName:
      - -n -g
      User-Agent:
      - AZURECLI/2.28.1 azsdk-python-azure-mgmt-storage/19.0.0 Python/3.7.9 (Windows-10-10.0.19041-SP0)
    method: POST
    uri: https://management.azure.com/subscriptions/00000000-0000-0000-0000-000000000000/resourcegroups/cli_test_hns_migrate000001/providers/Microsoft.Storage/storageAccounts/clitest000003/aborthnsonmigration?api-version=2021-06-01
  response:
    body:
      string: '{"error":{"code":"HnsMigrationNotFound","message":"Hns migration for
        the account: clitest000003 is not found."}}'
    headers:
      cache-control:
      - no-cache
      content-length:
      - '123'
      content-type:
      - application/json
      date:
      - Sat, 18 Sep 2021 06:43:43 GMT
      expires:
      - '-1'
      pragma:
      - no-cache
      server:
      - Microsoft-Azure-Storage-Resource-Provider/1.0,Microsoft-HTTPAPI/2.0 Microsoft-HTTPAPI/2.0
      strict-transport-security:
      - max-age=31536000; includeSubDomains
      x-content-type-options:
      - nosniff
      x-ms-ratelimit-remaining-subscription-writes:
      - '1198'
    status:
      code: 400
      message: Bad Request
- request:
    body: null
    headers:
      Accept:
      - application/json
      Accept-Encoding:
      - gzip, deflate
      CommandName:
      - storage account hns-migration stop
      Connection:
      - keep-alive
      Content-Length:
      - '0'
      ParameterSetName:
      - -n -g
      User-Agent:
      - AZURECLI/2.28.1 azsdk-python-azure-mgmt-storage/19.0.0 Python/3.7.9 (Windows-10-10.0.19041-SP0)
    method: POST
    uri: https://management.azure.com/subscriptions/00000000-0000-0000-0000-000000000000/resourcegroups/cli_test_hns_migrate000001/providers/Microsoft.Storage/storageAccounts/clitest000003/aborthnsonmigration?api-version=2021-06-01
  response:
    body:
      string: '{"error":{"code":"HnsMigrationNotFound","message":"Hns migration for
        the account: clitest000003 is not found."}}'
    headers:
      cache-control:
      - no-cache
      content-length:
      - '123'
      content-type:
      - application/json
      date:
      - Sat, 18 Sep 2021 06:43:45 GMT
      expires:
      - '-1'
      pragma:
      - no-cache
      server:
      - Microsoft-Azure-Storage-Resource-Provider/1.0,Microsoft-HTTPAPI/2.0 Microsoft-HTTPAPI/2.0
      strict-transport-security:
      - max-age=31536000; includeSubDomains
      x-content-type-options:
      - nosniff
      x-ms-ratelimit-remaining-subscription-writes:
      - '1195'
    status:
      code: 400
      message: Bad Request
- request:
    body: null
    headers:
      Accept:
      - application/json
      Accept-Encoding:
      - gzip, deflate
      CommandName:
      - storage account hns-migration stop
      Connection:
      - keep-alive
      Content-Length:
      - '0'
      ParameterSetName:
      - -n -g
      User-Agent:
      - AZURECLI/2.28.1 azsdk-python-azure-mgmt-storage/19.0.0 Python/3.7.9 (Windows-10-10.0.19041-SP0)
    method: POST
    uri: https://management.azure.com/subscriptions/00000000-0000-0000-0000-000000000000/resourcegroups/cli_test_hns_migrate000001/providers/Microsoft.Storage/storageAccounts/clitest000003/aborthnsonmigration?api-version=2021-06-01
  response:
    body:
      string: '{"error":{"code":"HnsMigrationNotFound","message":"Hns migration for
        the account: clitest000003 is not found."}}'
    headers:
      cache-control:
      - no-cache
      content-length:
      - '123'
      content-type:
      - application/json
      date:
      - Sat, 18 Sep 2021 06:43:45 GMT
      expires:
      - '-1'
      pragma:
      - no-cache
      server:
      - Microsoft-Azure-Storage-Resource-Provider/1.0,Microsoft-HTTPAPI/2.0 Microsoft-HTTPAPI/2.0
      strict-transport-security:
      - max-age=31536000; includeSubDomains
      x-content-type-options:
      - nosniff
      x-ms-ratelimit-remaining-subscription-writes:
      - '1192'
    status:
      code: 400
      message: Bad Request
- request:
    body: null
    headers:
      Accept:
      - application/json
      Accept-Encoding:
      - gzip, deflate
      CommandName:
      - storage account hns-migration stop
      Connection:
      - keep-alive
      Content-Length:
      - '0'
      ParameterSetName:
      - -n -g
      User-Agent:
      - AZURECLI/2.28.1 azsdk-python-azure-mgmt-storage/19.0.0 Python/3.7.9 (Windows-10-10.0.19041-SP0)
    method: POST
    uri: https://management.azure.com/subscriptions/00000000-0000-0000-0000-000000000000/resourcegroups/cli_test_hns_migrate000001/providers/Microsoft.Storage/storageAccounts/clitest000003/aborthnsonmigration?api-version=2021-06-01
  response:
    body:
      string: '{"error":{"code":"HnsMigrationNotFound","message":"Hns migration for
        the account: clitest000003 is not found."}}'
    headers:
      cache-control:
      - no-cache
      content-length:
      - '123'
      content-type:
      - application/json
      date:
      - Sat, 18 Sep 2021 06:43:46 GMT
      expires:
      - '-1'
      pragma:
      - no-cache
      server:
      - Microsoft-Azure-Storage-Resource-Provider/1.0,Microsoft-HTTPAPI/2.0 Microsoft-HTTPAPI/2.0
      strict-transport-security:
      - max-age=31536000; includeSubDomains
      x-content-type-options:
      - nosniff
      x-ms-ratelimit-remaining-subscription-writes:
      - '1198'
    status:
      code: 400
      message: Bad Request
- request:
    body: null
    headers:
      Accept:
      - application/json
      Accept-Encoding:
      - gzip, deflate
      CommandName:
      - storage account hns-migration stop
      Connection:
      - keep-alive
      Content-Length:
      - '0'
      ParameterSetName:
      - -n -g
      User-Agent:
      - AZURECLI/2.28.1 azsdk-python-azure-mgmt-storage/19.0.0 Python/3.7.9 (Windows-10-10.0.19041-SP0)
    method: POST
    uri: https://management.azure.com/subscriptions/00000000-0000-0000-0000-000000000000/resourcegroups/cli_test_hns_migrate000001/providers/Microsoft.Storage/storageAccounts/clitest000003/aborthnsonmigration?api-version=2021-06-01
  response:
    body:
      string: '{"error":{"code":"HnsMigrationNotFound","message":"Hns migration for
        the account: clitest000003 is not found."}}'
    headers:
      cache-control:
      - no-cache
      content-length:
      - '123'
      content-type:
      - application/json
      date:
      - Sat, 18 Sep 2021 06:43:47 GMT
      expires:
      - '-1'
      pragma:
      - no-cache
      server:
      - Microsoft-Azure-Storage-Resource-Provider/1.0,Microsoft-HTTPAPI/2.0 Microsoft-HTTPAPI/2.0
      strict-transport-security:
      - max-age=31536000; includeSubDomains
      x-content-type-options:
      - nosniff
      x-ms-ratelimit-remaining-subscription-writes:
      - '1199'
    status:
      code: 400
      message: Bad Request
- request:
    body: null
    headers:
      Accept:
      - application/json
      Accept-Encoding:
      - gzip, deflate
      CommandName:
      - storage account hns-migration stop
      Connection:
      - keep-alive
      Content-Length:
      - '0'
      ParameterSetName:
      - -n -g
      User-Agent:
      - AZURECLI/2.28.1 azsdk-python-azure-mgmt-storage/19.0.0 Python/3.7.9 (Windows-10-10.0.19041-SP0)
    method: POST
    uri: https://management.azure.com/subscriptions/00000000-0000-0000-0000-000000000000/resourcegroups/cli_test_hns_migrate000001/providers/Microsoft.Storage/storageAccounts/clitest000003/aborthnsonmigration?api-version=2021-06-01
  response:
    body:
      string: '{"error":{"code":"HnsMigrationNotFound","message":"Hns migration for
        the account: clitest000003 is not found."}}'
    headers:
      cache-control:
      - no-cache
      content-length:
      - '123'
      content-type:
      - application/json
      date:
      - Sat, 18 Sep 2021 06:43:48 GMT
      expires:
      - '-1'
      pragma:
      - no-cache
      server:
      - Microsoft-Azure-Storage-Resource-Provider/1.0,Microsoft-HTTPAPI/2.0 Microsoft-HTTPAPI/2.0
      strict-transport-security:
      - max-age=31536000; includeSubDomains
      x-content-type-options:
      - nosniff
      x-ms-ratelimit-remaining-subscription-writes:
      - '1194'
    status:
      code: 400
      message: Bad Request
- request:
    body: null
    headers:
      Accept:
      - application/json
      Accept-Encoding:
      - gzip, deflate
      CommandName:
      - storage account hns-migration stop
      Connection:
      - keep-alive
      Content-Length:
      - '0'
      ParameterSetName:
      - -n -g
      User-Agent:
      - AZURECLI/2.28.1 azsdk-python-azure-mgmt-storage/19.0.0 Python/3.7.9 (Windows-10-10.0.19041-SP0)
    method: POST
    uri: https://management.azure.com/subscriptions/00000000-0000-0000-0000-000000000000/resourcegroups/cli_test_hns_migrate000001/providers/Microsoft.Storage/storageAccounts/clitest000003/aborthnsonmigration?api-version=2021-06-01
  response:
    body:
      string: '{"error":{"code":"HnsMigrationNotFound","message":"Hns migration for
        the account: clitest000003 is not found."}}'
    headers:
      cache-control:
      - no-cache
      content-length:
      - '123'
      content-type:
      - application/json
      date:
      - Sat, 18 Sep 2021 06:43:49 GMT
      expires:
      - '-1'
      pragma:
      - no-cache
      server:
      - Microsoft-Azure-Storage-Resource-Provider/1.0,Microsoft-HTTPAPI/2.0 Microsoft-HTTPAPI/2.0
      strict-transport-security:
      - max-age=31536000; includeSubDomains
      x-content-type-options:
      - nosniff
      x-ms-ratelimit-remaining-subscription-writes:
      - '1196'
    status:
      code: 400
      message: Bad Request
- request:
    body: null
    headers:
      Accept:
      - application/json
      Accept-Encoding:
      - gzip, deflate
      CommandName:
      - storage account hns-migration stop
      Connection:
      - keep-alive
      Content-Length:
      - '0'
      ParameterSetName:
      - -n -g
      User-Agent:
      - AZURECLI/2.28.1 azsdk-python-azure-mgmt-storage/19.0.0 Python/3.7.9 (Windows-10-10.0.19041-SP0)
    method: POST
    uri: https://management.azure.com/subscriptions/00000000-0000-0000-0000-000000000000/resourcegroups/cli_test_hns_migrate000001/providers/Microsoft.Storage/storageAccounts/clitest000003/aborthnsonmigration?api-version=2021-06-01
  response:
    body:
      string: '{"error":{"code":"HnsMigrationNotFound","message":"Hns migration for
        the account: clitest000003 is not found."}}'
    headers:
      cache-control:
      - no-cache
      content-length:
      - '123'
      content-type:
      - application/json
      date:
      - Sat, 18 Sep 2021 06:43:50 GMT
      expires:
      - '-1'
      pragma:
      - no-cache
      server:
      - Microsoft-Azure-Storage-Resource-Provider/1.0,Microsoft-HTTPAPI/2.0 Microsoft-HTTPAPI/2.0
      strict-transport-security:
      - max-age=31536000; includeSubDomains
      x-content-type-options:
      - nosniff
      x-ms-ratelimit-remaining-subscription-writes:
      - '1193'
    status:
      code: 400
      message: Bad Request
- request:
    body: null
    headers:
      Accept:
      - application/json
      Accept-Encoding:
      - gzip, deflate
      CommandName:
      - storage account hns-migration stop
      Connection:
      - keep-alive
      Content-Length:
      - '0'
      ParameterSetName:
      - -n -g
      User-Agent:
      - AZURECLI/2.28.1 azsdk-python-azure-mgmt-storage/19.0.0 Python/3.7.9 (Windows-10-10.0.19041-SP0)
    method: POST
    uri: https://management.azure.com/subscriptions/00000000-0000-0000-0000-000000000000/resourcegroups/cli_test_hns_migrate000001/providers/Microsoft.Storage/storageAccounts/clitest000003/aborthnsonmigration?api-version=2021-06-01
  response:
    body:
      string: '{"error":{"code":"HnsMigrationNotFound","message":"Hns migration for
        the account: clitest000003 is not found."}}'
    headers:
      cache-control:
      - no-cache
      content-length:
      - '123'
      content-type:
      - application/json
      date:
      - Sat, 18 Sep 2021 06:43:50 GMT
      expires:
      - '-1'
      pragma:
      - no-cache
      server:
      - Microsoft-Azure-Storage-Resource-Provider/1.0,Microsoft-HTTPAPI/2.0 Microsoft-HTTPAPI/2.0
      strict-transport-security:
      - max-age=31536000; includeSubDomains
      x-content-type-options:
      - nosniff
      x-ms-ratelimit-remaining-subscription-writes:
      - '1198'
    status:
      code: 400
      message: Bad Request
- request:
    body: null
    headers:
      Accept:
      - application/json
      Accept-Encoding:
      - gzip, deflate
      CommandName:
      - storage account hns-migration stop
      Connection:
      - keep-alive
      Content-Length:
      - '0'
      ParameterSetName:
      - -n -g
      User-Agent:
      - AZURECLI/2.28.1 azsdk-python-azure-mgmt-storage/19.0.0 Python/3.7.9 (Windows-10-10.0.19041-SP0)
    method: POST
    uri: https://management.azure.com/subscriptions/00000000-0000-0000-0000-000000000000/resourcegroups/cli_test_hns_migrate000001/providers/Microsoft.Storage/storageAccounts/clitest000003/aborthnsonmigration?api-version=2021-06-01
  response:
    body:
      string: '{"error":{"code":"HnsMigrationNotFound","message":"Hns migration for
        the account: clitest000003 is not found."}}'
    headers:
      cache-control:
      - no-cache
      content-length:
      - '123'
      content-type:
      - application/json
      date:
      - Sat, 18 Sep 2021 06:43:52 GMT
      expires:
      - '-1'
      pragma:
      - no-cache
      server:
      - Microsoft-Azure-Storage-Resource-Provider/1.0,Microsoft-HTTPAPI/2.0 Microsoft-HTTPAPI/2.0
      strict-transport-security:
      - max-age=31536000; includeSubDomains
      x-content-type-options:
      - nosniff
      x-ms-ratelimit-remaining-subscription-writes:
      - '1198'
    status:
      code: 400
      message: Bad Request
- request:
    body: null
    headers:
      Accept:
      - application/json
      Accept-Encoding:
      - gzip, deflate
      CommandName:
      - storage account hns-migration stop
      Connection:
      - keep-alive
      Content-Length:
      - '0'
      ParameterSetName:
      - -n -g
      User-Agent:
      - AZURECLI/2.28.1 azsdk-python-azure-mgmt-storage/19.0.0 Python/3.7.9 (Windows-10-10.0.19041-SP0)
    method: POST
    uri: https://management.azure.com/subscriptions/00000000-0000-0000-0000-000000000000/resourcegroups/cli_test_hns_migrate000001/providers/Microsoft.Storage/storageAccounts/clitest000003/aborthnsonmigration?api-version=2021-06-01
  response:
    body:
      string: '{"error":{"code":"HnsMigrationNotFound","message":"Hns migration for
        the account: clitest000003 is not found."}}'
    headers:
      cache-control:
      - no-cache
      content-length:
      - '123'
      content-type:
      - application/json
      date:
      - Sat, 18 Sep 2021 06:43:52 GMT
      expires:
      - '-1'
      pragma:
      - no-cache
      server:
      - Microsoft-Azure-Storage-Resource-Provider/1.0,Microsoft-HTTPAPI/2.0 Microsoft-HTTPAPI/2.0
      strict-transport-security:
      - max-age=31536000; includeSubDomains
      x-content-type-options:
      - nosniff
      x-ms-ratelimit-remaining-subscription-writes:
      - '1197'
    status:
      code: 400
      message: Bad Request
- request:
    body: null
    headers:
      Accept:
      - application/json
      Accept-Encoding:
      - gzip, deflate
      CommandName:
      - storage account hns-migration stop
      Connection:
      - keep-alive
      Content-Length:
      - '0'
      ParameterSetName:
      - -n -g
      User-Agent:
      - AZURECLI/2.28.1 azsdk-python-azure-mgmt-storage/19.0.0 Python/3.7.9 (Windows-10-10.0.19041-SP0)
    method: POST
    uri: https://management.azure.com/subscriptions/00000000-0000-0000-0000-000000000000/resourcegroups/cli_test_hns_migrate000001/providers/Microsoft.Storage/storageAccounts/clitest000003/aborthnsonmigration?api-version=2021-06-01
  response:
    body:
      string: '{"error":{"code":"HnsMigrationNotFound","message":"Hns migration for
        the account: clitest000003 is not found."}}'
    headers:
      cache-control:
      - no-cache
      content-length:
      - '123'
      content-type:
      - application/json
      date:
      - Sat, 18 Sep 2021 06:43:53 GMT
      expires:
      - '-1'
      pragma:
      - no-cache
      server:
      - Microsoft-Azure-Storage-Resource-Provider/1.0,Microsoft-HTTPAPI/2.0 Microsoft-HTTPAPI/2.0
      strict-transport-security:
      - max-age=31536000; includeSubDomains
      x-content-type-options:
      - nosniff
      x-ms-ratelimit-remaining-subscription-writes:
      - '1195'
    status:
      code: 400
      message: Bad Request
- request:
    body: null
    headers:
      Accept:
      - application/json
      Accept-Encoding:
      - gzip, deflate
      CommandName:
      - storage account hns-migration stop
      Connection:
      - keep-alive
      Content-Length:
      - '0'
      ParameterSetName:
      - -n -g
      User-Agent:
      - AZURECLI/2.28.1 azsdk-python-azure-mgmt-storage/19.0.0 Python/3.7.9 (Windows-10-10.0.19041-SP0)
    method: POST
    uri: https://management.azure.com/subscriptions/00000000-0000-0000-0000-000000000000/resourcegroups/cli_test_hns_migrate000001/providers/Microsoft.Storage/storageAccounts/clitest000003/aborthnsonmigration?api-version=2021-06-01
  response:
    body:
      string: '{"error":{"code":"HnsMigrationNotFound","message":"Hns migration for
        the account: clitest000003 is not found."}}'
    headers:
      cache-control:
      - no-cache
      content-length:
      - '123'
      content-type:
      - application/json
      date:
      - Sat, 18 Sep 2021 06:43:54 GMT
      expires:
      - '-1'
      pragma:
      - no-cache
      server:
      - Microsoft-Azure-Storage-Resource-Provider/1.0,Microsoft-HTTPAPI/2.0 Microsoft-HTTPAPI/2.0
      strict-transport-security:
      - max-age=31536000; includeSubDomains
      x-content-type-options:
      - nosniff
      x-ms-ratelimit-remaining-subscription-writes:
      - '1199'
    status:
      code: 400
      message: Bad Request
- request:
    body: null
    headers:
      Accept:
      - application/json
      Accept-Encoding:
      - gzip, deflate
      CommandName:
      - storage account hns-migration stop
      Connection:
      - keep-alive
      Content-Length:
      - '0'
      ParameterSetName:
      - -n -g
      User-Agent:
      - AZURECLI/2.28.1 azsdk-python-azure-mgmt-storage/19.0.0 Python/3.7.9 (Windows-10-10.0.19041-SP0)
    method: POST
    uri: https://management.azure.com/subscriptions/00000000-0000-0000-0000-000000000000/resourcegroups/cli_test_hns_migrate000001/providers/Microsoft.Storage/storageAccounts/clitest000003/aborthnsonmigration?api-version=2021-06-01
  response:
    body:
      string: '{"error":{"code":"HnsMigrationNotFound","message":"Hns migration for
        the account: clitest000003 is not found."}}'
    headers:
      cache-control:
      - no-cache
      content-length:
      - '123'
      content-type:
      - application/json
      date:
      - Sat, 18 Sep 2021 06:43:55 GMT
      expires:
      - '-1'
      pragma:
      - no-cache
      server:
      - Microsoft-Azure-Storage-Resource-Provider/1.0,Microsoft-HTTPAPI/2.0 Microsoft-HTTPAPI/2.0
      strict-transport-security:
      - max-age=31536000; includeSubDomains
      x-content-type-options:
      - nosniff
      x-ms-ratelimit-remaining-subscription-writes:
      - '1192'
    status:
      code: 400
      message: Bad Request
- request:
    body: null
    headers:
      Accept:
      - application/json
      Accept-Encoding:
      - gzip, deflate
      CommandName:
      - storage account hns-migration stop
      Connection:
      - keep-alive
      Content-Length:
      - '0'
      ParameterSetName:
      - -n -g
      User-Agent:
      - AZURECLI/2.28.1 azsdk-python-azure-mgmt-storage/19.0.0 Python/3.7.9 (Windows-10-10.0.19041-SP0)
    method: POST
    uri: https://management.azure.com/subscriptions/00000000-0000-0000-0000-000000000000/resourcegroups/cli_test_hns_migrate000001/providers/Microsoft.Storage/storageAccounts/clitest000003/aborthnsonmigration?api-version=2021-06-01
  response:
    body:
      string: '{"error":{"code":"HnsMigrationNotFound","message":"Hns migration for
        the account: clitest000003 is not found."}}'
    headers:
      cache-control:
      - no-cache
      content-length:
      - '123'
      content-type:
      - application/json
      date:
      - Sat, 18 Sep 2021 06:43:56 GMT
      expires:
      - '-1'
      pragma:
      - no-cache
      server:
      - Microsoft-Azure-Storage-Resource-Provider/1.0,Microsoft-HTTPAPI/2.0 Microsoft-HTTPAPI/2.0
      strict-transport-security:
      - max-age=31536000; includeSubDomains
      x-content-type-options:
      - nosniff
      x-ms-ratelimit-remaining-subscription-writes:
      - '1191'
    status:
      code: 400
      message: Bad Request
- request:
    body: null
    headers:
      Accept:
      - application/json
      Accept-Encoding:
      - gzip, deflate
      CommandName:
      - storage account hns-migration stop
      Connection:
      - keep-alive
      Content-Length:
      - '0'
      ParameterSetName:
      - -n -g
      User-Agent:
      - AZURECLI/2.28.1 azsdk-python-azure-mgmt-storage/19.0.0 Python/3.7.9 (Windows-10-10.0.19041-SP0)
    method: POST
    uri: https://management.azure.com/subscriptions/00000000-0000-0000-0000-000000000000/resourcegroups/cli_test_hns_migrate000001/providers/Microsoft.Storage/storageAccounts/clitest000003/aborthnsonmigration?api-version=2021-06-01
  response:
    body:
      string: '{"error":{"code":"HnsMigrationNotFound","message":"Hns migration for
        the account: clitest000003 is not found."}}'
    headers:
      cache-control:
      - no-cache
      content-length:
      - '123'
      content-type:
      - application/json
      date:
      - Sat, 18 Sep 2021 06:43:56 GMT
      expires:
      - '-1'
      pragma:
      - no-cache
      server:
      - Microsoft-Azure-Storage-Resource-Provider/1.0,Microsoft-HTTPAPI/2.0 Microsoft-HTTPAPI/2.0
      strict-transport-security:
      - max-age=31536000; includeSubDomains
      x-content-type-options:
      - nosniff
      x-ms-ratelimit-remaining-subscription-writes:
      - '1198'
    status:
      code: 400
      message: Bad Request
- request:
    body: null
    headers:
      Accept:
      - application/json
      Accept-Encoding:
      - gzip, deflate
      CommandName:
      - storage account hns-migration stop
      Connection:
      - keep-alive
      Content-Length:
      - '0'
      ParameterSetName:
      - -n -g
      User-Agent:
      - AZURECLI/2.28.1 azsdk-python-azure-mgmt-storage/19.0.0 Python/3.7.9 (Windows-10-10.0.19041-SP0)
    method: POST
    uri: https://management.azure.com/subscriptions/00000000-0000-0000-0000-000000000000/resourcegroups/cli_test_hns_migrate000001/providers/Microsoft.Storage/storageAccounts/clitest000003/aborthnsonmigration?api-version=2021-06-01
  response:
    body:
      string: '{"error":{"code":"HnsMigrationNotFound","message":"Hns migration for
        the account: clitest000003 is not found."}}'
    headers:
      cache-control:
      - no-cache
      content-length:
      - '123'
      content-type:
      - application/json
      date:
      - Sat, 18 Sep 2021 06:43:57 GMT
      expires:
      - '-1'
      pragma:
      - no-cache
      server:
      - Microsoft-Azure-Storage-Resource-Provider/1.0,Microsoft-HTTPAPI/2.0 Microsoft-HTTPAPI/2.0
      strict-transport-security:
      - max-age=31536000; includeSubDomains
      x-content-type-options:
      - nosniff
      x-ms-ratelimit-remaining-subscription-writes:
      - '1199'
    status:
      code: 400
      message: Bad Request
- request:
    body: null
    headers:
      Accept:
      - application/json
      Accept-Encoding:
      - gzip, deflate
      CommandName:
      - storage account hns-migration stop
      Connection:
      - keep-alive
      Content-Length:
      - '0'
      ParameterSetName:
      - -n -g
      User-Agent:
      - AZURECLI/2.28.1 azsdk-python-azure-mgmt-storage/19.0.0 Python/3.7.9 (Windows-10-10.0.19041-SP0)
    method: POST
    uri: https://management.azure.com/subscriptions/00000000-0000-0000-0000-000000000000/resourcegroups/cli_test_hns_migrate000001/providers/Microsoft.Storage/storageAccounts/clitest000003/aborthnsonmigration?api-version=2021-06-01
  response:
    body:
      string: '{"error":{"code":"HnsMigrationNotFound","message":"Hns migration for
        the account: clitest000003 is not found."}}'
    headers:
      cache-control:
      - no-cache
      content-length:
      - '123'
      content-type:
      - application/json
      date:
      - Sat, 18 Sep 2021 06:43:58 GMT
      expires:
      - '-1'
      pragma:
      - no-cache
      server:
      - Microsoft-Azure-Storage-Resource-Provider/1.0,Microsoft-HTTPAPI/2.0 Microsoft-HTTPAPI/2.0
      strict-transport-security:
      - max-age=31536000; includeSubDomains
      x-content-type-options:
      - nosniff
      x-ms-ratelimit-remaining-subscription-writes:
      - '1198'
    status:
      code: 400
      message: Bad Request
- request:
    body: null
    headers:
      Accept:
      - application/json
      Accept-Encoding:
      - gzip, deflate
      CommandName:
      - storage account hns-migration stop
      Connection:
      - keep-alive
      Content-Length:
      - '0'
      ParameterSetName:
      - -n -g
      User-Agent:
      - AZURECLI/2.28.1 azsdk-python-azure-mgmt-storage/19.0.0 Python/3.7.9 (Windows-10-10.0.19041-SP0)
    method: POST
    uri: https://management.azure.com/subscriptions/00000000-0000-0000-0000-000000000000/resourcegroups/cli_test_hns_migrate000001/providers/Microsoft.Storage/storageAccounts/clitest000003/aborthnsonmigration?api-version=2021-06-01
  response:
    body:
      string: '{"error":{"code":"HnsMigrationNotFound","message":"Hns migration for
        the account: clitest000003 is not found."}}'
    headers:
      cache-control:
      - no-cache
      content-length:
      - '123'
      content-type:
      - application/json
      date:
      - Sat, 18 Sep 2021 06:43:59 GMT
      expires:
      - '-1'
      pragma:
      - no-cache
      server:
      - Microsoft-Azure-Storage-Resource-Provider/1.0,Microsoft-HTTPAPI/2.0 Microsoft-HTTPAPI/2.0
      strict-transport-security:
      - max-age=31536000; includeSubDomains
      x-content-type-options:
      - nosniff
      x-ms-ratelimit-remaining-subscription-writes:
      - '1197'
    status:
      code: 400
      message: Bad Request
- request:
    body: null
    headers:
      Accept:
      - application/json
      Accept-Encoding:
      - gzip, deflate
      CommandName:
      - storage account hns-migration stop
      Connection:
      - keep-alive
      Content-Length:
      - '0'
      ParameterSetName:
      - -n -g
      User-Agent:
      - AZURECLI/2.28.1 azsdk-python-azure-mgmt-storage/19.0.0 Python/3.7.9 (Windows-10-10.0.19041-SP0)
    method: POST
    uri: https://management.azure.com/subscriptions/00000000-0000-0000-0000-000000000000/resourcegroups/cli_test_hns_migrate000001/providers/Microsoft.Storage/storageAccounts/clitest000003/aborthnsonmigration?api-version=2021-06-01
  response:
    body:
      string: '{"error":{"code":"HnsMigrationNotFound","message":"Hns migration for
        the account: clitest000003 is not found."}}'
    headers:
      cache-control:
      - no-cache
      content-length:
      - '123'
      content-type:
      - application/json
      date:
      - Sat, 18 Sep 2021 06:43:59 GMT
      expires:
      - '-1'
      pragma:
      - no-cache
      server:
      - Microsoft-Azure-Storage-Resource-Provider/1.0,Microsoft-HTTPAPI/2.0 Microsoft-HTTPAPI/2.0
      strict-transport-security:
      - max-age=31536000; includeSubDomains
      x-content-type-options:
      - nosniff
      x-ms-ratelimit-remaining-subscription-writes:
      - '1198'
    status:
      code: 400
      message: Bad Request
- request:
    body: null
    headers:
      Accept:
      - application/json
      Accept-Encoding:
      - gzip, deflate
      CommandName:
      - storage account hns-migration stop
      Connection:
      - keep-alive
      Content-Length:
      - '0'
      ParameterSetName:
      - -n -g
      User-Agent:
      - AZURECLI/2.28.1 azsdk-python-azure-mgmt-storage/19.0.0 Python/3.7.9 (Windows-10-10.0.19041-SP0)
    method: POST
    uri: https://management.azure.com/subscriptions/00000000-0000-0000-0000-000000000000/resourcegroups/cli_test_hns_migrate000001/providers/Microsoft.Storage/storageAccounts/clitest000003/aborthnsonmigration?api-version=2021-06-01
  response:
    body:
      string: '{"error":{"code":"HnsMigrationNotFound","message":"Hns migration for
        the account: clitest000003 is not found."}}'
    headers:
      cache-control:
      - no-cache
      content-length:
      - '123'
      content-type:
      - application/json
      date:
      - Sat, 18 Sep 2021 06:44:00 GMT
      expires:
      - '-1'
      pragma:
      - no-cache
      server:
      - Microsoft-Azure-Storage-Resource-Provider/1.0,Microsoft-HTTPAPI/2.0 Microsoft-HTTPAPI/2.0
      strict-transport-security:
      - max-age=31536000; includeSubDomains
      x-content-type-options:
      - nosniff
      x-ms-ratelimit-remaining-subscription-writes:
      - '1197'
    status:
      code: 400
      message: Bad Request
- request:
    body: null
    headers:
      Accept:
      - application/json
      Accept-Encoding:
      - gzip, deflate
      CommandName:
      - storage account hns-migration stop
      Connection:
      - keep-alive
      Content-Length:
      - '0'
      ParameterSetName:
      - -n -g
      User-Agent:
      - AZURECLI/2.28.1 azsdk-python-azure-mgmt-storage/19.0.0 Python/3.7.9 (Windows-10-10.0.19041-SP0)
    method: POST
    uri: https://management.azure.com/subscriptions/00000000-0000-0000-0000-000000000000/resourcegroups/cli_test_hns_migrate000001/providers/Microsoft.Storage/storageAccounts/clitest000003/aborthnsonmigration?api-version=2021-06-01
  response:
    body:
      string: '{"error":{"code":"HnsMigrationNotFound","message":"Hns migration for
        the account: clitest000003 is not found."}}'
    headers:
      cache-control:
      - no-cache
      content-length:
      - '123'
      content-type:
      - application/json
      date:
      - Sat, 18 Sep 2021 06:44:01 GMT
      expires:
      - '-1'
      pragma:
      - no-cache
      server:
      - Microsoft-Azure-Storage-Resource-Provider/1.0,Microsoft-HTTPAPI/2.0 Microsoft-HTTPAPI/2.0
      strict-transport-security:
      - max-age=31536000; includeSubDomains
      x-content-type-options:
      - nosniff
      x-ms-ratelimit-remaining-subscription-writes:
      - '1197'
    status:
      code: 400
      message: Bad Request
- request:
    body: null
    headers:
      Accept:
      - application/json
      Accept-Encoding:
      - gzip, deflate
      CommandName:
      - storage account hns-migration stop
      Connection:
      - keep-alive
      Content-Length:
      - '0'
      ParameterSetName:
      - -n -g
      User-Agent:
      - AZURECLI/2.28.1 azsdk-python-azure-mgmt-storage/19.0.0 Python/3.7.9 (Windows-10-10.0.19041-SP0)
    method: POST
    uri: https://management.azure.com/subscriptions/00000000-0000-0000-0000-000000000000/resourcegroups/cli_test_hns_migrate000001/providers/Microsoft.Storage/storageAccounts/clitest000003/aborthnsonmigration?api-version=2021-06-01
  response:
    body:
      string: '{"error":{"code":"HnsMigrationNotFound","message":"Hns migration for
        the account: clitest000003 is not found."}}'
    headers:
      cache-control:
      - no-cache
      content-length:
      - '123'
      content-type:
      - application/json
      date:
      - Sat, 18 Sep 2021 06:44:02 GMT
      expires:
      - '-1'
      pragma:
      - no-cache
      server:
      - Microsoft-Azure-Storage-Resource-Provider/1.0,Microsoft-HTTPAPI/2.0 Microsoft-HTTPAPI/2.0
      strict-transport-security:
      - max-age=31536000; includeSubDomains
      x-content-type-options:
      - nosniff
      x-ms-ratelimit-remaining-subscription-writes:
      - '1198'
    status:
      code: 400
      message: Bad Request
- request:
    body: null
    headers:
      Accept:
      - application/json
      Accept-Encoding:
      - gzip, deflate
      CommandName:
      - storage account hns-migration stop
      Connection:
      - keep-alive
      Content-Length:
      - '0'
      ParameterSetName:
      - -n -g
      User-Agent:
      - AZURECLI/2.28.1 azsdk-python-azure-mgmt-storage/19.0.0 Python/3.7.9 (Windows-10-10.0.19041-SP0)
    method: POST
    uri: https://management.azure.com/subscriptions/00000000-0000-0000-0000-000000000000/resourcegroups/cli_test_hns_migrate000001/providers/Microsoft.Storage/storageAccounts/clitest000003/aborthnsonmigration?api-version=2021-06-01
  response:
    body:
      string: '{"error":{"code":"HnsMigrationNotFound","message":"Hns migration for
        the account: clitest000003 is not found."}}'
    headers:
      cache-control:
      - no-cache
      content-length:
      - '123'
      content-type:
      - application/json
      date:
      - Sat, 18 Sep 2021 06:44:03 GMT
      expires:
      - '-1'
      pragma:
      - no-cache
      server:
      - Microsoft-Azure-Storage-Resource-Provider/1.0,Microsoft-HTTPAPI/2.0 Microsoft-HTTPAPI/2.0
      strict-transport-security:
      - max-age=31536000; includeSubDomains
      x-content-type-options:
      - nosniff
      x-ms-ratelimit-remaining-subscription-writes:
      - '1197'
    status:
      code: 400
      message: Bad Request
- request:
    body: null
    headers:
      Accept:
      - application/json
      Accept-Encoding:
      - gzip, deflate
      CommandName:
      - storage account hns-migration stop
      Connection:
      - keep-alive
      Content-Length:
      - '0'
      ParameterSetName:
      - -n -g
      User-Agent:
      - AZURECLI/2.28.1 azsdk-python-azure-mgmt-storage/19.0.0 Python/3.7.9 (Windows-10-10.0.19041-SP0)
    method: POST
    uri: https://management.azure.com/subscriptions/00000000-0000-0000-0000-000000000000/resourcegroups/cli_test_hns_migrate000001/providers/Microsoft.Storage/storageAccounts/clitest000003/aborthnsonmigration?api-version=2021-06-01
  response:
    body:
      string: '{"error":{"code":"HnsMigrationNotFound","message":"Hns migration for
        the account: clitest000003 is not found."}}'
    headers:
      cache-control:
      - no-cache
      content-length:
      - '123'
      content-type:
      - application/json
      date:
      - Sat, 18 Sep 2021 06:44:05 GMT
      expires:
      - '-1'
      pragma:
      - no-cache
      server:
      - Microsoft-Azure-Storage-Resource-Provider/1.0,Microsoft-HTTPAPI/2.0 Microsoft-HTTPAPI/2.0
      strict-transport-security:
      - max-age=31536000; includeSubDomains
      x-content-type-options:
      - nosniff
      x-ms-ratelimit-remaining-subscription-writes:
      - '1199'
    status:
      code: 400
      message: Bad Request
- request:
    body: null
    headers:
      Accept:
      - application/json
      Accept-Encoding:
      - gzip, deflate
      CommandName:
      - storage account hns-migration stop
      Connection:
      - keep-alive
      Content-Length:
      - '0'
      ParameterSetName:
      - -n -g
      User-Agent:
      - AZURECLI/2.28.1 azsdk-python-azure-mgmt-storage/19.0.0 Python/3.7.9 (Windows-10-10.0.19041-SP0)
    method: POST
    uri: https://management.azure.com/subscriptions/00000000-0000-0000-0000-000000000000/resourcegroups/cli_test_hns_migrate000001/providers/Microsoft.Storage/storageAccounts/clitest000003/aborthnsonmigration?api-version=2021-06-01
  response:
    body:
      string: '{"error":{"code":"HnsMigrationNotFound","message":"Hns migration for
        the account: clitest000003 is not found."}}'
    headers:
      cache-control:
      - no-cache
      content-length:
      - '123'
      content-type:
      - application/json
      date:
      - Sat, 18 Sep 2021 06:44:05 GMT
      expires:
      - '-1'
      pragma:
      - no-cache
      server:
      - Microsoft-Azure-Storage-Resource-Provider/1.0,Microsoft-HTTPAPI/2.0 Microsoft-HTTPAPI/2.0
      strict-transport-security:
      - max-age=31536000; includeSubDomains
      x-content-type-options:
      - nosniff
      x-ms-ratelimit-remaining-subscription-writes:
      - '1194'
    status:
      code: 400
      message: Bad Request
- request:
    body: null
    headers:
      Accept:
      - application/json
      Accept-Encoding:
      - gzip, deflate
      CommandName:
      - storage account hns-migration stop
      Connection:
      - keep-alive
      Content-Length:
      - '0'
      ParameterSetName:
      - -n -g
      User-Agent:
      - AZURECLI/2.28.1 azsdk-python-azure-mgmt-storage/19.0.0 Python/3.7.9 (Windows-10-10.0.19041-SP0)
    method: POST
    uri: https://management.azure.com/subscriptions/00000000-0000-0000-0000-000000000000/resourcegroups/cli_test_hns_migrate000001/providers/Microsoft.Storage/storageAccounts/clitest000003/aborthnsonmigration?api-version=2021-06-01
  response:
    body:
      string: '{"error":{"code":"HnsMigrationNotFound","message":"Hns migration for
        the account: clitest000003 is not found."}}'
    headers:
      cache-control:
      - no-cache
      content-length:
      - '123'
      content-type:
      - application/json
      date:
      - Sat, 18 Sep 2021 06:44:06 GMT
      expires:
      - '-1'
      pragma:
      - no-cache
      server:
      - Microsoft-Azure-Storage-Resource-Provider/1.0,Microsoft-HTTPAPI/2.0 Microsoft-HTTPAPI/2.0
      strict-transport-security:
      - max-age=31536000; includeSubDomains
      x-content-type-options:
      - nosniff
      x-ms-ratelimit-remaining-subscription-writes:
      - '1198'
    status:
      code: 400
      message: Bad Request
- request:
    body: null
    headers:
      Accept:
      - application/json
      Accept-Encoding:
      - gzip, deflate
      CommandName:
      - storage account hns-migration stop
      Connection:
      - keep-alive
      Content-Length:
      - '0'
      ParameterSetName:
      - -n -g
      User-Agent:
      - AZURECLI/2.28.1 azsdk-python-azure-mgmt-storage/19.0.0 Python/3.7.9 (Windows-10-10.0.19041-SP0)
    method: POST
    uri: https://management.azure.com/subscriptions/00000000-0000-0000-0000-000000000000/resourcegroups/cli_test_hns_migrate000001/providers/Microsoft.Storage/storageAccounts/clitest000003/aborthnsonmigration?api-version=2021-06-01
  response:
    body:
      string: '{"error":{"code":"HnsMigrationNotFound","message":"Hns migration for
        the account: clitest000003 is not found."}}'
    headers:
      cache-control:
      - no-cache
      content-length:
      - '123'
      content-type:
      - application/json
      date:
      - Sat, 18 Sep 2021 06:44:06 GMT
      expires:
      - '-1'
      pragma:
      - no-cache
      server:
      - Microsoft-Azure-Storage-Resource-Provider/1.0,Microsoft-HTTPAPI/2.0 Microsoft-HTTPAPI/2.0
      strict-transport-security:
      - max-age=31536000; includeSubDomains
      x-content-type-options:
      - nosniff
      x-ms-ratelimit-remaining-subscription-writes:
      - '1197'
    status:
      code: 400
      message: Bad Request
- request:
    body: null
    headers:
      Accept:
      - application/json
      Accept-Encoding:
      - gzip, deflate
      CommandName:
      - storage account hns-migration stop
      Connection:
      - keep-alive
      Content-Length:
      - '0'
      ParameterSetName:
      - -n -g
      User-Agent:
      - AZURECLI/2.28.1 azsdk-python-azure-mgmt-storage/19.0.0 Python/3.7.9 (Windows-10-10.0.19041-SP0)
    method: POST
    uri: https://management.azure.com/subscriptions/00000000-0000-0000-0000-000000000000/resourcegroups/cli_test_hns_migrate000001/providers/Microsoft.Storage/storageAccounts/clitest000003/aborthnsonmigration?api-version=2021-06-01
  response:
    body:
      string: '{"error":{"code":"HnsMigrationNotFound","message":"Hns migration for
        the account: clitest000003 is not found."}}'
    headers:
      cache-control:
      - no-cache
      content-length:
      - '123'
      content-type:
      - application/json
      date:
      - Sat, 18 Sep 2021 06:44:08 GMT
      expires:
      - '-1'
      pragma:
      - no-cache
      server:
      - Microsoft-Azure-Storage-Resource-Provider/1.0,Microsoft-HTTPAPI/2.0 Microsoft-HTTPAPI/2.0
      strict-transport-security:
      - max-age=31536000; includeSubDomains
      x-content-type-options:
      - nosniff
      x-ms-ratelimit-remaining-subscription-writes:
      - '1198'
    status:
      code: 400
      message: Bad Request
- request:
    body: null
    headers:
      Accept:
      - application/json
      Accept-Encoding:
      - gzip, deflate
      CommandName:
      - storage account hns-migration stop
      Connection:
      - keep-alive
      Content-Length:
      - '0'
      ParameterSetName:
      - -n -g
      User-Agent:
      - AZURECLI/2.28.1 azsdk-python-azure-mgmt-storage/19.0.0 Python/3.7.9 (Windows-10-10.0.19041-SP0)
    method: POST
    uri: https://management.azure.com/subscriptions/00000000-0000-0000-0000-000000000000/resourcegroups/cli_test_hns_migrate000001/providers/Microsoft.Storage/storageAccounts/clitest000003/aborthnsonmigration?api-version=2021-06-01
  response:
    body:
      string: '{"error":{"code":"HnsMigrationNotFound","message":"Hns migration for
        the account: clitest000003 is not found."}}'
    headers:
      cache-control:
      - no-cache
      content-length:
      - '123'
      content-type:
      - application/json
      date:
      - Sat, 18 Sep 2021 06:44:08 GMT
      expires:
      - '-1'
      pragma:
      - no-cache
      server:
      - Microsoft-Azure-Storage-Resource-Provider/1.0,Microsoft-HTTPAPI/2.0 Microsoft-HTTPAPI/2.0
      strict-transport-security:
      - max-age=31536000; includeSubDomains
      x-content-type-options:
      - nosniff
      x-ms-ratelimit-remaining-subscription-writes:
      - '1196'
    status:
      code: 400
      message: Bad Request
- request:
    body: null
    headers:
      Accept:
      - application/json
      Accept-Encoding:
      - gzip, deflate
      CommandName:
      - storage account hns-migration stop
      Connection:
      - keep-alive
      Content-Length:
      - '0'
      ParameterSetName:
      - -n -g
      User-Agent:
      - AZURECLI/2.28.1 azsdk-python-azure-mgmt-storage/19.0.0 Python/3.7.9 (Windows-10-10.0.19041-SP0)
    method: POST
    uri: https://management.azure.com/subscriptions/00000000-0000-0000-0000-000000000000/resourcegroups/cli_test_hns_migrate000001/providers/Microsoft.Storage/storageAccounts/clitest000003/aborthnsonmigration?api-version=2021-06-01
  response:
    body:
      string: '{"error":{"code":"HnsMigrationNotFound","message":"Hns migration for
        the account: clitest000003 is not found."}}'
    headers:
      cache-control:
      - no-cache
      content-length:
      - '123'
      content-type:
      - application/json
      date:
      - Sat, 18 Sep 2021 06:44:09 GMT
      expires:
      - '-1'
      pragma:
      - no-cache
      server:
      - Microsoft-Azure-Storage-Resource-Provider/1.0,Microsoft-HTTPAPI/2.0 Microsoft-HTTPAPI/2.0
      strict-transport-security:
      - max-age=31536000; includeSubDomains
      x-content-type-options:
      - nosniff
      x-ms-ratelimit-remaining-subscription-writes:
      - '1197'
    status:
      code: 400
      message: Bad Request
- request:
    body: null
    headers:
      Accept:
      - application/json
      Accept-Encoding:
      - gzip, deflate
      CommandName:
      - storage account hns-migration stop
      Connection:
      - keep-alive
      Content-Length:
      - '0'
      ParameterSetName:
      - -n -g
      User-Agent:
      - AZURECLI/2.28.1 azsdk-python-azure-mgmt-storage/19.0.0 Python/3.7.9 (Windows-10-10.0.19041-SP0)
    method: POST
    uri: https://management.azure.com/subscriptions/00000000-0000-0000-0000-000000000000/resourcegroups/cli_test_hns_migrate000001/providers/Microsoft.Storage/storageAccounts/clitest000003/aborthnsonmigration?api-version=2021-06-01
  response:
    body:
      string: '{"error":{"code":"HnsMigrationNotFound","message":"Hns migration for
        the account: clitest000003 is not found."}}'
    headers:
      cache-control:
      - no-cache
      content-length:
      - '123'
      content-type:
      - application/json
      date:
      - Sat, 18 Sep 2021 06:44:10 GMT
      expires:
      - '-1'
      pragma:
      - no-cache
      server:
      - Microsoft-Azure-Storage-Resource-Provider/1.0,Microsoft-HTTPAPI/2.0 Microsoft-HTTPAPI/2.0
      strict-transport-security:
      - max-age=31536000; includeSubDomains
      x-content-type-options:
      - nosniff
      x-ms-ratelimit-remaining-subscription-writes:
      - '1197'
    status:
      code: 400
      message: Bad Request
- request:
    body: null
    headers:
      Accept:
      - application/json
      Accept-Encoding:
      - gzip, deflate
      CommandName:
      - storage account hns-migration stop
      Connection:
      - keep-alive
      Content-Length:
      - '0'
      ParameterSetName:
      - -n -g
      User-Agent:
      - AZURECLI/2.28.1 azsdk-python-azure-mgmt-storage/19.0.0 Python/3.7.9 (Windows-10-10.0.19041-SP0)
    method: POST
    uri: https://management.azure.com/subscriptions/00000000-0000-0000-0000-000000000000/resourcegroups/cli_test_hns_migrate000001/providers/Microsoft.Storage/storageAccounts/clitest000003/aborthnsonmigration?api-version=2021-06-01
  response:
    body:
      string: '{"error":{"code":"HnsMigrationNotFound","message":"Hns migration for
        the account: clitest000003 is not found."}}'
    headers:
      cache-control:
      - no-cache
      content-length:
      - '123'
      content-type:
      - application/json
      date:
      - Sat, 18 Sep 2021 06:44:10 GMT
      expires:
      - '-1'
      pragma:
      - no-cache
      server:
      - Microsoft-Azure-Storage-Resource-Provider/1.0,Microsoft-HTTPAPI/2.0 Microsoft-HTTPAPI/2.0
      strict-transport-security:
      - max-age=31536000; includeSubDomains
      x-content-type-options:
      - nosniff
      x-ms-ratelimit-remaining-subscription-writes:
      - '1197'
    status:
      code: 400
      message: Bad Request
- request:
    body: null
    headers:
      Accept:
      - application/json
      Accept-Encoding:
      - gzip, deflate
      CommandName:
      - storage account hns-migration stop
      Connection:
      - keep-alive
      Content-Length:
      - '0'
      ParameterSetName:
      - -n -g
      User-Agent:
      - AZURECLI/2.28.1 azsdk-python-azure-mgmt-storage/19.0.0 Python/3.7.9 (Windows-10-10.0.19041-SP0)
    method: POST
    uri: https://management.azure.com/subscriptions/00000000-0000-0000-0000-000000000000/resourcegroups/cli_test_hns_migrate000001/providers/Microsoft.Storage/storageAccounts/clitest000003/aborthnsonmigration?api-version=2021-06-01
  response:
    body:
      string: '{"error":{"code":"HnsMigrationNotFound","message":"Hns migration for
        the account: clitest000003 is not found."}}'
    headers:
      cache-control:
      - no-cache
      content-length:
      - '123'
      content-type:
      - application/json
      date:
      - Sat, 18 Sep 2021 06:44:11 GMT
      expires:
      - '-1'
      pragma:
      - no-cache
      server:
      - Microsoft-Azure-Storage-Resource-Provider/1.0,Microsoft-HTTPAPI/2.0 Microsoft-HTTPAPI/2.0
      strict-transport-security:
      - max-age=31536000; includeSubDomains
      x-content-type-options:
      - nosniff
      x-ms-ratelimit-remaining-subscription-writes:
      - '1196'
    status:
      code: 400
      message: Bad Request
- request:
    body: null
    headers:
      Accept:
      - application/json
      Accept-Encoding:
      - gzip, deflate
      CommandName:
      - storage account hns-migration stop
      Connection:
      - keep-alive
      Content-Length:
      - '0'
      ParameterSetName:
      - -n -g
      User-Agent:
      - AZURECLI/2.28.1 azsdk-python-azure-mgmt-storage/19.0.0 Python/3.7.9 (Windows-10-10.0.19041-SP0)
    method: POST
    uri: https://management.azure.com/subscriptions/00000000-0000-0000-0000-000000000000/resourcegroups/cli_test_hns_migrate000001/providers/Microsoft.Storage/storageAccounts/clitest000003/aborthnsonmigration?api-version=2021-06-01
  response:
    body:
      string: '{"error":{"code":"HnsMigrationNotFound","message":"Hns migration for
        the account: clitest000003 is not found."}}'
    headers:
      cache-control:
      - no-cache
      content-length:
      - '123'
      content-type:
      - application/json
      date:
      - Sat, 18 Sep 2021 06:44:12 GMT
      expires:
      - '-1'
      pragma:
      - no-cache
      server:
      - Microsoft-Azure-Storage-Resource-Provider/1.0,Microsoft-HTTPAPI/2.0 Microsoft-HTTPAPI/2.0
      strict-transport-security:
      - max-age=31536000; includeSubDomains
      x-content-type-options:
      - nosniff
      x-ms-ratelimit-remaining-subscription-writes:
      - '1197'
    status:
      code: 400
      message: Bad Request
- request:
    body: null
    headers:
      Accept:
      - application/json
      Accept-Encoding:
      - gzip, deflate
      CommandName:
      - storage account hns-migration stop
      Connection:
      - keep-alive
      Content-Length:
      - '0'
      ParameterSetName:
      - -n -g
      User-Agent:
      - AZURECLI/2.28.1 azsdk-python-azure-mgmt-storage/19.0.0 Python/3.7.9 (Windows-10-10.0.19041-SP0)
    method: POST
    uri: https://management.azure.com/subscriptions/00000000-0000-0000-0000-000000000000/resourcegroups/cli_test_hns_migrate000001/providers/Microsoft.Storage/storageAccounts/clitest000003/aborthnsonmigration?api-version=2021-06-01
  response:
    body:
      string: '{"error":{"code":"HnsMigrationNotFound","message":"Hns migration for
        the account: clitest000003 is not found."}}'
    headers:
      cache-control:
      - no-cache
      content-length:
      - '123'
      content-type:
      - application/json
      date:
      - Sat, 18 Sep 2021 06:44:13 GMT
      expires:
      - '-1'
      pragma:
      - no-cache
      server:
      - Microsoft-Azure-Storage-Resource-Provider/1.0,Microsoft-HTTPAPI/2.0 Microsoft-HTTPAPI/2.0
      strict-transport-security:
      - max-age=31536000; includeSubDomains
      x-content-type-options:
      - nosniff
      x-ms-ratelimit-remaining-subscription-writes:
      - '1196'
    status:
      code: 400
      message: Bad Request
- request:
    body: null
    headers:
      Accept:
      - application/json
      Accept-Encoding:
      - gzip, deflate
      CommandName:
      - storage account hns-migration stop
      Connection:
      - keep-alive
      Content-Length:
      - '0'
      ParameterSetName:
      - -n -g
      User-Agent:
      - AZURECLI/2.28.1 azsdk-python-azure-mgmt-storage/19.0.0 Python/3.7.9 (Windows-10-10.0.19041-SP0)
    method: POST
    uri: https://management.azure.com/subscriptions/00000000-0000-0000-0000-000000000000/resourcegroups/cli_test_hns_migrate000001/providers/Microsoft.Storage/storageAccounts/clitest000003/aborthnsonmigration?api-version=2021-06-01
  response:
    body:
      string: '{"error":{"code":"HnsMigrationNotFound","message":"Hns migration for
        the account: clitest000003 is not found."}}'
    headers:
      cache-control:
      - no-cache
      content-length:
      - '123'
      content-type:
      - application/json
      date:
      - Sat, 18 Sep 2021 06:44:15 GMT
      expires:
      - '-1'
      pragma:
      - no-cache
      server:
      - Microsoft-Azure-Storage-Resource-Provider/1.0,Microsoft-HTTPAPI/2.0 Microsoft-HTTPAPI/2.0
      strict-transport-security:
      - max-age=31536000; includeSubDomains
      x-content-type-options:
      - nosniff
      x-ms-ratelimit-remaining-subscription-writes:
      - '1198'
    status:
      code: 400
      message: Bad Request
- request:
    body: null
    headers:
      Accept:
      - application/json
      Accept-Encoding:
      - gzip, deflate
      CommandName:
      - storage account hns-migration stop
      Connection:
      - keep-alive
      Content-Length:
      - '0'
      ParameterSetName:
      - -n -g
      User-Agent:
      - AZURECLI/2.28.1 azsdk-python-azure-mgmt-storage/19.0.0 Python/3.7.9 (Windows-10-10.0.19041-SP0)
    method: POST
    uri: https://management.azure.com/subscriptions/00000000-0000-0000-0000-000000000000/resourcegroups/cli_test_hns_migrate000001/providers/Microsoft.Storage/storageAccounts/clitest000003/aborthnsonmigration?api-version=2021-06-01
  response:
    body:
      string: '{"error":{"code":"HnsMigrationNotFound","message":"Hns migration for
        the account: clitest000003 is not found."}}'
    headers:
      cache-control:
      - no-cache
      content-length:
      - '123'
      content-type:
      - application/json
      date:
      - Sat, 18 Sep 2021 06:44:15 GMT
      expires:
      - '-1'
      pragma:
      - no-cache
      server:
      - Microsoft-Azure-Storage-Resource-Provider/1.0,Microsoft-HTTPAPI/2.0 Microsoft-HTTPAPI/2.0
      strict-transport-security:
      - max-age=31536000; includeSubDomains
      x-content-type-options:
      - nosniff
      x-ms-ratelimit-remaining-subscription-writes:
      - '1199'
    status:
      code: 400
      message: Bad Request
- request:
    body: null
    headers:
      Accept:
      - application/json
      Accept-Encoding:
      - gzip, deflate
      CommandName:
      - storage account hns-migration stop
      Connection:
      - keep-alive
      Content-Length:
      - '0'
      ParameterSetName:
      - -n -g
      User-Agent:
      - AZURECLI/2.28.1 azsdk-python-azure-mgmt-storage/19.0.0 Python/3.7.9 (Windows-10-10.0.19041-SP0)
    method: POST
    uri: https://management.azure.com/subscriptions/00000000-0000-0000-0000-000000000000/resourcegroups/cli_test_hns_migrate000001/providers/Microsoft.Storage/storageAccounts/clitest000003/aborthnsonmigration?api-version=2021-06-01
  response:
    body:
      string: '{"error":{"code":"HnsMigrationNotFound","message":"Hns migration for
        the account: clitest000003 is not found."}}'
    headers:
      cache-control:
      - no-cache
      content-length:
      - '123'
      content-type:
      - application/json
      date:
      - Sat, 18 Sep 2021 06:44:16 GMT
      expires:
      - '-1'
      pragma:
      - no-cache
      server:
      - Microsoft-Azure-Storage-Resource-Provider/1.0,Microsoft-HTTPAPI/2.0 Microsoft-HTTPAPI/2.0
      strict-transport-security:
      - max-age=31536000; includeSubDomains
      x-content-type-options:
      - nosniff
      x-ms-ratelimit-remaining-subscription-writes:
      - '1196'
    status:
      code: 400
      message: Bad Request
- request:
    body: null
    headers:
      Accept:
      - application/json
      Accept-Encoding:
      - gzip, deflate
      CommandName:
      - storage account hns-migration stop
      Connection:
      - keep-alive
      Content-Length:
      - '0'
      ParameterSetName:
      - -n -g
      User-Agent:
      - AZURECLI/2.28.1 azsdk-python-azure-mgmt-storage/19.0.0 Python/3.7.9 (Windows-10-10.0.19041-SP0)
    method: POST
    uri: https://management.azure.com/subscriptions/00000000-0000-0000-0000-000000000000/resourcegroups/cli_test_hns_migrate000001/providers/Microsoft.Storage/storageAccounts/clitest000003/aborthnsonmigration?api-version=2021-06-01
  response:
    body:
      string: '{"error":{"code":"HnsMigrationNotFound","message":"Hns migration for
        the account: clitest000003 is not found."}}'
    headers:
      cache-control:
      - no-cache
      content-length:
      - '123'
      content-type:
      - application/json
      date:
      - Sat, 18 Sep 2021 06:44:17 GMT
      expires:
      - '-1'
      pragma:
      - no-cache
      server:
      - Microsoft-Azure-Storage-Resource-Provider/1.0,Microsoft-HTTPAPI/2.0 Microsoft-HTTPAPI/2.0
      strict-transport-security:
      - max-age=31536000; includeSubDomains
      x-content-type-options:
      - nosniff
      x-ms-ratelimit-remaining-subscription-writes:
      - '1195'
    status:
      code: 400
      message: Bad Request
- request:
    body: null
    headers:
      Accept:
      - application/json
      Accept-Encoding:
      - gzip, deflate
      CommandName:
      - storage account hns-migration stop
      Connection:
      - keep-alive
      Content-Length:
      - '0'
      ParameterSetName:
      - -n -g
      User-Agent:
      - AZURECLI/2.28.1 azsdk-python-azure-mgmt-storage/19.0.0 Python/3.7.9 (Windows-10-10.0.19041-SP0)
    method: POST
    uri: https://management.azure.com/subscriptions/00000000-0000-0000-0000-000000000000/resourcegroups/cli_test_hns_migrate000001/providers/Microsoft.Storage/storageAccounts/clitest000003/aborthnsonmigration?api-version=2021-06-01
  response:
    body:
      string: '{"error":{"code":"HnsMigrationNotFound","message":"Hns migration for
        the account: clitest000003 is not found."}}'
    headers:
      cache-control:
      - no-cache
      content-length:
      - '123'
      content-type:
      - application/json
      date:
      - Sat, 18 Sep 2021 06:44:18 GMT
      expires:
      - '-1'
      pragma:
      - no-cache
      server:
      - Microsoft-Azure-Storage-Resource-Provider/1.0,Microsoft-HTTPAPI/2.0 Microsoft-HTTPAPI/2.0
      strict-transport-security:
      - max-age=31536000; includeSubDomains
      x-content-type-options:
      - nosniff
      x-ms-ratelimit-remaining-subscription-writes:
      - '1196'
    status:
      code: 400
      message: Bad Request
- request:
    body: null
    headers:
      Accept:
      - application/json
      Accept-Encoding:
      - gzip, deflate
      CommandName:
      - storage account hns-migration stop
      Connection:
      - keep-alive
      Content-Length:
      - '0'
      ParameterSetName:
      - -n -g
      User-Agent:
      - AZURECLI/2.28.1 azsdk-python-azure-mgmt-storage/19.0.0 Python/3.7.9 (Windows-10-10.0.19041-SP0)
    method: POST
    uri: https://management.azure.com/subscriptions/00000000-0000-0000-0000-000000000000/resourcegroups/cli_test_hns_migrate000001/providers/Microsoft.Storage/storageAccounts/clitest000003/aborthnsonmigration?api-version=2021-06-01
  response:
    body:
      string: '{"error":{"code":"HnsMigrationNotFound","message":"Hns migration for
        the account: clitest000003 is not found."}}'
    headers:
      cache-control:
      - no-cache
      content-length:
      - '123'
      content-type:
      - application/json
      date:
      - Sat, 18 Sep 2021 06:44:18 GMT
      expires:
      - '-1'
      pragma:
      - no-cache
      server:
      - Microsoft-Azure-Storage-Resource-Provider/1.0,Microsoft-HTTPAPI/2.0 Microsoft-HTTPAPI/2.0
      strict-transport-security:
      - max-age=31536000; includeSubDomains
      x-content-type-options:
      - nosniff
      x-ms-ratelimit-remaining-subscription-writes:
      - '1199'
    status:
      code: 400
      message: Bad Request
- request:
    body: null
    headers:
      Accept:
      - application/json
      Accept-Encoding:
      - gzip, deflate
      CommandName:
      - storage account hns-migration stop
      Connection:
      - keep-alive
      Content-Length:
      - '0'
      ParameterSetName:
      - -n -g
      User-Agent:
      - AZURECLI/2.28.1 azsdk-python-azure-mgmt-storage/19.0.0 Python/3.7.9 (Windows-10-10.0.19041-SP0)
    method: POST
    uri: https://management.azure.com/subscriptions/00000000-0000-0000-0000-000000000000/resourcegroups/cli_test_hns_migrate000001/providers/Microsoft.Storage/storageAccounts/clitest000003/aborthnsonmigration?api-version=2021-06-01
  response:
    body:
      string: '{"error":{"code":"HnsMigrationNotFound","message":"Hns migration for
        the account: clitest000003 is not found."}}'
    headers:
      cache-control:
      - no-cache
      content-length:
      - '123'
      content-type:
      - application/json
      date:
      - Sat, 18 Sep 2021 06:44:20 GMT
      expires:
      - '-1'
      pragma:
      - no-cache
      server:
      - Microsoft-Azure-Storage-Resource-Provider/1.0,Microsoft-HTTPAPI/2.0 Microsoft-HTTPAPI/2.0
      strict-transport-security:
      - max-age=31536000; includeSubDomains
      x-content-type-options:
      - nosniff
      x-ms-ratelimit-remaining-subscription-writes:
      - '1196'
    status:
      code: 400
      message: Bad Request
- request:
    body: null
    headers:
      Accept:
      - application/json
      Accept-Encoding:
      - gzip, deflate
      CommandName:
      - storage account hns-migration stop
      Connection:
      - keep-alive
      Content-Length:
      - '0'
      ParameterSetName:
      - -n -g
      User-Agent:
      - AZURECLI/2.28.1 azsdk-python-azure-mgmt-storage/19.0.0 Python/3.7.9 (Windows-10-10.0.19041-SP0)
    method: POST
    uri: https://management.azure.com/subscriptions/00000000-0000-0000-0000-000000000000/resourcegroups/cli_test_hns_migrate000001/providers/Microsoft.Storage/storageAccounts/clitest000003/aborthnsonmigration?api-version=2021-06-01
  response:
    body:
      string: '{"error":{"code":"HnsMigrationNotFound","message":"Hns migration for
        the account: clitest000003 is not found."}}'
    headers:
      cache-control:
      - no-cache
      content-length:
      - '123'
      content-type:
      - application/json
      date:
      - Sat, 18 Sep 2021 06:44:20 GMT
      expires:
      - '-1'
      pragma:
      - no-cache
      server:
      - Microsoft-Azure-Storage-Resource-Provider/1.0,Microsoft-HTTPAPI/2.0 Microsoft-HTTPAPI/2.0
      strict-transport-security:
      - max-age=31536000; includeSubDomains
      x-content-type-options:
      - nosniff
      x-ms-ratelimit-remaining-subscription-writes:
      - '1193'
    status:
      code: 400
      message: Bad Request
- request:
    body: null
    headers:
      Accept:
      - application/json
      Accept-Encoding:
      - gzip, deflate
      CommandName:
      - storage account hns-migration stop
      Connection:
      - keep-alive
      Content-Length:
      - '0'
      ParameterSetName:
      - -n -g
      User-Agent:
      - AZURECLI/2.28.1 azsdk-python-azure-mgmt-storage/19.0.0 Python/3.7.9 (Windows-10-10.0.19041-SP0)
    method: POST
    uri: https://management.azure.com/subscriptions/00000000-0000-0000-0000-000000000000/resourcegroups/cli_test_hns_migrate000001/providers/Microsoft.Storage/storageAccounts/clitest000003/aborthnsonmigration?api-version=2021-06-01
  response:
    body:
      string: '{"error":{"code":"HnsMigrationNotFound","message":"Hns migration for
        the account: clitest000003 is not found."}}'
    headers:
      cache-control:
      - no-cache
      content-length:
      - '123'
      content-type:
      - application/json
      date:
      - Sat, 18 Sep 2021 06:44:21 GMT
      expires:
      - '-1'
      pragma:
      - no-cache
      server:
      - Microsoft-Azure-Storage-Resource-Provider/1.0,Microsoft-HTTPAPI/2.0 Microsoft-HTTPAPI/2.0
      strict-transport-security:
      - max-age=31536000; includeSubDomains
      x-content-type-options:
      - nosniff
      x-ms-ratelimit-remaining-subscription-writes:
      - '1195'
    status:
      code: 400
      message: Bad Request
- request:
    body: null
    headers:
      Accept:
      - application/json
      Accept-Encoding:
      - gzip, deflate
      CommandName:
      - storage account hns-migration stop
      Connection:
      - keep-alive
      Content-Length:
      - '0'
      ParameterSetName:
      - -n -g
      User-Agent:
      - AZURECLI/2.28.1 azsdk-python-azure-mgmt-storage/19.0.0 Python/3.7.9 (Windows-10-10.0.19041-SP0)
    method: POST
    uri: https://management.azure.com/subscriptions/00000000-0000-0000-0000-000000000000/resourcegroups/cli_test_hns_migrate000001/providers/Microsoft.Storage/storageAccounts/clitest000003/aborthnsonmigration?api-version=2021-06-01
  response:
    body:
      string: '{"error":{"code":"HnsMigrationNotFound","message":"Hns migration for
        the account: clitest000003 is not found."}}'
    headers:
      cache-control:
      - no-cache
      content-length:
      - '123'
      content-type:
      - application/json
      date:
      - Sat, 18 Sep 2021 06:44:22 GMT
      expires:
      - '-1'
      pragma:
      - no-cache
      server:
      - Microsoft-Azure-Storage-Resource-Provider/1.0,Microsoft-HTTPAPI/2.0 Microsoft-HTTPAPI/2.0
      strict-transport-security:
      - max-age=31536000; includeSubDomains
      x-content-type-options:
      - nosniff
      x-ms-ratelimit-remaining-subscription-writes:
      - '1197'
    status:
      code: 400
      message: Bad Request
- request:
    body: null
    headers:
      Accept:
      - application/json
      Accept-Encoding:
      - gzip, deflate
      CommandName:
      - storage account hns-migration stop
      Connection:
      - keep-alive
      Content-Length:
      - '0'
      ParameterSetName:
      - -n -g
      User-Agent:
      - AZURECLI/2.28.1 azsdk-python-azure-mgmt-storage/19.0.0 Python/3.7.9 (Windows-10-10.0.19041-SP0)
    method: POST
    uri: https://management.azure.com/subscriptions/00000000-0000-0000-0000-000000000000/resourcegroups/cli_test_hns_migrate000001/providers/Microsoft.Storage/storageAccounts/clitest000003/aborthnsonmigration?api-version=2021-06-01
  response:
    body:
      string: '{"error":{"code":"HnsMigrationNotFound","message":"Hns migration for
        the account: clitest000003 is not found."}}'
    headers:
      cache-control:
      - no-cache
      content-length:
      - '123'
      content-type:
      - application/json
      date:
      - Sat, 18 Sep 2021 06:44:22 GMT
      expires:
      - '-1'
      pragma:
      - no-cache
      server:
      - Microsoft-Azure-Storage-Resource-Provider/1.0,Microsoft-HTTPAPI/2.0 Microsoft-HTTPAPI/2.0
      strict-transport-security:
      - max-age=31536000; includeSubDomains
      x-content-type-options:
      - nosniff
      x-ms-ratelimit-remaining-subscription-writes:
      - '1195'
    status:
      code: 400
      message: Bad Request
- request:
    body: null
    headers:
      Accept:
      - application/json
      Accept-Encoding:
      - gzip, deflate
      CommandName:
      - storage account hns-migration stop
      Connection:
      - keep-alive
      Content-Length:
      - '0'
      ParameterSetName:
      - -n -g
      User-Agent:
      - AZURECLI/2.28.1 azsdk-python-azure-mgmt-storage/19.0.0 Python/3.7.9 (Windows-10-10.0.19041-SP0)
    method: POST
    uri: https://management.azure.com/subscriptions/00000000-0000-0000-0000-000000000000/resourcegroups/cli_test_hns_migrate000001/providers/Microsoft.Storage/storageAccounts/clitest000003/aborthnsonmigration?api-version=2021-06-01
  response:
    body:
      string: '{"error":{"code":"HnsMigrationNotFound","message":"Hns migration for
        the account: clitest000003 is not found."}}'
    headers:
      cache-control:
      - no-cache
      content-length:
      - '123'
      content-type:
      - application/json
      date:
      - Sat, 18 Sep 2021 06:44:24 GMT
      expires:
      - '-1'
      pragma:
      - no-cache
      server:
      - Microsoft-Azure-Storage-Resource-Provider/1.0,Microsoft-HTTPAPI/2.0 Microsoft-HTTPAPI/2.0
      strict-transport-security:
      - max-age=31536000; includeSubDomains
      x-content-type-options:
      - nosniff
      x-ms-ratelimit-remaining-subscription-writes:
      - '1198'
    status:
      code: 400
      message: Bad Request
- request:
    body: null
    headers:
      Accept:
      - application/json
      Accept-Encoding:
      - gzip, deflate
      CommandName:
      - storage account hns-migration stop
      Connection:
      - keep-alive
      Content-Length:
      - '0'
      ParameterSetName:
      - -n -g
      User-Agent:
      - AZURECLI/2.28.1 azsdk-python-azure-mgmt-storage/19.0.0 Python/3.7.9 (Windows-10-10.0.19041-SP0)
    method: POST
    uri: https://management.azure.com/subscriptions/00000000-0000-0000-0000-000000000000/resourcegroups/cli_test_hns_migrate000001/providers/Microsoft.Storage/storageAccounts/clitest000003/aborthnsonmigration?api-version=2021-06-01
  response:
    body:
      string: '{"error":{"code":"HnsMigrationNotFound","message":"Hns migration for
        the account: clitest000003 is not found."}}'
    headers:
      cache-control:
      - no-cache
      content-length:
      - '123'
      content-type:
      - application/json
      date:
      - Sat, 18 Sep 2021 06:44:24 GMT
      expires:
      - '-1'
      pragma:
      - no-cache
      server:
      - Microsoft-Azure-Storage-Resource-Provider/1.0,Microsoft-HTTPAPI/2.0 Microsoft-HTTPAPI/2.0
      strict-transport-security:
      - max-age=31536000; includeSubDomains
      x-content-type-options:
      - nosniff
      x-ms-ratelimit-remaining-subscription-writes:
      - '1198'
    status:
      code: 400
      message: Bad Request
- request:
    body: null
    headers:
      Accept:
      - application/json
      Accept-Encoding:
      - gzip, deflate
      CommandName:
      - storage account hns-migration stop
      Connection:
      - keep-alive
      Content-Length:
      - '0'
      ParameterSetName:
      - -n -g
      User-Agent:
      - AZURECLI/2.28.1 azsdk-python-azure-mgmt-storage/19.0.0 Python/3.7.9 (Windows-10-10.0.19041-SP0)
    method: POST
    uri: https://management.azure.com/subscriptions/00000000-0000-0000-0000-000000000000/resourcegroups/cli_test_hns_migrate000001/providers/Microsoft.Storage/storageAccounts/clitest000003/aborthnsonmigration?api-version=2021-06-01
  response:
    body:
      string: '{"error":{"code":"HnsMigrationNotFound","message":"Hns migration for
        the account: clitest000003 is not found."}}'
    headers:
      cache-control:
      - no-cache
      content-length:
      - '123'
      content-type:
      - application/json
      date:
      - Sat, 18 Sep 2021 06:44:26 GMT
      expires:
      - '-1'
      pragma:
      - no-cache
      server:
      - Microsoft-Azure-Storage-Resource-Provider/1.0,Microsoft-HTTPAPI/2.0 Microsoft-HTTPAPI/2.0
      strict-transport-security:
      - max-age=31536000; includeSubDomains
      x-content-type-options:
      - nosniff
      x-ms-ratelimit-remaining-subscription-writes:
      - '1199'
    status:
      code: 400
      message: Bad Request
- request:
    body: null
    headers:
      Accept:
      - application/json
      Accept-Encoding:
      - gzip, deflate
      CommandName:
      - storage account hns-migration stop
      Connection:
      - keep-alive
      Content-Length:
      - '0'
      ParameterSetName:
      - -n -g
      User-Agent:
      - AZURECLI/2.28.1 azsdk-python-azure-mgmt-storage/19.0.0 Python/3.7.9 (Windows-10-10.0.19041-SP0)
    method: POST
    uri: https://management.azure.com/subscriptions/00000000-0000-0000-0000-000000000000/resourcegroups/cli_test_hns_migrate000001/providers/Microsoft.Storage/storageAccounts/clitest000003/aborthnsonmigration?api-version=2021-06-01
  response:
    body:
      string: '{"error":{"code":"HnsMigrationNotFound","message":"Hns migration for
        the account: clitest000003 is not found."}}'
    headers:
      cache-control:
      - no-cache
      content-length:
      - '123'
      content-type:
      - application/json
      date:
      - Sat, 18 Sep 2021 06:44:26 GMT
      expires:
      - '-1'
      pragma:
      - no-cache
      server:
      - Microsoft-Azure-Storage-Resource-Provider/1.0,Microsoft-HTTPAPI/2.0 Microsoft-HTTPAPI/2.0
      strict-transport-security:
      - max-age=31536000; includeSubDomains
      x-content-type-options:
      - nosniff
      x-ms-ratelimit-remaining-subscription-writes:
      - '1196'
    status:
      code: 400
      message: Bad Request
- request:
    body: null
    headers:
      Accept:
      - application/json
      Accept-Encoding:
      - gzip, deflate
      CommandName:
      - storage account hns-migration stop
      Connection:
      - keep-alive
      Content-Length:
      - '0'
      ParameterSetName:
      - -n -g
      User-Agent:
      - AZURECLI/2.28.1 azsdk-python-azure-mgmt-storage/19.0.0 Python/3.7.9 (Windows-10-10.0.19041-SP0)
    method: POST
    uri: https://management.azure.com/subscriptions/00000000-0000-0000-0000-000000000000/resourcegroups/cli_test_hns_migrate000001/providers/Microsoft.Storage/storageAccounts/clitest000003/aborthnsonmigration?api-version=2021-06-01
  response:
    body:
      string: '{"error":{"code":"HnsMigrationNotFound","message":"Hns migration for
        the account: clitest000003 is not found."}}'
    headers:
      cache-control:
      - no-cache
      content-length:
      - '123'
      content-type:
      - application/json
      date:
      - Sat, 18 Sep 2021 06:44:27 GMT
      expires:
      - '-1'
      pragma:
      - no-cache
      server:
      - Microsoft-Azure-Storage-Resource-Provider/1.0,Microsoft-HTTPAPI/2.0 Microsoft-HTTPAPI/2.0
      strict-transport-security:
      - max-age=31536000; includeSubDomains
      x-content-type-options:
      - nosniff
      x-ms-ratelimit-remaining-subscription-writes:
      - '1198'
    status:
      code: 400
      message: Bad Request
- request:
    body: null
    headers:
      Accept:
      - application/json
      Accept-Encoding:
      - gzip, deflate
      CommandName:
      - storage account hns-migration stop
      Connection:
      - keep-alive
      Content-Length:
      - '0'
      ParameterSetName:
      - -n -g
      User-Agent:
      - AZURECLI/2.28.1 azsdk-python-azure-mgmt-storage/19.0.0 Python/3.7.9 (Windows-10-10.0.19041-SP0)
    method: POST
    uri: https://management.azure.com/subscriptions/00000000-0000-0000-0000-000000000000/resourcegroups/cli_test_hns_migrate000001/providers/Microsoft.Storage/storageAccounts/clitest000003/aborthnsonmigration?api-version=2021-06-01
  response:
    body:
      string: '{"error":{"code":"HnsMigrationNotFound","message":"Hns migration for
        the account: clitest000003 is not found."}}'
    headers:
      cache-control:
      - no-cache
      content-length:
      - '123'
      content-type:
      - application/json
      date:
      - Sat, 18 Sep 2021 06:44:28 GMT
      expires:
      - '-1'
      pragma:
      - no-cache
      server:
      - Microsoft-Azure-Storage-Resource-Provider/1.0,Microsoft-HTTPAPI/2.0 Microsoft-HTTPAPI/2.0
      strict-transport-security:
      - max-age=31536000; includeSubDomains
      x-content-type-options:
      - nosniff
      x-ms-ratelimit-remaining-subscription-writes:
      - '1196'
    status:
      code: 400
      message: Bad Request
- request:
    body: null
    headers:
      Accept:
      - application/json
      Accept-Encoding:
      - gzip, deflate
      CommandName:
      - storage account hns-migration stop
      Connection:
      - keep-alive
      Content-Length:
      - '0'
      ParameterSetName:
      - -n -g
      User-Agent:
      - AZURECLI/2.28.1 azsdk-python-azure-mgmt-storage/19.0.0 Python/3.7.9 (Windows-10-10.0.19041-SP0)
    method: POST
    uri: https://management.azure.com/subscriptions/00000000-0000-0000-0000-000000000000/resourcegroups/cli_test_hns_migrate000001/providers/Microsoft.Storage/storageAccounts/clitest000003/aborthnsonmigration?api-version=2021-06-01
  response:
    body:
      string: '{"error":{"code":"HnsMigrationNotFound","message":"Hns migration for
        the account: clitest000003 is not found."}}'
    headers:
      cache-control:
      - no-cache
      content-length:
      - '123'
      content-type:
      - application/json
      date:
      - Sat, 18 Sep 2021 06:44:30 GMT
      expires:
      - '-1'
      pragma:
      - no-cache
      server:
      - Microsoft-Azure-Storage-Resource-Provider/1.0,Microsoft-HTTPAPI/2.0 Microsoft-HTTPAPI/2.0
      strict-transport-security:
      - max-age=31536000; includeSubDomains
      x-content-type-options:
      - nosniff
      x-ms-ratelimit-remaining-subscription-writes:
      - '1191'
    status:
      code: 400
      message: Bad Request
- request:
    body: null
    headers:
      Accept:
      - application/json
      Accept-Encoding:
      - gzip, deflate
      CommandName:
      - storage account hns-migration stop
      Connection:
      - keep-alive
      Content-Length:
      - '0'
      ParameterSetName:
      - -n -g
      User-Agent:
      - AZURECLI/2.28.1 azsdk-python-azure-mgmt-storage/19.0.0 Python/3.7.9 (Windows-10-10.0.19041-SP0)
    method: POST
    uri: https://management.azure.com/subscriptions/00000000-0000-0000-0000-000000000000/resourcegroups/cli_test_hns_migrate000001/providers/Microsoft.Storage/storageAccounts/clitest000003/aborthnsonmigration?api-version=2021-06-01
  response:
    body:
      string: '{"error":{"code":"HnsMigrationNotFound","message":"Hns migration for
        the account: clitest000003 is not found."}}'
    headers:
      cache-control:
      - no-cache
      content-length:
      - '123'
      content-type:
      - application/json
      date:
      - Sat, 18 Sep 2021 06:44:30 GMT
      expires:
      - '-1'
      pragma:
      - no-cache
      server:
      - Microsoft-Azure-Storage-Resource-Provider/1.0,Microsoft-HTTPAPI/2.0 Microsoft-HTTPAPI/2.0
      strict-transport-security:
      - max-age=31536000; includeSubDomains
      x-content-type-options:
      - nosniff
      x-ms-ratelimit-remaining-subscription-writes:
      - '1198'
    status:
      code: 400
      message: Bad Request
- request:
    body: null
    headers:
      Accept:
      - application/json
      Accept-Encoding:
      - gzip, deflate
      CommandName:
      - storage account hns-migration stop
      Connection:
      - keep-alive
      Content-Length:
      - '0'
      ParameterSetName:
      - -n -g
      User-Agent:
      - AZURECLI/2.28.1 azsdk-python-azure-mgmt-storage/19.0.0 Python/3.7.9 (Windows-10-10.0.19041-SP0)
    method: POST
    uri: https://management.azure.com/subscriptions/00000000-0000-0000-0000-000000000000/resourcegroups/cli_test_hns_migrate000001/providers/Microsoft.Storage/storageAccounts/clitest000003/aborthnsonmigration?api-version=2021-06-01
  response:
    body:
      string: '{"error":{"code":"HnsMigrationNotFound","message":"Hns migration for
        the account: clitest000003 is not found."}}'
    headers:
      cache-control:
      - no-cache
      content-length:
      - '123'
      content-type:
      - application/json
      date:
      - Sat, 18 Sep 2021 06:44:31 GMT
      expires:
      - '-1'
      pragma:
      - no-cache
      server:
      - Microsoft-Azure-Storage-Resource-Provider/1.0,Microsoft-HTTPAPI/2.0 Microsoft-HTTPAPI/2.0
      strict-transport-security:
      - max-age=31536000; includeSubDomains
      x-content-type-options:
      - nosniff
      x-ms-ratelimit-remaining-subscription-writes:
      - '1195'
    status:
      code: 400
      message: Bad Request
- request:
    body: null
    headers:
      Accept:
      - application/json
      Accept-Encoding:
      - gzip, deflate
      CommandName:
      - storage account hns-migration stop
      Connection:
      - keep-alive
      Content-Length:
      - '0'
      ParameterSetName:
      - -n -g
      User-Agent:
      - AZURECLI/2.28.1 azsdk-python-azure-mgmt-storage/19.0.0 Python/3.7.9 (Windows-10-10.0.19041-SP0)
    method: POST
    uri: https://management.azure.com/subscriptions/00000000-0000-0000-0000-000000000000/resourcegroups/cli_test_hns_migrate000001/providers/Microsoft.Storage/storageAccounts/clitest000003/aborthnsonmigration?api-version=2021-06-01
  response:
    body:
      string: '{"error":{"code":"HnsMigrationNotFound","message":"Hns migration for
        the account: clitest000003 is not found."}}'
    headers:
      cache-control:
      - no-cache
      content-length:
      - '123'
      content-type:
      - application/json
      date:
      - Sat, 18 Sep 2021 06:44:32 GMT
      expires:
      - '-1'
      pragma:
      - no-cache
      server:
      - Microsoft-Azure-Storage-Resource-Provider/1.0,Microsoft-HTTPAPI/2.0 Microsoft-HTTPAPI/2.0
      strict-transport-security:
      - max-age=31536000; includeSubDomains
      x-content-type-options:
      - nosniff
      x-ms-ratelimit-remaining-subscription-writes:
      - '1190'
    status:
      code: 400
      message: Bad Request
- request:
    body: null
    headers:
      Accept:
      - application/json
      Accept-Encoding:
      - gzip, deflate
      CommandName:
      - storage account hns-migration stop
      Connection:
      - keep-alive
      Content-Length:
      - '0'
      ParameterSetName:
      - -n -g
      User-Agent:
      - AZURECLI/2.28.1 azsdk-python-azure-mgmt-storage/19.0.0 Python/3.7.9 (Windows-10-10.0.19041-SP0)
    method: POST
    uri: https://management.azure.com/subscriptions/00000000-0000-0000-0000-000000000000/resourcegroups/cli_test_hns_migrate000001/providers/Microsoft.Storage/storageAccounts/clitest000003/aborthnsonmigration?api-version=2021-06-01
  response:
    body:
      string: '{"error":{"code":"HnsMigrationNotFound","message":"Hns migration for
        the account: clitest000003 is not found."}}'
    headers:
      cache-control:
      - no-cache
      content-length:
      - '123'
      content-type:
      - application/json
      date:
      - Sat, 18 Sep 2021 06:44:32 GMT
      expires:
      - '-1'
      pragma:
      - no-cache
      server:
      - Microsoft-Azure-Storage-Resource-Provider/1.0,Microsoft-HTTPAPI/2.0 Microsoft-HTTPAPI/2.0
      strict-transport-security:
      - max-age=31536000; includeSubDomains
      x-content-type-options:
      - nosniff
      x-ms-ratelimit-remaining-subscription-writes:
      - '1197'
    status:
      code: 400
      message: Bad Request
- request:
    body: null
    headers:
      Accept:
      - application/json
      Accept-Encoding:
      - gzip, deflate
      CommandName:
      - storage account hns-migration stop
      Connection:
      - keep-alive
      Content-Length:
      - '0'
      ParameterSetName:
      - -n -g
      User-Agent:
      - AZURECLI/2.28.1 azsdk-python-azure-mgmt-storage/19.0.0 Python/3.7.9 (Windows-10-10.0.19041-SP0)
    method: POST
    uri: https://management.azure.com/subscriptions/00000000-0000-0000-0000-000000000000/resourcegroups/cli_test_hns_migrate000001/providers/Microsoft.Storage/storageAccounts/clitest000003/aborthnsonmigration?api-version=2021-06-01
  response:
    body:
      string: '{"error":{"code":"HnsMigrationNotFound","message":"Hns migration for
        the account: clitest000003 is not found."}}'
    headers:
      cache-control:
      - no-cache
      content-length:
      - '123'
      content-type:
      - application/json
      date:
      - Sat, 18 Sep 2021 06:44:33 GMT
      expires:
      - '-1'
      pragma:
      - no-cache
      server:
      - Microsoft-Azure-Storage-Resource-Provider/1.0,Microsoft-HTTPAPI/2.0 Microsoft-HTTPAPI/2.0
      strict-transport-security:
      - max-age=31536000; includeSubDomains
      x-content-type-options:
      - nosniff
      x-ms-ratelimit-remaining-subscription-writes:
      - '1197'
    status:
      code: 400
      message: Bad Request
- request:
    body: null
    headers:
      Accept:
      - application/json
      Accept-Encoding:
      - gzip, deflate
      CommandName:
      - storage account hns-migration stop
      Connection:
      - keep-alive
      Content-Length:
      - '0'
      ParameterSetName:
      - -n -g
      User-Agent:
      - AZURECLI/2.28.1 azsdk-python-azure-mgmt-storage/19.0.0 Python/3.7.9 (Windows-10-10.0.19041-SP0)
    method: POST
    uri: https://management.azure.com/subscriptions/00000000-0000-0000-0000-000000000000/resourcegroups/cli_test_hns_migrate000001/providers/Microsoft.Storage/storageAccounts/clitest000003/aborthnsonmigration?api-version=2021-06-01
  response:
    body:
      string: '{"error":{"code":"HnsMigrationNotFound","message":"Hns migration for
        the account: clitest000003 is not found."}}'
    headers:
      cache-control:
      - no-cache
      content-length:
      - '123'
      content-type:
      - application/json
      date:
      - Sat, 18 Sep 2021 06:44:34 GMT
      expires:
      - '-1'
      pragma:
      - no-cache
      server:
      - Microsoft-Azure-Storage-Resource-Provider/1.0,Microsoft-HTTPAPI/2.0 Microsoft-HTTPAPI/2.0
      strict-transport-security:
      - max-age=31536000; includeSubDomains
      x-content-type-options:
      - nosniff
      x-ms-ratelimit-remaining-subscription-writes:
      - '1198'
    status:
      code: 400
      message: Bad Request
- request:
    body: null
    headers:
      Accept:
      - application/json
      Accept-Encoding:
      - gzip, deflate
      CommandName:
      - storage account hns-migration stop
      Connection:
      - keep-alive
      Content-Length:
      - '0'
      ParameterSetName:
      - -n -g
      User-Agent:
      - AZURECLI/2.28.1 azsdk-python-azure-mgmt-storage/19.0.0 Python/3.7.9 (Windows-10-10.0.19041-SP0)
    method: POST
    uri: https://management.azure.com/subscriptions/00000000-0000-0000-0000-000000000000/resourcegroups/cli_test_hns_migrate000001/providers/Microsoft.Storage/storageAccounts/clitest000003/aborthnsonmigration?api-version=2021-06-01
  response:
    body:
      string: ''
    headers:
      azure-asyncoperation:
      - https://management.azure.com/subscriptions/00000000-0000-0000-0000-000000000000/providers/Microsoft.Storage/locations/eastus2/asyncoperations/5975793a-98e0-423f-a187-5a4d02485701?monitor=true&api-version=2021-06-01
      cache-control:
      - no-cache
      content-length:
      - '0'
      content-type:
      - text/plain; charset=utf-8
      date:
      - Sat, 18 Sep 2021 06:44:35 GMT
      expires:
      - '-1'
      location:
      - https://management.azure.com/subscriptions/00000000-0000-0000-0000-000000000000/providers/Microsoft.Storage/locations/eastus2/asyncoperations/5975793a-98e0-423f-a187-5a4d02485701?monitor=true&api-version=2021-06-01
      pragma:
      - no-cache
      server:
      - Microsoft-Azure-Storage-Resource-Provider/1.0,Microsoft-HTTPAPI/2.0 Microsoft-HTTPAPI/2.0
      strict-transport-security:
      - max-age=31536000; includeSubDomains
      x-content-type-options:
      - nosniff
      x-ms-ratelimit-remaining-subscription-writes:
      - '1196'
    status:
      code: 202
      message: Accepted
- request:
    body: null
    headers:
      Accept:
      - '*/*'
      Accept-Encoding:
      - gzip, deflate
      CommandName:
      - storage account hns-migration stop
      Connection:
      - keep-alive
      ParameterSetName:
      - -n -g
      User-Agent:
      - AZURECLI/2.28.1 azsdk-python-azure-mgmt-storage/19.0.0 Python/3.7.9 (Windows-10-10.0.19041-SP0)
    method: GET
    uri: https://management.azure.com/subscriptions/00000000-0000-0000-0000-000000000000/providers/Microsoft.Storage/locations/eastus2/asyncoperations/5975793a-98e0-423f-a187-5a4d02485701?monitor=true&api-version=2021-06-01
  response:
    body:
      string: '{"status":"InProgress","properties":"{\"HnsOnMigrationRequestType\":1}","percentComplete":0.0}'
    headers:
      cache-control:
      - no-cache
      content-length:
      - '94'
      content-type:
      - application/json
      date:
      - Sat, 18 Sep 2021 06:44:53 GMT
      expires:
      - '-1'
      location:
      - https://management.azure.com/subscriptions/00000000-0000-0000-0000-000000000000/providers/Microsoft.Storage/locations/eastus2/asyncoperations/5975793a-98e0-423f-a187-5a4d02485701?monitor=true&api-version=2021-06-01
      pragma:
      - no-cache
      server:
      - Microsoft-Azure-Storage-Resource-Provider/1.0,Microsoft-HTTPAPI/2.0 Microsoft-HTTPAPI/2.0
      strict-transport-security:
      - max-age=31536000; includeSubDomains
      x-content-type-options:
      - nosniff
    status:
      code: 202
      message: Accepted
- request:
    body: null
    headers:
      Accept:
      - '*/*'
      Accept-Encoding:
      - gzip, deflate
      CommandName:
      - storage account hns-migration stop
      Connection:
      - keep-alive
      ParameterSetName:
      - -n -g
      User-Agent:
      - AZURECLI/2.28.1 azsdk-python-azure-mgmt-storage/19.0.0 Python/3.7.9 (Windows-10-10.0.19041-SP0)
    method: GET
    uri: https://management.azure.com/subscriptions/00000000-0000-0000-0000-000000000000/providers/Microsoft.Storage/locations/eastus2/asyncoperations/5975793a-98e0-423f-a187-5a4d02485701?monitor=true&api-version=2021-06-01
  response:
    body:
      string: '{"status":"Succeeded","properties":"{\"HnsOnMigrationRequestType\":1}"}'
    headers:
      cache-control:
      - no-cache
      content-length:
      - '71'
      content-type:
      - application/json
      date:
      - Sat, 18 Sep 2021 06:45:10 GMT
      expires:
      - '-1'
      pragma:
      - no-cache
      server:
      - Microsoft-Azure-Storage-Resource-Provider/1.0,Microsoft-HTTPAPI/2.0 Microsoft-HTTPAPI/2.0
      strict-transport-security:
      - max-age=31536000; includeSubDomains
      transfer-encoding:
      - chunked
      vary:
      - Accept-Encoding
      x-content-type-options:
      - nosniff
    status:
      code: 200
      message: OK
- request:
    body: null
    headers:
      Accept:
      - '*/*'
      Accept-Encoding:
      - gzip, deflate
      CommandName:
      - storage account hns-migration stop
      Connection:
      - keep-alive
      ParameterSetName:
      - -n -g
      User-Agent:
      - AZURECLI/2.28.1 azsdk-python-azure-mgmt-storage/19.0.0 Python/3.7.9 (Windows-10-10.0.19041-SP0)
    method: GET
    uri: https://management.azure.com/subscriptions/00000000-0000-0000-0000-000000000000/providers/Microsoft.Storage/locations/eastus2/asyncoperations/5975793a-98e0-423f-a187-5a4d02485701?monitor=true&api-version=2021-06-01
  response:
    body:
      string: '{"status":"Succeeded","properties":"{\"HnsOnMigrationRequestType\":1}"}'
    headers:
      cache-control:
      - no-cache
      content-length:
      - '71'
      content-type:
      - application/json
      date:
      - Sat, 18 Sep 2021 06:45:10 GMT
      expires:
      - '-1'
      pragma:
      - no-cache
      server:
      - Microsoft-Azure-Storage-Resource-Provider/1.0,Microsoft-HTTPAPI/2.0 Microsoft-HTTPAPI/2.0
      strict-transport-security:
      - max-age=31536000; includeSubDomains
      transfer-encoding:
      - chunked
      vary:
      - Accept-Encoding
      x-content-type-options:
      - nosniff
    status:
      code: 200
      message: OK
version: 1
