interactions:
- request:
    body: null
    headers:
      Accept:
      - application/json
      Accept-Encoding:
      - gzip, deflate
      CommandName:
      - keyvault create
      Connection:
      - keep-alive
      ParameterSetName:
      - -n -g -o --query
      User-Agent:
      - python/3.8.2 (Windows-10-10.0.19041-SP0) msrest/0.6.21 msrest_azure/0.6.3
        azure-mgmt-resource/12.1.0 Azure-SDK-For-Python AZURECLI/2.22.1
      accept-language:
      - en-US
    method: GET
    uri: https://management.azure.com/subscriptions/00000000-0000-0000-0000-000000000000/resourcegroups/clitest.rg000001?api-version=2020-10-01
  response:
    body:
      string: '{"id":"/subscriptions/00000000-0000-0000-0000-000000000000/resourceGroups/clitest.rg000001","name":"clitest.rg000001","type":"Microsoft.Resources/resourceGroups","location":"southcentralus","tags":{"product":"azurecli","cause":"automation","date":"2021-04-21T06:28:16Z"},"properties":{"provisioningState":"Succeeded"}}'
    headers:
      cache-control:
      - no-cache
      content-length:
      - '436'
      content-type:
      - application/json; charset=utf-8
      date:
      - Wed, 21 Apr 2021 06:28:46 GMT
      expires:
      - '-1'
      pragma:
      - no-cache
      strict-transport-security:
      - max-age=31536000; includeSubDomains
      vary:
      - Accept-Encoding
      x-content-type-options:
      - nosniff
    status:
      code: 200
      message: OK
- request:
    body: null
    headers:
      Accept:
      - application/json
      Accept-Encoding:
      - gzip, deflate
      Connection:
      - keep-alive
      User-Agent:
      - python/3.8.2 (Windows-10-10.0.19041-SP0) msrest/0.6.21 msrest_azure/0.6.3
        azure-graphrbac/0.60.0 Azure-SDK-For-Python
      accept-language:
      - en-US
    method: GET
    uri: https://graph.windows.net/00000000-0000-0000-0000-000000000000/me?api-version=1.6
  response:
    body:
      string: '{"odata.metadata":"https://graph.windows.net/00000000-0000-0000-0000-000000000000/$metadata#directoryObjects/@Element","odata.type":"Microsoft.DirectoryServices.User","objectType":"User","objectId":"f3ea48f6-a16e-4b37-8260-f69cf2200525","deletionTimestamp":null,"accountEnabled":true,"ageGroup":null,"assignedLicenses":[],"assignedPlans":[],"city":null,"companyName":null,"consentProvidedForMinor":null,"country":null,"createdDateTime":"2020-04-07T09:37:40Z","creationType":"Invitation","department":null,"dirSyncEnabled":null,"displayName":"Houk
        Chen","employeeId":null,"facsimileTelephoneNumber":null,"givenName":null,"immutableId":null,"isCompromised":null,"jobTitle":null,"lastDirSyncTime":null,"legalAgeGroupClassification":null,"mail":"honc@microsoft.com","mailNickname":"honc_microsoft.com#EXT#","mobile":null,"onPremisesDistinguishedName":null,"onPremisesSecurityIdentifier":null,"otherMails":["honc@microsoft.com"],"passwordPolicies":null,"passwordProfile":null,"physicalDeliveryOfficeName":null,"postalCode":null,"preferredLanguage":null,"provisionedPlans":[],"provisioningErrors":[],"proxyAddresses":["SMTP:honc@microsoft.com"],"refreshTokensValidFromDateTime":"2020-04-07T09:37:40Z","showInAddressList":false,"signInNames":[],"sipProxyAddress":null,"state":null,"streetAddress":null,"surname":null,"telephoneNumber":null,"thumbnailPhoto@odata.mediaEditLink":"directoryObjects/f3ea48f6-a16e-4b37-8260-f69cf2200525/Microsoft.DirectoryServices.User/thumbnailPhoto","usageLocation":null,"userIdentities":[],"userPrincipalName":"honc_microsoft.com#EXT#@AzureSDKTeam.onmicrosoft.com","userState":"Accepted","userStateChangedOn":"2020-04-10T09:25:17Z","userType":"Guest"}'
    headers:
      access-control-allow-origin:
      - '*'
      cache-control:
      - no-cache
      content-length:
      - '1676'
      content-type:
      - application/json; odata=minimalmetadata; streaming=true; charset=utf-8
      dataserviceversion:
      - 3.0;
      date:
      - Wed, 21 Apr 2021 06:28:46 GMT
      duration:
      - '2423928'
      expires:
      - '-1'
      ocp-aad-diagnostics-server-name:
      - sBmsXplHKdvah1yIcNi8ecTQ2owSrd8xz1dY5hE/goA=
      ocp-aad-session-key:
      - Xlt8PGXkTZFNYOC0hJ2F-dVyZpqOuzQmI2lWcD9UQmj9s3X1gcRSpp3AZj9GGQy74sDk4a694mQ5IXRPTuNorjWQhTUiwC_0MB0iiDIlVn1Y5fAPiNkyPhpeQuOanCDt.pTyX09m3obLIDeEYLI2HdaPsU13jS0msW3LWpwJDNSY
      pragma:
      - no-cache
      request-id:
      - f257a868-e2bc-4de5-adc3-7ecc25b656dc
      strict-transport-security:
      - max-age=31536000; includeSubDomains
      x-aspnet-version:
      - 4.0.30319
      x-ms-dirapi-data-contract-version:
      - '1.6'
      x-ms-resource-unit:
      - '1'
      x-powered-by:
      - ASP.NET
    status:
      code: 200
      message: OK
- request:
    body: '{"location": "southcentralus", "properties": {"tenantId": "54826b22-38d6-4fb2-bad9-b7b93a3e9c5a",
      "sku": {"family": "A", "name": "standard"}, "accessPolicies": [{"tenantId":
      "54826b22-38d6-4fb2-bad9-b7b93a3e9c5a", "objectId": "f3ea48f6-a16e-4b37-8260-f69cf2200525",
      "permissions": {"keys": ["get", "create", "delete", "list", "update", "import",
      "backup", "restore", "recover"], "secrets": ["get", "list", "set", "delete",
      "backup", "restore", "recover"], "certificates": ["get", "list", "delete", "create",
      "import", "update", "managecontacts", "getissuers", "listissuers", "setissuers",
      "deleteissuers", "manageissuers", "recover"], "storage": ["get", "list", "delete",
      "set", "update", "regeneratekey", "setsas", "listsas", "getsas", "deletesas"]}}],
      "softDeleteRetentionInDays": 90, "networkAcls": {"bypass": "AzureServices",
      "defaultAction": "Allow"}}}'
    headers:
      Accept:
      - application/json
      Accept-Encoding:
      - gzip, deflate
      CommandName:
      - keyvault create
      Connection:
      - keep-alive
      Content-Length:
      - '857'
      Content-Type:
      - application/json
      ParameterSetName:
      - -n -g -o --query
      User-Agent:
      - AZURECLI/2.22.1 azsdk-python-azure-mgmt-keyvault/9.0.0 Python/3.8.2 (Windows-10-10.0.19041-SP0)
    method: PUT
    uri: https://management.azure.com/subscriptions/00000000-0000-0000-0000-000000000000/resourceGroups/clitest.rg000001/providers/Microsoft.KeyVault/vaults/clitest000003?api-version=2021-04-01-preview
  response:
    body:
      string: '{"id":"/subscriptions/00000000-0000-0000-0000-000000000000/resourceGroups/clitest.rg000001/providers/Microsoft.KeyVault/vaults/clitest000003","name":"clitest000003","type":"Microsoft.KeyVault/vaults","location":"southcentralus","tags":{},"systemData":{"createdBy":"honc@microsoft.com","createdByType":"User","createdAt":"1970-01-19T17:43:06.532Z","lastModifiedBy":"honc@microsoft.com","lastModifiedByType":"User","lastModifiedAt":"1970-01-19T17:43:06.532Z"},"properties":{"sku":{"family":"A","name":"standard"},"tenantId":"54826b22-38d6-4fb2-bad9-b7b93a3e9c5a","accessPolicies":[{"tenantId":"54826b22-38d6-4fb2-bad9-b7b93a3e9c5a","objectId":"f3ea48f6-a16e-4b37-8260-f69cf2200525","permissions":{"keys":["get","create","delete","list","update","import","backup","restore","recover"],"secrets":["get","list","set","delete","backup","restore","recover"],"certificates":["get","list","delete","create","import","update","managecontacts","getissuers","listissuers","setissuers","deleteissuers","manageissuers","recover"],"storage":["get","list","delete","set","update","regeneratekey","setsas","listsas","getsas","deletesas"]}}],"enabledForDeployment":false,"enableSoftDelete":true,"softDeleteRetentionInDays":90,"vaultUri":"https://clitest000003.vault.azure.net","provisioningState":"RegisteringDns"}}'
    headers:
      cache-control:
      - no-cache
      content-length:
      - '1389'
      content-type:
      - application/json; charset=utf-8
      date:
      - Wed, 21 Apr 2021 06:28:55 GMT
      expires:
      - '-1'
      pragma:
      - no-cache
      server:
      - Microsoft-IIS/10.0
      strict-transport-security:
      - max-age=31536000; includeSubDomains
      transfer-encoding:
      - chunked
      vary:
      - Accept-Encoding
      x-aspnet-version:
      - 4.0.30319
      x-content-type-options:
      - nosniff
      x-ms-keyvault-service-version:
      - 1.1.292.0
      x-ms-ratelimit-remaining-subscription-writes:
      - '1198'
      x-powered-by:
      - ASP.NET
    status:
      code: 200
      message: OK
- request:
    body: null
    headers:
      Accept:
      - '*/*'
      Accept-Encoding:
      - gzip, deflate
      CommandName:
      - keyvault create
      Connection:
      - keep-alive
      ParameterSetName:
      - -n -g -o --query
      User-Agent:
      - AZURECLI/2.22.1 azsdk-python-azure-mgmt-keyvault/9.0.0 Python/3.8.2 (Windows-10-10.0.19041-SP0)
    method: GET
    uri: https://management.azure.com/subscriptions/00000000-0000-0000-0000-000000000000/resourceGroups/clitest.rg000001/providers/Microsoft.KeyVault/vaults/clitest000003?api-version=2021-04-01-preview
  response:
    body:
      string: '{"id":"/subscriptions/00000000-0000-0000-0000-000000000000/resourceGroups/clitest.rg000001/providers/Microsoft.KeyVault/vaults/clitest000003","name":"clitest000003","type":"Microsoft.KeyVault/vaults","location":"southcentralus","tags":{},"systemData":{"createdBy":"honc@microsoft.com","createdByType":"User","createdAt":"1970-01-19T17:43:06.532Z","lastModifiedBy":"honc@microsoft.com","lastModifiedByType":"User","lastModifiedAt":"1970-01-19T17:43:06.532Z"},"properties":{"sku":{"family":"A","name":"standard"},"tenantId":"54826b22-38d6-4fb2-bad9-b7b93a3e9c5a","accessPolicies":[{"tenantId":"54826b22-38d6-4fb2-bad9-b7b93a3e9c5a","objectId":"f3ea48f6-a16e-4b37-8260-f69cf2200525","permissions":{"keys":["get","create","delete","list","update","import","backup","restore","recover"],"secrets":["get","list","set","delete","backup","restore","recover"],"certificates":["get","list","delete","create","import","update","managecontacts","getissuers","listissuers","setissuers","deleteissuers","manageissuers","recover"],"storage":["get","list","delete","set","update","regeneratekey","setsas","listsas","getsas","deletesas"]}}],"enabledForDeployment":false,"enableSoftDelete":true,"softDeleteRetentionInDays":90,"vaultUri":"https://clitest000003.vault.azure.net/","provisioningState":"Succeeded"}}'
    headers:
      cache-control:
      - no-cache
      content-length:
      - '1385'
      content-type:
      - application/json; charset=utf-8
      date:
      - Wed, 21 Apr 2021 06:29:25 GMT
      expires:
      - '-1'
      pragma:
      - no-cache
      server:
      - Microsoft-IIS/10.0
      strict-transport-security:
      - max-age=31536000; includeSubDomains
      transfer-encoding:
      - chunked
      vary:
      - Accept-Encoding
      x-aspnet-version:
      - 4.0.30319
      x-content-type-options:
      - nosniff
      x-ms-keyvault-service-version:
      - 1.1.292.0
      x-powered-by:
      - ASP.NET
    status:
      code: 200
      message: OK
- request:
    body: null
    headers:
      Accept:
      - application/json
      Accept-Encoding:
      - gzip, deflate
      CommandName:
      - keyvault show
      Connection:
      - keep-alive
      ParameterSetName:
      - -n -g -o --query
      User-Agent:
      - AZURECLI/2.22.1 azsdk-python-azure-mgmt-keyvault/9.0.0 Python/3.8.2 (Windows-10-10.0.19041-SP0)
    method: GET
    uri: https://management.azure.com/subscriptions/00000000-0000-0000-0000-000000000000/resourceGroups/clitest.rg000001/providers/Microsoft.KeyVault/vaults/clitest000003?api-version=2021-04-01-preview
  response:
    body:
      string: '{"id":"/subscriptions/00000000-0000-0000-0000-000000000000/resourceGroups/clitest.rg000001/providers/Microsoft.KeyVault/vaults/clitest000003","name":"clitest000003","type":"Microsoft.KeyVault/vaults","location":"southcentralus","tags":{},"systemData":{"createdBy":"honc@microsoft.com","createdByType":"User","createdAt":"1970-01-19T17:43:06.532Z","lastModifiedBy":"honc@microsoft.com","lastModifiedByType":"User","lastModifiedAt":"1970-01-19T17:43:06.532Z"},"properties":{"sku":{"family":"A","name":"standard"},"tenantId":"54826b22-38d6-4fb2-bad9-b7b93a3e9c5a","accessPolicies":[{"tenantId":"54826b22-38d6-4fb2-bad9-b7b93a3e9c5a","objectId":"f3ea48f6-a16e-4b37-8260-f69cf2200525","permissions":{"keys":["get","create","delete","list","update","import","backup","restore","recover"],"secrets":["get","list","set","delete","backup","restore","recover"],"certificates":["get","list","delete","create","import","update","managecontacts","getissuers","listissuers","setissuers","deleteissuers","manageissuers","recover"],"storage":["get","list","delete","set","update","regeneratekey","setsas","listsas","getsas","deletesas"]}}],"enabledForDeployment":false,"enableSoftDelete":true,"softDeleteRetentionInDays":90,"vaultUri":"https://clitest000003.vault.azure.net/","provisioningState":"Succeeded"}}'
    headers:
      cache-control:
      - no-cache
      content-length:
      - '1385'
      content-type:
      - application/json; charset=utf-8
      date:
      - Wed, 21 Apr 2021 06:29:28 GMT
      expires:
      - '-1'
      pragma:
      - no-cache
      server:
      - Microsoft-IIS/10.0
      strict-transport-security:
      - max-age=31536000; includeSubDomains
      transfer-encoding:
      - chunked
      vary:
      - Accept-Encoding
      x-aspnet-version:
      - 4.0.30319
      x-content-type-options:
      - nosniff
      x-ms-keyvault-service-version:
      - 1.1.292.0
      x-powered-by:
      - ASP.NET
    status:
      code: 200
      message: OK
- request:
    body: ''
    headers:
      Accept:
      - application/json
      Accept-Encoding:
      - gzip, deflate
      Connection:
      - keep-alive
      Content-Length:
      - 0
      Content-Type:
      - application/json; charset=utf-8
      User-Agent:
      - python/3.8.2 (Windows-10-10.0.19041-SP0) msrest/0.6.21 msrest_azure/0.6.3
        azure-keyvault/7.0 Azure-SDK-For-Python
      accept-language:
      - en-US
    method: POST
    uri: https://clitest000003.vault.azure.net/keys/testkey/create?api-version=7.0
  response:
    body:
      string: '{"error":{"code":"Unauthorized","message":"Request is missing a Bearer
        or PoP token."}}'
    headers:
      cache-control:
      - no-cache
      content-length:
      - '87'
      content-type:
      - application/json; charset=utf-8
      date:
      - Wed, 21 Apr 2021 06:29:29 GMT
      expires:
      - '-1'
      pragma:
      - no-cache
      strict-transport-security:
      - max-age=31536000;includeSubDomains
      www-authenticate:
      - Bearer authorization="https://login.windows.net/54826b22-38d6-4fb2-bad9-b7b93a3e9c5a",
        resource="https://vault.azure.net"
      x-content-type-options:
      - nosniff
      x-ms-keyvault-network-info:
      - conn_type=Ipv4;addr=167.220.255.22;act_addr_fam=InterNetwork;
      x-ms-keyvault-region:
      - southcentralus
      x-ms-keyvault-service-version:
      - 1.2.236.0
      x-powered-by:
      - ASP.NET
    status:
      code: 401
      message: Unauthorized
- request:
    body: '{"kty": "RSA", "attributes": {"enabled": true}}'
    headers:
      Accept:
      - application/json
      Accept-Encoding:
      - gzip, deflate
      Connection:
      - keep-alive
      Content-Length:
      - '47'
      Content-Type:
      - application/json; charset=utf-8
      User-Agent:
      - python/3.8.2 (Windows-10-10.0.19041-SP0) msrest/0.6.21 msrest_azure/0.6.3
        azure-keyvault/7.0 Azure-SDK-For-Python
      accept-language:
      - en-US
    method: POST
    uri: https://clitest000003.vault.azure.net/keys/testkey/create?api-version=7.0
  response:
    body:
      string: '{"key":{"kid":"https://clitest000003.vault.azure.net/keys/testkey/98ea680a0a3041e984702bb25400b6ec","kty":"RSA","key_ops":["encrypt","decrypt","sign","verify","wrapKey","unwrapKey"],"n":"xJN2mrPuRkUpB6DDrPwnB-kn8BLUspXuYEbTQVkzFzXLyYS4fC-8ngHtYFDPAmibd655jU9Fy1bt8YZzT6eOKAeGCBzG3iHUJOkR2KKPXSawW2b1I5BmDlBF9QtKdZWW80Rvkc9VcZHyiFNFK8r5kc0KaAv7qs6jXlNtSJUDrYkK6T2bbOIwkXluM90ZKfGgCiLQzRP1YMjLVMCY-1mVJP1iyckfUdMOEzCIYGRVe65Btc53oP8_jiXLRsLcN2TzdOSRFnCud8uQfueM-KB6Kv4UmQkTH4KQhkyZtcZr0qG-3-L2QgpCJT0MHzatgzg5USLthwH7EzOpbl6e0uHK8Q","e":"AQAB"},"attributes":{"enabled":true,"created":1618986574,"updated":1618986574,"recoveryLevel":"Recoverable+Purgeable"}}'
    headers:
      cache-control:
      - no-cache
      content-length:
      - '666'
      content-type:
      - application/json; charset=utf-8
      date:
      - Wed, 21 Apr 2021 06:29:34 GMT
      expires:
      - '-1'
      pragma:
      - no-cache
      strict-transport-security:
      - max-age=31536000;includeSubDomains
      x-content-type-options:
      - nosniff
      x-ms-keyvault-network-info:
      - conn_type=Ipv4;addr=167.220.255.22;act_addr_fam=InterNetwork;
      x-ms-keyvault-region:
      - southcentralus
      x-ms-keyvault-service-version:
      - 1.2.236.0
      x-powered-by:
      - ASP.NET
    status:
      code: 200
      message: OK
- request:
    body: null
    headers:
      Accept:
      - application/json
      Accept-Encoding:
      - gzip, deflate
      CommandName:
      - storage account update
      Connection:
      - keep-alive
      ParameterSetName:
      - -n -g --assign-identity -o --query
      User-Agent:
      - AZURECLI/2.22.1 azsdk-python-azure-mgmt-storage/17.1.0 Python/3.8.2 (Windows-10-10.0.19041-SP0)
    method: GET
    uri: https://management.azure.com/subscriptions/00000000-0000-0000-0000-000000000000/resourceGroups/clitest.rg000001/providers/Microsoft.Storage/storageAccounts/clitest000002?api-version=2021-02-01
  response:
    body:
      string: '{"sku":{"name":"Standard_LRS","tier":"Standard"},"kind":"Storage","id":"/subscriptions/00000000-0000-0000-0000-000000000000/resourceGroups/clitest.rg000001/providers/Microsoft.Storage/storageAccounts/clitest000002","name":"clitest000002","type":"Microsoft.Storage/storageAccounts","location":"southcentralus","tags":{},"properties":{"keyCreationTime":{"key1":"2021-04-21T06:28:26.1118453Z","key2":"2021-04-21T06:28:26.1118453Z"},"privateEndpointConnections":[],"networkAcls":{"bypass":"AzureServices","virtualNetworkRules":[],"ipRules":[],"defaultAction":"Allow"},"supportsHttpsTrafficOnly":true,"encryption":{"services":{"file":{"keyType":"Account","enabled":true,"lastEnabledTime":"2021-04-21T06:28:26.1118453Z"},"blob":{"keyType":"Account","enabled":true,"lastEnabledTime":"2021-04-21T06:28:26.1118453Z"}},"keySource":"Microsoft.Storage"},"provisioningState":"Succeeded","creationTime":"2021-04-21T06:28:26.0336980Z","primaryEndpoints":{"blob":"https://clitest000002.blob.core.windows.net/","queue":"https://clitest000002.queue.core.windows.net/","table":"https://clitest000002.table.core.windows.net/","file":"https://clitest000002.file.core.windows.net/"},"primaryLocation":"southcentralus","statusOfPrimary":"available"}}'
    headers:
      cache-control:
      - no-cache
      content-length:
      - '1352'
      content-type:
      - application/json
      date:
      - Wed, 21 Apr 2021 06:29:35 GMT
      expires:
      - '-1'
      pragma:
      - no-cache
      server:
      - Microsoft-Azure-Storage-Resource-Provider/1.0,Microsoft-HTTPAPI/2.0 Microsoft-HTTPAPI/2.0
      strict-transport-security:
      - max-age=31536000; includeSubDomains
      transfer-encoding:
      - chunked
      vary:
      - Accept-Encoding
      x-content-type-options:
      - nosniff
    status:
      code: 200
      message: OK
- request:
    body: '{"sku": {"name": "Standard_LRS"}, "tags": {}, "identity": {"type": "SystemAssigned"},
      "properties": {"encryption": {"services": {"blob": {"enabled": true, "keyType":
      "Account"}, "file": {"enabled": true, "keyType": "Account"}}, "keySource": "Microsoft.Storage"},
      "supportsHttpsTrafficOnly": true, "networkAcls": {"bypass": "AzureServices",
      "virtualNetworkRules": [], "ipRules": [], "defaultAction": "Allow"}}}'
    headers:
      Accept:
      - application/json
      Accept-Encoding:
      - gzip, deflate
      CommandName:
      - storage account update
      Connection:
      - keep-alive
      Content-Length:
      - '409'
      Content-Type:
      - application/json
      ParameterSetName:
      - -n -g --assign-identity -o --query
      User-Agent:
      - AZURECLI/2.22.1 azsdk-python-azure-mgmt-storage/17.1.0 Python/3.8.2 (Windows-10-10.0.19041-SP0)
    method: PATCH
    uri: https://management.azure.com/subscriptions/00000000-0000-0000-0000-000000000000/resourceGroups/clitest.rg000001/providers/Microsoft.Storage/storageAccounts/clitest000002?api-version=2021-02-01
  response:
    body:
      string: '{"identity":{"principalId":"1208d725-0f58-43d6-b312-148453aad941","tenantId":"54826b22-38d6-4fb2-bad9-b7b93a3e9c5a","type":"SystemAssigned"},"sku":{"name":"Standard_LRS","tier":"Standard"},"kind":"Storage","id":"/subscriptions/00000000-0000-0000-0000-000000000000/resourceGroups/clitest.rg000001/providers/Microsoft.Storage/storageAccounts/clitest000002","name":"clitest000002","type":"Microsoft.Storage/storageAccounts","location":"southcentralus","tags":{},"properties":{"keyCreationTime":{"key1":"2021-04-21T06:28:26.1118453Z","key2":"2021-04-21T06:28:26.1118453Z"},"privateEndpointConnections":[],"networkAcls":{"bypass":"AzureServices","virtualNetworkRules":[],"ipRules":[],"defaultAction":"Allow"},"supportsHttpsTrafficOnly":true,"encryption":{"services":{"file":{"keyType":"Account","enabled":true,"lastEnabledTime":"2021-04-21T06:28:26.1118453Z"},"blob":{"keyType":"Account","enabled":true,"lastEnabledTime":"2021-04-21T06:28:26.1118453Z"}},"keySource":"Microsoft.Storage"},"provisioningState":"Succeeded","creationTime":"2021-04-21T06:28:26.0336980Z","primaryEndpoints":{"blob":"https://clitest000002.blob.core.windows.net/","queue":"https://clitest000002.queue.core.windows.net/","table":"https://clitest000002.table.core.windows.net/","file":"https://clitest000002.file.core.windows.net/"},"primaryLocation":"southcentralus","statusOfPrimary":"available"}}'
    headers:
      cache-control:
      - no-cache
      content-length:
      - '1492'
      content-type:
      - application/json
      date:
      - Wed, 21 Apr 2021 06:29:43 GMT
      expires:
      - '-1'
      pragma:
      - no-cache
      server:
      - Microsoft-Azure-Storage-Resource-Provider/1.0,Microsoft-HTTPAPI/2.0 Microsoft-HTTPAPI/2.0
      strict-transport-security:
      - max-age=31536000; includeSubDomains
      transfer-encoding:
      - chunked
      vary:
      - Accept-Encoding
      x-content-type-options:
      - nosniff
      x-ms-ratelimit-remaining-subscription-writes:
      - '1198'
    status:
      code: 200
      message: OK
- request:
    body: null
    headers:
      Accept:
      - application/json
      Accept-Encoding:
      - gzip, deflate
      CommandName:
      - keyvault set-policy
      Connection:
      - keep-alive
      ParameterSetName:
      - -n --object-id -g --key-permissions
      User-Agent:
      - AZURECLI/2.22.1 azsdk-python-azure-mgmt-keyvault/9.0.0 Python/3.8.2 (Windows-10-10.0.19041-SP0)
    method: GET
    uri: https://management.azure.com/subscriptions/00000000-0000-0000-0000-000000000000/resourceGroups/clitest.rg000001/providers/Microsoft.KeyVault/vaults/clitest000003?api-version=2021-04-01-preview
  response:
    body:
      string: '{"id":"/subscriptions/00000000-0000-0000-0000-000000000000/resourceGroups/clitest.rg000001/providers/Microsoft.KeyVault/vaults/clitest000003","name":"clitest000003","type":"Microsoft.KeyVault/vaults","location":"southcentralus","tags":{},"systemData":{"createdBy":"honc@microsoft.com","createdByType":"User","createdAt":"1970-01-19T17:43:06.532Z","lastModifiedBy":"honc@microsoft.com","lastModifiedByType":"User","lastModifiedAt":"1970-01-19T17:43:06.532Z"},"properties":{"sku":{"family":"A","name":"standard"},"tenantId":"54826b22-38d6-4fb2-bad9-b7b93a3e9c5a","accessPolicies":[{"tenantId":"54826b22-38d6-4fb2-bad9-b7b93a3e9c5a","objectId":"f3ea48f6-a16e-4b37-8260-f69cf2200525","permissions":{"keys":["get","create","delete","list","update","import","backup","restore","recover"],"secrets":["get","list","set","delete","backup","restore","recover"],"certificates":["get","list","delete","create","import","update","managecontacts","getissuers","listissuers","setissuers","deleteissuers","manageissuers","recover"],"storage":["get","list","delete","set","update","regeneratekey","setsas","listsas","getsas","deletesas"]}}],"enabledForDeployment":false,"enableSoftDelete":true,"softDeleteRetentionInDays":90,"vaultUri":"https://clitest000003.vault.azure.net/","provisioningState":"Succeeded"}}'
    headers:
      cache-control:
      - no-cache
      content-length:
      - '1385'
      content-type:
      - application/json; charset=utf-8
      date:
      - Wed, 21 Apr 2021 06:29:44 GMT
      expires:
      - '-1'
      pragma:
      - no-cache
      server:
      - Microsoft-IIS/10.0
      strict-transport-security:
      - max-age=31536000; includeSubDomains
      transfer-encoding:
      - chunked
      vary:
      - Accept-Encoding
      x-aspnet-version:
      - 4.0.30319
      x-content-type-options:
      - nosniff
      x-ms-keyvault-service-version:
      - 1.1.292.0
      x-powered-by:
      - ASP.NET
    status:
      code: 200
      message: OK
- request:
    body: '{"location": "southcentralus", "tags": {}, "properties": {"tenantId": "54826b22-38d6-4fb2-bad9-b7b93a3e9c5a",
      "sku": {"family": "A", "name": "standard"}, "accessPolicies": [{"tenantId":
      "54826b22-38d6-4fb2-bad9-b7b93a3e9c5a", "objectId": "f3ea48f6-a16e-4b37-8260-f69cf2200525",
      "permissions": {"keys": ["get", "create", "delete", "list", "update", "import",
      "backup", "restore", "recover"], "secrets": ["get", "list", "set", "delete",
      "backup", "restore", "recover"], "certificates": ["get", "list", "delete", "create",
      "import", "update", "managecontacts", "getissuers", "listissuers", "setissuers",
      "deleteissuers", "manageissuers", "recover"], "storage": ["get", "list", "delete",
      "set", "update", "regeneratekey", "setsas", "listsas", "getsas", "deletesas"]}},
      {"tenantId": "54826b22-38d6-4fb2-bad9-b7b93a3e9c5a", "objectId": "1208d725-0f58-43d6-b312-148453aad941",
      "permissions": {"keys": ["get", "recover", "wrapKey", "unwrapKey"]}}], "vaultUri":
      "https://clitest000003.vault.azure.net/", "enabledForDeployment": false, "enableSoftDelete":
      true, "softDeleteRetentionInDays": 90, "provisioningState": "Succeeded"}}'
    headers:
      Accept:
      - application/json
      Accept-Encoding:
      - gzip, deflate
      CommandName:
      - keyvault set-policy
      Connection:
      - keep-alive
      Content-Length:
      - '1130'
      Content-Type:
      - application/json
      ParameterSetName:
      - -n --object-id -g --key-permissions
      User-Agent:
      - AZURECLI/2.22.1 azsdk-python-azure-mgmt-keyvault/9.0.0 Python/3.8.2 (Windows-10-10.0.19041-SP0)
    method: PUT
    uri: https://management.azure.com/subscriptions/00000000-0000-0000-0000-000000000000/resourceGroups/clitest.rg000001/providers/Microsoft.KeyVault/vaults/clitest000003?api-version=2021-04-01-preview
  response:
    body:
      string: '{"id":"/subscriptions/00000000-0000-0000-0000-000000000000/resourceGroups/clitest.rg000001/providers/Microsoft.KeyVault/vaults/clitest000003","name":"clitest000003","type":"Microsoft.KeyVault/vaults","location":"southcentralus","tags":{},"systemData":{"createdBy":"honc@microsoft.com","createdByType":"User","createdAt":"1970-01-19T17:43:06.532Z","lastModifiedBy":"honc@microsoft.com","lastModifiedByType":"User","lastModifiedAt":"1970-01-19T17:43:06.585Z"},"properties":{"sku":{"family":"A","name":"standard"},"tenantId":"54826b22-38d6-4fb2-bad9-b7b93a3e9c5a","accessPolicies":[{"tenantId":"54826b22-38d6-4fb2-bad9-b7b93a3e9c5a","objectId":"f3ea48f6-a16e-4b37-8260-f69cf2200525","permissions":{"keys":["get","create","delete","list","update","import","backup","restore","recover"],"secrets":["get","list","set","delete","backup","restore","recover"],"certificates":["get","list","delete","create","import","update","managecontacts","getissuers","listissuers","setissuers","deleteissuers","manageissuers","recover"],"storage":["get","list","delete","set","update","regeneratekey","setsas","listsas","getsas","deletesas"]}},{"tenantId":"54826b22-38d6-4fb2-bad9-b7b93a3e9c5a","objectId":"1208d725-0f58-43d6-b312-148453aad941","permissions":{"keys":["get","recover","wrapKey","unwrapKey"]}}],"enabledForDeployment":false,"enableSoftDelete":true,"softDeleteRetentionInDays":90,"vaultUri":"https://clitest000003.vault.azure.net/","provisioningState":"Succeeded"}}'
    headers:
      cache-control:
      - no-cache
      content-length:
      - '1550'
      content-type:
      - application/json; charset=utf-8
      date:
      - Wed, 21 Apr 2021 06:29:45 GMT
      expires:
      - '-1'
      pragma:
      - no-cache
      server:
      - Microsoft-IIS/10.0
      strict-transport-security:
      - max-age=31536000; includeSubDomains
      transfer-encoding:
      - chunked
      vary:
      - Accept-Encoding
      x-aspnet-version:
      - 4.0.30319
      x-content-type-options:
      - nosniff
      x-ms-keyvault-service-version:
      - 1.1.292.0
      x-ms-ratelimit-remaining-subscription-writes:
      - '1199'
      x-powered-by:
      - ASP.NET
    status:
      code: 200
      message: OK
- request:
    body: null
    headers:
      Accept:
      - application/json
      Accept-Encoding:
      - gzip, deflate
      CommandName:
      - keyvault update
      Connection:
      - keep-alive
      ParameterSetName:
      - -n -g --set
      User-Agent:
      - AZURECLI/2.22.1 azsdk-python-azure-mgmt-keyvault/9.0.0 Python/3.8.2 (Windows-10-10.0.19041-SP0)
    method: GET
    uri: https://management.azure.com/subscriptions/00000000-0000-0000-0000-000000000000/resourceGroups/clitest.rg000001/providers/Microsoft.KeyVault/vaults/clitest000003?api-version=2021-04-01-preview
  response:
    body:
      string: '{"id":"/subscriptions/00000000-0000-0000-0000-000000000000/resourceGroups/clitest.rg000001/providers/Microsoft.KeyVault/vaults/clitest000003","name":"clitest000003","type":"Microsoft.KeyVault/vaults","location":"southcentralus","tags":{},"systemData":{"createdBy":"honc@microsoft.com","createdByType":"User","createdAt":"1970-01-19T17:43:06.532Z","lastModifiedBy":"honc@microsoft.com","lastModifiedByType":"User","lastModifiedAt":"1970-01-19T17:43:06.585Z"},"properties":{"sku":{"family":"A","name":"standard"},"tenantId":"54826b22-38d6-4fb2-bad9-b7b93a3e9c5a","accessPolicies":[{"tenantId":"54826b22-38d6-4fb2-bad9-b7b93a3e9c5a","objectId":"f3ea48f6-a16e-4b37-8260-f69cf2200525","permissions":{"keys":["get","create","delete","list","update","import","backup","restore","recover"],"secrets":["get","list","set","delete","backup","restore","recover"],"certificates":["get","list","delete","create","import","update","managecontacts","getissuers","listissuers","setissuers","deleteissuers","manageissuers","recover"],"storage":["get","list","delete","set","update","regeneratekey","setsas","listsas","getsas","deletesas"]}},{"tenantId":"54826b22-38d6-4fb2-bad9-b7b93a3e9c5a","objectId":"1208d725-0f58-43d6-b312-148453aad941","permissions":{"keys":["get","recover","wrapKey","unwrapKey"]}}],"enabledForDeployment":false,"enableSoftDelete":true,"softDeleteRetentionInDays":90,"vaultUri":"https://clitest000003.vault.azure.net/","provisioningState":"Succeeded"}}'
    headers:
      cache-control:
      - no-cache
      content-length:
      - '1550'
      content-type:
      - application/json; charset=utf-8
      date:
      - Wed, 21 Apr 2021 06:29:47 GMT
      expires:
      - '-1'
      pragma:
      - no-cache
      server:
      - Microsoft-IIS/10.0
      strict-transport-security:
      - max-age=31536000; includeSubDomains
      transfer-encoding:
      - chunked
      vary:
      - Accept-Encoding
      x-aspnet-version:
      - 4.0.30319
      x-content-type-options:
      - nosniff
      x-ms-keyvault-service-version:
      - 1.1.292.0
      x-powered-by:
      - ASP.NET
    status:
      code: 200
      message: OK
- request:
    body: '{"location": "southcentralus", "properties": {"tenantId": "54826b22-38d6-4fb2-bad9-b7b93a3e9c5a",
      "sku": {"family": "A", "name": "standard"}, "accessPolicies": [{"tenantId":
      "54826b22-38d6-4fb2-bad9-b7b93a3e9c5a", "objectId": "f3ea48f6-a16e-4b37-8260-f69cf2200525",
      "permissions": {"keys": ["get", "create", "delete", "list", "update", "import",
      "backup", "restore", "recover"], "secrets": ["get", "list", "set", "delete",
      "backup", "restore", "recover"], "certificates": ["get", "list", "delete", "create",
      "import", "update", "managecontacts", "getissuers", "listissuers", "setissuers",
      "deleteissuers", "manageissuers", "recover"], "storage": ["get", "list", "delete",
      "set", "update", "regeneratekey", "setsas", "listsas", "getsas", "deletesas"]}},
      {"tenantId": "54826b22-38d6-4fb2-bad9-b7b93a3e9c5a", "objectId": "1208d725-0f58-43d6-b312-148453aad941",
      "permissions": {"keys": ["get", "recover", "wrapKey", "unwrapKey"]}}], "vaultUri":
      "https://clitest000003.vault.azure.net/", "enabledForDeployment": false, "enableSoftDelete":
      true, "softDeleteRetentionInDays": 90, "provisioningState": "Succeeded"}}'
    headers:
      Accept:
      - application/json
      Accept-Encoding:
      - gzip, deflate
      CommandName:
      - keyvault update
      Connection:
      - keep-alive
      Content-Length:
      - '1118'
      Content-Type:
      - application/json
      ParameterSetName:
      - -n -g --set
      User-Agent:
      - AZURECLI/2.22.1 azsdk-python-azure-mgmt-keyvault/9.0.0 Python/3.8.2 (Windows-10-10.0.19041-SP0)
    method: PUT
    uri: https://management.azure.com/subscriptions/00000000-0000-0000-0000-000000000000/resourceGroups/clitest.rg000001/providers/Microsoft.KeyVault/vaults/clitest000003?api-version=2021-04-01-preview
  response:
    body:
      string: '{"id":"/subscriptions/00000000-0000-0000-0000-000000000000/resourceGroups/clitest.rg000001/providers/Microsoft.KeyVault/vaults/clitest000003","name":"clitest000003","type":"Microsoft.KeyVault/vaults","location":"southcentralus","tags":{},"systemData":{"createdBy":"honc@microsoft.com","createdByType":"User","createdAt":"1970-01-19T17:43:06.532Z","lastModifiedBy":"honc@microsoft.com","lastModifiedByType":"User","lastModifiedAt":"1970-01-19T17:43:06.588Z"},"properties":{"sku":{"family":"A","name":"standard"},"tenantId":"54826b22-38d6-4fb2-bad9-b7b93a3e9c5a","accessPolicies":[{"tenantId":"54826b22-38d6-4fb2-bad9-b7b93a3e9c5a","objectId":"f3ea48f6-a16e-4b37-8260-f69cf2200525","permissions":{"keys":["get","create","delete","list","update","import","backup","restore","recover"],"secrets":["get","list","set","delete","backup","restore","recover"],"certificates":["get","list","delete","create","import","update","managecontacts","getissuers","listissuers","setissuers","deleteissuers","manageissuers","recover"],"storage":["get","list","delete","set","update","regeneratekey","setsas","listsas","getsas","deletesas"]}},{"tenantId":"54826b22-38d6-4fb2-bad9-b7b93a3e9c5a","objectId":"1208d725-0f58-43d6-b312-148453aad941","permissions":{"keys":["get","recover","wrapKey","unwrapKey"]}}],"enabledForDeployment":false,"enableSoftDelete":true,"softDeleteRetentionInDays":90,"vaultUri":"https://clitest000003.vault.azure.net/","provisioningState":"Succeeded"}}'
    headers:
      cache-control:
      - no-cache
      content-length:
      - '1550'
      content-type:
      - application/json; charset=utf-8
      date:
      - Wed, 21 Apr 2021 06:29:48 GMT
      expires:
      - '-1'
      pragma:
      - no-cache
      server:
      - Microsoft-IIS/10.0
      strict-transport-security:
      - max-age=31536000; includeSubDomains
      transfer-encoding:
      - chunked
      vary:
      - Accept-Encoding
      x-aspnet-version:
      - 4.0.30319
      x-content-type-options:
      - nosniff
      x-ms-keyvault-service-version:
      - 1.1.292.0
      x-ms-ratelimit-remaining-subscription-writes:
      - '1197'
      x-powered-by:
      - ASP.NET
    status:
      code: 200
      message: OK
- request:
    body: null
    headers:
      Accept:
      - application/json
      Accept-Encoding:
      - gzip, deflate
      CommandName:
      - resource update
      Connection:
      - keep-alive
      ParameterSetName:
      - --id --set
      User-Agent:
      - python/3.8.2 (Windows-10-10.0.19041-SP0) msrest/0.6.21 msrest_azure/0.6.3
        azure-mgmt-resource/12.1.0 Azure-SDK-For-Python AZURECLI/2.22.1
      accept-language:
      - en-US
    method: GET
    uri: https://management.azure.com/subscriptions/00000000-0000-0000-0000-000000000000/providers/Microsoft.KeyVault?api-version=2020-10-01
  response:
    body:
      string: '{"id":"/subscriptions/00000000-0000-0000-0000-000000000000/providers/Microsoft.KeyVault","namespace":"Microsoft.KeyVault","authorizations":[{"applicationId":"cfa8b339-82a2-471a-a3c9-0fc0be7a4093","roleDefinitionId":"1cf9858a-28a2-4228-abba-94e606305b95"},{"applicationId":"589d5083-6f11-4d30-a62a-a4b316a14abf"}],"resourceTypes":[{"resourceType":"operations","locations":[],"apiVersions":["2021-04-01-preview","2020-04-01-preview","2019-09-01","2018-02-14-preview","2018-02-14","2016-10-01","2015-06-01","2014-12-19-preview"],"defaultApiVersion":"2019-09-01","apiProfiles":[{"profileVersion":"2019-03-01-hybrid","apiVersion":"2016-10-01"},{"profileVersion":"2018-03-01-hybrid","apiVersion":"2016-10-01"},{"profileVersion":"2018-06-01-profile","apiVersion":"2016-10-01"}],"capabilities":"None"},{"resourceType":"checkNameAvailability","locations":[],"apiVersions":["2021-04-01-preview","2020-04-01-preview","2019-09-01","2018-02-14-preview","2018-02-14","2016-10-01","2015-06-01"],"defaultApiVersion":"2019-09-01","apiProfiles":[{"profileVersion":"2018-06-01-profile","apiVersion":"2016-10-01"}],"capabilities":"None"},{"resourceType":"locations","locations":[],"apiVersions":["2021-04-01-preview","2020-04-01-preview","2019-09-01","2018-02-14-preview","2018-02-14","2016-10-01"],"defaultApiVersion":"2019-09-01","apiProfiles":[{"profileVersion":"2018-06-01-profile","apiVersion":"2016-10-01"}],"capabilities":"None"},{"resourceType":"managedHSMs","locations":["Central
        US","Central US EUAP","East US 2","East US 2 EUAP","South Central US","North
        Europe","West Europe","Canada Central","Switzerland North","South Africa North","UK
        South","SouthEast Asia","East Asia","Korea Central","Australia Central","West
        US","East US"],"apiVersions":["2021-04-01-preview","2020-04-01-preview"],"defaultApiVersion":"2020-04-01-preview","capabilities":"CrossResourceGroupResourceMove,
        CrossSubscriptionResourceMove, SupportsTags, SupportsLocation"},{"resourceType":"deletedManagedHSMs","locations":["Central
        US","Central US EUAP","East US 2","East US 2 EUAP","South Central US","North
        Europe","West Europe","Canada Central","Switzerland North","South Africa North","UK
        South","SouthEast Asia","East Asia","Korea Central","Australia Central","West
        US","East US"],"apiVersions":["2021-04-01-preview"],"defaultApiVersion":"2021-04-01-preview","capabilities":"None"},{"resourceType":"locations/deletedManagedHSMs","locations":["Central
        US","Central US EUAP","East US 2","East US 2 EUAP","South Central US","North
        Europe","West Europe","Canada Central","Switzerland North","South Africa North","UK
        South","SouthEast Asia","East Asia","Korea Central","Australia Central","West
        US","East US"],"apiVersions":["2021-04-01-preview"],"capabilities":"None"},{"resourceType":"vaults","locations":["North
        Central US","East US","North Europe","West Europe","East Asia","Southeast
        Asia","East US 2","Central US","South Central US","West US","Japan East","Japan
        West","Australia East","Australia Southeast","Brazil South","Central India","South
        India","West India","Canada Central","Canada East","UK South","UK West","West
        Central US","West US 2","East US 2 EUAP","Central US EUAP","Korea Central","Korea
        South","France Central","France South","Australia Central","Australia Central
        2","UAE Central","UAE North","South Africa North","South Africa West","Switzerland
        North","Switzerland West","Germany North","Germany West Central","Norway East","Norway
        West","Brazil Southeast","West US 3","Jio India Central","Jio India West"],"apiVersions":["2021-04-01-preview","2020-04-01-preview","2019-09-01","2018-02-14-preview","2018-02-14","2016-10-01","2015-06-01"],"defaultApiVersion":"2019-09-01","apiProfiles":[{"profileVersion":"2019-03-01-hybrid","apiVersion":"2016-10-01"},{"profileVersion":"2018-03-01-hybrid","apiVersion":"2016-10-01"},{"profileVersion":"2018-06-01-profile","apiVersion":"2016-10-01"}],"capabilities":"CrossResourceGroupResourceMove,
        CrossSubscriptionResourceMove, SupportsTags, SupportsLocation"},{"resourceType":"vaults/secrets","locations":["North
        Central US","East US","North Europe","West Europe","East Asia","Southeast
        Asia","East US 2","Central US","South Central US","West US","Japan East","Japan
        West","Australia East","Australia Southeast","Brazil South","Central India","South
        India","West India","Canada Central","Canada East","UK South","UK West","West
        Central US","West US 2","East US 2 EUAP","Central US EUAP","Korea Central","Korea
        South","France Central","France South","Australia Central","Australia Central
        2","UAE Central","UAE North","South Africa North","South Africa West","Switzerland
        North","Switzerland West","Germany North","Germany West Central","Norway East","Norway
        West","Brazil Southeast","West US 3","Jio India Central","Jio India West"],"apiVersions":["2021-04-01-preview","2020-04-01-preview","2019-09-01","2018-02-14-preview","2018-02-14","2016-10-01","2015-06-01"],"defaultApiVersion":"2019-09-01","apiProfiles":[{"profileVersion":"2019-03-01-hybrid","apiVersion":"2016-10-01"},{"profileVersion":"2018-03-01-hybrid","apiVersion":"2016-10-01"},{"profileVersion":"2018-06-01-profile","apiVersion":"2016-10-01"}],"capabilities":"None"},{"resourceType":"vaults/accessPolicies","locations":["North
        Central US","East US","North Europe","West Europe","East Asia","Southeast
        Asia","East US 2","Central US","South Central US","West US","Japan East","Japan
        West","Australia East","Australia Southeast","Brazil South","Central India","South
        India","West India","Canada Central","Canada East","UK South","UK West","West
        Central US","West US 2","East US 2 EUAP","Central US EUAP","Korea Central","Korea
        South","France Central","France South","Australia Central","Australia Central
        2","UAE Central","UAE North","South Africa North","South Africa West","Switzerland
        North","Switzerland West","Germany North","Germany West Central","Norway East","Norway
        West","Brazil Southeast","West US 3","Jio India Central","Jio India West"],"apiVersions":["2021-04-01-preview","2020-04-01-preview","2019-09-01","2018-02-14-preview","2018-02-14","2016-10-01","2015-06-01"],"defaultApiVersion":"2019-09-01","apiProfiles":[{"profileVersion":"2019-03-01-hybrid","apiVersion":"2016-10-01"},{"profileVersion":"2018-03-01-hybrid","apiVersion":"2016-10-01"},{"profileVersion":"2018-06-01-profile","apiVersion":"2016-10-01"}],"capabilities":"None"},{"resourceType":"deletedVaults","locations":["North
        Central US","East US","North Europe","West Europe","East Asia","Southeast
        Asia","East US 2","Central US","South Central US","West US","Japan East","Japan
        West","Australia East","Australia Southeast","Brazil South","Central India","South
        India","West India","Canada Central","Canada East","UK South","UK West","West
        Central US","West US 2","East US 2 EUAP","Central US EUAP","Korea Central","Korea
        South","France Central","France South","Australia Central","Australia Central
        2","UAE Central","UAE North","South Africa North","South Africa West","Switzerland
        North","Switzerland West","Germany North","Germany West Central","Norway East","Norway
        West","Brazil Southeast","West US 3","Jio India Central","Jio India West"],"apiVersions":["2021-04-01-preview","2020-04-01-preview","2019-09-01","2018-02-14-preview","2018-02-14","2016-10-01"],"defaultApiVersion":"2019-09-01","apiProfiles":[{"profileVersion":"2018-06-01-profile","apiVersion":"2016-10-01"}],"capabilities":"None"},{"resourceType":"locations/deletedVaults","locations":["North
        Central US","East US","North Europe","West Europe","East Asia","Southeast
        Asia","East US 2","Central US","South Central US","West US","Japan East","Japan
        West","Australia East","Australia Southeast","Brazil South","Central India","South
        India","West India","Canada Central","Canada East","UK South","UK West","West
        Central US","West US 2","East US 2 EUAP","Central US EUAP","Korea Central","Korea
        South","France Central","France South","Australia Central","Australia Central
        2","UAE Central","UAE North","South Africa North","South Africa West","Switzerland
        North","Switzerland West","Germany North","Germany West Central","Norway East","Norway
        West","Brazil Southeast","West US 3","Jio India Central","Jio India West"],"apiVersions":["2021-04-01-preview","2020-04-01-preview","2019-09-01","2018-02-14-preview","2018-02-14","2016-10-01"],"defaultApiVersion":"2019-09-01","apiProfiles":[{"profileVersion":"2018-06-01-profile","apiVersion":"2016-10-01"}],"capabilities":"None"},{"resourceType":"locations/deleteVirtualNetworkOrSubnets","locations":["East
        US","North Central US","West Europe","North Europe","East Asia","Southeast
        Asia","East US 2","Central US","South Central US","West Central US","West
        US 2","West US","Japan East","Japan West","Australia East","Australia Southeast","Australia
        Central","Australia Central 2","Brazil South","Central India","South India","West
        India","Canada Central","Canada East","UK South","UK West","Central US EUAP","East
        US 2 EUAP","Korea Central","Korea South","France Central","France South","UAE
        Central","UAE North","South Africa North","South Africa West","Switzerland
        North","Switzerland West","Germany North","Germany West Central","Norway East","Norway
        West","Brazil Southeast","West US 3","Jio India Central","Jio India West"],"apiVersions":["2021-04-01-preview","2020-04-01-preview","2019-09-01","2018-02-14-preview","2018-02-14","2016-10-01"],"defaultApiVersion":"2019-09-01","capabilities":"None"},{"resourceType":"locations/operationResults","locations":["North
        Central US","East US","North Europe","West Europe","East Asia","Southeast
        Asia","East US 2","Central US","South Central US","West US","Japan East","Japan
        West","Australia East","Australia Southeast","Brazil South","Central India","South
        India","West India","Canada Central","Canada East","UK South","UK West","West
        Central US","West US 2","East US 2 EUAP","Central US EUAP","Korea Central","Korea
        South","France Central","France South","Australia Central","Australia Central
        2","UAE Central","UAE North","South Africa North","South Africa West","Switzerland
        North","Switzerland West","Germany North","Germany West Central","Norway East","Norway
        West","Brazil Southeast","West US 3","Jio India Central","Jio India West"],"apiVersions":["2021-04-01-preview","2020-04-01-preview","2019-09-01","2018-02-14-preview","2018-02-14","2016-10-01"],"defaultApiVersion":"2019-09-01","apiProfiles":[{"profileVersion":"2018-06-01-profile","apiVersion":"2016-10-01"}],"capabilities":"None"},{"resourceType":"vaults/eventGridFilters","locations":["North
        Central US","East US","North Europe","West Europe","East Asia","Southeast
        Asia","East US 2","Central US","South Central US","West US","Japan East","Japan
        West","Australia East","Australia Southeast","Brazil South","Central India","South
        India","West India","Canada Central","Canada East","UK South","UK West","West
        Central US","West US 2","East US 2 EUAP","Central US EUAP","Korea Central","Korea
        South","France Central","France South","Australia Central","Australia Central
        2","UAE Central","UAE North","South Africa North","South Africa West","Switzerland
        North","Switzerland West","Germany North","Germany West Central","Norway East","Norway
        West","Brazil Southeast","West US 3","Jio India Central","Jio India West"],"apiVersions":["2021-04-01-preview","2020-04-01-preview","2019-09-01","2018-02-14-preview","2018-02-14"],"defaultApiVersion":"2019-09-01","capabilities":"None"},{"resourceType":"vaults/keys","locations":["North
        Central US","East US","North Europe","West Europe","East Asia","Southeast
        Asia","East US 2","Central US","South Central US","West US","Japan East","Japan
        West","Australia East","Australia Southeast","Brazil South","Central India","South
        India","West India","Canada Central","Canada East","UK South","UK West","West
        Central US","West US 2","East US 2 EUAP","Central US EUAP","Korea Central","Korea
        South","France Central","France South","Australia Central","Australia Central
        2","UAE Central","UAE North","South Africa North","South Africa West","Switzerland
        North","Switzerland West","Germany North","Germany West Central","Norway East","Norway
        West","Brazil Southeast","West US 3","Jio India Central","Jio India West"],"apiVersions":["2021-04-01-preview","2020-04-01-preview","2019-09-01"],"defaultApiVersion":"2019-09-01","capabilities":"None"},{"resourceType":"vaults/keys/versions","locations":["North
        Central US","East US","North Europe","West Europe","East Asia","Southeast
        Asia","East US 2","Central US","South Central US","West US","Japan East","Japan
        West","Australia East","Australia Southeast","Brazil South","Central India","South
        India","West India","Canada Central","Canada East","UK South","UK West","West
        Central US","West US 2","East US 2 EUAP","Central US EUAP","Korea Central","Korea
        South","France Central","France South","Australia Central","Australia Central
        2","UAE Central","UAE North","South Africa North","South Africa West","Switzerland
        North","Switzerland West","Germany North","Germany West Central","Norway East","Norway
        West","Brazil Southeast","West US 3","Jio India Central","Jio India West"],"apiVersions":["2021-04-01-preview","2020-04-01-preview","2019-09-01"],"defaultApiVersion":"2019-09-01","capabilities":"None"}],"registrationState":"Registered","registrationPolicy":"RegistrationRequired"}'
    headers:
      cache-control:
      - no-cache
      content-length:
      - '13238'
      content-type:
      - application/json; charset=utf-8
      date:
      - Wed, 21 Apr 2021 06:29:49 GMT
      expires:
      - '-1'
      pragma:
      - no-cache
      strict-transport-security:
      - max-age=31536000; includeSubDomains
      vary:
      - Accept-Encoding
      x-content-type-options:
      - nosniff
    status:
      code: 200
      message: OK
- request:
    body: null
    headers:
      Accept:
      - application/json
      Accept-Encoding:
      - gzip, deflate
      CommandName:
      - resource update
      Connection:
      - keep-alive
      ParameterSetName:
      - --id --set
      User-Agent:
      - python/3.8.2 (Windows-10-10.0.19041-SP0) msrest/0.6.21 msrest_azure/0.6.3
        azure-mgmt-resource/12.1.0 Azure-SDK-For-Python AZURECLI/2.22.1
      accept-language:
      - en-US
    method: GET
    uri: https://management.azure.com/subscriptions/00000000-0000-0000-0000-000000000000/resourceGroups/clitest.rg000001/providers/Microsoft.KeyVault/vaults/clitest000003?api-version=2019-09-01
  response:
    body:
      string: '{"id":"/subscriptions/00000000-0000-0000-0000-000000000000/resourceGroups/clitest.rg000001/providers/Microsoft.KeyVault/vaults/clitest000003","name":"clitest000003","type":"Microsoft.KeyVault/vaults","location":"southcentralus","tags":{},"properties":{"sku":{"family":"A","name":"standard"},"tenantId":"54826b22-38d6-4fb2-bad9-b7b93a3e9c5a","accessPolicies":[{"tenantId":"54826b22-38d6-4fb2-bad9-b7b93a3e9c5a","objectId":"f3ea48f6-a16e-4b37-8260-f69cf2200525","permissions":{"keys":["get","create","delete","list","update","import","backup","restore","recover"],"secrets":["get","list","set","delete","backup","restore","recover"],"certificates":["get","list","delete","create","import","update","managecontacts","getissuers","listissuers","setissuers","deleteissuers","manageissuers","recover"],"storage":["get","list","delete","set","update","regeneratekey","setsas","listsas","getsas","deletesas"]}},{"tenantId":"54826b22-38d6-4fb2-bad9-b7b93a3e9c5a","objectId":"1208d725-0f58-43d6-b312-148453aad941","permissions":{"keys":["get","recover","wrapKey","unwrapKey"]}}],"enabledForDeployment":false,"enableSoftDelete":true,"softDeleteRetentionInDays":90,"vaultUri":"https://clitest000003.vault.azure.net/","provisioningState":"Succeeded"}}'
    headers:
      cache-control:
      - no-cache
      content-length:
      - '1330'
      content-type:
      - application/json; charset=utf-8
      date:
      - Wed, 21 Apr 2021 06:29:50 GMT
      expires:
      - '-1'
      pragma:
      - no-cache
      server:
      - Microsoft-IIS/10.0
      strict-transport-security:
      - max-age=31536000; includeSubDomains
      transfer-encoding:
      - chunked
      vary:
      - Accept-Encoding
      x-aspnet-version:
      - 4.0.30319
      x-content-type-options:
      - nosniff
      x-ms-keyvault-service-version:
      - 1.1.292.0
      x-powered-by:
      - ASP.NET
    status:
      code: 200
      message: OK
- request:
    body: null
    headers:
      Accept:
      - application/json
      Accept-Encoding:
      - gzip, deflate
      CommandName:
      - resource update
      Connection:
      - keep-alive
      ParameterSetName:
      - --id --set
      User-Agent:
      - python/3.8.2 (Windows-10-10.0.19041-SP0) msrest/0.6.21 msrest_azure/0.6.3
        azure-mgmt-resource/12.1.0 Azure-SDK-For-Python AZURECLI/2.22.1
      accept-language:
      - en-US
    method: GET
    uri: https://management.azure.com/subscriptions/00000000-0000-0000-0000-000000000000/providers/Microsoft.KeyVault?api-version=2020-10-01
  response:
    body:
      string: '{"id":"/subscriptions/00000000-0000-0000-0000-000000000000/providers/Microsoft.KeyVault","namespace":"Microsoft.KeyVault","authorizations":[{"applicationId":"cfa8b339-82a2-471a-a3c9-0fc0be7a4093","roleDefinitionId":"1cf9858a-28a2-4228-abba-94e606305b95"},{"applicationId":"589d5083-6f11-4d30-a62a-a4b316a14abf"}],"resourceTypes":[{"resourceType":"operations","locations":[],"apiVersions":["2021-04-01-preview","2020-04-01-preview","2019-09-01","2018-02-14-preview","2018-02-14","2016-10-01","2015-06-01","2014-12-19-preview"],"defaultApiVersion":"2019-09-01","apiProfiles":[{"profileVersion":"2019-03-01-hybrid","apiVersion":"2016-10-01"},{"profileVersion":"2018-03-01-hybrid","apiVersion":"2016-10-01"},{"profileVersion":"2018-06-01-profile","apiVersion":"2016-10-01"}],"capabilities":"None"},{"resourceType":"checkNameAvailability","locations":[],"apiVersions":["2021-04-01-preview","2020-04-01-preview","2019-09-01","2018-02-14-preview","2018-02-14","2016-10-01","2015-06-01"],"defaultApiVersion":"2019-09-01","apiProfiles":[{"profileVersion":"2018-06-01-profile","apiVersion":"2016-10-01"}],"capabilities":"None"},{"resourceType":"locations","locations":[],"apiVersions":["2021-04-01-preview","2020-04-01-preview","2019-09-01","2018-02-14-preview","2018-02-14","2016-10-01"],"defaultApiVersion":"2019-09-01","apiProfiles":[{"profileVersion":"2018-06-01-profile","apiVersion":"2016-10-01"}],"capabilities":"None"},{"resourceType":"managedHSMs","locations":["Central
        US","Central US EUAP","East US 2","East US 2 EUAP","South Central US","North
        Europe","West Europe","Canada Central","Switzerland North","South Africa North","UK
        South","SouthEast Asia","East Asia","Korea Central","Australia Central","West
        US","East US"],"apiVersions":["2021-04-01-preview","2020-04-01-preview"],"defaultApiVersion":"2020-04-01-preview","capabilities":"CrossResourceGroupResourceMove,
        CrossSubscriptionResourceMove, SupportsTags, SupportsLocation"},{"resourceType":"deletedManagedHSMs","locations":["Central
        US","Central US EUAP","East US 2","East US 2 EUAP","South Central US","North
        Europe","West Europe","Canada Central","Switzerland North","South Africa North","UK
        South","SouthEast Asia","East Asia","Korea Central","Australia Central","West
        US","East US"],"apiVersions":["2021-04-01-preview"],"defaultApiVersion":"2021-04-01-preview","capabilities":"None"},{"resourceType":"locations/deletedManagedHSMs","locations":["Central
        US","Central US EUAP","East US 2","East US 2 EUAP","South Central US","North
        Europe","West Europe","Canada Central","Switzerland North","South Africa North","UK
        South","SouthEast Asia","East Asia","Korea Central","Australia Central","West
        US","East US"],"apiVersions":["2021-04-01-preview"],"capabilities":"None"},{"resourceType":"vaults","locations":["North
        Central US","East US","North Europe","West Europe","East Asia","Southeast
        Asia","East US 2","Central US","South Central US","West US","Japan East","Japan
        West","Australia East","Australia Southeast","Brazil South","Central India","South
        India","West India","Canada Central","Canada East","UK South","UK West","West
        Central US","West US 2","East US 2 EUAP","Central US EUAP","Korea Central","Korea
        South","France Central","France South","Australia Central","Australia Central
        2","UAE Central","UAE North","South Africa North","South Africa West","Switzerland
        North","Switzerland West","Germany North","Germany West Central","Norway East","Norway
        West","Brazil Southeast","West US 3","Jio India Central","Jio India West"],"apiVersions":["2021-04-01-preview","2020-04-01-preview","2019-09-01","2018-02-14-preview","2018-02-14","2016-10-01","2015-06-01"],"defaultApiVersion":"2019-09-01","apiProfiles":[{"profileVersion":"2019-03-01-hybrid","apiVersion":"2016-10-01"},{"profileVersion":"2018-03-01-hybrid","apiVersion":"2016-10-01"},{"profileVersion":"2018-06-01-profile","apiVersion":"2016-10-01"}],"capabilities":"CrossResourceGroupResourceMove,
        CrossSubscriptionResourceMove, SupportsTags, SupportsLocation"},{"resourceType":"vaults/secrets","locations":["North
        Central US","East US","North Europe","West Europe","East Asia","Southeast
        Asia","East US 2","Central US","South Central US","West US","Japan East","Japan
        West","Australia East","Australia Southeast","Brazil South","Central India","South
        India","West India","Canada Central","Canada East","UK South","UK West","West
        Central US","West US 2","East US 2 EUAP","Central US EUAP","Korea Central","Korea
        South","France Central","France South","Australia Central","Australia Central
        2","UAE Central","UAE North","South Africa North","South Africa West","Switzerland
        North","Switzerland West","Germany North","Germany West Central","Norway East","Norway
        West","Brazil Southeast","West US 3","Jio India Central","Jio India West"],"apiVersions":["2021-04-01-preview","2020-04-01-preview","2019-09-01","2018-02-14-preview","2018-02-14","2016-10-01","2015-06-01"],"defaultApiVersion":"2019-09-01","apiProfiles":[{"profileVersion":"2019-03-01-hybrid","apiVersion":"2016-10-01"},{"profileVersion":"2018-03-01-hybrid","apiVersion":"2016-10-01"},{"profileVersion":"2018-06-01-profile","apiVersion":"2016-10-01"}],"capabilities":"None"},{"resourceType":"vaults/accessPolicies","locations":["North
        Central US","East US","North Europe","West Europe","East Asia","Southeast
        Asia","East US 2","Central US","South Central US","West US","Japan East","Japan
        West","Australia East","Australia Southeast","Brazil South","Central India","South
        India","West India","Canada Central","Canada East","UK South","UK West","West
        Central US","West US 2","East US 2 EUAP","Central US EUAP","Korea Central","Korea
        South","France Central","France South","Australia Central","Australia Central
        2","UAE Central","UAE North","South Africa North","South Africa West","Switzerland
        North","Switzerland West","Germany North","Germany West Central","Norway East","Norway
        West","Brazil Southeast","West US 3","Jio India Central","Jio India West"],"apiVersions":["2021-04-01-preview","2020-04-01-preview","2019-09-01","2018-02-14-preview","2018-02-14","2016-10-01","2015-06-01"],"defaultApiVersion":"2019-09-01","apiProfiles":[{"profileVersion":"2019-03-01-hybrid","apiVersion":"2016-10-01"},{"profileVersion":"2018-03-01-hybrid","apiVersion":"2016-10-01"},{"profileVersion":"2018-06-01-profile","apiVersion":"2016-10-01"}],"capabilities":"None"},{"resourceType":"deletedVaults","locations":["North
        Central US","East US","North Europe","West Europe","East Asia","Southeast
        Asia","East US 2","Central US","South Central US","West US","Japan East","Japan
        West","Australia East","Australia Southeast","Brazil South","Central India","South
        India","West India","Canada Central","Canada East","UK South","UK West","West
        Central US","West US 2","East US 2 EUAP","Central US EUAP","Korea Central","Korea
        South","France Central","France South","Australia Central","Australia Central
        2","UAE Central","UAE North","South Africa North","South Africa West","Switzerland
        North","Switzerland West","Germany North","Germany West Central","Norway East","Norway
        West","Brazil Southeast","West US 3","Jio India Central","Jio India West"],"apiVersions":["2021-04-01-preview","2020-04-01-preview","2019-09-01","2018-02-14-preview","2018-02-14","2016-10-01"],"defaultApiVersion":"2019-09-01","apiProfiles":[{"profileVersion":"2018-06-01-profile","apiVersion":"2016-10-01"}],"capabilities":"None"},{"resourceType":"locations/deletedVaults","locations":["North
        Central US","East US","North Europe","West Europe","East Asia","Southeast
        Asia","East US 2","Central US","South Central US","West US","Japan East","Japan
        West","Australia East","Australia Southeast","Brazil South","Central India","South
        India","West India","Canada Central","Canada East","UK South","UK West","West
        Central US","West US 2","East US 2 EUAP","Central US EUAP","Korea Central","Korea
        South","France Central","France South","Australia Central","Australia Central
        2","UAE Central","UAE North","South Africa North","South Africa West","Switzerland
        North","Switzerland West","Germany North","Germany West Central","Norway East","Norway
        West","Brazil Southeast","West US 3","Jio India Central","Jio India West"],"apiVersions":["2021-04-01-preview","2020-04-01-preview","2019-09-01","2018-02-14-preview","2018-02-14","2016-10-01"],"defaultApiVersion":"2019-09-01","apiProfiles":[{"profileVersion":"2018-06-01-profile","apiVersion":"2016-10-01"}],"capabilities":"None"},{"resourceType":"locations/deleteVirtualNetworkOrSubnets","locations":["East
        US","North Central US","West Europe","North Europe","East Asia","Southeast
        Asia","East US 2","Central US","South Central US","West Central US","West
        US 2","West US","Japan East","Japan West","Australia East","Australia Southeast","Australia
        Central","Australia Central 2","Brazil South","Central India","South India","West
        India","Canada Central","Canada East","UK South","UK West","Central US EUAP","East
        US 2 EUAP","Korea Central","Korea South","France Central","France South","UAE
        Central","UAE North","South Africa North","South Africa West","Switzerland
        North","Switzerland West","Germany North","Germany West Central","Norway East","Norway
        West","Brazil Southeast","West US 3","Jio India Central","Jio India West"],"apiVersions":["2021-04-01-preview","2020-04-01-preview","2019-09-01","2018-02-14-preview","2018-02-14","2016-10-01"],"defaultApiVersion":"2019-09-01","capabilities":"None"},{"resourceType":"locations/operationResults","locations":["North
        Central US","East US","North Europe","West Europe","East Asia","Southeast
        Asia","East US 2","Central US","South Central US","West US","Japan East","Japan
        West","Australia East","Australia Southeast","Brazil South","Central India","South
        India","West India","Canada Central","Canada East","UK South","UK West","West
        Central US","West US 2","East US 2 EUAP","Central US EUAP","Korea Central","Korea
        South","France Central","France South","Australia Central","Australia Central
        2","UAE Central","UAE North","South Africa North","South Africa West","Switzerland
        North","Switzerland West","Germany North","Germany West Central","Norway East","Norway
        West","Brazil Southeast","West US 3","Jio India Central","Jio India West"],"apiVersions":["2021-04-01-preview","2020-04-01-preview","2019-09-01","2018-02-14-preview","2018-02-14","2016-10-01"],"defaultApiVersion":"2019-09-01","apiProfiles":[{"profileVersion":"2018-06-01-profile","apiVersion":"2016-10-01"}],"capabilities":"None"},{"resourceType":"vaults/eventGridFilters","locations":["North
        Central US","East US","North Europe","West Europe","East Asia","Southeast
        Asia","East US 2","Central US","South Central US","West US","Japan East","Japan
        West","Australia East","Australia Southeast","Brazil South","Central India","South
        India","West India","Canada Central","Canada East","UK South","UK West","West
        Central US","West US 2","East US 2 EUAP","Central US EUAP","Korea Central","Korea
        South","France Central","France South","Australia Central","Australia Central
        2","UAE Central","UAE North","South Africa North","South Africa West","Switzerland
        North","Switzerland West","Germany North","Germany West Central","Norway East","Norway
        West","Brazil Southeast","West US 3","Jio India Central","Jio India West"],"apiVersions":["2021-04-01-preview","2020-04-01-preview","2019-09-01","2018-02-14-preview","2018-02-14"],"defaultApiVersion":"2019-09-01","capabilities":"None"},{"resourceType":"vaults/keys","locations":["North
        Central US","East US","North Europe","West Europe","East Asia","Southeast
        Asia","East US 2","Central US","South Central US","West US","Japan East","Japan
        West","Australia East","Australia Southeast","Brazil South","Central India","South
        India","West India","Canada Central","Canada East","UK South","UK West","West
        Central US","West US 2","East US 2 EUAP","Central US EUAP","Korea Central","Korea
        South","France Central","France South","Australia Central","Australia Central
        2","UAE Central","UAE North","South Africa North","South Africa West","Switzerland
        North","Switzerland West","Germany North","Germany West Central","Norway East","Norway
        West","Brazil Southeast","West US 3","Jio India Central","Jio India West"],"apiVersions":["2021-04-01-preview","2020-04-01-preview","2019-09-01"],"defaultApiVersion":"2019-09-01","capabilities":"None"},{"resourceType":"vaults/keys/versions","locations":["North
        Central US","East US","North Europe","West Europe","East Asia","Southeast
        Asia","East US 2","Central US","South Central US","West US","Japan East","Japan
        West","Australia East","Australia Southeast","Brazil South","Central India","South
        India","West India","Canada Central","Canada East","UK South","UK West","West
        Central US","West US 2","East US 2 EUAP","Central US EUAP","Korea Central","Korea
        South","France Central","France South","Australia Central","Australia Central
        2","UAE Central","UAE North","South Africa North","South Africa West","Switzerland
        North","Switzerland West","Germany North","Germany West Central","Norway East","Norway
        West","Brazil Southeast","West US 3","Jio India Central","Jio India West"],"apiVersions":["2021-04-01-preview","2020-04-01-preview","2019-09-01"],"defaultApiVersion":"2019-09-01","capabilities":"None"}],"registrationState":"Registered","registrationPolicy":"RegistrationRequired"}'
    headers:
      cache-control:
      - no-cache
      content-length:
      - '13238'
      content-type:
      - application/json; charset=utf-8
      date:
      - Wed, 21 Apr 2021 06:29:50 GMT
      expires:
      - '-1'
      pragma:
      - no-cache
      strict-transport-security:
      - max-age=31536000; includeSubDomains
      vary:
      - Accept-Encoding
      x-content-type-options:
      - nosniff
    status:
      code: 200
      message: OK
- request:
    body: '{"location": "southcentralus", "tags": {}, "properties": {"sku": {"family":
      "A", "name": "standard"}, "tenantId": "54826b22-38d6-4fb2-bad9-b7b93a3e9c5a",
      "accessPolicies": [{"tenantId": "54826b22-38d6-4fb2-bad9-b7b93a3e9c5a", "objectId":
      "f3ea48f6-a16e-4b37-8260-f69cf2200525", "permissions": {"keys": ["get", "create",
      "delete", "list", "update", "import", "backup", "restore", "recover"], "secrets":
      ["get", "list", "set", "delete", "backup", "restore", "recover"], "certificates":
      ["get", "list", "delete", "create", "import", "update", "managecontacts", "getissuers",
      "listissuers", "setissuers", "deleteissuers", "manageissuers", "recover"], "storage":
      ["get", "list", "delete", "set", "update", "regeneratekey", "setsas", "listsas",
      "getsas", "deletesas"]}}, {"tenantId": "54826b22-38d6-4fb2-bad9-b7b93a3e9c5a",
      "objectId": "1208d725-0f58-43d6-b312-148453aad941", "permissions": {"keys":
      ["get", "recover", "wrapKey", "unwrapKey"]}}], "enabledForDeployment": false,
      "enableSoftDelete": true, "softDeleteRetentionInDays": 90, "vaultUri": "https://clitest000003.vault.azure.net/",
      "provisioningState": "Succeeded", "enablePurgeProtection": true}}'
    headers:
      Accept:
      - application/json
      Accept-Encoding:
      - gzip, deflate
      CommandName:
      - resource update
      Connection:
      - keep-alive
      Content-Length:
      - '1161'
      Content-Type:
      - application/json; charset=utf-8
      ParameterSetName:
      - --id --set
      User-Agent:
      - python/3.8.2 (Windows-10-10.0.19041-SP0) msrest/0.6.21 msrest_azure/0.6.3
        azure-mgmt-resource/12.1.0 Azure-SDK-For-Python AZURECLI/2.22.1
      accept-language:
      - en-US
    method: PUT
    uri: https://management.azure.com/subscriptions/00000000-0000-0000-0000-000000000000/resourceGroups/clitest.rg000001/providers/Microsoft.KeyVault/vaults/clitest000003?api-version=2019-09-01
  response:
    body:
      string: '{"id":"/subscriptions/00000000-0000-0000-0000-000000000000/resourceGroups/clitest.rg000001/providers/Microsoft.KeyVault/vaults/clitest000003","name":"clitest000003","type":"Microsoft.KeyVault/vaults","location":"southcentralus","tags":{},"systemData":{"createdBy":"honc@microsoft.com","createdByType":"User","createdAt":"1970-01-19T17:43:06.532Z","lastModifiedBy":"honc@microsoft.com","lastModifiedByType":"User","lastModifiedAt":"1970-01-19T17:43:06.588Z"},"properties":{"sku":{"family":"A","name":"standard"},"tenantId":"54826b22-38d6-4fb2-bad9-b7b93a3e9c5a","accessPolicies":[{"tenantId":"54826b22-38d6-4fb2-bad9-b7b93a3e9c5a","objectId":"f3ea48f6-a16e-4b37-8260-f69cf2200525","permissions":{"keys":["get","create","delete","list","update","import","backup","restore","recover"],"secrets":["get","list","set","delete","backup","restore","recover"],"certificates":["get","list","delete","create","import","update","managecontacts","getissuers","listissuers","setissuers","deleteissuers","manageissuers","recover"],"storage":["get","list","delete","set","update","regeneratekey","setsas","listsas","getsas","deletesas"]}},{"tenantId":"54826b22-38d6-4fb2-bad9-b7b93a3e9c5a","objectId":"1208d725-0f58-43d6-b312-148453aad941","permissions":{"keys":["get","recover","wrapKey","unwrapKey"]}}],"enabledForDeployment":false,"enableSoftDelete":true,"softDeleteRetentionInDays":90,"enablePurgeProtection":true,"vaultUri":"https://clitest000003.vault.azure.net/","provisioningState":"Succeeded"}}'
    headers:
      cache-control:
      - no-cache
      content-length:
      - '1579'
      content-type:
      - application/json; charset=utf-8
      date:
      - Wed, 21 Apr 2021 06:29:52 GMT
      expires:
      - '-1'
      pragma:
      - no-cache
      server:
      - Microsoft-IIS/10.0
      strict-transport-security:
      - max-age=31536000; includeSubDomains
      transfer-encoding:
      - chunked
      vary:
      - Accept-Encoding
      x-aspnet-version:
      - 4.0.30319
      x-content-type-options:
      - nosniff
      x-ms-keyvault-service-version:
      - 1.1.292.0
      x-ms-ratelimit-remaining-subscription-writes:
      - '1199'
      x-powered-by:
      - ASP.NET
    status:
      code: 200
      message: OK
- request:
    body: null
    headers:
      Accept:
      - application/json
      Accept-Encoding:
      - gzip, deflate
      CommandName:
      - storage account update
      Connection:
      - keep-alive
      ParameterSetName:
      - -n -g --encryption-key-source --encryption-key-vault --encryption-key-name
      User-Agent:
      - AZURECLI/2.22.1 azsdk-python-azure-mgmt-storage/17.1.0 Python/3.8.2 (Windows-10-10.0.19041-SP0)
    method: GET
    uri: https://management.azure.com/subscriptions/00000000-0000-0000-0000-000000000000/resourceGroups/clitest.rg000001/providers/Microsoft.Storage/storageAccounts/clitest000002?api-version=2021-02-01
  response:
    body:
      string: '{"identity":{"principalId":"1208d725-0f58-43d6-b312-148453aad941","tenantId":"54826b22-38d6-4fb2-bad9-b7b93a3e9c5a","type":"SystemAssigned"},"sku":{"name":"Standard_LRS","tier":"Standard"},"kind":"Storage","id":"/subscriptions/00000000-0000-0000-0000-000000000000/resourceGroups/clitest.rg000001/providers/Microsoft.Storage/storageAccounts/clitest000002","name":"clitest000002","type":"Microsoft.Storage/storageAccounts","location":"southcentralus","tags":{},"properties":{"keyCreationTime":{"key1":"2021-04-21T06:28:26.1118453Z","key2":"2021-04-21T06:28:26.1118453Z"},"privateEndpointConnections":[],"networkAcls":{"bypass":"AzureServices","virtualNetworkRules":[],"ipRules":[],"defaultAction":"Allow"},"supportsHttpsTrafficOnly":true,"encryption":{"services":{"file":{"keyType":"Account","enabled":true,"lastEnabledTime":"2021-04-21T06:28:26.1118453Z"},"blob":{"keyType":"Account","enabled":true,"lastEnabledTime":"2021-04-21T06:28:26.1118453Z"}},"keySource":"Microsoft.Storage"},"provisioningState":"Succeeded","creationTime":"2021-04-21T06:28:26.0336980Z","primaryEndpoints":{"blob":"https://clitest000002.blob.core.windows.net/","queue":"https://clitest000002.queue.core.windows.net/","table":"https://clitest000002.table.core.windows.net/","file":"https://clitest000002.file.core.windows.net/"},"primaryLocation":"southcentralus","statusOfPrimary":"available"}}'
    headers:
      cache-control:
      - no-cache
      content-length:
      - '1492'
      content-type:
      - application/json
      date:
      - Wed, 21 Apr 2021 06:29:53 GMT
      expires:
      - '-1'
      pragma:
      - no-cache
      server:
      - Microsoft-Azure-Storage-Resource-Provider/1.0,Microsoft-HTTPAPI/2.0 Microsoft-HTTPAPI/2.0
      strict-transport-security:
      - max-age=31536000; includeSubDomains
      transfer-encoding:
      - chunked
      vary:
      - Accept-Encoding
      x-content-type-options:
      - nosniff
    status:
      code: 200
      message: OK
- request:
    body: '{"sku": {"name": "Standard_LRS"}, "tags": {}, "properties": {"encryption":
      {"services": {"blob": {"enabled": true, "keyType": "Account"}, "file": {"enabled":
      true, "keyType": "Account"}}, "keySource": "Microsoft.Keyvault", "keyvaultproperties":
      {"keyname": "testkey", "keyvaulturi": "https://clitest000003.vault.azure.net/"}},
      "supportsHttpsTrafficOnly": true, "networkAcls": {"bypass": "AzureServices",
      "virtualNetworkRules": [], "ipRules": [], "defaultAction": "Allow"}}}'
    headers:
      Accept:
      - application/json
      Accept-Encoding:
      - gzip, deflate
      CommandName:
      - storage account update
      Connection:
      - keep-alive
      Content-Length:
      - '484'
      Content-Type:
      - application/json
      ParameterSetName:
      - -n -g --encryption-key-source --encryption-key-vault --encryption-key-name
      User-Agent:
      - AZURECLI/2.22.1 azsdk-python-azure-mgmt-storage/17.1.0 Python/3.8.2 (Windows-10-10.0.19041-SP0)
    method: PATCH
    uri: https://management.azure.com/subscriptions/00000000-0000-0000-0000-000000000000/resourceGroups/clitest.rg000001/providers/Microsoft.Storage/storageAccounts/clitest000002?api-version=2021-02-01
  response:
    body:
      string: '{"identity":{"principalId":"1208d725-0f58-43d6-b312-148453aad941","tenantId":"54826b22-38d6-4fb2-bad9-b7b93a3e9c5a","type":"SystemAssigned"},"sku":{"name":"Standard_LRS","tier":"Standard"},"kind":"Storage","id":"/subscriptions/00000000-0000-0000-0000-000000000000/resourceGroups/clitest.rg000001/providers/Microsoft.Storage/storageAccounts/clitest000002","name":"clitest000002","type":"Microsoft.Storage/storageAccounts","location":"southcentralus","tags":{},"properties":{"keyCreationTime":{"key1":"2021-04-21T06:28:26.1118453Z","key2":"2021-04-21T06:28:26.1118453Z"},"privateEndpointConnections":[],"networkAcls":{"bypass":"AzureServices","virtualNetworkRules":[],"ipRules":[],"defaultAction":"Allow"},"supportsHttpsTrafficOnly":true,"encryption":{"keyvaultproperties":{"currentVersionedKeyIdentifier":"https://clitest000003.vault.azure.net/keys/testkey/98ea680a0a3041e984702bb25400b6ec","lastKeyRotationTimestamp":"2021-04-21T06:29:57.7330669Z","currentVersionedKeyExpirationTimestamp":"1970-01-01T00:00:00.0000000Z","keyvaulturi":"https://clitest000003.vault.azure.net/","keyname":"testkey"},"services":{"file":{"keyType":"Account","enabled":true,"lastEnabledTime":"2021-04-21T06:28:26.1118453Z"},"blob":{"keyType":"Account","enabled":true,"lastEnabledTime":"2021-04-21T06:28:26.1118453Z"}},"keySource":"Microsoft.Keyvault"},"provisioningState":"Succeeded","creationTime":"2021-04-21T06:28:26.0336980Z","primaryEndpoints":{"blob":"https://clitest000002.blob.core.windows.net/","queue":"https://clitest000002.queue.core.windows.net/","table":"https://clitest000002.table.core.windows.net/","file":"https://clitest000002.file.core.windows.net/"},"primaryLocation":"southcentralus","statusOfPrimary":"available"}}'
    headers:
      cache-control:
      - no-cache
      content-length:
      - '1861'
      content-type:
      - application/json
      date:
      - Wed, 21 Apr 2021 06:30:01 GMT
      expires:
      - '-1'
      pragma:
      - no-cache
      server:
      - Microsoft-Azure-Storage-Resource-Provider/1.0,Microsoft-HTTPAPI/2.0 Microsoft-HTTPAPI/2.0
      strict-transport-security:
      - max-age=31536000; includeSubDomains
      transfer-encoding:
      - chunked
      vary:
      - Accept-Encoding
      x-content-type-options:
      - nosniff
      x-ms-ratelimit-remaining-subscription-writes:
      - '1199'
    status:
      code: 200
      message: OK
- request:
    body: null
    headers:
      Accept:
      - application/json
      Accept-Encoding:
      - gzip, deflate
      CommandName:
      - storage account update
      Connection:
      - keep-alive
      ParameterSetName:
      - -n -g --encryption-key-version
      User-Agent:
      - AZURECLI/2.22.1 azsdk-python-azure-mgmt-storage/17.1.0 Python/3.8.2 (Windows-10-10.0.19041-SP0)
    method: GET
    uri: https://management.azure.com/subscriptions/00000000-0000-0000-0000-000000000000/resourceGroups/clitest.rg000001/providers/Microsoft.Storage/storageAccounts/clitest000002?api-version=2021-02-01
  response:
    body:
      string: '{"identity":{"principalId":"1208d725-0f58-43d6-b312-148453aad941","tenantId":"54826b22-38d6-4fb2-bad9-b7b93a3e9c5a","type":"SystemAssigned"},"sku":{"name":"Standard_LRS","tier":"Standard"},"kind":"Storage","id":"/subscriptions/00000000-0000-0000-0000-000000000000/resourceGroups/clitest.rg000001/providers/Microsoft.Storage/storageAccounts/clitest000002","name":"clitest000002","type":"Microsoft.Storage/storageAccounts","location":"southcentralus","tags":{},"properties":{"keyCreationTime":{"key1":"2021-04-21T06:28:26.1118453Z","key2":"2021-04-21T06:28:26.1118453Z"},"privateEndpointConnections":[],"networkAcls":{"bypass":"AzureServices","virtualNetworkRules":[],"ipRules":[],"defaultAction":"Allow"},"supportsHttpsTrafficOnly":true,"encryption":{"keyvaultproperties":{"currentVersionedKeyIdentifier":"https://clitest000003.vault.azure.net/keys/testkey/98ea680a0a3041e984702bb25400b6ec","lastKeyRotationTimestamp":"2021-04-21T06:29:57.7330669Z","currentVersionedKeyExpirationTimestamp":"1970-01-01T00:00:00.0000000Z","keyvaulturi":"https://clitest000003.vault.azure.net/","keyname":"testkey"},"services":{"file":{"keyType":"Account","enabled":true,"lastEnabledTime":"2021-04-21T06:28:26.1118453Z"},"blob":{"keyType":"Account","enabled":true,"lastEnabledTime":"2021-04-21T06:28:26.1118453Z"}},"keySource":"Microsoft.Keyvault"},"provisioningState":"Succeeded","creationTime":"2021-04-21T06:28:26.0336980Z","primaryEndpoints":{"blob":"https://clitest000002.blob.core.windows.net/","queue":"https://clitest000002.queue.core.windows.net/","table":"https://clitest000002.table.core.windows.net/","file":"https://clitest000002.file.core.windows.net/"},"primaryLocation":"southcentralus","statusOfPrimary":"available"}}'
    headers:
      cache-control:
      - no-cache
      content-length:
      - '1861'
      content-type:
      - application/json
      date:
      - Wed, 21 Apr 2021 06:30:02 GMT
      expires:
      - '-1'
      pragma:
      - no-cache
      server:
      - Microsoft-Azure-Storage-Resource-Provider/1.0,Microsoft-HTTPAPI/2.0 Microsoft-HTTPAPI/2.0
      strict-transport-security:
      - max-age=31536000; includeSubDomains
      transfer-encoding:
      - chunked
      vary:
      - Accept-Encoding
      x-content-type-options:
      - nosniff
    status:
      code: 200
      message: OK
- request:
    body: '{"sku": {"name": "Standard_LRS"}, "tags": {}, "properties": {"encryption":
      {"services": {"blob": {"enabled": true, "keyType": "Account"}, "file": {"enabled":
      true, "keyType": "Account"}}, "keySource": "Microsoft.Keyvault", "keyvaultproperties":
      {"keyname": "testkey", "keyversion": "98ea680a0a3041e984702bb25400b6ec", "keyvaulturi":
      "https://clitest000003.vault.azure.net/"}}, "supportsHttpsTrafficOnly": true,
      "networkAcls": {"bypass": "AzureServices", "virtualNetworkRules": [], "ipRules":
      [], "defaultAction": "Allow"}}}'
    headers:
      Accept:
      - application/json
      Accept-Encoding:
      - gzip, deflate
      CommandName:
      - storage account update
      Connection:
      - keep-alive
      Content-Length:
      - '534'
      Content-Type:
      - application/json
      ParameterSetName:
      - -n -g --encryption-key-version
      User-Agent:
      - AZURECLI/2.22.1 azsdk-python-azure-mgmt-storage/17.1.0 Python/3.8.2 (Windows-10-10.0.19041-SP0)
    method: PATCH
    uri: https://management.azure.com/subscriptions/00000000-0000-0000-0000-000000000000/resourceGroups/clitest.rg000001/providers/Microsoft.Storage/storageAccounts/clitest000002?api-version=2021-02-01
  response:
    body:
      string: '{"identity":{"principalId":"1208d725-0f58-43d6-b312-148453aad941","tenantId":"54826b22-38d6-4fb2-bad9-b7b93a3e9c5a","type":"SystemAssigned"},"sku":{"name":"Standard_LRS","tier":"Standard"},"kind":"Storage","id":"/subscriptions/00000000-0000-0000-0000-000000000000/resourceGroups/clitest.rg000001/providers/Microsoft.Storage/storageAccounts/clitest000002","name":"clitest000002","type":"Microsoft.Storage/storageAccounts","location":"southcentralus","tags":{},"properties":{"keyCreationTime":{"key1":"2021-04-21T06:28:26.1118453Z","key2":"2021-04-21T06:28:26.1118453Z"},"privateEndpointConnections":[],"networkAcls":{"bypass":"AzureServices","virtualNetworkRules":[],"ipRules":[],"defaultAction":"Allow"},"supportsHttpsTrafficOnly":true,"encryption":{"keyvaultproperties":{"currentVersionedKeyIdentifier":"https://clitest000003.vault.azure.net/keys/testkey/98ea680a0a3041e984702bb25400b6ec","lastKeyRotationTimestamp":"2021-04-21T06:30:06.9839025Z","currentVersionedKeyExpirationTimestamp":"1970-01-01T00:00:00.0000000Z","keyvaulturi":"https://clitest000003.vault.azure.net/","keyname":"testkey","keyversion":"98ea680a0a3041e984702bb25400b6ec"},"services":{"file":{"keyType":"Account","enabled":true,"lastEnabledTime":"2021-04-21T06:28:26.1118453Z"},"blob":{"keyType":"Account","enabled":true,"lastEnabledTime":"2021-04-21T06:28:26.1118453Z"}},"keySource":"Microsoft.Keyvault"},"provisioningState":"Succeeded","creationTime":"2021-04-21T06:28:26.0336980Z","primaryEndpoints":{"blob":"https://clitest000002.blob.core.windows.net/","queue":"https://clitest000002.queue.core.windows.net/","table":"https://clitest000002.table.core.windows.net/","file":"https://clitest000002.file.core.windows.net/"},"primaryLocation":"southcentralus","statusOfPrimary":"available"}}'
    headers:
      cache-control:
      - no-cache
      content-length:
      - '1909'
      content-type:
      - application/json
      date:
      - Wed, 21 Apr 2021 06:30:10 GMT
      expires:
      - '-1'
      pragma:
      - no-cache
      server:
      - Microsoft-Azure-Storage-Resource-Provider/1.0,Microsoft-HTTPAPI/2.0 Microsoft-HTTPAPI/2.0
      strict-transport-security:
      - max-age=31536000; includeSubDomains
      transfer-encoding:
      - chunked
      vary:
      - Accept-Encoding
      x-content-type-options:
      - nosniff
      x-ms-ratelimit-remaining-subscription-writes:
      - '1198'
    status:
      code: 200
      message: OK
- request:
    body: null
    headers:
      Accept:
      - application/json
      Accept-Encoding:
      - gzip, deflate
      CommandName:
      - storage account update
      Connection:
      - keep-alive
      ParameterSetName:
      - -n -g --encryption-key-version
      User-Agent:
      - AZURECLI/2.22.1 azsdk-python-azure-mgmt-storage/17.1.0 Python/3.8.2 (Windows-10-10.0.19041-SP0)
    method: GET
    uri: https://management.azure.com/subscriptions/00000000-0000-0000-0000-000000000000/resourceGroups/clitest.rg000001/providers/Microsoft.Storage/storageAccounts/clitest000002?api-version=2021-02-01
  response:
    body:
      string: '{"identity":{"principalId":"1208d725-0f58-43d6-b312-148453aad941","tenantId":"54826b22-38d6-4fb2-bad9-b7b93a3e9c5a","type":"SystemAssigned"},"sku":{"name":"Standard_LRS","tier":"Standard"},"kind":"Storage","id":"/subscriptions/00000000-0000-0000-0000-000000000000/resourceGroups/clitest.rg000001/providers/Microsoft.Storage/storageAccounts/clitest000002","name":"clitest000002","type":"Microsoft.Storage/storageAccounts","location":"southcentralus","tags":{},"properties":{"keyCreationTime":{"key1":"2021-04-21T06:28:26.1118453Z","key2":"2021-04-21T06:28:26.1118453Z"},"privateEndpointConnections":[],"networkAcls":{"bypass":"AzureServices","virtualNetworkRules":[],"ipRules":[],"defaultAction":"Allow"},"supportsHttpsTrafficOnly":true,"encryption":{"keyvaultproperties":{"currentVersionedKeyIdentifier":"https://clitest000003.vault.azure.net/keys/testkey/98ea680a0a3041e984702bb25400b6ec","lastKeyRotationTimestamp":"2021-04-21T06:30:06.9839025Z","currentVersionedKeyExpirationTimestamp":"1970-01-01T00:00:00.0000000Z","keyvaulturi":"https://clitest000003.vault.azure.net/","keyname":"testkey","keyversion":"98ea680a0a3041e984702bb25400b6ec"},"services":{"file":{"keyType":"Account","enabled":true,"lastEnabledTime":"2021-04-21T06:28:26.1118453Z"},"blob":{"keyType":"Account","enabled":true,"lastEnabledTime":"2021-04-21T06:28:26.1118453Z"}},"keySource":"Microsoft.Keyvault"},"provisioningState":"Succeeded","creationTime":"2021-04-21T06:28:26.0336980Z","primaryEndpoints":{"blob":"https://clitest000002.blob.core.windows.net/","queue":"https://clitest000002.queue.core.windows.net/","table":"https://clitest000002.table.core.windows.net/","file":"https://clitest000002.file.core.windows.net/"},"primaryLocation":"southcentralus","statusOfPrimary":"available"}}'
    headers:
      cache-control:
      - no-cache
      content-length:
      - '1909'
      content-type:
      - application/json
      date:
      - Wed, 21 Apr 2021 06:30:11 GMT
      expires:
      - '-1'
      pragma:
      - no-cache
      server:
      - Microsoft-Azure-Storage-Resource-Provider/1.0,Microsoft-HTTPAPI/2.0 Microsoft-HTTPAPI/2.0
      strict-transport-security:
      - max-age=31536000; includeSubDomains
      transfer-encoding:
      - chunked
      vary:
      - Accept-Encoding
      x-content-type-options:
      - nosniff
    status:
      code: 200
      message: OK
- request:
    body: '{"sku": {"name": "Standard_LRS"}, "tags": {}, "properties": {"encryption":
      {"services": {"blob": {"enabled": true, "keyType": "Account"}, "file": {"enabled":
      true, "keyType": "Account"}}, "keySource": "Microsoft.Keyvault", "keyvaultproperties":
      {"keyname": "testkey", "keyversion": "", "keyvaulturi": "https://clitest000003.vault.azure.net/"}},
      "supportsHttpsTrafficOnly": true, "networkAcls": {"bypass": "AzureServices",
      "virtualNetworkRules": [], "ipRules": [], "defaultAction": "Allow"}}}'
    headers:
      Accept:
      - application/json
      Accept-Encoding:
      - gzip, deflate
      CommandName:
      - storage account update
      Connection:
      - keep-alive
      Content-Length:
      - '502'
      Content-Type:
      - application/json
      ParameterSetName:
      - -n -g --encryption-key-version
      User-Agent:
      - AZURECLI/2.22.1 azsdk-python-azure-mgmt-storage/17.1.0 Python/3.8.2 (Windows-10-10.0.19041-SP0)
    method: PATCH
    uri: https://management.azure.com/subscriptions/00000000-0000-0000-0000-000000000000/resourceGroups/clitest.rg000001/providers/Microsoft.Storage/storageAccounts/clitest000002?api-version=2021-02-01
  response:
    body:
      string: '{"identity":{"principalId":"1208d725-0f58-43d6-b312-148453aad941","tenantId":"54826b22-38d6-4fb2-bad9-b7b93a3e9c5a","type":"SystemAssigned"},"sku":{"name":"Standard_LRS","tier":"Standard"},"kind":"Storage","id":"/subscriptions/00000000-0000-0000-0000-000000000000/resourceGroups/clitest.rg000001/providers/Microsoft.Storage/storageAccounts/clitest000002","name":"clitest000002","type":"Microsoft.Storage/storageAccounts","location":"southcentralus","tags":{},"properties":{"keyCreationTime":{"key1":"2021-04-21T06:28:26.1118453Z","key2":"2021-04-21T06:28:26.1118453Z"},"privateEndpointConnections":[],"networkAcls":{"bypass":"AzureServices","virtualNetworkRules":[],"ipRules":[],"defaultAction":"Allow"},"supportsHttpsTrafficOnly":true,"encryption":{"keyvaultproperties":{"currentVersionedKeyIdentifier":"https://clitest000003.vault.azure.net/keys/testkey/98ea680a0a3041e984702bb25400b6ec","lastKeyRotationTimestamp":"2021-04-21T06:30:14.0174080Z","currentVersionedKeyExpirationTimestamp":"1970-01-01T00:00:00.0000000Z","keyvaulturi":"https://clitest000003.vault.azure.net/","keyname":"testkey","keyversion":""},"services":{"file":{"keyType":"Account","enabled":true,"lastEnabledTime":"2021-04-21T06:28:26.1118453Z"},"blob":{"keyType":"Account","enabled":true,"lastEnabledTime":"2021-04-21T06:28:26.1118453Z"}},"keySource":"Microsoft.Keyvault"},"provisioningState":"Succeeded","creationTime":"2021-04-21T06:28:26.0336980Z","primaryEndpoints":{"blob":"https://clitest000002.blob.core.windows.net/","queue":"https://clitest000002.queue.core.windows.net/","table":"https://clitest000002.table.core.windows.net/","file":"https://clitest000002.file.core.windows.net/"},"primaryLocation":"southcentralus","statusOfPrimary":"available"}}'
    headers:
      cache-control:
      - no-cache
      content-length:
      - '1877'
      content-type:
      - application/json
      date:
      - Wed, 21 Apr 2021 06:30:31 GMT
      expires:
      - '-1'
      pragma:
      - no-cache
      server:
      - Microsoft-Azure-Storage-Resource-Provider/1.0,Microsoft-HTTPAPI/2.0 Microsoft-HTTPAPI/2.0
      strict-transport-security:
      - max-age=31536000; includeSubDomains
      transfer-encoding:
      - chunked
      vary:
      - Accept-Encoding
      x-content-type-options:
      - nosniff
      x-ms-ratelimit-remaining-subscription-writes:
      - '1195'
    status:
      code: 200
      message: OK
- request:
    body: '{"kty": "RSA", "attributes": {"enabled": true}}'
    headers:
      Accept:
      - application/json
      Accept-Encoding:
      - gzip, deflate
      Connection:
      - keep-alive
      Content-Length:
      - '47'
      Content-Type:
      - application/json; charset=utf-8
      User-Agent:
      - python/3.8.2 (Windows-10-10.0.19041-SP0) msrest/0.6.21 msrest_azure/0.6.3
        azure-keyvault/7.0 Azure-SDK-For-Python
      accept-language:
      - en-US
    method: POST
    uri: https://clitest000003.vault.azure.net/keys/newkey/create?api-version=7.0
  response:
    body:
      string: '{"key":{"kid":"https://clitest000003.vault.azure.net/keys/newkey/9e9d913704e94fed9a71f64f6b0f3d64","kty":"RSA","key_ops":["encrypt","decrypt","sign","verify","wrapKey","unwrapKey"],"n":"ztwYoLgFrSwasaKIYEnLwzw9PGZXUiZH7lubQlD-ZlgwGjsLOhOTbunx2Dfsl-SmtUeg9NGEXw240Hax7PalxWkFM_ybEoLgmyST958NZFXfHd1zYETG6Tm1jhP7DFPK7iSn7HZu2Fd_vvnR76wE-4-2csA-9ziWsP_g-ZFYo8ad6dxMHTirFYsMJM3W1QIf1S3ZxOPyBH954_or8nGZUzBNcIOZMwKmARLzKQeBr1h3MbdqSUpNm1lbzmFozH8oUP1xjTslIxsGejd9TKafl9RndnMi_MOsnkAPY_DZq1xYaVuVJC7khVe5ofda8vooCCwSj_c89jCvu1-kYP_G4Q","e":"AQAB"},"attributes":{"enabled":true,"created":1618986633,"updated":1618986633,"recoveryLevel":"Recoverable"}}'
    headers:
      cache-control:
      - no-cache
      content-length:
      - '655'
      content-type:
      - application/json; charset=utf-8
      date:
      - Wed, 21 Apr 2021 06:30:33 GMT
      expires:
      - '-1'
      pragma:
      - no-cache
      strict-transport-security:
      - max-age=31536000;includeSubDomains
      x-content-type-options:
      - nosniff
      x-ms-keyvault-network-info:
      - conn_type=Ipv4;addr=167.220.255.22;act_addr_fam=InterNetwork;
      x-ms-keyvault-region:
      - southcentralus
      x-ms-keyvault-service-version:
      - 1.2.236.0
      x-powered-by:
      - ASP.NET
    status:
      code: 200
      message: OK
- request:
    body: null
    headers:
      Accept:
      - application/json
      Accept-Encoding:
      - gzip, deflate
      CommandName:
      - storage account update
      Connection:
      - keep-alive
      ParameterSetName:
      - -n -g --encryption-key-vault --encryption-key-name
      User-Agent:
      - AZURECLI/2.22.1 azsdk-python-azure-mgmt-storage/17.1.0 Python/3.8.2 (Windows-10-10.0.19041-SP0)
    method: GET
    uri: https://management.azure.com/subscriptions/00000000-0000-0000-0000-000000000000/resourceGroups/clitest.rg000001/providers/Microsoft.Storage/storageAccounts/clitest000002?api-version=2021-02-01
  response:
    body:
      string: '{"identity":{"principalId":"1208d725-0f58-43d6-b312-148453aad941","tenantId":"54826b22-38d6-4fb2-bad9-b7b93a3e9c5a","type":"SystemAssigned"},"sku":{"name":"Standard_LRS","tier":"Standard"},"kind":"Storage","id":"/subscriptions/00000000-0000-0000-0000-000000000000/resourceGroups/clitest.rg000001/providers/Microsoft.Storage/storageAccounts/clitest000002","name":"clitest000002","type":"Microsoft.Storage/storageAccounts","location":"southcentralus","tags":{},"properties":{"keyCreationTime":{"key1":"2021-04-21T06:28:26.1118453Z","key2":"2021-04-21T06:28:26.1118453Z"},"privateEndpointConnections":[],"networkAcls":{"bypass":"AzureServices","virtualNetworkRules":[],"ipRules":[],"defaultAction":"Allow"},"supportsHttpsTrafficOnly":true,"encryption":{"keyvaultproperties":{"currentVersionedKeyIdentifier":"https://clitest000003.vault.azure.net/keys/testkey/98ea680a0a3041e984702bb25400b6ec","lastKeyRotationTimestamp":"2021-04-21T06:30:14.0174080Z","currentVersionedKeyExpirationTimestamp":"1970-01-01T00:00:00.0000000Z","keyvaulturi":"https://clitest000003.vault.azure.net/","keyname":"testkey","keyversion":""},"services":{"file":{"keyType":"Account","enabled":true,"lastEnabledTime":"2021-04-21T06:28:26.1118453Z"},"blob":{"keyType":"Account","enabled":true,"lastEnabledTime":"2021-04-21T06:28:26.1118453Z"}},"keySource":"Microsoft.Keyvault"},"provisioningState":"Succeeded","creationTime":"2021-04-21T06:28:26.0336980Z","primaryEndpoints":{"blob":"https://clitest000002.blob.core.windows.net/","queue":"https://clitest000002.queue.core.windows.net/","table":"https://clitest000002.table.core.windows.net/","file":"https://clitest000002.file.core.windows.net/"},"primaryLocation":"southcentralus","statusOfPrimary":"available"}}'
    headers:
      cache-control:
      - no-cache
      content-length:
      - '1877'
      content-type:
      - application/json
      date:
      - Wed, 21 Apr 2021 06:30:34 GMT
      expires:
      - '-1'
      pragma:
      - no-cache
      server:
      - Microsoft-Azure-Storage-Resource-Provider/1.0,Microsoft-HTTPAPI/2.0 Microsoft-HTTPAPI/2.0
      strict-transport-security:
      - max-age=31536000; includeSubDomains
      transfer-encoding:
      - chunked
      vary:
      - Accept-Encoding
      x-content-type-options:
      - nosniff
    status:
      code: 200
      message: OK
- request:
    body: '{"sku": {"name": "Standard_LRS"}, "tags": {}, "properties": {"encryption":
      {"services": {"blob": {"enabled": true, "keyType": "Account"}, "file": {"enabled":
      true, "keyType": "Account"}}, "keySource": "Microsoft.Keyvault", "keyvaultproperties":
      {"keyname": "newkey", "keyversion": "", "keyvaulturi": "https://clitest000003.vault.azure.net/"}},
      "supportsHttpsTrafficOnly": true, "networkAcls": {"bypass": "AzureServices",
      "virtualNetworkRules": [], "ipRules": [], "defaultAction": "Allow"}}}'
    headers:
      Accept:
      - application/json
      Accept-Encoding:
      - gzip, deflate
      CommandName:
      - storage account update
      Connection:
      - keep-alive
      Content-Length:
      - '501'
      Content-Type:
      - application/json
      ParameterSetName:
      - -n -g --encryption-key-vault --encryption-key-name
      User-Agent:
      - AZURECLI/2.22.1 azsdk-python-azure-mgmt-storage/17.1.0 Python/3.8.2 (Windows-10-10.0.19041-SP0)
    method: PATCH
    uri: https://management.azure.com/subscriptions/00000000-0000-0000-0000-000000000000/resourceGroups/clitest.rg000001/providers/Microsoft.Storage/storageAccounts/clitest000002?api-version=2021-02-01
  response:
    body:
      string: '{"identity":{"principalId":"1208d725-0f58-43d6-b312-148453aad941","tenantId":"54826b22-38d6-4fb2-bad9-b7b93a3e9c5a","type":"SystemAssigned"},"sku":{"name":"Standard_LRS","tier":"Standard"},"kind":"Storage","id":"/subscriptions/00000000-0000-0000-0000-000000000000/resourceGroups/clitest.rg000001/providers/Microsoft.Storage/storageAccounts/clitest000002","name":"clitest000002","type":"Microsoft.Storage/storageAccounts","location":"southcentralus","tags":{},"properties":{"keyCreationTime":{"key1":"2021-04-21T06:28:26.1118453Z","key2":"2021-04-21T06:28:26.1118453Z"},"privateEndpointConnections":[],"networkAcls":{"bypass":"AzureServices","virtualNetworkRules":[],"ipRules":[],"defaultAction":"Allow"},"supportsHttpsTrafficOnly":true,"encryption":{"keyvaultproperties":{"currentVersionedKeyIdentifier":"https://clitest000003.vault.azure.net/keys/newkey/9e9d913704e94fed9a71f64f6b0f3d64","lastKeyRotationTimestamp":"2021-04-21T06:30:37.3530541Z","currentVersionedKeyExpirationTimestamp":"1970-01-01T00:00:00.0000000Z","keyvaulturi":"https://clitest000003.vault.azure.net/","keyname":"newkey","keyversion":""},"services":{"file":{"keyType":"Account","enabled":true,"lastEnabledTime":"2021-04-21T06:28:26.1118453Z"},"blob":{"keyType":"Account","enabled":true,"lastEnabledTime":"2021-04-21T06:28:26.1118453Z"}},"keySource":"Microsoft.Keyvault"},"provisioningState":"Succeeded","creationTime":"2021-04-21T06:28:26.0336980Z","primaryEndpoints":{"blob":"https://clitest000002.blob.core.windows.net/","queue":"https://clitest000002.queue.core.windows.net/","table":"https://clitest000002.table.core.windows.net/","file":"https://clitest000002.file.core.windows.net/"},"primaryLocation":"southcentralus","statusOfPrimary":"available"}}'
    headers:
      cache-control:
      - no-cache
      content-length:
      - '1875'
      content-type:
      - application/json
      date:
      - Wed, 21 Apr 2021 06:30:41 GMT
      expires:
      - '-1'
      pragma:
      - no-cache
      server:
      - Microsoft-Azure-Storage-Resource-Provider/1.0,Microsoft-HTTPAPI/2.0 Microsoft-HTTPAPI/2.0
      strict-transport-security:
      - max-age=31536000; includeSubDomains
      transfer-encoding:
      - chunked
      vary:
      - Accept-Encoding
      x-content-type-options:
      - nosniff
      x-ms-ratelimit-remaining-subscription-writes:
      - '1196'
    status:
      code: 200
      message: OK
- request:
    body: null
    headers:
      Accept:
      - application/json
      Accept-Encoding:
      - gzip, deflate
      CommandName:
      - storage account update
      Connection:
      - keep-alive
      ParameterSetName:
      - -n -g --encryption-key-source
      User-Agent:
      - AZURECLI/2.22.1 azsdk-python-azure-mgmt-storage/17.1.0 Python/3.8.2 (Windows-10-10.0.19041-SP0)
    method: GET
    uri: https://management.azure.com/subscriptions/00000000-0000-0000-0000-000000000000/resourceGroups/clitest.rg000001/providers/Microsoft.Storage/storageAccounts/clitest000002?api-version=2021-02-01
  response:
    body:
      string: '{"identity":{"principalId":"1208d725-0f58-43d6-b312-148453aad941","tenantId":"54826b22-38d6-4fb2-bad9-b7b93a3e9c5a","type":"SystemAssigned"},"sku":{"name":"Standard_LRS","tier":"Standard"},"kind":"Storage","id":"/subscriptions/00000000-0000-0000-0000-000000000000/resourceGroups/clitest.rg000001/providers/Microsoft.Storage/storageAccounts/clitest000002","name":"clitest000002","type":"Microsoft.Storage/storageAccounts","location":"southcentralus","tags":{},"properties":{"keyCreationTime":{"key1":"2021-04-21T06:28:26.1118453Z","key2":"2021-04-21T06:28:26.1118453Z"},"privateEndpointConnections":[],"networkAcls":{"bypass":"AzureServices","virtualNetworkRules":[],"ipRules":[],"defaultAction":"Allow"},"supportsHttpsTrafficOnly":true,"encryption":{"keyvaultproperties":{"currentVersionedKeyIdentifier":"https://clitest000003.vault.azure.net/keys/newkey/9e9d913704e94fed9a71f64f6b0f3d64","lastKeyRotationTimestamp":"2021-04-21T06:30:37.3530541Z","currentVersionedKeyExpirationTimestamp":"1970-01-01T00:00:00.0000000Z","keyvaulturi":"https://clitest000003.vault.azure.net/","keyname":"newkey","keyversion":""},"services":{"file":{"keyType":"Account","enabled":true,"lastEnabledTime":"2021-04-21T06:28:26.1118453Z"},"blob":{"keyType":"Account","enabled":true,"lastEnabledTime":"2021-04-21T06:28:26.1118453Z"}},"keySource":"Microsoft.Keyvault"},"provisioningState":"Succeeded","creationTime":"2021-04-21T06:28:26.0336980Z","primaryEndpoints":{"blob":"https://clitest000002.blob.core.windows.net/","queue":"https://clitest000002.queue.core.windows.net/","table":"https://clitest000002.table.core.windows.net/","file":"https://clitest000002.file.core.windows.net/"},"primaryLocation":"southcentralus","statusOfPrimary":"available"}}'
    headers:
      cache-control:
      - no-cache
      content-length:
      - '1875'
      content-type:
      - application/json
      date:
      - Wed, 21 Apr 2021 06:30:41 GMT
      expires:
      - '-1'
      pragma:
      - no-cache
      server:
      - Microsoft-Azure-Storage-Resource-Provider/1.0,Microsoft-HTTPAPI/2.0 Microsoft-HTTPAPI/2.0
      strict-transport-security:
      - max-age=31536000; includeSubDomains
      transfer-encoding:
      - chunked
      vary:
      - Accept-Encoding
      x-content-type-options:
      - nosniff
    status:
      code: 200
      message: OK
- request:
    body: '{"sku": {"name": "Standard_LRS"}, "tags": {}, "properties": {"encryption":
      {"services": {"blob": {"enabled": true, "keyType": "Account"}, "file": {"enabled":
      true, "keyType": "Account"}}, "keySource": "Microsoft.Storage"}, "supportsHttpsTrafficOnly":
      true, "networkAcls": {"bypass": "AzureServices", "virtualNetworkRules": [],
      "ipRules": [], "defaultAction": "Allow"}}}'
    headers:
      Accept:
      - application/json
      Accept-Encoding:
      - gzip, deflate
      CommandName:
      - storage account update
      Connection:
      - keep-alive
      Content-Length:
      - '369'
      Content-Type:
      - application/json
      ParameterSetName:
      - -n -g --encryption-key-source
      User-Agent:
      - AZURECLI/2.22.1 azsdk-python-azure-mgmt-storage/17.1.0 Python/3.8.2 (Windows-10-10.0.19041-SP0)
    method: PATCH
    uri: https://management.azure.com/subscriptions/00000000-0000-0000-0000-000000000000/resourceGroups/clitest.rg000001/providers/Microsoft.Storage/storageAccounts/clitest000002?api-version=2021-02-01
  response:
    body:
      string: '{"identity":{"principalId":"1208d725-0f58-43d6-b312-148453aad941","tenantId":"54826b22-38d6-4fb2-bad9-b7b93a3e9c5a","type":"SystemAssigned"},"sku":{"name":"Standard_LRS","tier":"Standard"},"kind":"Storage","id":"/subscriptions/00000000-0000-0000-0000-000000000000/resourceGroups/clitest.rg000001/providers/Microsoft.Storage/storageAccounts/clitest000002","name":"clitest000002","type":"Microsoft.Storage/storageAccounts","location":"southcentralus","tags":{},"properties":{"keyCreationTime":{"key1":"2021-04-21T06:28:26.1118453Z","key2":"2021-04-21T06:28:26.1118453Z"},"privateEndpointConnections":[],"networkAcls":{"bypass":"AzureServices","virtualNetworkRules":[],"ipRules":[],"defaultAction":"Allow"},"supportsHttpsTrafficOnly":true,"encryption":{"services":{"file":{"keyType":"Account","enabled":true,"lastEnabledTime":"2021-04-21T06:28:26.1118453Z"},"blob":{"keyType":"Account","enabled":true,"lastEnabledTime":"2021-04-21T06:28:26.1118453Z"}},"keySource":"Microsoft.Storage"},"provisioningState":"Succeeded","creationTime":"2021-04-21T06:28:26.0336980Z","primaryEndpoints":{"blob":"https://clitest000002.blob.core.windows.net/","queue":"https://clitest000002.queue.core.windows.net/","table":"https://clitest000002.table.core.windows.net/","file":"https://clitest000002.file.core.windows.net/"},"primaryLocation":"southcentralus","statusOfPrimary":"available"}}'
    headers:
      cache-control:
      - no-cache
      content-length:
      - '1492'
      content-type:
      - application/json
      date:
      - Wed, 21 Apr 2021 06:31:02 GMT
      expires:
      - '-1'
      pragma:
      - no-cache
      server:
      - Microsoft-Azure-Storage-Resource-Provider/1.0,Microsoft-HTTPAPI/2.0 Microsoft-HTTPAPI/2.0
      strict-transport-security:
      - max-age=31536000; includeSubDomains
      transfer-encoding:
      - chunked
      vary:
      - Accept-Encoding
      x-content-type-options:
      - nosniff
      x-ms-ratelimit-remaining-subscription-writes:
      - '1196'
    status:
      code: 200
      message: OK
version: 1
