interactions:
- request:
    body: null
    headers:
      Accept:
      - application/json
      Accept-Encoding:
      - gzip, deflate
      CommandName:
      - storage account keys list
      Connection:
      - keep-alive
      Content-Length:
      - '0'
      ParameterSetName:
      - -n -g --query -o
      User-Agent:
      - AZURECLI/2.74.0 azsdk-python-core/1.31.0 Python/3.12.10 (Windows-10-10.0.19045-SP0)
    method: POST
    uri: https://management.azure.com/subscriptions/00000000-0000-0000-0000-000000000000/resourceGroups/clitest.rg000001/providers/Microsoft.Storage/storageAccounts/clitest000002/listKeys?api-version=2024-01-01&$expand=kerb
  response:
    body:
      string: '{"keys":[{"creationTime":"2025-06-03T09:04:04.5050500Z","keyName":"key1","value":"veryFakedStorageAccountKey==","permissions":"FULL"},{"creationTime":"2025-06-03T09:04:04.5050500Z","keyName":"key2","value":"veryFakedStorageAccountKey==","permissions":"FULL"}]}'
    headers:
      cache-control:
      - no-cache
      content-length:
      - '260'
      content-type:
      - application/json
      date:
      - Tue, 03 Jun 2025 09:04:56 GMT
      expires:
      - '-1'
      pragma:
      - no-cache
      server:
      - Microsoft-Azure-Storage-Resource-Provider/1.0,Microsoft-HTTPAPI/2.0 Microsoft-HTTPAPI/2.0
      strict-transport-security:
      - max-age=31536000; includeSubDomains
      x-content-type-options:
      - nosniff
      x-ms-operation-identifier:
      - tenantId=54826b22-38d6-4fb2-bad9-b7b93a3e9c5a,objectId=a7250e3a-0e5e-48e2-9a34-45f1f5e1a91e/eastus2euap/5d1d4c1a-f2c7-4cac-94d6-2b740a52c29d
      x-ms-ratelimit-remaining-subscription-resource-requests:
      - '799'
    status:
      code: 200
      message: OK
- request:
    body: null
    headers:
      Accept:
      - application/xml
      Accept-Encoding:
      - gzip, deflate
      CommandName:
      - storage container create
      Connection:
      - keep-alive
      Content-Length:
      - '0'
      ParameterSetName:
      - -n --account-name --account-key
      User-Agent:
      - AZURECLI/2.74.0 azsdk-python-storage-blob/12.16.0 Python/3.12.10 (Windows-10-10.0.19045-SP0)
      x-ms-date:
      - Tue, 03 Jun 2025 09:04:57 GMT
      x-ms-version:
      - '2022-11-02'
    method: PUT
    uri: https://clitest000002.blob.core.windows.net/cont000004?restype=container
  response:
    body:
      string: ''
    headers:
      content-length:
      - '0'
      date:
      - Tue, 03 Jun 2025 09:04:57 GMT
      etag:
      - '"0x8DDA27DB7345B20"'
      last-modified:
      - Tue, 03 Jun 2025 09:04:58 GMT
      server:
      - Windows-Azure-Blob/1.0 Microsoft-HTTPAPI/2.0
      x-ms-version:
      - '2022-11-02'
    status:
      code: 201
      message: Created
- request:
    body: null
    headers:
      Accept:
      - application/xml
      Accept-Encoding:
      - gzip, deflate
      CommandName:
      - storage blob upload
      Connection:
      - keep-alive
      Content-Length:
      - '0'
      If-None-Match:
      - '*'
      ParameterSetName:
      - -c -n -f -t --account-name --account-key
      User-Agent:
      - AZURECLI/2.74.0 azsdk-python-storage-blob/12.16.0 Python/3.12.10 (Windows-10-10.0.19045-SP0)
      x-ms-blob-content-length:
      - '16384000'
      x-ms-blob-type:
      - PageBlob
      x-ms-date:
      - Tue, 03 Jun 2025 09:04:58 GMT
      x-ms-version:
      - '2022-11-02'
    method: PUT
    uri: https://clitest000002.blob.core.windows.net/cont000004/src
  response:
    body:
      string: ''
    headers:
      content-length:
      - '0'
      date:
      - Tue, 03 Jun 2025 09:04:58 GMT
      etag:
      - '"0x8DDA27DB7EE6DEA"'
      last-modified:
      - Tue, 03 Jun 2025 09:04:59 GMT
      server:
      - Windows-Azure-Blob/1.0 Microsoft-HTTPAPI/2.0
      x-ms-request-server-encrypted:
      - 'true'
      x-ms-version:
      - '2022-11-02'
    status:
      code: 201
      message: Created
- request:
    body: null
    headers:
      Accept:
      - application/xml
      Accept-Encoding:
      - gzip, deflate
      CommandName:
      - storage blob snapshot
      Connection:
      - keep-alive
      Content-Length:
      - '0'
      ParameterSetName:
      - -c -n --account-name --account-key
      User-Agent:
      - AZURECLI/2.74.0 azsdk-python-storage-blob/12.16.0 Python/3.12.10 (Windows-10-10.0.19045-SP0)
      x-ms-date:
      - Tue, 03 Jun 2025 09:05:00 GMT
      x-ms-version:
      - '2022-11-02'
    method: PUT
    uri: https://clitest000002.blob.core.windows.net/cont000004/src?comp=snapshot
  response:
    body:
      string: ''
    headers:
      content-length:
      - '0'
      date:
      - Tue, 03 Jun 2025 09:05:00 GMT
      etag:
      - '"0x8DDA27DB7EE6DEA"'
      last-modified:
      - Tue, 03 Jun 2025 09:04:59 GMT
      server:
      - Windows-Azure-Blob/1.0 Microsoft-HTTPAPI/2.0
      x-ms-request-server-encrypted:
      - 'false'
      x-ms-snapshot:
      - '2025-06-03T09:05:01.1688036Z'
      x-ms-version:
      - '2022-11-02'
    status:
      code: 201
      message: Created
- request:
    body: null
    headers:
      Accept:
      - application/json
      Accept-Encoding:
      - gzip, deflate
      CommandName:
      - storage account keys list
      Connection:
      - keep-alive
      Content-Length:
      - '0'
      ParameterSetName:
      - -n -g --query -o
      User-Agent:
      - AZURECLI/2.74.0 azsdk-python-core/1.31.0 Python/3.12.10 (Windows-10-10.0.19045-SP0)
    method: POST
    uri: https://management.azure.com/subscriptions/00000000-0000-0000-0000-000000000000/resourceGroups/clitest.rg000001/providers/Microsoft.Storage/storageAccounts/clitest000003/listKeys?api-version=2024-01-01&$expand=kerb
  response:
    body:
      string: '{"keys":[{"creationTime":"2025-06-03T09:04:33.5366133Z","keyName":"key1","value":"veryFakedStorageAccountKey==","permissions":"FULL"},{"creationTime":"2025-06-03T09:04:33.5366133Z","keyName":"key2","value":"veryFakedStorageAccountKey==","permissions":"FULL"}]}'
    headers:
      cache-control:
      - no-cache
      content-length:
      - '260'
      content-type:
      - application/json
      date:
      - Tue, 03 Jun 2025 09:05:01 GMT
      expires:
      - '-1'
      pragma:
      - no-cache
      server:
      - Microsoft-Azure-Storage-Resource-Provider/1.0,Microsoft-HTTPAPI/2.0 Microsoft-HTTPAPI/2.0
      strict-transport-security:
      - max-age=31536000; includeSubDomains
      x-content-type-options:
      - nosniff
      x-ms-operation-identifier:
      - tenantId=54826b22-38d6-4fb2-bad9-b7b93a3e9c5a,objectId=a7250e3a-0e5e-48e2-9a34-45f1f5e1a91e/eastus2euap/a7a3beeb-5370-4bfe-b001-7ec5223a4657
      x-ms-ratelimit-remaining-subscription-resource-requests:
      - '799'
    status:
      code: 200
      message: OK
- request:
    body: null
    headers:
      Accept:
      - application/xml
      Accept-Encoding:
      - gzip, deflate
      CommandName:
      - storage container create
      Connection:
      - keep-alive
      Content-Length:
      - '0'
      ParameterSetName:
      - -n --account-name --account-key
      User-Agent:
      - AZURECLI/2.74.0 azsdk-python-storage-blob/12.16.0 Python/3.12.10 (Windows-10-10.0.19045-SP0)
      x-ms-date:
      - Tue, 03 Jun 2025 09:05:02 GMT
      x-ms-version:
      - '2022-11-02'
    method: PUT
    uri: https://clitest000003.blob.core.windows.net/cont000005?restype=container
  response:
    body:
      string: ''
    headers:
      content-length:
      - '0'
      date:
      - Tue, 03 Jun 2025 09:05:03 GMT
      etag:
      - '"0x8DDA27DBA6866D6"'
      last-modified:
      - Tue, 03 Jun 2025 09:05:03 GMT
      server:
      - Windows-Azure-Blob/1.0 Microsoft-HTTPAPI/2.0
      x-ms-version:
      - '2022-11-02'
    status:
      code: 201
      message: Created
- request:
    body: null
    headers:
      Accept:
      - '*/*'
      Accept-Encoding:
      - gzip, deflate
      CommandName:
      - storage blob incremental-copy start
      Connection:
      - keep-alive
      Content-Length:
      - '0'
      If-Modified-Since:
      - '2020-06-29T06:32:00.000Z'
      ParameterSetName:
      - --source-container --source-blob --source-account-name --source-account-key
        --source-snapshot --destination-container --destination-blob --destination-if-modified-since
        --account-name --account-key
      User-Agent:
      - AZURECLI/2.74.0 azsdk-python-core/1.31.0 Python/3.12.10 (Windows-10-10.0.19045-SP0)
      x-ms-copy-source:
      - https://clitesth4wbagftvtoxrupek.blob.core.windows.net/contznbqun37tx2y7pmmunla/src?se=2025-06-04T09%3A05%3A04Z&sp=r&spr=https&sv=2022-11-02&sr=b&sig=Ynu6djlcPUtnvu%2B8bzbA34I0%2B7ktTdqYBo9O83L8cE4%3D&snapshot=2025-06-03T09:05:01.1688036Z
      x-ms-version:
      - '2025-07-05'
    method: PUT
    uri: https://clitest000003.blob.core.windows.net/cont000005/backup?comp=incrementalcopy
  response:
    body:
      string: ''
    headers:
      content-length:
      - '0'
      date:
      - Tue, 03 Jun 2025 09:05:05 GMT
      etag:
      - '"0x8DDA27DBBAB5786"'
      last-modified:
      - Tue, 03 Jun 2025 09:05:05 GMT
      server:
      - Windows-Azure-Blob/1.0 Microsoft-HTTPAPI/2.0
      x-ms-copy-id:
      - 7b2c38d7-0ea7-47b8-88d9-4448c5564d2f
      x-ms-copy-status:
      - pending
      x-ms-version:
      - '2025-07-05'
    status:
      code: 202
      message: Accepted
- request:
    body: null
    headers:
      Accept:
      - application/xml
      Accept-Encoding:
      - gzip, deflate
      CommandName:
      - storage blob incremental-copy cancel
      Connection:
      - keep-alive
      Content-Length:
      - '0'
      ParameterSetName:
      - --container-name --name --copy-id --account-name --account-key
      User-Agent:
      - AZURECLI/2.74.0 azsdk-python-storage-blob/12.16.0 Python/3.12.10 (Windows-10-10.0.19045-SP0)
      x-ms-copy-action:
      - abort
      x-ms-date:
      - Tue, 03 Jun 2025 09:05:06 GMT
      x-ms-version:
      - '2022-11-02'
    method: PUT
    uri: https://clitest000003.blob.core.windows.net/cont000005/backup?comp=copy&copyid=7b2c38d7-0ea7-47b8-88d9-4448c5564d2f
  response:
    body:
      string: "\uFEFF<?xml version=\"1.0\" encoding=\"utf-8\"?><Error><Code>NoPendingCopyOperation</Code><Message>There
        is currently no pending copy operation.\nRequestId:7d2dd237-601e-00ed-2f66-d491f4000000\nTime:2025-06-03T09:05:07.0882528Z</Message></Error>"
    headers:
      content-length:
      - '234'
      content-type:
      - application/xml
      date:
      - Tue, 03 Jun 2025 09:05:06 GMT
      server:
      - Windows-Azure-Blob/1.0 Microsoft-HTTPAPI/2.0
      x-ms-error-code:
      - NoPendingCopyOperation
      x-ms-version:
      - '2022-11-02'
    status:
      code: 409
      message: There is currently no pending copy operation.
version: 1
