interactions:
- request:
    body: null
    headers:
      Accept:
      - application/json
      Accept-Encoding:
      - gzip, deflate
      CommandName:
      - storage account keys list
      Connection:
      - keep-alive
      Content-Length:
      - '0'
      ParameterSetName:
      - -n -g --query -o
      User-Agent:
      - AZURECLI/2.39.0 azsdk-python-azure-mgmt-storage/20.1.0 Python/3.7.9 (Windows-10-10.0.22000-SP0)
    method: POST
    uri: https://management.azure.com/subscriptions/00000000-0000-0000-0000-000000000000/resourceGroups/clitest000001/providers/Microsoft.Storage/storageAccounts/clitest000002/listKeys?api-version=2022-05-01&$expand=kerb
  response:
    body:
      string: '{"keys":[{"creationTime":"2022-08-19T02:53:42.5759667Z","keyName":"key1","value":"veryFakedStorageAccountKey==","permissions":"FULL"},{"creationTime":"2022-08-19T02:53:42.5759667Z","keyName":"key2","value":"veryFakedStorageAccountKey==","permissions":"FULL"}]}'
    headers:
      cache-control:
      - no-cache
      content-length:
      - '260'
      content-type:
      - application/json
      date:
      - Fri, 19 Aug 2022 02:54:04 GMT
      expires:
      - '-1'
      pragma:
      - no-cache
      server:
      - Microsoft-Azure-Storage-Resource-Provider/1.0,Microsoft-HTTPAPI/2.0 Microsoft-HTTPAPI/2.0
      strict-transport-security:
      - max-age=31536000; includeSubDomains
      transfer-encoding:
      - chunked
      vary:
      - Accept-Encoding
      x-content-type-options:
      - nosniff
      x-ms-ratelimit-remaining-subscription-resource-requests:
      - '11998'
    status:
      code: 200
      message: OK
- request:
    body: null
    headers:
      Accept:
      - application/xml
      Accept-Encoding:
      - gzip, deflate
      CommandName:
      - storage container create
      Connection:
      - keep-alive
      Content-Length:
      - '0'
      ParameterSetName:
      - -n --account-name --account-key
      User-Agent:
      - AZURECLI/2.39.0 azsdk-python-storage-blob/12.12.0 Python/3.7.9 (Windows-10-10.0.22000-SP0)
      x-ms-date:
      - Fri, 19 Aug 2022 02:54:05 GMT
      x-ms-version:
      - '2021-06-08'
    method: PUT
    uri: https://clitest000002.blob.core.windows.net/con1000003?restype=container
  response:
    body:
      string: ''
    headers:
      content-length:
      - '0'
      date:
      - Fri, 19 Aug 2022 02:54:06 GMT
      etag:
      - '"0x8DA818E1565E427"'
      last-modified:
      - Fri, 19 Aug 2022 02:54:07 GMT
      server:
      - Windows-Azure-Blob/1.0 Microsoft-HTTPAPI/2.0
      x-ms-version:
      - '2021-06-08'
    status:
      code: 201
      message: Created
- request:
    body: null
    headers:
      Accept:
      - application/json
      Accept-Encoding:
      - gzip, deflate
      CommandName:
      - storage account blob-service-properties update
      Connection:
      - keep-alive
      ParameterSetName:
      - -n -g --container-delete-retention-days --enable-container-delete-retention
      User-Agent:
      - AZURECLI/2.39.0 azsdk-python-azure-mgmt-storage/20.1.0 Python/3.7.9 (Windows-10-10.0.22000-SP0)
    method: GET
    uri: https://management.azure.com/subscriptions/00000000-0000-0000-0000-000000000000/resourceGroups/clitest000001/providers/Microsoft.Storage/storageAccounts/clitest000002/blobServices/default?api-version=2022-05-01
  response:
    body:
      string: '{"sku":{"name":"Standard_LRS","tier":"Standard"},"id":"/subscriptions/00000000-0000-0000-0000-000000000000/resourceGroups/clitest000001/providers/Microsoft.Storage/storageAccounts/clitest000002/blobServices/default","name":"default","type":"Microsoft.Storage/storageAccounts/blobServices","properties":{"cors":{"corsRules":[]},"deleteRetentionPolicy":{"allowPermanentDelete":false,"enabled":false}}}'
    headers:
      cache-control:
      - no-cache
      content-length:
      - '399'
      content-type:
      - application/json
      date:
      - Fri, 19 Aug 2022 02:54:08 GMT
      expires:
      - '-1'
      pragma:
      - no-cache
      server:
      - Microsoft-Azure-Storage-Resource-Provider/1.0,Microsoft-HTTPAPI/2.0 Microsoft-HTTPAPI/2.0
      strict-transport-security:
      - max-age=31536000; includeSubDomains
      transfer-encoding:
      - chunked
      vary:
      - Accept-Encoding
      x-content-type-options:
      - nosniff
    status:
      code: 200
      message: OK
- request:
    body: '{"properties": {"cors": {"corsRules": []}, "deleteRetentionPolicy": {"enabled":
      false, "allowPermanentDelete": false}, "containerDeleteRetentionPolicy": {"enabled":
      true, "days": 7}}}'
    headers:
      Accept:
      - application/json
      Accept-Encoding:
      - gzip, deflate
      CommandName:
      - storage account blob-service-properties update
      Connection:
      - keep-alive
      Content-Length:
      - '183'
      Content-Type:
      - application/json
      ParameterSetName:
      - -n -g --container-delete-retention-days --enable-container-delete-retention
      User-Agent:
      - AZURECLI/2.39.0 azsdk-python-azure-mgmt-storage/20.1.0 Python/3.7.9 (Windows-10-10.0.22000-SP0)
    method: PUT
    uri: https://management.azure.com/subscriptions/00000000-0000-0000-0000-000000000000/resourceGroups/clitest000001/providers/Microsoft.Storage/storageAccounts/clitest000002/blobServices/default?api-version=2022-05-01
  response:
    body:
      string: '{"id":"/subscriptions/00000000-0000-0000-0000-000000000000/resourceGroups/clitest000001/providers/Microsoft.Storage/storageAccounts/clitest000002/blobServices/default","name":"default","type":"Microsoft.Storage/storageAccounts/blobServices","properties":{"containerDeleteRetentionPolicy":{"enabled":true,"days":7},"cors":{"corsRules":[]},"deleteRetentionPolicy":{"allowPermanentDelete":false,"enabled":false}}}'
    headers:
      cache-control:
      - no-cache
      content-length:
      - '410'
      content-type:
      - application/json
      date:
      - Fri, 19 Aug 2022 02:54:10 GMT
      expires:
      - '-1'
      pragma:
      - no-cache
      server:
      - Microsoft-Azure-Storage-Resource-Provider/1.0,Microsoft-HTTPAPI/2.0 Microsoft-HTTPAPI/2.0
      strict-transport-security:
      - max-age=31536000; includeSubDomains
      transfer-encoding:
      - chunked
      vary:
      - Accept-Encoding
      x-content-type-options:
      - nosniff
      x-ms-ratelimit-remaining-subscription-writes:
      - '1191'
    status:
      code: 200
      message: OK
- request:
    body: null
    headers:
      Accept:
      - application/xml
      Accept-Encoding:
      - gzip, deflate
      CommandName:
      - storage container list
      Connection:
      - keep-alive
      ParameterSetName:
      - --account-name --account-key
      User-Agent:
      - AZURECLI/2.39.0 azsdk-python-storage-blob/12.12.0 Python/3.7.9 (Windows-10-10.0.22000-SP0)
      x-ms-date:
      - Fri, 19 Aug 2022 02:54:10 GMT
      x-ms-version:
      - '2021-06-08'
    method: GET
    uri: https://clitest000002.blob.core.windows.net/?comp=list&maxresults=5000&include=
  response:
    body:
      string: "\uFEFF<?xml version=\"1.0\" encoding=\"utf-8\"?><EnumerationResults
        ServiceEndpoint=\"https://clitest000002.blob.core.windows.net/\"><MaxResults>5000</MaxResults><Containers><Container><Name>con1000003</Name><Properties><Last-Modified>Fri,
        19 Aug 2022 02:54:07 GMT</Last-Modified><Etag>\"0x8DA818E1565E427\"</Etag><LeaseStatus>unlocked</LeaseStatus><LeaseState>available</LeaseState><DefaultEncryptionScope>$account-encryption-key</DefaultEncryptionScope><DenyEncryptionScopeOverride>false</DenyEncryptionScopeOverride><HasImmutabilityPolicy>false</HasImmutabilityPolicy><HasLegalHold>false</HasLegalHold><ImmutableStorageWithVersioningEnabled>false</ImmutableStorageWithVersioningEnabled></Properties></Container></Containers><NextMarker
        /></EnumerationResults>"
    headers:
      content-type:
      - application/xml
      date:
      - Fri, 19 Aug 2022 02:54:11 GMT
      server:
      - Windows-Azure-Blob/1.0 Microsoft-HTTPAPI/2.0
      transfer-encoding:
      - chunked
      x-ms-version:
      - '2021-06-08'
    status:
      code: 200
      message: OK
- request:
    body: null
    headers:
      Accept:
      - application/xml
      Accept-Encoding:
      - gzip, deflate
      CommandName:
      - storage container delete
      Connection:
      - keep-alive
      Content-Length:
      - '0'
      ParameterSetName:
      - -n --account-name --account-key
      User-Agent:
      - AZURECLI/2.39.0 azsdk-python-storage-blob/12.12.0 Python/3.7.9 (Windows-10-10.0.22000-SP0)
      x-ms-date:
      - Fri, 19 Aug 2022 02:54:11 GMT
      x-ms-version:
      - '2021-06-08'
    method: DELETE
    uri: https://clitest000002.blob.core.windows.net/con1000003?restype=container
  response:
    body:
      string: ''
    headers:
      content-length:
      - '0'
      date:
      - Fri, 19 Aug 2022 02:54:12 GMT
      server:
      - Windows-Azure-Blob/1.0 Microsoft-HTTPAPI/2.0
      x-ms-version:
      - '2021-06-08'
    status:
      code: 202
      message: Accepted
- request:
    body: null
    headers:
      Accept:
      - application/xml
      Accept-Encoding:
      - gzip, deflate
      CommandName:
      - storage container list
      Connection:
      - keep-alive
      ParameterSetName:
      - --account-name --account-key
      User-Agent:
      - AZURECLI/2.39.0 azsdk-python-storage-blob/12.12.0 Python/3.7.9 (Windows-10-10.0.22000-SP0)
      x-ms-date:
      - Fri, 19 Aug 2022 02:54:13 GMT
      x-ms-version:
      - '2021-06-08'
    method: GET
    uri: https://clitest000002.blob.core.windows.net/?comp=list&maxresults=5000&include=
  response:
    body:
      string: "\uFEFF<?xml version=\"1.0\" encoding=\"utf-8\"?><EnumerationResults
        ServiceEndpoint=\"https://clitest000002.blob.core.windows.net/\"><MaxResults>5000</MaxResults><Containers
        /><NextMarker /></EnumerationResults>"
    headers:
      content-type:
      - application/xml
      date:
      - Fri, 19 Aug 2022 02:54:14 GMT
      server:
      - Windows-Azure-Blob/1.0 Microsoft-HTTPAPI/2.0
      transfer-encoding:
      - chunked
      x-ms-version:
      - '2021-06-08'
    status:
      code: 200
      message: OK
- request:
    body: null
    headers:
      Accept:
      - application/xml
      Accept-Encoding:
      - gzip, deflate
      CommandName:
      - storage container list
      Connection:
      - keep-alive
      ParameterSetName:
      - --include-deleted --account-name --account-key
      User-Agent:
      - AZURECLI/2.39.0 azsdk-python-storage-blob/12.12.0 Python/3.7.9 (Windows-10-10.0.22000-SP0)
      x-ms-date:
      - Fri, 19 Aug 2022 02:54:14 GMT
      x-ms-version:
      - '2021-06-08'
    method: GET
    uri: https://clitest000002.blob.core.windows.net/?comp=list&maxresults=5000&include=deleted
  response:
    body:
      string: "\uFEFF<?xml version=\"1.0\" encoding=\"utf-8\"?><EnumerationResults
        ServiceEndpoint=\"https://clitest000002.blob.core.windows.net/\"><MaxResults>5000</MaxResults><Containers><Container><Name>con1000003</Name><Deleted>true</Deleted><Version>01D8B376F2EF4560</Version><Properties><Last-Modified>Fri,
        19 Aug 2022 02:54:07 GMT</Last-Modified><Etag>\"0x8DA818E1565E427\"</Etag><LeaseStatus>locked</LeaseStatus><LeaseState>leased</LeaseState><LeaseDuration>fixed</LeaseDuration><DefaultEncryptionScope>$account-encryption-key</DefaultEncryptionScope><DenyEncryptionScopeOverride>false</DenyEncryptionScopeOverride><HasImmutabilityPolicy>false</HasImmutabilityPolicy><HasLegalHold>false</HasLegalHold><ImmutableStorageWithVersioningEnabled>false</ImmutableStorageWithVersioningEnabled><DeletedTime>Fri,
        19 Aug 2022 02:54:12 GMT</DeletedTime><RemainingRetentionDays>7</RemainingRetentionDays></Properties></Container></Containers><NextMarker
        /></EnumerationResults>"
    headers:
      content-type:
      - application/xml
      date:
      - Fri, 19 Aug 2022 02:54:14 GMT
      server:
      - Windows-Azure-Blob/1.0 Microsoft-HTTPAPI/2.0
      transfer-encoding:
      - chunked
      x-ms-version:
      - '2021-06-08'
    status:
      code: 200
      message: OK
- request:
    body: null
    headers:
      Accept:
      - application/xml
      Accept-Encoding:
      - gzip, deflate
      CommandName:
      - storage container list
      Connection:
      - keep-alive
      ParameterSetName:
      - --include-deleted --query -o --account-name --account-key
      User-Agent:
      - AZURECLI/2.39.0 azsdk-python-storage-blob/12.12.0 Python/3.7.9 (Windows-10-10.0.22000-SP0)
      x-ms-date:
      - Fri, 19 Aug 2022 02:54:45 GMT
      x-ms-version:
      - '2021-06-08'
    method: GET
    uri: https://clitest000002.blob.core.windows.net/?comp=list&maxresults=5000&include=deleted
  response:
    body:
      string: "\uFEFF<?xml version=\"1.0\" encoding=\"utf-8\"?><EnumerationResults
        ServiceEndpoint=\"https://clitest000002.blob.core.windows.net/\"><MaxResults>5000</MaxResults><Containers><Container><Name>con1000003</Name><Deleted>true</Deleted><Version>01D8B376F2EF4560</Version><Properties><Last-Modified>Fri,
        19 Aug 2022 02:54:07 GMT</Last-Modified><Etag>\"0x8DA818E1565E427\"</Etag><LeaseStatus>unlocked</LeaseStatus><LeaseState>expired</LeaseState><DefaultEncryptionScope>$account-encryption-key</DefaultEncryptionScope><DenyEncryptionScopeOverride>false</DenyEncryptionScopeOverride><HasImmutabilityPolicy>false</HasImmutabilityPolicy><HasLegalHold>false</HasLegalHold><ImmutableStorageWithVersioningEnabled>false</ImmutableStorageWithVersioningEnabled><DeletedTime>Fri,
        19 Aug 2022 02:54:12 GMT</DeletedTime><RemainingRetentionDays>7</RemainingRetentionDays></Properties></Container></Containers><NextMarker
        /></EnumerationResults>"
    headers:
      content-type:
      - application/xml
      date:
      - Fri, 19 Aug 2022 02:54:46 GMT
      server:
      - Windows-Azure-Blob/1.0 Microsoft-HTTPAPI/2.0
      transfer-encoding:
      - chunked
      x-ms-version:
      - '2021-06-08'
    status:
      code: 200
      message: OK
- request:
    body: null
    headers:
      Accept:
      - application/xml
      Accept-Encoding:
      - gzip, deflate
      CommandName:
      - storage container restore
      Connection:
      - keep-alive
      Content-Length:
      - '0'
      ParameterSetName:
      - -n --deleted-version --account-name --account-key
      User-Agent:
      - AZURECLI/2.39.0 azsdk-python-storage-blob/12.12.0 Python/3.7.9 (Windows-10-10.0.22000-SP0)
      x-ms-date:
      - Fri, 19 Aug 2022 02:54:46 GMT
      x-ms-deleted-container-name:
      - con1klsr7bnlw6m5sdqdjprz
      x-ms-deleted-container-version:
      - 01D8B376F2EF4560
      x-ms-version:
      - '2021-06-08'
    method: PUT
    uri: https://clitest000002.blob.core.windows.net/con1000003?restype=container&comp=undelete
  response:
    body:
      string: ''
    headers:
      content-length:
      - '0'
      date:
      - Fri, 19 Aug 2022 02:54:47 GMT
      server:
      - Windows-Azure-Blob/1.0 Microsoft-HTTPAPI/2.0
      x-ms-version:
      - '2021-06-08'
    status:
      code: 201
      message: Created
- request:
    body: null
    headers:
      Accept:
      - application/xml
      Accept-Encoding:
      - gzip, deflate
      CommandName:
      - storage container list
      Connection:
      - keep-alive
      ParameterSetName:
      - --account-name --account-key
      User-Agent:
      - AZURECLI/2.39.0 azsdk-python-storage-blob/12.12.0 Python/3.7.9 (Windows-10-10.0.22000-SP0)
      x-ms-date:
      - Fri, 19 Aug 2022 02:54:48 GMT
      x-ms-version:
      - '2021-06-08'
    method: GET
    uri: https://clitest000002.blob.core.windows.net/?comp=list&maxresults=5000&include=
  response:
    body:
      string: "\uFEFF<?xml version=\"1.0\" encoding=\"utf-8\"?><EnumerationResults
        ServiceEndpoint=\"https://clitest000002.blob.core.windows.net/\"><MaxResults>5000</MaxResults><Containers><Container><Name>con1000003</Name><Properties><Last-Modified>Fri,
        19 Aug 2022 02:54:48 GMT</Last-Modified><Etag>\"0x8DA818E2DE8F261\"</Etag><LeaseStatus>unlocked</LeaseStatus><LeaseState>available</LeaseState><DefaultEncryptionScope>$account-encryption-key</DefaultEncryptionScope><DenyEncryptionScopeOverride>false</DenyEncryptionScopeOverride><HasImmutabilityPolicy>false</HasImmutabilityPolicy><HasLegalHold>false</HasLegalHold><ImmutableStorageWithVersioningEnabled>false</ImmutableStorageWithVersioningEnabled></Properties></Container></Containers><NextMarker
        /></EnumerationResults>"
    headers:
      content-type:
      - application/xml
      date:
      - Fri, 19 Aug 2022 02:54:49 GMT
      server:
      - Windows-Azure-Blob/1.0 Microsoft-HTTPAPI/2.0
      transfer-encoding:
      - chunked
      x-ms-version:
      - '2021-06-08'
    status:
      code: 200
      message: OK
- request:
    body: null
    headers:
      Accept:
      - application/xml
      Accept-Encoding:
      - gzip, deflate
      CommandName:
      - storage container list
      Connection:
      - keep-alive
      ParameterSetName:
      - --include-deleted --account-name --account-key
      User-Agent:
      - AZURECLI/2.39.0 azsdk-python-storage-blob/12.12.0 Python/3.7.9 (Windows-10-10.0.22000-SP0)
      x-ms-date:
      - Fri, 19 Aug 2022 02:54:49 GMT
      x-ms-version:
      - '2021-06-08'
    method: GET
    uri: https://clitest000002.blob.core.windows.net/?comp=list&maxresults=5000&include=deleted
  response:
    body:
      string: "\uFEFF<?xml version=\"1.0\" encoding=\"utf-8\"?><EnumerationResults
        ServiceEndpoint=\"https://clitest000002.blob.core.windows.net/\"><MaxResults>5000</MaxResults><Containers><Container><Name>con1000003</Name><Properties><Last-Modified>Fri,
        19 Aug 2022 02:54:48 GMT</Last-Modified><Etag>\"0x8DA818E2DE8F261\"</Etag><LeaseStatus>unlocked</LeaseStatus><LeaseState>available</LeaseState><DefaultEncryptionScope>$account-encryption-key</DefaultEncryptionScope><DenyEncryptionScopeOverride>false</DenyEncryptionScopeOverride><HasImmutabilityPolicy>false</HasImmutabilityPolicy><HasLegalHold>false</HasLegalHold><ImmutableStorageWithVersioningEnabled>false</ImmutableStorageWithVersioningEnabled></Properties></Container></Containers><NextMarker
        /></EnumerationResults>"
    headers:
      content-type:
      - application/xml
      date:
      - Fri, 19 Aug 2022 02:54:50 GMT
      server:
      - Windows-Azure-Blob/1.0 Microsoft-HTTPAPI/2.0
      transfer-encoding:
      - chunked
      x-ms-version:
      - '2021-06-08'
    status:
      code: 200
      message: OK
version: 1
