interactions:
- request:
    body: null
    headers:
      Accept:
      - application/json
      Accept-Encoding:
      - gzip, deflate
      CommandName:
      - storage account create
      Connection:
      - keep-alive
      ParameterSetName:
      - -n -g
      User-Agent:
      - AZURECLI/2.45.0 azsdk-python-azure-mgmt-resource/22.0.0 Python/3.10.9 (Linux-5.15.0-1031-azure-x86_64-with-glibc2.31)
        VSTS_7b238909-6802-4b65-b90d-184bca47f458_build_220_0
    method: GET
    uri: https://management.azure.com/subscriptions/00000000-0000-0000-0000-000000000000/resourcegroups/clitest.rg000001?api-version=2022-09-01
  response:
    body:
      string: '{"id":"/subscriptions/00000000-0000-0000-0000-000000000000/resourceGroups/clitest.rg000001","name":"clitest.rg000001","type":"Microsoft.Resources/resourceGroups","location":"southcentralus","tags":{"product":"azurecli","cause":"automation","date":"2023-02-07T10:49:27Z"},"properties":{"provisioningState":"Succeeded"}}'
    headers:
      cache-control:
      - no-cache
      content-length:
      - '318'
      content-type:
      - application/json; charset=utf-8
      date:
      - Tue, 07 Feb 2023 10:49:28 GMT
      expires:
      - '-1'
      pragma:
      - no-cache
      strict-transport-security:
      - max-age=31536000; includeSubDomains
      vary:
      - Accept-Encoding
      x-content-type-options:
      - nosniff
    status:
      code: 200
      message: OK
- request:
    body: '{"sku": {"name": "Standard_RAGRS"}, "kind": "StorageV2", "location": "southcentralus",
      "properties": {"encryption": {"services": {"blob": {}}, "keySource": "Microsoft.Storage"}}}'
    headers:
      Accept:
      - application/json
      Accept-Encoding:
      - gzip, deflate
      CommandName:
      - storage account create
      Connection:
      - keep-alive
      Content-Length:
      - '178'
      Content-Type:
      - application/json
      ParameterSetName:
      - -n -g
      User-Agent:
      - AZURECLI/2.45.0 azsdk-python-azure-mgmt-storage/21.0.0 Python/3.10.9 (Linux-5.15.0-1031-azure-x86_64-with-glibc2.31)
        VSTS_7b238909-6802-4b65-b90d-184bca47f458_build_220_0
    method: PUT
    uri: https://management.azure.com/subscriptions/00000000-0000-0000-0000-000000000000/resourceGroups/clitest.rg000001/providers/Microsoft.Storage/storageAccounts/cli000002?api-version=2022-09-01
  response:
    body:
      string: ''
    headers:
      cache-control:
      - no-cache
      content-length:
      - '0'
      content-type:
      - text/plain; charset=utf-8
      date:
      - Tue, 07 Feb 2023 10:49:32 GMT
      expires:
      - '-1'
      location:
      - https://management.azure.com/subscriptions/00000000-0000-0000-0000-000000000000/providers/Microsoft.Storage/locations/southcentralus/asyncoperations/7991d2fa-96af-4d5d-88cd-17b8c5b9e805?monitor=true&api-version=2022-09-01
      pragma:
      - no-cache
      server:
      - Microsoft-Azure-Storage-Resource-Provider/1.0,Microsoft-HTTPAPI/2.0 Microsoft-HTTPAPI/2.0
      strict-transport-security:
      - max-age=31536000; includeSubDomains
      x-content-type-options:
      - nosniff
      x-ms-ratelimit-remaining-subscription-writes:
      - '1197'
    status:
      code: 202
      message: Accepted
- request:
    body: null
    headers:
      Accept:
      - '*/*'
      Accept-Encoding:
      - gzip, deflate
      CommandName:
      - storage account create
      Connection:
      - keep-alive
      ParameterSetName:
      - -n -g
      User-Agent:
      - AZURECLI/2.45.0 azsdk-python-azure-mgmt-storage/21.0.0 Python/3.10.9 (Linux-5.15.0-1031-azure-x86_64-with-glibc2.31)
        VSTS_7b238909-6802-4b65-b90d-184bca47f458_build_220_0
    method: GET
    uri: https://management.azure.com/subscriptions/00000000-0000-0000-0000-000000000000/providers/Microsoft.Storage/locations/southcentralus/asyncoperations/7991d2fa-96af-4d5d-88cd-17b8c5b9e805?monitor=true&api-version=2022-09-01
  response:
    body:
      string: ''
    headers:
      cache-control:
      - no-cache
      content-length:
      - '0'
      content-type:
      - text/plain; charset=utf-8
      date:
      - Tue, 07 Feb 2023 10:49:48 GMT
      expires:
      - '-1'
      location:
      - https://management.azure.com/subscriptions/00000000-0000-0000-0000-000000000000/providers/Microsoft.Storage/locations/southcentralus/asyncoperations/7991d2fa-96af-4d5d-88cd-17b8c5b9e805?monitor=true&api-version=2022-09-01
      pragma:
      - no-cache
      server:
      - Microsoft-Azure-Storage-Resource-Provider/1.0,Microsoft-HTTPAPI/2.0 Microsoft-HTTPAPI/2.0
      strict-transport-security:
      - max-age=31536000; includeSubDomains
      x-content-type-options:
      - nosniff
    status:
      code: 202
      message: Accepted
- request:
    body: null
    headers:
      Accept:
      - '*/*'
      Accept-Encoding:
      - gzip, deflate
      CommandName:
      - storage account create
      Connection:
      - keep-alive
      ParameterSetName:
      - -n -g
      User-Agent:
      - AZURECLI/2.45.0 azsdk-python-azure-mgmt-storage/21.0.0 Python/3.10.9 (Linux-5.15.0-1031-azure-x86_64-with-glibc2.31)
        VSTS_7b238909-6802-4b65-b90d-184bca47f458_build_220_0
    method: GET
    uri: https://management.azure.com/subscriptions/00000000-0000-0000-0000-000000000000/providers/Microsoft.Storage/locations/southcentralus/asyncoperations/7991d2fa-96af-4d5d-88cd-17b8c5b9e805?monitor=true&api-version=2022-09-01
  response:
    body:
      string: ''
    headers:
      cache-control:
      - no-cache
      content-length:
      - '0'
      content-type:
      - text/plain; charset=utf-8
      date:
      - Tue, 07 Feb 2023 10:49:52 GMT
      expires:
      - '-1'
      location:
      - https://management.azure.com/subscriptions/00000000-0000-0000-0000-000000000000/providers/Microsoft.Storage/locations/southcentralus/asyncoperations/7991d2fa-96af-4d5d-88cd-17b8c5b9e805?monitor=true&api-version=2022-09-01
      pragma:
      - no-cache
      server:
      - Microsoft-Azure-Storage-Resource-Provider/1.0,Microsoft-HTTPAPI/2.0 Microsoft-HTTPAPI/2.0
      strict-transport-security:
      - max-age=31536000; includeSubDomains
      x-content-type-options:
      - nosniff
    status:
      code: 202
      message: Accepted
- request:
    body: null
    headers:
      Accept:
      - '*/*'
      Accept-Encoding:
      - gzip, deflate
      CommandName:
      - storage account create
      Connection:
      - keep-alive
      ParameterSetName:
      - -n -g
      User-Agent:
      - AZURECLI/2.45.0 azsdk-python-azure-mgmt-storage/21.0.0 Python/3.10.9 (Linux-5.15.0-1031-azure-x86_64-with-glibc2.31)
        VSTS_7b238909-6802-4b65-b90d-184bca47f458_build_220_0
    method: GET
    uri: https://management.azure.com/subscriptions/00000000-0000-0000-0000-000000000000/providers/Microsoft.Storage/locations/southcentralus/asyncoperations/7991d2fa-96af-4d5d-88cd-17b8c5b9e805?monitor=true&api-version=2022-09-01
  response:
    body:
      string: ''
    headers:
      cache-control:
      - no-cache
      content-length:
      - '0'
      content-type:
      - text/plain; charset=utf-8
      date:
      - Tue, 07 Feb 2023 10:49:55 GMT
      expires:
      - '-1'
      location:
      - https://management.azure.com/subscriptions/00000000-0000-0000-0000-000000000000/providers/Microsoft.Storage/locations/southcentralus/asyncoperations/7991d2fa-96af-4d5d-88cd-17b8c5b9e805?monitor=true&api-version=2022-09-01
      pragma:
      - no-cache
      server:
      - Microsoft-Azure-Storage-Resource-Provider/1.0,Microsoft-HTTPAPI/2.0 Microsoft-HTTPAPI/2.0
      strict-transport-security:
      - max-age=31536000; includeSubDomains
      x-content-type-options:
      - nosniff
    status:
      code: 202
      message: Accepted
- request:
    body: null
    headers:
      Accept:
      - '*/*'
      Accept-Encoding:
      - gzip, deflate
      CommandName:
      - storage account create
      Connection:
      - keep-alive
      ParameterSetName:
      - -n -g
      User-Agent:
      - AZURECLI/2.45.0 azsdk-python-azure-mgmt-storage/21.0.0 Python/3.10.9 (Linux-5.15.0-1031-azure-x86_64-with-glibc2.31)
        VSTS_7b238909-6802-4b65-b90d-184bca47f458_build_220_0
    method: GET
    uri: https://management.azure.com/subscriptions/00000000-0000-0000-0000-000000000000/providers/Microsoft.Storage/locations/southcentralus/asyncoperations/7991d2fa-96af-4d5d-88cd-17b8c5b9e805?monitor=true&api-version=2022-09-01
  response:
    body:
      string: ''
    headers:
      cache-control:
      - no-cache
      content-length:
      - '0'
      content-type:
      - text/plain; charset=utf-8
      date:
      - Tue, 07 Feb 2023 10:49:58 GMT
      expires:
      - '-1'
      location:
      - https://management.azure.com/subscriptions/00000000-0000-0000-0000-000000000000/providers/Microsoft.Storage/locations/southcentralus/asyncoperations/7991d2fa-96af-4d5d-88cd-17b8c5b9e805?monitor=true&api-version=2022-09-01
      pragma:
      - no-cache
      server:
      - Microsoft-Azure-Storage-Resource-Provider/1.0,Microsoft-HTTPAPI/2.0 Microsoft-HTTPAPI/2.0
      strict-transport-security:
      - max-age=31536000; includeSubDomains
      x-content-type-options:
      - nosniff
    status:
      code: 202
      message: Accepted
- request:
    body: null
    headers:
      Accept:
      - '*/*'
      Accept-Encoding:
      - gzip, deflate
      CommandName:
      - storage account create
      Connection:
      - keep-alive
      ParameterSetName:
      - -n -g
      User-Agent:
      - AZURECLI/2.45.0 azsdk-python-azure-mgmt-storage/21.0.0 Python/3.10.9 (Linux-5.15.0-1031-azure-x86_64-with-glibc2.31)
        VSTS_7b238909-6802-4b65-b90d-184bca47f458_build_220_0
    method: GET
    uri: https://management.azure.com/subscriptions/00000000-0000-0000-0000-000000000000/providers/Microsoft.Storage/locations/southcentralus/asyncoperations/7991d2fa-96af-4d5d-88cd-17b8c5b9e805?monitor=true&api-version=2022-09-01
  response:
    body:
      string: '{"sku":{"name":"Standard_RAGRS","tier":"Standard"},"kind":"StorageV2","id":"/subscriptions/00000000-0000-0000-0000-000000000000/resourceGroups/clitest.rg000001/providers/Microsoft.Storage/storageAccounts/cli000002","name":"cli000002","type":"Microsoft.Storage/storageAccounts","location":"southcentralus","tags":{},"properties":{"keyCreationTime":{"key1":"2023-02-07T10:49:30.2388702Z","key2":"2023-02-07T10:49:30.2388702Z"},"privateEndpointConnections":[],"minimumTlsVersion":"TLS1_0","allowBlobPublicAccess":true,"networkAcls":{"bypass":"AzureServices","virtualNetworkRules":[],"ipRules":[],"defaultAction":"Allow"},"supportsHttpsTrafficOnly":true,"encryption":{"services":{"file":{"keyType":"Account","enabled":true,"lastEnabledTime":"2023-02-07T10:49:30.5513118Z"},"blob":{"keyType":"Account","enabled":true,"lastEnabledTime":"2023-02-07T10:49:30.5513118Z"}},"keySource":"Microsoft.Storage"},"accessTier":"Hot","provisioningState":"Succeeded","creationTime":"2023-02-07T10:49:30.1450887Z","primaryEndpoints":{"dfs":"https://cli000002.dfs.core.windows.net/","web":"https://cli000002.z21.web.core.windows.net/","blob":"https://cli000002.blob.core.windows.net/","queue":"https://cli000002.queue.core.windows.net/","table":"https://cli000002.table.core.windows.net/","file":"https://cli000002.file.core.windows.net/"},"primaryLocation":"southcentralus","statusOfPrimary":"available","secondaryLocation":"northcentralus","statusOfSecondary":"available","secondaryEndpoints":{"dfs":"https://cli000002-secondary.dfs.core.windows.net/","web":"https://cli000002-secondary.z21.web.core.windows.net/","blob":"https://cli000002-secondary.blob.core.windows.net/","queue":"https://cli000002-secondary.queue.core.windows.net/","table":"https://cli000002-secondary.table.core.windows.net/"}}}'
    headers:
      cache-control:
      - no-cache
      content-length:
      - '1780'
      content-type:
      - application/json
      date:
      - Tue, 07 Feb 2023 10:50:01 GMT
      expires:
      - '-1'
      pragma:
      - no-cache
      server:
      - Microsoft-Azure-Storage-Resource-Provider/1.0,Microsoft-HTTPAPI/2.0 Microsoft-HTTPAPI/2.0
      strict-transport-security:
      - max-age=31536000; includeSubDomains
      transfer-encoding:
      - chunked
      vary:
      - Accept-Encoding
      x-content-type-options:
      - nosniff
    status:
      code: 200
      message: OK
version: 1
