interactions:
- request:
    body: null
    headers:
      Accept:
      - application/json
      Accept-Encoding:
      - gzip, deflate
      CommandName:
      - storage account show-connection-string
      Connection:
      - keep-alive
      Content-Length:
      - '0'
      ParameterSetName:
      - -g -n -o
      User-Agent:
      - AZURECLI/2.35.0 azsdk-python-azure-mgmt-storage/20.0.0 Python/3.9.6 (Windows-10-10.0.19044-SP0)
    method: POST
    uri: https://management.azure.com/subscriptions/00000000-0000-0000-0000-000000000000/resourceGroups/clitest.rg000001/providers/Microsoft.Storage/storageAccounts/clitest000002/listKeys?api-version=2021-09-01&$expand=kerb
  response:
    body:
      string: '{"keys":[{"creationTime":"2022-04-11T13:24:00.5690622Z","keyName":"key1","value":"veryFakedStorageAccountKey==","permissions":"FULL"},{"creationTime":"2022-04-11T13:24:00.5690622Z","keyName":"key2","value":"veryFakedStorageAccountKey==","permissions":"FULL"}]}'
    headers:
      cache-control:
      - no-cache
      content-length:
      - '260'
      content-type:
      - application/json
      date:
      - Mon, 11 Apr 2022 13:24:23 GMT
      expires:
      - '-1'
      pragma:
      - no-cache
      server:
      - Microsoft-Azure-Storage-Resource-Provider/1.0,Microsoft-HTTPAPI/2.0 Microsoft-HTTPAPI/2.0
      strict-transport-security:
      - max-age=31536000; includeSubDomains
      transfer-encoding:
      - chunked
      vary:
      - Accept-Encoding
      x-content-type-options:
      - nosniff
      x-ms-ratelimit-remaining-subscription-resource-requests:
      - '11998'
    status:
      code: 200
      message: OK
- request:
    body: null
    headers:
      Connection:
      - keep-alive
      User-Agent:
      - Azure-Storage/2.0.0-2.0.1 (Python CPython 3.9.6; Windows 10) AZURECLI/2.35.0
      x-ms-date:
      - Mon, 11 Apr 2022 13:24:24 GMT
      x-ms-version:
      - '2018-03-28'
    method: GET
    uri: https://clitest000002.queue.core.windows.net/?restype=service&comp=properties
  response:
    body:
      string: "\uFEFF<?xml version=\"1.0\" encoding=\"utf-8\"?><StorageServiceProperties><Logging><Version>1.0</Version><Read>false</Read><Write>false</Write><Delete>false</Delete><RetentionPolicy><Enabled>false</Enabled></RetentionPolicy></Logging><HourMetrics><Version>1.0</Version><Enabled>true</Enabled><IncludeAPIs>true</IncludeAPIs><RetentionPolicy><Enabled>true</Enabled><Days>7</Days></RetentionPolicy></HourMetrics><MinuteMetrics><Version>1.0</Version><Enabled>false</Enabled><RetentionPolicy><Enabled>false</Enabled></RetentionPolicy></MinuteMetrics><Cors
        /></StorageServiceProperties>"
    headers:
      cache-control:
      - no-cache
      content-type:
      - application/xml
      date:
      - Mon, 11 Apr 2022 13:24:24 GMT
      server:
      - Windows-Azure-Queue/1.0 Microsoft-HTTPAPI/2.0
      transfer-encoding:
      - chunked
      x-ms-version:
      - '2018-03-28'
    status:
      code: 200
      message: OK
- request:
    body: null
    headers:
      Connection:
      - keep-alive
      DataServiceVersion:
      - 3.0;NetFx
      MaxDataServiceVersion:
      - '3.0'
      User-Agent:
      - Azure-CosmosDB/0.37.1 (Python CPython 3.9.6; Windows 10) AZURECLI/2.35.0
      x-ms-date:
      - Mon, 11 Apr 2022 13:24:25 GMT
      x-ms-version:
      - '2017-04-17'
    method: GET
    uri: https://clitest000002.table.core.windows.net/?restype=service&comp=properties
  response:
    body:
      string: "\uFEFF<?xml version=\"1.0\" encoding=\"utf-8\"?><StorageServiceProperties><Logging><Version>1.0</Version><Read>false</Read><Write>false</Write><Delete>false</Delete><RetentionPolicy><Enabled>false</Enabled></RetentionPolicy></Logging><HourMetrics><Version>1.0</Version><Enabled>true</Enabled><IncludeAPIs>true</IncludeAPIs><RetentionPolicy><Enabled>true</Enabled><Days>7</Days></RetentionPolicy></HourMetrics><MinuteMetrics><Version>1.0</Version><Enabled>false</Enabled><RetentionPolicy><Enabled>false</Enabled></RetentionPolicy></MinuteMetrics><Cors
        /></StorageServiceProperties>"
    headers:
      content-type:
      - application/xml
      date:
      - Mon, 11 Apr 2022 13:24:25 GMT
      server:
      - Windows-Azure-Table/1.0 Microsoft-HTTPAPI/2.0
      transfer-encoding:
      - chunked
      x-ms-version:
      - '2017-04-17'
    status:
      code: 200
      message: OK
- request:
    body: null
    headers:
      Connection:
      - keep-alive
      User-Agent:
      - Azure-Storage/2.0.0-2.0.1 (Python CPython 3.9.6; Windows 10) AZURECLI/2.35.0
      x-ms-date:
      - Mon, 11 Apr 2022 13:24:26 GMT
      x-ms-version:
      - '2018-11-09'
    method: GET
    uri: https://clitest000002.blob.core.windows.net/?restype=service&comp=properties
  response:
    body:
      string: "\uFEFF<?xml version=\"1.0\" encoding=\"utf-8\"?><StorageServiceProperties><Logging><Version>1.0</Version><Read>false</Read><Write>false</Write><Delete>false</Delete><RetentionPolicy><Enabled>false</Enabled></RetentionPolicy></Logging><HourMetrics><Version>1.0</Version><Enabled>true</Enabled><IncludeAPIs>true</IncludeAPIs><RetentionPolicy><Enabled>true</Enabled><Days>7</Days></RetentionPolicy></HourMetrics><MinuteMetrics><Version>1.0</Version><Enabled>false</Enabled><RetentionPolicy><Enabled>false</Enabled></RetentionPolicy></MinuteMetrics><Cors
        /><DeleteRetentionPolicy><Enabled>false</Enabled></DeleteRetentionPolicy></StorageServiceProperties>"
    headers:
      content-type:
      - application/xml
      date:
      - Mon, 11 Apr 2022 13:24:27 GMT
      server:
      - Windows-Azure-Blob/1.0 Microsoft-HTTPAPI/2.0
      transfer-encoding:
      - chunked
      x-ms-version:
      - '2018-11-09'
    status:
      code: 200
      message: OK
- request:
    body: '<?xml version=''1.0'' encoding=''utf-8''?>

      <StorageServiceProperties><Logging><Version>1.0</Version><Delete>False</Delete><Read>True</Read><Write>False</Write><RetentionPolicy><Enabled>True</Enabled><Days>1</Days></RetentionPolicy></Logging></StorageServiceProperties>'
    headers:
      Connection:
      - keep-alive
      Content-Length:
      - '264'
      User-Agent:
      - Azure-Storage/2.0.0-2.0.1 (Python CPython 3.9.6; Windows 10) AZURECLI/2.35.0
      x-ms-date:
      - Mon, 11 Apr 2022 13:24:27 GMT
      x-ms-version:
      - '2018-11-09'
    method: PUT
    uri: https://clitest000002.blob.core.windows.net/?restype=service&comp=properties
  response:
    body:
      string: ''
    headers:
      content-length:
      - '0'
      date:
      - Mon, 11 Apr 2022 13:24:28 GMT
      server:
      - Windows-Azure-Blob/1.0 Microsoft-HTTPAPI/2.0
      x-ms-version:
      - '2018-11-09'
    status:
      code: 202
      message: Accepted
- request:
    body: null
    headers:
      Connection:
      - keep-alive
      User-Agent:
      - Azure-Storage/2.0.0-2.0.1 (Python CPython 3.9.6; Windows 10) AZURECLI/2.35.0
      x-ms-date:
      - Mon, 11 Apr 2022 13:24:28 GMT
      x-ms-version:
      - '2018-03-28'
    method: GET
    uri: https://clitest000002.queue.core.windows.net/?restype=service&comp=properties
  response:
    body:
      string: "\uFEFF<?xml version=\"1.0\" encoding=\"utf-8\"?><StorageServiceProperties><Logging><Version>1.0</Version><Read>false</Read><Write>false</Write><Delete>false</Delete><RetentionPolicy><Enabled>false</Enabled></RetentionPolicy></Logging><HourMetrics><Version>1.0</Version><Enabled>true</Enabled><IncludeAPIs>true</IncludeAPIs><RetentionPolicy><Enabled>true</Enabled><Days>7</Days></RetentionPolicy></HourMetrics><MinuteMetrics><Version>1.0</Version><Enabled>false</Enabled><RetentionPolicy><Enabled>false</Enabled></RetentionPolicy></MinuteMetrics><Cors
        /></StorageServiceProperties>"
    headers:
      cache-control:
      - no-cache
      content-type:
      - application/xml
      date:
      - Mon, 11 Apr 2022 13:24:28 GMT
      server:
      - Windows-Azure-Queue/1.0 Microsoft-HTTPAPI/2.0
      transfer-encoding:
      - chunked
      x-ms-version:
      - '2018-03-28'
    status:
      code: 200
      message: OK
- request:
    body: null
    headers:
      Connection:
      - keep-alive
      DataServiceVersion:
      - 3.0;NetFx
      MaxDataServiceVersion:
      - '3.0'
      User-Agent:
      - Azure-CosmosDB/0.37.1 (Python CPython 3.9.6; Windows 10) AZURECLI/2.35.0
      x-ms-date:
      - Mon, 11 Apr 2022 13:24:29 GMT
      x-ms-version:
      - '2017-04-17'
    method: GET
    uri: https://clitest000002.table.core.windows.net/?restype=service&comp=properties
  response:
    body:
      string: "\uFEFF<?xml version=\"1.0\" encoding=\"utf-8\"?><StorageServiceProperties><Logging><Version>1.0</Version><Read>false</Read><Write>false</Write><Delete>false</Delete><RetentionPolicy><Enabled>false</Enabled></RetentionPolicy></Logging><HourMetrics><Version>1.0</Version><Enabled>true</Enabled><IncludeAPIs>true</IncludeAPIs><RetentionPolicy><Enabled>true</Enabled><Days>7</Days></RetentionPolicy></HourMetrics><MinuteMetrics><Version>1.0</Version><Enabled>false</Enabled><RetentionPolicy><Enabled>false</Enabled></RetentionPolicy></MinuteMetrics><Cors
        /></StorageServiceProperties>"
    headers:
      content-type:
      - application/xml
      date:
      - Mon, 11 Apr 2022 13:24:29 GMT
      server:
      - Windows-Azure-Table/1.0 Microsoft-HTTPAPI/2.0
      transfer-encoding:
      - chunked
      x-ms-version:
      - '2017-04-17'
    status:
      code: 200
      message: OK
- request:
    body: null
    headers:
      Connection:
      - keep-alive
      User-Agent:
      - Azure-Storage/2.0.0-2.0.1 (Python CPython 3.9.6; Windows 10) AZURECLI/2.35.0
      x-ms-date:
      - Mon, 11 Apr 2022 13:24:30 GMT
      x-ms-version:
      - '2018-11-09'
    method: GET
    uri: https://clitest000002.blob.core.windows.net/?restype=service&comp=properties
  response:
    body:
      string: "\uFEFF<?xml version=\"1.0\" encoding=\"utf-8\"?><StorageServiceProperties><Logging><Version>1.0</Version><Read>true</Read><Write>false</Write><Delete>false</Delete><RetentionPolicy><Enabled>true</Enabled><Days>1</Days></RetentionPolicy></Logging><HourMetrics><Version>1.0</Version><Enabled>true</Enabled><IncludeAPIs>true</IncludeAPIs><RetentionPolicy><Enabled>true</Enabled><Days>7</Days></RetentionPolicy></HourMetrics><MinuteMetrics><Version>1.0</Version><Enabled>false</Enabled><RetentionPolicy><Enabled>false</Enabled></RetentionPolicy></MinuteMetrics><Cors
        /><DeleteRetentionPolicy><Enabled>false</Enabled></DeleteRetentionPolicy></StorageServiceProperties>"
    headers:
      content-type:
      - application/xml
      date:
      - Mon, 11 Apr 2022 13:24:31 GMT
      server:
      - Windows-Azure-Blob/1.0 Microsoft-HTTPAPI/2.0
      transfer-encoding:
      - chunked
      x-ms-version:
      - '2018-11-09'
    status:
      code: 200
      message: OK
- request:
    body: '<?xml version=''1.0'' encoding=''utf-8''?>

      <StorageServiceProperties><Logging><Version>1.0</Version><Delete>False</Delete><Read>False</Read><Write>False</Write><RetentionPolicy><Enabled>False</Enabled></RetentionPolicy></Logging></StorageServiceProperties>'
    headers:
      Connection:
      - keep-alive
      Content-Length:
      - '252'
      User-Agent:
      - Azure-Storage/2.0.0-2.0.1 (Python CPython 3.9.6; Windows 10) AZURECLI/2.35.0
      x-ms-date:
      - Mon, 11 Apr 2022 13:24:31 GMT
      x-ms-version:
      - '2018-03-28'
    method: PUT
    uri: https://clitest000002.queue.core.windows.net/?restype=service&comp=properties
  response:
    body:
      string: ''
    headers:
      content-length:
      - '0'
      date:
      - Mon, 11 Apr 2022 13:24:32 GMT
      server:
      - Windows-Azure-Queue/1.0 Microsoft-HTTPAPI/2.0
      x-ms-version:
      - '2018-03-28'
    status:
      code: 202
      message: Accepted
- request:
    body: '<?xml version=''1.0'' encoding=''utf-8''?>

      <StorageServiceProperties><Logging><Version>1.0</Version><Delete>False</Delete><Read>False</Read><Write>False</Write><RetentionPolicy><Enabled>False</Enabled></RetentionPolicy></Logging></StorageServiceProperties>'
    headers:
      Connection:
      - keep-alive
      Content-Length:
      - '252'
      DataServiceVersion:
      - 3.0;NetFx
      MaxDataServiceVersion:
      - '3.0'
      User-Agent:
      - Azure-CosmosDB/0.37.1 (Python CPython 3.9.6; Windows 10) AZURECLI/2.35.0
      x-ms-date:
      - Mon, 11 Apr 2022 13:24:33 GMT
      x-ms-version:
      - '2017-04-17'
    method: PUT
    uri: https://clitest000002.table.core.windows.net/?restype=service&comp=properties
  response:
    body:
      string: ''
    headers:
      date:
      - Mon, 11 Apr 2022 13:24:33 GMT
      server:
      - Windows-Azure-Table/1.0 Microsoft-HTTPAPI/2.0
      transfer-encoding:
      - chunked
      x-ms-version:
      - '2017-04-17'
    status:
      code: 202
      message: Accepted
- request:
    body: '<?xml version=''1.0'' encoding=''utf-8''?>

      <StorageServiceProperties><Logging><Version>1.0</Version><Delete>False</Delete><Read>False</Read><Write>False</Write><RetentionPolicy><Enabled>False</Enabled></RetentionPolicy></Logging></StorageServiceProperties>'
    headers:
      Connection:
      - keep-alive
      Content-Length:
      - '252'
      User-Agent:
      - Azure-Storage/2.0.0-2.0.1 (Python CPython 3.9.6; Windows 10) AZURECLI/2.35.0
      x-ms-date:
      - Mon, 11 Apr 2022 13:24:34 GMT
      x-ms-version:
      - '2018-11-09'
    method: PUT
    uri: https://clitest000002.blob.core.windows.net/?restype=service&comp=properties
  response:
    body:
      string: ''
    headers:
      content-length:
      - '0'
      date:
      - Mon, 11 Apr 2022 13:24:35 GMT
      server:
      - Windows-Azure-Blob/1.0 Microsoft-HTTPAPI/2.0
      x-ms-version:
      - '2018-11-09'
    status:
      code: 202
      message: Accepted
- request:
    body: null
    headers:
      Connection:
      - keep-alive
      User-Agent:
      - Azure-Storage/2.0.0-2.0.1 (Python CPython 3.9.6; Windows 10) AZURECLI/2.35.0
      x-ms-date:
      - Mon, 11 Apr 2022 13:24:35 GMT
      x-ms-version:
      - '2018-03-28'
    method: GET
    uri: https://clitest000002.queue.core.windows.net/?restype=service&comp=properties
  response:
    body:
      string: "\uFEFF<?xml version=\"1.0\" encoding=\"utf-8\"?><StorageServiceProperties><Logging><Version>1.0</Version><Read>false</Read><Write>false</Write><Delete>false</Delete><RetentionPolicy><Enabled>false</Enabled></RetentionPolicy></Logging><HourMetrics><Version>1.0</Version><Enabled>true</Enabled><IncludeAPIs>true</IncludeAPIs><RetentionPolicy><Enabled>true</Enabled><Days>7</Days></RetentionPolicy></HourMetrics><MinuteMetrics><Version>1.0</Version><Enabled>false</Enabled><RetentionPolicy><Enabled>false</Enabled></RetentionPolicy></MinuteMetrics><Cors
        /></StorageServiceProperties>"
    headers:
      cache-control:
      - no-cache
      content-type:
      - application/xml
      date:
      - Mon, 11 Apr 2022 13:24:35 GMT
      server:
      - Windows-Azure-Queue/1.0 Microsoft-HTTPAPI/2.0
      transfer-encoding:
      - chunked
      x-ms-version:
      - '2018-03-28'
    status:
      code: 200
      message: OK
- request:
    body: null
    headers:
      Connection:
      - keep-alive
      DataServiceVersion:
      - 3.0;NetFx
      MaxDataServiceVersion:
      - '3.0'
      User-Agent:
      - Azure-CosmosDB/0.37.1 (Python CPython 3.9.6; Windows 10) AZURECLI/2.35.0
      x-ms-date:
      - Mon, 11 Apr 2022 13:24:36 GMT
      x-ms-version:
      - '2017-04-17'
    method: GET
    uri: https://clitest000002.table.core.windows.net/?restype=service&comp=properties
  response:
    body:
      string: "\uFEFF<?xml version=\"1.0\" encoding=\"utf-8\"?><StorageServiceProperties><Logging><Version>1.0</Version><Read>false</Read><Write>false</Write><Delete>false</Delete><RetentionPolicy><Enabled>false</Enabled></RetentionPolicy></Logging><HourMetrics><Version>1.0</Version><Enabled>true</Enabled><IncludeAPIs>true</IncludeAPIs><RetentionPolicy><Enabled>true</Enabled><Days>7</Days></RetentionPolicy></HourMetrics><MinuteMetrics><Version>1.0</Version><Enabled>false</Enabled><RetentionPolicy><Enabled>false</Enabled></RetentionPolicy></MinuteMetrics><Cors
        /></StorageServiceProperties>"
    headers:
      content-type:
      - application/xml
      date:
      - Mon, 11 Apr 2022 13:24:36 GMT
      server:
      - Windows-Azure-Table/1.0 Microsoft-HTTPAPI/2.0
      transfer-encoding:
      - chunked
      x-ms-version:
      - '2017-04-17'
    status:
      code: 200
      message: OK
- request:
    body: null
    headers:
      Connection:
      - keep-alive
      User-Agent:
      - Azure-Storage/2.0.0-2.0.1 (Python CPython 3.9.6; Windows 10) AZURECLI/2.35.0
      x-ms-date:
      - Mon, 11 Apr 2022 13:24:37 GMT
      x-ms-version:
      - '2018-11-09'
    method: GET
    uri: https://clitest000002.blob.core.windows.net/?restype=service&comp=properties
  response:
    body:
      string: "\uFEFF<?xml version=\"1.0\" encoding=\"utf-8\"?><StorageServiceProperties><Logging><Version>1.0</Version><Read>false</Read><Write>false</Write><Delete>false</Delete><RetentionPolicy><Enabled>false</Enabled></RetentionPolicy></Logging><HourMetrics><Version>1.0</Version><Enabled>true</Enabled><IncludeAPIs>true</IncludeAPIs><RetentionPolicy><Enabled>true</Enabled><Days>7</Days></RetentionPolicy></HourMetrics><MinuteMetrics><Version>1.0</Version><Enabled>false</Enabled><RetentionPolicy><Enabled>false</Enabled></RetentionPolicy></MinuteMetrics><Cors
        /><DeleteRetentionPolicy><Enabled>false</Enabled></DeleteRetentionPolicy></StorageServiceProperties>"
    headers:
      content-type:
      - application/xml
      date:
      - Mon, 11 Apr 2022 13:24:37 GMT
      server:
      - Windows-Azure-Blob/1.0 Microsoft-HTTPAPI/2.0
      transfer-encoding:
      - chunked
      x-ms-version:
      - '2018-11-09'
    status:
      code: 200
      message: OK
- request:
    body: '<?xml version=''1.0'' encoding=''utf-8''?>

      <StorageServiceProperties><Logging><Version>1.0</Version><Delete>False</Delete><Read>True</Read><Write>False</Write><RetentionPolicy><Enabled>True</Enabled><Days>1</Days></RetentionPolicy></Logging></StorageServiceProperties>'
    headers:
      Connection:
      - keep-alive
      Content-Length:
      - '264'
      DataServiceVersion:
      - 3.0;NetFx
      MaxDataServiceVersion:
      - '3.0'
      User-Agent:
      - Azure-CosmosDB/0.37.1 (Python CPython 3.9.6; Windows 10) AZURECLI/2.35.0
      x-ms-date:
      - Mon, 11 Apr 2022 13:24:38 GMT
      x-ms-version:
      - '2017-04-17'
    method: PUT
    uri: https://clitest000002.table.core.windows.net/?restype=service&comp=properties
  response:
    body:
      string: ''
    headers:
      date:
      - Mon, 11 Apr 2022 13:24:39 GMT
      server:
      - Windows-Azure-Table/1.0 Microsoft-HTTPAPI/2.0
      transfer-encoding:
      - chunked
      x-ms-version:
      - '2017-04-17'
    status:
      code: 202
      message: Accepted
- request:
    body: null
    headers:
      Connection:
      - keep-alive
      User-Agent:
      - Azure-Storage/2.0.0-2.0.1 (Python CPython 3.9.6; Windows 10) AZURECLI/2.35.0
      x-ms-date:
      - Mon, 11 Apr 2022 13:25:39 GMT
      x-ms-version:
      - '2018-03-28'
    method: GET
    uri: https://clitest000002.queue.core.windows.net/?restype=service&comp=properties
  response:
    body:
      string: "\uFEFF<?xml version=\"1.0\" encoding=\"utf-8\"?><StorageServiceProperties><Logging><Version>1.0</Version><Read>false</Read><Write>false</Write><Delete>false</Delete><RetentionPolicy><Enabled>false</Enabled></RetentionPolicy></Logging><HourMetrics><Version>1.0</Version><Enabled>true</Enabled><IncludeAPIs>true</IncludeAPIs><RetentionPolicy><Enabled>true</Enabled><Days>7</Days></RetentionPolicy></HourMetrics><MinuteMetrics><Version>1.0</Version><Enabled>false</Enabled><RetentionPolicy><Enabled>false</Enabled></RetentionPolicy></MinuteMetrics><Cors
        /></StorageServiceProperties>"
    headers:
      cache-control:
      - no-cache
      content-type:
      - application/xml
      date:
      - Mon, 11 Apr 2022 13:25:40 GMT
      server:
      - Windows-Azure-Queue/1.0 Microsoft-HTTPAPI/2.0
      transfer-encoding:
      - chunked
      x-ms-version:
      - '2018-03-28'
    status:
      code: 200
      message: OK
- request:
    body: null
    headers:
      Connection:
      - keep-alive
      DataServiceVersion:
      - 3.0;NetFx
      MaxDataServiceVersion:
      - '3.0'
      User-Agent:
      - Azure-CosmosDB/0.37.1 (Python CPython 3.9.6; Windows 10) AZURECLI/2.35.0
      x-ms-date:
      - Mon, 11 Apr 2022 13:25:41 GMT
      x-ms-version:
      - '2017-04-17'
    method: GET
    uri: https://clitest000002.table.core.windows.net/?restype=service&comp=properties
  response:
    body:
      string: "\uFEFF<?xml version=\"1.0\" encoding=\"utf-8\"?><StorageServiceProperties><Logging><Version>1.0</Version><Read>true</Read><Write>false</Write><Delete>false</Delete><RetentionPolicy><Enabled>true</Enabled><Days>1</Days></RetentionPolicy></Logging><HourMetrics><Version>1.0</Version><Enabled>true</Enabled><IncludeAPIs>true</IncludeAPIs><RetentionPolicy><Enabled>true</Enabled><Days>7</Days></RetentionPolicy></HourMetrics><MinuteMetrics><Version>1.0</Version><Enabled>false</Enabled><RetentionPolicy><Enabled>false</Enabled></RetentionPolicy></MinuteMetrics><Cors
        /></StorageServiceProperties>"
    headers:
      content-type:
      - application/xml
      date:
      - Mon, 11 Apr 2022 13:25:41 GMT
      server:
      - Windows-Azure-Table/1.0 Microsoft-HTTPAPI/2.0
      transfer-encoding:
      - chunked
      x-ms-version:
      - '2017-04-17'
    status:
      code: 200
      message: OK
- request:
    body: null
    headers:
      Connection:
      - keep-alive
      User-Agent:
      - Azure-Storage/2.0.0-2.0.1 (Python CPython 3.9.6; Windows 10) AZURECLI/2.35.0
      x-ms-date:
      - Mon, 11 Apr 2022 13:25:42 GMT
      x-ms-version:
      - '2018-11-09'
    method: GET
    uri: https://clitest000002.blob.core.windows.net/?restype=service&comp=properties
  response:
    body:
      string: "\uFEFF<?xml version=\"1.0\" encoding=\"utf-8\"?><StorageServiceProperties><Logging><Version>1.0</Version><Read>false</Read><Write>false</Write><Delete>false</Delete><RetentionPolicy><Enabled>false</Enabled></RetentionPolicy></Logging><HourMetrics><Version>1.0</Version><Enabled>true</Enabled><IncludeAPIs>true</IncludeAPIs><RetentionPolicy><Enabled>true</Enabled><Days>7</Days></RetentionPolicy></HourMetrics><MinuteMetrics><Version>1.0</Version><Enabled>false</Enabled><RetentionPolicy><Enabled>false</Enabled></RetentionPolicy></MinuteMetrics><Cors
        /><DeleteRetentionPolicy><Enabled>false</Enabled></DeleteRetentionPolicy></StorageServiceProperties>"
    headers:
      content-type:
      - application/xml
      date:
      - Mon, 11 Apr 2022 13:25:42 GMT
      server:
      - Windows-Azure-Blob/1.0 Microsoft-HTTPAPI/2.0
      transfer-encoding:
      - chunked
      x-ms-version:
      - '2018-11-09'
    status:
      code: 200
      message: OK
- request:
    body: '<?xml version=''1.0'' encoding=''utf-8''?>

      <StorageServiceProperties><Logging><Version>1.0</Version><Delete>False</Delete><Read>True</Read><Write>False</Write><RetentionPolicy><Enabled>True</Enabled><Days>1</Days></RetentionPolicy></Logging></StorageServiceProperties>'
    headers:
      Connection:
      - keep-alive
      Content-Length:
      - '264'
      DataServiceVersion:
      - 3.0;NetFx
      MaxDataServiceVersion:
      - '3.0'
      User-Agent:
      - Azure-CosmosDB/0.37.1 (Python CPython 3.9.6; Windows 10) AZURECLI/2.35.0
      x-ms-date:
      - Mon, 11 Apr 2022 13:25:43 GMT
      x-ms-version:
      - '2017-04-17'
    method: PUT
    uri: https://clitest000002.table.core.windows.net/?restype=service&comp=properties
  response:
    body:
      string: ''
    headers:
      date:
      - Mon, 11 Apr 2022 13:25:43 GMT
      server:
      - Windows-Azure-Table/1.0 Microsoft-HTTPAPI/2.0
      transfer-encoding:
      - chunked
      x-ms-version:
      - '2017-04-17'
    status:
      code: 202
      message: Accepted
- request:
    body: null
    headers:
      Connection:
      - keep-alive
      User-Agent:
      - Azure-Storage/2.0.0-2.0.1 (Python CPython 3.9.6; Windows 10) AZURECLI/2.35.0
      x-ms-date:
      - Mon, 11 Apr 2022 13:25:54 GMT
      x-ms-version:
      - '2018-03-28'
    method: GET
    uri: https://clitest000002.queue.core.windows.net/?restype=service&comp=properties
  response:
    body:
      string: "\uFEFF<?xml version=\"1.0\" encoding=\"utf-8\"?><StorageServiceProperties><Logging><Version>1.0</Version><Read>false</Read><Write>false</Write><Delete>false</Delete><RetentionPolicy><Enabled>false</Enabled></RetentionPolicy></Logging><HourMetrics><Version>1.0</Version><Enabled>true</Enabled><IncludeAPIs>true</IncludeAPIs><RetentionPolicy><Enabled>true</Enabled><Days>7</Days></RetentionPolicy></HourMetrics><MinuteMetrics><Version>1.0</Version><Enabled>false</Enabled><RetentionPolicy><Enabled>false</Enabled></RetentionPolicy></MinuteMetrics><Cors
        /></StorageServiceProperties>"
    headers:
      cache-control:
      - no-cache
      content-type:
      - application/xml
      date:
      - Mon, 11 Apr 2022 13:25:55 GMT
      server:
      - Windows-Azure-Queue/1.0 Microsoft-HTTPAPI/2.0
      transfer-encoding:
      - chunked
      x-ms-version:
      - '2018-03-28'
    status:
      code: 200
      message: OK
- request:
    body: null
    headers:
      Connection:
      - keep-alive
      DataServiceVersion:
      - 3.0;NetFx
      MaxDataServiceVersion:
      - '3.0'
      User-Agent:
      - Azure-CosmosDB/0.37.1 (Python CPython 3.9.6; Windows 10) AZURECLI/2.35.0
      x-ms-date:
      - Mon, 11 Apr 2022 13:25:55 GMT
      x-ms-version:
      - '2017-04-17'
    method: GET
    uri: https://clitest000002.table.core.windows.net/?restype=service&comp=properties
  response:
    body:
      string: "\uFEFF<?xml version=\"1.0\" encoding=\"utf-8\"?><StorageServiceProperties><Logging><Version>1.0</Version><Read>true</Read><Write>false</Write><Delete>false</Delete><RetentionPolicy><Enabled>true</Enabled><Days>1</Days></RetentionPolicy></Logging><HourMetrics><Version>1.0</Version><Enabled>true</Enabled><IncludeAPIs>true</IncludeAPIs><RetentionPolicy><Enabled>true</Enabled><Days>7</Days></RetentionPolicy></HourMetrics><MinuteMetrics><Version>1.0</Version><Enabled>false</Enabled><RetentionPolicy><Enabled>false</Enabled></RetentionPolicy></MinuteMetrics><Cors
        /></StorageServiceProperties>"
    headers:
      content-type:
      - application/xml
      date:
      - Mon, 11 Apr 2022 13:25:55 GMT
      server:
      - Windows-Azure-Table/1.0 Microsoft-HTTPAPI/2.0
      transfer-encoding:
      - chunked
      x-ms-version:
      - '2017-04-17'
    status:
      code: 200
      message: OK
- request:
    body: null
    headers:
      Connection:
      - keep-alive
      User-Agent:
      - Azure-Storage/2.0.0-2.0.1 (Python CPython 3.9.6; Windows 10) AZURECLI/2.35.0
      x-ms-date:
      - Mon, 11 Apr 2022 13:25:56 GMT
      x-ms-version:
      - '2018-11-09'
    method: GET
    uri: https://clitest000002.blob.core.windows.net/?restype=service&comp=properties
  response:
    body:
      string: "\uFEFF<?xml version=\"1.0\" encoding=\"utf-8\"?><StorageServiceProperties><Logging><Version>1.0</Version><Read>false</Read><Write>false</Write><Delete>false</Delete><RetentionPolicy><Enabled>false</Enabled></RetentionPolicy></Logging><HourMetrics><Version>1.0</Version><Enabled>true</Enabled><IncludeAPIs>true</IncludeAPIs><RetentionPolicy><Enabled>true</Enabled><Days>7</Days></RetentionPolicy></HourMetrics><MinuteMetrics><Version>1.0</Version><Enabled>false</Enabled><RetentionPolicy><Enabled>false</Enabled></RetentionPolicy></MinuteMetrics><Cors
        /><DeleteRetentionPolicy><Enabled>false</Enabled></DeleteRetentionPolicy></StorageServiceProperties>"
    headers:
      content-type:
      - application/xml
      date:
      - Mon, 11 Apr 2022 13:25:56 GMT
      server:
      - Windows-Azure-Blob/1.0 Microsoft-HTTPAPI/2.0
      transfer-encoding:
      - chunked
      x-ms-version:
      - '2018-11-09'
    status:
      code: 200
      message: OK
version: 1
