interactions:
- request:
    body: null
    headers:
      Accept:
      - application/json
      Accept-Encoding:
      - gzip, deflate
      CommandName:
      - storage account keys list
      Connection:
      - keep-alive
      Content-Length:
      - '0'
      ParameterSetName:
      - -n -g --query -o
      User-Agent:
      - python/3.7.4 (Windows-10-10.0.18362-SP0) msrest/0.6.10 msrest_azure/0.6.3
        azure-mgmt-storage/9.0.0 Azure-SDK-For-Python AZURECLI/2.5.1
      accept-language:
      - en-US
    method: POST
    uri: https://management.azure.com/subscriptions/00000000-0000-0000-0000-000000000000/resourceGroups/clitest.rg000001/providers/Microsoft.Storage/storageAccounts/clitest000002/listKeys?api-version=2019-06-01
  response:
    body:
      string: '{"keys":[{"keyName":"key1","value":"veryFakedStorageAccountKey==","permissions":"FULL"},{"keyName":"key2","value":"veryFakedStorageAccountKey==","permissions":"FULL"}]}'
    headers:
      cache-control:
      - no-cache
      content-length:
      - '288'
      content-type:
      - application/json
      date:
      - Sun, 10 May 2020 09:12:27 GMT
      expires:
      - '-1'
      pragma:
      - no-cache
      server:
      - Microsoft-Azure-Storage-Resource-Provider/1.0,Microsoft-HTTPAPI/2.0 Microsoft-HTTPAPI/2.0
      strict-transport-security:
      - max-age=31536000; includeSubDomains
      transfer-encoding:
      - chunked
      vary:
      - Accept-Encoding
      x-content-type-options:
      - nosniff
      x-ms-ratelimit-remaining-subscription-resource-requests:
      - '11999'
    status:
      code: 200
      message: OK
- request:
    body: null
    headers:
      Accept:
      - '*/*'
      Accept-Encoding:
      - gzip, deflate
      Connection:
      - keep-alive
      Content-Length:
      - '0'
      User-Agent:
      - azsdk-python-storage-dfs/12.0.1 Python/3.7.4 (Windows-10-10.0.18362-SP0)
      x-ms-blob-public-access:
      - blob
      x-ms-date:
      - Sun, 10 May 2020 09:12:28 GMT
      x-ms-version:
      - '2019-07-07'
    method: PUT
    uri: https://clitest000002.blob.core.windows.net/filesystem000003?restype=container
  response:
    body:
      string: ''
    headers:
      content-length:
      - '0'
      date:
      - Sun, 10 May 2020 09:12:30 GMT
      etag:
      - '"0x8D7F4C244DCEAB4"'
      last-modified:
      - Sun, 10 May 2020 09:12:31 GMT
      server:
      - Windows-Azure-Blob/1.0 Microsoft-HTTPAPI/2.0
      x-ms-version:
      - '2019-07-07'
    status:
      code: 201
      message: Created
- request:
    body: null
    headers:
      Accept:
      - '*/*'
      Accept-Encoding:
      - gzip, deflate
      Connection:
      - keep-alive
      User-Agent:
      - azsdk-python-storage-dfs/12.0.1 Python/3.7.4 (Windows-10-10.0.18362-SP0)
      x-ms-date:
      - Sun, 10 May 2020 09:12:31 GMT
      x-ms-version:
      - '2019-07-07'
    method: GET
    uri: https://clitest000002.blob.core.windows.net/filesystem000003?restype=container
  response:
    body:
      string: ''
    headers:
      content-length:
      - '0'
      date:
      - Sun, 10 May 2020 09:12:32 GMT
      etag:
      - '"0x8D7F4C244DCEAB4"'
      last-modified:
      - Sun, 10 May 2020 09:12:31 GMT
      server:
      - Windows-Azure-Blob/1.0 Microsoft-HTTPAPI/2.0
      x-ms-blob-public-access:
      - blob
      x-ms-default-encryption-scope:
      - $account-encryption-key
      x-ms-deny-encryption-scope-override:
      - 'false'
      x-ms-has-immutability-policy:
      - 'false'
      x-ms-has-legal-hold:
      - 'false'
      x-ms-lease-state:
      - available
      x-ms-lease-status:
      - unlocked
      x-ms-version:
      - '2019-07-07'
    status:
      code: 200
      message: OK
- request:
    body: null
    headers:
      Accept:
      - '*/*'
      Accept-Encoding:
      - gzip, deflate
      Connection:
      - keep-alive
      User-Agent:
      - azsdk-python-storage-dfs/12.0.1 Python/3.7.4 (Windows-10-10.0.18362-SP0)
      x-ms-date:
      - Sun, 10 May 2020 09:12:32 GMT
      x-ms-version:
      - '2019-07-07'
    method: GET
    uri: https://clitest000002.blob.core.windows.net/filesystem000003?restype=container
  response:
    body:
      string: ''
    headers:
      content-length:
      - '0'
      date:
      - Sun, 10 May 2020 09:12:33 GMT
      etag:
      - '"0x8D7F4C244DCEAB4"'
      last-modified:
      - Sun, 10 May 2020 09:12:31 GMT
      server:
      - Windows-Azure-Blob/1.0 Microsoft-HTTPAPI/2.0
      x-ms-blob-public-access:
      - blob
      x-ms-default-encryption-scope:
      - $account-encryption-key
      x-ms-deny-encryption-scope-override:
      - 'false'
      x-ms-has-immutability-policy:
      - 'false'
      x-ms-has-legal-hold:
      - 'false'
      x-ms-lease-state:
      - available
      x-ms-lease-status:
      - unlocked
      x-ms-version:
      - '2019-07-07'
    status:
      code: 200
      message: OK
- request:
    body: null
    headers:
      Accept:
      - '*/*'
      Accept-Encoding:
      - gzip, deflate
      Connection:
      - keep-alive
      Content-Length:
      - '0'
      User-Agent:
      - azsdk-python-storage-dfs/12.0.1 Python/3.7.4 (Windows-10-10.0.18362-SP0)
      x-ms-blob-public-access:
      - container
      x-ms-date:
      - Sun, 10 May 2020 09:12:34 GMT
      x-ms-version:
      - '2019-07-07'
    method: PUT
    uri: https://clitest000002.blob.core.windows.net/filesystem000004?restype=container
  response:
    body:
      string: ''
    headers:
      content-length:
      - '0'
      date:
      - Sun, 10 May 2020 09:12:34 GMT
      etag:
      - '"0x8D7F4C2475FF0D5"'
      last-modified:
      - Sun, 10 May 2020 09:12:35 GMT
      server:
      - Windows-Azure-Blob/1.0 Microsoft-HTTPAPI/2.0
      x-ms-version:
      - '2019-07-07'
    status:
      code: 201
      message: Created
- request:
    body: null
    headers:
      Accept:
      - '*/*'
      Accept-Encoding:
      - gzip, deflate
      Connection:
      - keep-alive
      User-Agent:
      - azsdk-python-storage-dfs/12.0.1 Python/3.7.4 (Windows-10-10.0.18362-SP0)
      x-ms-date:
      - Sun, 10 May 2020 09:12:35 GMT
      x-ms-version:
      - '2019-07-07'
    method: GET
    uri: https://clitest000002.blob.core.windows.net/filesystem000004?restype=container
  response:
    body:
      string: ''
    headers:
      content-length:
      - '0'
      date:
      - Sun, 10 May 2020 09:12:36 GMT
      etag:
      - '"0x8D7F4C2475FF0D5"'
      last-modified:
      - Sun, 10 May 2020 09:12:35 GMT
      server:
      - Windows-Azure-Blob/1.0 Microsoft-HTTPAPI/2.0
      x-ms-blob-public-access:
      - container
      x-ms-default-encryption-scope:
      - $account-encryption-key
      x-ms-deny-encryption-scope-override:
      - 'false'
      x-ms-has-immutability-policy:
      - 'false'
      x-ms-has-legal-hold:
      - 'false'
      x-ms-lease-state:
      - available
      x-ms-lease-status:
      - unlocked
      x-ms-version:
      - '2019-07-07'
    status:
      code: 200
      message: OK
- request:
    body: null
    headers:
      Accept:
      - '*/*'
      Accept-Encoding:
      - gzip, deflate
      Connection:
      - keep-alive
      Content-Length:
      - '0'
      User-Agent:
      - azsdk-python-storage-dfs/12.0.1 Python/3.7.4 (Windows-10-10.0.18362-SP0)
      x-ms-date:
      - Sun, 10 May 2020 09:12:37 GMT
      x-ms-version:
      - '2019-07-07'
    method: PUT
    uri: https://clitest000002.blob.core.windows.net/filesystem000005?restype=container
  response:
    body:
      string: ''
    headers:
      content-length:
      - '0'
      date:
      - Sun, 10 May 2020 09:12:37 GMT
      etag:
      - '"0x8D7F4C2492D3985"'
      last-modified:
      - Sun, 10 May 2020 09:12:38 GMT
      server:
      - Windows-Azure-Blob/1.0 Microsoft-HTTPAPI/2.0
      x-ms-version:
      - '2019-07-07'
    status:
      code: 201
      message: Created
- request:
    body: null
    headers:
      Accept:
      - '*/*'
      Accept-Encoding:
      - gzip, deflate
      Connection:
      - keep-alive
      User-Agent:
      - azsdk-python-storage-dfs/12.0.1 Python/3.7.4 (Windows-10-10.0.18362-SP0)
      x-ms-date:
      - Sun, 10 May 2020 09:12:38 GMT
      x-ms-version:
      - '2019-07-07'
    method: GET
    uri: https://clitest000002.blob.core.windows.net/filesystem000005?restype=container
  response:
    body:
      string: ''
    headers:
      content-length:
      - '0'
      date:
      - Sun, 10 May 2020 09:12:39 GMT
      etag:
      - '"0x8D7F4C2492D3985"'
      last-modified:
      - Sun, 10 May 2020 09:12:38 GMT
      server:
      - Windows-Azure-Blob/1.0 Microsoft-HTTPAPI/2.0
      x-ms-default-encryption-scope:
      - $account-encryption-key
      x-ms-deny-encryption-scope-override:
      - 'false'
      x-ms-has-immutability-policy:
      - 'false'
      x-ms-has-legal-hold:
      - 'false'
      x-ms-lease-state:
      - available
      x-ms-lease-status:
      - unlocked
      x-ms-version:
      - '2019-07-07'
    status:
      code: 200
      message: OK
- request:
    body: null
    headers:
      Accept:
      - application/xml
      Accept-Encoding:
      - gzip, deflate
      Connection:
      - keep-alive
      User-Agent:
      - azsdk-python-storage-blob/12.3.1 Python/3.7.4 (Windows-10-10.0.18362-SP0)
      x-ms-date:
      - Sun, 10 May 2020 09:12:40 GMT
      x-ms-version:
      - '2019-07-07'
    method: GET
    uri: https://clitest000002.blob.core.windows.net/?comp=list
  response:
    body:
      string: "\uFEFF<?xml version=\"1.0\" encoding=\"utf-8\"?><EnumerationResults
        ServiceEndpoint=\"https://clitest000002.blob.core.windows.net/\"><Containers><Container><Name>filesystem000004</Name><Properties><Last-Modified>Sun,
        10 May 2020 09:12:35 GMT</Last-Modified><Etag>\"0x8D7F4C2475FF0D5\"</Etag><LeaseStatus>unlocked</LeaseStatus><LeaseState>available</LeaseState><PublicAccess>container</PublicAccess><DefaultEncryptionScope>$account-encryption-key</DefaultEncryptionScope><DenyEncryptionScopeOverride>false</DenyEncryptionScopeOverride><HasImmutabilityPolicy>false</HasImmutabilityPolicy><HasLegalHold>false</HasLegalHold></Properties></Container><Container><Name>filesystem000005</Name><Properties><Last-Modified>Sun,
        10 May 2020 09:12:38 GMT</Last-Modified><Etag>\"0x8D7F4C2492D3985\"</Etag><LeaseStatus>unlocked</LeaseStatus><LeaseState>available</LeaseState><DefaultEncryptionScope>$account-encryption-key</DefaultEncryptionScope><DenyEncryptionScopeOverride>false</DenyEncryptionScopeOverride><HasImmutabilityPolicy>false</HasImmutabilityPolicy><HasLegalHold>false</HasLegalHold></Properties></Container><Container><Name>filesystem000003</Name><Properties><Last-Modified>Sun,
        10 May 2020 09:12:31 GMT</Last-Modified><Etag>\"0x8D7F4C244DCEAB4\"</Etag><LeaseStatus>unlocked</LeaseStatus><LeaseState>available</LeaseState><PublicAccess>blob</PublicAccess><DefaultEncryptionScope>$account-encryption-key</DefaultEncryptionScope><DenyEncryptionScopeOverride>false</DenyEncryptionScopeOverride><HasImmutabilityPolicy>false</HasImmutabilityPolicy><HasLegalHold>false</HasLegalHold></Properties></Container></Containers><NextMarker
        /></EnumerationResults>"
    headers:
      content-type:
      - application/xml
      date:
      - Sun, 10 May 2020 09:12:40 GMT
      server:
      - Windows-Azure-Blob/1.0 Microsoft-HTTPAPI/2.0
      transfer-encoding:
      - chunked
      x-ms-version:
      - '2019-07-07'
    status:
      code: 200
      message: OK
- request:
    body: null
    headers:
      Accept:
      - '*/*'
      Accept-Encoding:
      - gzip, deflate
      Connection:
      - keep-alive
      Content-Length:
      - '0'
      User-Agent:
      - azsdk-python-storage-dfs/12.0.1 Python/3.7.4 (Windows-10-10.0.18362-SP0)
      x-ms-date:
      - Sun, 10 May 2020 09:12:41 GMT
      x-ms-version:
      - '2019-07-07'
    method: DELETE
    uri: https://clitest000002.blob.core.windows.net/filesystem000003?restype=container
  response:
    body:
      string: ''
    headers:
      content-length:
      - '0'
      date:
      - Sun, 10 May 2020 09:12:41 GMT
      server:
      - Windows-Azure-Blob/1.0 Microsoft-HTTPAPI/2.0
      x-ms-version:
      - '2019-07-07'
    status:
      code: 202
      message: Accepted
- request:
    body: null
    headers:
      Accept:
      - '*/*'
      Accept-Encoding:
      - gzip, deflate
      Connection:
      - keep-alive
      Content-Length:
      - '0'
      User-Agent:
      - azsdk-python-storage-dfs/12.0.1 Python/3.7.4 (Windows-10-10.0.18362-SP0)
      x-ms-date:
      - Sun, 10 May 2020 09:12:43 GMT
      x-ms-version:
      - '2019-07-07'
    method: DELETE
    uri: https://clitest000002.blob.core.windows.net/filesystem000004?restype=container
  response:
    body:
      string: ''
    headers:
      content-length:
      - '0'
      date:
      - Sun, 10 May 2020 09:12:43 GMT
      server:
      - Windows-Azure-Blob/1.0 Microsoft-HTTPAPI/2.0
      x-ms-version:
      - '2019-07-07'
    status:
      code: 202
      message: Accepted
- request:
    body: null
    headers:
      Accept:
      - '*/*'
      Accept-Encoding:
      - gzip, deflate
      Connection:
      - keep-alive
      Content-Length:
      - '0'
      User-Agent:
      - azsdk-python-storage-dfs/12.0.1 Python/3.7.4 (Windows-10-10.0.18362-SP0)
      x-ms-date:
      - Sun, 10 May 2020 09:12:44 GMT
      x-ms-version:
      - '2019-07-07'
    method: DELETE
    uri: https://clitest000002.blob.core.windows.net/filesystem000005?restype=container
  response:
    body:
      string: ''
    headers:
      content-length:
      - '0'
      date:
      - Sun, 10 May 2020 09:12:44 GMT
      server:
      - Windows-Azure-Blob/1.0 Microsoft-HTTPAPI/2.0
      x-ms-version:
      - '2019-07-07'
    status:
      code: 202
      message: Accepted
version: 1
