interactions:
- request:
    body: '{}'
    headers:
      Accept:
      - application/json
      Accept-Encoding:
      - gzip, deflate
      CommandName:
      - storage share-rm create
      Connection:
      - keep-alive
      Content-Length:
      - '2'
      Content-Type:
      - application/json
      ParameterSetName:
      - --storage-account -g -n
      User-Agent:
      - AZURECLI/2.61.0 azsdk-python-core/1.28.0 Python/3.9.13 (Windows-10-10.0.19045-SP0)
    method: PUT
    uri: https://management.azure.com/subscriptions/00000000-0000-0000-0000-000000000000/resourceGroups/cli_snapshot000001/providers/Microsoft.Storage/storageAccounts/snapshot000002/fileServices/default/shares/share000003?api-version=2023-05-01
  response:
    body:
      string: '{"id":"/subscriptions/00000000-0000-0000-0000-000000000000/resourceGroups/cli_snapshot000001/providers/Microsoft.Storage/storageAccounts/snapshot000002/fileServices/default/shares/share000003","name":"share000003","type":"Microsoft.Storage/storageAccounts/fileServices/shares","properties":{}}'
    headers:
      cache-control:
      - no-cache
      content-length:
      - '293'
      content-type:
      - application/json
      date:
      - Thu, 20 Jun 2024 04:26:57 GMT
      etag:
      - '"0x8DC90E1391C6B90"'
      expires:
      - '-1'
      pragma:
      - no-cache
      server:
      - Microsoft-Azure-Storage-Resource-Provider/1.0,Microsoft-HTTPAPI/2.0 Microsoft-HTTPAPI/2.0
      strict-transport-security:
      - max-age=31536000; includeSubDomains
      x-content-type-options:
      - nosniff
      x-ms-operation-identifier:
      - tenantId=54826b22-38d6-4fb2-bad9-b7b93a3e9c5a,objectId=a7250e3a-0e5e-48e2-9a34-45f1f5e1a91e/eastus2euap/6b4acb27-b895-4e9a-b1af-6ba2b168a166
      x-ms-ratelimit-remaining-subscription-global-writes:
      - '2999'
      x-ms-ratelimit-remaining-subscription-writes:
      - '199'
    status:
      code: 201
      message: Created
- request:
    body: '{"properties": {"metadata": {"k1": "v1"}, "shareQuota": 10, "enabledProtocols":
      "SMB", "rootSquash": "AllSquash", "accessTier": "Hot"}}'
    headers:
      Accept:
      - application/json
      Accept-Encoding:
      - gzip, deflate
      CommandName:
      - storage share-rm snapshot
      Connection:
      - keep-alive
      Content-Length:
      - '135'
      Content-Type:
      - application/json
      ParameterSetName:
      - --storage-account -g -n -q --metadata --access-tier --enabled-protocols --root-squash
      User-Agent:
      - AZURECLI/2.61.0 azsdk-python-core/1.28.0 Python/3.9.13 (Windows-10-10.0.19045-SP0)
    method: PUT
    uri: https://management.azure.com/subscriptions/00000000-0000-0000-0000-000000000000/resourceGroups/cli_snapshot000001/providers/Microsoft.Storage/storageAccounts/snapshot000002/fileServices/default/shares/share000003?$expand=snapshots&api-version=2023-05-01
  response:
    body:
      string: '{"id":"/subscriptions/00000000-0000-0000-0000-000000000000/resourceGroups/cli_snapshot000001/providers/Microsoft.Storage/storageAccounts/snapshot000002/fileServices/default/shares/share000003","name":"share000003","type":"Microsoft.Storage/storageAccounts/fileServices/shares","properties":{"accessTier":"Hot","snapshotTime":"2024-06-20T04:26:59.0000000Z","metadata":{"k1":"v1"},"shareQuota":10,"enabledProtocols":"SMB","rootSquash":"AllSquash"}}'
    headers:
      cache-control:
      - no-cache
      content-length:
      - '446'
      content-type:
      - application/json
      date:
      - Thu, 20 Jun 2024 04:26:59 GMT
      expires:
      - '-1'
      pragma:
      - no-cache
      server:
      - Microsoft-Azure-Storage-Resource-Provider/1.0,Microsoft-HTTPAPI/2.0 Microsoft-HTTPAPI/2.0
      strict-transport-security:
      - max-age=31536000; includeSubDomains
      x-content-type-options:
      - nosniff
      x-ms-operation-identifier:
      - tenantId=54826b22-38d6-4fb2-bad9-b7b93a3e9c5a,objectId=a7250e3a-0e5e-48e2-9a34-45f1f5e1a91e/eastus2euap/e1fc6751-3074-4a92-8f58-3a3c6c7ffb5d
      x-ms-ratelimit-remaining-subscription-global-writes:
      - '2999'
      x-ms-ratelimit-remaining-subscription-writes:
      - '199'
    status:
      code: 201
      message: Created
- request:
    body: null
    headers:
      Accept:
      - application/json
      Accept-Encoding:
      - gzip, deflate
      CommandName:
      - storage share-rm show
      Connection:
      - keep-alive
      ParameterSetName:
      - --storage-account -g -n --snapshot
      User-Agent:
      - AZURECLI/2.61.0 azsdk-python-core/1.28.0 Python/3.9.13 (Windows-10-10.0.19045-SP0)
      x-ms-snapshot:
      - '2024-06-20T04:26:59.0000000Z'
    method: GET
    uri: https://management.azure.com/subscriptions/00000000-0000-0000-0000-000000000000/resourceGroups/cli_snapshot000001/providers/Microsoft.Storage/storageAccounts/snapshot000002/fileServices/default/shares/share000003?api-version=2023-05-01
  response:
    body:
      string: '{"id":"/subscriptions/00000000-0000-0000-0000-000000000000/resourceGroups/cli_snapshot000001/providers/Microsoft.Storage/storageAccounts/snapshot000002/fileServices/default/shares/share000003","name":"share000003","type":"Microsoft.Storage/storageAccounts/fileServices/shares","etag":"\"0x8DC90E139B56B80\"","properties":{"leaseStatus":"unlocked","leaseState":"available","signedIdentifiers":[],"accessTier":"TransactionOptimized","accessTierChangeTime":"2024-06-20T04:26:57.0000000Z","snapshotTime":"2024-06-20T04:26:59.0000000Z","metadata":{"k1":"v1"},"lastModifiedTime":"2024-06-20T04:26:59.0000000Z","shareQuota":102400}}'
    headers:
      cache-control:
      - no-cache
      content-length:
      - '625'
      content-type:
      - application/json
      date:
      - Thu, 20 Jun 2024 04:27:00 GMT
      etag:
      - '"0x8DC90E139B56B80"'
      expires:
      - '-1'
      pragma:
      - no-cache
      server:
      - Microsoft-Azure-Storage-Resource-Provider/1.0,Microsoft-HTTPAPI/2.0 Microsoft-HTTPAPI/2.0
      strict-transport-security:
      - max-age=31536000; includeSubDomains
      x-content-type-options:
      - nosniff
      x-ms-operation-identifier:
      - tenantId=54826b22-38d6-4fb2-bad9-b7b93a3e9c5a,objectId=a7250e3a-0e5e-48e2-9a34-45f1f5e1a91e/eastus2euap/16da33bf-df10-45f5-9aea-655d562b01d6
      x-ms-ratelimit-remaining-subscription-global-reads:
      - '3746'
    status:
      code: 200
      message: OK
- request:
    body: null
    headers:
      Accept:
      - application/json
      Accept-Encoding:
      - gzip, deflate
      CommandName:
      - storage share-rm list
      Connection:
      - keep-alive
      ParameterSetName:
      - --storage-account -g --include-snapshot
      User-Agent:
      - AZURECLI/2.61.0 azsdk-python-core/1.28.0 Python/3.9.13 (Windows-10-10.0.19045-SP0)
    method: GET
    uri: https://management.azure.com/subscriptions/00000000-0000-0000-0000-000000000000/resourceGroups/cli_snapshot000001/providers/Microsoft.Storage/storageAccounts/snapshot000002/fileServices/default/shares?api-version=2023-05-01&$expand=snapshots
  response:
    body:
      string: '{"value":[{"id":"/subscriptions/00000000-0000-0000-0000-000000000000/resourceGroups/cli_snapshot000001/providers/Microsoft.Storage/storageAccounts/snapshot000002/fileServices/default/shares/share000003","name":"share000003","type":"Microsoft.Storage/storageAccounts/fileServices/shares","etag":"\"0x8DC90E139B56B80\"","properties":{"leaseStatus":"unlocked","leaseState":"available","accessTier":"TransactionOptimized","snapshotTime":"2024-06-20T04:26:59.0000000Z","lastModifiedTime":"2024-06-20T04:26:59.0000000Z","shareQuota":102400,"enabledProtocols":"SMB"}},{"id":"/subscriptions/00000000-0000-0000-0000-000000000000/resourceGroups/cli_snapshot000001/providers/Microsoft.Storage/storageAccounts/snapshot000002/fileServices/default/shares/share000003","name":"share000003","type":"Microsoft.Storage/storageAccounts/fileServices/shares","etag":"\"0x8DC90E1391C6B90\"","properties":{"leaseStatus":"unlocked","leaseState":"available","accessTier":"TransactionOptimized","accessTierChangeTime":"2024-06-20T04:26:57.0000000Z","lastModifiedTime":"2024-06-20T04:26:57.0000000Z","shareQuota":102400,"enabledProtocols":"SMB"}}]}'
    headers:
      cache-control:
      - no-cache
      content-length:
      - '1121'
      content-type:
      - application/json
      date:
      - Thu, 20 Jun 2024 04:27:01 GMT
      expires:
      - '-1'
      pragma:
      - no-cache
      server:
      - Microsoft-Azure-Storage-Resource-Provider/1.0,Microsoft-HTTPAPI/2.0 Microsoft-HTTPAPI/2.0
      strict-transport-security:
      - max-age=31536000; includeSubDomains
      x-content-type-options:
      - nosniff
      x-ms-operation-identifier:
      - tenantId=54826b22-38d6-4fb2-bad9-b7b93a3e9c5a,objectId=a7250e3a-0e5e-48e2-9a34-45f1f5e1a91e/eastus2euap/1fcd5b99-ac49-4787-b090-226a25d41f9b
      x-ms-ratelimit-remaining-subscription-global-reads:
      - '3748'
    status:
      code: 200
      message: OK
- request:
    body: null
    headers:
      Accept:
      - application/json
      Accept-Encoding:
      - gzip, deflate
      CommandName:
      - storage share-rm delete
      Connection:
      - keep-alive
      Content-Length:
      - '0'
      ParameterSetName:
      - --storage-account -g -n -y
      User-Agent:
      - AZURECLI/2.61.0 azsdk-python-core/1.28.0 Python/3.9.13 (Windows-10-10.0.19045-SP0)
    method: DELETE
    uri: https://management.azure.com/subscriptions/00000000-0000-0000-0000-000000000000/resourceGroups/cli_snapshot000001/providers/Microsoft.Storage/storageAccounts/snapshot000002/fileServices/default/shares/share000003?api-version=2023-05-01&$include=none
  response:
    body:
      string: '{"error":{"code":"ShareHasSnapshots","message":"The share has snapshots
        and the operation requires no snapshots.\nRequestId:997daf19-c01a-006c-65ca-c2a99a000000\nTime:2024-06-20T04:27:04.4628966Z"}}'
    headers:
      cache-control:
      - no-cache
      content-length:
      - '198'
      content-type:
      - application/json
      date:
      - Thu, 20 Jun 2024 04:27:03 GMT
      expires:
      - '-1'
      pragma:
      - no-cache
      server:
      - Microsoft-Azure-Storage-Resource-Provider/1.0,Microsoft-HTTPAPI/2.0 Microsoft-HTTPAPI/2.0
      strict-transport-security:
      - max-age=31536000; includeSubDomains
      x-content-type-options:
      - nosniff
      x-ms-operation-identifier:
      - tenantId=54826b22-38d6-4fb2-bad9-b7b93a3e9c5a,objectId=a7250e3a-0e5e-48e2-9a34-45f1f5e1a91e/eastus2euap/516dab65-d3e1-4d8a-9458-9f42b75090cf
      x-ms-ratelimit-remaining-subscription-deletes:
      - '199'
      x-ms-ratelimit-remaining-subscription-global-deletes:
      - '2999'
    status:
      code: 409
      message: Conflict
- request:
    body: null
    headers:
      Accept:
      - application/json
      Accept-Encoding:
      - gzip, deflate
      CommandName:
      - storage share-rm delete
      Connection:
      - keep-alive
      Content-Length:
      - '0'
      ParameterSetName:
      - --storage-account -g -n --snapshot -y
      User-Agent:
      - AZURECLI/2.61.0 azsdk-python-core/1.28.0 Python/3.9.13 (Windows-10-10.0.19045-SP0)
      x-ms-snapshot:
      - '2024-06-20T04:26:59.0000000Z'
    method: DELETE
    uri: https://management.azure.com/subscriptions/00000000-0000-0000-0000-000000000000/resourceGroups/cli_snapshot000001/providers/Microsoft.Storage/storageAccounts/snapshot000002/fileServices/default/shares/share000003?api-version=2023-05-01&$include=none
  response:
    body:
      string: ''
    headers:
      cache-control:
      - no-cache
      content-length:
      - '0'
      content-type:
      - text/plain; charset=utf-8
      date:
      - Thu, 20 Jun 2024 04:27:05 GMT
      expires:
      - '-1'
      pragma:
      - no-cache
      server:
      - Microsoft-Azure-Storage-Resource-Provider/1.0,Microsoft-HTTPAPI/2.0 Microsoft-HTTPAPI/2.0
      strict-transport-security:
      - max-age=31536000; includeSubDomains
      x-content-type-options:
      - nosniff
      x-ms-operation-identifier:
      - tenantId=54826b22-38d6-4fb2-bad9-b7b93a3e9c5a,objectId=a7250e3a-0e5e-48e2-9a34-45f1f5e1a91e/eastus2euap/8cbe56cc-a6f3-465c-85db-fa4f3cd8a474
      x-ms-ratelimit-remaining-subscription-deletes:
      - '199'
      x-ms-ratelimit-remaining-subscription-global-deletes:
      - '2999'
    status:
      code: 200
      message: OK
- request:
    body: null
    headers:
      Accept:
      - application/json
      Accept-Encoding:
      - gzip, deflate
      CommandName:
      - storage share-rm list
      Connection:
      - keep-alive
      ParameterSetName:
      - --storage-account -g --include-deleted --include-snapshot
      User-Agent:
      - AZURECLI/2.61.0 azsdk-python-core/1.28.0 Python/3.9.13 (Windows-10-10.0.19045-SP0)
    method: GET
    uri: https://management.azure.com/subscriptions/00000000-0000-0000-0000-000000000000/resourceGroups/cli_snapshot000001/providers/Microsoft.Storage/storageAccounts/snapshot000002/fileServices/default/shares?api-version=2023-05-01&$expand=deleted%2Csnapshots
  response:
    body:
      string: '{"value":[{"id":"/subscriptions/00000000-0000-0000-0000-000000000000/resourceGroups/cli_snapshot000001/providers/Microsoft.Storage/storageAccounts/snapshot000002/fileServices/default/shares/share000003","name":"share000003","type":"Microsoft.Storage/storageAccounts/fileServices/shares","etag":"\"0x8DC90E1391C6B90\"","properties":{"leaseStatus":"unlocked","leaseState":"available","accessTier":"TransactionOptimized","accessTierChangeTime":"2024-06-20T04:26:57.0000000Z","lastModifiedTime":"2024-06-20T04:26:57.0000000Z","shareQuota":102400,"enabledProtocols":"SMB"}}]}'
    headers:
      cache-control:
      - no-cache
      content-length:
      - '570'
      content-type:
      - application/json
      date:
      - Thu, 20 Jun 2024 04:27:07 GMT
      expires:
      - '-1'
      pragma:
      - no-cache
      server:
      - Microsoft-Azure-Storage-Resource-Provider/1.0,Microsoft-HTTPAPI/2.0 Microsoft-HTTPAPI/2.0
      strict-transport-security:
      - max-age=31536000; includeSubDomains
      x-content-type-options:
      - nosniff
      x-ms-operation-identifier:
      - tenantId=54826b22-38d6-4fb2-bad9-b7b93a3e9c5a,objectId=a7250e3a-0e5e-48e2-9a34-45f1f5e1a91e/eastus2euap/aac84630-481f-4532-86ed-2ae39f074ffc
      x-ms-ratelimit-remaining-subscription-global-reads:
      - '3749'
    status:
      code: 200
      message: OK
- request:
    body: null
    headers:
      Accept:
      - application/json
      Accept-Encoding:
      - gzip, deflate
      CommandName:
      - storage share-rm show
      Connection:
      - keep-alive
      ParameterSetName:
      - --storage-account -g -n --snapshot
      User-Agent:
      - AZURECLI/2.61.0 azsdk-python-core/1.28.0 Python/3.9.13 (Windows-10-10.0.19045-SP0)
      x-ms-snapshot:
      - '2024-06-20T04:26:59.0000000Z'
    method: GET
    uri: https://management.azure.com/subscriptions/00000000-0000-0000-0000-000000000000/resourceGroups/cli_snapshot000001/providers/Microsoft.Storage/storageAccounts/snapshot000002/fileServices/default/shares/share000003?api-version=2023-05-01
  response:
    body:
      string: '{"error":{"code":"ShareNotFound","message":"The specified share does
        not exist.\nRequestId:997daf6b-c01a-006c-7eca-c2a99a000000\nTime:2024-06-20T04:27:09.0522423Z"}}'
    headers:
      cache-control:
      - no-cache
      content-length:
      - '165'
      content-type:
      - application/json
      date:
      - Thu, 20 Jun 2024 04:27:08 GMT
      expires:
      - '-1'
      pragma:
      - no-cache
      server:
      - Microsoft-Azure-Storage-Resource-Provider/1.0,Microsoft-HTTPAPI/2.0 Microsoft-HTTPAPI/2.0
      strict-transport-security:
      - max-age=31536000; includeSubDomains
      x-content-type-options:
      - nosniff
      x-ms-operation-identifier:
      - tenantId=54826b22-38d6-4fb2-bad9-b7b93a3e9c5a,objectId=a7250e3a-0e5e-48e2-9a34-45f1f5e1a91e/eastus2euap/2ffbcf0a-dbe9-4e05-9aed-62b044025251
      x-ms-ratelimit-remaining-subscription-global-reads:
      - '3748'
    status:
      code: 404
      message: Not Found
- request:
    body: null
    headers:
      Accept:
      - application/json
      Accept-Encoding:
      - gzip, deflate
      CommandName:
      - storage share-rm delete
      Connection:
      - keep-alive
      Content-Length:
      - '0'
      ParameterSetName:
      - --storage-account -g -n -y
      User-Agent:
      - AZURECLI/2.61.0 azsdk-python-core/1.28.0 Python/3.9.13 (Windows-10-10.0.19045-SP0)
    method: DELETE
    uri: https://management.azure.com/subscriptions/00000000-0000-0000-0000-000000000000/resourceGroups/cli_snapshot000001/providers/Microsoft.Storage/storageAccounts/snapshot000002/fileServices/default/shares/share000003?api-version=2023-05-01&$include=none
  response:
    body:
      string: ''
    headers:
      cache-control:
      - no-cache
      content-length:
      - '0'
      content-type:
      - text/plain; charset=utf-8
      date:
      - Thu, 20 Jun 2024 04:27:09 GMT
      expires:
      - '-1'
      pragma:
      - no-cache
      server:
      - Microsoft-Azure-Storage-Resource-Provider/1.0,Microsoft-HTTPAPI/2.0 Microsoft-HTTPAPI/2.0
      strict-transport-security:
      - max-age=31536000; includeSubDomains
      x-content-type-options:
      - nosniff
      x-ms-operation-identifier:
      - tenantId=54826b22-38d6-4fb2-bad9-b7b93a3e9c5a,objectId=a7250e3a-0e5e-48e2-9a34-45f1f5e1a91e/eastus2euap/bd41d79d-9884-4270-848b-9b586d92b5cb
      x-ms-ratelimit-remaining-subscription-deletes:
      - '199'
      x-ms-ratelimit-remaining-subscription-global-deletes:
      - '2999'
    status:
      code: 200
      message: OK
- request:
    body: null
    headers:
      Accept:
      - application/json
      Accept-Encoding:
      - gzip, deflate
      CommandName:
      - storage share-rm list
      Connection:
      - keep-alive
      ParameterSetName:
      - --storage-account -g --include-deleted --include-snapshot
      User-Agent:
      - AZURECLI/2.61.0 azsdk-python-core/1.28.0 Python/3.9.13 (Windows-10-10.0.19045-SP0)
    method: GET
    uri: https://management.azure.com/subscriptions/00000000-0000-0000-0000-000000000000/resourceGroups/cli_snapshot000001/providers/Microsoft.Storage/storageAccounts/snapshot000002/fileServices/default/shares?api-version=2023-05-01&$expand=deleted%2Csnapshots
  response:
    body:
      string: '{"value":[{"id":"/subscriptions/00000000-0000-0000-0000-000000000000/resourceGroups/cli_snapshot000001/providers/Microsoft.Storage/storageAccounts/snapshot000002/fileServices/default/shares/share000003_01DAC2CA16A25ECB","name":"share000003","type":"Microsoft.Storage/storageAccounts/fileServices/shares","etag":"\"0x8DC90E1391C6B90\"","properties":{"leaseStatus":"unlocked","leaseState":"broken","version":"01DAC2CA16A25ECB","deleted":true,"deletedTime":"2024-06-20T04:27:10.0000000Z","remainingRetentionDays":7,"accessTier":"TransactionOptimized","accessTierChangeTime":"2024-06-20T04:26:57.0000000Z","lastModifiedTime":"2024-06-20T04:26:57.0000000Z","shareQuota":102400,"enabledProtocols":"SMB"}}]}'
    headers:
      cache-control:
      - no-cache
      content-length:
      - '700'
      content-type:
      - application/json
      date:
      - Thu, 20 Jun 2024 04:27:11 GMT
      expires:
      - '-1'
      pragma:
      - no-cache
      server:
      - Microsoft-Azure-Storage-Resource-Provider/1.0,Microsoft-HTTPAPI/2.0 Microsoft-HTTPAPI/2.0
      strict-transport-security:
      - max-age=31536000; includeSubDomains
      x-content-type-options:
      - nosniff
      x-ms-operation-identifier:
      - tenantId=54826b22-38d6-4fb2-bad9-b7b93a3e9c5a,objectId=a7250e3a-0e5e-48e2-9a34-45f1f5e1a91e/eastus2euap/eadc2628-a1fa-4795-abec-bd38e1eae4f0
      x-ms-ratelimit-remaining-subscription-global-reads:
      - '3747'
    status:
      code: 200
      message: OK
version: 1
