interactions:
- request:
    body: null
    headers:
      Accept:
      - application/json
      Accept-Encoding:
      - gzip, deflate
      CommandName:
      - storage account keys list
      Connection:
      - keep-alive
      Content-Length:
      - '0'
      ParameterSetName:
      - -n -g --query -o
      User-Agent:
      - AZURECLI/2.42.0 azsdk-python-azure-mgmt-storage/21.0.0 Python/3.10.8 (Linux-5.15.0-1022-azure-x86_64-with-glibc2.31)
        VSTS_7b238909-6802-4b65-b90d-184bca47f458_build_220_0
    method: POST
    uri: https://management.azure.com/subscriptions/00000000-0000-0000-0000-000000000000/resourceGroups/clitest000001/providers/Microsoft.Storage/storageAccounts/share000002/listKeys?api-version=2022-09-01&$expand=kerb
  response:
    body:
      string: '{"keys":[{"creationTime":"2022-11-18T07:06:57.9706435Z","keyName":"key1","value":"veryFakedStorageAccountKey==","permissions":"FULL"},{"creationTime":"2022-11-18T07:06:57.9706435Z","keyName":"key2","value":"veryFakedStorageAccountKey==","permissions":"FULL"}]}'
    headers:
      cache-control:
      - no-cache
      content-length:
      - '260'
      content-type:
      - application/json
      date:
      - Fri, 18 Nov 2022 07:07:17 GMT
      expires:
      - '-1'
      pragma:
      - no-cache
      server:
      - Microsoft-Azure-Storage-Resource-Provider/1.0,Microsoft-HTTPAPI/2.0 Microsoft-HTTPAPI/2.0
      strict-transport-security:
      - max-age=31536000; includeSubDomains
      transfer-encoding:
      - chunked
      vary:
      - Accept-Encoding
      x-content-type-options:
      - nosniff
      x-ms-ratelimit-remaining-subscription-resource-requests:
      - '11999'
    status:
      code: 200
      message: OK
- request:
    body: null
    headers:
      Accept:
      - application/json
      Accept-Encoding:
      - gzip, deflate
      CommandName:
      - storage account show-connection-string
      Connection:
      - keep-alive
      Content-Length:
      - '0'
      ParameterSetName:
      - -n -g --query -o
      User-Agent:
      - AZURECLI/2.42.0 azsdk-python-azure-mgmt-storage/21.0.0 Python/3.10.8 (Linux-5.15.0-1022-azure-x86_64-with-glibc2.31)
        VSTS_7b238909-6802-4b65-b90d-184bca47f458_build_220_0
    method: POST
    uri: https://management.azure.com/subscriptions/00000000-0000-0000-0000-000000000000/resourceGroups/clitest000001/providers/Microsoft.Storage/storageAccounts/share000002/listKeys?api-version=2022-09-01&$expand=kerb
  response:
    body:
      string: '{"keys":[{"creationTime":"2022-11-18T07:06:57.9706435Z","keyName":"key1","value":"veryFakedStorageAccountKey==","permissions":"FULL"},{"creationTime":"2022-11-18T07:06:57.9706435Z","keyName":"key2","value":"veryFakedStorageAccountKey==","permissions":"FULL"}]}'
    headers:
      cache-control:
      - no-cache
      content-length:
      - '260'
      content-type:
      - application/json
      date:
      - Fri, 18 Nov 2022 07:07:18 GMT
      expires:
      - '-1'
      pragma:
      - no-cache
      server:
      - Microsoft-Azure-Storage-Resource-Provider/1.0,Microsoft-HTTPAPI/2.0 Microsoft-HTTPAPI/2.0
      strict-transport-security:
      - max-age=31536000; includeSubDomains
      transfer-encoding:
      - chunked
      vary:
      - Accept-Encoding
      x-content-type-options:
      - nosniff
      x-ms-ratelimit-remaining-subscription-resource-requests:
      - '11999'
    status:
      code: 200
      message: OK
- request:
    body: null
    headers:
      Accept:
      - application/json
      Accept-Encoding:
      - gzip, deflate
      CommandName:
      - storage account show-connection-string
      Connection:
      - keep-alive
      ParameterSetName:
      - -n -g --query -o
      User-Agent:
      - AZURECLI/2.42.0 azsdk-python-azure-mgmt-storage/21.0.0 Python/3.10.8 (Linux-5.15.0-1022-azure-x86_64-with-glibc2.31)
        VSTS_7b238909-6802-4b65-b90d-184bca47f458_build_220_0
    method: GET
    uri: https://management.azure.com/subscriptions/00000000-0000-0000-0000-000000000000/resourceGroups/clitest000001/providers/Microsoft.Storage/storageAccounts/share000002?api-version=2022-09-01
  response:
    body:
      string: '{"sku":{"name":"Standard_RAGRS","tier":"Standard"},"kind":"StorageV2","id":"/subscriptions/00000000-0000-0000-0000-000000000000/resourceGroups/clitest000001/providers/Microsoft.Storage/storageAccounts/share000002","name":"share000002","type":"Microsoft.Storage/storageAccounts","location":"eastus2","tags":{},"properties":{"keyCreationTime":{"key1":"2022-11-18T07:06:57.9706435Z","key2":"2022-11-18T07:06:57.9706435Z"},"privateEndpointConnections":[],"minimumTlsVersion":"TLS1_0","allowBlobPublicAccess":false,"networkAcls":{"bypass":"AzureServices","virtualNetworkRules":[],"ipRules":[],"defaultAction":"Allow"},"supportsHttpsTrafficOnly":true,"encryption":{"services":{"file":{"keyType":"Account","enabled":true,"lastEnabledTime":"2022-11-18T07:06:58.5800448Z"},"blob":{"keyType":"Account","enabled":true,"lastEnabledTime":"2022-11-18T07:06:58.5800448Z"}},"keySource":"Microsoft.Storage"},"accessTier":"Hot","provisioningState":"Succeeded","creationTime":"2022-11-18T07:06:57.8299857Z","primaryEndpoints":{"dfs":"https://share000002.dfs.core.windows.net/","web":"https://share000002.z20.web.core.windows.net/","blob":"https://share000002.blob.core.windows.net/","queue":"https://share000002.queue.core.windows.net/","table":"https://share000002.table.core.windows.net/","file":"https://share000002.file.core.windows.net/"},"primaryLocation":"eastus2","statusOfPrimary":"available","secondaryLocation":"centralus","statusOfSecondary":"available","secondaryEndpoints":{"dfs":"https://share000002-secondary.dfs.core.windows.net/","web":"https://share000002-secondary.z20.web.core.windows.net/","blob":"https://share000002-secondary.blob.core.windows.net/","queue":"https://share000002-secondary.queue.core.windows.net/","table":"https://share000002-secondary.table.core.windows.net/"}}}'
    headers:
      cache-control:
      - no-cache
      content-length:
      - '1785'
      content-type:
      - application/json
      date:
      - Fri, 18 Nov 2022 07:07:18 GMT
      expires:
      - '-1'
      pragma:
      - no-cache
      server:
      - Microsoft-Azure-Storage-Resource-Provider/1.0,Microsoft-HTTPAPI/2.0 Microsoft-HTTPAPI/2.0
      strict-transport-security:
      - max-age=31536000; includeSubDomains
      transfer-encoding:
      - chunked
      vary:
      - Accept-Encoding
      x-content-type-options:
      - nosniff
    status:
      code: 200
      message: OK
- request:
    body: null
    headers:
      Accept:
      - application/xml
      Accept-Encoding:
      - gzip, deflate
      CommandName:
      - storage share create
      Connection:
      - keep-alive
      Content-Length:
      - '0'
      ParameterSetName:
      - -n --account-name --account-key
      User-Agent:
      - AZURECLI/2.42.0 azsdk-python-storage-file-share/12.10.0b1 Python/3.10.8 (Linux-5.15.0-1022-azure-x86_64-with-glibc2.31)
        VSTS_7b238909-6802-4b65-b90d-184bca47f458_build_220_0
      x-ms-date:
      - Fri, 18 Nov 2022 07:07:18 GMT
      x-ms-version:
      - '2021-06-08'
    method: PUT
    uri: https://share000002.file.core.windows.net/share000004?restype=share
  response:
    body:
      string: ''
    headers:
      content-length:
      - '0'
      date:
      - Fri, 18 Nov 2022 07:07:18 GMT
      etag:
      - '"0x8DAC9338814BB5F"'
      last-modified:
      - Fri, 18 Nov 2022 07:07:18 GMT
      server:
      - Windows-Azure-File/1.0 Microsoft-HTTPAPI/2.0
      x-ms-version:
      - '2021-06-08'
    status:
      code: 201
      message: Created
- request:
    body: null
    headers:
      Accept:
      - application/xml
      Accept-Encoding:
      - gzip, deflate
      CommandName:
      - storage share create
      Connection:
      - keep-alive
      Content-Length:
      - '0'
      ParameterSetName:
      - -n --fail-on-exist --metadata --account-name --account-key
      User-Agent:
      - AZURECLI/2.42.0 azsdk-python-storage-file-share/12.10.0b1 Python/3.10.8 (Linux-5.15.0-1022-azure-x86_64-with-glibc2.31)
        VSTS_7b238909-6802-4b65-b90d-184bca47f458_build_220_0
      x-ms-date:
      - Fri, 18 Nov 2022 07:07:19 GMT
      x-ms-meta:
      - '{''foo'': ''bar'', ''cat'': ''hat''}'
      x-ms-meta-cat:
      - hat
      x-ms-meta-foo:
      - bar
      x-ms-version:
      - '2021-06-08'
    method: PUT
    uri: https://share000002.file.core.windows.net/share000003?restype=share
  response:
    body:
      string: ''
    headers:
      content-length:
      - '0'
      date:
      - Fri, 18 Nov 2022 07:07:18 GMT
      etag:
      - '"0x8DAC933884277B7"'
      last-modified:
      - Fri, 18 Nov 2022 07:07:19 GMT
      server:
      - Windows-Azure-File/1.0 Microsoft-HTTPAPI/2.0
      x-ms-version:
      - '2021-06-08'
    status:
      code: 201
      message: Created
- request:
    body: null
    headers:
      Accept:
      - application/xml
      Accept-Encoding:
      - gzip, deflate
      CommandName:
      - storage share create
      Connection:
      - keep-alive
      Content-Length:
      - '0'
      ParameterSetName:
      - -n --fail-on-exist --connection-string --quota
      User-Agent:
      - AZURECLI/2.42.0 azsdk-python-storage-file-share/12.10.0b1 Python/3.10.8 (Linux-5.15.0-1022-azure-x86_64-with-glibc2.31)
        VSTS_7b238909-6802-4b65-b90d-184bca47f458_build_220_0
      x-ms-date:
      - Fri, 18 Nov 2022 07:07:19 GMT
      x-ms-share-quota:
      - '3'
      x-ms-version:
      - '2021-06-08'
    method: PUT
    uri: https://share000002.file.core.windows.net/share000003?restype=share
  response:
    body:
      string: "\uFEFF<?xml version=\"1.0\" encoding=\"utf-8\"?><Error><Code>ShareAlreadyExists</Code><Message>The
        specified share already exists.\nRequestId:36e9a76d-901a-0033-561c-fbc0c3000000\nTime:2022-11-18T07:07:19.5229335Z</Message></Error>"
    headers:
      content-length:
      - '220'
      content-type:
      - application/xml
      date:
      - Fri, 18 Nov 2022 07:07:18 GMT
      server:
      - Windows-Azure-File/1.0 Microsoft-HTTPAPI/2.0
      x-ms-error-code:
      - ShareAlreadyExists
      x-ms-version:
      - '2021-06-08'
    status:
      code: 409
      message: The specified share already exists.
- request:
    body: null
    headers:
      Accept:
      - application/xml
      Accept-Encoding:
      - gzip, deflate
      CommandName:
      - storage share exists
      Connection:
      - keep-alive
      ParameterSetName:
      - -n --account-name --account-key
      User-Agent:
      - AZURECLI/2.42.0 azsdk-python-storage-file-share/12.10.0b1 Python/3.10.8 (Linux-5.15.0-1022-azure-x86_64-with-glibc2.31)
        VSTS_7b238909-6802-4b65-b90d-184bca47f458_build_220_0
      x-ms-date:
      - Fri, 18 Nov 2022 07:07:19 GMT
      x-ms-version:
      - '2021-06-08'
    method: GET
    uri: https://share000002.file.core.windows.net/share000003?restype=share
  response:
    body:
      string: ''
    headers:
      content-length:
      - '0'
      date:
      - Fri, 18 Nov 2022 07:07:19 GMT
      etag:
      - '"0x8DAC933884277B7"'
      last-modified:
      - Fri, 18 Nov 2022 07:07:19 GMT
      server:
      - Windows-Azure-File/1.0 Microsoft-HTTPAPI/2.0
      x-ms-access-tier:
      - TransactionOptimized
      x-ms-access-tier-change-time:
      - Fri, 18 Nov 2022 07:07:19 GMT
      x-ms-has-immutability-policy:
      - 'false'
      x-ms-has-legal-hold:
      - 'false'
      x-ms-lease-state:
      - available
      x-ms-lease-status:
      - unlocked
      x-ms-meta-cat:
      - hat
      x-ms-meta-foo:
      - bar
      x-ms-share-quota:
      - '5120'
      x-ms-version:
      - '2021-06-08'
    status:
      code: 200
      message: OK
- request:
    body: null
    headers:
      Accept:
      - application/xml
      Accept-Encoding:
      - gzip, deflate
      CommandName:
      - storage share list
      Connection:
      - keep-alive
      ParameterSetName:
      - --query --account-name --account-key
      User-Agent:
      - AZURECLI/2.42.0 azsdk-python-storage-file-share/12.10.0b1 Python/3.10.8 (Linux-5.15.0-1022-azure-x86_64-with-glibc2.31)
        VSTS_7b238909-6802-4b65-b90d-184bca47f458_build_220_0
      x-ms-date:
      - Fri, 18 Nov 2022 07:07:19 GMT
      x-ms-version:
      - '2021-06-08'
    method: GET
    uri: https://share000002.file.core.windows.net/?comp=list&maxresults=5000&include=
  response:
    body:
      string: "\uFEFF<?xml version=\"1.0\" encoding=\"utf-8\"?><EnumerationResults
        ServiceEndpoint=\"https://share000002.file.core.windows.net/\"><MaxResults>5000</MaxResults><Shares><Share><Name>share000003</Name><Properties><Last-Modified>Fri,
        18 Nov 2022 07:07:19 GMT</Last-Modified><Etag>\"0x8DAC933884277B7\"</Etag><LeaseStatus>unlocked</LeaseStatus><LeaseState>available</LeaseState><Quota>5120</Quota><AccessTier>TransactionOptimized</AccessTier><AccessTierChangeTime>Fri,
        18 Nov 2022 07:07:19 GMT</AccessTierChangeTime><DefaultEncryptionScope>$account-encryption-key</DefaultEncryptionScope><DenyEncryptionScopeOverride>false</DenyEncryptionScopeOverride></Properties></Share><Share><Name>share000004</Name><Properties><Last-Modified>Fri,
        18 Nov 2022 07:07:18 GMT</Last-Modified><Etag>\"0x8DAC9338814BB5F\"</Etag><LeaseStatus>unlocked</LeaseStatus><LeaseState>available</LeaseState><Quota>5120</Quota><AccessTier>TransactionOptimized</AccessTier><AccessTierChangeTime>Fri,
        18 Nov 2022 07:07:18 GMT</AccessTierChangeTime><DefaultEncryptionScope>$account-encryption-key</DefaultEncryptionScope><DenyEncryptionScopeOverride>false</DenyEncryptionScopeOverride></Properties></Share></Shares><NextMarker
        /></EnumerationResults>"
    headers:
      content-type:
      - application/xml
      date:
      - Fri, 18 Nov 2022 07:07:19 GMT
      server:
      - Windows-Azure-File/1.0 Microsoft-HTTPAPI/2.0
      transfer-encoding:
      - chunked
      x-ms-version:
      - '2021-06-08'
    status:
      code: 200
      message: OK
- request:
    body: null
    headers:
      Accept:
      - application/xml
      Accept-Encoding:
      - gzip, deflate
      CommandName:
      - storage share list
      Connection:
      - keep-alive
      ParameterSetName:
      - --connection-string --query --account-name --account-key
      User-Agent:
      - AZURECLI/2.42.0 azsdk-python-storage-file-share/12.10.0b1 Python/3.10.8 (Linux-5.15.0-1022-azure-x86_64-with-glibc2.31)
        VSTS_7b238909-6802-4b65-b90d-184bca47f458_build_220_0
      x-ms-date:
      - Fri, 18 Nov 2022 07:07:20 GMT
      x-ms-version:
      - '2021-06-08'
    method: GET
    uri: https://share000002.file.core.windows.net/?comp=list&maxresults=5000&include=
  response:
    body:
      string: "\uFEFF<?xml version=\"1.0\" encoding=\"utf-8\"?><EnumerationResults
        ServiceEndpoint=\"https://share000002.file.core.windows.net/\"><MaxResults>5000</MaxResults><Shares><Share><Name>share000003</Name><Properties><Last-Modified>Fri,
        18 Nov 2022 07:07:19 GMT</Last-Modified><Etag>\"0x8DAC933884277B7\"</Etag><LeaseStatus>unlocked</LeaseStatus><LeaseState>available</LeaseState><Quota>5120</Quota><AccessTier>TransactionOptimized</AccessTier><AccessTierChangeTime>Fri,
        18 Nov 2022 07:07:19 GMT</AccessTierChangeTime><DefaultEncryptionScope>$account-encryption-key</DefaultEncryptionScope><DenyEncryptionScopeOverride>false</DenyEncryptionScopeOverride></Properties></Share><Share><Name>share000004</Name><Properties><Last-Modified>Fri,
        18 Nov 2022 07:07:18 GMT</Last-Modified><Etag>\"0x8DAC9338814BB5F\"</Etag><LeaseStatus>unlocked</LeaseStatus><LeaseState>available</LeaseState><Quota>5120</Quota><AccessTier>TransactionOptimized</AccessTier><AccessTierChangeTime>Fri,
        18 Nov 2022 07:07:18 GMT</AccessTierChangeTime><DefaultEncryptionScope>$account-encryption-key</DefaultEncryptionScope><DenyEncryptionScopeOverride>false</DenyEncryptionScopeOverride></Properties></Share></Shares><NextMarker
        /></EnumerationResults>"
    headers:
      content-type:
      - application/xml
      date:
      - Fri, 18 Nov 2022 07:07:19 GMT
      server:
      - Windows-Azure-File/1.0 Microsoft-HTTPAPI/2.0
      transfer-encoding:
      - chunked
      x-ms-version:
      - '2021-06-08'
    status:
      code: 200
      message: OK
- request:
    body: null
    headers:
      Accept:
      - application/xml
      Accept-Encoding:
      - gzip, deflate
      CommandName:
      - storage share delete
      Connection:
      - keep-alive
      Content-Length:
      - '0'
      ParameterSetName:
      - -n --connection-string
      User-Agent:
      - AZURECLI/2.42.0 azsdk-python-storage-file-share/12.10.0b1 Python/3.10.8 (Linux-5.15.0-1022-azure-x86_64-with-glibc2.31)
        VSTS_7b238909-6802-4b65-b90d-184bca47f458_build_220_0
      x-ms-date:
      - Fri, 18 Nov 2022 07:07:20 GMT
      x-ms-version:
      - '2021-06-08'
    method: DELETE
    uri: https://share000002.file.core.windows.net/share000003?restype=share
  response:
    body:
      string: ''
    headers:
      content-length:
      - '0'
      date:
      - Fri, 18 Nov 2022 07:07:20 GMT
      server:
      - Windows-Azure-File/1.0 Microsoft-HTTPAPI/2.0
      x-ms-version:
      - '2021-06-08'
    status:
      code: 202
      message: Accepted
- request:
    body: null
    headers:
      Accept:
      - application/xml
      Accept-Encoding:
      - gzip, deflate
      CommandName:
      - storage share exists
      Connection:
      - keep-alive
      ParameterSetName:
      - -n --connection-string
      User-Agent:
      - AZURECLI/2.42.0 azsdk-python-storage-file-share/12.10.0b1 Python/3.10.8 (Linux-5.15.0-1022-azure-x86_64-with-glibc2.31)
        VSTS_7b238909-6802-4b65-b90d-184bca47f458_build_220_0
      x-ms-date:
      - Fri, 18 Nov 2022 07:07:20 GMT
      x-ms-version:
      - '2021-06-08'
    method: GET
    uri: https://share000002.file.core.windows.net/share000003?restype=share
  response:
    body:
      string: "\uFEFF<?xml version=\"1.0\" encoding=\"utf-8\"?><Error><Code>ShareNotFound</Code><Message>The
        specified share does not exist.\nRequestId:2d2facfc-e01a-0064-521c-fb6ef0000000\nTime:2022-11-18T07:07:20.7172650Z</Message></Error>"
    headers:
      content-length:
      - '215'
      content-type:
      - application/xml
      date:
      - Fri, 18 Nov 2022 07:07:19 GMT
      server:
      - Windows-Azure-File/1.0 Microsoft-HTTPAPI/2.0
      x-ms-error-code:
      - ShareNotFound
      x-ms-version:
      - '2021-06-08'
    status:
      code: 404
      message: The specified share does not exist.
- request:
    body: null
    headers:
      Accept:
      - application/xml
      Accept-Encoding:
      - gzip, deflate
      CommandName:
      - storage share delete
      Connection:
      - keep-alive
      Content-Length:
      - '0'
      ParameterSetName:
      - -n --fail-not-exist --account-name --account-key
      User-Agent:
      - AZURECLI/2.42.0 azsdk-python-storage-file-share/12.10.0b1 Python/3.10.8 (Linux-5.15.0-1022-azure-x86_64-with-glibc2.31)
        VSTS_7b238909-6802-4b65-b90d-184bca47f458_build_220_0
      x-ms-date:
      - Fri, 18 Nov 2022 07:07:20 GMT
      x-ms-version:
      - '2021-06-08'
    method: DELETE
    uri: https://share000002.file.core.windows.net/share000005?restype=share
  response:
    body:
      string: "\uFEFF<?xml version=\"1.0\" encoding=\"utf-8\"?><Error><Code>ShareNotFound</Code><Message>The
        specified share does not exist.\nRequestId:a0f08e0e-101a-0060-351c-fbe3f7000000\nTime:2022-11-18T07:07:20.8772300Z</Message></Error>"
    headers:
      content-length:
      - '215'
      content-type:
      - application/xml
      date:
      - Fri, 18 Nov 2022 07:07:20 GMT
      server:
      - Windows-Azure-File/1.0 Microsoft-HTTPAPI/2.0
      x-ms-error-code:
      - ShareNotFound
      x-ms-version:
      - '2021-06-08'
    status:
      code: 404
      message: The specified share does not exist.
- request:
    body: null
    headers:
      Accept:
      - application/xml
      Accept-Encoding:
      - gzip, deflate
      CommandName:
      - storage share update
      Connection:
      - keep-alive
      Content-Length:
      - '0'
      ParameterSetName:
      - --name --quota --account-name --account-key
      User-Agent:
      - AZURECLI/2.42.0 azsdk-python-storage-file-share/12.10.0b1 Python/3.10.8 (Linux-5.15.0-1022-azure-x86_64-with-glibc2.31)
        VSTS_7b238909-6802-4b65-b90d-184bca47f458_build_220_0
      x-ms-date:
      - Fri, 18 Nov 2022 07:07:20 GMT
      x-ms-share-quota:
      - '3'
      x-ms-version:
      - '2021-06-08'
    method: PUT
    uri: https://share000002.file.core.windows.net/share000004?restype=share&comp=properties
  response:
    body:
      string: ''
    headers:
      content-length:
      - '0'
      date:
      - Fri, 18 Nov 2022 07:07:20 GMT
      etag:
      - '"0x8DAC93389582AD9"'
      last-modified:
      - Fri, 18 Nov 2022 07:07:21 GMT
      server:
      - Windows-Azure-File/1.0 Microsoft-HTTPAPI/2.0
      x-ms-version:
      - '2021-06-08'
    status:
      code: 200
      message: OK
- request:
    body: null
    headers:
      Accept:
      - application/xml
      Accept-Encoding:
      - gzip, deflate
      CommandName:
      - storage share show
      Connection:
      - keep-alive
      ParameterSetName:
      - --name --account-name --account-key
      User-Agent:
      - AZURECLI/2.42.0 azsdk-python-storage-file-share/12.10.0b1 Python/3.10.8 (Linux-5.15.0-1022-azure-x86_64-with-glibc2.31)
        VSTS_7b238909-6802-4b65-b90d-184bca47f458_build_220_0
      x-ms-date:
      - Fri, 18 Nov 2022 07:07:21 GMT
      x-ms-version:
      - '2021-06-08'
    method: GET
    uri: https://share000002.file.core.windows.net/share000004?restype=share
  response:
    body:
      string: ''
    headers:
      content-length:
      - '0'
      date:
      - Fri, 18 Nov 2022 07:07:21 GMT
      etag:
      - '"0x8DAC93389582AD9"'
      last-modified:
      - Fri, 18 Nov 2022 07:07:21 GMT
      server:
      - Windows-Azure-File/1.0 Microsoft-HTTPAPI/2.0
      x-ms-access-tier:
      - TransactionOptimized
      x-ms-access-tier-change-time:
      - Fri, 18 Nov 2022 07:07:18 GMT
      x-ms-has-immutability-policy:
      - 'false'
      x-ms-has-legal-hold:
      - 'false'
      x-ms-lease-state:
      - available
      x-ms-lease-status:
      - unlocked
      x-ms-share-quota:
      - '3'
      x-ms-version:
      - '2021-06-08'
    status:
      code: 200
      message: OK
version: 1
