interactions:
- request:
    body: null
    headers:
      Accept:
      - application/json
      Accept-Encoding:
      - gzip, deflate
      CommandName:
      - storage account blob-service-properties show
      Connection:
      - keep-alive
      ParameterSetName:
      - -n -g
      User-Agent:
      - AZURECLI/2.22.0 azsdk-python-azure-mgmt-storage/17.1.0 Python/3.7.9 (Windows-10-10.0.19041-SP0)
    method: GET
    uri: https://management.azure.com/subscriptions/00000000-0000-0000-0000-000000000000/resourceGroups/clitest.rg000001/providers/Microsoft.Storage/storageAccounts/clitest000002/blobServices/default?api-version=2021-02-01
  response:
    body:
      string: '{"sku":{"name":"Standard_LRS","tier":"Standard"},"id":"/subscriptions/00000000-0000-0000-0000-000000000000/resourceGroups/clitest.rg000001/providers/Microsoft.Storage/storageAccounts/clitest000002/blobServices/default","name":"default","type":"Microsoft.Storage/storageAccounts/blobServices","properties":{"cors":{"corsRules":[]},"deleteRetentionPolicy":{"enabled":false}}}'
    headers:
      cache-control:
      - no-cache
      content-length:
      - '443'
      content-type:
      - application/json
      date:
      - Mon, 19 Apr 2021 10:57:17 GMT
      expires:
      - '-1'
      pragma:
      - no-cache
      server:
      - Microsoft-Azure-Storage-Resource-Provider/1.0,Microsoft-HTTPAPI/2.0 Microsoft-HTTPAPI/2.0
      strict-transport-security:
      - max-age=31536000; includeSubDomains
      transfer-encoding:
      - chunked
      vary:
      - Accept-Encoding
      x-content-type-options:
      - nosniff
    status:
      code: 200
      message: OK
- request:
    body: null
    headers:
      Accept:
      - application/json
      Accept-Encoding:
      - gzip, deflate
      CommandName:
      - storage account blob-service-properties update
      Connection:
      - keep-alive
      ParameterSetName:
      - --default-service-version -n -g
      User-Agent:
      - AZURECLI/2.22.0 azsdk-python-azure-mgmt-storage/17.1.0 Python/3.7.9 (Windows-10-10.0.19041-SP0)
    method: GET
    uri: https://management.azure.com/subscriptions/00000000-0000-0000-0000-000000000000/resourceGroups/clitest.rg000001/providers/Microsoft.Storage/storageAccounts/clitest000002/blobServices/default?api-version=2021-02-01
  response:
    body:
      string: '{"sku":{"name":"Standard_LRS","tier":"Standard"},"id":"/subscriptions/00000000-0000-0000-0000-000000000000/resourceGroups/clitest.rg000001/providers/Microsoft.Storage/storageAccounts/clitest000002/blobServices/default","name":"default","type":"Microsoft.Storage/storageAccounts/blobServices","properties":{"cors":{"corsRules":[]},"deleteRetentionPolicy":{"enabled":false}}}'
    headers:
      cache-control:
      - no-cache
      content-length:
      - '443'
      content-type:
      - application/json
      date:
      - Mon, 19 Apr 2021 10:57:18 GMT
      expires:
      - '-1'
      pragma:
      - no-cache
      server:
      - Microsoft-Azure-Storage-Resource-Provider/1.0,Microsoft-HTTPAPI/2.0 Microsoft-HTTPAPI/2.0
      strict-transport-security:
      - max-age=31536000; includeSubDomains
      transfer-encoding:
      - chunked
      vary:
      - Accept-Encoding
      x-content-type-options:
      - nosniff
    status:
      code: 200
      message: OK
- request:
    body: '{"properties": {"cors": {"corsRules": []}, "defaultServiceVersion": "2018-11-09",
      "deleteRetentionPolicy": {"enabled": false}}}'
    headers:
      Accept:
      - application/json
      Accept-Encoding:
      - gzip, deflate
      CommandName:
      - storage account blob-service-properties update
      Connection:
      - keep-alive
      Content-Length:
      - '127'
      Content-Type:
      - application/json
      ParameterSetName:
      - --default-service-version -n -g
      User-Agent:
      - AZURECLI/2.22.0 azsdk-python-azure-mgmt-storage/17.1.0 Python/3.7.9 (Windows-10-10.0.19041-SP0)
    method: PUT
    uri: https://management.azure.com/subscriptions/00000000-0000-0000-0000-000000000000/resourceGroups/clitest.rg000001/providers/Microsoft.Storage/storageAccounts/clitest000002/blobServices/default?api-version=2021-02-01
  response:
    body:
      string: '{"id":"/subscriptions/00000000-0000-0000-0000-000000000000/resourceGroups/clitest.rg000001/providers/Microsoft.Storage/storageAccounts/clitest000002/blobServices/default","name":"default","type":"Microsoft.Storage/storageAccounts/blobServices","properties":{"cors":{"corsRules":[]},"defaultServiceVersion":"2018-11-09","deleteRetentionPolicy":{"enabled":false}}}'
    headers:
      cache-control:
      - no-cache
      content-length:
      - '432'
      content-type:
      - application/json
      date:
      - Mon, 19 Apr 2021 10:57:19 GMT
      expires:
      - '-1'
      pragma:
      - no-cache
      server:
      - Microsoft-Azure-Storage-Resource-Provider/1.0,Microsoft-HTTPAPI/2.0 Microsoft-HTTPAPI/2.0
      strict-transport-security:
      - max-age=31536000; includeSubDomains
      transfer-encoding:
      - chunked
      vary:
      - Accept-Encoding
      x-content-type-options:
      - nosniff
      x-ms-ratelimit-remaining-subscription-writes:
      - '1196'
    status:
      code: 200
      message: OK
- request:
    body: null
    headers:
      Accept:
      - application/json
      Accept-Encoding:
      - gzip, deflate
      CommandName:
      - storage account blob-service-properties show
      Connection:
      - keep-alive
      ParameterSetName:
      - -n -g
      User-Agent:
      - AZURECLI/2.22.0 azsdk-python-azure-mgmt-storage/17.1.0 Python/3.7.9 (Windows-10-10.0.19041-SP0)
    method: GET
    uri: https://management.azure.com/subscriptions/00000000-0000-0000-0000-000000000000/resourceGroups/clitest.rg000001/providers/Microsoft.Storage/storageAccounts/clitest000002/blobServices/default?api-version=2021-02-01
  response:
    body:
      string: '{"sku":{"name":"Standard_LRS","tier":"Standard"},"id":"/subscriptions/00000000-0000-0000-0000-000000000000/resourceGroups/clitest.rg000001/providers/Microsoft.Storage/storageAccounts/clitest000002/blobServices/default","name":"default","type":"Microsoft.Storage/storageAccounts/blobServices","properties":{"cors":{"corsRules":[]},"defaultServiceVersion":"2018-11-09","deleteRetentionPolicy":{"enabled":false}}}'
    headers:
      cache-control:
      - no-cache
      content-length:
      - '480'
      content-type:
      - application/json
      date:
      - Mon, 19 Apr 2021 10:57:20 GMT
      expires:
      - '-1'
      pragma:
      - no-cache
      server:
      - Microsoft-Azure-Storage-Resource-Provider/1.0,Microsoft-HTTPAPI/2.0 Microsoft-HTTPAPI/2.0
      strict-transport-security:
      - max-age=31536000; includeSubDomains
      transfer-encoding:
      - chunked
      vary:
      - Accept-Encoding
      x-content-type-options:
      - nosniff
    status:
      code: 200
      message: OK
version: 1
