interactions:
- request:
    body: null
    headers:
      Accept:
      - application/json
      Accept-Encoding:
      - gzip, deflate
      CommandName:
      - storage account create
      Connection:
      - keep-alive
      ParameterSetName:
      - -n -g
      User-Agent:
      - AZURECLI/2.50.0 (PIP) azsdk-python-azure-mgmt-resource/23.1.0b2 Python/3.9.6
        (Windows-10-10.0.19045-SP0)
    method: GET
    uri: https://management.azure.com/subscriptions/00000000-0000-0000-0000-000000000000/resourcegroups/clitest.rg000001?api-version=2022-09-01
  response:
    body:
      string: '{"id":"/subscriptions/00000000-0000-0000-0000-000000000000/resourceGroups/clitest.rg000001","name":"clitest.rg000001","type":"Microsoft.Resources/resourceGroups","location":"westus","tags":{"product":"azurecli","cause":"automation","test":"test_storage_account_with_default_share_permission","date":"2023-07-06T03:24:03Z","module":"storage"},"properties":{"provisioningState":"Succeeded"}}'
    headers:
      cache-control:
      - no-cache
      content-length:
      - '389'
      content-type:
      - application/json; charset=utf-8
      date:
      - Thu, 06 Jul 2023 03:24:05 GMT
      expires:
      - '-1'
      pragma:
      - no-cache
      strict-transport-security:
      - max-age=31536000; includeSubDomains
      vary:
      - Accept-Encoding
      x-content-type-options:
      - nosniff
    status:
      code: 200
      message: OK
- request:
    body: '{"sku": {"name": "Standard_RAGRS"}, "kind": "StorageV2", "location": "westus",
      "properties": {"encryption": {"services": {"blob": {}}, "keySource": "Microsoft.Storage"}}}'
    headers:
      Accept:
      - application/json
      Accept-Encoding:
      - gzip, deflate
      CommandName:
      - storage account create
      Connection:
      - keep-alive
      Content-Length:
      - '170'
      Content-Type:
      - application/json
      ParameterSetName:
      - -n -g
      User-Agent:
      - AZURECLI/2.50.0 (PIP) azsdk-python-azure-mgmt-storage/0.1.0 Python/3.9.6 (Windows-10-10.0.19045-SP0)
    method: PUT
    uri: https://management.azure.com/subscriptions/00000000-0000-0000-0000-000000000000/resourceGroups/clitest.rg000001/providers/Microsoft.Storage/storageAccounts/cli000002?api-version=2023-01-01
  response:
    body:
      string: ''
    headers:
      cache-control:
      - no-cache
      content-length:
      - '0'
      content-type:
      - text/plain; charset=utf-8
      date:
      - Thu, 06 Jul 2023 03:24:11 GMT
      expires:
      - '-1'
      location:
      - https://management.azure.com/subscriptions/00000000-0000-0000-0000-000000000000/providers/Microsoft.Storage/locations/westus/asyncoperations/e1bf7a93-d8d0-48f9-b415-d0d8ea9e6e15?monitor=true&api-version=2023-01-01
      pragma:
      - no-cache
      server:
      - Microsoft-Azure-Storage-Resource-Provider/1.0,Microsoft-HTTPAPI/2.0 Microsoft-HTTPAPI/2.0
      strict-transport-security:
      - max-age=31536000; includeSubDomains
      x-content-type-options:
      - nosniff
      x-ms-ratelimit-remaining-subscription-writes:
      - '1173'
    status:
      code: 202
      message: Accepted
- request:
    body: null
    headers:
      Accept:
      - '*/*'
      Accept-Encoding:
      - gzip, deflate
      CommandName:
      - storage account create
      Connection:
      - keep-alive
      ParameterSetName:
      - -n -g
      User-Agent:
      - AZURECLI/2.50.0 (PIP) azsdk-python-azure-mgmt-storage/0.1.0 Python/3.9.6 (Windows-10-10.0.19045-SP0)
    method: GET
    uri: https://management.azure.com/subscriptions/00000000-0000-0000-0000-000000000000/providers/Microsoft.Storage/locations/westus/asyncoperations/e1bf7a93-d8d0-48f9-b415-d0d8ea9e6e15?monitor=true&api-version=2023-01-01
  response:
    body:
      string: ''
    headers:
      cache-control:
      - no-cache
      content-length:
      - '0'
      content-type:
      - text/plain; charset=utf-8
      date:
      - Thu, 06 Jul 2023 03:24:11 GMT
      expires:
      - '-1'
      location:
      - https://management.azure.com/subscriptions/00000000-0000-0000-0000-000000000000/providers/Microsoft.Storage/locations/westus/asyncoperations/e1bf7a93-d8d0-48f9-b415-d0d8ea9e6e15?monitor=true&api-version=2023-01-01
      pragma:
      - no-cache
      server:
      - Microsoft-Azure-Storage-Resource-Provider/1.0,Microsoft-HTTPAPI/2.0 Microsoft-HTTPAPI/2.0
      strict-transport-security:
      - max-age=31536000; includeSubDomains
      x-content-type-options:
      - nosniff
    status:
      code: 202
      message: Accepted
- request:
    body: null
    headers:
      Accept:
      - '*/*'
      Accept-Encoding:
      - gzip, deflate
      CommandName:
      - storage account create
      Connection:
      - keep-alive
      ParameterSetName:
      - -n -g
      User-Agent:
      - AZURECLI/2.50.0 (PIP) azsdk-python-azure-mgmt-storage/0.1.0 Python/3.9.6 (Windows-10-10.0.19045-SP0)
    method: GET
    uri: https://management.azure.com/subscriptions/00000000-0000-0000-0000-000000000000/providers/Microsoft.Storage/locations/westus/asyncoperations/e1bf7a93-d8d0-48f9-b415-d0d8ea9e6e15?monitor=true&api-version=2023-01-01
  response:
    body:
      string: '{"sku":{"name":"Standard_RAGRS","tier":"Standard"},"kind":"StorageV2","id":"/subscriptions/00000000-0000-0000-0000-000000000000/resourceGroups/clitest.rg000001/providers/Microsoft.Storage/storageAccounts/cli000002","name":"cli000002","type":"Microsoft.Storage/storageAccounts","location":"westus","tags":{},"properties":{"keyCreationTime":{"key1":"2023-07-06T03:24:08.1345033Z","key2":"2023-07-06T03:24:08.1345033Z"},"allowCrossTenantReplication":false,"privateEndpointConnections":[],"minimumTlsVersion":"TLS1_0","allowBlobPublicAccess":true,"networkAcls":{"ipv6Rules":[],"bypass":"AzureServices","virtualNetworkRules":[],"ipRules":[],"defaultAction":"Allow"},"supportsHttpsTrafficOnly":true,"encryption":{"services":{"file":{"keyType":"Account","enabled":true,"lastEnabledTime":"2023-07-06T03:24:08.1345033Z"},"blob":{"keyType":"Account","enabled":true,"lastEnabledTime":"2023-07-06T03:24:08.1345033Z"}},"keySource":"Microsoft.Storage"},"accessTier":"Hot","provisioningState":"Succeeded","creationTime":"2023-07-06T03:24:08.0251282Z","primaryEndpoints":{"dfs":"https://cli000002.dfs.core.windows.net/","web":"https://cli000002.z22.web.core.windows.net/","blob":"https://cli000002.blob.core.windows.net/","queue":"https://cli000002.queue.core.windows.net/","table":"https://cli000002.table.core.windows.net/","file":"https://cli000002.file.core.windows.net/"},"primaryLocation":"westus","statusOfPrimary":"available","secondaryLocation":"eastus","statusOfSecondary":"available","secondaryEndpoints":{"dfs":"https://cli000002-secondary.dfs.core.windows.net/","web":"https://cli000002-secondary.z22.web.core.windows.net/","blob":"https://cli000002-secondary.blob.core.windows.net/","queue":"https://cli000002-secondary.queue.core.windows.net/","table":"https://cli000002-secondary.table.core.windows.net/"}}}'
    headers:
      cache-control:
      - no-cache
      content-length:
      - '1807'
      content-type:
      - application/json
      date:
      - Thu, 06 Jul 2023 03:24:29 GMT
      expires:
      - '-1'
      pragma:
      - no-cache
      server:
      - Microsoft-Azure-Storage-Resource-Provider/1.0,Microsoft-HTTPAPI/2.0 Microsoft-HTTPAPI/2.0
      strict-transport-security:
      - max-age=31536000; includeSubDomains
      transfer-encoding:
      - chunked
      vary:
      - Accept-Encoding
      x-content-type-options:
      - nosniff
    status:
      code: 200
      message: OK
- request:
    body: null
    headers:
      Accept:
      - application/json
      Accept-Encoding:
      - gzip, deflate
      CommandName:
      - storage account create
      Connection:
      - keep-alive
      ParameterSetName:
      - -n -g --default-share-permission
      User-Agent:
      - AZURECLI/2.50.0 (PIP) azsdk-python-azure-mgmt-resource/23.1.0b2 Python/3.9.6
        (Windows-10-10.0.19045-SP0)
    method: GET
    uri: https://management.azure.com/subscriptions/00000000-0000-0000-0000-000000000000/resourcegroups/clitest.rg000001?api-version=2022-09-01
  response:
    body:
      string: '{"id":"/subscriptions/00000000-0000-0000-0000-000000000000/resourceGroups/clitest.rg000001","name":"clitest.rg000001","type":"Microsoft.Resources/resourceGroups","location":"westus","tags":{"product":"azurecli","cause":"automation","test":"test_storage_account_with_default_share_permission","date":"2023-07-06T03:24:03Z","module":"storage"},"properties":{"provisioningState":"Succeeded"}}'
    headers:
      cache-control:
      - no-cache
      content-length:
      - '389'
      content-type:
      - application/json; charset=utf-8
      date:
      - Thu, 06 Jul 2023 03:24:30 GMT
      expires:
      - '-1'
      pragma:
      - no-cache
      strict-transport-security:
      - max-age=31536000; includeSubDomains
      vary:
      - Accept-Encoding
      x-content-type-options:
      - nosniff
    status:
      code: 200
      message: OK
- request:
    body: '{"sku": {"name": "Standard_RAGRS"}, "kind": "StorageV2", "location": "westus",
      "properties": {"encryption": {"services": {"blob": {}}, "keySource": "Microsoft.Storage"},
      "azureFilesIdentityBasedAuthentication": {"directoryServiceOptions": "None",
      "defaultSharePermission": "StorageFileDataSmbShareReader"}}}'
    headers:
      Accept:
      - application/json
      Accept-Encoding:
      - gzip, deflate
      CommandName:
      - storage account create
      Connection:
      - keep-alive
      Content-Length:
      - '307'
      Content-Type:
      - application/json
      ParameterSetName:
      - -n -g --default-share-permission
      User-Agent:
      - AZURECLI/2.50.0 (PIP) azsdk-python-azure-mgmt-storage/0.1.0 Python/3.9.6 (Windows-10-10.0.19045-SP0)
    method: PUT
    uri: https://management.azure.com/subscriptions/00000000-0000-0000-0000-000000000000/resourceGroups/clitest.rg000001/providers/Microsoft.Storage/storageAccounts/cli000002?api-version=2023-01-01
  response:
    body:
      string: '{"sku":{"name":"Standard_RAGRS","tier":"Standard"},"kind":"StorageV2","id":"/subscriptions/00000000-0000-0000-0000-000000000000/resourceGroups/clitest.rg000001/providers/Microsoft.Storage/storageAccounts/cli000002","name":"cli000002","type":"Microsoft.Storage/storageAccounts","location":"westus","tags":{},"properties":{"keyCreationTime":{"key1":"2023-07-06T03:24:08.1345033Z","key2":"2023-07-06T03:24:08.1345033Z"},"allowCrossTenantReplication":false,"privateEndpointConnections":[],"azureFilesIdentityBasedAuthentication":{"directoryServiceOptions":"None","defaultSharePermission":"StorageFileDataSmbShareReader"},"minimumTlsVersion":"TLS1_0","allowBlobPublicAccess":true,"networkAcls":{"ipv6Rules":[],"bypass":"AzureServices","virtualNetworkRules":[],"ipRules":[],"defaultAction":"Allow"},"supportsHttpsTrafficOnly":true,"encryption":{"services":{"file":{"keyType":"Account","enabled":true,"lastEnabledTime":"2023-07-06T03:24:08.1345033Z"},"blob":{"keyType":"Account","enabled":true,"lastEnabledTime":"2023-07-06T03:24:08.1345033Z"}},"keySource":"Microsoft.Storage"},"accessTier":"Hot","provisioningState":"Succeeded","creationTime":"2023-07-06T03:24:08.0251282Z","primaryEndpoints":{"dfs":"https://cli000002.dfs.core.windows.net/","web":"https://cli000002.z22.web.core.windows.net/","blob":"https://cli000002.blob.core.windows.net/","queue":"https://cli000002.queue.core.windows.net/","table":"https://cli000002.table.core.windows.net/","file":"https://cli000002.file.core.windows.net/"},"primaryLocation":"westus","statusOfPrimary":"available","secondaryLocation":"eastus","statusOfSecondary":"available","secondaryEndpoints":{"dfs":"https://cli000002-secondary.dfs.core.windows.net/","web":"https://cli000002-secondary.z22.web.core.windows.net/","blob":"https://cli000002-secondary.blob.core.windows.net/","queue":"https://cli000002-secondary.queue.core.windows.net/","table":"https://cli000002-secondary.table.core.windows.net/"}}}'
    headers:
      cache-control:
      - no-cache
      content-length:
      - '1939'
      content-type:
      - application/json
      date:
      - Thu, 06 Jul 2023 03:24:33 GMT
      expires:
      - '-1'
      pragma:
      - no-cache
      server:
      - Microsoft-Azure-Storage-Resource-Provider/1.0,Microsoft-HTTPAPI/2.0 Microsoft-HTTPAPI/2.0
      strict-transport-security:
      - max-age=31536000; includeSubDomains
      transfer-encoding:
      - chunked
      vary:
      - Accept-Encoding
      x-content-type-options:
      - nosniff
      x-ms-ratelimit-remaining-subscription-writes:
      - '1177'
    status:
      code: 200
      message: OK
- request:
    body: null
    headers:
      Accept:
      - application/json
      Accept-Encoding:
      - gzip, deflate
      CommandName:
      - storage account update
      Connection:
      - keep-alive
      ParameterSetName:
      - -n -g --default-share-permission
      User-Agent:
      - AZURECLI/2.50.0 (PIP) azsdk-python-azure-mgmt-storage/0.1.0 Python/3.9.6 (Windows-10-10.0.19045-SP0)
    method: GET
    uri: https://management.azure.com/subscriptions/00000000-0000-0000-0000-000000000000/resourceGroups/clitest.rg000001/providers/Microsoft.Storage/storageAccounts/cli000002?api-version=2023-01-01
  response:
    body:
      string: '{"sku":{"name":"Standard_RAGRS","tier":"Standard"},"kind":"StorageV2","id":"/subscriptions/00000000-0000-0000-0000-000000000000/resourceGroups/clitest.rg000001/providers/Microsoft.Storage/storageAccounts/cli000002","name":"cli000002","type":"Microsoft.Storage/storageAccounts","location":"westus","tags":{},"properties":{"keyCreationTime":{"key1":"2023-07-06T03:24:08.1345033Z","key2":"2023-07-06T03:24:08.1345033Z"},"allowCrossTenantReplication":false,"privateEndpointConnections":[],"azureFilesIdentityBasedAuthentication":{"directoryServiceOptions":"None","defaultSharePermission":"StorageFileDataSmbShareReader"},"minimumTlsVersion":"TLS1_0","allowBlobPublicAccess":true,"networkAcls":{"ipv6Rules":[],"bypass":"AzureServices","virtualNetworkRules":[],"ipRules":[],"defaultAction":"Allow"},"supportsHttpsTrafficOnly":true,"encryption":{"services":{"file":{"keyType":"Account","enabled":true,"lastEnabledTime":"2023-07-06T03:24:08.1345033Z"},"blob":{"keyType":"Account","enabled":true,"lastEnabledTime":"2023-07-06T03:24:08.1345033Z"}},"keySource":"Microsoft.Storage"},"accessTier":"Hot","provisioningState":"Succeeded","creationTime":"2023-07-06T03:24:08.0251282Z","primaryEndpoints":{"dfs":"https://cli000002.dfs.core.windows.net/","web":"https://cli000002.z22.web.core.windows.net/","blob":"https://cli000002.blob.core.windows.net/","queue":"https://cli000002.queue.core.windows.net/","table":"https://cli000002.table.core.windows.net/","file":"https://cli000002.file.core.windows.net/"},"primaryLocation":"westus","statusOfPrimary":"available","secondaryLocation":"eastus","statusOfSecondary":"available","secondaryEndpoints":{"dfs":"https://cli000002-secondary.dfs.core.windows.net/","web":"https://cli000002-secondary.z22.web.core.windows.net/","blob":"https://cli000002-secondary.blob.core.windows.net/","queue":"https://cli000002-secondary.queue.core.windows.net/","table":"https://cli000002-secondary.table.core.windows.net/"}}}'
    headers:
      cache-control:
      - no-cache
      content-length:
      - '1939'
      content-type:
      - application/json
      date:
      - Thu, 06 Jul 2023 03:24:34 GMT
      expires:
      - '-1'
      pragma:
      - no-cache
      server:
      - Microsoft-Azure-Storage-Resource-Provider/1.0,Microsoft-HTTPAPI/2.0 Microsoft-HTTPAPI/2.0
      strict-transport-security:
      - max-age=31536000; includeSubDomains
      transfer-encoding:
      - chunked
      vary:
      - Accept-Encoding
      x-content-type-options:
      - nosniff
    status:
      code: 200
      message: OK
- request:
    body: '{"sku": {"name": "Standard_RAGRS"}, "tags": {}, "properties": {"encryption":
      {"services": {"blob": {"enabled": true, "keyType": "Account"}, "file": {"enabled":
      true, "keyType": "Account"}}, "keySource": "Microsoft.Storage"}, "accessTier":
      "Hot", "azureFilesIdentityBasedAuthentication": {"directoryServiceOptions":
      "None", "defaultSharePermission": "None"}, "supportsHttpsTrafficOnly": true,
      "networkAcls": {"bypass": "AzureServices", "virtualNetworkRules": [], "ipRules":
      [], "ipv6Rules": [], "defaultAction": "Allow"}}}'
    headers:
      Accept:
      - application/json
      Accept-Encoding:
      - gzip, deflate
      CommandName:
      - storage account update
      Connection:
      - keep-alive
      Content-Length:
      - '521'
      Content-Type:
      - application/json
      ParameterSetName:
      - -n -g --default-share-permission
      User-Agent:
      - AZURECLI/2.50.0 (PIP) azsdk-python-azure-mgmt-storage/0.1.0 Python/3.9.6 (Windows-10-10.0.19045-SP0)
    method: PATCH
    uri: https://management.azure.com/subscriptions/00000000-0000-0000-0000-000000000000/resourceGroups/clitest.rg000001/providers/Microsoft.Storage/storageAccounts/cli000002?api-version=2023-01-01
  response:
    body:
      string: '{"sku":{"name":"Standard_RAGRS","tier":"Standard"},"kind":"StorageV2","id":"/subscriptions/00000000-0000-0000-0000-000000000000/resourceGroups/clitest.rg000001/providers/Microsoft.Storage/storageAccounts/cli000002","name":"cli000002","type":"Microsoft.Storage/storageAccounts","location":"westus","tags":{},"properties":{"keyCreationTime":{"key1":"2023-07-06T03:24:08.1345033Z","key2":"2023-07-06T03:24:08.1345033Z"},"allowCrossTenantReplication":false,"privateEndpointConnections":[],"azureFilesIdentityBasedAuthentication":{"directoryServiceOptions":"None","defaultSharePermission":"None"},"minimumTlsVersion":"TLS1_0","allowBlobPublicAccess":true,"networkAcls":{"ipv6Rules":[],"bypass":"AzureServices","virtualNetworkRules":[],"ipRules":[],"defaultAction":"Allow"},"supportsHttpsTrafficOnly":true,"encryption":{"services":{"file":{"keyType":"Account","enabled":true,"lastEnabledTime":"2023-07-06T03:24:08.1345033Z"},"blob":{"keyType":"Account","enabled":true,"lastEnabledTime":"2023-07-06T03:24:08.1345033Z"}},"keySource":"Microsoft.Storage"},"accessTier":"Hot","provisioningState":"Succeeded","creationTime":"2023-07-06T03:24:08.0251282Z","primaryEndpoints":{"dfs":"https://cli000002.dfs.core.windows.net/","web":"https://cli000002.z22.web.core.windows.net/","blob":"https://cli000002.blob.core.windows.net/","queue":"https://cli000002.queue.core.windows.net/","table":"https://cli000002.table.core.windows.net/","file":"https://cli000002.file.core.windows.net/"},"primaryLocation":"westus","statusOfPrimary":"available","secondaryLocation":"eastus","statusOfSecondary":"available","secondaryEndpoints":{"dfs":"https://cli000002-secondary.dfs.core.windows.net/","web":"https://cli000002-secondary.z22.web.core.windows.net/","blob":"https://cli000002-secondary.blob.core.windows.net/","queue":"https://cli000002-secondary.queue.core.windows.net/","table":"https://cli000002-secondary.table.core.windows.net/"}}}'
    headers:
      cache-control:
      - no-cache
      content-length:
      - '1914'
      content-type:
      - application/json
      date:
      - Thu, 06 Jul 2023 03:24:37 GMT
      expires:
      - '-1'
      pragma:
      - no-cache
      server:
      - Microsoft-Azure-Storage-Resource-Provider/1.0,Microsoft-HTTPAPI/2.0 Microsoft-HTTPAPI/2.0
      strict-transport-security:
      - max-age=31536000; includeSubDomains
      transfer-encoding:
      - chunked
      vary:
      - Accept-Encoding
      x-content-type-options:
      - nosniff
      x-ms-ratelimit-remaining-subscription-writes:
      - '1176'
    status:
      code: 200
      message: OK
version: 1
