interactions:
- request:
    body: null
    headers:
      Accept:
      - application/json
      Accept-Encoding:
      - gzip, deflate
      CommandName:
      - storage account keys list
      Connection:
      - keep-alive
      Content-Length:
      - '0'
      ParameterSetName:
      - -n -g --query -o
      User-Agent:
      - AZURECLI/2.22.0 azsdk-python-azure-mgmt-storage/17.1.0 Python/3.7.9 (Windows-10-10.0.19041-SP0)
    method: POST
    uri: https://management.azure.com/subscriptions/00000000-0000-0000-0000-000000000000/resourceGroups/clitest.rg000001/providers/Microsoft.Storage/storageAccounts/clitest000002/listKeys?api-version=2021-02-01&$expand=kerb
  response:
    body:
      string: '{"keys":[{"creationTime":"2021-04-19T11:32:33.6484685Z","keyName":"key1","value":"veryFakedStorageAccountKey==","permissions":"FULL"},{"creationTime":"2021-04-19T11:32:33.6484685Z","keyName":"key2","value":"veryFakedStorageAccountKey==","permissions":"FULL"}]}'
    headers:
      cache-control:
      - no-cache
      content-length:
      - '380'
      content-type:
      - application/json
      date:
      - Mon, 19 Apr 2021 11:32:53 GMT
      expires:
      - '-1'
      pragma:
      - no-cache
      server:
      - Microsoft-Azure-Storage-Resource-Provider/1.0,Microsoft-HTTPAPI/2.0 Microsoft-HTTPAPI/2.0
      strict-transport-security:
      - max-age=31536000; includeSubDomains
      transfer-encoding:
      - chunked
      vary:
      - Accept-Encoding
      x-content-type-options:
      - nosniff
      x-ms-ratelimit-remaining-subscription-resource-requests:
      - '11999'
    status:
      code: 200
      message: OK
- request:
    body: null
    headers:
      Connection:
      - keep-alive
      Content-Length:
      - '0'
      User-Agent:
      - Azure-Storage/2.0.0-2.0.1 (Python CPython 3.7.9; Windows 10) AZURECLI/2.22.0
      x-ms-date:
      - Mon, 19 Apr 2021 11:32:54 GMT
      x-ms-version:
      - '2018-11-09'
    method: PUT
    uri: https://clitest000002.blob.core.windows.net/cont000003?restype=container
  response:
    body:
      string: ''
    headers:
      content-length:
      - '0'
      date:
      - Mon, 19 Apr 2021 11:32:56 GMT
      etag:
      - '"0x8D90326E10B55C7"'
      last-modified:
      - Mon, 19 Apr 2021 11:32:56 GMT
      server:
      - Windows-Azure-Blob/1.0 Microsoft-HTTPAPI/2.0
      x-ms-version:
      - '2018-11-09'
    status:
      code: 201
      message: Created
- request:
    body: null
    headers:
      Connection:
      - keep-alive
      User-Agent:
      - Azure-Storage/2.0.0-2.0.1 (Python CPython 3.7.9; Windows 10) AZURECLI/2.22.0
      x-ms-date:
      - Mon, 19 Apr 2021 11:32:57 GMT
      x-ms-version:
      - '2018-11-09'
    method: GET
    uri: https://clitest000002.blob.core.windows.net/cont000003?restype=container&comp=acl
  response:
    body:
      string: "\uFEFF<?xml version=\"1.0\" encoding=\"utf-8\"?><SignedIdentifiers
        />"
    headers:
      content-type:
      - application/xml
      date:
      - Mon, 19 Apr 2021 11:32:57 GMT
      etag:
      - '"0x8D90326E10B55C7"'
      last-modified:
      - Mon, 19 Apr 2021 11:32:56 GMT
      server:
      - Windows-Azure-Blob/1.0 Microsoft-HTTPAPI/2.0
      transfer-encoding:
      - chunked
      x-ms-version:
      - '2018-11-09'
    status:
      code: 200
      message: OK
- request:
    body: null
    headers:
      Connection:
      - keep-alive
      User-Agent:
      - Azure-Storage/2.0.0-2.0.1 (Python CPython 3.7.9; Windows 10) AZURECLI/2.22.0
      x-ms-date:
      - Mon, 19 Apr 2021 11:32:58 GMT
      x-ms-version:
      - '2018-11-09'
    method: GET
    uri: https://clitest000002.blob.core.windows.net/cont000003?restype=container&comp=acl
  response:
    body:
      string: "\uFEFF<?xml version=\"1.0\" encoding=\"utf-8\"?><SignedIdentifiers
        />"
    headers:
      content-type:
      - application/xml
      date:
      - Mon, 19 Apr 2021 11:32:58 GMT
      etag:
      - '"0x8D90326E10B55C7"'
      last-modified:
      - Mon, 19 Apr 2021 11:32:56 GMT
      server:
      - Windows-Azure-Blob/1.0 Microsoft-HTTPAPI/2.0
      transfer-encoding:
      - chunked
      x-ms-version:
      - '2018-11-09'
    status:
      code: 200
      message: OK
- request:
    body: '<?xml version=''1.0'' encoding=''utf-8''?>

      <SignedIdentifiers><SignedIdentifier><Id>test1</Id><AccessPolicy><Permission>l</Permission></AccessPolicy></SignedIdentifier></SignedIdentifiers>'
    headers:
      Connection:
      - keep-alive
      Content-Length:
      - '184'
      User-Agent:
      - Azure-Storage/2.0.0-2.0.1 (Python CPython 3.7.9; Windows 10) AZURECLI/2.22.0
      x-ms-date:
      - Mon, 19 Apr 2021 11:32:58 GMT
      x-ms-version:
      - '2018-11-09'
    method: PUT
    uri: https://clitest000002.blob.core.windows.net/cont000003?restype=container&comp=acl
  response:
    body:
      string: ''
    headers:
      content-length:
      - '0'
      date:
      - Mon, 19 Apr 2021 11:32:58 GMT
      etag:
      - '"0x8D90326E2636A05"'
      last-modified:
      - Mon, 19 Apr 2021 11:32:59 GMT
      server:
      - Windows-Azure-Blob/1.0 Microsoft-HTTPAPI/2.0
      x-ms-version:
      - '2018-11-09'
    status:
      code: 200
      message: OK
- request:
    body: null
    headers:
      Connection:
      - keep-alive
      User-Agent:
      - Azure-Storage/2.0.0-2.0.1 (Python CPython 3.7.9; Windows 10) AZURECLI/2.22.0
      x-ms-date:
      - Mon, 19 Apr 2021 11:32:59 GMT
      x-ms-version:
      - '2018-11-09'
    method: GET
    uri: https://clitest000002.blob.core.windows.net/cont000003?restype=container&comp=acl
  response:
    body:
      string: "\uFEFF<?xml version=\"1.0\" encoding=\"utf-8\"?><SignedIdentifiers><SignedIdentifier><Id>test1</Id><AccessPolicy><Permission>l</Permission></AccessPolicy></SignedIdentifier></SignedIdentifiers>"
    headers:
      content-type:
      - application/xml
      date:
      - Mon, 19 Apr 2021 11:32:59 GMT
      etag:
      - '"0x8D90326E2636A05"'
      last-modified:
      - Mon, 19 Apr 2021 11:32:59 GMT
      server:
      - Windows-Azure-Blob/1.0 Microsoft-HTTPAPI/2.0
      transfer-encoding:
      - chunked
      x-ms-version:
      - '2018-11-09'
    status:
      code: 200
      message: OK
- request:
    body: '<?xml version=''1.0'' encoding=''utf-8''?>

      <SignedIdentifiers><SignedIdentifier><Id>test1</Id><AccessPolicy><Permission>l</Permission></AccessPolicy></SignedIdentifier><SignedIdentifier><Id>test2</Id><AccessPolicy><Start>2016-01-01T00:00Z</Start></AccessPolicy></SignedIdentifier></SignedIdentifiers>'
    headers:
      Connection:
      - keep-alive
      Content-Length:
      - '296'
      User-Agent:
      - Azure-Storage/2.0.0-2.0.1 (Python CPython 3.7.9; Windows 10) AZURECLI/2.22.0
      x-ms-date:
      - Mon, 19 Apr 2021 11:33:00 GMT
      x-ms-version:
      - '2018-11-09'
    method: PUT
    uri: https://clitest000002.blob.core.windows.net/cont000003?restype=container&comp=acl
  response:
    body:
      string: ''
    headers:
      content-length:
      - '0'
      date:
      - Mon, 19 Apr 2021 11:32:59 GMT
      etag:
      - '"0x8D90326E3249390"'
      last-modified:
      - Mon, 19 Apr 2021 11:33:00 GMT
      server:
      - Windows-Azure-Blob/1.0 Microsoft-HTTPAPI/2.0
      x-ms-version:
      - '2018-11-09'
    status:
      code: 200
      message: OK
- request:
    body: null
    headers:
      Connection:
      - keep-alive
      User-Agent:
      - Azure-Storage/2.0.0-2.0.1 (Python CPython 3.7.9; Windows 10) AZURECLI/2.22.0
      x-ms-date:
      - Mon, 19 Apr 2021 11:33:00 GMT
      x-ms-version:
      - '2018-11-09'
    method: GET
    uri: https://clitest000002.blob.core.windows.net/cont000003?restype=container&comp=acl
  response:
    body:
      string: "\uFEFF<?xml version=\"1.0\" encoding=\"utf-8\"?><SignedIdentifiers><SignedIdentifier><Id>test1</Id><AccessPolicy><Permission>l</Permission></AccessPolicy></SignedIdentifier><SignedIdentifier><Id>test2</Id><AccessPolicy><Start>2016-01-01T00:00:00.0000000Z</Start></AccessPolicy></SignedIdentifier></SignedIdentifiers>"
    headers:
      content-type:
      - application/xml
      date:
      - Mon, 19 Apr 2021 11:33:01 GMT
      etag:
      - '"0x8D90326E3249390"'
      last-modified:
      - Mon, 19 Apr 2021 11:33:00 GMT
      server:
      - Windows-Azure-Blob/1.0 Microsoft-HTTPAPI/2.0
      transfer-encoding:
      - chunked
      x-ms-version:
      - '2018-11-09'
    status:
      code: 200
      message: OK
- request:
    body: '<?xml version=''1.0'' encoding=''utf-8''?>

      <SignedIdentifiers><SignedIdentifier><Id>test1</Id><AccessPolicy><Permission>l</Permission></AccessPolicy></SignedIdentifier><SignedIdentifier><Id>test2</Id><AccessPolicy><Start>2016-01-01T00:00:00Z</Start></AccessPolicy></SignedIdentifier><SignedIdentifier><Id>test3</Id><AccessPolicy><Expiry>2018-01-01T00:00Z</Expiry></AccessPolicy></SignedIdentifier></SignedIdentifiers>'
    headers:
      Connection:
      - keep-alive
      Content-Length:
      - '413'
      User-Agent:
      - Azure-Storage/2.0.0-2.0.1 (Python CPython 3.7.9; Windows 10) AZURECLI/2.22.0
      x-ms-date:
      - Mon, 19 Apr 2021 11:33:01 GMT
      x-ms-version:
      - '2018-11-09'
    method: PUT
    uri: https://clitest000002.blob.core.windows.net/cont000003?restype=container&comp=acl
  response:
    body:
      string: ''
    headers:
      content-length:
      - '0'
      date:
      - Mon, 19 Apr 2021 11:33:01 GMT
      etag:
      - '"0x8D90326E3EF34EB"'
      last-modified:
      - Mon, 19 Apr 2021 11:33:01 GMT
      server:
      - Windows-Azure-Blob/1.0 Microsoft-HTTPAPI/2.0
      x-ms-version:
      - '2018-11-09'
    status:
      code: 200
      message: OK
- request:
    body: null
    headers:
      Connection:
      - keep-alive
      User-Agent:
      - Azure-Storage/2.0.0-2.0.1 (Python CPython 3.7.9; Windows 10) AZURECLI/2.22.0
      x-ms-date:
      - Mon, 19 Apr 2021 11:33:01 GMT
      x-ms-version:
      - '2018-11-09'
    method: GET
    uri: https://clitest000002.blob.core.windows.net/cont000003?restype=container&comp=acl
  response:
    body:
      string: "\uFEFF<?xml version=\"1.0\" encoding=\"utf-8\"?><SignedIdentifiers><SignedIdentifier><Id>test1</Id><AccessPolicy><Permission>l</Permission></AccessPolicy></SignedIdentifier><SignedIdentifier><Id>test2</Id><AccessPolicy><Start>2016-01-01T00:00:00.0000000Z</Start></AccessPolicy></SignedIdentifier><SignedIdentifier><Id>test3</Id><AccessPolicy><Expiry>2018-01-01T00:00:00.0000000Z</Expiry></AccessPolicy></SignedIdentifier></SignedIdentifiers>"
    headers:
      content-type:
      - application/xml
      date:
      - Mon, 19 Apr 2021 11:33:02 GMT
      etag:
      - '"0x8D90326E3EF34EB"'
      last-modified:
      - Mon, 19 Apr 2021 11:33:01 GMT
      server:
      - Windows-Azure-Blob/1.0 Microsoft-HTTPAPI/2.0
      transfer-encoding:
      - chunked
      x-ms-version:
      - '2018-11-09'
    status:
      code: 200
      message: OK
- request:
    body: '<?xml version=''1.0'' encoding=''utf-8''?>

      <SignedIdentifiers><SignedIdentifier><Id>test1</Id><AccessPolicy><Permission>l</Permission></AccessPolicy></SignedIdentifier><SignedIdentifier><Id>test2</Id><AccessPolicy><Start>2016-01-01T00:00:00Z</Start></AccessPolicy></SignedIdentifier><SignedIdentifier><Id>test3</Id><AccessPolicy><Expiry>2018-01-01T00:00:00Z</Expiry></AccessPolicy></SignedIdentifier><SignedIdentifier><Id>test4</Id><AccessPolicy><Start>2016-01-01T00:00Z</Start><Expiry>2016-05-01T00:00Z</Expiry><Permission>rwdl</Permission></AccessPolicy></SignedIdentifier></SignedIdentifiers>'
    headers:
      Connection:
      - keep-alive
      Content-Length:
      - '591'
      User-Agent:
      - Azure-Storage/2.0.0-2.0.1 (Python CPython 3.7.9; Windows 10) AZURECLI/2.22.0
      x-ms-date:
      - Mon, 19 Apr 2021 11:33:02 GMT
      x-ms-version:
      - '2018-11-09'
    method: PUT
    uri: https://clitest000002.blob.core.windows.net/cont000003?restype=container&comp=acl
  response:
    body:
      string: ''
    headers:
      content-length:
      - '0'
      date:
      - Mon, 19 Apr 2021 11:33:02 GMT
      etag:
      - '"0x8D90326E4AFE956"'
      last-modified:
      - Mon, 19 Apr 2021 11:33:03 GMT
      server:
      - Windows-Azure-Blob/1.0 Microsoft-HTTPAPI/2.0
      x-ms-version:
      - '2018-11-09'
    status:
      code: 200
      message: OK
- request:
    body: null
    headers:
      Connection:
      - keep-alive
      User-Agent:
      - Azure-Storage/2.0.0-2.0.1 (Python CPython 3.7.9; Windows 10) AZURECLI/2.22.0
      x-ms-date:
      - Mon, 19 Apr 2021 11:33:03 GMT
      x-ms-version:
      - '2018-11-09'
    method: GET
    uri: https://clitest000002.blob.core.windows.net/cont000003?restype=container&comp=acl
  response:
    body:
      string: "\uFEFF<?xml version=\"1.0\" encoding=\"utf-8\"?><SignedIdentifiers><SignedIdentifier><Id>test1</Id><AccessPolicy><Permission>l</Permission></AccessPolicy></SignedIdentifier><SignedIdentifier><Id>test2</Id><AccessPolicy><Start>2016-01-01T00:00:00.0000000Z</Start></AccessPolicy></SignedIdentifier><SignedIdentifier><Id>test3</Id><AccessPolicy><Expiry>2018-01-01T00:00:00.0000000Z</Expiry></AccessPolicy></SignedIdentifier><SignedIdentifier><Id>test4</Id><AccessPolicy><Start>2016-01-01T00:00:00.0000000Z</Start><Expiry>2016-05-01T00:00:00.0000000Z</Expiry><Permission>rwdl</Permission></AccessPolicy></SignedIdentifier></SignedIdentifiers>"
    headers:
      content-type:
      - application/xml
      date:
      - Mon, 19 Apr 2021 11:33:03 GMT
      etag:
      - '"0x8D90326E4AFE956"'
      last-modified:
      - Mon, 19 Apr 2021 11:33:03 GMT
      server:
      - Windows-Azure-Blob/1.0 Microsoft-HTTPAPI/2.0
      transfer-encoding:
      - chunked
      x-ms-version:
      - '2018-11-09'
    status:
      code: 200
      message: OK
- request:
    body: null
    headers:
      Connection:
      - keep-alive
      User-Agent:
      - Azure-Storage/2.0.0-2.0.1 (Python CPython 3.7.9; Windows 10) AZURECLI/2.22.0
      x-ms-date:
      - Mon, 19 Apr 2021 11:33:04 GMT
      x-ms-version:
      - '2018-11-09'
    method: GET
    uri: https://clitest000002.blob.core.windows.net/cont000003?restype=container&comp=acl
  response:
    body:
      string: "\uFEFF<?xml version=\"1.0\" encoding=\"utf-8\"?><SignedIdentifiers><SignedIdentifier><Id>test1</Id><AccessPolicy><Permission>l</Permission></AccessPolicy></SignedIdentifier><SignedIdentifier><Id>test2</Id><AccessPolicy><Start>2016-01-01T00:00:00.0000000Z</Start></AccessPolicy></SignedIdentifier><SignedIdentifier><Id>test3</Id><AccessPolicy><Expiry>2018-01-01T00:00:00.0000000Z</Expiry></AccessPolicy></SignedIdentifier><SignedIdentifier><Id>test4</Id><AccessPolicy><Start>2016-01-01T00:00:00.0000000Z</Start><Expiry>2016-05-01T00:00:00.0000000Z</Expiry><Permission>rwdl</Permission></AccessPolicy></SignedIdentifier></SignedIdentifiers>"
    headers:
      content-type:
      - application/xml
      date:
      - Mon, 19 Apr 2021 11:33:04 GMT
      etag:
      - '"0x8D90326E4AFE956"'
      last-modified:
      - Mon, 19 Apr 2021 11:33:03 GMT
      server:
      - Windows-Azure-Blob/1.0 Microsoft-HTTPAPI/2.0
      transfer-encoding:
      - chunked
      x-ms-version:
      - '2018-11-09'
    status:
      code: 200
      message: OK
- request:
    body: null
    headers:
      Connection:
      - keep-alive
      User-Agent:
      - Azure-Storage/2.0.0-2.0.1 (Python CPython 3.7.9; Windows 10) AZURECLI/2.22.0
      x-ms-date:
      - Mon, 19 Apr 2021 11:33:05 GMT
      x-ms-version:
      - '2018-11-09'
    method: GET
    uri: https://clitest000002.blob.core.windows.net/cont000003?restype=container&comp=acl
  response:
    body:
      string: "\uFEFF<?xml version=\"1.0\" encoding=\"utf-8\"?><SignedIdentifiers><SignedIdentifier><Id>test1</Id><AccessPolicy><Permission>l</Permission></AccessPolicy></SignedIdentifier><SignedIdentifier><Id>test2</Id><AccessPolicy><Start>2016-01-01T00:00:00.0000000Z</Start></AccessPolicy></SignedIdentifier><SignedIdentifier><Id>test3</Id><AccessPolicy><Expiry>2018-01-01T00:00:00.0000000Z</Expiry></AccessPolicy></SignedIdentifier><SignedIdentifier><Id>test4</Id><AccessPolicy><Start>2016-01-01T00:00:00.0000000Z</Start><Expiry>2016-05-01T00:00:00.0000000Z</Expiry><Permission>rwdl</Permission></AccessPolicy></SignedIdentifier></SignedIdentifiers>"
    headers:
      content-type:
      - application/xml
      date:
      - Mon, 19 Apr 2021 11:33:05 GMT
      etag:
      - '"0x8D90326E4AFE956"'
      last-modified:
      - Mon, 19 Apr 2021 11:33:03 GMT
      server:
      - Windows-Azure-Blob/1.0 Microsoft-HTTPAPI/2.0
      transfer-encoding:
      - chunked
      x-ms-version:
      - '2018-11-09'
    status:
      code: 200
      message: OK
- request:
    body: null
    headers:
      Connection:
      - keep-alive
      User-Agent:
      - Azure-Storage/2.0.0-2.0.1 (Python CPython 3.7.9; Windows 10) AZURECLI/2.22.0
      x-ms-date:
      - Mon, 19 Apr 2021 11:33:06 GMT
      x-ms-version:
      - '2018-11-09'
    method: GET
    uri: https://clitest000002.blob.core.windows.net/cont000003?restype=container&comp=acl
  response:
    body:
      string: "\uFEFF<?xml version=\"1.0\" encoding=\"utf-8\"?><SignedIdentifiers><SignedIdentifier><Id>test1</Id><AccessPolicy><Permission>l</Permission></AccessPolicy></SignedIdentifier><SignedIdentifier><Id>test2</Id><AccessPolicy><Start>2016-01-01T00:00:00.0000000Z</Start></AccessPolicy></SignedIdentifier><SignedIdentifier><Id>test3</Id><AccessPolicy><Expiry>2018-01-01T00:00:00.0000000Z</Expiry></AccessPolicy></SignedIdentifier><SignedIdentifier><Id>test4</Id><AccessPolicy><Start>2016-01-01T00:00:00.0000000Z</Start><Expiry>2016-05-01T00:00:00.0000000Z</Expiry><Permission>rwdl</Permission></AccessPolicy></SignedIdentifier></SignedIdentifiers>"
    headers:
      content-type:
      - application/xml
      date:
      - Mon, 19 Apr 2021 11:33:06 GMT
      etag:
      - '"0x8D90326E4AFE956"'
      last-modified:
      - Mon, 19 Apr 2021 11:33:03 GMT
      server:
      - Windows-Azure-Blob/1.0 Microsoft-HTTPAPI/2.0
      transfer-encoding:
      - chunked
      x-ms-version:
      - '2018-11-09'
    status:
      code: 200
      message: OK
- request:
    body: null
    headers:
      Connection:
      - keep-alive
      User-Agent:
      - Azure-Storage/2.0.0-2.0.1 (Python CPython 3.7.9; Windows 10) AZURECLI/2.22.0
      x-ms-date:
      - Mon, 19 Apr 2021 11:33:07 GMT
      x-ms-version:
      - '2018-11-09'
    method: GET
    uri: https://clitest000002.blob.core.windows.net/cont000003?restype=container&comp=acl
  response:
    body:
      string: "\uFEFF<?xml version=\"1.0\" encoding=\"utf-8\"?><SignedIdentifiers><SignedIdentifier><Id>test1</Id><AccessPolicy><Permission>l</Permission></AccessPolicy></SignedIdentifier><SignedIdentifier><Id>test2</Id><AccessPolicy><Start>2016-01-01T00:00:00.0000000Z</Start></AccessPolicy></SignedIdentifier><SignedIdentifier><Id>test3</Id><AccessPolicy><Expiry>2018-01-01T00:00:00.0000000Z</Expiry></AccessPolicy></SignedIdentifier><SignedIdentifier><Id>test4</Id><AccessPolicy><Start>2016-01-01T00:00:00.0000000Z</Start><Expiry>2016-05-01T00:00:00.0000000Z</Expiry><Permission>rwdl</Permission></AccessPolicy></SignedIdentifier></SignedIdentifiers>"
    headers:
      content-type:
      - application/xml
      date:
      - Mon, 19 Apr 2021 11:33:07 GMT
      etag:
      - '"0x8D90326E4AFE956"'
      last-modified:
      - Mon, 19 Apr 2021 11:33:03 GMT
      server:
      - Windows-Azure-Blob/1.0 Microsoft-HTTPAPI/2.0
      transfer-encoding:
      - chunked
      x-ms-version:
      - '2018-11-09'
    status:
      code: 200
      message: OK
- request:
    body: null
    headers:
      Connection:
      - keep-alive
      User-Agent:
      - Azure-Storage/2.0.0-2.0.1 (Python CPython 3.7.9; Windows 10) AZURECLI/2.22.0
      x-ms-date:
      - Mon, 19 Apr 2021 11:33:08 GMT
      x-ms-version:
      - '2018-11-09'
    method: GET
    uri: https://clitest000002.blob.core.windows.net/cont000003?restype=container&comp=acl
  response:
    body:
      string: "\uFEFF<?xml version=\"1.0\" encoding=\"utf-8\"?><SignedIdentifiers><SignedIdentifier><Id>test1</Id><AccessPolicy><Permission>l</Permission></AccessPolicy></SignedIdentifier><SignedIdentifier><Id>test2</Id><AccessPolicy><Start>2016-01-01T00:00:00.0000000Z</Start></AccessPolicy></SignedIdentifier><SignedIdentifier><Id>test3</Id><AccessPolicy><Expiry>2018-01-01T00:00:00.0000000Z</Expiry></AccessPolicy></SignedIdentifier><SignedIdentifier><Id>test4</Id><AccessPolicy><Start>2016-01-01T00:00:00.0000000Z</Start><Expiry>2016-05-01T00:00:00.0000000Z</Expiry><Permission>rwdl</Permission></AccessPolicy></SignedIdentifier></SignedIdentifiers>"
    headers:
      content-type:
      - application/xml
      date:
      - Mon, 19 Apr 2021 11:33:08 GMT
      etag:
      - '"0x8D90326E4AFE956"'
      last-modified:
      - Mon, 19 Apr 2021 11:33:03 GMT
      server:
      - Windows-Azure-Blob/1.0 Microsoft-HTTPAPI/2.0
      transfer-encoding:
      - chunked
      x-ms-version:
      - '2018-11-09'
    status:
      code: 200
      message: OK
- request:
    body: '<?xml version=''1.0'' encoding=''utf-8''?>

      <SignedIdentifiers><SignedIdentifier><Id>test1</Id><AccessPolicy><Permission>r</Permission></AccessPolicy></SignedIdentifier><SignedIdentifier><Id>test2</Id><AccessPolicy><Start>2016-01-01T00:00:00Z</Start></AccessPolicy></SignedIdentifier><SignedIdentifier><Id>test3</Id><AccessPolicy><Expiry>2018-01-01T00:00:00Z</Expiry></AccessPolicy></SignedIdentifier><SignedIdentifier><Id>test4</Id><AccessPolicy><Start>2016-01-01T00:00:00Z</Start><Expiry>2016-05-01T00:00:00Z</Expiry><Permission>rwdl</Permission></AccessPolicy></SignedIdentifier></SignedIdentifiers>'
    headers:
      Connection:
      - keep-alive
      Content-Length:
      - '597'
      User-Agent:
      - Azure-Storage/2.0.0-2.0.1 (Python CPython 3.7.9; Windows 10) AZURECLI/2.22.0
      x-ms-date:
      - Mon, 19 Apr 2021 11:33:09 GMT
      x-ms-version:
      - '2018-11-09'
    method: PUT
    uri: https://clitest000002.blob.core.windows.net/cont000003?restype=container&comp=acl
  response:
    body:
      string: ''
    headers:
      content-length:
      - '0'
      date:
      - Mon, 19 Apr 2021 11:33:08 GMT
      etag:
      - '"0x8D90326E877198E"'
      last-modified:
      - Mon, 19 Apr 2021 11:33:09 GMT
      server:
      - Windows-Azure-Blob/1.0 Microsoft-HTTPAPI/2.0
      x-ms-version:
      - '2018-11-09'
    status:
      code: 200
      message: OK
- request:
    body: null
    headers:
      Connection:
      - keep-alive
      User-Agent:
      - Azure-Storage/2.0.0-2.0.1 (Python CPython 3.7.9; Windows 10) AZURECLI/2.22.0
      x-ms-date:
      - Mon, 19 Apr 2021 11:33:09 GMT
      x-ms-version:
      - '2018-11-09'
    method: GET
    uri: https://clitest000002.blob.core.windows.net/cont000003?restype=container&comp=acl
  response:
    body:
      string: "\uFEFF<?xml version=\"1.0\" encoding=\"utf-8\"?><SignedIdentifiers><SignedIdentifier><Id>test1</Id><AccessPolicy><Permission>r</Permission></AccessPolicy></SignedIdentifier><SignedIdentifier><Id>test2</Id><AccessPolicy><Start>2016-01-01T00:00:00.0000000Z</Start></AccessPolicy></SignedIdentifier><SignedIdentifier><Id>test3</Id><AccessPolicy><Expiry>2018-01-01T00:00:00.0000000Z</Expiry></AccessPolicy></SignedIdentifier><SignedIdentifier><Id>test4</Id><AccessPolicy><Start>2016-01-01T00:00:00.0000000Z</Start><Expiry>2016-05-01T00:00:00.0000000Z</Expiry><Permission>rwdl</Permission></AccessPolicy></SignedIdentifier></SignedIdentifiers>"
    headers:
      content-type:
      - application/xml
      date:
      - Mon, 19 Apr 2021 11:33:09 GMT
      etag:
      - '"0x8D90326E877198E"'
      last-modified:
      - Mon, 19 Apr 2021 11:33:09 GMT
      server:
      - Windows-Azure-Blob/1.0 Microsoft-HTTPAPI/2.0
      transfer-encoding:
      - chunked
      x-ms-version:
      - '2018-11-09'
    status:
      code: 200
      message: OK
- request:
    body: null
    headers:
      Connection:
      - keep-alive
      User-Agent:
      - Azure-Storage/2.0.0-2.0.1 (Python CPython 3.7.9; Windows 10) AZURECLI/2.22.0
      x-ms-date:
      - Mon, 19 Apr 2021 11:33:10 GMT
      x-ms-version:
      - '2018-11-09'
    method: GET
    uri: https://clitest000002.blob.core.windows.net/cont000003?restype=container&comp=acl
  response:
    body:
      string: "\uFEFF<?xml version=\"1.0\" encoding=\"utf-8\"?><SignedIdentifiers><SignedIdentifier><Id>test1</Id><AccessPolicy><Permission>r</Permission></AccessPolicy></SignedIdentifier><SignedIdentifier><Id>test2</Id><AccessPolicy><Start>2016-01-01T00:00:00.0000000Z</Start></AccessPolicy></SignedIdentifier><SignedIdentifier><Id>test3</Id><AccessPolicy><Expiry>2018-01-01T00:00:00.0000000Z</Expiry></AccessPolicy></SignedIdentifier><SignedIdentifier><Id>test4</Id><AccessPolicy><Start>2016-01-01T00:00:00.0000000Z</Start><Expiry>2016-05-01T00:00:00.0000000Z</Expiry><Permission>rwdl</Permission></AccessPolicy></SignedIdentifier></SignedIdentifiers>"
    headers:
      content-type:
      - application/xml
      date:
      - Mon, 19 Apr 2021 11:33:11 GMT
      etag:
      - '"0x8D90326E877198E"'
      last-modified:
      - Mon, 19 Apr 2021 11:33:09 GMT
      server:
      - Windows-Azure-Blob/1.0 Microsoft-HTTPAPI/2.0
      transfer-encoding:
      - chunked
      x-ms-version:
      - '2018-11-09'
    status:
      code: 200
      message: OK
- request:
    body: '<?xml version=''1.0'' encoding=''utf-8''?>

      <SignedIdentifiers><SignedIdentifier><Id>test2</Id><AccessPolicy><Start>2016-01-01T00:00:00Z</Start></AccessPolicy></SignedIdentifier><SignedIdentifier><Id>test3</Id><AccessPolicy><Expiry>2018-01-01T00:00:00Z</Expiry></AccessPolicy></SignedIdentifier><SignedIdentifier><Id>test4</Id><AccessPolicy><Start>2016-01-01T00:00:00Z</Start><Expiry>2016-05-01T00:00:00Z</Expiry><Permission>rwdl</Permission></AccessPolicy></SignedIdentifier></SignedIdentifiers>'
    headers:
      Connection:
      - keep-alive
      Content-Length:
      - '491'
      User-Agent:
      - Azure-Storage/2.0.0-2.0.1 (Python CPython 3.7.9; Windows 10) AZURECLI/2.22.0
      x-ms-date:
      - Mon, 19 Apr 2021 11:33:11 GMT
      x-ms-version:
      - '2018-11-09'
    method: PUT
    uri: https://clitest000002.blob.core.windows.net/cont000003?restype=container&comp=acl
  response:
    body:
      string: ''
    headers:
      content-length:
      - '0'
      date:
      - Mon, 19 Apr 2021 11:33:11 GMT
      etag:
      - '"0x8D90326E9E3E4FB"'
      last-modified:
      - Mon, 19 Apr 2021 11:33:11 GMT
      server:
      - Windows-Azure-Blob/1.0 Microsoft-HTTPAPI/2.0
      x-ms-version:
      - '2018-11-09'
    status:
      code: 200
      message: OK
- request:
    body: null
    headers:
      Connection:
      - keep-alive
      User-Agent:
      - Azure-Storage/2.0.0-2.0.1 (Python CPython 3.7.9; Windows 10) AZURECLI/2.22.0
      x-ms-date:
      - Mon, 19 Apr 2021 11:33:11 GMT
      x-ms-version:
      - '2018-11-09'
    method: GET
    uri: https://clitest000002.blob.core.windows.net/cont000003?restype=container&comp=acl
  response:
    body:
      string: "\uFEFF<?xml version=\"1.0\" encoding=\"utf-8\"?><SignedIdentifiers><SignedIdentifier><Id>test2</Id><AccessPolicy><Start>2016-01-01T00:00:00.0000000Z</Start></AccessPolicy></SignedIdentifier><SignedIdentifier><Id>test3</Id><AccessPolicy><Expiry>2018-01-01T00:00:00.0000000Z</Expiry></AccessPolicy></SignedIdentifier><SignedIdentifier><Id>test4</Id><AccessPolicy><Start>2016-01-01T00:00:00.0000000Z</Start><Expiry>2016-05-01T00:00:00.0000000Z</Expiry><Permission>rwdl</Permission></AccessPolicy></SignedIdentifier></SignedIdentifiers>"
    headers:
      content-type:
      - application/xml
      date:
      - Mon, 19 Apr 2021 11:33:12 GMT
      etag:
      - '"0x8D90326E9E3E4FB"'
      last-modified:
      - Mon, 19 Apr 2021 11:33:11 GMT
      server:
      - Windows-Azure-Blob/1.0 Microsoft-HTTPAPI/2.0
      transfer-encoding:
      - chunked
      x-ms-version:
      - '2018-11-09'
    status:
      code: 200
      message: OK
version: 1
