interactions:
- request:
    body: '{}'
    headers:
      Accept:
      - application/json
      Accept-Encoding:
      - gzip, deflate
      CommandName:
      - storage share-rm create
      Connection:
      - keep-alive
      Content-Length:
      - '2'
      Content-Type:
      - application/json
      ParameterSetName:
      - --storage-account -g -n
      User-Agent:
      - AZURECLI/2.53.0 azsdk-python-azure-mgmt-storage/21.1.0 Python/3.10.13 (Linux-5.15.0-1047-azure-x86_64-with-glibc2.31)
        VSTS_7b238909-6802-4b65-b90d-184bca47f458_build_220_0
    method: PUT
    uri: https://management.azure.com/subscriptions/00000000-0000-0000-0000-000000000000/resourceGroups/cli_snapshot000001/providers/Microsoft.Storage/storageAccounts/snapshot000002/fileServices/default/shares/share000003?api-version=2023-01-01
  response:
    body:
      string: '{"id":"/subscriptions/00000000-0000-0000-0000-000000000000/resourceGroups/cli_snapshot000001/providers/Microsoft.Storage/storageAccounts/snapshot000002/fileServices/default/shares/share000003","name":"share000003","type":"Microsoft.Storage/storageAccounts/fileServices/shares"}'
    headers:
      cache-control:
      - no-cache
      content-length:
      - '277'
      content-type:
      - application/json
      date:
      - Thu, 19 Oct 2023 09:46:27 GMT
      etag:
      - '"0x8DBD088442C1394"'
      expires:
      - '-1'
      pragma:
      - no-cache
      server:
      - Microsoft-Azure-Storage-Resource-Provider/1.0,Microsoft-HTTPAPI/2.0 Microsoft-HTTPAPI/2.0
      strict-transport-security:
      - max-age=31536000; includeSubDomains
      x-content-type-options:
      - nosniff
      x-ms-ratelimit-remaining-subscription-writes:
      - '1189'
    status:
      code: 201
      message: Created
- request:
    body: '{"properties": {"metadata": {"k1": "v1"}, "shareQuota": 10, "enabledProtocols":
      "SMB", "rootSquash": "AllSquash", "accessTier": "Hot"}}'
    headers:
      Accept:
      - application/json
      Accept-Encoding:
      - gzip, deflate
      CommandName:
      - storage share-rm snapshot
      Connection:
      - keep-alive
      Content-Length:
      - '135'
      Content-Type:
      - application/json
      ParameterSetName:
      - --storage-account -g -n -q --metadata --access-tier --enabled-protocols --root-squash
      User-Agent:
      - AZURECLI/2.53.0 azsdk-python-azure-mgmt-storage/21.1.0 Python/3.10.13 (Linux-5.15.0-1047-azure-x86_64-with-glibc2.31)
        VSTS_7b238909-6802-4b65-b90d-184bca47f458_build_220_0
    method: PUT
    uri: https://management.azure.com/subscriptions/00000000-0000-0000-0000-000000000000/resourceGroups/cli_snapshot000001/providers/Microsoft.Storage/storageAccounts/snapshot000002/fileServices/default/shares/share000003?$expand=snapshots&api-version=2023-01-01
  response:
    body:
      string: '{"id":"/subscriptions/00000000-0000-0000-0000-000000000000/resourceGroups/cli_snapshot000001/providers/Microsoft.Storage/storageAccounts/snapshot000002/fileServices/default/shares/share000003","name":"share000003","type":"Microsoft.Storage/storageAccounts/fileServices/shares","properties":{"accessTier":"Hot","snapshotTime":"2023-10-19T09:46:28.0000000Z","metadata":{"k1":"v1"},"shareQuota":10,"enabledProtocols":"SMB","rootSquash":"AllSquash"}}'
    headers:
      cache-control:
      - no-cache
      content-length:
      - '446'
      content-type:
      - application/json
      date:
      - Thu, 19 Oct 2023 09:46:28 GMT
      expires:
      - '-1'
      pragma:
      - no-cache
      server:
      - Microsoft-Azure-Storage-Resource-Provider/1.0,Microsoft-HTTPAPI/2.0 Microsoft-HTTPAPI/2.0
      strict-transport-security:
      - max-age=31536000; includeSubDomains
      x-content-type-options:
      - nosniff
      x-ms-ratelimit-remaining-subscription-writes:
      - '1193'
    status:
      code: 201
      message: Created
- request:
    body: null
    headers:
      Accept:
      - application/json
      Accept-Encoding:
      - gzip, deflate
      CommandName:
      - storage share-rm show
      Connection:
      - keep-alive
      ParameterSetName:
      - --storage-account -g -n --snapshot
      User-Agent:
      - AZURECLI/2.53.0 azsdk-python-azure-mgmt-storage/21.1.0 Python/3.10.13 (Linux-5.15.0-1047-azure-x86_64-with-glibc2.31)
        VSTS_7b238909-6802-4b65-b90d-184bca47f458_build_220_0
      x-ms-snapshot:
      - '2023-10-19T09:46:28.0000000Z'
    method: GET
    uri: https://management.azure.com/subscriptions/00000000-0000-0000-0000-000000000000/resourceGroups/cli_snapshot000001/providers/Microsoft.Storage/storageAccounts/snapshot000002/fileServices/default/shares/share000003?api-version=2023-01-01
  response:
    body:
      string: '{"id":"/subscriptions/00000000-0000-0000-0000-000000000000/resourceGroups/cli_snapshot000001/providers/Microsoft.Storage/storageAccounts/snapshot000002/fileServices/default/shares/share000003","name":"share000003","type":"Microsoft.Storage/storageAccounts/fileServices/shares","etag":"\"0x8DBD088441DF200\"","properties":{"leaseStatus":"unlocked","leaseState":"available","signedIdentifiers":[],"accessTier":"TransactionOptimized","accessTierChangeTime":"2023-10-19T09:46:27.0000000Z","snapshotTime":"2023-10-19T09:46:28.0000000Z","metadata":{"k1":"v1"},"lastModifiedTime":"2023-10-19T09:46:28.0000000Z","shareQuota":5120}}'
    headers:
      cache-control:
      - no-cache
      content-length:
      - '623'
      content-type:
      - application/json
      date:
      - Thu, 19 Oct 2023 09:46:28 GMT
      etag:
      - '"0x8DBD088441DF200"'
      expires:
      - '-1'
      pragma:
      - no-cache
      server:
      - Microsoft-Azure-Storage-Resource-Provider/1.0,Microsoft-HTTPAPI/2.0 Microsoft-HTTPAPI/2.0
      strict-transport-security:
      - max-age=31536000; includeSubDomains
      x-content-type-options:
      - nosniff
    status:
      code: 200
      message: OK
- request:
    body: null
    headers:
      Accept:
      - application/json
      Accept-Encoding:
      - gzip, deflate
      CommandName:
      - storage share-rm list
      Connection:
      - keep-alive
      ParameterSetName:
      - --storage-account -g --include-snapshot
      User-Agent:
      - AZURECLI/2.53.0 azsdk-python-azure-mgmt-storage/21.1.0 Python/3.10.13 (Linux-5.15.0-1047-azure-x86_64-with-glibc2.31)
        VSTS_7b238909-6802-4b65-b90d-184bca47f458_build_220_0
    method: GET
    uri: https://management.azure.com/subscriptions/00000000-0000-0000-0000-000000000000/resourceGroups/cli_snapshot000001/providers/Microsoft.Storage/storageAccounts/snapshot000002/fileServices/default/shares?api-version=2023-01-01&$expand=snapshots
  response:
    body:
      string: '{"value":[{"id":"/subscriptions/00000000-0000-0000-0000-000000000000/resourceGroups/cli_snapshot000001/providers/Microsoft.Storage/storageAccounts/snapshot000002/fileServices/default/shares/share000003","name":"share000003","type":"Microsoft.Storage/storageAccounts/fileServices/shares","etag":"\"0x8DBD088441DF200\"","properties":{"leaseStatus":"unlocked","leaseState":"available","accessTier":"TransactionOptimized","snapshotTime":"2023-10-19T09:46:28.0000000Z","lastModifiedTime":"2023-10-19T09:46:28.0000000Z","shareQuota":5120,"enabledProtocols":"SMB"}},{"id":"/subscriptions/00000000-0000-0000-0000-000000000000/resourceGroups/cli_snapshot000001/providers/Microsoft.Storage/storageAccounts/snapshot000002/fileServices/default/shares/share000003","name":"share000003","type":"Microsoft.Storage/storageAccounts/fileServices/shares","etag":"\"0x8DBD088442C1394\"","properties":{"leaseStatus":"unlocked","leaseState":"available","accessTier":"TransactionOptimized","accessTierChangeTime":"2023-10-19T09:46:27.0000000Z","lastModifiedTime":"2023-10-19T09:46:28.0000000Z","shareQuota":5120,"enabledProtocols":"SMB"}}]}'
    headers:
      cache-control:
      - no-cache
      content-length:
      - '1117'
      content-type:
      - application/json
      date:
      - Thu, 19 Oct 2023 09:46:28 GMT
      expires:
      - '-1'
      pragma:
      - no-cache
      server:
      - Microsoft-Azure-Storage-Resource-Provider/1.0,Microsoft-HTTPAPI/2.0 Microsoft-HTTPAPI/2.0
      strict-transport-security:
      - max-age=31536000; includeSubDomains
      transfer-encoding:
      - chunked
      vary:
      - Accept-Encoding
      x-content-type-options:
      - nosniff
    status:
      code: 200
      message: OK
- request:
    body: null
    headers:
      Accept:
      - application/json
      Accept-Encoding:
      - gzip, deflate
      CommandName:
      - storage share-rm delete
      Connection:
      - keep-alive
      Content-Length:
      - '0'
      ParameterSetName:
      - --storage-account -g -n -y
      User-Agent:
      - AZURECLI/2.53.0 azsdk-python-azure-mgmt-storage/21.1.0 Python/3.10.13 (Linux-5.15.0-1047-azure-x86_64-with-glibc2.31)
        VSTS_7b238909-6802-4b65-b90d-184bca47f458_build_220_0
    method: DELETE
    uri: https://management.azure.com/subscriptions/00000000-0000-0000-0000-000000000000/resourceGroups/cli_snapshot000001/providers/Microsoft.Storage/storageAccounts/snapshot000002/fileServices/default/shares/share000003?api-version=2023-01-01&$include=none
  response:
    body:
      string: '{"error":{"code":"ShareHasSnapshots","message":"The share has snapshots
        and the operation requires no snapshots.\nRequestId:5ae853d7-701a-0032-0171-029029000000\nTime:2023-10-19T09:46:29.3532317Z"}}'
    headers:
      cache-control:
      - no-cache
      content-length:
      - '198'
      content-type:
      - application/json
      date:
      - Thu, 19 Oct 2023 09:46:29 GMT
      expires:
      - '-1'
      pragma:
      - no-cache
      server:
      - Microsoft-Azure-Storage-Resource-Provider/1.0,Microsoft-HTTPAPI/2.0 Microsoft-HTTPAPI/2.0
      strict-transport-security:
      - max-age=31536000; includeSubDomains
      x-content-type-options:
      - nosniff
      x-ms-ratelimit-remaining-subscription-deletes:
      - '14996'
    status:
      code: 409
      message: Conflict
- request:
    body: null
    headers:
      Accept:
      - application/json
      Accept-Encoding:
      - gzip, deflate
      CommandName:
      - storage share-rm delete
      Connection:
      - keep-alive
      Content-Length:
      - '0'
      ParameterSetName:
      - --storage-account -g -n --snapshot -y
      User-Agent:
      - AZURECLI/2.53.0 azsdk-python-azure-mgmt-storage/21.1.0 Python/3.10.13 (Linux-5.15.0-1047-azure-x86_64-with-glibc2.31)
        VSTS_7b238909-6802-4b65-b90d-184bca47f458_build_220_0
      x-ms-snapshot:
      - '2023-10-19T09:46:28.0000000Z'
    method: DELETE
    uri: https://management.azure.com/subscriptions/00000000-0000-0000-0000-000000000000/resourceGroups/cli_snapshot000001/providers/Microsoft.Storage/storageAccounts/snapshot000002/fileServices/default/shares/share000003?api-version=2023-01-01&$include=none
  response:
    body:
      string: ''
    headers:
      cache-control:
      - no-cache
      content-length:
      - '0'
      content-type:
      - text/plain; charset=utf-8
      date:
      - Thu, 19 Oct 2023 09:46:28 GMT
      expires:
      - '-1'
      pragma:
      - no-cache
      server:
      - Microsoft-Azure-Storage-Resource-Provider/1.0,Microsoft-HTTPAPI/2.0 Microsoft-HTTPAPI/2.0
      strict-transport-security:
      - max-age=31536000; includeSubDomains
      x-content-type-options:
      - nosniff
      x-ms-ratelimit-remaining-subscription-deletes:
      - '14993'
    status:
      code: 200
      message: OK
- request:
    body: null
    headers:
      Accept:
      - application/json
      Accept-Encoding:
      - gzip, deflate
      CommandName:
      - storage share-rm list
      Connection:
      - keep-alive
      ParameterSetName:
      - --storage-account -g --include-deleted --include-snapshot
      User-Agent:
      - AZURECLI/2.53.0 azsdk-python-azure-mgmt-storage/21.1.0 Python/3.10.13 (Linux-5.15.0-1047-azure-x86_64-with-glibc2.31)
        VSTS_7b238909-6802-4b65-b90d-184bca47f458_build_220_0
    method: GET
    uri: https://management.azure.com/subscriptions/00000000-0000-0000-0000-000000000000/resourceGroups/cli_snapshot000001/providers/Microsoft.Storage/storageAccounts/snapshot000002/fileServices/default/shares?api-version=2023-01-01&$expand=deleted%2Csnapshots
  response:
    body:
      string: '{"value":[{"id":"/subscriptions/00000000-0000-0000-0000-000000000000/resourceGroups/cli_snapshot000001/providers/Microsoft.Storage/storageAccounts/snapshot000002/fileServices/default/shares/share000003","name":"share000003","type":"Microsoft.Storage/storageAccounts/fileServices/shares","etag":"\"0x8DBD088442C1394\"","properties":{"leaseStatus":"unlocked","leaseState":"available","accessTier":"TransactionOptimized","accessTierChangeTime":"2023-10-19T09:46:27.0000000Z","lastModifiedTime":"2023-10-19T09:46:28.0000000Z","shareQuota":5120,"enabledProtocols":"SMB"}}]}'
    headers:
      cache-control:
      - no-cache
      content-length:
      - '568'
      content-type:
      - application/json
      date:
      - Thu, 19 Oct 2023 09:46:29 GMT
      expires:
      - '-1'
      pragma:
      - no-cache
      server:
      - Microsoft-Azure-Storage-Resource-Provider/1.0,Microsoft-HTTPAPI/2.0 Microsoft-HTTPAPI/2.0
      strict-transport-security:
      - max-age=31536000; includeSubDomains
      transfer-encoding:
      - chunked
      vary:
      - Accept-Encoding
      x-content-type-options:
      - nosniff
    status:
      code: 200
      message: OK
- request:
    body: null
    headers:
      Accept:
      - application/json
      Accept-Encoding:
      - gzip, deflate
      CommandName:
      - storage share-rm show
      Connection:
      - keep-alive
      ParameterSetName:
      - --storage-account -g -n --snapshot
      User-Agent:
      - AZURECLI/2.53.0 azsdk-python-azure-mgmt-storage/21.1.0 Python/3.10.13 (Linux-5.15.0-1047-azure-x86_64-with-glibc2.31)
        VSTS_7b238909-6802-4b65-b90d-184bca47f458_build_220_0
      x-ms-snapshot:
      - '2023-10-19T09:46:28.0000000Z'
    method: GET
    uri: https://management.azure.com/subscriptions/00000000-0000-0000-0000-000000000000/resourceGroups/cli_snapshot000001/providers/Microsoft.Storage/storageAccounts/snapshot000002/fileServices/default/shares/share000003?api-version=2023-01-01
  response:
    body:
      string: '{"error":{"code":"ShareNotFound","message":"The specified share does
        not exist.\nRequestId:5ae853db-701a-0032-0471-029029000000\nTime:2023-10-19T09:46:29.9618864Z"}}'
    headers:
      cache-control:
      - no-cache
      content-length:
      - '165'
      content-type:
      - application/json
      date:
      - Thu, 19 Oct 2023 09:46:29 GMT
      expires:
      - '-1'
      pragma:
      - no-cache
      server:
      - Microsoft-Azure-Storage-Resource-Provider/1.0,Microsoft-HTTPAPI/2.0 Microsoft-HTTPAPI/2.0
      strict-transport-security:
      - max-age=31536000; includeSubDomains
      x-content-type-options:
      - nosniff
    status:
      code: 404
      message: Not Found
- request:
    body: null
    headers:
      Accept:
      - application/json
      Accept-Encoding:
      - gzip, deflate
      CommandName:
      - storage share-rm delete
      Connection:
      - keep-alive
      Content-Length:
      - '0'
      ParameterSetName:
      - --storage-account -g -n -y
      User-Agent:
      - AZURECLI/2.53.0 azsdk-python-azure-mgmt-storage/21.1.0 Python/3.10.13 (Linux-5.15.0-1047-azure-x86_64-with-glibc2.31)
        VSTS_7b238909-6802-4b65-b90d-184bca47f458_build_220_0
    method: DELETE
    uri: https://management.azure.com/subscriptions/00000000-0000-0000-0000-000000000000/resourceGroups/cli_snapshot000001/providers/Microsoft.Storage/storageAccounts/snapshot000002/fileServices/default/shares/share000003?api-version=2023-01-01&$include=none
  response:
    body:
      string: ''
    headers:
      cache-control:
      - no-cache
      content-length:
      - '0'
      content-type:
      - text/plain; charset=utf-8
      date:
      - Thu, 19 Oct 2023 09:46:29 GMT
      expires:
      - '-1'
      pragma:
      - no-cache
      server:
      - Microsoft-Azure-Storage-Resource-Provider/1.0,Microsoft-HTTPAPI/2.0 Microsoft-HTTPAPI/2.0
      strict-transport-security:
      - max-age=31536000; includeSubDomains
      x-content-type-options:
      - nosniff
      x-ms-ratelimit-remaining-subscription-deletes:
      - '14998'
    status:
      code: 200
      message: OK
- request:
    body: null
    headers:
      Accept:
      - application/json
      Accept-Encoding:
      - gzip, deflate
      CommandName:
      - storage share-rm list
      Connection:
      - keep-alive
      ParameterSetName:
      - --storage-account -g --include-deleted --include-snapshot
      User-Agent:
      - AZURECLI/2.53.0 azsdk-python-azure-mgmt-storage/21.1.0 Python/3.10.13 (Linux-5.15.0-1047-azure-x86_64-with-glibc2.31)
        VSTS_7b238909-6802-4b65-b90d-184bca47f458_build_220_0
    method: GET
    uri: https://management.azure.com/subscriptions/00000000-0000-0000-0000-000000000000/resourceGroups/cli_snapshot000001/providers/Microsoft.Storage/storageAccounts/snapshot000002/fileServices/default/shares?api-version=2023-01-01&$expand=deleted%2Csnapshots
  response:
    body:
      string: '{"value":[{"id":"/subscriptions/00000000-0000-0000-0000-000000000000/resourceGroups/cli_snapshot000001/providers/Microsoft.Storage/storageAccounts/snapshot000002/fileServices/default/shares/share000003_01DA027121A780FA","name":"share000003","type":"Microsoft.Storage/storageAccounts/fileServices/shares","etag":"\"0x8DBD088442C1394\"","properties":{"leaseStatus":"unlocked","leaseState":"broken","version":"01DA027121A780FA","deleted":true,"deletedTime":"2023-10-19T09:46:30.0000000Z","remainingRetentionDays":7,"accessTier":"TransactionOptimized","accessTierChangeTime":"2023-10-19T09:46:27.0000000Z","lastModifiedTime":"2023-10-19T09:46:28.0000000Z","shareQuota":5120,"enabledProtocols":"SMB"}}]}'
    headers:
      cache-control:
      - no-cache
      content-length:
      - '698'
      content-type:
      - application/json
      date:
      - Thu, 19 Oct 2023 09:46:29 GMT
      expires:
      - '-1'
      pragma:
      - no-cache
      server:
      - Microsoft-Azure-Storage-Resource-Provider/1.0,Microsoft-HTTPAPI/2.0 Microsoft-HTTPAPI/2.0
      strict-transport-security:
      - max-age=31536000; includeSubDomains
      transfer-encoding:
      - chunked
      vary:
      - Accept-Encoding
      x-content-type-options:
      - nosniff
    status:
      code: 200
      message: OK
version: 1
