interactions:
- request:
    body: null
    headers:
      Accept:
      - application/json
      Accept-Encoding:
      - gzip, deflate
      CommandName:
      - storage account create
      Connection:
      - keep-alive
      ParameterSetName:
      - -n -g --kind -t -q
      User-Agent:
      - AZURECLI/2.51.0 (PIP) azsdk-python-azure-mgmt-resource/23.1.0b2 Python/3.9.13
        (Windows-10-10.0.19045-SP0)
    method: GET
    uri: https://management.azure.com/subscriptions/00000000-0000-0000-0000-000000000000/resourcegroups/cli_storage_account_encryption000001?api-version=2022-09-01
  response:
    body:
      string: '{"id":"/subscriptions/00000000-0000-0000-0000-000000000000/resourceGroups/cli_storage_account_encryption000001","name":"cli_storage_account_encryption000001","type":"Microsoft.Resources/resourceGroups","location":"eastus2euap","tags":{"product":"azurecli","cause":"automation","test":"test_storage_create_with_encryption_key_type","date":"2023-08-15T05:49:43Z","module":"storage","CreatedOnDate":"2023-08-15T05:49:46.0869575Z"},"properties":{"provisioningState":"Succeeded"}}'
    headers:
      cache-control:
      - no-cache
      content-length:
      - '475'
      content-type:
      - application/json; charset=utf-8
      date:
      - Tue, 15 Aug 2023 05:49:48 GMT
      expires:
      - '-1'
      pragma:
      - no-cache
      strict-transport-security:
      - max-age=31536000; includeSubDomains
      vary:
      - Accept-Encoding
      x-content-type-options:
      - nosniff
    status:
      code: 200
      message: OK
- request:
    body: '{"sku": {"name": "Standard_RAGRS"}, "kind": "StorageV2", "location": "eastus2euap",
      "properties": {"encryption": {"services": {"blob": {}, "table": {"enabled":
      true, "keyType": "Account"}, "queue": {"enabled": true, "keyType": "Service"}},
      "keySource": "Microsoft.Storage"}}}'
    headers:
      Accept:
      - application/json
      Accept-Encoding:
      - gzip, deflate
      CommandName:
      - storage account create
      Connection:
      - keep-alive
      Content-Length:
      - '275'
      Content-Type:
      - application/json
      ParameterSetName:
      - -n -g --kind -t -q
      User-Agent:
      - AZURECLI/2.51.0 (PIP) azsdk-python-azure-mgmt-storage/0.1.0 Python/3.9.13
        (Windows-10-10.0.19045-SP0)
    method: PUT
    uri: https://management.azure.com/subscriptions/00000000-0000-0000-0000-000000000000/resourceGroups/cli_storage_account_encryption000001/providers/Microsoft.Storage/storageAccounts/cliencryption000002?api-version=2023-01-01
  response:
    body:
      string: ''
    headers:
      cache-control:
      - no-cache
      content-length:
      - '0'
      content-type:
      - text/plain; charset=utf-8
      date:
      - Tue, 15 Aug 2023 05:49:52 GMT
      expires:
      - '-1'
      location:
      - https://management.azure.com/subscriptions/00000000-0000-0000-0000-000000000000/providers/Microsoft.Storage/locations/eastus2euap/asyncoperations/c859a059-9ffc-4f37-926e-195c8c2e1ffc?monitor=true&api-version=2023-01-01
      pragma:
      - no-cache
      server:
      - Microsoft-Azure-Storage-Resource-Provider/1.0,Microsoft-HTTPAPI/2.0 Microsoft-HTTPAPI/2.0
      strict-transport-security:
      - max-age=31536000; includeSubDomains
      x-content-type-options:
      - nosniff
      x-ms-operation-identifier:
      - tenantId=72f988bf-86f1-41af-91ab-2d7cd011db47,objectId=48f8229a-efaa-4c48-b7c8-08c675d698ec/eastus2euap/e2b940e4-227f-46a6-8d12-c512d5b40935
      x-ms-ratelimit-remaining-subscription-writes:
      - '1194'
    status:
      code: 202
      message: Accepted
- request:
    body: null
    headers:
      Accept:
      - '*/*'
      Accept-Encoding:
      - gzip, deflate
      CommandName:
      - storage account create
      Connection:
      - keep-alive
      ParameterSetName:
      - -n -g --kind -t -q
      User-Agent:
      - AZURECLI/2.51.0 (PIP) azsdk-python-azure-mgmt-storage/0.1.0 Python/3.9.13
        (Windows-10-10.0.19045-SP0)
    method: GET
    uri: https://management.azure.com/subscriptions/00000000-0000-0000-0000-000000000000/providers/Microsoft.Storage/locations/eastus2euap/asyncoperations/c859a059-9ffc-4f37-926e-195c8c2e1ffc?monitor=true&api-version=2023-01-01
  response:
    body:
      string: ''
    headers:
      cache-control:
      - no-cache
      content-length:
      - '0'
      content-type:
      - text/plain; charset=utf-8
      date:
      - Tue, 15 Aug 2023 05:49:53 GMT
      expires:
      - '-1'
      location:
      - https://management.azure.com/subscriptions/00000000-0000-0000-0000-000000000000/providers/Microsoft.Storage/locations/eastus2euap/asyncoperations/c859a059-9ffc-4f37-926e-195c8c2e1ffc?monitor=true&api-version=2023-01-01
      pragma:
      - no-cache
      server:
      - Microsoft-Azure-Storage-Resource-Provider/1.0,Microsoft-HTTPAPI/2.0 Microsoft-HTTPAPI/2.0
      strict-transport-security:
      - max-age=31536000; includeSubDomains
      x-content-type-options:
      - nosniff
    status:
      code: 202
      message: Accepted
- request:
    body: null
    headers:
      Accept:
      - '*/*'
      Accept-Encoding:
      - gzip, deflate
      CommandName:
      - storage account create
      Connection:
      - keep-alive
      ParameterSetName:
      - -n -g --kind -t -q
      User-Agent:
      - AZURECLI/2.51.0 (PIP) azsdk-python-azure-mgmt-storage/0.1.0 Python/3.9.13
        (Windows-10-10.0.19045-SP0)
    method: GET
    uri: https://management.azure.com/subscriptions/00000000-0000-0000-0000-000000000000/providers/Microsoft.Storage/locations/eastus2euap/asyncoperations/c859a059-9ffc-4f37-926e-195c8c2e1ffc?monitor=true&api-version=2023-01-01
  response:
    body:
      string: '{"sku":{"name":"Standard_RAGRS","tier":"Standard"},"kind":"StorageV2","id":"/subscriptions/00000000-0000-0000-0000-000000000000/resourceGroups/cli_storage_account_encryption000001/providers/Microsoft.Storage/storageAccounts/cliencryption000002","name":"cliencryption000002","type":"Microsoft.Storage/storageAccounts","location":"eastus2euap","tags":{"CreatedOnDate":"2023-08-15T05:49:49.8567099Z"},"properties":{"keyCreationTime":{"key1":"2023-08-15T05:49:50.3226627Z","key2":"2023-08-15T05:49:50.3226627Z"},"allowCrossTenantReplication":false,"privateEndpointConnections":[],"minimumTlsVersion":"TLS1_0","allowBlobPublicAccess":false,"networkAcls":{"ipv6Rules":[],"bypass":"AzureServices","virtualNetworkRules":[],"ipRules":[],"defaultAction":"Allow"},"supportsHttpsTrafficOnly":true,"encryption":{"services":{"file":{"keyType":"Account","enabled":true,"lastEnabledTime":"2023-08-15T05:49:50.7289200Z"},"table":{"keyType":"Account","enabled":true,"lastEnabledTime":"2023-08-15T05:49:50.7289200Z"},"blob":{"keyType":"Account","enabled":true,"lastEnabledTime":"2023-08-15T05:49:50.7289200Z"}},"keySource":"Microsoft.Storage"},"accessTier":"Hot","provisioningState":"Succeeded","creationTime":"2023-08-15T05:49:50.2446001Z","primaryEndpoints":{"dfs":"https://cliencryption000002.dfs.core.windows.net/","web":"https://cliencryption000002.z3.web.core.windows.net/","blob":"https://cliencryption000002.blob.core.windows.net/","queue":"https://cliencryption000002.queue.core.windows.net/","table":"https://cliencryption000002.table.core.windows.net/","file":"https://cliencryption000002.file.core.windows.net/"},"primaryLocation":"eastus2euap","statusOfPrimary":"available","secondaryLocation":"centraluseuap","statusOfSecondary":"available","secondaryEndpoints":{"dfs":"https://cliencryption000002-secondary.dfs.core.windows.net/","web":"https://cliencryption000002-secondary.z3.web.core.windows.net/","blob":"https://cliencryption000002-secondary.blob.core.windows.net/","queue":"https://cliencryption000002-secondary.queue.core.windows.net/","table":"https://cliencryption000002-secondary.table.core.windows.net/"}}}'
    headers:
      cache-control:
      - no-cache
      content-length:
      - '2113'
      content-type:
      - application/json
      date:
      - Tue, 15 Aug 2023 05:50:11 GMT
      expires:
      - '-1'
      pragma:
      - no-cache
      server:
      - Microsoft-Azure-Storage-Resource-Provider/1.0,Microsoft-HTTPAPI/2.0 Microsoft-HTTPAPI/2.0
      strict-transport-security:
      - max-age=31536000; includeSubDomains
      transfer-encoding:
      - chunked
      vary:
      - Accept-Encoding
      x-content-type-options:
      - nosniff
    status:
      code: 200
      message: OK
version: 1
