interactions:
- request:
    body: null
    headers:
      Accept:
      - application/json
      Accept-Encoding:
      - gzip, deflate
      CommandName:
      - storage account keys list
      Connection:
      - keep-alive
      Content-Length:
      - '0'
      ParameterSetName:
      - -n -g --query -o
      User-Agent:
      - AZURECLI/2.28.0 azsdk-python-azure-mgmt-storage/18.0.0 Python/3.7.9 (Windows-10-10.0.19041-SP0)
    method: POST
    uri: https://management.azure.com/subscriptions/00000000-0000-0000-0000-000000000000/resourceGroups/clitest.rg000001/providers/Microsoft.Storage/storageAccounts/clitest000002/listKeys?api-version=2021-06-01&$expand=kerb
  response:
    body:
      string: '{"keys":[{"creationTime":"2021-09-07T07:09:40.4873113Z","keyName":"key1","value":"veryFakedStorageAccountKey==","permissions":"FULL"},{"creationTime":"2021-09-07T07:09:40.4873113Z","keyName":"key2","value":"veryFakedStorageAccountKey==","permissions":"FULL"}]}'
    headers:
      cache-control:
      - no-cache
      content-length:
      - '380'
      content-type:
      - application/json
      date:
      - Tue, 07 Sep 2021 07:10:01 GMT
      expires:
      - '-1'
      pragma:
      - no-cache
      server:
      - Microsoft-Azure-Storage-Resource-Provider/1.0,Microsoft-HTTPAPI/2.0 Microsoft-HTTPAPI/2.0
      strict-transport-security:
      - max-age=31536000; includeSubDomains
      transfer-encoding:
      - chunked
      vary:
      - Accept-Encoding
      x-content-type-options:
      - nosniff
      x-ms-ratelimit-remaining-subscription-resource-requests:
      - '11998'
    status:
      code: 200
      message: OK
- request:
    body: null
    headers:
      Accept:
      - application/json
      Accept-Encoding:
      - gzip, deflate
      CommandName:
      - storage account show-connection-string
      Connection:
      - keep-alive
      Content-Length:
      - '0'
      ParameterSetName:
      - -n -g -o
      User-Agent:
      - AZURECLI/2.28.0 azsdk-python-azure-mgmt-storage/18.0.0 Python/3.7.9 (Windows-10-10.0.19041-SP0)
    method: POST
    uri: https://management.azure.com/subscriptions/00000000-0000-0000-0000-000000000000/resourceGroups/clitest.rg000001/providers/Microsoft.Storage/storageAccounts/clitest000002/listKeys?api-version=2021-06-01&$expand=kerb
  response:
    body:
      string: '{"keys":[{"creationTime":"2021-09-07T07:09:40.4873113Z","keyName":"key1","value":"veryFakedStorageAccountKey==","permissions":"FULL"},{"creationTime":"2021-09-07T07:09:40.4873113Z","keyName":"key2","value":"veryFakedStorageAccountKey==","permissions":"FULL"}]}'
    headers:
      cache-control:
      - no-cache
      content-length:
      - '380'
      content-type:
      - application/json
      date:
      - Tue, 07 Sep 2021 07:10:02 GMT
      expires:
      - '-1'
      pragma:
      - no-cache
      server:
      - Microsoft-Azure-Storage-Resource-Provider/1.0,Microsoft-HTTPAPI/2.0 Microsoft-HTTPAPI/2.0
      strict-transport-security:
      - max-age=31536000; includeSubDomains
      transfer-encoding:
      - chunked
      vary:
      - Accept-Encoding
      x-content-type-options:
      - nosniff
      x-ms-ratelimit-remaining-subscription-resource-requests:
      - '11997'
    status:
      code: 200
      message: OK
- request:
    body: null
    headers:
      Accept:
      - '*/*'
      Accept-Encoding:
      - gzip, deflate
      CommandName:
      - storage fs exists
      Connection:
      - keep-alive
      ParameterSetName:
      - -n --account-name --account-key
      User-Agent:
      - AZURECLI/2.28.0 azsdk-python-storage-dfs/12.3.0 Python/3.7.9 (Windows-10-10.0.19041-SP0)
      x-ms-date:
      - Tue, 07 Sep 2021 07:10:03 GMT
      x-ms-version:
      - '2020-02-10'
    method: GET
    uri: https://clitest000002.blob.core.windows.net/filesystem000003?restype=container
  response:
    body:
      string: "\uFEFF<?xml version=\"1.0\" encoding=\"utf-8\"?><Error><Code>ContainerNotFound</Code><Message>The
        specified container does not exist.\nRequestId:780c5743-501e-009b-24b7-a39b66000000\nTime:2021-09-07T07:10:05.8562168Z</Message></Error>"
    headers:
      content-length:
      - '225'
      content-type:
      - application/xml
      date:
      - Tue, 07 Sep 2021 07:10:05 GMT
      server:
      - Windows-Azure-Blob/1.0 Microsoft-HTTPAPI/2.0
      x-ms-error-code:
      - ContainerNotFound
      x-ms-version:
      - '2020-02-10'
    status:
      code: 404
      message: The specified container does not exist.
- request:
    body: null
    headers:
      Accept:
      - '*/*'
      Accept-Encoding:
      - gzip, deflate
      CommandName:
      - storage fs create
      Connection:
      - keep-alive
      Content-Length:
      - '0'
      ParameterSetName:
      - -n --public-access --account-name --account-key
      User-Agent:
      - AZURECLI/2.28.0 azsdk-python-storage-dfs/12.3.0 Python/3.7.9 (Windows-10-10.0.19041-SP0)
      x-ms-blob-public-access:
      - blob
      x-ms-date:
      - Tue, 07 Sep 2021 07:10:05 GMT
      x-ms-version:
      - '2020-02-10'
    method: PUT
    uri: https://clitest000002.blob.core.windows.net/filesystem000003?restype=container
  response:
    body:
      string: ''
    headers:
      content-length:
      - '0'
      date:
      - Tue, 07 Sep 2021 07:10:06 GMT
      etag:
      - '"0x8D971CE85A47438"'
      last-modified:
      - Tue, 07 Sep 2021 07:10:06 GMT
      server:
      - Windows-Azure-Blob/1.0 Microsoft-HTTPAPI/2.0
      x-ms-version:
      - '2020-02-10'
    status:
      code: 201
      message: Created
- request:
    body: null
    headers:
      Accept:
      - '*/*'
      Accept-Encoding:
      - gzip, deflate
      CommandName:
      - storage fs exists
      Connection:
      - keep-alive
      ParameterSetName:
      - -n --account-name --account-key
      User-Agent:
      - AZURECLI/2.28.0 azsdk-python-storage-dfs/12.3.0 Python/3.7.9 (Windows-10-10.0.19041-SP0)
      x-ms-date:
      - Tue, 07 Sep 2021 07:10:07 GMT
      x-ms-version:
      - '2020-02-10'
    method: GET
    uri: https://clitest000002.blob.core.windows.net/filesystem000003?restype=container
  response:
    body:
      string: ''
    headers:
      content-length:
      - '0'
      date:
      - Tue, 07 Sep 2021 07:10:07 GMT
      etag:
      - '"0x8D971CE85A47438"'
      last-modified:
      - Tue, 07 Sep 2021 07:10:06 GMT
      server:
      - Windows-Azure-Blob/1.0 Microsoft-HTTPAPI/2.0
      x-ms-blob-public-access:
      - blob
      x-ms-default-encryption-scope:
      - $account-encryption-key
      x-ms-deny-encryption-scope-override:
      - 'false'
      x-ms-has-immutability-policy:
      - 'false'
      x-ms-has-legal-hold:
      - 'false'
      x-ms-lease-state:
      - available
      x-ms-lease-status:
      - unlocked
      x-ms-version:
      - '2020-02-10'
    status:
      code: 200
      message: OK
- request:
    body: null
    headers:
      Accept:
      - '*/*'
      Accept-Encoding:
      - gzip, deflate
      CommandName:
      - storage fs show
      Connection:
      - keep-alive
      ParameterSetName:
      - -n --account-name --account-key
      User-Agent:
      - AZURECLI/2.28.0 azsdk-python-storage-dfs/12.3.0 Python/3.7.9 (Windows-10-10.0.19041-SP0)
      x-ms-date:
      - Tue, 07 Sep 2021 07:10:08 GMT
      x-ms-version:
      - '2020-02-10'
    method: GET
    uri: https://clitest000002.blob.core.windows.net/filesystem000003?restype=container
  response:
    body:
      string: ''
    headers:
      content-length:
      - '0'
      date:
      - Tue, 07 Sep 2021 07:10:08 GMT
      etag:
      - '"0x8D971CE85A47438"'
      last-modified:
      - Tue, 07 Sep 2021 07:10:06 GMT
      server:
      - Windows-Azure-Blob/1.0 Microsoft-HTTPAPI/2.0
      x-ms-blob-public-access:
      - blob
      x-ms-default-encryption-scope:
      - $account-encryption-key
      x-ms-deny-encryption-scope-override:
      - 'false'
      x-ms-has-immutability-policy:
      - 'false'
      x-ms-has-legal-hold:
      - 'false'
      x-ms-lease-state:
      - available
      x-ms-lease-status:
      - unlocked
      x-ms-version:
      - '2020-02-10'
    status:
      code: 200
      message: OK
- request:
    body: null
    headers:
      Accept:
      - '*/*'
      Accept-Encoding:
      - gzip, deflate
      CommandName:
      - storage fs create
      Connection:
      - keep-alive
      Content-Length:
      - '0'
      ParameterSetName:
      - -n --public-access --connection-string
      User-Agent:
      - AZURECLI/2.28.0 azsdk-python-storage-dfs/12.3.0 Python/3.7.9 (Windows-10-10.0.19041-SP0)
      x-ms-blob-public-access:
      - container
      x-ms-date:
      - Tue, 07 Sep 2021 07:10:09 GMT
      x-ms-version:
      - '2020-02-10'
    method: PUT
    uri: https://clitest000002.blob.core.windows.net/filesystem000004?restype=container
  response:
    body:
      string: ''
    headers:
      content-length:
      - '0'
      date:
      - Tue, 07 Sep 2021 07:10:10 GMT
      etag:
      - '"0x8D971CE879118EC"'
      last-modified:
      - Tue, 07 Sep 2021 07:10:10 GMT
      server:
      - Windows-Azure-Blob/1.0 Microsoft-HTTPAPI/2.0
      x-ms-version:
      - '2020-02-10'
    status:
      code: 201
      message: Created
- request:
    body: null
    headers:
      Accept:
      - '*/*'
      Accept-Encoding:
      - gzip, deflate
      CommandName:
      - storage fs show
      Connection:
      - keep-alive
      ParameterSetName:
      - -n --connection-string
      User-Agent:
      - AZURECLI/2.28.0 azsdk-python-storage-dfs/12.3.0 Python/3.7.9 (Windows-10-10.0.19041-SP0)
      x-ms-date:
      - Tue, 07 Sep 2021 07:10:10 GMT
      x-ms-version:
      - '2020-02-10'
    method: GET
    uri: https://clitest000002.blob.core.windows.net/filesystem000004?restype=container
  response:
    body:
      string: ''
    headers:
      content-length:
      - '0'
      date:
      - Tue, 07 Sep 2021 07:10:10 GMT
      etag:
      - '"0x8D971CE879118EC"'
      last-modified:
      - Tue, 07 Sep 2021 07:10:10 GMT
      server:
      - Windows-Azure-Blob/1.0 Microsoft-HTTPAPI/2.0
      x-ms-blob-public-access:
      - container
      x-ms-default-encryption-scope:
      - $account-encryption-key
      x-ms-deny-encryption-scope-override:
      - 'false'
      x-ms-has-immutability-policy:
      - 'false'
      x-ms-has-legal-hold:
      - 'false'
      x-ms-lease-state:
      - available
      x-ms-lease-status:
      - unlocked
      x-ms-version:
      - '2020-02-10'
    status:
      code: 200
      message: OK
- request:
    body: null
    headers:
      Accept:
      - '*/*'
      Accept-Encoding:
      - gzip, deflate
      CommandName:
      - storage fs create
      Connection:
      - keep-alive
      Content-Length:
      - '0'
      ParameterSetName:
      - -n --public-access --account-name --account-key
      User-Agent:
      - AZURECLI/2.28.0 azsdk-python-storage-dfs/12.3.0 Python/3.7.9 (Windows-10-10.0.19041-SP0)
      x-ms-date:
      - Tue, 07 Sep 2021 07:10:11 GMT
      x-ms-version:
      - '2020-02-10'
    method: PUT
    uri: https://clitest000002.blob.core.windows.net/filesystem000005?restype=container
  response:
    body:
      string: ''
    headers:
      content-length:
      - '0'
      date:
      - Tue, 07 Sep 2021 07:10:12 GMT
      etag:
      - '"0x8D971CE88D596E0"'
      last-modified:
      - Tue, 07 Sep 2021 07:10:12 GMT
      server:
      - Windows-Azure-Blob/1.0 Microsoft-HTTPAPI/2.0
      x-ms-version:
      - '2020-02-10'
    status:
      code: 201
      message: Created
- request:
    body: null
    headers:
      Accept:
      - '*/*'
      Accept-Encoding:
      - gzip, deflate
      CommandName:
      - storage fs show
      Connection:
      - keep-alive
      ParameterSetName:
      - -n --account-name --account-key
      User-Agent:
      - AZURECLI/2.28.0 azsdk-python-storage-dfs/12.3.0 Python/3.7.9 (Windows-10-10.0.19041-SP0)
      x-ms-date:
      - Tue, 07 Sep 2021 07:10:12 GMT
      x-ms-version:
      - '2020-02-10'
    method: GET
    uri: https://clitest000002.blob.core.windows.net/filesystem000005?restype=container
  response:
    body:
      string: ''
    headers:
      content-length:
      - '0'
      date:
      - Tue, 07 Sep 2021 07:10:12 GMT
      etag:
      - '"0x8D971CE88D596E0"'
      last-modified:
      - Tue, 07 Sep 2021 07:10:12 GMT
      server:
      - Windows-Azure-Blob/1.0 Microsoft-HTTPAPI/2.0
      x-ms-default-encryption-scope:
      - $account-encryption-key
      x-ms-deny-encryption-scope-override:
      - 'false'
      x-ms-has-immutability-policy:
      - 'false'
      x-ms-has-legal-hold:
      - 'false'
      x-ms-lease-state:
      - available
      x-ms-lease-status:
      - unlocked
      x-ms-version:
      - '2020-02-10'
    status:
      code: 200
      message: OK
- request:
    body: null
    headers:
      Accept:
      - application/xml
      Accept-Encoding:
      - gzip, deflate
      CommandName:
      - storage fs list
      Connection:
      - keep-alive
      ParameterSetName:
      - --account-name --account-key
      User-Agent:
      - AZURECLI/2.28.0 azsdk-python-storage-blob/12.6.0b1 Python/3.7.9 (Windows-10-10.0.19041-SP0)
      x-ms-date:
      - Tue, 07 Sep 2021 07:10:13 GMT
      x-ms-version:
      - '2020-02-10'
    method: GET
    uri: https://clitest000002.blob.core.windows.net/?include=&comp=list
  response:
    body:
      string: "\uFEFF<?xml version=\"1.0\" encoding=\"utf-8\"?><EnumerationResults
        ServiceEndpoint=\"https://clitest000002.blob.core.windows.net/\"><Containers><Container><Name>filesystem000005</Name><Properties><Last-Modified>Tue,
        07 Sep 2021 07:10:12 GMT</Last-Modified><Etag>\"0x8D971CE88D596E0\"</Etag><LeaseStatus>unlocked</LeaseStatus><LeaseState>available</LeaseState><DefaultEncryptionScope>$account-encryption-key</DefaultEncryptionScope><DenyEncryptionScopeOverride>false</DenyEncryptionScopeOverride><HasImmutabilityPolicy>false</HasImmutabilityPolicy><HasLegalHold>false</HasLegalHold></Properties></Container><Container><Name>filesystem000004</Name><Properties><Last-Modified>Tue,
        07 Sep 2021 07:10:10 GMT</Last-Modified><Etag>\"0x8D971CE879118EC\"</Etag><LeaseStatus>unlocked</LeaseStatus><LeaseState>available</LeaseState><PublicAccess>container</PublicAccess><DefaultEncryptionScope>$account-encryption-key</DefaultEncryptionScope><DenyEncryptionScopeOverride>false</DenyEncryptionScopeOverride><HasImmutabilityPolicy>false</HasImmutabilityPolicy><HasLegalHold>false</HasLegalHold></Properties></Container><Container><Name>filesystem000003</Name><Properties><Last-Modified>Tue,
        07 Sep 2021 07:10:06 GMT</Last-Modified><Etag>\"0x8D971CE85A47438\"</Etag><LeaseStatus>unlocked</LeaseStatus><LeaseState>available</LeaseState><PublicAccess>blob</PublicAccess><DefaultEncryptionScope>$account-encryption-key</DefaultEncryptionScope><DenyEncryptionScopeOverride>false</DenyEncryptionScopeOverride><HasImmutabilityPolicy>false</HasImmutabilityPolicy><HasLegalHold>false</HasLegalHold></Properties></Container></Containers><NextMarker
        /></EnumerationResults>"
    headers:
      content-type:
      - application/xml
      date:
      - Tue, 07 Sep 2021 07:10:13 GMT
      server:
      - Windows-Azure-Blob/1.0 Microsoft-HTTPAPI/2.0
      transfer-encoding:
      - chunked
      x-ms-version:
      - '2020-02-10'
    status:
      code: 200
      message: OK
- request:
    body: null
    headers:
      Accept:
      - '*/*'
      Accept-Encoding:
      - gzip, deflate
      CommandName:
      - storage fs delete
      Connection:
      - keep-alive
      Content-Length:
      - '0'
      ParameterSetName:
      - -n -y --account-name --account-key
      User-Agent:
      - AZURECLI/2.28.0 azsdk-python-storage-dfs/12.3.0 Python/3.7.9 (Windows-10-10.0.19041-SP0)
      x-ms-date:
      - Tue, 07 Sep 2021 07:10:14 GMT
      x-ms-version:
      - '2020-02-10'
    method: DELETE
    uri: https://clitest000002.blob.core.windows.net/filesystem000003?restype=container
  response:
    body:
      string: ''
    headers:
      content-length:
      - '0'
      date:
      - Tue, 07 Sep 2021 07:10:15 GMT
      server:
      - Windows-Azure-Blob/1.0 Microsoft-HTTPAPI/2.0
      x-ms-version:
      - '2020-02-10'
    status:
      code: 202
      message: Accepted
- request:
    body: null
    headers:
      Accept:
      - '*/*'
      Accept-Encoding:
      - gzip, deflate
      CommandName:
      - storage fs delete
      Connection:
      - keep-alive
      Content-Length:
      - '0'
      ParameterSetName:
      - -n -y --account-name --account-key
      User-Agent:
      - AZURECLI/2.28.0 azsdk-python-storage-dfs/12.3.0 Python/3.7.9 (Windows-10-10.0.19041-SP0)
      x-ms-date:
      - Tue, 07 Sep 2021 07:10:15 GMT
      x-ms-version:
      - '2020-02-10'
    method: DELETE
    uri: https://clitest000002.blob.core.windows.net/filesystem000004?restype=container
  response:
    body:
      string: ''
    headers:
      content-length:
      - '0'
      date:
      - Tue, 07 Sep 2021 07:10:15 GMT
      server:
      - Windows-Azure-Blob/1.0 Microsoft-HTTPAPI/2.0
      x-ms-version:
      - '2020-02-10'
    status:
      code: 202
      message: Accepted
- request:
    body: null
    headers:
      Accept:
      - '*/*'
      Accept-Encoding:
      - gzip, deflate
      CommandName:
      - storage fs delete
      Connection:
      - keep-alive
      Content-Length:
      - '0'
      ParameterSetName:
      - -n -y --account-name --account-key
      User-Agent:
      - AZURECLI/2.28.0 azsdk-python-storage-dfs/12.3.0 Python/3.7.9 (Windows-10-10.0.19041-SP0)
      x-ms-date:
      - Tue, 07 Sep 2021 07:10:16 GMT
      x-ms-version:
      - '2020-02-10'
    method: DELETE
    uri: https://clitest000002.blob.core.windows.net/filesystem000005?restype=container
  response:
    body:
      string: ''
    headers:
      content-length:
      - '0'
      date:
      - Tue, 07 Sep 2021 07:10:17 GMT
      server:
      - Windows-Azure-Blob/1.0 Microsoft-HTTPAPI/2.0
      x-ms-version:
      - '2020-02-10'
    status:
      code: 202
      message: Accepted
version: 1
