interactions:
- request:
    body: '{"properties": {"enabledProtocols": "NFS", "rootSquash": "AllSquash"}}'
    headers:
      Accept:
      - application/json
      Accept-Encoding:
      - gzip, deflate
      CommandName:
      - storage share-rm create
      Connection:
      - keep-alive
      Content-Length:
      - '70'
      Content-Type:
      - application/json; charset=utf-8
      ParameterSetName:
      - --storage-account -g -n --enabled-protocols --root-squash
      User-Agent:
      - python/3.7.7 (Windows-10-10.0.19041-SP0) msrest/0.6.18 msrest_azure/0.6.3
        azure-mgmt-storage/11.2.0 Azure-SDK-For-Python AZURECLI/2.14.0
      accept-language:
      - en-US
    method: PUT
    uri: https://management.azure.com/subscriptions/00000000-0000-0000-0000-000000000000/resourceGroups/cli_nfs000001/providers/Microsoft.Storage/storageAccounts/nfs000002/fileServices/default/shares/share000003?api-version=2019-06-01
  response:
    body:
      string: '{"id":"/subscriptions/00000000-0000-0000-0000-000000000000/resourceGroups/cli_nfs000001/providers/Microsoft.Storage/storageAccounts/nfs000002/fileServices/default/shares/share000003","name":"share000003","type":"Microsoft.Storage/storageAccounts/fileServices/shares","properties":{"enabledProtocols":"NFS","rootSquash":"AllSquash"}}'
    headers:
      cache-control:
      - no-cache
      content-length:
      - '435'
      content-type:
      - application/json
      date:
      - Fri, 06 Nov 2020 02:27:21 GMT
      etag:
      - '"0x8D881FB7DE65759"'
      expires:
      - '-1'
      pragma:
      - no-cache
      server:
      - Microsoft-Azure-Storage-Resource-Provider/1.0,Microsoft-HTTPAPI/2.0 Microsoft-HTTPAPI/2.0
      strict-transport-security:
      - max-age=31536000; includeSubDomains
      x-content-type-options:
      - nosniff
      x-ms-ratelimit-remaining-subscription-writes:
      - '1198'
    status:
      code: 201
      message: Created
- request:
    body: null
    headers:
      Accept:
      - application/json
      Accept-Encoding:
      - gzip, deflate
      CommandName:
      - storage share-rm update
      Connection:
      - keep-alive
      ParameterSetName:
      - --storage-account -g -n --root-squash
      User-Agent:
      - python/3.7.7 (Windows-10-10.0.19041-SP0) msrest/0.6.18 msrest_azure/0.6.3
        azure-mgmt-storage/11.2.0 Azure-SDK-For-Python AZURECLI/2.14.0
      accept-language:
      - en-US
    method: GET
    uri: https://management.azure.com/subscriptions/00000000-0000-0000-0000-000000000000/resourceGroups/cli_nfs000001/providers/Microsoft.Storage/storageAccounts/nfs000002/fileServices/default/shares/share000003?api-version=2019-06-01
  response:
    body:
      string: '{"id":"/subscriptions/00000000-0000-0000-0000-000000000000/resourceGroups/cli_nfs000001/providers/Microsoft.Storage/storageAccounts/nfs000002/fileServices/default/shares/share000003","name":"share000003","type":"Microsoft.Storage/storageAccounts/fileServices/shares","etag":"\"0x8D881FB7DE65759\"","properties":{"accessTier":"Premium","lastModifiedTime":"2020-11-06T02:27:22.0000000Z","shareQuota":100,"enabledProtocols":"NFS","rootSquash":"AllSquash"}}'
    headers:
      cache-control:
      - no-cache
      content-length:
      - '556'
      content-type:
      - application/json
      date:
      - Fri, 06 Nov 2020 02:27:22 GMT
      etag:
      - '"0x8D881FB7DE65759"'
      expires:
      - '-1'
      pragma:
      - no-cache
      server:
      - Microsoft-Azure-Storage-Resource-Provider/1.0,Microsoft-HTTPAPI/2.0 Microsoft-HTTPAPI/2.0
      strict-transport-security:
      - max-age=31536000; includeSubDomains
      transfer-encoding:
      - chunked
      vary:
      - Accept-Encoding
      x-content-type-options:
      - nosniff
    status:
      code: 200
      message: OK
- request:
    body: '{"properties": {"shareQuota": 100, "enabledProtocols": "NFS", "rootSquash":
      "NoRootSquash", "accessTier": "Premium"}}'
    headers:
      Accept:
      - application/json
      Accept-Encoding:
      - gzip, deflate
      CommandName:
      - storage share-rm update
      Connection:
      - keep-alive
      Content-Length:
      - '117'
      Content-Type:
      - application/json; charset=utf-8
      ParameterSetName:
      - --storage-account -g -n --root-squash
      User-Agent:
      - python/3.7.7 (Windows-10-10.0.19041-SP0) msrest/0.6.18 msrest_azure/0.6.3
        azure-mgmt-storage/11.2.0 Azure-SDK-For-Python AZURECLI/2.14.0
      accept-language:
      - en-US
    method: PATCH
    uri: https://management.azure.com/subscriptions/00000000-0000-0000-0000-000000000000/resourceGroups/cli_nfs000001/providers/Microsoft.Storage/storageAccounts/nfs000002/fileServices/default/shares/share000003?api-version=2019-06-01
  response:
    body:
      string: '{"id":"/subscriptions/00000000-0000-0000-0000-000000000000/resourceGroups/cli_nfs000001/providers/Microsoft.Storage/storageAccounts/nfs000002/fileServices/default/shares/share000003","name":"share000003","type":"Microsoft.Storage/storageAccounts/fileServices/shares","properties":{"accessTier":"Premium","shareQuota":100,"enabledProtocols":"NFS","rootSquash":"NoRootSquash"}}'
    headers:
      cache-control:
      - no-cache
      content-length:
      - '478'
      content-type:
      - application/json
      date:
      - Fri, 06 Nov 2020 02:27:22 GMT
      etag:
      - '"0x8D881FB7ED59DC7"'
      expires:
      - '-1'
      pragma:
      - no-cache
      server:
      - Microsoft-Azure-Storage-Resource-Provider/1.0,Microsoft-HTTPAPI/2.0 Microsoft-HTTPAPI/2.0
      strict-transport-security:
      - max-age=31536000; includeSubDomains
      transfer-encoding:
      - chunked
      vary:
      - Accept-Encoding
      x-content-type-options:
      - nosniff
      x-ms-ratelimit-remaining-subscription-writes:
      - '1199'
    status:
      code: 200
      message: OK
- request:
    body: null
    headers:
      Accept:
      - application/json
      Accept-Encoding:
      - gzip, deflate
      CommandName:
      - storage share-rm show
      Connection:
      - keep-alive
      ParameterSetName:
      - --storage-account -g -n
      User-Agent:
      - python/3.7.7 (Windows-10-10.0.19041-SP0) msrest/0.6.18 msrest_azure/0.6.3
        azure-mgmt-storage/11.2.0 Azure-SDK-For-Python AZURECLI/2.14.0
      accept-language:
      - en-US
    method: GET
    uri: https://management.azure.com/subscriptions/00000000-0000-0000-0000-000000000000/resourceGroups/cli_nfs000001/providers/Microsoft.Storage/storageAccounts/nfs000002/fileServices/default/shares/share000003?api-version=2019-06-01
  response:
    body:
      string: '{"id":"/subscriptions/00000000-0000-0000-0000-000000000000/resourceGroups/cli_nfs000001/providers/Microsoft.Storage/storageAccounts/nfs000002/fileServices/default/shares/share000003","name":"share000003","type":"Microsoft.Storage/storageAccounts/fileServices/shares","etag":"\"0x8D881FB7ED59DC7\"","properties":{"accessTier":"Premium","lastModifiedTime":"2020-11-06T02:27:23.0000000Z","shareQuota":100,"enabledProtocols":"NFS","rootSquash":"NoRootSquash"}}'
    headers:
      cache-control:
      - no-cache
      content-length:
      - '559'
      content-type:
      - application/json
      date:
      - Fri, 06 Nov 2020 02:27:24 GMT
      etag:
      - '"0x8D881FB7ED59DC7"'
      expires:
      - '-1'
      pragma:
      - no-cache
      server:
      - Microsoft-Azure-Storage-Resource-Provider/1.0,Microsoft-HTTPAPI/2.0 Microsoft-HTTPAPI/2.0
      strict-transport-security:
      - max-age=31536000; includeSubDomains
      transfer-encoding:
      - chunked
      vary:
      - Accept-Encoding
      x-content-type-options:
      - nosniff
    status:
      code: 200
      message: OK
- request:
    body: null
    headers:
      Accept:
      - application/json
      Accept-Encoding:
      - gzip, deflate
      CommandName:
      - storage share-rm list
      Connection:
      - keep-alive
      ParameterSetName:
      - --storage-account -g
      User-Agent:
      - python/3.7.7 (Windows-10-10.0.19041-SP0) msrest/0.6.18 msrest_azure/0.6.3
        azure-mgmt-storage/11.2.0 Azure-SDK-For-Python AZURECLI/2.14.0
      accept-language:
      - en-US
    method: GET
    uri: https://management.azure.com/subscriptions/00000000-0000-0000-0000-000000000000/resourceGroups/cli_nfs000001/providers/Microsoft.Storage/storageAccounts/nfs000002/fileServices/default/shares?api-version=2019-06-01
  response:
    body:
      string: '{"value":[{"id":"/subscriptions/00000000-0000-0000-0000-000000000000/resourceGroups/cli_nfs000001/providers/Microsoft.Storage/storageAccounts/nfs000002/fileServices/default/shares/share000003","name":"share000003","type":"Microsoft.Storage/storageAccounts/fileServices/shares","etag":"\"0x8D881FB7ED59DC7\"","properties":{"accessTier":"Premium","lastModifiedTime":"2020-11-06T02:27:23.0000000Z","shareQuota":100,"enabledProtocols":"NFS","rootSquash":"NoRootSquash"}}]}'
    headers:
      cache-control:
      - no-cache
      content-length:
      - '571'
      content-type:
      - application/json
      date:
      - Fri, 06 Nov 2020 02:27:25 GMT
      expires:
      - '-1'
      pragma:
      - no-cache
      server:
      - Microsoft-Azure-Storage-Resource-Provider/1.0,Microsoft-HTTPAPI/2.0 Microsoft-HTTPAPI/2.0
      strict-transport-security:
      - max-age=31536000; includeSubDomains
      transfer-encoding:
      - chunked
      vary:
      - Accept-Encoding
      x-content-type-options:
      - nosniff
    status:
      code: 200
      message: OK
- request:
    body: null
    headers:
      Accept:
      - application/json
      Accept-Encoding:
      - gzip, deflate
      CommandName:
      - storage share-rm delete
      Connection:
      - keep-alive
      Content-Length:
      - '0'
      ParameterSetName:
      - --storage-account -g -n -y
      User-Agent:
      - python/3.7.7 (Windows-10-10.0.19041-SP0) msrest/0.6.18 msrest_azure/0.6.3
        azure-mgmt-storage/11.2.0 Azure-SDK-For-Python AZURECLI/2.14.0
      accept-language:
      - en-US
    method: DELETE
    uri: https://management.azure.com/subscriptions/00000000-0000-0000-0000-000000000000/resourceGroups/cli_nfs000001/providers/Microsoft.Storage/storageAccounts/nfs000002/fileServices/default/shares/share000003?api-version=2019-06-01
  response:
    body:
      string: ''
    headers:
      cache-control:
      - no-cache
      content-length:
      - '0'
      content-type:
      - text/plain; charset=utf-8
      date:
      - Fri, 06 Nov 2020 02:27:25 GMT
      expires:
      - '-1'
      pragma:
      - no-cache
      server:
      - Microsoft-Azure-Storage-Resource-Provider/1.0,Microsoft-HTTPAPI/2.0 Microsoft-HTTPAPI/2.0
      strict-transport-security:
      - max-age=31536000; includeSubDomains
      x-content-type-options:
      - nosniff
      x-ms-ratelimit-remaining-subscription-deletes:
      - '14999'
    status:
      code: 200
      message: OK
- request:
    body: null
    headers:
      Accept:
      - application/json
      Accept-Encoding:
      - gzip, deflate
      CommandName:
      - storage share-rm list
      Connection:
      - keep-alive
      ParameterSetName:
      - --storage-account -g
      User-Agent:
      - python/3.7.7 (Windows-10-10.0.19041-SP0) msrest/0.6.18 msrest_azure/0.6.3
        azure-mgmt-storage/11.2.0 Azure-SDK-For-Python AZURECLI/2.14.0
      accept-language:
      - en-US
    method: GET
    uri: https://management.azure.com/subscriptions/00000000-0000-0000-0000-000000000000/resourceGroups/cli_nfs000001/providers/Microsoft.Storage/storageAccounts/nfs000002/fileServices/default/shares?api-version=2019-06-01
  response:
    body:
      string: '{"value":[]}'
    headers:
      cache-control:
      - no-cache
      content-length:
      - '12'
      content-type:
      - application/json
      date:
      - Fri, 06 Nov 2020 02:27:26 GMT
      expires:
      - '-1'
      pragma:
      - no-cache
      server:
      - Microsoft-Azure-Storage-Resource-Provider/1.0,Microsoft-HTTPAPI/2.0 Microsoft-HTTPAPI/2.0
      strict-transport-security:
      - max-age=31536000; includeSubDomains
      transfer-encoding:
      - chunked
      vary:
      - Accept-Encoding
      x-content-type-options:
      - nosniff
    status:
      code: 200
      message: OK
version: 1
