interactions:
- request:
    body: null
    headers:
      Accept:
      - application/json
      Accept-Encoding:
      - gzip, deflate
      CommandName:
      - storage account keys list
      Connection:
      - keep-alive
      Content-Length:
      - '0'
      ParameterSetName:
      - -n -g --query -o
      User-Agent:
      - AZURECLI/2.69.0 azsdk-python-core/1.31.0 Python/3.12.9 (Windows-10-10.0.19045-SP0)
    method: POST
    uri: https://management.azure.com/subscriptions/00000000-0000-0000-0000-000000000000/resourceGroups/clitest.rg000001/providers/Microsoft.Storage/storageAccounts/clitest000002/listKeys?api-version=2024-01-01&$expand=kerb
  response:
    body:
      string: '{"keys":[{"creationTime":"2025-02-23T09:22:18.6095919Z","keyName":"key1","value":"veryFakedStorageAccountKey==","permissions":"FULL"},{"creationTime":"2025-02-23T09:22:18.6095919Z","keyName":"key2","value":"veryFakedStorageAccountKey==","permissions":"FULL"}]}'
    headers:
      cache-control:
      - no-cache
      content-length:
      - '260'
      content-type:
      - application/json
      date:
      - Sun, 23 Feb 2025 09:22:43 GMT
      expires:
      - '-1'
      pragma:
      - no-cache
      server:
      - Microsoft-Azure-Storage-Resource-Provider/1.0,Microsoft-HTTPAPI/2.0 Microsoft-HTTPAPI/2.0
      strict-transport-security:
      - max-age=31536000; includeSubDomains
      x-content-type-options:
      - nosniff
      x-ms-operation-identifier:
      - tenantId=54826b22-38d6-4fb2-bad9-b7b93a3e9c5a,objectId=a7250e3a-0e5e-48e2-9a34-45f1f5e1a91e/eastus2euap/2a3e16c9-c4d3-42d2-85e3-b251ce0e1be6
      x-ms-ratelimit-remaining-subscription-resource-requests:
      - '11987'
    status:
      code: 200
      message: OK
- request:
    body: null
    headers:
      Accept:
      - application/xml
      Accept-Encoding:
      - gzip, deflate
      CommandName:
      - storage container create
      Connection:
      - keep-alive
      Content-Length:
      - '0'
      ParameterSetName:
      - -n --account-name --account-key
      User-Agent:
      - AZURECLI/2.69.0 azsdk-python-storage-blob/12.16.0 Python/3.12.9 (Windows-10-10.0.19045-SP0)
      x-ms-date:
      - Sun, 23 Feb 2025 09:22:44 GMT
      x-ms-version:
      - '2022-11-02'
    method: PUT
    uri: https://clitest000002.blob.core.windows.net/cont000003?restype=container
  response:
    body:
      string: ''
    headers:
      content-length:
      - '0'
      date:
      - Sun, 23 Feb 2025 09:22:45 GMT
      etag:
      - '"0x8DD53EBA1BBC223"'
      last-modified:
      - Sun, 23 Feb 2025 09:22:45 GMT
      server:
      - Windows-Azure-Blob/1.0 Microsoft-HTTPAPI/2.0
      x-ms-version:
      - '2022-11-02'
    status:
      code: 201
      message: Created
- request:
    body: '<?xml version=''1.0'' encoding=''utf-8''?>

      <KeyInfo><Start>2025-02-23T09:22:45Z</Start><Expiry>2025-02-23T10:22:00Z</Expiry></KeyInfo>'
    headers:
      Accept:
      - application/xml
      Accept-Encoding:
      - gzip, deflate
      CommandName:
      - storage blob generate-sas
      Connection:
      - keep-alive
      Content-Length:
      - '130'
      Content-Type:
      - application/xml
      ParameterSetName:
      - --account-name -n -c --expiry --permissions --https-only --as-user --auth-mode
      User-Agent:
      - AZURECLI/2.69.0 azsdk-python-storage-blob/12.16.0 Python/3.12.9 (Windows-10-10.0.19045-SP0)
      x-ms-date:
      - Sun, 23 Feb 2025 09:22:45 GMT
      x-ms-version:
      - '2022-11-02'
    method: POST
    uri: https://clitest000002.blob.core.windows.net/?restype=service&comp=userdelegationkey
  response:
    body:
      string: "\uFEFF<?xml version=\"1.0\" encoding=\"utf-8\"?><UserDelegationKey><SignedOid>a7250e3a-0e5e-48e2-9a34-45f1f5e1a91e</SignedOid><SignedTid>54826b22-38d6-4fb2-bad9-b7b93a3e9c5a</SignedTid><SignedStart>2025-02-23T09:22:45Z</SignedStart><SignedExpiry>2025-02-23T10:22:00Z</SignedExpiry><SignedService>b</SignedService><SignedVersion>2022-11-02</SignedVersion><Value>7r9ofMxFzB8pyOv9pMygHtfQZ05tAtW1SXNCNebFmTc=</Value></UserDelegationKey>"
    headers:
      content-type:
      - application/xml
      date:
      - Sun, 23 Feb 2025 09:22:46 GMT
      server:
      - Windows-Azure-Blob/1.0 Microsoft-HTTPAPI/2.0
      transfer-encoding:
      - chunked
      x-ms-version:
      - '2022-11-02'
    status:
      code: 200
      message: OK
- request:
    body: '<?xml version=''1.0'' encoding=''utf-8''?>

      <KeyInfo><Start>2025-02-23T09:22:47Z</Start><Expiry>2025-02-23T10:22:00Z</Expiry></KeyInfo>'
    headers:
      Accept:
      - application/xml
      Accept-Encoding:
      - gzip, deflate
      CommandName:
      - storage container generate-sas
      Connection:
      - keep-alive
      Content-Length:
      - '130'
      Content-Type:
      - application/xml
      ParameterSetName:
      - --account-name -n --expiry --permissions --https-only --as-user --auth-mode
      User-Agent:
      - AZURECLI/2.69.0 azsdk-python-storage-blob/12.16.0 Python/3.12.9 (Windows-10-10.0.19045-SP0)
      x-ms-date:
      - Sun, 23 Feb 2025 09:22:47 GMT
      x-ms-version:
      - '2022-11-02'
    method: POST
    uri: https://clitest000002.blob.core.windows.net/?restype=service&comp=userdelegationkey
  response:
    body:
      string: "\uFEFF<?xml version=\"1.0\" encoding=\"utf-8\"?><UserDelegationKey><SignedOid>a7250e3a-0e5e-48e2-9a34-45f1f5e1a91e</SignedOid><SignedTid>54826b22-38d6-4fb2-bad9-b7b93a3e9c5a</SignedTid><SignedStart>2025-02-23T09:22:47Z</SignedStart><SignedExpiry>2025-02-23T10:22:00Z</SignedExpiry><SignedService>b</SignedService><SignedVersion>2022-11-02</SignedVersion><Value>nDToYHxYmrzbzhmfVY5b6/Z+kjtLU3guW3XcjRaUZqQ=</Value></UserDelegationKey>"
    headers:
      content-type:
      - application/xml
      date:
      - Sun, 23 Feb 2025 09:22:48 GMT
      server:
      - Windows-Azure-Blob/1.0 Microsoft-HTTPAPI/2.0
      transfer-encoding:
      - chunked
      x-ms-version:
      - '2022-11-02'
    status:
      code: 200
      message: OK
version: 1
