interactions:
- request:
    body: null
    headers:
      Accept:
      - application/json
      Accept-Encoding:
      - gzip, deflate
      CommandName:
      - storage account keys list
      Connection:
      - keep-alive
      Content-Length:
      - '0'
      ParameterSetName:
      - -n -g --query -o
      User-Agent:
      - AZURECLI/2.61.0 azsdk-python-core/1.28.0 Python/3.9.13 (Windows-10-10.0.19045-SP0)
    method: POST
    uri: https://management.azure.com/subscriptions/00000000-0000-0000-0000-000000000000/resourceGroups/clitest000001/providers/Microsoft.Storage/storageAccounts/message000002/listKeys?api-version=2023-05-01&$expand=kerb
  response:
    body:
      string: '{"keys":[{"creationTime":"2024-06-20T04:31:08.8265756Z","keyName":"key1","value":"veryFakedStorageAccountKey==","permissions":"FULL"},{"creationTime":"2024-06-20T04:31:08.8265756Z","keyName":"key2","value":"veryFakedStorageAccountKey==","permissions":"FULL"}]}'
    headers:
      cache-control:
      - no-cache
      content-length:
      - '260'
      content-type:
      - application/json
      date:
      - Thu, 20 Jun 2024 04:31:32 GMT
      expires:
      - '-1'
      pragma:
      - no-cache
      server:
      - Microsoft-Azure-Storage-Resource-Provider/1.0,Microsoft-HTTPAPI/2.0 Microsoft-HTTPAPI/2.0
      strict-transport-security:
      - max-age=31536000; includeSubDomains
      x-content-type-options:
      - nosniff
      x-ms-operation-identifier:
      - tenantId=54826b22-38d6-4fb2-bad9-b7b93a3e9c5a,objectId=a7250e3a-0e5e-48e2-9a34-45f1f5e1a91e/eastus2euap/d116bd2a-6c9c-4deb-836a-22af4af724d3
      x-ms-ratelimit-remaining-subscription-resource-requests:
      - '11993'
    status:
      code: 200
      message: OK
- request:
    body: null
    headers:
      Accept:
      - application/json
      Accept-Encoding:
      - gzip, deflate
      CommandName:
      - storage account show-connection-string
      Connection:
      - keep-alive
      Content-Length:
      - '0'
      ParameterSetName:
      - -n -g --query -o
      User-Agent:
      - AZURECLI/2.61.0 azsdk-python-core/1.28.0 Python/3.9.13 (Windows-10-10.0.19045-SP0)
    method: POST
    uri: https://management.azure.com/subscriptions/00000000-0000-0000-0000-000000000000/resourceGroups/clitest000001/providers/Microsoft.Storage/storageAccounts/message000002/listKeys?api-version=2023-05-01&$expand=kerb
  response:
    body:
      string: '{"keys":[{"creationTime":"2024-06-20T04:31:08.8265756Z","keyName":"key1","value":"veryFakedStorageAccountKey==","permissions":"FULL"},{"creationTime":"2024-06-20T04:31:08.8265756Z","keyName":"key2","value":"veryFakedStorageAccountKey==","permissions":"FULL"}]}'
    headers:
      cache-control:
      - no-cache
      content-length:
      - '260'
      content-type:
      - application/json
      date:
      - Thu, 20 Jun 2024 04:31:34 GMT
      expires:
      - '-1'
      pragma:
      - no-cache
      server:
      - Microsoft-Azure-Storage-Resource-Provider/1.0,Microsoft-HTTPAPI/2.0 Microsoft-HTTPAPI/2.0
      strict-transport-security:
      - max-age=31536000; includeSubDomains
      x-content-type-options:
      - nosniff
      x-ms-operation-identifier:
      - tenantId=54826b22-38d6-4fb2-bad9-b7b93a3e9c5a,objectId=a7250e3a-0e5e-48e2-9a34-45f1f5e1a91e/eastus2euap/e3693dd3-a71b-4541-b57f-39a103ec31c4
      x-ms-ratelimit-remaining-subscription-resource-requests:
      - '11992'
    status:
      code: 200
      message: OK
- request:
    body: null
    headers:
      Accept:
      - application/json
      Accept-Encoding:
      - gzip, deflate
      CommandName:
      - storage account show-connection-string
      Connection:
      - keep-alive
      ParameterSetName:
      - -n -g --query -o
      User-Agent:
      - AZURECLI/2.61.0 azsdk-python-core/1.28.0 Python/3.9.13 (Windows-10-10.0.19045-SP0)
    method: GET
    uri: https://management.azure.com/subscriptions/00000000-0000-0000-0000-000000000000/resourceGroups/clitest000001/providers/Microsoft.Storage/storageAccounts/message000002?api-version=2023-05-01
  response:
    body:
      string: '{"sku":{"name":"Standard_RAGRS","tier":"Standard"},"kind":"StorageV2","id":"/subscriptions/00000000-0000-0000-0000-000000000000/resourceGroups/clitest000001/providers/Microsoft.Storage/storageAccounts/message000002","name":"message000002","type":"Microsoft.Storage/storageAccounts","location":"eastus2","tags":{},"properties":{"keyCreationTime":{"key1":"2024-06-20T04:31:08.8265756Z","key2":"2024-06-20T04:31:08.8265756Z"},"allowCrossTenantReplication":false,"privateEndpointConnections":[],"minimumTlsVersion":"TLS1_0","allowBlobPublicAccess":false,"networkAcls":{"ipv6Rules":[],"bypass":"AzureServices","virtualNetworkRules":[],"ipRules":[],"defaultAction":"Allow"},"supportsHttpsTrafficOnly":true,"encryption":{"services":{"file":{"keyType":"Account","enabled":true,"lastEnabledTime":"2024-06-20T04:31:08.9828233Z"},"blob":{"keyType":"Account","enabled":true,"lastEnabledTime":"2024-06-20T04:31:08.9828233Z"}},"keySource":"Microsoft.Storage"},"accessTier":"Hot","provisioningState":"Succeeded","creationTime":"2024-06-20T04:31:08.7172008Z","primaryEndpoints":{"dfs":"https://message000002.dfs.core.windows.net/","web":"https://message000002.z20.web.core.windows.net/","blob":"https://message000002.blob.core.windows.net/","queue":"https://message000002.queue.core.windows.net/","table":"https://message000002.table.core.windows.net/","file":"https://message000002.file.core.windows.net/"},"primaryLocation":"eastus2","statusOfPrimary":"available","secondaryLocation":"centralus","statusOfSecondary":"available","secondaryEndpoints":{"dfs":"https://message000002-secondary.dfs.core.windows.net/","web":"https://message000002-secondary.z20.web.core.windows.net/","blob":"https://message000002-secondary.blob.core.windows.net/","queue":"https://message000002-secondary.queue.core.windows.net/","table":"https://message000002-secondary.table.core.windows.net/"}}}'
    headers:
      cache-control:
      - no-cache
      content-length:
      - '1862'
      content-type:
      - application/json
      date:
      - Thu, 20 Jun 2024 04:31:34 GMT
      expires:
      - '-1'
      pragma:
      - no-cache
      server:
      - Microsoft-Azure-Storage-Resource-Provider/1.0,Microsoft-HTTPAPI/2.0 Microsoft-HTTPAPI/2.0
      strict-transport-security:
      - max-age=31536000; includeSubDomains
      x-content-type-options:
      - nosniff
      x-ms-ratelimit-remaining-subscription-global-reads:
      - '3749'
    status:
      code: 200
      message: OK
- request:
    body: null
    headers:
      Accept:
      - application/xml
      Accept-Encoding:
      - gzip, deflate
      CommandName:
      - storage queue create
      Connection:
      - keep-alive
      Content-Length:
      - '0'
      ParameterSetName:
      - -n --account-name --account-key
      User-Agent:
      - AZURECLI/2.61.0 azsdk-python-storage-queue/12.3.0 Python/3.9.13 (Windows-10-10.0.19045-SP0)
      x-ms-date:
      - Thu, 20 Jun 2024 04:31:35 GMT
      x-ms-version:
      - '2021-02-12'
    method: PUT
    uri: https://message000002.queue.core.windows.net/queue000003
  response:
    body:
      string: ''
    headers:
      content-length:
      - '0'
      date:
      - Thu, 20 Jun 2024 04:31:36 GMT
      server:
      - Windows-Azure-Queue/1.0 Microsoft-HTTPAPI/2.0
      x-ms-version:
      - '2021-02-12'
    status:
      code: 201
      message: Created
- request:
    body: '<?xml version=''1.0'' encoding=''utf-8''?>

      <QueueMessage><MessageText>test message 1</MessageText></QueueMessage>'
    headers:
      Accept:
      - application/xml
      Accept-Encoding:
      - gzip, deflate
      CommandName:
      - storage message put
      Connection:
      - keep-alive
      Content-Length:
      - '109'
      Content-Type:
      - application/xml
      ParameterSetName:
      - -q --content --account-name --account-key
      User-Agent:
      - AZURECLI/2.61.0 azsdk-python-storage-queue/12.3.0 Python/3.9.13 (Windows-10-10.0.19045-SP0)
      x-ms-date:
      - Thu, 20 Jun 2024 04:31:36 GMT
      x-ms-version:
      - '2021-02-12'
    method: POST
    uri: https://message000002.queue.core.windows.net/queue000003/messages
  response:
    body:
      string: "\uFEFF<?xml version=\"1.0\" encoding=\"utf-8\"?><QueueMessagesList><QueueMessage><MessageId>e2fc4fa7-2085-4523-a74f-84417c1c3122</MessageId><InsertionTime>Thu,
        20 Jun 2024 04:31:37 GMT</InsertionTime><ExpirationTime>Thu, 27 Jun 2024 04:31:37
        GMT</ExpirationTime><PopReceipt>AgAAAAMAAAAAAAAAniuFvcrC2gE=</PopReceipt><TimeNextVisible>Thu,
        20 Jun 2024 04:31:37 GMT</TimeNextVisible></QueueMessage></QueueMessagesList>"
    headers:
      content-type:
      - application/xml
      date:
      - Thu, 20 Jun 2024 04:31:37 GMT
      server:
      - Windows-Azure-Queue/1.0 Microsoft-HTTPAPI/2.0
      transfer-encoding:
      - chunked
      x-ms-version:
      - '2021-02-12'
    status:
      code: 201
      message: Created
- request:
    body: '<?xml version=''1.0'' encoding=''utf-8''?>

      <QueueMessage><MessageText>test message 2</MessageText></QueueMessage>'
    headers:
      Accept:
      - application/xml
      Accept-Encoding:
      - gzip, deflate
      CommandName:
      - storage message put
      Connection:
      - keep-alive
      Content-Length:
      - '109'
      Content-Type:
      - application/xml
      ParameterSetName:
      - -q --content --visibility-timeout --connection-string
      User-Agent:
      - AZURECLI/2.61.0 azsdk-python-storage-queue/12.3.0 Python/3.9.13 (Windows-10-10.0.19045-SP0)
      x-ms-date:
      - Thu, 20 Jun 2024 04:31:38 GMT
      x-ms-version:
      - '2021-02-12'
    method: POST
    uri: https://message000002.queue.core.windows.net/queue000003/messages?visibilitytimeout=3600
  response:
    body:
      string: "\uFEFF<?xml version=\"1.0\" encoding=\"utf-8\"?><QueueMessagesList><QueueMessage><MessageId>369cccd9-0d9e-4fde-a641-f5ec76eb2008</MessageId><InsertionTime>Thu,
        20 Jun 2024 04:31:39 GMT</InsertionTime><ExpirationTime>Thu, 27 Jun 2024 04:31:39
        GMT</ExpirationTime><PopReceipt>AgAAAAMAAAAAAAAAMwk1INPC2gE=</PopReceipt><TimeNextVisible>Thu,
        20 Jun 2024 05:31:39 GMT</TimeNextVisible></QueueMessage></QueueMessagesList>"
    headers:
      content-type:
      - application/xml
      date:
      - Thu, 20 Jun 2024 04:31:39 GMT
      server:
      - Windows-Azure-Queue/1.0 Microsoft-HTTPAPI/2.0
      transfer-encoding:
      - chunked
      x-ms-version:
      - '2021-02-12'
    status:
      code: 201
      message: Created
- request:
    body: '<?xml version=''1.0'' encoding=''utf-8''?>

      <QueueMessage><MessageText>test message 3</MessageText></QueueMessage>'
    headers:
      Accept:
      - application/xml
      Accept-Encoding:
      - gzip, deflate
      CommandName:
      - storage message put
      Connection:
      - keep-alive
      Content-Length:
      - '109'
      Content-Type:
      - application/xml
      ParameterSetName:
      - -q --content --time-to-live --account-name --auth-mode
      User-Agent:
      - AZURECLI/2.61.0 azsdk-python-storage-queue/12.3.0 Python/3.9.13 (Windows-10-10.0.19045-SP0)
      x-ms-date:
      - Thu, 20 Jun 2024 04:31:39 GMT
      x-ms-version:
      - '2021-02-12'
    method: POST
    uri: https://message000002.queue.core.windows.net/queue000003/messages?messagettl=3600
  response:
    body:
      string: "\uFEFF<?xml version=\"1.0\" encoding=\"utf-8\"?><QueueMessagesList><QueueMessage><MessageId>535f357b-9bdf-430b-acc4-a0d90fc67238</MessageId><InsertionTime>Thu,
        20 Jun 2024 04:31:41 GMT</InsertionTime><ExpirationTime>Thu, 20 Jun 2024 05:31:41
        GMT</ExpirationTime><PopReceipt>AgAAAAMAAAAAAAAALpCXv8rC2gE=</PopReceipt><TimeNextVisible>Thu,
        20 Jun 2024 04:31:41 GMT</TimeNextVisible></QueueMessage></QueueMessagesList>"
    headers:
      content-type:
      - application/xml
      date:
      - Thu, 20 Jun 2024 04:31:41 GMT
      server:
      - Windows-Azure-Queue/1.0 Microsoft-HTTPAPI/2.0
      transfer-encoding:
      - chunked
      x-ms-version:
      - '2021-02-12'
    status:
      code: 201
      message: Created
- request:
    body: null
    headers:
      Accept:
      - application/xml
      Accept-Encoding:
      - gzip, deflate
      CommandName:
      - storage message peek
      Connection:
      - keep-alive
      ParameterSetName:
      - -q --account-name --account-key
      User-Agent:
      - AZURECLI/2.61.0 azsdk-python-storage-queue/12.3.0 Python/3.9.13 (Windows-10-10.0.19045-SP0)
      x-ms-date:
      - Thu, 20 Jun 2024 04:31:41 GMT
      x-ms-version:
      - '2021-02-12'
    method: GET
    uri: https://message000002.queue.core.windows.net/queue000003/messages?peekonly=true
  response:
    body:
      string: "\uFEFF<?xml version=\"1.0\" encoding=\"utf-8\"?><QueueMessagesList><QueueMessage><MessageId>e2fc4fa7-2085-4523-a74f-84417c1c3122</MessageId><InsertionTime>Thu,
        20 Jun 2024 04:31:37 GMT</InsertionTime><ExpirationTime>Thu, 27 Jun 2024 04:31:37
        GMT</ExpirationTime><DequeueCount>0</DequeueCount><MessageText>test message
        1</MessageText></QueueMessage></QueueMessagesList>"
    headers:
      cache-control:
      - no-cache
      content-type:
      - application/xml
      date:
      - Thu, 20 Jun 2024 04:31:42 GMT
      server:
      - Windows-Azure-Queue/1.0 Microsoft-HTTPAPI/2.0
      transfer-encoding:
      - chunked
      x-ms-version:
      - '2021-02-12'
    status:
      code: 200
      message: OK
- request:
    body: null
    headers:
      Accept:
      - application/xml
      Accept-Encoding:
      - gzip, deflate
      CommandName:
      - storage message peek
      Connection:
      - keep-alive
      ParameterSetName:
      - -q --num-messages --connection-string
      User-Agent:
      - AZURECLI/2.61.0 azsdk-python-storage-queue/12.3.0 Python/3.9.13 (Windows-10-10.0.19045-SP0)
      x-ms-date:
      - Thu, 20 Jun 2024 04:31:43 GMT
      x-ms-version:
      - '2021-02-12'
    method: GET
    uri: https://message000002.queue.core.windows.net/queue000003/messages?peekonly=true&numofmessages=5
  response:
    body:
      string: "\uFEFF<?xml version=\"1.0\" encoding=\"utf-8\"?><QueueMessagesList><QueueMessage><MessageId>e2fc4fa7-2085-4523-a74f-84417c1c3122</MessageId><InsertionTime>Thu,
        20 Jun 2024 04:31:37 GMT</InsertionTime><ExpirationTime>Thu, 27 Jun 2024 04:31:37
        GMT</ExpirationTime><DequeueCount>0</DequeueCount><MessageText>test message
        1</MessageText></QueueMessage><QueueMessage><MessageId>535f357b-9bdf-430b-acc4-a0d90fc67238</MessageId><InsertionTime>Thu,
        20 Jun 2024 04:31:41 GMT</InsertionTime><ExpirationTime>Thu, 20 Jun 2024 05:31:41
        GMT</ExpirationTime><DequeueCount>0</DequeueCount><MessageText>test message
        3</MessageText></QueueMessage></QueueMessagesList>"
    headers:
      cache-control:
      - no-cache
      content-type:
      - application/xml
      date:
      - Thu, 20 Jun 2024 04:31:43 GMT
      server:
      - Windows-Azure-Queue/1.0 Microsoft-HTTPAPI/2.0
      transfer-encoding:
      - chunked
      x-ms-version:
      - '2021-02-12'
    status:
      code: 200
      message: OK
- request:
    body: null
    headers:
      Accept:
      - application/xml
      Accept-Encoding:
      - gzip, deflate
      CommandName:
      - storage message get
      Connection:
      - keep-alive
      ParameterSetName:
      - -q --account-name --account-key
      User-Agent:
      - AZURECLI/2.61.0 azsdk-python-storage-queue/12.3.0 Python/3.9.13 (Windows-10-10.0.19045-SP0)
      x-ms-date:
      - Thu, 20 Jun 2024 04:31:44 GMT
      x-ms-version:
      - '2021-02-12'
    method: GET
    uri: https://message000002.queue.core.windows.net/queue000003/messages?numofmessages=1
  response:
    body:
      string: "\uFEFF<?xml version=\"1.0\" encoding=\"utf-8\"?><QueueMessagesList><QueueMessage><MessageId>e2fc4fa7-2085-4523-a74f-84417c1c3122</MessageId><InsertionTime>Thu,
        20 Jun 2024 04:31:37 GMT</InsertionTime><ExpirationTime>Thu, 27 Jun 2024 04:31:37
        GMT</ExpirationTime><PopReceipt>AgAAAAMAAAAAAAAAfukM1MrC2gE=</PopReceipt><TimeNextVisible>Thu,
        20 Jun 2024 04:32:15 GMT</TimeNextVisible><DequeueCount>1</DequeueCount><MessageText>test
        message 1</MessageText></QueueMessage></QueueMessagesList>"
    headers:
      cache-control:
      - no-cache
      content-type:
      - application/xml
      date:
      - Thu, 20 Jun 2024 04:31:45 GMT
      server:
      - Windows-Azure-Queue/1.0 Microsoft-HTTPAPI/2.0
      transfer-encoding:
      - chunked
      x-ms-version:
      - '2021-02-12'
    status:
      code: 200
      message: OK
- request:
    body: null
    headers:
      Accept:
      - application/xml
      Accept-Encoding:
      - gzip, deflate
      CommandName:
      - storage message get
      Connection:
      - keep-alive
      ParameterSetName:
      - -q --visibility-timeout --account-name --account-key
      User-Agent:
      - AZURECLI/2.61.0 azsdk-python-storage-queue/12.3.0 Python/3.9.13 (Windows-10-10.0.19045-SP0)
      x-ms-date:
      - Thu, 20 Jun 2024 04:31:46 GMT
      x-ms-version:
      - '2021-02-12'
    method: GET
    uri: https://message000002.queue.core.windows.net/queue000003/messages?numofmessages=1&visibilitytimeout=30
  response:
    body:
      string: "\uFEFF<?xml version=\"1.0\" encoding=\"utf-8\"?><QueueMessagesList><QueueMessage><MessageId>535f357b-9bdf-430b-acc4-a0d90fc67238</MessageId><InsertionTime>Thu,
        20 Jun 2024 04:31:41 GMT</InsertionTime><ExpirationTime>Thu, 20 Jun 2024 05:31:41
        GMT</ExpirationTime><PopReceipt>AgAAAAMAAAAAAAAAh1Pj1MrC2gE=</PopReceipt><TimeNextVisible>Thu,
        20 Jun 2024 04:32:17 GMT</TimeNextVisible><DequeueCount>1</DequeueCount><MessageText>test
        message 3</MessageText></QueueMessage></QueueMessagesList>"
    headers:
      cache-control:
      - no-cache
      content-type:
      - application/xml
      date:
      - Thu, 20 Jun 2024 04:31:47 GMT
      server:
      - Windows-Azure-Queue/1.0 Microsoft-HTTPAPI/2.0
      transfer-encoding:
      - chunked
      x-ms-version:
      - '2021-02-12'
    status:
      code: 200
      message: OK
- request:
    body: null
    headers:
      Accept:
      - application/xml
      Accept-Encoding:
      - gzip, deflate
      CommandName:
      - storage message get
      Connection:
      - keep-alive
      ParameterSetName:
      - -q --num-messages --account-name --account-key
      User-Agent:
      - AZURECLI/2.61.0 azsdk-python-storage-queue/12.3.0 Python/3.9.13 (Windows-10-10.0.19045-SP0)
      x-ms-date:
      - Thu, 20 Jun 2024 04:32:22 GMT
      x-ms-version:
      - '2021-02-12'
    method: GET
    uri: https://message000002.queue.core.windows.net/queue000003/messages?numofmessages=2
  response:
    body:
      string: "\uFEFF<?xml version=\"1.0\" encoding=\"utf-8\"?><QueueMessagesList><QueueMessage><MessageId>e2fc4fa7-2085-4523-a74f-84417c1c3122</MessageId><InsertionTime>Thu,
        20 Jun 2024 04:31:37 GMT</InsertionTime><ExpirationTime>Thu, 27 Jun 2024 04:31:37
        GMT</ExpirationTime><PopReceipt>AgAAAAMAAAAAAAAAiqen6srC2gE=</PopReceipt><TimeNextVisible>Thu,
        20 Jun 2024 04:32:53 GMT</TimeNextVisible><DequeueCount>2</DequeueCount><MessageText>test
        message 1</MessageText></QueueMessage><QueueMessage><MessageId>535f357b-9bdf-430b-acc4-a0d90fc67238</MessageId><InsertionTime>Thu,
        20 Jun 2024 04:31:41 GMT</InsertionTime><ExpirationTime>Thu, 20 Jun 2024 05:31:41
        GMT</ExpirationTime><PopReceipt>AgAAAAMAAAAAAAAAiqen6srC2gE=</PopReceipt><TimeNextVisible>Thu,
        20 Jun 2024 04:32:53 GMT</TimeNextVisible><DequeueCount>2</DequeueCount><MessageText>test
        message 3</MessageText></QueueMessage></QueueMessagesList>"
    headers:
      cache-control:
      - no-cache
      content-type:
      - application/xml
      date:
      - Thu, 20 Jun 2024 04:32:23 GMT
      server:
      - Windows-Azure-Queue/1.0 Microsoft-HTTPAPI/2.0
      transfer-encoding:
      - chunked
      x-ms-version:
      - '2021-02-12'
    status:
      code: 200
      message: OK
- request:
    body: null
    headers:
      Accept:
      - application/xml
      Accept-Encoding:
      - gzip, deflate
      CommandName:
      - storage message update
      Connection:
      - keep-alive
      Content-Length:
      - '0'
      Content-Type:
      - application/xml
      ParameterSetName:
      - -q --id --pop-receipt --visibility-timeout --account-name --account-key
      User-Agent:
      - AZURECLI/2.61.0 azsdk-python-storage-queue/12.3.0 Python/3.9.13 (Windows-10-10.0.19045-SP0)
      x-ms-date:
      - Thu, 20 Jun 2024 04:32:24 GMT
      x-ms-version:
      - '2021-02-12'
    method: PUT
    uri: https://message000002.queue.core.windows.net/queue000003/messages/e2fc4fa7-2085-4523-a74f-84417c1c3122?popreceipt=AgAAAAMAAAAAAAAAiqen6srC2gE%3D&visibilitytimeout=10
  response:
    body:
      string: ''
    headers:
      content-length:
      - '0'
      date:
      - Thu, 20 Jun 2024 04:32:24 GMT
      server:
      - Windows-Azure-Queue/1.0 Microsoft-HTTPAPI/2.0
      x-ms-popreceipt:
      - AwAAAAMAAAAAAAAApD2a38rC2gECAAAA
      x-ms-time-next-visible:
      - Thu, 20 Jun 2024 04:32:35 GMT
      x-ms-version:
      - '2021-02-12'
    status:
      code: 204
      message: No Content
- request:
    body: '<?xml version=''1.0'' encoding=''utf-8''?>

      <QueueMessage><MessageText>update message</MessageText></QueueMessage>'
    headers:
      Accept:
      - application/xml
      Accept-Encoding:
      - gzip, deflate
      CommandName:
      - storage message update
      Connection:
      - keep-alive
      Content-Length:
      - '109'
      Content-Type:
      - application/xml
      ParameterSetName:
      - -q --id --pop-receipt --content --account-name --account-key
      User-Agent:
      - AZURECLI/2.61.0 azsdk-python-storage-queue/12.3.0 Python/3.9.13 (Windows-10-10.0.19045-SP0)
      x-ms-date:
      - Thu, 20 Jun 2024 04:32:25 GMT
      x-ms-version:
      - '2021-02-12'
    method: PUT
    uri: https://message000002.queue.core.windows.net/queue000003/messages/535f357b-9bdf-430b-acc4-a0d90fc67238?popreceipt=AgAAAAMAAAAAAAAAiqen6srC2gE%3D&visibilitytimeout=0
  response:
    body:
      string: ''
    headers:
      content-length:
      - '0'
      date:
      - Thu, 20 Jun 2024 04:32:25 GMT
      server:
      - Windows-Azure-Queue/1.0 Microsoft-HTTPAPI/2.0
      x-ms-popreceipt:
      - AwAAAAMAAAAAAAAAIGuA2srC2gECAAAA
      x-ms-time-next-visible:
      - Thu, 20 Jun 2024 04:32:26 GMT
      x-ms-version:
      - '2021-02-12'
    status:
      code: 204
      message: No Content
- request:
    body: null
    headers:
      Accept:
      - application/xml
      Accept-Encoding:
      - gzip, deflate
      CommandName:
      - storage message delete
      Connection:
      - keep-alive
      Content-Length:
      - '0'
      ParameterSetName:
      - -q --id --pop-receipt --account-name --account-key
      User-Agent:
      - AZURECLI/2.61.0 azsdk-python-storage-queue/12.3.0 Python/3.9.13 (Windows-10-10.0.19045-SP0)
      x-ms-date:
      - Thu, 20 Jun 2024 04:32:26 GMT
      x-ms-version:
      - '2021-02-12'
    method: DELETE
    uri: https://message000002.queue.core.windows.net/queue000003/messages/535f357b-9bdf-430b-acc4-a0d90fc67238?popreceipt=AwAAAAMAAAAAAAAAIGuA2srC2gECAAAA
  response:
    body:
      string: ''
    headers:
      content-length:
      - '0'
      date:
      - Thu, 20 Jun 2024 04:32:27 GMT
      server:
      - Windows-Azure-Queue/1.0 Microsoft-HTTPAPI/2.0
      x-ms-version:
      - '2021-02-12'
    status:
      code: 204
      message: No Content
- request:
    body: null
    headers:
      Accept:
      - application/xml
      Accept-Encoding:
      - gzip, deflate
      CommandName:
      - storage message peek
      Connection:
      - keep-alive
      ParameterSetName:
      - -q --num-messages --account-name --account-key
      User-Agent:
      - AZURECLI/2.61.0 azsdk-python-storage-queue/12.3.0 Python/3.9.13 (Windows-10-10.0.19045-SP0)
      x-ms-date:
      - Thu, 20 Jun 2024 04:32:38 GMT
      x-ms-version:
      - '2021-02-12'
    method: GET
    uri: https://message000002.queue.core.windows.net/queue000003/messages?peekonly=true&numofmessages=2
  response:
    body:
      string: "\uFEFF<?xml version=\"1.0\" encoding=\"utf-8\"?><QueueMessagesList><QueueMessage><MessageId>e2fc4fa7-2085-4523-a74f-84417c1c3122</MessageId><InsertionTime>Thu,
        20 Jun 2024 04:31:37 GMT</InsertionTime><ExpirationTime>Thu, 27 Jun 2024 04:31:37
        GMT</ExpirationTime><DequeueCount>2</DequeueCount><MessageText>test message
        1</MessageText></QueueMessage></QueueMessagesList>"
    headers:
      cache-control:
      - no-cache
      content-type:
      - application/xml
      date:
      - Thu, 20 Jun 2024 04:32:38 GMT
      server:
      - Windows-Azure-Queue/1.0 Microsoft-HTTPAPI/2.0
      transfer-encoding:
      - chunked
      x-ms-version:
      - '2021-02-12'
    status:
      code: 200
      message: OK
- request:
    body: null
    headers:
      Accept:
      - application/xml
      Accept-Encoding:
      - gzip, deflate
      CommandName:
      - storage message clear
      Connection:
      - keep-alive
      Content-Length:
      - '0'
      ParameterSetName:
      - -q --account-name --account-key
      User-Agent:
      - AZURECLI/2.61.0 azsdk-python-storage-queue/12.3.0 Python/3.9.13 (Windows-10-10.0.19045-SP0)
      x-ms-date:
      - Thu, 20 Jun 2024 04:32:40 GMT
      x-ms-version:
      - '2021-02-12'
    method: DELETE
    uri: https://message000002.queue.core.windows.net/queue000003/messages
  response:
    body:
      string: ''
    headers:
      content-length:
      - '0'
      date:
      - Thu, 20 Jun 2024 04:32:40 GMT
      server:
      - Windows-Azure-Queue/1.0 Microsoft-HTTPAPI/2.0
      x-ms-version:
      - '2021-02-12'
    status:
      code: 204
      message: No Content
- request:
    body: null
    headers:
      Accept:
      - application/xml
      Accept-Encoding:
      - gzip, deflate
      CommandName:
      - storage message peek
      Connection:
      - keep-alive
      ParameterSetName:
      - -q --num-messages --account-name --account-key
      User-Agent:
      - AZURECLI/2.61.0 azsdk-python-storage-queue/12.3.0 Python/3.9.13 (Windows-10-10.0.19045-SP0)
      x-ms-date:
      - Thu, 20 Jun 2024 04:32:41 GMT
      x-ms-version:
      - '2021-02-12'
    method: GET
    uri: https://message000002.queue.core.windows.net/queue000003/messages?peekonly=true&numofmessages=2
  response:
    body:
      string: "\uFEFF<?xml version=\"1.0\" encoding=\"utf-8\"?><QueueMessagesList
        />"
    headers:
      cache-control:
      - no-cache
      content-type:
      - application/xml
      date:
      - Thu, 20 Jun 2024 04:32:42 GMT
      server:
      - Windows-Azure-Queue/1.0 Microsoft-HTTPAPI/2.0
      transfer-encoding:
      - chunked
      x-ms-version:
      - '2021-02-12'
    status:
      code: 200
      message: OK
version: 1
