interactions:
- request:
    body: null
    headers:
      Accept:
      - application/xml
      Accept-Encoding:
      - gzip, deflate
      CommandName:
      - storage queue create
      Connection:
      - keep-alive
      Content-Length:
      - '0'
      ParameterSetName:
      - -n --metadata --account-name --auth-mode
      User-Agent:
      - AZURECLI/2.34.1 azsdk-python-storage-queue/12.2.0 Python/3.8.7 (Windows-10-10.0.22000-SP0)
      x-ms-date:
      - Sat, 02 Apr 2022 04:22:37 GMT
      x-ms-meta:
      - '{''key1'': ''value1''}'
      x-ms-meta-key1:
      - value1
      x-ms-version:
      - '2021-02-12'
    method: PUT
    uri: https://storage000002.queue.core.windows.net/queue000003
  response:
    body:
      string: ''
    headers:
      content-length:
      - '0'
      date:
      - Sat, 02 Apr 2022 04:22:37 GMT
      server:
      - Windows-Azure-Queue/1.0 Microsoft-HTTPAPI/2.0
      x-ms-version:
      - '2021-02-12'
    status:
      code: 201
      message: Created
- request:
    body: null
    headers:
      Accept:
      - application/xml
      Accept-Encoding:
      - gzip, deflate
      CommandName:
      - storage queue exists
      Connection:
      - keep-alive
      ParameterSetName:
      - -n --account-name --auth-mode
      User-Agent:
      - AZURECLI/2.34.1 azsdk-python-storage-queue/12.2.0 Python/3.8.7 (Windows-10-10.0.22000-SP0)
      x-ms-date:
      - Sat, 02 Apr 2022 04:22:40 GMT
      x-ms-version:
      - '2021-02-12'
    method: GET
    uri: https://storage000002.queue.core.windows.net/queue000003?comp=metadata
  response:
    body:
      string: ''
    headers:
      cache-control:
      - no-cache
      content-length:
      - '0'
      date:
      - Sat, 02 Apr 2022 04:22:40 GMT
      server:
      - Windows-Azure-Queue/1.0 Microsoft-HTTPAPI/2.0
      x-ms-approximate-messages-count:
      - '0'
      x-ms-meta-key1:
      - value1
      x-ms-version:
      - '2021-02-12'
    status:
      code: 200
      message: OK
- request:
    body: null
    headers:
      Accept:
      - application/xml
      Accept-Encoding:
      - gzip, deflate
      CommandName:
      - storage queue stats
      Connection:
      - keep-alive
      ParameterSetName:
      - --account-name --auth-mode
      User-Agent:
      - AZURECLI/2.34.1 azsdk-python-storage-queue/12.2.0 Python/3.8.7 (Windows-10-10.0.22000-SP0)
      x-ms-date:
      - Sat, 02 Apr 2022 04:22:41 GMT
      x-ms-version:
      - '2021-02-12'
    method: GET
    uri: https://storage000002-secondary.queue.core.windows.net/?restype=service&comp=stats
  response:
    body:
      string: "\uFEFF<?xml version=\"1.0\" encoding=\"utf-8\"?><StorageServiceStats><GeoReplication><Status>unavailable</Status><LastSyncTime></LastSyncTime></GeoReplication></StorageServiceStats>"
    headers:
      cache-control:
      - no-cache
      content-type:
      - application/xml
      date:
      - Sat, 02 Apr 2022 04:22:43 GMT
      server:
      - Windows-Azure-Queue/1.0 Microsoft-HTTPAPI/2.0
      transfer-encoding:
      - chunked
      x-ms-version:
      - '2021-02-12'
    status:
      code: 200
      message: OK
- request:
    body: null
    headers:
      Accept:
      - application/xml
      Accept-Encoding:
      - gzip, deflate
      CommandName:
      - storage queue delete
      Connection:
      - keep-alive
      Content-Length:
      - '0'
      ParameterSetName:
      - -n --account-name --auth-mode
      User-Agent:
      - AZURECLI/2.34.1 azsdk-python-storage-queue/12.2.0 Python/3.8.7 (Windows-10-10.0.22000-SP0)
      x-ms-date:
      - Sat, 02 Apr 2022 04:22:45 GMT
      x-ms-version:
      - '2021-02-12'
    method: DELETE
    uri: https://storage000002.queue.core.windows.net/queue000003
  response:
    body:
      string: ''
    headers:
      content-length:
      - '0'
      date:
      - Sat, 02 Apr 2022 04:22:48 GMT
      server:
      - Windows-Azure-Queue/1.0 Microsoft-HTTPAPI/2.0
      x-ms-version:
      - '2021-02-12'
    status:
      code: 204
      message: No Content
version: 1
