interactions:
- request:
    body: null
    headers:
      Accept:
      - application/json
      Accept-Encoding:
      - gzip, deflate
      CommandName:
      - storage account hns-migration start
      Connection:
      - keep-alive
      Content-Length:
      - '0'
      ParameterSetName:
      - --request-type -n -g
      User-Agent:
      - AZURECLI/2.35.0 azsdk-python-azure-mgmt-storage/20.0.0 Python/3.9.6 (Windows-10-10.0.19044-SP0)
    method: POST
    uri: https://management.azure.com/subscriptions/00000000-0000-0000-0000-000000000000/resourcegroups/cli_test_hns_migrate000001/providers/Microsoft.Storage/storageAccounts/clitest000002/hnsonmigration?api-version=2021-09-01&requestType=HnsOnValidationRequest
  response:
    body:
      string: ''
    headers:
      azure-asyncoperation:
      - https://management.azure.com/subscriptions/00000000-0000-0000-0000-000000000000/providers/Microsoft.Storage/locations/eastus2/asyncoperations/7c62831d-5e6c-479f-96d7-2e57b19c61ae?monitor=true&api-version=2021-09-01
      cache-control:
      - no-cache
      content-length:
      - '0'
      content-type:
      - text/plain; charset=utf-8
      date:
      - Mon, 11 Apr 2022 13:41:37 GMT
      expires:
      - '-1'
      location:
      - https://management.azure.com/subscriptions/00000000-0000-0000-0000-000000000000/providers/Microsoft.Storage/locations/eastus2/asyncoperations/7c62831d-5e6c-479f-96d7-2e57b19c61ae?monitor=true&api-version=2021-09-01
      pragma:
      - no-cache
      server:
      - Microsoft-Azure-Storage-Resource-Provider/1.0,Microsoft-HTTPAPI/2.0 Microsoft-HTTPAPI/2.0
      strict-transport-security:
      - max-age=31536000; includeSubDomains
      x-content-type-options:
      - nosniff
      x-ms-ratelimit-remaining-subscription-writes:
      - '1199'
    status:
      code: 202
      message: Accepted
- request:
    body: null
    headers:
      Accept:
      - '*/*'
      Accept-Encoding:
      - gzip, deflate
      CommandName:
      - storage account hns-migration start
      Connection:
      - keep-alive
      ParameterSetName:
      - --request-type -n -g
      User-Agent:
      - AZURECLI/2.35.0 azsdk-python-azure-mgmt-storage/20.0.0 Python/3.9.6 (Windows-10-10.0.19044-SP0)
    method: GET
    uri: https://management.azure.com/subscriptions/00000000-0000-0000-0000-000000000000/providers/Microsoft.Storage/locations/eastus2/asyncoperations/7c62831d-5e6c-479f-96d7-2e57b19c61ae?monitor=true&api-version=2021-09-01
  response:
    body:
      string: '{"status":"InProgress","properties":"{\"HnsOnMigrationRequestType\":0}","percentComplete":0.0}'
    headers:
      cache-control:
      - no-cache
      content-length:
      - '94'
      content-type:
      - application/json
      date:
      - Mon, 11 Apr 2022 13:41:54 GMT
      expires:
      - '-1'
      location:
      - https://management.azure.com/subscriptions/00000000-0000-0000-0000-000000000000/providers/Microsoft.Storage/locations/eastus2/asyncoperations/7c62831d-5e6c-479f-96d7-2e57b19c61ae?monitor=true&api-version=2021-09-01
      pragma:
      - no-cache
      server:
      - Microsoft-Azure-Storage-Resource-Provider/1.0,Microsoft-HTTPAPI/2.0 Microsoft-HTTPAPI/2.0
      strict-transport-security:
      - max-age=31536000; includeSubDomains
      x-content-type-options:
      - nosniff
    status:
      code: 202
      message: Accepted
- request:
    body: null
    headers:
      Accept:
      - '*/*'
      Accept-Encoding:
      - gzip, deflate
      CommandName:
      - storage account hns-migration start
      Connection:
      - keep-alive
      ParameterSetName:
      - --request-type -n -g
      User-Agent:
      - AZURECLI/2.35.0 azsdk-python-azure-mgmt-storage/20.0.0 Python/3.9.6 (Windows-10-10.0.19044-SP0)
    method: GET
    uri: https://management.azure.com/subscriptions/00000000-0000-0000-0000-000000000000/providers/Microsoft.Storage/locations/eastus2/asyncoperations/7c62831d-5e6c-479f-96d7-2e57b19c61ae?monitor=true&api-version=2021-09-01
  response:
    body:
      string: '{"status":"Succeeded","properties":"{\"HnsOnMigrationRequestType\":0}"}'
    headers:
      cache-control:
      - no-cache
      content-length:
      - '71'
      content-type:
      - application/json
      date:
      - Mon, 11 Apr 2022 13:42:11 GMT
      expires:
      - '-1'
      pragma:
      - no-cache
      server:
      - Microsoft-Azure-Storage-Resource-Provider/1.0,Microsoft-HTTPAPI/2.0 Microsoft-HTTPAPI/2.0
      strict-transport-security:
      - max-age=31536000; includeSubDomains
      transfer-encoding:
      - chunked
      vary:
      - Accept-Encoding
      x-content-type-options:
      - nosniff
    status:
      code: 200
      message: OK
- request:
    body: null
    headers:
      Accept:
      - '*/*'
      Accept-Encoding:
      - gzip, deflate
      CommandName:
      - storage account hns-migration start
      Connection:
      - keep-alive
      ParameterSetName:
      - --request-type -n -g
      User-Agent:
      - AZURECLI/2.35.0 azsdk-python-azure-mgmt-storage/20.0.0 Python/3.9.6 (Windows-10-10.0.19044-SP0)
    method: GET
    uri: https://management.azure.com/subscriptions/00000000-0000-0000-0000-000000000000/providers/Microsoft.Storage/locations/eastus2/asyncoperations/7c62831d-5e6c-479f-96d7-2e57b19c61ae?monitor=true&api-version=2021-09-01
  response:
    body:
      string: '{"status":"Succeeded","properties":"{\"HnsOnMigrationRequestType\":0}"}'
    headers:
      cache-control:
      - no-cache
      content-length:
      - '71'
      content-type:
      - application/json
      date:
      - Mon, 11 Apr 2022 13:42:11 GMT
      expires:
      - '-1'
      pragma:
      - no-cache
      server:
      - Microsoft-Azure-Storage-Resource-Provider/1.0,Microsoft-HTTPAPI/2.0 Microsoft-HTTPAPI/2.0
      strict-transport-security:
      - max-age=31536000; includeSubDomains
      transfer-encoding:
      - chunked
      vary:
      - Accept-Encoding
      x-content-type-options:
      - nosniff
    status:
      code: 200
      message: OK
- request:
    body: null
    headers:
      Accept:
      - application/json
      Accept-Encoding:
      - gzip, deflate
      CommandName:
      - storage account hns-migration start
      Connection:
      - keep-alive
      Content-Length:
      - '0'
      ParameterSetName:
      - --request-type -n -g
      User-Agent:
      - AZURECLI/2.35.0 azsdk-python-azure-mgmt-storage/20.0.0 Python/3.9.6 (Windows-10-10.0.19044-SP0)
    method: POST
    uri: https://management.azure.com/subscriptions/00000000-0000-0000-0000-000000000000/resourcegroups/cli_test_hns_migrate000001/providers/Microsoft.Storage/storageAccounts/clitest000002/hnsonmigration?api-version=2021-09-01&requestType=HnsOnHydrationRequest
  response:
    body:
      string: ''
    headers:
      azure-asyncoperation:
      - https://management.azure.com/subscriptions/00000000-0000-0000-0000-000000000000/providers/Microsoft.Storage/locations/eastus2/asyncoperations/2927818b-5cbf-4e79-8eda-458463140d01?monitor=true&api-version=2021-09-01
      cache-control:
      - no-cache
      content-length:
      - '0'
      content-type:
      - text/plain; charset=utf-8
      date:
      - Mon, 11 Apr 2022 13:42:13 GMT
      expires:
      - '-1'
      location:
      - https://management.azure.com/subscriptions/00000000-0000-0000-0000-000000000000/providers/Microsoft.Storage/locations/eastus2/asyncoperations/2927818b-5cbf-4e79-8eda-458463140d01?monitor=true&api-version=2021-09-01
      pragma:
      - no-cache
      server:
      - Microsoft-Azure-Storage-Resource-Provider/1.0,Microsoft-HTTPAPI/2.0 Microsoft-HTTPAPI/2.0
      strict-transport-security:
      - max-age=31536000; includeSubDomains
      x-content-type-options:
      - nosniff
      x-ms-ratelimit-remaining-subscription-writes:
      - '1198'
    status:
      code: 202
      message: Accepted
- request:
    body: null
    headers:
      Accept:
      - '*/*'
      Accept-Encoding:
      - gzip, deflate
      CommandName:
      - storage account hns-migration start
      Connection:
      - keep-alive
      ParameterSetName:
      - --request-type -n -g
      User-Agent:
      - AZURECLI/2.35.0 azsdk-python-azure-mgmt-storage/20.0.0 Python/3.9.6 (Windows-10-10.0.19044-SP0)
    method: GET
    uri: https://management.azure.com/subscriptions/00000000-0000-0000-0000-000000000000/providers/Microsoft.Storage/locations/eastus2/asyncoperations/2927818b-5cbf-4e79-8eda-458463140d01?monitor=true&api-version=2021-09-01
  response:
    body:
      string: '{"status":"InProgress","properties":"{\"HnsOnMigrationRequestType\":1}"}'
    headers:
      cache-control:
      - no-cache
      content-length:
      - '72'
      content-type:
      - application/json
      date:
      - Mon, 11 Apr 2022 13:42:31 GMT
      expires:
      - '-1'
      location:
      - https://management.azure.com/subscriptions/00000000-0000-0000-0000-000000000000/providers/Microsoft.Storage/locations/eastus2/asyncoperations/2927818b-5cbf-4e79-8eda-458463140d01?monitor=true&api-version=2021-09-01
      pragma:
      - no-cache
      server:
      - Microsoft-Azure-Storage-Resource-Provider/1.0,Microsoft-HTTPAPI/2.0 Microsoft-HTTPAPI/2.0
      strict-transport-security:
      - max-age=31536000; includeSubDomains
      x-content-type-options:
      - nosniff
    status:
      code: 202
      message: Accepted
- request:
    body: null
    headers:
      Accept:
      - '*/*'
      Accept-Encoding:
      - gzip, deflate
      CommandName:
      - storage account hns-migration start
      Connection:
      - keep-alive
      ParameterSetName:
      - --request-type -n -g
      User-Agent:
      - AZURECLI/2.35.0 azsdk-python-azure-mgmt-storage/20.0.0 Python/3.9.6 (Windows-10-10.0.19044-SP0)
    method: GET
    uri: https://management.azure.com/subscriptions/00000000-0000-0000-0000-000000000000/providers/Microsoft.Storage/locations/eastus2/asyncoperations/2927818b-5cbf-4e79-8eda-458463140d01?monitor=true&api-version=2021-09-01
  response:
    body:
      string: '{"status":"InProgress","properties":"{\"HnsOnMigrationRequestType\":1}"}'
    headers:
      cache-control:
      - no-cache
      content-length:
      - '72'
      content-type:
      - application/json
      date:
      - Mon, 11 Apr 2022 13:42:48 GMT
      expires:
      - '-1'
      location:
      - https://management.azure.com/subscriptions/00000000-0000-0000-0000-000000000000/providers/Microsoft.Storage/locations/eastus2/asyncoperations/2927818b-5cbf-4e79-8eda-458463140d01?monitor=true&api-version=2021-09-01
      pragma:
      - no-cache
      server:
      - Microsoft-Azure-Storage-Resource-Provider/1.0,Microsoft-HTTPAPI/2.0 Microsoft-HTTPAPI/2.0
      strict-transport-security:
      - max-age=31536000; includeSubDomains
      x-content-type-options:
      - nosniff
    status:
      code: 202
      message: Accepted
- request:
    body: null
    headers:
      Accept:
      - '*/*'
      Accept-Encoding:
      - gzip, deflate
      CommandName:
      - storage account hns-migration start
      Connection:
      - keep-alive
      ParameterSetName:
      - --request-type -n -g
      User-Agent:
      - AZURECLI/2.35.0 azsdk-python-azure-mgmt-storage/20.0.0 Python/3.9.6 (Windows-10-10.0.19044-SP0)
    method: GET
    uri: https://management.azure.com/subscriptions/00000000-0000-0000-0000-000000000000/providers/Microsoft.Storage/locations/eastus2/asyncoperations/2927818b-5cbf-4e79-8eda-458463140d01?monitor=true&api-version=2021-09-01
  response:
    body:
      string: '{"status":"InProgress","properties":"{\"HnsOnMigrationRequestType\":1}"}'
    headers:
      cache-control:
      - no-cache
      content-length:
      - '72'
      content-type:
      - application/json
      date:
      - Mon, 11 Apr 2022 13:43:05 GMT
      expires:
      - '-1'
      location:
      - https://management.azure.com/subscriptions/00000000-0000-0000-0000-000000000000/providers/Microsoft.Storage/locations/eastus2/asyncoperations/2927818b-5cbf-4e79-8eda-458463140d01?monitor=true&api-version=2021-09-01
      pragma:
      - no-cache
      server:
      - Microsoft-Azure-Storage-Resource-Provider/1.0,Microsoft-HTTPAPI/2.0 Microsoft-HTTPAPI/2.0
      strict-transport-security:
      - max-age=31536000; includeSubDomains
      x-content-type-options:
      - nosniff
    status:
      code: 202
      message: Accepted
- request:
    body: null
    headers:
      Accept:
      - '*/*'
      Accept-Encoding:
      - gzip, deflate
      CommandName:
      - storage account hns-migration start
      Connection:
      - keep-alive
      ParameterSetName:
      - --request-type -n -g
      User-Agent:
      - AZURECLI/2.35.0 azsdk-python-azure-mgmt-storage/20.0.0 Python/3.9.6 (Windows-10-10.0.19044-SP0)
    method: GET
    uri: https://management.azure.com/subscriptions/00000000-0000-0000-0000-000000000000/providers/Microsoft.Storage/locations/eastus2/asyncoperations/2927818b-5cbf-4e79-8eda-458463140d01?monitor=true&api-version=2021-09-01
  response:
    body:
      string: '{"status":"InProgress","properties":"{\"HnsOnMigrationRequestType\":1}"}'
    headers:
      cache-control:
      - no-cache
      content-length:
      - '72'
      content-type:
      - application/json
      date:
      - Mon, 11 Apr 2022 13:43:22 GMT
      expires:
      - '-1'
      location:
      - https://management.azure.com/subscriptions/00000000-0000-0000-0000-000000000000/providers/Microsoft.Storage/locations/eastus2/asyncoperations/2927818b-5cbf-4e79-8eda-458463140d01?monitor=true&api-version=2021-09-01
      pragma:
      - no-cache
      server:
      - Microsoft-Azure-Storage-Resource-Provider/1.0,Microsoft-HTTPAPI/2.0 Microsoft-HTTPAPI/2.0
      strict-transport-security:
      - max-age=31536000; includeSubDomains
      x-content-type-options:
      - nosniff
    status:
      code: 202
      message: Accepted
- request:
    body: null
    headers:
      Accept:
      - '*/*'
      Accept-Encoding:
      - gzip, deflate
      CommandName:
      - storage account hns-migration start
      Connection:
      - keep-alive
      ParameterSetName:
      - --request-type -n -g
      User-Agent:
      - AZURECLI/2.35.0 azsdk-python-azure-mgmt-storage/20.0.0 Python/3.9.6 (Windows-10-10.0.19044-SP0)
    method: GET
    uri: https://management.azure.com/subscriptions/00000000-0000-0000-0000-000000000000/providers/Microsoft.Storage/locations/eastus2/asyncoperations/2927818b-5cbf-4e79-8eda-458463140d01?monitor=true&api-version=2021-09-01
  response:
    body:
      string: '{"status":"InProgress","properties":"{\"HnsOnMigrationRequestType\":1}","percentComplete":0.0}'
    headers:
      cache-control:
      - no-cache
      content-length:
      - '94'
      content-type:
      - application/json
      date:
      - Mon, 11 Apr 2022 13:43:40 GMT
      expires:
      - '-1'
      location:
      - https://management.azure.com/subscriptions/00000000-0000-0000-0000-000000000000/providers/Microsoft.Storage/locations/eastus2/asyncoperations/2927818b-5cbf-4e79-8eda-458463140d01?monitor=true&api-version=2021-09-01
      pragma:
      - no-cache
      server:
      - Microsoft-Azure-Storage-Resource-Provider/1.0,Microsoft-HTTPAPI/2.0 Microsoft-HTTPAPI/2.0
      strict-transport-security:
      - max-age=31536000; includeSubDomains
      x-content-type-options:
      - nosniff
    status:
      code: 202
      message: Accepted
- request:
    body: null
    headers:
      Accept:
      - '*/*'
      Accept-Encoding:
      - gzip, deflate
      CommandName:
      - storage account hns-migration start
      Connection:
      - keep-alive
      ParameterSetName:
      - --request-type -n -g
      User-Agent:
      - AZURECLI/2.35.0 azsdk-python-azure-mgmt-storage/20.0.0 Python/3.9.6 (Windows-10-10.0.19044-SP0)
    method: GET
    uri: https://management.azure.com/subscriptions/00000000-0000-0000-0000-000000000000/providers/Microsoft.Storage/locations/eastus2/asyncoperations/2927818b-5cbf-4e79-8eda-458463140d01?monitor=true&api-version=2021-09-01
  response:
    body:
      string: '{"status":"Succeeded","properties":"{\"HnsOnMigrationRequestType\":1}"}'
    headers:
      cache-control:
      - no-cache
      content-length:
      - '71'
      content-type:
      - application/json
      date:
      - Mon, 11 Apr 2022 13:43:58 GMT
      expires:
      - '-1'
      pragma:
      - no-cache
      server:
      - Microsoft-Azure-Storage-Resource-Provider/1.0,Microsoft-HTTPAPI/2.0 Microsoft-HTTPAPI/2.0
      strict-transport-security:
      - max-age=31536000; includeSubDomains
      transfer-encoding:
      - chunked
      vary:
      - Accept-Encoding
      x-content-type-options:
      - nosniff
    status:
      code: 200
      message: OK
- request:
    body: null
    headers:
      Accept:
      - '*/*'
      Accept-Encoding:
      - gzip, deflate
      CommandName:
      - storage account hns-migration start
      Connection:
      - keep-alive
      ParameterSetName:
      - --request-type -n -g
      User-Agent:
      - AZURECLI/2.35.0 azsdk-python-azure-mgmt-storage/20.0.0 Python/3.9.6 (Windows-10-10.0.19044-SP0)
    method: GET
    uri: https://management.azure.com/subscriptions/00000000-0000-0000-0000-000000000000/providers/Microsoft.Storage/locations/eastus2/asyncoperations/2927818b-5cbf-4e79-8eda-458463140d01?monitor=true&api-version=2021-09-01
  response:
    body:
      string: '{"status":"Succeeded","properties":"{\"HnsOnMigrationRequestType\":1}"}'
    headers:
      cache-control:
      - no-cache
      content-length:
      - '71'
      content-type:
      - application/json
      date:
      - Mon, 11 Apr 2022 13:43:58 GMT
      expires:
      - '-1'
      pragma:
      - no-cache
      server:
      - Microsoft-Azure-Storage-Resource-Provider/1.0,Microsoft-HTTPAPI/2.0 Microsoft-HTTPAPI/2.0
      strict-transport-security:
      - max-age=31536000; includeSubDomains
      transfer-encoding:
      - chunked
      vary:
      - Accept-Encoding
      x-content-type-options:
      - nosniff
    status:
      code: 200
      message: OK
- request:
    body: null
    headers:
      Accept:
      - application/json
      Accept-Encoding:
      - gzip, deflate
      CommandName:
      - storage account hns-migration start
      Connection:
      - keep-alive
      Content-Length:
      - '0'
      ParameterSetName:
      - --request-type -n -g
      User-Agent:
      - AZURECLI/2.35.0 azsdk-python-azure-mgmt-storage/20.0.0 Python/3.9.6 (Windows-10-10.0.19044-SP0)
    method: POST
    uri: https://management.azure.com/subscriptions/00000000-0000-0000-0000-000000000000/resourcegroups/cli_test_hns_migrate000001/providers/Microsoft.Storage/storageAccounts/clitest000003/hnsonmigration?api-version=2021-09-01&requestType=HnsOnValidationRequest
  response:
    body:
      string: ''
    headers:
      azure-asyncoperation:
      - https://management.azure.com/subscriptions/00000000-0000-0000-0000-000000000000/providers/Microsoft.Storage/locations/eastus2/asyncoperations/1969b2ed-44ea-4e78-a9a2-80718decc672?monitor=true&api-version=2021-09-01
      cache-control:
      - no-cache
      content-length:
      - '0'
      content-type:
      - text/plain; charset=utf-8
      date:
      - Mon, 11 Apr 2022 13:43:59 GMT
      expires:
      - '-1'
      location:
      - https://management.azure.com/subscriptions/00000000-0000-0000-0000-000000000000/providers/Microsoft.Storage/locations/eastus2/asyncoperations/1969b2ed-44ea-4e78-a9a2-80718decc672?monitor=true&api-version=2021-09-01
      pragma:
      - no-cache
      server:
      - Microsoft-Azure-Storage-Resource-Provider/1.0,Microsoft-HTTPAPI/2.0 Microsoft-HTTPAPI/2.0
      strict-transport-security:
      - max-age=31536000; includeSubDomains
      x-content-type-options:
      - nosniff
      x-ms-ratelimit-remaining-subscription-writes:
      - '1199'
    status:
      code: 202
      message: Accepted
- request:
    body: null
    headers:
      Accept:
      - '*/*'
      Accept-Encoding:
      - gzip, deflate
      CommandName:
      - storage account hns-migration start
      Connection:
      - keep-alive
      ParameterSetName:
      - --request-type -n -g
      User-Agent:
      - AZURECLI/2.35.0 azsdk-python-azure-mgmt-storage/20.0.0 Python/3.9.6 (Windows-10-10.0.19044-SP0)
    method: GET
    uri: https://management.azure.com/subscriptions/00000000-0000-0000-0000-000000000000/providers/Microsoft.Storage/locations/eastus2/asyncoperations/1969b2ed-44ea-4e78-a9a2-80718decc672?monitor=true&api-version=2021-09-01
  response:
    body:
      string: '{"status":"InProgress","properties":"{\"HnsOnMigrationRequestType\":0}","percentComplete":0.0}'
    headers:
      cache-control:
      - no-cache
      content-length:
      - '94'
      content-type:
      - application/json
      date:
      - Mon, 11 Apr 2022 13:44:16 GMT
      expires:
      - '-1'
      location:
      - https://management.azure.com/subscriptions/00000000-0000-0000-0000-000000000000/providers/Microsoft.Storage/locations/eastus2/asyncoperations/1969b2ed-44ea-4e78-a9a2-80718decc672?monitor=true&api-version=2021-09-01
      pragma:
      - no-cache
      server:
      - Microsoft-Azure-Storage-Resource-Provider/1.0,Microsoft-HTTPAPI/2.0 Microsoft-HTTPAPI/2.0
      strict-transport-security:
      - max-age=31536000; includeSubDomains
      x-content-type-options:
      - nosniff
    status:
      code: 202
      message: Accepted
- request:
    body: null
    headers:
      Accept:
      - '*/*'
      Accept-Encoding:
      - gzip, deflate
      CommandName:
      - storage account hns-migration start
      Connection:
      - keep-alive
      ParameterSetName:
      - --request-type -n -g
      User-Agent:
      - AZURECLI/2.35.0 azsdk-python-azure-mgmt-storage/20.0.0 Python/3.9.6 (Windows-10-10.0.19044-SP0)
    method: GET
    uri: https://management.azure.com/subscriptions/00000000-0000-0000-0000-000000000000/providers/Microsoft.Storage/locations/eastus2/asyncoperations/1969b2ed-44ea-4e78-a9a2-80718decc672?monitor=true&api-version=2021-09-01
  response:
    body:
      string: '{"status":"Succeeded","properties":"{\"HnsOnMigrationRequestType\":0}"}'
    headers:
      cache-control:
      - no-cache
      content-length:
      - '71'
      content-type:
      - application/json
      date:
      - Mon, 11 Apr 2022 13:44:33 GMT
      expires:
      - '-1'
      pragma:
      - no-cache
      server:
      - Microsoft-Azure-Storage-Resource-Provider/1.0,Microsoft-HTTPAPI/2.0 Microsoft-HTTPAPI/2.0
      strict-transport-security:
      - max-age=31536000; includeSubDomains
      transfer-encoding:
      - chunked
      vary:
      - Accept-Encoding
      x-content-type-options:
      - nosniff
    status:
      code: 200
      message: OK
- request:
    body: null
    headers:
      Accept:
      - '*/*'
      Accept-Encoding:
      - gzip, deflate
      CommandName:
      - storage account hns-migration start
      Connection:
      - keep-alive
      ParameterSetName:
      - --request-type -n -g
      User-Agent:
      - AZURECLI/2.35.0 azsdk-python-azure-mgmt-storage/20.0.0 Python/3.9.6 (Windows-10-10.0.19044-SP0)
    method: GET
    uri: https://management.azure.com/subscriptions/00000000-0000-0000-0000-000000000000/providers/Microsoft.Storage/locations/eastus2/asyncoperations/1969b2ed-44ea-4e78-a9a2-80718decc672?monitor=true&api-version=2021-09-01
  response:
    body:
      string: '{"status":"Succeeded","properties":"{\"HnsOnMigrationRequestType\":0}"}'
    headers:
      cache-control:
      - no-cache
      content-length:
      - '71'
      content-type:
      - application/json
      date:
      - Mon, 11 Apr 2022 13:44:34 GMT
      expires:
      - '-1'
      pragma:
      - no-cache
      server:
      - Microsoft-Azure-Storage-Resource-Provider/1.0,Microsoft-HTTPAPI/2.0 Microsoft-HTTPAPI/2.0
      strict-transport-security:
      - max-age=31536000; includeSubDomains
      transfer-encoding:
      - chunked
      vary:
      - Accept-Encoding
      x-content-type-options:
      - nosniff
    status:
      code: 200
      message: OK
- request:
    body: null
    headers:
      Accept:
      - application/json
      Accept-Encoding:
      - gzip, deflate
      CommandName:
      - storage account hns-migration start
      Connection:
      - keep-alive
      Content-Length:
      - '0'
      ParameterSetName:
      - --request-type -n -g --no-wait
      User-Agent:
      - AZURECLI/2.35.0 azsdk-python-azure-mgmt-storage/20.0.0 Python/3.9.6 (Windows-10-10.0.19044-SP0)
    method: POST
    uri: https://management.azure.com/subscriptions/00000000-0000-0000-0000-000000000000/resourcegroups/cli_test_hns_migrate000001/providers/Microsoft.Storage/storageAccounts/clitest000003/hnsonmigration?api-version=2021-09-01&requestType=HnsOnHydrationRequest
  response:
    body:
      string: ''
    headers:
      azure-asyncoperation:
      - https://management.azure.com/subscriptions/00000000-0000-0000-0000-000000000000/providers/Microsoft.Storage/locations/eastus2/asyncoperations/04d84a19-ea33-41a0-a18f-d7d820eaeb85?monitor=true&api-version=2021-09-01
      cache-control:
      - no-cache
      content-length:
      - '0'
      content-type:
      - text/plain; charset=utf-8
      date:
      - Mon, 11 Apr 2022 13:44:37 GMT
      expires:
      - '-1'
      location:
      - https://management.azure.com/subscriptions/00000000-0000-0000-0000-000000000000/providers/Microsoft.Storage/locations/eastus2/asyncoperations/04d84a19-ea33-41a0-a18f-d7d820eaeb85?monitor=true&api-version=2021-09-01
      pragma:
      - no-cache
      server:
      - Microsoft-Azure-Storage-Resource-Provider/1.0,Microsoft-HTTPAPI/2.0 Microsoft-HTTPAPI/2.0
      strict-transport-security:
      - max-age=31536000; includeSubDomains
      x-content-type-options:
      - nosniff
      x-ms-ratelimit-remaining-subscription-writes:
      - '1197'
    status:
      code: 202
      message: Accepted
- request:
    body: null
    headers:
      Accept:
      - application/json
      Accept-Encoding:
      - gzip, deflate
      CommandName:
      - storage account hns-migration stop
      Connection:
      - keep-alive
      Content-Length:
      - '0'
      ParameterSetName:
      - -n -g
      User-Agent:
      - AZURECLI/2.35.0 azsdk-python-azure-mgmt-storage/20.0.0 Python/3.9.6 (Windows-10-10.0.19044-SP0)
    method: POST
    uri: https://management.azure.com/subscriptions/00000000-0000-0000-0000-000000000000/resourcegroups/cli_test_hns_migrate000001/providers/Microsoft.Storage/storageAccounts/clitest000003/aborthnsonmigration?api-version=2021-09-01
  response:
    body:
      string: '{"error":{"code":"HnsMigrationNotFound","message":"Hns migration for
        the account: clitest000003 is not found."}}'
    headers:
      cache-control:
      - no-cache
      content-length:
      - '112'
      content-type:
      - application/json
      date:
      - Mon, 11 Apr 2022 13:44:38 GMT
      expires:
      - '-1'
      pragma:
      - no-cache
      server:
      - Microsoft-Azure-Storage-Resource-Provider/1.0,Microsoft-HTTPAPI/2.0 Microsoft-HTTPAPI/2.0
      strict-transport-security:
      - max-age=31536000; includeSubDomains
      x-content-type-options:
      - nosniff
      x-ms-ratelimit-remaining-subscription-writes:
      - '1199'
    status:
      code: 400
      message: Bad Request
- request:
    body: null
    headers:
      Accept:
      - application/json
      Accept-Encoding:
      - gzip, deflate
      CommandName:
      - storage account hns-migration stop
      Connection:
      - keep-alive
      Content-Length:
      - '0'
      ParameterSetName:
      - -n -g
      User-Agent:
      - AZURECLI/2.35.0 azsdk-python-azure-mgmt-storage/20.0.0 Python/3.9.6 (Windows-10-10.0.19044-SP0)
    method: POST
    uri: https://management.azure.com/subscriptions/00000000-0000-0000-0000-000000000000/resourcegroups/cli_test_hns_migrate000001/providers/Microsoft.Storage/storageAccounts/clitest000003/aborthnsonmigration?api-version=2021-09-01
  response:
    body:
      string: '{"error":{"code":"HnsMigrationNotFound","message":"Hns migration for
        the account: clitest000003 is not found."}}'
    headers:
      cache-control:
      - no-cache
      content-length:
      - '112'
      content-type:
      - application/json
      date:
      - Mon, 11 Apr 2022 13:44:40 GMT
      expires:
      - '-1'
      pragma:
      - no-cache
      server:
      - Microsoft-Azure-Storage-Resource-Provider/1.0,Microsoft-HTTPAPI/2.0 Microsoft-HTTPAPI/2.0
      strict-transport-security:
      - max-age=31536000; includeSubDomains
      x-content-type-options:
      - nosniff
      x-ms-ratelimit-remaining-subscription-writes:
      - '1198'
    status:
      code: 400
      message: Bad Request
- request:
    body: null
    headers:
      Accept:
      - application/json
      Accept-Encoding:
      - gzip, deflate
      CommandName:
      - storage account hns-migration stop
      Connection:
      - keep-alive
      Content-Length:
      - '0'
      ParameterSetName:
      - -n -g
      User-Agent:
      - AZURECLI/2.35.0 azsdk-python-azure-mgmt-storage/20.0.0 Python/3.9.6 (Windows-10-10.0.19044-SP0)
    method: POST
    uri: https://management.azure.com/subscriptions/00000000-0000-0000-0000-000000000000/resourcegroups/cli_test_hns_migrate000001/providers/Microsoft.Storage/storageAccounts/clitest000003/aborthnsonmigration?api-version=2021-09-01
  response:
    body:
      string: '{"error":{"code":"HnsMigrationNotFound","message":"Hns migration for
        the account: clitest000003 is not found."}}'
    headers:
      cache-control:
      - no-cache
      content-length:
      - '112'
      content-type:
      - application/json
      date:
      - Mon, 11 Apr 2022 13:44:41 GMT
      expires:
      - '-1'
      pragma:
      - no-cache
      server:
      - Microsoft-Azure-Storage-Resource-Provider/1.0,Microsoft-HTTPAPI/2.0 Microsoft-HTTPAPI/2.0
      strict-transport-security:
      - max-age=31536000; includeSubDomains
      x-content-type-options:
      - nosniff
      x-ms-ratelimit-remaining-subscription-writes:
      - '1198'
    status:
      code: 400
      message: Bad Request
- request:
    body: null
    headers:
      Accept:
      - application/json
      Accept-Encoding:
      - gzip, deflate
      CommandName:
      - storage account hns-migration stop
      Connection:
      - keep-alive
      Content-Length:
      - '0'
      ParameterSetName:
      - -n -g
      User-Agent:
      - AZURECLI/2.35.0 azsdk-python-azure-mgmt-storage/20.0.0 Python/3.9.6 (Windows-10-10.0.19044-SP0)
    method: POST
    uri: https://management.azure.com/subscriptions/00000000-0000-0000-0000-000000000000/resourcegroups/cli_test_hns_migrate000001/providers/Microsoft.Storage/storageAccounts/clitest000003/aborthnsonmigration?api-version=2021-09-01
  response:
    body:
      string: '{"error":{"code":"HnsMigrationNotFound","message":"Hns migration for
        the account: clitest000003 is not found."}}'
    headers:
      cache-control:
      - no-cache
      content-length:
      - '112'
      content-type:
      - application/json
      date:
      - Mon, 11 Apr 2022 13:44:43 GMT
      expires:
      - '-1'
      pragma:
      - no-cache
      server:
      - Microsoft-Azure-Storage-Resource-Provider/1.0,Microsoft-HTTPAPI/2.0 Microsoft-HTTPAPI/2.0
      strict-transport-security:
      - max-age=31536000; includeSubDomains
      x-content-type-options:
      - nosniff
      x-ms-ratelimit-remaining-subscription-writes:
      - '1199'
    status:
      code: 400
      message: Bad Request
- request:
    body: null
    headers:
      Accept:
      - application/json
      Accept-Encoding:
      - gzip, deflate
      CommandName:
      - storage account hns-migration stop
      Connection:
      - keep-alive
      Content-Length:
      - '0'
      ParameterSetName:
      - -n -g
      User-Agent:
      - AZURECLI/2.35.0 azsdk-python-azure-mgmt-storage/20.0.0 Python/3.9.6 (Windows-10-10.0.19044-SP0)
    method: POST
    uri: https://management.azure.com/subscriptions/00000000-0000-0000-0000-000000000000/resourcegroups/cli_test_hns_migrate000001/providers/Microsoft.Storage/storageAccounts/clitest000003/aborthnsonmigration?api-version=2021-09-01
  response:
    body:
      string: '{"error":{"code":"HnsMigrationNotFound","message":"Hns migration for
        the account: clitest000003 is not found."}}'
    headers:
      cache-control:
      - no-cache
      content-length:
      - '112'
      content-type:
      - application/json
      date:
      - Mon, 11 Apr 2022 13:44:44 GMT
      expires:
      - '-1'
      pragma:
      - no-cache
      server:
      - Microsoft-Azure-Storage-Resource-Provider/1.0,Microsoft-HTTPAPI/2.0 Microsoft-HTTPAPI/2.0
      strict-transport-security:
      - max-age=31536000; includeSubDomains
      x-content-type-options:
      - nosniff
      x-ms-ratelimit-remaining-subscription-writes:
      - '1198'
    status:
      code: 400
      message: Bad Request
- request:
    body: null
    headers:
      Accept:
      - application/json
      Accept-Encoding:
      - gzip, deflate
      CommandName:
      - storage account hns-migration stop
      Connection:
      - keep-alive
      Content-Length:
      - '0'
      ParameterSetName:
      - -n -g
      User-Agent:
      - AZURECLI/2.35.0 azsdk-python-azure-mgmt-storage/20.0.0 Python/3.9.6 (Windows-10-10.0.19044-SP0)
    method: POST
    uri: https://management.azure.com/subscriptions/00000000-0000-0000-0000-000000000000/resourcegroups/cli_test_hns_migrate000001/providers/Microsoft.Storage/storageAccounts/clitest000003/aborthnsonmigration?api-version=2021-09-01
  response:
    body:
      string: '{"error":{"code":"HnsMigrationNotFound","message":"Hns migration for
        the account: clitest000003 is not found."}}'
    headers:
      cache-control:
      - no-cache
      content-length:
      - '112'
      content-type:
      - application/json
      date:
      - Mon, 11 Apr 2022 13:44:45 GMT
      expires:
      - '-1'
      pragma:
      - no-cache
      server:
      - Microsoft-Azure-Storage-Resource-Provider/1.0,Microsoft-HTTPAPI/2.0 Microsoft-HTTPAPI/2.0
      strict-transport-security:
      - max-age=31536000; includeSubDomains
      x-content-type-options:
      - nosniff
      x-ms-ratelimit-remaining-subscription-writes:
      - '1198'
    status:
      code: 400
      message: Bad Request
- request:
    body: null
    headers:
      Accept:
      - application/json
      Accept-Encoding:
      - gzip, deflate
      CommandName:
      - storage account hns-migration stop
      Connection:
      - keep-alive
      Content-Length:
      - '0'
      ParameterSetName:
      - -n -g
      User-Agent:
      - AZURECLI/2.35.0 azsdk-python-azure-mgmt-storage/20.0.0 Python/3.9.6 (Windows-10-10.0.19044-SP0)
    method: POST
    uri: https://management.azure.com/subscriptions/00000000-0000-0000-0000-000000000000/resourcegroups/cli_test_hns_migrate000001/providers/Microsoft.Storage/storageAccounts/clitest000003/aborthnsonmigration?api-version=2021-09-01
  response:
    body:
      string: '{"error":{"code":"HnsMigrationNotFound","message":"Hns migration for
        the account: clitest000003 is not found."}}'
    headers:
      cache-control:
      - no-cache
      content-length:
      - '112'
      content-type:
      - application/json
      date:
      - Mon, 11 Apr 2022 13:44:47 GMT
      expires:
      - '-1'
      pragma:
      - no-cache
      server:
      - Microsoft-Azure-Storage-Resource-Provider/1.0,Microsoft-HTTPAPI/2.0 Microsoft-HTTPAPI/2.0
      strict-transport-security:
      - max-age=31536000; includeSubDomains
      x-content-type-options:
      - nosniff
      x-ms-ratelimit-remaining-subscription-writes:
      - '1199'
    status:
      code: 400
      message: Bad Request
- request:
    body: null
    headers:
      Accept:
      - application/json
      Accept-Encoding:
      - gzip, deflate
      CommandName:
      - storage account hns-migration stop
      Connection:
      - keep-alive
      Content-Length:
      - '0'
      ParameterSetName:
      - -n -g
      User-Agent:
      - AZURECLI/2.35.0 azsdk-python-azure-mgmt-storage/20.0.0 Python/3.9.6 (Windows-10-10.0.19044-SP0)
    method: POST
    uri: https://management.azure.com/subscriptions/00000000-0000-0000-0000-000000000000/resourcegroups/cli_test_hns_migrate000001/providers/Microsoft.Storage/storageAccounts/clitest000003/aborthnsonmigration?api-version=2021-09-01
  response:
    body:
      string: '{"error":{"code":"HnsMigrationNotFound","message":"Hns migration for
        the account: clitest000003 is not found."}}'
    headers:
      cache-control:
      - no-cache
      content-length:
      - '112'
      content-type:
      - application/json
      date:
      - Mon, 11 Apr 2022 13:44:48 GMT
      expires:
      - '-1'
      pragma:
      - no-cache
      server:
      - Microsoft-Azure-Storage-Resource-Provider/1.0,Microsoft-HTTPAPI/2.0 Microsoft-HTTPAPI/2.0
      strict-transport-security:
      - max-age=31536000; includeSubDomains
      x-content-type-options:
      - nosniff
      x-ms-ratelimit-remaining-subscription-writes:
      - '1198'
    status:
      code: 400
      message: Bad Request
- request:
    body: null
    headers:
      Accept:
      - application/json
      Accept-Encoding:
      - gzip, deflate
      CommandName:
      - storage account hns-migration stop
      Connection:
      - keep-alive
      Content-Length:
      - '0'
      ParameterSetName:
      - -n -g
      User-Agent:
      - AZURECLI/2.35.0 azsdk-python-azure-mgmt-storage/20.0.0 Python/3.9.6 (Windows-10-10.0.19044-SP0)
    method: POST
    uri: https://management.azure.com/subscriptions/00000000-0000-0000-0000-000000000000/resourcegroups/cli_test_hns_migrate000001/providers/Microsoft.Storage/storageAccounts/clitest000003/aborthnsonmigration?api-version=2021-09-01
  response:
    body:
      string: '{"error":{"code":"HnsMigrationNotFound","message":"Hns migration for
        the account: clitest000003 is not found."}}'
    headers:
      cache-control:
      - no-cache
      content-length:
      - '112'
      content-type:
      - application/json
      date:
      - Mon, 11 Apr 2022 13:44:49 GMT
      expires:
      - '-1'
      pragma:
      - no-cache
      server:
      - Microsoft-Azure-Storage-Resource-Provider/1.0,Microsoft-HTTPAPI/2.0 Microsoft-HTTPAPI/2.0
      strict-transport-security:
      - max-age=31536000; includeSubDomains
      x-content-type-options:
      - nosniff
      x-ms-ratelimit-remaining-subscription-writes:
      - '1198'
    status:
      code: 400
      message: Bad Request
- request:
    body: null
    headers:
      Accept:
      - application/json
      Accept-Encoding:
      - gzip, deflate
      CommandName:
      - storage account hns-migration stop
      Connection:
      - keep-alive
      Content-Length:
      - '0'
      ParameterSetName:
      - -n -g
      User-Agent:
      - AZURECLI/2.35.0 azsdk-python-azure-mgmt-storage/20.0.0 Python/3.9.6 (Windows-10-10.0.19044-SP0)
    method: POST
    uri: https://management.azure.com/subscriptions/00000000-0000-0000-0000-000000000000/resourcegroups/cli_test_hns_migrate000001/providers/Microsoft.Storage/storageAccounts/clitest000003/aborthnsonmigration?api-version=2021-09-01
  response:
    body:
      string: '{"error":{"code":"HnsMigrationNotFound","message":"Hns migration for
        the account: clitest000003 is not found."}}'
    headers:
      cache-control:
      - no-cache
      content-length:
      - '112'
      content-type:
      - application/json
      date:
      - Mon, 11 Apr 2022 13:44:50 GMT
      expires:
      - '-1'
      pragma:
      - no-cache
      server:
      - Microsoft-Azure-Storage-Resource-Provider/1.0,Microsoft-HTTPAPI/2.0 Microsoft-HTTPAPI/2.0
      strict-transport-security:
      - max-age=31536000; includeSubDomains
      x-content-type-options:
      - nosniff
      x-ms-ratelimit-remaining-subscription-writes:
      - '1198'
    status:
      code: 400
      message: Bad Request
- request:
    body: null
    headers:
      Accept:
      - application/json
      Accept-Encoding:
      - gzip, deflate
      CommandName:
      - storage account hns-migration stop
      Connection:
      - keep-alive
      Content-Length:
      - '0'
      ParameterSetName:
      - -n -g
      User-Agent:
      - AZURECLI/2.35.0 azsdk-python-azure-mgmt-storage/20.0.0 Python/3.9.6 (Windows-10-10.0.19044-SP0)
    method: POST
    uri: https://management.azure.com/subscriptions/00000000-0000-0000-0000-000000000000/resourcegroups/cli_test_hns_migrate000001/providers/Microsoft.Storage/storageAccounts/clitest000003/aborthnsonmigration?api-version=2021-09-01
  response:
    body:
      string: '{"error":{"code":"HnsMigrationNotFound","message":"Hns migration for
        the account: clitest000003 is not found."}}'
    headers:
      cache-control:
      - no-cache
      content-length:
      - '112'
      content-type:
      - application/json
      date:
      - Mon, 11 Apr 2022 13:44:51 GMT
      expires:
      - '-1'
      pragma:
      - no-cache
      server:
      - Microsoft-Azure-Storage-Resource-Provider/1.0,Microsoft-HTTPAPI/2.0 Microsoft-HTTPAPI/2.0
      strict-transport-security:
      - max-age=31536000; includeSubDomains
      x-content-type-options:
      - nosniff
      x-ms-ratelimit-remaining-subscription-writes:
      - '1197'
    status:
      code: 400
      message: Bad Request
- request:
    body: null
    headers:
      Accept:
      - application/json
      Accept-Encoding:
      - gzip, deflate
      CommandName:
      - storage account hns-migration stop
      Connection:
      - keep-alive
      Content-Length:
      - '0'
      ParameterSetName:
      - -n -g
      User-Agent:
      - AZURECLI/2.35.0 azsdk-python-azure-mgmt-storage/20.0.0 Python/3.9.6 (Windows-10-10.0.19044-SP0)
    method: POST
    uri: https://management.azure.com/subscriptions/00000000-0000-0000-0000-000000000000/resourcegroups/cli_test_hns_migrate000001/providers/Microsoft.Storage/storageAccounts/clitest000003/aborthnsonmigration?api-version=2021-09-01
  response:
    body:
      string: '{"error":{"code":"HnsMigrationNotFound","message":"Hns migration for
        the account: clitest000003 is not found."}}'
    headers:
      cache-control:
      - no-cache
      content-length:
      - '112'
      content-type:
      - application/json
      date:
      - Mon, 11 Apr 2022 13:44:53 GMT
      expires:
      - '-1'
      pragma:
      - no-cache
      server:
      - Microsoft-Azure-Storage-Resource-Provider/1.0,Microsoft-HTTPAPI/2.0 Microsoft-HTTPAPI/2.0
      strict-transport-security:
      - max-age=31536000; includeSubDomains
      x-content-type-options:
      - nosniff
      x-ms-ratelimit-remaining-subscription-writes:
      - '1198'
    status:
      code: 400
      message: Bad Request
- request:
    body: null
    headers:
      Accept:
      - application/json
      Accept-Encoding:
      - gzip, deflate
      CommandName:
      - storage account hns-migration stop
      Connection:
      - keep-alive
      Content-Length:
      - '0'
      ParameterSetName:
      - -n -g
      User-Agent:
      - AZURECLI/2.35.0 azsdk-python-azure-mgmt-storage/20.0.0 Python/3.9.6 (Windows-10-10.0.19044-SP0)
    method: POST
    uri: https://management.azure.com/subscriptions/00000000-0000-0000-0000-000000000000/resourcegroups/cli_test_hns_migrate000001/providers/Microsoft.Storage/storageAccounts/clitest000003/aborthnsonmigration?api-version=2021-09-01
  response:
    body:
      string: '{"error":{"code":"HnsMigrationNotFound","message":"Hns migration for
        the account: clitest000003 is not found."}}'
    headers:
      cache-control:
      - no-cache
      content-length:
      - '112'
      content-type:
      - application/json
      date:
      - Mon, 11 Apr 2022 13:44:53 GMT
      expires:
      - '-1'
      pragma:
      - no-cache
      server:
      - Microsoft-Azure-Storage-Resource-Provider/1.0,Microsoft-HTTPAPI/2.0 Microsoft-HTTPAPI/2.0
      strict-transport-security:
      - max-age=31536000; includeSubDomains
      x-content-type-options:
      - nosniff
      x-ms-ratelimit-remaining-subscription-writes:
      - '1199'
    status:
      code: 400
      message: Bad Request
- request:
    body: null
    headers:
      Accept:
      - application/json
      Accept-Encoding:
      - gzip, deflate
      CommandName:
      - storage account hns-migration stop
      Connection:
      - keep-alive
      Content-Length:
      - '0'
      ParameterSetName:
      - -n -g
      User-Agent:
      - AZURECLI/2.35.0 azsdk-python-azure-mgmt-storage/20.0.0 Python/3.9.6 (Windows-10-10.0.19044-SP0)
    method: POST
    uri: https://management.azure.com/subscriptions/00000000-0000-0000-0000-000000000000/resourcegroups/cli_test_hns_migrate000001/providers/Microsoft.Storage/storageAccounts/clitest000003/aborthnsonmigration?api-version=2021-09-01
  response:
    body:
      string: '{"error":{"code":"HnsMigrationNotFound","message":"Hns migration for
        the account: clitest000003 is not found."}}'
    headers:
      cache-control:
      - no-cache
      content-length:
      - '112'
      content-type:
      - application/json
      date:
      - Mon, 11 Apr 2022 13:44:54 GMT
      expires:
      - '-1'
      pragma:
      - no-cache
      server:
      - Microsoft-Azure-Storage-Resource-Provider/1.0,Microsoft-HTTPAPI/2.0 Microsoft-HTTPAPI/2.0
      strict-transport-security:
      - max-age=31536000; includeSubDomains
      x-content-type-options:
      - nosniff
      x-ms-ratelimit-remaining-subscription-writes:
      - '1198'
    status:
      code: 400
      message: Bad Request
- request:
    body: null
    headers:
      Accept:
      - application/json
      Accept-Encoding:
      - gzip, deflate
      CommandName:
      - storage account hns-migration stop
      Connection:
      - keep-alive
      Content-Length:
      - '0'
      ParameterSetName:
      - -n -g
      User-Agent:
      - AZURECLI/2.35.0 azsdk-python-azure-mgmt-storage/20.0.0 Python/3.9.6 (Windows-10-10.0.19044-SP0)
    method: POST
    uri: https://management.azure.com/subscriptions/00000000-0000-0000-0000-000000000000/resourcegroups/cli_test_hns_migrate000001/providers/Microsoft.Storage/storageAccounts/clitest000003/aborthnsonmigration?api-version=2021-09-01
  response:
    body:
      string: '{"error":{"code":"HnsMigrationNotFound","message":"Hns migration for
        the account: clitest000003 is not found."}}'
    headers:
      cache-control:
      - no-cache
      content-length:
      - '112'
      content-type:
      - application/json
      date:
      - Mon, 11 Apr 2022 13:44:56 GMT
      expires:
      - '-1'
      pragma:
      - no-cache
      server:
      - Microsoft-Azure-Storage-Resource-Provider/1.0,Microsoft-HTTPAPI/2.0 Microsoft-HTTPAPI/2.0
      strict-transport-security:
      - max-age=31536000; includeSubDomains
      x-content-type-options:
      - nosniff
      x-ms-ratelimit-remaining-subscription-writes:
      - '1197'
    status:
      code: 400
      message: Bad Request
- request:
    body: null
    headers:
      Accept:
      - application/json
      Accept-Encoding:
      - gzip, deflate
      CommandName:
      - storage account hns-migration stop
      Connection:
      - keep-alive
      Content-Length:
      - '0'
      ParameterSetName:
      - -n -g
      User-Agent:
      - AZURECLI/2.35.0 azsdk-python-azure-mgmt-storage/20.0.0 Python/3.9.6 (Windows-10-10.0.19044-SP0)
    method: POST
    uri: https://management.azure.com/subscriptions/00000000-0000-0000-0000-000000000000/resourcegroups/cli_test_hns_migrate000001/providers/Microsoft.Storage/storageAccounts/clitest000003/aborthnsonmigration?api-version=2021-09-01
  response:
    body:
      string: '{"error":{"code":"HnsMigrationNotFound","message":"Hns migration for
        the account: clitest000003 is not found."}}'
    headers:
      cache-control:
      - no-cache
      content-length:
      - '112'
      content-type:
      - application/json
      date:
      - Mon, 11 Apr 2022 13:44:56 GMT
      expires:
      - '-1'
      pragma:
      - no-cache
      server:
      - Microsoft-Azure-Storage-Resource-Provider/1.0,Microsoft-HTTPAPI/2.0 Microsoft-HTTPAPI/2.0
      strict-transport-security:
      - max-age=31536000; includeSubDomains
      x-content-type-options:
      - nosniff
      x-ms-ratelimit-remaining-subscription-writes:
      - '1197'
    status:
      code: 400
      message: Bad Request
- request:
    body: null
    headers:
      Accept:
      - application/json
      Accept-Encoding:
      - gzip, deflate
      CommandName:
      - storage account hns-migration stop
      Connection:
      - keep-alive
      Content-Length:
      - '0'
      ParameterSetName:
      - -n -g
      User-Agent:
      - AZURECLI/2.35.0 azsdk-python-azure-mgmt-storage/20.0.0 Python/3.9.6 (Windows-10-10.0.19044-SP0)
    method: POST
    uri: https://management.azure.com/subscriptions/00000000-0000-0000-0000-000000000000/resourcegroups/cli_test_hns_migrate000001/providers/Microsoft.Storage/storageAccounts/clitest000003/aborthnsonmigration?api-version=2021-09-01
  response:
    body:
      string: '{"error":{"code":"HnsMigrationNotFound","message":"Hns migration for
        the account: clitest000003 is not found."}}'
    headers:
      cache-control:
      - no-cache
      content-length:
      - '112'
      content-type:
      - application/json
      date:
      - Mon, 11 Apr 2022 13:44:57 GMT
      expires:
      - '-1'
      pragma:
      - no-cache
      server:
      - Microsoft-Azure-Storage-Resource-Provider/1.0,Microsoft-HTTPAPI/2.0 Microsoft-HTTPAPI/2.0
      strict-transport-security:
      - max-age=31536000; includeSubDomains
      x-content-type-options:
      - nosniff
      x-ms-ratelimit-remaining-subscription-writes:
      - '1197'
    status:
      code: 400
      message: Bad Request
- request:
    body: null
    headers:
      Accept:
      - application/json
      Accept-Encoding:
      - gzip, deflate
      CommandName:
      - storage account hns-migration stop
      Connection:
      - keep-alive
      Content-Length:
      - '0'
      ParameterSetName:
      - -n -g
      User-Agent:
      - AZURECLI/2.35.0 azsdk-python-azure-mgmt-storage/20.0.0 Python/3.9.6 (Windows-10-10.0.19044-SP0)
    method: POST
    uri: https://management.azure.com/subscriptions/00000000-0000-0000-0000-000000000000/resourcegroups/cli_test_hns_migrate000001/providers/Microsoft.Storage/storageAccounts/clitest000003/aborthnsonmigration?api-version=2021-09-01
  response:
    body:
      string: '{"error":{"code":"HnsMigrationNotFound","message":"Hns migration for
        the account: clitest000003 is not found."}}'
    headers:
      cache-control:
      - no-cache
      content-length:
      - '112'
      content-type:
      - application/json
      date:
      - Mon, 11 Apr 2022 13:44:59 GMT
      expires:
      - '-1'
      pragma:
      - no-cache
      server:
      - Microsoft-Azure-Storage-Resource-Provider/1.0,Microsoft-HTTPAPI/2.0 Microsoft-HTTPAPI/2.0
      strict-transport-security:
      - max-age=31536000; includeSubDomains
      x-content-type-options:
      - nosniff
      x-ms-ratelimit-remaining-subscription-writes:
      - '1196'
    status:
      code: 400
      message: Bad Request
- request:
    body: null
    headers:
      Accept:
      - application/json
      Accept-Encoding:
      - gzip, deflate
      CommandName:
      - storage account hns-migration stop
      Connection:
      - keep-alive
      Content-Length:
      - '0'
      ParameterSetName:
      - -n -g
      User-Agent:
      - AZURECLI/2.35.0 azsdk-python-azure-mgmt-storage/20.0.0 Python/3.9.6 (Windows-10-10.0.19044-SP0)
    method: POST
    uri: https://management.azure.com/subscriptions/00000000-0000-0000-0000-000000000000/resourcegroups/cli_test_hns_migrate000001/providers/Microsoft.Storage/storageAccounts/clitest000003/aborthnsonmigration?api-version=2021-09-01
  response:
    body:
      string: '{"error":{"code":"HnsMigrationNotFound","message":"Hns migration for
        the account: clitest000003 is not found."}}'
    headers:
      cache-control:
      - no-cache
      content-length:
      - '112'
      content-type:
      - application/json
      date:
      - Mon, 11 Apr 2022 13:45:00 GMT
      expires:
      - '-1'
      pragma:
      - no-cache
      server:
      - Microsoft-Azure-Storage-Resource-Provider/1.0,Microsoft-HTTPAPI/2.0 Microsoft-HTTPAPI/2.0
      strict-transport-security:
      - max-age=31536000; includeSubDomains
      x-content-type-options:
      - nosniff
      x-ms-ratelimit-remaining-subscription-writes:
      - '1198'
    status:
      code: 400
      message: Bad Request
- request:
    body: null
    headers:
      Accept:
      - application/json
      Accept-Encoding:
      - gzip, deflate
      CommandName:
      - storage account hns-migration stop
      Connection:
      - keep-alive
      Content-Length:
      - '0'
      ParameterSetName:
      - -n -g
      User-Agent:
      - AZURECLI/2.35.0 azsdk-python-azure-mgmt-storage/20.0.0 Python/3.9.6 (Windows-10-10.0.19044-SP0)
    method: POST
    uri: https://management.azure.com/subscriptions/00000000-0000-0000-0000-000000000000/resourcegroups/cli_test_hns_migrate000001/providers/Microsoft.Storage/storageAccounts/clitest000003/aborthnsonmigration?api-version=2021-09-01
  response:
    body:
      string: '{"error":{"code":"HnsMigrationNotFound","message":"Hns migration for
        the account: clitest000003 is not found."}}'
    headers:
      cache-control:
      - no-cache
      content-length:
      - '112'
      content-type:
      - application/json
      date:
      - Mon, 11 Apr 2022 13:45:02 GMT
      expires:
      - '-1'
      pragma:
      - no-cache
      server:
      - Microsoft-Azure-Storage-Resource-Provider/1.0,Microsoft-HTTPAPI/2.0 Microsoft-HTTPAPI/2.0
      strict-transport-security:
      - max-age=31536000; includeSubDomains
      x-content-type-options:
      - nosniff
      x-ms-ratelimit-remaining-subscription-writes:
      - '1199'
    status:
      code: 400
      message: Bad Request
- request:
    body: null
    headers:
      Accept:
      - application/json
      Accept-Encoding:
      - gzip, deflate
      CommandName:
      - storage account hns-migration stop
      Connection:
      - keep-alive
      Content-Length:
      - '0'
      ParameterSetName:
      - -n -g
      User-Agent:
      - AZURECLI/2.35.0 azsdk-python-azure-mgmt-storage/20.0.0 Python/3.9.6 (Windows-10-10.0.19044-SP0)
    method: POST
    uri: https://management.azure.com/subscriptions/00000000-0000-0000-0000-000000000000/resourcegroups/cli_test_hns_migrate000001/providers/Microsoft.Storage/storageAccounts/clitest000003/aborthnsonmigration?api-version=2021-09-01
  response:
    body:
      string: '{"error":{"code":"HnsMigrationNotFound","message":"Hns migration for
        the account: clitest000003 is not found."}}'
    headers:
      cache-control:
      - no-cache
      content-length:
      - '112'
      content-type:
      - application/json
      date:
      - Mon, 11 Apr 2022 13:45:04 GMT
      expires:
      - '-1'
      pragma:
      - no-cache
      server:
      - Microsoft-Azure-Storage-Resource-Provider/1.0,Microsoft-HTTPAPI/2.0 Microsoft-HTTPAPI/2.0
      strict-transport-security:
      - max-age=31536000; includeSubDomains
      x-content-type-options:
      - nosniff
      x-ms-ratelimit-remaining-subscription-writes:
      - '1197'
    status:
      code: 400
      message: Bad Request
- request:
    body: null
    headers:
      Accept:
      - application/json
      Accept-Encoding:
      - gzip, deflate
      CommandName:
      - storage account hns-migration stop
      Connection:
      - keep-alive
      Content-Length:
      - '0'
      ParameterSetName:
      - -n -g
      User-Agent:
      - AZURECLI/2.35.0 azsdk-python-azure-mgmt-storage/20.0.0 Python/3.9.6 (Windows-10-10.0.19044-SP0)
    method: POST
    uri: https://management.azure.com/subscriptions/00000000-0000-0000-0000-000000000000/resourcegroups/cli_test_hns_migrate000001/providers/Microsoft.Storage/storageAccounts/clitest000003/aborthnsonmigration?api-version=2021-09-01
  response:
    body:
      string: '{"error":{"code":"HnsMigrationNotFound","message":"Hns migration for
        the account: clitest000003 is not found."}}'
    headers:
      cache-control:
      - no-cache
      content-length:
      - '112'
      content-type:
      - application/json
      date:
      - Mon, 11 Apr 2022 13:45:06 GMT
      expires:
      - '-1'
      pragma:
      - no-cache
      server:
      - Microsoft-Azure-Storage-Resource-Provider/1.0,Microsoft-HTTPAPI/2.0 Microsoft-HTTPAPI/2.0
      strict-transport-security:
      - max-age=31536000; includeSubDomains
      x-content-type-options:
      - nosniff
      x-ms-ratelimit-remaining-subscription-writes:
      - '1198'
    status:
      code: 400
      message: Bad Request
- request:
    body: null
    headers:
      Accept:
      - application/json
      Accept-Encoding:
      - gzip, deflate
      CommandName:
      - storage account hns-migration stop
      Connection:
      - keep-alive
      Content-Length:
      - '0'
      ParameterSetName:
      - -n -g
      User-Agent:
      - AZURECLI/2.35.0 azsdk-python-azure-mgmt-storage/20.0.0 Python/3.9.6 (Windows-10-10.0.19044-SP0)
    method: POST
    uri: https://management.azure.com/subscriptions/00000000-0000-0000-0000-000000000000/resourcegroups/cli_test_hns_migrate000001/providers/Microsoft.Storage/storageAccounts/clitest000003/aborthnsonmigration?api-version=2021-09-01
  response:
    body:
      string: '{"error":{"code":"HnsMigrationNotFound","message":"Hns migration for
        the account: clitest000003 is not found."}}'
    headers:
      cache-control:
      - no-cache
      content-length:
      - '112'
      content-type:
      - application/json
      date:
      - Mon, 11 Apr 2022 13:45:07 GMT
      expires:
      - '-1'
      pragma:
      - no-cache
      server:
      - Microsoft-Azure-Storage-Resource-Provider/1.0,Microsoft-HTTPAPI/2.0 Microsoft-HTTPAPI/2.0
      strict-transport-security:
      - max-age=31536000; includeSubDomains
      x-content-type-options:
      - nosniff
      x-ms-ratelimit-remaining-subscription-writes:
      - '1196'
    status:
      code: 400
      message: Bad Request
- request:
    body: null
    headers:
      Accept:
      - application/json
      Accept-Encoding:
      - gzip, deflate
      CommandName:
      - storage account hns-migration stop
      Connection:
      - keep-alive
      Content-Length:
      - '0'
      ParameterSetName:
      - -n -g
      User-Agent:
      - AZURECLI/2.35.0 azsdk-python-azure-mgmt-storage/20.0.0 Python/3.9.6 (Windows-10-10.0.19044-SP0)
    method: POST
    uri: https://management.azure.com/subscriptions/00000000-0000-0000-0000-000000000000/resourcegroups/cli_test_hns_migrate000001/providers/Microsoft.Storage/storageAccounts/clitest000003/aborthnsonmigration?api-version=2021-09-01
  response:
    body:
      string: '{"error":{"code":"HnsMigrationNotFound","message":"Hns migration for
        the account: clitest000003 is not found."}}'
    headers:
      cache-control:
      - no-cache
      content-length:
      - '112'
      content-type:
      - application/json
      date:
      - Mon, 11 Apr 2022 13:45:08 GMT
      expires:
      - '-1'
      pragma:
      - no-cache
      server:
      - Microsoft-Azure-Storage-Resource-Provider/1.0,Microsoft-HTTPAPI/2.0 Microsoft-HTTPAPI/2.0
      strict-transport-security:
      - max-age=31536000; includeSubDomains
      x-content-type-options:
      - nosniff
      x-ms-ratelimit-remaining-subscription-writes:
      - '1197'
    status:
      code: 400
      message: Bad Request
- request:
    body: null
    headers:
      Accept:
      - application/json
      Accept-Encoding:
      - gzip, deflate
      CommandName:
      - storage account hns-migration stop
      Connection:
      - keep-alive
      Content-Length:
      - '0'
      ParameterSetName:
      - -n -g
      User-Agent:
      - AZURECLI/2.35.0 azsdk-python-azure-mgmt-storage/20.0.0 Python/3.9.6 (Windows-10-10.0.19044-SP0)
    method: POST
    uri: https://management.azure.com/subscriptions/00000000-0000-0000-0000-000000000000/resourcegroups/cli_test_hns_migrate000001/providers/Microsoft.Storage/storageAccounts/clitest000003/aborthnsonmigration?api-version=2021-09-01
  response:
    body:
      string: '{"error":{"code":"HnsMigrationNotFound","message":"Hns migration for
        the account: clitest000003 is not found."}}'
    headers:
      cache-control:
      - no-cache
      content-length:
      - '112'
      content-type:
      - application/json
      date:
      - Mon, 11 Apr 2022 13:45:08 GMT
      expires:
      - '-1'
      pragma:
      - no-cache
      server:
      - Microsoft-Azure-Storage-Resource-Provider/1.0,Microsoft-HTTPAPI/2.0 Microsoft-HTTPAPI/2.0
      strict-transport-security:
      - max-age=31536000; includeSubDomains
      x-content-type-options:
      - nosniff
      x-ms-ratelimit-remaining-subscription-writes:
      - '1197'
    status:
      code: 400
      message: Bad Request
- request:
    body: null
    headers:
      Accept:
      - application/json
      Accept-Encoding:
      - gzip, deflate
      CommandName:
      - storage account hns-migration stop
      Connection:
      - keep-alive
      Content-Length:
      - '0'
      ParameterSetName:
      - -n -g
      User-Agent:
      - AZURECLI/2.35.0 azsdk-python-azure-mgmt-storage/20.0.0 Python/3.9.6 (Windows-10-10.0.19044-SP0)
    method: POST
    uri: https://management.azure.com/subscriptions/00000000-0000-0000-0000-000000000000/resourcegroups/cli_test_hns_migrate000001/providers/Microsoft.Storage/storageAccounts/clitest000003/aborthnsonmigration?api-version=2021-09-01
  response:
    body:
      string: '{"error":{"code":"HnsMigrationNotFound","message":"Hns migration for
        the account: clitest000003 is not found."}}'
    headers:
      cache-control:
      - no-cache
      content-length:
      - '112'
      content-type:
      - application/json
      date:
      - Mon, 11 Apr 2022 13:45:10 GMT
      expires:
      - '-1'
      pragma:
      - no-cache
      server:
      - Microsoft-Azure-Storage-Resource-Provider/1.0,Microsoft-HTTPAPI/2.0 Microsoft-HTTPAPI/2.0
      strict-transport-security:
      - max-age=31536000; includeSubDomains
      x-content-type-options:
      - nosniff
      x-ms-ratelimit-remaining-subscription-writes:
      - '1198'
    status:
      code: 400
      message: Bad Request
- request:
    body: null
    headers:
      Accept:
      - application/json
      Accept-Encoding:
      - gzip, deflate
      CommandName:
      - storage account hns-migration stop
      Connection:
      - keep-alive
      Content-Length:
      - '0'
      ParameterSetName:
      - -n -g
      User-Agent:
      - AZURECLI/2.35.0 azsdk-python-azure-mgmt-storage/20.0.0 Python/3.9.6 (Windows-10-10.0.19044-SP0)
    method: POST
    uri: https://management.azure.com/subscriptions/00000000-0000-0000-0000-000000000000/resourcegroups/cli_test_hns_migrate000001/providers/Microsoft.Storage/storageAccounts/clitest000003/aborthnsonmigration?api-version=2021-09-01
  response:
    body:
      string: '{"error":{"code":"HnsMigrationNotFound","message":"Hns migration for
        the account: clitest000003 is not found."}}'
    headers:
      cache-control:
      - no-cache
      content-length:
      - '112'
      content-type:
      - application/json
      date:
      - Mon, 11 Apr 2022 13:45:10 GMT
      expires:
      - '-1'
      pragma:
      - no-cache
      server:
      - Microsoft-Azure-Storage-Resource-Provider/1.0,Microsoft-HTTPAPI/2.0 Microsoft-HTTPAPI/2.0
      strict-transport-security:
      - max-age=31536000; includeSubDomains
      x-content-type-options:
      - nosniff
      x-ms-ratelimit-remaining-subscription-writes:
      - '1197'
    status:
      code: 400
      message: Bad Request
- request:
    body: null
    headers:
      Accept:
      - application/json
      Accept-Encoding:
      - gzip, deflate
      CommandName:
      - storage account hns-migration stop
      Connection:
      - keep-alive
      Content-Length:
      - '0'
      ParameterSetName:
      - -n -g
      User-Agent:
      - AZURECLI/2.35.0 azsdk-python-azure-mgmt-storage/20.0.0 Python/3.9.6 (Windows-10-10.0.19044-SP0)
    method: POST
    uri: https://management.azure.com/subscriptions/00000000-0000-0000-0000-000000000000/resourcegroups/cli_test_hns_migrate000001/providers/Microsoft.Storage/storageAccounts/clitest000003/aborthnsonmigration?api-version=2021-09-01
  response:
    body:
      string: '{"error":{"code":"HnsMigrationNotFound","message":"Hns migration for
        the account: clitest000003 is not found."}}'
    headers:
      cache-control:
      - no-cache
      content-length:
      - '112'
      content-type:
      - application/json
      date:
      - Mon, 11 Apr 2022 13:45:11 GMT
      expires:
      - '-1'
      pragma:
      - no-cache
      server:
      - Microsoft-Azure-Storage-Resource-Provider/1.0,Microsoft-HTTPAPI/2.0 Microsoft-HTTPAPI/2.0
      strict-transport-security:
      - max-age=31536000; includeSubDomains
      x-content-type-options:
      - nosniff
      x-ms-ratelimit-remaining-subscription-writes:
      - '1199'
    status:
      code: 400
      message: Bad Request
- request:
    body: null
    headers:
      Accept:
      - application/json
      Accept-Encoding:
      - gzip, deflate
      CommandName:
      - storage account hns-migration stop
      Connection:
      - keep-alive
      Content-Length:
      - '0'
      ParameterSetName:
      - -n -g
      User-Agent:
      - AZURECLI/2.35.0 azsdk-python-azure-mgmt-storage/20.0.0 Python/3.9.6 (Windows-10-10.0.19044-SP0)
    method: POST
    uri: https://management.azure.com/subscriptions/00000000-0000-0000-0000-000000000000/resourcegroups/cli_test_hns_migrate000001/providers/Microsoft.Storage/storageAccounts/clitest000003/aborthnsonmigration?api-version=2021-09-01
  response:
    body:
      string: '{"error":{"code":"HnsMigrationNotFound","message":"Hns migration for
        the account: clitest000003 is not found."}}'
    headers:
      cache-control:
      - no-cache
      content-length:
      - '112'
      content-type:
      - application/json
      date:
      - Mon, 11 Apr 2022 13:45:13 GMT
      expires:
      - '-1'
      pragma:
      - no-cache
      server:
      - Microsoft-Azure-Storage-Resource-Provider/1.0,Microsoft-HTTPAPI/2.0 Microsoft-HTTPAPI/2.0
      strict-transport-security:
      - max-age=31536000; includeSubDomains
      x-content-type-options:
      - nosniff
      x-ms-ratelimit-remaining-subscription-writes:
      - '1197'
    status:
      code: 400
      message: Bad Request
- request:
    body: null
    headers:
      Accept:
      - application/json
      Accept-Encoding:
      - gzip, deflate
      CommandName:
      - storage account hns-migration stop
      Connection:
      - keep-alive
      Content-Length:
      - '0'
      ParameterSetName:
      - -n -g
      User-Agent:
      - AZURECLI/2.35.0 azsdk-python-azure-mgmt-storage/20.0.0 Python/3.9.6 (Windows-10-10.0.19044-SP0)
    method: POST
    uri: https://management.azure.com/subscriptions/00000000-0000-0000-0000-000000000000/resourcegroups/cli_test_hns_migrate000001/providers/Microsoft.Storage/storageAccounts/clitest000003/aborthnsonmigration?api-version=2021-09-01
  response:
    body:
      string: '{"error":{"code":"HnsMigrationNotFound","message":"Hns migration for
        the account: clitest000003 is not found."}}'
    headers:
      cache-control:
      - no-cache
      content-length:
      - '112'
      content-type:
      - application/json
      date:
      - Mon, 11 Apr 2022 13:45:14 GMT
      expires:
      - '-1'
      pragma:
      - no-cache
      server:
      - Microsoft-Azure-Storage-Resource-Provider/1.0,Microsoft-HTTPAPI/2.0 Microsoft-HTTPAPI/2.0
      strict-transport-security:
      - max-age=31536000; includeSubDomains
      x-content-type-options:
      - nosniff
      x-ms-ratelimit-remaining-subscription-writes:
      - '1199'
    status:
      code: 400
      message: Bad Request
- request:
    body: null
    headers:
      Accept:
      - application/json
      Accept-Encoding:
      - gzip, deflate
      CommandName:
      - storage account hns-migration stop
      Connection:
      - keep-alive
      Content-Length:
      - '0'
      ParameterSetName:
      - -n -g
      User-Agent:
      - AZURECLI/2.35.0 azsdk-python-azure-mgmt-storage/20.0.0 Python/3.9.6 (Windows-10-10.0.19044-SP0)
    method: POST
    uri: https://management.azure.com/subscriptions/00000000-0000-0000-0000-000000000000/resourcegroups/cli_test_hns_migrate000001/providers/Microsoft.Storage/storageAccounts/clitest000003/aborthnsonmigration?api-version=2021-09-01
  response:
    body:
      string: '{"error":{"code":"HnsMigrationNotFound","message":"Hns migration for
        the account: clitest000003 is not found."}}'
    headers:
      cache-control:
      - no-cache
      content-length:
      - '112'
      content-type:
      - application/json
      date:
      - Mon, 11 Apr 2022 13:45:15 GMT
      expires:
      - '-1'
      pragma:
      - no-cache
      server:
      - Microsoft-Azure-Storage-Resource-Provider/1.0,Microsoft-HTTPAPI/2.0 Microsoft-HTTPAPI/2.0
      strict-transport-security:
      - max-age=31536000; includeSubDomains
      x-content-type-options:
      - nosniff
      x-ms-ratelimit-remaining-subscription-writes:
      - '1197'
    status:
      code: 400
      message: Bad Request
- request:
    body: null
    headers:
      Accept:
      - application/json
      Accept-Encoding:
      - gzip, deflate
      CommandName:
      - storage account hns-migration stop
      Connection:
      - keep-alive
      Content-Length:
      - '0'
      ParameterSetName:
      - -n -g
      User-Agent:
      - AZURECLI/2.35.0 azsdk-python-azure-mgmt-storage/20.0.0 Python/3.9.6 (Windows-10-10.0.19044-SP0)
    method: POST
    uri: https://management.azure.com/subscriptions/00000000-0000-0000-0000-000000000000/resourcegroups/cli_test_hns_migrate000001/providers/Microsoft.Storage/storageAccounts/clitest000003/aborthnsonmigration?api-version=2021-09-01
  response:
    body:
      string: '{"error":{"code":"HnsMigrationNotFound","message":"Hns migration for
        the account: clitest000003 is not found."}}'
    headers:
      cache-control:
      - no-cache
      content-length:
      - '112'
      content-type:
      - application/json
      date:
      - Mon, 11 Apr 2022 13:45:16 GMT
      expires:
      - '-1'
      pragma:
      - no-cache
      server:
      - Microsoft-Azure-Storage-Resource-Provider/1.0,Microsoft-HTTPAPI/2.0 Microsoft-HTTPAPI/2.0
      strict-transport-security:
      - max-age=31536000; includeSubDomains
      x-content-type-options:
      - nosniff
      x-ms-ratelimit-remaining-subscription-writes:
      - '1199'
    status:
      code: 400
      message: Bad Request
- request:
    body: null
    headers:
      Accept:
      - application/json
      Accept-Encoding:
      - gzip, deflate
      CommandName:
      - storage account hns-migration stop
      Connection:
      - keep-alive
      Content-Length:
      - '0'
      ParameterSetName:
      - -n -g
      User-Agent:
      - AZURECLI/2.35.0 azsdk-python-azure-mgmt-storage/20.0.0 Python/3.9.6 (Windows-10-10.0.19044-SP0)
    method: POST
    uri: https://management.azure.com/subscriptions/00000000-0000-0000-0000-000000000000/resourcegroups/cli_test_hns_migrate000001/providers/Microsoft.Storage/storageAccounts/clitest000003/aborthnsonmigration?api-version=2021-09-01
  response:
    body:
      string: '{"error":{"code":"HnsMigrationNotFound","message":"Hns migration for
        the account: clitest000003 is not found."}}'
    headers:
      cache-control:
      - no-cache
      content-length:
      - '112'
      content-type:
      - application/json
      date:
      - Mon, 11 Apr 2022 13:45:17 GMT
      expires:
      - '-1'
      pragma:
      - no-cache
      server:
      - Microsoft-Azure-Storage-Resource-Provider/1.0,Microsoft-HTTPAPI/2.0 Microsoft-HTTPAPI/2.0
      strict-transport-security:
      - max-age=31536000; includeSubDomains
      x-content-type-options:
      - nosniff
      x-ms-ratelimit-remaining-subscription-writes:
      - '1198'
    status:
      code: 400
      message: Bad Request
- request:
    body: null
    headers:
      Accept:
      - application/json
      Accept-Encoding:
      - gzip, deflate
      CommandName:
      - storage account hns-migration stop
      Connection:
      - keep-alive
      Content-Length:
      - '0'
      ParameterSetName:
      - -n -g
      User-Agent:
      - AZURECLI/2.35.0 azsdk-python-azure-mgmt-storage/20.0.0 Python/3.9.6 (Windows-10-10.0.19044-SP0)
    method: POST
    uri: https://management.azure.com/subscriptions/00000000-0000-0000-0000-000000000000/resourcegroups/cli_test_hns_migrate000001/providers/Microsoft.Storage/storageAccounts/clitest000003/aborthnsonmigration?api-version=2021-09-01
  response:
    body:
      string: '{"error":{"code":"HnsMigrationNotFound","message":"Hns migration for
        the account: clitest000003 is not found."}}'
    headers:
      cache-control:
      - no-cache
      content-length:
      - '112'
      content-type:
      - application/json
      date:
      - Mon, 11 Apr 2022 13:45:19 GMT
      expires:
      - '-1'
      pragma:
      - no-cache
      server:
      - Microsoft-Azure-Storage-Resource-Provider/1.0,Microsoft-HTTPAPI/2.0 Microsoft-HTTPAPI/2.0
      strict-transport-security:
      - max-age=31536000; includeSubDomains
      x-content-type-options:
      - nosniff
      x-ms-ratelimit-remaining-subscription-writes:
      - '1197'
    status:
      code: 400
      message: Bad Request
- request:
    body: null
    headers:
      Accept:
      - application/json
      Accept-Encoding:
      - gzip, deflate
      CommandName:
      - storage account hns-migration stop
      Connection:
      - keep-alive
      Content-Length:
      - '0'
      ParameterSetName:
      - -n -g
      User-Agent:
      - AZURECLI/2.35.0 azsdk-python-azure-mgmt-storage/20.0.0 Python/3.9.6 (Windows-10-10.0.19044-SP0)
    method: POST
    uri: https://management.azure.com/subscriptions/00000000-0000-0000-0000-000000000000/resourcegroups/cli_test_hns_migrate000001/providers/Microsoft.Storage/storageAccounts/clitest000003/aborthnsonmigration?api-version=2021-09-01
  response:
    body:
      string: '{"error":{"code":"HnsMigrationNotFound","message":"Hns migration for
        the account: clitest000003 is not found."}}'
    headers:
      cache-control:
      - no-cache
      content-length:
      - '112'
      content-type:
      - application/json
      date:
      - Mon, 11 Apr 2022 13:45:20 GMT
      expires:
      - '-1'
      pragma:
      - no-cache
      server:
      - Microsoft-Azure-Storage-Resource-Provider/1.0,Microsoft-HTTPAPI/2.0 Microsoft-HTTPAPI/2.0
      strict-transport-security:
      - max-age=31536000; includeSubDomains
      x-content-type-options:
      - nosniff
      x-ms-ratelimit-remaining-subscription-writes:
      - '1199'
    status:
      code: 400
      message: Bad Request
- request:
    body: null
    headers:
      Accept:
      - application/json
      Accept-Encoding:
      - gzip, deflate
      CommandName:
      - storage account hns-migration stop
      Connection:
      - keep-alive
      Content-Length:
      - '0'
      ParameterSetName:
      - -n -g
      User-Agent:
      - AZURECLI/2.35.0 azsdk-python-azure-mgmt-storage/20.0.0 Python/3.9.6 (Windows-10-10.0.19044-SP0)
    method: POST
    uri: https://management.azure.com/subscriptions/00000000-0000-0000-0000-000000000000/resourcegroups/cli_test_hns_migrate000001/providers/Microsoft.Storage/storageAccounts/clitest000003/aborthnsonmigration?api-version=2021-09-01
  response:
    body:
      string: '{"error":{"code":"HnsMigrationNotFound","message":"Hns migration for
        the account: clitest000003 is not found."}}'
    headers:
      cache-control:
      - no-cache
      content-length:
      - '112'
      content-type:
      - application/json
      date:
      - Mon, 11 Apr 2022 13:45:22 GMT
      expires:
      - '-1'
      pragma:
      - no-cache
      server:
      - Microsoft-Azure-Storage-Resource-Provider/1.0,Microsoft-HTTPAPI/2.0 Microsoft-HTTPAPI/2.0
      strict-transport-security:
      - max-age=31536000; includeSubDomains
      x-content-type-options:
      - nosniff
      x-ms-ratelimit-remaining-subscription-writes:
      - '1198'
    status:
      code: 400
      message: Bad Request
- request:
    body: null
    headers:
      Accept:
      - application/json
      Accept-Encoding:
      - gzip, deflate
      CommandName:
      - storage account hns-migration stop
      Connection:
      - keep-alive
      Content-Length:
      - '0'
      ParameterSetName:
      - -n -g
      User-Agent:
      - AZURECLI/2.35.0 azsdk-python-azure-mgmt-storage/20.0.0 Python/3.9.6 (Windows-10-10.0.19044-SP0)
    method: POST
    uri: https://management.azure.com/subscriptions/00000000-0000-0000-0000-000000000000/resourcegroups/cli_test_hns_migrate000001/providers/Microsoft.Storage/storageAccounts/clitest000003/aborthnsonmigration?api-version=2021-09-01
  response:
    body:
      string: '{"error":{"code":"HnsMigrationNotFound","message":"Hns migration for
        the account: clitest000003 is not found."}}'
    headers:
      cache-control:
      - no-cache
      content-length:
      - '112'
      content-type:
      - application/json
      date:
      - Mon, 11 Apr 2022 13:45:23 GMT
      expires:
      - '-1'
      pragma:
      - no-cache
      server:
      - Microsoft-Azure-Storage-Resource-Provider/1.0,Microsoft-HTTPAPI/2.0 Microsoft-HTTPAPI/2.0
      strict-transport-security:
      - max-age=31536000; includeSubDomains
      x-content-type-options:
      - nosniff
      x-ms-ratelimit-remaining-subscription-writes:
      - '1199'
    status:
      code: 400
      message: Bad Request
- request:
    body: null
    headers:
      Accept:
      - application/json
      Accept-Encoding:
      - gzip, deflate
      CommandName:
      - storage account hns-migration stop
      Connection:
      - keep-alive
      Content-Length:
      - '0'
      ParameterSetName:
      - -n -g
      User-Agent:
      - AZURECLI/2.35.0 azsdk-python-azure-mgmt-storage/20.0.0 Python/3.9.6 (Windows-10-10.0.19044-SP0)
    method: POST
    uri: https://management.azure.com/subscriptions/00000000-0000-0000-0000-000000000000/resourcegroups/cli_test_hns_migrate000001/providers/Microsoft.Storage/storageAccounts/clitest000003/aborthnsonmigration?api-version=2021-09-01
  response:
    body:
      string: '{"error":{"code":"HnsMigrationNotFound","message":"Hns migration for
        the account: clitest000003 is not found."}}'
    headers:
      cache-control:
      - no-cache
      content-length:
      - '112'
      content-type:
      - application/json
      date:
      - Mon, 11 Apr 2022 13:45:25 GMT
      expires:
      - '-1'
      pragma:
      - no-cache
      server:
      - Microsoft-Azure-Storage-Resource-Provider/1.0,Microsoft-HTTPAPI/2.0 Microsoft-HTTPAPI/2.0
      strict-transport-security:
      - max-age=31536000; includeSubDomains
      x-content-type-options:
      - nosniff
      x-ms-ratelimit-remaining-subscription-writes:
      - '1196'
    status:
      code: 400
      message: Bad Request
- request:
    body: null
    headers:
      Accept:
      - application/json
      Accept-Encoding:
      - gzip, deflate
      CommandName:
      - storage account hns-migration stop
      Connection:
      - keep-alive
      Content-Length:
      - '0'
      ParameterSetName:
      - -n -g
      User-Agent:
      - AZURECLI/2.35.0 azsdk-python-azure-mgmt-storage/20.0.0 Python/3.9.6 (Windows-10-10.0.19044-SP0)
    method: POST
    uri: https://management.azure.com/subscriptions/00000000-0000-0000-0000-000000000000/resourcegroups/cli_test_hns_migrate000001/providers/Microsoft.Storage/storageAccounts/clitest000003/aborthnsonmigration?api-version=2021-09-01
  response:
    body:
      string: '{"error":{"code":"HnsMigrationNotFound","message":"Hns migration for
        the account: clitest000003 is not found."}}'
    headers:
      cache-control:
      - no-cache
      content-length:
      - '112'
      content-type:
      - application/json
      date:
      - Mon, 11 Apr 2022 13:45:25 GMT
      expires:
      - '-1'
      pragma:
      - no-cache
      server:
      - Microsoft-Azure-Storage-Resource-Provider/1.0,Microsoft-HTTPAPI/2.0 Microsoft-HTTPAPI/2.0
      strict-transport-security:
      - max-age=31536000; includeSubDomains
      x-content-type-options:
      - nosniff
      x-ms-ratelimit-remaining-subscription-writes:
      - '1196'
    status:
      code: 400
      message: Bad Request
- request:
    body: null
    headers:
      Accept:
      - application/json
      Accept-Encoding:
      - gzip, deflate
      CommandName:
      - storage account hns-migration stop
      Connection:
      - keep-alive
      Content-Length:
      - '0'
      ParameterSetName:
      - -n -g
      User-Agent:
      - AZURECLI/2.35.0 azsdk-python-azure-mgmt-storage/20.0.0 Python/3.9.6 (Windows-10-10.0.19044-SP0)
    method: POST
    uri: https://management.azure.com/subscriptions/00000000-0000-0000-0000-000000000000/resourcegroups/cli_test_hns_migrate000001/providers/Microsoft.Storage/storageAccounts/clitest000003/aborthnsonmigration?api-version=2021-09-01
  response:
    body:
      string: '{"error":{"code":"HnsMigrationNotFound","message":"Hns migration for
        the account: clitest000003 is not found."}}'
    headers:
      cache-control:
      - no-cache
      content-length:
      - '112'
      content-type:
      - application/json
      date:
      - Mon, 11 Apr 2022 13:45:27 GMT
      expires:
      - '-1'
      pragma:
      - no-cache
      server:
      - Microsoft-Azure-Storage-Resource-Provider/1.0,Microsoft-HTTPAPI/2.0 Microsoft-HTTPAPI/2.0
      strict-transport-security:
      - max-age=31536000; includeSubDomains
      x-content-type-options:
      - nosniff
      x-ms-ratelimit-remaining-subscription-writes:
      - '1196'
    status:
      code: 400
      message: Bad Request
- request:
    body: null
    headers:
      Accept:
      - application/json
      Accept-Encoding:
      - gzip, deflate
      CommandName:
      - storage account hns-migration stop
      Connection:
      - keep-alive
      Content-Length:
      - '0'
      ParameterSetName:
      - -n -g
      User-Agent:
      - AZURECLI/2.35.0 azsdk-python-azure-mgmt-storage/20.0.0 Python/3.9.6 (Windows-10-10.0.19044-SP0)
    method: POST
    uri: https://management.azure.com/subscriptions/00000000-0000-0000-0000-000000000000/resourcegroups/cli_test_hns_migrate000001/providers/Microsoft.Storage/storageAccounts/clitest000003/aborthnsonmigration?api-version=2021-09-01
  response:
    body:
      string: '{"error":{"code":"HnsMigrationNotFound","message":"Hns migration for
        the account: clitest000003 is not found."}}'
    headers:
      cache-control:
      - no-cache
      content-length:
      - '112'
      content-type:
      - application/json
      date:
      - Mon, 11 Apr 2022 13:45:27 GMT
      expires:
      - '-1'
      pragma:
      - no-cache
      server:
      - Microsoft-Azure-Storage-Resource-Provider/1.0,Microsoft-HTTPAPI/2.0 Microsoft-HTTPAPI/2.0
      strict-transport-security:
      - max-age=31536000; includeSubDomains
      x-content-type-options:
      - nosniff
      x-ms-ratelimit-remaining-subscription-writes:
      - '1198'
    status:
      code: 400
      message: Bad Request
- request:
    body: null
    headers:
      Accept:
      - application/json
      Accept-Encoding:
      - gzip, deflate
      CommandName:
      - storage account hns-migration stop
      Connection:
      - keep-alive
      Content-Length:
      - '0'
      ParameterSetName:
      - -n -g
      User-Agent:
      - AZURECLI/2.35.0 azsdk-python-azure-mgmt-storage/20.0.0 Python/3.9.6 (Windows-10-10.0.19044-SP0)
    method: POST
    uri: https://management.azure.com/subscriptions/00000000-0000-0000-0000-000000000000/resourcegroups/cli_test_hns_migrate000001/providers/Microsoft.Storage/storageAccounts/clitest000003/aborthnsonmigration?api-version=2021-09-01
  response:
    body:
      string: '{"error":{"code":"HnsMigrationNotFound","message":"Hns migration for
        the account: clitest000003 is not found."}}'
    headers:
      cache-control:
      - no-cache
      content-length:
      - '112'
      content-type:
      - application/json
      date:
      - Mon, 11 Apr 2022 13:45:30 GMT
      expires:
      - '-1'
      pragma:
      - no-cache
      server:
      - Microsoft-Azure-Storage-Resource-Provider/1.0,Microsoft-HTTPAPI/2.0 Microsoft-HTTPAPI/2.0
      strict-transport-security:
      - max-age=31536000; includeSubDomains
      x-content-type-options:
      - nosniff
      x-ms-ratelimit-remaining-subscription-writes:
      - '1198'
    status:
      code: 400
      message: Bad Request
- request:
    body: null
    headers:
      Accept:
      - application/json
      Accept-Encoding:
      - gzip, deflate
      CommandName:
      - storage account hns-migration stop
      Connection:
      - keep-alive
      Content-Length:
      - '0'
      ParameterSetName:
      - -n -g
      User-Agent:
      - AZURECLI/2.35.0 azsdk-python-azure-mgmt-storage/20.0.0 Python/3.9.6 (Windows-10-10.0.19044-SP0)
    method: POST
    uri: https://management.azure.com/subscriptions/00000000-0000-0000-0000-000000000000/resourcegroups/cli_test_hns_migrate000001/providers/Microsoft.Storage/storageAccounts/clitest000003/aborthnsonmigration?api-version=2021-09-01
  response:
    body:
      string: '{"error":{"code":"HnsMigrationNotFound","message":"Hns migration for
        the account: clitest000003 is not found."}}'
    headers:
      cache-control:
      - no-cache
      content-length:
      - '112'
      content-type:
      - application/json
      date:
      - Mon, 11 Apr 2022 13:45:30 GMT
      expires:
      - '-1'
      pragma:
      - no-cache
      server:
      - Microsoft-Azure-Storage-Resource-Provider/1.0,Microsoft-HTTPAPI/2.0 Microsoft-HTTPAPI/2.0
      strict-transport-security:
      - max-age=31536000; includeSubDomains
      x-content-type-options:
      - nosniff
      x-ms-ratelimit-remaining-subscription-writes:
      - '1197'
    status:
      code: 400
      message: Bad Request
- request:
    body: null
    headers:
      Accept:
      - application/json
      Accept-Encoding:
      - gzip, deflate
      CommandName:
      - storage account hns-migration stop
      Connection:
      - keep-alive
      Content-Length:
      - '0'
      ParameterSetName:
      - -n -g
      User-Agent:
      - AZURECLI/2.35.0 azsdk-python-azure-mgmt-storage/20.0.0 Python/3.9.6 (Windows-10-10.0.19044-SP0)
    method: POST
    uri: https://management.azure.com/subscriptions/00000000-0000-0000-0000-000000000000/resourcegroups/cli_test_hns_migrate000001/providers/Microsoft.Storage/storageAccounts/clitest000003/aborthnsonmigration?api-version=2021-09-01
  response:
    body:
      string: '{"error":{"code":"HnsMigrationNotFound","message":"Hns migration for
        the account: clitest000003 is not found."}}'
    headers:
      cache-control:
      - no-cache
      content-length:
      - '112'
      content-type:
      - application/json
      date:
      - Mon, 11 Apr 2022 13:45:32 GMT
      expires:
      - '-1'
      pragma:
      - no-cache
      server:
      - Microsoft-Azure-Storage-Resource-Provider/1.0,Microsoft-HTTPAPI/2.0 Microsoft-HTTPAPI/2.0
      strict-transport-security:
      - max-age=31536000; includeSubDomains
      x-content-type-options:
      - nosniff
      x-ms-ratelimit-remaining-subscription-writes:
      - '1199'
    status:
      code: 400
      message: Bad Request
- request:
    body: null
    headers:
      Accept:
      - application/json
      Accept-Encoding:
      - gzip, deflate
      CommandName:
      - storage account hns-migration stop
      Connection:
      - keep-alive
      Content-Length:
      - '0'
      ParameterSetName:
      - -n -g
      User-Agent:
      - AZURECLI/2.35.0 azsdk-python-azure-mgmt-storage/20.0.0 Python/3.9.6 (Windows-10-10.0.19044-SP0)
    method: POST
    uri: https://management.azure.com/subscriptions/00000000-0000-0000-0000-000000000000/resourcegroups/cli_test_hns_migrate000001/providers/Microsoft.Storage/storageAccounts/clitest000003/aborthnsonmigration?api-version=2021-09-01
  response:
    body:
      string: '{"error":{"code":"HnsMigrationNotFound","message":"Hns migration for
        the account: clitest000003 is not found."}}'
    headers:
      cache-control:
      - no-cache
      content-length:
      - '112'
      content-type:
      - application/json
      date:
      - Mon, 11 Apr 2022 13:45:33 GMT
      expires:
      - '-1'
      pragma:
      - no-cache
      server:
      - Microsoft-Azure-Storage-Resource-Provider/1.0,Microsoft-HTTPAPI/2.0 Microsoft-HTTPAPI/2.0
      strict-transport-security:
      - max-age=31536000; includeSubDomains
      x-content-type-options:
      - nosniff
      x-ms-ratelimit-remaining-subscription-writes:
      - '1196'
    status:
      code: 400
      message: Bad Request
- request:
    body: null
    headers:
      Accept:
      - application/json
      Accept-Encoding:
      - gzip, deflate
      CommandName:
      - storage account hns-migration stop
      Connection:
      - keep-alive
      Content-Length:
      - '0'
      ParameterSetName:
      - -n -g
      User-Agent:
      - AZURECLI/2.35.0 azsdk-python-azure-mgmt-storage/20.0.0 Python/3.9.6 (Windows-10-10.0.19044-SP0)
    method: POST
    uri: https://management.azure.com/subscriptions/00000000-0000-0000-0000-000000000000/resourcegroups/cli_test_hns_migrate000001/providers/Microsoft.Storage/storageAccounts/clitest000003/aborthnsonmigration?api-version=2021-09-01
  response:
    body:
      string: '{"error":{"code":"HnsMigrationNotFound","message":"Hns migration for
        the account: clitest000003 is not found."}}'
    headers:
      cache-control:
      - no-cache
      content-length:
      - '112'
      content-type:
      - application/json
      date:
      - Mon, 11 Apr 2022 13:45:34 GMT
      expires:
      - '-1'
      pragma:
      - no-cache
      server:
      - Microsoft-Azure-Storage-Resource-Provider/1.0,Microsoft-HTTPAPI/2.0 Microsoft-HTTPAPI/2.0
      strict-transport-security:
      - max-age=31536000; includeSubDomains
      x-content-type-options:
      - nosniff
      x-ms-ratelimit-remaining-subscription-writes:
      - '1197'
    status:
      code: 400
      message: Bad Request
- request:
    body: null
    headers:
      Accept:
      - application/json
      Accept-Encoding:
      - gzip, deflate
      CommandName:
      - storage account hns-migration stop
      Connection:
      - keep-alive
      Content-Length:
      - '0'
      ParameterSetName:
      - -n -g
      User-Agent:
      - AZURECLI/2.35.0 azsdk-python-azure-mgmt-storage/20.0.0 Python/3.9.6 (Windows-10-10.0.19044-SP0)
    method: POST
    uri: https://management.azure.com/subscriptions/00000000-0000-0000-0000-000000000000/resourcegroups/cli_test_hns_migrate000001/providers/Microsoft.Storage/storageAccounts/clitest000003/aborthnsonmigration?api-version=2021-09-01
  response:
    body:
      string: '{"error":{"code":"HnsMigrationNotFound","message":"Hns migration for
        the account: clitest000003 is not found."}}'
    headers:
      cache-control:
      - no-cache
      content-length:
      - '112'
      content-type:
      - application/json
      date:
      - Mon, 11 Apr 2022 13:45:35 GMT
      expires:
      - '-1'
      pragma:
      - no-cache
      server:
      - Microsoft-Azure-Storage-Resource-Provider/1.0,Microsoft-HTTPAPI/2.0 Microsoft-HTTPAPI/2.0
      strict-transport-security:
      - max-age=31536000; includeSubDomains
      x-content-type-options:
      - nosniff
      x-ms-ratelimit-remaining-subscription-writes:
      - '1197'
    status:
      code: 400
      message: Bad Request
- request:
    body: null
    headers:
      Accept:
      - application/json
      Accept-Encoding:
      - gzip, deflate
      CommandName:
      - storage account hns-migration stop
      Connection:
      - keep-alive
      Content-Length:
      - '0'
      ParameterSetName:
      - -n -g
      User-Agent:
      - AZURECLI/2.35.0 azsdk-python-azure-mgmt-storage/20.0.0 Python/3.9.6 (Windows-10-10.0.19044-SP0)
    method: POST
    uri: https://management.azure.com/subscriptions/00000000-0000-0000-0000-000000000000/resourcegroups/cli_test_hns_migrate000001/providers/Microsoft.Storage/storageAccounts/clitest000003/aborthnsonmigration?api-version=2021-09-01
  response:
    body:
      string: '{"error":{"code":"HnsMigrationNotFound","message":"Hns migration for
        the account: clitest000003 is not found."}}'
    headers:
      cache-control:
      - no-cache
      content-length:
      - '112'
      content-type:
      - application/json
      date:
      - Mon, 11 Apr 2022 13:45:36 GMT
      expires:
      - '-1'
      pragma:
      - no-cache
      server:
      - Microsoft-Azure-Storage-Resource-Provider/1.0,Microsoft-HTTPAPI/2.0 Microsoft-HTTPAPI/2.0
      strict-transport-security:
      - max-age=31536000; includeSubDomains
      x-content-type-options:
      - nosniff
      x-ms-ratelimit-remaining-subscription-writes:
      - '1198'
    status:
      code: 400
      message: Bad Request
- request:
    body: null
    headers:
      Accept:
      - application/json
      Accept-Encoding:
      - gzip, deflate
      CommandName:
      - storage account hns-migration stop
      Connection:
      - keep-alive
      Content-Length:
      - '0'
      ParameterSetName:
      - -n -g
      User-Agent:
      - AZURECLI/2.35.0 azsdk-python-azure-mgmt-storage/20.0.0 Python/3.9.6 (Windows-10-10.0.19044-SP0)
    method: POST
    uri: https://management.azure.com/subscriptions/00000000-0000-0000-0000-000000000000/resourcegroups/cli_test_hns_migrate000001/providers/Microsoft.Storage/storageAccounts/clitest000003/aborthnsonmigration?api-version=2021-09-01
  response:
    body:
      string: '{"error":{"code":"HnsMigrationNotFound","message":"Hns migration for
        the account: clitest000003 is not found."}}'
    headers:
      cache-control:
      - no-cache
      content-length:
      - '112'
      content-type:
      - application/json
      date:
      - Mon, 11 Apr 2022 13:45:37 GMT
      expires:
      - '-1'
      pragma:
      - no-cache
      server:
      - Microsoft-Azure-Storage-Resource-Provider/1.0,Microsoft-HTTPAPI/2.0 Microsoft-HTTPAPI/2.0
      strict-transport-security:
      - max-age=31536000; includeSubDomains
      x-content-type-options:
      - nosniff
      x-ms-ratelimit-remaining-subscription-writes:
      - '1199'
    status:
      code: 400
      message: Bad Request
- request:
    body: null
    headers:
      Accept:
      - application/json
      Accept-Encoding:
      - gzip, deflate
      CommandName:
      - storage account hns-migration stop
      Connection:
      - keep-alive
      Content-Length:
      - '0'
      ParameterSetName:
      - -n -g
      User-Agent:
      - AZURECLI/2.35.0 azsdk-python-azure-mgmt-storage/20.0.0 Python/3.9.6 (Windows-10-10.0.19044-SP0)
    method: POST
    uri: https://management.azure.com/subscriptions/00000000-0000-0000-0000-000000000000/resourcegroups/cli_test_hns_migrate000001/providers/Microsoft.Storage/storageAccounts/clitest000003/aborthnsonmigration?api-version=2021-09-01
  response:
    body:
      string: '{"error":{"code":"HnsMigrationNotFound","message":"Hns migration for
        the account: clitest000003 is not found."}}'
    headers:
      cache-control:
      - no-cache
      content-length:
      - '112'
      content-type:
      - application/json
      date:
      - Mon, 11 Apr 2022 13:45:38 GMT
      expires:
      - '-1'
      pragma:
      - no-cache
      server:
      - Microsoft-Azure-Storage-Resource-Provider/1.0,Microsoft-HTTPAPI/2.0 Microsoft-HTTPAPI/2.0
      strict-transport-security:
      - max-age=31536000; includeSubDomains
      x-content-type-options:
      - nosniff
      x-ms-ratelimit-remaining-subscription-writes:
      - '1197'
    status:
      code: 400
      message: Bad Request
- request:
    body: null
    headers:
      Accept:
      - application/json
      Accept-Encoding:
      - gzip, deflate
      CommandName:
      - storage account hns-migration stop
      Connection:
      - keep-alive
      Content-Length:
      - '0'
      ParameterSetName:
      - -n -g
      User-Agent:
      - AZURECLI/2.35.0 azsdk-python-azure-mgmt-storage/20.0.0 Python/3.9.6 (Windows-10-10.0.19044-SP0)
    method: POST
    uri: https://management.azure.com/subscriptions/00000000-0000-0000-0000-000000000000/resourcegroups/cli_test_hns_migrate000001/providers/Microsoft.Storage/storageAccounts/clitest000003/aborthnsonmigration?api-version=2021-09-01
  response:
    body:
      string: '{"error":{"code":"HnsMigrationNotFound","message":"Hns migration for
        the account: clitest000003 is not found."}}'
    headers:
      cache-control:
      - no-cache
      content-length:
      - '112'
      content-type:
      - application/json
      date:
      - Mon, 11 Apr 2022 13:45:40 GMT
      expires:
      - '-1'
      pragma:
      - no-cache
      server:
      - Microsoft-Azure-Storage-Resource-Provider/1.0,Microsoft-HTTPAPI/2.0 Microsoft-HTTPAPI/2.0
      strict-transport-security:
      - max-age=31536000; includeSubDomains
      x-content-type-options:
      - nosniff
      x-ms-ratelimit-remaining-subscription-writes:
      - '1198'
    status:
      code: 400
      message: Bad Request
- request:
    body: null
    headers:
      Accept:
      - application/json
      Accept-Encoding:
      - gzip, deflate
      CommandName:
      - storage account hns-migration stop
      Connection:
      - keep-alive
      Content-Length:
      - '0'
      ParameterSetName:
      - -n -g
      User-Agent:
      - AZURECLI/2.35.0 azsdk-python-azure-mgmt-storage/20.0.0 Python/3.9.6 (Windows-10-10.0.19044-SP0)
    method: POST
    uri: https://management.azure.com/subscriptions/00000000-0000-0000-0000-000000000000/resourcegroups/cli_test_hns_migrate000001/providers/Microsoft.Storage/storageAccounts/clitest000003/aborthnsonmigration?api-version=2021-09-01
  response:
    body:
      string: '{"error":{"code":"HnsMigrationNotFound","message":"Hns migration for
        the account: clitest000003 is not found."}}'
    headers:
      cache-control:
      - no-cache
      content-length:
      - '112'
      content-type:
      - application/json
      date:
      - Mon, 11 Apr 2022 13:45:41 GMT
      expires:
      - '-1'
      pragma:
      - no-cache
      server:
      - Microsoft-Azure-Storage-Resource-Provider/1.0,Microsoft-HTTPAPI/2.0 Microsoft-HTTPAPI/2.0
      strict-transport-security:
      - max-age=31536000; includeSubDomains
      x-content-type-options:
      - nosniff
      x-ms-ratelimit-remaining-subscription-writes:
      - '1198'
    status:
      code: 400
      message: Bad Request
- request:
    body: null
    headers:
      Accept:
      - application/json
      Accept-Encoding:
      - gzip, deflate
      CommandName:
      - storage account hns-migration stop
      Connection:
      - keep-alive
      Content-Length:
      - '0'
      ParameterSetName:
      - -n -g
      User-Agent:
      - AZURECLI/2.35.0 azsdk-python-azure-mgmt-storage/20.0.0 Python/3.9.6 (Windows-10-10.0.19044-SP0)
    method: POST
    uri: https://management.azure.com/subscriptions/00000000-0000-0000-0000-000000000000/resourcegroups/cli_test_hns_migrate000001/providers/Microsoft.Storage/storageAccounts/clitest000003/aborthnsonmigration?api-version=2021-09-01
  response:
    body:
      string: '{"error":{"code":"HnsMigrationNotFound","message":"Hns migration for
        the account: clitest000003 is not found."}}'
    headers:
      cache-control:
      - no-cache
      content-length:
      - '112'
      content-type:
      - application/json
      date:
      - Mon, 11 Apr 2022 13:45:43 GMT
      expires:
      - '-1'
      pragma:
      - no-cache
      server:
      - Microsoft-Azure-Storage-Resource-Provider/1.0,Microsoft-HTTPAPI/2.0 Microsoft-HTTPAPI/2.0
      strict-transport-security:
      - max-age=31536000; includeSubDomains
      x-content-type-options:
      - nosniff
      x-ms-ratelimit-remaining-subscription-writes:
      - '1199'
    status:
      code: 400
      message: Bad Request
- request:
    body: null
    headers:
      Accept:
      - application/json
      Accept-Encoding:
      - gzip, deflate
      CommandName:
      - storage account hns-migration stop
      Connection:
      - keep-alive
      Content-Length:
      - '0'
      ParameterSetName:
      - -n -g
      User-Agent:
      - AZURECLI/2.35.0 azsdk-python-azure-mgmt-storage/20.0.0 Python/3.9.6 (Windows-10-10.0.19044-SP0)
    method: POST
    uri: https://management.azure.com/subscriptions/00000000-0000-0000-0000-000000000000/resourcegroups/cli_test_hns_migrate000001/providers/Microsoft.Storage/storageAccounts/clitest000003/aborthnsonmigration?api-version=2021-09-01
  response:
    body:
      string: '{"error":{"code":"HnsMigrationNotFound","message":"Hns migration for
        the account: clitest000003 is not found."}}'
    headers:
      cache-control:
      - no-cache
      content-length:
      - '112'
      content-type:
      - application/json
      date:
      - Mon, 11 Apr 2022 13:45:43 GMT
      expires:
      - '-1'
      pragma:
      - no-cache
      server:
      - Microsoft-Azure-Storage-Resource-Provider/1.0,Microsoft-HTTPAPI/2.0 Microsoft-HTTPAPI/2.0
      strict-transport-security:
      - max-age=31536000; includeSubDomains
      x-content-type-options:
      - nosniff
      x-ms-ratelimit-remaining-subscription-writes:
      - '1196'
    status:
      code: 400
      message: Bad Request
- request:
    body: null
    headers:
      Accept:
      - application/json
      Accept-Encoding:
      - gzip, deflate
      CommandName:
      - storage account hns-migration stop
      Connection:
      - keep-alive
      Content-Length:
      - '0'
      ParameterSetName:
      - -n -g
      User-Agent:
      - AZURECLI/2.35.0 azsdk-python-azure-mgmt-storage/20.0.0 Python/3.9.6 (Windows-10-10.0.19044-SP0)
    method: POST
    uri: https://management.azure.com/subscriptions/00000000-0000-0000-0000-000000000000/resourcegroups/cli_test_hns_migrate000001/providers/Microsoft.Storage/storageAccounts/clitest000003/aborthnsonmigration?api-version=2021-09-01
  response:
    body:
      string: '{"error":{"code":"HnsMigrationNotFound","message":"Hns migration for
        the account: clitest000003 is not found."}}'
    headers:
      cache-control:
      - no-cache
      content-length:
      - '112'
      content-type:
      - application/json
      date:
      - Mon, 11 Apr 2022 13:45:44 GMT
      expires:
      - '-1'
      pragma:
      - no-cache
      server:
      - Microsoft-Azure-Storage-Resource-Provider/1.0,Microsoft-HTTPAPI/2.0 Microsoft-HTTPAPI/2.0
      strict-transport-security:
      - max-age=31536000; includeSubDomains
      x-content-type-options:
      - nosniff
      x-ms-ratelimit-remaining-subscription-writes:
      - '1195'
    status:
      code: 400
      message: Bad Request
- request:
    body: null
    headers:
      Accept:
      - application/json
      Accept-Encoding:
      - gzip, deflate
      CommandName:
      - storage account hns-migration stop
      Connection:
      - keep-alive
      Content-Length:
      - '0'
      ParameterSetName:
      - -n -g
      User-Agent:
      - AZURECLI/2.35.0 azsdk-python-azure-mgmt-storage/20.0.0 Python/3.9.6 (Windows-10-10.0.19044-SP0)
    method: POST
    uri: https://management.azure.com/subscriptions/00000000-0000-0000-0000-000000000000/resourcegroups/cli_test_hns_migrate000001/providers/Microsoft.Storage/storageAccounts/clitest000003/aborthnsonmigration?api-version=2021-09-01
  response:
    body:
      string: '{"error":{"code":"HnsMigrationNotFound","message":"Hns migration for
        the account: clitest000003 is not found."}}'
    headers:
      cache-control:
      - no-cache
      content-length:
      - '112'
      content-type:
      - application/json
      date:
      - Mon, 11 Apr 2022 13:45:46 GMT
      expires:
      - '-1'
      pragma:
      - no-cache
      server:
      - Microsoft-Azure-Storage-Resource-Provider/1.0,Microsoft-HTTPAPI/2.0 Microsoft-HTTPAPI/2.0
      strict-transport-security:
      - max-age=31536000; includeSubDomains
      x-content-type-options:
      - nosniff
      x-ms-ratelimit-remaining-subscription-writes:
      - '1198'
    status:
      code: 400
      message: Bad Request
- request:
    body: null
    headers:
      Accept:
      - application/json
      Accept-Encoding:
      - gzip, deflate
      CommandName:
      - storage account hns-migration stop
      Connection:
      - keep-alive
      Content-Length:
      - '0'
      ParameterSetName:
      - -n -g
      User-Agent:
      - AZURECLI/2.35.0 azsdk-python-azure-mgmt-storage/20.0.0 Python/3.9.6 (Windows-10-10.0.19044-SP0)
    method: POST
    uri: https://management.azure.com/subscriptions/00000000-0000-0000-0000-000000000000/resourcegroups/cli_test_hns_migrate000001/providers/Microsoft.Storage/storageAccounts/clitest000003/aborthnsonmigration?api-version=2021-09-01
  response:
    body:
      string: ''
    headers:
      azure-asyncoperation:
      - https://management.azure.com/subscriptions/00000000-0000-0000-0000-000000000000/providers/Microsoft.Storage/locations/eastus2/asyncoperations/4eea974e-d9f8-4c9d-8519-bdb309f293fc?monitor=true&api-version=2021-09-01
      cache-control:
      - no-cache
      content-length:
      - '0'
      content-type:
      - text/plain; charset=utf-8
      date:
      - Mon, 11 Apr 2022 13:45:47 GMT
      expires:
      - '-1'
      location:
      - https://management.azure.com/subscriptions/00000000-0000-0000-0000-000000000000/providers/Microsoft.Storage/locations/eastus2/asyncoperations/4eea974e-d9f8-4c9d-8519-bdb309f293fc?monitor=true&api-version=2021-09-01
      pragma:
      - no-cache
      server:
      - Microsoft-Azure-Storage-Resource-Provider/1.0,Microsoft-HTTPAPI/2.0 Microsoft-HTTPAPI/2.0
      strict-transport-security:
      - max-age=31536000; includeSubDomains
      x-content-type-options:
      - nosniff
      x-ms-ratelimit-remaining-subscription-writes:
      - '1197'
    status:
      code: 202
      message: Accepted
- request:
    body: null
    headers:
      Accept:
      - '*/*'
      Accept-Encoding:
      - gzip, deflate
      CommandName:
      - storage account hns-migration stop
      Connection:
      - keep-alive
      ParameterSetName:
      - -n -g
      User-Agent:
      - AZURECLI/2.35.0 azsdk-python-azure-mgmt-storage/20.0.0 Python/3.9.6 (Windows-10-10.0.19044-SP0)
    method: GET
    uri: https://management.azure.com/subscriptions/00000000-0000-0000-0000-000000000000/providers/Microsoft.Storage/locations/eastus2/asyncoperations/4eea974e-d9f8-4c9d-8519-bdb309f293fc?monitor=true&api-version=2021-09-01
  response:
    body:
      string: '{"status":"InProgress","properties":"{\"HnsOnMigrationRequestType\":1}","percentComplete":0.0}'
    headers:
      cache-control:
      - no-cache
      content-length:
      - '94'
      content-type:
      - application/json
      date:
      - Mon, 11 Apr 2022 13:46:05 GMT
      expires:
      - '-1'
      location:
      - https://management.azure.com/subscriptions/00000000-0000-0000-0000-000000000000/providers/Microsoft.Storage/locations/eastus2/asyncoperations/4eea974e-d9f8-4c9d-8519-bdb309f293fc?monitor=true&api-version=2021-09-01
      pragma:
      - no-cache
      server:
      - Microsoft-Azure-Storage-Resource-Provider/1.0,Microsoft-HTTPAPI/2.0 Microsoft-HTTPAPI/2.0
      strict-transport-security:
      - max-age=31536000; includeSubDomains
      x-content-type-options:
      - nosniff
    status:
      code: 202
      message: Accepted
- request:
    body: null
    headers:
      Accept:
      - '*/*'
      Accept-Encoding:
      - gzip, deflate
      CommandName:
      - storage account hns-migration stop
      Connection:
      - keep-alive
      ParameterSetName:
      - -n -g
      User-Agent:
      - AZURECLI/2.35.0 azsdk-python-azure-mgmt-storage/20.0.0 Python/3.9.6 (Windows-10-10.0.19044-SP0)
    method: GET
    uri: https://management.azure.com/subscriptions/00000000-0000-0000-0000-000000000000/providers/Microsoft.Storage/locations/eastus2/asyncoperations/4eea974e-d9f8-4c9d-8519-bdb309f293fc?monitor=true&api-version=2021-09-01
  response:
    body:
      string: '{"status":"Succeeded","properties":"{\"HnsOnMigrationRequestType\":1}"}'
    headers:
      cache-control:
      - no-cache
      content-length:
      - '71'
      content-type:
      - application/json
      date:
      - Mon, 11 Apr 2022 13:46:22 GMT
      expires:
      - '-1'
      pragma:
      - no-cache
      server:
      - Microsoft-Azure-Storage-Resource-Provider/1.0,Microsoft-HTTPAPI/2.0 Microsoft-HTTPAPI/2.0
      strict-transport-security:
      - max-age=31536000; includeSubDomains
      transfer-encoding:
      - chunked
      vary:
      - Accept-Encoding
      x-content-type-options:
      - nosniff
    status:
      code: 200
      message: OK
- request:
    body: null
    headers:
      Accept:
      - '*/*'
      Accept-Encoding:
      - gzip, deflate
      CommandName:
      - storage account hns-migration stop
      Connection:
      - keep-alive
      ParameterSetName:
      - -n -g
      User-Agent:
      - AZURECLI/2.35.0 azsdk-python-azure-mgmt-storage/20.0.0 Python/3.9.6 (Windows-10-10.0.19044-SP0)
    method: GET
    uri: https://management.azure.com/subscriptions/00000000-0000-0000-0000-000000000000/providers/Microsoft.Storage/locations/eastus2/asyncoperations/4eea974e-d9f8-4c9d-8519-bdb309f293fc?monitor=true&api-version=2021-09-01
  response:
    body:
      string: '{"status":"Succeeded","properties":"{\"HnsOnMigrationRequestType\":1}"}'
    headers:
      cache-control:
      - no-cache
      content-length:
      - '71'
      content-type:
      - application/json
      date:
      - Mon, 11 Apr 2022 13:46:22 GMT
      expires:
      - '-1'
      pragma:
      - no-cache
      server:
      - Microsoft-Azure-Storage-Resource-Provider/1.0,Microsoft-HTTPAPI/2.0 Microsoft-HTTPAPI/2.0
      strict-transport-security:
      - max-age=31536000; includeSubDomains
      transfer-encoding:
      - chunked
      vary:
      - Accept-Encoding
      x-content-type-options:
      - nosniff
    status:
      code: 200
      message: OK
version: 1
