interactions:
- request:
    body: null
    headers:
      Accept:
      - application/json
      Accept-Encoding:
      - gzip, deflate
      CommandName:
      - storage account blob-service-properties update
      Connection:
      - keep-alive
      ParameterSetName:
      - --enable-container-delete-retention --container-delete-retention-days -n -g
      User-Agent:
      - python/3.7.4 (Windows-10-10.0.19041-SP0) msrest/0.6.10 msrest_azure/0.6.3
        azure-mgmt-storage/11.2.0 Azure-SDK-For-Python AZURECLI/2.11.1
      accept-language:
      - en-US
    method: GET
    uri: https://management.azure.com/subscriptions/00000000-0000-0000-0000-000000000000/resourceGroups/cli_storage_account_update_delete_retention_policy000001/providers/Microsoft.Storage/storageAccounts/clitest000002/blobServices/default?api-version=2019-06-01
  response:
    body:
      string: '{"sku":{"name":"Standard_LRS","tier":"Standard"},"id":"/subscriptions/00000000-0000-0000-0000-000000000000/resourceGroups/cli_storage_account_update_delete_retention_policy000001/providers/Microsoft.Storage/storageAccounts/clitest000002/blobServices/default","name":"default","type":"Microsoft.Storage/storageAccounts/blobServices","properties":{"cors":{"corsRules":[]},"deleteRetentionPolicy":{"enabled":false}}}'
    headers:
      cache-control:
      - no-cache
      content-length:
      - '443'
      content-type:
      - application/json
      date:
      - Tue, 15 Sep 2020 15:06:45 GMT
      expires:
      - '-1'
      pragma:
      - no-cache
      server:
      - Microsoft-Azure-Storage-Resource-Provider/1.0,Microsoft-HTTPAPI/2.0 Microsoft-HTTPAPI/2.0
      strict-transport-security:
      - max-age=31536000; includeSubDomains
      transfer-encoding:
      - chunked
      vary:
      - Accept-Encoding
      x-content-type-options:
      - nosniff
    status:
      code: 200
      message: OK
- request:
    body: '{"properties": {"cors": {"corsRules": []}, "deleteRetentionPolicy": {"enabled":
      false}, "containerDeleteRetentionPolicy": {"enabled": true, "days": 1}}}'
    headers:
      Accept:
      - application/json
      Accept-Encoding:
      - gzip, deflate
      CommandName:
      - storage account blob-service-properties update
      Connection:
      - keep-alive
      Content-Length:
      - '152'
      Content-Type:
      - application/json; charset=utf-8
      ParameterSetName:
      - --enable-container-delete-retention --container-delete-retention-days -n -g
      User-Agent:
      - python/3.7.4 (Windows-10-10.0.19041-SP0) msrest/0.6.10 msrest_azure/0.6.3
        azure-mgmt-storage/11.2.0 Azure-SDK-For-Python AZURECLI/2.11.1
      accept-language:
      - en-US
    method: PUT
    uri: https://management.azure.com/subscriptions/00000000-0000-0000-0000-000000000000/resourceGroups/cli_storage_account_update_delete_retention_policy000001/providers/Microsoft.Storage/storageAccounts/clitest000002/blobServices/default?api-version=2019-06-01
  response:
    body:
      string: '{"id":"/subscriptions/00000000-0000-0000-0000-000000000000/resourceGroups/cli_storage_account_update_delete_retention_policy000001/providers/Microsoft.Storage/storageAccounts/clitest000002/blobServices/default","name":"default","type":"Microsoft.Storage/storageAccounts/blobServices","properties":{"containerDeleteRetentionPolicy":{"enabled":true,"days":1},"cors":{"corsRules":[]},"deleteRetentionPolicy":{"enabled":false}}}'
    headers:
      cache-control:
      - no-cache
      content-length:
      - '454'
      content-type:
      - application/json
      date:
      - Tue, 15 Sep 2020 15:06:46 GMT
      expires:
      - '-1'
      pragma:
      - no-cache
      server:
      - Microsoft-Azure-Storage-Resource-Provider/1.0,Microsoft-HTTPAPI/2.0 Microsoft-HTTPAPI/2.0
      strict-transport-security:
      - max-age=31536000; includeSubDomains
      transfer-encoding:
      - chunked
      vary:
      - Accept-Encoding
      x-content-type-options:
      - nosniff
      x-ms-ratelimit-remaining-subscription-writes:
      - '1199'
    status:
      code: 200
      message: OK
- request:
    body: null
    headers:
      Accept:
      - application/json
      Accept-Encoding:
      - gzip, deflate
      CommandName:
      - storage account blob-service-properties update
      Connection:
      - keep-alive
      ParameterSetName:
      - --enable-container-delete-retention --container-delete-retention-days -n -g
      User-Agent:
      - python/3.7.4 (Windows-10-10.0.19041-SP0) msrest/0.6.10 msrest_azure/0.6.3
        azure-mgmt-storage/11.2.0 Azure-SDK-For-Python AZURECLI/2.11.1
      accept-language:
      - en-US
    method: GET
    uri: https://management.azure.com/subscriptions/00000000-0000-0000-0000-000000000000/resourceGroups/cli_storage_account_update_delete_retention_policy000001/providers/Microsoft.Storage/storageAccounts/clitest000002/blobServices/default?api-version=2019-06-01
  response:
    body:
      string: '{"sku":{"name":"Standard_LRS","tier":"Standard"},"id":"/subscriptions/00000000-0000-0000-0000-000000000000/resourceGroups/cli_storage_account_update_delete_retention_policy000001/providers/Microsoft.Storage/storageAccounts/clitest000002/blobServices/default","name":"default","type":"Microsoft.Storage/storageAccounts/blobServices","properties":{"containerDeleteRetentionPolicy":{"enabled":true,"days":1},"cors":{"corsRules":[]},"deleteRetentionPolicy":{"enabled":false}}}'
    headers:
      cache-control:
      - no-cache
      content-length:
      - '502'
      content-type:
      - application/json
      date:
      - Tue, 15 Sep 2020 15:06:47 GMT
      expires:
      - '-1'
      pragma:
      - no-cache
      server:
      - Microsoft-Azure-Storage-Resource-Provider/1.0,Microsoft-HTTPAPI/2.0 Microsoft-HTTPAPI/2.0
      strict-transport-security:
      - max-age=31536000; includeSubDomains
      transfer-encoding:
      - chunked
      vary:
      - Accept-Encoding
      x-content-type-options:
      - nosniff
    status:
      code: 200
      message: OK
- request:
    body: '{"properties": {"cors": {"corsRules": []}, "deleteRetentionPolicy": {"enabled":
      false}, "containerDeleteRetentionPolicy": {"enabled": true, "days": 100}}}'
    headers:
      Accept:
      - application/json
      Accept-Encoding:
      - gzip, deflate
      CommandName:
      - storage account blob-service-properties update
      Connection:
      - keep-alive
      Content-Length:
      - '154'
      Content-Type:
      - application/json; charset=utf-8
      ParameterSetName:
      - --enable-container-delete-retention --container-delete-retention-days -n -g
      User-Agent:
      - python/3.7.4 (Windows-10-10.0.19041-SP0) msrest/0.6.10 msrest_azure/0.6.3
        azure-mgmt-storage/11.2.0 Azure-SDK-For-Python AZURECLI/2.11.1
      accept-language:
      - en-US
    method: PUT
    uri: https://management.azure.com/subscriptions/00000000-0000-0000-0000-000000000000/resourceGroups/cli_storage_account_update_delete_retention_policy000001/providers/Microsoft.Storage/storageAccounts/clitest000002/blobServices/default?api-version=2019-06-01
  response:
    body:
      string: '{"id":"/subscriptions/00000000-0000-0000-0000-000000000000/resourceGroups/cli_storage_account_update_delete_retention_policy000001/providers/Microsoft.Storage/storageAccounts/clitest000002/blobServices/default","name":"default","type":"Microsoft.Storage/storageAccounts/blobServices","properties":{"containerDeleteRetentionPolicy":{"enabled":true,"days":100},"cors":{"corsRules":[]},"deleteRetentionPolicy":{"enabled":false}}}'
    headers:
      cache-control:
      - no-cache
      content-length:
      - '456'
      content-type:
      - application/json
      date:
      - Tue, 15 Sep 2020 15:06:49 GMT
      expires:
      - '-1'
      pragma:
      - no-cache
      server:
      - Microsoft-Azure-Storage-Resource-Provider/1.0,Microsoft-HTTPAPI/2.0 Microsoft-HTTPAPI/2.0
      strict-transport-security:
      - max-age=31536000; includeSubDomains
      transfer-encoding:
      - chunked
      vary:
      - Accept-Encoding
      x-content-type-options:
      - nosniff
      x-ms-ratelimit-remaining-subscription-writes:
      - '1198'
    status:
      code: 200
      message: OK
- request:
    body: null
    headers:
      Accept:
      - application/json
      Accept-Encoding:
      - gzip, deflate
      CommandName:
      - storage account blob-service-properties update
      Connection:
      - keep-alive
      ParameterSetName:
      - --enable-container-delete-retention --container-delete-retention-days -n -g
      User-Agent:
      - python/3.7.4 (Windows-10-10.0.19041-SP0) msrest/0.6.10 msrest_azure/0.6.3
        azure-mgmt-storage/11.2.0 Azure-SDK-For-Python AZURECLI/2.11.1
      accept-language:
      - en-US
    method: GET
    uri: https://management.azure.com/subscriptions/00000000-0000-0000-0000-000000000000/resourceGroups/cli_storage_account_update_delete_retention_policy000001/providers/Microsoft.Storage/storageAccounts/clitest000002/blobServices/default?api-version=2019-06-01
  response:
    body:
      string: '{"sku":{"name":"Standard_LRS","tier":"Standard"},"id":"/subscriptions/00000000-0000-0000-0000-000000000000/resourceGroups/cli_storage_account_update_delete_retention_policy000001/providers/Microsoft.Storage/storageAccounts/clitest000002/blobServices/default","name":"default","type":"Microsoft.Storage/storageAccounts/blobServices","properties":{"containerDeleteRetentionPolicy":{"enabled":true,"days":100},"cors":{"corsRules":[]},"deleteRetentionPolicy":{"enabled":false}}}'
    headers:
      cache-control:
      - no-cache
      content-length:
      - '504'
      content-type:
      - application/json
      date:
      - Tue, 15 Sep 2020 15:06:50 GMT
      expires:
      - '-1'
      pragma:
      - no-cache
      server:
      - Microsoft-Azure-Storage-Resource-Provider/1.0,Microsoft-HTTPAPI/2.0 Microsoft-HTTPAPI/2.0
      strict-transport-security:
      - max-age=31536000; includeSubDomains
      transfer-encoding:
      - chunked
      vary:
      - Accept-Encoding
      x-content-type-options:
      - nosniff
    status:
      code: 200
      message: OK
- request:
    body: '{"properties": {"cors": {"corsRules": []}, "deleteRetentionPolicy": {"enabled":
      false}, "containerDeleteRetentionPolicy": {"enabled": true, "days": 365}}}'
    headers:
      Accept:
      - application/json
      Accept-Encoding:
      - gzip, deflate
      CommandName:
      - storage account blob-service-properties update
      Connection:
      - keep-alive
      Content-Length:
      - '154'
      Content-Type:
      - application/json; charset=utf-8
      ParameterSetName:
      - --enable-container-delete-retention --container-delete-retention-days -n -g
      User-Agent:
      - python/3.7.4 (Windows-10-10.0.19041-SP0) msrest/0.6.10 msrest_azure/0.6.3
        azure-mgmt-storage/11.2.0 Azure-SDK-For-Python AZURECLI/2.11.1
      accept-language:
      - en-US
    method: PUT
    uri: https://management.azure.com/subscriptions/00000000-0000-0000-0000-000000000000/resourceGroups/cli_storage_account_update_delete_retention_policy000001/providers/Microsoft.Storage/storageAccounts/clitest000002/blobServices/default?api-version=2019-06-01
  response:
    body:
      string: '{"id":"/subscriptions/00000000-0000-0000-0000-000000000000/resourceGroups/cli_storage_account_update_delete_retention_policy000001/providers/Microsoft.Storage/storageAccounts/clitest000002/blobServices/default","name":"default","type":"Microsoft.Storage/storageAccounts/blobServices","properties":{"containerDeleteRetentionPolicy":{"enabled":true,"days":365},"cors":{"corsRules":[]},"deleteRetentionPolicy":{"enabled":false}}}'
    headers:
      cache-control:
      - no-cache
      content-length:
      - '456'
      content-type:
      - application/json
      date:
      - Tue, 15 Sep 2020 15:06:52 GMT
      expires:
      - '-1'
      pragma:
      - no-cache
      server:
      - Microsoft-Azure-Storage-Resource-Provider/1.0,Microsoft-HTTPAPI/2.0 Microsoft-HTTPAPI/2.0
      strict-transport-security:
      - max-age=31536000; includeSubDomains
      transfer-encoding:
      - chunked
      vary:
      - Accept-Encoding
      x-content-type-options:
      - nosniff
      x-ms-ratelimit-remaining-subscription-writes:
      - '1199'
    status:
      code: 200
      message: OK
- request:
    body: null
    headers:
      Accept:
      - application/json
      Accept-Encoding:
      - gzip, deflate
      CommandName:
      - storage account blob-service-properties update
      Connection:
      - keep-alive
      ParameterSetName:
      - --enable-container-delete-retention -n -g
      User-Agent:
      - python/3.7.4 (Windows-10-10.0.19041-SP0) msrest/0.6.10 msrest_azure/0.6.3
        azure-mgmt-storage/11.2.0 Azure-SDK-For-Python AZURECLI/2.11.1
      accept-language:
      - en-US
    method: GET
    uri: https://management.azure.com/subscriptions/00000000-0000-0000-0000-000000000000/resourceGroups/cli_storage_account_update_delete_retention_policy000001/providers/Microsoft.Storage/storageAccounts/clitest000002/blobServices/default?api-version=2019-06-01
  response:
    body:
      string: '{"sku":{"name":"Standard_LRS","tier":"Standard"},"id":"/subscriptions/00000000-0000-0000-0000-000000000000/resourceGroups/cli_storage_account_update_delete_retention_policy000001/providers/Microsoft.Storage/storageAccounts/clitest000002/blobServices/default","name":"default","type":"Microsoft.Storage/storageAccounts/blobServices","properties":{"containerDeleteRetentionPolicy":{"enabled":true,"days":365},"cors":{"corsRules":[]},"deleteRetentionPolicy":{"enabled":false}}}'
    headers:
      cache-control:
      - no-cache
      content-length:
      - '504'
      content-type:
      - application/json
      date:
      - Tue, 15 Sep 2020 15:06:53 GMT
      expires:
      - '-1'
      pragma:
      - no-cache
      server:
      - Microsoft-Azure-Storage-Resource-Provider/1.0,Microsoft-HTTPAPI/2.0 Microsoft-HTTPAPI/2.0
      strict-transport-security:
      - max-age=31536000; includeSubDomains
      transfer-encoding:
      - chunked
      vary:
      - Accept-Encoding
      x-content-type-options:
      - nosniff
    status:
      code: 200
      message: OK
- request:
    body: '{"properties": {"cors": {"corsRules": []}, "deleteRetentionPolicy": {"enabled":
      false}, "containerDeleteRetentionPolicy": {"enabled": false}}}'
    headers:
      Accept:
      - application/json
      Accept-Encoding:
      - gzip, deflate
      CommandName:
      - storage account blob-service-properties update
      Connection:
      - keep-alive
      Content-Length:
      - '142'
      Content-Type:
      - application/json; charset=utf-8
      ParameterSetName:
      - --enable-container-delete-retention -n -g
      User-Agent:
      - python/3.7.4 (Windows-10-10.0.19041-SP0) msrest/0.6.10 msrest_azure/0.6.3
        azure-mgmt-storage/11.2.0 Azure-SDK-For-Python AZURECLI/2.11.1
      accept-language:
      - en-US
    method: PUT
    uri: https://management.azure.com/subscriptions/00000000-0000-0000-0000-000000000000/resourceGroups/cli_storage_account_update_delete_retention_policy000001/providers/Microsoft.Storage/storageAccounts/clitest000002/blobServices/default?api-version=2019-06-01
  response:
    body:
      string: '{"id":"/subscriptions/00000000-0000-0000-0000-000000000000/resourceGroups/cli_storage_account_update_delete_retention_policy000001/providers/Microsoft.Storage/storageAccounts/clitest000002/blobServices/default","name":"default","type":"Microsoft.Storage/storageAccounts/blobServices","properties":{"containerDeleteRetentionPolicy":{"enabled":false},"cors":{"corsRules":[]},"deleteRetentionPolicy":{"enabled":false}}}'
    headers:
      cache-control:
      - no-cache
      content-length:
      - '446'
      content-type:
      - application/json
      date:
      - Tue, 15 Sep 2020 15:06:55 GMT
      expires:
      - '-1'
      pragma:
      - no-cache
      server:
      - Microsoft-Azure-Storage-Resource-Provider/1.0,Microsoft-HTTPAPI/2.0 Microsoft-HTTPAPI/2.0
      strict-transport-security:
      - max-age=31536000; includeSubDomains
      transfer-encoding:
      - chunked
      vary:
      - Accept-Encoding
      x-content-type-options:
      - nosniff
      x-ms-ratelimit-remaining-subscription-writes:
      - '1197'
    status:
      code: 200
      message: OK
version: 1
