interactions:
- request:
    body: '{}'
    headers:
      Accept:
      - application/json
      Accept-Encoding:
      - gzip, deflate
      CommandName:
      - storage share-rm create
      Connection:
      - keep-alive
      Content-Length:
      - '2'
      Content-Type:
      - application/json
      ParameterSetName:
      - --storage-account -g -n
      User-Agent:
      - AZURECLI/2.21.0 azsdk-python-azure-mgmt-storage/17.0.0 Python/3.7.9 (Windows-10-10.0.19041-SP0)
    method: PUT
    uri: https://management.azure.com/subscriptions/00000000-0000-0000-0000-000000000000/resourceGroups/cli_snapshot000001/providers/Microsoft.Storage/storageAccounts/snapshot000002/fileServices/default/shares/share000003?api-version=2021-01-01
  response:
    body:
      string: '{"id":"/subscriptions/00000000-0000-0000-0000-000000000000/resourceGroups/cli_snapshot000001/providers/Microsoft.Storage/storageAccounts/snapshot000002/fileServices/default/shares/share000003","name":"share000003","type":"Microsoft.Storage/storageAccounts/fileServices/shares"}'
    headers:
      cache-control:
      - no-cache
      content-length:
      - '370'
      content-type:
      - application/json
      date:
      - Thu, 25 Mar 2021 07:19:06 GMT
      etag:
      - '"0x8D8EF5E4703AE85"'
      expires:
      - '-1'
      pragma:
      - no-cache
      server:
      - Microsoft-Azure-Storage-Resource-Provider/1.0,Microsoft-HTTPAPI/2.0 Microsoft-HTTPAPI/2.0
      strict-transport-security:
      - max-age=31536000; includeSubDomains
      x-content-type-options:
      - nosniff
      x-ms-ratelimit-remaining-subscription-writes:
      - '1199'
    status:
      code: 201
      message: Created
- request:
    body: '{"properties": {"metadata": {"k1": "v1"}, "shareQuota": 10, "enabledProtocols":
      "SMB", "rootSquash": "AllSquash", "accessTier": "Hot"}}'
    headers:
      Accept:
      - application/json
      Accept-Encoding:
      - gzip, deflate
      CommandName:
      - storage share-rm snapshot
      Connection:
      - keep-alive
      Content-Length:
      - '135'
      Content-Type:
      - application/json
      ParameterSetName:
      - --storage-account -g -n -q --metadata --access-tier --enabled-protocols --root-squash
      User-Agent:
      - AZURECLI/2.21.0 azsdk-python-azure-mgmt-storage/17.0.0 Python/3.7.9 (Windows-10-10.0.19041-SP0)
    method: PUT
    uri: https://management.azure.com/subscriptions/00000000-0000-0000-0000-000000000000/resourceGroups/cli_snapshot000001/providers/Microsoft.Storage/storageAccounts/snapshot000002/fileServices/default/shares/share000003?$expand=snapshots&api-version=2021-01-01
  response:
    body:
      string: '{"id":"/subscriptions/00000000-0000-0000-0000-000000000000/resourceGroups/cli_snapshot000001/providers/Microsoft.Storage/storageAccounts/snapshot000002/fileServices/default/shares/share000003","name":"share000003","type":"Microsoft.Storage/storageAccounts/fileServices/shares","properties":{"accessTier":"Hot","snapshotTime":"2021-03-25T07:19:07.0000000Z","metadata":{"k1":"v1"},"shareQuota":10,"enabledProtocols":"SMB","rootSquash":"AllSquash"}}'
    headers:
      cache-control:
      - no-cache
      content-length:
      - '539'
      content-type:
      - application/json
      date:
      - Thu, 25 Mar 2021 07:19:07 GMT
      expires:
      - '-1'
      pragma:
      - no-cache
      server:
      - Microsoft-Azure-Storage-Resource-Provider/1.0,Microsoft-HTTPAPI/2.0 Microsoft-HTTPAPI/2.0
      strict-transport-security:
      - max-age=31536000; includeSubDomains
      x-content-type-options:
      - nosniff
      x-ms-ratelimit-remaining-subscription-writes:
      - '1198'
    status:
      code: 201
      message: Created
- request:
    body: null
    headers:
      Accept:
      - application/json
      Accept-Encoding:
      - gzip, deflate
      CommandName:
      - storage share-rm show
      Connection:
      - keep-alive
      ParameterSetName:
      - --storage-account -g -n --snapshot
      User-Agent:
      - AZURECLI/2.21.0 azsdk-python-azure-mgmt-storage/17.0.0 Python/3.7.9 (Windows-10-10.0.19041-SP0)
      x-ms-snapshot:
      - '2021-03-25T07:19:07.0000000Z'
    method: GET
    uri: https://management.azure.com/subscriptions/00000000-0000-0000-0000-000000000000/resourceGroups/cli_snapshot000001/providers/Microsoft.Storage/storageAccounts/snapshot000002/fileServices/default/shares/share000003?api-version=2021-01-01
  response:
    body:
      string: '{"id":"/subscriptions/00000000-0000-0000-0000-000000000000/resourceGroups/cli_snapshot000001/providers/Microsoft.Storage/storageAccounts/snapshot000002/fileServices/default/shares/share000003","name":"share000003","type":"Microsoft.Storage/storageAccounts/fileServices/shares","etag":"\"0x8D8EF5E4703AE85\"","properties":{"accessTier":"TransactionOptimized","snapshotTime":"2021-03-25T07:19:07.0000000Z","lastModifiedTime":"2021-03-25T07:19:07.0000000Z","shareQuota":5120}}'
    headers:
      cache-control:
      - no-cache
      content-length:
      - '566'
      content-type:
      - application/json
      date:
      - Thu, 25 Mar 2021 07:19:08 GMT
      etag:
      - '"0x8D8EF5E4703AE85"'
      expires:
      - '-1'
      pragma:
      - no-cache
      server:
      - Microsoft-Azure-Storage-Resource-Provider/1.0,Microsoft-HTTPAPI/2.0 Microsoft-HTTPAPI/2.0
      strict-transport-security:
      - max-age=31536000; includeSubDomains
      transfer-encoding:
      - chunked
      vary:
      - Accept-Encoding
      x-content-type-options:
      - nosniff
    status:
      code: 200
      message: OK
- request:
    body: null
    headers:
      Accept:
      - application/json
      Accept-Encoding:
      - gzip, deflate
      CommandName:
      - storage share-rm delete
      Connection:
      - keep-alive
      Content-Length:
      - '0'
      ParameterSetName:
      - --storage-account -g -n --snapshot -y
      User-Agent:
      - AZURECLI/2.21.0 azsdk-python-azure-mgmt-storage/17.0.0 Python/3.7.9 (Windows-10-10.0.19041-SP0)
      x-ms-snapshot:
      - '2021-03-25T07:19:07.0000000Z'
    method: DELETE
    uri: https://management.azure.com/subscriptions/00000000-0000-0000-0000-000000000000/resourceGroups/cli_snapshot000001/providers/Microsoft.Storage/storageAccounts/snapshot000002/fileServices/default/shares/share000003?api-version=2021-01-01
  response:
    body:
      string: ''
    headers:
      cache-control:
      - no-cache
      content-length:
      - '0'
      content-type:
      - text/plain; charset=utf-8
      date:
      - Thu, 25 Mar 2021 07:19:09 GMT
      expires:
      - '-1'
      pragma:
      - no-cache
      server:
      - Microsoft-Azure-Storage-Resource-Provider/1.0,Microsoft-HTTPAPI/2.0 Microsoft-HTTPAPI/2.0
      strict-transport-security:
      - max-age=31536000; includeSubDomains
      x-content-type-options:
      - nosniff
      x-ms-ratelimit-remaining-subscription-deletes:
      - '14999'
    status:
      code: 200
      message: OK
- request:
    body: null
    headers:
      Accept:
      - application/json
      Accept-Encoding:
      - gzip, deflate
      CommandName:
      - storage share-rm show
      Connection:
      - keep-alive
      ParameterSetName:
      - --storage-account -g -n --snapshot
      User-Agent:
      - AZURECLI/2.21.0 azsdk-python-azure-mgmt-storage/17.0.0 Python/3.7.9 (Windows-10-10.0.19041-SP0)
      x-ms-snapshot:
      - '2021-03-25T07:19:07.0000000Z'
    method: GET
    uri: https://management.azure.com/subscriptions/00000000-0000-0000-0000-000000000000/resourceGroups/cli_snapshot000001/providers/Microsoft.Storage/storageAccounts/snapshot000002/fileServices/default/shares/share000003?api-version=2021-01-01
  response:
    body:
      string: '{"error":{"code":"ShareNotFound","message":"The specified share does
        not exist.\nRequestId:a668f789-b01a-0090-2f47-21ad08000000\nTime:2021-03-25T07:19:09.8757180Z"}}'
    headers:
      cache-control:
      - no-cache
      content-length:
      - '165'
      content-type:
      - application/json
      date:
      - Thu, 25 Mar 2021 07:19:09 GMT
      expires:
      - '-1'
      pragma:
      - no-cache
      server:
      - Microsoft-Azure-Storage-Resource-Provider/1.0,Microsoft-HTTPAPI/2.0 Microsoft-HTTPAPI/2.0
      strict-transport-security:
      - max-age=31536000; includeSubDomains
      x-content-type-options:
      - nosniff
    status:
      code: 404
      message: Not Found
version: 1
