interactions:
- request:
    body: null
    headers:
      Accept:
      - application/json
      Accept-Encoding:
      - gzip, deflate
      CommandName:
      - storage account keys list
      Connection:
      - keep-alive
      Content-Length:
      - '0'
      ParameterSetName:
      - -n -g --query -o
      User-Agent:
      - AZURECLI/2.53.0 azsdk-python-azure-mgmt-storage/21.1.0 Python/3.10.13 (Linux-5.15.0-1047-azure-x86_64-with-glibc2.31)
        VSTS_7b238909-6802-4b65-b90d-184bca47f458_build_220_0
    method: POST
    uri: https://management.azure.com/subscriptions/00000000-0000-0000-0000-000000000000/resourceGroups/clitest.rg000001/providers/Microsoft.Storage/storageAccounts/clitest000002/listKeys?api-version=2023-01-01&$expand=kerb
  response:
    body:
      string: '{"keys":[{"creationTime":"2023-10-19T09:12:35.9538085Z","keyName":"key1","value":"veryFakedStorageAccountKey==","permissions":"FULL"},{"creationTime":"2023-10-19T09:12:35.9538085Z","keyName":"key2","value":"veryFakedStorageAccountKey==","permissions":"FULL"}]}'
    headers:
      cache-control:
      - no-cache
      content-length:
      - '260'
      content-type:
      - application/json
      date:
      - Thu, 19 Oct 2023 09:12:57 GMT
      expires:
      - '-1'
      pragma:
      - no-cache
      server:
      - Microsoft-Azure-Storage-Resource-Provider/1.0,Microsoft-HTTPAPI/2.0 Microsoft-HTTPAPI/2.0
      strict-transport-security:
      - max-age=31536000; includeSubDomains
      transfer-encoding:
      - chunked
      vary:
      - Accept-Encoding
      x-content-type-options:
      - nosniff
      x-ms-ratelimit-remaining-subscription-resource-requests:
      - '11996'
    status:
      code: 200
      message: OK
- request:
    body: null
    headers:
      Accept:
      - application/xml
      Accept-Encoding:
      - gzip, deflate
      CommandName:
      - storage blob show
      Connection:
      - keep-alive
      ParameterSetName:
      - -c -n --account-name --account-key
      User-Agent:
      - AZURECLI/2.53.0 azsdk-python-storage-blob/12.16.0 Python/3.10.13 (Linux-5.15.0-1047-azure-x86_64-with-glibc2.31)
        VSTS_7b238909-6802-4b65-b90d-184bca47f458_build_220_0
      x-ms-date:
      - Thu, 19 Oct 2023 09:12:58 GMT
      x-ms-version:
      - '2022-11-02'
    method: HEAD
    uri: https://clitest000002.blob.core.windows.net/foo/bar.txt
  response:
    body:
      string: ''
    headers:
      date:
      - Thu, 19 Oct 2023 09:12:57 GMT
      server:
      - Windows-Azure-Blob/1.0 Microsoft-HTTPAPI/2.0
      transfer-encoding:
      - chunked
      x-ms-error-code:
      - ContainerNotFound
      x-ms-version:
      - '2022-11-02'
    status:
      code: 404
      message: The specified container does not exist.
- request:
    body: null
    headers:
      Accept:
      - application/xml
      Accept-Encoding:
      - gzip, deflate
      CommandName:
      - storage blob show
      Connection:
      - keep-alive
      ParameterSetName:
      - --account-name --account-key -c -n
      User-Agent:
      - AZURECLI/2.53.0 azsdk-python-storage-blob/12.16.0 Python/3.10.13 (Linux-5.15.0-1047-azure-x86_64-with-glibc2.31)
        VSTS_7b238909-6802-4b65-b90d-184bca47f458_build_220_0
      x-ms-date:
      - Thu, 19 Oct 2023 09:12:58 GMT
      x-ms-version:
      - '2022-11-02'
    method: HEAD
    uri: https://clitest000002.blob.core.windows.net/foo/bar.txt
  response:
    body:
      string: ''
    headers:
      date:
      - Thu, 19 Oct 2023 09:12:58 GMT
      server:
      - Microsoft-HTTPAPI/2.0
      transfer-encoding:
      - chunked
      x-ms-error-code:
      - AuthenticationFailed
    status:
      code: 403
      message: Server failed to authenticate the request. Make sure the value of Authorization
        header is formed correctly including the signature.
version: 1
