interactions:
- request:
    body: null
    headers:
      Accept:
      - application/json
      Accept-Encoding:
      - gzip, deflate
      CommandName:
      - storage account keys list
      Connection:
      - keep-alive
      Content-Length:
      - '0'
      ParameterSetName:
      - -n -g --query -o
      User-Agent:
      - AZURECLI/2.53.1 azsdk-python-azure-mgmt-storage/21.0.0 Python/3.8.10 (Windows-10-10.0.22631-SP0)
    method: POST
    uri: https://management.azure.com/subscriptions/00000000-0000-0000-0000-000000000000/resourceGroups/clitest.rg000001/providers/Microsoft.Storage/storageAccounts/clitest000002/listKeys?api-version=2022-09-01&$expand=kerb
  response:
    body:
      string: '{"keys":[{"creationTime":"2023-11-20T23:07:32.4449903Z","keyName":"key1","value":"veryFakedStorageAccountKey==","permissions":"FULL"},{"creationTime":"2023-11-20T23:07:32.4449903Z","keyName":"key2","value":"veryFakedStorageAccountKey==","permissions":"FULL"}]}'
    headers:
      cache-control:
      - no-cache
      content-length:
      - '260'
      content-type:
      - application/json
      date:
      - Mon, 20 Nov 2023 23:07:52 GMT
      expires:
      - '-1'
      pragma:
      - no-cache
      strict-transport-security:
      - max-age=31536000; includeSubDomains
      x-cache:
      - CONFIG_NOCACHE
      x-content-type-options:
      - nosniff
      x-ms-ratelimit-remaining-subscription-resource-requests:
      - '11999'
      x-msedge-ref:
      - 'Ref A: 9A33AEE97F9E4F84A76BC5B056ABEC7F Ref B: CO6AA3150217021 Ref C: 2023-11-20T23:07:53Z'
    status:
      code: 200
      message: OK
- request:
    body: null
    headers:
      Accept:
      - application/xml
      Accept-Encoding:
      - gzip, deflate
      CommandName:
      - storage fs create
      Connection:
      - keep-alive
      Content-Length:
      - '0'
      ParameterSetName:
      - -n --account-name --account-key
      User-Agent:
      - AZURECLI/2.53.1 azsdk-python-storage-dfs/12.9.0b1 Python/3.8.10 (Windows-10-10.0.22631-SP0)
      x-ms-date:
      - Mon, 20 Nov 2023 23:07:53 GMT
      x-ms-version:
      - '2021-08-06'
    method: PUT
    uri: https://clitest000002.blob.core.windows.net/filesystem000003?restype=container
  response:
    body:
      string: ''
    headers:
      content-length:
      - '0'
      date:
      - Mon, 20 Nov 2023 23:07:52 GMT
      etag:
      - '"0x8DBEA1D86803B7A"'
      last-modified:
      - Mon, 20 Nov 2023 23:07:53 GMT
      server:
      - Windows-Azure-Blob/1.0 Microsoft-HTTPAPI/2.0
      x-ms-version:
      - '2021-08-06'
    status:
      code: 201
      message: Created
- request:
    body: null
    headers:
      Accept:
      - application/json
      Accept-Encoding:
      - gzip, deflate
      CommandName:
      - storage fs file create
      Connection:
      - keep-alive
      Content-Length:
      - '0'
      ParameterSetName:
      - -p -f --content-type --account-name --account-key
      User-Agent:
      - AZURECLI/2.53.1 azsdk-python-storage-dfs/12.9.0b1 Python/3.8.10 (Windows-10-10.0.22631-SP0)
      x-ms-content-type:
      - application/json
      x-ms-date:
      - Mon, 20 Nov 2023 23:07:53 GMT
      x-ms-version:
      - '2021-08-06'
    method: PUT
    uri: https://clitest000002.dfs.core.windows.net/filesystem000003/file000004?resource=file
  response:
    body:
      string: ''
    headers:
      content-length:
      - '0'
      date:
      - Mon, 20 Nov 2023 23:07:52 GMT
      etag:
      - '"0x8DBEA1D86B466F2"'
      last-modified:
      - Mon, 20 Nov 2023 23:07:53 GMT
      server:
      - Windows-Azure-HDFS/1.0 Microsoft-HTTPAPI/2.0
      x-ms-request-server-encrypted:
      - 'true'
      x-ms-version:
      - '2021-08-06'
    status:
      code: 201
      message: Created
- request:
    body: null
    headers:
      Accept:
      - application/json
      Accept-Encoding:
      - gzip, deflate
      CommandName:
      - storage fs file set-expiry
      Connection:
      - keep-alive
      Content-Length:
      - '0'
      ParameterSetName:
      - --expiry-options --expires-on -p -f --account-name --account-key
      User-Agent:
      - AZURECLI/2.53.1 azsdk-python-storage-dfs/12.9.0b1 Python/3.8.10 (Windows-10-10.0.22631-SP0)
      x-ms-date:
      - Mon, 20 Nov 2023 23:07:53 GMT
      x-ms-expiry-option:
      - Absolute
      x-ms-expiry-time:
      - Mon, 20 Nov 2023 23:07:58 GMT
      x-ms-version:
      - '2021-08-06'
    method: PUT
    uri: https://clitest000002.blob.core.windows.net/filesystem000003/file000004?comp=expiry
  response:
    body:
      string: ''
    headers:
      content-length:
      - '0'
      date:
      - Mon, 20 Nov 2023 23:07:54 GMT
      etag:
      - '"0x8DBEA1D86B466F2"'
      last-modified:
      - Mon, 20 Nov 2023 23:07:53 GMT
      server:
      - Windows-Azure-Blob/1.0 Microsoft-HTTPAPI/2.0
      x-ms-version:
      - '2021-08-06'
    status:
      code: 200
      message: OK
- request:
    body: null
    headers:
      Accept:
      - application/xml
      Accept-Encoding:
      - gzip, deflate
      CommandName:
      - storage fs file exists
      Connection:
      - keep-alive
      ParameterSetName:
      - -p -f --account-name --account-key
      User-Agent:
      - AZURECLI/2.53.1 azsdk-python-storage-dfs/12.9.0b1 Python/3.8.10 (Windows-10-10.0.22631-SP0)
      x-ms-date:
      - Mon, 20 Nov 2023 23:07:54 GMT
      x-ms-version:
      - '2021-08-06'
    method: HEAD
    uri: https://clitest000002.blob.core.windows.net/filesystem000003/file000004
  response:
    body:
      string: ''
    headers:
      accept-ranges:
      - bytes
      content-length:
      - '0'
      content-type:
      - application/json
      date:
      - Mon, 20 Nov 2023 23:07:53 GMT
      etag:
      - '"0x8DBEA1D86B466F2"'
      last-modified:
      - Mon, 20 Nov 2023 23:07:53 GMT
      server:
      - Windows-Azure-Blob/1.0 Microsoft-HTTPAPI/2.0
      x-ms-access-tier:
      - Hot
      x-ms-access-tier-inferred:
      - 'true'
      x-ms-blob-type:
      - BlockBlob
      x-ms-creation-time:
      - Mon, 20 Nov 2023 23:07:53 GMT
      x-ms-expiry-time:
      - Mon, 20 Nov 2023 23:07:58 GMT
      x-ms-group:
      - $superuser
      x-ms-lease-state:
      - available
      x-ms-lease-status:
      - unlocked
      x-ms-owner:
      - $superuser
      x-ms-permissions:
      - rw-r-----
      x-ms-resource-type:
      - file
      x-ms-server-encrypted:
      - 'true'
      x-ms-version:
      - '2021-08-06'
    status:
      code: 200
      message: OK
- request:
    body: null
    headers:
      Accept:
      - application/xml
      Accept-Encoding:
      - gzip, deflate
      CommandName:
      - storage fs file exists
      Connection:
      - keep-alive
      ParameterSetName:
      - -p -f --account-name --account-key
      User-Agent:
      - AZURECLI/2.53.1 azsdk-python-storage-dfs/12.9.0b1 Python/3.8.10 (Windows-10-10.0.22631-SP0)
      x-ms-date:
      - Mon, 20 Nov 2023 23:08:01 GMT
      x-ms-version:
      - '2021-08-06'
    method: HEAD
    uri: https://clitest000002.blob.core.windows.net/filesystem000003/file000004
  response:
    body:
      string: ''
    headers:
      date:
      - Mon, 20 Nov 2023 23:08:01 GMT
      server:
      - Windows-Azure-Blob/1.0 Microsoft-HTTPAPI/2.0
      transfer-encoding:
      - chunked
      x-ms-error-code:
      - BlobNotFound
      x-ms-version:
      - '2021-08-06'
    status:
      code: 404
      message: The specified blob does not exist.
- request:
    body: null
    headers:
      Accept:
      - application/json
      Accept-Encoding:
      - gzip, deflate
      CommandName:
      - storage fs file create
      Connection:
      - keep-alive
      Content-Length:
      - '0'
      ParameterSetName:
      - -p -f --content-type --account-name --account-key
      User-Agent:
      - AZURECLI/2.53.1 azsdk-python-storage-dfs/12.9.0b1 Python/3.8.10 (Windows-10-10.0.22631-SP0)
      x-ms-content-type:
      - application/json
      x-ms-date:
      - Mon, 20 Nov 2023 23:08:01 GMT
      x-ms-version:
      - '2021-08-06'
    method: PUT
    uri: https://clitest000002.dfs.core.windows.net/filesystem000003/file000004?resource=file
  response:
    body:
      string: ''
    headers:
      content-length:
      - '0'
      date:
      - Mon, 20 Nov 2023 23:08:01 GMT
      etag:
      - '"0x8DBEA1D8B9420C2"'
      last-modified:
      - Mon, 20 Nov 2023 23:08:01 GMT
      server:
      - Windows-Azure-HDFS/1.0 Microsoft-HTTPAPI/2.0
      x-ms-request-server-encrypted:
      - 'true'
      x-ms-version:
      - '2021-08-06'
    status:
      code: 201
      message: Created
- request:
    body: null
    headers:
      Accept:
      - application/json
      Accept-Encoding:
      - gzip, deflate
      CommandName:
      - storage fs file set-expiry
      Connection:
      - keep-alive
      Content-Length:
      - '0'
      ParameterSetName:
      - --expiry-options --expires-on -p -f --account-name --account-key
      User-Agent:
      - AZURECLI/2.53.1 azsdk-python-storage-dfs/12.9.0b1 Python/3.8.10 (Windows-10-10.0.22631-SP0)
      x-ms-date:
      - Mon, 20 Nov 2023 23:08:01 GMT
      x-ms-expiry-option:
      - RelativeToCreation
      x-ms-expiry-time:
      - '5000'
      x-ms-version:
      - '2021-08-06'
    method: PUT
    uri: https://clitest000002.blob.core.windows.net/filesystem000003/file000004?comp=expiry
  response:
    body:
      string: ''
    headers:
      content-length:
      - '0'
      date:
      - Mon, 20 Nov 2023 23:08:02 GMT
      etag:
      - '"0x8DBEA1D8B9420C2"'
      last-modified:
      - Mon, 20 Nov 2023 23:08:01 GMT
      server:
      - Windows-Azure-Blob/1.0 Microsoft-HTTPAPI/2.0
      x-ms-version:
      - '2021-08-06'
    status:
      code: 200
      message: OK
- request:
    body: null
    headers:
      Accept:
      - application/xml
      Accept-Encoding:
      - gzip, deflate
      CommandName:
      - storage fs file exists
      Connection:
      - keep-alive
      ParameterSetName:
      - -p -f --account-name --account-key
      User-Agent:
      - AZURECLI/2.53.1 azsdk-python-storage-dfs/12.9.0b1 Python/3.8.10 (Windows-10-10.0.22631-SP0)
      x-ms-date:
      - Mon, 20 Nov 2023 23:08:02 GMT
      x-ms-version:
      - '2021-08-06'
    method: HEAD
    uri: https://clitest000002.blob.core.windows.net/filesystem000003/file000004
  response:
    body:
      string: ''
    headers:
      accept-ranges:
      - bytes
      content-length:
      - '0'
      content-type:
      - application/json
      date:
      - Mon, 20 Nov 2023 23:08:02 GMT
      etag:
      - '"0x8DBEA1D8B9420C2"'
      last-modified:
      - Mon, 20 Nov 2023 23:08:01 GMT
      server:
      - Windows-Azure-Blob/1.0 Microsoft-HTTPAPI/2.0
      x-ms-access-tier:
      - Hot
      x-ms-access-tier-inferred:
      - 'true'
      x-ms-blob-type:
      - BlockBlob
      x-ms-creation-time:
      - Mon, 20 Nov 2023 23:08:01 GMT
      x-ms-expiry-time:
      - Mon, 20 Nov 2023 23:08:06 GMT
      x-ms-group:
      - $superuser
      x-ms-lease-state:
      - available
      x-ms-lease-status:
      - unlocked
      x-ms-owner:
      - $superuser
      x-ms-permissions:
      - rw-r-----
      x-ms-resource-type:
      - file
      x-ms-server-encrypted:
      - 'true'
      x-ms-version:
      - '2021-08-06'
    status:
      code: 200
      message: OK
- request:
    body: null
    headers:
      Accept:
      - application/xml
      Accept-Encoding:
      - gzip, deflate
      CommandName:
      - storage fs file exists
      Connection:
      - keep-alive
      ParameterSetName:
      - -p -f --account-name --account-key
      User-Agent:
      - AZURECLI/2.53.1 azsdk-python-storage-dfs/12.9.0b1 Python/3.8.10 (Windows-10-10.0.22631-SP0)
      x-ms-date:
      - Mon, 20 Nov 2023 23:08:09 GMT
      x-ms-version:
      - '2021-08-06'
    method: HEAD
    uri: https://clitest000002.blob.core.windows.net/filesystem000003/file000004
  response:
    body:
      string: ''
    headers:
      date:
      - Mon, 20 Nov 2023 23:08:09 GMT
      server:
      - Windows-Azure-Blob/1.0 Microsoft-HTTPAPI/2.0
      transfer-encoding:
      - chunked
      x-ms-error-code:
      - BlobNotFound
      x-ms-version:
      - '2021-08-06'
    status:
      code: 404
      message: The specified blob does not exist.
version: 1
