interactions:
- request:
    body: null
    headers:
      Accept:
      - application/json
      Accept-Encoding:
      - gzip, deflate
      CommandName:
      - storage account keys list
      Connection:
      - keep-alive
      Content-Length:
      - '0'
      ParameterSetName:
      - -n -g --query -o
      User-Agent:
      - python/3.7.4 (Windows-10-10.0.18362-SP0) msrest/0.6.10 msrest_azure/0.6.3
        azure-mgmt-storage/9.0.0 Azure-SDK-For-Python AZURECLI/2.7.0
      accept-language:
      - en-US
    method: POST
    uri: https://management.azure.com/subscriptions/00000000-0000-0000-0000-000000000000/resourceGroups/clitest.rg000001/providers/Microsoft.Storage/storageAccounts/clitest000002/listKeys?api-version=2019-06-01
  response:
    body:
      string: '{"keys":[{"keyName":"key1","value":"veryFakedStorageAccountKey==","permissions":"FULL"},{"keyName":"key2","value":"veryFakedStorageAccountKey==","permissions":"FULL"}]}'
    headers:
      cache-control:
      - no-cache
      content-length:
      - '288'
      content-type:
      - application/json
      date:
      - Thu, 18 Jun 2020 15:53:12 GMT
      expires:
      - '-1'
      pragma:
      - no-cache
      server:
      - Microsoft-Azure-Storage-Resource-Provider/1.0,Microsoft-HTTPAPI/2.0 Microsoft-HTTPAPI/2.0
      strict-transport-security:
      - max-age=31536000; includeSubDomains
      transfer-encoding:
      - chunked
      vary:
      - Accept-Encoding
      x-content-type-options:
      - nosniff
      x-ms-ratelimit-remaining-subscription-resource-requests:
      - '11999'
    status:
      code: 200
      message: OK
- request:
    body: null
    headers:
      Connection:
      - keep-alive
      Content-Length:
      - '0'
      User-Agent:
      - Azure-Storage/2.0.0-2.0.1 (Python CPython 3.7.4; Windows 10) AZURECLI/2.7.0
      x-ms-date:
      - Thu, 18 Jun 2020 15:53:13 GMT
      x-ms-version:
      - '2018-11-09'
    method: PUT
    uri: https://clitest000002.blob.core.windows.net/cont000004?restype=container
  response:
    body:
      string: ''
    headers:
      content-length:
      - '0'
      date:
      - Thu, 18 Jun 2020 15:53:15 GMT
      etag:
      - '"0x8D8139FB734A3F5"'
      last-modified:
      - Thu, 18 Jun 2020 15:53:16 GMT
      server:
      - Windows-Azure-Blob/1.0 Microsoft-HTTPAPI/2.0
      x-ms-version:
      - '2018-11-09'
    status:
      code: 201
      message: Created
- request:
    body: null
    headers:
      Connection:
      - keep-alive
      User-Agent:
      - Azure-Storage/2.0.0-2.0.1 (Python CPython 3.7.4; Windows 10) AZURECLI/2.7.0
      x-ms-date:
      - Thu, 18 Jun 2020 15:53:17 GMT
      x-ms-version:
      - '2018-11-09'
    method: HEAD
    uri: https://clitest000002.blob.core.windows.net/cont000004/blob000003
  response:
    body:
      string: ''
    headers:
      date:
      - Thu, 18 Jun 2020 15:53:17 GMT
      server:
      - Windows-Azure-Blob/1.0 Microsoft-HTTPAPI/2.0
      transfer-encoding:
      - chunked
      x-ms-error-code:
      - BlobNotFound
      x-ms-version:
      - '2018-11-09'
    status:
      code: 404
      message: The specified blob does not exist.
- request:
    body: '!!! The request body has been omitted from the recording because its size
      4194304 is larger than 128KB. !!!'
    headers:
      Connection:
      - keep-alive
      Content-Length:
      - '4194304'
      User-Agent:
      - Azure-Storage/2.0.0-2.0.1 (Python CPython 3.7.4; Windows 10) AZURECLI/2.7.0
      x-ms-blob-type:
      - BlockBlob
      x-ms-date:
      - Thu, 18 Jun 2020 15:53:18 GMT
      x-ms-version:
      - '2018-11-09'
    method: PUT
    uri: https://clitest000002.blob.core.windows.net/cont000004/blob000003
  response:
    body:
      string: ''
    headers:
      content-length:
      - '0'
      content-md5:
      - tc+p1sj+vWGPkawoQ9UKHA==
      date:
      - Thu, 18 Jun 2020 15:53:22 GMT
      etag:
      - '"0x8D8139FBB073A05"'
      last-modified:
      - Thu, 18 Jun 2020 15:53:23 GMT
      server:
      - Windows-Azure-Blob/1.0 Microsoft-HTTPAPI/2.0
      x-ms-request-server-encrypted:
      - 'true'
      x-ms-version:
      - '2018-11-09'
    status:
      code: 201
      message: Created
- request:
    body: null
    headers:
      Connection:
      - keep-alive
      User-Agent:
      - Azure-Storage/2.0.0-2.0.1 (Python CPython 3.7.4; Windows 10) AZURECLI/2.7.0
      x-ms-date:
      - Thu, 18 Jun 2020 15:53:23 GMT
      x-ms-version:
      - '2018-11-09'
    method: HEAD
    uri: https://clitest000002.blob.core.windows.net/cont000004/blob000003
  response:
    body:
      string: ''
    headers:
      accept-ranges:
      - bytes
      content-length:
      - '4194304'
      content-md5:
      - tc+p1sj+vWGPkawoQ9UKHA==
      content-type:
      - application/octet-stream
      date:
      - Thu, 18 Jun 2020 15:53:24 GMT
      etag:
      - '"0x8D8139FBB073A05"'
      last-modified:
      - Thu, 18 Jun 2020 15:53:23 GMT
      server:
      - Windows-Azure-Blob/1.0 Microsoft-HTTPAPI/2.0
      x-ms-blob-type:
      - BlockBlob
      x-ms-creation-time:
      - Thu, 18 Jun 2020 15:53:23 GMT
      x-ms-lease-state:
      - available
      x-ms-lease-status:
      - unlocked
      x-ms-server-encrypted:
      - 'true'
      x-ms-version:
      - '2018-11-09'
    status:
      code: 200
      message: OK
- request:
    body: null
    headers:
      Connection:
      - keep-alive
      User-Agent:
      - Azure-Storage/2.0.0-2.0.1 (Python CPython 3.7.4; Windows 10) AZURECLI/2.7.0
      x-ms-date:
      - Thu, 18 Jun 2020 15:53:24 GMT
      x-ms-version:
      - '2018-11-09'
    method: GET
    uri: https://clitest000002.blob.core.windows.net/cont000004?restype=container&comp=list&maxresults=1
  response:
    body:
      string: "\uFEFF<?xml version=\"1.0\" encoding=\"utf-8\"?><EnumerationResults
        ServiceEndpoint=\"https://clitest000002.blob.core.windows.net/\" ContainerName=\"cont000004\"><MaxResults>1</MaxResults><Blobs><Blob><Name>blob000003</Name><Properties><Creation-Time>Thu,
        18 Jun 2020 15:53:23 GMT</Creation-Time><Last-Modified>Thu, 18 Jun 2020 15:53:23
        GMT</Last-Modified><Etag>0x8D8139FBB073A05</Etag><Content-Length>4194304</Content-Length><Content-Type>application/octet-stream</Content-Type><Content-Encoding
        /><Content-Language /><Content-MD5>tc+p1sj+vWGPkawoQ9UKHA==</Content-MD5><Cache-Control
        /><Content-Disposition /><BlobType>BlockBlob</BlobType><LeaseStatus>unlocked</LeaseStatus><LeaseState>available</LeaseState><ServerEncrypted>true</ServerEncrypted></Properties></Blob></Blobs><NextMarker
        /></EnumerationResults>"
    headers:
      content-type:
      - application/xml
      date:
      - Thu, 18 Jun 2020 15:53:24 GMT
      server:
      - Windows-Azure-Blob/1.0 Microsoft-HTTPAPI/2.0
      transfer-encoding:
      - chunked
      x-ms-version:
      - '2018-11-09'
    status:
      code: 200
      message: OK
- request:
    body: null
    headers:
      Connection:
      - keep-alive
      User-Agent:
      - Azure-Storage/2.0.0-2.0.1 (Python CPython 3.7.4; Windows 10) AZURECLI/2.7.0
      x-ms-date:
      - Thu, 18 Jun 2020 15:53:26 GMT
      x-ms-version:
      - '2018-11-09'
    method: HEAD
    uri: https://clitest000002.blob.core.windows.net/cont000004/blob000003
  response:
    body:
      string: ''
    headers:
      accept-ranges:
      - bytes
      content-length:
      - '4194304'
      content-md5:
      - tc+p1sj+vWGPkawoQ9UKHA==
      content-type:
      - application/octet-stream
      date:
      - Thu, 18 Jun 2020 15:53:26 GMT
      etag:
      - '"0x8D8139FBB073A05"'
      last-modified:
      - Thu, 18 Jun 2020 15:53:23 GMT
      server:
      - Windows-Azure-Blob/1.0 Microsoft-HTTPAPI/2.0
      x-ms-blob-type:
      - BlockBlob
      x-ms-creation-time:
      - Thu, 18 Jun 2020 15:53:23 GMT
      x-ms-lease-state:
      - available
      x-ms-lease-status:
      - unlocked
      x-ms-server-encrypted:
      - 'true'
      x-ms-version:
      - '2018-11-09'
    status:
      code: 200
      message: OK
- request:
    body: null
    headers:
      Connection:
      - keep-alive
      User-Agent:
      - Azure-Storage/2.0.0-2.0.1 (Python CPython 3.7.4; Windows 10) AZURECLI/2.7.0
      x-ms-date:
      - Thu, 18 Jun 2020 15:53:27 GMT
      x-ms-version:
      - '2018-11-09'
    method: HEAD
    uri: https://clitest000002.blob.core.windows.net/cont000004/blob000003
  response:
    body:
      string: ''
    headers:
      accept-ranges:
      - bytes
      content-length:
      - '4194304'
      content-md5:
      - tc+p1sj+vWGPkawoQ9UKHA==
      content-type:
      - application/octet-stream
      date:
      - Thu, 18 Jun 2020 15:53:28 GMT
      etag:
      - '"0x8D8139FBB073A05"'
      last-modified:
      - Thu, 18 Jun 2020 15:53:23 GMT
      server:
      - Windows-Azure-Blob/1.0 Microsoft-HTTPAPI/2.0
      x-ms-blob-type:
      - BlockBlob
      x-ms-creation-time:
      - Thu, 18 Jun 2020 15:53:23 GMT
      x-ms-lease-state:
      - available
      x-ms-lease-status:
      - unlocked
      x-ms-server-encrypted:
      - 'true'
      x-ms-version:
      - '2018-11-09'
    status:
      code: 200
      message: OK
- request:
    body: null
    headers:
      Connection:
      - keep-alive
      Content-Length:
      - '0'
      User-Agent:
      - Azure-Storage/2.0.0-2.0.1 (Python CPython 3.7.4; Windows 10) AZURECLI/2.7.0
      x-ms-blob-content-md5:
      - tc+p1sj+vWGPkawoQ9UKHA==
      x-ms-blob-content-type:
      - application/test-content
      x-ms-date:
      - Thu, 18 Jun 2020 15:53:29 GMT
      x-ms-version:
      - '2018-11-09'
    method: PUT
    uri: https://clitest000002.blob.core.windows.net/cont000004/blob000003?comp=properties
  response:
    body:
      string: ''
    headers:
      content-length:
      - '0'
      date:
      - Thu, 18 Jun 2020 15:53:29 GMT
      etag:
      - '"0x8D8139FBF25B11E"'
      last-modified:
      - Thu, 18 Jun 2020 15:53:30 GMT
      server:
      - Windows-Azure-Blob/1.0 Microsoft-HTTPAPI/2.0
      x-ms-version:
      - '2018-11-09'
    status:
      code: 200
      message: OK
- request:
    body: null
    headers:
      Connection:
      - keep-alive
      User-Agent:
      - Azure-Storage/2.0.0-2.0.1 (Python CPython 3.7.4; Windows 10) AZURECLI/2.7.0
      x-ms-date:
      - Thu, 18 Jun 2020 15:53:30 GMT
      x-ms-version:
      - '2018-11-09'
    method: HEAD
    uri: https://clitest000002.blob.core.windows.net/cont000004/blob000003
  response:
    body:
      string: ''
    headers:
      accept-ranges:
      - bytes
      content-length:
      - '4194304'
      content-md5:
      - tc+p1sj+vWGPkawoQ9UKHA==
      content-type:
      - application/test-content
      date:
      - Thu, 18 Jun 2020 15:53:31 GMT
      etag:
      - '"0x8D8139FBF25B11E"'
      last-modified:
      - Thu, 18 Jun 2020 15:53:30 GMT
      server:
      - Windows-Azure-Blob/1.0 Microsoft-HTTPAPI/2.0
      x-ms-blob-type:
      - BlockBlob
      x-ms-creation-time:
      - Thu, 18 Jun 2020 15:53:23 GMT
      x-ms-lease-state:
      - available
      x-ms-lease-status:
      - unlocked
      x-ms-server-encrypted:
      - 'true'
      x-ms-version:
      - '2018-11-09'
    status:
      code: 200
      message: OK
- request:
    body: null
    headers:
      Connection:
      - keep-alive
      User-Agent:
      - Azure-Storage/2.0.0-2.0.1 (Python CPython 3.7.4; Windows 10) AZURECLI/2.7.0
      x-ms-date:
      - Thu, 18 Jun 2020 15:53:31 GMT
      x-ms-version:
      - '2018-11-09'
    method: HEAD
    uri: https://clitest000002.blob.core.windows.net/cont000004/blob000003
  response:
    body:
      string: ''
    headers:
      accept-ranges:
      - bytes
      content-length:
      - '4194304'
      content-md5:
      - tc+p1sj+vWGPkawoQ9UKHA==
      content-type:
      - application/test-content
      date:
      - Thu, 18 Jun 2020 15:53:32 GMT
      etag:
      - '"0x8D8139FBF25B11E"'
      last-modified:
      - Thu, 18 Jun 2020 15:53:30 GMT
      server:
      - Windows-Azure-Blob/1.0 Microsoft-HTTPAPI/2.0
      x-ms-blob-type:
      - BlockBlob
      x-ms-creation-time:
      - Thu, 18 Jun 2020 15:53:23 GMT
      x-ms-lease-state:
      - available
      x-ms-lease-status:
      - unlocked
      x-ms-server-encrypted:
      - 'true'
      x-ms-version:
      - '2018-11-09'
    status:
      code: 200
      message: OK
- request:
    body: null
    headers:
      Connection:
      - keep-alive
      Content-Length:
      - '0'
      User-Agent:
      - Azure-Storage/2.0.0-2.0.1 (Python CPython 3.7.4; Windows 10) AZURECLI/2.7.0
      x-ms-blob-content-md5:
      - tc+p1sj+vWGPkawoQ9UKHA==
      x-ms-blob-content-type:
      - ''
      x-ms-date:
      - Thu, 18 Jun 2020 15:53:32 GMT
      x-ms-version:
      - '2018-11-09'
    method: PUT
    uri: https://clitest000002.blob.core.windows.net/cont000004/blob000003?comp=properties
  response:
    body:
      string: ''
    headers:
      content-length:
      - '0'
      date:
      - Thu, 18 Jun 2020 15:53:33 GMT
      etag:
      - '"0x8D8139FC17895BE"'
      last-modified:
      - Thu, 18 Jun 2020 15:53:33 GMT
      server:
      - Windows-Azure-Blob/1.0 Microsoft-HTTPAPI/2.0
      x-ms-version:
      - '2018-11-09'
    status:
      code: 200
      message: OK
- request:
    body: null
    headers:
      Connection:
      - keep-alive
      User-Agent:
      - Azure-Storage/2.0.0-2.0.1 (Python CPython 3.7.4; Windows 10) AZURECLI/2.7.0
      x-ms-date:
      - Thu, 18 Jun 2020 15:53:34 GMT
      x-ms-version:
      - '2018-11-09'
    method: HEAD
    uri: https://clitest000002.blob.core.windows.net/cont000004/blob000003
  response:
    body:
      string: ''
    headers:
      accept-ranges:
      - bytes
      content-length:
      - '4194304'
      content-md5:
      - tc+p1sj+vWGPkawoQ9UKHA==
      date:
      - Thu, 18 Jun 2020 15:53:35 GMT
      etag:
      - '"0x8D8139FC17895BE"'
      last-modified:
      - Thu, 18 Jun 2020 15:53:33 GMT
      server:
      - Windows-Azure-Blob/1.0 Microsoft-HTTPAPI/2.0
      x-ms-blob-type:
      - BlockBlob
      x-ms-creation-time:
      - Thu, 18 Jun 2020 15:53:23 GMT
      x-ms-lease-state:
      - available
      x-ms-lease-status:
      - unlocked
      x-ms-server-encrypted:
      - 'true'
      x-ms-version:
      - '2018-11-09'
    status:
      code: 200
      message: OK
- request:
    body: null
    headers:
      Connection:
      - keep-alive
      User-Agent:
      - Azure-Storage/2.0.0-2.0.1 (Python CPython 3.7.4; Windows 10) AZURECLI/2.7.0
      x-ms-date:
      - Thu, 18 Jun 2020 15:53:35 GMT
      x-ms-version:
      - '2018-11-09'
    method: GET
    uri: https://clitest000002.blob.core.windows.net/?restype=service&comp=properties
  response:
    body:
      string: "\uFEFF<?xml version=\"1.0\" encoding=\"utf-8\"?><StorageServiceProperties><Logging><Version>1.0</Version><Read>false</Read><Write>false</Write><Delete>false</Delete><RetentionPolicy><Enabled>false</Enabled></RetentionPolicy></Logging><HourMetrics><Version>1.0</Version><Enabled>true</Enabled><IncludeAPIs>true</IncludeAPIs><RetentionPolicy><Enabled>true</Enabled><Days>7</Days></RetentionPolicy></HourMetrics><MinuteMetrics><Version>1.0</Version><Enabled>false</Enabled><RetentionPolicy><Enabled>false</Enabled></RetentionPolicy></MinuteMetrics><Cors
        /><DeleteRetentionPolicy><Enabled>false</Enabled></DeleteRetentionPolicy></StorageServiceProperties>"
    headers:
      content-type:
      - application/xml
      date:
      - Thu, 18 Jun 2020 15:53:35 GMT
      server:
      - Windows-Azure-Blob/1.0 Microsoft-HTTPAPI/2.0
      transfer-encoding:
      - chunked
      x-ms-version:
      - '2018-11-09'
    status:
      code: 200
      message: OK
- request:
    body: null
    headers:
      Connection:
      - keep-alive
      User-Agent:
      - Azure-Storage/2.0.0-2.0.1 (Python CPython 3.7.4; Windows 10) AZURECLI/2.7.0
      x-ms-date:
      - Thu, 18 Jun 2020 15:53:37 GMT
      x-ms-range:
      - bytes=0-33554431
      x-ms-version:
      - '2018-11-09'
    method: GET
    uri: https://clitest000002.blob.core.windows.net/cont000004/blob000003
  response:
    body:
      string: '!!! The response body has been omitted from the recording because it
        is larger than 128 KB. It will be replaced with blank content of 4194304 bytes
        while replay. <CTRL-REPLACE>4194304'
    headers:
      accept-ranges:
      - bytes
      content-length:
      - '4194304'
      content-range:
      - bytes 0-4194303/4194304
      date:
      - Thu, 18 Jun 2020 15:53:37 GMT
      etag:
      - '"0x8D8139FC17895BE"'
      last-modified:
      - Thu, 18 Jun 2020 15:53:33 GMT
      server:
      - Windows-Azure-Blob/1.0 Microsoft-HTTPAPI/2.0
      x-ms-blob-content-md5:
      - tc+p1sj+vWGPkawoQ9UKHA==
      x-ms-blob-type:
      - BlockBlob
      x-ms-creation-time:
      - Thu, 18 Jun 2020 15:53:23 GMT
      x-ms-lease-state:
      - available
      x-ms-lease-status:
      - unlocked
      x-ms-server-encrypted:
      - 'true'
      x-ms-version:
      - '2018-11-09'
    status:
      code: 206
      message: Partial Content
- request:
    body: null
    headers:
      Connection:
      - keep-alive
      User-Agent:
      - Azure-Storage/2.0.0-2.0.1 (Python CPython 3.7.4; Windows 10) AZURECLI/2.7.0
      x-ms-date:
      - Thu, 18 Jun 2020 15:53:43 GMT
      x-ms-range:
      - bytes=10-499
      x-ms-version:
      - '2018-11-09'
    method: GET
    uri: https://clitest000002.blob.core.windows.net/cont000004/blob000003
  response:
    body:
      string: "\0\0\0\0\0\0\0\0\0\0\0\0\0\0\0\0\0\0\0\0\0\0\0\0\0\0\0\0\0\0\0\0\0\0\0\0\0\0\0\0\0\0\0\0\0\0\0\0\0\0\0\0\0\0\0\0\0\0\0\0\0\0\0\0\0\0\0\0\0\0\0\0\0\0\0\0\0\0\0\0\0\0\0\0\0\0\0\0\0\0\0\0\0\0\0\0\0\0\0\0\0\0\0\0\0\0\0\0\0\0\0\0\0\0\0\0\0\0\0\0\0\0\0\0\0\0\0\0\0\0\0\0\0\0\0\0\0\0\0\0\0\0\0\0\0\0\0\0\0\0\0\0\0\0\0\0\0\0\0\0\0\0\0\0\0\0\0\0\0\0\0\0\0\0\0\0\0\0\0\0\0\0\0\0\0\0\0\0\0\0\0\0\0\0\0\0\0\0\0\0\0\0\0\0\0\0\0\0\0\0\0\0\0\0\0\0\0\0\0\0\0\0\0\0\0\0\0\0\0\0\0\0\0\0\0\0\0\0\0\0\0\0\0\0\0\0\0\0\0\0\0\0\0\0\0\0\0\0\0\0\0\0\0\0\0\0\0\0\0\0\0\0\0\0\0\0\0\0\0\0\0\0\0\0\0\0\0\0\0\0\0\0\0\0\0\0\0\0\0\0\0\0\0\0\0\0\0\0\0\0\0\0\0\0\0\0\0\0\0\0\0\0\0\0\0\0\0\0\0\0\0\0\0\0\0\0\0\0\0\0\0\0\0\0\0\0\0\0\0\0\0\0\0\0\0\0\0\0\0\0\0\0\0\0\0\0\0\0\0\0\0\0\0\0\0\0\0\0\0\0\0\0\0\0\0\0\0\0\0\0\0\0\0\0\0\0\0\0\0\0\0\0\0\0\0\0\0\0\0\0\0\0\0\0\0\0\0\0\0\0\0\0\0\0\0\0\0\0\0\0\0\0\0\0\0\0\0\0\0\0\0\0\0\0\0\0\0\0\0\0\0\0\0\0\0\0\0\0\0\0\0\0\0\0\0\0\0\0\0\0\0\0\0\0\0\0\0\0\0\0\0\0\0\0\0\0\0\0\0\0"
    headers:
      accept-ranges:
      - bytes
      content-length:
      - '490'
      content-range:
      - bytes 10-499/4194304
      date:
      - Thu, 18 Jun 2020 15:53:44 GMT
      etag:
      - '"0x8D8139FC17895BE"'
      last-modified:
      - Thu, 18 Jun 2020 15:53:33 GMT
      server:
      - Windows-Azure-Blob/1.0 Microsoft-HTTPAPI/2.0
      x-ms-blob-content-md5:
      - tc+p1sj+vWGPkawoQ9UKHA==
      x-ms-blob-type:
      - BlockBlob
      x-ms-creation-time:
      - Thu, 18 Jun 2020 15:53:23 GMT
      x-ms-lease-state:
      - available
      x-ms-lease-status:
      - unlocked
      x-ms-server-encrypted:
      - 'true'
      x-ms-version:
      - '2018-11-09'
    status:
      code: 206
      message: Partial Content
- request:
    body: null
    headers:
      Accept:
      - application/json
      Accept-Encoding:
      - gzip, deflate
      CommandName:
      - storage account keys list
      Connection:
      - keep-alive
      Content-Length:
      - '0'
      ParameterSetName:
      - -n -g --query -o
      User-Agent:
      - python/3.7.4 (Windows-10-10.0.18362-SP0) msrest/0.6.10 msrest_azure/0.6.3
        azure-mgmt-storage/9.0.0 Azure-SDK-For-Python AZURECLI/2.7.0
      accept-language:
      - en-US
    method: POST
    uri: https://management.azure.com/subscriptions/00000000-0000-0000-0000-000000000000/resourceGroups/clitest.rg000001/providers/Microsoft.Storage/storageAccounts/clitest000002/listKeys?api-version=2019-06-01
  response:
    body:
      string: '{"keys":[{"keyName":"key1","value":"veryFakedStorageAccountKey==","permissions":"FULL"},{"keyName":"key2","value":"veryFakedStorageAccountKey==","permissions":"FULL"}]}'
    headers:
      cache-control:
      - no-cache
      content-length:
      - '288'
      content-type:
      - application/json
      date:
      - Thu, 18 Jun 2020 15:53:46 GMT
      expires:
      - '-1'
      pragma:
      - no-cache
      server:
      - Microsoft-Azure-Storage-Resource-Provider/1.0,Microsoft-HTTPAPI/2.0 Microsoft-HTTPAPI/2.0
      strict-transport-security:
      - max-age=31536000; includeSubDomains
      transfer-encoding:
      - chunked
      vary:
      - Accept-Encoding
      x-content-type-options:
      - nosniff
      x-ms-ratelimit-remaining-subscription-resource-requests:
      - '11998'
    status:
      code: 200
      message: OK
- request:
    body: null
    headers:
      Connection:
      - keep-alive
      Content-Length:
      - '0'
      User-Agent:
      - Azure-Storage/2.0.0-2.0.1 (Python CPython 3.7.4; Windows 10) AZURECLI/2.7.0
      x-ms-date:
      - Thu, 18 Jun 2020 15:53:46 GMT
      x-ms-version:
      - '2018-11-09'
    method: PUT
    uri: https://clitest000002.blob.core.windows.net/cont000006?restype=container
  response:
    body:
      string: ''
    headers:
      content-length:
      - '0'
      date:
      - Thu, 18 Jun 2020 15:53:47 GMT
      etag:
      - '"0x8D8139FC9844705"'
      last-modified:
      - Thu, 18 Jun 2020 15:53:47 GMT
      server:
      - Windows-Azure-Blob/1.0 Microsoft-HTTPAPI/2.0
      x-ms-version:
      - '2018-11-09'
    status:
      code: 201
      message: Created
- request:
    body: null
    headers:
      Connection:
      - keep-alive
      User-Agent:
      - Azure-Storage/2.0.0-2.0.1 (Python CPython 3.7.4; Windows 10) AZURECLI/2.7.0
      x-ms-date:
      - Thu, 18 Jun 2020 15:53:47 GMT
      x-ms-version:
      - '2018-11-09'
    method: HEAD
    uri: https://clitest000002.blob.core.windows.net/cont000006/blob000005
  response:
    body:
      string: ''
    headers:
      date:
      - Thu, 18 Jun 2020 15:53:48 GMT
      server:
      - Windows-Azure-Blob/1.0 Microsoft-HTTPAPI/2.0
      transfer-encoding:
      - chunked
      x-ms-error-code:
      - BlobNotFound
      x-ms-version:
      - '2018-11-09'
    status:
      code: 404
      message: The specified blob does not exist.
- request:
    body: '!!! The request body has been omitted from the recording because its size
      4194304 is larger than 128KB. !!!'
    headers:
      Connection:
      - keep-alive
      Content-Length:
      - '4194304'
      User-Agent:
      - Azure-Storage/2.0.0-2.0.1 (Python CPython 3.7.4; Windows 10) AZURECLI/2.7.0
      x-ms-blob-type:
      - BlockBlob
      x-ms-date:
      - Thu, 18 Jun 2020 15:53:49 GMT
      x-ms-version:
      - '2018-11-09'
    method: PUT
    uri: https://clitest000002.blob.core.windows.net/cont000006/blob000005
  response:
    body:
      string: ''
    headers:
      content-length:
      - '0'
      content-md5:
      - tc+p1sj+vWGPkawoQ9UKHA==
      date:
      - Thu, 18 Jun 2020 15:53:52 GMT
      etag:
      - '"0x8D8139FCD08B1AC"'
      last-modified:
      - Thu, 18 Jun 2020 15:53:53 GMT
      server:
      - Windows-Azure-Blob/1.0 Microsoft-HTTPAPI/2.0
      x-ms-request-server-encrypted:
      - 'true'
      x-ms-version:
      - '2018-11-09'
    status:
      code: 201
      message: Created
- request:
    body: null
    headers:
      Connection:
      - keep-alive
      User-Agent:
      - Azure-Storage/2.0.0-2.0.1 (Python CPython 3.7.4; Windows 10) AZURECLI/2.7.0
      x-ms-date:
      - Thu, 18 Jun 2020 15:53:53 GMT
      x-ms-version:
      - '2018-11-09'
    method: HEAD
    uri: https://clitest000002.blob.core.windows.net/cont000006/blob000005
  response:
    body:
      string: ''
    headers:
      accept-ranges:
      - bytes
      content-length:
      - '4194304'
      content-md5:
      - tc+p1sj+vWGPkawoQ9UKHA==
      content-type:
      - application/octet-stream
      date:
      - Thu, 18 Jun 2020 15:53:54 GMT
      etag:
      - '"0x8D8139FCD08B1AC"'
      last-modified:
      - Thu, 18 Jun 2020 15:53:53 GMT
      server:
      - Windows-Azure-Blob/1.0 Microsoft-HTTPAPI/2.0
      x-ms-blob-type:
      - BlockBlob
      x-ms-creation-time:
      - Thu, 18 Jun 2020 15:53:53 GMT
      x-ms-lease-state:
      - available
      x-ms-lease-status:
      - unlocked
      x-ms-server-encrypted:
      - 'true'
      x-ms-version:
      - '2018-11-09'
    status:
      code: 200
      message: OK
- request:
    body: null
    headers:
      Connection:
      - keep-alive
      User-Agent:
      - Azure-Storage/2.0.0-2.0.1 (Python CPython 3.7.4; Windows 10) AZURECLI/2.7.0
      x-ms-date:
      - Thu, 18 Jun 2020 15:53:55 GMT
      x-ms-version:
      - '2018-11-09'
    method: GET
    uri: https://clitest000002.blob.core.windows.net/cont000006?restype=container&comp=list&maxresults=1
  response:
    body:
      string: "\uFEFF<?xml version=\"1.0\" encoding=\"utf-8\"?><EnumerationResults
        ServiceEndpoint=\"https://clitest000002.blob.core.windows.net/\" ContainerName=\"cont000006\"><MaxResults>1</MaxResults><Blobs><Blob><Name>blob000005</Name><Properties><Creation-Time>Thu,
        18 Jun 2020 15:53:53 GMT</Creation-Time><Last-Modified>Thu, 18 Jun 2020 15:53:53
        GMT</Last-Modified><Etag>0x8D8139FCD08B1AC</Etag><Content-Length>4194304</Content-Length><Content-Type>application/octet-stream</Content-Type><Content-Encoding
        /><Content-Language /><Content-MD5>tc+p1sj+vWGPkawoQ9UKHA==</Content-MD5><Cache-Control
        /><Content-Disposition /><BlobType>BlockBlob</BlobType><LeaseStatus>unlocked</LeaseStatus><LeaseState>available</LeaseState><ServerEncrypted>true</ServerEncrypted></Properties></Blob></Blobs><NextMarker
        /></EnumerationResults>"
    headers:
      content-type:
      - application/xml
      date:
      - Thu, 18 Jun 2020 15:53:56 GMT
      server:
      - Windows-Azure-Blob/1.0 Microsoft-HTTPAPI/2.0
      transfer-encoding:
      - chunked
      x-ms-version:
      - '2018-11-09'
    status:
      code: 200
      message: OK
- request:
    body: null
    headers:
      Connection:
      - keep-alive
      User-Agent:
      - Azure-Storage/2.0.0-2.0.1 (Python CPython 3.7.4; Windows 10) AZURECLI/2.7.0
      x-ms-date:
      - Thu, 18 Jun 2020 15:53:56 GMT
      x-ms-version:
      - '2018-11-09'
    method: HEAD
    uri: https://clitest000002.blob.core.windows.net/cont000006/blob000005
  response:
    body:
      string: ''
    headers:
      accept-ranges:
      - bytes
      content-length:
      - '4194304'
      content-md5:
      - tc+p1sj+vWGPkawoQ9UKHA==
      content-type:
      - application/octet-stream
      date:
      - Thu, 18 Jun 2020 15:53:57 GMT
      etag:
      - '"0x8D8139FCD08B1AC"'
      last-modified:
      - Thu, 18 Jun 2020 15:53:53 GMT
      server:
      - Windows-Azure-Blob/1.0 Microsoft-HTTPAPI/2.0
      x-ms-blob-type:
      - BlockBlob
      x-ms-creation-time:
      - Thu, 18 Jun 2020 15:53:53 GMT
      x-ms-lease-state:
      - available
      x-ms-lease-status:
      - unlocked
      x-ms-server-encrypted:
      - 'true'
      x-ms-version:
      - '2018-11-09'
    status:
      code: 200
      message: OK
- request:
    body: null
    headers:
      Connection:
      - keep-alive
      User-Agent:
      - Azure-Storage/2.0.0-2.0.1 (Python CPython 3.7.4; Windows 10) AZURECLI/2.7.0
      x-ms-date:
      - Thu, 18 Jun 2020 15:53:58 GMT
      x-ms-version:
      - '2018-11-09'
    method: HEAD
    uri: https://clitest000002.blob.core.windows.net/cont000006/blob000005
  response:
    body:
      string: ''
    headers:
      accept-ranges:
      - bytes
      content-length:
      - '4194304'
      content-md5:
      - tc+p1sj+vWGPkawoQ9UKHA==
      content-type:
      - application/octet-stream
      date:
      - Thu, 18 Jun 2020 15:53:58 GMT
      etag:
      - '"0x8D8139FCD08B1AC"'
      last-modified:
      - Thu, 18 Jun 2020 15:53:53 GMT
      server:
      - Windows-Azure-Blob/1.0 Microsoft-HTTPAPI/2.0
      x-ms-blob-type:
      - BlockBlob
      x-ms-creation-time:
      - Thu, 18 Jun 2020 15:53:53 GMT
      x-ms-lease-state:
      - available
      x-ms-lease-status:
      - unlocked
      x-ms-server-encrypted:
      - 'true'
      x-ms-version:
      - '2018-11-09'
    status:
      code: 200
      message: OK
- request:
    body: null
    headers:
      Connection:
      - keep-alive
      Content-Length:
      - '0'
      User-Agent:
      - Azure-Storage/2.0.0-2.0.1 (Python CPython 3.7.4; Windows 10) AZURECLI/2.7.0
      x-ms-blob-content-md5:
      - tc+p1sj+vWGPkawoQ9UKHA==
      x-ms-blob-content-type:
      - application/test-content
      x-ms-date:
      - Thu, 18 Jun 2020 15:53:59 GMT
      x-ms-version:
      - '2018-11-09'
    method: PUT
    uri: https://clitest000002.blob.core.windows.net/cont000006/blob000005?comp=properties
  response:
    body:
      string: ''
    headers:
      content-length:
      - '0'
      date:
      - Thu, 18 Jun 2020 15:54:00 GMT
      etag:
      - '"0x8D8139FD16F8DE9"'
      last-modified:
      - Thu, 18 Jun 2020 15:54:00 GMT
      server:
      - Windows-Azure-Blob/1.0 Microsoft-HTTPAPI/2.0
      x-ms-version:
      - '2018-11-09'
    status:
      code: 200
      message: OK
- request:
    body: null
    headers:
      Connection:
      - keep-alive
      User-Agent:
      - Azure-Storage/2.0.0-2.0.1 (Python CPython 3.7.4; Windows 10) AZURECLI/2.7.0
      x-ms-date:
      - Thu, 18 Jun 2020 15:54:01 GMT
      x-ms-version:
      - '2018-11-09'
    method: HEAD
    uri: https://clitest000002.blob.core.windows.net/cont000006/blob000005
  response:
    body:
      string: ''
    headers:
      accept-ranges:
      - bytes
      content-length:
      - '4194304'
      content-md5:
      - tc+p1sj+vWGPkawoQ9UKHA==
      content-type:
      - application/test-content
      date:
      - Thu, 18 Jun 2020 15:54:02 GMT
      etag:
      - '"0x8D8139FD16F8DE9"'
      last-modified:
      - Thu, 18 Jun 2020 15:54:00 GMT
      server:
      - Windows-Azure-Blob/1.0 Microsoft-HTTPAPI/2.0
      x-ms-blob-type:
      - BlockBlob
      x-ms-creation-time:
      - Thu, 18 Jun 2020 15:53:53 GMT
      x-ms-lease-state:
      - available
      x-ms-lease-status:
      - unlocked
      x-ms-server-encrypted:
      - 'true'
      x-ms-version:
      - '2018-11-09'
    status:
      code: 200
      message: OK
- request:
    body: null
    headers:
      Connection:
      - keep-alive
      User-Agent:
      - Azure-Storage/2.0.0-2.0.1 (Python CPython 3.7.4; Windows 10) AZURECLI/2.7.0
      x-ms-date:
      - Thu, 18 Jun 2020 15:54:02 GMT
      x-ms-version:
      - '2018-11-09'
    method: HEAD
    uri: https://clitest000002.blob.core.windows.net/cont000006/blob000005
  response:
    body:
      string: ''
    headers:
      accept-ranges:
      - bytes
      content-length:
      - '4194304'
      content-md5:
      - tc+p1sj+vWGPkawoQ9UKHA==
      content-type:
      - application/test-content
      date:
      - Thu, 18 Jun 2020 15:54:03 GMT
      etag:
      - '"0x8D8139FD16F8DE9"'
      last-modified:
      - Thu, 18 Jun 2020 15:54:00 GMT
      server:
      - Windows-Azure-Blob/1.0 Microsoft-HTTPAPI/2.0
      x-ms-blob-type:
      - BlockBlob
      x-ms-creation-time:
      - Thu, 18 Jun 2020 15:53:53 GMT
      x-ms-lease-state:
      - available
      x-ms-lease-status:
      - unlocked
      x-ms-server-encrypted:
      - 'true'
      x-ms-version:
      - '2018-11-09'
    status:
      code: 200
      message: OK
- request:
    body: null
    headers:
      Connection:
      - keep-alive
      Content-Length:
      - '0'
      User-Agent:
      - Azure-Storage/2.0.0-2.0.1 (Python CPython 3.7.4; Windows 10) AZURECLI/2.7.0
      x-ms-blob-content-md5:
      - tc+p1sj+vWGPkawoQ9UKHA==
      x-ms-blob-content-type:
      - ''
      x-ms-date:
      - Thu, 18 Jun 2020 15:54:03 GMT
      x-ms-version:
      - '2018-11-09'
    method: PUT
    uri: https://clitest000002.blob.core.windows.net/cont000006/blob000005?comp=properties
  response:
    body:
      string: ''
    headers:
      content-length:
      - '0'
      date:
      - Thu, 18 Jun 2020 15:54:04 GMT
      etag:
      - '"0x8D8139FD3E3703C"'
      last-modified:
      - Thu, 18 Jun 2020 15:54:04 GMT
      server:
      - Windows-Azure-Blob/1.0 Microsoft-HTTPAPI/2.0
      x-ms-version:
      - '2018-11-09'
    status:
      code: 200
      message: OK
- request:
    body: null
    headers:
      Connection:
      - keep-alive
      User-Agent:
      - Azure-Storage/2.0.0-2.0.1 (Python CPython 3.7.4; Windows 10) AZURECLI/2.7.0
      x-ms-date:
      - Thu, 18 Jun 2020 15:54:05 GMT
      x-ms-version:
      - '2018-11-09'
    method: HEAD
    uri: https://clitest000002.blob.core.windows.net/cont000006/blob000005
  response:
    body:
      string: ''
    headers:
      accept-ranges:
      - bytes
      content-length:
      - '4194304'
      content-md5:
      - tc+p1sj+vWGPkawoQ9UKHA==
      date:
      - Thu, 18 Jun 2020 15:54:06 GMT
      etag:
      - '"0x8D8139FD3E3703C"'
      last-modified:
      - Thu, 18 Jun 2020 15:54:04 GMT
      server:
      - Windows-Azure-Blob/1.0 Microsoft-HTTPAPI/2.0
      x-ms-blob-type:
      - BlockBlob
      x-ms-creation-time:
      - Thu, 18 Jun 2020 15:53:53 GMT
      x-ms-lease-state:
      - available
      x-ms-lease-status:
      - unlocked
      x-ms-server-encrypted:
      - 'true'
      x-ms-version:
      - '2018-11-09'
    status:
      code: 200
      message: OK
- request:
    body: null
    headers:
      Connection:
      - keep-alive
      User-Agent:
      - Azure-Storage/2.0.0-2.0.1 (Python CPython 3.7.4; Windows 10) AZURECLI/2.7.0
      x-ms-date:
      - Thu, 18 Jun 2020 15:54:06 GMT
      x-ms-version:
      - '2018-11-09'
    method: GET
    uri: https://clitest000002.blob.core.windows.net/?restype=service&comp=properties
  response:
    body:
      string: "\uFEFF<?xml version=\"1.0\" encoding=\"utf-8\"?><StorageServiceProperties><Logging><Version>1.0</Version><Read>false</Read><Write>false</Write><Delete>false</Delete><RetentionPolicy><Enabled>false</Enabled></RetentionPolicy></Logging><HourMetrics><Version>1.0</Version><Enabled>true</Enabled><IncludeAPIs>true</IncludeAPIs><RetentionPolicy><Enabled>true</Enabled><Days>7</Days></RetentionPolicy></HourMetrics><MinuteMetrics><Version>1.0</Version><Enabled>false</Enabled><RetentionPolicy><Enabled>false</Enabled></RetentionPolicy></MinuteMetrics><Cors
        /><DeleteRetentionPolicy><Enabled>false</Enabled></DeleteRetentionPolicy></StorageServiceProperties>"
    headers:
      content-type:
      - application/xml
      date:
      - Thu, 18 Jun 2020 15:54:07 GMT
      server:
      - Windows-Azure-Blob/1.0 Microsoft-HTTPAPI/2.0
      transfer-encoding:
      - chunked
      x-ms-version:
      - '2018-11-09'
    status:
      code: 200
      message: OK
- request:
    body: null
    headers:
      Connection:
      - keep-alive
      User-Agent:
      - Azure-Storage/2.0.0-2.0.1 (Python CPython 3.7.4; Windows 10) AZURECLI/2.7.0
      x-ms-date:
      - Thu, 18 Jun 2020 15:54:08 GMT
      x-ms-range:
      - bytes=0-33554431
      x-ms-version:
      - '2018-11-09'
    method: GET
    uri: https://clitest000002.blob.core.windows.net/cont000006/blob000005
  response:
    body:
      string: '!!! The response body has been omitted from the recording because it
        is larger than 128 KB. It will be replaced with blank content of 4194304 bytes
        while replay. <CTRL-REPLACE>4194304'
    headers:
      accept-ranges:
      - bytes
      content-length:
      - '4194304'
      content-range:
      - bytes 0-4194303/4194304
      date:
      - Thu, 18 Jun 2020 15:54:09 GMT
      etag:
      - '"0x8D8139FD3E3703C"'
      last-modified:
      - Thu, 18 Jun 2020 15:54:04 GMT
      server:
      - Windows-Azure-Blob/1.0 Microsoft-HTTPAPI/2.0
      x-ms-blob-content-md5:
      - tc+p1sj+vWGPkawoQ9UKHA==
      x-ms-blob-type:
      - BlockBlob
      x-ms-creation-time:
      - Thu, 18 Jun 2020 15:53:53 GMT
      x-ms-lease-state:
      - available
      x-ms-lease-status:
      - unlocked
      x-ms-server-encrypted:
      - 'true'
      x-ms-version:
      - '2018-11-09'
    status:
      code: 206
      message: Partial Content
- request:
    body: null
    headers:
      Connection:
      - keep-alive
      User-Agent:
      - Azure-Storage/2.0.0-2.0.1 (Python CPython 3.7.4; Windows 10) AZURECLI/2.7.0
      x-ms-date:
      - Thu, 18 Jun 2020 15:54:14 GMT
      x-ms-range:
      - bytes=10-499
      x-ms-version:
      - '2018-11-09'
    method: GET
    uri: https://clitest000002.blob.core.windows.net/cont000006/blob000005
  response:
    body:
      string: "\0\0\0\0\0\0\0\0\0\0\0\0\0\0\0\0\0\0\0\0\0\0\0\0\0\0\0\0\0\0\0\0\0\0\0\0\0\0\0\0\0\0\0\0\0\0\0\0\0\0\0\0\0\0\0\0\0\0\0\0\0\0\0\0\0\0\0\0\0\0\0\0\0\0\0\0\0\0\0\0\0\0\0\0\0\0\0\0\0\0\0\0\0\0\0\0\0\0\0\0\0\0\0\0\0\0\0\0\0\0\0\0\0\0\0\0\0\0\0\0\0\0\0\0\0\0\0\0\0\0\0\0\0\0\0\0\0\0\0\0\0\0\0\0\0\0\0\0\0\0\0\0\0\0\0\0\0\0\0\0\0\0\0\0\0\0\0\0\0\0\0\0\0\0\0\0\0\0\0\0\0\0\0\0\0\0\0\0\0\0\0\0\0\0\0\0\0\0\0\0\0\0\0\0\0\0\0\0\0\0\0\0\0\0\0\0\0\0\0\0\0\0\0\0\0\0\0\0\0\0\0\0\0\0\0\0\0\0\0\0\0\0\0\0\0\0\0\0\0\0\0\0\0\0\0\0\0\0\0\0\0\0\0\0\0\0\0\0\0\0\0\0\0\0\0\0\0\0\0\0\0\0\0\0\0\0\0\0\0\0\0\0\0\0\0\0\0\0\0\0\0\0\0\0\0\0\0\0\0\0\0\0\0\0\0\0\0\0\0\0\0\0\0\0\0\0\0\0\0\0\0\0\0\0\0\0\0\0\0\0\0\0\0\0\0\0\0\0\0\0\0\0\0\0\0\0\0\0\0\0\0\0\0\0\0\0\0\0\0\0\0\0\0\0\0\0\0\0\0\0\0\0\0\0\0\0\0\0\0\0\0\0\0\0\0\0\0\0\0\0\0\0\0\0\0\0\0\0\0\0\0\0\0\0\0\0\0\0\0\0\0\0\0\0\0\0\0\0\0\0\0\0\0\0\0\0\0\0\0\0\0\0\0\0\0\0\0\0\0\0\0\0\0\0\0\0\0\0\0\0\0\0\0\0\0\0\0\0\0\0\0\0\0\0\0\0\0\0\0\0\0\0\0\0\0\0\0\0\0\0"
    headers:
      accept-ranges:
      - bytes
      content-length:
      - '490'
      content-range:
      - bytes 10-499/4194304
      date:
      - Thu, 18 Jun 2020 15:54:15 GMT
      etag:
      - '"0x8D8139FD3E3703C"'
      last-modified:
      - Thu, 18 Jun 2020 15:54:04 GMT
      server:
      - Windows-Azure-Blob/1.0 Microsoft-HTTPAPI/2.0
      x-ms-blob-content-md5:
      - tc+p1sj+vWGPkawoQ9UKHA==
      x-ms-blob-type:
      - BlockBlob
      x-ms-creation-time:
      - Thu, 18 Jun 2020 15:53:53 GMT
      x-ms-lease-state:
      - available
      x-ms-lease-status:
      - unlocked
      x-ms-server-encrypted:
      - 'true'
      x-ms-version:
      - '2018-11-09'
    status:
      code: 206
      message: Partial Content
version: 1
