interactions:
- request:
    body: null
    headers:
      Accept:
      - application/xml
      Accept-Encoding:
      - gzip, deflate
      CommandName:
      - storage queue create
      Connection:
      - keep-alive
      Content-Length:
      - '0'
      ParameterSetName:
      - -n --metadata --account-name --auth-mode
      User-Agent:
      - AZURECLI/2.34.1 azsdk-python-storage-queue/12.1.6 Python/3.8.7 (Windows-10-10.0.22000-SP0)
      x-ms-date:
      - Mon, 28 Mar 2022 07:21:19 GMT
      x-ms-meta:
      - '{''key1'': ''value1''}'
      x-ms-meta-key1:
      - value1
      x-ms-version:
      - '2018-03-28'
    method: PUT
    uri: https://storage000002.queue.core.windows.net/firstq000003
  response:
    body:
      string: ''
    headers:
      content-length:
      - '0'
      date:
      - Mon, 28 Mar 2022 07:21:20 GMT
      server:
      - Windows-Azure-Queue/1.0 Microsoft-HTTPAPI/2.0
      x-ms-version:
      - '2018-03-28'
    status:
      code: 201
      message: Created
- request:
    body: null
    headers:
      Accept:
      - application/xml
      Accept-Encoding:
      - gzip, deflate
      CommandName:
      - storage queue list
      Connection:
      - keep-alive
      ParameterSetName:
      - --account-name --auth-mode
      User-Agent:
      - AZURECLI/2.34.1 azsdk-python-storage-queue/12.1.6 Python/3.8.7 (Windows-10-10.0.22000-SP0)
      x-ms-date:
      - Mon, 28 Mar 2022 07:21:22 GMT
      x-ms-version:
      - '2018-03-28'
    method: GET
    uri: https://storage000002.queue.core.windows.net/?comp=list&maxresults=5000
  response:
    body:
      string: "\uFEFF<?xml version=\"1.0\" encoding=\"utf-8\"?><EnumerationResults
        ServiceEndpoint=\"https://storage000002.queue.core.windows.net/\"><MaxResults>5000</MaxResults><Queues><Queue><Name>firstq000003</Name></Queue></Queues><NextMarker
        /></EnumerationResults>"
    headers:
      cache-control:
      - no-cache
      content-type:
      - application/xml
      date:
      - Mon, 28 Mar 2022 07:21:23 GMT
      server:
      - Windows-Azure-Queue/1.0 Microsoft-HTTPAPI/2.0
      transfer-encoding:
      - chunked
      x-ms-version:
      - '2018-03-28'
    status:
      code: 200
      message: OK
- request:
    body: null
    headers:
      Accept:
      - application/xml
      Accept-Encoding:
      - gzip, deflate
      CommandName:
      - storage queue list
      Connection:
      - keep-alive
      ParameterSetName:
      - --include-metadata --account-name --auth-mode
      User-Agent:
      - AZURECLI/2.34.1 azsdk-python-storage-queue/12.1.6 Python/3.8.7 (Windows-10-10.0.22000-SP0)
      x-ms-date:
      - Mon, 28 Mar 2022 07:21:24 GMT
      x-ms-version:
      - '2018-03-28'
    method: GET
    uri: https://storage000002.queue.core.windows.net/?comp=list&maxresults=5000&include=metadata
  response:
    body:
      string: "\uFEFF<?xml version=\"1.0\" encoding=\"utf-8\"?><EnumerationResults
        ServiceEndpoint=\"https://storage000002.queue.core.windows.net/\"><MaxResults>5000</MaxResults><Queues><Queue><Name>firstq000003</Name><Metadata><key1>value1</key1></Metadata></Queue></Queues><NextMarker
        /></EnumerationResults>"
    headers:
      cache-control:
      - no-cache
      content-type:
      - application/xml
      date:
      - Mon, 28 Mar 2022 07:21:25 GMT
      server:
      - Windows-Azure-Queue/1.0 Microsoft-HTTPAPI/2.0
      transfer-encoding:
      - chunked
      x-ms-version:
      - '2018-03-28'
    status:
      code: 200
      message: OK
- request:
    body: null
    headers:
      Accept:
      - application/xml
      Accept-Encoding:
      - gzip, deflate
      CommandName:
      - storage queue create
      Connection:
      - keep-alive
      Content-Length:
      - '0'
      ParameterSetName:
      - -n --account-name --auth-mode
      User-Agent:
      - AZURECLI/2.34.1 azsdk-python-storage-queue/12.1.6 Python/3.8.7 (Windows-10-10.0.22000-SP0)
      x-ms-date:
      - Mon, 28 Mar 2022 07:21:26 GMT
      x-ms-version:
      - '2018-03-28'
    method: PUT
    uri: https://storage000002.queue.core.windows.net/secondq000004
  response:
    body:
      string: ''
    headers:
      content-length:
      - '0'
      date:
      - Mon, 28 Mar 2022 07:21:28 GMT
      server:
      - Windows-Azure-Queue/1.0 Microsoft-HTTPAPI/2.0
      x-ms-version:
      - '2018-03-28'
    status:
      code: 201
      message: Created
- request:
    body: null
    headers:
      Accept:
      - application/xml
      Accept-Encoding:
      - gzip, deflate
      CommandName:
      - storage queue list
      Connection:
      - keep-alive
      ParameterSetName:
      - --account-name --auth-mode
      User-Agent:
      - AZURECLI/2.34.1 azsdk-python-storage-queue/12.1.6 Python/3.8.7 (Windows-10-10.0.22000-SP0)
      x-ms-date:
      - Mon, 28 Mar 2022 07:21:28 GMT
      x-ms-version:
      - '2018-03-28'
    method: GET
    uri: https://storage000002.queue.core.windows.net/?comp=list&maxresults=5000
  response:
    body:
      string: "\uFEFF<?xml version=\"1.0\" encoding=\"utf-8\"?><EnumerationResults
        ServiceEndpoint=\"https://storage000002.queue.core.windows.net/\"><MaxResults>5000</MaxResults><Queues><Queue><Name>firstq000003</Name></Queue><Queue><Name>secondq000004</Name></Queue></Queues><NextMarker
        /></EnumerationResults>"
    headers:
      cache-control:
      - no-cache
      content-type:
      - application/xml
      date:
      - Mon, 28 Mar 2022 07:21:30 GMT
      server:
      - Windows-Azure-Queue/1.0 Microsoft-HTTPAPI/2.0
      transfer-encoding:
      - chunked
      x-ms-version:
      - '2018-03-28'
    status:
      code: 200
      message: OK
- request:
    body: null
    headers:
      Accept:
      - application/xml
      Accept-Encoding:
      - gzip, deflate
      CommandName:
      - storage queue list
      Connection:
      - keep-alive
      ParameterSetName:
      - --num-results --account-name --auth-mode
      User-Agent:
      - AZURECLI/2.34.1 azsdk-python-storage-queue/12.1.6 Python/3.8.7 (Windows-10-10.0.22000-SP0)
      x-ms-date:
      - Mon, 28 Mar 2022 07:21:31 GMT
      x-ms-version:
      - '2018-03-28'
    method: GET
    uri: https://storage000002.queue.core.windows.net/?comp=list&maxresults=1
  response:
    body:
      string: "\uFEFF<?xml version=\"1.0\" encoding=\"utf-8\"?><EnumerationResults
        ServiceEndpoint=\"https://storage000002.queue.core.windows.net/\"><MaxResults>1</MaxResults><Queues><Queue><Name>firstq000003</Name></Queue></Queues><NextMarker>/storage000002/secondq000004</NextMarker></EnumerationResults>"
    headers:
      cache-control:
      - no-cache
      content-type:
      - application/xml
      date:
      - Mon, 28 Mar 2022 07:21:31 GMT
      server:
      - Windows-Azure-Queue/1.0 Microsoft-HTTPAPI/2.0
      transfer-encoding:
      - chunked
      x-ms-version:
      - '2018-03-28'
    status:
      code: 200
      message: OK
- request:
    body: null
    headers:
      Accept:
      - application/xml
      Accept-Encoding:
      - gzip, deflate
      CommandName:
      - storage queue list
      Connection:
      - keep-alive
      ParameterSetName:
      - --num-results --show-next-marker --account-name --auth-mode
      User-Agent:
      - AZURECLI/2.34.1 azsdk-python-storage-queue/12.1.6 Python/3.8.7 (Windows-10-10.0.22000-SP0)
      x-ms-date:
      - Mon, 28 Mar 2022 07:21:32 GMT
      x-ms-version:
      - '2018-03-28'
    method: GET
    uri: https://storage000002.queue.core.windows.net/?comp=list&maxresults=1
  response:
    body:
      string: "\uFEFF<?xml version=\"1.0\" encoding=\"utf-8\"?><EnumerationResults
        ServiceEndpoint=\"https://storage000002.queue.core.windows.net/\"><MaxResults>1</MaxResults><Queues><Queue><Name>firstq000003</Name></Queue></Queues><NextMarker>/storage000002/secondq000004</NextMarker></EnumerationResults>"
    headers:
      cache-control:
      - no-cache
      content-type:
      - application/xml
      date:
      - Mon, 28 Mar 2022 07:21:34 GMT
      server:
      - Windows-Azure-Queue/1.0 Microsoft-HTTPAPI/2.0
      transfer-encoding:
      - chunked
      x-ms-version:
      - '2018-03-28'
    status:
      code: 200
      message: OK
- request:
    body: null
    headers:
      Accept:
      - application/xml
      Accept-Encoding:
      - gzip, deflate
      CommandName:
      - storage queue list
      Connection:
      - keep-alive
      ParameterSetName:
      - --marker --account-name --auth-mode
      User-Agent:
      - AZURECLI/2.34.1 azsdk-python-storage-queue/12.1.6 Python/3.8.7 (Windows-10-10.0.22000-SP0)
      x-ms-date:
      - Mon, 28 Mar 2022 07:21:34 GMT
      x-ms-version:
      - '2018-03-28'
    method: GET
    uri: https://storage000002.queue.core.windows.net/?comp=list&marker=%2Fstorage000002%2Fsecondq000004&maxresults=5000
  response:
    body:
      string: "\uFEFF<?xml version=\"1.0\" encoding=\"utf-8\"?><EnumerationResults
        ServiceEndpoint=\"https://storage000002.queue.core.windows.net/\"><Marker>/storage000002/secondq000004</Marker><MaxResults>5000</MaxResults><Queues><Queue><Name>secondq000004</Name></Queue></Queues><NextMarker
        /></EnumerationResults>"
    headers:
      cache-control:
      - no-cache
      content-type:
      - application/xml
      date:
      - Mon, 28 Mar 2022 07:21:35 GMT
      server:
      - Windows-Azure-Queue/1.0 Microsoft-HTTPAPI/2.0
      transfer-encoding:
      - chunked
      x-ms-version:
      - '2018-03-28'
    status:
      code: 200
      message: OK
- request:
    body: null
    headers:
      Accept:
      - application/xml
      Accept-Encoding:
      - gzip, deflate
      CommandName:
      - storage queue list
      Connection:
      - keep-alive
      ParameterSetName:
      - --prefix --account-name --auth-mode
      User-Agent:
      - AZURECLI/2.34.1 azsdk-python-storage-queue/12.1.6 Python/3.8.7 (Windows-10-10.0.22000-SP0)
      x-ms-date:
      - Mon, 28 Mar 2022 07:21:36 GMT
      x-ms-version:
      - '2018-03-28'
    method: GET
    uri: https://storage000002.queue.core.windows.net/?comp=list&prefix=second&maxresults=5000
  response:
    body:
      string: "\uFEFF<?xml version=\"1.0\" encoding=\"utf-8\"?><EnumerationResults
        ServiceEndpoint=\"https://storage000002.queue.core.windows.net/\"><Prefix>second</Prefix><MaxResults>5000</MaxResults><Queues><Queue><Name>secondq000004</Name></Queue></Queues><NextMarker
        /></EnumerationResults>"
    headers:
      cache-control:
      - no-cache
      content-type:
      - application/xml
      date:
      - Mon, 28 Mar 2022 07:21:38 GMT
      server:
      - Windows-Azure-Queue/1.0 Microsoft-HTTPAPI/2.0
      transfer-encoding:
      - chunked
      x-ms-version:
      - '2018-03-28'
    status:
      code: 200
      message: OK
version: 1
