interactions:
- request:
    body: null
    headers:
      Accept:
      - application/json
      Accept-Encoding:
      - gzip, deflate
      CommandName:
      - storage account keys list
      Connection:
      - keep-alive
      Content-Length:
      - '0'
      ParameterSetName:
      - -n -g --query -o
      User-Agent:
      - AZURECLI/2.39.0 azsdk-python-azure-mgmt-storage/20.1.0 Python/3.7.9 (Windows-10-10.0.22000-SP0)
    method: POST
    uri: https://management.azure.com/subscriptions/00000000-0000-0000-0000-000000000000/resourceGroups/clitest000001/providers/Microsoft.Storage/storageAccounts/share000002/listKeys?api-version=2022-05-01&$expand=kerb
  response:
    body:
      string: '{"keys":[{"creationTime":"2022-08-19T02:57:58.4646592Z","keyName":"key1","value":"veryFakedStorageAccountKey==","permissions":"FULL"},{"creationTime":"2022-08-19T02:57:58.4646592Z","keyName":"key2","value":"veryFakedStorageAccountKey==","permissions":"FULL"}]}'
    headers:
      cache-control:
      - no-cache
      content-length:
      - '260'
      content-type:
      - application/json
      date:
      - Fri, 19 Aug 2022 02:58:19 GMT
      expires:
      - '-1'
      pragma:
      - no-cache
      server:
      - Microsoft-Azure-Storage-Resource-Provider/1.0,Microsoft-HTTPAPI/2.0 Microsoft-HTTPAPI/2.0
      strict-transport-security:
      - max-age=31536000; includeSubDomains
      transfer-encoding:
      - chunked
      vary:
      - Accept-Encoding
      x-content-type-options:
      - nosniff
      x-ms-ratelimit-remaining-subscription-resource-requests:
      - '11999'
    status:
      code: 200
      message: OK
- request:
    body: null
    headers:
      Accept:
      - application/json
      Accept-Encoding:
      - gzip, deflate
      CommandName:
      - storage account show-connection-string
      Connection:
      - keep-alive
      Content-Length:
      - '0'
      ParameterSetName:
      - -n -g --query -o
      User-Agent:
      - AZURECLI/2.39.0 azsdk-python-azure-mgmt-storage/20.1.0 Python/3.7.9 (Windows-10-10.0.22000-SP0)
    method: POST
    uri: https://management.azure.com/subscriptions/00000000-0000-0000-0000-000000000000/resourceGroups/clitest000001/providers/Microsoft.Storage/storageAccounts/share000002/listKeys?api-version=2022-05-01&$expand=kerb
  response:
    body:
      string: '{"keys":[{"creationTime":"2022-08-19T02:57:58.4646592Z","keyName":"key1","value":"veryFakedStorageAccountKey==","permissions":"FULL"},{"creationTime":"2022-08-19T02:57:58.4646592Z","keyName":"key2","value":"veryFakedStorageAccountKey==","permissions":"FULL"}]}'
    headers:
      cache-control:
      - no-cache
      content-length:
      - '260'
      content-type:
      - application/json
      date:
      - Fri, 19 Aug 2022 02:58:20 GMT
      expires:
      - '-1'
      pragma:
      - no-cache
      server:
      - Microsoft-Azure-Storage-Resource-Provider/1.0,Microsoft-HTTPAPI/2.0 Microsoft-HTTPAPI/2.0
      strict-transport-security:
      - max-age=31536000; includeSubDomains
      transfer-encoding:
      - chunked
      vary:
      - Accept-Encoding
      x-content-type-options:
      - nosniff
      x-ms-ratelimit-remaining-subscription-resource-requests:
      - '11992'
    status:
      code: 200
      message: OK
- request:
    body: null
    headers:
      Accept:
      - application/json
      Accept-Encoding:
      - gzip, deflate
      CommandName:
      - storage account show-connection-string
      Connection:
      - keep-alive
      ParameterSetName:
      - -n -g --query -o
      User-Agent:
      - AZURECLI/2.39.0 azsdk-python-azure-mgmt-storage/20.1.0 Python/3.7.9 (Windows-10-10.0.22000-SP0)
    method: GET
    uri: https://management.azure.com/subscriptions/00000000-0000-0000-0000-000000000000/resourceGroups/clitest000001/providers/Microsoft.Storage/storageAccounts/share000002?api-version=2022-05-01
  response:
    body:
      string: '{"sku":{"name":"Standard_RAGRS","tier":"Standard"},"kind":"StorageV2","id":"/subscriptions/00000000-0000-0000-0000-000000000000/resourceGroups/clitest000001/providers/Microsoft.Storage/storageAccounts/share000002","name":"share000002","type":"Microsoft.Storage/storageAccounts","location":"eastus2","tags":{},"properties":{"keyCreationTime":{"key1":"2022-08-19T02:57:58.4646592Z","key2":"2022-08-19T02:57:58.4646592Z"},"privateEndpointConnections":[],"minimumTlsVersion":"TLS1_0","allowBlobPublicAccess":true,"networkAcls":{"bypass":"AzureServices","virtualNetworkRules":[],"ipRules":[],"defaultAction":"Allow"},"supportsHttpsTrafficOnly":true,"encryption":{"services":{"file":{"keyType":"Account","enabled":true,"lastEnabledTime":"2022-08-19T02:57:58.6677680Z"},"blob":{"keyType":"Account","enabled":true,"lastEnabledTime":"2022-08-19T02:57:58.6677680Z"}},"keySource":"Microsoft.Storage"},"accessTier":"Hot","provisioningState":"Succeeded","creationTime":"2022-08-19T02:57:58.3396678Z","primaryEndpoints":{"dfs":"https://share000002.dfs.core.windows.net/","web":"https://share000002.z20.web.core.windows.net/","blob":"https://share000002.blob.core.windows.net/","queue":"https://share000002.queue.core.windows.net/","table":"https://share000002.table.core.windows.net/","file":"https://share000002.file.core.windows.net/"},"primaryLocation":"eastus2","statusOfPrimary":"available","secondaryLocation":"centralus","statusOfSecondary":"available","secondaryEndpoints":{"dfs":"https://share000002-secondary.dfs.core.windows.net/","web":"https://share000002-secondary.z20.web.core.windows.net/","blob":"https://share000002-secondary.blob.core.windows.net/","queue":"https://share000002-secondary.queue.core.windows.net/","table":"https://share000002-secondary.table.core.windows.net/"}}}'
    headers:
      cache-control:
      - no-cache
      content-length:
      - '1784'
      content-type:
      - application/json
      date:
      - Fri, 19 Aug 2022 02:58:21 GMT
      expires:
      - '-1'
      pragma:
      - no-cache
      server:
      - Microsoft-Azure-Storage-Resource-Provider/1.0,Microsoft-HTTPAPI/2.0 Microsoft-HTTPAPI/2.0
      strict-transport-security:
      - max-age=31536000; includeSubDomains
      transfer-encoding:
      - chunked
      vary:
      - Accept-Encoding
      x-content-type-options:
      - nosniff
    status:
      code: 200
      message: OK
- request:
    body: null
    headers:
      Accept:
      - application/xml
      Accept-Encoding:
      - gzip, deflate
      CommandName:
      - storage share create
      Connection:
      - keep-alive
      Content-Length:
      - '0'
      ParameterSetName:
      - -n --account-name --account-key
      User-Agent:
      - AZURECLI/2.39.0 azsdk-python-storage-file-share/12.8.0 Python/3.7.9 (Windows-10-10.0.22000-SP0)
      x-ms-date:
      - Fri, 19 Aug 2022 02:58:21 GMT
      x-ms-version:
      - '2021-06-08'
    method: PUT
    uri: https://share000002.file.core.windows.net/share000003?restype=share
  response:
    body:
      string: ''
    headers:
      content-length:
      - '0'
      date:
      - Fri, 19 Aug 2022 02:58:22 GMT
      etag:
      - '"0x8DA818EADFF8895"'
      last-modified:
      - Fri, 19 Aug 2022 02:58:23 GMT
      server:
      - Windows-Azure-File/1.0 Microsoft-HTTPAPI/2.0
      x-ms-version:
      - '2021-06-08'
    status:
      code: 201
      message: Created
- request:
    body: null
    headers:
      Accept:
      - application/xml
      Accept-Encoding:
      - gzip, deflate
      CommandName:
      - storage share policy list
      Connection:
      - keep-alive
      ParameterSetName:
      - -s --account-name --account-key
      User-Agent:
      - AZURECLI/2.39.0 azsdk-python-storage-file-share/12.8.0 Python/3.7.9 (Windows-10-10.0.22000-SP0)
      x-ms-date:
      - Fri, 19 Aug 2022 02:58:23 GMT
      x-ms-version:
      - '2021-06-08'
    method: GET
    uri: https://share000002.file.core.windows.net/share000003?restype=share&comp=acl
  response:
    body:
      string: "\uFEFF<?xml version=\"1.0\" encoding=\"utf-8\"?><SignedIdentifiers
        />"
    headers:
      content-type:
      - application/xml
      date:
      - Fri, 19 Aug 2022 02:58:23 GMT
      etag:
      - '"0x8DA818EADFF8895"'
      last-modified:
      - Fri, 19 Aug 2022 02:58:23 GMT
      server:
      - Windows-Azure-File/1.0 Microsoft-HTTPAPI/2.0
      transfer-encoding:
      - chunked
      x-ms-version:
      - '2021-06-08'
    status:
      code: 200
      message: OK
- request:
    body: null
    headers:
      Accept:
      - application/xml
      Accept-Encoding:
      - gzip, deflate
      CommandName:
      - storage share policy create
      Connection:
      - keep-alive
      ParameterSetName:
      - -n -s --permissions --account-name --account-key
      User-Agent:
      - AZURECLI/2.39.0 azsdk-python-storage-file-share/12.8.0 Python/3.7.9 (Windows-10-10.0.22000-SP0)
      x-ms-date:
      - Fri, 19 Aug 2022 02:58:24 GMT
      x-ms-version:
      - '2021-06-08'
    method: GET
    uri: https://share000002.file.core.windows.net/share000003?restype=share&comp=acl
  response:
    body:
      string: "\uFEFF<?xml version=\"1.0\" encoding=\"utf-8\"?><SignedIdentifiers
        />"
    headers:
      content-type:
      - application/xml
      date:
      - Fri, 19 Aug 2022 02:58:25 GMT
      etag:
      - '"0x8DA818EADFF8895"'
      last-modified:
      - Fri, 19 Aug 2022 02:58:23 GMT
      server:
      - Windows-Azure-File/1.0 Microsoft-HTTPAPI/2.0
      transfer-encoding:
      - chunked
      x-ms-version:
      - '2021-06-08'
    status:
      code: 200
      message: OK
- request:
    body: '<?xml version=''1.0'' encoding=''utf-8''?>

      <SignedIdentifiers><SignedIdentifier><Id>test1</Id><AccessPolicy><Permission>r</Permission></AccessPolicy></SignedIdentifier></SignedIdentifiers>'
    headers:
      Accept:
      - application/xml
      Accept-Encoding:
      - gzip, deflate
      CommandName:
      - storage share policy create
      Connection:
      - keep-alive
      Content-Length:
      - '184'
      Content-Type:
      - application/xml
      ParameterSetName:
      - -n -s --permissions --account-name --account-key
      User-Agent:
      - AZURECLI/2.39.0 azsdk-python-storage-file-share/12.8.0 Python/3.7.9 (Windows-10-10.0.22000-SP0)
      x-ms-date:
      - Fri, 19 Aug 2022 02:58:25 GMT
      x-ms-version:
      - '2021-06-08'
    method: PUT
    uri: https://share000002.file.core.windows.net/share000003?restype=share&comp=acl
  response:
    body:
      string: ''
    headers:
      content-length:
      - '0'
      date:
      - Fri, 19 Aug 2022 02:58:25 GMT
      etag:
      - '"0x8DA818EAFA7998B"'
      last-modified:
      - Fri, 19 Aug 2022 02:58:25 GMT
      server:
      - Windows-Azure-File/1.0 Microsoft-HTTPAPI/2.0
      x-ms-version:
      - '2021-06-08'
    status:
      code: 200
      message: OK
- request:
    body: null
    headers:
      Accept:
      - application/xml
      Accept-Encoding:
      - gzip, deflate
      CommandName:
      - storage share policy create
      Connection:
      - keep-alive
      ParameterSetName:
      - -n -s --start --connection-string
      User-Agent:
      - AZURECLI/2.39.0 azsdk-python-storage-file-share/12.8.0 Python/3.7.9 (Windows-10-10.0.22000-SP0)
      x-ms-date:
      - Fri, 19 Aug 2022 02:58:26 GMT
      x-ms-version:
      - '2021-06-08'
    method: GET
    uri: https://share000002.file.core.windows.net/share000003?restype=share&comp=acl
  response:
    body:
      string: "\uFEFF<?xml version=\"1.0\" encoding=\"utf-8\"?><SignedIdentifiers><SignedIdentifier><Id>test1</Id><AccessPolicy><Permission>r</Permission></AccessPolicy></SignedIdentifier></SignedIdentifiers>"
    headers:
      content-type:
      - application/xml
      date:
      - Fri, 19 Aug 2022 02:58:26 GMT
      etag:
      - '"0x8DA818EAFA7998B"'
      last-modified:
      - Fri, 19 Aug 2022 02:58:25 GMT
      server:
      - Windows-Azure-File/1.0 Microsoft-HTTPAPI/2.0
      transfer-encoding:
      - chunked
      x-ms-version:
      - '2021-06-08'
    status:
      code: 200
      message: OK
- request:
    body: '<?xml version=''1.0'' encoding=''utf-8''?>

      <SignedIdentifiers><SignedIdentifier><Id>test1</Id><AccessPolicy><Permission>r</Permission></AccessPolicy></SignedIdentifier><SignedIdentifier><Id>test2</Id><AccessPolicy><Start>2020-01-01T00:00:00Z</Start></AccessPolicy></SignedIdentifier></SignedIdentifiers>'
    headers:
      Accept:
      - application/xml
      Accept-Encoding:
      - gzip, deflate
      CommandName:
      - storage share policy create
      Connection:
      - keep-alive
      Content-Length:
      - '299'
      Content-Type:
      - application/xml
      ParameterSetName:
      - -n -s --start --connection-string
      User-Agent:
      - AZURECLI/2.39.0 azsdk-python-storage-file-share/12.8.0 Python/3.7.9 (Windows-10-10.0.22000-SP0)
      x-ms-date:
      - Fri, 19 Aug 2022 02:58:27 GMT
      x-ms-version:
      - '2021-06-08'
    method: PUT
    uri: https://share000002.file.core.windows.net/share000003?restype=share&comp=acl
  response:
    body:
      string: ''
    headers:
      content-length:
      - '0'
      date:
      - Fri, 19 Aug 2022 02:58:26 GMT
      etag:
      - '"0x8DA818EB0B8E194"'
      last-modified:
      - Fri, 19 Aug 2022 02:58:27 GMT
      server:
      - Windows-Azure-File/1.0 Microsoft-HTTPAPI/2.0
      x-ms-version:
      - '2021-06-08'
    status:
      code: 200
      message: OK
- request:
    body: null
    headers:
      Accept:
      - application/xml
      Accept-Encoding:
      - gzip, deflate
      CommandName:
      - storage share policy create
      Connection:
      - keep-alive
      ParameterSetName:
      - -n -s --expiry --account-name --account-key
      User-Agent:
      - AZURECLI/2.39.0 azsdk-python-storage-file-share/12.8.0 Python/3.7.9 (Windows-10-10.0.22000-SP0)
      x-ms-date:
      - Fri, 19 Aug 2022 02:58:27 GMT
      x-ms-version:
      - '2021-06-08'
    method: GET
    uri: https://share000002.file.core.windows.net/share000003?restype=share&comp=acl
  response:
    body:
      string: "\uFEFF<?xml version=\"1.0\" encoding=\"utf-8\"?><SignedIdentifiers><SignedIdentifier><Id>test1</Id><AccessPolicy><Permission>r</Permission></AccessPolicy></SignedIdentifier><SignedIdentifier><Id>test2</Id><AccessPolicy><Start>2020-01-01T00:00:00.0000000Z</Start></AccessPolicy></SignedIdentifier></SignedIdentifiers>"
    headers:
      content-type:
      - application/xml
      date:
      - Fri, 19 Aug 2022 02:58:28 GMT
      etag:
      - '"0x8DA818EB0B8E194"'
      last-modified:
      - Fri, 19 Aug 2022 02:58:27 GMT
      server:
      - Windows-Azure-File/1.0 Microsoft-HTTPAPI/2.0
      transfer-encoding:
      - chunked
      x-ms-version:
      - '2021-06-08'
    status:
      code: 200
      message: OK
- request:
    body: '<?xml version=''1.0'' encoding=''utf-8''?>

      <SignedIdentifiers><SignedIdentifier><Id>test1</Id><AccessPolicy><Permission>r</Permission></AccessPolicy></SignedIdentifier><SignedIdentifier><Id>test2</Id><AccessPolicy><Start>2020-01-01T00:00:00Z</Start><Permission
      /></AccessPolicy></SignedIdentifier><SignedIdentifier><Id>test3</Id><AccessPolicy><Expiry>2021-01-01T00:00:00Z</Expiry></AccessPolicy></SignedIdentifier></SignedIdentifiers>'
    headers:
      Accept:
      - application/xml
      Accept-Encoding:
      - gzip, deflate
      CommandName:
      - storage share policy create
      Connection:
      - keep-alive
      Content-Length:
      - '430'
      Content-Type:
      - application/xml
      ParameterSetName:
      - -n -s --expiry --account-name --account-key
      User-Agent:
      - AZURECLI/2.39.0 azsdk-python-storage-file-share/12.8.0 Python/3.7.9 (Windows-10-10.0.22000-SP0)
      x-ms-date:
      - Fri, 19 Aug 2022 02:58:29 GMT
      x-ms-version:
      - '2021-06-08'
    method: PUT
    uri: https://share000002.file.core.windows.net/share000003?restype=share&comp=acl
  response:
    body:
      string: ''
    headers:
      content-length:
      - '0'
      date:
      - Fri, 19 Aug 2022 02:58:28 GMT
      etag:
      - '"0x8DA818EB1A73D75"'
      last-modified:
      - Fri, 19 Aug 2022 02:58:29 GMT
      server:
      - Windows-Azure-File/1.0 Microsoft-HTTPAPI/2.0
      x-ms-version:
      - '2021-06-08'
    status:
      code: 200
      message: OK
- request:
    body: null
    headers:
      Accept:
      - application/xml
      Accept-Encoding:
      - gzip, deflate
      CommandName:
      - storage share policy list
      Connection:
      - keep-alive
      ParameterSetName:
      - -s --connection-string
      User-Agent:
      - AZURECLI/2.39.0 azsdk-python-storage-file-share/12.8.0 Python/3.7.9 (Windows-10-10.0.22000-SP0)
      x-ms-date:
      - Fri, 19 Aug 2022 02:58:29 GMT
      x-ms-version:
      - '2021-06-08'
    method: GET
    uri: https://share000002.file.core.windows.net/share000003?restype=share&comp=acl
  response:
    body:
      string: "\uFEFF<?xml version=\"1.0\" encoding=\"utf-8\"?><SignedIdentifiers><SignedIdentifier><Id>test1</Id><AccessPolicy><Permission>r</Permission></AccessPolicy></SignedIdentifier><SignedIdentifier><Id>test2</Id><AccessPolicy><Start>2020-01-01T00:00:00.0000000Z</Start></AccessPolicy></SignedIdentifier><SignedIdentifier><Id>test3</Id><AccessPolicy><Expiry>2021-01-01T00:00:00.0000000Z</Expiry></AccessPolicy></SignedIdentifier></SignedIdentifiers>"
    headers:
      content-type:
      - application/xml
      date:
      - Fri, 19 Aug 2022 02:58:29 GMT
      etag:
      - '"0x8DA818EB1A73D75"'
      last-modified:
      - Fri, 19 Aug 2022 02:58:29 GMT
      server:
      - Windows-Azure-File/1.0 Microsoft-HTTPAPI/2.0
      transfer-encoding:
      - chunked
      x-ms-version:
      - '2021-06-08'
    status:
      code: 200
      message: OK
- request:
    body: null
    headers:
      Accept:
      - application/xml
      Accept-Encoding:
      - gzip, deflate
      CommandName:
      - storage share policy show
      Connection:
      - keep-alive
      ParameterSetName:
      - -n -s --account-name --account-key
      User-Agent:
      - AZURECLI/2.39.0 azsdk-python-storage-file-share/12.8.0 Python/3.7.9 (Windows-10-10.0.22000-SP0)
      x-ms-date:
      - Fri, 19 Aug 2022 02:58:30 GMT
      x-ms-version:
      - '2021-06-08'
    method: GET
    uri: https://share000002.file.core.windows.net/share000003?restype=share&comp=acl
  response:
    body:
      string: "\uFEFF<?xml version=\"1.0\" encoding=\"utf-8\"?><SignedIdentifiers><SignedIdentifier><Id>test1</Id><AccessPolicy><Permission>r</Permission></AccessPolicy></SignedIdentifier><SignedIdentifier><Id>test2</Id><AccessPolicy><Start>2020-01-01T00:00:00.0000000Z</Start></AccessPolicy></SignedIdentifier><SignedIdentifier><Id>test3</Id><AccessPolicy><Expiry>2021-01-01T00:00:00.0000000Z</Expiry></AccessPolicy></SignedIdentifier></SignedIdentifiers>"
    headers:
      content-type:
      - application/xml
      date:
      - Fri, 19 Aug 2022 02:58:31 GMT
      etag:
      - '"0x8DA818EB1A73D75"'
      last-modified:
      - Fri, 19 Aug 2022 02:58:29 GMT
      server:
      - Windows-Azure-File/1.0 Microsoft-HTTPAPI/2.0
      transfer-encoding:
      - chunked
      x-ms-version:
      - '2021-06-08'
    status:
      code: 200
      message: OK
- request:
    body: null
    headers:
      Accept:
      - application/xml
      Accept-Encoding:
      - gzip, deflate
      CommandName:
      - storage share policy show
      Connection:
      - keep-alive
      ParameterSetName:
      - -n -s --connection-string
      User-Agent:
      - AZURECLI/2.39.0 azsdk-python-storage-file-share/12.8.0 Python/3.7.9 (Windows-10-10.0.22000-SP0)
      x-ms-date:
      - Fri, 19 Aug 2022 02:58:31 GMT
      x-ms-version:
      - '2021-06-08'
    method: GET
    uri: https://share000002.file.core.windows.net/share000003?restype=share&comp=acl
  response:
    body:
      string: "\uFEFF<?xml version=\"1.0\" encoding=\"utf-8\"?><SignedIdentifiers><SignedIdentifier><Id>test1</Id><AccessPolicy><Permission>r</Permission></AccessPolicy></SignedIdentifier><SignedIdentifier><Id>test2</Id><AccessPolicy><Start>2020-01-01T00:00:00.0000000Z</Start></AccessPolicy></SignedIdentifier><SignedIdentifier><Id>test3</Id><AccessPolicy><Expiry>2021-01-01T00:00:00.0000000Z</Expiry></AccessPolicy></SignedIdentifier></SignedIdentifiers>"
    headers:
      content-type:
      - application/xml
      date:
      - Fri, 19 Aug 2022 02:58:32 GMT
      etag:
      - '"0x8DA818EB1A73D75"'
      last-modified:
      - Fri, 19 Aug 2022 02:58:29 GMT
      server:
      - Windows-Azure-File/1.0 Microsoft-HTTPAPI/2.0
      transfer-encoding:
      - chunked
      x-ms-version:
      - '2021-06-08'
    status:
      code: 200
      message: OK
- request:
    body: null
    headers:
      Accept:
      - application/xml
      Accept-Encoding:
      - gzip, deflate
      CommandName:
      - storage share policy show
      Connection:
      - keep-alive
      ParameterSetName:
      - -n -s --account-name --account-key
      User-Agent:
      - AZURECLI/2.39.0 azsdk-python-storage-file-share/12.8.0 Python/3.7.9 (Windows-10-10.0.22000-SP0)
      x-ms-date:
      - Fri, 19 Aug 2022 02:58:33 GMT
      x-ms-version:
      - '2021-06-08'
    method: GET
    uri: https://share000002.file.core.windows.net/share000003?restype=share&comp=acl
  response:
    body:
      string: "\uFEFF<?xml version=\"1.0\" encoding=\"utf-8\"?><SignedIdentifiers><SignedIdentifier><Id>test1</Id><AccessPolicy><Permission>r</Permission></AccessPolicy></SignedIdentifier><SignedIdentifier><Id>test2</Id><AccessPolicy><Start>2020-01-01T00:00:00.0000000Z</Start></AccessPolicy></SignedIdentifier><SignedIdentifier><Id>test3</Id><AccessPolicy><Expiry>2021-01-01T00:00:00.0000000Z</Expiry></AccessPolicy></SignedIdentifier></SignedIdentifiers>"
    headers:
      content-type:
      - application/xml
      date:
      - Fri, 19 Aug 2022 02:58:34 GMT
      etag:
      - '"0x8DA818EB1A73D75"'
      last-modified:
      - Fri, 19 Aug 2022 02:58:29 GMT
      server:
      - Windows-Azure-File/1.0 Microsoft-HTTPAPI/2.0
      transfer-encoding:
      - chunked
      x-ms-version:
      - '2021-06-08'
    status:
      code: 200
      message: OK
- request:
    body: null
    headers:
      Accept:
      - application/xml
      Accept-Encoding:
      - gzip, deflate
      CommandName:
      - storage share policy update
      Connection:
      - keep-alive
      ParameterSetName:
      - -n -s --permission --expiry --account-name --account-key
      User-Agent:
      - AZURECLI/2.39.0 azsdk-python-storage-file-share/12.8.0 Python/3.7.9 (Windows-10-10.0.22000-SP0)
      x-ms-date:
      - Fri, 19 Aug 2022 02:58:34 GMT
      x-ms-version:
      - '2021-06-08'
    method: GET
    uri: https://share000002.file.core.windows.net/share000003?restype=share&comp=acl
  response:
    body:
      string: "\uFEFF<?xml version=\"1.0\" encoding=\"utf-8\"?><SignedIdentifiers><SignedIdentifier><Id>test1</Id><AccessPolicy><Permission>r</Permission></AccessPolicy></SignedIdentifier><SignedIdentifier><Id>test2</Id><AccessPolicy><Start>2020-01-01T00:00:00.0000000Z</Start></AccessPolicy></SignedIdentifier><SignedIdentifier><Id>test3</Id><AccessPolicy><Expiry>2021-01-01T00:00:00.0000000Z</Expiry></AccessPolicy></SignedIdentifier></SignedIdentifiers>"
    headers:
      content-type:
      - application/xml
      date:
      - Fri, 19 Aug 2022 02:58:35 GMT
      etag:
      - '"0x8DA818EB1A73D75"'
      last-modified:
      - Fri, 19 Aug 2022 02:58:29 GMT
      server:
      - Windows-Azure-File/1.0 Microsoft-HTTPAPI/2.0
      transfer-encoding:
      - chunked
      x-ms-version:
      - '2021-06-08'
    status:
      code: 200
      message: OK
- request:
    body: '<?xml version=''1.0'' encoding=''utf-8''?>

      <SignedIdentifiers><SignedIdentifier><Id>test1</Id><AccessPolicy><Permission>r</Permission></AccessPolicy></SignedIdentifier><SignedIdentifier><Id>test2</Id><AccessPolicy><Start>2020-01-01T00:00:00Z</Start><Expiry>2020-12-31T23:59:00Z</Expiry><Permission>r</Permission></AccessPolicy></SignedIdentifier><SignedIdentifier><Id>test3</Id><AccessPolicy><Expiry>2021-01-01T00:00:00Z</Expiry><Permission
      /></AccessPolicy></SignedIdentifier></SignedIdentifiers>'
    headers:
      Accept:
      - application/xml
      Accept-Encoding:
      - gzip, deflate
      CommandName:
      - storage share policy update
      Connection:
      - keep-alive
      Content-Length:
      - '493'
      Content-Type:
      - application/xml
      ParameterSetName:
      - -n -s --permission --expiry --account-name --account-key
      User-Agent:
      - AZURECLI/2.39.0 azsdk-python-storage-file-share/12.8.0 Python/3.7.9 (Windows-10-10.0.22000-SP0)
      x-ms-date:
      - Fri, 19 Aug 2022 02:58:35 GMT
      x-ms-version:
      - '2021-06-08'
    method: PUT
    uri: https://share000002.file.core.windows.net/share000003?restype=share&comp=acl
  response:
    body:
      string: ''
    headers:
      content-length:
      - '0'
      date:
      - Fri, 19 Aug 2022 02:58:35 GMT
      etag:
      - '"0x8DA818EB5856D8F"'
      last-modified:
      - Fri, 19 Aug 2022 02:58:35 GMT
      server:
      - Windows-Azure-File/1.0 Microsoft-HTTPAPI/2.0
      x-ms-version:
      - '2021-06-08'
    status:
      code: 200
      message: OK
- request:
    body: null
    headers:
      Accept:
      - application/xml
      Accept-Encoding:
      - gzip, deflate
      CommandName:
      - storage share policy show
      Connection:
      - keep-alive
      ParameterSetName:
      - -n -s --account-name --account-key
      User-Agent:
      - AZURECLI/2.39.0 azsdk-python-storage-file-share/12.8.0 Python/3.7.9 (Windows-10-10.0.22000-SP0)
      x-ms-date:
      - Fri, 19 Aug 2022 02:58:35 GMT
      x-ms-version:
      - '2021-06-08'
    method: GET
    uri: https://share000002.file.core.windows.net/share000003?restype=share&comp=acl
  response:
    body:
      string: "\uFEFF<?xml version=\"1.0\" encoding=\"utf-8\"?><SignedIdentifiers><SignedIdentifier><Id>test1</Id><AccessPolicy><Permission>r</Permission></AccessPolicy></SignedIdentifier><SignedIdentifier><Id>test2</Id><AccessPolicy><Start>2020-01-01T00:00:00.0000000Z</Start><Expiry>2020-12-31T23:59:00.0000000Z</Expiry><Permission>r</Permission></AccessPolicy></SignedIdentifier><SignedIdentifier><Id>test3</Id><AccessPolicy><Expiry>2021-01-01T00:00:00.0000000Z</Expiry></AccessPolicy></SignedIdentifier></SignedIdentifiers>"
    headers:
      content-type:
      - application/xml
      date:
      - Fri, 19 Aug 2022 02:58:37 GMT
      etag:
      - '"0x8DA818EB5856D8F"'
      last-modified:
      - Fri, 19 Aug 2022 02:58:35 GMT
      server:
      - Windows-Azure-File/1.0 Microsoft-HTTPAPI/2.0
      transfer-encoding:
      - chunked
      x-ms-version:
      - '2021-06-08'
    status:
      code: 200
      message: OK
- request:
    body: null
    headers:
      Accept:
      - application/xml
      Accept-Encoding:
      - gzip, deflate
      CommandName:
      - storage share policy delete
      Connection:
      - keep-alive
      ParameterSetName:
      - -n -s --account-name --account-key
      User-Agent:
      - AZURECLI/2.39.0 azsdk-python-storage-file-share/12.8.0 Python/3.7.9 (Windows-10-10.0.22000-SP0)
      x-ms-date:
      - Fri, 19 Aug 2022 02:58:37 GMT
      x-ms-version:
      - '2021-06-08'
    method: GET
    uri: https://share000002.file.core.windows.net/share000003?restype=share&comp=acl
  response:
    body:
      string: "\uFEFF<?xml version=\"1.0\" encoding=\"utf-8\"?><SignedIdentifiers><SignedIdentifier><Id>test1</Id><AccessPolicy><Permission>r</Permission></AccessPolicy></SignedIdentifier><SignedIdentifier><Id>test2</Id><AccessPolicy><Start>2020-01-01T00:00:00.0000000Z</Start><Expiry>2020-12-31T23:59:00.0000000Z</Expiry><Permission>r</Permission></AccessPolicy></SignedIdentifier><SignedIdentifier><Id>test3</Id><AccessPolicy><Expiry>2021-01-01T00:00:00.0000000Z</Expiry></AccessPolicy></SignedIdentifier></SignedIdentifiers>"
    headers:
      content-type:
      - application/xml
      date:
      - Fri, 19 Aug 2022 02:58:38 GMT
      etag:
      - '"0x8DA818EB5856D8F"'
      last-modified:
      - Fri, 19 Aug 2022 02:58:35 GMT
      server:
      - Windows-Azure-File/1.0 Microsoft-HTTPAPI/2.0
      transfer-encoding:
      - chunked
      x-ms-version:
      - '2021-06-08'
    status:
      code: 200
      message: OK
- request:
    body: '<?xml version=''1.0'' encoding=''utf-8''?>

      <SignedIdentifiers><SignedIdentifier><Id>test1</Id><AccessPolicy><Permission>r</Permission></AccessPolicy></SignedIdentifier><SignedIdentifier><Id>test2</Id><AccessPolicy><Start>2020-01-01T00:00:00Z</Start><Expiry>2020-12-31T23:59:00Z</Expiry><Permission>r</Permission></AccessPolicy></SignedIdentifier></SignedIdentifiers>'
    headers:
      Accept:
      - application/xml
      Accept-Encoding:
      - gzip, deflate
      CommandName:
      - storage share policy delete
      Connection:
      - keep-alive
      Content-Length:
      - '362'
      Content-Type:
      - application/xml
      ParameterSetName:
      - -n -s --account-name --account-key
      User-Agent:
      - AZURECLI/2.39.0 azsdk-python-storage-file-share/12.8.0 Python/3.7.9 (Windows-10-10.0.22000-SP0)
      x-ms-date:
      - Fri, 19 Aug 2022 02:58:38 GMT
      x-ms-version:
      - '2021-06-08'
    method: PUT
    uri: https://share000002.file.core.windows.net/share000003?restype=share&comp=acl
  response:
    body:
      string: ''
    headers:
      content-length:
      - '0'
      date:
      - Fri, 19 Aug 2022 02:58:38 GMT
      etag:
      - '"0x8DA818EB7911DB0"'
      last-modified:
      - Fri, 19 Aug 2022 02:58:39 GMT
      server:
      - Windows-Azure-File/1.0 Microsoft-HTTPAPI/2.0
      x-ms-version:
      - '2021-06-08'
    status:
      code: 200
      message: OK
- request:
    body: null
    headers:
      Accept:
      - application/xml
      Accept-Encoding:
      - gzip, deflate
      CommandName:
      - storage share policy list
      Connection:
      - keep-alive
      ParameterSetName:
      - -s --connection-string
      User-Agent:
      - AZURECLI/2.39.0 azsdk-python-storage-file-share/12.8.0 Python/3.7.9 (Windows-10-10.0.22000-SP0)
      x-ms-date:
      - Fri, 19 Aug 2022 02:58:39 GMT
      x-ms-version:
      - '2021-06-08'
    method: GET
    uri: https://share000002.file.core.windows.net/share000003?restype=share&comp=acl
  response:
    body:
      string: "\uFEFF<?xml version=\"1.0\" encoding=\"utf-8\"?><SignedIdentifiers><SignedIdentifier><Id>test1</Id><AccessPolicy><Permission>r</Permission></AccessPolicy></SignedIdentifier><SignedIdentifier><Id>test2</Id><AccessPolicy><Start>2020-01-01T00:00:00.0000000Z</Start><Expiry>2020-12-31T23:59:00.0000000Z</Expiry><Permission>r</Permission></AccessPolicy></SignedIdentifier></SignedIdentifiers>"
    headers:
      content-type:
      - application/xml
      date:
      - Fri, 19 Aug 2022 02:58:40 GMT
      etag:
      - '"0x8DA818EB7911DB0"'
      last-modified:
      - Fri, 19 Aug 2022 02:58:39 GMT
      server:
      - Windows-Azure-File/1.0 Microsoft-HTTPAPI/2.0
      transfer-encoding:
      - chunked
      x-ms-version:
      - '2021-06-08'
    status:
      code: 200
      message: OK
version: 1
