interactions:
- request:
    body: '{}'
    headers:
      Accept:
      - application/json
      Accept-Encoding:
      - gzip, deflate
      CommandName:
      - storage share-rm create
      Connection:
      - keep-alive
      Content-Length:
      - '2'
      Content-Type:
      - application/json
      ParameterSetName:
      - --storage-account -g -n
      User-Agent:
      - AZURECLI/2.69.0 azsdk-python-core/1.31.0 Python/3.12.9 (Windows-10-10.0.19045-SP0)
    method: PUT
    uri: https://management.azure.com/subscriptions/00000000-0000-0000-0000-000000000000/resourceGroups/cli_tier000001/providers/Microsoft.Storage/storageAccounts/tier000002/fileServices/default/shares/share000003?api-version=2024-01-01
  response:
    body:
      string: '{"id":"/subscriptions/00000000-0000-0000-0000-000000000000/resourceGroups/cli_tier000001/providers/Microsoft.Storage/storageAccounts/tier000002/fileServices/default/shares/share000003","name":"share000003","type":"Microsoft.Storage/storageAccounts/fileServices/shares","properties":{}}'
    headers:
      cache-control:
      - no-cache
      content-length:
      - '285'
      content-type:
      - application/json
      date:
      - Thu, 20 Feb 2025 14:45:31 GMT
      etag:
      - '"0x8DD51BD399DD664"'
      expires:
      - '-1'
      pragma:
      - no-cache
      server:
      - Microsoft-Azure-Storage-Resource-Provider/1.0,Microsoft-HTTPAPI/2.0 Microsoft-HTTPAPI/2.0
      strict-transport-security:
      - max-age=31536000; includeSubDomains
      x-content-type-options:
      - nosniff
      x-ms-operation-identifier:
      - tenantId=54826b22-38d6-4fb2-bad9-b7b93a3e9c5a,objectId=a7250e3a-0e5e-48e2-9a34-45f1f5e1a91e/eastus2euap/8cd05bb9-e536-439e-ac2d-35af00c193a5
      x-ms-ratelimit-remaining-subscription-global-writes:
      - '2999'
      x-ms-ratelimit-remaining-subscription-writes:
      - '199'
    status:
      code: 201
      message: Created
- request:
    body: null
    headers:
      Accept:
      - application/json
      Accept-Encoding:
      - gzip, deflate
      CommandName:
      - storage share-rm show
      Connection:
      - keep-alive
      ParameterSetName:
      - --storage-account -g -n
      User-Agent:
      - AZURECLI/2.69.0 azsdk-python-core/1.31.0 Python/3.12.9 (Windows-10-10.0.19045-SP0)
    method: GET
    uri: https://management.azure.com/subscriptions/00000000-0000-0000-0000-000000000000/resourceGroups/cli_tier000001/providers/Microsoft.Storage/storageAccounts/tier000002/fileServices/default/shares/share000003?api-version=2024-01-01
  response:
    body:
      string: '{"id":"/subscriptions/00000000-0000-0000-0000-000000000000/resourceGroups/cli_tier000001/providers/Microsoft.Storage/storageAccounts/tier000002/fileServices/default/shares/share000003","name":"share000003","type":"Microsoft.Storage/storageAccounts/fileServices/shares","etag":"\"0x8DD51BD399DD664\"","properties":{"leaseStatus":"unlocked","leaseState":"available","signedIdentifiers":[],"accessTier":"TransactionOptimized","accessTierChangeTime":"2025-02-20T14:45:31.0000000Z","lastModifiedTime":"2025-02-20T14:45:31.0000000Z","shareQuota":102400}}'
    headers:
      cache-control:
      - no-cache
      content-length:
      - '548'
      content-type:
      - application/json
      date:
      - Thu, 20 Feb 2025 14:45:32 GMT
      etag:
      - '"0x8DD51BD399DD664"'
      expires:
      - '-1'
      pragma:
      - no-cache
      server:
      - Microsoft-Azure-Storage-Resource-Provider/1.0,Microsoft-HTTPAPI/2.0 Microsoft-HTTPAPI/2.0
      strict-transport-security:
      - max-age=31536000; includeSubDomains
      x-content-type-options:
      - nosniff
      x-ms-operation-identifier:
      - tenantId=54826b22-38d6-4fb2-bad9-b7b93a3e9c5a,objectId=a7250e3a-0e5e-48e2-9a34-45f1f5e1a91e/eastus2euap/8214c1e5-fd6e-4f4e-bdef-911be454d061
      x-ms-ratelimit-remaining-subscription-global-reads:
      - '3749'
    status:
      code: 200
      message: OK
- request:
    body: null
    headers:
      Accept:
      - application/json
      Accept-Encoding:
      - gzip, deflate
      CommandName:
      - storage share-rm update
      Connection:
      - keep-alive
      ParameterSetName:
      - --storage-account -g -n --access-tier
      User-Agent:
      - AZURECLI/2.69.0 azsdk-python-core/1.31.0 Python/3.12.9 (Windows-10-10.0.19045-SP0)
    method: GET
    uri: https://management.azure.com/subscriptions/00000000-0000-0000-0000-000000000000/resourceGroups/cli_tier000001/providers/Microsoft.Storage/storageAccounts/tier000002/fileServices/default/shares/share000003?api-version=2024-01-01
  response:
    body:
      string: '{"id":"/subscriptions/00000000-0000-0000-0000-000000000000/resourceGroups/cli_tier000001/providers/Microsoft.Storage/storageAccounts/tier000002/fileServices/default/shares/share000003","name":"share000003","type":"Microsoft.Storage/storageAccounts/fileServices/shares","etag":"\"0x8DD51BD399DD664\"","properties":{"leaseStatus":"unlocked","leaseState":"available","signedIdentifiers":[],"accessTier":"TransactionOptimized","accessTierChangeTime":"2025-02-20T14:45:31.0000000Z","lastModifiedTime":"2025-02-20T14:45:31.0000000Z","shareQuota":102400}}'
    headers:
      cache-control:
      - no-cache
      content-length:
      - '548'
      content-type:
      - application/json
      date:
      - Thu, 20 Feb 2025 14:45:34 GMT
      etag:
      - '"0x8DD51BD399DD664"'
      expires:
      - '-1'
      pragma:
      - no-cache
      server:
      - Microsoft-Azure-Storage-Resource-Provider/1.0,Microsoft-HTTPAPI/2.0 Microsoft-HTTPAPI/2.0
      strict-transport-security:
      - max-age=31536000; includeSubDomains
      x-content-type-options:
      - nosniff
      x-ms-operation-identifier:
      - tenantId=54826b22-38d6-4fb2-bad9-b7b93a3e9c5a,objectId=a7250e3a-0e5e-48e2-9a34-45f1f5e1a91e/eastus2euap/1e4be282-343d-4443-a557-a00af28a1cdd
      x-ms-ratelimit-remaining-subscription-global-reads:
      - '3749'
    status:
      code: 200
      message: OK
- request:
    body: '{"properties": {"shareQuota": 102400, "accessTier": "Hot"}}'
    headers:
      Accept:
      - application/json
      Accept-Encoding:
      - gzip, deflate
      CommandName:
      - storage share-rm update
      Connection:
      - keep-alive
      Content-Length:
      - '59'
      Content-Type:
      - application/json
      ParameterSetName:
      - --storage-account -g -n --access-tier
      User-Agent:
      - AZURECLI/2.69.0 azsdk-python-core/1.31.0 Python/3.12.9 (Windows-10-10.0.19045-SP0)
    method: PATCH
    uri: https://management.azure.com/subscriptions/00000000-0000-0000-0000-000000000000/resourceGroups/cli_tier000001/providers/Microsoft.Storage/storageAccounts/tier000002/fileServices/default/shares/share000003?api-version=2024-01-01
  response:
    body:
      string: '{"id":"/subscriptions/00000000-0000-0000-0000-000000000000/resourceGroups/cli_tier000001/providers/Microsoft.Storage/storageAccounts/tier000002/fileServices/default/shares/share000003","name":"share000003","type":"Microsoft.Storage/storageAccounts/fileServices/shares","properties":{"accessTier":"Hot","shareQuota":102400}}'
    headers:
      cache-control:
      - no-cache
      content-length:
      - '323'
      content-type:
      - application/json
      date:
      - Thu, 20 Feb 2025 14:45:36 GMT
      etag:
      - '"0x8DD51BD3CB68F51"'
      expires:
      - '-1'
      pragma:
      - no-cache
      server:
      - Microsoft-Azure-Storage-Resource-Provider/1.0,Microsoft-HTTPAPI/2.0 Microsoft-HTTPAPI/2.0
      strict-transport-security:
      - max-age=31536000; includeSubDomains
      x-content-type-options:
      - nosniff
      x-ms-operation-identifier:
      - tenantId=54826b22-38d6-4fb2-bad9-b7b93a3e9c5a,objectId=a7250e3a-0e5e-48e2-9a34-45f1f5e1a91e/eastus2euap/fe4f5138-8a24-4f69-aded-59217f9e59d5
      x-ms-ratelimit-remaining-subscription-global-writes:
      - '2998'
      x-ms-ratelimit-remaining-subscription-writes:
      - '198'
    status:
      code: 200
      message: OK
- request:
    body: null
    headers:
      Accept:
      - application/json
      Accept-Encoding:
      - gzip, deflate
      CommandName:
      - storage share-rm show
      Connection:
      - keep-alive
      ParameterSetName:
      - --storage-account -g -n
      User-Agent:
      - AZURECLI/2.69.0 azsdk-python-core/1.31.0 Python/3.12.9 (Windows-10-10.0.19045-SP0)
    method: GET
    uri: https://management.azure.com/subscriptions/00000000-0000-0000-0000-000000000000/resourceGroups/cli_tier000001/providers/Microsoft.Storage/storageAccounts/tier000002/fileServices/default/shares/share000003?api-version=2024-01-01
  response:
    body:
      string: '{"id":"/subscriptions/00000000-0000-0000-0000-000000000000/resourceGroups/cli_tier000001/providers/Microsoft.Storage/storageAccounts/tier000002/fileServices/default/shares/share000003","name":"share000003","type":"Microsoft.Storage/storageAccounts/fileServices/shares","etag":"\"0x8DD51BD3CB68F51\"","properties":{"leaseStatus":"unlocked","leaseState":"available","signedIdentifiers":[],"accessTier":"Hot","accessTierChangeTime":"2025-02-20T14:45:36.0000000Z","lastModifiedTime":"2025-02-20T14:45:36.0000000Z","shareQuota":102400}}'
    headers:
      cache-control:
      - no-cache
      content-length:
      - '531'
      content-type:
      - application/json
      date:
      - Thu, 20 Feb 2025 14:45:37 GMT
      etag:
      - '"0x8DD51BD3CB68F51"'
      expires:
      - '-1'
      pragma:
      - no-cache
      server:
      - Microsoft-Azure-Storage-Resource-Provider/1.0,Microsoft-HTTPAPI/2.0 Microsoft-HTTPAPI/2.0
      strict-transport-security:
      - max-age=31536000; includeSubDomains
      x-content-type-options:
      - nosniff
      x-ms-operation-identifier:
      - tenantId=54826b22-38d6-4fb2-bad9-b7b93a3e9c5a,objectId=a7250e3a-0e5e-48e2-9a34-45f1f5e1a91e/eastus2euap/3cf5f747-bd16-4dd9-839b-631e28f29ac2
      x-ms-ratelimit-remaining-subscription-global-reads:
      - '3748'
    status:
      code: 200
      message: OK
- request:
    body: '{"properties": {"accessTier": "Hot"}}'
    headers:
      Accept:
      - application/json
      Accept-Encoding:
      - gzip, deflate
      CommandName:
      - storage share-rm create
      Connection:
      - keep-alive
      Content-Length:
      - '37'
      Content-Type:
      - application/json
      ParameterSetName:
      - --storage-account -g -n --access-tier
      User-Agent:
      - AZURECLI/2.69.0 azsdk-python-core/1.31.0 Python/3.12.9 (Windows-10-10.0.19045-SP0)
    method: PUT
    uri: https://management.azure.com/subscriptions/00000000-0000-0000-0000-000000000000/resourceGroups/cli_tier000001/providers/Microsoft.Storage/storageAccounts/tier000002/fileServices/default/shares/share000004?api-version=2024-01-01
  response:
    body:
      string: '{"id":"/subscriptions/00000000-0000-0000-0000-000000000000/resourceGroups/cli_tier000001/providers/Microsoft.Storage/storageAccounts/tier000002/fileServices/default/shares/share000004","name":"share000004","type":"Microsoft.Storage/storageAccounts/fileServices/shares","properties":{"accessTier":"Hot"}}'
    headers:
      cache-control:
      - no-cache
      content-length:
      - '303'
      content-type:
      - application/json
      date:
      - Thu, 20 Feb 2025 14:45:39 GMT
      etag:
      - '"0x8DD51BD3EDECAB3"'
      expires:
      - '-1'
      pragma:
      - no-cache
      server:
      - Microsoft-Azure-Storage-Resource-Provider/1.0,Microsoft-HTTPAPI/2.0 Microsoft-HTTPAPI/2.0
      strict-transport-security:
      - max-age=31536000; includeSubDomains
      x-content-type-options:
      - nosniff
      x-ms-operation-identifier:
      - tenantId=54826b22-38d6-4fb2-bad9-b7b93a3e9c5a,objectId=a7250e3a-0e5e-48e2-9a34-45f1f5e1a91e/eastus2euap/b26f293b-20b5-49fe-bd6f-0721c6d66d0a
      x-ms-ratelimit-remaining-subscription-global-writes:
      - '2999'
      x-ms-ratelimit-remaining-subscription-writes:
      - '199'
    status:
      code: 201
      message: Created
version: 1
