interactions:
- request:
    body: null
    headers:
      Accept:
      - application/json
      Accept-Encoding:
      - gzip, deflate
      CommandName:
      - storage account keys list
      Connection:
      - keep-alive
      Content-Length:
      - '0'
      ParameterSetName:
      - -n -g --query -o
      User-Agent:
      - AZURECLI/2.53.0 azsdk-python-azure-mgmt-storage/21.1.0 Python/3.10.13 (Linux-5.15.0-1047-azure-x86_64-with-glibc2.31)
        VSTS_7b238909-6802-4b65-b90d-184bca47f458_build_220_0
    method: POST
    uri: https://management.azure.com/subscriptions/00000000-0000-0000-0000-000000000000/resourceGroups/clitest.rg000001/providers/Microsoft.Storage/storageAccounts/clitest000002/listKeys?api-version=2023-01-01&$expand=kerb
  response:
    body:
      string: '{"keys":[{"creationTime":"2023-10-19T09:53:34.6333699Z","keyName":"key1","value":"veryFakedStorageAccountKey==","permissions":"FULL"},{"creationTime":"2023-10-19T09:53:34.6333699Z","keyName":"key2","value":"veryFakedStorageAccountKey==","permissions":"FULL"}]}'
    headers:
      cache-control:
      - no-cache
      content-length:
      - '260'
      content-type:
      - application/json
      date:
      - Thu, 19 Oct 2023 09:53:55 GMT
      expires:
      - '-1'
      pragma:
      - no-cache
      server:
      - Microsoft-Azure-Storage-Resource-Provider/1.0,Microsoft-HTTPAPI/2.0 Microsoft-HTTPAPI/2.0
      strict-transport-security:
      - max-age=31536000; includeSubDomains
      transfer-encoding:
      - chunked
      vary:
      - Accept-Encoding
      x-content-type-options:
      - nosniff
      x-ms-ratelimit-remaining-subscription-resource-requests:
      - '11972'
    status:
      code: 200
      message: OK
- request:
    body: '{"TableName": "table000003"}'
    headers:
      Accept:
      - application/json;odata=minimalmetadata
      Accept-Encoding:
      - gzip, deflate
      CommandName:
      - storage table create
      Connection:
      - keep-alive
      Content-Length:
      - '28'
      Content-Type:
      - application/json;odata=nometadata
      DataServiceVersion:
      - '3.0'
      Date:
      - Thu, 19 Oct 2023 09:53:56 GMT
      ParameterSetName:
      - -n --fail-on-exist --account-name --account-key
      User-Agent:
      - AZURECLI/2.53.0 azsdk-python-data-tables/12.4.0 Python/3.10.13 (Linux-5.15.0-1047-azure-x86_64-with-glibc2.31)
        VSTS_7b238909-6802-4b65-b90d-184bca47f458_build_220_0
      x-ms-date:
      - Thu, 19 Oct 2023 09:53:56 GMT
      x-ms-version:
      - '2019-02-02'
    method: POST
    uri: https://clitest000002.table.core.windows.net/Tables
  response:
    body:
      string: '{"odata.metadata":"https://clitest000002.table.core.windows.net/$metadata#Tables/@Element","TableName":"table000003"}'
    headers:
      cache-control:
      - no-cache
      content-type:
      - application/json;odata=minimalmetadata;streaming=true;charset=utf-8
      date:
      - Thu, 19 Oct 2023 09:53:56 GMT
      location:
      - https://clitest000002.table.core.windows.net/Tables('table000003')
      server:
      - Windows-Azure-Table/1.0 Microsoft-HTTPAPI/2.0
      transfer-encoding:
      - chunked
      x-content-type-options:
      - nosniff
      x-ms-version:
      - '2019-02-02'
    status:
      code: 201
      message: Created
- request:
    body: null
    headers:
      Accept:
      - application/json;odata=minimalmetadata
      Accept-Encoding:
      - gzip, deflate
      CommandName:
      - storage table exists
      Connection:
      - keep-alive
      DataServiceVersion:
      - '3.0'
      Date:
      - Thu, 19 Oct 2023 09:53:56 GMT
      ParameterSetName:
      - -n --account-name --account-key
      User-Agent:
      - AZURECLI/2.53.0 azsdk-python-data-tables/12.4.0 Python/3.10.13 (Linux-5.15.0-1047-azure-x86_64-with-glibc2.31)
        VSTS_7b238909-6802-4b65-b90d-184bca47f458_build_220_0
      x-ms-date:
      - Thu, 19 Oct 2023 09:53:56 GMT
      x-ms-version:
      - '2019-02-02'
    method: GET
    uri: https://clitest000002.table.core.windows.net/Tables?$filter=TableName%20eq%20%27table000003%27
  response:
    body:
      string: '{"odata.metadata":"https://clitest000002.table.core.windows.net/$metadata#Tables","value":[{"TableName":"table000003"}]}'
    headers:
      cache-control:
      - no-cache
      content-type:
      - application/json;odata=minimalmetadata;streaming=true;charset=utf-8
      date:
      - Thu, 19 Oct 2023 09:53:56 GMT
      server:
      - Windows-Azure-Table/1.0 Microsoft-HTTPAPI/2.0
      transfer-encoding:
      - chunked
      x-content-type-options:
      - nosniff
      x-ms-version:
      - '2019-02-02'
    status:
      code: 200
      message: OK
- request:
    body: null
    headers:
      Accept:
      - application/json;odata=minimalmetadata
      Accept-Encoding:
      - gzip, deflate
      CommandName:
      - storage table list
      Connection:
      - keep-alive
      DataServiceVersion:
      - '3.0'
      Date:
      - Thu, 19 Oct 2023 09:53:57 GMT
      ParameterSetName:
      - --query --account-name --account-key
      User-Agent:
      - AZURECLI/2.53.0 azsdk-python-data-tables/12.4.0 Python/3.10.13 (Linux-5.15.0-1047-azure-x86_64-with-glibc2.31)
        VSTS_7b238909-6802-4b65-b90d-184bca47f458_build_220_0
      x-ms-date:
      - Thu, 19 Oct 2023 09:53:57 GMT
      x-ms-version:
      - '2019-02-02'
    method: GET
    uri: https://clitest000002.table.core.windows.net/Tables
  response:
    body:
      string: '{"odata.metadata":"https://clitest000002.table.core.windows.net/$metadata#Tables","value":[{"TableName":"table000003"}]}'
    headers:
      cache-control:
      - no-cache
      content-type:
      - application/json;odata=minimalmetadata;streaming=true;charset=utf-8
      date:
      - Thu, 19 Oct 2023 09:53:57 GMT
      server:
      - Windows-Azure-Table/1.0 Microsoft-HTTPAPI/2.0
      transfer-encoding:
      - chunked
      x-content-type-options:
      - nosniff
      x-ms-version:
      - '2019-02-02'
    status:
      code: 200
      message: OK
- request:
    body: '{"name": "test", "name@odata.type": "Edm.String", "value": "something",
      "value@odata.type": "Edm.String", "sizeInBytes": "86222504922", "sizeInBytes@odata.type":
      "Edm.Int64", "RowKey": "001", "RowKey@odata.type": "Edm.String", "PartitionKey":
      "001", "PartitionKey@odata.type": "Edm.String"}'
    headers:
      Accept:
      - application/json;odata=minimalmetadata
      Accept-Encoding:
      - gzip, deflate
      CommandName:
      - storage entity insert
      Connection:
      - keep-alive
      Content-Length:
      - '290'
      Content-Type:
      - application/json;odata=nometadata
      DataServiceVersion:
      - '3.0'
      Date:
      - Thu, 19 Oct 2023 09:53:57 GMT
      ParameterSetName:
      - -t -e --account-name --account-key
      User-Agent:
      - AZURECLI/2.53.0 azsdk-python-data-tables/12.4.0 Python/3.10.13 (Linux-5.15.0-1047-azure-x86_64-with-glibc2.31)
        VSTS_7b238909-6802-4b65-b90d-184bca47f458_build_220_0
      x-ms-date:
      - Thu, 19 Oct 2023 09:53:57 GMT
      x-ms-version:
      - '2019-02-02'
    method: POST
    uri: https://clitest000002.table.core.windows.net/table000003
  response:
    body:
      string: '{"odata.metadata":"https://clitest000002.table.core.windows.net/$metadata#table000003/@Element","odata.etag":"W/\"datetime''2023-10-19T09%3A53%3A57.9132104Z''\"","PartitionKey":"001","RowKey":"001","Timestamp":"2023-10-19T09:53:57.9132104Z","name":"test","value":"something","sizeInBytes@odata.type":"Edm.Int64","sizeInBytes":"86222504922"}'
    headers:
      cache-control:
      - no-cache
      content-type:
      - application/json;odata=minimalmetadata;streaming=true;charset=utf-8
      date:
      - Thu, 19 Oct 2023 09:53:57 GMT
      etag:
      - W/"datetime'2023-10-19T09%3A53%3A57.9132104Z'"
      location:
      - https://clitest000002.table.core.windows.net/table000003(PartitionKey='001',RowKey='001')
      server:
      - Windows-Azure-Table/1.0 Microsoft-HTTPAPI/2.0
      transfer-encoding:
      - chunked
      x-content-type-options:
      - nosniff
      x-ms-version:
      - '2019-02-02'
    status:
      code: 201
      message: Created
- request:
    body: null
    headers:
      Accept:
      - application/json;odata=minimalmetadata
      Accept-Encoding:
      - gzip, deflate
      CommandName:
      - storage entity show
      Connection:
      - keep-alive
      DataServiceVersion:
      - '3.0'
      Date:
      - Thu, 19 Oct 2023 09:53:58 GMT
      ParameterSetName:
      - -t --row-key --partition-key --account-name --account-key
      User-Agent:
      - AZURECLI/2.53.0 azsdk-python-data-tables/12.4.0 Python/3.10.13 (Linux-5.15.0-1047-azure-x86_64-with-glibc2.31)
        VSTS_7b238909-6802-4b65-b90d-184bca47f458_build_220_0
      x-ms-date:
      - Thu, 19 Oct 2023 09:53:58 GMT
      x-ms-version:
      - '2019-02-02'
    method: GET
    uri: https://clitest000002.table.core.windows.net/table000003(PartitionKey='001',RowKey='001')
  response:
    body:
      string: '{"odata.metadata":"https://clitest000002.table.core.windows.net/$metadata#table000003/@Element","odata.etag":"W/\"datetime''2023-10-19T09%3A53%3A57.9132104Z''\"","PartitionKey":"001","RowKey":"001","Timestamp":"2023-10-19T09:53:57.9132104Z","name":"test","value":"something","sizeInBytes@odata.type":"Edm.Int64","sizeInBytes":"86222504922"}'
    headers:
      cache-control:
      - no-cache
      content-type:
      - application/json;odata=minimalmetadata;streaming=true;charset=utf-8
      date:
      - Thu, 19 Oct 2023 09:53:58 GMT
      etag:
      - W/"datetime'2023-10-19T09%3A53%3A57.9132104Z'"
      server:
      - Windows-Azure-Table/1.0 Microsoft-HTTPAPI/2.0
      transfer-encoding:
      - chunked
      x-content-type-options:
      - nosniff
      x-ms-version:
      - '2019-02-02'
    status:
      code: 200
      message: OK
- request:
    body: null
    headers:
      Accept:
      - application/json;odata=minimalmetadata
      Accept-Encoding:
      - gzip, deflate
      CommandName:
      - storage entity show
      Connection:
      - keep-alive
      DataServiceVersion:
      - '3.0'
      Date:
      - Thu, 19 Oct 2023 09:53:58 GMT
      ParameterSetName:
      - -t --row-key --partition-key --select --account-name --account-key
      User-Agent:
      - AZURECLI/2.53.0 azsdk-python-data-tables/12.4.0 Python/3.10.13 (Linux-5.15.0-1047-azure-x86_64-with-glibc2.31)
        VSTS_7b238909-6802-4b65-b90d-184bca47f458_build_220_0
      x-ms-date:
      - Thu, 19 Oct 2023 09:53:58 GMT
      x-ms-version:
      - '2019-02-02'
    method: GET
    uri: https://clitest000002.table.core.windows.net/table000003(PartitionKey='001',RowKey='001')?$select=name
  response:
    body:
      string: '{"odata.metadata":"https://clitest000002.table.core.windows.net/$metadata#table000003/@Element&$select=name","odata.etag":"W/\"datetime''2023-10-19T09%3A53%3A57.9132104Z''\"","name":"test"}'
    headers:
      cache-control:
      - no-cache
      content-type:
      - application/json;odata=minimalmetadata;streaming=true;charset=utf-8
      date:
      - Thu, 19 Oct 2023 09:53:57 GMT
      etag:
      - W/"datetime'2023-10-19T09%3A53%3A57.9132104Z'"
      server:
      - Windows-Azure-Table/1.0 Microsoft-HTTPAPI/2.0
      transfer-encoding:
      - chunked
      x-content-type-options:
      - nosniff
      x-ms-version:
      - '2019-02-02'
    status:
      code: 200
      message: OK
- request:
    body: '{"name": "test", "name@odata.type": "Edm.String", "value": "newval", "value@odata.type":
      "Edm.String", "RowKey": "001", "RowKey@odata.type": "Edm.String", "PartitionKey":
      "001", "PartitionKey@odata.type": "Edm.String"}'
    headers:
      Accept:
      - application/json
      Accept-Encoding:
      - gzip, deflate
      CommandName:
      - storage entity merge
      Connection:
      - keep-alive
      Content-Length:
      - '218'
      Content-Type:
      - application/json
      DataServiceVersion:
      - '3.0'
      Date:
      - Thu, 19 Oct 2023 09:53:58 GMT
      If-Match:
      - '*'
      ParameterSetName:
      - -t -e --account-name --account-key
      User-Agent:
      - AZURECLI/2.53.0 azsdk-python-data-tables/12.4.0 Python/3.10.13 (Linux-5.15.0-1047-azure-x86_64-with-glibc2.31)
        VSTS_7b238909-6802-4b65-b90d-184bca47f458_build_220_0
      x-ms-date:
      - Thu, 19 Oct 2023 09:53:58 GMT
      x-ms-version:
      - '2019-02-02'
    method: PATCH
    uri: https://clitest000002.table.core.windows.net/table000003(PartitionKey='001',RowKey='001')
  response:
    body:
      string: ''
    headers:
      cache-control:
      - no-cache
      content-length:
      - '0'
      date:
      - Thu, 19 Oct 2023 09:53:58 GMT
      etag:
      - W/"datetime'2023-10-19T09%3A53%3A59.1148509Z'"
      server:
      - Windows-Azure-Table/1.0 Microsoft-HTTPAPI/2.0
      x-content-type-options:
      - nosniff
      x-ms-version:
      - '2019-02-02'
    status:
      code: 204
      message: No Content
- request:
    body: null
    headers:
      Accept:
      - application/json;odata=minimalmetadata
      Accept-Encoding:
      - gzip, deflate
      CommandName:
      - storage entity show
      Connection:
      - keep-alive
      DataServiceVersion:
      - '3.0'
      Date:
      - Thu, 19 Oct 2023 09:53:59 GMT
      ParameterSetName:
      - -t --row-key --partition-key --account-name --account-key
      User-Agent:
      - AZURECLI/2.53.0 azsdk-python-data-tables/12.4.0 Python/3.10.13 (Linux-5.15.0-1047-azure-x86_64-with-glibc2.31)
        VSTS_7b238909-6802-4b65-b90d-184bca47f458_build_220_0
      x-ms-date:
      - Thu, 19 Oct 2023 09:53:59 GMT
      x-ms-version:
      - '2019-02-02'
    method: GET
    uri: https://clitest000002.table.core.windows.net/table000003(PartitionKey='001',RowKey='001')
  response:
    body:
      string: '{"odata.metadata":"https://clitest000002.table.core.windows.net/$metadata#table000003/@Element","odata.etag":"W/\"datetime''2023-10-19T09%3A53%3A59.1148509Z''\"","PartitionKey":"001","RowKey":"001","Timestamp":"2023-10-19T09:53:59.1148509Z","name":"test","sizeInBytes@odata.type":"Edm.Int64","sizeInBytes":"86222504922","value":"newval"}'
    headers:
      cache-control:
      - no-cache
      content-type:
      - application/json;odata=minimalmetadata;streaming=true;charset=utf-8
      date:
      - Thu, 19 Oct 2023 09:53:58 GMT
      etag:
      - W/"datetime'2023-10-19T09%3A53%3A59.1148509Z'"
      server:
      - Windows-Azure-Table/1.0 Microsoft-HTTPAPI/2.0
      transfer-encoding:
      - chunked
      x-content-type-options:
      - nosniff
      x-ms-version:
      - '2019-02-02'
    status:
      code: 200
      message: OK
- request:
    body: '{"cat": "hat", "cat@odata.type": "Edm.String", "RowKey": "001", "RowKey@odata.type":
      "Edm.String", "PartitionKey": "001", "PartitionKey@odata.type": "Edm.String"}'
    headers:
      Accept:
      - application/json
      Accept-Encoding:
      - gzip, deflate
      CommandName:
      - storage entity replace
      Connection:
      - keep-alive
      Content-Length:
      - '162'
      Content-Type:
      - application/json
      DataServiceVersion:
      - '3.0'
      Date:
      - Thu, 19 Oct 2023 09:53:59 GMT
      If-Match:
      - '*'
      ParameterSetName:
      - -t -e --account-name --account-key
      User-Agent:
      - AZURECLI/2.53.0 azsdk-python-data-tables/12.4.0 Python/3.10.13 (Linux-5.15.0-1047-azure-x86_64-with-glibc2.31)
        VSTS_7b238909-6802-4b65-b90d-184bca47f458_build_220_0
      x-ms-date:
      - Thu, 19 Oct 2023 09:53:59 GMT
      x-ms-version:
      - '2019-02-02'
    method: PUT
    uri: https://clitest000002.table.core.windows.net/table000003(PartitionKey='001',RowKey='001')
  response:
    body:
      string: ''
    headers:
      cache-control:
      - no-cache
      content-length:
      - '0'
      date:
      - Thu, 19 Oct 2023 09:53:58 GMT
      etag:
      - W/"datetime'2023-10-19T09%3A53%3A59.859423Z'"
      server:
      - Windows-Azure-Table/1.0 Microsoft-HTTPAPI/2.0
      x-content-type-options:
      - nosniff
      x-ms-version:
      - '2019-02-02'
    status:
      code: 204
      message: No Content
- request:
    body: null
    headers:
      Accept:
      - application/json;odata=minimalmetadata
      Accept-Encoding:
      - gzip, deflate
      CommandName:
      - storage entity show
      Connection:
      - keep-alive
      DataServiceVersion:
      - '3.0'
      Date:
      - Thu, 19 Oct 2023 09:54:00 GMT
      ParameterSetName:
      - -t --row-key --partition-key --account-name --account-key
      User-Agent:
      - AZURECLI/2.53.0 azsdk-python-data-tables/12.4.0 Python/3.10.13 (Linux-5.15.0-1047-azure-x86_64-with-glibc2.31)
        VSTS_7b238909-6802-4b65-b90d-184bca47f458_build_220_0
      x-ms-date:
      - Thu, 19 Oct 2023 09:54:00 GMT
      x-ms-version:
      - '2019-02-02'
    method: GET
    uri: https://clitest000002.table.core.windows.net/table000003(PartitionKey='001',RowKey='001')
  response:
    body:
      string: '{"odata.metadata":"https://clitest000002.table.core.windows.net/$metadata#table000003/@Element","odata.etag":"W/\"datetime''2023-10-19T09%3A53%3A59.859423Z''\"","PartitionKey":"001","RowKey":"001","Timestamp":"2023-10-19T09:53:59.859423Z","cat":"hat"}'
    headers:
      cache-control:
      - no-cache
      content-type:
      - application/json;odata=minimalmetadata;streaming=true;charset=utf-8
      date:
      - Thu, 19 Oct 2023 09:53:59 GMT
      etag:
      - W/"datetime'2023-10-19T09%3A53%3A59.859423Z'"
      server:
      - Windows-Azure-Table/1.0 Microsoft-HTTPAPI/2.0
      transfer-encoding:
      - chunked
      x-content-type-options:
      - nosniff
      x-ms-version:
      - '2019-02-02'
    status:
      code: 200
      message: OK
- request:
    body: null
    headers:
      Accept:
      - application/json;odata=minimalmetadata
      Accept-Encoding:
      - gzip, deflate
      CommandName:
      - storage entity delete
      Connection:
      - keep-alive
      Content-Length:
      - '0'
      DataServiceVersion:
      - '3.0'
      Date:
      - Thu, 19 Oct 2023 09:54:00 GMT
      If-Match:
      - '*'
      ParameterSetName:
      - -t --row-key --partition-key --account-name --account-key
      User-Agent:
      - AZURECLI/2.53.0 azsdk-python-data-tables/12.4.0 Python/3.10.13 (Linux-5.15.0-1047-azure-x86_64-with-glibc2.31)
        VSTS_7b238909-6802-4b65-b90d-184bca47f458_build_220_0
      x-ms-date:
      - Thu, 19 Oct 2023 09:54:00 GMT
      x-ms-version:
      - '2019-02-02'
    method: DELETE
    uri: https://clitest000002.table.core.windows.net/table000003(PartitionKey='001',RowKey='001')
  response:
    body:
      string: ''
    headers:
      cache-control:
      - no-cache
      content-length:
      - '0'
      date:
      - Thu, 19 Oct 2023 09:54:00 GMT
      server:
      - Windows-Azure-Table/1.0 Microsoft-HTTPAPI/2.0
      x-content-type-options:
      - nosniff
      x-ms-version:
      - '2019-02-02'
    status:
      code: 204
      message: No Content
- request:
    body: null
    headers:
      Accept:
      - application/json;odata=minimalmetadata
      Accept-Encoding:
      - gzip, deflate
      CommandName:
      - storage entity show
      Connection:
      - keep-alive
      DataServiceVersion:
      - '3.0'
      Date:
      - Thu, 19 Oct 2023 09:54:00 GMT
      ParameterSetName:
      - -t --row-key --partition-key --account-name --account-key
      User-Agent:
      - AZURECLI/2.53.0 azsdk-python-data-tables/12.4.0 Python/3.10.13 (Linux-5.15.0-1047-azure-x86_64-with-glibc2.31)
        VSTS_7b238909-6802-4b65-b90d-184bca47f458_build_220_0
      x-ms-date:
      - Thu, 19 Oct 2023 09:54:00 GMT
      x-ms-version:
      - '2019-02-02'
    method: GET
    uri: https://clitest000002.table.core.windows.net/table000003(PartitionKey='001',RowKey='001')
  response:
    body:
      string: '{"odata.error":{"code":"ResourceNotFound","message":{"lang":"en-US","value":"The
        specified resource does not exist.\nRequestId:0efc08cf-5002-0010-3b72-021b1b000000\nTime:2023-10-19T09:54:00.9906865Z"}}}'
    headers:
      cache-control:
      - no-cache
      content-type:
      - application/json;odata=minimalmetadata;streaming=true;charset=utf-8
      date:
      - Thu, 19 Oct 2023 09:54:00 GMT
      server:
      - Windows-Azure-Table/1.0 Microsoft-HTTPAPI/2.0
      transfer-encoding:
      - chunked
      x-content-type-options:
      - nosniff
      x-ms-version:
      - '2019-02-02'
    status:
      code: 404
      message: Not Found
- request:
    body: '{"name": "test", "name@odata.type": "Edm.String", "value": "something",
      "value@odata.type": "Edm.String", "RowKey": "001", "RowKey@odata.type": "Edm.String",
      "PartitionKey": "001", "PartitionKey@odata.type": "Edm.String"}'
    headers:
      Accept:
      - application/json;odata=minimalmetadata
      Accept-Encoding:
      - gzip, deflate
      CommandName:
      - storage entity insert
      Connection:
      - keep-alive
      Content-Length:
      - '221'
      Content-Type:
      - application/json;odata=nometadata
      DataServiceVersion:
      - '3.0'
      Date:
      - Thu, 19 Oct 2023 09:54:01 GMT
      ParameterSetName:
      - -t -e --account-name --account-key
      User-Agent:
      - AZURECLI/2.53.0 azsdk-python-data-tables/12.4.0 Python/3.10.13 (Linux-5.15.0-1047-azure-x86_64-with-glibc2.31)
        VSTS_7b238909-6802-4b65-b90d-184bca47f458_build_220_0
      x-ms-date:
      - Thu, 19 Oct 2023 09:54:01 GMT
      x-ms-version:
      - '2019-02-02'
    method: POST
    uri: https://clitest000002.table.core.windows.net/table000003
  response:
    body:
      string: '{"odata.metadata":"https://clitest000002.table.core.windows.net/$metadata#table000003/@Element","odata.etag":"W/\"datetime''2023-10-19T09%3A54%3A01.4750081Z''\"","PartitionKey":"001","RowKey":"001","Timestamp":"2023-10-19T09:54:01.4750081Z","name":"test","value":"something"}'
    headers:
      cache-control:
      - no-cache
      content-type:
      - application/json;odata=minimalmetadata;streaming=true;charset=utf-8
      date:
      - Thu, 19 Oct 2023 09:54:01 GMT
      etag:
      - W/"datetime'2023-10-19T09%3A54%3A01.4750081Z'"
      location:
      - https://clitest000002.table.core.windows.net/table000003(PartitionKey='001',RowKey='001')
      server:
      - Windows-Azure-Table/1.0 Microsoft-HTTPAPI/2.0
      transfer-encoding:
      - chunked
      x-content-type-options:
      - nosniff
      x-ms-version:
      - '2019-02-02'
    status:
      code: 201
      message: Created
- request:
    body: '{"name": "test2", "name@odata.type": "Edm.String", "value": "something2",
      "value@odata.type": "Edm.String", "RowKey": "002", "RowKey@odata.type": "Edm.String",
      "PartitionKey": "002", "PartitionKey@odata.type": "Edm.String"}'
    headers:
      Accept:
      - application/json;odata=minimalmetadata
      Accept-Encoding:
      - gzip, deflate
      CommandName:
      - storage entity insert
      Connection:
      - keep-alive
      Content-Length:
      - '223'
      Content-Type:
      - application/json;odata=nometadata
      DataServiceVersion:
      - '3.0'
      Date:
      - Thu, 19 Oct 2023 09:54:01 GMT
      ParameterSetName:
      - -t -e --account-name --account-key
      User-Agent:
      - AZURECLI/2.53.0 azsdk-python-data-tables/12.4.0 Python/3.10.13 (Linux-5.15.0-1047-azure-x86_64-with-glibc2.31)
        VSTS_7b238909-6802-4b65-b90d-184bca47f458_build_220_0
      x-ms-date:
      - Thu, 19 Oct 2023 09:54:01 GMT
      x-ms-version:
      - '2019-02-02'
    method: POST
    uri: https://clitest000002.table.core.windows.net/table000003
  response:
    body:
      string: '{"odata.metadata":"https://clitest000002.table.core.windows.net/$metadata#table000003/@Element","odata.etag":"W/\"datetime''2023-10-19T09%3A54%3A01.9584512Z''\"","PartitionKey":"002","RowKey":"002","Timestamp":"2023-10-19T09:54:01.9584512Z","name":"test2","value":"something2"}'
    headers:
      cache-control:
      - no-cache
      content-type:
      - application/json;odata=minimalmetadata;streaming=true;charset=utf-8
      date:
      - Thu, 19 Oct 2023 09:54:01 GMT
      etag:
      - W/"datetime'2023-10-19T09%3A54%3A01.9584512Z'"
      location:
      - https://clitest000002.table.core.windows.net/table000003(PartitionKey='002',RowKey='002')
      server:
      - Windows-Azure-Table/1.0 Microsoft-HTTPAPI/2.0
      transfer-encoding:
      - chunked
      x-content-type-options:
      - nosniff
      x-ms-version:
      - '2019-02-02'
    status:
      code: 201
      message: Created
- request:
    body: null
    headers:
      Accept:
      - application/json;odata=minimalmetadata
      Accept-Encoding:
      - gzip, deflate
      CommandName:
      - storage entity query
      Connection:
      - keep-alive
      DataServiceVersion:
      - '3.0'
      Date:
      - Thu, 19 Oct 2023 09:54:02 GMT
      ParameterSetName:
      - -t --num-results --account-name --account-key
      User-Agent:
      - AZURECLI/2.53.0 azsdk-python-data-tables/12.4.0 Python/3.10.13 (Linux-5.15.0-1047-azure-x86_64-with-glibc2.31)
        VSTS_7b238909-6802-4b65-b90d-184bca47f458_build_220_0
      x-ms-date:
      - Thu, 19 Oct 2023 09:54:02 GMT
      x-ms-version:
      - '2019-02-02'
    method: GET
    uri: https://clitest000002.table.core.windows.net/table000003()?$top=1
  response:
    body:
      string: '{"odata.metadata":"https://clitest000002.table.core.windows.net/$metadata#table000003","value":[{"odata.etag":"W/\"datetime''2023-10-19T09%3A54%3A01.4750081Z''\"","PartitionKey":"001","RowKey":"001","Timestamp":"2023-10-19T09:54:01.4750081Z","name":"test","value":"something"}]}'
    headers:
      cache-control:
      - no-cache
      content-type:
      - application/json;odata=minimalmetadata;streaming=true;charset=utf-8
      date:
      - Thu, 19 Oct 2023 09:54:02 GMT
      server:
      - Windows-Azure-Table/1.0 Microsoft-HTTPAPI/2.0
      transfer-encoding:
      - chunked
      x-content-type-options:
      - nosniff
      x-ms-continuation-nextpartitionkey:
      - 1!4!MDAy
      x-ms-continuation-nextrowkey:
      - 1!4!MDAy
      x-ms-version:
      - '2019-02-02'
    status:
      code: 200
      message: OK
- request:
    body: null
    headers:
      Accept:
      - application/json;odata=minimalmetadata
      Accept-Encoding:
      - gzip, deflate
      CommandName:
      - storage entity query
      Connection:
      - keep-alive
      DataServiceVersion:
      - '3.0'
      Date:
      - Thu, 19 Oct 2023 09:54:02 GMT
      ParameterSetName:
      - -t --marker --account-name --account-key
      User-Agent:
      - AZURECLI/2.53.0 azsdk-python-data-tables/12.4.0 Python/3.10.13 (Linux-5.15.0-1047-azure-x86_64-with-glibc2.31)
        VSTS_7b238909-6802-4b65-b90d-184bca47f458_build_220_0
      x-ms-date:
      - Thu, 19 Oct 2023 09:54:02 GMT
      x-ms-version:
      - '2019-02-02'
    method: GET
    uri: https://clitest000002.table.core.windows.net/table000003()?NextPartitionKey=1%214%21MDAy&NextRowKey=1%214%21MDAy
  response:
    body:
      string: '{"odata.metadata":"https://clitest000002.table.core.windows.net/$metadata#table000003","value":[{"odata.etag":"W/\"datetime''2023-10-19T09%3A54%3A01.9584512Z''\"","PartitionKey":"002","RowKey":"002","Timestamp":"2023-10-19T09:54:01.9584512Z","name":"test2","value":"something2"}]}'
    headers:
      cache-control:
      - no-cache
      content-type:
      - application/json;odata=minimalmetadata;streaming=true;charset=utf-8
      date:
      - Thu, 19 Oct 2023 09:54:02 GMT
      server:
      - Windows-Azure-Table/1.0 Microsoft-HTTPAPI/2.0
      transfer-encoding:
      - chunked
      x-content-type-options:
      - nosniff
      x-ms-version:
      - '2019-02-02'
    status:
      code: 200
      message: OK
- request:
    body: null
    headers:
      Accept:
      - application/xml
      Accept-Encoding:
      - gzip, deflate
      CommandName:
      - storage table policy list
      Connection:
      - keep-alive
      Date:
      - Thu, 19 Oct 2023 09:54:02 GMT
      ParameterSetName:
      - -t --account-name --account-key
      User-Agent:
      - AZURECLI/2.53.0 azsdk-python-data-tables/12.4.0 Python/3.10.13 (Linux-5.15.0-1047-azure-x86_64-with-glibc2.31)
        VSTS_7b238909-6802-4b65-b90d-184bca47f458_build_220_0
      x-ms-date:
      - Thu, 19 Oct 2023 09:54:02 GMT
      x-ms-version:
      - '2019-02-02'
    method: GET
    uri: https://clitest000002.table.core.windows.net/table000003?comp=acl
  response:
    body:
      string: "\uFEFF<?xml version=\"1.0\" encoding=\"utf-8\"?><SignedIdentifiers
        />"
    headers:
      content-type:
      - application/xml
      date:
      - Thu, 19 Oct 2023 09:54:02 GMT
      server:
      - Windows-Azure-Table/1.0 Microsoft-HTTPAPI/2.0
      transfer-encoding:
      - chunked
      x-ms-version:
      - '2019-02-02'
    status:
      code: 200
      message: OK
- request:
    body: null
    headers:
      Accept:
      - application/xml
      Accept-Encoding:
      - gzip, deflate
      CommandName:
      - storage table policy create
      Connection:
      - keep-alive
      Date:
      - Thu, 19 Oct 2023 09:54:03 GMT
      ParameterSetName:
      - -t -n --permission --account-name --account-key
      User-Agent:
      - AZURECLI/2.53.0 azsdk-python-data-tables/12.4.0 Python/3.10.13 (Linux-5.15.0-1047-azure-x86_64-with-glibc2.31)
        VSTS_7b238909-6802-4b65-b90d-184bca47f458_build_220_0
      x-ms-date:
      - Thu, 19 Oct 2023 09:54:03 GMT
      x-ms-version:
      - '2019-02-02'
    method: GET
    uri: https://clitest000002.table.core.windows.net/table000003?comp=acl
  response:
    body:
      string: "\uFEFF<?xml version=\"1.0\" encoding=\"utf-8\"?><SignedIdentifiers
        />"
    headers:
      content-type:
      - application/xml
      date:
      - Thu, 19 Oct 2023 09:54:02 GMT
      server:
      - Windows-Azure-Table/1.0 Microsoft-HTTPAPI/2.0
      transfer-encoding:
      - chunked
      x-ms-version:
      - '2019-02-02'
    status:
      code: 200
      message: OK
- request:
    body: '<?xml version=''1.0'' encoding=''utf-8''?>

      <SignedIdentifiers><SignedIdentifier><Id>test1</Id><AccessPolicy><Permission>a</Permission></AccessPolicy></SignedIdentifier></SignedIdentifiers>'
    headers:
      Accept:
      - application/xml
      Accept-Encoding:
      - gzip, deflate
      CommandName:
      - storage table policy create
      Connection:
      - keep-alive
      Content-Length:
      - '184'
      Content-Type:
      - application/xml
      Date:
      - Thu, 19 Oct 2023 09:54:03 GMT
      ParameterSetName:
      - -t -n --permission --account-name --account-key
      User-Agent:
      - AZURECLI/2.53.0 azsdk-python-data-tables/12.4.0 Python/3.10.13 (Linux-5.15.0-1047-azure-x86_64-with-glibc2.31)
        VSTS_7b238909-6802-4b65-b90d-184bca47f458_build_220_0
      x-ms-date:
      - Thu, 19 Oct 2023 09:54:03 GMT
      x-ms-version:
      - '2019-02-02'
    method: PUT
    uri: https://clitest000002.table.core.windows.net/table000003?comp=acl
  response:
    body:
      string: ''
    headers:
      content-length:
      - '0'
      date:
      - Thu, 19 Oct 2023 09:54:02 GMT
      server:
      - Windows-Azure-Table/1.0 Microsoft-HTTPAPI/2.0
      x-ms-version:
      - '2019-02-02'
    status:
      code: 204
      message: No Content
- request:
    body: null
    headers:
      Accept:
      - application/xml
      Accept-Encoding:
      - gzip, deflate
      CommandName:
      - storage table policy create
      Connection:
      - keep-alive
      Date:
      - Thu, 19 Oct 2023 09:54:03 GMT
      ParameterSetName:
      - -t -n --start --account-name --account-key
      User-Agent:
      - AZURECLI/2.53.0 azsdk-python-data-tables/12.4.0 Python/3.10.13 (Linux-5.15.0-1047-azure-x86_64-with-glibc2.31)
        VSTS_7b238909-6802-4b65-b90d-184bca47f458_build_220_0
      x-ms-date:
      - Thu, 19 Oct 2023 09:54:03 GMT
      x-ms-version:
      - '2019-02-02'
    method: GET
    uri: https://clitest000002.table.core.windows.net/table000003?comp=acl
  response:
    body:
      string: "\uFEFF<?xml version=\"1.0\" encoding=\"utf-8\"?><SignedIdentifiers><SignedIdentifier><Id>test1</Id><AccessPolicy><Permission>a</Permission></AccessPolicy></SignedIdentifier></SignedIdentifiers>"
    headers:
      content-type:
      - application/xml
      date:
      - Thu, 19 Oct 2023 09:54:04 GMT
      server:
      - Windows-Azure-Table/1.0 Microsoft-HTTPAPI/2.0
      transfer-encoding:
      - chunked
      x-ms-version:
      - '2019-02-02'
    status:
      code: 200
      message: OK
- request:
    body: '<?xml version=''1.0'' encoding=''utf-8''?>

      <SignedIdentifiers><SignedIdentifier><Id>test1</Id><AccessPolicy><Permission>a</Permission></AccessPolicy></SignedIdentifier><SignedIdentifier><Id>test2</Id><AccessPolicy><Start>2016-01-01T00:00Z</Start></AccessPolicy></SignedIdentifier></SignedIdentifiers>'
    headers:
      Accept:
      - application/xml
      Accept-Encoding:
      - gzip, deflate
      CommandName:
      - storage table policy create
      Connection:
      - keep-alive
      Content-Length:
      - '296'
      Content-Type:
      - application/xml
      Date:
      - Thu, 19 Oct 2023 09:54:04 GMT
      ParameterSetName:
      - -t -n --start --account-name --account-key
      User-Agent:
      - AZURECLI/2.53.0 azsdk-python-data-tables/12.4.0 Python/3.10.13 (Linux-5.15.0-1047-azure-x86_64-with-glibc2.31)
        VSTS_7b238909-6802-4b65-b90d-184bca47f458_build_220_0
      x-ms-date:
      - Thu, 19 Oct 2023 09:54:04 GMT
      x-ms-version:
      - '2019-02-02'
    method: PUT
    uri: https://clitest000002.table.core.windows.net/table000003?comp=acl
  response:
    body:
      string: ''
    headers:
      content-length:
      - '0'
      date:
      - Thu, 19 Oct 2023 09:54:04 GMT
      server:
      - Windows-Azure-Table/1.0 Microsoft-HTTPAPI/2.0
      x-ms-version:
      - '2019-02-02'
    status:
      code: 204
      message: No Content
- request:
    body: null
    headers:
      Accept:
      - application/xml
      Accept-Encoding:
      - gzip, deflate
      CommandName:
      - storage table policy create
      Connection:
      - keep-alive
      Date:
      - Thu, 19 Oct 2023 09:54:04 GMT
      ParameterSetName:
      - -t -n --expiry --account-name --account-key
      User-Agent:
      - AZURECLI/2.53.0 azsdk-python-data-tables/12.4.0 Python/3.10.13 (Linux-5.15.0-1047-azure-x86_64-with-glibc2.31)
        VSTS_7b238909-6802-4b65-b90d-184bca47f458_build_220_0
      x-ms-date:
      - Thu, 19 Oct 2023 09:54:04 GMT
      x-ms-version:
      - '2019-02-02'
    method: GET
    uri: https://clitest000002.table.core.windows.net/table000003?comp=acl
  response:
    body:
      string: "\uFEFF<?xml version=\"1.0\" encoding=\"utf-8\"?><SignedIdentifiers><SignedIdentifier><Id>test1</Id><AccessPolicy><Permission>a</Permission></AccessPolicy></SignedIdentifier><SignedIdentifier><Id>test2</Id><AccessPolicy><Start>2016-01-01T00:00:00.0000000Z</Start></AccessPolicy></SignedIdentifier></SignedIdentifiers>"
    headers:
      content-type:
      - application/xml
      date:
      - Thu, 19 Oct 2023 09:54:03 GMT
      server:
      - Windows-Azure-Table/1.0 Microsoft-HTTPAPI/2.0
      transfer-encoding:
      - chunked
      x-ms-version:
      - '2019-02-02'
    status:
      code: 200
      message: OK
- request:
    body: '<?xml version=''1.0'' encoding=''utf-8''?>

      <SignedIdentifiers><SignedIdentifier><Id>test1</Id><AccessPolicy><Permission>a</Permission></AccessPolicy></SignedIdentifier><SignedIdentifier><Id>test2</Id><AccessPolicy><Start>2016-01-01T00:00:00Z</Start><Permission
      /></AccessPolicy></SignedIdentifier><SignedIdentifier><Id>test3</Id><AccessPolicy><Expiry>2018-01-01T00:00Z</Expiry></AccessPolicy></SignedIdentifier></SignedIdentifiers>'
    headers:
      Accept:
      - application/xml
      Accept-Encoding:
      - gzip, deflate
      CommandName:
      - storage table policy create
      Connection:
      - keep-alive
      Content-Length:
      - '427'
      Content-Type:
      - application/xml
      Date:
      - Thu, 19 Oct 2023 09:54:04 GMT
      ParameterSetName:
      - -t -n --expiry --account-name --account-key
      User-Agent:
      - AZURECLI/2.53.0 azsdk-python-data-tables/12.4.0 Python/3.10.13 (Linux-5.15.0-1047-azure-x86_64-with-glibc2.31)
        VSTS_7b238909-6802-4b65-b90d-184bca47f458_build_220_0
      x-ms-date:
      - Thu, 19 Oct 2023 09:54:04 GMT
      x-ms-version:
      - '2019-02-02'
    method: PUT
    uri: https://clitest000002.table.core.windows.net/table000003?comp=acl
  response:
    body:
      string: ''
    headers:
      content-length:
      - '0'
      date:
      - Thu, 19 Oct 2023 09:54:04 GMT
      server:
      - Windows-Azure-Table/1.0 Microsoft-HTTPAPI/2.0
      x-ms-version:
      - '2019-02-02'
    status:
      code: 204
      message: No Content
- request:
    body: null
    headers:
      Accept:
      - application/xml
      Accept-Encoding:
      - gzip, deflate
      CommandName:
      - storage table policy create
      Connection:
      - keep-alive
      Date:
      - Thu, 19 Oct 2023 09:54:04 GMT
      ParameterSetName:
      - -t -n --permission --start --expiry --account-name --account-key
      User-Agent:
      - AZURECLI/2.53.0 azsdk-python-data-tables/12.4.0 Python/3.10.13 (Linux-5.15.0-1047-azure-x86_64-with-glibc2.31)
        VSTS_7b238909-6802-4b65-b90d-184bca47f458_build_220_0
      x-ms-date:
      - Thu, 19 Oct 2023 09:54:04 GMT
      x-ms-version:
      - '2019-02-02'
    method: GET
    uri: https://clitest000002.table.core.windows.net/table000003?comp=acl
  response:
    body:
      string: "\uFEFF<?xml version=\"1.0\" encoding=\"utf-8\"?><SignedIdentifiers><SignedIdentifier><Id>test1</Id><AccessPolicy><Permission>a</Permission></AccessPolicy></SignedIdentifier><SignedIdentifier><Id>test2</Id><AccessPolicy><Start>2016-01-01T00:00:00.0000000Z</Start></AccessPolicy></SignedIdentifier><SignedIdentifier><Id>test3</Id><AccessPolicy><Expiry>2018-01-01T00:00:00.0000000Z</Expiry></AccessPolicy></SignedIdentifier></SignedIdentifiers>"
    headers:
      content-type:
      - application/xml
      date:
      - Thu, 19 Oct 2023 09:54:04 GMT
      server:
      - Windows-Azure-Table/1.0 Microsoft-HTTPAPI/2.0
      transfer-encoding:
      - chunked
      x-ms-version:
      - '2019-02-02'
    status:
      code: 200
      message: OK
- request:
    body: '<?xml version=''1.0'' encoding=''utf-8''?>

      <SignedIdentifiers><SignedIdentifier><Id>test1</Id><AccessPolicy><Permission>a</Permission></AccessPolicy></SignedIdentifier><SignedIdentifier><Id>test2</Id><AccessPolicy><Start>2016-01-01T00:00:00Z</Start><Permission
      /></AccessPolicy></SignedIdentifier><SignedIdentifier><Id>test3</Id><AccessPolicy><Expiry>2018-01-01T00:00:00Z</Expiry><Permission
      /></AccessPolicy></SignedIdentifier><SignedIdentifier><Id>test4</Id><AccessPolicy><Start>2016-01-01T00:00Z</Start><Expiry>2016-05-01T00:00Z</Expiry><Permission>raud</Permission></AccessPolicy></SignedIdentifier></SignedIdentifiers>'
    headers:
      Accept:
      - application/xml
      Accept-Encoding:
      - gzip, deflate
      CommandName:
      - storage table policy create
      Connection:
      - keep-alive
      Content-Length:
      - '619'
      Content-Type:
      - application/xml
      Date:
      - Thu, 19 Oct 2023 09:54:05 GMT
      ParameterSetName:
      - -t -n --permission --start --expiry --account-name --account-key
      User-Agent:
      - AZURECLI/2.53.0 azsdk-python-data-tables/12.4.0 Python/3.10.13 (Linux-5.15.0-1047-azure-x86_64-with-glibc2.31)
        VSTS_7b238909-6802-4b65-b90d-184bca47f458_build_220_0
      x-ms-date:
      - Thu, 19 Oct 2023 09:54:05 GMT
      x-ms-version:
      - '2019-02-02'
    method: PUT
    uri: https://clitest000002.table.core.windows.net/table000003?comp=acl
  response:
    body:
      string: ''
    headers:
      content-length:
      - '0'
      date:
      - Thu, 19 Oct 2023 09:54:04 GMT
      server:
      - Windows-Azure-Table/1.0 Microsoft-HTTPAPI/2.0
      x-ms-version:
      - '2019-02-02'
    status:
      code: 204
      message: No Content
- request:
    body: null
    headers:
      Accept:
      - application/xml
      Accept-Encoding:
      - gzip, deflate
      CommandName:
      - storage table policy list
      Connection:
      - keep-alive
      Date:
      - Thu, 19 Oct 2023 09:54:05 GMT
      ParameterSetName:
      - -t --account-name --account-key
      User-Agent:
      - AZURECLI/2.53.0 azsdk-python-data-tables/12.4.0 Python/3.10.13 (Linux-5.15.0-1047-azure-x86_64-with-glibc2.31)
        VSTS_7b238909-6802-4b65-b90d-184bca47f458_build_220_0
      x-ms-date:
      - Thu, 19 Oct 2023 09:54:05 GMT
      x-ms-version:
      - '2019-02-02'
    method: GET
    uri: https://clitest000002.table.core.windows.net/table000003?comp=acl
  response:
    body:
      string: "\uFEFF<?xml version=\"1.0\" encoding=\"utf-8\"?><SignedIdentifiers><SignedIdentifier><Id>test1</Id><AccessPolicy><Permission>a</Permission></AccessPolicy></SignedIdentifier><SignedIdentifier><Id>test2</Id><AccessPolicy><Start>2016-01-01T00:00:00.0000000Z</Start></AccessPolicy></SignedIdentifier><SignedIdentifier><Id>test3</Id><AccessPolicy><Expiry>2018-01-01T00:00:00.0000000Z</Expiry></AccessPolicy></SignedIdentifier><SignedIdentifier><Id>test4</Id><AccessPolicy><Start>2016-01-01T00:00:00.0000000Z</Start><Expiry>2016-05-01T00:00:00.0000000Z</Expiry><Permission>raud</Permission></AccessPolicy></SignedIdentifier></SignedIdentifiers>"
    headers:
      content-type:
      - application/xml
      date:
      - Thu, 19 Oct 2023 09:54:05 GMT
      server:
      - Windows-Azure-Table/1.0 Microsoft-HTTPAPI/2.0
      transfer-encoding:
      - chunked
      x-ms-version:
      - '2019-02-02'
    status:
      code: 200
      message: OK
- request:
    body: null
    headers:
      Accept:
      - application/xml
      Accept-Encoding:
      - gzip, deflate
      CommandName:
      - storage table policy show
      Connection:
      - keep-alive
      Date:
      - Thu, 19 Oct 2023 09:54:05 GMT
      ParameterSetName:
      - -t -n --account-name --account-key
      User-Agent:
      - AZURECLI/2.53.0 azsdk-python-data-tables/12.4.0 Python/3.10.13 (Linux-5.15.0-1047-azure-x86_64-with-glibc2.31)
        VSTS_7b238909-6802-4b65-b90d-184bca47f458_build_220_0
      x-ms-date:
      - Thu, 19 Oct 2023 09:54:05 GMT
      x-ms-version:
      - '2019-02-02'
    method: GET
    uri: https://clitest000002.table.core.windows.net/table000003?comp=acl
  response:
    body:
      string: "\uFEFF<?xml version=\"1.0\" encoding=\"utf-8\"?><SignedIdentifiers><SignedIdentifier><Id>test1</Id><AccessPolicy><Permission>a</Permission></AccessPolicy></SignedIdentifier><SignedIdentifier><Id>test2</Id><AccessPolicy><Start>2016-01-01T00:00:00.0000000Z</Start></AccessPolicy></SignedIdentifier><SignedIdentifier><Id>test3</Id><AccessPolicy><Expiry>2018-01-01T00:00:00.0000000Z</Expiry></AccessPolicy></SignedIdentifier><SignedIdentifier><Id>test4</Id><AccessPolicy><Start>2016-01-01T00:00:00.0000000Z</Start><Expiry>2016-05-01T00:00:00.0000000Z</Expiry><Permission>raud</Permission></AccessPolicy></SignedIdentifier></SignedIdentifiers>"
    headers:
      content-type:
      - application/xml
      date:
      - Thu, 19 Oct 2023 09:54:05 GMT
      server:
      - Windows-Azure-Table/1.0 Microsoft-HTTPAPI/2.0
      transfer-encoding:
      - chunked
      x-ms-version:
      - '2019-02-02'
    status:
      code: 200
      message: OK
- request:
    body: null
    headers:
      Accept:
      - application/xml
      Accept-Encoding:
      - gzip, deflate
      CommandName:
      - storage table policy show
      Connection:
      - keep-alive
      Date:
      - Thu, 19 Oct 2023 09:54:06 GMT
      ParameterSetName:
      - -t -n --account-name --account-key
      User-Agent:
      - AZURECLI/2.53.0 azsdk-python-data-tables/12.4.0 Python/3.10.13 (Linux-5.15.0-1047-azure-x86_64-with-glibc2.31)
        VSTS_7b238909-6802-4b65-b90d-184bca47f458_build_220_0
      x-ms-date:
      - Thu, 19 Oct 2023 09:54:06 GMT
      x-ms-version:
      - '2019-02-02'
    method: GET
    uri: https://clitest000002.table.core.windows.net/table000003?comp=acl
  response:
    body:
      string: "\uFEFF<?xml version=\"1.0\" encoding=\"utf-8\"?><SignedIdentifiers><SignedIdentifier><Id>test1</Id><AccessPolicy><Permission>a</Permission></AccessPolicy></SignedIdentifier><SignedIdentifier><Id>test2</Id><AccessPolicy><Start>2016-01-01T00:00:00.0000000Z</Start></AccessPolicy></SignedIdentifier><SignedIdentifier><Id>test3</Id><AccessPolicy><Expiry>2018-01-01T00:00:00.0000000Z</Expiry></AccessPolicy></SignedIdentifier><SignedIdentifier><Id>test4</Id><AccessPolicy><Start>2016-01-01T00:00:00.0000000Z</Start><Expiry>2016-05-01T00:00:00.0000000Z</Expiry><Permission>raud</Permission></AccessPolicy></SignedIdentifier></SignedIdentifiers>"
    headers:
      content-type:
      - application/xml
      date:
      - Thu, 19 Oct 2023 09:54:06 GMT
      server:
      - Windows-Azure-Table/1.0 Microsoft-HTTPAPI/2.0
      transfer-encoding:
      - chunked
      x-ms-version:
      - '2019-02-02'
    status:
      code: 200
      message: OK
- request:
    body: null
    headers:
      Accept:
      - application/xml
      Accept-Encoding:
      - gzip, deflate
      CommandName:
      - storage table policy show
      Connection:
      - keep-alive
      Date:
      - Thu, 19 Oct 2023 09:54:06 GMT
      ParameterSetName:
      - -t -n --account-name --account-key
      User-Agent:
      - AZURECLI/2.53.0 azsdk-python-data-tables/12.4.0 Python/3.10.13 (Linux-5.15.0-1047-azure-x86_64-with-glibc2.31)
        VSTS_7b238909-6802-4b65-b90d-184bca47f458_build_220_0
      x-ms-date:
      - Thu, 19 Oct 2023 09:54:06 GMT
      x-ms-version:
      - '2019-02-02'
    method: GET
    uri: https://clitest000002.table.core.windows.net/table000003?comp=acl
  response:
    body:
      string: "\uFEFF<?xml version=\"1.0\" encoding=\"utf-8\"?><SignedIdentifiers><SignedIdentifier><Id>test1</Id><AccessPolicy><Permission>a</Permission></AccessPolicy></SignedIdentifier><SignedIdentifier><Id>test2</Id><AccessPolicy><Start>2016-01-01T00:00:00.0000000Z</Start></AccessPolicy></SignedIdentifier><SignedIdentifier><Id>test3</Id><AccessPolicy><Expiry>2018-01-01T00:00:00.0000000Z</Expiry></AccessPolicy></SignedIdentifier><SignedIdentifier><Id>test4</Id><AccessPolicy><Start>2016-01-01T00:00:00.0000000Z</Start><Expiry>2016-05-01T00:00:00.0000000Z</Expiry><Permission>raud</Permission></AccessPolicy></SignedIdentifier></SignedIdentifiers>"
    headers:
      content-type:
      - application/xml
      date:
      - Thu, 19 Oct 2023 09:54:06 GMT
      server:
      - Windows-Azure-Table/1.0 Microsoft-HTTPAPI/2.0
      transfer-encoding:
      - chunked
      x-ms-version:
      - '2019-02-02'
    status:
      code: 200
      message: OK
- request:
    body: null
    headers:
      Accept:
      - application/xml
      Accept-Encoding:
      - gzip, deflate
      CommandName:
      - storage table policy show
      Connection:
      - keep-alive
      Date:
      - Thu, 19 Oct 2023 09:54:07 GMT
      ParameterSetName:
      - -t -n --account-name --account-key
      User-Agent:
      - AZURECLI/2.53.0 azsdk-python-data-tables/12.4.0 Python/3.10.13 (Linux-5.15.0-1047-azure-x86_64-with-glibc2.31)
        VSTS_7b238909-6802-4b65-b90d-184bca47f458_build_220_0
      x-ms-date:
      - Thu, 19 Oct 2023 09:54:07 GMT
      x-ms-version:
      - '2019-02-02'
    method: GET
    uri: https://clitest000002.table.core.windows.net/table000003?comp=acl
  response:
    body:
      string: "\uFEFF<?xml version=\"1.0\" encoding=\"utf-8\"?><SignedIdentifiers><SignedIdentifier><Id>test1</Id><AccessPolicy><Permission>a</Permission></AccessPolicy></SignedIdentifier><SignedIdentifier><Id>test2</Id><AccessPolicy><Start>2016-01-01T00:00:00.0000000Z</Start></AccessPolicy></SignedIdentifier><SignedIdentifier><Id>test3</Id><AccessPolicy><Expiry>2018-01-01T00:00:00.0000000Z</Expiry></AccessPolicy></SignedIdentifier><SignedIdentifier><Id>test4</Id><AccessPolicy><Start>2016-01-01T00:00:00.0000000Z</Start><Expiry>2016-05-01T00:00:00.0000000Z</Expiry><Permission>raud</Permission></AccessPolicy></SignedIdentifier></SignedIdentifiers>"
    headers:
      content-type:
      - application/xml
      date:
      - Thu, 19 Oct 2023 09:54:07 GMT
      server:
      - Windows-Azure-Table/1.0 Microsoft-HTTPAPI/2.0
      transfer-encoding:
      - chunked
      x-ms-version:
      - '2019-02-02'
    status:
      code: 200
      message: OK
- request:
    body: null
    headers:
      Accept:
      - application/xml
      Accept-Encoding:
      - gzip, deflate
      CommandName:
      - storage table policy update
      Connection:
      - keep-alive
      Date:
      - Thu, 19 Oct 2023 09:54:07 GMT
      ParameterSetName:
      - -t -n --permission --account-name --account-key
      User-Agent:
      - AZURECLI/2.53.0 azsdk-python-data-tables/12.4.0 Python/3.10.13 (Linux-5.15.0-1047-azure-x86_64-with-glibc2.31)
        VSTS_7b238909-6802-4b65-b90d-184bca47f458_build_220_0
      x-ms-date:
      - Thu, 19 Oct 2023 09:54:07 GMT
      x-ms-version:
      - '2019-02-02'
    method: GET
    uri: https://clitest000002.table.core.windows.net/table000003?comp=acl
  response:
    body:
      string: "\uFEFF<?xml version=\"1.0\" encoding=\"utf-8\"?><SignedIdentifiers><SignedIdentifier><Id>test1</Id><AccessPolicy><Permission>a</Permission></AccessPolicy></SignedIdentifier><SignedIdentifier><Id>test2</Id><AccessPolicy><Start>2016-01-01T00:00:00.0000000Z</Start></AccessPolicy></SignedIdentifier><SignedIdentifier><Id>test3</Id><AccessPolicy><Expiry>2018-01-01T00:00:00.0000000Z</Expiry></AccessPolicy></SignedIdentifier><SignedIdentifier><Id>test4</Id><AccessPolicy><Start>2016-01-01T00:00:00.0000000Z</Start><Expiry>2016-05-01T00:00:00.0000000Z</Expiry><Permission>raud</Permission></AccessPolicy></SignedIdentifier></SignedIdentifiers>"
    headers:
      content-type:
      - application/xml
      date:
      - Thu, 19 Oct 2023 09:54:07 GMT
      server:
      - Windows-Azure-Table/1.0 Microsoft-HTTPAPI/2.0
      transfer-encoding:
      - chunked
      x-ms-version:
      - '2019-02-02'
    status:
      code: 200
      message: OK
- request:
    body: '<?xml version=''1.0'' encoding=''utf-8''?>

      <SignedIdentifiers><SignedIdentifier><Id>test1</Id><AccessPolicy><Permission>au</Permission></AccessPolicy></SignedIdentifier><SignedIdentifier><Id>test2</Id><AccessPolicy><Start>2016-01-01T00:00:00Z</Start><Permission
      /></AccessPolicy></SignedIdentifier><SignedIdentifier><Id>test3</Id><AccessPolicy><Expiry>2018-01-01T00:00:00Z</Expiry><Permission
      /></AccessPolicy></SignedIdentifier><SignedIdentifier><Id>test4</Id><AccessPolicy><Start>2016-01-01T00:00:00Z</Start><Expiry>2016-05-01T00:00:00Z</Expiry><Permission>raud</Permission></AccessPolicy></SignedIdentifier></SignedIdentifiers>'
    headers:
      Accept:
      - application/xml
      Accept-Encoding:
      - gzip, deflate
      CommandName:
      - storage table policy update
      Connection:
      - keep-alive
      Content-Length:
      - '626'
      Content-Type:
      - application/xml
      Date:
      - Thu, 19 Oct 2023 09:54:07 GMT
      ParameterSetName:
      - -t -n --permission --account-name --account-key
      User-Agent:
      - AZURECLI/2.53.0 azsdk-python-data-tables/12.4.0 Python/3.10.13 (Linux-5.15.0-1047-azure-x86_64-with-glibc2.31)
        VSTS_7b238909-6802-4b65-b90d-184bca47f458_build_220_0
      x-ms-date:
      - Thu, 19 Oct 2023 09:54:07 GMT
      x-ms-version:
      - '2019-02-02'
    method: PUT
    uri: https://clitest000002.table.core.windows.net/table000003?comp=acl
  response:
    body:
      string: ''
    headers:
      content-length:
      - '0'
      date:
      - Thu, 19 Oct 2023 09:54:07 GMT
      server:
      - Windows-Azure-Table/1.0 Microsoft-HTTPAPI/2.0
      x-ms-version:
      - '2019-02-02'
    status:
      code: 204
      message: No Content
- request:
    body: null
    headers:
      Accept:
      - application/xml
      Accept-Encoding:
      - gzip, deflate
      CommandName:
      - storage table policy show
      Connection:
      - keep-alive
      Date:
      - Thu, 19 Oct 2023 09:54:08 GMT
      ParameterSetName:
      - -t -n --account-name --account-key
      User-Agent:
      - AZURECLI/2.53.0 azsdk-python-data-tables/12.4.0 Python/3.10.13 (Linux-5.15.0-1047-azure-x86_64-with-glibc2.31)
        VSTS_7b238909-6802-4b65-b90d-184bca47f458_build_220_0
      x-ms-date:
      - Thu, 19 Oct 2023 09:54:08 GMT
      x-ms-version:
      - '2019-02-02'
    method: GET
    uri: https://clitest000002.table.core.windows.net/table000003?comp=acl
  response:
    body:
      string: "\uFEFF<?xml version=\"1.0\" encoding=\"utf-8\"?><SignedIdentifiers><SignedIdentifier><Id>test1</Id><AccessPolicy><Permission>au</Permission></AccessPolicy></SignedIdentifier><SignedIdentifier><Id>test2</Id><AccessPolicy><Start>2016-01-01T00:00:00.0000000Z</Start></AccessPolicy></SignedIdentifier><SignedIdentifier><Id>test3</Id><AccessPolicy><Expiry>2018-01-01T00:00:00.0000000Z</Expiry></AccessPolicy></SignedIdentifier><SignedIdentifier><Id>test4</Id><AccessPolicy><Start>2016-01-01T00:00:00.0000000Z</Start><Expiry>2016-05-01T00:00:00.0000000Z</Expiry><Permission>raud</Permission></AccessPolicy></SignedIdentifier></SignedIdentifiers>"
    headers:
      content-type:
      - application/xml
      date:
      - Thu, 19 Oct 2023 09:54:08 GMT
      server:
      - Windows-Azure-Table/1.0 Microsoft-HTTPAPI/2.0
      transfer-encoding:
      - chunked
      x-ms-version:
      - '2019-02-02'
    status:
      code: 200
      message: OK
- request:
    body: null
    headers:
      Accept:
      - application/xml
      Accept-Encoding:
      - gzip, deflate
      CommandName:
      - storage table policy delete
      Connection:
      - keep-alive
      Date:
      - Thu, 19 Oct 2023 09:54:08 GMT
      ParameterSetName:
      - -t -n --account-name --account-key
      User-Agent:
      - AZURECLI/2.53.0 azsdk-python-data-tables/12.4.0 Python/3.10.13 (Linux-5.15.0-1047-azure-x86_64-with-glibc2.31)
        VSTS_7b238909-6802-4b65-b90d-184bca47f458_build_220_0
      x-ms-date:
      - Thu, 19 Oct 2023 09:54:08 GMT
      x-ms-version:
      - '2019-02-02'
    method: GET
    uri: https://clitest000002.table.core.windows.net/table000003?comp=acl
  response:
    body:
      string: "\uFEFF<?xml version=\"1.0\" encoding=\"utf-8\"?><SignedIdentifiers><SignedIdentifier><Id>test1</Id><AccessPolicy><Permission>au</Permission></AccessPolicy></SignedIdentifier><SignedIdentifier><Id>test2</Id><AccessPolicy><Start>2016-01-01T00:00:00.0000000Z</Start></AccessPolicy></SignedIdentifier><SignedIdentifier><Id>test3</Id><AccessPolicy><Expiry>2018-01-01T00:00:00.0000000Z</Expiry></AccessPolicy></SignedIdentifier><SignedIdentifier><Id>test4</Id><AccessPolicy><Start>2016-01-01T00:00:00.0000000Z</Start><Expiry>2016-05-01T00:00:00.0000000Z</Expiry><Permission>raud</Permission></AccessPolicy></SignedIdentifier></SignedIdentifiers>"
    headers:
      content-type:
      - application/xml
      date:
      - Thu, 19 Oct 2023 09:54:08 GMT
      server:
      - Windows-Azure-Table/1.0 Microsoft-HTTPAPI/2.0
      transfer-encoding:
      - chunked
      x-ms-version:
      - '2019-02-02'
    status:
      code: 200
      message: OK
- request:
    body: '<?xml version=''1.0'' encoding=''utf-8''?>

      <SignedIdentifiers><SignedIdentifier><Id>test2</Id><AccessPolicy><Start>2016-01-01T00:00:00Z</Start><Permission
      /></AccessPolicy></SignedIdentifier><SignedIdentifier><Id>test3</Id><AccessPolicy><Expiry>2018-01-01T00:00:00Z</Expiry><Permission
      /></AccessPolicy></SignedIdentifier><SignedIdentifier><Id>test4</Id><AccessPolicy><Start>2016-01-01T00:00:00Z</Start><Expiry>2016-05-01T00:00:00Z</Expiry><Permission>raud</Permission></AccessPolicy></SignedIdentifier></SignedIdentifiers>'
    headers:
      Accept:
      - application/xml
      Accept-Encoding:
      - gzip, deflate
      CommandName:
      - storage table policy delete
      Connection:
      - keep-alive
      Content-Length:
      - '519'
      Content-Type:
      - application/xml
      Date:
      - Thu, 19 Oct 2023 09:54:08 GMT
      ParameterSetName:
      - -t -n --account-name --account-key
      User-Agent:
      - AZURECLI/2.53.0 azsdk-python-data-tables/12.4.0 Python/3.10.13 (Linux-5.15.0-1047-azure-x86_64-with-glibc2.31)
        VSTS_7b238909-6802-4b65-b90d-184bca47f458_build_220_0
      x-ms-date:
      - Thu, 19 Oct 2023 09:54:08 GMT
      x-ms-version:
      - '2019-02-02'
    method: PUT
    uri: https://clitest000002.table.core.windows.net/table000003?comp=acl
  response:
    body:
      string: ''
    headers:
      content-length:
      - '0'
      date:
      - Thu, 19 Oct 2023 09:54:08 GMT
      server:
      - Windows-Azure-Table/1.0 Microsoft-HTTPAPI/2.0
      x-ms-version:
      - '2019-02-02'
    status:
      code: 204
      message: No Content
- request:
    body: null
    headers:
      Accept:
      - application/xml
      Accept-Encoding:
      - gzip, deflate
      CommandName:
      - storage table policy list
      Connection:
      - keep-alive
      Date:
      - Thu, 19 Oct 2023 09:54:09 GMT
      ParameterSetName:
      - -t --account-name --account-key
      User-Agent:
      - AZURECLI/2.53.0 azsdk-python-data-tables/12.4.0 Python/3.10.13 (Linux-5.15.0-1047-azure-x86_64-with-glibc2.31)
        VSTS_7b238909-6802-4b65-b90d-184bca47f458_build_220_0
      x-ms-date:
      - Thu, 19 Oct 2023 09:54:09 GMT
      x-ms-version:
      - '2019-02-02'
    method: GET
    uri: https://clitest000002.table.core.windows.net/table000003?comp=acl
  response:
    body:
      string: "\uFEFF<?xml version=\"1.0\" encoding=\"utf-8\"?><SignedIdentifiers><SignedIdentifier><Id>test2</Id><AccessPolicy><Start>2016-01-01T00:00:00.0000000Z</Start></AccessPolicy></SignedIdentifier><SignedIdentifier><Id>test3</Id><AccessPolicy><Expiry>2018-01-01T00:00:00.0000000Z</Expiry></AccessPolicy></SignedIdentifier><SignedIdentifier><Id>test4</Id><AccessPolicy><Start>2016-01-01T00:00:00.0000000Z</Start><Expiry>2016-05-01T00:00:00.0000000Z</Expiry><Permission>raud</Permission></AccessPolicy></SignedIdentifier></SignedIdentifiers>"
    headers:
      content-type:
      - application/xml
      date:
      - Thu, 19 Oct 2023 09:54:08 GMT
      server:
      - Windows-Azure-Table/1.0 Microsoft-HTTPAPI/2.0
      transfer-encoding:
      - chunked
      x-ms-version:
      - '2019-02-02'
    status:
      code: 200
      message: OK
- request:
    body: null
    headers:
      Accept:
      - application/json;odata=minimalmetadata
      Accept-Encoding:
      - gzip, deflate
      CommandName:
      - storage table delete
      Connection:
      - keep-alive
      DataServiceVersion:
      - '3.0'
      Date:
      - Thu, 19 Oct 2023 09:54:09 GMT
      ParameterSetName:
      - --name --fail-not-exist --account-name --account-key
      User-Agent:
      - AZURECLI/2.53.0 azsdk-python-data-tables/12.4.0 Python/3.10.13 (Linux-5.15.0-1047-azure-x86_64-with-glibc2.31)
        VSTS_7b238909-6802-4b65-b90d-184bca47f458_build_220_0
      x-ms-date:
      - Thu, 19 Oct 2023 09:54:09 GMT
      x-ms-version:
      - '2019-02-02'
    method: GET
    uri: https://clitest000002.table.core.windows.net/Tables?$filter=TableName%20eq%20%27table000003%27
  response:
    body:
      string: '{"odata.metadata":"https://clitest000002.table.core.windows.net/$metadata#Tables","value":[{"TableName":"table000003"}]}'
    headers:
      cache-control:
      - no-cache
      content-type:
      - application/json;odata=minimalmetadata;streaming=true;charset=utf-8
      date:
      - Thu, 19 Oct 2023 09:54:09 GMT
      server:
      - Windows-Azure-Table/1.0 Microsoft-HTTPAPI/2.0
      transfer-encoding:
      - chunked
      x-content-type-options:
      - nosniff
      x-ms-version:
      - '2019-02-02'
    status:
      code: 200
      message: OK
- request:
    body: null
    headers:
      Accept:
      - application/json
      Accept-Encoding:
      - gzip, deflate
      CommandName:
      - storage table delete
      Connection:
      - keep-alive
      Content-Length:
      - '0'
      Date:
      - Thu, 19 Oct 2023 09:54:09 GMT
      ParameterSetName:
      - --name --fail-not-exist --account-name --account-key
      User-Agent:
      - AZURECLI/2.53.0 azsdk-python-data-tables/12.4.0 Python/3.10.13 (Linux-5.15.0-1047-azure-x86_64-with-glibc2.31)
        VSTS_7b238909-6802-4b65-b90d-184bca47f458_build_220_0
      x-ms-date:
      - Thu, 19 Oct 2023 09:54:09 GMT
      x-ms-version:
      - '2019-02-02'
    method: DELETE
    uri: https://clitest000002.table.core.windows.net/Tables('table000003')
  response:
    body:
      string: ''
    headers:
      cache-control:
      - no-cache
      content-length:
      - '0'
      date:
      - Thu, 19 Oct 2023 09:54:09 GMT
      server:
      - Windows-Azure-Table/1.0 Microsoft-HTTPAPI/2.0
      x-content-type-options:
      - nosniff
      x-ms-version:
      - '2019-02-02'
    status:
      code: 204
      message: No Content
- request:
    body: null
    headers:
      Accept:
      - application/json;odata=minimalmetadata
      Accept-Encoding:
      - gzip, deflate
      CommandName:
      - storage table exists
      Connection:
      - keep-alive
      DataServiceVersion:
      - '3.0'
      Date:
      - Thu, 19 Oct 2023 09:54:10 GMT
      ParameterSetName:
      - -n --account-name --account-key
      User-Agent:
      - AZURECLI/2.53.0 azsdk-python-data-tables/12.4.0 Python/3.10.13 (Linux-5.15.0-1047-azure-x86_64-with-glibc2.31)
        VSTS_7b238909-6802-4b65-b90d-184bca47f458_build_220_0
      x-ms-date:
      - Thu, 19 Oct 2023 09:54:10 GMT
      x-ms-version:
      - '2019-02-02'
    method: GET
    uri: https://clitest000002.table.core.windows.net/Tables?$filter=TableName%20eq%20%27table000003%27
  response:
    body:
      string: '{"odata.metadata":"https://clitest000002.table.core.windows.net/$metadata#Tables","value":[]}'
    headers:
      cache-control:
      - no-cache
      content-type:
      - application/json;odata=minimalmetadata;streaming=true;charset=utf-8
      date:
      - Thu, 19 Oct 2023 09:54:09 GMT
      server:
      - Windows-Azure-Table/1.0 Microsoft-HTTPAPI/2.0
      transfer-encoding:
      - chunked
      x-content-type-options:
      - nosniff
      x-ms-version:
      - '2019-02-02'
    status:
      code: 200
      message: OK
- request:
    body: null
    headers:
      Accept:
      - application/xml
      Accept-Encoding:
      - gzip, deflate
      CommandName:
      - storage table stats
      Connection:
      - keep-alive
      Date:
      - Thu, 19 Oct 2023 09:59:10 GMT
      ParameterSetName:
      - --account-name --account-key
      User-Agent:
      - AZURECLI/2.53.0 azsdk-python-data-tables/12.4.0 Python/3.10.13 (Linux-5.15.0-1047-azure-x86_64-with-glibc2.31)
        VSTS_7b238909-6802-4b65-b90d-184bca47f458_build_220_0
      x-ms-date:
      - Thu, 19 Oct 2023 09:59:10 GMT
      x-ms-version:
      - '2019-02-02'
    method: GET
    uri: https://clitest000002-secondary.table.core.windows.net/?restype=service&comp=stats
  response:
    body:
      string: "\uFEFF<?xml version=\"1.0\" encoding=\"utf-8\"?><StorageServiceStats><GeoReplication><Status>live</Status><LastSyncTime>Thu,
        19 Oct 2023 09:56:50 GMT</LastSyncTime></GeoReplication></StorageServiceStats>"
    headers:
      content-type:
      - application/xml
      date:
      - Thu, 19 Oct 2023 09:59:10 GMT
      server:
      - Windows-Azure-Table/1.0 Microsoft-HTTPAPI/2.0
      transfer-encoding:
      - chunked
      x-ms-version:
      - '2019-02-02'
    status:
      code: 200
      message: OK
version: 1
