interactions:
- request:
    body: null
    headers:
      Accept:
      - application/json
      Accept-Encoding:
      - gzip, deflate
      CommandName:
      - storage account keys list
      Connection:
      - keep-alive
      Content-Length:
      - '0'
      ParameterSetName:
      - -n -g --query -o
      User-Agent:
      - AZURECLI/2.19.1 azsdk-python-azure-mgmt-storage/16.0.0 Python/3.7.7 (Windows-10-10.0.19041-SP0)
    method: POST
    uri: https://management.azure.com/subscriptions/00000000-0000-0000-0000-000000000000/resourceGroups/clitest.rg000001/providers/Microsoft.Storage/storageAccounts/clitest000002/listKeys?api-version=2021-01-01&$expand=kerb
  response:
    body:
      string: '{"keys":[{"keyName":"key1","value":"veryFakedStorageAccountKey==","permissions":"FULL"},{"keyName":"key2","value":"veryFakedStorageAccountKey==","permissions":"FULL"}]}'
    headers:
      cache-control:
      - no-cache
      content-length:
      - '288'
      content-type:
      - application/json
      date:
      - Fri, 19 Feb 2021 01:37:22 GMT
      expires:
      - '-1'
      pragma:
      - no-cache
      server:
      - Microsoft-Azure-Storage-Resource-Provider/1.0,Microsoft-HTTPAPI/2.0 Microsoft-HTTPAPI/2.0
      strict-transport-security:
      - max-age=31536000; includeSubDomains
      transfer-encoding:
      - chunked
      vary:
      - Accept-Encoding
      x-content-type-options:
      - nosniff
      x-ms-ratelimit-remaining-subscription-resource-requests:
      - '11994'
    status:
      code: 200
      message: OK
- request:
    body: null
    headers:
      Connection:
      - keep-alive
      Content-Length:
      - '0'
      User-Agent:
      - Azure-Storage/2.0.0-2.0.1 (Python CPython 3.7.7; Windows 10) AZURECLI/2.19.1
      x-ms-date:
      - Fri, 19 Feb 2021 01:37:22 GMT
      x-ms-version:
      - '2018-11-09'
    method: PUT
    uri: https://clitest000002.file.core.windows.net/share000003?restype=share
  response:
    body:
      string: ''
    headers:
      content-length:
      - '0'
      date:
      - Fri, 19 Feb 2021 01:37:23 GMT
      etag:
      - '"0x8D8D476E83A534D"'
      last-modified:
      - Fri, 19 Feb 2021 01:37:24 GMT
      server:
      - Windows-Azure-File/1.0 Microsoft-HTTPAPI/2.0
      x-ms-version:
      - '2018-11-09'
    status:
      code: 201
      message: Created
- request:
    body: null
    headers:
      Connection:
      - keep-alive
      Content-Length:
      - '0'
      User-Agent:
      - Azure-Storage/2.0.0-2.0.1 (Python CPython 3.7.7; Windows 10) AZURECLI/2.19.1
      x-ms-date:
      - Fri, 19 Feb 2021 01:37:24 GMT
      x-ms-version:
      - '2018-11-09'
    method: PUT
    uri: https://clitest000002.file.core.windows.net/share000004?restype=share
  response:
    body:
      string: ''
    headers:
      content-length:
      - '0'
      date:
      - Fri, 19 Feb 2021 01:37:24 GMT
      etag:
      - '"0x8D8D476E8DBE28E"'
      last-modified:
      - Fri, 19 Feb 2021 01:37:25 GMT
      server:
      - Windows-Azure-File/1.0 Microsoft-HTTPAPI/2.0
      x-ms-version:
      - '2018-11-09'
    status:
      code: 201
      message: Created
- request:
    body: null
    headers:
      Connection:
      - keep-alive
      Content-Length:
      - '0'
      User-Agent:
      - Azure-Storage/2.0.0-2.0.1 (Python CPython 3.7.7; Windows 10) AZURECLI/2.19.1
      x-ms-date:
      - Fri, 19 Feb 2021 01:37:25 GMT
      x-ms-version:
      - '2018-11-09'
    method: PUT
    uri: https://clitest000002.file.core.windows.net/share000003/dir1?restype=directory
  response:
    body:
      string: ''
    headers:
      content-length:
      - '0'
      date:
      - Fri, 19 Feb 2021 01:37:25 GMT
      etag:
      - '"0x8D8D476E99AA8E2"'
      last-modified:
      - Fri, 19 Feb 2021 01:37:26 GMT
      server:
      - Windows-Azure-File/1.0 Microsoft-HTTPAPI/2.0
      x-ms-request-server-encrypted:
      - 'true'
      x-ms-version:
      - '2018-11-09'
    status:
      code: 201
      message: Created
- request:
    body: null
    headers:
      Connection:
      - keep-alive
      Content-Length:
      - '0'
      User-Agent:
      - Azure-Storage/2.0.0-2.0.1 (Python CPython 3.7.7; Windows 10) AZURECLI/2.19.1
      x-ms-date:
      - Fri, 19 Feb 2021 01:37:26 GMT
      x-ms-version:
      - '2018-11-09'
    method: PUT
    uri: https://clitest000002.file.core.windows.net/share000004/dir2?restype=directory
  response:
    body:
      string: ''
    headers:
      content-length:
      - '0'
      date:
      - Fri, 19 Feb 2021 01:37:27 GMT
      etag:
      - '"0x8D8D476EA3CF99C"'
      last-modified:
      - Fri, 19 Feb 2021 01:37:27 GMT
      server:
      - Windows-Azure-File/1.0 Microsoft-HTTPAPI/2.0
      x-ms-request-server-encrypted:
      - 'true'
      x-ms-version:
      - '2018-11-09'
    status:
      code: 201
      message: Created
- request:
    body: null
    headers:
      Connection:
      - keep-alive
      Content-Length:
      - '0'
      User-Agent:
      - Azure-Storage/2.0.0-2.0.1 (Python CPython 3.7.7; Windows 10) AZURECLI/2.19.1
      x-ms-content-length:
      - '524288'
      x-ms-date:
      - Fri, 19 Feb 2021 01:37:27 GMT
      x-ms-type:
      - file
      x-ms-version:
      - '2018-11-09'
    method: PUT
    uri: https://clitest000002.file.core.windows.net/share000003/dir1/source_file.txt
  response:
    body:
      string: ''
    headers:
      content-length:
      - '0'
      date:
      - Fri, 19 Feb 2021 01:37:27 GMT
      etag:
      - '"0x8D8D476EADF987F"'
      last-modified:
      - Fri, 19 Feb 2021 01:37:28 GMT
      server:
      - Windows-Azure-File/1.0 Microsoft-HTTPAPI/2.0
      x-ms-request-server-encrypted:
      - 'true'
      x-ms-version:
      - '2018-11-09'
    status:
      code: 201
      message: Created
- request:
    body: '!!! The request body has been omitted from the recording because its size
      524288 is larger than 128KB. !!!'
    headers:
      Connection:
      - keep-alive
      Content-Length:
      - '524288'
      User-Agent:
      - Azure-Storage/2.0.0-2.0.1 (Python CPython 3.7.7; Windows 10) AZURECLI/2.19.1
      x-ms-date:
      - Fri, 19 Feb 2021 01:37:28 GMT
      x-ms-range:
      - bytes=0-524287
      x-ms-version:
      - '2018-11-09'
      x-ms-write:
      - update
    method: PUT
    uri: https://clitest000002.file.core.windows.net/share000003/dir1/source_file.txt?comp=range
  response:
    body:
      string: ''
    headers:
      content-length:
      - '0'
      content-md5:
      - WQcVkAmdId1DmJZZIzi/lQ==
      date:
      - Fri, 19 Feb 2021 01:37:29 GMT
      etag:
      - '"0x8D8D476EBB38991"'
      last-modified:
      - Fri, 19 Feb 2021 01:37:29 GMT
      server:
      - Windows-Azure-File/1.0 Microsoft-HTTPAPI/2.0
      x-ms-request-server-encrypted:
      - 'true'
      x-ms-version:
      - '2018-11-09'
    status:
      code: 201
      message: Created
- request:
    body: null
    headers:
      Connection:
      - keep-alive
      User-Agent:
      - Azure-Storage/2.0.0-2.0.1 (Python CPython 3.7.7; Windows 10) AZURECLI/2.19.1
      x-ms-date:
      - Fri, 19 Feb 2021 01:37:29 GMT
      x-ms-version:
      - '2018-11-09'
    method: HEAD
    uri: https://clitest000002.file.core.windows.net/share000003/dir1/source_file.txt
  response:
    body:
      string: ''
    headers:
      content-length:
      - '524288'
      content-type:
      - application/octet-stream
      date:
      - Fri, 19 Feb 2021 01:37:30 GMT
      etag:
      - '"0x8D8D476EBB38991"'
      last-modified:
      - Fri, 19 Feb 2021 01:37:29 GMT
      server:
      - Windows-Azure-File/1.0 Microsoft-HTTPAPI/2.0
      x-ms-server-encrypted:
      - 'true'
      x-ms-type:
      - File
      x-ms-version:
      - '2018-11-09'
    status:
      code: 200
      message: OK
- request:
    body: null
    headers:
      Connection:
      - keep-alive
      Content-Length:
      - '0'
      User-Agent:
      - Azure-Storage/2.0.0-2.0.1 (Python CPython 3.7.7; Windows 10) AZURECLI/2.19.1
      x-ms-copy-source:
      - https://clitesthdxpgc43mgp2wdkfb.file.core.windows.net/share4vq4yluljvrkc3eunfc/dir1/source_file.txt
      x-ms-date:
      - Fri, 19 Feb 2021 01:37:31 GMT
      x-ms-version:
      - '2018-11-09'
    method: PUT
    uri: https://clitest000002.file.core.windows.net/share000004/dir2/destination_file.txt
  response:
    body:
      string: ''
    headers:
      content-length:
      - '0'
      date:
      - Fri, 19 Feb 2021 01:37:31 GMT
      etag:
      - '"0x8D8D476ED3C1E11"'
      last-modified:
      - Fri, 19 Feb 2021 01:37:32 GMT
      server:
      - Windows-Azure-File/1.0 Microsoft-HTTPAPI/2.0
      x-ms-copy-id:
      - 2f04fb43-ee3a-4d5c-ad7a-230beeaa7758
      x-ms-copy-status:
      - success
      x-ms-version:
      - '2018-11-09'
    status:
      code: 202
      message: Accepted
- request:
    body: null
    headers:
      Connection:
      - keep-alive
      User-Agent:
      - Azure-Storage/2.0.0-2.0.1 (Python CPython 3.7.7; Windows 10) AZURECLI/2.19.1
      x-ms-date:
      - Fri, 19 Feb 2021 01:37:32 GMT
      x-ms-version:
      - '2018-11-09'
    method: HEAD
    uri: https://clitest000002.file.core.windows.net/share000004/dir2/destination_file.txt
  response:
    body:
      string: ''
    headers:
      content-length:
      - '524288'
      content-type:
      - application/octet-stream
      date:
      - Fri, 19 Feb 2021 01:37:32 GMT
      etag:
      - '"0x8D8D476ED3C1E11"'
      last-modified:
      - Fri, 19 Feb 2021 01:37:32 GMT
      server:
      - Windows-Azure-File/1.0 Microsoft-HTTPAPI/2.0
      x-ms-copy-completion-time:
      - Fri, 19 Feb 2021 01:37:32 GMT
      x-ms-copy-id:
      - 2f04fb43-ee3a-4d5c-ad7a-230beeaa7758
      x-ms-copy-progress:
      - 524288/524288
      x-ms-copy-source:
      - https://clitesthdxpgc43mgp2wdkfb.file.core.windows.net/share4vq4yluljvrkc3eunfc/dir1/source_file.txt
      x-ms-copy-status:
      - success
      x-ms-server-encrypted:
      - 'true'
      x-ms-type:
      - File
      x-ms-version:
      - '2018-11-09'
    status:
      code: 200
      message: OK
- request:
    body: null
    headers:
      Connection:
      - keep-alive
      Content-Length:
      - '0'
      User-Agent:
      - Azure-Storage/2.0.0-2.0.1 (Python CPython 3.7.7; Windows 10) AZURECLI/2.19.1
      x-ms-copy-source:
      - https://clitesthdxpgc43mgp2wdkfb.file.core.windows.net/share4vq4yluljvrkc3eunfc/dir1/source_file.txt
      x-ms-date:
      - Fri, 19 Feb 2021 01:37:33 GMT
      x-ms-version:
      - '2018-11-09'
    method: PUT
    uri: https://clitest000002.file.core.windows.net/share000004/dir2/destination_file.txt
  response:
    body:
      string: ''
    headers:
      content-length:
      - '0'
      date:
      - Fri, 19 Feb 2021 01:37:33 GMT
      etag:
      - '"0x8D8D476EE79E07D"'
      last-modified:
      - Fri, 19 Feb 2021 01:37:34 GMT
      server:
      - Windows-Azure-File/1.0 Microsoft-HTTPAPI/2.0
      x-ms-copy-id:
      - ff39481e-0f4e-4fc2-909f-6b3af0af9388
      x-ms-copy-status:
      - success
      x-ms-version:
      - '2018-11-09'
    status:
      code: 202
      message: Accepted
- request:
    body: null
    headers:
      Connection:
      - keep-alive
      User-Agent:
      - Azure-Storage/2.0.0-2.0.1 (Python CPython 3.7.7; Windows 10) AZURECLI/2.19.1
      x-ms-date:
      - Fri, 19 Feb 2021 01:37:34 GMT
      x-ms-version:
      - '2018-11-09'
    method: HEAD
    uri: https://clitest000002.file.core.windows.net/share000004/dir2/destination_file.txt
  response:
    body:
      string: ''
    headers:
      content-length:
      - '524288'
      content-type:
      - application/octet-stream
      date:
      - Fri, 19 Feb 2021 01:37:34 GMT
      etag:
      - '"0x8D8D476EE79E07D"'
      last-modified:
      - Fri, 19 Feb 2021 01:37:34 GMT
      server:
      - Windows-Azure-File/1.0 Microsoft-HTTPAPI/2.0
      x-ms-copy-completion-time:
      - Fri, 19 Feb 2021 01:37:34 GMT
      x-ms-copy-id:
      - ff39481e-0f4e-4fc2-909f-6b3af0af9388
      x-ms-copy-progress:
      - 524288/524288
      x-ms-copy-source:
      - https://clitesthdxpgc43mgp2wdkfb.file.core.windows.net/share4vq4yluljvrkc3eunfc/dir1/source_file.txt
      x-ms-copy-status:
      - success
      x-ms-server-encrypted:
      - 'true'
      x-ms-type:
      - File
      x-ms-version:
      - '2018-11-09'
    status:
      code: 200
      message: OK
- request:
    body: null
    headers:
      Connection:
      - keep-alive
      Content-Length:
      - '0'
      User-Agent:
      - Azure-Storage/2.0.0-2.0.1 (Python CPython 3.7.7; Windows 10) AZURECLI/2.19.1
      x-ms-copy-source:
      - https://clitesthdxpgc43mgp2wdkfb.file.core.windows.net/share4vq4yluljvrkc3eunfc/dir1%5Csource_file.txt
      x-ms-date:
      - Fri, 19 Feb 2021 01:37:35 GMT
      x-ms-version:
      - '2018-11-09'
    method: PUT
    uri: https://clitest000002.file.core.windows.net/share000004/dir2/destination_file.txt
  response:
    body:
      string: ''
    headers:
      content-length:
      - '0'
      date:
      - Fri, 19 Feb 2021 01:37:36 GMT
      etag:
      - '"0x8D8D476EFD51B48"'
      last-modified:
      - Fri, 19 Feb 2021 01:37:36 GMT
      server:
      - Windows-Azure-File/1.0 Microsoft-HTTPAPI/2.0
      x-ms-copy-id:
      - 5497bcee-2e19-4502-813f-c3bd9c221179
      x-ms-copy-status:
      - success
      x-ms-version:
      - '2018-11-09'
    status:
      code: 202
      message: Accepted
version: 1
