interactions:
- request:
    body: null
    headers:
      Accept:
      - application/json
      Accept-Encoding:
      - gzip, deflate
      CommandName:
      - storage account create
      Connection:
      - keep-alive
      ParameterSetName:
      - -g -n --https-only
      User-Agent:
      - AZURECLI/2.42.0 azsdk-python-azure-mgmt-resource/21.1.0b1 Python/3.10.8 (Linux-5.15.0-1022-azure-x86_64-with-glibc2.31)
        VSTS_7b238909-6802-4b65-b90d-184bca47f458_build_220_0
    method: GET
    uri: https://management.azure.com/subscriptions/00000000-0000-0000-0000-000000000000/resourcegroups/clistorage000001?api-version=2021-04-01
  response:
    body:
      string: '{"id":"/subscriptions/00000000-0000-0000-0000-000000000000/resourceGroups/clistorage000001","name":"clistorage000001","type":"Microsoft.Resources/resourceGroups","location":"westus2","tags":{"product":"azurecli","cause":"automation","date":"2022-11-18T05:37:06Z"},"properties":{"provisioningState":"Succeeded"}}'
    headers:
      cache-control:
      - no-cache
      content-length:
      - '311'
      content-type:
      - application/json; charset=utf-8
      date:
      - Fri, 18 Nov 2022 05:37:07 GMT
      expires:
      - '-1'
      pragma:
      - no-cache
      strict-transport-security:
      - max-age=31536000; includeSubDomains
      vary:
      - Accept-Encoding
      x-content-type-options:
      - nosniff
    status:
      code: 200
      message: OK
- request:
    body: '{"sku": {"name": "Standard_RAGRS"}, "kind": "StorageV2", "location": "westus2",
      "properties": {"encryption": {"services": {"blob": {}}, "keySource": "Microsoft.Storage"},
      "supportsHttpsTrafficOnly": true}}'
    headers:
      Accept:
      - application/json
      Accept-Encoding:
      - gzip, deflate
      CommandName:
      - storage account create
      Connection:
      - keep-alive
      Content-Length:
      - '205'
      Content-Type:
      - application/json
      ParameterSetName:
      - -g -n --https-only
      User-Agent:
      - AZURECLI/2.42.0 azsdk-python-azure-mgmt-storage/21.0.0 Python/3.10.8 (Linux-5.15.0-1022-azure-x86_64-with-glibc2.31)
        VSTS_7b238909-6802-4b65-b90d-184bca47f458_build_220_0
    method: PUT
    uri: https://management.azure.com/subscriptions/00000000-0000-0000-0000-000000000000/resourceGroups/clistorage000001/providers/Microsoft.Storage/storageAccounts/cli000002?api-version=2022-09-01
  response:
    body:
      string: ''
    headers:
      cache-control:
      - no-cache
      content-length:
      - '0'
      content-type:
      - text/plain; charset=utf-8
      date:
      - Fri, 18 Nov 2022 05:37:12 GMT
      expires:
      - '-1'
      location:
      - https://management.azure.com/subscriptions/00000000-0000-0000-0000-000000000000/providers/Microsoft.Storage/locations/westus2/asyncoperations/e7cc1587-1114-4c49-917e-430ff8610693?monitor=true&api-version=2022-09-01
      pragma:
      - no-cache
      server:
      - Microsoft-Azure-Storage-Resource-Provider/1.0,Microsoft-HTTPAPI/2.0 Microsoft-HTTPAPI/2.0
      strict-transport-security:
      - max-age=31536000; includeSubDomains
      x-content-type-options:
      - nosniff
      x-ms-ratelimit-remaining-subscription-writes:
      - '1199'
    status:
      code: 202
      message: Accepted
- request:
    body: null
    headers:
      Accept:
      - '*/*'
      Accept-Encoding:
      - gzip, deflate
      CommandName:
      - storage account create
      Connection:
      - keep-alive
      ParameterSetName:
      - -g -n --https-only
      User-Agent:
      - AZURECLI/2.42.0 azsdk-python-azure-mgmt-storage/21.0.0 Python/3.10.8 (Linux-5.15.0-1022-azure-x86_64-with-glibc2.31)
        VSTS_7b238909-6802-4b65-b90d-184bca47f458_build_220_0
    method: GET
    uri: https://management.azure.com/subscriptions/00000000-0000-0000-0000-000000000000/providers/Microsoft.Storage/locations/westus2/asyncoperations/e7cc1587-1114-4c49-917e-430ff8610693?monitor=true&api-version=2022-09-01
  response:
    body:
      string: '{"sku":{"name":"Standard_RAGRS","tier":"Standard"},"kind":"StorageV2","id":"/subscriptions/00000000-0000-0000-0000-000000000000/resourceGroups/clistorage000001/providers/Microsoft.Storage/storageAccounts/cli000002","name":"cli000002","type":"Microsoft.Storage/storageAccounts","location":"westus2","tags":{},"properties":{"keyCreationTime":{"key1":"2022-11-18T05:37:09.9833461Z","key2":"2022-11-18T05:37:09.9833461Z"},"privateEndpointConnections":[],"minimumTlsVersion":"TLS1_0","allowBlobPublicAccess":true,"networkAcls":{"bypass":"AzureServices","virtualNetworkRules":[],"ipRules":[],"defaultAction":"Allow"},"supportsHttpsTrafficOnly":true,"encryption":{"services":{"file":{"keyType":"Account","enabled":true,"lastEnabledTime":"2022-11-18T05:37:10.5458468Z"},"blob":{"keyType":"Account","enabled":true,"lastEnabledTime":"2022-11-18T05:37:10.5458468Z"}},"keySource":"Microsoft.Storage"},"accessTier":"Hot","provisioningState":"Succeeded","creationTime":"2022-11-18T05:37:09.8739978Z","primaryEndpoints":{"dfs":"https://cli000002.dfs.core.windows.net/","web":"https://cli000002.z5.web.core.windows.net/","blob":"https://cli000002.blob.core.windows.net/","queue":"https://cli000002.queue.core.windows.net/","table":"https://cli000002.table.core.windows.net/","file":"https://cli000002.file.core.windows.net/"},"primaryLocation":"westus2","statusOfPrimary":"available","secondaryLocation":"westcentralus","statusOfSecondary":"available","secondaryEndpoints":{"dfs":"https://cli000002-secondary.dfs.core.windows.net/","web":"https://cli000002-secondary.z5.web.core.windows.net/","blob":"https://cli000002-secondary.blob.core.windows.net/","queue":"https://cli000002-secondary.queue.core.windows.net/","table":"https://cli000002-secondary.table.core.windows.net/"}}}'
    headers:
      cache-control:
      - no-cache
      content-length:
      - '1763'
      content-type:
      - application/json
      date:
      - Fri, 18 Nov 2022 05:37:29 GMT
      expires:
      - '-1'
      pragma:
      - no-cache
      server:
      - Microsoft-Azure-Storage-Resource-Provider/1.0,Microsoft-HTTPAPI/2.0 Microsoft-HTTPAPI/2.0
      strict-transport-security:
      - max-age=31536000; includeSubDomains
      transfer-encoding:
      - chunked
      vary:
      - Accept-Encoding
      x-content-type-options:
      - nosniff
    status:
      code: 200
      message: OK
- request:
    body: null
    headers:
      Accept:
      - application/json
      Accept-Encoding:
      - gzip, deflate
      CommandName:
      - storage account show
      Connection:
      - keep-alive
      User-Agent:
      - AZURECLI/2.42.0 azsdk-python-azure-mgmt-storage/21.0.0 Python/3.10.8 (Linux-5.15.0-1022-azure-x86_64-with-glibc2.31)
        VSTS_7b238909-6802-4b65-b90d-184bca47f458_build_220_0
    method: GET
    uri: https://management.azure.com/subscriptions/00000000-0000-0000-0000-000000000000/resourceGroups/clistorage000001/providers/Microsoft.Storage/storageAccounts/cli000002?api-version=2022-09-01
  response:
    body:
      string: '{"sku":{"name":"Standard_RAGRS","tier":"Standard"},"kind":"StorageV2","id":"/subscriptions/00000000-0000-0000-0000-000000000000/resourceGroups/clistorage000001/providers/Microsoft.Storage/storageAccounts/cli000002","name":"cli000002","type":"Microsoft.Storage/storageAccounts","location":"westus2","tags":{},"properties":{"keyCreationTime":{"key1":"2022-11-18T05:37:09.9833461Z","key2":"2022-11-18T05:37:09.9833461Z"},"privateEndpointConnections":[],"minimumTlsVersion":"TLS1_0","allowBlobPublicAccess":true,"networkAcls":{"bypass":"AzureServices","virtualNetworkRules":[],"ipRules":[],"defaultAction":"Allow"},"supportsHttpsTrafficOnly":true,"encryption":{"services":{"file":{"keyType":"Account","enabled":true,"lastEnabledTime":"2022-11-18T05:37:10.5458468Z"},"blob":{"keyType":"Account","enabled":true,"lastEnabledTime":"2022-11-18T05:37:10.5458468Z"}},"keySource":"Microsoft.Storage"},"accessTier":"Hot","provisioningState":"Succeeded","creationTime":"2022-11-18T05:37:09.8739978Z","primaryEndpoints":{"dfs":"https://cli000002.dfs.core.windows.net/","web":"https://cli000002.z5.web.core.windows.net/","blob":"https://cli000002.blob.core.windows.net/","queue":"https://cli000002.queue.core.windows.net/","table":"https://cli000002.table.core.windows.net/","file":"https://cli000002.file.core.windows.net/"},"primaryLocation":"westus2","statusOfPrimary":"available","secondaryLocation":"westcentralus","statusOfSecondary":"available","secondaryEndpoints":{"dfs":"https://cli000002-secondary.dfs.core.windows.net/","web":"https://cli000002-secondary.z5.web.core.windows.net/","blob":"https://cli000002-secondary.blob.core.windows.net/","queue":"https://cli000002-secondary.queue.core.windows.net/","table":"https://cli000002-secondary.table.core.windows.net/"}}}'
    headers:
      cache-control:
      - no-cache
      content-length:
      - '1763'
      content-type:
      - application/json
      date:
      - Fri, 18 Nov 2022 05:37:30 GMT
      expires:
      - '-1'
      pragma:
      - no-cache
      server:
      - Microsoft-Azure-Storage-Resource-Provider/1.0,Microsoft-HTTPAPI/2.0 Microsoft-HTTPAPI/2.0
      strict-transport-security:
      - max-age=31536000; includeSubDomains
      transfer-encoding:
      - chunked
      vary:
      - Accept-Encoding
      x-content-type-options:
      - nosniff
    status:
      code: 200
      message: OK
- request:
    body: null
    headers:
      Accept:
      - '*/*'
      Accept-Encoding:
      - gzip, deflate
      CommandName:
      - storage account delete
      Connection:
      - keep-alive
      Content-Length:
      - '0'
      ParameterSetName:
      - -n -y
      User-Agent:
      - AZURECLI/2.42.0 azsdk-python-azure-mgmt-storage/21.0.0 Python/3.10.8 (Linux-5.15.0-1022-azure-x86_64-with-glibc2.31)
        VSTS_7b238909-6802-4b65-b90d-184bca47f458_build_220_0
    method: DELETE
    uri: https://management.azure.com/subscriptions/00000000-0000-0000-0000-000000000000/resourceGroups/clistorage000001/providers/Microsoft.Storage/storageAccounts/cli000002?api-version=2022-09-01
  response:
    body:
      string: ''
    headers:
      cache-control:
      - no-cache
      content-length:
      - '0'
      content-type:
      - text/plain; charset=utf-8
      date:
      - Fri, 18 Nov 2022 05:37:37 GMT
      expires:
      - '-1'
      pragma:
      - no-cache
      server:
      - Microsoft-Azure-Storage-Resource-Provider/1.0,Microsoft-HTTPAPI/2.0 Microsoft-HTTPAPI/2.0
      strict-transport-security:
      - max-age=31536000; includeSubDomains
      x-content-type-options:
      - nosniff
      x-ms-ratelimit-remaining-subscription-deletes:
      - '14999'
    status:
      code: 200
      message: OK
version: 1
