interactions:
- request:
    body: null
    headers:
      Accept:
      - application/json
      Accept-Encoding:
      - gzip, deflate
      CommandName:
      - storage account keys list
      Connection:
      - keep-alive
      Content-Length:
      - '0'
      ParameterSetName:
      - -n -g --query -o
      User-Agent:
      - AZURECLI/2.34.1 azsdk-python-azure-mgmt-storage/19.1.0 Python/3.8.7 (Windows-10-10.0.22000-SP0)
    method: POST
    uri: https://management.azure.com/subscriptions/00000000-0000-0000-0000-000000000000/resourceGroups/clitest000001/providers/Microsoft.Storage/storageAccounts/queue000002/listKeys?api-version=2021-08-01&$expand=kerb
  response:
    body:
      string: '{"keys":[{"creationTime":"2022-03-30T06:25:49.5231108Z","keyName":"key1","value":"veryFakedStorageAccountKey==","permissions":"FULL"},{"creationTime":"2022-03-30T06:25:49.5231108Z","keyName":"key2","value":"veryFakedStorageAccountKey==","permissions":"FULL"}]}'
    headers:
      cache-control:
      - no-cache
      content-length:
      - '260'
      content-type:
      - application/json
      date:
      - Wed, 30 Mar 2022 06:26:12 GMT
      expires:
      - '-1'
      pragma:
      - no-cache
      server:
      - Microsoft-Azure-Storage-Resource-Provider/1.0,Microsoft-HTTPAPI/2.0 Microsoft-HTTPAPI/2.0
      strict-transport-security:
      - max-age=31536000; includeSubDomains
      transfer-encoding:
      - chunked
      vary:
      - Accept-Encoding
      x-content-type-options:
      - nosniff
      x-ms-ratelimit-remaining-subscription-resource-requests:
      - '11999'
    status:
      code: 200
      message: OK
- request:
    body: null
    headers:
      Accept:
      - application/json
      Accept-Encoding:
      - gzip, deflate
      CommandName:
      - storage account show-connection-string
      Connection:
      - keep-alive
      Content-Length:
      - '0'
      ParameterSetName:
      - -n -g --query -o
      User-Agent:
      - AZURECLI/2.34.1 azsdk-python-azure-mgmt-storage/19.1.0 Python/3.8.7 (Windows-10-10.0.22000-SP0)
    method: POST
    uri: https://management.azure.com/subscriptions/00000000-0000-0000-0000-000000000000/resourceGroups/clitest000001/providers/Microsoft.Storage/storageAccounts/queue000002/listKeys?api-version=2021-08-01&$expand=kerb
  response:
    body:
      string: '{"keys":[{"creationTime":"2022-03-30T06:25:49.5231108Z","keyName":"key1","value":"veryFakedStorageAccountKey==","permissions":"FULL"},{"creationTime":"2022-03-30T06:25:49.5231108Z","keyName":"key2","value":"veryFakedStorageAccountKey==","permissions":"FULL"}]}'
    headers:
      cache-control:
      - no-cache
      content-length:
      - '260'
      content-type:
      - application/json
      date:
      - Wed, 30 Mar 2022 06:26:14 GMT
      expires:
      - '-1'
      pragma:
      - no-cache
      server:
      - Microsoft-Azure-Storage-Resource-Provider/1.0,Microsoft-HTTPAPI/2.0 Microsoft-HTTPAPI/2.0
      strict-transport-security:
      - max-age=31536000; includeSubDomains
      transfer-encoding:
      - chunked
      vary:
      - Accept-Encoding
      x-content-type-options:
      - nosniff
      x-ms-ratelimit-remaining-subscription-resource-requests:
      - '11999'
    status:
      code: 200
      message: OK
- request:
    body: null
    headers:
      Accept:
      - application/xml
      Accept-Encoding:
      - gzip, deflate
      CommandName:
      - storage queue create
      Connection:
      - keep-alive
      Content-Length:
      - '0'
      ParameterSetName:
      - -n --account-name --account-key
      User-Agent:
      - AZURECLI/2.34.1 azsdk-python-storage-queue/12.1.6 Python/3.8.7 (Windows-10-10.0.22000-SP0)
      x-ms-date:
      - Wed, 30 Mar 2022 06:26:15 GMT
      x-ms-version:
      - '2018-03-28'
    method: PUT
    uri: https://queue000002.queue.core.windows.net/queue000003
  response:
    body:
      string: ''
    headers:
      content-length:
      - '0'
      date:
      - Wed, 30 Mar 2022 06:26:16 GMT
      server:
      - Windows-Azure-Queue/1.0 Microsoft-HTTPAPI/2.0
      x-ms-version:
      - '2018-03-28'
    status:
      code: 201
      message: Created
- request:
    body: null
    headers:
      Accept:
      - application/xml
      Accept-Encoding:
      - gzip, deflate
      CommandName:
      - storage queue policy list
      Connection:
      - keep-alive
      ParameterSetName:
      - -q --account-name --account-key
      User-Agent:
      - AZURECLI/2.34.1 azsdk-python-storage-queue/12.1.6 Python/3.8.7 (Windows-10-10.0.22000-SP0)
      x-ms-date:
      - Wed, 30 Mar 2022 06:26:17 GMT
      x-ms-version:
      - '2018-03-28'
    method: GET
    uri: https://queue000002.queue.core.windows.net/queue000003?comp=acl
  response:
    body:
      string: "\uFEFF<?xml version=\"1.0\" encoding=\"utf-8\"?><SignedIdentifiers
        />"
    headers:
      cache-control:
      - no-cache
      content-type:
      - application/xml
      date:
      - Wed, 30 Mar 2022 06:26:17 GMT
      server:
      - Windows-Azure-Queue/1.0 Microsoft-HTTPAPI/2.0
      transfer-encoding:
      - chunked
      x-ms-version:
      - '2018-03-28'
    status:
      code: 200
      message: OK
- request:
    body: null
    headers:
      Accept:
      - application/xml
      Accept-Encoding:
      - gzip, deflate
      CommandName:
      - storage queue policy create
      Connection:
      - keep-alive
      ParameterSetName:
      - -n -q --permissions --account-name --account-key
      User-Agent:
      - AZURECLI/2.34.1 azsdk-python-storage-queue/12.1.6 Python/3.8.7 (Windows-10-10.0.22000-SP0)
      x-ms-date:
      - Wed, 30 Mar 2022 06:26:18 GMT
      x-ms-version:
      - '2018-03-28'
    method: GET
    uri: https://queue000002.queue.core.windows.net/queue000003?comp=acl
  response:
    body:
      string: "\uFEFF<?xml version=\"1.0\" encoding=\"utf-8\"?><SignedIdentifiers
        />"
    headers:
      cache-control:
      - no-cache
      content-type:
      - application/xml
      date:
      - Wed, 30 Mar 2022 06:26:18 GMT
      server:
      - Windows-Azure-Queue/1.0 Microsoft-HTTPAPI/2.0
      transfer-encoding:
      - chunked
      x-ms-version:
      - '2018-03-28'
    status:
      code: 200
      message: OK
- request:
    body: '<?xml version=''1.0'' encoding=''utf-8''?>

      <SignedIdentifiers><SignedIdentifier><Id>test1</Id><AccessPolicy><Start>2022-03-30T06:26:20Z</Start><Expiry>9999-12-31T23:59:59Z</Expiry><Permission>raup</Permission></AccessPolicy></SignedIdentifier></SignedIdentifiers>'
    headers:
      Accept:
      - application/xml
      Accept-Encoding:
      - gzip, deflate
      CommandName:
      - storage queue policy create
      Connection:
      - keep-alive
      Content-Length:
      - '259'
      Content-Type:
      - application/xml
      ParameterSetName:
      - -n -q --permissions --account-name --account-key
      User-Agent:
      - AZURECLI/2.34.1 azsdk-python-storage-queue/12.1.6 Python/3.8.7 (Windows-10-10.0.22000-SP0)
      x-ms-date:
      - Wed, 30 Mar 2022 06:26:20 GMT
      x-ms-version:
      - '2018-03-28'
    method: PUT
    uri: https://queue000002.queue.core.windows.net/queue000003?comp=acl
  response:
    body:
      string: ''
    headers:
      content-length:
      - '0'
      date:
      - Wed, 30 Mar 2022 06:26:19 GMT
      server:
      - Windows-Azure-Queue/1.0 Microsoft-HTTPAPI/2.0
      x-ms-version:
      - '2018-03-28'
    status:
      code: 204
      message: No Content
- request:
    body: null
    headers:
      Accept:
      - application/xml
      Accept-Encoding:
      - gzip, deflate
      CommandName:
      - storage queue policy create
      Connection:
      - keep-alive
      ParameterSetName:
      - -n -q --start --connection-string
      User-Agent:
      - AZURECLI/2.34.1 azsdk-python-storage-queue/12.1.6 Python/3.8.7 (Windows-10-10.0.22000-SP0)
      x-ms-date:
      - Wed, 30 Mar 2022 06:26:21 GMT
      x-ms-version:
      - '2018-03-28'
    method: GET
    uri: https://queue000002.queue.core.windows.net/queue000003?comp=acl
  response:
    body:
      string: "\uFEFF<?xml version=\"1.0\" encoding=\"utf-8\"?><SignedIdentifiers><SignedIdentifier><Id>test1</Id><AccessPolicy><Start>2022-03-30T06:26:20.0000000Z</Start><Expiry>9999-12-31T23:59:59.0000000Z</Expiry><Permission>raup</Permission></AccessPolicy></SignedIdentifier></SignedIdentifiers>"
    headers:
      cache-control:
      - no-cache
      content-type:
      - application/xml
      date:
      - Wed, 30 Mar 2022 06:26:21 GMT
      server:
      - Windows-Azure-Queue/1.0 Microsoft-HTTPAPI/2.0
      transfer-encoding:
      - chunked
      x-ms-version:
      - '2018-03-28'
    status:
      code: 200
      message: OK
- request:
    body: '<?xml version=''1.0'' encoding=''utf-8''?>

      <SignedIdentifiers><SignedIdentifier><Id>test1</Id><AccessPolicy><Start>2022-03-30T06:26:20Z</Start><Expiry>9999-12-31T23:59:59Z</Expiry><Permission>raup</Permission></AccessPolicy></SignedIdentifier><SignedIdentifier><Id>test2</Id><AccessPolicy><Start>2020-01-01T00:00:00Z</Start><Expiry>9999-12-31T23:59:59Z</Expiry><Permission
      /></AccessPolicy></SignedIdentifier></SignedIdentifiers>'
    headers:
      Accept:
      - application/xml
      Accept-Encoding:
      - gzip, deflate
      CommandName:
      - storage queue policy create
      Connection:
      - keep-alive
      Content-Length:
      - '425'
      Content-Type:
      - application/xml
      ParameterSetName:
      - -n -q --start --connection-string
      User-Agent:
      - AZURECLI/2.34.1 azsdk-python-storage-queue/12.1.6 Python/3.8.7 (Windows-10-10.0.22000-SP0)
      x-ms-date:
      - Wed, 30 Mar 2022 06:26:22 GMT
      x-ms-version:
      - '2018-03-28'
    method: PUT
    uri: https://queue000002.queue.core.windows.net/queue000003?comp=acl
  response:
    body:
      string: ''
    headers:
      content-length:
      - '0'
      date:
      - Wed, 30 Mar 2022 06:26:21 GMT
      server:
      - Windows-Azure-Queue/1.0 Microsoft-HTTPAPI/2.0
      x-ms-version:
      - '2018-03-28'
    status:
      code: 204
      message: No Content
- request:
    body: null
    headers:
      Accept:
      - application/xml
      Accept-Encoding:
      - gzip, deflate
      CommandName:
      - storage queue policy create
      Connection:
      - keep-alive
      ParameterSetName:
      - -n -q --expiry --account-name --account-key
      User-Agent:
      - AZURECLI/2.34.1 azsdk-python-storage-queue/12.1.6 Python/3.8.7 (Windows-10-10.0.22000-SP0)
      x-ms-date:
      - Wed, 30 Mar 2022 06:26:23 GMT
      x-ms-version:
      - '2018-03-28'
    method: GET
    uri: https://queue000002.queue.core.windows.net/queue000003?comp=acl
  response:
    body:
      string: "\uFEFF<?xml version=\"1.0\" encoding=\"utf-8\"?><SignedIdentifiers><SignedIdentifier><Id>test1</Id><AccessPolicy><Start>2022-03-30T06:26:20.0000000Z</Start><Expiry>9999-12-31T23:59:59.0000000Z</Expiry><Permission>raup</Permission></AccessPolicy></SignedIdentifier><SignedIdentifier><Id>test2</Id><AccessPolicy><Start>2020-01-01T00:00:00.0000000Z</Start><Expiry>9999-12-31T23:59:59.0000000Z</Expiry></AccessPolicy></SignedIdentifier></SignedIdentifiers>"
    headers:
      cache-control:
      - no-cache
      content-type:
      - application/xml
      date:
      - Wed, 30 Mar 2022 06:26:22 GMT
      server:
      - Windows-Azure-Queue/1.0 Microsoft-HTTPAPI/2.0
      transfer-encoding:
      - chunked
      x-ms-version:
      - '2018-03-28'
    status:
      code: 200
      message: OK
- request:
    body: '<?xml version=''1.0'' encoding=''utf-8''?>

      <SignedIdentifiers><SignedIdentifier><Id>test1</Id><AccessPolicy><Start>2022-03-30T06:26:20Z</Start><Expiry>9999-12-31T23:59:59Z</Expiry><Permission>raup</Permission></AccessPolicy></SignedIdentifier><SignedIdentifier><Id>test2</Id><AccessPolicy><Start>2020-01-01T00:00:00Z</Start><Expiry>9999-12-31T23:59:59Z</Expiry><Permission
      /></AccessPolicy></SignedIdentifier><SignedIdentifier><Id>test3</Id><AccessPolicy><Start>2022-03-30T06:26:24Z</Start><Expiry>2021-01-01T00:00:00Z</Expiry><Permission
      /></AccessPolicy></SignedIdentifier></SignedIdentifiers>'
    headers:
      Accept:
      - application/xml
      Accept-Encoding:
      - gzip, deflate
      CommandName:
      - storage queue policy create
      Connection:
      - keep-alive
      Content-Length:
      - '591'
      Content-Type:
      - application/xml
      ParameterSetName:
      - -n -q --expiry --account-name --account-key
      User-Agent:
      - AZURECLI/2.34.1 azsdk-python-storage-queue/12.1.6 Python/3.8.7 (Windows-10-10.0.22000-SP0)
      x-ms-date:
      - Wed, 30 Mar 2022 06:26:24 GMT
      x-ms-version:
      - '2018-03-28'
    method: PUT
    uri: https://queue000002.queue.core.windows.net/queue000003?comp=acl
  response:
    body:
      string: ''
    headers:
      content-length:
      - '0'
      date:
      - Wed, 30 Mar 2022 06:26:23 GMT
      server:
      - Windows-Azure-Queue/1.0 Microsoft-HTTPAPI/2.0
      x-ms-version:
      - '2018-03-28'
    status:
      code: 204
      message: No Content
- request:
    body: null
    headers:
      Accept:
      - application/xml
      Accept-Encoding:
      - gzip, deflate
      CommandName:
      - storage queue policy list
      Connection:
      - keep-alive
      ParameterSetName:
      - -q --connection-string
      User-Agent:
      - AZURECLI/2.34.1 azsdk-python-storage-queue/12.1.6 Python/3.8.7 (Windows-10-10.0.22000-SP0)
      x-ms-date:
      - Wed, 30 Mar 2022 06:26:25 GMT
      x-ms-version:
      - '2018-03-28'
    method: GET
    uri: https://queue000002.queue.core.windows.net/queue000003?comp=acl
  response:
    body:
      string: "\uFEFF<?xml version=\"1.0\" encoding=\"utf-8\"?><SignedIdentifiers><SignedIdentifier><Id>test1</Id><AccessPolicy><Start>2022-03-30T06:26:20.0000000Z</Start><Expiry>9999-12-31T23:59:59.0000000Z</Expiry><Permission>raup</Permission></AccessPolicy></SignedIdentifier><SignedIdentifier><Id>test2</Id><AccessPolicy><Start>2020-01-01T00:00:00.0000000Z</Start><Expiry>9999-12-31T23:59:59.0000000Z</Expiry></AccessPolicy></SignedIdentifier><SignedIdentifier><Id>test3</Id><AccessPolicy><Start>2022-03-30T06:26:24.0000000Z</Start><Expiry>2021-01-01T00:00:00.0000000Z</Expiry></AccessPolicy></SignedIdentifier></SignedIdentifiers>"
    headers:
      cache-control:
      - no-cache
      content-type:
      - application/xml
      date:
      - Wed, 30 Mar 2022 06:26:26 GMT
      server:
      - Windows-Azure-Queue/1.0 Microsoft-HTTPAPI/2.0
      transfer-encoding:
      - chunked
      x-ms-version:
      - '2018-03-28'
    status:
      code: 200
      message: OK
- request:
    body: null
    headers:
      Accept:
      - application/xml
      Accept-Encoding:
      - gzip, deflate
      CommandName:
      - storage queue policy show
      Connection:
      - keep-alive
      ParameterSetName:
      - -n -q --account-name --account-key
      User-Agent:
      - AZURECLI/2.34.1 azsdk-python-storage-queue/12.1.6 Python/3.8.7 (Windows-10-10.0.22000-SP0)
      x-ms-date:
      - Wed, 30 Mar 2022 06:26:27 GMT
      x-ms-version:
      - '2018-03-28'
    method: GET
    uri: https://queue000002.queue.core.windows.net/queue000003?comp=acl
  response:
    body:
      string: "\uFEFF<?xml version=\"1.0\" encoding=\"utf-8\"?><SignedIdentifiers><SignedIdentifier><Id>test1</Id><AccessPolicy><Start>2022-03-30T06:26:20.0000000Z</Start><Expiry>9999-12-31T23:59:59.0000000Z</Expiry><Permission>raup</Permission></AccessPolicy></SignedIdentifier><SignedIdentifier><Id>test2</Id><AccessPolicy><Start>2020-01-01T00:00:00.0000000Z</Start><Expiry>9999-12-31T23:59:59.0000000Z</Expiry></AccessPolicy></SignedIdentifier><SignedIdentifier><Id>test3</Id><AccessPolicy><Start>2022-03-30T06:26:24.0000000Z</Start><Expiry>2021-01-01T00:00:00.0000000Z</Expiry></AccessPolicy></SignedIdentifier></SignedIdentifiers>"
    headers:
      cache-control:
      - no-cache
      content-type:
      - application/xml
      date:
      - Wed, 30 Mar 2022 06:26:27 GMT
      server:
      - Windows-Azure-Queue/1.0 Microsoft-HTTPAPI/2.0
      transfer-encoding:
      - chunked
      x-ms-version:
      - '2018-03-28'
    status:
      code: 200
      message: OK
- request:
    body: null
    headers:
      Accept:
      - application/xml
      Accept-Encoding:
      - gzip, deflate
      CommandName:
      - storage queue policy show
      Connection:
      - keep-alive
      ParameterSetName:
      - -n -q --connection-string
      User-Agent:
      - AZURECLI/2.34.1 azsdk-python-storage-queue/12.1.6 Python/3.8.7 (Windows-10-10.0.22000-SP0)
      x-ms-date:
      - Wed, 30 Mar 2022 06:26:29 GMT
      x-ms-version:
      - '2018-03-28'
    method: GET
    uri: https://queue000002.queue.core.windows.net/queue000003?comp=acl
  response:
    body:
      string: "\uFEFF<?xml version=\"1.0\" encoding=\"utf-8\"?><SignedIdentifiers><SignedIdentifier><Id>test1</Id><AccessPolicy><Start>2022-03-30T06:26:20.0000000Z</Start><Expiry>9999-12-31T23:59:59.0000000Z</Expiry><Permission>raup</Permission></AccessPolicy></SignedIdentifier><SignedIdentifier><Id>test2</Id><AccessPolicy><Start>2020-01-01T00:00:00.0000000Z</Start><Expiry>9999-12-31T23:59:59.0000000Z</Expiry></AccessPolicy></SignedIdentifier><SignedIdentifier><Id>test3</Id><AccessPolicy><Start>2022-03-30T06:26:24.0000000Z</Start><Expiry>2021-01-01T00:00:00.0000000Z</Expiry></AccessPolicy></SignedIdentifier></SignedIdentifiers>"
    headers:
      cache-control:
      - no-cache
      content-type:
      - application/xml
      date:
      - Wed, 30 Mar 2022 06:26:29 GMT
      server:
      - Windows-Azure-Queue/1.0 Microsoft-HTTPAPI/2.0
      transfer-encoding:
      - chunked
      x-ms-version:
      - '2018-03-28'
    status:
      code: 200
      message: OK
- request:
    body: null
    headers:
      Accept:
      - application/xml
      Accept-Encoding:
      - gzip, deflate
      CommandName:
      - storage queue policy show
      Connection:
      - keep-alive
      ParameterSetName:
      - -n -q --account-name --account-key
      User-Agent:
      - AZURECLI/2.34.1 azsdk-python-storage-queue/12.1.6 Python/3.8.7 (Windows-10-10.0.22000-SP0)
      x-ms-date:
      - Wed, 30 Mar 2022 06:26:31 GMT
      x-ms-version:
      - '2018-03-28'
    method: GET
    uri: https://queue000002.queue.core.windows.net/queue000003?comp=acl
  response:
    body:
      string: "\uFEFF<?xml version=\"1.0\" encoding=\"utf-8\"?><SignedIdentifiers><SignedIdentifier><Id>test1</Id><AccessPolicy><Start>2022-03-30T06:26:20.0000000Z</Start><Expiry>9999-12-31T23:59:59.0000000Z</Expiry><Permission>raup</Permission></AccessPolicy></SignedIdentifier><SignedIdentifier><Id>test2</Id><AccessPolicy><Start>2020-01-01T00:00:00.0000000Z</Start><Expiry>9999-12-31T23:59:59.0000000Z</Expiry></AccessPolicy></SignedIdentifier><SignedIdentifier><Id>test3</Id><AccessPolicy><Start>2022-03-30T06:26:24.0000000Z</Start><Expiry>2021-01-01T00:00:00.0000000Z</Expiry></AccessPolicy></SignedIdentifier></SignedIdentifiers>"
    headers:
      cache-control:
      - no-cache
      content-type:
      - application/xml
      date:
      - Wed, 30 Mar 2022 06:26:32 GMT
      server:
      - Windows-Azure-Queue/1.0 Microsoft-HTTPAPI/2.0
      transfer-encoding:
      - chunked
      x-ms-version:
      - '2018-03-28'
    status:
      code: 200
      message: OK
- request:
    body: null
    headers:
      Accept:
      - application/xml
      Accept-Encoding:
      - gzip, deflate
      CommandName:
      - storage queue policy update
      Connection:
      - keep-alive
      ParameterSetName:
      - -n -q --permission --expiry --account-name --account-key
      User-Agent:
      - AZURECLI/2.34.1 azsdk-python-storage-queue/12.1.6 Python/3.8.7 (Windows-10-10.0.22000-SP0)
      x-ms-date:
      - Wed, 30 Mar 2022 06:26:34 GMT
      x-ms-version:
      - '2018-03-28'
    method: GET
    uri: https://queue000002.queue.core.windows.net/queue000003?comp=acl
  response:
    body:
      string: "\uFEFF<?xml version=\"1.0\" encoding=\"utf-8\"?><SignedIdentifiers><SignedIdentifier><Id>test1</Id><AccessPolicy><Start>2022-03-30T06:26:20.0000000Z</Start><Expiry>9999-12-31T23:59:59.0000000Z</Expiry><Permission>raup</Permission></AccessPolicy></SignedIdentifier><SignedIdentifier><Id>test2</Id><AccessPolicy><Start>2020-01-01T00:00:00.0000000Z</Start><Expiry>9999-12-31T23:59:59.0000000Z</Expiry></AccessPolicy></SignedIdentifier><SignedIdentifier><Id>test3</Id><AccessPolicy><Start>2022-03-30T06:26:24.0000000Z</Start><Expiry>2021-01-01T00:00:00.0000000Z</Expiry></AccessPolicy></SignedIdentifier></SignedIdentifiers>"
    headers:
      cache-control:
      - no-cache
      content-type:
      - application/xml
      date:
      - Wed, 30 Mar 2022 06:26:35 GMT
      server:
      - Windows-Azure-Queue/1.0 Microsoft-HTTPAPI/2.0
      transfer-encoding:
      - chunked
      x-ms-version:
      - '2018-03-28'
    status:
      code: 200
      message: OK
- request:
    body: '<?xml version=''1.0'' encoding=''utf-8''?>

      <SignedIdentifiers><SignedIdentifier><Id>test1</Id><AccessPolicy><Start>2022-03-30T06:26:20Z</Start><Expiry>9999-12-31T23:59:59Z</Expiry><Permission>raup</Permission></AccessPolicy></SignedIdentifier><SignedIdentifier><Id>test2</Id><AccessPolicy><Start>2020-01-01T00:00:00Z</Start><Expiry>2020-12-31T23:59:00Z</Expiry><Permission>r</Permission></AccessPolicy></SignedIdentifier><SignedIdentifier><Id>test3</Id><AccessPolicy><Start>2022-03-30T06:26:24Z</Start><Expiry>2021-01-01T00:00:00Z</Expiry><Permission
      /></AccessPolicy></SignedIdentifier></SignedIdentifiers>'
    headers:
      Accept:
      - application/xml
      Accept-Encoding:
      - gzip, deflate
      CommandName:
      - storage queue policy update
      Connection:
      - keep-alive
      Content-Length:
      - '603'
      Content-Type:
      - application/xml
      ParameterSetName:
      - -n -q --permission --expiry --account-name --account-key
      User-Agent:
      - AZURECLI/2.34.1 azsdk-python-storage-queue/12.1.6 Python/3.8.7 (Windows-10-10.0.22000-SP0)
      x-ms-date:
      - Wed, 30 Mar 2022 06:26:36 GMT
      x-ms-version:
      - '2018-03-28'
    method: PUT
    uri: https://queue000002.queue.core.windows.net/queue000003?comp=acl
  response:
    body:
      string: ''
    headers:
      content-length:
      - '0'
      date:
      - Wed, 30 Mar 2022 06:26:36 GMT
      server:
      - Windows-Azure-Queue/1.0 Microsoft-HTTPAPI/2.0
      x-ms-version:
      - '2018-03-28'
    status:
      code: 204
      message: No Content
- request:
    body: null
    headers:
      Accept:
      - application/xml
      Accept-Encoding:
      - gzip, deflate
      CommandName:
      - storage queue policy show
      Connection:
      - keep-alive
      ParameterSetName:
      - -n -q --account-name --account-key
      User-Agent:
      - AZURECLI/2.34.1 azsdk-python-storage-queue/12.1.6 Python/3.8.7 (Windows-10-10.0.22000-SP0)
      x-ms-date:
      - Wed, 30 Mar 2022 06:26:37 GMT
      x-ms-version:
      - '2018-03-28'
    method: GET
    uri: https://queue000002.queue.core.windows.net/queue000003?comp=acl
  response:
    body:
      string: "\uFEFF<?xml version=\"1.0\" encoding=\"utf-8\"?><SignedIdentifiers><SignedIdentifier><Id>test1</Id><AccessPolicy><Start>2022-03-30T06:26:20.0000000Z</Start><Expiry>9999-12-31T23:59:59.0000000Z</Expiry><Permission>raup</Permission></AccessPolicy></SignedIdentifier><SignedIdentifier><Id>test2</Id><AccessPolicy><Start>2020-01-01T00:00:00.0000000Z</Start><Expiry>2020-12-31T23:59:00.0000000Z</Expiry><Permission>r</Permission></AccessPolicy></SignedIdentifier><SignedIdentifier><Id>test3</Id><AccessPolicy><Start>2022-03-30T06:26:24.0000000Z</Start><Expiry>2021-01-01T00:00:00.0000000Z</Expiry></AccessPolicy></SignedIdentifier></SignedIdentifiers>"
    headers:
      cache-control:
      - no-cache
      content-type:
      - application/xml
      date:
      - Wed, 30 Mar 2022 06:26:37 GMT
      server:
      - Windows-Azure-Queue/1.0 Microsoft-HTTPAPI/2.0
      transfer-encoding:
      - chunked
      x-ms-version:
      - '2018-03-28'
    status:
      code: 200
      message: OK
- request:
    body: null
    headers:
      Accept:
      - application/xml
      Accept-Encoding:
      - gzip, deflate
      CommandName:
      - storage queue policy delete
      Connection:
      - keep-alive
      ParameterSetName:
      - -n -q --account-name --account-key
      User-Agent:
      - AZURECLI/2.34.1 azsdk-python-storage-queue/12.1.6 Python/3.8.7 (Windows-10-10.0.22000-SP0)
      x-ms-date:
      - Wed, 30 Mar 2022 06:26:39 GMT
      x-ms-version:
      - '2018-03-28'
    method: GET
    uri: https://queue000002.queue.core.windows.net/queue000003?comp=acl
  response:
    body:
      string: "\uFEFF<?xml version=\"1.0\" encoding=\"utf-8\"?><SignedIdentifiers><SignedIdentifier><Id>test1</Id><AccessPolicy><Start>2022-03-30T06:26:20.0000000Z</Start><Expiry>9999-12-31T23:59:59.0000000Z</Expiry><Permission>raup</Permission></AccessPolicy></SignedIdentifier><SignedIdentifier><Id>test2</Id><AccessPolicy><Start>2020-01-01T00:00:00.0000000Z</Start><Expiry>2020-12-31T23:59:00.0000000Z</Expiry><Permission>r</Permission></AccessPolicy></SignedIdentifier><SignedIdentifier><Id>test3</Id><AccessPolicy><Start>2022-03-30T06:26:24.0000000Z</Start><Expiry>2021-01-01T00:00:00.0000000Z</Expiry></AccessPolicy></SignedIdentifier></SignedIdentifiers>"
    headers:
      cache-control:
      - no-cache
      content-type:
      - application/xml
      date:
      - Wed, 30 Mar 2022 06:26:39 GMT
      server:
      - Windows-Azure-Queue/1.0 Microsoft-HTTPAPI/2.0
      transfer-encoding:
      - chunked
      x-ms-version:
      - '2018-03-28'
    status:
      code: 200
      message: OK
- request:
    body: '<?xml version=''1.0'' encoding=''utf-8''?>

      <SignedIdentifiers><SignedIdentifier><Id>test1</Id><AccessPolicy><Start>2022-03-30T06:26:20Z</Start><Expiry>9999-12-31T23:59:59Z</Expiry><Permission>raup</Permission></AccessPolicy></SignedIdentifier><SignedIdentifier><Id>test2</Id><AccessPolicy><Start>2020-01-01T00:00:00Z</Start><Expiry>2020-12-31T23:59:00Z</Expiry><Permission>r</Permission></AccessPolicy></SignedIdentifier></SignedIdentifiers>'
    headers:
      Accept:
      - application/xml
      Accept-Encoding:
      - gzip, deflate
      CommandName:
      - storage queue policy delete
      Connection:
      - keep-alive
      Content-Length:
      - '437'
      Content-Type:
      - application/xml
      ParameterSetName:
      - -n -q --account-name --account-key
      User-Agent:
      - AZURECLI/2.34.1 azsdk-python-storage-queue/12.1.6 Python/3.8.7 (Windows-10-10.0.22000-SP0)
      x-ms-date:
      - Wed, 30 Mar 2022 06:26:41 GMT
      x-ms-version:
      - '2018-03-28'
    method: PUT
    uri: https://queue000002.queue.core.windows.net/queue000003?comp=acl
  response:
    body:
      string: ''
    headers:
      content-length:
      - '0'
      date:
      - Wed, 30 Mar 2022 06:26:40 GMT
      server:
      - Windows-Azure-Queue/1.0 Microsoft-HTTPAPI/2.0
      x-ms-version:
      - '2018-03-28'
    status:
      code: 204
      message: No Content
- request:
    body: null
    headers:
      Accept:
      - application/xml
      Accept-Encoding:
      - gzip, deflate
      CommandName:
      - storage queue policy list
      Connection:
      - keep-alive
      ParameterSetName:
      - -q --connection-string
      User-Agent:
      - AZURECLI/2.34.1 azsdk-python-storage-queue/12.1.6 Python/3.8.7 (Windows-10-10.0.22000-SP0)
      x-ms-date:
      - Wed, 30 Mar 2022 06:26:41 GMT
      x-ms-version:
      - '2018-03-28'
    method: GET
    uri: https://queue000002.queue.core.windows.net/queue000003?comp=acl
  response:
    body:
      string: "\uFEFF<?xml version=\"1.0\" encoding=\"utf-8\"?><SignedIdentifiers><SignedIdentifier><Id>test1</Id><AccessPolicy><Start>2022-03-30T06:26:20.0000000Z</Start><Expiry>9999-12-31T23:59:59.0000000Z</Expiry><Permission>raup</Permission></AccessPolicy></SignedIdentifier><SignedIdentifier><Id>test2</Id><AccessPolicy><Start>2020-01-01T00:00:00.0000000Z</Start><Expiry>2020-12-31T23:59:00.0000000Z</Expiry><Permission>r</Permission></AccessPolicy></SignedIdentifier></SignedIdentifiers>"
    headers:
      cache-control:
      - no-cache
      content-type:
      - application/xml
      date:
      - Wed, 30 Mar 2022 06:26:42 GMT
      server:
      - Windows-Azure-Queue/1.0 Microsoft-HTTPAPI/2.0
      transfer-encoding:
      - chunked
      x-ms-version:
      - '2018-03-28'
    status:
      code: 200
      message: OK
version: 1
