interactions:
- request:
    body: '{"properties": {"source": "Microsoft.Storage", "requireInfrastructureEncryption":
      true}}'
    headers:
      Accept:
      - application/json
      Accept-Encoding:
      - gzip, deflate
      CommandName:
      - storage account encryption-scope create
      Connection:
      - keep-alive
      Content-Length:
      - '88'
      Content-Type:
      - application/json
      ParameterSetName:
      - -i --account-name -g -n
      User-Agent:
      - AZURECLI/2.61.0 azsdk-python-core/1.28.0 Python/3.9.13 (Windows-10-10.0.19045-SP0)
    method: PUT
    uri: https://management.azure.com/subscriptions/00000000-0000-0000-0000-000000000000/resourceGroups/cli_test_adls_encryption000001/providers/Microsoft.Storage/storageAccounts/encryption000002/encryptionScopes/testencryption?api-version=2023-05-01
  response:
    body:
      string: '{"id":"/subscriptions/00000000-0000-0000-0000-000000000000/resourceGroups/cli_test_adls_encryption000001/providers/Microsoft.Storage/storageAccounts/encryption000002/encryptionScopes/testencryption","type":"Microsoft.Storage/storageAccounts/encryptionScopes","name":"testencryption","properties":{"source":"Microsoft.Storage","keyVaultProperties":{},"creationTime":"2024-06-20T04:27:02.4553852Z","lastModifiedTime":"2024-06-20T04:27:02.4553852Z","state":"Enabled","requireInfrastructureEncryption":true}}'
    headers:
      cache-control:
      - no-cache
      content-length:
      - '504'
      content-type:
      - application/json
      date:
      - Thu, 20 Jun 2024 04:27:01 GMT
      expires:
      - '-1'
      pragma:
      - no-cache
      server:
      - Microsoft-Azure-Storage-Resource-Provider/1.0,Microsoft-HTTPAPI/2.0 Microsoft-HTTPAPI/2.0
      strict-transport-security:
      - max-age=31536000; includeSubDomains
      x-content-type-options:
      - nosniff
      x-ms-operation-identifier:
      - tenantId=54826b22-38d6-4fb2-bad9-b7b93a3e9c5a,objectId=a7250e3a-0e5e-48e2-9a34-45f1f5e1a91e/eastus2euap/12786e16-2e3c-4ffc-b317-82521b9fb2b8
      x-ms-ratelimit-remaining-subscription-global-writes:
      - '2999'
      x-ms-ratelimit-remaining-subscription-writes:
      - '199'
    status:
      code: 201
      message: Created
- request:
    body: null
    headers:
      Accept:
      - application/xml
      Accept-Encoding:
      - gzip, deflate
      CommandName:
      - storage fs create
      Connection:
      - keep-alive
      Content-Length:
      - '0'
      ParameterSetName:
      - -n --default-encryption-scope --prevent-encryption-scope-override --account-name
        --account-key
      User-Agent:
      - AZURECLI/2.61.0 azsdk-python-storage-dfs/12.9.0b1 Python/3.9.13 (Windows-10-10.0.19045-SP0)
      x-ms-date:
      - Thu, 20 Jun 2024 04:27:02 GMT
      x-ms-default-encryption-scope:
      - testencryption
      x-ms-deny-encryption-scope-override:
      - 'false'
      x-ms-version:
      - '2021-08-06'
    method: PUT
    uri: https://encryption000002.blob.core.windows.net/testfs?restype=container
  response:
    body:
      string: ''
    headers:
      content-length:
      - '0'
      date:
      - Thu, 20 Jun 2024 04:27:03 GMT
      etag:
      - '"0x8DC90E13CA657EE"'
      last-modified:
      - Thu, 20 Jun 2024 04:27:03 GMT
      server:
      - Windows-Azure-Blob/1.0 Microsoft-HTTPAPI/2.0
      x-ms-version:
      - '2021-08-06'
    status:
      code: 201
      message: Created
- request:
    body: null
    headers:
      Accept:
      - application/xml
      Accept-Encoding:
      - gzip, deflate
      CommandName:
      - storage fs show
      Connection:
      - keep-alive
      ParameterSetName:
      - -n --account-name --account-key
      User-Agent:
      - AZURECLI/2.61.0 azsdk-python-storage-dfs/12.9.0b1 Python/3.9.13 (Windows-10-10.0.19045-SP0)
      x-ms-date:
      - Thu, 20 Jun 2024 04:27:04 GMT
      x-ms-version:
      - '2021-08-06'
    method: GET
    uri: https://encryption000002.blob.core.windows.net/testfs?restype=container
  response:
    body:
      string: ''
    headers:
      content-length:
      - '0'
      date:
      - Thu, 20 Jun 2024 04:27:05 GMT
      etag:
      - '"0x8DC90E13CA657EE"'
      last-modified:
      - Thu, 20 Jun 2024 04:27:03 GMT
      server:
      - Windows-Azure-Blob/1.0 Microsoft-HTTPAPI/2.0
      x-ms-default-encryption-scope:
      - testencryption
      x-ms-deny-encryption-scope-override:
      - 'false'
      x-ms-has-immutability-policy:
      - 'false'
      x-ms-has-legal-hold:
      - 'false'
      x-ms-immutable-storage-with-versioning-enabled:
      - 'false'
      x-ms-lease-state:
      - available
      x-ms-lease-status:
      - unlocked
      x-ms-version:
      - '2021-08-06'
    status:
      code: 200
      message: OK
version: 1
