interactions:
- request:
    body: null
    headers:
      Accept:
      - application/json
      Accept-Encoding:
      - gzip, deflate
      CommandName:
      - storage account create
      Connection:
      - keep-alive
      ParameterSetName:
      - -n -g
      User-Agent:
      - AZURECLI/2.42.0 azsdk-python-azure-mgmt-resource/21.1.0b1 Python/3.10.8 (Linux-5.15.0-1022-azure-x86_64-with-glibc2.31)
        VSTS_7b238909-6802-4b65-b90d-184bca47f458_build_220_0
    method: GET
    uri: https://management.azure.com/subscriptions/00000000-0000-0000-0000-000000000000/resourcegroups/cli_storage_account000001?api-version=2021-04-01
  response:
    body:
      string: '{"id":"/subscriptions/00000000-0000-0000-0000-000000000000/resourceGroups/cli_storage_account000001","name":"cli_storage_account000001","type":"Microsoft.Resources/resourceGroups","location":"eastus","tags":{"product":"azurecli","cause":"automation","date":"2022-11-17T09:42:20Z"},"properties":{"provisioningState":"Succeeded"}}'
    headers:
      cache-control:
      - no-cache
      content-length:
      - '328'
      content-type:
      - application/json; charset=utf-8
      date:
      - Thu, 17 Nov 2022 09:42:21 GMT
      expires:
      - '-1'
      pragma:
      - no-cache
      strict-transport-security:
      - max-age=31536000; includeSubDomains
      vary:
      - Accept-Encoding
      x-content-type-options:
      - nosniff
    status:
      code: 200
      message: OK
- request:
    body: '{"sku": {"name": "Standard_RAGRS"}, "kind": "StorageV2", "location": "eastus",
      "properties": {"encryption": {"services": {"blob": {}}, "keySource": "Microsoft.Storage"}}}'
    headers:
      Accept:
      - application/json
      Accept-Encoding:
      - gzip, deflate
      CommandName:
      - storage account create
      Connection:
      - keep-alive
      Content-Length:
      - '170'
      Content-Type:
      - application/json
      ParameterSetName:
      - -n -g
      User-Agent:
      - AZURECLI/2.42.0 azsdk-python-azure-mgmt-storage/21.0.0 Python/3.10.8 (Linux-5.15.0-1022-azure-x86_64-with-glibc2.31)
        VSTS_7b238909-6802-4b65-b90d-184bca47f458_build_220_0
    method: PUT
    uri: https://management.azure.com/subscriptions/00000000-0000-0000-0000-000000000000/resourceGroups/cli_storage_account000001/providers/Microsoft.Storage/storageAccounts/cli000002?api-version=2022-09-01
  response:
    body:
      string: ''
    headers:
      cache-control:
      - no-cache
      content-length:
      - '0'
      content-type:
      - text/plain; charset=utf-8
      date:
      - Thu, 17 Nov 2022 09:42:23 GMT
      expires:
      - '-1'
      location:
      - https://management.azure.com/subscriptions/00000000-0000-0000-0000-000000000000/providers/Microsoft.Storage/locations/eastus/asyncoperations/778d8424-d5b1-4fa5-bf0a-9cf28f4ad5b2?monitor=true&api-version=2022-09-01
      pragma:
      - no-cache
      server:
      - Microsoft-Azure-Storage-Resource-Provider/1.0,Microsoft-HTTPAPI/2.0 Microsoft-HTTPAPI/2.0
      strict-transport-security:
      - max-age=31536000; includeSubDomains
      x-content-type-options:
      - nosniff
      x-ms-ratelimit-remaining-subscription-writes:
      - '1199'
    status:
      code: 202
      message: Accepted
- request:
    body: null
    headers:
      Accept:
      - '*/*'
      Accept-Encoding:
      - gzip, deflate
      CommandName:
      - storage account create
      Connection:
      - keep-alive
      ParameterSetName:
      - -n -g
      User-Agent:
      - AZURECLI/2.42.0 azsdk-python-azure-mgmt-storage/21.0.0 Python/3.10.8 (Linux-5.15.0-1022-azure-x86_64-with-glibc2.31)
        VSTS_7b238909-6802-4b65-b90d-184bca47f458_build_220_0
    method: GET
    uri: https://management.azure.com/subscriptions/00000000-0000-0000-0000-000000000000/providers/Microsoft.Storage/locations/eastus/asyncoperations/778d8424-d5b1-4fa5-bf0a-9cf28f4ad5b2?monitor=true&api-version=2022-09-01
  response:
    body:
      string: '{"sku":{"name":"Standard_RAGRS","tier":"Standard"},"kind":"StorageV2","id":"/subscriptions/00000000-0000-0000-0000-000000000000/resourceGroups/cli_storage_account000001/providers/Microsoft.Storage/storageAccounts/cli000002","name":"cli000002","type":"Microsoft.Storage/storageAccounts","location":"eastus","tags":{},"properties":{"keyCreationTime":{"key1":"2022-11-17T09:42:22.3539425Z","key2":"2022-11-17T09:42:22.3539425Z"},"privateEndpointConnections":[],"minimumTlsVersion":"TLS1_0","allowBlobPublicAccess":true,"networkAcls":{"bypass":"AzureServices","virtualNetworkRules":[],"ipRules":[],"defaultAction":"Allow"},"supportsHttpsTrafficOnly":true,"encryption":{"services":{"file":{"keyType":"Account","enabled":true,"lastEnabledTime":"2022-11-17T09:42:22.3695628Z"},"blob":{"keyType":"Account","enabled":true,"lastEnabledTime":"2022-11-17T09:42:22.3695628Z"}},"keySource":"Microsoft.Storage"},"accessTier":"Hot","provisioningState":"Succeeded","creationTime":"2022-11-17T09:42:22.2289379Z","primaryEndpoints":{"dfs":"https://cli000002.dfs.core.windows.net/","web":"https://cli000002.z13.web.core.windows.net/","blob":"https://cli000002.blob.core.windows.net/","queue":"https://cli000002.queue.core.windows.net/","table":"https://cli000002.table.core.windows.net/","file":"https://cli000002.file.core.windows.net/"},"primaryLocation":"eastus","statusOfPrimary":"available","secondaryLocation":"westus","statusOfSecondary":"available","secondaryEndpoints":{"dfs":"https://cli000002-secondary.dfs.core.windows.net/","web":"https://cli000002-secondary.z13.web.core.windows.net/","blob":"https://cli000002-secondary.blob.core.windows.net/","queue":"https://cli000002-secondary.queue.core.windows.net/","table":"https://cli000002-secondary.table.core.windows.net/"}}}'
    headers:
      cache-control:
      - no-cache
      content-length:
      - '1765'
      content-type:
      - application/json
      date:
      - Thu, 17 Nov 2022 09:42:40 GMT
      expires:
      - '-1'
      pragma:
      - no-cache
      server:
      - Microsoft-Azure-Storage-Resource-Provider/1.0,Microsoft-HTTPAPI/2.0 Microsoft-HTTPAPI/2.0
      strict-transport-security:
      - max-age=31536000; includeSubDomains
      transfer-encoding:
      - chunked
      vary:
      - Accept-Encoding
      x-content-type-options:
      - nosniff
    status:
      code: 200
      message: OK
- request:
    body: null
    headers:
      Accept:
      - application/json
      Accept-Encoding:
      - gzip, deflate
      CommandName:
      - storage account create
      Connection:
      - keep-alive
      ParameterSetName:
      - -n -g --key-exp-days
      User-Agent:
      - AZURECLI/2.42.0 azsdk-python-azure-mgmt-resource/21.1.0b1 Python/3.10.8 (Linux-5.15.0-1022-azure-x86_64-with-glibc2.31)
        VSTS_7b238909-6802-4b65-b90d-184bca47f458_build_220_0
    method: GET
    uri: https://management.azure.com/subscriptions/00000000-0000-0000-0000-000000000000/resourcegroups/cli_storage_account000001?api-version=2021-04-01
  response:
    body:
      string: '{"id":"/subscriptions/00000000-0000-0000-0000-000000000000/resourceGroups/cli_storage_account000001","name":"cli_storage_account000001","type":"Microsoft.Resources/resourceGroups","location":"eastus","tags":{"product":"azurecli","cause":"automation","date":"2022-11-17T09:42:20Z"},"properties":{"provisioningState":"Succeeded"}}'
    headers:
      cache-control:
      - no-cache
      content-length:
      - '328'
      content-type:
      - application/json; charset=utf-8
      date:
      - Thu, 17 Nov 2022 09:42:41 GMT
      expires:
      - '-1'
      pragma:
      - no-cache
      strict-transport-security:
      - max-age=31536000; includeSubDomains
      vary:
      - Accept-Encoding
      x-content-type-options:
      - nosniff
    status:
      code: 200
      message: OK
- request:
    body: '{"sku": {"name": "Standard_RAGRS"}, "kind": "StorageV2", "location": "eastus",
      "properties": {"keyPolicy": {"keyExpirationPeriodInDays": 3}, "encryption":
      {"services": {"blob": {}}, "keySource": "Microsoft.Storage"}}}'
    headers:
      Accept:
      - application/json
      Accept-Encoding:
      - gzip, deflate
      CommandName:
      - storage account create
      Connection:
      - keep-alive
      Content-Length:
      - '217'
      Content-Type:
      - application/json
      ParameterSetName:
      - -n -g --key-exp-days
      User-Agent:
      - AZURECLI/2.42.0 azsdk-python-azure-mgmt-storage/21.0.0 Python/3.10.8 (Linux-5.15.0-1022-azure-x86_64-with-glibc2.31)
        VSTS_7b238909-6802-4b65-b90d-184bca47f458_build_220_0
    method: PUT
    uri: https://management.azure.com/subscriptions/00000000-0000-0000-0000-000000000000/resourceGroups/cli_storage_account000001/providers/Microsoft.Storage/storageAccounts/cli000002?api-version=2022-09-01
  response:
    body:
      string: '{"sku":{"name":"Standard_RAGRS","tier":"Standard"},"kind":"StorageV2","id":"/subscriptions/00000000-0000-0000-0000-000000000000/resourceGroups/cli_storage_account000001/providers/Microsoft.Storage/storageAccounts/cli000002","name":"cli000002","type":"Microsoft.Storage/storageAccounts","location":"eastus","tags":{},"properties":{"keyPolicy":{"keyExpirationPeriodInDays":3,"enableAutoRotation":false},"keyCreationTime":{"key1":"2022-11-17T09:42:22.3539425Z","key2":"2022-11-17T09:42:22.3539425Z"},"privateEndpointConnections":[],"minimumTlsVersion":"TLS1_0","allowBlobPublicAccess":true,"networkAcls":{"bypass":"AzureServices","virtualNetworkRules":[],"ipRules":[],"defaultAction":"Allow"},"supportsHttpsTrafficOnly":true,"encryption":{"services":{"file":{"keyType":"Account","enabled":true,"lastEnabledTime":"2022-11-17T09:42:22.3695628Z"},"blob":{"keyType":"Account","enabled":true,"lastEnabledTime":"2022-11-17T09:42:22.3695628Z"}},"keySource":"Microsoft.Storage"},"accessTier":"Hot","provisioningState":"Succeeded","creationTime":"2022-11-17T09:42:22.2289379Z","primaryEndpoints":{"dfs":"https://cli000002.dfs.core.windows.net/","web":"https://cli000002.z13.web.core.windows.net/","blob":"https://cli000002.blob.core.windows.net/","queue":"https://cli000002.queue.core.windows.net/","table":"https://cli000002.table.core.windows.net/","file":"https://cli000002.file.core.windows.net/"},"primaryLocation":"eastus","statusOfPrimary":"available","secondaryLocation":"westus","statusOfSecondary":"available","secondaryEndpoints":{"dfs":"https://cli000002-secondary.dfs.core.windows.net/","web":"https://cli000002-secondary.z13.web.core.windows.net/","blob":"https://cli000002-secondary.blob.core.windows.net/","queue":"https://cli000002-secondary.queue.core.windows.net/","table":"https://cli000002-secondary.table.core.windows.net/"}}}'
    headers:
      cache-control:
      - no-cache
      content-length:
      - '1836'
      content-type:
      - application/json
      date:
      - Thu, 17 Nov 2022 09:42:43 GMT
      expires:
      - '-1'
      pragma:
      - no-cache
      server:
      - Microsoft-Azure-Storage-Resource-Provider/1.0,Microsoft-HTTPAPI/2.0 Microsoft-HTTPAPI/2.0
      strict-transport-security:
      - max-age=31536000; includeSubDomains
      transfer-encoding:
      - chunked
      vary:
      - Accept-Encoding
      x-content-type-options:
      - nosniff
      x-ms-ratelimit-remaining-subscription-writes:
      - '1199'
    status:
      code: 200
      message: OK
- request:
    body: null
    headers:
      Accept:
      - application/json
      Accept-Encoding:
      - gzip, deflate
      CommandName:
      - storage account create
      Connection:
      - keep-alive
      ParameterSetName:
      - -n -g --sas-exp
      User-Agent:
      - AZURECLI/2.42.0 azsdk-python-azure-mgmt-resource/21.1.0b1 Python/3.10.8 (Linux-5.15.0-1022-azure-x86_64-with-glibc2.31)
        VSTS_7b238909-6802-4b65-b90d-184bca47f458_build_220_0
    method: GET
    uri: https://management.azure.com/subscriptions/00000000-0000-0000-0000-000000000000/resourcegroups/cli_storage_account000001?api-version=2021-04-01
  response:
    body:
      string: '{"id":"/subscriptions/00000000-0000-0000-0000-000000000000/resourceGroups/cli_storage_account000001","name":"cli_storage_account000001","type":"Microsoft.Resources/resourceGroups","location":"eastus","tags":{"product":"azurecli","cause":"automation","date":"2022-11-17T09:42:20Z"},"properties":{"provisioningState":"Succeeded"}}'
    headers:
      cache-control:
      - no-cache
      content-length:
      - '328'
      content-type:
      - application/json; charset=utf-8
      date:
      - Thu, 17 Nov 2022 09:42:43 GMT
      expires:
      - '-1'
      pragma:
      - no-cache
      strict-transport-security:
      - max-age=31536000; includeSubDomains
      vary:
      - Accept-Encoding
      x-content-type-options:
      - nosniff
    status:
      code: 200
      message: OK
- request:
    body: '{"sku": {"name": "Standard_RAGRS"}, "kind": "StorageV2", "location": "eastus",
      "properties": {"sasPolicy": {"sasExpirationPeriod": "1.23:59:59", "expirationAction":
      "Log"}, "encryption": {"services": {"blob": {}}, "keySource": "Microsoft.Storage"}}}'
    headers:
      Accept:
      - application/json
      Accept-Encoding:
      - gzip, deflate
      CommandName:
      - storage account create
      Connection:
      - keep-alive
      Content-Length:
      - '249'
      Content-Type:
      - application/json
      ParameterSetName:
      - -n -g --sas-exp
      User-Agent:
      - AZURECLI/2.42.0 azsdk-python-azure-mgmt-storage/21.0.0 Python/3.10.8 (Linux-5.15.0-1022-azure-x86_64-with-glibc2.31)
        VSTS_7b238909-6802-4b65-b90d-184bca47f458_build_220_0
    method: PUT
    uri: https://management.azure.com/subscriptions/00000000-0000-0000-0000-000000000000/resourceGroups/cli_storage_account000001/providers/Microsoft.Storage/storageAccounts/cli000002?api-version=2022-09-01
  response:
    body:
      string: '{"sku":{"name":"Standard_RAGRS","tier":"Standard"},"kind":"StorageV2","id":"/subscriptions/00000000-0000-0000-0000-000000000000/resourceGroups/cli_storage_account000001/providers/Microsoft.Storage/storageAccounts/cli000002","name":"cli000002","type":"Microsoft.Storage/storageAccounts","location":"eastus","tags":{},"properties":{"sasPolicy":{"sasExpirationPeriod":"1.23:59:59","expirationAction":"Log"},"keyPolicy":{"keyExpirationPeriodInDays":3,"enableAutoRotation":false},"keyCreationTime":{"key1":"2022-11-17T09:42:22.3539425Z","key2":"2022-11-17T09:42:22.3539425Z"},"privateEndpointConnections":[],"minimumTlsVersion":"TLS1_0","allowBlobPublicAccess":true,"networkAcls":{"bypass":"AzureServices","virtualNetworkRules":[],"ipRules":[],"defaultAction":"Allow"},"supportsHttpsTrafficOnly":true,"encryption":{"services":{"file":{"keyType":"Account","enabled":true,"lastEnabledTime":"2022-11-17T09:42:22.3695628Z"},"blob":{"keyType":"Account","enabled":true,"lastEnabledTime":"2022-11-17T09:42:22.3695628Z"}},"keySource":"Microsoft.Storage"},"accessTier":"Hot","provisioningState":"Succeeded","creationTime":"2022-11-17T09:42:22.2289379Z","primaryEndpoints":{"dfs":"https://cli000002.dfs.core.windows.net/","web":"https://cli000002.z13.web.core.windows.net/","blob":"https://cli000002.blob.core.windows.net/","queue":"https://cli000002.queue.core.windows.net/","table":"https://cli000002.table.core.windows.net/","file":"https://cli000002.file.core.windows.net/"},"primaryLocation":"eastus","statusOfPrimary":"available","secondaryLocation":"westus","statusOfSecondary":"available","secondaryEndpoints":{"dfs":"https://cli000002-secondary.dfs.core.windows.net/","web":"https://cli000002-secondary.z13.web.core.windows.net/","blob":"https://cli000002-secondary.blob.core.windows.net/","queue":"https://cli000002-secondary.queue.core.windows.net/","table":"https://cli000002-secondary.table.core.windows.net/"}}}'
    headers:
      cache-control:
      - no-cache
      content-length:
      - '1910'
      content-type:
      - application/json
      date:
      - Thu, 17 Nov 2022 09:42:45 GMT
      expires:
      - '-1'
      pragma:
      - no-cache
      server:
      - Microsoft-Azure-Storage-Resource-Provider/1.0,Microsoft-HTTPAPI/2.0 Microsoft-HTTPAPI/2.0
      strict-transport-security:
      - max-age=31536000; includeSubDomains
      transfer-encoding:
      - chunked
      vary:
      - Accept-Encoding
      x-content-type-options:
      - nosniff
      x-ms-ratelimit-remaining-subscription-writes:
      - '1198'
    status:
      code: 200
      message: OK
- request:
    body: null
    headers:
      Accept:
      - application/json
      Accept-Encoding:
      - gzip, deflate
      CommandName:
      - storage account update
      Connection:
      - keep-alive
      ParameterSetName:
      - -n -g --key-exp-days
      User-Agent:
      - AZURECLI/2.42.0 azsdk-python-azure-mgmt-storage/21.0.0 Python/3.10.8 (Linux-5.15.0-1022-azure-x86_64-with-glibc2.31)
        VSTS_7b238909-6802-4b65-b90d-184bca47f458_build_220_0
    method: GET
    uri: https://management.azure.com/subscriptions/00000000-0000-0000-0000-000000000000/resourceGroups/cli_storage_account000001/providers/Microsoft.Storage/storageAccounts/cli000002?api-version=2022-09-01
  response:
    body:
      string: '{"sku":{"name":"Standard_RAGRS","tier":"Standard"},"kind":"StorageV2","id":"/subscriptions/00000000-0000-0000-0000-000000000000/resourceGroups/cli_storage_account000001/providers/Microsoft.Storage/storageAccounts/cli000002","name":"cli000002","type":"Microsoft.Storage/storageAccounts","location":"eastus","tags":{},"properties":{"sasPolicy":{"sasExpirationPeriod":"1.23:59:59","expirationAction":"Log"},"keyPolicy":{"keyExpirationPeriodInDays":3,"enableAutoRotation":false},"keyCreationTime":{"key1":"2022-11-17T09:42:22.3539425Z","key2":"2022-11-17T09:42:22.3539425Z"},"privateEndpointConnections":[],"minimumTlsVersion":"TLS1_0","allowBlobPublicAccess":true,"networkAcls":{"bypass":"AzureServices","virtualNetworkRules":[],"ipRules":[],"defaultAction":"Allow"},"supportsHttpsTrafficOnly":true,"encryption":{"services":{"file":{"keyType":"Account","enabled":true,"lastEnabledTime":"2022-11-17T09:42:22.3695628Z"},"blob":{"keyType":"Account","enabled":true,"lastEnabledTime":"2022-11-17T09:42:22.3695628Z"}},"keySource":"Microsoft.Storage"},"accessTier":"Hot","provisioningState":"Succeeded","creationTime":"2022-11-17T09:42:22.2289379Z","primaryEndpoints":{"dfs":"https://cli000002.dfs.core.windows.net/","web":"https://cli000002.z13.web.core.windows.net/","blob":"https://cli000002.blob.core.windows.net/","queue":"https://cli000002.queue.core.windows.net/","table":"https://cli000002.table.core.windows.net/","file":"https://cli000002.file.core.windows.net/"},"primaryLocation":"eastus","statusOfPrimary":"available","secondaryLocation":"westus","statusOfSecondary":"available","secondaryEndpoints":{"dfs":"https://cli000002-secondary.dfs.core.windows.net/","web":"https://cli000002-secondary.z13.web.core.windows.net/","blob":"https://cli000002-secondary.blob.core.windows.net/","queue":"https://cli000002-secondary.queue.core.windows.net/","table":"https://cli000002-secondary.table.core.windows.net/"}}}'
    headers:
      cache-control:
      - no-cache
      content-length:
      - '1910'
      content-type:
      - application/json
      date:
      - Thu, 17 Nov 2022 09:42:44 GMT
      expires:
      - '-1'
      pragma:
      - no-cache
      server:
      - Microsoft-Azure-Storage-Resource-Provider/1.0,Microsoft-HTTPAPI/2.0 Microsoft-HTTPAPI/2.0
      strict-transport-security:
      - max-age=31536000; includeSubDomains
      transfer-encoding:
      - chunked
      vary:
      - Accept-Encoding
      x-content-type-options:
      - nosniff
    status:
      code: 200
      message: OK
- request:
    body: '{"sku": {"name": "Standard_RAGRS"}, "tags": {}, "properties": {"encryption":
      {"services": {"blob": {"enabled": true, "keyType": "Account"}, "file": {"enabled":
      true, "keyType": "Account"}}, "keySource": "Microsoft.Storage"}, "keyPolicy":
      {"keyExpirationPeriodInDays": 100000}, "accessTier": "Hot", "supportsHttpsTrafficOnly":
      true, "networkAcls": {"bypass": "AzureServices", "virtualNetworkRules": [],
      "ipRules": [], "defaultAction": "Allow"}}}'
    headers:
      Accept:
      - application/json
      Accept-Encoding:
      - gzip, deflate
      CommandName:
      - storage account update
      Connection:
      - keep-alive
      Content-Length:
      - '444'
      Content-Type:
      - application/json
      ParameterSetName:
      - -n -g --key-exp-days
      User-Agent:
      - AZURECLI/2.42.0 azsdk-python-azure-mgmt-storage/21.0.0 Python/3.10.8 (Linux-5.15.0-1022-azure-x86_64-with-glibc2.31)
        VSTS_7b238909-6802-4b65-b90d-184bca47f458_build_220_0
    method: PATCH
    uri: https://management.azure.com/subscriptions/00000000-0000-0000-0000-000000000000/resourceGroups/cli_storage_account000001/providers/Microsoft.Storage/storageAccounts/cli000002?api-version=2022-09-01
  response:
    body:
      string: '{"sku":{"name":"Standard_RAGRS","tier":"Standard"},"kind":"StorageV2","id":"/subscriptions/00000000-0000-0000-0000-000000000000/resourceGroups/cli_storage_account000001/providers/Microsoft.Storage/storageAccounts/cli000002","name":"cli000002","type":"Microsoft.Storage/storageAccounts","location":"eastus","tags":{},"properties":{"sasPolicy":{"sasExpirationPeriod":"1.23:59:59","expirationAction":"Log"},"keyPolicy":{"keyExpirationPeriodInDays":100000,"enableAutoRotation":false},"keyCreationTime":{"key1":"2022-11-17T09:42:22.3539425Z","key2":"2022-11-17T09:42:22.3539425Z"},"privateEndpointConnections":[],"minimumTlsVersion":"TLS1_0","allowBlobPublicAccess":true,"networkAcls":{"bypass":"AzureServices","virtualNetworkRules":[],"ipRules":[],"defaultAction":"Allow"},"supportsHttpsTrafficOnly":true,"encryption":{"services":{"file":{"keyType":"Account","enabled":true,"lastEnabledTime":"2022-11-17T09:42:22.3695628Z"},"blob":{"keyType":"Account","enabled":true,"lastEnabledTime":"2022-11-17T09:42:22.3695628Z"}},"keySource":"Microsoft.Storage"},"accessTier":"Hot","provisioningState":"Succeeded","creationTime":"2022-11-17T09:42:22.2289379Z","primaryEndpoints":{"dfs":"https://cli000002.dfs.core.windows.net/","web":"https://cli000002.z13.web.core.windows.net/","blob":"https://cli000002.blob.core.windows.net/","queue":"https://cli000002.queue.core.windows.net/","table":"https://cli000002.table.core.windows.net/","file":"https://cli000002.file.core.windows.net/"},"primaryLocation":"eastus","statusOfPrimary":"available","secondaryLocation":"westus","statusOfSecondary":"available","secondaryEndpoints":{"dfs":"https://cli000002-secondary.dfs.core.windows.net/","web":"https://cli000002-secondary.z13.web.core.windows.net/","blob":"https://cli000002-secondary.blob.core.windows.net/","queue":"https://cli000002-secondary.queue.core.windows.net/","table":"https://cli000002-secondary.table.core.windows.net/"}}}'
    headers:
      cache-control:
      - no-cache
      content-length:
      - '1915'
      content-type:
      - application/json
      date:
      - Thu, 17 Nov 2022 09:42:46 GMT
      expires:
      - '-1'
      pragma:
      - no-cache
      server:
      - Microsoft-Azure-Storage-Resource-Provider/1.0,Microsoft-HTTPAPI/2.0 Microsoft-HTTPAPI/2.0
      strict-transport-security:
      - max-age=31536000; includeSubDomains
      transfer-encoding:
      - chunked
      vary:
      - Accept-Encoding
      x-content-type-options:
      - nosniff
      x-ms-ratelimit-remaining-subscription-writes:
      - '1196'
    status:
      code: 200
      message: OK
- request:
    body: null
    headers:
      Accept:
      - application/json
      Accept-Encoding:
      - gzip, deflate
      CommandName:
      - storage account update
      Connection:
      - keep-alive
      ParameterSetName:
      - -n -g --sas-exp
      User-Agent:
      - AZURECLI/2.42.0 azsdk-python-azure-mgmt-storage/21.0.0 Python/3.10.8 (Linux-5.15.0-1022-azure-x86_64-with-glibc2.31)
        VSTS_7b238909-6802-4b65-b90d-184bca47f458_build_220_0
    method: GET
    uri: https://management.azure.com/subscriptions/00000000-0000-0000-0000-000000000000/resourceGroups/cli_storage_account000001/providers/Microsoft.Storage/storageAccounts/cli000002?api-version=2022-09-01
  response:
    body:
      string: '{"sku":{"name":"Standard_RAGRS","tier":"Standard"},"kind":"StorageV2","id":"/subscriptions/00000000-0000-0000-0000-000000000000/resourceGroups/cli_storage_account000001/providers/Microsoft.Storage/storageAccounts/cli000002","name":"cli000002","type":"Microsoft.Storage/storageAccounts","location":"eastus","tags":{},"properties":{"sasPolicy":{"sasExpirationPeriod":"1.23:59:59","expirationAction":"Log"},"keyPolicy":{"keyExpirationPeriodInDays":100000,"enableAutoRotation":false},"keyCreationTime":{"key1":"2022-11-17T09:42:22.3539425Z","key2":"2022-11-17T09:42:22.3539425Z"},"privateEndpointConnections":[],"minimumTlsVersion":"TLS1_0","allowBlobPublicAccess":true,"networkAcls":{"bypass":"AzureServices","virtualNetworkRules":[],"ipRules":[],"defaultAction":"Allow"},"supportsHttpsTrafficOnly":true,"encryption":{"services":{"file":{"keyType":"Account","enabled":true,"lastEnabledTime":"2022-11-17T09:42:22.3695628Z"},"blob":{"keyType":"Account","enabled":true,"lastEnabledTime":"2022-11-17T09:42:22.3695628Z"}},"keySource":"Microsoft.Storage"},"accessTier":"Hot","provisioningState":"Succeeded","creationTime":"2022-11-17T09:42:22.2289379Z","primaryEndpoints":{"dfs":"https://cli000002.dfs.core.windows.net/","web":"https://cli000002.z13.web.core.windows.net/","blob":"https://cli000002.blob.core.windows.net/","queue":"https://cli000002.queue.core.windows.net/","table":"https://cli000002.table.core.windows.net/","file":"https://cli000002.file.core.windows.net/"},"primaryLocation":"eastus","statusOfPrimary":"available","secondaryLocation":"westus","statusOfSecondary":"available","secondaryEndpoints":{"dfs":"https://cli000002-secondary.dfs.core.windows.net/","web":"https://cli000002-secondary.z13.web.core.windows.net/","blob":"https://cli000002-secondary.blob.core.windows.net/","queue":"https://cli000002-secondary.queue.core.windows.net/","table":"https://cli000002-secondary.table.core.windows.net/"}}}'
    headers:
      cache-control:
      - no-cache
      content-length:
      - '1915'
      content-type:
      - application/json
      date:
      - Thu, 17 Nov 2022 09:42:47 GMT
      expires:
      - '-1'
      pragma:
      - no-cache
      server:
      - Microsoft-Azure-Storage-Resource-Provider/1.0,Microsoft-HTTPAPI/2.0 Microsoft-HTTPAPI/2.0
      strict-transport-security:
      - max-age=31536000; includeSubDomains
      transfer-encoding:
      - chunked
      vary:
      - Accept-Encoding
      x-content-type-options:
      - nosniff
    status:
      code: 200
      message: OK
- request:
    body: '{"sku": {"name": "Standard_RAGRS"}, "tags": {}, "properties": {"encryption":
      {"services": {"blob": {"enabled": true, "keyType": "Account"}, "file": {"enabled":
      true, "keyType": "Account"}}, "keySource": "Microsoft.Storage"}, "sasPolicy":
      {"sasExpirationPeriod": "100000.00:00:00", "expirationAction": "Log"}, "accessTier":
      "Hot", "supportsHttpsTrafficOnly": true, "networkAcls": {"bypass": "AzureServices",
      "virtualNetworkRules": [], "ipRules": [], "defaultAction": "Allow"}}}'
    headers:
      Accept:
      - application/json
      Accept-Encoding:
      - gzip, deflate
      CommandName:
      - storage account update
      Connection:
      - keep-alive
      Content-Length:
      - '476'
      Content-Type:
      - application/json
      ParameterSetName:
      - -n -g --sas-exp
      User-Agent:
      - AZURECLI/2.42.0 azsdk-python-azure-mgmt-storage/21.0.0 Python/3.10.8 (Linux-5.15.0-1022-azure-x86_64-with-glibc2.31)
        VSTS_7b238909-6802-4b65-b90d-184bca47f458_build_220_0
    method: PATCH
    uri: https://management.azure.com/subscriptions/00000000-0000-0000-0000-000000000000/resourceGroups/cli_storage_account000001/providers/Microsoft.Storage/storageAccounts/cli000002?api-version=2022-09-01
  response:
    body:
      string: '{"sku":{"name":"Standard_RAGRS","tier":"Standard"},"kind":"StorageV2","id":"/subscriptions/00000000-0000-0000-0000-000000000000/resourceGroups/cli_storage_account000001/providers/Microsoft.Storage/storageAccounts/cli000002","name":"cli000002","type":"Microsoft.Storage/storageAccounts","location":"eastus","tags":{},"properties":{"sasPolicy":{"sasExpirationPeriod":"100000.00:00:00","expirationAction":"Log"},"keyPolicy":{"keyExpirationPeriodInDays":100000,"enableAutoRotation":false},"keyCreationTime":{"key1":"2022-11-17T09:42:22.3539425Z","key2":"2022-11-17T09:42:22.3539425Z"},"privateEndpointConnections":[],"minimumTlsVersion":"TLS1_0","allowBlobPublicAccess":true,"networkAcls":{"bypass":"AzureServices","virtualNetworkRules":[],"ipRules":[],"defaultAction":"Allow"},"supportsHttpsTrafficOnly":true,"encryption":{"services":{"file":{"keyType":"Account","enabled":true,"lastEnabledTime":"2022-11-17T09:42:22.3695628Z"},"blob":{"keyType":"Account","enabled":true,"lastEnabledTime":"2022-11-17T09:42:22.3695628Z"}},"keySource":"Microsoft.Storage"},"accessTier":"Hot","provisioningState":"Succeeded","creationTime":"2022-11-17T09:42:22.2289379Z","primaryEndpoints":{"dfs":"https://cli000002.dfs.core.windows.net/","web":"https://cli000002.z13.web.core.windows.net/","blob":"https://cli000002.blob.core.windows.net/","queue":"https://cli000002.queue.core.windows.net/","table":"https://cli000002.table.core.windows.net/","file":"https://cli000002.file.core.windows.net/"},"primaryLocation":"eastus","statusOfPrimary":"available","secondaryLocation":"westus","statusOfSecondary":"available","secondaryEndpoints":{"dfs":"https://cli000002-secondary.dfs.core.windows.net/","web":"https://cli000002-secondary.z13.web.core.windows.net/","blob":"https://cli000002-secondary.blob.core.windows.net/","queue":"https://cli000002-secondary.queue.core.windows.net/","table":"https://cli000002-secondary.table.core.windows.net/"}}}'
    headers:
      cache-control:
      - no-cache
      content-length:
      - '1920'
      content-type:
      - application/json
      date:
      - Thu, 17 Nov 2022 09:42:47 GMT
      expires:
      - '-1'
      pragma:
      - no-cache
      server:
      - Microsoft-Azure-Storage-Resource-Provider/1.0,Microsoft-HTTPAPI/2.0 Microsoft-HTTPAPI/2.0
      strict-transport-security:
      - max-age=31536000; includeSubDomains
      x-content-type-options:
      - nosniff
      x-ms-ratelimit-remaining-subscription-writes:
      - '1199'
    status:
      code: 200
      message: OK
version: 1
