interactions:
- request:
    body: null
    headers:
      Accept:
      - application/json
      Accept-Encoding:
      - gzip, deflate
      CommandName:
      - storage account blob-service-properties update
      Connection:
      - keep-alive
      ParameterSetName:
      - --enable-container-delete-retention --container-delete-retention-days -n -g
      User-Agent:
      - AZURECLI/2.33.1 azsdk-python-azure-mgmt-storage/19.1.0 Python/3.7.9 (Windows-10-10.0.22000-SP0)
    method: GET
    uri: https://management.azure.com/subscriptions/00000000-0000-0000-0000-000000000000/resourceGroups/cli_storage_account_update_delete_retention_policy000001/providers/Microsoft.Storage/storageAccounts/clitest000002/blobServices/default?api-version=2021-08-01
  response:
    body:
      string: '{"sku":{"name":"Standard_LRS","tier":"Standard"},"id":"/subscriptions/00000000-0000-0000-0000-000000000000/resourceGroups/cli_storage_account_update_delete_retention_policy000001/providers/Microsoft.Storage/storageAccounts/clitest000002/blobServices/default","name":"default","type":"Microsoft.Storage/storageAccounts/blobServices","properties":{"cors":{"corsRules":[]},"deleteRetentionPolicy":{"enabled":false}}}'
    headers:
      cache-control:
      - no-cache
      content-length:
      - '413'
      content-type:
      - application/json
      date:
      - Wed, 23 Feb 2022 03:28:43 GMT
      expires:
      - '-1'
      pragma:
      - no-cache
      server:
      - Microsoft-Azure-Storage-Resource-Provider/1.0,Microsoft-HTTPAPI/2.0 Microsoft-HTTPAPI/2.0
      strict-transport-security:
      - max-age=31536000; includeSubDomains
      transfer-encoding:
      - chunked
      vary:
      - Accept-Encoding
      x-content-type-options:
      - nosniff
    status:
      code: 200
      message: OK
- request:
    body: '{"properties": {"cors": {"corsRules": []}, "deleteRetentionPolicy": {"enabled":
      false}, "containerDeleteRetentionPolicy": {"enabled": true, "days": 1}}}'
    headers:
      Accept:
      - application/json
      Accept-Encoding:
      - gzip, deflate
      CommandName:
      - storage account blob-service-properties update
      Connection:
      - keep-alive
      Content-Length:
      - '152'
      Content-Type:
      - application/json
      ParameterSetName:
      - --enable-container-delete-retention --container-delete-retention-days -n -g
      User-Agent:
      - AZURECLI/2.33.1 azsdk-python-azure-mgmt-storage/19.1.0 Python/3.7.9 (Windows-10-10.0.22000-SP0)
    method: PUT
    uri: https://management.azure.com/subscriptions/00000000-0000-0000-0000-000000000000/resourceGroups/cli_storage_account_update_delete_retention_policy000001/providers/Microsoft.Storage/storageAccounts/clitest000002/blobServices/default?api-version=2021-08-01
  response:
    body:
      string: '{"id":"/subscriptions/00000000-0000-0000-0000-000000000000/resourceGroups/cli_storage_account_update_delete_retention_policy000001/providers/Microsoft.Storage/storageAccounts/clitest000002/blobServices/default","name":"default","type":"Microsoft.Storage/storageAccounts/blobServices","properties":{"containerDeleteRetentionPolicy":{"enabled":true,"days":1},"cors":{"corsRules":[]},"deleteRetentionPolicy":{"enabled":false}}}'
    headers:
      cache-control:
      - no-cache
      content-length:
      - '424'
      content-type:
      - application/json
      date:
      - Wed, 23 Feb 2022 03:28:45 GMT
      expires:
      - '-1'
      pragma:
      - no-cache
      server:
      - Microsoft-Azure-Storage-Resource-Provider/1.0,Microsoft-HTTPAPI/2.0 Microsoft-HTTPAPI/2.0
      strict-transport-security:
      - max-age=31536000; includeSubDomains
      transfer-encoding:
      - chunked
      vary:
      - Accept-Encoding
      x-content-type-options:
      - nosniff
      x-ms-ratelimit-remaining-subscription-writes:
      - '1193'
    status:
      code: 200
      message: OK
- request:
    body: null
    headers:
      Accept:
      - application/json
      Accept-Encoding:
      - gzip, deflate
      CommandName:
      - storage account blob-service-properties update
      Connection:
      - keep-alive
      ParameterSetName:
      - --enable-container-delete-retention --container-delete-retention-days -n -g
      User-Agent:
      - AZURECLI/2.33.1 azsdk-python-azure-mgmt-storage/19.1.0 Python/3.7.9 (Windows-10-10.0.22000-SP0)
    method: GET
    uri: https://management.azure.com/subscriptions/00000000-0000-0000-0000-000000000000/resourceGroups/cli_storage_account_update_delete_retention_policy000001/providers/Microsoft.Storage/storageAccounts/clitest000002/blobServices/default?api-version=2021-08-01
  response:
    body:
      string: '{"sku":{"name":"Standard_LRS","tier":"Standard"},"id":"/subscriptions/00000000-0000-0000-0000-000000000000/resourceGroups/cli_storage_account_update_delete_retention_policy000001/providers/Microsoft.Storage/storageAccounts/clitest000002/blobServices/default","name":"default","type":"Microsoft.Storage/storageAccounts/blobServices","properties":{"containerDeleteRetentionPolicy":{"enabled":true,"days":1},"cors":{"corsRules":[]},"deleteRetentionPolicy":{"enabled":false}}}'
    headers:
      cache-control:
      - no-cache
      content-length:
      - '472'
      content-type:
      - application/json
      date:
      - Wed, 23 Feb 2022 03:28:46 GMT
      expires:
      - '-1'
      pragma:
      - no-cache
      server:
      - Microsoft-Azure-Storage-Resource-Provider/1.0,Microsoft-HTTPAPI/2.0 Microsoft-HTTPAPI/2.0
      strict-transport-security:
      - max-age=31536000; includeSubDomains
      transfer-encoding:
      - chunked
      vary:
      - Accept-Encoding
      x-content-type-options:
      - nosniff
    status:
      code: 200
      message: OK
- request:
    body: '{"properties": {"cors": {"corsRules": []}, "deleteRetentionPolicy": {"enabled":
      false}, "containerDeleteRetentionPolicy": {"enabled": true, "days": 100}}}'
    headers:
      Accept:
      - application/json
      Accept-Encoding:
      - gzip, deflate
      CommandName:
      - storage account blob-service-properties update
      Connection:
      - keep-alive
      Content-Length:
      - '154'
      Content-Type:
      - application/json
      ParameterSetName:
      - --enable-container-delete-retention --container-delete-retention-days -n -g
      User-Agent:
      - AZURECLI/2.33.1 azsdk-python-azure-mgmt-storage/19.1.0 Python/3.7.9 (Windows-10-10.0.22000-SP0)
    method: PUT
    uri: https://management.azure.com/subscriptions/00000000-0000-0000-0000-000000000000/resourceGroups/cli_storage_account_update_delete_retention_policy000001/providers/Microsoft.Storage/storageAccounts/clitest000002/blobServices/default?api-version=2021-08-01
  response:
    body:
      string: '{"id":"/subscriptions/00000000-0000-0000-0000-000000000000/resourceGroups/cli_storage_account_update_delete_retention_policy000001/providers/Microsoft.Storage/storageAccounts/clitest000002/blobServices/default","name":"default","type":"Microsoft.Storage/storageAccounts/blobServices","properties":{"containerDeleteRetentionPolicy":{"enabled":true,"days":100},"cors":{"corsRules":[]},"deleteRetentionPolicy":{"enabled":false}}}'
    headers:
      cache-control:
      - no-cache
      content-length:
      - '426'
      content-type:
      - application/json
      date:
      - Wed, 23 Feb 2022 03:28:47 GMT
      expires:
      - '-1'
      pragma:
      - no-cache
      server:
      - Microsoft-Azure-Storage-Resource-Provider/1.0,Microsoft-HTTPAPI/2.0 Microsoft-HTTPAPI/2.0
      strict-transport-security:
      - max-age=31536000; includeSubDomains
      transfer-encoding:
      - chunked
      vary:
      - Accept-Encoding
      x-content-type-options:
      - nosniff
      x-ms-ratelimit-remaining-subscription-writes:
      - '1190'
    status:
      code: 200
      message: OK
- request:
    body: null
    headers:
      Accept:
      - application/json
      Accept-Encoding:
      - gzip, deflate
      CommandName:
      - storage account blob-service-properties update
      Connection:
      - keep-alive
      ParameterSetName:
      - --enable-container-delete-retention --container-delete-retention-days -n -g
      User-Agent:
      - AZURECLI/2.33.1 azsdk-python-azure-mgmt-storage/19.1.0 Python/3.7.9 (Windows-10-10.0.22000-SP0)
    method: GET
    uri: https://management.azure.com/subscriptions/00000000-0000-0000-0000-000000000000/resourceGroups/cli_storage_account_update_delete_retention_policy000001/providers/Microsoft.Storage/storageAccounts/clitest000002/blobServices/default?api-version=2021-08-01
  response:
    body:
      string: '{"sku":{"name":"Standard_LRS","tier":"Standard"},"id":"/subscriptions/00000000-0000-0000-0000-000000000000/resourceGroups/cli_storage_account_update_delete_retention_policy000001/providers/Microsoft.Storage/storageAccounts/clitest000002/blobServices/default","name":"default","type":"Microsoft.Storage/storageAccounts/blobServices","properties":{"containerDeleteRetentionPolicy":{"enabled":true,"days":100},"cors":{"corsRules":[]},"deleteRetentionPolicy":{"enabled":false}}}'
    headers:
      cache-control:
      - no-cache
      content-length:
      - '474'
      content-type:
      - application/json
      date:
      - Wed, 23 Feb 2022 03:28:48 GMT
      expires:
      - '-1'
      pragma:
      - no-cache
      server:
      - Microsoft-Azure-Storage-Resource-Provider/1.0,Microsoft-HTTPAPI/2.0 Microsoft-HTTPAPI/2.0
      strict-transport-security:
      - max-age=31536000; includeSubDomains
      transfer-encoding:
      - chunked
      vary:
      - Accept-Encoding
      x-content-type-options:
      - nosniff
    status:
      code: 200
      message: OK
- request:
    body: '{"properties": {"cors": {"corsRules": []}, "deleteRetentionPolicy": {"enabled":
      false}, "containerDeleteRetentionPolicy": {"enabled": true, "days": 365}}}'
    headers:
      Accept:
      - application/json
      Accept-Encoding:
      - gzip, deflate
      CommandName:
      - storage account blob-service-properties update
      Connection:
      - keep-alive
      Content-Length:
      - '154'
      Content-Type:
      - application/json
      ParameterSetName:
      - --enable-container-delete-retention --container-delete-retention-days -n -g
      User-Agent:
      - AZURECLI/2.33.1 azsdk-python-azure-mgmt-storage/19.1.0 Python/3.7.9 (Windows-10-10.0.22000-SP0)
    method: PUT
    uri: https://management.azure.com/subscriptions/00000000-0000-0000-0000-000000000000/resourceGroups/cli_storage_account_update_delete_retention_policy000001/providers/Microsoft.Storage/storageAccounts/clitest000002/blobServices/default?api-version=2021-08-01
  response:
    body:
      string: '{"id":"/subscriptions/00000000-0000-0000-0000-000000000000/resourceGroups/cli_storage_account_update_delete_retention_policy000001/providers/Microsoft.Storage/storageAccounts/clitest000002/blobServices/default","name":"default","type":"Microsoft.Storage/storageAccounts/blobServices","properties":{"containerDeleteRetentionPolicy":{"enabled":true,"days":365},"cors":{"corsRules":[]},"deleteRetentionPolicy":{"enabled":false}}}'
    headers:
      cache-control:
      - no-cache
      content-length:
      - '426'
      content-type:
      - application/json
      date:
      - Wed, 23 Feb 2022 03:28:49 GMT
      expires:
      - '-1'
      pragma:
      - no-cache
      server:
      - Microsoft-Azure-Storage-Resource-Provider/1.0,Microsoft-HTTPAPI/2.0 Microsoft-HTTPAPI/2.0
      strict-transport-security:
      - max-age=31536000; includeSubDomains
      transfer-encoding:
      - chunked
      vary:
      - Accept-Encoding
      x-content-type-options:
      - nosniff
      x-ms-ratelimit-remaining-subscription-writes:
      - '1190'
    status:
      code: 200
      message: OK
- request:
    body: null
    headers:
      Accept:
      - application/json
      Accept-Encoding:
      - gzip, deflate
      CommandName:
      - storage account blob-service-properties update
      Connection:
      - keep-alive
      ParameterSetName:
      - --enable-container-delete-retention -n -g
      User-Agent:
      - AZURECLI/2.33.1 azsdk-python-azure-mgmt-storage/19.1.0 Python/3.7.9 (Windows-10-10.0.22000-SP0)
    method: GET
    uri: https://management.azure.com/subscriptions/00000000-0000-0000-0000-000000000000/resourceGroups/cli_storage_account_update_delete_retention_policy000001/providers/Microsoft.Storage/storageAccounts/clitest000002/blobServices/default?api-version=2021-08-01
  response:
    body:
      string: '{"sku":{"name":"Standard_LRS","tier":"Standard"},"id":"/subscriptions/00000000-0000-0000-0000-000000000000/resourceGroups/cli_storage_account_update_delete_retention_policy000001/providers/Microsoft.Storage/storageAccounts/clitest000002/blobServices/default","name":"default","type":"Microsoft.Storage/storageAccounts/blobServices","properties":{"containerDeleteRetentionPolicy":{"enabled":true,"days":365},"cors":{"corsRules":[]},"deleteRetentionPolicy":{"enabled":false}}}'
    headers:
      cache-control:
      - no-cache
      content-length:
      - '474'
      content-type:
      - application/json
      date:
      - Wed, 23 Feb 2022 03:28:50 GMT
      expires:
      - '-1'
      pragma:
      - no-cache
      server:
      - Microsoft-Azure-Storage-Resource-Provider/1.0,Microsoft-HTTPAPI/2.0 Microsoft-HTTPAPI/2.0
      strict-transport-security:
      - max-age=31536000; includeSubDomains
      transfer-encoding:
      - chunked
      vary:
      - Accept-Encoding
      x-content-type-options:
      - nosniff
    status:
      code: 200
      message: OK
- request:
    body: '{"properties": {"cors": {"corsRules": []}, "deleteRetentionPolicy": {"enabled":
      false}, "containerDeleteRetentionPolicy": {"enabled": false}}}'
    headers:
      Accept:
      - application/json
      Accept-Encoding:
      - gzip, deflate
      CommandName:
      - storage account blob-service-properties update
      Connection:
      - keep-alive
      Content-Length:
      - '142'
      Content-Type:
      - application/json
      ParameterSetName:
      - --enable-container-delete-retention -n -g
      User-Agent:
      - AZURECLI/2.33.1 azsdk-python-azure-mgmt-storage/19.1.0 Python/3.7.9 (Windows-10-10.0.22000-SP0)
    method: PUT
    uri: https://management.azure.com/subscriptions/00000000-0000-0000-0000-000000000000/resourceGroups/cli_storage_account_update_delete_retention_policy000001/providers/Microsoft.Storage/storageAccounts/clitest000002/blobServices/default?api-version=2021-08-01
  response:
    body:
      string: '{"id":"/subscriptions/00000000-0000-0000-0000-000000000000/resourceGroups/cli_storage_account_update_delete_retention_policy000001/providers/Microsoft.Storage/storageAccounts/clitest000002/blobServices/default","name":"default","type":"Microsoft.Storage/storageAccounts/blobServices","properties":{"containerDeleteRetentionPolicy":{"enabled":false},"cors":{"corsRules":[]},"deleteRetentionPolicy":{"enabled":false}}}'
    headers:
      cache-control:
      - no-cache
      content-length:
      - '416'
      content-type:
      - application/json
      date:
      - Wed, 23 Feb 2022 03:28:50 GMT
      expires:
      - '-1'
      pragma:
      - no-cache
      server:
      - Microsoft-Azure-Storage-Resource-Provider/1.0,Microsoft-HTTPAPI/2.0 Microsoft-HTTPAPI/2.0
      strict-transport-security:
      - max-age=31536000; includeSubDomains
      transfer-encoding:
      - chunked
      vary:
      - Accept-Encoding
      x-content-type-options:
      - nosniff
      x-ms-ratelimit-remaining-subscription-writes:
      - '1190'
    status:
      code: 200
      message: OK
version: 1
