interactions:
- request:
    body: null
    headers:
      Accept:
      - application/json
      Accept-Encoding:
      - gzip, deflate
      CommandName:
      - storage account keys list
      Connection:
      - keep-alive
      Content-Length:
      - '0'
      ParameterSetName:
      - -n -g --query -o
      User-Agent:
      - AZURECLI/2.69.0 azsdk-python-core/1.31.0 Python/3.12.9 (Windows-10-10.0.19045-SP0)
    method: POST
    uri: https://management.azure.com/subscriptions/00000000-0000-0000-0000-000000000000/resourceGroups/clitest.rg000001/providers/Microsoft.Storage/storageAccounts/clitest000002/listKeys?api-version=2024-01-01&$expand=kerb
  response:
    body:
      string: '{"keys":[{"creationTime":"2025-02-20T14:49:52.2330965Z","keyName":"key1","value":"veryFakedStorageAccountKey==","permissions":"FULL"},{"creationTime":"2025-02-20T14:49:52.2330965Z","keyName":"key2","value":"veryFakedStorageAccountKey==","permissions":"FULL"}]}'
    headers:
      cache-control:
      - no-cache
      content-length:
      - '260'
      content-type:
      - application/json
      date:
      - Thu, 20 Feb 2025 14:50:16 GMT
      expires:
      - '-1'
      pragma:
      - no-cache
      server:
      - Microsoft-Azure-Storage-Resource-Provider/1.0,Microsoft-HTTPAPI/2.0 Microsoft-HTTPAPI/2.0
      strict-transport-security:
      - max-age=31536000; includeSubDomains
      x-content-type-options:
      - nosniff
      x-ms-operation-identifier:
      - tenantId=54826b22-38d6-4fb2-bad9-b7b93a3e9c5a,objectId=a7250e3a-0e5e-48e2-9a34-45f1f5e1a91e/eastus2euap/1f6aefeb-7b8f-49db-802c-0665a3e60250
      x-ms-ratelimit-remaining-subscription-resource-requests:
      - '11987'
    status:
      code: 200
      message: OK
- request:
    body: null
    headers:
      Accept:
      - application/xml
      Accept-Encoding:
      - gzip, deflate
      CommandName:
      - storage share create
      Connection:
      - keep-alive
      Content-Length:
      - '0'
      ParameterSetName:
      - -n --account-name --account-key
      User-Agent:
      - AZURECLI/2.69.0 azsdk-python-storage-file-share/12.17.0 Python/3.12.9 (Windows-10-10.0.19045-SP0)
      x-ms-date:
      - Thu, 20 Feb 2025 14:50:17 GMT
      x-ms-version:
      - '2024-08-04'
    method: PUT
    uri: https://clitest000002.file.core.windows.net/share000003?restype=share
  response:
    body:
      string: ''
    headers:
      content-length:
      - '0'
      date:
      - Thu, 20 Feb 2025 14:50:18 GMT
      etag:
      - '"0x8DD51BDE4D36E1D"'
      last-modified:
      - Thu, 20 Feb 2025 14:50:18 GMT
      server:
      - Windows-Azure-File/1.0 Microsoft-HTTPAPI/2.0
      x-ms-version:
      - '2024-08-04'
    status:
      code: 201
      message: Created
- request:
    body: null
    headers:
      Accept:
      - application/xml
      Accept-Encoding:
      - gzip, deflate
      CommandName:
      - storage share create
      Connection:
      - keep-alive
      Content-Length:
      - '0'
      ParameterSetName:
      - -n --metadata --account-name --account-key
      User-Agent:
      - AZURECLI/2.69.0 azsdk-python-storage-file-share/12.17.0 Python/3.12.9 (Windows-10-10.0.19045-SP0)
      x-ms-date:
      - Thu, 20 Feb 2025 14:50:19 GMT
      x-ms-meta:
      - '{''foo'': ''bar'', ''cat'': ''hat''}'
      x-ms-meta-cat:
      - hat
      x-ms-meta-foo:
      - bar
      x-ms-version:
      - '2024-08-04'
    method: PUT
    uri: https://clitest000002.file.core.windows.net/share000004?restype=share
  response:
    body:
      string: ''
    headers:
      content-length:
      - '0'
      date:
      - Thu, 20 Feb 2025 14:50:19 GMT
      etag:
      - '"0x8DD51BDE5F3DF09"'
      last-modified:
      - Thu, 20 Feb 2025 14:50:20 GMT
      server:
      - Windows-Azure-File/1.0 Microsoft-HTTPAPI/2.0
      x-ms-version:
      - '2024-08-04'
    status:
      code: 201
      message: Created
- request:
    body: null
    headers:
      Accept:
      - application/xml
      Accept-Encoding:
      - gzip, deflate
      CommandName:
      - storage share exists
      Connection:
      - keep-alive
      ParameterSetName:
      - -n --account-name --account-key
      User-Agent:
      - AZURECLI/2.69.0 azsdk-python-storage-file-share/12.17.0 Python/3.12.9 (Windows-10-10.0.19045-SP0)
      x-ms-date:
      - Thu, 20 Feb 2025 14:50:20 GMT
      x-ms-version:
      - '2024-08-04'
    method: GET
    uri: https://clitest000002.file.core.windows.net/share000003?restype=share
  response:
    body:
      string: ''
    headers:
      content-length:
      - '0'
      date:
      - Thu, 20 Feb 2025 14:50:22 GMT
      etag:
      - '"0x8DD51BDE4D36E1D"'
      last-modified:
      - Thu, 20 Feb 2025 14:50:18 GMT
      server:
      - Windows-Azure-File/1.0 Microsoft-HTTPAPI/2.0
      x-ms-has-immutability-policy:
      - 'false'
      x-ms-has-legal-hold:
      - 'false'
      x-ms-lease-state:
      - available
      x-ms-lease-status:
      - unlocked
      x-ms-share-quota:
      - '102400'
      x-ms-version:
      - '2024-08-04'
    status:
      code: 200
      message: OK
- request:
    body: null
    headers:
      Accept:
      - application/xml
      Accept-Encoding:
      - gzip, deflate
      CommandName:
      - storage share metadata show
      Connection:
      - keep-alive
      ParameterSetName:
      - --name --account-name --account-key
      User-Agent:
      - AZURECLI/2.69.0 azsdk-python-storage-file-share/12.17.0 Python/3.12.9 (Windows-10-10.0.19045-SP0)
      x-ms-date:
      - Thu, 20 Feb 2025 14:50:22 GMT
      x-ms-version:
      - '2024-08-04'
    method: GET
    uri: https://clitest000002.file.core.windows.net/share000004?restype=share
  response:
    body:
      string: ''
    headers:
      content-length:
      - '0'
      date:
      - Thu, 20 Feb 2025 14:50:23 GMT
      etag:
      - '"0x8DD51BDE5F3DF09"'
      last-modified:
      - Thu, 20 Feb 2025 14:50:20 GMT
      server:
      - Windows-Azure-File/1.0 Microsoft-HTTPAPI/2.0
      x-ms-has-immutability-policy:
      - 'false'
      x-ms-has-legal-hold:
      - 'false'
      x-ms-lease-state:
      - available
      x-ms-lease-status:
      - unlocked
      x-ms-meta-cat:
      - hat
      x-ms-meta-foo:
      - bar
      x-ms-share-quota:
      - '102400'
      x-ms-version:
      - '2024-08-04'
    status:
      code: 200
      message: OK
version: 1
