interactions:
- request:
    body: null
    headers:
      Accept:
      - application/json
      Accept-Encoding:
      - gzip, deflate
      CommandName:
      - keyvault show
      Connection:
      - keep-alive
      ParameterSetName:
      - -n -g
      User-Agent:
      - AZURECLI/2.50.0 (PIP) azsdk-python-azure-mgmt-keyvault/10.2.2 Python/3.9.6
        (Windows-10-10.0.19045-SP0)
    method: GET
    uri: https://management.azure.com/subscriptions/00000000-0000-0000-0000-000000000000/resourceGroups/clitest.rg000001/providers/Microsoft.KeyVault/vaults/clitest000003?api-version=2023-02-01
  response:
    body:
      string: '{"id":"/subscriptions/00000000-0000-0000-0000-000000000000/resourceGroups/clitest.rg000001/providers/Microsoft.KeyVault/vaults/clitest000003","name":"clitest000003","type":"Microsoft.KeyVault/vaults","location":"southcentralus","tags":{},"systemData":{"createdBy":"zhiyihuang@microsoft.com","createdByType":"User","createdAt":"2023-07-06T03:19:37.27Z","lastModifiedBy":"zhiyihuang@microsoft.com","lastModifiedByType":"User","lastModifiedAt":"2023-07-06T03:19:37.27Z"},"properties":{"sku":{"family":"A","name":"standard"},"tenantId":"54826b22-38d6-4fb2-bad9-b7b93a3e9c5a","accessPolicies":[{"tenantId":"54826b22-38d6-4fb2-bad9-b7b93a3e9c5a","objectId":"a7250e3a-0e5e-48e2-9a34-45f1f5e1a91e","permissions":{"keys":["all"],"secrets":["all"],"certificates":["all"],"storage":["all"]}}],"enabledForDeployment":false,"enableSoftDelete":true,"softDeleteRetentionInDays":7,"vaultUri":"https://clitest000003.vault.azure.net/","provisioningState":"Succeeded","publicNetworkAccess":"Enabled"}}'
    headers:
      cache-control:
      - no-cache
      content-length:
      - '982'
      content-type:
      - application/json; charset=utf-8
      date:
      - Thu, 06 Jul 2023 03:20:13 GMT
      expires:
      - '-1'
      pragma:
      - no-cache
      server:
      - Microsoft-IIS/10.0
      strict-transport-security:
      - max-age=31536000; includeSubDomains
      transfer-encoding:
      - chunked
      vary:
      - Accept-Encoding
      x-aspnet-version:
      - 4.0.30319
      x-content-type-options:
      - nosniff
      x-ms-keyvault-service-version:
      - 1.5.785.0
    status:
      code: 200
      message: OK
- request:
    body: null
    headers:
      Accept:
      - application/json
      Accept-Encoding:
      - gzip, deflate
      Connection:
      - keep-alive
      Content-Length:
      - '0'
      Content-Type:
      - application/json
      User-Agent:
      - azsdk-python-keyvault-keys/4.8.0b2 Python/3.9.6 (Windows-10-10.0.19045-SP0)
    method: POST
    uri: https://clitest000003.vault.azure.net/keys/testkey/create?api-version=7.4-preview.1
  response:
    body:
      string: '{"error":{"code":"Unauthorized","message":"AKV10000: Request is missing
        a Bearer or PoP token."}}'
    headers:
      cache-control:
      - no-cache
      content-length:
      - '97'
      content-type:
      - application/json; charset=utf-8
      date:
      - Thu, 06 Jul 2023 03:20:14 GMT
      expires:
      - '-1'
      pragma:
      - no-cache
      strict-transport-security:
      - max-age=31536000;includeSubDomains
      www-authenticate:
      - Bearer authorization="https://login.microsoftonline.com/54826b22-38d6-4fb2-bad9-b7b93a3e9c5a",
        resource="https://vault.azure.net"
      x-content-type-options:
      - nosniff
      x-ms-keyvault-network-info:
      - conn_type=Ipv4;addr=167.220.255.72;act_addr_fam=InterNetwork;
      x-ms-keyvault-region:
      - southcentralus
      x-ms-keyvault-service-version:
      - 1.9.865.5
    status:
      code: 401
      message: Unauthorized
- request:
    body: '{"kty": "RSA", "attributes": {"enabled": true}}'
    headers:
      Accept:
      - application/json
      Accept-Encoding:
      - gzip, deflate
      Connection:
      - keep-alive
      Content-Length:
      - '47'
      Content-Type:
      - application/json
      User-Agent:
      - azsdk-python-keyvault-keys/4.8.0b2 Python/3.9.6 (Windows-10-10.0.19045-SP0)
    method: POST
    uri: https://clitest000003.vault.azure.net/keys/testkey/create?api-version=7.4-preview.1
  response:
    body:
      string: '{"key":{"kid":"https://clitest000003.vault.azure.net/keys/testkey/329907f20e364ab6b4df323a19a64471","kty":"RSA","key_ops":["encrypt","decrypt","sign","verify","wrapKey","unwrapKey"],"n":"0IuMHzz7tAUvJURUP1U8V5H05mFNbweapnCP_uHTkSilsPqYW7I7oI-r0LEgosrViDxcaEPwElQyyCP2QSqf7dITzL3Ae2Osy4Gasx7K5vKaBv4zHO5qd0Z0lh6bEhsmRf6leOeX_MzMY9Ut33Bbfvo8lsn2jD8rFSLu3WFGxDXo366rC5dO7x6dS6xyTdn_WNo92ylyGI3yrQjzGTO8ta0ThgfDsQXpnW0vw6FIRpIgmiuMj4XAdnjz7EhpzxH2bkPs0_W6okQPGHfuJLO6WhoG5-SkUWEgj3HW5Cs5ONzTy7mESuLPlLT_hxowJPkxS9x0e1LSg-yOrnWklpC1uQ","e":"AQAB"},"attributes":{"enabled":true,"created":1688613616,"updated":1688613616,"recoveryLevel":"CustomizedRecoverable+Purgeable","recoverableDays":7,"exportable":false}}'
    headers:
      cache-control:
      - no-cache
      content-length:
      - '704'
      content-type:
      - application/json; charset=utf-8
      date:
      - Thu, 06 Jul 2023 03:20:16 GMT
      expires:
      - '-1'
      pragma:
      - no-cache
      strict-transport-security:
      - max-age=31536000;includeSubDomains
      x-content-type-options:
      - nosniff
      x-ms-keyvault-network-info:
      - conn_type=Ipv4;addr=167.220.255.72;act_addr_fam=InterNetwork;
      x-ms-keyvault-region:
      - southcentralus
      x-ms-keyvault-service-version:
      - 1.9.865.5
    status:
      code: 200
      message: OK
- request:
    body: null
    headers:
      Accept:
      - application/json
      Accept-Encoding:
      - gzip, deflate
      CommandName:
      - storage account update
      Connection:
      - keep-alive
      ParameterSetName:
      - -n -g --assign-identity -o --query
      User-Agent:
      - AZURECLI/2.50.0 (PIP) azsdk-python-azure-mgmt-storage/0.1.0 Python/3.9.6 (Windows-10-10.0.19045-SP0)
    method: GET
    uri: https://management.azure.com/subscriptions/00000000-0000-0000-0000-000000000000/resourceGroups/clitest.rg000001/providers/Microsoft.Storage/storageAccounts/clitest000002?api-version=2023-01-01
  response:
    body:
      string: '{"sku":{"name":"Standard_LRS","tier":"Standard"},"kind":"Storage","id":"/subscriptions/00000000-0000-0000-0000-000000000000/resourceGroups/clitest.rg000001/providers/Microsoft.Storage/storageAccounts/clitest000002","name":"clitest000002","type":"Microsoft.Storage/storageAccounts","location":"southcentralus","tags":{},"properties":{"keyCreationTime":{"key1":"2023-07-06T03:19:09.9737213Z","key2":"2023-07-06T03:19:09.9737213Z"},"allowCrossTenantReplication":false,"privateEndpointConnections":[],"minimumTlsVersion":"TLS1_0","allowBlobPublicAccess":false,"networkAcls":{"ipv6Rules":[],"bypass":"AzureServices","virtualNetworkRules":[],"ipRules":[],"defaultAction":"Allow"},"supportsHttpsTrafficOnly":true,"encryption":{"services":{"file":{"keyType":"Account","enabled":true,"lastEnabledTime":"2023-07-06T03:19:10.3331157Z"},"blob":{"keyType":"Account","enabled":true,"lastEnabledTime":"2023-07-06T03:19:10.3331157Z"}},"keySource":"Microsoft.Storage"},"provisioningState":"Succeeded","creationTime":"2023-07-06T03:19:09.8799886Z","primaryEndpoints":{"blob":"https://clitest000002.blob.core.windows.net/","queue":"https://clitest000002.queue.core.windows.net/","table":"https://clitest000002.table.core.windows.net/","file":"https://clitest000002.file.core.windows.net/"},"primaryLocation":"southcentralus","statusOfPrimary":"available"}}'
    headers:
      cache-control:
      - no-cache
      content-length:
      - '1337'
      content-type:
      - application/json
      date:
      - Thu, 06 Jul 2023 03:20:17 GMT
      expires:
      - '-1'
      pragma:
      - no-cache
      server:
      - Microsoft-Azure-Storage-Resource-Provider/1.0,Microsoft-HTTPAPI/2.0 Microsoft-HTTPAPI/2.0
      strict-transport-security:
      - max-age=31536000; includeSubDomains
      transfer-encoding:
      - chunked
      vary:
      - Accept-Encoding
      x-content-type-options:
      - nosniff
    status:
      code: 200
      message: OK
- request:
    body: '{"sku": {"name": "Standard_LRS"}, "tags": {}, "identity": {"type": "SystemAssigned"},
      "properties": {"encryption": {"services": {"blob": {"enabled": true, "keyType":
      "Account"}, "file": {"enabled": true, "keyType": "Account"}}, "keySource": "Microsoft.Storage"},
      "supportsHttpsTrafficOnly": true, "networkAcls": {"bypass": "AzureServices",
      "virtualNetworkRules": [], "ipRules": [], "ipv6Rules": [], "defaultAction":
      "Allow"}}}'
    headers:
      Accept:
      - application/json
      Accept-Encoding:
      - gzip, deflate
      CommandName:
      - storage account update
      Connection:
      - keep-alive
      Content-Length:
      - '426'
      Content-Type:
      - application/json
      ParameterSetName:
      - -n -g --assign-identity -o --query
      User-Agent:
      - AZURECLI/2.50.0 (PIP) azsdk-python-azure-mgmt-storage/0.1.0 Python/3.9.6 (Windows-10-10.0.19045-SP0)
    method: PATCH
    uri: https://management.azure.com/subscriptions/00000000-0000-0000-0000-000000000000/resourceGroups/clitest.rg000001/providers/Microsoft.Storage/storageAccounts/clitest000002?api-version=2023-01-01
  response:
    body:
      string: '{"identity":{"principalId":"70b62e87-0f92-496a-85ad-2cea038fa54f","tenantId":"54826b22-38d6-4fb2-bad9-b7b93a3e9c5a","type":"SystemAssigned"},"sku":{"name":"Standard_LRS","tier":"Standard"},"kind":"Storage","id":"/subscriptions/00000000-0000-0000-0000-000000000000/resourceGroups/clitest.rg000001/providers/Microsoft.Storage/storageAccounts/clitest000002","name":"clitest000002","type":"Microsoft.Storage/storageAccounts","location":"southcentralus","tags":{},"properties":{"keyCreationTime":{"key1":"2023-07-06T03:19:09.9737213Z","key2":"2023-07-06T03:19:09.9737213Z"},"allowCrossTenantReplication":false,"privateEndpointConnections":[],"minimumTlsVersion":"TLS1_0","allowBlobPublicAccess":false,"networkAcls":{"ipv6Rules":[],"bypass":"AzureServices","virtualNetworkRules":[],"ipRules":[],"defaultAction":"Allow"},"supportsHttpsTrafficOnly":true,"encryption":{"services":{"file":{"keyType":"Account","enabled":true,"lastEnabledTime":"2023-07-06T03:19:10.3331157Z"},"blob":{"keyType":"Account","enabled":true,"lastEnabledTime":"2023-07-06T03:19:10.3331157Z"}},"keySource":"Microsoft.Storage"},"provisioningState":"Succeeded","creationTime":"2023-07-06T03:19:09.8799886Z","primaryEndpoints":{"blob":"https://clitest000002.blob.core.windows.net/","queue":"https://clitest000002.queue.core.windows.net/","table":"https://clitest000002.table.core.windows.net/","file":"https://clitest000002.file.core.windows.net/"},"primaryLocation":"southcentralus","statusOfPrimary":"available"}}'
    headers:
      cache-control:
      - no-cache
      content-length:
      - '1477'
      content-type:
      - application/json
      date:
      - Thu, 06 Jul 2023 03:20:21 GMT
      expires:
      - '-1'
      pragma:
      - no-cache
      server:
      - Microsoft-Azure-Storage-Resource-Provider/1.0,Microsoft-HTTPAPI/2.0 Microsoft-HTTPAPI/2.0
      strict-transport-security:
      - max-age=31536000; includeSubDomains
      transfer-encoding:
      - chunked
      vary:
      - Accept-Encoding
      x-content-type-options:
      - nosniff
      x-ms-ratelimit-remaining-subscription-writes:
      - '1192'
    status:
      code: 200
      message: OK
- request:
    body: null
    headers:
      Accept:
      - application/json
      Accept-Encoding:
      - gzip, deflate
      CommandName:
      - keyvault set-policy
      Connection:
      - keep-alive
      ParameterSetName:
      - -n --object-id -g --key-permissions
      User-Agent:
      - AZURECLI/2.50.0 (PIP) azsdk-python-azure-mgmt-keyvault/10.2.2 Python/3.9.6
        (Windows-10-10.0.19045-SP0)
    method: GET
    uri: https://management.azure.com/subscriptions/00000000-0000-0000-0000-000000000000/resourceGroups/clitest.rg000001/providers/Microsoft.KeyVault/vaults/clitest000003?api-version=2023-02-01
  response:
    body:
      string: '{"id":"/subscriptions/00000000-0000-0000-0000-000000000000/resourceGroups/clitest.rg000001/providers/Microsoft.KeyVault/vaults/clitest000003","name":"clitest000003","type":"Microsoft.KeyVault/vaults","location":"southcentralus","tags":{},"systemData":{"createdBy":"zhiyihuang@microsoft.com","createdByType":"User","createdAt":"2023-07-06T03:19:37.27Z","lastModifiedBy":"zhiyihuang@microsoft.com","lastModifiedByType":"User","lastModifiedAt":"2023-07-06T03:19:37.27Z"},"properties":{"sku":{"family":"A","name":"standard"},"tenantId":"54826b22-38d6-4fb2-bad9-b7b93a3e9c5a","accessPolicies":[{"tenantId":"54826b22-38d6-4fb2-bad9-b7b93a3e9c5a","objectId":"a7250e3a-0e5e-48e2-9a34-45f1f5e1a91e","permissions":{"keys":["all"],"secrets":["all"],"certificates":["all"],"storage":["all"]}}],"enabledForDeployment":false,"enableSoftDelete":true,"softDeleteRetentionInDays":7,"vaultUri":"https://clitest000003.vault.azure.net/","provisioningState":"Succeeded","publicNetworkAccess":"Enabled"}}'
    headers:
      cache-control:
      - no-cache
      content-length:
      - '982'
      content-type:
      - application/json; charset=utf-8
      date:
      - Thu, 06 Jul 2023 03:20:22 GMT
      expires:
      - '-1'
      pragma:
      - no-cache
      server:
      - Microsoft-IIS/10.0
      strict-transport-security:
      - max-age=31536000; includeSubDomains
      transfer-encoding:
      - chunked
      vary:
      - Accept-Encoding
      x-aspnet-version:
      - 4.0.30319
      x-content-type-options:
      - nosniff
      x-ms-keyvault-service-version:
      - 1.5.785.0
    status:
      code: 200
      message: OK
- request:
    body: '{"location": "southcentralus", "tags": {}, "properties": {"tenantId": "54826b22-38d6-4fb2-bad9-b7b93a3e9c5a",
      "sku": {"family": "A", "name": "standard"}, "accessPolicies": [{"tenantId":
      "54826b22-38d6-4fb2-bad9-b7b93a3e9c5a", "objectId": "a7250e3a-0e5e-48e2-9a34-45f1f5e1a91e",
      "permissions": {"keys": ["all"], "secrets": ["all"], "certificates": ["all"],
      "storage": ["all"]}}, {"tenantId": "54826b22-38d6-4fb2-bad9-b7b93a3e9c5a", "objectId":
      "70b62e87-0f92-496a-85ad-2cea038fa54f", "permissions": {"keys": ["get", "wrapKey",
      "recover", "unwrapKey"]}}], "vaultUri": "https://clitest000003.vault.azure.net/",
      "enabledForDeployment": false, "enableSoftDelete": true, "softDeleteRetentionInDays":
      7, "provisioningState": "Succeeded", "publicNetworkAccess": "Enabled"}}'
    headers:
      Accept:
      - application/json
      Accept-Encoding:
      - gzip, deflate
      CommandName:
      - keyvault set-policy
      Connection:
      - keep-alive
      Content-Length:
      - '765'
      Content-Type:
      - application/json
      ParameterSetName:
      - -n --object-id -g --key-permissions
      User-Agent:
      - AZURECLI/2.50.0 (PIP) azsdk-python-azure-mgmt-keyvault/10.2.2 Python/3.9.6
        (Windows-10-10.0.19045-SP0)
    method: PUT
    uri: https://management.azure.com/subscriptions/00000000-0000-0000-0000-000000000000/resourceGroups/clitest.rg000001/providers/Microsoft.KeyVault/vaults/clitest000003?api-version=2023-02-01
  response:
    body:
      string: '{"id":"/subscriptions/00000000-0000-0000-0000-000000000000/resourceGroups/clitest.rg000001/providers/Microsoft.KeyVault/vaults/clitest000003","name":"clitest000003","type":"Microsoft.KeyVault/vaults","location":"southcentralus","tags":{},"systemData":{"createdBy":"zhiyihuang@microsoft.com","createdByType":"User","createdAt":"2023-07-06T03:19:37.27Z","lastModifiedBy":"zhiyihuang@microsoft.com","lastModifiedByType":"User","lastModifiedAt":"2023-07-06T03:20:23.182Z"},"properties":{"sku":{"family":"A","name":"standard"},"tenantId":"54826b22-38d6-4fb2-bad9-b7b93a3e9c5a","accessPolicies":[{"tenantId":"54826b22-38d6-4fb2-bad9-b7b93a3e9c5a","objectId":"a7250e3a-0e5e-48e2-9a34-45f1f5e1a91e","permissions":{"keys":["all"],"secrets":["all"],"certificates":["all"],"storage":["all"]}},{"tenantId":"54826b22-38d6-4fb2-bad9-b7b93a3e9c5a","objectId":"70b62e87-0f92-496a-85ad-2cea038fa54f","permissions":{"keys":["get","wrapKey","recover","unwrapKey"]}}],"enabledForDeployment":false,"enableSoftDelete":true,"softDeleteRetentionInDays":7,"vaultUri":"https://clitest000003.vault.azure.net/","provisioningState":"Succeeded","publicNetworkAccess":"Enabled"}}'
    headers:
      cache-control:
      - no-cache
      content-length:
      - '1148'
      content-type:
      - application/json; charset=utf-8
      date:
      - Thu, 06 Jul 2023 03:20:23 GMT
      expires:
      - '-1'
      pragma:
      - no-cache
      server:
      - Microsoft-IIS/10.0
      strict-transport-security:
      - max-age=31536000; includeSubDomains
      transfer-encoding:
      - chunked
      vary:
      - Accept-Encoding
      x-aspnet-version:
      - 4.0.30319
      x-content-type-options:
      - nosniff
      x-ms-keyvault-service-version:
      - 1.5.785.0
      x-ms-ratelimit-remaining-subscription-writes:
      - '1189'
    status:
      code: 200
      message: OK
- request:
    body: null
    headers:
      Accept:
      - application/json
      Accept-Encoding:
      - gzip, deflate
      CommandName:
      - keyvault update
      Connection:
      - keep-alive
      ParameterSetName:
      - -n -g --set
      User-Agent:
      - AZURECLI/2.50.0 (PIP) azsdk-python-azure-mgmt-keyvault/10.2.2 Python/3.9.6
        (Windows-10-10.0.19045-SP0)
    method: GET
    uri: https://management.azure.com/subscriptions/00000000-0000-0000-0000-000000000000/resourceGroups/clitest.rg000001/providers/Microsoft.KeyVault/vaults/clitest000003?api-version=2023-02-01
  response:
    body:
      string: '{"id":"/subscriptions/00000000-0000-0000-0000-000000000000/resourceGroups/clitest.rg000001/providers/Microsoft.KeyVault/vaults/clitest000003","name":"clitest000003","type":"Microsoft.KeyVault/vaults","location":"southcentralus","tags":{},"systemData":{"createdBy":"zhiyihuang@microsoft.com","createdByType":"User","createdAt":"2023-07-06T03:19:37.27Z","lastModifiedBy":"zhiyihuang@microsoft.com","lastModifiedByType":"User","lastModifiedAt":"2023-07-06T03:20:23.182Z"},"properties":{"sku":{"family":"A","name":"standard"},"tenantId":"54826b22-38d6-4fb2-bad9-b7b93a3e9c5a","accessPolicies":[{"tenantId":"54826b22-38d6-4fb2-bad9-b7b93a3e9c5a","objectId":"a7250e3a-0e5e-48e2-9a34-45f1f5e1a91e","permissions":{"keys":["all"],"secrets":["all"],"certificates":["all"],"storage":["all"]}},{"tenantId":"54826b22-38d6-4fb2-bad9-b7b93a3e9c5a","objectId":"70b62e87-0f92-496a-85ad-2cea038fa54f","permissions":{"keys":["get","wrapKey","recover","unwrapKey"]}}],"enabledForDeployment":false,"enableSoftDelete":true,"softDeleteRetentionInDays":7,"vaultUri":"https://clitest000003.vault.azure.net/","provisioningState":"Succeeded","publicNetworkAccess":"Enabled"}}'
    headers:
      cache-control:
      - no-cache
      content-length:
      - '1148'
      content-type:
      - application/json; charset=utf-8
      date:
      - Thu, 06 Jul 2023 03:20:25 GMT
      expires:
      - '-1'
      pragma:
      - no-cache
      server:
      - Microsoft-IIS/10.0
      strict-transport-security:
      - max-age=31536000; includeSubDomains
      transfer-encoding:
      - chunked
      vary:
      - Accept-Encoding
      x-aspnet-version:
      - 4.0.30319
      x-content-type-options:
      - nosniff
      x-ms-keyvault-service-version:
      - 1.5.785.0
    status:
      code: 200
      message: OK
- request:
    body: '{"location": "southcentralus", "tags": {}, "properties": {"tenantId": "54826b22-38d6-4fb2-bad9-b7b93a3e9c5a",
      "sku": {"family": "A", "name": "standard"}, "accessPolicies": [{"tenantId":
      "54826b22-38d6-4fb2-bad9-b7b93a3e9c5a", "objectId": "a7250e3a-0e5e-48e2-9a34-45f1f5e1a91e",
      "permissions": {"keys": ["all"], "secrets": ["all"], "certificates": ["all"],
      "storage": ["all"]}}, {"tenantId": "54826b22-38d6-4fb2-bad9-b7b93a3e9c5a", "objectId":
      "70b62e87-0f92-496a-85ad-2cea038fa54f", "permissions": {"keys": ["get", "wrapKey",
      "recover", "unwrapKey"]}}], "vaultUri": "https://clitest000003.vault.azure.net/",
      "enabledForDeployment": false, "enableSoftDelete": true, "softDeleteRetentionInDays":
      7, "provisioningState": "Succeeded", "publicNetworkAccess": "Enabled"}}'
    headers:
      Accept:
      - application/json
      Accept-Encoding:
      - gzip, deflate
      CommandName:
      - keyvault update
      Connection:
      - keep-alive
      Content-Length:
      - '765'
      Content-Type:
      - application/json
      ParameterSetName:
      - -n -g --set
      User-Agent:
      - AZURECLI/2.50.0 (PIP) azsdk-python-azure-mgmt-keyvault/10.2.2 Python/3.9.6
        (Windows-10-10.0.19045-SP0)
    method: PUT
    uri: https://management.azure.com/subscriptions/00000000-0000-0000-0000-000000000000/resourceGroups/clitest.rg000001/providers/Microsoft.KeyVault/vaults/clitest000003?api-version=2023-02-01
  response:
    body:
      string: '{"id":"/subscriptions/00000000-0000-0000-0000-000000000000/resourceGroups/clitest.rg000001/providers/Microsoft.KeyVault/vaults/clitest000003","name":"clitest000003","type":"Microsoft.KeyVault/vaults","location":"southcentralus","tags":{},"systemData":{"createdBy":"zhiyihuang@microsoft.com","createdByType":"User","createdAt":"2023-07-06T03:19:37.27Z","lastModifiedBy":"zhiyihuang@microsoft.com","lastModifiedByType":"User","lastModifiedAt":"2023-07-06T03:20:26.481Z"},"properties":{"sku":{"family":"A","name":"standard"},"tenantId":"54826b22-38d6-4fb2-bad9-b7b93a3e9c5a","accessPolicies":[{"tenantId":"54826b22-38d6-4fb2-bad9-b7b93a3e9c5a","objectId":"a7250e3a-0e5e-48e2-9a34-45f1f5e1a91e","permissions":{"keys":["all"],"secrets":["all"],"certificates":["all"],"storage":["all"]}},{"tenantId":"54826b22-38d6-4fb2-bad9-b7b93a3e9c5a","objectId":"70b62e87-0f92-496a-85ad-2cea038fa54f","permissions":{"keys":["get","wrapKey","recover","unwrapKey"]}}],"enabledForDeployment":false,"enableSoftDelete":true,"softDeleteRetentionInDays":7,"vaultUri":"https://clitest000003.vault.azure.net/","provisioningState":"Succeeded","publicNetworkAccess":"Enabled"}}'
    headers:
      cache-control:
      - no-cache
      content-length:
      - '1148'
      content-type:
      - application/json; charset=utf-8
      date:
      - Thu, 06 Jul 2023 03:20:26 GMT
      expires:
      - '-1'
      pragma:
      - no-cache
      server:
      - Microsoft-IIS/10.0
      strict-transport-security:
      - max-age=31536000; includeSubDomains
      transfer-encoding:
      - chunked
      vary:
      - Accept-Encoding
      x-aspnet-version:
      - 4.0.30319
      x-content-type-options:
      - nosniff
      x-ms-keyvault-service-version:
      - 1.5.785.0
      x-ms-ratelimit-remaining-subscription-writes:
      - '1191'
    status:
      code: 200
      message: OK
- request:
    body: null
    headers:
      Accept:
      - application/json
      Accept-Encoding:
      - gzip, deflate
      CommandName:
      - resource update
      Connection:
      - keep-alive
      ParameterSetName:
      - --id --set
      User-Agent:
      - AZURECLI/2.50.0 (PIP) azsdk-python-azure-mgmt-resource/23.1.0b2 Python/3.9.6
        (Windows-10-10.0.19045-SP0)
    method: GET
    uri: https://management.azure.com/subscriptions/00000000-0000-0000-0000-000000000000/providers/Microsoft.KeyVault?api-version=2022-09-01
  response:
    body:
      string: '{"id":"/subscriptions/00000000-0000-0000-0000-000000000000/providers/Microsoft.KeyVault","namespace":"Microsoft.KeyVault","authorizations":[{"applicationId":"cfa8b339-82a2-471a-a3c9-0fc0be7a4093","roleDefinitionId":"1cf9858a-28a2-4228-abba-94e606305b95"},{"applicationId":"589d5083-6f11-4d30-a62a-a4b316a14abf","roleDefinitionId":"1f7e9952-ea79-42b8-a90e-b2dabbe1c1f2"},{"applicationId":"a1b76039-a76c-499f-a2dd-846b4cc32627"},{"applicationId":"1341df96-0b28-43da-ba24-7a6ce39be816"}],"resourceTypes":[{"resourceType":"operations","locations":[],"apiVersions":["2023-02-01","2022-11-01","2022-07-01","2022-02-01-preview","2021-11-01-preview","2021-10-01","2021-06-01-preview","2021-04-01-preview","2020-04-01-preview","2019-09-01","2018-02-14-preview","2018-02-14","2016-10-01","2015-06-01","2014-12-19-preview"],"defaultApiVersion":"2019-09-01","apiProfiles":[{"profileVersion":"2019-03-01-hybrid","apiVersion":"2016-10-01"},{"profileVersion":"2018-03-01-hybrid","apiVersion":"2016-10-01"},{"profileVersion":"2018-06-01-profile","apiVersion":"2016-10-01"}],"capabilities":"None"},{"resourceType":"checkNameAvailability","locations":[],"apiVersions":["2023-02-01","2022-11-01","2022-07-01","2022-02-01-preview","2021-11-01-preview","2021-10-01","2021-06-01-preview","2021-04-01-preview","2020-04-01-preview","2019-09-01","2018-02-14-preview","2018-02-14","2016-10-01","2015-06-01"],"defaultApiVersion":"2019-09-01","apiProfiles":[{"profileVersion":"2018-06-01-profile","apiVersion":"2016-10-01"}],"capabilities":"None"},{"resourceType":"locations","locations":[],"apiVersions":["2023-02-01","2022-11-01","2022-07-01","2022-02-01-preview","2021-11-01-preview","2021-10-01","2021-06-01-preview","2021-04-01-preview","2020-04-01-preview","2019-09-01","2018-02-14-preview","2018-02-14","2016-10-01"],"defaultApiVersion":"2019-09-01","apiProfiles":[{"profileVersion":"2018-06-01-profile","apiVersion":"2016-10-01"}],"capabilities":"None"},{"resourceType":"managedHSMs","locations":["Central
        US","Central US EUAP","East US 2","East US 2 EUAP","South Central US","North
        Europe","West Europe","Canada Central","Switzerland North","South Africa North","UK
        South","SouthEast Asia","East Asia","Korea Central","Australia Central","West
        US","East US","North Central US","West Central US","West US 2","West US 3","Canada
        East","Japan East","UAE North","Australia East","France Central","Switzerland
        West","Central India","Brazil South","Sweden Central","Qatar Central","South
        India","Poland Central","Japan West","Norway East","Norway West","Germany
        West Central"],"apiVersions":["2023-02-01","2022-11-01","2022-07-01","2022-02-01-preview","2021-12-01-preview","2021-11-01-preview","2021-10-01","2021-06-01-preview","2021-04-01-preview","2020-04-01-preview"],"defaultApiVersion":"2021-04-01-preview","capabilities":"CrossResourceGroupResourceMove,
        CrossSubscriptionResourceMove, SupportsTags, SupportsLocation"},{"resourceType":"deletedManagedHSMs","locations":["Central
        US","Central US EUAP","East US 2","East US 2 EUAP","South Central US","North
        Europe","West Europe","Canada Central","Switzerland North","South Africa North","UK
        South","SouthEast Asia","East Asia","Korea Central","Australia Central","West
        US","East US","North Central US","West Central US","West US 2","West US 3","Canada
        East","Japan East","UAE North","Australia East","France Central","Switzerland
        West","Central India","Brazil South","Sweden Central","Qatar Central","South
        India","Poland Central","Japan West","Norway East","Norway West","Germany
        West Central"],"apiVersions":["2023-02-01","2022-11-01","2022-07-01","2022-02-01-preview","2021-12-01-preview","2021-11-01-preview","2021-10-01","2021-06-01-preview","2021-04-01-preview"],"defaultApiVersion":"2021-04-01-preview","capabilities":"None"},{"resourceType":"locations/deletedManagedHSMs","locations":["Central
        US","Central US EUAP","East US 2","East US 2 EUAP","South Central US","North
        Europe","West Europe","Canada Central","Switzerland North","South Africa North","UK
        South","SouthEast Asia","East Asia","Korea Central","Australia Central","West
        US","East US","North Central US","West Central US","West US 2","West US 3","Canada
        East","Japan East","UAE North","Australia East","France Central","Switzerland
        West","Central India","Brazil South","Sweden Central","Qatar Central","South
        India","Poland Central","Japan West","Norway East","Norway West","Germany
        West Central"],"apiVersions":["2023-02-01","2022-11-01","2022-07-01","2022-02-01-preview","2021-12-01-preview","2021-11-01-preview","2021-10-01","2021-06-01-preview","2021-04-01-preview"],"capabilities":"None"},{"resourceType":"locations/managedHsmOperationResults","locations":["Central
        US","Central US EUAP","East US 2","East US 2 EUAP","South Central US","North
        Europe","West Europe","Canada Central","Switzerland North","South Africa North","UK
        South","SouthEast Asia","East Asia","Korea Central","Australia Central","West
        US","East US","North Central US","West Central US","West US 2","West US 3","Canada
        East","Japan East","UAE North","Australia East","France Central","Switzerland
        West","Central India","Brazil South","Sweden Central","Qatar Central","South
        India","Poland Central","Japan West","Norway East","Norway West","Germany
        West Central"],"apiVersions":["2023-02-01","2022-11-01","2022-07-01","2022-02-01-preview","2021-12-01-preview","2021-11-01-preview","2021-10-01","2021-06-01-preview","2021-04-01-preview"],"capabilities":"None"},{"resourceType":"managedHSMs/keys","locations":["Central
        US","Central US EUAP","East US 2","East US 2 EUAP","South Central US","North
        Europe","West Europe","Canada Central","Switzerland North","South Africa North","UK
        South","SouthEast Asia","East Asia","Korea Central","Australia Central","West
        US","East US","North Central US","West Central US","West US 2","West US 3","Canada
        East","Japan East","UAE North","Australia East","France Central","Switzerland
        West","Central India","Brazil South","Sweden Central","Qatar Central","Poland
        Central","South India","Japan West","Norway East","Norway West","Germany West
        Central"],"apiVersions":["2023-02-01","2022-11-01"],"defaultApiVersion":"2022-11-01","capabilities":"None"},{"resourceType":"managedHSMs/keys/versions","locations":["Central
        US","Central US EUAP","East US 2","East US 2 EUAP","South Central US","North
        Europe","West Europe","Canada Central","Switzerland North","South Africa North","UK
        South","SouthEast Asia","East Asia","Korea Central","Australia Central","West
        US","East US","North Central US","West Central US","West US 2","West US 3","Canada
        East","Japan East","UAE North","Australia East","France Central","Switzerland
        West","Central India","Brazil South","Sweden Central","Qatar Central","Poland
        Central","South India","Japan West","Norway East","Norway West","Germany West
        Central"],"apiVersions":["2023-02-01","2022-11-01"],"defaultApiVersion":"2022-11-01","capabilities":"None"},{"resourceType":"checkMhsmNameAvailability","locations":[],"apiVersions":["2023-02-01","2022-11-01","2022-07-01"],"defaultApiVersion":"2022-11-01","capabilities":"None"},{"resourceType":"vaults","locations":["North
        Central US","East US","North Europe","West Europe","East Asia","Southeast
        Asia","East US 2","Central US","South Central US","West US","Japan East","Japan
        West","Australia East","Australia Southeast","Brazil South","Central India","South
        India","West India","Canada Central","Canada East","UK South","UK West","West
        Central US","West US 2","East US 2 EUAP","Central US EUAP","Korea Central","Korea
        South","France Central","France South","Australia Central","Australia Central
        2","UAE Central","UAE North","South Africa North","South Africa West","Switzerland
        North","Switzerland West","Germany North","Germany West Central","Norway East","Norway
        West","Brazil Southeast","West US 3","Jio India Central","Jio India West","Sweden
        Central","Sweden South","Qatar Central","Poland Central","Malaysia South","Taiwan
        North","Taiwan Northwest","Italy North","Israel Central","Mexico Central"],"apiVersions":["2023-02-01","2022-11-01","2022-07-01","2022-02-01-preview","2021-11-01-preview","2021-10-01","2021-06-01-preview","2021-04-01-preview","2020-04-01-preview","2019-09-01","2018-02-14-preview","2018-02-14","2016-10-01","2015-06-01"],"defaultApiVersion":"2019-09-01","apiProfiles":[{"profileVersion":"2019-03-01-hybrid","apiVersion":"2016-10-01"},{"profileVersion":"2018-03-01-hybrid","apiVersion":"2016-10-01"},{"profileVersion":"2018-06-01-profile","apiVersion":"2016-10-01"}],"capabilities":"CrossResourceGroupResourceMove,
        CrossSubscriptionResourceMove, SupportsTags, SupportsLocation"},{"resourceType":"vaults/secrets","locations":["North
        Central US","East US","North Europe","West Europe","East Asia","Southeast
        Asia","East US 2","Central US","South Central US","West US","Japan East","Japan
        West","Australia East","Australia Southeast","Brazil South","Central India","South
        India","West India","Canada Central","Canada East","UK South","UK West","West
        Central US","West US 2","East US 2 EUAP","Central US EUAP","Korea Central","Korea
        South","France Central","France South","Australia Central","Australia Central
        2","UAE Central","UAE North","South Africa North","South Africa West","Switzerland
        North","Switzerland West","Germany North","Germany West Central","Norway East","Norway
        West","Brazil Southeast","West US 3","Jio India Central","Jio India West","Sweden
        Central","Sweden South","Qatar Central","Poland Central","Malaysia South","Taiwan
        North","Taiwan Northwest","Italy North","Israel Central","Mexico Central"],"apiVersions":["2023-02-01","2022-11-01","2022-07-01","2022-02-01-preview","2021-11-01-preview","2021-10-01","2021-06-01-preview","2021-04-01-preview","2020-04-01-preview","2019-09-01","2018-02-14-preview","2018-02-14","2016-10-01","2015-06-01"],"defaultApiVersion":"2019-09-01","apiProfiles":[{"profileVersion":"2019-03-01-hybrid","apiVersion":"2016-10-01"},{"profileVersion":"2018-03-01-hybrid","apiVersion":"2016-10-01"},{"profileVersion":"2018-06-01-profile","apiVersion":"2016-10-01"}],"capabilities":"None"},{"resourceType":"vaults/accessPolicies","locations":["North
        Central US","East US","North Europe","West Europe","East Asia","Southeast
        Asia","East US 2","Central US","South Central US","West US","Japan East","Japan
        West","Australia East","Australia Southeast","Brazil South","Central India","South
        India","West India","Canada Central","Canada East","UK South","UK West","West
        Central US","West US 2","East US 2 EUAP","Central US EUAP","Korea Central","Korea
        South","France Central","France South","Australia Central","Australia Central
        2","UAE Central","UAE North","South Africa North","South Africa West","Switzerland
        North","Switzerland West","Germany North","Germany West Central","Norway East","Norway
        West","Brazil Southeast","West US 3","Jio India Central","Jio India West","Sweden
        Central","Sweden South","Qatar Central","Poland Central","Malaysia South","Taiwan
        North","Taiwan Northwest","Italy North","Israel Central","Mexico Central"],"apiVersions":["2023-02-01","2022-11-01","2022-07-01","2022-02-01-preview","2021-11-01-preview","2021-10-01","2021-06-01-preview","2021-04-01-preview","2020-04-01-preview","2019-09-01","2018-02-14-preview","2018-02-14","2016-10-01","2015-06-01"],"defaultApiVersion":"2019-09-01","apiProfiles":[{"profileVersion":"2019-03-01-hybrid","apiVersion":"2016-10-01"},{"profileVersion":"2018-03-01-hybrid","apiVersion":"2016-10-01"},{"profileVersion":"2018-06-01-profile","apiVersion":"2016-10-01"}],"capabilities":"None"},{"resourceType":"deletedVaults","locations":["North
        Central US","East US","North Europe","West Europe","East Asia","Southeast
        Asia","East US 2","Central US","South Central US","West US","Japan East","Japan
        West","Australia East","Australia Southeast","Brazil South","Central India","South
        India","West India","Canada Central","Canada East","UK South","UK West","West
        Central US","West US 2","East US 2 EUAP","Central US EUAP","Korea Central","Korea
        South","France Central","France South","Australia Central","Australia Central
        2","UAE Central","UAE North","South Africa North","South Africa West","Switzerland
        North","Switzerland West","Germany North","Germany West Central","Norway East","Norway
        West","Brazil Southeast","West US 3","Jio India Central","Jio India West","Sweden
        Central","Sweden South","Qatar Central","Poland Central","Malaysia South","Taiwan
        North","Taiwan Northwest","Italy North","Israel Central","Mexico Central"],"apiVersions":["2023-02-01","2022-11-01","2022-07-01","2022-02-01-preview","2021-11-01-preview","2021-10-01","2021-06-01-preview","2021-04-01-preview","2020-04-01-preview","2019-09-01","2018-02-14-preview","2018-02-14","2016-10-01"],"defaultApiVersion":"2019-09-01","apiProfiles":[{"profileVersion":"2018-06-01-profile","apiVersion":"2016-10-01"}],"capabilities":"None"},{"resourceType":"locations/notifyNetworkSecurityPerimeterUpdatesAvailable","locations":["North
        Central US","Central US EUAP","East US 2 EUAP","West Central US","UK South","West
        Europe","Australia Central","Canada Central","Germany West Central","East
        Asia","Australia East","Japan East","East US 2","East US","France South","Jio
        India Central","Korea Central","Norway West","South Africa West","Brazil South","South
        India","Sweden Central","Switzerland West","UAE Central","Australia Central
        2","Central India","Central US","Germany North","Canada East","France Central","Jio
        India West","Korea South","Norway East","Poland Central","Qatar Central","South
        Africa North","Australia Southeast","Southeast Asia","Brazil Southeast","Sweden
        South","Switzerland North","UAE North","UK West","West India","Japan West","West
        US 2","West US 3","West US"],"apiVersions":["2023-02-01","2022-11-01","2022-07-01","2022-02-01-preview"],"defaultApiVersion":"2022-02-01-preview","apiProfiles":[{"profileVersion":"2018-06-01-profile","apiVersion":"2022-02-01-preview"}],"capabilities":"None"},{"resourceType":"locations/deletedVaults","locations":["North
        Central US","East US","North Europe","West Europe","East Asia","Southeast
        Asia","East US 2","Central US","South Central US","West US","Japan East","Japan
        West","Australia East","Australia Southeast","Brazil South","Central India","South
        India","West India","Canada Central","Canada East","UK South","UK West","West
        Central US","West US 2","East US 2 EUAP","Central US EUAP","Korea Central","Korea
        South","France Central","France South","Australia Central","Australia Central
        2","UAE Central","UAE North","South Africa North","South Africa West","Switzerland
        North","Switzerland West","Germany North","Germany West Central","Norway East","Norway
        West","Brazil Southeast","West US 3","Jio India Central","Jio India West","Sweden
        Central","Sweden South","Qatar Central","Poland Central","Malaysia South","Taiwan
        North","Taiwan Northwest","Italy North","Israel Central","Mexico Central"],"apiVersions":["2023-02-01","2022-11-01","2022-07-01","2022-02-01-preview","2021-11-01-preview","2021-10-01","2021-06-01-preview","2021-04-01-preview","2020-04-01-preview","2019-09-01","2018-02-14-preview","2018-02-14","2016-10-01"],"defaultApiVersion":"2019-09-01","apiProfiles":[{"profileVersion":"2018-06-01-profile","apiVersion":"2016-10-01"}],"capabilities":"None"},{"resourceType":"locations/deleteVirtualNetworkOrSubnets","locations":["East
        US","North Central US","West Europe","North Europe","East Asia","Southeast
        Asia","East US 2","Central US","South Central US","West Central US","West
        US 2","West US","Japan East","Japan West","Australia East","Australia Southeast","Australia
        Central","Australia Central 2","Brazil South","Central India","South India","West
        India","Canada Central","Canada East","UK South","UK West","Central US EUAP","East
        US 2 EUAP","Korea Central","Korea South","France Central","France South","UAE
        Central","UAE North","South Africa North","South Africa West","Switzerland
        North","Switzerland West","Germany North","Germany West Central","Norway East","Norway
        West","Brazil Southeast","West US 3","Jio India Central","Jio India West","Sweden
        Central","Sweden South","Qatar Central","Poland Central","Malaysia South","Taiwan
        North","Taiwan Northwest","Italy North","Israel Central","Mexico Central"],"apiVersions":["2023-02-01","2022-11-01","2022-07-01","2022-02-01-preview","2021-11-01-preview","2021-10-01","2021-06-01-preview","2021-04-01-preview","2020-04-01-preview","2019-09-01","2018-02-14-preview","2018-02-14","2016-10-01"],"defaultApiVersion":"2019-09-01","capabilities":"None"},{"resourceType":"locations/operationResults","locations":["North
        Central US","East US","North Europe","West Europe","East Asia","Southeast
        Asia","East US 2","Central US","South Central US","West US","Japan East","Japan
        West","Australia East","Australia Southeast","Brazil South","Central India","South
        India","West India","Canada Central","Canada East","UK South","UK West","West
        Central US","West US 2","East US 2 EUAP","Central US EUAP","Korea Central","Korea
        South","France Central","France South","Australia Central","Australia Central
        2","UAE Central","UAE North","South Africa North","South Africa West","Switzerland
        North","Switzerland West","Germany North","Germany West Central","Norway East","Norway
        West","Brazil Southeast","West US 3","Jio India Central","Jio India West","Sweden
        Central","Sweden South","Qatar Central","Poland Central","Malaysia South","Taiwan
        North","Taiwan Northwest","Italy North","Israel Central","Mexico Central"],"apiVersions":["2023-02-01","2022-11-01","2022-07-01","2022-02-01-preview","2021-11-01-preview","2021-10-01","2021-06-01-preview","2021-04-01-preview","2020-04-01-preview","2019-09-01","2018-02-14-preview","2018-02-14","2016-10-01"],"defaultApiVersion":"2019-09-01","apiProfiles":[{"profileVersion":"2018-06-01-profile","apiVersion":"2016-10-01"}],"capabilities":"None"},{"resourceType":"vaults/eventGridFilters","locations":["North
        Central US","East US","North Europe","West Europe","East Asia","Southeast
        Asia","East US 2","Central US","South Central US","West US","Japan East","Japan
        West","Australia East","Australia Southeast","Brazil South","Central India","South
        India","West India","Canada Central","Canada East","UK South","UK West","West
        Central US","West US 2","East US 2 EUAP","Central US EUAP","Korea Central","Korea
        South","France Central","France South","Australia Central","Australia Central
        2","UAE Central","UAE North","South Africa North","South Africa West","Switzerland
        North","Switzerland West","Germany North","Germany West Central","Norway East","Norway
        West","Brazil Southeast","West US 3","Jio India Central","Jio India West","Sweden
        Central","Sweden South","Qatar Central","Poland Central","Malaysia South","Taiwan
        North","Taiwan Northwest","Italy North","Israel Central","Mexico Central"],"apiVersions":["2023-02-01","2022-11-01","2022-07-01","2022-02-01-preview","2021-11-01-preview","2021-10-01","2021-06-01-preview","2021-04-01-preview","2020-04-01-preview","2019-09-01","2018-02-14-preview","2018-02-14"],"defaultApiVersion":"2019-09-01","capabilities":"None"},{"resourceType":"vaults/keys","locations":["North
        Central US","East US","North Europe","West Europe","East Asia","Southeast
        Asia","East US 2","Central US","South Central US","West US","Japan East","Japan
        West","Australia East","Australia Southeast","Brazil South","Central India","South
        India","West India","Canada Central","Canada East","UK South","UK West","West
        Central US","West US 2","East US 2 EUAP","Central US EUAP","Korea Central","Korea
        South","France Central","France South","Australia Central","Australia Central
        2","UAE Central","UAE North","South Africa North","South Africa West","Switzerland
        North","Switzerland West","Germany North","Germany West Central","Norway East","Norway
        West","Brazil Southeast","West US 3","Jio India Central","Jio India West","Sweden
        Central","Sweden South","Qatar Central","Poland Central","Malaysia South","Taiwan
        North","Taiwan Northwest","Italy North","Israel Central","Mexico Central"],"apiVersions":["2023-02-01","2022-11-01","2022-07-01","2022-02-01-preview","2021-11-01-preview","2021-10-01","2021-06-01-preview","2021-04-01-preview","2020-04-01-preview","2019-09-01"],"defaultApiVersion":"2019-09-01","capabilities":"None"},{"resourceType":"vaults/keys/versions","locations":["North
        Central US","East US","North Europe","West Europe","East Asia","Southeast
        Asia","East US 2","Central US","South Central US","West US","Japan East","Japan
        West","Australia East","Australia Southeast","Brazil South","Central India","South
        India","West India","Canada Central","Canada East","UK South","UK West","West
        Central US","West US 2","East US 2 EUAP","Central US EUAP","Korea Central","Korea
        South","France Central","France South","Australia Central","Australia Central
        2","UAE Central","UAE North","South Africa North","South Africa West","Switzerland
        North","Switzerland West","Germany North","Germany West Central","Norway East","Norway
        West","Brazil Southeast","West US 3","Jio India Central","Jio India West","Sweden
        Central","Sweden South","Qatar Central","Poland Central","Malaysia South","Taiwan
        North","Taiwan Northwest","Italy North","Israel Central","Mexico Central"],"apiVersions":["2023-02-01","2022-11-01","2022-07-01","2022-02-01-preview","2021-11-01-preview","2021-10-01","2021-06-01-preview","2021-04-01-preview","2020-04-01-preview","2019-09-01"],"defaultApiVersion":"2019-09-01","capabilities":"None"}],"registrationState":"Registered","registrationPolicy":"RegistrationRequired"}'
    headers:
      cache-control:
      - no-cache
      content-length:
      - '21425'
      content-type:
      - application/json; charset=utf-8
      date:
      - Thu, 06 Jul 2023 03:20:28 GMT
      expires:
      - '-1'
      pragma:
      - no-cache
      strict-transport-security:
      - max-age=31536000; includeSubDomains
      vary:
      - Accept-Encoding
      x-content-type-options:
      - nosniff
    status:
      code: 200
      message: OK
- request:
    body: null
    headers:
      Accept:
      - application/json
      Accept-Encoding:
      - gzip, deflate
      CommandName:
      - resource update
      Connection:
      - keep-alive
      ParameterSetName:
      - --id --set
      User-Agent:
      - AZURECLI/2.50.0 (PIP) azsdk-python-azure-mgmt-resource/23.1.0b2 Python/3.9.6
        (Windows-10-10.0.19045-SP0)
    method: GET
    uri: https://management.azure.com/subscriptions/00000000-0000-0000-0000-000000000000/resourceGroups/clitest.rg000001/providers/Microsoft.KeyVault/vaults/clitest000003?api-version=2023-02-01
  response:
    body:
      string: '{"id":"/subscriptions/00000000-0000-0000-0000-000000000000/resourceGroups/clitest.rg000001/providers/Microsoft.KeyVault/vaults/clitest000003","name":"clitest000003","type":"Microsoft.KeyVault/vaults","location":"southcentralus","tags":{},"systemData":{"createdBy":"zhiyihuang@microsoft.com","createdByType":"User","createdAt":"2023-07-06T03:19:37.27Z","lastModifiedBy":"zhiyihuang@microsoft.com","lastModifiedByType":"User","lastModifiedAt":"2023-07-06T03:20:26.481Z"},"properties":{"sku":{"family":"A","name":"standard"},"tenantId":"54826b22-38d6-4fb2-bad9-b7b93a3e9c5a","accessPolicies":[{"tenantId":"54826b22-38d6-4fb2-bad9-b7b93a3e9c5a","objectId":"a7250e3a-0e5e-48e2-9a34-45f1f5e1a91e","permissions":{"keys":["all"],"secrets":["all"],"certificates":["all"],"storage":["all"]}},{"tenantId":"54826b22-38d6-4fb2-bad9-b7b93a3e9c5a","objectId":"70b62e87-0f92-496a-85ad-2cea038fa54f","permissions":{"keys":["get","wrapKey","recover","unwrapKey"]}}],"enabledForDeployment":false,"enableSoftDelete":true,"softDeleteRetentionInDays":7,"vaultUri":"https://clitest000003.vault.azure.net/","provisioningState":"Succeeded","publicNetworkAccess":"Enabled"}}'
    headers:
      cache-control:
      - no-cache
      content-length:
      - '1148'
      content-type:
      - application/json; charset=utf-8
      date:
      - Thu, 06 Jul 2023 03:20:28 GMT
      expires:
      - '-1'
      pragma:
      - no-cache
      server:
      - Microsoft-IIS/10.0
      strict-transport-security:
      - max-age=31536000; includeSubDomains
      transfer-encoding:
      - chunked
      vary:
      - Accept-Encoding
      x-aspnet-version:
      - 4.0.30319
      x-content-type-options:
      - nosniff
      x-ms-keyvault-service-version:
      - 1.5.785.0
    status:
      code: 200
      message: OK
- request:
    body: null
    headers:
      Accept:
      - application/json
      Accept-Encoding:
      - gzip, deflate
      CommandName:
      - resource update
      Connection:
      - keep-alive
      ParameterSetName:
      - --id --set
      User-Agent:
      - AZURECLI/2.50.0 (PIP) azsdk-python-azure-mgmt-resource/23.1.0b2 Python/3.9.6
        (Windows-10-10.0.19045-SP0)
    method: GET
    uri: https://management.azure.com/subscriptions/00000000-0000-0000-0000-000000000000/providers/Microsoft.KeyVault?api-version=2022-09-01
  response:
    body:
      string: '{"id":"/subscriptions/00000000-0000-0000-0000-000000000000/providers/Microsoft.KeyVault","namespace":"Microsoft.KeyVault","authorizations":[{"applicationId":"cfa8b339-82a2-471a-a3c9-0fc0be7a4093","roleDefinitionId":"1cf9858a-28a2-4228-abba-94e606305b95"},{"applicationId":"589d5083-6f11-4d30-a62a-a4b316a14abf","roleDefinitionId":"1f7e9952-ea79-42b8-a90e-b2dabbe1c1f2"},{"applicationId":"a1b76039-a76c-499f-a2dd-846b4cc32627"},{"applicationId":"1341df96-0b28-43da-ba24-7a6ce39be816"}],"resourceTypes":[{"resourceType":"operations","locations":[],"apiVersions":["2023-02-01","2022-11-01","2022-07-01","2022-02-01-preview","2021-11-01-preview","2021-10-01","2021-06-01-preview","2021-04-01-preview","2020-04-01-preview","2019-09-01","2018-02-14-preview","2018-02-14","2016-10-01","2015-06-01","2014-12-19-preview"],"defaultApiVersion":"2019-09-01","apiProfiles":[{"profileVersion":"2019-03-01-hybrid","apiVersion":"2016-10-01"},{"profileVersion":"2018-03-01-hybrid","apiVersion":"2016-10-01"},{"profileVersion":"2018-06-01-profile","apiVersion":"2016-10-01"}],"capabilities":"None"},{"resourceType":"checkNameAvailability","locations":[],"apiVersions":["2023-02-01","2022-11-01","2022-07-01","2022-02-01-preview","2021-11-01-preview","2021-10-01","2021-06-01-preview","2021-04-01-preview","2020-04-01-preview","2019-09-01","2018-02-14-preview","2018-02-14","2016-10-01","2015-06-01"],"defaultApiVersion":"2019-09-01","apiProfiles":[{"profileVersion":"2018-06-01-profile","apiVersion":"2016-10-01"}],"capabilities":"None"},{"resourceType":"locations","locations":[],"apiVersions":["2023-02-01","2022-11-01","2022-07-01","2022-02-01-preview","2021-11-01-preview","2021-10-01","2021-06-01-preview","2021-04-01-preview","2020-04-01-preview","2019-09-01","2018-02-14-preview","2018-02-14","2016-10-01"],"defaultApiVersion":"2019-09-01","apiProfiles":[{"profileVersion":"2018-06-01-profile","apiVersion":"2016-10-01"}],"capabilities":"None"},{"resourceType":"managedHSMs","locations":["Central
        US","Central US EUAP","East US 2","East US 2 EUAP","South Central US","North
        Europe","West Europe","Canada Central","Switzerland North","South Africa North","UK
        South","SouthEast Asia","East Asia","Korea Central","Australia Central","West
        US","East US","North Central US","West Central US","West US 2","West US 3","Canada
        East","Japan East","UAE North","Australia East","France Central","Switzerland
        West","Central India","Brazil South","Sweden Central","Qatar Central","South
        India","Poland Central","Japan West","Norway East","Norway West","Germany
        West Central"],"apiVersions":["2023-02-01","2022-11-01","2022-07-01","2022-02-01-preview","2021-12-01-preview","2021-11-01-preview","2021-10-01","2021-06-01-preview","2021-04-01-preview","2020-04-01-preview"],"defaultApiVersion":"2021-04-01-preview","capabilities":"CrossResourceGroupResourceMove,
        CrossSubscriptionResourceMove, SupportsTags, SupportsLocation"},{"resourceType":"deletedManagedHSMs","locations":["Central
        US","Central US EUAP","East US 2","East US 2 EUAP","South Central US","North
        Europe","West Europe","Canada Central","Switzerland North","South Africa North","UK
        South","SouthEast Asia","East Asia","Korea Central","Australia Central","West
        US","East US","North Central US","West Central US","West US 2","West US 3","Canada
        East","Japan East","UAE North","Australia East","France Central","Switzerland
        West","Central India","Brazil South","Sweden Central","Qatar Central","South
        India","Poland Central","Japan West","Norway East","Norway West","Germany
        West Central"],"apiVersions":["2023-02-01","2022-11-01","2022-07-01","2022-02-01-preview","2021-12-01-preview","2021-11-01-preview","2021-10-01","2021-06-01-preview","2021-04-01-preview"],"defaultApiVersion":"2021-04-01-preview","capabilities":"None"},{"resourceType":"locations/deletedManagedHSMs","locations":["Central
        US","Central US EUAP","East US 2","East US 2 EUAP","South Central US","North
        Europe","West Europe","Canada Central","Switzerland North","South Africa North","UK
        South","SouthEast Asia","East Asia","Korea Central","Australia Central","West
        US","East US","North Central US","West Central US","West US 2","West US 3","Canada
        East","Japan East","UAE North","Australia East","France Central","Switzerland
        West","Central India","Brazil South","Sweden Central","Qatar Central","South
        India","Poland Central","Japan West","Norway East","Norway West","Germany
        West Central"],"apiVersions":["2023-02-01","2022-11-01","2022-07-01","2022-02-01-preview","2021-12-01-preview","2021-11-01-preview","2021-10-01","2021-06-01-preview","2021-04-01-preview"],"capabilities":"None"},{"resourceType":"locations/managedHsmOperationResults","locations":["Central
        US","Central US EUAP","East US 2","East US 2 EUAP","South Central US","North
        Europe","West Europe","Canada Central","Switzerland North","South Africa North","UK
        South","SouthEast Asia","East Asia","Korea Central","Australia Central","West
        US","East US","North Central US","West Central US","West US 2","West US 3","Canada
        East","Japan East","UAE North","Australia East","France Central","Switzerland
        West","Central India","Brazil South","Sweden Central","Qatar Central","South
        India","Poland Central","Japan West","Norway East","Norway West","Germany
        West Central"],"apiVersions":["2023-02-01","2022-11-01","2022-07-01","2022-02-01-preview","2021-12-01-preview","2021-11-01-preview","2021-10-01","2021-06-01-preview","2021-04-01-preview"],"capabilities":"None"},{"resourceType":"managedHSMs/keys","locations":["Central
        US","Central US EUAP","East US 2","East US 2 EUAP","South Central US","North
        Europe","West Europe","Canada Central","Switzerland North","South Africa North","UK
        South","SouthEast Asia","East Asia","Korea Central","Australia Central","West
        US","East US","North Central US","West Central US","West US 2","West US 3","Canada
        East","Japan East","UAE North","Australia East","France Central","Switzerland
        West","Central India","Brazil South","Sweden Central","Qatar Central","Poland
        Central","South India","Japan West","Norway East","Norway West","Germany West
        Central"],"apiVersions":["2023-02-01","2022-11-01"],"defaultApiVersion":"2022-11-01","capabilities":"None"},{"resourceType":"managedHSMs/keys/versions","locations":["Central
        US","Central US EUAP","East US 2","East US 2 EUAP","South Central US","North
        Europe","West Europe","Canada Central","Switzerland North","South Africa North","UK
        South","SouthEast Asia","East Asia","Korea Central","Australia Central","West
        US","East US","North Central US","West Central US","West US 2","West US 3","Canada
        East","Japan East","UAE North","Australia East","France Central","Switzerland
        West","Central India","Brazil South","Sweden Central","Qatar Central","Poland
        Central","South India","Japan West","Norway East","Norway West","Germany West
        Central"],"apiVersions":["2023-02-01","2022-11-01"],"defaultApiVersion":"2022-11-01","capabilities":"None"},{"resourceType":"checkMhsmNameAvailability","locations":[],"apiVersions":["2023-02-01","2022-11-01","2022-07-01"],"defaultApiVersion":"2022-11-01","capabilities":"None"},{"resourceType":"vaults","locations":["North
        Central US","East US","North Europe","West Europe","East Asia","Southeast
        Asia","East US 2","Central US","South Central US","West US","Japan East","Japan
        West","Australia East","Australia Southeast","Brazil South","Central India","South
        India","West India","Canada Central","Canada East","UK South","UK West","West
        Central US","West US 2","East US 2 EUAP","Central US EUAP","Korea Central","Korea
        South","France Central","France South","Australia Central","Australia Central
        2","UAE Central","UAE North","South Africa North","South Africa West","Switzerland
        North","Switzerland West","Germany North","Germany West Central","Norway East","Norway
        West","Brazil Southeast","West US 3","Jio India Central","Jio India West","Sweden
        Central","Sweden South","Qatar Central","Poland Central","Malaysia South","Taiwan
        North","Taiwan Northwest","Italy North","Israel Central","Mexico Central"],"apiVersions":["2023-02-01","2022-11-01","2022-07-01","2022-02-01-preview","2021-11-01-preview","2021-10-01","2021-06-01-preview","2021-04-01-preview","2020-04-01-preview","2019-09-01","2018-02-14-preview","2018-02-14","2016-10-01","2015-06-01"],"defaultApiVersion":"2019-09-01","apiProfiles":[{"profileVersion":"2019-03-01-hybrid","apiVersion":"2016-10-01"},{"profileVersion":"2018-03-01-hybrid","apiVersion":"2016-10-01"},{"profileVersion":"2018-06-01-profile","apiVersion":"2016-10-01"}],"capabilities":"CrossResourceGroupResourceMove,
        CrossSubscriptionResourceMove, SupportsTags, SupportsLocation"},{"resourceType":"vaults/secrets","locations":["North
        Central US","East US","North Europe","West Europe","East Asia","Southeast
        Asia","East US 2","Central US","South Central US","West US","Japan East","Japan
        West","Australia East","Australia Southeast","Brazil South","Central India","South
        India","West India","Canada Central","Canada East","UK South","UK West","West
        Central US","West US 2","East US 2 EUAP","Central US EUAP","Korea Central","Korea
        South","France Central","France South","Australia Central","Australia Central
        2","UAE Central","UAE North","South Africa North","South Africa West","Switzerland
        North","Switzerland West","Germany North","Germany West Central","Norway East","Norway
        West","Brazil Southeast","West US 3","Jio India Central","Jio India West","Sweden
        Central","Sweden South","Qatar Central","Poland Central","Malaysia South","Taiwan
        North","Taiwan Northwest","Italy North","Israel Central","Mexico Central"],"apiVersions":["2023-02-01","2022-11-01","2022-07-01","2022-02-01-preview","2021-11-01-preview","2021-10-01","2021-06-01-preview","2021-04-01-preview","2020-04-01-preview","2019-09-01","2018-02-14-preview","2018-02-14","2016-10-01","2015-06-01"],"defaultApiVersion":"2019-09-01","apiProfiles":[{"profileVersion":"2019-03-01-hybrid","apiVersion":"2016-10-01"},{"profileVersion":"2018-03-01-hybrid","apiVersion":"2016-10-01"},{"profileVersion":"2018-06-01-profile","apiVersion":"2016-10-01"}],"capabilities":"None"},{"resourceType":"vaults/accessPolicies","locations":["North
        Central US","East US","North Europe","West Europe","East Asia","Southeast
        Asia","East US 2","Central US","South Central US","West US","Japan East","Japan
        West","Australia East","Australia Southeast","Brazil South","Central India","South
        India","West India","Canada Central","Canada East","UK South","UK West","West
        Central US","West US 2","East US 2 EUAP","Central US EUAP","Korea Central","Korea
        South","France Central","France South","Australia Central","Australia Central
        2","UAE Central","UAE North","South Africa North","South Africa West","Switzerland
        North","Switzerland West","Germany North","Germany West Central","Norway East","Norway
        West","Brazil Southeast","West US 3","Jio India Central","Jio India West","Sweden
        Central","Sweden South","Qatar Central","Poland Central","Malaysia South","Taiwan
        North","Taiwan Northwest","Italy North","Israel Central","Mexico Central"],"apiVersions":["2023-02-01","2022-11-01","2022-07-01","2022-02-01-preview","2021-11-01-preview","2021-10-01","2021-06-01-preview","2021-04-01-preview","2020-04-01-preview","2019-09-01","2018-02-14-preview","2018-02-14","2016-10-01","2015-06-01"],"defaultApiVersion":"2019-09-01","apiProfiles":[{"profileVersion":"2019-03-01-hybrid","apiVersion":"2016-10-01"},{"profileVersion":"2018-03-01-hybrid","apiVersion":"2016-10-01"},{"profileVersion":"2018-06-01-profile","apiVersion":"2016-10-01"}],"capabilities":"None"},{"resourceType":"deletedVaults","locations":["North
        Central US","East US","North Europe","West Europe","East Asia","Southeast
        Asia","East US 2","Central US","South Central US","West US","Japan East","Japan
        West","Australia East","Australia Southeast","Brazil South","Central India","South
        India","West India","Canada Central","Canada East","UK South","UK West","West
        Central US","West US 2","East US 2 EUAP","Central US EUAP","Korea Central","Korea
        South","France Central","France South","Australia Central","Australia Central
        2","UAE Central","UAE North","South Africa North","South Africa West","Switzerland
        North","Switzerland West","Germany North","Germany West Central","Norway East","Norway
        West","Brazil Southeast","West US 3","Jio India Central","Jio India West","Sweden
        Central","Sweden South","Qatar Central","Poland Central","Malaysia South","Taiwan
        North","Taiwan Northwest","Italy North","Israel Central","Mexico Central"],"apiVersions":["2023-02-01","2022-11-01","2022-07-01","2022-02-01-preview","2021-11-01-preview","2021-10-01","2021-06-01-preview","2021-04-01-preview","2020-04-01-preview","2019-09-01","2018-02-14-preview","2018-02-14","2016-10-01"],"defaultApiVersion":"2019-09-01","apiProfiles":[{"profileVersion":"2018-06-01-profile","apiVersion":"2016-10-01"}],"capabilities":"None"},{"resourceType":"locations/notifyNetworkSecurityPerimeterUpdatesAvailable","locations":["North
        Central US","Central US EUAP","East US 2 EUAP","West Central US","UK South","West
        Europe","Australia Central","Canada Central","Germany West Central","East
        Asia","Australia East","Japan East","East US 2","East US","France South","Jio
        India Central","Korea Central","Norway West","South Africa West","Brazil South","South
        India","Sweden Central","Switzerland West","UAE Central","Australia Central
        2","Central India","Central US","Germany North","Canada East","France Central","Jio
        India West","Korea South","Norway East","Poland Central","Qatar Central","South
        Africa North","Australia Southeast","Southeast Asia","Brazil Southeast","Sweden
        South","Switzerland North","UAE North","UK West","West India","Japan West","West
        US 2","West US 3","West US"],"apiVersions":["2023-02-01","2022-11-01","2022-07-01","2022-02-01-preview"],"defaultApiVersion":"2022-02-01-preview","apiProfiles":[{"profileVersion":"2018-06-01-profile","apiVersion":"2022-02-01-preview"}],"capabilities":"None"},{"resourceType":"locations/deletedVaults","locations":["North
        Central US","East US","North Europe","West Europe","East Asia","Southeast
        Asia","East US 2","Central US","South Central US","West US","Japan East","Japan
        West","Australia East","Australia Southeast","Brazil South","Central India","South
        India","West India","Canada Central","Canada East","UK South","UK West","West
        Central US","West US 2","East US 2 EUAP","Central US EUAP","Korea Central","Korea
        South","France Central","France South","Australia Central","Australia Central
        2","UAE Central","UAE North","South Africa North","South Africa West","Switzerland
        North","Switzerland West","Germany North","Germany West Central","Norway East","Norway
        West","Brazil Southeast","West US 3","Jio India Central","Jio India West","Sweden
        Central","Sweden South","Qatar Central","Poland Central","Malaysia South","Taiwan
        North","Taiwan Northwest","Italy North","Israel Central","Mexico Central"],"apiVersions":["2023-02-01","2022-11-01","2022-07-01","2022-02-01-preview","2021-11-01-preview","2021-10-01","2021-06-01-preview","2021-04-01-preview","2020-04-01-preview","2019-09-01","2018-02-14-preview","2018-02-14","2016-10-01"],"defaultApiVersion":"2019-09-01","apiProfiles":[{"profileVersion":"2018-06-01-profile","apiVersion":"2016-10-01"}],"capabilities":"None"},{"resourceType":"locations/deleteVirtualNetworkOrSubnets","locations":["East
        US","North Central US","West Europe","North Europe","East Asia","Southeast
        Asia","East US 2","Central US","South Central US","West Central US","West
        US 2","West US","Japan East","Japan West","Australia East","Australia Southeast","Australia
        Central","Australia Central 2","Brazil South","Central India","South India","West
        India","Canada Central","Canada East","UK South","UK West","Central US EUAP","East
        US 2 EUAP","Korea Central","Korea South","France Central","France South","UAE
        Central","UAE North","South Africa North","South Africa West","Switzerland
        North","Switzerland West","Germany North","Germany West Central","Norway East","Norway
        West","Brazil Southeast","West US 3","Jio India Central","Jio India West","Sweden
        Central","Sweden South","Qatar Central","Poland Central","Malaysia South","Taiwan
        North","Taiwan Northwest","Italy North","Israel Central","Mexico Central"],"apiVersions":["2023-02-01","2022-11-01","2022-07-01","2022-02-01-preview","2021-11-01-preview","2021-10-01","2021-06-01-preview","2021-04-01-preview","2020-04-01-preview","2019-09-01","2018-02-14-preview","2018-02-14","2016-10-01"],"defaultApiVersion":"2019-09-01","capabilities":"None"},{"resourceType":"locations/operationResults","locations":["North
        Central US","East US","North Europe","West Europe","East Asia","Southeast
        Asia","East US 2","Central US","South Central US","West US","Japan East","Japan
        West","Australia East","Australia Southeast","Brazil South","Central India","South
        India","West India","Canada Central","Canada East","UK South","UK West","West
        Central US","West US 2","East US 2 EUAP","Central US EUAP","Korea Central","Korea
        South","France Central","France South","Australia Central","Australia Central
        2","UAE Central","UAE North","South Africa North","South Africa West","Switzerland
        North","Switzerland West","Germany North","Germany West Central","Norway East","Norway
        West","Brazil Southeast","West US 3","Jio India Central","Jio India West","Sweden
        Central","Sweden South","Qatar Central","Poland Central","Malaysia South","Taiwan
        North","Taiwan Northwest","Italy North","Israel Central","Mexico Central"],"apiVersions":["2023-02-01","2022-11-01","2022-07-01","2022-02-01-preview","2021-11-01-preview","2021-10-01","2021-06-01-preview","2021-04-01-preview","2020-04-01-preview","2019-09-01","2018-02-14-preview","2018-02-14","2016-10-01"],"defaultApiVersion":"2019-09-01","apiProfiles":[{"profileVersion":"2018-06-01-profile","apiVersion":"2016-10-01"}],"capabilities":"None"},{"resourceType":"vaults/eventGridFilters","locations":["North
        Central US","East US","North Europe","West Europe","East Asia","Southeast
        Asia","East US 2","Central US","South Central US","West US","Japan East","Japan
        West","Australia East","Australia Southeast","Brazil South","Central India","South
        India","West India","Canada Central","Canada East","UK South","UK West","West
        Central US","West US 2","East US 2 EUAP","Central US EUAP","Korea Central","Korea
        South","France Central","France South","Australia Central","Australia Central
        2","UAE Central","UAE North","South Africa North","South Africa West","Switzerland
        North","Switzerland West","Germany North","Germany West Central","Norway East","Norway
        West","Brazil Southeast","West US 3","Jio India Central","Jio India West","Sweden
        Central","Sweden South","Qatar Central","Poland Central","Malaysia South","Taiwan
        North","Taiwan Northwest","Italy North","Israel Central","Mexico Central"],"apiVersions":["2023-02-01","2022-11-01","2022-07-01","2022-02-01-preview","2021-11-01-preview","2021-10-01","2021-06-01-preview","2021-04-01-preview","2020-04-01-preview","2019-09-01","2018-02-14-preview","2018-02-14"],"defaultApiVersion":"2019-09-01","capabilities":"None"},{"resourceType":"vaults/keys","locations":["North
        Central US","East US","North Europe","West Europe","East Asia","Southeast
        Asia","East US 2","Central US","South Central US","West US","Japan East","Japan
        West","Australia East","Australia Southeast","Brazil South","Central India","South
        India","West India","Canada Central","Canada East","UK South","UK West","West
        Central US","West US 2","East US 2 EUAP","Central US EUAP","Korea Central","Korea
        South","France Central","France South","Australia Central","Australia Central
        2","UAE Central","UAE North","South Africa North","South Africa West","Switzerland
        North","Switzerland West","Germany North","Germany West Central","Norway East","Norway
        West","Brazil Southeast","West US 3","Jio India Central","Jio India West","Sweden
        Central","Sweden South","Qatar Central","Poland Central","Malaysia South","Taiwan
        North","Taiwan Northwest","Italy North","Israel Central","Mexico Central"],"apiVersions":["2023-02-01","2022-11-01","2022-07-01","2022-02-01-preview","2021-11-01-preview","2021-10-01","2021-06-01-preview","2021-04-01-preview","2020-04-01-preview","2019-09-01"],"defaultApiVersion":"2019-09-01","capabilities":"None"},{"resourceType":"vaults/keys/versions","locations":["North
        Central US","East US","North Europe","West Europe","East Asia","Southeast
        Asia","East US 2","Central US","South Central US","West US","Japan East","Japan
        West","Australia East","Australia Southeast","Brazil South","Central India","South
        India","West India","Canada Central","Canada East","UK South","UK West","West
        Central US","West US 2","East US 2 EUAP","Central US EUAP","Korea Central","Korea
        South","France Central","France South","Australia Central","Australia Central
        2","UAE Central","UAE North","South Africa North","South Africa West","Switzerland
        North","Switzerland West","Germany North","Germany West Central","Norway East","Norway
        West","Brazil Southeast","West US 3","Jio India Central","Jio India West","Sweden
        Central","Sweden South","Qatar Central","Poland Central","Malaysia South","Taiwan
        North","Taiwan Northwest","Italy North","Israel Central","Mexico Central"],"apiVersions":["2023-02-01","2022-11-01","2022-07-01","2022-02-01-preview","2021-11-01-preview","2021-10-01","2021-06-01-preview","2021-04-01-preview","2020-04-01-preview","2019-09-01"],"defaultApiVersion":"2019-09-01","capabilities":"None"}],"registrationState":"Registered","registrationPolicy":"RegistrationRequired"}'
    headers:
      cache-control:
      - no-cache
      content-length:
      - '21425'
      content-type:
      - application/json; charset=utf-8
      date:
      - Thu, 06 Jul 2023 03:20:29 GMT
      expires:
      - '-1'
      pragma:
      - no-cache
      strict-transport-security:
      - max-age=31536000; includeSubDomains
      vary:
      - Accept-Encoding
      x-content-type-options:
      - nosniff
    status:
      code: 200
      message: OK
- request:
    body: '{"location": "southcentralus", "tags": {}, "properties": {"sku": {"family":
      "A", "name": "standard"}, "tenantId": "54826b22-38d6-4fb2-bad9-b7b93a3e9c5a",
      "accessPolicies": [{"tenantId": "54826b22-38d6-4fb2-bad9-b7b93a3e9c5a", "objectId":
      "a7250e3a-0e5e-48e2-9a34-45f1f5e1a91e", "permissions": {"keys": ["all"], "secrets":
      ["all"], "certificates": ["all"], "storage": ["all"]}}, {"tenantId": "54826b22-38d6-4fb2-bad9-b7b93a3e9c5a",
      "objectId": "70b62e87-0f92-496a-85ad-2cea038fa54f", "permissions": {"keys":
      ["get", "wrapKey", "recover", "unwrapKey"]}}], "enabledForDeployment": false,
      "enableSoftDelete": true, "softDeleteRetentionInDays": 7, "vaultUri": "https://clitest000003.vault.azure.net/",
      "provisioningState": "Succeeded", "publicNetworkAccess": "Enabled", "enablePurgeProtection":
      true}}'
    headers:
      Accept:
      - application/json
      Accept-Encoding:
      - gzip, deflate
      CommandName:
      - resource update
      Connection:
      - keep-alive
      Content-Length:
      - '796'
      Content-Type:
      - application/json
      ParameterSetName:
      - --id --set
      User-Agent:
      - AZURECLI/2.50.0 (PIP) azsdk-python-azure-mgmt-resource/23.1.0b2 Python/3.9.6
        (Windows-10-10.0.19045-SP0)
    method: PUT
    uri: https://management.azure.com/subscriptions/00000000-0000-0000-0000-000000000000/resourceGroups/clitest.rg000001/providers/Microsoft.KeyVault/vaults/clitest000003?api-version=2023-02-01
  response:
    body:
      string: '{"id":"/subscriptions/00000000-0000-0000-0000-000000000000/resourceGroups/clitest.rg000001/providers/Microsoft.KeyVault/vaults/clitest000003","name":"clitest000003","type":"Microsoft.KeyVault/vaults","location":"southcentralus","tags":{},"systemData":{"createdBy":"zhiyihuang@microsoft.com","createdByType":"User","createdAt":"2023-07-06T03:19:37.27Z","lastModifiedBy":"zhiyihuang@microsoft.com","lastModifiedByType":"User","lastModifiedAt":"2023-07-06T03:20:30.792Z"},"properties":{"sku":{"family":"A","name":"standard"},"tenantId":"54826b22-38d6-4fb2-bad9-b7b93a3e9c5a","accessPolicies":[{"tenantId":"54826b22-38d6-4fb2-bad9-b7b93a3e9c5a","objectId":"a7250e3a-0e5e-48e2-9a34-45f1f5e1a91e","permissions":{"keys":["all"],"secrets":["all"],"certificates":["all"],"storage":["all"]}},{"tenantId":"54826b22-38d6-4fb2-bad9-b7b93a3e9c5a","objectId":"70b62e87-0f92-496a-85ad-2cea038fa54f","permissions":{"keys":["get","wrapKey","recover","unwrapKey"]}}],"enabledForDeployment":false,"enableSoftDelete":true,"softDeleteRetentionInDays":7,"enablePurgeProtection":true,"vaultUri":"https://clitest000003.vault.azure.net/","provisioningState":"Succeeded","publicNetworkAccess":"Enabled"}}'
    headers:
      cache-control:
      - no-cache
      content-length:
      - '1177'
      content-type:
      - application/json; charset=utf-8
      date:
      - Thu, 06 Jul 2023 03:20:30 GMT
      expires:
      - '-1'
      pragma:
      - no-cache
      server:
      - Microsoft-IIS/10.0
      strict-transport-security:
      - max-age=31536000; includeSubDomains
      transfer-encoding:
      - chunked
      vary:
      - Accept-Encoding
      x-aspnet-version:
      - 4.0.30319
      x-content-type-options:
      - nosniff
      x-ms-keyvault-service-version:
      - 1.5.785.0
      x-ms-ratelimit-remaining-subscription-writes:
      - '1192'
    status:
      code: 200
      message: OK
- request:
    body: null
    headers:
      Accept:
      - application/json
      Accept-Encoding:
      - gzip, deflate
      CommandName:
      - storage account update
      Connection:
      - keep-alive
      ParameterSetName:
      - -n -g --encryption-key-source --encryption-key-vault --encryption-key-name
      User-Agent:
      - AZURECLI/2.50.0 (PIP) azsdk-python-azure-mgmt-storage/0.1.0 Python/3.9.6 (Windows-10-10.0.19045-SP0)
    method: GET
    uri: https://management.azure.com/subscriptions/00000000-0000-0000-0000-000000000000/resourceGroups/clitest.rg000001/providers/Microsoft.Storage/storageAccounts/clitest000002?api-version=2023-01-01
  response:
    body:
      string: '{"identity":{"principalId":"70b62e87-0f92-496a-85ad-2cea038fa54f","tenantId":"54826b22-38d6-4fb2-bad9-b7b93a3e9c5a","type":"SystemAssigned"},"sku":{"name":"Standard_LRS","tier":"Standard"},"kind":"Storage","id":"/subscriptions/00000000-0000-0000-0000-000000000000/resourceGroups/clitest.rg000001/providers/Microsoft.Storage/storageAccounts/clitest000002","name":"clitest000002","type":"Microsoft.Storage/storageAccounts","location":"southcentralus","tags":{},"properties":{"keyCreationTime":{"key1":"2023-07-06T03:19:09.9737213Z","key2":"2023-07-06T03:19:09.9737213Z"},"allowCrossTenantReplication":false,"privateEndpointConnections":[],"minimumTlsVersion":"TLS1_0","allowBlobPublicAccess":false,"networkAcls":{"ipv6Rules":[],"bypass":"AzureServices","virtualNetworkRules":[],"ipRules":[],"defaultAction":"Allow"},"supportsHttpsTrafficOnly":true,"encryption":{"services":{"file":{"keyType":"Account","enabled":true,"lastEnabledTime":"2023-07-06T03:19:10.3331157Z"},"blob":{"keyType":"Account","enabled":true,"lastEnabledTime":"2023-07-06T03:19:10.3331157Z"}},"keySource":"Microsoft.Storage"},"provisioningState":"Succeeded","creationTime":"2023-07-06T03:19:09.8799886Z","primaryEndpoints":{"blob":"https://clitest000002.blob.core.windows.net/","queue":"https://clitest000002.queue.core.windows.net/","table":"https://clitest000002.table.core.windows.net/","file":"https://clitest000002.file.core.windows.net/"},"primaryLocation":"southcentralus","statusOfPrimary":"available"}}'
    headers:
      cache-control:
      - no-cache
      content-length:
      - '1477'
      content-type:
      - application/json
      date:
      - Thu, 06 Jul 2023 03:20:33 GMT
      expires:
      - '-1'
      pragma:
      - no-cache
      server:
      - Microsoft-Azure-Storage-Resource-Provider/1.0,Microsoft-HTTPAPI/2.0 Microsoft-HTTPAPI/2.0
      strict-transport-security:
      - max-age=31536000; includeSubDomains
      transfer-encoding:
      - chunked
      vary:
      - Accept-Encoding
      x-content-type-options:
      - nosniff
    status:
      code: 200
      message: OK
- request:
    body: '{"sku": {"name": "Standard_LRS"}, "tags": {}, "properties": {"encryption":
      {"services": {"blob": {"enabled": true, "keyType": "Account"}, "file": {"enabled":
      true, "keyType": "Account"}}, "keySource": "Microsoft.Keyvault", "keyvaultproperties":
      {"keyname": "testkey", "keyvaulturi": "https://clitest000003.vault.azure.net/"}},
      "supportsHttpsTrafficOnly": true, "networkAcls": {"bypass": "AzureServices",
      "virtualNetworkRules": [], "ipRules": [], "ipv6Rules": [], "defaultAction":
      "Allow"}}}'
    headers:
      Accept:
      - application/json
      Accept-Encoding:
      - gzip, deflate
      CommandName:
      - storage account update
      Connection:
      - keep-alive
      Content-Length:
      - '490'
      Content-Type:
      - application/json
      ParameterSetName:
      - -n -g --encryption-key-source --encryption-key-vault --encryption-key-name
      User-Agent:
      - AZURECLI/2.50.0 (PIP) azsdk-python-azure-mgmt-storage/0.1.0 Python/3.9.6 (Windows-10-10.0.19045-SP0)
    method: PATCH
    uri: https://management.azure.com/subscriptions/00000000-0000-0000-0000-000000000000/resourceGroups/clitest.rg000001/providers/Microsoft.Storage/storageAccounts/clitest000002?api-version=2023-01-01
  response:
    body:
      string: '{"identity":{"principalId":"70b62e87-0f92-496a-85ad-2cea038fa54f","tenantId":"54826b22-38d6-4fb2-bad9-b7b93a3e9c5a","type":"SystemAssigned"},"sku":{"name":"Standard_LRS","tier":"Standard"},"kind":"Storage","id":"/subscriptions/00000000-0000-0000-0000-000000000000/resourceGroups/clitest.rg000001/providers/Microsoft.Storage/storageAccounts/clitest000002","name":"clitest000002","type":"Microsoft.Storage/storageAccounts","location":"southcentralus","tags":{},"properties":{"keyCreationTime":{"key1":"2023-07-06T03:19:09.9737213Z","key2":"2023-07-06T03:19:09.9737213Z"},"allowCrossTenantReplication":false,"privateEndpointConnections":[],"minimumTlsVersion":"TLS1_0","allowBlobPublicAccess":false,"networkAcls":{"ipv6Rules":[],"bypass":"AzureServices","virtualNetworkRules":[],"ipRules":[],"defaultAction":"Allow"},"supportsHttpsTrafficOnly":true,"encryption":{"keyvaultproperties":{"currentVersionedKeyIdentifier":"https://clitest000003.vault.azure.net/keys/testkey/329907f20e364ab6b4df323a19a64471","lastKeyRotationTimestamp":"2023-07-06T03:20:35.4585562Z","currentVersionedKeyExpirationTimestamp":"1970-01-01T00:00:00.0000000Z","keyvaulturi":"https://clitest000003.vault.azure.net/","keyname":"testkey"},"services":{"file":{"keyType":"Account","enabled":true,"lastEnabledTime":"2023-07-06T03:19:10.3331157Z"},"blob":{"keyType":"Account","enabled":true,"lastEnabledTime":"2023-07-06T03:19:10.3331157Z"}},"keySource":"Microsoft.Keyvault"},"provisioningState":"Succeeded","creationTime":"2023-07-06T03:19:09.8799886Z","primaryEndpoints":{"blob":"https://clitest000002.blob.core.windows.net/","queue":"https://clitest000002.queue.core.windows.net/","table":"https://clitest000002.table.core.windows.net/","file":"https://clitest000002.file.core.windows.net/"},"primaryLocation":"southcentralus","statusOfPrimary":"available"}}'
    headers:
      cache-control:
      - no-cache
      content-length:
      - '1824'
      content-type:
      - application/json
      date:
      - Thu, 06 Jul 2023 03:20:36 GMT
      expires:
      - '-1'
      pragma:
      - no-cache
      server:
      - Microsoft-Azure-Storage-Resource-Provider/1.0,Microsoft-HTTPAPI/2.0 Microsoft-HTTPAPI/2.0
      strict-transport-security:
      - max-age=31536000; includeSubDomains
      transfer-encoding:
      - chunked
      vary:
      - Accept-Encoding
      x-content-type-options:
      - nosniff
      x-ms-ratelimit-remaining-subscription-writes:
      - '1188'
    status:
      code: 200
      message: OK
- request:
    body: null
    headers:
      Accept:
      - application/json
      Accept-Encoding:
      - gzip, deflate
      CommandName:
      - storage account update
      Connection:
      - keep-alive
      ParameterSetName:
      - -n -g --encryption-key-version
      User-Agent:
      - AZURECLI/2.50.0 (PIP) azsdk-python-azure-mgmt-storage/0.1.0 Python/3.9.6 (Windows-10-10.0.19045-SP0)
    method: GET
    uri: https://management.azure.com/subscriptions/00000000-0000-0000-0000-000000000000/resourceGroups/clitest.rg000001/providers/Microsoft.Storage/storageAccounts/clitest000002?api-version=2023-01-01
  response:
    body:
      string: '{"identity":{"principalId":"70b62e87-0f92-496a-85ad-2cea038fa54f","tenantId":"54826b22-38d6-4fb2-bad9-b7b93a3e9c5a","type":"SystemAssigned"},"sku":{"name":"Standard_LRS","tier":"Standard"},"kind":"Storage","id":"/subscriptions/00000000-0000-0000-0000-000000000000/resourceGroups/clitest.rg000001/providers/Microsoft.Storage/storageAccounts/clitest000002","name":"clitest000002","type":"Microsoft.Storage/storageAccounts","location":"southcentralus","tags":{},"properties":{"keyCreationTime":{"key1":"2023-07-06T03:19:09.9737213Z","key2":"2023-07-06T03:19:09.9737213Z"},"allowCrossTenantReplication":false,"privateEndpointConnections":[],"minimumTlsVersion":"TLS1_0","allowBlobPublicAccess":false,"networkAcls":{"ipv6Rules":[],"bypass":"AzureServices","virtualNetworkRules":[],"ipRules":[],"defaultAction":"Allow"},"supportsHttpsTrafficOnly":true,"encryption":{"keyvaultproperties":{"currentVersionedKeyIdentifier":"https://clitest000003.vault.azure.net/keys/testkey/329907f20e364ab6b4df323a19a64471","lastKeyRotationTimestamp":"2023-07-06T03:20:35.4585562Z","currentVersionedKeyExpirationTimestamp":"1970-01-01T00:00:00.0000000Z","keyvaulturi":"https://clitest000003.vault.azure.net/","keyname":"testkey"},"services":{"file":{"keyType":"Account","enabled":true,"lastEnabledTime":"2023-07-06T03:19:10.3331157Z"},"blob":{"keyType":"Account","enabled":true,"lastEnabledTime":"2023-07-06T03:19:10.3331157Z"}},"keySource":"Microsoft.Keyvault"},"provisioningState":"Succeeded","creationTime":"2023-07-06T03:19:09.8799886Z","primaryEndpoints":{"blob":"https://clitest000002.blob.core.windows.net/","queue":"https://clitest000002.queue.core.windows.net/","table":"https://clitest000002.table.core.windows.net/","file":"https://clitest000002.file.core.windows.net/"},"primaryLocation":"southcentralus","statusOfPrimary":"available"}}'
    headers:
      cache-control:
      - no-cache
      content-length:
      - '1824'
      content-type:
      - application/json
      date:
      - Thu, 06 Jul 2023 03:20:37 GMT
      expires:
      - '-1'
      pragma:
      - no-cache
      server:
      - Microsoft-Azure-Storage-Resource-Provider/1.0,Microsoft-HTTPAPI/2.0 Microsoft-HTTPAPI/2.0
      strict-transport-security:
      - max-age=31536000; includeSubDomains
      transfer-encoding:
      - chunked
      vary:
      - Accept-Encoding
      x-content-type-options:
      - nosniff
    status:
      code: 200
      message: OK
- request:
    body: '{"sku": {"name": "Standard_LRS"}, "tags": {}, "properties": {"encryption":
      {"services": {"blob": {"enabled": true, "keyType": "Account"}, "file": {"enabled":
      true, "keyType": "Account"}}, "keySource": "Microsoft.Keyvault", "keyvaultproperties":
      {"keyname": "testkey", "keyversion": "329907f20e364ab6b4df323a19a64471", "keyvaulturi":
      "https://clitest000003.vault.azure.net/"}}, "supportsHttpsTrafficOnly": true,
      "networkAcls": {"bypass": "AzureServices", "virtualNetworkRules": [], "ipRules":
      [], "ipv6Rules": [], "defaultAction": "Allow"}}}'
    headers:
      Accept:
      - application/json
      Accept-Encoding:
      - gzip, deflate
      CommandName:
      - storage account update
      Connection:
      - keep-alive
      Content-Length:
      - '540'
      Content-Type:
      - application/json
      ParameterSetName:
      - -n -g --encryption-key-version
      User-Agent:
      - AZURECLI/2.50.0 (PIP) azsdk-python-azure-mgmt-storage/0.1.0 Python/3.9.6 (Windows-10-10.0.19045-SP0)
    method: PATCH
    uri: https://management.azure.com/subscriptions/00000000-0000-0000-0000-000000000000/resourceGroups/clitest.rg000001/providers/Microsoft.Storage/storageAccounts/clitest000002?api-version=2023-01-01
  response:
    body:
      string: '{"identity":{"principalId":"70b62e87-0f92-496a-85ad-2cea038fa54f","tenantId":"54826b22-38d6-4fb2-bad9-b7b93a3e9c5a","type":"SystemAssigned"},"sku":{"name":"Standard_LRS","tier":"Standard"},"kind":"Storage","id":"/subscriptions/00000000-0000-0000-0000-000000000000/resourceGroups/clitest.rg000001/providers/Microsoft.Storage/storageAccounts/clitest000002","name":"clitest000002","type":"Microsoft.Storage/storageAccounts","location":"southcentralus","tags":{},"properties":{"keyCreationTime":{"key1":"2023-07-06T03:19:09.9737213Z","key2":"2023-07-06T03:19:09.9737213Z"},"allowCrossTenantReplication":false,"privateEndpointConnections":[],"minimumTlsVersion":"TLS1_0","allowBlobPublicAccess":false,"networkAcls":{"ipv6Rules":[],"bypass":"AzureServices","virtualNetworkRules":[],"ipRules":[],"defaultAction":"Allow"},"supportsHttpsTrafficOnly":true,"encryption":{"keyvaultproperties":{"currentVersionedKeyIdentifier":"https://clitest000003.vault.azure.net/keys/testkey/329907f20e364ab6b4df323a19a64471","lastKeyRotationTimestamp":"2023-07-06T03:20:40.1929472Z","currentVersionedKeyExpirationTimestamp":"1970-01-01T00:00:00.0000000Z","keyvaulturi":"https://clitest000003.vault.azure.net/","keyname":"testkey","keyversion":"329907f20e364ab6b4df323a19a64471"},"services":{"file":{"keyType":"Account","enabled":true,"lastEnabledTime":"2023-07-06T03:19:10.3331157Z"},"blob":{"keyType":"Account","enabled":true,"lastEnabledTime":"2023-07-06T03:19:10.3331157Z"}},"keySource":"Microsoft.Keyvault"},"provisioningState":"Succeeded","creationTime":"2023-07-06T03:19:09.8799886Z","primaryEndpoints":{"blob":"https://clitest000002.blob.core.windows.net/","queue":"https://clitest000002.queue.core.windows.net/","table":"https://clitest000002.table.core.windows.net/","file":"https://clitest000002.file.core.windows.net/"},"primaryLocation":"southcentralus","statusOfPrimary":"available"}}'
    headers:
      cache-control:
      - no-cache
      content-length:
      - '1872'
      content-type:
      - application/json
      date:
      - Thu, 06 Jul 2023 03:21:12 GMT
      expires:
      - '-1'
      pragma:
      - no-cache
      server:
      - Microsoft-Azure-Storage-Resource-Provider/1.0,Microsoft-HTTPAPI/2.0 Microsoft-HTTPAPI/2.0
      strict-transport-security:
      - max-age=31536000; includeSubDomains
      transfer-encoding:
      - chunked
      vary:
      - Accept-Encoding
      x-content-type-options:
      - nosniff
      x-ms-ratelimit-remaining-subscription-writes:
      - '1184'
    status:
      code: 200
      message: OK
- request:
    body: null
    headers:
      Accept:
      - application/json
      Accept-Encoding:
      - gzip, deflate
      CommandName:
      - storage account update
      Connection:
      - keep-alive
      ParameterSetName:
      - -n -g --encryption-key-version
      User-Agent:
      - AZURECLI/2.50.0 (PIP) azsdk-python-azure-mgmt-storage/0.1.0 Python/3.9.6 (Windows-10-10.0.19045-SP0)
    method: GET
    uri: https://management.azure.com/subscriptions/00000000-0000-0000-0000-000000000000/resourceGroups/clitest.rg000001/providers/Microsoft.Storage/storageAccounts/clitest000002?api-version=2023-01-01
  response:
    body:
      string: '{"identity":{"principalId":"70b62e87-0f92-496a-85ad-2cea038fa54f","tenantId":"54826b22-38d6-4fb2-bad9-b7b93a3e9c5a","type":"SystemAssigned"},"sku":{"name":"Standard_LRS","tier":"Standard"},"kind":"Storage","id":"/subscriptions/00000000-0000-0000-0000-000000000000/resourceGroups/clitest.rg000001/providers/Microsoft.Storage/storageAccounts/clitest000002","name":"clitest000002","type":"Microsoft.Storage/storageAccounts","location":"southcentralus","tags":{},"properties":{"keyCreationTime":{"key1":"2023-07-06T03:19:09.9737213Z","key2":"2023-07-06T03:19:09.9737213Z"},"allowCrossTenantReplication":false,"privateEndpointConnections":[],"minimumTlsVersion":"TLS1_0","allowBlobPublicAccess":false,"networkAcls":{"ipv6Rules":[],"bypass":"AzureServices","virtualNetworkRules":[],"ipRules":[],"defaultAction":"Allow"},"supportsHttpsTrafficOnly":true,"encryption":{"keyvaultproperties":{"currentVersionedKeyIdentifier":"https://clitest000003.vault.azure.net/keys/testkey/329907f20e364ab6b4df323a19a64471","lastKeyRotationTimestamp":"2023-07-06T03:20:40.1929472Z","currentVersionedKeyExpirationTimestamp":"1970-01-01T00:00:00.0000000Z","keyvaulturi":"https://clitest000003.vault.azure.net/","keyname":"testkey","keyversion":"329907f20e364ab6b4df323a19a64471"},"services":{"file":{"keyType":"Account","enabled":true,"lastEnabledTime":"2023-07-06T03:19:10.3331157Z"},"blob":{"keyType":"Account","enabled":true,"lastEnabledTime":"2023-07-06T03:19:10.3331157Z"}},"keySource":"Microsoft.Keyvault"},"provisioningState":"Succeeded","creationTime":"2023-07-06T03:19:09.8799886Z","primaryEndpoints":{"blob":"https://clitest000002.blob.core.windows.net/","queue":"https://clitest000002.queue.core.windows.net/","table":"https://clitest000002.table.core.windows.net/","file":"https://clitest000002.file.core.windows.net/"},"primaryLocation":"southcentralus","statusOfPrimary":"available"}}'
    headers:
      cache-control:
      - no-cache
      content-length:
      - '1872'
      content-type:
      - application/json
      date:
      - Thu, 06 Jul 2023 03:21:13 GMT
      expires:
      - '-1'
      pragma:
      - no-cache
      server:
      - Microsoft-Azure-Storage-Resource-Provider/1.0,Microsoft-HTTPAPI/2.0 Microsoft-HTTPAPI/2.0
      strict-transport-security:
      - max-age=31536000; includeSubDomains
      transfer-encoding:
      - chunked
      vary:
      - Accept-Encoding
      x-content-type-options:
      - nosniff
    status:
      code: 200
      message: OK
- request:
    body: '{"sku": {"name": "Standard_LRS"}, "tags": {}, "properties": {"encryption":
      {"services": {"blob": {"enabled": true, "keyType": "Account"}, "file": {"enabled":
      true, "keyType": "Account"}}, "keySource": "Microsoft.Keyvault", "keyvaultproperties":
      {"keyname": "testkey", "keyversion": "", "keyvaulturi": "https://clitest000003.vault.azure.net/"}},
      "supportsHttpsTrafficOnly": true, "networkAcls": {"bypass": "AzureServices",
      "virtualNetworkRules": [], "ipRules": [], "ipv6Rules": [], "defaultAction":
      "Allow"}}}'
    headers:
      Accept:
      - application/json
      Accept-Encoding:
      - gzip, deflate
      CommandName:
      - storage account update
      Connection:
      - keep-alive
      Content-Length:
      - '508'
      Content-Type:
      - application/json
      ParameterSetName:
      - -n -g --encryption-key-version
      User-Agent:
      - AZURECLI/2.50.0 (PIP) azsdk-python-azure-mgmt-storage/0.1.0 Python/3.9.6 (Windows-10-10.0.19045-SP0)
    method: PATCH
    uri: https://management.azure.com/subscriptions/00000000-0000-0000-0000-000000000000/resourceGroups/clitest.rg000001/providers/Microsoft.Storage/storageAccounts/clitest000002?api-version=2023-01-01
  response:
    body:
      string: '{"identity":{"principalId":"70b62e87-0f92-496a-85ad-2cea038fa54f","tenantId":"54826b22-38d6-4fb2-bad9-b7b93a3e9c5a","type":"SystemAssigned"},"sku":{"name":"Standard_LRS","tier":"Standard"},"kind":"Storage","id":"/subscriptions/00000000-0000-0000-0000-000000000000/resourceGroups/clitest.rg000001/providers/Microsoft.Storage/storageAccounts/clitest000002","name":"clitest000002","type":"Microsoft.Storage/storageAccounts","location":"southcentralus","tags":{},"properties":{"keyCreationTime":{"key1":"2023-07-06T03:19:09.9737213Z","key2":"2023-07-06T03:19:09.9737213Z"},"allowCrossTenantReplication":false,"privateEndpointConnections":[],"minimumTlsVersion":"TLS1_0","allowBlobPublicAccess":false,"networkAcls":{"ipv6Rules":[],"bypass":"AzureServices","virtualNetworkRules":[],"ipRules":[],"defaultAction":"Allow"},"supportsHttpsTrafficOnly":true,"encryption":{"keyvaultproperties":{"currentVersionedKeyIdentifier":"https://clitest000003.vault.azure.net/keys/testkey/329907f20e364ab6b4df323a19a64471","lastKeyRotationTimestamp":"2023-07-06T03:21:15.4431373Z","currentVersionedKeyExpirationTimestamp":"1970-01-01T00:00:00.0000000Z","keyvaulturi":"https://clitest000003.vault.azure.net/","keyname":"testkey","keyversion":""},"services":{"file":{"keyType":"Account","enabled":true,"lastEnabledTime":"2023-07-06T03:19:10.3331157Z"},"blob":{"keyType":"Account","enabled":true,"lastEnabledTime":"2023-07-06T03:19:10.3331157Z"}},"keySource":"Microsoft.Keyvault"},"provisioningState":"Succeeded","creationTime":"2023-07-06T03:19:09.8799886Z","primaryEndpoints":{"blob":"https://clitest000002.blob.core.windows.net/","queue":"https://clitest000002.queue.core.windows.net/","table":"https://clitest000002.table.core.windows.net/","file":"https://clitest000002.file.core.windows.net/"},"primaryLocation":"southcentralus","statusOfPrimary":"available"}}'
    headers:
      cache-control:
      - no-cache
      content-length:
      - '1840'
      content-type:
      - application/json
      date:
      - Thu, 06 Jul 2023 03:21:16 GMT
      expires:
      - '-1'
      pragma:
      - no-cache
      server:
      - Microsoft-Azure-Storage-Resource-Provider/1.0,Microsoft-HTTPAPI/2.0 Microsoft-HTTPAPI/2.0
      strict-transport-security:
      - max-age=31536000; includeSubDomains
      transfer-encoding:
      - chunked
      vary:
      - Accept-Encoding
      x-content-type-options:
      - nosniff
      x-ms-ratelimit-remaining-subscription-writes:
      - '1191'
    status:
      code: 200
      message: OK
- request:
    body: '{"kty": "RSA", "attributes": {"enabled": true}}'
    headers:
      Accept:
      - application/json
      Accept-Encoding:
      - gzip, deflate
      Connection:
      - keep-alive
      Content-Length:
      - '47'
      Content-Type:
      - application/json
      User-Agent:
      - azsdk-python-keyvault-keys/4.8.0b2 Python/3.9.6 (Windows-10-10.0.19045-SP0)
    method: POST
    uri: https://clitest000003.vault.azure.net/keys/newkey/create?api-version=7.4-preview.1
  response:
    body:
      string: '{"key":{"kid":"https://clitest000003.vault.azure.net/keys/newkey/67d0d7607b7444d4ab6d31e7d95064ac","kty":"RSA","key_ops":["encrypt","decrypt","sign","verify","wrapKey","unwrapKey"],"n":"mPMg_hL6Zhjxm5M-pVDxARPjKRE5MagOSkTz9IPf_TONuxCFT2MMNAini6WVkFZ7PkL4zvTqIOWqRc_lUTF5SvDwVp4r0MiJAdT6J_AF5i1xIHEax0QVn_yKgtbPge9q8XI-FnzA3yagHzhS6cABWEHBiNkb6Upxd-RIn3MsC_wPFdyPwRjDqW0yaifblQMaTBSL5yMqySGJf_07YSKtQSWJfzuqhtEqr_SgXK4H3NV_tkVA9aRJOFV5NYsiOcS-dkCxxqJgSsjfTEnx0VYMXekuArdKDSiw1NL6E_tcaGfOX8xvzG_cIEW_k4T9IWywF5CB5aBPlVc04DexZDuRTQ","e":"AQAB"},"attributes":{"enabled":true,"created":1688613677,"updated":1688613677,"recoveryLevel":"CustomizedRecoverable","recoverableDays":7,"exportable":false}}'
    headers:
      cache-control:
      - no-cache
      content-length:
      - '693'
      content-type:
      - application/json; charset=utf-8
      date:
      - Thu, 06 Jul 2023 03:21:17 GMT
      expires:
      - '-1'
      pragma:
      - no-cache
      strict-transport-security:
      - max-age=31536000;includeSubDomains
      x-content-type-options:
      - nosniff
      x-ms-keyvault-network-info:
      - conn_type=Ipv4;addr=167.220.255.72;act_addr_fam=InterNetwork;
      x-ms-keyvault-region:
      - southcentralus
      x-ms-keyvault-service-version:
      - 1.9.865.5
    status:
      code: 200
      message: OK
- request:
    body: null
    headers:
      Accept:
      - application/json
      Accept-Encoding:
      - gzip, deflate
      CommandName:
      - storage account update
      Connection:
      - keep-alive
      ParameterSetName:
      - -n -g --encryption-key-vault --encryption-key-name
      User-Agent:
      - AZURECLI/2.50.0 (PIP) azsdk-python-azure-mgmt-storage/0.1.0 Python/3.9.6 (Windows-10-10.0.19045-SP0)
    method: GET
    uri: https://management.azure.com/subscriptions/00000000-0000-0000-0000-000000000000/resourceGroups/clitest.rg000001/providers/Microsoft.Storage/storageAccounts/clitest000002?api-version=2023-01-01
  response:
    body:
      string: '{"identity":{"principalId":"70b62e87-0f92-496a-85ad-2cea038fa54f","tenantId":"54826b22-38d6-4fb2-bad9-b7b93a3e9c5a","type":"SystemAssigned"},"sku":{"name":"Standard_LRS","tier":"Standard"},"kind":"Storage","id":"/subscriptions/00000000-0000-0000-0000-000000000000/resourceGroups/clitest.rg000001/providers/Microsoft.Storage/storageAccounts/clitest000002","name":"clitest000002","type":"Microsoft.Storage/storageAccounts","location":"southcentralus","tags":{},"properties":{"keyCreationTime":{"key1":"2023-07-06T03:19:09.9737213Z","key2":"2023-07-06T03:19:09.9737213Z"},"allowCrossTenantReplication":false,"privateEndpointConnections":[],"minimumTlsVersion":"TLS1_0","allowBlobPublicAccess":false,"networkAcls":{"ipv6Rules":[],"bypass":"AzureServices","virtualNetworkRules":[],"ipRules":[],"defaultAction":"Allow"},"supportsHttpsTrafficOnly":true,"encryption":{"keyvaultproperties":{"currentVersionedKeyIdentifier":"https://clitest000003.vault.azure.net/keys/testkey/329907f20e364ab6b4df323a19a64471","lastKeyRotationTimestamp":"2023-07-06T03:21:15.4431373Z","currentVersionedKeyExpirationTimestamp":"1970-01-01T00:00:00.0000000Z","keyvaulturi":"https://clitest000003.vault.azure.net/","keyname":"testkey","keyversion":""},"services":{"file":{"keyType":"Account","enabled":true,"lastEnabledTime":"2023-07-06T03:19:10.3331157Z"},"blob":{"keyType":"Account","enabled":true,"lastEnabledTime":"2023-07-06T03:19:10.3331157Z"}},"keySource":"Microsoft.Keyvault"},"provisioningState":"Succeeded","creationTime":"2023-07-06T03:19:09.8799886Z","primaryEndpoints":{"blob":"https://clitest000002.blob.core.windows.net/","queue":"https://clitest000002.queue.core.windows.net/","table":"https://clitest000002.table.core.windows.net/","file":"https://clitest000002.file.core.windows.net/"},"primaryLocation":"southcentralus","statusOfPrimary":"available"}}'
    headers:
      cache-control:
      - no-cache
      content-length:
      - '1840'
      content-type:
      - application/json
      date:
      - Thu, 06 Jul 2023 03:21:19 GMT
      expires:
      - '-1'
      pragma:
      - no-cache
      server:
      - Microsoft-Azure-Storage-Resource-Provider/1.0,Microsoft-HTTPAPI/2.0 Microsoft-HTTPAPI/2.0
      strict-transport-security:
      - max-age=31536000; includeSubDomains
      transfer-encoding:
      - chunked
      vary:
      - Accept-Encoding
      x-content-type-options:
      - nosniff
    status:
      code: 200
      message: OK
- request:
    body: '{"sku": {"name": "Standard_LRS"}, "tags": {}, "properties": {"encryption":
      {"services": {"blob": {"enabled": true, "keyType": "Account"}, "file": {"enabled":
      true, "keyType": "Account"}}, "keySource": "Microsoft.Keyvault", "keyvaultproperties":
      {"keyname": "newkey", "keyversion": "", "keyvaulturi": "https://clitest000003.vault.azure.net/"}},
      "supportsHttpsTrafficOnly": true, "networkAcls": {"bypass": "AzureServices",
      "virtualNetworkRules": [], "ipRules": [], "ipv6Rules": [], "defaultAction":
      "Allow"}}}'
    headers:
      Accept:
      - application/json
      Accept-Encoding:
      - gzip, deflate
      CommandName:
      - storage account update
      Connection:
      - keep-alive
      Content-Length:
      - '507'
      Content-Type:
      - application/json
      ParameterSetName:
      - -n -g --encryption-key-vault --encryption-key-name
      User-Agent:
      - AZURECLI/2.50.0 (PIP) azsdk-python-azure-mgmt-storage/0.1.0 Python/3.9.6 (Windows-10-10.0.19045-SP0)
    method: PATCH
    uri: https://management.azure.com/subscriptions/00000000-0000-0000-0000-000000000000/resourceGroups/clitest.rg000001/providers/Microsoft.Storage/storageAccounts/clitest000002?api-version=2023-01-01
  response:
    body:
      string: '{"identity":{"principalId":"70b62e87-0f92-496a-85ad-2cea038fa54f","tenantId":"54826b22-38d6-4fb2-bad9-b7b93a3e9c5a","type":"SystemAssigned"},"sku":{"name":"Standard_LRS","tier":"Standard"},"kind":"Storage","id":"/subscriptions/00000000-0000-0000-0000-000000000000/resourceGroups/clitest.rg000001/providers/Microsoft.Storage/storageAccounts/clitest000002","name":"clitest000002","type":"Microsoft.Storage/storageAccounts","location":"southcentralus","tags":{},"properties":{"keyCreationTime":{"key1":"2023-07-06T03:19:09.9737213Z","key2":"2023-07-06T03:19:09.9737213Z"},"allowCrossTenantReplication":false,"privateEndpointConnections":[],"minimumTlsVersion":"TLS1_0","allowBlobPublicAccess":false,"networkAcls":{"ipv6Rules":[],"bypass":"AzureServices","virtualNetworkRules":[],"ipRules":[],"defaultAction":"Allow"},"supportsHttpsTrafficOnly":true,"encryption":{"keyvaultproperties":{"currentVersionedKeyIdentifier":"https://clitest000003.vault.azure.net/keys/newkey/67d0d7607b7444d4ab6d31e7d95064ac","lastKeyRotationTimestamp":"2023-07-06T03:21:21.4744165Z","currentVersionedKeyExpirationTimestamp":"1970-01-01T00:00:00.0000000Z","keyvaulturi":"https://clitest000003.vault.azure.net/","keyname":"newkey","keyversion":""},"services":{"file":{"keyType":"Account","enabled":true,"lastEnabledTime":"2023-07-06T03:19:10.3331157Z"},"blob":{"keyType":"Account","enabled":true,"lastEnabledTime":"2023-07-06T03:19:10.3331157Z"}},"keySource":"Microsoft.Keyvault"},"provisioningState":"Succeeded","creationTime":"2023-07-06T03:19:09.8799886Z","primaryEndpoints":{"blob":"https://clitest000002.blob.core.windows.net/","queue":"https://clitest000002.queue.core.windows.net/","table":"https://clitest000002.table.core.windows.net/","file":"https://clitest000002.file.core.windows.net/"},"primaryLocation":"southcentralus","statusOfPrimary":"available"}}'
    headers:
      cache-control:
      - no-cache
      content-length:
      - '1838'
      content-type:
      - application/json
      date:
      - Thu, 06 Jul 2023 03:21:54 GMT
      expires:
      - '-1'
      pragma:
      - no-cache
      server:
      - Microsoft-Azure-Storage-Resource-Provider/1.0,Microsoft-HTTPAPI/2.0 Microsoft-HTTPAPI/2.0
      strict-transport-security:
      - max-age=31536000; includeSubDomains
      transfer-encoding:
      - chunked
      vary:
      - Accept-Encoding
      x-content-type-options:
      - nosniff
      x-ms-ratelimit-remaining-subscription-writes:
      - '1194'
    status:
      code: 200
      message: OK
- request:
    body: null
    headers:
      Accept:
      - application/json
      Accept-Encoding:
      - gzip, deflate
      CommandName:
      - storage account update
      Connection:
      - keep-alive
      ParameterSetName:
      - -n -g --encryption-key-source
      User-Agent:
      - AZURECLI/2.50.0 (PIP) azsdk-python-azure-mgmt-storage/0.1.0 Python/3.9.6 (Windows-10-10.0.19045-SP0)
    method: GET
    uri: https://management.azure.com/subscriptions/00000000-0000-0000-0000-000000000000/resourceGroups/clitest.rg000001/providers/Microsoft.Storage/storageAccounts/clitest000002?api-version=2023-01-01
  response:
    body:
      string: '{"identity":{"principalId":"70b62e87-0f92-496a-85ad-2cea038fa54f","tenantId":"54826b22-38d6-4fb2-bad9-b7b93a3e9c5a","type":"SystemAssigned"},"sku":{"name":"Standard_LRS","tier":"Standard"},"kind":"Storage","id":"/subscriptions/00000000-0000-0000-0000-000000000000/resourceGroups/clitest.rg000001/providers/Microsoft.Storage/storageAccounts/clitest000002","name":"clitest000002","type":"Microsoft.Storage/storageAccounts","location":"southcentralus","tags":{},"properties":{"keyCreationTime":{"key1":"2023-07-06T03:19:09.9737213Z","key2":"2023-07-06T03:19:09.9737213Z"},"allowCrossTenantReplication":false,"privateEndpointConnections":[],"minimumTlsVersion":"TLS1_0","allowBlobPublicAccess":false,"networkAcls":{"ipv6Rules":[],"bypass":"AzureServices","virtualNetworkRules":[],"ipRules":[],"defaultAction":"Allow"},"supportsHttpsTrafficOnly":true,"encryption":{"keyvaultproperties":{"currentVersionedKeyIdentifier":"https://clitest000003.vault.azure.net/keys/newkey/67d0d7607b7444d4ab6d31e7d95064ac","lastKeyRotationTimestamp":"2023-07-06T03:21:21.4744165Z","currentVersionedKeyExpirationTimestamp":"1970-01-01T00:00:00.0000000Z","keyvaulturi":"https://clitest000003.vault.azure.net/","keyname":"newkey","keyversion":""},"services":{"file":{"keyType":"Account","enabled":true,"lastEnabledTime":"2023-07-06T03:19:10.3331157Z"},"blob":{"keyType":"Account","enabled":true,"lastEnabledTime":"2023-07-06T03:19:10.3331157Z"}},"keySource":"Microsoft.Keyvault"},"provisioningState":"Succeeded","creationTime":"2023-07-06T03:19:09.8799886Z","primaryEndpoints":{"blob":"https://clitest000002.blob.core.windows.net/","queue":"https://clitest000002.queue.core.windows.net/","table":"https://clitest000002.table.core.windows.net/","file":"https://clitest000002.file.core.windows.net/"},"primaryLocation":"southcentralus","statusOfPrimary":"available"}}'
    headers:
      cache-control:
      - no-cache
      content-length:
      - '1838'
      content-type:
      - application/json
      date:
      - Thu, 06 Jul 2023 03:21:55 GMT
      expires:
      - '-1'
      pragma:
      - no-cache
      server:
      - Microsoft-Azure-Storage-Resource-Provider/1.0,Microsoft-HTTPAPI/2.0 Microsoft-HTTPAPI/2.0
      strict-transport-security:
      - max-age=31536000; includeSubDomains
      transfer-encoding:
      - chunked
      vary:
      - Accept-Encoding
      x-content-type-options:
      - nosniff
    status:
      code: 200
      message: OK
- request:
    body: '{"sku": {"name": "Standard_LRS"}, "tags": {}, "properties": {"encryption":
      {"services": {"blob": {"enabled": true, "keyType": "Account"}, "file": {"enabled":
      true, "keyType": "Account"}}, "keySource": "Microsoft.Storage"}, "supportsHttpsTrafficOnly":
      true, "networkAcls": {"bypass": "AzureServices", "virtualNetworkRules": [],
      "ipRules": [], "ipv6Rules": [], "defaultAction": "Allow"}}}'
    headers:
      Accept:
      - application/json
      Accept-Encoding:
      - gzip, deflate
      CommandName:
      - storage account update
      Connection:
      - keep-alive
      Content-Length:
      - '386'
      Content-Type:
      - application/json
      ParameterSetName:
      - -n -g --encryption-key-source
      User-Agent:
      - AZURECLI/2.50.0 (PIP) azsdk-python-azure-mgmt-storage/0.1.0 Python/3.9.6 (Windows-10-10.0.19045-SP0)
    method: PATCH
    uri: https://management.azure.com/subscriptions/00000000-0000-0000-0000-000000000000/resourceGroups/clitest.rg000001/providers/Microsoft.Storage/storageAccounts/clitest000002?api-version=2023-01-01
  response:
    body:
      string: '{"identity":{"principalId":"70b62e87-0f92-496a-85ad-2cea038fa54f","tenantId":"54826b22-38d6-4fb2-bad9-b7b93a3e9c5a","type":"SystemAssigned"},"sku":{"name":"Standard_LRS","tier":"Standard"},"kind":"Storage","id":"/subscriptions/00000000-0000-0000-0000-000000000000/resourceGroups/clitest.rg000001/providers/Microsoft.Storage/storageAccounts/clitest000002","name":"clitest000002","type":"Microsoft.Storage/storageAccounts","location":"southcentralus","tags":{},"properties":{"keyCreationTime":{"key1":"2023-07-06T03:19:09.9737213Z","key2":"2023-07-06T03:19:09.9737213Z"},"allowCrossTenantReplication":false,"privateEndpointConnections":[],"minimumTlsVersion":"TLS1_0","allowBlobPublicAccess":false,"networkAcls":{"ipv6Rules":[],"bypass":"AzureServices","virtualNetworkRules":[],"ipRules":[],"defaultAction":"Allow"},"supportsHttpsTrafficOnly":true,"encryption":{"services":{"file":{"keyType":"Account","enabled":true,"lastEnabledTime":"2023-07-06T03:19:10.3331157Z"},"blob":{"keyType":"Account","enabled":true,"lastEnabledTime":"2023-07-06T03:19:10.3331157Z"}},"keySource":"Microsoft.Storage"},"provisioningState":"Succeeded","creationTime":"2023-07-06T03:19:09.8799886Z","primaryEndpoints":{"blob":"https://clitest000002.blob.core.windows.net/","queue":"https://clitest000002.queue.core.windows.net/","table":"https://clitest000002.table.core.windows.net/","file":"https://clitest000002.file.core.windows.net/"},"primaryLocation":"southcentralus","statusOfPrimary":"available"}}'
    headers:
      cache-control:
      - no-cache
      content-length:
      - '1477'
      content-type:
      - application/json
      date:
      - Thu, 06 Jul 2023 03:21:58 GMT
      expires:
      - '-1'
      pragma:
      - no-cache
      server:
      - Microsoft-Azure-Storage-Resource-Provider/1.0,Microsoft-HTTPAPI/2.0 Microsoft-HTTPAPI/2.0
      strict-transport-security:
      - max-age=31536000; includeSubDomains
      transfer-encoding:
      - chunked
      vary:
      - Accept-Encoding
      x-content-type-options:
      - nosniff
      x-ms-ratelimit-remaining-subscription-writes:
      - '1188'
    status:
      code: 200
      message: OK
version: 1
