interactions:
- request:
    body: '{"location": "southcentralus", "tags": {"product": "azurecli", "cause":
      "automation", "date": "2019-06-10T23:07:52Z"}}'
    headers:
      Accept:
      - application/json
      Accept-Encoding:
      - gzip, deflate
      CommandName:
      - group create
      Connection:
      - keep-alive
      Content-Length:
      - '118'
      Content-Type:
      - application/json; charset=utf-8
      ParameterSetName:
      - --location --name --tag
      User-Agent:
      - python/3.6.8 (Windows-10-10.0.17763-SP0) msrest/0.6.4 msrest_azure/0.6.0 resourcemanagementclient/2.1.0
        Azure-SDK-For-Python AZURECLI/2.0.66
      accept-language:
      - en-US
    method: PUT
    uri: https://management.azure.com/subscriptions/00000000-0000-0000-0000-000000000000/resourcegroups/clitest.rg000001?api-version=2018-05-01
  response:
    body:
      string: '{"id":"/subscriptions/00000000-0000-0000-0000-000000000000/resourceGroups/clitest.rg000001","name":"clitest.rg000001","location":"southcentralus","tags":{"product":"azurecli","cause":"automation","date":"2019-06-10T23:07:52Z"},"properties":{"provisioningState":"Succeeded"}}'
    headers:
      cache-control:
      - no-cache
      content-length:
      - '392'
      content-type:
      - application/json; charset=utf-8
      date:
      - Mon, 10 Jun 2019 23:07:55 GMT
      expires:
      - '-1'
      pragma:
      - no-cache
      strict-transport-security:
      - max-age=31536000; includeSubDomains
      x-content-type-options:
      - nosniff
      x-ms-ratelimit-remaining-subscription-writes:
      - '1199'
    status:
      code: 201
      message: Created
- request:
    body: '{"sku": {"name": "Standard_LRS"}, "kind": "Storage", "location": "southcentralus"}'
    headers:
      Accept:
      - application/json
      Accept-Encoding:
      - gzip, deflate
      CommandName:
      - storage account create
      Connection:
      - keep-alive
      Content-Length:
      - '82'
      Content-Type:
      - application/json; charset=utf-8
      ParameterSetName:
      - -n -g -l --sku
      User-Agent:
      - python/3.6.8 (Windows-10-10.0.17763-SP0) msrest/0.6.4 msrest_azure/0.6.0 azure-mgmt-storage/3.3.0
        Azure-SDK-For-Python AZURECLI/2.0.66
      accept-language:
      - en-US
    method: PUT
    uri: https://management.azure.com/subscriptions/00000000-0000-0000-0000-000000000000/resourceGroups/clitest.rg000001/providers/Microsoft.Storage/storageAccounts/clitest000002?api-version=2019-04-01
  response:
    body:
      string: ''
    headers:
      cache-control:
      - no-cache
      content-length:
      - '0'
      content-type:
      - text/plain; charset=utf-8
      date:
      - Mon, 10 Jun 2019 23:07:57 GMT
      expires:
      - '-1'
      location:
      - https://management.azure.com/subscriptions/00000000-0000-0000-0000-000000000000/providers/Microsoft.Storage/locations/southcentralus/asyncoperations/02212bd5-00ab-41c2-8f4c-203fddeb20d2?monitor=true&api-version=2019-04-01
      pragma:
      - no-cache
      server:
      - Microsoft-Azure-Storage-Resource-Provider/1.0,Microsoft-HTTPAPI/2.0 Microsoft-HTTPAPI/2.0
      strict-transport-security:
      - max-age=31536000; includeSubDomains
      x-content-type-options:
      - nosniff
      x-ms-ratelimit-remaining-subscription-writes:
      - '1198'
    status:
      code: 202
      message: Accepted
- request:
    body: null
    headers:
      Accept:
      - application/json
      Accept-Encoding:
      - gzip, deflate
      CommandName:
      - storage account create
      Connection:
      - keep-alive
      ParameterSetName:
      - -n -g -l --sku
      User-Agent:
      - python/3.6.8 (Windows-10-10.0.17763-SP0) msrest/0.6.4 msrest_azure/0.6.0 azure-mgmt-storage/3.3.0
        Azure-SDK-For-Python AZURECLI/2.0.66
    method: GET
    uri: https://management.azure.com/subscriptions/00000000-0000-0000-0000-000000000000/providers/Microsoft.Storage/locations/southcentralus/asyncoperations/02212bd5-00ab-41c2-8f4c-203fddeb20d2?monitor=true&api-version=2019-04-01
  response:
    body:
      string: '{"sku":{"name":"Standard_LRS","tier":"Standard"},"kind":"Storage","id":"/subscriptions/00000000-0000-0000-0000-000000000000/resourceGroups/clitest.rg000001/providers/Microsoft.Storage/storageAccounts/clitest000002","name":"clitest000002","type":"Microsoft.Storage/storageAccounts","location":"southcentralus","tags":{},"properties":{"minimumTlsVersion":"TLS1_2","allowBlobPublicAccess":false,"networkAcls":{"bypass":"AzureServices","virtualNetworkRules":[],"ipRules":[],"defaultAction":"Allow"},"supportsHttpsTrafficOnly":true,"encryption":{"services":{"file":{"enabled":true,"lastEnabledTime":"2019-06-10T23:07:57.4572044Z"},"blob":{"enabled":true,"lastEnabledTime":"2019-06-10T23:07:57.4572044Z"}},"keySource":"Microsoft.Storage"},"provisioningState":"Succeeded","creationTime":"2019-06-10T23:07:57.3165822Z","primaryEndpoints":{"blob":"https://clitest000002.blob.core.windows.net/","queue":"https://clitest000002.queue.core.windows.net/","table":"https://clitest000002.table.core.windows.net/","file":"https://clitest000002.file.core.windows.net/"},"primaryLocation":"southcentralus","statusOfPrimary":"available"}}'
    headers:
      cache-control:
      - no-cache
      content-length:
      - '1243'
      content-type:
      - application/json
      date:
      - Mon, 10 Jun 2019 23:08:15 GMT
      expires:
      - '-1'
      pragma:
      - no-cache
      server:
      - Microsoft-Azure-Storage-Resource-Provider/1.0,Microsoft-HTTPAPI/2.0 Microsoft-HTTPAPI/2.0
      strict-transport-security:
      - max-age=31536000; includeSubDomains
      transfer-encoding:
      - chunked
      vary:
      - Accept-Encoding
      x-content-type-options:
      - nosniff
    status:
      code: 200
      message: OK
- request:
    body: null
    headers:
      Accept:
      - application/json
      Accept-Encoding:
      - gzip, deflate
      CommandName:
      - storage account keys list
      Connection:
      - keep-alive
      Content-Length:
      - '0'
      ParameterSetName:
      - -n -g --query -o
      User-Agent:
      - python/3.6.8 (Windows-10-10.0.17763-SP0) msrest/0.6.4 msrest_azure/0.6.0 azure-mgmt-storage/3.3.0
        Azure-SDK-For-Python AZURECLI/2.0.66
      accept-language:
      - en-US
    method: POST
    uri: https://management.azure.com/subscriptions/00000000-0000-0000-0000-000000000000/resourceGroups/clitest.rg000001/providers/Microsoft.Storage/storageAccounts/clitest000002/listKeys?api-version=2019-04-01
  response:
    body:
      string: '{"keys":[{"keyName":"key1","value":"veryFakedStorageAccountKey==","permissions":"FULL"},{"keyName":"key2","value":"veryFakedStorageAccountKey==","permissions":"FULL"}]}'
    headers:
      cache-control:
      - no-cache
      content-length:
      - '288'
      content-type:
      - application/json
      date:
      - Mon, 10 Jun 2019 23:08:15 GMT
      expires:
      - '-1'
      pragma:
      - no-cache
      server:
      - Microsoft-Azure-Storage-Resource-Provider/1.0,Microsoft-HTTPAPI/2.0 Microsoft-HTTPAPI/2.0
      strict-transport-security:
      - max-age=31536000; includeSubDomains
      transfer-encoding:
      - chunked
      vary:
      - Accept-Encoding
      x-content-type-options:
      - nosniff
      x-ms-ratelimit-remaining-subscription-writes:
      - '1199'
    status:
      code: 200
      message: OK
- request:
    body: null
    headers:
      Accept:
      - application/json
      Accept-Encoding:
      - gzip, deflate
      CommandName:
      - keyvault create
      Connection:
      - keep-alive
      ParameterSetName:
      - -n -g -o --query
      User-Agent:
      - python/3.6.8 (Windows-10-10.0.17763-SP0) msrest/0.6.4 msrest_azure/0.6.0 resourcemanagementclient/2.1.0
        Azure-SDK-For-Python AZURECLI/2.0.66
      accept-language:
      - en-US
    method: GET
    uri: https://management.azure.com/subscriptions/00000000-0000-0000-0000-000000000000/resourcegroups/clitest.rg000001?api-version=2018-05-01
  response:
    body:
      string: '{"id":"/subscriptions/00000000-0000-0000-0000-000000000000/resourceGroups/clitest.rg000001","name":"clitest.rg000001","location":"southcentralus","tags":{"product":"azurecli","cause":"automation","date":"2019-06-10T23:07:52Z"},"properties":{"provisioningState":"Succeeded"}}'
    headers:
      cache-control:
      - no-cache
      content-length:
      - '392'
      content-type:
      - application/json; charset=utf-8
      date:
      - Mon, 10 Jun 2019 23:08:17 GMT
      expires:
      - '-1'
      pragma:
      - no-cache
      strict-transport-security:
      - max-age=31536000; includeSubDomains
      vary:
      - Accept-Encoding
      x-content-type-options:
      - nosniff
    status:
      code: 200
      message: OK
- request:
    body: null
    headers:
      Accept:
      - application/json
      Accept-Encoding:
      - gzip, deflate
      Connection:
      - keep-alive
      User-Agent:
      - python/3.6.8 (Windows-10-10.0.17763-SP0) msrest/0.6.4 msrest_azure/0.6.0 azure-graphrbac/0.60.0
        Azure-SDK-For-Python
      accept-language:
      - en-US
    method: GET
    uri: https://graph.windows.net/00000000-0000-0000-0000-000000000000/me?api-version=1.6
  response:
    body:
      string: '{"odata.metadata":"https://graph.windows.net/00000000-0000-0000-0000-000000000000/$metadata#directoryObjects/@Element","odata.type":"Microsoft.DirectoryServices.User","objectType":"User","objectId":"4290ae1b-4f92-4dc9-81fe-fab805a38536","deletionTimestamp":null,"accountEnabled":true,"ageGroup":null,"assignedLicenses":[{"disabledPlans":["617b097b-4b93-4ede-83de-5f075bb5fb2f","4a51bca5-1eff-43f5-878c-177680f191af","efb0351d-3b08-4503-993d-383af8de41e3","5136a095-5cf0-4aff-bec3-e84448b38ea5","33c4f319-9bdd-48d6-9c4d-410b750a4a5a","8e0c0a52-6a6c-4d40-8370-dd62790dcd70","4828c8ec-dc2e-4779-b502-87ac9ce28ab7","3e26ee1f-8a5f-4d52-aee2-b81ce45c8f40"],"skuId":"c7df2760-2c81-4ef7-b578-5b5392b571df"},{"disabledPlans":["39b5c996-467e-4e60-bd62-46066f572726"],"skuId":"90d8b3f8-712e-4f7b-aa1e-62e7ae6cbe96"},{"disabledPlans":["e95bec33-7c88-4a70-8e19-b10bd9d0c014","5dbe027f-2339-4123-9542-606e4d348a72"],"skuId":"09015f9f-377f-4538-bbb5-f75ceb09358a"},{"disabledPlans":[],"skuId":"dcb1a3ae-b33f-4487-846a-a640262fadf4"},{"disabledPlans":[],"skuId":"26a18e8f-4d14-46f8-835a-ed3ba424a961"},{"disabledPlans":[],"skuId":"412ce1a7-a499-41b3-8eb6-b38f2bbc5c3f"},{"disabledPlans":[],"skuId":"c5928f49-12ba-48f7-ada3-0d743a3601d5"},{"disabledPlans":[],"skuId":"b05e124f-c7cc-45a0-a6aa-8cf78c946968"},{"disabledPlans":["0b03f40b-c404-40c3-8651-2aceb74365fa","b650d915-9886-424b-a08d-633cede56f57","e95bec33-7c88-4a70-8e19-b10bd9d0c014","5dbe027f-2339-4123-9542-606e4d348a72","fe71d6c3-a2ea-4499-9778-da042bf08063","fafd7243-e5c1-4a3a-9e40-495efcb1d3c3"],"skuId":"ea126fc5-a19e-42e2-a731-da9d437bffcf"},{"disabledPlans":[],"skuId":"488ba24a-39a9-4473-8ee5-19291e71b002"}],"assignedPlans":[{"assignedTimestamp":"2019-06-06T16:14:36Z","capabilityStatus":"Enabled","service":"SharePoint","servicePlanId":"fe71d6c3-a2ea-4499-9778-da042bf08063"},{"assignedTimestamp":"2019-06-06T16:14:36Z","capabilityStatus":"Enabled","service":"SharePoint","servicePlanId":"e95bec33-7c88-4a70-8e19-b10bd9d0c014"},{"assignedTimestamp":"2019-06-06T16:14:36Z","capabilityStatus":"Enabled","service":"SharePoint","servicePlanId":"5dbe027f-2339-4123-9542-606e4d348a72"},{"assignedTimestamp":"2019-06-06T16:14:36Z","capabilityStatus":"Enabled","service":"MicrosoftOffice","servicePlanId":"fafd7243-e5c1-4a3a-9e40-495efcb1d3c3"},{"assignedTimestamp":"2019-05-26T14:18:28Z","capabilityStatus":"Enabled","service":"DYN365AISERVICEINSIGHTS","servicePlanId":"1412cdc1-d593-4ad1-9050-40c30ad0b023"},{"assignedTimestamp":"2019-05-10T11:33:09Z","capabilityStatus":"Enabled","service":"exchange","servicePlanId":"199a5c09-e0ca-4e37-8f7c-b05d533e1ea2"},{"assignedTimestamp":"2019-04-07T16:02:46Z","capabilityStatus":"Enabled","service":"ProjectProgramsAndPortfolios","servicePlanId":"818523f5-016b-4355-9be8-ed6944946ea7"},{"assignedTimestamp":"2019-04-07T16:02:46Z","capabilityStatus":"Enabled","service":"ProcessSimple","servicePlanId":"fa200448-008c-4acb-abd4-ea106ed2199d"},{"assignedTimestamp":"2019-04-07T16:02:46Z","capabilityStatus":"Enabled","service":"CRM","servicePlanId":"50554c47-71d9-49fd-bc54-42a2765c555c"},{"assignedTimestamp":"2019-03-05T18:50:41Z","capabilityStatus":"Enabled","service":"ProcessSimple","servicePlanId":"50e68c76-46c6-4674-81f9-75456511b170"},{"assignedTimestamp":"2019-03-05T18:50:41Z","capabilityStatus":"Enabled","service":"ProcessSimple","servicePlanId":"d20bfa21-e9ae-43fc-93c2-20783f0840c3"},{"assignedTimestamp":"2019-03-05T18:50:41Z","capabilityStatus":"Enabled","service":"PowerAppsService","servicePlanId":"d5368ca3-357e-4acb-9c21-8495fb025d1f"},{"assignedTimestamp":"2019-03-05T18:50:41Z","capabilityStatus":"Enabled","service":"CRM","servicePlanId":"17ab22cd-a0b3-4536-910a-cb6eb12696c0"},{"assignedTimestamp":"2019-02-28T07:24:01Z","capabilityStatus":"Enabled","service":"exchange","servicePlanId":"9f431833-0334-42de-a7dc-70aa40db46db"},{"assignedTimestamp":"2019-02-28T07:24:01Z","capabilityStatus":"Enabled","service":"exchange","servicePlanId":"efb87545-963c-4e0d-99df-69c6916d9eb0"},{"assignedTimestamp":"2019-02-28T07:24:01Z","capabilityStatus":"Enabled","service":"exchange","servicePlanId":"34c0d7a0-a70f-4668-9238-47f9fc208882"},{"assignedTimestamp":"2019-02-27T17:03:32Z","capabilityStatus":"Enabled","service":"MicrosoftCommunicationsOnline","servicePlanId":"018fb91e-cee3-418c-9063-d7562978bdaf"},{"assignedTimestamp":"2019-02-27T17:03:31Z","capabilityStatus":"Enabled","service":"MicrosoftCommunicationsOnline","servicePlanId":"ca4be917-fbce-4b52-839e-6647467a1668"},{"assignedTimestamp":"2019-02-27T13:19:46Z","capabilityStatus":"Enabled","service":"MicrosoftCommunicationsOnline","servicePlanId":"0feaeb32-d00e-4d66-bd5a-43b5b83db82c"},{"assignedTimestamp":"2019-02-27T13:19:46Z","capabilityStatus":"Enabled","service":"ProcessSimple","servicePlanId":"07699545-9485-468e-95b6-2fca3738be01"},{"assignedTimestamp":"2019-02-27T13:19:46Z","capabilityStatus":"Enabled","service":"Adallom","servicePlanId":"8c098270-9dd4-4350-9b30-ba4703f3b36b"},{"assignedTimestamp":"2019-02-27T13:19:46Z","capabilityStatus":"Enabled","service":"exchange","servicePlanId":"b1188c4c-1b36-4018-b48b-ee07604f6feb"},{"assignedTimestamp":"2019-02-27T13:19:46Z","capabilityStatus":"Enabled","service":"MicrosoftStream","servicePlanId":"6c6042f5-6f01-4d67-b8c1-eb99d36eed3e"},{"assignedTimestamp":"2019-02-27T13:19:46Z","capabilityStatus":"Enabled","service":"AADPremiumService","servicePlanId":"41781fb2-bc02-4b7c-bd55-b576c07bb09d"},{"assignedTimestamp":"2019-02-27T13:19:46Z","capabilityStatus":"Enabled","service":"Sway","servicePlanId":"a23b959c-7ce8-4e57-9140-b90eb88a9e97"},{"assignedTimestamp":"2019-02-27T13:19:46Z","capabilityStatus":"Enabled","service":"PowerBI","servicePlanId":"70d33638-9c74-4d01-bfd3-562de28bd4ba"},{"assignedTimestamp":"2019-02-27T13:19:46Z","capabilityStatus":"Enabled","service":"ProjectWorkManagement","servicePlanId":"b737dad2-2f6c-4c65-90e3-ca563267e8b9"},{"assignedTimestamp":"2019-02-27T13:19:46Z","capabilityStatus":"Enabled","service":"RMSOnline","servicePlanId":"bea4c11e-220a-4e6d-8eb8-8ea15d019f90"},{"assignedTimestamp":"2019-02-27T13:19:46Z","capabilityStatus":"Enabled","service":"AADPremiumService","servicePlanId":"eec0eb4f-6444-4f95-aba0-50c24d67f998"},{"assignedTimestamp":"2019-02-27T13:19:46Z","capabilityStatus":"Enabled","service":"OfficeForms","servicePlanId":"e212cbc7-0961-4c40-9825-01117710dcb1"},{"assignedTimestamp":"2019-02-27T13:19:46Z","capabilityStatus":"Enabled","service":"exchange","servicePlanId":"4de31727-a228-4ec3-a5bf-8e45b5ca48cc"},{"assignedTimestamp":"2019-02-27T13:19:46Z","capabilityStatus":"Enabled","service":"SCO","servicePlanId":"c1ec4a95-1f05-45b3-a911-aa3fa01094f5"},{"assignedTimestamp":"2019-02-27T13:19:46Z","capabilityStatus":"Enabled","service":"SharePoint","servicePlanId":"2bdbaf8f-738f-4ac7-9234-3c3ee2ce7d0f"},{"assignedTimestamp":"2019-02-27T13:19:46Z","capabilityStatus":"Enabled","service":"MicrosoftOffice","servicePlanId":"663a804f-1c30-4ff0-9915-9db84f0d1cea"},{"assignedTimestamp":"2019-02-27T13:19:46Z","capabilityStatus":"Enabled","service":"TeamspaceAPI","servicePlanId":"57ff2da0-773e-42df-b2af-ffb7a2317929"},{"assignedTimestamp":"2019-02-27T13:19:46Z","capabilityStatus":"Enabled","service":"AzureAdvancedThreatAnalytics","servicePlanId":"14ab5db5-e6c4-4b20-b4bc-13e36fd2227f"},{"assignedTimestamp":"2019-02-27T13:19:46Z","capabilityStatus":"Enabled","service":"PowerAppsService","servicePlanId":"9c0dab89-a30c-4117-86e7-97bda240acd2"},{"assignedTimestamp":"2019-02-27T13:19:46Z","capabilityStatus":"Enabled","service":"SharePoint","servicePlanId":"da792a53-cbc0-4184-a10d-e544dd34b3c1"},{"assignedTimestamp":"2019-02-27T13:19:46Z","capabilityStatus":"Enabled","service":"Deskless","servicePlanId":"8c7d2df8-86f0-4902-b2ed-a0458298f3b3"},{"assignedTimestamp":"2019-02-27T13:19:46Z","capabilityStatus":"Enabled","service":"RMSOnline","servicePlanId":"6c57d4b6-3b23-47a5-9bc9-69f17b4947b3"},{"assignedTimestamp":"2019-02-27T13:19:46Z","capabilityStatus":"Enabled","service":"MultiFactorService","servicePlanId":"8a256a2b-b617-496d-b51b-e76466e88db0"},{"assignedTimestamp":"2019-02-27T13:19:46Z","capabilityStatus":"Enabled","service":"To-Do","servicePlanId":"3fb82609-8c27-4f7b-bd51-30634711ee67"},{"assignedTimestamp":"2019-02-27T13:19:46Z","capabilityStatus":"Enabled","service":"RMSOnline","servicePlanId":"5689bec4-755d-4753-8b61-40975025187c"},{"assignedTimestamp":"2019-02-27T13:19:46Z","capabilityStatus":"Enabled","service":"YammerEnterprise","servicePlanId":"7547a3fe-08ee-4ccb-b430-5077c5041653"},{"assignedTimestamp":"2019-02-27T13:19:46Z","capabilityStatus":"Enabled","service":"MicrosoftOffice","servicePlanId":"43de0ff5-c92c-492b-9116-175376d08c38"},{"assignedTimestamp":"2019-02-27T13:19:46Z","capabilityStatus":"Enabled","service":"Adallom","servicePlanId":"2e2ddb96-6af9-4b1d-a3f0-d6ecfd22edb2"},{"assignedTimestamp":"2019-02-25T16:30:12Z","capabilityStatus":"Enabled","service":"Netbreeze","servicePlanId":"03acaee3-9492-4f40-aed4-bcb6b32981b6"},{"assignedTimestamp":"2019-02-25T16:30:12Z","capabilityStatus":"Enabled","service":"CRM","servicePlanId":"d56f3deb-50d8-465a-bedb-f079817ccac1"},{"assignedTimestamp":"2019-02-25T16:29:42Z","capabilityStatus":"Enabled","service":"WindowsDefenderATP","servicePlanId":"871d91ec-ec1a-452b-a83f-bd76c7d770ef"},{"assignedTimestamp":"2019-02-25T16:29:42Z","capabilityStatus":"Enabled","service":"Windows","servicePlanId":"e7c91390-7625-45be-94e0-e16907e03118"}],"city":"REDMOND","companyName":"MICROSOFT","consentProvidedForMinor":null,"country":null,"createdDateTime":"2019-02-25T11:04:14Z","creationType":null,"department":"Azure
        and Web","dirSyncEnabled":true,"displayName":"Limin Gu","employeeId":null,"facsimileTelephoneNumber":null,"givenName":"Limin","immutableId":"307661","isCompromised":null,"jobTitle":"SENIOR
        SOFTWARE ENGINEER","lastDirSyncTime":"2019-03-12T04:54:04Z","legalAgeGroupClassification":null,"mail":"Limin.Gu@microsoft.com","mailNickname":"limgu","mobile":null,"onPremisesDistinguishedName":"CN=Limin
        Gu,OU=UserAccounts,DC=redmond,DC=corp,DC=microsoft,DC=com","onPremisesSecurityIdentifier":"S-1-5-21-2127521184-1604012920-1887927527-34547544","otherMails":[],"passwordPolicies":"DisablePasswordExpiration","passwordProfile":null,"physicalDeliveryOfficeName":"18/3200FL","postalCode":null,"preferredLanguage":null,"provisionedPlans":[{"capabilityStatus":"Enabled","provisioningStatus":"Success","service":"SharePoint"},{"capabilityStatus":"Enabled","provisioningStatus":"Success","service":"SharePoint"},{"capabilityStatus":"Enabled","provisioningStatus":"Success","service":"SharePoint"},{"capabilityStatus":"Enabled","provisioningStatus":"Success","service":"exchange"},{"capabilityStatus":"Enabled","provisioningStatus":"Success","service":"CRM"},{"capabilityStatus":"Enabled","provisioningStatus":"Success","service":"CRM"},{"capabilityStatus":"Enabled","provisioningStatus":"Success","service":"exchange"},{"capabilityStatus":"Enabled","provisioningStatus":"Success","service":"exchange"},{"capabilityStatus":"Enabled","provisioningStatus":"Success","service":"exchange"},{"capabilityStatus":"Enabled","provisioningStatus":"Success","service":"MicrosoftCommunicationsOnline"},{"capabilityStatus":"Enabled","provisioningStatus":"Success","service":"MicrosoftCommunicationsOnline"},{"capabilityStatus":"Enabled","provisioningStatus":"Success","service":"MicrosoftCommunicationsOnline"},{"capabilityStatus":"Enabled","provisioningStatus":"Success","service":"exchange"},{"capabilityStatus":"Enabled","provisioningStatus":"Success","service":"exchange"},{"capabilityStatus":"Enabled","provisioningStatus":"Success","service":"SharePoint"},{"capabilityStatus":"Enabled","provisioningStatus":"Success","service":"SharePoint"},{"capabilityStatus":"Enabled","provisioningStatus":"Success","service":"Netbreeze"},{"capabilityStatus":"Enabled","provisioningStatus":"Success","service":"CRM"}],"provisioningErrors":[],"proxyAddresses":["x500:/o=ExchangeLabs/ou=Exchange
        Administrative Group (FYDIBOHF23SPDLT)/cn=Recipients/cn=7f932d8314da42a29556be22b176ef7a-Limin
        Gu","X500:/o=microsoft/ou=Exchange Administrative Group (FYDIBOHF23SPDLT)/cn=Recipients/cn=a62a62a3c1a04684818f947cb91185c3-Limin
        Gu-1","X500:/o=microsoft/ou=Exchange Administrative Group (FYDIBOHF23SPDLT)/cn=Recipients/cn=50bb232c123448d39806bc226a4b78f2-Limin
        Gu","smtp:limgu@microsoft.onmicrosoft.com","smtp:limgu@service.microsoft.com","smtp:limgu@microsoft.com","SMTP:Limin.Gu@microsoft.com"],"refreshTokensValidFromDateTime":"2019-03-04T21:30:38Z","showInAddressList":null,"signInNames":[],"sipProxyAddress":"limgu@microsoft.com","state":null,"streetAddress":null,"surname":"Gu","telephoneNumber":"+1
        (425) 4214240","thumbnailPhoto@odata.mediaEditLink":"directoryObjects/4290ae1b-4f92-4dc9-81fe-fab805a38536/Microsoft.DirectoryServices.User/thumbnailPhoto","usageLocation":"US","userIdentities":[],"userPrincipalName":"limgu@microsoft.com","userState":null,"userStateChangedOn":null,"userType":"Member","extension_18e31482d3fb4a8ea958aa96b662f508_ReportsToPersonnelNbr":"138058","extension_18e31482d3fb4a8ea958aa96b662f508_ReportsToFullName":"Wang,
        Yugang","extension_18e31482d3fb4a8ea958aa96b662f508_ReportsToEmailName":"YUGANGW","extension_18e31482d3fb4a8ea958aa96b662f508_ProfitCenterCode":"P10040929","extension_18e31482d3fb4a8ea958aa96b662f508_PositionNumber":"91803823","extension_18e31482d3fb4a8ea958aa96b662f508_CostCenterCode":"10040929","extension_18e31482d3fb4a8ea958aa96b662f508_BuildingName":"18","extension_18e31482d3fb4a8ea958aa96b662f508_BuildingID":"17","extension_18e31482d3fb4a8ea958aa96b662f508_ZipCode":"98052","extension_18e31482d3fb4a8ea958aa96b662f508_SupervisorInd":"N","extension_18e31482d3fb4a8ea958aa96b662f508_StateProvinceCode":"WA","extension_18e31482d3fb4a8ea958aa96b662f508_LocationAreaCode":"US","extension_18e31482d3fb4a8ea958aa96b662f508_CountryShortCode":"US","extension_18e31482d3fb4a8ea958aa96b662f508_CompanyCode":"1010","extension_18e31482d3fb4a8ea958aa96b662f508_CityName":"REDMOND","extension_18e31482d3fb4a8ea958aa96b662f508_AddressLine1":"1
        Microsoft Way","extension_18e31482d3fb4a8ea958aa96b662f508_PersonnelNumber":"307661"}'
    headers:
      access-control-allow-origin:
      - '*'
      cache-control:
      - no-cache
      content-length:
      - '14107'
      content-type:
      - application/json; odata=minimalmetadata; streaming=true; charset=utf-8
      dataserviceversion:
      - 3.0;
      date:
      - Mon, 10 Jun 2019 23:08:18 GMT
      duration:
      - '1123897'
      expires:
      - '-1'
      ocp-aad-diagnostics-server-name:
      - IdrrKLKQnFuJgNhhiCiMzXayMOWQynJhHLog8HXXGCE=
      ocp-aad-session-key:
      - fMlKIlVXfL7XZke-75ish_npkw15gKywuTx3mWNSl2kDn9vlPaLp3vxgqjFT89OnNG8dasJ_ctAnvKvjF108GtHXSzgiexeDkzHP8yy9dPketqF6iB46ij12jRJ9ZYxg.I1QYGbt7Awpo4S_lx1F9ofiWmpk4AROpQf9BFZd77Wo
      pragma:
      - no-cache
      request-id:
      - a822c8f3-1956-41da-88a1-e664ae00a671
      strict-transport-security:
      - max-age=31536000; includeSubDomains
      x-aspnet-version:
      - 4.0.30319
      x-ms-dirapi-data-contract-version:
      - '1.6'
      x-powered-by:
      - ASP.NET
    status:
      code: 200
      message: OK
- request:
    body: '{"location": "southcentralus", "properties": {"tenantId": "72f988bf-86f1-41af-91ab-2d7cd011db47",
      "sku": {"family": "A", "name": "standard"}, "accessPolicies": [{"tenantId":
      "72f988bf-86f1-41af-91ab-2d7cd011db47", "objectId": "4290ae1b-4f92-4dc9-81fe-fab805a38536",
      "permissions": {"keys": ["get", "create", "delete", "list", "update", "import",
      "backup", "restore", "recover"], "secrets": ["get", "list", "set", "delete",
      "backup", "restore", "recover"], "certificates": ["get", "list", "delete", "create",
      "import", "update", "managecontacts", "getissuers", "listissuers", "setissuers",
      "deleteissuers", "manageissuers", "recover"], "storage": ["get", "list", "delete",
      "set", "update", "regeneratekey", "setsas", "listsas", "getsas", "deletesas"]}}]}}'
    headers:
      Accept:
      - application/json
      Accept-Encoding:
      - gzip, deflate
      CommandName:
      - keyvault create
      Connection:
      - keep-alive
      Content-Length:
      - '754'
      Content-Type:
      - application/json; charset=utf-8
      ParameterSetName:
      - -n -g -o --query
      User-Agent:
      - python/3.6.8 (Windows-10-10.0.17763-SP0) msrest/0.6.4 msrest_azure/0.6.0 azure-mgmt-keyvault/1.1.0
        Azure-SDK-For-Python AZURECLI/2.0.66
      accept-language:
      - en-US
    method: PUT
    uri: https://management.azure.com/subscriptions/00000000-0000-0000-0000-000000000000/resourceGroups/clitest.rg000001/providers/Microsoft.KeyVault/vaults/clitest000003?api-version=2018-02-14
  response:
    body:
      string: '{"id":"/subscriptions/00000000-0000-0000-0000-000000000000/resourceGroups/clitest.rg000001/providers/Microsoft.KeyVault/vaults/clitest000003","name":"clitest000003","type":"Microsoft.KeyVault/vaults","location":"southcentralus","tags":{},"properties":{"sku":{"family":"A","name":"standard"},"tenantId":"72f988bf-86f1-41af-91ab-2d7cd011db47","accessPolicies":[{"tenantId":"72f988bf-86f1-41af-91ab-2d7cd011db47","objectId":"4290ae1b-4f92-4dc9-81fe-fab805a38536","permissions":{"keys":["get","create","delete","list","update","import","backup","restore","recover"],"secrets":["get","list","set","delete","backup","restore","recover"],"certificates":["get","list","delete","create","import","update","managecontacts","getissuers","listissuers","setissuers","deleteissuers","manageissuers","recover"],"storage":["get","list","delete","set","update","regeneratekey","setsas","listsas","getsas","deletesas"]}}],"enabledForDeployment":false,"vaultUri":"https://clitest000003.vault.azure.net","provisioningState":"RegisteringDns"}}'
    headers:
      cache-control:
      - no-cache
      content-length:
      - '1114'
      content-type:
      - application/json; charset=utf-8
      date:
      - Mon, 10 Jun 2019 23:08:21 GMT
      expires:
      - '-1'
      pragma:
      - no-cache
      server:
      - Microsoft-IIS/10.0
      strict-transport-security:
      - max-age=31536000; includeSubDomains
      transfer-encoding:
      - chunked
      vary:
      - Accept-Encoding
      x-aspnet-version:
      - 4.0.30319
      x-content-type-options:
      - nosniff
      x-ms-keyvault-service-version:
      - 1.1.0.245
      x-ms-ratelimit-remaining-subscription-writes:
      - '1197'
      x-powered-by:
      - ASP.NET
    status:
      code: 200
      message: OK
- request:
    body: null
    headers:
      Accept:
      - application/json
      Accept-Encoding:
      - gzip, deflate
      CommandName:
      - keyvault create
      Connection:
      - keep-alive
      ParameterSetName:
      - -n -g -o --query
      User-Agent:
      - python/3.6.8 (Windows-10-10.0.17763-SP0) msrest/0.6.4 msrest_azure/0.6.0 azure-mgmt-keyvault/1.1.0
        Azure-SDK-For-Python AZURECLI/2.0.66
    method: GET
    uri: https://management.azure.com/subscriptions/00000000-0000-0000-0000-000000000000/resourceGroups/clitest.rg000001/providers/Microsoft.KeyVault/vaults/clitest000003?api-version=2018-02-14
  response:
    body:
      string: '{"id":"/subscriptions/00000000-0000-0000-0000-000000000000/resourceGroups/clitest.rg000001/providers/Microsoft.KeyVault/vaults/clitest000003","name":"clitest000003","type":"Microsoft.KeyVault/vaults","location":"southcentralus","tags":{},"properties":{"sku":{"family":"A","name":"standard"},"tenantId":"72f988bf-86f1-41af-91ab-2d7cd011db47","accessPolicies":[{"tenantId":"72f988bf-86f1-41af-91ab-2d7cd011db47","objectId":"4290ae1b-4f92-4dc9-81fe-fab805a38536","permissions":{"keys":["get","create","delete","list","update","import","backup","restore","recover"],"secrets":["get","list","set","delete","backup","restore","recover"],"certificates":["get","list","delete","create","import","update","managecontacts","getissuers","listissuers","setissuers","deleteissuers","manageissuers","recover"],"storage":["get","list","delete","set","update","regeneratekey","setsas","listsas","getsas","deletesas"]}}],"enabledForDeployment":false,"vaultUri":"https://clitest000003.vault.azure.net/","provisioningState":"Succeeded"}}'
    headers:
      cache-control:
      - no-cache
      content-length:
      - '1110'
      content-type:
      - application/json; charset=utf-8
      date:
      - Mon, 10 Jun 2019 23:08:51 GMT
      expires:
      - '-1'
      pragma:
      - no-cache
      server:
      - Microsoft-IIS/10.0
      strict-transport-security:
      - max-age=31536000; includeSubDomains
      transfer-encoding:
      - chunked
      vary:
      - Accept-Encoding
      x-aspnet-version:
      - 4.0.30319
      x-content-type-options:
      - nosniff
      x-ms-keyvault-service-version:
      - 1.1.0.245
      x-powered-by:
      - ASP.NET
    status:
      code: 200
      message: OK
- request:
    body: null
    headers:
      Accept:
      - application/json
      Accept-Encoding:
      - gzip, deflate
      CommandName:
      - keyvault show
      Connection:
      - keep-alive
      Content-Type:
      - application/json; charset=utf-8
      ParameterSetName:
      - -n -g -o --query
      User-Agent:
      - python/3.6.8 (Windows-10-10.0.17763-SP0) msrest/0.6.4 msrest_azure/0.6.0 azure-mgmt-keyvault/1.1.0
        Azure-SDK-For-Python AZURECLI/2.0.66
      accept-language:
      - en-US
    method: GET
    uri: https://management.azure.com/subscriptions/00000000-0000-0000-0000-000000000000/resourceGroups/clitest.rg000001/providers/Microsoft.KeyVault/vaults/clitest000003?api-version=2018-02-14
  response:
    body:
      string: '{"id":"/subscriptions/00000000-0000-0000-0000-000000000000/resourceGroups/clitest.rg000001/providers/Microsoft.KeyVault/vaults/clitest000003","name":"clitest000003","type":"Microsoft.KeyVault/vaults","location":"southcentralus","tags":{},"properties":{"sku":{"family":"A","name":"standard"},"tenantId":"72f988bf-86f1-41af-91ab-2d7cd011db47","accessPolicies":[{"tenantId":"72f988bf-86f1-41af-91ab-2d7cd011db47","objectId":"4290ae1b-4f92-4dc9-81fe-fab805a38536","permissions":{"keys":["get","create","delete","list","update","import","backup","restore","recover"],"secrets":["get","list","set","delete","backup","restore","recover"],"certificates":["get","list","delete","create","import","update","managecontacts","getissuers","listissuers","setissuers","deleteissuers","manageissuers","recover"],"storage":["get","list","delete","set","update","regeneratekey","setsas","listsas","getsas","deletesas"]}}],"enabledForDeployment":false,"vaultUri":"https://clitest000003.vault.azure.net/","provisioningState":"Succeeded"}}'
    headers:
      cache-control:
      - no-cache
      content-length:
      - '1110'
      content-type:
      - application/json; charset=utf-8
      date:
      - Mon, 10 Jun 2019 23:08:52 GMT
      expires:
      - '-1'
      pragma:
      - no-cache
      server:
      - Microsoft-IIS/10.0
      strict-transport-security:
      - max-age=31536000; includeSubDomains
      transfer-encoding:
      - chunked
      vary:
      - Accept-Encoding
      x-aspnet-version:
      - 4.0.30319
      x-content-type-options:
      - nosniff
      x-ms-keyvault-service-version:
      - 1.1.0.245
      x-powered-by:
      - ASP.NET
    status:
      code: 200
      message: OK
- request:
    body: ''
    headers:
      Accept:
      - application/json
      Accept-Encoding:
      - gzip, deflate
      Connection:
      - keep-alive
      Content-Length:
      - 0
      Content-Type:
      - application/json; charset=utf-8
      User-Agent:
      - python/3.6.8 (Windows-10-10.0.17763-SP0) msrest/0.6.4 msrest_azure/0.6.0 azure-keyvault/7.0
        Azure-SDK-For-Python
      accept-language:
      - en-US
    method: POST
    uri: https://clitest000003.vault.azure.net/keys/testkey/create?api-version=7.0
  response:
    body:
      string: ''
    headers:
      cache-control:
      - no-cache
      content-length:
      - '0'
      date:
      - Mon, 10 Jun 2019 23:08:52 GMT
      expires:
      - '-1'
      pragma:
      - no-cache
      server:
      - Microsoft-IIS/10.0
      strict-transport-security:
      - max-age=31536000;includeSubDomains
      www-authenticate:
      - Bearer authorization="https://login.windows.net/72f988bf-86f1-41af-91ab-2d7cd011db47",
        resource="https://vault.azure.net"
      x-aspnet-version:
      - 4.0.30319
      x-content-type-options:
      - nosniff
      x-ms-keyvault-network-info:
      - addr=167.220.2.207;act_addr_fam=InterNetwork;
      x-ms-keyvault-region:
      - southcentralus
      x-ms-keyvault-service-version:
      - 1.1.0.866
      x-powered-by:
      - ASP.NET
    status:
      code: 401
      message: Unauthorized
- request:
    body: '{"kty": "RSA", "attributes": {"enabled": true}}'
    headers:
      Accept:
      - application/json
      Accept-Encoding:
      - gzip, deflate
      Connection:
      - keep-alive
      Content-Length:
      - '47'
      Content-Type:
      - application/json; charset=utf-8
      User-Agent:
      - python/3.6.8 (Windows-10-10.0.17763-SP0) msrest/0.6.4 msrest_azure/0.6.0 azure-keyvault/7.0
        Azure-SDK-For-Python
      accept-language:
      - en-US
    method: POST
    uri: https://clitest000003.vault.azure.net/keys/testkey/create?api-version=7.0
  response:
    body:
      string: '{"key":{"kid":"https://clitest000003.vault.azure.net/keys/testkey/de15cce098824f0b81969f4b6396a73f","kty":"RSA","key_ops":["encrypt","decrypt","sign","verify","wrapKey","unwrapKey"],"n":"1u7UwjFiob0fYqauFBU-O7m_ePmmF56ThtUGeWfuCoG7w5433Co9890eIS0jHT8hZfN6AKgIjX8Usg4bH0zzrIiZKMp87X9ndeCN_HEc-poSZ5I16JWNLQhEuErf88UjgF70gTTzVj-9qf_MzX-v2_rkUMqU6PgogHBZ7VdFc9FFstraL4npMrCQT8OsvValACH9JtfesxxMUjruo6705EQCkt_IEYe1x70MVaN028UnzW9-ZdnrJxu0p-59x7cq2kE6GtA4AZ7XmyKHjN8yrtuAamVCvmLi7EwdbYk3R7H3ej_FFQCRpUp-ZOICIbTjKrbIjRLKxDWWEWBaT95vJQ","e":"AQAB"},"attributes":{"enabled":true,"created":1560208134,"updated":1560208134,"recoveryLevel":"Purgeable"}}'
    headers:
      cache-control:
      - no-cache
      content-length:
      - '654'
      content-type:
      - application/json; charset=utf-8
      date:
      - Mon, 10 Jun 2019 23:08:53 GMT
      expires:
      - '-1'
      pragma:
      - no-cache
      server:
      - Microsoft-IIS/10.0
      strict-transport-security:
      - max-age=31536000;includeSubDomains
      x-aspnet-version:
      - 4.0.30319
      x-content-type-options:
      - nosniff
      x-ms-keyvault-network-info:
      - addr=167.220.2.207;act_addr_fam=InterNetwork;
      x-ms-keyvault-region:
      - southcentralus
      x-ms-keyvault-service-version:
      - 1.1.0.866
      x-powered-by:
      - ASP.NET
    status:
      code: 200
      message: OK
- request:
    body: null
    headers:
      Accept:
      - application/json
      Accept-Encoding:
      - gzip, deflate
      CommandName:
      - storage account update
      Connection:
      - keep-alive
      ParameterSetName:
      - -n -g --assign-identity -o --query
      User-Agent:
      - python/3.6.8 (Windows-10-10.0.17763-SP0) msrest/0.6.4 msrest_azure/0.6.0 azure-mgmt-storage/3.3.0
        Azure-SDK-For-Python AZURECLI/2.0.66
      accept-language:
      - en-US
    method: GET
    uri: https://management.azure.com/subscriptions/00000000-0000-0000-0000-000000000000/resourceGroups/clitest.rg000001/providers/Microsoft.Storage/storageAccounts/clitest000002?api-version=2019-04-01
  response:
    body:
      string: '{"sku":{"name":"Standard_LRS","tier":"Standard"},"kind":"Storage","id":"/subscriptions/00000000-0000-0000-0000-000000000000/resourceGroups/clitest.rg000001/providers/Microsoft.Storage/storageAccounts/clitest000002","name":"clitest000002","type":"Microsoft.Storage/storageAccounts","location":"southcentralus","tags":{},"properties":{"minimumTlsVersion":"TLS1_2","allowBlobPublicAccess":false,"networkAcls":{"bypass":"AzureServices","virtualNetworkRules":[],"ipRules":[],"defaultAction":"Allow"},"supportsHttpsTrafficOnly":true,"encryption":{"services":{"file":{"enabled":true,"lastEnabledTime":"2019-06-10T23:07:57.4572044Z"},"blob":{"enabled":true,"lastEnabledTime":"2019-06-10T23:07:57.4572044Z"}},"keySource":"Microsoft.Storage"},"provisioningState":"Succeeded","creationTime":"2019-06-10T23:07:57.3165822Z","primaryEndpoints":{"blob":"https://clitest000002.blob.core.windows.net/","queue":"https://clitest000002.queue.core.windows.net/","table":"https://clitest000002.table.core.windows.net/","file":"https://clitest000002.file.core.windows.net/"},"primaryLocation":"southcentralus","statusOfPrimary":"available"}}'
    headers:
      cache-control:
      - no-cache
      content-length:
      - '1243'
      content-type:
      - application/json
      date:
      - Mon, 10 Jun 2019 23:08:55 GMT
      expires:
      - '-1'
      pragma:
      - no-cache
      server:
      - Microsoft-Azure-Storage-Resource-Provider/1.0,Microsoft-HTTPAPI/2.0 Microsoft-HTTPAPI/2.0
      strict-transport-security:
      - max-age=31536000; includeSubDomains
      transfer-encoding:
      - chunked
      vary:
      - Accept-Encoding
      x-content-type-options:
      - nosniff
    status:
      code: 200
      message: OK
- request:
    body: '{"sku": {"name": "Standard_LRS"}, "tags": {}, "identity": {"type": "SystemAssigned"},
      "properties": {"encryption": {"services": {"blob": {"enabled": true}, "file":
      {"enabled": true}}, "keySource": "Microsoft.Storage"}, "supportsHttpsTrafficOnly":
      true, "networkAcls": {"bypass": "AzureServices", "virtualNetworkRules": [],
      "ipRules": [], "defaultAction": "Allow"}}}'
    headers:
      Accept:
      - application/json
      Accept-Encoding:
      - gzip, deflate
      CommandName:
      - storage account update
      Connection:
      - keep-alive
      Content-Length:
      - '365'
      Content-Type:
      - application/json; charset=utf-8
      ParameterSetName:
      - -n -g --assign-identity -o --query
      User-Agent:
      - python/3.6.8 (Windows-10-10.0.17763-SP0) msrest/0.6.4 msrest_azure/0.6.0 azure-mgmt-storage/3.3.0
        Azure-SDK-For-Python AZURECLI/2.0.66
      accept-language:
      - en-US
    method: PATCH
    uri: https://management.azure.com/subscriptions/00000000-0000-0000-0000-000000000000/resourceGroups/clitest.rg000001/providers/Microsoft.Storage/storageAccounts/clitest000002?api-version=2019-04-01
  response:
    body:
      string: '{"identity":{"principalId":"e627684f-1997-4978-a1d5-4803ad60dab3","tenantId":"72f988bf-86f1-41af-91ab-2d7cd011db47","type":"SystemAssigned"},"sku":{"name":"Standard_LRS","tier":"Standard"},"kind":"Storage","id":"/subscriptions/00000000-0000-0000-0000-000000000000/resourceGroups/clitest.rg000001/providers/Microsoft.Storage/storageAccounts/clitest000002","name":"clitest000002","type":"Microsoft.Storage/storageAccounts","location":"southcentralus","tags":{},"properties":{"minimumTlsVersion":"TLS1_2","allowBlobPublicAccess":false,"networkAcls":{"bypass":"AzureServices","virtualNetworkRules":[],"ipRules":[],"defaultAction":"Allow"},"supportsHttpsTrafficOnly":true,"encryption":{"services":{"file":{"enabled":true,"lastEnabledTime":"2019-06-10T23:07:57.4572044Z"},"blob":{"enabled":true,"lastEnabledTime":"2019-06-10T23:07:57.4572044Z"}},"keySource":"Microsoft.Storage"},"provisioningState":"Succeeded","creationTime":"2019-06-10T23:07:57.3165822Z","primaryEndpoints":{"blob":"https://clitest000002.blob.core.windows.net/","queue":"https://clitest000002.queue.core.windows.net/","table":"https://clitest000002.table.core.windows.net/","file":"https://clitest000002.file.core.windows.net/"},"primaryLocation":"southcentralus","statusOfPrimary":"available"}}'
    headers:
      cache-control:
      - no-cache
      content-length:
      - '1383'
      content-type:
      - application/json
      date:
      - Mon, 10 Jun 2019 23:08:57 GMT
      expires:
      - '-1'
      pragma:
      - no-cache
      server:
      - Microsoft-Azure-Storage-Resource-Provider/1.0,Microsoft-HTTPAPI/2.0 Microsoft-HTTPAPI/2.0
      strict-transport-security:
      - max-age=31536000; includeSubDomains
      transfer-encoding:
      - chunked
      vary:
      - Accept-Encoding
      x-content-type-options:
      - nosniff
      x-ms-ratelimit-remaining-subscription-writes:
      - '1199'
    status:
      code: 200
      message: OK
- request:
    body: null
    headers:
      Accept:
      - application/json
      Accept-Encoding:
      - gzip, deflate
      CommandName:
      - keyvault set-policy
      Connection:
      - keep-alive
      Content-Type:
      - application/json; charset=utf-8
      ParameterSetName:
      - -n --object-id -g --key-permissions
      User-Agent:
      - python/3.6.8 (Windows-10-10.0.17763-SP0) msrest/0.6.4 msrest_azure/0.6.0 azure-mgmt-keyvault/1.1.0
        Azure-SDK-For-Python AZURECLI/2.0.66
      accept-language:
      - en-US
    method: GET
    uri: https://management.azure.com/subscriptions/00000000-0000-0000-0000-000000000000/resourceGroups/clitest.rg000001/providers/Microsoft.KeyVault/vaults/clitest000003?api-version=2018-02-14
  response:
    body:
      string: '{"id":"/subscriptions/00000000-0000-0000-0000-000000000000/resourceGroups/clitest.rg000001/providers/Microsoft.KeyVault/vaults/clitest000003","name":"clitest000003","type":"Microsoft.KeyVault/vaults","location":"southcentralus","tags":{},"properties":{"sku":{"family":"A","name":"standard"},"tenantId":"72f988bf-86f1-41af-91ab-2d7cd011db47","accessPolicies":[{"tenantId":"72f988bf-86f1-41af-91ab-2d7cd011db47","objectId":"4290ae1b-4f92-4dc9-81fe-fab805a38536","permissions":{"keys":["get","create","delete","list","update","import","backup","restore","recover"],"secrets":["get","list","set","delete","backup","restore","recover"],"certificates":["get","list","delete","create","import","update","managecontacts","getissuers","listissuers","setissuers","deleteissuers","manageissuers","recover"],"storage":["get","list","delete","set","update","regeneratekey","setsas","listsas","getsas","deletesas"]}}],"enabledForDeployment":false,"vaultUri":"https://clitest000003.vault.azure.net/","provisioningState":"Succeeded"}}'
    headers:
      cache-control:
      - no-cache
      content-length:
      - '1110'
      content-type:
      - application/json; charset=utf-8
      date:
      - Mon, 10 Jun 2019 23:08:57 GMT
      expires:
      - '-1'
      pragma:
      - no-cache
      server:
      - Microsoft-IIS/10.0
      strict-transport-security:
      - max-age=31536000; includeSubDomains
      transfer-encoding:
      - chunked
      vary:
      - Accept-Encoding
      x-aspnet-version:
      - 4.0.30319
      x-content-type-options:
      - nosniff
      x-ms-keyvault-service-version:
      - 1.1.0.245
      x-powered-by:
      - ASP.NET
    status:
      code: 200
      message: OK
- request:
    body: 'b''{"location": "southcentralus", "tags": {}, "properties": {"tenantId":
      "72f988bf-86f1-41af-91ab-2d7cd011db47", "sku": {"family": "A", "name": "standard"},
      "accessPolicies": [{"tenantId": "72f988bf-86f1-41af-91ab-2d7cd011db47", "objectId":
      "4290ae1b-4f92-4dc9-81fe-fab805a38536", "permissions": {"keys": ["get", "create",
      "delete", "list", "update", "import", "backup", "restore", "recover"], "secrets":
      ["get", "list", "set", "delete", "backup", "restore", "recover"], "certificates":
      ["get", "list", "delete", "create", "import", "update", "managecontacts", "getissuers",
      "listissuers", "setissuers", "deleteissuers", "manageissuers", "recover"], "storage":
      ["get", "list", "delete", "set", "update", "regeneratekey", "setsas", "listsas",
      "getsas", "deletesas"]}}, {"tenantId": "72f988bf-86f1-41af-91ab-2d7cd011db47",
      "objectId": "e627684f-1997-4978-a1d5-4803ad60dab3", "permissions": {"keys":
      ["get", "wrapKey", "unwrapKey", "recover"]}}], "vaultUri": "https://clitest000003.vault.azure.net/",
      "enabledForDeployment": false}}'''
    headers:
      Accept:
      - application/json
      Accept-Encoding:
      - gzip, deflate
      CommandName:
      - keyvault set-policy
      Connection:
      - keep-alive
      Content-Length:
      - '1037'
      Content-Type:
      - application/json; charset=utf-8
      ParameterSetName:
      - -n --object-id -g --key-permissions
      User-Agent:
      - python/3.6.8 (Windows-10-10.0.17763-SP0) msrest/0.6.4 msrest_azure/0.6.0 azure-mgmt-keyvault/1.1.0
        Azure-SDK-For-Python AZURECLI/2.0.66
      accept-language:
      - en-US
    method: PUT
    uri: https://management.azure.com/subscriptions/00000000-0000-0000-0000-000000000000/resourceGroups/clitest.rg000001/providers/Microsoft.KeyVault/vaults/clitest000003?api-version=2018-02-14
  response:
    body:
      string: '{"id":"/subscriptions/00000000-0000-0000-0000-000000000000/resourceGroups/clitest.rg000001/providers/Microsoft.KeyVault/vaults/clitest000003","name":"clitest000003","type":"Microsoft.KeyVault/vaults","location":"southcentralus","tags":{},"properties":{"sku":{"family":"A","name":"standard"},"tenantId":"72f988bf-86f1-41af-91ab-2d7cd011db47","accessPolicies":[{"tenantId":"72f988bf-86f1-41af-91ab-2d7cd011db47","objectId":"4290ae1b-4f92-4dc9-81fe-fab805a38536","permissions":{"keys":["get","create","delete","list","update","import","backup","restore","recover"],"secrets":["get","list","set","delete","backup","restore","recover"],"certificates":["get","list","delete","create","import","update","managecontacts","getissuers","listissuers","setissuers","deleteissuers","manageissuers","recover"],"storage":["get","list","delete","set","update","regeneratekey","setsas","listsas","getsas","deletesas"]}},{"tenantId":"72f988bf-86f1-41af-91ab-2d7cd011db47","objectId":"e627684f-1997-4978-a1d5-4803ad60dab3","permissions":{"keys":["get","wrapKey","unwrapKey","recover"]}}],"enabledForDeployment":false,"vaultUri":"https://clitest000003.vault.azure.net/","provisioningState":"Succeeded"}}'
    headers:
      cache-control:
      - no-cache
      content-length:
      - '1275'
      content-type:
      - application/json; charset=utf-8
      date:
      - Mon, 10 Jun 2019 23:08:58 GMT
      expires:
      - '-1'
      pragma:
      - no-cache
      server:
      - Microsoft-IIS/10.0
      strict-transport-security:
      - max-age=31536000; includeSubDomains
      transfer-encoding:
      - chunked
      vary:
      - Accept-Encoding
      x-aspnet-version:
      - 4.0.30319
      x-content-type-options:
      - nosniff
      x-ms-keyvault-service-version:
      - 1.1.0.245
      x-ms-ratelimit-remaining-subscription-writes:
      - '1195'
      x-powered-by:
      - ASP.NET
    status:
      code: 200
      message: OK
- request:
    body: null
    headers:
      Accept:
      - application/json
      Accept-Encoding:
      - gzip, deflate
      CommandName:
      - keyvault update
      Connection:
      - keep-alive
      Content-Type:
      - application/json; charset=utf-8
      ParameterSetName:
      - -n -g --set
      User-Agent:
      - python/3.6.8 (Windows-10-10.0.17763-SP0) msrest/0.6.4 msrest_azure/0.6.0 azure-mgmt-keyvault/1.1.0
        Azure-SDK-For-Python AZURECLI/2.0.66
      accept-language:
      - en-US
    method: GET
    uri: https://management.azure.com/subscriptions/00000000-0000-0000-0000-000000000000/resourceGroups/clitest.rg000001/providers/Microsoft.KeyVault/vaults/clitest000003?api-version=2018-02-14
  response:
    body:
      string: '{"id":"/subscriptions/00000000-0000-0000-0000-000000000000/resourceGroups/clitest.rg000001/providers/Microsoft.KeyVault/vaults/clitest000003","name":"clitest000003","type":"Microsoft.KeyVault/vaults","location":"southcentralus","tags":{},"properties":{"sku":{"family":"A","name":"standard"},"tenantId":"72f988bf-86f1-41af-91ab-2d7cd011db47","accessPolicies":[{"tenantId":"72f988bf-86f1-41af-91ab-2d7cd011db47","objectId":"4290ae1b-4f92-4dc9-81fe-fab805a38536","permissions":{"keys":["get","create","delete","list","update","import","backup","restore","recover"],"secrets":["get","list","set","delete","backup","restore","recover"],"certificates":["get","list","delete","create","import","update","managecontacts","getissuers","listissuers","setissuers","deleteissuers","manageissuers","recover"],"storage":["get","list","delete","set","update","regeneratekey","setsas","listsas","getsas","deletesas"]}},{"tenantId":"72f988bf-86f1-41af-91ab-2d7cd011db47","objectId":"e627684f-1997-4978-a1d5-4803ad60dab3","permissions":{"keys":["get","wrapKey","unwrapKey","recover"]}}],"enabledForDeployment":false,"vaultUri":"https://clitest000003.vault.azure.net/","provisioningState":"Succeeded"}}'
    headers:
      cache-control:
      - no-cache
      content-length:
      - '1275'
      content-type:
      - application/json; charset=utf-8
      date:
      - Mon, 10 Jun 2019 23:09:00 GMT
      expires:
      - '-1'
      pragma:
      - no-cache
      server:
      - Microsoft-IIS/10.0
      strict-transport-security:
      - max-age=31536000; includeSubDomains
      transfer-encoding:
      - chunked
      vary:
      - Accept-Encoding
      x-aspnet-version:
      - 4.0.30319
      x-content-type-options:
      - nosniff
      x-ms-keyvault-service-version:
      - 1.1.0.245
      x-powered-by:
      - ASP.NET
    status:
      code: 200
      message: OK
- request:
    body: 'b''{"location": "southcentralus", "properties": {"tenantId": "72f988bf-86f1-41af-91ab-2d7cd011db47",
      "sku": {"family": "A", "name": "standard"}, "accessPolicies": [{"tenantId":
      "72f988bf-86f1-41af-91ab-2d7cd011db47", "objectId": "4290ae1b-4f92-4dc9-81fe-fab805a38536",
      "permissions": {"keys": ["get", "create", "delete", "list", "update", "import",
      "backup", "restore", "recover"], "secrets": ["get", "list", "set", "delete",
      "backup", "restore", "recover"], "certificates": ["get", "list", "delete", "create",
      "import", "update", "managecontacts", "getissuers", "listissuers", "setissuers",
      "deleteissuers", "manageissuers", "recover"], "storage": ["get", "list", "delete",
      "set", "update", "regeneratekey", "setsas", "listsas", "getsas", "deletesas"]}},
      {"tenantId": "72f988bf-86f1-41af-91ab-2d7cd011db47", "objectId": "e627684f-1997-4978-a1d5-4803ad60dab3",
      "permissions": {"keys": ["get", "wrapKey", "unwrapKey", "recover"]}}], "vaultUri":
      "https://clitest000003.vault.azure.net/", "enabledForDeployment": false, "enableSoftDelete":
      true}}'''
    headers:
      Accept:
      - application/json
      Accept-Encoding:
      - gzip, deflate
      CommandName:
      - keyvault update
      Connection:
      - keep-alive
      Content-Length:
      - '1051'
      Content-Type:
      - application/json; charset=utf-8
      ParameterSetName:
      - -n -g --set
      User-Agent:
      - python/3.6.8 (Windows-10-10.0.17763-SP0) msrest/0.6.4 msrest_azure/0.6.0 azure-mgmt-keyvault/1.1.0
        Azure-SDK-For-Python AZURECLI/2.0.66
      accept-language:
      - en-US
    method: PUT
    uri: https://management.azure.com/subscriptions/00000000-0000-0000-0000-000000000000/resourceGroups/clitest.rg000001/providers/Microsoft.KeyVault/vaults/clitest000003?api-version=2018-02-14
  response:
    body:
      string: '{"id":"/subscriptions/00000000-0000-0000-0000-000000000000/resourceGroups/clitest.rg000001/providers/Microsoft.KeyVault/vaults/clitest000003","name":"clitest000003","type":"Microsoft.KeyVault/vaults","location":"southcentralus","tags":{},"properties":{"sku":{"family":"A","name":"standard"},"tenantId":"72f988bf-86f1-41af-91ab-2d7cd011db47","accessPolicies":[{"tenantId":"72f988bf-86f1-41af-91ab-2d7cd011db47","objectId":"4290ae1b-4f92-4dc9-81fe-fab805a38536","permissions":{"keys":["get","create","delete","list","update","import","backup","restore","recover"],"secrets":["get","list","set","delete","backup","restore","recover"],"certificates":["get","list","delete","create","import","update","managecontacts","getissuers","listissuers","setissuers","deleteissuers","manageissuers","recover"],"storage":["get","list","delete","set","update","regeneratekey","setsas","listsas","getsas","deletesas"]}},{"tenantId":"72f988bf-86f1-41af-91ab-2d7cd011db47","objectId":"e627684f-1997-4978-a1d5-4803ad60dab3","permissions":{"keys":["get","wrapKey","unwrapKey","recover"]}}],"enabledForDeployment":false,"enableSoftDelete":true,"vaultUri":"https://clitest000003.vault.azure.net/","provisioningState":"Succeeded"}}'
    headers:
      cache-control:
      - no-cache
      content-length:
      - '1299'
      content-type:
      - application/json; charset=utf-8
      date:
      - Mon, 10 Jun 2019 23:09:00 GMT
      expires:
      - '-1'
      pragma:
      - no-cache
      server:
      - Microsoft-IIS/10.0
      strict-transport-security:
      - max-age=31536000; includeSubDomains
      transfer-encoding:
      - chunked
      vary:
      - Accept-Encoding
      x-aspnet-version:
      - 4.0.30319
      x-content-type-options:
      - nosniff
      x-ms-keyvault-service-version:
      - 1.1.0.245
      x-ms-ratelimit-remaining-subscription-writes:
      - '1198'
      x-powered-by:
      - ASP.NET
    status:
      code: 200
      message: OK
- request:
    body: null
    headers:
      Accept:
      - application/json
      Accept-Encoding:
      - gzip, deflate
      CommandName:
      - resource update
      Connection:
      - keep-alive
      ParameterSetName:
      - --id --set
      User-Agent:
      - python/3.6.8 (Windows-10-10.0.17763-SP0) msrest/0.6.4 msrest_azure/0.6.0 resourcemanagementclient/2.1.0
        Azure-SDK-For-Python AZURECLI/2.0.66
      accept-language:
      - en-US
    method: GET
    uri: https://management.azure.com/subscriptions/00000000-0000-0000-0000-000000000000/providers/Microsoft.KeyVault?api-version=2018-05-01
  response:
    body:
      string: '{"id":"/subscriptions/00000000-0000-0000-0000-000000000000/providers/Microsoft.KeyVault","namespace":"Microsoft.KeyVault","authorizations":[{"applicationId":"cfa8b339-82a2-471a-a3c9-0fc0be7a4093","roleDefinitionId":"1cf9858a-28a2-4228-abba-94e606305b95"}],"resourceTypes":[{"resourceType":"vaults","locations":["North
        Central US","East US","North Europe","West Europe","East Asia","Southeast
        Asia","East US 2","Central US","South Central US","West US","Japan East","Japan
        West","Australia East","Australia Southeast","Brazil South","Central India","South
        India","West India","Canada Central","Canada East","UK South","UK West","West
        Central US","West US 2","Korea Central","Korea South","France Central","South
        Africa North","East US 2 EUAP","Central US EUAP"],"apiVersions":["2018-02-14-preview","2018-02-14","2016-10-01","2015-06-01"],"defaultApiVersion":"2018-02-14","apiProfiles":[{"profileVersion":"2019-03-01-hybrid","apiVersion":"2016-10-01"},{"profileVersion":"2018-03-01-hybrid","apiVersion":"2016-10-01"},{"profileVersion":"2018-06-01-profile","apiVersion":"2016-10-01"}],"capabilities":"CrossResourceGroupResourceMove,
        CrossSubscriptionResourceMove"},{"resourceType":"vaults/secrets","locations":["North
        Central US","East US","North Europe","West Europe","East Asia","Southeast
        Asia","East US 2","Central US","South Central US","West US","Japan East","Japan
        West","Australia East","Australia Southeast","Brazil South","Central India","South
        India","West India","Canada Central","Canada East","UK South","UK West","West
        Central US","West US 2","Korea Central","Korea South","France Central","South
        Africa North","East US 2 EUAP","Central US EUAP"],"apiVersions":["2018-02-14-preview","2018-02-14","2016-10-01","2015-06-01"],"defaultApiVersion":"2018-02-14","apiProfiles":[{"profileVersion":"2019-03-01-hybrid","apiVersion":"2016-10-01"},{"profileVersion":"2018-03-01-hybrid","apiVersion":"2016-10-01"},{"profileVersion":"2018-06-01-profile","apiVersion":"2016-10-01"}]},{"resourceType":"vaults/accessPolicies","locations":["North
        Central US","East US","North Europe","West Europe","East Asia","Southeast
        Asia","East US 2","Central US","South Central US","West US","Japan East","Japan
        West","Australia East","Australia Southeast","Brazil South","Central India","South
        India","West India","Canada Central","Canada East","UK South","UK West","West
        Central US","West US 2","Korea Central","Korea South","France Central","South
        Africa North","East US 2 EUAP","Central US EUAP"],"apiVersions":["2018-02-14-preview","2018-02-14","2016-10-01","2015-06-01"],"defaultApiVersion":"2018-02-14","apiProfiles":[{"profileVersion":"2019-03-01-hybrid","apiVersion":"2016-10-01"},{"profileVersion":"2018-03-01-hybrid","apiVersion":"2016-10-01"},{"profileVersion":"2018-06-01-profile","apiVersion":"2016-10-01"}]},{"resourceType":"operations","locations":[],"apiVersions":["2018-02-14-preview","2018-02-14","2016-10-01","2015-06-01","2014-12-19-preview"],"defaultApiVersion":"2018-02-14","apiProfiles":[{"profileVersion":"2019-03-01-hybrid","apiVersion":"2016-10-01"},{"profileVersion":"2018-03-01-hybrid","apiVersion":"2016-10-01"},{"profileVersion":"2018-06-01-profile","apiVersion":"2016-10-01"}]},{"resourceType":"checkNameAvailability","locations":[],"apiVersions":["2018-02-14-preview","2018-02-14","2016-10-01","2015-06-01"],"defaultApiVersion":"2018-02-14","apiProfiles":[{"profileVersion":"2018-06-01-profile","apiVersion":"2016-10-01"}]},{"resourceType":"deletedVaults","locations":["North
        Central US","East US","North Europe","West Europe","East Asia","Southeast
        Asia","East US 2","Central US","South Central US","West US","Japan East","Japan
        West","Australia East","Australia Southeast","Brazil South","Central India","South
        India","West India","Canada Central","Canada East","UK South","UK West","West
        Central US","West US 2","Korea Central","Korea South","France Central","South
        Africa North","East US 2 EUAP","Central US EUAP"],"apiVersions":["2018-02-14-preview","2018-02-14","2016-10-01"],"defaultApiVersion":"2018-02-14","apiProfiles":[{"profileVersion":"2018-06-01-profile","apiVersion":"2016-10-01"}]},{"resourceType":"locations","locations":[],"apiVersions":["2018-02-14-preview","2018-02-14","2016-10-01"],"defaultApiVersion":"2018-02-14","apiProfiles":[{"profileVersion":"2018-06-01-profile","apiVersion":"2016-10-01"}]},{"resourceType":"locations/deletedVaults","locations":["North
        Central US","East US","North Europe","West Europe","East Asia","Southeast
        Asia","East US 2","Central US","South Central US","West US","Japan East","Japan
        West","Australia East","Australia Southeast","Brazil South","Central India","South
        India","West India","Canada Central","Canada East","UK South","UK West","West
        Central US","West US 2","Korea Central","Korea South","France Central","South
        Africa North","East US 2 EUAP","Central US EUAP"],"apiVersions":["2018-02-14-preview","2018-02-14","2016-10-01"],"defaultApiVersion":"2018-02-14","apiProfiles":[{"profileVersion":"2018-06-01-profile","apiVersion":"2016-10-01"}]},{"resourceType":"locations/deleteVirtualNetworkOrSubnets","locations":["East
        US","North Central US","West Europe","North Europe","East Asia","Southeast
        Asia","East US 2","Central US","South Central US","West Central US","West
        US 2","West US","Japan East","Japan West","Australia East","Australia Southeast","Brazil
        South","Central India","South India","West India","Canada Central","Canada
        East","UK South","UK West","Korea Central","Korea South","France Central","South
        Africa North","Central US EUAP","East US 2 EUAP"],"apiVersions":["2018-02-14-preview","2018-02-14","2016-10-01"],"defaultApiVersion":"2018-02-14"},{"resourceType":"locations/operationResults","locations":["North
        Central US","East US","North Europe","West Europe","East Asia","Southeast
        Asia","East US 2","Central US","South Central US","West US","Japan East","Japan
        West","Australia East","Australia Southeast","Brazil South","Central India","South
        India","West India","Canada Central","Canada East","UK South","UK West","West
        Central US","West US 2","Korea Central","Korea South","France Central","South
        Africa North","East US 2 EUAP","Central US EUAP"],"apiVersions":["2018-02-14-preview","2018-02-14","2016-10-01"],"defaultApiVersion":"2018-02-14","apiProfiles":[{"profileVersion":"2018-06-01-profile","apiVersion":"2016-10-01"}]}],"registrationState":"Registered"}'
    headers:
      cache-control:
      - no-cache
      content-length:
      - '6358'
      content-type:
      - application/json; charset=utf-8
      date:
      - Mon, 10 Jun 2019 23:09:00 GMT
      expires:
      - '-1'
      pragma:
      - no-cache
      strict-transport-security:
      - max-age=31536000; includeSubDomains
      vary:
      - Accept-Encoding
      x-content-type-options:
      - nosniff
    status:
      code: 200
      message: OK
- request:
    body: null
    headers:
      Accept:
      - application/json
      Accept-Encoding:
      - gzip, deflate
      CommandName:
      - resource update
      Connection:
      - keep-alive
      ParameterSetName:
      - --id --set
      User-Agent:
      - python/3.6.8 (Windows-10-10.0.17763-SP0) msrest/0.6.4 msrest_azure/0.6.0 resourcemanagementclient/2.1.0
        Azure-SDK-For-Python AZURECLI/2.0.66
      accept-language:
      - en-US
    method: GET
    uri: https://management.azure.com/subscriptions/00000000-0000-0000-0000-000000000000/resourceGroups/clitest.rg000001/providers/Microsoft.KeyVault/vaults/clitest000003?api-version=2018-02-14
  response:
    body:
      string: '{"id":"/subscriptions/00000000-0000-0000-0000-000000000000/resourceGroups/clitest.rg000001/providers/Microsoft.KeyVault/vaults/clitest000003","name":"clitest000003","type":"Microsoft.KeyVault/vaults","location":"southcentralus","tags":{},"properties":{"sku":{"family":"A","name":"standard"},"tenantId":"72f988bf-86f1-41af-91ab-2d7cd011db47","accessPolicies":[{"tenantId":"72f988bf-86f1-41af-91ab-2d7cd011db47","objectId":"4290ae1b-4f92-4dc9-81fe-fab805a38536","permissions":{"keys":["get","create","delete","list","update","import","backup","restore","recover"],"secrets":["get","list","set","delete","backup","restore","recover"],"certificates":["get","list","delete","create","import","update","managecontacts","getissuers","listissuers","setissuers","deleteissuers","manageissuers","recover"],"storage":["get","list","delete","set","update","regeneratekey","setsas","listsas","getsas","deletesas"]}},{"tenantId":"72f988bf-86f1-41af-91ab-2d7cd011db47","objectId":"e627684f-1997-4978-a1d5-4803ad60dab3","permissions":{"keys":["get","wrapKey","unwrapKey","recover"]}}],"enabledForDeployment":false,"enableSoftDelete":true,"vaultUri":"https://clitest000003.vault.azure.net/","provisioningState":"Succeeded"}}'
    headers:
      cache-control:
      - no-cache
      content-length:
      - '1299'
      content-type:
      - application/json; charset=utf-8
      date:
      - Mon, 10 Jun 2019 23:09:01 GMT
      expires:
      - '-1'
      pragma:
      - no-cache
      server:
      - Microsoft-IIS/10.0
      strict-transport-security:
      - max-age=31536000; includeSubDomains
      transfer-encoding:
      - chunked
      vary:
      - Accept-Encoding
      x-aspnet-version:
      - 4.0.30319
      x-content-type-options:
      - nosniff
      x-ms-keyvault-service-version:
      - 1.1.0.245
      x-powered-by:
      - ASP.NET
    status:
      code: 200
      message: OK
- request:
    body: null
    headers:
      Accept:
      - application/json
      Accept-Encoding:
      - gzip, deflate
      CommandName:
      - resource update
      Connection:
      - keep-alive
      ParameterSetName:
      - --id --set
      User-Agent:
      - python/3.6.8 (Windows-10-10.0.17763-SP0) msrest/0.6.4 msrest_azure/0.6.0 resourcemanagementclient/2.1.0
        Azure-SDK-For-Python AZURECLI/2.0.66
      accept-language:
      - en-US
    method: GET
    uri: https://management.azure.com/subscriptions/00000000-0000-0000-0000-000000000000/providers/Microsoft.KeyVault?api-version=2018-05-01
  response:
    body:
      string: '{"id":"/subscriptions/00000000-0000-0000-0000-000000000000/providers/Microsoft.KeyVault","namespace":"Microsoft.KeyVault","authorizations":[{"applicationId":"cfa8b339-82a2-471a-a3c9-0fc0be7a4093","roleDefinitionId":"1cf9858a-28a2-4228-abba-94e606305b95"}],"resourceTypes":[{"resourceType":"vaults","locations":["North
        Central US","East US","North Europe","West Europe","East Asia","Southeast
        Asia","East US 2","Central US","South Central US","West US","Japan East","Japan
        West","Australia East","Australia Southeast","Brazil South","Central India","South
        India","West India","Canada Central","Canada East","UK South","UK West","West
        Central US","West US 2","Korea Central","Korea South","France Central","South
        Africa North","East US 2 EUAP","Central US EUAP"],"apiVersions":["2018-02-14-preview","2018-02-14","2016-10-01","2015-06-01"],"defaultApiVersion":"2018-02-14","apiProfiles":[{"profileVersion":"2019-03-01-hybrid","apiVersion":"2016-10-01"},{"profileVersion":"2018-03-01-hybrid","apiVersion":"2016-10-01"},{"profileVersion":"2018-06-01-profile","apiVersion":"2016-10-01"}],"capabilities":"CrossResourceGroupResourceMove,
        CrossSubscriptionResourceMove"},{"resourceType":"vaults/secrets","locations":["North
        Central US","East US","North Europe","West Europe","East Asia","Southeast
        Asia","East US 2","Central US","South Central US","West US","Japan East","Japan
        West","Australia East","Australia Southeast","Brazil South","Central India","South
        India","West India","Canada Central","Canada East","UK South","UK West","West
        Central US","West US 2","Korea Central","Korea South","France Central","South
        Africa North","East US 2 EUAP","Central US EUAP"],"apiVersions":["2018-02-14-preview","2018-02-14","2016-10-01","2015-06-01"],"defaultApiVersion":"2018-02-14","apiProfiles":[{"profileVersion":"2019-03-01-hybrid","apiVersion":"2016-10-01"},{"profileVersion":"2018-03-01-hybrid","apiVersion":"2016-10-01"},{"profileVersion":"2018-06-01-profile","apiVersion":"2016-10-01"}]},{"resourceType":"vaults/accessPolicies","locations":["North
        Central US","East US","North Europe","West Europe","East Asia","Southeast
        Asia","East US 2","Central US","South Central US","West US","Japan East","Japan
        West","Australia East","Australia Southeast","Brazil South","Central India","South
        India","West India","Canada Central","Canada East","UK South","UK West","West
        Central US","West US 2","Korea Central","Korea South","France Central","South
        Africa North","East US 2 EUAP","Central US EUAP"],"apiVersions":["2018-02-14-preview","2018-02-14","2016-10-01","2015-06-01"],"defaultApiVersion":"2018-02-14","apiProfiles":[{"profileVersion":"2019-03-01-hybrid","apiVersion":"2016-10-01"},{"profileVersion":"2018-03-01-hybrid","apiVersion":"2016-10-01"},{"profileVersion":"2018-06-01-profile","apiVersion":"2016-10-01"}]},{"resourceType":"operations","locations":[],"apiVersions":["2018-02-14-preview","2018-02-14","2016-10-01","2015-06-01","2014-12-19-preview"],"defaultApiVersion":"2018-02-14","apiProfiles":[{"profileVersion":"2019-03-01-hybrid","apiVersion":"2016-10-01"},{"profileVersion":"2018-03-01-hybrid","apiVersion":"2016-10-01"},{"profileVersion":"2018-06-01-profile","apiVersion":"2016-10-01"}]},{"resourceType":"checkNameAvailability","locations":[],"apiVersions":["2018-02-14-preview","2018-02-14","2016-10-01","2015-06-01"],"defaultApiVersion":"2018-02-14","apiProfiles":[{"profileVersion":"2018-06-01-profile","apiVersion":"2016-10-01"}]},{"resourceType":"deletedVaults","locations":["North
        Central US","East US","North Europe","West Europe","East Asia","Southeast
        Asia","East US 2","Central US","South Central US","West US","Japan East","Japan
        West","Australia East","Australia Southeast","Brazil South","Central India","South
        India","West India","Canada Central","Canada East","UK South","UK West","West
        Central US","West US 2","Korea Central","Korea South","France Central","South
        Africa North","East US 2 EUAP","Central US EUAP"],"apiVersions":["2018-02-14-preview","2018-02-14","2016-10-01"],"defaultApiVersion":"2018-02-14","apiProfiles":[{"profileVersion":"2018-06-01-profile","apiVersion":"2016-10-01"}]},{"resourceType":"locations","locations":[],"apiVersions":["2018-02-14-preview","2018-02-14","2016-10-01"],"defaultApiVersion":"2018-02-14","apiProfiles":[{"profileVersion":"2018-06-01-profile","apiVersion":"2016-10-01"}]},{"resourceType":"locations/deletedVaults","locations":["North
        Central US","East US","North Europe","West Europe","East Asia","Southeast
        Asia","East US 2","Central US","South Central US","West US","Japan East","Japan
        West","Australia East","Australia Southeast","Brazil South","Central India","South
        India","West India","Canada Central","Canada East","UK South","UK West","West
        Central US","West US 2","Korea Central","Korea South","France Central","South
        Africa North","East US 2 EUAP","Central US EUAP"],"apiVersions":["2018-02-14-preview","2018-02-14","2016-10-01"],"defaultApiVersion":"2018-02-14","apiProfiles":[{"profileVersion":"2018-06-01-profile","apiVersion":"2016-10-01"}]},{"resourceType":"locations/deleteVirtualNetworkOrSubnets","locations":["East
        US","North Central US","West Europe","North Europe","East Asia","Southeast
        Asia","East US 2","Central US","South Central US","West Central US","West
        US 2","West US","Japan East","Japan West","Australia East","Australia Southeast","Brazil
        South","Central India","South India","West India","Canada Central","Canada
        East","UK South","UK West","Korea Central","Korea South","France Central","South
        Africa North","Central US EUAP","East US 2 EUAP"],"apiVersions":["2018-02-14-preview","2018-02-14","2016-10-01"],"defaultApiVersion":"2018-02-14"},{"resourceType":"locations/operationResults","locations":["North
        Central US","East US","North Europe","West Europe","East Asia","Southeast
        Asia","East US 2","Central US","South Central US","West US","Japan East","Japan
        West","Australia East","Australia Southeast","Brazil South","Central India","South
        India","West India","Canada Central","Canada East","UK South","UK West","West
        Central US","West US 2","Korea Central","Korea South","France Central","South
        Africa North","East US 2 EUAP","Central US EUAP"],"apiVersions":["2018-02-14-preview","2018-02-14","2016-10-01"],"defaultApiVersion":"2018-02-14","apiProfiles":[{"profileVersion":"2018-06-01-profile","apiVersion":"2016-10-01"}]}],"registrationState":"Registered"}'
    headers:
      cache-control:
      - no-cache
      content-length:
      - '6358'
      content-type:
      - application/json; charset=utf-8
      date:
      - Mon, 10 Jun 2019 23:09:01 GMT
      expires:
      - '-1'
      pragma:
      - no-cache
      strict-transport-security:
      - max-age=31536000; includeSubDomains
      vary:
      - Accept-Encoding
      x-content-type-options:
      - nosniff
    status:
      code: 200
      message: OK
- request:
    body: 'b''{"location": "southcentralus", "tags": {}, "properties": {"sku": {"family":
      "A", "name": "standard"}, "tenantId": "72f988bf-86f1-41af-91ab-2d7cd011db47",
      "accessPolicies": [{"tenantId": "72f988bf-86f1-41af-91ab-2d7cd011db47", "objectId":
      "4290ae1b-4f92-4dc9-81fe-fab805a38536", "permissions": {"keys": ["get", "create",
      "delete", "list", "update", "import", "backup", "restore", "recover"], "secrets":
      ["get", "list", "set", "delete", "backup", "restore", "recover"], "certificates":
      ["get", "list", "delete", "create", "import", "update", "managecontacts", "getissuers",
      "listissuers", "setissuers", "deleteissuers", "manageissuers", "recover"], "storage":
      ["get", "list", "delete", "set", "update", "regeneratekey", "setsas", "listsas",
      "getsas", "deletesas"]}}, {"tenantId": "72f988bf-86f1-41af-91ab-2d7cd011db47",
      "objectId": "e627684f-1997-4978-a1d5-4803ad60dab3", "permissions": {"keys":
      ["get", "wrapKey", "unwrapKey", "recover"]}}], "enabledForDeployment": false,
      "enableSoftDelete": true, "vaultUri": "https://clitest000003.vault.azure.net/",
      "provisioningState": "Succeeded", "enablePurgeProtection": true}}'''
    headers:
      Accept:
      - application/json
      Accept-Encoding:
      - gzip, deflate
      CommandName:
      - resource update
      Connection:
      - keep-alive
      Content-Length:
      - '1128'
      Content-Type:
      - application/json; charset=utf-8
      ParameterSetName:
      - --id --set
      User-Agent:
      - python/3.6.8 (Windows-10-10.0.17763-SP0) msrest/0.6.4 msrest_azure/0.6.0 resourcemanagementclient/2.1.0
        Azure-SDK-For-Python AZURECLI/2.0.66
      accept-language:
      - en-US
    method: PUT
    uri: https://management.azure.com/subscriptions/00000000-0000-0000-0000-000000000000/resourceGroups/clitest.rg000001/providers/Microsoft.KeyVault/vaults/clitest000003?api-version=2018-02-14
  response:
    body:
      string: '{"id":"/subscriptions/00000000-0000-0000-0000-000000000000/resourceGroups/clitest.rg000001/providers/Microsoft.KeyVault/vaults/clitest000003","name":"clitest000003","type":"Microsoft.KeyVault/vaults","location":"southcentralus","tags":{},"properties":{"sku":{"family":"A","name":"standard"},"tenantId":"72f988bf-86f1-41af-91ab-2d7cd011db47","accessPolicies":[{"tenantId":"72f988bf-86f1-41af-91ab-2d7cd011db47","objectId":"4290ae1b-4f92-4dc9-81fe-fab805a38536","permissions":{"keys":["get","create","delete","list","update","import","backup","restore","recover"],"secrets":["get","list","set","delete","backup","restore","recover"],"certificates":["get","list","delete","create","import","update","managecontacts","getissuers","listissuers","setissuers","deleteissuers","manageissuers","recover"],"storage":["get","list","delete","set","update","regeneratekey","setsas","listsas","getsas","deletesas"]}},{"tenantId":"72f988bf-86f1-41af-91ab-2d7cd011db47","objectId":"e627684f-1997-4978-a1d5-4803ad60dab3","permissions":{"keys":["get","wrapKey","unwrapKey","recover"]}}],"enabledForDeployment":false,"enableSoftDelete":true,"enablePurgeProtection":true,"vaultUri":"https://clitest000003.vault.azure.net/","provisioningState":"Succeeded"}}'
    headers:
      cache-control:
      - no-cache
      content-length:
      - '1328'
      content-type:
      - application/json; charset=utf-8
      date:
      - Mon, 10 Jun 2019 23:09:02 GMT
      expires:
      - '-1'
      pragma:
      - no-cache
      server:
      - Microsoft-IIS/10.0
      strict-transport-security:
      - max-age=31536000; includeSubDomains
      transfer-encoding:
      - chunked
      vary:
      - Accept-Encoding
      x-aspnet-version:
      - 4.0.30319
      x-content-type-options:
      - nosniff
      x-ms-keyvault-service-version:
      - 1.1.0.245
      x-ms-ratelimit-remaining-subscription-writes:
      - '1194'
      x-powered-by:
      - ASP.NET
    status:
      code: 200
      message: OK
- request:
    body: null
    headers:
      Accept:
      - application/json
      Accept-Encoding:
      - gzip, deflate
      CommandName:
      - storage account update
      Connection:
      - keep-alive
      ParameterSetName:
      - -n -g --encryption-key-source --encryption-key-vault --encryption-key-name
        --encryption-key-version
      User-Agent:
      - python/3.6.8 (Windows-10-10.0.17763-SP0) msrest/0.6.4 msrest_azure/0.6.0 azure-mgmt-storage/3.3.0
        Azure-SDK-For-Python AZURECLI/2.0.66
      accept-language:
      - en-US
    method: GET
    uri: https://management.azure.com/subscriptions/00000000-0000-0000-0000-000000000000/resourceGroups/clitest.rg000001/providers/Microsoft.Storage/storageAccounts/clitest000002?api-version=2019-04-01
  response:
    body:
      string: '{"identity":{"principalId":"e627684f-1997-4978-a1d5-4803ad60dab3","tenantId":"72f988bf-86f1-41af-91ab-2d7cd011db47","type":"SystemAssigned"},"sku":{"name":"Standard_LRS","tier":"Standard"},"kind":"Storage","id":"/subscriptions/00000000-0000-0000-0000-000000000000/resourceGroups/clitest.rg000001/providers/Microsoft.Storage/storageAccounts/clitest000002","name":"clitest000002","type":"Microsoft.Storage/storageAccounts","location":"southcentralus","tags":{},"properties":{"minimumTlsVersion":"TLS1_2","allowBlobPublicAccess":false,"networkAcls":{"bypass":"AzureServices","virtualNetworkRules":[],"ipRules":[],"defaultAction":"Allow"},"supportsHttpsTrafficOnly":true,"encryption":{"services":{"file":{"enabled":true,"lastEnabledTime":"2019-06-10T23:07:57.4572044Z"},"blob":{"enabled":true,"lastEnabledTime":"2019-06-10T23:07:57.4572044Z"}},"keySource":"Microsoft.Storage"},"provisioningState":"Succeeded","creationTime":"2019-06-10T23:07:57.3165822Z","primaryEndpoints":{"blob":"https://clitest000002.blob.core.windows.net/","queue":"https://clitest000002.queue.core.windows.net/","table":"https://clitest000002.table.core.windows.net/","file":"https://clitest000002.file.core.windows.net/"},"primaryLocation":"southcentralus","statusOfPrimary":"available"}}'
    headers:
      cache-control:
      - no-cache
      content-length:
      - '1383'
      content-type:
      - application/json
      date:
      - Mon, 10 Jun 2019 23:09:03 GMT
      expires:
      - '-1'
      pragma:
      - no-cache
      server:
      - Microsoft-Azure-Storage-Resource-Provider/1.0,Microsoft-HTTPAPI/2.0 Microsoft-HTTPAPI/2.0
      strict-transport-security:
      - max-age=31536000; includeSubDomains
      transfer-encoding:
      - chunked
      vary:
      - Accept-Encoding
      x-content-type-options:
      - nosniff
    status:
      code: 200
      message: OK
- request:
    body: 'b''{"sku": {"name": "Standard_LRS"}, "tags": {}, "properties": {"encryption":
      {"services": {"blob": {"enabled": true}, "file": {"enabled": true}}, "keySource":
      "Microsoft.Keyvault", "keyvaultproperties": {"keyname": "testkey", "keyversion":
      "de15cce098824f0b81969f4b6396a73f", "keyvaulturi": "https://clitest000003.vault.azure.net/"}},
      "supportsHttpsTrafficOnly": true, "networkAcls": {"bypass": "AzureServices",
      "virtualNetworkRules": [], "ipRules": [], "defaultAction": "Allow"}}}'''
    headers:
      Accept:
      - application/json
      Accept-Encoding:
      - gzip, deflate
      CommandName:
      - storage account update
      Connection:
      - keep-alive
      Content-Length:
      - '490'
      Content-Type:
      - application/json; charset=utf-8
      ParameterSetName:
      - -n -g --encryption-key-source --encryption-key-vault --encryption-key-name
        --encryption-key-version
      User-Agent:
      - python/3.6.8 (Windows-10-10.0.17763-SP0) msrest/0.6.4 msrest_azure/0.6.0 azure-mgmt-storage/3.3.0
        Azure-SDK-For-Python AZURECLI/2.0.66
      accept-language:
      - en-US
    method: PATCH
    uri: https://management.azure.com/subscriptions/00000000-0000-0000-0000-000000000000/resourceGroups/clitest.rg000001/providers/Microsoft.Storage/storageAccounts/clitest000002?api-version=2019-04-01
  response:
    body:
      string: '{"identity":{"principalId":"e627684f-1997-4978-a1d5-4803ad60dab3","tenantId":"72f988bf-86f1-41af-91ab-2d7cd011db47","type":"SystemAssigned"},"sku":{"name":"Standard_LRS","tier":"Standard"},"kind":"Storage","id":"/subscriptions/00000000-0000-0000-0000-000000000000/resourceGroups/clitest.rg000001/providers/Microsoft.Storage/storageAccounts/clitest000002","name":"clitest000002","type":"Microsoft.Storage/storageAccounts","location":"southcentralus","tags":{},"properties":{"minimumTlsVersion":"TLS1_2","allowBlobPublicAccess":false,"networkAcls":{"bypass":"AzureServices","virtualNetworkRules":[],"ipRules":[],"defaultAction":"Allow"},"supportsHttpsTrafficOnly":true,"encryption":{"keyvaultproperties":{"keyvaulturi":"https://clitest000003.vault.azure.net/","keyname":"testkey","keyversion":"de15cce098824f0b81969f4b6396a73f"},"services":{"file":{"enabled":true,"lastEnabledTime":"2019-06-10T23:07:57.4572044Z"},"blob":{"enabled":true,"lastEnabledTime":"2019-06-10T23:07:57.4572044Z"}},"keySource":"Microsoft.Keyvault"},"provisioningState":"Succeeded","creationTime":"2019-06-10T23:07:57.3165822Z","primaryEndpoints":{"blob":"https://clitest000002.blob.core.windows.net/","queue":"https://clitest000002.queue.core.windows.net/","table":"https://clitest000002.table.core.windows.net/","file":"https://clitest000002.file.core.windows.net/"},"primaryLocation":"southcentralus","statusOfPrimary":"available"}}'
    headers:
      cache-control:
      - no-cache
      content-length:
      - '1541'
      content-type:
      - application/json
      date:
      - Mon, 10 Jun 2019 23:09:05 GMT
      expires:
      - '-1'
      pragma:
      - no-cache
      server:
      - Microsoft-Azure-Storage-Resource-Provider/1.0,Microsoft-HTTPAPI/2.0 Microsoft-HTTPAPI/2.0
      strict-transport-security:
      - max-age=31536000; includeSubDomains
      transfer-encoding:
      - chunked
      vary:
      - Accept-Encoding
      x-content-type-options:
      - nosniff
      x-ms-ratelimit-remaining-subscription-writes:
      - '1196'
    status:
      code: 200
      message: OK
- request:
    body: null
    headers:
      Accept:
      - application/json
      Accept-Encoding:
      - gzip, deflate
      CommandName:
      - group delete
      Connection:
      - keep-alive
      Content-Length:
      - '0'
      ParameterSetName:
      - --name --yes --no-wait
      User-Agent:
      - python/3.6.8 (Windows-10-10.0.17763-SP0) msrest/0.6.4 msrest_azure/0.6.0 resourcemanagementclient/2.1.0
        Azure-SDK-For-Python AZURECLI/2.0.66
      accept-language:
      - en-US
    method: DELETE
    uri: https://management.azure.com/subscriptions/00000000-0000-0000-0000-000000000000/resourcegroups/clitest.rg000001?api-version=2018-05-01
  response:
    body:
      string: ''
    headers:
      cache-control:
      - no-cache
      content-length:
      - '0'
      date:
      - Mon, 10 Jun 2019 23:09:06 GMT
      expires:
      - '-1'
      location:
      - https://management.azure.com/subscriptions/00000000-0000-0000-0000-000000000000/operationresults/eyJqb2JJZCI6IlJFU09VUkNFR1JPVVBERUxFVElPTkpPQi1DTElURVNUOjJFUkdVTE5UM0E2UzNXTlA2VFFTTVBWQlhQTEJOV1FSWFBST0dMV3w5OTM4RDY3QzczMzhBRjJDLVNPVVRIQ0VOVFJBTFVTIiwiam9iTG9jYXRpb24iOiJzb3V0aGNlbnRyYWx1cyJ9?api-version=2018-05-01
      pragma:
      - no-cache
      strict-transport-security:
      - max-age=31536000; includeSubDomains
      x-content-type-options:
      - nosniff
      x-ms-ratelimit-remaining-subscription-deletes:
      - '14999'
    status:
      code: 202
      message: Accepted
version: 1
