interactions:
- request:
    body: null
    headers:
      Accept:
      - application/json
      Accept-Encoding:
      - gzip, deflate
      CommandName:
      - storage account keys list
      Connection:
      - keep-alive
      Content-Length:
      - '0'
      ParameterSetName:
      - -n -g --query -o
      User-Agent:
      - AZURECLI/2.37.0 azsdk-python-azure-mgmt-storage/20.0.0 Python/3.9.6 (Windows-10-10.0.19044-SP0)
    method: POST
    uri: https://management.azure.com/subscriptions/00000000-0000-0000-0000-000000000000/resourceGroups/clitest.rg000001/providers/Microsoft.Storage/storageAccounts/clitest000002/listKeys?api-version=2021-09-01&$expand=kerb
  response:
    body:
      string: '{"keys":[{"creationTime":"2022-06-10T09:20:20.5310931Z","keyName":"key1","value":"veryFakedStorageAccountKey==","permissions":"FULL"},{"creationTime":"2022-06-10T09:20:20.5310931Z","keyName":"key2","value":"veryFakedStorageAccountKey==","permissions":"FULL"}]}'
    headers:
      cache-control:
      - no-cache
      content-length:
      - '260'
      content-type:
      - application/json
      date:
      - Fri, 10 Jun 2022 09:20:40 GMT
      expires:
      - '-1'
      pragma:
      - no-cache
      server:
      - Microsoft-Azure-Storage-Resource-Provider/1.0,Microsoft-HTTPAPI/2.0 Microsoft-HTTPAPI/2.0
      strict-transport-security:
      - max-age=31536000; includeSubDomains
      transfer-encoding:
      - chunked
      vary:
      - Accept-Encoding
      x-content-type-options:
      - nosniff
      x-ms-ratelimit-remaining-subscription-resource-requests:
      - '11997'
    status:
      code: 200
      message: OK
- request:
    body: null
    headers:
      Accept:
      - application/xml
      Accept-Encoding:
      - gzip, deflate
      CommandName:
      - storage share create
      Connection:
      - keep-alive
      Content-Length:
      - '0'
      ParameterSetName:
      - -n --account-name --account-key
      User-Agent:
      - AZURECLI/2.37.0 azsdk-python-storage-file-share/12.8.0 Python/3.9.6 (Windows-10-10.0.19044-SP0)
      x-ms-date:
      - Fri, 10 Jun 2022 09:20:41 GMT
      x-ms-version:
      - '2021-06-08'
    method: PUT
    uri: https://clitest000002.file.core.windows.net/share000003?restype=share
  response:
    body:
      string: ''
    headers:
      content-length:
      - '0'
      date:
      - Fri, 10 Jun 2022 09:20:41 GMT
      etag:
      - '"0x8DA4AC27E05323B"'
      last-modified:
      - Fri, 10 Jun 2022 09:20:42 GMT
      server:
      - Windows-Azure-File/1.0 Microsoft-HTTPAPI/2.0
      x-ms-version:
      - '2021-06-08'
    status:
      code: 201
      message: Created
- request:
    body: null
    headers:
      Accept:
      - application/xml
      Accept-Encoding:
      - gzip, deflate
      CommandName:
      - storage share create
      Connection:
      - keep-alive
      Content-Length:
      - '0'
      ParameterSetName:
      - -n --account-name --account-key
      User-Agent:
      - AZURECLI/2.37.0 azsdk-python-storage-file-share/12.8.0 Python/3.9.6 (Windows-10-10.0.19044-SP0)
      x-ms-date:
      - Fri, 10 Jun 2022 09:20:42 GMT
      x-ms-version:
      - '2021-06-08'
    method: PUT
    uri: https://clitest000002.file.core.windows.net/share000004?restype=share
  response:
    body:
      string: ''
    headers:
      content-length:
      - '0'
      date:
      - Fri, 10 Jun 2022 09:20:42 GMT
      etag:
      - '"0x8DA4AC27EBB4C2A"'
      last-modified:
      - Fri, 10 Jun 2022 09:20:43 GMT
      server:
      - Windows-Azure-File/1.0 Microsoft-HTTPAPI/2.0
      x-ms-version:
      - '2021-06-08'
    status:
      code: 201
      message: Created
- request:
    body: null
    headers:
      Accept:
      - application/xml
      Accept-Encoding:
      - gzip, deflate
      CommandName:
      - storage directory create
      Connection:
      - keep-alive
      Content-Length:
      - '0'
      ParameterSetName:
      - --share-name -n --account-name --account-key
      User-Agent:
      - AZURECLI/2.37.0 azsdk-python-storage-file-share/12.8.0 Python/3.9.6 (Windows-10-10.0.19044-SP0)
      x-ms-date:
      - Fri, 10 Jun 2022 09:20:43 GMT
      x-ms-file-attributes:
      - none
      x-ms-file-creation-time:
      - now
      x-ms-file-last-write-time:
      - now
      x-ms-file-permission:
      - inherit
      x-ms-version:
      - '2021-06-08'
    method: PUT
    uri: https://clitest000002.file.core.windows.net/share000003/dir1?restype=directory
  response:
    body:
      string: ''
    headers:
      content-length:
      - '0'
      date:
      - Fri, 10 Jun 2022 09:20:44 GMT
      etag:
      - '"0x8DA4AC27F690E0C"'
      last-modified:
      - Fri, 10 Jun 2022 09:20:44 GMT
      server:
      - Windows-Azure-File/1.0 Microsoft-HTTPAPI/2.0
      x-ms-file-attributes:
      - Directory
      x-ms-file-change-time:
      - '2022-06-10T09:20:44.8048652Z'
      x-ms-file-creation-time:
      - '2022-06-10T09:20:44.8048652Z'
      x-ms-file-id:
      - '13835128424026341376'
      x-ms-file-last-write-time:
      - '2022-06-10T09:20:44.8048652Z'
      x-ms-file-parent-id:
      - '0'
      x-ms-file-permission-key:
      - 9952167899536688347*16340772393212810066
      x-ms-request-server-encrypted:
      - 'true'
      x-ms-version:
      - '2021-06-08'
    status:
      code: 201
      message: Created
- request:
    body: null
    headers:
      Accept:
      - application/xml
      Accept-Encoding:
      - gzip, deflate
      CommandName:
      - storage directory create
      Connection:
      - keep-alive
      Content-Length:
      - '0'
      ParameterSetName:
      - --share-name -n --account-name --account-key
      User-Agent:
      - AZURECLI/2.37.0 azsdk-python-storage-file-share/12.8.0 Python/3.9.6 (Windows-10-10.0.19044-SP0)
      x-ms-date:
      - Fri, 10 Jun 2022 09:20:45 GMT
      x-ms-file-attributes:
      - none
      x-ms-file-creation-time:
      - now
      x-ms-file-last-write-time:
      - now
      x-ms-file-permission:
      - inherit
      x-ms-version:
      - '2021-06-08'
    method: PUT
    uri: https://clitest000002.file.core.windows.net/share000004/dir2?restype=directory
  response:
    body:
      string: ''
    headers:
      content-length:
      - '0'
      date:
      - Fri, 10 Jun 2022 09:20:45 GMT
      etag:
      - '"0x8DA4AC28016D9D6"'
      last-modified:
      - Fri, 10 Jun 2022 09:20:45 GMT
      server:
      - Windows-Azure-File/1.0 Microsoft-HTTPAPI/2.0
      x-ms-file-attributes:
      - Directory
      x-ms-file-change-time:
      - '2022-06-10T09:20:45.9438550Z'
      x-ms-file-creation-time:
      - '2022-06-10T09:20:45.9438550Z'
      x-ms-file-id:
      - '13835128424026341376'
      x-ms-file-last-write-time:
      - '2022-06-10T09:20:45.9438550Z'
      x-ms-file-parent-id:
      - '0'
      x-ms-file-permission-key:
      - 9952167899536688347*16340772393212810066
      x-ms-request-server-encrypted:
      - 'true'
      x-ms-version:
      - '2021-06-08'
    status:
      code: 201
      message: Created
- request:
    body: null
    headers:
      Connection:
      - keep-alive
      Content-Length:
      - '0'
      User-Agent:
      - Azure-Storage/2.0.0-2.0.1 (Python CPython 3.9.6; Windows 10) AZURECLI/2.37.0
      x-ms-content-length:
      - '524288'
      x-ms-date:
      - Fri, 10 Jun 2022 09:20:46 GMT
      x-ms-type:
      - file
      x-ms-version:
      - '2018-11-09'
    method: PUT
    uri: https://clitest000002.file.core.windows.net/share000003/dir1/source_file.txt
  response:
    body:
      string: ''
    headers:
      content-length:
      - '0'
      date:
      - Fri, 10 Jun 2022 09:20:47 GMT
      etag:
      - '"0x8DA4AC2810473FA"'
      last-modified:
      - Fri, 10 Jun 2022 09:20:47 GMT
      server:
      - Windows-Azure-File/1.0 Microsoft-HTTPAPI/2.0
      x-ms-request-server-encrypted:
      - 'true'
      x-ms-version:
      - '2018-11-09'
    status:
      code: 201
      message: Created
- request:
    body: '!!! The request body has been omitted from the recording because its size
      524288 is larger than 128KB. !!!'
    headers:
      Connection:
      - keep-alive
      Content-Length:
      - '106'
      User-Agent:
      - Azure-Storage/2.0.0-2.0.1 (Python CPython 3.9.6; Windows 10) AZURECLI/2.37.0
      x-ms-date:
      - Fri, 10 Jun 2022 09:20:47 GMT
      x-ms-range:
      - bytes=0-524287
      x-ms-version:
      - '2018-11-09'
      x-ms-write:
      - update
    method: PUT
    uri: https://clitest000002.file.core.windows.net/share000003/dir1/source_file.txt?comp=range
  response:
    body:
      string: ''
    headers:
      content-length:
      - '0'
      content-md5:
      - WQcVkAmdId1DmJZZIzi/lQ==
      date:
      - Fri, 10 Jun 2022 09:20:48 GMT
      etag:
      - '"0x8DA4AC281DF379D"'
      last-modified:
      - Fri, 10 Jun 2022 09:20:48 GMT
      server:
      - Windows-Azure-File/1.0 Microsoft-HTTPAPI/2.0
      x-ms-request-server-encrypted:
      - 'true'
      x-ms-version:
      - '2018-11-09'
    status:
      code: 201
      message: Created
- request:
    body: null
    headers:
      Connection:
      - keep-alive
      User-Agent:
      - Azure-Storage/2.0.0-2.0.1 (Python CPython 3.9.6; Windows 10) AZURECLI/2.37.0
      x-ms-date:
      - Fri, 10 Jun 2022 09:20:49 GMT
      x-ms-version:
      - '2018-11-09'
    method: HEAD
    uri: https://clitest000002.file.core.windows.net/share000003/dir1/source_file.txt
  response:
    body:
      string: ''
    headers:
      content-length:
      - '524288'
      content-type:
      - application/octet-stream
      date:
      - Fri, 10 Jun 2022 09:20:49 GMT
      etag:
      - '"0x8DA4AC281DF379D"'
      last-modified:
      - Fri, 10 Jun 2022 09:20:48 GMT
      server:
      - Windows-Azure-File/1.0 Microsoft-HTTPAPI/2.0
      x-ms-server-encrypted:
      - 'true'
      x-ms-type:
      - File
      x-ms-version:
      - '2018-11-09'
    status:
      code: 200
      message: OK
- request:
    body: null
    headers:
      Accept:
      - application/xml
      Accept-Encoding:
      - gzip, deflate
      CommandName:
      - storage share snapshot
      Connection:
      - keep-alive
      Content-Length:
      - '0'
      ParameterSetName:
      - -n --account-name --account-key
      User-Agent:
      - AZURECLI/2.37.0 azsdk-python-storage-file-share/12.8.0 Python/3.9.6 (Windows-10-10.0.19044-SP0)
      x-ms-date:
      - Fri, 10 Jun 2022 09:20:50 GMT
      x-ms-version:
      - '2021-06-08'
    method: PUT
    uri: https://clitest000002.file.core.windows.net/share000003?restype=share&comp=snapshot
  response:
    body:
      string: ''
    headers:
      content-length:
      - '0'
      date:
      - Fri, 10 Jun 2022 09:20:51 GMT
      etag:
      - '"0x8DA4AC27E05323B"'
      last-modified:
      - Fri, 10 Jun 2022 09:20:42 GMT
      server:
      - Windows-Azure-File/1.0 Microsoft-HTTPAPI/2.0
      x-ms-snapshot:
      - '2022-06-10T09:20:51.0000000Z'
      x-ms-version:
      - '2021-06-08'
    status:
      code: 201
      message: Created
- request:
    body: null
    headers:
      Connection:
      - keep-alive
      Content-Length:
      - '0'
      User-Agent:
      - Azure-Storage/2.0.0-2.0.1 (Python CPython 3.9.6; Windows 10) AZURECLI/2.37.0
      x-ms-date:
      - Fri, 10 Jun 2022 09:20:52 GMT
      x-ms-version:
      - '2018-11-09'
    method: DELETE
    uri: https://clitest000002.file.core.windows.net/share000003/dir1/source_file.txt
  response:
    body:
      string: ''
    headers:
      content-length:
      - '0'
      date:
      - Fri, 10 Jun 2022 09:20:52 GMT
      server:
      - Windows-Azure-File/1.0 Microsoft-HTTPAPI/2.0
      x-ms-version:
      - '2018-11-09'
    status:
      code: 202
      message: Accepted
- request:
    body: null
    headers:
      Connection:
      - keep-alive
      User-Agent:
      - Azure-Storage/2.0.0-2.0.1 (Python CPython 3.9.6; Windows 10) AZURECLI/2.37.0
      x-ms-date:
      - Fri, 10 Jun 2022 09:20:53 GMT
      x-ms-version:
      - '2018-11-09'
    method: HEAD
    uri: https://clitest000002.file.core.windows.net/share000003/dir1/source_file.txt
  response:
    body:
      string: ''
    headers:
      date:
      - Fri, 10 Jun 2022 09:20:53 GMT
      server:
      - Windows-Azure-File/1.0 Microsoft-HTTPAPI/2.0
      transfer-encoding:
      - chunked
      x-ms-error-code:
      - ResourceNotFound
      x-ms-version:
      - '2018-11-09'
    status:
      code: 404
      message: The specified resource does not exist.
- request:
    body: null
    headers:
      Accept:
      - application/xml
      Accept-Encoding:
      - gzip, deflate
      CommandName:
      - storage file copy start
      Connection:
      - keep-alive
      Content-Length:
      - '0'
      ParameterSetName:
      - -s -p --source-share --source-path --file-snapshot --account-name --account-key
      User-Agent:
      - AZURECLI/2.37.0 azsdk-python-storage-file-share/12.8.0 Python/3.9.6 (Windows-10-10.0.19044-SP0)
      x-ms-copy-source:
      - https://clitestvbfltvbhwb53g7odm.file.core.windows.net/sharexprtdgupt2ib2tsfjbf/dir1%5Csource_file.txt?sharesnapshot=2022-06-10T09:20:51.0000000Z
      x-ms-date:
      - Fri, 10 Jun 2022 09:20:54 GMT
      x-ms-version:
      - '2021-06-08'
    method: PUT
    uri: https://clitest000002.file.core.windows.net/share000004/dir2%5Cdestination_file.txt
  response:
    body:
      string: ''
    headers:
      content-length:
      - '0'
      date:
      - Fri, 10 Jun 2022 09:20:55 GMT
      etag:
      - '"0x8DA4AC285BBE8E2"'
      last-modified:
      - Fri, 10 Jun 2022 09:20:55 GMT
      server:
      - Windows-Azure-File/1.0 Microsoft-HTTPAPI/2.0
      x-ms-copy-id:
      - 738f29ce-538d-4332-8400-1925330e9cf1
      x-ms-copy-status:
      - success
      x-ms-version:
      - '2021-06-08'
    status:
      code: 202
      message: Accepted
- request:
    body: null
    headers:
      Connection:
      - keep-alive
      User-Agent:
      - Azure-Storage/2.0.0-2.0.1 (Python CPython 3.9.6; Windows 10) AZURECLI/2.37.0
      x-ms-date:
      - Fri, 10 Jun 2022 09:20:55 GMT
      x-ms-version:
      - '2018-11-09'
    method: HEAD
    uri: https://clitest000002.file.core.windows.net/share000004/dir2/destination_file.txt
  response:
    body:
      string: ''
    headers:
      content-length:
      - '524288'
      content-type:
      - application/octet-stream
      date:
      - Fri, 10 Jun 2022 09:20:56 GMT
      etag:
      - '"0x8DA4AC285BBE8E2"'
      last-modified:
      - Fri, 10 Jun 2022 09:20:55 GMT
      server:
      - Windows-Azure-File/1.0 Microsoft-HTTPAPI/2.0
      x-ms-copy-completion-time:
      - Fri, 10 Jun 2022 09:20:55 GMT
      x-ms-copy-id:
      - 738f29ce-538d-4332-8400-1925330e9cf1
      x-ms-copy-progress:
      - 524288/524288
      x-ms-copy-source:
      - https://clitestvbfltvbhwb53g7odm.file.core.windows.net/sharexprtdgupt2ib2tsfjbf/dir1%5Csource_file.txt?sharesnapshot=2022-06-10T09:20:51.0000000Z
      x-ms-copy-status:
      - success
      x-ms-server-encrypted:
      - 'true'
      x-ms-type:
      - File
      x-ms-version:
      - '2018-11-09'
    status:
      code: 200
      message: OK
version: 1
