interactions:
- request:
    body: null
    headers:
      Accept:
      - application/json
      Accept-Encoding:
      - gzip, deflate
      CommandName:
      - storage account file-service-properties show
      Connection:
      - keep-alive
      ParameterSetName:
      - -n -g
      User-Agent:
      - AZURECLI/2.69.0 azsdk-python-core/1.31.0 Python/3.12.9 (Windows-10-10.0.19045-SP0)
    method: GET
    uri: https://management.azure.com/subscriptions/00000000-0000-0000-0000-000000000000/resourceGroups/cli_file_smb000001/providers/Microsoft.Storage/storageAccounts/filesmb000002/fileServices/default?api-version=2024-01-01
  response:
    body:
      string: '{"sku":{"name":"Premium_LRS","tier":"Premium"},"id":"/subscriptions/00000000-0000-0000-0000-000000000000/resourceGroups/cli_file_smb000001/providers/Microsoft.Storage/storageAccounts/filesmb000002/fileServices/default","name":"default","type":"Microsoft.Storage/storageAccounts/fileServices","properties":{"protocolSettings":{"smb":{"multichannel":{"enabled":true}}},"cors":{"corsRules":[]},"shareDeleteRetentionPolicy":{"enabled":true,"days":7}}}'
    headers:
      cache-control:
      - no-cache
      content-length:
      - '447'
      content-type:
      - application/json
      date:
      - Sun, 23 Feb 2025 10:06:53 GMT
      expires:
      - '-1'
      pragma:
      - no-cache
      server:
      - Microsoft-Azure-Storage-Resource-Provider/1.0,Microsoft-HTTPAPI/2.0 Microsoft-HTTPAPI/2.0
      strict-transport-security:
      - max-age=31536000; includeSubDomains
      x-content-type-options:
      - nosniff
      x-ms-operation-identifier:
      - tenantId=54826b22-38d6-4fb2-bad9-b7b93a3e9c5a,objectId=a7250e3a-0e5e-48e2-9a34-45f1f5e1a91e/eastus2euap/bd1cda29-bf8f-4e73-9522-bf00c3b0bf24
      x-ms-ratelimit-remaining-subscription-global-reads:
      - '3748'
    status:
      code: 200
      message: OK
- request:
    body: null
    headers:
      Accept:
      - application/json
      Accept-Encoding:
      - gzip, deflate
      CommandName:
      - storage account file-service-properties update
      Connection:
      - keep-alive
      ParameterSetName:
      - --versions --auth-methods --kerb-ticket-encryption --channel-encryption -n
        -g
      User-Agent:
      - AZURECLI/2.69.0 azsdk-python-core/1.31.0 Python/3.12.9 (Windows-10-10.0.19045-SP0)
    method: GET
    uri: https://management.azure.com/subscriptions/00000000-0000-0000-0000-000000000000/resourceGroups/cli_file_smb000001/providers/Microsoft.Storage/storageAccounts/filesmb000002/fileServices/default?api-version=2024-01-01
  response:
    body:
      string: '{"sku":{"name":"Premium_LRS","tier":"Premium"},"id":"/subscriptions/00000000-0000-0000-0000-000000000000/resourceGroups/cli_file_smb000001/providers/Microsoft.Storage/storageAccounts/filesmb000002/fileServices/default","name":"default","type":"Microsoft.Storage/storageAccounts/fileServices","properties":{"protocolSettings":{"smb":{"multichannel":{"enabled":true}}},"cors":{"corsRules":[]},"shareDeleteRetentionPolicy":{"enabled":true,"days":7}}}'
    headers:
      cache-control:
      - no-cache
      content-length:
      - '447'
      content-type:
      - application/json
      date:
      - Sun, 23 Feb 2025 10:06:54 GMT
      expires:
      - '-1'
      pragma:
      - no-cache
      server:
      - Microsoft-Azure-Storage-Resource-Provider/1.0,Microsoft-HTTPAPI/2.0 Microsoft-HTTPAPI/2.0
      strict-transport-security:
      - max-age=31536000; includeSubDomains
      x-content-type-options:
      - nosniff
      x-ms-operation-identifier:
      - tenantId=54826b22-38d6-4fb2-bad9-b7b93a3e9c5a,objectId=a7250e3a-0e5e-48e2-9a34-45f1f5e1a91e/eastus2euap/a572808f-9f68-4a69-842b-9dde5156a9e0
      x-ms-ratelimit-remaining-subscription-global-reads:
      - '3749'
    status:
      code: 200
      message: OK
- request:
    body: '{"properties": {"shareDeleteRetentionPolicy": {"enabled": true, "days":
      7}, "protocolSettings": {"smb": {"multichannel": {"enabled": true}, "versions":
      "SMB2.1;SMB3.0;SMB3.1.1", "authenticationMethods": "NTLMv2;Kerberos", "kerberosTicketEncryption":
      "RC4-HMAC;AES-256", "channelEncryption": "AES-128-CCM;AES-128-GCM;AES-256-GCM"}}}}'
    headers:
      Accept:
      - application/json
      Accept-Encoding:
      - gzip, deflate
      CommandName:
      - storage account file-service-properties update
      Connection:
      - keep-alive
      Content-Length:
      - '332'
      Content-Type:
      - application/json
      ParameterSetName:
      - --versions --auth-methods --kerb-ticket-encryption --channel-encryption -n
        -g
      User-Agent:
      - AZURECLI/2.69.0 azsdk-python-core/1.31.0 Python/3.12.9 (Windows-10-10.0.19045-SP0)
    method: PUT
    uri: https://management.azure.com/subscriptions/00000000-0000-0000-0000-000000000000/resourceGroups/cli_file_smb000001/providers/Microsoft.Storage/storageAccounts/filesmb000002/fileServices/default?api-version=2024-01-01
  response:
    body:
      string: '{"id":"/subscriptions/00000000-0000-0000-0000-000000000000/resourceGroups/cli_file_smb000001/providers/Microsoft.Storage/storageAccounts/filesmb000002/fileServices/default","name":"default","type":"Microsoft.Storage/storageAccounts/fileServices","properties":{"protocolSettings":{"smb":{"multichannel":{"enabled":true},"versions":"SMB2.1;SMB3.0;SMB3.1.1","authenticationMethods":"NTLMv2;Kerberos","kerberosTicketEncryption":"RC4-HMAC;AES-256","channelEncryption":"AES-128-CCM;AES-128-GCM;AES-256-GCM"}},"shareDeleteRetentionPolicy":{"enabled":true,"days":7}}}'
    headers:
      cache-control:
      - no-cache
      content-length:
      - '559'
      content-type:
      - application/json
      date:
      - Sun, 23 Feb 2025 10:06:58 GMT
      expires:
      - '-1'
      pragma:
      - no-cache
      server:
      - Microsoft-Azure-Storage-Resource-Provider/1.0,Microsoft-HTTPAPI/2.0 Microsoft-HTTPAPI/2.0
      strict-transport-security:
      - max-age=31536000; includeSubDomains
      x-content-type-options:
      - nosniff
      x-ms-operation-identifier:
      - tenantId=54826b22-38d6-4fb2-bad9-b7b93a3e9c5a,objectId=a7250e3a-0e5e-48e2-9a34-45f1f5e1a91e/eastus2euap/d66258e1-1963-4a20-9d1b-a59772aeb389
      x-ms-ratelimit-remaining-subscription-global-writes:
      - '2999'
      x-ms-ratelimit-remaining-subscription-writes:
      - '199'
    status:
      code: 200
      message: OK
- request:
    body: null
    headers:
      Accept:
      - application/json
      Accept-Encoding:
      - gzip, deflate
      CommandName:
      - storage account file-service-properties show
      Connection:
      - keep-alive
      ParameterSetName:
      - -n -g
      User-Agent:
      - AZURECLI/2.69.0 azsdk-python-core/1.31.0 Python/3.12.9 (Windows-10-10.0.19045-SP0)
    method: GET
    uri: https://management.azure.com/subscriptions/00000000-0000-0000-0000-000000000000/resourceGroups/cli_file_smb000001/providers/Microsoft.Storage/storageAccounts/filesmb000002/fileServices/default?api-version=2024-01-01
  response:
    body:
      string: '{"sku":{"name":"Premium_LRS","tier":"Premium"},"id":"/subscriptions/00000000-0000-0000-0000-000000000000/resourceGroups/cli_file_smb000001/providers/Microsoft.Storage/storageAccounts/filesmb000002/fileServices/default","name":"default","type":"Microsoft.Storage/storageAccounts/fileServices","properties":{"protocolSettings":{"smb":{"multichannel":{"enabled":true},"versions":"SMB2.1;SMB3.0;SMB3.1.1","authenticationMethods":"NTLMv2;Kerberos","kerberosTicketEncryption":"RC4-HMAC;AES-256","channelEncryption":"AES-128-CCM;AES-128-GCM;AES-256-GCM"}},"cors":{"corsRules":[]},"shareDeleteRetentionPolicy":{"enabled":true,"days":7}}}'
    headers:
      cache-control:
      - no-cache
      content-length:
      - '629'
      content-type:
      - application/json
      date:
      - Sun, 23 Feb 2025 10:06:59 GMT
      expires:
      - '-1'
      pragma:
      - no-cache
      server:
      - Microsoft-Azure-Storage-Resource-Provider/1.0,Microsoft-HTTPAPI/2.0 Microsoft-HTTPAPI/2.0
      strict-transport-security:
      - max-age=31536000; includeSubDomains
      x-content-type-options:
      - nosniff
      x-ms-operation-identifier:
      - tenantId=54826b22-38d6-4fb2-bad9-b7b93a3e9c5a,objectId=a7250e3a-0e5e-48e2-9a34-45f1f5e1a91e/eastus2euap/92fb6d4f-700d-4bc1-8a2b-9a702bafbeaa
      x-ms-ratelimit-remaining-subscription-global-reads:
      - '3749'
    status:
      code: 200
      message: OK
version: 1
