interactions:
- request:
    body: null
    headers:
      Accept:
      - application/json
      Accept-Encoding:
      - gzip, deflate
      CommandName:
      - storage account keys list
      Connection:
      - keep-alive
      Content-Length:
      - '0'
      ParameterSetName:
      - -n -g --query -o
      User-Agent:
      - AZURECLI/2.19.1 azsdk-python-azure-mgmt-storage/17.0.0 Python/3.7.7 (Windows-10-10.0.19041-SP0)
    method: POST
    uri: https://management.azure.com/subscriptions/00000000-0000-0000-0000-000000000000/resourceGroups/clitest.rg000001/providers/Microsoft.Storage/storageAccounts/clitest000002/listKeys?api-version=2021-01-01&$expand=kerb
  response:
    body:
      string: '{"keys":[{"keyName":"key1","value":"veryFakedStorageAccountKey==","permissions":"FULL"},{"keyName":"key2","value":"veryFakedStorageAccountKey==","permissions":"FULL"}]}'
    headers:
      cache-control:
      - no-cache
      content-length:
      - '288'
      content-type:
      - application/json
      date:
      - Sat, 20 Feb 2021 10:58:26 GMT
      expires:
      - '-1'
      pragma:
      - no-cache
      server:
      - Microsoft-Azure-Storage-Resource-Provider/1.0,Microsoft-HTTPAPI/2.0 Microsoft-HTTPAPI/2.0
      strict-transport-security:
      - max-age=31536000; includeSubDomains
      transfer-encoding:
      - chunked
      vary:
      - Accept-Encoding
      x-content-type-options:
      - nosniff
      x-ms-ratelimit-remaining-subscription-resource-requests:
      - '11990'
    status:
      code: 200
      message: OK
- request:
    body: null
    headers:
      Accept:
      - '*/*'
      Accept-Encoding:
      - gzip, deflate
      CommandName:
      - storage fs create
      Connection:
      - keep-alive
      Content-Length:
      - '0'
      ParameterSetName:
      - -n --account-name --account-key
      User-Agent:
      - AZURECLI/2.19.1 azsdk-python-storage-dfs/12.2.0b1 Python/3.7.7 (Windows-10-10.0.19041-SP0)
      x-ms-date:
      - Sat, 20 Feb 2021 10:58:26 GMT
      x-ms-version:
      - '2020-02-10'
    method: PUT
    uri: https://clitest000002.blob.core.windows.net/filesystem000003?restype=container
  response:
    body:
      string: ''
    headers:
      content-length:
      - '0'
      date:
      - Sat, 20 Feb 2021 10:58:29 GMT
      etag:
      - '"0x8D8D58E74D245E4"'
      last-modified:
      - Sat, 20 Feb 2021 10:58:29 GMT
      server:
      - Windows-Azure-Blob/1.0 Microsoft-HTTPAPI/2.0
      x-ms-version:
      - '2020-02-10'
    status:
      code: 201
      message: Created
- request:
    body: null
    headers:
      Accept:
      - '*/*'
      Accept-Encoding:
      - gzip, deflate
      CommandName:
      - storage fs file create
      Connection:
      - keep-alive
      Content-Length:
      - '0'
      ParameterSetName:
      - -p -f --account-name --account-key
      User-Agent:
      - AZURECLI/2.19.1 azsdk-python-storage-dfs/12.2.0b1 Python/3.7.7 (Windows-10-10.0.19041-SP0)
      x-ms-date:
      - Sat, 20 Feb 2021 10:58:29 GMT
      x-ms-properties:
      - ''
      x-ms-version:
      - '2020-02-10'
    method: PUT
    uri: https://clitest000002.dfs.core.windows.net/filesystem000003/dir000004%2Ffile000005?resource=file
  response:
    body:
      string: ''
    headers:
      content-length:
      - '0'
      date:
      - Sat, 20 Feb 2021 10:58:30 GMT
      etag:
      - '"0x8D8D58E7592D26B"'
      last-modified:
      - Sat, 20 Feb 2021 10:58:30 GMT
      server:
      - Windows-Azure-HDFS/1.0 Microsoft-HTTPAPI/2.0
      x-ms-version:
      - '2020-02-10'
    status:
      code: 201
      message: Created
- request:
    body: null
    headers:
      Accept:
      - '*/*'
      Accept-Encoding:
      - gzip, deflate
      CommandName:
      - storage fs file show
      Connection:
      - keep-alive
      ParameterSetName:
      - -p -f --account-name --account-key
      User-Agent:
      - AZURECLI/2.19.1 azsdk-python-storage-dfs/12.2.0b1 Python/3.7.7 (Windows-10-10.0.19041-SP0)
      x-ms-date:
      - Sat, 20 Feb 2021 10:58:30 GMT
      x-ms-version:
      - '2020-02-10'
    method: HEAD
    uri: https://clitest000002.blob.core.windows.net/filesystem000003/dir000004/file000005
  response:
    body:
      string: ''
    headers:
      accept-ranges:
      - bytes
      content-length:
      - '0'
      content-type:
      - application/octet-stream
      date:
      - Sat, 20 Feb 2021 10:58:30 GMT
      etag:
      - '"0x8D8D58E7592D26B"'
      last-modified:
      - Sat, 20 Feb 2021 10:58:30 GMT
      server:
      - Windows-Azure-Blob/1.0 Microsoft-HTTPAPI/2.0
      x-ms-access-tier:
      - Hot
      x-ms-access-tier-inferred:
      - 'true'
      x-ms-blob-type:
      - BlockBlob
      x-ms-creation-time:
      - Sat, 20 Feb 2021 10:58:30 GMT
      x-ms-lease-state:
      - available
      x-ms-lease-status:
      - unlocked
      x-ms-server-encrypted:
      - 'true'
      x-ms-version:
      - '2020-02-10'
    status:
      code: 200
      message: OK
- request:
    body: null
    headers:
      Accept:
      - '*/*'
      Accept-Encoding:
      - gzip, deflate
      CommandName:
      - storage fs file show
      Connection:
      - keep-alive
      ParameterSetName:
      - -p -f --account-name --account-key
      User-Agent:
      - AZURECLI/2.19.1 azsdk-python-storage-dfs/12.2.0b1 Python/3.7.7 (Windows-10-10.0.19041-SP0)
      x-ms-date:
      - Sat, 20 Feb 2021 10:58:31 GMT
      x-ms-version:
      - '2020-02-10'
    method: HEAD
    uri: https://clitest000002.dfs.core.windows.net/filesystem000003/dir000004%2Ffile000005?action=getAccessControl&upn=false
  response:
    body:
      string: ''
    headers:
      date:
      - Sat, 20 Feb 2021 10:58:32 GMT
      etag:
      - '"0x8D8D58E7592D26B"'
      last-modified:
      - Sat, 20 Feb 2021 10:58:30 GMT
      server:
      - Windows-Azure-HDFS/1.0 Microsoft-HTTPAPI/2.0
      x-ms-acl:
      - user::rw-,group::r--,other::---
      x-ms-group:
      - $superuser
      x-ms-owner:
      - $superuser
      x-ms-permissions:
      - rw-r-----
      x-ms-version:
      - '2020-02-10'
    status:
      code: 200
      message: OK
- request:
    body: null
    headers:
      Accept:
      - '*/*'
      Accept-Encoding:
      - gzip, deflate
      CommandName:
      - storage fs directory show
      Connection:
      - keep-alive
      ParameterSetName:
      - -n -f --account-name --account-key
      User-Agent:
      - AZURECLI/2.19.1 azsdk-python-storage-dfs/12.2.0b1 Python/3.7.7 (Windows-10-10.0.19041-SP0)
      x-ms-date:
      - Sat, 20 Feb 2021 10:58:32 GMT
      x-ms-version:
      - '2020-02-10'
    method: HEAD
    uri: https://clitest000002.blob.core.windows.net/filesystem000003/dir000004
  response:
    body:
      string: ''
    headers:
      accept-ranges:
      - bytes
      content-length:
      - '0'
      date:
      - Sat, 20 Feb 2021 10:58:33 GMT
      etag:
      - '"0x8D8D58E7591EBC7"'
      last-modified:
      - Sat, 20 Feb 2021 10:58:30 GMT
      server:
      - Windows-Azure-Blob/1.0 Microsoft-HTTPAPI/2.0
      x-ms-access-tier:
      - Hot
      x-ms-access-tier-inferred:
      - 'true'
      x-ms-blob-type:
      - BlockBlob
      x-ms-creation-time:
      - Sat, 20 Feb 2021 10:58:30 GMT
      x-ms-lease-state:
      - available
      x-ms-lease-status:
      - unlocked
      x-ms-meta-hdi_isfolder:
      - 'true'
      x-ms-server-encrypted:
      - 'true'
      x-ms-version:
      - '2020-02-10'
    status:
      code: 200
      message: OK
- request:
    body: null
    headers:
      Accept:
      - '*/*'
      Accept-Encoding:
      - gzip, deflate
      CommandName:
      - storage fs directory show
      Connection:
      - keep-alive
      ParameterSetName:
      - -n -f --account-name --account-key
      User-Agent:
      - AZURECLI/2.19.1 azsdk-python-storage-dfs/12.2.0b1 Python/3.7.7 (Windows-10-10.0.19041-SP0)
      x-ms-date:
      - Sat, 20 Feb 2021 10:58:33 GMT
      x-ms-version:
      - '2020-02-10'
    method: HEAD
    uri: https://clitest000002.dfs.core.windows.net/filesystem000003/dir000004?action=getAccessControl&upn=false
  response:
    body:
      string: ''
    headers:
      date:
      - Sat, 20 Feb 2021 10:58:34 GMT
      etag:
      - '"0x8D8D58E7591EBC7"'
      last-modified:
      - Sat, 20 Feb 2021 10:58:30 GMT
      server:
      - Windows-Azure-HDFS/1.0 Microsoft-HTTPAPI/2.0
      x-ms-acl:
      - user::rwx,group::r-x,other::---
      x-ms-group:
      - $superuser
      x-ms-owner:
      - $superuser
      x-ms-permissions:
      - rwxr-x---
      x-ms-version:
      - '2020-02-10'
    status:
      code: 200
      message: OK
- request:
    body: null
    headers:
      Accept:
      - '*/*'
      Accept-Encoding:
      - gzip, deflate
      CommandName:
      - storage fs access set
      Connection:
      - keep-alive
      Content-Length:
      - '0'
      ParameterSetName:
      - -f -p --acl --account-name --account-key
      User-Agent:
      - AZURECLI/2.19.1 azsdk-python-storage-dfs/12.2.0b1 Python/3.7.7 (Windows-10-10.0.19041-SP0)
      x-ms-acl:
      - user::rwx,group::r--,other::---
      x-ms-date:
      - Sat, 20 Feb 2021 10:58:35 GMT
      x-ms-version:
      - '2020-02-10'
    method: PATCH
    uri: https://clitest000002.dfs.core.windows.net/filesystem000003/%2F?action=setAccessControl
  response:
    body:
      string: ''
    headers:
      content-length:
      - '0'
      date:
      - Sat, 20 Feb 2021 10:58:35 GMT
      etag:
      - '"0x8D8D58E74D7E8C9"'
      last-modified:
      - Sat, 20 Feb 2021 10:58:29 GMT
      server:
      - Windows-Azure-HDFS/1.0 Microsoft-HTTPAPI/2.0
      x-ms-namespace-enabled:
      - 'true'
      x-ms-version:
      - '2020-02-10'
    status:
      code: 200
      message: OK
- request:
    body: null
    headers:
      Accept:
      - '*/*'
      Accept-Encoding:
      - gzip, deflate
      CommandName:
      - storage fs access show
      Connection:
      - keep-alive
      ParameterSetName:
      - -f -p --account-name --account-key
      User-Agent:
      - AZURECLI/2.19.1 azsdk-python-storage-dfs/12.2.0b1 Python/3.7.7 (Windows-10-10.0.19041-SP0)
      x-ms-date:
      - Sat, 20 Feb 2021 10:58:36 GMT
      x-ms-version:
      - '2020-02-10'
    method: HEAD
    uri: https://clitest000002.dfs.core.windows.net/filesystem000003/%2F?action=getAccessControl&upn=false
  response:
    body:
      string: ''
    headers:
      date:
      - Sat, 20 Feb 2021 10:58:36 GMT
      etag:
      - '"0x8D8D58E74D7E8C9"'
      last-modified:
      - Sat, 20 Feb 2021 10:58:29 GMT
      server:
      - Windows-Azure-HDFS/1.0 Microsoft-HTTPAPI/2.0
      x-ms-acl:
      - user::rwx,group::r--,other::---
      x-ms-group:
      - $superuser
      x-ms-owner:
      - $superuser
      x-ms-permissions:
      - rwxr-----
      x-ms-version:
      - '2020-02-10'
    status:
      code: 200
      message: OK
- request:
    body: null
    headers:
      Accept:
      - '*/*'
      Accept-Encoding:
      - gzip, deflate
      CommandName:
      - storage fs access set
      Connection:
      - keep-alive
      Content-Length:
      - '0'
      ParameterSetName:
      - -f -p --permissions --account-name --account-key
      User-Agent:
      - AZURECLI/2.19.1 azsdk-python-storage-dfs/12.2.0b1 Python/3.7.7 (Windows-10-10.0.19041-SP0)
      x-ms-date:
      - Sat, 20 Feb 2021 10:58:37 GMT
      x-ms-permissions:
      - rwxrwxrwx
      x-ms-version:
      - '2020-02-10'
    method: PATCH
    uri: https://clitest000002.dfs.core.windows.net/filesystem000003/dir000004%2Ffile000005?action=setAccessControl
  response:
    body:
      string: ''
    headers:
      content-length:
      - '0'
      date:
      - Sat, 20 Feb 2021 10:58:38 GMT
      etag:
      - '"0x8D8D58E7592D26B"'
      last-modified:
      - Sat, 20 Feb 2021 10:58:30 GMT
      server:
      - Windows-Azure-HDFS/1.0 Microsoft-HTTPAPI/2.0
      x-ms-namespace-enabled:
      - 'true'
      x-ms-version:
      - '2020-02-10'
    status:
      code: 200
      message: OK
- request:
    body: null
    headers:
      Accept:
      - '*/*'
      Accept-Encoding:
      - gzip, deflate
      CommandName:
      - storage fs access show
      Connection:
      - keep-alive
      ParameterSetName:
      - -f -p --account-name --account-key
      User-Agent:
      - AZURECLI/2.19.1 azsdk-python-storage-dfs/12.2.0b1 Python/3.7.7 (Windows-10-10.0.19041-SP0)
      x-ms-date:
      - Sat, 20 Feb 2021 10:58:38 GMT
      x-ms-version:
      - '2020-02-10'
    method: HEAD
    uri: https://clitest000002.dfs.core.windows.net/filesystem000003/dir000004%2Ffile000005?action=getAccessControl&upn=false
  response:
    body:
      string: ''
    headers:
      date:
      - Sat, 20 Feb 2021 10:58:38 GMT
      etag:
      - '"0x8D8D58E7592D26B"'
      last-modified:
      - Sat, 20 Feb 2021 10:58:30 GMT
      server:
      - Windows-Azure-HDFS/1.0 Microsoft-HTTPAPI/2.0
      x-ms-acl:
      - user::rwx,group::rwx,other::rwx
      x-ms-group:
      - $superuser
      x-ms-owner:
      - $superuser
      x-ms-permissions:
      - rwxrwxrwx
      x-ms-version:
      - '2020-02-10'
    status:
      code: 200
      message: OK
version: 1
