interactions:
- request:
    body: '{}'
    headers:
      Accept:
      - application/json
      Accept-Encoding:
      - gzip, deflate
      CommandName:
      - storage share-rm create
      Connection:
      - keep-alive
      Content-Length:
      - '2'
      Content-Type:
      - application/json
      ParameterSetName:
      - --storage-account -g -n
      User-Agent:
      - AZURECLI/2.19.1 azsdk-python-azure-mgmt-storage/17.0.0 Python/3.7.4 (Windows-10-10.0.19041-SP0)
    method: PUT
    uri: https://management.azure.com/subscriptions/00000000-0000-0000-0000-000000000000/resourceGroups/cli_tier000001/providers/Microsoft.Storage/storageAccounts/tier000002/fileServices/default/shares/share000003?api-version=2021-01-01
  response:
    body:
      string: '{"id":"/subscriptions/00000000-0000-0000-0000-000000000000/resourceGroups/cli_tier000001/providers/Microsoft.Storage/storageAccounts/tier000002/fileServices/default/shares/share000003","name":"share000003","type":"Microsoft.Storage/storageAccounts/fileServices/shares"}'
    headers:
      cache-control:
      - no-cache
      content-length:
      - '370'
      content-type:
      - application/json
      date:
      - Wed, 24 Feb 2021 12:46:58 GMT
      etag:
      - '"0x8D8D8C24662BAA2"'
      expires:
      - '-1'
      pragma:
      - no-cache
      server:
      - Microsoft-Azure-Storage-Resource-Provider/1.0,Microsoft-HTTPAPI/2.0 Microsoft-HTTPAPI/2.0
      strict-transport-security:
      - max-age=31536000; includeSubDomains
      x-content-type-options:
      - nosniff
      x-ms-ratelimit-remaining-subscription-writes:
      - '1159'
    status:
      code: 201
      message: Created
- request:
    body: null
    headers:
      Accept:
      - application/json
      Accept-Encoding:
      - gzip, deflate
      CommandName:
      - storage share-rm show
      Connection:
      - keep-alive
      ParameterSetName:
      - --storage-account -g -n
      User-Agent:
      - AZURECLI/2.19.1 azsdk-python-azure-mgmt-storage/17.0.0 Python/3.7.4 (Windows-10-10.0.19041-SP0)
    method: GET
    uri: https://management.azure.com/subscriptions/00000000-0000-0000-0000-000000000000/resourceGroups/cli_tier000001/providers/Microsoft.Storage/storageAccounts/tier000002/fileServices/default/shares/share000003?api-version=2021-01-01
  response:
    body:
      string: '{"id":"/subscriptions/00000000-0000-0000-0000-000000000000/resourceGroups/cli_tier000001/providers/Microsoft.Storage/storageAccounts/tier000002/fileServices/default/shares/share000003","name":"share000003","type":"Microsoft.Storage/storageAccounts/fileServices/shares","etag":"\"0x8D8D8C24662BAA2\"","properties":{"accessTier":"TransactionOptimized","lastModifiedTime":"2021-02-24T12:46:58.0000000Z","shareQuota":5120}}'
    headers:
      cache-control:
      - no-cache
      content-length:
      - '520'
      content-type:
      - application/json
      date:
      - Wed, 24 Feb 2021 12:46:59 GMT
      etag:
      - '"0x8D8D8C24662BAA2"'
      expires:
      - '-1'
      pragma:
      - no-cache
      server:
      - Microsoft-Azure-Storage-Resource-Provider/1.0,Microsoft-HTTPAPI/2.0 Microsoft-HTTPAPI/2.0
      strict-transport-security:
      - max-age=31536000; includeSubDomains
      transfer-encoding:
      - chunked
      vary:
      - Accept-Encoding
      x-content-type-options:
      - nosniff
    status:
      code: 200
      message: OK
- request:
    body: null
    headers:
      Accept:
      - application/json
      Accept-Encoding:
      - gzip, deflate
      CommandName:
      - storage share-rm update
      Connection:
      - keep-alive
      ParameterSetName:
      - --storage-account -g -n --access-tier
      User-Agent:
      - AZURECLI/2.19.1 azsdk-python-azure-mgmt-storage/17.0.0 Python/3.7.4 (Windows-10-10.0.19041-SP0)
    method: GET
    uri: https://management.azure.com/subscriptions/00000000-0000-0000-0000-000000000000/resourceGroups/cli_tier000001/providers/Microsoft.Storage/storageAccounts/tier000002/fileServices/default/shares/share000003?api-version=2021-01-01&$expand=stats
  response:
    body:
      string: '{"id":"/subscriptions/00000000-0000-0000-0000-000000000000/resourceGroups/cli_tier000001/providers/Microsoft.Storage/storageAccounts/tier000002/fileServices/default/shares/share000003","name":"share000003","type":"Microsoft.Storage/storageAccounts/fileServices/shares","etag":"\"0x8D8D8C24662BAA2\"","properties":{"shareUsageBytes":0,"accessTier":"TransactionOptimized","lastModifiedTime":"2021-02-24T12:46:58.0000000Z","shareQuota":5120}}'
    headers:
      cache-control:
      - no-cache
      content-length:
      - '540'
      content-type:
      - application/json
      date:
      - Wed, 24 Feb 2021 12:47:00 GMT
      etag:
      - '"0x8D8D8C24662BAA2"'
      expires:
      - '-1'
      pragma:
      - no-cache
      server:
      - Microsoft-Azure-Storage-Resource-Provider/1.0,Microsoft-HTTPAPI/2.0 Microsoft-HTTPAPI/2.0
      strict-transport-security:
      - max-age=31536000; includeSubDomains
      transfer-encoding:
      - chunked
      vary:
      - Accept-Encoding
      x-content-type-options:
      - nosniff
    status:
      code: 200
      message: OK
- request:
    body: '{"properties": {"shareQuota": 5120, "accessTier": "Hot"}}'
    headers:
      Accept:
      - application/json
      Accept-Encoding:
      - gzip, deflate
      CommandName:
      - storage share-rm update
      Connection:
      - keep-alive
      Content-Length:
      - '57'
      Content-Type:
      - application/json
      ParameterSetName:
      - --storage-account -g -n --access-tier
      User-Agent:
      - AZURECLI/2.19.1 azsdk-python-azure-mgmt-storage/17.0.0 Python/3.7.4 (Windows-10-10.0.19041-SP0)
    method: PATCH
    uri: https://management.azure.com/subscriptions/00000000-0000-0000-0000-000000000000/resourceGroups/cli_tier000001/providers/Microsoft.Storage/storageAccounts/tier000002/fileServices/default/shares/share000003?api-version=2021-01-01
  response:
    body:
      string: '{"id":"/subscriptions/00000000-0000-0000-0000-000000000000/resourceGroups/cli_tier000001/providers/Microsoft.Storage/storageAccounts/tier000002/fileServices/default/shares/share000003","name":"share000003","type":"Microsoft.Storage/storageAccounts/fileServices/shares","properties":{"accessTier":"Hot","shareQuota":5120}}'
    headers:
      cache-control:
      - no-cache
      content-length:
      - '422'
      content-type:
      - application/json
      date:
      - Wed, 24 Feb 2021 12:47:01 GMT
      etag:
      - '"0x8D8D8C2481EC48E"'
      expires:
      - '-1'
      pragma:
      - no-cache
      server:
      - Microsoft-Azure-Storage-Resource-Provider/1.0,Microsoft-HTTPAPI/2.0 Microsoft-HTTPAPI/2.0
      strict-transport-security:
      - max-age=31536000; includeSubDomains
      transfer-encoding:
      - chunked
      vary:
      - Accept-Encoding
      x-content-type-options:
      - nosniff
      x-ms-ratelimit-remaining-subscription-writes:
      - '1165'
    status:
      code: 200
      message: OK
- request:
    body: null
    headers:
      Accept:
      - application/json
      Accept-Encoding:
      - gzip, deflate
      CommandName:
      - storage share-rm show
      Connection:
      - keep-alive
      ParameterSetName:
      - --storage-account -g -n
      User-Agent:
      - AZURECLI/2.19.1 azsdk-python-azure-mgmt-storage/17.0.0 Python/3.7.4 (Windows-10-10.0.19041-SP0)
    method: GET
    uri: https://management.azure.com/subscriptions/00000000-0000-0000-0000-000000000000/resourceGroups/cli_tier000001/providers/Microsoft.Storage/storageAccounts/tier000002/fileServices/default/shares/share000003?api-version=2021-01-01
  response:
    body:
      string: '{"id":"/subscriptions/00000000-0000-0000-0000-000000000000/resourceGroups/cli_tier000001/providers/Microsoft.Storage/storageAccounts/tier000002/fileServices/default/shares/share000003","name":"share000003","type":"Microsoft.Storage/storageAccounts/fileServices/shares","etag":"\"0x8D8D8C2481EC48E\"","properties":{"accessTier":"Hot","accessTierChangeTime":"2021-02-24T12:47:01.0000000Z","lastModifiedTime":"2021-02-24T12:47:01.0000000Z","shareQuota":5120}}'
    headers:
      cache-control:
      - no-cache
      content-length:
      - '557'
      content-type:
      - application/json
      date:
      - Wed, 24 Feb 2021 12:47:02 GMT
      etag:
      - '"0x8D8D8C2481EC48E"'
      expires:
      - '-1'
      pragma:
      - no-cache
      server:
      - Microsoft-Azure-Storage-Resource-Provider/1.0,Microsoft-HTTPAPI/2.0 Microsoft-HTTPAPI/2.0
      strict-transport-security:
      - max-age=31536000; includeSubDomains
      transfer-encoding:
      - chunked
      vary:
      - Accept-Encoding
      x-content-type-options:
      - nosniff
    status:
      code: 200
      message: OK
- request:
    body: '{"properties": {"accessTier": "Hot"}}'
    headers:
      Accept:
      - application/json
      Accept-Encoding:
      - gzip, deflate
      CommandName:
      - storage share-rm create
      Connection:
      - keep-alive
      Content-Length:
      - '37'
      Content-Type:
      - application/json
      ParameterSetName:
      - --storage-account -g -n --access-tier
      User-Agent:
      - AZURECLI/2.19.1 azsdk-python-azure-mgmt-storage/17.0.0 Python/3.7.4 (Windows-10-10.0.19041-SP0)
    method: PUT
    uri: https://management.azure.com/subscriptions/00000000-0000-0000-0000-000000000000/resourceGroups/cli_tier000001/providers/Microsoft.Storage/storageAccounts/tier000002/fileServices/default/shares/share000004?api-version=2021-01-01
  response:
    body:
      string: '{"id":"/subscriptions/00000000-0000-0000-0000-000000000000/resourceGroups/cli_tier000001/providers/Microsoft.Storage/storageAccounts/tier000002/fileServices/default/shares/share000004","name":"share000004","type":"Microsoft.Storage/storageAccounts/fileServices/shares","properties":{"accessTier":"Hot"}}'
    headers:
      cache-control:
      - no-cache
      content-length:
      - '404'
      content-type:
      - application/json
      date:
      - Wed, 24 Feb 2021 12:47:03 GMT
      etag:
      - '"0x8D8D8C2495B2727"'
      expires:
      - '-1'
      pragma:
      - no-cache
      server:
      - Microsoft-Azure-Storage-Resource-Provider/1.0,Microsoft-HTTPAPI/2.0 Microsoft-HTTPAPI/2.0
      strict-transport-security:
      - max-age=31536000; includeSubDomains
      x-content-type-options:
      - nosniff
      x-ms-ratelimit-remaining-subscription-writes:
      - '1149'
    status:
      code: 201
      message: Created
version: 1
