interactions:
- request:
    body: null
    headers:
      Accept:
      - application/json
      Accept-Encoding:
      - gzip, deflate
      CommandName:
      - storage account file-service-properties show
      Connection:
      - keep-alive
      ParameterSetName:
      - --account-name -g
      User-Agent:
      - python/3.7.7 (Windows-10-10.0.18362-SP0) msrest/0.6.17 msrest_azure/0.6.3
        azure-mgmt-storage/11.0.0 Azure-SDK-For-Python AZURECLI/2.9.0
      accept-language:
      - en-US
    method: GET
    uri: https://management.azure.com/subscriptions/00000000-0000-0000-0000-000000000000/resourceGroups/cli_file_smb000001/providers/Microsoft.Storage/storageAccounts/filesmb000002/fileServices/default?api-version=2019-06-01
  response:
    body:
      string: '{"sku":{"name":"Premium_LRS","tier":"Premium"},"id":"/subscriptions/00000000-0000-0000-0000-000000000000/resourceGroups/cli_file_smb000001/providers/Microsoft.Storage/storageAccounts/filesmb000002/fileServices/default","name":"default","type":"Microsoft.Storage/storageAccounts/fileServices","properties":{"protocolSettings":{"smb":{"multichannel":{"enabled":false}}},"cors":{"corsRules":[]}}}'
    headers:
      cache-control:
      - no-cache
      content-length:
      - '461'
      content-type:
      - application/json
      date:
      - Mon, 20 Jul 2020 04:38:06 GMT
      expires:
      - '-1'
      pragma:
      - no-cache
      server:
      - Microsoft-Azure-Storage-Resource-Provider/1.0,Microsoft-HTTPAPI/2.0 Microsoft-HTTPAPI/2.0
      strict-transport-security:
      - max-age=31536000; includeSubDomains
      transfer-encoding:
      - chunked
      vary:
      - Accept-Encoding
      x-content-type-options:
      - nosniff
    status:
      code: 200
      message: OK
- request:
    body: null
    headers:
      Accept:
      - application/json
      Accept-Encoding:
      - gzip, deflate
      CommandName:
      - storage account file-service-properties update
      Connection:
      - keep-alive
      ParameterSetName:
      - --enable-smb-multichannel -n -g
      User-Agent:
      - python/3.7.7 (Windows-10-10.0.18362-SP0) msrest/0.6.17 msrest_azure/0.6.3
        azure-mgmt-storage/11.0.0 Azure-SDK-For-Python AZURECLI/2.9.0
      accept-language:
      - en-US
    method: GET
    uri: https://management.azure.com/subscriptions/00000000-0000-0000-0000-000000000000/resourceGroups/cli_file_smb000001/providers/Microsoft.Storage/storageAccounts/filesmb000002/fileServices/default?api-version=2019-06-01
  response:
    body:
      string: '{"sku":{"name":"Premium_LRS","tier":"Premium"},"id":"/subscriptions/00000000-0000-0000-0000-000000000000/resourceGroups/cli_file_smb000001/providers/Microsoft.Storage/storageAccounts/filesmb000002/fileServices/default","name":"default","type":"Microsoft.Storage/storageAccounts/fileServices","properties":{"protocolSettings":{"smb":{"multichannel":{"enabled":false}}},"cors":{"corsRules":[]}}}'
    headers:
      cache-control:
      - no-cache
      content-length:
      - '461'
      content-type:
      - application/json
      date:
      - Mon, 20 Jul 2020 04:38:06 GMT
      expires:
      - '-1'
      pragma:
      - no-cache
      server:
      - Microsoft-Azure-Storage-Resource-Provider/1.0,Microsoft-HTTPAPI/2.0 Microsoft-HTTPAPI/2.0
      strict-transport-security:
      - max-age=31536000; includeSubDomains
      transfer-encoding:
      - chunked
      vary:
      - Accept-Encoding
      x-content-type-options:
      - nosniff
    status:
      code: 200
      message: OK
- request:
    body: '{"properties": {"cors": {"corsRules": []}, "protocolSettings": {"smb":
      {"multichannel": {"enabled": true}}}}}'
    headers:
      Accept:
      - application/json
      Accept-Encoding:
      - gzip, deflate
      CommandName:
      - storage account file-service-properties update
      Connection:
      - keep-alive
      Content-Length:
      - '109'
      Content-Type:
      - application/json; charset=utf-8
      ParameterSetName:
      - --enable-smb-multichannel -n -g
      User-Agent:
      - python/3.7.7 (Windows-10-10.0.18362-SP0) msrest/0.6.17 msrest_azure/0.6.3
        azure-mgmt-storage/11.0.0 Azure-SDK-For-Python AZURECLI/2.9.0
      accept-language:
      - en-US
    method: PUT
    uri: https://management.azure.com/subscriptions/00000000-0000-0000-0000-000000000000/resourceGroups/cli_file_smb000001/providers/Microsoft.Storage/storageAccounts/filesmb000002/fileServices/default?api-version=2019-06-01
  response:
    body:
      string: '{"id":"/subscriptions/00000000-0000-0000-0000-000000000000/resourceGroups/cli_file_smb000001/providers/Microsoft.Storage/storageAccounts/filesmb000002/fileServices/default","name":"default","type":"Microsoft.Storage/storageAccounts/fileServices","properties":{"protocolSettings":{"smb":{"multichannel":{"enabled":true}}},"cors":{"corsRules":[]}}}'
    headers:
      cache-control:
      - no-cache
      content-length:
      - '414'
      content-type:
      - application/json
      date:
      - Mon, 20 Jul 2020 04:38:11 GMT
      expires:
      - '-1'
      pragma:
      - no-cache
      server:
      - Microsoft-Azure-Storage-Resource-Provider/1.0,Microsoft-HTTPAPI/2.0 Microsoft-HTTPAPI/2.0
      strict-transport-security:
      - max-age=31536000; includeSubDomains
      transfer-encoding:
      - chunked
      vary:
      - Accept-Encoding
      x-content-type-options:
      - nosniff
      x-ms-ratelimit-remaining-subscription-writes:
      - '1198'
    status:
      code: 200
      message: OK
- request:
    body: null
    headers:
      Accept:
      - application/json
      Accept-Encoding:
      - gzip, deflate
      CommandName:
      - storage account file-service-properties update
      Connection:
      - keep-alive
      ParameterSetName:
      - --enable-smb-multichannel -n -g
      User-Agent:
      - python/3.7.7 (Windows-10-10.0.18362-SP0) msrest/0.6.17 msrest_azure/0.6.3
        azure-mgmt-storage/11.0.0 Azure-SDK-For-Python AZURECLI/2.9.0
      accept-language:
      - en-US
    method: GET
    uri: https://management.azure.com/subscriptions/00000000-0000-0000-0000-000000000000/resourceGroups/cli_file_smb000001/providers/Microsoft.Storage/storageAccounts/filesmb000002/fileServices/default?api-version=2019-06-01
  response:
    body:
      string: '{"sku":{"name":"Premium_LRS","tier":"Premium"},"id":"/subscriptions/00000000-0000-0000-0000-000000000000/resourceGroups/cli_file_smb000001/providers/Microsoft.Storage/storageAccounts/filesmb000002/fileServices/default","name":"default","type":"Microsoft.Storage/storageAccounts/fileServices","properties":{"protocolSettings":{"smb":{"multichannel":{"enabled":true}}},"cors":{"corsRules":[]}}}'
    headers:
      cache-control:
      - no-cache
      content-length:
      - '460'
      content-type:
      - application/json
      date:
      - Mon, 20 Jul 2020 04:38:12 GMT
      expires:
      - '-1'
      pragma:
      - no-cache
      server:
      - Microsoft-Azure-Storage-Resource-Provider/1.0,Microsoft-HTTPAPI/2.0 Microsoft-HTTPAPI/2.0
      strict-transport-security:
      - max-age=31536000; includeSubDomains
      transfer-encoding:
      - chunked
      vary:
      - Accept-Encoding
      x-content-type-options:
      - nosniff
    status:
      code: 200
      message: OK
- request:
    body: '{"properties": {"cors": {"corsRules": []}, "protocolSettings": {"smb":
      {"multichannel": {"enabled": false}}}}}'
    headers:
      Accept:
      - application/json
      Accept-Encoding:
      - gzip, deflate
      CommandName:
      - storage account file-service-properties update
      Connection:
      - keep-alive
      Content-Length:
      - '110'
      Content-Type:
      - application/json; charset=utf-8
      ParameterSetName:
      - --enable-smb-multichannel -n -g
      User-Agent:
      - python/3.7.7 (Windows-10-10.0.18362-SP0) msrest/0.6.17 msrest_azure/0.6.3
        azure-mgmt-storage/11.0.0 Azure-SDK-For-Python AZURECLI/2.9.0
      accept-language:
      - en-US
    method: PUT
    uri: https://management.azure.com/subscriptions/00000000-0000-0000-0000-000000000000/resourceGroups/cli_file_smb000001/providers/Microsoft.Storage/storageAccounts/filesmb000002/fileServices/default?api-version=2019-06-01
  response:
    body:
      string: '{"id":"/subscriptions/00000000-0000-0000-0000-000000000000/resourceGroups/cli_file_smb000001/providers/Microsoft.Storage/storageAccounts/filesmb000002/fileServices/default","name":"default","type":"Microsoft.Storage/storageAccounts/fileServices","properties":{"protocolSettings":{"smb":{"multichannel":{"enabled":false}}},"cors":{"corsRules":[]}}}'
    headers:
      cache-control:
      - no-cache
      content-length:
      - '415'
      content-type:
      - application/json
      date:
      - Mon, 20 Jul 2020 04:38:13 GMT
      expires:
      - '-1'
      pragma:
      - no-cache
      server:
      - Microsoft-Azure-Storage-Resource-Provider/1.0,Microsoft-HTTPAPI/2.0 Microsoft-HTTPAPI/2.0
      strict-transport-security:
      - max-age=31536000; includeSubDomains
      transfer-encoding:
      - chunked
      vary:
      - Accept-Encoding
      x-content-type-options:
      - nosniff
      x-ms-ratelimit-remaining-subscription-writes:
      - '1199'
    status:
      code: 200
      message: OK
- request:
    body: null
    headers:
      Accept:
      - application/json
      Accept-Encoding:
      - gzip, deflate
      CommandName:
      - storage account file-service-properties update
      Connection:
      - keep-alive
      ParameterSetName:
      - --enable-smb-multichannel -n -g
      User-Agent:
      - python/3.7.7 (Windows-10-10.0.18362-SP0) msrest/0.6.17 msrest_azure/0.6.3
        azure-mgmt-storage/11.0.0 Azure-SDK-For-Python AZURECLI/2.9.0
      accept-language:
      - en-US
    method: GET
    uri: https://management.azure.com/subscriptions/00000000-0000-0000-0000-000000000000/resourceGroups/cli_file_smb000001/providers/Microsoft.Storage/storageAccounts/filesmb000002/fileServices/default?api-version=2019-06-01
  response:
    body:
      string: '{"sku":{"name":"Premium_LRS","tier":"Premium"},"id":"/subscriptions/00000000-0000-0000-0000-000000000000/resourceGroups/cli_file_smb000001/providers/Microsoft.Storage/storageAccounts/filesmb000002/fileServices/default","name":"default","type":"Microsoft.Storage/storageAccounts/fileServices","properties":{"protocolSettings":{"smb":{"multichannel":{"enabled":false}}},"cors":{"corsRules":[]}}}'
    headers:
      cache-control:
      - no-cache
      content-length:
      - '461'
      content-type:
      - application/json
      date:
      - Mon, 20 Jul 2020 04:38:14 GMT
      expires:
      - '-1'
      pragma:
      - no-cache
      server:
      - Microsoft-Azure-Storage-Resource-Provider/1.0,Microsoft-HTTPAPI/2.0 Microsoft-HTTPAPI/2.0
      strict-transport-security:
      - max-age=31536000; includeSubDomains
      transfer-encoding:
      - chunked
      vary:
      - Accept-Encoding
      x-content-type-options:
      - nosniff
    status:
      code: 200
      message: OK
- request:
    body: '{"properties": {"cors": {"corsRules": []}, "protocolSettings": {"smb":
      {"multichannel": {"enabled": true}}}}}'
    headers:
      Accept:
      - application/json
      Accept-Encoding:
      - gzip, deflate
      CommandName:
      - storage account file-service-properties update
      Connection:
      - keep-alive
      Content-Length:
      - '109'
      Content-Type:
      - application/json; charset=utf-8
      ParameterSetName:
      - --enable-smb-multichannel -n -g
      User-Agent:
      - python/3.7.7 (Windows-10-10.0.18362-SP0) msrest/0.6.17 msrest_azure/0.6.3
        azure-mgmt-storage/11.0.0 Azure-SDK-For-Python AZURECLI/2.9.0
      accept-language:
      - en-US
    method: PUT
    uri: https://management.azure.com/subscriptions/00000000-0000-0000-0000-000000000000/resourceGroups/cli_file_smb000001/providers/Microsoft.Storage/storageAccounts/filesmb000002/fileServices/default?api-version=2019-06-01
  response:
    body:
      string: '{"id":"/subscriptions/00000000-0000-0000-0000-000000000000/resourceGroups/cli_file_smb000001/providers/Microsoft.Storage/storageAccounts/filesmb000002/fileServices/default","name":"default","type":"Microsoft.Storage/storageAccounts/fileServices","properties":{"protocolSettings":{"smb":{"multichannel":{"enabled":true}}},"cors":{"corsRules":[]}}}'
    headers:
      cache-control:
      - no-cache
      content-length:
      - '414'
      content-type:
      - application/json
      date:
      - Mon, 20 Jul 2020 04:38:15 GMT
      expires:
      - '-1'
      pragma:
      - no-cache
      server:
      - Microsoft-Azure-Storage-Resource-Provider/1.0,Microsoft-HTTPAPI/2.0 Microsoft-HTTPAPI/2.0
      strict-transport-security:
      - max-age=31536000; includeSubDomains
      transfer-encoding:
      - chunked
      vary:
      - Accept-Encoding
      x-content-type-options:
      - nosniff
      x-ms-ratelimit-remaining-subscription-writes:
      - '1196'
    status:
      code: 200
      message: OK
- request:
    body: null
    headers:
      Accept:
      - application/json
      Accept-Encoding:
      - gzip, deflate
      CommandName:
      - storage account file-service-properties update
      Connection:
      - keep-alive
      ParameterSetName:
      - --set -n -g
      User-Agent:
      - python/3.7.7 (Windows-10-10.0.18362-SP0) msrest/0.6.17 msrest_azure/0.6.3
        azure-mgmt-storage/11.0.0 Azure-SDK-For-Python AZURECLI/2.9.0
      accept-language:
      - en-US
    method: GET
    uri: https://management.azure.com/subscriptions/00000000-0000-0000-0000-000000000000/resourceGroups/cli_file_smb000001/providers/Microsoft.Storage/storageAccounts/filesmb000002/fileServices/default?api-version=2019-06-01
  response:
    body:
      string: '{"sku":{"name":"Premium_LRS","tier":"Premium"},"id":"/subscriptions/00000000-0000-0000-0000-000000000000/resourceGroups/cli_file_smb000001/providers/Microsoft.Storage/storageAccounts/filesmb000002/fileServices/default","name":"default","type":"Microsoft.Storage/storageAccounts/fileServices","properties":{"protocolSettings":{"smb":{"multichannel":{"enabled":true}}},"cors":{"corsRules":[]}}}'
    headers:
      cache-control:
      - no-cache
      content-length:
      - '460'
      content-type:
      - application/json
      date:
      - Mon, 20 Jul 2020 04:38:16 GMT
      expires:
      - '-1'
      pragma:
      - no-cache
      server:
      - Microsoft-Azure-Storage-Resource-Provider/1.0,Microsoft-HTTPAPI/2.0 Microsoft-HTTPAPI/2.0
      strict-transport-security:
      - max-age=31536000; includeSubDomains
      transfer-encoding:
      - chunked
      vary:
      - Accept-Encoding
      x-content-type-options:
      - nosniff
    status:
      code: 200
      message: OK
- request:
    body: '{"properties": {"cors": {"corsRules": []}, "protocolSettings": {"smb":
      {"multichannel": {"enabled": false}}}}}'
    headers:
      Accept:
      - application/json
      Accept-Encoding:
      - gzip, deflate
      CommandName:
      - storage account file-service-properties update
      Connection:
      - keep-alive
      Content-Length:
      - '110'
      Content-Type:
      - application/json; charset=utf-8
      ParameterSetName:
      - --set -n -g
      User-Agent:
      - python/3.7.7 (Windows-10-10.0.18362-SP0) msrest/0.6.17 msrest_azure/0.6.3
        azure-mgmt-storage/11.0.0 Azure-SDK-For-Python AZURECLI/2.9.0
      accept-language:
      - en-US
    method: PUT
    uri: https://management.azure.com/subscriptions/00000000-0000-0000-0000-000000000000/resourceGroups/cli_file_smb000001/providers/Microsoft.Storage/storageAccounts/filesmb000002/fileServices/default?api-version=2019-06-01
  response:
    body:
      string: '{"id":"/subscriptions/00000000-0000-0000-0000-000000000000/resourceGroups/cli_file_smb000001/providers/Microsoft.Storage/storageAccounts/filesmb000002/fileServices/default","name":"default","type":"Microsoft.Storage/storageAccounts/fileServices","properties":{"protocolSettings":{"smb":{"multichannel":{"enabled":false}}},"cors":{"corsRules":[]}}}'
    headers:
      cache-control:
      - no-cache
      content-length:
      - '415'
      content-type:
      - application/json
      date:
      - Mon, 20 Jul 2020 04:38:17 GMT
      expires:
      - '-1'
      pragma:
      - no-cache
      server:
      - Microsoft-Azure-Storage-Resource-Provider/1.0,Microsoft-HTTPAPI/2.0 Microsoft-HTTPAPI/2.0
      strict-transport-security:
      - max-age=31536000; includeSubDomains
      transfer-encoding:
      - chunked
      vary:
      - Accept-Encoding
      x-content-type-options:
      - nosniff
      x-ms-ratelimit-remaining-subscription-writes:
      - '1199'
    status:
      code: 200
      message: OK
- request:
    body: null
    headers:
      Accept:
      - application/json
      Accept-Encoding:
      - gzip, deflate
      CommandName:
      - storage account file-service-properties show
      Connection:
      - keep-alive
      ParameterSetName:
      - --account-name -g
      User-Agent:
      - python/3.7.7 (Windows-10-10.0.18362-SP0) msrest/0.6.17 msrest_azure/0.6.3
        azure-mgmt-storage/11.0.0 Azure-SDK-For-Python AZURECLI/2.9.0
      accept-language:
      - en-US
    method: GET
    uri: https://management.azure.com/subscriptions/00000000-0000-0000-0000-000000000000/resourceGroups/cli_file_smb000001/providers/Microsoft.Storage/storageAccounts/filesmb000002/fileServices/default?api-version=2019-06-01
  response:
    body:
      string: '{"sku":{"name":"Premium_LRS","tier":"Premium"},"id":"/subscriptions/00000000-0000-0000-0000-000000000000/resourceGroups/cli_file_smb000001/providers/Microsoft.Storage/storageAccounts/filesmb000002/fileServices/default","name":"default","type":"Microsoft.Storage/storageAccounts/fileServices","properties":{"protocolSettings":{"smb":{"multichannel":{"enabled":false}}},"cors":{"corsRules":[]}}}'
    headers:
      cache-control:
      - no-cache
      content-length:
      - '461'
      content-type:
      - application/json
      date:
      - Mon, 20 Jul 2020 04:38:19 GMT
      expires:
      - '-1'
      pragma:
      - no-cache
      server:
      - Microsoft-Azure-Storage-Resource-Provider/1.0,Microsoft-HTTPAPI/2.0 Microsoft-HTTPAPI/2.0
      strict-transport-security:
      - max-age=31536000; includeSubDomains
      transfer-encoding:
      - chunked
      vary:
      - Accept-Encoding
      x-content-type-options:
      - nosniff
    status:
      code: 200
      message: OK
version: 1
