interactions:
- request:
    body: null
    headers:
      Accept:
      - application/json
      Accept-Encoding:
      - gzip, deflate
      CommandName:
      - storage account keys list
      Connection:
      - keep-alive
      Content-Length:
      - '0'
      ParameterSetName:
      - -n -g --query -o
      User-Agent:
      - python/3.7.7 (Windows-10-10.0.18362-SP0) msrest/0.6.13 msrest_azure/0.6.3
        azure-mgmt-storage/9.0.0 Azure-SDK-For-Python AZURECLI/2.7.0
      accept-language:
      - en-US
    method: POST
    uri: https://management.azure.com/subscriptions/00000000-0000-0000-0000-000000000000/resourceGroups/clitest.rg000001/providers/Microsoft.Storage/storageAccounts/clitest000002/listKeys?api-version=2019-06-01
  response:
    body:
      string: '{"keys":[{"keyName":"key1","value":"veryFakedStorageAccountKey==","permissions":"FULL"},{"keyName":"key2","value":"veryFakedStorageAccountKey==","permissions":"FULL"}]}'
    headers:
      cache-control:
      - no-cache
      content-length:
      - '288'
      content-type:
      - application/json
      date:
      - Thu, 18 Jun 2020 03:58:19 GMT
      expires:
      - '-1'
      pragma:
      - no-cache
      server:
      - Microsoft-Azure-Storage-Resource-Provider/1.0,Microsoft-HTTPAPI/2.0 Microsoft-HTTPAPI/2.0
      strict-transport-security:
      - max-age=31536000; includeSubDomains
      transfer-encoding:
      - chunked
      vary:
      - Accept-Encoding
      x-content-type-options:
      - nosniff
      x-ms-ratelimit-remaining-subscription-resource-requests:
      - '11990'
    status:
      code: 200
      message: OK
- request:
    body: null
    headers:
      Connection:
      - keep-alive
      Content-Length:
      - '0'
      User-Agent:
      - Azure-Storage/2.0.0-2.0.1 (Python CPython 3.7.7; Windows 10) AZURECLI/2.7.0
      x-ms-date:
      - Thu, 18 Jun 2020 03:58:20 GMT
      x-ms-version:
      - '2018-11-09'
    method: PUT
    uri: https://clitest000002.blob.core.windows.net/cont000003?restype=container
  response:
    body:
      string: ''
    headers:
      content-length:
      - '0'
      date:
      - Thu, 18 Jun 2020 03:58:22 GMT
      etag:
      - '"0x8D8133BD86C3099"'
      last-modified:
      - Thu, 18 Jun 2020 03:58:22 GMT
      server:
      - Windows-Azure-Blob/1.0 Microsoft-HTTPAPI/2.0
      x-ms-version:
      - '2018-11-09'
    status:
      code: 201
      message: Created
- request:
    body: '<?xml version=''1.0'' encoding=''utf-8''?>

      <KeyInfo><Start>2020-06-18T03:58:25Z</Start><Expiry>2020-06-18T04:58:00Z</Expiry></KeyInfo>'
    headers:
      Connection:
      - keep-alive
      Content-Length:
      - '130'
      User-Agent:
      - Azure-Storage/2.0.0-2.0.1 (Python CPython 3.7.7; Windows 10) AZURECLI/2.7.0
      x-ms-date:
      - Thu, 18 Jun 2020 03:58:25 GMT
      x-ms-version:
      - '2018-11-09'
    method: POST
    uri: https://clitest000002.blob.core.windows.net/?restype=service&comp=userdelegationkey
  response:
    body:
      string: "\uFEFF<?xml version=\"1.0\" encoding=\"utf-8\"?><UserDelegationKey><SignedOid>21cd756e-e290-4a26-9547-93e8cc1a8923</SignedOid><SignedTid>54826b22-38d6-4fb2-bad9-b7b93a3e9c5a</SignedTid><SignedStart>2020-06-18T03:58:25Z</SignedStart><SignedExpiry>2020-06-18T04:58:00Z</SignedExpiry><SignedService>b</SignedService><SignedVersion>2018-11-09</SignedVersion><Value>bigO3zdPYjamttav20FCOursGt5+JH4lQCGC2UPWiHo=</Value></UserDelegationKey>"
    headers:
      content-type:
      - application/xml
      date:
      - Thu, 18 Jun 2020 03:58:26 GMT
      server:
      - Windows-Azure-Blob/1.0 Microsoft-HTTPAPI/2.0
      transfer-encoding:
      - chunked
      x-ms-version:
      - '2018-11-09'
    status:
      code: 200
      message: OK
- request:
    body: '<?xml version=''1.0'' encoding=''utf-8''?>

      <KeyInfo><Start>2020-06-18T03:58:27Z</Start><Expiry>2020-06-18T04:58:00Z</Expiry></KeyInfo>'
    headers:
      Connection:
      - keep-alive
      Content-Length:
      - '130'
      User-Agent:
      - Azure-Storage/2.0.0-2.0.1 (Python CPython 3.7.7; Windows 10) AZURECLI/2.7.0
      x-ms-date:
      - Thu, 18 Jun 2020 03:58:27 GMT
      x-ms-version:
      - '2018-11-09'
    method: POST
    uri: https://clitest000002.blob.core.windows.net/?restype=service&comp=userdelegationkey
  response:
    body:
      string: "\uFEFF<?xml version=\"1.0\" encoding=\"utf-8\"?><UserDelegationKey><SignedOid>21cd756e-e290-4a26-9547-93e8cc1a8923</SignedOid><SignedTid>54826b22-38d6-4fb2-bad9-b7b93a3e9c5a</SignedTid><SignedStart>2020-06-18T03:58:27Z</SignedStart><SignedExpiry>2020-06-18T04:58:00Z</SignedExpiry><SignedService>b</SignedService><SignedVersion>2018-11-09</SignedVersion><Value>49PV7rM6accny3QQqmCWQQqOWUc6NENIjaHZqv7rMPQ=</Value></UserDelegationKey>"
    headers:
      content-type:
      - application/xml
      date:
      - Thu, 18 Jun 2020 03:58:28 GMT
      server:
      - Windows-Azure-Blob/1.0 Microsoft-HTTPAPI/2.0
      transfer-encoding:
      - chunked
      x-ms-version:
      - '2018-11-09'
    status:
      code: 200
      message: OK
version: 1
