interactions:
- request:
    body: null
    headers:
      Accept:
      - application/json
      Accept-Encoding:
      - gzip, deflate
      CommandName:
      - storage account network-rule add
      Connection:
      - keep-alive
      ParameterSetName:
      - -g --account-name --resource-id --tenant-id
      User-Agent:
      - AZURECLI/2.69.0 azsdk-python-core/1.31.0 Python/3.12.9 (Windows-10-10.0.19045-SP0)
    method: GET
    uri: https://management.azure.com/subscriptions/00000000-0000-0000-0000-000000000000/resourceGroups/cli_test_storage_service_endpoints000001/providers/Microsoft.Storage/storageAccounts/clitest000002?api-version=2024-01-01
  response:
    body:
      string: '{"sku":{"name":"Standard_LRS","tier":"Standard"},"kind":"Storage","id":"/subscriptions/00000000-0000-0000-0000-000000000000/resourceGroups/cli_test_storage_service_endpoints000001/providers/Microsoft.Storage/storageAccounts/clitest000002","name":"clitest000002","type":"Microsoft.Storage/storageAccounts","location":"westus","tags":{},"properties":{"keyCreationTime":{"key1":"2025-02-20T13:48:58.2340917Z","key2":"2025-02-20T13:48:58.2340917Z"},"allowCrossTenantReplication":false,"privateEndpointConnections":[],"minimumTlsVersion":"TLS1_0","allowBlobPublicAccess":false,"networkAcls":{"ipv6Rules":[],"bypass":"AzureServices","virtualNetworkRules":[],"ipRules":[],"defaultAction":"Allow"},"supportsHttpsTrafficOnly":true,"encryption":{"services":{"file":{"keyType":"Account","enabled":true,"lastEnabledTime":"2025-02-20T13:49:00.2497378Z"},"blob":{"keyType":"Account","enabled":true,"lastEnabledTime":"2025-02-20T13:49:00.2497378Z"}},"keySource":"Microsoft.Storage"},"provisioningState":"Succeeded","creationTime":"2025-02-20T13:48:58.1090893Z","primaryEndpoints":{"blob":"https://clitest000002.blob.core.windows.net/","queue":"https://clitest000002.queue.core.windows.net/","table":"https://clitest000002.table.core.windows.net/","file":"https://clitest000002.file.core.windows.net/"},"primaryLocation":"westus","statusOfPrimary":"available"}}'
    headers:
      cache-control:
      - no-cache
      content-length:
      - '1345'
      content-type:
      - application/json
      date:
      - Thu, 20 Feb 2025 13:49:26 GMT
      expires:
      - '-1'
      pragma:
      - no-cache
      server:
      - Microsoft-Azure-Storage-Resource-Provider/1.0,Microsoft-HTTPAPI/2.0 Microsoft-HTTPAPI/2.0
      strict-transport-security:
      - max-age=31536000; includeSubDomains
      x-content-type-options:
      - nosniff
      x-ms-ratelimit-remaining-subscription-global-reads:
      - '3749'
    status:
      code: 200
      message: OK
- request:
    body: '{"properties": {"networkAcls": {"bypass": "AzureServices", "resourceAccessRules":
      [{"tenantId": "72f988bf-86f1-41af-91ab-2d7cd011db47", "resourceId": "/subscriptions/00000000-0000-0000-0000-000000000000/resourceGroups/res9407/providers/Microsoft.Synapse/workspaces/testworkspace1"}],
      "virtualNetworkRules": [], "ipRules": [], "defaultAction": "Allow"}}}'
    headers:
      Accept:
      - application/json
      Accept-Encoding:
      - gzip, deflate
      CommandName:
      - storage account network-rule add
      Connection:
      - keep-alive
      Content-Length:
      - '353'
      Content-Type:
      - application/json
      ParameterSetName:
      - -g --account-name --resource-id --tenant-id
      User-Agent:
      - AZURECLI/2.69.0 azsdk-python-core/1.31.0 Python/3.12.9 (Windows-10-10.0.19045-SP0)
    method: PATCH
    uri: https://management.azure.com/subscriptions/00000000-0000-0000-0000-000000000000/resourceGroups/cli_test_storage_service_endpoints000001/providers/Microsoft.Storage/storageAccounts/clitest000002?api-version=2024-01-01
  response:
    body:
      string: '{"sku":{"name":"Standard_LRS","tier":"Standard"},"kind":"Storage","id":"/subscriptions/00000000-0000-0000-0000-000000000000/resourceGroups/cli_test_storage_service_endpoints000001/providers/Microsoft.Storage/storageAccounts/clitest000002","name":"clitest000002","type":"Microsoft.Storage/storageAccounts","location":"westus","tags":{},"properties":{"keyCreationTime":{"key1":"2025-02-20T13:48:58.2340917Z","key2":"2025-02-20T13:48:58.2340917Z"},"allowCrossTenantReplication":false,"privateEndpointConnections":[],"minimumTlsVersion":"TLS1_0","allowBlobPublicAccess":false,"networkAcls":{"ipv6Rules":[],"resourceAccessRules":[{"tenantId":"72f988bf-86f1-41af-91ab-2d7cd011db47","resourceId":"/subscriptions/00000000-0000-0000-0000-000000000000/resourceGroups/res9407/providers/Microsoft.Synapse/workspaces/testworkspace1"}],"bypass":"AzureServices","virtualNetworkRules":[],"ipRules":[],"defaultAction":"Allow"},"supportsHttpsTrafficOnly":true,"encryption":{"services":{"file":{"keyType":"Account","enabled":true,"lastEnabledTime":"2025-02-20T13:49:00.2497378Z"},"blob":{"keyType":"Account","enabled":true,"lastEnabledTime":"2025-02-20T13:49:00.2497378Z"}},"keySource":"Microsoft.Storage"},"provisioningState":"Succeeded","creationTime":"2025-02-20T13:48:58.1090893Z","primaryEndpoints":{"blob":"https://clitest000002.blob.core.windows.net/","queue":"https://clitest000002.queue.core.windows.net/","table":"https://clitest000002.table.core.windows.net/","file":"https://clitest000002.file.core.windows.net/"},"primaryLocation":"westus","statusOfPrimary":"available"}}'
    headers:
      cache-control:
      - no-cache
      content-length:
      - '1565'
      content-type:
      - application/json
      date:
      - Thu, 20 Feb 2025 13:49:27 GMT
      expires:
      - '-1'
      pragma:
      - no-cache
      server:
      - Microsoft-Azure-Storage-Resource-Provider/1.0,Microsoft-HTTPAPI/2.0 Microsoft-HTTPAPI/2.0
      strict-transport-security:
      - max-age=31536000; includeSubDomains
      x-content-type-options:
      - nosniff
      x-ms-operation-identifier:
      - tenantId=54826b22-38d6-4fb2-bad9-b7b93a3e9c5a,objectId=a7250e3a-0e5e-48e2-9a34-45f1f5e1a91e/eastus2euap/ae82c506-13a7-4629-9078-9c3ef8aca536
      x-ms-ratelimit-remaining-subscription-global-writes:
      - '2999'
      x-ms-ratelimit-remaining-subscription-writes:
      - '199'
    status:
      code: 200
      message: OK
- request:
    body: null
    headers:
      Accept:
      - application/json
      Accept-Encoding:
      - gzip, deflate
      CommandName:
      - storage account network-rule list
      Connection:
      - keep-alive
      ParameterSetName:
      - -g --account-name
      User-Agent:
      - AZURECLI/2.69.0 azsdk-python-core/1.31.0 Python/3.12.9 (Windows-10-10.0.19045-SP0)
    method: GET
    uri: https://management.azure.com/subscriptions/00000000-0000-0000-0000-000000000000/resourceGroups/cli_test_storage_service_endpoints000001/providers/Microsoft.Storage/storageAccounts/clitest000002?api-version=2024-01-01
  response:
    body:
      string: '{"sku":{"name":"Standard_LRS","tier":"Standard"},"kind":"Storage","id":"/subscriptions/00000000-0000-0000-0000-000000000000/resourceGroups/cli_test_storage_service_endpoints000001/providers/Microsoft.Storage/storageAccounts/clitest000002","name":"clitest000002","type":"Microsoft.Storage/storageAccounts","location":"westus","tags":{},"properties":{"keyCreationTime":{"key1":"2025-02-20T13:48:58.2340917Z","key2":"2025-02-20T13:48:58.2340917Z"},"allowCrossTenantReplication":false,"privateEndpointConnections":[],"minimumTlsVersion":"TLS1_0","allowBlobPublicAccess":false,"networkAcls":{"ipv6Rules":[],"resourceAccessRules":[{"tenantId":"72f988bf-86f1-41af-91ab-2d7cd011db47","resourceId":"/subscriptions/00000000-0000-0000-0000-000000000000/resourceGroups/res9407/providers/Microsoft.Synapse/workspaces/testworkspace1"}],"bypass":"AzureServices","virtualNetworkRules":[],"ipRules":[],"defaultAction":"Allow"},"supportsHttpsTrafficOnly":true,"encryption":{"services":{"file":{"keyType":"Account","enabled":true,"lastEnabledTime":"2025-02-20T13:49:00.2497378Z"},"blob":{"keyType":"Account","enabled":true,"lastEnabledTime":"2025-02-20T13:49:00.2497378Z"}},"keySource":"Microsoft.Storage"},"provisioningState":"Succeeded","creationTime":"2025-02-20T13:48:58.1090893Z","primaryEndpoints":{"blob":"https://clitest000002.blob.core.windows.net/","queue":"https://clitest000002.queue.core.windows.net/","table":"https://clitest000002.table.core.windows.net/","file":"https://clitest000002.file.core.windows.net/"},"primaryLocation":"westus","statusOfPrimary":"available"}}'
    headers:
      cache-control:
      - no-cache
      content-length:
      - '1565'
      content-type:
      - application/json
      date:
      - Thu, 20 Feb 2025 13:49:30 GMT
      expires:
      - '-1'
      pragma:
      - no-cache
      server:
      - Microsoft-Azure-Storage-Resource-Provider/1.0,Microsoft-HTTPAPI/2.0 Microsoft-HTTPAPI/2.0
      strict-transport-security:
      - max-age=31536000; includeSubDomains
      x-content-type-options:
      - nosniff
      x-ms-ratelimit-remaining-subscription-global-reads:
      - '3749'
    status:
      code: 200
      message: OK
version: 1
