interactions:
- request:
    body: null
    headers:
      Accept:
      - application/json
      Accept-Encoding:
      - gzip, deflate
      CommandName:
      - storage account create
      Connection:
      - keep-alive
      ParameterSetName:
      - -n -g --routing-choice --publish-microsoft-endpoint
      User-Agent:
      - AZURECLI/2.44.1 azsdk-python-azure-mgmt-resource/22.0.0 Python/3.10.9 (Linux-5.15.0-1031-azure-x86_64-with-glibc2.31)
        VSTS_7b238909-6802-4b65-b90d-184bca47f458_build_220_0
    method: GET
    uri: https://management.azure.com/subscriptions/00000000-0000-0000-0000-000000000000/resourcegroups/cli_storage_account_routing000001?api-version=2022-09-01
  response:
    body:
      string: '{"id":"/subscriptions/00000000-0000-0000-0000-000000000000/resourceGroups/cli_storage_account_routing000001","name":"cli_storage_account_routing000001","type":"Microsoft.Resources/resourceGroups","location":"eastus","tags":{"product":"azurecli","cause":"automation","date":"2023-01-28T12:09:06Z"},"properties":{"provisioningState":"Succeeded"}}'
    headers:
      cache-control:
      - no-cache
      content-length:
      - '344'
      content-type:
      - application/json; charset=utf-8
      date:
      - Sat, 28 Jan 2023 12:09:07 GMT
      expires:
      - '-1'
      pragma:
      - no-cache
      strict-transport-security:
      - max-age=31536000; includeSubDomains
      vary:
      - Accept-Encoding
      x-content-type-options:
      - nosniff
    status:
      code: 200
      message: OK
- request:
    body: '{"sku": {"name": "Standard_RAGRS"}, "kind": "StorageV2", "location": "eastus",
      "properties": {"encryption": {"services": {"blob": {}}, "keySource": "Microsoft.Storage"},
      "routingPreference": {"routingChoice": "MicrosoftRouting", "publishMicrosoftEndpoints":
      true}}}'
    headers:
      Accept:
      - application/json
      Accept-Encoding:
      - gzip, deflate
      CommandName:
      - storage account create
      Connection:
      - keep-alive
      Content-Length:
      - '265'
      Content-Type:
      - application/json
      ParameterSetName:
      - -n -g --routing-choice --publish-microsoft-endpoint
      User-Agent:
      - AZURECLI/2.44.1 azsdk-python-azure-mgmt-storage/21.0.0 Python/3.10.9 (Linux-5.15.0-1031-azure-x86_64-with-glibc2.31)
        VSTS_7b238909-6802-4b65-b90d-184bca47f458_build_220_0
    method: PUT
    uri: https://management.azure.com/subscriptions/00000000-0000-0000-0000-000000000000/resourceGroups/cli_storage_account_routing000001/providers/Microsoft.Storage/storageAccounts/clirouting000002?api-version=2022-09-01
  response:
    body:
      string: ''
    headers:
      cache-control:
      - no-cache
      content-length:
      - '0'
      content-type:
      - text/plain; charset=utf-8
      date:
      - Sat, 28 Jan 2023 12:09:10 GMT
      expires:
      - '-1'
      location:
      - https://management.azure.com/subscriptions/00000000-0000-0000-0000-000000000000/providers/Microsoft.Storage/locations/eastus/asyncoperations/8f0df3c9-4d63-41c6-805a-dc64cc16ca9c?monitor=true&api-version=2022-09-01
      pragma:
      - no-cache
      server:
      - Microsoft-Azure-Storage-Resource-Provider/1.0,Microsoft-HTTPAPI/2.0 Microsoft-HTTPAPI/2.0
      strict-transport-security:
      - max-age=31536000; includeSubDomains
      x-content-type-options:
      - nosniff
      x-ms-ratelimit-remaining-subscription-writes:
      - '1196'
    status:
      code: 202
      message: Accepted
- request:
    body: null
    headers:
      Accept:
      - '*/*'
      Accept-Encoding:
      - gzip, deflate
      CommandName:
      - storage account create
      Connection:
      - keep-alive
      ParameterSetName:
      - -n -g --routing-choice --publish-microsoft-endpoint
      User-Agent:
      - AZURECLI/2.44.1 azsdk-python-azure-mgmt-storage/21.0.0 Python/3.10.9 (Linux-5.15.0-1031-azure-x86_64-with-glibc2.31)
        VSTS_7b238909-6802-4b65-b90d-184bca47f458_build_220_0
    method: GET
    uri: https://management.azure.com/subscriptions/00000000-0000-0000-0000-000000000000/providers/Microsoft.Storage/locations/eastus/asyncoperations/8f0df3c9-4d63-41c6-805a-dc64cc16ca9c?monitor=true&api-version=2022-09-01
  response:
    body:
      string: '{"sku":{"name":"Standard_RAGRS","tier":"Standard"},"kind":"StorageV2","id":"/subscriptions/00000000-0000-0000-0000-000000000000/resourceGroups/cli_storage_account_routing000001/providers/Microsoft.Storage/storageAccounts/clirouting000002","name":"clirouting000002","type":"Microsoft.Storage/storageAccounts","location":"eastus","tags":{},"properties":{"keyCreationTime":{"key1":"2023-01-28T12:09:08.7251245Z","key2":"2023-01-28T12:09:08.7251245Z"},"privateEndpointConnections":[],"routingPreference":{"routingChoice":"MicrosoftRouting","publishMicrosoftEndpoints":true},"minimumTlsVersion":"TLS1_0","allowBlobPublicAccess":true,"networkAcls":{"bypass":"AzureServices","virtualNetworkRules":[],"ipRules":[],"defaultAction":"Allow"},"supportsHttpsTrafficOnly":true,"encryption":{"services":{"file":{"keyType":"Account","enabled":true,"lastEnabledTime":"2023-01-28T12:09:08.7407484Z"},"blob":{"keyType":"Account","enabled":true,"lastEnabledTime":"2023-01-28T12:09:08.7407484Z"}},"keySource":"Microsoft.Storage"},"accessTier":"Hot","provisioningState":"Succeeded","creationTime":"2023-01-28T12:09:08.5063751Z","primaryEndpoints":{"microsoftEndpoints":{"dfs":"https://clirouting000002-microsoftrouting.dfs.core.windows.net/","web":"https://clirouting000002-microsoftrouting.z13.web.core.windows.net/","blob":"https://clirouting000002-microsoftrouting.blob.core.windows.net/","queue":"https://clirouting000002-microsoftrouting.queue.core.windows.net/","table":"https://clirouting000002-microsoftrouting.table.core.windows.net/","file":"https://clirouting000002-microsoftrouting.file.core.windows.net/"},"dfs":"https://clirouting000002.dfs.core.windows.net/","web":"https://clirouting000002.z13.web.core.windows.net/","blob":"https://clirouting000002.blob.core.windows.net/","queue":"https://clirouting000002.queue.core.windows.net/","table":"https://clirouting000002.table.core.windows.net/","file":"https://clirouting000002.file.core.windows.net/"},"primaryLocation":"eastus","statusOfPrimary":"available","secondaryLocation":"westus","statusOfSecondary":"available","secondaryEndpoints":{"microsoftEndpoints":{"dfs":"https://clirouting000002-microsoftrouting-secondary.dfs.core.windows.net/","web":"https://clirouting000002-microsoftrouting-secondary.z13.web.core.windows.net/","blob":"https://clirouting000002-microsoftrouting-secondary.blob.core.windows.net/","queue":"https://clirouting000002-microsoftrouting-secondary.queue.core.windows.net/","table":"https://clirouting000002-microsoftrouting-secondary.table.core.windows.net/"},"dfs":"https://clirouting000002-secondary.dfs.core.windows.net/","web":"https://clirouting000002-secondary.z13.web.core.windows.net/","blob":"https://clirouting000002-secondary.blob.core.windows.net/","queue":"https://clirouting000002-secondary.queue.core.windows.net/","table":"https://clirouting000002-secondary.table.core.windows.net/"}}}'
    headers:
      cache-control:
      - no-cache
      content-length:
      - '2872'
      content-type:
      - application/json
      date:
      - Sat, 28 Jan 2023 12:09:27 GMT
      expires:
      - '-1'
      pragma:
      - no-cache
      server:
      - Microsoft-Azure-Storage-Resource-Provider/1.0,Microsoft-HTTPAPI/2.0 Microsoft-HTTPAPI/2.0
      strict-transport-security:
      - max-age=31536000; includeSubDomains
      transfer-encoding:
      - chunked
      vary:
      - Accept-Encoding
      x-content-type-options:
      - nosniff
    status:
      code: 200
      message: OK
- request:
    body: null
    headers:
      Accept:
      - application/json
      Accept-Encoding:
      - gzip, deflate
      CommandName:
      - storage account update
      Connection:
      - keep-alive
      ParameterSetName:
      - -n -g --routing-choice --publish-microsoft-endpoint --publish-internet-endpoint
      User-Agent:
      - AZURECLI/2.44.1 azsdk-python-azure-mgmt-storage/21.0.0 Python/3.10.9 (Linux-5.15.0-1031-azure-x86_64-with-glibc2.31)
        VSTS_7b238909-6802-4b65-b90d-184bca47f458_build_220_0
    method: GET
    uri: https://management.azure.com/subscriptions/00000000-0000-0000-0000-000000000000/resourceGroups/cli_storage_account_routing000001/providers/Microsoft.Storage/storageAccounts/clirouting000002?api-version=2022-09-01
  response:
    body:
      string: '{"sku":{"name":"Standard_RAGRS","tier":"Standard"},"kind":"StorageV2","id":"/subscriptions/00000000-0000-0000-0000-000000000000/resourceGroups/cli_storage_account_routing000001/providers/Microsoft.Storage/storageAccounts/clirouting000002","name":"clirouting000002","type":"Microsoft.Storage/storageAccounts","location":"eastus","tags":{},"properties":{"keyCreationTime":{"key1":"2023-01-28T12:09:08.7251245Z","key2":"2023-01-28T12:09:08.7251245Z"},"privateEndpointConnections":[],"routingPreference":{"routingChoice":"MicrosoftRouting","publishMicrosoftEndpoints":true},"minimumTlsVersion":"TLS1_0","allowBlobPublicAccess":true,"networkAcls":{"bypass":"AzureServices","virtualNetworkRules":[],"ipRules":[],"defaultAction":"Allow"},"supportsHttpsTrafficOnly":true,"encryption":{"services":{"file":{"keyType":"Account","enabled":true,"lastEnabledTime":"2023-01-28T12:09:08.7407484Z"},"blob":{"keyType":"Account","enabled":true,"lastEnabledTime":"2023-01-28T12:09:08.7407484Z"}},"keySource":"Microsoft.Storage"},"accessTier":"Hot","provisioningState":"Succeeded","creationTime":"2023-01-28T12:09:08.5063751Z","primaryEndpoints":{"microsoftEndpoints":{"dfs":"https://clirouting000002-microsoftrouting.dfs.core.windows.net/","web":"https://clirouting000002-microsoftrouting.z13.web.core.windows.net/","blob":"https://clirouting000002-microsoftrouting.blob.core.windows.net/","queue":"https://clirouting000002-microsoftrouting.queue.core.windows.net/","table":"https://clirouting000002-microsoftrouting.table.core.windows.net/","file":"https://clirouting000002-microsoftrouting.file.core.windows.net/"},"dfs":"https://clirouting000002.dfs.core.windows.net/","web":"https://clirouting000002.z13.web.core.windows.net/","blob":"https://clirouting000002.blob.core.windows.net/","queue":"https://clirouting000002.queue.core.windows.net/","table":"https://clirouting000002.table.core.windows.net/","file":"https://clirouting000002.file.core.windows.net/"},"primaryLocation":"eastus","statusOfPrimary":"available","secondaryLocation":"westus","statusOfSecondary":"available","secondaryEndpoints":{"microsoftEndpoints":{"dfs":"https://clirouting000002-microsoftrouting-secondary.dfs.core.windows.net/","web":"https://clirouting000002-microsoftrouting-secondary.z13.web.core.windows.net/","blob":"https://clirouting000002-microsoftrouting-secondary.blob.core.windows.net/","queue":"https://clirouting000002-microsoftrouting-secondary.queue.core.windows.net/","table":"https://clirouting000002-microsoftrouting-secondary.table.core.windows.net/"},"dfs":"https://clirouting000002-secondary.dfs.core.windows.net/","web":"https://clirouting000002-secondary.z13.web.core.windows.net/","blob":"https://clirouting000002-secondary.blob.core.windows.net/","queue":"https://clirouting000002-secondary.queue.core.windows.net/","table":"https://clirouting000002-secondary.table.core.windows.net/"}}}'
    headers:
      cache-control:
      - no-cache
      content-length:
      - '2872'
      content-type:
      - application/json
      date:
      - Sat, 28 Jan 2023 12:09:29 GMT
      expires:
      - '-1'
      pragma:
      - no-cache
      server:
      - Microsoft-Azure-Storage-Resource-Provider/1.0,Microsoft-HTTPAPI/2.0 Microsoft-HTTPAPI/2.0
      strict-transport-security:
      - max-age=31536000; includeSubDomains
      transfer-encoding:
      - chunked
      vary:
      - Accept-Encoding
      x-content-type-options:
      - nosniff
    status:
      code: 200
      message: OK
- request:
    body: '{"sku": {"name": "Standard_RAGRS"}, "tags": {}, "properties": {"encryption":
      {"services": {"blob": {"enabled": true, "keyType": "Account"}, "file": {"enabled":
      true, "keyType": "Account"}}, "keySource": "Microsoft.Storage"}, "accessTier":
      "Hot", "supportsHttpsTrafficOnly": true, "networkAcls": {"bypass": "AzureServices",
      "virtualNetworkRules": [], "ipRules": [], "defaultAction": "Allow"}, "routingPreference":
      {"routingChoice": "InternetRouting", "publishMicrosoftEndpoints": false, "publishInternetEndpoints":
      true}}}'
    headers:
      Accept:
      - application/json
      Accept-Encoding:
      - gzip, deflate
      CommandName:
      - storage account update
      Connection:
      - keep-alive
      Content-Length:
      - '521'
      Content-Type:
      - application/json
      ParameterSetName:
      - -n -g --routing-choice --publish-microsoft-endpoint --publish-internet-endpoint
      User-Agent:
      - AZURECLI/2.44.1 azsdk-python-azure-mgmt-storage/21.0.0 Python/3.10.9 (Linux-5.15.0-1031-azure-x86_64-with-glibc2.31)
        VSTS_7b238909-6802-4b65-b90d-184bca47f458_build_220_0
    method: PATCH
    uri: https://management.azure.com/subscriptions/00000000-0000-0000-0000-000000000000/resourceGroups/cli_storage_account_routing000001/providers/Microsoft.Storage/storageAccounts/clirouting000002?api-version=2022-09-01
  response:
    body:
      string: '{"sku":{"name":"Standard_RAGRS","tier":"Standard"},"kind":"StorageV2","id":"/subscriptions/00000000-0000-0000-0000-000000000000/resourceGroups/cli_storage_account_routing000001/providers/Microsoft.Storage/storageAccounts/clirouting000002","name":"clirouting000002","type":"Microsoft.Storage/storageAccounts","location":"eastus","tags":{},"properties":{"keyCreationTime":{"key1":"2023-01-28T12:09:08.7251245Z","key2":"2023-01-28T12:09:08.7251245Z"},"privateEndpointConnections":[],"routingPreference":{"routingChoice":"InternetRouting","publishMicrosoftEndpoints":false,"publishInternetEndpoints":true},"minimumTlsVersion":"TLS1_0","allowBlobPublicAccess":true,"networkAcls":{"bypass":"AzureServices","virtualNetworkRules":[],"ipRules":[],"defaultAction":"Allow"},"supportsHttpsTrafficOnly":true,"encryption":{"services":{"file":{"keyType":"Account","enabled":true,"lastEnabledTime":"2023-01-28T12:09:08.7407484Z"},"blob":{"keyType":"Account","enabled":true,"lastEnabledTime":"2023-01-28T12:09:08.7407484Z"}},"keySource":"Microsoft.Storage"},"accessTier":"Hot","provisioningState":"Succeeded","creationTime":"2023-01-28T12:09:08.5063751Z","primaryEndpoints":{"internetEndpoints":{"blob":"https://clirouting000002-internetrouting.blob.core.windows.net/","file":"https://clirouting000002-internetrouting.file.core.windows.net/","dfs":"https://clirouting000002-internetrouting.dfs.core.windows.net/","web":"https://clirouting000002-internetrouting.z13.web.core.windows.net/"},"dfs":"https://clirouting000002.dfs.core.windows.net/","web":"https://clirouting000002.z13.web.core.windows.net/","blob":"https://clirouting000002.blob.core.windows.net/","queue":"https://clirouting000002.queue.core.windows.net/","table":"https://clirouting000002.table.core.windows.net/","file":"https://clirouting000002.file.core.windows.net/"},"primaryLocation":"eastus","statusOfPrimary":"available","secondaryLocation":"westus","statusOfSecondary":"available","secondaryEndpoints":{"internetEndpoints":{"blob":"https://clirouting000002-internetrouting-secondary.blob.core.windows.net/","dfs":"https://clirouting000002-internetrouting-secondary.dfs.core.windows.net/","web":"https://clirouting000002-internetrouting-secondary.z13.web.core.windows.net/"},"dfs":"https://clirouting000002-secondary.dfs.core.windows.net/","web":"https://clirouting000002-secondary.z13.web.core.windows.net/","blob":"https://clirouting000002-secondary.blob.core.windows.net/","queue":"https://clirouting000002-secondary.queue.core.windows.net/","table":"https://clirouting000002-secondary.table.core.windows.net/"}}}'
    headers:
      cache-control:
      - no-cache
      content-length:
      - '2571'
      content-type:
      - application/json
      date:
      - Sat, 28 Jan 2023 12:09:30 GMT
      expires:
      - '-1'
      pragma:
      - no-cache
      server:
      - Microsoft-Azure-Storage-Resource-Provider/1.0,Microsoft-HTTPAPI/2.0 Microsoft-HTTPAPI/2.0
      strict-transport-security:
      - max-age=31536000; includeSubDomains
      transfer-encoding:
      - chunked
      vary:
      - Accept-Encoding
      x-content-type-options:
      - nosniff
      x-ms-ratelimit-remaining-subscription-writes:
      - '1193'
    status:
      code: 200
      message: OK
- request:
    body: null
    headers:
      Accept:
      - application/json
      Accept-Encoding:
      - gzip, deflate
      CommandName:
      - storage account create
      Connection:
      - keep-alive
      ParameterSetName:
      - -n -g --routing-choice --publish-internet-endpoints --publish-microsoft-endpoints
      User-Agent:
      - AZURECLI/2.44.1 azsdk-python-azure-mgmt-resource/22.0.0 Python/3.10.9 (Linux-5.15.0-1031-azure-x86_64-with-glibc2.31)
        VSTS_7b238909-6802-4b65-b90d-184bca47f458_build_220_0
    method: GET
    uri: https://management.azure.com/subscriptions/00000000-0000-0000-0000-000000000000/resourcegroups/cli_storage_account_routing000001?api-version=2022-09-01
  response:
    body:
      string: '{"id":"/subscriptions/00000000-0000-0000-0000-000000000000/resourceGroups/cli_storage_account_routing000001","name":"cli_storage_account_routing000001","type":"Microsoft.Resources/resourceGroups","location":"eastus","tags":{"product":"azurecli","cause":"automation","date":"2023-01-28T12:09:06Z"},"properties":{"provisioningState":"Succeeded"}}'
    headers:
      cache-control:
      - no-cache
      content-length:
      - '344'
      content-type:
      - application/json; charset=utf-8
      date:
      - Sat, 28 Jan 2023 12:09:31 GMT
      expires:
      - '-1'
      pragma:
      - no-cache
      strict-transport-security:
      - max-age=31536000; includeSubDomains
      vary:
      - Accept-Encoding
      x-content-type-options:
      - nosniff
    status:
      code: 200
      message: OK
- request:
    body: '{"sku": {"name": "Standard_RAGRS"}, "kind": "StorageV2", "location": "eastus",
      "properties": {"encryption": {"services": {"blob": {}}, "keySource": "Microsoft.Storage"},
      "routingPreference": {"routingChoice": "InternetRouting", "publishMicrosoftEndpoints":
      false, "publishInternetEndpoints": true}}}'
    headers:
      Accept:
      - application/json
      Accept-Encoding:
      - gzip, deflate
      CommandName:
      - storage account create
      Connection:
      - keep-alive
      Content-Length:
      - '299'
      Content-Type:
      - application/json
      ParameterSetName:
      - -n -g --routing-choice --publish-internet-endpoints --publish-microsoft-endpoints
      User-Agent:
      - AZURECLI/2.44.1 azsdk-python-azure-mgmt-storage/21.0.0 Python/3.10.9 (Linux-5.15.0-1031-azure-x86_64-with-glibc2.31)
        VSTS_7b238909-6802-4b65-b90d-184bca47f458_build_220_0
    method: PUT
    uri: https://management.azure.com/subscriptions/00000000-0000-0000-0000-000000000000/resourceGroups/cli_storage_account_routing000001/providers/Microsoft.Storage/storageAccounts/clirouting000003?api-version=2022-09-01
  response:
    body:
      string: ''
    headers:
      cache-control:
      - no-cache
      content-length:
      - '0'
      content-type:
      - text/plain; charset=utf-8
      date:
      - Sat, 28 Jan 2023 12:09:34 GMT
      expires:
      - '-1'
      location:
      - https://management.azure.com/subscriptions/00000000-0000-0000-0000-000000000000/providers/Microsoft.Storage/locations/eastus/asyncoperations/261b1957-f4e4-493c-9e87-b387a7e21a1d?monitor=true&api-version=2022-09-01
      pragma:
      - no-cache
      server:
      - Microsoft-Azure-Storage-Resource-Provider/1.0,Microsoft-HTTPAPI/2.0 Microsoft-HTTPAPI/2.0
      strict-transport-security:
      - max-age=31536000; includeSubDomains
      x-content-type-options:
      - nosniff
      x-ms-ratelimit-remaining-subscription-writes:
      - '1197'
    status:
      code: 202
      message: Accepted
- request:
    body: null
    headers:
      Accept:
      - '*/*'
      Accept-Encoding:
      - gzip, deflate
      CommandName:
      - storage account create
      Connection:
      - keep-alive
      ParameterSetName:
      - -n -g --routing-choice --publish-internet-endpoints --publish-microsoft-endpoints
      User-Agent:
      - AZURECLI/2.44.1 azsdk-python-azure-mgmt-storage/21.0.0 Python/3.10.9 (Linux-5.15.0-1031-azure-x86_64-with-glibc2.31)
        VSTS_7b238909-6802-4b65-b90d-184bca47f458_build_220_0
    method: GET
    uri: https://management.azure.com/subscriptions/00000000-0000-0000-0000-000000000000/providers/Microsoft.Storage/locations/eastus/asyncoperations/261b1957-f4e4-493c-9e87-b387a7e21a1d?monitor=true&api-version=2022-09-01
  response:
    body:
      string: ''
    headers:
      cache-control:
      - no-cache
      content-length:
      - '0'
      content-type:
      - text/plain; charset=utf-8
      date:
      - Sat, 28 Jan 2023 12:09:51 GMT
      expires:
      - '-1'
      location:
      - https://management.azure.com/subscriptions/00000000-0000-0000-0000-000000000000/providers/Microsoft.Storage/locations/eastus/asyncoperations/261b1957-f4e4-493c-9e87-b387a7e21a1d?monitor=true&api-version=2022-09-01
      pragma:
      - no-cache
      server:
      - Microsoft-Azure-Storage-Resource-Provider/1.0,Microsoft-HTTPAPI/2.0 Microsoft-HTTPAPI/2.0
      strict-transport-security:
      - max-age=31536000; includeSubDomains
      x-content-type-options:
      - nosniff
    status:
      code: 202
      message: Accepted
- request:
    body: null
    headers:
      Accept:
      - '*/*'
      Accept-Encoding:
      - gzip, deflate
      CommandName:
      - storage account create
      Connection:
      - keep-alive
      ParameterSetName:
      - -n -g --routing-choice --publish-internet-endpoints --publish-microsoft-endpoints
      User-Agent:
      - AZURECLI/2.44.1 azsdk-python-azure-mgmt-storage/21.0.0 Python/3.10.9 (Linux-5.15.0-1031-azure-x86_64-with-glibc2.31)
        VSTS_7b238909-6802-4b65-b90d-184bca47f458_build_220_0
    method: GET
    uri: https://management.azure.com/subscriptions/00000000-0000-0000-0000-000000000000/providers/Microsoft.Storage/locations/eastus/asyncoperations/261b1957-f4e4-493c-9e87-b387a7e21a1d?monitor=true&api-version=2022-09-01
  response:
    body:
      string: '{"sku":{"name":"Standard_RAGRS","tier":"Standard"},"kind":"StorageV2","id":"/subscriptions/00000000-0000-0000-0000-000000000000/resourceGroups/cli_storage_account_routing000001/providers/Microsoft.Storage/storageAccounts/clirouting000003","name":"clirouting000003","type":"Microsoft.Storage/storageAccounts","location":"eastus","tags":{},"properties":{"keyCreationTime":{"key1":"2023-01-28T12:09:32.9438842Z","key2":"2023-01-28T12:09:32.9438842Z"},"privateEndpointConnections":[],"routingPreference":{"routingChoice":"InternetRouting","publishMicrosoftEndpoints":false,"publishInternetEndpoints":true},"minimumTlsVersion":"TLS1_0","allowBlobPublicAccess":true,"networkAcls":{"bypass":"AzureServices","virtualNetworkRules":[],"ipRules":[],"defaultAction":"Allow"},"supportsHttpsTrafficOnly":true,"encryption":{"services":{"file":{"keyType":"Account","enabled":true,"lastEnabledTime":"2023-01-28T12:09:32.9438842Z"},"blob":{"keyType":"Account","enabled":true,"lastEnabledTime":"2023-01-28T12:09:32.9438842Z"}},"keySource":"Microsoft.Storage"},"accessTier":"Hot","provisioningState":"Succeeded","creationTime":"2023-01-28T12:09:32.6939145Z","primaryEndpoints":{"internetEndpoints":{"blob":"https://clirouting000003-internetrouting.blob.core.windows.net/","file":"https://clirouting000003-internetrouting.file.core.windows.net/","dfs":"https://clirouting000003-internetrouting.dfs.core.windows.net/","web":"https://clirouting000003-internetrouting.z13.web.core.windows.net/"},"dfs":"https://clirouting000003.dfs.core.windows.net/","web":"https://clirouting000003.z13.web.core.windows.net/","blob":"https://clirouting000003.blob.core.windows.net/","queue":"https://clirouting000003.queue.core.windows.net/","table":"https://clirouting000003.table.core.windows.net/","file":"https://clirouting000003.file.core.windows.net/"},"primaryLocation":"eastus","statusOfPrimary":"available","secondaryLocation":"westus","statusOfSecondary":"available","secondaryEndpoints":{"internetEndpoints":{"blob":"https://clirouting000003-internetrouting-secondary.blob.core.windows.net/","dfs":"https://clirouting000003-internetrouting-secondary.dfs.core.windows.net/","web":"https://clirouting000003-internetrouting-secondary.z13.web.core.windows.net/"},"dfs":"https://clirouting000003-secondary.dfs.core.windows.net/","web":"https://clirouting000003-secondary.z13.web.core.windows.net/","blob":"https://clirouting000003-secondary.blob.core.windows.net/","queue":"https://clirouting000003-secondary.queue.core.windows.net/","table":"https://clirouting000003-secondary.table.core.windows.net/"}}}'
    headers:
      cache-control:
      - no-cache
      content-length:
      - '2571'
      content-type:
      - application/json
      date:
      - Sat, 28 Jan 2023 12:09:54 GMT
      expires:
      - '-1'
      pragma:
      - no-cache
      server:
      - Microsoft-Azure-Storage-Resource-Provider/1.0,Microsoft-HTTPAPI/2.0 Microsoft-HTTPAPI/2.0
      strict-transport-security:
      - max-age=31536000; includeSubDomains
      transfer-encoding:
      - chunked
      vary:
      - Accept-Encoding
      x-content-type-options:
      - nosniff
    status:
      code: 200
      message: OK
- request:
    body: null
    headers:
      Accept:
      - application/json
      Accept-Encoding:
      - gzip, deflate
      CommandName:
      - storage account update
      Connection:
      - keep-alive
      ParameterSetName:
      - -n -g --routing-choice
      User-Agent:
      - AZURECLI/2.44.1 azsdk-python-azure-mgmt-storage/21.0.0 Python/3.10.9 (Linux-5.15.0-1031-azure-x86_64-with-glibc2.31)
        VSTS_7b238909-6802-4b65-b90d-184bca47f458_build_220_0
    method: GET
    uri: https://management.azure.com/subscriptions/00000000-0000-0000-0000-000000000000/resourceGroups/cli_storage_account_routing000001/providers/Microsoft.Storage/storageAccounts/clirouting000003?api-version=2022-09-01
  response:
    body:
      string: '{"sku":{"name":"Standard_RAGRS","tier":"Standard"},"kind":"StorageV2","id":"/subscriptions/00000000-0000-0000-0000-000000000000/resourceGroups/cli_storage_account_routing000001/providers/Microsoft.Storage/storageAccounts/clirouting000003","name":"clirouting000003","type":"Microsoft.Storage/storageAccounts","location":"eastus","tags":{},"properties":{"keyCreationTime":{"key1":"2023-01-28T12:09:32.9438842Z","key2":"2023-01-28T12:09:32.9438842Z"},"privateEndpointConnections":[],"routingPreference":{"routingChoice":"InternetRouting","publishMicrosoftEndpoints":false,"publishInternetEndpoints":true},"minimumTlsVersion":"TLS1_0","allowBlobPublicAccess":true,"networkAcls":{"bypass":"AzureServices","virtualNetworkRules":[],"ipRules":[],"defaultAction":"Allow"},"supportsHttpsTrafficOnly":true,"encryption":{"services":{"file":{"keyType":"Account","enabled":true,"lastEnabledTime":"2023-01-28T12:09:32.9438842Z"},"blob":{"keyType":"Account","enabled":true,"lastEnabledTime":"2023-01-28T12:09:32.9438842Z"}},"keySource":"Microsoft.Storage"},"accessTier":"Hot","provisioningState":"Succeeded","creationTime":"2023-01-28T12:09:32.6939145Z","primaryEndpoints":{"internetEndpoints":{"blob":"https://clirouting000003-internetrouting.blob.core.windows.net/","file":"https://clirouting000003-internetrouting.file.core.windows.net/","dfs":"https://clirouting000003-internetrouting.dfs.core.windows.net/","web":"https://clirouting000003-internetrouting.z13.web.core.windows.net/"},"dfs":"https://clirouting000003.dfs.core.windows.net/","web":"https://clirouting000003.z13.web.core.windows.net/","blob":"https://clirouting000003.blob.core.windows.net/","queue":"https://clirouting000003.queue.core.windows.net/","table":"https://clirouting000003.table.core.windows.net/","file":"https://clirouting000003.file.core.windows.net/"},"primaryLocation":"eastus","statusOfPrimary":"available","secondaryLocation":"westus","statusOfSecondary":"available","secondaryEndpoints":{"internetEndpoints":{"blob":"https://clirouting000003-internetrouting-secondary.blob.core.windows.net/","dfs":"https://clirouting000003-internetrouting-secondary.dfs.core.windows.net/","web":"https://clirouting000003-internetrouting-secondary.z13.web.core.windows.net/"},"dfs":"https://clirouting000003-secondary.dfs.core.windows.net/","web":"https://clirouting000003-secondary.z13.web.core.windows.net/","blob":"https://clirouting000003-secondary.blob.core.windows.net/","queue":"https://clirouting000003-secondary.queue.core.windows.net/","table":"https://clirouting000003-secondary.table.core.windows.net/"}}}'
    headers:
      cache-control:
      - no-cache
      content-length:
      - '2571'
      content-type:
      - application/json
      date:
      - Sat, 28 Jan 2023 12:09:54 GMT
      expires:
      - '-1'
      pragma:
      - no-cache
      server:
      - Microsoft-Azure-Storage-Resource-Provider/1.0,Microsoft-HTTPAPI/2.0 Microsoft-HTTPAPI/2.0
      strict-transport-security:
      - max-age=31536000; includeSubDomains
      transfer-encoding:
      - chunked
      vary:
      - Accept-Encoding
      x-content-type-options:
      - nosniff
    status:
      code: 200
      message: OK
- request:
    body: '{"sku": {"name": "Standard_RAGRS"}, "tags": {}, "properties": {"encryption":
      {"services": {"blob": {"enabled": true, "keyType": "Account"}, "file": {"enabled":
      true, "keyType": "Account"}}, "keySource": "Microsoft.Storage"}, "accessTier":
      "Hot", "supportsHttpsTrafficOnly": true, "networkAcls": {"bypass": "AzureServices",
      "virtualNetworkRules": [], "ipRules": [], "defaultAction": "Allow"}, "routingPreference":
      {"routingChoice": "MicrosoftRouting"}}}'
    headers:
      Accept:
      - application/json
      Accept-Encoding:
      - gzip, deflate
      CommandName:
      - storage account update
      Connection:
      - keep-alive
      Content-Length:
      - '452'
      Content-Type:
      - application/json
      ParameterSetName:
      - -n -g --routing-choice
      User-Agent:
      - AZURECLI/2.44.1 azsdk-python-azure-mgmt-storage/21.0.0 Python/3.10.9 (Linux-5.15.0-1031-azure-x86_64-with-glibc2.31)
        VSTS_7b238909-6802-4b65-b90d-184bca47f458_build_220_0
    method: PATCH
    uri: https://management.azure.com/subscriptions/00000000-0000-0000-0000-000000000000/resourceGroups/cli_storage_account_routing000001/providers/Microsoft.Storage/storageAccounts/clirouting000003?api-version=2022-09-01
  response:
    body:
      string: '{"sku":{"name":"Standard_RAGRS","tier":"Standard"},"kind":"StorageV2","id":"/subscriptions/00000000-0000-0000-0000-000000000000/resourceGroups/cli_storage_account_routing000001/providers/Microsoft.Storage/storageAccounts/clirouting000003","name":"clirouting000003","type":"Microsoft.Storage/storageAccounts","location":"eastus","tags":{},"properties":{"keyCreationTime":{"key1":"2023-01-28T12:09:32.9438842Z","key2":"2023-01-28T12:09:32.9438842Z"},"privateEndpointConnections":[],"routingPreference":{"routingChoice":"MicrosoftRouting","publishMicrosoftEndpoints":false,"publishInternetEndpoints":true},"minimumTlsVersion":"TLS1_0","allowBlobPublicAccess":true,"networkAcls":{"bypass":"AzureServices","virtualNetworkRules":[],"ipRules":[],"defaultAction":"Allow"},"supportsHttpsTrafficOnly":true,"encryption":{"services":{"file":{"keyType":"Account","enabled":true,"lastEnabledTime":"2023-01-28T12:09:32.9438842Z"},"blob":{"keyType":"Account","enabled":true,"lastEnabledTime":"2023-01-28T12:09:32.9438842Z"}},"keySource":"Microsoft.Storage"},"accessTier":"Hot","provisioningState":"Succeeded","creationTime":"2023-01-28T12:09:32.6939145Z","primaryEndpoints":{"internetEndpoints":{"blob":"https://clirouting000003-internetrouting.blob.core.windows.net/","file":"https://clirouting000003-internetrouting.file.core.windows.net/","dfs":"https://clirouting000003-internetrouting.dfs.core.windows.net/","web":"https://clirouting000003-internetrouting.z13.web.core.windows.net/"},"dfs":"https://clirouting000003.dfs.core.windows.net/","web":"https://clirouting000003.z13.web.core.windows.net/","blob":"https://clirouting000003.blob.core.windows.net/","queue":"https://clirouting000003.queue.core.windows.net/","table":"https://clirouting000003.table.core.windows.net/","file":"https://clirouting000003.file.core.windows.net/"},"primaryLocation":"eastus","statusOfPrimary":"available","secondaryLocation":"westus","statusOfSecondary":"available","secondaryEndpoints":{"internetEndpoints":{"blob":"https://clirouting000003-internetrouting-secondary.blob.core.windows.net/","dfs":"https://clirouting000003-internetrouting-secondary.dfs.core.windows.net/","web":"https://clirouting000003-internetrouting-secondary.z13.web.core.windows.net/"},"dfs":"https://clirouting000003-secondary.dfs.core.windows.net/","web":"https://clirouting000003-secondary.z13.web.core.windows.net/","blob":"https://clirouting000003-secondary.blob.core.windows.net/","queue":"https://clirouting000003-secondary.queue.core.windows.net/","table":"https://clirouting000003-secondary.table.core.windows.net/"}}}'
    headers:
      cache-control:
      - no-cache
      content-length:
      - '2572'
      content-type:
      - application/json
      date:
      - Sat, 28 Jan 2023 12:09:56 GMT
      expires:
      - '-1'
      pragma:
      - no-cache
      server:
      - Microsoft-Azure-Storage-Resource-Provider/1.0,Microsoft-HTTPAPI/2.0 Microsoft-HTTPAPI/2.0
      strict-transport-security:
      - max-age=31536000; includeSubDomains
      transfer-encoding:
      - chunked
      vary:
      - Accept-Encoding
      x-content-type-options:
      - nosniff
      x-ms-ratelimit-remaining-subscription-writes:
      - '1190'
    status:
      code: 200
      message: OK
- request:
    body: null
    headers:
      Accept:
      - application/json
      Accept-Encoding:
      - gzip, deflate
      CommandName:
      - storage account create
      Connection:
      - keep-alive
      ParameterSetName:
      - -n -g
      User-Agent:
      - AZURECLI/2.44.1 azsdk-python-azure-mgmt-resource/22.0.0 Python/3.10.9 (Linux-5.15.0-1031-azure-x86_64-with-glibc2.31)
        VSTS_7b238909-6802-4b65-b90d-184bca47f458_build_220_0
    method: GET
    uri: https://management.azure.com/subscriptions/00000000-0000-0000-0000-000000000000/resourcegroups/cli_storage_account_routing000001?api-version=2022-09-01
  response:
    body:
      string: '{"id":"/subscriptions/00000000-0000-0000-0000-000000000000/resourceGroups/cli_storage_account_routing000001","name":"cli_storage_account_routing000001","type":"Microsoft.Resources/resourceGroups","location":"eastus","tags":{"product":"azurecli","cause":"automation","date":"2023-01-28T12:09:06Z"},"properties":{"provisioningState":"Succeeded"}}'
    headers:
      cache-control:
      - no-cache
      content-length:
      - '344'
      content-type:
      - application/json; charset=utf-8
      date:
      - Sat, 28 Jan 2023 12:09:56 GMT
      expires:
      - '-1'
      pragma:
      - no-cache
      strict-transport-security:
      - max-age=31536000; includeSubDomains
      vary:
      - Accept-Encoding
      x-content-type-options:
      - nosniff
    status:
      code: 200
      message: OK
- request:
    body: '{"sku": {"name": "Standard_RAGRS"}, "kind": "StorageV2", "location": "eastus",
      "properties": {"encryption": {"services": {"blob": {}}, "keySource": "Microsoft.Storage"}}}'
    headers:
      Accept:
      - application/json
      Accept-Encoding:
      - gzip, deflate
      CommandName:
      - storage account create
      Connection:
      - keep-alive
      Content-Length:
      - '170'
      Content-Type:
      - application/json
      ParameterSetName:
      - -n -g
      User-Agent:
      - AZURECLI/2.44.1 azsdk-python-azure-mgmt-storage/21.0.0 Python/3.10.9 (Linux-5.15.0-1031-azure-x86_64-with-glibc2.31)
        VSTS_7b238909-6802-4b65-b90d-184bca47f458_build_220_0
    method: PUT
    uri: https://management.azure.com/subscriptions/00000000-0000-0000-0000-000000000000/resourceGroups/cli_storage_account_routing000001/providers/Microsoft.Storage/storageAccounts/clirouting000004?api-version=2022-09-01
  response:
    body:
      string: ''
    headers:
      cache-control:
      - no-cache
      content-length:
      - '0'
      content-type:
      - text/plain; charset=utf-8
      date:
      - Sat, 28 Jan 2023 12:09:59 GMT
      expires:
      - '-1'
      location:
      - https://management.azure.com/subscriptions/00000000-0000-0000-0000-000000000000/providers/Microsoft.Storage/locations/eastus/asyncoperations/48c1f68b-19fa-44a0-929d-9cf9b3c39bc5?monitor=true&api-version=2022-09-01
      pragma:
      - no-cache
      server:
      - Microsoft-Azure-Storage-Resource-Provider/1.0,Microsoft-HTTPAPI/2.0 Microsoft-HTTPAPI/2.0
      strict-transport-security:
      - max-age=31536000; includeSubDomains
      x-content-type-options:
      - nosniff
      x-ms-ratelimit-remaining-subscription-writes:
      - '1197'
    status:
      code: 202
      message: Accepted
- request:
    body: null
    headers:
      Accept:
      - '*/*'
      Accept-Encoding:
      - gzip, deflate
      CommandName:
      - storage account create
      Connection:
      - keep-alive
      ParameterSetName:
      - -n -g
      User-Agent:
      - AZURECLI/2.44.1 azsdk-python-azure-mgmt-storage/21.0.0 Python/3.10.9 (Linux-5.15.0-1031-azure-x86_64-with-glibc2.31)
        VSTS_7b238909-6802-4b65-b90d-184bca47f458_build_220_0
    method: GET
    uri: https://management.azure.com/subscriptions/00000000-0000-0000-0000-000000000000/providers/Microsoft.Storage/locations/eastus/asyncoperations/48c1f68b-19fa-44a0-929d-9cf9b3c39bc5?monitor=true&api-version=2022-09-01
  response:
    body:
      string: '{"sku":{"name":"Standard_RAGRS","tier":"Standard"},"kind":"StorageV2","id":"/subscriptions/00000000-0000-0000-0000-000000000000/resourceGroups/cli_storage_account_routing000001/providers/Microsoft.Storage/storageAccounts/clirouting000004","name":"clirouting000004","type":"Microsoft.Storage/storageAccounts","location":"eastus","tags":{},"properties":{"keyCreationTime":{"key1":"2023-01-28T12:09:58.0220655Z","key2":"2023-01-28T12:09:58.0220655Z"},"privateEndpointConnections":[],"minimumTlsVersion":"TLS1_0","allowBlobPublicAccess":true,"networkAcls":{"bypass":"AzureServices","virtualNetworkRules":[],"ipRules":[],"defaultAction":"Allow"},"supportsHttpsTrafficOnly":true,"encryption":{"services":{"file":{"keyType":"Account","enabled":true,"lastEnabledTime":"2023-01-28T12:09:58.0220655Z"},"blob":{"keyType":"Account","enabled":true,"lastEnabledTime":"2023-01-28T12:09:58.0220655Z"}},"keySource":"Microsoft.Storage"},"accessTier":"Hot","provisioningState":"Succeeded","creationTime":"2023-01-28T12:09:57.7876681Z","primaryEndpoints":{"dfs":"https://clirouting000004.dfs.core.windows.net/","web":"https://clirouting000004.z13.web.core.windows.net/","blob":"https://clirouting000004.blob.core.windows.net/","queue":"https://clirouting000004.queue.core.windows.net/","table":"https://clirouting000004.table.core.windows.net/","file":"https://clirouting000004.file.core.windows.net/"},"primaryLocation":"eastus","statusOfPrimary":"available","secondaryLocation":"westus","statusOfSecondary":"available","secondaryEndpoints":{"dfs":"https://clirouting000004-secondary.dfs.core.windows.net/","web":"https://clirouting000004-secondary.z13.web.core.windows.net/","blob":"https://clirouting000004-secondary.blob.core.windows.net/","queue":"https://clirouting000004-secondary.queue.core.windows.net/","table":"https://clirouting000004-secondary.table.core.windows.net/"}}}'
    headers:
      cache-control:
      - no-cache
      content-length:
      - '1864'
      content-type:
      - application/json
      date:
      - Sat, 28 Jan 2023 12:10:16 GMT
      expires:
      - '-1'
      pragma:
      - no-cache
      server:
      - Microsoft-Azure-Storage-Resource-Provider/1.0,Microsoft-HTTPAPI/2.0 Microsoft-HTTPAPI/2.0
      strict-transport-security:
      - max-age=31536000; includeSubDomains
      x-content-type-options:
      - nosniff
    status:
      code: 200
      message: OK
- request:
    body: null
    headers:
      Accept:
      - application/json
      Accept-Encoding:
      - gzip, deflate
      CommandName:
      - storage account update
      Connection:
      - keep-alive
      ParameterSetName:
      - -n -g --routing-choice --publish-internet-endpoints --publish-microsoft-endpoints
      User-Agent:
      - AZURECLI/2.44.1 azsdk-python-azure-mgmt-storage/21.0.0 Python/3.10.9 (Linux-5.15.0-1031-azure-x86_64-with-glibc2.31)
        VSTS_7b238909-6802-4b65-b90d-184bca47f458_build_220_0
    method: GET
    uri: https://management.azure.com/subscriptions/00000000-0000-0000-0000-000000000000/resourceGroups/cli_storage_account_routing000001/providers/Microsoft.Storage/storageAccounts/clirouting000004?api-version=2022-09-01
  response:
    body:
      string: '{"sku":{"name":"Standard_RAGRS","tier":"Standard"},"kind":"StorageV2","id":"/subscriptions/00000000-0000-0000-0000-000000000000/resourceGroups/cli_storage_account_routing000001/providers/Microsoft.Storage/storageAccounts/clirouting000004","name":"clirouting000004","type":"Microsoft.Storage/storageAccounts","location":"eastus","tags":{},"properties":{"keyCreationTime":{"key1":"2023-01-28T12:09:58.0220655Z","key2":"2023-01-28T12:09:58.0220655Z"},"privateEndpointConnections":[],"minimumTlsVersion":"TLS1_0","allowBlobPublicAccess":true,"networkAcls":{"bypass":"AzureServices","virtualNetworkRules":[],"ipRules":[],"defaultAction":"Allow"},"supportsHttpsTrafficOnly":true,"encryption":{"services":{"file":{"keyType":"Account","enabled":true,"lastEnabledTime":"2023-01-28T12:09:58.0220655Z"},"blob":{"keyType":"Account","enabled":true,"lastEnabledTime":"2023-01-28T12:09:58.0220655Z"}},"keySource":"Microsoft.Storage"},"accessTier":"Hot","provisioningState":"Succeeded","creationTime":"2023-01-28T12:09:57.7876681Z","primaryEndpoints":{"dfs":"https://clirouting000004.dfs.core.windows.net/","web":"https://clirouting000004.z13.web.core.windows.net/","blob":"https://clirouting000004.blob.core.windows.net/","queue":"https://clirouting000004.queue.core.windows.net/","table":"https://clirouting000004.table.core.windows.net/","file":"https://clirouting000004.file.core.windows.net/"},"primaryLocation":"eastus","statusOfPrimary":"available","secondaryLocation":"westus","statusOfSecondary":"available","secondaryEndpoints":{"dfs":"https://clirouting000004-secondary.dfs.core.windows.net/","web":"https://clirouting000004-secondary.z13.web.core.windows.net/","blob":"https://clirouting000004-secondary.blob.core.windows.net/","queue":"https://clirouting000004-secondary.queue.core.windows.net/","table":"https://clirouting000004-secondary.table.core.windows.net/"}}}'
    headers:
      cache-control:
      - no-cache
      content-length:
      - '1864'
      content-type:
      - application/json
      date:
      - Sat, 28 Jan 2023 12:10:16 GMT
      expires:
      - '-1'
      pragma:
      - no-cache
      server:
      - Microsoft-Azure-Storage-Resource-Provider/1.0,Microsoft-HTTPAPI/2.0 Microsoft-HTTPAPI/2.0
      strict-transport-security:
      - max-age=31536000; includeSubDomains
      transfer-encoding:
      - chunked
      vary:
      - Accept-Encoding
      x-content-type-options:
      - nosniff
    status:
      code: 200
      message: OK
- request:
    body: '{"sku": {"name": "Standard_RAGRS"}, "tags": {}, "properties": {"encryption":
      {"services": {"blob": {"enabled": true, "keyType": "Account"}, "file": {"enabled":
      true, "keyType": "Account"}}, "keySource": "Microsoft.Storage"}, "accessTier":
      "Hot", "supportsHttpsTrafficOnly": true, "networkAcls": {"bypass": "AzureServices",
      "virtualNetworkRules": [], "ipRules": [], "defaultAction": "Allow"}, "routingPreference":
      {"routingChoice": "MicrosoftRouting", "publishMicrosoftEndpoints": true, "publishInternetEndpoints":
      false}}}'
    headers:
      Accept:
      - application/json
      Accept-Encoding:
      - gzip, deflate
      CommandName:
      - storage account update
      Connection:
      - keep-alive
      Content-Length:
      - '522'
      Content-Type:
      - application/json
      ParameterSetName:
      - -n -g --routing-choice --publish-internet-endpoints --publish-microsoft-endpoints
      User-Agent:
      - AZURECLI/2.44.1 azsdk-python-azure-mgmt-storage/21.0.0 Python/3.10.9 (Linux-5.15.0-1031-azure-x86_64-with-glibc2.31)
        VSTS_7b238909-6802-4b65-b90d-184bca47f458_build_220_0
    method: PATCH
    uri: https://management.azure.com/subscriptions/00000000-0000-0000-0000-000000000000/resourceGroups/cli_storage_account_routing000001/providers/Microsoft.Storage/storageAccounts/clirouting000004?api-version=2022-09-01
  response:
    body:
      string: '{"sku":{"name":"Standard_RAGRS","tier":"Standard"},"kind":"StorageV2","id":"/subscriptions/00000000-0000-0000-0000-000000000000/resourceGroups/cli_storage_account_routing000001/providers/Microsoft.Storage/storageAccounts/clirouting000004","name":"clirouting000004","type":"Microsoft.Storage/storageAccounts","location":"eastus","tags":{},"properties":{"keyCreationTime":{"key1":"2023-01-28T12:09:58.0220655Z","key2":"2023-01-28T12:09:58.0220655Z"},"privateEndpointConnections":[],"routingPreference":{"routingChoice":"MicrosoftRouting","publishMicrosoftEndpoints":true,"publishInternetEndpoints":false},"minimumTlsVersion":"TLS1_0","allowBlobPublicAccess":true,"networkAcls":{"bypass":"AzureServices","virtualNetworkRules":[],"ipRules":[],"defaultAction":"Allow"},"supportsHttpsTrafficOnly":true,"encryption":{"services":{"file":{"keyType":"Account","enabled":true,"lastEnabledTime":"2023-01-28T12:09:58.0220655Z"},"blob":{"keyType":"Account","enabled":true,"lastEnabledTime":"2023-01-28T12:09:58.0220655Z"}},"keySource":"Microsoft.Storage"},"accessTier":"Hot","provisioningState":"Succeeded","creationTime":"2023-01-28T12:09:57.7876681Z","primaryEndpoints":{"microsoftEndpoints":{"dfs":"https://clirouting000004-microsoftrouting.dfs.core.windows.net/","web":"https://clirouting000004-microsoftrouting.z13.web.core.windows.net/","blob":"https://clirouting000004-microsoftrouting.blob.core.windows.net/","queue":"https://clirouting000004-microsoftrouting.queue.core.windows.net/","table":"https://clirouting000004-microsoftrouting.table.core.windows.net/","file":"https://clirouting000004-microsoftrouting.file.core.windows.net/"},"dfs":"https://clirouting000004.dfs.core.windows.net/","web":"https://clirouting000004.z13.web.core.windows.net/","blob":"https://clirouting000004.blob.core.windows.net/","queue":"https://clirouting000004.queue.core.windows.net/","table":"https://clirouting000004.table.core.windows.net/","file":"https://clirouting000004.file.core.windows.net/"},"primaryLocation":"eastus","statusOfPrimary":"available","secondaryLocation":"westus","statusOfSecondary":"available","secondaryEndpoints":{"microsoftEndpoints":{"dfs":"https://clirouting000004-microsoftrouting-secondary.dfs.core.windows.net/","web":"https://clirouting000004-microsoftrouting-secondary.z13.web.core.windows.net/","blob":"https://clirouting000004-microsoftrouting-secondary.blob.core.windows.net/","queue":"https://clirouting000004-microsoftrouting-secondary.queue.core.windows.net/","table":"https://clirouting000004-microsoftrouting-secondary.table.core.windows.net/"},"dfs":"https://clirouting000004-secondary.dfs.core.windows.net/","web":"https://clirouting000004-secondary.z13.web.core.windows.net/","blob":"https://clirouting000004-secondary.blob.core.windows.net/","queue":"https://clirouting000004-secondary.queue.core.windows.net/","table":"https://clirouting000004-secondary.table.core.windows.net/"}}}'
    headers:
      cache-control:
      - no-cache
      content-length:
      - '2905'
      content-type:
      - application/json
      date:
      - Sat, 28 Jan 2023 12:10:19 GMT
      expires:
      - '-1'
      pragma:
      - no-cache
      server:
      - Microsoft-Azure-Storage-Resource-Provider/1.0,Microsoft-HTTPAPI/2.0 Microsoft-HTTPAPI/2.0
      strict-transport-security:
      - max-age=31536000; includeSubDomains
      x-content-type-options:
      - nosniff
      x-ms-ratelimit-remaining-subscription-writes:
      - '1189'
    status:
      code: 200
      message: OK
version: 1
