interactions:
- request:
    body: null
    headers:
      Accept:
      - application/json
      Accept-Encoding:
      - gzip, deflate
      CommandName:
      - storage account keys list
      Connection:
      - keep-alive
      Content-Length:
      - '0'
      ParameterSetName:
      - -n -g --query -o
      User-Agent:
      - AZURECLI/2.14.0 azsdk-python-azure-mgmt-storage/16.0.0 Python/3.7.8 (Windows-10-10.0.19041-SP0)
    method: POST
    uri: https://management.azure.com/subscriptions/00000000-0000-0000-0000-000000000000/resourceGroups/clitest.rg000001/providers/Microsoft.Storage/storageAccounts/clitest000002/listKeys?api-version=2019-06-01&$expand=kerb
  response:
    body:
      string: '{"keys":[{"keyName":"key1","value":"veryFakedStorageAccountKey==","permissions":"FULL"},{"keyName":"key2","value":"veryFakedStorageAccountKey==","permissions":"FULL"}]}'
    headers:
      cache-control:
      - no-cache
      content-length:
      - '288'
      content-type:
      - application/json
      date:
      - Fri, 06 Nov 2020 10:59:06 GMT
      expires:
      - '-1'
      pragma:
      - no-cache
      server:
      - Microsoft-Azure-Storage-Resource-Provider/1.0,Microsoft-HTTPAPI/2.0 Microsoft-HTTPAPI/2.0
      strict-transport-security:
      - max-age=31536000; includeSubDomains
      transfer-encoding:
      - chunked
      vary:
      - Accept-Encoding
      x-content-type-options:
      - nosniff
      x-ms-ratelimit-remaining-subscription-resource-requests:
      - '11986'
    status:
      code: 200
      message: OK
- request:
    body: null
    headers:
      Connection:
      - keep-alive
      Content-Length:
      - '0'
      User-Agent:
      - Azure-Storage/2.0.0-2.0.1 (Python CPython 3.7.8; Windows 10) AZURECLI/2.14.0
      x-ms-date:
      - Fri, 06 Nov 2020 10:59:07 GMT
      x-ms-version:
      - '2018-11-09'
    method: PUT
    uri: https://clitest000002.blob.core.windows.net/cont000003?restype=container
  response:
    body:
      string: ''
    headers:
      content-length:
      - '0'
      date:
      - Fri, 06 Nov 2020 10:59:11 GMT
      etag:
      - '"0x8D88242FE22EB7E"'
      last-modified:
      - Fri, 06 Nov 2020 10:59:11 GMT
      server:
      - Windows-Azure-Blob/1.0 Microsoft-HTTPAPI/2.0
      x-ms-version:
      - '2018-11-09'
    status:
      code: 201
      message: Created
- request:
    body: null
    headers:
      Connection:
      - keep-alive
      User-Agent:
      - Azure-Storage/2.0.0-2.0.1 (Python CPython 3.7.8; Windows 10) AZURECLI/2.14.0
      x-ms-date:
      - Fri, 06 Nov 2020 10:59:12 GMT
      x-ms-version:
      - '2018-11-09'
    method: GET
    uri: https://clitest000002.blob.core.windows.net/cont000003?restype=container
  response:
    body:
      string: ''
    headers:
      content-length:
      - '0'
      date:
      - Fri, 06 Nov 2020 10:59:15 GMT
      etag:
      - '"0x8D88242FE22EB7E"'
      last-modified:
      - Fri, 06 Nov 2020 10:59:11 GMT
      server:
      - Windows-Azure-Blob/1.0 Microsoft-HTTPAPI/2.0
      x-ms-has-immutability-policy:
      - 'false'
      x-ms-has-legal-hold:
      - 'false'
      x-ms-lease-state:
      - available
      x-ms-lease-status:
      - unlocked
      x-ms-version:
      - '2018-11-09'
    status:
      code: 200
      message: OK
- request:
    body: null
    headers:
      Connection:
      - keep-alive
      User-Agent:
      - Azure-Storage/2.0.0-2.0.1 (Python CPython 3.7.8; Windows 10) AZURECLI/2.14.0
      x-ms-date:
      - Fri, 06 Nov 2020 10:59:16 GMT
      x-ms-version:
      - '2018-11-09'
    method: GET
    uri: https://clitest000002.blob.core.windows.net/cont000003?restype=container&comp=acl
  response:
    body:
      string: "\uFEFF<?xml version=\"1.0\" encoding=\"utf-8\"?><SignedIdentifiers
        />"
    headers:
      content-type:
      - application/xml
      date:
      - Fri, 06 Nov 2020 10:59:19 GMT
      etag:
      - '"0x8D88242FE22EB7E"'
      last-modified:
      - Fri, 06 Nov 2020 10:59:11 GMT
      server:
      - Windows-Azure-Blob/1.0 Microsoft-HTTPAPI/2.0
      transfer-encoding:
      - chunked
      x-ms-version:
      - '2018-11-09'
    status:
      code: 200
      message: OK
- request:
    body: '<?xml version=''1.0'' encoding=''utf-8''?>

      <SignedIdentifiers />'
    headers:
      Connection:
      - keep-alive
      Content-Length:
      - '60'
      User-Agent:
      - Azure-Storage/2.0.0-2.0.1 (Python CPython 3.7.8; Windows 10) AZURECLI/2.14.0
      x-ms-blob-public-access:
      - blob
      x-ms-date:
      - Fri, 06 Nov 2020 10:59:20 GMT
      x-ms-version:
      - '2018-11-09'
    method: PUT
    uri: https://clitest000002.blob.core.windows.net/cont000003?restype=container&comp=acl
  response:
    body:
      string: ''
    headers:
      content-length:
      - '0'
      date:
      - Fri, 06 Nov 2020 10:59:24 GMT
      etag:
      - '"0x8D8824306269BE4"'
      last-modified:
      - Fri, 06 Nov 2020 10:59:25 GMT
      server:
      - Windows-Azure-Blob/1.0 Microsoft-HTTPAPI/2.0
      x-ms-version:
      - '2018-11-09'
    status:
      code: 200
      message: OK
- request:
    body: null
    headers:
      Connection:
      - keep-alive
      User-Agent:
      - Azure-Storage/2.0.0-2.0.1 (Python CPython 3.7.8; Windows 10) AZURECLI/2.14.0
      x-ms-date:
      - Fri, 06 Nov 2020 10:59:25 GMT
      x-ms-version:
      - '2018-11-09'
    method: GET
    uri: https://clitest000002.blob.core.windows.net/cont000003?restype=container&comp=acl
  response:
    body:
      string: "\uFEFF<?xml version=\"1.0\" encoding=\"utf-8\"?><SignedIdentifiers
        />"
    headers:
      content-type:
      - application/xml
      date:
      - Fri, 06 Nov 2020 10:59:28 GMT
      etag:
      - '"0x8D8824306269BE4"'
      last-modified:
      - Fri, 06 Nov 2020 10:59:25 GMT
      server:
      - Windows-Azure-Blob/1.0 Microsoft-HTTPAPI/2.0
      transfer-encoding:
      - chunked
      x-ms-blob-public-access:
      - blob
      x-ms-version:
      - '2018-11-09'
    status:
      code: 200
      message: OK
- request:
    body: null
    headers:
      Connection:
      - keep-alive
      User-Agent:
      - Azure-Storage/2.0.0-2.0.1 (Python CPython 3.7.8; Windows 10) AZURECLI/2.14.0
      x-ms-date:
      - Fri, 06 Nov 2020 10:59:29 GMT
      x-ms-version:
      - '2018-11-09'
    method: GET
    uri: https://clitest000002.blob.core.windows.net/cont000003?restype=container&comp=acl
  response:
    body:
      string: "\uFEFF<?xml version=\"1.0\" encoding=\"utf-8\"?><SignedIdentifiers
        />"
    headers:
      content-type:
      - application/xml
      date:
      - Fri, 06 Nov 2020 10:59:33 GMT
      etag:
      - '"0x8D8824306269BE4"'
      last-modified:
      - Fri, 06 Nov 2020 10:59:25 GMT
      server:
      - Windows-Azure-Blob/1.0 Microsoft-HTTPAPI/2.0
      transfer-encoding:
      - chunked
      x-ms-blob-public-access:
      - blob
      x-ms-version:
      - '2018-11-09'
    status:
      code: 200
      message: OK
- request:
    body: '<?xml version=''1.0'' encoding=''utf-8''?>

      <SignedIdentifiers />'
    headers:
      Connection:
      - keep-alive
      Content-Length:
      - '60'
      User-Agent:
      - Azure-Storage/2.0.0-2.0.1 (Python CPython 3.7.8; Windows 10) AZURECLI/2.14.0
      x-ms-date:
      - Fri, 06 Nov 2020 10:59:34 GMT
      x-ms-version:
      - '2018-11-09'
    method: PUT
    uri: https://clitest000002.blob.core.windows.net/cont000003?restype=container&comp=acl
  response:
    body:
      string: ''
    headers:
      content-length:
      - '0'
      date:
      - Fri, 06 Nov 2020 10:59:37 GMT
      etag:
      - '"0x8D882430E08C8BF"'
      last-modified:
      - Fri, 06 Nov 2020 10:59:38 GMT
      server:
      - Windows-Azure-Blob/1.0 Microsoft-HTTPAPI/2.0
      x-ms-version:
      - '2018-11-09'
    status:
      code: 200
      message: OK
- request:
    body: null
    headers:
      Connection:
      - keep-alive
      User-Agent:
      - Azure-Storage/2.0.0-2.0.1 (Python CPython 3.7.8; Windows 10) AZURECLI/2.14.0
      x-ms-date:
      - Fri, 06 Nov 2020 10:59:38 GMT
      x-ms-version:
      - '2018-11-09'
    method: GET
    uri: https://clitest000002.blob.core.windows.net/cont000003?restype=container&comp=acl
  response:
    body:
      string: "\uFEFF<?xml version=\"1.0\" encoding=\"utf-8\"?><SignedIdentifiers
        />"
    headers:
      content-type:
      - application/xml
      date:
      - Fri, 06 Nov 2020 10:59:42 GMT
      etag:
      - '"0x8D882430E08C8BF"'
      last-modified:
      - Fri, 06 Nov 2020 10:59:38 GMT
      server:
      - Windows-Azure-Blob/1.0 Microsoft-HTTPAPI/2.0
      transfer-encoding:
      - chunked
      x-ms-version:
      - '2018-11-09'
    status:
      code: 200
      message: OK
- request:
    body: null
    headers:
      Connection:
      - keep-alive
      User-Agent:
      - Azure-Storage/2.0.0-2.0.1 (Python CPython 3.7.8; Windows 10) AZURECLI/2.14.0
      x-ms-date:
      - Fri, 06 Nov 2020 10:59:43 GMT
      x-ms-version:
      - '2018-11-09'
    method: GET
    uri: https://clitest000002.blob.core.windows.net/cont000003?restype=container
  response:
    body:
      string: ''
    headers:
      content-length:
      - '0'
      date:
      - Fri, 06 Nov 2020 10:59:47 GMT
      etag:
      - '"0x8D882430E08C8BF"'
      last-modified:
      - Fri, 06 Nov 2020 10:59:38 GMT
      server:
      - Windows-Azure-Blob/1.0 Microsoft-HTTPAPI/2.0
      x-ms-has-immutability-policy:
      - 'false'
      x-ms-has-legal-hold:
      - 'false'
      x-ms-lease-state:
      - available
      x-ms-lease-status:
      - unlocked
      x-ms-version:
      - '2018-11-09'
    status:
      code: 200
      message: OK
- request:
    body: null
    headers:
      Connection:
      - keep-alive
      User-Agent:
      - Azure-Storage/2.0.0-2.0.1 (Python CPython 3.7.8; Windows 10) AZURECLI/2.14.0
      x-ms-date:
      - Fri, 06 Nov 2020 10:59:47 GMT
      x-ms-version:
      - '2018-11-09'
    method: GET
    uri: https://clitest000002.blob.core.windows.net/?comp=list&maxresults=5000
  response:
    body:
      string: "\uFEFF<?xml version=\"1.0\" encoding=\"utf-8\"?><EnumerationResults
        ServiceEndpoint=\"https://clitest000002.blob.core.windows.net/\"><MaxResults>5000</MaxResults><Containers><Container><Name>cont000003</Name><Properties><Last-Modified>Fri,
        06 Nov 2020 10:59:38 GMT</Last-Modified><Etag>\"0x8D882430E08C8BF\"</Etag><LeaseStatus>unlocked</LeaseStatus><LeaseState>available</LeaseState><HasImmutabilityPolicy>false</HasImmutabilityPolicy><HasLegalHold>false</HasLegalHold></Properties></Container></Containers><NextMarker
        /></EnumerationResults>"
    headers:
      content-type:
      - application/xml
      date:
      - Fri, 06 Nov 2020 10:59:51 GMT
      server:
      - Windows-Azure-Blob/1.0 Microsoft-HTTPAPI/2.0
      transfer-encoding:
      - chunked
      x-ms-version:
      - '2018-11-09'
    status:
      code: 200
      message: OK
- request:
    body: null
    headers:
      Connection:
      - keep-alive
      Content-Length:
      - '0'
      User-Agent:
      - Azure-Storage/2.0.0-2.0.1 (Python CPython 3.7.8; Windows 10) AZURECLI/2.14.0
      x-ms-date:
      - Fri, 06 Nov 2020 10:59:54 GMT
      x-ms-meta-foo:
      - bar
      x-ms-meta-moo:
      - bak
      x-ms-version:
      - '2018-11-09'
    method: PUT
    uri: https://clitest000002.blob.core.windows.net/cont000003?restype=container&comp=metadata
  response:
    body:
      string: ''
    headers:
      content-length:
      - '0'
      date:
      - Fri, 06 Nov 2020 10:59:58 GMT
      etag:
      - '"0x8D882431A1D79C3"'
      last-modified:
      - Fri, 06 Nov 2020 10:59:58 GMT
      server:
      - Windows-Azure-Blob/1.0 Microsoft-HTTPAPI/2.0
      x-ms-version:
      - '2018-11-09'
    status:
      code: 200
      message: OK
- request:
    body: null
    headers:
      Connection:
      - keep-alive
      User-Agent:
      - Azure-Storage/2.0.0-2.0.1 (Python CPython 3.7.8; Windows 10) AZURECLI/2.14.0
      x-ms-date:
      - Fri, 06 Nov 2020 10:59:58 GMT
      x-ms-version:
      - '2018-11-09'
    method: GET
    uri: https://clitest000002.blob.core.windows.net/cont000003?restype=container&comp=metadata
  response:
    body:
      string: ''
    headers:
      content-length:
      - '0'
      date:
      - Fri, 06 Nov 2020 11:00:02 GMT
      etag:
      - '"0x8D882431A1D79C3"'
      last-modified:
      - Fri, 06 Nov 2020 10:59:58 GMT
      server:
      - Windows-Azure-Blob/1.0 Microsoft-HTTPAPI/2.0
      x-ms-meta-foo:
      - bar
      x-ms-meta-moo:
      - bak
      x-ms-version:
      - '2018-11-09'
    status:
      code: 200
      message: OK
- request:
    body: null
    headers:
      Connection:
      - keep-alive
      Content-Length:
      - '0'
      User-Agent:
      - Azure-Storage/2.0.0-2.0.1 (Python CPython 3.7.8; Windows 10) AZURECLI/2.14.0
      x-ms-date:
      - Fri, 06 Nov 2020 11:00:03 GMT
      x-ms-version:
      - '2018-11-09'
    method: PUT
    uri: https://clitest000002.blob.core.windows.net/cont000003?restype=container&comp=metadata
  response:
    body:
      string: ''
    headers:
      content-length:
      - '0'
      date:
      - Fri, 06 Nov 2020 11:00:07 GMT
      etag:
      - '"0x8D882431FAD34F7"'
      last-modified:
      - Fri, 06 Nov 2020 11:00:07 GMT
      server:
      - Windows-Azure-Blob/1.0 Microsoft-HTTPAPI/2.0
      x-ms-version:
      - '2018-11-09'
    status:
      code: 200
      message: OK
- request:
    body: null
    headers:
      Connection:
      - keep-alive
      User-Agent:
      - Azure-Storage/2.0.0-2.0.1 (Python CPython 3.7.8; Windows 10) AZURECLI/2.14.0
      x-ms-date:
      - Fri, 06 Nov 2020 11:00:08 GMT
      x-ms-version:
      - '2018-11-09'
    method: GET
    uri: https://clitest000002.blob.core.windows.net/cont000003?restype=container&comp=metadata
  response:
    body:
      string: ''
    headers:
      content-length:
      - '0'
      date:
      - Fri, 06 Nov 2020 11:00:11 GMT
      etag:
      - '"0x8D882431FAD34F7"'
      last-modified:
      - Fri, 06 Nov 2020 11:00:07 GMT
      server:
      - Windows-Azure-Blob/1.0 Microsoft-HTTPAPI/2.0
      x-ms-version:
      - '2018-11-09'
    status:
      code: 200
      message: OK
- request:
    body: null
    headers:
      Connection:
      - keep-alive
      Content-Length:
      - '0'
      If-Modified-Since:
      - Fri, 01 Apr 2016 12:00:00 GMT
      User-Agent:
      - Azure-Storage/2.0.0-2.0.1 (Python CPython 3.7.8; Windows 10) AZURECLI/2.14.0
      x-ms-date:
      - Fri, 06 Nov 2020 11:00:13 GMT
      x-ms-lease-action:
      - acquire
      x-ms-lease-duration:
      - '60'
      x-ms-proposed-lease-id:
      - abcdabcd-abcd-abcd-abcd-abcdabcdabcd
      x-ms-version:
      - '2018-11-09'
    method: PUT
    uri: https://clitest000002.blob.core.windows.net/cont000003?restype=container&comp=lease
  response:
    body:
      string: ''
    headers:
      content-length:
      - '0'
      date:
      - Fri, 06 Nov 2020 11:00:16 GMT
      etag:
      - '"0x8D882431FAD34F7"'
      last-modified:
      - Fri, 06 Nov 2020 11:00:07 GMT
      server:
      - Windows-Azure-Blob/1.0 Microsoft-HTTPAPI/2.0
      x-ms-lease-id:
      - abcdabcd-abcd-abcd-abcd-abcdabcdabcd
      x-ms-version:
      - '2018-11-09'
    status:
      code: 201
      message: Created
- request:
    body: null
    headers:
      Connection:
      - keep-alive
      User-Agent:
      - Azure-Storage/2.0.0-2.0.1 (Python CPython 3.7.8; Windows 10) AZURECLI/2.14.0
      x-ms-date:
      - Fri, 06 Nov 2020 11:00:17 GMT
      x-ms-version:
      - '2018-11-09'
    method: GET
    uri: https://clitest000002.blob.core.windows.net/cont000003?restype=container
  response:
    body:
      string: ''
    headers:
      content-length:
      - '0'
      date:
      - Fri, 06 Nov 2020 11:00:20 GMT
      etag:
      - '"0x8D882431FAD34F7"'
      last-modified:
      - Fri, 06 Nov 2020 11:00:07 GMT
      server:
      - Windows-Azure-Blob/1.0 Microsoft-HTTPAPI/2.0
      x-ms-has-immutability-policy:
      - 'false'
      x-ms-has-legal-hold:
      - 'false'
      x-ms-lease-duration:
      - fixed
      x-ms-lease-state:
      - leased
      x-ms-lease-status:
      - locked
      x-ms-version:
      - '2018-11-09'
    status:
      code: 200
      message: OK
- request:
    body: null
    headers:
      Connection:
      - keep-alive
      Content-Length:
      - '0'
      User-Agent:
      - Azure-Storage/2.0.0-2.0.1 (Python CPython 3.7.8; Windows 10) AZURECLI/2.14.0
      x-ms-date:
      - Fri, 06 Nov 2020 11:00:22 GMT
      x-ms-lease-action:
      - change
      x-ms-lease-id:
      - abcdabcd-abcd-abcd-abcd-abcdabcdabcd
      x-ms-proposed-lease-id:
      - dcbadcba-dcba-dcba-dcba-dcbadcbadcba
      x-ms-version:
      - '2018-11-09'
    method: PUT
    uri: https://clitest000002.blob.core.windows.net/cont000003?restype=container&comp=lease
  response:
    body:
      string: ''
    headers:
      content-length:
      - '0'
      date:
      - Fri, 06 Nov 2020 11:00:26 GMT
      etag:
      - '"0x8D882431FAD34F7"'
      last-modified:
      - Fri, 06 Nov 2020 11:00:07 GMT
      server:
      - Windows-Azure-Blob/1.0 Microsoft-HTTPAPI/2.0
      x-ms-lease-id:
      - dcbadcba-dcba-dcba-dcba-dcbadcbadcba
      x-ms-version:
      - '2018-11-09'
    status:
      code: 200
      message: OK
- request:
    body: null
    headers:
      Connection:
      - keep-alive
      Content-Length:
      - '0'
      User-Agent:
      - Azure-Storage/2.0.0-2.0.1 (Python CPython 3.7.8; Windows 10) AZURECLI/2.14.0
      x-ms-date:
      - Fri, 06 Nov 2020 11:00:26 GMT
      x-ms-lease-action:
      - renew
      x-ms-lease-id:
      - dcbadcba-dcba-dcba-dcba-dcbadcbadcba
      x-ms-version:
      - '2018-11-09'
    method: PUT
    uri: https://clitest000002.blob.core.windows.net/cont000003?restype=container&comp=lease
  response:
    body:
      string: ''
    headers:
      content-length:
      - '0'
      date:
      - Fri, 06 Nov 2020 11:00:30 GMT
      etag:
      - '"0x8D882431FAD34F7"'
      last-modified:
      - Fri, 06 Nov 2020 11:00:07 GMT
      server:
      - Windows-Azure-Blob/1.0 Microsoft-HTTPAPI/2.0
      x-ms-lease-id:
      - dcbadcba-dcba-dcba-dcba-dcbadcbadcba
      x-ms-version:
      - '2018-11-09'
    status:
      code: 200
      message: OK
- request:
    body: null
    headers:
      Connection:
      - keep-alive
      User-Agent:
      - Azure-Storage/2.0.0-2.0.1 (Python CPython 3.7.8; Windows 10) AZURECLI/2.14.0
      x-ms-date:
      - Fri, 06 Nov 2020 11:00:31 GMT
      x-ms-version:
      - '2018-11-09'
    method: GET
    uri: https://clitest000002.blob.core.windows.net/cont000003?restype=container
  response:
    body:
      string: ''
    headers:
      content-length:
      - '0'
      date:
      - Fri, 06 Nov 2020 11:00:35 GMT
      etag:
      - '"0x8D882431FAD34F7"'
      last-modified:
      - Fri, 06 Nov 2020 11:00:07 GMT
      server:
      - Windows-Azure-Blob/1.0 Microsoft-HTTPAPI/2.0
      x-ms-has-immutability-policy:
      - 'false'
      x-ms-has-legal-hold:
      - 'false'
      x-ms-lease-duration:
      - fixed
      x-ms-lease-state:
      - leased
      x-ms-lease-status:
      - locked
      x-ms-version:
      - '2018-11-09'
    status:
      code: 200
      message: OK
- request:
    body: null
    headers:
      Connection:
      - keep-alive
      Content-Length:
      - '0'
      User-Agent:
      - Azure-Storage/2.0.0-2.0.1 (Python CPython 3.7.8; Windows 10) AZURECLI/2.14.0
      x-ms-date:
      - Fri, 06 Nov 2020 11:00:36 GMT
      x-ms-lease-action:
      - break
      x-ms-lease-break-period:
      - '30'
      x-ms-version:
      - '2018-11-09'
    method: PUT
    uri: https://clitest000002.blob.core.windows.net/cont000003?restype=container&comp=lease
  response:
    body:
      string: ''
    headers:
      content-length:
      - '0'
      date:
      - Fri, 06 Nov 2020 11:00:40 GMT
      etag:
      - '"0x8D882431FAD34F7"'
      last-modified:
      - Fri, 06 Nov 2020 11:00:07 GMT
      server:
      - Windows-Azure-Blob/1.0 Microsoft-HTTPAPI/2.0
      x-ms-lease-time:
      - '30'
      x-ms-version:
      - '2018-11-09'
    status:
      code: 202
      message: Accepted
- request:
    body: null
    headers:
      Connection:
      - keep-alive
      User-Agent:
      - Azure-Storage/2.0.0-2.0.1 (Python CPython 3.7.8; Windows 10) AZURECLI/2.14.0
      x-ms-date:
      - Fri, 06 Nov 2020 11:00:41 GMT
      x-ms-version:
      - '2018-11-09'
    method: GET
    uri: https://clitest000002.blob.core.windows.net/cont000003?restype=container
  response:
    body:
      string: ''
    headers:
      content-length:
      - '0'
      date:
      - Fri, 06 Nov 2020 11:00:44 GMT
      etag:
      - '"0x8D882431FAD34F7"'
      last-modified:
      - Fri, 06 Nov 2020 11:00:07 GMT
      server:
      - Windows-Azure-Blob/1.0 Microsoft-HTTPAPI/2.0
      x-ms-has-immutability-policy:
      - 'false'
      x-ms-has-legal-hold:
      - 'false'
      x-ms-lease-state:
      - breaking
      x-ms-lease-status:
      - locked
      x-ms-version:
      - '2018-11-09'
    status:
      code: 200
      message: OK
- request:
    body: null
    headers:
      Connection:
      - keep-alive
      Content-Length:
      - '0'
      User-Agent:
      - Azure-Storage/2.0.0-2.0.1 (Python CPython 3.7.8; Windows 10) AZURECLI/2.14.0
      x-ms-date:
      - Fri, 06 Nov 2020 11:00:46 GMT
      x-ms-lease-action:
      - release
      x-ms-lease-id:
      - dcbadcba-dcba-dcba-dcba-dcbadcbadcba
      x-ms-version:
      - '2018-11-09'
    method: PUT
    uri: https://clitest000002.blob.core.windows.net/cont000003?restype=container&comp=lease
  response:
    body:
      string: ''
    headers:
      content-length:
      - '0'
      date:
      - Fri, 06 Nov 2020 11:00:50 GMT
      etag:
      - '"0x8D882431FAD34F7"'
      last-modified:
      - Fri, 06 Nov 2020 11:00:07 GMT
      server:
      - Windows-Azure-Blob/1.0 Microsoft-HTTPAPI/2.0
      x-ms-version:
      - '2018-11-09'
    status:
      code: 200
      message: OK
- request:
    body: null
    headers:
      Connection:
      - keep-alive
      User-Agent:
      - Azure-Storage/2.0.0-2.0.1 (Python CPython 3.7.8; Windows 10) AZURECLI/2.14.0
      x-ms-date:
      - Fri, 06 Nov 2020 11:00:51 GMT
      x-ms-version:
      - '2018-11-09'
    method: GET
    uri: https://clitest000002.blob.core.windows.net/cont000003?restype=container
  response:
    body:
      string: ''
    headers:
      content-length:
      - '0'
      date:
      - Fri, 06 Nov 2020 11:00:54 GMT
      etag:
      - '"0x8D882431FAD34F7"'
      last-modified:
      - Fri, 06 Nov 2020 11:00:07 GMT
      server:
      - Windows-Azure-Blob/1.0 Microsoft-HTTPAPI/2.0
      x-ms-has-immutability-policy:
      - 'false'
      x-ms-has-legal-hold:
      - 'false'
      x-ms-lease-state:
      - available
      x-ms-lease-status:
      - unlocked
      x-ms-version:
      - '2018-11-09'
    status:
      code: 200
      message: OK
- request:
    body: null
    headers:
      Connection:
      - keep-alive
      Content-Length:
      - '0'
      User-Agent:
      - Azure-Storage/2.0.0-2.0.1 (Python CPython 3.7.8; Windows 10) AZURECLI/2.14.0
      x-ms-date:
      - Fri, 06 Nov 2020 11:00:56 GMT
      x-ms-version:
      - '2018-11-09'
    method: DELETE
    uri: https://clitest000002.blob.core.windows.net/cont000003?restype=container
  response:
    body:
      string: ''
    headers:
      content-length:
      - '0'
      date:
      - Fri, 06 Nov 2020 11:01:00 GMT
      server:
      - Windows-Azure-Blob/1.0 Microsoft-HTTPAPI/2.0
      x-ms-version:
      - '2018-11-09'
    status:
      code: 202
      message: Accepted
- request:
    body: null
    headers:
      Connection:
      - keep-alive
      User-Agent:
      - Azure-Storage/2.0.0-2.0.1 (Python CPython 3.7.8; Windows 10) AZURECLI/2.14.0
      x-ms-date:
      - Fri, 06 Nov 2020 11:01:00 GMT
      x-ms-version:
      - '2018-11-09'
    method: GET
    uri: https://clitest000002.blob.core.windows.net/cont000003?restype=container
  response:
    body:
      string: "\uFEFF<?xml version=\"1.0\" encoding=\"utf-8\"?><Error><Code>ContainerNotFound</Code><Message>The
        specified container does not exist.\nRequestId:e7af8d0a-201e-0074-482c-b4fe31000000\nTime:2020-11-06T11:01:05.1441565Z</Message></Error>"
    headers:
      content-length:
      - '225'
      content-type:
      - application/xml
      date:
      - Fri, 06 Nov 2020 11:01:04 GMT
      server:
      - Windows-Azure-Blob/1.0 Microsoft-HTTPAPI/2.0
      x-ms-error-code:
      - ContainerNotFound
      x-ms-version:
      - '2018-11-09'
    status:
      code: 404
      message: The specified container does not exist.
version: 1
