interactions:
- request:
    body: null
    headers:
      Accept:
      - application/json
      Accept-Encoding:
      - gzip, deflate
      CommandName:
      - keyvault show
      Connection:
      - keep-alive
      ParameterSetName:
      - -n -g
      User-Agent:
      - AZURECLI/2.35.0 azsdk-python-azure-mgmt-keyvault/9.3.0 Python/3.7.9 (Windows-10-10.0.22000-SP0)
    method: GET
    uri: https://management.azure.com/subscriptions/00000000-0000-0000-0000-000000000000/resourceGroups/clitest.rg000001/providers/Microsoft.KeyVault/vaults/clitest000003?api-version=2021-06-01-preview
  response:
    body:
      string: '{"id":"/subscriptions/00000000-0000-0000-0000-000000000000/resourceGroups/clitest.rg000001/providers/Microsoft.KeyVault/vaults/clitest000003","name":"clitest000003","type":"Microsoft.KeyVault/vaults","location":"southcentralus","tags":{},"systemData":{"createdBy":"yishiwang@microsoft.com","createdByType":"User","createdAt":"2022-04-08T11:57:59Z","lastModifiedBy":"yishiwang@microsoft.com","lastModifiedByType":"User","lastModifiedAt":"2022-04-08T11:57:59Z"},"properties":{"sku":{"family":"A","name":"standard"},"tenantId":"54826b22-38d6-4fb2-bad9-b7b93a3e9c5a","accessPolicies":[{"tenantId":"54826b22-38d6-4fb2-bad9-b7b93a3e9c5a","objectId":"3707fb2f-ac10-4591-a04f-8b0d786ea37d","permissions":{"keys":["all"],"secrets":["all"],"certificates":["all"],"storage":["all"]}}],"enabledForDeployment":false,"enableSoftDelete":true,"softDeleteRetentionInDays":7,"vaultUri":"https://clitest000003.vault.azure.net/","provisioningState":"Succeeded","publicNetworkAccess":"Enabled"}}'
    headers:
      cache-control:
      - no-cache
      content-length:
      - '974'
      content-type:
      - application/json; charset=utf-8
      date:
      - Fri, 08 Apr 2022 11:58:34 GMT
      expires:
      - '-1'
      pragma:
      - no-cache
      server:
      - Microsoft-IIS/10.0
      strict-transport-security:
      - max-age=31536000; includeSubDomains
      transfer-encoding:
      - chunked
      vary:
      - Accept-Encoding
      x-aspnet-version:
      - 4.0.30319
      x-content-type-options:
      - nosniff
      x-ms-keyvault-service-version:
      - 1.5.339.0
    status:
      code: 200
      message: OK
- request:
    body: null
    headers:
      Accept:
      - application/json
      Accept-Encoding:
      - gzip, deflate
      Connection:
      - keep-alive
      Content-Length:
      - '0'
      Content-Type:
      - application/json
      User-Agent:
      - azsdk-python-keyvault-keys/4.5.0 Python/3.7.9 (Windows-10-10.0.22000-SP0)
    method: POST
    uri: https://clitest000003.vault.azure.net/keys/testkey/create?api-version=7.3
  response:
    body:
      string: '{"error":{"code":"Unauthorized","message":"AKV10000: Request is missing
        a Bearer or PoP token."}}'
    headers:
      cache-control:
      - no-cache
      content-length:
      - '97'
      content-type:
      - application/json; charset=utf-8
      date:
      - Fri, 08 Apr 2022 11:58:35 GMT
      expires:
      - '-1'
      pragma:
      - no-cache
      strict-transport-security:
      - max-age=31536000;includeSubDomains
      www-authenticate:
      - Bearer authorization="https://login.windows.net/54826b22-38d6-4fb2-bad9-b7b93a3e9c5a",
        resource="https://vault.azure.net"
      x-content-type-options:
      - nosniff
      x-ms-keyvault-network-info:
      - conn_type=Ipv4;addr=112.64.8.116;act_addr_fam=InterNetwork;
      x-ms-keyvault-region:
      - southcentralus
      x-ms-keyvault-service-version:
      - 1.9.331.5
      x-powered-by:
      - ASP.NET
    status:
      code: 401
      message: Unauthorized
- request:
    body: '{"kty": "RSA", "attributes": {"enabled": true}}'
    headers:
      Accept:
      - application/json
      Accept-Encoding:
      - gzip, deflate
      Connection:
      - keep-alive
      Content-Length:
      - '47'
      Content-Type:
      - application/json
      User-Agent:
      - azsdk-python-keyvault-keys/4.5.0 Python/3.7.9 (Windows-10-10.0.22000-SP0)
    method: POST
    uri: https://clitest000003.vault.azure.net/keys/testkey/create?api-version=7.3
  response:
    body:
      string: '{"key":{"kid":"https://clitest000003.vault.azure.net/keys/testkey/338d2f75794a47aa9d9b35e32df1bfce","kty":"RSA","key_ops":["encrypt","decrypt","sign","verify","wrapKey","unwrapKey"],"n":"7ux7y45HAFDv71eeGphHxP-Vmy4BGMTMiEREVPDC1nnJt4GS5fYbJDCS-XBR0ek2ea75rpHP4Jmb2HOHYwvQdWD4M_IbmK6YQN2c6c8PZoCgf_VUkNjwBt4oSUVIPnoFOHQf2SuTcHS7l8xLuFWMyMwPLErxhU44XFxnxdtijBsr2JhyQ7B8UTSlANQQA2Qz-qfYLX0M3G9QxmIZk4DVjqVsuXfM17tFDS5d3RUO2qTBnk9yq31ur6TegLhyd8NYILGCCUO_hmC1n_vUALD4NHIg-ITtSCEonCG86uFhHM814og0JEPsPNpCSvVFSb7zkKtUp4e_h-WjipulRXYRrQ","e":"AQAB"},"attributes":{"enabled":true,"created":1649419116,"updated":1649419116,"recoveryLevel":"CustomizedRecoverable+Purgeable","recoverableDays":7}}'
    headers:
      cache-control:
      - no-cache
      content-length:
      - '685'
      content-type:
      - application/json; charset=utf-8
      date:
      - Fri, 08 Apr 2022 11:58:35 GMT
      expires:
      - '-1'
      pragma:
      - no-cache
      strict-transport-security:
      - max-age=31536000;includeSubDomains
      x-content-type-options:
      - nosniff
      x-ms-keyvault-network-info:
      - conn_type=Ipv4;addr=112.64.8.116;act_addr_fam=InterNetwork;
      x-ms-keyvault-region:
      - southcentralus
      x-ms-keyvault-service-version:
      - 1.9.331.5
      x-powered-by:
      - ASP.NET
    status:
      code: 200
      message: OK
- request:
    body: null
    headers:
      Accept:
      - application/json
      Accept-Encoding:
      - gzip, deflate
      CommandName:
      - storage account update
      Connection:
      - keep-alive
      ParameterSetName:
      - -n -g --assign-identity -o --query
      User-Agent:
      - AZURECLI/2.35.0 azsdk-python-azure-mgmt-storage/19.1.0 Python/3.7.9 (Windows-10-10.0.22000-SP0)
    method: GET
    uri: https://management.azure.com/subscriptions/00000000-0000-0000-0000-000000000000/resourceGroups/clitest.rg000001/providers/Microsoft.Storage/storageAccounts/clitest000002?api-version=2021-08-01
  response:
    body:
      string: '{"sku":{"name":"Standard_LRS","tier":"Standard"},"kind":"Storage","id":"/subscriptions/00000000-0000-0000-0000-000000000000/resourceGroups/clitest.rg000001/providers/Microsoft.Storage/storageAccounts/clitest000002","name":"clitest000002","type":"Microsoft.Storage/storageAccounts","location":"southcentralus","tags":{},"properties":{"keyCreationTime":{"key1":"2022-04-08T11:57:28.1860958Z","key2":"2022-04-08T11:57:28.1860958Z"},"privateEndpointConnections":[],"minimumTlsVersion":"TLS1_0","allowBlobPublicAccess":true,"networkAcls":{"bypass":"AzureServices","virtualNetworkRules":[],"ipRules":[],"defaultAction":"Allow"},"supportsHttpsTrafficOnly":true,"encryption":{"services":{"file":{"keyType":"Account","enabled":true,"lastEnabledTime":"2022-04-08T11:57:28.2017414Z"},"blob":{"keyType":"Account","enabled":true,"lastEnabledTime":"2022-04-08T11:57:28.2017414Z"}},"keySource":"Microsoft.Storage"},"provisioningState":"Succeeded","creationTime":"2022-04-08T11:57:28.1079401Z","primaryEndpoints":{"blob":"https://clitest000002.blob.core.windows.net/","queue":"https://clitest000002.queue.core.windows.net/","table":"https://clitest000002.table.core.windows.net/","file":"https://clitest000002.file.core.windows.net/"},"primaryLocation":"southcentralus","statusOfPrimary":"available"}}'
    headers:
      cache-control:
      - no-cache
      content-length:
      - '1285'
      content-type:
      - application/json
      date:
      - Fri, 08 Apr 2022 11:58:37 GMT
      expires:
      - '-1'
      pragma:
      - no-cache
      server:
      - Microsoft-Azure-Storage-Resource-Provider/1.0,Microsoft-HTTPAPI/2.0 Microsoft-HTTPAPI/2.0
      strict-transport-security:
      - max-age=31536000; includeSubDomains
      transfer-encoding:
      - chunked
      vary:
      - Accept-Encoding
      x-content-type-options:
      - nosniff
    status:
      code: 200
      message: OK
- request:
    body: '{"sku": {"name": "Standard_LRS"}, "tags": {}, "identity": {"type": "SystemAssigned"},
      "properties": {"encryption": {"services": {"blob": {"enabled": true, "keyType":
      "Account"}, "file": {"enabled": true, "keyType": "Account"}}, "keySource": "Microsoft.Storage"},
      "supportsHttpsTrafficOnly": true, "networkAcls": {"bypass": "AzureServices",
      "virtualNetworkRules": [], "ipRules": [], "defaultAction": "Allow"}}}'
    headers:
      Accept:
      - application/json
      Accept-Encoding:
      - gzip, deflate
      CommandName:
      - storage account update
      Connection:
      - keep-alive
      Content-Length:
      - '409'
      Content-Type:
      - application/json
      ParameterSetName:
      - -n -g --assign-identity -o --query
      User-Agent:
      - AZURECLI/2.35.0 azsdk-python-azure-mgmt-storage/19.1.0 Python/3.7.9 (Windows-10-10.0.22000-SP0)
    method: PATCH
    uri: https://management.azure.com/subscriptions/00000000-0000-0000-0000-000000000000/resourceGroups/clitest.rg000001/providers/Microsoft.Storage/storageAccounts/clitest000002?api-version=2021-08-01
  response:
    body:
      string: '{"identity":{"principalId":"6ab262d4-3e90-436b-bee4-f81a2f37dc04","tenantId":"54826b22-38d6-4fb2-bad9-b7b93a3e9c5a","type":"SystemAssigned"},"sku":{"name":"Standard_LRS","tier":"Standard"},"kind":"Storage","id":"/subscriptions/00000000-0000-0000-0000-000000000000/resourceGroups/clitest.rg000001/providers/Microsoft.Storage/storageAccounts/clitest000002","name":"clitest000002","type":"Microsoft.Storage/storageAccounts","location":"southcentralus","tags":{},"properties":{"keyCreationTime":{"key1":"2022-04-08T11:57:28.1860958Z","key2":"2022-04-08T11:57:28.1860958Z"},"privateEndpointConnections":[],"minimumTlsVersion":"TLS1_0","allowBlobPublicAccess":true,"networkAcls":{"bypass":"AzureServices","virtualNetworkRules":[],"ipRules":[],"defaultAction":"Allow"},"supportsHttpsTrafficOnly":true,"encryption":{"services":{"file":{"keyType":"Account","enabled":true,"lastEnabledTime":"2022-04-08T11:57:28.2017414Z"},"blob":{"keyType":"Account","enabled":true,"lastEnabledTime":"2022-04-08T11:57:28.2017414Z"}},"keySource":"Microsoft.Storage"},"provisioningState":"Succeeded","creationTime":"2022-04-08T11:57:28.1079401Z","primaryEndpoints":{"blob":"https://clitest000002.blob.core.windows.net/","queue":"https://clitest000002.queue.core.windows.net/","table":"https://clitest000002.table.core.windows.net/","file":"https://clitest000002.file.core.windows.net/"},"primaryLocation":"southcentralus","statusOfPrimary":"available"}}'
    headers:
      cache-control:
      - no-cache
      content-length:
      - '1425'
      content-type:
      - application/json
      date:
      - Fri, 08 Apr 2022 11:58:44 GMT
      expires:
      - '-1'
      pragma:
      - no-cache
      server:
      - Microsoft-Azure-Storage-Resource-Provider/1.0,Microsoft-HTTPAPI/2.0 Microsoft-HTTPAPI/2.0
      strict-transport-security:
      - max-age=31536000; includeSubDomains
      transfer-encoding:
      - chunked
      vary:
      - Accept-Encoding
      x-content-type-options:
      - nosniff
      x-ms-ratelimit-remaining-subscription-writes:
      - '1196'
    status:
      code: 200
      message: OK
- request:
    body: null
    headers:
      Accept:
      - application/json
      Accept-Encoding:
      - gzip, deflate
      CommandName:
      - keyvault set-policy
      Connection:
      - keep-alive
      ParameterSetName:
      - -n --object-id -g --key-permissions
      User-Agent:
      - AZURECLI/2.35.0 azsdk-python-azure-mgmt-keyvault/9.3.0 Python/3.7.9 (Windows-10-10.0.22000-SP0)
    method: GET
    uri: https://management.azure.com/subscriptions/00000000-0000-0000-0000-000000000000/resourceGroups/clitest.rg000001/providers/Microsoft.KeyVault/vaults/clitest000003?api-version=2021-06-01-preview
  response:
    body:
      string: '{"id":"/subscriptions/00000000-0000-0000-0000-000000000000/resourceGroups/clitest.rg000001/providers/Microsoft.KeyVault/vaults/clitest000003","name":"clitest000003","type":"Microsoft.KeyVault/vaults","location":"southcentralus","tags":{},"systemData":{"createdBy":"yishiwang@microsoft.com","createdByType":"User","createdAt":"2022-04-08T11:57:59Z","lastModifiedBy":"yishiwang@microsoft.com","lastModifiedByType":"User","lastModifiedAt":"2022-04-08T11:57:59Z"},"properties":{"sku":{"family":"A","name":"standard"},"tenantId":"54826b22-38d6-4fb2-bad9-b7b93a3e9c5a","accessPolicies":[{"tenantId":"54826b22-38d6-4fb2-bad9-b7b93a3e9c5a","objectId":"3707fb2f-ac10-4591-a04f-8b0d786ea37d","permissions":{"keys":["all"],"secrets":["all"],"certificates":["all"],"storage":["all"]}}],"enabledForDeployment":false,"enableSoftDelete":true,"softDeleteRetentionInDays":7,"vaultUri":"https://clitest000003.vault.azure.net/","provisioningState":"Succeeded","publicNetworkAccess":"Enabled"}}'
    headers:
      cache-control:
      - no-cache
      content-length:
      - '974'
      content-type:
      - application/json; charset=utf-8
      date:
      - Fri, 08 Apr 2022 11:58:46 GMT
      expires:
      - '-1'
      pragma:
      - no-cache
      server:
      - Microsoft-IIS/10.0
      strict-transport-security:
      - max-age=31536000; includeSubDomains
      transfer-encoding:
      - chunked
      vary:
      - Accept-Encoding
      x-aspnet-version:
      - 4.0.30319
      x-content-type-options:
      - nosniff
      x-ms-keyvault-service-version:
      - 1.5.339.0
    status:
      code: 200
      message: OK
- request:
    body: '{"location": "southcentralus", "tags": {}, "properties": {"tenantId": "54826b22-38d6-4fb2-bad9-b7b93a3e9c5a",
      "sku": {"family": "A", "name": "standard"}, "accessPolicies": [{"tenantId":
      "54826b22-38d6-4fb2-bad9-b7b93a3e9c5a", "objectId": "3707fb2f-ac10-4591-a04f-8b0d786ea37d",
      "permissions": {"keys": ["all"], "secrets": ["all"], "certificates": ["all"],
      "storage": ["all"]}}, {"tenantId": "54826b22-38d6-4fb2-bad9-b7b93a3e9c5a", "objectId":
      "6ab262d4-3e90-436b-bee4-f81a2f37dc04", "permissions": {"keys": ["get", "wrapKey",
      "recover", "unwrapKey"]}}], "vaultUri": "https://clitest000003.vault.azure.net/",
      "enabledForDeployment": false, "enableSoftDelete": true, "softDeleteRetentionInDays":
      7, "provisioningState": "Succeeded", "publicNetworkAccess": "Enabled"}}'
    headers:
      Accept:
      - application/json
      Accept-Encoding:
      - gzip, deflate
      CommandName:
      - keyvault set-policy
      Connection:
      - keep-alive
      Content-Length:
      - '765'
      Content-Type:
      - application/json
      ParameterSetName:
      - -n --object-id -g --key-permissions
      User-Agent:
      - AZURECLI/2.35.0 azsdk-python-azure-mgmt-keyvault/9.3.0 Python/3.7.9 (Windows-10-10.0.22000-SP0)
    method: PUT
    uri: https://management.azure.com/subscriptions/00000000-0000-0000-0000-000000000000/resourceGroups/clitest.rg000001/providers/Microsoft.KeyVault/vaults/clitest000003?api-version=2021-06-01-preview
  response:
    body:
      string: '{"id":"/subscriptions/00000000-0000-0000-0000-000000000000/resourceGroups/clitest.rg000001/providers/Microsoft.KeyVault/vaults/clitest000003","name":"clitest000003","type":"Microsoft.KeyVault/vaults","location":"southcentralus","tags":{},"systemData":{"createdBy":"yishiwang@microsoft.com","createdByType":"User","createdAt":"2022-04-08T11:57:59Z","lastModifiedBy":"yishiwang@microsoft.com","lastModifiedByType":"User","lastModifiedAt":"2022-04-08T11:58:47.125Z"},"properties":{"sku":{"family":"A","name":"standard"},"tenantId":"54826b22-38d6-4fb2-bad9-b7b93a3e9c5a","accessPolicies":[{"tenantId":"54826b22-38d6-4fb2-bad9-b7b93a3e9c5a","objectId":"3707fb2f-ac10-4591-a04f-8b0d786ea37d","permissions":{"keys":["all"],"secrets":["all"],"certificates":["all"],"storage":["all"]}},{"tenantId":"54826b22-38d6-4fb2-bad9-b7b93a3e9c5a","objectId":"6ab262d4-3e90-436b-bee4-f81a2f37dc04","permissions":{"keys":["get","wrapKey","recover","unwrapKey"]}}],"enabledForDeployment":false,"enableSoftDelete":true,"softDeleteRetentionInDays":7,"vaultUri":"https://clitest000003.vault.azure.net/","provisioningState":"Succeeded","publicNetworkAccess":"Enabled"}}'
    headers:
      cache-control:
      - no-cache
      content-length:
      - '1143'
      content-type:
      - application/json; charset=utf-8
      date:
      - Fri, 08 Apr 2022 11:58:48 GMT
      expires:
      - '-1'
      pragma:
      - no-cache
      server:
      - Microsoft-IIS/10.0
      strict-transport-security:
      - max-age=31536000; includeSubDomains
      transfer-encoding:
      - chunked
      vary:
      - Accept-Encoding
      x-aspnet-version:
      - 4.0.30319
      x-content-type-options:
      - nosniff
      x-ms-keyvault-service-version:
      - 1.5.339.0
      x-ms-ratelimit-remaining-subscription-writes:
      - '1195'
    status:
      code: 200
      message: OK
- request:
    body: null
    headers:
      Accept:
      - application/json
      Accept-Encoding:
      - gzip, deflate
      CommandName:
      - keyvault update
      Connection:
      - keep-alive
      ParameterSetName:
      - -n -g --set
      User-Agent:
      - AZURECLI/2.35.0 azsdk-python-azure-mgmt-keyvault/9.3.0 Python/3.7.9 (Windows-10-10.0.22000-SP0)
    method: GET
    uri: https://management.azure.com/subscriptions/00000000-0000-0000-0000-000000000000/resourceGroups/clitest.rg000001/providers/Microsoft.KeyVault/vaults/clitest000003?api-version=2021-06-01-preview
  response:
    body:
      string: '{"id":"/subscriptions/00000000-0000-0000-0000-000000000000/resourceGroups/clitest.rg000001/providers/Microsoft.KeyVault/vaults/clitest000003","name":"clitest000003","type":"Microsoft.KeyVault/vaults","location":"southcentralus","tags":{},"systemData":{"createdBy":"yishiwang@microsoft.com","createdByType":"User","createdAt":"2022-04-08T11:57:59Z","lastModifiedBy":"yishiwang@microsoft.com","lastModifiedByType":"User","lastModifiedAt":"2022-04-08T11:58:47.125Z"},"properties":{"sku":{"family":"A","name":"standard"},"tenantId":"54826b22-38d6-4fb2-bad9-b7b93a3e9c5a","accessPolicies":[{"tenantId":"54826b22-38d6-4fb2-bad9-b7b93a3e9c5a","objectId":"3707fb2f-ac10-4591-a04f-8b0d786ea37d","permissions":{"keys":["all"],"secrets":["all"],"certificates":["all"],"storage":["all"]}},{"tenantId":"54826b22-38d6-4fb2-bad9-b7b93a3e9c5a","objectId":"6ab262d4-3e90-436b-bee4-f81a2f37dc04","permissions":{"keys":["get","wrapKey","recover","unwrapKey"]}}],"enabledForDeployment":false,"enableSoftDelete":true,"softDeleteRetentionInDays":7,"vaultUri":"https://clitest000003.vault.azure.net/","provisioningState":"Succeeded","publicNetworkAccess":"Enabled"}}'
    headers:
      cache-control:
      - no-cache
      content-length:
      - '1143'
      content-type:
      - application/json; charset=utf-8
      date:
      - Fri, 08 Apr 2022 11:58:49 GMT
      expires:
      - '-1'
      pragma:
      - no-cache
      server:
      - Microsoft-IIS/10.0
      strict-transport-security:
      - max-age=31536000; includeSubDomains
      transfer-encoding:
      - chunked
      vary:
      - Accept-Encoding
      x-aspnet-version:
      - 4.0.30319
      x-content-type-options:
      - nosniff
      x-ms-keyvault-service-version:
      - 1.5.339.0
    status:
      code: 200
      message: OK
- request:
    body: '{"location": "southcentralus", "tags": {}, "properties": {"tenantId": "54826b22-38d6-4fb2-bad9-b7b93a3e9c5a",
      "sku": {"family": "A", "name": "standard"}, "accessPolicies": [{"tenantId":
      "54826b22-38d6-4fb2-bad9-b7b93a3e9c5a", "objectId": "3707fb2f-ac10-4591-a04f-8b0d786ea37d",
      "permissions": {"keys": ["all"], "secrets": ["all"], "certificates": ["all"],
      "storage": ["all"]}}, {"tenantId": "54826b22-38d6-4fb2-bad9-b7b93a3e9c5a", "objectId":
      "6ab262d4-3e90-436b-bee4-f81a2f37dc04", "permissions": {"keys": ["get", "wrapKey",
      "recover", "unwrapKey"]}}], "vaultUri": "https://clitest000003.vault.azure.net/",
      "enabledForDeployment": false, "enableSoftDelete": true, "softDeleteRetentionInDays":
      7, "provisioningState": "Succeeded", "publicNetworkAccess": "Enabled"}}'
    headers:
      Accept:
      - application/json
      Accept-Encoding:
      - gzip, deflate
      CommandName:
      - keyvault update
      Connection:
      - keep-alive
      Content-Length:
      - '765'
      Content-Type:
      - application/json
      ParameterSetName:
      - -n -g --set
      User-Agent:
      - AZURECLI/2.35.0 azsdk-python-azure-mgmt-keyvault/9.3.0 Python/3.7.9 (Windows-10-10.0.22000-SP0)
    method: PUT
    uri: https://management.azure.com/subscriptions/00000000-0000-0000-0000-000000000000/resourceGroups/clitest.rg000001/providers/Microsoft.KeyVault/vaults/clitest000003?api-version=2021-06-01-preview
  response:
    body:
      string: '{"id":"/subscriptions/00000000-0000-0000-0000-000000000000/resourceGroups/clitest.rg000001/providers/Microsoft.KeyVault/vaults/clitest000003","name":"clitest000003","type":"Microsoft.KeyVault/vaults","location":"southcentralus","tags":{},"systemData":{"createdBy":"yishiwang@microsoft.com","createdByType":"User","createdAt":"2022-04-08T11:57:59Z","lastModifiedBy":"yishiwang@microsoft.com","lastModifiedByType":"User","lastModifiedAt":"2022-04-08T11:58:50.451Z"},"properties":{"sku":{"family":"A","name":"standard"},"tenantId":"54826b22-38d6-4fb2-bad9-b7b93a3e9c5a","accessPolicies":[{"tenantId":"54826b22-38d6-4fb2-bad9-b7b93a3e9c5a","objectId":"3707fb2f-ac10-4591-a04f-8b0d786ea37d","permissions":{"keys":["all"],"secrets":["all"],"certificates":["all"],"storage":["all"]}},{"tenantId":"54826b22-38d6-4fb2-bad9-b7b93a3e9c5a","objectId":"6ab262d4-3e90-436b-bee4-f81a2f37dc04","permissions":{"keys":["get","wrapKey","recover","unwrapKey"]}}],"enabledForDeployment":false,"enableSoftDelete":true,"softDeleteRetentionInDays":7,"vaultUri":"https://clitest000003.vault.azure.net/","provisioningState":"Succeeded","publicNetworkAccess":"Enabled"}}'
    headers:
      cache-control:
      - no-cache
      content-length:
      - '1143'
      content-type:
      - application/json; charset=utf-8
      date:
      - Fri, 08 Apr 2022 11:58:56 GMT
      expires:
      - '-1'
      pragma:
      - no-cache
      server:
      - Microsoft-IIS/10.0
      strict-transport-security:
      - max-age=31536000; includeSubDomains
      transfer-encoding:
      - chunked
      vary:
      - Accept-Encoding
      x-aspnet-version:
      - 4.0.30319
      x-content-type-options:
      - nosniff
      x-ms-keyvault-service-version:
      - 1.5.339.0
      x-ms-ratelimit-remaining-subscription-writes:
      - '1197'
    status:
      code: 200
      message: OK
- request:
    body: null
    headers:
      Accept:
      - application/json
      Accept-Encoding:
      - gzip, deflate
      CommandName:
      - resource update
      Connection:
      - keep-alive
      ParameterSetName:
      - --id --set
      User-Agent:
      - AZURECLI/2.35.0 azsdk-python-azure-mgmt-resource/20.0.0 Python/3.7.9 (Windows-10-10.0.22000-SP0)
    method: GET
    uri: https://management.azure.com/subscriptions/00000000-0000-0000-0000-000000000000/providers/Microsoft.KeyVault?api-version=2021-04-01
  response:
    body:
      string: '{"id":"/subscriptions/00000000-0000-0000-0000-000000000000/providers/Microsoft.KeyVault","namespace":"Microsoft.KeyVault","authorizations":[{"applicationId":"cfa8b339-82a2-471a-a3c9-0fc0be7a4093","roleDefinitionId":"1cf9858a-28a2-4228-abba-94e606305b95"},{"applicationId":"589d5083-6f11-4d30-a62a-a4b316a14abf","roleDefinitionId":"1f7e9952-ea79-42b8-a90e-b2dabbe1c1f2"},{"applicationId":"a1b76039-a76c-499f-a2dd-846b4cc32627"}],"resourceTypes":[{"resourceType":"operations","locations":[],"apiVersions":["2021-11-01-preview","2021-10-01","2021-06-01-preview","2021-04-01-preview","2020-04-01-preview","2019-09-01","2018-02-14-preview","2018-02-14","2016-10-01","2015-06-01","2014-12-19-preview"],"defaultApiVersion":"2019-09-01","apiProfiles":[{"profileVersion":"2019-03-01-hybrid","apiVersion":"2016-10-01"},{"profileVersion":"2018-03-01-hybrid","apiVersion":"2016-10-01"},{"profileVersion":"2018-06-01-profile","apiVersion":"2016-10-01"}],"capabilities":"None"},{"resourceType":"checkNameAvailability","locations":[],"apiVersions":["2021-11-01-preview","2021-10-01","2021-06-01-preview","2021-04-01-preview","2020-04-01-preview","2019-09-01","2018-02-14-preview","2018-02-14","2016-10-01","2015-06-01"],"defaultApiVersion":"2019-09-01","apiProfiles":[{"profileVersion":"2018-06-01-profile","apiVersion":"2016-10-01"}],"capabilities":"None"},{"resourceType":"locations","locations":[],"apiVersions":["2021-11-01-preview","2021-10-01","2021-06-01-preview","2021-04-01-preview","2020-04-01-preview","2019-09-01","2018-02-14-preview","2018-02-14","2016-10-01"],"defaultApiVersion":"2019-09-01","apiProfiles":[{"profileVersion":"2018-06-01-profile","apiVersion":"2016-10-01"}],"capabilities":"None"},{"resourceType":"managedHSMs","locations":["Central
        US","Central US EUAP","East US 2","East US 2 EUAP","South Central US","North
        Europe","West Europe","Canada Central","Switzerland North","South Africa North","UK
        South","SouthEast Asia","East Asia","Korea Central","Australia Central","West
        US","East US","North Central US","West Central US","West US 2","West US 3","Canada
        East","Japan East","UAE North","Australia East","France Central","Switzerland
        West"],"apiVersions":["2021-11-01-preview","2021-10-01","2021-06-01-preview","2021-04-01-preview","2020-04-01-preview"],"defaultApiVersion":"2021-04-01-preview","capabilities":"CrossResourceGroupResourceMove,
        CrossSubscriptionResourceMove, SupportsTags, SupportsLocation"},{"resourceType":"deletedManagedHSMs","locations":["Central
        US","Central US EUAP","East US 2","East US 2 EUAP","South Central US","North
        Europe","West Europe","Canada Central","Switzerland North","South Africa North","UK
        South","SouthEast Asia","East Asia","Korea Central","Australia Central","West
        US","East US","North Central US","West Central US","West US 2","West US 3","Canada
        East","Japan East","UAE North","Australia East","France Central","Switzerland
        West"],"apiVersions":["2021-11-01-preview","2021-10-01","2021-06-01-preview","2021-04-01-preview"],"defaultApiVersion":"2021-04-01-preview","capabilities":"None"},{"resourceType":"locations/deletedManagedHSMs","locations":["Central
        US","Central US EUAP","East US 2","East US 2 EUAP","South Central US","North
        Europe","West Europe","Canada Central","Switzerland North","South Africa North","UK
        South","SouthEast Asia","East Asia","Korea Central","Australia Central","West
        US","East US","North Central US","West Central US","West US 2","West US 3","Canada
        East","Japan East","UAE North","Australia East","France Central","Switzerland
        West"],"apiVersions":["2021-11-01-preview","2021-10-01","2021-06-01-preview","2021-04-01-preview"],"capabilities":"None"},{"resourceType":"locations/managedHsmOperationResults","locations":["Central
        US","Central US EUAP","East US 2","East US 2 EUAP","South Central US","North
        Europe","West Europe","Canada Central","Switzerland North","South Africa North","UK
        South","SouthEast Asia","East Asia","Korea Central","Australia Central","West
        US","East US","North Central US","West Central US","West US 2","West US 3","Canada
        East","Japan East","UAE North","Australia East","France Central","Switzerland
        West"],"apiVersions":["2021-11-01-preview","2021-10-01","2021-06-01-preview","2021-04-01-preview"],"capabilities":"None"},{"resourceType":"vaults","locations":["North
        Central US","East US","North Europe","West Europe","East Asia","Southeast
        Asia","East US 2","Central US","South Central US","West US","Japan East","Japan
        West","Australia East","Australia Southeast","Brazil South","Central India","South
        India","West India","Canada Central","Canada East","UK South","UK West","West
        Central US","West US 2","East US 2 EUAP","Central US EUAP","Korea Central","Korea
        South","France Central","France South","Australia Central","Australia Central
        2","UAE Central","UAE North","South Africa North","South Africa West","Switzerland
        North","Switzerland West","Germany North","Germany West Central","Norway East","Norway
        West","Brazil Southeast","West US 3","Jio India Central","Jio India West","Sweden
        Central","Sweden South","Qatar Central"],"apiVersions":["2021-11-01-preview","2021-10-01","2021-06-01-preview","2021-04-01-preview","2020-04-01-preview","2019-09-01","2018-02-14-preview","2018-02-14","2016-10-01","2015-06-01"],"defaultApiVersion":"2019-09-01","apiProfiles":[{"profileVersion":"2019-03-01-hybrid","apiVersion":"2016-10-01"},{"profileVersion":"2018-03-01-hybrid","apiVersion":"2016-10-01"},{"profileVersion":"2018-06-01-profile","apiVersion":"2016-10-01"}],"capabilities":"CrossResourceGroupResourceMove,
        CrossSubscriptionResourceMove, SupportsTags, SupportsLocation"},{"resourceType":"vaults/secrets","locations":["North
        Central US","East US","North Europe","West Europe","East Asia","Southeast
        Asia","East US 2","Central US","South Central US","West US","Japan East","Japan
        West","Australia East","Australia Southeast","Brazil South","Central India","South
        India","West India","Canada Central","Canada East","UK South","UK West","West
        Central US","West US 2","East US 2 EUAP","Central US EUAP","Korea Central","Korea
        South","France Central","France South","Australia Central","Australia Central
        2","UAE Central","UAE North","South Africa North","South Africa West","Switzerland
        North","Switzerland West","Germany North","Germany West Central","Norway East","Norway
        West","Brazil Southeast","West US 3","Jio India Central","Jio India West","Sweden
        Central","Sweden South","Qatar Central"],"apiVersions":["2021-11-01-preview","2021-10-01","2021-06-01-preview","2021-04-01-preview","2020-04-01-preview","2019-09-01","2018-02-14-preview","2018-02-14","2016-10-01","2015-06-01"],"defaultApiVersion":"2019-09-01","apiProfiles":[{"profileVersion":"2019-03-01-hybrid","apiVersion":"2016-10-01"},{"profileVersion":"2018-03-01-hybrid","apiVersion":"2016-10-01"},{"profileVersion":"2018-06-01-profile","apiVersion":"2016-10-01"}],"capabilities":"None"},{"resourceType":"vaults/accessPolicies","locations":["North
        Central US","East US","North Europe","West Europe","East Asia","Southeast
        Asia","East US 2","Central US","South Central US","West US","Japan East","Japan
        West","Australia East","Australia Southeast","Brazil South","Central India","South
        India","West India","Canada Central","Canada East","UK South","UK West","West
        Central US","West US 2","East US 2 EUAP","Central US EUAP","Korea Central","Korea
        South","France Central","France South","Australia Central","Australia Central
        2","UAE Central","UAE North","South Africa North","South Africa West","Switzerland
        North","Switzerland West","Germany North","Germany West Central","Norway East","Norway
        West","Brazil Southeast","West US 3","Jio India Central","Jio India West","Sweden
        Central","Sweden South","Qatar Central"],"apiVersions":["2021-11-01-preview","2021-10-01","2021-06-01-preview","2021-04-01-preview","2020-04-01-preview","2019-09-01","2018-02-14-preview","2018-02-14","2016-10-01","2015-06-01"],"defaultApiVersion":"2019-09-01","apiProfiles":[{"profileVersion":"2019-03-01-hybrid","apiVersion":"2016-10-01"},{"profileVersion":"2018-03-01-hybrid","apiVersion":"2016-10-01"},{"profileVersion":"2018-06-01-profile","apiVersion":"2016-10-01"}],"capabilities":"None"},{"resourceType":"deletedVaults","locations":["North
        Central US","East US","North Europe","West Europe","East Asia","Southeast
        Asia","East US 2","Central US","South Central US","West US","Japan East","Japan
        West","Australia East","Australia Southeast","Brazil South","Central India","South
        India","West India","Canada Central","Canada East","UK South","UK West","West
        Central US","West US 2","East US 2 EUAP","Central US EUAP","Korea Central","Korea
        South","France Central","France South","Australia Central","Australia Central
        2","UAE Central","UAE North","South Africa North","South Africa West","Switzerland
        North","Switzerland West","Germany North","Germany West Central","Norway East","Norway
        West","Brazil Southeast","West US 3","Jio India Central","Jio India West","Sweden
        Central","Sweden South","Qatar Central"],"apiVersions":["2021-11-01-preview","2021-10-01","2021-06-01-preview","2021-04-01-preview","2020-04-01-preview","2019-09-01","2018-02-14-preview","2018-02-14","2016-10-01"],"defaultApiVersion":"2019-09-01","apiProfiles":[{"profileVersion":"2018-06-01-profile","apiVersion":"2016-10-01"}],"capabilities":"None"},{"resourceType":"locations/deletedVaults","locations":["North
        Central US","East US","North Europe","West Europe","East Asia","Southeast
        Asia","East US 2","Central US","South Central US","West US","Japan East","Japan
        West","Australia East","Australia Southeast","Brazil South","Central India","South
        India","West India","Canada Central","Canada East","UK South","UK West","West
        Central US","West US 2","East US 2 EUAP","Central US EUAP","Korea Central","Korea
        South","France Central","France South","Australia Central","Australia Central
        2","UAE Central","UAE North","South Africa North","South Africa West","Switzerland
        North","Switzerland West","Germany North","Germany West Central","Norway East","Norway
        West","Brazil Southeast","West US 3","Jio India Central","Jio India West","Sweden
        Central","Sweden South","Qatar Central"],"apiVersions":["2021-11-01-preview","2021-10-01","2021-06-01-preview","2021-04-01-preview","2020-04-01-preview","2019-09-01","2018-02-14-preview","2018-02-14","2016-10-01"],"defaultApiVersion":"2019-09-01","apiProfiles":[{"profileVersion":"2018-06-01-profile","apiVersion":"2016-10-01"}],"capabilities":"None"},{"resourceType":"locations/deleteVirtualNetworkOrSubnets","locations":["East
        US","North Central US","West Europe","North Europe","East Asia","Southeast
        Asia","East US 2","Central US","South Central US","West Central US","West
        US 2","West US","Japan East","Japan West","Australia East","Australia Southeast","Australia
        Central","Australia Central 2","Brazil South","Central India","South India","West
        India","Canada Central","Canada East","UK South","UK West","Central US EUAP","East
        US 2 EUAP","Korea Central","Korea South","France Central","France South","UAE
        Central","UAE North","South Africa North","South Africa West","Switzerland
        North","Switzerland West","Germany North","Germany West Central","Norway East","Norway
        West","Brazil Southeast","West US 3","Jio India Central","Jio India West","Sweden
        Central","Sweden South","Qatar Central"],"apiVersions":["2021-11-01-preview","2021-10-01","2021-06-01-preview","2021-04-01-preview","2020-04-01-preview","2019-09-01","2018-02-14-preview","2018-02-14","2016-10-01"],"defaultApiVersion":"2019-09-01","capabilities":"None"},{"resourceType":"locations/operationResults","locations":["North
        Central US","East US","North Europe","West Europe","East Asia","Southeast
        Asia","East US 2","Central US","South Central US","West US","Japan East","Japan
        West","Australia East","Australia Southeast","Brazil South","Central India","South
        India","West India","Canada Central","Canada East","UK South","UK West","West
        Central US","West US 2","East US 2 EUAP","Central US EUAP","Korea Central","Korea
        South","France Central","France South","Australia Central","Australia Central
        2","UAE Central","UAE North","South Africa North","South Africa West","Switzerland
        North","Switzerland West","Germany North","Germany West Central","Norway East","Norway
        West","Brazil Southeast","West US 3","Jio India Central","Jio India West","Sweden
        Central","Sweden South","Qatar Central"],"apiVersions":["2021-11-01-preview","2021-10-01","2021-06-01-preview","2021-04-01-preview","2020-04-01-preview","2019-09-01","2018-02-14-preview","2018-02-14","2016-10-01"],"defaultApiVersion":"2019-09-01","apiProfiles":[{"profileVersion":"2018-06-01-profile","apiVersion":"2016-10-01"}],"capabilities":"None"},{"resourceType":"vaults/eventGridFilters","locations":["North
        Central US","East US","North Europe","West Europe","East Asia","Southeast
        Asia","East US 2","Central US","South Central US","West US","Japan East","Japan
        West","Australia East","Australia Southeast","Brazil South","Central India","South
        India","West India","Canada Central","Canada East","UK South","UK West","West
        Central US","West US 2","East US 2 EUAP","Central US EUAP","Korea Central","Korea
        South","France Central","France South","Australia Central","Australia Central
        2","UAE Central","UAE North","South Africa North","South Africa West","Switzerland
        North","Switzerland West","Germany North","Germany West Central","Norway East","Norway
        West","Brazil Southeast","West US 3","Jio India Central","Jio India West","Sweden
        Central","Sweden South","Qatar Central"],"apiVersions":["2021-11-01-preview","2021-10-01","2021-06-01-preview","2021-04-01-preview","2020-04-01-preview","2019-09-01","2018-02-14-preview","2018-02-14"],"defaultApiVersion":"2019-09-01","capabilities":"None"},{"resourceType":"vaults/keys","locations":["North
        Central US","East US","North Europe","West Europe","East Asia","Southeast
        Asia","East US 2","Central US","South Central US","West US","Japan East","Japan
        West","Australia East","Australia Southeast","Brazil South","Central India","South
        India","West India","Canada Central","Canada East","UK South","UK West","West
        Central US","West US 2","East US 2 EUAP","Central US EUAP","Korea Central","Korea
        South","France Central","France South","Australia Central","Australia Central
        2","UAE Central","UAE North","South Africa North","South Africa West","Switzerland
        North","Switzerland West","Germany North","Germany West Central","Norway East","Norway
        West","Brazil Southeast","West US 3","Jio India Central","Jio India West","Sweden
        Central","Sweden South","Qatar Central"],"apiVersions":["2021-11-01-preview","2021-10-01","2021-06-01-preview","2021-04-01-preview","2020-04-01-preview","2019-09-01"],"defaultApiVersion":"2019-09-01","capabilities":"None"},{"resourceType":"vaults/keys/versions","locations":["North
        Central US","East US","North Europe","West Europe","East Asia","Southeast
        Asia","East US 2","Central US","South Central US","West US","Japan East","Japan
        West","Australia East","Australia Southeast","Brazil South","Central India","South
        India","West India","Canada Central","Canada East","UK South","UK West","West
        Central US","West US 2","East US 2 EUAP","Central US EUAP","Korea Central","Korea
        South","France Central","France South","Australia Central","Australia Central
        2","UAE Central","UAE North","South Africa North","South Africa West","Switzerland
        North","Switzerland West","Germany North","Germany West Central","Norway East","Norway
        West","Brazil Southeast","West US 3","Jio India Central","Jio India West","Sweden
        Central","Sweden South","Qatar Central"],"apiVersions":["2021-11-01-preview","2021-10-01","2021-06-01-preview","2021-04-01-preview","2020-04-01-preview","2019-09-01"],"defaultApiVersion":"2019-09-01","capabilities":"None"}],"registrationState":"Registered","registrationPolicy":"RegistrationRequired"}'
    headers:
      cache-control:
      - no-cache
      content-length:
      - '15771'
      content-type:
      - application/json; charset=utf-8
      date:
      - Fri, 08 Apr 2022 11:58:57 GMT
      expires:
      - '-1'
      pragma:
      - no-cache
      strict-transport-security:
      - max-age=31536000; includeSubDomains
      vary:
      - Accept-Encoding
      x-content-type-options:
      - nosniff
    status:
      code: 200
      message: OK
- request:
    body: null
    headers:
      Accept:
      - application/json
      Accept-Encoding:
      - gzip, deflate
      CommandName:
      - resource update
      Connection:
      - keep-alive
      ParameterSetName:
      - --id --set
      User-Agent:
      - AZURECLI/2.35.0 azsdk-python-azure-mgmt-resource/20.0.0 Python/3.7.9 (Windows-10-10.0.22000-SP0)
    method: GET
    uri: https://management.azure.com/subscriptions/00000000-0000-0000-0000-000000000000/resourceGroups/clitest.rg000001/providers/Microsoft.KeyVault/vaults/clitest000003?api-version=2021-10-01
  response:
    body:
      string: '{"id":"/subscriptions/00000000-0000-0000-0000-000000000000/resourceGroups/clitest.rg000001/providers/Microsoft.KeyVault/vaults/clitest000003","name":"clitest000003","type":"Microsoft.KeyVault/vaults","location":"southcentralus","tags":{},"systemData":{"createdBy":"yishiwang@microsoft.com","createdByType":"User","createdAt":"2022-04-08T11:57:59Z","lastModifiedBy":"yishiwang@microsoft.com","lastModifiedByType":"User","lastModifiedAt":"2022-04-08T11:58:50.451Z"},"properties":{"sku":{"family":"A","name":"standard"},"tenantId":"54826b22-38d6-4fb2-bad9-b7b93a3e9c5a","accessPolicies":[{"tenantId":"54826b22-38d6-4fb2-bad9-b7b93a3e9c5a","objectId":"3707fb2f-ac10-4591-a04f-8b0d786ea37d","permissions":{"keys":["all"],"secrets":["all"],"certificates":["all"],"storage":["all"]}},{"tenantId":"54826b22-38d6-4fb2-bad9-b7b93a3e9c5a","objectId":"6ab262d4-3e90-436b-bee4-f81a2f37dc04","permissions":{"keys":["get","wrapKey","recover","unwrapKey"]}}],"enabledForDeployment":false,"enableSoftDelete":true,"softDeleteRetentionInDays":7,"vaultUri":"https://clitest000003.vault.azure.net/","provisioningState":"Succeeded","publicNetworkAccess":"Enabled"}}'
    headers:
      cache-control:
      - no-cache
      content-length:
      - '1143'
      content-type:
      - application/json; charset=utf-8
      date:
      - Fri, 08 Apr 2022 11:58:58 GMT
      expires:
      - '-1'
      pragma:
      - no-cache
      server:
      - Microsoft-IIS/10.0
      strict-transport-security:
      - max-age=31536000; includeSubDomains
      transfer-encoding:
      - chunked
      vary:
      - Accept-Encoding
      x-aspnet-version:
      - 4.0.30319
      x-content-type-options:
      - nosniff
      x-ms-keyvault-service-version:
      - 1.5.339.0
    status:
      code: 200
      message: OK
- request:
    body: null
    headers:
      Accept:
      - application/json
      Accept-Encoding:
      - gzip, deflate
      CommandName:
      - resource update
      Connection:
      - keep-alive
      ParameterSetName:
      - --id --set
      User-Agent:
      - AZURECLI/2.35.0 azsdk-python-azure-mgmt-resource/20.0.0 Python/3.7.9 (Windows-10-10.0.22000-SP0)
    method: GET
    uri: https://management.azure.com/subscriptions/00000000-0000-0000-0000-000000000000/providers/Microsoft.KeyVault?api-version=2021-04-01
  response:
    body:
      string: '{"id":"/subscriptions/00000000-0000-0000-0000-000000000000/providers/Microsoft.KeyVault","namespace":"Microsoft.KeyVault","authorizations":[{"applicationId":"cfa8b339-82a2-471a-a3c9-0fc0be7a4093","roleDefinitionId":"1cf9858a-28a2-4228-abba-94e606305b95"},{"applicationId":"589d5083-6f11-4d30-a62a-a4b316a14abf","roleDefinitionId":"1f7e9952-ea79-42b8-a90e-b2dabbe1c1f2"},{"applicationId":"a1b76039-a76c-499f-a2dd-846b4cc32627"}],"resourceTypes":[{"resourceType":"operations","locations":[],"apiVersions":["2021-11-01-preview","2021-10-01","2021-06-01-preview","2021-04-01-preview","2020-04-01-preview","2019-09-01","2018-02-14-preview","2018-02-14","2016-10-01","2015-06-01","2014-12-19-preview"],"defaultApiVersion":"2019-09-01","apiProfiles":[{"profileVersion":"2019-03-01-hybrid","apiVersion":"2016-10-01"},{"profileVersion":"2018-03-01-hybrid","apiVersion":"2016-10-01"},{"profileVersion":"2018-06-01-profile","apiVersion":"2016-10-01"}],"capabilities":"None"},{"resourceType":"checkNameAvailability","locations":[],"apiVersions":["2021-11-01-preview","2021-10-01","2021-06-01-preview","2021-04-01-preview","2020-04-01-preview","2019-09-01","2018-02-14-preview","2018-02-14","2016-10-01","2015-06-01"],"defaultApiVersion":"2019-09-01","apiProfiles":[{"profileVersion":"2018-06-01-profile","apiVersion":"2016-10-01"}],"capabilities":"None"},{"resourceType":"locations","locations":[],"apiVersions":["2021-11-01-preview","2021-10-01","2021-06-01-preview","2021-04-01-preview","2020-04-01-preview","2019-09-01","2018-02-14-preview","2018-02-14","2016-10-01"],"defaultApiVersion":"2019-09-01","apiProfiles":[{"profileVersion":"2018-06-01-profile","apiVersion":"2016-10-01"}],"capabilities":"None"},{"resourceType":"managedHSMs","locations":["Central
        US","Central US EUAP","East US 2","East US 2 EUAP","South Central US","North
        Europe","West Europe","Canada Central","Switzerland North","South Africa North","UK
        South","SouthEast Asia","East Asia","Korea Central","Australia Central","West
        US","East US","North Central US","West Central US","West US 2","West US 3","Canada
        East","Japan East","UAE North","Australia East","France Central","Switzerland
        West"],"apiVersions":["2021-11-01-preview","2021-10-01","2021-06-01-preview","2021-04-01-preview","2020-04-01-preview"],"defaultApiVersion":"2021-04-01-preview","capabilities":"CrossResourceGroupResourceMove,
        CrossSubscriptionResourceMove, SupportsTags, SupportsLocation"},{"resourceType":"deletedManagedHSMs","locations":["Central
        US","Central US EUAP","East US 2","East US 2 EUAP","South Central US","North
        Europe","West Europe","Canada Central","Switzerland North","South Africa North","UK
        South","SouthEast Asia","East Asia","Korea Central","Australia Central","West
        US","East US","North Central US","West Central US","West US 2","West US 3","Canada
        East","Japan East","UAE North","Australia East","France Central","Switzerland
        West"],"apiVersions":["2021-11-01-preview","2021-10-01","2021-06-01-preview","2021-04-01-preview"],"defaultApiVersion":"2021-04-01-preview","capabilities":"None"},{"resourceType":"locations/deletedManagedHSMs","locations":["Central
        US","Central US EUAP","East US 2","East US 2 EUAP","South Central US","North
        Europe","West Europe","Canada Central","Switzerland North","South Africa North","UK
        South","SouthEast Asia","East Asia","Korea Central","Australia Central","West
        US","East US","North Central US","West Central US","West US 2","West US 3","Canada
        East","Japan East","UAE North","Australia East","France Central","Switzerland
        West"],"apiVersions":["2021-11-01-preview","2021-10-01","2021-06-01-preview","2021-04-01-preview"],"capabilities":"None"},{"resourceType":"locations/managedHsmOperationResults","locations":["Central
        US","Central US EUAP","East US 2","East US 2 EUAP","South Central US","North
        Europe","West Europe","Canada Central","Switzerland North","South Africa North","UK
        South","SouthEast Asia","East Asia","Korea Central","Australia Central","West
        US","East US","North Central US","West Central US","West US 2","West US 3","Canada
        East","Japan East","UAE North","Australia East","France Central","Switzerland
        West"],"apiVersions":["2021-11-01-preview","2021-10-01","2021-06-01-preview","2021-04-01-preview"],"capabilities":"None"},{"resourceType":"vaults","locations":["North
        Central US","East US","North Europe","West Europe","East Asia","Southeast
        Asia","East US 2","Central US","South Central US","West US","Japan East","Japan
        West","Australia East","Australia Southeast","Brazil South","Central India","South
        India","West India","Canada Central","Canada East","UK South","UK West","West
        Central US","West US 2","East US 2 EUAP","Central US EUAP","Korea Central","Korea
        South","France Central","France South","Australia Central","Australia Central
        2","UAE Central","UAE North","South Africa North","South Africa West","Switzerland
        North","Switzerland West","Germany North","Germany West Central","Norway East","Norway
        West","Brazil Southeast","West US 3","Jio India Central","Jio India West","Sweden
        Central","Sweden South","Qatar Central"],"apiVersions":["2021-11-01-preview","2021-10-01","2021-06-01-preview","2021-04-01-preview","2020-04-01-preview","2019-09-01","2018-02-14-preview","2018-02-14","2016-10-01","2015-06-01"],"defaultApiVersion":"2019-09-01","apiProfiles":[{"profileVersion":"2019-03-01-hybrid","apiVersion":"2016-10-01"},{"profileVersion":"2018-03-01-hybrid","apiVersion":"2016-10-01"},{"profileVersion":"2018-06-01-profile","apiVersion":"2016-10-01"}],"capabilities":"CrossResourceGroupResourceMove,
        CrossSubscriptionResourceMove, SupportsTags, SupportsLocation"},{"resourceType":"vaults/secrets","locations":["North
        Central US","East US","North Europe","West Europe","East Asia","Southeast
        Asia","East US 2","Central US","South Central US","West US","Japan East","Japan
        West","Australia East","Australia Southeast","Brazil South","Central India","South
        India","West India","Canada Central","Canada East","UK South","UK West","West
        Central US","West US 2","East US 2 EUAP","Central US EUAP","Korea Central","Korea
        South","France Central","France South","Australia Central","Australia Central
        2","UAE Central","UAE North","South Africa North","South Africa West","Switzerland
        North","Switzerland West","Germany North","Germany West Central","Norway East","Norway
        West","Brazil Southeast","West US 3","Jio India Central","Jio India West","Sweden
        Central","Sweden South","Qatar Central"],"apiVersions":["2021-11-01-preview","2021-10-01","2021-06-01-preview","2021-04-01-preview","2020-04-01-preview","2019-09-01","2018-02-14-preview","2018-02-14","2016-10-01","2015-06-01"],"defaultApiVersion":"2019-09-01","apiProfiles":[{"profileVersion":"2019-03-01-hybrid","apiVersion":"2016-10-01"},{"profileVersion":"2018-03-01-hybrid","apiVersion":"2016-10-01"},{"profileVersion":"2018-06-01-profile","apiVersion":"2016-10-01"}],"capabilities":"None"},{"resourceType":"vaults/accessPolicies","locations":["North
        Central US","East US","North Europe","West Europe","East Asia","Southeast
        Asia","East US 2","Central US","South Central US","West US","Japan East","Japan
        West","Australia East","Australia Southeast","Brazil South","Central India","South
        India","West India","Canada Central","Canada East","UK South","UK West","West
        Central US","West US 2","East US 2 EUAP","Central US EUAP","Korea Central","Korea
        South","France Central","France South","Australia Central","Australia Central
        2","UAE Central","UAE North","South Africa North","South Africa West","Switzerland
        North","Switzerland West","Germany North","Germany West Central","Norway East","Norway
        West","Brazil Southeast","West US 3","Jio India Central","Jio India West","Sweden
        Central","Sweden South","Qatar Central"],"apiVersions":["2021-11-01-preview","2021-10-01","2021-06-01-preview","2021-04-01-preview","2020-04-01-preview","2019-09-01","2018-02-14-preview","2018-02-14","2016-10-01","2015-06-01"],"defaultApiVersion":"2019-09-01","apiProfiles":[{"profileVersion":"2019-03-01-hybrid","apiVersion":"2016-10-01"},{"profileVersion":"2018-03-01-hybrid","apiVersion":"2016-10-01"},{"profileVersion":"2018-06-01-profile","apiVersion":"2016-10-01"}],"capabilities":"None"},{"resourceType":"deletedVaults","locations":["North
        Central US","East US","North Europe","West Europe","East Asia","Southeast
        Asia","East US 2","Central US","South Central US","West US","Japan East","Japan
        West","Australia East","Australia Southeast","Brazil South","Central India","South
        India","West India","Canada Central","Canada East","UK South","UK West","West
        Central US","West US 2","East US 2 EUAP","Central US EUAP","Korea Central","Korea
        South","France Central","France South","Australia Central","Australia Central
        2","UAE Central","UAE North","South Africa North","South Africa West","Switzerland
        North","Switzerland West","Germany North","Germany West Central","Norway East","Norway
        West","Brazil Southeast","West US 3","Jio India Central","Jio India West","Sweden
        Central","Sweden South","Qatar Central"],"apiVersions":["2021-11-01-preview","2021-10-01","2021-06-01-preview","2021-04-01-preview","2020-04-01-preview","2019-09-01","2018-02-14-preview","2018-02-14","2016-10-01"],"defaultApiVersion":"2019-09-01","apiProfiles":[{"profileVersion":"2018-06-01-profile","apiVersion":"2016-10-01"}],"capabilities":"None"},{"resourceType":"locations/deletedVaults","locations":["North
        Central US","East US","North Europe","West Europe","East Asia","Southeast
        Asia","East US 2","Central US","South Central US","West US","Japan East","Japan
        West","Australia East","Australia Southeast","Brazil South","Central India","South
        India","West India","Canada Central","Canada East","UK South","UK West","West
        Central US","West US 2","East US 2 EUAP","Central US EUAP","Korea Central","Korea
        South","France Central","France South","Australia Central","Australia Central
        2","UAE Central","UAE North","South Africa North","South Africa West","Switzerland
        North","Switzerland West","Germany North","Germany West Central","Norway East","Norway
        West","Brazil Southeast","West US 3","Jio India Central","Jio India West","Sweden
        Central","Sweden South","Qatar Central"],"apiVersions":["2021-11-01-preview","2021-10-01","2021-06-01-preview","2021-04-01-preview","2020-04-01-preview","2019-09-01","2018-02-14-preview","2018-02-14","2016-10-01"],"defaultApiVersion":"2019-09-01","apiProfiles":[{"profileVersion":"2018-06-01-profile","apiVersion":"2016-10-01"}],"capabilities":"None"},{"resourceType":"locations/deleteVirtualNetworkOrSubnets","locations":["East
        US","North Central US","West Europe","North Europe","East Asia","Southeast
        Asia","East US 2","Central US","South Central US","West Central US","West
        US 2","West US","Japan East","Japan West","Australia East","Australia Southeast","Australia
        Central","Australia Central 2","Brazil South","Central India","South India","West
        India","Canada Central","Canada East","UK South","UK West","Central US EUAP","East
        US 2 EUAP","Korea Central","Korea South","France Central","France South","UAE
        Central","UAE North","South Africa North","South Africa West","Switzerland
        North","Switzerland West","Germany North","Germany West Central","Norway East","Norway
        West","Brazil Southeast","West US 3","Jio India Central","Jio India West","Sweden
        Central","Sweden South","Qatar Central"],"apiVersions":["2021-11-01-preview","2021-10-01","2021-06-01-preview","2021-04-01-preview","2020-04-01-preview","2019-09-01","2018-02-14-preview","2018-02-14","2016-10-01"],"defaultApiVersion":"2019-09-01","capabilities":"None"},{"resourceType":"locations/operationResults","locations":["North
        Central US","East US","North Europe","West Europe","East Asia","Southeast
        Asia","East US 2","Central US","South Central US","West US","Japan East","Japan
        West","Australia East","Australia Southeast","Brazil South","Central India","South
        India","West India","Canada Central","Canada East","UK South","UK West","West
        Central US","West US 2","East US 2 EUAP","Central US EUAP","Korea Central","Korea
        South","France Central","France South","Australia Central","Australia Central
        2","UAE Central","UAE North","South Africa North","South Africa West","Switzerland
        North","Switzerland West","Germany North","Germany West Central","Norway East","Norway
        West","Brazil Southeast","West US 3","Jio India Central","Jio India West","Sweden
        Central","Sweden South","Qatar Central"],"apiVersions":["2021-11-01-preview","2021-10-01","2021-06-01-preview","2021-04-01-preview","2020-04-01-preview","2019-09-01","2018-02-14-preview","2018-02-14","2016-10-01"],"defaultApiVersion":"2019-09-01","apiProfiles":[{"profileVersion":"2018-06-01-profile","apiVersion":"2016-10-01"}],"capabilities":"None"},{"resourceType":"vaults/eventGridFilters","locations":["North
        Central US","East US","North Europe","West Europe","East Asia","Southeast
        Asia","East US 2","Central US","South Central US","West US","Japan East","Japan
        West","Australia East","Australia Southeast","Brazil South","Central India","South
        India","West India","Canada Central","Canada East","UK South","UK West","West
        Central US","West US 2","East US 2 EUAP","Central US EUAP","Korea Central","Korea
        South","France Central","France South","Australia Central","Australia Central
        2","UAE Central","UAE North","South Africa North","South Africa West","Switzerland
        North","Switzerland West","Germany North","Germany West Central","Norway East","Norway
        West","Brazil Southeast","West US 3","Jio India Central","Jio India West","Sweden
        Central","Sweden South","Qatar Central"],"apiVersions":["2021-11-01-preview","2021-10-01","2021-06-01-preview","2021-04-01-preview","2020-04-01-preview","2019-09-01","2018-02-14-preview","2018-02-14"],"defaultApiVersion":"2019-09-01","capabilities":"None"},{"resourceType":"vaults/keys","locations":["North
        Central US","East US","North Europe","West Europe","East Asia","Southeast
        Asia","East US 2","Central US","South Central US","West US","Japan East","Japan
        West","Australia East","Australia Southeast","Brazil South","Central India","South
        India","West India","Canada Central","Canada East","UK South","UK West","West
        Central US","West US 2","East US 2 EUAP","Central US EUAP","Korea Central","Korea
        South","France Central","France South","Australia Central","Australia Central
        2","UAE Central","UAE North","South Africa North","South Africa West","Switzerland
        North","Switzerland West","Germany North","Germany West Central","Norway East","Norway
        West","Brazil Southeast","West US 3","Jio India Central","Jio India West","Sweden
        Central","Sweden South","Qatar Central"],"apiVersions":["2021-11-01-preview","2021-10-01","2021-06-01-preview","2021-04-01-preview","2020-04-01-preview","2019-09-01"],"defaultApiVersion":"2019-09-01","capabilities":"None"},{"resourceType":"vaults/keys/versions","locations":["North
        Central US","East US","North Europe","West Europe","East Asia","Southeast
        Asia","East US 2","Central US","South Central US","West US","Japan East","Japan
        West","Australia East","Australia Southeast","Brazil South","Central India","South
        India","West India","Canada Central","Canada East","UK South","UK West","West
        Central US","West US 2","East US 2 EUAP","Central US EUAP","Korea Central","Korea
        South","France Central","France South","Australia Central","Australia Central
        2","UAE Central","UAE North","South Africa North","South Africa West","Switzerland
        North","Switzerland West","Germany North","Germany West Central","Norway East","Norway
        West","Brazil Southeast","West US 3","Jio India Central","Jio India West","Sweden
        Central","Sweden South","Qatar Central"],"apiVersions":["2021-11-01-preview","2021-10-01","2021-06-01-preview","2021-04-01-preview","2020-04-01-preview","2019-09-01"],"defaultApiVersion":"2019-09-01","capabilities":"None"}],"registrationState":"Registered","registrationPolicy":"RegistrationRequired"}'
    headers:
      cache-control:
      - no-cache
      content-length:
      - '15771'
      content-type:
      - application/json; charset=utf-8
      date:
      - Fri, 08 Apr 2022 11:58:58 GMT
      expires:
      - '-1'
      pragma:
      - no-cache
      strict-transport-security:
      - max-age=31536000; includeSubDomains
      vary:
      - Accept-Encoding
      x-content-type-options:
      - nosniff
    status:
      code: 200
      message: OK
- request:
    body: '{"location": "southcentralus", "tags": {}, "properties": {"sku": {"family":
      "A", "name": "standard"}, "tenantId": "54826b22-38d6-4fb2-bad9-b7b93a3e9c5a",
      "accessPolicies": [{"tenantId": "54826b22-38d6-4fb2-bad9-b7b93a3e9c5a", "objectId":
      "3707fb2f-ac10-4591-a04f-8b0d786ea37d", "permissions": {"keys": ["all"], "secrets":
      ["all"], "certificates": ["all"], "storage": ["all"]}}, {"tenantId": "54826b22-38d6-4fb2-bad9-b7b93a3e9c5a",
      "objectId": "6ab262d4-3e90-436b-bee4-f81a2f37dc04", "permissions": {"keys":
      ["get", "wrapKey", "recover", "unwrapKey"]}}], "enabledForDeployment": false,
      "enableSoftDelete": true, "softDeleteRetentionInDays": 7, "vaultUri": "https://clitest000003.vault.azure.net/",
      "provisioningState": "Succeeded", "publicNetworkAccess": "Enabled", "enablePurgeProtection":
      true}}'
    headers:
      Accept:
      - application/json
      Accept-Encoding:
      - gzip, deflate
      CommandName:
      - resource update
      Connection:
      - keep-alive
      Content-Length:
      - '796'
      Content-Type:
      - application/json
      ParameterSetName:
      - --id --set
      User-Agent:
      - AZURECLI/2.35.0 azsdk-python-azure-mgmt-resource/20.0.0 Python/3.7.9 (Windows-10-10.0.22000-SP0)
    method: PUT
    uri: https://management.azure.com/subscriptions/00000000-0000-0000-0000-000000000000/resourceGroups/clitest.rg000001/providers/Microsoft.KeyVault/vaults/clitest000003?api-version=2021-10-01
  response:
    body:
      string: '{"id":"/subscriptions/00000000-0000-0000-0000-000000000000/resourceGroups/clitest.rg000001/providers/Microsoft.KeyVault/vaults/clitest000003","name":"clitest000003","type":"Microsoft.KeyVault/vaults","location":"southcentralus","tags":{},"systemData":{"createdBy":"yishiwang@microsoft.com","createdByType":"User","createdAt":"2022-04-08T11:57:59Z","lastModifiedBy":"yishiwang@microsoft.com","lastModifiedByType":"User","lastModifiedAt":"2022-04-08T11:59:00.097Z"},"properties":{"sku":{"family":"A","name":"standard"},"tenantId":"54826b22-38d6-4fb2-bad9-b7b93a3e9c5a","accessPolicies":[{"tenantId":"54826b22-38d6-4fb2-bad9-b7b93a3e9c5a","objectId":"3707fb2f-ac10-4591-a04f-8b0d786ea37d","permissions":{"keys":["all"],"secrets":["all"],"certificates":["all"],"storage":["all"]}},{"tenantId":"54826b22-38d6-4fb2-bad9-b7b93a3e9c5a","objectId":"6ab262d4-3e90-436b-bee4-f81a2f37dc04","permissions":{"keys":["get","wrapKey","recover","unwrapKey"]}}],"enabledForDeployment":false,"enableSoftDelete":true,"softDeleteRetentionInDays":7,"enablePurgeProtection":true,"vaultUri":"https://clitest000003.vault.azure.net/","provisioningState":"Succeeded","publicNetworkAccess":"Enabled"}}'
    headers:
      cache-control:
      - no-cache
      content-length:
      - '1172'
      content-type:
      - application/json; charset=utf-8
      date:
      - Fri, 08 Apr 2022 11:59:00 GMT
      expires:
      - '-1'
      pragma:
      - no-cache
      server:
      - Microsoft-IIS/10.0
      strict-transport-security:
      - max-age=31536000; includeSubDomains
      transfer-encoding:
      - chunked
      vary:
      - Accept-Encoding
      x-aspnet-version:
      - 4.0.30319
      x-content-type-options:
      - nosniff
      x-ms-keyvault-service-version:
      - 1.5.339.0
      x-ms-ratelimit-remaining-subscription-writes:
      - '1197'
    status:
      code: 200
      message: OK
- request:
    body: null
    headers:
      Accept:
      - application/json
      Accept-Encoding:
      - gzip, deflate
      CommandName:
      - storage account update
      Connection:
      - keep-alive
      ParameterSetName:
      - -n -g --encryption-key-source --encryption-key-vault --encryption-key-name
      User-Agent:
      - AZURECLI/2.35.0 azsdk-python-azure-mgmt-storage/19.1.0 Python/3.7.9 (Windows-10-10.0.22000-SP0)
    method: GET
    uri: https://management.azure.com/subscriptions/00000000-0000-0000-0000-000000000000/resourceGroups/clitest.rg000001/providers/Microsoft.Storage/storageAccounts/clitest000002?api-version=2021-08-01
  response:
    body:
      string: '{"identity":{"principalId":"6ab262d4-3e90-436b-bee4-f81a2f37dc04","tenantId":"54826b22-38d6-4fb2-bad9-b7b93a3e9c5a","type":"SystemAssigned"},"sku":{"name":"Standard_LRS","tier":"Standard"},"kind":"Storage","id":"/subscriptions/00000000-0000-0000-0000-000000000000/resourceGroups/clitest.rg000001/providers/Microsoft.Storage/storageAccounts/clitest000002","name":"clitest000002","type":"Microsoft.Storage/storageAccounts","location":"southcentralus","tags":{},"properties":{"keyCreationTime":{"key1":"2022-04-08T11:57:28.1860958Z","key2":"2022-04-08T11:57:28.1860958Z"},"privateEndpointConnections":[],"minimumTlsVersion":"TLS1_0","allowBlobPublicAccess":true,"networkAcls":{"bypass":"AzureServices","virtualNetworkRules":[],"ipRules":[],"defaultAction":"Allow"},"supportsHttpsTrafficOnly":true,"encryption":{"services":{"file":{"keyType":"Account","enabled":true,"lastEnabledTime":"2022-04-08T11:57:28.2017414Z"},"blob":{"keyType":"Account","enabled":true,"lastEnabledTime":"2022-04-08T11:57:28.2017414Z"}},"keySource":"Microsoft.Storage"},"provisioningState":"Succeeded","creationTime":"2022-04-08T11:57:28.1079401Z","primaryEndpoints":{"blob":"https://clitest000002.blob.core.windows.net/","queue":"https://clitest000002.queue.core.windows.net/","table":"https://clitest000002.table.core.windows.net/","file":"https://clitest000002.file.core.windows.net/"},"primaryLocation":"southcentralus","statusOfPrimary":"available"}}'
    headers:
      cache-control:
      - no-cache
      content-length:
      - '1425'
      content-type:
      - application/json
      date:
      - Fri, 08 Apr 2022 11:59:01 GMT
      expires:
      - '-1'
      pragma:
      - no-cache
      server:
      - Microsoft-Azure-Storage-Resource-Provider/1.0,Microsoft-HTTPAPI/2.0 Microsoft-HTTPAPI/2.0
      strict-transport-security:
      - max-age=31536000; includeSubDomains
      transfer-encoding:
      - chunked
      vary:
      - Accept-Encoding
      x-content-type-options:
      - nosniff
    status:
      code: 200
      message: OK
- request:
    body: '{"sku": {"name": "Standard_LRS"}, "tags": {}, "properties": {"encryption":
      {"services": {"blob": {"enabled": true, "keyType": "Account"}, "file": {"enabled":
      true, "keyType": "Account"}}, "keySource": "Microsoft.Keyvault", "keyvaultproperties":
      {"keyname": "testkey", "keyvaulturi": "https://clitest000003.vault.azure.net/"}},
      "supportsHttpsTrafficOnly": true, "networkAcls": {"bypass": "AzureServices",
      "virtualNetworkRules": [], "ipRules": [], "defaultAction": "Allow"}}}'
    headers:
      Accept:
      - application/json
      Accept-Encoding:
      - gzip, deflate
      CommandName:
      - storage account update
      Connection:
      - keep-alive
      Content-Length:
      - '473'
      Content-Type:
      - application/json
      ParameterSetName:
      - -n -g --encryption-key-source --encryption-key-vault --encryption-key-name
      User-Agent:
      - AZURECLI/2.35.0 azsdk-python-azure-mgmt-storage/19.1.0 Python/3.7.9 (Windows-10-10.0.22000-SP0)
    method: PATCH
    uri: https://management.azure.com/subscriptions/00000000-0000-0000-0000-000000000000/resourceGroups/clitest.rg000001/providers/Microsoft.Storage/storageAccounts/clitest000002?api-version=2021-08-01
  response:
    body:
      string: '{"identity":{"principalId":"6ab262d4-3e90-436b-bee4-f81a2f37dc04","tenantId":"54826b22-38d6-4fb2-bad9-b7b93a3e9c5a","type":"SystemAssigned"},"sku":{"name":"Standard_LRS","tier":"Standard"},"kind":"Storage","id":"/subscriptions/00000000-0000-0000-0000-000000000000/resourceGroups/clitest.rg000001/providers/Microsoft.Storage/storageAccounts/clitest000002","name":"clitest000002","type":"Microsoft.Storage/storageAccounts","location":"southcentralus","tags":{},"properties":{"keyCreationTime":{"key1":"2022-04-08T11:57:28.1860958Z","key2":"2022-04-08T11:57:28.1860958Z"},"privateEndpointConnections":[],"minimumTlsVersion":"TLS1_0","allowBlobPublicAccess":true,"networkAcls":{"bypass":"AzureServices","virtualNetworkRules":[],"ipRules":[],"defaultAction":"Allow"},"supportsHttpsTrafficOnly":true,"encryption":{"keyvaultproperties":{"currentVersionedKeyIdentifier":"https://clitest000003.vault.azure.net/keys/testkey/338d2f75794a47aa9d9b35e32df1bfce","lastKeyRotationTimestamp":"2022-04-08T11:59:05.9522551Z","currentVersionedKeyExpirationTimestamp":"1970-01-01T00:00:00.0000000Z","keyvaulturi":"https://clitest000003.vault.azure.net/","keyname":"testkey"},"services":{"file":{"keyType":"Account","enabled":true,"lastEnabledTime":"2022-04-08T11:57:28.2017414Z"},"blob":{"keyType":"Account","enabled":true,"lastEnabledTime":"2022-04-08T11:57:28.2017414Z"}},"keySource":"Microsoft.Keyvault"},"provisioningState":"Succeeded","creationTime":"2022-04-08T11:57:28.1079401Z","primaryEndpoints":{"blob":"https://clitest000002.blob.core.windows.net/","queue":"https://clitest000002.queue.core.windows.net/","table":"https://clitest000002.table.core.windows.net/","file":"https://clitest000002.file.core.windows.net/"},"primaryLocation":"southcentralus","statusOfPrimary":"available"}}'
    headers:
      cache-control:
      - no-cache
      content-length:
      - '1772'
      content-type:
      - application/json
      date:
      - Fri, 08 Apr 2022 11:59:10 GMT
      expires:
      - '-1'
      pragma:
      - no-cache
      server:
      - Microsoft-Azure-Storage-Resource-Provider/1.0,Microsoft-HTTPAPI/2.0 Microsoft-HTTPAPI/2.0
      strict-transport-security:
      - max-age=31536000; includeSubDomains
      transfer-encoding:
      - chunked
      vary:
      - Accept-Encoding
      x-content-type-options:
      - nosniff
      x-ms-ratelimit-remaining-subscription-writes:
      - '1196'
    status:
      code: 200
      message: OK
- request:
    body: null
    headers:
      Accept:
      - application/json
      Accept-Encoding:
      - gzip, deflate
      CommandName:
      - storage account update
      Connection:
      - keep-alive
      ParameterSetName:
      - -n -g --encryption-key-version
      User-Agent:
      - AZURECLI/2.35.0 azsdk-python-azure-mgmt-storage/19.1.0 Python/3.7.9 (Windows-10-10.0.22000-SP0)
    method: GET
    uri: https://management.azure.com/subscriptions/00000000-0000-0000-0000-000000000000/resourceGroups/clitest.rg000001/providers/Microsoft.Storage/storageAccounts/clitest000002?api-version=2021-08-01
  response:
    body:
      string: '{"identity":{"principalId":"6ab262d4-3e90-436b-bee4-f81a2f37dc04","tenantId":"54826b22-38d6-4fb2-bad9-b7b93a3e9c5a","type":"SystemAssigned"},"sku":{"name":"Standard_LRS","tier":"Standard"},"kind":"Storage","id":"/subscriptions/00000000-0000-0000-0000-000000000000/resourceGroups/clitest.rg000001/providers/Microsoft.Storage/storageAccounts/clitest000002","name":"clitest000002","type":"Microsoft.Storage/storageAccounts","location":"southcentralus","tags":{},"properties":{"keyCreationTime":{"key1":"2022-04-08T11:57:28.1860958Z","key2":"2022-04-08T11:57:28.1860958Z"},"privateEndpointConnections":[],"minimumTlsVersion":"TLS1_0","allowBlobPublicAccess":true,"networkAcls":{"bypass":"AzureServices","virtualNetworkRules":[],"ipRules":[],"defaultAction":"Allow"},"supportsHttpsTrafficOnly":true,"encryption":{"keyvaultproperties":{"currentVersionedKeyIdentifier":"https://clitest000003.vault.azure.net/keys/testkey/338d2f75794a47aa9d9b35e32df1bfce","lastKeyRotationTimestamp":"2022-04-08T11:59:05.9522551Z","currentVersionedKeyExpirationTimestamp":"1970-01-01T00:00:00.0000000Z","keyvaulturi":"https://clitest000003.vault.azure.net/","keyname":"testkey"},"services":{"file":{"keyType":"Account","enabled":true,"lastEnabledTime":"2022-04-08T11:57:28.2017414Z"},"blob":{"keyType":"Account","enabled":true,"lastEnabledTime":"2022-04-08T11:57:28.2017414Z"}},"keySource":"Microsoft.Keyvault"},"provisioningState":"Succeeded","creationTime":"2022-04-08T11:57:28.1079401Z","primaryEndpoints":{"blob":"https://clitest000002.blob.core.windows.net/","queue":"https://clitest000002.queue.core.windows.net/","table":"https://clitest000002.table.core.windows.net/","file":"https://clitest000002.file.core.windows.net/"},"primaryLocation":"southcentralus","statusOfPrimary":"available"}}'
    headers:
      cache-control:
      - no-cache
      content-length:
      - '1772'
      content-type:
      - application/json
      date:
      - Fri, 08 Apr 2022 11:59:14 GMT
      expires:
      - '-1'
      pragma:
      - no-cache
      server:
      - Microsoft-Azure-Storage-Resource-Provider/1.0,Microsoft-HTTPAPI/2.0 Microsoft-HTTPAPI/2.0
      strict-transport-security:
      - max-age=31536000; includeSubDomains
      transfer-encoding:
      - chunked
      vary:
      - Accept-Encoding
      x-content-type-options:
      - nosniff
    status:
      code: 200
      message: OK
- request:
    body: '{"sku": {"name": "Standard_LRS"}, "tags": {}, "properties": {"encryption":
      {"services": {"blob": {"enabled": true, "keyType": "Account"}, "file": {"enabled":
      true, "keyType": "Account"}}, "keySource": "Microsoft.Keyvault", "keyvaultproperties":
      {"keyname": "testkey", "keyversion": "338d2f75794a47aa9d9b35e32df1bfce", "keyvaulturi":
      "https://clitest000003.vault.azure.net/"}}, "supportsHttpsTrafficOnly": true,
      "networkAcls": {"bypass": "AzureServices", "virtualNetworkRules": [], "ipRules":
      [], "defaultAction": "Allow"}}}'
    headers:
      Accept:
      - application/json
      Accept-Encoding:
      - gzip, deflate
      CommandName:
      - storage account update
      Connection:
      - keep-alive
      Content-Length:
      - '523'
      Content-Type:
      - application/json
      ParameterSetName:
      - -n -g --encryption-key-version
      User-Agent:
      - AZURECLI/2.35.0 azsdk-python-azure-mgmt-storage/19.1.0 Python/3.7.9 (Windows-10-10.0.22000-SP0)
    method: PATCH
    uri: https://management.azure.com/subscriptions/00000000-0000-0000-0000-000000000000/resourceGroups/clitest.rg000001/providers/Microsoft.Storage/storageAccounts/clitest000002?api-version=2021-08-01
  response:
    body:
      string: '{"identity":{"principalId":"6ab262d4-3e90-436b-bee4-f81a2f37dc04","tenantId":"54826b22-38d6-4fb2-bad9-b7b93a3e9c5a","type":"SystemAssigned"},"sku":{"name":"Standard_LRS","tier":"Standard"},"kind":"Storage","id":"/subscriptions/00000000-0000-0000-0000-000000000000/resourceGroups/clitest.rg000001/providers/Microsoft.Storage/storageAccounts/clitest000002","name":"clitest000002","type":"Microsoft.Storage/storageAccounts","location":"southcentralus","tags":{},"properties":{"keyCreationTime":{"key1":"2022-04-08T11:57:28.1860958Z","key2":"2022-04-08T11:57:28.1860958Z"},"privateEndpointConnections":[],"minimumTlsVersion":"TLS1_0","allowBlobPublicAccess":true,"networkAcls":{"bypass":"AzureServices","virtualNetworkRules":[],"ipRules":[],"defaultAction":"Allow"},"supportsHttpsTrafficOnly":true,"encryption":{"keyvaultproperties":{"currentVersionedKeyIdentifier":"https://clitest000003.vault.azure.net/keys/testkey/338d2f75794a47aa9d9b35e32df1bfce","lastKeyRotationTimestamp":"2022-04-08T11:59:20.0304248Z","currentVersionedKeyExpirationTimestamp":"1970-01-01T00:00:00.0000000Z","keyvaulturi":"https://clitest000003.vault.azure.net/","keyname":"testkey","keyversion":"338d2f75794a47aa9d9b35e32df1bfce"},"services":{"file":{"keyType":"Account","enabled":true,"lastEnabledTime":"2022-04-08T11:57:28.2017414Z"},"blob":{"keyType":"Account","enabled":true,"lastEnabledTime":"2022-04-08T11:57:28.2017414Z"}},"keySource":"Microsoft.Keyvault"},"provisioningState":"Succeeded","creationTime":"2022-04-08T11:57:28.1079401Z","primaryEndpoints":{"blob":"https://clitest000002.blob.core.windows.net/","queue":"https://clitest000002.queue.core.windows.net/","table":"https://clitest000002.table.core.windows.net/","file":"https://clitest000002.file.core.windows.net/"},"primaryLocation":"southcentralus","statusOfPrimary":"available"}}'
    headers:
      cache-control:
      - no-cache
      content-length:
      - '1820'
      content-type:
      - application/json
      date:
      - Fri, 08 Apr 2022 11:59:23 GMT
      expires:
      - '-1'
      pragma:
      - no-cache
      server:
      - Microsoft-Azure-Storage-Resource-Provider/1.0,Microsoft-HTTPAPI/2.0 Microsoft-HTTPAPI/2.0
      strict-transport-security:
      - max-age=31536000; includeSubDomains
      transfer-encoding:
      - chunked
      vary:
      - Accept-Encoding
      x-content-type-options:
      - nosniff
      x-ms-ratelimit-remaining-subscription-writes:
      - '1198'
    status:
      code: 200
      message: OK
- request:
    body: null
    headers:
      Accept:
      - application/json
      Accept-Encoding:
      - gzip, deflate
      CommandName:
      - storage account update
      Connection:
      - keep-alive
      ParameterSetName:
      - -n -g --encryption-key-version
      User-Agent:
      - AZURECLI/2.35.0 azsdk-python-azure-mgmt-storage/19.1.0 Python/3.7.9 (Windows-10-10.0.22000-SP0)
    method: GET
    uri: https://management.azure.com/subscriptions/00000000-0000-0000-0000-000000000000/resourceGroups/clitest.rg000001/providers/Microsoft.Storage/storageAccounts/clitest000002?api-version=2021-08-01
  response:
    body:
      string: '{"identity":{"principalId":"6ab262d4-3e90-436b-bee4-f81a2f37dc04","tenantId":"54826b22-38d6-4fb2-bad9-b7b93a3e9c5a","type":"SystemAssigned"},"sku":{"name":"Standard_LRS","tier":"Standard"},"kind":"Storage","id":"/subscriptions/00000000-0000-0000-0000-000000000000/resourceGroups/clitest.rg000001/providers/Microsoft.Storage/storageAccounts/clitest000002","name":"clitest000002","type":"Microsoft.Storage/storageAccounts","location":"southcentralus","tags":{},"properties":{"keyCreationTime":{"key1":"2022-04-08T11:57:28.1860958Z","key2":"2022-04-08T11:57:28.1860958Z"},"privateEndpointConnections":[],"minimumTlsVersion":"TLS1_0","allowBlobPublicAccess":true,"networkAcls":{"bypass":"AzureServices","virtualNetworkRules":[],"ipRules":[],"defaultAction":"Allow"},"supportsHttpsTrafficOnly":true,"encryption":{"keyvaultproperties":{"currentVersionedKeyIdentifier":"https://clitest000003.vault.azure.net/keys/testkey/338d2f75794a47aa9d9b35e32df1bfce","lastKeyRotationTimestamp":"2022-04-08T11:59:20.0304248Z","currentVersionedKeyExpirationTimestamp":"1970-01-01T00:00:00.0000000Z","keyvaulturi":"https://clitest000003.vault.azure.net/","keyname":"testkey","keyversion":"338d2f75794a47aa9d9b35e32df1bfce"},"services":{"file":{"keyType":"Account","enabled":true,"lastEnabledTime":"2022-04-08T11:57:28.2017414Z"},"blob":{"keyType":"Account","enabled":true,"lastEnabledTime":"2022-04-08T11:57:28.2017414Z"}},"keySource":"Microsoft.Keyvault"},"provisioningState":"Succeeded","creationTime":"2022-04-08T11:57:28.1079401Z","primaryEndpoints":{"blob":"https://clitest000002.blob.core.windows.net/","queue":"https://clitest000002.queue.core.windows.net/","table":"https://clitest000002.table.core.windows.net/","file":"https://clitest000002.file.core.windows.net/"},"primaryLocation":"southcentralus","statusOfPrimary":"available"}}'
    headers:
      cache-control:
      - no-cache
      content-length:
      - '1820'
      content-type:
      - application/json
      date:
      - Fri, 08 Apr 2022 11:59:24 GMT
      expires:
      - '-1'
      pragma:
      - no-cache
      server:
      - Microsoft-Azure-Storage-Resource-Provider/1.0,Microsoft-HTTPAPI/2.0 Microsoft-HTTPAPI/2.0
      strict-transport-security:
      - max-age=31536000; includeSubDomains
      transfer-encoding:
      - chunked
      vary:
      - Accept-Encoding
      x-content-type-options:
      - nosniff
    status:
      code: 200
      message: OK
- request:
    body: '{"sku": {"name": "Standard_LRS"}, "tags": {}, "properties": {"encryption":
      {"services": {"blob": {"enabled": true, "keyType": "Account"}, "file": {"enabled":
      true, "keyType": "Account"}}, "keySource": "Microsoft.Keyvault", "keyvaultproperties":
      {"keyname": "testkey", "keyversion": "", "keyvaulturi": "https://clitest000003.vault.azure.net/"}},
      "supportsHttpsTrafficOnly": true, "networkAcls": {"bypass": "AzureServices",
      "virtualNetworkRules": [], "ipRules": [], "defaultAction": "Allow"}}}'
    headers:
      Accept:
      - application/json
      Accept-Encoding:
      - gzip, deflate
      CommandName:
      - storage account update
      Connection:
      - keep-alive
      Content-Length:
      - '491'
      Content-Type:
      - application/json
      ParameterSetName:
      - -n -g --encryption-key-version
      User-Agent:
      - AZURECLI/2.35.0 azsdk-python-azure-mgmt-storage/19.1.0 Python/3.7.9 (Windows-10-10.0.22000-SP0)
    method: PATCH
    uri: https://management.azure.com/subscriptions/00000000-0000-0000-0000-000000000000/resourceGroups/clitest.rg000001/providers/Microsoft.Storage/storageAccounts/clitest000002?api-version=2021-08-01
  response:
    body:
      string: '{"identity":{"principalId":"6ab262d4-3e90-436b-bee4-f81a2f37dc04","tenantId":"54826b22-38d6-4fb2-bad9-b7b93a3e9c5a","type":"SystemAssigned"},"sku":{"name":"Standard_LRS","tier":"Standard"},"kind":"Storage","id":"/subscriptions/00000000-0000-0000-0000-000000000000/resourceGroups/clitest.rg000001/providers/Microsoft.Storage/storageAccounts/clitest000002","name":"clitest000002","type":"Microsoft.Storage/storageAccounts","location":"southcentralus","tags":{},"properties":{"keyCreationTime":{"key1":"2022-04-08T11:57:28.1860958Z","key2":"2022-04-08T11:57:28.1860958Z"},"privateEndpointConnections":[],"minimumTlsVersion":"TLS1_0","allowBlobPublicAccess":true,"networkAcls":{"bypass":"AzureServices","virtualNetworkRules":[],"ipRules":[],"defaultAction":"Allow"},"supportsHttpsTrafficOnly":true,"encryption":{"keyvaultproperties":{"currentVersionedKeyIdentifier":"https://clitest000003.vault.azure.net/keys/testkey/338d2f75794a47aa9d9b35e32df1bfce","lastKeyRotationTimestamp":"2022-04-08T11:59:25.7648159Z","currentVersionedKeyExpirationTimestamp":"1970-01-01T00:00:00.0000000Z","keyvaulturi":"https://clitest000003.vault.azure.net/","keyname":"testkey","keyversion":""},"services":{"file":{"keyType":"Account","enabled":true,"lastEnabledTime":"2022-04-08T11:57:28.2017414Z"},"blob":{"keyType":"Account","enabled":true,"lastEnabledTime":"2022-04-08T11:57:28.2017414Z"}},"keySource":"Microsoft.Keyvault"},"provisioningState":"Succeeded","creationTime":"2022-04-08T11:57:28.1079401Z","primaryEndpoints":{"blob":"https://clitest000002.blob.core.windows.net/","queue":"https://clitest000002.queue.core.windows.net/","table":"https://clitest000002.table.core.windows.net/","file":"https://clitest000002.file.core.windows.net/"},"primaryLocation":"southcentralus","statusOfPrimary":"available"}}'
    headers:
      cache-control:
      - no-cache
      content-length:
      - '1788'
      content-type:
      - application/json
      date:
      - Fri, 08 Apr 2022 11:59:57 GMT
      expires:
      - '-1'
      pragma:
      - no-cache
      server:
      - Microsoft-Azure-Storage-Resource-Provider/1.0,Microsoft-HTTPAPI/2.0 Microsoft-HTTPAPI/2.0
      strict-transport-security:
      - max-age=31536000; includeSubDomains
      transfer-encoding:
      - chunked
      vary:
      - Accept-Encoding
      x-content-type-options:
      - nosniff
      x-ms-ratelimit-remaining-subscription-writes:
      - '1195'
    status:
      code: 200
      message: OK
- request:
    body: '{"kty": "RSA", "attributes": {"enabled": true}}'
    headers:
      Accept:
      - application/json
      Accept-Encoding:
      - gzip, deflate
      Connection:
      - keep-alive
      Content-Length:
      - '47'
      Content-Type:
      - application/json
      User-Agent:
      - azsdk-python-keyvault-keys/4.5.0 Python/3.7.9 (Windows-10-10.0.22000-SP0)
    method: POST
    uri: https://clitest000003.vault.azure.net/keys/newkey/create?api-version=7.3
  response:
    body:
      string: '{"key":{"kid":"https://clitest000003.vault.azure.net/keys/newkey/4edfdac96f61472ea5946f0ba16e2bcb","kty":"RSA","key_ops":["encrypt","decrypt","sign","verify","wrapKey","unwrapKey"],"n":"xQoh65FGWxONbSTjdjRwVmH-6hbUnogps2uCcPBLO6cXMhDaoNlx6uJGuqBoyup0fY9AX8o-EncX88yBWOTq_9yYsTLqlParYB2gfKllS9kPWFE3hkhxD1VgH7hwX4cvSLSP7bH9nQ7GGSZ41r0DH70vBAEUZN_UcnZ7KieqRnv5Ou3mvN2e8XUPlplx3S-39i_vemSXpp3L82STpEQxne6m6Oc2pB4juYUuf1v68mSwFJnahTLe7hxJCkffKQ0rvXu-9C0hNyLHrc8S2fkkyGGBRnpkh_0f1tZLI4FmAGtowIlUBgQ8d0aIX5H_czJiPDMSZxgOHnQyotEzOiAt-Q","e":"AQAB"},"attributes":{"enabled":true,"created":1649419199,"updated":1649419199,"recoveryLevel":"CustomizedRecoverable","recoverableDays":7}}'
    headers:
      cache-control:
      - no-cache
      content-length:
      - '674'
      content-type:
      - application/json; charset=utf-8
      date:
      - Fri, 08 Apr 2022 11:59:59 GMT
      expires:
      - '-1'
      pragma:
      - no-cache
      strict-transport-security:
      - max-age=31536000;includeSubDomains
      x-content-type-options:
      - nosniff
      x-ms-keyvault-network-info:
      - conn_type=Ipv4;addr=167.220.233.97;act_addr_fam=InterNetwork;
      x-ms-keyvault-region:
      - southcentralus
      x-ms-keyvault-service-version:
      - 1.9.331.5
      x-powered-by:
      - ASP.NET
    status:
      code: 200
      message: OK
- request:
    body: null
    headers:
      Accept:
      - application/json
      Accept-Encoding:
      - gzip, deflate
      CommandName:
      - storage account update
      Connection:
      - keep-alive
      ParameterSetName:
      - -n -g --encryption-key-vault --encryption-key-name
      User-Agent:
      - AZURECLI/2.35.0 azsdk-python-azure-mgmt-storage/19.1.0 Python/3.7.9 (Windows-10-10.0.22000-SP0)
    method: GET
    uri: https://management.azure.com/subscriptions/00000000-0000-0000-0000-000000000000/resourceGroups/clitest.rg000001/providers/Microsoft.Storage/storageAccounts/clitest000002?api-version=2021-08-01
  response:
    body:
      string: '{"identity":{"principalId":"6ab262d4-3e90-436b-bee4-f81a2f37dc04","tenantId":"54826b22-38d6-4fb2-bad9-b7b93a3e9c5a","type":"SystemAssigned"},"sku":{"name":"Standard_LRS","tier":"Standard"},"kind":"Storage","id":"/subscriptions/00000000-0000-0000-0000-000000000000/resourceGroups/clitest.rg000001/providers/Microsoft.Storage/storageAccounts/clitest000002","name":"clitest000002","type":"Microsoft.Storage/storageAccounts","location":"southcentralus","tags":{},"properties":{"keyCreationTime":{"key1":"2022-04-08T11:57:28.1860958Z","key2":"2022-04-08T11:57:28.1860958Z"},"privateEndpointConnections":[],"minimumTlsVersion":"TLS1_0","allowBlobPublicAccess":true,"networkAcls":{"bypass":"AzureServices","virtualNetworkRules":[],"ipRules":[],"defaultAction":"Allow"},"supportsHttpsTrafficOnly":true,"encryption":{"keyvaultproperties":{"currentVersionedKeyIdentifier":"https://clitest000003.vault.azure.net/keys/testkey/338d2f75794a47aa9d9b35e32df1bfce","lastKeyRotationTimestamp":"2022-04-08T11:59:25.7648159Z","currentVersionedKeyExpirationTimestamp":"1970-01-01T00:00:00.0000000Z","keyvaulturi":"https://clitest000003.vault.azure.net/","keyname":"testkey","keyversion":""},"services":{"file":{"keyType":"Account","enabled":true,"lastEnabledTime":"2022-04-08T11:57:28.2017414Z"},"blob":{"keyType":"Account","enabled":true,"lastEnabledTime":"2022-04-08T11:57:28.2017414Z"}},"keySource":"Microsoft.Keyvault"},"provisioningState":"Succeeded","creationTime":"2022-04-08T11:57:28.1079401Z","primaryEndpoints":{"blob":"https://clitest000002.blob.core.windows.net/","queue":"https://clitest000002.queue.core.windows.net/","table":"https://clitest000002.table.core.windows.net/","file":"https://clitest000002.file.core.windows.net/"},"primaryLocation":"southcentralus","statusOfPrimary":"available"}}'
    headers:
      cache-control:
      - no-cache
      content-length:
      - '1788'
      content-type:
      - application/json
      date:
      - Fri, 08 Apr 2022 12:00:01 GMT
      expires:
      - '-1'
      pragma:
      - no-cache
      server:
      - Microsoft-Azure-Storage-Resource-Provider/1.0,Microsoft-HTTPAPI/2.0 Microsoft-HTTPAPI/2.0
      strict-transport-security:
      - max-age=31536000; includeSubDomains
      transfer-encoding:
      - chunked
      vary:
      - Accept-Encoding
      x-content-type-options:
      - nosniff
    status:
      code: 200
      message: OK
- request:
    body: '{"sku": {"name": "Standard_LRS"}, "tags": {}, "properties": {"encryption":
      {"services": {"blob": {"enabled": true, "keyType": "Account"}, "file": {"enabled":
      true, "keyType": "Account"}}, "keySource": "Microsoft.Keyvault", "keyvaultproperties":
      {"keyname": "newkey", "keyversion": "", "keyvaulturi": "https://clitest000003.vault.azure.net/"}},
      "supportsHttpsTrafficOnly": true, "networkAcls": {"bypass": "AzureServices",
      "virtualNetworkRules": [], "ipRules": [], "defaultAction": "Allow"}}}'
    headers:
      Accept:
      - application/json
      Accept-Encoding:
      - gzip, deflate
      CommandName:
      - storage account update
      Connection:
      - keep-alive
      Content-Length:
      - '490'
      Content-Type:
      - application/json
      ParameterSetName:
      - -n -g --encryption-key-vault --encryption-key-name
      User-Agent:
      - AZURECLI/2.35.0 azsdk-python-azure-mgmt-storage/19.1.0 Python/3.7.9 (Windows-10-10.0.22000-SP0)
    method: PATCH
    uri: https://management.azure.com/subscriptions/00000000-0000-0000-0000-000000000000/resourceGroups/clitest.rg000001/providers/Microsoft.Storage/storageAccounts/clitest000002?api-version=2021-08-01
  response:
    body:
      string: '{"identity":{"principalId":"6ab262d4-3e90-436b-bee4-f81a2f37dc04","tenantId":"54826b22-38d6-4fb2-bad9-b7b93a3e9c5a","type":"SystemAssigned"},"sku":{"name":"Standard_LRS","tier":"Standard"},"kind":"Storage","id":"/subscriptions/00000000-0000-0000-0000-000000000000/resourceGroups/clitest.rg000001/providers/Microsoft.Storage/storageAccounts/clitest000002","name":"clitest000002","type":"Microsoft.Storage/storageAccounts","location":"southcentralus","tags":{},"properties":{"keyCreationTime":{"key1":"2022-04-08T11:57:28.1860958Z","key2":"2022-04-08T11:57:28.1860958Z"},"privateEndpointConnections":[],"minimumTlsVersion":"TLS1_0","allowBlobPublicAccess":true,"networkAcls":{"bypass":"AzureServices","virtualNetworkRules":[],"ipRules":[],"defaultAction":"Allow"},"supportsHttpsTrafficOnly":true,"encryption":{"keyvaultproperties":{"currentVersionedKeyIdentifier":"https://clitest000003.vault.azure.net/keys/newkey/4edfdac96f61472ea5946f0ba16e2bcb","lastKeyRotationTimestamp":"2022-04-08T12:00:04.9213759Z","currentVersionedKeyExpirationTimestamp":"1970-01-01T00:00:00.0000000Z","keyvaulturi":"https://clitest000003.vault.azure.net/","keyname":"newkey","keyversion":""},"services":{"file":{"keyType":"Account","enabled":true,"lastEnabledTime":"2022-04-08T11:57:28.2017414Z"},"blob":{"keyType":"Account","enabled":true,"lastEnabledTime":"2022-04-08T11:57:28.2017414Z"}},"keySource":"Microsoft.Keyvault"},"provisioningState":"Succeeded","creationTime":"2022-04-08T11:57:28.1079401Z","primaryEndpoints":{"blob":"https://clitest000002.blob.core.windows.net/","queue":"https://clitest000002.queue.core.windows.net/","table":"https://clitest000002.table.core.windows.net/","file":"https://clitest000002.file.core.windows.net/"},"primaryLocation":"southcentralus","statusOfPrimary":"available"}}'
    headers:
      cache-control:
      - no-cache
      content-length:
      - '1786'
      content-type:
      - application/json
      date:
      - Fri, 08 Apr 2022 12:00:09 GMT
      expires:
      - '-1'
      pragma:
      - no-cache
      server:
      - Microsoft-Azure-Storage-Resource-Provider/1.0,Microsoft-HTTPAPI/2.0 Microsoft-HTTPAPI/2.0
      strict-transport-security:
      - max-age=31536000; includeSubDomains
      transfer-encoding:
      - chunked
      vary:
      - Accept-Encoding
      x-content-type-options:
      - nosniff
      x-ms-ratelimit-remaining-subscription-writes:
      - '1194'
    status:
      code: 200
      message: OK
- request:
    body: null
    headers:
      Accept:
      - application/json
      Accept-Encoding:
      - gzip, deflate
      CommandName:
      - storage account update
      Connection:
      - keep-alive
      ParameterSetName:
      - -n -g --encryption-key-source
      User-Agent:
      - AZURECLI/2.35.0 azsdk-python-azure-mgmt-storage/19.1.0 Python/3.7.9 (Windows-10-10.0.22000-SP0)
    method: GET
    uri: https://management.azure.com/subscriptions/00000000-0000-0000-0000-000000000000/resourceGroups/clitest.rg000001/providers/Microsoft.Storage/storageAccounts/clitest000002?api-version=2021-08-01
  response:
    body:
      string: '{"identity":{"principalId":"6ab262d4-3e90-436b-bee4-f81a2f37dc04","tenantId":"54826b22-38d6-4fb2-bad9-b7b93a3e9c5a","type":"SystemAssigned"},"sku":{"name":"Standard_LRS","tier":"Standard"},"kind":"Storage","id":"/subscriptions/00000000-0000-0000-0000-000000000000/resourceGroups/clitest.rg000001/providers/Microsoft.Storage/storageAccounts/clitest000002","name":"clitest000002","type":"Microsoft.Storage/storageAccounts","location":"southcentralus","tags":{},"properties":{"keyCreationTime":{"key1":"2022-04-08T11:57:28.1860958Z","key2":"2022-04-08T11:57:28.1860958Z"},"privateEndpointConnections":[],"minimumTlsVersion":"TLS1_0","allowBlobPublicAccess":true,"networkAcls":{"bypass":"AzureServices","virtualNetworkRules":[],"ipRules":[],"defaultAction":"Allow"},"supportsHttpsTrafficOnly":true,"encryption":{"keyvaultproperties":{"currentVersionedKeyIdentifier":"https://clitest000003.vault.azure.net/keys/newkey/4edfdac96f61472ea5946f0ba16e2bcb","lastKeyRotationTimestamp":"2022-04-08T12:00:04.9213759Z","currentVersionedKeyExpirationTimestamp":"1970-01-01T00:00:00.0000000Z","keyvaulturi":"https://clitest000003.vault.azure.net/","keyname":"newkey","keyversion":""},"services":{"file":{"keyType":"Account","enabled":true,"lastEnabledTime":"2022-04-08T11:57:28.2017414Z"},"blob":{"keyType":"Account","enabled":true,"lastEnabledTime":"2022-04-08T11:57:28.2017414Z"}},"keySource":"Microsoft.Keyvault"},"provisioningState":"Succeeded","creationTime":"2022-04-08T11:57:28.1079401Z","primaryEndpoints":{"blob":"https://clitest000002.blob.core.windows.net/","queue":"https://clitest000002.queue.core.windows.net/","table":"https://clitest000002.table.core.windows.net/","file":"https://clitest000002.file.core.windows.net/"},"primaryLocation":"southcentralus","statusOfPrimary":"available"}}'
    headers:
      cache-control:
      - no-cache
      content-length:
      - '1786'
      content-type:
      - application/json
      date:
      - Fri, 08 Apr 2022 12:00:10 GMT
      expires:
      - '-1'
      pragma:
      - no-cache
      server:
      - Microsoft-Azure-Storage-Resource-Provider/1.0,Microsoft-HTTPAPI/2.0 Microsoft-HTTPAPI/2.0
      strict-transport-security:
      - max-age=31536000; includeSubDomains
      transfer-encoding:
      - chunked
      vary:
      - Accept-Encoding
      x-content-type-options:
      - nosniff
    status:
      code: 200
      message: OK
- request:
    body: '{"sku": {"name": "Standard_LRS"}, "tags": {}, "properties": {"encryption":
      {"services": {"blob": {"enabled": true, "keyType": "Account"}, "file": {"enabled":
      true, "keyType": "Account"}}, "keySource": "Microsoft.Storage"}, "supportsHttpsTrafficOnly":
      true, "networkAcls": {"bypass": "AzureServices", "virtualNetworkRules": [],
      "ipRules": [], "defaultAction": "Allow"}}}'
    headers:
      Accept:
      - application/json
      Accept-Encoding:
      - gzip, deflate
      CommandName:
      - storage account update
      Connection:
      - keep-alive
      Content-Length:
      - '369'
      Content-Type:
      - application/json
      ParameterSetName:
      - -n -g --encryption-key-source
      User-Agent:
      - AZURECLI/2.35.0 azsdk-python-azure-mgmt-storage/19.1.0 Python/3.7.9 (Windows-10-10.0.22000-SP0)
    method: PATCH
    uri: https://management.azure.com/subscriptions/00000000-0000-0000-0000-000000000000/resourceGroups/clitest.rg000001/providers/Microsoft.Storage/storageAccounts/clitest000002?api-version=2021-08-01
  response:
    body:
      string: '{"identity":{"principalId":"6ab262d4-3e90-436b-bee4-f81a2f37dc04","tenantId":"54826b22-38d6-4fb2-bad9-b7b93a3e9c5a","type":"SystemAssigned"},"sku":{"name":"Standard_LRS","tier":"Standard"},"kind":"Storage","id":"/subscriptions/00000000-0000-0000-0000-000000000000/resourceGroups/clitest.rg000001/providers/Microsoft.Storage/storageAccounts/clitest000002","name":"clitest000002","type":"Microsoft.Storage/storageAccounts","location":"southcentralus","tags":{},"properties":{"keyCreationTime":{"key1":"2022-04-08T11:57:28.1860958Z","key2":"2022-04-08T11:57:28.1860958Z"},"privateEndpointConnections":[],"minimumTlsVersion":"TLS1_0","allowBlobPublicAccess":true,"networkAcls":{"bypass":"AzureServices","virtualNetworkRules":[],"ipRules":[],"defaultAction":"Allow"},"supportsHttpsTrafficOnly":true,"encryption":{"services":{"file":{"keyType":"Account","enabled":true,"lastEnabledTime":"2022-04-08T11:57:28.2017414Z"},"blob":{"keyType":"Account","enabled":true,"lastEnabledTime":"2022-04-08T11:57:28.2017414Z"}},"keySource":"Microsoft.Storage"},"provisioningState":"Succeeded","creationTime":"2022-04-08T11:57:28.1079401Z","primaryEndpoints":{"blob":"https://clitest000002.blob.core.windows.net/","queue":"https://clitest000002.queue.core.windows.net/","table":"https://clitest000002.table.core.windows.net/","file":"https://clitest000002.file.core.windows.net/"},"primaryLocation":"southcentralus","statusOfPrimary":"available"}}'
    headers:
      cache-control:
      - no-cache
      content-length:
      - '1425'
      content-type:
      - application/json
      date:
      - Fri, 08 Apr 2022 12:00:19 GMT
      expires:
      - '-1'
      pragma:
      - no-cache
      server:
      - Microsoft-Azure-Storage-Resource-Provider/1.0,Microsoft-HTTPAPI/2.0 Microsoft-HTTPAPI/2.0
      strict-transport-security:
      - max-age=31536000; includeSubDomains
      transfer-encoding:
      - chunked
      vary:
      - Accept-Encoding
      x-content-type-options:
      - nosniff
      x-ms-ratelimit-remaining-subscription-writes:
      - '1196'
    status:
      code: 200
      message: OK
version: 1
