interactions:
- request:
    body: null
    headers:
      Accept:
      - application/json
      Accept-Encoding:
      - gzip, deflate
      CommandName:
      - keyvault create
      Connection:
      - keep-alive
      ParameterSetName:
      - -n -g -o --query
      User-Agent:
      - python/3.7.5 (Windows-10-10.0.18362-SP0) msrest/0.6.9 msrest_azure/0.6.3 azure-mgmt-resource/10.0.0
        Azure-SDK-For-Python AZURECLI/2.8.0
      accept-language:
      - en-US
    method: GET
    uri: https://management.azure.com/subscriptions/00000000-0000-0000-0000-000000000000/resourcegroups/clitest.rg000001?api-version=2019-07-01
  response:
    body:
      string: '{"id":"/subscriptions/00000000-0000-0000-0000-000000000000/resourceGroups/clitest.rg000001","name":"clitest.rg000001","type":"Microsoft.Resources/resourceGroups","location":"southcentralus","tags":{"product":"azurecli","cause":"automation","date":"2020-07-06T10:58:45Z"},"properties":{"provisioningState":"Succeeded"}}'
    headers:
      cache-control:
      - no-cache
      content-length:
      - '436'
      content-type:
      - application/json; charset=utf-8
      date:
      - Mon, 06 Jul 2020 10:59:15 GMT
      expires:
      - '-1'
      pragma:
      - no-cache
      strict-transport-security:
      - max-age=31536000; includeSubDomains
      vary:
      - Accept-Encoding
      x-content-type-options:
      - nosniff
    status:
      code: 200
      message: OK
- request:
    body: null
    headers:
      Accept:
      - application/json
      Accept-Encoding:
      - gzip, deflate
      CommandName:
      - keyvault create
      Connection:
      - keep-alive
      ParameterSetName:
      - -n -g -o --query
      User-Agent:
      - python/3.7.5 (Windows-10-10.0.18362-SP0) msrest/0.6.9 msrest_azure/0.6.3 azure-mgmt-keyvault/2.2.0
        Azure-SDK-For-Python AZURECLI/2.8.0
      accept-language:
      - en-US
    method: GET
    uri: https://management.azure.com/subscriptions/00000000-0000-0000-0000-000000000000/resourceGroups/clitest.rg000001/providers/Microsoft.KeyVault/vaults/clitest000003?api-version=2019-09-01
  response:
    body:
      string: '{"error":{"code":"ResourceNotFound","message":"The Resource ''Microsoft.KeyVault/vaults/clitest000003''
        under resource group ''clitest.rg000001'' was not found. For more details
        please go to https://aka.ms/ARMResourceNotFoundFix"}}'
    headers:
      cache-control:
      - no-cache
      content-length:
      - '297'
      content-type:
      - application/json; charset=utf-8
      date:
      - Mon, 06 Jul 2020 10:59:16 GMT
      expires:
      - '-1'
      pragma:
      - no-cache
      strict-transport-security:
      - max-age=31536000; includeSubDomains
      x-content-type-options:
      - nosniff
      x-ms-failure-cause:
      - gateway
    status:
      code: 404
      message: Not Found
- request:
    body: null
    headers:
      Accept:
      - application/json
      Accept-Encoding:
      - gzip, deflate
      Connection:
      - keep-alive
      User-Agent:
      - python/3.7.5 (Windows-10-10.0.18362-SP0) msrest/0.6.9 msrest_azure/0.6.3 azure-graphrbac/0.60.0
        Azure-SDK-For-Python
      accept-language:
      - en-US
    method: GET
    uri: https://graph.windows.net/00000000-0000-0000-0000-000000000000/me?api-version=1.6
  response:
    body:
      string: '{"odata.metadata":"https://graph.windows.net/00000000-0000-0000-0000-000000000000/$metadata#directoryObjects/@Element","odata.type":"Microsoft.DirectoryServices.User","objectType":"User","objectId":"9ac02ab3-5061-4ec6-a3d8-2cdaa5f29efa","deletionTimestamp":null,"accountEnabled":true,"ageGroup":null,"assignedLicenses":[],"assignedPlans":[],"city":null,"companyName":null,"consentProvidedForMinor":null,"country":null,"createdDateTime":"2019-10-21T06:37:42Z","creationType":"Invitation","department":null,"dirSyncEnabled":null,"displayName":"Bin
        Ma","employeeId":null,"facsimileTelephoneNumber":null,"givenName":null,"immutableId":null,"isCompromised":null,"jobTitle":null,"lastDirSyncTime":null,"legalAgeGroupClassification":null,"mail":"bim@microsoft.com","mailNickname":"bim_microsoft.com#EXT#","mobile":null,"onPremisesDistinguishedName":null,"onPremisesSecurityIdentifier":null,"otherMails":["bim@microsoft.com"],"passwordPolicies":null,"passwordProfile":null,"physicalDeliveryOfficeName":null,"postalCode":null,"preferredLanguage":null,"provisionedPlans":[],"provisioningErrors":[],"proxyAddresses":["SMTP:bim@microsoft.com"],"refreshTokensValidFromDateTime":"2019-10-21T06:37:41Z","showInAddressList":false,"signInNames":[],"sipProxyAddress":null,"state":null,"streetAddress":null,"surname":null,"telephoneNumber":null,"thumbnailPhoto@odata.mediaEditLink":"directoryObjects/9ac02ab3-5061-4ec6-a3d8-2cdaa5f29efa/Microsoft.DirectoryServices.User/thumbnailPhoto","usageLocation":null,"userIdentities":[],"userPrincipalName":"bim_microsoft.com#EXT#@AzureSDKTeam.onmicrosoft.com","userState":"Accepted","userStateChangedOn":"2019-10-21T06:39:35Z","userType":"Guest"}'
    headers:
      access-control-allow-origin:
      - '*'
      cache-control:
      - no-cache
      content-length:
      - '1668'
      content-type:
      - application/json; odata=minimalmetadata; streaming=true; charset=utf-8
      dataserviceversion:
      - 3.0;
      date:
      - Mon, 06 Jul 2020 10:59:16 GMT
      duration:
      - '2313978'
      expires:
      - '-1'
      ocp-aad-diagnostics-server-name:
      - Pb7OBqlMG0iehLZ/xsl293qfb7ffkc31sNWL364ZJWg=
      ocp-aad-session-key:
      - UF3RL6zhj_z-qG0pBLPAp7fe8nBGeZ_Q_Zk8rWI5yWfOVCx67rtMjmjVnXQXGJHxojsLUQU403a5N-G97msJFcQyD9_QhUlh7Sa5tlUFmAxQXkjQfyV9IoVNG8alxige.ucJvKdREbY8jCzSy2oUgZn4WUas1QrBii4z4bMtnV7s
      pragma:
      - no-cache
      request-id:
      - 4e229adc-325f-48a3-9ba6-24119b1d7e2b
      strict-transport-security:
      - max-age=31536000; includeSubDomains
      x-aad-resource-unit:
      - '1'
      x-aspnet-version:
      - 4.0.30319
      x-ms-dirapi-data-contract-version:
      - '1.6'
      x-powered-by:
      - ASP.NET
    status:
      code: 200
      message: OK
- request:
    body: '{"location": "southcentralus", "properties": {"tenantId": "54826b22-38d6-4fb2-bad9-b7b93a3e9c5a",
      "sku": {"family": "A", "name": "standard"}, "accessPolicies": [{"tenantId":
      "54826b22-38d6-4fb2-bad9-b7b93a3e9c5a", "objectId": "9ac02ab3-5061-4ec6-a3d8-2cdaa5f29efa",
      "permissions": {"keys": ["get", "create", "delete", "list", "update", "import",
      "backup", "restore", "recover"], "secrets": ["get", "list", "set", "delete",
      "backup", "restore", "recover"], "certificates": ["get", "list", "delete", "create",
      "import", "update", "managecontacts", "getissuers", "listissuers", "setissuers",
      "deleteissuers", "manageissuers", "recover"], "storage": ["get", "list", "delete",
      "set", "update", "regeneratekey", "setsas", "listsas", "getsas", "deletesas"]}}],
      "softDeleteRetentionInDays": 90, "networkAcls": {"bypass": "AzureServices",
      "defaultAction": "Allow", "ipRules": [], "virtualNetworkRules": []}}}'
    headers:
      Accept:
      - application/json
      Accept-Encoding:
      - gzip, deflate
      CommandName:
      - keyvault create
      Connection:
      - keep-alive
      Content-Length:
      - '899'
      Content-Type:
      - application/json; charset=utf-8
      ParameterSetName:
      - -n -g -o --query
      User-Agent:
      - python/3.7.5 (Windows-10-10.0.18362-SP0) msrest/0.6.9 msrest_azure/0.6.3 azure-mgmt-keyvault/2.2.0
        Azure-SDK-For-Python AZURECLI/2.8.0
      accept-language:
      - en-US
    method: PUT
    uri: https://management.azure.com/subscriptions/00000000-0000-0000-0000-000000000000/resourceGroups/clitest.rg000001/providers/Microsoft.KeyVault/vaults/clitest000003?api-version=2019-09-01
  response:
    body:
      string: '{"id":"/subscriptions/00000000-0000-0000-0000-000000000000/resourceGroups/clitest.rg000001/providers/Microsoft.KeyVault/vaults/clitest000003","name":"clitest000003","type":"Microsoft.KeyVault/vaults","location":"southcentralus","tags":{},"properties":{"sku":{"family":"A","name":"standard"},"tenantId":"54826b22-38d6-4fb2-bad9-b7b93a3e9c5a","accessPolicies":[{"tenantId":"54826b22-38d6-4fb2-bad9-b7b93a3e9c5a","objectId":"9ac02ab3-5061-4ec6-a3d8-2cdaa5f29efa","permissions":{"keys":["get","create","delete","list","update","import","backup","restore","recover"],"secrets":["get","list","set","delete","backup","restore","recover"],"certificates":["get","list","delete","create","import","update","managecontacts","getissuers","listissuers","setissuers","deleteissuers","manageissuers","recover"],"storage":["get","list","delete","set","update","regeneratekey","setsas","listsas","getsas","deletesas"]}}],"enabledForDeployment":false,"enableSoftDelete":true,"softDeleteRetentionInDays":90,"vaultUri":"https://clitest000003.vault.azure.net","provisioningState":"RegisteringDns"}}'
    headers:
      cache-control:
      - no-cache
      content-length:
      - '1169'
      content-type:
      - application/json; charset=utf-8
      date:
      - Mon, 06 Jul 2020 10:59:27 GMT
      expires:
      - '-1'
      pragma:
      - no-cache
      server:
      - Microsoft-IIS/10.0
      strict-transport-security:
      - max-age=31536000; includeSubDomains
      transfer-encoding:
      - chunked
      vary:
      - Accept-Encoding
      x-aspnet-version:
      - 4.0.30319
      x-content-type-options:
      - nosniff
      x-ms-keyvault-service-version:
      - 1.1.0.283
      x-ms-ratelimit-remaining-subscription-writes:
      - '1193'
      x-powered-by:
      - ASP.NET
    status:
      code: 200
      message: OK
- request:
    body: null
    headers:
      Accept:
      - application/json
      Accept-Encoding:
      - gzip, deflate
      CommandName:
      - keyvault create
      Connection:
      - keep-alive
      ParameterSetName:
      - -n -g -o --query
      User-Agent:
      - python/3.7.5 (Windows-10-10.0.18362-SP0) msrest/0.6.9 msrest_azure/0.6.3 azure-mgmt-keyvault/2.2.0
        Azure-SDK-For-Python AZURECLI/2.8.0
    method: GET
    uri: https://management.azure.com/subscriptions/00000000-0000-0000-0000-000000000000/resourceGroups/clitest.rg000001/providers/Microsoft.KeyVault/vaults/clitest000003?api-version=2019-09-01
  response:
    body:
      string: '{"id":"/subscriptions/00000000-0000-0000-0000-000000000000/resourceGroups/clitest.rg000001/providers/Microsoft.KeyVault/vaults/clitest000003","name":"clitest000003","type":"Microsoft.KeyVault/vaults","location":"southcentralus","tags":{},"properties":{"sku":{"family":"A","name":"standard"},"tenantId":"54826b22-38d6-4fb2-bad9-b7b93a3e9c5a","accessPolicies":[{"tenantId":"54826b22-38d6-4fb2-bad9-b7b93a3e9c5a","objectId":"9ac02ab3-5061-4ec6-a3d8-2cdaa5f29efa","permissions":{"keys":["get","create","delete","list","update","import","backup","restore","recover"],"secrets":["get","list","set","delete","backup","restore","recover"],"certificates":["get","list","delete","create","import","update","managecontacts","getissuers","listissuers","setissuers","deleteissuers","manageissuers","recover"],"storage":["get","list","delete","set","update","regeneratekey","setsas","listsas","getsas","deletesas"]}}],"enabledForDeployment":false,"enableSoftDelete":true,"softDeleteRetentionInDays":90,"vaultUri":"https://clitest000003.vault.azure.net/","provisioningState":"Succeeded"}}'
    headers:
      cache-control:
      - no-cache
      content-length:
      - '1165'
      content-type:
      - application/json; charset=utf-8
      date:
      - Mon, 06 Jul 2020 10:59:58 GMT
      expires:
      - '-1'
      pragma:
      - no-cache
      server:
      - Microsoft-IIS/10.0
      strict-transport-security:
      - max-age=31536000; includeSubDomains
      transfer-encoding:
      - chunked
      vary:
      - Accept-Encoding
      x-aspnet-version:
      - 4.0.30319
      x-content-type-options:
      - nosniff
      x-ms-keyvault-service-version:
      - 1.1.0.283
      x-powered-by:
      - ASP.NET
    status:
      code: 200
      message: OK
- request:
    body: null
    headers:
      Accept:
      - application/json
      Accept-Encoding:
      - gzip, deflate
      CommandName:
      - keyvault show
      Connection:
      - keep-alive
      ParameterSetName:
      - -n -g -o --query
      User-Agent:
      - python/3.7.5 (Windows-10-10.0.18362-SP0) msrest/0.6.9 msrest_azure/0.6.3 azure-mgmt-keyvault/2.2.0
        Azure-SDK-For-Python AZURECLI/2.8.0
      accept-language:
      - en-US
    method: GET
    uri: https://management.azure.com/subscriptions/00000000-0000-0000-0000-000000000000/resourceGroups/clitest.rg000001/providers/Microsoft.KeyVault/vaults/clitest000003?api-version=2019-09-01
  response:
    body:
      string: '{"id":"/subscriptions/00000000-0000-0000-0000-000000000000/resourceGroups/clitest.rg000001/providers/Microsoft.KeyVault/vaults/clitest000003","name":"clitest000003","type":"Microsoft.KeyVault/vaults","location":"southcentralus","tags":{},"properties":{"sku":{"family":"A","name":"standard"},"tenantId":"54826b22-38d6-4fb2-bad9-b7b93a3e9c5a","accessPolicies":[{"tenantId":"54826b22-38d6-4fb2-bad9-b7b93a3e9c5a","objectId":"9ac02ab3-5061-4ec6-a3d8-2cdaa5f29efa","permissions":{"keys":["get","create","delete","list","update","import","backup","restore","recover"],"secrets":["get","list","set","delete","backup","restore","recover"],"certificates":["get","list","delete","create","import","update","managecontacts","getissuers","listissuers","setissuers","deleteissuers","manageissuers","recover"],"storage":["get","list","delete","set","update","regeneratekey","setsas","listsas","getsas","deletesas"]}}],"enabledForDeployment":false,"enableSoftDelete":true,"softDeleteRetentionInDays":90,"vaultUri":"https://clitest000003.vault.azure.net/","provisioningState":"Succeeded"}}'
    headers:
      cache-control:
      - no-cache
      content-length:
      - '1165'
      content-type:
      - application/json; charset=utf-8
      date:
      - Mon, 06 Jul 2020 10:59:59 GMT
      expires:
      - '-1'
      pragma:
      - no-cache
      server:
      - Microsoft-IIS/10.0
      strict-transport-security:
      - max-age=31536000; includeSubDomains
      transfer-encoding:
      - chunked
      vary:
      - Accept-Encoding
      x-aspnet-version:
      - 4.0.30319
      x-content-type-options:
      - nosniff
      x-ms-keyvault-service-version:
      - 1.1.0.283
      x-powered-by:
      - ASP.NET
    status:
      code: 200
      message: OK
- request:
    body: ''
    headers:
      Accept:
      - application/json
      Accept-Encoding:
      - gzip, deflate
      Connection:
      - keep-alive
      Content-Length:
      - 0
      Content-Type:
      - application/json; charset=utf-8
      User-Agent:
      - python/3.7.5 (Windows-10-10.0.18362-SP0) msrest/0.6.9 msrest_azure/0.6.3 azure-keyvault/7.0
        Azure-SDK-For-Python
      accept-language:
      - en-US
    method: POST
    uri: https://clitest000003.vault.azure.net/keys/testkey/create?api-version=7.0
  response:
    body:
      string: '{"error":{"code":"Unauthorized","message":"Request is missing a Bearer
        or PoP token."}}'
    headers:
      cache-control:
      - no-cache
      content-length:
      - '87'
      content-type:
      - application/json; charset=utf-8
      date:
      - Mon, 06 Jul 2020 11:00:01 GMT
      expires:
      - '-1'
      pragma:
      - no-cache
      strict-transport-security:
      - max-age=31536000;includeSubDomains
      www-authenticate:
      - Bearer authorization="https://login.windows.net/54826b22-38d6-4fb2-bad9-b7b93a3e9c5a",
        resource="https://vault.azure.net"
      x-aspnet-version:
      - 4.0.30319
      x-content-type-options:
      - nosniff
      x-ms-keyvault-network-info:
      - conn_type=Ipv4;addr=167.220.255.120;act_addr_fam=InterNetwork;
      x-ms-keyvault-region:
      - southcentralus
      x-ms-keyvault-service-version:
      - 1.1.8.0
      x-powered-by:
      - ASP.NET
    status:
      code: 401
      message: Unauthorized
- request:
    body: '{"kty": "RSA", "attributes": {"enabled": true}}'
    headers:
      Accept:
      - application/json
      Accept-Encoding:
      - gzip, deflate
      Connection:
      - keep-alive
      Content-Length:
      - '47'
      Content-Type:
      - application/json; charset=utf-8
      User-Agent:
      - python/3.7.5 (Windows-10-10.0.18362-SP0) msrest/0.6.9 msrest_azure/0.6.3 azure-keyvault/7.0
        Azure-SDK-For-Python
      accept-language:
      - en-US
    method: POST
    uri: https://clitest000003.vault.azure.net/keys/testkey/create?api-version=7.0
  response:
    body:
      string: '{"key":{"kid":"https://clitest000003.vault.azure.net/keys/testkey/6d2cb3d127dd481dbf3b2b71e50faaa7","kty":"RSA","key_ops":["encrypt","decrypt","sign","verify","wrapKey","unwrapKey"],"n":"tx7lKIuJe7y-gCVexvpo1iwqR8w3pBiFvvXyP0KfIN1_MIFzSSBJm2SDVoMGyuJNniPVON3t5ZoRguMv4HA7Fdi_C1VFaNtdfUQ4B5J2bm-VsmJjb8Ej_z7ZYoSf1g3lfISJq5LI2hNBLw-l27DmeONUVtI1pMxl5vgR5bKeiyVb3hL0c2AuqBLVFBC1uB_yClg486Hvt12slpQh4DLtzuSsXlwZbSig_0gY5biLi0uI7w3CJIifHKUcRr65hzUB-ng2RbmChFxyfVqSdFU-YPcLFZ_eb7dXfgCAYiVLZj-BtHTYWAAvkAO4MItASskMdMylRJJNVBy4BGBPFHMKjw","e":"AQAB"},"attributes":{"enabled":true,"created":1594033202,"updated":1594033202,"recoveryLevel":"Recoverable+Purgeable"}}'
    headers:
      cache-control:
      - no-cache
      content-length:
      - '666'
      content-type:
      - application/json; charset=utf-8
      date:
      - Mon, 06 Jul 2020 11:00:01 GMT
      expires:
      - '-1'
      pragma:
      - no-cache
      strict-transport-security:
      - max-age=31536000;includeSubDomains
      x-aspnet-version:
      - 4.0.30319
      x-content-type-options:
      - nosniff
      x-ms-keyvault-network-info:
      - conn_type=Ipv4;addr=167.220.255.120;act_addr_fam=InterNetwork;
      x-ms-keyvault-region:
      - southcentralus
      x-ms-keyvault-service-version:
      - 1.1.8.0
      x-powered-by:
      - ASP.NET
    status:
      code: 200
      message: OK
- request:
    body: null
    headers:
      Accept:
      - application/json
      Accept-Encoding:
      - gzip, deflate
      CommandName:
      - storage account update
      Connection:
      - keep-alive
      ParameterSetName:
      - -n -g --assign-identity -o --query
      User-Agent:
      - python/3.7.5 (Windows-10-10.0.18362-SP0) msrest/0.6.9 msrest_azure/0.6.3 azure-mgmt-storage/11.1.0
        Azure-SDK-For-Python AZURECLI/2.8.0
      accept-language:
      - en-US
    method: GET
    uri: https://management.azure.com/subscriptions/00000000-0000-0000-0000-000000000000/resourceGroups/clitest.rg000001/providers/Microsoft.Storage/storageAccounts/clitest000002?api-version=2019-06-01
  response:
    body:
      string: '{"sku":{"name":"Standard_LRS","tier":"Standard"},"kind":"Storage","id":"/subscriptions/00000000-0000-0000-0000-000000000000/resourceGroups/clitest.rg000001/providers/Microsoft.Storage/storageAccounts/clitest000002","name":"clitest000002","type":"Microsoft.Storage/storageAccounts","location":"southcentralus","tags":{},"properties":{"privateEndpointConnections":[],"networkAcls":{"bypass":"AzureServices","virtualNetworkRules":[],"ipRules":[],"defaultAction":"Allow"},"supportsHttpsTrafficOnly":true,"encryption":{"services":{"file":{"keyType":"Account","enabled":true,"lastEnabledTime":"2020-07-06T10:58:56.1129868Z"},"blob":{"keyType":"Account","enabled":true,"lastEnabledTime":"2020-07-06T10:58:56.1129868Z"}},"keySource":"Microsoft.Storage"},"provisioningState":"Succeeded","creationTime":"2020-07-06T10:58:56.0348585Z","primaryEndpoints":{"blob":"https://clitest000002.blob.core.windows.net/","queue":"https://clitest000002.queue.core.windows.net/","table":"https://clitest000002.table.core.windows.net/","file":"https://clitest000002.file.core.windows.net/"},"primaryLocation":"southcentralus","statusOfPrimary":"available"}}'
    headers:
      cache-control:
      - no-cache
      content-length:
      - '1256'
      content-type:
      - application/json
      date:
      - Mon, 06 Jul 2020 11:00:02 GMT
      expires:
      - '-1'
      pragma:
      - no-cache
      server:
      - Microsoft-Azure-Storage-Resource-Provider/1.0,Microsoft-HTTPAPI/2.0 Microsoft-HTTPAPI/2.0
      strict-transport-security:
      - max-age=31536000; includeSubDomains
      transfer-encoding:
      - chunked
      vary:
      - Accept-Encoding
      x-content-type-options:
      - nosniff
    status:
      code: 200
      message: OK
- request:
    body: '{"sku": {"name": "Standard_LRS", "tier": "Standard"}, "tags": {}, "identity":
      {"type": "SystemAssigned"}, "properties": {"encryption": {"services": {"blob":
      {"enabled": true, "keyType": "Account"}, "file": {"enabled": true, "keyType":
      "Account"}}, "keySource": "Microsoft.Storage"}, "supportsHttpsTrafficOnly":
      true, "networkAcls": {"bypass": "AzureServices", "virtualNetworkRules": [],
      "ipRules": [], "defaultAction": "Allow"}}}'
    headers:
      Accept:
      - application/json
      Accept-Encoding:
      - gzip, deflate
      CommandName:
      - storage account update
      Connection:
      - keep-alive
      Content-Length:
      - '429'
      Content-Type:
      - application/json; charset=utf-8
      ParameterSetName:
      - -n -g --assign-identity -o --query
      User-Agent:
      - python/3.7.5 (Windows-10-10.0.18362-SP0) msrest/0.6.9 msrest_azure/0.6.3 azure-mgmt-storage/11.1.0
        Azure-SDK-For-Python AZURECLI/2.8.0
      accept-language:
      - en-US
    method: PATCH
    uri: https://management.azure.com/subscriptions/00000000-0000-0000-0000-000000000000/resourceGroups/clitest.rg000001/providers/Microsoft.Storage/storageAccounts/clitest000002?api-version=2019-06-01
  response:
    body:
      string: '{"identity":{"principalId":"f772e89f-8cd3-41be-8979-61ac749a98d5","tenantId":"54826b22-38d6-4fb2-bad9-b7b93a3e9c5a","type":"SystemAssigned"},"sku":{"name":"Standard_LRS","tier":"Standard"},"kind":"Storage","id":"/subscriptions/00000000-0000-0000-0000-000000000000/resourceGroups/clitest.rg000001/providers/Microsoft.Storage/storageAccounts/clitest000002","name":"clitest000002","type":"Microsoft.Storage/storageAccounts","location":"southcentralus","tags":{},"properties":{"privateEndpointConnections":[],"networkAcls":{"bypass":"AzureServices","virtualNetworkRules":[],"ipRules":[],"defaultAction":"Allow"},"supportsHttpsTrafficOnly":true,"encryption":{"services":{"file":{"keyType":"Account","enabled":true,"lastEnabledTime":"2020-07-06T10:58:56.1129868Z"},"blob":{"keyType":"Account","enabled":true,"lastEnabledTime":"2020-07-06T10:58:56.1129868Z"}},"keySource":"Microsoft.Storage"},"provisioningState":"Succeeded","creationTime":"2020-07-06T10:58:56.0348585Z","primaryEndpoints":{"blob":"https://clitest000002.blob.core.windows.net/","queue":"https://clitest000002.queue.core.windows.net/","table":"https://clitest000002.table.core.windows.net/","file":"https://clitest000002.file.core.windows.net/"},"primaryLocation":"southcentralus","statusOfPrimary":"available"}}'
    headers:
      cache-control:
      - no-cache
      content-length:
      - '1396'
      content-type:
      - application/json
      date:
      - Mon, 06 Jul 2020 11:00:10 GMT
      expires:
      - '-1'
      pragma:
      - no-cache
      server:
      - Microsoft-Azure-Storage-Resource-Provider/1.0,Microsoft-HTTPAPI/2.0 Microsoft-HTTPAPI/2.0
      strict-transport-security:
      - max-age=31536000; includeSubDomains
      transfer-encoding:
      - chunked
      vary:
      - Accept-Encoding
      x-content-type-options:
      - nosniff
      x-ms-ratelimit-remaining-subscription-writes:
      - '1196'
    status:
      code: 200
      message: OK
- request:
    body: null
    headers:
      Accept:
      - application/json
      Accept-Encoding:
      - gzip, deflate
      CommandName:
      - keyvault set-policy
      Connection:
      - keep-alive
      ParameterSetName:
      - -n --object-id -g --key-permissions
      User-Agent:
      - python/3.7.5 (Windows-10-10.0.18362-SP0) msrest/0.6.9 msrest_azure/0.6.3 azure-mgmt-keyvault/2.2.0
        Azure-SDK-For-Python AZURECLI/2.8.0
      accept-language:
      - en-US
    method: GET
    uri: https://management.azure.com/subscriptions/00000000-0000-0000-0000-000000000000/resourceGroups/clitest.rg000001/providers/Microsoft.KeyVault/vaults/clitest000003?api-version=2019-09-01
  response:
    body:
      string: '{"id":"/subscriptions/00000000-0000-0000-0000-000000000000/resourceGroups/clitest.rg000001/providers/Microsoft.KeyVault/vaults/clitest000003","name":"clitest000003","type":"Microsoft.KeyVault/vaults","location":"southcentralus","tags":{},"properties":{"sku":{"family":"A","name":"standard"},"tenantId":"54826b22-38d6-4fb2-bad9-b7b93a3e9c5a","accessPolicies":[{"tenantId":"54826b22-38d6-4fb2-bad9-b7b93a3e9c5a","objectId":"9ac02ab3-5061-4ec6-a3d8-2cdaa5f29efa","permissions":{"keys":["get","create","delete","list","update","import","backup","restore","recover"],"secrets":["get","list","set","delete","backup","restore","recover"],"certificates":["get","list","delete","create","import","update","managecontacts","getissuers","listissuers","setissuers","deleteissuers","manageissuers","recover"],"storage":["get","list","delete","set","update","regeneratekey","setsas","listsas","getsas","deletesas"]}}],"enabledForDeployment":false,"enableSoftDelete":true,"softDeleteRetentionInDays":90,"vaultUri":"https://clitest000003.vault.azure.net/","provisioningState":"Succeeded"}}'
    headers:
      cache-control:
      - no-cache
      content-length:
      - '1165'
      content-type:
      - application/json; charset=utf-8
      date:
      - Mon, 06 Jul 2020 11:00:12 GMT
      expires:
      - '-1'
      pragma:
      - no-cache
      server:
      - Microsoft-IIS/10.0
      strict-transport-security:
      - max-age=31536000; includeSubDomains
      transfer-encoding:
      - chunked
      vary:
      - Accept-Encoding
      x-aspnet-version:
      - 4.0.30319
      x-content-type-options:
      - nosniff
      x-ms-keyvault-service-version:
      - 1.1.0.283
      x-powered-by:
      - ASP.NET
    status:
      code: 200
      message: OK
- request:
    body: '{"location": "southcentralus", "tags": {}, "properties": {"tenantId": "54826b22-38d6-4fb2-bad9-b7b93a3e9c5a",
      "sku": {"family": "A", "name": "standard"}, "accessPolicies": [{"tenantId":
      "54826b22-38d6-4fb2-bad9-b7b93a3e9c5a", "objectId": "9ac02ab3-5061-4ec6-a3d8-2cdaa5f29efa",
      "permissions": {"keys": ["get", "create", "delete", "list", "update", "import",
      "backup", "restore", "recover"], "secrets": ["get", "list", "set", "delete",
      "backup", "restore", "recover"], "certificates": ["get", "list", "delete", "create",
      "import", "update", "managecontacts", "getissuers", "listissuers", "setissuers",
      "deleteissuers", "manageissuers", "recover"], "storage": ["get", "list", "delete",
      "set", "update", "regeneratekey", "setsas", "listsas", "getsas", "deletesas"]}},
      {"tenantId": "54826b22-38d6-4fb2-bad9-b7b93a3e9c5a", "objectId": "f772e89f-8cd3-41be-8979-61ac749a98d5",
      "permissions": {"keys": ["wrapKey", "recover", "get", "unwrapKey"]}}], "vaultUri":
      "https://clitest000003.vault.azure.net/", "enabledForDeployment": false, "enableSoftDelete":
      true, "softDeleteRetentionInDays": 90}}'
    headers:
      Accept:
      - application/json
      Accept-Encoding:
      - gzip, deflate
      CommandName:
      - keyvault set-policy
      Connection:
      - keep-alive
      Content-Length:
      - '1096'
      Content-Type:
      - application/json; charset=utf-8
      ParameterSetName:
      - -n --object-id -g --key-permissions
      User-Agent:
      - python/3.7.5 (Windows-10-10.0.18362-SP0) msrest/0.6.9 msrest_azure/0.6.3 azure-mgmt-keyvault/2.2.0
        Azure-SDK-For-Python AZURECLI/2.8.0
      accept-language:
      - en-US
    method: PUT
    uri: https://management.azure.com/subscriptions/00000000-0000-0000-0000-000000000000/resourceGroups/clitest.rg000001/providers/Microsoft.KeyVault/vaults/clitest000003?api-version=2019-09-01
  response:
    body:
      string: '{"id":"/subscriptions/00000000-0000-0000-0000-000000000000/resourceGroups/clitest.rg000001/providers/Microsoft.KeyVault/vaults/clitest000003","name":"clitest000003","type":"Microsoft.KeyVault/vaults","location":"southcentralus","tags":{},"properties":{"sku":{"family":"A","name":"standard"},"tenantId":"54826b22-38d6-4fb2-bad9-b7b93a3e9c5a","accessPolicies":[{"tenantId":"54826b22-38d6-4fb2-bad9-b7b93a3e9c5a","objectId":"9ac02ab3-5061-4ec6-a3d8-2cdaa5f29efa","permissions":{"keys":["get","create","delete","list","update","import","backup","restore","recover"],"secrets":["get","list","set","delete","backup","restore","recover"],"certificates":["get","list","delete","create","import","update","managecontacts","getissuers","listissuers","setissuers","deleteissuers","manageissuers","recover"],"storage":["get","list","delete","set","update","regeneratekey","setsas","listsas","getsas","deletesas"]}},{"tenantId":"54826b22-38d6-4fb2-bad9-b7b93a3e9c5a","objectId":"f772e89f-8cd3-41be-8979-61ac749a98d5","permissions":{"keys":["wrapKey","recover","get","unwrapKey"]}}],"enabledForDeployment":false,"enableSoftDelete":true,"softDeleteRetentionInDays":90,"vaultUri":"https://clitest000003.vault.azure.net/","provisioningState":"Succeeded"}}'
    headers:
      cache-control:
      - no-cache
      content-length:
      - '1330'
      content-type:
      - application/json; charset=utf-8
      date:
      - Mon, 06 Jul 2020 11:00:12 GMT
      expires:
      - '-1'
      pragma:
      - no-cache
      server:
      - Microsoft-IIS/10.0
      strict-transport-security:
      - max-age=31536000; includeSubDomains
      transfer-encoding:
      - chunked
      vary:
      - Accept-Encoding
      x-aspnet-version:
      - 4.0.30319
      x-content-type-options:
      - nosniff
      x-ms-keyvault-service-version:
      - 1.1.0.283
      x-ms-ratelimit-remaining-subscription-writes:
      - '1194'
      x-powered-by:
      - ASP.NET
    status:
      code: 200
      message: OK
- request:
    body: null
    headers:
      Accept:
      - application/json
      Accept-Encoding:
      - gzip, deflate
      CommandName:
      - keyvault update
      Connection:
      - keep-alive
      ParameterSetName:
      - -n -g --set
      User-Agent:
      - python/3.7.5 (Windows-10-10.0.18362-SP0) msrest/0.6.9 msrest_azure/0.6.3 azure-mgmt-keyvault/2.2.0
        Azure-SDK-For-Python AZURECLI/2.8.0
      accept-language:
      - en-US
    method: GET
    uri: https://management.azure.com/subscriptions/00000000-0000-0000-0000-000000000000/resourceGroups/clitest.rg000001/providers/Microsoft.KeyVault/vaults/clitest000003?api-version=2019-09-01
  response:
    body:
      string: '{"id":"/subscriptions/00000000-0000-0000-0000-000000000000/resourceGroups/clitest.rg000001/providers/Microsoft.KeyVault/vaults/clitest000003","name":"clitest000003","type":"Microsoft.KeyVault/vaults","location":"southcentralus","tags":{},"properties":{"sku":{"family":"A","name":"standard"},"tenantId":"54826b22-38d6-4fb2-bad9-b7b93a3e9c5a","accessPolicies":[{"tenantId":"54826b22-38d6-4fb2-bad9-b7b93a3e9c5a","objectId":"9ac02ab3-5061-4ec6-a3d8-2cdaa5f29efa","permissions":{"keys":["get","create","delete","list","update","import","backup","restore","recover"],"secrets":["get","list","set","delete","backup","restore","recover"],"certificates":["get","list","delete","create","import","update","managecontacts","getissuers","listissuers","setissuers","deleteissuers","manageissuers","recover"],"storage":["get","list","delete","set","update","regeneratekey","setsas","listsas","getsas","deletesas"]}},{"tenantId":"54826b22-38d6-4fb2-bad9-b7b93a3e9c5a","objectId":"f772e89f-8cd3-41be-8979-61ac749a98d5","permissions":{"keys":["wrapKey","recover","get","unwrapKey"]}}],"enabledForDeployment":false,"enableSoftDelete":true,"softDeleteRetentionInDays":90,"vaultUri":"https://clitest000003.vault.azure.net/","provisioningState":"Succeeded"}}'
    headers:
      cache-control:
      - no-cache
      content-length:
      - '1330'
      content-type:
      - application/json; charset=utf-8
      date:
      - Mon, 06 Jul 2020 11:00:15 GMT
      expires:
      - '-1'
      pragma:
      - no-cache
      server:
      - Microsoft-IIS/10.0
      strict-transport-security:
      - max-age=31536000; includeSubDomains
      transfer-encoding:
      - chunked
      vary:
      - Accept-Encoding
      x-aspnet-version:
      - 4.0.30319
      x-content-type-options:
      - nosniff
      x-ms-keyvault-service-version:
      - 1.1.0.283
      x-powered-by:
      - ASP.NET
    status:
      code: 200
      message: OK
- request:
    body: '{"location": "southcentralus", "properties": {"tenantId": "54826b22-38d6-4fb2-bad9-b7b93a3e9c5a",
      "sku": {"family": "A", "name": "standard"}, "accessPolicies": [{"tenantId":
      "54826b22-38d6-4fb2-bad9-b7b93a3e9c5a", "objectId": "9ac02ab3-5061-4ec6-a3d8-2cdaa5f29efa",
      "permissions": {"keys": ["get", "create", "delete", "list", "update", "import",
      "backup", "restore", "recover"], "secrets": ["get", "list", "set", "delete",
      "backup", "restore", "recover"], "certificates": ["get", "list", "delete", "create",
      "import", "update", "managecontacts", "getissuers", "listissuers", "setissuers",
      "deleteissuers", "manageissuers", "recover"], "storage": ["get", "list", "delete",
      "set", "update", "regeneratekey", "setsas", "listsas", "getsas", "deletesas"]}},
      {"tenantId": "54826b22-38d6-4fb2-bad9-b7b93a3e9c5a", "objectId": "f772e89f-8cd3-41be-8979-61ac749a98d5",
      "permissions": {"keys": ["wrapKey", "recover", "get", "unwrapKey"]}}], "vaultUri":
      "https://clitest000003.vault.azure.net/", "enabledForDeployment": false, "enableSoftDelete":
      true, "softDeleteRetentionInDays": 90}}'
    headers:
      Accept:
      - application/json
      Accept-Encoding:
      - gzip, deflate
      CommandName:
      - keyvault update
      Connection:
      - keep-alive
      Content-Length:
      - '1084'
      Content-Type:
      - application/json; charset=utf-8
      ParameterSetName:
      - -n -g --set
      User-Agent:
      - python/3.7.5 (Windows-10-10.0.18362-SP0) msrest/0.6.9 msrest_azure/0.6.3 azure-mgmt-keyvault/2.2.0
        Azure-SDK-For-Python AZURECLI/2.8.0
      accept-language:
      - en-US
    method: PUT
    uri: https://management.azure.com/subscriptions/00000000-0000-0000-0000-000000000000/resourceGroups/clitest.rg000001/providers/Microsoft.KeyVault/vaults/clitest000003?api-version=2019-09-01
  response:
    body:
      string: '{"id":"/subscriptions/00000000-0000-0000-0000-000000000000/resourceGroups/clitest.rg000001/providers/Microsoft.KeyVault/vaults/clitest000003","name":"clitest000003","type":"Microsoft.KeyVault/vaults","location":"southcentralus","tags":{},"properties":{"sku":{"family":"A","name":"standard"},"tenantId":"54826b22-38d6-4fb2-bad9-b7b93a3e9c5a","accessPolicies":[{"tenantId":"54826b22-38d6-4fb2-bad9-b7b93a3e9c5a","objectId":"9ac02ab3-5061-4ec6-a3d8-2cdaa5f29efa","permissions":{"keys":["get","create","delete","list","update","import","backup","restore","recover"],"secrets":["get","list","set","delete","backup","restore","recover"],"certificates":["get","list","delete","create","import","update","managecontacts","getissuers","listissuers","setissuers","deleteissuers","manageissuers","recover"],"storage":["get","list","delete","set","update","regeneratekey","setsas","listsas","getsas","deletesas"]}},{"tenantId":"54826b22-38d6-4fb2-bad9-b7b93a3e9c5a","objectId":"f772e89f-8cd3-41be-8979-61ac749a98d5","permissions":{"keys":["wrapKey","recover","get","unwrapKey"]}}],"enabledForDeployment":false,"enableSoftDelete":true,"softDeleteRetentionInDays":90,"vaultUri":"https://clitest000003.vault.azure.net/","provisioningState":"Succeeded"}}'
    headers:
      cache-control:
      - no-cache
      content-length:
      - '1330'
      content-type:
      - application/json; charset=utf-8
      date:
      - Mon, 06 Jul 2020 11:00:15 GMT
      expires:
      - '-1'
      pragma:
      - no-cache
      server:
      - Microsoft-IIS/10.0
      strict-transport-security:
      - max-age=31536000; includeSubDomains
      transfer-encoding:
      - chunked
      vary:
      - Accept-Encoding
      x-aspnet-version:
      - 4.0.30319
      x-content-type-options:
      - nosniff
      x-ms-keyvault-service-version:
      - 1.1.0.283
      x-ms-ratelimit-remaining-subscription-writes:
      - '1192'
      x-powered-by:
      - ASP.NET
    status:
      code: 200
      message: OK
- request:
    body: null
    headers:
      Accept:
      - application/json
      Accept-Encoding:
      - gzip, deflate
      CommandName:
      - resource update
      Connection:
      - keep-alive
      ParameterSetName:
      - --id --set
      User-Agent:
      - python/3.7.5 (Windows-10-10.0.18362-SP0) msrest/0.6.9 msrest_azure/0.6.3 azure-mgmt-resource/10.0.0
        Azure-SDK-For-Python AZURECLI/2.8.0
      accept-language:
      - en-US
    method: GET
    uri: https://management.azure.com/subscriptions/00000000-0000-0000-0000-000000000000/providers/Microsoft.KeyVault?api-version=2019-07-01
  response:
    body:
      string: '{"id":"/subscriptions/00000000-0000-0000-0000-000000000000/providers/Microsoft.KeyVault","namespace":"Microsoft.KeyVault","authorizations":[{"applicationId":"cfa8b339-82a2-471a-a3c9-0fc0be7a4093","roleDefinitionId":"1cf9858a-28a2-4228-abba-94e606305b95"},{"applicationId":"589d5083-6f11-4d30-a62a-a4b316a14abf"}],"resourceTypes":[{"resourceType":"vaults","locations":["North
        Central US","East US","North Europe","West Europe","East Asia","Southeast
        Asia","East US 2","Central US","South Central US","West US","Japan East","Japan
        West","Australia East","Australia Southeast","Brazil South","Central India","South
        India","West India","Canada Central","Canada East","UK South","UK West","West
        Central US","West US 2","Korea Central","Korea South","France Central","Australia
        Central","UAE North","South Africa North","Switzerland North","Germany West
        Central","Norway East","East US 2 EUAP","Central US EUAP"],"apiVersions":["2019-09-01","2018-02-14-preview","2018-02-14","2016-10-01","2015-06-01"],"defaultApiVersion":"2019-09-01","apiProfiles":[{"profileVersion":"2019-03-01-hybrid","apiVersion":"2016-10-01"},{"profileVersion":"2018-03-01-hybrid","apiVersion":"2016-10-01"},{"profileVersion":"2018-06-01-profile","apiVersion":"2016-10-01"}],"capabilities":"CrossResourceGroupResourceMove,
        CrossSubscriptionResourceMove, SupportsTags, SupportsLocation"},{"resourceType":"vaults/secrets","locations":["North
        Central US","East US","North Europe","West Europe","East Asia","Southeast
        Asia","East US 2","Central US","South Central US","West US","Japan East","Japan
        West","Australia East","Australia Southeast","Brazil South","Central India","South
        India","West India","Canada Central","Canada East","UK South","UK West","West
        Central US","West US 2","Korea Central","Korea South","France Central","Australia
        Central","UAE North","South Africa North","Switzerland North","Germany West
        Central","Norway East","East US 2 EUAP","Central US EUAP"],"apiVersions":["2019-09-01","2018-02-14-preview","2018-02-14","2016-10-01","2015-06-01"],"defaultApiVersion":"2019-09-01","apiProfiles":[{"profileVersion":"2019-03-01-hybrid","apiVersion":"2016-10-01"},{"profileVersion":"2018-03-01-hybrid","apiVersion":"2016-10-01"},{"profileVersion":"2018-06-01-profile","apiVersion":"2016-10-01"}],"capabilities":"None"},{"resourceType":"vaults/accessPolicies","locations":["North
        Central US","East US","North Europe","West Europe","East Asia","Southeast
        Asia","East US 2","Central US","South Central US","West US","Japan East","Japan
        West","Australia East","Australia Southeast","Brazil South","Central India","South
        India","West India","Canada Central","Canada East","UK South","UK West","West
        Central US","West US 2","Korea Central","Korea South","France Central","Australia
        Central","UAE North","South Africa North","Switzerland North","Germany West
        Central","Norway East","East US 2 EUAP","Central US EUAP"],"apiVersions":["2019-09-01","2018-02-14-preview","2018-02-14","2016-10-01","2015-06-01"],"defaultApiVersion":"2019-09-01","apiProfiles":[{"profileVersion":"2019-03-01-hybrid","apiVersion":"2016-10-01"},{"profileVersion":"2018-03-01-hybrid","apiVersion":"2016-10-01"},{"profileVersion":"2018-06-01-profile","apiVersion":"2016-10-01"}],"capabilities":"None"},{"resourceType":"operations","locations":[],"apiVersions":["2019-09-01","2018-02-14-preview","2018-02-14","2016-10-01","2015-06-01","2014-12-19-preview"],"defaultApiVersion":"2019-09-01","apiProfiles":[{"profileVersion":"2019-03-01-hybrid","apiVersion":"2016-10-01"},{"profileVersion":"2018-03-01-hybrid","apiVersion":"2016-10-01"},{"profileVersion":"2018-06-01-profile","apiVersion":"2016-10-01"}],"capabilities":"None"},{"resourceType":"checkNameAvailability","locations":[],"apiVersions":["2019-09-01","2018-02-14-preview","2018-02-14","2016-10-01","2015-06-01"],"defaultApiVersion":"2019-09-01","apiProfiles":[{"profileVersion":"2018-06-01-profile","apiVersion":"2016-10-01"}],"capabilities":"None"},{"resourceType":"deletedVaults","locations":["North
        Central US","East US","North Europe","West Europe","East Asia","Southeast
        Asia","East US 2","Central US","South Central US","West US","Japan East","Japan
        West","Australia East","Australia Southeast","Brazil South","Central India","South
        India","West India","Canada Central","Canada East","UK South","UK West","West
        Central US","West US 2","Korea Central","Korea South","France Central","Australia
        Central","UAE North","South Africa North","Switzerland North","Germany West
        Central","Norway East","East US 2 EUAP","Central US EUAP"],"apiVersions":["2019-09-01","2018-02-14-preview","2018-02-14","2016-10-01"],"defaultApiVersion":"2019-09-01","apiProfiles":[{"profileVersion":"2018-06-01-profile","apiVersion":"2016-10-01"}],"capabilities":"None"},{"resourceType":"locations","locations":[],"apiVersions":["2019-09-01","2018-02-14-preview","2018-02-14","2016-10-01"],"defaultApiVersion":"2019-09-01","apiProfiles":[{"profileVersion":"2018-06-01-profile","apiVersion":"2016-10-01"}],"capabilities":"None"},{"resourceType":"locations/deletedVaults","locations":["North
        Central US","East US","North Europe","West Europe","East Asia","Southeast
        Asia","East US 2","Central US","South Central US","West US","Japan East","Japan
        West","Australia East","Australia Southeast","Brazil South","Central India","South
        India","West India","Canada Central","Canada East","UK South","UK West","West
        Central US","West US 2","Korea Central","Korea South","France Central","Australia
        Central","UAE North","South Africa North","Switzerland North","Germany West
        Central","Norway East","East US 2 EUAP","Central US EUAP"],"apiVersions":["2019-09-01","2018-02-14-preview","2018-02-14","2016-10-01"],"defaultApiVersion":"2019-09-01","apiProfiles":[{"profileVersion":"2018-06-01-profile","apiVersion":"2016-10-01"}],"capabilities":"None"},{"resourceType":"locations/deleteVirtualNetworkOrSubnets","locations":["East
        US","North Central US","West Europe","North Europe","East Asia","Southeast
        Asia","East US 2","Central US","South Central US","West Central US","West
        US 2","West US","Japan East","Japan West","Australia East","Australia Southeast","Australia
        Central","Brazil South","Central India","South India","West India","Canada
        Central","Canada East","UK South","UK West","Korea Central","Korea South","France
        Central","UAE North","South Africa North","Switzerland North","Germany West
        Central","Norway East","Central US EUAP","East US 2 EUAP"],"apiVersions":["2019-09-01","2018-02-14-preview","2018-02-14","2016-10-01"],"defaultApiVersion":"2019-09-01","capabilities":"None"},{"resourceType":"locations/operationResults","locations":["North
        Central US","East US","North Europe","West Europe","East Asia","Southeast
        Asia","East US 2","Central US","South Central US","West US","Japan East","Japan
        West","Australia East","Australia Southeast","Brazil South","Central India","South
        India","West India","Canada Central","Canada East","UK South","UK West","West
        Central US","West US 2","Korea Central","Korea South","France Central","Australia
        Central","UAE North","South Africa North","Switzerland North","Germany West
        Central","Norway East","East US 2 EUAP","Central US EUAP"],"apiVersions":["2019-09-01","2018-02-14-preview","2018-02-14","2016-10-01"],"defaultApiVersion":"2019-09-01","apiProfiles":[{"profileVersion":"2018-06-01-profile","apiVersion":"2016-10-01"}],"capabilities":"None"},{"resourceType":"vaults/eventGridFilters","locations":["North
        Central US","East US","North Europe","West Europe","East Asia","Southeast
        Asia","East US 2","Central US","South Central US","West US","Japan East","Japan
        West","Australia East","Australia Southeast","Brazil South","Central India","South
        India","West India","Canada Central","Canada East","UK South","UK West","West
        Central US","West US 2","Korea Central","Korea South","France Central","Australia
        Central","UAE North","South Africa North","Switzerland North","Germany West
        Central","Norway East","East US 2 EUAP","Central US EUAP"],"apiVersions":["2019-09-01","2018-02-14-preview","2018-02-14"],"defaultApiVersion":"2019-09-01","capabilities":"None"},{"resourceType":"managedHSMs","locations":["Central
        US EUAP"],"apiVersions":["2020-04-01-preview"],"defaultApiVersion":"2020-04-01-preview","capabilities":"CrossResourceGroupResourceMove,
        CrossSubscriptionResourceMove, SupportsTags, SupportsLocation"}],"registrationState":"Registered","registrationPolicy":"RegistrationRequired"}'
    headers:
      cache-control:
      - no-cache
      content-length:
      - '8407'
      content-type:
      - application/json; charset=utf-8
      date:
      - Mon, 06 Jul 2020 11:00:16 GMT
      expires:
      - '-1'
      pragma:
      - no-cache
      strict-transport-security:
      - max-age=31536000; includeSubDomains
      vary:
      - Accept-Encoding
      x-content-type-options:
      - nosniff
    status:
      code: 200
      message: OK
- request:
    body: null
    headers:
      Accept:
      - application/json
      Accept-Encoding:
      - gzip, deflate
      CommandName:
      - resource update
      Connection:
      - keep-alive
      ParameterSetName:
      - --id --set
      User-Agent:
      - python/3.7.5 (Windows-10-10.0.18362-SP0) msrest/0.6.9 msrest_azure/0.6.3 azure-mgmt-resource/10.0.0
        Azure-SDK-For-Python AZURECLI/2.8.0
      accept-language:
      - en-US
    method: GET
    uri: https://management.azure.com/subscriptions/00000000-0000-0000-0000-000000000000/resourceGroups/clitest.rg000001/providers/Microsoft.KeyVault/vaults/clitest000003?api-version=2019-09-01
  response:
    body:
      string: '{"id":"/subscriptions/00000000-0000-0000-0000-000000000000/resourceGroups/clitest.rg000001/providers/Microsoft.KeyVault/vaults/clitest000003","name":"clitest000003","type":"Microsoft.KeyVault/vaults","location":"southcentralus","tags":{},"properties":{"sku":{"family":"A","name":"standard"},"tenantId":"54826b22-38d6-4fb2-bad9-b7b93a3e9c5a","accessPolicies":[{"tenantId":"54826b22-38d6-4fb2-bad9-b7b93a3e9c5a","objectId":"9ac02ab3-5061-4ec6-a3d8-2cdaa5f29efa","permissions":{"keys":["get","create","delete","list","update","import","backup","restore","recover"],"secrets":["get","list","set","delete","backup","restore","recover"],"certificates":["get","list","delete","create","import","update","managecontacts","getissuers","listissuers","setissuers","deleteissuers","manageissuers","recover"],"storage":["get","list","delete","set","update","regeneratekey","setsas","listsas","getsas","deletesas"]}},{"tenantId":"54826b22-38d6-4fb2-bad9-b7b93a3e9c5a","objectId":"f772e89f-8cd3-41be-8979-61ac749a98d5","permissions":{"keys":["wrapKey","recover","get","unwrapKey"]}}],"enabledForDeployment":false,"enableSoftDelete":true,"softDeleteRetentionInDays":90,"vaultUri":"https://clitest000003.vault.azure.net/","provisioningState":"Succeeded"}}'
    headers:
      cache-control:
      - no-cache
      content-length:
      - '1330'
      content-type:
      - application/json; charset=utf-8
      date:
      - Mon, 06 Jul 2020 11:00:16 GMT
      expires:
      - '-1'
      pragma:
      - no-cache
      server:
      - Microsoft-IIS/10.0
      strict-transport-security:
      - max-age=31536000; includeSubDomains
      transfer-encoding:
      - chunked
      vary:
      - Accept-Encoding
      x-aspnet-version:
      - 4.0.30319
      x-content-type-options:
      - nosniff
      x-ms-keyvault-service-version:
      - 1.1.0.283
      x-powered-by:
      - ASP.NET
    status:
      code: 200
      message: OK
- request:
    body: null
    headers:
      Accept:
      - application/json
      Accept-Encoding:
      - gzip, deflate
      CommandName:
      - resource update
      Connection:
      - keep-alive
      ParameterSetName:
      - --id --set
      User-Agent:
      - python/3.7.5 (Windows-10-10.0.18362-SP0) msrest/0.6.9 msrest_azure/0.6.3 azure-mgmt-resource/10.0.0
        Azure-SDK-For-Python AZURECLI/2.8.0
      accept-language:
      - en-US
    method: GET
    uri: https://management.azure.com/subscriptions/00000000-0000-0000-0000-000000000000/providers/Microsoft.KeyVault?api-version=2019-07-01
  response:
    body:
      string: '{"id":"/subscriptions/00000000-0000-0000-0000-000000000000/providers/Microsoft.KeyVault","namespace":"Microsoft.KeyVault","authorizations":[{"applicationId":"cfa8b339-82a2-471a-a3c9-0fc0be7a4093","roleDefinitionId":"1cf9858a-28a2-4228-abba-94e606305b95"},{"applicationId":"589d5083-6f11-4d30-a62a-a4b316a14abf"}],"resourceTypes":[{"resourceType":"vaults","locations":["North
        Central US","East US","North Europe","West Europe","East Asia","Southeast
        Asia","East US 2","Central US","South Central US","West US","Japan East","Japan
        West","Australia East","Australia Southeast","Brazil South","Central India","South
        India","West India","Canada Central","Canada East","UK South","UK West","West
        Central US","West US 2","Korea Central","Korea South","France Central","Australia
        Central","UAE North","South Africa North","Switzerland North","Germany West
        Central","Norway East","East US 2 EUAP","Central US EUAP"],"apiVersions":["2019-09-01","2018-02-14-preview","2018-02-14","2016-10-01","2015-06-01"],"defaultApiVersion":"2019-09-01","apiProfiles":[{"profileVersion":"2019-03-01-hybrid","apiVersion":"2016-10-01"},{"profileVersion":"2018-03-01-hybrid","apiVersion":"2016-10-01"},{"profileVersion":"2018-06-01-profile","apiVersion":"2016-10-01"}],"capabilities":"CrossResourceGroupResourceMove,
        CrossSubscriptionResourceMove, SupportsTags, SupportsLocation"},{"resourceType":"vaults/secrets","locations":["North
        Central US","East US","North Europe","West Europe","East Asia","Southeast
        Asia","East US 2","Central US","South Central US","West US","Japan East","Japan
        West","Australia East","Australia Southeast","Brazil South","Central India","South
        India","West India","Canada Central","Canada East","UK South","UK West","West
        Central US","West US 2","Korea Central","Korea South","France Central","Australia
        Central","UAE North","South Africa North","Switzerland North","Germany West
        Central","Norway East","East US 2 EUAP","Central US EUAP"],"apiVersions":["2019-09-01","2018-02-14-preview","2018-02-14","2016-10-01","2015-06-01"],"defaultApiVersion":"2019-09-01","apiProfiles":[{"profileVersion":"2019-03-01-hybrid","apiVersion":"2016-10-01"},{"profileVersion":"2018-03-01-hybrid","apiVersion":"2016-10-01"},{"profileVersion":"2018-06-01-profile","apiVersion":"2016-10-01"}],"capabilities":"None"},{"resourceType":"vaults/accessPolicies","locations":["North
        Central US","East US","North Europe","West Europe","East Asia","Southeast
        Asia","East US 2","Central US","South Central US","West US","Japan East","Japan
        West","Australia East","Australia Southeast","Brazil South","Central India","South
        India","West India","Canada Central","Canada East","UK South","UK West","West
        Central US","West US 2","Korea Central","Korea South","France Central","Australia
        Central","UAE North","South Africa North","Switzerland North","Germany West
        Central","Norway East","East US 2 EUAP","Central US EUAP"],"apiVersions":["2019-09-01","2018-02-14-preview","2018-02-14","2016-10-01","2015-06-01"],"defaultApiVersion":"2019-09-01","apiProfiles":[{"profileVersion":"2019-03-01-hybrid","apiVersion":"2016-10-01"},{"profileVersion":"2018-03-01-hybrid","apiVersion":"2016-10-01"},{"profileVersion":"2018-06-01-profile","apiVersion":"2016-10-01"}],"capabilities":"None"},{"resourceType":"operations","locations":[],"apiVersions":["2019-09-01","2018-02-14-preview","2018-02-14","2016-10-01","2015-06-01","2014-12-19-preview"],"defaultApiVersion":"2019-09-01","apiProfiles":[{"profileVersion":"2019-03-01-hybrid","apiVersion":"2016-10-01"},{"profileVersion":"2018-03-01-hybrid","apiVersion":"2016-10-01"},{"profileVersion":"2018-06-01-profile","apiVersion":"2016-10-01"}],"capabilities":"None"},{"resourceType":"checkNameAvailability","locations":[],"apiVersions":["2019-09-01","2018-02-14-preview","2018-02-14","2016-10-01","2015-06-01"],"defaultApiVersion":"2019-09-01","apiProfiles":[{"profileVersion":"2018-06-01-profile","apiVersion":"2016-10-01"}],"capabilities":"None"},{"resourceType":"deletedVaults","locations":["North
        Central US","East US","North Europe","West Europe","East Asia","Southeast
        Asia","East US 2","Central US","South Central US","West US","Japan East","Japan
        West","Australia East","Australia Southeast","Brazil South","Central India","South
        India","West India","Canada Central","Canada East","UK South","UK West","West
        Central US","West US 2","Korea Central","Korea South","France Central","Australia
        Central","UAE North","South Africa North","Switzerland North","Germany West
        Central","Norway East","East US 2 EUAP","Central US EUAP"],"apiVersions":["2019-09-01","2018-02-14-preview","2018-02-14","2016-10-01"],"defaultApiVersion":"2019-09-01","apiProfiles":[{"profileVersion":"2018-06-01-profile","apiVersion":"2016-10-01"}],"capabilities":"None"},{"resourceType":"locations","locations":[],"apiVersions":["2019-09-01","2018-02-14-preview","2018-02-14","2016-10-01"],"defaultApiVersion":"2019-09-01","apiProfiles":[{"profileVersion":"2018-06-01-profile","apiVersion":"2016-10-01"}],"capabilities":"None"},{"resourceType":"locations/deletedVaults","locations":["North
        Central US","East US","North Europe","West Europe","East Asia","Southeast
        Asia","East US 2","Central US","South Central US","West US","Japan East","Japan
        West","Australia East","Australia Southeast","Brazil South","Central India","South
        India","West India","Canada Central","Canada East","UK South","UK West","West
        Central US","West US 2","Korea Central","Korea South","France Central","Australia
        Central","UAE North","South Africa North","Switzerland North","Germany West
        Central","Norway East","East US 2 EUAP","Central US EUAP"],"apiVersions":["2019-09-01","2018-02-14-preview","2018-02-14","2016-10-01"],"defaultApiVersion":"2019-09-01","apiProfiles":[{"profileVersion":"2018-06-01-profile","apiVersion":"2016-10-01"}],"capabilities":"None"},{"resourceType":"locations/deleteVirtualNetworkOrSubnets","locations":["East
        US","North Central US","West Europe","North Europe","East Asia","Southeast
        Asia","East US 2","Central US","South Central US","West Central US","West
        US 2","West US","Japan East","Japan West","Australia East","Australia Southeast","Australia
        Central","Brazil South","Central India","South India","West India","Canada
        Central","Canada East","UK South","UK West","Korea Central","Korea South","France
        Central","UAE North","South Africa North","Switzerland North","Germany West
        Central","Norway East","Central US EUAP","East US 2 EUAP"],"apiVersions":["2019-09-01","2018-02-14-preview","2018-02-14","2016-10-01"],"defaultApiVersion":"2019-09-01","capabilities":"None"},{"resourceType":"locations/operationResults","locations":["North
        Central US","East US","North Europe","West Europe","East Asia","Southeast
        Asia","East US 2","Central US","South Central US","West US","Japan East","Japan
        West","Australia East","Australia Southeast","Brazil South","Central India","South
        India","West India","Canada Central","Canada East","UK South","UK West","West
        Central US","West US 2","Korea Central","Korea South","France Central","Australia
        Central","UAE North","South Africa North","Switzerland North","Germany West
        Central","Norway East","East US 2 EUAP","Central US EUAP"],"apiVersions":["2019-09-01","2018-02-14-preview","2018-02-14","2016-10-01"],"defaultApiVersion":"2019-09-01","apiProfiles":[{"profileVersion":"2018-06-01-profile","apiVersion":"2016-10-01"}],"capabilities":"None"},{"resourceType":"vaults/eventGridFilters","locations":["North
        Central US","East US","North Europe","West Europe","East Asia","Southeast
        Asia","East US 2","Central US","South Central US","West US","Japan East","Japan
        West","Australia East","Australia Southeast","Brazil South","Central India","South
        India","West India","Canada Central","Canada East","UK South","UK West","West
        Central US","West US 2","Korea Central","Korea South","France Central","Australia
        Central","UAE North","South Africa North","Switzerland North","Germany West
        Central","Norway East","East US 2 EUAP","Central US EUAP"],"apiVersions":["2019-09-01","2018-02-14-preview","2018-02-14"],"defaultApiVersion":"2019-09-01","capabilities":"None"},{"resourceType":"managedHSMs","locations":["Central
        US EUAP"],"apiVersions":["2020-04-01-preview"],"defaultApiVersion":"2020-04-01-preview","capabilities":"CrossResourceGroupResourceMove,
        CrossSubscriptionResourceMove, SupportsTags, SupportsLocation"}],"registrationState":"Registered","registrationPolicy":"RegistrationRequired"}'
    headers:
      cache-control:
      - no-cache
      content-length:
      - '8407'
      content-type:
      - application/json; charset=utf-8
      date:
      - Mon, 06 Jul 2020 11:00:16 GMT
      expires:
      - '-1'
      pragma:
      - no-cache
      strict-transport-security:
      - max-age=31536000; includeSubDomains
      vary:
      - Accept-Encoding
      x-content-type-options:
      - nosniff
    status:
      code: 200
      message: OK
- request:
    body: '{"location": "southcentralus", "tags": {}, "properties": {"sku": {"family":
      "A", "name": "standard"}, "tenantId": "54826b22-38d6-4fb2-bad9-b7b93a3e9c5a",
      "accessPolicies": [{"tenantId": "54826b22-38d6-4fb2-bad9-b7b93a3e9c5a", "objectId":
      "9ac02ab3-5061-4ec6-a3d8-2cdaa5f29efa", "permissions": {"keys": ["get", "create",
      "delete", "list", "update", "import", "backup", "restore", "recover"], "secrets":
      ["get", "list", "set", "delete", "backup", "restore", "recover"], "certificates":
      ["get", "list", "delete", "create", "import", "update", "managecontacts", "getissuers",
      "listissuers", "setissuers", "deleteissuers", "manageissuers", "recover"], "storage":
      ["get", "list", "delete", "set", "update", "regeneratekey", "setsas", "listsas",
      "getsas", "deletesas"]}}, {"tenantId": "54826b22-38d6-4fb2-bad9-b7b93a3e9c5a",
      "objectId": "f772e89f-8cd3-41be-8979-61ac749a98d5", "permissions": {"keys":
      ["wrapKey", "recover", "get", "unwrapKey"]}}], "enabledForDeployment": false,
      "enableSoftDelete": true, "softDeleteRetentionInDays": 90, "vaultUri": "https://clitest000003.vault.azure.net/",
      "provisioningState": "Succeeded", "enablePurgeProtection": true}}'
    headers:
      Accept:
      - application/json
      Accept-Encoding:
      - gzip, deflate
      CommandName:
      - resource update
      Connection:
      - keep-alive
      Content-Length:
      - '1161'
      Content-Type:
      - application/json; charset=utf-8
      ParameterSetName:
      - --id --set
      User-Agent:
      - python/3.7.5 (Windows-10-10.0.18362-SP0) msrest/0.6.9 msrest_azure/0.6.3 azure-mgmt-resource/10.0.0
        Azure-SDK-For-Python AZURECLI/2.8.0
      accept-language:
      - en-US
    method: PUT
    uri: https://management.azure.com/subscriptions/00000000-0000-0000-0000-000000000000/resourceGroups/clitest.rg000001/providers/Microsoft.KeyVault/vaults/clitest000003?api-version=2019-09-01
  response:
    body:
      string: '{"id":"/subscriptions/00000000-0000-0000-0000-000000000000/resourceGroups/clitest.rg000001/providers/Microsoft.KeyVault/vaults/clitest000003","name":"clitest000003","type":"Microsoft.KeyVault/vaults","location":"southcentralus","tags":{},"properties":{"sku":{"family":"A","name":"standard"},"tenantId":"54826b22-38d6-4fb2-bad9-b7b93a3e9c5a","accessPolicies":[{"tenantId":"54826b22-38d6-4fb2-bad9-b7b93a3e9c5a","objectId":"9ac02ab3-5061-4ec6-a3d8-2cdaa5f29efa","permissions":{"keys":["get","create","delete","list","update","import","backup","restore","recover"],"secrets":["get","list","set","delete","backup","restore","recover"],"certificates":["get","list","delete","create","import","update","managecontacts","getissuers","listissuers","setissuers","deleteissuers","manageissuers","recover"],"storage":["get","list","delete","set","update","regeneratekey","setsas","listsas","getsas","deletesas"]}},{"tenantId":"54826b22-38d6-4fb2-bad9-b7b93a3e9c5a","objectId":"f772e89f-8cd3-41be-8979-61ac749a98d5","permissions":{"keys":["wrapKey","recover","get","unwrapKey"]}}],"enabledForDeployment":false,"enableSoftDelete":true,"softDeleteRetentionInDays":90,"enablePurgeProtection":true,"vaultUri":"https://clitest000003.vault.azure.net/","provisioningState":"Succeeded"}}'
    headers:
      cache-control:
      - no-cache
      content-length:
      - '1359'
      content-type:
      - application/json; charset=utf-8
      date:
      - Mon, 06 Jul 2020 11:00:18 GMT
      expires:
      - '-1'
      pragma:
      - no-cache
      server:
      - Microsoft-IIS/10.0
      strict-transport-security:
      - max-age=31536000; includeSubDomains
      transfer-encoding:
      - chunked
      vary:
      - Accept-Encoding
      x-aspnet-version:
      - 4.0.30319
      x-content-type-options:
      - nosniff
      x-ms-keyvault-service-version:
      - 1.1.0.283
      x-ms-ratelimit-remaining-subscription-writes:
      - '1192'
      x-powered-by:
      - ASP.NET
    status:
      code: 200
      message: OK
- request:
    body: null
    headers:
      Accept:
      - application/json
      Accept-Encoding:
      - gzip, deflate
      CommandName:
      - storage account update
      Connection:
      - keep-alive
      ParameterSetName:
      - -n -g --encryption-key-source --encryption-key-vault --encryption-key-name
      User-Agent:
      - python/3.7.5 (Windows-10-10.0.18362-SP0) msrest/0.6.9 msrest_azure/0.6.3 azure-mgmt-storage/11.1.0
        Azure-SDK-For-Python AZURECLI/2.8.0
      accept-language:
      - en-US
    method: GET
    uri: https://management.azure.com/subscriptions/00000000-0000-0000-0000-000000000000/resourceGroups/clitest.rg000001/providers/Microsoft.Storage/storageAccounts/clitest000002?api-version=2019-06-01
  response:
    body:
      string: '{"identity":{"principalId":"f772e89f-8cd3-41be-8979-61ac749a98d5","tenantId":"54826b22-38d6-4fb2-bad9-b7b93a3e9c5a","type":"SystemAssigned"},"sku":{"name":"Standard_LRS","tier":"Standard"},"kind":"Storage","id":"/subscriptions/00000000-0000-0000-0000-000000000000/resourceGroups/clitest.rg000001/providers/Microsoft.Storage/storageAccounts/clitest000002","name":"clitest000002","type":"Microsoft.Storage/storageAccounts","location":"southcentralus","tags":{},"properties":{"privateEndpointConnections":[],"networkAcls":{"bypass":"AzureServices","virtualNetworkRules":[],"ipRules":[],"defaultAction":"Allow"},"supportsHttpsTrafficOnly":true,"encryption":{"services":{"file":{"keyType":"Account","enabled":true,"lastEnabledTime":"2020-07-06T10:58:56.1129868Z"},"blob":{"keyType":"Account","enabled":true,"lastEnabledTime":"2020-07-06T10:58:56.1129868Z"}},"keySource":"Microsoft.Storage"},"provisioningState":"Succeeded","creationTime":"2020-07-06T10:58:56.0348585Z","primaryEndpoints":{"blob":"https://clitest000002.blob.core.windows.net/","queue":"https://clitest000002.queue.core.windows.net/","table":"https://clitest000002.table.core.windows.net/","file":"https://clitest000002.file.core.windows.net/"},"primaryLocation":"southcentralus","statusOfPrimary":"available"}}'
    headers:
      cache-control:
      - no-cache
      content-length:
      - '1396'
      content-type:
      - application/json
      date:
      - Mon, 06 Jul 2020 11:00:19 GMT
      expires:
      - '-1'
      pragma:
      - no-cache
      server:
      - Microsoft-Azure-Storage-Resource-Provider/1.0,Microsoft-HTTPAPI/2.0 Microsoft-HTTPAPI/2.0
      strict-transport-security:
      - max-age=31536000; includeSubDomains
      transfer-encoding:
      - chunked
      vary:
      - Accept-Encoding
      x-content-type-options:
      - nosniff
    status:
      code: 200
      message: OK
- request:
    body: '{"sku": {"name": "Standard_LRS", "tier": "Standard"}, "tags": {}, "properties":
      {"encryption": {"services": {"blob": {"enabled": true, "keyType": "Account"},
      "file": {"enabled": true, "keyType": "Account"}}, "keySource": "Microsoft.Keyvault",
      "keyvaultproperties": {"keyname": "testkey", "keyvaulturi": "https://clitest000003.vault.azure.net/"}},
      "supportsHttpsTrafficOnly": true, "networkAcls": {"bypass": "AzureServices",
      "virtualNetworkRules": [], "ipRules": [], "defaultAction": "Allow"}}}'
    headers:
      Accept:
      - application/json
      Accept-Encoding:
      - gzip, deflate
      CommandName:
      - storage account update
      Connection:
      - keep-alive
      Content-Length:
      - '504'
      Content-Type:
      - application/json; charset=utf-8
      ParameterSetName:
      - -n -g --encryption-key-source --encryption-key-vault --encryption-key-name
      User-Agent:
      - python/3.7.5 (Windows-10-10.0.18362-SP0) msrest/0.6.9 msrest_azure/0.6.3 azure-mgmt-storage/11.1.0
        Azure-SDK-For-Python AZURECLI/2.8.0
      accept-language:
      - en-US
    method: PATCH
    uri: https://management.azure.com/subscriptions/00000000-0000-0000-0000-000000000000/resourceGroups/clitest.rg000001/providers/Microsoft.Storage/storageAccounts/clitest000002?api-version=2019-06-01
  response:
    body:
      string: '{"identity":{"principalId":"f772e89f-8cd3-41be-8979-61ac749a98d5","tenantId":"54826b22-38d6-4fb2-bad9-b7b93a3e9c5a","type":"SystemAssigned"},"sku":{"name":"Standard_LRS","tier":"Standard"},"kind":"Storage","id":"/subscriptions/00000000-0000-0000-0000-000000000000/resourceGroups/clitest.rg000001/providers/Microsoft.Storage/storageAccounts/clitest000002","name":"clitest000002","type":"Microsoft.Storage/storageAccounts","location":"southcentralus","tags":{},"properties":{"privateEndpointConnections":[],"networkAcls":{"bypass":"AzureServices","virtualNetworkRules":[],"ipRules":[],"defaultAction":"Allow"},"supportsHttpsTrafficOnly":true,"encryption":{"keyvaultproperties":{"currentVersionedKeyIdentifier":"https://clitest000003.vault.azure.net/keys/testkey/6d2cb3d127dd481dbf3b2b71e50faaa7","lastKeyRotationTimestamp":"2020-07-06T11:00:22.4230740Z","currentVersionedKeyExpirationTimestamp":"1970-01-01T00:00:00.0000000Z","keyvaulturi":"https://clitest000003.vault.azure.net/","keyname":"testkey"},"services":{"file":{"keyType":"Account","enabled":true,"lastEnabledTime":"2020-07-06T10:58:56.1129868Z"},"blob":{"keyType":"Account","enabled":true,"lastEnabledTime":"2020-07-06T10:58:56.1129868Z"}},"keySource":"Microsoft.Keyvault"},"provisioningState":"Succeeded","creationTime":"2020-07-06T10:58:56.0348585Z","primaryEndpoints":{"blob":"https://clitest000002.blob.core.windows.net/","queue":"https://clitest000002.queue.core.windows.net/","table":"https://clitest000002.table.core.windows.net/","file":"https://clitest000002.file.core.windows.net/"},"primaryLocation":"southcentralus","statusOfPrimary":"available"}}'
    headers:
      cache-control:
      - no-cache
      content-length:
      - '1765'
      content-type:
      - application/json
      date:
      - Mon, 06 Jul 2020 11:00:25 GMT
      expires:
      - '-1'
      pragma:
      - no-cache
      server:
      - Microsoft-Azure-Storage-Resource-Provider/1.0,Microsoft-HTTPAPI/2.0 Microsoft-HTTPAPI/2.0
      strict-transport-security:
      - max-age=31536000; includeSubDomains
      transfer-encoding:
      - chunked
      vary:
      - Accept-Encoding
      x-content-type-options:
      - nosniff
      x-ms-ratelimit-remaining-subscription-writes:
      - '1194'
    status:
      code: 200
      message: OK
- request:
    body: null
    headers:
      Accept:
      - application/json
      Accept-Encoding:
      - gzip, deflate
      CommandName:
      - storage account update
      Connection:
      - keep-alive
      ParameterSetName:
      - -n -g --encryption-key-version
      User-Agent:
      - python/3.7.5 (Windows-10-10.0.18362-SP0) msrest/0.6.9 msrest_azure/0.6.3 azure-mgmt-storage/11.1.0
        Azure-SDK-For-Python AZURECLI/2.8.0
      accept-language:
      - en-US
    method: GET
    uri: https://management.azure.com/subscriptions/00000000-0000-0000-0000-000000000000/resourceGroups/clitest.rg000001/providers/Microsoft.Storage/storageAccounts/clitest000002?api-version=2019-06-01
  response:
    body:
      string: '{"identity":{"principalId":"f772e89f-8cd3-41be-8979-61ac749a98d5","tenantId":"54826b22-38d6-4fb2-bad9-b7b93a3e9c5a","type":"SystemAssigned"},"sku":{"name":"Standard_LRS","tier":"Standard"},"kind":"Storage","id":"/subscriptions/00000000-0000-0000-0000-000000000000/resourceGroups/clitest.rg000001/providers/Microsoft.Storage/storageAccounts/clitest000002","name":"clitest000002","type":"Microsoft.Storage/storageAccounts","location":"southcentralus","tags":{},"properties":{"privateEndpointConnections":[],"networkAcls":{"bypass":"AzureServices","virtualNetworkRules":[],"ipRules":[],"defaultAction":"Allow"},"supportsHttpsTrafficOnly":true,"encryption":{"keyvaultproperties":{"currentVersionedKeyIdentifier":"https://clitest000003.vault.azure.net/keys/testkey/6d2cb3d127dd481dbf3b2b71e50faaa7","lastKeyRotationTimestamp":"2020-07-06T11:00:22.4230740Z","currentVersionedKeyExpirationTimestamp":"1970-01-01T00:00:00.0000000Z","keyvaulturi":"https://clitest000003.vault.azure.net/","keyname":"testkey"},"services":{"file":{"keyType":"Account","enabled":true,"lastEnabledTime":"2020-07-06T10:58:56.1129868Z"},"blob":{"keyType":"Account","enabled":true,"lastEnabledTime":"2020-07-06T10:58:56.1129868Z"}},"keySource":"Microsoft.Keyvault"},"provisioningState":"Succeeded","creationTime":"2020-07-06T10:58:56.0348585Z","primaryEndpoints":{"blob":"https://clitest000002.blob.core.windows.net/","queue":"https://clitest000002.queue.core.windows.net/","table":"https://clitest000002.table.core.windows.net/","file":"https://clitest000002.file.core.windows.net/"},"primaryLocation":"southcentralus","statusOfPrimary":"available"}}'
    headers:
      cache-control:
      - no-cache
      content-length:
      - '1765'
      content-type:
      - application/json
      date:
      - Mon, 06 Jul 2020 11:00:26 GMT
      expires:
      - '-1'
      pragma:
      - no-cache
      server:
      - Microsoft-Azure-Storage-Resource-Provider/1.0,Microsoft-HTTPAPI/2.0 Microsoft-HTTPAPI/2.0
      strict-transport-security:
      - max-age=31536000; includeSubDomains
      transfer-encoding:
      - chunked
      vary:
      - Accept-Encoding
      x-content-type-options:
      - nosniff
    status:
      code: 200
      message: OK
- request:
    body: '{"sku": {"name": "Standard_LRS", "tier": "Standard"}, "tags": {}, "properties":
      {"encryption": {"services": {"blob": {"enabled": true, "keyType": "Account"},
      "file": {"enabled": true, "keyType": "Account"}}, "keySource": "Microsoft.Keyvault",
      "keyvaultproperties": {"keyname": "testkey", "keyversion": "6d2cb3d127dd481dbf3b2b71e50faaa7",
      "keyvaulturi": "https://clitest000003.vault.azure.net/"}}, "supportsHttpsTrafficOnly":
      true, "networkAcls": {"bypass": "AzureServices", "virtualNetworkRules": [],
      "ipRules": [], "defaultAction": "Allow"}}}'
    headers:
      Accept:
      - application/json
      Accept-Encoding:
      - gzip, deflate
      CommandName:
      - storage account update
      Connection:
      - keep-alive
      Content-Length:
      - '554'
      Content-Type:
      - application/json; charset=utf-8
      ParameterSetName:
      - -n -g --encryption-key-version
      User-Agent:
      - python/3.7.5 (Windows-10-10.0.18362-SP0) msrest/0.6.9 msrest_azure/0.6.3 azure-mgmt-storage/11.1.0
        Azure-SDK-For-Python AZURECLI/2.8.0
      accept-language:
      - en-US
    method: PATCH
    uri: https://management.azure.com/subscriptions/00000000-0000-0000-0000-000000000000/resourceGroups/clitest.rg000001/providers/Microsoft.Storage/storageAccounts/clitest000002?api-version=2019-06-01
  response:
    body:
      string: '{"identity":{"principalId":"f772e89f-8cd3-41be-8979-61ac749a98d5","tenantId":"54826b22-38d6-4fb2-bad9-b7b93a3e9c5a","type":"SystemAssigned"},"sku":{"name":"Standard_LRS","tier":"Standard"},"kind":"Storage","id":"/subscriptions/00000000-0000-0000-0000-000000000000/resourceGroups/clitest.rg000001/providers/Microsoft.Storage/storageAccounts/clitest000002","name":"clitest000002","type":"Microsoft.Storage/storageAccounts","location":"southcentralus","tags":{},"properties":{"privateEndpointConnections":[],"networkAcls":{"bypass":"AzureServices","virtualNetworkRules":[],"ipRules":[],"defaultAction":"Allow"},"supportsHttpsTrafficOnly":true,"encryption":{"keyvaultproperties":{"currentVersionedKeyIdentifier":"https://clitest000003.vault.azure.net/keys/testkey/6d2cb3d127dd481dbf3b2b71e50faaa7","lastKeyRotationTimestamp":"2020-07-06T11:00:28.7522153Z","currentVersionedKeyExpirationTimestamp":"1970-01-01T00:00:00.0000000Z","keyvaulturi":"https://clitest000003.vault.azure.net/","keyname":"testkey","keyversion":"6d2cb3d127dd481dbf3b2b71e50faaa7"},"services":{"file":{"keyType":"Account","enabled":true,"lastEnabledTime":"2020-07-06T10:58:56.1129868Z"},"blob":{"keyType":"Account","enabled":true,"lastEnabledTime":"2020-07-06T10:58:56.1129868Z"}},"keySource":"Microsoft.Keyvault"},"provisioningState":"Succeeded","creationTime":"2020-07-06T10:58:56.0348585Z","primaryEndpoints":{"blob":"https://clitest000002.blob.core.windows.net/","queue":"https://clitest000002.queue.core.windows.net/","table":"https://clitest000002.table.core.windows.net/","file":"https://clitest000002.file.core.windows.net/"},"primaryLocation":"southcentralus","statusOfPrimary":"available"}}'
    headers:
      cache-control:
      - no-cache
      content-length:
      - '1813'
      content-type:
      - application/json
      date:
      - Mon, 06 Jul 2020 11:01:01 GMT
      expires:
      - '-1'
      pragma:
      - no-cache
      server:
      - Microsoft-Azure-Storage-Resource-Provider/1.0,Microsoft-HTTPAPI/2.0 Microsoft-HTTPAPI/2.0
      strict-transport-security:
      - max-age=31536000; includeSubDomains
      transfer-encoding:
      - chunked
      vary:
      - Accept-Encoding
      x-content-type-options:
      - nosniff
      x-ms-ratelimit-remaining-subscription-writes:
      - '1194'
    status:
      code: 200
      message: OK
- request:
    body: null
    headers:
      Accept:
      - application/json
      Accept-Encoding:
      - gzip, deflate
      CommandName:
      - storage account update
      Connection:
      - keep-alive
      ParameterSetName:
      - -n -g --encryption-key-version
      User-Agent:
      - python/3.7.5 (Windows-10-10.0.18362-SP0) msrest/0.6.9 msrest_azure/0.6.3 azure-mgmt-storage/11.1.0
        Azure-SDK-For-Python AZURECLI/2.8.0
      accept-language:
      - en-US
    method: GET
    uri: https://management.azure.com/subscriptions/00000000-0000-0000-0000-000000000000/resourceGroups/clitest.rg000001/providers/Microsoft.Storage/storageAccounts/clitest000002?api-version=2019-06-01
  response:
    body:
      string: '{"identity":{"principalId":"f772e89f-8cd3-41be-8979-61ac749a98d5","tenantId":"54826b22-38d6-4fb2-bad9-b7b93a3e9c5a","type":"SystemAssigned"},"sku":{"name":"Standard_LRS","tier":"Standard"},"kind":"Storage","id":"/subscriptions/00000000-0000-0000-0000-000000000000/resourceGroups/clitest.rg000001/providers/Microsoft.Storage/storageAccounts/clitest000002","name":"clitest000002","type":"Microsoft.Storage/storageAccounts","location":"southcentralus","tags":{},"properties":{"privateEndpointConnections":[],"networkAcls":{"bypass":"AzureServices","virtualNetworkRules":[],"ipRules":[],"defaultAction":"Allow"},"supportsHttpsTrafficOnly":true,"encryption":{"keyvaultproperties":{"currentVersionedKeyIdentifier":"https://clitest000003.vault.azure.net/keys/testkey/6d2cb3d127dd481dbf3b2b71e50faaa7","lastKeyRotationTimestamp":"2020-07-06T11:00:28.7522153Z","currentVersionedKeyExpirationTimestamp":"1970-01-01T00:00:00.0000000Z","keyvaulturi":"https://clitest000003.vault.azure.net/","keyname":"testkey","keyversion":"6d2cb3d127dd481dbf3b2b71e50faaa7"},"services":{"file":{"keyType":"Account","enabled":true,"lastEnabledTime":"2020-07-06T10:58:56.1129868Z"},"blob":{"keyType":"Account","enabled":true,"lastEnabledTime":"2020-07-06T10:58:56.1129868Z"}},"keySource":"Microsoft.Keyvault"},"provisioningState":"Succeeded","creationTime":"2020-07-06T10:58:56.0348585Z","primaryEndpoints":{"blob":"https://clitest000002.blob.core.windows.net/","queue":"https://clitest000002.queue.core.windows.net/","table":"https://clitest000002.table.core.windows.net/","file":"https://clitest000002.file.core.windows.net/"},"primaryLocation":"southcentralus","statusOfPrimary":"available"}}'
    headers:
      cache-control:
      - no-cache
      content-length:
      - '1813'
      content-type:
      - application/json
      date:
      - Mon, 06 Jul 2020 11:01:02 GMT
      expires:
      - '-1'
      pragma:
      - no-cache
      server:
      - Microsoft-Azure-Storage-Resource-Provider/1.0,Microsoft-HTTPAPI/2.0 Microsoft-HTTPAPI/2.0
      strict-transport-security:
      - max-age=31536000; includeSubDomains
      transfer-encoding:
      - chunked
      vary:
      - Accept-Encoding
      x-content-type-options:
      - nosniff
    status:
      code: 200
      message: OK
- request:
    body: '{"sku": {"name": "Standard_LRS", "tier": "Standard"}, "tags": {}, "properties":
      {"encryption": {"services": {"blob": {"enabled": true, "keyType": "Account"},
      "file": {"enabled": true, "keyType": "Account"}}, "keySource": "Microsoft.Keyvault",
      "keyvaultproperties": {"keyname": "testkey", "keyversion": "", "keyvaulturi":
      "https://clitest000003.vault.azure.net/"}}, "supportsHttpsTrafficOnly": true,
      "networkAcls": {"bypass": "AzureServices", "virtualNetworkRules": [], "ipRules":
      [], "defaultAction": "Allow"}}}'
    headers:
      Accept:
      - application/json
      Accept-Encoding:
      - gzip, deflate
      CommandName:
      - storage account update
      Connection:
      - keep-alive
      Content-Length:
      - '522'
      Content-Type:
      - application/json; charset=utf-8
      ParameterSetName:
      - -n -g --encryption-key-version
      User-Agent:
      - python/3.7.5 (Windows-10-10.0.18362-SP0) msrest/0.6.9 msrest_azure/0.6.3 azure-mgmt-storage/11.1.0
        Azure-SDK-For-Python AZURECLI/2.8.0
      accept-language:
      - en-US
    method: PATCH
    uri: https://management.azure.com/subscriptions/00000000-0000-0000-0000-000000000000/resourceGroups/clitest.rg000001/providers/Microsoft.Storage/storageAccounts/clitest000002?api-version=2019-06-01
  response:
    body:
      string: '{"identity":{"principalId":"f772e89f-8cd3-41be-8979-61ac749a98d5","tenantId":"54826b22-38d6-4fb2-bad9-b7b93a3e9c5a","type":"SystemAssigned"},"sku":{"name":"Standard_LRS","tier":"Standard"},"kind":"Storage","id":"/subscriptions/00000000-0000-0000-0000-000000000000/resourceGroups/clitest.rg000001/providers/Microsoft.Storage/storageAccounts/clitest000002","name":"clitest000002","type":"Microsoft.Storage/storageAccounts","location":"southcentralus","tags":{},"properties":{"privateEndpointConnections":[],"networkAcls":{"bypass":"AzureServices","virtualNetworkRules":[],"ipRules":[],"defaultAction":"Allow"},"supportsHttpsTrafficOnly":true,"encryption":{"keyvaultproperties":{"currentVersionedKeyIdentifier":"https://clitest000003.vault.azure.net/keys/testkey/6d2cb3d127dd481dbf3b2b71e50faaa7","lastKeyRotationTimestamp":"2020-07-06T11:01:05.3025887Z","currentVersionedKeyExpirationTimestamp":"1970-01-01T00:00:00.0000000Z","keyvaulturi":"https://clitest000003.vault.azure.net/","keyname":"testkey","keyversion":""},"services":{"file":{"keyType":"Account","enabled":true,"lastEnabledTime":"2020-07-06T10:58:56.1129868Z"},"blob":{"keyType":"Account","enabled":true,"lastEnabledTime":"2020-07-06T10:58:56.1129868Z"}},"keySource":"Microsoft.Keyvault"},"provisioningState":"Succeeded","creationTime":"2020-07-06T10:58:56.0348585Z","primaryEndpoints":{"blob":"https://clitest000002.blob.core.windows.net/","queue":"https://clitest000002.queue.core.windows.net/","table":"https://clitest000002.table.core.windows.net/","file":"https://clitest000002.file.core.windows.net/"},"primaryLocation":"southcentralus","statusOfPrimary":"available"}}'
    headers:
      cache-control:
      - no-cache
      content-length:
      - '1781'
      content-type:
      - application/json
      date:
      - Mon, 06 Jul 2020 11:01:08 GMT
      expires:
      - '-1'
      pragma:
      - no-cache
      server:
      - Microsoft-Azure-Storage-Resource-Provider/1.0,Microsoft-HTTPAPI/2.0 Microsoft-HTTPAPI/2.0
      strict-transport-security:
      - max-age=31536000; includeSubDomains
      transfer-encoding:
      - chunked
      vary:
      - Accept-Encoding
      x-content-type-options:
      - nosniff
      x-ms-ratelimit-remaining-subscription-writes:
      - '1191'
    status:
      code: 200
      message: OK
- request:
    body: '{"kty": "RSA", "attributes": {"enabled": true}}'
    headers:
      Accept:
      - application/json
      Accept-Encoding:
      - gzip, deflate
      Connection:
      - keep-alive
      Content-Length:
      - '47'
      Content-Type:
      - application/json; charset=utf-8
      User-Agent:
      - python/3.7.5 (Windows-10-10.0.18362-SP0) msrest/0.6.9 msrest_azure/0.6.3 azure-keyvault/7.0
        Azure-SDK-For-Python
      accept-language:
      - en-US
    method: POST
    uri: https://clitest000003.vault.azure.net/keys/newkey/create?api-version=7.0
  response:
    body:
      string: '{"key":{"kid":"https://clitest000003.vault.azure.net/keys/newkey/a463d401818c4455b56c5409760f1286","kty":"RSA","key_ops":["encrypt","decrypt","sign","verify","wrapKey","unwrapKey"],"n":"2AbGOF8J3tWMagUQaoJOWIVYR-Sjejd7-syJ1ae-6-yjBj8mXesno4MkAF1NsDhmTB2guL-9-lfxWGmRDw729mBF7iZPQr1LuO3it_6SV6bcX-QIL4Vy6wmDPvUR-ku-o8lZO6DfytfSepsodugZvkwMhM237oyJvx9JYvWwfr4-Y6dv7gQ34WSMmqmnx1zDKUNMYRRYUlitbyKjheimpoXCvcXDU55pKEunWd5lMG1TXZrI3qbdFUzulUAQr1UKl1PtJfPPPYVkkd0OllhMoVEYvUAPwk-uwhByBHwBIcuswX8axQAgd1Na2qP19nGIawcJQ0U0KirtTj7q9M_Ryw","e":"AQAB"},"attributes":{"enabled":true,"created":1594033271,"updated":1594033271,"recoveryLevel":"Recoverable"}}'
    headers:
      cache-control:
      - no-cache
      content-length:
      - '655'
      content-type:
      - application/json; charset=utf-8
      date:
      - Mon, 06 Jul 2020 11:01:11 GMT
      expires:
      - '-1'
      pragma:
      - no-cache
      strict-transport-security:
      - max-age=31536000;includeSubDomains
      x-aspnet-version:
      - 4.0.30319
      x-content-type-options:
      - nosniff
      x-ms-keyvault-network-info:
      - conn_type=Ipv4;addr=167.220.255.120;act_addr_fam=InterNetwork;
      x-ms-keyvault-region:
      - southcentralus
      x-ms-keyvault-service-version:
      - 1.1.8.0
      x-powered-by:
      - ASP.NET
    status:
      code: 200
      message: OK
- request:
    body: null
    headers:
      Accept:
      - application/json
      Accept-Encoding:
      - gzip, deflate
      CommandName:
      - storage account update
      Connection:
      - keep-alive
      ParameterSetName:
      - -n -g --encryption-key-vault --encryption-key-name
      User-Agent:
      - python/3.7.5 (Windows-10-10.0.18362-SP0) msrest/0.6.9 msrest_azure/0.6.3 azure-mgmt-storage/11.1.0
        Azure-SDK-For-Python AZURECLI/2.8.0
      accept-language:
      - en-US
    method: GET
    uri: https://management.azure.com/subscriptions/00000000-0000-0000-0000-000000000000/resourceGroups/clitest.rg000001/providers/Microsoft.Storage/storageAccounts/clitest000002?api-version=2019-06-01
  response:
    body:
      string: '{"identity":{"principalId":"f772e89f-8cd3-41be-8979-61ac749a98d5","tenantId":"54826b22-38d6-4fb2-bad9-b7b93a3e9c5a","type":"SystemAssigned"},"sku":{"name":"Standard_LRS","tier":"Standard"},"kind":"Storage","id":"/subscriptions/00000000-0000-0000-0000-000000000000/resourceGroups/clitest.rg000001/providers/Microsoft.Storage/storageAccounts/clitest000002","name":"clitest000002","type":"Microsoft.Storage/storageAccounts","location":"southcentralus","tags":{},"properties":{"privateEndpointConnections":[],"networkAcls":{"bypass":"AzureServices","virtualNetworkRules":[],"ipRules":[],"defaultAction":"Allow"},"supportsHttpsTrafficOnly":true,"encryption":{"keyvaultproperties":{"currentVersionedKeyIdentifier":"https://clitest000003.vault.azure.net/keys/testkey/6d2cb3d127dd481dbf3b2b71e50faaa7","lastKeyRotationTimestamp":"2020-07-06T11:01:05.3025887Z","currentVersionedKeyExpirationTimestamp":"1970-01-01T00:00:00.0000000Z","keyvaulturi":"https://clitest000003.vault.azure.net/","keyname":"testkey","keyversion":""},"services":{"file":{"keyType":"Account","enabled":true,"lastEnabledTime":"2020-07-06T10:58:56.1129868Z"},"blob":{"keyType":"Account","enabled":true,"lastEnabledTime":"2020-07-06T10:58:56.1129868Z"}},"keySource":"Microsoft.Keyvault"},"provisioningState":"Succeeded","creationTime":"2020-07-06T10:58:56.0348585Z","primaryEndpoints":{"blob":"https://clitest000002.blob.core.windows.net/","queue":"https://clitest000002.queue.core.windows.net/","table":"https://clitest000002.table.core.windows.net/","file":"https://clitest000002.file.core.windows.net/"},"primaryLocation":"southcentralus","statusOfPrimary":"available"}}'
    headers:
      cache-control:
      - no-cache
      content-length:
      - '1781'
      content-type:
      - application/json
      date:
      - Mon, 06 Jul 2020 11:01:12 GMT
      expires:
      - '-1'
      pragma:
      - no-cache
      server:
      - Microsoft-Azure-Storage-Resource-Provider/1.0,Microsoft-HTTPAPI/2.0 Microsoft-HTTPAPI/2.0
      strict-transport-security:
      - max-age=31536000; includeSubDomains
      transfer-encoding:
      - chunked
      vary:
      - Accept-Encoding
      x-content-type-options:
      - nosniff
    status:
      code: 200
      message: OK
- request:
    body: '{"sku": {"name": "Standard_LRS", "tier": "Standard"}, "tags": {}, "properties":
      {"encryption": {"services": {"blob": {"enabled": true, "keyType": "Account"},
      "file": {"enabled": true, "keyType": "Account"}}, "keySource": "Microsoft.Keyvault",
      "keyvaultproperties": {"keyname": "newkey", "keyversion": "", "keyvaulturi":
      "https://clitest000003.vault.azure.net/"}}, "supportsHttpsTrafficOnly": true,
      "networkAcls": {"bypass": "AzureServices", "virtualNetworkRules": [], "ipRules":
      [], "defaultAction": "Allow"}}}'
    headers:
      Accept:
      - application/json
      Accept-Encoding:
      - gzip, deflate
      CommandName:
      - storage account update
      Connection:
      - keep-alive
      Content-Length:
      - '521'
      Content-Type:
      - application/json; charset=utf-8
      ParameterSetName:
      - -n -g --encryption-key-vault --encryption-key-name
      User-Agent:
      - python/3.7.5 (Windows-10-10.0.18362-SP0) msrest/0.6.9 msrest_azure/0.6.3 azure-mgmt-storage/11.1.0
        Azure-SDK-For-Python AZURECLI/2.8.0
      accept-language:
      - en-US
    method: PATCH
    uri: https://management.azure.com/subscriptions/00000000-0000-0000-0000-000000000000/resourceGroups/clitest.rg000001/providers/Microsoft.Storage/storageAccounts/clitest000002?api-version=2019-06-01
  response:
    body:
      string: '{"identity":{"principalId":"f772e89f-8cd3-41be-8979-61ac749a98d5","tenantId":"54826b22-38d6-4fb2-bad9-b7b93a3e9c5a","type":"SystemAssigned"},"sku":{"name":"Standard_LRS","tier":"Standard"},"kind":"Storage","id":"/subscriptions/00000000-0000-0000-0000-000000000000/resourceGroups/clitest.rg000001/providers/Microsoft.Storage/storageAccounts/clitest000002","name":"clitest000002","type":"Microsoft.Storage/storageAccounts","location":"southcentralus","tags":{},"properties":{"privateEndpointConnections":[],"networkAcls":{"bypass":"AzureServices","virtualNetworkRules":[],"ipRules":[],"defaultAction":"Allow"},"supportsHttpsTrafficOnly":true,"encryption":{"keyvaultproperties":{"currentVersionedKeyIdentifier":"https://clitest000003.vault.azure.net/keys/newkey/a463d401818c4455b56c5409760f1286","lastKeyRotationTimestamp":"2020-07-06T11:01:13.7715975Z","currentVersionedKeyExpirationTimestamp":"1970-01-01T00:00:00.0000000Z","keyvaulturi":"https://clitest000003.vault.azure.net/","keyname":"newkey","keyversion":""},"services":{"file":{"keyType":"Account","enabled":true,"lastEnabledTime":"2020-07-06T10:58:56.1129868Z"},"blob":{"keyType":"Account","enabled":true,"lastEnabledTime":"2020-07-06T10:58:56.1129868Z"}},"keySource":"Microsoft.Keyvault"},"provisioningState":"Succeeded","creationTime":"2020-07-06T10:58:56.0348585Z","primaryEndpoints":{"blob":"https://clitest000002.blob.core.windows.net/","queue":"https://clitest000002.queue.core.windows.net/","table":"https://clitest000002.table.core.windows.net/","file":"https://clitest000002.file.core.windows.net/"},"primaryLocation":"southcentralus","statusOfPrimary":"available"}}'
    headers:
      cache-control:
      - no-cache
      content-length:
      - '1779'
      content-type:
      - application/json
      date:
      - Mon, 06 Jul 2020 11:01:49 GMT
      expires:
      - '-1'
      pragma:
      - no-cache
      server:
      - Microsoft-Azure-Storage-Resource-Provider/1.0,Microsoft-HTTPAPI/2.0 Microsoft-HTTPAPI/2.0
      strict-transport-security:
      - max-age=31536000; includeSubDomains
      transfer-encoding:
      - chunked
      vary:
      - Accept-Encoding
      x-content-type-options:
      - nosniff
      x-ms-ratelimit-remaining-subscription-writes:
      - '1189'
    status:
      code: 200
      message: OK
- request:
    body: null
    headers:
      Accept:
      - application/json
      Accept-Encoding:
      - gzip, deflate
      CommandName:
      - storage account update
      Connection:
      - keep-alive
      ParameterSetName:
      - -n -g --encryption-key-source
      User-Agent:
      - python/3.7.5 (Windows-10-10.0.18362-SP0) msrest/0.6.9 msrest_azure/0.6.3 azure-mgmt-storage/11.1.0
        Azure-SDK-For-Python AZURECLI/2.8.0
      accept-language:
      - en-US
    method: GET
    uri: https://management.azure.com/subscriptions/00000000-0000-0000-0000-000000000000/resourceGroups/clitest.rg000001/providers/Microsoft.Storage/storageAccounts/clitest000002?api-version=2019-06-01
  response:
    body:
      string: '{"identity":{"principalId":"f772e89f-8cd3-41be-8979-61ac749a98d5","tenantId":"54826b22-38d6-4fb2-bad9-b7b93a3e9c5a","type":"SystemAssigned"},"sku":{"name":"Standard_LRS","tier":"Standard"},"kind":"Storage","id":"/subscriptions/00000000-0000-0000-0000-000000000000/resourceGroups/clitest.rg000001/providers/Microsoft.Storage/storageAccounts/clitest000002","name":"clitest000002","type":"Microsoft.Storage/storageAccounts","location":"southcentralus","tags":{},"properties":{"privateEndpointConnections":[],"networkAcls":{"bypass":"AzureServices","virtualNetworkRules":[],"ipRules":[],"defaultAction":"Allow"},"supportsHttpsTrafficOnly":true,"encryption":{"keyvaultproperties":{"currentVersionedKeyIdentifier":"https://clitest000003.vault.azure.net/keys/newkey/a463d401818c4455b56c5409760f1286","lastKeyRotationTimestamp":"2020-07-06T11:01:13.7715975Z","currentVersionedKeyExpirationTimestamp":"1970-01-01T00:00:00.0000000Z","keyvaulturi":"https://clitest000003.vault.azure.net/","keyname":"newkey","keyversion":""},"services":{"file":{"keyType":"Account","enabled":true,"lastEnabledTime":"2020-07-06T10:58:56.1129868Z"},"blob":{"keyType":"Account","enabled":true,"lastEnabledTime":"2020-07-06T10:58:56.1129868Z"}},"keySource":"Microsoft.Keyvault"},"provisioningState":"Succeeded","creationTime":"2020-07-06T10:58:56.0348585Z","primaryEndpoints":{"blob":"https://clitest000002.blob.core.windows.net/","queue":"https://clitest000002.queue.core.windows.net/","table":"https://clitest000002.table.core.windows.net/","file":"https://clitest000002.file.core.windows.net/"},"primaryLocation":"southcentralus","statusOfPrimary":"available"}}'
    headers:
      cache-control:
      - no-cache
      content-length:
      - '1779'
      content-type:
      - application/json
      date:
      - Mon, 06 Jul 2020 11:01:50 GMT
      expires:
      - '-1'
      pragma:
      - no-cache
      server:
      - Microsoft-Azure-Storage-Resource-Provider/1.0,Microsoft-HTTPAPI/2.0 Microsoft-HTTPAPI/2.0
      strict-transport-security:
      - max-age=31536000; includeSubDomains
      transfer-encoding:
      - chunked
      vary:
      - Accept-Encoding
      x-content-type-options:
      - nosniff
    status:
      code: 200
      message: OK
- request:
    body: '{"sku": {"name": "Standard_LRS", "tier": "Standard"}, "tags": {}, "properties":
      {"encryption": {"services": {"blob": {"enabled": true, "keyType": "Account"},
      "file": {"enabled": true, "keyType": "Account"}}, "keySource": "Microsoft.Storage"},
      "supportsHttpsTrafficOnly": true, "networkAcls": {"bypass": "AzureServices",
      "virtualNetworkRules": [], "ipRules": [], "defaultAction": "Allow"}}}'
    headers:
      Accept:
      - application/json
      Accept-Encoding:
      - gzip, deflate
      CommandName:
      - storage account update
      Connection:
      - keep-alive
      Content-Length:
      - '389'
      Content-Type:
      - application/json; charset=utf-8
      ParameterSetName:
      - -n -g --encryption-key-source
      User-Agent:
      - python/3.7.5 (Windows-10-10.0.18362-SP0) msrest/0.6.9 msrest_azure/0.6.3 azure-mgmt-storage/11.1.0
        Azure-SDK-For-Python AZURECLI/2.8.0
      accept-language:
      - en-US
    method: PATCH
    uri: https://management.azure.com/subscriptions/00000000-0000-0000-0000-000000000000/resourceGroups/clitest.rg000001/providers/Microsoft.Storage/storageAccounts/clitest000002?api-version=2019-06-01
  response:
    body:
      string: '{"identity":{"principalId":"f772e89f-8cd3-41be-8979-61ac749a98d5","tenantId":"54826b22-38d6-4fb2-bad9-b7b93a3e9c5a","type":"SystemAssigned"},"sku":{"name":"Standard_LRS","tier":"Standard"},"kind":"Storage","id":"/subscriptions/00000000-0000-0000-0000-000000000000/resourceGroups/clitest.rg000001/providers/Microsoft.Storage/storageAccounts/clitest000002","name":"clitest000002","type":"Microsoft.Storage/storageAccounts","location":"southcentralus","tags":{},"properties":{"privateEndpointConnections":[],"networkAcls":{"bypass":"AzureServices","virtualNetworkRules":[],"ipRules":[],"defaultAction":"Allow"},"supportsHttpsTrafficOnly":true,"encryption":{"services":{"file":{"keyType":"Account","enabled":true,"lastEnabledTime":"2020-07-06T10:58:56.1129868Z"},"blob":{"keyType":"Account","enabled":true,"lastEnabledTime":"2020-07-06T10:58:56.1129868Z"}},"keySource":"Microsoft.Storage"},"provisioningState":"Succeeded","creationTime":"2020-07-06T10:58:56.0348585Z","primaryEndpoints":{"blob":"https://clitest000002.blob.core.windows.net/","queue":"https://clitest000002.queue.core.windows.net/","table":"https://clitest000002.table.core.windows.net/","file":"https://clitest000002.file.core.windows.net/"},"primaryLocation":"southcentralus","statusOfPrimary":"available"}}'
    headers:
      cache-control:
      - no-cache
      content-length:
      - '1396'
      content-type:
      - application/json
      date:
      - Mon, 06 Jul 2020 11:01:55 GMT
      expires:
      - '-1'
      pragma:
      - no-cache
      server:
      - Microsoft-Azure-Storage-Resource-Provider/1.0,Microsoft-HTTPAPI/2.0 Microsoft-HTTPAPI/2.0
      strict-transport-security:
      - max-age=31536000; includeSubDomains
      transfer-encoding:
      - chunked
      vary:
      - Accept-Encoding
      x-content-type-options:
      - nosniff
      x-ms-ratelimit-remaining-subscription-writes:
      - '1191'
    status:
      code: 200
      message: OK
version: 1
