interactions:
- request:
    body: '{"properties": {"source": "Microsoft.Storage"}}'
    headers:
      Accept:
      - application/json
      Accept-Encoding:
      - gzip, deflate
      CommandName:
      - storage account encryption-scope create
      Connection:
      - keep-alive
      Content-Length:
      - '47'
      Content-Type:
      - application/json; charset=utf-8
      ParameterSetName:
      - --account-name -g -n
      User-Agent:
      - python/3.7.4 (Windows-10-10.0.18362-SP0) msrest/0.6.10 msrest_azure/0.6.2
        azure-mgmt-storage/8.0.0 Azure-SDK-For-Python AZURECLI/2.1.0
      accept-language:
      - en-US
    method: PUT
    uri: https://management.azure.com/subscriptions/00000000-0000-0000-0000-000000000000/resourceGroups/cli_test_storage_encryption000001/providers/Microsoft.Storage/storageAccounts/encryption000002/encryptionScopes/encryption000003?api-version=2019-06-01
  response:
    body:
      string: '{"id":"/subscriptions/00000000-0000-0000-0000-000000000000/resourceGroups/cli_test_storage_encryption000001/providers/Microsoft.Storage/storageAccounts/encryption000002/encryptionScopes/encryption000003","type":"Microsoft.Storage/storageAccounts/encryptionScopes","name":"encryption000003","properties":{"source":"Microsoft.Storage","keyVaultProperties":{},"creationTime":"2020-03-04T15:21:46.9084833Z","state":"Enabled"}}'
    headers:
      cache-control:
      - no-cache
      content-length:
      - '488'
      content-type:
      - application/json
      date:
      - Wed, 04 Mar 2020 15:21:46 GMT
      expires:
      - '-1'
      pragma:
      - no-cache
      server:
      - Microsoft-Azure-Storage-Resource-Provider/1.0,Microsoft-HTTPAPI/2.0 Microsoft-HTTPAPI/2.0
      strict-transport-security:
      - max-age=31536000; includeSubDomains
      x-content-type-options:
      - nosniff
      x-ms-ratelimit-remaining-subscription-writes:
      - '1199'
    status:
      code: 201
      message: Created
- request:
    body: null
    headers:
      Accept:
      - application/json
      Accept-Encoding:
      - gzip, deflate
      CommandName:
      - storage account encryption-scope show
      Connection:
      - keep-alive
      ParameterSetName:
      - --account-name -g -n
      User-Agent:
      - python/3.7.4 (Windows-10-10.0.18362-SP0) msrest/0.6.10 msrest_azure/0.6.2
        azure-mgmt-storage/8.0.0 Azure-SDK-For-Python AZURECLI/2.1.0
      accept-language:
      - en-US
    method: GET
    uri: https://management.azure.com/subscriptions/00000000-0000-0000-0000-000000000000/resourceGroups/cli_test_storage_encryption000001/providers/Microsoft.Storage/storageAccounts/encryption000002/encryptionScopes/encryption000003?api-version=2019-06-01
  response:
    body:
      string: '{"id":"/subscriptions/00000000-0000-0000-0000-000000000000/resourceGroups/cli_test_storage_encryption000001/providers/Microsoft.Storage/storageAccounts/encryption000002/encryptionScopes/encryption000003","type":"Microsoft.Storage/storageAccounts/encryptionScopes","name":"encryption000003","properties":{"source":"Microsoft.Storage","keyVaultProperties":{},"creationTime":"2020-03-04T15:21:46.9084833Z","state":"Enabled"}}'
    headers:
      cache-control:
      - no-cache
      content-length:
      - '488'
      content-type:
      - application/json
      date:
      - Wed, 04 Mar 2020 15:21:47 GMT
      expires:
      - '-1'
      pragma:
      - no-cache
      server:
      - Microsoft-Azure-Storage-Resource-Provider/1.0,Microsoft-HTTPAPI/2.0 Microsoft-HTTPAPI/2.0
      strict-transport-security:
      - max-age=31536000; includeSubDomains
      transfer-encoding:
      - chunked
      vary:
      - Accept-Encoding
      x-content-type-options:
      - nosniff
    status:
      code: 200
      message: OK
- request:
    body: null
    headers:
      Accept:
      - application/json
      Accept-Encoding:
      - gzip, deflate
      CommandName:
      - storage account encryption-scope list
      Connection:
      - keep-alive
      ParameterSetName:
      - --account-name -g
      User-Agent:
      - python/3.7.4 (Windows-10-10.0.18362-SP0) msrest/0.6.10 msrest_azure/0.6.2
        azure-mgmt-storage/8.0.0 Azure-SDK-For-Python AZURECLI/2.1.0
      accept-language:
      - en-US
    method: GET
    uri: https://management.azure.com/subscriptions/00000000-0000-0000-0000-000000000000/resourceGroups/cli_test_storage_encryption000001/providers/Microsoft.Storage/storageAccounts/encryption000002/encryptionScopes?api-version=2019-06-01
  response:
    body:
      string: '{"value":[{"id":"/subscriptions/00000000-0000-0000-0000-000000000000/resourceGroups/cli_test_storage_encryption000001/providers/Microsoft.Storage/storageAccounts/encryption000002/encryptionScopes/encryption000003","type":"Microsoft.Storage/storageAccounts/encryptionScopes","name":"encryption000003","properties":{"source":"Microsoft.Storage","keyVaultProperties":{},"creationTime":"2020-03-04T15:21:46.9084833Z","state":"Enabled"}}]}'
    headers:
      cache-control:
      - no-cache
      content-length:
      - '500'
      content-type:
      - application/json
      date:
      - Wed, 04 Mar 2020 15:21:49 GMT
      expires:
      - '-1'
      pragma:
      - no-cache
      server:
      - Microsoft-Azure-Storage-Resource-Provider/1.0,Microsoft-HTTPAPI/2.0 Microsoft-HTTPAPI/2.0
      strict-transport-security:
      - max-age=31536000; includeSubDomains
      transfer-encoding:
      - chunked
      vary:
      - Accept-Encoding
      x-content-type-options:
      - nosniff
    status:
      code: 200
      message: OK
- request:
    body: null
    headers:
      Accept:
      - application/json
      Accept-Encoding:
      - gzip, deflate
      CommandName:
      - storage account update
      Connection:
      - keep-alive
      ParameterSetName:
      - -n --assign-identity
      User-Agent:
      - python/3.7.4 (Windows-10-10.0.18362-SP0) msrest/0.6.10 msrest_azure/0.6.2
        azure-mgmt-storage/8.0.0 Azure-SDK-For-Python AZURECLI/2.1.0
      accept-language:
      - en-US
    method: GET
    uri: https://management.azure.com/subscriptions/00000000-0000-0000-0000-000000000000/providers/Microsoft.Storage/storageAccounts?api-version=2019-06-01
  response:
    body:
      string: '{"value":[{"sku":{"name":"Standard_LRS","tier":"Standard"},"kind":"Storage","id":"/subscriptions/00000000-0000-0000-0000-000000000000/resourceGroups/azure-cli-test-rg/providers/Microsoft.Storage/storageAccounts/azureclitestrgdiag180","name":"azureclitestrgdiag180","type":"Microsoft.Storage/storageAccounts","location":"eastus","tags":{},"properties":{"privateEndpointConnections":[],"networkAcls":{"bypass":"AzureServices","virtualNetworkRules":[],"ipRules":[],"defaultAction":"Allow"},"supportsHttpsTrafficOnly":true,"encryption":{"services":{"file":{"keyType":"Account","enabled":true,"lastEnabledTime":"2019-12-30T03:44:58.6379144Z"},"blob":{"keyType":"Account","enabled":true,"lastEnabledTime":"2019-12-30T03:44:58.6379144Z"}},"keySource":"Microsoft.Storage"},"provisioningState":"Succeeded","creationTime":"2019-12-30T03:44:58.5910120Z","primaryEndpoints":{"blob":"https://azureclitestrgdiag180.blob.core.windows.net/","queue":"https://azureclitestrgdiag180.queue.core.windows.net/","table":"https://azureclitestrgdiag180.table.core.windows.net/","file":"https://azureclitestrgdiag180.file.core.windows.net/"},"primaryLocation":"eastus","statusOfPrimary":"available"}},{"sku":{"name":"Standard_RAGRS","tier":"Standard"},"kind":"StorageV2","id":"/subscriptions/00000000-0000-0000-0000-000000000000/resourceGroups/azure-core-poc/providers/Microsoft.Storage/storageAccounts/azurecorepoc","name":"azurecorepoc","type":"Microsoft.Storage/storageAccounts","location":"eastus","tags":{},"properties":{"privateEndpointConnections":[],"networkAcls":{"bypass":"AzureServices","virtualNetworkRules":[],"ipRules":[],"defaultAction":"Allow"},"supportsHttpsTrafficOnly":true,"encryption":{"services":{"file":{"keyType":"Account","enabled":true,"lastEnabledTime":"2019-12-26T02:38:58.8233588Z"},"blob":{"keyType":"Account","enabled":true,"lastEnabledTime":"2019-12-26T02:38:58.8233588Z"}},"keySource":"Microsoft.Storage"},"accessTier":"Hot","provisioningState":"Succeeded","creationTime":"2019-12-26T02:38:58.7452329Z","primaryEndpoints":{"dfs":"https://azurecorepoc.dfs.core.windows.net/","web":"https://azurecorepoc.z13.web.core.windows.net/","blob":"https://azurecorepoc.blob.core.windows.net/","queue":"https://azurecorepoc.queue.core.windows.net/","table":"https://azurecorepoc.table.core.windows.net/","file":"https://azurecorepoc.file.core.windows.net/"},"primaryLocation":"eastus","statusOfPrimary":"available","secondaryLocation":"westus","statusOfSecondary":"available","secondaryEndpoints":{"dfs":"https://azurecorepoc-secondary.dfs.core.windows.net/","web":"https://azurecorepoc-secondary.z13.web.core.windows.net/","blob":"https://azurecorepoc-secondary.blob.core.windows.net/","queue":"https://azurecorepoc-secondary.queue.core.windows.net/","table":"https://azurecorepoc-secondary.table.core.windows.net/"}}},{"sku":{"name":"Standard_RAGRS","tier":"Standard"},"kind":"StorageV2","id":"/subscriptions/00000000-0000-0000-0000-000000000000/resourceGroups/qianwens/providers/Microsoft.Storage/storageAccounts/qianwendev","name":"qianwendev","type":"Microsoft.Storage/storageAccounts","location":"eastus","tags":{},"properties":{"privateEndpointConnections":[],"networkAcls":{"bypass":"AzureServices","virtualNetworkRules":[{"id":"/subscriptions/00000000-0000-0000-0000-000000000000/resourceGroups/qianwens/providers/Microsoft.Network/virtualNetworks/QIAN/subnets/default","action":"Allow","state":"Succeeded"},{"id":"/subscriptions/00000000-0000-0000-0000-000000000000/resourceGroups/qianwens/providers/Microsoft.Network/virtualNetworks/qianwendev/subnets/default","action":"Allow","state":"Succeeded"}],"ipRules":[{"value":"23.45.1.0/24","action":"Allow"},{"value":"23.45.1.1/24","action":"Allow"}],"defaultAction":"Allow"},"supportsHttpsTrafficOnly":true,"encryption":{"services":{"file":{"keyType":"Account","enabled":true,"lastEnabledTime":"2020-02-12T03:29:28.0084761Z"},"blob":{"keyType":"Account","enabled":true,"lastEnabledTime":"2020-02-12T03:29:28.0084761Z"}},"keySource":"Microsoft.Storage"},"accessTier":"Hot","provisioningState":"Succeeded","creationTime":"2020-02-12T03:29:27.9459854Z","primaryEndpoints":{"dfs":"https://qianwendev.dfs.core.windows.net/","web":"https://qianwendev.z13.web.core.windows.net/","blob":"https://qianwendev.blob.core.windows.net/","queue":"https://qianwendev.queue.core.windows.net/","table":"https://qianwendev.table.core.windows.net/","file":"https://qianwendev.file.core.windows.net/"},"primaryLocation":"eastus","statusOfPrimary":"available","secondaryLocation":"westus","statusOfSecondary":"available","secondaryEndpoints":{"dfs":"https://qianwendev-secondary.dfs.core.windows.net/","web":"https://qianwendev-secondary.z13.web.core.windows.net/","blob":"https://qianwendev-secondary.blob.core.windows.net/","queue":"https://qianwendev-secondary.queue.core.windows.net/","table":"https://qianwendev-secondary.table.core.windows.net/"}}},{"sku":{"name":"Standard_RAGRS","tier":"Standard"},"kind":"StorageV2","id":"/subscriptions/00000000-0000-0000-0000-000000000000/resourceGroups/yu-test-rg/providers/Microsoft.Storage/storageAccounts/yustorageaccountforsync","name":"yustorageaccountforsync","type":"Microsoft.Storage/storageAccounts","location":"eastus","tags":{},"properties":{"privateEndpointConnections":[],"networkAcls":{"bypass":"AzureServices","virtualNetworkRules":[],"ipRules":[],"defaultAction":"Allow"},"supportsHttpsTrafficOnly":true,"encryption":{"services":{"file":{"keyType":"Account","enabled":true,"lastEnabledTime":"2020-02-05T07:17:53.6392456Z"},"blob":{"keyType":"Account","enabled":true,"lastEnabledTime":"2020-02-05T07:17:53.6392456Z"}},"keySource":"Microsoft.Storage"},"accessTier":"Hot","provisioningState":"Succeeded","creationTime":"2020-02-05T07:17:53.5454857Z","primaryEndpoints":{"dfs":"https://yustorageaccountforsync.dfs.core.windows.net/","web":"https://yustorageaccountforsync.z13.web.core.windows.net/","blob":"https://yustorageaccountforsync.blob.core.windows.net/","queue":"https://yustorageaccountforsync.queue.core.windows.net/","table":"https://yustorageaccountforsync.table.core.windows.net/","file":"https://yustorageaccountforsync.file.core.windows.net/"},"primaryLocation":"eastus","statusOfPrimary":"available","secondaryLocation":"westus","statusOfSecondary":"available","secondaryEndpoints":{"dfs":"https://yustorageaccountforsync-secondary.dfs.core.windows.net/","web":"https://yustorageaccountforsync-secondary.z13.web.core.windows.net/","blob":"https://yustorageaccountforsync-secondary.blob.core.windows.net/","queue":"https://yustorageaccountforsync-secondary.queue.core.windows.net/","table":"https://yustorageaccountforsync-secondary.table.core.windows.net/"}}},{"sku":{"name":"Standard_LRS","tier":"Standard"},"kind":"StorageV2","id":"/subscriptions/00000000-0000-0000-0000-000000000000/resourceGroups/zuh/providers/Microsoft.Storage/storageAccounts/zuheastus","name":"zuheastus","type":"Microsoft.Storage/storageAccounts","location":"eastus","tags":{},"properties":{"privateEndpointConnections":[],"networkAcls":{"bypass":"AzureServices","virtualNetworkRules":[],"ipRules":[],"defaultAction":"Allow"},"supportsHttpsTrafficOnly":true,"encryption":{"services":{"file":{"keyType":"Account","enabled":true,"lastEnabledTime":"2020-03-02T03:53:22.5635292Z"},"blob":{"keyType":"Account","enabled":true,"lastEnabledTime":"2020-03-02T03:53:22.5635292Z"}},"keySource":"Microsoft.Storage"},"accessTier":"Hot","provisioningState":"Succeeded","creationTime":"2020-03-02T03:53:22.5010263Z","primaryEndpoints":{"dfs":"https://zuheastus.dfs.core.windows.net/","web":"https://zuheastus.z13.web.core.windows.net/","blob":"https://zuheastus.blob.core.windows.net/","queue":"https://zuheastus.queue.core.windows.net/","table":"https://zuheastus.table.core.windows.net/","file":"https://zuheastus.file.core.windows.net/"},"primaryLocation":"eastus","statusOfPrimary":"available"}},{"sku":{"name":"Standard_LRS","tier":"Standard"},"kind":"Storage","id":"/subscriptions/00000000-0000-0000-0000-000000000000/resourceGroups/IT_cli_test_image_builder_template_file_mh5_16fc425e-42d9-401d-80ad-c114f2ca2403/providers/Microsoft.Storage/storageAccounts/895f55mozlbwsq4cb6dx2kbi","name":"895f55mozlbwsq4cb6dx2kbi","type":"Microsoft.Storage/storageAccounts","location":"westus","tags":{"createdby":"azureimagebuilder","magicvalue":"0d819542a3774a2a8709401a7cd09eb8"},"properties":{"privateEndpointConnections":[],"networkAcls":{"bypass":"AzureServices","virtualNetworkRules":[],"ipRules":[],"defaultAction":"Allow"},"supportsHttpsTrafficOnly":true,"encryption":{"services":{"file":{"keyType":"Account","enabled":true,"lastEnabledTime":"2020-03-04T15:21:31.9954468Z"},"blob":{"keyType":"Account","enabled":true,"lastEnabledTime":"2020-03-04T15:21:31.9954468Z"}},"keySource":"Microsoft.Storage"},"provisioningState":"Succeeded","creationTime":"2020-03-04T15:21:31.9172628Z","primaryEndpoints":{"blob":"https://895f55mozlbwsq4cb6dx2kbi.blob.core.windows.net/","queue":"https://895f55mozlbwsq4cb6dx2kbi.queue.core.windows.net/","table":"https://895f55mozlbwsq4cb6dx2kbi.table.core.windows.net/","file":"https://895f55mozlbwsq4cb6dx2kbi.file.core.windows.net/"},"primaryLocation":"westus","statusOfPrimary":"available"}},{"sku":{"name":"Standard_LRS","tier":"Standard"},"kind":"StorageV2","id":"/subscriptions/00000000-0000-0000-0000-000000000000/resourceGroups/zhoxing-test/providers/Microsoft.Storage/storageAccounts/azhoxingtest9851","name":"azhoxingtest9851","type":"Microsoft.Storage/storageAccounts","location":"westus","tags":{"hidden-DevTestLabs-LabUId":"6e279161-d008-42b7-90a1-6801fc4bc4ca"},"properties":{"privateEndpointConnections":[],"networkAcls":{"bypass":"AzureServices","virtualNetworkRules":[],"ipRules":[],"defaultAction":"Allow"},"supportsHttpsTrafficOnly":true,"encryption":{"services":{"file":{"keyType":"Account","enabled":true,"lastEnabledTime":"2020-02-21T05:43:15.2811036Z"},"blob":{"keyType":"Account","enabled":true,"lastEnabledTime":"2020-02-21T05:43:15.2811036Z"}},"keySource":"Microsoft.Storage"},"accessTier":"Hot","provisioningState":"Succeeded","creationTime":"2020-02-21T05:43:15.2029670Z","primaryEndpoints":{"dfs":"https://azhoxingtest9851.dfs.core.windows.net/","web":"https://azhoxingtest9851.z22.web.core.windows.net/","blob":"https://azhoxingtest9851.blob.core.windows.net/","queue":"https://azhoxingtest9851.queue.core.windows.net/","table":"https://azhoxingtest9851.table.core.windows.net/","file":"https://azhoxingtest9851.file.core.windows.net/"},"primaryLocation":"westus","statusOfPrimary":"available"}},{"sku":{"name":"Standard_LRS","tier":"Standard"},"kind":"Storage","id":"/subscriptions/00000000-0000-0000-0000-000000000000/resourceGroups/azure-cli-test-rg/providers/Microsoft.Storage/storageAccounts/azureclitestrgdiag","name":"azureclitestrgdiag","type":"Microsoft.Storage/storageAccounts","location":"westus","tags":{},"properties":{"privateEndpointConnections":[],"networkAcls":{"bypass":"AzureServices","virtualNetworkRules":[],"ipRules":[],"defaultAction":"Allow"},"supportsHttpsTrafficOnly":true,"encryption":{"services":{"file":{"keyType":"Account","enabled":true,"lastEnabledTime":"2019-12-30T02:54:26.8971309Z"},"blob":{"keyType":"Account","enabled":true,"lastEnabledTime":"2019-12-30T02:54:26.8971309Z"}},"keySource":"Microsoft.Storage"},"provisioningState":"Succeeded","creationTime":"2019-12-30T02:54:26.8502755Z","primaryEndpoints":{"blob":"https://azureclitestrgdiag.blob.core.windows.net/","queue":"https://azureclitestrgdiag.queue.core.windows.net/","table":"https://azureclitestrgdiag.table.core.windows.net/","file":"https://azureclitestrgdiag.file.core.windows.net/"},"primaryLocation":"westus","statusOfPrimary":"available"}},{"sku":{"name":"Standard_LRS","tier":"Standard"},"kind":"Storage","id":"/subscriptions/00000000-0000-0000-0000-000000000000/resourceGroups/cli_test_databoxn5n2vkeyewiwob4e7e6nqiblkvvgc5qorevejhsntblvdlc2t373rrvy45p/providers/Microsoft.Storage/storageAccounts/clitest75g6r5uwkj7ker7wu","name":"clitest75g6r5uwkj7ker7wu","type":"Microsoft.Storage/storageAccounts","location":"westus","tags":{},"properties":{"privateEndpointConnections":[],"networkAcls":{"bypass":"AzureServices","virtualNetworkRules":[],"ipRules":[],"defaultAction":"Allow"},"supportsHttpsTrafficOnly":true,"encryption":{"services":{"file":{"keyType":"Account","enabled":true,"lastEnabledTime":"2020-03-03T06:35:53.9029562Z"},"blob":{"keyType":"Account","enabled":true,"lastEnabledTime":"2020-03-03T06:35:53.9029562Z"}},"keySource":"Microsoft.Storage"},"provisioningState":"Succeeded","creationTime":"2020-03-03T06:35:53.8248647Z","primaryEndpoints":{"blob":"https://clitest75g6r5uwkj7ker7wu.blob.core.windows.net/","queue":"https://clitest75g6r5uwkj7ker7wu.queue.core.windows.net/","table":"https://clitest75g6r5uwkj7ker7wu.table.core.windows.net/","file":"https://clitest75g6r5uwkj7ker7wu.file.core.windows.net/"},"primaryLocation":"westus","statusOfPrimary":"available"}},{"sku":{"name":"Standard_LRS","tier":"Standard"},"kind":"Storage","id":"/subscriptions/00000000-0000-0000-0000-000000000000/resourceGroups/cli_test_databox5gpbe2knrizxsitmvje3fbdl44tf6cvpfqbpvsyicxmupsbyhmlcrg4wesk/providers/Microsoft.Storage/storageAccounts/clitest7b5n3o4aahl5rafju","name":"clitest7b5n3o4aahl5rafju","type":"Microsoft.Storage/storageAccounts","location":"westus","tags":{},"properties":{"privateEndpointConnections":[],"networkAcls":{"bypass":"AzureServices","virtualNetworkRules":[],"ipRules":[],"defaultAction":"Allow"},"supportsHttpsTrafficOnly":true,"encryption":{"services":{"file":{"keyType":"Account","enabled":true,"lastEnabledTime":"2020-03-03T08:27:23.1140038Z"},"blob":{"keyType":"Account","enabled":true,"lastEnabledTime":"2020-03-03T08:27:23.1140038Z"}},"keySource":"Microsoft.Storage"},"provisioningState":"Succeeded","creationTime":"2020-03-03T08:27:23.0514944Z","primaryEndpoints":{"blob":"https://clitest7b5n3o4aahl5rafju.blob.core.windows.net/","queue":"https://clitest7b5n3o4aahl5rafju.queue.core.windows.net/","table":"https://clitest7b5n3o4aahl5rafju.table.core.windows.net/","file":"https://clitest7b5n3o4aahl5rafju.file.core.windows.net/"},"primaryLocation":"westus","statusOfPrimary":"available"}},{"sku":{"name":"Standard_LRS","tier":"Standard"},"kind":"Storage","id":"/subscriptions/00000000-0000-0000-0000-000000000000/resourceGroups/cli_test_databoxlekg7y4dtg2pnsaueisdkyqi5mnvmlwxto2cpu3kv7snll4uc37q2rm4wme/providers/Microsoft.Storage/storageAccounts/clitestcu3wv45lektdc3whs","name":"clitestcu3wv45lektdc3whs","type":"Microsoft.Storage/storageAccounts","location":"westus","tags":{},"properties":{"privateEndpointConnections":[],"networkAcls":{"bypass":"AzureServices","virtualNetworkRules":[],"ipRules":[],"defaultAction":"Allow"},"supportsHttpsTrafficOnly":true,"encryption":{"services":{"file":{"keyType":"Account","enabled":true,"lastEnabledTime":"2020-03-03T08:35:04.7531702Z"},"blob":{"keyType":"Account","enabled":true,"lastEnabledTime":"2020-03-03T08:35:04.7531702Z"}},"keySource":"Microsoft.Storage"},"provisioningState":"Succeeded","creationTime":"2020-03-03T08:35:04.6750427Z","primaryEndpoints":{"blob":"https://clitestcu3wv45lektdc3whs.blob.core.windows.net/","queue":"https://clitestcu3wv45lektdc3whs.queue.core.windows.net/","table":"https://clitestcu3wv45lektdc3whs.table.core.windows.net/","file":"https://clitestcu3wv45lektdc3whs.file.core.windows.net/"},"primaryLocation":"westus","statusOfPrimary":"available"}},{"sku":{"name":"Standard_LRS","tier":"Standard"},"kind":"Storage","id":"/subscriptions/00000000-0000-0000-0000-000000000000/resourceGroups/cli_test_databoxeg3csudujzrh2zcvbjytg6gvlkp6sjfcozveffblaqhrzhsslvpr54lg7n2/providers/Microsoft.Storage/storageAccounts/clitestgdfhjpgc2wgbrddlq","name":"clitestgdfhjpgc2wgbrddlq","type":"Microsoft.Storage/storageAccounts","location":"westus","tags":{},"properties":{"privateEndpointConnections":[],"networkAcls":{"bypass":"AzureServices","virtualNetworkRules":[],"ipRules":[],"defaultAction":"Allow"},"supportsHttpsTrafficOnly":true,"encryption":{"services":{"file":{"keyType":"Account","enabled":true,"lastEnabledTime":"2020-03-03T06:28:55.9105364Z"},"blob":{"keyType":"Account","enabled":true,"lastEnabledTime":"2020-03-03T06:28:55.9105364Z"}},"keySource":"Microsoft.Storage"},"provisioningState":"Succeeded","creationTime":"2020-03-03T06:28:55.8480330Z","primaryEndpoints":{"blob":"https://clitestgdfhjpgc2wgbrddlq.blob.core.windows.net/","queue":"https://clitestgdfhjpgc2wgbrddlq.queue.core.windows.net/","table":"https://clitestgdfhjpgc2wgbrddlq.table.core.windows.net/","file":"https://clitestgdfhjpgc2wgbrddlq.file.core.windows.net/"},"primaryLocation":"westus","statusOfPrimary":"available"}},{"sku":{"name":"Standard_LRS","tier":"Standard"},"kind":"Storage","id":"/subscriptions/00000000-0000-0000-0000-000000000000/resourceGroups/cli_test_databoxfgdxtb5b3moqarfyogd7fcognbrlsihjlj3acnscrixetycujoejzzalyi3/providers/Microsoft.Storage/storageAccounts/clitestldg5uo7ika27utek4","name":"clitestldg5uo7ika27utek4","type":"Microsoft.Storage/storageAccounts","location":"westus","tags":{},"properties":{"privateEndpointConnections":[],"networkAcls":{"bypass":"AzureServices","virtualNetworkRules":[],"ipRules":[],"defaultAction":"Allow"},"supportsHttpsTrafficOnly":true,"encryption":{"services":{"file":{"keyType":"Account","enabled":true,"lastEnabledTime":"2020-03-03T08:59:48.7196866Z"},"blob":{"keyType":"Account","enabled":true,"lastEnabledTime":"2020-03-03T08:59:48.7196866Z"}},"keySource":"Microsoft.Storage"},"provisioningState":"Succeeded","creationTime":"2020-03-03T08:59:48.6728325Z","primaryEndpoints":{"blob":"https://clitestldg5uo7ika27utek4.blob.core.windows.net/","queue":"https://clitestldg5uo7ika27utek4.queue.core.windows.net/","table":"https://clitestldg5uo7ika27utek4.table.core.windows.net/","file":"https://clitestldg5uo7ika27utek4.file.core.windows.net/"},"primaryLocation":"westus","statusOfPrimary":"available"}},{"sku":{"name":"Standard_LRS","tier":"Standard"},"kind":"Storage","id":"/subscriptions/00000000-0000-0000-0000-000000000000/resourceGroups/cli_test_databoxrg2slunrj5vx5aydveu66wkj6rh3ildamkumi4zojpcf6f4vastgfp4v3rw/providers/Microsoft.Storage/storageAccounts/clitestmap7c2xyjf3gsd7yg","name":"clitestmap7c2xyjf3gsd7yg","type":"Microsoft.Storage/storageAccounts","location":"westus","tags":{},"properties":{"privateEndpointConnections":[],"networkAcls":{"bypass":"AzureServices","virtualNetworkRules":[],"ipRules":[],"defaultAction":"Allow"},"supportsHttpsTrafficOnly":true,"encryption":{"services":{"file":{"keyType":"Account","enabled":true,"lastEnabledTime":"2020-03-03T09:10:56.7318732Z"},"blob":{"keyType":"Account","enabled":true,"lastEnabledTime":"2020-03-03T09:10:56.7318732Z"}},"keySource":"Microsoft.Storage"},"provisioningState":"Succeeded","creationTime":"2020-03-03T09:10:56.6381622Z","primaryEndpoints":{"blob":"https://clitestmap7c2xyjf3gsd7yg.blob.core.windows.net/","queue":"https://clitestmap7c2xyjf3gsd7yg.queue.core.windows.net/","table":"https://clitestmap7c2xyjf3gsd7yg.table.core.windows.net/","file":"https://clitestmap7c2xyjf3gsd7yg.file.core.windows.net/"},"primaryLocation":"westus","statusOfPrimary":"available"}},{"sku":{"name":"Standard_LRS","tier":"Standard"},"kind":"Storage","id":"/subscriptions/00000000-0000-0000-0000-000000000000/resourceGroups/cli_test_databoxu7woflo47pjem4rfw2djuvafywtfnprfpduospdfotkqkudaylsua3ybqpa/providers/Microsoft.Storage/storageAccounts/clitestnxsheqf5s5rcht46h","name":"clitestnxsheqf5s5rcht46h","type":"Microsoft.Storage/storageAccounts","location":"westus","tags":{},"properties":{"privateEndpointConnections":[],"networkAcls":{"bypass":"AzureServices","virtualNetworkRules":[],"ipRules":[],"defaultAction":"Allow"},"supportsHttpsTrafficOnly":true,"encryption":{"services":{"file":{"keyType":"Account","enabled":true,"lastEnabledTime":"2020-03-03T06:40:27.7931436Z"},"blob":{"keyType":"Account","enabled":true,"lastEnabledTime":"2020-03-03T06:40:27.7931436Z"}},"keySource":"Microsoft.Storage"},"provisioningState":"Succeeded","creationTime":"2020-03-03T06:40:27.7305929Z","primaryEndpoints":{"blob":"https://clitestnxsheqf5s5rcht46h.blob.core.windows.net/","queue":"https://clitestnxsheqf5s5rcht46h.queue.core.windows.net/","table":"https://clitestnxsheqf5s5rcht46h.table.core.windows.net/","file":"https://clitestnxsheqf5s5rcht46h.file.core.windows.net/"},"primaryLocation":"westus","statusOfPrimary":"available"}},{"sku":{"name":"Standard_LRS","tier":"Standard"},"kind":"Storage","id":"/subscriptions/00000000-0000-0000-0000-000000000000/resourceGroups/cli_test_databoxam64dpcskfsb23dkj6zbvxysimh24e3upfdsdmuxbdl2j25ckz2uz5lht5y/providers/Microsoft.Storage/storageAccounts/clitesty2xsxbbcego73beie","name":"clitesty2xsxbbcego73beie","type":"Microsoft.Storage/storageAccounts","location":"westus","tags":{},"properties":{"privateEndpointConnections":[],"networkAcls":{"bypass":"AzureServices","virtualNetworkRules":[],"ipRules":[],"defaultAction":"Allow"},"supportsHttpsTrafficOnly":true,"encryption":{"services":{"file":{"keyType":"Account","enabled":true,"lastEnabledTime":"2020-03-03T05:23:45.1933083Z"},"blob":{"keyType":"Account","enabled":true,"lastEnabledTime":"2020-03-03T05:23:45.1933083Z"}},"keySource":"Microsoft.Storage"},"provisioningState":"Succeeded","creationTime":"2020-03-03T05:23:45.1308322Z","primaryEndpoints":{"blob":"https://clitesty2xsxbbcego73beie.blob.core.windows.net/","queue":"https://clitesty2xsxbbcego73beie.queue.core.windows.net/","table":"https://clitesty2xsxbbcego73beie.table.core.windows.net/","file":"https://clitesty2xsxbbcego73beie.file.core.windows.net/"},"primaryLocation":"westus","statusOfPrimary":"available"}},{"sku":{"name":"Standard_GRS","tier":"Standard"},"kind":"BlobStorage","id":"/subscriptions/00000000-0000-0000-0000-000000000000/resourceGroups/feng-cli-4-rg/providers/Microsoft.Storage/storageAccounts/dbstoragejncjozganwce1","name":"dbstoragejncjozganwce1","type":"Microsoft.Storage/storageAccounts","location":"westus","tags":{"application":"databricks","databricks-environment":"true","type":"test"},"properties":{"privateEndpointConnections":[],"networkAcls":{"bypass":"AzureServices","virtualNetworkRules":[],"ipRules":[],"defaultAction":"Allow"},"supportsHttpsTrafficOnly":true,"encryption":{"services":{"file":{"keyType":"Account","enabled":true,"lastEnabledTime":"2020-02-18T15:46:21.3517172Z"},"blob":{"keyType":"Account","enabled":true,"lastEnabledTime":"2020-02-18T15:46:21.3517172Z"}},"keySource":"Microsoft.Storage"},"accessTier":"Hot","provisioningState":"Succeeded","creationTime":"2020-02-18T15:46:21.2736111Z","primaryEndpoints":{"dfs":"https://dbstoragejncjozganwce1.dfs.core.windows.net/","blob":"https://dbstoragejncjozganwce1.blob.core.windows.net/","table":"https://dbstoragejncjozganwce1.table.core.windows.net/"},"primaryLocation":"westus","statusOfPrimary":"available","secondaryLocation":"eastus","statusOfSecondary":"available"}},{"sku":{"name":"Standard_LRS","tier":"Standard"},"kind":"StorageV2","id":"/subscriptions/00000000-0000-0000-0000-000000000000/resourceGroups/cli_test_storage_encryption000001/providers/Microsoft.Storage/storageAccounts/encryption000002","name":"encryption000002","type":"Microsoft.Storage/storageAccounts","location":"westus","tags":{},"properties":{"privateEndpointConnections":[],"networkAcls":{"bypass":"AzureServices","virtualNetworkRules":[],"ipRules":[],"defaultAction":"Allow"},"supportsHttpsTrafficOnly":true,"encryption":{"services":{"file":{"keyType":"Account","enabled":true,"lastEnabledTime":"2020-03-04T15:21:26.4148253Z"},"blob":{"keyType":"Account","enabled":true,"lastEnabledTime":"2020-03-04T15:21:26.4148253Z"}},"keySource":"Microsoft.Storage"},"accessTier":"Hot","provisioningState":"Succeeded","creationTime":"2020-03-04T15:21:26.3366955Z","primaryEndpoints":{"dfs":"https://encryption000002.dfs.core.windows.net/","web":"https://encryption000002.z22.web.core.windows.net/","blob":"https://encryption000002.blob.core.windows.net/","queue":"https://encryption000002.queue.core.windows.net/","table":"https://encryption000002.table.core.windows.net/","file":"https://encryption000002.file.core.windows.net/"},"primaryLocation":"westus","statusOfPrimary":"available"}},{"sku":{"name":"Standard_LRS","tier":"Standard"},"kind":"Storage","id":"/subscriptions/00000000-0000-0000-0000-000000000000/resourceGroups/IT_fytest2_tmp1_f69d9f89-e47c-4525-b6cd-a02440170611/providers/Microsoft.Storage/storageAccounts/me72kmf5f8ezikpkpah0aj9e","name":"me72kmf5f8ezikpkpah0aj9e","type":"Microsoft.Storage/storageAccounts","location":"westus","tags":{"createdby":"azureimagebuilder","magicvalue":"0d819542a3774a2a8709401a7cd09eb8"},"properties":{"privateEndpointConnections":[],"networkAcls":{"bypass":"AzureServices","virtualNetworkRules":[],"ipRules":[],"defaultAction":"Allow"},"supportsHttpsTrafficOnly":true,"encryption":{"services":{"file":{"keyType":"Account","enabled":true,"lastEnabledTime":"2020-03-04T15:20:41.8352962Z"},"blob":{"keyType":"Account","enabled":true,"lastEnabledTime":"2020-03-04T15:20:41.8352962Z"}},"keySource":"Microsoft.Storage"},"provisioningState":"Succeeded","creationTime":"2020-03-04T15:20:41.7571636Z","primaryEndpoints":{"blob":"https://me72kmf5f8ezikpkpah0aj9e.blob.core.windows.net/","queue":"https://me72kmf5f8ezikpkpah0aj9e.queue.core.windows.net/","table":"https://me72kmf5f8ezikpkpah0aj9e.table.core.windows.net/","file":"https://me72kmf5f8ezikpkpah0aj9e.file.core.windows.net/"},"primaryLocation":"westus","statusOfPrimary":"available"}},{"sku":{"name":"Standard_RAGRS","tier":"Standard"},"kind":"StorageV2","id":"/subscriptions/00000000-0000-0000-0000-000000000000/resourceGroups/yu-test-rg-westus/providers/Microsoft.Storage/storageAccounts/yutestdbsawestus","name":"yutestdbsawestus","type":"Microsoft.Storage/storageAccounts","location":"westus","tags":{},"properties":{"privateEndpointConnections":[],"networkAcls":{"bypass":"AzureServices","virtualNetworkRules":[],"ipRules":[],"defaultAction":"Allow"},"supportsHttpsTrafficOnly":true,"encryption":{"services":{"file":{"keyType":"Account","enabled":true,"lastEnabledTime":"2020-02-25T11:11:24.7554090Z"},"blob":{"keyType":"Account","enabled":true,"lastEnabledTime":"2020-02-25T11:11:24.7554090Z"}},"keySource":"Microsoft.Storage"},"accessTier":"Hot","provisioningState":"Succeeded","creationTime":"2020-02-25T11:11:24.6772540Z","primaryEndpoints":{"dfs":"https://yutestdbsawestus.dfs.core.windows.net/","web":"https://yutestdbsawestus.z22.web.core.windows.net/","blob":"https://yutestdbsawestus.blob.core.windows.net/","queue":"https://yutestdbsawestus.queue.core.windows.net/","table":"https://yutestdbsawestus.table.core.windows.net/","file":"https://yutestdbsawestus.file.core.windows.net/"},"primaryLocation":"westus","statusOfPrimary":"available","secondaryLocation":"eastus","statusOfSecondary":"available","secondaryEndpoints":{"dfs":"https://yutestdbsawestus-secondary.dfs.core.windows.net/","web":"https://yutestdbsawestus-secondary.z22.web.core.windows.net/","blob":"https://yutestdbsawestus-secondary.blob.core.windows.net/","queue":"https://yutestdbsawestus-secondary.queue.core.windows.net/","table":"https://yutestdbsawestus-secondary.table.core.windows.net/"}}},{"sku":{"name":"Standard_RAGRS","tier":"Standard"},"kind":"Storage","id":"/subscriptions/00000000-0000-0000-0000-000000000000/resourceGroups/yu-test-rg-westus/providers/Microsoft.Storage/storageAccounts/yutestlro","name":"yutestlro","type":"Microsoft.Storage/storageAccounts","location":"westus","tags":{},"properties":{"privateEndpointConnections":[],"networkAcls":{"bypass":"AzureServices","virtualNetworkRules":[],"ipRules":[],"defaultAction":"Allow"},"supportsHttpsTrafficOnly":true,"encryption":{"services":{"file":{"keyType":"Account","enabled":true,"lastEnabledTime":"2020-02-28T07:50:15.1386919Z"},"blob":{"keyType":"Account","enabled":true,"lastEnabledTime":"2020-02-28T07:50:15.1386919Z"}},"keySource":"Microsoft.Storage"},"provisioningState":"Succeeded","creationTime":"2020-02-28T07:50:15.0762161Z","primaryEndpoints":{"blob":"https://yutestlro.blob.core.windows.net/","queue":"https://yutestlro.queue.core.windows.net/","table":"https://yutestlro.table.core.windows.net/","file":"https://yutestlro.file.core.windows.net/"},"primaryLocation":"westus","statusOfPrimary":"available","secondaryLocation":"eastus","statusOfSecondary":"available","secondaryEndpoints":{"blob":"https://yutestlro-secondary.blob.core.windows.net/","queue":"https://yutestlro-secondary.queue.core.windows.net/","table":"https://yutestlro-secondary.table.core.windows.net/"}}},{"sku":{"name":"Standard_RAGRS","tier":"Standard"},"kind":"StorageV2","id":"/subscriptions/00000000-0000-0000-0000-000000000000/resourceGroups/zhoxing-test/providers/Microsoft.Storage/storageAccounts/zhoxingtest2","name":"zhoxingtest2","type":"Microsoft.Storage/storageAccounts","location":"westus","tags":{},"properties":{"privateEndpointConnections":[],"networkAcls":{"bypass":"AzureServices","virtualNetworkRules":[],"ipRules":[],"defaultAction":"Allow"},"supportsHttpsTrafficOnly":true,"encryption":{"services":{"file":{"keyType":"Account","enabled":true,"lastEnabledTime":"2020-03-03T03:09:41.7587583Z"},"blob":{"keyType":"Account","enabled":true,"lastEnabledTime":"2020-03-03T03:09:41.7587583Z"}},"keySource":"Microsoft.Storage"},"accessTier":"Hot","provisioningState":"Succeeded","creationTime":"2020-03-03T03:09:41.6962163Z","primaryEndpoints":{"dfs":"https://zhoxingtest2.dfs.core.windows.net/","web":"https://zhoxingtest2.z22.web.core.windows.net/","blob":"https://zhoxingtest2.blob.core.windows.net/","queue":"https://zhoxingtest2.queue.core.windows.net/","table":"https://zhoxingtest2.table.core.windows.net/","file":"https://zhoxingtest2.file.core.windows.net/"},"primaryLocation":"westus","statusOfPrimary":"available","secondaryLocation":"eastus","statusOfSecondary":"available","secondaryEndpoints":{"dfs":"https://zhoxingtest2-secondary.dfs.core.windows.net/","web":"https://zhoxingtest2-secondary.z22.web.core.windows.net/","blob":"https://zhoxingtest2-secondary.blob.core.windows.net/","queue":"https://zhoxingtest2-secondary.queue.core.windows.net/","table":"https://zhoxingtest2-secondary.table.core.windows.net/"}}},{"sku":{"name":"Standard_GRS","tier":"Standard"},"kind":"BlobStorage","id":"/subscriptions/00000000-0000-0000-0000-000000000000/resourceGroups/databricks-rg-cli-workspace-yykq6x3ga4tc6/providers/Microsoft.Storage/storageAccounts/dbstorageusliwalt7mhdu","name":"dbstorageusliwalt7mhdu","type":"Microsoft.Storage/storageAccounts","location":"eastasia","tags":{"application":"databricks","databricks-environment":"true"},"properties":{"privateEndpointConnections":[],"networkAcls":{"bypass":"AzureServices","virtualNetworkRules":[],"ipRules":[],"defaultAction":"Allow"},"supportsHttpsTrafficOnly":true,"encryption":{"services":{"file":{"keyType":"Account","enabled":true,"lastEnabledTime":"2020-02-18T09:43:36.9586710Z"},"blob":{"keyType":"Account","enabled":true,"lastEnabledTime":"2020-02-18T09:43:36.9586710Z"}},"keySource":"Microsoft.Storage"},"accessTier":"Hot","provisioningState":"Succeeded","creationTime":"2020-02-18T09:43:36.9117789Z","primaryEndpoints":{"dfs":"https://dbstorageusliwalt7mhdu.dfs.core.windows.net/","blob":"https://dbstorageusliwalt7mhdu.blob.core.windows.net/","table":"https://dbstorageusliwalt7mhdu.table.core.windows.net/"},"primaryLocation":"eastasia","statusOfPrimary":"available","secondaryLocation":"southeastasia","statusOfSecondary":"available"}},{"sku":{"name":"Standard_LRS","tier":"Standard"},"kind":"StorageV2","id":"/subscriptions/00000000-0000-0000-0000-000000000000/resourceGroups/feng-cli-rg/providers/Microsoft.Storage/storageAccounts/fengws1storage296335f3c7","name":"fengws1storage296335f3c7","type":"Microsoft.Storage/storageAccounts","location":"eastasia","tags":{},"properties":{"privateEndpointConnections":[],"networkAcls":{"bypass":"AzureServices","virtualNetworkRules":[],"ipRules":[],"defaultAction":"Allow"},"supportsHttpsTrafficOnly":true,"encryption":{"services":{"file":{"keyType":"Account","enabled":true,"lastEnabledTime":"2020-02-14T14:41:02.2224956Z"},"blob":{"keyType":"Account","enabled":true,"lastEnabledTime":"2020-02-14T14:41:02.2224956Z"}},"keySource":"Microsoft.Storage"},"accessTier":"Hot","provisioningState":"Succeeded","creationTime":"2020-02-14T14:41:02.1600089Z","primaryEndpoints":{"dfs":"https://fengws1storage296335f3c7.dfs.core.windows.net/","web":"https://fengws1storage296335f3c7.z7.web.core.windows.net/","blob":"https://fengws1storage296335f3c7.blob.core.windows.net/","queue":"https://fengws1storage296335f3c7.queue.core.windows.net/","table":"https://fengws1storage296335f3c7.table.core.windows.net/","file":"https://fengws1storage296335f3c7.file.core.windows.net/"},"primaryLocation":"eastasia","statusOfPrimary":"available"}},{"sku":{"name":"Standard_GRS","tier":"Standard"},"kind":"BlobStorage","id":"/subscriptions/00000000-0000-0000-0000-000000000000/resourceGroups/my-workspace-rg/providers/Microsoft.Storage/storageAccounts/mydatabricksstorage1","name":"mydatabricksstorage1","type":"Microsoft.Storage/storageAccounts","location":"eastasia","tags":{"application":"databricks","databricks-environment":"true"},"properties":{"privateEndpointConnections":[],"networkAcls":{"bypass":"AzureServices","virtualNetworkRules":[],"ipRules":[],"defaultAction":"Allow"},"supportsHttpsTrafficOnly":true,"encryption":{"services":{"file":{"keyType":"Account","enabled":true,"lastEnabledTime":"2020-02-20T07:17:36.2902525Z"},"blob":{"keyType":"Account","enabled":true,"lastEnabledTime":"2020-02-20T07:17:36.2902525Z"}},"keySource":"Microsoft.Storage"},"accessTier":"Hot","provisioningState":"Succeeded","creationTime":"2020-02-20T07:17:36.2277299Z","primaryEndpoints":{"dfs":"https://mydatabricksstorage1.dfs.core.windows.net/","blob":"https://mydatabricksstorage1.blob.core.windows.net/","table":"https://mydatabricksstorage1.table.core.windows.net/"},"primaryLocation":"eastasia","statusOfPrimary":"available","secondaryLocation":"southeastasia","statusOfSecondary":"available"}},{"sku":{"name":"Standard_LRS","tier":"Standard"},"kind":"Storage","id":"/subscriptions/00000000-0000-0000-0000-000000000000/resourceGroups/clitest.rg6i4hl6iakg/providers/Microsoft.Storage/storageAccounts/clitestu3p7a7ib4n4y7gt4m","name":"clitestu3p7a7ib4n4y7gt4m","type":"Microsoft.Storage/storageAccounts","location":"southeastasia","tags":{},"properties":{"privateEndpointConnections":[],"networkAcls":{"bypass":"AzureServices","virtualNetworkRules":[],"ipRules":[],"defaultAction":"Allow"},"supportsHttpsTrafficOnly":true,"encryption":{"services":{"file":{"keyType":"Account","enabled":true,"lastEnabledTime":"2019-12-30T01:51:53.0814418Z"},"blob":{"keyType":"Account","enabled":true,"lastEnabledTime":"2019-12-30T01:51:53.0814418Z"}},"keySource":"Microsoft.Storage"},"provisioningState":"Succeeded","creationTime":"2019-12-30T01:51:53.0189478Z","primaryEndpoints":{"blob":"https://clitestu3p7a7ib4n4y7gt4m.blob.core.windows.net/","queue":"https://clitestu3p7a7ib4n4y7gt4m.queue.core.windows.net/","table":"https://clitestu3p7a7ib4n4y7gt4m.table.core.windows.net/","file":"https://clitestu3p7a7ib4n4y7gt4m.file.core.windows.net/"},"primaryLocation":"southeastasia","statusOfPrimary":"available"}},{"sku":{"name":"Standard_LRS","tier":"Standard"},"kind":"StorageV2","id":"/subscriptions/00000000-0000-0000-0000-000000000000/resourceGroups/jlrg1/providers/Microsoft.Storage/storageAccounts/jlcsst","name":"jlcsst","type":"Microsoft.Storage/storageAccounts","location":"southeastasia","tags":{"ms-resource-usage":"azure-cloud-shell"},"properties":{"privateEndpointConnections":[],"networkAcls":{"bypass":"AzureServices","virtualNetworkRules":[],"ipRules":[],"defaultAction":"Allow"},"supportsHttpsTrafficOnly":true,"encryption":{"services":{"file":{"keyType":"Account","enabled":true,"lastEnabledTime":"2020-03-02T07:15:45.8047726Z"},"blob":{"keyType":"Account","enabled":true,"lastEnabledTime":"2020-03-02T07:15:45.8047726Z"}},"keySource":"Microsoft.Storage"},"accessTier":"Hot","provisioningState":"Succeeded","creationTime":"2020-03-02T07:15:45.7422455Z","primaryEndpoints":{"dfs":"https://jlcsst.dfs.core.windows.net/","web":"https://jlcsst.z23.web.core.windows.net/","blob":"https://jlcsst.blob.core.windows.net/","queue":"https://jlcsst.queue.core.windows.net/","table":"https://jlcsst.table.core.windows.net/","file":"https://jlcsst.file.core.windows.net/"},"primaryLocation":"southeastasia","statusOfPrimary":"available"}},{"sku":{"name":"Standard_LRS","tier":"Standard"},"kind":"Storage","id":"/subscriptions/00000000-0000-0000-0000-000000000000/resourceGroups/jlvm2rg/providers/Microsoft.Storage/storageAccounts/jlvm2rgdiag","name":"jlvm2rgdiag","type":"Microsoft.Storage/storageAccounts","location":"southeastasia","tags":{},"properties":{"privateEndpointConnections":[],"networkAcls":{"bypass":"AzureServices","virtualNetworkRules":[],"ipRules":[],"defaultAction":"Allow"},"supportsHttpsTrafficOnly":true,"encryption":{"services":{"file":{"keyType":"Account","enabled":true,"lastEnabledTime":"2020-03-03T04:41:48.6974827Z"},"blob":{"keyType":"Account","enabled":true,"lastEnabledTime":"2020-03-03T04:41:48.6974827Z"}},"keySource":"Microsoft.Storage"},"provisioningState":"Succeeded","creationTime":"2020-03-03T04:41:48.6505931Z","primaryEndpoints":{"blob":"https://jlvm2rgdiag.blob.core.windows.net/","queue":"https://jlvm2rgdiag.queue.core.windows.net/","table":"https://jlvm2rgdiag.table.core.windows.net/","file":"https://jlvm2rgdiag.file.core.windows.net/"},"primaryLocation":"southeastasia","statusOfPrimary":"available"}},{"sku":{"name":"Standard_LRS","tier":"Standard"},"kind":"Storage","id":"/subscriptions/00000000-0000-0000-0000-000000000000/resourceGroups/qianwens/providers/Microsoft.Storage/storageAccounts/qianwensdiag","name":"qianwensdiag","type":"Microsoft.Storage/storageAccounts","location":"southeastasia","tags":{},"properties":{"privateEndpointConnections":[],"networkAcls":{"bypass":"AzureServices","virtualNetworkRules":[],"ipRules":[],"defaultAction":"Allow"},"supportsHttpsTrafficOnly":true,"encryption":{"services":{"file":{"keyType":"Account","enabled":true,"lastEnabledTime":"2020-02-04T07:17:09.1138103Z"},"blob":{"keyType":"Account","enabled":true,"lastEnabledTime":"2020-02-04T07:17:09.1138103Z"}},"keySource":"Microsoft.Storage"},"provisioningState":"Succeeded","creationTime":"2020-02-04T07:17:09.0514178Z","primaryEndpoints":{"blob":"https://qianwensdiag.blob.core.windows.net/","queue":"https://qianwensdiag.queue.core.windows.net/","table":"https://qianwensdiag.table.core.windows.net/","file":"https://qianwensdiag.file.core.windows.net/"},"primaryLocation":"southeastasia","statusOfPrimary":"available"}},{"sku":{"name":"Standard_RAGRS","tier":"Standard"},"kind":"StorageV2","id":"/subscriptions/00000000-0000-0000-0000-000000000000/resourceGroups/yeming/providers/Microsoft.Storage/storageAccounts/yeming","name":"yeming","type":"Microsoft.Storage/storageAccounts","location":"southeastasia","tags":{},"properties":{"privateEndpointConnections":[],"networkAcls":{"bypass":"AzureServices","virtualNetworkRules":[],"ipRules":[],"defaultAction":"Allow"},"supportsHttpsTrafficOnly":true,"encryption":{"services":{"file":{"keyType":"Account","enabled":true,"lastEnabledTime":"2019-12-04T06:41:07.4012554Z"},"blob":{"keyType":"Account","enabled":true,"lastEnabledTime":"2019-12-04T06:41:07.4012554Z"}},"keySource":"Microsoft.Storage"},"accessTier":"Hot","provisioningState":"Succeeded","creationTime":"2019-12-04T06:41:07.3699884Z","primaryEndpoints":{"dfs":"https://yeming.dfs.core.windows.net/","web":"https://yeming.z23.web.core.windows.net/","blob":"https://yeming.blob.core.windows.net/","queue":"https://yeming.queue.core.windows.net/","table":"https://yeming.table.core.windows.net/","file":"https://yeming.file.core.windows.net/"},"primaryLocation":"southeastasia","statusOfPrimary":"available","secondaryLocation":"eastasia","statusOfSecondary":"available","secondaryEndpoints":{"dfs":"https://yeming-secondary.dfs.core.windows.net/","web":"https://yeming-secondary.z23.web.core.windows.net/","blob":"https://yeming-secondary.blob.core.windows.net/","queue":"https://yeming-secondary.queue.core.windows.net/","table":"https://yeming-secondary.table.core.windows.net/"}}},{"sku":{"name":"Standard_LRS","tier":"Standard"},"kind":"Storage","id":"/subscriptions/00000000-0000-0000-0000-000000000000/resourceGroups/azure-cli-test-rg/providers/Microsoft.Storage/storageAccounts/azureclitestrgdiag748","name":"azureclitestrgdiag748","type":"Microsoft.Storage/storageAccounts","location":"japaneast","tags":{},"properties":{"privateEndpointConnections":[],"networkAcls":{"bypass":"AzureServices","virtualNetworkRules":[],"ipRules":[],"defaultAction":"Allow"},"supportsHttpsTrafficOnly":true,"encryption":{"services":{"file":{"keyType":"Account","enabled":true,"lastEnabledTime":"2020-03-01T05:17:58.5405622Z"},"blob":{"keyType":"Account","enabled":true,"lastEnabledTime":"2020-03-01T05:17:58.5405622Z"}},"keySource":"Microsoft.Storage"},"provisioningState":"Succeeded","creationTime":"2020-03-01T05:17:58.4936629Z","primaryEndpoints":{"blob":"https://azureclitestrgdiag748.blob.core.windows.net/","queue":"https://azureclitestrgdiag748.queue.core.windows.net/","table":"https://azureclitestrgdiag748.table.core.windows.net/","file":"https://azureclitestrgdiag748.file.core.windows.net/"},"primaryLocation":"japaneast","statusOfPrimary":"available"}},{"sku":{"name":"Standard_LRS","tier":"Standard"},"kind":"Storage","id":"/subscriptions/00000000-0000-0000-0000-000000000000/resourceGroups/bim-rg/providers/Microsoft.Storage/storageAccounts/bimrgdiag","name":"bimrgdiag","type":"Microsoft.Storage/storageAccounts","location":"japaneast","tags":{},"properties":{"privateEndpointConnections":[],"networkAcls":{"bypass":"AzureServices","virtualNetworkRules":[],"ipRules":[],"defaultAction":"Allow"},"supportsHttpsTrafficOnly":true,"encryption":{"services":{"file":{"keyType":"Account","enabled":true,"lastEnabledTime":"2020-02-12T15:04:32.1018377Z"},"blob":{"keyType":"Account","enabled":true,"lastEnabledTime":"2020-02-12T15:04:32.1018377Z"}},"keySource":"Microsoft.Storage"},"provisioningState":"Succeeded","creationTime":"2020-02-12T15:04:32.0706109Z","primaryEndpoints":{"blob":"https://bimrgdiag.blob.core.windows.net/","queue":"https://bimrgdiag.queue.core.windows.net/","table":"https://bimrgdiag.table.core.windows.net/","file":"https://bimrgdiag.file.core.windows.net/"},"primaryLocation":"japaneast","statusOfPrimary":"available"}},{"sku":{"name":"Standard_GRS","tier":"Standard"},"kind":"BlobStorage","id":"/subscriptions/00000000-0000-0000-0000-000000000000/resourceGroups/databricks-rg-feng-workspace-2dmcpf2mtjrsa/providers/Microsoft.Storage/storageAccounts/dbstorageyd5d33zx2ebes","name":"dbstorageyd5d33zx2ebes","type":"Microsoft.Storage/storageAccounts","location":"japaneast","tags":{"application":"databricks","databricks-environment":"true"},"properties":{"privateEndpointConnections":[],"networkAcls":{"bypass":"AzureServices","virtualNetworkRules":[],"ipRules":[],"defaultAction":"Allow"},"supportsHttpsTrafficOnly":true,"encryption":{"services":{"file":{"keyType":"Account","enabled":true,"lastEnabledTime":"2020-02-18T12:36:10.3371706Z"},"blob":{"keyType":"Account","enabled":true,"lastEnabledTime":"2020-02-18T12:36:10.3371706Z"}},"keySource":"Microsoft.Storage"},"accessTier":"Hot","provisioningState":"Succeeded","creationTime":"2020-02-18T12:36:10.2902961Z","primaryEndpoints":{"dfs":"https://dbstorageyd5d33zx2ebes.dfs.core.windows.net/","blob":"https://dbstorageyd5d33zx2ebes.blob.core.windows.net/","table":"https://dbstorageyd5d33zx2ebes.table.core.windows.net/"},"primaryLocation":"japaneast","statusOfPrimary":"available","secondaryLocation":"japanwest","statusOfSecondary":"available"}},{"sku":{"name":"Standard_LRS","tier":"Standard"},"kind":"Storage","id":"/subscriptions/00000000-0000-0000-0000-000000000000/resourceGroups/feng-cli-rg/providers/Microsoft.Storage/storageAccounts/fengclirgdiag","name":"fengclirgdiag","type":"Microsoft.Storage/storageAccounts","location":"japaneast","tags":{},"properties":{"privateEndpointConnections":[],"networkAcls":{"bypass":"AzureServices","virtualNetworkRules":[],"ipRules":[],"defaultAction":"Allow"},"supportsHttpsTrafficOnly":true,"encryption":{"services":{"file":{"keyType":"Account","enabled":true,"lastEnabledTime":"2020-03-01T07:10:20.0599535Z"},"blob":{"keyType":"Account","enabled":true,"lastEnabledTime":"2020-03-01T07:10:20.0599535Z"}},"keySource":"Microsoft.Storage"},"provisioningState":"Succeeded","creationTime":"2020-03-01T07:10:19.9974827Z","primaryEndpoints":{"blob":"https://fengclirgdiag.blob.core.windows.net/","queue":"https://fengclirgdiag.queue.core.windows.net/","table":"https://fengclirgdiag.table.core.windows.net/","file":"https://fengclirgdiag.file.core.windows.net/"},"primaryLocation":"japaneast","statusOfPrimary":"available"}},{"sku":{"name":"Standard_LRS","tier":"Standard"},"kind":"Storage","id":"/subscriptions/00000000-0000-0000-0000-000000000000/resourceGroups/zhoxing-test/providers/Microsoft.Storage/storageAccounts/store6472qnxl3vv5o","name":"store6472qnxl3vv5o","type":"Microsoft.Storage/storageAccounts","location":"southcentralus","tags":{"project":"Digital
        Platform","env":"CI"},"properties":{"privateEndpointConnections":[],"networkAcls":{"bypass":"AzureServices","virtualNetworkRules":[],"ipRules":[],"defaultAction":"Allow"},"supportsHttpsTrafficOnly":true,"encryption":{"services":{"file":{"keyType":"Account","enabled":true,"lastEnabledTime":"2020-02-27T08:24:34.7235260Z"},"blob":{"keyType":"Account","enabled":true,"lastEnabledTime":"2020-02-27T08:24:34.7235260Z"}},"keySource":"Microsoft.Storage"},"provisioningState":"Succeeded","creationTime":"2020-02-27T08:24:34.6453999Z","primaryEndpoints":{"blob":"https://store6472qnxl3vv5o.blob.core.windows.net/","queue":"https://store6472qnxl3vv5o.queue.core.windows.net/","table":"https://store6472qnxl3vv5o.table.core.windows.net/","file":"https://store6472qnxl3vv5o.file.core.windows.net/"},"primaryLocation":"southcentralus","statusOfPrimary":"available"}},{"sku":{"name":"Standard_RAGRS","tier":"Standard"},"kind":"Storage","id":"/subscriptions/00000000-0000-0000-0000-000000000000/resourceGroups/feng-cli-rg/providers/Microsoft.Storage/storageAccounts/fengclitest","name":"fengclitest","type":"Microsoft.Storage/storageAccounts","location":"centralus","tags":{},"properties":{"privateEndpointConnections":[],"networkAcls":{"bypass":"AzureServices","virtualNetworkRules":[],"ipRules":[],"defaultAction":"Allow"},"supportsHttpsTrafficOnly":true,"encryption":{"services":{"file":{"keyType":"Account","enabled":true,"lastEnabledTime":"2020-02-09T05:03:17.9861949Z"},"blob":{"keyType":"Account","enabled":true,"lastEnabledTime":"2020-02-09T05:03:17.9861949Z"}},"keySource":"Microsoft.Storage"},"provisioningState":"Succeeded","creationTime":"2020-02-09T05:03:17.8924377Z","primaryEndpoints":{"blob":"https://fengclitest.blob.core.windows.net/","queue":"https://fengclitest.queue.core.windows.net/","table":"https://fengclitest.table.core.windows.net/","file":"https://fengclitest.file.core.windows.net/"},"primaryLocation":"centralus","statusOfPrimary":"available","secondaryLocation":"eastus2","statusOfSecondary":"available","secondaryEndpoints":{"blob":"https://fengclitest-secondary.blob.core.windows.net/","queue":"https://fengclitest-secondary.queue.core.windows.net/","table":"https://fengclitest-secondary.table.core.windows.net/"}}},{"sku":{"name":"Standard_RAGRS","tier":"Standard"},"kind":"StorageV2","id":"/subscriptions/00000000-0000-0000-0000-000000000000/resourceGroups/feng-cli-rg/providers/Microsoft.Storage/storageAccounts/fengsa","name":"fengsa","type":"Microsoft.Storage/storageAccounts","location":"centralus","tags":{},"properties":{"privateEndpointConnections":[],"networkAcls":{"bypass":"AzureServices","virtualNetworkRules":[],"ipRules":[],"defaultAction":"Allow"},"supportsHttpsTrafficOnly":true,"encryption":{"services":{"file":{"keyType":"Account","enabled":true,"lastEnabledTime":"2020-01-06T04:33:22.9379802Z"},"blob":{"keyType":"Account","enabled":true,"lastEnabledTime":"2020-01-06T04:33:22.9379802Z"}},"keySource":"Microsoft.Storage"},"accessTier":"Hot","provisioningState":"Succeeded","creationTime":"2020-01-06T04:33:22.8754625Z","primaryEndpoints":{"dfs":"https://fengsa.dfs.core.windows.net/","web":"https://fengsa.z19.web.core.windows.net/","blob":"https://fengsa.blob.core.windows.net/","queue":"https://fengsa.queue.core.windows.net/","table":"https://fengsa.table.core.windows.net/","file":"https://fengsa.file.core.windows.net/"},"primaryLocation":"centralus","statusOfPrimary":"available","secondaryLocation":"eastus2","statusOfSecondary":"available","secondaryEndpoints":{"dfs":"https://fengsa-secondary.dfs.core.windows.net/","web":"https://fengsa-secondary.z19.web.core.windows.net/","blob":"https://fengsa-secondary.blob.core.windows.net/","queue":"https://fengsa-secondary.queue.core.windows.net/","table":"https://fengsa-secondary.table.core.windows.net/"}}},{"sku":{"name":"Standard_LRS","tier":"Standard"},"kind":"Storage","id":"/subscriptions/00000000-0000-0000-0000-000000000000/resourceGroups/zhoxing-test/providers/Microsoft.Storage/storageAccounts/storageaccountzhoxib2a8","name":"storageaccountzhoxib2a8","type":"Microsoft.Storage/storageAccounts","location":"centralus","tags":{},"properties":{"privateEndpointConnections":[],"networkAcls":{"bypass":"AzureServices","virtualNetworkRules":[],"ipRules":[],"defaultAction":"Allow"},"supportsHttpsTrafficOnly":true,"encryption":{"services":{"file":{"keyType":"Account","enabled":true,"lastEnabledTime":"2020-02-25T06:54:03.9825980Z"},"blob":{"keyType":"Account","enabled":true,"lastEnabledTime":"2020-02-25T06:54:03.9825980Z"}},"keySource":"Microsoft.Storage"},"provisioningState":"Succeeded","creationTime":"2020-02-25T06:54:03.9044955Z","primaryEndpoints":{"blob":"https://storageaccountzhoxib2a8.blob.core.windows.net/","queue":"https://storageaccountzhoxib2a8.queue.core.windows.net/","table":"https://storageaccountzhoxib2a8.table.core.windows.net/","file":"https://storageaccountzhoxib2a8.file.core.windows.net/"},"primaryLocation":"centralus","statusOfPrimary":"available"}},{"sku":{"name":"Standard_RAGRS","tier":"Standard"},"kind":"StorageV2","id":"/subscriptions/00000000-0000-0000-0000-000000000000/resourceGroups/storage-v2rt-repro/providers/Microsoft.Storage/storageAccounts/storagesfrepro1","name":"storagesfrepro1","type":"Microsoft.Storage/storageAccounts","location":"centralus","tags":{},"properties":{"privateEndpointConnections":[],"networkAcls":{"bypass":"AzureServices","virtualNetworkRules":[],"ipRules":[],"defaultAction":"Allow"},"supportsHttpsTrafficOnly":true,"encryption":{"services":{"file":{"keyType":"Account","enabled":true,"lastEnabledTime":"2019-02-26T04:07:42.2058942Z"},"blob":{"keyType":"Account","enabled":true,"lastEnabledTime":"2019-02-26T04:07:42.2058942Z"}},"keySource":"Microsoft.Storage"},"accessTier":"Hot","provisioningState":"Succeeded","creationTime":"2019-02-26T04:07:42.1277444Z","primaryEndpoints":{"dfs":"https://storagesfrepro1.dfs.core.windows.net/","web":"https://storagesfrepro1.z19.web.core.windows.net/","blob":"https://storagesfrepro1.blob.core.windows.net/","queue":"https://storagesfrepro1.queue.core.windows.net/","table":"https://storagesfrepro1.table.core.windows.net/","file":"https://storagesfrepro1.file.core.windows.net/"},"primaryLocation":"centralus","statusOfPrimary":"available","secondaryLocation":"eastus2","statusOfSecondary":"available","secondaryEndpoints":{"dfs":"https://storagesfrepro1-secondary.dfs.core.windows.net/","web":"https://storagesfrepro1-secondary.z19.web.core.windows.net/","blob":"https://storagesfrepro1-secondary.blob.core.windows.net/","queue":"https://storagesfrepro1-secondary.queue.core.windows.net/","table":"https://storagesfrepro1-secondary.table.core.windows.net/"}}},{"sku":{"name":"Standard_RAGRS","tier":"Standard"},"kind":"StorageV2","id":"/subscriptions/00000000-0000-0000-0000-000000000000/resourceGroups/storage-v2rt-repro/providers/Microsoft.Storage/storageAccounts/storagesfrepro10","name":"storagesfrepro10","type":"Microsoft.Storage/storageAccounts","location":"centralus","tags":{},"properties":{"privateEndpointConnections":[],"networkAcls":{"bypass":"AzureServices","virtualNetworkRules":[],"ipRules":[],"defaultAction":"Allow"},"supportsHttpsTrafficOnly":true,"encryption":{"services":{"file":{"keyType":"Account","enabled":true,"lastEnabledTime":"2019-02-26T04:14:00.8753334Z"},"blob":{"keyType":"Account","enabled":true,"lastEnabledTime":"2019-02-26T04:14:00.8753334Z"}},"keySource":"Microsoft.Storage"},"accessTier":"Hot","provisioningState":"Succeeded","creationTime":"2019-02-26T04:14:00.7815921Z","primaryEndpoints":{"dfs":"https://storagesfrepro10.dfs.core.windows.net/","web":"https://storagesfrepro10.z19.web.core.windows.net/","blob":"https://storagesfrepro10.blob.core.windows.net/","queue":"https://storagesfrepro10.queue.core.windows.net/","table":"https://storagesfrepro10.table.core.windows.net/","file":"https://storagesfrepro10.file.core.windows.net/"},"primaryLocation":"centralus","statusOfPrimary":"available","secondaryLocation":"eastus2","statusOfSecondary":"available","secondaryEndpoints":{"dfs":"https://storagesfrepro10-secondary.dfs.core.windows.net/","web":"https://storagesfrepro10-secondary.z19.web.core.windows.net/","blob":"https://storagesfrepro10-secondary.blob.core.windows.net/","queue":"https://storagesfrepro10-secondary.queue.core.windows.net/","table":"https://storagesfrepro10-secondary.table.core.windows.net/"}}},{"sku":{"name":"Standard_RAGRS","tier":"Standard"},"kind":"StorageV2","id":"/subscriptions/00000000-0000-0000-0000-000000000000/resourceGroups/storage-v2rt-repro/providers/Microsoft.Storage/storageAccounts/storagesfrepro11","name":"storagesfrepro11","type":"Microsoft.Storage/storageAccounts","location":"centralus","tags":{},"properties":{"privateEndpointConnections":[],"networkAcls":{"bypass":"AzureServices","virtualNetworkRules":[],"ipRules":[],"defaultAction":"Allow"},"supportsHttpsTrafficOnly":true,"encryption":{"services":{"file":{"keyType":"Account","enabled":true,"lastEnabledTime":"2019-02-26T04:14:28.9859417Z"},"blob":{"keyType":"Account","enabled":true,"lastEnabledTime":"2019-02-26T04:14:28.9859417Z"}},"keySource":"Microsoft.Storage"},"accessTier":"Hot","provisioningState":"Succeeded","creationTime":"2019-02-26T04:14:28.8609347Z","primaryEndpoints":{"dfs":"https://storagesfrepro11.dfs.core.windows.net/","web":"https://storagesfrepro11.z19.web.core.windows.net/","blob":"https://storagesfrepro11.blob.core.windows.net/","queue":"https://storagesfrepro11.queue.core.windows.net/","table":"https://storagesfrepro11.table.core.windows.net/","file":"https://storagesfrepro11.file.core.windows.net/"},"primaryLocation":"centralus","statusOfPrimary":"available","secondaryLocation":"eastus2","statusOfSecondary":"available","secondaryEndpoints":{"dfs":"https://storagesfrepro11-secondary.dfs.core.windows.net/","web":"https://storagesfrepro11-secondary.z19.web.core.windows.net/","blob":"https://storagesfrepro11-secondary.blob.core.windows.net/","queue":"https://storagesfrepro11-secondary.queue.core.windows.net/","table":"https://storagesfrepro11-secondary.table.core.windows.net/"}}},{"sku":{"name":"Standard_RAGRS","tier":"Standard"},"kind":"StorageV2","id":"/subscriptions/00000000-0000-0000-0000-000000000000/resourceGroups/storage-v2rt-repro/providers/Microsoft.Storage/storageAccounts/storagesfrepro12","name":"storagesfrepro12","type":"Microsoft.Storage/storageAccounts","location":"centralus","tags":{},"properties":{"privateEndpointConnections":[],"networkAcls":{"bypass":"AzureServices","virtualNetworkRules":[],"ipRules":[],"defaultAction":"Allow"},"supportsHttpsTrafficOnly":true,"encryption":{"services":{"file":{"keyType":"Account","enabled":true,"lastEnabledTime":"2019-02-26T04:15:15.6785362Z"},"blob":{"keyType":"Account","enabled":true,"lastEnabledTime":"2019-02-26T04:15:15.6785362Z"}},"keySource":"Microsoft.Storage"},"accessTier":"Hot","provisioningState":"Succeeded","creationTime":"2019-02-26T04:15:15.5848345Z","primaryEndpoints":{"dfs":"https://storagesfrepro12.dfs.core.windows.net/","web":"https://storagesfrepro12.z19.web.core.windows.net/","blob":"https://storagesfrepro12.blob.core.windows.net/","queue":"https://storagesfrepro12.queue.core.windows.net/","table":"https://storagesfrepro12.table.core.windows.net/","file":"https://storagesfrepro12.file.core.windows.net/"},"primaryLocation":"centralus","statusOfPrimary":"available","secondaryLocation":"eastus2","statusOfSecondary":"available","secondaryEndpoints":{"dfs":"https://storagesfrepro12-secondary.dfs.core.windows.net/","web":"https://storagesfrepro12-secondary.z19.web.core.windows.net/","blob":"https://storagesfrepro12-secondary.blob.core.windows.net/","queue":"https://storagesfrepro12-secondary.queue.core.windows.net/","table":"https://storagesfrepro12-secondary.table.core.windows.net/"}}},{"sku":{"name":"Standard_RAGRS","tier":"Standard"},"kind":"StorageV2","id":"/subscriptions/00000000-0000-0000-0000-000000000000/resourceGroups/storage-v2rt-repro/providers/Microsoft.Storage/storageAccounts/storagesfrepro13","name":"storagesfrepro13","type":"Microsoft.Storage/storageAccounts","location":"centralus","tags":{},"properties":{"privateEndpointConnections":[],"networkAcls":{"bypass":"AzureServices","virtualNetworkRules":[],"ipRules":[],"defaultAction":"Allow"},"supportsHttpsTrafficOnly":true,"encryption":{"services":{"file":{"keyType":"Account","enabled":true,"lastEnabledTime":"2019-02-26T04:16:55.7609361Z"},"blob":{"keyType":"Account","enabled":true,"lastEnabledTime":"2019-02-26T04:16:55.7609361Z"}},"keySource":"Microsoft.Storage"},"accessTier":"Hot","provisioningState":"Succeeded","creationTime":"2019-02-26T04:16:55.6671828Z","primaryEndpoints":{"dfs":"https://storagesfrepro13.dfs.core.windows.net/","web":"https://storagesfrepro13.z19.web.core.windows.net/","blob":"https://storagesfrepro13.blob.core.windows.net/","queue":"https://storagesfrepro13.queue.core.windows.net/","table":"https://storagesfrepro13.table.core.windows.net/","file":"https://storagesfrepro13.file.core.windows.net/"},"primaryLocation":"centralus","statusOfPrimary":"available","secondaryLocation":"eastus2","statusOfSecondary":"available","secondaryEndpoints":{"dfs":"https://storagesfrepro13-secondary.dfs.core.windows.net/","web":"https://storagesfrepro13-secondary.z19.web.core.windows.net/","blob":"https://storagesfrepro13-secondary.blob.core.windows.net/","queue":"https://storagesfrepro13-secondary.queue.core.windows.net/","table":"https://storagesfrepro13-secondary.table.core.windows.net/"}}},{"sku":{"name":"Standard_RAGRS","tier":"Standard"},"kind":"StorageV2","id":"/subscriptions/00000000-0000-0000-0000-000000000000/resourceGroups/storage-v2rt-repro/providers/Microsoft.Storage/storageAccounts/storagesfrepro14","name":"storagesfrepro14","type":"Microsoft.Storage/storageAccounts","location":"centralus","tags":{},"properties":{"privateEndpointConnections":[],"networkAcls":{"bypass":"AzureServices","virtualNetworkRules":[],"ipRules":[],"defaultAction":"Allow"},"supportsHttpsTrafficOnly":true,"encryption":{"services":{"file":{"keyType":"Account","enabled":true,"lastEnabledTime":"2019-02-26T04:17:40.7661469Z"},"blob":{"keyType":"Account","enabled":true,"lastEnabledTime":"2019-02-26T04:17:40.7661469Z"}},"keySource":"Microsoft.Storage"},"accessTier":"Hot","provisioningState":"Succeeded","creationTime":"2019-02-26T04:17:40.6880204Z","primaryEndpoints":{"dfs":"https://storagesfrepro14.dfs.core.windows.net/","web":"https://storagesfrepro14.z19.web.core.windows.net/","blob":"https://storagesfrepro14.blob.core.windows.net/","queue":"https://storagesfrepro14.queue.core.windows.net/","table":"https://storagesfrepro14.table.core.windows.net/","file":"https://storagesfrepro14.file.core.windows.net/"},"primaryLocation":"centralus","statusOfPrimary":"available","secondaryLocation":"eastus2","statusOfSecondary":"available","secondaryEndpoints":{"dfs":"https://storagesfrepro14-secondary.dfs.core.windows.net/","web":"https://storagesfrepro14-secondary.z19.web.core.windows.net/","blob":"https://storagesfrepro14-secondary.blob.core.windows.net/","queue":"https://storagesfrepro14-secondary.queue.core.windows.net/","table":"https://storagesfrepro14-secondary.table.core.windows.net/"}}},{"sku":{"name":"Standard_RAGRS","tier":"Standard"},"kind":"StorageV2","id":"/subscriptions/00000000-0000-0000-0000-000000000000/resourceGroups/storage-v2rt-repro/providers/Microsoft.Storage/storageAccounts/storagesfrepro15","name":"storagesfrepro15","type":"Microsoft.Storage/storageAccounts","location":"centralus","tags":{},"properties":{"privateEndpointConnections":[],"networkAcls":{"bypass":"AzureServices","virtualNetworkRules":[],"ipRules":[],"defaultAction":"Allow"},"supportsHttpsTrafficOnly":true,"encryption":{"services":{"file":{"keyType":"Account","enabled":true,"lastEnabledTime":"2019-02-26T04:18:52.1812445Z"},"blob":{"keyType":"Account","enabled":true,"lastEnabledTime":"2019-02-26T04:18:52.1812445Z"}},"keySource":"Microsoft.Storage"},"accessTier":"Hot","provisioningState":"Succeeded","creationTime":"2019-02-26T04:18:52.0718543Z","primaryEndpoints":{"dfs":"https://storagesfrepro15.dfs.core.windows.net/","web":"https://storagesfrepro15.z19.web.core.windows.net/","blob":"https://storagesfrepro15.blob.core.windows.net/","queue":"https://storagesfrepro15.queue.core.windows.net/","table":"https://storagesfrepro15.table.core.windows.net/","file":"https://storagesfrepro15.file.core.windows.net/"},"primaryLocation":"centralus","statusOfPrimary":"available","secondaryLocation":"eastus2","statusOfSecondary":"available","secondaryEndpoints":{"dfs":"https://storagesfrepro15-secondary.dfs.core.windows.net/","web":"https://storagesfrepro15-secondary.z19.web.core.windows.net/","blob":"https://storagesfrepro15-secondary.blob.core.windows.net/","queue":"https://storagesfrepro15-secondary.queue.core.windows.net/","table":"https://storagesfrepro15-secondary.table.core.windows.net/"}}},{"sku":{"name":"Standard_RAGRS","tier":"Standard"},"kind":"StorageV2","id":"/subscriptions/00000000-0000-0000-0000-000000000000/resourceGroups/storage-v2rt-repro/providers/Microsoft.Storage/storageAccounts/storagesfrepro16","name":"storagesfrepro16","type":"Microsoft.Storage/storageAccounts","location":"centralus","tags":{},"properties":{"privateEndpointConnections":[],"networkAcls":{"bypass":"AzureServices","virtualNetworkRules":[],"ipRules":[],"defaultAction":"Allow"},"supportsHttpsTrafficOnly":true,"encryption":{"services":{"file":{"keyType":"Account","enabled":true,"lastEnabledTime":"2019-02-26T04:19:33.1863807Z"},"blob":{"keyType":"Account","enabled":true,"lastEnabledTime":"2019-02-26T04:19:33.1863807Z"}},"keySource":"Microsoft.Storage"},"accessTier":"Hot","provisioningState":"Succeeded","creationTime":"2019-02-26T04:19:33.0770034Z","primaryEndpoints":{"dfs":"https://storagesfrepro16.dfs.core.windows.net/","web":"https://storagesfrepro16.z19.web.core.windows.net/","blob":"https://storagesfrepro16.blob.core.windows.net/","queue":"https://storagesfrepro16.queue.core.windows.net/","table":"https://storagesfrepro16.table.core.windows.net/","file":"https://storagesfrepro16.file.core.windows.net/"},"primaryLocation":"centralus","statusOfPrimary":"available","secondaryLocation":"eastus2","statusOfSecondary":"available","secondaryEndpoints":{"dfs":"https://storagesfrepro16-secondary.dfs.core.windows.net/","web":"https://storagesfrepro16-secondary.z19.web.core.windows.net/","blob":"https://storagesfrepro16-secondary.blob.core.windows.net/","queue":"https://storagesfrepro16-secondary.queue.core.windows.net/","table":"https://storagesfrepro16-secondary.table.core.windows.net/"}}},{"sku":{"name":"Standard_RAGRS","tier":"Standard"},"kind":"StorageV2","id":"/subscriptions/00000000-0000-0000-0000-000000000000/resourceGroups/storage-v2rt-repro/providers/Microsoft.Storage/storageAccounts/storagesfrepro17","name":"storagesfrepro17","type":"Microsoft.Storage/storageAccounts","location":"centralus","tags":{},"properties":{"privateEndpointConnections":[],"networkAcls":{"bypass":"AzureServices","virtualNetworkRules":[],"ipRules":[],"defaultAction":"Allow"},"supportsHttpsTrafficOnly":true,"encryption":{"services":{"file":{"keyType":"Account","enabled":true,"lastEnabledTime":"2019-02-26T05:04:23.5553513Z"},"blob":{"keyType":"Account","enabled":true,"lastEnabledTime":"2019-02-26T05:04:23.5553513Z"}},"keySource":"Microsoft.Storage"},"accessTier":"Hot","provisioningState":"Succeeded","creationTime":"2019-02-26T05:04:23.4771469Z","primaryEndpoints":{"dfs":"https://storagesfrepro17.dfs.core.windows.net/","web":"https://storagesfrepro17.z19.web.core.windows.net/","blob":"https://storagesfrepro17.blob.core.windows.net/","queue":"https://storagesfrepro17.queue.core.windows.net/","table":"https://storagesfrepro17.table.core.windows.net/","file":"https://storagesfrepro17.file.core.windows.net/"},"primaryLocation":"centralus","statusOfPrimary":"available","secondaryLocation":"eastus2","statusOfSecondary":"available","secondaryEndpoints":{"dfs":"https://storagesfrepro17-secondary.dfs.core.windows.net/","web":"https://storagesfrepro17-secondary.z19.web.core.windows.net/","blob":"https://storagesfrepro17-secondary.blob.core.windows.net/","queue":"https://storagesfrepro17-secondary.queue.core.windows.net/","table":"https://storagesfrepro17-secondary.table.core.windows.net/"}}},{"sku":{"name":"Standard_RAGRS","tier":"Standard"},"kind":"StorageV2","id":"/subscriptions/00000000-0000-0000-0000-000000000000/resourceGroups/storage-v2rt-repro/providers/Microsoft.Storage/storageAccounts/storagesfrepro18","name":"storagesfrepro18","type":"Microsoft.Storage/storageAccounts","location":"centralus","tags":{},"properties":{"privateEndpointConnections":[],"networkAcls":{"bypass":"AzureServices","virtualNetworkRules":[],"ipRules":[],"defaultAction":"Allow"},"supportsHttpsTrafficOnly":true,"encryption":{"services":{"file":{"keyType":"Account","enabled":true,"lastEnabledTime":"2019-02-26T05:04:53.8320772Z"},"blob":{"keyType":"Account","enabled":true,"lastEnabledTime":"2019-02-26T05:04:53.8320772Z"}},"keySource":"Microsoft.Storage"},"accessTier":"Hot","provisioningState":"Succeeded","creationTime":"2019-02-26T05:04:53.7383176Z","primaryEndpoints":{"dfs":"https://storagesfrepro18.dfs.core.windows.net/","web":"https://storagesfrepro18.z19.web.core.windows.net/","blob":"https://storagesfrepro18.blob.core.windows.net/","queue":"https://storagesfrepro18.queue.core.windows.net/","table":"https://storagesfrepro18.table.core.windows.net/","file":"https://storagesfrepro18.file.core.windows.net/"},"primaryLocation":"centralus","statusOfPrimary":"available","secondaryLocation":"eastus2","statusOfSecondary":"available","secondaryEndpoints":{"dfs":"https://storagesfrepro18-secondary.dfs.core.windows.net/","web":"https://storagesfrepro18-secondary.z19.web.core.windows.net/","blob":"https://storagesfrepro18-secondary.blob.core.windows.net/","queue":"https://storagesfrepro18-secondary.queue.core.windows.net/","table":"https://storagesfrepro18-secondary.table.core.windows.net/"}}},{"sku":{"name":"Standard_RAGRS","tier":"Standard"},"kind":"StorageV2","id":"/subscriptions/00000000-0000-0000-0000-000000000000/resourceGroups/storage-v2rt-repro/providers/Microsoft.Storage/storageAccounts/storagesfrepro19","name":"storagesfrepro19","type":"Microsoft.Storage/storageAccounts","location":"centralus","tags":{},"properties":{"privateEndpointConnections":[],"networkAcls":{"bypass":"AzureServices","virtualNetworkRules":[],"ipRules":[],"defaultAction":"Allow"},"supportsHttpsTrafficOnly":true,"encryption":{"services":{"file":{"keyType":"Account","enabled":true,"lastEnabledTime":"2019-02-26T05:05:26.3650238Z"},"blob":{"keyType":"Account","enabled":true,"lastEnabledTime":"2019-02-26T05:05:26.3650238Z"}},"keySource":"Microsoft.Storage"},"accessTier":"Hot","provisioningState":"Succeeded","creationTime":"2019-02-26T05:05:26.2556326Z","primaryEndpoints":{"dfs":"https://storagesfrepro19.dfs.core.windows.net/","web":"https://storagesfrepro19.z19.web.core.windows.net/","blob":"https://storagesfrepro19.blob.core.windows.net/","queue":"https://storagesfrepro19.queue.core.windows.net/","table":"https://storagesfrepro19.table.core.windows.net/","file":"https://storagesfrepro19.file.core.windows.net/"},"primaryLocation":"centralus","statusOfPrimary":"available","secondaryLocation":"eastus2","statusOfSecondary":"available","secondaryEndpoints":{"dfs":"https://storagesfrepro19-secondary.dfs.core.windows.net/","web":"https://storagesfrepro19-secondary.z19.web.core.windows.net/","blob":"https://storagesfrepro19-secondary.blob.core.windows.net/","queue":"https://storagesfrepro19-secondary.queue.core.windows.net/","table":"https://storagesfrepro19-secondary.table.core.windows.net/"}}},{"sku":{"name":"Standard_RAGRS","tier":"Standard"},"kind":"StorageV2","id":"/subscriptions/00000000-0000-0000-0000-000000000000/resourceGroups/storage-v2rt-repro/providers/Microsoft.Storage/storageAccounts/storagesfrepro2","name":"storagesfrepro2","type":"Microsoft.Storage/storageAccounts","location":"centralus","tags":{},"properties":{"privateEndpointConnections":[],"networkAcls":{"bypass":"AzureServices","virtualNetworkRules":[],"ipRules":[],"defaultAction":"Allow"},"supportsHttpsTrafficOnly":true,"encryption":{"services":{"file":{"keyType":"Account","enabled":true,"lastEnabledTime":"2019-02-26T04:08:45.8498203Z"},"blob":{"keyType":"Account","enabled":true,"lastEnabledTime":"2019-02-26T04:08:45.8498203Z"}},"keySource":"Microsoft.Storage"},"accessTier":"Hot","provisioningState":"Succeeded","creationTime":"2019-02-26T04:08:45.7717196Z","primaryEndpoints":{"dfs":"https://storagesfrepro2.dfs.core.windows.net/","web":"https://storagesfrepro2.z19.web.core.windows.net/","blob":"https://storagesfrepro2.blob.core.windows.net/","queue":"https://storagesfrepro2.queue.core.windows.net/","table":"https://storagesfrepro2.table.core.windows.net/","file":"https://storagesfrepro2.file.core.windows.net/"},"primaryLocation":"centralus","statusOfPrimary":"available","secondaryLocation":"eastus2","statusOfSecondary":"available","secondaryEndpoints":{"dfs":"https://storagesfrepro2-secondary.dfs.core.windows.net/","web":"https://storagesfrepro2-secondary.z19.web.core.windows.net/","blob":"https://storagesfrepro2-secondary.blob.core.windows.net/","queue":"https://storagesfrepro2-secondary.queue.core.windows.net/","table":"https://storagesfrepro2-secondary.table.core.windows.net/"}}},{"sku":{"name":"Standard_RAGRS","tier":"Standard"},"kind":"StorageV2","id":"/subscriptions/00000000-0000-0000-0000-000000000000/resourceGroups/storage-v2rt-repro/providers/Microsoft.Storage/storageAccounts/storagesfrepro20","name":"storagesfrepro20","type":"Microsoft.Storage/storageAccounts","location":"centralus","tags":{},"properties":{"privateEndpointConnections":[],"networkAcls":{"bypass":"AzureServices","virtualNetworkRules":[],"ipRules":[],"defaultAction":"Allow"},"supportsHttpsTrafficOnly":true,"encryption":{"services":{"file":{"keyType":"Account","enabled":true,"lastEnabledTime":"2019-02-26T05:06:07.4295934Z"},"blob":{"keyType":"Account","enabled":true,"lastEnabledTime":"2019-02-26T05:06:07.4295934Z"}},"keySource":"Microsoft.Storage"},"accessTier":"Hot","provisioningState":"Succeeded","creationTime":"2019-02-26T05:06:07.3358422Z","primaryEndpoints":{"dfs":"https://storagesfrepro20.dfs.core.windows.net/","web":"https://storagesfrepro20.z19.web.core.windows.net/","blob":"https://storagesfrepro20.blob.core.windows.net/","queue":"https://storagesfrepro20.queue.core.windows.net/","table":"https://storagesfrepro20.table.core.windows.net/","file":"https://storagesfrepro20.file.core.windows.net/"},"primaryLocation":"centralus","statusOfPrimary":"available","secondaryLocation":"eastus2","statusOfSecondary":"available","secondaryEndpoints":{"dfs":"https://storagesfrepro20-secondary.dfs.core.windows.net/","web":"https://storagesfrepro20-secondary.z19.web.core.windows.net/","blob":"https://storagesfrepro20-secondary.blob.core.windows.net/","queue":"https://storagesfrepro20-secondary.queue.core.windows.net/","table":"https://storagesfrepro20-secondary.table.core.windows.net/"}}},{"sku":{"name":"Standard_RAGRS","tier":"Standard"},"kind":"StorageV2","id":"/subscriptions/00000000-0000-0000-0000-000000000000/resourceGroups/storage-v2rt-repro/providers/Microsoft.Storage/storageAccounts/storagesfrepro21","name":"storagesfrepro21","type":"Microsoft.Storage/storageAccounts","location":"centralus","tags":{},"properties":{"privateEndpointConnections":[],"networkAcls":{"bypass":"AzureServices","virtualNetworkRules":[],"ipRules":[],"defaultAction":"Allow"},"supportsHttpsTrafficOnly":true,"encryption":{"services":{"file":{"keyType":"Account","enabled":true,"lastEnabledTime":"2019-02-26T05:06:37.4780251Z"},"blob":{"keyType":"Account","enabled":true,"lastEnabledTime":"2019-02-26T05:06:37.4780251Z"}},"keySource":"Microsoft.Storage"},"accessTier":"Hot","provisioningState":"Succeeded","creationTime":"2019-02-26T05:06:37.3686460Z","primaryEndpoints":{"dfs":"https://storagesfrepro21.dfs.core.windows.net/","web":"https://storagesfrepro21.z19.web.core.windows.net/","blob":"https://storagesfrepro21.blob.core.windows.net/","queue":"https://storagesfrepro21.queue.core.windows.net/","table":"https://storagesfrepro21.table.core.windows.net/","file":"https://storagesfrepro21.file.core.windows.net/"},"primaryLocation":"centralus","statusOfPrimary":"available","secondaryLocation":"eastus2","statusOfSecondary":"available","secondaryEndpoints":{"dfs":"https://storagesfrepro21-secondary.dfs.core.windows.net/","web":"https://storagesfrepro21-secondary.z19.web.core.windows.net/","blob":"https://storagesfrepro21-secondary.blob.core.windows.net/","queue":"https://storagesfrepro21-secondary.queue.core.windows.net/","table":"https://storagesfrepro21-secondary.table.core.windows.net/"}}},{"sku":{"name":"Standard_RAGRS","tier":"Standard"},"kind":"StorageV2","id":"/subscriptions/00000000-0000-0000-0000-000000000000/resourceGroups/storage-v2rt-repro/providers/Microsoft.Storage/storageAccounts/storagesfrepro22","name":"storagesfrepro22","type":"Microsoft.Storage/storageAccounts","location":"centralus","tags":{},"properties":{"privateEndpointConnections":[],"networkAcls":{"bypass":"AzureServices","virtualNetworkRules":[],"ipRules":[],"defaultAction":"Allow"},"supportsHttpsTrafficOnly":true,"encryption":{"services":{"file":{"keyType":"Account","enabled":true,"lastEnabledTime":"2019-02-26T05:06:59.8295391Z"},"blob":{"keyType":"Account","enabled":true,"lastEnabledTime":"2019-02-26T05:06:59.8295391Z"}},"keySource":"Microsoft.Storage"},"accessTier":"Hot","provisioningState":"Succeeded","creationTime":"2019-02-26T05:06:59.7201581Z","primaryEndpoints":{"dfs":"https://storagesfrepro22.dfs.core.windows.net/","web":"https://storagesfrepro22.z19.web.core.windows.net/","blob":"https://storagesfrepro22.blob.core.windows.net/","queue":"https://storagesfrepro22.queue.core.windows.net/","table":"https://storagesfrepro22.table.core.windows.net/","file":"https://storagesfrepro22.file.core.windows.net/"},"primaryLocation":"centralus","statusOfPrimary":"available","secondaryLocation":"eastus2","statusOfSecondary":"available","secondaryEndpoints":{"dfs":"https://storagesfrepro22-secondary.dfs.core.windows.net/","web":"https://storagesfrepro22-secondary.z19.web.core.windows.net/","blob":"https://storagesfrepro22-secondary.blob.core.windows.net/","queue":"https://storagesfrepro22-secondary.queue.core.windows.net/","table":"https://storagesfrepro22-secondary.table.core.windows.net/"}}},{"sku":{"name":"Standard_RAGRS","tier":"Standard"},"kind":"StorageV2","id":"/subscriptions/00000000-0000-0000-0000-000000000000/resourceGroups/storage-v2rt-repro/providers/Microsoft.Storage/storageAccounts/storagesfrepro23","name":"storagesfrepro23","type":"Microsoft.Storage/storageAccounts","location":"centralus","tags":{},"properties":{"privateEndpointConnections":[],"networkAcls":{"bypass":"AzureServices","virtualNetworkRules":[],"ipRules":[],"defaultAction":"Allow"},"supportsHttpsTrafficOnly":true,"encryption":{"services":{"file":{"keyType":"Account","enabled":true,"lastEnabledTime":"2019-02-26T05:07:29.0846619Z"},"blob":{"keyType":"Account","enabled":true,"lastEnabledTime":"2019-02-26T05:07:29.0846619Z"}},"keySource":"Microsoft.Storage"},"accessTier":"Hot","provisioningState":"Succeeded","creationTime":"2019-02-26T05:07:29.0065050Z","primaryEndpoints":{"dfs":"https://storagesfrepro23.dfs.core.windows.net/","web":"https://storagesfrepro23.z19.web.core.windows.net/","blob":"https://storagesfrepro23.blob.core.windows.net/","queue":"https://storagesfrepro23.queue.core.windows.net/","table":"https://storagesfrepro23.table.core.windows.net/","file":"https://storagesfrepro23.file.core.windows.net/"},"primaryLocation":"centralus","statusOfPrimary":"available","secondaryLocation":"eastus2","statusOfSecondary":"available","secondaryEndpoints":{"dfs":"https://storagesfrepro23-secondary.dfs.core.windows.net/","web":"https://storagesfrepro23-secondary.z19.web.core.windows.net/","blob":"https://storagesfrepro23-secondary.blob.core.windows.net/","queue":"https://storagesfrepro23-secondary.queue.core.windows.net/","table":"https://storagesfrepro23-secondary.table.core.windows.net/"}}},{"sku":{"name":"Standard_RAGRS","tier":"Standard"},"kind":"StorageV2","id":"/subscriptions/00000000-0000-0000-0000-000000000000/resourceGroups/storage-v2rt-repro/providers/Microsoft.Storage/storageAccounts/storagesfrepro24","name":"storagesfrepro24","type":"Microsoft.Storage/storageAccounts","location":"centralus","tags":{},"properties":{"privateEndpointConnections":[],"networkAcls":{"bypass":"AzureServices","virtualNetworkRules":[],"ipRules":[],"defaultAction":"Allow"},"supportsHttpsTrafficOnly":true,"encryption":{"services":{"file":{"keyType":"Account","enabled":true,"lastEnabledTime":"2019-02-26T05:07:53.2658712Z"},"blob":{"keyType":"Account","enabled":true,"lastEnabledTime":"2019-02-26T05:07:53.2658712Z"}},"keySource":"Microsoft.Storage"},"accessTier":"Hot","provisioningState":"Succeeded","creationTime":"2019-02-26T05:07:53.1565651Z","primaryEndpoints":{"dfs":"https://storagesfrepro24.dfs.core.windows.net/","web":"https://storagesfrepro24.z19.web.core.windows.net/","blob":"https://storagesfrepro24.blob.core.windows.net/","queue":"https://storagesfrepro24.queue.core.windows.net/","table":"https://storagesfrepro24.table.core.windows.net/","file":"https://storagesfrepro24.file.core.windows.net/"},"primaryLocation":"centralus","statusOfPrimary":"available","secondaryLocation":"eastus2","statusOfSecondary":"available","secondaryEndpoints":{"dfs":"https://storagesfrepro24-secondary.dfs.core.windows.net/","web":"https://storagesfrepro24-secondary.z19.web.core.windows.net/","blob":"https://storagesfrepro24-secondary.blob.core.windows.net/","queue":"https://storagesfrepro24-secondary.queue.core.windows.net/","table":"https://storagesfrepro24-secondary.table.core.windows.net/"}}},{"sku":{"name":"Standard_RAGRS","tier":"Standard"},"kind":"StorageV2","id":"/subscriptions/00000000-0000-0000-0000-000000000000/resourceGroups/storage-v2rt-repro/providers/Microsoft.Storage/storageAccounts/storagesfrepro25","name":"storagesfrepro25","type":"Microsoft.Storage/storageAccounts","location":"centralus","tags":{},"properties":{"privateEndpointConnections":[],"networkAcls":{"bypass":"AzureServices","virtualNetworkRules":[],"ipRules":[],"defaultAction":"Allow"},"supportsHttpsTrafficOnly":true,"encryption":{"services":{"file":{"keyType":"Account","enabled":true,"lastEnabledTime":"2019-02-26T05:08:18.7432319Z"},"blob":{"keyType":"Account","enabled":true,"lastEnabledTime":"2019-02-26T05:08:18.7432319Z"}},"keySource":"Microsoft.Storage"},"accessTier":"Hot","provisioningState":"Succeeded","creationTime":"2019-02-26T05:08:18.6338258Z","primaryEndpoints":{"dfs":"https://storagesfrepro25.dfs.core.windows.net/","web":"https://storagesfrepro25.z19.web.core.windows.net/","blob":"https://storagesfrepro25.blob.core.windows.net/","queue":"https://storagesfrepro25.queue.core.windows.net/","table":"https://storagesfrepro25.table.core.windows.net/","file":"https://storagesfrepro25.file.core.windows.net/"},"primaryLocation":"centralus","statusOfPrimary":"available","secondaryLocation":"eastus2","statusOfSecondary":"available","secondaryEndpoints":{"dfs":"https://storagesfrepro25-secondary.dfs.core.windows.net/","web":"https://storagesfrepro25-secondary.z19.web.core.windows.net/","blob":"https://storagesfrepro25-secondary.blob.core.windows.net/","queue":"https://storagesfrepro25-secondary.queue.core.windows.net/","table":"https://storagesfrepro25-secondary.table.core.windows.net/"}}},{"sku":{"name":"Standard_RAGRS","tier":"Standard"},"kind":"StorageV2","id":"/subscriptions/00000000-0000-0000-0000-000000000000/resourceGroups/storage-v2rt-repro/providers/Microsoft.Storage/storageAccounts/storagesfrepro3","name":"storagesfrepro3","type":"Microsoft.Storage/storageAccounts","location":"centralus","tags":{},"properties":{"privateEndpointConnections":[],"networkAcls":{"bypass":"AzureServices","virtualNetworkRules":[],"ipRules":[],"defaultAction":"Allow"},"supportsHttpsTrafficOnly":true,"encryption":{"services":{"file":{"keyType":"Account","enabled":true,"lastEnabledTime":"2019-02-26T04:09:19.5698333Z"},"blob":{"keyType":"Account","enabled":true,"lastEnabledTime":"2019-02-26T04:09:19.5698333Z"}},"keySource":"Microsoft.Storage"},"accessTier":"Hot","provisioningState":"Succeeded","creationTime":"2019-02-26T04:09:19.3510997Z","primaryEndpoints":{"dfs":"https://storagesfrepro3.dfs.core.windows.net/","web":"https://storagesfrepro3.z19.web.core.windows.net/","blob":"https://storagesfrepro3.blob.core.windows.net/","queue":"https://storagesfrepro3.queue.core.windows.net/","table":"https://storagesfrepro3.table.core.windows.net/","file":"https://storagesfrepro3.file.core.windows.net/"},"primaryLocation":"centralus","statusOfPrimary":"available","secondaryLocation":"eastus2","statusOfSecondary":"available","secondaryEndpoints":{"dfs":"https://storagesfrepro3-secondary.dfs.core.windows.net/","web":"https://storagesfrepro3-secondary.z19.web.core.windows.net/","blob":"https://storagesfrepro3-secondary.blob.core.windows.net/","queue":"https://storagesfrepro3-secondary.queue.core.windows.net/","table":"https://storagesfrepro3-secondary.table.core.windows.net/"}}},{"sku":{"name":"Standard_RAGRS","tier":"Standard"},"kind":"StorageV2","id":"/subscriptions/00000000-0000-0000-0000-000000000000/resourceGroups/storage-v2rt-repro/providers/Microsoft.Storage/storageAccounts/storagesfrepro4","name":"storagesfrepro4","type":"Microsoft.Storage/storageAccounts","location":"centralus","tags":{},"properties":{"privateEndpointConnections":[],"networkAcls":{"bypass":"AzureServices","virtualNetworkRules":[],"ipRules":[],"defaultAction":"Allow"},"supportsHttpsTrafficOnly":true,"encryption":{"services":{"file":{"keyType":"Account","enabled":true,"lastEnabledTime":"2019-02-26T04:09:54.9930953Z"},"blob":{"keyType":"Account","enabled":true,"lastEnabledTime":"2019-02-26T04:09:54.9930953Z"}},"keySource":"Microsoft.Storage"},"accessTier":"Hot","provisioningState":"Succeeded","creationTime":"2019-02-26T04:09:54.8993063Z","primaryEndpoints":{"dfs":"https://storagesfrepro4.dfs.core.windows.net/","web":"https://storagesfrepro4.z19.web.core.windows.net/","blob":"https://storagesfrepro4.blob.core.windows.net/","queue":"https://storagesfrepro4.queue.core.windows.net/","table":"https://storagesfrepro4.table.core.windows.net/","file":"https://storagesfrepro4.file.core.windows.net/"},"primaryLocation":"centralus","statusOfPrimary":"available","secondaryLocation":"eastus2","statusOfSecondary":"available","secondaryEndpoints":{"dfs":"https://storagesfrepro4-secondary.dfs.core.windows.net/","web":"https://storagesfrepro4-secondary.z19.web.core.windows.net/","blob":"https://storagesfrepro4-secondary.blob.core.windows.net/","queue":"https://storagesfrepro4-secondary.queue.core.windows.net/","table":"https://storagesfrepro4-secondary.table.core.windows.net/"}}},{"sku":{"name":"Standard_RAGRS","tier":"Standard"},"kind":"StorageV2","id":"/subscriptions/00000000-0000-0000-0000-000000000000/resourceGroups/storage-v2rt-repro/providers/Microsoft.Storage/storageAccounts/storagesfrepro5","name":"storagesfrepro5","type":"Microsoft.Storage/storageAccounts","location":"centralus","tags":{},"properties":{"privateEndpointConnections":[],"networkAcls":{"bypass":"AzureServices","virtualNetworkRules":[],"ipRules":[],"defaultAction":"Allow"},"supportsHttpsTrafficOnly":true,"encryption":{"services":{"file":{"keyType":"Account","enabled":true,"lastEnabledTime":"2019-02-26T04:10:48.1114395Z"},"blob":{"keyType":"Account","enabled":true,"lastEnabledTime":"2019-02-26T04:10:48.1114395Z"}},"keySource":"Microsoft.Storage"},"accessTier":"Hot","provisioningState":"Succeeded","creationTime":"2019-02-26T04:10:48.0177273Z","primaryEndpoints":{"dfs":"https://storagesfrepro5.dfs.core.windows.net/","web":"https://storagesfrepro5.z19.web.core.windows.net/","blob":"https://storagesfrepro5.blob.core.windows.net/","queue":"https://storagesfrepro5.queue.core.windows.net/","table":"https://storagesfrepro5.table.core.windows.net/","file":"https://storagesfrepro5.file.core.windows.net/"},"primaryLocation":"centralus","statusOfPrimary":"available","secondaryLocation":"eastus2","statusOfSecondary":"available","secondaryEndpoints":{"dfs":"https://storagesfrepro5-secondary.dfs.core.windows.net/","web":"https://storagesfrepro5-secondary.z19.web.core.windows.net/","blob":"https://storagesfrepro5-secondary.blob.core.windows.net/","queue":"https://storagesfrepro5-secondary.queue.core.windows.net/","table":"https://storagesfrepro5-secondary.table.core.windows.net/"}}},{"sku":{"name":"Standard_RAGRS","tier":"Standard"},"kind":"StorageV2","id":"/subscriptions/00000000-0000-0000-0000-000000000000/resourceGroups/storage-v2rt-repro/providers/Microsoft.Storage/storageAccounts/storagesfrepro6","name":"storagesfrepro6","type":"Microsoft.Storage/storageAccounts","location":"centralus","tags":{},"properties":{"privateEndpointConnections":[],"networkAcls":{"bypass":"AzureServices","virtualNetworkRules":[],"ipRules":[],"defaultAction":"Allow"},"supportsHttpsTrafficOnly":true,"encryption":{"services":{"file":{"keyType":"Account","enabled":true,"lastEnabledTime":"2019-02-26T04:11:28.0269117Z"},"blob":{"keyType":"Account","enabled":true,"lastEnabledTime":"2019-02-26T04:11:28.0269117Z"}},"keySource":"Microsoft.Storage"},"accessTier":"Hot","provisioningState":"Succeeded","creationTime":"2019-02-26T04:11:27.9331594Z","primaryEndpoints":{"dfs":"https://storagesfrepro6.dfs.core.windows.net/","web":"https://storagesfrepro6.z19.web.core.windows.net/","blob":"https://storagesfrepro6.blob.core.windows.net/","queue":"https://storagesfrepro6.queue.core.windows.net/","table":"https://storagesfrepro6.table.core.windows.net/","file":"https://storagesfrepro6.file.core.windows.net/"},"primaryLocation":"centralus","statusOfPrimary":"available","secondaryLocation":"eastus2","statusOfSecondary":"available","secondaryEndpoints":{"dfs":"https://storagesfrepro6-secondary.dfs.core.windows.net/","web":"https://storagesfrepro6-secondary.z19.web.core.windows.net/","blob":"https://storagesfrepro6-secondary.blob.core.windows.net/","queue":"https://storagesfrepro6-secondary.queue.core.windows.net/","table":"https://storagesfrepro6-secondary.table.core.windows.net/"}}},{"sku":{"name":"Standard_RAGRS","tier":"Standard"},"kind":"StorageV2","id":"/subscriptions/00000000-0000-0000-0000-000000000000/resourceGroups/storage-v2rt-repro/providers/Microsoft.Storage/storageAccounts/storagesfrepro7","name":"storagesfrepro7","type":"Microsoft.Storage/storageAccounts","location":"centralus","tags":{},"properties":{"privateEndpointConnections":[],"networkAcls":{"bypass":"AzureServices","virtualNetworkRules":[],"ipRules":[],"defaultAction":"Allow"},"supportsHttpsTrafficOnly":true,"encryption":{"services":{"file":{"keyType":"Account","enabled":true,"lastEnabledTime":"2019-02-26T04:12:08.7761892Z"},"blob":{"keyType":"Account","enabled":true,"lastEnabledTime":"2019-02-26T04:12:08.7761892Z"}},"keySource":"Microsoft.Storage"},"accessTier":"Hot","provisioningState":"Succeeded","creationTime":"2019-02-26T04:12:08.6824637Z","primaryEndpoints":{"dfs":"https://storagesfrepro7.dfs.core.windows.net/","web":"https://storagesfrepro7.z19.web.core.windows.net/","blob":"https://storagesfrepro7.blob.core.windows.net/","queue":"https://storagesfrepro7.queue.core.windows.net/","table":"https://storagesfrepro7.table.core.windows.net/","file":"https://storagesfrepro7.file.core.windows.net/"},"primaryLocation":"centralus","statusOfPrimary":"available","secondaryLocation":"eastus2","statusOfSecondary":"available","secondaryEndpoints":{"dfs":"https://storagesfrepro7-secondary.dfs.core.windows.net/","web":"https://storagesfrepro7-secondary.z19.web.core.windows.net/","blob":"https://storagesfrepro7-secondary.blob.core.windows.net/","queue":"https://storagesfrepro7-secondary.queue.core.windows.net/","table":"https://storagesfrepro7-secondary.table.core.windows.net/"}}},{"sku":{"name":"Standard_RAGRS","tier":"Standard"},"kind":"StorageV2","id":"/subscriptions/00000000-0000-0000-0000-000000000000/resourceGroups/storage-v2rt-repro/providers/Microsoft.Storage/storageAccounts/storagesfrepro8","name":"storagesfrepro8","type":"Microsoft.Storage/storageAccounts","location":"centralus","tags":{},"properties":{"privateEndpointConnections":[],"networkAcls":{"bypass":"AzureServices","virtualNetworkRules":[],"ipRules":[],"defaultAction":"Allow"},"supportsHttpsTrafficOnly":true,"encryption":{"services":{"file":{"keyType":"Account","enabled":true,"lastEnabledTime":"2019-02-26T04:12:39.5221164Z"},"blob":{"keyType":"Account","enabled":true,"lastEnabledTime":"2019-02-26T04:12:39.5221164Z"}},"keySource":"Microsoft.Storage"},"accessTier":"Hot","provisioningState":"Succeeded","creationTime":"2019-02-26T04:12:39.4283923Z","primaryEndpoints":{"dfs":"https://storagesfrepro8.dfs.core.windows.net/","web":"https://storagesfrepro8.z19.web.core.windows.net/","blob":"https://storagesfrepro8.blob.core.windows.net/","queue":"https://storagesfrepro8.queue.core.windows.net/","table":"https://storagesfrepro8.table.core.windows.net/","file":"https://storagesfrepro8.file.core.windows.net/"},"primaryLocation":"centralus","statusOfPrimary":"available","secondaryLocation":"eastus2","statusOfSecondary":"available","secondaryEndpoints":{"dfs":"https://storagesfrepro8-secondary.dfs.core.windows.net/","web":"https://storagesfrepro8-secondary.z19.web.core.windows.net/","blob":"https://storagesfrepro8-secondary.blob.core.windows.net/","queue":"https://storagesfrepro8-secondary.queue.core.windows.net/","table":"https://storagesfrepro8-secondary.table.core.windows.net/"}}},{"sku":{"name":"Standard_RAGRS","tier":"Standard"},"kind":"StorageV2","id":"/subscriptions/00000000-0000-0000-0000-000000000000/resourceGroups/storage-v2rt-repro/providers/Microsoft.Storage/storageAccounts/storagesfrepro9","name":"storagesfrepro9","type":"Microsoft.Storage/storageAccounts","location":"centralus","tags":{},"properties":{"privateEndpointConnections":[],"networkAcls":{"bypass":"AzureServices","virtualNetworkRules":[],"ipRules":[],"defaultAction":"Allow"},"supportsHttpsTrafficOnly":true,"encryption":{"services":{"file":{"keyType":"Account","enabled":true,"lastEnabledTime":"2019-02-26T04:13:18.1628430Z"},"blob":{"keyType":"Account","enabled":true,"lastEnabledTime":"2019-02-26T04:13:18.1628430Z"}},"keySource":"Microsoft.Storage"},"accessTier":"Hot","provisioningState":"Succeeded","creationTime":"2019-02-26T04:13:18.0691096Z","primaryEndpoints":{"dfs":"https://storagesfrepro9.dfs.core.windows.net/","web":"https://storagesfrepro9.z19.web.core.windows.net/","blob":"https://storagesfrepro9.blob.core.windows.net/","queue":"https://storagesfrepro9.queue.core.windows.net/","table":"https://storagesfrepro9.table.core.windows.net/","file":"https://storagesfrepro9.file.core.windows.net/"},"primaryLocation":"centralus","statusOfPrimary":"available","secondaryLocation":"eastus2","statusOfSecondary":"available","secondaryEndpoints":{"dfs":"https://storagesfrepro9-secondary.dfs.core.windows.net/","web":"https://storagesfrepro9-secondary.z19.web.core.windows.net/","blob":"https://storagesfrepro9-secondary.blob.core.windows.net/","queue":"https://storagesfrepro9-secondary.queue.core.windows.net/","table":"https://storagesfrepro9-secondary.table.core.windows.net/"}}},{"sku":{"name":"Standard_RAGRS","tier":"Standard"},"kind":"StorageV2","id":"/subscriptions/00000000-0000-0000-0000-000000000000/resourceGroups/zuhcentral/providers/Microsoft.Storage/storageAccounts/zuhstorage","name":"zuhstorage","type":"Microsoft.Storage/storageAccounts","location":"centralus","tags":{},"properties":{"privateEndpointConnections":[{"id":"/subscriptions/00000000-0000-0000-0000-000000000000/resourceGroups/zuhcentral/providers/Microsoft.Storage/storageAccounts/zuhstorage/privateEndpointConnections/zuhstorage.5ae41b56-a372-4111-b6d8-9ce4364fd8f4","name":"zuhstorage.5ae41b56-a372-4111-b6d8-9ce4364fd8f4","type":"Microsoft.Storage/storageAccounts/privateEndpointConnections","properties":{"provisioningState":"Succeeded","privateEndpoint":{"id":"/subscriptions/00000000-0000-0000-0000-000000000000/resourceGroups/zuhcentral/providers/Microsoft.Network/privateEndpoints/zuhPE"},"privateLinkServiceConnectionState":{"status":"Rejected","description":"","actionRequired":"None"}}}],"networkAcls":{"bypass":"AzureServices","virtualNetworkRules":[],"ipRules":[],"defaultAction":"Allow"},"supportsHttpsTrafficOnly":true,"encryption":{"services":{"file":{"keyType":"Account","enabled":true,"lastEnabledTime":"2020-03-02T06:04:55.7104787Z"},"blob":{"keyType":"Account","enabled":true,"lastEnabledTime":"2020-03-02T06:04:55.7104787Z"}},"keySource":"Microsoft.Storage"},"accessTier":"Hot","provisioningState":"Succeeded","creationTime":"2020-03-02T06:04:55.6167450Z","primaryEndpoints":{"dfs":"https://zuhstorage.dfs.core.windows.net/","web":"https://zuhstorage.z19.web.core.windows.net/","blob":"https://zuhstorage.blob.core.windows.net/","queue":"https://zuhstorage.queue.core.windows.net/","table":"https://zuhstorage.table.core.windows.net/","file":"https://zuhstorage.file.core.windows.net/"},"primaryLocation":"centralus","statusOfPrimary":"available","secondaryLocation":"eastus2","statusOfSecondary":"available","secondaryEndpoints":{"dfs":"https://zuhstorage-secondary.dfs.core.windows.net/","web":"https://zuhstorage-secondary.z19.web.core.windows.net/","blob":"https://zuhstorage-secondary.blob.core.windows.net/","queue":"https://zuhstorage-secondary.queue.core.windows.net/","table":"https://zuhstorage-secondary.table.core.windows.net/"}}},{"sku":{"name":"Standard_LRS","tier":"Standard"},"kind":"StorageV2","id":"/subscriptions/00000000-0000-0000-0000-000000000000/resourceGroups/feng-cli-rg/providers/Microsoft.Storage/storageAccounts/fengwsstorage28dfde17cb1","name":"fengwsstorage28dfde17cb1","type":"Microsoft.Storage/storageAccounts","location":"westus2","tags":{},"properties":{"privateEndpointConnections":[],"networkAcls":{"bypass":"AzureServices","virtualNetworkRules":[],"ipRules":[],"defaultAction":"Allow"},"supportsHttpsTrafficOnly":true,"encryption":{"services":{"file":{"keyType":"Account","enabled":true,"lastEnabledTime":"2020-02-07T04:11:42.2482670Z"},"blob":{"keyType":"Account","enabled":true,"lastEnabledTime":"2020-02-07T04:11:42.2482670Z"}},"keySource":"Microsoft.Storage"},"accessTier":"Hot","provisioningState":"Succeeded","creationTime":"2020-02-07T04:11:42.1857797Z","primaryEndpoints":{"dfs":"https://fengwsstorage28dfde17cb1.dfs.core.windows.net/","web":"https://fengwsstorage28dfde17cb1.z5.web.core.windows.net/","blob":"https://fengwsstorage28dfde17cb1.blob.core.windows.net/","queue":"https://fengwsstorage28dfde17cb1.queue.core.windows.net/","table":"https://fengwsstorage28dfde17cb1.table.core.windows.net/","file":"https://fengwsstorage28dfde17cb1.file.core.windows.net/"},"primaryLocation":"westus2","statusOfPrimary":"available"}},{"sku":{"name":"Standard_RAGRS","tier":"Standard"},"kind":"StorageV2","id":"/subscriptions/00000000-0000-0000-0000-000000000000/resourceGroups/bim-rg/providers/Microsoft.Storage/storageAccounts/bimstorageacc","name":"bimstorageacc","type":"Microsoft.Storage/storageAccounts","location":"westcentralus","tags":{},"properties":{"privateEndpointConnections":[],"networkAcls":{"bypass":"AzureServices","virtualNetworkRules":[],"ipRules":[],"defaultAction":"Allow"},"supportsHttpsTrafficOnly":true,"encryption":{"services":{"file":{"keyType":"Account","enabled":true,"lastEnabledTime":"2020-03-03T07:20:55.2327590Z"},"blob":{"keyType":"Account","enabled":true,"lastEnabledTime":"2020-03-03T07:20:55.2327590Z"}},"keySource":"Microsoft.Storage"},"accessTier":"Hot","provisioningState":"Succeeded","creationTime":"2020-03-03T07:20:55.1858389Z","primaryEndpoints":{"dfs":"https://bimstorageacc.dfs.core.windows.net/","web":"https://bimstorageacc.z4.web.core.windows.net/","blob":"https://bimstorageacc.blob.core.windows.net/","queue":"https://bimstorageacc.queue.core.windows.net/","table":"https://bimstorageacc.table.core.windows.net/","file":"https://bimstorageacc.file.core.windows.net/"},"primaryLocation":"westcentralus","statusOfPrimary":"available","secondaryLocation":"westus2","statusOfSecondary":"available","secondaryEndpoints":{"dfs":"https://bimstorageacc-secondary.dfs.core.windows.net/","web":"https://bimstorageacc-secondary.z4.web.core.windows.net/","blob":"https://bimstorageacc-secondary.blob.core.windows.net/","queue":"https://bimstorageacc-secondary.queue.core.windows.net/","table":"https://bimstorageacc-secondary.table.core.windows.net/"}}},{"sku":{"name":"Standard_RAGRS","tier":"Standard"},"kind":"StorageV2","id":"/subscriptions/00000000-0000-0000-0000-000000000000/resourceGroups/yu-test-rg-westus/providers/Microsoft.Storage/storageAccounts/yusawcu","name":"yusawcu","type":"Microsoft.Storage/storageAccounts","location":"westcentralus","tags":{},"properties":{"privateEndpointConnections":[],"networkAcls":{"bypass":"AzureServices","virtualNetworkRules":[],"ipRules":[],"defaultAction":"Allow"},"supportsHttpsTrafficOnly":true,"encryption":{"services":{"file":{"keyType":"Account","enabled":true,"lastEnabledTime":"2020-02-26T09:39:00.0292799Z"},"blob":{"keyType":"Account","enabled":true,"lastEnabledTime":"2020-02-26T09:39:00.0292799Z"}},"keySource":"Microsoft.Storage"},"accessTier":"Hot","provisioningState":"Succeeded","creationTime":"2020-02-26T09:38:59.9667703Z","primaryEndpoints":{"dfs":"https://yusawcu.dfs.core.windows.net/","web":"https://yusawcu.z4.web.core.windows.net/","blob":"https://yusawcu.blob.core.windows.net/","queue":"https://yusawcu.queue.core.windows.net/","table":"https://yusawcu.table.core.windows.net/","file":"https://yusawcu.file.core.windows.net/"},"primaryLocation":"westcentralus","statusOfPrimary":"available","secondaryLocation":"westus2","statusOfSecondary":"available","secondaryEndpoints":{"dfs":"https://yusawcu-secondary.dfs.core.windows.net/","web":"https://yusawcu-secondary.z4.web.core.windows.net/","blob":"https://yusawcu-secondary.blob.core.windows.net/","queue":"https://yusawcu-secondary.queue.core.windows.net/","table":"https://yusawcu-secondary.table.core.windows.net/"}}},{"sku":{"name":"Standard_LRS","tier":"Standard"},"kind":"StorageV2","id":"/subscriptions/00000000-0000-0000-0000-000000000000/resourceGroups/storage_blob_restorepovropnnvmvftq67rpru23zhmd44t7sz2erlwnwcrvjwqgoqnv6cwlr/providers/Microsoft.Storage/storageAccounts/storageblobrestorefxknht","name":"storageblobrestorefxknht","type":"Microsoft.Storage/storageAccounts","location":"eastus2euap","tags":{},"properties":{"privateEndpointConnections":[],"networkAcls":{"bypass":"AzureServices","virtualNetworkRules":[],"ipRules":[],"defaultAction":"Allow"},"supportsHttpsTrafficOnly":true,"encryption":{"services":{"file":{"keyType":"Account","enabled":true,"lastEnabledTime":"2020-03-03T06:42:29.5670240Z"},"blob":{"keyType":"Account","enabled":true,"lastEnabledTime":"2020-03-03T06:42:29.5670240Z"}},"keySource":"Microsoft.Storage"},"accessTier":"Hot","provisioningState":"Succeeded","creationTime":"2020-03-03T06:42:29.5045271Z","primaryEndpoints":{"dfs":"https://storageblobrestorefxknht.dfs.core.windows.net/","web":"https://storageblobrestorefxknht.z3.web.core.windows.net/","blob":"https://storageblobrestorefxknht.blob.core.windows.net/","queue":"https://storageblobrestorefxknht.queue.core.windows.net/","table":"https://storageblobrestorefxknht.table.core.windows.net/","file":"https://storageblobrestorefxknht.file.core.windows.net/"},"primaryLocation":"eastus2euap","statusOfPrimary":"available"}},{"sku":{"name":"Standard_LRS","tier":"Standard"},"kind":"StorageV2","id":"/subscriptions/00000000-0000-0000-0000-000000000000/resourceGroups/storage_blob_restorelfyxo5lqcg6xhpqmo5yzw7kgcoeiq6hv4sfkwuoifj3ntkd7hjho5s6/providers/Microsoft.Storage/storageAccounts/storageblobrestorekcmnmv","name":"storageblobrestorekcmnmv","type":"Microsoft.Storage/storageAccounts","location":"eastus2euap","tags":{},"properties":{"privateEndpointConnections":[],"networkAcls":{"bypass":"AzureServices","virtualNetworkRules":[],"ipRules":[],"defaultAction":"Allow"},"supportsHttpsTrafficOnly":true,"encryption":{"services":{"file":{"keyType":"Account","enabled":true,"lastEnabledTime":"2020-03-03T06:51:37.6672613Z"},"blob":{"keyType":"Account","enabled":true,"lastEnabledTime":"2020-03-03T06:51:37.6672613Z"}},"keySource":"Microsoft.Storage"},"accessTier":"Hot","provisioningState":"Succeeded","creationTime":"2020-03-03T06:51:37.6047595Z","primaryEndpoints":{"dfs":"https://storageblobrestorekcmnmv.dfs.core.windows.net/","web":"https://storageblobrestorekcmnmv.z3.web.core.windows.net/","blob":"https://storageblobrestorekcmnmv.blob.core.windows.net/","queue":"https://storageblobrestorekcmnmv.queue.core.windows.net/","table":"https://storageblobrestorekcmnmv.table.core.windows.net/","file":"https://storageblobrestorekcmnmv.file.core.windows.net/"},"primaryLocation":"eastus2euap","statusOfPrimary":"available"}},{"sku":{"name":"Standard_LRS","tier":"Standard"},"kind":"StorageV2","id":"/subscriptions/00000000-0000-0000-0000-000000000000/resourceGroups/storage_blob_restorexiclzngyppdxljz7p2imhjbgwtlwcl4dotr323s3tfyefryekxf4g6c/providers/Microsoft.Storage/storageAccounts/storageblobrestorermldf7","name":"storageblobrestorermldf7","type":"Microsoft.Storage/storageAccounts","location":"eastus2euap","tags":{},"properties":{"privateEndpointConnections":[],"networkAcls":{"bypass":"AzureServices","virtualNetworkRules":[],"ipRules":[],"defaultAction":"Allow"},"supportsHttpsTrafficOnly":true,"encryption":{"services":{"file":{"keyType":"Account","enabled":true,"lastEnabledTime":"2020-03-03T07:00:05.7831245Z"},"blob":{"keyType":"Account","enabled":true,"lastEnabledTime":"2020-03-03T07:00:05.7831245Z"}},"keySource":"Microsoft.Storage"},"accessTier":"Hot","provisioningState":"Succeeded","creationTime":"2020-03-03T07:00:05.7362571Z","primaryEndpoints":{"dfs":"https://storageblobrestorermldf7.dfs.core.windows.net/","web":"https://storageblobrestorermldf7.z3.web.core.windows.net/","blob":"https://storageblobrestorermldf7.blob.core.windows.net/","queue":"https://storageblobrestorermldf7.queue.core.windows.net/","table":"https://storageblobrestorermldf7.table.core.windows.net/","file":"https://storageblobrestorermldf7.file.core.windows.net/"},"primaryLocation":"eastus2euap","statusOfPrimary":"available"}},{"identity":{"principalId":"9a35914f-cf99-45cd-ab1e-9900e146c8c3","tenantId":"54826b22-38d6-4fb2-bad9-b7b93a3e9c5a","type":"SystemAssigned"},"sku":{"name":"Standard_LRS","tier":"Standard"},"kind":"StorageV2","id":"/subscriptions/00000000-0000-0000-0000-000000000000/resourceGroups/zuh/providers/Microsoft.Storage/storageAccounts/zuhlrs","name":"zuhlrs","type":"Microsoft.Storage/storageAccounts","location":"eastus2euap","tags":{},"properties":{"privateEndpointConnections":[],"networkAcls":{"bypass":"AzureServices","virtualNetworkRules":[],"ipRules":[],"defaultAction":"Allow"},"supportsHttpsTrafficOnly":true,"encryption":{"services":{"file":{"keyType":"Account","enabled":true,"lastEnabledTime":"2020-03-03T03:40:44.0764944Z"},"blob":{"keyType":"Account","enabled":true,"lastEnabledTime":"2020-03-03T03:40:44.0764944Z"}},"keySource":"Microsoft.Storage"},"accessTier":"Hot","provisioningState":"Succeeded","creationTime":"2020-03-03T03:40:44.0296206Z","primaryEndpoints":{"dfs":"https://zuhlrs.dfs.core.windows.net/","web":"https://zuhlrs.z3.web.core.windows.net/","blob":"https://zuhlrs.blob.core.windows.net/","queue":"https://zuhlrs.queue.core.windows.net/","table":"https://zuhlrs.table.core.windows.net/","file":"https://zuhlrs.file.core.windows.net/"},"primaryLocation":"eastus2euap","statusOfPrimary":"available"}},{"identity":{"principalId":"57766890-a15c-4ca4-a886-5df7360fa741","tenantId":"54826b22-38d6-4fb2-bad9-b7b93a3e9c5a","type":"SystemAssigned"},"sku":{"name":"Standard_RAGRS","tier":"Standard"},"kind":"StorageV2","id":"/subscriptions/00000000-0000-0000-0000-000000000000/resourceGroups/zuh/providers/Microsoft.Storage/storageAccounts/zuhors1","name":"zuhors1","type":"Microsoft.Storage/storageAccounts","location":"eastus2euap","tags":{},"properties":{"privateEndpointConnections":[],"azureFilesIdentityBasedAuthentication":{"directoryServiceOptions":"None"},"networkAcls":{"bypass":"AzureServices","virtualNetworkRules":[],"ipRules":[],"defaultAction":"Allow"},"supportsHttpsTrafficOnly":true,"encryption":{"services":{"file":{"keyType":"Account","enabled":true,"lastEnabledTime":"2020-01-21T10:48:36.5395587Z"},"blob":{"keyType":"Account","enabled":true,"lastEnabledTime":"2020-01-21T10:48:36.5395587Z"}},"keySource":"Microsoft.Storage"},"accessTier":"Hot","provisioningState":"Succeeded","creationTime":"2020-01-21T10:48:36.4770406Z","primaryEndpoints":{"dfs":"https://zuhors1.dfs.core.windows.net/","web":"https://zuhors1.z3.web.core.windows.net/","blob":"https://zuhors1.blob.core.windows.net/","queue":"https://zuhors1.queue.core.windows.net/","table":"https://zuhors1.table.core.windows.net/","file":"https://zuhors1.file.core.windows.net/"},"primaryLocation":"eastus2euap","statusOfPrimary":"available","secondaryLocation":"centraluseuap","statusOfSecondary":"available","secondaryEndpoints":{"dfs":"https://zuhors1-secondary.dfs.core.windows.net/","web":"https://zuhors1-secondary.z3.web.core.windows.net/","blob":"https://zuhors1-secondary.blob.core.windows.net/","queue":"https://zuhors1-secondary.queue.core.windows.net/","table":"https://zuhors1-secondary.table.core.windows.net/"}}},{"sku":{"name":"Standard_RAGRS","tier":"Standard"},"kind":"StorageV2","id":"/subscriptions/00000000-0000-0000-0000-000000000000/resourceGroups/zuh/providers/Microsoft.Storage/storageAccounts/zuhors2","name":"zuhors2","type":"Microsoft.Storage/storageAccounts","location":"eastus2euap","tags":{},"properties":{"privateEndpointConnections":[],"networkAcls":{"bypass":"AzureServices","virtualNetworkRules":[],"ipRules":[],"defaultAction":"Allow"},"supportsHttpsTrafficOnly":true,"encryption":{"services":{"file":{"keyType":"Account","enabled":true,"lastEnabledTime":"2020-01-21T10:50:37.0422604Z"},"blob":{"keyType":"Account","enabled":true,"lastEnabledTime":"2020-01-21T10:50:37.0422604Z"}},"keySource":"Microsoft.Storage"},"accessTier":"Hot","provisioningState":"Succeeded","creationTime":"2020-01-21T10:50:36.9797575Z","primaryEndpoints":{"dfs":"https://zuhors2.dfs.core.windows.net/","web":"https://zuhors2.z3.web.core.windows.net/","blob":"https://zuhors2.blob.core.windows.net/","queue":"https://zuhors2.queue.core.windows.net/","table":"https://zuhors2.table.core.windows.net/","file":"https://zuhors2.file.core.windows.net/"},"primaryLocation":"eastus2euap","statusOfPrimary":"available","secondaryLocation":"centraluseuap","statusOfSecondary":"available","secondaryEndpoints":{"dfs":"https://zuhors2-secondary.dfs.core.windows.net/","web":"https://zuhors2-secondary.z3.web.core.windows.net/","blob":"https://zuhors2-secondary.blob.core.windows.net/","queue":"https://zuhors2-secondary.queue.core.windows.net/","table":"https://zuhors2-secondary.table.core.windows.net/"}}},{"sku":{"name":"Standard_RAGRS","tier":"Standard"},"kind":"StorageV2","id":"/subscriptions/00000000-0000-0000-0000-000000000000/resourceGroups/zuh/providers/Microsoft.Storage/storageAccounts/zuhtestsss","name":"zuhtestsss","type":"Microsoft.Storage/storageAccounts","location":"eastus2euap","tags":{},"properties":{"privateEndpointConnections":[],"routingPreference":{"routingChoice":"MicrosoftRouting","publishMicrosoftEndpoints":true,"publishInternetEndpoints":true},"networkAcls":{"bypass":"AzureServices","virtualNetworkRules":[],"ipRules":[],"defaultAction":"Allow"},"supportsHttpsTrafficOnly":true,"encryption":{"services":{"file":{"keyType":"Account","enabled":true,"lastEnabledTime":"2020-03-03T14:36:43.9643735Z"},"blob":{"keyType":"Account","enabled":true,"lastEnabledTime":"2020-03-03T14:36:43.9643735Z"}},"keySource":"Microsoft.Storage"},"accessTier":"Hot","provisioningState":"Succeeded","creationTime":"2020-03-03T14:36:43.9174940Z","primaryEndpoints":{"microsoftEndpoints":{"dfs":"https://zuhtestsss-microsoftrouting.dfs.core.windows.net/","web":"https://zuhtestsss-microsoftrouting.z3.web.core.windows.net/","blob":"https://zuhtestsss-microsoftrouting.blob.core.windows.net/","queue":"https://zuhtestsss-microsoftrouting.queue.core.windows.net/","table":"https://zuhtestsss-microsoftrouting.table.core.windows.net/","file":"https://zuhtestsss-microsoftrouting.file.core.windows.net/"},"internetEndpoints":{"blob":"https://zuhtestsss-internetrouting.blob.core.windows.net/","file":"https://zuhtestsss-internetrouting.file.core.windows.net/","dfs":"https://zuhtestsss-internetrouting.dfs.core.windows.net/","web":"https://zuhtestsss-internetrouting.z3.web.core.windows.net/"},"dfs":"https://zuhtestsss.dfs.core.windows.net/","web":"https://zuhtestsss.z3.web.core.windows.net/","blob":"https://zuhtestsss.blob.core.windows.net/","queue":"https://zuhtestsss.queue.core.windows.net/","table":"https://zuhtestsss.table.core.windows.net/","file":"https://zuhtestsss.file.core.windows.net/"},"primaryLocation":"eastus2euap","statusOfPrimary":"available","secondaryLocation":"centraluseuap","statusOfSecondary":"available","secondaryEndpoints":{"microsoftEndpoints":{"dfs":"https://zuhtestsss-microsoftrouting-secondary.dfs.core.windows.net/","web":"https://zuhtestsss-microsoftrouting-secondary.z3.web.core.windows.net/","blob":"https://zuhtestsss-microsoftrouting-secondary.blob.core.windows.net/","queue":"https://zuhtestsss-microsoftrouting-secondary.queue.core.windows.net/","table":"https://zuhtestsss-microsoftrouting-secondary.table.core.windows.net/"},"internetEndpoints":{"blob":"https://zuhtestsss-internetrouting-secondary.blob.core.windows.net/","dfs":"https://zuhtestsss-internetrouting-secondary.dfs.core.windows.net/","web":"https://zuhtestsss-internetrouting-secondary.z3.web.core.windows.net/"},"dfs":"https://zuhtestsss-secondary.dfs.core.windows.net/","web":"https://zuhtestsss-secondary.z3.web.core.windows.net/","blob":"https://zuhtestsss-secondary.blob.core.windows.net/","queue":"https://zuhtestsss-secondary.queue.core.windows.net/","table":"https://zuhtestsss-secondary.table.core.windows.net/"}}},{"sku":{"name":"Standard_RAGRS","tier":"Standard"},"kind":"StorageV2","id":"/subscriptions/00000000-0000-0000-0000-000000000000/resourceGroups/zuh/providers/Microsoft.Storage/storageAccounts/zuhtestssss","name":"zuhtestssss","type":"Microsoft.Storage/storageAccounts","location":"eastus2euap","tags":{},"properties":{"privateEndpointConnections":[],"routingPreference":{"routingChoice":"MicrosoftRouting","publishMicrosoftEndpoints":true,"publishInternetEndpoints":true},"networkAcls":{"bypass":"AzureServices","virtualNetworkRules":[],"ipRules":[],"defaultAction":"Allow"},"supportsHttpsTrafficOnly":true,"encryption":{"services":{"file":{"keyType":"Account","enabled":true,"lastEnabledTime":"2020-03-03T14:41:32.7619036Z"},"blob":{"keyType":"Account","enabled":true,"lastEnabledTime":"2020-03-03T14:41:32.7619036Z"}},"keySource":"Microsoft.Storage"},"accessTier":"Hot","provisioningState":"Succeeded","creationTime":"2020-03-03T14:41:32.6994182Z","primaryEndpoints":{"microsoftEndpoints":{"dfs":"https://zuhtestssss-microsoftrouting.dfs.core.windows.net/","web":"https://zuhtestssss-microsoftrouting.z3.web.core.windows.net/","blob":"https://zuhtestssss-microsoftrouting.blob.core.windows.net/","queue":"https://zuhtestssss-microsoftrouting.queue.core.windows.net/","table":"https://zuhtestssss-microsoftrouting.table.core.windows.net/","file":"https://zuhtestssss-microsoftrouting.file.core.windows.net/"},"internetEndpoints":{"blob":"https://zuhtestssss-internetrouting.blob.core.windows.net/","file":"https://zuhtestssss-internetrouting.file.core.windows.net/","dfs":"https://zuhtestssss-internetrouting.dfs.core.windows.net/","web":"https://zuhtestssss-internetrouting.z3.web.core.windows.net/"},"dfs":"https://zuhtestssss.dfs.core.windows.net/","web":"https://zuhtestssss.z3.web.core.windows.net/","blob":"https://zuhtestssss.blob.core.windows.net/","queue":"https://zuhtestssss.queue.core.windows.net/","table":"https://zuhtestssss.table.core.windows.net/","file":"https://zuhtestssss.file.core.windows.net/"},"primaryLocation":"eastus2euap","statusOfPrimary":"available","secondaryLocation":"centraluseuap","statusOfSecondary":"available","secondaryEndpoints":{"microsoftEndpoints":{"dfs":"https://zuhtestssss-microsoftrouting-secondary.dfs.core.windows.net/","web":"https://zuhtestssss-microsoftrouting-secondary.z3.web.core.windows.net/","blob":"https://zuhtestssss-microsoftrouting-secondary.blob.core.windows.net/","queue":"https://zuhtestssss-microsoftrouting-secondary.queue.core.windows.net/","table":"https://zuhtestssss-microsoftrouting-secondary.table.core.windows.net/"},"internetEndpoints":{"blob":"https://zuhtestssss-internetrouting-secondary.blob.core.windows.net/","dfs":"https://zuhtestssss-internetrouting-secondary.dfs.core.windows.net/","web":"https://zuhtestssss-internetrouting-secondary.z3.web.core.windows.net/"},"dfs":"https://zuhtestssss-secondary.dfs.core.windows.net/","web":"https://zuhtestssss-secondary.z3.web.core.windows.net/","blob":"https://zuhtestssss-secondary.blob.core.windows.net/","queue":"https://zuhtestssss-secondary.queue.core.windows.net/","table":"https://zuhtestssss-secondary.table.core.windows.net/"}}}]}'
    headers:
      cache-control:
      - no-cache
      content-length:
      - '114791'
      content-type:
      - application/json; charset=utf-8
      date:
      - Wed, 04 Mar 2020 15:21:51 GMT
      expires:
      - '-1'
      pragma:
      - no-cache
      strict-transport-security:
      - max-age=31536000; includeSubDomains
      vary:
      - Accept-Encoding
      x-content-type-options:
      - nosniff
      x-ms-original-request-ids:
      - f8c14ce5-d50a-46a8-88ce-c37565cb1df2
      - 7fc24340-88be-4a20-9363-77fbaa220642
      - 20cae20c-a27c-48c1-9236-36006493edc4
      - 66f8d531-f56c-47e5-ab4d-ed2148eb345a
      - 0937d733-d1a1-4310-8f4b-3685df6a6e18
      - 55a8f0f8-5af0-4eda-afd1-8b7096f52937
      - 4a9bbfca-d122-4997-a915-e2573a821b6c
      - 276a908a-e3ef-41c6-8b82-01ac16532fd9
      - c2f46666-9abb-45e9-bb67-fdfce6a88cdf
      - cd50c529-fef2-4805-8112-82593496c10f
    status:
      code: 200
      message: OK
- request:
    body: null
    headers:
      Accept:
      - application/json
      Accept-Encoding:
      - gzip, deflate
      CommandName:
      - storage account update
      Connection:
      - keep-alive
      ParameterSetName:
      - -n --assign-identity
      User-Agent:
      - python/3.7.4 (Windows-10-10.0.18362-SP0) msrest/0.6.10 msrest_azure/0.6.2
        azure-mgmt-storage/8.0.0 Azure-SDK-For-Python AZURECLI/2.1.0
      accept-language:
      - en-US
    method: GET
    uri: https://management.azure.com/subscriptions/00000000-0000-0000-0000-000000000000/resourceGroups/cli_test_storage_encryption000001/providers/Microsoft.Storage/storageAccounts/encryption000002?api-version=2019-06-01
  response:
    body:
      string: '{"sku":{"name":"Standard_LRS","tier":"Standard"},"kind":"StorageV2","id":"/subscriptions/00000000-0000-0000-0000-000000000000/resourceGroups/cli_test_storage_encryption000001/providers/Microsoft.Storage/storageAccounts/encryption000002","name":"encryption000002","type":"Microsoft.Storage/storageAccounts","location":"westus","tags":{},"properties":{"privateEndpointConnections":[],"networkAcls":{"bypass":"AzureServices","virtualNetworkRules":[],"ipRules":[],"defaultAction":"Allow"},"supportsHttpsTrafficOnly":true,"encryption":{"services":{"file":{"keyType":"Account","enabled":true,"lastEnabledTime":"2020-03-04T15:21:26.4148253Z"},"blob":{"keyType":"Account","enabled":true,"lastEnabledTime":"2020-03-04T15:21:26.4148253Z"}},"keySource":"Microsoft.Storage"},"accessTier":"Hot","provisioningState":"Succeeded","creationTime":"2020-03-04T15:21:26.3366955Z","primaryEndpoints":{"dfs":"https://encryption000002.dfs.core.windows.net/","web":"https://encryption000002.z22.web.core.windows.net/","blob":"https://encryption000002.blob.core.windows.net/","queue":"https://encryption000002.queue.core.windows.net/","table":"https://encryption000002.table.core.windows.net/","file":"https://encryption000002.file.core.windows.net/"},"primaryLocation":"westus","statusOfPrimary":"available"}}'
    headers:
      cache-control:
      - no-cache
      content-length:
      - '1391'
      content-type:
      - application/json
      date:
      - Wed, 04 Mar 2020 15:21:52 GMT
      expires:
      - '-1'
      pragma:
      - no-cache
      server:
      - Microsoft-Azure-Storage-Resource-Provider/1.0,Microsoft-HTTPAPI/2.0 Microsoft-HTTPAPI/2.0
      strict-transport-security:
      - max-age=31536000; includeSubDomains
      transfer-encoding:
      - chunked
      vary:
      - Accept-Encoding
      x-content-type-options:
      - nosniff
    status:
      code: 200
      message: OK
- request:
    body: '{"sku": {"name": "Standard_LRS", "tier": "Standard"}, "tags": {}, "identity":
      {"type": "SystemAssigned"}, "properties": {"encryption": {"services": {"blob":
      {"enabled": true, "keyType": "Account"}, "file": {"enabled": true, "keyType":
      "Account"}}, "keySource": "Microsoft.Storage"}, "accessTier": "Hot", "supportsHttpsTrafficOnly":
      true, "networkAcls": {"bypass": "AzureServices", "virtualNetworkRules": [],
      "ipRules": [], "defaultAction": "Allow"}}}'
    headers:
      Accept:
      - application/json
      Accept-Encoding:
      - gzip, deflate
      CommandName:
      - storage account update
      Connection:
      - keep-alive
      Content-Length:
      - '450'
      Content-Type:
      - application/json; charset=utf-8
      ParameterSetName:
      - -n --assign-identity
      User-Agent:
      - python/3.7.4 (Windows-10-10.0.18362-SP0) msrest/0.6.10 msrest_azure/0.6.2
        azure-mgmt-storage/8.0.0 Azure-SDK-For-Python AZURECLI/2.1.0
      accept-language:
      - en-US
    method: PATCH
    uri: https://management.azure.com/subscriptions/00000000-0000-0000-0000-000000000000/resourceGroups/cli_test_storage_encryption000001/providers/Microsoft.Storage/storageAccounts/encryption000002?api-version=2019-06-01
  response:
    body:
      string: '{"identity":{"principalId":"d9e468c0-1b92-420f-8a12-d8c5b9b7a2e9","tenantId":"54826b22-38d6-4fb2-bad9-b7b93a3e9c5a","type":"SystemAssigned"},"sku":{"name":"Standard_LRS","tier":"Standard"},"kind":"StorageV2","id":"/subscriptions/00000000-0000-0000-0000-000000000000/resourceGroups/cli_test_storage_encryption000001/providers/Microsoft.Storage/storageAccounts/encryption000002","name":"encryption000002","type":"Microsoft.Storage/storageAccounts","location":"westus","tags":{},"properties":{"privateEndpointConnections":[],"networkAcls":{"bypass":"AzureServices","virtualNetworkRules":[],"ipRules":[],"defaultAction":"Allow"},"supportsHttpsTrafficOnly":true,"encryption":{"services":{"file":{"keyType":"Account","enabled":true,"lastEnabledTime":"2020-03-04T15:21:26.4148253Z"},"blob":{"keyType":"Account","enabled":true,"lastEnabledTime":"2020-03-04T15:21:26.4148253Z"}},"keySource":"Microsoft.Storage"},"accessTier":"Hot","provisioningState":"Succeeded","creationTime":"2020-03-04T15:21:26.3366955Z","primaryEndpoints":{"dfs":"https://encryption000002.dfs.core.windows.net/","web":"https://encryption000002.z22.web.core.windows.net/","blob":"https://encryption000002.blob.core.windows.net/","queue":"https://encryption000002.queue.core.windows.net/","table":"https://encryption000002.table.core.windows.net/","file":"https://encryption000002.file.core.windows.net/"},"primaryLocation":"westus","statusOfPrimary":"available"}}'
    headers:
      cache-control:
      - no-cache
      content-length:
      - '1531'
      content-type:
      - application/json
      date:
      - Wed, 04 Mar 2020 15:22:02 GMT
      expires:
      - '-1'
      pragma:
      - no-cache
      server:
      - Microsoft-Azure-Storage-Resource-Provider/1.0,Microsoft-HTTPAPI/2.0 Microsoft-HTTPAPI/2.0
      strict-transport-security:
      - max-age=31536000; includeSubDomains
      transfer-encoding:
      - chunked
      vary:
      - Accept-Encoding
      x-content-type-options:
      - nosniff
      x-ms-ratelimit-remaining-subscription-writes:
      - '1199'
    status:
      code: 200
      message: OK
- request:
    body: null
    headers:
      Accept:
      - application/json
      Accept-Encoding:
      - gzip, deflate
      CommandName:
      - keyvault create
      Connection:
      - keep-alive
      ParameterSetName:
      - -n -g --enable-purge-protection
      User-Agent:
      - python/3.7.4 (Windows-10-10.0.18362-SP0) msrest/0.6.10 msrest_azure/0.6.2
        azure-mgmt-resource/8.0.1 Azure-SDK-For-Python AZURECLI/2.1.0
      accept-language:
      - en-US
    method: GET
    uri: https://management.azure.com/subscriptions/00000000-0000-0000-0000-000000000000/resourcegroups/cli_test_storage_encryption000001?api-version=2019-07-01
  response:
    body:
      string: '{"id":"/subscriptions/00000000-0000-0000-0000-000000000000/resourceGroups/cli_test_storage_encryption000001","name":"cli_test_storage_encryption000001","type":"Microsoft.Resources/resourceGroups","location":"westus","tags":{"product":"azurecli","cause":"automation","date":"2020-03-04T15:21:17Z"},"properties":{"provisioningState":"Succeeded"}}'
    headers:
      cache-control:
      - no-cache
      content-length:
      - '428'
      content-type:
      - application/json; charset=utf-8
      date:
      - Wed, 04 Mar 2020 15:22:02 GMT
      expires:
      - '-1'
      pragma:
      - no-cache
      strict-transport-security:
      - max-age=31536000; includeSubDomains
      vary:
      - Accept-Encoding
      x-content-type-options:
      - nosniff
    status:
      code: 200
      message: OK
- request:
    body: null
    headers:
      Accept:
      - application/json
      Accept-Encoding:
      - gzip, deflate
      Connection:
      - keep-alive
      User-Agent:
      - python/3.7.4 (Windows-10-10.0.18362-SP0) msrest/0.6.10 msrest_azure/0.6.2
        azure-graphrbac/0.60.0 Azure-SDK-For-Python
      accept-language:
      - en-US
    method: GET
    uri: https://graph.windows.net/00000000-0000-0000-0000-000000000000/me?api-version=1.6
  response:
    body:
      string: '{"odata.metadata":"https://graph.windows.net/00000000-0000-0000-0000-000000000000/$metadata#directoryObjects/@Element","odata.type":"Microsoft.DirectoryServices.User","objectType":"User","objectId":"21cd756e-e290-4a26-9547-93e8cc1a8923","deletionTimestamp":null,"accountEnabled":true,"ageGroup":null,"assignedLicenses":[],"assignedPlans":[],"city":null,"companyName":null,"consentProvidedForMinor":null,"country":null,"createdDateTime":"2019-06-21T01:32:03Z","creationType":"Invitation","department":null,"dirSyncEnabled":null,"displayName":"Zunli
        Hu","employeeId":null,"facsimileTelephoneNumber":null,"givenName":null,"immutableId":null,"isCompromised":null,"jobTitle":null,"lastDirSyncTime":null,"legalAgeGroupClassification":null,"mail":"zuh@microsoft.com","mailNickname":"zuh_microsoft.com#EXT#","mobile":null,"onPremisesDistinguishedName":null,"onPremisesSecurityIdentifier":null,"otherMails":["zuh@microsoft.com"],"passwordPolicies":null,"passwordProfile":null,"physicalDeliveryOfficeName":null,"postalCode":null,"preferredLanguage":null,"provisionedPlans":[],"provisioningErrors":[],"proxyAddresses":["SMTP:zuh@microsoft.com"],"refreshTokensValidFromDateTime":"2019-06-21T01:32:03Z","showInAddressList":false,"signInNames":[],"sipProxyAddress":null,"state":null,"streetAddress":null,"surname":null,"telephoneNumber":null,"thumbnailPhoto@odata.mediaEditLink":"directoryObjects/21cd756e-e290-4a26-9547-93e8cc1a8923/Microsoft.DirectoryServices.User/thumbnailPhoto","usageLocation":null,"userIdentities":[],"userPrincipalName":"zuh_microsoft.com#EXT#@AzureSDKTeam.onmicrosoft.com","userState":"Accepted","userStateChangedOn":"2019-06-24T01:43:59Z","userType":"Guest"}'
    headers:
      access-control-allow-origin:
      - '*'
      cache-control:
      - no-cache
      content-length:
      - '1670'
      content-type:
      - application/json; odata=minimalmetadata; streaming=true; charset=utf-8
      dataserviceversion:
      - 3.0;
      date:
      - Wed, 04 Mar 2020 15:22:03 GMT
      duration:
      - '2780944'
      expires:
      - '-1'
      ocp-aad-diagnostics-server-name:
      - 51iBJpC99VT0XE2E+kBdfS8ZboPQ82X4Ya2wf9P8Ew0=
      ocp-aad-session-key:
      - -Qt3IAkXvYdfpOmAmU3dUXVXp9lIObQUbj6l8CGwD4TgjuZgHjl3v40dZoPKh-plHo1I34df65h38nnFzb3YvSn5Wjs_fvAWOZI2YUG50eniB_R2pmzbzrVbJdvMZtIy.ymHE8URSL1W6--rjdjWAEeRt3kX4RYdnD_T1qBhE1Ds
      pragma:
      - no-cache
      request-id:
      - 717cf4ae-6447-4bba-a205-78b15cf2da29
      strict-transport-security:
      - max-age=31536000; includeSubDomains
      x-aspnet-version:
      - 4.0.30319
      x-ms-dirapi-data-contract-version:
      - '1.6'
      x-powered-by:
      - ASP.NET
    status:
      code: 200
      message: OK
- request:
    body: '{"location": "westus", "properties": {"tenantId": "54826b22-38d6-4fb2-bad9-b7b93a3e9c5a",
      "sku": {"family": "A", "name": "standard"}, "accessPolicies": [{"tenantId":
      "54826b22-38d6-4fb2-bad9-b7b93a3e9c5a", "objectId": "21cd756e-e290-4a26-9547-93e8cc1a8923",
      "permissions": {"keys": ["get", "create", "delete", "list", "update", "import",
      "backup", "restore", "recover"], "secrets": ["get", "list", "set", "delete",
      "backup", "restore", "recover"], "certificates": ["get", "list", "delete", "create",
      "import", "update", "managecontacts", "getissuers", "listissuers", "setissuers",
      "deleteissuers", "manageissuers", "recover"], "storage": ["get", "list", "delete",
      "set", "update", "regeneratekey", "setsas", "listsas", "getsas", "deletesas"]}}],
      "enablePurgeProtection": true}}'
    headers:
      Accept:
      - application/json
      Accept-Encoding:
      - gzip, deflate
      CommandName:
      - keyvault create
      Connection:
      - keep-alive
      Content-Length:
      - '777'
      Content-Type:
      - application/json; charset=utf-8
      ParameterSetName:
      - -n -g --enable-purge-protection
      User-Agent:
      - python/3.7.4 (Windows-10-10.0.18362-SP0) msrest/0.6.10 msrest_azure/0.6.2
        azure-mgmt-keyvault/2.1.1 Azure-SDK-For-Python AZURECLI/2.1.0
      accept-language:
      - en-US
    method: PUT
    uri: https://management.azure.com/subscriptions/00000000-0000-0000-0000-000000000000/resourceGroups/cli_test_storage_encryption000001/providers/Microsoft.KeyVault/vaults/vault000004?api-version=2019-09-01
  response:
    body:
      string: '{"id":"/subscriptions/00000000-0000-0000-0000-000000000000/resourceGroups/cli_test_storage_encryption000001/providers/Microsoft.KeyVault/vaults/vault000004","name":"vault000004","type":"Microsoft.KeyVault/vaults","location":"westus","tags":{},"properties":{"sku":{"family":"A","name":"standard"},"tenantId":"54826b22-38d6-4fb2-bad9-b7b93a3e9c5a","accessPolicies":[{"tenantId":"54826b22-38d6-4fb2-bad9-b7b93a3e9c5a","objectId":"21cd756e-e290-4a26-9547-93e8cc1a8923","permissions":{"keys":["get","create","delete","list","update","import","backup","restore","recover"],"secrets":["get","list","set","delete","backup","restore","recover"],"certificates":["get","list","delete","create","import","update","managecontacts","getissuers","listissuers","setissuers","deleteissuers","manageissuers","recover"],"storage":["get","list","delete","set","update","regeneratekey","setsas","listsas","getsas","deletesas"]}}],"enabledForDeployment":false,"enableSoftDelete":true,"enablePurgeProtection":true,"vaultUri":"https://vault000004.vault.azure.net","provisioningState":"RegisteringDns"}}'
    headers:
      cache-control:
      - no-cache
      content-length:
      - '1159'
      content-type:
      - application/json; charset=utf-8
      date:
      - Wed, 04 Mar 2020 15:22:10 GMT
      expires:
      - '-1'
      pragma:
      - no-cache
      server:
      - Microsoft-IIS/10.0
      strict-transport-security:
      - max-age=31536000; includeSubDomains
      transfer-encoding:
      - chunked
      vary:
      - Accept-Encoding
      x-aspnet-version:
      - 4.0.30319
      x-content-type-options:
      - nosniff
      x-ms-keyvault-service-version:
      - 1.1.0.271
      x-ms-ratelimit-remaining-subscription-writes:
      - '1196'
      x-powered-by:
      - ASP.NET
    status:
      code: 200
      message: OK
- request:
    body: null
    headers:
      Accept:
      - application/json
      Accept-Encoding:
      - gzip, deflate
      CommandName:
      - keyvault create
      Connection:
      - keep-alive
      ParameterSetName:
      - -n -g --enable-purge-protection
      User-Agent:
      - python/3.7.4 (Windows-10-10.0.18362-SP0) msrest/0.6.10 msrest_azure/0.6.2
        azure-mgmt-keyvault/2.1.1 Azure-SDK-For-Python AZURECLI/2.1.0
    method: GET
    uri: https://management.azure.com/subscriptions/00000000-0000-0000-0000-000000000000/resourceGroups/cli_test_storage_encryption000001/providers/Microsoft.KeyVault/vaults/vault000004?api-version=2019-09-01
  response:
    body:
      string: '{"id":"/subscriptions/00000000-0000-0000-0000-000000000000/resourceGroups/cli_test_storage_encryption000001/providers/Microsoft.KeyVault/vaults/vault000004","name":"vault000004","type":"Microsoft.KeyVault/vaults","location":"westus","tags":{},"properties":{"sku":{"family":"A","name":"standard"},"tenantId":"54826b22-38d6-4fb2-bad9-b7b93a3e9c5a","accessPolicies":[{"tenantId":"54826b22-38d6-4fb2-bad9-b7b93a3e9c5a","objectId":"21cd756e-e290-4a26-9547-93e8cc1a8923","permissions":{"keys":["get","create","delete","list","update","import","backup","restore","recover"],"secrets":["get","list","set","delete","backup","restore","recover"],"certificates":["get","list","delete","create","import","update","managecontacts","getissuers","listissuers","setissuers","deleteissuers","manageissuers","recover"],"storage":["get","list","delete","set","update","regeneratekey","setsas","listsas","getsas","deletesas"]}}],"enabledForDeployment":false,"enableSoftDelete":true,"enablePurgeProtection":true,"vaultUri":"https://vault000004.vault.azure.net/","provisioningState":"Succeeded"}}'
    headers:
      cache-control:
      - no-cache
      content-length:
      - '1155'
      content-type:
      - application/json; charset=utf-8
      date:
      - Wed, 04 Mar 2020 15:22:42 GMT
      expires:
      - '-1'
      pragma:
      - no-cache
      server:
      - Microsoft-IIS/10.0
      strict-transport-security:
      - max-age=31536000; includeSubDomains
      transfer-encoding:
      - chunked
      vary:
      - Accept-Encoding
      x-aspnet-version:
      - 4.0.30319
      x-content-type-options:
      - nosniff
      x-ms-keyvault-service-version:
      - 1.1.0.271
      x-powered-by:
      - ASP.NET
    status:
      code: 200
      message: OK
- request:
    body: null
    headers:
      Accept:
      - application/json
      Accept-Encoding:
      - gzip, deflate
      CommandName:
      - keyvault set-policy
      Connection:
      - keep-alive
      ParameterSetName:
      - -n -g --object-id --key-permissions
      User-Agent:
      - python/3.7.4 (Windows-10-10.0.18362-SP0) msrest/0.6.10 msrest_azure/0.6.2
        azure-mgmt-keyvault/2.1.1 Azure-SDK-For-Python AZURECLI/2.1.0
      accept-language:
      - en-US
    method: GET
    uri: https://management.azure.com/subscriptions/00000000-0000-0000-0000-000000000000/resourceGroups/cli_test_storage_encryption000001/providers/Microsoft.KeyVault/vaults/vault000004?api-version=2019-09-01
  response:
    body:
      string: '{"id":"/subscriptions/00000000-0000-0000-0000-000000000000/resourceGroups/cli_test_storage_encryption000001/providers/Microsoft.KeyVault/vaults/vault000004","name":"vault000004","type":"Microsoft.KeyVault/vaults","location":"westus","tags":{},"properties":{"sku":{"family":"A","name":"standard"},"tenantId":"54826b22-38d6-4fb2-bad9-b7b93a3e9c5a","accessPolicies":[{"tenantId":"54826b22-38d6-4fb2-bad9-b7b93a3e9c5a","objectId":"21cd756e-e290-4a26-9547-93e8cc1a8923","permissions":{"keys":["get","create","delete","list","update","import","backup","restore","recover"],"secrets":["get","list","set","delete","backup","restore","recover"],"certificates":["get","list","delete","create","import","update","managecontacts","getissuers","listissuers","setissuers","deleteissuers","manageissuers","recover"],"storage":["get","list","delete","set","update","regeneratekey","setsas","listsas","getsas","deletesas"]}}],"enabledForDeployment":false,"enableSoftDelete":true,"enablePurgeProtection":true,"vaultUri":"https://vault000004.vault.azure.net/","provisioningState":"Succeeded"}}'
    headers:
      cache-control:
      - no-cache
      content-length:
      - '1155'
      content-type:
      - application/json; charset=utf-8
      date:
      - Wed, 04 Mar 2020 15:22:43 GMT
      expires:
      - '-1'
      pragma:
      - no-cache
      server:
      - Microsoft-IIS/10.0
      strict-transport-security:
      - max-age=31536000; includeSubDomains
      transfer-encoding:
      - chunked
      vary:
      - Accept-Encoding
      x-aspnet-version:
      - 4.0.30319
      x-content-type-options:
      - nosniff
      x-ms-keyvault-service-version:
      - 1.1.0.271
      x-powered-by:
      - ASP.NET
    status:
      code: 200
      message: OK
- request:
    body: '{"location": "westus", "tags": {}, "properties": {"tenantId": "54826b22-38d6-4fb2-bad9-b7b93a3e9c5a",
      "sku": {"family": "A", "name": "standard"}, "accessPolicies": [{"tenantId":
      "54826b22-38d6-4fb2-bad9-b7b93a3e9c5a", "objectId": "21cd756e-e290-4a26-9547-93e8cc1a8923",
      "permissions": {"keys": ["get", "create", "delete", "list", "update", "import",
      "backup", "restore", "recover"], "secrets": ["get", "list", "set", "delete",
      "backup", "restore", "recover"], "certificates": ["get", "list", "delete", "create",
      "import", "update", "managecontacts", "getissuers", "listissuers", "setissuers",
      "deleteissuers", "manageissuers", "recover"], "storage": ["get", "list", "delete",
      "set", "update", "regeneratekey", "setsas", "listsas", "getsas", "deletesas"]}},
      {"tenantId": "54826b22-38d6-4fb2-bad9-b7b93a3e9c5a", "objectId": "d9e468c0-1b92-420f-8a12-d8c5b9b7a2e9",
      "permissions": {"keys": ["get", "wrapKey", "unwrapKey"]}}], "vaultUri": "https://vault000004.vault.azure.net/",
      "enabledForDeployment": false, "enableSoftDelete": true, "enablePurgeProtection":
      true}}'
    headers:
      Accept:
      - application/json
      Accept-Encoding:
      - gzip, deflate
      CommandName:
      - keyvault set-policy
      Connection:
      - keep-alive
      Content-Length:
      - '1075'
      Content-Type:
      - application/json; charset=utf-8
      ParameterSetName:
      - -n -g --object-id --key-permissions
      User-Agent:
      - python/3.7.4 (Windows-10-10.0.18362-SP0) msrest/0.6.10 msrest_azure/0.6.2
        azure-mgmt-keyvault/2.1.1 Azure-SDK-For-Python AZURECLI/2.1.0
      accept-language:
      - en-US
    method: PUT
    uri: https://management.azure.com/subscriptions/00000000-0000-0000-0000-000000000000/resourceGroups/cli_test_storage_encryption000001/providers/Microsoft.KeyVault/vaults/vault000004?api-version=2019-09-01
  response:
    body:
      string: '{"id":"/subscriptions/00000000-0000-0000-0000-000000000000/resourceGroups/cli_test_storage_encryption000001/providers/Microsoft.KeyVault/vaults/vault000004","name":"vault000004","type":"Microsoft.KeyVault/vaults","location":"westus","tags":{},"properties":{"sku":{"family":"A","name":"standard"},"tenantId":"54826b22-38d6-4fb2-bad9-b7b93a3e9c5a","accessPolicies":[{"tenantId":"54826b22-38d6-4fb2-bad9-b7b93a3e9c5a","objectId":"21cd756e-e290-4a26-9547-93e8cc1a8923","permissions":{"keys":["get","create","delete","list","update","import","backup","restore","recover"],"secrets":["get","list","set","delete","backup","restore","recover"],"certificates":["get","list","delete","create","import","update","managecontacts","getissuers","listissuers","setissuers","deleteissuers","manageissuers","recover"],"storage":["get","list","delete","set","update","regeneratekey","setsas","listsas","getsas","deletesas"]}},{"tenantId":"54826b22-38d6-4fb2-bad9-b7b93a3e9c5a","objectId":"d9e468c0-1b92-420f-8a12-d8c5b9b7a2e9","permissions":{"keys":["get","wrapKey","unwrapKey"]}}],"enabledForDeployment":false,"enableSoftDelete":true,"enablePurgeProtection":true,"vaultUri":"https://vault000004.vault.azure.net/","provisioningState":"Succeeded"}}'
    headers:
      cache-control:
      - no-cache
      content-length:
      - '1310'
      content-type:
      - application/json; charset=utf-8
      date:
      - Wed, 04 Mar 2020 15:22:43 GMT
      expires:
      - '-1'
      pragma:
      - no-cache
      server:
      - Microsoft-IIS/10.0
      strict-transport-security:
      - max-age=31536000; includeSubDomains
      transfer-encoding:
      - chunked
      vary:
      - Accept-Encoding
      x-aspnet-version:
      - 4.0.30319
      x-content-type-options:
      - nosniff
      x-ms-keyvault-service-version:
      - 1.1.0.271
      x-ms-ratelimit-remaining-subscription-writes:
      - '1196'
      x-powered-by:
      - ASP.NET
    status:
      code: 200
      message: OK
- request:
    body: ''
    headers:
      Accept:
      - application/json
      Accept-Encoding:
      - gzip, deflate
      Connection:
      - keep-alive
      Content-Length:
      - 0
      Content-Type:
      - application/json; charset=utf-8
      User-Agent:
      - python/3.7.4 (Windows-10-10.0.18362-SP0) msrest/0.6.10 msrest_azure/0.6.2
        azure-keyvault/7.0 Azure-SDK-For-Python
      accept-language:
      - en-US
    method: POST
    uri: https://vault000004.vault.azure.net/keys/key000005/create?api-version=7.0
  response:
    body:
      string: '{"error":{"code":"Unauthorized","message":"Request is missing a Bearer
        or PoP token."}}'
    headers:
      cache-control:
      - no-cache
      content-length:
      - '87'
      content-type:
      - application/json; charset=utf-8
      date:
      - Wed, 04 Mar 2020 15:22:45 GMT
      expires:
      - '-1'
      pragma:
      - no-cache
      server:
      - Microsoft-IIS/10.0
      strict-transport-security:
      - max-age=31536000;includeSubDomains
      www-authenticate:
      - Bearer authorization="https://login.windows.net/54826b22-38d6-4fb2-bad9-b7b93a3e9c5a",
        resource="https://vault.azure.net"
      x-aspnet-version:
      - 4.0.30319
      x-content-type-options:
      - nosniff
      x-ms-keyvault-network-info:
      - addr=167.220.255.1;act_addr_fam=InterNetwork;
      x-ms-keyvault-region:
      - westus
      x-ms-keyvault-service-version:
      - 1.1.0.897
      x-powered-by:
      - ASP.NET
    status:
      code: 401
      message: Unauthorized
- request:
    body: '{"kty": "RSA", "attributes": {"enabled": true}}'
    headers:
      Accept:
      - application/json
      Accept-Encoding:
      - gzip, deflate
      Connection:
      - keep-alive
      Content-Length:
      - '47'
      Content-Type:
      - application/json; charset=utf-8
      User-Agent:
      - python/3.7.4 (Windows-10-10.0.18362-SP0) msrest/0.6.10 msrest_azure/0.6.2
        azure-keyvault/7.0 Azure-SDK-For-Python
      accept-language:
      - en-US
    method: POST
    uri: https://vault000004.vault.azure.net/keys/key000005/create?api-version=7.0
  response:
    body:
      string: '{"key":{"kid":"https://vault000004.vault.azure.net/keys/key000005/db6fcf77a172435b8b30ca90dabf1594","kty":"RSA","key_ops":["encrypt","decrypt","sign","verify","wrapKey","unwrapKey"],"n":"wRXgISJpJ7W1Ae4QY71JoYMzwPN5DOLVtDaOiZgkLPFYmKayHaQmgKHikLTDBATS5foFdx4yVh4Mt5zsi0K2ESqJYuwMYS7zEmN1cQD2Ob-l38HfsqMOn_IS47UI37Wct3s9oXXfvenBiOyG8uDR8btPdHyTV77tth-oO4r_9ldzoOpz-TMQgrdYDiGsPJkzU3rODTlKnny930gms-c-oaKZzUdH-qSN0XD81boc10ui3sGjbnDpqobfazn1yfDYQW1MARgXt6B3LHn2QqgpE9-cUOuZg3RNga9UGiYa313t6YY-J-8kV6CmeTK9PAEsG56fBvg-cFkGVlOu05SRsw","e":"AQAB"},"attributes":{"enabled":true,"created":1583335368,"updated":1583335368,"recoveryLevel":"Recoverable"}}'
    headers:
      cache-control:
      - no-cache
      content-length:
      - '673'
      content-type:
      - application/json; charset=utf-8
      date:
      - Wed, 04 Mar 2020 15:22:47 GMT
      expires:
      - '-1'
      pragma:
      - no-cache
      server:
      - Microsoft-IIS/10.0
      strict-transport-security:
      - max-age=31536000;includeSubDomains
      x-aspnet-version:
      - 4.0.30319
      x-content-type-options:
      - nosniff
      x-ms-keyvault-network-info:
      - addr=167.220.255.1;act_addr_fam=InterNetwork;
      x-ms-keyvault-region:
      - westus
      x-ms-keyvault-service-version:
      - 1.1.0.897
      x-powered-by:
      - ASP.NET
    status:
      code: 200
      message: OK
- request:
    body: '{"properties": {"source": "Microsoft.KeyVault", "state": "Enabled", "keyVaultProperties":
      {"keyUri": "https://vault000004.vault.azure.net/keys/key000005/db6fcf77a172435b8b30ca90dabf1594"}}}'
    headers:
      Accept:
      - application/json
      Accept-Encoding:
      - gzip, deflate
      CommandName:
      - storage account encryption-scope update
      Connection:
      - keep-alive
      Content-Length:
      - '217'
      Content-Type:
      - application/json; charset=utf-8
      ParameterSetName:
      - --account-name -g -n -s -u
      User-Agent:
      - python/3.7.4 (Windows-10-10.0.18362-SP0) msrest/0.6.10 msrest_azure/0.6.2
        azure-mgmt-storage/8.0.0 Azure-SDK-For-Python AZURECLI/2.1.0
      accept-language:
      - en-US
    method: PATCH
    uri: https://management.azure.com/subscriptions/00000000-0000-0000-0000-000000000000/resourceGroups/cli_test_storage_encryption000001/providers/Microsoft.Storage/storageAccounts/encryption000002/encryptionScopes/encryption000003?api-version=2019-06-01
  response:
    body:
      string: '{"id":"/subscriptions/00000000-0000-0000-0000-000000000000/resourceGroups/cli_test_storage_encryption000001/providers/Microsoft.Storage/storageAccounts/encryption000002/encryptionScopes/encryption000003","type":"Microsoft.Storage/storageAccounts/encryptionScopes","name":"encryption000003","properties":{"source":"Microsoft.Keyvault","keyVaultProperties":{"keyUri":"https://vault000004.vault.azure.net/keys/key000005/db6fcf77a172435b8b30ca90dabf1594"},"creationTime":"2020-03-04T15:21:46.9084833Z","state":"Enabled"}}'
    headers:
      cache-control:
      - no-cache
      content-length:
      - '611'
      content-type:
      - application/json
      date:
      - Wed, 04 Mar 2020 15:22:49 GMT
      expires:
      - '-1'
      pragma:
      - no-cache
      server:
      - Microsoft-Azure-Storage-Resource-Provider/1.0,Microsoft-HTTPAPI/2.0 Microsoft-HTTPAPI/2.0
      strict-transport-security:
      - max-age=31536000; includeSubDomains
      transfer-encoding:
      - chunked
      vary:
      - Accept-Encoding
      x-content-type-options:
      - nosniff
      x-ms-ratelimit-remaining-subscription-writes:
      - '1197'
    status:
      code: 200
      message: OK
- request:
    body: '{"properties": {"source": "Microsoft.Storage", "state": "Disabled"}}'
    headers:
      Accept:
      - application/json
      Accept-Encoding:
      - gzip, deflate
      CommandName:
      - storage account encryption-scope update
      Connection:
      - keep-alive
      Content-Length:
      - '68'
      Content-Type:
      - application/json; charset=utf-8
      ParameterSetName:
      - --account-name -g -n --disabled
      User-Agent:
      - python/3.7.4 (Windows-10-10.0.18362-SP0) msrest/0.6.10 msrest_azure/0.6.2
        azure-mgmt-storage/8.0.0 Azure-SDK-For-Python AZURECLI/2.1.0
      accept-language:
      - en-US
    method: PATCH
    uri: https://management.azure.com/subscriptions/00000000-0000-0000-0000-000000000000/resourceGroups/cli_test_storage_encryption000001/providers/Microsoft.Storage/storageAccounts/encryption000002/encryptionScopes/encryption000003?api-version=2019-06-01
  response:
    body:
      string: '{"id":"/subscriptions/00000000-0000-0000-0000-000000000000/resourceGroups/cli_test_storage_encryption000001/providers/Microsoft.Storage/storageAccounts/encryption000002/encryptionScopes/encryption000003","type":"Microsoft.Storage/storageAccounts/encryptionScopes","name":"encryption000003","properties":{"source":"Microsoft.Storage","keyVaultProperties":{"keyUri":"https://vault000004.vault.azure.net/keys/key000005/db6fcf77a172435b8b30ca90dabf1594"},"creationTime":"2020-03-04T15:21:46.9084833Z","state":"Disabled"}}'
    headers:
      cache-control:
      - no-cache
      content-length:
      - '611'
      content-type:
      - application/json
      date:
      - Wed, 04 Mar 2020 15:22:50 GMT
      expires:
      - '-1'
      pragma:
      - no-cache
      server:
      - Microsoft-Azure-Storage-Resource-Provider/1.0,Microsoft-HTTPAPI/2.0 Microsoft-HTTPAPI/2.0
      strict-transport-security:
      - max-age=31536000; includeSubDomains
      transfer-encoding:
      - chunked
      vary:
      - Accept-Encoding
      x-content-type-options:
      - nosniff
      x-ms-ratelimit-remaining-subscription-writes:
      - '1199'
    status:
      code: 200
      message: OK
version: 1
