interactions:
- request:
    body: '{"properties": {"shareDeleteRetentionPolicy": {"enabled": true, "days":
      7}}}'
    headers:
      Accept:
      - application/json
      Accept-Encoding:
      - gzip, deflate
      CommandName:
      - storage account file-service-properties update
      Connection:
      - keep-alive
      Content-Length:
      - '76'
      Content-Type:
      - application/json; charset=utf-8
      ParameterSetName:
      - -n -g --delete-retention-days --enable-delete-retention
      User-Agent:
      - python/3.7.7 (Windows-10-10.0.18362-SP0) msrest/0.6.17 msrest_azure/0.6.3
        azure-mgmt-storage/11.1.0 Azure-SDK-For-Python AZURECLI/2.9.0
      accept-language:
      - en-US
    method: PUT
    uri: https://management.azure.com/subscriptions/00000000-0000-0000-0000-000000000000/resourceGroups/cli_nfs000001/providers/Microsoft.Storage/storageAccounts/nfs000002/fileServices/default?api-version=2019-06-01
  response:
    body:
      string: '{"id":"/subscriptions/00000000-0000-0000-0000-000000000000/resourceGroups/cli_nfs000001/providers/Microsoft.Storage/storageAccounts/nfs000002/fileServices/default","name":"default","type":"Microsoft.Storage/storageAccounts/fileServices","properties":{"shareDeleteRetentionPolicy":{"enabled":true,"days":7}}}'
    headers:
      cache-control:
      - no-cache
      content-length:
      - '384'
      content-type:
      - application/json
      date:
      - Tue, 14 Jul 2020 06:23:03 GMT
      expires:
      - '-1'
      pragma:
      - no-cache
      server:
      - Microsoft-Azure-Storage-Resource-Provider/1.0,Microsoft-HTTPAPI/2.0 Microsoft-HTTPAPI/2.0
      strict-transport-security:
      - max-age=31536000; includeSubDomains
      transfer-encoding:
      - chunked
      vary:
      - Accept-Encoding
      x-content-type-options:
      - nosniff
      x-ms-ratelimit-remaining-subscription-writes:
      - '1199'
    status:
      code: 200
      message: OK
- request:
    body: '{}'
    headers:
      Accept:
      - application/json
      Accept-Encoding:
      - gzip, deflate
      CommandName:
      - storage share-rm create
      Connection:
      - keep-alive
      Content-Length:
      - '2'
      Content-Type:
      - application/json; charset=utf-8
      ParameterSetName:
      - --storage-account -g -n
      User-Agent:
      - python/3.7.7 (Windows-10-10.0.18362-SP0) msrest/0.6.17 msrest_azure/0.6.3
        azure-mgmt-storage/11.1.0 Azure-SDK-For-Python AZURECLI/2.9.0
      accept-language:
      - en-US
    method: PUT
    uri: https://management.azure.com/subscriptions/00000000-0000-0000-0000-000000000000/resourceGroups/cli_nfs000001/providers/Microsoft.Storage/storageAccounts/nfs000002/fileServices/default/shares/share000003?api-version=2019-06-01
  response:
    body:
      string: '{"id":"/subscriptions/00000000-0000-0000-0000-000000000000/resourceGroups/cli_nfs000001/providers/Microsoft.Storage/storageAccounts/nfs000002/fileServices/default/shares/share000003","name":"share000003","type":"Microsoft.Storage/storageAccounts/fileServices/shares"}'
    headers:
      cache-control:
      - no-cache
      content-length:
      - '370'
      content-type:
      - application/json
      date:
      - Tue, 14 Jul 2020 06:23:05 GMT
      etag:
      - '"0x8D827BE5E3703FC"'
      expires:
      - '-1'
      pragma:
      - no-cache
      server:
      - Microsoft-Azure-Storage-Resource-Provider/1.0,Microsoft-HTTPAPI/2.0 Microsoft-HTTPAPI/2.0
      strict-transport-security:
      - max-age=31536000; includeSubDomains
      x-content-type-options:
      - nosniff
      x-ms-ratelimit-remaining-subscription-writes:
      - '1157'
    status:
      code: 201
      message: Created
- request:
    body: null
    headers:
      Accept:
      - application/json
      Accept-Encoding:
      - gzip, deflate
      CommandName:
      - storage share-rm list
      Connection:
      - keep-alive
      ParameterSetName:
      - --storage-account -g
      User-Agent:
      - python/3.7.7 (Windows-10-10.0.18362-SP0) msrest/0.6.17 msrest_azure/0.6.3
        azure-mgmt-storage/11.1.0 Azure-SDK-For-Python AZURECLI/2.9.0
      accept-language:
      - en-US
    method: GET
    uri: https://management.azure.com/subscriptions/00000000-0000-0000-0000-000000000000/resourceGroups/cli_nfs000001/providers/Microsoft.Storage/storageAccounts/nfs000002/fileServices/default/shares?api-version=2019-06-01
  response:
    body:
      string: '{"value":[{"id":"/subscriptions/00000000-0000-0000-0000-000000000000/resourceGroups/cli_nfs000001/providers/Microsoft.Storage/storageAccounts/nfs000002/fileServices/default/shares/share000003","name":"share000003","type":"Microsoft.Storage/storageAccounts/fileServices/shares","etag":"\"0x8D827BE5E3703FC\"","properties":{"accessTier":"TransactionOptimized","lastModifiedTime":"2020-07-14T06:23:05.0000000Z","shareQuota":5120,"enabledProtocols":"SMB"}}]}'
    headers:
      cache-control:
      - no-cache
      content-length:
      - '557'
      content-type:
      - application/json
      date:
      - Tue, 14 Jul 2020 06:23:05 GMT
      expires:
      - '-1'
      pragma:
      - no-cache
      server:
      - Microsoft-Azure-Storage-Resource-Provider/1.0,Microsoft-HTTPAPI/2.0 Microsoft-HTTPAPI/2.0
      strict-transport-security:
      - max-age=31536000; includeSubDomains
      transfer-encoding:
      - chunked
      vary:
      - Accept-Encoding
      x-content-type-options:
      - nosniff
    status:
      code: 200
      message: OK
- request:
    body: null
    headers:
      Accept:
      - application/json
      Accept-Encoding:
      - gzip, deflate
      CommandName:
      - storage share-rm delete
      Connection:
      - keep-alive
      Content-Length:
      - '0'
      ParameterSetName:
      - --storage-account -g -n -y
      User-Agent:
      - python/3.7.7 (Windows-10-10.0.18362-SP0) msrest/0.6.17 msrest_azure/0.6.3
        azure-mgmt-storage/11.1.0 Azure-SDK-For-Python AZURECLI/2.9.0
      accept-language:
      - en-US
    method: DELETE
    uri: https://management.azure.com/subscriptions/00000000-0000-0000-0000-000000000000/resourceGroups/cli_nfs000001/providers/Microsoft.Storage/storageAccounts/nfs000002/fileServices/default/shares/share000003?api-version=2019-06-01
  response:
    body:
      string: ''
    headers:
      cache-control:
      - no-cache
      content-length:
      - '0'
      content-type:
      - text/plain; charset=utf-8
      date:
      - Tue, 14 Jul 2020 06:23:06 GMT
      expires:
      - '-1'
      pragma:
      - no-cache
      server:
      - Microsoft-Azure-Storage-Resource-Provider/1.0,Microsoft-HTTPAPI/2.0 Microsoft-HTTPAPI/2.0
      strict-transport-security:
      - max-age=31536000; includeSubDomains
      x-content-type-options:
      - nosniff
      x-ms-ratelimit-remaining-subscription-deletes:
      - '14999'
    status:
      code: 200
      message: OK
- request:
    body: null
    headers:
      Accept:
      - application/json
      Accept-Encoding:
      - gzip, deflate
      CommandName:
      - storage share-rm list
      Connection:
      - keep-alive
      ParameterSetName:
      - --storage-account -g
      User-Agent:
      - python/3.7.7 (Windows-10-10.0.18362-SP0) msrest/0.6.17 msrest_azure/0.6.3
        azure-mgmt-storage/11.1.0 Azure-SDK-For-Python AZURECLI/2.9.0
      accept-language:
      - en-US
    method: GET
    uri: https://management.azure.com/subscriptions/00000000-0000-0000-0000-000000000000/resourceGroups/cli_nfs000001/providers/Microsoft.Storage/storageAccounts/nfs000002/fileServices/default/shares?api-version=2019-06-01
  response:
    body:
      string: '{"value":[]}'
    headers:
      cache-control:
      - no-cache
      content-length:
      - '12'
      content-type:
      - application/json
      date:
      - Tue, 14 Jul 2020 06:23:06 GMT
      expires:
      - '-1'
      pragma:
      - no-cache
      server:
      - Microsoft-Azure-Storage-Resource-Provider/1.0,Microsoft-HTTPAPI/2.0 Microsoft-HTTPAPI/2.0
      strict-transport-security:
      - max-age=31536000; includeSubDomains
      transfer-encoding:
      - chunked
      vary:
      - Accept-Encoding
      x-content-type-options:
      - nosniff
    status:
      code: 200
      message: OK
- request:
    body: null
    headers:
      Accept:
      - application/json
      Accept-Encoding:
      - gzip, deflate
      CommandName:
      - storage share-rm list
      Connection:
      - keep-alive
      ParameterSetName:
      - --storage-account -g --include-deleted
      User-Agent:
      - python/3.7.7 (Windows-10-10.0.18362-SP0) msrest/0.6.17 msrest_azure/0.6.3
        azure-mgmt-storage/11.1.0 Azure-SDK-For-Python AZURECLI/2.9.0
      accept-language:
      - en-US
    method: GET
    uri: https://management.azure.com/subscriptions/00000000-0000-0000-0000-000000000000/resourceGroups/cli_nfs000001/providers/Microsoft.Storage/storageAccounts/nfs000002/fileServices/default/shares?api-version=2019-06-01&$expand=deleted
  response:
    body:
      string: '{"value":[{"id":"/subscriptions/00000000-0000-0000-0000-000000000000/resourceGroups/cli_nfs000001/providers/Microsoft.Storage/storageAccounts/nfs000002/fileServices/default/shares/share000003_01D659A73B9F2FA7","name":"share000003","type":"Microsoft.Storage/storageAccounts/fileServices/shares","etag":"\"0x8D827BE5E3703FC\"","properties":{"version":"01D659A73B9F2FA7","deleted":true,"deletedTime":"Tue,
        14 Jul 2020 06:23:06 GMT","remainingRetentionDays":7,"accessTier":"TransactionOptimized","lastModifiedTime":"2020-07-14T06:23:05.0000000Z","shareQuota":5120,"enabledProtocols":"SMB"}}]}'
    headers:
      cache-control:
      - no-cache
      content-length:
      - '691'
      content-type:
      - application/json
      date:
      - Tue, 14 Jul 2020 06:23:07 GMT
      expires:
      - '-1'
      pragma:
      - no-cache
      server:
      - Microsoft-Azure-Storage-Resource-Provider/1.0,Microsoft-HTTPAPI/2.0 Microsoft-HTTPAPI/2.0
      strict-transport-security:
      - max-age=31536000; includeSubDomains
      transfer-encoding:
      - chunked
      vary:
      - Accept-Encoding
      x-content-type-options:
      - nosniff
    status:
      code: 200
      message: OK
- request:
    body: null
    headers:
      Accept:
      - application/json
      Accept-Encoding:
      - gzip, deflate
      CommandName:
      - storage share-rm list
      Connection:
      - keep-alive
      ParameterSetName:
      - --storage-account -g --include-deleted --query -o
      User-Agent:
      - python/3.7.7 (Windows-10-10.0.18362-SP0) msrest/0.6.17 msrest_azure/0.6.3
        azure-mgmt-storage/11.1.0 Azure-SDK-For-Python AZURECLI/2.9.0
      accept-language:
      - en-US
    method: GET
    uri: https://management.azure.com/subscriptions/00000000-0000-0000-0000-000000000000/resourceGroups/cli_nfs000001/providers/Microsoft.Storage/storageAccounts/nfs000002/fileServices/default/shares?api-version=2019-06-01&$expand=deleted
  response:
    body:
      string: '{"value":[{"id":"/subscriptions/00000000-0000-0000-0000-000000000000/resourceGroups/cli_nfs000001/providers/Microsoft.Storage/storageAccounts/nfs000002/fileServices/default/shares/share000003_01D659A73B9F2FA7","name":"share000003","type":"Microsoft.Storage/storageAccounts/fileServices/shares","etag":"\"0x8D827BE5E3703FC\"","properties":{"version":"01D659A73B9F2FA7","deleted":true,"deletedTime":"Tue,
        14 Jul 2020 06:23:06 GMT","remainingRetentionDays":7,"accessTier":"TransactionOptimized","lastModifiedTime":"2020-07-14T06:23:05.0000000Z","shareQuota":5120,"enabledProtocols":"SMB"}}]}'
    headers:
      cache-control:
      - no-cache
      content-length:
      - '691'
      content-type:
      - application/json
      date:
      - Tue, 14 Jul 2020 06:23:08 GMT
      expires:
      - '-1'
      pragma:
      - no-cache
      server:
      - Microsoft-Azure-Storage-Resource-Provider/1.0,Microsoft-HTTPAPI/2.0 Microsoft-HTTPAPI/2.0
      strict-transport-security:
      - max-age=31536000; includeSubDomains
      transfer-encoding:
      - chunked
      vary:
      - Accept-Encoding
      x-content-type-options:
      - nosniff
    status:
      code: 200
      message: OK
- request:
    body: '{"deletedShareName": "share000003", "deletedShareVersion": "01D659A73B9F2FA7"}'
    headers:
      Accept:
      - application/json
      Accept-Encoding:
      - gzip, deflate
      CommandName:
      - storage share-rm restore
      Connection:
      - keep-alive
      Content-Length:
      - '91'
      Content-Type:
      - application/json; charset=utf-8
      ParameterSetName:
      - --storage-account -g -n --deleted-version
      User-Agent:
      - python/3.7.7 (Windows-10-10.0.18362-SP0) msrest/0.6.17 msrest_azure/0.6.3
        azure-mgmt-storage/11.1.0 Azure-SDK-For-Python AZURECLI/2.9.0
      accept-language:
      - en-US
    method: POST
    uri: https://management.azure.com/subscriptions/00000000-0000-0000-0000-000000000000/resourceGroups/cli_nfs000001/providers/Microsoft.Storage/storageAccounts/nfs000002/fileServices/default/shares/share000003/restore?api-version=2019-06-01
  response:
    body:
      string: ''
    headers:
      cache-control:
      - no-cache
      content-length:
      - '0'
      content-type:
      - text/plain; charset=utf-8
      date:
      - Tue, 14 Jul 2020 06:23:52 GMT
      expires:
      - '-1'
      pragma:
      - no-cache
      server:
      - Microsoft-Azure-Storage-Resource-Provider/1.0,Microsoft-HTTPAPI/2.0 Microsoft-HTTPAPI/2.0
      strict-transport-security:
      - max-age=31536000; includeSubDomains
      x-content-type-options:
      - nosniff
      x-ms-ratelimit-remaining-subscription-writes:
      - '1199'
    status:
      code: 200
      message: OK
- request:
    body: null
    headers:
      Accept:
      - application/json
      Accept-Encoding:
      - gzip, deflate
      CommandName:
      - storage share-rm list
      Connection:
      - keep-alive
      ParameterSetName:
      - --storage-account -g
      User-Agent:
      - python/3.7.7 (Windows-10-10.0.18362-SP0) msrest/0.6.17 msrest_azure/0.6.3
        azure-mgmt-storage/11.1.0 Azure-SDK-For-Python AZURECLI/2.9.0
      accept-language:
      - en-US
    method: GET
    uri: https://management.azure.com/subscriptions/00000000-0000-0000-0000-000000000000/resourceGroups/cli_nfs000001/providers/Microsoft.Storage/storageAccounts/nfs000002/fileServices/default/shares?api-version=2019-06-01
  response:
    body:
      string: '{"value":[{"id":"/subscriptions/00000000-0000-0000-0000-000000000000/resourceGroups/cli_nfs000001/providers/Microsoft.Storage/storageAccounts/nfs000002/fileServices/default/shares/share000003","name":"share000003","type":"Microsoft.Storage/storageAccounts/fileServices/shares","etag":"\"0x8D827BE7A848288\"","properties":{"accessTier":"TransactionOptimized","lastModifiedTime":"2020-07-14T06:23:52.0000000Z","shareQuota":5120,"enabledProtocols":"SMB"}}]}'
    headers:
      cache-control:
      - no-cache
      content-length:
      - '557'
      content-type:
      - application/json
      date:
      - Tue, 14 Jul 2020 06:23:58 GMT
      expires:
      - '-1'
      pragma:
      - no-cache
      server:
      - Microsoft-Azure-Storage-Resource-Provider/1.0,Microsoft-HTTPAPI/2.0 Microsoft-HTTPAPI/2.0
      strict-transport-security:
      - max-age=31536000; includeSubDomains
      transfer-encoding:
      - chunked
      vary:
      - Accept-Encoding
      x-content-type-options:
      - nosniff
    status:
      code: 200
      message: OK
version: 1
