interactions:
- request:
    body: null
    headers:
      Accept:
      - application/json
      Accept-Encoding:
      - gzip, deflate
      CommandName:
      - storage account keys list
      Connection:
      - keep-alive
      Content-Length:
      - '0'
      ParameterSetName:
      - -n -g --query -o
      User-Agent:
      - AZURECLI/2.61.0 azsdk-python-core/1.28.0 Python/3.9.13 (Windows-10-10.0.19045-SP0)
    method: POST
    uri: https://management.azure.com/subscriptions/00000000-0000-0000-0000-000000000000/resourceGroups/clitest.rg000001/providers/Microsoft.Storage/storageAccounts/clitest000002/listKeys?api-version=2023-05-01&$expand=kerb
  response:
    body:
      string: '{"keys":[{"creationTime":"2024-06-19T10:53:40.3650078Z","keyName":"key1","value":"veryFakedStorageAccountKey==","permissions":"FULL"},{"creationTime":"2024-06-19T10:53:40.3650078Z","keyName":"key2","value":"veryFakedStorageAccountKey==","permissions":"FULL"}]}'
    headers:
      cache-control:
      - no-cache
      content-length:
      - '260'
      content-type:
      - application/json
      date:
      - Wed, 19 Jun 2024 10:54:05 GMT
      expires:
      - '-1'
      pragma:
      - no-cache
      server:
      - Microsoft-Azure-Storage-Resource-Provider/1.0,Microsoft-HTTPAPI/2.0 Microsoft-HTTPAPI/2.0
      strict-transport-security:
      - max-age=31536000; includeSubDomains
      x-content-type-options:
      - nosniff
      x-ms-operation-identifier:
      - tenantId=54826b22-38d6-4fb2-bad9-b7b93a3e9c5a,objectId=a7250e3a-0e5e-48e2-9a34-45f1f5e1a91e/eastus2euap/53ed2752-b194-492d-83da-5a6221d73603
      x-ms-ratelimit-remaining-subscription-resource-requests:
      - '11994'
    status:
      code: 200
      message: OK
- request:
    body: null
    headers:
      Accept:
      - application/xml
      Accept-Encoding:
      - gzip, deflate
      CommandName:
      - storage fs create
      Connection:
      - keep-alive
      Content-Length:
      - '0'
      ParameterSetName:
      - -n --account-name --account-key
      User-Agent:
      - AZURECLI/2.61.0 azsdk-python-storage-dfs/12.9.0b1 Python/3.9.13 (Windows-10-10.0.19045-SP0)
      x-ms-date:
      - Wed, 19 Jun 2024 10:54:06 GMT
      x-ms-version:
      - '2021-08-06'
    method: PUT
    uri: https://clitest000002.blob.core.windows.net/filesystem000003?restype=container
  response:
    body:
      string: ''
    headers:
      content-length:
      - '0'
      date:
      - Wed, 19 Jun 2024 10:54:06 GMT
      etag:
      - '"0x8DC904E248D38FF"'
      last-modified:
      - Wed, 19 Jun 2024 10:54:07 GMT
      server:
      - Windows-Azure-Blob/1.0 Microsoft-HTTPAPI/2.0
      x-ms-version:
      - '2021-08-06'
    status:
      code: 201
      message: Created
- request:
    body: null
    headers:
      Accept:
      - application/json
      Accept-Encoding:
      - gzip, deflate
      CommandName:
      - storage fs file create
      Connection:
      - keep-alive
      Content-Length:
      - '0'
      ParameterSetName:
      - -p -f --account-name --account-key
      User-Agent:
      - AZURECLI/2.61.0 azsdk-python-storage-dfs/12.9.0b1 Python/3.9.13 (Windows-10-10.0.19045-SP0)
      x-ms-date:
      - Wed, 19 Jun 2024 10:54:07 GMT
      x-ms-version:
      - '2021-08-06'
    method: PUT
    uri: https://clitest000002.dfs.core.windows.net/filesystem000003/dir000004%2Ffile000005?resource=file
  response:
    body:
      string: ''
    headers:
      content-length:
      - '0'
      date:
      - Wed, 19 Jun 2024 10:54:08 GMT
      etag:
      - '"0x8DC904E25546D99"'
      last-modified:
      - Wed, 19 Jun 2024 10:54:08 GMT
      server:
      - Windows-Azure-HDFS/1.0 Microsoft-HTTPAPI/2.0
      x-ms-request-server-encrypted:
      - 'true'
      x-ms-version:
      - '2021-08-06'
    status:
      code: 201
      message: Created
- request:
    body: null
    headers:
      Accept:
      - application/xml
      Accept-Encoding:
      - gzip, deflate
      CommandName:
      - storage fs file show
      Connection:
      - keep-alive
      ParameterSetName:
      - -p -f --account-name --account-key
      User-Agent:
      - AZURECLI/2.61.0 azsdk-python-storage-dfs/12.9.0b1 Python/3.9.13 (Windows-10-10.0.19045-SP0)
      x-ms-date:
      - Wed, 19 Jun 2024 10:54:09 GMT
      x-ms-version:
      - '2021-08-06'
    method: HEAD
    uri: https://clitest000002.blob.core.windows.net/filesystem000003/dir000004/file000005
  response:
    body:
      string: ''
    headers:
      accept-ranges:
      - bytes
      content-length:
      - '0'
      content-type:
      - application/octet-stream
      date:
      - Wed, 19 Jun 2024 10:54:09 GMT
      etag:
      - '"0x8DC904E25546D99"'
      last-modified:
      - Wed, 19 Jun 2024 10:54:08 GMT
      server:
      - Windows-Azure-Blob/1.0 Microsoft-HTTPAPI/2.0
      x-ms-access-tier:
      - Hot
      x-ms-access-tier-inferred:
      - 'true'
      x-ms-blob-type:
      - BlockBlob
      x-ms-creation-time:
      - Wed, 19 Jun 2024 10:54:08 GMT
      x-ms-group:
      - $superuser
      x-ms-lease-state:
      - available
      x-ms-lease-status:
      - unlocked
      x-ms-owner:
      - $superuser
      x-ms-permissions:
      - rw-r-----
      x-ms-resource-type:
      - file
      x-ms-server-encrypted:
      - 'true'
      x-ms-version:
      - '2021-08-06'
    status:
      code: 200
      message: OK
- request:
    body: null
    headers:
      Accept:
      - application/json
      Accept-Encoding:
      - gzip, deflate
      CommandName:
      - storage fs file show
      Connection:
      - keep-alive
      ParameterSetName:
      - -p -f --account-name --account-key
      User-Agent:
      - AZURECLI/2.61.0 azsdk-python-storage-dfs/12.9.0b1 Python/3.9.13 (Windows-10-10.0.19045-SP0)
      x-ms-date:
      - Wed, 19 Jun 2024 10:54:10 GMT
      x-ms-version:
      - '2021-08-06'
    method: HEAD
    uri: https://clitest000002.dfs.core.windows.net/filesystem000003/dir000004%2Ffile000005?action=getAccessControl&upn=false
  response:
    body:
      string: ''
    headers:
      date:
      - Wed, 19 Jun 2024 10:54:10 GMT
      etag:
      - '"0x8DC904E25546D99"'
      last-modified:
      - Wed, 19 Jun 2024 10:54:08 GMT
      server:
      - Windows-Azure-HDFS/1.0 Microsoft-HTTPAPI/2.0
      x-ms-acl:
      - user::rw-,group::r--,other::---
      x-ms-group:
      - $superuser
      x-ms-owner:
      - $superuser
      x-ms-permissions:
      - rw-r-----
      x-ms-version:
      - '2021-08-06'
    status:
      code: 200
      message: OK
- request:
    body: null
    headers:
      Accept:
      - application/xml
      Accept-Encoding:
      - gzip, deflate
      CommandName:
      - storage fs directory show
      Connection:
      - keep-alive
      ParameterSetName:
      - -n -f --account-name --account-key
      User-Agent:
      - AZURECLI/2.61.0 azsdk-python-storage-dfs/12.9.0b1 Python/3.9.13 (Windows-10-10.0.19045-SP0)
      x-ms-date:
      - Wed, 19 Jun 2024 10:54:11 GMT
      x-ms-version:
      - '2021-08-06'
    method: HEAD
    uri: https://clitest000002.blob.core.windows.net/filesystem000003/dir000004
  response:
    body:
      string: ''
    headers:
      accept-ranges:
      - bytes
      content-length:
      - '0'
      date:
      - Wed, 19 Jun 2024 10:54:11 GMT
      etag:
      - '"0x8DC904E2554E225"'
      last-modified:
      - Wed, 19 Jun 2024 10:54:08 GMT
      server:
      - Windows-Azure-Blob/1.0 Microsoft-HTTPAPI/2.0
      x-ms-access-tier:
      - Hot
      x-ms-access-tier-inferred:
      - 'true'
      x-ms-blob-type:
      - BlockBlob
      x-ms-creation-time:
      - Wed, 19 Jun 2024 10:54:08 GMT
      x-ms-group:
      - $superuser
      x-ms-lease-state:
      - available
      x-ms-lease-status:
      - unlocked
      x-ms-meta-hdi_isfolder:
      - 'true'
      x-ms-owner:
      - $superuser
      x-ms-permissions:
      - rwxr-x---
      x-ms-resource-type:
      - directory
      x-ms-server-encrypted:
      - 'true'
      x-ms-version:
      - '2021-08-06'
    status:
      code: 200
      message: OK
- request:
    body: null
    headers:
      Accept:
      - application/json
      Accept-Encoding:
      - gzip, deflate
      CommandName:
      - storage fs directory show
      Connection:
      - keep-alive
      ParameterSetName:
      - -n -f --account-name --account-key
      User-Agent:
      - AZURECLI/2.61.0 azsdk-python-storage-dfs/12.9.0b1 Python/3.9.13 (Windows-10-10.0.19045-SP0)
      x-ms-date:
      - Wed, 19 Jun 2024 10:54:12 GMT
      x-ms-version:
      - '2021-08-06'
    method: HEAD
    uri: https://clitest000002.dfs.core.windows.net/filesystem000003/dir000004?action=getAccessControl&upn=false
  response:
    body:
      string: ''
    headers:
      date:
      - Wed, 19 Jun 2024 10:54:12 GMT
      etag:
      - '"0x8DC904E2554E225"'
      last-modified:
      - Wed, 19 Jun 2024 10:54:08 GMT
      server:
      - Windows-Azure-HDFS/1.0 Microsoft-HTTPAPI/2.0
      x-ms-acl:
      - user::rwx,group::r-x,other::---
      x-ms-group:
      - $superuser
      x-ms-owner:
      - $superuser
      x-ms-permissions:
      - rwxr-x---
      x-ms-version:
      - '2021-08-06'
    status:
      code: 200
      message: OK
- request:
    body: null
    headers:
      Accept:
      - application/json
      Accept-Encoding:
      - gzip, deflate
      CommandName:
      - storage fs access set
      Connection:
      - keep-alive
      Content-Length:
      - '0'
      ParameterSetName:
      - -f -p --acl --account-name --account-key
      User-Agent:
      - AZURECLI/2.61.0 azsdk-python-storage-dfs/12.9.0b1 Python/3.9.13 (Windows-10-10.0.19045-SP0)
      x-ms-acl:
      - user::rwx,group::r--,other::---
      x-ms-date:
      - Wed, 19 Jun 2024 10:54:13 GMT
      x-ms-version:
      - '2021-08-06'
    method: PATCH
    uri: https://clitest000002.dfs.core.windows.net/filesystem000003/%2F?action=setAccessControl
  response:
    body:
      string: ''
    headers:
      content-length:
      - '0'
      date:
      - Wed, 19 Jun 2024 10:54:13 GMT
      etag:
      - '"0x8DC904E24911F24"'
      last-modified:
      - Wed, 19 Jun 2024 10:54:07 GMT
      server:
      - Windows-Azure-HDFS/1.0 Microsoft-HTTPAPI/2.0
      x-ms-namespace-enabled:
      - 'true'
      x-ms-version:
      - '2021-08-06'
    status:
      code: 200
      message: OK
- request:
    body: null
    headers:
      Accept:
      - application/json
      Accept-Encoding:
      - gzip, deflate
      CommandName:
      - storage fs access show
      Connection:
      - keep-alive
      ParameterSetName:
      - -f -p --account-name --account-key
      User-Agent:
      - AZURECLI/2.61.0 azsdk-python-storage-dfs/12.9.0b1 Python/3.9.13 (Windows-10-10.0.19045-SP0)
      x-ms-date:
      - Wed, 19 Jun 2024 10:54:14 GMT
      x-ms-version:
      - '2021-08-06'
    method: HEAD
    uri: https://clitest000002.dfs.core.windows.net/filesystem000003/%2F?action=getAccessControl&upn=false
  response:
    body:
      string: ''
    headers:
      date:
      - Wed, 19 Jun 2024 10:54:15 GMT
      etag:
      - '"0x8DC904E24911F24"'
      last-modified:
      - Wed, 19 Jun 2024 10:54:07 GMT
      server:
      - Windows-Azure-HDFS/1.0 Microsoft-HTTPAPI/2.0
      x-ms-acl:
      - user::rwx,group::r--,other::---
      x-ms-group:
      - $superuser
      x-ms-owner:
      - $superuser
      x-ms-permissions:
      - rwxr-----
      x-ms-version:
      - '2021-08-06'
    status:
      code: 200
      message: OK
- request:
    body: null
    headers:
      Accept:
      - application/json
      Accept-Encoding:
      - gzip, deflate
      CommandName:
      - storage fs access set
      Connection:
      - keep-alive
      Content-Length:
      - '0'
      ParameterSetName:
      - -f -p --permissions --account-name --account-key
      User-Agent:
      - AZURECLI/2.61.0 azsdk-python-storage-dfs/12.9.0b1 Python/3.9.13 (Windows-10-10.0.19045-SP0)
      x-ms-date:
      - Wed, 19 Jun 2024 10:54:16 GMT
      x-ms-permissions:
      - rwxrwxrwx
      x-ms-version:
      - '2021-08-06'
    method: PATCH
    uri: https://clitest000002.dfs.core.windows.net/filesystem000003/dir000004%2Ffile000005?action=setAccessControl
  response:
    body:
      string: ''
    headers:
      content-length:
      - '0'
      date:
      - Wed, 19 Jun 2024 10:54:16 GMT
      etag:
      - '"0x8DC904E25546D99"'
      last-modified:
      - Wed, 19 Jun 2024 10:54:08 GMT
      server:
      - Windows-Azure-HDFS/1.0 Microsoft-HTTPAPI/2.0
      x-ms-namespace-enabled:
      - 'true'
      x-ms-version:
      - '2021-08-06'
    status:
      code: 200
      message: OK
- request:
    body: null
    headers:
      Accept:
      - application/json
      Accept-Encoding:
      - gzip, deflate
      CommandName:
      - storage fs access show
      Connection:
      - keep-alive
      ParameterSetName:
      - -f -p --account-name --account-key
      User-Agent:
      - AZURECLI/2.61.0 azsdk-python-storage-dfs/12.9.0b1 Python/3.9.13 (Windows-10-10.0.19045-SP0)
      x-ms-date:
      - Wed, 19 Jun 2024 10:54:17 GMT
      x-ms-version:
      - '2021-08-06'
    method: HEAD
    uri: https://clitest000002.dfs.core.windows.net/filesystem000003/dir000004%2Ffile000005?action=getAccessControl&upn=false
  response:
    body:
      string: ''
    headers:
      date:
      - Wed, 19 Jun 2024 10:54:17 GMT
      etag:
      - '"0x8DC904E25546D99"'
      last-modified:
      - Wed, 19 Jun 2024 10:54:08 GMT
      server:
      - Windows-Azure-HDFS/1.0 Microsoft-HTTPAPI/2.0
      x-ms-acl:
      - user::rwx,group::rwx,other::rwx
      x-ms-group:
      - $superuser
      x-ms-owner:
      - $superuser
      x-ms-permissions:
      - rwxrwxrwx
      x-ms-version:
      - '2021-08-06'
    status:
      code: 200
      message: OK
version: 1
