interactions:
- request:
    body: null
    headers:
      Accept:
      - application/json
      Accept-Encoding:
      - gzip, deflate
      CommandName:
      - storage account blob-service-properties update
      Connection:
      - keep-alive
      ParameterSetName:
      - -n -g --enable-versioning
      User-Agent:
      - AZURECLI/2.50.0 (PIP) azsdk-python-azure-mgmt-storage/0.1.0 Python/3.9.6 (Windows-10-10.0.19045-SP0)
    method: GET
    uri: https://management.azure.com/subscriptions/00000000-0000-0000-0000-000000000000/resourceGroups/clitest000001/providers/Microsoft.Storage/storageAccounts/clitest000002/blobServices/default?api-version=2023-01-01
  response:
    body:
      string: '{"sku":{"name":"Standard_LRS","tier":"Standard"},"id":"/subscriptions/00000000-0000-0000-0000-000000000000/resourceGroups/clitest000001/providers/Microsoft.Storage/storageAccounts/clitest000002/blobServices/default","name":"default","type":"Microsoft.Storage/storageAccounts/blobServices","properties":{"cors":{"corsRules":[]},"deleteRetentionPolicy":{"allowPermanentDelete":false,"enabled":false}}}'
    headers:
      cache-control:
      - no-cache
      content-length:
      - '399'
      content-type:
      - application/json
      date:
      - Thu, 06 Jul 2023 03:41:45 GMT
      expires:
      - '-1'
      pragma:
      - no-cache
      server:
      - Microsoft-Azure-Storage-Resource-Provider/1.0,Microsoft-HTTPAPI/2.0 Microsoft-HTTPAPI/2.0
      strict-transport-security:
      - max-age=31536000; includeSubDomains
      transfer-encoding:
      - chunked
      vary:
      - Accept-Encoding
      x-content-type-options:
      - nosniff
    status:
      code: 200
      message: OK
- request:
    body: '{"properties": {"cors": {"corsRules": []}, "deleteRetentionPolicy": {"enabled":
      false, "allowPermanentDelete": false}, "isVersioningEnabled": true}}'
    headers:
      Accept:
      - application/json
      Accept-Encoding:
      - gzip, deflate
      CommandName:
      - storage account blob-service-properties update
      Connection:
      - keep-alive
      Content-Length:
      - '148'
      Content-Type:
      - application/json
      ParameterSetName:
      - -n -g --enable-versioning
      User-Agent:
      - AZURECLI/2.50.0 (PIP) azsdk-python-azure-mgmt-storage/0.1.0 Python/3.9.6 (Windows-10-10.0.19045-SP0)
    method: PUT
    uri: https://management.azure.com/subscriptions/00000000-0000-0000-0000-000000000000/resourceGroups/clitest000001/providers/Microsoft.Storage/storageAccounts/clitest000002/blobServices/default?api-version=2023-01-01
  response:
    body:
      string: '{"id":"/subscriptions/00000000-0000-0000-0000-000000000000/resourceGroups/clitest000001/providers/Microsoft.Storage/storageAccounts/clitest000002/blobServices/default","name":"default","type":"Microsoft.Storage/storageAccounts/blobServices","properties":{"cors":{"corsRules":[]},"deleteRetentionPolicy":{"allowPermanentDelete":false,"enabled":false},"isVersioningEnabled":true}}'
    headers:
      cache-control:
      - no-cache
      content-length:
      - '378'
      content-type:
      - application/json
      date:
      - Thu, 06 Jul 2023 03:41:46 GMT
      expires:
      - '-1'
      pragma:
      - no-cache
      server:
      - Microsoft-Azure-Storage-Resource-Provider/1.0,Microsoft-HTTPAPI/2.0 Microsoft-HTTPAPI/2.0
      strict-transport-security:
      - max-age=31536000; includeSubDomains
      transfer-encoding:
      - chunked
      vary:
      - Accept-Encoding
      x-content-type-options:
      - nosniff
      x-ms-ratelimit-remaining-subscription-writes:
      - '1140'
    status:
      code: 200
      message: OK
- request:
    body: '{"properties": {"immutableStorageWithVersioning": {"enabled": true}}}'
    headers:
      Accept:
      - application/json
      Accept-Encoding:
      - gzip, deflate
      CommandName:
      - storage container-rm create
      Connection:
      - keep-alive
      Content-Length:
      - '69'
      Content-Type:
      - application/json
      ParameterSetName:
      - -n --storage-account -g --enable-vlw
      User-Agent:
      - AZURECLI/2.50.0 (PIP) azsdk-python-azure-mgmt-storage/0.1.0 Python/3.9.6 (Windows-10-10.0.19045-SP0)
    method: PUT
    uri: https://management.azure.com/subscriptions/00000000-0000-0000-0000-000000000000/resourceGroups/clitest000001/providers/Microsoft.Storage/storageAccounts/clitest000002/blobServices/default/containers/con1000003?api-version=2023-01-01
  response:
    body:
      string: '{"id":"/subscriptions/00000000-0000-0000-0000-000000000000/resourceGroups/clitest000001/providers/Microsoft.Storage/storageAccounts/clitest000002/blobServices/default/containers/con1000003","name":"con1000003","type":"Microsoft.Storage/storageAccounts/blobServices/containers","properties":{"immutableStorageWithVersioning":{"enabled":true},"deleted":false,"remainingRetentionDays":0,"hasImmutabilityPolicy":false,"hasLegalHold":false}}'
    headers:
      cache-control:
      - no-cache
      content-length:
      - '436'
      content-type:
      - application/json
      date:
      - Thu, 06 Jul 2023 03:41:49 GMT
      etag:
      - '"0x8DB7DD2EDF39BE7"'
      expires:
      - '-1'
      pragma:
      - no-cache
      server:
      - Microsoft-Azure-Storage-Resource-Provider/1.0,Microsoft-HTTPAPI/2.0 Microsoft-HTTPAPI/2.0
      strict-transport-security:
      - max-age=31536000; includeSubDomains
      x-content-type-options:
      - nosniff
      x-ms-ratelimit-remaining-subscription-writes:
      - '1142'
    status:
      code: 201
      message: Created
- request:
    body: null
    headers:
      Accept:
      - application/json
      Accept-Encoding:
      - gzip, deflate
      CommandName:
      - storage container-rm show
      Connection:
      - keep-alive
      ParameterSetName:
      - -n --storage-account -g
      User-Agent:
      - AZURECLI/2.50.0 (PIP) azsdk-python-azure-mgmt-storage/0.1.0 Python/3.9.6 (Windows-10-10.0.19045-SP0)
    method: GET
    uri: https://management.azure.com/subscriptions/00000000-0000-0000-0000-000000000000/resourceGroups/clitest000001/providers/Microsoft.Storage/storageAccounts/clitest000002/blobServices/default/containers/con1000003?api-version=2023-01-01
  response:
    body:
      string: '{"id":"/subscriptions/00000000-0000-0000-0000-000000000000/resourceGroups/clitest000001/providers/Microsoft.Storage/storageAccounts/clitest000002/blobServices/default/containers/con1000003","name":"con1000003","type":"Microsoft.Storage/storageAccounts/blobServices/containers","etag":"\"0x8DB7DD2EDF45E59\"","properties":{"immutableStorageWithVersioning":{"enabled":true},"deleted":false,"remainingRetentionDays":0,"defaultEncryptionScope":"$account-encryption-key","denyEncryptionScopeOverride":false,"publicAccess":"None","leaseStatus":"Unlocked","leaseState":"Available","lastModifiedTime":"2023-07-06T03:41:49.0000000Z","legalHold":{"hasLegalHold":false,"tags":[]},"hasImmutabilityPolicy":false,"hasLegalHold":false}}'
    headers:
      cache-control:
      - no-cache
      content-length:
      - '721'
      content-type:
      - application/json
      date:
      - Thu, 06 Jul 2023 03:41:49 GMT
      etag:
      - '"0x8DB7DD2EDF45E59"'
      expires:
      - '-1'
      pragma:
      - no-cache
      server:
      - Microsoft-Azure-Storage-Resource-Provider/1.0,Microsoft-HTTPAPI/2.0 Microsoft-HTTPAPI/2.0
      strict-transport-security:
      - max-age=31536000; includeSubDomains
      transfer-encoding:
      - chunked
      vary:
      - Accept-Encoding
      x-content-type-options:
      - nosniff
    status:
      code: 200
      message: OK
- request:
    body: '{}'
    headers:
      Accept:
      - application/json
      Accept-Encoding:
      - gzip, deflate
      CommandName:
      - storage container-rm create
      Connection:
      - keep-alive
      Content-Length:
      - '2'
      Content-Type:
      - application/json
      ParameterSetName:
      - -n --storage-account -g
      User-Agent:
      - AZURECLI/2.50.0 (PIP) azsdk-python-azure-mgmt-storage/0.1.0 Python/3.9.6 (Windows-10-10.0.19045-SP0)
    method: PUT
    uri: https://management.azure.com/subscriptions/00000000-0000-0000-0000-000000000000/resourceGroups/clitest000001/providers/Microsoft.Storage/storageAccounts/clitest000002/blobServices/default/containers/con2000004?api-version=2023-01-01
  response:
    body:
      string: '{"id":"/subscriptions/00000000-0000-0000-0000-000000000000/resourceGroups/clitest000001/providers/Microsoft.Storage/storageAccounts/clitest000002/blobServices/default/containers/con2000004","name":"con2000004","type":"Microsoft.Storage/storageAccounts/blobServices/containers"}'
    headers:
      cache-control:
      - no-cache
      content-length:
      - '277'
      content-type:
      - application/json
      date:
      - Thu, 06 Jul 2023 03:41:51 GMT
      etag:
      - '"0x8DB7DD2EFD07CCA"'
      expires:
      - '-1'
      pragma:
      - no-cache
      server:
      - Microsoft-Azure-Storage-Resource-Provider/1.0,Microsoft-HTTPAPI/2.0 Microsoft-HTTPAPI/2.0
      strict-transport-security:
      - max-age=31536000; includeSubDomains
      x-content-type-options:
      - nosniff
      x-ms-ratelimit-remaining-subscription-writes:
      - '1192'
    status:
      code: 201
      message: Created
- request:
    body: '{"properties": {"immutabilityPeriodSinceCreationInDays": 1, "allowProtectedAppendWrites":
      true}}'
    headers:
      Accept:
      - application/json
      Accept-Encoding:
      - gzip, deflate
      CommandName:
      - storage container immutability-policy create
      Connection:
      - keep-alive
      Content-Length:
      - '96'
      Content-Type:
      - application/json
      ParameterSetName:
      - -c --account-name -g -w --period
      User-Agent:
      - AZURECLI/2.50.0 (PIP) azsdk-python-azure-mgmt-storage/0.1.0 Python/3.9.6 (Windows-10-10.0.19045-SP0)
    method: PUT
    uri: https://management.azure.com/subscriptions/00000000-0000-0000-0000-000000000000/resourceGroups/clitest000001/providers/Microsoft.Storage/storageAccounts/clitest000002/blobServices/default/containers/con2000004/immutabilityPolicies/default?api-version=2023-01-01
  response:
    body:
      string: '{"id":"/subscriptions/00000000-0000-0000-0000-000000000000/resourceGroups/clitest000001/providers/Microsoft.Storage/storageAccounts/clitest000002/blobServices/default/containers/con2000004/immutabilityPolicies/default","name":"default","type":"Microsoft.Storage/storageAccounts/blobServices/containers/immutabilityPolicies","etag":"\"8db7dd2f0e85274\"","properties":{"allowProtectedAppendWrites":true,"immutabilityPeriodSinceCreationInDays":1,"state":"Unlocked"}}'
    headers:
      cache-control:
      - no-cache
      content-length:
      - '463'
      content-type:
      - application/json
      date:
      - Thu, 06 Jul 2023 03:41:53 GMT
      etag:
      - '"8db7dd2f0e85274"'
      expires:
      - '-1'
      pragma:
      - no-cache
      server:
      - Microsoft-Azure-Storage-Resource-Provider/1.0,Microsoft-HTTPAPI/2.0 Microsoft-HTTPAPI/2.0
      strict-transport-security:
      - max-age=31536000; includeSubDomains
      transfer-encoding:
      - chunked
      vary:
      - Accept-Encoding
      x-content-type-options:
      - nosniff
      x-ms-ratelimit-remaining-subscription-writes:
      - '1151'
    status:
      code: 200
      message: OK
- request:
    body: null
    headers:
      Accept:
      - application/json
      Accept-Encoding:
      - gzip, deflate
      CommandName:
      - storage container-rm migrate-vlw
      Connection:
      - keep-alive
      Content-Length:
      - '0'
      ParameterSetName:
      - -n --storage-account -g --no-wait
      User-Agent:
      - AZURECLI/2.50.0 (PIP) azsdk-python-azure-mgmt-storage/0.1.0 Python/3.9.6 (Windows-10-10.0.19045-SP0)
    method: POST
    uri: https://management.azure.com/subscriptions/00000000-0000-0000-0000-000000000000/resourceGroups/clitest000001/providers/Microsoft.Storage/storageAccounts/clitest000002/blobServices/default/containers/con2000004/migrate?api-version=2023-01-01
  response:
    body:
      string: ''
    headers:
      azure-asyncoperation:
      - https://management.azure.com/subscriptions/00000000-0000-0000-0000-000000000000/providers/Microsoft.Storage/locations/centraluseuap/asyncoperations/22656ba3-a043-4b41-becc-9ae2890885a9?monitor=true&api-version=2023-01-01
      cache-control:
      - no-cache
      content-length:
      - '0'
      content-type:
      - text/plain; charset=utf-8
      date:
      - Thu, 06 Jul 2023 03:41:56 GMT
      expires:
      - '-1'
      location:
      - https://management.azure.com/subscriptions/00000000-0000-0000-0000-000000000000/providers/Microsoft.Storage/locations/centraluseuap/asyncoperations/22656ba3-a043-4b41-becc-9ae2890885a9?monitor=true&api-version=2023-01-01
      pragma:
      - no-cache
      server:
      - Microsoft-Azure-Storage-Resource-Provider/1.0,Microsoft-HTTPAPI/2.0 Microsoft-HTTPAPI/2.0
      strict-transport-security:
      - max-age=31536000; includeSubDomains
      x-content-type-options:
      - nosniff
      x-ms-ratelimit-remaining-subscription-writes:
      - '1195'
    status:
      code: 202
      message: Accepted
- request:
    body: null
    headers:
      Accept:
      - application/json
      Accept-Encoding:
      - gzip, deflate
      CommandName:
      - storage container-rm show
      Connection:
      - keep-alive
      ParameterSetName:
      - -n --storage-account -g
      User-Agent:
      - AZURECLI/2.50.0 (PIP) azsdk-python-azure-mgmt-storage/0.1.0 Python/3.9.6 (Windows-10-10.0.19045-SP0)
    method: GET
    uri: https://management.azure.com/subscriptions/00000000-0000-0000-0000-000000000000/resourceGroups/clitest000001/providers/Microsoft.Storage/storageAccounts/clitest000002/blobServices/default/containers/con2000004?api-version=2023-01-01
  response:
    body:
      string: '{"id":"/subscriptions/00000000-0000-0000-0000-000000000000/resourceGroups/clitest000001/providers/Microsoft.Storage/storageAccounts/clitest000002/blobServices/default/containers/con2000004","name":"con2000004","type":"Microsoft.Storage/storageAccounts/blobServices/containers","etag":"\"0x8DB7DD2F227A976\"","properties":{"immutableStorageWithVersioning":{"enabled":false,"migrationState":"InProgress"},"deleted":false,"remainingRetentionDays":0,"defaultEncryptionScope":"$account-encryption-key","denyEncryptionScopeOverride":false,"publicAccess":"None","leaseStatus":"Unlocked","leaseState":"Available","lastModifiedTime":"2023-07-06T03:41:56.0000000Z","immutabilityPolicy":{"etag":"\"8db7dd2f0e85274\"","properties":{"allowProtectedAppendWrites":true,"immutabilityPeriodSinceCreationInDays":1,"state":"Unlocked"},"updateHistory":[{"allowProtectedAppendWrites":true,"update":"put","immutabilityPeriodSinceCreationInDays":1,"timestamp":"2023-07-06T03:41:54.1574903Z","objectIdentifier":"a7250e3a-0e5e-48e2-9a34-45f1f5e1a91e","tenantId":"54826b22-38d6-4fb2-bad9-b7b93a3e9c5a"}]},"legalHold":{"hasLegalHold":false,"tags":[]},"hasImmutabilityPolicy":true,"hasLegalHold":false}}'
    headers:
      cache-control:
      - no-cache
      content-length:
      - '1175'
      content-type:
      - application/json
      date:
      - Thu, 06 Jul 2023 03:41:57 GMT
      etag:
      - '"0x8DB7DD2F227A976"'
      expires:
      - '-1'
      pragma:
      - no-cache
      server:
      - Microsoft-Azure-Storage-Resource-Provider/1.0,Microsoft-HTTPAPI/2.0 Microsoft-HTTPAPI/2.0
      strict-transport-security:
      - max-age=31536000; includeSubDomains
      transfer-encoding:
      - chunked
      vary:
      - Accept-Encoding
      x-content-type-options:
      - nosniff
    status:
      code: 200
      message: OK
version: 1
