interactions:
- request:
    body: null
    headers:
      Accept:
      - application/json
      Accept-Encoding:
      - gzip, deflate
      CommandName:
      - storage account keys list
      Connection:
      - keep-alive
      Content-Length:
      - '0'
      ParameterSetName:
      - -n -g --query -o
      User-Agent:
      - AZURECLI/2.69.0 azsdk-python-core/1.31.0 Python/3.12.9 (Windows-10-10.0.19045-SP0)
    method: POST
    uri: https://management.azure.com/subscriptions/00000000-0000-0000-0000-000000000000/resourceGroups/clitest.rg000001/providers/Microsoft.Storage/storageAccounts/clitest000002/listKeys?api-version=2024-01-01&$expand=kerb
  response:
    body:
      string: '{"keys":[{"creationTime":"2025-02-23T09:20:23.3891740Z","keyName":"key1","value":"veryFakedStorageAccountKey==","permissions":"FULL"},{"creationTime":"2025-02-23T09:20:23.3891740Z","keyName":"key2","value":"veryFakedStorageAccountKey==","permissions":"FULL"}]}'
    headers:
      cache-control:
      - no-cache
      content-length:
      - '260'
      content-type:
      - application/json
      date:
      - Sun, 23 Feb 2025 09:21:16 GMT
      expires:
      - '-1'
      pragma:
      - no-cache
      server:
      - Microsoft-Azure-Storage-Resource-Provider/1.0,Microsoft-HTTPAPI/2.0 Microsoft-HTTPAPI/2.0
      strict-transport-security:
      - max-age=31536000; includeSubDomains
      x-content-type-options:
      - nosniff
      x-ms-operation-identifier:
      - tenantId=54826b22-38d6-4fb2-bad9-b7b93a3e9c5a,objectId=a7250e3a-0e5e-48e2-9a34-45f1f5e1a91e/eastus2euap/2e1be1d7-8a78-4abc-9a11-dc143cbe3709
      x-ms-ratelimit-remaining-subscription-resource-requests:
      - '11991'
    status:
      code: 200
      message: OK
- request:
    body: null
    headers:
      Accept:
      - application/xml
      Accept-Encoding:
      - gzip, deflate
      CommandName:
      - storage container create
      Connection:
      - keep-alive
      Content-Length:
      - '0'
      ParameterSetName:
      - -n --account-name --account-key
      User-Agent:
      - AZURECLI/2.69.0 azsdk-python-storage-blob/12.16.0 Python/3.12.9 (Windows-10-10.0.19045-SP0)
      x-ms-date:
      - Sun, 23 Feb 2025 09:21:17 GMT
      x-ms-version:
      - '2022-11-02'
    method: PUT
    uri: https://clitest000002.blob.core.windows.net/cont000004?restype=container
  response:
    body:
      string: ''
    headers:
      content-length:
      - '0'
      date:
      - Sun, 23 Feb 2025 09:21:18 GMT
      etag:
      - '"0x8DD53EB6E23120D"'
      last-modified:
      - Sun, 23 Feb 2025 09:21:18 GMT
      server:
      - Windows-Azure-Blob/1.0 Microsoft-HTTPAPI/2.0
      x-ms-version:
      - '2022-11-02'
    status:
      code: 201
      message: Created
- request:
    body: null
    headers:
      Accept:
      - application/xml
      Accept-Encoding:
      - gzip, deflate
      CommandName:
      - storage blob upload
      Connection:
      - keep-alive
      Content-Length:
      - '0'
      If-None-Match:
      - '*'
      ParameterSetName:
      - -c -n -f -t --account-name --account-key
      User-Agent:
      - AZURECLI/2.69.0 azsdk-python-storage-blob/12.16.0 Python/3.12.9 (Windows-10-10.0.19045-SP0)
      x-ms-blob-content-length:
      - '16384'
      x-ms-blob-type:
      - PageBlob
      x-ms-date:
      - Sun, 23 Feb 2025 09:21:19 GMT
      x-ms-version:
      - '2022-11-02'
    method: PUT
    uri: https://clitest000002.blob.core.windows.net/cont000004/src
  response:
    body:
      string: ''
    headers:
      content-length:
      - '0'
      date:
      - Sun, 23 Feb 2025 09:21:19 GMT
      etag:
      - '"0x8DD53EB6EDC99C8"'
      last-modified:
      - Sun, 23 Feb 2025 09:21:19 GMT
      server:
      - Windows-Azure-Blob/1.0 Microsoft-HTTPAPI/2.0
      x-ms-request-server-encrypted:
      - 'true'
      x-ms-version:
      - '2022-11-02'
    status:
      code: 201
      message: Created
- request:
    body: null
    headers:
      Accept:
      - application/xml
      Accept-Encoding:
      - gzip, deflate
      CommandName:
      - storage blob snapshot
      Connection:
      - keep-alive
      Content-Length:
      - '0'
      ParameterSetName:
      - -c -n --account-name --account-key
      User-Agent:
      - AZURECLI/2.69.0 azsdk-python-storage-blob/12.16.0 Python/3.12.9 (Windows-10-10.0.19045-SP0)
      x-ms-date:
      - Sun, 23 Feb 2025 09:21:20 GMT
      x-ms-version:
      - '2022-11-02'
    method: PUT
    uri: https://clitest000002.blob.core.windows.net/cont000004/src?comp=snapshot
  response:
    body:
      string: ''
    headers:
      content-length:
      - '0'
      date:
      - Sun, 23 Feb 2025 09:21:20 GMT
      etag:
      - '"0x8DD53EB6EDC99C8"'
      last-modified:
      - Sun, 23 Feb 2025 09:21:19 GMT
      server:
      - Windows-Azure-Blob/1.0 Microsoft-HTTPAPI/2.0
      x-ms-request-server-encrypted:
      - 'false'
      x-ms-snapshot:
      - '2025-02-23T09:21:21.0142561Z'
      x-ms-version:
      - '2022-11-02'
    status:
      code: 201
      message: Created
- request:
    body: null
    headers:
      Accept:
      - application/json
      Accept-Encoding:
      - gzip, deflate
      CommandName:
      - storage account keys list
      Connection:
      - keep-alive
      Content-Length:
      - '0'
      ParameterSetName:
      - -n -g --query -o
      User-Agent:
      - AZURECLI/2.69.0 azsdk-python-core/1.31.0 Python/3.12.9 (Windows-10-10.0.19045-SP0)
    method: POST
    uri: https://management.azure.com/subscriptions/00000000-0000-0000-0000-000000000000/resourceGroups/clitest.rg000001/providers/Microsoft.Storage/storageAccounts/clitest000003/listKeys?api-version=2024-01-01&$expand=kerb
  response:
    body:
      string: '{"keys":[{"creationTime":"2025-02-23T09:20:50.9833404Z","keyName":"key1","value":"veryFakedStorageAccountKey==","permissions":"FULL"},{"creationTime":"2025-02-23T09:20:50.9833404Z","keyName":"key2","value":"veryFakedStorageAccountKey==","permissions":"FULL"}]}'
    headers:
      cache-control:
      - no-cache
      content-length:
      - '260'
      content-type:
      - application/json
      date:
      - Sun, 23 Feb 2025 09:21:22 GMT
      expires:
      - '-1'
      pragma:
      - no-cache
      server:
      - Microsoft-Azure-Storage-Resource-Provider/1.0,Microsoft-HTTPAPI/2.0 Microsoft-HTTPAPI/2.0
      strict-transport-security:
      - max-age=31536000; includeSubDomains
      x-content-type-options:
      - nosniff
      x-ms-operation-identifier:
      - tenantId=54826b22-38d6-4fb2-bad9-b7b93a3e9c5a,objectId=a7250e3a-0e5e-48e2-9a34-45f1f5e1a91e/eastus2euap/64d5b6f6-1b86-443a-97b4-c3fdde239fc1
      x-ms-ratelimit-remaining-subscription-resource-requests:
      - '11989'
    status:
      code: 200
      message: OK
- request:
    body: null
    headers:
      Accept:
      - application/xml
      Accept-Encoding:
      - gzip, deflate
      CommandName:
      - storage container create
      Connection:
      - keep-alive
      Content-Length:
      - '0'
      ParameterSetName:
      - -n --account-name --account-key
      User-Agent:
      - AZURECLI/2.69.0 azsdk-python-storage-blob/12.16.0 Python/3.12.9 (Windows-10-10.0.19045-SP0)
      x-ms-date:
      - Sun, 23 Feb 2025 09:21:22 GMT
      x-ms-version:
      - '2022-11-02'
    method: PUT
    uri: https://clitest000003.blob.core.windows.net/cont000005?restype=container
  response:
    body:
      string: ''
    headers:
      content-length:
      - '0'
      date:
      - Sun, 23 Feb 2025 09:21:23 GMT
      etag:
      - '"0x8DD53EB7146B55A"'
      last-modified:
      - Sun, 23 Feb 2025 09:21:23 GMT
      server:
      - Windows-Azure-Blob/1.0 Microsoft-HTTPAPI/2.0
      x-ms-version:
      - '2022-11-02'
    status:
      code: 201
      message: Created
- request:
    body: null
    headers:
      Connection:
      - keep-alive
      Content-Length:
      - '0'
      If-Modified-Since:
      - Mon, 29 Jun 2020 06:32:00 GMT
      User-Agent:
      - Azure-Storage/2.0.0-2.0.1 (Python CPython 3.12.9; Windows 10) AZURECLI/2.69.0
      x-ms-copy-source:
      - https://clitestniwm3pu6w42yxkuwr.blob.core.windows.net/contoeyw6ibs3mbpjrmquwyv/src?se=2025-02-24T09%3A21%3A24Z&sp=r&spr=https&sv=2018-11-09&sr=b&sig=GsD%2BNrFI5ip8Edf0MI9cw1rluyvLyr7n4AWEYHUBKg0%3D&snapshot=2025-02-23T09:21:21.0142561Z
      x-ms-date:
      - Sun, 23 Feb 2025 09:21:24 GMT
      x-ms-version:
      - '2018-11-09'
    method: PUT
    uri: https://clitest000003.blob.core.windows.net/cont000005/backup?comp=incrementalcopy
  response:
    body:
      string: ''
    headers:
      content-length:
      - '0'
      date:
      - Sun, 23 Feb 2025 09:21:24 GMT
      etag:
      - '"0x8DD53EB71FA4563"'
      last-modified:
      - Sun, 23 Feb 2025 09:21:25 GMT
      server:
      - Windows-Azure-Blob/1.0 Microsoft-HTTPAPI/2.0
      x-ms-copy-id:
      - 1c7ce4fa-bb56-4b72-99f5-e8e5a4363cf1
      x-ms-copy-status:
      - pending
      x-ms-version:
      - '2018-11-09'
    status:
      code: 202
      message: Accepted
version: 1
