interactions:
- request:
    body: null
    headers:
      Accept:
      - application/json
      Accept-Encoding:
      - gzip, deflate
      CommandName:
      - storage account show-connection-string
      Connection:
      - keep-alive
      Content-Length:
      - '0'
      ParameterSetName:
      - -g -n -o
      User-Agent:
      - AZURECLI/2.42.0 azsdk-python-azure-mgmt-storage/21.0.0 Python/3.10.8 (Linux-5.15.0-1022-azure-x86_64-with-glibc2.31)
        VSTS_7b238909-6802-4b65-b90d-184bca47f458_build_220_0
    method: POST
    uri: https://management.azure.com/subscriptions/00000000-0000-0000-0000-000000000000/resourceGroups/clitest.rg000001/providers/Microsoft.Storage/storageAccounts/clitest000002/listKeys?api-version=2022-09-01&$expand=kerb
  response:
    body:
      string: '{"keys":[{"creationTime":"2022-11-17T09:33:44.1849649Z","keyName":"key1","value":"veryFakedStorageAccountKey==","permissions":"FULL"},{"creationTime":"2022-11-17T09:33:44.1849649Z","keyName":"key2","value":"veryFakedStorageAccountKey==","permissions":"FULL"}]}'
    headers:
      cache-control:
      - no-cache
      content-length:
      - '260'
      content-type:
      - application/json
      date:
      - Thu, 17 Nov 2022 09:34:04 GMT
      expires:
      - '-1'
      pragma:
      - no-cache
      server:
      - Microsoft-Azure-Storage-Resource-Provider/1.0,Microsoft-HTTPAPI/2.0 Microsoft-HTTPAPI/2.0
      strict-transport-security:
      - max-age=31536000; includeSubDomains
      transfer-encoding:
      - chunked
      vary:
      - Accept-Encoding
      x-content-type-options:
      - nosniff
      x-ms-ratelimit-remaining-subscription-resource-requests:
      - '11999'
    status:
      code: 200
      message: OK
- request:
    body: null
    headers:
      Accept:
      - application/json
      Accept-Encoding:
      - gzip, deflate
      CommandName:
      - storage account show-connection-string
      Connection:
      - keep-alive
      ParameterSetName:
      - -g -n -o
      User-Agent:
      - AZURECLI/2.42.0 azsdk-python-azure-mgmt-storage/21.0.0 Python/3.10.8 (Linux-5.15.0-1022-azure-x86_64-with-glibc2.31)
        VSTS_7b238909-6802-4b65-b90d-184bca47f458_build_220_0
    method: GET
    uri: https://management.azure.com/subscriptions/00000000-0000-0000-0000-000000000000/resourceGroups/clitest.rg000001/providers/Microsoft.Storage/storageAccounts/clitest000002?api-version=2022-09-01
  response:
    body:
      string: '{"sku":{"name":"Standard_LRS","tier":"Standard"},"kind":"Storage","id":"/subscriptions/00000000-0000-0000-0000-000000000000/resourceGroups/clitest.rg000001/providers/Microsoft.Storage/storageAccounts/clitest000002","name":"clitest000002","type":"Microsoft.Storage/storageAccounts","location":"westus","tags":{},"properties":{"keyCreationTime":{"key1":"2022-11-17T09:33:44.1849649Z","key2":"2022-11-17T09:33:44.1849649Z"},"privateEndpointConnections":[],"minimumTlsVersion":"TLS1_0","allowBlobPublicAccess":false,"networkAcls":{"bypass":"AzureServices","virtualNetworkRules":[],"ipRules":[],"defaultAction":"Allow"},"supportsHttpsTrafficOnly":true,"encryption":{"services":{"file":{"keyType":"Account","enabled":true,"lastEnabledTime":"2022-11-17T09:33:44.2005843Z"},"blob":{"keyType":"Account","enabled":true,"lastEnabledTime":"2022-11-17T09:33:44.2005843Z"}},"keySource":"Microsoft.Storage"},"provisioningState":"Succeeded","creationTime":"2022-11-17T09:33:44.0756371Z","primaryEndpoints":{"blob":"https://clitest000002.blob.core.windows.net/","queue":"https://clitest000002.queue.core.windows.net/","table":"https://clitest000002.table.core.windows.net/","file":"https://clitest000002.file.core.windows.net/"},"primaryLocation":"westus","statusOfPrimary":"available"}}'
    headers:
      cache-control:
      - no-cache
      content-length:
      - '1270'
      content-type:
      - application/json
      date:
      - Thu, 17 Nov 2022 09:34:05 GMT
      expires:
      - '-1'
      pragma:
      - no-cache
      server:
      - Microsoft-Azure-Storage-Resource-Provider/1.0,Microsoft-HTTPAPI/2.0 Microsoft-HTTPAPI/2.0
      strict-transport-security:
      - max-age=31536000; includeSubDomains
      transfer-encoding:
      - chunked
      vary:
      - Accept-Encoding
      x-content-type-options:
      - nosniff
    status:
      code: 200
      message: OK
- request:
    body: null
    headers:
      Accept:
      - application/xml
      Accept-Encoding:
      - gzip, deflate
      CommandName:
      - storage logging show
      Connection:
      - keep-alive
      ParameterSetName:
      - --connection-string
      User-Agent:
      - AZURECLI/2.42.0 azsdk-python-storage-blob/12.12.0 Python/3.10.8 (Linux-5.15.0-1022-azure-x86_64-with-glibc2.31)
        VSTS_7b238909-6802-4b65-b90d-184bca47f458_build_220_0
      x-ms-date:
      - Thu, 17 Nov 2022 09:34:05 GMT
      x-ms-version:
      - '2021-06-08'
    method: GET
    uri: https://clitest000002.blob.core.windows.net/?restype=service&comp=properties
  response:
    body:
      string: "\uFEFF<?xml version=\"1.0\" encoding=\"utf-8\"?><StorageServiceProperties><Logging><Version>1.0</Version><Read>false</Read><Write>false</Write><Delete>false</Delete><RetentionPolicy><Enabled>false</Enabled></RetentionPolicy></Logging><HourMetrics><Version>1.0</Version><Enabled>true</Enabled><IncludeAPIs>true</IncludeAPIs><RetentionPolicy><Enabled>true</Enabled><Days>7</Days></RetentionPolicy></HourMetrics><MinuteMetrics><Version>1.0</Version><Enabled>false</Enabled><RetentionPolicy><Enabled>false</Enabled></RetentionPolicy></MinuteMetrics><Cors
        /><DeleteRetentionPolicy><Enabled>false</Enabled><AllowPermanentDelete>false</AllowPermanentDelete></DeleteRetentionPolicy></StorageServiceProperties>"
    headers:
      content-type:
      - application/xml
      date:
      - Thu, 17 Nov 2022 09:34:05 GMT
      server:
      - Windows-Azure-Blob/1.0 Microsoft-HTTPAPI/2.0
      transfer-encoding:
      - chunked
      x-ms-version:
      - '2021-06-08'
    status:
      code: 200
      message: OK
- request:
    body: null
    headers:
      Accept:
      - application/xml
      Accept-Encoding:
      - gzip, deflate
      CommandName:
      - storage logging show
      Connection:
      - keep-alive
      ParameterSetName:
      - --connection-string
      User-Agent:
      - AZURECLI/2.42.0 azsdk-python-storage-queue/12.3.0 Python/3.10.8 (Linux-5.15.0-1022-azure-x86_64-with-glibc2.31)
        VSTS_7b238909-6802-4b65-b90d-184bca47f458_build_220_0
      x-ms-date:
      - Thu, 17 Nov 2022 09:34:05 GMT
      x-ms-version:
      - '2021-02-12'
    method: GET
    uri: https://clitest000002.queue.core.windows.net/?restype=service&comp=properties
  response:
    body:
      string: "\uFEFF<?xml version=\"1.0\" encoding=\"utf-8\"?><StorageServiceProperties><Logging><Version>1.0</Version><Read>false</Read><Write>false</Write><Delete>false</Delete><RetentionPolicy><Enabled>false</Enabled></RetentionPolicy></Logging><HourMetrics><Version>1.0</Version><Enabled>true</Enabled><IncludeAPIs>true</IncludeAPIs><RetentionPolicy><Enabled>true</Enabled><Days>7</Days></RetentionPolicy></HourMetrics><MinuteMetrics><Version>1.0</Version><Enabled>false</Enabled><RetentionPolicy><Enabled>false</Enabled></RetentionPolicy></MinuteMetrics><Cors
        /></StorageServiceProperties>"
    headers:
      cache-control:
      - no-cache
      content-type:
      - application/xml
      date:
      - Thu, 17 Nov 2022 09:34:05 GMT
      server:
      - Windows-Azure-Queue/1.0 Microsoft-HTTPAPI/2.0
      transfer-encoding:
      - chunked
      x-ms-version:
      - '2021-02-12'
    status:
      code: 200
      message: OK
- request:
    body: null
    headers:
      Accept:
      - application/xml
      Accept-Encoding:
      - gzip, deflate
      CommandName:
      - storage logging show
      Connection:
      - keep-alive
      Date:
      - Thu, 17 Nov 2022 09:34:06 GMT
      ParameterSetName:
      - --connection-string
      User-Agent:
      - AZURECLI/2.42.0 azsdk-python-data-tables/12.4.0 Python/3.10.8 (Linux-5.15.0-1022-azure-x86_64-with-glibc2.31)
        VSTS_7b238909-6802-4b65-b90d-184bca47f458_build_220_0
      x-ms-date:
      - Thu, 17 Nov 2022 09:34:06 GMT
      x-ms-version:
      - '2019-02-02'
    method: GET
    uri: https://clitest000002.table.core.windows.net/?restype=service&comp=properties
  response:
    body:
      string: "\uFEFF<?xml version=\"1.0\" encoding=\"utf-8\"?><StorageServiceProperties><Logging><Version>1.0</Version><Read>false</Read><Write>false</Write><Delete>false</Delete><RetentionPolicy><Enabled>false</Enabled></RetentionPolicy></Logging><HourMetrics><Version>1.0</Version><Enabled>true</Enabled><IncludeAPIs>true</IncludeAPIs><RetentionPolicy><Enabled>true</Enabled><Days>7</Days></RetentionPolicy></HourMetrics><MinuteMetrics><Version>1.0</Version><Enabled>false</Enabled><RetentionPolicy><Enabled>false</Enabled></RetentionPolicy></MinuteMetrics><Cors
        /></StorageServiceProperties>"
    headers:
      content-type:
      - application/xml
      date:
      - Thu, 17 Nov 2022 09:34:06 GMT
      server:
      - Windows-Azure-Table/1.0 Microsoft-HTTPAPI/2.0
      transfer-encoding:
      - chunked
      x-ms-version:
      - '2019-02-02'
    status:
      code: 200
      message: OK
- request:
    body: '<?xml version=''1.0'' encoding=''utf-8''?>

      <StorageServiceProperties><Logging><Version>1.0</Version><Delete>false</Delete><Read>true</Read><Write>false</Write><RetentionPolicy><Enabled>true</Enabled><Days>1</Days></RetentionPolicy></Logging></StorageServiceProperties>'
    headers:
      Accept:
      - application/xml
      Accept-Encoding:
      - gzip, deflate
      CommandName:
      - storage logging update
      Connection:
      - keep-alive
      Content-Length:
      - '264'
      Content-Type:
      - application/xml
      ParameterSetName:
      - --services --log --retention --service --connection-string
      User-Agent:
      - AZURECLI/2.42.0 azsdk-python-storage-blob/12.12.0 Python/3.10.8 (Linux-5.15.0-1022-azure-x86_64-with-glibc2.31)
        VSTS_7b238909-6802-4b65-b90d-184bca47f458_build_220_0
      x-ms-date:
      - Thu, 17 Nov 2022 09:34:06 GMT
      x-ms-version:
      - '2021-06-08'
    method: PUT
    uri: https://clitest000002.blob.core.windows.net/?restype=service&comp=properties
  response:
    body:
      string: ''
    headers:
      content-length:
      - '0'
      date:
      - Thu, 17 Nov 2022 09:34:07 GMT
      server:
      - Windows-Azure-Blob/1.0 Microsoft-HTTPAPI/2.0
      x-ms-version:
      - '2021-06-08'
    status:
      code: 202
      message: Accepted
- request:
    body: null
    headers:
      Accept:
      - application/xml
      Accept-Encoding:
      - gzip, deflate
      CommandName:
      - storage logging show
      Connection:
      - keep-alive
      ParameterSetName:
      - --connection-string
      User-Agent:
      - AZURECLI/2.42.0 azsdk-python-storage-blob/12.12.0 Python/3.10.8 (Linux-5.15.0-1022-azure-x86_64-with-glibc2.31)
        VSTS_7b238909-6802-4b65-b90d-184bca47f458_build_220_0
      x-ms-date:
      - Thu, 17 Nov 2022 09:34:07 GMT
      x-ms-version:
      - '2021-06-08'
    method: GET
    uri: https://clitest000002.blob.core.windows.net/?restype=service&comp=properties
  response:
    body:
      string: "\uFEFF<?xml version=\"1.0\" encoding=\"utf-8\"?><StorageServiceProperties><Logging><Version>1.0</Version><Read>true</Read><Write>false</Write><Delete>false</Delete><RetentionPolicy><Enabled>true</Enabled><Days>1</Days></RetentionPolicy></Logging><HourMetrics><Version>1.0</Version><Enabled>true</Enabled><IncludeAPIs>true</IncludeAPIs><RetentionPolicy><Enabled>true</Enabled><Days>7</Days></RetentionPolicy></HourMetrics><MinuteMetrics><Version>1.0</Version><Enabled>false</Enabled><RetentionPolicy><Enabled>false</Enabled></RetentionPolicy></MinuteMetrics><Cors
        /><DeleteRetentionPolicy><Enabled>false</Enabled><AllowPermanentDelete>false</AllowPermanentDelete></DeleteRetentionPolicy></StorageServiceProperties>"
    headers:
      content-type:
      - application/xml
      date:
      - Thu, 17 Nov 2022 09:34:07 GMT
      server:
      - Windows-Azure-Blob/1.0 Microsoft-HTTPAPI/2.0
      transfer-encoding:
      - chunked
      x-ms-version:
      - '2021-06-08'
    status:
      code: 200
      message: OK
- request:
    body: null
    headers:
      Accept:
      - application/xml
      Accept-Encoding:
      - gzip, deflate
      CommandName:
      - storage logging show
      Connection:
      - keep-alive
      ParameterSetName:
      - --connection-string
      User-Agent:
      - AZURECLI/2.42.0 azsdk-python-storage-queue/12.3.0 Python/3.10.8 (Linux-5.15.0-1022-azure-x86_64-with-glibc2.31)
        VSTS_7b238909-6802-4b65-b90d-184bca47f458_build_220_0
      x-ms-date:
      - Thu, 17 Nov 2022 09:34:07 GMT
      x-ms-version:
      - '2021-02-12'
    method: GET
    uri: https://clitest000002.queue.core.windows.net/?restype=service&comp=properties
  response:
    body:
      string: "\uFEFF<?xml version=\"1.0\" encoding=\"utf-8\"?><StorageServiceProperties><Logging><Version>1.0</Version><Read>false</Read><Write>false</Write><Delete>false</Delete><RetentionPolicy><Enabled>false</Enabled></RetentionPolicy></Logging><HourMetrics><Version>1.0</Version><Enabled>true</Enabled><IncludeAPIs>true</IncludeAPIs><RetentionPolicy><Enabled>true</Enabled><Days>7</Days></RetentionPolicy></HourMetrics><MinuteMetrics><Version>1.0</Version><Enabled>false</Enabled><RetentionPolicy><Enabled>false</Enabled></RetentionPolicy></MinuteMetrics><Cors
        /></StorageServiceProperties>"
    headers:
      cache-control:
      - no-cache
      content-type:
      - application/xml
      date:
      - Thu, 17 Nov 2022 09:34:07 GMT
      server:
      - Windows-Azure-Queue/1.0 Microsoft-HTTPAPI/2.0
      transfer-encoding:
      - chunked
      x-ms-version:
      - '2021-02-12'
    status:
      code: 200
      message: OK
- request:
    body: null
    headers:
      Accept:
      - application/xml
      Accept-Encoding:
      - gzip, deflate
      CommandName:
      - storage logging show
      Connection:
      - keep-alive
      Date:
      - Thu, 17 Nov 2022 09:34:08 GMT
      ParameterSetName:
      - --connection-string
      User-Agent:
      - AZURECLI/2.42.0 azsdk-python-data-tables/12.4.0 Python/3.10.8 (Linux-5.15.0-1022-azure-x86_64-with-glibc2.31)
        VSTS_7b238909-6802-4b65-b90d-184bca47f458_build_220_0
      x-ms-date:
      - Thu, 17 Nov 2022 09:34:08 GMT
      x-ms-version:
      - '2019-02-02'
    method: GET
    uri: https://clitest000002.table.core.windows.net/?restype=service&comp=properties
  response:
    body:
      string: "\uFEFF<?xml version=\"1.0\" encoding=\"utf-8\"?><StorageServiceProperties><Logging><Version>1.0</Version><Read>false</Read><Write>false</Write><Delete>false</Delete><RetentionPolicy><Enabled>false</Enabled></RetentionPolicy></Logging><HourMetrics><Version>1.0</Version><Enabled>true</Enabled><IncludeAPIs>true</IncludeAPIs><RetentionPolicy><Enabled>true</Enabled><Days>7</Days></RetentionPolicy></HourMetrics><MinuteMetrics><Version>1.0</Version><Enabled>false</Enabled><RetentionPolicy><Enabled>false</Enabled></RetentionPolicy></MinuteMetrics><Cors
        /></StorageServiceProperties>"
    headers:
      content-type:
      - application/xml
      date:
      - Thu, 17 Nov 2022 09:34:07 GMT
      server:
      - Windows-Azure-Table/1.0 Microsoft-HTTPAPI/2.0
      transfer-encoding:
      - chunked
      x-ms-version:
      - '2019-02-02'
    status:
      code: 200
      message: OK
- request:
    body: '<?xml version=''1.0'' encoding=''utf-8''?>

      <StorageServiceProperties><Logging><Version>1.0</Version><Delete>false</Delete><Read>true</Read><Write>false</Write><RetentionPolicy><Enabled>false</Enabled></RetentionPolicy></Logging></StorageServiceProperties>'
    headers:
      Accept:
      - application/xml
      Accept-Encoding:
      - gzip, deflate
      CommandName:
      - storage logging update
      Connection:
      - keep-alive
      Content-Length:
      - '251'
      Content-Type:
      - application/xml
      ParameterSetName:
      - --services --log --retention --service --connection-string
      User-Agent:
      - AZURECLI/2.42.0 azsdk-python-storage-blob/12.12.0 Python/3.10.8 (Linux-5.15.0-1022-azure-x86_64-with-glibc2.31)
        VSTS_7b238909-6802-4b65-b90d-184bca47f458_build_220_0
      x-ms-date:
      - Thu, 17 Nov 2022 09:34:08 GMT
      x-ms-version:
      - '2021-06-08'
    method: PUT
    uri: https://clitest000002.blob.core.windows.net/?restype=service&comp=properties
  response:
    body:
      string: ''
    headers:
      content-length:
      - '0'
      date:
      - Thu, 17 Nov 2022 09:34:09 GMT
      server:
      - Windows-Azure-Blob/1.0 Microsoft-HTTPAPI/2.0
      x-ms-version:
      - '2021-06-08'
    status:
      code: 202
      message: Accepted
- request:
    body: null
    headers:
      Accept:
      - application/xml
      Accept-Encoding:
      - gzip, deflate
      CommandName:
      - storage logging show
      Connection:
      - keep-alive
      ParameterSetName:
      - --connection-string
      User-Agent:
      - AZURECLI/2.42.0 azsdk-python-storage-blob/12.12.0 Python/3.10.8 (Linux-5.15.0-1022-azure-x86_64-with-glibc2.31)
        VSTS_7b238909-6802-4b65-b90d-184bca47f458_build_220_0
      x-ms-date:
      - Thu, 17 Nov 2022 09:34:09 GMT
      x-ms-version:
      - '2021-06-08'
    method: GET
    uri: https://clitest000002.blob.core.windows.net/?restype=service&comp=properties
  response:
    body:
      string: "\uFEFF<?xml version=\"1.0\" encoding=\"utf-8\"?><StorageServiceProperties><Logging><Version>1.0</Version><Read>true</Read><Write>false</Write><Delete>false</Delete><RetentionPolicy><Enabled>false</Enabled></RetentionPolicy></Logging><HourMetrics><Version>1.0</Version><Enabled>true</Enabled><IncludeAPIs>true</IncludeAPIs><RetentionPolicy><Enabled>true</Enabled><Days>7</Days></RetentionPolicy></HourMetrics><MinuteMetrics><Version>1.0</Version><Enabled>false</Enabled><RetentionPolicy><Enabled>false</Enabled></RetentionPolicy></MinuteMetrics><Cors
        /><DeleteRetentionPolicy><Enabled>false</Enabled><AllowPermanentDelete>false</AllowPermanentDelete></DeleteRetentionPolicy></StorageServiceProperties>"
    headers:
      content-type:
      - application/xml
      date:
      - Thu, 17 Nov 2022 09:34:09 GMT
      server:
      - Windows-Azure-Blob/1.0 Microsoft-HTTPAPI/2.0
      transfer-encoding:
      - chunked
      x-ms-version:
      - '2021-06-08'
    status:
      code: 200
      message: OK
- request:
    body: null
    headers:
      Accept:
      - application/xml
      Accept-Encoding:
      - gzip, deflate
      CommandName:
      - storage logging show
      Connection:
      - keep-alive
      ParameterSetName:
      - --connection-string
      User-Agent:
      - AZURECLI/2.42.0 azsdk-python-storage-queue/12.3.0 Python/3.10.8 (Linux-5.15.0-1022-azure-x86_64-with-glibc2.31)
        VSTS_7b238909-6802-4b65-b90d-184bca47f458_build_220_0
      x-ms-date:
      - Thu, 17 Nov 2022 09:34:10 GMT
      x-ms-version:
      - '2021-02-12'
    method: GET
    uri: https://clitest000002.queue.core.windows.net/?restype=service&comp=properties
  response:
    body:
      string: "\uFEFF<?xml version=\"1.0\" encoding=\"utf-8\"?><StorageServiceProperties><Logging><Version>1.0</Version><Read>false</Read><Write>false</Write><Delete>false</Delete><RetentionPolicy><Enabled>false</Enabled></RetentionPolicy></Logging><HourMetrics><Version>1.0</Version><Enabled>true</Enabled><IncludeAPIs>true</IncludeAPIs><RetentionPolicy><Enabled>true</Enabled><Days>7</Days></RetentionPolicy></HourMetrics><MinuteMetrics><Version>1.0</Version><Enabled>false</Enabled><RetentionPolicy><Enabled>false</Enabled></RetentionPolicy></MinuteMetrics><Cors
        /></StorageServiceProperties>"
    headers:
      cache-control:
      - no-cache
      content-type:
      - application/xml
      date:
      - Thu, 17 Nov 2022 09:34:09 GMT
      server:
      - Windows-Azure-Queue/1.0 Microsoft-HTTPAPI/2.0
      transfer-encoding:
      - chunked
      x-ms-version:
      - '2021-02-12'
    status:
      code: 200
      message: OK
- request:
    body: null
    headers:
      Accept:
      - application/xml
      Accept-Encoding:
      - gzip, deflate
      CommandName:
      - storage logging show
      Connection:
      - keep-alive
      Date:
      - Thu, 17 Nov 2022 09:34:10 GMT
      ParameterSetName:
      - --connection-string
      User-Agent:
      - AZURECLI/2.42.0 azsdk-python-data-tables/12.4.0 Python/3.10.8 (Linux-5.15.0-1022-azure-x86_64-with-glibc2.31)
        VSTS_7b238909-6802-4b65-b90d-184bca47f458_build_220_0
      x-ms-date:
      - Thu, 17 Nov 2022 09:34:10 GMT
      x-ms-version:
      - '2019-02-02'
    method: GET
    uri: https://clitest000002.table.core.windows.net/?restype=service&comp=properties
  response:
    body:
      string: "\uFEFF<?xml version=\"1.0\" encoding=\"utf-8\"?><StorageServiceProperties><Logging><Version>1.0</Version><Read>false</Read><Write>false</Write><Delete>false</Delete><RetentionPolicy><Enabled>false</Enabled></RetentionPolicy></Logging><HourMetrics><Version>1.0</Version><Enabled>true</Enabled><IncludeAPIs>true</IncludeAPIs><RetentionPolicy><Enabled>true</Enabled><Days>7</Days></RetentionPolicy></HourMetrics><MinuteMetrics><Version>1.0</Version><Enabled>false</Enabled><RetentionPolicy><Enabled>false</Enabled></RetentionPolicy></MinuteMetrics><Cors
        /></StorageServiceProperties>"
    headers:
      content-type:
      - application/xml
      date:
      - Thu, 17 Nov 2022 09:34:10 GMT
      server:
      - Windows-Azure-Table/1.0 Microsoft-HTTPAPI/2.0
      transfer-encoding:
      - chunked
      x-ms-version:
      - '2019-02-02'
    status:
      code: 200
      message: OK
- request:
    body: '<?xml version=''1.0'' encoding=''utf-8''?>

      <StorageServiceProperties><Logging><Version>1.0</Version><Delete>false</Delete><Read>false</Read><Write>false</Write><RetentionPolicy><Enabled>false</Enabled></RetentionPolicy></Logging></StorageServiceProperties>'
    headers:
      Accept:
      - application/xml
      Accept-Encoding:
      - gzip, deflate
      CommandName:
      - storage logging off
      Connection:
      - keep-alive
      Content-Length:
      - '252'
      Content-Type:
      - application/xml
      ParameterSetName:
      - --connection-string
      User-Agent:
      - AZURECLI/2.42.0 azsdk-python-storage-blob/12.12.0 Python/3.10.8 (Linux-5.15.0-1022-azure-x86_64-with-glibc2.31)
        VSTS_7b238909-6802-4b65-b90d-184bca47f458_build_220_0
      x-ms-date:
      - Thu, 17 Nov 2022 09:34:10 GMT
      x-ms-version:
      - '2021-06-08'
    method: PUT
    uri: https://clitest000002.blob.core.windows.net/?restype=service&comp=properties
  response:
    body:
      string: ''
    headers:
      content-length:
      - '0'
      date:
      - Thu, 17 Nov 2022 09:34:11 GMT
      server:
      - Windows-Azure-Blob/1.0 Microsoft-HTTPAPI/2.0
      x-ms-version:
      - '2021-06-08'
    status:
      code: 202
      message: Accepted
- request:
    body: '<?xml version=''1.0'' encoding=''utf-8''?>

      <StorageServiceProperties><Logging><Version>1.0</Version><Delete>false</Delete><Read>false</Read><Write>false</Write><RetentionPolicy><Enabled>false</Enabled></RetentionPolicy></Logging></StorageServiceProperties>'
    headers:
      Accept:
      - application/xml
      Accept-Encoding:
      - gzip, deflate
      CommandName:
      - storage logging off
      Connection:
      - keep-alive
      Content-Length:
      - '252'
      Content-Type:
      - application/xml
      ParameterSetName:
      - --connection-string
      User-Agent:
      - AZURECLI/2.42.0 azsdk-python-storage-queue/12.3.0 Python/3.10.8 (Linux-5.15.0-1022-azure-x86_64-with-glibc2.31)
        VSTS_7b238909-6802-4b65-b90d-184bca47f458_build_220_0
      x-ms-date:
      - Thu, 17 Nov 2022 09:34:11 GMT
      x-ms-version:
      - '2021-02-12'
    method: PUT
    uri: https://clitest000002.queue.core.windows.net/?restype=service&comp=properties
  response:
    body:
      string: ''
    headers:
      content-length:
      - '0'
      date:
      - Thu, 17 Nov 2022 09:34:12 GMT
      server:
      - Windows-Azure-Queue/1.0 Microsoft-HTTPAPI/2.0
      x-ms-version:
      - '2021-02-12'
    status:
      code: 202
      message: Accepted
- request:
    body: '<?xml version=''1.0'' encoding=''utf-8''?>

      <StorageServiceProperties><Logging><Version>1.0</Version><Delete>false</Delete><Read>false</Read><Write>false</Write><RetentionPolicy><Enabled>false</Enabled></RetentionPolicy></Logging></StorageServiceProperties>'
    headers:
      Accept:
      - application/xml
      Accept-Encoding:
      - gzip, deflate
      CommandName:
      - storage logging off
      Connection:
      - keep-alive
      Content-Length:
      - '252'
      Content-Type:
      - application/xml
      Date:
      - Thu, 17 Nov 2022 09:34:12 GMT
      ParameterSetName:
      - --connection-string
      User-Agent:
      - AZURECLI/2.42.0 azsdk-python-data-tables/12.4.0 Python/3.10.8 (Linux-5.15.0-1022-azure-x86_64-with-glibc2.31)
        VSTS_7b238909-6802-4b65-b90d-184bca47f458_build_220_0
      x-ms-date:
      - Thu, 17 Nov 2022 09:34:12 GMT
      x-ms-version:
      - '2019-02-02'
    method: PUT
    uri: https://clitest000002.table.core.windows.net/?restype=service&comp=properties
  response:
    body:
      string: ''
    headers:
      date:
      - Thu, 17 Nov 2022 09:34:12 GMT
      server:
      - Windows-Azure-Table/1.0 Microsoft-HTTPAPI/2.0
      transfer-encoding:
      - chunked
      x-ms-version:
      - '2019-02-02'
    status:
      code: 202
      message: Accepted
- request:
    body: null
    headers:
      Accept:
      - application/xml
      Accept-Encoding:
      - gzip, deflate
      CommandName:
      - storage logging show
      Connection:
      - keep-alive
      ParameterSetName:
      - --connection-string
      User-Agent:
      - AZURECLI/2.42.0 azsdk-python-storage-blob/12.12.0 Python/3.10.8 (Linux-5.15.0-1022-azure-x86_64-with-glibc2.31)
        VSTS_7b238909-6802-4b65-b90d-184bca47f458_build_220_0
      x-ms-date:
      - Thu, 17 Nov 2022 09:34:13 GMT
      x-ms-version:
      - '2021-06-08'
    method: GET
    uri: https://clitest000002.blob.core.windows.net/?restype=service&comp=properties
  response:
    body:
      string: "\uFEFF<?xml version=\"1.0\" encoding=\"utf-8\"?><StorageServiceProperties><Logging><Version>1.0</Version><Read>false</Read><Write>false</Write><Delete>false</Delete><RetentionPolicy><Enabled>false</Enabled></RetentionPolicy></Logging><HourMetrics><Version>1.0</Version><Enabled>true</Enabled><IncludeAPIs>true</IncludeAPIs><RetentionPolicy><Enabled>true</Enabled><Days>7</Days></RetentionPolicy></HourMetrics><MinuteMetrics><Version>1.0</Version><Enabled>false</Enabled><RetentionPolicy><Enabled>false</Enabled></RetentionPolicy></MinuteMetrics><Cors
        /><DeleteRetentionPolicy><Enabled>false</Enabled><AllowPermanentDelete>false</AllowPermanentDelete></DeleteRetentionPolicy></StorageServiceProperties>"
    headers:
      content-type:
      - application/xml
      date:
      - Thu, 17 Nov 2022 09:34:13 GMT
      server:
      - Windows-Azure-Blob/1.0 Microsoft-HTTPAPI/2.0
      transfer-encoding:
      - chunked
      x-ms-version:
      - '2021-06-08'
    status:
      code: 200
      message: OK
- request:
    body: null
    headers:
      Accept:
      - application/xml
      Accept-Encoding:
      - gzip, deflate
      CommandName:
      - storage logging show
      Connection:
      - keep-alive
      ParameterSetName:
      - --connection-string
      User-Agent:
      - AZURECLI/2.42.0 azsdk-python-storage-queue/12.3.0 Python/3.10.8 (Linux-5.15.0-1022-azure-x86_64-with-glibc2.31)
        VSTS_7b238909-6802-4b65-b90d-184bca47f458_build_220_0
      x-ms-date:
      - Thu, 17 Nov 2022 09:34:13 GMT
      x-ms-version:
      - '2021-02-12'
    method: GET
    uri: https://clitest000002.queue.core.windows.net/?restype=service&comp=properties
  response:
    body:
      string: "\uFEFF<?xml version=\"1.0\" encoding=\"utf-8\"?><StorageServiceProperties><Logging><Version>1.0</Version><Read>false</Read><Write>false</Write><Delete>false</Delete><RetentionPolicy><Enabled>false</Enabled></RetentionPolicy></Logging><HourMetrics><Version>1.0</Version><Enabled>true</Enabled><IncludeAPIs>true</IncludeAPIs><RetentionPolicy><Enabled>true</Enabled><Days>7</Days></RetentionPolicy></HourMetrics><MinuteMetrics><Version>1.0</Version><Enabled>false</Enabled><RetentionPolicy><Enabled>false</Enabled></RetentionPolicy></MinuteMetrics><Cors
        /></StorageServiceProperties>"
    headers:
      cache-control:
      - no-cache
      content-type:
      - application/xml
      date:
      - Thu, 17 Nov 2022 09:34:13 GMT
      server:
      - Windows-Azure-Queue/1.0 Microsoft-HTTPAPI/2.0
      transfer-encoding:
      - chunked
      x-ms-version:
      - '2021-02-12'
    status:
      code: 200
      message: OK
- request:
    body: null
    headers:
      Accept:
      - application/xml
      Accept-Encoding:
      - gzip, deflate
      CommandName:
      - storage logging show
      Connection:
      - keep-alive
      Date:
      - Thu, 17 Nov 2022 09:34:14 GMT
      ParameterSetName:
      - --connection-string
      User-Agent:
      - AZURECLI/2.42.0 azsdk-python-data-tables/12.4.0 Python/3.10.8 (Linux-5.15.0-1022-azure-x86_64-with-glibc2.31)
        VSTS_7b238909-6802-4b65-b90d-184bca47f458_build_220_0
      x-ms-date:
      - Thu, 17 Nov 2022 09:34:14 GMT
      x-ms-version:
      - '2019-02-02'
    method: GET
    uri: https://clitest000002.table.core.windows.net/?restype=service&comp=properties
  response:
    body:
      string: "\uFEFF<?xml version=\"1.0\" encoding=\"utf-8\"?><StorageServiceProperties><Logging><Version>1.0</Version><Read>false</Read><Write>false</Write><Delete>false</Delete><RetentionPolicy><Enabled>false</Enabled></RetentionPolicy></Logging><HourMetrics><Version>1.0</Version><Enabled>true</Enabled><IncludeAPIs>true</IncludeAPIs><RetentionPolicy><Enabled>true</Enabled><Days>7</Days></RetentionPolicy></HourMetrics><MinuteMetrics><Version>1.0</Version><Enabled>false</Enabled><RetentionPolicy><Enabled>false</Enabled></RetentionPolicy></MinuteMetrics><Cors
        /></StorageServiceProperties>"
    headers:
      content-type:
      - application/xml
      date:
      - Thu, 17 Nov 2022 09:34:13 GMT
      server:
      - Windows-Azure-Table/1.0 Microsoft-HTTPAPI/2.0
      transfer-encoding:
      - chunked
      x-ms-version:
      - '2019-02-02'
    status:
      code: 200
      message: OK
- request:
    body: '<?xml version=''1.0'' encoding=''utf-8''?>

      <StorageServiceProperties><Logging><Version>1.0</Version><Delete>false</Delete><Read>true</Read><Write>false</Write><RetentionPolicy><Enabled>true</Enabled><Days>1</Days></RetentionPolicy></Logging></StorageServiceProperties>'
    headers:
      Accept:
      - application/xml
      Accept-Encoding:
      - gzip, deflate
      CommandName:
      - storage logging update
      Connection:
      - keep-alive
      Content-Length:
      - '264'
      Content-Type:
      - application/xml
      Date:
      - Thu, 17 Nov 2022 09:34:14 GMT
      ParameterSetName:
      - --services --log --retention --version --connection-string
      User-Agent:
      - AZURECLI/2.42.0 azsdk-python-data-tables/12.4.0 Python/3.10.8 (Linux-5.15.0-1022-azure-x86_64-with-glibc2.31)
        VSTS_7b238909-6802-4b65-b90d-184bca47f458_build_220_0
      x-ms-date:
      - Thu, 17 Nov 2022 09:34:14 GMT
      x-ms-version:
      - '2019-02-02'
    method: PUT
    uri: https://clitest000002.table.core.windows.net/?restype=service&comp=properties
  response:
    body:
      string: ''
    headers:
      date:
      - Thu, 17 Nov 2022 09:34:15 GMT
      server:
      - Windows-Azure-Table/1.0 Microsoft-HTTPAPI/2.0
      transfer-encoding:
      - chunked
      x-ms-version:
      - '2019-02-02'
    status:
      code: 202
      message: Accepted
- request:
    body: null
    headers:
      Accept:
      - application/xml
      Accept-Encoding:
      - gzip, deflate
      CommandName:
      - storage logging show
      Connection:
      - keep-alive
      ParameterSetName:
      - --connection-string
      User-Agent:
      - AZURECLI/2.42.0 azsdk-python-storage-blob/12.12.0 Python/3.10.8 (Linux-5.15.0-1022-azure-x86_64-with-glibc2.31)
        VSTS_7b238909-6802-4b65-b90d-184bca47f458_build_220_0
      x-ms-date:
      - Thu, 17 Nov 2022 09:35:15 GMT
      x-ms-version:
      - '2021-06-08'
    method: GET
    uri: https://clitest000002.blob.core.windows.net/?restype=service&comp=properties
  response:
    body:
      string: "\uFEFF<?xml version=\"1.0\" encoding=\"utf-8\"?><StorageServiceProperties><Logging><Version>1.0</Version><Read>false</Read><Write>false</Write><Delete>false</Delete><RetentionPolicy><Enabled>false</Enabled></RetentionPolicy></Logging><HourMetrics><Version>1.0</Version><Enabled>true</Enabled><IncludeAPIs>true</IncludeAPIs><RetentionPolicy><Enabled>true</Enabled><Days>7</Days></RetentionPolicy></HourMetrics><MinuteMetrics><Version>1.0</Version><Enabled>false</Enabled><RetentionPolicy><Enabled>false</Enabled></RetentionPolicy></MinuteMetrics><Cors
        /><DeleteRetentionPolicy><Enabled>false</Enabled><AllowPermanentDelete>false</AllowPermanentDelete></DeleteRetentionPolicy></StorageServiceProperties>"
    headers:
      content-type:
      - application/xml
      date:
      - Thu, 17 Nov 2022 09:35:15 GMT
      server:
      - Windows-Azure-Blob/1.0 Microsoft-HTTPAPI/2.0
      transfer-encoding:
      - chunked
      x-ms-version:
      - '2021-06-08'
    status:
      code: 200
      message: OK
- request:
    body: null
    headers:
      Accept:
      - application/xml
      Accept-Encoding:
      - gzip, deflate
      CommandName:
      - storage logging show
      Connection:
      - keep-alive
      ParameterSetName:
      - --connection-string
      User-Agent:
      - AZURECLI/2.42.0 azsdk-python-storage-queue/12.3.0 Python/3.10.8 (Linux-5.15.0-1022-azure-x86_64-with-glibc2.31)
        VSTS_7b238909-6802-4b65-b90d-184bca47f458_build_220_0
      x-ms-date:
      - Thu, 17 Nov 2022 09:35:16 GMT
      x-ms-version:
      - '2021-02-12'
    method: GET
    uri: https://clitest000002.queue.core.windows.net/?restype=service&comp=properties
  response:
    body:
      string: "\uFEFF<?xml version=\"1.0\" encoding=\"utf-8\"?><StorageServiceProperties><Logging><Version>1.0</Version><Read>false</Read><Write>false</Write><Delete>false</Delete><RetentionPolicy><Enabled>false</Enabled></RetentionPolicy></Logging><HourMetrics><Version>1.0</Version><Enabled>true</Enabled><IncludeAPIs>true</IncludeAPIs><RetentionPolicy><Enabled>true</Enabled><Days>7</Days></RetentionPolicy></HourMetrics><MinuteMetrics><Version>1.0</Version><Enabled>false</Enabled><RetentionPolicy><Enabled>false</Enabled></RetentionPolicy></MinuteMetrics><Cors
        /></StorageServiceProperties>"
    headers:
      cache-control:
      - no-cache
      content-type:
      - application/xml
      date:
      - Thu, 17 Nov 2022 09:35:16 GMT
      server:
      - Windows-Azure-Queue/1.0 Microsoft-HTTPAPI/2.0
      transfer-encoding:
      - chunked
      x-ms-version:
      - '2021-02-12'
    status:
      code: 200
      message: OK
- request:
    body: null
    headers:
      Accept:
      - application/xml
      Accept-Encoding:
      - gzip, deflate
      CommandName:
      - storage logging show
      Connection:
      - keep-alive
      Date:
      - Thu, 17 Nov 2022 09:35:16 GMT
      ParameterSetName:
      - --connection-string
      User-Agent:
      - AZURECLI/2.42.0 azsdk-python-data-tables/12.4.0 Python/3.10.8 (Linux-5.15.0-1022-azure-x86_64-with-glibc2.31)
        VSTS_7b238909-6802-4b65-b90d-184bca47f458_build_220_0
      x-ms-date:
      - Thu, 17 Nov 2022 09:35:16 GMT
      x-ms-version:
      - '2019-02-02'
    method: GET
    uri: https://clitest000002.table.core.windows.net/?restype=service&comp=properties
  response:
    body:
      string: "\uFEFF<?xml version=\"1.0\" encoding=\"utf-8\"?><StorageServiceProperties><Logging><Version>1.0</Version><Read>true</Read><Write>false</Write><Delete>false</Delete><RetentionPolicy><Enabled>true</Enabled><Days>1</Days></RetentionPolicy></Logging><HourMetrics><Version>1.0</Version><Enabled>true</Enabled><IncludeAPIs>true</IncludeAPIs><RetentionPolicy><Enabled>true</Enabled><Days>7</Days></RetentionPolicy></HourMetrics><MinuteMetrics><Version>1.0</Version><Enabled>false</Enabled><RetentionPolicy><Enabled>false</Enabled></RetentionPolicy></MinuteMetrics><Cors
        /></StorageServiceProperties>"
    headers:
      content-type:
      - application/xml
      date:
      - Thu, 17 Nov 2022 09:35:16 GMT
      server:
      - Windows-Azure-Table/1.0 Microsoft-HTTPAPI/2.0
      transfer-encoding:
      - chunked
      x-ms-version:
      - '2019-02-02'
    status:
      code: 200
      message: OK
- request:
    body: '<?xml version=''1.0'' encoding=''utf-8''?>

      <StorageServiceProperties><Logging><Version>1.0</Version><Delete>false</Delete><Read>true</Read><Write>false</Write><RetentionPolicy><Enabled>true</Enabled><Days>1</Days></RetentionPolicy></Logging></StorageServiceProperties>'
    headers:
      Accept:
      - application/xml
      Accept-Encoding:
      - gzip, deflate
      CommandName:
      - storage logging update
      Connection:
      - keep-alive
      Content-Length:
      - '264'
      Content-Type:
      - application/xml
      Date:
      - Thu, 17 Nov 2022 09:35:16 GMT
      ParameterSetName:
      - --services --log --retention --connection-string
      User-Agent:
      - AZURECLI/2.42.0 azsdk-python-data-tables/12.4.0 Python/3.10.8 (Linux-5.15.0-1022-azure-x86_64-with-glibc2.31)
        VSTS_7b238909-6802-4b65-b90d-184bca47f458_build_220_0
      x-ms-date:
      - Thu, 17 Nov 2022 09:35:16 GMT
      x-ms-version:
      - '2019-02-02'
    method: PUT
    uri: https://clitest000002.table.core.windows.net/?restype=service&comp=properties
  response:
    body:
      string: ''
    headers:
      date:
      - Thu, 17 Nov 2022 09:35:16 GMT
      server:
      - Windows-Azure-Table/1.0 Microsoft-HTTPAPI/2.0
      transfer-encoding:
      - chunked
      x-ms-version:
      - '2019-02-02'
    status:
      code: 202
      message: Accepted
- request:
    body: null
    headers:
      Accept:
      - application/xml
      Accept-Encoding:
      - gzip, deflate
      CommandName:
      - storage logging show
      Connection:
      - keep-alive
      ParameterSetName:
      - --connection-string
      User-Agent:
      - AZURECLI/2.42.0 azsdk-python-storage-blob/12.12.0 Python/3.10.8 (Linux-5.15.0-1022-azure-x86_64-with-glibc2.31)
        VSTS_7b238909-6802-4b65-b90d-184bca47f458_build_220_0
      x-ms-date:
      - Thu, 17 Nov 2022 09:35:27 GMT
      x-ms-version:
      - '2021-06-08'
    method: GET
    uri: https://clitest000002.blob.core.windows.net/?restype=service&comp=properties
  response:
    body:
      string: "\uFEFF<?xml version=\"1.0\" encoding=\"utf-8\"?><StorageServiceProperties><Logging><Version>1.0</Version><Read>false</Read><Write>false</Write><Delete>false</Delete><RetentionPolicy><Enabled>false</Enabled></RetentionPolicy></Logging><HourMetrics><Version>1.0</Version><Enabled>true</Enabled><IncludeAPIs>true</IncludeAPIs><RetentionPolicy><Enabled>true</Enabled><Days>7</Days></RetentionPolicy></HourMetrics><MinuteMetrics><Version>1.0</Version><Enabled>false</Enabled><RetentionPolicy><Enabled>false</Enabled></RetentionPolicy></MinuteMetrics><Cors
        /><DeleteRetentionPolicy><Enabled>false</Enabled><AllowPermanentDelete>false</AllowPermanentDelete></DeleteRetentionPolicy></StorageServiceProperties>"
    headers:
      content-type:
      - application/xml
      date:
      - Thu, 17 Nov 2022 09:35:27 GMT
      server:
      - Windows-Azure-Blob/1.0 Microsoft-HTTPAPI/2.0
      transfer-encoding:
      - chunked
      x-ms-version:
      - '2021-06-08'
    status:
      code: 200
      message: OK
- request:
    body: null
    headers:
      Accept:
      - application/xml
      Accept-Encoding:
      - gzip, deflate
      CommandName:
      - storage logging show
      Connection:
      - keep-alive
      ParameterSetName:
      - --connection-string
      User-Agent:
      - AZURECLI/2.42.0 azsdk-python-storage-queue/12.3.0 Python/3.10.8 (Linux-5.15.0-1022-azure-x86_64-with-glibc2.31)
        VSTS_7b238909-6802-4b65-b90d-184bca47f458_build_220_0
      x-ms-date:
      - Thu, 17 Nov 2022 09:35:27 GMT
      x-ms-version:
      - '2021-02-12'
    method: GET
    uri: https://clitest000002.queue.core.windows.net/?restype=service&comp=properties
  response:
    body:
      string: "\uFEFF<?xml version=\"1.0\" encoding=\"utf-8\"?><StorageServiceProperties><Logging><Version>1.0</Version><Read>false</Read><Write>false</Write><Delete>false</Delete><RetentionPolicy><Enabled>false</Enabled></RetentionPolicy></Logging><HourMetrics><Version>1.0</Version><Enabled>true</Enabled><IncludeAPIs>true</IncludeAPIs><RetentionPolicy><Enabled>true</Enabled><Days>7</Days></RetentionPolicy></HourMetrics><MinuteMetrics><Version>1.0</Version><Enabled>false</Enabled><RetentionPolicy><Enabled>false</Enabled></RetentionPolicy></MinuteMetrics><Cors
        /></StorageServiceProperties>"
    headers:
      cache-control:
      - no-cache
      content-type:
      - application/xml
      date:
      - Thu, 17 Nov 2022 09:35:27 GMT
      server:
      - Windows-Azure-Queue/1.0 Microsoft-HTTPAPI/2.0
      transfer-encoding:
      - chunked
      x-ms-version:
      - '2021-02-12'
    status:
      code: 200
      message: OK
- request:
    body: null
    headers:
      Accept:
      - application/xml
      Accept-Encoding:
      - gzip, deflate
      CommandName:
      - storage logging show
      Connection:
      - keep-alive
      Date:
      - Thu, 17 Nov 2022 09:35:28 GMT
      ParameterSetName:
      - --connection-string
      User-Agent:
      - AZURECLI/2.42.0 azsdk-python-data-tables/12.4.0 Python/3.10.8 (Linux-5.15.0-1022-azure-x86_64-with-glibc2.31)
        VSTS_7b238909-6802-4b65-b90d-184bca47f458_build_220_0
      x-ms-date:
      - Thu, 17 Nov 2022 09:35:28 GMT
      x-ms-version:
      - '2019-02-02'
    method: GET
    uri: https://clitest000002.table.core.windows.net/?restype=service&comp=properties
  response:
    body:
      string: "\uFEFF<?xml version=\"1.0\" encoding=\"utf-8\"?><StorageServiceProperties><Logging><Version>1.0</Version><Read>true</Read><Write>false</Write><Delete>false</Delete><RetentionPolicy><Enabled>true</Enabled><Days>1</Days></RetentionPolicy></Logging><HourMetrics><Version>1.0</Version><Enabled>true</Enabled><IncludeAPIs>true</IncludeAPIs><RetentionPolicy><Enabled>true</Enabled><Days>7</Days></RetentionPolicy></HourMetrics><MinuteMetrics><Version>1.0</Version><Enabled>false</Enabled><RetentionPolicy><Enabled>false</Enabled></RetentionPolicy></MinuteMetrics><Cors
        /></StorageServiceProperties>"
    headers:
      content-type:
      - application/xml
      date:
      - Thu, 17 Nov 2022 09:35:27 GMT
      server:
      - Windows-Azure-Table/1.0 Microsoft-HTTPAPI/2.0
      transfer-encoding:
      - chunked
      x-ms-version:
      - '2019-02-02'
    status:
      code: 200
      message: OK
version: 1
