interactions:
- request:
    body: null
    headers:
      Accept:
      - application/json
      Accept-Encoding:
      - gzip, deflate
      CommandName:
      - storage account keys list
      Connection:
      - keep-alive
      Content-Length:
      - '0'
      ParameterSetName:
      - -n -g --query -o
      User-Agent:
      - AZURECLI/2.19.1 azsdk-python-azure-mgmt-storage/16.0.0 Python/3.7.7 (Windows-10-10.0.19041-SP0)
    method: POST
    uri: https://management.azure.com/subscriptions/00000000-0000-0000-0000-000000000000/resourceGroups/clitest.rg000001/providers/Microsoft.Storage/storageAccounts/clitest000002/listKeys?api-version=2021-01-01&$expand=kerb
  response:
    body:
      string: '{"keys":[{"keyName":"key1","value":"veryFakedStorageAccountKey==","permissions":"FULL"},{"keyName":"key2","value":"veryFakedStorageAccountKey==","permissions":"FULL"}]}'
    headers:
      cache-control:
      - no-cache
      content-length:
      - '288'
      content-type:
      - application/json
      date:
      - Fri, 19 Feb 2021 03:46:15 GMT
      expires:
      - '-1'
      pragma:
      - no-cache
      server:
      - Microsoft-Azure-Storage-Resource-Provider/1.0,Microsoft-HTTPAPI/2.0 Microsoft-HTTPAPI/2.0
      strict-transport-security:
      - max-age=31536000; includeSubDomains
      transfer-encoding:
      - chunked
      vary:
      - Accept-Encoding
      x-content-type-options:
      - nosniff
      x-ms-ratelimit-remaining-subscription-resource-requests:
      - '11999'
    status:
      code: 200
      message: OK
- request:
    body: null
    headers:
      Accept:
      - application/json
      Accept-Encoding:
      - gzip, deflate
      CommandName:
      - storage account show-connection-string
      Connection:
      - keep-alive
      Content-Length:
      - '0'
      ParameterSetName:
      - -n -g --query -o
      User-Agent:
      - AZURECLI/2.19.1 azsdk-python-azure-mgmt-storage/16.0.0 Python/3.7.7 (Windows-10-10.0.19041-SP0)
    method: POST
    uri: https://management.azure.com/subscriptions/00000000-0000-0000-0000-000000000000/resourceGroups/clitest.rg000001/providers/Microsoft.Storage/storageAccounts/clitest000002/listKeys?api-version=2021-01-01&$expand=kerb
  response:
    body:
      string: '{"keys":[{"keyName":"key1","value":"veryFakedStorageAccountKey==","permissions":"FULL"},{"keyName":"key2","value":"veryFakedStorageAccountKey==","permissions":"FULL"}]}'
    headers:
      cache-control:
      - no-cache
      content-length:
      - '288'
      content-type:
      - application/json
      date:
      - Fri, 19 Feb 2021 03:46:16 GMT
      expires:
      - '-1'
      pragma:
      - no-cache
      server:
      - Microsoft-Azure-Storage-Resource-Provider/1.0,Microsoft-HTTPAPI/2.0 Microsoft-HTTPAPI/2.0
      strict-transport-security:
      - max-age=31536000; includeSubDomains
      transfer-encoding:
      - chunked
      vary:
      - Accept-Encoding
      x-content-type-options:
      - nosniff
      x-ms-ratelimit-remaining-subscription-resource-requests:
      - '11999'
    status:
      code: 200
      message: OK
- request:
    body: null
    headers:
      Connection:
      - keep-alive
      Content-Length:
      - '0'
      User-Agent:
      - Azure-Storage/2.0.0-2.0.1 (Python CPython 3.7.7; Windows 10) AZURECLI/2.19.1
      x-ms-date:
      - Fri, 19 Feb 2021 03:46:16 GMT
      x-ms-meta-a:
      - b
      x-ms-meta-c:
      - d
      x-ms-version:
      - '2018-03-28'
    method: PUT
    uri: https://clitest000002.queue.core.windows.net/queue000003
  response:
    body:
      string: ''
    headers:
      content-length:
      - '0'
      date:
      - Fri, 19 Feb 2021 03:46:17 GMT
      server:
      - Windows-Azure-Queue/1.0 Microsoft-HTTPAPI/2.0
      x-ms-version:
      - '2018-03-28'
    status:
      code: 201
      message: Created
- request:
    body: null
    headers:
      Connection:
      - keep-alive
      User-Agent:
      - Azure-Storage/2.0.0-2.0.1 (Python CPython 3.7.7; Windows 10) AZURECLI/2.19.1
      x-ms-date:
      - Fri, 19 Feb 2021 03:46:18 GMT
      x-ms-version:
      - '2018-03-28'
    method: GET
    uri: https://clitest000002.queue.core.windows.net/queue000003?comp=metadata
  response:
    body:
      string: ''
    headers:
      cache-control:
      - no-cache
      content-length:
      - '0'
      date:
      - Fri, 19 Feb 2021 03:46:18 GMT
      server:
      - Windows-Azure-Queue/1.0 Microsoft-HTTPAPI/2.0
      x-ms-approximate-messages-count:
      - '0'
      x-ms-meta-a:
      - b
      x-ms-meta-c:
      - d
      x-ms-version:
      - '2018-03-28'
    status:
      code: 200
      message: OK
- request:
    body: null
    headers:
      Accept:
      - application/xml
      Accept-Encoding:
      - gzip, deflate
      CommandName:
      - storage queue list
      Connection:
      - keep-alive
      User-Agent:
      - AZURECLI/2.19.1 azsdk-python-storage-queue/12.1.3 Python/3.7.7 (Windows-10-10.0.19041-SP0)
      x-ms-date:
      - Fri, 19 Feb 2021 03:46:19 GMT
      x-ms-version:
      - '2018-03-28'
    method: GET
    uri: https://clitest000002.queue.core.windows.net/?maxresults=5000&comp=list
  response:
    body:
      string: "\uFEFF<?xml version=\"1.0\" encoding=\"utf-8\"?><EnumerationResults
        ServiceEndpoint=\"https://clitest000002.queue.core.windows.net/\"><MaxResults>5000</MaxResults><Queues><Queue><Name>queue000003</Name></Queue></Queues><NextMarker
        /></EnumerationResults>"
    headers:
      cache-control:
      - no-cache
      content-type:
      - application/xml
      date:
      - Fri, 19 Feb 2021 03:46:19 GMT
      server:
      - Windows-Azure-Queue/1.0 Microsoft-HTTPAPI/2.0
      transfer-encoding:
      - chunked
      x-ms-version:
      - '2018-03-28'
    status:
      code: 200
      message: OK
- request:
    body: null
    headers:
      Accept:
      - application/xml
      Accept-Encoding:
      - gzip, deflate
      CommandName:
      - storage queue list
      Connection:
      - keep-alive
      ParameterSetName:
      - --connection-string
      User-Agent:
      - AZURECLI/2.19.1 azsdk-python-storage-queue/12.1.3 Python/3.7.7 (Windows-10-10.0.19041-SP0)
      x-ms-date:
      - Fri, 19 Feb 2021 03:46:20 GMT
      x-ms-version:
      - '2018-03-28'
    method: GET
    uri: https://clitest000002.queue.core.windows.net/?maxresults=5000&comp=list
  response:
    body:
      string: "\uFEFF<?xml version=\"1.0\" encoding=\"utf-8\"?><EnumerationResults
        ServiceEndpoint=\"https://clitest000002.queue.core.windows.net/\"><MaxResults>5000</MaxResults><Queues><Queue><Name>queue000003</Name></Queue></Queues><NextMarker
        /></EnumerationResults>"
    headers:
      cache-control:
      - no-cache
      content-type:
      - application/xml
      date:
      - Fri, 19 Feb 2021 03:46:20 GMT
      server:
      - Windows-Azure-Queue/1.0 Microsoft-HTTPAPI/2.0
      transfer-encoding:
      - chunked
      x-ms-version:
      - '2018-03-28'
    status:
      code: 200
      message: OK
- request:
    body: null
    headers:
      Connection:
      - keep-alive
      User-Agent:
      - Azure-Storage/2.0.0-2.0.1 (Python CPython 3.7.7; Windows 10) AZURECLI/2.19.1
      x-ms-date:
      - Fri, 19 Feb 2021 03:46:21 GMT
      x-ms-version:
      - '2018-03-28'
    method: GET
    uri: https://clitest000002.queue.core.windows.net/queue000003?comp=metadata
  response:
    body:
      string: ''
    headers:
      cache-control:
      - no-cache
      content-length:
      - '0'
      date:
      - Fri, 19 Feb 2021 03:46:21 GMT
      server:
      - Windows-Azure-Queue/1.0 Microsoft-HTTPAPI/2.0
      x-ms-approximate-messages-count:
      - '0'
      x-ms-meta-a:
      - b
      x-ms-meta-c:
      - d
      x-ms-version:
      - '2018-03-28'
    status:
      code: 200
      message: OK
- request:
    body: null
    headers:
      Connection:
      - keep-alive
      Content-Length:
      - '0'
      User-Agent:
      - Azure-Storage/2.0.0-2.0.1 (Python CPython 3.7.7; Windows 10) AZURECLI/2.19.1
      x-ms-date:
      - Fri, 19 Feb 2021 03:46:22 GMT
      x-ms-meta-e:
      - f
      x-ms-meta-g:
      - h
      x-ms-version:
      - '2018-03-28'
    method: PUT
    uri: https://clitest000002.queue.core.windows.net/queue000003?comp=metadata
  response:
    body:
      string: ''
    headers:
      content-length:
      - '0'
      date:
      - Fri, 19 Feb 2021 03:46:23 GMT
      server:
      - Windows-Azure-Queue/1.0 Microsoft-HTTPAPI/2.0
      x-ms-version:
      - '2018-03-28'
    status:
      code: 204
      message: No Content
- request:
    body: null
    headers:
      Connection:
      - keep-alive
      User-Agent:
      - Azure-Storage/2.0.0-2.0.1 (Python CPython 3.7.7; Windows 10) AZURECLI/2.19.1
      x-ms-date:
      - Fri, 19 Feb 2021 03:46:23 GMT
      x-ms-version:
      - '2018-03-28'
    method: GET
    uri: https://clitest000002.queue.core.windows.net/queue000003?comp=metadata
  response:
    body:
      string: ''
    headers:
      cache-control:
      - no-cache
      content-length:
      - '0'
      date:
      - Fri, 19 Feb 2021 03:46:24 GMT
      server:
      - Windows-Azure-Queue/1.0 Microsoft-HTTPAPI/2.0
      x-ms-approximate-messages-count:
      - '0'
      x-ms-meta-e:
      - f
      x-ms-meta-g:
      - h
      x-ms-version:
      - '2018-03-28'
    status:
      code: 200
      message: OK
- request:
    body: null
    headers:
      Connection:
      - keep-alive
      User-Agent:
      - Azure-Storage/2.0.0-2.0.1 (Python CPython 3.7.7; Windows 10) AZURECLI/2.19.1
      x-ms-date:
      - Fri, 19 Feb 2021 03:46:24 GMT
      x-ms-version:
      - '2018-03-28'
    method: GET
    uri: https://clitest000002.queue.core.windows.net/queue000003?comp=acl
  response:
    body:
      string: "\uFEFF<?xml version=\"1.0\" encoding=\"utf-8\"?><SignedIdentifiers
        />"
    headers:
      cache-control:
      - no-cache
      content-type:
      - application/xml
      date:
      - Fri, 19 Feb 2021 03:46:25 GMT
      server:
      - Windows-Azure-Queue/1.0 Microsoft-HTTPAPI/2.0
      transfer-encoding:
      - chunked
      x-ms-version:
      - '2018-03-28'
    status:
      code: 200
      message: OK
- request:
    body: null
    headers:
      Connection:
      - keep-alive
      User-Agent:
      - Azure-Storage/2.0.0-2.0.1 (Python CPython 3.7.7; Windows 10) AZURECLI/2.19.1
      x-ms-date:
      - Fri, 19 Feb 2021 03:46:25 GMT
      x-ms-version:
      - '2018-03-28'
    method: GET
    uri: https://clitest000002.queue.core.windows.net/queue000003?comp=acl
  response:
    body:
      string: "\uFEFF<?xml version=\"1.0\" encoding=\"utf-8\"?><SignedIdentifiers
        />"
    headers:
      cache-control:
      - no-cache
      content-type:
      - application/xml
      date:
      - Fri, 19 Feb 2021 03:46:26 GMT
      server:
      - Windows-Azure-Queue/1.0 Microsoft-HTTPAPI/2.0
      transfer-encoding:
      - chunked
      x-ms-version:
      - '2018-03-28'
    status:
      code: 200
      message: OK
- request:
    body: '<?xml version=''1.0'' encoding=''utf-8''?>

      <SignedIdentifiers><SignedIdentifier><Id>policy000004</Id><AccessPolicy><Start>2016-01-01T00:00Z</Start><Expiry>2016-05-01T00:00Z</Expiry><Permission>raup</Permission></AccessPolicy></SignedIdentifier></SignedIdentifiers>'
    headers:
      Connection:
      - keep-alive
      Content-Length:
      - '264'
      User-Agent:
      - Azure-Storage/2.0.0-2.0.1 (Python CPython 3.7.7; Windows 10) AZURECLI/2.19.1
      x-ms-date:
      - Fri, 19 Feb 2021 03:46:26 GMT
      x-ms-version:
      - '2018-03-28'
    method: PUT
    uri: https://clitest000002.queue.core.windows.net/queue000003?comp=acl
  response:
    body:
      string: ''
    headers:
      content-length:
      - '0'
      date:
      - Fri, 19 Feb 2021 03:46:26 GMT
      server:
      - Windows-Azure-Queue/1.0 Microsoft-HTTPAPI/2.0
      x-ms-version:
      - '2018-03-28'
    status:
      code: 204
      message: No Content
- request:
    body: null
    headers:
      Connection:
      - keep-alive
      User-Agent:
      - Azure-Storage/2.0.0-2.0.1 (Python CPython 3.7.7; Windows 10) AZURECLI/2.19.1
      x-ms-date:
      - Fri, 19 Feb 2021 03:46:27 GMT
      x-ms-version:
      - '2018-03-28'
    method: GET
    uri: https://clitest000002.queue.core.windows.net/queue000003?comp=acl
  response:
    body:
      string: "\uFEFF<?xml version=\"1.0\" encoding=\"utf-8\"?><SignedIdentifiers><SignedIdentifier><Id>policy000004</Id><AccessPolicy><Start>2016-01-01T00:00:00.0000000Z</Start><Expiry>2016-05-01T00:00:00.0000000Z</Expiry><Permission>raup</Permission></AccessPolicy></SignedIdentifier></SignedIdentifiers>"
    headers:
      cache-control:
      - no-cache
      content-type:
      - application/xml
      date:
      - Fri, 19 Feb 2021 03:46:28 GMT
      server:
      - Windows-Azure-Queue/1.0 Microsoft-HTTPAPI/2.0
      transfer-encoding:
      - chunked
      x-ms-version:
      - '2018-03-28'
    status:
      code: 200
      message: OK
- request:
    body: null
    headers:
      Connection:
      - keep-alive
      User-Agent:
      - Azure-Storage/2.0.0-2.0.1 (Python CPython 3.7.7; Windows 10) AZURECLI/2.19.1
      x-ms-date:
      - Fri, 19 Feb 2021 03:46:28 GMT
      x-ms-version:
      - '2018-03-28'
    method: GET
    uri: https://clitest000002.queue.core.windows.net/queue000003?comp=acl
  response:
    body:
      string: "\uFEFF<?xml version=\"1.0\" encoding=\"utf-8\"?><SignedIdentifiers><SignedIdentifier><Id>policy000004</Id><AccessPolicy><Start>2016-01-01T00:00:00.0000000Z</Start><Expiry>2016-05-01T00:00:00.0000000Z</Expiry><Permission>raup</Permission></AccessPolicy></SignedIdentifier></SignedIdentifiers>"
    headers:
      cache-control:
      - no-cache
      content-type:
      - application/xml
      date:
      - Fri, 19 Feb 2021 03:46:29 GMT
      server:
      - Windows-Azure-Queue/1.0 Microsoft-HTTPAPI/2.0
      transfer-encoding:
      - chunked
      x-ms-version:
      - '2018-03-28'
    status:
      code: 200
      message: OK
- request:
    body: null
    headers:
      Connection:
      - keep-alive
      User-Agent:
      - Azure-Storage/2.0.0-2.0.1 (Python CPython 3.7.7; Windows 10) AZURECLI/2.19.1
      x-ms-date:
      - Fri, 19 Feb 2021 03:46:29 GMT
      x-ms-version:
      - '2018-03-28'
    method: GET
    uri: https://clitest000002.queue.core.windows.net/queue000003?comp=acl
  response:
    body:
      string: "\uFEFF<?xml version=\"1.0\" encoding=\"utf-8\"?><SignedIdentifiers><SignedIdentifier><Id>policy000004</Id><AccessPolicy><Start>2016-01-01T00:00:00.0000000Z</Start><Expiry>2016-05-01T00:00:00.0000000Z</Expiry><Permission>raup</Permission></AccessPolicy></SignedIdentifier></SignedIdentifiers>"
    headers:
      cache-control:
      - no-cache
      content-type:
      - application/xml
      date:
      - Fri, 19 Feb 2021 03:46:30 GMT
      server:
      - Windows-Azure-Queue/1.0 Microsoft-HTTPAPI/2.0
      transfer-encoding:
      - chunked
      x-ms-version:
      - '2018-03-28'
    status:
      code: 200
      message: OK
- request:
    body: '<?xml version=''1.0'' encoding=''utf-8''?>

      <SignedIdentifiers><SignedIdentifier><Id>policy000004</Id><AccessPolicy><Start>2016-01-01T00:00:00Z</Start><Expiry>2016-05-01T00:00:00Z</Expiry><Permission>ra</Permission></AccessPolicy></SignedIdentifier></SignedIdentifiers>'
    headers:
      Connection:
      - keep-alive
      Content-Length:
      - '268'
      User-Agent:
      - Azure-Storage/2.0.0-2.0.1 (Python CPython 3.7.7; Windows 10) AZURECLI/2.19.1
      x-ms-date:
      - Fri, 19 Feb 2021 03:46:30 GMT
      x-ms-version:
      - '2018-03-28'
    method: PUT
    uri: https://clitest000002.queue.core.windows.net/queue000003?comp=acl
  response:
    body:
      string: ''
    headers:
      content-length:
      - '0'
      date:
      - Fri, 19 Feb 2021 03:46:30 GMT
      server:
      - Windows-Azure-Queue/1.0 Microsoft-HTTPAPI/2.0
      x-ms-version:
      - '2018-03-28'
    status:
      code: 204
      message: No Content
- request:
    body: null
    headers:
      Connection:
      - keep-alive
      User-Agent:
      - Azure-Storage/2.0.0-2.0.1 (Python CPython 3.7.7; Windows 10) AZURECLI/2.19.1
      x-ms-date:
      - Fri, 19 Feb 2021 03:46:30 GMT
      x-ms-version:
      - '2018-03-28'
    method: GET
    uri: https://clitest000002.queue.core.windows.net/queue000003?comp=acl
  response:
    body:
      string: "\uFEFF<?xml version=\"1.0\" encoding=\"utf-8\"?><SignedIdentifiers><SignedIdentifier><Id>policy000004</Id><AccessPolicy><Start>2016-01-01T00:00:00.0000000Z</Start><Expiry>2016-05-01T00:00:00.0000000Z</Expiry><Permission>ra</Permission></AccessPolicy></SignedIdentifier></SignedIdentifiers>"
    headers:
      cache-control:
      - no-cache
      content-type:
      - application/xml
      date:
      - Fri, 19 Feb 2021 03:46:30 GMT
      server:
      - Windows-Azure-Queue/1.0 Microsoft-HTTPAPI/2.0
      transfer-encoding:
      - chunked
      x-ms-version:
      - '2018-03-28'
    status:
      code: 200
      message: OK
- request:
    body: null
    headers:
      Connection:
      - keep-alive
      User-Agent:
      - Azure-Storage/2.0.0-2.0.1 (Python CPython 3.7.7; Windows 10) AZURECLI/2.19.1
      x-ms-date:
      - Fri, 19 Feb 2021 03:46:31 GMT
      x-ms-version:
      - '2018-03-28'
    method: GET
    uri: https://clitest000002.queue.core.windows.net/queue000003?comp=acl
  response:
    body:
      string: "\uFEFF<?xml version=\"1.0\" encoding=\"utf-8\"?><SignedIdentifiers><SignedIdentifier><Id>policy000004</Id><AccessPolicy><Start>2016-01-01T00:00:00.0000000Z</Start><Expiry>2016-05-01T00:00:00.0000000Z</Expiry><Permission>ra</Permission></AccessPolicy></SignedIdentifier></SignedIdentifiers>"
    headers:
      cache-control:
      - no-cache
      content-type:
      - application/xml
      date:
      - Fri, 19 Feb 2021 03:46:32 GMT
      server:
      - Windows-Azure-Queue/1.0 Microsoft-HTTPAPI/2.0
      transfer-encoding:
      - chunked
      x-ms-version:
      - '2018-03-28'
    status:
      code: 200
      message: OK
- request:
    body: '<?xml version=''1.0'' encoding=''utf-8''?>

      <SignedIdentifiers />'
    headers:
      Connection:
      - keep-alive
      Content-Length:
      - '60'
      User-Agent:
      - Azure-Storage/2.0.0-2.0.1 (Python CPython 3.7.7; Windows 10) AZURECLI/2.19.1
      x-ms-date:
      - Fri, 19 Feb 2021 03:46:32 GMT
      x-ms-version:
      - '2018-03-28'
    method: PUT
    uri: https://clitest000002.queue.core.windows.net/queue000003?comp=acl
  response:
    body:
      string: ''
    headers:
      content-length:
      - '0'
      date:
      - Fri, 19 Feb 2021 03:46:32 GMT
      server:
      - Windows-Azure-Queue/1.0 Microsoft-HTTPAPI/2.0
      x-ms-version:
      - '2018-03-28'
    status:
      code: 204
      message: No Content
- request:
    body: null
    headers:
      Connection:
      - keep-alive
      User-Agent:
      - Azure-Storage/2.0.0-2.0.1 (Python CPython 3.7.7; Windows 10) AZURECLI/2.19.1
      x-ms-date:
      - Fri, 19 Feb 2021 03:46:33 GMT
      x-ms-version:
      - '2018-03-28'
    method: GET
    uri: https://clitest000002.queue.core.windows.net/queue000003?comp=acl
  response:
    body:
      string: "\uFEFF<?xml version=\"1.0\" encoding=\"utf-8\"?><SignedIdentifiers
        />"
    headers:
      cache-control:
      - no-cache
      content-type:
      - application/xml
      date:
      - Fri, 19 Feb 2021 03:46:33 GMT
      server:
      - Windows-Azure-Queue/1.0 Microsoft-HTTPAPI/2.0
      transfer-encoding:
      - chunked
      x-ms-version:
      - '2018-03-28'
    status:
      code: 200
      message: OK
- request:
    body: '<?xml version=''1.0'' encoding=''utf-8''?>

      <QueueMessage><MessageText>test message</MessageText></QueueMessage>'
    headers:
      Connection:
      - keep-alive
      Content-Length:
      - '107'
      User-Agent:
      - Azure-Storage/2.0.0-2.0.1 (Python CPython 3.7.7; Windows 10) AZURECLI/2.19.1
      x-ms-date:
      - Fri, 19 Feb 2021 03:46:34 GMT
      x-ms-version:
      - '2018-03-28'
    method: POST
    uri: https://clitest000002.queue.core.windows.net/queue000003/messages
  response:
    body:
      string: "\uFEFF<?xml version=\"1.0\" encoding=\"utf-8\"?><QueueMessagesList><QueueMessage><MessageId>0785a0d7-f7ee-4d15-922b-1c1fb47059e6</MessageId><InsertionTime>Fri,
        19 Feb 2021 03:46:35 GMT</InsertionTime><ExpirationTime>Fri, 26 Feb 2021 03:46:35
        GMT</ExpirationTime><PopReceipt>AgAAAAMAAAAAAAAA/JDO0XEG1wE=</PopReceipt><TimeNextVisible>Fri,
        19 Feb 2021 03:46:35 GMT</TimeNextVisible></QueueMessage></QueueMessagesList>"
    headers:
      content-type:
      - application/xml
      date:
      - Fri, 19 Feb 2021 03:46:35 GMT
      server:
      - Windows-Azure-Queue/1.0 Microsoft-HTTPAPI/2.0
      transfer-encoding:
      - chunked
      x-ms-version:
      - '2018-03-28'
    status:
      code: 201
      message: Created
- request:
    body: null
    headers:
      Connection:
      - keep-alive
      User-Agent:
      - Azure-Storage/2.0.0-2.0.1 (Python CPython 3.7.7; Windows 10) AZURECLI/2.19.1
      x-ms-date:
      - Fri, 19 Feb 2021 03:46:35 GMT
      x-ms-version:
      - '2018-03-28'
    method: GET
    uri: https://clitest000002.queue.core.windows.net/queue000003/messages?peekonly=true
  response:
    body:
      string: "\uFEFF<?xml version=\"1.0\" encoding=\"utf-8\"?><QueueMessagesList><QueueMessage><MessageId>0785a0d7-f7ee-4d15-922b-1c1fb47059e6</MessageId><InsertionTime>Fri,
        19 Feb 2021 03:46:35 GMT</InsertionTime><ExpirationTime>Fri, 26 Feb 2021 03:46:35
        GMT</ExpirationTime><DequeueCount>0</DequeueCount><MessageText>test message</MessageText></QueueMessage></QueueMessagesList>"
    headers:
      cache-control:
      - no-cache
      content-type:
      - application/xml
      date:
      - Fri, 19 Feb 2021 03:46:35 GMT
      server:
      - Windows-Azure-Queue/1.0 Microsoft-HTTPAPI/2.0
      transfer-encoding:
      - chunked
      x-ms-version:
      - '2018-03-28'
    status:
      code: 200
      message: OK
- request:
    body: null
    headers:
      Connection:
      - keep-alive
      User-Agent:
      - Azure-Storage/2.0.0-2.0.1 (Python CPython 3.7.7; Windows 10) AZURECLI/2.19.1
      x-ms-date:
      - Fri, 19 Feb 2021 03:46:36 GMT
      x-ms-version:
      - '2018-03-28'
    method: GET
    uri: https://clitest000002.queue.core.windows.net/queue000003/messages
  response:
    body:
      string: "\uFEFF<?xml version=\"1.0\" encoding=\"utf-8\"?><QueueMessagesList><QueueMessage><MessageId>0785a0d7-f7ee-4d15-922b-1c1fb47059e6</MessageId><InsertionTime>Fri,
        19 Feb 2021 03:46:35 GMT</InsertionTime><ExpirationTime>Fri, 26 Feb 2021 03:46:35
        GMT</ExpirationTime><PopReceipt>AgAAAAMAAAAAAAAA3QTx5HEG1wE=</PopReceipt><TimeNextVisible>Fri,
        19 Feb 2021 03:47:07 GMT</TimeNextVisible><DequeueCount>1</DequeueCount><MessageText>test
        message</MessageText></QueueMessage></QueueMessagesList>"
    headers:
      cache-control:
      - no-cache
      content-type:
      - application/xml
      date:
      - Fri, 19 Feb 2021 03:46:37 GMT
      server:
      - Windows-Azure-Queue/1.0 Microsoft-HTTPAPI/2.0
      transfer-encoding:
      - chunked
      x-ms-version:
      - '2018-03-28'
    status:
      code: 200
      message: OK
- request:
    body: '<?xml version=''1.0'' encoding=''utf-8''?>

      <QueueMessage><MessageText>new message!</MessageText></QueueMessage>'
    headers:
      Connection:
      - keep-alive
      Content-Length:
      - '107'
      User-Agent:
      - Azure-Storage/2.0.0-2.0.1 (Python CPython 3.7.7; Windows 10) AZURECLI/2.19.1
      x-ms-date:
      - Fri, 19 Feb 2021 03:46:37 GMT
      x-ms-version:
      - '2018-03-28'
    method: PUT
    uri: https://clitest000002.queue.core.windows.net/queue000003/messages/0785a0d7-f7ee-4d15-922b-1c1fb47059e6?popreceipt=AgAAAAMAAAAAAAAA3QTx5HEG1wE%3D&visibilitytimeout=1
  response:
    body:
      string: ''
    headers:
      content-length:
      - '0'
      date:
      - Fri, 19 Feb 2021 03:46:38 GMT
      server:
      - Windows-Azure-Queue/1.0 Microsoft-HTTPAPI/2.0
      x-ms-popreceipt:
      - AwAAAAMAAAAAAAAA0xpO1HEG1wEBAAAA
      x-ms-time-next-visible:
      - Fri, 19 Feb 2021 03:46:39 GMT
      x-ms-version:
      - '2018-03-28'
    status:
      code: 204
      message: No Content
- request:
    body: null
    headers:
      Connection:
      - keep-alive
      User-Agent:
      - Azure-Storage/2.0.0-2.0.1 (Python CPython 3.7.7; Windows 10) AZURECLI/2.19.1
      x-ms-date:
      - Fri, 19 Feb 2021 03:46:40 GMT
      x-ms-version:
      - '2018-03-28'
    method: GET
    uri: https://clitest000002.queue.core.windows.net/queue000003/messages?peekonly=true
  response:
    body:
      string: "\uFEFF<?xml version=\"1.0\" encoding=\"utf-8\"?><QueueMessagesList><QueueMessage><MessageId>0785a0d7-f7ee-4d15-922b-1c1fb47059e6</MessageId><InsertionTime>Fri,
        19 Feb 2021 03:46:35 GMT</InsertionTime><ExpirationTime>Fri, 26 Feb 2021 03:46:35
        GMT</ExpirationTime><DequeueCount>1</DequeueCount><MessageText>new message!</MessageText></QueueMessage></QueueMessagesList>"
    headers:
      cache-control:
      - no-cache
      content-type:
      - application/xml
      date:
      - Fri, 19 Feb 2021 03:46:41 GMT
      server:
      - Windows-Azure-Queue/1.0 Microsoft-HTTPAPI/2.0
      transfer-encoding:
      - chunked
      x-ms-version:
      - '2018-03-28'
    status:
      code: 200
      message: OK
- request:
    body: '<?xml version=''1.0'' encoding=''utf-8''?>

      <QueueMessage><MessageText>second message</MessageText></QueueMessage>'
    headers:
      Connection:
      - keep-alive
      Content-Length:
      - '109'
      User-Agent:
      - Azure-Storage/2.0.0-2.0.1 (Python CPython 3.7.7; Windows 10) AZURECLI/2.19.1
      x-ms-date:
      - Fri, 19 Feb 2021 03:46:41 GMT
      x-ms-version:
      - '2018-03-28'
    method: POST
    uri: https://clitest000002.queue.core.windows.net/queue000003/messages
  response:
    body:
      string: "\uFEFF<?xml version=\"1.0\" encoding=\"utf-8\"?><QueueMessagesList><QueueMessage><MessageId>396424b7-1660-49ae-8b3b-8f7c754625a2</MessageId><InsertionTime>Fri,
        19 Feb 2021 03:46:42 GMT</InsertionTime><ExpirationTime>Fri, 26 Feb 2021 03:46:42
        GMT</ExpirationTime><PopReceipt>AgAAAAMAAAAAAAAAcCI51nEG1wE=</PopReceipt><TimeNextVisible>Fri,
        19 Feb 2021 03:46:42 GMT</TimeNextVisible></QueueMessage></QueueMessagesList>"
    headers:
      content-type:
      - application/xml
      date:
      - Fri, 19 Feb 2021 03:46:42 GMT
      server:
      - Windows-Azure-Queue/1.0 Microsoft-HTTPAPI/2.0
      transfer-encoding:
      - chunked
      x-ms-version:
      - '2018-03-28'
    status:
      code: 201
      message: Created
- request:
    body: '<?xml version=''1.0'' encoding=''utf-8''?>

      <QueueMessage><MessageText>third message</MessageText></QueueMessage>'
    headers:
      Connection:
      - keep-alive
      Content-Length:
      - '108'
      User-Agent:
      - Azure-Storage/2.0.0-2.0.1 (Python CPython 3.7.7; Windows 10) AZURECLI/2.19.1
      x-ms-date:
      - Fri, 19 Feb 2021 03:46:42 GMT
      x-ms-version:
      - '2018-03-28'
    method: POST
    uri: https://clitest000002.queue.core.windows.net/queue000003/messages
  response:
    body:
      string: "\uFEFF<?xml version=\"1.0\" encoding=\"utf-8\"?><QueueMessagesList><QueueMessage><MessageId>4a50c0c3-eea0-43c2-aab6-a10e65559de9</MessageId><InsertionTime>Fri,
        19 Feb 2021 03:46:43 GMT</InsertionTime><ExpirationTime>Fri, 26 Feb 2021 03:46:43
        GMT</ExpirationTime><PopReceipt>AgAAAAMAAAAAAAAA5rPY1nEG1wE=</PopReceipt><TimeNextVisible>Fri,
        19 Feb 2021 03:46:43 GMT</TimeNextVisible></QueueMessage></QueueMessagesList>"
    headers:
      content-type:
      - application/xml
      date:
      - Fri, 19 Feb 2021 03:46:42 GMT
      server:
      - Windows-Azure-Queue/1.0 Microsoft-HTTPAPI/2.0
      transfer-encoding:
      - chunked
      x-ms-version:
      - '2018-03-28'
    status:
      code: 201
      message: Created
- request:
    body: null
    headers:
      Connection:
      - keep-alive
      User-Agent:
      - Azure-Storage/2.0.0-2.0.1 (Python CPython 3.7.7; Windows 10) AZURECLI/2.19.1
      x-ms-date:
      - Fri, 19 Feb 2021 03:46:43 GMT
      x-ms-version:
      - '2018-03-28'
    method: GET
    uri: https://clitest000002.queue.core.windows.net/queue000003/messages?peekonly=true&numofmessages=32
  response:
    body:
      string: "\uFEFF<?xml version=\"1.0\" encoding=\"utf-8\"?><QueueMessagesList><QueueMessage><MessageId>0785a0d7-f7ee-4d15-922b-1c1fb47059e6</MessageId><InsertionTime>Fri,
        19 Feb 2021 03:46:35 GMT</InsertionTime><ExpirationTime>Fri, 26 Feb 2021 03:46:35
        GMT</ExpirationTime><DequeueCount>1</DequeueCount><MessageText>new message!</MessageText></QueueMessage><QueueMessage><MessageId>396424b7-1660-49ae-8b3b-8f7c754625a2</MessageId><InsertionTime>Fri,
        19 Feb 2021 03:46:42 GMT</InsertionTime><ExpirationTime>Fri, 26 Feb 2021 03:46:42
        GMT</ExpirationTime><DequeueCount>0</DequeueCount><MessageText>second message</MessageText></QueueMessage><QueueMessage><MessageId>4a50c0c3-eea0-43c2-aab6-a10e65559de9</MessageId><InsertionTime>Fri,
        19 Feb 2021 03:46:43 GMT</InsertionTime><ExpirationTime>Fri, 26 Feb 2021 03:46:43
        GMT</ExpirationTime><DequeueCount>0</DequeueCount><MessageText>third message</MessageText></QueueMessage></QueueMessagesList>"
    headers:
      cache-control:
      - no-cache
      content-type:
      - application/xml
      date:
      - Fri, 19 Feb 2021 03:46:44 GMT
      server:
      - Windows-Azure-Queue/1.0 Microsoft-HTTPAPI/2.0
      transfer-encoding:
      - chunked
      x-ms-version:
      - '2018-03-28'
    status:
      code: 200
      message: OK
- request:
    body: null
    headers:
      Connection:
      - keep-alive
      User-Agent:
      - Azure-Storage/2.0.0-2.0.1 (Python CPython 3.7.7; Windows 10) AZURECLI/2.19.1
      x-ms-date:
      - Fri, 19 Feb 2021 03:46:44 GMT
      x-ms-version:
      - '2018-03-28'
    method: GET
    uri: https://clitest000002.queue.core.windows.net/queue000003/messages
  response:
    body:
      string: "\uFEFF<?xml version=\"1.0\" encoding=\"utf-8\"?><QueueMessagesList><QueueMessage><MessageId>0785a0d7-f7ee-4d15-922b-1c1fb47059e6</MessageId><InsertionTime>Fri,
        19 Feb 2021 03:46:35 GMT</InsertionTime><ExpirationTime>Fri, 26 Feb 2021 03:46:35
        GMT</ExpirationTime><PopReceipt>AgAAAAMAAAAAAAAAkcYE6nEG1wE=</PopReceipt><TimeNextVisible>Fri,
        19 Feb 2021 03:47:15 GMT</TimeNextVisible><DequeueCount>2</DequeueCount><MessageText>new
        message!</MessageText></QueueMessage></QueueMessagesList>"
    headers:
      cache-control:
      - no-cache
      content-type:
      - application/xml
      date:
      - Fri, 19 Feb 2021 03:46:45 GMT
      server:
      - Windows-Azure-Queue/1.0 Microsoft-HTTPAPI/2.0
      transfer-encoding:
      - chunked
      x-ms-version:
      - '2018-03-28'
    status:
      code: 200
      message: OK
- request:
    body: null
    headers:
      Connection:
      - keep-alive
      Content-Length:
      - '0'
      User-Agent:
      - Azure-Storage/2.0.0-2.0.1 (Python CPython 3.7.7; Windows 10) AZURECLI/2.19.1
      x-ms-date:
      - Fri, 19 Feb 2021 03:46:45 GMT
      x-ms-version:
      - '2018-03-28'
    method: DELETE
    uri: https://clitest000002.queue.core.windows.net/queue000003/messages/0785a0d7-f7ee-4d15-922b-1c1fb47059e6?popreceipt=AgAAAAMAAAAAAAAAkcYE6nEG1wE%3D
  response:
    body:
      string: ''
    headers:
      content-length:
      - '0'
      date:
      - Fri, 19 Feb 2021 03:46:46 GMT
      server:
      - Windows-Azure-Queue/1.0 Microsoft-HTTPAPI/2.0
      x-ms-version:
      - '2018-03-28'
    status:
      code: 204
      message: No Content
- request:
    body: null
    headers:
      Connection:
      - keep-alive
      User-Agent:
      - Azure-Storage/2.0.0-2.0.1 (Python CPython 3.7.7; Windows 10) AZURECLI/2.19.1
      x-ms-date:
      - Fri, 19 Feb 2021 03:46:46 GMT
      x-ms-version:
      - '2018-03-28'
    method: GET
    uri: https://clitest000002.queue.core.windows.net/queue000003/messages?peekonly=true&numofmessages=32
  response:
    body:
      string: "\uFEFF<?xml version=\"1.0\" encoding=\"utf-8\"?><QueueMessagesList><QueueMessage><MessageId>396424b7-1660-49ae-8b3b-8f7c754625a2</MessageId><InsertionTime>Fri,
        19 Feb 2021 03:46:42 GMT</InsertionTime><ExpirationTime>Fri, 26 Feb 2021 03:46:42
        GMT</ExpirationTime><DequeueCount>0</DequeueCount><MessageText>second message</MessageText></QueueMessage><QueueMessage><MessageId>4a50c0c3-eea0-43c2-aab6-a10e65559de9</MessageId><InsertionTime>Fri,
        19 Feb 2021 03:46:43 GMT</InsertionTime><ExpirationTime>Fri, 26 Feb 2021 03:46:43
        GMT</ExpirationTime><DequeueCount>0</DequeueCount><MessageText>third message</MessageText></QueueMessage></QueueMessagesList>"
    headers:
      cache-control:
      - no-cache
      content-type:
      - application/xml
      date:
      - Fri, 19 Feb 2021 03:46:46 GMT
      server:
      - Windows-Azure-Queue/1.0 Microsoft-HTTPAPI/2.0
      transfer-encoding:
      - chunked
      x-ms-version:
      - '2018-03-28'
    status:
      code: 200
      message: OK
- request:
    body: null
    headers:
      Connection:
      - keep-alive
      Content-Length:
      - '0'
      User-Agent:
      - Azure-Storage/2.0.0-2.0.1 (Python CPython 3.7.7; Windows 10) AZURECLI/2.19.1
      x-ms-date:
      - Fri, 19 Feb 2021 03:46:47 GMT
      x-ms-version:
      - '2018-03-28'
    method: DELETE
    uri: https://clitest000002.queue.core.windows.net/queue000003/messages
  response:
    body:
      string: ''
    headers:
      content-length:
      - '0'
      date:
      - Fri, 19 Feb 2021 03:46:48 GMT
      server:
      - Windows-Azure-Queue/1.0 Microsoft-HTTPAPI/2.0
      x-ms-version:
      - '2018-03-28'
    status:
      code: 204
      message: No Content
- request:
    body: null
    headers:
      Connection:
      - keep-alive
      User-Agent:
      - Azure-Storage/2.0.0-2.0.1 (Python CPython 3.7.7; Windows 10) AZURECLI/2.19.1
      x-ms-date:
      - Fri, 19 Feb 2021 03:46:49 GMT
      x-ms-version:
      - '2018-03-28'
    method: GET
    uri: https://clitest000002.queue.core.windows.net/queue000003/messages?peekonly=true&numofmessages=32
  response:
    body:
      string: "\uFEFF<?xml version=\"1.0\" encoding=\"utf-8\"?><QueueMessagesList
        />"
    headers:
      cache-control:
      - no-cache
      content-type:
      - application/xml
      date:
      - Fri, 19 Feb 2021 03:46:50 GMT
      server:
      - Windows-Azure-Queue/1.0 Microsoft-HTTPAPI/2.0
      transfer-encoding:
      - chunked
      x-ms-version:
      - '2018-03-28'
    status:
      code: 200
      message: OK
- request:
    body: null
    headers:
      Connection:
      - keep-alive
      Content-Length:
      - '0'
      User-Agent:
      - Azure-Storage/2.0.0-2.0.1 (Python CPython 3.7.7; Windows 10) AZURECLI/2.19.1
      x-ms-date:
      - Fri, 19 Feb 2021 03:46:50 GMT
      x-ms-version:
      - '2018-03-28'
    method: DELETE
    uri: https://clitest000002.queue.core.windows.net/queue000003
  response:
    body:
      string: ''
    headers:
      content-length:
      - '0'
      date:
      - Fri, 19 Feb 2021 03:46:51 GMT
      server:
      - Windows-Azure-Queue/1.0 Microsoft-HTTPAPI/2.0
      x-ms-version:
      - '2018-03-28'
    status:
      code: 204
      message: No Content
- request:
    body: null
    headers:
      Connection:
      - keep-alive
      User-Agent:
      - Azure-Storage/2.0.0-2.0.1 (Python CPython 3.7.7; Windows 10) AZURECLI/2.19.1
      x-ms-date:
      - Fri, 19 Feb 2021 03:46:51 GMT
      x-ms-version:
      - '2018-03-28'
    method: GET
    uri: https://clitest000002.queue.core.windows.net/queue000003?comp=metadata
  response:
    body:
      string: "\uFEFF<?xml version=\"1.0\" encoding=\"utf-8\"?><Error><Code>QueueNotFound</Code><Message>The
        specified queue does not exist.\nRequestId:f03c49f9-f003-003a-2471-06d0b9000000\nTime:2021-02-19T03:46:52.3875273Z</Message></Error>"
    headers:
      content-length:
      - '217'
      content-type:
      - application/xml
      date:
      - Fri, 19 Feb 2021 03:46:51 GMT
      server:
      - Windows-Azure-Queue/1.0 Microsoft-HTTPAPI/2.0
      x-ms-error-code:
      - QueueNotFound
      x-ms-version:
      - '2018-03-28'
    status:
      code: 404
      message: The specified queue does not exist.
- request:
    body: null
    headers:
      Connection:
      - keep-alive
      User-Agent:
      - Azure-Storage/2.0.0-2.0.1 (Python CPython 3.7.7; Windows 10) AZURECLI/2.19.1
      x-ms-date:
      - Fri, 19 Feb 2021 03:46:52 GMT
      x-ms-version:
      - '2018-03-28'
    method: GET
    uri: https://clitest000002-secondary.queue.core.windows.net/?restype=service&comp=stats
  response:
    body:
      string: "\uFEFF<?xml version=\"1.0\" encoding=\"utf-8\"?><StorageServiceStats><GeoReplication><Status>unavailable</Status><LastSyncTime></LastSyncTime></GeoReplication></StorageServiceStats>"
    headers:
      cache-control:
      - no-cache
      content-type:
      - application/xml
      date:
      - Fri, 19 Feb 2021 03:46:53 GMT
      server:
      - Windows-Azure-Queue/1.0 Microsoft-HTTPAPI/2.0
      transfer-encoding:
      - chunked
      x-ms-version:
      - '2018-03-28'
    status:
      code: 200
      message: OK
version: 1
