interactions:
- request:
    body: null
    headers:
      Accept:
      - application/json
      Accept-Encoding:
      - gzip, deflate
      CommandName:
      - storage account keys list
      Connection:
      - keep-alive
      Content-Length:
      - '0'
      ParameterSetName:
      - -n -g --query -o
      User-Agent:
      - AZURECLI/2.53.1 azsdk-python-azure-mgmt-storage/21.0.0 Python/3.8.10 (Windows-10-10.0.22631-SP0)
    method: POST
    uri: https://management.azure.com/subscriptions/00000000-0000-0000-0000-000000000000/resourceGroups/clitest.rg000001/providers/Microsoft.Storage/storageAccounts/clitest000002/listKeys?api-version=2022-09-01&$expand=kerb
  response:
    body:
      string: '{"keys":[{"creationTime":"2023-11-20T23:24:02.8476543Z","keyName":"key1","value":"veryFakedStorageAccountKey==","permissions":"FULL"},{"creationTime":"2023-11-20T23:24:02.8476543Z","keyName":"key2","value":"veryFakedStorageAccountKey==","permissions":"FULL"}]}'
    headers:
      cache-control:
      - no-cache
      content-length:
      - '260'
      content-type:
      - application/json
      date:
      - Mon, 20 Nov 2023 23:24:22 GMT
      expires:
      - '-1'
      pragma:
      - no-cache
      strict-transport-security:
      - max-age=31536000; includeSubDomains
      x-cache:
      - CONFIG_NOCACHE
      x-content-type-options:
      - nosniff
      x-ms-ratelimit-remaining-subscription-resource-requests:
      - '11996'
      x-msedge-ref:
      - 'Ref A: 8FBD1B8823A8453BA9F2A6DCF1DA0A51 Ref B: CO6AA3150217009 Ref C: 2023-11-20T23:24:23Z'
    status:
      code: 200
      message: OK
- request:
    body: '{"TableName": "table000003"}'
    headers:
      Accept:
      - application/json;odata=minimalmetadata
      Accept-Encoding:
      - gzip, deflate
      CommandName:
      - storage table create
      Connection:
      - keep-alive
      Content-Length:
      - '28'
      Content-Type:
      - application/json;odata=nometadata
      DataServiceVersion:
      - '3.0'
      Date:
      - Mon, 20 Nov 2023 23:24:23 GMT
      ParameterSetName:
      - -n --fail-on-exist --account-name --account-key
      User-Agent:
      - AZURECLI/2.53.1 azsdk-python-data-tables/12.4.0 Python/3.8.10 (Windows-10-10.0.22631-SP0)
      x-ms-date:
      - Mon, 20 Nov 2023 23:24:23 GMT
      x-ms-version:
      - '2019-02-02'
    method: POST
    uri: https://clitest000002.table.core.windows.net/Tables
  response:
    body:
      string: '{"odata.metadata":"https://clitest000002.table.core.windows.net/$metadata#Tables/@Element","TableName":"table000003"}'
    headers:
      cache-control:
      - no-cache
      content-type:
      - application/json;odata=minimalmetadata;streaming=true;charset=utf-8
      date:
      - Mon, 20 Nov 2023 23:24:23 GMT
      location:
      - https://clitest000002.table.core.windows.net/Tables('table000003')
      server:
      - Windows-Azure-Table/1.0 Microsoft-HTTPAPI/2.0
      transfer-encoding:
      - chunked
      x-content-type-options:
      - nosniff
      x-ms-version:
      - '2019-02-02'
    status:
      code: 201
      message: Created
- request:
    body: null
    headers:
      Accept:
      - application/json;odata=minimalmetadata
      Accept-Encoding:
      - gzip, deflate
      CommandName:
      - storage table exists
      Connection:
      - keep-alive
      DataServiceVersion:
      - '3.0'
      Date:
      - Mon, 20 Nov 2023 23:24:23 GMT
      ParameterSetName:
      - -n --account-name --account-key
      User-Agent:
      - AZURECLI/2.53.1 azsdk-python-data-tables/12.4.0 Python/3.8.10 (Windows-10-10.0.22631-SP0)
      x-ms-date:
      - Mon, 20 Nov 2023 23:24:23 GMT
      x-ms-version:
      - '2019-02-02'
    method: GET
    uri: https://clitest000002.table.core.windows.net/Tables?$filter=TableName%20eq%20%27table000003%27
  response:
    body:
      string: '{"odata.metadata":"https://clitest000002.table.core.windows.net/$metadata#Tables","value":[{"TableName":"table000003"}]}'
    headers:
      cache-control:
      - no-cache
      content-type:
      - application/json;odata=minimalmetadata;streaming=true;charset=utf-8
      date:
      - Mon, 20 Nov 2023 23:24:22 GMT
      server:
      - Windows-Azure-Table/1.0 Microsoft-HTTPAPI/2.0
      transfer-encoding:
      - chunked
      x-content-type-options:
      - nosniff
      x-ms-version:
      - '2019-02-02'
    status:
      code: 200
      message: OK
- request:
    body: null
    headers:
      Accept:
      - application/json;odata=minimalmetadata
      Accept-Encoding:
      - gzip, deflate
      CommandName:
      - storage table list
      Connection:
      - keep-alive
      DataServiceVersion:
      - '3.0'
      Date:
      - Mon, 20 Nov 2023 23:24:23 GMT
      ParameterSetName:
      - --query --account-name --account-key
      User-Agent:
      - AZURECLI/2.53.1 azsdk-python-data-tables/12.4.0 Python/3.8.10 (Windows-10-10.0.22631-SP0)
      x-ms-date:
      - Mon, 20 Nov 2023 23:24:23 GMT
      x-ms-version:
      - '2019-02-02'
    method: GET
    uri: https://clitest000002.table.core.windows.net/Tables
  response:
    body:
      string: '{"odata.metadata":"https://clitest000002.table.core.windows.net/$metadata#Tables","value":[{"TableName":"table000003"}]}'
    headers:
      cache-control:
      - no-cache
      content-type:
      - application/json;odata=minimalmetadata;streaming=true;charset=utf-8
      date:
      - Mon, 20 Nov 2023 23:24:23 GMT
      server:
      - Windows-Azure-Table/1.0 Microsoft-HTTPAPI/2.0
      transfer-encoding:
      - chunked
      x-content-type-options:
      - nosniff
      x-ms-version:
      - '2019-02-02'
    status:
      code: 200
      message: OK
- request:
    body: '{"name": "test", "name@odata.type": "Edm.String", "value": "something",
      "value@odata.type": "Edm.String", "sizeInBytes": "86222504922", "sizeInBytes@odata.type":
      "Edm.Int64", "RowKey": "001", "RowKey@odata.type": "Edm.String", "PartitionKey":
      "001", "PartitionKey@odata.type": "Edm.String"}'
    headers:
      Accept:
      - application/json;odata=minimalmetadata
      Accept-Encoding:
      - gzip, deflate
      CommandName:
      - storage entity insert
      Connection:
      - keep-alive
      Content-Length:
      - '290'
      Content-Type:
      - application/json;odata=nometadata
      DataServiceVersion:
      - '3.0'
      Date:
      - Mon, 20 Nov 2023 23:24:24 GMT
      ParameterSetName:
      - -t -e --account-name --account-key
      User-Agent:
      - AZURECLI/2.53.1 azsdk-python-data-tables/12.4.0 Python/3.8.10 (Windows-10-10.0.22631-SP0)
      x-ms-date:
      - Mon, 20 Nov 2023 23:24:24 GMT
      x-ms-version:
      - '2019-02-02'
    method: POST
    uri: https://clitest000002.table.core.windows.net/table000003
  response:
    body:
      string: '{"odata.metadata":"https://clitest000002.table.core.windows.net/$metadata#table000003/@Element","odata.etag":"W/\"datetime''2023-11-20T23%3A24%3A24.2798167Z''\"","PartitionKey":"001","RowKey":"001","Timestamp":"2023-11-20T23:24:24.2798167Z","name":"test","value":"something","sizeInBytes@odata.type":"Edm.Int64","sizeInBytes":"86222504922"}'
    headers:
      cache-control:
      - no-cache
      content-type:
      - application/json;odata=minimalmetadata;streaming=true;charset=utf-8
      date:
      - Mon, 20 Nov 2023 23:24:24 GMT
      etag:
      - W/"datetime'2023-11-20T23%3A24%3A24.2798167Z'"
      location:
      - https://clitest000002.table.core.windows.net/table000003(PartitionKey='001',RowKey='001')
      server:
      - Windows-Azure-Table/1.0 Microsoft-HTTPAPI/2.0
      transfer-encoding:
      - chunked
      x-content-type-options:
      - nosniff
      x-ms-version:
      - '2019-02-02'
    status:
      code: 201
      message: Created
- request:
    body: null
    headers:
      Accept:
      - application/json;odata=minimalmetadata
      Accept-Encoding:
      - gzip, deflate
      CommandName:
      - storage entity show
      Connection:
      - keep-alive
      DataServiceVersion:
      - '3.0'
      Date:
      - Mon, 20 Nov 2023 23:24:24 GMT
      ParameterSetName:
      - -t --row-key --partition-key --account-name --account-key
      User-Agent:
      - AZURECLI/2.53.1 azsdk-python-data-tables/12.4.0 Python/3.8.10 (Windows-10-10.0.22631-SP0)
      x-ms-date:
      - Mon, 20 Nov 2023 23:24:24 GMT
      x-ms-version:
      - '2019-02-02'
    method: GET
    uri: https://clitest000002.table.core.windows.net/table000003(PartitionKey='001',RowKey='001')
  response:
    body:
      string: '{"odata.metadata":"https://clitest000002.table.core.windows.net/$metadata#table000003/@Element","odata.etag":"W/\"datetime''2023-11-20T23%3A24%3A24.2798167Z''\"","PartitionKey":"001","RowKey":"001","Timestamp":"2023-11-20T23:24:24.2798167Z","name":"test","value":"something","sizeInBytes@odata.type":"Edm.Int64","sizeInBytes":"86222504922"}'
    headers:
      cache-control:
      - no-cache
      content-type:
      - application/json;odata=minimalmetadata;streaming=true;charset=utf-8
      date:
      - Mon, 20 Nov 2023 23:24:23 GMT
      etag:
      - W/"datetime'2023-11-20T23%3A24%3A24.2798167Z'"
      server:
      - Windows-Azure-Table/1.0 Microsoft-HTTPAPI/2.0
      transfer-encoding:
      - chunked
      x-content-type-options:
      - nosniff
      x-ms-version:
      - '2019-02-02'
    status:
      code: 200
      message: OK
- request:
    body: null
    headers:
      Accept:
      - application/json;odata=minimalmetadata
      Accept-Encoding:
      - gzip, deflate
      CommandName:
      - storage entity show
      Connection:
      - keep-alive
      DataServiceVersion:
      - '3.0'
      Date:
      - Mon, 20 Nov 2023 23:24:24 GMT
      ParameterSetName:
      - -t --row-key --partition-key --select --account-name --account-key
      User-Agent:
      - AZURECLI/2.53.1 azsdk-python-data-tables/12.4.0 Python/3.8.10 (Windows-10-10.0.22631-SP0)
      x-ms-date:
      - Mon, 20 Nov 2023 23:24:24 GMT
      x-ms-version:
      - '2019-02-02'
    method: GET
    uri: https://clitest000002.table.core.windows.net/table000003(PartitionKey='001',RowKey='001')?$select=name
  response:
    body:
      string: '{"odata.metadata":"https://clitest000002.table.core.windows.net/$metadata#table000003/@Element&$select=name","odata.etag":"W/\"datetime''2023-11-20T23%3A24%3A24.2798167Z''\"","name":"test"}'
    headers:
      cache-control:
      - no-cache
      content-type:
      - application/json;odata=minimalmetadata;streaming=true;charset=utf-8
      date:
      - Mon, 20 Nov 2023 23:24:24 GMT
      etag:
      - W/"datetime'2023-11-20T23%3A24%3A24.2798167Z'"
      server:
      - Windows-Azure-Table/1.0 Microsoft-HTTPAPI/2.0
      transfer-encoding:
      - chunked
      x-content-type-options:
      - nosniff
      x-ms-version:
      - '2019-02-02'
    status:
      code: 200
      message: OK
- request:
    body: '{"name": "test", "name@odata.type": "Edm.String", "value": "newval", "value@odata.type":
      "Edm.String", "RowKey": "001", "RowKey@odata.type": "Edm.String", "PartitionKey":
      "001", "PartitionKey@odata.type": "Edm.String"}'
    headers:
      Accept:
      - application/json
      Accept-Encoding:
      - gzip, deflate
      CommandName:
      - storage entity merge
      Connection:
      - keep-alive
      Content-Length:
      - '218'
      Content-Type:
      - application/json
      DataServiceVersion:
      - '3.0'
      Date:
      - Mon, 20 Nov 2023 23:24:24 GMT
      If-Match:
      - '*'
      ParameterSetName:
      - -t -e --account-name --account-key
      User-Agent:
      - AZURECLI/2.53.1 azsdk-python-data-tables/12.4.0 Python/3.8.10 (Windows-10-10.0.22631-SP0)
      x-ms-date:
      - Mon, 20 Nov 2023 23:24:24 GMT
      x-ms-version:
      - '2019-02-02'
    method: PATCH
    uri: https://clitest000002.table.core.windows.net/table000003(PartitionKey='001',RowKey='001')
  response:
    body:
      string: ''
    headers:
      cache-control:
      - no-cache
      content-length:
      - '0'
      date:
      - Mon, 20 Nov 2023 23:24:24 GMT
      etag:
      - W/"datetime'2023-11-20T23%3A24%3A25.0140476Z'"
      server:
      - Windows-Azure-Table/1.0 Microsoft-HTTPAPI/2.0
      x-content-type-options:
      - nosniff
      x-ms-version:
      - '2019-02-02'
    status:
      code: 204
      message: No Content
- request:
    body: null
    headers:
      Accept:
      - application/json;odata=minimalmetadata
      Accept-Encoding:
      - gzip, deflate
      CommandName:
      - storage entity show
      Connection:
      - keep-alive
      DataServiceVersion:
      - '3.0'
      Date:
      - Mon, 20 Nov 2023 23:24:25 GMT
      ParameterSetName:
      - -t --row-key --partition-key --account-name --account-key
      User-Agent:
      - AZURECLI/2.53.1 azsdk-python-data-tables/12.4.0 Python/3.8.10 (Windows-10-10.0.22631-SP0)
      x-ms-date:
      - Mon, 20 Nov 2023 23:24:25 GMT
      x-ms-version:
      - '2019-02-02'
    method: GET
    uri: https://clitest000002.table.core.windows.net/table000003(PartitionKey='001',RowKey='001')
  response:
    body:
      string: '{"odata.metadata":"https://clitest000002.table.core.windows.net/$metadata#table000003/@Element","odata.etag":"W/\"datetime''2023-11-20T23%3A24%3A25.0140476Z''\"","PartitionKey":"001","RowKey":"001","Timestamp":"2023-11-20T23:24:25.0140476Z","name":"test","sizeInBytes@odata.type":"Edm.Int64","sizeInBytes":"86222504922","value":"newval"}'
    headers:
      cache-control:
      - no-cache
      content-type:
      - application/json;odata=minimalmetadata;streaming=true;charset=utf-8
      date:
      - Mon, 20 Nov 2023 23:24:24 GMT
      etag:
      - W/"datetime'2023-11-20T23%3A24%3A25.0140476Z'"
      server:
      - Windows-Azure-Table/1.0 Microsoft-HTTPAPI/2.0
      transfer-encoding:
      - chunked
      x-content-type-options:
      - nosniff
      x-ms-version:
      - '2019-02-02'
    status:
      code: 200
      message: OK
- request:
    body: '{"cat": "hat", "cat@odata.type": "Edm.String", "RowKey": "001", "RowKey@odata.type":
      "Edm.String", "PartitionKey": "001", "PartitionKey@odata.type": "Edm.String"}'
    headers:
      Accept:
      - application/json
      Accept-Encoding:
      - gzip, deflate
      CommandName:
      - storage entity replace
      Connection:
      - keep-alive
      Content-Length:
      - '162'
      Content-Type:
      - application/json
      DataServiceVersion:
      - '3.0'
      Date:
      - Mon, 20 Nov 2023 23:24:25 GMT
      If-Match:
      - '*'
      ParameterSetName:
      - -t -e --account-name --account-key
      User-Agent:
      - AZURECLI/2.53.1 azsdk-python-data-tables/12.4.0 Python/3.8.10 (Windows-10-10.0.22631-SP0)
      x-ms-date:
      - Mon, 20 Nov 2023 23:24:25 GMT
      x-ms-version:
      - '2019-02-02'
    method: PUT
    uri: https://clitest000002.table.core.windows.net/table000003(PartitionKey='001',RowKey='001')
  response:
    body:
      string: ''
    headers:
      cache-control:
      - no-cache
      content-length:
      - '0'
      date:
      - Mon, 20 Nov 2023 23:24:25 GMT
      etag:
      - W/"datetime'2023-11-20T23%3A24%3A25.4757698Z'"
      server:
      - Windows-Azure-Table/1.0 Microsoft-HTTPAPI/2.0
      x-content-type-options:
      - nosniff
      x-ms-version:
      - '2019-02-02'
    status:
      code: 204
      message: No Content
- request:
    body: null
    headers:
      Accept:
      - application/json;odata=minimalmetadata
      Accept-Encoding:
      - gzip, deflate
      CommandName:
      - storage entity show
      Connection:
      - keep-alive
      DataServiceVersion:
      - '3.0'
      Date:
      - Mon, 20 Nov 2023 23:24:25 GMT
      ParameterSetName:
      - -t --row-key --partition-key --account-name --account-key
      User-Agent:
      - AZURECLI/2.53.1 azsdk-python-data-tables/12.4.0 Python/3.8.10 (Windows-10-10.0.22631-SP0)
      x-ms-date:
      - Mon, 20 Nov 2023 23:24:25 GMT
      x-ms-version:
      - '2019-02-02'
    method: GET
    uri: https://clitest000002.table.core.windows.net/table000003(PartitionKey='001',RowKey='001')
  response:
    body:
      string: '{"odata.metadata":"https://clitest000002.table.core.windows.net/$metadata#table000003/@Element","odata.etag":"W/\"datetime''2023-11-20T23%3A24%3A25.4757698Z''\"","PartitionKey":"001","RowKey":"001","Timestamp":"2023-11-20T23:24:25.4757698Z","cat":"hat"}'
    headers:
      cache-control:
      - no-cache
      content-type:
      - application/json;odata=minimalmetadata;streaming=true;charset=utf-8
      date:
      - Mon, 20 Nov 2023 23:24:25 GMT
      etag:
      - W/"datetime'2023-11-20T23%3A24%3A25.4757698Z'"
      server:
      - Windows-Azure-Table/1.0 Microsoft-HTTPAPI/2.0
      transfer-encoding:
      - chunked
      x-content-type-options:
      - nosniff
      x-ms-version:
      - '2019-02-02'
    status:
      code: 200
      message: OK
- request:
    body: null
    headers:
      Accept:
      - application/json;odata=minimalmetadata
      Accept-Encoding:
      - gzip, deflate
      CommandName:
      - storage entity delete
      Connection:
      - keep-alive
      Content-Length:
      - '0'
      DataServiceVersion:
      - '3.0'
      Date:
      - Mon, 20 Nov 2023 23:24:26 GMT
      If-Match:
      - '*'
      ParameterSetName:
      - -t --row-key --partition-key --account-name --account-key
      User-Agent:
      - AZURECLI/2.53.1 azsdk-python-data-tables/12.4.0 Python/3.8.10 (Windows-10-10.0.22631-SP0)
      x-ms-date:
      - Mon, 20 Nov 2023 23:24:26 GMT
      x-ms-version:
      - '2019-02-02'
    method: DELETE
    uri: https://clitest000002.table.core.windows.net/table000003(PartitionKey='001',RowKey='001')
  response:
    body:
      string: ''
    headers:
      cache-control:
      - no-cache
      content-length:
      - '0'
      date:
      - Mon, 20 Nov 2023 23:24:26 GMT
      server:
      - Windows-Azure-Table/1.0 Microsoft-HTTPAPI/2.0
      x-content-type-options:
      - nosniff
      x-ms-version:
      - '2019-02-02'
    status:
      code: 204
      message: No Content
- request:
    body: null
    headers:
      Accept:
      - application/json;odata=minimalmetadata
      Accept-Encoding:
      - gzip, deflate
      CommandName:
      - storage entity show
      Connection:
      - keep-alive
      DataServiceVersion:
      - '3.0'
      Date:
      - Mon, 20 Nov 2023 23:24:26 GMT
      ParameterSetName:
      - -t --row-key --partition-key --account-name --account-key
      User-Agent:
      - AZURECLI/2.53.1 azsdk-python-data-tables/12.4.0 Python/3.8.10 (Windows-10-10.0.22631-SP0)
      x-ms-date:
      - Mon, 20 Nov 2023 23:24:26 GMT
      x-ms-version:
      - '2019-02-02'
    method: GET
    uri: https://clitest000002.table.core.windows.net/table000003(PartitionKey='001',RowKey='001')
  response:
    body:
      string: '{"odata.error":{"code":"ResourceNotFound","message":{"lang":"en-US","value":"The
        specified resource does not exist.\nRequestId:813b2992-7002-0057-3108-1cb611000000\nTime:2023-11-20T23:24:26.6572516Z"}}}'
    headers:
      cache-control:
      - no-cache
      content-type:
      - application/json;odata=minimalmetadata;streaming=true;charset=utf-8
      date:
      - Mon, 20 Nov 2023 23:24:25 GMT
      server:
      - Windows-Azure-Table/1.0 Microsoft-HTTPAPI/2.0
      transfer-encoding:
      - chunked
      x-content-type-options:
      - nosniff
      x-ms-version:
      - '2019-02-02'
    status:
      code: 404
      message: Not Found
- request:
    body: '{"name": "test", "name@odata.type": "Edm.String", "value": "something",
      "value@odata.type": "Edm.String", "RowKey": "001", "RowKey@odata.type": "Edm.String",
      "PartitionKey": "001", "PartitionKey@odata.type": "Edm.String"}'
    headers:
      Accept:
      - application/json;odata=minimalmetadata
      Accept-Encoding:
      - gzip, deflate
      CommandName:
      - storage entity insert
      Connection:
      - keep-alive
      Content-Length:
      - '221'
      Content-Type:
      - application/json;odata=nometadata
      DataServiceVersion:
      - '3.0'
      Date:
      - Mon, 20 Nov 2023 23:24:26 GMT
      ParameterSetName:
      - -t -e --account-name --account-key
      User-Agent:
      - AZURECLI/2.53.1 azsdk-python-data-tables/12.4.0 Python/3.8.10 (Windows-10-10.0.22631-SP0)
      x-ms-date:
      - Mon, 20 Nov 2023 23:24:26 GMT
      x-ms-version:
      - '2019-02-02'
    method: POST
    uri: https://clitest000002.table.core.windows.net/table000003
  response:
    body:
      string: '{"odata.metadata":"https://clitest000002.table.core.windows.net/$metadata#table000003/@Element","odata.etag":"W/\"datetime''2023-11-20T23%3A24%3A26.8969828Z''\"","PartitionKey":"001","RowKey":"001","Timestamp":"2023-11-20T23:24:26.8969828Z","name":"test","value":"something"}'
    headers:
      cache-control:
      - no-cache
      content-type:
      - application/json;odata=minimalmetadata;streaming=true;charset=utf-8
      date:
      - Mon, 20 Nov 2023 23:24:26 GMT
      etag:
      - W/"datetime'2023-11-20T23%3A24%3A26.8969828Z'"
      location:
      - https://clitest000002.table.core.windows.net/table000003(PartitionKey='001',RowKey='001')
      server:
      - Windows-Azure-Table/1.0 Microsoft-HTTPAPI/2.0
      transfer-encoding:
      - chunked
      x-content-type-options:
      - nosniff
      x-ms-version:
      - '2019-02-02'
    status:
      code: 201
      message: Created
- request:
    body: '{"name": "test2", "name@odata.type": "Edm.String", "value": "something2",
      "value@odata.type": "Edm.String", "RowKey": "002", "RowKey@odata.type": "Edm.String",
      "PartitionKey": "002", "PartitionKey@odata.type": "Edm.String"}'
    headers:
      Accept:
      - application/json;odata=minimalmetadata
      Accept-Encoding:
      - gzip, deflate
      CommandName:
      - storage entity insert
      Connection:
      - keep-alive
      Content-Length:
      - '223'
      Content-Type:
      - application/json;odata=nometadata
      DataServiceVersion:
      - '3.0'
      Date:
      - Mon, 20 Nov 2023 23:24:26 GMT
      ParameterSetName:
      - -t -e --account-name --account-key
      User-Agent:
      - AZURECLI/2.53.1 azsdk-python-data-tables/12.4.0 Python/3.8.10 (Windows-10-10.0.22631-SP0)
      x-ms-date:
      - Mon, 20 Nov 2023 23:24:26 GMT
      x-ms-version:
      - '2019-02-02'
    method: POST
    uri: https://clitest000002.table.core.windows.net/table000003
  response:
    body:
      string: '{"odata.metadata":"https://clitest000002.table.core.windows.net/$metadata#table000003/@Element","odata.etag":"W/\"datetime''2023-11-20T23%3A24%3A27.1063975Z''\"","PartitionKey":"002","RowKey":"002","Timestamp":"2023-11-20T23:24:27.1063975Z","name":"test2","value":"something2"}'
    headers:
      cache-control:
      - no-cache
      content-type:
      - application/json;odata=minimalmetadata;streaming=true;charset=utf-8
      date:
      - Mon, 20 Nov 2023 23:24:26 GMT
      etag:
      - W/"datetime'2023-11-20T23%3A24%3A27.1063975Z'"
      location:
      - https://clitest000002.table.core.windows.net/table000003(PartitionKey='002',RowKey='002')
      server:
      - Windows-Azure-Table/1.0 Microsoft-HTTPAPI/2.0
      transfer-encoding:
      - chunked
      x-content-type-options:
      - nosniff
      x-ms-version:
      - '2019-02-02'
    status:
      code: 201
      message: Created
- request:
    body: null
    headers:
      Accept:
      - application/json;odata=minimalmetadata
      Accept-Encoding:
      - gzip, deflate
      CommandName:
      - storage entity query
      Connection:
      - keep-alive
      DataServiceVersion:
      - '3.0'
      Date:
      - Mon, 20 Nov 2023 23:24:27 GMT
      ParameterSetName:
      - -t --num-results --account-name --account-key
      User-Agent:
      - AZURECLI/2.53.1 azsdk-python-data-tables/12.4.0 Python/3.8.10 (Windows-10-10.0.22631-SP0)
      x-ms-date:
      - Mon, 20 Nov 2023 23:24:27 GMT
      x-ms-version:
      - '2019-02-02'
    method: GET
    uri: https://clitest000002.table.core.windows.net/table000003()?$top=1
  response:
    body:
      string: '{"odata.metadata":"https://clitest000002.table.core.windows.net/$metadata#table000003","value":[{"odata.etag":"W/\"datetime''2023-11-20T23%3A24%3A26.8969828Z''\"","PartitionKey":"001","RowKey":"001","Timestamp":"2023-11-20T23:24:26.8969828Z","name":"test","value":"something"}]}'
    headers:
      cache-control:
      - no-cache
      content-type:
      - application/json;odata=minimalmetadata;streaming=true;charset=utf-8
      date:
      - Mon, 20 Nov 2023 23:24:26 GMT
      server:
      - Windows-Azure-Table/1.0 Microsoft-HTTPAPI/2.0
      transfer-encoding:
      - chunked
      x-content-type-options:
      - nosniff
      x-ms-continuation-nextpartitionkey:
      - 1!4!MDAy
      x-ms-continuation-nextrowkey:
      - 1!4!MDAy
      x-ms-version:
      - '2019-02-02'
    status:
      code: 200
      message: OK
- request:
    body: null
    headers:
      Accept:
      - application/json;odata=minimalmetadata
      Accept-Encoding:
      - gzip, deflate
      CommandName:
      - storage entity query
      Connection:
      - keep-alive
      DataServiceVersion:
      - '3.0'
      Date:
      - Mon, 20 Nov 2023 23:24:27 GMT
      ParameterSetName:
      - -t --marker --account-name --account-key
      User-Agent:
      - AZURECLI/2.53.1 azsdk-python-data-tables/12.4.0 Python/3.8.10 (Windows-10-10.0.22631-SP0)
      x-ms-date:
      - Mon, 20 Nov 2023 23:24:27 GMT
      x-ms-version:
      - '2019-02-02'
    method: GET
    uri: https://clitest000002.table.core.windows.net/table000003()?NextPartitionKey=1%214%21MDAy&NextRowKey=1%214%21MDAy
  response:
    body:
      string: '{"odata.metadata":"https://clitest000002.table.core.windows.net/$metadata#table000003","value":[{"odata.etag":"W/\"datetime''2023-11-20T23%3A24%3A27.1063975Z''\"","PartitionKey":"002","RowKey":"002","Timestamp":"2023-11-20T23:24:27.1063975Z","name":"test2","value":"something2"}]}'
    headers:
      cache-control:
      - no-cache
      content-type:
      - application/json;odata=minimalmetadata;streaming=true;charset=utf-8
      date:
      - Mon, 20 Nov 2023 23:24:26 GMT
      server:
      - Windows-Azure-Table/1.0 Microsoft-HTTPAPI/2.0
      transfer-encoding:
      - chunked
      x-content-type-options:
      - nosniff
      x-ms-version:
      - '2019-02-02'
    status:
      code: 200
      message: OK
- request:
    body: null
    headers:
      Accept:
      - application/xml
      Accept-Encoding:
      - gzip, deflate
      CommandName:
      - storage table policy list
      Connection:
      - keep-alive
      Date:
      - Mon, 20 Nov 2023 23:24:27 GMT
      ParameterSetName:
      - -t --account-name --account-key
      User-Agent:
      - AZURECLI/2.53.1 azsdk-python-data-tables/12.4.0 Python/3.8.10 (Windows-10-10.0.22631-SP0)
      x-ms-date:
      - Mon, 20 Nov 2023 23:24:27 GMT
      x-ms-version:
      - '2019-02-02'
    method: GET
    uri: https://clitest000002.table.core.windows.net/table000003?comp=acl
  response:
    body:
      string: "\uFEFF<?xml version=\"1.0\" encoding=\"utf-8\"?><SignedIdentifiers
        />"
    headers:
      content-type:
      - application/xml
      date:
      - Mon, 20 Nov 2023 23:24:26 GMT
      server:
      - Windows-Azure-Table/1.0 Microsoft-HTTPAPI/2.0
      transfer-encoding:
      - chunked
      x-ms-version:
      - '2019-02-02'
    status:
      code: 200
      message: OK
- request:
    body: null
    headers:
      Accept:
      - application/xml
      Accept-Encoding:
      - gzip, deflate
      CommandName:
      - storage table policy create
      Connection:
      - keep-alive
      Date:
      - Mon, 20 Nov 2023 23:24:27 GMT
      ParameterSetName:
      - -t -n --permission --account-name --account-key
      User-Agent:
      - AZURECLI/2.53.1 azsdk-python-data-tables/12.4.0 Python/3.8.10 (Windows-10-10.0.22631-SP0)
      x-ms-date:
      - Mon, 20 Nov 2023 23:24:27 GMT
      x-ms-version:
      - '2019-02-02'
    method: GET
    uri: https://clitest000002.table.core.windows.net/table000003?comp=acl
  response:
    body:
      string: "\uFEFF<?xml version=\"1.0\" encoding=\"utf-8\"?><SignedIdentifiers
        />"
    headers:
      content-type:
      - application/xml
      date:
      - Mon, 20 Nov 2023 23:24:27 GMT
      server:
      - Windows-Azure-Table/1.0 Microsoft-HTTPAPI/2.0
      transfer-encoding:
      - chunked
      x-ms-version:
      - '2019-02-02'
    status:
      code: 200
      message: OK
- request:
    body: '<?xml version=''1.0'' encoding=''utf-8''?>

      <SignedIdentifiers><SignedIdentifier><Id>test1</Id><AccessPolicy><Permission>a</Permission></AccessPolicy></SignedIdentifier></SignedIdentifiers>'
    headers:
      Accept:
      - application/xml
      Accept-Encoding:
      - gzip, deflate
      CommandName:
      - storage table policy create
      Connection:
      - keep-alive
      Content-Length:
      - '184'
      Content-Type:
      - application/xml
      Date:
      - Mon, 20 Nov 2023 23:24:27 GMT
      ParameterSetName:
      - -t -n --permission --account-name --account-key
      User-Agent:
      - AZURECLI/2.53.1 azsdk-python-data-tables/12.4.0 Python/3.8.10 (Windows-10-10.0.22631-SP0)
      x-ms-date:
      - Mon, 20 Nov 2023 23:24:27 GMT
      x-ms-version:
      - '2019-02-02'
    method: PUT
    uri: https://clitest000002.table.core.windows.net/table000003?comp=acl
  response:
    body:
      string: ''
    headers:
      content-length:
      - '0'
      date:
      - Mon, 20 Nov 2023 23:24:27 GMT
      server:
      - Windows-Azure-Table/1.0 Microsoft-HTTPAPI/2.0
      x-ms-version:
      - '2019-02-02'
    status:
      code: 204
      message: No Content
- request:
    body: null
    headers:
      Accept:
      - application/xml
      Accept-Encoding:
      - gzip, deflate
      CommandName:
      - storage table policy create
      Connection:
      - keep-alive
      Date:
      - Mon, 20 Nov 2023 23:24:28 GMT
      ParameterSetName:
      - -t -n --start --account-name --account-key
      User-Agent:
      - AZURECLI/2.53.1 azsdk-python-data-tables/12.4.0 Python/3.8.10 (Windows-10-10.0.22631-SP0)
      x-ms-date:
      - Mon, 20 Nov 2023 23:24:28 GMT
      x-ms-version:
      - '2019-02-02'
    method: GET
    uri: https://clitest000002.table.core.windows.net/table000003?comp=acl
  response:
    body:
      string: "\uFEFF<?xml version=\"1.0\" encoding=\"utf-8\"?><SignedIdentifiers><SignedIdentifier><Id>test1</Id><AccessPolicy><Permission>a</Permission></AccessPolicy></SignedIdentifier></SignedIdentifiers>"
    headers:
      content-type:
      - application/xml
      date:
      - Mon, 20 Nov 2023 23:24:27 GMT
      server:
      - Windows-Azure-Table/1.0 Microsoft-HTTPAPI/2.0
      transfer-encoding:
      - chunked
      x-ms-version:
      - '2019-02-02'
    status:
      code: 200
      message: OK
- request:
    body: '<?xml version=''1.0'' encoding=''utf-8''?>

      <SignedIdentifiers><SignedIdentifier><Id>test1</Id><AccessPolicy><Permission>a</Permission></AccessPolicy></SignedIdentifier><SignedIdentifier><Id>test2</Id><AccessPolicy><Start>2016-01-01T00:00Z</Start></AccessPolicy></SignedIdentifier></SignedIdentifiers>'
    headers:
      Accept:
      - application/xml
      Accept-Encoding:
      - gzip, deflate
      CommandName:
      - storage table policy create
      Connection:
      - keep-alive
      Content-Length:
      - '296'
      Content-Type:
      - application/xml
      Date:
      - Mon, 20 Nov 2023 23:24:28 GMT
      ParameterSetName:
      - -t -n --start --account-name --account-key
      User-Agent:
      - AZURECLI/2.53.1 azsdk-python-data-tables/12.4.0 Python/3.8.10 (Windows-10-10.0.22631-SP0)
      x-ms-date:
      - Mon, 20 Nov 2023 23:24:28 GMT
      x-ms-version:
      - '2019-02-02'
    method: PUT
    uri: https://clitest000002.table.core.windows.net/table000003?comp=acl
  response:
    body:
      string: ''
    headers:
      content-length:
      - '0'
      date:
      - Mon, 20 Nov 2023 23:24:28 GMT
      server:
      - Windows-Azure-Table/1.0 Microsoft-HTTPAPI/2.0
      x-ms-version:
      - '2019-02-02'
    status:
      code: 204
      message: No Content
- request:
    body: null
    headers:
      Accept:
      - application/xml
      Accept-Encoding:
      - gzip, deflate
      CommandName:
      - storage table policy create
      Connection:
      - keep-alive
      Date:
      - Mon, 20 Nov 2023 23:24:28 GMT
      ParameterSetName:
      - -t -n --expiry --account-name --account-key
      User-Agent:
      - AZURECLI/2.53.1 azsdk-python-data-tables/12.4.0 Python/3.8.10 (Windows-10-10.0.22631-SP0)
      x-ms-date:
      - Mon, 20 Nov 2023 23:24:28 GMT
      x-ms-version:
      - '2019-02-02'
    method: GET
    uri: https://clitest000002.table.core.windows.net/table000003?comp=acl
  response:
    body:
      string: "\uFEFF<?xml version=\"1.0\" encoding=\"utf-8\"?><SignedIdentifiers><SignedIdentifier><Id>test1</Id><AccessPolicy><Permission>a</Permission></AccessPolicy></SignedIdentifier><SignedIdentifier><Id>test2</Id><AccessPolicy><Start>2016-01-01T00:00:00.0000000Z</Start></AccessPolicy></SignedIdentifier></SignedIdentifiers>"
    headers:
      content-type:
      - application/xml
      date:
      - Mon, 20 Nov 2023 23:24:27 GMT
      server:
      - Windows-Azure-Table/1.0 Microsoft-HTTPAPI/2.0
      transfer-encoding:
      - chunked
      x-ms-version:
      - '2019-02-02'
    status:
      code: 200
      message: OK
- request:
    body: '<?xml version=''1.0'' encoding=''utf-8''?>

      <SignedIdentifiers><SignedIdentifier><Id>test1</Id><AccessPolicy><Permission>a</Permission></AccessPolicy></SignedIdentifier><SignedIdentifier><Id>test2</Id><AccessPolicy><Start>2016-01-01T00:00:00Z</Start><Permission
      /></AccessPolicy></SignedIdentifier><SignedIdentifier><Id>test3</Id><AccessPolicy><Expiry>2018-01-01T00:00Z</Expiry></AccessPolicy></SignedIdentifier></SignedIdentifiers>'
    headers:
      Accept:
      - application/xml
      Accept-Encoding:
      - gzip, deflate
      CommandName:
      - storage table policy create
      Connection:
      - keep-alive
      Content-Length:
      - '427'
      Content-Type:
      - application/xml
      Date:
      - Mon, 20 Nov 2023 23:24:28 GMT
      ParameterSetName:
      - -t -n --expiry --account-name --account-key
      User-Agent:
      - AZURECLI/2.53.1 azsdk-python-data-tables/12.4.0 Python/3.8.10 (Windows-10-10.0.22631-SP0)
      x-ms-date:
      - Mon, 20 Nov 2023 23:24:28 GMT
      x-ms-version:
      - '2019-02-02'
    method: PUT
    uri: https://clitest000002.table.core.windows.net/table000003?comp=acl
  response:
    body:
      string: ''
    headers:
      content-length:
      - '0'
      date:
      - Mon, 20 Nov 2023 23:24:27 GMT
      server:
      - Windows-Azure-Table/1.0 Microsoft-HTTPAPI/2.0
      x-ms-version:
      - '2019-02-02'
    status:
      code: 204
      message: No Content
- request:
    body: null
    headers:
      Accept:
      - application/xml
      Accept-Encoding:
      - gzip, deflate
      CommandName:
      - storage table policy create
      Connection:
      - keep-alive
      Date:
      - Mon, 20 Nov 2023 23:24:28 GMT
      ParameterSetName:
      - -t -n --permission --start --expiry --account-name --account-key
      User-Agent:
      - AZURECLI/2.53.1 azsdk-python-data-tables/12.4.0 Python/3.8.10 (Windows-10-10.0.22631-SP0)
      x-ms-date:
      - Mon, 20 Nov 2023 23:24:28 GMT
      x-ms-version:
      - '2019-02-02'
    method: GET
    uri: https://clitest000002.table.core.windows.net/table000003?comp=acl
  response:
    body:
      string: "\uFEFF<?xml version=\"1.0\" encoding=\"utf-8\"?><SignedIdentifiers><SignedIdentifier><Id>test1</Id><AccessPolicy><Permission>a</Permission></AccessPolicy></SignedIdentifier><SignedIdentifier><Id>test2</Id><AccessPolicy><Start>2016-01-01T00:00:00.0000000Z</Start></AccessPolicy></SignedIdentifier><SignedIdentifier><Id>test3</Id><AccessPolicy><Expiry>2018-01-01T00:00:00.0000000Z</Expiry></AccessPolicy></SignedIdentifier></SignedIdentifiers>"
    headers:
      content-type:
      - application/xml
      date:
      - Mon, 20 Nov 2023 23:24:28 GMT
      server:
      - Windows-Azure-Table/1.0 Microsoft-HTTPAPI/2.0
      transfer-encoding:
      - chunked
      x-ms-version:
      - '2019-02-02'
    status:
      code: 200
      message: OK
- request:
    body: '<?xml version=''1.0'' encoding=''utf-8''?>

      <SignedIdentifiers><SignedIdentifier><Id>test1</Id><AccessPolicy><Permission>a</Permission></AccessPolicy></SignedIdentifier><SignedIdentifier><Id>test2</Id><AccessPolicy><Start>2016-01-01T00:00:00Z</Start><Permission
      /></AccessPolicy></SignedIdentifier><SignedIdentifier><Id>test3</Id><AccessPolicy><Expiry>2018-01-01T00:00:00Z</Expiry><Permission
      /></AccessPolicy></SignedIdentifier><SignedIdentifier><Id>test4</Id><AccessPolicy><Start>2016-01-01T00:00Z</Start><Expiry>2016-05-01T00:00Z</Expiry><Permission>raud</Permission></AccessPolicy></SignedIdentifier></SignedIdentifiers>'
    headers:
      Accept:
      - application/xml
      Accept-Encoding:
      - gzip, deflate
      CommandName:
      - storage table policy create
      Connection:
      - keep-alive
      Content-Length:
      - '619'
      Content-Type:
      - application/xml
      Date:
      - Mon, 20 Nov 2023 23:24:29 GMT
      ParameterSetName:
      - -t -n --permission --start --expiry --account-name --account-key
      User-Agent:
      - AZURECLI/2.53.1 azsdk-python-data-tables/12.4.0 Python/3.8.10 (Windows-10-10.0.22631-SP0)
      x-ms-date:
      - Mon, 20 Nov 2023 23:24:29 GMT
      x-ms-version:
      - '2019-02-02'
    method: PUT
    uri: https://clitest000002.table.core.windows.net/table000003?comp=acl
  response:
    body:
      string: ''
    headers:
      content-length:
      - '0'
      date:
      - Mon, 20 Nov 2023 23:24:28 GMT
      server:
      - Windows-Azure-Table/1.0 Microsoft-HTTPAPI/2.0
      x-ms-version:
      - '2019-02-02'
    status:
      code: 204
      message: No Content
- request:
    body: null
    headers:
      Accept:
      - application/xml
      Accept-Encoding:
      - gzip, deflate
      CommandName:
      - storage table policy list
      Connection:
      - keep-alive
      Date:
      - Mon, 20 Nov 2023 23:24:29 GMT
      ParameterSetName:
      - -t --account-name --account-key
      User-Agent:
      - AZURECLI/2.53.1 azsdk-python-data-tables/12.4.0 Python/3.8.10 (Windows-10-10.0.22631-SP0)
      x-ms-date:
      - Mon, 20 Nov 2023 23:24:29 GMT
      x-ms-version:
      - '2019-02-02'
    method: GET
    uri: https://clitest000002.table.core.windows.net/table000003?comp=acl
  response:
    body:
      string: "\uFEFF<?xml version=\"1.0\" encoding=\"utf-8\"?><SignedIdentifiers><SignedIdentifier><Id>test1</Id><AccessPolicy><Permission>a</Permission></AccessPolicy></SignedIdentifier><SignedIdentifier><Id>test2</Id><AccessPolicy><Start>2016-01-01T00:00:00.0000000Z</Start></AccessPolicy></SignedIdentifier><SignedIdentifier><Id>test3</Id><AccessPolicy><Expiry>2018-01-01T00:00:00.0000000Z</Expiry></AccessPolicy></SignedIdentifier><SignedIdentifier><Id>test4</Id><AccessPolicy><Start>2016-01-01T00:00:00.0000000Z</Start><Expiry>2016-05-01T00:00:00.0000000Z</Expiry><Permission>raud</Permission></AccessPolicy></SignedIdentifier></SignedIdentifiers>"
    headers:
      content-type:
      - application/xml
      date:
      - Mon, 20 Nov 2023 23:24:28 GMT
      server:
      - Windows-Azure-Table/1.0 Microsoft-HTTPAPI/2.0
      transfer-encoding:
      - chunked
      x-ms-version:
      - '2019-02-02'
    status:
      code: 200
      message: OK
- request:
    body: null
    headers:
      Accept:
      - application/xml
      Accept-Encoding:
      - gzip, deflate
      CommandName:
      - storage table policy show
      Connection:
      - keep-alive
      Date:
      - Mon, 20 Nov 2023 23:24:29 GMT
      ParameterSetName:
      - -t -n --account-name --account-key
      User-Agent:
      - AZURECLI/2.53.1 azsdk-python-data-tables/12.4.0 Python/3.8.10 (Windows-10-10.0.22631-SP0)
      x-ms-date:
      - Mon, 20 Nov 2023 23:24:29 GMT
      x-ms-version:
      - '2019-02-02'
    method: GET
    uri: https://clitest000002.table.core.windows.net/table000003?comp=acl
  response:
    body:
      string: "\uFEFF<?xml version=\"1.0\" encoding=\"utf-8\"?><SignedIdentifiers><SignedIdentifier><Id>test1</Id><AccessPolicy><Permission>a</Permission></AccessPolicy></SignedIdentifier><SignedIdentifier><Id>test2</Id><AccessPolicy><Start>2016-01-01T00:00:00.0000000Z</Start></AccessPolicy></SignedIdentifier><SignedIdentifier><Id>test3</Id><AccessPolicy><Expiry>2018-01-01T00:00:00.0000000Z</Expiry></AccessPolicy></SignedIdentifier><SignedIdentifier><Id>test4</Id><AccessPolicy><Start>2016-01-01T00:00:00.0000000Z</Start><Expiry>2016-05-01T00:00:00.0000000Z</Expiry><Permission>raud</Permission></AccessPolicy></SignedIdentifier></SignedIdentifiers>"
    headers:
      content-type:
      - application/xml
      date:
      - Mon, 20 Nov 2023 23:24:29 GMT
      server:
      - Windows-Azure-Table/1.0 Microsoft-HTTPAPI/2.0
      transfer-encoding:
      - chunked
      x-ms-version:
      - '2019-02-02'
    status:
      code: 200
      message: OK
- request:
    body: null
    headers:
      Accept:
      - application/xml
      Accept-Encoding:
      - gzip, deflate
      CommandName:
      - storage table policy show
      Connection:
      - keep-alive
      Date:
      - Mon, 20 Nov 2023 23:24:29 GMT
      ParameterSetName:
      - -t -n --account-name --account-key
      User-Agent:
      - AZURECLI/2.53.1 azsdk-python-data-tables/12.4.0 Python/3.8.10 (Windows-10-10.0.22631-SP0)
      x-ms-date:
      - Mon, 20 Nov 2023 23:24:29 GMT
      x-ms-version:
      - '2019-02-02'
    method: GET
    uri: https://clitest000002.table.core.windows.net/table000003?comp=acl
  response:
    body:
      string: "\uFEFF<?xml version=\"1.0\" encoding=\"utf-8\"?><SignedIdentifiers><SignedIdentifier><Id>test1</Id><AccessPolicy><Permission>a</Permission></AccessPolicy></SignedIdentifier><SignedIdentifier><Id>test2</Id><AccessPolicy><Start>2016-01-01T00:00:00.0000000Z</Start></AccessPolicy></SignedIdentifier><SignedIdentifier><Id>test3</Id><AccessPolicy><Expiry>2018-01-01T00:00:00.0000000Z</Expiry></AccessPolicy></SignedIdentifier><SignedIdentifier><Id>test4</Id><AccessPolicy><Start>2016-01-01T00:00:00.0000000Z</Start><Expiry>2016-05-01T00:00:00.0000000Z</Expiry><Permission>raud</Permission></AccessPolicy></SignedIdentifier></SignedIdentifiers>"
    headers:
      content-type:
      - application/xml
      date:
      - Mon, 20 Nov 2023 23:24:29 GMT
      server:
      - Windows-Azure-Table/1.0 Microsoft-HTTPAPI/2.0
      transfer-encoding:
      - chunked
      x-ms-version:
      - '2019-02-02'
    status:
      code: 200
      message: OK
- request:
    body: null
    headers:
      Accept:
      - application/xml
      Accept-Encoding:
      - gzip, deflate
      CommandName:
      - storage table policy show
      Connection:
      - keep-alive
      Date:
      - Mon, 20 Nov 2023 23:24:29 GMT
      ParameterSetName:
      - -t -n --account-name --account-key
      User-Agent:
      - AZURECLI/2.53.1 azsdk-python-data-tables/12.4.0 Python/3.8.10 (Windows-10-10.0.22631-SP0)
      x-ms-date:
      - Mon, 20 Nov 2023 23:24:29 GMT
      x-ms-version:
      - '2019-02-02'
    method: GET
    uri: https://clitest000002.table.core.windows.net/table000003?comp=acl
  response:
    body:
      string: "\uFEFF<?xml version=\"1.0\" encoding=\"utf-8\"?><SignedIdentifiers><SignedIdentifier><Id>test1</Id><AccessPolicy><Permission>a</Permission></AccessPolicy></SignedIdentifier><SignedIdentifier><Id>test2</Id><AccessPolicy><Start>2016-01-01T00:00:00.0000000Z</Start></AccessPolicy></SignedIdentifier><SignedIdentifier><Id>test3</Id><AccessPolicy><Expiry>2018-01-01T00:00:00.0000000Z</Expiry></AccessPolicy></SignedIdentifier><SignedIdentifier><Id>test4</Id><AccessPolicy><Start>2016-01-01T00:00:00.0000000Z</Start><Expiry>2016-05-01T00:00:00.0000000Z</Expiry><Permission>raud</Permission></AccessPolicy></SignedIdentifier></SignedIdentifiers>"
    headers:
      content-type:
      - application/xml
      date:
      - Mon, 20 Nov 2023 23:24:29 GMT
      server:
      - Windows-Azure-Table/1.0 Microsoft-HTTPAPI/2.0
      transfer-encoding:
      - chunked
      x-ms-version:
      - '2019-02-02'
    status:
      code: 200
      message: OK
- request:
    body: null
    headers:
      Accept:
      - application/xml
      Accept-Encoding:
      - gzip, deflate
      CommandName:
      - storage table policy show
      Connection:
      - keep-alive
      Date:
      - Mon, 20 Nov 2023 23:24:30 GMT
      ParameterSetName:
      - -t -n --account-name --account-key
      User-Agent:
      - AZURECLI/2.53.1 azsdk-python-data-tables/12.4.0 Python/3.8.10 (Windows-10-10.0.22631-SP0)
      x-ms-date:
      - Mon, 20 Nov 2023 23:24:30 GMT
      x-ms-version:
      - '2019-02-02'
    method: GET
    uri: https://clitest000002.table.core.windows.net/table000003?comp=acl
  response:
    body:
      string: "\uFEFF<?xml version=\"1.0\" encoding=\"utf-8\"?><SignedIdentifiers><SignedIdentifier><Id>test1</Id><AccessPolicy><Permission>a</Permission></AccessPolicy></SignedIdentifier><SignedIdentifier><Id>test2</Id><AccessPolicy><Start>2016-01-01T00:00:00.0000000Z</Start></AccessPolicy></SignedIdentifier><SignedIdentifier><Id>test3</Id><AccessPolicy><Expiry>2018-01-01T00:00:00.0000000Z</Expiry></AccessPolicy></SignedIdentifier><SignedIdentifier><Id>test4</Id><AccessPolicy><Start>2016-01-01T00:00:00.0000000Z</Start><Expiry>2016-05-01T00:00:00.0000000Z</Expiry><Permission>raud</Permission></AccessPolicy></SignedIdentifier></SignedIdentifiers>"
    headers:
      content-type:
      - application/xml
      date:
      - Mon, 20 Nov 2023 23:24:30 GMT
      server:
      - Windows-Azure-Table/1.0 Microsoft-HTTPAPI/2.0
      transfer-encoding:
      - chunked
      x-ms-version:
      - '2019-02-02'
    status:
      code: 200
      message: OK
- request:
    body: null
    headers:
      Accept:
      - application/xml
      Accept-Encoding:
      - gzip, deflate
      CommandName:
      - storage table policy update
      Connection:
      - keep-alive
      Date:
      - Mon, 20 Nov 2023 23:24:30 GMT
      ParameterSetName:
      - -t -n --permission --account-name --account-key
      User-Agent:
      - AZURECLI/2.53.1 azsdk-python-data-tables/12.4.0 Python/3.8.10 (Windows-10-10.0.22631-SP0)
      x-ms-date:
      - Mon, 20 Nov 2023 23:24:30 GMT
      x-ms-version:
      - '2019-02-02'
    method: GET
    uri: https://clitest000002.table.core.windows.net/table000003?comp=acl
  response:
    body:
      string: "\uFEFF<?xml version=\"1.0\" encoding=\"utf-8\"?><SignedIdentifiers><SignedIdentifier><Id>test1</Id><AccessPolicy><Permission>a</Permission></AccessPolicy></SignedIdentifier><SignedIdentifier><Id>test2</Id><AccessPolicy><Start>2016-01-01T00:00:00.0000000Z</Start></AccessPolicy></SignedIdentifier><SignedIdentifier><Id>test3</Id><AccessPolicy><Expiry>2018-01-01T00:00:00.0000000Z</Expiry></AccessPolicy></SignedIdentifier><SignedIdentifier><Id>test4</Id><AccessPolicy><Start>2016-01-01T00:00:00.0000000Z</Start><Expiry>2016-05-01T00:00:00.0000000Z</Expiry><Permission>raud</Permission></AccessPolicy></SignedIdentifier></SignedIdentifiers>"
    headers:
      content-type:
      - application/xml
      date:
      - Mon, 20 Nov 2023 23:24:29 GMT
      server:
      - Windows-Azure-Table/1.0 Microsoft-HTTPAPI/2.0
      transfer-encoding:
      - chunked
      x-ms-version:
      - '2019-02-02'
    status:
      code: 200
      message: OK
- request:
    body: '<?xml version=''1.0'' encoding=''utf-8''?>

      <SignedIdentifiers><SignedIdentifier><Id>test1</Id><AccessPolicy><Permission>au</Permission></AccessPolicy></SignedIdentifier><SignedIdentifier><Id>test2</Id><AccessPolicy><Start>2016-01-01T00:00:00Z</Start><Permission
      /></AccessPolicy></SignedIdentifier><SignedIdentifier><Id>test3</Id><AccessPolicy><Expiry>2018-01-01T00:00:00Z</Expiry><Permission
      /></AccessPolicy></SignedIdentifier><SignedIdentifier><Id>test4</Id><AccessPolicy><Start>2016-01-01T00:00:00Z</Start><Expiry>2016-05-01T00:00:00Z</Expiry><Permission>raud</Permission></AccessPolicy></SignedIdentifier></SignedIdentifiers>'
    headers:
      Accept:
      - application/xml
      Accept-Encoding:
      - gzip, deflate
      CommandName:
      - storage table policy update
      Connection:
      - keep-alive
      Content-Length:
      - '626'
      Content-Type:
      - application/xml
      Date:
      - Mon, 20 Nov 2023 23:24:30 GMT
      ParameterSetName:
      - -t -n --permission --account-name --account-key
      User-Agent:
      - AZURECLI/2.53.1 azsdk-python-data-tables/12.4.0 Python/3.8.10 (Windows-10-10.0.22631-SP0)
      x-ms-date:
      - Mon, 20 Nov 2023 23:24:30 GMT
      x-ms-version:
      - '2019-02-02'
    method: PUT
    uri: https://clitest000002.table.core.windows.net/table000003?comp=acl
  response:
    body:
      string: ''
    headers:
      content-length:
      - '0'
      date:
      - Mon, 20 Nov 2023 23:24:29 GMT
      server:
      - Windows-Azure-Table/1.0 Microsoft-HTTPAPI/2.0
      x-ms-version:
      - '2019-02-02'
    status:
      code: 204
      message: No Content
- request:
    body: null
    headers:
      Accept:
      - application/xml
      Accept-Encoding:
      - gzip, deflate
      CommandName:
      - storage table policy show
      Connection:
      - keep-alive
      Date:
      - Mon, 20 Nov 2023 23:24:30 GMT
      ParameterSetName:
      - -t -n --account-name --account-key
      User-Agent:
      - AZURECLI/2.53.1 azsdk-python-data-tables/12.4.0 Python/3.8.10 (Windows-10-10.0.22631-SP0)
      x-ms-date:
      - Mon, 20 Nov 2023 23:24:30 GMT
      x-ms-version:
      - '2019-02-02'
    method: GET
    uri: https://clitest000002.table.core.windows.net/table000003?comp=acl
  response:
    body:
      string: "\uFEFF<?xml version=\"1.0\" encoding=\"utf-8\"?><SignedIdentifiers><SignedIdentifier><Id>test1</Id><AccessPolicy><Permission>au</Permission></AccessPolicy></SignedIdentifier><SignedIdentifier><Id>test2</Id><AccessPolicy><Start>2016-01-01T00:00:00.0000000Z</Start></AccessPolicy></SignedIdentifier><SignedIdentifier><Id>test3</Id><AccessPolicy><Expiry>2018-01-01T00:00:00.0000000Z</Expiry></AccessPolicy></SignedIdentifier><SignedIdentifier><Id>test4</Id><AccessPolicy><Start>2016-01-01T00:00:00.0000000Z</Start><Expiry>2016-05-01T00:00:00.0000000Z</Expiry><Permission>raud</Permission></AccessPolicy></SignedIdentifier></SignedIdentifiers>"
    headers:
      content-type:
      - application/xml
      date:
      - Mon, 20 Nov 2023 23:24:30 GMT
      server:
      - Windows-Azure-Table/1.0 Microsoft-HTTPAPI/2.0
      transfer-encoding:
      - chunked
      x-ms-version:
      - '2019-02-02'
    status:
      code: 200
      message: OK
- request:
    body: null
    headers:
      Accept:
      - application/xml
      Accept-Encoding:
      - gzip, deflate
      CommandName:
      - storage table policy delete
      Connection:
      - keep-alive
      Date:
      - Mon, 20 Nov 2023 23:24:31 GMT
      ParameterSetName:
      - -t -n --account-name --account-key
      User-Agent:
      - AZURECLI/2.53.1 azsdk-python-data-tables/12.4.0 Python/3.8.10 (Windows-10-10.0.22631-SP0)
      x-ms-date:
      - Mon, 20 Nov 2023 23:24:31 GMT
      x-ms-version:
      - '2019-02-02'
    method: GET
    uri: https://clitest000002.table.core.windows.net/table000003?comp=acl
  response:
    body:
      string: "\uFEFF<?xml version=\"1.0\" encoding=\"utf-8\"?><SignedIdentifiers><SignedIdentifier><Id>test1</Id><AccessPolicy><Permission>au</Permission></AccessPolicy></SignedIdentifier><SignedIdentifier><Id>test2</Id><AccessPolicy><Start>2016-01-01T00:00:00.0000000Z</Start></AccessPolicy></SignedIdentifier><SignedIdentifier><Id>test3</Id><AccessPolicy><Expiry>2018-01-01T00:00:00.0000000Z</Expiry></AccessPolicy></SignedIdentifier><SignedIdentifier><Id>test4</Id><AccessPolicy><Start>2016-01-01T00:00:00.0000000Z</Start><Expiry>2016-05-01T00:00:00.0000000Z</Expiry><Permission>raud</Permission></AccessPolicy></SignedIdentifier></SignedIdentifiers>"
    headers:
      content-type:
      - application/xml
      date:
      - Mon, 20 Nov 2023 23:24:30 GMT
      server:
      - Windows-Azure-Table/1.0 Microsoft-HTTPAPI/2.0
      transfer-encoding:
      - chunked
      x-ms-version:
      - '2019-02-02'
    status:
      code: 200
      message: OK
- request:
    body: '<?xml version=''1.0'' encoding=''utf-8''?>

      <SignedIdentifiers><SignedIdentifier><Id>test2</Id><AccessPolicy><Start>2016-01-01T00:00:00Z</Start><Permission
      /></AccessPolicy></SignedIdentifier><SignedIdentifier><Id>test3</Id><AccessPolicy><Expiry>2018-01-01T00:00:00Z</Expiry><Permission
      /></AccessPolicy></SignedIdentifier><SignedIdentifier><Id>test4</Id><AccessPolicy><Start>2016-01-01T00:00:00Z</Start><Expiry>2016-05-01T00:00:00Z</Expiry><Permission>raud</Permission></AccessPolicy></SignedIdentifier></SignedIdentifiers>'
    headers:
      Accept:
      - application/xml
      Accept-Encoding:
      - gzip, deflate
      CommandName:
      - storage table policy delete
      Connection:
      - keep-alive
      Content-Length:
      - '519'
      Content-Type:
      - application/xml
      Date:
      - Mon, 20 Nov 2023 23:24:31 GMT
      ParameterSetName:
      - -t -n --account-name --account-key
      User-Agent:
      - AZURECLI/2.53.1 azsdk-python-data-tables/12.4.0 Python/3.8.10 (Windows-10-10.0.22631-SP0)
      x-ms-date:
      - Mon, 20 Nov 2023 23:24:31 GMT
      x-ms-version:
      - '2019-02-02'
    method: PUT
    uri: https://clitest000002.table.core.windows.net/table000003?comp=acl
  response:
    body:
      string: ''
    headers:
      content-length:
      - '0'
      date:
      - Mon, 20 Nov 2023 23:24:30 GMT
      server:
      - Windows-Azure-Table/1.0 Microsoft-HTTPAPI/2.0
      x-ms-version:
      - '2019-02-02'
    status:
      code: 204
      message: No Content
- request:
    body: null
    headers:
      Accept:
      - application/xml
      Accept-Encoding:
      - gzip, deflate
      CommandName:
      - storage table policy list
      Connection:
      - keep-alive
      Date:
      - Mon, 20 Nov 2023 23:24:31 GMT
      ParameterSetName:
      - -t --account-name --account-key
      User-Agent:
      - AZURECLI/2.53.1 azsdk-python-data-tables/12.4.0 Python/3.8.10 (Windows-10-10.0.22631-SP0)
      x-ms-date:
      - Mon, 20 Nov 2023 23:24:31 GMT
      x-ms-version:
      - '2019-02-02'
    method: GET
    uri: https://clitest000002.table.core.windows.net/table000003?comp=acl
  response:
    body:
      string: "\uFEFF<?xml version=\"1.0\" encoding=\"utf-8\"?><SignedIdentifiers><SignedIdentifier><Id>test2</Id><AccessPolicy><Start>2016-01-01T00:00:00.0000000Z</Start></AccessPolicy></SignedIdentifier><SignedIdentifier><Id>test3</Id><AccessPolicy><Expiry>2018-01-01T00:00:00.0000000Z</Expiry></AccessPolicy></SignedIdentifier><SignedIdentifier><Id>test4</Id><AccessPolicy><Start>2016-01-01T00:00:00.0000000Z</Start><Expiry>2016-05-01T00:00:00.0000000Z</Expiry><Permission>raud</Permission></AccessPolicy></SignedIdentifier></SignedIdentifiers>"
    headers:
      content-type:
      - application/xml
      date:
      - Mon, 20 Nov 2023 23:24:30 GMT
      server:
      - Windows-Azure-Table/1.0 Microsoft-HTTPAPI/2.0
      transfer-encoding:
      - chunked
      x-ms-version:
      - '2019-02-02'
    status:
      code: 200
      message: OK
- request:
    body: null
    headers:
      Accept:
      - application/json;odata=minimalmetadata
      Accept-Encoding:
      - gzip, deflate
      CommandName:
      - storage table delete
      Connection:
      - keep-alive
      DataServiceVersion:
      - '3.0'
      Date:
      - Mon, 20 Nov 2023 23:24:31 GMT
      ParameterSetName:
      - --name --fail-not-exist --account-name --account-key
      User-Agent:
      - AZURECLI/2.53.1 azsdk-python-data-tables/12.4.0 Python/3.8.10 (Windows-10-10.0.22631-SP0)
      x-ms-date:
      - Mon, 20 Nov 2023 23:24:31 GMT
      x-ms-version:
      - '2019-02-02'
    method: GET
    uri: https://clitest000002.table.core.windows.net/Tables?$filter=TableName%20eq%20%27table000003%27
  response:
    body:
      string: '{"odata.metadata":"https://clitest000002.table.core.windows.net/$metadata#Tables","value":[{"TableName":"table000003"}]}'
    headers:
      cache-control:
      - no-cache
      content-type:
      - application/json;odata=minimalmetadata;streaming=true;charset=utf-8
      date:
      - Mon, 20 Nov 2023 23:24:31 GMT
      server:
      - Windows-Azure-Table/1.0 Microsoft-HTTPAPI/2.0
      transfer-encoding:
      - chunked
      x-content-type-options:
      - nosniff
      x-ms-version:
      - '2019-02-02'
    status:
      code: 200
      message: OK
- request:
    body: null
    headers:
      Accept:
      - application/json
      Accept-Encoding:
      - gzip, deflate
      CommandName:
      - storage table delete
      Connection:
      - keep-alive
      Content-Length:
      - '0'
      Date:
      - Mon, 20 Nov 2023 23:24:31 GMT
      ParameterSetName:
      - --name --fail-not-exist --account-name --account-key
      User-Agent:
      - AZURECLI/2.53.1 azsdk-python-data-tables/12.4.0 Python/3.8.10 (Windows-10-10.0.22631-SP0)
      x-ms-date:
      - Mon, 20 Nov 2023 23:24:31 GMT
      x-ms-version:
      - '2019-02-02'
    method: DELETE
    uri: https://clitest000002.table.core.windows.net/Tables('table000003')
  response:
    body:
      string: ''
    headers:
      cache-control:
      - no-cache
      content-length:
      - '0'
      date:
      - Mon, 20 Nov 2023 23:24:31 GMT
      server:
      - Windows-Azure-Table/1.0 Microsoft-HTTPAPI/2.0
      x-content-type-options:
      - nosniff
      x-ms-version:
      - '2019-02-02'
    status:
      code: 204
      message: No Content
- request:
    body: null
    headers:
      Accept:
      - application/json;odata=minimalmetadata
      Accept-Encoding:
      - gzip, deflate
      CommandName:
      - storage table exists
      Connection:
      - keep-alive
      DataServiceVersion:
      - '3.0'
      Date:
      - Mon, 20 Nov 2023 23:24:32 GMT
      ParameterSetName:
      - -n --account-name --account-key
      User-Agent:
      - AZURECLI/2.53.1 azsdk-python-data-tables/12.4.0 Python/3.8.10 (Windows-10-10.0.22631-SP0)
      x-ms-date:
      - Mon, 20 Nov 2023 23:24:32 GMT
      x-ms-version:
      - '2019-02-02'
    method: GET
    uri: https://clitest000002.table.core.windows.net/Tables?$filter=TableName%20eq%20%27table000003%27
  response:
    body:
      string: '{"odata.metadata":"https://clitest000002.table.core.windows.net/$metadata#Tables","value":[]}'
    headers:
      cache-control:
      - no-cache
      content-type:
      - application/json;odata=minimalmetadata;streaming=true;charset=utf-8
      date:
      - Mon, 20 Nov 2023 23:24:31 GMT
      server:
      - Windows-Azure-Table/1.0 Microsoft-HTTPAPI/2.0
      transfer-encoding:
      - chunked
      x-content-type-options:
      - nosniff
      x-ms-version:
      - '2019-02-02'
    status:
      code: 200
      message: OK
- request:
    body: null
    headers:
      Accept:
      - application/xml
      Accept-Encoding:
      - gzip, deflate
      CommandName:
      - storage table stats
      Connection:
      - keep-alive
      Date:
      - Mon, 20 Nov 2023 23:29:32 GMT
      ParameterSetName:
      - --account-name --account-key
      User-Agent:
      - AZURECLI/2.53.1 azsdk-python-data-tables/12.4.0 Python/3.8.10 (Windows-10-10.0.22631-SP0)
      x-ms-date:
      - Mon, 20 Nov 2023 23:29:32 GMT
      x-ms-version:
      - '2019-02-02'
    method: GET
    uri: https://clitest000002-secondary.table.core.windows.net/?restype=service&comp=stats
  response:
    body:
      string: "\uFEFF<?xml version=\"1.0\" encoding=\"utf-8\"?><StorageServiceStats><GeoReplication><Status>live</Status><LastSyncTime>Mon,
        20 Nov 2023 23:26:13 GMT</LastSyncTime></GeoReplication></StorageServiceStats>"
    headers:
      content-type:
      - application/xml
      date:
      - Mon, 20 Nov 2023 23:29:31 GMT
      server:
      - Windows-Azure-Table/1.0 Microsoft-HTTPAPI/2.0
      transfer-encoding:
      - chunked
      x-ms-version:
      - '2019-02-02'
    status:
      code: 200
      message: OK
version: 1
