interactions:
- request:
    body: null
    headers:
      Accept:
      - application/json
      Accept-Encoding:
      - gzip, deflate
      CommandName:
      - storage account create
      Connection:
      - keep-alive
      ParameterSetName:
      - -n -g --routing-choice --publish-microsoft-endpoint
      User-Agent:
      - python/3.8.6 (Windows-10-10.0.19041-SP0) msrest/0.6.18 msrest_azure/0.6.3
        azure-mgmt-resource/12.0.0 Azure-SDK-For-Python AZURECLI/2.16.0
      accept-language:
      - en-US
    method: GET
    uri: https://management.azure.com/subscriptions/00000000-0000-0000-0000-000000000000/resourcegroups/cli_storage_account_routing000001?api-version=2020-10-01
  response:
    body:
      string: '{"id":"/subscriptions/00000000-0000-0000-0000-000000000000/resourceGroups/cli_storage_account_routing000001","name":"cli_storage_account_routing000001","type":"Microsoft.Resources/resourceGroups","location":"eastus","tags":{"product":"azurecli","cause":"automation","date":"2020-12-18T14:07:56Z"},"properties":{"provisioningState":"Succeeded"}}'
    headers:
      cache-control:
      - no-cache
      content-length:
      - '428'
      content-type:
      - application/json; charset=utf-8
      date:
      - Fri, 18 Dec 2020 14:07:57 GMT
      expires:
      - '-1'
      pragma:
      - no-cache
      strict-transport-security:
      - max-age=31536000; includeSubDomains
      vary:
      - Accept-Encoding
      x-content-type-options:
      - nosniff
    status:
      code: 200
      message: OK
- request:
    body: '{"sku": {"name": "Standard_RAGRS"}, "kind": "StorageV2", "location": "eastus",
      "properties": {"encryption": {"services": {"blob": {}}, "keySource": "Microsoft.Storage"},
      "routingPreference": {"routingChoice": "MicrosoftRouting", "publishMicrosoftEndpoints":
      true}}}'
    headers:
      Accept:
      - application/json
      Accept-Encoding:
      - gzip, deflate
      CommandName:
      - storage account create
      Connection:
      - keep-alive
      Content-Length:
      - '265'
      Content-Type:
      - application/json
      ParameterSetName:
      - -n -g --routing-choice --publish-microsoft-endpoint
      User-Agent:
      - AZURECLI/2.16.0 azsdk-python-azure-mgmt-storage/16.0.0 Python/3.8.6 (Windows-10-10.0.19041-SP0)
    method: PUT
    uri: https://management.azure.com/subscriptions/00000000-0000-0000-0000-000000000000/resourceGroups/cli_storage_account_routing000001/providers/Microsoft.Storage/storageAccounts/clirouting000002?api-version=2019-06-01
  response:
    body:
      string: ''
    headers:
      cache-control:
      - no-cache
      content-length:
      - '0'
      content-type:
      - text/plain; charset=utf-8
      date:
      - Fri, 18 Dec 2020 14:07:59 GMT
      expires:
      - '-1'
      location:
      - https://management.azure.com/subscriptions/00000000-0000-0000-0000-000000000000/providers/Microsoft.Storage/locations/eastus/asyncoperations/cc352240-93b9-4e3e-bf51-7aee311012a6?monitor=true&api-version=2019-06-01
      pragma:
      - no-cache
      server:
      - Microsoft-Azure-Storage-Resource-Provider/1.0,Microsoft-HTTPAPI/2.0 Microsoft-HTTPAPI/2.0
      strict-transport-security:
      - max-age=31536000; includeSubDomains
      x-content-type-options:
      - nosniff
      x-ms-ratelimit-remaining-subscription-writes:
      - '1199'
    status:
      code: 202
      message: Accepted
- request:
    body: null
    headers:
      Accept:
      - '*/*'
      Accept-Encoding:
      - gzip, deflate
      CommandName:
      - storage account create
      Connection:
      - keep-alive
      ParameterSetName:
      - -n -g --routing-choice --publish-microsoft-endpoint
      User-Agent:
      - AZURECLI/2.16.0 azsdk-python-azure-mgmt-storage/16.0.0 Python/3.8.6 (Windows-10-10.0.19041-SP0)
    method: GET
    uri: https://management.azure.com/subscriptions/00000000-0000-0000-0000-000000000000/providers/Microsoft.Storage/locations/eastus/asyncoperations/cc352240-93b9-4e3e-bf51-7aee311012a6?monitor=true&api-version=2019-06-01
  response:
    body:
      string: '{"sku":{"name":"Standard_RAGRS","tier":"Standard"},"kind":"StorageV2","id":"/subscriptions/00000000-0000-0000-0000-000000000000/resourceGroups/cli_storage_account_routing000001/providers/Microsoft.Storage/storageAccounts/clirouting000002","name":"clirouting000002","type":"Microsoft.Storage/storageAccounts","location":"eastus","tags":{},"properties":{"privateEndpointConnections":[],"routingPreference":{"routingChoice":"MicrosoftRouting","publishMicrosoftEndpoints":true},"networkAcls":{"bypass":"AzureServices","virtualNetworkRules":[],"ipRules":[],"defaultAction":"Allow"},"supportsHttpsTrafficOnly":true,"encryption":{"services":{"file":{"keyType":"Account","enabled":true,"lastEnabledTime":"2020-12-18T14:07:59.9464026Z"},"blob":{"keyType":"Account","enabled":true,"lastEnabledTime":"2020-12-18T14:07:59.9464026Z"}},"keySource":"Microsoft.Storage"},"accessTier":"Hot","provisioningState":"Succeeded","creationTime":"2020-12-18T14:07:59.8370531Z","primaryEndpoints":{"microsoftEndpoints":{"dfs":"https://clirouting000002-microsoftrouting.dfs.core.windows.net/","web":"https://clirouting000002-microsoftrouting.z13.web.core.windows.net/","blob":"https://clirouting000002-microsoftrouting.blob.core.windows.net/","queue":"https://clirouting000002-microsoftrouting.queue.core.windows.net/","table":"https://clirouting000002-microsoftrouting.table.core.windows.net/","file":"https://clirouting000002-microsoftrouting.file.core.windows.net/"},"dfs":"https://clirouting000002.dfs.core.windows.net/","web":"https://clirouting000002.z13.web.core.windows.net/","blob":"https://clirouting000002.blob.core.windows.net/","queue":"https://clirouting000002.queue.core.windows.net/","table":"https://clirouting000002.table.core.windows.net/","file":"https://clirouting000002.file.core.windows.net/"},"primaryLocation":"eastus","statusOfPrimary":"available","secondaryLocation":"westus","statusOfSecondary":"available","secondaryEndpoints":{"microsoftEndpoints":{"dfs":"https://clirouting000002-microsoftrouting-secondary.dfs.core.windows.net/","web":"https://clirouting000002-microsoftrouting-secondary.z13.web.core.windows.net/","blob":"https://clirouting000002-microsoftrouting-secondary.blob.core.windows.net/","queue":"https://clirouting000002-microsoftrouting-secondary.queue.core.windows.net/","table":"https://clirouting000002-microsoftrouting-secondary.table.core.windows.net/"},"dfs":"https://clirouting000002-secondary.dfs.core.windows.net/","web":"https://clirouting000002-secondary.z13.web.core.windows.net/","blob":"https://clirouting000002-secondary.blob.core.windows.net/","queue":"https://clirouting000002-secondary.queue.core.windows.net/","table":"https://clirouting000002-secondary.table.core.windows.net/"}}}'
    headers:
      cache-control:
      - no-cache
      content-length:
      - '2952'
      content-type:
      - application/json
      date:
      - Fri, 18 Dec 2020 14:08:16 GMT
      expires:
      - '-1'
      pragma:
      - no-cache
      server:
      - Microsoft-Azure-Storage-Resource-Provider/1.0,Microsoft-HTTPAPI/2.0 Microsoft-HTTPAPI/2.0
      strict-transport-security:
      - max-age=31536000; includeSubDomains
      transfer-encoding:
      - chunked
      vary:
      - Accept-Encoding
      x-content-type-options:
      - nosniff
    status:
      code: 200
      message: OK
- request:
    body: null
    headers:
      Accept:
      - application/json
      Accept-Encoding:
      - gzip, deflate
      CommandName:
      - storage account update
      Connection:
      - keep-alive
      ParameterSetName:
      - -n -g --routing-choice --publish-microsoft-endpoint --publish-internet-endpoint
      User-Agent:
      - AZURECLI/2.16.0 azsdk-python-azure-mgmt-storage/16.0.0 Python/3.8.6 (Windows-10-10.0.19041-SP0)
    method: GET
    uri: https://management.azure.com/subscriptions/00000000-0000-0000-0000-000000000000/resourceGroups/cli_storage_account_routing000001/providers/Microsoft.Storage/storageAccounts/clirouting000002?api-version=2019-06-01
  response:
    body:
      string: '{"sku":{"name":"Standard_RAGRS","tier":"Standard"},"kind":"StorageV2","id":"/subscriptions/00000000-0000-0000-0000-000000000000/resourceGroups/cli_storage_account_routing000001/providers/Microsoft.Storage/storageAccounts/clirouting000002","name":"clirouting000002","type":"Microsoft.Storage/storageAccounts","location":"eastus","tags":{},"properties":{"privateEndpointConnections":[],"routingPreference":{"routingChoice":"MicrosoftRouting","publishMicrosoftEndpoints":true},"networkAcls":{"bypass":"AzureServices","virtualNetworkRules":[],"ipRules":[],"defaultAction":"Allow"},"supportsHttpsTrafficOnly":true,"encryption":{"services":{"file":{"keyType":"Account","enabled":true,"lastEnabledTime":"2020-12-18T14:07:59.9464026Z"},"blob":{"keyType":"Account","enabled":true,"lastEnabledTime":"2020-12-18T14:07:59.9464026Z"}},"keySource":"Microsoft.Storage"},"accessTier":"Hot","provisioningState":"Succeeded","creationTime":"2020-12-18T14:07:59.8370531Z","primaryEndpoints":{"microsoftEndpoints":{"dfs":"https://clirouting000002-microsoftrouting.dfs.core.windows.net/","web":"https://clirouting000002-microsoftrouting.z13.web.core.windows.net/","blob":"https://clirouting000002-microsoftrouting.blob.core.windows.net/","queue":"https://clirouting000002-microsoftrouting.queue.core.windows.net/","table":"https://clirouting000002-microsoftrouting.table.core.windows.net/","file":"https://clirouting000002-microsoftrouting.file.core.windows.net/"},"dfs":"https://clirouting000002.dfs.core.windows.net/","web":"https://clirouting000002.z13.web.core.windows.net/","blob":"https://clirouting000002.blob.core.windows.net/","queue":"https://clirouting000002.queue.core.windows.net/","table":"https://clirouting000002.table.core.windows.net/","file":"https://clirouting000002.file.core.windows.net/"},"primaryLocation":"eastus","statusOfPrimary":"available","secondaryLocation":"westus","statusOfSecondary":"available","secondaryEndpoints":{"microsoftEndpoints":{"dfs":"https://clirouting000002-microsoftrouting-secondary.dfs.core.windows.net/","web":"https://clirouting000002-microsoftrouting-secondary.z13.web.core.windows.net/","blob":"https://clirouting000002-microsoftrouting-secondary.blob.core.windows.net/","queue":"https://clirouting000002-microsoftrouting-secondary.queue.core.windows.net/","table":"https://clirouting000002-microsoftrouting-secondary.table.core.windows.net/"},"dfs":"https://clirouting000002-secondary.dfs.core.windows.net/","web":"https://clirouting000002-secondary.z13.web.core.windows.net/","blob":"https://clirouting000002-secondary.blob.core.windows.net/","queue":"https://clirouting000002-secondary.queue.core.windows.net/","table":"https://clirouting000002-secondary.table.core.windows.net/"}}}'
    headers:
      cache-control:
      - no-cache
      content-length:
      - '2952'
      content-type:
      - application/json
      date:
      - Fri, 18 Dec 2020 14:08:18 GMT
      expires:
      - '-1'
      pragma:
      - no-cache
      server:
      - Microsoft-Azure-Storage-Resource-Provider/1.0,Microsoft-HTTPAPI/2.0 Microsoft-HTTPAPI/2.0
      strict-transport-security:
      - max-age=31536000; includeSubDomains
      transfer-encoding:
      - chunked
      vary:
      - Accept-Encoding
      x-content-type-options:
      - nosniff
    status:
      code: 200
      message: OK
- request:
    body: '{"sku": {"name": "Standard_RAGRS"}, "tags": {}, "properties": {"encryption":
      {"services": {"blob": {"enabled": true, "keyType": "Account"}, "file": {"enabled":
      true, "keyType": "Account"}}, "keySource": "Microsoft.Storage"}, "accessTier":
      "Hot", "supportsHttpsTrafficOnly": true, "networkAcls": {"bypass": "AzureServices",
      "virtualNetworkRules": [], "ipRules": [], "defaultAction": "Allow"}, "routingPreference":
      {"routingChoice": "InternetRouting", "publishMicrosoftEndpoints": false, "publishInternetEndpoints":
      true}}}'
    headers:
      Accept:
      - application/json
      Accept-Encoding:
      - gzip, deflate
      CommandName:
      - storage account update
      Connection:
      - keep-alive
      Content-Length:
      - '521'
      Content-Type:
      - application/json
      ParameterSetName:
      - -n -g --routing-choice --publish-microsoft-endpoint --publish-internet-endpoint
      User-Agent:
      - AZURECLI/2.16.0 azsdk-python-azure-mgmt-storage/16.0.0 Python/3.8.6 (Windows-10-10.0.19041-SP0)
    method: PATCH
    uri: https://management.azure.com/subscriptions/00000000-0000-0000-0000-000000000000/resourceGroups/cli_storage_account_routing000001/providers/Microsoft.Storage/storageAccounts/clirouting000002?api-version=2019-06-01
  response:
    body:
      string: '{"sku":{"name":"Standard_RAGRS","tier":"Standard"},"kind":"StorageV2","id":"/subscriptions/00000000-0000-0000-0000-000000000000/resourceGroups/cli_storage_account_routing000001/providers/Microsoft.Storage/storageAccounts/clirouting000002","name":"clirouting000002","type":"Microsoft.Storage/storageAccounts","location":"eastus","tags":{},"properties":{"privateEndpointConnections":[],"routingPreference":{"routingChoice":"InternetRouting","publishMicrosoftEndpoints":false,"publishInternetEndpoints":true},"networkAcls":{"bypass":"AzureServices","virtualNetworkRules":[],"ipRules":[],"defaultAction":"Allow"},"supportsHttpsTrafficOnly":true,"encryption":{"services":{"file":{"keyType":"Account","enabled":true,"lastEnabledTime":"2020-12-18T14:07:59.9464026Z"},"blob":{"keyType":"Account","enabled":true,"lastEnabledTime":"2020-12-18T14:07:59.9464026Z"}},"keySource":"Microsoft.Storage"},"accessTier":"Hot","provisioningState":"Succeeded","creationTime":"2020-12-18T14:07:59.8370531Z","primaryEndpoints":{"internetEndpoints":{"blob":"https://clirouting000002-internetrouting.blob.core.windows.net/","file":"https://clirouting000002-internetrouting.file.core.windows.net/","dfs":"https://clirouting000002-internetrouting.dfs.core.windows.net/","web":"https://clirouting000002-internetrouting.z13.web.core.windows.net/"},"dfs":"https://clirouting000002.dfs.core.windows.net/","web":"https://clirouting000002.z13.web.core.windows.net/","blob":"https://clirouting000002.blob.core.windows.net/","queue":"https://clirouting000002.queue.core.windows.net/","table":"https://clirouting000002.table.core.windows.net/","file":"https://clirouting000002.file.core.windows.net/"},"primaryLocation":"eastus","statusOfPrimary":"available","secondaryLocation":"westus","statusOfSecondary":"available","secondaryEndpoints":{"internetEndpoints":{"blob":"https://clirouting000002-internetrouting-secondary.blob.core.windows.net/","dfs":"https://clirouting000002-internetrouting-secondary.dfs.core.windows.net/","web":"https://clirouting000002-internetrouting-secondary.z13.web.core.windows.net/"},"dfs":"https://clirouting000002-secondary.dfs.core.windows.net/","web":"https://clirouting000002-secondary.z13.web.core.windows.net/","blob":"https://clirouting000002-secondary.blob.core.windows.net/","queue":"https://clirouting000002-secondary.queue.core.windows.net/","table":"https://clirouting000002-secondary.table.core.windows.net/"}}}'
    headers:
      cache-control:
      - no-cache
      content-length:
      - '2619'
      content-type:
      - application/json
      date:
      - Fri, 18 Dec 2020 14:08:21 GMT
      expires:
      - '-1'
      pragma:
      - no-cache
      server:
      - Microsoft-Azure-Storage-Resource-Provider/1.0,Microsoft-HTTPAPI/2.0 Microsoft-HTTPAPI/2.0
      strict-transport-security:
      - max-age=31536000; includeSubDomains
      transfer-encoding:
      - chunked
      vary:
      - Accept-Encoding
      x-content-type-options:
      - nosniff
      x-ms-ratelimit-remaining-subscription-writes:
      - '1199'
    status:
      code: 200
      message: OK
- request:
    body: null
    headers:
      Accept:
      - application/json
      Accept-Encoding:
      - gzip, deflate
      CommandName:
      - storage account create
      Connection:
      - keep-alive
      ParameterSetName:
      - -n -g --routing-choice --publish-internet-endpoints --publish-microsoft-endpoints
      User-Agent:
      - python/3.8.6 (Windows-10-10.0.19041-SP0) msrest/0.6.18 msrest_azure/0.6.3
        azure-mgmt-resource/12.0.0 Azure-SDK-For-Python AZURECLI/2.16.0
      accept-language:
      - en-US
    method: GET
    uri: https://management.azure.com/subscriptions/00000000-0000-0000-0000-000000000000/resourcegroups/cli_storage_account_routing000001?api-version=2020-10-01
  response:
    body:
      string: '{"id":"/subscriptions/00000000-0000-0000-0000-000000000000/resourceGroups/cli_storage_account_routing000001","name":"cli_storage_account_routing000001","type":"Microsoft.Resources/resourceGroups","location":"eastus","tags":{"product":"azurecli","cause":"automation","date":"2020-12-18T14:07:56Z"},"properties":{"provisioningState":"Succeeded"}}'
    headers:
      cache-control:
      - no-cache
      content-length:
      - '428'
      content-type:
      - application/json; charset=utf-8
      date:
      - Fri, 18 Dec 2020 14:08:22 GMT
      expires:
      - '-1'
      pragma:
      - no-cache
      strict-transport-security:
      - max-age=31536000; includeSubDomains
      vary:
      - Accept-Encoding
      x-content-type-options:
      - nosniff
    status:
      code: 200
      message: OK
- request:
    body: '{"sku": {"name": "Standard_RAGRS"}, "kind": "StorageV2", "location": "eastus",
      "properties": {"encryption": {"services": {"blob": {}}, "keySource": "Microsoft.Storage"},
      "routingPreference": {"routingChoice": "InternetRouting", "publishMicrosoftEndpoints":
      false, "publishInternetEndpoints": true}}}'
    headers:
      Accept:
      - application/json
      Accept-Encoding:
      - gzip, deflate
      CommandName:
      - storage account create
      Connection:
      - keep-alive
      Content-Length:
      - '299'
      Content-Type:
      - application/json
      ParameterSetName:
      - -n -g --routing-choice --publish-internet-endpoints --publish-microsoft-endpoints
      User-Agent:
      - AZURECLI/2.16.0 azsdk-python-azure-mgmt-storage/16.0.0 Python/3.8.6 (Windows-10-10.0.19041-SP0)
    method: PUT
    uri: https://management.azure.com/subscriptions/00000000-0000-0000-0000-000000000000/resourceGroups/cli_storage_account_routing000001/providers/Microsoft.Storage/storageAccounts/clirouting000003?api-version=2019-06-01
  response:
    body:
      string: ''
    headers:
      cache-control:
      - no-cache
      content-length:
      - '0'
      content-type:
      - text/plain; charset=utf-8
      date:
      - Fri, 18 Dec 2020 14:08:24 GMT
      expires:
      - '-1'
      location:
      - https://management.azure.com/subscriptions/00000000-0000-0000-0000-000000000000/providers/Microsoft.Storage/locations/eastus/asyncoperations/df187c85-e4a6-4ef7-a042-e2795752e621?monitor=true&api-version=2019-06-01
      pragma:
      - no-cache
      server:
      - Microsoft-Azure-Storage-Resource-Provider/1.0,Microsoft-HTTPAPI/2.0 Microsoft-HTTPAPI/2.0
      strict-transport-security:
      - max-age=31536000; includeSubDomains
      x-content-type-options:
      - nosniff
      x-ms-ratelimit-remaining-subscription-writes:
      - '1199'
    status:
      code: 202
      message: Accepted
- request:
    body: null
    headers:
      Accept:
      - '*/*'
      Accept-Encoding:
      - gzip, deflate
      CommandName:
      - storage account create
      Connection:
      - keep-alive
      ParameterSetName:
      - -n -g --routing-choice --publish-internet-endpoints --publish-microsoft-endpoints
      User-Agent:
      - AZURECLI/2.16.0 azsdk-python-azure-mgmt-storage/16.0.0 Python/3.8.6 (Windows-10-10.0.19041-SP0)
    method: GET
    uri: https://management.azure.com/subscriptions/00000000-0000-0000-0000-000000000000/providers/Microsoft.Storage/locations/eastus/asyncoperations/df187c85-e4a6-4ef7-a042-e2795752e621?monitor=true&api-version=2019-06-01
  response:
    body:
      string: '{"sku":{"name":"Standard_RAGRS","tier":"Standard"},"kind":"StorageV2","id":"/subscriptions/00000000-0000-0000-0000-000000000000/resourceGroups/cli_storage_account_routing000001/providers/Microsoft.Storage/storageAccounts/clirouting000003","name":"clirouting000003","type":"Microsoft.Storage/storageAccounts","location":"eastus","tags":{},"properties":{"privateEndpointConnections":[],"routingPreference":{"routingChoice":"InternetRouting","publishMicrosoftEndpoints":false,"publishInternetEndpoints":true},"networkAcls":{"bypass":"AzureServices","virtualNetworkRules":[],"ipRules":[],"defaultAction":"Allow"},"supportsHttpsTrafficOnly":true,"encryption":{"services":{"file":{"keyType":"Account","enabled":true,"lastEnabledTime":"2020-12-18T14:08:23.9620665Z"},"blob":{"keyType":"Account","enabled":true,"lastEnabledTime":"2020-12-18T14:08:23.9620665Z"}},"keySource":"Microsoft.Storage"},"accessTier":"Hot","provisioningState":"Succeeded","creationTime":"2020-12-18T14:08:23.8839119Z","primaryEndpoints":{"internetEndpoints":{"blob":"https://clirouting000003-internetrouting.blob.core.windows.net/","file":"https://clirouting000003-internetrouting.file.core.windows.net/","dfs":"https://clirouting000003-internetrouting.dfs.core.windows.net/","web":"https://clirouting000003-internetrouting.z13.web.core.windows.net/"},"dfs":"https://clirouting000003.dfs.core.windows.net/","web":"https://clirouting000003.z13.web.core.windows.net/","blob":"https://clirouting000003.blob.core.windows.net/","queue":"https://clirouting000003.queue.core.windows.net/","table":"https://clirouting000003.table.core.windows.net/","file":"https://clirouting000003.file.core.windows.net/"},"primaryLocation":"eastus","statusOfPrimary":"available","secondaryLocation":"westus","statusOfSecondary":"available","secondaryEndpoints":{"internetEndpoints":{"blob":"https://clirouting000003-internetrouting-secondary.blob.core.windows.net/","dfs":"https://clirouting000003-internetrouting-secondary.dfs.core.windows.net/","web":"https://clirouting000003-internetrouting-secondary.z13.web.core.windows.net/"},"dfs":"https://clirouting000003-secondary.dfs.core.windows.net/","web":"https://clirouting000003-secondary.z13.web.core.windows.net/","blob":"https://clirouting000003-secondary.blob.core.windows.net/","queue":"https://clirouting000003-secondary.queue.core.windows.net/","table":"https://clirouting000003-secondary.table.core.windows.net/"}}}'
    headers:
      cache-control:
      - no-cache
      content-length:
      - '2619'
      content-type:
      - application/json
      date:
      - Fri, 18 Dec 2020 14:08:41 GMT
      expires:
      - '-1'
      pragma:
      - no-cache
      server:
      - Microsoft-Azure-Storage-Resource-Provider/1.0,Microsoft-HTTPAPI/2.0 Microsoft-HTTPAPI/2.0
      strict-transport-security:
      - max-age=31536000; includeSubDomains
      transfer-encoding:
      - chunked
      vary:
      - Accept-Encoding
      x-content-type-options:
      - nosniff
    status:
      code: 200
      message: OK
- request:
    body: null
    headers:
      Accept:
      - application/json
      Accept-Encoding:
      - gzip, deflate
      CommandName:
      - storage account update
      Connection:
      - keep-alive
      ParameterSetName:
      - -n -g --routing-choice
      User-Agent:
      - AZURECLI/2.16.0 azsdk-python-azure-mgmt-storage/16.0.0 Python/3.8.6 (Windows-10-10.0.19041-SP0)
    method: GET
    uri: https://management.azure.com/subscriptions/00000000-0000-0000-0000-000000000000/resourceGroups/cli_storage_account_routing000001/providers/Microsoft.Storage/storageAccounts/clirouting000003?api-version=2019-06-01
  response:
    body:
      string: '{"sku":{"name":"Standard_RAGRS","tier":"Standard"},"kind":"StorageV2","id":"/subscriptions/00000000-0000-0000-0000-000000000000/resourceGroups/cli_storage_account_routing000001/providers/Microsoft.Storage/storageAccounts/clirouting000003","name":"clirouting000003","type":"Microsoft.Storage/storageAccounts","location":"eastus","tags":{},"properties":{"privateEndpointConnections":[],"routingPreference":{"routingChoice":"InternetRouting","publishMicrosoftEndpoints":false,"publishInternetEndpoints":true},"networkAcls":{"bypass":"AzureServices","virtualNetworkRules":[],"ipRules":[],"defaultAction":"Allow"},"supportsHttpsTrafficOnly":true,"encryption":{"services":{"file":{"keyType":"Account","enabled":true,"lastEnabledTime":"2020-12-18T14:08:23.9620665Z"},"blob":{"keyType":"Account","enabled":true,"lastEnabledTime":"2020-12-18T14:08:23.9620665Z"}},"keySource":"Microsoft.Storage"},"accessTier":"Hot","provisioningState":"Succeeded","creationTime":"2020-12-18T14:08:23.8839119Z","primaryEndpoints":{"internetEndpoints":{"blob":"https://clirouting000003-internetrouting.blob.core.windows.net/","file":"https://clirouting000003-internetrouting.file.core.windows.net/","dfs":"https://clirouting000003-internetrouting.dfs.core.windows.net/","web":"https://clirouting000003-internetrouting.z13.web.core.windows.net/"},"dfs":"https://clirouting000003.dfs.core.windows.net/","web":"https://clirouting000003.z13.web.core.windows.net/","blob":"https://clirouting000003.blob.core.windows.net/","queue":"https://clirouting000003.queue.core.windows.net/","table":"https://clirouting000003.table.core.windows.net/","file":"https://clirouting000003.file.core.windows.net/"},"primaryLocation":"eastus","statusOfPrimary":"available","secondaryLocation":"westus","statusOfSecondary":"available","secondaryEndpoints":{"internetEndpoints":{"blob":"https://clirouting000003-internetrouting-secondary.blob.core.windows.net/","dfs":"https://clirouting000003-internetrouting-secondary.dfs.core.windows.net/","web":"https://clirouting000003-internetrouting-secondary.z13.web.core.windows.net/"},"dfs":"https://clirouting000003-secondary.dfs.core.windows.net/","web":"https://clirouting000003-secondary.z13.web.core.windows.net/","blob":"https://clirouting000003-secondary.blob.core.windows.net/","queue":"https://clirouting000003-secondary.queue.core.windows.net/","table":"https://clirouting000003-secondary.table.core.windows.net/"}}}'
    headers:
      cache-control:
      - no-cache
      content-length:
      - '2619'
      content-type:
      - application/json
      date:
      - Fri, 18 Dec 2020 14:08:43 GMT
      expires:
      - '-1'
      pragma:
      - no-cache
      server:
      - Microsoft-Azure-Storage-Resource-Provider/1.0,Microsoft-HTTPAPI/2.0 Microsoft-HTTPAPI/2.0
      strict-transport-security:
      - max-age=31536000; includeSubDomains
      transfer-encoding:
      - chunked
      vary:
      - Accept-Encoding
      x-content-type-options:
      - nosniff
    status:
      code: 200
      message: OK
- request:
    body: '{"sku": {"name": "Standard_RAGRS"}, "tags": {}, "properties": {"encryption":
      {"services": {"blob": {"enabled": true, "keyType": "Account"}, "file": {"enabled":
      true, "keyType": "Account"}}, "keySource": "Microsoft.Storage"}, "accessTier":
      "Hot", "supportsHttpsTrafficOnly": true, "networkAcls": {"bypass": "AzureServices",
      "virtualNetworkRules": [], "ipRules": [], "defaultAction": "Allow"}, "routingPreference":
      {"routingChoice": "MicrosoftRouting"}}}'
    headers:
      Accept:
      - application/json
      Accept-Encoding:
      - gzip, deflate
      CommandName:
      - storage account update
      Connection:
      - keep-alive
      Content-Length:
      - '452'
      Content-Type:
      - application/json
      ParameterSetName:
      - -n -g --routing-choice
      User-Agent:
      - AZURECLI/2.16.0 azsdk-python-azure-mgmt-storage/16.0.0 Python/3.8.6 (Windows-10-10.0.19041-SP0)
    method: PATCH
    uri: https://management.azure.com/subscriptions/00000000-0000-0000-0000-000000000000/resourceGroups/cli_storage_account_routing000001/providers/Microsoft.Storage/storageAccounts/clirouting000003?api-version=2019-06-01
  response:
    body:
      string: '{"sku":{"name":"Standard_RAGRS","tier":"Standard"},"kind":"StorageV2","id":"/subscriptions/00000000-0000-0000-0000-000000000000/resourceGroups/cli_storage_account_routing000001/providers/Microsoft.Storage/storageAccounts/clirouting000003","name":"clirouting000003","type":"Microsoft.Storage/storageAccounts","location":"eastus","tags":{},"properties":{"privateEndpointConnections":[],"routingPreference":{"routingChoice":"MicrosoftRouting","publishMicrosoftEndpoints":false,"publishInternetEndpoints":true},"networkAcls":{"bypass":"AzureServices","virtualNetworkRules":[],"ipRules":[],"defaultAction":"Allow"},"supportsHttpsTrafficOnly":true,"encryption":{"services":{"file":{"keyType":"Account","enabled":true,"lastEnabledTime":"2020-12-18T14:08:23.9620665Z"},"blob":{"keyType":"Account","enabled":true,"lastEnabledTime":"2020-12-18T14:08:23.9620665Z"}},"keySource":"Microsoft.Storage"},"accessTier":"Hot","provisioningState":"Succeeded","creationTime":"2020-12-18T14:08:23.8839119Z","primaryEndpoints":{"internetEndpoints":{"blob":"https://clirouting000003-internetrouting.blob.core.windows.net/","file":"https://clirouting000003-internetrouting.file.core.windows.net/","dfs":"https://clirouting000003-internetrouting.dfs.core.windows.net/","web":"https://clirouting000003-internetrouting.z13.web.core.windows.net/"},"dfs":"https://clirouting000003.dfs.core.windows.net/","web":"https://clirouting000003.z13.web.core.windows.net/","blob":"https://clirouting000003.blob.core.windows.net/","queue":"https://clirouting000003.queue.core.windows.net/","table":"https://clirouting000003.table.core.windows.net/","file":"https://clirouting000003.file.core.windows.net/"},"primaryLocation":"eastus","statusOfPrimary":"available","secondaryLocation":"westus","statusOfSecondary":"available","secondaryEndpoints":{"internetEndpoints":{"blob":"https://clirouting000003-internetrouting-secondary.blob.core.windows.net/","dfs":"https://clirouting000003-internetrouting-secondary.dfs.core.windows.net/","web":"https://clirouting000003-internetrouting-secondary.z13.web.core.windows.net/"},"dfs":"https://clirouting000003-secondary.dfs.core.windows.net/","web":"https://clirouting000003-secondary.z13.web.core.windows.net/","blob":"https://clirouting000003-secondary.blob.core.windows.net/","queue":"https://clirouting000003-secondary.queue.core.windows.net/","table":"https://clirouting000003-secondary.table.core.windows.net/"}}}'
    headers:
      cache-control:
      - no-cache
      content-length:
      - '2620'
      content-type:
      - application/json
      date:
      - Fri, 18 Dec 2020 14:08:45 GMT
      expires:
      - '-1'
      pragma:
      - no-cache
      server:
      - Microsoft-Azure-Storage-Resource-Provider/1.0,Microsoft-HTTPAPI/2.0 Microsoft-HTTPAPI/2.0
      strict-transport-security:
      - max-age=31536000; includeSubDomains
      transfer-encoding:
      - chunked
      vary:
      - Accept-Encoding
      x-content-type-options:
      - nosniff
      x-ms-ratelimit-remaining-subscription-writes:
      - '1199'
    status:
      code: 200
      message: OK
- request:
    body: null
    headers:
      Accept:
      - application/json
      Accept-Encoding:
      - gzip, deflate
      CommandName:
      - storage account create
      Connection:
      - keep-alive
      ParameterSetName:
      - -n -g
      User-Agent:
      - python/3.8.6 (Windows-10-10.0.19041-SP0) msrest/0.6.18 msrest_azure/0.6.3
        azure-mgmt-resource/12.0.0 Azure-SDK-For-Python AZURECLI/2.16.0
      accept-language:
      - en-US
    method: GET
    uri: https://management.azure.com/subscriptions/00000000-0000-0000-0000-000000000000/resourcegroups/cli_storage_account_routing000001?api-version=2020-10-01
  response:
    body:
      string: '{"id":"/subscriptions/00000000-0000-0000-0000-000000000000/resourceGroups/cli_storage_account_routing000001","name":"cli_storage_account_routing000001","type":"Microsoft.Resources/resourceGroups","location":"eastus","tags":{"product":"azurecli","cause":"automation","date":"2020-12-18T14:07:56Z"},"properties":{"provisioningState":"Succeeded"}}'
    headers:
      cache-control:
      - no-cache
      content-length:
      - '428'
      content-type:
      - application/json; charset=utf-8
      date:
      - Fri, 18 Dec 2020 14:08:45 GMT
      expires:
      - '-1'
      pragma:
      - no-cache
      strict-transport-security:
      - max-age=31536000; includeSubDomains
      vary:
      - Accept-Encoding
      x-content-type-options:
      - nosniff
    status:
      code: 200
      message: OK
- request:
    body: '{"sku": {"name": "Standard_RAGRS"}, "kind": "StorageV2", "location": "eastus",
      "properties": {"encryption": {"services": {"blob": {}}, "keySource": "Microsoft.Storage"}}}'
    headers:
      Accept:
      - application/json
      Accept-Encoding:
      - gzip, deflate
      CommandName:
      - storage account create
      Connection:
      - keep-alive
      Content-Length:
      - '170'
      Content-Type:
      - application/json
      ParameterSetName:
      - -n -g
      User-Agent:
      - AZURECLI/2.16.0 azsdk-python-azure-mgmt-storage/16.0.0 Python/3.8.6 (Windows-10-10.0.19041-SP0)
    method: PUT
    uri: https://management.azure.com/subscriptions/00000000-0000-0000-0000-000000000000/resourceGroups/cli_storage_account_routing000001/providers/Microsoft.Storage/storageAccounts/clirouting000004?api-version=2019-06-01
  response:
    body:
      string: ''
    headers:
      cache-control:
      - no-cache
      content-length:
      - '0'
      content-type:
      - text/plain; charset=utf-8
      date:
      - Fri, 18 Dec 2020 14:08:47 GMT
      expires:
      - '-1'
      location:
      - https://management.azure.com/subscriptions/00000000-0000-0000-0000-000000000000/providers/Microsoft.Storage/locations/eastus/asyncoperations/2c14de5a-a946-4de3-a6e0-1b967461bcc2?monitor=true&api-version=2019-06-01
      pragma:
      - no-cache
      server:
      - Microsoft-Azure-Storage-Resource-Provider/1.0,Microsoft-HTTPAPI/2.0 Microsoft-HTTPAPI/2.0
      strict-transport-security:
      - max-age=31536000; includeSubDomains
      x-content-type-options:
      - nosniff
      x-ms-ratelimit-remaining-subscription-writes:
      - '1199'
    status:
      code: 202
      message: Accepted
- request:
    body: null
    headers:
      Accept:
      - '*/*'
      Accept-Encoding:
      - gzip, deflate
      CommandName:
      - storage account create
      Connection:
      - keep-alive
      ParameterSetName:
      - -n -g
      User-Agent:
      - AZURECLI/2.16.0 azsdk-python-azure-mgmt-storage/16.0.0 Python/3.8.6 (Windows-10-10.0.19041-SP0)
    method: GET
    uri: https://management.azure.com/subscriptions/00000000-0000-0000-0000-000000000000/providers/Microsoft.Storage/locations/eastus/asyncoperations/2c14de5a-a946-4de3-a6e0-1b967461bcc2?monitor=true&api-version=2019-06-01
  response:
    body:
      string: '{"sku":{"name":"Standard_RAGRS","tier":"Standard"},"kind":"StorageV2","id":"/subscriptions/00000000-0000-0000-0000-000000000000/resourceGroups/cli_storage_account_routing000001/providers/Microsoft.Storage/storageAccounts/clirouting000004","name":"clirouting000004","type":"Microsoft.Storage/storageAccounts","location":"eastus","tags":{},"properties":{"privateEndpointConnections":[],"networkAcls":{"bypass":"AzureServices","virtualNetworkRules":[],"ipRules":[],"defaultAction":"Allow"},"supportsHttpsTrafficOnly":true,"encryption":{"services":{"file":{"keyType":"Account","enabled":true,"lastEnabledTime":"2020-12-18T14:08:47.6182651Z"},"blob":{"keyType":"Account","enabled":true,"lastEnabledTime":"2020-12-18T14:08:47.6182651Z"}},"keySource":"Microsoft.Storage"},"accessTier":"Hot","provisioningState":"Succeeded","creationTime":"2020-12-18T14:08:47.5245130Z","primaryEndpoints":{"dfs":"https://clirouting000004.dfs.core.windows.net/","web":"https://clirouting000004.z13.web.core.windows.net/","blob":"https://clirouting000004.blob.core.windows.net/","queue":"https://clirouting000004.queue.core.windows.net/","table":"https://clirouting000004.table.core.windows.net/","file":"https://clirouting000004.file.core.windows.net/"},"primaryLocation":"eastus","statusOfPrimary":"available","secondaryLocation":"westus","statusOfSecondary":"available","secondaryEndpoints":{"dfs":"https://clirouting000004-secondary.dfs.core.windows.net/","web":"https://clirouting000004-secondary.z13.web.core.windows.net/","blob":"https://clirouting000004-secondary.blob.core.windows.net/","queue":"https://clirouting000004-secondary.queue.core.windows.net/","table":"https://clirouting000004-secondary.table.core.windows.net/"}}}'
    headers:
      cache-control:
      - no-cache
      content-length:
      - '1856'
      content-type:
      - application/json
      date:
      - Fri, 18 Dec 2020 14:09:04 GMT
      expires:
      - '-1'
      pragma:
      - no-cache
      server:
      - Microsoft-Azure-Storage-Resource-Provider/1.0,Microsoft-HTTPAPI/2.0 Microsoft-HTTPAPI/2.0
      strict-transport-security:
      - max-age=31536000; includeSubDomains
      transfer-encoding:
      - chunked
      vary:
      - Accept-Encoding
      x-content-type-options:
      - nosniff
    status:
      code: 200
      message: OK
- request:
    body: null
    headers:
      Accept:
      - application/json
      Accept-Encoding:
      - gzip, deflate
      CommandName:
      - storage account update
      Connection:
      - keep-alive
      ParameterSetName:
      - -n -g --routing-choice --publish-internet-endpoints --publish-microsoft-endpoints
      User-Agent:
      - AZURECLI/2.16.0 azsdk-python-azure-mgmt-storage/16.0.0 Python/3.8.6 (Windows-10-10.0.19041-SP0)
    method: GET
    uri: https://management.azure.com/subscriptions/00000000-0000-0000-0000-000000000000/resourceGroups/cli_storage_account_routing000001/providers/Microsoft.Storage/storageAccounts/clirouting000004?api-version=2019-06-01
  response:
    body:
      string: '{"sku":{"name":"Standard_RAGRS","tier":"Standard"},"kind":"StorageV2","id":"/subscriptions/00000000-0000-0000-0000-000000000000/resourceGroups/cli_storage_account_routing000001/providers/Microsoft.Storage/storageAccounts/clirouting000004","name":"clirouting000004","type":"Microsoft.Storage/storageAccounts","location":"eastus","tags":{},"properties":{"privateEndpointConnections":[],"networkAcls":{"bypass":"AzureServices","virtualNetworkRules":[],"ipRules":[],"defaultAction":"Allow"},"supportsHttpsTrafficOnly":true,"encryption":{"services":{"file":{"keyType":"Account","enabled":true,"lastEnabledTime":"2020-12-18T14:08:47.6182651Z"},"blob":{"keyType":"Account","enabled":true,"lastEnabledTime":"2020-12-18T14:08:47.6182651Z"}},"keySource":"Microsoft.Storage"},"accessTier":"Hot","provisioningState":"Succeeded","creationTime":"2020-12-18T14:08:47.5245130Z","primaryEndpoints":{"dfs":"https://clirouting000004.dfs.core.windows.net/","web":"https://clirouting000004.z13.web.core.windows.net/","blob":"https://clirouting000004.blob.core.windows.net/","queue":"https://clirouting000004.queue.core.windows.net/","table":"https://clirouting000004.table.core.windows.net/","file":"https://clirouting000004.file.core.windows.net/"},"primaryLocation":"eastus","statusOfPrimary":"available","secondaryLocation":"westus","statusOfSecondary":"available","secondaryEndpoints":{"dfs":"https://clirouting000004-secondary.dfs.core.windows.net/","web":"https://clirouting000004-secondary.z13.web.core.windows.net/","blob":"https://clirouting000004-secondary.blob.core.windows.net/","queue":"https://clirouting000004-secondary.queue.core.windows.net/","table":"https://clirouting000004-secondary.table.core.windows.net/"}}}'
    headers:
      cache-control:
      - no-cache
      content-length:
      - '1856'
      content-type:
      - application/json
      date:
      - Fri, 18 Dec 2020 14:11:34 GMT
      expires:
      - '-1'
      pragma:
      - no-cache
      server:
      - Microsoft-Azure-Storage-Resource-Provider/1.0,Microsoft-HTTPAPI/2.0 Microsoft-HTTPAPI/2.0
      strict-transport-security:
      - max-age=31536000; includeSubDomains
      transfer-encoding:
      - chunked
      vary:
      - Accept-Encoding
      x-content-type-options:
      - nosniff
    status:
      code: 200
      message: OK
- request:
    body: '{"sku": {"name": "Standard_RAGRS"}, "tags": {}, "properties": {"encryption":
      {"services": {"blob": {"enabled": true, "keyType": "Account"}, "file": {"enabled":
      true, "keyType": "Account"}}, "keySource": "Microsoft.Storage"}, "accessTier":
      "Hot", "supportsHttpsTrafficOnly": true, "networkAcls": {"bypass": "AzureServices",
      "virtualNetworkRules": [], "ipRules": [], "defaultAction": "Allow"}, "routingPreference":
      {"routingChoice": "MicrosoftRouting", "publishMicrosoftEndpoints": true, "publishInternetEndpoints":
      false}}}'
    headers:
      Accept:
      - application/json
      Accept-Encoding:
      - gzip, deflate
      CommandName:
      - storage account update
      Connection:
      - keep-alive
      Content-Length:
      - '522'
      Content-Type:
      - application/json
      ParameterSetName:
      - -n -g --routing-choice --publish-internet-endpoints --publish-microsoft-endpoints
      User-Agent:
      - AZURECLI/2.16.0 azsdk-python-azure-mgmt-storage/16.0.0 Python/3.8.6 (Windows-10-10.0.19041-SP0)
    method: PATCH
    uri: https://management.azure.com/subscriptions/00000000-0000-0000-0000-000000000000/resourceGroups/cli_storage_account_routing000001/providers/Microsoft.Storage/storageAccounts/clirouting000004?api-version=2019-06-01
  response:
    body:
      string: '{"sku":{"name":"Standard_RAGRS","tier":"Standard"},"kind":"StorageV2","id":"/subscriptions/00000000-0000-0000-0000-000000000000/resourceGroups/cli_storage_account_routing000001/providers/Microsoft.Storage/storageAccounts/clirouting000004","name":"clirouting000004","type":"Microsoft.Storage/storageAccounts","location":"eastus","tags":{},"properties":{"privateEndpointConnections":[],"routingPreference":{"routingChoice":"MicrosoftRouting","publishMicrosoftEndpoints":true,"publishInternetEndpoints":false},"networkAcls":{"bypass":"AzureServices","virtualNetworkRules":[],"ipRules":[],"defaultAction":"Allow"},"supportsHttpsTrafficOnly":true,"encryption":{"services":{"file":{"keyType":"Account","enabled":true,"lastEnabledTime":"2020-12-18T14:08:47.6182651Z"},"blob":{"keyType":"Account","enabled":true,"lastEnabledTime":"2020-12-18T14:08:47.6182651Z"}},"keySource":"Microsoft.Storage"},"accessTier":"Hot","provisioningState":"Succeeded","creationTime":"2020-12-18T14:08:47.5245130Z","primaryEndpoints":{"microsoftEndpoints":{"dfs":"https://clirouting000004-microsoftrouting.dfs.core.windows.net/","web":"https://clirouting000004-microsoftrouting.z13.web.core.windows.net/","blob":"https://clirouting000004-microsoftrouting.blob.core.windows.net/","queue":"https://clirouting000004-microsoftrouting.queue.core.windows.net/","table":"https://clirouting000004-microsoftrouting.table.core.windows.net/","file":"https://clirouting000004-microsoftrouting.file.core.windows.net/"},"dfs":"https://clirouting000004.dfs.core.windows.net/","web":"https://clirouting000004.z13.web.core.windows.net/","blob":"https://clirouting000004.blob.core.windows.net/","queue":"https://clirouting000004.queue.core.windows.net/","table":"https://clirouting000004.table.core.windows.net/","file":"https://clirouting000004.file.core.windows.net/"},"primaryLocation":"eastus","statusOfPrimary":"available","secondaryLocation":"westus","statusOfSecondary":"available","secondaryEndpoints":{"microsoftEndpoints":{"dfs":"https://clirouting000004-microsoftrouting-secondary.dfs.core.windows.net/","web":"https://clirouting000004-microsoftrouting-secondary.z13.web.core.windows.net/","blob":"https://clirouting000004-microsoftrouting-secondary.blob.core.windows.net/","queue":"https://clirouting000004-microsoftrouting-secondary.queue.core.windows.net/","table":"https://clirouting000004-microsoftrouting-secondary.table.core.windows.net/"},"dfs":"https://clirouting000004-secondary.dfs.core.windows.net/","web":"https://clirouting000004-secondary.z13.web.core.windows.net/","blob":"https://clirouting000004-secondary.blob.core.windows.net/","queue":"https://clirouting000004-secondary.queue.core.windows.net/","table":"https://clirouting000004-secondary.table.core.windows.net/"}}}'
    headers:
      cache-control:
      - no-cache
      content-length:
      - '2985'
      content-type:
      - application/json
      date:
      - Fri, 18 Dec 2020 14:11:35 GMT
      expires:
      - '-1'
      pragma:
      - no-cache
      server:
      - Microsoft-Azure-Storage-Resource-Provider/1.0,Microsoft-HTTPAPI/2.0 Microsoft-HTTPAPI/2.0
      strict-transport-security:
      - max-age=31536000; includeSubDomains
      transfer-encoding:
      - chunked
      vary:
      - Accept-Encoding
      x-content-type-options:
      - nosniff
      x-ms-ratelimit-remaining-subscription-writes:
      - '1199'
    status:
      code: 200
      message: OK
version: 1
