interactions:
- request:
    body: '{"location": "WestUS", "properties": {"redisConfiguration": {}, "tenantSettings":
      {}, "sku": {"name": "Premium", "family": "p", "capacity": 1}}}'
    headers:
      Accept:
      - application/json
      Accept-Encoding:
      - gzip, deflate
      CommandName:
      - redis create
      Connection:
      - keep-alive
      Content-Length:
      - '144'
      Content-Type:
      - application/json
      ParameterSetName:
      - -n -g -l --sku --vm-size
      User-Agent:
      - AZURECLI/2.53.0 azsdk-python-mgmt-redis/14.2.0 Python/3.10.0 (Windows-10-10.0.19045-SP0)
    method: PUT
    uri: https://management.azure.com/subscriptions/00000000-0000-0000-0000-000000000000/resourceGroups/cli_test_redis000001/providers/Microsoft.Cache/redis/cliredis000002?api-version=2023-04-01
  response:
    body:
      string: "{\r\n  \"id\": \"/subscriptions/00000000-0000-0000-0000-000000000000/resourceGroups/cli_test_redis000001/providers/Microsoft.Cache/Redis/cliredis000002\",\r\n
        \ \"location\": \"West US\",\r\n  \"name\": \"cliredis000002\",\r\n  \"type\":
        \"Microsoft.Cache/Redis\",\r\n  \"tags\": {},\r\n  \"properties\": {\r\n    \"provisioningState\":
        \"Creating\",\r\n    \"redisVersion\": \"6.0\",\r\n    \"sku\": {\r\n      \"name\":
        \"Premium\",\r\n      \"family\": \"P\",\r\n      \"capacity\": 1\r\n    },\r\n
        \   \"enableNonSslPort\": false,\r\n    \"instances\": [\r\n      {\r\n        \"sslPort\":
        15000,\r\n        \"isMaster\": false,\r\n        \"isPrimary\": false\r\n
        \     },\r\n      {\r\n        \"sslPort\": 15001,\r\n        \"isMaster\":
        false,\r\n        \"isPrimary\": false\r\n      }\r\n    ],\r\n    \"publicNetworkAccess\":
        \"Enabled\",\r\n    \"tenantSettings\": {},\r\n    \"redisConfiguration\":
        {\r\n      \"maxclients\": \"7500\",\r\n      \"maxmemory-reserved\": \"642\",\r\n
        \     \"maxfragmentationmemory-reserved\": \"642\",\r\n      \"maxmemory-delta\":
        \"642\"\r\n    },\r\n    \"accessKeys\": {\r\n      \"primaryKey\": \"***=\",\r\n
        \     \"secondaryKey\": \"***=\"\r\n
        \   },\r\n    \"hostName\": \"cliredis000002.redis.cache.windows.net\",\r\n
        \   \"port\": 6379,\r\n    \"sslPort\": 6380,\r\n    \"linkedServers\": []\r\n
        \ }\r\n}"
    headers:
      azure-asyncoperation:
      - https://management.azure.com/subscriptions/00000000-0000-0000-0000-000000000000/providers/Microsoft.Cache/locations/West%20US/asyncOperations/1b11284b-02a9-4432-b1f1-69a019788e96?api-version=2023-04-01
      cache-control:
      - no-cache
      content-length:
      - '1243'
      content-type:
      - application/json; charset=utf-8
      date:
      - Tue, 17 Oct 2023 00:13:58 GMT
      expires:
      - '-1'
      location:
      - https://management.azure.com/subscriptions/00000000-0000-0000-0000-000000000000/resourceGroups/cli_test_redis000001/providers/Microsoft.Cache/redis/cliredis000002?api-version=2023-04-01
      pragma:
      - no-cache
      server:
      - Microsoft-HTTPAPI/2.0
      strict-transport-security:
      - max-age=31536000; includeSubDomains
      x-content-type-options:
      - nosniff
      x-ms-ratelimit-remaining-subscription-writes:
      - '1199'
      x-rp-server-mvid:
      - 7018fa08-1d27-4b37-9579-89853b092fbf
    status:
      code: 201
      message: Created
- request:
    body: null
    headers:
      Accept:
      - '*/*'
      Accept-Encoding:
      - gzip, deflate
      CommandName:
      - redis create
      Connection:
      - keep-alive
      ParameterSetName:
      - -n -g -l --sku --vm-size
      User-Agent:
      - AZURECLI/2.53.0 azsdk-python-mgmt-redis/14.2.0 Python/3.10.0 (Windows-10-10.0.19045-SP0)
    method: GET
    uri: https://management.azure.com/subscriptions/00000000-0000-0000-0000-000000000000/providers/Microsoft.Cache/locations/West%20US/asyncOperations/1b11284b-02a9-4432-b1f1-69a019788e96?api-version=2023-04-01
  response:
    body:
      string: "{\r\n  \"id\": \"/subscriptions/00000000-0000-0000-0000-000000000000/providers/Microsoft.Cache/locations/West
        US/asyncOperations/1b11284b-02a9-4432-b1f1-69a019788e96\",\r\n  \"name\":
        \"1b11284b-02a9-4432-b1f1-69a019788e96\",\r\n  \"status\": \"InProgress\",\r\n
        \ \"startTime\": null,\r\n  \"endTime\": null,\r\n  \"percentComplete\": null,\r\n
        \ \"properties\": null,\r\n  \"error\": null\r\n}"
    headers:
      azure-asyncoperation:
      - https://management.azure.com/subscriptions/00000000-0000-0000-0000-000000000000/providers/Microsoft.Cache/locations/West%20US/asyncOperations/1b11284b-02a9-4432-b1f1-69a019788e96?api-version=2023-04-01
      cache-control:
      - no-cache
      content-length:
      - '353'
      content-type:
      - application/json
      date:
      - Tue, 17 Oct 2023 00:13:58 GMT
      expires:
      - '-1'
      pragma:
      - no-cache
      server:
      - Microsoft-HTTPAPI/2.0
      strict-transport-security:
      - max-age=31536000; includeSubDomains
      transfer-encoding:
      - chunked
      vary:
      - Accept-Encoding
      x-content-type-options:
      - nosniff
      x-rp-server-mvid:
      - 7018fa08-1d27-4b37-9579-89853b092fbf
    status:
      code: 200
      message: OK
- request:
    body: null
    headers:
      Accept:
      - '*/*'
      Accept-Encoding:
      - gzip, deflate
      CommandName:
      - redis create
      Connection:
      - keep-alive
      ParameterSetName:
      - -n -g -l --sku --vm-size
      User-Agent:
      - AZURECLI/2.53.0 azsdk-python-mgmt-redis/14.2.0 Python/3.10.0 (Windows-10-10.0.19045-SP0)
    method: GET
    uri: https://management.azure.com/subscriptions/00000000-0000-0000-0000-000000000000/providers/Microsoft.Cache/locations/West%20US/asyncOperations/1b11284b-02a9-4432-b1f1-69a019788e96?api-version=2023-04-01
  response:
    body:
      string: "{\r\n  \"id\": \"/subscriptions/00000000-0000-0000-0000-000000000000/providers/Microsoft.Cache/locations/West
        US/asyncOperations/1b11284b-02a9-4432-b1f1-69a019788e96\",\r\n  \"name\":
        \"1b11284b-02a9-4432-b1f1-69a019788e96\",\r\n  \"status\": \"InProgress\",\r\n
        \ \"startTime\": null,\r\n  \"endTime\": null,\r\n  \"percentComplete\": null,\r\n
        \ \"properties\": null,\r\n  \"error\": null\r\n}"
    headers:
      azure-asyncoperation:
      - https://management.azure.com/subscriptions/00000000-0000-0000-0000-000000000000/providers/Microsoft.Cache/locations/West%20US/asyncOperations/1b11284b-02a9-4432-b1f1-69a019788e96?api-version=2023-04-01
      cache-control:
      - no-cache
      content-length:
      - '353'
      content-type:
      - application/json
      date:
      - Tue, 17 Oct 2023 00:14:28 GMT
      expires:
      - '-1'
      pragma:
      - no-cache
      server:
      - Microsoft-HTTPAPI/2.0
      strict-transport-security:
      - max-age=31536000; includeSubDomains
      transfer-encoding:
      - chunked
      vary:
      - Accept-Encoding
      x-content-type-options:
      - nosniff
      x-rp-server-mvid:
      - 7018fa08-1d27-4b37-9579-89853b092fbf
    status:
      code: 200
      message: OK
- request:
    body: null
    headers:
      Accept:
      - '*/*'
      Accept-Encoding:
      - gzip, deflate
      CommandName:
      - redis create
      Connection:
      - keep-alive
      ParameterSetName:
      - -n -g -l --sku --vm-size
      User-Agent:
      - AZURECLI/2.53.0 azsdk-python-mgmt-redis/14.2.0 Python/3.10.0 (Windows-10-10.0.19045-SP0)
    method: GET
    uri: https://management.azure.com/subscriptions/00000000-0000-0000-0000-000000000000/providers/Microsoft.Cache/locations/West%20US/asyncOperations/1b11284b-02a9-4432-b1f1-69a019788e96?api-version=2023-04-01
  response:
    body:
      string: "{\r\n  \"id\": \"/subscriptions/00000000-0000-0000-0000-000000000000/providers/Microsoft.Cache/locations/West
        US/asyncOperations/1b11284b-02a9-4432-b1f1-69a019788e96\",\r\n  \"name\":
        \"1b11284b-02a9-4432-b1f1-69a019788e96\",\r\n  \"status\": \"InProgress\",\r\n
        \ \"startTime\": null,\r\n  \"endTime\": null,\r\n  \"percentComplete\": null,\r\n
        \ \"properties\": null,\r\n  \"error\": null\r\n}"
    headers:
      azure-asyncoperation:
      - https://management.azure.com/subscriptions/00000000-0000-0000-0000-000000000000/providers/Microsoft.Cache/locations/West%20US/asyncOperations/1b11284b-02a9-4432-b1f1-69a019788e96?api-version=2023-04-01
      cache-control:
      - no-cache
      content-length:
      - '353'
      content-type:
      - application/json
      date:
      - Tue, 17 Oct 2023 00:14:58 GMT
      expires:
      - '-1'
      pragma:
      - no-cache
      server:
      - Microsoft-HTTPAPI/2.0
      strict-transport-security:
      - max-age=31536000; includeSubDomains
      transfer-encoding:
      - chunked
      vary:
      - Accept-Encoding
      x-content-type-options:
      - nosniff
      x-rp-server-mvid:
      - 7018fa08-1d27-4b37-9579-89853b092fbf
    status:
      code: 200
      message: OK
- request:
    body: null
    headers:
      Accept:
      - '*/*'
      Accept-Encoding:
      - gzip, deflate
      CommandName:
      - redis create
      Connection:
      - keep-alive
      ParameterSetName:
      - -n -g -l --sku --vm-size
      User-Agent:
      - AZURECLI/2.53.0 azsdk-python-mgmt-redis/14.2.0 Python/3.10.0 (Windows-10-10.0.19045-SP0)
    method: GET
    uri: https://management.azure.com/subscriptions/00000000-0000-0000-0000-000000000000/providers/Microsoft.Cache/locations/West%20US/asyncOperations/1b11284b-02a9-4432-b1f1-69a019788e96?api-version=2023-04-01
  response:
    body:
      string: "{\r\n  \"id\": \"/subscriptions/00000000-0000-0000-0000-000000000000/providers/Microsoft.Cache/locations/West
        US/asyncOperations/1b11284b-02a9-4432-b1f1-69a019788e96\",\r\n  \"name\":
        \"1b11284b-02a9-4432-b1f1-69a019788e96\",\r\n  \"status\": \"InProgress\",\r\n
        \ \"startTime\": null,\r\n  \"endTime\": null,\r\n  \"percentComplete\": null,\r\n
        \ \"properties\": null,\r\n  \"error\": null\r\n}"
    headers:
      azure-asyncoperation:
      - https://management.azure.com/subscriptions/00000000-0000-0000-0000-000000000000/providers/Microsoft.Cache/locations/West%20US/asyncOperations/1b11284b-02a9-4432-b1f1-69a019788e96?api-version=2023-04-01
      cache-control:
      - no-cache
      content-length:
      - '353'
      content-type:
      - application/json
      date:
      - Tue, 17 Oct 2023 00:15:28 GMT
      expires:
      - '-1'
      pragma:
      - no-cache
      server:
      - Microsoft-HTTPAPI/2.0
      strict-transport-security:
      - max-age=31536000; includeSubDomains
      transfer-encoding:
      - chunked
      vary:
      - Accept-Encoding
      x-content-type-options:
      - nosniff
      x-rp-server-mvid:
      - 7018fa08-1d27-4b37-9579-89853b092fbf
    status:
      code: 200
      message: OK
- request:
    body: null
    headers:
      Accept:
      - '*/*'
      Accept-Encoding:
      - gzip, deflate
      CommandName:
      - redis create
      Connection:
      - keep-alive
      ParameterSetName:
      - -n -g -l --sku --vm-size
      User-Agent:
      - AZURECLI/2.53.0 azsdk-python-mgmt-redis/14.2.0 Python/3.10.0 (Windows-10-10.0.19045-SP0)
    method: GET
    uri: https://management.azure.com/subscriptions/00000000-0000-0000-0000-000000000000/providers/Microsoft.Cache/locations/West%20US/asyncOperations/1b11284b-02a9-4432-b1f1-69a019788e96?api-version=2023-04-01
  response:
    body:
      string: "{\r\n  \"id\": \"/subscriptions/00000000-0000-0000-0000-000000000000/providers/Microsoft.Cache/locations/West
        US/asyncOperations/1b11284b-02a9-4432-b1f1-69a019788e96\",\r\n  \"name\":
        \"1b11284b-02a9-4432-b1f1-69a019788e96\",\r\n  \"status\": \"InProgress\",\r\n
        \ \"startTime\": null,\r\n  \"endTime\": null,\r\n  \"percentComplete\": null,\r\n
        \ \"properties\": null,\r\n  \"error\": null\r\n}"
    headers:
      azure-asyncoperation:
      - https://management.azure.com/subscriptions/00000000-0000-0000-0000-000000000000/providers/Microsoft.Cache/locations/West%20US/asyncOperations/1b11284b-02a9-4432-b1f1-69a019788e96?api-version=2023-04-01
      cache-control:
      - no-cache
      content-length:
      - '353'
      content-type:
      - application/json
      date:
      - Tue, 17 Oct 2023 00:15:58 GMT
      expires:
      - '-1'
      pragma:
      - no-cache
      server:
      - Microsoft-HTTPAPI/2.0
      strict-transport-security:
      - max-age=31536000; includeSubDomains
      transfer-encoding:
      - chunked
      vary:
      - Accept-Encoding
      x-content-type-options:
      - nosniff
      x-rp-server-mvid:
      - 7018fa08-1d27-4b37-9579-89853b092fbf
    status:
      code: 200
      message: OK
- request:
    body: null
    headers:
      Accept:
      - '*/*'
      Accept-Encoding:
      - gzip, deflate
      CommandName:
      - redis create
      Connection:
      - keep-alive
      ParameterSetName:
      - -n -g -l --sku --vm-size
      User-Agent:
      - AZURECLI/2.53.0 azsdk-python-mgmt-redis/14.2.0 Python/3.10.0 (Windows-10-10.0.19045-SP0)
    method: GET
    uri: https://management.azure.com/subscriptions/00000000-0000-0000-0000-000000000000/providers/Microsoft.Cache/locations/West%20US/asyncOperations/1b11284b-02a9-4432-b1f1-69a019788e96?api-version=2023-04-01
  response:
    body:
      string: "{\r\n  \"id\": \"/subscriptions/00000000-0000-0000-0000-000000000000/providers/Microsoft.Cache/locations/West
        US/asyncOperations/1b11284b-02a9-4432-b1f1-69a019788e96\",\r\n  \"name\":
        \"1b11284b-02a9-4432-b1f1-69a019788e96\",\r\n  \"status\": \"InProgress\",\r\n
        \ \"startTime\": null,\r\n  \"endTime\": null,\r\n  \"percentComplete\": null,\r\n
        \ \"properties\": null,\r\n  \"error\": null\r\n}"
    headers:
      azure-asyncoperation:
      - https://management.azure.com/subscriptions/00000000-0000-0000-0000-000000000000/providers/Microsoft.Cache/locations/West%20US/asyncOperations/1b11284b-02a9-4432-b1f1-69a019788e96?api-version=2023-04-01
      cache-control:
      - no-cache
      content-length:
      - '353'
      content-type:
      - application/json
      date:
      - Tue, 17 Oct 2023 00:16:29 GMT
      expires:
      - '-1'
      pragma:
      - no-cache
      server:
      - Microsoft-HTTPAPI/2.0
      strict-transport-security:
      - max-age=31536000; includeSubDomains
      transfer-encoding:
      - chunked
      vary:
      - Accept-Encoding
      x-content-type-options:
      - nosniff
      x-rp-server-mvid:
      - 7018fa08-1d27-4b37-9579-89853b092fbf
    status:
      code: 200
      message: OK
- request:
    body: null
    headers:
      Accept:
      - '*/*'
      Accept-Encoding:
      - gzip, deflate
      CommandName:
      - redis create
      Connection:
      - keep-alive
      ParameterSetName:
      - -n -g -l --sku --vm-size
      User-Agent:
      - AZURECLI/2.53.0 azsdk-python-mgmt-redis/14.2.0 Python/3.10.0 (Windows-10-10.0.19045-SP0)
    method: GET
    uri: https://management.azure.com/subscriptions/00000000-0000-0000-0000-000000000000/providers/Microsoft.Cache/locations/West%20US/asyncOperations/1b11284b-02a9-4432-b1f1-69a019788e96?api-version=2023-04-01
  response:
    body:
      string: "{\r\n  \"id\": \"/subscriptions/00000000-0000-0000-0000-000000000000/providers/Microsoft.Cache/locations/West
        US/asyncOperations/1b11284b-02a9-4432-b1f1-69a019788e96\",\r\n  \"name\":
        \"1b11284b-02a9-4432-b1f1-69a019788e96\",\r\n  \"status\": \"InProgress\",\r\n
        \ \"startTime\": null,\r\n  \"endTime\": null,\r\n  \"percentComplete\": null,\r\n
        \ \"properties\": null,\r\n  \"error\": null\r\n}"
    headers:
      azure-asyncoperation:
      - https://management.azure.com/subscriptions/00000000-0000-0000-0000-000000000000/providers/Microsoft.Cache/locations/West%20US/asyncOperations/1b11284b-02a9-4432-b1f1-69a019788e96?api-version=2023-04-01
      cache-control:
      - no-cache
      content-length:
      - '353'
      content-type:
      - application/json
      date:
      - Tue, 17 Oct 2023 00:16:58 GMT
      expires:
      - '-1'
      pragma:
      - no-cache
      server:
      - Microsoft-HTTPAPI/2.0
      strict-transport-security:
      - max-age=31536000; includeSubDomains
      transfer-encoding:
      - chunked
      vary:
      - Accept-Encoding
      x-content-type-options:
      - nosniff
      x-rp-server-mvid:
      - 7018fa08-1d27-4b37-9579-89853b092fbf
    status:
      code: 200
      message: OK
- request:
    body: null
    headers:
      Accept:
      - '*/*'
      Accept-Encoding:
      - gzip, deflate
      CommandName:
      - redis create
      Connection:
      - keep-alive
      ParameterSetName:
      - -n -g -l --sku --vm-size
      User-Agent:
      - AZURECLI/2.53.0 azsdk-python-mgmt-redis/14.2.0 Python/3.10.0 (Windows-10-10.0.19045-SP0)
    method: GET
    uri: https://management.azure.com/subscriptions/00000000-0000-0000-0000-000000000000/providers/Microsoft.Cache/locations/West%20US/asyncOperations/1b11284b-02a9-4432-b1f1-69a019788e96?api-version=2023-04-01
  response:
    body:
      string: "{\r\n  \"id\": \"/subscriptions/00000000-0000-0000-0000-000000000000/providers/Microsoft.Cache/locations/West
        US/asyncOperations/1b11284b-02a9-4432-b1f1-69a019788e96\",\r\n  \"name\":
        \"1b11284b-02a9-4432-b1f1-69a019788e96\",\r\n  \"status\": \"InProgress\",\r\n
        \ \"startTime\": null,\r\n  \"endTime\": null,\r\n  \"percentComplete\": null,\r\n
        \ \"properties\": null,\r\n  \"error\": null\r\n}"
    headers:
      azure-asyncoperation:
      - https://management.azure.com/subscriptions/00000000-0000-0000-0000-000000000000/providers/Microsoft.Cache/locations/West%20US/asyncOperations/1b11284b-02a9-4432-b1f1-69a019788e96?api-version=2023-04-01
      cache-control:
      - no-cache
      content-length:
      - '353'
      content-type:
      - application/json
      date:
      - Tue, 17 Oct 2023 00:17:28 GMT
      expires:
      - '-1'
      pragma:
      - no-cache
      server:
      - Microsoft-HTTPAPI/2.0
      strict-transport-security:
      - max-age=31536000; includeSubDomains
      transfer-encoding:
      - chunked
      vary:
      - Accept-Encoding
      x-content-type-options:
      - nosniff
      x-rp-server-mvid:
      - 7018fa08-1d27-4b37-9579-89853b092fbf
    status:
      code: 200
      message: OK
- request:
    body: null
    headers:
      Accept:
      - '*/*'
      Accept-Encoding:
      - gzip, deflate
      CommandName:
      - redis create
      Connection:
      - keep-alive
      ParameterSetName:
      - -n -g -l --sku --vm-size
      User-Agent:
      - AZURECLI/2.53.0 azsdk-python-mgmt-redis/14.2.0 Python/3.10.0 (Windows-10-10.0.19045-SP0)
    method: GET
    uri: https://management.azure.com/subscriptions/00000000-0000-0000-0000-000000000000/providers/Microsoft.Cache/locations/West%20US/asyncOperations/1b11284b-02a9-4432-b1f1-69a019788e96?api-version=2023-04-01
  response:
    body:
      string: "{\r\n  \"id\": \"/subscriptions/00000000-0000-0000-0000-000000000000/providers/Microsoft.Cache/locations/West
        US/asyncOperations/1b11284b-02a9-4432-b1f1-69a019788e96\",\r\n  \"name\":
        \"1b11284b-02a9-4432-b1f1-69a019788e96\",\r\n  \"status\": \"InProgress\",\r\n
        \ \"startTime\": null,\r\n  \"endTime\": null,\r\n  \"percentComplete\": null,\r\n
        \ \"properties\": null,\r\n  \"error\": null\r\n}"
    headers:
      azure-asyncoperation:
      - https://management.azure.com/subscriptions/00000000-0000-0000-0000-000000000000/providers/Microsoft.Cache/locations/West%20US/asyncOperations/1b11284b-02a9-4432-b1f1-69a019788e96?api-version=2023-04-01
      cache-control:
      - no-cache
      content-length:
      - '353'
      content-type:
      - application/json
      date:
      - Tue, 17 Oct 2023 00:17:59 GMT
      expires:
      - '-1'
      pragma:
      - no-cache
      server:
      - Microsoft-HTTPAPI/2.0
      strict-transport-security:
      - max-age=31536000; includeSubDomains
      transfer-encoding:
      - chunked
      vary:
      - Accept-Encoding
      x-content-type-options:
      - nosniff
      x-rp-server-mvid:
      - 7018fa08-1d27-4b37-9579-89853b092fbf
    status:
      code: 200
      message: OK
- request:
    body: null
    headers:
      Accept:
      - '*/*'
      Accept-Encoding:
      - gzip, deflate
      CommandName:
      - redis create
      Connection:
      - keep-alive
      ParameterSetName:
      - -n -g -l --sku --vm-size
      User-Agent:
      - AZURECLI/2.53.0 azsdk-python-mgmt-redis/14.2.0 Python/3.10.0 (Windows-10-10.0.19045-SP0)
    method: GET
    uri: https://management.azure.com/subscriptions/00000000-0000-0000-0000-000000000000/providers/Microsoft.Cache/locations/West%20US/asyncOperations/1b11284b-02a9-4432-b1f1-69a019788e96?api-version=2023-04-01
  response:
    body:
      string: "{\r\n  \"id\": \"/subscriptions/00000000-0000-0000-0000-000000000000/providers/Microsoft.Cache/locations/West
        US/asyncOperations/1b11284b-02a9-4432-b1f1-69a019788e96\",\r\n  \"name\":
        \"1b11284b-02a9-4432-b1f1-69a019788e96\",\r\n  \"status\": \"InProgress\",\r\n
        \ \"startTime\": null,\r\n  \"endTime\": null,\r\n  \"percentComplete\": null,\r\n
        \ \"properties\": null,\r\n  \"error\": null\r\n}"
    headers:
      azure-asyncoperation:
      - https://management.azure.com/subscriptions/00000000-0000-0000-0000-000000000000/providers/Microsoft.Cache/locations/West%20US/asyncOperations/1b11284b-02a9-4432-b1f1-69a019788e96?api-version=2023-04-01
      cache-control:
      - no-cache
      content-length:
      - '353'
      content-type:
      - application/json
      date:
      - Tue, 17 Oct 2023 00:18:29 GMT
      expires:
      - '-1'
      pragma:
      - no-cache
      server:
      - Microsoft-HTTPAPI/2.0
      strict-transport-security:
      - max-age=31536000; includeSubDomains
      transfer-encoding:
      - chunked
      vary:
      - Accept-Encoding
      x-content-type-options:
      - nosniff
      x-rp-server-mvid:
      - 7018fa08-1d27-4b37-9579-89853b092fbf
    status:
      code: 200
      message: OK
- request:
    body: null
    headers:
      Accept:
      - '*/*'
      Accept-Encoding:
      - gzip, deflate
      CommandName:
      - redis create
      Connection:
      - keep-alive
      ParameterSetName:
      - -n -g -l --sku --vm-size
      User-Agent:
      - AZURECLI/2.53.0 azsdk-python-mgmt-redis/14.2.0 Python/3.10.0 (Windows-10-10.0.19045-SP0)
    method: GET
    uri: https://management.azure.com/subscriptions/00000000-0000-0000-0000-000000000000/providers/Microsoft.Cache/locations/West%20US/asyncOperations/1b11284b-02a9-4432-b1f1-69a019788e96?api-version=2023-04-01
  response:
    body:
      string: "{\r\n  \"id\": \"/subscriptions/00000000-0000-0000-0000-000000000000/providers/Microsoft.Cache/locations/West
        US/asyncOperations/1b11284b-02a9-4432-b1f1-69a019788e96\",\r\n  \"name\":
        \"1b11284b-02a9-4432-b1f1-69a019788e96\",\r\n  \"status\": \"InProgress\",\r\n
        \ \"startTime\": null,\r\n  \"endTime\": null,\r\n  \"percentComplete\": null,\r\n
        \ \"properties\": null,\r\n  \"error\": null\r\n}"
    headers:
      azure-asyncoperation:
      - https://management.azure.com/subscriptions/00000000-0000-0000-0000-000000000000/providers/Microsoft.Cache/locations/West%20US/asyncOperations/1b11284b-02a9-4432-b1f1-69a019788e96?api-version=2023-04-01
      cache-control:
      - no-cache
      content-length:
      - '353'
      content-type:
      - application/json
      date:
      - Tue, 17 Oct 2023 00:18:59 GMT
      expires:
      - '-1'
      pragma:
      - no-cache
      server:
      - Microsoft-HTTPAPI/2.0
      strict-transport-security:
      - max-age=31536000; includeSubDomains
      transfer-encoding:
      - chunked
      vary:
      - Accept-Encoding
      x-content-type-options:
      - nosniff
      x-rp-server-mvid:
      - 7018fa08-1d27-4b37-9579-89853b092fbf
    status:
      code: 200
      message: OK
- request:
    body: null
    headers:
      Accept:
      - '*/*'
      Accept-Encoding:
      - gzip, deflate
      CommandName:
      - redis create
      Connection:
      - keep-alive
      ParameterSetName:
      - -n -g -l --sku --vm-size
      User-Agent:
      - AZURECLI/2.53.0 azsdk-python-mgmt-redis/14.2.0 Python/3.10.0 (Windows-10-10.0.19045-SP0)
    method: GET
    uri: https://management.azure.com/subscriptions/00000000-0000-0000-0000-000000000000/providers/Microsoft.Cache/locations/West%20US/asyncOperations/1b11284b-02a9-4432-b1f1-69a019788e96?api-version=2023-04-01
  response:
    body:
      string: "{\r\n  \"id\": \"/subscriptions/00000000-0000-0000-0000-000000000000/providers/Microsoft.Cache/locations/West
        US/asyncOperations/1b11284b-02a9-4432-b1f1-69a019788e96\",\r\n  \"name\":
        \"1b11284b-02a9-4432-b1f1-69a019788e96\",\r\n  \"status\": \"InProgress\",\r\n
        \ \"startTime\": null,\r\n  \"endTime\": null,\r\n  \"percentComplete\": null,\r\n
        \ \"properties\": null,\r\n  \"error\": null\r\n}"
    headers:
      azure-asyncoperation:
      - https://management.azure.com/subscriptions/00000000-0000-0000-0000-000000000000/providers/Microsoft.Cache/locations/West%20US/asyncOperations/1b11284b-02a9-4432-b1f1-69a019788e96?api-version=2023-04-01
      cache-control:
      - no-cache
      content-length:
      - '353'
      content-type:
      - application/json
      date:
      - Tue, 17 Oct 2023 00:19:28 GMT
      expires:
      - '-1'
      pragma:
      - no-cache
      server:
      - Microsoft-HTTPAPI/2.0
      strict-transport-security:
      - max-age=31536000; includeSubDomains
      transfer-encoding:
      - chunked
      vary:
      - Accept-Encoding
      x-content-type-options:
      - nosniff
      x-rp-server-mvid:
      - 7018fa08-1d27-4b37-9579-89853b092fbf
    status:
      code: 200
      message: OK
- request:
    body: null
    headers:
      Accept:
      - '*/*'
      Accept-Encoding:
      - gzip, deflate
      CommandName:
      - redis create
      Connection:
      - keep-alive
      ParameterSetName:
      - -n -g -l --sku --vm-size
      User-Agent:
      - AZURECLI/2.53.0 azsdk-python-mgmt-redis/14.2.0 Python/3.10.0 (Windows-10-10.0.19045-SP0)
    method: GET
    uri: https://management.azure.com/subscriptions/00000000-0000-0000-0000-000000000000/providers/Microsoft.Cache/locations/West%20US/asyncOperations/1b11284b-02a9-4432-b1f1-69a019788e96?api-version=2023-04-01
  response:
    body:
      string: "{\r\n  \"id\": \"/subscriptions/00000000-0000-0000-0000-000000000000/providers/Microsoft.Cache/locations/West
        US/asyncOperations/1b11284b-02a9-4432-b1f1-69a019788e96\",\r\n  \"name\":
        \"1b11284b-02a9-4432-b1f1-69a019788e96\",\r\n  \"status\": \"InProgress\",\r\n
        \ \"startTime\": null,\r\n  \"endTime\": null,\r\n  \"percentComplete\": null,\r\n
        \ \"properties\": null,\r\n  \"error\": null\r\n}"
    headers:
      azure-asyncoperation:
      - https://management.azure.com/subscriptions/00000000-0000-0000-0000-000000000000/providers/Microsoft.Cache/locations/West%20US/asyncOperations/1b11284b-02a9-4432-b1f1-69a019788e96?api-version=2023-04-01
      cache-control:
      - no-cache
      content-length:
      - '353'
      content-type:
      - application/json
      date:
      - Tue, 17 Oct 2023 00:19:59 GMT
      expires:
      - '-1'
      pragma:
      - no-cache
      server:
      - Microsoft-HTTPAPI/2.0
      strict-transport-security:
      - max-age=31536000; includeSubDomains
      transfer-encoding:
      - chunked
      vary:
      - Accept-Encoding
      x-content-type-options:
      - nosniff
      x-rp-server-mvid:
      - 7018fa08-1d27-4b37-9579-89853b092fbf
    status:
      code: 200
      message: OK
- request:
    body: null
    headers:
      Accept:
      - '*/*'
      Accept-Encoding:
      - gzip, deflate
      CommandName:
      - redis create
      Connection:
      - keep-alive
      ParameterSetName:
      - -n -g -l --sku --vm-size
      User-Agent:
      - AZURECLI/2.53.0 azsdk-python-mgmt-redis/14.2.0 Python/3.10.0 (Windows-10-10.0.19045-SP0)
    method: GET
    uri: https://management.azure.com/subscriptions/00000000-0000-0000-0000-000000000000/providers/Microsoft.Cache/locations/West%20US/asyncOperations/1b11284b-02a9-4432-b1f1-69a019788e96?api-version=2023-04-01
  response:
    body:
      string: "{\r\n  \"id\": \"/subscriptions/00000000-0000-0000-0000-000000000000/providers/Microsoft.Cache/locations/West
        US/asyncOperations/1b11284b-02a9-4432-b1f1-69a019788e96\",\r\n  \"name\":
        \"1b11284b-02a9-4432-b1f1-69a019788e96\",\r\n  \"status\": \"InProgress\",\r\n
        \ \"startTime\": null,\r\n  \"endTime\": null,\r\n  \"percentComplete\": null,\r\n
        \ \"properties\": null,\r\n  \"error\": null\r\n}"
    headers:
      azure-asyncoperation:
      - https://management.azure.com/subscriptions/00000000-0000-0000-0000-000000000000/providers/Microsoft.Cache/locations/West%20US/asyncOperations/1b11284b-02a9-4432-b1f1-69a019788e96?api-version=2023-04-01
      cache-control:
      - no-cache
      content-length:
      - '353'
      content-type:
      - application/json
      date:
      - Tue, 17 Oct 2023 00:20:29 GMT
      expires:
      - '-1'
      pragma:
      - no-cache
      server:
      - Microsoft-HTTPAPI/2.0
      strict-transport-security:
      - max-age=31536000; includeSubDomains
      transfer-encoding:
      - chunked
      vary:
      - Accept-Encoding
      x-content-type-options:
      - nosniff
      x-rp-server-mvid:
      - 7018fa08-1d27-4b37-9579-89853b092fbf
    status:
      code: 200
      message: OK
- request:
    body: null
    headers:
      Accept:
      - '*/*'
      Accept-Encoding:
      - gzip, deflate
      CommandName:
      - redis create
      Connection:
      - keep-alive
      ParameterSetName:
      - -n -g -l --sku --vm-size
      User-Agent:
      - AZURECLI/2.53.0 azsdk-python-mgmt-redis/14.2.0 Python/3.10.0 (Windows-10-10.0.19045-SP0)
    method: GET
    uri: https://management.azure.com/subscriptions/00000000-0000-0000-0000-000000000000/providers/Microsoft.Cache/locations/West%20US/asyncOperations/1b11284b-02a9-4432-b1f1-69a019788e96?api-version=2023-04-01
  response:
    body:
      string: "{\r\n  \"id\": \"/subscriptions/00000000-0000-0000-0000-000000000000/providers/Microsoft.Cache/locations/West
        US/asyncOperations/1b11284b-02a9-4432-b1f1-69a019788e96\",\r\n  \"name\":
        \"1b11284b-02a9-4432-b1f1-69a019788e96\",\r\n  \"status\": \"InProgress\",\r\n
        \ \"startTime\": null,\r\n  \"endTime\": null,\r\n  \"percentComplete\": null,\r\n
        \ \"properties\": null,\r\n  \"error\": null\r\n}"
    headers:
      azure-asyncoperation:
      - https://management.azure.com/subscriptions/00000000-0000-0000-0000-000000000000/providers/Microsoft.Cache/locations/West%20US/asyncOperations/1b11284b-02a9-4432-b1f1-69a019788e96?api-version=2023-04-01
      cache-control:
      - no-cache
      content-length:
      - '353'
      content-type:
      - application/json
      date:
      - Tue, 17 Oct 2023 00:20:59 GMT
      expires:
      - '-1'
      pragma:
      - no-cache
      server:
      - Microsoft-HTTPAPI/2.0
      strict-transport-security:
      - max-age=31536000; includeSubDomains
      transfer-encoding:
      - chunked
      vary:
      - Accept-Encoding
      x-content-type-options:
      - nosniff
      x-rp-server-mvid:
      - 7018fa08-1d27-4b37-9579-89853b092fbf
    status:
      code: 200
      message: OK
- request:
    body: null
    headers:
      Accept:
      - '*/*'
      Accept-Encoding:
      - gzip, deflate
      CommandName:
      - redis create
      Connection:
      - keep-alive
      ParameterSetName:
      - -n -g -l --sku --vm-size
      User-Agent:
      - AZURECLI/2.53.0 azsdk-python-mgmt-redis/14.2.0 Python/3.10.0 (Windows-10-10.0.19045-SP0)
    method: GET
    uri: https://management.azure.com/subscriptions/00000000-0000-0000-0000-000000000000/providers/Microsoft.Cache/locations/West%20US/asyncOperations/1b11284b-02a9-4432-b1f1-69a019788e96?api-version=2023-04-01
  response:
    body:
      string: "{\r\n  \"id\": \"/subscriptions/00000000-0000-0000-0000-000000000000/providers/Microsoft.Cache/locations/West
        US/asyncOperations/1b11284b-02a9-4432-b1f1-69a019788e96\",\r\n  \"name\":
        \"1b11284b-02a9-4432-b1f1-69a019788e96\",\r\n  \"status\": \"InProgress\",\r\n
        \ \"startTime\": null,\r\n  \"endTime\": null,\r\n  \"percentComplete\": null,\r\n
        \ \"properties\": null,\r\n  \"error\": null\r\n}"
    headers:
      azure-asyncoperation:
      - https://management.azure.com/subscriptions/00000000-0000-0000-0000-000000000000/providers/Microsoft.Cache/locations/West%20US/asyncOperations/1b11284b-02a9-4432-b1f1-69a019788e96?api-version=2023-04-01
      cache-control:
      - no-cache
      content-length:
      - '353'
      content-type:
      - application/json
      date:
      - Tue, 17 Oct 2023 00:21:29 GMT
      expires:
      - '-1'
      pragma:
      - no-cache
      server:
      - Microsoft-HTTPAPI/2.0
      strict-transport-security:
      - max-age=31536000; includeSubDomains
      transfer-encoding:
      - chunked
      vary:
      - Accept-Encoding
      x-content-type-options:
      - nosniff
      x-rp-server-mvid:
      - 7018fa08-1d27-4b37-9579-89853b092fbf
    status:
      code: 200
      message: OK
- request:
    body: null
    headers:
      Accept:
      - '*/*'
      Accept-Encoding:
      - gzip, deflate
      CommandName:
      - redis create
      Connection:
      - keep-alive
      ParameterSetName:
      - -n -g -l --sku --vm-size
      User-Agent:
      - AZURECLI/2.53.0 azsdk-python-mgmt-redis/14.2.0 Python/3.10.0 (Windows-10-10.0.19045-SP0)
    method: GET
    uri: https://management.azure.com/subscriptions/00000000-0000-0000-0000-000000000000/providers/Microsoft.Cache/locations/West%20US/asyncOperations/1b11284b-02a9-4432-b1f1-69a019788e96?api-version=2023-04-01
  response:
    body:
      string: "{\r\n  \"id\": \"/subscriptions/00000000-0000-0000-0000-000000000000/providers/Microsoft.Cache/locations/West
        US/asyncOperations/1b11284b-02a9-4432-b1f1-69a019788e96\",\r\n  \"name\":
        \"1b11284b-02a9-4432-b1f1-69a019788e96\",\r\n  \"status\": \"InProgress\",\r\n
        \ \"startTime\": null,\r\n  \"endTime\": null,\r\n  \"percentComplete\": null,\r\n
        \ \"properties\": null,\r\n  \"error\": null\r\n}"
    headers:
      azure-asyncoperation:
      - https://management.azure.com/subscriptions/00000000-0000-0000-0000-000000000000/providers/Microsoft.Cache/locations/West%20US/asyncOperations/1b11284b-02a9-4432-b1f1-69a019788e96?api-version=2023-04-01
      cache-control:
      - no-cache
      content-length:
      - '353'
      content-type:
      - application/json
      date:
      - Tue, 17 Oct 2023 00:22:00 GMT
      expires:
      - '-1'
      pragma:
      - no-cache
      server:
      - Microsoft-HTTPAPI/2.0
      strict-transport-security:
      - max-age=31536000; includeSubDomains
      transfer-encoding:
      - chunked
      vary:
      - Accept-Encoding
      x-content-type-options:
      - nosniff
      x-rp-server-mvid:
      - 7018fa08-1d27-4b37-9579-89853b092fbf
    status:
      code: 200
      message: OK
- request:
    body: null
    headers:
      Accept:
      - '*/*'
      Accept-Encoding:
      - gzip, deflate
      CommandName:
      - redis create
      Connection:
      - keep-alive
      ParameterSetName:
      - -n -g -l --sku --vm-size
      User-Agent:
      - AZURECLI/2.53.0 azsdk-python-mgmt-redis/14.2.0 Python/3.10.0 (Windows-10-10.0.19045-SP0)
    method: GET
    uri: https://management.azure.com/subscriptions/00000000-0000-0000-0000-000000000000/providers/Microsoft.Cache/locations/West%20US/asyncOperations/1b11284b-02a9-4432-b1f1-69a019788e96?api-version=2023-04-01
  response:
    body:
      string: "{\r\n  \"id\": \"/subscriptions/00000000-0000-0000-0000-000000000000/providers/Microsoft.Cache/locations/West
        US/asyncOperations/1b11284b-02a9-4432-b1f1-69a019788e96\",\r\n  \"name\":
        \"1b11284b-02a9-4432-b1f1-69a019788e96\",\r\n  \"status\": \"InProgress\",\r\n
        \ \"startTime\": null,\r\n  \"endTime\": null,\r\n  \"percentComplete\": null,\r\n
        \ \"properties\": null,\r\n  \"error\": null\r\n}"
    headers:
      azure-asyncoperation:
      - https://management.azure.com/subscriptions/00000000-0000-0000-0000-000000000000/providers/Microsoft.Cache/locations/West%20US/asyncOperations/1b11284b-02a9-4432-b1f1-69a019788e96?api-version=2023-04-01
      cache-control:
      - no-cache
      content-length:
      - '353'
      content-type:
      - application/json
      date:
      - Tue, 17 Oct 2023 00:22:29 GMT
      expires:
      - '-1'
      pragma:
      - no-cache
      server:
      - Microsoft-HTTPAPI/2.0
      strict-transport-security:
      - max-age=31536000; includeSubDomains
      transfer-encoding:
      - chunked
      vary:
      - Accept-Encoding
      x-content-type-options:
      - nosniff
      x-rp-server-mvid:
      - 7018fa08-1d27-4b37-9579-89853b092fbf
    status:
      code: 200
      message: OK
- request:
    body: null
    headers:
      Accept:
      - '*/*'
      Accept-Encoding:
      - gzip, deflate
      CommandName:
      - redis create
      Connection:
      - keep-alive
      ParameterSetName:
      - -n -g -l --sku --vm-size
      User-Agent:
      - AZURECLI/2.53.0 azsdk-python-mgmt-redis/14.2.0 Python/3.10.0 (Windows-10-10.0.19045-SP0)
    method: GET
    uri: https://management.azure.com/subscriptions/00000000-0000-0000-0000-000000000000/providers/Microsoft.Cache/locations/West%20US/asyncOperations/1b11284b-02a9-4432-b1f1-69a019788e96?api-version=2023-04-01
  response:
    body:
      string: "{\r\n  \"id\": \"/subscriptions/00000000-0000-0000-0000-000000000000/providers/Microsoft.Cache/locations/West
        US/asyncOperations/1b11284b-02a9-4432-b1f1-69a019788e96\",\r\n  \"name\":
        \"1b11284b-02a9-4432-b1f1-69a019788e96\",\r\n  \"status\": \"Succeeded\",\r\n
        \ \"startTime\": null,\r\n  \"endTime\": null,\r\n  \"percentComplete\": null,\r\n
        \ \"properties\": null,\r\n  \"error\": null\r\n}"
    headers:
      azure-asyncoperation:
      - https://management.azure.com/subscriptions/00000000-0000-0000-0000-000000000000/providers/Microsoft.Cache/locations/West%20US/asyncOperations/1b11284b-02a9-4432-b1f1-69a019788e96?api-version=2023-04-01
      cache-control:
      - no-cache
      content-length:
      - '352'
      content-type:
      - application/json
      date:
      - Tue, 17 Oct 2023 00:22:59 GMT
      expires:
      - '-1'
      pragma:
      - no-cache
      server:
      - Microsoft-HTTPAPI/2.0
      strict-transport-security:
      - max-age=31536000; includeSubDomains
      transfer-encoding:
      - chunked
      vary:
      - Accept-Encoding
      x-content-type-options:
      - nosniff
      x-rp-server-mvid:
      - 7018fa08-1d27-4b37-9579-89853b092fbf
    status:
      code: 200
      message: OK
- request:
    body: null
    headers:
      Accept:
      - '*/*'
      Accept-Encoding:
      - gzip, deflate
      CommandName:
      - redis create
      Connection:
      - keep-alive
      ParameterSetName:
      - -n -g -l --sku --vm-size
      User-Agent:
      - AZURECLI/2.53.0 azsdk-python-mgmt-redis/14.2.0 Python/3.10.0 (Windows-10-10.0.19045-SP0)
    method: GET
    uri: https://management.azure.com/subscriptions/00000000-0000-0000-0000-000000000000/resourceGroups/cli_test_redis000001/providers/Microsoft.Cache/redis/cliredis000002?api-version=2023-04-01
  response:
    body:
      string: '{"id":"/subscriptions/00000000-0000-0000-0000-000000000000/resourceGroups/cli_test_redis000001/providers/Microsoft.Cache/Redis/cliredis000002","location":"West
        US","name":"cliredis000002","type":"Microsoft.Cache/Redis","tags":{},"properties":{"provisioningState":"Succeeded","redisVersion":"6.0","sku":{"name":"Premium","family":"P","capacity":1},"enableNonSslPort":false,"instances":[{"sslPort":15000,"isMaster":true,"isPrimary":true},{"sslPort":15001,"isMaster":false,"isPrimary":false}],"publicNetworkAccess":"Enabled","tenantSettings":{},"redisConfiguration":{"maxclients":"7500","maxmemory-reserved":"642","maxfragmentationmemory-reserved":"642","maxmemory-delta":"642"},"accessKeys":null,"hostName":"cliredis000002.redis.cache.windows.net","port":6379,"sslPort":6380,"linkedServers":[]}}'
    headers:
      cache-control:
      - no-cache
      content-length:
      - '793'
      content-type:
      - application/json; charset=utf-8
      date:
      - Tue, 17 Oct 2023 00:23:00 GMT
      expires:
      - '-1'
      pragma:
      - no-cache
      server:
      - Microsoft-HTTPAPI/2.0
      strict-transport-security:
      - max-age=31536000; includeSubDomains
      transfer-encoding:
      - chunked
      vary:
      - Accept-Encoding
      x-content-type-options:
      - nosniff
      x-rp-server-mvid:
      - 7018fa08-1d27-4b37-9579-89853b092fbf
    status:
      code: 200
      message: OK
- request:
    body: '{"keyType": "Primary"}'
    headers:
      Accept:
      - application/json
      Accept-Encoding:
      - gzip, deflate
      CommandName:
      - redis regenerate-keys
      Connection:
      - keep-alive
      Content-Length:
      - '22'
      Content-Type:
      - application/json
      ParameterSetName:
      - -n -g --key-type
      User-Agent:
      - AZURECLI/2.53.0 azsdk-python-mgmt-redis/14.2.0 Python/3.10.0 (Windows-10-10.0.19045-SP0)
    method: POST
    uri: https://management.azure.com/subscriptions/00000000-0000-0000-0000-000000000000/resourceGroups/cli_test_redis000001/providers/Microsoft.Cache/redis/cliredis000002/regenerateKey?api-version=2023-04-01
  response:
    body:
      string: '{"primaryKey":"***=","secondaryKey":"***="}'
    headers:
      cache-control:
      - no-cache
      content-length:
      - '123'
      content-type:
      - application/json; charset=utf-8
      date:
      - Tue, 17 Oct 2023 00:23:01 GMT
      expires:
      - '-1'
      pragma:
      - no-cache
      server:
      - Microsoft-HTTPAPI/2.0
      strict-transport-security:
      - max-age=31536000; includeSubDomains
      transfer-encoding:
      - chunked
      vary:
      - Accept-Encoding
      x-content-type-options:
      - nosniff
      x-ms-ratelimit-remaining-subscription-writes:
      - '1199'
      x-rp-server-mvid:
      - 7018fa08-1d27-4b37-9579-89853b092fbf
    status:
      code: 200
      message: OK
- request:
    body: '{"keyType": "Secondary"}'
    headers:
      Accept:
      - application/json
      Accept-Encoding:
      - gzip, deflate
      CommandName:
      - redis regenerate-keys
      Connection:
      - keep-alive
      Content-Length:
      - '24'
      Content-Type:
      - application/json
      ParameterSetName:
      - -n -g --key-type
      User-Agent:
      - AZURECLI/2.53.0 azsdk-python-mgmt-redis/14.2.0 Python/3.10.0 (Windows-10-10.0.19045-SP0)
    method: POST
    uri: https://management.azure.com/subscriptions/00000000-0000-0000-0000-000000000000/resourceGroups/cli_test_redis000001/providers/Microsoft.Cache/redis/cliredis000002/regenerateKey?api-version=2023-04-01
  response:
    body:
      string: '{"primaryKey":"***=","secondaryKey":"***="}'
    headers:
      cache-control:
      - no-cache
      content-length:
      - '123'
      content-type:
      - application/json; charset=utf-8
      date:
      - Tue, 17 Oct 2023 00:23:02 GMT
      expires:
      - '-1'
      pragma:
      - no-cache
      server:
      - Microsoft-HTTPAPI/2.0
      strict-transport-security:
      - max-age=31536000; includeSubDomains
      transfer-encoding:
      - chunked
      vary:
      - Accept-Encoding
      x-content-type-options:
      - nosniff
      x-ms-ratelimit-remaining-subscription-writes:
      - '1199'
      x-rp-server-mvid:
      - 7018fa08-1d27-4b37-9579-89853b092fbf
    status:
      code: 200
      message: OK
- request:
    body: null
    headers:
      Accept:
      - application/json
      Accept-Encoding:
      - gzip, deflate
      CommandName:
      - redis update
      Connection:
      - keep-alive
      ParameterSetName:
      - -n -g --set
      User-Agent:
      - AZURECLI/2.53.0 azsdk-python-mgmt-redis/14.2.0 Python/3.10.0 (Windows-10-10.0.19045-SP0)
    method: GET
    uri: https://management.azure.com/subscriptions/00000000-0000-0000-0000-000000000000/resourceGroups/cli_test_redis000001/providers/Microsoft.Cache/redis/cliredis000002?api-version=2023-04-01
  response:
    body:
      string: '{"id":"/subscriptions/00000000-0000-0000-0000-000000000000/resourceGroups/cli_test_redis000001/providers/Microsoft.Cache/Redis/cliredis000002","location":"West
        US","name":"cliredis000002","type":"Microsoft.Cache/Redis","tags":{},"properties":{"provisioningState":"Succeeded","redisVersion":"6.0","sku":{"name":"Premium","family":"P","capacity":1},"enableNonSslPort":false,"instances":[{"sslPort":15000,"isMaster":true,"isPrimary":true},{"sslPort":15001,"isMaster":false,"isPrimary":false}],"publicNetworkAccess":"Enabled","tenantSettings":{},"redisConfiguration":{"maxclients":"7500","maxmemory-reserved":"642","maxfragmentationmemory-reserved":"642","maxmemory-delta":"642"},"accessKeys":null,"hostName":"cliredis000002.redis.cache.windows.net","port":6379,"sslPort":6380,"linkedServers":[]}}'
    headers:
      cache-control:
      - no-cache
      content-length:
      - '793'
      content-type:
      - application/json; charset=utf-8
      date:
      - Tue, 17 Oct 2023 00:23:02 GMT
      expires:
      - '-1'
      pragma:
      - no-cache
      server:
      - Microsoft-HTTPAPI/2.0
      strict-transport-security:
      - max-age=31536000; includeSubDomains
      transfer-encoding:
      - chunked
      vary:
      - Accept-Encoding
      x-content-type-options:
      - nosniff
      x-rp-server-mvid:
      - 7018fa08-1d27-4b37-9579-89853b092fbf
    status:
      code: 200
      message: OK
- request:
    body: '{"tags": {"mytag": "mytagval"}, "properties": {"redisConfiguration": {"maxfragmentationmemory-reserved":
      "642", "maxmemory-reserved": "642", "maxmemory-delta": "642"}, "redisVersion":
      "6.0", "enableNonSslPort": false, "tenantSettings": {}, "publicNetworkAccess":
      "Enabled", "sku": {"name": "Premium", "family": "P", "capacity": 1}}}'
    headers:
      Accept:
      - application/json
      Accept-Encoding:
      - gzip, deflate
      CommandName:
      - redis update
      Connection:
      - keep-alive
      Content-Length:
      - '332'
      Content-Type:
      - application/json
      ParameterSetName:
      - -n -g --set
      User-Agent:
      - AZURECLI/2.53.0 azsdk-python-mgmt-redis/14.2.0 Python/3.10.0 (Windows-10-10.0.19045-SP0)
    method: PATCH
    uri: https://management.azure.com/subscriptions/00000000-0000-0000-0000-000000000000/resourceGroups/cli_test_redis000001/providers/Microsoft.Cache/redis/cliredis000002?api-version=2023-04-01
  response:
    body:
      string: '{"id":"/subscriptions/00000000-0000-0000-0000-000000000000/resourceGroups/cli_test_redis000001/providers/Microsoft.Cache/Redis/cliredis000002","location":"West
        US","name":"cliredis000002","type":"Microsoft.Cache/Redis","tags":{"mytag":"mytagval"},"properties":{"provisioningState":"Succeeded","redisVersion":"6.0","sku":{"name":"Premium","family":"P","capacity":1},"enableNonSslPort":false,"instances":[{"sslPort":15000,"isMaster":true,"isPrimary":true},{"sslPort":15001,"isMaster":false,"isPrimary":false}],"publicNetworkAccess":"Enabled","tenantSettings":{},"redisConfiguration":{"maxclients":"7500","maxmemory-reserved":"642","maxfragmentationmemory-reserved":"642","maxmemory-delta":"642"},"accessKeys":null,"hostName":"cliredis000002.redis.cache.windows.net","port":6379,"sslPort":6380,"linkedServers":[]}}'
    headers:
      cache-control:
      - no-cache
      content-length:
      - '811'
      content-type:
      - application/json; charset=utf-8
      date:
      - Tue, 17 Oct 2023 00:23:03 GMT
      expires:
      - '-1'
      pragma:
      - no-cache
      server:
      - Microsoft-HTTPAPI/2.0
      strict-transport-security:
      - max-age=31536000; includeSubDomains
      transfer-encoding:
      - chunked
      vary:
      - Accept-Encoding
      x-content-type-options:
      - nosniff
      x-ms-ratelimit-remaining-subscription-writes:
      - '1199'
      x-rp-server-mvid:
      - 7018fa08-1d27-4b37-9579-89853b092fbf
    status:
      code: 200
      message: OK
- request:
    body: null
    headers:
      Accept:
      - application/json
      Accept-Encoding:
      - gzip, deflate
      CommandName:
      - redis delete
      Connection:
      - keep-alive
      Content-Length:
      - '0'
      ParameterSetName:
      - -n -g -y
      User-Agent:
      - AZURECLI/2.53.0 azsdk-python-mgmt-redis/14.2.0 Python/3.10.0 (Windows-10-10.0.19045-SP0)
    method: DELETE
    uri: https://management.azure.com/subscriptions/00000000-0000-0000-0000-000000000000/resourceGroups/cli_test_redis000001/providers/Microsoft.Cache/redis/cliredis000002?api-version=2023-04-01
  response:
    body:
      string: ''
    headers:
      cache-control:
      - no-cache
      content-length:
      - '0'
      date:
      - Tue, 17 Oct 2023 00:23:03 GMT
      expires:
      - '-1'
      location:
      - https://management.azure.com/subscriptions/00000000-0000-0000-0000-000000000000/providers/Microsoft.Cache/locations/West%20US/operationresults/a6aa80f6-3e69-4f79-be60-8726c2a5fa29?api-version=2023-04-01
      pragma:
      - no-cache
      server:
      - Microsoft-HTTPAPI/2.0
      strict-transport-security:
      - max-age=31536000; includeSubDomains
      x-content-type-options:
      - nosniff
      x-ms-ratelimit-remaining-subscription-deletes:
      - '14999'
      x-rp-server-mvid:
      - 7018fa08-1d27-4b37-9579-89853b092fbf
    status:
      code: 202
      message: Accepted
- request:
    body: null
    headers:
      Accept:
      - '*/*'
      Accept-Encoding:
      - gzip, deflate
      CommandName:
      - redis delete
      Connection:
      - keep-alive
      ParameterSetName:
      - -n -g -y
      User-Agent:
      - AZURECLI/2.53.0 azsdk-python-mgmt-redis/14.2.0 Python/3.10.0 (Windows-10-10.0.19045-SP0)
    method: GET
    uri: https://management.azure.com/subscriptions/00000000-0000-0000-0000-000000000000/providers/Microsoft.Cache/locations/West%20US/operationresults/a6aa80f6-3e69-4f79-be60-8726c2a5fa29?api-version=2023-04-01
  response:
    body:
      string: "{\r\n  \"id\": \"/subscriptions/00000000-0000-0000-0000-000000000000/providers/Microsoft.Cache/locations/West
        US/operationresults/a6aa80f6-3e69-4f79-be60-8726c2a5fa29\",\r\n  \"name\":
        \"a6aa80f6-3e69-4f79-be60-8726c2a5fa29\",\r\n  \"status\": \"InProgress\"\r\n}"
    headers:
      azure-asyncoperation:
      - https://management.azure.com/subscriptions/00000000-0000-0000-0000-000000000000/providers/Microsoft.Cache/locations/West%20US/operationresults/a6aa80f6-3e69-4f79-be60-8726c2a5fa29?api-version=2023-04-01
      cache-control:
      - no-cache
      content-length:
      - '243'
      content-type:
      - application/json; charset=utf-8
      date:
      - Tue, 17 Oct 2023 00:23:04 GMT
      expires:
      - '-1'
      location:
      - https://management.azure.com/subscriptions/00000000-0000-0000-0000-000000000000/providers/Microsoft.Cache/locations/West%20US/operationresults/a6aa80f6-3e69-4f79-be60-8726c2a5fa29?api-version=2023-04-01
      pragma:
      - no-cache
      server:
      - Microsoft-HTTPAPI/2.0
      strict-transport-security:
      - max-age=31536000; includeSubDomains
      x-content-type-options:
      - nosniff
      x-rp-server-mvid:
      - 7018fa08-1d27-4b37-9579-89853b092fbf
    status:
      code: 202
      message: Accepted
- request:
    body: null
    headers:
      Accept:
      - '*/*'
      Accept-Encoding:
      - gzip, deflate
      CommandName:
      - redis delete
      Connection:
      - keep-alive
      ParameterSetName:
      - -n -g -y
      User-Agent:
      - AZURECLI/2.53.0 azsdk-python-mgmt-redis/14.2.0 Python/3.10.0 (Windows-10-10.0.19045-SP0)
    method: GET
    uri: https://management.azure.com/subscriptions/00000000-0000-0000-0000-000000000000/providers/Microsoft.Cache/locations/West%20US/operationresults/a6aa80f6-3e69-4f79-be60-8726c2a5fa29?api-version=2023-04-01
  response:
    body:
      string: "{\r\n  \"id\": \"/subscriptions/00000000-0000-0000-0000-000000000000/providers/Microsoft.Cache/locations/West
        US/operationresults/a6aa80f6-3e69-4f79-be60-8726c2a5fa29\",\r\n  \"name\":
        \"a6aa80f6-3e69-4f79-be60-8726c2a5fa29\",\r\n  \"status\": \"InProgress\"\r\n}"
    headers:
      azure-asyncoperation:
      - https://management.azure.com/subscriptions/00000000-0000-0000-0000-000000000000/providers/Microsoft.Cache/locations/West%20US/operationresults/a6aa80f6-3e69-4f79-be60-8726c2a5fa29?api-version=2023-04-01
      cache-control:
      - no-cache
      content-length:
      - '243'
      content-type:
      - application/json; charset=utf-8
      date:
      - Tue, 17 Oct 2023 00:23:33 GMT
      expires:
      - '-1'
      location:
      - https://management.azure.com/subscriptions/00000000-0000-0000-0000-000000000000/providers/Microsoft.Cache/locations/West%20US/operationresults/a6aa80f6-3e69-4f79-be60-8726c2a5fa29?api-version=2023-04-01
      pragma:
      - no-cache
      server:
      - Microsoft-HTTPAPI/2.0
      strict-transport-security:
      - max-age=31536000; includeSubDomains
      x-content-type-options:
      - nosniff
      x-rp-server-mvid:
      - 7018fa08-1d27-4b37-9579-89853b092fbf
    status:
      code: 202
      message: Accepted
- request:
    body: null
    headers:
      Accept:
      - '*/*'
      Accept-Encoding:
      - gzip, deflate
      CommandName:
      - redis delete
      Connection:
      - keep-alive
      ParameterSetName:
      - -n -g -y
      User-Agent:
      - AZURECLI/2.53.0 azsdk-python-mgmt-redis/14.2.0 Python/3.10.0 (Windows-10-10.0.19045-SP0)
    method: GET
    uri: https://management.azure.com/subscriptions/00000000-0000-0000-0000-000000000000/providers/Microsoft.Cache/locations/West%20US/operationresults/a6aa80f6-3e69-4f79-be60-8726c2a5fa29?api-version=2023-04-01
  response:
    body:
      string: "{\r\n  \"id\": \"/subscriptions/00000000-0000-0000-0000-000000000000/providers/Microsoft.Cache/locations/West
        US/operationresults/a6aa80f6-3e69-4f79-be60-8726c2a5fa29\",\r\n  \"name\":
        \"a6aa80f6-3e69-4f79-be60-8726c2a5fa29\",\r\n  \"status\": \"InProgress\"\r\n}"
    headers:
      azure-asyncoperation:
      - https://management.azure.com/subscriptions/00000000-0000-0000-0000-000000000000/providers/Microsoft.Cache/locations/West%20US/operationresults/a6aa80f6-3e69-4f79-be60-8726c2a5fa29?api-version=2023-04-01
      cache-control:
      - no-cache
      content-length:
      - '243'
      content-type:
      - application/json; charset=utf-8
      date:
      - Tue, 17 Oct 2023 00:24:03 GMT
      expires:
      - '-1'
      location:
      - https://management.azure.com/subscriptions/00000000-0000-0000-0000-000000000000/providers/Microsoft.Cache/locations/West%20US/operationresults/a6aa80f6-3e69-4f79-be60-8726c2a5fa29?api-version=2023-04-01
      pragma:
      - no-cache
      server:
      - Microsoft-HTTPAPI/2.0
      strict-transport-security:
      - max-age=31536000; includeSubDomains
      x-content-type-options:
      - nosniff
      x-rp-server-mvid:
      - 7018fa08-1d27-4b37-9579-89853b092fbf
    status:
      code: 202
      message: Accepted
- request:
    body: null
    headers:
      Accept:
      - '*/*'
      Accept-Encoding:
      - gzip, deflate
      CommandName:
      - redis delete
      Connection:
      - keep-alive
      ParameterSetName:
      - -n -g -y
      User-Agent:
      - AZURECLI/2.53.0 azsdk-python-mgmt-redis/14.2.0 Python/3.10.0 (Windows-10-10.0.19045-SP0)
    method: GET
    uri: https://management.azure.com/subscriptions/00000000-0000-0000-0000-000000000000/providers/Microsoft.Cache/locations/West%20US/operationresults/a6aa80f6-3e69-4f79-be60-8726c2a5fa29?api-version=2023-04-01
  response:
    body:
      string: "{\r\n  \"id\": \"/subscriptions/00000000-0000-0000-0000-000000000000/providers/Microsoft.Cache/locations/West
        US/operationresults/a6aa80f6-3e69-4f79-be60-8726c2a5fa29\",\r\n  \"name\":
        \"a6aa80f6-3e69-4f79-be60-8726c2a5fa29\",\r\n  \"status\": \"InProgress\"\r\n}"
    headers:
      azure-asyncoperation:
      - https://management.azure.com/subscriptions/00000000-0000-0000-0000-000000000000/providers/Microsoft.Cache/locations/West%20US/operationresults/a6aa80f6-3e69-4f79-be60-8726c2a5fa29?api-version=2023-04-01
      cache-control:
      - no-cache
      content-length:
      - '243'
      content-type:
      - application/json; charset=utf-8
      date:
      - Tue, 17 Oct 2023 00:24:34 GMT
      expires:
      - '-1'
      location:
      - https://management.azure.com/subscriptions/00000000-0000-0000-0000-000000000000/providers/Microsoft.Cache/locations/West%20US/operationresults/a6aa80f6-3e69-4f79-be60-8726c2a5fa29?api-version=2023-04-01
      pragma:
      - no-cache
      server:
      - Microsoft-HTTPAPI/2.0
      strict-transport-security:
      - max-age=31536000; includeSubDomains
      x-content-type-options:
      - nosniff
      x-rp-server-mvid:
      - 7018fa08-1d27-4b37-9579-89853b092fbf
    status:
      code: 202
      message: Accepted
- request:
    body: null
    headers:
      Accept:
      - '*/*'
      Accept-Encoding:
      - gzip, deflate
      CommandName:
      - redis delete
      Connection:
      - keep-alive
      ParameterSetName:
      - -n -g -y
      User-Agent:
      - AZURECLI/2.53.0 azsdk-python-mgmt-redis/14.2.0 Python/3.10.0 (Windows-10-10.0.19045-SP0)
    method: GET
    uri: https://management.azure.com/subscriptions/00000000-0000-0000-0000-000000000000/providers/Microsoft.Cache/locations/West%20US/operationresults/a6aa80f6-3e69-4f79-be60-8726c2a5fa29?api-version=2023-04-01
  response:
    body:
      string: "{\r\n  \"id\": \"/subscriptions/00000000-0000-0000-0000-000000000000/providers/Microsoft.Cache/locations/West
        US/operationresults/a6aa80f6-3e69-4f79-be60-8726c2a5fa29\",\r\n  \"name\":
        \"a6aa80f6-3e69-4f79-be60-8726c2a5fa29\",\r\n  \"status\": \"InProgress\"\r\n}"
    headers:
      azure-asyncoperation:
      - https://management.azure.com/subscriptions/00000000-0000-0000-0000-000000000000/providers/Microsoft.Cache/locations/West%20US/operationresults/a6aa80f6-3e69-4f79-be60-8726c2a5fa29?api-version=2023-04-01
      cache-control:
      - no-cache
      content-length:
      - '243'
      content-type:
      - application/json; charset=utf-8
      date:
      - Tue, 17 Oct 2023 00:25:04 GMT
      expires:
      - '-1'
      location:
      - https://management.azure.com/subscriptions/00000000-0000-0000-0000-000000000000/providers/Microsoft.Cache/locations/West%20US/operationresults/a6aa80f6-3e69-4f79-be60-8726c2a5fa29?api-version=2023-04-01
      pragma:
      - no-cache
      server:
      - Microsoft-HTTPAPI/2.0
      strict-transport-security:
      - max-age=31536000; includeSubDomains
      x-content-type-options:
      - nosniff
      x-rp-server-mvid:
      - 7018fa08-1d27-4b37-9579-89853b092fbf
    status:
      code: 202
      message: Accepted
- request:
    body: null
    headers:
      Accept:
      - '*/*'
      Accept-Encoding:
      - gzip, deflate
      CommandName:
      - redis delete
      Connection:
      - keep-alive
      ParameterSetName:
      - -n -g -y
      User-Agent:
      - AZURECLI/2.53.0 azsdk-python-mgmt-redis/14.2.0 Python/3.10.0 (Windows-10-10.0.19045-SP0)
    method: GET
    uri: https://management.azure.com/subscriptions/00000000-0000-0000-0000-000000000000/providers/Microsoft.Cache/locations/West%20US/operationresults/a6aa80f6-3e69-4f79-be60-8726c2a5fa29?api-version=2023-04-01
  response:
    body:
      string: "{\r\n  \"id\": \"/subscriptions/00000000-0000-0000-0000-000000000000/providers/Microsoft.Cache/locations/West
        US/operationresults/a6aa80f6-3e69-4f79-be60-8726c2a5fa29\",\r\n  \"name\":
        \"a6aa80f6-3e69-4f79-be60-8726c2a5fa29\",\r\n  \"status\": \"InProgress\"\r\n}"
    headers:
      azure-asyncoperation:
      - https://management.azure.com/subscriptions/00000000-0000-0000-0000-000000000000/providers/Microsoft.Cache/locations/West%20US/operationresults/a6aa80f6-3e69-4f79-be60-8726c2a5fa29?api-version=2023-04-01
      cache-control:
      - no-cache
      content-length:
      - '243'
      content-type:
      - application/json; charset=utf-8
      date:
      - Tue, 17 Oct 2023 00:25:34 GMT
      expires:
      - '-1'
      location:
      - https://management.azure.com/subscriptions/00000000-0000-0000-0000-000000000000/providers/Microsoft.Cache/locations/West%20US/operationresults/a6aa80f6-3e69-4f79-be60-8726c2a5fa29?api-version=2023-04-01
      pragma:
      - no-cache
      server:
      - Microsoft-HTTPAPI/2.0
      strict-transport-security:
      - max-age=31536000; includeSubDomains
      x-content-type-options:
      - nosniff
      x-rp-server-mvid:
      - 7018fa08-1d27-4b37-9579-89853b092fbf
    status:
      code: 202
      message: Accepted
- request:
    body: null
    headers:
      Accept:
      - '*/*'
      Accept-Encoding:
      - gzip, deflate
      CommandName:
      - redis delete
      Connection:
      - keep-alive
      ParameterSetName:
      - -n -g -y
      User-Agent:
      - AZURECLI/2.53.0 azsdk-python-mgmt-redis/14.2.0 Python/3.10.0 (Windows-10-10.0.19045-SP0)
    method: GET
    uri: https://management.azure.com/subscriptions/00000000-0000-0000-0000-000000000000/providers/Microsoft.Cache/locations/West%20US/operationresults/a6aa80f6-3e69-4f79-be60-8726c2a5fa29?api-version=2023-04-01
  response:
    body:
      string: "{\r\n  \"id\": \"/subscriptions/00000000-0000-0000-0000-000000000000/providers/Microsoft.Cache/locations/West
        US/operationresults/a6aa80f6-3e69-4f79-be60-8726c2a5fa29\",\r\n  \"name\":
        \"a6aa80f6-3e69-4f79-be60-8726c2a5fa29\",\r\n  \"status\": \"InProgress\"\r\n}"
    headers:
      azure-asyncoperation:
      - https://management.azure.com/subscriptions/00000000-0000-0000-0000-000000000000/providers/Microsoft.Cache/locations/West%20US/operationresults/a6aa80f6-3e69-4f79-be60-8726c2a5fa29?api-version=2023-04-01
      cache-control:
      - no-cache
      content-length:
      - '243'
      content-type:
      - application/json; charset=utf-8
      date:
      - Tue, 17 Oct 2023 00:26:03 GMT
      expires:
      - '-1'
      location:
      - https://management.azure.com/subscriptions/00000000-0000-0000-0000-000000000000/providers/Microsoft.Cache/locations/West%20US/operationresults/a6aa80f6-3e69-4f79-be60-8726c2a5fa29?api-version=2023-04-01
      pragma:
      - no-cache
      server:
      - Microsoft-HTTPAPI/2.0
      strict-transport-security:
      - max-age=31536000; includeSubDomains
      x-content-type-options:
      - nosniff
      x-rp-server-mvid:
      - 7018fa08-1d27-4b37-9579-89853b092fbf
    status:
      code: 202
      message: Accepted
- request:
    body: null
    headers:
      Accept:
      - '*/*'
      Accept-Encoding:
      - gzip, deflate
      CommandName:
      - redis delete
      Connection:
      - keep-alive
      ParameterSetName:
      - -n -g -y
      User-Agent:
      - AZURECLI/2.53.0 azsdk-python-mgmt-redis/14.2.0 Python/3.10.0 (Windows-10-10.0.19045-SP0)
    method: GET
    uri: https://management.azure.com/subscriptions/00000000-0000-0000-0000-000000000000/providers/Microsoft.Cache/locations/West%20US/operationresults/a6aa80f6-3e69-4f79-be60-8726c2a5fa29?api-version=2023-04-01
  response:
    body:
      string: "{\r\n  \"id\": \"/subscriptions/00000000-0000-0000-0000-000000000000/providers/Microsoft.Cache/locations/West
        US/operationresults/a6aa80f6-3e69-4f79-be60-8726c2a5fa29\",\r\n  \"name\":
        \"a6aa80f6-3e69-4f79-be60-8726c2a5fa29\",\r\n  \"status\": \"InProgress\"\r\n}"
    headers:
      azure-asyncoperation:
      - https://management.azure.com/subscriptions/00000000-0000-0000-0000-000000000000/providers/Microsoft.Cache/locations/West%20US/operationresults/a6aa80f6-3e69-4f79-be60-8726c2a5fa29?api-version=2023-04-01
      cache-control:
      - no-cache
      content-length:
      - '243'
      content-type:
      - application/json; charset=utf-8
      date:
      - Tue, 17 Oct 2023 00:26:34 GMT
      expires:
      - '-1'
      location:
      - https://management.azure.com/subscriptions/00000000-0000-0000-0000-000000000000/providers/Microsoft.Cache/locations/West%20US/operationresults/a6aa80f6-3e69-4f79-be60-8726c2a5fa29?api-version=2023-04-01
      pragma:
      - no-cache
      server:
      - Microsoft-HTTPAPI/2.0
      strict-transport-security:
      - max-age=31536000; includeSubDomains
      x-content-type-options:
      - nosniff
      x-rp-server-mvid:
      - 7018fa08-1d27-4b37-9579-89853b092fbf
    status:
      code: 202
      message: Accepted
- request:
    body: null
    headers:
      Accept:
      - '*/*'
      Accept-Encoding:
      - gzip, deflate
      CommandName:
      - redis delete
      Connection:
      - keep-alive
      ParameterSetName:
      - -n -g -y
      User-Agent:
      - AZURECLI/2.53.0 azsdk-python-mgmt-redis/14.2.0 Python/3.10.0 (Windows-10-10.0.19045-SP0)
    method: GET
    uri: https://management.azure.com/subscriptions/00000000-0000-0000-0000-000000000000/providers/Microsoft.Cache/locations/West%20US/operationresults/a6aa80f6-3e69-4f79-be60-8726c2a5fa29?api-version=2023-04-01
  response:
    body:
      string: "{\r\n  \"id\": \"/subscriptions/00000000-0000-0000-0000-000000000000/providers/Microsoft.Cache/locations/West
        US/operationresults/a6aa80f6-3e69-4f79-be60-8726c2a5fa29\",\r\n  \"name\":
        \"a6aa80f6-3e69-4f79-be60-8726c2a5fa29\",\r\n  \"status\": \"Succeeded\"\r\n}"
    headers:
      cache-control:
      - no-cache
      content-length:
      - '242'
      content-type:
      - application/json; charset=utf-8
      date:
      - Tue, 17 Oct 2023 00:27:04 GMT
      expires:
      - '-1'
      pragma:
      - no-cache
      server:
      - Microsoft-HTTPAPI/2.0
      strict-transport-security:
      - max-age=31536000; includeSubDomains
      transfer-encoding:
      - chunked
      vary:
      - Accept-Encoding
      x-content-type-options:
      - nosniff
      x-rp-server-mvid:
      - 7018fa08-1d27-4b37-9579-89853b092fbf
    status:
      code: 200
      message: OK
version: 1
