interactions:
- request:
    body: '{"location": "WestUS2", "identity": {"type": "None"}, "properties": {"redisConfiguration":
      {}, "tenantSettings": {}, "publicNetworkAccess": "Enabled", "sku": {"name":
      "Basic", "family": "c", "capacity": 0}}}'
    headers:
      Accept:
      - application/json
      Accept-Encoding:
      - gzip, deflate
      CommandName:
      - redis create
      Connection:
      - keep-alive
      Content-Length:
      - '207'
      Content-Type:
      - application/json
      ParameterSetName:
      - -n -g -l --sku --vm-size
      User-Agent:
      - AZURECLI/2.31.0 azsdk-python-mgmt-redis/13.1.0 Python/3.9.9 (Windows-10-10.0.22000-SP0)
    method: PUT
    uri: https://management.azure.com/subscriptions/00000000-0000-0000-0000-000000000000/resourceGroups/cli_test_redis000001/providers/Microsoft.Cache/redis/cliredis000002?api-version=2021-06-01
  response:
    body:
      string: "{\r\n  \"id\": \"/subscriptions/00000000-0000-0000-0000-000000000000/resourceGroups/cli_test_redis000001/providers/Microsoft.Cache/Redis/cliredis000002\",\r\n
        \ \"location\": \"West US 2\",\r\n  \"name\": \"cliredis000002\",\r\n  \"type\":
        \"Microsoft.Cache/Redis\",\r\n  \"tags\": {},\r\n  \"properties\": {\r\n    \"provisioningState\":
        \"Creating\",\r\n    \"redisVersion\": \"4.0.14\",\r\n    \"sku\": {\r\n      \"name\":
        \"Basic\",\r\n      \"family\": \"C\",\r\n      \"capacity\": 0\r\n    },\r\n
        \   \"enableNonSslPort\": false,\r\n    \"instances\": [\r\n      {\r\n        \"sslPort\":
        15000,\r\n        \"isMaster\": false,\r\n        \"isPrimary\": false\r\n
        \     }\r\n    ],\r\n    \"publicNetworkAccess\": \"Enabled\",\r\n    \"tenantSettings\":
        {},\r\n    \"redisConfiguration\": {\r\n      \"maxclients\": \"256\",\r\n
        \     \"maxmemory-reserved\": \"2\",\r\n      \"maxfragmentationmemory-reserved\":
        \"12\",\r\n      \"maxmemory-delta\": \"2\"\r\n    },\r\n    \"accessKeys\":
        {\r\n      \"primaryKey\": \"***\",\r\n
        \     \"secondaryKey\": \"****\"\r\n
        \   },\r\n    \"hostName\": \"cliredis000002.redis.cache.windows.net\",\r\n
        \   \"port\": 6379,\r\n    \"sslPort\": 6380,\r\n    \"linkedServers\": []\r\n
        \ }\r\n}"
    headers:
      azure-asyncoperation:
      - https://management.azure.com/subscriptions/00000000-0000-0000-0000-000000000000/providers/Microsoft.Cache/locations/West
        US 2/asyncOperations/94d522a5-3ed1-486f-bbf4-b40c667dbdb7?api-version=2021-06-01
      cache-control:
      - no-cache
      content-length:
      - '1138'
      content-type:
      - application/json; charset=utf-8
      date:
      - Mon, 27 Dec 2021 20:38:33 GMT
      expires:
      - '-1'
      location:
      - https://management.azure.com/subscriptions/00000000-0000-0000-0000-000000000000/resourceGroups/cli_test_redis000001/providers/Microsoft.Cache/redis/cliredis000002?api-version=2021-06-01
      pragma:
      - no-cache
      server:
      - Microsoft-HTTPAPI/2.0
      strict-transport-security:
      - max-age=31536000; includeSubDomains
      x-content-type-options:
      - nosniff
      x-ms-ratelimit-remaining-subscription-writes:
      - '1191'
      x-rp-server-mvid:
      - d4ea5ce3-f7e2-40fb-b84e-6ac2f809a5f4
    status:
      code: 201
      message: Created
- request:
    body: null
    headers:
      Accept:
      - '*/*'
      Accept-Encoding:
      - gzip, deflate
      CommandName:
      - redis create
      Connection:
      - keep-alive
      ParameterSetName:
      - -n -g -l --sku --vm-size
      User-Agent:
      - AZURECLI/2.31.0 azsdk-python-mgmt-redis/13.1.0 Python/3.9.9 (Windows-10-10.0.22000-SP0)
    method: GET
    uri: https://management.azure.com/subscriptions/00000000-0000-0000-0000-000000000000/providers/Microsoft.Cache/locations/West%20US%202/asyncOperations/94d522a5-3ed1-486f-bbf4-b40c667dbdb7?api-version=2021-06-01
  response:
    body:
      string: "{\r\n  \"id\": \"/subscriptions/00000000-0000-0000-0000-000000000000/providers/Microsoft.Cache/locations/West
        US 2/asyncOperations/94d522a5-3ed1-486f-bbf4-b40c667dbdb7\",\r\n  \"name\":
        \"94d522a5-3ed1-486f-bbf4-b40c667dbdb7\",\r\n  \"status\": \"InProgress\",\r\n
        \ \"startTime\": null,\r\n  \"endTime\": null,\r\n  \"percentComplete\": null,\r\n
        \ \"properties\": null,\r\n  \"error\": null\r\n}"
    headers:
      azure-asyncoperation:
      - https://management.azure.com/subscriptions/00000000-0000-0000-0000-000000000000/providers/Microsoft.Cache/locations/West
        US 2/asyncOperations/94d522a5-3ed1-486f-bbf4-b40c667dbdb7?api-version=2021-06-01
      cache-control:
      - no-cache
      content-length:
      - '355'
      content-type:
      - application/json
      date:
      - Mon, 27 Dec 2021 20:39:04 GMT
      expires:
      - '-1'
      pragma:
      - no-cache
      server:
      - Microsoft-HTTPAPI/2.0
      strict-transport-security:
      - max-age=31536000; includeSubDomains
      transfer-encoding:
      - chunked
      vary:
      - Accept-Encoding
      x-content-type-options:
      - nosniff
      x-rp-server-mvid:
      - d4ea5ce3-f7e2-40fb-b84e-6ac2f809a5f4
    status:
      code: 200
      message: OK
- request:
    body: null
    headers:
      Accept:
      - '*/*'
      Accept-Encoding:
      - gzip, deflate
      CommandName:
      - redis create
      Connection:
      - keep-alive
      ParameterSetName:
      - -n -g -l --sku --vm-size
      User-Agent:
      - AZURECLI/2.31.0 azsdk-python-mgmt-redis/13.1.0 Python/3.9.9 (Windows-10-10.0.22000-SP0)
    method: GET
    uri: https://management.azure.com/subscriptions/00000000-0000-0000-0000-000000000000/providers/Microsoft.Cache/locations/West%20US%202/asyncOperations/94d522a5-3ed1-486f-bbf4-b40c667dbdb7?api-version=2021-06-01
  response:
    body:
      string: "{\r\n  \"id\": \"/subscriptions/00000000-0000-0000-0000-000000000000/providers/Microsoft.Cache/locations/West
        US 2/asyncOperations/94d522a5-3ed1-486f-bbf4-b40c667dbdb7\",\r\n  \"name\":
        \"94d522a5-3ed1-486f-bbf4-b40c667dbdb7\",\r\n  \"status\": \"InProgress\",\r\n
        \ \"startTime\": null,\r\n  \"endTime\": null,\r\n  \"percentComplete\": null,\r\n
        \ \"properties\": null,\r\n  \"error\": null\r\n}"
    headers:
      azure-asyncoperation:
      - https://management.azure.com/subscriptions/00000000-0000-0000-0000-000000000000/providers/Microsoft.Cache/locations/West
        US 2/asyncOperations/94d522a5-3ed1-486f-bbf4-b40c667dbdb7?api-version=2021-06-01
      cache-control:
      - no-cache
      content-length:
      - '355'
      content-type:
      - application/json
      date:
      - Mon, 27 Dec 2021 20:39:34 GMT
      expires:
      - '-1'
      pragma:
      - no-cache
      server:
      - Microsoft-HTTPAPI/2.0
      strict-transport-security:
      - max-age=31536000; includeSubDomains
      transfer-encoding:
      - chunked
      vary:
      - Accept-Encoding
      x-content-type-options:
      - nosniff
      x-rp-server-mvid:
      - d4ea5ce3-f7e2-40fb-b84e-6ac2f809a5f4
    status:
      code: 200
      message: OK
- request:
    body: null
    headers:
      Accept:
      - '*/*'
      Accept-Encoding:
      - gzip, deflate
      CommandName:
      - redis create
      Connection:
      - keep-alive
      ParameterSetName:
      - -n -g -l --sku --vm-size
      User-Agent:
      - AZURECLI/2.31.0 azsdk-python-mgmt-redis/13.1.0 Python/3.9.9 (Windows-10-10.0.22000-SP0)
    method: GET
    uri: https://management.azure.com/subscriptions/00000000-0000-0000-0000-000000000000/providers/Microsoft.Cache/locations/West%20US%202/asyncOperations/94d522a5-3ed1-486f-bbf4-b40c667dbdb7?api-version=2021-06-01
  response:
    body:
      string: "{\r\n  \"id\": \"/subscriptions/00000000-0000-0000-0000-000000000000/providers/Microsoft.Cache/locations/West
        US 2/asyncOperations/94d522a5-3ed1-486f-bbf4-b40c667dbdb7\",\r\n  \"name\":
        \"94d522a5-3ed1-486f-bbf4-b40c667dbdb7\",\r\n  \"status\": \"InProgress\",\r\n
        \ \"startTime\": null,\r\n  \"endTime\": null,\r\n  \"percentComplete\": null,\r\n
        \ \"properties\": null,\r\n  \"error\": null\r\n}"
    headers:
      azure-asyncoperation:
      - https://management.azure.com/subscriptions/00000000-0000-0000-0000-000000000000/providers/Microsoft.Cache/locations/West
        US 2/asyncOperations/94d522a5-3ed1-486f-bbf4-b40c667dbdb7?api-version=2021-06-01
      cache-control:
      - no-cache
      content-length:
      - '355'
      content-type:
      - application/json
      date:
      - Mon, 27 Dec 2021 20:40:05 GMT
      expires:
      - '-1'
      pragma:
      - no-cache
      server:
      - Microsoft-HTTPAPI/2.0
      strict-transport-security:
      - max-age=31536000; includeSubDomains
      transfer-encoding:
      - chunked
      vary:
      - Accept-Encoding
      x-content-type-options:
      - nosniff
      x-rp-server-mvid:
      - d4ea5ce3-f7e2-40fb-b84e-6ac2f809a5f4
    status:
      code: 200
      message: OK
- request:
    body: null
    headers:
      Accept:
      - '*/*'
      Accept-Encoding:
      - gzip, deflate
      CommandName:
      - redis create
      Connection:
      - keep-alive
      ParameterSetName:
      - -n -g -l --sku --vm-size
      User-Agent:
      - AZURECLI/2.31.0 azsdk-python-mgmt-redis/13.1.0 Python/3.9.9 (Windows-10-10.0.22000-SP0)
    method: GET
    uri: https://management.azure.com/subscriptions/00000000-0000-0000-0000-000000000000/providers/Microsoft.Cache/locations/West%20US%202/asyncOperations/94d522a5-3ed1-486f-bbf4-b40c667dbdb7?api-version=2021-06-01
  response:
    body:
      string: "{\r\n  \"id\": \"/subscriptions/00000000-0000-0000-0000-000000000000/providers/Microsoft.Cache/locations/West
        US 2/asyncOperations/94d522a5-3ed1-486f-bbf4-b40c667dbdb7\",\r\n  \"name\":
        \"94d522a5-3ed1-486f-bbf4-b40c667dbdb7\",\r\n  \"status\": \"InProgress\",\r\n
        \ \"startTime\": null,\r\n  \"endTime\": null,\r\n  \"percentComplete\": null,\r\n
        \ \"properties\": null,\r\n  \"error\": null\r\n}"
    headers:
      azure-asyncoperation:
      - https://management.azure.com/subscriptions/00000000-0000-0000-0000-000000000000/providers/Microsoft.Cache/locations/West
        US 2/asyncOperations/94d522a5-3ed1-486f-bbf4-b40c667dbdb7?api-version=2021-06-01
      cache-control:
      - no-cache
      content-length:
      - '355'
      content-type:
      - application/json
      date:
      - Mon, 27 Dec 2021 20:40:35 GMT
      expires:
      - '-1'
      pragma:
      - no-cache
      server:
      - Microsoft-HTTPAPI/2.0
      strict-transport-security:
      - max-age=31536000; includeSubDomains
      transfer-encoding:
      - chunked
      vary:
      - Accept-Encoding
      x-content-type-options:
      - nosniff
      x-rp-server-mvid:
      - d4ea5ce3-f7e2-40fb-b84e-6ac2f809a5f4
    status:
      code: 200
      message: OK
- request:
    body: null
    headers:
      Accept:
      - '*/*'
      Accept-Encoding:
      - gzip, deflate
      CommandName:
      - redis create
      Connection:
      - keep-alive
      ParameterSetName:
      - -n -g -l --sku --vm-size
      User-Agent:
      - AZURECLI/2.31.0 azsdk-python-mgmt-redis/13.1.0 Python/3.9.9 (Windows-10-10.0.22000-SP0)
    method: GET
    uri: https://management.azure.com/subscriptions/00000000-0000-0000-0000-000000000000/providers/Microsoft.Cache/locations/West%20US%202/asyncOperations/94d522a5-3ed1-486f-bbf4-b40c667dbdb7?api-version=2021-06-01
  response:
    body:
      string: "{\r\n  \"id\": \"/subscriptions/00000000-0000-0000-0000-000000000000/providers/Microsoft.Cache/locations/West
        US 2/asyncOperations/94d522a5-3ed1-486f-bbf4-b40c667dbdb7\",\r\n  \"name\":
        \"94d522a5-3ed1-486f-bbf4-b40c667dbdb7\",\r\n  \"status\": \"InProgress\",\r\n
        \ \"startTime\": null,\r\n  \"endTime\": null,\r\n  \"percentComplete\": null,\r\n
        \ \"properties\": null,\r\n  \"error\": null\r\n}"
    headers:
      azure-asyncoperation:
      - https://management.azure.com/subscriptions/00000000-0000-0000-0000-000000000000/providers/Microsoft.Cache/locations/West
        US 2/asyncOperations/94d522a5-3ed1-486f-bbf4-b40c667dbdb7?api-version=2021-06-01
      cache-control:
      - no-cache
      content-length:
      - '355'
      content-type:
      - application/json
      date:
      - Mon, 27 Dec 2021 20:41:05 GMT
      expires:
      - '-1'
      pragma:
      - no-cache
      server:
      - Microsoft-HTTPAPI/2.0
      strict-transport-security:
      - max-age=31536000; includeSubDomains
      transfer-encoding:
      - chunked
      vary:
      - Accept-Encoding
      x-content-type-options:
      - nosniff
      x-rp-server-mvid:
      - d4ea5ce3-f7e2-40fb-b84e-6ac2f809a5f4
    status:
      code: 200
      message: OK
- request:
    body: null
    headers:
      Accept:
      - '*/*'
      Accept-Encoding:
      - gzip, deflate
      CommandName:
      - redis create
      Connection:
      - keep-alive
      ParameterSetName:
      - -n -g -l --sku --vm-size
      User-Agent:
      - AZURECLI/2.31.0 azsdk-python-mgmt-redis/13.1.0 Python/3.9.9 (Windows-10-10.0.22000-SP0)
    method: GET
    uri: https://management.azure.com/subscriptions/00000000-0000-0000-0000-000000000000/providers/Microsoft.Cache/locations/West%20US%202/asyncOperations/94d522a5-3ed1-486f-bbf4-b40c667dbdb7?api-version=2021-06-01
  response:
    body:
      string: "{\r\n  \"id\": \"/subscriptions/00000000-0000-0000-0000-000000000000/providers/Microsoft.Cache/locations/West
        US 2/asyncOperations/94d522a5-3ed1-486f-bbf4-b40c667dbdb7\",\r\n  \"name\":
        \"94d522a5-3ed1-486f-bbf4-b40c667dbdb7\",\r\n  \"status\": \"InProgress\",\r\n
        \ \"startTime\": null,\r\n  \"endTime\": null,\r\n  \"percentComplete\": null,\r\n
        \ \"properties\": null,\r\n  \"error\": null\r\n}"
    headers:
      azure-asyncoperation:
      - https://management.azure.com/subscriptions/00000000-0000-0000-0000-000000000000/providers/Microsoft.Cache/locations/West
        US 2/asyncOperations/94d522a5-3ed1-486f-bbf4-b40c667dbdb7?api-version=2021-06-01
      cache-control:
      - no-cache
      content-length:
      - '355'
      content-type:
      - application/json
      date:
      - Mon, 27 Dec 2021 20:41:35 GMT
      expires:
      - '-1'
      pragma:
      - no-cache
      server:
      - Microsoft-HTTPAPI/2.0
      strict-transport-security:
      - max-age=31536000; includeSubDomains
      transfer-encoding:
      - chunked
      vary:
      - Accept-Encoding
      x-content-type-options:
      - nosniff
      x-rp-server-mvid:
      - d4ea5ce3-f7e2-40fb-b84e-6ac2f809a5f4
    status:
      code: 200
      message: OK
- request:
    body: null
    headers:
      Accept:
      - '*/*'
      Accept-Encoding:
      - gzip, deflate
      CommandName:
      - redis create
      Connection:
      - keep-alive
      ParameterSetName:
      - -n -g -l --sku --vm-size
      User-Agent:
      - AZURECLI/2.31.0 azsdk-python-mgmt-redis/13.1.0 Python/3.9.9 (Windows-10-10.0.22000-SP0)
    method: GET
    uri: https://management.azure.com/subscriptions/00000000-0000-0000-0000-000000000000/providers/Microsoft.Cache/locations/West%20US%202/asyncOperations/94d522a5-3ed1-486f-bbf4-b40c667dbdb7?api-version=2021-06-01
  response:
    body:
      string: "{\r\n  \"id\": \"/subscriptions/00000000-0000-0000-0000-000000000000/providers/Microsoft.Cache/locations/West
        US 2/asyncOperations/94d522a5-3ed1-486f-bbf4-b40c667dbdb7\",\r\n  \"name\":
        \"94d522a5-3ed1-486f-bbf4-b40c667dbdb7\",\r\n  \"status\": \"InProgress\",\r\n
        \ \"startTime\": null,\r\n  \"endTime\": null,\r\n  \"percentComplete\": null,\r\n
        \ \"properties\": null,\r\n  \"error\": null\r\n}"
    headers:
      azure-asyncoperation:
      - https://management.azure.com/subscriptions/00000000-0000-0000-0000-000000000000/providers/Microsoft.Cache/locations/West
        US 2/asyncOperations/94d522a5-3ed1-486f-bbf4-b40c667dbdb7?api-version=2021-06-01
      cache-control:
      - no-cache
      content-length:
      - '355'
      content-type:
      - application/json
      date:
      - Mon, 27 Dec 2021 20:42:06 GMT
      expires:
      - '-1'
      pragma:
      - no-cache
      server:
      - Microsoft-HTTPAPI/2.0
      strict-transport-security:
      - max-age=31536000; includeSubDomains
      transfer-encoding:
      - chunked
      vary:
      - Accept-Encoding
      x-content-type-options:
      - nosniff
      x-rp-server-mvid:
      - d4ea5ce3-f7e2-40fb-b84e-6ac2f809a5f4
    status:
      code: 200
      message: OK
- request:
    body: null
    headers:
      Accept:
      - '*/*'
      Accept-Encoding:
      - gzip, deflate
      CommandName:
      - redis create
      Connection:
      - keep-alive
      ParameterSetName:
      - -n -g -l --sku --vm-size
      User-Agent:
      - AZURECLI/2.31.0 azsdk-python-mgmt-redis/13.1.0 Python/3.9.9 (Windows-10-10.0.22000-SP0)
    method: GET
    uri: https://management.azure.com/subscriptions/00000000-0000-0000-0000-000000000000/providers/Microsoft.Cache/locations/West%20US%202/asyncOperations/94d522a5-3ed1-486f-bbf4-b40c667dbdb7?api-version=2021-06-01
  response:
    body:
      string: "{\r\n  \"id\": \"/subscriptions/00000000-0000-0000-0000-000000000000/providers/Microsoft.Cache/locations/West
        US 2/asyncOperations/94d522a5-3ed1-486f-bbf4-b40c667dbdb7\",\r\n  \"name\":
        \"94d522a5-3ed1-486f-bbf4-b40c667dbdb7\",\r\n  \"status\": \"InProgress\",\r\n
        \ \"startTime\": null,\r\n  \"endTime\": null,\r\n  \"percentComplete\": null,\r\n
        \ \"properties\": null,\r\n  \"error\": null\r\n}"
    headers:
      azure-asyncoperation:
      - https://management.azure.com/subscriptions/00000000-0000-0000-0000-000000000000/providers/Microsoft.Cache/locations/West
        US 2/asyncOperations/94d522a5-3ed1-486f-bbf4-b40c667dbdb7?api-version=2021-06-01
      cache-control:
      - no-cache
      content-length:
      - '355'
      content-type:
      - application/json
      date:
      - Mon, 27 Dec 2021 20:42:36 GMT
      expires:
      - '-1'
      pragma:
      - no-cache
      server:
      - Microsoft-HTTPAPI/2.0
      strict-transport-security:
      - max-age=31536000; includeSubDomains
      transfer-encoding:
      - chunked
      vary:
      - Accept-Encoding
      x-content-type-options:
      - nosniff
      x-rp-server-mvid:
      - d4ea5ce3-f7e2-40fb-b84e-6ac2f809a5f4
    status:
      code: 200
      message: OK
- request:
    body: null
    headers:
      Accept:
      - '*/*'
      Accept-Encoding:
      - gzip, deflate
      CommandName:
      - redis create
      Connection:
      - keep-alive
      ParameterSetName:
      - -n -g -l --sku --vm-size
      User-Agent:
      - AZURECLI/2.31.0 azsdk-python-mgmt-redis/13.1.0 Python/3.9.9 (Windows-10-10.0.22000-SP0)
    method: GET
    uri: https://management.azure.com/subscriptions/00000000-0000-0000-0000-000000000000/providers/Microsoft.Cache/locations/West%20US%202/asyncOperations/94d522a5-3ed1-486f-bbf4-b40c667dbdb7?api-version=2021-06-01
  response:
    body:
      string: "{\r\n  \"id\": \"/subscriptions/00000000-0000-0000-0000-000000000000/providers/Microsoft.Cache/locations/West
        US 2/asyncOperations/94d522a5-3ed1-486f-bbf4-b40c667dbdb7\",\r\n  \"name\":
        \"94d522a5-3ed1-486f-bbf4-b40c667dbdb7\",\r\n  \"status\": \"InProgress\",\r\n
        \ \"startTime\": null,\r\n  \"endTime\": null,\r\n  \"percentComplete\": null,\r\n
        \ \"properties\": null,\r\n  \"error\": null\r\n}"
    headers:
      azure-asyncoperation:
      - https://management.azure.com/subscriptions/00000000-0000-0000-0000-000000000000/providers/Microsoft.Cache/locations/West
        US 2/asyncOperations/94d522a5-3ed1-486f-bbf4-b40c667dbdb7?api-version=2021-06-01
      cache-control:
      - no-cache
      content-length:
      - '355'
      content-type:
      - application/json
      date:
      - Mon, 27 Dec 2021 20:43:06 GMT
      expires:
      - '-1'
      pragma:
      - no-cache
      server:
      - Microsoft-HTTPAPI/2.0
      strict-transport-security:
      - max-age=31536000; includeSubDomains
      transfer-encoding:
      - chunked
      vary:
      - Accept-Encoding
      x-content-type-options:
      - nosniff
      x-rp-server-mvid:
      - d4ea5ce3-f7e2-40fb-b84e-6ac2f809a5f4
    status:
      code: 200
      message: OK
- request:
    body: null
    headers:
      Accept:
      - '*/*'
      Accept-Encoding:
      - gzip, deflate
      CommandName:
      - redis create
      Connection:
      - keep-alive
      ParameterSetName:
      - -n -g -l --sku --vm-size
      User-Agent:
      - AZURECLI/2.31.0 azsdk-python-mgmt-redis/13.1.0 Python/3.9.9 (Windows-10-10.0.22000-SP0)
    method: GET
    uri: https://management.azure.com/subscriptions/00000000-0000-0000-0000-000000000000/providers/Microsoft.Cache/locations/West%20US%202/asyncOperations/94d522a5-3ed1-486f-bbf4-b40c667dbdb7?api-version=2021-06-01
  response:
    body:
      string: "{\r\n  \"id\": \"/subscriptions/00000000-0000-0000-0000-000000000000/providers/Microsoft.Cache/locations/West
        US 2/asyncOperations/94d522a5-3ed1-486f-bbf4-b40c667dbdb7\",\r\n  \"name\":
        \"94d522a5-3ed1-486f-bbf4-b40c667dbdb7\",\r\n  \"status\": \"InProgress\",\r\n
        \ \"startTime\": null,\r\n  \"endTime\": null,\r\n  \"percentComplete\": null,\r\n
        \ \"properties\": null,\r\n  \"error\": null\r\n}"
    headers:
      azure-asyncoperation:
      - https://management.azure.com/subscriptions/00000000-0000-0000-0000-000000000000/providers/Microsoft.Cache/locations/West
        US 2/asyncOperations/94d522a5-3ed1-486f-bbf4-b40c667dbdb7?api-version=2021-06-01
      cache-control:
      - no-cache
      content-length:
      - '355'
      content-type:
      - application/json
      date:
      - Mon, 27 Dec 2021 20:43:36 GMT
      expires:
      - '-1'
      pragma:
      - no-cache
      server:
      - Microsoft-HTTPAPI/2.0
      strict-transport-security:
      - max-age=31536000; includeSubDomains
      transfer-encoding:
      - chunked
      vary:
      - Accept-Encoding
      x-content-type-options:
      - nosniff
      x-rp-server-mvid:
      - d4ea5ce3-f7e2-40fb-b84e-6ac2f809a5f4
    status:
      code: 200
      message: OK
- request:
    body: null
    headers:
      Accept:
      - '*/*'
      Accept-Encoding:
      - gzip, deflate
      CommandName:
      - redis create
      Connection:
      - keep-alive
      ParameterSetName:
      - -n -g -l --sku --vm-size
      User-Agent:
      - AZURECLI/2.31.0 azsdk-python-mgmt-redis/13.1.0 Python/3.9.9 (Windows-10-10.0.22000-SP0)
    method: GET
    uri: https://management.azure.com/subscriptions/00000000-0000-0000-0000-000000000000/providers/Microsoft.Cache/locations/West%20US%202/asyncOperations/94d522a5-3ed1-486f-bbf4-b40c667dbdb7?api-version=2021-06-01
  response:
    body:
      string: "{\r\n  \"id\": \"/subscriptions/00000000-0000-0000-0000-000000000000/providers/Microsoft.Cache/locations/West
        US 2/asyncOperations/94d522a5-3ed1-486f-bbf4-b40c667dbdb7\",\r\n  \"name\":
        \"94d522a5-3ed1-486f-bbf4-b40c667dbdb7\",\r\n  \"status\": \"InProgress\",\r\n
        \ \"startTime\": null,\r\n  \"endTime\": null,\r\n  \"percentComplete\": null,\r\n
        \ \"properties\": null,\r\n  \"error\": null\r\n}"
    headers:
      azure-asyncoperation:
      - https://management.azure.com/subscriptions/00000000-0000-0000-0000-000000000000/providers/Microsoft.Cache/locations/West
        US 2/asyncOperations/94d522a5-3ed1-486f-bbf4-b40c667dbdb7?api-version=2021-06-01
      cache-control:
      - no-cache
      content-length:
      - '355'
      content-type:
      - application/json
      date:
      - Mon, 27 Dec 2021 20:44:07 GMT
      expires:
      - '-1'
      pragma:
      - no-cache
      server:
      - Microsoft-HTTPAPI/2.0
      strict-transport-security:
      - max-age=31536000; includeSubDomains
      transfer-encoding:
      - chunked
      vary:
      - Accept-Encoding
      x-content-type-options:
      - nosniff
      x-rp-server-mvid:
      - d4ea5ce3-f7e2-40fb-b84e-6ac2f809a5f4
    status:
      code: 200
      message: OK
- request:
    body: null
    headers:
      Accept:
      - '*/*'
      Accept-Encoding:
      - gzip, deflate
      CommandName:
      - redis create
      Connection:
      - keep-alive
      ParameterSetName:
      - -n -g -l --sku --vm-size
      User-Agent:
      - AZURECLI/2.31.0 azsdk-python-mgmt-redis/13.1.0 Python/3.9.9 (Windows-10-10.0.22000-SP0)
    method: GET
    uri: https://management.azure.com/subscriptions/00000000-0000-0000-0000-000000000000/providers/Microsoft.Cache/locations/West%20US%202/asyncOperations/94d522a5-3ed1-486f-bbf4-b40c667dbdb7?api-version=2021-06-01
  response:
    body:
      string: "{\r\n  \"id\": \"/subscriptions/00000000-0000-0000-0000-000000000000/providers/Microsoft.Cache/locations/West
        US 2/asyncOperations/94d522a5-3ed1-486f-bbf4-b40c667dbdb7\",\r\n  \"name\":
        \"94d522a5-3ed1-486f-bbf4-b40c667dbdb7\",\r\n  \"status\": \"InProgress\",\r\n
        \ \"startTime\": null,\r\n  \"endTime\": null,\r\n  \"percentComplete\": null,\r\n
        \ \"properties\": null,\r\n  \"error\": null\r\n}"
    headers:
      azure-asyncoperation:
      - https://management.azure.com/subscriptions/00000000-0000-0000-0000-000000000000/providers/Microsoft.Cache/locations/West
        US 2/asyncOperations/94d522a5-3ed1-486f-bbf4-b40c667dbdb7?api-version=2021-06-01
      cache-control:
      - no-cache
      content-length:
      - '355'
      content-type:
      - application/json
      date:
      - Mon, 27 Dec 2021 20:44:38 GMT
      expires:
      - '-1'
      pragma:
      - no-cache
      server:
      - Microsoft-HTTPAPI/2.0
      strict-transport-security:
      - max-age=31536000; includeSubDomains
      transfer-encoding:
      - chunked
      vary:
      - Accept-Encoding
      x-content-type-options:
      - nosniff
      x-rp-server-mvid:
      - d4ea5ce3-f7e2-40fb-b84e-6ac2f809a5f4
    status:
      code: 200
      message: OK
- request:
    body: null
    headers:
      Accept:
      - '*/*'
      Accept-Encoding:
      - gzip, deflate
      CommandName:
      - redis create
      Connection:
      - keep-alive
      ParameterSetName:
      - -n -g -l --sku --vm-size
      User-Agent:
      - AZURECLI/2.31.0 azsdk-python-mgmt-redis/13.1.0 Python/3.9.9 (Windows-10-10.0.22000-SP0)
    method: GET
    uri: https://management.azure.com/subscriptions/00000000-0000-0000-0000-000000000000/providers/Microsoft.Cache/locations/West%20US%202/asyncOperations/94d522a5-3ed1-486f-bbf4-b40c667dbdb7?api-version=2021-06-01
  response:
    body:
      string: "{\r\n  \"id\": \"/subscriptions/00000000-0000-0000-0000-000000000000/providers/Microsoft.Cache/locations/West
        US 2/asyncOperations/94d522a5-3ed1-486f-bbf4-b40c667dbdb7\",\r\n  \"name\":
        \"94d522a5-3ed1-486f-bbf4-b40c667dbdb7\",\r\n  \"status\": \"InProgress\",\r\n
        \ \"startTime\": null,\r\n  \"endTime\": null,\r\n  \"percentComplete\": null,\r\n
        \ \"properties\": null,\r\n  \"error\": null\r\n}"
    headers:
      azure-asyncoperation:
      - https://management.azure.com/subscriptions/00000000-0000-0000-0000-000000000000/providers/Microsoft.Cache/locations/West
        US 2/asyncOperations/94d522a5-3ed1-486f-bbf4-b40c667dbdb7?api-version=2021-06-01
      cache-control:
      - no-cache
      content-length:
      - '355'
      content-type:
      - application/json
      date:
      - Mon, 27 Dec 2021 20:45:08 GMT
      expires:
      - '-1'
      pragma:
      - no-cache
      server:
      - Microsoft-HTTPAPI/2.0
      strict-transport-security:
      - max-age=31536000; includeSubDomains
      transfer-encoding:
      - chunked
      vary:
      - Accept-Encoding
      x-content-type-options:
      - nosniff
      x-rp-server-mvid:
      - d4ea5ce3-f7e2-40fb-b84e-6ac2f809a5f4
    status:
      code: 200
      message: OK
- request:
    body: null
    headers:
      Accept:
      - '*/*'
      Accept-Encoding:
      - gzip, deflate
      CommandName:
      - redis create
      Connection:
      - keep-alive
      ParameterSetName:
      - -n -g -l --sku --vm-size
      User-Agent:
      - AZURECLI/2.31.0 azsdk-python-mgmt-redis/13.1.0 Python/3.9.9 (Windows-10-10.0.22000-SP0)
    method: GET
    uri: https://management.azure.com/subscriptions/00000000-0000-0000-0000-000000000000/providers/Microsoft.Cache/locations/West%20US%202/asyncOperations/94d522a5-3ed1-486f-bbf4-b40c667dbdb7?api-version=2021-06-01
  response:
    body:
      string: "{\r\n  \"id\": \"/subscriptions/00000000-0000-0000-0000-000000000000/providers/Microsoft.Cache/locations/West
        US 2/asyncOperations/94d522a5-3ed1-486f-bbf4-b40c667dbdb7\",\r\n  \"name\":
        \"94d522a5-3ed1-486f-bbf4-b40c667dbdb7\",\r\n  \"status\": \"InProgress\",\r\n
        \ \"startTime\": null,\r\n  \"endTime\": null,\r\n  \"percentComplete\": null,\r\n
        \ \"properties\": null,\r\n  \"error\": null\r\n}"
    headers:
      azure-asyncoperation:
      - https://management.azure.com/subscriptions/00000000-0000-0000-0000-000000000000/providers/Microsoft.Cache/locations/West
        US 2/asyncOperations/94d522a5-3ed1-486f-bbf4-b40c667dbdb7?api-version=2021-06-01
      cache-control:
      - no-cache
      content-length:
      - '355'
      content-type:
      - application/json
      date:
      - Mon, 27 Dec 2021 20:45:39 GMT
      expires:
      - '-1'
      pragma:
      - no-cache
      server:
      - Microsoft-HTTPAPI/2.0
      strict-transport-security:
      - max-age=31536000; includeSubDomains
      transfer-encoding:
      - chunked
      vary:
      - Accept-Encoding
      x-content-type-options:
      - nosniff
      x-rp-server-mvid:
      - d4ea5ce3-f7e2-40fb-b84e-6ac2f809a5f4
    status:
      code: 200
      message: OK
- request:
    body: null
    headers:
      Accept:
      - '*/*'
      Accept-Encoding:
      - gzip, deflate
      CommandName:
      - redis create
      Connection:
      - keep-alive
      ParameterSetName:
      - -n -g -l --sku --vm-size
      User-Agent:
      - AZURECLI/2.31.0 azsdk-python-mgmt-redis/13.1.0 Python/3.9.9 (Windows-10-10.0.22000-SP0)
    method: GET
    uri: https://management.azure.com/subscriptions/00000000-0000-0000-0000-000000000000/providers/Microsoft.Cache/locations/West%20US%202/asyncOperations/94d522a5-3ed1-486f-bbf4-b40c667dbdb7?api-version=2021-06-01
  response:
    body:
      string: "{\r\n  \"id\": \"/subscriptions/00000000-0000-0000-0000-000000000000/providers/Microsoft.Cache/locations/West
        US 2/asyncOperations/94d522a5-3ed1-486f-bbf4-b40c667dbdb7\",\r\n  \"name\":
        \"94d522a5-3ed1-486f-bbf4-b40c667dbdb7\",\r\n  \"status\": \"InProgress\",\r\n
        \ \"startTime\": null,\r\n  \"endTime\": null,\r\n  \"percentComplete\": null,\r\n
        \ \"properties\": null,\r\n  \"error\": null\r\n}"
    headers:
      azure-asyncoperation:
      - https://management.azure.com/subscriptions/00000000-0000-0000-0000-000000000000/providers/Microsoft.Cache/locations/West
        US 2/asyncOperations/94d522a5-3ed1-486f-bbf4-b40c667dbdb7?api-version=2021-06-01
      cache-control:
      - no-cache
      content-length:
      - '355'
      content-type:
      - application/json
      date:
      - Mon, 27 Dec 2021 20:46:09 GMT
      expires:
      - '-1'
      pragma:
      - no-cache
      server:
      - Microsoft-HTTPAPI/2.0
      strict-transport-security:
      - max-age=31536000; includeSubDomains
      transfer-encoding:
      - chunked
      vary:
      - Accept-Encoding
      x-content-type-options:
      - nosniff
      x-rp-server-mvid:
      - d4ea5ce3-f7e2-40fb-b84e-6ac2f809a5f4
    status:
      code: 200
      message: OK
- request:
    body: null
    headers:
      Accept:
      - '*/*'
      Accept-Encoding:
      - gzip, deflate
      CommandName:
      - redis create
      Connection:
      - keep-alive
      ParameterSetName:
      - -n -g -l --sku --vm-size
      User-Agent:
      - AZURECLI/2.31.0 azsdk-python-mgmt-redis/13.1.0 Python/3.9.9 (Windows-10-10.0.22000-SP0)
    method: GET
    uri: https://management.azure.com/subscriptions/00000000-0000-0000-0000-000000000000/providers/Microsoft.Cache/locations/West%20US%202/asyncOperations/94d522a5-3ed1-486f-bbf4-b40c667dbdb7?api-version=2021-06-01
  response:
    body:
      string: "{\r\n  \"id\": \"/subscriptions/00000000-0000-0000-0000-000000000000/providers/Microsoft.Cache/locations/West
        US 2/asyncOperations/94d522a5-3ed1-486f-bbf4-b40c667dbdb7\",\r\n  \"name\":
        \"94d522a5-3ed1-486f-bbf4-b40c667dbdb7\",\r\n  \"status\": \"InProgress\",\r\n
        \ \"startTime\": null,\r\n  \"endTime\": null,\r\n  \"percentComplete\": null,\r\n
        \ \"properties\": null,\r\n  \"error\": null\r\n}"
    headers:
      azure-asyncoperation:
      - https://management.azure.com/subscriptions/00000000-0000-0000-0000-000000000000/providers/Microsoft.Cache/locations/West
        US 2/asyncOperations/94d522a5-3ed1-486f-bbf4-b40c667dbdb7?api-version=2021-06-01
      cache-control:
      - no-cache
      content-length:
      - '355'
      content-type:
      - application/json
      date:
      - Mon, 27 Dec 2021 20:46:39 GMT
      expires:
      - '-1'
      pragma:
      - no-cache
      server:
      - Microsoft-HTTPAPI/2.0
      strict-transport-security:
      - max-age=31536000; includeSubDomains
      transfer-encoding:
      - chunked
      vary:
      - Accept-Encoding
      x-content-type-options:
      - nosniff
      x-rp-server-mvid:
      - d4ea5ce3-f7e2-40fb-b84e-6ac2f809a5f4
    status:
      code: 200
      message: OK
- request:
    body: null
    headers:
      Accept:
      - '*/*'
      Accept-Encoding:
      - gzip, deflate
      CommandName:
      - redis create
      Connection:
      - keep-alive
      ParameterSetName:
      - -n -g -l --sku --vm-size
      User-Agent:
      - AZURECLI/2.31.0 azsdk-python-mgmt-redis/13.1.0 Python/3.9.9 (Windows-10-10.0.22000-SP0)
    method: GET
    uri: https://management.azure.com/subscriptions/00000000-0000-0000-0000-000000000000/providers/Microsoft.Cache/locations/West%20US%202/asyncOperations/94d522a5-3ed1-486f-bbf4-b40c667dbdb7?api-version=2021-06-01
  response:
    body:
      string: "{\r\n  \"id\": \"/subscriptions/00000000-0000-0000-0000-000000000000/providers/Microsoft.Cache/locations/West
        US 2/asyncOperations/94d522a5-3ed1-486f-bbf4-b40c667dbdb7\",\r\n  \"name\":
        \"94d522a5-3ed1-486f-bbf4-b40c667dbdb7\",\r\n  \"status\": \"InProgress\",\r\n
        \ \"startTime\": null,\r\n  \"endTime\": null,\r\n  \"percentComplete\": null,\r\n
        \ \"properties\": null,\r\n  \"error\": null\r\n}"
    headers:
      azure-asyncoperation:
      - https://management.azure.com/subscriptions/00000000-0000-0000-0000-000000000000/providers/Microsoft.Cache/locations/West
        US 2/asyncOperations/94d522a5-3ed1-486f-bbf4-b40c667dbdb7?api-version=2021-06-01
      cache-control:
      - no-cache
      content-length:
      - '355'
      content-type:
      - application/json
      date:
      - Mon, 27 Dec 2021 20:47:09 GMT
      expires:
      - '-1'
      pragma:
      - no-cache
      server:
      - Microsoft-HTTPAPI/2.0
      strict-transport-security:
      - max-age=31536000; includeSubDomains
      transfer-encoding:
      - chunked
      vary:
      - Accept-Encoding
      x-content-type-options:
      - nosniff
      x-rp-server-mvid:
      - d4ea5ce3-f7e2-40fb-b84e-6ac2f809a5f4
    status:
      code: 200
      message: OK
- request:
    body: null
    headers:
      Accept:
      - '*/*'
      Accept-Encoding:
      - gzip, deflate
      CommandName:
      - redis create
      Connection:
      - keep-alive
      ParameterSetName:
      - -n -g -l --sku --vm-size
      User-Agent:
      - AZURECLI/2.31.0 azsdk-python-mgmt-redis/13.1.0 Python/3.9.9 (Windows-10-10.0.22000-SP0)
    method: GET
    uri: https://management.azure.com/subscriptions/00000000-0000-0000-0000-000000000000/providers/Microsoft.Cache/locations/West%20US%202/asyncOperations/94d522a5-3ed1-486f-bbf4-b40c667dbdb7?api-version=2021-06-01
  response:
    body:
      string: "{\r\n  \"id\": \"/subscriptions/00000000-0000-0000-0000-000000000000/providers/Microsoft.Cache/locations/West
        US 2/asyncOperations/94d522a5-3ed1-486f-bbf4-b40c667dbdb7\",\r\n  \"name\":
        \"94d522a5-3ed1-486f-bbf4-b40c667dbdb7\",\r\n  \"status\": \"InProgress\",\r\n
        \ \"startTime\": null,\r\n  \"endTime\": null,\r\n  \"percentComplete\": null,\r\n
        \ \"properties\": null,\r\n  \"error\": null\r\n}"
    headers:
      azure-asyncoperation:
      - https://management.azure.com/subscriptions/00000000-0000-0000-0000-000000000000/providers/Microsoft.Cache/locations/West
        US 2/asyncOperations/94d522a5-3ed1-486f-bbf4-b40c667dbdb7?api-version=2021-06-01
      cache-control:
      - no-cache
      content-length:
      - '355'
      content-type:
      - application/json
      date:
      - Mon, 27 Dec 2021 20:47:40 GMT
      expires:
      - '-1'
      pragma:
      - no-cache
      server:
      - Microsoft-HTTPAPI/2.0
      strict-transport-security:
      - max-age=31536000; includeSubDomains
      transfer-encoding:
      - chunked
      vary:
      - Accept-Encoding
      x-content-type-options:
      - nosniff
      x-rp-server-mvid:
      - d4ea5ce3-f7e2-40fb-b84e-6ac2f809a5f4
    status:
      code: 200
      message: OK
- request:
    body: null
    headers:
      Accept:
      - '*/*'
      Accept-Encoding:
      - gzip, deflate
      CommandName:
      - redis create
      Connection:
      - keep-alive
      ParameterSetName:
      - -n -g -l --sku --vm-size
      User-Agent:
      - AZURECLI/2.31.0 azsdk-python-mgmt-redis/13.1.0 Python/3.9.9 (Windows-10-10.0.22000-SP0)
    method: GET
    uri: https://management.azure.com/subscriptions/00000000-0000-0000-0000-000000000000/providers/Microsoft.Cache/locations/West%20US%202/asyncOperations/94d522a5-3ed1-486f-bbf4-b40c667dbdb7?api-version=2021-06-01
  response:
    body:
      string: "{\r\n  \"id\": \"/subscriptions/00000000-0000-0000-0000-000000000000/providers/Microsoft.Cache/locations/West
        US 2/asyncOperations/94d522a5-3ed1-486f-bbf4-b40c667dbdb7\",\r\n  \"name\":
        \"94d522a5-3ed1-486f-bbf4-b40c667dbdb7\",\r\n  \"status\": \"InProgress\",\r\n
        \ \"startTime\": null,\r\n  \"endTime\": null,\r\n  \"percentComplete\": null,\r\n
        \ \"properties\": null,\r\n  \"error\": null\r\n}"
    headers:
      azure-asyncoperation:
      - https://management.azure.com/subscriptions/00000000-0000-0000-0000-000000000000/providers/Microsoft.Cache/locations/West
        US 2/asyncOperations/94d522a5-3ed1-486f-bbf4-b40c667dbdb7?api-version=2021-06-01
      cache-control:
      - no-cache
      content-length:
      - '355'
      content-type:
      - application/json
      date:
      - Mon, 27 Dec 2021 20:48:10 GMT
      expires:
      - '-1'
      pragma:
      - no-cache
      server:
      - Microsoft-HTTPAPI/2.0
      strict-transport-security:
      - max-age=31536000; includeSubDomains
      transfer-encoding:
      - chunked
      vary:
      - Accept-Encoding
      x-content-type-options:
      - nosniff
      x-rp-server-mvid:
      - d4ea5ce3-f7e2-40fb-b84e-6ac2f809a5f4
    status:
      code: 200
      message: OK
- request:
    body: null
    headers:
      Accept:
      - '*/*'
      Accept-Encoding:
      - gzip, deflate
      CommandName:
      - redis create
      Connection:
      - keep-alive
      ParameterSetName:
      - -n -g -l --sku --vm-size
      User-Agent:
      - AZURECLI/2.31.0 azsdk-python-mgmt-redis/13.1.0 Python/3.9.9 (Windows-10-10.0.22000-SP0)
    method: GET
    uri: https://management.azure.com/subscriptions/00000000-0000-0000-0000-000000000000/providers/Microsoft.Cache/locations/West%20US%202/asyncOperations/94d522a5-3ed1-486f-bbf4-b40c667dbdb7?api-version=2021-06-01
  response:
    body:
      string: "{\r\n  \"id\": \"/subscriptions/00000000-0000-0000-0000-000000000000/providers/Microsoft.Cache/locations/West
        US 2/asyncOperations/94d522a5-3ed1-486f-bbf4-b40c667dbdb7\",\r\n  \"name\":
        \"94d522a5-3ed1-486f-bbf4-b40c667dbdb7\",\r\n  \"status\": \"InProgress\",\r\n
        \ \"startTime\": null,\r\n  \"endTime\": null,\r\n  \"percentComplete\": null,\r\n
        \ \"properties\": null,\r\n  \"error\": null\r\n}"
    headers:
      azure-asyncoperation:
      - https://management.azure.com/subscriptions/00000000-0000-0000-0000-000000000000/providers/Microsoft.Cache/locations/West
        US 2/asyncOperations/94d522a5-3ed1-486f-bbf4-b40c667dbdb7?api-version=2021-06-01
      cache-control:
      - no-cache
      content-length:
      - '355'
      content-type:
      - application/json
      date:
      - Mon, 27 Dec 2021 20:48:41 GMT
      expires:
      - '-1'
      pragma:
      - no-cache
      server:
      - Microsoft-HTTPAPI/2.0
      strict-transport-security:
      - max-age=31536000; includeSubDomains
      transfer-encoding:
      - chunked
      vary:
      - Accept-Encoding
      x-content-type-options:
      - nosniff
      x-rp-server-mvid:
      - d4ea5ce3-f7e2-40fb-b84e-6ac2f809a5f4
    status:
      code: 200
      message: OK
- request:
    body: null
    headers:
      Accept:
      - '*/*'
      Accept-Encoding:
      - gzip, deflate
      CommandName:
      - redis create
      Connection:
      - keep-alive
      ParameterSetName:
      - -n -g -l --sku --vm-size
      User-Agent:
      - AZURECLI/2.31.0 azsdk-python-mgmt-redis/13.1.0 Python/3.9.9 (Windows-10-10.0.22000-SP0)
    method: GET
    uri: https://management.azure.com/subscriptions/00000000-0000-0000-0000-000000000000/providers/Microsoft.Cache/locations/West%20US%202/asyncOperations/94d522a5-3ed1-486f-bbf4-b40c667dbdb7?api-version=2021-06-01
  response:
    body:
      string: "{\r\n  \"id\": \"/subscriptions/00000000-0000-0000-0000-000000000000/providers/Microsoft.Cache/locations/West
        US 2/asyncOperations/94d522a5-3ed1-486f-bbf4-b40c667dbdb7\",\r\n  \"name\":
        \"94d522a5-3ed1-486f-bbf4-b40c667dbdb7\",\r\n  \"status\": \"InProgress\",\r\n
        \ \"startTime\": null,\r\n  \"endTime\": null,\r\n  \"percentComplete\": null,\r\n
        \ \"properties\": null,\r\n  \"error\": null\r\n}"
    headers:
      azure-asyncoperation:
      - https://management.azure.com/subscriptions/00000000-0000-0000-0000-000000000000/providers/Microsoft.Cache/locations/West
        US 2/asyncOperations/94d522a5-3ed1-486f-bbf4-b40c667dbdb7?api-version=2021-06-01
      cache-control:
      - no-cache
      content-length:
      - '355'
      content-type:
      - application/json
      date:
      - Mon, 27 Dec 2021 20:49:11 GMT
      expires:
      - '-1'
      pragma:
      - no-cache
      server:
      - Microsoft-HTTPAPI/2.0
      strict-transport-security:
      - max-age=31536000; includeSubDomains
      transfer-encoding:
      - chunked
      vary:
      - Accept-Encoding
      x-content-type-options:
      - nosniff
      x-rp-server-mvid:
      - d4ea5ce3-f7e2-40fb-b84e-6ac2f809a5f4
    status:
      code: 200
      message: OK
- request:
    body: null
    headers:
      Accept:
      - '*/*'
      Accept-Encoding:
      - gzip, deflate
      CommandName:
      - redis create
      Connection:
      - keep-alive
      ParameterSetName:
      - -n -g -l --sku --vm-size
      User-Agent:
      - AZURECLI/2.31.0 azsdk-python-mgmt-redis/13.1.0 Python/3.9.9 (Windows-10-10.0.22000-SP0)
    method: GET
    uri: https://management.azure.com/subscriptions/00000000-0000-0000-0000-000000000000/providers/Microsoft.Cache/locations/West%20US%202/asyncOperations/94d522a5-3ed1-486f-bbf4-b40c667dbdb7?api-version=2021-06-01
  response:
    body:
      string: "{\r\n  \"id\": \"/subscriptions/00000000-0000-0000-0000-000000000000/providers/Microsoft.Cache/locations/West
        US 2/asyncOperations/94d522a5-3ed1-486f-bbf4-b40c667dbdb7\",\r\n  \"name\":
        \"94d522a5-3ed1-486f-bbf4-b40c667dbdb7\",\r\n  \"status\": \"InProgress\",\r\n
        \ \"startTime\": null,\r\n  \"endTime\": null,\r\n  \"percentComplete\": null,\r\n
        \ \"properties\": null,\r\n  \"error\": null\r\n}"
    headers:
      azure-asyncoperation:
      - https://management.azure.com/subscriptions/00000000-0000-0000-0000-000000000000/providers/Microsoft.Cache/locations/West
        US 2/asyncOperations/94d522a5-3ed1-486f-bbf4-b40c667dbdb7?api-version=2021-06-01
      cache-control:
      - no-cache
      content-length:
      - '355'
      content-type:
      - application/json
      date:
      - Mon, 27 Dec 2021 20:49:41 GMT
      expires:
      - '-1'
      pragma:
      - no-cache
      server:
      - Microsoft-HTTPAPI/2.0
      strict-transport-security:
      - max-age=31536000; includeSubDomains
      transfer-encoding:
      - chunked
      vary:
      - Accept-Encoding
      x-content-type-options:
      - nosniff
      x-rp-server-mvid:
      - d4ea5ce3-f7e2-40fb-b84e-6ac2f809a5f4
    status:
      code: 200
      message: OK
- request:
    body: null
    headers:
      Accept:
      - '*/*'
      Accept-Encoding:
      - gzip, deflate
      CommandName:
      - redis create
      Connection:
      - keep-alive
      ParameterSetName:
      - -n -g -l --sku --vm-size
      User-Agent:
      - AZURECLI/2.31.0 azsdk-python-mgmt-redis/13.1.0 Python/3.9.9 (Windows-10-10.0.22000-SP0)
    method: GET
    uri: https://management.azure.com/subscriptions/00000000-0000-0000-0000-000000000000/providers/Microsoft.Cache/locations/West%20US%202/asyncOperations/94d522a5-3ed1-486f-bbf4-b40c667dbdb7?api-version=2021-06-01
  response:
    body:
      string: "{\r\n  \"id\": \"/subscriptions/00000000-0000-0000-0000-000000000000/providers/Microsoft.Cache/locations/West
        US 2/asyncOperations/94d522a5-3ed1-486f-bbf4-b40c667dbdb7\",\r\n  \"name\":
        \"94d522a5-3ed1-486f-bbf4-b40c667dbdb7\",\r\n  \"status\": \"InProgress\",\r\n
        \ \"startTime\": null,\r\n  \"endTime\": null,\r\n  \"percentComplete\": null,\r\n
        \ \"properties\": null,\r\n  \"error\": null\r\n}"
    headers:
      azure-asyncoperation:
      - https://management.azure.com/subscriptions/00000000-0000-0000-0000-000000000000/providers/Microsoft.Cache/locations/West
        US 2/asyncOperations/94d522a5-3ed1-486f-bbf4-b40c667dbdb7?api-version=2021-06-01
      cache-control:
      - no-cache
      content-length:
      - '355'
      content-type:
      - application/json
      date:
      - Mon, 27 Dec 2021 20:50:11 GMT
      expires:
      - '-1'
      pragma:
      - no-cache
      server:
      - Microsoft-HTTPAPI/2.0
      strict-transport-security:
      - max-age=31536000; includeSubDomains
      transfer-encoding:
      - chunked
      vary:
      - Accept-Encoding
      x-content-type-options:
      - nosniff
      x-rp-server-mvid:
      - d4ea5ce3-f7e2-40fb-b84e-6ac2f809a5f4
    status:
      code: 200
      message: OK
- request:
    body: null
    headers:
      Accept:
      - '*/*'
      Accept-Encoding:
      - gzip, deflate
      CommandName:
      - redis create
      Connection:
      - keep-alive
      ParameterSetName:
      - -n -g -l --sku --vm-size
      User-Agent:
      - AZURECLI/2.31.0 azsdk-python-mgmt-redis/13.1.0 Python/3.9.9 (Windows-10-10.0.22000-SP0)
    method: GET
    uri: https://management.azure.com/subscriptions/00000000-0000-0000-0000-000000000000/providers/Microsoft.Cache/locations/West%20US%202/asyncOperations/94d522a5-3ed1-486f-bbf4-b40c667dbdb7?api-version=2021-06-01
  response:
    body:
      string: "{\r\n  \"id\": \"/subscriptions/00000000-0000-0000-0000-000000000000/providers/Microsoft.Cache/locations/West
        US 2/asyncOperations/94d522a5-3ed1-486f-bbf4-b40c667dbdb7\",\r\n  \"name\":
        \"94d522a5-3ed1-486f-bbf4-b40c667dbdb7\",\r\n  \"status\": \"InProgress\",\r\n
        \ \"startTime\": null,\r\n  \"endTime\": null,\r\n  \"percentComplete\": null,\r\n
        \ \"properties\": null,\r\n  \"error\": null\r\n}"
    headers:
      azure-asyncoperation:
      - https://management.azure.com/subscriptions/00000000-0000-0000-0000-000000000000/providers/Microsoft.Cache/locations/West
        US 2/asyncOperations/94d522a5-3ed1-486f-bbf4-b40c667dbdb7?api-version=2021-06-01
      cache-control:
      - no-cache
      content-length:
      - '355'
      content-type:
      - application/json
      date:
      - Mon, 27 Dec 2021 20:50:42 GMT
      expires:
      - '-1'
      pragma:
      - no-cache
      server:
      - Microsoft-HTTPAPI/2.0
      strict-transport-security:
      - max-age=31536000; includeSubDomains
      transfer-encoding:
      - chunked
      vary:
      - Accept-Encoding
      x-content-type-options:
      - nosniff
      x-rp-server-mvid:
      - d4ea5ce3-f7e2-40fb-b84e-6ac2f809a5f4
    status:
      code: 200
      message: OK
- request:
    body: null
    headers:
      Accept:
      - '*/*'
      Accept-Encoding:
      - gzip, deflate
      CommandName:
      - redis create
      Connection:
      - keep-alive
      ParameterSetName:
      - -n -g -l --sku --vm-size
      User-Agent:
      - AZURECLI/2.31.0 azsdk-python-mgmt-redis/13.1.0 Python/3.9.9 (Windows-10-10.0.22000-SP0)
    method: GET
    uri: https://management.azure.com/subscriptions/00000000-0000-0000-0000-000000000000/providers/Microsoft.Cache/locations/West%20US%202/asyncOperations/94d522a5-3ed1-486f-bbf4-b40c667dbdb7?api-version=2021-06-01
  response:
    body:
      string: "{\r\n  \"id\": \"/subscriptions/00000000-0000-0000-0000-000000000000/providers/Microsoft.Cache/locations/West
        US 2/asyncOperations/94d522a5-3ed1-486f-bbf4-b40c667dbdb7\",\r\n  \"name\":
        \"94d522a5-3ed1-486f-bbf4-b40c667dbdb7\",\r\n  \"status\": \"InProgress\",\r\n
        \ \"startTime\": null,\r\n  \"endTime\": null,\r\n  \"percentComplete\": null,\r\n
        \ \"properties\": null,\r\n  \"error\": null\r\n}"
    headers:
      azure-asyncoperation:
      - https://management.azure.com/subscriptions/00000000-0000-0000-0000-000000000000/providers/Microsoft.Cache/locations/West
        US 2/asyncOperations/94d522a5-3ed1-486f-bbf4-b40c667dbdb7?api-version=2021-06-01
      cache-control:
      - no-cache
      content-length:
      - '355'
      content-type:
      - application/json
      date:
      - Mon, 27 Dec 2021 20:51:32 GMT
      expires:
      - '-1'
      pragma:
      - no-cache
      server:
      - Microsoft-HTTPAPI/2.0
      strict-transport-security:
      - max-age=31536000; includeSubDomains
      transfer-encoding:
      - chunked
      vary:
      - Accept-Encoding
      x-content-type-options:
      - nosniff
      x-rp-server-mvid:
      - d4ea5ce3-f7e2-40fb-b84e-6ac2f809a5f4
    status:
      code: 200
      message: OK
- request:
    body: null
    headers:
      Accept:
      - '*/*'
      Accept-Encoding:
      - gzip, deflate
      CommandName:
      - redis create
      Connection:
      - keep-alive
      ParameterSetName:
      - -n -g -l --sku --vm-size
      User-Agent:
      - AZURECLI/2.31.0 azsdk-python-mgmt-redis/13.1.0 Python/3.9.9 (Windows-10-10.0.22000-SP0)
    method: GET
    uri: https://management.azure.com/subscriptions/00000000-0000-0000-0000-000000000000/providers/Microsoft.Cache/locations/West%20US%202/asyncOperations/94d522a5-3ed1-486f-bbf4-b40c667dbdb7?api-version=2021-06-01
  response:
    body:
      string: "{\r\n  \"id\": \"/subscriptions/00000000-0000-0000-0000-000000000000/providers/Microsoft.Cache/locations/West
        US 2/asyncOperations/94d522a5-3ed1-486f-bbf4-b40c667dbdb7\",\r\n  \"name\":
        \"94d522a5-3ed1-486f-bbf4-b40c667dbdb7\",\r\n  \"status\": \"InProgress\",\r\n
        \ \"startTime\": null,\r\n  \"endTime\": null,\r\n  \"percentComplete\": null,\r\n
        \ \"properties\": null,\r\n  \"error\": null\r\n}"
    headers:
      azure-asyncoperation:
      - https://management.azure.com/subscriptions/00000000-0000-0000-0000-000000000000/providers/Microsoft.Cache/locations/West
        US 2/asyncOperations/94d522a5-3ed1-486f-bbf4-b40c667dbdb7?api-version=2021-06-01
      cache-control:
      - no-cache
      content-length:
      - '355'
      content-type:
      - application/json
      date:
      - Mon, 27 Dec 2021 20:52:02 GMT
      expires:
      - '-1'
      pragma:
      - no-cache
      server:
      - Microsoft-HTTPAPI/2.0
      strict-transport-security:
      - max-age=31536000; includeSubDomains
      transfer-encoding:
      - chunked
      vary:
      - Accept-Encoding
      x-content-type-options:
      - nosniff
      x-rp-server-mvid:
      - d4ea5ce3-f7e2-40fb-b84e-6ac2f809a5f4
    status:
      code: 200
      message: OK
- request:
    body: null
    headers:
      Accept:
      - '*/*'
      Accept-Encoding:
      - gzip, deflate
      CommandName:
      - redis create
      Connection:
      - keep-alive
      ParameterSetName:
      - -n -g -l --sku --vm-size
      User-Agent:
      - AZURECLI/2.31.0 azsdk-python-mgmt-redis/13.1.0 Python/3.9.9 (Windows-10-10.0.22000-SP0)
    method: GET
    uri: https://management.azure.com/subscriptions/00000000-0000-0000-0000-000000000000/providers/Microsoft.Cache/locations/West%20US%202/asyncOperations/94d522a5-3ed1-486f-bbf4-b40c667dbdb7?api-version=2021-06-01
  response:
    body:
      string: "{\r\n  \"id\": \"/subscriptions/00000000-0000-0000-0000-000000000000/providers/Microsoft.Cache/locations/West
        US 2/asyncOperations/94d522a5-3ed1-486f-bbf4-b40c667dbdb7\",\r\n  \"name\":
        \"94d522a5-3ed1-486f-bbf4-b40c667dbdb7\",\r\n  \"status\": \"InProgress\",\r\n
        \ \"startTime\": null,\r\n  \"endTime\": null,\r\n  \"percentComplete\": null,\r\n
        \ \"properties\": null,\r\n  \"error\": null\r\n}"
    headers:
      azure-asyncoperation:
      - https://management.azure.com/subscriptions/00000000-0000-0000-0000-000000000000/providers/Microsoft.Cache/locations/West
        US 2/asyncOperations/94d522a5-3ed1-486f-bbf4-b40c667dbdb7?api-version=2021-06-01
      cache-control:
      - no-cache
      content-length:
      - '355'
      content-type:
      - application/json
      date:
      - Mon, 27 Dec 2021 20:52:33 GMT
      expires:
      - '-1'
      pragma:
      - no-cache
      server:
      - Microsoft-HTTPAPI/2.0
      strict-transport-security:
      - max-age=31536000; includeSubDomains
      transfer-encoding:
      - chunked
      vary:
      - Accept-Encoding
      x-content-type-options:
      - nosniff
      x-rp-server-mvid:
      - d4ea5ce3-f7e2-40fb-b84e-6ac2f809a5f4
    status:
      code: 200
      message: OK
- request:
    body: null
    headers:
      Accept:
      - '*/*'
      Accept-Encoding:
      - gzip, deflate
      CommandName:
      - redis create
      Connection:
      - keep-alive
      ParameterSetName:
      - -n -g -l --sku --vm-size
      User-Agent:
      - AZURECLI/2.31.0 azsdk-python-mgmt-redis/13.1.0 Python/3.9.9 (Windows-10-10.0.22000-SP0)
    method: GET
    uri: https://management.azure.com/subscriptions/00000000-0000-0000-0000-000000000000/providers/Microsoft.Cache/locations/West%20US%202/asyncOperations/94d522a5-3ed1-486f-bbf4-b40c667dbdb7?api-version=2021-06-01
  response:
    body:
      string: "{\r\n  \"id\": \"/subscriptions/00000000-0000-0000-0000-000000000000/providers/Microsoft.Cache/locations/West
        US 2/asyncOperations/94d522a5-3ed1-486f-bbf4-b40c667dbdb7\",\r\n  \"name\":
        \"94d522a5-3ed1-486f-bbf4-b40c667dbdb7\",\r\n  \"status\": \"Succeeded\",\r\n
        \ \"startTime\": null,\r\n  \"endTime\": null,\r\n  \"percentComplete\": null,\r\n
        \ \"properties\": null,\r\n  \"error\": null\r\n}"
    headers:
      azure-asyncoperation:
      - https://management.azure.com/subscriptions/00000000-0000-0000-0000-000000000000/providers/Microsoft.Cache/locations/West
        US 2/asyncOperations/94d522a5-3ed1-486f-bbf4-b40c667dbdb7?api-version=2021-06-01
      cache-control:
      - no-cache
      content-length:
      - '354'
      content-type:
      - application/json
      date:
      - Mon, 27 Dec 2021 20:53:03 GMT
      expires:
      - '-1'
      pragma:
      - no-cache
      server:
      - Microsoft-HTTPAPI/2.0
      strict-transport-security:
      - max-age=31536000; includeSubDomains
      transfer-encoding:
      - chunked
      vary:
      - Accept-Encoding
      x-content-type-options:
      - nosniff
      x-rp-server-mvid:
      - d4ea5ce3-f7e2-40fb-b84e-6ac2f809a5f4
    status:
      code: 200
      message: OK
- request:
    body: null
    headers:
      Accept:
      - '*/*'
      Accept-Encoding:
      - gzip, deflate
      CommandName:
      - redis create
      Connection:
      - keep-alive
      ParameterSetName:
      - -n -g -l --sku --vm-size
      User-Agent:
      - AZURECLI/2.31.0 azsdk-python-mgmt-redis/13.1.0 Python/3.9.9 (Windows-10-10.0.22000-SP0)
    method: GET
    uri: https://management.azure.com/subscriptions/00000000-0000-0000-0000-000000000000/resourceGroups/cli_test_redis000001/providers/Microsoft.Cache/redis/cliredis000002?api-version=2021-06-01
  response:
    body:
      string: '{"id":"/subscriptions/00000000-0000-0000-0000-000000000000/resourceGroups/cli_test_redis000001/providers/Microsoft.Cache/Redis/cliredis000002","location":"West
        US 2","name":"cliredis000002","type":"Microsoft.Cache/Redis","tags":{},"properties":{"provisioningState":"Succeeded","redisVersion":"4.0.14","sku":{"name":"Basic","family":"C","capacity":0},"enableNonSslPort":false,"instances":[{"sslPort":15000,"isMaster":true,"isPrimary":true}],"publicNetworkAccess":"Enabled","tenantSettings":{},"redisConfiguration":{"maxclients":"256","maxmemory-reserved":"2","maxfragmentationmemory-reserved":"12","maxmemory-delta":"2"},"accessKeys":null,"hostName":"cliredis000002.redis.cache.windows.net","port":6379,"sslPort":6380,"linkedServers":[]}}'
    headers:
      cache-control:
      - no-cache
      content-length:
      - '737'
      content-type:
      - application/json; charset=utf-8
      date:
      - Mon, 27 Dec 2021 20:53:04 GMT
      expires:
      - '-1'
      pragma:
      - no-cache
      server:
      - Microsoft-HTTPAPI/2.0
      strict-transport-security:
      - max-age=31536000; includeSubDomains
      transfer-encoding:
      - chunked
      vary:
      - Accept-Encoding
      x-content-type-options:
      - nosniff
      x-rp-server-mvid:
      - d4ea5ce3-f7e2-40fb-b84e-6ac2f809a5f4
    status:
      code: 200
      message: OK
- request:
    body: null
    headers:
      Accept:
      - application/json
      Accept-Encoding:
      - gzip, deflate
      CommandName:
      - redis list-keys
      Connection:
      - keep-alive
      Content-Length:
      - '0'
      ParameterSetName:
      - -n -g
      User-Agent:
      - AZURECLI/2.31.0 azsdk-python-mgmt-redis/13.1.0 Python/3.9.9 (Windows-10-10.0.22000-SP0)
    method: POST
    uri: https://management.azure.com/subscriptions/00000000-0000-0000-0000-000000000000/resourceGroups/cli_test_redis000001/providers/Microsoft.Cache/redis/cliredis000002/listKeys?api-version=2021-06-01
  response:
    body:
      string: '{"primaryKey":"***","secondaryKey":"****"}'
    headers:
      cache-control:
      - no-cache
      content-length:
      - '123'
      content-type:
      - application/json; charset=utf-8
      date:
      - Mon, 27 Dec 2021 20:53:05 GMT
      expires:
      - '-1'
      pragma:
      - no-cache
      server:
      - Microsoft-HTTPAPI/2.0
      strict-transport-security:
      - max-age=31536000; includeSubDomains
      transfer-encoding:
      - chunked
      vary:
      - Accept-Encoding
      x-content-type-options:
      - nosniff
      x-ms-ratelimit-remaining-subscription-writes:
      - '1199'
      x-rp-server-mvid:
      - d4ea5ce3-f7e2-40fb-b84e-6ac2f809a5f4
    status:
      code: 200
      message: OK
- request:
    body: null
    headers:
      Accept:
      - application/json
      Accept-Encoding:
      - gzip, deflate
      CommandName:
      - redis update
      Connection:
      - keep-alive
      ParameterSetName:
      - -n -g --set
      User-Agent:
      - AZURECLI/2.31.0 azsdk-python-mgmt-redis/13.1.0 Python/3.9.9 (Windows-10-10.0.22000-SP0)
    method: GET
    uri: https://management.azure.com/subscriptions/00000000-0000-0000-0000-000000000000/resourceGroups/cli_test_redis000001/providers/Microsoft.Cache/redis/cliredis000002?api-version=2021-06-01
  response:
    body:
      string: '{"id":"/subscriptions/00000000-0000-0000-0000-000000000000/resourceGroups/cli_test_redis000001/providers/Microsoft.Cache/Redis/cliredis000002","location":"West
        US 2","name":"cliredis000002","type":"Microsoft.Cache/Redis","tags":{},"properties":{"provisioningState":"Succeeded","redisVersion":"4.0.14","sku":{"name":"Basic","family":"C","capacity":0},"enableNonSslPort":false,"instances":[{"sslPort":15000,"isMaster":true,"isPrimary":true}],"publicNetworkAccess":"Enabled","tenantSettings":{},"redisConfiguration":{"maxclients":"256","maxmemory-reserved":"2","maxfragmentationmemory-reserved":"12","maxmemory-delta":"2"},"accessKeys":null,"hostName":"cliredis000002.redis.cache.windows.net","port":6379,"sslPort":6380,"linkedServers":[]}}'
    headers:
      cache-control:
      - no-cache
      content-length:
      - '737'
      content-type:
      - application/json; charset=utf-8
      date:
      - Mon, 27 Dec 2021 20:53:07 GMT
      expires:
      - '-1'
      pragma:
      - no-cache
      server:
      - Microsoft-HTTPAPI/2.0
      strict-transport-security:
      - max-age=31536000; includeSubDomains
      transfer-encoding:
      - chunked
      vary:
      - Accept-Encoding
      x-content-type-options:
      - nosniff
      x-rp-server-mvid:
      - d4ea5ce3-f7e2-40fb-b84e-6ac2f809a5f4
    status:
      code: 200
      message: OK
- request:
    body: '{"tags": {"mytag": "mytagval"}, "properties": {"redisConfiguration": {},
      "redisVersion": "4.0.14", "enableNonSslPort": false, "tenantSettings": {}, "publicNetworkAccess":
      "Enabled", "sku": {"name": "Basic", "family": "C", "capacity": 0}}}'
    headers:
      Accept:
      - application/json
      Accept-Encoding:
      - gzip, deflate
      CommandName:
      - redis update
      Connection:
      - keep-alive
      Content-Length:
      - '238'
      Content-Type:
      - application/json
      ParameterSetName:
      - -n -g --set
      User-Agent:
      - AZURECLI/2.31.0 azsdk-python-mgmt-redis/13.1.0 Python/3.9.9 (Windows-10-10.0.22000-SP0)
    method: PATCH
    uri: https://management.azure.com/subscriptions/00000000-0000-0000-0000-000000000000/resourceGroups/cli_test_redis000001/providers/Microsoft.Cache/redis/cliredis000002?api-version=2021-06-01
  response:
    body:
      string: '{"id":"/subscriptions/00000000-0000-0000-0000-000000000000/resourceGroups/cli_test_redis000001/providers/Microsoft.Cache/Redis/cliredis000002","location":"West
        US 2","name":"cliredis000002","type":"Microsoft.Cache/Redis","tags":{"mytag":"mytagval"},"properties":{"provisioningState":"Succeeded","redisVersion":"4.0.14","sku":{"name":"Basic","family":"C","capacity":0},"enableNonSslPort":false,"instances":[{"sslPort":15000,"isMaster":true,"isPrimary":true}],"publicNetworkAccess":"Enabled","tenantSettings":{},"redisConfiguration":{"maxclients":"256","maxmemory-reserved":"2","maxfragmentationmemory-reserved":"12","maxmemory-delta":"2"},"accessKeys":null,"hostName":"cliredis000002.redis.cache.windows.net","port":6379,"sslPort":6380,"linkedServers":[]}}'
    headers:
      cache-control:
      - no-cache
      content-length:
      - '755'
      content-type:
      - application/json; charset=utf-8
      date:
      - Mon, 27 Dec 2021 20:53:10 GMT
      expires:
      - '-1'
      pragma:
      - no-cache
      server:
      - Microsoft-HTTPAPI/2.0
      strict-transport-security:
      - max-age=31536000; includeSubDomains
      transfer-encoding:
      - chunked
      vary:
      - Accept-Encoding
      x-content-type-options:
      - nosniff
      x-ms-ratelimit-remaining-subscription-writes:
      - '1192'
      x-rp-server-mvid:
      - d4ea5ce3-f7e2-40fb-b84e-6ac2f809a5f4
    status:
      code: 200
      message: OK
version: 1
