interactions:
- request:
    body: '{"properties": {"tenantSettings": {}, "sku": {"name": "Premium", "family":
      "p", "capacity": 1}}, "location": "WestUS2"}'
    headers:
      Accept:
      - application/json
      Accept-Encoding:
      - gzip, deflate
      CommandName:
      - redis create
      Connection:
      - keep-alive
      Content-Length:
      - '119'
      Content-Type:
      - application/json; charset=utf-8
      ParameterSetName:
      - -n -g -l --sku --vm-size
      User-Agent:
      - python/3.9.6 (Windows-10-10.0.19043-SP0) msrest/0.6.21 msrest_azure/0.6.3
        azure-mgmt-redis/7.0.0rc1 Azure-SDK-For-Python AZURECLI/2.26.0
      accept-language:
      - en-US
    method: PUT
    uri: https://management.azure.com/subscriptions/00000000-0000-0000-0000-000000000000/resourceGroups/cli_test_redis000001/providers/Microsoft.Cache/Redis/cliredis000002?api-version=2019-07-01
  response:
    body:
      string: '{"id":"/subscriptions/00000000-0000-0000-0000-000000000000/resourceGroups/cli_test_redis000001/providers/Microsoft.Cache/Redis/cliredis000002","location":"West
        US 2","name":"cliredis000002","type":"Microsoft.Cache/Redis","tags":{},"properties":{"provisioningState":"Creating","redisVersion":"4.0.14","sku":{"name":"Premium","family":"P","capacity":1},"enableNonSslPort":false,"instances":[{"sslPort":15000,"isMaster":false},{"sslPort":15001,"isMaster":false}],"tenantSettings":{},"redisConfiguration":{"maxclients":"7500","maxmemory-reserved":"200","maxfragmentationmemory-reserved":"300","maxmemory-delta":"200"},"accessKeys":{"primaryKey":"*****","secondaryKey":"*****"},"hostName":"cliredis000002.redis.cache.windows.net","port":6379,"sslPort":6380,"linkedServers":[]}}'
    headers:
      cache-control:
      - no-cache
      content-length:
      - '935'
      content-type:
      - application/json; charset=utf-8
      date:
      - Mon, 12 Jul 2021 11:39:21 GMT
      expires:
      - '-1'
      location:
      - https://management.azure.com/subscriptions/00000000-0000-0000-0000-000000000000/resourceGroups/cli_test_redis000001/providers/Microsoft.Cache/redis/cliredis000002?api-version=2019-07-01
      pragma:
      - no-cache
      server:
      - Microsoft-HTTPAPI/2.0
      strict-transport-security:
      - max-age=31536000; includeSubDomains
      x-content-type-options:
      - nosniff
      x-ms-ratelimit-remaining-subscription-writes:
      - '1199'
      x-rp-server-mvid:
      - fdfce2aa-7929-4c5c-a405-e26b6c06ad98
    status:
      code: 201
      message: Created
- request:
    body: null
    headers:
      Accept:
      - application/json
      Accept-Encoding:
      - gzip, deflate
      CommandName:
      - redis create
      Connection:
      - keep-alive
      ParameterSetName:
      - -n -g -l --sku --vm-size
      User-Agent:
      - python/3.9.6 (Windows-10-10.0.19043-SP0) msrest/0.6.21 msrest_azure/0.6.3
        azure-mgmt-redis/7.0.0rc1 Azure-SDK-For-Python AZURECLI/2.26.0
    method: GET
    uri: https://management.azure.com/subscriptions/00000000-0000-0000-0000-000000000000/resourceGroups/cli_test_redis000001/providers/Microsoft.Cache/redis/cliredis000002?api-version=2019-07-01
  response:
    body:
      string: '{"id":"/subscriptions/00000000-0000-0000-0000-000000000000/resourceGroups/cli_test_redis000001/providers/Microsoft.Cache/Redis/cliredis000002","location":"West
        US 2","name":"cliredis000002","type":"Microsoft.Cache/Redis","tags":{},"properties":{"provisioningState":"Creating","redisVersion":"4.0.14","sku":{"name":"Premium","family":"P","capacity":1},"enableNonSslPort":false,"instances":[{"sslPort":15000,"isMaster":false},{"sslPort":15001,"isMaster":false}],"tenantSettings":{},"redisConfiguration":{"maxclients":"7500","maxmemory-reserved":"200","maxfragmentationmemory-reserved":"300","maxmemory-delta":"200"},"accessKeys":null,"hostName":"cliredis000002.redis.cache.windows.net","port":6379,"sslPort":6380,"linkedServers":[]}}'
    headers:
      cache-control:
      - no-cache
      content-length:
      - '816'
      content-type:
      - application/json; charset=utf-8
      date:
      - Mon, 12 Jul 2021 11:39:52 GMT
      expires:
      - '-1'
      pragma:
      - no-cache
      server:
      - Microsoft-HTTPAPI/2.0
      strict-transport-security:
      - max-age=31536000; includeSubDomains
      transfer-encoding:
      - chunked
      vary:
      - Accept-Encoding
      x-content-type-options:
      - nosniff
      x-rp-server-mvid:
      - fdfce2aa-7929-4c5c-a405-e26b6c06ad98
    status:
      code: 200
      message: OK
- request:
    body: '{"prefix": "redistest", "container": "https://####"}'
    headers:
      Accept:
      - application/json
      Accept-Encoding:
      - gzip, deflate
      CommandName:
      - redis export
      Connection:
      - keep-alive
      Content-Length:
      - '224'
      Content-Type:
      - application/json; charset=utf-8
      ParameterSetName:
      - -n -g --prefix --container
      User-Agent:
      - python/3.9.6 (Windows-10-10.0.19043-SP0) msrest/0.6.21 msrest_azure/0.6.3
        azure-mgmt-redis/7.0.0rc1 Azure-SDK-For-Python AZURECLI/2.26.0
      accept-language:
      - en-US
    method: POST
    uri: https://management.azure.com/subscriptions/00000000-0000-0000-0000-000000000000/resourceGroups/cli_test_redis000001/providers/Microsoft.Cache/Redis/cliredis000002/export?api-version=2019-07-01
  response:
    body:
      string: ''
    headers:
      cache-control:
      - no-cache
      content-length:
      - '0'
      date:
      - Mon, 12 Jul 2021 11:59:55 GMT
      expires:
      - '-1'
      location:
      - https://management.azure.com/subscriptions/00000000-0000-0000-0000-000000000000/providers/Microsoft.Cache/locations/West%20US%202/operationresults/a56e19b2-68eb-4c15-a5cd-3ccb1986f2ae?api-version=2019-07-01
      pragma:
      - no-cache
      server:
      - Microsoft-HTTPAPI/2.0
      strict-transport-security:
      - max-age=31536000; includeSubDomains
      x-content-type-options:
      - nosniff
      x-ms-ratelimit-remaining-subscription-writes:
      - '1199'
      x-rp-server-mvid:
      - fdfce2aa-7929-4c5c-a405-e26b6c06ad98
    status:
      code: 202
      message: Accepted
- request:
    body: null
    headers:
      Accept:
      - application/json
      Accept-Encoding:
      - gzip, deflate
      CommandName:
      - redis export
      Connection:
      - keep-alive
      ParameterSetName:
      - -n -g --prefix --container
      User-Agent:
      - python/3.9.6 (Windows-10-10.0.19043-SP0) msrest/0.6.21 msrest_azure/0.6.3
        azure-mgmt-redis/7.0.0rc1 Azure-SDK-For-Python AZURECLI/2.26.0
    method: GET
    uri: https://management.azure.com/subscriptions/00000000-0000-0000-0000-000000000000/providers/Microsoft.Cache/locations/West%20US%202/operationresults/a56e19b2-68eb-4c15-a5cd-3ccb1986f2ae?api-version=2019-07-01
  response:
    body:
      string: ''
    headers:
      cache-control:
      - no-cache
      content-length:
      - '0'
      date:
      - Mon, 12 Jul 2021 12:00:25 GMT
      expires:
      - '-1'
      location:
      - https://management.azure.com/subscriptions/00000000-0000-0000-0000-000000000000/providers/Microsoft.Cache/locations/West%20US%202/operationresults/a56e19b2-68eb-4c15-a5cd-3ccb1986f2ae?api-version=2019-07-01
      pragma:
      - no-cache
      server:
      - Microsoft-HTTPAPI/2.0
      strict-transport-security:
      - max-age=31536000; includeSubDomains
      x-content-type-options:
      - nosniff
      x-rp-server-mvid:
      - fdfce2aa-7929-4c5c-a405-e26b6c06ad98
    status:
      code: 202
      message: Accepted
- request:
    body: null
    headers:
      Accept:
      - application/json
      Accept-Encoding:
      - gzip, deflate
      CommandName:
      - redis export
      Connection:
      - keep-alive
      ParameterSetName:
      - -n -g --prefix --container
      User-Agent:
      - python/3.9.6 (Windows-10-10.0.19043-SP0) msrest/0.6.21 msrest_azure/0.6.3
        azure-mgmt-redis/7.0.0rc1 Azure-SDK-For-Python AZURECLI/2.26.0
    method: GET
    uri: https://management.azure.com/subscriptions/00000000-0000-0000-0000-000000000000/providers/Microsoft.Cache/locations/West%20US%202/operationresults/a56e19b2-68eb-4c15-a5cd-3ccb1986f2ae?api-version=2019-07-01
  response:
    body:
      string: ''
    headers:
      cache-control:
      - no-cache
      content-length:
      - '0'
      date:
      - Mon, 12 Jul 2021 12:00:56 GMT
      expires:
      - '-1'
      pragma:
      - no-cache
      server:
      - Microsoft-HTTPAPI/2.0
      strict-transport-security:
      - max-age=31536000; includeSubDomains
      x-content-type-options:
      - nosniff
      x-rp-server-mvid:
      - fdfce2aa-7929-4c5c-a405-e26b6c06ad98
    status:
      code: 200
      message: OK
- request:
    body: '{"files": ["https://####"]}'
    headers:
      Accept:
      - application/json
      Accept-Encoding:
      - gzip, deflate
      CommandName:
      - redis import-method
      Connection:
      - keep-alive
      Content-Length:
      - '204'
      Content-Type:
      - application/json; charset=utf-8
      ParameterSetName:
      - -n -g --files
      User-Agent:
      - python/3.9.6 (Windows-10-10.0.19043-SP0) msrest/0.6.21 msrest_azure/0.6.3
        azure-mgmt-redis/7.0.0rc1 Azure-SDK-For-Python AZURECLI/2.26.0
      accept-language:
      - en-US
    method: POST
    uri: https://management.azure.com/subscriptions/00000000-0000-0000-0000-000000000000/resourceGroups/cli_test_redis000001/providers/Microsoft.Cache/Redis/cliredis000002/import?api-version=2019-07-01
  response:
    body:
      string: ''
    headers:
      cache-control:
      - no-cache
      content-length:
      - '0'
      date:
      - Mon, 12 Jul 2021 12:05:59 GMT
      expires:
      - '-1'
      location:
      - https://management.azure.com/subscriptions/00000000-0000-0000-0000-000000000000/providers/Microsoft.Cache/locations/West%20US%202/operationresults/a128cfe4-dff1-43ca-8938-5d98a1c14a81?api-version=2019-07-01
      pragma:
      - no-cache
      server:
      - Microsoft-HTTPAPI/2.0
      strict-transport-security:
      - max-age=31536000; includeSubDomains
      x-content-type-options:
      - nosniff
      x-ms-ratelimit-remaining-subscription-writes:
      - '1199'
      x-rp-server-mvid:
      - fdfce2aa-7929-4c5c-a405-e26b6c06ad98
    status:
      code: 202
      message: Accepted
- request:
    body: null
    headers:
      Accept:
      - application/json
      Accept-Encoding:
      - gzip, deflate
      CommandName:
      - redis import-method
      Connection:
      - keep-alive
      ParameterSetName:
      - -n -g --files
      User-Agent:
      - python/3.9.6 (Windows-10-10.0.19043-SP0) msrest/0.6.21 msrest_azure/0.6.3
        azure-mgmt-redis/7.0.0rc1 Azure-SDK-For-Python AZURECLI/2.26.0
    method: GET
    uri: https://management.azure.com/subscriptions/00000000-0000-0000-0000-000000000000/providers/Microsoft.Cache/locations/West%20US%202/operationresults/a128cfe4-dff1-43ca-8938-5d98a1c14a81?api-version=2019-07-01
  response:
    body:
      string: ''
    headers:
      cache-control:
      - no-cache
      content-length:
      - '0'
      date:
      - Mon, 12 Jul 2021 12:06:30 GMT
      expires:
      - '-1'
      location:
      - https://management.azure.com/subscriptions/00000000-0000-0000-0000-000000000000/providers/Microsoft.Cache/locations/West%20US%202/operationresults/a128cfe4-dff1-43ca-8938-5d98a1c14a81?api-version=2019-07-01
      pragma:
      - no-cache
      server:
      - Microsoft-HTTPAPI/2.0
      strict-transport-security:
      - max-age=31536000; includeSubDomains
      x-content-type-options:
      - nosniff
      x-rp-server-mvid:
      - fdfce2aa-7929-4c5c-a405-e26b6c06ad98
    status:
      code: 202
      message: Accepted
- request:
    body: null
    headers:
      Accept:
      - application/json
      Accept-Encoding:
      - gzip, deflate
      CommandName:
      - redis import-method
      Connection:
      - keep-alive
      ParameterSetName:
      - -n -g --files
      User-Agent:
      - python/3.9.6 (Windows-10-10.0.19043-SP0) msrest/0.6.21 msrest_azure/0.6.3
        azure-mgmt-redis/7.0.0rc1 Azure-SDK-For-Python AZURECLI/2.26.0
    method: GET
    uri: https://management.azure.com/subscriptions/00000000-0000-0000-0000-000000000000/providers/Microsoft.Cache/locations/West%20US%202/operationresults/a128cfe4-dff1-43ca-8938-5d98a1c14a81?api-version=2019-07-01
  response:
    body:
      string: ''
    headers:
      cache-control:
      - no-cache
      content-length:
      - '0'
      date:
      - Mon, 12 Jul 2021 12:07:00 GMT
      expires:
      - '-1'
      location:
      - https://management.azure.com/subscriptions/00000000-0000-0000-0000-000000000000/providers/Microsoft.Cache/locations/West%20US%202/operationresults/a128cfe4-dff1-43ca-8938-5d98a1c14a81?api-version=2019-07-01
      pragma:
      - no-cache
      server:
      - Microsoft-HTTPAPI/2.0
      strict-transport-security:
      - max-age=31536000; includeSubDomains
      x-content-type-options:
      - nosniff
      x-rp-server-mvid:
      - fdfce2aa-7929-4c5c-a405-e26b6c06ad98
    status:
      code: 202
      message: Accepted
- request:
    body: null
    headers:
      Accept:
      - application/json
      Accept-Encoding:
      - gzip, deflate
      CommandName:
      - redis import-method
      Connection:
      - keep-alive
      ParameterSetName:
      - -n -g --files
      User-Agent:
      - python/3.9.6 (Windows-10-10.0.19043-SP0) msrest/0.6.21 msrest_azure/0.6.3
        azure-mgmt-redis/7.0.0rc1 Azure-SDK-For-Python AZURECLI/2.26.0
    method: GET
    uri: https://management.azure.com/subscriptions/00000000-0000-0000-0000-000000000000/providers/Microsoft.Cache/locations/West%20US%202/operationresults/a128cfe4-dff1-43ca-8938-5d98a1c14a81?api-version=2019-07-01
  response:
    body:
      string: ''
    headers:
      cache-control:
      - no-cache
      content-length:
      - '0'
      date:
      - Mon, 12 Jul 2021 12:07:30 GMT
      expires:
      - '-1'
      pragma:
      - no-cache
      server:
      - Microsoft-HTTPAPI/2.0
      strict-transport-security:
      - max-age=31536000; includeSubDomains
      x-content-type-options:
      - nosniff
      x-rp-server-mvid:
      - fdfce2aa-7929-4c5c-a405-e26b6c06ad98
    status:
      code: 200
      message: OK
- request:
    body: '{"files": ["https://####"]}'
    headers:
      Accept:
      - application/json
      Accept-Encoding:
      - gzip, deflate
      CommandName:
      - redis import
      Connection:
      - keep-alive
      Content-Length:
      - '204'
      Content-Type:
      - application/json; charset=utf-8
      ParameterSetName:
      - -n -g --files
      User-Agent:
      - python/3.9.6 (Windows-10-10.0.19043-SP0) msrest/0.6.21 msrest_azure/0.6.3
        azure-mgmt-redis/7.0.0rc1 Azure-SDK-For-Python AZURECLI/2.26.0
      accept-language:
      - en-US
    method: POST
    uri: https://management.azure.com/subscriptions/00000000-0000-0000-0000-000000000000/resourceGroups/cli_test_redis000001/providers/Microsoft.Cache/Redis/cliredis000002/import?api-version=2019-07-01
  response:
    body:
      string: ''
    headers:
      cache-control:
      - no-cache
      content-length:
      - '0'
      date:
      - Mon, 12 Jul 2021 12:07:32 GMT
      expires:
      - '-1'
      location:
      - https://management.azure.com/subscriptions/00000000-0000-0000-0000-000000000000/providers/Microsoft.Cache/locations/West%20US%202/operationresults/b4dc003f-1a91-42f2-af9a-39566342a103?api-version=2019-07-01
      pragma:
      - no-cache
      server:
      - Microsoft-HTTPAPI/2.0
      strict-transport-security:
      - max-age=31536000; includeSubDomains
      x-content-type-options:
      - nosniff
      x-ms-ratelimit-remaining-subscription-writes:
      - '1199'
      x-rp-server-mvid:
      - fdfce2aa-7929-4c5c-a405-e26b6c06ad98
    status:
      code: 202
      message: Accepted
- request:
    body: null
    headers:
      Accept:
      - application/json
      Accept-Encoding:
      - gzip, deflate
      CommandName:
      - redis import
      Connection:
      - keep-alive
      ParameterSetName:
      - -n -g --files
      User-Agent:
      - python/3.9.6 (Windows-10-10.0.19043-SP0) msrest/0.6.21 msrest_azure/0.6.3
        azure-mgmt-redis/7.0.0rc1 Azure-SDK-For-Python AZURECLI/2.26.0
    method: GET
    uri: https://management.azure.com/subscriptions/00000000-0000-0000-0000-000000000000/providers/Microsoft.Cache/locations/West%20US%202/operationresults/b4dc003f-1a91-42f2-af9a-39566342a103?api-version=2019-07-01
  response:
    body:
      string: ''
    headers:
      cache-control:
      - no-cache
      content-length:
      - '0'
      date:
      - Mon, 12 Jul 2021 12:08:03 GMT
      expires:
      - '-1'
      location:
      - https://management.azure.com/subscriptions/00000000-0000-0000-0000-000000000000/providers/Microsoft.Cache/locations/West%20US%202/operationresults/b4dc003f-1a91-42f2-af9a-39566342a103?api-version=2019-07-01
      pragma:
      - no-cache
      server:
      - Microsoft-HTTPAPI/2.0
      strict-transport-security:
      - max-age=31536000; includeSubDomains
      x-content-type-options:
      - nosniff
      x-rp-server-mvid:
      - fdfce2aa-7929-4c5c-a405-e26b6c06ad98
    status:
      code: 202
      message: Accepted
- request:
    body: null
    headers:
      Accept:
      - application/json
      Accept-Encoding:
      - gzip, deflate
      CommandName:
      - redis import
      Connection:
      - keep-alive
      ParameterSetName:
      - -n -g --files
      User-Agent:
      - python/3.9.6 (Windows-10-10.0.19043-SP0) msrest/0.6.21 msrest_azure/0.6.3
        azure-mgmt-redis/7.0.0rc1 Azure-SDK-For-Python AZURECLI/2.26.0
    method: GET
    uri: https://management.azure.com/subscriptions/00000000-0000-0000-0000-000000000000/providers/Microsoft.Cache/locations/West%20US%202/operationresults/b4dc003f-1a91-42f2-af9a-39566342a103?api-version=2019-07-01
  response:
    body:
      string: ''
    headers:
      cache-control:
      - no-cache
      content-length:
      - '0'
      date:
      - Mon, 12 Jul 2021 12:08:33 GMT
      expires:
      - '-1'
      location:
      - https://management.azure.com/subscriptions/00000000-0000-0000-0000-000000000000/providers/Microsoft.Cache/locations/West%20US%202/operationresults/b4dc003f-1a91-42f2-af9a-39566342a103?api-version=2019-07-01
      pragma:
      - no-cache
      server:
      - Microsoft-HTTPAPI/2.0
      strict-transport-security:
      - max-age=31536000; includeSubDomains
      x-content-type-options:
      - nosniff
      x-rp-server-mvid:
      - fdfce2aa-7929-4c5c-a405-e26b6c06ad98
    status:
      code: 202
      message: Accepted
- request:
    body: null
    headers:
      Accept:
      - application/json
      Accept-Encoding:
      - gzip, deflate
      CommandName:
      - redis import
      Connection:
      - keep-alive
      ParameterSetName:
      - -n -g --files
      User-Agent:
      - python/3.9.6 (Windows-10-10.0.19043-SP0) msrest/0.6.21 msrest_azure/0.6.3
        azure-mgmt-redis/7.0.0rc1 Azure-SDK-For-Python AZURECLI/2.26.0
    method: GET
    uri: https://management.azure.com/subscriptions/00000000-0000-0000-0000-000000000000/providers/Microsoft.Cache/locations/West%20US%202/operationresults/b4dc003f-1a91-42f2-af9a-39566342a103?api-version=2019-07-01
  response:
    body:
      string: ''
    headers:
      cache-control:
      - no-cache
      content-length:
      - '0'
      date:
      - Mon, 12 Jul 2021 12:09:04 GMT
      expires:
      - '-1'
      location:
      - https://management.azure.com/subscriptions/00000000-0000-0000-0000-000000000000/providers/Microsoft.Cache/locations/West%20US%202/operationresults/b4dc003f-1a91-42f2-af9a-39566342a103?api-version=2019-07-01
      pragma:
      - no-cache
      server:
      - Microsoft-HTTPAPI/2.0
      strict-transport-security:
      - max-age=31536000; includeSubDomains
      x-content-type-options:
      - nosniff
      x-rp-server-mvid:
      - fdfce2aa-7929-4c5c-a405-e26b6c06ad98
    status:
      code: 202
      message: Accepted
- request:
    body: null
    headers:
      Accept:
      - application/json
      Accept-Encoding:
      - gzip, deflate
      CommandName:
      - redis import
      Connection:
      - keep-alive
      ParameterSetName:
      - -n -g --files
      User-Agent:
      - python/3.9.6 (Windows-10-10.0.19043-SP0) msrest/0.6.21 msrest_azure/0.6.3
        azure-mgmt-redis/7.0.0rc1 Azure-SDK-For-Python AZURECLI/2.26.0
    method: GET
    uri: https://management.azure.com/subscriptions/00000000-0000-0000-0000-000000000000/providers/Microsoft.Cache/locations/West%20US%202/operationresults/b4dc003f-1a91-42f2-af9a-39566342a103?api-version=2019-07-01
  response:
    body:
      string: ''
    headers:
      cache-control:
      - no-cache
      content-length:
      - '0'
      date:
      - Mon, 12 Jul 2021 12:09:34 GMT
      expires:
      - '-1'
      pragma:
      - no-cache
      server:
      - Microsoft-HTTPAPI/2.0
      strict-transport-security:
      - max-age=31536000; includeSubDomains
      x-content-type-options:
      - nosniff
      x-rp-server-mvid:
      - fdfce2aa-7929-4c5c-a405-e26b6c06ad98
    status:
      code: 200
      message: OK
- request:
    body: null
    headers:
      Accept:
      - application/json
      Accept-Encoding:
      - gzip, deflate
      CommandName:
      - redis delete
      Connection:
      - keep-alive
      Content-Length:
      - '0'
      ParameterSetName:
      - -n -g -y
      User-Agent:
      - python/3.9.6 (Windows-10-10.0.19043-SP0) msrest/0.6.21 msrest_azure/0.6.3
        azure-mgmt-redis/7.0.0rc1 Azure-SDK-For-Python AZURECLI/2.26.0
      accept-language:
      - en-US
    method: DELETE
    uri: https://management.azure.com/subscriptions/00000000-0000-0000-0000-000000000000/resourceGroups/cli_test_redis000001/providers/Microsoft.Cache/Redis/cliredis000002?api-version=2019-07-01
  response:
    body:
      string: ''
    headers:
      cache-control:
      - no-cache
      content-length:
      - '0'
      date:
      - Mon, 12 Jul 2021 12:14:37 GMT
      expires:
      - '-1'
      location:
      - https://management.azure.com/subscriptions/00000000-0000-0000-0000-000000000000/providers/Microsoft.Cache/locations/West%20US%202/operationresults/45674bde-ffb2-4829-a348-91cfa978b875?api-version=2019-07-01
      pragma:
      - no-cache
      server:
      - Microsoft-HTTPAPI/2.0
      strict-transport-security:
      - max-age=31536000; includeSubDomains
      x-content-type-options:
      - nosniff
      x-ms-ratelimit-remaining-subscription-deletes:
      - '14999'
      x-rp-server-mvid:
      - fdfce2aa-7929-4c5c-a405-e26b6c06ad98
    status:
      code: 202
      message: Accepted
- request:
    body: null
    headers:
      Accept:
      - application/json
      Accept-Encoding:
      - gzip, deflate
      CommandName:
      - redis delete
      Connection:
      - keep-alive
      ParameterSetName:
      - -n -g -y
      User-Agent:
      - python/3.9.6 (Windows-10-10.0.19043-SP0) msrest/0.6.21 msrest_azure/0.6.3
        azure-mgmt-redis/7.0.0rc1 Azure-SDK-For-Python AZURECLI/2.26.0
    method: GET
    uri: https://management.azure.com/subscriptions/00000000-0000-0000-0000-000000000000/providers/Microsoft.Cache/locations/West%20US%202/operationresults/45674bde-ffb2-4829-a348-91cfa978b875?api-version=2019-07-01
  response:
    body:
      string: ''
    headers:
      cache-control:
      - no-cache
      content-length:
      - '0'
      date:
      - Mon, 12 Jul 2021 12:15:08 GMT
      expires:
      - '-1'
      location:
      - https://management.azure.com/subscriptions/00000000-0000-0000-0000-000000000000/providers/Microsoft.Cache/locations/West%20US%202/operationresults/45674bde-ffb2-4829-a348-91cfa978b875?api-version=2019-07-01
      pragma:
      - no-cache
      server:
      - Microsoft-HTTPAPI/2.0
      strict-transport-security:
      - max-age=31536000; includeSubDomains
      x-content-type-options:
      - nosniff
      x-rp-server-mvid:
      - fdfce2aa-7929-4c5c-a405-e26b6c06ad98
    status:
      code: 202
      message: Accepted
- request:
    body: null
    headers:
      Accept:
      - application/json
      Accept-Encoding:
      - gzip, deflate
      CommandName:
      - redis delete
      Connection:
      - keep-alive
      ParameterSetName:
      - -n -g -y
      User-Agent:
      - python/3.9.6 (Windows-10-10.0.19043-SP0) msrest/0.6.21 msrest_azure/0.6.3
        azure-mgmt-redis/7.0.0rc1 Azure-SDK-For-Python AZURECLI/2.26.0
    method: GET
    uri: https://management.azure.com/subscriptions/00000000-0000-0000-0000-000000000000/providers/Microsoft.Cache/locations/West%20US%202/operationresults/45674bde-ffb2-4829-a348-91cfa978b875?api-version=2019-07-01
  response:
    body:
      string: ''
    headers:
      cache-control:
      - no-cache
      content-length:
      - '0'
      date:
      - Mon, 12 Jul 2021 12:15:38 GMT
      expires:
      - '-1'
      location:
      - https://management.azure.com/subscriptions/00000000-0000-0000-0000-000000000000/providers/Microsoft.Cache/locations/West%20US%202/operationresults/45674bde-ffb2-4829-a348-91cfa978b875?api-version=2019-07-01
      pragma:
      - no-cache
      server:
      - Microsoft-HTTPAPI/2.0
      strict-transport-security:
      - max-age=31536000; includeSubDomains
      x-content-type-options:
      - nosniff
      x-rp-server-mvid:
      - fdfce2aa-7929-4c5c-a405-e26b6c06ad98
    status:
      code: 202
      message: Accepted
- request:
    body: null
    headers:
      Accept:
      - application/json
      Accept-Encoding:
      - gzip, deflate
      CommandName:
      - redis delete
      Connection:
      - keep-alive
      ParameterSetName:
      - -n -g -y
      User-Agent:
      - python/3.9.6 (Windows-10-10.0.19043-SP0) msrest/0.6.21 msrest_azure/0.6.3
        azure-mgmt-redis/7.0.0rc1 Azure-SDK-For-Python AZURECLI/2.26.0
    method: GET
    uri: https://management.azure.com/subscriptions/00000000-0000-0000-0000-000000000000/providers/Microsoft.Cache/locations/West%20US%202/operationresults/45674bde-ffb2-4829-a348-91cfa978b875?api-version=2019-07-01
  response:
    body:
      string: ''
    headers:
      cache-control:
      - no-cache
      content-length:
      - '0'
      date:
      - Mon, 12 Jul 2021 12:16:08 GMT
      expires:
      - '-1'
      location:
      - https://management.azure.com/subscriptions/00000000-0000-0000-0000-000000000000/providers/Microsoft.Cache/locations/West%20US%202/operationresults/45674bde-ffb2-4829-a348-91cfa978b875?api-version=2019-07-01
      pragma:
      - no-cache
      server:
      - Microsoft-HTTPAPI/2.0
      strict-transport-security:
      - max-age=31536000; includeSubDomains
      x-content-type-options:
      - nosniff
      x-rp-server-mvid:
      - fdfce2aa-7929-4c5c-a405-e26b6c06ad98
    status:
      code: 202
      message: Accepted
- request:
    body: null
    headers:
      Accept:
      - application/json
      Accept-Encoding:
      - gzip, deflate
      CommandName:
      - redis delete
      Connection:
      - keep-alive
      ParameterSetName:
      - -n -g -y
      User-Agent:
      - python/3.9.6 (Windows-10-10.0.19043-SP0) msrest/0.6.21 msrest_azure/0.6.3
        azure-mgmt-redis/7.0.0rc1 Azure-SDK-For-Python AZURECLI/2.26.0
    method: GET
    uri: https://management.azure.com/subscriptions/00000000-0000-0000-0000-000000000000/providers/Microsoft.Cache/locations/West%20US%202/operationresults/45674bde-ffb2-4829-a348-91cfa978b875?api-version=2019-07-01
  response:
    body:
      string: ''
    headers:
      cache-control:
      - no-cache
      content-length:
      - '0'
      date:
      - Mon, 12 Jul 2021 12:16:38 GMT
      expires:
      - '-1'
      location:
      - https://management.azure.com/subscriptions/00000000-0000-0000-0000-000000000000/providers/Microsoft.Cache/locations/West%20US%202/operationresults/45674bde-ffb2-4829-a348-91cfa978b875?api-version=2019-07-01
      pragma:
      - no-cache
      server:
      - Microsoft-HTTPAPI/2.0
      strict-transport-security:
      - max-age=31536000; includeSubDomains
      x-content-type-options:
      - nosniff
      x-rp-server-mvid:
      - fdfce2aa-7929-4c5c-a405-e26b6c06ad98
    status:
      code: 202
      message: Accepted
- request:
    body: null
    headers:
      Accept:
      - application/json
      Accept-Encoding:
      - gzip, deflate
      CommandName:
      - redis delete
      Connection:
      - keep-alive
      ParameterSetName:
      - -n -g -y
      User-Agent:
      - python/3.9.6 (Windows-10-10.0.19043-SP0) msrest/0.6.21 msrest_azure/0.6.3
        azure-mgmt-redis/7.0.0rc1 Azure-SDK-For-Python AZURECLI/2.26.0
    method: GET
    uri: https://management.azure.com/subscriptions/00000000-0000-0000-0000-000000000000/providers/Microsoft.Cache/locations/West%20US%202/operationresults/45674bde-ffb2-4829-a348-91cfa978b875?api-version=2019-07-01
  response:
    body:
      string: ''
    headers:
      cache-control:
      - no-cache
      content-length:
      - '0'
      date:
      - Mon, 12 Jul 2021 12:17:09 GMT
      expires:
      - '-1'
      location:
      - https://management.azure.com/subscriptions/00000000-0000-0000-0000-000000000000/providers/Microsoft.Cache/locations/West%20US%202/operationresults/45674bde-ffb2-4829-a348-91cfa978b875?api-version=2019-07-01
      pragma:
      - no-cache
      server:
      - Microsoft-HTTPAPI/2.0
      strict-transport-security:
      - max-age=31536000; includeSubDomains
      x-content-type-options:
      - nosniff
      x-rp-server-mvid:
      - fdfce2aa-7929-4c5c-a405-e26b6c06ad98
    status:
      code: 202
      message: Accepted
- request:
    body: null
    headers:
      Accept:
      - application/json
      Accept-Encoding:
      - gzip, deflate
      CommandName:
      - redis delete
      Connection:
      - keep-alive
      ParameterSetName:
      - -n -g -y
      User-Agent:
      - python/3.9.6 (Windows-10-10.0.19043-SP0) msrest/0.6.21 msrest_azure/0.6.3
        azure-mgmt-redis/7.0.0rc1 Azure-SDK-For-Python AZURECLI/2.26.0
    method: GET
    uri: https://management.azure.com/subscriptions/00000000-0000-0000-0000-000000000000/providers/Microsoft.Cache/locations/West%20US%202/operationresults/45674bde-ffb2-4829-a348-91cfa978b875?api-version=2019-07-01
  response:
    body:
      string: ''
    headers:
      cache-control:
      - no-cache
      content-length:
      - '0'
      date:
      - Mon, 12 Jul 2021 12:17:39 GMT
      expires:
      - '-1'
      location:
      - https://management.azure.com/subscriptions/00000000-0000-0000-0000-000000000000/providers/Microsoft.Cache/locations/West%20US%202/operationresults/45674bde-ffb2-4829-a348-91cfa978b875?api-version=2019-07-01
      pragma:
      - no-cache
      server:
      - Microsoft-HTTPAPI/2.0
      strict-transport-security:
      - max-age=31536000; includeSubDomains
      x-content-type-options:
      - nosniff
      x-rp-server-mvid:
      - fdfce2aa-7929-4c5c-a405-e26b6c06ad98
    status:
      code: 202
      message: Accepted
- request:
    body: null
    headers:
      Accept:
      - application/json
      Accept-Encoding:
      - gzip, deflate
      CommandName:
      - redis delete
      Connection:
      - keep-alive
      ParameterSetName:
      - -n -g -y
      User-Agent:
      - python/3.9.6 (Windows-10-10.0.19043-SP0) msrest/0.6.21 msrest_azure/0.6.3
        azure-mgmt-redis/7.0.0rc1 Azure-SDK-For-Python AZURECLI/2.26.0
    method: GET
    uri: https://management.azure.com/subscriptions/00000000-0000-0000-0000-000000000000/providers/Microsoft.Cache/locations/West%20US%202/operationresults/45674bde-ffb2-4829-a348-91cfa978b875?api-version=2019-07-01
  response:
    body:
      string: ''
    headers:
      cache-control:
      - no-cache
      content-length:
      - '0'
      date:
      - Mon, 12 Jul 2021 12:18:09 GMT
      expires:
      - '-1'
      location:
      - https://management.azure.com/subscriptions/00000000-0000-0000-0000-000000000000/providers/Microsoft.Cache/locations/West%20US%202/operationresults/45674bde-ffb2-4829-a348-91cfa978b875?api-version=2019-07-01
      pragma:
      - no-cache
      server:
      - Microsoft-HTTPAPI/2.0
      strict-transport-security:
      - max-age=31536000; includeSubDomains
      x-content-type-options:
      - nosniff
      x-rp-server-mvid:
      - fdfce2aa-7929-4c5c-a405-e26b6c06ad98
    status:
      code: 202
      message: Accepted
- request:
    body: null
    headers:
      Accept:
      - application/json
      Accept-Encoding:
      - gzip, deflate
      CommandName:
      - redis delete
      Connection:
      - keep-alive
      ParameterSetName:
      - -n -g -y
      User-Agent:
      - python/3.9.6 (Windows-10-10.0.19043-SP0) msrest/0.6.21 msrest_azure/0.6.3
        azure-mgmt-redis/7.0.0rc1 Azure-SDK-For-Python AZURECLI/2.26.0
    method: GET
    uri: https://management.azure.com/subscriptions/00000000-0000-0000-0000-000000000000/providers/Microsoft.Cache/locations/West%20US%202/operationresults/45674bde-ffb2-4829-a348-91cfa978b875?api-version=2019-07-01
  response:
    body:
      string: ''
    headers:
      cache-control:
      - no-cache
      content-length:
      - '0'
      date:
      - Mon, 12 Jul 2021 12:18:40 GMT
      expires:
      - '-1'
      location:
      - https://management.azure.com/subscriptions/00000000-0000-0000-0000-000000000000/providers/Microsoft.Cache/locations/West%20US%202/operationresults/45674bde-ffb2-4829-a348-91cfa978b875?api-version=2019-07-01
      pragma:
      - no-cache
      server:
      - Microsoft-HTTPAPI/2.0
      strict-transport-security:
      - max-age=31536000; includeSubDomains
      x-content-type-options:
      - nosniff
      x-rp-server-mvid:
      - fdfce2aa-7929-4c5c-a405-e26b6c06ad98
    status:
      code: 202
      message: Accepted
- request:
    body: null
    headers:
      Accept:
      - application/json
      Accept-Encoding:
      - gzip, deflate
      CommandName:
      - redis delete
      Connection:
      - keep-alive
      ParameterSetName:
      - -n -g -y
      User-Agent:
      - python/3.9.6 (Windows-10-10.0.19043-SP0) msrest/0.6.21 msrest_azure/0.6.3
        azure-mgmt-redis/7.0.0rc1 Azure-SDK-For-Python AZURECLI/2.26.0
    method: GET
    uri: https://management.azure.com/subscriptions/00000000-0000-0000-0000-000000000000/providers/Microsoft.Cache/locations/West%20US%202/operationresults/45674bde-ffb2-4829-a348-91cfa978b875?api-version=2019-07-01
  response:
    body:
      string: ''
    headers:
      cache-control:
      - no-cache
      content-length:
      - '0'
      date:
      - Mon, 12 Jul 2021 12:19:10 GMT
      expires:
      - '-1'
      location:
      - https://management.azure.com/subscriptions/00000000-0000-0000-0000-000000000000/providers/Microsoft.Cache/locations/West%20US%202/operationresults/45674bde-ffb2-4829-a348-91cfa978b875?api-version=2019-07-01
      pragma:
      - no-cache
      server:
      - Microsoft-HTTPAPI/2.0
      strict-transport-security:
      - max-age=31536000; includeSubDomains
      x-content-type-options:
      - nosniff
      x-rp-server-mvid:
      - fdfce2aa-7929-4c5c-a405-e26b6c06ad98
    status:
      code: 202
      message: Accepted
- request:
    body: null
    headers:
      Accept:
      - application/json
      Accept-Encoding:
      - gzip, deflate
      CommandName:
      - redis delete
      Connection:
      - keep-alive
      ParameterSetName:
      - -n -g -y
      User-Agent:
      - python/3.9.6 (Windows-10-10.0.19043-SP0) msrest/0.6.21 msrest_azure/0.6.3
        azure-mgmt-redis/7.0.0rc1 Azure-SDK-For-Python AZURECLI/2.26.0
    method: GET
    uri: https://management.azure.com/subscriptions/00000000-0000-0000-0000-000000000000/providers/Microsoft.Cache/locations/West%20US%202/operationresults/45674bde-ffb2-4829-a348-91cfa978b875?api-version=2019-07-01
  response:
    body:
      string: ''
    headers:
      cache-control:
      - no-cache
      content-length:
      - '0'
      date:
      - Mon, 12 Jul 2021 12:19:40 GMT
      expires:
      - '-1'
      location:
      - https://management.azure.com/subscriptions/00000000-0000-0000-0000-000000000000/providers/Microsoft.Cache/locations/West%20US%202/operationresults/45674bde-ffb2-4829-a348-91cfa978b875?api-version=2019-07-01
      pragma:
      - no-cache
      server:
      - Microsoft-HTTPAPI/2.0
      strict-transport-security:
      - max-age=31536000; includeSubDomains
      x-content-type-options:
      - nosniff
      x-rp-server-mvid:
      - fdfce2aa-7929-4c5c-a405-e26b6c06ad98
    status:
      code: 202
      message: Accepted
- request:
    body: null
    headers:
      Accept:
      - application/json
      Accept-Encoding:
      - gzip, deflate
      CommandName:
      - redis delete
      Connection:
      - keep-alive
      ParameterSetName:
      - -n -g -y
      User-Agent:
      - python/3.9.6 (Windows-10-10.0.19043-SP0) msrest/0.6.21 msrest_azure/0.6.3
        azure-mgmt-redis/7.0.0rc1 Azure-SDK-For-Python AZURECLI/2.26.0
    method: GET
    uri: https://management.azure.com/subscriptions/00000000-0000-0000-0000-000000000000/providers/Microsoft.Cache/locations/West%20US%202/operationresults/45674bde-ffb2-4829-a348-91cfa978b875?api-version=2019-07-01
  response:
    body:
      string: ''
    headers:
      cache-control:
      - no-cache
      content-length:
      - '0'
      date:
      - Mon, 12 Jul 2021 12:20:11 GMT
      expires:
      - '-1'
      location:
      - https://management.azure.com/subscriptions/00000000-0000-0000-0000-000000000000/providers/Microsoft.Cache/locations/West%20US%202/operationresults/45674bde-ffb2-4829-a348-91cfa978b875?api-version=2019-07-01
      pragma:
      - no-cache
      server:
      - Microsoft-HTTPAPI/2.0
      strict-transport-security:
      - max-age=31536000; includeSubDomains
      x-content-type-options:
      - nosniff
      x-rp-server-mvid:
      - fdfce2aa-7929-4c5c-a405-e26b6c06ad98
    status:
      code: 202
      message: Accepted
- request:
    body: null
    headers:
      Accept:
      - application/json
      Accept-Encoding:
      - gzip, deflate
      CommandName:
      - redis delete
      Connection:
      - keep-alive
      ParameterSetName:
      - -n -g -y
      User-Agent:
      - python/3.9.6 (Windows-10-10.0.19043-SP0) msrest/0.6.21 msrest_azure/0.6.3
        azure-mgmt-redis/7.0.0rc1 Azure-SDK-For-Python AZURECLI/2.26.0
    method: GET
    uri: https://management.azure.com/subscriptions/00000000-0000-0000-0000-000000000000/providers/Microsoft.Cache/locations/West%20US%202/operationresults/45674bde-ffb2-4829-a348-91cfa978b875?api-version=2019-07-01
  response:
    body:
      string: ''
    headers:
      cache-control:
      - no-cache
      content-length:
      - '0'
      date:
      - Mon, 12 Jul 2021 12:20:41 GMT
      expires:
      - '-1'
      location:
      - https://management.azure.com/subscriptions/00000000-0000-0000-0000-000000000000/providers/Microsoft.Cache/locations/West%20US%202/operationresults/45674bde-ffb2-4829-a348-91cfa978b875?api-version=2019-07-01
      pragma:
      - no-cache
      server:
      - Microsoft-HTTPAPI/2.0
      strict-transport-security:
      - max-age=31536000; includeSubDomains
      x-content-type-options:
      - nosniff
      x-rp-server-mvid:
      - fdfce2aa-7929-4c5c-a405-e26b6c06ad98
    status:
      code: 202
      message: Accepted
- request:
    body: null
    headers:
      Accept:
      - application/json
      Accept-Encoding:
      - gzip, deflate
      CommandName:
      - redis delete
      Connection:
      - keep-alive
      ParameterSetName:
      - -n -g -y
      User-Agent:
      - python/3.9.6 (Windows-10-10.0.19043-SP0) msrest/0.6.21 msrest_azure/0.6.3
        azure-mgmt-redis/7.0.0rc1 Azure-SDK-For-Python AZURECLI/2.26.0
    method: GET
    uri: https://management.azure.com/subscriptions/00000000-0000-0000-0000-000000000000/providers/Microsoft.Cache/locations/West%20US%202/operationresults/45674bde-ffb2-4829-a348-91cfa978b875?api-version=2019-07-01
  response:
    body:
      string: ''
    headers:
      cache-control:
      - no-cache
      content-length:
      - '0'
      date:
      - Mon, 12 Jul 2021 12:21:11 GMT
      expires:
      - '-1'
      pragma:
      - no-cache
      server:
      - Microsoft-HTTPAPI/2.0
      strict-transport-security:
      - max-age=31536000; includeSubDomains
      x-content-type-options:
      - nosniff
      x-rp-server-mvid:
      - fdfce2aa-7929-4c5c-a405-e26b6c06ad98
    status:
      code: 200
      message: OK
version: 1
