interactions:
- request:
    body: '{"location": "eastus2", "properties": {"redisConfiguration": {}, "tenantSettings":
      {}, "sku": {"name": "Premium", "family": "p", "capacity": 1}}}'
    headers:
      Accept:
      - application/json
      Accept-Encoding:
      - gzip, deflate
      CommandName:
      - redis create
      Connection:
      - keep-alive
      Content-Length:
      - '145'
      Content-Type:
      - application/json
      ParameterSetName:
      - -n -g -l --sku --vm-size
      User-Agent:
      - AZURECLI/2.53.0 azsdk-python-mgmt-redis/14.2.0 Python/3.10.0 (Windows-10-10.0.19045-SP0)
    method: PUT
    uri: https://management.azure.com/subscriptions/00000000-0000-0000-0000-000000000000/resourceGroups/cli_test_redis000001/providers/Microsoft.Cache/redis/cliredis000002?api-version=2023-04-01
  response:
    body:
      string: "{\r\n  \"id\": \"/subscriptions/00000000-0000-0000-0000-000000000000/resourceGroups/cli_test_redis000001/providers/Microsoft.Cache/Redis/cliredis000002\",\r\n
        \ \"location\": \"East US 2\",\r\n  \"name\": \"cliredis000002\",\r\n  \"type\":
        \"Microsoft.Cache/Redis\",\r\n  \"tags\": {},\r\n  \"properties\": {\r\n    \"provisioningState\":
        \"Creating\",\r\n    \"redisVersion\": \"6.0\",\r\n    \"sku\": {\r\n      \"name\":
        \"Premium\",\r\n      \"family\": \"P\",\r\n      \"capacity\": 1\r\n    },\r\n
        \   \"enableNonSslPort\": false,\r\n    \"instances\": [\r\n      {\r\n        \"sslPort\":
        15000,\r\n        \"isMaster\": false,\r\n        \"isPrimary\": false\r\n
        \     },\r\n      {\r\n        \"sslPort\": 15001,\r\n        \"isMaster\":
        false,\r\n        \"isPrimary\": false\r\n      }\r\n    ],\r\n    \"publicNetworkAccess\":
        \"Enabled\",\r\n    \"tenantSettings\": {},\r\n    \"redisConfiguration\":
        {\r\n      \"maxclients\": \"7500\",\r\n      \"maxmemory-reserved\": \"642\",\r\n
        \     \"maxfragmentationmemory-reserved\": \"642\",\r\n      \"maxmemory-delta\":
        \"642\"\r\n    },\r\n    \"accessKeys\": {\r\n      \"primaryKey\": \"ZvjzoxOaxBK0GHwEIAQPPZq6WwfU8CxnEAzCaERvdm0=\",\r\n
        \     \"secondaryKey\": \"8G5W5iPJrLFmXGjIi7hO9kOXEBnwaV0scAzCaLf6IE8=\"\r\n
        \   },\r\n    \"hostName\": \"cliredis000002.redis.cache.windows.net\",\r\n
        \   \"port\": 6379,\r\n    \"sslPort\": 6380,\r\n    \"linkedServers\": []\r\n
        \ }\r\n}"
    headers:
      azure-asyncoperation:
      - https://management.azure.com/subscriptions/00000000-0000-0000-0000-000000000000/providers/Microsoft.Cache/locations/East%20US%202/asyncOperations/1b394058-726d-4326-a241-7aac404cab2f?api-version=2023-04-01
      cache-control:
      - no-cache
      content-length:
      - '1245'
      content-type:
      - application/json; charset=utf-8
      date:
      - Tue, 10 Oct 2023 17:52:48 GMT
      expires:
      - '-1'
      location:
      - https://management.azure.com/subscriptions/00000000-0000-0000-0000-000000000000/resourceGroups/cli_test_redis000001/providers/Microsoft.Cache/redis/cliredis000002?api-version=2023-04-01
      pragma:
      - no-cache
      server:
      - Microsoft-HTTPAPI/2.0
      strict-transport-security:
      - max-age=31536000; includeSubDomains
      x-content-type-options:
      - nosniff
      x-ms-ratelimit-remaining-subscription-writes:
      - '1199'
      x-rp-server-mvid:
      - 77ca18bf-d566-43ae-95d3-5716bda387c1
    status:
      code: 201
      message: Created
- request:
    body: null
    headers:
      Accept:
      - '*/*'
      Accept-Encoding:
      - gzip, deflate
      CommandName:
      - redis create
      Connection:
      - keep-alive
      ParameterSetName:
      - -n -g -l --sku --vm-size
      User-Agent:
      - AZURECLI/2.53.0 azsdk-python-mgmt-redis/14.2.0 Python/3.10.0 (Windows-10-10.0.19045-SP0)
    method: GET
    uri: https://management.azure.com/subscriptions/00000000-0000-0000-0000-000000000000/providers/Microsoft.Cache/locations/East%20US%202/asyncOperations/1b394058-726d-4326-a241-7aac404cab2f?api-version=2023-04-01
  response:
    body:
      string: "{\r\n  \"id\": \"/subscriptions/00000000-0000-0000-0000-000000000000/providers/Microsoft.Cache/locations/East
        US 2/asyncOperations/1b394058-726d-4326-a241-7aac404cab2f\",\r\n  \"name\":
        \"1b394058-726d-4326-a241-7aac404cab2f\",\r\n  \"status\": \"InProgress\",\r\n
        \ \"startTime\": null,\r\n  \"endTime\": null,\r\n  \"percentComplete\": null,\r\n
        \ \"properties\": null,\r\n  \"error\": null\r\n}"
    headers:
      azure-asyncoperation:
      - https://management.azure.com/subscriptions/00000000-0000-0000-0000-000000000000/providers/Microsoft.Cache/locations/East%20US%202/asyncOperations/1b394058-726d-4326-a241-7aac404cab2f?api-version=2023-04-01
      cache-control:
      - no-cache
      content-length:
      - '355'
      content-type:
      - application/json
      date:
      - Tue, 10 Oct 2023 17:52:48 GMT
      expires:
      - '-1'
      pragma:
      - no-cache
      server:
      - Microsoft-HTTPAPI/2.0
      strict-transport-security:
      - max-age=31536000; includeSubDomains
      transfer-encoding:
      - chunked
      vary:
      - Accept-Encoding
      x-content-type-options:
      - nosniff
      x-rp-server-mvid:
      - 77ca18bf-d566-43ae-95d3-5716bda387c1
    status:
      code: 200
      message: OK
- request:
    body: null
    headers:
      Accept:
      - '*/*'
      Accept-Encoding:
      - gzip, deflate
      CommandName:
      - redis create
      Connection:
      - keep-alive
      ParameterSetName:
      - -n -g -l --sku --vm-size
      User-Agent:
      - AZURECLI/2.53.0 azsdk-python-mgmt-redis/14.2.0 Python/3.10.0 (Windows-10-10.0.19045-SP0)
    method: GET
    uri: https://management.azure.com/subscriptions/00000000-0000-0000-0000-000000000000/providers/Microsoft.Cache/locations/East%20US%202/asyncOperations/1b394058-726d-4326-a241-7aac404cab2f?api-version=2023-04-01
  response:
    body:
      string: "{\r\n  \"id\": \"/subscriptions/00000000-0000-0000-0000-000000000000/providers/Microsoft.Cache/locations/East
        US 2/asyncOperations/1b394058-726d-4326-a241-7aac404cab2f\",\r\n  \"name\":
        \"1b394058-726d-4326-a241-7aac404cab2f\",\r\n  \"status\": \"InProgress\",\r\n
        \ \"startTime\": null,\r\n  \"endTime\": null,\r\n  \"percentComplete\": null,\r\n
        \ \"properties\": null,\r\n  \"error\": null\r\n}"
    headers:
      azure-asyncoperation:
      - https://management.azure.com/subscriptions/00000000-0000-0000-0000-000000000000/providers/Microsoft.Cache/locations/East%20US%202/asyncOperations/1b394058-726d-4326-a241-7aac404cab2f?api-version=2023-04-01
      cache-control:
      - no-cache
      content-length:
      - '355'
      content-type:
      - application/json
      date:
      - Tue, 10 Oct 2023 17:53:18 GMT
      expires:
      - '-1'
      pragma:
      - no-cache
      server:
      - Microsoft-HTTPAPI/2.0
      strict-transport-security:
      - max-age=31536000; includeSubDomains
      transfer-encoding:
      - chunked
      vary:
      - Accept-Encoding
      x-content-type-options:
      - nosniff
      x-rp-server-mvid:
      - 77ca18bf-d566-43ae-95d3-5716bda387c1
    status:
      code: 200
      message: OK
- request:
    body: null
    headers:
      Accept:
      - '*/*'
      Accept-Encoding:
      - gzip, deflate
      CommandName:
      - redis create
      Connection:
      - keep-alive
      ParameterSetName:
      - -n -g -l --sku --vm-size
      User-Agent:
      - AZURECLI/2.53.0 azsdk-python-mgmt-redis/14.2.0 Python/3.10.0 (Windows-10-10.0.19045-SP0)
    method: GET
    uri: https://management.azure.com/subscriptions/00000000-0000-0000-0000-000000000000/providers/Microsoft.Cache/locations/East%20US%202/asyncOperations/1b394058-726d-4326-a241-7aac404cab2f?api-version=2023-04-01
  response:
    body:
      string: "{\r\n  \"id\": \"/subscriptions/00000000-0000-0000-0000-000000000000/providers/Microsoft.Cache/locations/East
        US 2/asyncOperations/1b394058-726d-4326-a241-7aac404cab2f\",\r\n  \"name\":
        \"1b394058-726d-4326-a241-7aac404cab2f\",\r\n  \"status\": \"InProgress\",\r\n
        \ \"startTime\": null,\r\n  \"endTime\": null,\r\n  \"percentComplete\": null,\r\n
        \ \"properties\": null,\r\n  \"error\": null\r\n}"
    headers:
      azure-asyncoperation:
      - https://management.azure.com/subscriptions/00000000-0000-0000-0000-000000000000/providers/Microsoft.Cache/locations/East%20US%202/asyncOperations/1b394058-726d-4326-a241-7aac404cab2f?api-version=2023-04-01
      cache-control:
      - no-cache
      content-length:
      - '355'
      content-type:
      - application/json
      date:
      - Tue, 10 Oct 2023 17:53:48 GMT
      expires:
      - '-1'
      pragma:
      - no-cache
      server:
      - Microsoft-HTTPAPI/2.0
      strict-transport-security:
      - max-age=31536000; includeSubDomains
      transfer-encoding:
      - chunked
      vary:
      - Accept-Encoding
      x-content-type-options:
      - nosniff
      x-rp-server-mvid:
      - 77ca18bf-d566-43ae-95d3-5716bda387c1
    status:
      code: 200
      message: OK
- request:
    body: null
    headers:
      Accept:
      - '*/*'
      Accept-Encoding:
      - gzip, deflate
      CommandName:
      - redis create
      Connection:
      - keep-alive
      ParameterSetName:
      - -n -g -l --sku --vm-size
      User-Agent:
      - AZURECLI/2.53.0 azsdk-python-mgmt-redis/14.2.0 Python/3.10.0 (Windows-10-10.0.19045-SP0)
    method: GET
    uri: https://management.azure.com/subscriptions/00000000-0000-0000-0000-000000000000/providers/Microsoft.Cache/locations/East%20US%202/asyncOperations/1b394058-726d-4326-a241-7aac404cab2f?api-version=2023-04-01
  response:
    body:
      string: "{\r\n  \"id\": \"/subscriptions/00000000-0000-0000-0000-000000000000/providers/Microsoft.Cache/locations/East
        US 2/asyncOperations/1b394058-726d-4326-a241-7aac404cab2f\",\r\n  \"name\":
        \"1b394058-726d-4326-a241-7aac404cab2f\",\r\n  \"status\": \"InProgress\",\r\n
        \ \"startTime\": null,\r\n  \"endTime\": null,\r\n  \"percentComplete\": null,\r\n
        \ \"properties\": null,\r\n  \"error\": null\r\n}"
    headers:
      azure-asyncoperation:
      - https://management.azure.com/subscriptions/00000000-0000-0000-0000-000000000000/providers/Microsoft.Cache/locations/East%20US%202/asyncOperations/1b394058-726d-4326-a241-7aac404cab2f?api-version=2023-04-01
      cache-control:
      - no-cache
      content-length:
      - '355'
      content-type:
      - application/json
      date:
      - Tue, 10 Oct 2023 17:54:19 GMT
      expires:
      - '-1'
      pragma:
      - no-cache
      server:
      - Microsoft-HTTPAPI/2.0
      strict-transport-security:
      - max-age=31536000; includeSubDomains
      transfer-encoding:
      - chunked
      vary:
      - Accept-Encoding
      x-content-type-options:
      - nosniff
      x-rp-server-mvid:
      - 77ca18bf-d566-43ae-95d3-5716bda387c1
    status:
      code: 200
      message: OK
- request:
    body: null
    headers:
      Accept:
      - '*/*'
      Accept-Encoding:
      - gzip, deflate
      CommandName:
      - redis create
      Connection:
      - keep-alive
      ParameterSetName:
      - -n -g -l --sku --vm-size
      User-Agent:
      - AZURECLI/2.53.0 azsdk-python-mgmt-redis/14.2.0 Python/3.10.0 (Windows-10-10.0.19045-SP0)
    method: GET
    uri: https://management.azure.com/subscriptions/00000000-0000-0000-0000-000000000000/providers/Microsoft.Cache/locations/East%20US%202/asyncOperations/1b394058-726d-4326-a241-7aac404cab2f?api-version=2023-04-01
  response:
    body:
      string: "{\r\n  \"id\": \"/subscriptions/00000000-0000-0000-0000-000000000000/providers/Microsoft.Cache/locations/East
        US 2/asyncOperations/1b394058-726d-4326-a241-7aac404cab2f\",\r\n  \"name\":
        \"1b394058-726d-4326-a241-7aac404cab2f\",\r\n  \"status\": \"InProgress\",\r\n
        \ \"startTime\": null,\r\n  \"endTime\": null,\r\n  \"percentComplete\": null,\r\n
        \ \"properties\": null,\r\n  \"error\": null\r\n}"
    headers:
      azure-asyncoperation:
      - https://management.azure.com/subscriptions/00000000-0000-0000-0000-000000000000/providers/Microsoft.Cache/locations/East%20US%202/asyncOperations/1b394058-726d-4326-a241-7aac404cab2f?api-version=2023-04-01
      cache-control:
      - no-cache
      content-length:
      - '355'
      content-type:
      - application/json
      date:
      - Tue, 10 Oct 2023 17:54:48 GMT
      expires:
      - '-1'
      pragma:
      - no-cache
      server:
      - Microsoft-HTTPAPI/2.0
      strict-transport-security:
      - max-age=31536000; includeSubDomains
      transfer-encoding:
      - chunked
      vary:
      - Accept-Encoding
      x-content-type-options:
      - nosniff
      x-rp-server-mvid:
      - 77ca18bf-d566-43ae-95d3-5716bda387c1
    status:
      code: 200
      message: OK
- request:
    body: null
    headers:
      Accept:
      - '*/*'
      Accept-Encoding:
      - gzip, deflate
      CommandName:
      - redis create
      Connection:
      - keep-alive
      ParameterSetName:
      - -n -g -l --sku --vm-size
      User-Agent:
      - AZURECLI/2.53.0 azsdk-python-mgmt-redis/14.2.0 Python/3.10.0 (Windows-10-10.0.19045-SP0)
    method: GET
    uri: https://management.azure.com/subscriptions/00000000-0000-0000-0000-000000000000/providers/Microsoft.Cache/locations/East%20US%202/asyncOperations/1b394058-726d-4326-a241-7aac404cab2f?api-version=2023-04-01
  response:
    body:
      string: "{\r\n  \"id\": \"/subscriptions/00000000-0000-0000-0000-000000000000/providers/Microsoft.Cache/locations/East
        US 2/asyncOperations/1b394058-726d-4326-a241-7aac404cab2f\",\r\n  \"name\":
        \"1b394058-726d-4326-a241-7aac404cab2f\",\r\n  \"status\": \"InProgress\",\r\n
        \ \"startTime\": null,\r\n  \"endTime\": null,\r\n  \"percentComplete\": null,\r\n
        \ \"properties\": null,\r\n  \"error\": null\r\n}"
    headers:
      azure-asyncoperation:
      - https://management.azure.com/subscriptions/00000000-0000-0000-0000-000000000000/providers/Microsoft.Cache/locations/East%20US%202/asyncOperations/1b394058-726d-4326-a241-7aac404cab2f?api-version=2023-04-01
      cache-control:
      - no-cache
      content-length:
      - '355'
      content-type:
      - application/json
      date:
      - Tue, 10 Oct 2023 17:55:18 GMT
      expires:
      - '-1'
      pragma:
      - no-cache
      server:
      - Microsoft-HTTPAPI/2.0
      strict-transport-security:
      - max-age=31536000; includeSubDomains
      transfer-encoding:
      - chunked
      vary:
      - Accept-Encoding
      x-content-type-options:
      - nosniff
      x-rp-server-mvid:
      - 77ca18bf-d566-43ae-95d3-5716bda387c1
    status:
      code: 200
      message: OK
- request:
    body: null
    headers:
      Accept:
      - '*/*'
      Accept-Encoding:
      - gzip, deflate
      CommandName:
      - redis create
      Connection:
      - keep-alive
      ParameterSetName:
      - -n -g -l --sku --vm-size
      User-Agent:
      - AZURECLI/2.53.0 azsdk-python-mgmt-redis/14.2.0 Python/3.10.0 (Windows-10-10.0.19045-SP0)
    method: GET
    uri: https://management.azure.com/subscriptions/00000000-0000-0000-0000-000000000000/providers/Microsoft.Cache/locations/East%20US%202/asyncOperations/1b394058-726d-4326-a241-7aac404cab2f?api-version=2023-04-01
  response:
    body:
      string: "{\r\n  \"id\": \"/subscriptions/00000000-0000-0000-0000-000000000000/providers/Microsoft.Cache/locations/East
        US 2/asyncOperations/1b394058-726d-4326-a241-7aac404cab2f\",\r\n  \"name\":
        \"1b394058-726d-4326-a241-7aac404cab2f\",\r\n  \"status\": \"InProgress\",\r\n
        \ \"startTime\": null,\r\n  \"endTime\": null,\r\n  \"percentComplete\": null,\r\n
        \ \"properties\": null,\r\n  \"error\": null\r\n}"
    headers:
      azure-asyncoperation:
      - https://management.azure.com/subscriptions/00000000-0000-0000-0000-000000000000/providers/Microsoft.Cache/locations/East%20US%202/asyncOperations/1b394058-726d-4326-a241-7aac404cab2f?api-version=2023-04-01
      cache-control:
      - no-cache
      content-length:
      - '355'
      content-type:
      - application/json
      date:
      - Tue, 10 Oct 2023 17:55:49 GMT
      expires:
      - '-1'
      pragma:
      - no-cache
      server:
      - Microsoft-HTTPAPI/2.0
      strict-transport-security:
      - max-age=31536000; includeSubDomains
      transfer-encoding:
      - chunked
      vary:
      - Accept-Encoding
      x-content-type-options:
      - nosniff
      x-rp-server-mvid:
      - 77ca18bf-d566-43ae-95d3-5716bda387c1
    status:
      code: 200
      message: OK
- request:
    body: null
    headers:
      Accept:
      - '*/*'
      Accept-Encoding:
      - gzip, deflate
      CommandName:
      - redis create
      Connection:
      - keep-alive
      ParameterSetName:
      - -n -g -l --sku --vm-size
      User-Agent:
      - AZURECLI/2.53.0 azsdk-python-mgmt-redis/14.2.0 Python/3.10.0 (Windows-10-10.0.19045-SP0)
    method: GET
    uri: https://management.azure.com/subscriptions/00000000-0000-0000-0000-000000000000/providers/Microsoft.Cache/locations/East%20US%202/asyncOperations/1b394058-726d-4326-a241-7aac404cab2f?api-version=2023-04-01
  response:
    body:
      string: "{\r\n  \"id\": \"/subscriptions/00000000-0000-0000-0000-000000000000/providers/Microsoft.Cache/locations/East
        US 2/asyncOperations/1b394058-726d-4326-a241-7aac404cab2f\",\r\n  \"name\":
        \"1b394058-726d-4326-a241-7aac404cab2f\",\r\n  \"status\": \"InProgress\",\r\n
        \ \"startTime\": null,\r\n  \"endTime\": null,\r\n  \"percentComplete\": null,\r\n
        \ \"properties\": null,\r\n  \"error\": null\r\n}"
    headers:
      azure-asyncoperation:
      - https://management.azure.com/subscriptions/00000000-0000-0000-0000-000000000000/providers/Microsoft.Cache/locations/East%20US%202/asyncOperations/1b394058-726d-4326-a241-7aac404cab2f?api-version=2023-04-01
      cache-control:
      - no-cache
      content-length:
      - '355'
      content-type:
      - application/json
      date:
      - Tue, 10 Oct 2023 17:56:19 GMT
      expires:
      - '-1'
      pragma:
      - no-cache
      server:
      - Microsoft-HTTPAPI/2.0
      strict-transport-security:
      - max-age=31536000; includeSubDomains
      transfer-encoding:
      - chunked
      vary:
      - Accept-Encoding
      x-content-type-options:
      - nosniff
      x-rp-server-mvid:
      - 77ca18bf-d566-43ae-95d3-5716bda387c1
    status:
      code: 200
      message: OK
- request:
    body: null
    headers:
      Accept:
      - '*/*'
      Accept-Encoding:
      - gzip, deflate
      CommandName:
      - redis create
      Connection:
      - keep-alive
      ParameterSetName:
      - -n -g -l --sku --vm-size
      User-Agent:
      - AZURECLI/2.53.0 azsdk-python-mgmt-redis/14.2.0 Python/3.10.0 (Windows-10-10.0.19045-SP0)
    method: GET
    uri: https://management.azure.com/subscriptions/00000000-0000-0000-0000-000000000000/providers/Microsoft.Cache/locations/East%20US%202/asyncOperations/1b394058-726d-4326-a241-7aac404cab2f?api-version=2023-04-01
  response:
    body:
      string: "{\r\n  \"id\": \"/subscriptions/00000000-0000-0000-0000-000000000000/providers/Microsoft.Cache/locations/East
        US 2/asyncOperations/1b394058-726d-4326-a241-7aac404cab2f\",\r\n  \"name\":
        \"1b394058-726d-4326-a241-7aac404cab2f\",\r\n  \"status\": \"InProgress\",\r\n
        \ \"startTime\": null,\r\n  \"endTime\": null,\r\n  \"percentComplete\": null,\r\n
        \ \"properties\": null,\r\n  \"error\": null\r\n}"
    headers:
      azure-asyncoperation:
      - https://management.azure.com/subscriptions/00000000-0000-0000-0000-000000000000/providers/Microsoft.Cache/locations/East%20US%202/asyncOperations/1b394058-726d-4326-a241-7aac404cab2f?api-version=2023-04-01
      cache-control:
      - no-cache
      content-length:
      - '355'
      content-type:
      - application/json
      date:
      - Tue, 10 Oct 2023 17:56:49 GMT
      expires:
      - '-1'
      pragma:
      - no-cache
      server:
      - Microsoft-HTTPAPI/2.0
      strict-transport-security:
      - max-age=31536000; includeSubDomains
      transfer-encoding:
      - chunked
      vary:
      - Accept-Encoding
      x-content-type-options:
      - nosniff
      x-rp-server-mvid:
      - 77ca18bf-d566-43ae-95d3-5716bda387c1
    status:
      code: 200
      message: OK
- request:
    body: null
    headers:
      Accept:
      - '*/*'
      Accept-Encoding:
      - gzip, deflate
      CommandName:
      - redis create
      Connection:
      - keep-alive
      ParameterSetName:
      - -n -g -l --sku --vm-size
      User-Agent:
      - AZURECLI/2.53.0 azsdk-python-mgmt-redis/14.2.0 Python/3.10.0 (Windows-10-10.0.19045-SP0)
    method: GET
    uri: https://management.azure.com/subscriptions/00000000-0000-0000-0000-000000000000/providers/Microsoft.Cache/locations/East%20US%202/asyncOperations/1b394058-726d-4326-a241-7aac404cab2f?api-version=2023-04-01
  response:
    body:
      string: "{\r\n  \"id\": \"/subscriptions/00000000-0000-0000-0000-000000000000/providers/Microsoft.Cache/locations/East
        US 2/asyncOperations/1b394058-726d-4326-a241-7aac404cab2f\",\r\n  \"name\":
        \"1b394058-726d-4326-a241-7aac404cab2f\",\r\n  \"status\": \"InProgress\",\r\n
        \ \"startTime\": null,\r\n  \"endTime\": null,\r\n  \"percentComplete\": null,\r\n
        \ \"properties\": null,\r\n  \"error\": null\r\n}"
    headers:
      azure-asyncoperation:
      - https://management.azure.com/subscriptions/00000000-0000-0000-0000-000000000000/providers/Microsoft.Cache/locations/East%20US%202/asyncOperations/1b394058-726d-4326-a241-7aac404cab2f?api-version=2023-04-01
      cache-control:
      - no-cache
      content-length:
      - '355'
      content-type:
      - application/json
      date:
      - Tue, 10 Oct 2023 17:57:19 GMT
      expires:
      - '-1'
      pragma:
      - no-cache
      server:
      - Microsoft-HTTPAPI/2.0
      strict-transport-security:
      - max-age=31536000; includeSubDomains
      transfer-encoding:
      - chunked
      vary:
      - Accept-Encoding
      x-content-type-options:
      - nosniff
      x-rp-server-mvid:
      - 77ca18bf-d566-43ae-95d3-5716bda387c1
    status:
      code: 200
      message: OK
- request:
    body: null
    headers:
      Accept:
      - '*/*'
      Accept-Encoding:
      - gzip, deflate
      CommandName:
      - redis create
      Connection:
      - keep-alive
      ParameterSetName:
      - -n -g -l --sku --vm-size
      User-Agent:
      - AZURECLI/2.53.0 azsdk-python-mgmt-redis/14.2.0 Python/3.10.0 (Windows-10-10.0.19045-SP0)
    method: GET
    uri: https://management.azure.com/subscriptions/00000000-0000-0000-0000-000000000000/providers/Microsoft.Cache/locations/East%20US%202/asyncOperations/1b394058-726d-4326-a241-7aac404cab2f?api-version=2023-04-01
  response:
    body:
      string: "{\r\n  \"id\": \"/subscriptions/00000000-0000-0000-0000-000000000000/providers/Microsoft.Cache/locations/East
        US 2/asyncOperations/1b394058-726d-4326-a241-7aac404cab2f\",\r\n  \"name\":
        \"1b394058-726d-4326-a241-7aac404cab2f\",\r\n  \"status\": \"InProgress\",\r\n
        \ \"startTime\": null,\r\n  \"endTime\": null,\r\n  \"percentComplete\": null,\r\n
        \ \"properties\": null,\r\n  \"error\": null\r\n}"
    headers:
      azure-asyncoperation:
      - https://management.azure.com/subscriptions/00000000-0000-0000-0000-000000000000/providers/Microsoft.Cache/locations/East%20US%202/asyncOperations/1b394058-726d-4326-a241-7aac404cab2f?api-version=2023-04-01
      cache-control:
      - no-cache
      content-length:
      - '355'
      content-type:
      - application/json
      date:
      - Tue, 10 Oct 2023 17:57:50 GMT
      expires:
      - '-1'
      pragma:
      - no-cache
      server:
      - Microsoft-HTTPAPI/2.0
      strict-transport-security:
      - max-age=31536000; includeSubDomains
      transfer-encoding:
      - chunked
      vary:
      - Accept-Encoding
      x-content-type-options:
      - nosniff
      x-rp-server-mvid:
      - 77ca18bf-d566-43ae-95d3-5716bda387c1
    status:
      code: 200
      message: OK
- request:
    body: null
    headers:
      Accept:
      - '*/*'
      Accept-Encoding:
      - gzip, deflate
      CommandName:
      - redis create
      Connection:
      - keep-alive
      ParameterSetName:
      - -n -g -l --sku --vm-size
      User-Agent:
      - AZURECLI/2.53.0 azsdk-python-mgmt-redis/14.2.0 Python/3.10.0 (Windows-10-10.0.19045-SP0)
    method: GET
    uri: https://management.azure.com/subscriptions/00000000-0000-0000-0000-000000000000/providers/Microsoft.Cache/locations/East%20US%202/asyncOperations/1b394058-726d-4326-a241-7aac404cab2f?api-version=2023-04-01
  response:
    body:
      string: "{\r\n  \"id\": \"/subscriptions/00000000-0000-0000-0000-000000000000/providers/Microsoft.Cache/locations/East
        US 2/asyncOperations/1b394058-726d-4326-a241-7aac404cab2f\",\r\n  \"name\":
        \"1b394058-726d-4326-a241-7aac404cab2f\",\r\n  \"status\": \"InProgress\",\r\n
        \ \"startTime\": null,\r\n  \"endTime\": null,\r\n  \"percentComplete\": null,\r\n
        \ \"properties\": null,\r\n  \"error\": null\r\n}"
    headers:
      azure-asyncoperation:
      - https://management.azure.com/subscriptions/00000000-0000-0000-0000-000000000000/providers/Microsoft.Cache/locations/East%20US%202/asyncOperations/1b394058-726d-4326-a241-7aac404cab2f?api-version=2023-04-01
      cache-control:
      - no-cache
      content-length:
      - '355'
      content-type:
      - application/json
      date:
      - Tue, 10 Oct 2023 17:58:20 GMT
      expires:
      - '-1'
      pragma:
      - no-cache
      server:
      - Microsoft-HTTPAPI/2.0
      strict-transport-security:
      - max-age=31536000; includeSubDomains
      transfer-encoding:
      - chunked
      vary:
      - Accept-Encoding
      x-content-type-options:
      - nosniff
      x-rp-server-mvid:
      - 77ca18bf-d566-43ae-95d3-5716bda387c1
    status:
      code: 200
      message: OK
- request:
    body: null
    headers:
      Accept:
      - '*/*'
      Accept-Encoding:
      - gzip, deflate
      CommandName:
      - redis create
      Connection:
      - keep-alive
      ParameterSetName:
      - -n -g -l --sku --vm-size
      User-Agent:
      - AZURECLI/2.53.0 azsdk-python-mgmt-redis/14.2.0 Python/3.10.0 (Windows-10-10.0.19045-SP0)
    method: GET
    uri: https://management.azure.com/subscriptions/00000000-0000-0000-0000-000000000000/providers/Microsoft.Cache/locations/East%20US%202/asyncOperations/1b394058-726d-4326-a241-7aac404cab2f?api-version=2023-04-01
  response:
    body:
      string: "{\r\n  \"id\": \"/subscriptions/00000000-0000-0000-0000-000000000000/providers/Microsoft.Cache/locations/East
        US 2/asyncOperations/1b394058-726d-4326-a241-7aac404cab2f\",\r\n  \"name\":
        \"1b394058-726d-4326-a241-7aac404cab2f\",\r\n  \"status\": \"InProgress\",\r\n
        \ \"startTime\": null,\r\n  \"endTime\": null,\r\n  \"percentComplete\": null,\r\n
        \ \"properties\": null,\r\n  \"error\": null\r\n}"
    headers:
      azure-asyncoperation:
      - https://management.azure.com/subscriptions/00000000-0000-0000-0000-000000000000/providers/Microsoft.Cache/locations/East%20US%202/asyncOperations/1b394058-726d-4326-a241-7aac404cab2f?api-version=2023-04-01
      cache-control:
      - no-cache
      content-length:
      - '355'
      content-type:
      - application/json
      date:
      - Tue, 10 Oct 2023 17:58:50 GMT
      expires:
      - '-1'
      pragma:
      - no-cache
      server:
      - Microsoft-HTTPAPI/2.0
      strict-transport-security:
      - max-age=31536000; includeSubDomains
      transfer-encoding:
      - chunked
      vary:
      - Accept-Encoding
      x-content-type-options:
      - nosniff
      x-rp-server-mvid:
      - 77ca18bf-d566-43ae-95d3-5716bda387c1
    status:
      code: 200
      message: OK
- request:
    body: null
    headers:
      Accept:
      - '*/*'
      Accept-Encoding:
      - gzip, deflate
      CommandName:
      - redis create
      Connection:
      - keep-alive
      ParameterSetName:
      - -n -g -l --sku --vm-size
      User-Agent:
      - AZURECLI/2.53.0 azsdk-python-mgmt-redis/14.2.0 Python/3.10.0 (Windows-10-10.0.19045-SP0)
    method: GET
    uri: https://management.azure.com/subscriptions/00000000-0000-0000-0000-000000000000/providers/Microsoft.Cache/locations/East%20US%202/asyncOperations/1b394058-726d-4326-a241-7aac404cab2f?api-version=2023-04-01
  response:
    body:
      string: "{\r\n  \"id\": \"/subscriptions/00000000-0000-0000-0000-000000000000/providers/Microsoft.Cache/locations/East
        US 2/asyncOperations/1b394058-726d-4326-a241-7aac404cab2f\",\r\n  \"name\":
        \"1b394058-726d-4326-a241-7aac404cab2f\",\r\n  \"status\": \"InProgress\",\r\n
        \ \"startTime\": null,\r\n  \"endTime\": null,\r\n  \"percentComplete\": null,\r\n
        \ \"properties\": null,\r\n  \"error\": null\r\n}"
    headers:
      azure-asyncoperation:
      - https://management.azure.com/subscriptions/00000000-0000-0000-0000-000000000000/providers/Microsoft.Cache/locations/East%20US%202/asyncOperations/1b394058-726d-4326-a241-7aac404cab2f?api-version=2023-04-01
      cache-control:
      - no-cache
      content-length:
      - '355'
      content-type:
      - application/json
      date:
      - Tue, 10 Oct 2023 17:59:21 GMT
      expires:
      - '-1'
      pragma:
      - no-cache
      server:
      - Microsoft-HTTPAPI/2.0
      strict-transport-security:
      - max-age=31536000; includeSubDomains
      transfer-encoding:
      - chunked
      vary:
      - Accept-Encoding
      x-content-type-options:
      - nosniff
      x-rp-server-mvid:
      - 77ca18bf-d566-43ae-95d3-5716bda387c1
    status:
      code: 200
      message: OK
- request:
    body: null
    headers:
      Accept:
      - '*/*'
      Accept-Encoding:
      - gzip, deflate
      CommandName:
      - redis create
      Connection:
      - keep-alive
      ParameterSetName:
      - -n -g -l --sku --vm-size
      User-Agent:
      - AZURECLI/2.53.0 azsdk-python-mgmt-redis/14.2.0 Python/3.10.0 (Windows-10-10.0.19045-SP0)
    method: GET
    uri: https://management.azure.com/subscriptions/00000000-0000-0000-0000-000000000000/providers/Microsoft.Cache/locations/East%20US%202/asyncOperations/1b394058-726d-4326-a241-7aac404cab2f?api-version=2023-04-01
  response:
    body:
      string: "{\r\n  \"id\": \"/subscriptions/00000000-0000-0000-0000-000000000000/providers/Microsoft.Cache/locations/East
        US 2/asyncOperations/1b394058-726d-4326-a241-7aac404cab2f\",\r\n  \"name\":
        \"1b394058-726d-4326-a241-7aac404cab2f\",\r\n  \"status\": \"InProgress\",\r\n
        \ \"startTime\": null,\r\n  \"endTime\": null,\r\n  \"percentComplete\": null,\r\n
        \ \"properties\": null,\r\n  \"error\": null\r\n}"
    headers:
      azure-asyncoperation:
      - https://management.azure.com/subscriptions/00000000-0000-0000-0000-000000000000/providers/Microsoft.Cache/locations/East%20US%202/asyncOperations/1b394058-726d-4326-a241-7aac404cab2f?api-version=2023-04-01
      cache-control:
      - no-cache
      content-length:
      - '355'
      content-type:
      - application/json
      date:
      - Tue, 10 Oct 2023 17:59:50 GMT
      expires:
      - '-1'
      pragma:
      - no-cache
      server:
      - Microsoft-HTTPAPI/2.0
      strict-transport-security:
      - max-age=31536000; includeSubDomains
      transfer-encoding:
      - chunked
      vary:
      - Accept-Encoding
      x-content-type-options:
      - nosniff
      x-rp-server-mvid:
      - 77ca18bf-d566-43ae-95d3-5716bda387c1
    status:
      code: 200
      message: OK
- request:
    body: null
    headers:
      Accept:
      - '*/*'
      Accept-Encoding:
      - gzip, deflate
      CommandName:
      - redis create
      Connection:
      - keep-alive
      ParameterSetName:
      - -n -g -l --sku --vm-size
      User-Agent:
      - AZURECLI/2.53.0 azsdk-python-mgmt-redis/14.2.0 Python/3.10.0 (Windows-10-10.0.19045-SP0)
    method: GET
    uri: https://management.azure.com/subscriptions/00000000-0000-0000-0000-000000000000/providers/Microsoft.Cache/locations/East%20US%202/asyncOperations/1b394058-726d-4326-a241-7aac404cab2f?api-version=2023-04-01
  response:
    body:
      string: "{\r\n  \"id\": \"/subscriptions/00000000-0000-0000-0000-000000000000/providers/Microsoft.Cache/locations/East
        US 2/asyncOperations/1b394058-726d-4326-a241-7aac404cab2f\",\r\n  \"name\":
        \"1b394058-726d-4326-a241-7aac404cab2f\",\r\n  \"status\": \"InProgress\",\r\n
        \ \"startTime\": null,\r\n  \"endTime\": null,\r\n  \"percentComplete\": null,\r\n
        \ \"properties\": null,\r\n  \"error\": null\r\n}"
    headers:
      azure-asyncoperation:
      - https://management.azure.com/subscriptions/00000000-0000-0000-0000-000000000000/providers/Microsoft.Cache/locations/East%20US%202/asyncOperations/1b394058-726d-4326-a241-7aac404cab2f?api-version=2023-04-01
      cache-control:
      - no-cache
      content-length:
      - '355'
      content-type:
      - application/json
      date:
      - Tue, 10 Oct 2023 18:00:20 GMT
      expires:
      - '-1'
      pragma:
      - no-cache
      server:
      - Microsoft-HTTPAPI/2.0
      strict-transport-security:
      - max-age=31536000; includeSubDomains
      transfer-encoding:
      - chunked
      vary:
      - Accept-Encoding
      x-content-type-options:
      - nosniff
      x-rp-server-mvid:
      - 77ca18bf-d566-43ae-95d3-5716bda387c1
    status:
      code: 200
      message: OK
- request:
    body: null
    headers:
      Accept:
      - '*/*'
      Accept-Encoding:
      - gzip, deflate
      CommandName:
      - redis create
      Connection:
      - keep-alive
      ParameterSetName:
      - -n -g -l --sku --vm-size
      User-Agent:
      - AZURECLI/2.53.0 azsdk-python-mgmt-redis/14.2.0 Python/3.10.0 (Windows-10-10.0.19045-SP0)
    method: GET
    uri: https://management.azure.com/subscriptions/00000000-0000-0000-0000-000000000000/providers/Microsoft.Cache/locations/East%20US%202/asyncOperations/1b394058-726d-4326-a241-7aac404cab2f?api-version=2023-04-01
  response:
    body:
      string: "{\r\n  \"id\": \"/subscriptions/00000000-0000-0000-0000-000000000000/providers/Microsoft.Cache/locations/East
        US 2/asyncOperations/1b394058-726d-4326-a241-7aac404cab2f\",\r\n  \"name\":
        \"1b394058-726d-4326-a241-7aac404cab2f\",\r\n  \"status\": \"InProgress\",\r\n
        \ \"startTime\": null,\r\n  \"endTime\": null,\r\n  \"percentComplete\": null,\r\n
        \ \"properties\": null,\r\n  \"error\": null\r\n}"
    headers:
      azure-asyncoperation:
      - https://management.azure.com/subscriptions/00000000-0000-0000-0000-000000000000/providers/Microsoft.Cache/locations/East%20US%202/asyncOperations/1b394058-726d-4326-a241-7aac404cab2f?api-version=2023-04-01
      cache-control:
      - no-cache
      content-length:
      - '355'
      content-type:
      - application/json
      date:
      - Tue, 10 Oct 2023 18:00:50 GMT
      expires:
      - '-1'
      pragma:
      - no-cache
      server:
      - Microsoft-HTTPAPI/2.0
      strict-transport-security:
      - max-age=31536000; includeSubDomains
      transfer-encoding:
      - chunked
      vary:
      - Accept-Encoding
      x-content-type-options:
      - nosniff
      x-rp-server-mvid:
      - 77ca18bf-d566-43ae-95d3-5716bda387c1
    status:
      code: 200
      message: OK
- request:
    body: null
    headers:
      Accept:
      - '*/*'
      Accept-Encoding:
      - gzip, deflate
      CommandName:
      - redis create
      Connection:
      - keep-alive
      ParameterSetName:
      - -n -g -l --sku --vm-size
      User-Agent:
      - AZURECLI/2.53.0 azsdk-python-mgmt-redis/14.2.0 Python/3.10.0 (Windows-10-10.0.19045-SP0)
    method: GET
    uri: https://management.azure.com/subscriptions/00000000-0000-0000-0000-000000000000/providers/Microsoft.Cache/locations/East%20US%202/asyncOperations/1b394058-726d-4326-a241-7aac404cab2f?api-version=2023-04-01
  response:
    body:
      string: "{\r\n  \"id\": \"/subscriptions/00000000-0000-0000-0000-000000000000/providers/Microsoft.Cache/locations/East
        US 2/asyncOperations/1b394058-726d-4326-a241-7aac404cab2f\",\r\n  \"name\":
        \"1b394058-726d-4326-a241-7aac404cab2f\",\r\n  \"status\": \"InProgress\",\r\n
        \ \"startTime\": null,\r\n  \"endTime\": null,\r\n  \"percentComplete\": null,\r\n
        \ \"properties\": null,\r\n  \"error\": null\r\n}"
    headers:
      azure-asyncoperation:
      - https://management.azure.com/subscriptions/00000000-0000-0000-0000-000000000000/providers/Microsoft.Cache/locations/East%20US%202/asyncOperations/1b394058-726d-4326-a241-7aac404cab2f?api-version=2023-04-01
      cache-control:
      - no-cache
      content-length:
      - '355'
      content-type:
      - application/json
      date:
      - Tue, 10 Oct 2023 18:01:20 GMT
      expires:
      - '-1'
      pragma:
      - no-cache
      server:
      - Microsoft-HTTPAPI/2.0
      strict-transport-security:
      - max-age=31536000; includeSubDomains
      transfer-encoding:
      - chunked
      vary:
      - Accept-Encoding
      x-content-type-options:
      - nosniff
      x-rp-server-mvid:
      - 77ca18bf-d566-43ae-95d3-5716bda387c1
    status:
      code: 200
      message: OK
- request:
    body: null
    headers:
      Accept:
      - '*/*'
      Accept-Encoding:
      - gzip, deflate
      CommandName:
      - redis create
      Connection:
      - keep-alive
      ParameterSetName:
      - -n -g -l --sku --vm-size
      User-Agent:
      - AZURECLI/2.53.0 azsdk-python-mgmt-redis/14.2.0 Python/3.10.0 (Windows-10-10.0.19045-SP0)
    method: GET
    uri: https://management.azure.com/subscriptions/00000000-0000-0000-0000-000000000000/providers/Microsoft.Cache/locations/East%20US%202/asyncOperations/1b394058-726d-4326-a241-7aac404cab2f?api-version=2023-04-01
  response:
    body:
      string: "{\r\n  \"id\": \"/subscriptions/00000000-0000-0000-0000-000000000000/providers/Microsoft.Cache/locations/East
        US 2/asyncOperations/1b394058-726d-4326-a241-7aac404cab2f\",\r\n  \"name\":
        \"1b394058-726d-4326-a241-7aac404cab2f\",\r\n  \"status\": \"InProgress\",\r\n
        \ \"startTime\": null,\r\n  \"endTime\": null,\r\n  \"percentComplete\": null,\r\n
        \ \"properties\": null,\r\n  \"error\": null\r\n}"
    headers:
      azure-asyncoperation:
      - https://management.azure.com/subscriptions/00000000-0000-0000-0000-000000000000/providers/Microsoft.Cache/locations/East%20US%202/asyncOperations/1b394058-726d-4326-a241-7aac404cab2f?api-version=2023-04-01
      cache-control:
      - no-cache
      content-length:
      - '355'
      content-type:
      - application/json
      date:
      - Tue, 10 Oct 2023 18:01:51 GMT
      expires:
      - '-1'
      pragma:
      - no-cache
      server:
      - Microsoft-HTTPAPI/2.0
      strict-transport-security:
      - max-age=31536000; includeSubDomains
      transfer-encoding:
      - chunked
      vary:
      - Accept-Encoding
      x-content-type-options:
      - nosniff
      x-rp-server-mvid:
      - 77ca18bf-d566-43ae-95d3-5716bda387c1
    status:
      code: 200
      message: OK
- request:
    body: null
    headers:
      Accept:
      - '*/*'
      Accept-Encoding:
      - gzip, deflate
      CommandName:
      - redis create
      Connection:
      - keep-alive
      ParameterSetName:
      - -n -g -l --sku --vm-size
      User-Agent:
      - AZURECLI/2.53.0 azsdk-python-mgmt-redis/14.2.0 Python/3.10.0 (Windows-10-10.0.19045-SP0)
    method: GET
    uri: https://management.azure.com/subscriptions/00000000-0000-0000-0000-000000000000/providers/Microsoft.Cache/locations/East%20US%202/asyncOperations/1b394058-726d-4326-a241-7aac404cab2f?api-version=2023-04-01
  response:
    body:
      string: "{\r\n  \"id\": \"/subscriptions/00000000-0000-0000-0000-000000000000/providers/Microsoft.Cache/locations/East
        US 2/asyncOperations/1b394058-726d-4326-a241-7aac404cab2f\",\r\n  \"name\":
        \"1b394058-726d-4326-a241-7aac404cab2f\",\r\n  \"status\": \"Succeeded\",\r\n
        \ \"startTime\": null,\r\n  \"endTime\": null,\r\n  \"percentComplete\": null,\r\n
        \ \"properties\": null,\r\n  \"error\": null\r\n}"
    headers:
      azure-asyncoperation:
      - https://management.azure.com/subscriptions/00000000-0000-0000-0000-000000000000/providers/Microsoft.Cache/locations/East%20US%202/asyncOperations/1b394058-726d-4326-a241-7aac404cab2f?api-version=2023-04-01
      cache-control:
      - no-cache
      content-length:
      - '354'
      content-type:
      - application/json
      date:
      - Tue, 10 Oct 2023 18:02:21 GMT
      expires:
      - '-1'
      pragma:
      - no-cache
      server:
      - Microsoft-HTTPAPI/2.0
      strict-transport-security:
      - max-age=31536000; includeSubDomains
      transfer-encoding:
      - chunked
      vary:
      - Accept-Encoding
      x-content-type-options:
      - nosniff
      x-rp-server-mvid:
      - 77ca18bf-d566-43ae-95d3-5716bda387c1
    status:
      code: 200
      message: OK
- request:
    body: null
    headers:
      Accept:
      - '*/*'
      Accept-Encoding:
      - gzip, deflate
      CommandName:
      - redis create
      Connection:
      - keep-alive
      ParameterSetName:
      - -n -g -l --sku --vm-size
      User-Agent:
      - AZURECLI/2.53.0 azsdk-python-mgmt-redis/14.2.0 Python/3.10.0 (Windows-10-10.0.19045-SP0)
    method: GET
    uri: https://management.azure.com/subscriptions/00000000-0000-0000-0000-000000000000/resourceGroups/cli_test_redis000001/providers/Microsoft.Cache/redis/cliredis000002?api-version=2023-04-01
  response:
    body:
      string: '{"id":"/subscriptions/00000000-0000-0000-0000-000000000000/resourceGroups/cli_test_redis000001/providers/Microsoft.Cache/Redis/cliredis000002","location":"East
        US 2","name":"cliredis000002","type":"Microsoft.Cache/Redis","tags":{},"properties":{"provisioningState":"Succeeded","redisVersion":"6.0","sku":{"name":"Premium","family":"P","capacity":1},"enableNonSslPort":false,"instances":[{"sslPort":15000,"isMaster":true,"isPrimary":true},{"sslPort":15001,"isMaster":false,"isPrimary":false}],"publicNetworkAccess":"Enabled","tenantSettings":{},"redisConfiguration":{"maxclients":"7500","maxmemory-reserved":"642","maxfragmentationmemory-reserved":"642","maxmemory-delta":"642"},"accessKeys":null,"hostName":"cliredis000002.redis.cache.windows.net","port":6379,"sslPort":6380,"linkedServers":[]}}'
    headers:
      cache-control:
      - no-cache
      content-length:
      - '795'
      content-type:
      - application/json; charset=utf-8
      date:
      - Tue, 10 Oct 2023 18:02:22 GMT
      expires:
      - '-1'
      pragma:
      - no-cache
      server:
      - Microsoft-HTTPAPI/2.0
      strict-transport-security:
      - max-age=31536000; includeSubDomains
      transfer-encoding:
      - chunked
      vary:
      - Accept-Encoding
      x-content-type-options:
      - nosniff
      x-rp-server-mvid:
      - 77ca18bf-d566-43ae-95d3-5716bda387c1
    status:
      code: 200
      message: OK
- request:
    body: '{"location": "EastUS", "properties": {"redisConfiguration": {}, "tenantSettings":
      {}, "sku": {"name": "Premium", "family": "p", "capacity": 1}}}'
    headers:
      Accept:
      - application/json
      Accept-Encoding:
      - gzip, deflate
      CommandName:
      - redis create
      Connection:
      - keep-alive
      Content-Length:
      - '144'
      Content-Type:
      - application/json
      ParameterSetName:
      - -n -g -l --sku --vm-size
      User-Agent:
      - AZURECLI/2.53.0 azsdk-python-mgmt-redis/14.2.0 Python/3.10.0 (Windows-10-10.0.19045-SP0)
    method: PUT
    uri: https://management.azure.com/subscriptions/00000000-0000-0000-0000-000000000000/resourceGroups/cli_test_redis000001/providers/Microsoft.Cache/redis/cliredis000002sec?api-version=2023-04-01
  response:
    body:
      string: "{\r\n  \"id\": \"/subscriptions/00000000-0000-0000-0000-000000000000/resourceGroups/cli_test_redis000001/providers/Microsoft.Cache/Redis/cliredis000002sec\",\r\n
        \ \"location\": \"East US\",\r\n  \"name\": \"cliredis000002sec\",\r\n  \"type\":
        \"Microsoft.Cache/Redis\",\r\n  \"tags\": {},\r\n  \"properties\": {\r\n    \"provisioningState\":
        \"Creating\",\r\n    \"redisVersion\": \"6.0\",\r\n    \"sku\": {\r\n      \"name\":
        \"Premium\",\r\n      \"family\": \"P\",\r\n      \"capacity\": 1\r\n    },\r\n
        \   \"enableNonSslPort\": false,\r\n    \"instances\": [\r\n      {\r\n        \"sslPort\":
        15000,\r\n        \"isMaster\": false,\r\n        \"isPrimary\": false\r\n
        \     },\r\n      {\r\n        \"sslPort\": 15001,\r\n        \"isMaster\":
        false,\r\n        \"isPrimary\": false\r\n      }\r\n    ],\r\n    \"publicNetworkAccess\":
        \"Enabled\",\r\n    \"tenantSettings\": {},\r\n    \"redisConfiguration\":
        {\r\n      \"maxclients\": \"7500\",\r\n      \"maxmemory-reserved\": \"642\",\r\n
        \     \"maxfragmentationmemory-reserved\": \"642\",\r\n      \"maxmemory-delta\":
        \"642\"\r\n    },\r\n    \"accessKeys\": {\r\n      \"primaryKey\": \"wEXW6ega1nSJSz2lz4inWRZjdicgCOXOhAzCaJWrlrI=\",\r\n
        \     \"secondaryKey\": \"Fn5fKy8LUwFsEtM6byd9EaGbnhtoPmOnXAzCaArKvlc=\"\r\n
        \   },\r\n    \"hostName\": \"cliredis000002sec.redis.cache.windows.net\",\r\n
        \   \"port\": 6379,\r\n    \"sslPort\": 6380,\r\n    \"linkedServers\": []\r\n
        \ }\r\n}"
    headers:
      azure-asyncoperation:
      - https://management.azure.com/subscriptions/00000000-0000-0000-0000-000000000000/providers/Microsoft.Cache/locations/East%20US/asyncOperations/abc790f6-03d8-4662-94b5-b900470b4596?api-version=2023-04-01
      cache-control:
      - no-cache
      content-length:
      - '1252'
      content-type:
      - application/json; charset=utf-8
      date:
      - Tue, 10 Oct 2023 18:02:24 GMT
      expires:
      - '-1'
      location:
      - https://management.azure.com/subscriptions/00000000-0000-0000-0000-000000000000/resourceGroups/cli_test_redis000001/providers/Microsoft.Cache/redis/cliredis000002sec?api-version=2023-04-01
      pragma:
      - no-cache
      server:
      - Microsoft-HTTPAPI/2.0
      strict-transport-security:
      - max-age=31536000; includeSubDomains
      x-content-type-options:
      - nosniff
      x-ms-ratelimit-remaining-subscription-writes:
      - '1199'
      x-rp-server-mvid:
      - 77ca18bf-d566-43ae-95d3-5716bda387c1
    status:
      code: 201
      message: Created
- request:
    body: null
    headers:
      Accept:
      - '*/*'
      Accept-Encoding:
      - gzip, deflate
      CommandName:
      - redis create
      Connection:
      - keep-alive
      ParameterSetName:
      - -n -g -l --sku --vm-size
      User-Agent:
      - AZURECLI/2.53.0 azsdk-python-mgmt-redis/14.2.0 Python/3.10.0 (Windows-10-10.0.19045-SP0)
    method: GET
    uri: https://management.azure.com/subscriptions/00000000-0000-0000-0000-000000000000/providers/Microsoft.Cache/locations/East%20US/asyncOperations/abc790f6-03d8-4662-94b5-b900470b4596?api-version=2023-04-01
  response:
    body:
      string: "{\r\n  \"id\": \"/subscriptions/00000000-0000-0000-0000-000000000000/providers/Microsoft.Cache/locations/East
        US/asyncOperations/abc790f6-03d8-4662-94b5-b900470b4596\",\r\n  \"name\":
        \"abc790f6-03d8-4662-94b5-b900470b4596\",\r\n  \"status\": \"InProgress\",\r\n
        \ \"startTime\": null,\r\n  \"endTime\": null,\r\n  \"percentComplete\": null,\r\n
        \ \"properties\": null,\r\n  \"error\": null\r\n}"
    headers:
      azure-asyncoperation:
      - https://management.azure.com/subscriptions/00000000-0000-0000-0000-000000000000/providers/Microsoft.Cache/locations/East%20US/asyncOperations/abc790f6-03d8-4662-94b5-b900470b4596?api-version=2023-04-01
      cache-control:
      - no-cache
      content-length:
      - '353'
      content-type:
      - application/json
      date:
      - Tue, 10 Oct 2023 18:02:24 GMT
      expires:
      - '-1'
      pragma:
      - no-cache
      server:
      - Microsoft-HTTPAPI/2.0
      strict-transport-security:
      - max-age=31536000; includeSubDomains
      transfer-encoding:
      - chunked
      vary:
      - Accept-Encoding
      x-content-type-options:
      - nosniff
      x-rp-server-mvid:
      - 77ca18bf-d566-43ae-95d3-5716bda387c1
    status:
      code: 200
      message: OK
- request:
    body: null
    headers:
      Accept:
      - '*/*'
      Accept-Encoding:
      - gzip, deflate
      CommandName:
      - redis create
      Connection:
      - keep-alive
      ParameterSetName:
      - -n -g -l --sku --vm-size
      User-Agent:
      - AZURECLI/2.53.0 azsdk-python-mgmt-redis/14.2.0 Python/3.10.0 (Windows-10-10.0.19045-SP0)
    method: GET
    uri: https://management.azure.com/subscriptions/00000000-0000-0000-0000-000000000000/providers/Microsoft.Cache/locations/East%20US/asyncOperations/abc790f6-03d8-4662-94b5-b900470b4596?api-version=2023-04-01
  response:
    body:
      string: "{\r\n  \"id\": \"/subscriptions/00000000-0000-0000-0000-000000000000/providers/Microsoft.Cache/locations/East
        US/asyncOperations/abc790f6-03d8-4662-94b5-b900470b4596\",\r\n  \"name\":
        \"abc790f6-03d8-4662-94b5-b900470b4596\",\r\n  \"status\": \"InProgress\",\r\n
        \ \"startTime\": null,\r\n  \"endTime\": null,\r\n  \"percentComplete\": null,\r\n
        \ \"properties\": null,\r\n  \"error\": null\r\n}"
    headers:
      azure-asyncoperation:
      - https://management.azure.com/subscriptions/00000000-0000-0000-0000-000000000000/providers/Microsoft.Cache/locations/East%20US/asyncOperations/abc790f6-03d8-4662-94b5-b900470b4596?api-version=2023-04-01
      cache-control:
      - no-cache
      content-length:
      - '353'
      content-type:
      - application/json
      date:
      - Tue, 10 Oct 2023 18:02:53 GMT
      expires:
      - '-1'
      pragma:
      - no-cache
      server:
      - Microsoft-HTTPAPI/2.0
      strict-transport-security:
      - max-age=31536000; includeSubDomains
      transfer-encoding:
      - chunked
      vary:
      - Accept-Encoding
      x-content-type-options:
      - nosniff
      x-rp-server-mvid:
      - 77ca18bf-d566-43ae-95d3-5716bda387c1
    status:
      code: 200
      message: OK
- request:
    body: null
    headers:
      Accept:
      - '*/*'
      Accept-Encoding:
      - gzip, deflate
      CommandName:
      - redis create
      Connection:
      - keep-alive
      ParameterSetName:
      - -n -g -l --sku --vm-size
      User-Agent:
      - AZURECLI/2.53.0 azsdk-python-mgmt-redis/14.2.0 Python/3.10.0 (Windows-10-10.0.19045-SP0)
    method: GET
    uri: https://management.azure.com/subscriptions/00000000-0000-0000-0000-000000000000/providers/Microsoft.Cache/locations/East%20US/asyncOperations/abc790f6-03d8-4662-94b5-b900470b4596?api-version=2023-04-01
  response:
    body:
      string: "{\r\n  \"id\": \"/subscriptions/00000000-0000-0000-0000-000000000000/providers/Microsoft.Cache/locations/East
        US/asyncOperations/abc790f6-03d8-4662-94b5-b900470b4596\",\r\n  \"name\":
        \"abc790f6-03d8-4662-94b5-b900470b4596\",\r\n  \"status\": \"InProgress\",\r\n
        \ \"startTime\": null,\r\n  \"endTime\": null,\r\n  \"percentComplete\": null,\r\n
        \ \"properties\": null,\r\n  \"error\": null\r\n}"
    headers:
      azure-asyncoperation:
      - https://management.azure.com/subscriptions/00000000-0000-0000-0000-000000000000/providers/Microsoft.Cache/locations/East%20US/asyncOperations/abc790f6-03d8-4662-94b5-b900470b4596?api-version=2023-04-01
      cache-control:
      - no-cache
      content-length:
      - '353'
      content-type:
      - application/json
      date:
      - Tue, 10 Oct 2023 18:03:24 GMT
      expires:
      - '-1'
      pragma:
      - no-cache
      server:
      - Microsoft-HTTPAPI/2.0
      strict-transport-security:
      - max-age=31536000; includeSubDomains
      transfer-encoding:
      - chunked
      vary:
      - Accept-Encoding
      x-content-type-options:
      - nosniff
      x-rp-server-mvid:
      - 77ca18bf-d566-43ae-95d3-5716bda387c1
    status:
      code: 200
      message: OK
- request:
    body: null
    headers:
      Accept:
      - '*/*'
      Accept-Encoding:
      - gzip, deflate
      CommandName:
      - redis create
      Connection:
      - keep-alive
      ParameterSetName:
      - -n -g -l --sku --vm-size
      User-Agent:
      - AZURECLI/2.53.0 azsdk-python-mgmt-redis/14.2.0 Python/3.10.0 (Windows-10-10.0.19045-SP0)
    method: GET
    uri: https://management.azure.com/subscriptions/00000000-0000-0000-0000-000000000000/providers/Microsoft.Cache/locations/East%20US/asyncOperations/abc790f6-03d8-4662-94b5-b900470b4596?api-version=2023-04-01
  response:
    body:
      string: "{\r\n  \"id\": \"/subscriptions/00000000-0000-0000-0000-000000000000/providers/Microsoft.Cache/locations/East
        US/asyncOperations/abc790f6-03d8-4662-94b5-b900470b4596\",\r\n  \"name\":
        \"abc790f6-03d8-4662-94b5-b900470b4596\",\r\n  \"status\": \"InProgress\",\r\n
        \ \"startTime\": null,\r\n  \"endTime\": null,\r\n  \"percentComplete\": null,\r\n
        \ \"properties\": null,\r\n  \"error\": null\r\n}"
    headers:
      azure-asyncoperation:
      - https://management.azure.com/subscriptions/00000000-0000-0000-0000-000000000000/providers/Microsoft.Cache/locations/East%20US/asyncOperations/abc790f6-03d8-4662-94b5-b900470b4596?api-version=2023-04-01
      cache-control:
      - no-cache
      content-length:
      - '353'
      content-type:
      - application/json
      date:
      - Tue, 10 Oct 2023 18:03:54 GMT
      expires:
      - '-1'
      pragma:
      - no-cache
      server:
      - Microsoft-HTTPAPI/2.0
      strict-transport-security:
      - max-age=31536000; includeSubDomains
      transfer-encoding:
      - chunked
      vary:
      - Accept-Encoding
      x-content-type-options:
      - nosniff
      x-rp-server-mvid:
      - 77ca18bf-d566-43ae-95d3-5716bda387c1
    status:
      code: 200
      message: OK
- request:
    body: null
    headers:
      Accept:
      - '*/*'
      Accept-Encoding:
      - gzip, deflate
      CommandName:
      - redis create
      Connection:
      - keep-alive
      ParameterSetName:
      - -n -g -l --sku --vm-size
      User-Agent:
      - AZURECLI/2.53.0 azsdk-python-mgmt-redis/14.2.0 Python/3.10.0 (Windows-10-10.0.19045-SP0)
    method: GET
    uri: https://management.azure.com/subscriptions/00000000-0000-0000-0000-000000000000/providers/Microsoft.Cache/locations/East%20US/asyncOperations/abc790f6-03d8-4662-94b5-b900470b4596?api-version=2023-04-01
  response:
    body:
      string: "{\r\n  \"id\": \"/subscriptions/00000000-0000-0000-0000-000000000000/providers/Microsoft.Cache/locations/East
        US/asyncOperations/abc790f6-03d8-4662-94b5-b900470b4596\",\r\n  \"name\":
        \"abc790f6-03d8-4662-94b5-b900470b4596\",\r\n  \"status\": \"InProgress\",\r\n
        \ \"startTime\": null,\r\n  \"endTime\": null,\r\n  \"percentComplete\": null,\r\n
        \ \"properties\": null,\r\n  \"error\": null\r\n}"
    headers:
      azure-asyncoperation:
      - https://management.azure.com/subscriptions/00000000-0000-0000-0000-000000000000/providers/Microsoft.Cache/locations/East%20US/asyncOperations/abc790f6-03d8-4662-94b5-b900470b4596?api-version=2023-04-01
      cache-control:
      - no-cache
      content-length:
      - '353'
      content-type:
      - application/json
      date:
      - Tue, 10 Oct 2023 18:04:24 GMT
      expires:
      - '-1'
      pragma:
      - no-cache
      server:
      - Microsoft-HTTPAPI/2.0
      strict-transport-security:
      - max-age=31536000; includeSubDomains
      transfer-encoding:
      - chunked
      vary:
      - Accept-Encoding
      x-content-type-options:
      - nosniff
      x-rp-server-mvid:
      - 77ca18bf-d566-43ae-95d3-5716bda387c1
    status:
      code: 200
      message: OK
- request:
    body: null
    headers:
      Accept:
      - '*/*'
      Accept-Encoding:
      - gzip, deflate
      CommandName:
      - redis create
      Connection:
      - keep-alive
      ParameterSetName:
      - -n -g -l --sku --vm-size
      User-Agent:
      - AZURECLI/2.53.0 azsdk-python-mgmt-redis/14.2.0 Python/3.10.0 (Windows-10-10.0.19045-SP0)
    method: GET
    uri: https://management.azure.com/subscriptions/00000000-0000-0000-0000-000000000000/providers/Microsoft.Cache/locations/East%20US/asyncOperations/abc790f6-03d8-4662-94b5-b900470b4596?api-version=2023-04-01
  response:
    body:
      string: "{\r\n  \"id\": \"/subscriptions/00000000-0000-0000-0000-000000000000/providers/Microsoft.Cache/locations/East
        US/asyncOperations/abc790f6-03d8-4662-94b5-b900470b4596\",\r\n  \"name\":
        \"abc790f6-03d8-4662-94b5-b900470b4596\",\r\n  \"status\": \"InProgress\",\r\n
        \ \"startTime\": null,\r\n  \"endTime\": null,\r\n  \"percentComplete\": null,\r\n
        \ \"properties\": null,\r\n  \"error\": null\r\n}"
    headers:
      azure-asyncoperation:
      - https://management.azure.com/subscriptions/00000000-0000-0000-0000-000000000000/providers/Microsoft.Cache/locations/East%20US/asyncOperations/abc790f6-03d8-4662-94b5-b900470b4596?api-version=2023-04-01
      cache-control:
      - no-cache
      content-length:
      - '353'
      content-type:
      - application/json
      date:
      - Tue, 10 Oct 2023 18:04:54 GMT
      expires:
      - '-1'
      pragma:
      - no-cache
      server:
      - Microsoft-HTTPAPI/2.0
      strict-transport-security:
      - max-age=31536000; includeSubDomains
      transfer-encoding:
      - chunked
      vary:
      - Accept-Encoding
      x-content-type-options:
      - nosniff
      x-rp-server-mvid:
      - 77ca18bf-d566-43ae-95d3-5716bda387c1
    status:
      code: 200
      message: OK
- request:
    body: null
    headers:
      Accept:
      - '*/*'
      Accept-Encoding:
      - gzip, deflate
      CommandName:
      - redis create
      Connection:
      - keep-alive
      ParameterSetName:
      - -n -g -l --sku --vm-size
      User-Agent:
      - AZURECLI/2.53.0 azsdk-python-mgmt-redis/14.2.0 Python/3.10.0 (Windows-10-10.0.19045-SP0)
    method: GET
    uri: https://management.azure.com/subscriptions/00000000-0000-0000-0000-000000000000/providers/Microsoft.Cache/locations/East%20US/asyncOperations/abc790f6-03d8-4662-94b5-b900470b4596?api-version=2023-04-01
  response:
    body:
      string: "{\r\n  \"id\": \"/subscriptions/00000000-0000-0000-0000-000000000000/providers/Microsoft.Cache/locations/East
        US/asyncOperations/abc790f6-03d8-4662-94b5-b900470b4596\",\r\n  \"name\":
        \"abc790f6-03d8-4662-94b5-b900470b4596\",\r\n  \"status\": \"InProgress\",\r\n
        \ \"startTime\": null,\r\n  \"endTime\": null,\r\n  \"percentComplete\": null,\r\n
        \ \"properties\": null,\r\n  \"error\": null\r\n}"
    headers:
      azure-asyncoperation:
      - https://management.azure.com/subscriptions/00000000-0000-0000-0000-000000000000/providers/Microsoft.Cache/locations/East%20US/asyncOperations/abc790f6-03d8-4662-94b5-b900470b4596?api-version=2023-04-01
      cache-control:
      - no-cache
      content-length:
      - '353'
      content-type:
      - application/json
      date:
      - Tue, 10 Oct 2023 18:05:25 GMT
      expires:
      - '-1'
      pragma:
      - no-cache
      server:
      - Microsoft-HTTPAPI/2.0
      strict-transport-security:
      - max-age=31536000; includeSubDomains
      transfer-encoding:
      - chunked
      vary:
      - Accept-Encoding
      x-content-type-options:
      - nosniff
      x-rp-server-mvid:
      - 77ca18bf-d566-43ae-95d3-5716bda387c1
    status:
      code: 200
      message: OK
- request:
    body: null
    headers:
      Accept:
      - '*/*'
      Accept-Encoding:
      - gzip, deflate
      CommandName:
      - redis create
      Connection:
      - keep-alive
      ParameterSetName:
      - -n -g -l --sku --vm-size
      User-Agent:
      - AZURECLI/2.53.0 azsdk-python-mgmt-redis/14.2.0 Python/3.10.0 (Windows-10-10.0.19045-SP0)
    method: GET
    uri: https://management.azure.com/subscriptions/00000000-0000-0000-0000-000000000000/providers/Microsoft.Cache/locations/East%20US/asyncOperations/abc790f6-03d8-4662-94b5-b900470b4596?api-version=2023-04-01
  response:
    body:
      string: "{\r\n  \"id\": \"/subscriptions/00000000-0000-0000-0000-000000000000/providers/Microsoft.Cache/locations/East
        US/asyncOperations/abc790f6-03d8-4662-94b5-b900470b4596\",\r\n  \"name\":
        \"abc790f6-03d8-4662-94b5-b900470b4596\",\r\n  \"status\": \"InProgress\",\r\n
        \ \"startTime\": null,\r\n  \"endTime\": null,\r\n  \"percentComplete\": null,\r\n
        \ \"properties\": null,\r\n  \"error\": null\r\n}"
    headers:
      azure-asyncoperation:
      - https://management.azure.com/subscriptions/00000000-0000-0000-0000-000000000000/providers/Microsoft.Cache/locations/East%20US/asyncOperations/abc790f6-03d8-4662-94b5-b900470b4596?api-version=2023-04-01
      cache-control:
      - no-cache
      content-length:
      - '353'
      content-type:
      - application/json
      date:
      - Tue, 10 Oct 2023 18:05:54 GMT
      expires:
      - '-1'
      pragma:
      - no-cache
      server:
      - Microsoft-HTTPAPI/2.0
      strict-transport-security:
      - max-age=31536000; includeSubDomains
      transfer-encoding:
      - chunked
      vary:
      - Accept-Encoding
      x-content-type-options:
      - nosniff
      x-rp-server-mvid:
      - 77ca18bf-d566-43ae-95d3-5716bda387c1
    status:
      code: 200
      message: OK
- request:
    body: null
    headers:
      Accept:
      - '*/*'
      Accept-Encoding:
      - gzip, deflate
      CommandName:
      - redis create
      Connection:
      - keep-alive
      ParameterSetName:
      - -n -g -l --sku --vm-size
      User-Agent:
      - AZURECLI/2.53.0 azsdk-python-mgmt-redis/14.2.0 Python/3.10.0 (Windows-10-10.0.19045-SP0)
    method: GET
    uri: https://management.azure.com/subscriptions/00000000-0000-0000-0000-000000000000/providers/Microsoft.Cache/locations/East%20US/asyncOperations/abc790f6-03d8-4662-94b5-b900470b4596?api-version=2023-04-01
  response:
    body:
      string: "{\r\n  \"id\": \"/subscriptions/00000000-0000-0000-0000-000000000000/providers/Microsoft.Cache/locations/East
        US/asyncOperations/abc790f6-03d8-4662-94b5-b900470b4596\",\r\n  \"name\":
        \"abc790f6-03d8-4662-94b5-b900470b4596\",\r\n  \"status\": \"InProgress\",\r\n
        \ \"startTime\": null,\r\n  \"endTime\": null,\r\n  \"percentComplete\": null,\r\n
        \ \"properties\": null,\r\n  \"error\": null\r\n}"
    headers:
      azure-asyncoperation:
      - https://management.azure.com/subscriptions/00000000-0000-0000-0000-000000000000/providers/Microsoft.Cache/locations/East%20US/asyncOperations/abc790f6-03d8-4662-94b5-b900470b4596?api-version=2023-04-01
      cache-control:
      - no-cache
      content-length:
      - '353'
      content-type:
      - application/json
      date:
      - Tue, 10 Oct 2023 18:06:25 GMT
      expires:
      - '-1'
      pragma:
      - no-cache
      server:
      - Microsoft-HTTPAPI/2.0
      strict-transport-security:
      - max-age=31536000; includeSubDomains
      transfer-encoding:
      - chunked
      vary:
      - Accept-Encoding
      x-content-type-options:
      - nosniff
      x-rp-server-mvid:
      - 77ca18bf-d566-43ae-95d3-5716bda387c1
    status:
      code: 200
      message: OK
- request:
    body: null
    headers:
      Accept:
      - '*/*'
      Accept-Encoding:
      - gzip, deflate
      CommandName:
      - redis create
      Connection:
      - keep-alive
      ParameterSetName:
      - -n -g -l --sku --vm-size
      User-Agent:
      - AZURECLI/2.53.0 azsdk-python-mgmt-redis/14.2.0 Python/3.10.0 (Windows-10-10.0.19045-SP0)
    method: GET
    uri: https://management.azure.com/subscriptions/00000000-0000-0000-0000-000000000000/providers/Microsoft.Cache/locations/East%20US/asyncOperations/abc790f6-03d8-4662-94b5-b900470b4596?api-version=2023-04-01
  response:
    body:
      string: "{\r\n  \"id\": \"/subscriptions/00000000-0000-0000-0000-000000000000/providers/Microsoft.Cache/locations/East
        US/asyncOperations/abc790f6-03d8-4662-94b5-b900470b4596\",\r\n  \"name\":
        \"abc790f6-03d8-4662-94b5-b900470b4596\",\r\n  \"status\": \"InProgress\",\r\n
        \ \"startTime\": null,\r\n  \"endTime\": null,\r\n  \"percentComplete\": null,\r\n
        \ \"properties\": null,\r\n  \"error\": null\r\n}"
    headers:
      azure-asyncoperation:
      - https://management.azure.com/subscriptions/00000000-0000-0000-0000-000000000000/providers/Microsoft.Cache/locations/East%20US/asyncOperations/abc790f6-03d8-4662-94b5-b900470b4596?api-version=2023-04-01
      cache-control:
      - no-cache
      content-length:
      - '353'
      content-type:
      - application/json
      date:
      - Tue, 10 Oct 2023 18:06:55 GMT
      expires:
      - '-1'
      pragma:
      - no-cache
      server:
      - Microsoft-HTTPAPI/2.0
      strict-transport-security:
      - max-age=31536000; includeSubDomains
      transfer-encoding:
      - chunked
      vary:
      - Accept-Encoding
      x-content-type-options:
      - nosniff
      x-rp-server-mvid:
      - 77ca18bf-d566-43ae-95d3-5716bda387c1
    status:
      code: 200
      message: OK
- request:
    body: null
    headers:
      Accept:
      - '*/*'
      Accept-Encoding:
      - gzip, deflate
      CommandName:
      - redis create
      Connection:
      - keep-alive
      ParameterSetName:
      - -n -g -l --sku --vm-size
      User-Agent:
      - AZURECLI/2.53.0 azsdk-python-mgmt-redis/14.2.0 Python/3.10.0 (Windows-10-10.0.19045-SP0)
    method: GET
    uri: https://management.azure.com/subscriptions/00000000-0000-0000-0000-000000000000/providers/Microsoft.Cache/locations/East%20US/asyncOperations/abc790f6-03d8-4662-94b5-b900470b4596?api-version=2023-04-01
  response:
    body:
      string: "{\r\n  \"id\": \"/subscriptions/00000000-0000-0000-0000-000000000000/providers/Microsoft.Cache/locations/East
        US/asyncOperations/abc790f6-03d8-4662-94b5-b900470b4596\",\r\n  \"name\":
        \"abc790f6-03d8-4662-94b5-b900470b4596\",\r\n  \"status\": \"InProgress\",\r\n
        \ \"startTime\": null,\r\n  \"endTime\": null,\r\n  \"percentComplete\": null,\r\n
        \ \"properties\": null,\r\n  \"error\": null\r\n}"
    headers:
      azure-asyncoperation:
      - https://management.azure.com/subscriptions/00000000-0000-0000-0000-000000000000/providers/Microsoft.Cache/locations/East%20US/asyncOperations/abc790f6-03d8-4662-94b5-b900470b4596?api-version=2023-04-01
      cache-control:
      - no-cache
      content-length:
      - '353'
      content-type:
      - application/json
      date:
      - Tue, 10 Oct 2023 18:07:25 GMT
      expires:
      - '-1'
      pragma:
      - no-cache
      server:
      - Microsoft-HTTPAPI/2.0
      strict-transport-security:
      - max-age=31536000; includeSubDomains
      transfer-encoding:
      - chunked
      vary:
      - Accept-Encoding
      x-content-type-options:
      - nosniff
      x-rp-server-mvid:
      - 77ca18bf-d566-43ae-95d3-5716bda387c1
    status:
      code: 200
      message: OK
- request:
    body: null
    headers:
      Accept:
      - '*/*'
      Accept-Encoding:
      - gzip, deflate
      CommandName:
      - redis create
      Connection:
      - keep-alive
      ParameterSetName:
      - -n -g -l --sku --vm-size
      User-Agent:
      - AZURECLI/2.53.0 azsdk-python-mgmt-redis/14.2.0 Python/3.10.0 (Windows-10-10.0.19045-SP0)
    method: GET
    uri: https://management.azure.com/subscriptions/00000000-0000-0000-0000-000000000000/providers/Microsoft.Cache/locations/East%20US/asyncOperations/abc790f6-03d8-4662-94b5-b900470b4596?api-version=2023-04-01
  response:
    body:
      string: "{\r\n  \"id\": \"/subscriptions/00000000-0000-0000-0000-000000000000/providers/Microsoft.Cache/locations/East
        US/asyncOperations/abc790f6-03d8-4662-94b5-b900470b4596\",\r\n  \"name\":
        \"abc790f6-03d8-4662-94b5-b900470b4596\",\r\n  \"status\": \"InProgress\",\r\n
        \ \"startTime\": null,\r\n  \"endTime\": null,\r\n  \"percentComplete\": null,\r\n
        \ \"properties\": null,\r\n  \"error\": null\r\n}"
    headers:
      azure-asyncoperation:
      - https://management.azure.com/subscriptions/00000000-0000-0000-0000-000000000000/providers/Microsoft.Cache/locations/East%20US/asyncOperations/abc790f6-03d8-4662-94b5-b900470b4596?api-version=2023-04-01
      cache-control:
      - no-cache
      content-length:
      - '353'
      content-type:
      - application/json
      date:
      - Tue, 10 Oct 2023 18:07:55 GMT
      expires:
      - '-1'
      pragma:
      - no-cache
      server:
      - Microsoft-HTTPAPI/2.0
      strict-transport-security:
      - max-age=31536000; includeSubDomains
      transfer-encoding:
      - chunked
      vary:
      - Accept-Encoding
      x-content-type-options:
      - nosniff
      x-rp-server-mvid:
      - 77ca18bf-d566-43ae-95d3-5716bda387c1
    status:
      code: 200
      message: OK
- request:
    body: null
    headers:
      Accept:
      - '*/*'
      Accept-Encoding:
      - gzip, deflate
      CommandName:
      - redis create
      Connection:
      - keep-alive
      ParameterSetName:
      - -n -g -l --sku --vm-size
      User-Agent:
      - AZURECLI/2.53.0 azsdk-python-mgmt-redis/14.2.0 Python/3.10.0 (Windows-10-10.0.19045-SP0)
    method: GET
    uri: https://management.azure.com/subscriptions/00000000-0000-0000-0000-000000000000/providers/Microsoft.Cache/locations/East%20US/asyncOperations/abc790f6-03d8-4662-94b5-b900470b4596?api-version=2023-04-01
  response:
    body:
      string: "{\r\n  \"id\": \"/subscriptions/00000000-0000-0000-0000-000000000000/providers/Microsoft.Cache/locations/East
        US/asyncOperations/abc790f6-03d8-4662-94b5-b900470b4596\",\r\n  \"name\":
        \"abc790f6-03d8-4662-94b5-b900470b4596\",\r\n  \"status\": \"InProgress\",\r\n
        \ \"startTime\": null,\r\n  \"endTime\": null,\r\n  \"percentComplete\": null,\r\n
        \ \"properties\": null,\r\n  \"error\": null\r\n}"
    headers:
      azure-asyncoperation:
      - https://management.azure.com/subscriptions/00000000-0000-0000-0000-000000000000/providers/Microsoft.Cache/locations/East%20US/asyncOperations/abc790f6-03d8-4662-94b5-b900470b4596?api-version=2023-04-01
      cache-control:
      - no-cache
      content-length:
      - '353'
      content-type:
      - application/json
      date:
      - Tue, 10 Oct 2023 18:08:26 GMT
      expires:
      - '-1'
      pragma:
      - no-cache
      server:
      - Microsoft-HTTPAPI/2.0
      strict-transport-security:
      - max-age=31536000; includeSubDomains
      transfer-encoding:
      - chunked
      vary:
      - Accept-Encoding
      x-content-type-options:
      - nosniff
      x-rp-server-mvid:
      - 77ca18bf-d566-43ae-95d3-5716bda387c1
    status:
      code: 200
      message: OK
- request:
    body: null
    headers:
      Accept:
      - '*/*'
      Accept-Encoding:
      - gzip, deflate
      CommandName:
      - redis create
      Connection:
      - keep-alive
      ParameterSetName:
      - -n -g -l --sku --vm-size
      User-Agent:
      - AZURECLI/2.53.0 azsdk-python-mgmt-redis/14.2.0 Python/3.10.0 (Windows-10-10.0.19045-SP0)
    method: GET
    uri: https://management.azure.com/subscriptions/00000000-0000-0000-0000-000000000000/providers/Microsoft.Cache/locations/East%20US/asyncOperations/abc790f6-03d8-4662-94b5-b900470b4596?api-version=2023-04-01
  response:
    body:
      string: "{\r\n  \"id\": \"/subscriptions/00000000-0000-0000-0000-000000000000/providers/Microsoft.Cache/locations/East
        US/asyncOperations/abc790f6-03d8-4662-94b5-b900470b4596\",\r\n  \"name\":
        \"abc790f6-03d8-4662-94b5-b900470b4596\",\r\n  \"status\": \"InProgress\",\r\n
        \ \"startTime\": null,\r\n  \"endTime\": null,\r\n  \"percentComplete\": null,\r\n
        \ \"properties\": null,\r\n  \"error\": null\r\n}"
    headers:
      azure-asyncoperation:
      - https://management.azure.com/subscriptions/00000000-0000-0000-0000-000000000000/providers/Microsoft.Cache/locations/East%20US/asyncOperations/abc790f6-03d8-4662-94b5-b900470b4596?api-version=2023-04-01
      cache-control:
      - no-cache
      content-length:
      - '353'
      content-type:
      - application/json
      date:
      - Tue, 10 Oct 2023 18:08:56 GMT
      expires:
      - '-1'
      pragma:
      - no-cache
      server:
      - Microsoft-HTTPAPI/2.0
      strict-transport-security:
      - max-age=31536000; includeSubDomains
      transfer-encoding:
      - chunked
      vary:
      - Accept-Encoding
      x-content-type-options:
      - nosniff
      x-rp-server-mvid:
      - 77ca18bf-d566-43ae-95d3-5716bda387c1
    status:
      code: 200
      message: OK
- request:
    body: null
    headers:
      Accept:
      - '*/*'
      Accept-Encoding:
      - gzip, deflate
      CommandName:
      - redis create
      Connection:
      - keep-alive
      ParameterSetName:
      - -n -g -l --sku --vm-size
      User-Agent:
      - AZURECLI/2.53.0 azsdk-python-mgmt-redis/14.2.0 Python/3.10.0 (Windows-10-10.0.19045-SP0)
    method: GET
    uri: https://management.azure.com/subscriptions/00000000-0000-0000-0000-000000000000/providers/Microsoft.Cache/locations/East%20US/asyncOperations/abc790f6-03d8-4662-94b5-b900470b4596?api-version=2023-04-01
  response:
    body:
      string: "{\r\n  \"id\": \"/subscriptions/00000000-0000-0000-0000-000000000000/providers/Microsoft.Cache/locations/East
        US/asyncOperations/abc790f6-03d8-4662-94b5-b900470b4596\",\r\n  \"name\":
        \"abc790f6-03d8-4662-94b5-b900470b4596\",\r\n  \"status\": \"InProgress\",\r\n
        \ \"startTime\": null,\r\n  \"endTime\": null,\r\n  \"percentComplete\": null,\r\n
        \ \"properties\": null,\r\n  \"error\": null\r\n}"
    headers:
      azure-asyncoperation:
      - https://management.azure.com/subscriptions/00000000-0000-0000-0000-000000000000/providers/Microsoft.Cache/locations/East%20US/asyncOperations/abc790f6-03d8-4662-94b5-b900470b4596?api-version=2023-04-01
      cache-control:
      - no-cache
      content-length:
      - '353'
      content-type:
      - application/json
      date:
      - Tue, 10 Oct 2023 18:09:25 GMT
      expires:
      - '-1'
      pragma:
      - no-cache
      server:
      - Microsoft-HTTPAPI/2.0
      strict-transport-security:
      - max-age=31536000; includeSubDomains
      transfer-encoding:
      - chunked
      vary:
      - Accept-Encoding
      x-content-type-options:
      - nosniff
      x-rp-server-mvid:
      - 77ca18bf-d566-43ae-95d3-5716bda387c1
    status:
      code: 200
      message: OK
- request:
    body: null
    headers:
      Accept:
      - '*/*'
      Accept-Encoding:
      - gzip, deflate
      CommandName:
      - redis create
      Connection:
      - keep-alive
      ParameterSetName:
      - -n -g -l --sku --vm-size
      User-Agent:
      - AZURECLI/2.53.0 azsdk-python-mgmt-redis/14.2.0 Python/3.10.0 (Windows-10-10.0.19045-SP0)
    method: GET
    uri: https://management.azure.com/subscriptions/00000000-0000-0000-0000-000000000000/providers/Microsoft.Cache/locations/East%20US/asyncOperations/abc790f6-03d8-4662-94b5-b900470b4596?api-version=2023-04-01
  response:
    body:
      string: "{\r\n  \"id\": \"/subscriptions/00000000-0000-0000-0000-000000000000/providers/Microsoft.Cache/locations/East
        US/asyncOperations/abc790f6-03d8-4662-94b5-b900470b4596\",\r\n  \"name\":
        \"abc790f6-03d8-4662-94b5-b900470b4596\",\r\n  \"status\": \"InProgress\",\r\n
        \ \"startTime\": null,\r\n  \"endTime\": null,\r\n  \"percentComplete\": null,\r\n
        \ \"properties\": null,\r\n  \"error\": null\r\n}"
    headers:
      azure-asyncoperation:
      - https://management.azure.com/subscriptions/00000000-0000-0000-0000-000000000000/providers/Microsoft.Cache/locations/East%20US/asyncOperations/abc790f6-03d8-4662-94b5-b900470b4596?api-version=2023-04-01
      cache-control:
      - no-cache
      content-length:
      - '353'
      content-type:
      - application/json
      date:
      - Tue, 10 Oct 2023 18:09:56 GMT
      expires:
      - '-1'
      pragma:
      - no-cache
      server:
      - Microsoft-HTTPAPI/2.0
      strict-transport-security:
      - max-age=31536000; includeSubDomains
      transfer-encoding:
      - chunked
      vary:
      - Accept-Encoding
      x-content-type-options:
      - nosniff
      x-rp-server-mvid:
      - 77ca18bf-d566-43ae-95d3-5716bda387c1
    status:
      code: 200
      message: OK
- request:
    body: null
    headers:
      Accept:
      - '*/*'
      Accept-Encoding:
      - gzip, deflate
      CommandName:
      - redis create
      Connection:
      - keep-alive
      ParameterSetName:
      - -n -g -l --sku --vm-size
      User-Agent:
      - AZURECLI/2.53.0 azsdk-python-mgmt-redis/14.2.0 Python/3.10.0 (Windows-10-10.0.19045-SP0)
    method: GET
    uri: https://management.azure.com/subscriptions/00000000-0000-0000-0000-000000000000/providers/Microsoft.Cache/locations/East%20US/asyncOperations/abc790f6-03d8-4662-94b5-b900470b4596?api-version=2023-04-01
  response:
    body:
      string: "{\r\n  \"id\": \"/subscriptions/00000000-0000-0000-0000-000000000000/providers/Microsoft.Cache/locations/East
        US/asyncOperations/abc790f6-03d8-4662-94b5-b900470b4596\",\r\n  \"name\":
        \"abc790f6-03d8-4662-94b5-b900470b4596\",\r\n  \"status\": \"InProgress\",\r\n
        \ \"startTime\": null,\r\n  \"endTime\": null,\r\n  \"percentComplete\": null,\r\n
        \ \"properties\": null,\r\n  \"error\": null\r\n}"
    headers:
      azure-asyncoperation:
      - https://management.azure.com/subscriptions/00000000-0000-0000-0000-000000000000/providers/Microsoft.Cache/locations/East%20US/asyncOperations/abc790f6-03d8-4662-94b5-b900470b4596?api-version=2023-04-01
      cache-control:
      - no-cache
      content-length:
      - '353'
      content-type:
      - application/json
      date:
      - Tue, 10 Oct 2023 18:10:26 GMT
      expires:
      - '-1'
      pragma:
      - no-cache
      server:
      - Microsoft-HTTPAPI/2.0
      strict-transport-security:
      - max-age=31536000; includeSubDomains
      transfer-encoding:
      - chunked
      vary:
      - Accept-Encoding
      x-content-type-options:
      - nosniff
      x-rp-server-mvid:
      - 77ca18bf-d566-43ae-95d3-5716bda387c1
    status:
      code: 200
      message: OK
- request:
    body: null
    headers:
      Accept:
      - '*/*'
      Accept-Encoding:
      - gzip, deflate
      CommandName:
      - redis create
      Connection:
      - keep-alive
      ParameterSetName:
      - -n -g -l --sku --vm-size
      User-Agent:
      - AZURECLI/2.53.0 azsdk-python-mgmt-redis/14.2.0 Python/3.10.0 (Windows-10-10.0.19045-SP0)
    method: GET
    uri: https://management.azure.com/subscriptions/00000000-0000-0000-0000-000000000000/providers/Microsoft.Cache/locations/East%20US/asyncOperations/abc790f6-03d8-4662-94b5-b900470b4596?api-version=2023-04-01
  response:
    body:
      string: "{\r\n  \"id\": \"/subscriptions/00000000-0000-0000-0000-000000000000/providers/Microsoft.Cache/locations/East
        US/asyncOperations/abc790f6-03d8-4662-94b5-b900470b4596\",\r\n  \"name\":
        \"abc790f6-03d8-4662-94b5-b900470b4596\",\r\n  \"status\": \"InProgress\",\r\n
        \ \"startTime\": null,\r\n  \"endTime\": null,\r\n  \"percentComplete\": null,\r\n
        \ \"properties\": null,\r\n  \"error\": null\r\n}"
    headers:
      azure-asyncoperation:
      - https://management.azure.com/subscriptions/00000000-0000-0000-0000-000000000000/providers/Microsoft.Cache/locations/East%20US/asyncOperations/abc790f6-03d8-4662-94b5-b900470b4596?api-version=2023-04-01
      cache-control:
      - no-cache
      content-length:
      - '353'
      content-type:
      - application/json
      date:
      - Tue, 10 Oct 2023 18:10:56 GMT
      expires:
      - '-1'
      pragma:
      - no-cache
      server:
      - Microsoft-HTTPAPI/2.0
      strict-transport-security:
      - max-age=31536000; includeSubDomains
      transfer-encoding:
      - chunked
      vary:
      - Accept-Encoding
      x-content-type-options:
      - nosniff
      x-rp-server-mvid:
      - 77ca18bf-d566-43ae-95d3-5716bda387c1
    status:
      code: 200
      message: OK
- request:
    body: null
    headers:
      Accept:
      - '*/*'
      Accept-Encoding:
      - gzip, deflate
      CommandName:
      - redis create
      Connection:
      - keep-alive
      ParameterSetName:
      - -n -g -l --sku --vm-size
      User-Agent:
      - AZURECLI/2.53.0 azsdk-python-mgmt-redis/14.2.0 Python/3.10.0 (Windows-10-10.0.19045-SP0)
    method: GET
    uri: https://management.azure.com/subscriptions/00000000-0000-0000-0000-000000000000/providers/Microsoft.Cache/locations/East%20US/asyncOperations/abc790f6-03d8-4662-94b5-b900470b4596?api-version=2023-04-01
  response:
    body:
      string: "{\r\n  \"id\": \"/subscriptions/00000000-0000-0000-0000-000000000000/providers/Microsoft.Cache/locations/East
        US/asyncOperations/abc790f6-03d8-4662-94b5-b900470b4596\",\r\n  \"name\":
        \"abc790f6-03d8-4662-94b5-b900470b4596\",\r\n  \"status\": \"InProgress\",\r\n
        \ \"startTime\": null,\r\n  \"endTime\": null,\r\n  \"percentComplete\": null,\r\n
        \ \"properties\": null,\r\n  \"error\": null\r\n}"
    headers:
      azure-asyncoperation:
      - https://management.azure.com/subscriptions/00000000-0000-0000-0000-000000000000/providers/Microsoft.Cache/locations/East%20US/asyncOperations/abc790f6-03d8-4662-94b5-b900470b4596?api-version=2023-04-01
      cache-control:
      - no-cache
      content-length:
      - '353'
      content-type:
      - application/json
      date:
      - Tue, 10 Oct 2023 18:11:26 GMT
      expires:
      - '-1'
      pragma:
      - no-cache
      server:
      - Microsoft-HTTPAPI/2.0
      strict-transport-security:
      - max-age=31536000; includeSubDomains
      transfer-encoding:
      - chunked
      vary:
      - Accept-Encoding
      x-content-type-options:
      - nosniff
      x-rp-server-mvid:
      - 77ca18bf-d566-43ae-95d3-5716bda387c1
    status:
      code: 200
      message: OK
- request:
    body: null
    headers:
      Accept:
      - '*/*'
      Accept-Encoding:
      - gzip, deflate
      CommandName:
      - redis create
      Connection:
      - keep-alive
      ParameterSetName:
      - -n -g -l --sku --vm-size
      User-Agent:
      - AZURECLI/2.53.0 azsdk-python-mgmt-redis/14.2.0 Python/3.10.0 (Windows-10-10.0.19045-SP0)
    method: GET
    uri: https://management.azure.com/subscriptions/00000000-0000-0000-0000-000000000000/providers/Microsoft.Cache/locations/East%20US/asyncOperations/abc790f6-03d8-4662-94b5-b900470b4596?api-version=2023-04-01
  response:
    body:
      string: "{\r\n  \"id\": \"/subscriptions/00000000-0000-0000-0000-000000000000/providers/Microsoft.Cache/locations/East
        US/asyncOperations/abc790f6-03d8-4662-94b5-b900470b4596\",\r\n  \"name\":
        \"abc790f6-03d8-4662-94b5-b900470b4596\",\r\n  \"status\": \"Succeeded\",\r\n
        \ \"startTime\": null,\r\n  \"endTime\": null,\r\n  \"percentComplete\": null,\r\n
        \ \"properties\": null,\r\n  \"error\": null\r\n}"
    headers:
      azure-asyncoperation:
      - https://management.azure.com/subscriptions/00000000-0000-0000-0000-000000000000/providers/Microsoft.Cache/locations/East%20US/asyncOperations/abc790f6-03d8-4662-94b5-b900470b4596?api-version=2023-04-01
      cache-control:
      - no-cache
      content-length:
      - '352'
      content-type:
      - application/json
      date:
      - Tue, 10 Oct 2023 18:11:57 GMT
      expires:
      - '-1'
      pragma:
      - no-cache
      server:
      - Microsoft-HTTPAPI/2.0
      strict-transport-security:
      - max-age=31536000; includeSubDomains
      transfer-encoding:
      - chunked
      vary:
      - Accept-Encoding
      x-content-type-options:
      - nosniff
      x-rp-server-mvid:
      - 77ca18bf-d566-43ae-95d3-5716bda387c1
    status:
      code: 200
      message: OK
- request:
    body: null
    headers:
      Accept:
      - '*/*'
      Accept-Encoding:
      - gzip, deflate
      CommandName:
      - redis create
      Connection:
      - keep-alive
      ParameterSetName:
      - -n -g -l --sku --vm-size
      User-Agent:
      - AZURECLI/2.53.0 azsdk-python-mgmt-redis/14.2.0 Python/3.10.0 (Windows-10-10.0.19045-SP0)
    method: GET
    uri: https://management.azure.com/subscriptions/00000000-0000-0000-0000-000000000000/resourceGroups/cli_test_redis000001/providers/Microsoft.Cache/redis/cliredis000002sec?api-version=2023-04-01
  response:
    body:
      string: '{"id":"/subscriptions/00000000-0000-0000-0000-000000000000/resourceGroups/cli_test_redis000001/providers/Microsoft.Cache/Redis/cliredis000002sec","location":"East
        US","name":"cliredis000002sec","type":"Microsoft.Cache/Redis","tags":{},"properties":{"provisioningState":"Succeeded","redisVersion":"6.0","sku":{"name":"Premium","family":"P","capacity":1},"enableNonSslPort":false,"instances":[{"sslPort":15000,"isMaster":true,"isPrimary":true},{"sslPort":15001,"isMaster":false,"isPrimary":false}],"publicNetworkAccess":"Enabled","tenantSettings":{},"redisConfiguration":{"maxclients":"7500","maxmemory-reserved":"642","maxfragmentationmemory-reserved":"642","maxmemory-delta":"642"},"accessKeys":null,"hostName":"cliredis000002sec.redis.cache.windows.net","port":6379,"sslPort":6380,"linkedServers":[]}}'
    headers:
      cache-control:
      - no-cache
      content-length:
      - '802'
      content-type:
      - application/json; charset=utf-8
      date:
      - Tue, 10 Oct 2023 18:11:57 GMT
      expires:
      - '-1'
      pragma:
      - no-cache
      server:
      - Microsoft-HTTPAPI/2.0
      strict-transport-security:
      - max-age=31536000; includeSubDomains
      transfer-encoding:
      - chunked
      vary:
      - Accept-Encoding
      x-content-type-options:
      - nosniff
      x-rp-server-mvid:
      - 77ca18bf-d566-43ae-95d3-5716bda387c1
    status:
      code: 200
      message: OK
- request:
    body: null
    headers:
      Accept:
      - application/json
      Accept-Encoding:
      - gzip, deflate
      CommandName:
      - redis server-link create
      Connection:
      - keep-alive
      ParameterSetName:
      - -n -g --replication-role --server-to-link
      User-Agent:
      - AZURECLI/2.53.0 azsdk-python-mgmt-redis/14.2.0 Python/3.10.0 (Windows-10-10.0.19045-SP0)
    method: GET
    uri: https://management.azure.com/subscriptions/00000000-0000-0000-0000-000000000000/resourceGroups/cli_test_redis000001/providers/Microsoft.Cache/redis/cliredis000002sec?api-version=2023-04-01
  response:
    body:
      string: '{"id":"/subscriptions/00000000-0000-0000-0000-000000000000/resourceGroups/cli_test_redis000001/providers/Microsoft.Cache/Redis/cliredis000002sec","location":"East
        US","name":"cliredis000002sec","type":"Microsoft.Cache/Redis","tags":{},"properties":{"provisioningState":"Succeeded","redisVersion":"6.0","sku":{"name":"Premium","family":"P","capacity":1},"enableNonSslPort":false,"instances":[{"sslPort":15000,"isMaster":true,"isPrimary":true},{"sslPort":15001,"isMaster":false,"isPrimary":false}],"publicNetworkAccess":"Enabled","tenantSettings":{},"redisConfiguration":{"maxclients":"7500","maxmemory-reserved":"642","maxfragmentationmemory-reserved":"642","maxmemory-delta":"642"},"accessKeys":null,"hostName":"cliredis000002sec.redis.cache.windows.net","port":6379,"sslPort":6380,"linkedServers":[]}}'
    headers:
      cache-control:
      - no-cache
      content-length:
      - '802'
      content-type:
      - application/json; charset=utf-8
      date:
      - Tue, 10 Oct 2023 18:11:58 GMT
      expires:
      - '-1'
      pragma:
      - no-cache
      server:
      - Microsoft-HTTPAPI/2.0
      strict-transport-security:
      - max-age=31536000; includeSubDomains
      transfer-encoding:
      - chunked
      vary:
      - Accept-Encoding
      x-content-type-options:
      - nosniff
      x-rp-server-mvid:
      - 77ca18bf-d566-43ae-95d3-5716bda387c1
    status:
      code: 200
      message: OK
- request:
    body: '{"properties": {"linkedRedisCacheId": "/subscriptions/00000000-0000-0000-0000-000000000000/resourceGroups/cli_test_redis000001/providers/Microsoft.Cache/Redis/cliredis000002sec",
      "linkedRedisCacheLocation": "East US", "serverRole": "Secondary"}}'
    headers:
      Accept:
      - application/json
      Accept-Encoding:
      - gzip, deflate
      CommandName:
      - redis server-link create
      Connection:
      - keep-alive
      Content-Length:
      - '245'
      Content-Type:
      - application/json
      ParameterSetName:
      - -n -g --replication-role --server-to-link
      User-Agent:
      - AZURECLI/2.53.0 azsdk-python-mgmt-redis/14.2.0 Python/3.10.0 (Windows-10-10.0.19045-SP0)
    method: PUT
    uri: https://management.azure.com/subscriptions/00000000-0000-0000-0000-000000000000/resourceGroups/cli_test_redis000001/providers/Microsoft.Cache/redis/cliredis000002/linkedServers/cliredis000002sec?api-version=2023-04-01
  response:
    body:
      string: "{\r\n  \"id\": \"/subscriptions/00000000-0000-0000-0000-000000000000/resourceGroups/cli_test_redis000001/providers/Microsoft.Cache/Redis/cliredis000002/linkedServers/cliredis000002sec\",\r\n
        \ \"name\": \"cliredis000002sec\",\r\n  \"type\": \"Microsoft.Cache/Redis/linkedServers\",\r\n
        \ \"properties\": {\r\n    \"linkedRedisCacheId\": \"/subscriptions/00000000-0000-0000-0000-000000000000/resourceGroups/cli_test_redis000001/providers/Microsoft.Cache/Redis/cliredis000002sec\",\r\n
        \   \"linkedRedisCacheLocation\": \"East US\",\r\n    \"serverRole\": \"Secondary\",\r\n
        \   \"geoReplicatedPrimaryHostName\": \"cliredis000002sec.geo.redis.cache.windows.net\",\r\n
        \   \"primaryHostName\": \"cliredis000002.redis.cache.windows.net\",\r\n    \"provisioningState\":
        \"Creating\"\r\n  }\r\n}"
    headers:
      azure-asyncoperation:
      - https://management.azure.com/subscriptions/00000000-0000-0000-0000-000000000000/providers/Microsoft.Cache/locations/East%20US%202/asyncOperations/59835b5a-7c34-4ff5-900b-32b897f2a503?api-version=2023-04-01
      cache-control:
      - no-cache
      content-length:
      - '722'
      content-type:
      - application/json; charset=utf-8
      date:
      - Tue, 10 Oct 2023 18:11:59 GMT
      expires:
      - '-1'
      pragma:
      - no-cache
      server:
      - Microsoft-HTTPAPI/2.0
      strict-transport-security:
      - max-age=31536000; includeSubDomains
      x-content-type-options:
      - nosniff
      x-ms-ratelimit-remaining-subscription-writes:
      - '1199'
      x-rp-server-mvid:
      - 77ca18bf-d566-43ae-95d3-5716bda387c1
    status:
      code: 201
      message: Created
- request:
    body: null
    headers:
      Accept:
      - '*/*'
      Accept-Encoding:
      - gzip, deflate
      CommandName:
      - redis server-link create
      Connection:
      - keep-alive
      ParameterSetName:
      - -n -g --replication-role --server-to-link
      User-Agent:
      - AZURECLI/2.53.0 azsdk-python-mgmt-redis/14.2.0 Python/3.10.0 (Windows-10-10.0.19045-SP0)
    method: GET
    uri: https://management.azure.com/subscriptions/00000000-0000-0000-0000-000000000000/providers/Microsoft.Cache/locations/East%20US%202/asyncOperations/59835b5a-7c34-4ff5-900b-32b897f2a503?api-version=2023-04-01
  response:
    body:
      string: "{\r\n  \"id\": \"/subscriptions/00000000-0000-0000-0000-000000000000/providers/Microsoft.Cache/locations/East
        US 2/asyncOperations/59835b5a-7c34-4ff5-900b-32b897f2a503\",\r\n  \"name\":
        \"59835b5a-7c34-4ff5-900b-32b897f2a503\",\r\n  \"status\": \"InProgress\",\r\n
        \ \"startTime\": null,\r\n  \"endTime\": null,\r\n  \"percentComplete\": null,\r\n
        \ \"properties\": null,\r\n  \"error\": null\r\n}"
    headers:
      azure-asyncoperation:
      - https://management.azure.com/subscriptions/00000000-0000-0000-0000-000000000000/providers/Microsoft.Cache/locations/East%20US%202/asyncOperations/59835b5a-7c34-4ff5-900b-32b897f2a503?api-version=2023-04-01
      cache-control:
      - no-cache
      content-length:
      - '355'
      content-type:
      - application/json
      date:
      - Tue, 10 Oct 2023 18:11:59 GMT
      expires:
      - '-1'
      pragma:
      - no-cache
      server:
      - Microsoft-HTTPAPI/2.0
      strict-transport-security:
      - max-age=31536000; includeSubDomains
      transfer-encoding:
      - chunked
      vary:
      - Accept-Encoding
      x-content-type-options:
      - nosniff
      x-rp-server-mvid:
      - 77ca18bf-d566-43ae-95d3-5716bda387c1
    status:
      code: 200
      message: OK
- request:
    body: null
    headers:
      Accept:
      - '*/*'
      Accept-Encoding:
      - gzip, deflate
      CommandName:
      - redis server-link create
      Connection:
      - keep-alive
      ParameterSetName:
      - -n -g --replication-role --server-to-link
      User-Agent:
      - AZURECLI/2.53.0 azsdk-python-mgmt-redis/14.2.0 Python/3.10.0 (Windows-10-10.0.19045-SP0)
    method: GET
    uri: https://management.azure.com/subscriptions/00000000-0000-0000-0000-000000000000/providers/Microsoft.Cache/locations/East%20US%202/asyncOperations/59835b5a-7c34-4ff5-900b-32b897f2a503?api-version=2023-04-01
  response:
    body:
      string: "{\r\n  \"id\": \"/subscriptions/00000000-0000-0000-0000-000000000000/providers/Microsoft.Cache/locations/East
        US 2/asyncOperations/59835b5a-7c34-4ff5-900b-32b897f2a503\",\r\n  \"name\":
        \"59835b5a-7c34-4ff5-900b-32b897f2a503\",\r\n  \"status\": \"InProgress\",\r\n
        \ \"startTime\": null,\r\n  \"endTime\": null,\r\n  \"percentComplete\": null,\r\n
        \ \"properties\": null,\r\n  \"error\": null\r\n}"
    headers:
      azure-asyncoperation:
      - https://management.azure.com/subscriptions/00000000-0000-0000-0000-000000000000/providers/Microsoft.Cache/locations/East%20US%202/asyncOperations/59835b5a-7c34-4ff5-900b-32b897f2a503?api-version=2023-04-01
      cache-control:
      - no-cache
      content-length:
      - '355'
      content-type:
      - application/json
      date:
      - Tue, 10 Oct 2023 18:12:29 GMT
      expires:
      - '-1'
      pragma:
      - no-cache
      server:
      - Microsoft-HTTPAPI/2.0
      strict-transport-security:
      - max-age=31536000; includeSubDomains
      transfer-encoding:
      - chunked
      vary:
      - Accept-Encoding
      x-content-type-options:
      - nosniff
      x-rp-server-mvid:
      - 77ca18bf-d566-43ae-95d3-5716bda387c1
    status:
      code: 200
      message: OK
- request:
    body: null
    headers:
      Accept:
      - '*/*'
      Accept-Encoding:
      - gzip, deflate
      CommandName:
      - redis server-link create
      Connection:
      - keep-alive
      ParameterSetName:
      - -n -g --replication-role --server-to-link
      User-Agent:
      - AZURECLI/2.53.0 azsdk-python-mgmt-redis/14.2.0 Python/3.10.0 (Windows-10-10.0.19045-SP0)
    method: GET
    uri: https://management.azure.com/subscriptions/00000000-0000-0000-0000-000000000000/providers/Microsoft.Cache/locations/East%20US%202/asyncOperations/59835b5a-7c34-4ff5-900b-32b897f2a503?api-version=2023-04-01
  response:
    body:
      string: "{\r\n  \"id\": \"/subscriptions/00000000-0000-0000-0000-000000000000/providers/Microsoft.Cache/locations/East
        US 2/asyncOperations/59835b5a-7c34-4ff5-900b-32b897f2a503\",\r\n  \"name\":
        \"59835b5a-7c34-4ff5-900b-32b897f2a503\",\r\n  \"status\": \"InProgress\",\r\n
        \ \"startTime\": null,\r\n  \"endTime\": null,\r\n  \"percentComplete\": null,\r\n
        \ \"properties\": null,\r\n  \"error\": null\r\n}"
    headers:
      azure-asyncoperation:
      - https://management.azure.com/subscriptions/00000000-0000-0000-0000-000000000000/providers/Microsoft.Cache/locations/East%20US%202/asyncOperations/59835b5a-7c34-4ff5-900b-32b897f2a503?api-version=2023-04-01
      cache-control:
      - no-cache
      content-length:
      - '355'
      content-type:
      - application/json
      date:
      - Tue, 10 Oct 2023 18:12:59 GMT
      expires:
      - '-1'
      pragma:
      - no-cache
      server:
      - Microsoft-HTTPAPI/2.0
      strict-transport-security:
      - max-age=31536000; includeSubDomains
      transfer-encoding:
      - chunked
      vary:
      - Accept-Encoding
      x-content-type-options:
      - nosniff
      x-rp-server-mvid:
      - 77ca18bf-d566-43ae-95d3-5716bda387c1
    status:
      code: 200
      message: OK
- request:
    body: null
    headers:
      Accept:
      - '*/*'
      Accept-Encoding:
      - gzip, deflate
      CommandName:
      - redis server-link create
      Connection:
      - keep-alive
      ParameterSetName:
      - -n -g --replication-role --server-to-link
      User-Agent:
      - AZURECLI/2.53.0 azsdk-python-mgmt-redis/14.2.0 Python/3.10.0 (Windows-10-10.0.19045-SP0)
    method: GET
    uri: https://management.azure.com/subscriptions/00000000-0000-0000-0000-000000000000/providers/Microsoft.Cache/locations/East%20US%202/asyncOperations/59835b5a-7c34-4ff5-900b-32b897f2a503?api-version=2023-04-01
  response:
    body:
      string: "{\r\n  \"id\": \"/subscriptions/00000000-0000-0000-0000-000000000000/providers/Microsoft.Cache/locations/East
        US 2/asyncOperations/59835b5a-7c34-4ff5-900b-32b897f2a503\",\r\n  \"name\":
        \"59835b5a-7c34-4ff5-900b-32b897f2a503\",\r\n  \"status\": \"InProgress\",\r\n
        \ \"startTime\": null,\r\n  \"endTime\": null,\r\n  \"percentComplete\": null,\r\n
        \ \"properties\": null,\r\n  \"error\": null\r\n}"
    headers:
      azure-asyncoperation:
      - https://management.azure.com/subscriptions/00000000-0000-0000-0000-000000000000/providers/Microsoft.Cache/locations/East%20US%202/asyncOperations/59835b5a-7c34-4ff5-900b-32b897f2a503?api-version=2023-04-01
      cache-control:
      - no-cache
      content-length:
      - '355'
      content-type:
      - application/json
      date:
      - Tue, 10 Oct 2023 18:13:30 GMT
      expires:
      - '-1'
      pragma:
      - no-cache
      server:
      - Microsoft-HTTPAPI/2.0
      strict-transport-security:
      - max-age=31536000; includeSubDomains
      transfer-encoding:
      - chunked
      vary:
      - Accept-Encoding
      x-content-type-options:
      - nosniff
      x-rp-server-mvid:
      - 77ca18bf-d566-43ae-95d3-5716bda387c1
    status:
      code: 200
      message: OK
- request:
    body: null
    headers:
      Accept:
      - '*/*'
      Accept-Encoding:
      - gzip, deflate
      CommandName:
      - redis server-link create
      Connection:
      - keep-alive
      ParameterSetName:
      - -n -g --replication-role --server-to-link
      User-Agent:
      - AZURECLI/2.53.0 azsdk-python-mgmt-redis/14.2.0 Python/3.10.0 (Windows-10-10.0.19045-SP0)
    method: GET
    uri: https://management.azure.com/subscriptions/00000000-0000-0000-0000-000000000000/providers/Microsoft.Cache/locations/East%20US%202/asyncOperations/59835b5a-7c34-4ff5-900b-32b897f2a503?api-version=2023-04-01
  response:
    body:
      string: "{\r\n  \"id\": \"/subscriptions/00000000-0000-0000-0000-000000000000/providers/Microsoft.Cache/locations/East
        US 2/asyncOperations/59835b5a-7c34-4ff5-900b-32b897f2a503\",\r\n  \"name\":
        \"59835b5a-7c34-4ff5-900b-32b897f2a503\",\r\n  \"status\": \"InProgress\",\r\n
        \ \"startTime\": null,\r\n  \"endTime\": null,\r\n  \"percentComplete\": null,\r\n
        \ \"properties\": null,\r\n  \"error\": null\r\n}"
    headers:
      azure-asyncoperation:
      - https://management.azure.com/subscriptions/00000000-0000-0000-0000-000000000000/providers/Microsoft.Cache/locations/East%20US%202/asyncOperations/59835b5a-7c34-4ff5-900b-32b897f2a503?api-version=2023-04-01
      cache-control:
      - no-cache
      content-length:
      - '355'
      content-type:
      - application/json
      date:
      - Tue, 10 Oct 2023 18:14:00 GMT
      expires:
      - '-1'
      pragma:
      - no-cache
      server:
      - Microsoft-HTTPAPI/2.0
      strict-transport-security:
      - max-age=31536000; includeSubDomains
      transfer-encoding:
      - chunked
      vary:
      - Accept-Encoding
      x-content-type-options:
      - nosniff
      x-rp-server-mvid:
      - 77ca18bf-d566-43ae-95d3-5716bda387c1
    status:
      code: 200
      message: OK
- request:
    body: null
    headers:
      Accept:
      - '*/*'
      Accept-Encoding:
      - gzip, deflate
      CommandName:
      - redis server-link create
      Connection:
      - keep-alive
      ParameterSetName:
      - -n -g --replication-role --server-to-link
      User-Agent:
      - AZURECLI/2.53.0 azsdk-python-mgmt-redis/14.2.0 Python/3.10.0 (Windows-10-10.0.19045-SP0)
    method: GET
    uri: https://management.azure.com/subscriptions/00000000-0000-0000-0000-000000000000/providers/Microsoft.Cache/locations/East%20US%202/asyncOperations/59835b5a-7c34-4ff5-900b-32b897f2a503?api-version=2023-04-01
  response:
    body:
      string: "{\r\n  \"id\": \"/subscriptions/00000000-0000-0000-0000-000000000000/providers/Microsoft.Cache/locations/East
        US 2/asyncOperations/59835b5a-7c34-4ff5-900b-32b897f2a503\",\r\n  \"name\":
        \"59835b5a-7c34-4ff5-900b-32b897f2a503\",\r\n  \"status\": \"InProgress\",\r\n
        \ \"startTime\": null,\r\n  \"endTime\": null,\r\n  \"percentComplete\": null,\r\n
        \ \"properties\": null,\r\n  \"error\": null\r\n}"
    headers:
      azure-asyncoperation:
      - https://management.azure.com/subscriptions/00000000-0000-0000-0000-000000000000/providers/Microsoft.Cache/locations/East%20US%202/asyncOperations/59835b5a-7c34-4ff5-900b-32b897f2a503?api-version=2023-04-01
      cache-control:
      - no-cache
      content-length:
      - '355'
      content-type:
      - application/json
      date:
      - Tue, 10 Oct 2023 18:14:29 GMT
      expires:
      - '-1'
      pragma:
      - no-cache
      server:
      - Microsoft-HTTPAPI/2.0
      strict-transport-security:
      - max-age=31536000; includeSubDomains
      transfer-encoding:
      - chunked
      vary:
      - Accept-Encoding
      x-content-type-options:
      - nosniff
      x-rp-server-mvid:
      - 77ca18bf-d566-43ae-95d3-5716bda387c1
    status:
      code: 200
      message: OK
- request:
    body: null
    headers:
      Accept:
      - '*/*'
      Accept-Encoding:
      - gzip, deflate
      CommandName:
      - redis server-link create
      Connection:
      - keep-alive
      ParameterSetName:
      - -n -g --replication-role --server-to-link
      User-Agent:
      - AZURECLI/2.53.0 azsdk-python-mgmt-redis/14.2.0 Python/3.10.0 (Windows-10-10.0.19045-SP0)
    method: GET
    uri: https://management.azure.com/subscriptions/00000000-0000-0000-0000-000000000000/providers/Microsoft.Cache/locations/East%20US%202/asyncOperations/59835b5a-7c34-4ff5-900b-32b897f2a503?api-version=2023-04-01
  response:
    body:
      string: "{\r\n  \"id\": \"/subscriptions/00000000-0000-0000-0000-000000000000/providers/Microsoft.Cache/locations/East
        US 2/asyncOperations/59835b5a-7c34-4ff5-900b-32b897f2a503\",\r\n  \"name\":
        \"59835b5a-7c34-4ff5-900b-32b897f2a503\",\r\n  \"status\": \"InProgress\",\r\n
        \ \"startTime\": null,\r\n  \"endTime\": null,\r\n  \"percentComplete\": null,\r\n
        \ \"properties\": null,\r\n  \"error\": null\r\n}"
    headers:
      azure-asyncoperation:
      - https://management.azure.com/subscriptions/00000000-0000-0000-0000-000000000000/providers/Microsoft.Cache/locations/East%20US%202/asyncOperations/59835b5a-7c34-4ff5-900b-32b897f2a503?api-version=2023-04-01
      cache-control:
      - no-cache
      content-length:
      - '355'
      content-type:
      - application/json
      date:
      - Tue, 10 Oct 2023 18:15:00 GMT
      expires:
      - '-1'
      pragma:
      - no-cache
      server:
      - Microsoft-HTTPAPI/2.0
      strict-transport-security:
      - max-age=31536000; includeSubDomains
      transfer-encoding:
      - chunked
      vary:
      - Accept-Encoding
      x-content-type-options:
      - nosniff
      x-rp-server-mvid:
      - 77ca18bf-d566-43ae-95d3-5716bda387c1
    status:
      code: 200
      message: OK
- request:
    body: null
    headers:
      Accept:
      - '*/*'
      Accept-Encoding:
      - gzip, deflate
      CommandName:
      - redis server-link create
      Connection:
      - keep-alive
      ParameterSetName:
      - -n -g --replication-role --server-to-link
      User-Agent:
      - AZURECLI/2.53.0 azsdk-python-mgmt-redis/14.2.0 Python/3.10.0 (Windows-10-10.0.19045-SP0)
    method: GET
    uri: https://management.azure.com/subscriptions/00000000-0000-0000-0000-000000000000/providers/Microsoft.Cache/locations/East%20US%202/asyncOperations/59835b5a-7c34-4ff5-900b-32b897f2a503?api-version=2023-04-01
  response:
    body:
      string: "{\r\n  \"id\": \"/subscriptions/00000000-0000-0000-0000-000000000000/providers/Microsoft.Cache/locations/East
        US 2/asyncOperations/59835b5a-7c34-4ff5-900b-32b897f2a503\",\r\n  \"name\":
        \"59835b5a-7c34-4ff5-900b-32b897f2a503\",\r\n  \"status\": \"InProgress\",\r\n
        \ \"startTime\": null,\r\n  \"endTime\": null,\r\n  \"percentComplete\": null,\r\n
        \ \"properties\": null,\r\n  \"error\": null\r\n}"
    headers:
      azure-asyncoperation:
      - https://management.azure.com/subscriptions/00000000-0000-0000-0000-000000000000/providers/Microsoft.Cache/locations/East%20US%202/asyncOperations/59835b5a-7c34-4ff5-900b-32b897f2a503?api-version=2023-04-01
      cache-control:
      - no-cache
      content-length:
      - '355'
      content-type:
      - application/json
      date:
      - Tue, 10 Oct 2023 18:15:30 GMT
      expires:
      - '-1'
      pragma:
      - no-cache
      server:
      - Microsoft-HTTPAPI/2.0
      strict-transport-security:
      - max-age=31536000; includeSubDomains
      transfer-encoding:
      - chunked
      vary:
      - Accept-Encoding
      x-content-type-options:
      - nosniff
      x-rp-server-mvid:
      - 77ca18bf-d566-43ae-95d3-5716bda387c1
    status:
      code: 200
      message: OK
- request:
    body: null
    headers:
      Accept:
      - '*/*'
      Accept-Encoding:
      - gzip, deflate
      CommandName:
      - redis server-link create
      Connection:
      - keep-alive
      ParameterSetName:
      - -n -g --replication-role --server-to-link
      User-Agent:
      - AZURECLI/2.53.0 azsdk-python-mgmt-redis/14.2.0 Python/3.10.0 (Windows-10-10.0.19045-SP0)
    method: GET
    uri: https://management.azure.com/subscriptions/00000000-0000-0000-0000-000000000000/providers/Microsoft.Cache/locations/East%20US%202/asyncOperations/59835b5a-7c34-4ff5-900b-32b897f2a503?api-version=2023-04-01
  response:
    body:
      string: "{\r\n  \"id\": \"/subscriptions/00000000-0000-0000-0000-000000000000/providers/Microsoft.Cache/locations/East
        US 2/asyncOperations/59835b5a-7c34-4ff5-900b-32b897f2a503\",\r\n  \"name\":
        \"59835b5a-7c34-4ff5-900b-32b897f2a503\",\r\n  \"status\": \"InProgress\",\r\n
        \ \"startTime\": null,\r\n  \"endTime\": null,\r\n  \"percentComplete\": null,\r\n
        \ \"properties\": null,\r\n  \"error\": null\r\n}"
    headers:
      azure-asyncoperation:
      - https://management.azure.com/subscriptions/00000000-0000-0000-0000-000000000000/providers/Microsoft.Cache/locations/East%20US%202/asyncOperations/59835b5a-7c34-4ff5-900b-32b897f2a503?api-version=2023-04-01
      cache-control:
      - no-cache
      content-length:
      - '355'
      content-type:
      - application/json
      date:
      - Tue, 10 Oct 2023 18:16:00 GMT
      expires:
      - '-1'
      pragma:
      - no-cache
      server:
      - Microsoft-HTTPAPI/2.0
      strict-transport-security:
      - max-age=31536000; includeSubDomains
      transfer-encoding:
      - chunked
      vary:
      - Accept-Encoding
      x-content-type-options:
      - nosniff
      x-rp-server-mvid:
      - 77ca18bf-d566-43ae-95d3-5716bda387c1
    status:
      code: 200
      message: OK
- request:
    body: null
    headers:
      Accept:
      - '*/*'
      Accept-Encoding:
      - gzip, deflate
      CommandName:
      - redis server-link create
      Connection:
      - keep-alive
      ParameterSetName:
      - -n -g --replication-role --server-to-link
      User-Agent:
      - AZURECLI/2.53.0 azsdk-python-mgmt-redis/14.2.0 Python/3.10.0 (Windows-10-10.0.19045-SP0)
    method: GET
    uri: https://management.azure.com/subscriptions/00000000-0000-0000-0000-000000000000/providers/Microsoft.Cache/locations/East%20US%202/asyncOperations/59835b5a-7c34-4ff5-900b-32b897f2a503?api-version=2023-04-01
  response:
    body:
      string: "{\r\n  \"id\": \"/subscriptions/00000000-0000-0000-0000-000000000000/providers/Microsoft.Cache/locations/East
        US 2/asyncOperations/59835b5a-7c34-4ff5-900b-32b897f2a503\",\r\n  \"name\":
        \"59835b5a-7c34-4ff5-900b-32b897f2a503\",\r\n  \"status\": \"InProgress\",\r\n
        \ \"startTime\": null,\r\n  \"endTime\": null,\r\n  \"percentComplete\": null,\r\n
        \ \"properties\": null,\r\n  \"error\": null\r\n}"
    headers:
      azure-asyncoperation:
      - https://management.azure.com/subscriptions/00000000-0000-0000-0000-000000000000/providers/Microsoft.Cache/locations/East%20US%202/asyncOperations/59835b5a-7c34-4ff5-900b-32b897f2a503?api-version=2023-04-01
      cache-control:
      - no-cache
      content-length:
      - '355'
      content-type:
      - application/json
      date:
      - Tue, 10 Oct 2023 18:16:30 GMT
      expires:
      - '-1'
      pragma:
      - no-cache
      server:
      - Microsoft-HTTPAPI/2.0
      strict-transport-security:
      - max-age=31536000; includeSubDomains
      transfer-encoding:
      - chunked
      vary:
      - Accept-Encoding
      x-content-type-options:
      - nosniff
      x-rp-server-mvid:
      - 77ca18bf-d566-43ae-95d3-5716bda387c1
    status:
      code: 200
      message: OK
- request:
    body: null
    headers:
      Accept:
      - '*/*'
      Accept-Encoding:
      - gzip, deflate
      CommandName:
      - redis server-link create
      Connection:
      - keep-alive
      ParameterSetName:
      - -n -g --replication-role --server-to-link
      User-Agent:
      - AZURECLI/2.53.0 azsdk-python-mgmt-redis/14.2.0 Python/3.10.0 (Windows-10-10.0.19045-SP0)
    method: GET
    uri: https://management.azure.com/subscriptions/00000000-0000-0000-0000-000000000000/providers/Microsoft.Cache/locations/East%20US%202/asyncOperations/59835b5a-7c34-4ff5-900b-32b897f2a503?api-version=2023-04-01
  response:
    body:
      string: "{\r\n  \"id\": \"/subscriptions/00000000-0000-0000-0000-000000000000/providers/Microsoft.Cache/locations/East
        US 2/asyncOperations/59835b5a-7c34-4ff5-900b-32b897f2a503\",\r\n  \"name\":
        \"59835b5a-7c34-4ff5-900b-32b897f2a503\",\r\n  \"status\": \"InProgress\",\r\n
        \ \"startTime\": null,\r\n  \"endTime\": null,\r\n  \"percentComplete\": null,\r\n
        \ \"properties\": null,\r\n  \"error\": null\r\n}"
    headers:
      azure-asyncoperation:
      - https://management.azure.com/subscriptions/00000000-0000-0000-0000-000000000000/providers/Microsoft.Cache/locations/East%20US%202/asyncOperations/59835b5a-7c34-4ff5-900b-32b897f2a503?api-version=2023-04-01
      cache-control:
      - no-cache
      content-length:
      - '355'
      content-type:
      - application/json
      date:
      - Tue, 10 Oct 2023 18:17:00 GMT
      expires:
      - '-1'
      pragma:
      - no-cache
      server:
      - Microsoft-HTTPAPI/2.0
      strict-transport-security:
      - max-age=31536000; includeSubDomains
      transfer-encoding:
      - chunked
      vary:
      - Accept-Encoding
      x-content-type-options:
      - nosniff
      x-rp-server-mvid:
      - 77ca18bf-d566-43ae-95d3-5716bda387c1
    status:
      code: 200
      message: OK
- request:
    body: null
    headers:
      Accept:
      - '*/*'
      Accept-Encoding:
      - gzip, deflate
      CommandName:
      - redis server-link create
      Connection:
      - keep-alive
      ParameterSetName:
      - -n -g --replication-role --server-to-link
      User-Agent:
      - AZURECLI/2.53.0 azsdk-python-mgmt-redis/14.2.0 Python/3.10.0 (Windows-10-10.0.19045-SP0)
    method: GET
    uri: https://management.azure.com/subscriptions/00000000-0000-0000-0000-000000000000/providers/Microsoft.Cache/locations/East%20US%202/asyncOperations/59835b5a-7c34-4ff5-900b-32b897f2a503?api-version=2023-04-01
  response:
    body:
      string: "{\r\n  \"id\": \"/subscriptions/00000000-0000-0000-0000-000000000000/providers/Microsoft.Cache/locations/East
        US 2/asyncOperations/59835b5a-7c34-4ff5-900b-32b897f2a503\",\r\n  \"name\":
        \"59835b5a-7c34-4ff5-900b-32b897f2a503\",\r\n  \"status\": \"Succeeded\",\r\n
        \ \"startTime\": null,\r\n  \"endTime\": null,\r\n  \"percentComplete\": null,\r\n
        \ \"properties\": null,\r\n  \"error\": null\r\n}"
    headers:
      azure-asyncoperation:
      - https://management.azure.com/subscriptions/00000000-0000-0000-0000-000000000000/providers/Microsoft.Cache/locations/East%20US%202/asyncOperations/59835b5a-7c34-4ff5-900b-32b897f2a503?api-version=2023-04-01
      cache-control:
      - no-cache
      content-length:
      - '354'
      content-type:
      - application/json
      date:
      - Tue, 10 Oct 2023 18:17:30 GMT
      expires:
      - '-1'
      pragma:
      - no-cache
      server:
      - Microsoft-HTTPAPI/2.0
      strict-transport-security:
      - max-age=31536000; includeSubDomains
      transfer-encoding:
      - chunked
      vary:
      - Accept-Encoding
      x-content-type-options:
      - nosniff
      x-rp-server-mvid:
      - 77ca18bf-d566-43ae-95d3-5716bda387c1
    status:
      code: 200
      message: OK
- request:
    body: null
    headers:
      Accept:
      - '*/*'
      Accept-Encoding:
      - gzip, deflate
      CommandName:
      - redis server-link create
      Connection:
      - keep-alive
      ParameterSetName:
      - -n -g --replication-role --server-to-link
      User-Agent:
      - AZURECLI/2.53.0 azsdk-python-mgmt-redis/14.2.0 Python/3.10.0 (Windows-10-10.0.19045-SP0)
    method: GET
    uri: https://management.azure.com/subscriptions/00000000-0000-0000-0000-000000000000/resourceGroups/cli_test_redis000001/providers/Microsoft.Cache/redis/cliredis000002/linkedServers/cliredis000002sec?api-version=2023-04-01
  response:
    body:
      string: '{"id":"/subscriptions/00000000-0000-0000-0000-000000000000/resourceGroups/cli_test_redis000001/providers/Microsoft.Cache/Redis/cliredis000002/linkedServers/cliredis000002sec","name":"cliredis000002sec","type":"Microsoft.Cache/Redis/linkedServers","properties":{"linkedRedisCacheId":"/subscriptions/00000000-0000-0000-0000-000000000000/resourceGroups/cli_test_redis000001/providers/Microsoft.Cache/Redis/cliredis000002sec","linkedRedisCacheLocation":"East
        US","serverRole":"Secondary","geoReplicatedPrimaryHostName":"cliredis000002sec.geo.redis.cache.windows.net","primaryHostName":"cliredis000002.redis.cache.windows.net","provisioningState":"Succeeded"}}'
    headers:
      cache-control:
      - no-cache
      content-length:
      - '655'
      content-type:
      - application/json; charset=utf-8
      date:
      - Tue, 10 Oct 2023 18:17:31 GMT
      expires:
      - '-1'
      pragma:
      - no-cache
      server:
      - Microsoft-HTTPAPI/2.0
      strict-transport-security:
      - max-age=31536000; includeSubDomains
      transfer-encoding:
      - chunked
      vary:
      - Accept-Encoding
      x-content-type-options:
      - nosniff
      x-rp-server-mvid:
      - 77ca18bf-d566-43ae-95d3-5716bda387c1
    status:
      code: 200
      message: OK
- request:
    body: null
    headers:
      Accept:
      - application/json
      Accept-Encoding:
      - gzip, deflate
      CommandName:
      - redis server-link list
      Connection:
      - keep-alive
      ParameterSetName:
      - -n -g
      User-Agent:
      - AZURECLI/2.53.0 azsdk-python-mgmt-redis/14.2.0 Python/3.10.0 (Windows-10-10.0.19045-SP0)
    method: GET
    uri: https://management.azure.com/subscriptions/00000000-0000-0000-0000-000000000000/resourceGroups/cli_test_redis000001/providers/Microsoft.Cache/redis/cliredis000002/linkedServers?api-version=2023-04-01
  response:
    body:
      string: '{"value":[{"id":"/subscriptions/00000000-0000-0000-0000-000000000000/resourceGroups/cli_test_redis000001/providers/Microsoft.Cache/Redis/cliredis000002/linkedServers/cliredis000002sec","name":"cliredis000002sec","type":"Microsoft.Cache/Redis/linkedServers","properties":{"linkedRedisCacheId":"/subscriptions/00000000-0000-0000-0000-000000000000/resourceGroups/cli_test_redis000001/providers/Microsoft.Cache/Redis/cliredis000002sec","linkedRedisCacheLocation":"East
        US","serverRole":"Secondary","geoReplicatedPrimaryHostName":"cliredis000002sec.geo.redis.cache.windows.net","primaryHostName":"cliredis000002.redis.cache.windows.net","provisioningState":"Succeeded"}}]}'
    headers:
      cache-control:
      - no-cache
      content-length:
      - '667'
      content-type:
      - application/json; charset=utf-8
      date:
      - Tue, 10 Oct 2023 18:22:34 GMT
      expires:
      - '-1'
      pragma:
      - no-cache
      server:
      - Microsoft-HTTPAPI/2.0
      strict-transport-security:
      - max-age=31536000; includeSubDomains
      transfer-encoding:
      - chunked
      vary:
      - Accept-Encoding
      x-content-type-options:
      - nosniff
      x-rp-server-mvid:
      - 77ca18bf-d566-43ae-95d3-5716bda387c1
    status:
      code: 200
      message: OK
- request:
    body: null
    headers:
      Accept:
      - application/json
      Accept-Encoding:
      - gzip, deflate
      CommandName:
      - redis server-link show
      Connection:
      - keep-alive
      ParameterSetName:
      - -n -g --linked-server-name
      User-Agent:
      - AZURECLI/2.53.0 azsdk-python-mgmt-redis/14.2.0 Python/3.10.0 (Windows-10-10.0.19045-SP0)
    method: GET
    uri: https://management.azure.com/subscriptions/00000000-0000-0000-0000-000000000000/resourceGroups/cli_test_redis000001/providers/Microsoft.Cache/redis/cliredis000002/linkedServers/cliredis000002sec?api-version=2023-04-01
  response:
    body:
      string: '{"id":"/subscriptions/00000000-0000-0000-0000-000000000000/resourceGroups/cli_test_redis000001/providers/Microsoft.Cache/Redis/cliredis000002/linkedServers/cliredis000002sec","name":"cliredis000002sec","type":"Microsoft.Cache/Redis/linkedServers","properties":{"linkedRedisCacheId":"/subscriptions/00000000-0000-0000-0000-000000000000/resourceGroups/cli_test_redis000001/providers/Microsoft.Cache/Redis/cliredis000002sec","linkedRedisCacheLocation":"East
        US","serverRole":"Secondary","geoReplicatedPrimaryHostName":"cliredis000002sec.geo.redis.cache.windows.net","primaryHostName":"cliredis000002.redis.cache.windows.net","provisioningState":"Succeeded"}}'
    headers:
      cache-control:
      - no-cache
      content-length:
      - '655'
      content-type:
      - application/json; charset=utf-8
      date:
      - Tue, 10 Oct 2023 18:22:36 GMT
      expires:
      - '-1'
      pragma:
      - no-cache
      server:
      - Microsoft-HTTPAPI/2.0
      strict-transport-security:
      - max-age=31536000; includeSubDomains
      transfer-encoding:
      - chunked
      vary:
      - Accept-Encoding
      x-content-type-options:
      - nosniff
      x-rp-server-mvid:
      - 77ca18bf-d566-43ae-95d3-5716bda387c1
    status:
      code: 200
      message: OK
- request:
    body: null
    headers:
      Accept:
      - application/json
      Accept-Encoding:
      - gzip, deflate
      CommandName:
      - redis server-link delete
      Connection:
      - keep-alive
      Content-Length:
      - '0'
      ParameterSetName:
      - -n -g --linked-server-name
      User-Agent:
      - AZURECLI/2.53.0 azsdk-python-mgmt-redis/14.2.0 Python/3.10.0 (Windows-10-10.0.19045-SP0)
    method: DELETE
    uri: https://management.azure.com/subscriptions/00000000-0000-0000-0000-000000000000/resourceGroups/cli_test_redis000001/providers/Microsoft.Cache/redis/cliredis000002/linkedServers/cliredis000002sec?api-version=2023-04-01
  response:
    body:
      string: ''
    headers:
      azure-asyncoperation:
      - https://management.azure.com/subscriptions/00000000-0000-0000-0000-000000000000/providers/Microsoft.Cache/locations/East%20US%202/asyncOperations/bc499696-b5d0-424e-8307-231ad526173e?api-version=2023-04-01
      cache-control:
      - no-cache
      content-length:
      - '0'
      date:
      - Tue, 10 Oct 2023 18:22:37 GMT
      expires:
      - '-1'
      location:
      - https://management.azure.com/subscriptions/00000000-0000-0000-0000-000000000000/providers/Microsoft.Cache/locations/East%20US%202/asyncOperations/bc499696-b5d0-424e-8307-231ad526173e?api-version=2023-04-01
      pragma:
      - no-cache
      server:
      - Microsoft-HTTPAPI/2.0
      strict-transport-security:
      - max-age=31536000; includeSubDomains
      x-content-type-options:
      - nosniff
      x-ms-ratelimit-remaining-subscription-deletes:
      - '14999'
      x-rp-server-mvid:
      - 77ca18bf-d566-43ae-95d3-5716bda387c1
    status:
      code: 202
      message: Accepted
- request:
    body: null
    headers:
      Accept:
      - '*/*'
      Accept-Encoding:
      - gzip, deflate
      CommandName:
      - redis server-link delete
      Connection:
      - keep-alive
      ParameterSetName:
      - -n -g --linked-server-name
      User-Agent:
      - AZURECLI/2.53.0 azsdk-python-mgmt-redis/14.2.0 Python/3.10.0 (Windows-10-10.0.19045-SP0)
    method: GET
    uri: https://management.azure.com/subscriptions/00000000-0000-0000-0000-000000000000/providers/Microsoft.Cache/locations/East%20US%202/asyncOperations/bc499696-b5d0-424e-8307-231ad526173e?api-version=2023-04-01
  response:
    body:
      string: "{\r\n  \"id\": \"/subscriptions/00000000-0000-0000-0000-000000000000/providers/Microsoft.Cache/locations/East
        US 2/asyncOperations/bc499696-b5d0-424e-8307-231ad526173e\",\r\n  \"name\":
        \"bc499696-b5d0-424e-8307-231ad526173e\",\r\n  \"status\": \"InProgress\",\r\n
        \ \"startTime\": null,\r\n  \"endTime\": null,\r\n  \"percentComplete\": null,\r\n
        \ \"properties\": null,\r\n  \"error\": null\r\n}"
    headers:
      azure-asyncoperation:
      - https://management.azure.com/subscriptions/00000000-0000-0000-0000-000000000000/providers/Microsoft.Cache/locations/East%20US%202/asyncOperations/bc499696-b5d0-424e-8307-231ad526173e?api-version=2023-04-01
      cache-control:
      - no-cache
      content-length:
      - '355'
      content-type:
      - application/json
      date:
      - Tue, 10 Oct 2023 18:22:37 GMT
      expires:
      - '-1'
      pragma:
      - no-cache
      server:
      - Microsoft-HTTPAPI/2.0
      strict-transport-security:
      - max-age=31536000; includeSubDomains
      transfer-encoding:
      - chunked
      vary:
      - Accept-Encoding
      x-content-type-options:
      - nosniff
      x-rp-server-mvid:
      - 77ca18bf-d566-43ae-95d3-5716bda387c1
    status:
      code: 200
      message: OK
- request:
    body: null
    headers:
      Accept:
      - '*/*'
      Accept-Encoding:
      - gzip, deflate
      CommandName:
      - redis server-link delete
      Connection:
      - keep-alive
      ParameterSetName:
      - -n -g --linked-server-name
      User-Agent:
      - AZURECLI/2.53.0 azsdk-python-mgmt-redis/14.2.0 Python/3.10.0 (Windows-10-10.0.19045-SP0)
    method: GET
    uri: https://management.azure.com/subscriptions/00000000-0000-0000-0000-000000000000/providers/Microsoft.Cache/locations/East%20US%202/asyncOperations/bc499696-b5d0-424e-8307-231ad526173e?api-version=2023-04-01
  response:
    body:
      string: "{\r\n  \"id\": \"/subscriptions/00000000-0000-0000-0000-000000000000/providers/Microsoft.Cache/locations/East
        US 2/asyncOperations/bc499696-b5d0-424e-8307-231ad526173e\",\r\n  \"name\":
        \"bc499696-b5d0-424e-8307-231ad526173e\",\r\n  \"status\": \"InProgress\",\r\n
        \ \"startTime\": null,\r\n  \"endTime\": null,\r\n  \"percentComplete\": null,\r\n
        \ \"properties\": null,\r\n  \"error\": null\r\n}"
    headers:
      azure-asyncoperation:
      - https://management.azure.com/subscriptions/00000000-0000-0000-0000-000000000000/providers/Microsoft.Cache/locations/East%20US%202/asyncOperations/bc499696-b5d0-424e-8307-231ad526173e?api-version=2023-04-01
      cache-control:
      - no-cache
      content-length:
      - '355'
      content-type:
      - application/json
      date:
      - Tue, 10 Oct 2023 18:23:07 GMT
      expires:
      - '-1'
      pragma:
      - no-cache
      server:
      - Microsoft-HTTPAPI/2.0
      strict-transport-security:
      - max-age=31536000; includeSubDomains
      transfer-encoding:
      - chunked
      vary:
      - Accept-Encoding
      x-content-type-options:
      - nosniff
      x-rp-server-mvid:
      - 77ca18bf-d566-43ae-95d3-5716bda387c1
    status:
      code: 200
      message: OK
- request:
    body: null
    headers:
      Accept:
      - '*/*'
      Accept-Encoding:
      - gzip, deflate
      CommandName:
      - redis server-link delete
      Connection:
      - keep-alive
      ParameterSetName:
      - -n -g --linked-server-name
      User-Agent:
      - AZURECLI/2.53.0 azsdk-python-mgmt-redis/14.2.0 Python/3.10.0 (Windows-10-10.0.19045-SP0)
    method: GET
    uri: https://management.azure.com/subscriptions/00000000-0000-0000-0000-000000000000/providers/Microsoft.Cache/locations/East%20US%202/asyncOperations/bc499696-b5d0-424e-8307-231ad526173e?api-version=2023-04-01
  response:
    body:
      string: "{\r\n  \"id\": \"/subscriptions/00000000-0000-0000-0000-000000000000/providers/Microsoft.Cache/locations/East
        US 2/asyncOperations/bc499696-b5d0-424e-8307-231ad526173e\",\r\n  \"name\":
        \"bc499696-b5d0-424e-8307-231ad526173e\",\r\n  \"status\": \"InProgress\",\r\n
        \ \"startTime\": null,\r\n  \"endTime\": null,\r\n  \"percentComplete\": null,\r\n
        \ \"properties\": null,\r\n  \"error\": null\r\n}"
    headers:
      azure-asyncoperation:
      - https://management.azure.com/subscriptions/00000000-0000-0000-0000-000000000000/providers/Microsoft.Cache/locations/East%20US%202/asyncOperations/bc499696-b5d0-424e-8307-231ad526173e?api-version=2023-04-01
      cache-control:
      - no-cache
      content-length:
      - '355'
      content-type:
      - application/json
      date:
      - Tue, 10 Oct 2023 18:23:37 GMT
      expires:
      - '-1'
      pragma:
      - no-cache
      server:
      - Microsoft-HTTPAPI/2.0
      strict-transport-security:
      - max-age=31536000; includeSubDomains
      transfer-encoding:
      - chunked
      vary:
      - Accept-Encoding
      x-content-type-options:
      - nosniff
      x-rp-server-mvid:
      - 77ca18bf-d566-43ae-95d3-5716bda387c1
    status:
      code: 200
      message: OK
- request:
    body: null
    headers:
      Accept:
      - '*/*'
      Accept-Encoding:
      - gzip, deflate
      CommandName:
      - redis server-link delete
      Connection:
      - keep-alive
      ParameterSetName:
      - -n -g --linked-server-name
      User-Agent:
      - AZURECLI/2.53.0 azsdk-python-mgmt-redis/14.2.0 Python/3.10.0 (Windows-10-10.0.19045-SP0)
    method: GET
    uri: https://management.azure.com/subscriptions/00000000-0000-0000-0000-000000000000/providers/Microsoft.Cache/locations/East%20US%202/asyncOperations/bc499696-b5d0-424e-8307-231ad526173e?api-version=2023-04-01
  response:
    body:
      string: "{\r\n  \"id\": \"/subscriptions/00000000-0000-0000-0000-000000000000/providers/Microsoft.Cache/locations/East
        US 2/asyncOperations/bc499696-b5d0-424e-8307-231ad526173e\",\r\n  \"name\":
        \"bc499696-b5d0-424e-8307-231ad526173e\",\r\n  \"status\": \"Succeeded\",\r\n
        \ \"startTime\": null,\r\n  \"endTime\": null,\r\n  \"percentComplete\": null,\r\n
        \ \"properties\": null,\r\n  \"error\": null\r\n}"
    headers:
      azure-asyncoperation:
      - https://management.azure.com/subscriptions/00000000-0000-0000-0000-000000000000/providers/Microsoft.Cache/locations/East%20US%202/asyncOperations/bc499696-b5d0-424e-8307-231ad526173e?api-version=2023-04-01
      cache-control:
      - no-cache
      content-length:
      - '354'
      content-type:
      - application/json
      date:
      - Tue, 10 Oct 2023 18:24:07 GMT
      expires:
      - '-1'
      pragma:
      - no-cache
      server:
      - Microsoft-HTTPAPI/2.0
      strict-transport-security:
      - max-age=31536000; includeSubDomains
      transfer-encoding:
      - chunked
      vary:
      - Accept-Encoding
      x-content-type-options:
      - nosniff
      x-rp-server-mvid:
      - 77ca18bf-d566-43ae-95d3-5716bda387c1
    status:
      code: 200
      message: OK
- request:
    body: null
    headers:
      Accept:
      - application/json
      Accept-Encoding:
      - gzip, deflate
      CommandName:
      - redis server-link list
      Connection:
      - keep-alive
      ParameterSetName:
      - -n -g
      User-Agent:
      - AZURECLI/2.53.0 azsdk-python-mgmt-redis/14.2.0 Python/3.10.0 (Windows-10-10.0.19045-SP0)
    method: GET
    uri: https://management.azure.com/subscriptions/00000000-0000-0000-0000-000000000000/resourceGroups/cli_test_redis000001/providers/Microsoft.Cache/redis/cliredis000002/linkedServers?api-version=2023-04-01
  response:
    body:
      string: '{"value":[]}'
    headers:
      cache-control:
      - no-cache
      content-length:
      - '12'
      content-type:
      - application/json; charset=utf-8
      date:
      - Tue, 10 Oct 2023 18:29:08 GMT
      expires:
      - '-1'
      pragma:
      - no-cache
      server:
      - Microsoft-HTTPAPI/2.0
      strict-transport-security:
      - max-age=31536000; includeSubDomains
      transfer-encoding:
      - chunked
      vary:
      - Accept-Encoding
      x-content-type-options:
      - nosniff
      x-rp-server-mvid:
      - 77ca18bf-d566-43ae-95d3-5716bda387c1
    status:
      code: 200
      message: OK
- request:
    body: null
    headers:
      Accept:
      - application/json
      Accept-Encoding:
      - gzip, deflate
      CommandName:
      - redis delete
      Connection:
      - keep-alive
      Content-Length:
      - '0'
      ParameterSetName:
      - -n -g -y
      User-Agent:
      - AZURECLI/2.53.0 azsdk-python-mgmt-redis/14.2.0 Python/3.10.0 (Windows-10-10.0.19045-SP0)
    method: DELETE
    uri: https://management.azure.com/subscriptions/00000000-0000-0000-0000-000000000000/resourceGroups/cli_test_redis000001/providers/Microsoft.Cache/redis/cliredis000002?api-version=2023-04-01
  response:
    body:
      string: ''
    headers:
      cache-control:
      - no-cache
      content-length:
      - '0'
      date:
      - Tue, 10 Oct 2023 18:29:08 GMT
      expires:
      - '-1'
      location:
      - https://management.azure.com/subscriptions/00000000-0000-0000-0000-000000000000/providers/Microsoft.Cache/locations/East%20US%202/operationresults/57ac6f6d-9164-42b3-abfd-aa33b593b234?api-version=2023-04-01
      pragma:
      - no-cache
      server:
      - Microsoft-HTTPAPI/2.0
      strict-transport-security:
      - max-age=31536000; includeSubDomains
      x-content-type-options:
      - nosniff
      x-ms-ratelimit-remaining-subscription-deletes:
      - '14999'
      x-rp-server-mvid:
      - 77ca18bf-d566-43ae-95d3-5716bda387c1
    status:
      code: 202
      message: Accepted
- request:
    body: null
    headers:
      Accept:
      - '*/*'
      Accept-Encoding:
      - gzip, deflate
      CommandName:
      - redis delete
      Connection:
      - keep-alive
      ParameterSetName:
      - -n -g -y
      User-Agent:
      - AZURECLI/2.53.0 azsdk-python-mgmt-redis/14.2.0 Python/3.10.0 (Windows-10-10.0.19045-SP0)
    method: GET
    uri: https://management.azure.com/subscriptions/00000000-0000-0000-0000-000000000000/providers/Microsoft.Cache/locations/East%20US%202/operationresults/57ac6f6d-9164-42b3-abfd-aa33b593b234?api-version=2023-04-01
  response:
    body:
      string: "{\r\n  \"id\": \"/subscriptions/00000000-0000-0000-0000-000000000000/providers/Microsoft.Cache/locations/East
        US 2/operationresults/57ac6f6d-9164-42b3-abfd-aa33b593b234\",\r\n  \"name\":
        \"57ac6f6d-9164-42b3-abfd-aa33b593b234\",\r\n  \"status\": \"InProgress\"\r\n}"
    headers:
      azure-asyncoperation:
      - https://management.azure.com/subscriptions/00000000-0000-0000-0000-000000000000/providers/Microsoft.Cache/locations/East%20US%202/operationresults/57ac6f6d-9164-42b3-abfd-aa33b593b234?api-version=2023-04-01
      cache-control:
      - no-cache
      content-length:
      - '245'
      content-type:
      - application/json; charset=utf-8
      date:
      - Tue, 10 Oct 2023 18:29:09 GMT
      expires:
      - '-1'
      location:
      - https://management.azure.com/subscriptions/00000000-0000-0000-0000-000000000000/providers/Microsoft.Cache/locations/East%20US%202/operationresults/57ac6f6d-9164-42b3-abfd-aa33b593b234?api-version=2023-04-01
      pragma:
      - no-cache
      server:
      - Microsoft-HTTPAPI/2.0
      strict-transport-security:
      - max-age=31536000; includeSubDomains
      x-content-type-options:
      - nosniff
      x-rp-server-mvid:
      - 77ca18bf-d566-43ae-95d3-5716bda387c1
    status:
      code: 202
      message: Accepted
- request:
    body: null
    headers:
      Accept:
      - '*/*'
      Accept-Encoding:
      - gzip, deflate
      CommandName:
      - redis delete
      Connection:
      - keep-alive
      ParameterSetName:
      - -n -g -y
      User-Agent:
      - AZURECLI/2.53.0 azsdk-python-mgmt-redis/14.2.0 Python/3.10.0 (Windows-10-10.0.19045-SP0)
    method: GET
    uri: https://management.azure.com/subscriptions/00000000-0000-0000-0000-000000000000/providers/Microsoft.Cache/locations/East%20US%202/operationresults/57ac6f6d-9164-42b3-abfd-aa33b593b234?api-version=2023-04-01
  response:
    body:
      string: "{\r\n  \"id\": \"/subscriptions/00000000-0000-0000-0000-000000000000/providers/Microsoft.Cache/locations/East
        US 2/operationresults/57ac6f6d-9164-42b3-abfd-aa33b593b234\",\r\n  \"name\":
        \"57ac6f6d-9164-42b3-abfd-aa33b593b234\",\r\n  \"status\": \"InProgress\"\r\n}"
    headers:
      azure-asyncoperation:
      - https://management.azure.com/subscriptions/00000000-0000-0000-0000-000000000000/providers/Microsoft.Cache/locations/East%20US%202/operationresults/57ac6f6d-9164-42b3-abfd-aa33b593b234?api-version=2023-04-01
      cache-control:
      - no-cache
      content-length:
      - '245'
      content-type:
      - application/json; charset=utf-8
      date:
      - Tue, 10 Oct 2023 18:29:40 GMT
      expires:
      - '-1'
      location:
      - https://management.azure.com/subscriptions/00000000-0000-0000-0000-000000000000/providers/Microsoft.Cache/locations/East%20US%202/operationresults/57ac6f6d-9164-42b3-abfd-aa33b593b234?api-version=2023-04-01
      pragma:
      - no-cache
      server:
      - Microsoft-HTTPAPI/2.0
      strict-transport-security:
      - max-age=31536000; includeSubDomains
      x-content-type-options:
      - nosniff
      x-rp-server-mvid:
      - 77ca18bf-d566-43ae-95d3-5716bda387c1
    status:
      code: 202
      message: Accepted
- request:
    body: null
    headers:
      Accept:
      - '*/*'
      Accept-Encoding:
      - gzip, deflate
      CommandName:
      - redis delete
      Connection:
      - keep-alive
      ParameterSetName:
      - -n -g -y
      User-Agent:
      - AZURECLI/2.53.0 azsdk-python-mgmt-redis/14.2.0 Python/3.10.0 (Windows-10-10.0.19045-SP0)
    method: GET
    uri: https://management.azure.com/subscriptions/00000000-0000-0000-0000-000000000000/providers/Microsoft.Cache/locations/East%20US%202/operationresults/57ac6f6d-9164-42b3-abfd-aa33b593b234?api-version=2023-04-01
  response:
    body:
      string: "{\r\n  \"id\": \"/subscriptions/00000000-0000-0000-0000-000000000000/providers/Microsoft.Cache/locations/East
        US 2/operationresults/57ac6f6d-9164-42b3-abfd-aa33b593b234\",\r\n  \"name\":
        \"57ac6f6d-9164-42b3-abfd-aa33b593b234\",\r\n  \"status\": \"InProgress\"\r\n}"
    headers:
      azure-asyncoperation:
      - https://management.azure.com/subscriptions/00000000-0000-0000-0000-000000000000/providers/Microsoft.Cache/locations/East%20US%202/operationresults/57ac6f6d-9164-42b3-abfd-aa33b593b234?api-version=2023-04-01
      cache-control:
      - no-cache
      content-length:
      - '245'
      content-type:
      - application/json; charset=utf-8
      date:
      - Tue, 10 Oct 2023 18:30:10 GMT
      expires:
      - '-1'
      location:
      - https://management.azure.com/subscriptions/00000000-0000-0000-0000-000000000000/providers/Microsoft.Cache/locations/East%20US%202/operationresults/57ac6f6d-9164-42b3-abfd-aa33b593b234?api-version=2023-04-01
      pragma:
      - no-cache
      server:
      - Microsoft-HTTPAPI/2.0
      strict-transport-security:
      - max-age=31536000; includeSubDomains
      x-content-type-options:
      - nosniff
      x-rp-server-mvid:
      - 77ca18bf-d566-43ae-95d3-5716bda387c1
    status:
      code: 202
      message: Accepted
- request:
    body: null
    headers:
      Accept:
      - '*/*'
      Accept-Encoding:
      - gzip, deflate
      CommandName:
      - redis delete
      Connection:
      - keep-alive
      ParameterSetName:
      - -n -g -y
      User-Agent:
      - AZURECLI/2.53.0 azsdk-python-mgmt-redis/14.2.0 Python/3.10.0 (Windows-10-10.0.19045-SP0)
    method: GET
    uri: https://management.azure.com/subscriptions/00000000-0000-0000-0000-000000000000/providers/Microsoft.Cache/locations/East%20US%202/operationresults/57ac6f6d-9164-42b3-abfd-aa33b593b234?api-version=2023-04-01
  response:
    body:
      string: "{\r\n  \"id\": \"/subscriptions/00000000-0000-0000-0000-000000000000/providers/Microsoft.Cache/locations/East
        US 2/operationresults/57ac6f6d-9164-42b3-abfd-aa33b593b234\",\r\n  \"name\":
        \"57ac6f6d-9164-42b3-abfd-aa33b593b234\",\r\n  \"status\": \"InProgress\"\r\n}"
    headers:
      azure-asyncoperation:
      - https://management.azure.com/subscriptions/00000000-0000-0000-0000-000000000000/providers/Microsoft.Cache/locations/East%20US%202/operationresults/57ac6f6d-9164-42b3-abfd-aa33b593b234?api-version=2023-04-01
      cache-control:
      - no-cache
      content-length:
      - '245'
      content-type:
      - application/json; charset=utf-8
      date:
      - Tue, 10 Oct 2023 18:30:39 GMT
      expires:
      - '-1'
      location:
      - https://management.azure.com/subscriptions/00000000-0000-0000-0000-000000000000/providers/Microsoft.Cache/locations/East%20US%202/operationresults/57ac6f6d-9164-42b3-abfd-aa33b593b234?api-version=2023-04-01
      pragma:
      - no-cache
      server:
      - Microsoft-HTTPAPI/2.0
      strict-transport-security:
      - max-age=31536000; includeSubDomains
      x-content-type-options:
      - nosniff
      x-rp-server-mvid:
      - 77ca18bf-d566-43ae-95d3-5716bda387c1
    status:
      code: 202
      message: Accepted
- request:
    body: null
    headers:
      Accept:
      - '*/*'
      Accept-Encoding:
      - gzip, deflate
      CommandName:
      - redis delete
      Connection:
      - keep-alive
      ParameterSetName:
      - -n -g -y
      User-Agent:
      - AZURECLI/2.53.0 azsdk-python-mgmt-redis/14.2.0 Python/3.10.0 (Windows-10-10.0.19045-SP0)
    method: GET
    uri: https://management.azure.com/subscriptions/00000000-0000-0000-0000-000000000000/providers/Microsoft.Cache/locations/East%20US%202/operationresults/57ac6f6d-9164-42b3-abfd-aa33b593b234?api-version=2023-04-01
  response:
    body:
      string: "{\r\n  \"id\": \"/subscriptions/00000000-0000-0000-0000-000000000000/providers/Microsoft.Cache/locations/East
        US 2/operationresults/57ac6f6d-9164-42b3-abfd-aa33b593b234\",\r\n  \"name\":
        \"57ac6f6d-9164-42b3-abfd-aa33b593b234\",\r\n  \"status\": \"InProgress\"\r\n}"
    headers:
      azure-asyncoperation:
      - https://management.azure.com/subscriptions/00000000-0000-0000-0000-000000000000/providers/Microsoft.Cache/locations/East%20US%202/operationresults/57ac6f6d-9164-42b3-abfd-aa33b593b234?api-version=2023-04-01
      cache-control:
      - no-cache
      content-length:
      - '245'
      content-type:
      - application/json; charset=utf-8
      date:
      - Tue, 10 Oct 2023 18:31:09 GMT
      expires:
      - '-1'
      location:
      - https://management.azure.com/subscriptions/00000000-0000-0000-0000-000000000000/providers/Microsoft.Cache/locations/East%20US%202/operationresults/57ac6f6d-9164-42b3-abfd-aa33b593b234?api-version=2023-04-01
      pragma:
      - no-cache
      server:
      - Microsoft-HTTPAPI/2.0
      strict-transport-security:
      - max-age=31536000; includeSubDomains
      x-content-type-options:
      - nosniff
      x-rp-server-mvid:
      - 77ca18bf-d566-43ae-95d3-5716bda387c1
    status:
      code: 202
      message: Accepted
- request:
    body: null
    headers:
      Accept:
      - '*/*'
      Accept-Encoding:
      - gzip, deflate
      CommandName:
      - redis delete
      Connection:
      - keep-alive
      ParameterSetName:
      - -n -g -y
      User-Agent:
      - AZURECLI/2.53.0 azsdk-python-mgmt-redis/14.2.0 Python/3.10.0 (Windows-10-10.0.19045-SP0)
    method: GET
    uri: https://management.azure.com/subscriptions/00000000-0000-0000-0000-000000000000/providers/Microsoft.Cache/locations/East%20US%202/operationresults/57ac6f6d-9164-42b3-abfd-aa33b593b234?api-version=2023-04-01
  response:
    body:
      string: "{\r\n  \"id\": \"/subscriptions/00000000-0000-0000-0000-000000000000/providers/Microsoft.Cache/locations/East
        US 2/operationresults/57ac6f6d-9164-42b3-abfd-aa33b593b234\",\r\n  \"name\":
        \"57ac6f6d-9164-42b3-abfd-aa33b593b234\",\r\n  \"status\": \"InProgress\"\r\n}"
    headers:
      azure-asyncoperation:
      - https://management.azure.com/subscriptions/00000000-0000-0000-0000-000000000000/providers/Microsoft.Cache/locations/East%20US%202/operationresults/57ac6f6d-9164-42b3-abfd-aa33b593b234?api-version=2023-04-01
      cache-control:
      - no-cache
      content-length:
      - '245'
      content-type:
      - application/json; charset=utf-8
      date:
      - Tue, 10 Oct 2023 18:31:39 GMT
      expires:
      - '-1'
      location:
      - https://management.azure.com/subscriptions/00000000-0000-0000-0000-000000000000/providers/Microsoft.Cache/locations/East%20US%202/operationresults/57ac6f6d-9164-42b3-abfd-aa33b593b234?api-version=2023-04-01
      pragma:
      - no-cache
      server:
      - Microsoft-HTTPAPI/2.0
      strict-transport-security:
      - max-age=31536000; includeSubDomains
      x-content-type-options:
      - nosniff
      x-rp-server-mvid:
      - 77ca18bf-d566-43ae-95d3-5716bda387c1
    status:
      code: 202
      message: Accepted
- request:
    body: null
    headers:
      Accept:
      - '*/*'
      Accept-Encoding:
      - gzip, deflate
      CommandName:
      - redis delete
      Connection:
      - keep-alive
      ParameterSetName:
      - -n -g -y
      User-Agent:
      - AZURECLI/2.53.0 azsdk-python-mgmt-redis/14.2.0 Python/3.10.0 (Windows-10-10.0.19045-SP0)
    method: GET
    uri: https://management.azure.com/subscriptions/00000000-0000-0000-0000-000000000000/providers/Microsoft.Cache/locations/East%20US%202/operationresults/57ac6f6d-9164-42b3-abfd-aa33b593b234?api-version=2023-04-01
  response:
    body:
      string: "{\r\n  \"id\": \"/subscriptions/00000000-0000-0000-0000-000000000000/providers/Microsoft.Cache/locations/East
        US 2/operationresults/57ac6f6d-9164-42b3-abfd-aa33b593b234\",\r\n  \"name\":
        \"57ac6f6d-9164-42b3-abfd-aa33b593b234\",\r\n  \"status\": \"InProgress\"\r\n}"
    headers:
      azure-asyncoperation:
      - https://management.azure.com/subscriptions/00000000-0000-0000-0000-000000000000/providers/Microsoft.Cache/locations/East%20US%202/operationresults/57ac6f6d-9164-42b3-abfd-aa33b593b234?api-version=2023-04-01
      cache-control:
      - no-cache
      content-length:
      - '245'
      content-type:
      - application/json; charset=utf-8
      date:
      - Tue, 10 Oct 2023 18:32:10 GMT
      expires:
      - '-1'
      location:
      - https://management.azure.com/subscriptions/00000000-0000-0000-0000-000000000000/providers/Microsoft.Cache/locations/East%20US%202/operationresults/57ac6f6d-9164-42b3-abfd-aa33b593b234?api-version=2023-04-01
      pragma:
      - no-cache
      server:
      - Microsoft-HTTPAPI/2.0
      strict-transport-security:
      - max-age=31536000; includeSubDomains
      x-content-type-options:
      - nosniff
      x-rp-server-mvid:
      - 77ca18bf-d566-43ae-95d3-5716bda387c1
    status:
      code: 202
      message: Accepted
- request:
    body: null
    headers:
      Accept:
      - '*/*'
      Accept-Encoding:
      - gzip, deflate
      CommandName:
      - redis delete
      Connection:
      - keep-alive
      ParameterSetName:
      - -n -g -y
      User-Agent:
      - AZURECLI/2.53.0 azsdk-python-mgmt-redis/14.2.0 Python/3.10.0 (Windows-10-10.0.19045-SP0)
    method: GET
    uri: https://management.azure.com/subscriptions/00000000-0000-0000-0000-000000000000/providers/Microsoft.Cache/locations/East%20US%202/operationresults/57ac6f6d-9164-42b3-abfd-aa33b593b234?api-version=2023-04-01
  response:
    body:
      string: "{\r\n  \"id\": \"/subscriptions/00000000-0000-0000-0000-000000000000/providers/Microsoft.Cache/locations/East
        US 2/operationresults/57ac6f6d-9164-42b3-abfd-aa33b593b234\",\r\n  \"name\":
        \"57ac6f6d-9164-42b3-abfd-aa33b593b234\",\r\n  \"status\": \"InProgress\"\r\n}"
    headers:
      azure-asyncoperation:
      - https://management.azure.com/subscriptions/00000000-0000-0000-0000-000000000000/providers/Microsoft.Cache/locations/East%20US%202/operationresults/57ac6f6d-9164-42b3-abfd-aa33b593b234?api-version=2023-04-01
      cache-control:
      - no-cache
      content-length:
      - '245'
      content-type:
      - application/json; charset=utf-8
      date:
      - Tue, 10 Oct 2023 18:32:40 GMT
      expires:
      - '-1'
      location:
      - https://management.azure.com/subscriptions/00000000-0000-0000-0000-000000000000/providers/Microsoft.Cache/locations/East%20US%202/operationresults/57ac6f6d-9164-42b3-abfd-aa33b593b234?api-version=2023-04-01
      pragma:
      - no-cache
      server:
      - Microsoft-HTTPAPI/2.0
      strict-transport-security:
      - max-age=31536000; includeSubDomains
      x-content-type-options:
      - nosniff
      x-rp-server-mvid:
      - 77ca18bf-d566-43ae-95d3-5716bda387c1
    status:
      code: 202
      message: Accepted
- request:
    body: null
    headers:
      Accept:
      - '*/*'
      Accept-Encoding:
      - gzip, deflate
      CommandName:
      - redis delete
      Connection:
      - keep-alive
      ParameterSetName:
      - -n -g -y
      User-Agent:
      - AZURECLI/2.53.0 azsdk-python-mgmt-redis/14.2.0 Python/3.10.0 (Windows-10-10.0.19045-SP0)
    method: GET
    uri: https://management.azure.com/subscriptions/00000000-0000-0000-0000-000000000000/providers/Microsoft.Cache/locations/East%20US%202/operationresults/57ac6f6d-9164-42b3-abfd-aa33b593b234?api-version=2023-04-01
  response:
    body:
      string: "{\r\n  \"id\": \"/subscriptions/00000000-0000-0000-0000-000000000000/providers/Microsoft.Cache/locations/East
        US 2/operationresults/57ac6f6d-9164-42b3-abfd-aa33b593b234\",\r\n  \"name\":
        \"57ac6f6d-9164-42b3-abfd-aa33b593b234\",\r\n  \"status\": \"Succeeded\"\r\n}"
    headers:
      cache-control:
      - no-cache
      content-length:
      - '244'
      content-type:
      - application/json; charset=utf-8
      date:
      - Tue, 10 Oct 2023 18:33:10 GMT
      expires:
      - '-1'
      pragma:
      - no-cache
      server:
      - Microsoft-HTTPAPI/2.0
      strict-transport-security:
      - max-age=31536000; includeSubDomains
      transfer-encoding:
      - chunked
      vary:
      - Accept-Encoding
      x-content-type-options:
      - nosniff
      x-rp-server-mvid:
      - 77ca18bf-d566-43ae-95d3-5716bda387c1
    status:
      code: 200
      message: OK
- request:
    body: null
    headers:
      Accept:
      - application/json
      Accept-Encoding:
      - gzip, deflate
      CommandName:
      - redis delete
      Connection:
      - keep-alive
      Content-Length:
      - '0'
      ParameterSetName:
      - -n -g -y
      User-Agent:
      - AZURECLI/2.53.0 azsdk-python-mgmt-redis/14.2.0 Python/3.10.0 (Windows-10-10.0.19045-SP0)
    method: DELETE
    uri: https://management.azure.com/subscriptions/00000000-0000-0000-0000-000000000000/resourceGroups/cli_test_redis000001/providers/Microsoft.Cache/redis/cliredis000002sec?api-version=2023-04-01
  response:
    body:
      string: ''
    headers:
      cache-control:
      - no-cache
      content-length:
      - '0'
      date:
      - Tue, 10 Oct 2023 18:33:11 GMT
      expires:
      - '-1'
      location:
      - https://management.azure.com/subscriptions/00000000-0000-0000-0000-000000000000/providers/Microsoft.Cache/locations/East%20US/operationresults/fb4099bb-d419-4a80-a448-c6afdec199da?api-version=2023-04-01
      pragma:
      - no-cache
      server:
      - Microsoft-HTTPAPI/2.0
      strict-transport-security:
      - max-age=31536000; includeSubDomains
      x-content-type-options:
      - nosniff
      x-ms-ratelimit-remaining-subscription-deletes:
      - '14999'
      x-rp-server-mvid:
      - 77ca18bf-d566-43ae-95d3-5716bda387c1
    status:
      code: 202
      message: Accepted
- request:
    body: null
    headers:
      Accept:
      - '*/*'
      Accept-Encoding:
      - gzip, deflate
      CommandName:
      - redis delete
      Connection:
      - keep-alive
      ParameterSetName:
      - -n -g -y
      User-Agent:
      - AZURECLI/2.53.0 azsdk-python-mgmt-redis/14.2.0 Python/3.10.0 (Windows-10-10.0.19045-SP0)
    method: GET
    uri: https://management.azure.com/subscriptions/00000000-0000-0000-0000-000000000000/providers/Microsoft.Cache/locations/East%20US/operationresults/fb4099bb-d419-4a80-a448-c6afdec199da?api-version=2023-04-01
  response:
    body:
      string: "{\r\n  \"id\": \"/subscriptions/00000000-0000-0000-0000-000000000000/providers/Microsoft.Cache/locations/East
        US/operationresults/fb4099bb-d419-4a80-a448-c6afdec199da\",\r\n  \"name\":
        \"fb4099bb-d419-4a80-a448-c6afdec199da\",\r\n  \"status\": \"InProgress\"\r\n}"
    headers:
      azure-asyncoperation:
      - https://management.azure.com/subscriptions/00000000-0000-0000-0000-000000000000/providers/Microsoft.Cache/locations/East%20US/operationresults/fb4099bb-d419-4a80-a448-c6afdec199da?api-version=2023-04-01
      cache-control:
      - no-cache
      content-length:
      - '243'
      content-type:
      - application/json; charset=utf-8
      date:
      - Tue, 10 Oct 2023 18:33:11 GMT
      expires:
      - '-1'
      location:
      - https://management.azure.com/subscriptions/00000000-0000-0000-0000-000000000000/providers/Microsoft.Cache/locations/East%20US/operationresults/fb4099bb-d419-4a80-a448-c6afdec199da?api-version=2023-04-01
      pragma:
      - no-cache
      server:
      - Microsoft-HTTPAPI/2.0
      strict-transport-security:
      - max-age=31536000; includeSubDomains
      x-content-type-options:
      - nosniff
      x-rp-server-mvid:
      - 77ca18bf-d566-43ae-95d3-5716bda387c1
    status:
      code: 202
      message: Accepted
- request:
    body: null
    headers:
      Accept:
      - '*/*'
      Accept-Encoding:
      - gzip, deflate
      CommandName:
      - redis delete
      Connection:
      - keep-alive
      ParameterSetName:
      - -n -g -y
      User-Agent:
      - AZURECLI/2.53.0 azsdk-python-mgmt-redis/14.2.0 Python/3.10.0 (Windows-10-10.0.19045-SP0)
    method: GET
    uri: https://management.azure.com/subscriptions/00000000-0000-0000-0000-000000000000/providers/Microsoft.Cache/locations/East%20US/operationresults/fb4099bb-d419-4a80-a448-c6afdec199da?api-version=2023-04-01
  response:
    body:
      string: "{\r\n  \"id\": \"/subscriptions/00000000-0000-0000-0000-000000000000/providers/Microsoft.Cache/locations/East
        US/operationresults/fb4099bb-d419-4a80-a448-c6afdec199da\",\r\n  \"name\":
        \"fb4099bb-d419-4a80-a448-c6afdec199da\",\r\n  \"status\": \"InProgress\"\r\n}"
    headers:
      azure-asyncoperation:
      - https://management.azure.com/subscriptions/00000000-0000-0000-0000-000000000000/providers/Microsoft.Cache/locations/East%20US/operationresults/fb4099bb-d419-4a80-a448-c6afdec199da?api-version=2023-04-01
      cache-control:
      - no-cache
      content-length:
      - '243'
      content-type:
      - application/json; charset=utf-8
      date:
      - Tue, 10 Oct 2023 18:33:42 GMT
      expires:
      - '-1'
      location:
      - https://management.azure.com/subscriptions/00000000-0000-0000-0000-000000000000/providers/Microsoft.Cache/locations/East%20US/operationresults/fb4099bb-d419-4a80-a448-c6afdec199da?api-version=2023-04-01
      pragma:
      - no-cache
      server:
      - Microsoft-HTTPAPI/2.0
      strict-transport-security:
      - max-age=31536000; includeSubDomains
      x-content-type-options:
      - nosniff
      x-rp-server-mvid:
      - 77ca18bf-d566-43ae-95d3-5716bda387c1
    status:
      code: 202
      message: Accepted
- request:
    body: null
    headers:
      Accept:
      - '*/*'
      Accept-Encoding:
      - gzip, deflate
      CommandName:
      - redis delete
      Connection:
      - keep-alive
      ParameterSetName:
      - -n -g -y
      User-Agent:
      - AZURECLI/2.53.0 azsdk-python-mgmt-redis/14.2.0 Python/3.10.0 (Windows-10-10.0.19045-SP0)
    method: GET
    uri: https://management.azure.com/subscriptions/00000000-0000-0000-0000-000000000000/providers/Microsoft.Cache/locations/East%20US/operationresults/fb4099bb-d419-4a80-a448-c6afdec199da?api-version=2023-04-01
  response:
    body:
      string: "{\r\n  \"id\": \"/subscriptions/00000000-0000-0000-0000-000000000000/providers/Microsoft.Cache/locations/East
        US/operationresults/fb4099bb-d419-4a80-a448-c6afdec199da\",\r\n  \"name\":
        \"fb4099bb-d419-4a80-a448-c6afdec199da\",\r\n  \"status\": \"InProgress\"\r\n}"
    headers:
      azure-asyncoperation:
      - https://management.azure.com/subscriptions/00000000-0000-0000-0000-000000000000/providers/Microsoft.Cache/locations/East%20US/operationresults/fb4099bb-d419-4a80-a448-c6afdec199da?api-version=2023-04-01
      cache-control:
      - no-cache
      content-length:
      - '243'
      content-type:
      - application/json; charset=utf-8
      date:
      - Tue, 10 Oct 2023 18:34:11 GMT
      expires:
      - '-1'
      location:
      - https://management.azure.com/subscriptions/00000000-0000-0000-0000-000000000000/providers/Microsoft.Cache/locations/East%20US/operationresults/fb4099bb-d419-4a80-a448-c6afdec199da?api-version=2023-04-01
      pragma:
      - no-cache
      server:
      - Microsoft-HTTPAPI/2.0
      strict-transport-security:
      - max-age=31536000; includeSubDomains
      x-content-type-options:
      - nosniff
      x-rp-server-mvid:
      - 77ca18bf-d566-43ae-95d3-5716bda387c1
    status:
      code: 202
      message: Accepted
- request:
    body: null
    headers:
      Accept:
      - '*/*'
      Accept-Encoding:
      - gzip, deflate
      CommandName:
      - redis delete
      Connection:
      - keep-alive
      ParameterSetName:
      - -n -g -y
      User-Agent:
      - AZURECLI/2.53.0 azsdk-python-mgmt-redis/14.2.0 Python/3.10.0 (Windows-10-10.0.19045-SP0)
    method: GET
    uri: https://management.azure.com/subscriptions/00000000-0000-0000-0000-000000000000/providers/Microsoft.Cache/locations/East%20US/operationresults/fb4099bb-d419-4a80-a448-c6afdec199da?api-version=2023-04-01
  response:
    body:
      string: "{\r\n  \"id\": \"/subscriptions/00000000-0000-0000-0000-000000000000/providers/Microsoft.Cache/locations/East
        US/operationresults/fb4099bb-d419-4a80-a448-c6afdec199da\",\r\n  \"name\":
        \"fb4099bb-d419-4a80-a448-c6afdec199da\",\r\n  \"status\": \"InProgress\"\r\n}"
    headers:
      azure-asyncoperation:
      - https://management.azure.com/subscriptions/00000000-0000-0000-0000-000000000000/providers/Microsoft.Cache/locations/East%20US/operationresults/fb4099bb-d419-4a80-a448-c6afdec199da?api-version=2023-04-01
      cache-control:
      - no-cache
      content-length:
      - '243'
      content-type:
      - application/json; charset=utf-8
      date:
      - Tue, 10 Oct 2023 18:34:42 GMT
      expires:
      - '-1'
      location:
      - https://management.azure.com/subscriptions/00000000-0000-0000-0000-000000000000/providers/Microsoft.Cache/locations/East%20US/operationresults/fb4099bb-d419-4a80-a448-c6afdec199da?api-version=2023-04-01
      pragma:
      - no-cache
      server:
      - Microsoft-HTTPAPI/2.0
      strict-transport-security:
      - max-age=31536000; includeSubDomains
      x-content-type-options:
      - nosniff
      x-rp-server-mvid:
      - 77ca18bf-d566-43ae-95d3-5716bda387c1
    status:
      code: 202
      message: Accepted
- request:
    body: null
    headers:
      Accept:
      - '*/*'
      Accept-Encoding:
      - gzip, deflate
      CommandName:
      - redis delete
      Connection:
      - keep-alive
      ParameterSetName:
      - -n -g -y
      User-Agent:
      - AZURECLI/2.53.0 azsdk-python-mgmt-redis/14.2.0 Python/3.10.0 (Windows-10-10.0.19045-SP0)
    method: GET
    uri: https://management.azure.com/subscriptions/00000000-0000-0000-0000-000000000000/providers/Microsoft.Cache/locations/East%20US/operationresults/fb4099bb-d419-4a80-a448-c6afdec199da?api-version=2023-04-01
  response:
    body:
      string: "{\r\n  \"id\": \"/subscriptions/00000000-0000-0000-0000-000000000000/providers/Microsoft.Cache/locations/East
        US/operationresults/fb4099bb-d419-4a80-a448-c6afdec199da\",\r\n  \"name\":
        \"fb4099bb-d419-4a80-a448-c6afdec199da\",\r\n  \"status\": \"InProgress\"\r\n}"
    headers:
      azure-asyncoperation:
      - https://management.azure.com/subscriptions/00000000-0000-0000-0000-000000000000/providers/Microsoft.Cache/locations/East%20US/operationresults/fb4099bb-d419-4a80-a448-c6afdec199da?api-version=2023-04-01
      cache-control:
      - no-cache
      content-length:
      - '243'
      content-type:
      - application/json; charset=utf-8
      date:
      - Tue, 10 Oct 2023 18:35:12 GMT
      expires:
      - '-1'
      location:
      - https://management.azure.com/subscriptions/00000000-0000-0000-0000-000000000000/providers/Microsoft.Cache/locations/East%20US/operationresults/fb4099bb-d419-4a80-a448-c6afdec199da?api-version=2023-04-01
      pragma:
      - no-cache
      server:
      - Microsoft-HTTPAPI/2.0
      strict-transport-security:
      - max-age=31536000; includeSubDomains
      x-content-type-options:
      - nosniff
      x-rp-server-mvid:
      - 77ca18bf-d566-43ae-95d3-5716bda387c1
    status:
      code: 202
      message: Accepted
- request:
    body: null
    headers:
      Accept:
      - '*/*'
      Accept-Encoding:
      - gzip, deflate
      CommandName:
      - redis delete
      Connection:
      - keep-alive
      ParameterSetName:
      - -n -g -y
      User-Agent:
      - AZURECLI/2.53.0 azsdk-python-mgmt-redis/14.2.0 Python/3.10.0 (Windows-10-10.0.19045-SP0)
    method: GET
    uri: https://management.azure.com/subscriptions/00000000-0000-0000-0000-000000000000/providers/Microsoft.Cache/locations/East%20US/operationresults/fb4099bb-d419-4a80-a448-c6afdec199da?api-version=2023-04-01
  response:
    body:
      string: "{\r\n  \"id\": \"/subscriptions/00000000-0000-0000-0000-000000000000/providers/Microsoft.Cache/locations/East
        US/operationresults/fb4099bb-d419-4a80-a448-c6afdec199da\",\r\n  \"name\":
        \"fb4099bb-d419-4a80-a448-c6afdec199da\",\r\n  \"status\": \"InProgress\"\r\n}"
    headers:
      azure-asyncoperation:
      - https://management.azure.com/subscriptions/00000000-0000-0000-0000-000000000000/providers/Microsoft.Cache/locations/East%20US/operationresults/fb4099bb-d419-4a80-a448-c6afdec199da?api-version=2023-04-01
      cache-control:
      - no-cache
      content-length:
      - '243'
      content-type:
      - application/json; charset=utf-8
      date:
      - Tue, 10 Oct 2023 18:35:43 GMT
      expires:
      - '-1'
      location:
      - https://management.azure.com/subscriptions/00000000-0000-0000-0000-000000000000/providers/Microsoft.Cache/locations/East%20US/operationresults/fb4099bb-d419-4a80-a448-c6afdec199da?api-version=2023-04-01
      pragma:
      - no-cache
      server:
      - Microsoft-HTTPAPI/2.0
      strict-transport-security:
      - max-age=31536000; includeSubDomains
      x-content-type-options:
      - nosniff
      x-rp-server-mvid:
      - 77ca18bf-d566-43ae-95d3-5716bda387c1
    status:
      code: 202
      message: Accepted
- request:
    body: null
    headers:
      Accept:
      - '*/*'
      Accept-Encoding:
      - gzip, deflate
      CommandName:
      - redis delete
      Connection:
      - keep-alive
      ParameterSetName:
      - -n -g -y
      User-Agent:
      - AZURECLI/2.53.0 azsdk-python-mgmt-redis/14.2.0 Python/3.10.0 (Windows-10-10.0.19045-SP0)
    method: GET
    uri: https://management.azure.com/subscriptions/00000000-0000-0000-0000-000000000000/providers/Microsoft.Cache/locations/East%20US/operationresults/fb4099bb-d419-4a80-a448-c6afdec199da?api-version=2023-04-01
  response:
    body:
      string: "{\r\n  \"id\": \"/subscriptions/00000000-0000-0000-0000-000000000000/providers/Microsoft.Cache/locations/East
        US/operationresults/fb4099bb-d419-4a80-a448-c6afdec199da\",\r\n  \"name\":
        \"fb4099bb-d419-4a80-a448-c6afdec199da\",\r\n  \"status\": \"InProgress\"\r\n}"
    headers:
      azure-asyncoperation:
      - https://management.azure.com/subscriptions/00000000-0000-0000-0000-000000000000/providers/Microsoft.Cache/locations/East%20US/operationresults/fb4099bb-d419-4a80-a448-c6afdec199da?api-version=2023-04-01
      cache-control:
      - no-cache
      content-length:
      - '243'
      content-type:
      - application/json; charset=utf-8
      date:
      - Tue, 10 Oct 2023 18:36:12 GMT
      expires:
      - '-1'
      location:
      - https://management.azure.com/subscriptions/00000000-0000-0000-0000-000000000000/providers/Microsoft.Cache/locations/East%20US/operationresults/fb4099bb-d419-4a80-a448-c6afdec199da?api-version=2023-04-01
      pragma:
      - no-cache
      server:
      - Microsoft-HTTPAPI/2.0
      strict-transport-security:
      - max-age=31536000; includeSubDomains
      x-content-type-options:
      - nosniff
      x-rp-server-mvid:
      - 77ca18bf-d566-43ae-95d3-5716bda387c1
    status:
      code: 202
      message: Accepted
- request:
    body: null
    headers:
      Accept:
      - '*/*'
      Accept-Encoding:
      - gzip, deflate
      CommandName:
      - redis delete
      Connection:
      - keep-alive
      ParameterSetName:
      - -n -g -y
      User-Agent:
      - AZURECLI/2.53.0 azsdk-python-mgmt-redis/14.2.0 Python/3.10.0 (Windows-10-10.0.19045-SP0)
    method: GET
    uri: https://management.azure.com/subscriptions/00000000-0000-0000-0000-000000000000/providers/Microsoft.Cache/locations/East%20US/operationresults/fb4099bb-d419-4a80-a448-c6afdec199da?api-version=2023-04-01
  response:
    body:
      string: "{\r\n  \"id\": \"/subscriptions/00000000-0000-0000-0000-000000000000/providers/Microsoft.Cache/locations/East
        US/operationresults/fb4099bb-d419-4a80-a448-c6afdec199da\",\r\n  \"name\":
        \"fb4099bb-d419-4a80-a448-c6afdec199da\",\r\n  \"status\": \"InProgress\"\r\n}"
    headers:
      azure-asyncoperation:
      - https://management.azure.com/subscriptions/00000000-0000-0000-0000-000000000000/providers/Microsoft.Cache/locations/East%20US/operationresults/fb4099bb-d419-4a80-a448-c6afdec199da?api-version=2023-04-01
      cache-control:
      - no-cache
      content-length:
      - '243'
      content-type:
      - application/json; charset=utf-8
      date:
      - Tue, 10 Oct 2023 18:36:43 GMT
      expires:
      - '-1'
      location:
      - https://management.azure.com/subscriptions/00000000-0000-0000-0000-000000000000/providers/Microsoft.Cache/locations/East%20US/operationresults/fb4099bb-d419-4a80-a448-c6afdec199da?api-version=2023-04-01
      pragma:
      - no-cache
      server:
      - Microsoft-HTTPAPI/2.0
      strict-transport-security:
      - max-age=31536000; includeSubDomains
      x-content-type-options:
      - nosniff
      x-rp-server-mvid:
      - 77ca18bf-d566-43ae-95d3-5716bda387c1
    status:
      code: 202
      message: Accepted
- request:
    body: null
    headers:
      Accept:
      - '*/*'
      Accept-Encoding:
      - gzip, deflate
      CommandName:
      - redis delete
      Connection:
      - keep-alive
      ParameterSetName:
      - -n -g -y
      User-Agent:
      - AZURECLI/2.53.0 azsdk-python-mgmt-redis/14.2.0 Python/3.10.0 (Windows-10-10.0.19045-SP0)
    method: GET
    uri: https://management.azure.com/subscriptions/00000000-0000-0000-0000-000000000000/providers/Microsoft.Cache/locations/East%20US/operationresults/fb4099bb-d419-4a80-a448-c6afdec199da?api-version=2023-04-01
  response:
    body:
      string: "{\r\n  \"id\": \"/subscriptions/00000000-0000-0000-0000-000000000000/providers/Microsoft.Cache/locations/East
        US/operationresults/fb4099bb-d419-4a80-a448-c6afdec199da\",\r\n  \"name\":
        \"fb4099bb-d419-4a80-a448-c6afdec199da\",\r\n  \"status\": \"Succeeded\"\r\n}"
    headers:
      cache-control:
      - no-cache
      content-length:
      - '242'
      content-type:
      - application/json; charset=utf-8
      date:
      - Tue, 10 Oct 2023 18:37:13 GMT
      expires:
      - '-1'
      pragma:
      - no-cache
      server:
      - Microsoft-HTTPAPI/2.0
      strict-transport-security:
      - max-age=31536000; includeSubDomains
      transfer-encoding:
      - chunked
      vary:
      - Accept-Encoding
      x-content-type-options:
      - nosniff
      x-rp-server-mvid:
      - 77ca18bf-d566-43ae-95d3-5716bda387c1
    status:
      code: 200
      message: OK
version: 1
