interactions:
- request:
    body: null
    headers:
      Accept:
      - application/json
      Accept-Encoding:
      - gzip, deflate
      CommandName:
      - account management-group create
      Connection:
      - keep-alive
      Content-Length:
      - '0'
      ParameterSetName:
      - --name
      User-Agent:
      - AZURECLI/2.32.0 azsdk-python-azure-mgmt-resource/20.0.0 Python/3.7.8 (Windows-10-10.0.19041-SP0)
    method: POST
    uri: https://management.azure.com/subscriptions/00000000-0000-0000-0000-000000000000/providers/Microsoft.Management/register?api-version=2018-05-01
  response:
    body:
      string: '{"id":"/subscriptions/00000000-0000-0000-0000-000000000000/providers/Microsoft.Management","namespace":"Microsoft.Management","authorization":{"applicationId":"f2c304cf-8e7e-4c3f-8164-16299ad9d272","roleDefinitionId":"c1cf3708-588a-4647-be7f-f400bbe214cf"},"resourceTypes":[{"resourceType":"resources","locations":[],"apiVersions":["2017-11-01-preview","2017-08-31-preview","2017-06-30-preview","2017-05-31-preview"]},{"resourceType":"managementGroups","locations":[],"apiVersions":["2021-04-01","2020-10-01","2020-05-01","2020-02-01","2019-11-01","2018-03-01-preview","2018-03-01-beta","2018-01-01-preview","2017-11-01-preview","2017-08-31-preview","2017-06-30-preview","2017-05-31-preview"]},{"resourceType":"getEntities","locations":[],"apiVersions":["2021-04-01","2020-10-01","2020-05-01","2020-02-01","2019-11-01","2018-03-01-preview","2018-03-01-beta","2018-01-01-preview"]},{"resourceType":"managementGroups/settings","locations":[],"apiVersions":["2021-04-01","2020-10-01","2020-05-01","2020-02-01","2018-03-01-beta"]},{"resourceType":"checkNameAvailability","locations":[],"apiVersions":["2021-04-01","2020-10-01","2020-05-01","2020-02-01","2019-11-01","2018-03-01-preview","2018-03-01-beta","2018-01-01-preview"]},{"resourceType":"operationResults","locations":[],"apiVersions":["2021-04-01","2020-10-01","2020-05-01","2020-02-01","2019-11-01","2018-03-01-preview","2018-03-01-beta","2018-01-01-preview"]},{"resourceType":"operationResults/asyncOperation","locations":[],"apiVersions":["2021-04-01","2020-10-01","2020-05-01","2020-02-01","2019-11-01","2018-03-01-preview","2018-03-01-beta","2018-01-01-preview","2017-11-01-preview","2017-08-31-preview","2017-06-30-preview","2017-05-31-preview"]},{"resourceType":"operations","locations":[],"apiVersions":["2021-04-01","2020-10-01","2020-05-01","2020-02-01","2019-11-01","2018-03-01-preview","2018-03-01-beta","2018-01-01-preview","2017-11-01-preview","2017-08-31-preview","2017-06-30-preview","2017-05-31-preview"]},{"resourceType":"tenantBackfillStatus","locations":[],"apiVersions":["2021-04-01","2020-10-01","2020-05-01","2020-02-01","2019-11-01","2018-03-01-preview","2018-03-01-beta"]},{"resourceType":"startTenantBackfill","locations":[],"apiVersions":["2021-04-01","2020-10-01","2020-05-01","2020-02-01","2019-11-01","2018-03-01-preview","2018-03-01-beta"]}],"registrationState":"Registered"}'
    headers:
      cache-control:
      - no-cache
      content-length:
      - '2360'
      content-type:
      - application/json; charset=utf-8
      date:
      - Fri, 21 Jan 2022 05:47:11 GMT
      expires:
      - '-1'
      pragma:
      - no-cache
      strict-transport-security:
      - max-age=31536000; includeSubDomains
      transfer-encoding:
      - chunked
      vary:
      - Accept-Encoding
      x-content-type-options:
      - nosniff
      x-ms-ratelimit-remaining-subscription-writes:
      - '1199'
    status:
      code: 200
      message: OK
- request:
    body: null
    headers:
      Accept:
      - application/json
      Accept-Encoding:
      - gzip, deflate
      CommandName:
      - account management-group create
      Connection:
      - keep-alive
      ParameterSetName:
      - --name
      User-Agent:
      - AZURECLI/2.32.0 azsdk-python-azure-mgmt-resource/20.0.0 Python/3.7.8 (Windows-10-10.0.19041-SP0)
    method: GET
    uri: https://management.azure.com/subscriptions/00000000-0000-0000-0000-000000000000/providers/Microsoft.Management?api-version=2018-05-01
  response:
    body:
      string: '{"id":"/subscriptions/00000000-0000-0000-0000-000000000000/providers/Microsoft.Management","namespace":"Microsoft.Management","authorization":{"applicationId":"f2c304cf-8e7e-4c3f-8164-16299ad9d272","roleDefinitionId":"c1cf3708-588a-4647-be7f-f400bbe214cf"},"resourceTypes":[{"resourceType":"resources","locations":[],"apiVersions":["2017-11-01-preview","2017-08-31-preview","2017-06-30-preview","2017-05-31-preview"]},{"resourceType":"managementGroups","locations":[],"apiVersions":["2021-04-01","2020-10-01","2020-05-01","2020-02-01","2019-11-01","2018-03-01-preview","2018-03-01-beta","2018-01-01-preview","2017-11-01-preview","2017-08-31-preview","2017-06-30-preview","2017-05-31-preview"]},{"resourceType":"getEntities","locations":[],"apiVersions":["2021-04-01","2020-10-01","2020-05-01","2020-02-01","2019-11-01","2018-03-01-preview","2018-03-01-beta","2018-01-01-preview"]},{"resourceType":"managementGroups/settings","locations":[],"apiVersions":["2021-04-01","2020-10-01","2020-05-01","2020-02-01","2018-03-01-beta"]},{"resourceType":"checkNameAvailability","locations":[],"apiVersions":["2021-04-01","2020-10-01","2020-05-01","2020-02-01","2019-11-01","2018-03-01-preview","2018-03-01-beta","2018-01-01-preview"]},{"resourceType":"operationResults","locations":[],"apiVersions":["2021-04-01","2020-10-01","2020-05-01","2020-02-01","2019-11-01","2018-03-01-preview","2018-03-01-beta","2018-01-01-preview"]},{"resourceType":"operationResults/asyncOperation","locations":[],"apiVersions":["2021-04-01","2020-10-01","2020-05-01","2020-02-01","2019-11-01","2018-03-01-preview","2018-03-01-beta","2018-01-01-preview","2017-11-01-preview","2017-08-31-preview","2017-06-30-preview","2017-05-31-preview"]},{"resourceType":"operations","locations":[],"apiVersions":["2021-04-01","2020-10-01","2020-05-01","2020-02-01","2019-11-01","2018-03-01-preview","2018-03-01-beta","2018-01-01-preview","2017-11-01-preview","2017-08-31-preview","2017-06-30-preview","2017-05-31-preview"]},{"resourceType":"tenantBackfillStatus","locations":[],"apiVersions":["2021-04-01","2020-10-01","2020-05-01","2020-02-01","2019-11-01","2018-03-01-preview","2018-03-01-beta"]},{"resourceType":"startTenantBackfill","locations":[],"apiVersions":["2021-04-01","2020-10-01","2020-05-01","2020-02-01","2019-11-01","2018-03-01-preview","2018-03-01-beta"]}],"registrationState":"Registered"}'
    headers:
      cache-control:
      - no-cache
      content-length:
      - '2360'
      content-type:
      - application/json; charset=utf-8
      date:
      - Fri, 21 Jan 2022 05:47:22 GMT
      expires:
      - '-1'
      pragma:
      - no-cache
      strict-transport-security:
      - max-age=31536000; includeSubDomains
      vary:
      - Accept-Encoding
      x-content-type-options:
      - nosniff
    status:
      code: 200
      message: OK
- request:
    body: '{"name": "testcligroup", "properties": {"details": {"parent": {}}}}'
    headers:
      Accept:
      - application/json
      Accept-Encoding:
      - gzip, deflate
      Cache-Control:
      - no-cache
      CommandName:
      - account management-group create
      Connection:
      - keep-alive
      Content-Length:
      - '67'
      Content-Type:
      - application/json
      ParameterSetName:
      - --name
      User-Agent:
      - AZURECLI/2.32.0 azsdk-python-mgmt-managementgroups/1.0.0 Python/3.7.8 (Windows-10-10.0.19041-SP0)
    method: PUT
    uri: https://management.azure.com/providers/Microsoft.Management/managementGroups/testcligroup?api-version=2021-04-01
  response:
    body:
      string: '{"id":"/providers/Microsoft.Management/managementGroups/testcligroup","type":"Microsoft.Management/managementGroups","name":"testcligroup","status":"NotStarted"}'
    headers:
      azure-asyncoperation:
      - https://management.azure.com/providers/Microsoft.Management/operationResults/create/asyncOperation/status/managementGroups/testcligroup?api-version=2021-04-01
      cache-control:
      - no-cache
      content-length:
      - '161'
      content-type:
      - application/json; charset=utf-8
      date:
      - Fri, 21 Jan 2022 05:47:23 GMT
      expires:
      - '-1'
      location:
      - https://management.azure.com/providers/Microsoft.Management/operationResults/create/managementGroups/testcligroup?api-version=2021-04-01
      pragma:
      - no-cache
      request-id:
      - 2030ddf0-4a48-453e-9183-57673317f136
      server:
      - Microsoft-HTTPAPI/2.0
      strict-transport-security:
      - max-age=31536000; includeSubDomains
      x-ba-restapi:
      - 1.0.3.2425
      x-content-type-options:
      - nosniff
      x-ms-ratelimit-remaining-managementgroups-requests:
      - '59'
      x-ms-ratelimit-remaining-tenant-writes:
      - '1199'
    status:
      code: 202
      message: Accepted
- request:
    body: null
    headers:
      Accept:
      - '*/*'
      Accept-Encoding:
      - gzip, deflate
      CommandName:
      - account management-group create
      Connection:
      - keep-alive
      ParameterSetName:
      - --name
      User-Agent:
      - AZURECLI/2.32.0 azsdk-python-mgmt-managementgroups/1.0.0 Python/3.7.8 (Windows-10-10.0.19041-SP0)
    method: GET
    uri: https://management.azure.com/providers/Microsoft.Management/operationResults/create/asyncOperation/status/managementGroups/testcligroup?api-version=2021-04-01
  response:
    body:
      string: '{"id":"/providers/Microsoft.Management/operationResults/create/asyncOperation/status/managementGroups/testcligroup","name":"testcligroup","status":"Running"}'
    headers:
      azure-asyncoperation:
      - https://management.azure.com/providers/Microsoft.Management/operationResults/create/asyncOperation/status/managementGroups/testcligroup?api-version=2021-04-01
      cache-control:
      - no-cache
      content-length:
      - '157'
      content-type:
      - application/json; charset=utf-8
      date:
      - Fri, 21 Jan 2022 05:47:33 GMT
      expires:
      - '-1'
      location:
      - https://management.azure.com/providers/Microsoft.Management/operationResults/create/managementGroups/testcligroup?api-version=2021-04-01
      pragma:
      - no-cache
      request-id:
      - 4dc7b010-ffb4-495c-999f-803711939ef5
      server:
      - Microsoft-HTTPAPI/2.0
      strict-transport-security:
      - max-age=31536000; includeSubDomains
      transfer-encoding:
      - chunked
      vary:
      - Accept-Encoding
      x-ba-restapi:
      - 1.0.3.2425
      x-content-type-options:
      - nosniff
    status:
      code: 200
      message: OK
- request:
    body: null
    headers:
      Accept:
      - '*/*'
      Accept-Encoding:
      - gzip, deflate
      CommandName:
      - account management-group create
      Connection:
      - keep-alive
      ParameterSetName:
      - --name
      User-Agent:
      - AZURECLI/2.32.0 azsdk-python-mgmt-managementgroups/1.0.0 Python/3.7.8 (Windows-10-10.0.19041-SP0)
    method: GET
    uri: https://management.azure.com/providers/Microsoft.Management/operationResults/create/asyncOperation/status/managementGroups/testcligroup?api-version=2021-04-01
  response:
    body:
      string: '{"id":"/providers/Microsoft.Management/operationResults/create/asyncOperation/status/managementGroups/testcligroup","name":"testcligroup","status":"Succeeded","properties":{"tenantId":"c7a87cda-9a66-4920-b0f8-869baa04efe0","displayName":"testcligroup","details":{"version":121,"updatedTime":"2022-01-21T05:47:28.601083Z","updatedBy":"27e85fe3-7b1b-4de4-8d55-d58291b5d701"}}}'
    headers:
      cache-control:
      - no-cache
      content-length:
      - '374'
      content-type:
      - application/json; charset=utf-8
      date:
      - Fri, 21 Jan 2022 05:47:43 GMT
      expires:
      - '-1'
      pragma:
      - no-cache
      request-id:
      - bedc9df4-cf60-4529-8bef-d2d1ffed91ca
      server:
      - Microsoft-HTTPAPI/2.0
      strict-transport-security:
      - max-age=31536000; includeSubDomains
      transfer-encoding:
      - chunked
      vary:
      - Accept-Encoding
      x-ba-restapi:
      - 1.0.3.2425
      x-content-type-options:
      - nosniff
    status:
      code: 200
      message: OK
- request:
    body: null
    headers:
      Accept:
      - '*/*'
      Accept-Encoding:
      - gzip, deflate
      CommandName:
      - account management-group create
      Connection:
      - keep-alive
      ParameterSetName:
      - --name
      User-Agent:
      - AZURECLI/2.32.0 azsdk-python-mgmt-managementgroups/1.0.0 Python/3.7.8 (Windows-10-10.0.19041-SP0)
    method: GET
    uri: https://management.azure.com/providers/Microsoft.Management/managementGroups/testcligroup?api-version=2021-04-01
  response:
    body:
      string: '{"id":"/providers/Microsoft.Management/managementGroups/testcligroup","type":"Microsoft.Management/managementGroups","name":"testcligroup","properties":{"tenantId":"c7a87cda-9a66-4920-b0f8-869baa04efe0","displayName":"testcligroup","details":{"version":121,"updatedTime":"2022-01-21T05:47:28.601083Z","updatedBy":"27e85fe3-7b1b-4de4-8d55-d58291b5d701","parent":{"id":"/providers/Microsoft.Management/managementGroups/c7a87cda-9a66-4920-b0f8-869baa04efe0","name":"c7a87cda-9a66-4920-b0f8-869baa04efe0","displayName":"Root
        Management Group"}}}}'
    headers:
      cache-control:
      - no-cache
      content-length:
      - '542'
      content-type:
      - application/json; charset=utf-8
      date:
      - Fri, 21 Jan 2022 05:47:43 GMT
      expires:
      - '-1'
      pragma:
      - no-cache
      request-id:
      - 64862e71-dbe5-4231-aa58-00a5e8d5dda9
      server:
      - Microsoft-HTTPAPI/2.0
      strict-transport-security:
      - max-age=31536000; includeSubDomains
      transfer-encoding:
      - chunked
      vary:
      - Accept-Encoding
      x-ba-restapi:
      - 1.0.3.2425
      x-content-type-options:
      - nosniff
    status:
      code: 200
      message: OK
- request:
    body: null
    headers:
      Accept:
      - application/json
      Accept-Encoding:
      - gzip, deflate
      CommandName:
      - account management-group delete
      Connection:
      - keep-alive
      Content-Length:
      - '0'
      ParameterSetName:
      - --name
      User-Agent:
      - AZURECLI/2.32.0 azsdk-python-azure-mgmt-resource/20.0.0 Python/3.7.8 (Windows-10-10.0.19041-SP0)
    method: POST
    uri: https://management.azure.com/subscriptions/00000000-0000-0000-0000-000000000000/providers/Microsoft.Management/register?api-version=2018-05-01
  response:
    body:
      string: '{"id":"/subscriptions/00000000-0000-0000-0000-000000000000/providers/Microsoft.Management","namespace":"Microsoft.Management","authorization":{"applicationId":"f2c304cf-8e7e-4c3f-8164-16299ad9d272","roleDefinitionId":"c1cf3708-588a-4647-be7f-f400bbe214cf"},"resourceTypes":[{"resourceType":"resources","locations":[],"apiVersions":["2017-11-01-preview","2017-08-31-preview","2017-06-30-preview","2017-05-31-preview"]},{"resourceType":"managementGroups","locations":[],"apiVersions":["2021-04-01","2020-10-01","2020-05-01","2020-02-01","2019-11-01","2018-03-01-preview","2018-03-01-beta","2018-01-01-preview","2017-11-01-preview","2017-08-31-preview","2017-06-30-preview","2017-05-31-preview"]},{"resourceType":"getEntities","locations":[],"apiVersions":["2021-04-01","2020-10-01","2020-05-01","2020-02-01","2019-11-01","2018-03-01-preview","2018-03-01-beta","2018-01-01-preview"]},{"resourceType":"managementGroups/settings","locations":[],"apiVersions":["2021-04-01","2020-10-01","2020-05-01","2020-02-01","2018-03-01-beta"]},{"resourceType":"checkNameAvailability","locations":[],"apiVersions":["2021-04-01","2020-10-01","2020-05-01","2020-02-01","2019-11-01","2018-03-01-preview","2018-03-01-beta","2018-01-01-preview"]},{"resourceType":"operationResults","locations":[],"apiVersions":["2021-04-01","2020-10-01","2020-05-01","2020-02-01","2019-11-01","2018-03-01-preview","2018-03-01-beta","2018-01-01-preview"]},{"resourceType":"operationResults/asyncOperation","locations":[],"apiVersions":["2021-04-01","2020-10-01","2020-05-01","2020-02-01","2019-11-01","2018-03-01-preview","2018-03-01-beta","2018-01-01-preview","2017-11-01-preview","2017-08-31-preview","2017-06-30-preview","2017-05-31-preview"]},{"resourceType":"operations","locations":[],"apiVersions":["2021-04-01","2020-10-01","2020-05-01","2020-02-01","2019-11-01","2018-03-01-preview","2018-03-01-beta","2018-01-01-preview","2017-11-01-preview","2017-08-31-preview","2017-06-30-preview","2017-05-31-preview"]},{"resourceType":"tenantBackfillStatus","locations":[],"apiVersions":["2021-04-01","2020-10-01","2020-05-01","2020-02-01","2019-11-01","2018-03-01-preview","2018-03-01-beta"]},{"resourceType":"startTenantBackfill","locations":[],"apiVersions":["2021-04-01","2020-10-01","2020-05-01","2020-02-01","2019-11-01","2018-03-01-preview","2018-03-01-beta"]}],"registrationState":"Registered"}'
    headers:
      cache-control:
      - no-cache
      content-length:
      - '2360'
      content-type:
      - application/json; charset=utf-8
      date:
      - Fri, 21 Jan 2022 05:47:45 GMT
      expires:
      - '-1'
      pragma:
      - no-cache
      strict-transport-security:
      - max-age=31536000; includeSubDomains
      transfer-encoding:
      - chunked
      vary:
      - Accept-Encoding
      x-content-type-options:
      - nosniff
      x-ms-ratelimit-remaining-subscription-writes:
      - '1199'
    status:
      code: 200
      message: OK
- request:
    body: null
    headers:
      Accept:
      - application/json
      Accept-Encoding:
      - gzip, deflate
      CommandName:
      - account management-group delete
      Connection:
      - keep-alive
      ParameterSetName:
      - --name
      User-Agent:
      - AZURECLI/2.32.0 azsdk-python-azure-mgmt-resource/20.0.0 Python/3.7.8 (Windows-10-10.0.19041-SP0)
    method: GET
    uri: https://management.azure.com/subscriptions/00000000-0000-0000-0000-000000000000/providers/Microsoft.Management?api-version=2018-05-01
  response:
    body:
      string: '{"id":"/subscriptions/00000000-0000-0000-0000-000000000000/providers/Microsoft.Management","namespace":"Microsoft.Management","authorization":{"applicationId":"f2c304cf-8e7e-4c3f-8164-16299ad9d272","roleDefinitionId":"c1cf3708-588a-4647-be7f-f400bbe214cf"},"resourceTypes":[{"resourceType":"resources","locations":[],"apiVersions":["2017-11-01-preview","2017-08-31-preview","2017-06-30-preview","2017-05-31-preview"]},{"resourceType":"managementGroups","locations":[],"apiVersions":["2021-04-01","2020-10-01","2020-05-01","2020-02-01","2019-11-01","2018-03-01-preview","2018-03-01-beta","2018-01-01-preview","2017-11-01-preview","2017-08-31-preview","2017-06-30-preview","2017-05-31-preview"]},{"resourceType":"getEntities","locations":[],"apiVersions":["2021-04-01","2020-10-01","2020-05-01","2020-02-01","2019-11-01","2018-03-01-preview","2018-03-01-beta","2018-01-01-preview"]},{"resourceType":"managementGroups/settings","locations":[],"apiVersions":["2021-04-01","2020-10-01","2020-05-01","2020-02-01","2018-03-01-beta"]},{"resourceType":"checkNameAvailability","locations":[],"apiVersions":["2021-04-01","2020-10-01","2020-05-01","2020-02-01","2019-11-01","2018-03-01-preview","2018-03-01-beta","2018-01-01-preview"]},{"resourceType":"operationResults","locations":[],"apiVersions":["2021-04-01","2020-10-01","2020-05-01","2020-02-01","2019-11-01","2018-03-01-preview","2018-03-01-beta","2018-01-01-preview"]},{"resourceType":"operationResults/asyncOperation","locations":[],"apiVersions":["2021-04-01","2020-10-01","2020-05-01","2020-02-01","2019-11-01","2018-03-01-preview","2018-03-01-beta","2018-01-01-preview","2017-11-01-preview","2017-08-31-preview","2017-06-30-preview","2017-05-31-preview"]},{"resourceType":"operations","locations":[],"apiVersions":["2021-04-01","2020-10-01","2020-05-01","2020-02-01","2019-11-01","2018-03-01-preview","2018-03-01-beta","2018-01-01-preview","2017-11-01-preview","2017-08-31-preview","2017-06-30-preview","2017-05-31-preview"]},{"resourceType":"tenantBackfillStatus","locations":[],"apiVersions":["2021-04-01","2020-10-01","2020-05-01","2020-02-01","2019-11-01","2018-03-01-preview","2018-03-01-beta"]},{"resourceType":"startTenantBackfill","locations":[],"apiVersions":["2021-04-01","2020-10-01","2020-05-01","2020-02-01","2019-11-01","2018-03-01-preview","2018-03-01-beta"]}],"registrationState":"Registered"}'
    headers:
      cache-control:
      - no-cache
      content-length:
      - '2360'
      content-type:
      - application/json; charset=utf-8
      date:
      - Fri, 21 Jan 2022 05:47:55 GMT
      expires:
      - '-1'
      pragma:
      - no-cache
      strict-transport-security:
      - max-age=31536000; includeSubDomains
      vary:
      - Accept-Encoding
      x-content-type-options:
      - nosniff
    status:
      code: 200
      message: OK
- request:
    body: null
    headers:
      Accept:
      - application/json
      Accept-Encoding:
      - gzip, deflate
      Cache-Control:
      - no-cache
      CommandName:
      - account management-group delete
      Connection:
      - keep-alive
      Content-Length:
      - '0'
      ParameterSetName:
      - --name
      User-Agent:
      - AZURECLI/2.32.0 azsdk-python-mgmt-managementgroups/1.0.0 Python/3.7.8 (Windows-10-10.0.19041-SP0)
    method: DELETE
    uri: https://management.azure.com/providers/Microsoft.Management/managementGroups/testcligroup?api-version=2021-04-01
  response:
    body:
      string: '{"id":"/providers/Microsoft.Management/managementGroups/testcligroup","type":"Microsoft.Management/managementGroups","name":"testcligroup","status":"NotStarted"}'
    headers:
      azure-asyncoperation:
      - https://management.azure.com/providers/Microsoft.Management/operationResults/delete/asyncOperation/status/managementGroups/testcligroup?api-version=2021-04-01
      cache-control:
      - no-cache
      content-length:
      - '161'
      content-type:
      - application/json; charset=utf-8
      date:
      - Fri, 21 Jan 2022 05:47:56 GMT
      expires:
      - '-1'
      location:
      - https://management.azure.com/providers/Microsoft.Management/operationResults/delete/managementGroups/testcligroup?api-version=2021-04-01
      pragma:
      - no-cache
      request-id:
      - f6c81e22-85f2-4c92-b82b-015f72eea3eb
      server:
      - Microsoft-HTTPAPI/2.0
      strict-transport-security:
      - max-age=31536000; includeSubDomains
      x-ba-restapi:
      - 1.0.3.2425
      x-content-type-options:
      - nosniff
      x-ms-ratelimit-remaining-managementgroups-requests:
      - '59'
      x-ms-ratelimit-remaining-tenant-deletes:
      - '14999'
    status:
      code: 202
      message: Accepted
- request:
    body: null
    headers:
      Accept:
      - '*/*'
      Accept-Encoding:
      - gzip, deflate
      CommandName:
      - account management-group delete
      Connection:
      - keep-alive
      ParameterSetName:
      - --name
      User-Agent:
      - AZURECLI/2.32.0 azsdk-python-mgmt-managementgroups/1.0.0 Python/3.7.8 (Windows-10-10.0.19041-SP0)
    method: GET
    uri: https://management.azure.com/providers/Microsoft.Management/operationResults/delete/asyncOperation/status/managementGroups/testcligroup?api-version=2021-04-01
  response:
    body:
      string: '{"id":"/providers/Microsoft.Management/operationResults/delete/asyncOperation/status/managementGroups/testcligroup","name":"testcligroup","status":"Succeeded"}'
    headers:
      cache-control:
      - no-cache
      content-length:
      - '159'
      content-type:
      - application/json; charset=utf-8
      date:
      - Fri, 21 Jan 2022 05:48:06 GMT
      expires:
      - '-1'
      pragma:
      - no-cache
      request-id:
      - 6dd8da44-a4c6-4462-b391-71fa3aef0627
      server:
      - Microsoft-HTTPAPI/2.0
      strict-transport-security:
      - max-age=31536000; includeSubDomains
      transfer-encoding:
      - chunked
      vary:
      - Accept-Encoding
      x-ba-restapi:
      - 1.0.3.2425
      x-content-type-options:
      - nosniff
    status:
      code: 200
      message: OK
version: 1
