interactions:
- request:
    body: null
    headers:
      Accept:
      - application/json
      Accept-Encoding:
      - gzip, deflate
      CommandName:
      - account management-group create
      Connection:
      - keep-alive
      Content-Length:
      - '0'
      ParameterSetName:
      - --name --display-name
      User-Agent:
      - AZURECLI/2.32.0 azsdk-python-azure-mgmt-resource/20.0.0 Python/3.7.8 (Windows-10-10.0.19041-SP0)
    method: POST
    uri: https://management.azure.com/subscriptions/00000000-0000-0000-0000-000000000000/providers/Microsoft.Management/register?api-version=2018-05-01
  response:
    body:
      string: '{"id":"/subscriptions/00000000-0000-0000-0000-000000000000/providers/Microsoft.Management","namespace":"Microsoft.Management","authorization":{"applicationId":"f2c304cf-8e7e-4c3f-8164-16299ad9d272","roleDefinitionId":"c1cf3708-588a-4647-be7f-f400bbe214cf"},"resourceTypes":[{"resourceType":"resources","locations":[],"apiVersions":["2017-11-01-preview","2017-08-31-preview","2017-06-30-preview","2017-05-31-preview"]},{"resourceType":"managementGroups","locations":[],"apiVersions":["2021-04-01","2020-10-01","2020-05-01","2020-02-01","2019-11-01","2018-03-01-preview","2018-03-01-beta","2018-01-01-preview","2017-11-01-preview","2017-08-31-preview","2017-06-30-preview","2017-05-31-preview"]},{"resourceType":"getEntities","locations":[],"apiVersions":["2021-04-01","2020-10-01","2020-05-01","2020-02-01","2019-11-01","2018-03-01-preview","2018-03-01-beta","2018-01-01-preview"]},{"resourceType":"managementGroups/settings","locations":[],"apiVersions":["2021-04-01","2020-10-01","2020-05-01","2020-02-01","2018-03-01-beta"]},{"resourceType":"checkNameAvailability","locations":[],"apiVersions":["2021-04-01","2020-10-01","2020-05-01","2020-02-01","2019-11-01","2018-03-01-preview","2018-03-01-beta","2018-01-01-preview"]},{"resourceType":"operationResults","locations":[],"apiVersions":["2021-04-01","2020-10-01","2020-05-01","2020-02-01","2019-11-01","2018-03-01-preview","2018-03-01-beta","2018-01-01-preview"]},{"resourceType":"operationResults/asyncOperation","locations":[],"apiVersions":["2021-04-01","2020-10-01","2020-05-01","2020-02-01","2019-11-01","2018-03-01-preview","2018-03-01-beta","2018-01-01-preview","2017-11-01-preview","2017-08-31-preview","2017-06-30-preview","2017-05-31-preview"]},{"resourceType":"operations","locations":[],"apiVersions":["2021-04-01","2020-10-01","2020-05-01","2020-02-01","2019-11-01","2018-03-01-preview","2018-03-01-beta","2018-01-01-preview","2017-11-01-preview","2017-08-31-preview","2017-06-30-preview","2017-05-31-preview"]},{"resourceType":"tenantBackfillStatus","locations":[],"apiVersions":["2021-04-01","2020-10-01","2020-05-01","2020-02-01","2019-11-01","2018-03-01-preview","2018-03-01-beta"]},{"resourceType":"startTenantBackfill","locations":[],"apiVersions":["2021-04-01","2020-10-01","2020-05-01","2020-02-01","2019-11-01","2018-03-01-preview","2018-03-01-beta"]}],"registrationState":"Registered"}'
    headers:
      cache-control:
      - no-cache
      content-length:
      - '2360'
      content-type:
      - application/json; charset=utf-8
      date:
      - Wed, 09 Feb 2022 01:09:40 GMT
      expires:
      - '-1'
      pragma:
      - no-cache
      strict-transport-security:
      - max-age=31536000; includeSubDomains
      transfer-encoding:
      - chunked
      vary:
      - Accept-Encoding
      x-content-type-options:
      - nosniff
      x-ms-ratelimit-remaining-subscription-writes:
      - '1199'
    status:
      code: 200
      message: OK
- request:
    body: null
    headers:
      Accept:
      - application/json
      Accept-Encoding:
      - gzip, deflate
      CommandName:
      - account management-group create
      Connection:
      - keep-alive
      ParameterSetName:
      - --name --display-name
      User-Agent:
      - AZURECLI/2.32.0 azsdk-python-azure-mgmt-resource/20.0.0 Python/3.7.8 (Windows-10-10.0.19041-SP0)
    method: GET
    uri: https://management.azure.com/subscriptions/00000000-0000-0000-0000-000000000000/providers/Microsoft.Management?api-version=2018-05-01
  response:
    body:
      string: '{"id":"/subscriptions/00000000-0000-0000-0000-000000000000/providers/Microsoft.Management","namespace":"Microsoft.Management","authorization":{"applicationId":"f2c304cf-8e7e-4c3f-8164-16299ad9d272","roleDefinitionId":"c1cf3708-588a-4647-be7f-f400bbe214cf"},"resourceTypes":[{"resourceType":"resources","locations":[],"apiVersions":["2017-11-01-preview","2017-08-31-preview","2017-06-30-preview","2017-05-31-preview"]},{"resourceType":"managementGroups","locations":[],"apiVersions":["2021-04-01","2020-10-01","2020-05-01","2020-02-01","2019-11-01","2018-03-01-preview","2018-03-01-beta","2018-01-01-preview","2017-11-01-preview","2017-08-31-preview","2017-06-30-preview","2017-05-31-preview"]},{"resourceType":"getEntities","locations":[],"apiVersions":["2021-04-01","2020-10-01","2020-05-01","2020-02-01","2019-11-01","2018-03-01-preview","2018-03-01-beta","2018-01-01-preview"]},{"resourceType":"managementGroups/settings","locations":[],"apiVersions":["2021-04-01","2020-10-01","2020-05-01","2020-02-01","2018-03-01-beta"]},{"resourceType":"checkNameAvailability","locations":[],"apiVersions":["2021-04-01","2020-10-01","2020-05-01","2020-02-01","2019-11-01","2018-03-01-preview","2018-03-01-beta","2018-01-01-preview"]},{"resourceType":"operationResults","locations":[],"apiVersions":["2021-04-01","2020-10-01","2020-05-01","2020-02-01","2019-11-01","2018-03-01-preview","2018-03-01-beta","2018-01-01-preview"]},{"resourceType":"operationResults/asyncOperation","locations":[],"apiVersions":["2021-04-01","2020-10-01","2020-05-01","2020-02-01","2019-11-01","2018-03-01-preview","2018-03-01-beta","2018-01-01-preview","2017-11-01-preview","2017-08-31-preview","2017-06-30-preview","2017-05-31-preview"]},{"resourceType":"operations","locations":[],"apiVersions":["2021-04-01","2020-10-01","2020-05-01","2020-02-01","2019-11-01","2018-03-01-preview","2018-03-01-beta","2018-01-01-preview","2017-11-01-preview","2017-08-31-preview","2017-06-30-preview","2017-05-31-preview"]},{"resourceType":"tenantBackfillStatus","locations":[],"apiVersions":["2021-04-01","2020-10-01","2020-05-01","2020-02-01","2019-11-01","2018-03-01-preview","2018-03-01-beta"]},{"resourceType":"startTenantBackfill","locations":[],"apiVersions":["2021-04-01","2020-10-01","2020-05-01","2020-02-01","2019-11-01","2018-03-01-preview","2018-03-01-beta"]}],"registrationState":"Registered"}'
    headers:
      cache-control:
      - no-cache
      content-length:
      - '2360'
      content-type:
      - application/json; charset=utf-8
      date:
      - Wed, 09 Feb 2022 01:09:50 GMT
      expires:
      - '-1'
      pragma:
      - no-cache
      strict-transport-security:
      - max-age=31536000; includeSubDomains
      vary:
      - Accept-Encoding
      x-content-type-options:
      - nosniff
    status:
      code: 200
      message: OK
- request:
    body: '{"name": "testcligroup", "properties": {"displayName": "TestCliDisplayName",
      "details": {"parent": {}}}}'
    headers:
      Accept:
      - application/json
      Accept-Encoding:
      - gzip, deflate
      Cache-Control:
      - no-cache
      CommandName:
      - account management-group create
      Connection:
      - keep-alive
      Content-Length:
      - '104'
      Content-Type:
      - application/json
      ParameterSetName:
      - --name --display-name
      User-Agent:
      - AZURECLI/2.32.0 azsdk-python-mgmt-managementgroups/1.0.0 Python/3.7.8 (Windows-10-10.0.19041-SP0)
    method: PUT
    uri: https://management.azure.com/providers/Microsoft.Management/managementGroups/testcligroup?api-version=2021-04-01
  response:
    body:
      string: '{"id":"/providers/Microsoft.Management/managementGroups/testcligroup","type":"Microsoft.Management/managementGroups","name":"testcligroup","status":"NotStarted"}'
    headers:
      azure-asyncoperation:
      - https://management.azure.com/providers/Microsoft.Management/operationResults/create/asyncOperation/status/managementGroups/testcligroup?api-version=2021-04-01
      cache-control:
      - no-cache
      content-length:
      - '161'
      content-type:
      - application/json; charset=utf-8
      date:
      - Wed, 09 Feb 2022 01:09:51 GMT
      expires:
      - '-1'
      location:
      - https://management.azure.com/providers/Microsoft.Management/operationResults/create/managementGroups/testcligroup?api-version=2021-04-01
      pragma:
      - no-cache
      request-id:
      - dedd904e-ebdc-4ee9-86a4-1aa1185d08ea
      server:
      - Microsoft-HTTPAPI/2.0
      strict-transport-security:
      - max-age=31536000; includeSubDomains
      x-ba-restapi:
      - 1.0.3.2454
      x-content-type-options:
      - nosniff
      x-ms-ratelimit-remaining-managementgroups-requests:
      - '59'
      x-ms-ratelimit-remaining-tenant-writes:
      - '1199'
    status:
      code: 202
      message: Accepted
- request:
    body: null
    headers:
      Accept:
      - '*/*'
      Accept-Encoding:
      - gzip, deflate
      CommandName:
      - account management-group create
      Connection:
      - keep-alive
      ParameterSetName:
      - --name --display-name
      User-Agent:
      - AZURECLI/2.32.0 azsdk-python-mgmt-managementgroups/1.0.0 Python/3.7.8 (Windows-10-10.0.19041-SP0)
    method: GET
    uri: https://management.azure.com/providers/Microsoft.Management/operationResults/create/asyncOperation/status/managementGroups/testcligroup?api-version=2021-04-01
  response:
    body:
      string: '{"id":"/providers/Microsoft.Management/operationResults/create/asyncOperation/status/managementGroups/testcligroup","name":"testcligroup","status":"Running"}'
    headers:
      azure-asyncoperation:
      - https://management.azure.com/providers/Microsoft.Management/operationResults/create/asyncOperation/status/managementGroups/testcligroup?api-version=2021-04-01
      cache-control:
      - no-cache
      content-length:
      - '157'
      content-type:
      - application/json; charset=utf-8
      date:
      - Wed, 09 Feb 2022 01:10:01 GMT
      expires:
      - '-1'
      location:
      - https://management.azure.com/providers/Microsoft.Management/operationResults/create/managementGroups/testcligroup?api-version=2021-04-01
      pragma:
      - no-cache
      request-id:
      - f121b47b-c48b-4441-bab4-4167be7d02c2
      server:
      - Microsoft-HTTPAPI/2.0
      strict-transport-security:
      - max-age=31536000; includeSubDomains
      transfer-encoding:
      - chunked
      vary:
      - Accept-Encoding
      x-ba-restapi:
      - 1.0.3.2454
      x-content-type-options:
      - nosniff
    status:
      code: 200
      message: OK
- request:
    body: null
    headers:
      Accept:
      - '*/*'
      Accept-Encoding:
      - gzip, deflate
      CommandName:
      - account management-group create
      Connection:
      - keep-alive
      ParameterSetName:
      - --name --display-name
      User-Agent:
      - AZURECLI/2.32.0 azsdk-python-mgmt-managementgroups/1.0.0 Python/3.7.8 (Windows-10-10.0.19041-SP0)
    method: GET
    uri: https://management.azure.com/providers/Microsoft.Management/operationResults/create/asyncOperation/status/managementGroups/testcligroup?api-version=2021-04-01
  response:
    body:
      string: '{"id":"/providers/Microsoft.Management/operationResults/create/asyncOperation/status/managementGroups/testcligroup","name":"testcligroup","status":"Succeeded","properties":{"tenantId":"c7a87cda-9a66-4920-b0f8-869baa04efe0","displayName":"TestCliDisplayName","details":{"version":170,"updatedTime":"2022-02-09T01:09:56.9833674Z","updatedBy":"27e85fe3-7b1b-4de4-8d55-d58291b5d701"}}}'
    headers:
      cache-control:
      - no-cache
      content-length:
      - '381'
      content-type:
      - application/json; charset=utf-8
      date:
      - Wed, 09 Feb 2022 01:10:11 GMT
      expires:
      - '-1'
      pragma:
      - no-cache
      request-id:
      - 3f55f108-299e-4401-b89f-3640f1e911a7
      server:
      - Microsoft-HTTPAPI/2.0
      strict-transport-security:
      - max-age=31536000; includeSubDomains
      transfer-encoding:
      - chunked
      vary:
      - Accept-Encoding
      x-ba-restapi:
      - 1.0.3.2454
      x-content-type-options:
      - nosniff
    status:
      code: 200
      message: OK
- request:
    body: null
    headers:
      Accept:
      - '*/*'
      Accept-Encoding:
      - gzip, deflate
      CommandName:
      - account management-group create
      Connection:
      - keep-alive
      ParameterSetName:
      - --name --display-name
      User-Agent:
      - AZURECLI/2.32.0 azsdk-python-mgmt-managementgroups/1.0.0 Python/3.7.8 (Windows-10-10.0.19041-SP0)
    method: GET
    uri: https://management.azure.com/providers/Microsoft.Management/managementGroups/testcligroup?api-version=2021-04-01
  response:
    body:
      string: '{"id":"/providers/Microsoft.Management/managementGroups/testcligroup","type":"Microsoft.Management/managementGroups","name":"testcligroup","properties":{"tenantId":"c7a87cda-9a66-4920-b0f8-869baa04efe0","displayName":"TestCliDisplayName","details":{"version":170,"updatedTime":"2022-02-09T01:09:56.9833674Z","updatedBy":"27e85fe3-7b1b-4de4-8d55-d58291b5d701","parent":{"id":"/providers/Microsoft.Management/managementGroups/c7a87cda-9a66-4920-b0f8-869baa04efe0","name":"c7a87cda-9a66-4920-b0f8-869baa04efe0","displayName":"Root
        Management Group"}}}}'
    headers:
      cache-control:
      - no-cache
      content-length:
      - '549'
      content-type:
      - application/json; charset=utf-8
      date:
      - Wed, 09 Feb 2022 01:10:12 GMT
      expires:
      - '-1'
      pragma:
      - no-cache
      request-id:
      - 574bee45-45e5-4a8a-b11e-c26293fb9e37
      server:
      - Microsoft-HTTPAPI/2.0
      strict-transport-security:
      - max-age=31536000; includeSubDomains
      transfer-encoding:
      - chunked
      vary:
      - Accept-Encoding
      x-ba-restapi:
      - 1.0.3.2454
      x-content-type-options:
      - nosniff
    status:
      code: 200
      message: OK
- request:
    body: null
    headers:
      Accept:
      - application/json
      Accept-Encoding:
      - gzip, deflate
      CommandName:
      - account management-group delete
      Connection:
      - keep-alive
      Content-Length:
      - '0'
      ParameterSetName:
      - --name
      User-Agent:
      - AZURECLI/2.32.0 azsdk-python-azure-mgmt-resource/20.0.0 Python/3.7.8 (Windows-10-10.0.19041-SP0)
    method: POST
    uri: https://management.azure.com/subscriptions/00000000-0000-0000-0000-000000000000/providers/Microsoft.Management/register?api-version=2018-05-01
  response:
    body:
      string: '{"id":"/subscriptions/00000000-0000-0000-0000-000000000000/providers/Microsoft.Management","namespace":"Microsoft.Management","authorization":{"applicationId":"f2c304cf-8e7e-4c3f-8164-16299ad9d272","roleDefinitionId":"c1cf3708-588a-4647-be7f-f400bbe214cf"},"resourceTypes":[{"resourceType":"resources","locations":[],"apiVersions":["2017-11-01-preview","2017-08-31-preview","2017-06-30-preview","2017-05-31-preview"]},{"resourceType":"managementGroups","locations":[],"apiVersions":["2021-04-01","2020-10-01","2020-05-01","2020-02-01","2019-11-01","2018-03-01-preview","2018-03-01-beta","2018-01-01-preview","2017-11-01-preview","2017-08-31-preview","2017-06-30-preview","2017-05-31-preview"]},{"resourceType":"getEntities","locations":[],"apiVersions":["2021-04-01","2020-10-01","2020-05-01","2020-02-01","2019-11-01","2018-03-01-preview","2018-03-01-beta","2018-01-01-preview"]},{"resourceType":"managementGroups/settings","locations":[],"apiVersions":["2021-04-01","2020-10-01","2020-05-01","2020-02-01","2018-03-01-beta"]},{"resourceType":"checkNameAvailability","locations":[],"apiVersions":["2021-04-01","2020-10-01","2020-05-01","2020-02-01","2019-11-01","2018-03-01-preview","2018-03-01-beta","2018-01-01-preview"]},{"resourceType":"operationResults","locations":[],"apiVersions":["2021-04-01","2020-10-01","2020-05-01","2020-02-01","2019-11-01","2018-03-01-preview","2018-03-01-beta","2018-01-01-preview"]},{"resourceType":"operationResults/asyncOperation","locations":[],"apiVersions":["2021-04-01","2020-10-01","2020-05-01","2020-02-01","2019-11-01","2018-03-01-preview","2018-03-01-beta","2018-01-01-preview","2017-11-01-preview","2017-08-31-preview","2017-06-30-preview","2017-05-31-preview"]},{"resourceType":"operations","locations":[],"apiVersions":["2021-04-01","2020-10-01","2020-05-01","2020-02-01","2019-11-01","2018-03-01-preview","2018-03-01-beta","2018-01-01-preview","2017-11-01-preview","2017-08-31-preview","2017-06-30-preview","2017-05-31-preview"]},{"resourceType":"tenantBackfillStatus","locations":[],"apiVersions":["2021-04-01","2020-10-01","2020-05-01","2020-02-01","2019-11-01","2018-03-01-preview","2018-03-01-beta"]},{"resourceType":"startTenantBackfill","locations":[],"apiVersions":["2021-04-01","2020-10-01","2020-05-01","2020-02-01","2019-11-01","2018-03-01-preview","2018-03-01-beta"]}],"registrationState":"Registered"}'
    headers:
      cache-control:
      - no-cache
      content-length:
      - '2360'
      content-type:
      - application/json; charset=utf-8
      date:
      - Wed, 09 Feb 2022 01:10:13 GMT
      expires:
      - '-1'
      pragma:
      - no-cache
      strict-transport-security:
      - max-age=31536000; includeSubDomains
      transfer-encoding:
      - chunked
      vary:
      - Accept-Encoding
      x-content-type-options:
      - nosniff
      x-ms-ratelimit-remaining-subscription-writes:
      - '1199'
    status:
      code: 200
      message: OK
- request:
    body: null
    headers:
      Accept:
      - application/json
      Accept-Encoding:
      - gzip, deflate
      CommandName:
      - account management-group delete
      Connection:
      - keep-alive
      ParameterSetName:
      - --name
      User-Agent:
      - AZURECLI/2.32.0 azsdk-python-azure-mgmt-resource/20.0.0 Python/3.7.8 (Windows-10-10.0.19041-SP0)
    method: GET
    uri: https://management.azure.com/subscriptions/00000000-0000-0000-0000-000000000000/providers/Microsoft.Management?api-version=2018-05-01
  response:
    body:
      string: '{"id":"/subscriptions/00000000-0000-0000-0000-000000000000/providers/Microsoft.Management","namespace":"Microsoft.Management","authorization":{"applicationId":"f2c304cf-8e7e-4c3f-8164-16299ad9d272","roleDefinitionId":"c1cf3708-588a-4647-be7f-f400bbe214cf"},"resourceTypes":[{"resourceType":"resources","locations":[],"apiVersions":["2017-11-01-preview","2017-08-31-preview","2017-06-30-preview","2017-05-31-preview"]},{"resourceType":"managementGroups","locations":[],"apiVersions":["2021-04-01","2020-10-01","2020-05-01","2020-02-01","2019-11-01","2018-03-01-preview","2018-03-01-beta","2018-01-01-preview","2017-11-01-preview","2017-08-31-preview","2017-06-30-preview","2017-05-31-preview"]},{"resourceType":"getEntities","locations":[],"apiVersions":["2021-04-01","2020-10-01","2020-05-01","2020-02-01","2019-11-01","2018-03-01-preview","2018-03-01-beta","2018-01-01-preview"]},{"resourceType":"managementGroups/settings","locations":[],"apiVersions":["2021-04-01","2020-10-01","2020-05-01","2020-02-01","2018-03-01-beta"]},{"resourceType":"checkNameAvailability","locations":[],"apiVersions":["2021-04-01","2020-10-01","2020-05-01","2020-02-01","2019-11-01","2018-03-01-preview","2018-03-01-beta","2018-01-01-preview"]},{"resourceType":"operationResults","locations":[],"apiVersions":["2021-04-01","2020-10-01","2020-05-01","2020-02-01","2019-11-01","2018-03-01-preview","2018-03-01-beta","2018-01-01-preview"]},{"resourceType":"operationResults/asyncOperation","locations":[],"apiVersions":["2021-04-01","2020-10-01","2020-05-01","2020-02-01","2019-11-01","2018-03-01-preview","2018-03-01-beta","2018-01-01-preview","2017-11-01-preview","2017-08-31-preview","2017-06-30-preview","2017-05-31-preview"]},{"resourceType":"operations","locations":[],"apiVersions":["2021-04-01","2020-10-01","2020-05-01","2020-02-01","2019-11-01","2018-03-01-preview","2018-03-01-beta","2018-01-01-preview","2017-11-01-preview","2017-08-31-preview","2017-06-30-preview","2017-05-31-preview"]},{"resourceType":"tenantBackfillStatus","locations":[],"apiVersions":["2021-04-01","2020-10-01","2020-05-01","2020-02-01","2019-11-01","2018-03-01-preview","2018-03-01-beta"]},{"resourceType":"startTenantBackfill","locations":[],"apiVersions":["2021-04-01","2020-10-01","2020-05-01","2020-02-01","2019-11-01","2018-03-01-preview","2018-03-01-beta"]}],"registrationState":"Registered"}'
    headers:
      cache-control:
      - no-cache
      content-length:
      - '2360'
      content-type:
      - application/json; charset=utf-8
      date:
      - Wed, 09 Feb 2022 01:10:23 GMT
      expires:
      - '-1'
      pragma:
      - no-cache
      strict-transport-security:
      - max-age=31536000; includeSubDomains
      vary:
      - Accept-Encoding
      x-content-type-options:
      - nosniff
    status:
      code: 200
      message: OK
- request:
    body: null
    headers:
      Accept:
      - application/json
      Accept-Encoding:
      - gzip, deflate
      Cache-Control:
      - no-cache
      CommandName:
      - account management-group delete
      Connection:
      - keep-alive
      Content-Length:
      - '0'
      ParameterSetName:
      - --name
      User-Agent:
      - AZURECLI/2.32.0 azsdk-python-mgmt-managementgroups/1.0.0 Python/3.7.8 (Windows-10-10.0.19041-SP0)
    method: DELETE
    uri: https://management.azure.com/providers/Microsoft.Management/managementGroups/testcligroup?api-version=2021-04-01
  response:
    body:
      string: '{"id":"/providers/Microsoft.Management/managementGroups/testcligroup","type":"Microsoft.Management/managementGroups","name":"testcligroup","status":"NotStarted"}'
    headers:
      azure-asyncoperation:
      - https://management.azure.com/providers/Microsoft.Management/operationResults/delete/asyncOperation/status/managementGroups/testcligroup?api-version=2021-04-01
      cache-control:
      - no-cache
      content-length:
      - '161'
      content-type:
      - application/json; charset=utf-8
      date:
      - Wed, 09 Feb 2022 01:10:24 GMT
      expires:
      - '-1'
      location:
      - https://management.azure.com/providers/Microsoft.Management/operationResults/delete/managementGroups/testcligroup?api-version=2021-04-01
      pragma:
      - no-cache
      request-id:
      - 6a4ea97c-0c36-4793-963b-62c4c0bf643c
      server:
      - Microsoft-HTTPAPI/2.0
      strict-transport-security:
      - max-age=31536000; includeSubDomains
      x-ba-restapi:
      - 1.0.3.2425
      x-content-type-options:
      - nosniff
      x-ms-ratelimit-remaining-managementgroups-requests:
      - '59'
      x-ms-ratelimit-remaining-tenant-deletes:
      - '14999'
    status:
      code: 202
      message: Accepted
- request:
    body: null
    headers:
      Accept:
      - '*/*'
      Accept-Encoding:
      - gzip, deflate
      CommandName:
      - account management-group delete
      Connection:
      - keep-alive
      ParameterSetName:
      - --name
      User-Agent:
      - AZURECLI/2.32.0 azsdk-python-mgmt-managementgroups/1.0.0 Python/3.7.8 (Windows-10-10.0.19041-SP0)
    method: GET
    uri: https://management.azure.com/providers/Microsoft.Management/operationResults/delete/asyncOperation/status/managementGroups/testcligroup?api-version=2021-04-01
  response:
    body:
      string: '{"id":"/providers/Microsoft.Management/operationResults/delete/asyncOperation/status/managementGroups/testcligroup","name":"testcligroup","status":"Succeeded"}'
    headers:
      cache-control:
      - no-cache
      content-length:
      - '159'
      content-type:
      - application/json; charset=utf-8
      date:
      - Wed, 09 Feb 2022 01:10:34 GMT
      expires:
      - '-1'
      pragma:
      - no-cache
      request-id:
      - 67dd292c-8132-4d3a-8e6a-31515122a9ef
      server:
      - Microsoft-HTTPAPI/2.0
      strict-transport-security:
      - max-age=31536000; includeSubDomains
      transfer-encoding:
      - chunked
      vary:
      - Accept-Encoding
      x-ba-restapi:
      - 1.0.3.2425
      x-content-type-options:
      - nosniff
    status:
      code: 200
      message: OK
version: 1
