interactions:
- request:
    body: null
    headers:
      Accept:
      - application/json
      Accept-Encoding:
      - gzip, deflate
      CommandName:
      - account management-group create
      Connection:
      - keep-alive
      Content-Length:
      - '0'
      ParameterSetName:
      - --name
      User-Agent:
      - AZURECLI/2.32.0 azsdk-python-azure-mgmt-resource/20.0.0 Python/3.7.8 (Windows-10-10.0.19041-SP0)
    method: POST
    uri: https://management.azure.com/subscriptions/00000000-0000-0000-0000-000000000000/providers/Microsoft.Management/register?api-version=2018-05-01
  response:
    body:
      string: '{"id":"/subscriptions/00000000-0000-0000-0000-000000000000/providers/Microsoft.Management","namespace":"Microsoft.Management","authorization":{"applicationId":"f2c304cf-8e7e-4c3f-8164-16299ad9d272","roleDefinitionId":"c1cf3708-588a-4647-be7f-f400bbe214cf"},"resourceTypes":[{"resourceType":"resources","locations":[],"apiVersions":["2017-11-01-preview","2017-08-31-preview","2017-06-30-preview","2017-05-31-preview"]},{"resourceType":"managementGroups","locations":[],"apiVersions":["2021-04-01","2020-10-01","2020-05-01","2020-02-01","2019-11-01","2018-03-01-preview","2018-03-01-beta","2018-01-01-preview","2017-11-01-preview","2017-08-31-preview","2017-06-30-preview","2017-05-31-preview"]},{"resourceType":"getEntities","locations":[],"apiVersions":["2021-04-01","2020-10-01","2020-05-01","2020-02-01","2019-11-01","2018-03-01-preview","2018-03-01-beta","2018-01-01-preview"]},{"resourceType":"managementGroups/settings","locations":[],"apiVersions":["2021-04-01","2020-10-01","2020-05-01","2020-02-01","2018-03-01-beta"]},{"resourceType":"checkNameAvailability","locations":[],"apiVersions":["2021-04-01","2020-10-01","2020-05-01","2020-02-01","2019-11-01","2018-03-01-preview","2018-03-01-beta","2018-01-01-preview"]},{"resourceType":"operationResults","locations":[],"apiVersions":["2021-04-01","2020-10-01","2020-05-01","2020-02-01","2019-11-01","2018-03-01-preview","2018-03-01-beta","2018-01-01-preview"]},{"resourceType":"operationResults/asyncOperation","locations":[],"apiVersions":["2021-04-01","2020-10-01","2020-05-01","2020-02-01","2019-11-01","2018-03-01-preview","2018-03-01-beta","2018-01-01-preview","2017-11-01-preview","2017-08-31-preview","2017-06-30-preview","2017-05-31-preview"]},{"resourceType":"operations","locations":[],"apiVersions":["2021-04-01","2020-10-01","2020-05-01","2020-02-01","2019-11-01","2018-03-01-preview","2018-03-01-beta","2018-01-01-preview","2017-11-01-preview","2017-08-31-preview","2017-06-30-preview","2017-05-31-preview"]},{"resourceType":"tenantBackfillStatus","locations":[],"apiVersions":["2021-04-01","2020-10-01","2020-05-01","2020-02-01","2019-11-01","2018-03-01-preview","2018-03-01-beta"]},{"resourceType":"startTenantBackfill","locations":[],"apiVersions":["2021-04-01","2020-10-01","2020-05-01","2020-02-01","2019-11-01","2018-03-01-preview","2018-03-01-beta"]}],"registrationState":"Registered"}'
    headers:
      cache-control:
      - no-cache
      content-length:
      - '2360'
      content-type:
      - application/json; charset=utf-8
      date:
      - Wed, 09 Feb 2022 01:25:45 GMT
      expires:
      - '-1'
      pragma:
      - no-cache
      strict-transport-security:
      - max-age=31536000; includeSubDomains
      transfer-encoding:
      - chunked
      vary:
      - Accept-Encoding
      x-content-type-options:
      - nosniff
      x-ms-ratelimit-remaining-subscription-writes:
      - '1199'
    status:
      code: 200
      message: OK
- request:
    body: null
    headers:
      Accept:
      - application/json
      Accept-Encoding:
      - gzip, deflate
      CommandName:
      - account management-group create
      Connection:
      - keep-alive
      ParameterSetName:
      - --name
      User-Agent:
      - AZURECLI/2.32.0 azsdk-python-azure-mgmt-resource/20.0.0 Python/3.7.8 (Windows-10-10.0.19041-SP0)
    method: GET
    uri: https://management.azure.com/subscriptions/00000000-0000-0000-0000-000000000000/providers/Microsoft.Management?api-version=2018-05-01
  response:
    body:
      string: '{"id":"/subscriptions/00000000-0000-0000-0000-000000000000/providers/Microsoft.Management","namespace":"Microsoft.Management","authorization":{"applicationId":"f2c304cf-8e7e-4c3f-8164-16299ad9d272","roleDefinitionId":"c1cf3708-588a-4647-be7f-f400bbe214cf"},"resourceTypes":[{"resourceType":"resources","locations":[],"apiVersions":["2017-11-01-preview","2017-08-31-preview","2017-06-30-preview","2017-05-31-preview"]},{"resourceType":"managementGroups","locations":[],"apiVersions":["2021-04-01","2020-10-01","2020-05-01","2020-02-01","2019-11-01","2018-03-01-preview","2018-03-01-beta","2018-01-01-preview","2017-11-01-preview","2017-08-31-preview","2017-06-30-preview","2017-05-31-preview"]},{"resourceType":"getEntities","locations":[],"apiVersions":["2021-04-01","2020-10-01","2020-05-01","2020-02-01","2019-11-01","2018-03-01-preview","2018-03-01-beta","2018-01-01-preview"]},{"resourceType":"managementGroups/settings","locations":[],"apiVersions":["2021-04-01","2020-10-01","2020-05-01","2020-02-01","2018-03-01-beta"]},{"resourceType":"checkNameAvailability","locations":[],"apiVersions":["2021-04-01","2020-10-01","2020-05-01","2020-02-01","2019-11-01","2018-03-01-preview","2018-03-01-beta","2018-01-01-preview"]},{"resourceType":"operationResults","locations":[],"apiVersions":["2021-04-01","2020-10-01","2020-05-01","2020-02-01","2019-11-01","2018-03-01-preview","2018-03-01-beta","2018-01-01-preview"]},{"resourceType":"operationResults/asyncOperation","locations":[],"apiVersions":["2021-04-01","2020-10-01","2020-05-01","2020-02-01","2019-11-01","2018-03-01-preview","2018-03-01-beta","2018-01-01-preview","2017-11-01-preview","2017-08-31-preview","2017-06-30-preview","2017-05-31-preview"]},{"resourceType":"operations","locations":[],"apiVersions":["2021-04-01","2020-10-01","2020-05-01","2020-02-01","2019-11-01","2018-03-01-preview","2018-03-01-beta","2018-01-01-preview","2017-11-01-preview","2017-08-31-preview","2017-06-30-preview","2017-05-31-preview"]},{"resourceType":"tenantBackfillStatus","locations":[],"apiVersions":["2021-04-01","2020-10-01","2020-05-01","2020-02-01","2019-11-01","2018-03-01-preview","2018-03-01-beta"]},{"resourceType":"startTenantBackfill","locations":[],"apiVersions":["2021-04-01","2020-10-01","2020-05-01","2020-02-01","2019-11-01","2018-03-01-preview","2018-03-01-beta"]}],"registrationState":"Registered"}'
    headers:
      cache-control:
      - no-cache
      content-length:
      - '2360'
      content-type:
      - application/json; charset=utf-8
      date:
      - Wed, 09 Feb 2022 01:25:56 GMT
      expires:
      - '-1'
      pragma:
      - no-cache
      strict-transport-security:
      - max-age=31536000; includeSubDomains
      vary:
      - Accept-Encoding
      x-content-type-options:
      - nosniff
    status:
      code: 200
      message: OK
- request:
    body: '{"name": "testcligroup", "properties": {"details": {"parent": {}}}}'
    headers:
      Accept:
      - application/json
      Accept-Encoding:
      - gzip, deflate
      Cache-Control:
      - no-cache
      CommandName:
      - account management-group create
      Connection:
      - keep-alive
      Content-Length:
      - '67'
      Content-Type:
      - application/json
      ParameterSetName:
      - --name
      User-Agent:
      - AZURECLI/2.32.0 azsdk-python-mgmt-managementgroups/1.0.0 Python/3.7.8 (Windows-10-10.0.19041-SP0)
    method: PUT
    uri: https://management.azure.com/providers/Microsoft.Management/managementGroups/testcligroup?api-version=2021-04-01
  response:
    body:
      string: '{"id":"/providers/Microsoft.Management/managementGroups/testcligroup","type":"Microsoft.Management/managementGroups","name":"testcligroup","status":"NotStarted"}'
    headers:
      azure-asyncoperation:
      - https://management.azure.com/providers/Microsoft.Management/operationResults/create/asyncOperation/status/managementGroups/testcligroup?api-version=2021-04-01
      cache-control:
      - no-cache
      content-length:
      - '161'
      content-type:
      - application/json; charset=utf-8
      date:
      - Wed, 09 Feb 2022 01:25:56 GMT
      expires:
      - '-1'
      location:
      - https://management.azure.com/providers/Microsoft.Management/operationResults/create/managementGroups/testcligroup?api-version=2021-04-01
      pragma:
      - no-cache
      request-id:
      - b64767ce-ae78-44bb-97a6-4d126c736c1d
      server:
      - Microsoft-HTTPAPI/2.0
      strict-transport-security:
      - max-age=31536000; includeSubDomains
      x-ba-restapi:
      - 1.0.3.2454
      x-content-type-options:
      - nosniff
      x-ms-ratelimit-remaining-managementgroups-requests:
      - '59'
      x-ms-ratelimit-remaining-tenant-writes:
      - '1199'
    status:
      code: 202
      message: Accepted
- request:
    body: null
    headers:
      Accept:
      - '*/*'
      Accept-Encoding:
      - gzip, deflate
      CommandName:
      - account management-group create
      Connection:
      - keep-alive
      ParameterSetName:
      - --name
      User-Agent:
      - AZURECLI/2.32.0 azsdk-python-mgmt-managementgroups/1.0.0 Python/3.7.8 (Windows-10-10.0.19041-SP0)
    method: GET
    uri: https://management.azure.com/providers/Microsoft.Management/operationResults/create/asyncOperation/status/managementGroups/testcligroup?api-version=2021-04-01
  response:
    body:
      string: '{"id":"/providers/Microsoft.Management/operationResults/create/asyncOperation/status/managementGroups/testcligroup","name":"testcligroup","status":"Running"}'
    headers:
      azure-asyncoperation:
      - https://management.azure.com/providers/Microsoft.Management/operationResults/create/asyncOperation/status/managementGroups/testcligroup?api-version=2021-04-01
      cache-control:
      - no-cache
      content-length:
      - '157'
      content-type:
      - application/json; charset=utf-8
      date:
      - Wed, 09 Feb 2022 01:26:07 GMT
      expires:
      - '-1'
      location:
      - https://management.azure.com/providers/Microsoft.Management/operationResults/create/managementGroups/testcligroup?api-version=2021-04-01
      pragma:
      - no-cache
      request-id:
      - 67664c94-dd43-4495-bb43-3276a7b05820
      server:
      - Microsoft-HTTPAPI/2.0
      strict-transport-security:
      - max-age=31536000; includeSubDomains
      transfer-encoding:
      - chunked
      vary:
      - Accept-Encoding
      x-ba-restapi:
      - 1.0.3.2454
      x-content-type-options:
      - nosniff
    status:
      code: 200
      message: OK
- request:
    body: null
    headers:
      Accept:
      - '*/*'
      Accept-Encoding:
      - gzip, deflate
      CommandName:
      - account management-group create
      Connection:
      - keep-alive
      ParameterSetName:
      - --name
      User-Agent:
      - AZURECLI/2.32.0 azsdk-python-mgmt-managementgroups/1.0.0 Python/3.7.8 (Windows-10-10.0.19041-SP0)
    method: GET
    uri: https://management.azure.com/providers/Microsoft.Management/operationResults/create/asyncOperation/status/managementGroups/testcligroup?api-version=2021-04-01
  response:
    body:
      string: '{"id":"/providers/Microsoft.Management/operationResults/create/asyncOperation/status/managementGroups/testcligroup","name":"testcligroup","status":"Succeeded","properties":{"tenantId":"c7a87cda-9a66-4920-b0f8-869baa04efe0","displayName":"testcligroup","details":{"version":177,"updatedTime":"2022-02-09T01:26:02.5828886Z","updatedBy":"27e85fe3-7b1b-4de4-8d55-d58291b5d701"}}}'
    headers:
      cache-control:
      - no-cache
      content-length:
      - '375'
      content-type:
      - application/json; charset=utf-8
      date:
      - Wed, 09 Feb 2022 01:26:17 GMT
      expires:
      - '-1'
      pragma:
      - no-cache
      request-id:
      - 99cb4616-6b39-46eb-9f28-12d430e98d24
      server:
      - Microsoft-HTTPAPI/2.0
      strict-transport-security:
      - max-age=31536000; includeSubDomains
      transfer-encoding:
      - chunked
      vary:
      - Accept-Encoding
      x-ba-restapi:
      - 1.0.3.2454
      x-content-type-options:
      - nosniff
    status:
      code: 200
      message: OK
- request:
    body: null
    headers:
      Accept:
      - '*/*'
      Accept-Encoding:
      - gzip, deflate
      CommandName:
      - account management-group create
      Connection:
      - keep-alive
      ParameterSetName:
      - --name
      User-Agent:
      - AZURECLI/2.32.0 azsdk-python-mgmt-managementgroups/1.0.0 Python/3.7.8 (Windows-10-10.0.19041-SP0)
    method: GET
    uri: https://management.azure.com/providers/Microsoft.Management/managementGroups/testcligroup?api-version=2021-04-01
  response:
    body:
      string: '{"id":"/providers/Microsoft.Management/managementGroups/testcligroup","type":"Microsoft.Management/managementGroups","name":"testcligroup","properties":{"tenantId":"c7a87cda-9a66-4920-b0f8-869baa04efe0","displayName":"testcligroup","details":{"version":177,"updatedTime":"2022-02-09T01:26:02.5828886Z","updatedBy":"27e85fe3-7b1b-4de4-8d55-d58291b5d701","parent":{"id":"/providers/Microsoft.Management/managementGroups/c7a87cda-9a66-4920-b0f8-869baa04efe0","name":"c7a87cda-9a66-4920-b0f8-869baa04efe0","displayName":"Root
        Management Group"}}}}'
    headers:
      cache-control:
      - no-cache
      content-length:
      - '543'
      content-type:
      - application/json; charset=utf-8
      date:
      - Wed, 09 Feb 2022 01:26:17 GMT
      expires:
      - '-1'
      pragma:
      - no-cache
      request-id:
      - f6795721-0a1c-4be2-ae14-6aef058602e5
      server:
      - Microsoft-HTTPAPI/2.0
      strict-transport-security:
      - max-age=31536000; includeSubDomains
      transfer-encoding:
      - chunked
      vary:
      - Accept-Encoding
      x-ba-restapi:
      - 1.0.3.2454
      x-content-type-options:
      - nosniff
    status:
      code: 200
      message: OK
- request:
    body: null
    headers:
      Accept:
      - application/json
      Accept-Encoding:
      - gzip, deflate
      CommandName:
      - account management-group create
      Connection:
      - keep-alive
      Content-Length:
      - '0'
      ParameterSetName:
      - --name --parent
      User-Agent:
      - AZURECLI/2.32.0 azsdk-python-azure-mgmt-resource/20.0.0 Python/3.7.8 (Windows-10-10.0.19041-SP0)
    method: POST
    uri: https://management.azure.com/subscriptions/00000000-0000-0000-0000-000000000000/providers/Microsoft.Management/register?api-version=2018-05-01
  response:
    body:
      string: '{"id":"/subscriptions/00000000-0000-0000-0000-000000000000/providers/Microsoft.Management","namespace":"Microsoft.Management","authorization":{"applicationId":"f2c304cf-8e7e-4c3f-8164-16299ad9d272","roleDefinitionId":"c1cf3708-588a-4647-be7f-f400bbe214cf"},"resourceTypes":[{"resourceType":"resources","locations":[],"apiVersions":["2017-11-01-preview","2017-08-31-preview","2017-06-30-preview","2017-05-31-preview"]},{"resourceType":"managementGroups","locations":[],"apiVersions":["2021-04-01","2020-10-01","2020-05-01","2020-02-01","2019-11-01","2018-03-01-preview","2018-03-01-beta","2018-01-01-preview","2017-11-01-preview","2017-08-31-preview","2017-06-30-preview","2017-05-31-preview"]},{"resourceType":"getEntities","locations":[],"apiVersions":["2021-04-01","2020-10-01","2020-05-01","2020-02-01","2019-11-01","2018-03-01-preview","2018-03-01-beta","2018-01-01-preview"]},{"resourceType":"managementGroups/settings","locations":[],"apiVersions":["2021-04-01","2020-10-01","2020-05-01","2020-02-01","2018-03-01-beta"]},{"resourceType":"checkNameAvailability","locations":[],"apiVersions":["2021-04-01","2020-10-01","2020-05-01","2020-02-01","2019-11-01","2018-03-01-preview","2018-03-01-beta","2018-01-01-preview"]},{"resourceType":"operationResults","locations":[],"apiVersions":["2021-04-01","2020-10-01","2020-05-01","2020-02-01","2019-11-01","2018-03-01-preview","2018-03-01-beta","2018-01-01-preview"]},{"resourceType":"operationResults/asyncOperation","locations":[],"apiVersions":["2021-04-01","2020-10-01","2020-05-01","2020-02-01","2019-11-01","2018-03-01-preview","2018-03-01-beta","2018-01-01-preview","2017-11-01-preview","2017-08-31-preview","2017-06-30-preview","2017-05-31-preview"]},{"resourceType":"operations","locations":[],"apiVersions":["2021-04-01","2020-10-01","2020-05-01","2020-02-01","2019-11-01","2018-03-01-preview","2018-03-01-beta","2018-01-01-preview","2017-11-01-preview","2017-08-31-preview","2017-06-30-preview","2017-05-31-preview"]},{"resourceType":"tenantBackfillStatus","locations":[],"apiVersions":["2021-04-01","2020-10-01","2020-05-01","2020-02-01","2019-11-01","2018-03-01-preview","2018-03-01-beta"]},{"resourceType":"startTenantBackfill","locations":[],"apiVersions":["2021-04-01","2020-10-01","2020-05-01","2020-02-01","2019-11-01","2018-03-01-preview","2018-03-01-beta"]}],"registrationState":"Registered"}'
    headers:
      cache-control:
      - no-cache
      content-length:
      - '2360'
      content-type:
      - application/json; charset=utf-8
      date:
      - Wed, 09 Feb 2022 01:26:18 GMT
      expires:
      - '-1'
      pragma:
      - no-cache
      strict-transport-security:
      - max-age=31536000; includeSubDomains
      transfer-encoding:
      - chunked
      vary:
      - Accept-Encoding
      x-content-type-options:
      - nosniff
      x-ms-ratelimit-remaining-subscription-writes:
      - '1199'
    status:
      code: 200
      message: OK
- request:
    body: null
    headers:
      Accept:
      - application/json
      Accept-Encoding:
      - gzip, deflate
      CommandName:
      - account management-group create
      Connection:
      - keep-alive
      ParameterSetName:
      - --name --parent
      User-Agent:
      - AZURECLI/2.32.0 azsdk-python-azure-mgmt-resource/20.0.0 Python/3.7.8 (Windows-10-10.0.19041-SP0)
    method: GET
    uri: https://management.azure.com/subscriptions/00000000-0000-0000-0000-000000000000/providers/Microsoft.Management?api-version=2018-05-01
  response:
    body:
      string: '{"id":"/subscriptions/00000000-0000-0000-0000-000000000000/providers/Microsoft.Management","namespace":"Microsoft.Management","authorization":{"applicationId":"f2c304cf-8e7e-4c3f-8164-16299ad9d272","roleDefinitionId":"c1cf3708-588a-4647-be7f-f400bbe214cf"},"resourceTypes":[{"resourceType":"resources","locations":[],"apiVersions":["2017-11-01-preview","2017-08-31-preview","2017-06-30-preview","2017-05-31-preview"]},{"resourceType":"managementGroups","locations":[],"apiVersions":["2021-04-01","2020-10-01","2020-05-01","2020-02-01","2019-11-01","2018-03-01-preview","2018-03-01-beta","2018-01-01-preview","2017-11-01-preview","2017-08-31-preview","2017-06-30-preview","2017-05-31-preview"]},{"resourceType":"getEntities","locations":[],"apiVersions":["2021-04-01","2020-10-01","2020-05-01","2020-02-01","2019-11-01","2018-03-01-preview","2018-03-01-beta","2018-01-01-preview"]},{"resourceType":"managementGroups/settings","locations":[],"apiVersions":["2021-04-01","2020-10-01","2020-05-01","2020-02-01","2018-03-01-beta"]},{"resourceType":"checkNameAvailability","locations":[],"apiVersions":["2021-04-01","2020-10-01","2020-05-01","2020-02-01","2019-11-01","2018-03-01-preview","2018-03-01-beta","2018-01-01-preview"]},{"resourceType":"operationResults","locations":[],"apiVersions":["2021-04-01","2020-10-01","2020-05-01","2020-02-01","2019-11-01","2018-03-01-preview","2018-03-01-beta","2018-01-01-preview"]},{"resourceType":"operationResults/asyncOperation","locations":[],"apiVersions":["2021-04-01","2020-10-01","2020-05-01","2020-02-01","2019-11-01","2018-03-01-preview","2018-03-01-beta","2018-01-01-preview","2017-11-01-preview","2017-08-31-preview","2017-06-30-preview","2017-05-31-preview"]},{"resourceType":"operations","locations":[],"apiVersions":["2021-04-01","2020-10-01","2020-05-01","2020-02-01","2019-11-01","2018-03-01-preview","2018-03-01-beta","2018-01-01-preview","2017-11-01-preview","2017-08-31-preview","2017-06-30-preview","2017-05-31-preview"]},{"resourceType":"tenantBackfillStatus","locations":[],"apiVersions":["2021-04-01","2020-10-01","2020-05-01","2020-02-01","2019-11-01","2018-03-01-preview","2018-03-01-beta"]},{"resourceType":"startTenantBackfill","locations":[],"apiVersions":["2021-04-01","2020-10-01","2020-05-01","2020-02-01","2019-11-01","2018-03-01-preview","2018-03-01-beta"]}],"registrationState":"Registered"}'
    headers:
      cache-control:
      - no-cache
      content-length:
      - '2360'
      content-type:
      - application/json; charset=utf-8
      date:
      - Wed, 09 Feb 2022 01:26:29 GMT
      expires:
      - '-1'
      pragma:
      - no-cache
      strict-transport-security:
      - max-age=31536000; includeSubDomains
      vary:
      - Accept-Encoding
      x-content-type-options:
      - nosniff
    status:
      code: 200
      message: OK
- request:
    body: '{"name": "testcligroupchild", "properties": {"details": {"parent": {"id":
      "/providers/Microsoft.Management/managementGroups/testcligroup"}}}}'
    headers:
      Accept:
      - application/json
      Accept-Encoding:
      - gzip, deflate
      Cache-Control:
      - no-cache
      CommandName:
      - account management-group create
      Connection:
      - keep-alive
      Content-Length:
      - '141'
      Content-Type:
      - application/json
      ParameterSetName:
      - --name --parent
      User-Agent:
      - AZURECLI/2.32.0 azsdk-python-mgmt-managementgroups/1.0.0 Python/3.7.8 (Windows-10-10.0.19041-SP0)
    method: PUT
    uri: https://management.azure.com/providers/Microsoft.Management/managementGroups/testcligroupchild?api-version=2021-04-01
  response:
    body:
      string: '{"id":"/providers/Microsoft.Management/managementGroups/testcligroupchild","type":"Microsoft.Management/managementGroups","name":"testcligroupchild","status":"NotStarted"}'
    headers:
      azure-asyncoperation:
      - https://management.azure.com/providers/Microsoft.Management/operationResults/create/asyncOperation/status/managementGroups/testcligroupchild?api-version=2021-04-01
      cache-control:
      - no-cache
      content-length:
      - '171'
      content-type:
      - application/json; charset=utf-8
      date:
      - Wed, 09 Feb 2022 01:26:29 GMT
      expires:
      - '-1'
      location:
      - https://management.azure.com/providers/Microsoft.Management/operationResults/create/managementGroups/testcligroupchild?api-version=2021-04-01
      pragma:
      - no-cache
      request-id:
      - b4b5a26b-d78f-469d-959a-e2f3a3292b78
      server:
      - Microsoft-HTTPAPI/2.0
      strict-transport-security:
      - max-age=31536000; includeSubDomains
      x-ba-restapi:
      - 1.0.3.2454
      x-content-type-options:
      - nosniff
      x-ms-ratelimit-remaining-managementgroups-requests:
      - '58'
      x-ms-ratelimit-remaining-tenant-writes:
      - '1199'
    status:
      code: 202
      message: Accepted
- request:
    body: null
    headers:
      Accept:
      - '*/*'
      Accept-Encoding:
      - gzip, deflate
      CommandName:
      - account management-group create
      Connection:
      - keep-alive
      ParameterSetName:
      - --name --parent
      User-Agent:
      - AZURECLI/2.32.0 azsdk-python-mgmt-managementgroups/1.0.0 Python/3.7.8 (Windows-10-10.0.19041-SP0)
    method: GET
    uri: https://management.azure.com/providers/Microsoft.Management/operationResults/create/asyncOperation/status/managementGroups/testcligroupchild?api-version=2021-04-01
  response:
    body:
      string: '{"id":"/providers/Microsoft.Management/operationResults/create/asyncOperation/status/managementGroups/testcligroupchild","name":"testcligroupchild","status":"Running"}'
    headers:
      azure-asyncoperation:
      - https://management.azure.com/providers/Microsoft.Management/operationResults/create/asyncOperation/status/managementGroups/testcligroupchild?api-version=2021-04-01
      cache-control:
      - no-cache
      content-length:
      - '167'
      content-type:
      - application/json; charset=utf-8
      date:
      - Wed, 09 Feb 2022 01:26:40 GMT
      expires:
      - '-1'
      location:
      - https://management.azure.com/providers/Microsoft.Management/operationResults/create/managementGroups/testcligroupchild?api-version=2021-04-01
      pragma:
      - no-cache
      request-id:
      - 57f22e46-396f-4aac-b886-84c1afbf3bf8
      server:
      - Microsoft-HTTPAPI/2.0
      strict-transport-security:
      - max-age=31536000; includeSubDomains
      transfer-encoding:
      - chunked
      vary:
      - Accept-Encoding
      x-ba-restapi:
      - 1.0.3.2454
      x-content-type-options:
      - nosniff
    status:
      code: 200
      message: OK
- request:
    body: null
    headers:
      Accept:
      - '*/*'
      Accept-Encoding:
      - gzip, deflate
      CommandName:
      - account management-group create
      Connection:
      - keep-alive
      ParameterSetName:
      - --name --parent
      User-Agent:
      - AZURECLI/2.32.0 azsdk-python-mgmt-managementgroups/1.0.0 Python/3.7.8 (Windows-10-10.0.19041-SP0)
    method: GET
    uri: https://management.azure.com/providers/Microsoft.Management/operationResults/create/asyncOperation/status/managementGroups/testcligroupchild?api-version=2021-04-01
  response:
    body:
      string: '{"id":"/providers/Microsoft.Management/operationResults/create/asyncOperation/status/managementGroups/testcligroupchild","name":"testcligroupchild","status":"Succeeded","properties":{"tenantId":"c7a87cda-9a66-4920-b0f8-869baa04efe0","displayName":"testcligroupchild","details":{"version":112,"updatedTime":"2022-02-09T01:26:36.1782913Z","updatedBy":"27e85fe3-7b1b-4de4-8d55-d58291b5d701"}}}'
    headers:
      cache-control:
      - no-cache
      content-length:
      - '390'
      content-type:
      - application/json; charset=utf-8
      date:
      - Wed, 09 Feb 2022 01:26:51 GMT
      expires:
      - '-1'
      pragma:
      - no-cache
      request-id:
      - e1043c29-1a8a-4e16-a9e9-4a00706bd8f8
      server:
      - Microsoft-HTTPAPI/2.0
      strict-transport-security:
      - max-age=31536000; includeSubDomains
      transfer-encoding:
      - chunked
      vary:
      - Accept-Encoding
      x-ba-restapi:
      - 1.0.3.2454
      x-content-type-options:
      - nosniff
    status:
      code: 200
      message: OK
- request:
    body: null
    headers:
      Accept:
      - '*/*'
      Accept-Encoding:
      - gzip, deflate
      CommandName:
      - account management-group create
      Connection:
      - keep-alive
      ParameterSetName:
      - --name --parent
      User-Agent:
      - AZURECLI/2.32.0 azsdk-python-mgmt-managementgroups/1.0.0 Python/3.7.8 (Windows-10-10.0.19041-SP0)
    method: GET
    uri: https://management.azure.com/providers/Microsoft.Management/managementGroups/testcligroupchild?api-version=2021-04-01
  response:
    body:
      string: '{"id":"/providers/Microsoft.Management/managementGroups/testcligroupchild","type":"Microsoft.Management/managementGroups","name":"testcligroupchild","properties":{"tenantId":"c7a87cda-9a66-4920-b0f8-869baa04efe0","displayName":"testcligroupchild","details":{"version":112,"updatedTime":"2022-02-09T01:26:36.1782913Z","updatedBy":"27e85fe3-7b1b-4de4-8d55-d58291b5d701","parent":{"id":"/providers/Microsoft.Management/managementGroups/testcligroup","name":"testcligroup","displayName":"testcligroup"}}}}'
    headers:
      cache-control:
      - no-cache
      content-length:
      - '501'
      content-type:
      - application/json; charset=utf-8
      date:
      - Wed, 09 Feb 2022 01:26:51 GMT
      expires:
      - '-1'
      pragma:
      - no-cache
      request-id:
      - 5d0d3e3e-b512-4959-8c5a-b0d2409a8845
      server:
      - Microsoft-HTTPAPI/2.0
      strict-transport-security:
      - max-age=31536000; includeSubDomains
      transfer-encoding:
      - chunked
      vary:
      - Accept-Encoding
      x-ba-restapi:
      - 1.0.3.2454
      x-content-type-options:
      - nosniff
    status:
      code: 200
      message: OK
- request:
    body: null
    headers:
      Accept:
      - application/json
      Accept-Encoding:
      - gzip, deflate
      CommandName:
      - account management-group delete
      Connection:
      - keep-alive
      Content-Length:
      - '0'
      ParameterSetName:
      - --name
      User-Agent:
      - AZURECLI/2.32.0 azsdk-python-azure-mgmt-resource/20.0.0 Python/3.7.8 (Windows-10-10.0.19041-SP0)
    method: POST
    uri: https://management.azure.com/subscriptions/00000000-0000-0000-0000-000000000000/providers/Microsoft.Management/register?api-version=2018-05-01
  response:
    body:
      string: '{"id":"/subscriptions/00000000-0000-0000-0000-000000000000/providers/Microsoft.Management","namespace":"Microsoft.Management","authorization":{"applicationId":"f2c304cf-8e7e-4c3f-8164-16299ad9d272","roleDefinitionId":"c1cf3708-588a-4647-be7f-f400bbe214cf"},"resourceTypes":[{"resourceType":"resources","locations":[],"apiVersions":["2017-11-01-preview","2017-08-31-preview","2017-06-30-preview","2017-05-31-preview"]},{"resourceType":"managementGroups","locations":[],"apiVersions":["2021-04-01","2020-10-01","2020-05-01","2020-02-01","2019-11-01","2018-03-01-preview","2018-03-01-beta","2018-01-01-preview","2017-11-01-preview","2017-08-31-preview","2017-06-30-preview","2017-05-31-preview"]},{"resourceType":"getEntities","locations":[],"apiVersions":["2021-04-01","2020-10-01","2020-05-01","2020-02-01","2019-11-01","2018-03-01-preview","2018-03-01-beta","2018-01-01-preview"]},{"resourceType":"managementGroups/settings","locations":[],"apiVersions":["2021-04-01","2020-10-01","2020-05-01","2020-02-01","2018-03-01-beta"]},{"resourceType":"checkNameAvailability","locations":[],"apiVersions":["2021-04-01","2020-10-01","2020-05-01","2020-02-01","2019-11-01","2018-03-01-preview","2018-03-01-beta","2018-01-01-preview"]},{"resourceType":"operationResults","locations":[],"apiVersions":["2021-04-01","2020-10-01","2020-05-01","2020-02-01","2019-11-01","2018-03-01-preview","2018-03-01-beta","2018-01-01-preview"]},{"resourceType":"operationResults/asyncOperation","locations":[],"apiVersions":["2021-04-01","2020-10-01","2020-05-01","2020-02-01","2019-11-01","2018-03-01-preview","2018-03-01-beta","2018-01-01-preview","2017-11-01-preview","2017-08-31-preview","2017-06-30-preview","2017-05-31-preview"]},{"resourceType":"operations","locations":[],"apiVersions":["2021-04-01","2020-10-01","2020-05-01","2020-02-01","2019-11-01","2018-03-01-preview","2018-03-01-beta","2018-01-01-preview","2017-11-01-preview","2017-08-31-preview","2017-06-30-preview","2017-05-31-preview"]},{"resourceType":"tenantBackfillStatus","locations":[],"apiVersions":["2021-04-01","2020-10-01","2020-05-01","2020-02-01","2019-11-01","2018-03-01-preview","2018-03-01-beta"]},{"resourceType":"startTenantBackfill","locations":[],"apiVersions":["2021-04-01","2020-10-01","2020-05-01","2020-02-01","2019-11-01","2018-03-01-preview","2018-03-01-beta"]}],"registrationState":"Registered"}'
    headers:
      cache-control:
      - no-cache
      content-length:
      - '2360'
      content-type:
      - application/json; charset=utf-8
      date:
      - Wed, 09 Feb 2022 01:26:52 GMT
      expires:
      - '-1'
      pragma:
      - no-cache
      strict-transport-security:
      - max-age=31536000; includeSubDomains
      transfer-encoding:
      - chunked
      vary:
      - Accept-Encoding
      x-content-type-options:
      - nosniff
      x-ms-ratelimit-remaining-subscription-writes:
      - '1198'
    status:
      code: 200
      message: OK
- request:
    body: null
    headers:
      Accept:
      - application/json
      Accept-Encoding:
      - gzip, deflate
      CommandName:
      - account management-group delete
      Connection:
      - keep-alive
      ParameterSetName:
      - --name
      User-Agent:
      - AZURECLI/2.32.0 azsdk-python-azure-mgmt-resource/20.0.0 Python/3.7.8 (Windows-10-10.0.19041-SP0)
    method: GET
    uri: https://management.azure.com/subscriptions/00000000-0000-0000-0000-000000000000/providers/Microsoft.Management?api-version=2018-05-01
  response:
    body:
      string: '{"id":"/subscriptions/00000000-0000-0000-0000-000000000000/providers/Microsoft.Management","namespace":"Microsoft.Management","authorization":{"applicationId":"f2c304cf-8e7e-4c3f-8164-16299ad9d272","roleDefinitionId":"c1cf3708-588a-4647-be7f-f400bbe214cf"},"resourceTypes":[{"resourceType":"resources","locations":[],"apiVersions":["2017-11-01-preview","2017-08-31-preview","2017-06-30-preview","2017-05-31-preview"]},{"resourceType":"managementGroups","locations":[],"apiVersions":["2021-04-01","2020-10-01","2020-05-01","2020-02-01","2019-11-01","2018-03-01-preview","2018-03-01-beta","2018-01-01-preview","2017-11-01-preview","2017-08-31-preview","2017-06-30-preview","2017-05-31-preview"]},{"resourceType":"getEntities","locations":[],"apiVersions":["2021-04-01","2020-10-01","2020-05-01","2020-02-01","2019-11-01","2018-03-01-preview","2018-03-01-beta","2018-01-01-preview"]},{"resourceType":"managementGroups/settings","locations":[],"apiVersions":["2021-04-01","2020-10-01","2020-05-01","2020-02-01","2018-03-01-beta"]},{"resourceType":"checkNameAvailability","locations":[],"apiVersions":["2021-04-01","2020-10-01","2020-05-01","2020-02-01","2019-11-01","2018-03-01-preview","2018-03-01-beta","2018-01-01-preview"]},{"resourceType":"operationResults","locations":[],"apiVersions":["2021-04-01","2020-10-01","2020-05-01","2020-02-01","2019-11-01","2018-03-01-preview","2018-03-01-beta","2018-01-01-preview"]},{"resourceType":"operationResults/asyncOperation","locations":[],"apiVersions":["2021-04-01","2020-10-01","2020-05-01","2020-02-01","2019-11-01","2018-03-01-preview","2018-03-01-beta","2018-01-01-preview","2017-11-01-preview","2017-08-31-preview","2017-06-30-preview","2017-05-31-preview"]},{"resourceType":"operations","locations":[],"apiVersions":["2021-04-01","2020-10-01","2020-05-01","2020-02-01","2019-11-01","2018-03-01-preview","2018-03-01-beta","2018-01-01-preview","2017-11-01-preview","2017-08-31-preview","2017-06-30-preview","2017-05-31-preview"]},{"resourceType":"tenantBackfillStatus","locations":[],"apiVersions":["2021-04-01","2020-10-01","2020-05-01","2020-02-01","2019-11-01","2018-03-01-preview","2018-03-01-beta"]},{"resourceType":"startTenantBackfill","locations":[],"apiVersions":["2021-04-01","2020-10-01","2020-05-01","2020-02-01","2019-11-01","2018-03-01-preview","2018-03-01-beta"]}],"registrationState":"Registered"}'
    headers:
      cache-control:
      - no-cache
      content-length:
      - '2360'
      content-type:
      - application/json; charset=utf-8
      date:
      - Wed, 09 Feb 2022 01:27:02 GMT
      expires:
      - '-1'
      pragma:
      - no-cache
      strict-transport-security:
      - max-age=31536000; includeSubDomains
      vary:
      - Accept-Encoding
      x-content-type-options:
      - nosniff
    status:
      code: 200
      message: OK
- request:
    body: null
    headers:
      Accept:
      - application/json
      Accept-Encoding:
      - gzip, deflate
      Cache-Control:
      - no-cache
      CommandName:
      - account management-group delete
      Connection:
      - keep-alive
      Content-Length:
      - '0'
      ParameterSetName:
      - --name
      User-Agent:
      - AZURECLI/2.32.0 azsdk-python-mgmt-managementgroups/1.0.0 Python/3.7.8 (Windows-10-10.0.19041-SP0)
    method: DELETE
    uri: https://management.azure.com/providers/Microsoft.Management/managementGroups/testcligroupchild?api-version=2021-04-01
  response:
    body:
      string: '{"id":"/providers/Microsoft.Management/managementGroups/testcligroupchild","type":"Microsoft.Management/managementGroups","name":"testcligroupchild","status":"NotStarted"}'
    headers:
      azure-asyncoperation:
      - https://management.azure.com/providers/Microsoft.Management/operationResults/delete/asyncOperation/status/managementGroups/testcligroupchild?api-version=2021-04-01
      cache-control:
      - no-cache
      content-length:
      - '171'
      content-type:
      - application/json; charset=utf-8
      date:
      - Wed, 09 Feb 2022 01:27:04 GMT
      expires:
      - '-1'
      location:
      - https://management.azure.com/providers/Microsoft.Management/operationResults/delete/managementGroups/testcligroupchild?api-version=2021-04-01
      pragma:
      - no-cache
      request-id:
      - bce0288a-f652-4d03-9d43-46aa3809aa30
      server:
      - Microsoft-HTTPAPI/2.0
      strict-transport-security:
      - max-age=31536000; includeSubDomains
      x-ba-restapi:
      - 1.0.3.2454
      x-content-type-options:
      - nosniff
      x-ms-ratelimit-remaining-managementgroups-requests:
      - '59'
      x-ms-ratelimit-remaining-tenant-deletes:
      - '14999'
    status:
      code: 202
      message: Accepted
- request:
    body: null
    headers:
      Accept:
      - '*/*'
      Accept-Encoding:
      - gzip, deflate
      CommandName:
      - account management-group delete
      Connection:
      - keep-alive
      ParameterSetName:
      - --name
      User-Agent:
      - AZURECLI/2.32.0 azsdk-python-mgmt-managementgroups/1.0.0 Python/3.7.8 (Windows-10-10.0.19041-SP0)
    method: GET
    uri: https://management.azure.com/providers/Microsoft.Management/operationResults/delete/asyncOperation/status/managementGroups/testcligroupchild?api-version=2021-04-01
  response:
    body:
      string: '{"id":"/providers/Microsoft.Management/operationResults/delete/asyncOperation/status/managementGroups/testcligroupchild","name":"testcligroupchild","status":"Succeeded"}'
    headers:
      cache-control:
      - no-cache
      content-length:
      - '169'
      content-type:
      - application/json; charset=utf-8
      date:
      - Wed, 09 Feb 2022 01:27:14 GMT
      expires:
      - '-1'
      pragma:
      - no-cache
      request-id:
      - abb0ed00-919c-4e22-92cd-0fe4c9bea795
      server:
      - Microsoft-HTTPAPI/2.0
      strict-transport-security:
      - max-age=31536000; includeSubDomains
      transfer-encoding:
      - chunked
      vary:
      - Accept-Encoding
      x-ba-restapi:
      - 1.0.3.2454
      x-content-type-options:
      - nosniff
    status:
      code: 200
      message: OK
- request:
    body: null
    headers:
      Accept:
      - application/json
      Accept-Encoding:
      - gzip, deflate
      CommandName:
      - account management-group delete
      Connection:
      - keep-alive
      Content-Length:
      - '0'
      ParameterSetName:
      - --name
      User-Agent:
      - AZURECLI/2.32.0 azsdk-python-azure-mgmt-resource/20.0.0 Python/3.7.8 (Windows-10-10.0.19041-SP0)
    method: POST
    uri: https://management.azure.com/subscriptions/00000000-0000-0000-0000-000000000000/providers/Microsoft.Management/register?api-version=2018-05-01
  response:
    body:
      string: '{"id":"/subscriptions/00000000-0000-0000-0000-000000000000/providers/Microsoft.Management","namespace":"Microsoft.Management","authorization":{"applicationId":"f2c304cf-8e7e-4c3f-8164-16299ad9d272","roleDefinitionId":"c1cf3708-588a-4647-be7f-f400bbe214cf"},"resourceTypes":[{"resourceType":"resources","locations":[],"apiVersions":["2017-11-01-preview","2017-08-31-preview","2017-06-30-preview","2017-05-31-preview"]},{"resourceType":"managementGroups","locations":[],"apiVersions":["2021-04-01","2020-10-01","2020-05-01","2020-02-01","2019-11-01","2018-03-01-preview","2018-03-01-beta","2018-01-01-preview","2017-11-01-preview","2017-08-31-preview","2017-06-30-preview","2017-05-31-preview"]},{"resourceType":"getEntities","locations":[],"apiVersions":["2021-04-01","2020-10-01","2020-05-01","2020-02-01","2019-11-01","2018-03-01-preview","2018-03-01-beta","2018-01-01-preview"]},{"resourceType":"managementGroups/settings","locations":[],"apiVersions":["2021-04-01","2020-10-01","2020-05-01","2020-02-01","2018-03-01-beta"]},{"resourceType":"checkNameAvailability","locations":[],"apiVersions":["2021-04-01","2020-10-01","2020-05-01","2020-02-01","2019-11-01","2018-03-01-preview","2018-03-01-beta","2018-01-01-preview"]},{"resourceType":"operationResults","locations":[],"apiVersions":["2021-04-01","2020-10-01","2020-05-01","2020-02-01","2019-11-01","2018-03-01-preview","2018-03-01-beta","2018-01-01-preview"]},{"resourceType":"operationResults/asyncOperation","locations":[],"apiVersions":["2021-04-01","2020-10-01","2020-05-01","2020-02-01","2019-11-01","2018-03-01-preview","2018-03-01-beta","2018-01-01-preview","2017-11-01-preview","2017-08-31-preview","2017-06-30-preview","2017-05-31-preview"]},{"resourceType":"operations","locations":[],"apiVersions":["2021-04-01","2020-10-01","2020-05-01","2020-02-01","2019-11-01","2018-03-01-preview","2018-03-01-beta","2018-01-01-preview","2017-11-01-preview","2017-08-31-preview","2017-06-30-preview","2017-05-31-preview"]},{"resourceType":"tenantBackfillStatus","locations":[],"apiVersions":["2021-04-01","2020-10-01","2020-05-01","2020-02-01","2019-11-01","2018-03-01-preview","2018-03-01-beta"]},{"resourceType":"startTenantBackfill","locations":[],"apiVersions":["2021-04-01","2020-10-01","2020-05-01","2020-02-01","2019-11-01","2018-03-01-preview","2018-03-01-beta"]}],"registrationState":"Registered"}'
    headers:
      cache-control:
      - no-cache
      content-length:
      - '2360'
      content-type:
      - application/json; charset=utf-8
      date:
      - Wed, 09 Feb 2022 01:27:16 GMT
      expires:
      - '-1'
      pragma:
      - no-cache
      strict-transport-security:
      - max-age=31536000; includeSubDomains
      transfer-encoding:
      - chunked
      vary:
      - Accept-Encoding
      x-content-type-options:
      - nosniff
      x-ms-ratelimit-remaining-subscription-writes:
      - '1199'
    status:
      code: 200
      message: OK
- request:
    body: null
    headers:
      Accept:
      - application/json
      Accept-Encoding:
      - gzip, deflate
      CommandName:
      - account management-group delete
      Connection:
      - keep-alive
      ParameterSetName:
      - --name
      User-Agent:
      - AZURECLI/2.32.0 azsdk-python-azure-mgmt-resource/20.0.0 Python/3.7.8 (Windows-10-10.0.19041-SP0)
    method: GET
    uri: https://management.azure.com/subscriptions/00000000-0000-0000-0000-000000000000/providers/Microsoft.Management?api-version=2018-05-01
  response:
    body:
      string: '{"id":"/subscriptions/00000000-0000-0000-0000-000000000000/providers/Microsoft.Management","namespace":"Microsoft.Management","authorization":{"applicationId":"f2c304cf-8e7e-4c3f-8164-16299ad9d272","roleDefinitionId":"c1cf3708-588a-4647-be7f-f400bbe214cf"},"resourceTypes":[{"resourceType":"resources","locations":[],"apiVersions":["2017-11-01-preview","2017-08-31-preview","2017-06-30-preview","2017-05-31-preview"]},{"resourceType":"managementGroups","locations":[],"apiVersions":["2021-04-01","2020-10-01","2020-05-01","2020-02-01","2019-11-01","2018-03-01-preview","2018-03-01-beta","2018-01-01-preview","2017-11-01-preview","2017-08-31-preview","2017-06-30-preview","2017-05-31-preview"]},{"resourceType":"getEntities","locations":[],"apiVersions":["2021-04-01","2020-10-01","2020-05-01","2020-02-01","2019-11-01","2018-03-01-preview","2018-03-01-beta","2018-01-01-preview"]},{"resourceType":"managementGroups/settings","locations":[],"apiVersions":["2021-04-01","2020-10-01","2020-05-01","2020-02-01","2018-03-01-beta"]},{"resourceType":"checkNameAvailability","locations":[],"apiVersions":["2021-04-01","2020-10-01","2020-05-01","2020-02-01","2019-11-01","2018-03-01-preview","2018-03-01-beta","2018-01-01-preview"]},{"resourceType":"operationResults","locations":[],"apiVersions":["2021-04-01","2020-10-01","2020-05-01","2020-02-01","2019-11-01","2018-03-01-preview","2018-03-01-beta","2018-01-01-preview"]},{"resourceType":"operationResults/asyncOperation","locations":[],"apiVersions":["2021-04-01","2020-10-01","2020-05-01","2020-02-01","2019-11-01","2018-03-01-preview","2018-03-01-beta","2018-01-01-preview","2017-11-01-preview","2017-08-31-preview","2017-06-30-preview","2017-05-31-preview"]},{"resourceType":"operations","locations":[],"apiVersions":["2021-04-01","2020-10-01","2020-05-01","2020-02-01","2019-11-01","2018-03-01-preview","2018-03-01-beta","2018-01-01-preview","2017-11-01-preview","2017-08-31-preview","2017-06-30-preview","2017-05-31-preview"]},{"resourceType":"tenantBackfillStatus","locations":[],"apiVersions":["2021-04-01","2020-10-01","2020-05-01","2020-02-01","2019-11-01","2018-03-01-preview","2018-03-01-beta"]},{"resourceType":"startTenantBackfill","locations":[],"apiVersions":["2021-04-01","2020-10-01","2020-05-01","2020-02-01","2019-11-01","2018-03-01-preview","2018-03-01-beta"]}],"registrationState":"Registered"}'
    headers:
      cache-control:
      - no-cache
      content-length:
      - '2360'
      content-type:
      - application/json; charset=utf-8
      date:
      - Wed, 09 Feb 2022 01:27:26 GMT
      expires:
      - '-1'
      pragma:
      - no-cache
      strict-transport-security:
      - max-age=31536000; includeSubDomains
      vary:
      - Accept-Encoding
      x-content-type-options:
      - nosniff
    status:
      code: 200
      message: OK
- request:
    body: null
    headers:
      Accept:
      - application/json
      Accept-Encoding:
      - gzip, deflate
      Cache-Control:
      - no-cache
      CommandName:
      - account management-group delete
      Connection:
      - keep-alive
      Content-Length:
      - '0'
      ParameterSetName:
      - --name
      User-Agent:
      - AZURECLI/2.32.0 azsdk-python-mgmt-managementgroups/1.0.0 Python/3.7.8 (Windows-10-10.0.19041-SP0)
    method: DELETE
    uri: https://management.azure.com/providers/Microsoft.Management/managementGroups/testcligroup?api-version=2021-04-01
  response:
    body:
      string: '{"id":"/providers/Microsoft.Management/managementGroups/testcligroup","type":"Microsoft.Management/managementGroups","name":"testcligroup","status":"NotStarted"}'
    headers:
      azure-asyncoperation:
      - https://management.azure.com/providers/Microsoft.Management/operationResults/delete/asyncOperation/status/managementGroups/testcligroup?api-version=2021-04-01
      cache-control:
      - no-cache
      content-length:
      - '161'
      content-type:
      - application/json; charset=utf-8
      date:
      - Wed, 09 Feb 2022 01:27:27 GMT
      expires:
      - '-1'
      location:
      - https://management.azure.com/providers/Microsoft.Management/operationResults/delete/managementGroups/testcligroup?api-version=2021-04-01
      pragma:
      - no-cache
      request-id:
      - 7e4b6385-bb8e-404f-9046-0f958734db40
      server:
      - Microsoft-HTTPAPI/2.0
      strict-transport-security:
      - max-age=31536000; includeSubDomains
      x-ba-restapi:
      - 1.0.3.2425
      x-content-type-options:
      - nosniff
      x-ms-ratelimit-remaining-managementgroups-requests:
      - '59'
      x-ms-ratelimit-remaining-tenant-deletes:
      - '14999'
    status:
      code: 202
      message: Accepted
- request:
    body: null
    headers:
      Accept:
      - '*/*'
      Accept-Encoding:
      - gzip, deflate
      CommandName:
      - account management-group delete
      Connection:
      - keep-alive
      ParameterSetName:
      - --name
      User-Agent:
      - AZURECLI/2.32.0 azsdk-python-mgmt-managementgroups/1.0.0 Python/3.7.8 (Windows-10-10.0.19041-SP0)
    method: GET
    uri: https://management.azure.com/providers/Microsoft.Management/operationResults/delete/asyncOperation/status/managementGroups/testcligroup?api-version=2021-04-01
  response:
    body:
      string: '{"id":"/providers/Microsoft.Management/operationResults/delete/asyncOperation/status/managementGroups/testcligroup","name":"testcligroup","status":"Succeeded"}'
    headers:
      cache-control:
      - no-cache
      content-length:
      - '159'
      content-type:
      - application/json; charset=utf-8
      date:
      - Wed, 09 Feb 2022 01:27:37 GMT
      expires:
      - '-1'
      pragma:
      - no-cache
      request-id:
      - bfdf2228-f67d-490c-b381-f159af44a059
      server:
      - Microsoft-HTTPAPI/2.0
      strict-transport-security:
      - max-age=31536000; includeSubDomains
      transfer-encoding:
      - chunked
      vary:
      - Accept-Encoding
      x-ba-restapi:
      - 1.0.3.2425
      x-content-type-options:
      - nosniff
    status:
      code: 200
      message: OK
version: 1
