interactions:
- request:
    body: null
    headers:
      Accept:
      - application/json
      Accept-Encoding:
      - gzip, deflate
      CommandName:
      - keyvault create
      Connection:
      - keep-alive
      ParameterSetName:
      - -g -n -l --sku --enable-soft-delete
      User-Agent:
      - python/3.7.5 (Windows-10-10.0.18362-SP0) msrest/0.6.9 msrest_azure/0.6.3 azure-mgmt-keyvault/2.2.0
        Azure-SDK-For-Python AZURECLI/2.8.0
      accept-language:
      - en-US
    method: GET
    uri: https://management.azure.com/subscriptions/00000000-0000-0000-0000-000000000000/resourceGroups/cli_test_kv_key_download000001/providers/Microsoft.KeyVault/vaults/cli-test-kv-key-d-000002?api-version=2019-09-01
  response:
    body:
      string: '{"error":{"code":"ResourceNotFound","message":"The Resource ''Microsoft.KeyVault/vaults/cli-test-kv-key-d-000002''
        under resource group ''cli_test_kv_key_download000001'' was not found. For
        more details please go to https://aka.ms/ARMResourceNotFoundFix"}}'
    headers:
      cache-control:
      - no-cache
      content-length:
      - '297'
      content-type:
      - application/json; charset=utf-8
      date:
      - Tue, 07 Jul 2020 10:03:12 GMT
      expires:
      - '-1'
      pragma:
      - no-cache
      strict-transport-security:
      - max-age=31536000; includeSubDomains
      x-content-type-options:
      - nosniff
      x-ms-failure-cause:
      - gateway
    status:
      code: 404
      message: Not Found
- request:
    body: null
    headers:
      Accept:
      - application/json
      Accept-Encoding:
      - gzip, deflate
      Connection:
      - keep-alive
      User-Agent:
      - python/3.7.5 (Windows-10-10.0.18362-SP0) msrest/0.6.9 msrest_azure/0.6.3 azure-graphrbac/0.60.0
        Azure-SDK-For-Python
      accept-language:
      - en-US
    method: GET
    uri: https://graph.windows.net/00000000-0000-0000-0000-000000000000/me?api-version=1.6
  response:
    body:
      string: '{"odata.metadata":"https://graph.windows.net/00000000-0000-0000-0000-000000000000/$metadata#directoryObjects/@Element","odata.type":"Microsoft.DirectoryServices.User","objectType":"User","objectId":"9ac02ab3-5061-4ec6-a3d8-2cdaa5f29efa","deletionTimestamp":null,"accountEnabled":true,"ageGroup":null,"assignedLicenses":[],"assignedPlans":[],"city":null,"companyName":null,"consentProvidedForMinor":null,"country":null,"createdDateTime":"2019-10-21T06:37:42Z","creationType":"Invitation","department":null,"dirSyncEnabled":null,"displayName":"Bin
        Ma","employeeId":null,"facsimileTelephoneNumber":null,"givenName":null,"immutableId":null,"isCompromised":null,"jobTitle":null,"lastDirSyncTime":null,"legalAgeGroupClassification":null,"mail":"bim@microsoft.com","mailNickname":"bim_microsoft.com#EXT#","mobile":null,"onPremisesDistinguishedName":null,"onPremisesSecurityIdentifier":null,"otherMails":["bim@microsoft.com"],"passwordPolicies":null,"passwordProfile":null,"physicalDeliveryOfficeName":null,"postalCode":null,"preferredLanguage":null,"provisionedPlans":[],"provisioningErrors":[],"proxyAddresses":["SMTP:bim@microsoft.com"],"refreshTokensValidFromDateTime":"2019-10-21T06:37:41Z","showInAddressList":false,"signInNames":[],"sipProxyAddress":null,"state":null,"streetAddress":null,"surname":null,"telephoneNumber":null,"thumbnailPhoto@odata.mediaEditLink":"directoryObjects/9ac02ab3-5061-4ec6-a3d8-2cdaa5f29efa/Microsoft.DirectoryServices.User/thumbnailPhoto","usageLocation":null,"userIdentities":[],"userPrincipalName":"bim_microsoft.com#EXT#@AzureSDKTeam.onmicrosoft.com","userState":"Accepted","userStateChangedOn":"2019-10-21T06:39:35Z","userType":"Guest"}'
    headers:
      access-control-allow-origin:
      - '*'
      cache-control:
      - no-cache
      content-length:
      - '1668'
      content-type:
      - application/json; odata=minimalmetadata; streaming=true; charset=utf-8
      dataserviceversion:
      - 3.0;
      date:
      - Tue, 07 Jul 2020 10:03:13 GMT
      duration:
      - '2375589'
      expires:
      - '-1'
      ocp-aad-diagnostics-server-name:
      - u3v7vH98c5Xh4F3h5guFNpqXkOL+kbXZm4SUo+XECj0=
      ocp-aad-session-key:
      - pQkrHtofsRYOR668MQ2QJcP1mrFiJacjROg9c-wZzrC83mZ0o0T3X2mrOqonEYtKZGZo69sEpMc78TUD8IbzdX93PIVQpUYMHBrLGjZV_rVeukUJT2WAQeVbsbja88iG.Nthg32cPlQZOIPYuLX7GzHw-dBcbfygTvI3V5a4Wf1U
      pragma:
      - no-cache
      request-id:
      - 595e6601-7be8-47ea-b7e5-f918ebc98e87
      strict-transport-security:
      - max-age=31536000; includeSubDomains
      x-aad-resource-unit:
      - '1'
      x-aspnet-version:
      - 4.0.30319
      x-ms-dirapi-data-contract-version:
      - '1.6'
      x-powered-by:
      - ASP.NET
    status:
      code: 200
      message: OK
- request:
    body: '{"location": "eastus2", "properties": {"tenantId": "54826b22-38d6-4fb2-bad9-b7b93a3e9c5a",
      "sku": {"family": "A", "name": "premium"}, "accessPolicies": [{"tenantId": "54826b22-38d6-4fb2-bad9-b7b93a3e9c5a",
      "objectId": "9ac02ab3-5061-4ec6-a3d8-2cdaa5f29efa", "permissions": {"keys":
      ["get", "create", "delete", "list", "update", "import", "backup", "restore",
      "recover"], "secrets": ["get", "list", "set", "delete", "backup", "restore",
      "recover"], "certificates": ["get", "list", "delete", "create", "import", "update",
      "managecontacts", "getissuers", "listissuers", "setissuers", "deleteissuers",
      "manageissuers", "recover"], "storage": ["get", "list", "delete", "set", "update",
      "regeneratekey", "setsas", "listsas", "getsas", "deletesas"]}}], "enableSoftDelete":
      false, "softDeleteRetentionInDays": 90, "networkAcls": {"bypass": "AzureServices",
      "defaultAction": "Allow", "ipRules": [], "virtualNetworkRules": []}}}'
    headers:
      Accept:
      - application/json
      Accept-Encoding:
      - gzip, deflate
      CommandName:
      - keyvault create
      Connection:
      - keep-alive
      Content-Length:
      - '918'
      Content-Type:
      - application/json; charset=utf-8
      ParameterSetName:
      - -g -n -l --sku --enable-soft-delete
      User-Agent:
      - python/3.7.5 (Windows-10-10.0.18362-SP0) msrest/0.6.9 msrest_azure/0.6.3 azure-mgmt-keyvault/2.2.0
        Azure-SDK-For-Python AZURECLI/2.8.0
      accept-language:
      - en-US
    method: PUT
    uri: https://management.azure.com/subscriptions/00000000-0000-0000-0000-000000000000/resourceGroups/cli_test_kv_key_download000001/providers/Microsoft.KeyVault/vaults/cli-test-kv-key-d-000002?api-version=2019-09-01
  response:
    body:
      string: '{"id":"/subscriptions/00000000-0000-0000-0000-000000000000/resourceGroups/cli_test_kv_key_download000001/providers/Microsoft.KeyVault/vaults/cli-test-kv-key-d-000002","name":"cli-test-kv-key-d-000002","type":"Microsoft.KeyVault/vaults","location":"eastus2","tags":{},"properties":{"sku":{"family":"A","name":"premium"},"tenantId":"54826b22-38d6-4fb2-bad9-b7b93a3e9c5a","accessPolicies":[{"tenantId":"54826b22-38d6-4fb2-bad9-b7b93a3e9c5a","objectId":"9ac02ab3-5061-4ec6-a3d8-2cdaa5f29efa","permissions":{"keys":["get","create","delete","list","update","import","backup","restore","recover"],"secrets":["get","list","set","delete","backup","restore","recover"],"certificates":["get","list","delete","create","import","update","managecontacts","getissuers","listissuers","setissuers","deleteissuers","manageissuers","recover"],"storage":["get","list","delete","set","update","regeneratekey","setsas","listsas","getsas","deletesas"]}}],"enabledForDeployment":false,"enableSoftDelete":false,"softDeleteRetentionInDays":90,"vaultUri":"https://cli-test-kv-key-d-000002.vault.azure.net","provisioningState":"RegisteringDns"}}'
    headers:
      cache-control:
      - no-cache
      content-length:
      - '1162'
      content-type:
      - application/json; charset=utf-8
      date:
      - Tue, 07 Jul 2020 10:03:20 GMT
      expires:
      - '-1'
      pragma:
      - no-cache
      server:
      - Microsoft-IIS/10.0
      strict-transport-security:
      - max-age=31536000; includeSubDomains
      transfer-encoding:
      - chunked
      vary:
      - Accept-Encoding
      x-aspnet-version:
      - 4.0.30319
      x-content-type-options:
      - nosniff
      x-ms-keyvault-service-version:
      - 1.1.0.283
      x-ms-ratelimit-remaining-subscription-writes:
      - '1193'
      x-powered-by:
      - ASP.NET
    status:
      code: 200
      message: OK
- request:
    body: null
    headers:
      Accept:
      - application/json
      Accept-Encoding:
      - gzip, deflate
      CommandName:
      - keyvault create
      Connection:
      - keep-alive
      ParameterSetName:
      - -g -n -l --sku --enable-soft-delete
      User-Agent:
      - python/3.7.5 (Windows-10-10.0.18362-SP0) msrest/0.6.9 msrest_azure/0.6.3 azure-mgmt-keyvault/2.2.0
        Azure-SDK-For-Python AZURECLI/2.8.0
    method: GET
    uri: https://management.azure.com/subscriptions/00000000-0000-0000-0000-000000000000/resourceGroups/cli_test_kv_key_download000001/providers/Microsoft.KeyVault/vaults/cli-test-kv-key-d-000002?api-version=2019-09-01
  response:
    body:
      string: '{"id":"/subscriptions/00000000-0000-0000-0000-000000000000/resourceGroups/cli_test_kv_key_download000001/providers/Microsoft.KeyVault/vaults/cli-test-kv-key-d-000002","name":"cli-test-kv-key-d-000002","type":"Microsoft.KeyVault/vaults","location":"eastus2","tags":{},"properties":{"sku":{"family":"A","name":"premium"},"tenantId":"54826b22-38d6-4fb2-bad9-b7b93a3e9c5a","accessPolicies":[{"tenantId":"54826b22-38d6-4fb2-bad9-b7b93a3e9c5a","objectId":"9ac02ab3-5061-4ec6-a3d8-2cdaa5f29efa","permissions":{"keys":["get","create","delete","list","update","import","backup","restore","recover"],"secrets":["get","list","set","delete","backup","restore","recover"],"certificates":["get","list","delete","create","import","update","managecontacts","getissuers","listissuers","setissuers","deleteissuers","manageissuers","recover"],"storage":["get","list","delete","set","update","regeneratekey","setsas","listsas","getsas","deletesas"]}}],"enabledForDeployment":false,"enableSoftDelete":false,"softDeleteRetentionInDays":90,"vaultUri":"https://cli-test-kv-key-d-000002.vault.azure.net/","provisioningState":"Succeeded"}}'
    headers:
      cache-control:
      - no-cache
      content-length:
      - '1158'
      content-type:
      - application/json; charset=utf-8
      date:
      - Tue, 07 Jul 2020 10:03:51 GMT
      expires:
      - '-1'
      pragma:
      - no-cache
      server:
      - Microsoft-IIS/10.0
      strict-transport-security:
      - max-age=31536000; includeSubDomains
      transfer-encoding:
      - chunked
      vary:
      - Accept-Encoding
      x-aspnet-version:
      - 4.0.30319
      x-content-type-options:
      - nosniff
      x-ms-keyvault-service-version:
      - 1.1.0.283
      x-powered-by:
      - ASP.NET
    status:
      code: 200
      message: OK
- request:
    body: ''
    headers:
      Accept:
      - application/json
      Accept-Encoding:
      - gzip, deflate
      Connection:
      - keep-alive
      Content-Length:
      - 0
      Content-Type:
      - application/json; charset=utf-8
      User-Agent:
      - python/3.7.5 (Windows-10-10.0.18362-SP0) msrest/0.6.9 msrest_azure/0.6.3 azure-keyvault/7.0
        Azure-SDK-For-Python
      accept-language:
      - en-US
    method: PUT
    uri: https://cli-test-kv-key-d-000002.vault.azure.net/keys/ec-p256-file?api-version=7.0
  response:
    body:
      string: '{"error":{"code":"Unauthorized","message":"Request is missing a Bearer
        or PoP token."}}'
    headers:
      cache-control:
      - no-cache
      content-length:
      - '87'
      content-type:
      - application/json; charset=utf-8
      date:
      - Tue, 07 Jul 2020 10:03:52 GMT
      expires:
      - '-1'
      pragma:
      - no-cache
      strict-transport-security:
      - max-age=31536000;includeSubDomains
      www-authenticate:
      - Bearer authorization="https://login.windows.net/54826b22-38d6-4fb2-bad9-b7b93a3e9c5a",
        resource="https://vault.azure.net"
      x-aspnet-version:
      - 4.0.30319
      x-content-type-options:
      - nosniff
      x-ms-keyvault-network-info:
      - conn_type=Ipv4;addr=167.220.255.120;act_addr_fam=InterNetwork;
      x-ms-keyvault-region:
      - eastus2
      x-ms-keyvault-service-version:
      - 1.1.8.0
      x-powered-by:
      - ASP.NET
    status:
      code: 401
      message: Unauthorized
- request:
    body: '{"Hsm": false, "key": {"kty": "EC", "d": "h7ffwocPm8d414HUWGzrwqnHaMeOmqH9Bmm1IwT-IvQ",
      "crv": "P-256", "x": "clUrtHdYtNdfl7cueN47hqM6SuyPn18rpsLutGJ_qHc", "y": "h6r2XZy9W_miQTUXmZWktuC5SVY7JsZ_2XINQSA9EVo"},
      "attributes": {"enabled": true}}'
    headers:
      Accept:
      - application/json
      Accept-Encoding:
      - gzip, deflate
      Connection:
      - keep-alive
      Content-Length:
      - '241'
      Content-Type:
      - application/json; charset=utf-8
      User-Agent:
      - python/3.7.5 (Windows-10-10.0.18362-SP0) msrest/0.6.9 msrest_azure/0.6.3 azure-keyvault/7.0
        Azure-SDK-For-Python
      accept-language:
      - en-US
    method: PUT
    uri: https://cli-test-kv-key-d-000002.vault.azure.net/keys/ec-p256-file?api-version=7.0
  response:
    body:
      string: '{"key":{"kid":"https://cli-test-kv-key-d-000002.vault.azure.net/keys/ec-p256-file/56c2fe09b7354472940edbd176b87659","kty":"EC","key_ops":["sign","verify"],"crv":"P-256","x":"clUrtHdYtNdfl7cueN47hqM6SuyPn18rpsLutGJ_qHc","y":"h6r2XZy9W_miQTUXmZWktuC5SVY7JsZ_2XINQSA9EVo"},"attributes":{"enabled":true,"created":1594116234,"updated":1594116234,"recoveryLevel":"Purgeable"}}'
    headers:
      cache-control:
      - no-cache
      content-length:
      - '370'
      content-type:
      - application/json; charset=utf-8
      date:
      - Tue, 07 Jul 2020 10:03:53 GMT
      expires:
      - '-1'
      pragma:
      - no-cache
      strict-transport-security:
      - max-age=31536000;includeSubDomains
      x-aspnet-version:
      - 4.0.30319
      x-content-type-options:
      - nosniff
      x-ms-keyvault-network-info:
      - conn_type=Ipv4;addr=167.220.255.120;act_addr_fam=InterNetwork;
      x-ms-keyvault-region:
      - eastus2
      x-ms-keyvault-service-version:
      - 1.1.8.0
      x-powered-by:
      - ASP.NET
    status:
      code: 200
      message: OK
- request:
    body: null
    headers:
      Accept:
      - application/json
      Accept-Encoding:
      - gzip, deflate
      Connection:
      - keep-alive
      Content-Type:
      - application/json; charset=utf-8
      User-Agent:
      - python/3.7.5 (Windows-10-10.0.18362-SP0) msrest/0.6.9 msrest_azure/0.6.3 azure-keyvault/7.0
        Azure-SDK-For-Python
      accept-language:
      - en-US
    method: GET
    uri: https://cli-test-kv-key-d-000002.vault.azure.net/keys/ec-p256-file/?api-version=7.0
  response:
    body:
      string: '{"key":{"kid":"https://cli-test-kv-key-d-000002.vault.azure.net/keys/ec-p256-file/56c2fe09b7354472940edbd176b87659","kty":"EC","key_ops":["sign","verify"],"crv":"P-256","x":"clUrtHdYtNdfl7cueN47hqM6SuyPn18rpsLutGJ_qHc","y":"h6r2XZy9W_miQTUXmZWktuC5SVY7JsZ_2XINQSA9EVo"},"attributes":{"enabled":true,"created":1594116234,"updated":1594116234,"recoveryLevel":"Purgeable"}}'
    headers:
      cache-control:
      - no-cache
      content-length:
      - '370'
      content-type:
      - application/json; charset=utf-8
      date:
      - Tue, 07 Jul 2020 10:03:55 GMT
      expires:
      - '-1'
      pragma:
      - no-cache
      strict-transport-security:
      - max-age=31536000;includeSubDomains
      x-aspnet-version:
      - 4.0.30319
      x-content-type-options:
      - nosniff
      x-ms-keyvault-network-info:
      - conn_type=Ipv4;addr=167.220.255.120;act_addr_fam=InterNetwork;
      x-ms-keyvault-region:
      - eastus2
      x-ms-keyvault-service-version:
      - 1.1.8.0
      x-powered-by:
      - ASP.NET
    status:
      code: 200
      message: OK
- request:
    body: null
    headers:
      Accept:
      - application/json
      Accept-Encoding:
      - gzip, deflate
      Connection:
      - keep-alive
      Content-Type:
      - application/json; charset=utf-8
      User-Agent:
      - python/3.7.5 (Windows-10-10.0.18362-SP0) msrest/0.6.9 msrest_azure/0.6.3 azure-keyvault/7.0
        Azure-SDK-For-Python
      accept-language:
      - en-US
    method: GET
    uri: https://cli-test-kv-key-d-000002.vault.azure.net/keys/ec-p256-file/?api-version=7.0
  response:
    body:
      string: '{"key":{"kid":"https://cli-test-kv-key-d-000002.vault.azure.net/keys/ec-p256-file/56c2fe09b7354472940edbd176b87659","kty":"EC","key_ops":["sign","verify"],"crv":"P-256","x":"clUrtHdYtNdfl7cueN47hqM6SuyPn18rpsLutGJ_qHc","y":"h6r2XZy9W_miQTUXmZWktuC5SVY7JsZ_2XINQSA9EVo"},"attributes":{"enabled":true,"created":1594116234,"updated":1594116234,"recoveryLevel":"Purgeable"}}'
    headers:
      cache-control:
      - no-cache
      content-length:
      - '370'
      content-type:
      - application/json; charset=utf-8
      date:
      - Tue, 07 Jul 2020 10:03:55 GMT
      expires:
      - '-1'
      pragma:
      - no-cache
      strict-transport-security:
      - max-age=31536000;includeSubDomains
      x-aspnet-version:
      - 4.0.30319
      x-content-type-options:
      - nosniff
      x-ms-keyvault-network-info:
      - conn_type=Ipv4;addr=167.220.255.120;act_addr_fam=InterNetwork;
      x-ms-keyvault-region:
      - eastus2
      x-ms-keyvault-service-version:
      - 1.1.8.0
      x-powered-by:
      - ASP.NET
    status:
      code: 200
      message: OK
- request:
    body: '{"Hsm": false, "key": {"kty": "EC", "d": "Rtt-De2cK9NtXOL4ujPZjM_kNw1bAMmoRKrDTWP1095OV98-LX57Yf64HImCMb9W",
      "crv": "P-384", "x": "XqAZPBetAFTWs6yfc1CtQVPPOzE-NXeTgKMTwuTqHCRj75EmiuDQ2TjmI9CBLyMO",
      "y": "RectUMm16ocn74_9MnQMQ7pb73w35nXCf-aOq1Yqe18havSs-oJwTW0FVTG0exPz"}, "attributes":
      {"enabled": true}}'
    headers:
      Accept:
      - application/json
      Accept-Encoding:
      - gzip, deflate
      Connection:
      - keep-alive
      Content-Length:
      - '304'
      Content-Type:
      - application/json; charset=utf-8
      User-Agent:
      - python/3.7.5 (Windows-10-10.0.18362-SP0) msrest/0.6.9 msrest_azure/0.6.3 azure-keyvault/7.0
        Azure-SDK-For-Python
      accept-language:
      - en-US
    method: PUT
    uri: https://cli-test-kv-key-d-000002.vault.azure.net/keys/ec-p384-file?api-version=7.0
  response:
    body:
      string: '{"key":{"kid":"https://cli-test-kv-key-d-000002.vault.azure.net/keys/ec-p384-file/bab742f33312403a9197656ba34c9bba","kty":"EC","key_ops":["sign","verify"],"crv":"P-384","x":"XqAZPBetAFTWs6yfc1CtQVPPOzE-NXeTgKMTwuTqHCRj75EmiuDQ2TjmI9CBLyMO","y":"RectUMm16ocn74_9MnQMQ7pb73w35nXCf-aOq1Yqe18havSs-oJwTW0FVTG0exPz"},"attributes":{"enabled":true,"created":1594116238,"updated":1594116238,"recoveryLevel":"Purgeable"}}'
    headers:
      cache-control:
      - no-cache
      content-length:
      - '412'
      content-type:
      - application/json; charset=utf-8
      date:
      - Tue, 07 Jul 2020 10:03:57 GMT
      expires:
      - '-1'
      pragma:
      - no-cache
      strict-transport-security:
      - max-age=31536000;includeSubDomains
      x-aspnet-version:
      - 4.0.30319
      x-content-type-options:
      - nosniff
      x-ms-keyvault-network-info:
      - conn_type=Ipv4;addr=167.220.255.120;act_addr_fam=InterNetwork;
      x-ms-keyvault-region:
      - eastus2
      x-ms-keyvault-service-version:
      - 1.1.8.0
      x-powered-by:
      - ASP.NET
    status:
      code: 200
      message: OK
- request:
    body: null
    headers:
      Accept:
      - application/json
      Accept-Encoding:
      - gzip, deflate
      Connection:
      - keep-alive
      Content-Type:
      - application/json; charset=utf-8
      User-Agent:
      - python/3.7.5 (Windows-10-10.0.18362-SP0) msrest/0.6.9 msrest_azure/0.6.3 azure-keyvault/7.0
        Azure-SDK-For-Python
      accept-language:
      - en-US
    method: GET
    uri: https://cli-test-kv-key-d-000002.vault.azure.net/keys/ec-p384-file/?api-version=7.0
  response:
    body:
      string: '{"key":{"kid":"https://cli-test-kv-key-d-000002.vault.azure.net/keys/ec-p384-file/bab742f33312403a9197656ba34c9bba","kty":"EC","key_ops":["sign","verify"],"crv":"P-384","x":"XqAZPBetAFTWs6yfc1CtQVPPOzE-NXeTgKMTwuTqHCRj75EmiuDQ2TjmI9CBLyMO","y":"RectUMm16ocn74_9MnQMQ7pb73w35nXCf-aOq1Yqe18havSs-oJwTW0FVTG0exPz"},"attributes":{"enabled":true,"created":1594116238,"updated":1594116238,"recoveryLevel":"Purgeable"}}'
    headers:
      cache-control:
      - no-cache
      content-length:
      - '412'
      content-type:
      - application/json; charset=utf-8
      date:
      - Tue, 07 Jul 2020 10:03:58 GMT
      expires:
      - '-1'
      pragma:
      - no-cache
      strict-transport-security:
      - max-age=31536000;includeSubDomains
      x-aspnet-version:
      - 4.0.30319
      x-content-type-options:
      - nosniff
      x-ms-keyvault-network-info:
      - conn_type=Ipv4;addr=167.220.255.120;act_addr_fam=InterNetwork;
      x-ms-keyvault-region:
      - eastus2
      x-ms-keyvault-service-version:
      - 1.1.8.0
      x-powered-by:
      - ASP.NET
    status:
      code: 200
      message: OK
- request:
    body: null
    headers:
      Accept:
      - application/json
      Accept-Encoding:
      - gzip, deflate
      Connection:
      - keep-alive
      Content-Type:
      - application/json; charset=utf-8
      User-Agent:
      - python/3.7.5 (Windows-10-10.0.18362-SP0) msrest/0.6.9 msrest_azure/0.6.3 azure-keyvault/7.0
        Azure-SDK-For-Python
      accept-language:
      - en-US
    method: GET
    uri: https://cli-test-kv-key-d-000002.vault.azure.net/keys/ec-p384-file/?api-version=7.0
  response:
    body:
      string: '{"key":{"kid":"https://cli-test-kv-key-d-000002.vault.azure.net/keys/ec-p384-file/bab742f33312403a9197656ba34c9bba","kty":"EC","key_ops":["sign","verify"],"crv":"P-384","x":"XqAZPBetAFTWs6yfc1CtQVPPOzE-NXeTgKMTwuTqHCRj75EmiuDQ2TjmI9CBLyMO","y":"RectUMm16ocn74_9MnQMQ7pb73w35nXCf-aOq1Yqe18havSs-oJwTW0FVTG0exPz"},"attributes":{"enabled":true,"created":1594116238,"updated":1594116238,"recoveryLevel":"Purgeable"}}'
    headers:
      cache-control:
      - no-cache
      content-length:
      - '412'
      content-type:
      - application/json; charset=utf-8
      date:
      - Tue, 07 Jul 2020 10:04:00 GMT
      expires:
      - '-1'
      pragma:
      - no-cache
      strict-transport-security:
      - max-age=31536000;includeSubDomains
      x-aspnet-version:
      - 4.0.30319
      x-content-type-options:
      - nosniff
      x-ms-keyvault-network-info:
      - conn_type=Ipv4;addr=167.220.255.120;act_addr_fam=InterNetwork;
      x-ms-keyvault-region:
      - eastus2
      x-ms-keyvault-service-version:
      - 1.1.8.0
      x-powered-by:
      - ASP.NET
    status:
      code: 200
      message: OK
- request:
    body: '{"Hsm": false, "key": {"kty": "EC", "d": "AZ6ly88rN0Shjyzwu4yG6OqyAF4l1Y8eG52bvwqbohaZ2YqlAefqXynf19QL-opHlWApjNW1wMSHz-ARglFhstsL",
      "crv": "P-521", "x": "fP-pBRcvboy_RkWltXNhc_cF29Yem4NcwlgoDVpYziBF3IrPJvvUOMH2BbudcylCN0F6rA5DybbPa7v8ZtjTmSU",
      "y": "yWlPvSzTx68r5HeOMZ4slm1g27zw_47OsygwlTJb5qOwkmjmI90FhM6FgzFcVd_Sq8WFWHkq0UFtnM5WK7RkEBo"},
      "attributes": {"enabled": true}}'
    headers:
      Accept:
      - application/json
      Accept-Encoding:
      - gzip, deflate
      Connection:
      - keep-alive
      Content-Length:
      - '374'
      Content-Type:
      - application/json; charset=utf-8
      User-Agent:
      - python/3.7.5 (Windows-10-10.0.18362-SP0) msrest/0.6.9 msrest_azure/0.6.3 azure-keyvault/7.0
        Azure-SDK-For-Python
      accept-language:
      - en-US
    method: PUT
    uri: https://cli-test-kv-key-d-000002.vault.azure.net/keys/ec-p521-file?api-version=7.0
  response:
    body:
      string: '{"key":{"kid":"https://cli-test-kv-key-d-000002.vault.azure.net/keys/ec-p521-file/302d5c4aa50f44f3adaf9b8975a96531","kty":"EC","key_ops":["sign","verify"],"crv":"P-521","x":"fP-pBRcvboy_RkWltXNhc_cF29Yem4NcwlgoDVpYziBF3IrPJvvUOMH2BbudcylCN0F6rA5DybbPa7v8ZtjTmSU","y":"yWlPvSzTx68r5HeOMZ4slm1g27zw_47OsygwlTJb5qOwkmjmI90FhM6FgzFcVd_Sq8WFWHkq0UFtnM5WK7RkEBo"},"attributes":{"enabled":true,"created":1594116242,"updated":1594116242,"recoveryLevel":"Purgeable"}}'
    headers:
      cache-control:
      - no-cache
      content-length:
      - '458'
      content-type:
      - application/json; charset=utf-8
      date:
      - Tue, 07 Jul 2020 10:04:02 GMT
      expires:
      - '-1'
      pragma:
      - no-cache
      strict-transport-security:
      - max-age=31536000;includeSubDomains
      x-aspnet-version:
      - 4.0.30319
      x-content-type-options:
      - nosniff
      x-ms-keyvault-network-info:
      - conn_type=Ipv4;addr=167.220.255.120;act_addr_fam=InterNetwork;
      x-ms-keyvault-region:
      - eastus2
      x-ms-keyvault-service-version:
      - 1.1.8.0
      x-powered-by:
      - ASP.NET
    status:
      code: 200
      message: OK
- request:
    body: null
    headers:
      Accept:
      - application/json
      Accept-Encoding:
      - gzip, deflate
      Connection:
      - keep-alive
      Content-Type:
      - application/json; charset=utf-8
      User-Agent:
      - python/3.7.5 (Windows-10-10.0.18362-SP0) msrest/0.6.9 msrest_azure/0.6.3 azure-keyvault/7.0
        Azure-SDK-For-Python
      accept-language:
      - en-US
    method: GET
    uri: https://cli-test-kv-key-d-000002.vault.azure.net/keys/ec-p521-file/?api-version=7.0
  response:
    body:
      string: '{"key":{"kid":"https://cli-test-kv-key-d-000002.vault.azure.net/keys/ec-p521-file/302d5c4aa50f44f3adaf9b8975a96531","kty":"EC","key_ops":["sign","verify"],"crv":"P-521","x":"fP-pBRcvboy_RkWltXNhc_cF29Yem4NcwlgoDVpYziBF3IrPJvvUOMH2BbudcylCN0F6rA5DybbPa7v8ZtjTmSU","y":"yWlPvSzTx68r5HeOMZ4slm1g27zw_47OsygwlTJb5qOwkmjmI90FhM6FgzFcVd_Sq8WFWHkq0UFtnM5WK7RkEBo"},"attributes":{"enabled":true,"created":1594116242,"updated":1594116242,"recoveryLevel":"Purgeable"}}'
    headers:
      cache-control:
      - no-cache
      content-length:
      - '458'
      content-type:
      - application/json; charset=utf-8
      date:
      - Tue, 07 Jul 2020 10:04:04 GMT
      expires:
      - '-1'
      pragma:
      - no-cache
      strict-transport-security:
      - max-age=31536000;includeSubDomains
      x-aspnet-version:
      - 4.0.30319
      x-content-type-options:
      - nosniff
      x-ms-keyvault-network-info:
      - conn_type=Ipv4;addr=167.220.255.120;act_addr_fam=InterNetwork;
      x-ms-keyvault-region:
      - eastus2
      x-ms-keyvault-service-version:
      - 1.1.8.0
      x-powered-by:
      - ASP.NET
    status:
      code: 200
      message: OK
- request:
    body: null
    headers:
      Accept:
      - application/json
      Accept-Encoding:
      - gzip, deflate
      Connection:
      - keep-alive
      Content-Type:
      - application/json; charset=utf-8
      User-Agent:
      - python/3.7.5 (Windows-10-10.0.18362-SP0) msrest/0.6.9 msrest_azure/0.6.3 azure-keyvault/7.0
        Azure-SDK-For-Python
      accept-language:
      - en-US
    method: GET
    uri: https://cli-test-kv-key-d-000002.vault.azure.net/keys/ec-p521-file/?api-version=7.0
  response:
    body:
      string: '{"key":{"kid":"https://cli-test-kv-key-d-000002.vault.azure.net/keys/ec-p521-file/302d5c4aa50f44f3adaf9b8975a96531","kty":"EC","key_ops":["sign","verify"],"crv":"P-521","x":"fP-pBRcvboy_RkWltXNhc_cF29Yem4NcwlgoDVpYziBF3IrPJvvUOMH2BbudcylCN0F6rA5DybbPa7v8ZtjTmSU","y":"yWlPvSzTx68r5HeOMZ4slm1g27zw_47OsygwlTJb5qOwkmjmI90FhM6FgzFcVd_Sq8WFWHkq0UFtnM5WK7RkEBo"},"attributes":{"enabled":true,"created":1594116242,"updated":1594116242,"recoveryLevel":"Purgeable"}}'
    headers:
      cache-control:
      - no-cache
      content-length:
      - '458'
      content-type:
      - application/json; charset=utf-8
      date:
      - Tue, 07 Jul 2020 10:04:04 GMT
      expires:
      - '-1'
      pragma:
      - no-cache
      strict-transport-security:
      - max-age=31536000;includeSubDomains
      x-aspnet-version:
      - 4.0.30319
      x-content-type-options:
      - nosniff
      x-ms-keyvault-network-info:
      - conn_type=Ipv4;addr=167.220.255.120;act_addr_fam=InterNetwork;
      x-ms-keyvault-region:
      - eastus2
      x-ms-keyvault-service-version:
      - 1.1.8.0
      x-powered-by:
      - ASP.NET
    status:
      code: 200
      message: OK
- request:
    body: '{"Hsm": false, "key": {"kty": "EC", "d": "zL5lKpvA5G-5YsKYQfXZMlQzrMPtAbGBhzN5T_YBkLI",
      "crv": "SECP256K1", "x": "H7Thoa_qhy7HoBSFPKOL9edHRqr305sCa7ozYkRLIe0", "y":
      "FkffDAOC8F6WQxd3aNAjDaiGC80ybBt-wy54EGeKyT8"}, "attributes": {"enabled": true}}'
    headers:
      Accept:
      - application/json
      Accept-Encoding:
      - gzip, deflate
      Connection:
      - keep-alive
      Content-Length:
      - '245'
      Content-Type:
      - application/json; charset=utf-8
      User-Agent:
      - python/3.7.5 (Windows-10-10.0.18362-SP0) msrest/0.6.9 msrest_azure/0.6.3 azure-keyvault/7.0
        Azure-SDK-For-Python
      accept-language:
      - en-US
    method: PUT
    uri: https://cli-test-kv-key-d-000002.vault.azure.net/keys/ec-p256k-file?api-version=7.0
  response:
    body:
      string: '{"key":{"kid":"https://cli-test-kv-key-d-000002.vault.azure.net/keys/ec-p256k-file/9d29c506278b492db07d4e27ee06c9af","kty":"EC","key_ops":["sign","verify"],"crv":"SECP256K1","x":"H7Thoa_qhy7HoBSFPKOL9edHRqr305sCa7ozYkRLIe0","y":"FkffDAOC8F6WQxd3aNAjDaiGC80ybBt-wy54EGeKyT8"},"attributes":{"enabled":true,"created":1594116247,"updated":1594116247,"recoveryLevel":"Purgeable"}}'
    headers:
      cache-control:
      - no-cache
      content-length:
      - '375'
      content-type:
      - application/json; charset=utf-8
      date:
      - Tue, 07 Jul 2020 10:04:06 GMT
      expires:
      - '-1'
      pragma:
      - no-cache
      strict-transport-security:
      - max-age=31536000;includeSubDomains
      x-aspnet-version:
      - 4.0.30319
      x-content-type-options:
      - nosniff
      x-ms-keyvault-network-info:
      - conn_type=Ipv4;addr=167.220.255.120;act_addr_fam=InterNetwork;
      x-ms-keyvault-region:
      - eastus2
      x-ms-keyvault-service-version:
      - 1.1.8.0
      x-powered-by:
      - ASP.NET
    status:
      code: 200
      message: OK
- request:
    body: null
    headers:
      Accept:
      - application/json
      Accept-Encoding:
      - gzip, deflate
      Connection:
      - keep-alive
      Content-Type:
      - application/json; charset=utf-8
      User-Agent:
      - python/3.7.5 (Windows-10-10.0.18362-SP0) msrest/0.6.9 msrest_azure/0.6.3 azure-keyvault/7.0
        Azure-SDK-For-Python
      accept-language:
      - en-US
    method: GET
    uri: https://cli-test-kv-key-d-000002.vault.azure.net/keys/ec-p256k-file/?api-version=7.0
  response:
    body:
      string: '{"key":{"kid":"https://cli-test-kv-key-d-000002.vault.azure.net/keys/ec-p256k-file/9d29c506278b492db07d4e27ee06c9af","kty":"EC","key_ops":["sign","verify"],"crv":"SECP256K1","x":"H7Thoa_qhy7HoBSFPKOL9edHRqr305sCa7ozYkRLIe0","y":"FkffDAOC8F6WQxd3aNAjDaiGC80ybBt-wy54EGeKyT8"},"attributes":{"enabled":true,"created":1594116247,"updated":1594116247,"recoveryLevel":"Purgeable"}}'
    headers:
      cache-control:
      - no-cache
      content-length:
      - '375'
      content-type:
      - application/json; charset=utf-8
      date:
      - Tue, 07 Jul 2020 10:04:08 GMT
      expires:
      - '-1'
      pragma:
      - no-cache
      strict-transport-security:
      - max-age=31536000;includeSubDomains
      x-aspnet-version:
      - 4.0.30319
      x-content-type-options:
      - nosniff
      x-ms-keyvault-network-info:
      - conn_type=Ipv4;addr=167.220.255.120;act_addr_fam=InterNetwork;
      x-ms-keyvault-region:
      - eastus2
      x-ms-keyvault-service-version:
      - 1.1.8.0
      x-powered-by:
      - ASP.NET
    status:
      code: 200
      message: OK
- request:
    body: null
    headers:
      Accept:
      - application/json
      Accept-Encoding:
      - gzip, deflate
      Connection:
      - keep-alive
      Content-Type:
      - application/json; charset=utf-8
      User-Agent:
      - python/3.7.5 (Windows-10-10.0.18362-SP0) msrest/0.6.9 msrest_azure/0.6.3 azure-keyvault/7.0
        Azure-SDK-For-Python
      accept-language:
      - en-US
    method: GET
    uri: https://cli-test-kv-key-d-000002.vault.azure.net/keys/ec-p256k-file/?api-version=7.0
  response:
    body:
      string: '{"key":{"kid":"https://cli-test-kv-key-d-000002.vault.azure.net/keys/ec-p256k-file/9d29c506278b492db07d4e27ee06c9af","kty":"EC","key_ops":["sign","verify"],"crv":"SECP256K1","x":"H7Thoa_qhy7HoBSFPKOL9edHRqr305sCa7ozYkRLIe0","y":"FkffDAOC8F6WQxd3aNAjDaiGC80ybBt-wy54EGeKyT8"},"attributes":{"enabled":true,"created":1594116247,"updated":1594116247,"recoveryLevel":"Purgeable"}}'
    headers:
      cache-control:
      - no-cache
      content-length:
      - '375'
      content-type:
      - application/json; charset=utf-8
      date:
      - Tue, 07 Jul 2020 10:04:09 GMT
      expires:
      - '-1'
      pragma:
      - no-cache
      strict-transport-security:
      - max-age=31536000;includeSubDomains
      x-aspnet-version:
      - 4.0.30319
      x-content-type-options:
      - nosniff
      x-ms-keyvault-network-info:
      - conn_type=Ipv4;addr=167.220.255.120;act_addr_fam=InterNetwork;
      x-ms-keyvault-region:
      - eastus2
      x-ms-keyvault-service-version:
      - 1.1.8.0
      x-powered-by:
      - ASP.NET
    status:
      code: 200
      message: OK
- request:
    body: '{"Hsm": false, "key": {"kty": "RSA", "n": "zJEYKuhIeHvKqZZtJRDtQjg17ChAZtY_yJfNqv30xnzkzOZwVmy7NViVQIRnkCYvAMCstja-EpEpeW02LD83teNQRKM9Nie74g7ehDn6ZZCSdQQ54TQemt26hMfnFVaUl376p0E398IP1leHcvYOaiVgT_ffUhNhgIUJ5sIphtf4D1p5bWFYvs_Gd-A-Fk38hnerpl7JRF4y6p5WGJzvXKKs0QVSaQ1NHD7L1tQ0xTKra3FS_BGwD7ZdgBZerqzBPgxRjuxzq2DQJlHtvINsFjJhsMtwI11UV5-tIBOEWPSBTIoQpUWGB-_4jZ44IpKlBDQuc1kqa2Y8-eO53Gxn-Q",
      "e": "AQAB", "d": "yt8yGotWI7aQ2_KEt3e79CoOv--DPvlHNEXn_6XvdFE0D0iRLASU_GinS96DXl-fyZ1LK0HK6lrvyK5YRTVEqKuQVSGWePiayat5XaSqAMOJm2bfh8nKeEdgzIH7WBwPLNcO-YQiXyEj16vidk4zKW17wJLP9HOoBG7rzN_Nkx0g2vmwPgb2MIpQQU9-O1pC3bbjfSfvahclfUTiUUTGId8RjnILP5ppToE0rm1N0NrCEBwUy7Z4DgOIOOeoOCB-RtPRqBKQCEAPHhu8c5pL_hAranvVdAP_Z41iFzWzvlftNXVA4gCp50-bs2zxk-PIZwNOVi1AEDtqj-WROB-rIQ",
      "dp": "Uhsfj7N_NR6fLEtvOBNu5Gof9QpzGoYWtoYXAbIGnMiTwoVg5LUNUOMhGHCcb7vknzwaWyNPrjjMZhpE5KK0a1hGQ8ZSm4luCNglXAptv9LKUq53GZ7QUwqoCxE0t1Dm_B-r0sXtH_Rp7vOL-t3NoUyTNcrP6q5SXiF4IW6TB5k",
      "dq": "MDQ4Qpvrhr1pr1qxn9F5oHdcqipqgZrgF6qszpbvt9ywrrdt1JdpC9RLTXIv4HSJuIXNiDTrDXNUKSdkc5Ih0sr3q-HsyVWR5j7bjKjcr_MBtaQUhXAeDJvzsDJQkFscONPjnl67rdMy_dLOPodnUPwqVWj39VN_pvj_iXlX9dE",
      "qi": "MlnTFV66f5o8xepzA2mmq98p8xawtv9fHvs7er1JgbUlFeAgid4vycPxHBVCfw9s9yp1rIUdmubCF2DMgf_t1UTB35BArN5iizwW9zh6ClNlSuZnXLld4W04eX1OYctIDWHxwmPQetYKPLKLZxb7Y-Fj0rzxXnsoSfTK_mGOgGA",
      "p": "9BRdHYHJhfR79UEXeVSj3jKKRFp7qCIzSTwxDATVjj0V-5nCqnzsTiGa7GU4me8BCPMhCgdrAvR87uouS9hwMk_FPlE4J4co4LInq0aZWiOmmqK6rUZGk5nZd8gS3TStCC659givRXs54_ZfbtK96rSwn8JiBfisYAG-rk45b3U",
      "q": "1o63lPiqS67G_EBHHrlL6KZODrpThobPbmsKPsu9xWEqabZcJjPXKcBHzVOeH-3REx3wzeZTFFlTUytswJ5hlu3kKVaYx8cq1lrb09hhy9W-o0GeqVs8YPt8Er4nIaed3nsJAsDRaeZINPS8E5I37Af8aTYhfd6QswYGTVnPKfU"},
      "attributes": {"enabled": true}}'
    headers:
      Accept:
      - application/json
      Accept-Encoding:
      - gzip, deflate
      Connection:
      - keep-alive
      Content-Length:
      - '1688'
      Content-Type:
      - application/json; charset=utf-8
      User-Agent:
      - python/3.7.5 (Windows-10-10.0.18362-SP0) msrest/0.6.9 msrest_azure/0.6.3 azure-keyvault/7.0
        Azure-SDK-For-Python
      accept-language:
      - en-US
    method: PUT
    uri: https://cli-test-kv-key-d-000002.vault.azure.net/keys/rsa-2048-file?api-version=7.0
  response:
    body:
      string: '{"key":{"kid":"https://cli-test-kv-key-d-000002.vault.azure.net/keys/rsa-2048-file/0e9e3117992a4d8c9cbfa0b55d9d5fb1","kty":"RSA","key_ops":["encrypt","decrypt","sign","verify","wrapKey","unwrapKey"],"n":"zJEYKuhIeHvKqZZtJRDtQjg17ChAZtY_yJfNqv30xnzkzOZwVmy7NViVQIRnkCYvAMCstja-EpEpeW02LD83teNQRKM9Nie74g7ehDn6ZZCSdQQ54TQemt26hMfnFVaUl376p0E398IP1leHcvYOaiVgT_ffUhNhgIUJ5sIphtf4D1p5bWFYvs_Gd-A-Fk38hnerpl7JRF4y6p5WGJzvXKKs0QVSaQ1NHD7L1tQ0xTKra3FS_BGwD7ZdgBZerqzBPgxRjuxzq2DQJlHtvINsFjJhsMtwI11UV5-tIBOEWPSBTIoQpUWGB-_4jZ44IpKlBDQuc1kqa2Y8-eO53Gxn-Q","e":"AQAB"},"attributes":{"enabled":true,"created":1594116251,"updated":1594116251,"recoveryLevel":"Purgeable"}}'
    headers:
      cache-control:
      - no-cache
      content-length:
      - '660'
      content-type:
      - application/json; charset=utf-8
      date:
      - Tue, 07 Jul 2020 10:04:11 GMT
      expires:
      - '-1'
      pragma:
      - no-cache
      strict-transport-security:
      - max-age=31536000;includeSubDomains
      x-aspnet-version:
      - 4.0.30319
      x-content-type-options:
      - nosniff
      x-ms-keyvault-network-info:
      - conn_type=Ipv4;addr=167.220.255.120;act_addr_fam=InterNetwork;
      x-ms-keyvault-region:
      - eastus2
      x-ms-keyvault-service-version:
      - 1.1.8.0
      x-powered-by:
      - ASP.NET
    status:
      code: 200
      message: OK
- request:
    body: null
    headers:
      Accept:
      - application/json
      Accept-Encoding:
      - gzip, deflate
      Connection:
      - keep-alive
      Content-Type:
      - application/json; charset=utf-8
      User-Agent:
      - python/3.7.5 (Windows-10-10.0.18362-SP0) msrest/0.6.9 msrest_azure/0.6.3 azure-keyvault/7.0
        Azure-SDK-For-Python
      accept-language:
      - en-US
    method: GET
    uri: https://cli-test-kv-key-d-000002.vault.azure.net/keys/rsa-2048-file/?api-version=7.0
  response:
    body:
      string: '{"key":{"kid":"https://cli-test-kv-key-d-000002.vault.azure.net/keys/rsa-2048-file/0e9e3117992a4d8c9cbfa0b55d9d5fb1","kty":"RSA","key_ops":["encrypt","decrypt","sign","verify","wrapKey","unwrapKey"],"n":"zJEYKuhIeHvKqZZtJRDtQjg17ChAZtY_yJfNqv30xnzkzOZwVmy7NViVQIRnkCYvAMCstja-EpEpeW02LD83teNQRKM9Nie74g7ehDn6ZZCSdQQ54TQemt26hMfnFVaUl376p0E398IP1leHcvYOaiVgT_ffUhNhgIUJ5sIphtf4D1p5bWFYvs_Gd-A-Fk38hnerpl7JRF4y6p5WGJzvXKKs0QVSaQ1NHD7L1tQ0xTKra3FS_BGwD7ZdgBZerqzBPgxRjuxzq2DQJlHtvINsFjJhsMtwI11UV5-tIBOEWPSBTIoQpUWGB-_4jZ44IpKlBDQuc1kqa2Y8-eO53Gxn-Q","e":"AQAB"},"attributes":{"enabled":true,"created":1594116251,"updated":1594116251,"recoveryLevel":"Purgeable"}}'
    headers:
      cache-control:
      - no-cache
      content-length:
      - '660'
      content-type:
      - application/json; charset=utf-8
      date:
      - Tue, 07 Jul 2020 10:04:11 GMT
      expires:
      - '-1'
      pragma:
      - no-cache
      strict-transport-security:
      - max-age=31536000;includeSubDomains
      x-aspnet-version:
      - 4.0.30319
      x-content-type-options:
      - nosniff
      x-ms-keyvault-network-info:
      - conn_type=Ipv4;addr=167.220.255.120;act_addr_fam=InterNetwork;
      x-ms-keyvault-region:
      - eastus2
      x-ms-keyvault-service-version:
      - 1.1.8.0
      x-powered-by:
      - ASP.NET
    status:
      code: 200
      message: OK
- request:
    body: null
    headers:
      Accept:
      - application/json
      Accept-Encoding:
      - gzip, deflate
      Connection:
      - keep-alive
      Content-Type:
      - application/json; charset=utf-8
      User-Agent:
      - python/3.7.5 (Windows-10-10.0.18362-SP0) msrest/0.6.9 msrest_azure/0.6.3 azure-keyvault/7.0
        Azure-SDK-For-Python
      accept-language:
      - en-US
    method: GET
    uri: https://cli-test-kv-key-d-000002.vault.azure.net/keys/rsa-2048-file/?api-version=7.0
  response:
    body:
      string: '{"key":{"kid":"https://cli-test-kv-key-d-000002.vault.azure.net/keys/rsa-2048-file/0e9e3117992a4d8c9cbfa0b55d9d5fb1","kty":"RSA","key_ops":["encrypt","decrypt","sign","verify","wrapKey","unwrapKey"],"n":"zJEYKuhIeHvKqZZtJRDtQjg17ChAZtY_yJfNqv30xnzkzOZwVmy7NViVQIRnkCYvAMCstja-EpEpeW02LD83teNQRKM9Nie74g7ehDn6ZZCSdQQ54TQemt26hMfnFVaUl376p0E398IP1leHcvYOaiVgT_ffUhNhgIUJ5sIphtf4D1p5bWFYvs_Gd-A-Fk38hnerpl7JRF4y6p5WGJzvXKKs0QVSaQ1NHD7L1tQ0xTKra3FS_BGwD7ZdgBZerqzBPgxRjuxzq2DQJlHtvINsFjJhsMtwI11UV5-tIBOEWPSBTIoQpUWGB-_4jZ44IpKlBDQuc1kqa2Y8-eO53Gxn-Q","e":"AQAB"},"attributes":{"enabled":true,"created":1594116251,"updated":1594116251,"recoveryLevel":"Purgeable"}}'
    headers:
      cache-control:
      - no-cache
      content-length:
      - '660'
      content-type:
      - application/json; charset=utf-8
      date:
      - Tue, 07 Jul 2020 10:04:13 GMT
      expires:
      - '-1'
      pragma:
      - no-cache
      strict-transport-security:
      - max-age=31536000;includeSubDomains
      x-aspnet-version:
      - 4.0.30319
      x-content-type-options:
      - nosniff
      x-ms-keyvault-network-info:
      - conn_type=Ipv4;addr=167.220.255.120;act_addr_fam=InterNetwork;
      x-ms-keyvault-region:
      - eastus2
      x-ms-keyvault-service-version:
      - 1.1.8.0
      x-powered-by:
      - ASP.NET
    status:
      code: 200
      message: OK
- request:
    body: '{"Hsm": false, "key": {"kty": "RSA", "n": "t6f3peMvTmrOtW1Zzzl1z05xGYVck3KeWnBb_TvPSZp8XczOa0QNCLJ-FFmvP7wyGrz7tsN3QNveITRqsk9_1PA3MQfxHCmBziSj2NDXPynuquwfu-ew5mhgWsI_Wbx7UpAgXWTfdmrLkcWwCXqbfR74emxVsMiItpg8aOwFhihid4ziEamMc3UX9IB6zKJN-VY3RHWa1QnFvMYXDTHjuqFIYGEGR8I5ZlJZDV_Cxkg1LqqtXjd1gNglmcRVDOaMtvLy3WvObb8QLAJsdq-3xUzgh6YWLb9ErQZ5WdbdEL3YVQwRCi6yYHk5dOMyLfGUtqJg6zxMLxW8Abso5ZAn_4ULOlgsTwCZ-IT7fMa-QnrF6CjJtD93U2jdVURTGUo9PV41SO43L69Z83FqzJUZhIZNScERIZd5Km4EAhNJN59DNge7T-089Y3iWmLGnywwoFYjoEjXVEizZPdvSSZjMECP3lLF0peFiWhcN2V2p3Q1yY3FF1TfNleTsIydz5O_",
      "e": "AQAB", "d": "N0jIs5b_1oswTkzsjASwAgeK5DPQ-lG2eWL5TfGDJJTsew_70y5Y_hU8_sNAjd8I9iONYibU7yFAbJ5qv-JOiLsG4iuR2Phlqrg82jeDk-_7eFg79UR5a-JfnvJ6P3kNZn0cQQDsg6kCPo9Tvoa556A7DB8wbFbxUIXjKXJi90-Q1IwEQWzYaqkE3QUP8impbzUUzfbY9OhMLdczeTVbaALE1r5eNZuxy6teQzhgWW_DEpkuNv5a0L5AE1mWgJulnZvR1KcYDPc8PxbRfORbydXlOvKTwBOPbcUTI9qtq3gaMg-sao6qvBF4XjUBnsAclFT9G2H0loCP-WcrkFJTgdsqucQfRm10VERmZoebyQcLMkk_yoaPFaoKHwuJJr6dQ5lAu5JJ_QYMGqd59ubq5uFJbfbD4QoCLj4p4kXrnqGzPhDAtoAyh1z9IvX0U0qvax8abl_6Ymk7raWL3zL8IfsF8JFlVni1bKNDXuZ92aHhaEbAYu3vIcKQX6eTC1kB",
      "dp": "Ms00SfWLM6cutMMAZNCwm8FOoDsrDm9j75aFdCQ51lK3Ip4HIavbnzeUM1sn9oKPvZCMya3SK1zH15JNDLkKO7AidVY3Vy7v7n4hdfbAYL7XSOgOfzXW2-Ln04Wn1q-CDVdszEhF9lTr0d-bTOUaKX6ElZtjAgvTkg_kBfaUcBe6vgFucCgMbBHRE99NHOtLH8tmMHr4_D0mmMq0GblfS6i-auCCpBqT_3tcpnEMJIaD_UF_1WrH1AHWxl4POdw_",
      "dq": "0JlS0-msFtJ3SqRvU0CddjgyN4kPHLZBn3mjrUT0xfmY33S0ePHCjLhCM7555Ic7htjpln0ImbGL6BkH1GgMVuKup2k5Gh9W95d-0TBlp0tUuHEJC0uqXFwz-8CshNHIW8MTiw7_9d_jtWkGbvIQgrEhJViR2uUnugc0kp07jFFVSfPVId5y4pMKTcRhd99uidfSseEc2Lv0KbS0Z7zkB8XRr66WIpo6VRb9Fv6G6kSovwJr2UPehiWehT6MTU3h",
      "qi": "sf40lRWUZeJE-zVe1jfmUg9UZst5muqmlcIAsmy5iz6iqyvY5HfKwtL0wwi0w9rxFcCCynp3ZSo5-5K1OoCJZEsdHp62ssfUUpp7Zpv3WsRbggb5uxzeAwM498nb5C2neYw6wq3bOrASspahdpuennaf5IyzUzzn53RaDqvDCKCkpf5eyyrHlRZIVNdTNV1HDrUb4LojzUc51smh8zzkrHGONJSpsF9SDGsRaQJqwlXxdc-KQrmhftwnHVtokGgs",
      "p": "3PFKG1CP8nMezJrRq1BLgSmLHHPIGd02vJSQuC8gM9u8v4OserU4tX3kW8uHI1P6f3PrLQwCIG4j2gzR5MB_BL78x7p-lpdI41dnt228EkQxQy2sB8CiTbxHZJ08IM-LVlgAvhX0DORuIhG4052niK8nKSDzgPlZ2bLfomdMCPkIKr7-EsN6z-AmJqNpjayWTIZyZg2Dh1mPiPdvmtdl1Gh7DvLcFGgs4nrlrnMxLKyLTU5aQjKc61pxc-1FkQ5X",
      "q": "1MwZfePZ8GfaPo91_zPqu3_yKea_Mrld22qhTPkbQHe7HWXycTmqhxyzx1KisBG5glInDHmUsSg8q9g3I7gmH1UnTG2Zps5KNXQ9DMvLXg-zQG7xZqbHXjYJDaWHrkHBB76E1IMQfBIEhBdh2c_EBhA9zmdpGeW18W1ip7hEIWVtf-qzmBcppz35qM6iFklgvYLMqqDzBFKd2lK3kurEnPHudPaSOzMjBAmzIgtvoCfcLuflNHRzgPLut6PgnXTZ"},
      "attributes": {"enabled": true}}'
    headers:
      Accept:
      - application/json
      Accept-Encoding:
      - gzip, deflate
      Connection:
      - keep-alive
      Content-Length:
      - '2453'
      Content-Type:
      - application/json; charset=utf-8
      User-Agent:
      - python/3.7.5 (Windows-10-10.0.18362-SP0) msrest/0.6.9 msrest_azure/0.6.3 azure-keyvault/7.0
        Azure-SDK-For-Python
      accept-language:
      - en-US
    method: PUT
    uri: https://cli-test-kv-key-d-000002.vault.azure.net/keys/rsa-3072-file?api-version=7.0
  response:
    body:
      string: '{"key":{"kid":"https://cli-test-kv-key-d-000002.vault.azure.net/keys/rsa-3072-file/2a954f589ed54d9bb70fbdd54030fb32","kty":"RSA","key_ops":["encrypt","decrypt","sign","verify","wrapKey","unwrapKey"],"n":"t6f3peMvTmrOtW1Zzzl1z05xGYVck3KeWnBb_TvPSZp8XczOa0QNCLJ-FFmvP7wyGrz7tsN3QNveITRqsk9_1PA3MQfxHCmBziSj2NDXPynuquwfu-ew5mhgWsI_Wbx7UpAgXWTfdmrLkcWwCXqbfR74emxVsMiItpg8aOwFhihid4ziEamMc3UX9IB6zKJN-VY3RHWa1QnFvMYXDTHjuqFIYGEGR8I5ZlJZDV_Cxkg1LqqtXjd1gNglmcRVDOaMtvLy3WvObb8QLAJsdq-3xUzgh6YWLb9ErQZ5WdbdEL3YVQwRCi6yYHk5dOMyLfGUtqJg6zxMLxW8Abso5ZAn_4ULOlgsTwCZ-IT7fMa-QnrF6CjJtD93U2jdVURTGUo9PV41SO43L69Z83FqzJUZhIZNScERIZd5Km4EAhNJN59DNge7T-089Y3iWmLGnywwoFYjoEjXVEizZPdvSSZjMECP3lLF0peFiWhcN2V2p3Q1yY3FF1TfNleTsIydz5O_","e":"AQAB"},"attributes":{"enabled":true,"created":1594116255,"updated":1594116255,"recoveryLevel":"Purgeable"}}'
    headers:
      cache-control:
      - no-cache
      content-length:
      - '830'
      content-type:
      - application/json; charset=utf-8
      date:
      - Tue, 07 Jul 2020 10:04:15 GMT
      expires:
      - '-1'
      pragma:
      - no-cache
      strict-transport-security:
      - max-age=31536000;includeSubDomains
      x-aspnet-version:
      - 4.0.30319
      x-content-type-options:
      - nosniff
      x-ms-keyvault-network-info:
      - conn_type=Ipv4;addr=167.220.255.120;act_addr_fam=InterNetwork;
      x-ms-keyvault-region:
      - eastus2
      x-ms-keyvault-service-version:
      - 1.1.8.0
      x-powered-by:
      - ASP.NET
    status:
      code: 200
      message: OK
- request:
    body: null
    headers:
      Accept:
      - application/json
      Accept-Encoding:
      - gzip, deflate
      Connection:
      - keep-alive
      Content-Type:
      - application/json; charset=utf-8
      User-Agent:
      - python/3.7.5 (Windows-10-10.0.18362-SP0) msrest/0.6.9 msrest_azure/0.6.3 azure-keyvault/7.0
        Azure-SDK-For-Python
      accept-language:
      - en-US
    method: GET
    uri: https://cli-test-kv-key-d-000002.vault.azure.net/keys/rsa-3072-file/?api-version=7.0
  response:
    body:
      string: '{"key":{"kid":"https://cli-test-kv-key-d-000002.vault.azure.net/keys/rsa-3072-file/2a954f589ed54d9bb70fbdd54030fb32","kty":"RSA","key_ops":["encrypt","decrypt","sign","verify","wrapKey","unwrapKey"],"n":"t6f3peMvTmrOtW1Zzzl1z05xGYVck3KeWnBb_TvPSZp8XczOa0QNCLJ-FFmvP7wyGrz7tsN3QNveITRqsk9_1PA3MQfxHCmBziSj2NDXPynuquwfu-ew5mhgWsI_Wbx7UpAgXWTfdmrLkcWwCXqbfR74emxVsMiItpg8aOwFhihid4ziEamMc3UX9IB6zKJN-VY3RHWa1QnFvMYXDTHjuqFIYGEGR8I5ZlJZDV_Cxkg1LqqtXjd1gNglmcRVDOaMtvLy3WvObb8QLAJsdq-3xUzgh6YWLb9ErQZ5WdbdEL3YVQwRCi6yYHk5dOMyLfGUtqJg6zxMLxW8Abso5ZAn_4ULOlgsTwCZ-IT7fMa-QnrF6CjJtD93U2jdVURTGUo9PV41SO43L69Z83FqzJUZhIZNScERIZd5Km4EAhNJN59DNge7T-089Y3iWmLGnywwoFYjoEjXVEizZPdvSSZjMECP3lLF0peFiWhcN2V2p3Q1yY3FF1TfNleTsIydz5O_","e":"AQAB"},"attributes":{"enabled":true,"created":1594116255,"updated":1594116255,"recoveryLevel":"Purgeable"}}'
    headers:
      cache-control:
      - no-cache
      content-length:
      - '830'
      content-type:
      - application/json; charset=utf-8
      date:
      - Tue, 07 Jul 2020 10:04:16 GMT
      expires:
      - '-1'
      pragma:
      - no-cache
      strict-transport-security:
      - max-age=31536000;includeSubDomains
      x-aspnet-version:
      - 4.0.30319
      x-content-type-options:
      - nosniff
      x-ms-keyvault-network-info:
      - conn_type=Ipv4;addr=167.220.255.120;act_addr_fam=InterNetwork;
      x-ms-keyvault-region:
      - eastus2
      x-ms-keyvault-service-version:
      - 1.1.8.0
      x-powered-by:
      - ASP.NET
    status:
      code: 200
      message: OK
- request:
    body: null
    headers:
      Accept:
      - application/json
      Accept-Encoding:
      - gzip, deflate
      Connection:
      - keep-alive
      Content-Type:
      - application/json; charset=utf-8
      User-Agent:
      - python/3.7.5 (Windows-10-10.0.18362-SP0) msrest/0.6.9 msrest_azure/0.6.3 azure-keyvault/7.0
        Azure-SDK-For-Python
      accept-language:
      - en-US
    method: GET
    uri: https://cli-test-kv-key-d-000002.vault.azure.net/keys/rsa-3072-file/?api-version=7.0
  response:
    body:
      string: '{"key":{"kid":"https://cli-test-kv-key-d-000002.vault.azure.net/keys/rsa-3072-file/2a954f589ed54d9bb70fbdd54030fb32","kty":"RSA","key_ops":["encrypt","decrypt","sign","verify","wrapKey","unwrapKey"],"n":"t6f3peMvTmrOtW1Zzzl1z05xGYVck3KeWnBb_TvPSZp8XczOa0QNCLJ-FFmvP7wyGrz7tsN3QNveITRqsk9_1PA3MQfxHCmBziSj2NDXPynuquwfu-ew5mhgWsI_Wbx7UpAgXWTfdmrLkcWwCXqbfR74emxVsMiItpg8aOwFhihid4ziEamMc3UX9IB6zKJN-VY3RHWa1QnFvMYXDTHjuqFIYGEGR8I5ZlJZDV_Cxkg1LqqtXjd1gNglmcRVDOaMtvLy3WvObb8QLAJsdq-3xUzgh6YWLb9ErQZ5WdbdEL3YVQwRCi6yYHk5dOMyLfGUtqJg6zxMLxW8Abso5ZAn_4ULOlgsTwCZ-IT7fMa-QnrF6CjJtD93U2jdVURTGUo9PV41SO43L69Z83FqzJUZhIZNScERIZd5Km4EAhNJN59DNge7T-089Y3iWmLGnywwoFYjoEjXVEizZPdvSSZjMECP3lLF0peFiWhcN2V2p3Q1yY3FF1TfNleTsIydz5O_","e":"AQAB"},"attributes":{"enabled":true,"created":1594116255,"updated":1594116255,"recoveryLevel":"Purgeable"}}'
    headers:
      cache-control:
      - no-cache
      content-length:
      - '830'
      content-type:
      - application/json; charset=utf-8
      date:
      - Tue, 07 Jul 2020 10:04:18 GMT
      expires:
      - '-1'
      pragma:
      - no-cache
      strict-transport-security:
      - max-age=31536000;includeSubDomains
      x-aspnet-version:
      - 4.0.30319
      x-content-type-options:
      - nosniff
      x-ms-keyvault-network-info:
      - conn_type=Ipv4;addr=167.220.255.120;act_addr_fam=InterNetwork;
      x-ms-keyvault-region:
      - eastus2
      x-ms-keyvault-service-version:
      - 1.1.8.0
      x-powered-by:
      - ASP.NET
    status:
      code: 200
      message: OK
- request:
    body: '{"Hsm": false, "key": {"kty": "RSA", "n": "3J-sKKSUS2AWjfOObdNZL1HnROsmHl4KM-w9E8uBvhmeRvEBg_v3I3EFR2tHGvRiFAvxnU6ocdKnzAmU-qzs0lKbkqIs9NjvCxNcVClwZZ5-QNlFp8FjVjf8rtWpYq_qbo2WCqMudZtk2SHZ1XEPIeL9blGG0J9RKAKhlHNeWiRxzJglponaB_TQToFfvab2iV7rwyYzObhKPRXgw6QFqVueHBKCJlOHUJDwiaHBq9h89l4isvcwafRIqGKr25H1PZpa5qB6TlDtBxfODAwFJsKZljvAPaTLCd_1cNPOiZ8G3IFel5GPuv7_9ZirVeulZ0RWWTYIO5ikFrvNG_nVUuzKG11q6tyMXhYeQRGAy10udnQ6emggtW7vA7ev8GkdQUNBmQasWvZaTdRyTjV88AUiYMgz9g5cu6UYFTCFdgUhoPbaxEd6w1JJP9GUsdIIY9aDayj2Nsf4vuwiM3RpW-YrOJIPlkRuY0XuWFrF37lVi8iIpMsgTO3XoalOg6GCW9TmHEgJkuETyLHYw84zRF40z6fTjDyGp7YChwOinmRcBF6ToVpYxsosAzUk2QfNKa5IjuRdDXEucodw_1ViAENE2m58QPNFWcSZ9FYckBA-uRn4kHffdFATR9Vx1Hh3cPESuDwXh8AzFwFuOLOATaSHkaQfGV6PQHgT7NUKv_k",
      "e": "AQAB", "d": "NZmNR-qEJLPZhu8vITuBpV9uom3GuwX50JeKVy7P_JFYxL90sM4cQr4InEtR4RiSY3BraN5dShn1rjp9uVEd0BNFvKAt7-ZsXPJ9Me1HY0jYP4UJyTHQonfDqe460sEOYYGAfGEcvnHcVGxG8fYfyQnOrGieKj0qiF_rRZepypikFSK5svY2xEwT956y1e6kYsdu2-CB_Xnqf2C7VIya24Roq0VL3WfZrhcoeSeVV9ymr2w7XeN0Ham9pTsjqZqSTD8d6n3-eNxsWZbM9lxNPBd3HOqzT8ajlWiVxq2OthyunA_KHWS92J5vLQnERoGTk70khVP9OA1jgCpsMGnIC4PInlRnoJz7A6Eq5URSuPpJ6TMYlDWxnT-YuNxGQs3hXS9bsx5L84Wc_-R_CWIGBCtGoKVXQ4YgZyWQ4bMInMhoD91r4yFKusVs5O84gdM7qmtryuNWLpyEkU_sa4b8t71kngpWBkDIU5Gfb6Fui3GCju_PEXrPTF8eeoT7MN13P7hNrPWWOfxWF6p-a4ptE6uSxkdvlNfBb1pG_FTVlEijh2lYga9sQiafHJHokcxL8mhM7h_TWuJrYAUMLN6ygrxdKuwOw_6N9PIRta9cM_RZ75oaxDef81V3SlZRac1KLNmLkJvpQb-Exq6_JJ3dkrZGwhVums_rzyTK9-Yp7Ak",
      "dp": "puHvl0HLV9TmZcQH8pnbnorrmWZcFd9JPL57iDJRZLBOTDyCATntqnsnSSdqlJczWREweE2bILKIRJE4cGYrDPbfV4LjDtCJa5Wffuj7BJKkbyjYZ-kYU2ogG-vhvBXOVejwdqlZFwegrc8ci-QCjITD-nQx_-xXDmsDOzP0BTA3DC-QKRc7eieoy7hdQFWijDAnmgteSIfzyv9YKemu01ccwZIoE9r8ROasXrkQ4o9o5PDekiPkzjZgCMk5F5RGeX8M03vj4ku79NsL8qibcU7ksYeYv0fSg104PykEsY_rVqc_DJggPKit1pEj1mCo_FlhV-Gh_Fs6gJ4VLnBFKQ",
      "dq": "t9ST4Ng-j-aHuBuEOmKhjz7qeXQ8MZylLQAQHSOpKaMyJr_zN0wkTKHwv9cp16v1bG9YXkBX3F23iCfKfLL0GnGT0SEMdrszbA3TrN3hFwUG4w0_YWDC8ucHCiawrImNT_Q1YwSgMbeTkoOqeEUVUWcqnsK0T5nAO1gJFtNWNx8BE2pdPfSPnGhrpQbVCtraasRfSbX8q7569zDp9J9r_TiiSvp2lz41P_YJTYdUVxjbFpGT3jF0oIuk0elIM3VxhSDTsvHiZ9vSsE5ZRbvkKsrTiGgEanQvFtmy3FwfwCO_YHccFBvxbHMt74Dj_VR3TZVV3g8NrtD3ORf9BFGHxw",
      "qi": "wqjRIbxdmsmbM7K2smZNGcG0Jqz6o-RhDLqTVUR7ZU0SpROIBosWYPPROsS275Rk7kA4PKyirpDLrIFecjTnMd_PkpNfUEK-w_Zzp2GyQf08m8EI7WU18SCF-3iRMOFBDHIVBqpO5HjiQDC_4Bv-ik4HZ_U3zhwtyFGF7lHwAbGWdqGdbLRAgfmyXTlHGU0h9N3vcechVIdQfHO6uCciGAtX2GqGXvo8ocQI7Jv7bogbwZYZH_AB6WilIlvoiaC6vBNi0_46j-tdRD84sjWSq1Zkp2IMuxs7AtuwmWXeOe1aOh6TrqwupuqBBjAJgPsbw5Lilm_JMcFC5FAPCaN4ww",
      "p": "_W3Tx0BLUmiI1KngxBkLy42AgxWZ5n0isLk4rZSR01qukbStY8yNKNcswKmhBHKa8dBdEc7nVjCBaA44DgnkKXzbnZcLCyZSaFl4657embH9HarcoFB8gM82caH57OuJhmoBqJjmoxwRfvdyvff4gVAVopuuZorBKUZpDnIIEwHmThqZ2vsdjKdYsOwAz5aqVFhKSAIK4_eH9FgxB3w4Q81RXe6kFxTnraJgmrzrQnao67kfOFIjvyWZKI7ypV4d7m07sMz1JUYzTZuiyIcMOzDwUYHH_t1L-Mj_GcCTFKWaJsljd166AedWe85T_mnGax8kGPq4QjtQGriW-8j5Aw",
      "q": "3tylyhmxP4rSQx5JGQWmNovoAHyD7DWU-Xm7pwvJyxr8q68H92Ws6dV9mbOuG2iUqSh4HtdknrSuKgBTNzgC55_g8o9QtQxw6UyC4odJFCtZU85TcZLidnIlVNFEwvIGTjEAIjghtZpoxSXC5sMVnsMda_aGQ6SkAeBlmdY_J9sGj40jIA3arck1sagz8pt5hIAKXwyCKRdavJREPMEeiu9clU54lcfA1nrbJobeSh4GPR7Q_5giS4O-xSuoYGes-CLIK9vdUzDXKnMl5i1_tQ9Dp0W06kMI1jPwNj7vqxRWQ5t0_3l12LAspAP5uMA1zkUlabAg8w-OeEUrD9ysUw"},
      "attributes": {"enabled": true}}'
    headers:
      Accept:
      - application/json
      Accept-Encoding:
      - gzip, deflate
      Connection:
      - keep-alive
      Content-Length:
      - '3225'
      Content-Type:
      - application/json; charset=utf-8
      User-Agent:
      - python/3.7.5 (Windows-10-10.0.18362-SP0) msrest/0.6.9 msrest_azure/0.6.3 azure-keyvault/7.0
        Azure-SDK-For-Python
      accept-language:
      - en-US
    method: PUT
    uri: https://cli-test-kv-key-d-000002.vault.azure.net/keys/rsa-4096-file?api-version=7.0
  response:
    body:
      string: '{"key":{"kid":"https://cli-test-kv-key-d-000002.vault.azure.net/keys/rsa-4096-file/484ce182ad0246fe821b6d45deadc9f7","kty":"RSA","key_ops":["encrypt","decrypt","sign","verify","wrapKey","unwrapKey"],"n":"3J-sKKSUS2AWjfOObdNZL1HnROsmHl4KM-w9E8uBvhmeRvEBg_v3I3EFR2tHGvRiFAvxnU6ocdKnzAmU-qzs0lKbkqIs9NjvCxNcVClwZZ5-QNlFp8FjVjf8rtWpYq_qbo2WCqMudZtk2SHZ1XEPIeL9blGG0J9RKAKhlHNeWiRxzJglponaB_TQToFfvab2iV7rwyYzObhKPRXgw6QFqVueHBKCJlOHUJDwiaHBq9h89l4isvcwafRIqGKr25H1PZpa5qB6TlDtBxfODAwFJsKZljvAPaTLCd_1cNPOiZ8G3IFel5GPuv7_9ZirVeulZ0RWWTYIO5ikFrvNG_nVUuzKG11q6tyMXhYeQRGAy10udnQ6emggtW7vA7ev8GkdQUNBmQasWvZaTdRyTjV88AUiYMgz9g5cu6UYFTCFdgUhoPbaxEd6w1JJP9GUsdIIY9aDayj2Nsf4vuwiM3RpW-YrOJIPlkRuY0XuWFrF37lVi8iIpMsgTO3XoalOg6GCW9TmHEgJkuETyLHYw84zRF40z6fTjDyGp7YChwOinmRcBF6ToVpYxsosAzUk2QfNKa5IjuRdDXEucodw_1ViAENE2m58QPNFWcSZ9FYckBA-uRn4kHffdFATR9Vx1Hh3cPESuDwXh8AzFwFuOLOATaSHkaQfGV6PQHgT7NUKv_k","e":"AQAB"},"attributes":{"enabled":true,"created":1594116259,"updated":1594116259,"recoveryLevel":"Purgeable"}}'
    headers:
      cache-control:
      - no-cache
      content-length:
      - '1001'
      content-type:
      - application/json; charset=utf-8
      date:
      - Tue, 07 Jul 2020 10:04:19 GMT
      expires:
      - '-1'
      pragma:
      - no-cache
      strict-transport-security:
      - max-age=31536000;includeSubDomains
      x-aspnet-version:
      - 4.0.30319
      x-content-type-options:
      - nosniff
      x-ms-keyvault-network-info:
      - conn_type=Ipv4;addr=167.220.255.120;act_addr_fam=InterNetwork;
      x-ms-keyvault-region:
      - eastus2
      x-ms-keyvault-service-version:
      - 1.1.8.0
      x-powered-by:
      - ASP.NET
    status:
      code: 200
      message: OK
- request:
    body: null
    headers:
      Accept:
      - application/json
      Accept-Encoding:
      - gzip, deflate
      Connection:
      - keep-alive
      Content-Type:
      - application/json; charset=utf-8
      User-Agent:
      - python/3.7.5 (Windows-10-10.0.18362-SP0) msrest/0.6.9 msrest_azure/0.6.3 azure-keyvault/7.0
        Azure-SDK-For-Python
      accept-language:
      - en-US
    method: GET
    uri: https://cli-test-kv-key-d-000002.vault.azure.net/keys/rsa-4096-file/?api-version=7.0
  response:
    body:
      string: '{"key":{"kid":"https://cli-test-kv-key-d-000002.vault.azure.net/keys/rsa-4096-file/484ce182ad0246fe821b6d45deadc9f7","kty":"RSA","key_ops":["encrypt","decrypt","sign","verify","wrapKey","unwrapKey"],"n":"3J-sKKSUS2AWjfOObdNZL1HnROsmHl4KM-w9E8uBvhmeRvEBg_v3I3EFR2tHGvRiFAvxnU6ocdKnzAmU-qzs0lKbkqIs9NjvCxNcVClwZZ5-QNlFp8FjVjf8rtWpYq_qbo2WCqMudZtk2SHZ1XEPIeL9blGG0J9RKAKhlHNeWiRxzJglponaB_TQToFfvab2iV7rwyYzObhKPRXgw6QFqVueHBKCJlOHUJDwiaHBq9h89l4isvcwafRIqGKr25H1PZpa5qB6TlDtBxfODAwFJsKZljvAPaTLCd_1cNPOiZ8G3IFel5GPuv7_9ZirVeulZ0RWWTYIO5ikFrvNG_nVUuzKG11q6tyMXhYeQRGAy10udnQ6emggtW7vA7ev8GkdQUNBmQasWvZaTdRyTjV88AUiYMgz9g5cu6UYFTCFdgUhoPbaxEd6w1JJP9GUsdIIY9aDayj2Nsf4vuwiM3RpW-YrOJIPlkRuY0XuWFrF37lVi8iIpMsgTO3XoalOg6GCW9TmHEgJkuETyLHYw84zRF40z6fTjDyGp7YChwOinmRcBF6ToVpYxsosAzUk2QfNKa5IjuRdDXEucodw_1ViAENE2m58QPNFWcSZ9FYckBA-uRn4kHffdFATR9Vx1Hh3cPESuDwXh8AzFwFuOLOATaSHkaQfGV6PQHgT7NUKv_k","e":"AQAB"},"attributes":{"enabled":true,"created":1594116259,"updated":1594116259,"recoveryLevel":"Purgeable"}}'
    headers:
      cache-control:
      - no-cache
      content-length:
      - '1001'
      content-type:
      - application/json; charset=utf-8
      date:
      - Tue, 07 Jul 2020 10:04:20 GMT
      expires:
      - '-1'
      pragma:
      - no-cache
      strict-transport-security:
      - max-age=31536000;includeSubDomains
      x-aspnet-version:
      - 4.0.30319
      x-content-type-options:
      - nosniff
      x-ms-keyvault-network-info:
      - conn_type=Ipv4;addr=167.220.255.120;act_addr_fam=InterNetwork;
      x-ms-keyvault-region:
      - eastus2
      x-ms-keyvault-service-version:
      - 1.1.8.0
      x-powered-by:
      - ASP.NET
    status:
      code: 200
      message: OK
- request:
    body: null
    headers:
      Accept:
      - application/json
      Accept-Encoding:
      - gzip, deflate
      Connection:
      - keep-alive
      Content-Type:
      - application/json; charset=utf-8
      User-Agent:
      - python/3.7.5 (Windows-10-10.0.18362-SP0) msrest/0.6.9 msrest_azure/0.6.3 azure-keyvault/7.0
        Azure-SDK-For-Python
      accept-language:
      - en-US
    method: GET
    uri: https://cli-test-kv-key-d-000002.vault.azure.net/keys/rsa-4096-file/?api-version=7.0
  response:
    body:
      string: '{"key":{"kid":"https://cli-test-kv-key-d-000002.vault.azure.net/keys/rsa-4096-file/484ce182ad0246fe821b6d45deadc9f7","kty":"RSA","key_ops":["encrypt","decrypt","sign","verify","wrapKey","unwrapKey"],"n":"3J-sKKSUS2AWjfOObdNZL1HnROsmHl4KM-w9E8uBvhmeRvEBg_v3I3EFR2tHGvRiFAvxnU6ocdKnzAmU-qzs0lKbkqIs9NjvCxNcVClwZZ5-QNlFp8FjVjf8rtWpYq_qbo2WCqMudZtk2SHZ1XEPIeL9blGG0J9RKAKhlHNeWiRxzJglponaB_TQToFfvab2iV7rwyYzObhKPRXgw6QFqVueHBKCJlOHUJDwiaHBq9h89l4isvcwafRIqGKr25H1PZpa5qB6TlDtBxfODAwFJsKZljvAPaTLCd_1cNPOiZ8G3IFel5GPuv7_9ZirVeulZ0RWWTYIO5ikFrvNG_nVUuzKG11q6tyMXhYeQRGAy10udnQ6emggtW7vA7ev8GkdQUNBmQasWvZaTdRyTjV88AUiYMgz9g5cu6UYFTCFdgUhoPbaxEd6w1JJP9GUsdIIY9aDayj2Nsf4vuwiM3RpW-YrOJIPlkRuY0XuWFrF37lVi8iIpMsgTO3XoalOg6GCW9TmHEgJkuETyLHYw84zRF40z6fTjDyGp7YChwOinmRcBF6ToVpYxsosAzUk2QfNKa5IjuRdDXEucodw_1ViAENE2m58QPNFWcSZ9FYckBA-uRn4kHffdFATR9Vx1Hh3cPESuDwXh8AzFwFuOLOATaSHkaQfGV6PQHgT7NUKv_k","e":"AQAB"},"attributes":{"enabled":true,"created":1594116259,"updated":1594116259,"recoveryLevel":"Purgeable"}}'
    headers:
      cache-control:
      - no-cache
      content-length:
      - '1001'
      content-type:
      - application/json; charset=utf-8
      date:
      - Tue, 07 Jul 2020 10:04:22 GMT
      expires:
      - '-1'
      pragma:
      - no-cache
      strict-transport-security:
      - max-age=31536000;includeSubDomains
      x-aspnet-version:
      - 4.0.30319
      x-content-type-options:
      - nosniff
      x-ms-keyvault-network-info:
      - conn_type=Ipv4;addr=167.220.255.120;act_addr_fam=InterNetwork;
      x-ms-keyvault-region:
      - eastus2
      x-ms-keyvault-service-version:
      - 1.1.8.0
      x-powered-by:
      - ASP.NET
    status:
      code: 200
      message: OK
- request:
    body: '{"kty": "EC-HSM", "attributes": {"enabled": true}, "crv": "P-256"}'
    headers:
      Accept:
      - application/json
      Accept-Encoding:
      - gzip, deflate
      Connection:
      - keep-alive
      Content-Length:
      - '66'
      Content-Type:
      - application/json; charset=utf-8
      User-Agent:
      - python/3.7.5 (Windows-10-10.0.18362-SP0) msrest/0.6.9 msrest_azure/0.6.3 azure-keyvault/7.0
        Azure-SDK-For-Python
      accept-language:
      - en-US
    method: POST
    uri: https://cli-test-kv-key-d-000002.vault.azure.net/keys/ec-p256-hsm-file/create?api-version=7.0
  response:
    body:
      string: '{"key":{"kid":"https://cli-test-kv-key-d-000002.vault.azure.net/keys/ec-p256-hsm-file/ebd1d2e6c33943eaa5d359e3e6f739a0","kty":"EC-HSM","key_ops":["sign","verify"],"crv":"P-256","x":"24RAuLJbvelqwiOW4WHSLi_c9xI22FoE4b1gtsYw74g","y":"8uLoOs8cxq9hx-ecY5c9JxhYBECy0GgTOQm-MTmOrgs"},"attributes":{"enabled":true,"created":1594116265,"updated":1594116265,"recoveryLevel":"Purgeable"}}'
    headers:
      cache-control:
      - no-cache
      content-length:
      - '378'
      content-type:
      - application/json; charset=utf-8
      date:
      - Tue, 07 Jul 2020 10:04:24 GMT
      expires:
      - '-1'
      pragma:
      - no-cache
      strict-transport-security:
      - max-age=31536000;includeSubDomains
      x-aspnet-version:
      - 4.0.30319
      x-content-type-options:
      - nosniff
      x-ms-keyvault-network-info:
      - conn_type=Ipv4;addr=167.220.255.120;act_addr_fam=InterNetwork;
      x-ms-keyvault-region:
      - eastus2
      x-ms-keyvault-service-version:
      - 1.1.8.0
      x-powered-by:
      - ASP.NET
    status:
      code: 200
      message: OK
- request:
    body: null
    headers:
      Accept:
      - application/json
      Accept-Encoding:
      - gzip, deflate
      Connection:
      - keep-alive
      Content-Type:
      - application/json; charset=utf-8
      User-Agent:
      - python/3.7.5 (Windows-10-10.0.18362-SP0) msrest/0.6.9 msrest_azure/0.6.3 azure-keyvault/7.0
        Azure-SDK-For-Python
      accept-language:
      - en-US
    method: GET
    uri: https://cli-test-kv-key-d-000002.vault.azure.net/keys/ec-p256-hsm-file/?api-version=7.0
  response:
    body:
      string: '{"key":{"kid":"https://cli-test-kv-key-d-000002.vault.azure.net/keys/ec-p256-hsm-file/ebd1d2e6c33943eaa5d359e3e6f739a0","kty":"EC-HSM","key_ops":["sign","verify"],"crv":"P-256","x":"24RAuLJbvelqwiOW4WHSLi_c9xI22FoE4b1gtsYw74g","y":"8uLoOs8cxq9hx-ecY5c9JxhYBECy0GgTOQm-MTmOrgs"},"attributes":{"enabled":true,"created":1594116265,"updated":1594116265,"recoveryLevel":"Purgeable"}}'
    headers:
      cache-control:
      - no-cache
      content-length:
      - '378'
      content-type:
      - application/json; charset=utf-8
      date:
      - Tue, 07 Jul 2020 10:04:26 GMT
      expires:
      - '-1'
      pragma:
      - no-cache
      strict-transport-security:
      - max-age=31536000;includeSubDomains
      x-aspnet-version:
      - 4.0.30319
      x-content-type-options:
      - nosniff
      x-ms-keyvault-network-info:
      - conn_type=Ipv4;addr=167.220.255.120;act_addr_fam=InterNetwork;
      x-ms-keyvault-region:
      - eastus2
      x-ms-keyvault-service-version:
      - 1.1.8.0
      x-powered-by:
      - ASP.NET
    status:
      code: 200
      message: OK
- request:
    body: null
    headers:
      Accept:
      - application/json
      Accept-Encoding:
      - gzip, deflate
      Connection:
      - keep-alive
      Content-Type:
      - application/json; charset=utf-8
      User-Agent:
      - python/3.7.5 (Windows-10-10.0.18362-SP0) msrest/0.6.9 msrest_azure/0.6.3 azure-keyvault/7.0
        Azure-SDK-For-Python
      accept-language:
      - en-US
    method: GET
    uri: https://cli-test-kv-key-d-000002.vault.azure.net/keys/ec-p256-hsm-file/?api-version=7.0
  response:
    body:
      string: '{"key":{"kid":"https://cli-test-kv-key-d-000002.vault.azure.net/keys/ec-p256-hsm-file/ebd1d2e6c33943eaa5d359e3e6f739a0","kty":"EC-HSM","key_ops":["sign","verify"],"crv":"P-256","x":"24RAuLJbvelqwiOW4WHSLi_c9xI22FoE4b1gtsYw74g","y":"8uLoOs8cxq9hx-ecY5c9JxhYBECy0GgTOQm-MTmOrgs"},"attributes":{"enabled":true,"created":1594116265,"updated":1594116265,"recoveryLevel":"Purgeable"}}'
    headers:
      cache-control:
      - no-cache
      content-length:
      - '378'
      content-type:
      - application/json; charset=utf-8
      date:
      - Tue, 07 Jul 2020 10:04:27 GMT
      expires:
      - '-1'
      pragma:
      - no-cache
      strict-transport-security:
      - max-age=31536000;includeSubDomains
      x-aspnet-version:
      - 4.0.30319
      x-content-type-options:
      - nosniff
      x-ms-keyvault-network-info:
      - conn_type=Ipv4;addr=167.220.255.120;act_addr_fam=InterNetwork;
      x-ms-keyvault-region:
      - eastus2
      x-ms-keyvault-service-version:
      - 1.1.8.0
      x-powered-by:
      - ASP.NET
    status:
      code: 200
      message: OK
- request:
    body: '{"kty": "EC-HSM", "attributes": {"enabled": true}, "crv": "P-384"}'
    headers:
      Accept:
      - application/json
      Accept-Encoding:
      - gzip, deflate
      Connection:
      - keep-alive
      Content-Length:
      - '66'
      Content-Type:
      - application/json; charset=utf-8
      User-Agent:
      - python/3.7.5 (Windows-10-10.0.18362-SP0) msrest/0.6.9 msrest_azure/0.6.3 azure-keyvault/7.0
        Azure-SDK-For-Python
      accept-language:
      - en-US
    method: POST
    uri: https://cli-test-kv-key-d-000002.vault.azure.net/keys/ec-p384-hsm-file/create?api-version=7.0
  response:
    body:
      string: '{"key":{"kid":"https://cli-test-kv-key-d-000002.vault.azure.net/keys/ec-p384-hsm-file/cdfdb02c90d74334840d9dce1b2dca96","kty":"EC-HSM","key_ops":["sign","verify"],"crv":"P-384","x":"O1frkc8i-iDo6XLDa80wzncKz5GmgJtbc-nzssE9kXRW78LY0edEflHwOyHzjzov","y":"mesWZbOmlaDF9XM31h4xwM4MaDVcYAPDV57dBClzGIGlQfDWz9rqmkRvQQ6mADEU"},"attributes":{"enabled":true,"created":1594116272,"updated":1594116272,"recoveryLevel":"Purgeable"}}'
    headers:
      cache-control:
      - no-cache
      content-length:
      - '420'
      content-type:
      - application/json; charset=utf-8
      date:
      - Tue, 07 Jul 2020 10:04:32 GMT
      expires:
      - '-1'
      pragma:
      - no-cache
      strict-transport-security:
      - max-age=31536000;includeSubDomains
      x-aspnet-version:
      - 4.0.30319
      x-content-type-options:
      - nosniff
      x-ms-keyvault-network-info:
      - conn_type=Ipv4;addr=167.220.255.120;act_addr_fam=InterNetwork;
      x-ms-keyvault-region:
      - eastus2
      x-ms-keyvault-service-version:
      - 1.1.8.0
      x-powered-by:
      - ASP.NET
    status:
      code: 200
      message: OK
- request:
    body: null
    headers:
      Accept:
      - application/json
      Accept-Encoding:
      - gzip, deflate
      Connection:
      - keep-alive
      Content-Type:
      - application/json; charset=utf-8
      User-Agent:
      - python/3.7.5 (Windows-10-10.0.18362-SP0) msrest/0.6.9 msrest_azure/0.6.3 azure-keyvault/7.0
        Azure-SDK-For-Python
      accept-language:
      - en-US
    method: GET
    uri: https://cli-test-kv-key-d-000002.vault.azure.net/keys/ec-p384-hsm-file/?api-version=7.0
  response:
    body:
      string: '{"key":{"kid":"https://cli-test-kv-key-d-000002.vault.azure.net/keys/ec-p384-hsm-file/cdfdb02c90d74334840d9dce1b2dca96","kty":"EC-HSM","key_ops":["sign","verify"],"crv":"P-384","x":"O1frkc8i-iDo6XLDa80wzncKz5GmgJtbc-nzssE9kXRW78LY0edEflHwOyHzjzov","y":"mesWZbOmlaDF9XM31h4xwM4MaDVcYAPDV57dBClzGIGlQfDWz9rqmkRvQQ6mADEU"},"attributes":{"enabled":true,"created":1594116272,"updated":1594116272,"recoveryLevel":"Purgeable"}}'
    headers:
      cache-control:
      - no-cache
      content-length:
      - '420'
      content-type:
      - application/json; charset=utf-8
      date:
      - Tue, 07 Jul 2020 10:04:33 GMT
      expires:
      - '-1'
      pragma:
      - no-cache
      strict-transport-security:
      - max-age=31536000;includeSubDomains
      x-aspnet-version:
      - 4.0.30319
      x-content-type-options:
      - nosniff
      x-ms-keyvault-network-info:
      - conn_type=Ipv4;addr=167.220.255.120;act_addr_fam=InterNetwork;
      x-ms-keyvault-region:
      - eastus2
      x-ms-keyvault-service-version:
      - 1.1.8.0
      x-powered-by:
      - ASP.NET
    status:
      code: 200
      message: OK
- request:
    body: null
    headers:
      Accept:
      - application/json
      Accept-Encoding:
      - gzip, deflate
      Connection:
      - keep-alive
      Content-Type:
      - application/json; charset=utf-8
      User-Agent:
      - python/3.7.5 (Windows-10-10.0.18362-SP0) msrest/0.6.9 msrest_azure/0.6.3 azure-keyvault/7.0
        Azure-SDK-For-Python
      accept-language:
      - en-US
    method: GET
    uri: https://cli-test-kv-key-d-000002.vault.azure.net/keys/ec-p384-hsm-file/?api-version=7.0
  response:
    body:
      string: '{"key":{"kid":"https://cli-test-kv-key-d-000002.vault.azure.net/keys/ec-p384-hsm-file/cdfdb02c90d74334840d9dce1b2dca96","kty":"EC-HSM","key_ops":["sign","verify"],"crv":"P-384","x":"O1frkc8i-iDo6XLDa80wzncKz5GmgJtbc-nzssE9kXRW78LY0edEflHwOyHzjzov","y":"mesWZbOmlaDF9XM31h4xwM4MaDVcYAPDV57dBClzGIGlQfDWz9rqmkRvQQ6mADEU"},"attributes":{"enabled":true,"created":1594116272,"updated":1594116272,"recoveryLevel":"Purgeable"}}'
    headers:
      cache-control:
      - no-cache
      content-length:
      - '420'
      content-type:
      - application/json; charset=utf-8
      date:
      - Tue, 07 Jul 2020 10:04:35 GMT
      expires:
      - '-1'
      pragma:
      - no-cache
      strict-transport-security:
      - max-age=31536000;includeSubDomains
      x-aspnet-version:
      - 4.0.30319
      x-content-type-options:
      - nosniff
      x-ms-keyvault-network-info:
      - conn_type=Ipv4;addr=167.220.255.120;act_addr_fam=InterNetwork;
      x-ms-keyvault-region:
      - eastus2
      x-ms-keyvault-service-version:
      - 1.1.8.0
      x-powered-by:
      - ASP.NET
    status:
      code: 200
      message: OK
- request:
    body: '{"kty": "EC-HSM", "attributes": {"enabled": true}, "crv": "P-521"}'
    headers:
      Accept:
      - application/json
      Accept-Encoding:
      - gzip, deflate
      Connection:
      - keep-alive
      Content-Length:
      - '66'
      Content-Type:
      - application/json; charset=utf-8
      User-Agent:
      - python/3.7.5 (Windows-10-10.0.18362-SP0) msrest/0.6.9 msrest_azure/0.6.3 azure-keyvault/7.0
        Azure-SDK-For-Python
      accept-language:
      - en-US
    method: POST
    uri: https://cli-test-kv-key-d-000002.vault.azure.net/keys/ec-p521-hsm-file/create?api-version=7.0
  response:
    body:
      string: '{"key":{"kid":"https://cli-test-kv-key-d-000002.vault.azure.net/keys/ec-p521-hsm-file/e0a35823bb0b496898fc870f49e0b848","kty":"EC-HSM","key_ops":["sign","verify"],"crv":"P-521","x":"AKRk78FEPYmzabQDq2soGv1uL5LUbXgixySySytCywqDtdkLaPUyX0j41vUNDf5951u5I-pqeZo13a1Ff3mZ5Jqz","y":"AX6fPMGpgGPD6tqQHMO8vNOJEaYvfJHiwe-yN2z090fF1I0yjgCqsN8AXTA0Atb8AgAhfnS71fjJ9YXlrCgWnrbb"},"attributes":{"enabled":true,"created":1594116282,"updated":1594116282,"recoveryLevel":"Purgeable"}}'
    headers:
      cache-control:
      - no-cache
      content-length:
      - '468'
      content-type:
      - application/json; charset=utf-8
      date:
      - Tue, 07 Jul 2020 10:04:42 GMT
      expires:
      - '-1'
      pragma:
      - no-cache
      strict-transport-security:
      - max-age=31536000;includeSubDomains
      x-aspnet-version:
      - 4.0.30319
      x-content-type-options:
      - nosniff
      x-ms-keyvault-network-info:
      - conn_type=Ipv4;addr=167.220.255.120;act_addr_fam=InterNetwork;
      x-ms-keyvault-region:
      - eastus2
      x-ms-keyvault-service-version:
      - 1.1.8.0
      x-powered-by:
      - ASP.NET
    status:
      code: 200
      message: OK
- request:
    body: null
    headers:
      Accept:
      - application/json
      Accept-Encoding:
      - gzip, deflate
      Connection:
      - keep-alive
      Content-Type:
      - application/json; charset=utf-8
      User-Agent:
      - python/3.7.5 (Windows-10-10.0.18362-SP0) msrest/0.6.9 msrest_azure/0.6.3 azure-keyvault/7.0
        Azure-SDK-For-Python
      accept-language:
      - en-US
    method: GET
    uri: https://cli-test-kv-key-d-000002.vault.azure.net/keys/ec-p521-hsm-file/?api-version=7.0
  response:
    body:
      string: '{"key":{"kid":"https://cli-test-kv-key-d-000002.vault.azure.net/keys/ec-p521-hsm-file/e0a35823bb0b496898fc870f49e0b848","kty":"EC-HSM","key_ops":["sign","verify"],"crv":"P-521","x":"AKRk78FEPYmzabQDq2soGv1uL5LUbXgixySySytCywqDtdkLaPUyX0j41vUNDf5951u5I-pqeZo13a1Ff3mZ5Jqz","y":"AX6fPMGpgGPD6tqQHMO8vNOJEaYvfJHiwe-yN2z090fF1I0yjgCqsN8AXTA0Atb8AgAhfnS71fjJ9YXlrCgWnrbb"},"attributes":{"enabled":true,"created":1594116282,"updated":1594116282,"recoveryLevel":"Purgeable"}}'
    headers:
      cache-control:
      - no-cache
      content-length:
      - '468'
      content-type:
      - application/json; charset=utf-8
      date:
      - Tue, 07 Jul 2020 10:04:43 GMT
      expires:
      - '-1'
      pragma:
      - no-cache
      strict-transport-security:
      - max-age=31536000;includeSubDomains
      x-aspnet-version:
      - 4.0.30319
      x-content-type-options:
      - nosniff
      x-ms-keyvault-network-info:
      - conn_type=Ipv4;addr=167.220.255.120;act_addr_fam=InterNetwork;
      x-ms-keyvault-region:
      - eastus2
      x-ms-keyvault-service-version:
      - 1.1.8.0
      x-powered-by:
      - ASP.NET
    status:
      code: 200
      message: OK
- request:
    body: null
    headers:
      Accept:
      - application/json
      Accept-Encoding:
      - gzip, deflate
      Connection:
      - keep-alive
      Content-Type:
      - application/json; charset=utf-8
      User-Agent:
      - python/3.7.5 (Windows-10-10.0.18362-SP0) msrest/0.6.9 msrest_azure/0.6.3 azure-keyvault/7.0
        Azure-SDK-For-Python
      accept-language:
      - en-US
    method: GET
    uri: https://cli-test-kv-key-d-000002.vault.azure.net/keys/ec-p521-hsm-file/?api-version=7.0
  response:
    body:
      string: '{"key":{"kid":"https://cli-test-kv-key-d-000002.vault.azure.net/keys/ec-p521-hsm-file/e0a35823bb0b496898fc870f49e0b848","kty":"EC-HSM","key_ops":["sign","verify"],"crv":"P-521","x":"AKRk78FEPYmzabQDq2soGv1uL5LUbXgixySySytCywqDtdkLaPUyX0j41vUNDf5951u5I-pqeZo13a1Ff3mZ5Jqz","y":"AX6fPMGpgGPD6tqQHMO8vNOJEaYvfJHiwe-yN2z090fF1I0yjgCqsN8AXTA0Atb8AgAhfnS71fjJ9YXlrCgWnrbb"},"attributes":{"enabled":true,"created":1594116282,"updated":1594116282,"recoveryLevel":"Purgeable"}}'
    headers:
      cache-control:
      - no-cache
      content-length:
      - '468'
      content-type:
      - application/json; charset=utf-8
      date:
      - Tue, 07 Jul 2020 10:04:44 GMT
      expires:
      - '-1'
      pragma:
      - no-cache
      strict-transport-security:
      - max-age=31536000;includeSubDomains
      x-aspnet-version:
      - 4.0.30319
      x-content-type-options:
      - nosniff
      x-ms-keyvault-network-info:
      - conn_type=Ipv4;addr=167.220.255.120;act_addr_fam=InterNetwork;
      x-ms-keyvault-region:
      - eastus2
      x-ms-keyvault-service-version:
      - 1.1.8.0
      x-powered-by:
      - ASP.NET
    status:
      code: 200
      message: OK
- request:
    body: '{"kty": "EC-HSM", "attributes": {"enabled": true}, "crv": "P-256K"}'
    headers:
      Accept:
      - application/json
      Accept-Encoding:
      - gzip, deflate
      Connection:
      - keep-alive
      Content-Length:
      - '67'
      Content-Type:
      - application/json; charset=utf-8
      User-Agent:
      - python/3.7.5 (Windows-10-10.0.18362-SP0) msrest/0.6.9 msrest_azure/0.6.3 azure-keyvault/7.0
        Azure-SDK-For-Python
      accept-language:
      - en-US
    method: POST
    uri: https://cli-test-kv-key-d-000002.vault.azure.net/keys/ec-p256k-hsm-file/create?api-version=7.0
  response:
    body:
      string: '{"key":{"kid":"https://cli-test-kv-key-d-000002.vault.azure.net/keys/ec-p256k-hsm-file/1291e0f9d209443f88cd7053d64ab906","kty":"EC-HSM","key_ops":["sign","verify"],"crv":"P-256K","x":"4avenoQGBHMvLqI1OVsrnQ6d-rDMipmbK40XQn2GVQo","y":"fBOOe0EdG_Uo0yAe7ONil4XEPJvmi_zw-Qn5TYWSJWw"},"attributes":{"enabled":true,"created":1594116288,"updated":1594116288,"recoveryLevel":"Purgeable"}}'
    headers:
      cache-control:
      - no-cache
      content-length:
      - '380'
      content-type:
      - application/json; charset=utf-8
      date:
      - Tue, 07 Jul 2020 10:04:47 GMT
      expires:
      - '-1'
      pragma:
      - no-cache
      strict-transport-security:
      - max-age=31536000;includeSubDomains
      x-aspnet-version:
      - 4.0.30319
      x-content-type-options:
      - nosniff
      x-ms-keyvault-network-info:
      - conn_type=Ipv4;addr=167.220.255.120;act_addr_fam=InterNetwork;
      x-ms-keyvault-region:
      - eastus2
      x-ms-keyvault-service-version:
      - 1.1.8.0
      x-powered-by:
      - ASP.NET
    status:
      code: 200
      message: OK
- request:
    body: null
    headers:
      Accept:
      - application/json
      Accept-Encoding:
      - gzip, deflate
      Connection:
      - keep-alive
      Content-Type:
      - application/json; charset=utf-8
      User-Agent:
      - python/3.7.5 (Windows-10-10.0.18362-SP0) msrest/0.6.9 msrest_azure/0.6.3 azure-keyvault/7.0
        Azure-SDK-For-Python
      accept-language:
      - en-US
    method: GET
    uri: https://cli-test-kv-key-d-000002.vault.azure.net/keys/ec-p256k-hsm-file/?api-version=7.0
  response:
    body:
      string: '{"key":{"kid":"https://cli-test-kv-key-d-000002.vault.azure.net/keys/ec-p256k-hsm-file/1291e0f9d209443f88cd7053d64ab906","kty":"EC-HSM","key_ops":["sign","verify"],"crv":"P-256K","x":"4avenoQGBHMvLqI1OVsrnQ6d-rDMipmbK40XQn2GVQo","y":"fBOOe0EdG_Uo0yAe7ONil4XEPJvmi_zw-Qn5TYWSJWw"},"attributes":{"enabled":true,"created":1594116288,"updated":1594116288,"recoveryLevel":"Purgeable"}}'
    headers:
      cache-control:
      - no-cache
      content-length:
      - '380'
      content-type:
      - application/json; charset=utf-8
      date:
      - Tue, 07 Jul 2020 10:04:48 GMT
      expires:
      - '-1'
      pragma:
      - no-cache
      strict-transport-security:
      - max-age=31536000;includeSubDomains
      x-aspnet-version:
      - 4.0.30319
      x-content-type-options:
      - nosniff
      x-ms-keyvault-network-info:
      - conn_type=Ipv4;addr=167.220.255.120;act_addr_fam=InterNetwork;
      x-ms-keyvault-region:
      - eastus2
      x-ms-keyvault-service-version:
      - 1.1.8.0
      x-powered-by:
      - ASP.NET
    status:
      code: 200
      message: OK
- request:
    body: null
    headers:
      Accept:
      - application/json
      Accept-Encoding:
      - gzip, deflate
      Connection:
      - keep-alive
      Content-Type:
      - application/json; charset=utf-8
      User-Agent:
      - python/3.7.5 (Windows-10-10.0.18362-SP0) msrest/0.6.9 msrest_azure/0.6.3 azure-keyvault/7.0
        Azure-SDK-For-Python
      accept-language:
      - en-US
    method: GET
    uri: https://cli-test-kv-key-d-000002.vault.azure.net/keys/ec-p256k-hsm-file/?api-version=7.0
  response:
    body:
      string: '{"key":{"kid":"https://cli-test-kv-key-d-000002.vault.azure.net/keys/ec-p256k-hsm-file/1291e0f9d209443f88cd7053d64ab906","kty":"EC-HSM","key_ops":["sign","verify"],"crv":"P-256K","x":"4avenoQGBHMvLqI1OVsrnQ6d-rDMipmbK40XQn2GVQo","y":"fBOOe0EdG_Uo0yAe7ONil4XEPJvmi_zw-Qn5TYWSJWw"},"attributes":{"enabled":true,"created":1594116288,"updated":1594116288,"recoveryLevel":"Purgeable"}}'
    headers:
      cache-control:
      - no-cache
      content-length:
      - '380'
      content-type:
      - application/json; charset=utf-8
      date:
      - Tue, 07 Jul 2020 10:04:50 GMT
      expires:
      - '-1'
      pragma:
      - no-cache
      strict-transport-security:
      - max-age=31536000;includeSubDomains
      x-aspnet-version:
      - 4.0.30319
      x-content-type-options:
      - nosniff
      x-ms-keyvault-network-info:
      - conn_type=Ipv4;addr=167.220.255.120;act_addr_fam=InterNetwork;
      x-ms-keyvault-region:
      - eastus2
      x-ms-keyvault-service-version:
      - 1.1.8.0
      x-powered-by:
      - ASP.NET
    status:
      code: 200
      message: OK
- request:
    body: '{"kty": "RSA-HSM", "key_size": 2048, "attributes": {"enabled": true}}'
    headers:
      Accept:
      - application/json
      Accept-Encoding:
      - gzip, deflate
      Connection:
      - keep-alive
      Content-Length:
      - '69'
      Content-Type:
      - application/json; charset=utf-8
      User-Agent:
      - python/3.7.5 (Windows-10-10.0.18362-SP0) msrest/0.6.9 msrest_azure/0.6.3 azure-keyvault/7.0
        Azure-SDK-For-Python
      accept-language:
      - en-US
    method: POST
    uri: https://cli-test-kv-key-d-000002.vault.azure.net/keys/rsa-2048-hsm-file/create?api-version=7.0
  response:
    body:
      string: '{"key":{"kid":"https://cli-test-kv-key-d-000002.vault.azure.net/keys/rsa-2048-hsm-file/517c8a8c9d34458682fc941203b3344c","kty":"RSA-HSM","key_ops":["encrypt","decrypt","sign","verify","wrapKey","unwrapKey"],"n":"wuxiYJeWfzawLS2STM74SpbTIpPZSUj-qPq0iwSvZeErORH9X5V_GQY9gMtqYQ_9OD02KdPyrjVrH64Ts-rk8zGsd2Wtz81pK5J7bo-_k5ZfDLgvZG2PWtj9ROUycFCQrzGpE_gTHp2J-z1EtChsEpyw4BkkucS1DfOHoDsheQU5DSNKVrJcfj7bUjGkraUfGcC-NcgKYzP-2bi-pRGIZHAN51japRJTh7Csa0zRX2PBJ8EEMPOrc0Cd3q2sZkWEFe9mBqKkkL0kLZrhOCMR5Unv71Xf-DO5haaQoFHwDkTeHiiQlqgtn2r_h72Wnl5ptQ_BJ-OVuOCF661pALWLjQ","e":"AAEAAQ"},"attributes":{"enabled":true,"created":1594116292,"updated":1594116292,"recoveryLevel":"Purgeable"}}'
    headers:
      cache-control:
      - no-cache
      content-length:
      - '670'
      content-type:
      - application/json; charset=utf-8
      date:
      - Tue, 07 Jul 2020 10:04:52 GMT
      expires:
      - '-1'
      pragma:
      - no-cache
      strict-transport-security:
      - max-age=31536000;includeSubDomains
      x-aspnet-version:
      - 4.0.30319
      x-content-type-options:
      - nosniff
      x-ms-keyvault-network-info:
      - conn_type=Ipv4;addr=167.220.255.120;act_addr_fam=InterNetwork;
      x-ms-keyvault-region:
      - eastus2
      x-ms-keyvault-service-version:
      - 1.1.8.0
      x-powered-by:
      - ASP.NET
    status:
      code: 200
      message: OK
- request:
    body: null
    headers:
      Accept:
      - application/json
      Accept-Encoding:
      - gzip, deflate
      Connection:
      - keep-alive
      Content-Type:
      - application/json; charset=utf-8
      User-Agent:
      - python/3.7.5 (Windows-10-10.0.18362-SP0) msrest/0.6.9 msrest_azure/0.6.3 azure-keyvault/7.0
        Azure-SDK-For-Python
      accept-language:
      - en-US
    method: GET
    uri: https://cli-test-kv-key-d-000002.vault.azure.net/keys/rsa-2048-hsm-file/?api-version=7.0
  response:
    body:
      string: '{"key":{"kid":"https://cli-test-kv-key-d-000002.vault.azure.net/keys/rsa-2048-hsm-file/517c8a8c9d34458682fc941203b3344c","kty":"RSA-HSM","key_ops":["encrypt","decrypt","sign","verify","wrapKey","unwrapKey"],"n":"wuxiYJeWfzawLS2STM74SpbTIpPZSUj-qPq0iwSvZeErORH9X5V_GQY9gMtqYQ_9OD02KdPyrjVrH64Ts-rk8zGsd2Wtz81pK5J7bo-_k5ZfDLgvZG2PWtj9ROUycFCQrzGpE_gTHp2J-z1EtChsEpyw4BkkucS1DfOHoDsheQU5DSNKVrJcfj7bUjGkraUfGcC-NcgKYzP-2bi-pRGIZHAN51japRJTh7Csa0zRX2PBJ8EEMPOrc0Cd3q2sZkWEFe9mBqKkkL0kLZrhOCMR5Unv71Xf-DO5haaQoFHwDkTeHiiQlqgtn2r_h72Wnl5ptQ_BJ-OVuOCF661pALWLjQ","e":"AAEAAQ"},"attributes":{"enabled":true,"created":1594116292,"updated":1594116292,"recoveryLevel":"Purgeable"}}'
    headers:
      cache-control:
      - no-cache
      content-length:
      - '670'
      content-type:
      - application/json; charset=utf-8
      date:
      - Tue, 07 Jul 2020 10:04:54 GMT
      expires:
      - '-1'
      pragma:
      - no-cache
      strict-transport-security:
      - max-age=31536000;includeSubDomains
      x-aspnet-version:
      - 4.0.30319
      x-content-type-options:
      - nosniff
      x-ms-keyvault-network-info:
      - conn_type=Ipv4;addr=167.220.255.120;act_addr_fam=InterNetwork;
      x-ms-keyvault-region:
      - eastus2
      x-ms-keyvault-service-version:
      - 1.1.8.0
      x-powered-by:
      - ASP.NET
    status:
      code: 200
      message: OK
- request:
    body: null
    headers:
      Accept:
      - application/json
      Accept-Encoding:
      - gzip, deflate
      Connection:
      - keep-alive
      Content-Type:
      - application/json; charset=utf-8
      User-Agent:
      - python/3.7.5 (Windows-10-10.0.18362-SP0) msrest/0.6.9 msrest_azure/0.6.3 azure-keyvault/7.0
        Azure-SDK-For-Python
      accept-language:
      - en-US
    method: GET
    uri: https://cli-test-kv-key-d-000002.vault.azure.net/keys/rsa-2048-hsm-file/?api-version=7.0
  response:
    body:
      string: '{"key":{"kid":"https://cli-test-kv-key-d-000002.vault.azure.net/keys/rsa-2048-hsm-file/517c8a8c9d34458682fc941203b3344c","kty":"RSA-HSM","key_ops":["encrypt","decrypt","sign","verify","wrapKey","unwrapKey"],"n":"wuxiYJeWfzawLS2STM74SpbTIpPZSUj-qPq0iwSvZeErORH9X5V_GQY9gMtqYQ_9OD02KdPyrjVrH64Ts-rk8zGsd2Wtz81pK5J7bo-_k5ZfDLgvZG2PWtj9ROUycFCQrzGpE_gTHp2J-z1EtChsEpyw4BkkucS1DfOHoDsheQU5DSNKVrJcfj7bUjGkraUfGcC-NcgKYzP-2bi-pRGIZHAN51japRJTh7Csa0zRX2PBJ8EEMPOrc0Cd3q2sZkWEFe9mBqKkkL0kLZrhOCMR5Unv71Xf-DO5haaQoFHwDkTeHiiQlqgtn2r_h72Wnl5ptQ_BJ-OVuOCF661pALWLjQ","e":"AAEAAQ"},"attributes":{"enabled":true,"created":1594116292,"updated":1594116292,"recoveryLevel":"Purgeable"}}'
    headers:
      cache-control:
      - no-cache
      content-length:
      - '670'
      content-type:
      - application/json; charset=utf-8
      date:
      - Tue, 07 Jul 2020 10:04:55 GMT
      expires:
      - '-1'
      pragma:
      - no-cache
      strict-transport-security:
      - max-age=31536000;includeSubDomains
      x-aspnet-version:
      - 4.0.30319
      x-content-type-options:
      - nosniff
      x-ms-keyvault-network-info:
      - conn_type=Ipv4;addr=167.220.255.120;act_addr_fam=InterNetwork;
      x-ms-keyvault-region:
      - eastus2
      x-ms-keyvault-service-version:
      - 1.1.8.0
      x-powered-by:
      - ASP.NET
    status:
      code: 200
      message: OK
- request:
    body: '{"kty": "RSA-HSM", "key_size": 3072, "attributes": {"enabled": true}}'
    headers:
      Accept:
      - application/json
      Accept-Encoding:
      - gzip, deflate
      Connection:
      - keep-alive
      Content-Length:
      - '69'
      Content-Type:
      - application/json; charset=utf-8
      User-Agent:
      - python/3.7.5 (Windows-10-10.0.18362-SP0) msrest/0.6.9 msrest_azure/0.6.3 azure-keyvault/7.0
        Azure-SDK-For-Python
      accept-language:
      - en-US
    method: POST
    uri: https://cli-test-kv-key-d-000002.vault.azure.net/keys/rsa-3072-hsm-file/create?api-version=7.0
  response:
    body:
      string: '{"key":{"kid":"https://cli-test-kv-key-d-000002.vault.azure.net/keys/rsa-3072-hsm-file/24a7511f3fa44953b89c287e2afa1316","kty":"RSA-HSM","key_ops":["encrypt","decrypt","sign","verify","wrapKey","unwrapKey"],"n":"uxILV7ueLBepL4QdI4LA4bFnH03f4_yZZCmvPUgC2tWbwa3k3QhOBy4x5-5-7NDvDaltSuspiKtioz_KxP8j7t3vQC-Ab-B2zJDF5J_U2FPbixj0EZOaDMUZcrRFqrYJnzH8hk5WRjZ42vZwCLSaXhiTY25sFj5g7IYSRCOZmx3mJCFVMxthF5HpZ9-udPX16CoXLl_Uybt_QyPKCoYvH6Q-cElcjReAZy_1J0_eHKZffdkn1WU_Y82mlYvLiByas-zpGeumruNKa9ncwN6IESOf_O52le_Pz6oOft3B_Aia06aym03LqXNuT_oVn-_uojFLOBWdEVp9KyUH417jhcNdEd9v2MdonSFLp_gRpdRvKct9oLgPjypSe8E2yYA5959NP_afKiaVgocZPm0h5tUYGAycUAOcPoyVob6ZfTkA66LqPyFZF-TyqlNMmuiROJ98uPrX4EKOT2agp1nkIrL2q-plsyTS4gDJA0sQx1ePiVm4rydgmNt-7vz0weHx","e":"AAEAAQ"},"attributes":{"enabled":true,"created":1594116298,"updated":1594116298,"recoveryLevel":"Purgeable"}}'
    headers:
      cache-control:
      - no-cache
      content-length:
      - '840'
      content-type:
      - application/json; charset=utf-8
      date:
      - Tue, 07 Jul 2020 10:04:58 GMT
      expires:
      - '-1'
      pragma:
      - no-cache
      strict-transport-security:
      - max-age=31536000;includeSubDomains
      x-aspnet-version:
      - 4.0.30319
      x-content-type-options:
      - nosniff
      x-ms-keyvault-network-info:
      - conn_type=Ipv4;addr=167.220.255.120;act_addr_fam=InterNetwork;
      x-ms-keyvault-region:
      - eastus2
      x-ms-keyvault-service-version:
      - 1.1.8.0
      x-powered-by:
      - ASP.NET
    status:
      code: 200
      message: OK
- request:
    body: null
    headers:
      Accept:
      - application/json
      Accept-Encoding:
      - gzip, deflate
      Connection:
      - keep-alive
      Content-Type:
      - application/json; charset=utf-8
      User-Agent:
      - python/3.7.5 (Windows-10-10.0.18362-SP0) msrest/0.6.9 msrest_azure/0.6.3 azure-keyvault/7.0
        Azure-SDK-For-Python
      accept-language:
      - en-US
    method: GET
    uri: https://cli-test-kv-key-d-000002.vault.azure.net/keys/rsa-3072-hsm-file/?api-version=7.0
  response:
    body:
      string: '{"key":{"kid":"https://cli-test-kv-key-d-000002.vault.azure.net/keys/rsa-3072-hsm-file/24a7511f3fa44953b89c287e2afa1316","kty":"RSA-HSM","key_ops":["encrypt","decrypt","sign","verify","wrapKey","unwrapKey"],"n":"uxILV7ueLBepL4QdI4LA4bFnH03f4_yZZCmvPUgC2tWbwa3k3QhOBy4x5-5-7NDvDaltSuspiKtioz_KxP8j7t3vQC-Ab-B2zJDF5J_U2FPbixj0EZOaDMUZcrRFqrYJnzH8hk5WRjZ42vZwCLSaXhiTY25sFj5g7IYSRCOZmx3mJCFVMxthF5HpZ9-udPX16CoXLl_Uybt_QyPKCoYvH6Q-cElcjReAZy_1J0_eHKZffdkn1WU_Y82mlYvLiByas-zpGeumruNKa9ncwN6IESOf_O52le_Pz6oOft3B_Aia06aym03LqXNuT_oVn-_uojFLOBWdEVp9KyUH417jhcNdEd9v2MdonSFLp_gRpdRvKct9oLgPjypSe8E2yYA5959NP_afKiaVgocZPm0h5tUYGAycUAOcPoyVob6ZfTkA66LqPyFZF-TyqlNMmuiROJ98uPrX4EKOT2agp1nkIrL2q-plsyTS4gDJA0sQx1ePiVm4rydgmNt-7vz0weHx","e":"AAEAAQ"},"attributes":{"enabled":true,"created":1594116298,"updated":1594116298,"recoveryLevel":"Purgeable"}}'
    headers:
      cache-control:
      - no-cache
      content-length:
      - '840'
      content-type:
      - application/json; charset=utf-8
      date:
      - Tue, 07 Jul 2020 10:04:59 GMT
      expires:
      - '-1'
      pragma:
      - no-cache
      strict-transport-security:
      - max-age=31536000;includeSubDomains
      x-aspnet-version:
      - 4.0.30319
      x-content-type-options:
      - nosniff
      x-ms-keyvault-network-info:
      - conn_type=Ipv4;addr=167.220.255.120;act_addr_fam=InterNetwork;
      x-ms-keyvault-region:
      - eastus2
      x-ms-keyvault-service-version:
      - 1.1.8.0
      x-powered-by:
      - ASP.NET
    status:
      code: 200
      message: OK
- request:
    body: null
    headers:
      Accept:
      - application/json
      Accept-Encoding:
      - gzip, deflate
      Connection:
      - keep-alive
      Content-Type:
      - application/json; charset=utf-8
      User-Agent:
      - python/3.7.5 (Windows-10-10.0.18362-SP0) msrest/0.6.9 msrest_azure/0.6.3 azure-keyvault/7.0
        Azure-SDK-For-Python
      accept-language:
      - en-US
    method: GET
    uri: https://cli-test-kv-key-d-000002.vault.azure.net/keys/rsa-3072-hsm-file/?api-version=7.0
  response:
    body:
      string: '{"key":{"kid":"https://cli-test-kv-key-d-000002.vault.azure.net/keys/rsa-3072-hsm-file/24a7511f3fa44953b89c287e2afa1316","kty":"RSA-HSM","key_ops":["encrypt","decrypt","sign","verify","wrapKey","unwrapKey"],"n":"uxILV7ueLBepL4QdI4LA4bFnH03f4_yZZCmvPUgC2tWbwa3k3QhOBy4x5-5-7NDvDaltSuspiKtioz_KxP8j7t3vQC-Ab-B2zJDF5J_U2FPbixj0EZOaDMUZcrRFqrYJnzH8hk5WRjZ42vZwCLSaXhiTY25sFj5g7IYSRCOZmx3mJCFVMxthF5HpZ9-udPX16CoXLl_Uybt_QyPKCoYvH6Q-cElcjReAZy_1J0_eHKZffdkn1WU_Y82mlYvLiByas-zpGeumruNKa9ncwN6IESOf_O52le_Pz6oOft3B_Aia06aym03LqXNuT_oVn-_uojFLOBWdEVp9KyUH417jhcNdEd9v2MdonSFLp_gRpdRvKct9oLgPjypSe8E2yYA5959NP_afKiaVgocZPm0h5tUYGAycUAOcPoyVob6ZfTkA66LqPyFZF-TyqlNMmuiROJ98uPrX4EKOT2agp1nkIrL2q-plsyTS4gDJA0sQx1ePiVm4rydgmNt-7vz0weHx","e":"AAEAAQ"},"attributes":{"enabled":true,"created":1594116298,"updated":1594116298,"recoveryLevel":"Purgeable"}}'
    headers:
      cache-control:
      - no-cache
      content-length:
      - '840'
      content-type:
      - application/json; charset=utf-8
      date:
      - Tue, 07 Jul 2020 10:05:01 GMT
      expires:
      - '-1'
      pragma:
      - no-cache
      strict-transport-security:
      - max-age=31536000;includeSubDomains
      x-aspnet-version:
      - 4.0.30319
      x-content-type-options:
      - nosniff
      x-ms-keyvault-network-info:
      - conn_type=Ipv4;addr=167.220.255.120;act_addr_fam=InterNetwork;
      x-ms-keyvault-region:
      - eastus2
      x-ms-keyvault-service-version:
      - 1.1.8.0
      x-powered-by:
      - ASP.NET
    status:
      code: 200
      message: OK
- request:
    body: '{"kty": "RSA-HSM", "key_size": 4096, "attributes": {"enabled": true}}'
    headers:
      Accept:
      - application/json
      Accept-Encoding:
      - gzip, deflate
      Connection:
      - keep-alive
      Content-Length:
      - '69'
      Content-Type:
      - application/json; charset=utf-8
      User-Agent:
      - python/3.7.5 (Windows-10-10.0.18362-SP0) msrest/0.6.9 msrest_azure/0.6.3 azure-keyvault/7.0
        Azure-SDK-For-Python
      accept-language:
      - en-US
    method: POST
    uri: https://cli-test-kv-key-d-000002.vault.azure.net/keys/rsa-4096-hsm-file/create?api-version=7.0
  response:
    body:
      string: '{"key":{"kid":"https://cli-test-kv-key-d-000002.vault.azure.net/keys/rsa-4096-hsm-file/4969c374705b410fada0727d1793528f","kty":"RSA-HSM","key_ops":["encrypt","decrypt","sign","verify","wrapKey","unwrapKey"],"n":"pi1UIGXEunX-AyZnJBo5mYUl8_IaidwWchehtKLzdb29njGTx56-FEPU5ny3lr_HhiFM12KM2Sh-wdvItQHdDu_yJaiGnL8VmyZxmN0uvRa7_ml5YPs_By7XpX4L3u73CiLVTHVU_QRKP-z1CwPZW9dhL542bH_-JtTzz-Pgttnv5A2wRCkpqmaG3YtaC6M4QCrKhHKEcDV3o4i-tRdV-cYIx87HTPtFinycWEJqAMTKXAa7_oDTE2a-TOLtivlNwNZzm962GcS9OZzzSGbD_lHFtJh70rIH7WRHk39mvlhgxmeAnE3gahxgHy-U9MAUXdTjn68eG_6qCKNXsLamDl8OWVVzl69vjVyVIV4dRoeiWLRpUihMBqhTtcANvYqarN2qITm-P_R-sMtGdp4dUjZ4MYZ1ehVe5y5KuL0aUwGu0G0d1g90-jKh0qJM6ieOeMZaGrvZNoQaTkc7mI9VL4z-7vbAJ3k6b_H6RTbDqFIEBEUlSZRgPJqLn_rZbI5pfzw_-TuHH6yfXZtFJ5ZKl_yw6knmGl3wj5_xG7OBRUh3Gbm4RkrzK-ZDfUmvXa4hm2JwM81j7AVFyLTklsj7uvNpDYld7_ZOD8IeSMqsJFiOFvgyzPYHTik95Bhhn0z-WygaXMSqPrwFDmpxXmRy_s7aLRnTi0ZpsLJ9n2IptQM","e":"AAEAAQ"},"attributes":{"enabled":true,"created":1594116312,"updated":1594116312,"recoveryLevel":"Purgeable"}}'
    headers:
      cache-control:
      - no-cache
      content-length:
      - '1011'
      content-type:
      - application/json; charset=utf-8
      date:
      - Tue, 07 Jul 2020 10:05:12 GMT
      expires:
      - '-1'
      pragma:
      - no-cache
      strict-transport-security:
      - max-age=31536000;includeSubDomains
      x-aspnet-version:
      - 4.0.30319
      x-content-type-options:
      - nosniff
      x-ms-keyvault-network-info:
      - conn_type=Ipv4;addr=167.220.255.120;act_addr_fam=InterNetwork;
      x-ms-keyvault-region:
      - eastus2
      x-ms-keyvault-service-version:
      - 1.1.8.0
      x-powered-by:
      - ASP.NET
    status:
      code: 200
      message: OK
- request:
    body: null
    headers:
      Accept:
      - application/json
      Accept-Encoding:
      - gzip, deflate
      Connection:
      - keep-alive
      Content-Type:
      - application/json; charset=utf-8
      User-Agent:
      - python/3.7.5 (Windows-10-10.0.18362-SP0) msrest/0.6.9 msrest_azure/0.6.3 azure-keyvault/7.0
        Azure-SDK-For-Python
      accept-language:
      - en-US
    method: GET
    uri: https://cli-test-kv-key-d-000002.vault.azure.net/keys/rsa-4096-hsm-file/?api-version=7.0
  response:
    body:
      string: '{"key":{"kid":"https://cli-test-kv-key-d-000002.vault.azure.net/keys/rsa-4096-hsm-file/4969c374705b410fada0727d1793528f","kty":"RSA-HSM","key_ops":["encrypt","decrypt","sign","verify","wrapKey","unwrapKey"],"n":"pi1UIGXEunX-AyZnJBo5mYUl8_IaidwWchehtKLzdb29njGTx56-FEPU5ny3lr_HhiFM12KM2Sh-wdvItQHdDu_yJaiGnL8VmyZxmN0uvRa7_ml5YPs_By7XpX4L3u73CiLVTHVU_QRKP-z1CwPZW9dhL542bH_-JtTzz-Pgttnv5A2wRCkpqmaG3YtaC6M4QCrKhHKEcDV3o4i-tRdV-cYIx87HTPtFinycWEJqAMTKXAa7_oDTE2a-TOLtivlNwNZzm962GcS9OZzzSGbD_lHFtJh70rIH7WRHk39mvlhgxmeAnE3gahxgHy-U9MAUXdTjn68eG_6qCKNXsLamDl8OWVVzl69vjVyVIV4dRoeiWLRpUihMBqhTtcANvYqarN2qITm-P_R-sMtGdp4dUjZ4MYZ1ehVe5y5KuL0aUwGu0G0d1g90-jKh0qJM6ieOeMZaGrvZNoQaTkc7mI9VL4z-7vbAJ3k6b_H6RTbDqFIEBEUlSZRgPJqLn_rZbI5pfzw_-TuHH6yfXZtFJ5ZKl_yw6knmGl3wj5_xG7OBRUh3Gbm4RkrzK-ZDfUmvXa4hm2JwM81j7AVFyLTklsj7uvNpDYld7_ZOD8IeSMqsJFiOFvgyzPYHTik95Bhhn0z-WygaXMSqPrwFDmpxXmRy_s7aLRnTi0ZpsLJ9n2IptQM","e":"AAEAAQ"},"attributes":{"enabled":true,"created":1594116312,"updated":1594116312,"recoveryLevel":"Purgeable"}}'
    headers:
      cache-control:
      - no-cache
      content-length:
      - '1011'
      content-type:
      - application/json; charset=utf-8
      date:
      - Tue, 07 Jul 2020 10:05:13 GMT
      expires:
      - '-1'
      pragma:
      - no-cache
      strict-transport-security:
      - max-age=31536000;includeSubDomains
      x-aspnet-version:
      - 4.0.30319
      x-content-type-options:
      - nosniff
      x-ms-keyvault-network-info:
      - conn_type=Ipv4;addr=167.220.255.120;act_addr_fam=InterNetwork;
      x-ms-keyvault-region:
      - eastus2
      x-ms-keyvault-service-version:
      - 1.1.8.0
      x-powered-by:
      - ASP.NET
    status:
      code: 200
      message: OK
- request:
    body: null
    headers:
      Accept:
      - application/json
      Accept-Encoding:
      - gzip, deflate
      Connection:
      - keep-alive
      Content-Type:
      - application/json; charset=utf-8
      User-Agent:
      - python/3.7.5 (Windows-10-10.0.18362-SP0) msrest/0.6.9 msrest_azure/0.6.3 azure-keyvault/7.0
        Azure-SDK-For-Python
      accept-language:
      - en-US
    method: GET
    uri: https://cli-test-kv-key-d-000002.vault.azure.net/keys/rsa-4096-hsm-file/?api-version=7.0
  response:
    body:
      string: '{"key":{"kid":"https://cli-test-kv-key-d-000002.vault.azure.net/keys/rsa-4096-hsm-file/4969c374705b410fada0727d1793528f","kty":"RSA-HSM","key_ops":["encrypt","decrypt","sign","verify","wrapKey","unwrapKey"],"n":"pi1UIGXEunX-AyZnJBo5mYUl8_IaidwWchehtKLzdb29njGTx56-FEPU5ny3lr_HhiFM12KM2Sh-wdvItQHdDu_yJaiGnL8VmyZxmN0uvRa7_ml5YPs_By7XpX4L3u73CiLVTHVU_QRKP-z1CwPZW9dhL542bH_-JtTzz-Pgttnv5A2wRCkpqmaG3YtaC6M4QCrKhHKEcDV3o4i-tRdV-cYIx87HTPtFinycWEJqAMTKXAa7_oDTE2a-TOLtivlNwNZzm962GcS9OZzzSGbD_lHFtJh70rIH7WRHk39mvlhgxmeAnE3gahxgHy-U9MAUXdTjn68eG_6qCKNXsLamDl8OWVVzl69vjVyVIV4dRoeiWLRpUihMBqhTtcANvYqarN2qITm-P_R-sMtGdp4dUjZ4MYZ1ehVe5y5KuL0aUwGu0G0d1g90-jKh0qJM6ieOeMZaGrvZNoQaTkc7mI9VL4z-7vbAJ3k6b_H6RTbDqFIEBEUlSZRgPJqLn_rZbI5pfzw_-TuHH6yfXZtFJ5ZKl_yw6knmGl3wj5_xG7OBRUh3Gbm4RkrzK-ZDfUmvXa4hm2JwM81j7AVFyLTklsj7uvNpDYld7_ZOD8IeSMqsJFiOFvgyzPYHTik95Bhhn0z-WygaXMSqPrwFDmpxXmRy_s7aLRnTi0ZpsLJ9n2IptQM","e":"AAEAAQ"},"attributes":{"enabled":true,"created":1594116312,"updated":1594116312,"recoveryLevel":"Purgeable"}}'
    headers:
      cache-control:
      - no-cache
      content-length:
      - '1011'
      content-type:
      - application/json; charset=utf-8
      date:
      - Tue, 07 Jul 2020 10:05:15 GMT
      expires:
      - '-1'
      pragma:
      - no-cache
      strict-transport-security:
      - max-age=31536000;includeSubDomains
      x-aspnet-version:
      - 4.0.30319
      x-content-type-options:
      - nosniff
      x-ms-keyvault-network-info:
      - conn_type=Ipv4;addr=167.220.255.120;act_addr_fam=InterNetwork;
      x-ms-keyvault-region:
      - eastus2
      x-ms-keyvault-service-version:
      - 1.1.8.0
      x-powered-by:
      - ASP.NET
    status:
      code: 200
      message: OK
version: 1
