interactions:
- request:
    body: null
    headers:
      Accept:
      - application/json
      Accept-Encoding:
      - gzip, deflate
      CommandName:
      - keyvault create
      Connection:
      - keep-alive
      ParameterSetName:
      - -g -n -l --sku --enable-soft-delete
      User-Agent:
      - python/3.7.5 (Windows-10-10.0.18362-SP0) msrest/0.6.9 msrest_azure/0.6.3 azure-mgmt-keyvault/2.2.0
        Azure-SDK-For-Python AZURECLI/2.8.0
      accept-language:
      - en-US
    method: GET
    uri: https://management.azure.com/subscriptions/00000000-0000-0000-0000-000000000000/resourceGroups/cli_test_keyvault_key000001/providers/Microsoft.KeyVault/vaults/cli-test-kv-key-000002?api-version=2019-09-01
  response:
    body:
      string: '{"error":{"code":"ResourceNotFound","message":"The Resource ''Microsoft.KeyVault/vaults/cli-test-kv-key-000002''
        under resource group ''cli_test_keyvault_key000001'' was not found. For more
        details please go to https://aka.ms/ARMResourceNotFoundFix"}}'
    headers:
      cache-control:
      - no-cache
      content-length:
      - '297'
      content-type:
      - application/json; charset=utf-8
      date:
      - Mon, 06 Jul 2020 07:02:39 GMT
      expires:
      - '-1'
      pragma:
      - no-cache
      strict-transport-security:
      - max-age=31536000; includeSubDomains
      x-content-type-options:
      - nosniff
      x-ms-failure-cause:
      - gateway
    status:
      code: 404
      message: Not Found
- request:
    body: null
    headers:
      Accept:
      - application/json
      Accept-Encoding:
      - gzip, deflate
      Connection:
      - keep-alive
      User-Agent:
      - python/3.7.5 (Windows-10-10.0.18362-SP0) msrest/0.6.9 msrest_azure/0.6.3 azure-graphrbac/0.60.0
        Azure-SDK-For-Python
      accept-language:
      - en-US
    method: GET
    uri: https://graph.windows.net/00000000-0000-0000-0000-000000000000/me?api-version=1.6
  response:
    body:
      string: '{"odata.metadata":"https://graph.windows.net/00000000-0000-0000-0000-000000000000/$metadata#directoryObjects/@Element","odata.type":"Microsoft.DirectoryServices.User","objectType":"User","objectId":"9ac02ab3-5061-4ec6-a3d8-2cdaa5f29efa","deletionTimestamp":null,"accountEnabled":true,"ageGroup":null,"assignedLicenses":[],"assignedPlans":[],"city":null,"companyName":null,"consentProvidedForMinor":null,"country":null,"createdDateTime":"2019-10-21T06:37:42Z","creationType":"Invitation","department":null,"dirSyncEnabled":null,"displayName":"Bin
        Ma","employeeId":null,"facsimileTelephoneNumber":null,"givenName":null,"immutableId":null,"isCompromised":null,"jobTitle":null,"lastDirSyncTime":null,"legalAgeGroupClassification":null,"mail":"bim@microsoft.com","mailNickname":"bim_microsoft.com#EXT#","mobile":null,"onPremisesDistinguishedName":null,"onPremisesSecurityIdentifier":null,"otherMails":["bim@microsoft.com"],"passwordPolicies":null,"passwordProfile":null,"physicalDeliveryOfficeName":null,"postalCode":null,"preferredLanguage":null,"provisionedPlans":[],"provisioningErrors":[],"proxyAddresses":["SMTP:bim@microsoft.com"],"refreshTokensValidFromDateTime":"2019-10-21T06:37:41Z","showInAddressList":false,"signInNames":[],"sipProxyAddress":null,"state":null,"streetAddress":null,"surname":null,"telephoneNumber":null,"thumbnailPhoto@odata.mediaEditLink":"directoryObjects/9ac02ab3-5061-4ec6-a3d8-2cdaa5f29efa/Microsoft.DirectoryServices.User/thumbnailPhoto","usageLocation":null,"userIdentities":[],"userPrincipalName":"bim_microsoft.com#EXT#@AzureSDKTeam.onmicrosoft.com","userState":"Accepted","userStateChangedOn":"2019-10-21T06:39:35Z","userType":"Guest"}'
    headers:
      access-control-allow-origin:
      - '*'
      cache-control:
      - no-cache
      content-length:
      - '1668'
      content-type:
      - application/json; odata=minimalmetadata; streaming=true; charset=utf-8
      dataserviceversion:
      - 3.0;
      date:
      - Mon, 06 Jul 2020 07:02:41 GMT
      duration:
      - '2383792'
      expires:
      - '-1'
      ocp-aad-diagnostics-server-name:
      - u3lrPZLQylHP1i57U0xnpG/JWTu0AgSKd+bjiAEqSpM=
      ocp-aad-session-key:
      - 5hpdZPYjqP3sGSrJvzaLuD3Vbz3Rl3Aekok-ufFxMHZgdtVV-nqnLHrmvYXnF9fmbJEsrJDkFNETwQes3W5MpokRIjijia7xivWKUKlNsjLvXq7AlvtUbEPX2nCilf_e.EkYvh5eUIqE9OYk64FN6OmfHi95OtmRUBCmDyvZy5T8
      pragma:
      - no-cache
      request-id:
      - 9b84f5dc-7d61-4e3c-971c-f19e183a1a01
      strict-transport-security:
      - max-age=31536000; includeSubDomains
      x-aad-resource-unit:
      - '1'
      x-aspnet-version:
      - 4.0.30319
      x-ms-dirapi-data-contract-version:
      - '1.6'
      x-powered-by:
      - ASP.NET
    status:
      code: 200
      message: OK
- request:
    body: '{"location": "westus", "properties": {"tenantId": "54826b22-38d6-4fb2-bad9-b7b93a3e9c5a",
      "sku": {"family": "A", "name": "premium"}, "accessPolicies": [{"tenantId": "54826b22-38d6-4fb2-bad9-b7b93a3e9c5a",
      "objectId": "9ac02ab3-5061-4ec6-a3d8-2cdaa5f29efa", "permissions": {"keys":
      ["get", "create", "delete", "list", "update", "import", "backup", "restore",
      "recover"], "secrets": ["get", "list", "set", "delete", "backup", "restore",
      "recover"], "certificates": ["get", "list", "delete", "create", "import", "update",
      "managecontacts", "getissuers", "listissuers", "setissuers", "deleteissuers",
      "manageissuers", "recover"], "storage": ["get", "list", "delete", "set", "update",
      "regeneratekey", "setsas", "listsas", "getsas", "deletesas"]}}], "enableSoftDelete":
      false, "softDeleteRetentionInDays": 90, "networkAcls": {"bypass": "AzureServices",
      "defaultAction": "Allow", "ipRules": [], "virtualNetworkRules": []}}}'
    headers:
      Accept:
      - application/json
      Accept-Encoding:
      - gzip, deflate
      CommandName:
      - keyvault create
      Connection:
      - keep-alive
      Content-Length:
      - '917'
      Content-Type:
      - application/json; charset=utf-8
      ParameterSetName:
      - -g -n -l --sku --enable-soft-delete
      User-Agent:
      - python/3.7.5 (Windows-10-10.0.18362-SP0) msrest/0.6.9 msrest_azure/0.6.3 azure-mgmt-keyvault/2.2.0
        Azure-SDK-For-Python AZURECLI/2.8.0
      accept-language:
      - en-US
    method: PUT
    uri: https://management.azure.com/subscriptions/00000000-0000-0000-0000-000000000000/resourceGroups/cli_test_keyvault_key000001/providers/Microsoft.KeyVault/vaults/cli-test-kv-key-000002?api-version=2019-09-01
  response:
    body:
      string: '{"id":"/subscriptions/00000000-0000-0000-0000-000000000000/resourceGroups/cli_test_keyvault_key000001/providers/Microsoft.KeyVault/vaults/cli-test-kv-key-000002","name":"cli-test-kv-key-000002","type":"Microsoft.KeyVault/vaults","location":"westus","tags":{},"properties":{"sku":{"family":"A","name":"premium"},"tenantId":"54826b22-38d6-4fb2-bad9-b7b93a3e9c5a","accessPolicies":[{"tenantId":"54826b22-38d6-4fb2-bad9-b7b93a3e9c5a","objectId":"9ac02ab3-5061-4ec6-a3d8-2cdaa5f29efa","permissions":{"keys":["get","create","delete","list","update","import","backup","restore","recover"],"secrets":["get","list","set","delete","backup","restore","recover"],"certificates":["get","list","delete","create","import","update","managecontacts","getissuers","listissuers","setissuers","deleteissuers","manageissuers","recover"],"storage":["get","list","delete","set","update","regeneratekey","setsas","listsas","getsas","deletesas"]}}],"enabledForDeployment":false,"enableSoftDelete":false,"softDeleteRetentionInDays":90,"vaultUri":"https://cli-test-kv-key-000002.vault.azure.net","provisioningState":"RegisteringDns"}}'
    headers:
      cache-control:
      - no-cache
      content-length:
      - '1161'
      content-type:
      - application/json; charset=utf-8
      date:
      - Mon, 06 Jul 2020 07:02:49 GMT
      expires:
      - '-1'
      pragma:
      - no-cache
      server:
      - Microsoft-IIS/10.0
      strict-transport-security:
      - max-age=31536000; includeSubDomains
      transfer-encoding:
      - chunked
      vary:
      - Accept-Encoding
      x-aspnet-version:
      - 4.0.30319
      x-content-type-options:
      - nosniff
      x-ms-keyvault-service-version:
      - 1.1.0.283
      x-ms-ratelimit-remaining-subscription-writes:
      - '1198'
      x-powered-by:
      - ASP.NET
    status:
      code: 200
      message: OK
- request:
    body: null
    headers:
      Accept:
      - application/json
      Accept-Encoding:
      - gzip, deflate
      CommandName:
      - keyvault create
      Connection:
      - keep-alive
      ParameterSetName:
      - -g -n -l --sku --enable-soft-delete
      User-Agent:
      - python/3.7.5 (Windows-10-10.0.18362-SP0) msrest/0.6.9 msrest_azure/0.6.3 azure-mgmt-keyvault/2.2.0
        Azure-SDK-For-Python AZURECLI/2.8.0
    method: GET
    uri: https://management.azure.com/subscriptions/00000000-0000-0000-0000-000000000000/resourceGroups/cli_test_keyvault_key000001/providers/Microsoft.KeyVault/vaults/cli-test-kv-key-000002?api-version=2019-09-01
  response:
    body:
      string: '{"id":"/subscriptions/00000000-0000-0000-0000-000000000000/resourceGroups/cli_test_keyvault_key000001/providers/Microsoft.KeyVault/vaults/cli-test-kv-key-000002","name":"cli-test-kv-key-000002","type":"Microsoft.KeyVault/vaults","location":"westus","tags":{},"properties":{"sku":{"family":"A","name":"premium"},"tenantId":"54826b22-38d6-4fb2-bad9-b7b93a3e9c5a","accessPolicies":[{"tenantId":"54826b22-38d6-4fb2-bad9-b7b93a3e9c5a","objectId":"9ac02ab3-5061-4ec6-a3d8-2cdaa5f29efa","permissions":{"keys":["get","create","delete","list","update","import","backup","restore","recover"],"secrets":["get","list","set","delete","backup","restore","recover"],"certificates":["get","list","delete","create","import","update","managecontacts","getissuers","listissuers","setissuers","deleteissuers","manageissuers","recover"],"storage":["get","list","delete","set","update","regeneratekey","setsas","listsas","getsas","deletesas"]}}],"enabledForDeployment":false,"enableSoftDelete":false,"softDeleteRetentionInDays":90,"vaultUri":"https://cli-test-kv-key-000002.vault.azure.net/","provisioningState":"Succeeded"}}'
    headers:
      cache-control:
      - no-cache
      content-length:
      - '1157'
      content-type:
      - application/json; charset=utf-8
      date:
      - Mon, 06 Jul 2020 07:03:20 GMT
      expires:
      - '-1'
      pragma:
      - no-cache
      server:
      - Microsoft-IIS/10.0
      strict-transport-security:
      - max-age=31536000; includeSubDomains
      transfer-encoding:
      - chunked
      vary:
      - Accept-Encoding
      x-aspnet-version:
      - 4.0.30319
      x-content-type-options:
      - nosniff
      x-ms-keyvault-service-version:
      - 1.1.0.283
      x-powered-by:
      - ASP.NET
    status:
      code: 200
      message: OK
- request:
    body: ''
    headers:
      Accept:
      - application/json
      Accept-Encoding:
      - gzip, deflate
      Connection:
      - keep-alive
      Content-Length:
      - 0
      Content-Type:
      - application/json; charset=utf-8
      User-Agent:
      - python/3.7.5 (Windows-10-10.0.18362-SP0) msrest/0.6.9 msrest_azure/0.6.3 azure-keyvault/7.0
        Azure-SDK-For-Python
      accept-language:
      - en-US
    method: POST
    uri: https://cli-test-kv-key-000002.vault.azure.net/keys/key1/create?api-version=7.0
  response:
    body:
      string: '{"error":{"code":"Unauthorized","message":"Request is missing a Bearer
        or PoP token."}}'
    headers:
      cache-control:
      - no-cache
      content-length:
      - '87'
      content-type:
      - application/json; charset=utf-8
      date:
      - Mon, 06 Jul 2020 07:03:21 GMT
      expires:
      - '-1'
      pragma:
      - no-cache
      strict-transport-security:
      - max-age=31536000;includeSubDomains
      www-authenticate:
      - Bearer authorization="https://login.windows.net/54826b22-38d6-4fb2-bad9-b7b93a3e9c5a",
        resource="https://vault.azure.net"
      x-aspnet-version:
      - 4.0.30319
      x-content-type-options:
      - nosniff
      x-ms-keyvault-network-info:
      - conn_type=Ipv4;addr=167.220.255.120;act_addr_fam=InterNetwork;
      x-ms-keyvault-region:
      - westus
      x-ms-keyvault-service-version:
      - 1.1.8.0
      x-powered-by:
      - ASP.NET
    status:
      code: 401
      message: Unauthorized
- request:
    body: '{"kty": "RSA", "attributes": {"enabled": true}}'
    headers:
      Accept:
      - application/json
      Accept-Encoding:
      - gzip, deflate
      Connection:
      - keep-alive
      Content-Length:
      - '47'
      Content-Type:
      - application/json; charset=utf-8
      User-Agent:
      - python/3.7.5 (Windows-10-10.0.18362-SP0) msrest/0.6.9 msrest_azure/0.6.3 azure-keyvault/7.0
        Azure-SDK-For-Python
      accept-language:
      - en-US
    method: POST
    uri: https://cli-test-kv-key-000002.vault.azure.net/keys/key1/create?api-version=7.0
  response:
    body:
      string: '{"key":{"kid":"https://cli-test-kv-key-000002.vault.azure.net/keys/key1/66303e08eb6349dfa35d05a5831562a3","kty":"RSA","key_ops":["encrypt","decrypt","sign","verify","wrapKey","unwrapKey"],"n":"mFBd826mnj4V_JpMVddPDSKIH4lvY1JL3Sqn84XHb-xUtu4sJjfWaUJtmlmahq9DAfq-hwC51vO2J83KWBM4auxAN5gZMk6h1EmkMb92Db3tKHZorT94trxqWZjlo8hQax-wXhboNrss7WARz9kMdGChmSs3pVJUOc9xpf-nwr3j68THrf67Hbr6U-cqZDgi3bJ58JNI8TrSBmBJ34vGIpA4xQLWwNUm0AwAVxxrfim8ksaKtTNFJldcqXQAdZssgnpC0fcewf32Sbrtk0I4LCh0V1SWR_IKJAJOpq88EqNzjaDBC-16rro-Uxk_KUP6c_6hakbx6ivO-_MQFcMJXQ","e":"AQAB"},"attributes":{"enabled":true,"created":1594019003,"updated":1594019003,"recoveryLevel":"Purgeable"}}'
    headers:
      cache-control:
      - no-cache
      content-length:
      - '651'
      content-type:
      - application/json; charset=utf-8
      date:
      - Mon, 06 Jul 2020 07:03:23 GMT
      expires:
      - '-1'
      pragma:
      - no-cache
      strict-transport-security:
      - max-age=31536000;includeSubDomains
      x-aspnet-version:
      - 4.0.30319
      x-content-type-options:
      - nosniff
      x-ms-keyvault-network-info:
      - conn_type=Ipv4;addr=167.220.255.120;act_addr_fam=InterNetwork;
      x-ms-keyvault-region:
      - westus
      x-ms-keyvault-service-version:
      - 1.1.8.0
      x-powered-by:
      - ASP.NET
    status:
      code: 200
      message: OK
- request:
    body: null
    headers:
      Accept:
      - application/json
      Accept-Encoding:
      - gzip, deflate
      CommandName:
      - keyvault set-policy
      Connection:
      - keep-alive
      ParameterSetName:
      - -n --object-id --key-permissions
      User-Agent:
      - python/3.7.5 (Windows-10-10.0.18362-SP0) msrest/0.6.9 msrest_azure/0.6.3 azure-mgmt-keyvault/2.2.0
        Azure-SDK-For-Python AZURECLI/2.8.0
      accept-language:
      - en-US
    method: GET
    uri: https://management.azure.com/subscriptions/00000000-0000-0000-0000-000000000000/resources?$filter=resourceType%20eq%20%27Microsoft.KeyVault%2Fvaults%27&api-version=2015-11-01
  response:
    body:
      string: '{"value":[{"id":"/subscriptions/00000000-0000-0000-0000-000000000000/resourceGroups/azps-test-group/providers/Microsoft.KeyVault/vaults/azps-test-kv2","name":"azps-test-kv2","type":"Microsoft.KeyVault/vaults","location":"eastus","tags":{}},{"id":"/subscriptions/00000000-0000-0000-0000-000000000000/resourceGroups/azps-test-group/providers/Microsoft.KeyVault/vaults/azps-test-kv4","name":"azps-test-kv4","type":"Microsoft.KeyVault/vaults","location":"southcentralus","tags":{}},{"id":"/subscriptions/00000000-0000-0000-0000-000000000000/resourceGroups/bim-rg/providers/Microsoft.KeyVault/vaults/bim-kv5","name":"bim-kv5","type":"Microsoft.KeyVault/vaults","location":"eastus2euap","tags":{}},{"id":"/subscriptions/00000000-0000-0000-0000-000000000000/resourceGroups/bim-rg/providers/Microsoft.KeyVault/vaults/bim-kv8","name":"bim-kv8","type":"Microsoft.KeyVault/vaults","location":"centraluseuap","tags":{}},{"id":"/subscriptions/00000000-0000-0000-0000-000000000000/resourceGroups/bim-rg/providers/Microsoft.KeyVault/vaults/bim-kv-0528","name":"bim-kv-0528","type":"Microsoft.KeyVault/vaults","location":"westus","tags":{}},{"id":"/subscriptions/00000000-0000-0000-0000-000000000000/resourceGroups/bim-rg/providers/Microsoft.KeyVault/vaults/bim-kv-0529","name":"bim-kv-0529","type":"Microsoft.KeyVault/vaults","location":"westus","tags":{}},{"id":"/subscriptions/00000000-0000-0000-0000-000000000000/resourceGroups/bim-rg/providers/Microsoft.KeyVault/vaults/bim-kv-0529-2","name":"bim-kv-0529-2","type":"Microsoft.KeyVault/vaults","location":"westus","tags":{}},{"id":"/subscriptions/00000000-0000-0000-0000-000000000000/resourceGroups/bim-rg/providers/Microsoft.KeyVault/vaults/bim-kv-0701","name":"bim-kv-0701","type":"Microsoft.KeyVault/vaults","location":"eastus2euap","tags":{}},{"id":"/subscriptions/00000000-0000-0000-0000-000000000000/resourceGroups/bim-rg/providers/Microsoft.KeyVault/vaults/bim-kv-20200508","name":"bim-kv-20200508","type":"Microsoft.KeyVault/vaults","location":"westus","tags":{}},{"id":"/subscriptions/00000000-0000-0000-0000-000000000000/resourceGroups/bim-rg/providers/Microsoft.KeyVault/vaults/bim-kv-20200528","name":"bim-kv-20200528","type":"Microsoft.KeyVault/vaults","location":"westus","tags":{}},{"id":"/subscriptions/00000000-0000-0000-0000-000000000000/resourceGroups/bim-rg/providers/Microsoft.KeyVault/vaults/bim-kv-666","name":"bim-kv-666","type":"Microsoft.KeyVault/vaults","location":"centraluseuap","tags":{}},{"id":"/subscriptions/00000000-0000-0000-0000-000000000000/resourceGroups/bim-rg/providers/Microsoft.KeyVault/vaults/bim-sd-test1","name":"bim-sd-test1","type":"Microsoft.KeyVault/vaults","location":"eastus2euap","tags":{}},{"id":"/subscriptions/00000000-0000-0000-0000-000000000000/resourceGroups/bim-rg/providers/Microsoft.KeyVault/vaults/bim-sd-test2","name":"bim-sd-test2","type":"Microsoft.KeyVault/vaults","location":"eastus2euap","tags":{}},{"id":"/subscriptions/00000000-0000-0000-0000-000000000000/resourceGroups/bim-rg/providers/Microsoft.KeyVault/vaults/bim-sd-test3","name":"bim-sd-test3","type":"Microsoft.KeyVault/vaults","location":"eastus2euap","tags":{}},{"id":"/subscriptions/00000000-0000-0000-0000-000000000000/resourceGroups/bim-rg/providers/Microsoft.KeyVault/vaults/bim-sd-test4","name":"bim-sd-test4","type":"Microsoft.KeyVault/vaults","location":"eastus2euap","tags":{}},{"id":"/subscriptions/00000000-0000-0000-0000-000000000000/resourceGroups/bim-rg/providers/Microsoft.KeyVault/vaults/bimkv0506","name":"bimkv0506","type":"Microsoft.KeyVault/vaults","location":"eastus2euap","tags":{}},{"id":"/subscriptions/00000000-0000-0000-0000-000000000000/resourceGroups/bim-rg/providers/Microsoft.KeyVault/vaults/bimkv05062","name":"bimkv05062","type":"Microsoft.KeyVault/vaults","location":"eastus2euap","tags":{}},{"id":"/subscriptions/00000000-0000-0000-0000-000000000000/resourceGroups/bim-rg/providers/Microsoft.KeyVault/vaults/bimkv0519","name":"bimkv0519","type":"Microsoft.KeyVault/vaults","location":"westus","tags":{}},{"id":"/subscriptions/00000000-0000-0000-0000-000000000000/resourceGroups/bim-rg/providers/Microsoft.KeyVault/vaults/bimkv0519-3","name":"bimkv0519-3","type":"Microsoft.KeyVault/vaults","location":"westus","tags":{}},{"id":"/subscriptions/00000000-0000-0000-0000-000000000000/resourceGroups/bim-rg/providers/Microsoft.KeyVault/vaults/bimkv0703","name":"bimkv0703","type":"Microsoft.KeyVault/vaults","location":"westus","tags":{}},{"id":"/subscriptions/00000000-0000-0000-0000-000000000000/resourceGroups/bim-rg/providers/Microsoft.KeyVault/vaults/bimkv20200418","name":"bimkv20200418","type":"Microsoft.KeyVault/vaults","location":"eastus2euap","tags":{}},{"id":"/subscriptions/00000000-0000-0000-0000-000000000000/resourceGroups/bim-rg/providers/Microsoft.KeyVault/vaults/bimkvissue1","name":"bimkvissue1","type":"Microsoft.KeyVault/vaults","location":"eastus2euap","tags":{}},{"id":"/subscriptions/00000000-0000-0000-0000-000000000000/resourceGroups/bim-rg/providers/Microsoft.KeyVault/vaults/bimkvissue12","name":"bimkvissue12","type":"Microsoft.KeyVault/vaults","location":"eastus","tags":{}},{"id":"/subscriptions/00000000-0000-0000-0000-000000000000/resourceGroups/bim-rg/providers/Microsoft.KeyVault/vaults/bimkvissue13","name":"bimkvissue13","type":"Microsoft.KeyVault/vaults","location":"eastus","tags":{}},{"id":"/subscriptions/00000000-0000-0000-0000-000000000000/resourceGroups/bim-rg/providers/Microsoft.KeyVault/vaults/bimkvissue2","name":"bimkvissue2","type":"Microsoft.KeyVault/vaults","location":"eastus","tags":{}},{"id":"/subscriptions/00000000-0000-0000-0000-000000000000/resourceGroups/bim-rg/providers/Microsoft.KeyVault/vaults/bimkvissue3","name":"bimkvissue3","type":"Microsoft.KeyVault/vaults","location":"eastus","tags":{}},{"id":"/subscriptions/00000000-0000-0000-0000-000000000000/resourceGroups/bim-rg/providers/Microsoft.KeyVault/vaults/bimkvissue4","name":"bimkvissue4","type":"Microsoft.KeyVault/vaults","location":"eastus","tags":{}},{"id":"/subscriptions/00000000-0000-0000-0000-000000000000/resourceGroups/bim-rg/providers/Microsoft.KeyVault/vaults/bimkvissue5","name":"bimkvissue5","type":"Microsoft.KeyVault/vaults","location":"eastus","tags":{}},{"id":"/subscriptions/00000000-0000-0000-0000-000000000000/resourceGroups/bim-rg/providers/Microsoft.KeyVault/vaults/bimkvissue6","name":"bimkvissue6","type":"Microsoft.KeyVault/vaults","location":"eastus","tags":{}},{"id":"/subscriptions/00000000-0000-0000-0000-000000000000/resourceGroups/bim-rg/providers/Microsoft.KeyVault/vaults/bimkvissue7","name":"bimkvissue7","type":"Microsoft.KeyVault/vaults","location":"eastus","tags":{}},{"id":"/subscriptions/00000000-0000-0000-0000-000000000000/resourceGroups/bim-rg/providers/Microsoft.KeyVault/vaults/bimkvissue8","name":"bimkvissue8","type":"Microsoft.KeyVault/vaults","location":"eastus","tags":{}},{"id":"/subscriptions/00000000-0000-0000-0000-000000000000/resourceGroups/bim-rg/providers/Microsoft.KeyVault/vaults/bimkvrbac1","name":"bimkvrbac1","type":"Microsoft.KeyVault/vaults","location":"eastus","tags":{}},{"id":"/subscriptions/00000000-0000-0000-0000-000000000000/resourceGroups/bim-rg/providers/Microsoft.KeyVault/vaults/bimkvsd1","name":"bimkvsd1","type":"Microsoft.KeyVault/vaults","location":"eastus2euap","tags":{}},{"id":"/subscriptions/00000000-0000-0000-0000-000000000000/resourceGroups/bim-rg/providers/Microsoft.KeyVault/vaults/bimkvsd2","name":"bimkvsd2","type":"Microsoft.KeyVault/vaults","location":"eastus2euap","tags":{}},{"id":"/subscriptions/00000000-0000-0000-0000-000000000000/resourceGroups/bim-rg/providers/Microsoft.KeyVault/vaults/bimkvsd3","name":"bimkvsd3","type":"Microsoft.KeyVault/vaults","location":"eastus2euap","tags":{}},{"id":"/subscriptions/00000000-0000-0000-0000-000000000000/resourceGroups/bim-rg/providers/Microsoft.KeyVault/vaults/bimkvsd5","name":"bimkvsd5","type":"Microsoft.KeyVault/vaults","location":"eastus2euap","tags":{}},{"id":"/subscriptions/00000000-0000-0000-0000-000000000000/resourceGroups/bim-rg/providers/Microsoft.KeyVault/vaults/bimkvsd6","name":"bimkvsd6","type":"Microsoft.KeyVault/vaults","location":"eastus2euap","tags":{}},{"id":"/subscriptions/00000000-0000-0000-0000-000000000000/resourceGroups/bim-rg/providers/Microsoft.KeyVault/vaults/bimkvTest","name":"bimkvTest","type":"Microsoft.KeyVault/vaults","location":"northcentralus","tags":{}},{"id":"/subscriptions/00000000-0000-0000-0000-000000000000/resourceGroups/bim-rg/providers/Microsoft.KeyVault/vaults/bimkvtest20200513","name":"bimkvtest20200513","type":"Microsoft.KeyVault/vaults","location":"westus","tags":{}},{"id":"/subscriptions/00000000-0000-0000-0000-000000000000/resourceGroups/bim-rg/providers/Microsoft.KeyVault/vaults/bimtrack2test","name":"bimtrack2test","type":"Microsoft.KeyVault/vaults","location":"eastus2euap","tags":{}},{"id":"/subscriptions/00000000-0000-0000-0000-000000000000/resourceGroups/bim-rg/providers/Microsoft.KeyVault/vaults/bimtrack2test2","name":"bimtrack2test2","type":"Microsoft.KeyVault/vaults","location":"eastus2euap","tags":{}},{"id":"/subscriptions/00000000-0000-0000-0000-000000000000/resourceGroups/bim_pl_test_rg/providers/Microsoft.KeyVault/vaults/bimkv-nr-test","name":"bimkv-nr-test","type":"Microsoft.KeyVault/vaults","location":"eastus","tags":{}},{"id":"/subscriptions/00000000-0000-0000-0000-000000000000/resourceGroups/bim_pl_test_rg/providers/Microsoft.KeyVault/vaults/bimkv-nr-test2","name":"bimkv-nr-test2","type":"Microsoft.KeyVault/vaults","location":"eastus","tags":{}},{"id":"/subscriptions/00000000-0000-0000-0000-000000000000/resourceGroups/bim_pl_test_rg/providers/Microsoft.KeyVault/vaults/bimkv-nr-test3","name":"bimkv-nr-test3","type":"Microsoft.KeyVault/vaults","location":"eastus","tags":{}},{"id":"/subscriptions/00000000-0000-0000-0000-000000000000/resourceGroups/bim_pl_test_rg/providers/Microsoft.KeyVault/vaults/bimplkv","name":"bimplkv","type":"Microsoft.KeyVault/vaults","location":"eastus","tags":{}},{"id":"/subscriptions/00000000-0000-0000-0000-000000000000/resourceGroups/cli_test_keyvault_key000001/providers/Microsoft.KeyVault/vaults/cli-test-kv-key-000002","name":"cli-test-kv-key-000002","type":"Microsoft.KeyVault/vaults","location":"westus","tags":{}},{"id":"/subscriptions/00000000-0000-0000-0000-000000000000/resourceGroups/cli_test_keyvault_mgmt2hfykfig3zlcu5ef6cuj2vibmn2hohfv7z66emalpn6l7ys54k6nl/providers/Microsoft.KeyVault/vaults/cli-test-kv-mgmt-nx5kf4z","name":"cli-test-kv-mgmt-nx5kf4z","type":"Microsoft.KeyVault/vaults","location":"westus","tags":{}},{"id":"/subscriptions/00000000-0000-0000-0000-000000000000/resourceGroups/cli_test_keyvault_pec3suq5g2zdoej7zigta26vfnzk5ol4rx6t2sm5maoqbuszmtn2pxok7/providers/Microsoft.KeyVault/vaults/cli-test-kv-pec-efm7wmik","name":"cli-test-kv-pec-efm7wmik","type":"Microsoft.KeyVault/vaults","location":"centraluseuap","tags":{}},{"id":"/subscriptions/00000000-0000-0000-0000-000000000000/resourceGroups/cli_test_keyvault_plrmburqoza2liqu5fivo6yqkpvzgsh7f7ctbd5h3ze5eorip6d7gwcc7/providers/Microsoft.KeyVault/vaults/cli-test-kv-plr-nusjxqtn","name":"cli-test-kv-plr-nusjxqtn","type":"Microsoft.KeyVault/vaults","location":"centraluseuap","tags":{}},{"id":"/subscriptions/00000000-0000-0000-0000-000000000000/resourceGroups/cli_test_keyvault_secret_soft_deleteah56ues6jqosrfwyvliiaygxjr5xdaxcwvugan3/providers/Microsoft.KeyVault/vaults/cli-test-kv-se-sd-wlxgdk","name":"cli-test-kv-se-sd-wlxgdk","type":"Microsoft.KeyVault/vaults","location":"westus","tags":{}},{"id":"/subscriptions/00000000-0000-0000-0000-000000000000/resourceGroups/cli_test_keyvault_secretqoocrlkyw2yhq5bevohn23hhmebnbsl7jrmaypgrkkeokswcfpl/providers/Microsoft.KeyVault/vaults/cli-test-kv-se-jvngspmhe","name":"cli-test-kv-se-jvngspmhe","type":"Microsoft.KeyVault/vaults","location":"westus","tags":{}},{"id":"/subscriptions/00000000-0000-0000-0000-000000000000/resourceGroups/cli_test_kv_cert_contactse6kqeqragzvdvdzeykyy3p2mtwm4xxggdnhk4om6tufe4lwe4a/providers/Microsoft.KeyVault/vaults/cli-test-kv-ct-co-5jl3wn","name":"cli-test-kv-ct-co-5jl3wn","type":"Microsoft.KeyVault/vaults","location":"westus","tags":{}},{"id":"/subscriptions/00000000-0000-0000-0000-000000000000/resourceGroups/cli_test_kv_key_downloadg5vlmxgj6sswebfliga7lmj3rpc7i5yyucd3ls4xovdv5g3s2m5/providers/Microsoft.KeyVault/vaults/cli-test-kv-key-d-mowy5k","name":"cli-test-kv-key-d-mowy5k","type":"Microsoft.KeyVault/vaults","location":"eastus2","tags":{}},{"id":"/subscriptions/00000000-0000-0000-0000-000000000000/resourceGroups/clitest.rg62xwuber5v37schryld4vczs2gvslkzh2g4yhcvirbb5snzdn66mcuwckcfzlkcei/providers/Microsoft.KeyVault/vaults/vault-itwljzpaztpbvn","name":"vault-itwljzpaztpbvn","type":"Microsoft.KeyVault/vaults","location":"eastus2","tags":{}},{"id":"/subscriptions/00000000-0000-0000-0000-000000000000/resourceGroups/fytest/providers/Microsoft.KeyVault/vaults/vault1569","name":"vault1569","type":"Microsoft.KeyVault/vaults","location":"centraluseuap","tags":{}},{"id":"/subscriptions/00000000-0000-0000-0000-000000000000/resourceGroups/jlrg1/providers/Microsoft.KeyVault/vaults/jlkv0227","name":"jlkv0227","type":"Microsoft.KeyVault/vaults","location":"southeastasia","tags":{}},{"id":"/subscriptions/00000000-0000-0000-0000-000000000000/resourceGroups/jlrg1/providers/Microsoft.KeyVault/vaults/jlkv0309","name":"jlkv0309","type":"Microsoft.KeyVault/vaults","location":"southeastasia","tags":{}},{"id":"/subscriptions/00000000-0000-0000-0000-000000000000/resourceGroups/yeming/providers/Microsoft.KeyVault/vaults/yeming","name":"yeming","type":"Microsoft.KeyVault/vaults","location":"eastasia","tags":{}},{"id":"/subscriptions/00000000-0000-0000-0000-000000000000/resourceGroups/zhoxing-test/providers/Microsoft.KeyVault/vaults/zhoxingtest9393","name":"zhoxingtest9393","type":"Microsoft.KeyVault/vaults","location":"westus","tags":{"hidden-DevTestLabs-LabUId":"6e279161-d008-42b7-90a1-6801fc4bc4ca","CreatedBy":"DevTestLabs"}},{"id":"/subscriptions/00000000-0000-0000-0000-000000000000/resourceGroups/zhoxing-test/providers/Microsoft.KeyVault/vaults/zhoxingtest9ac53638","name":"zhoxingtest9ac53638","type":"Microsoft.KeyVault/vaults","location":"westus","tags":{"hidden-DevTestLabs-LabUId":"6e279161-d008-42b7-90a1-6801fc4bc4ca","CreatedBy":"DevTestLabs"}}]}'
    headers:
      cache-control:
      - no-cache
      content-length:
      - '14280'
      content-type:
      - application/json; charset=utf-8
      date:
      - Mon, 06 Jul 2020 07:03:24 GMT
      expires:
      - '-1'
      pragma:
      - no-cache
      strict-transport-security:
      - max-age=31536000; includeSubDomains
      vary:
      - Accept-Encoding
      x-content-type-options:
      - nosniff
    status:
      code: 200
      message: OK
- request:
    body: null
    headers:
      Accept:
      - application/json
      Accept-Encoding:
      - gzip, deflate
      CommandName:
      - keyvault set-policy
      Connection:
      - keep-alive
      ParameterSetName:
      - -n --object-id --key-permissions
      User-Agent:
      - python/3.7.5 (Windows-10-10.0.18362-SP0) msrest/0.6.9 msrest_azure/0.6.3 azure-mgmt-keyvault/2.2.0
        Azure-SDK-For-Python AZURECLI/2.8.0
      accept-language:
      - en-US
    method: GET
    uri: https://management.azure.com/subscriptions/00000000-0000-0000-0000-000000000000/resourceGroups/cli_test_keyvault_key000001/providers/Microsoft.KeyVault/vaults/cli-test-kv-key-000002?api-version=2019-09-01
  response:
    body:
      string: '{"id":"/subscriptions/00000000-0000-0000-0000-000000000000/resourceGroups/cli_test_keyvault_key000001/providers/Microsoft.KeyVault/vaults/cli-test-kv-key-000002","name":"cli-test-kv-key-000002","type":"Microsoft.KeyVault/vaults","location":"westus","tags":{},"properties":{"sku":{"family":"A","name":"premium"},"tenantId":"54826b22-38d6-4fb2-bad9-b7b93a3e9c5a","accessPolicies":[{"tenantId":"54826b22-38d6-4fb2-bad9-b7b93a3e9c5a","objectId":"9ac02ab3-5061-4ec6-a3d8-2cdaa5f29efa","permissions":{"keys":["get","create","delete","list","update","import","backup","restore","recover"],"secrets":["get","list","set","delete","backup","restore","recover"],"certificates":["get","list","delete","create","import","update","managecontacts","getissuers","listissuers","setissuers","deleteissuers","manageissuers","recover"],"storage":["get","list","delete","set","update","regeneratekey","setsas","listsas","getsas","deletesas"]}}],"enabledForDeployment":false,"enableSoftDelete":false,"softDeleteRetentionInDays":90,"vaultUri":"https://cli-test-kv-key-000002.vault.azure.net/","provisioningState":"Succeeded"}}'
    headers:
      cache-control:
      - no-cache
      content-length:
      - '1157'
      content-type:
      - application/json; charset=utf-8
      date:
      - Mon, 06 Jul 2020 07:03:25 GMT
      expires:
      - '-1'
      pragma:
      - no-cache
      server:
      - Microsoft-IIS/10.0
      strict-transport-security:
      - max-age=31536000; includeSubDomains
      transfer-encoding:
      - chunked
      vary:
      - Accept-Encoding
      x-aspnet-version:
      - 4.0.30319
      x-content-type-options:
      - nosniff
      x-ms-keyvault-service-version:
      - 1.1.0.283
      x-powered-by:
      - ASP.NET
    status:
      code: 200
      message: OK
- request:
    body: '{"location": "westus", "tags": {}, "properties": {"tenantId": "54826b22-38d6-4fb2-bad9-b7b93a3e9c5a",
      "sku": {"family": "A", "name": "premium"}, "accessPolicies": [{"tenantId": "54826b22-38d6-4fb2-bad9-b7b93a3e9c5a",
      "objectId": "9ac02ab3-5061-4ec6-a3d8-2cdaa5f29efa", "permissions": {"keys":
      ["list", "get", "restore", "import", "create", "recover", "delete", "decrypt",
      "backup", "update", "encrypt"], "secrets": ["get", "list", "set", "delete",
      "backup", "restore", "recover"], "certificates": ["get", "list", "delete", "create",
      "import", "update", "managecontacts", "getissuers", "listissuers", "setissuers",
      "deleteissuers", "manageissuers", "recover"], "storage": ["get", "list", "delete",
      "set", "update", "regeneratekey", "setsas", "listsas", "getsas", "deletesas"]}}],
      "vaultUri": "https://cli-test-kv-key-000002.vault.azure.net/", "enabledForDeployment":
      false, "enableSoftDelete": false, "softDeleteRetentionInDays": 90}}'
    headers:
      Accept:
      - application/json
      Accept-Encoding:
      - gzip, deflate
      CommandName:
      - keyvault set-policy
      Connection:
      - keep-alive
      Content-Length:
      - '935'
      Content-Type:
      - application/json; charset=utf-8
      ParameterSetName:
      - -n --object-id --key-permissions
      User-Agent:
      - python/3.7.5 (Windows-10-10.0.18362-SP0) msrest/0.6.9 msrest_azure/0.6.3 azure-mgmt-keyvault/2.2.0
        Azure-SDK-For-Python AZURECLI/2.8.0
      accept-language:
      - en-US
    method: PUT
    uri: https://management.azure.com/subscriptions/00000000-0000-0000-0000-000000000000/resourceGroups/cli_test_keyvault_key000001/providers/Microsoft.KeyVault/vaults/cli-test-kv-key-000002?api-version=2019-09-01
  response:
    body:
      string: '{"id":"/subscriptions/00000000-0000-0000-0000-000000000000/resourceGroups/cli_test_keyvault_key000001/providers/Microsoft.KeyVault/vaults/cli-test-kv-key-000002","name":"cli-test-kv-key-000002","type":"Microsoft.KeyVault/vaults","location":"westus","tags":{},"properties":{"sku":{"family":"A","name":"premium"},"tenantId":"54826b22-38d6-4fb2-bad9-b7b93a3e9c5a","accessPolicies":[{"tenantId":"54826b22-38d6-4fb2-bad9-b7b93a3e9c5a","objectId":"9ac02ab3-5061-4ec6-a3d8-2cdaa5f29efa","permissions":{"keys":["list","get","restore","import","create","recover","delete","decrypt","backup","update","encrypt"],"secrets":["get","list","set","delete","backup","restore","recover"],"certificates":["get","list","delete","create","import","update","managecontacts","getissuers","listissuers","setissuers","deleteissuers","manageissuers","recover"],"storage":["get","list","delete","set","update","regeneratekey","setsas","listsas","getsas","deletesas"]}}],"enabledForDeployment":false,"enableSoftDelete":false,"softDeleteRetentionInDays":90,"vaultUri":"https://cli-test-kv-key-000002.vault.azure.net/","provisioningState":"Succeeded"}}'
    headers:
      cache-control:
      - no-cache
      content-length:
      - '1177'
      content-type:
      - application/json; charset=utf-8
      date:
      - Mon, 06 Jul 2020 07:03:25 GMT
      expires:
      - '-1'
      pragma:
      - no-cache
      server:
      - Microsoft-IIS/10.0
      strict-transport-security:
      - max-age=31536000; includeSubDomains
      transfer-encoding:
      - chunked
      vary:
      - Accept-Encoding
      x-aspnet-version:
      - 4.0.30319
      x-content-type-options:
      - nosniff
      x-ms-keyvault-service-version:
      - 1.1.0.283
      x-ms-ratelimit-remaining-subscription-writes:
      - '1196'
      x-powered-by:
      - ASP.NET
    status:
      code: 200
      message: OK
- request:
    body: '{"alg": "RSA-OAEP", "value": "MTIzNDU2"}'
    headers:
      Accept:
      - application/json
      Accept-Encoding:
      - gzip, deflate
      Connection:
      - keep-alive
      Content-Length:
      - '40'
      Content-Type:
      - application/json; charset=utf-8
      User-Agent:
      - python/3.7.5 (Windows-10-10.0.18362-SP0) msrest/0.6.9 msrest_azure/0.6.3 azure-keyvault/7.0
        Azure-SDK-For-Python
      accept-language:
      - en-US
    method: POST
    uri: https://cli-test-kv-key-000002.vault.azure.net/keys/key1/encrypt?api-version=7.0
  response:
    body:
      string: '{"kid":"https://cli-test-kv-key-000002.vault.azure.net/keys/key1/66303e08eb6349dfa35d05a5831562a3","value":"hkDLZpiLNg53aKg2CHwj__eEZNUsmdDOm7FQSceDsL1nTxtBu2UelLjdpGl9emwEsDBiC-PpqzV0xFH8oJltzj-qW_NyCeO2u3DDp7Ru9C18G4-7C0ytg2TxBYt41agZEIy10eHfuw36fq952Z6vFXWIfcyu8X0zy1mNlTa4zXtg4MJOGJxFsdtiH3RftAybRVpX0TT6UAzuED_NpJM2JIgZRH1DKn1v0vywPKmaE8Z8pllfII37I-oZrq5nG1AXssuem0EhlHSPbyGu52VYtsvlO9TSBb4c0jE5NcoVgl60XvTAypPJbS8GwV_JTsveVUmouc50ZLOPdOkhKLdB3A"}'
    headers:
      cache-control:
      - no-cache
      content-length:
      - '454'
      content-type:
      - application/json; charset=utf-8
      date:
      - Mon, 06 Jul 2020 07:03:26 GMT
      expires:
      - '-1'
      pragma:
      - no-cache
      strict-transport-security:
      - max-age=31536000;includeSubDomains
      x-aspnet-version:
      - 4.0.30319
      x-content-type-options:
      - nosniff
      x-ms-keyvault-network-info:
      - conn_type=Ipv4;addr=167.220.255.120;act_addr_fam=InterNetwork;
      x-ms-keyvault-region:
      - westus
      x-ms-keyvault-service-version:
      - 1.1.8.0
      x-powered-by:
      - ASP.NET
    status:
      code: 200
      message: OK
- request:
    body: '{"alg": "RSA-OAEP", "value": "YWJjZGVm"}'
    headers:
      Accept:
      - application/json
      Accept-Encoding:
      - gzip, deflate
      Connection:
      - keep-alive
      Content-Length:
      - '40'
      Content-Type:
      - application/json; charset=utf-8
      User-Agent:
      - python/3.7.5 (Windows-10-10.0.18362-SP0) msrest/0.6.9 msrest_azure/0.6.3 azure-keyvault/7.0
        Azure-SDK-For-Python
      accept-language:
      - en-US
    method: POST
    uri: https://cli-test-kv-key-000002.vault.azure.net/keys/key1/encrypt?api-version=7.0
  response:
    body:
      string: '{"kid":"https://cli-test-kv-key-000002.vault.azure.net/keys/key1/66303e08eb6349dfa35d05a5831562a3","value":"Ma1tEvMhvAbyjEKkW_bsgNKNY2pD7LncmFFGM9ZODuENk81YQvcFgRyg_jNS0yiBikpZcCSKXHofsfSWzuw9jOCOSaXKE00JjHKTiY13jWZ6ij43b8XS3FWoZec8KVP6Ulyo2LIdL_7hvrfZMJYV1JwaC4Ze2_o2IsDkBKvBqIRP5ojoIKnrxOxVsN7u5pqhXM_QHe96_EWO3AD3e8tJSK7q9MiTvI1sBo6GxU0zruEMoz-MmYxper6i909tiil2iPQ0g22KT57WTu-cxjMpr5BU7lTTqkgjdM_oMjzpx4vKkr5ZKhOjWVtTV5Yg4kSsfNWjqJ1QdUtVbe0LU8lBJA"}'
    headers:
      cache-control:
      - no-cache
      content-length:
      - '454'
      content-type:
      - application/json; charset=utf-8
      date:
      - Mon, 06 Jul 2020 07:03:27 GMT
      expires:
      - '-1'
      pragma:
      - no-cache
      strict-transport-security:
      - max-age=31536000;includeSubDomains
      x-aspnet-version:
      - 4.0.30319
      x-content-type-options:
      - nosniff
      x-ms-keyvault-network-info:
      - conn_type=Ipv4;addr=167.220.255.120;act_addr_fam=InterNetwork;
      x-ms-keyvault-region:
      - westus
      x-ms-keyvault-service-version:
      - 1.1.8.0
      x-powered-by:
      - ASP.NET
    status:
      code: 200
      message: OK
- request:
    body: '{"alg": "RSA-OAEP", "value": "hkDLZpiLNg53aKg2CHwj__eEZNUsmdDOm7FQSceDsL1nTxtBu2UelLjdpGl9emwEsDBiC-PpqzV0xFH8oJltzj-qW_NyCeO2u3DDp7Ru9C18G4-7C0ytg2TxBYt41agZEIy10eHfuw36fq952Z6vFXWIfcyu8X0zy1mNlTa4zXtg4MJOGJxFsdtiH3RftAybRVpX0TT6UAzuED_NpJM2JIgZRH1DKn1v0vywPKmaE8Z8pllfII37I-oZrq5nG1AXssuem0EhlHSPbyGu52VYtsvlO9TSBb4c0jE5NcoVgl60XvTAypPJbS8GwV_JTsveVUmouc50ZLOPdOkhKLdB3A"}'
    headers:
      Accept:
      - application/json
      Accept-Encoding:
      - gzip, deflate
      Connection:
      - keep-alive
      Content-Length:
      - '374'
      Content-Type:
      - application/json; charset=utf-8
      User-Agent:
      - python/3.7.5 (Windows-10-10.0.18362-SP0) msrest/0.6.9 msrest_azure/0.6.3 azure-keyvault/7.0
        Azure-SDK-For-Python
      accept-language:
      - en-US
    method: POST
    uri: https://cli-test-kv-key-000002.vault.azure.net/keys/key1/decrypt?api-version=7.0
  response:
    body:
      string: '{"kid":"https://cli-test-kv-key-000002.vault.azure.net/keys/key1/66303e08eb6349dfa35d05a5831562a3","value":"MTIzNDU2"}'
    headers:
      cache-control:
      - no-cache
      content-length:
      - '120'
      content-type:
      - application/json; charset=utf-8
      date:
      - Mon, 06 Jul 2020 07:03:29 GMT
      expires:
      - '-1'
      pragma:
      - no-cache
      strict-transport-security:
      - max-age=31536000;includeSubDomains
      x-aspnet-version:
      - 4.0.30319
      x-content-type-options:
      - nosniff
      x-ms-keyvault-network-info:
      - conn_type=Ipv4;addr=167.220.255.120;act_addr_fam=InterNetwork;
      x-ms-keyvault-region:
      - westus
      x-ms-keyvault-service-version:
      - 1.1.8.0
      x-powered-by:
      - ASP.NET
    status:
      code: 200
      message: OK
- request:
    body: '{"alg": "RSA-OAEP", "value": "Ma1tEvMhvAbyjEKkW_bsgNKNY2pD7LncmFFGM9ZODuENk81YQvcFgRyg_jNS0yiBikpZcCSKXHofsfSWzuw9jOCOSaXKE00JjHKTiY13jWZ6ij43b8XS3FWoZec8KVP6Ulyo2LIdL_7hvrfZMJYV1JwaC4Ze2_o2IsDkBKvBqIRP5ojoIKnrxOxVsN7u5pqhXM_QHe96_EWO3AD3e8tJSK7q9MiTvI1sBo6GxU0zruEMoz-MmYxper6i909tiil2iPQ0g22KT57WTu-cxjMpr5BU7lTTqkgjdM_oMjzpx4vKkr5ZKhOjWVtTV5Yg4kSsfNWjqJ1QdUtVbe0LU8lBJA"}'
    headers:
      Accept:
      - application/json
      Accept-Encoding:
      - gzip, deflate
      Connection:
      - keep-alive
      Content-Length:
      - '374'
      Content-Type:
      - application/json; charset=utf-8
      User-Agent:
      - python/3.7.5 (Windows-10-10.0.18362-SP0) msrest/0.6.9 msrest_azure/0.6.3 azure-keyvault/7.0
        Azure-SDK-For-Python
      accept-language:
      - en-US
    method: POST
    uri: https://cli-test-kv-key-000002.vault.azure.net/keys/key1/decrypt?api-version=7.0
  response:
    body:
      string: '{"kid":"https://cli-test-kv-key-000002.vault.azure.net/keys/key1/66303e08eb6349dfa35d05a5831562a3","value":"YWJjZGVm"}'
    headers:
      cache-control:
      - no-cache
      content-length:
      - '120'
      content-type:
      - application/json; charset=utf-8
      date:
      - Mon, 06 Jul 2020 07:03:29 GMT
      expires:
      - '-1'
      pragma:
      - no-cache
      strict-transport-security:
      - max-age=31536000;includeSubDomains
      x-aspnet-version:
      - 4.0.30319
      x-content-type-options:
      - nosniff
      x-ms-keyvault-network-info:
      - conn_type=Ipv4;addr=167.220.255.120;act_addr_fam=InterNetwork;
      x-ms-keyvault-region:
      - westus
      x-ms-keyvault-service-version:
      - 1.1.8.0
      x-powered-by:
      - ASP.NET
    status:
      code: 200
      message: OK
- request:
    body: null
    headers:
      Accept:
      - application/json
      Accept-Encoding:
      - gzip, deflate
      Connection:
      - keep-alive
      Content-Type:
      - application/json; charset=utf-8
      User-Agent:
      - python/3.7.5 (Windows-10-10.0.18362-SP0) msrest/0.6.9 msrest_azure/0.6.3 azure-keyvault/7.0
        Azure-SDK-For-Python
      accept-language:
      - en-US
    method: GET
    uri: https://cli-test-kv-key-000002.vault.azure.net/keys?api-version=7.0
  response:
    body:
      string: '{"value":[{"kid":"https://cli-test-kv-key-000002.vault.azure.net/keys/key1","attributes":{"enabled":true,"created":1594019003,"updated":1594019003,"recoveryLevel":"Purgeable"}}],"nextLink":null}'
    headers:
      cache-control:
      - no-cache
      content-length:
      - '196'
      content-type:
      - application/json; charset=utf-8
      date:
      - Mon, 06 Jul 2020 07:03:31 GMT
      expires:
      - '-1'
      pragma:
      - no-cache
      strict-transport-security:
      - max-age=31536000;includeSubDomains
      x-aspnet-version:
      - 4.0.30319
      x-content-type-options:
      - nosniff
      x-ms-keyvault-network-info:
      - conn_type=Ipv4;addr=167.220.255.120;act_addr_fam=InterNetwork;
      x-ms-keyvault-region:
      - westus
      x-ms-keyvault-service-version:
      - 1.1.8.0
      x-powered-by:
      - ASP.NET
    status:
      code: 200
      message: OK
- request:
    body: null
    headers:
      Accept:
      - application/json
      Accept-Encoding:
      - gzip, deflate
      Connection:
      - keep-alive
      Content-Type:
      - application/json; charset=utf-8
      User-Agent:
      - python/3.7.5 (Windows-10-10.0.18362-SP0) msrest/0.6.9 msrest_azure/0.6.3 azure-keyvault/7.0
        Azure-SDK-For-Python
      accept-language:
      - en-US
    method: GET
    uri: https://cli-test-kv-key-000002.vault.azure.net/keys?maxresults=10&api-version=7.0
  response:
    body:
      string: '{"value":[{"kid":"https://cli-test-kv-key-000002.vault.azure.net/keys/key1","attributes":{"enabled":true,"created":1594019003,"updated":1594019003,"recoveryLevel":"Purgeable"}}],"nextLink":null}'
    headers:
      cache-control:
      - no-cache
      content-length:
      - '196'
      content-type:
      - application/json; charset=utf-8
      date:
      - Mon, 06 Jul 2020 07:03:32 GMT
      expires:
      - '-1'
      pragma:
      - no-cache
      strict-transport-security:
      - max-age=31536000;includeSubDomains
      x-aspnet-version:
      - 4.0.30319
      x-content-type-options:
      - nosniff
      x-ms-keyvault-network-info:
      - conn_type=Ipv4;addr=167.220.255.120;act_addr_fam=InterNetwork;
      x-ms-keyvault-region:
      - westus
      x-ms-keyvault-service-version:
      - 1.1.8.0
      x-powered-by:
      - ASP.NET
    status:
      code: 200
      message: OK
- request:
    body: '{"kty": "RSA", "key_ops": ["encrypt", "decrypt"], "attributes": {"enabled":
      false}, "tags": {"test": "foo"}}'
    headers:
      Accept:
      - application/json
      Accept-Encoding:
      - gzip, deflate
      Connection:
      - keep-alive
      Content-Length:
      - '108'
      Content-Type:
      - application/json; charset=utf-8
      User-Agent:
      - python/3.7.5 (Windows-10-10.0.18362-SP0) msrest/0.6.9 msrest_azure/0.6.3 azure-keyvault/7.0
        Azure-SDK-For-Python
      accept-language:
      - en-US
    method: POST
    uri: https://cli-test-kv-key-000002.vault.azure.net/keys/key1/create?api-version=7.0
  response:
    body:
      string: '{"key":{"kid":"https://cli-test-kv-key-000002.vault.azure.net/keys/key1/33e983bb673349adb6591f5c1b5b0419","kty":"RSA","key_ops":["encrypt","decrypt"],"n":"ymnnC7gaBuj2WlDe0ZIeMwZmZWqsocha783fYsEakcPRohPE3s3DmsZQDc2sd2YD3lf-8KeDolDEiPzcn7QuGYiRU1ZLDnQ40PfIEvcSR8SY-Vrtr-XOExxCTUqbILIsZbYjWnyJiJpbDdgZUum1blJwSJ7k6C0dDWbrZ-VZZlhNxJgK3U12lVro60k6T7qTQ8wv9zVAiup6fZfOuyDkY-BWVxpyTzgkNhrPqIekoH2ATyH8fr9UAcZp5ULARkDqAQqZD-K2gSeqRu9wbb0mtuuEgd8d0GApWMZtV2FL-DwFEiI5XKMoFM1c3KDHuhapd41VsLn1BLD7UiAsI-Luxw","e":"AQAB"},"attributes":{"enabled":false,"created":1594019014,"updated":1594019014,"recoveryLevel":"Purgeable"},"tags":{"test":"foo"}}'
    headers:
      cache-control:
      - no-cache
      content-length:
      - '636'
      content-type:
      - application/json; charset=utf-8
      date:
      - Mon, 06 Jul 2020 07:03:34 GMT
      expires:
      - '-1'
      pragma:
      - no-cache
      strict-transport-security:
      - max-age=31536000;includeSubDomains
      x-aspnet-version:
      - 4.0.30319
      x-content-type-options:
      - nosniff
      x-ms-keyvault-network-info:
      - conn_type=Ipv4;addr=167.220.255.120;act_addr_fam=InterNetwork;
      x-ms-keyvault-region:
      - westus
      x-ms-keyvault-service-version:
      - 1.1.8.0
      x-powered-by:
      - ASP.NET
    status:
      code: 200
      message: OK
- request:
    body: null
    headers:
      Accept:
      - application/json
      Accept-Encoding:
      - gzip, deflate
      Connection:
      - keep-alive
      Content-Type:
      - application/json; charset=utf-8
      User-Agent:
      - python/3.7.5 (Windows-10-10.0.18362-SP0) msrest/0.6.9 msrest_azure/0.6.3 azure-keyvault/7.0
        Azure-SDK-For-Python
      accept-language:
      - en-US
    method: GET
    uri: https://cli-test-kv-key-000002.vault.azure.net/keys/key1/versions?api-version=7.0
  response:
    body:
      string: '{"value":[{"kid":"https://cli-test-kv-key-000002.vault.azure.net/keys/key1/33e983bb673349adb6591f5c1b5b0419","attributes":{"enabled":false,"created":1594019014,"updated":1594019014,"recoveryLevel":"Purgeable"},"tags":{"test":"foo"}},{"kid":"https://cli-test-kv-key-000002.vault.azure.net/keys/key1/66303e08eb6349dfa35d05a5831562a3","attributes":{"enabled":true,"created":1594019003,"updated":1594019003,"recoveryLevel":"Purgeable"}}],"nextLink":null}'
    headers:
      cache-control:
      - no-cache
      content-length:
      - '454'
      content-type:
      - application/json; charset=utf-8
      date:
      - Mon, 06 Jul 2020 07:03:35 GMT
      expires:
      - '-1'
      pragma:
      - no-cache
      strict-transport-security:
      - max-age=31536000;includeSubDomains
      x-aspnet-version:
      - 4.0.30319
      x-content-type-options:
      - nosniff
      x-ms-keyvault-network-info:
      - conn_type=Ipv4;addr=167.220.255.120;act_addr_fam=InterNetwork;
      x-ms-keyvault-region:
      - westus
      x-ms-keyvault-service-version:
      - 1.1.8.0
      x-powered-by:
      - ASP.NET
    status:
      code: 200
      message: OK
- request:
    body: null
    headers:
      Accept:
      - application/json
      Accept-Encoding:
      - gzip, deflate
      Connection:
      - keep-alive
      Content-Type:
      - application/json; charset=utf-8
      User-Agent:
      - python/3.7.5 (Windows-10-10.0.18362-SP0) msrest/0.6.9 msrest_azure/0.6.3 azure-keyvault/7.0
        Azure-SDK-For-Python
      accept-language:
      - en-US
    method: GET
    uri: https://cli-test-kv-key-000002.vault.azure.net/keys/key1/versions?maxresults=10&api-version=7.0
  response:
    body:
      string: '{"value":[{"kid":"https://cli-test-kv-key-000002.vault.azure.net/keys/key1/33e983bb673349adb6591f5c1b5b0419","attributes":{"enabled":false,"created":1594019014,"updated":1594019014,"recoveryLevel":"Purgeable"},"tags":{"test":"foo"}},{"kid":"https://cli-test-kv-key-000002.vault.azure.net/keys/key1/66303e08eb6349dfa35d05a5831562a3","attributes":{"enabled":true,"created":1594019003,"updated":1594019003,"recoveryLevel":"Purgeable"}}],"nextLink":null}'
    headers:
      cache-control:
      - no-cache
      content-length:
      - '454'
      content-type:
      - application/json; charset=utf-8
      date:
      - Mon, 06 Jul 2020 07:03:36 GMT
      expires:
      - '-1'
      pragma:
      - no-cache
      strict-transport-security:
      - max-age=31536000;includeSubDomains
      x-aspnet-version:
      - 4.0.30319
      x-content-type-options:
      - nosniff
      x-ms-keyvault-network-info:
      - conn_type=Ipv4;addr=167.220.255.120;act_addr_fam=InterNetwork;
      x-ms-keyvault-region:
      - westus
      x-ms-keyvault-service-version:
      - 1.1.8.0
      x-powered-by:
      - ASP.NET
    status:
      code: 200
      message: OK
- request:
    body: null
    headers:
      Accept:
      - application/json
      Accept-Encoding:
      - gzip, deflate
      Connection:
      - keep-alive
      Content-Type:
      - application/json; charset=utf-8
      User-Agent:
      - python/3.7.5 (Windows-10-10.0.18362-SP0) msrest/0.6.9 msrest_azure/0.6.3 azure-keyvault/7.0
        Azure-SDK-For-Python
      accept-language:
      - en-US
    method: GET
    uri: https://cli-test-kv-key-000002.vault.azure.net/keys/key1/versions?api-version=7.0
  response:
    body:
      string: '{"value":[{"kid":"https://cli-test-kv-key-000002.vault.azure.net/keys/key1/33e983bb673349adb6591f5c1b5b0419","attributes":{"enabled":false,"created":1594019014,"updated":1594019014,"recoveryLevel":"Purgeable"},"tags":{"test":"foo"}},{"kid":"https://cli-test-kv-key-000002.vault.azure.net/keys/key1/66303e08eb6349dfa35d05a5831562a3","attributes":{"enabled":true,"created":1594019003,"updated":1594019003,"recoveryLevel":"Purgeable"}}],"nextLink":null}'
    headers:
      cache-control:
      - no-cache
      content-length:
      - '454'
      content-type:
      - application/json; charset=utf-8
      date:
      - Mon, 06 Jul 2020 07:03:38 GMT
      expires:
      - '-1'
      pragma:
      - no-cache
      strict-transport-security:
      - max-age=31536000;includeSubDomains
      x-aspnet-version:
      - 4.0.30319
      x-content-type-options:
      - nosniff
      x-ms-keyvault-network-info:
      - conn_type=Ipv4;addr=167.220.255.120;act_addr_fam=InterNetwork;
      x-ms-keyvault-region:
      - westus
      x-ms-keyvault-service-version:
      - 1.1.8.0
      x-powered-by:
      - ASP.NET
    status:
      code: 200
      message: OK
- request:
    body: null
    headers:
      Accept:
      - application/json
      Accept-Encoding:
      - gzip, deflate
      Connection:
      - keep-alive
      Content-Type:
      - application/json; charset=utf-8
      User-Agent:
      - python/3.7.5 (Windows-10-10.0.18362-SP0) msrest/0.6.9 msrest_azure/0.6.3 azure-keyvault/7.0
        Azure-SDK-For-Python
      accept-language:
      - en-US
    method: GET
    uri: https://cli-test-kv-key-000002.vault.azure.net/keys/key1/versions?api-version=7.0
  response:
    body:
      string: '{"value":[{"kid":"https://cli-test-kv-key-000002.vault.azure.net/keys/key1/33e983bb673349adb6591f5c1b5b0419","attributes":{"enabled":false,"created":1594019014,"updated":1594019014,"recoveryLevel":"Purgeable"},"tags":{"test":"foo"}},{"kid":"https://cli-test-kv-key-000002.vault.azure.net/keys/key1/66303e08eb6349dfa35d05a5831562a3","attributes":{"enabled":true,"created":1594019003,"updated":1594019003,"recoveryLevel":"Purgeable"}}],"nextLink":null}'
    headers:
      cache-control:
      - no-cache
      content-length:
      - '454'
      content-type:
      - application/json; charset=utf-8
      date:
      - Mon, 06 Jul 2020 07:03:39 GMT
      expires:
      - '-1'
      pragma:
      - no-cache
      strict-transport-security:
      - max-age=31536000;includeSubDomains
      x-aspnet-version:
      - 4.0.30319
      x-content-type-options:
      - nosniff
      x-ms-keyvault-network-info:
      - conn_type=Ipv4;addr=167.220.255.120;act_addr_fam=InterNetwork;
      x-ms-keyvault-region:
      - westus
      x-ms-keyvault-service-version:
      - 1.1.8.0
      x-powered-by:
      - ASP.NET
    status:
      code: 200
      message: OK
- request:
    body: null
    headers:
      Accept:
      - application/json
      Accept-Encoding:
      - gzip, deflate
      Connection:
      - keep-alive
      Content-Type:
      - application/json; charset=utf-8
      User-Agent:
      - python/3.7.5 (Windows-10-10.0.18362-SP0) msrest/0.6.9 msrest_azure/0.6.3 azure-keyvault/7.0
        Azure-SDK-For-Python
      accept-language:
      - en-US
    method: GET
    uri: https://cli-test-kv-key-000002.vault.azure.net/keys/key1/?api-version=7.0
  response:
    body:
      string: '{"key":{"kid":"https://cli-test-kv-key-000002.vault.azure.net/keys/key1/33e983bb673349adb6591f5c1b5b0419","kty":"RSA","key_ops":["encrypt","decrypt"],"n":"ymnnC7gaBuj2WlDe0ZIeMwZmZWqsocha783fYsEakcPRohPE3s3DmsZQDc2sd2YD3lf-8KeDolDEiPzcn7QuGYiRU1ZLDnQ40PfIEvcSR8SY-Vrtr-XOExxCTUqbILIsZbYjWnyJiJpbDdgZUum1blJwSJ7k6C0dDWbrZ-VZZlhNxJgK3U12lVro60k6T7qTQ8wv9zVAiup6fZfOuyDkY-BWVxpyTzgkNhrPqIekoH2ATyH8fr9UAcZp5ULARkDqAQqZD-K2gSeqRu9wbb0mtuuEgd8d0GApWMZtV2FL-DwFEiI5XKMoFM1c3KDHuhapd41VsLn1BLD7UiAsI-Luxw","e":"AQAB"},"attributes":{"enabled":false,"created":1594019014,"updated":1594019014,"recoveryLevel":"Purgeable"},"tags":{"test":"foo"}}'
    headers:
      cache-control:
      - no-cache
      content-length:
      - '636'
      content-type:
      - application/json; charset=utf-8
      date:
      - Mon, 06 Jul 2020 07:03:41 GMT
      expires:
      - '-1'
      pragma:
      - no-cache
      strict-transport-security:
      - max-age=31536000;includeSubDomains
      x-aspnet-version:
      - 4.0.30319
      x-content-type-options:
      - nosniff
      x-ms-keyvault-network-info:
      - conn_type=Ipv4;addr=167.220.255.120;act_addr_fam=InterNetwork;
      x-ms-keyvault-region:
      - westus
      x-ms-keyvault-service-version:
      - 1.1.8.0
      x-powered-by:
      - ASP.NET
    status:
      code: 200
      message: OK
- request:
    body: null
    headers:
      Accept:
      - application/json
      Accept-Encoding:
      - gzip, deflate
      Connection:
      - keep-alive
      Content-Type:
      - application/json; charset=utf-8
      User-Agent:
      - python/3.7.5 (Windows-10-10.0.18362-SP0) msrest/0.6.9 msrest_azure/0.6.3 azure-keyvault/7.0
        Azure-SDK-For-Python
      accept-language:
      - en-US
    method: GET
    uri: https://cli-test-kv-key-000002.vault.azure.net/keys/key1/66303e08eb6349dfa35d05a5831562a3?api-version=7.0
  response:
    body:
      string: '{"key":{"kid":"https://cli-test-kv-key-000002.vault.azure.net/keys/key1/66303e08eb6349dfa35d05a5831562a3","kty":"RSA","key_ops":["encrypt","decrypt","sign","verify","wrapKey","unwrapKey"],"n":"mFBd826mnj4V_JpMVddPDSKIH4lvY1JL3Sqn84XHb-xUtu4sJjfWaUJtmlmahq9DAfq-hwC51vO2J83KWBM4auxAN5gZMk6h1EmkMb92Db3tKHZorT94trxqWZjlo8hQax-wXhboNrss7WARz9kMdGChmSs3pVJUOc9xpf-nwr3j68THrf67Hbr6U-cqZDgi3bJ58JNI8TrSBmBJ34vGIpA4xQLWwNUm0AwAVxxrfim8ksaKtTNFJldcqXQAdZssgnpC0fcewf32Sbrtk0I4LCh0V1SWR_IKJAJOpq88EqNzjaDBC-16rro-Uxk_KUP6c_6hakbx6ivO-_MQFcMJXQ","e":"AQAB"},"attributes":{"enabled":true,"created":1594019003,"updated":1594019003,"recoveryLevel":"Purgeable"}}'
    headers:
      cache-control:
      - no-cache
      content-length:
      - '651'
      content-type:
      - application/json; charset=utf-8
      date:
      - Mon, 06 Jul 2020 07:03:42 GMT
      expires:
      - '-1'
      pragma:
      - no-cache
      strict-transport-security:
      - max-age=31536000;includeSubDomains
      x-aspnet-version:
      - 4.0.30319
      x-content-type-options:
      - nosniff
      x-ms-keyvault-network-info:
      - conn_type=Ipv4;addr=167.220.255.120;act_addr_fam=InterNetwork;
      x-ms-keyvault-region:
      - westus
      x-ms-keyvault-service-version:
      - 1.1.8.0
      x-powered-by:
      - ASP.NET
    status:
      code: 200
      message: OK
- request:
    body: null
    headers:
      Accept:
      - application/json
      Accept-Encoding:
      - gzip, deflate
      Connection:
      - keep-alive
      Content-Type:
      - application/json; charset=utf-8
      User-Agent:
      - python/3.7.5 (Windows-10-10.0.18362-SP0) msrest/0.6.9 msrest_azure/0.6.3 azure-keyvault/7.0
        Azure-SDK-For-Python
      accept-language:
      - en-US
    method: GET
    uri: https://cli-test-kv-key-000002.vault.azure.net/keys/key1/66303e08eb6349dfa35d05a5831562a3?api-version=7.0
  response:
    body:
      string: '{"key":{"kid":"https://cli-test-kv-key-000002.vault.azure.net/keys/key1/66303e08eb6349dfa35d05a5831562a3","kty":"RSA","key_ops":["encrypt","decrypt","sign","verify","wrapKey","unwrapKey"],"n":"mFBd826mnj4V_JpMVddPDSKIH4lvY1JL3Sqn84XHb-xUtu4sJjfWaUJtmlmahq9DAfq-hwC51vO2J83KWBM4auxAN5gZMk6h1EmkMb92Db3tKHZorT94trxqWZjlo8hQax-wXhboNrss7WARz9kMdGChmSs3pVJUOc9xpf-nwr3j68THrf67Hbr6U-cqZDgi3bJ58JNI8TrSBmBJ34vGIpA4xQLWwNUm0AwAVxxrfim8ksaKtTNFJldcqXQAdZssgnpC0fcewf32Sbrtk0I4LCh0V1SWR_IKJAJOpq88EqNzjaDBC-16rro-Uxk_KUP6c_6hakbx6ivO-_MQFcMJXQ","e":"AQAB"},"attributes":{"enabled":true,"created":1594019003,"updated":1594019003,"recoveryLevel":"Purgeable"}}'
    headers:
      cache-control:
      - no-cache
      content-length:
      - '651'
      content-type:
      - application/json; charset=utf-8
      date:
      - Mon, 06 Jul 2020 07:03:43 GMT
      expires:
      - '-1'
      pragma:
      - no-cache
      strict-transport-security:
      - max-age=31536000;includeSubDomains
      x-aspnet-version:
      - 4.0.30319
      x-content-type-options:
      - nosniff
      x-ms-keyvault-network-info:
      - conn_type=Ipv4;addr=167.220.255.120;act_addr_fam=InterNetwork;
      x-ms-keyvault-region:
      - westus
      x-ms-keyvault-service-version:
      - 1.1.8.0
      x-powered-by:
      - ASP.NET
    status:
      code: 200
      message: OK
- request:
    body: '{"attributes": {"enabled": true}}'
    headers:
      Accept:
      - application/json
      Accept-Encoding:
      - gzip, deflate
      Connection:
      - keep-alive
      Content-Length:
      - '33'
      Content-Type:
      - application/json; charset=utf-8
      User-Agent:
      - python/3.7.5 (Windows-10-10.0.18362-SP0) msrest/0.6.9 msrest_azure/0.6.3 azure-keyvault/7.0
        Azure-SDK-For-Python
      accept-language:
      - en-US
    method: PATCH
    uri: https://cli-test-kv-key-000002.vault.azure.net/keys/key1/?api-version=7.0
  response:
    body:
      string: '{"key":{"kid":"https://cli-test-kv-key-000002.vault.azure.net/keys/key1/33e983bb673349adb6591f5c1b5b0419","kty":"RSA","key_ops":["encrypt","decrypt"],"n":"ymnnC7gaBuj2WlDe0ZIeMwZmZWqsocha783fYsEakcPRohPE3s3DmsZQDc2sd2YD3lf-8KeDolDEiPzcn7QuGYiRU1ZLDnQ40PfIEvcSR8SY-Vrtr-XOExxCTUqbILIsZbYjWnyJiJpbDdgZUum1blJwSJ7k6C0dDWbrZ-VZZlhNxJgK3U12lVro60k6T7qTQ8wv9zVAiup6fZfOuyDkY-BWVxpyTzgkNhrPqIekoH2ATyH8fr9UAcZp5ULARkDqAQqZD-K2gSeqRu9wbb0mtuuEgd8d0GApWMZtV2FL-DwFEiI5XKMoFM1c3KDHuhapd41VsLn1BLD7UiAsI-Luxw","e":"AQAB"},"attributes":{"enabled":true,"created":1594019014,"updated":1594019025,"recoveryLevel":"Purgeable"},"tags":{"test":"foo"}}'
    headers:
      cache-control:
      - no-cache
      content-length:
      - '635'
      content-type:
      - application/json; charset=utf-8
      date:
      - Mon, 06 Jul 2020 07:03:45 GMT
      expires:
      - '-1'
      pragma:
      - no-cache
      strict-transport-security:
      - max-age=31536000;includeSubDomains
      x-aspnet-version:
      - 4.0.30319
      x-content-type-options:
      - nosniff
      x-ms-keyvault-network-info:
      - conn_type=Ipv4;addr=167.220.255.120;act_addr_fam=InterNetwork;
      x-ms-keyvault-region:
      - westus
      x-ms-keyvault-service-version:
      - 1.1.8.0
      x-powered-by:
      - ASP.NET
    status:
      code: 200
      message: OK
- request:
    body: null
    headers:
      Accept:
      - application/json
      Accept-Encoding:
      - gzip, deflate
      Connection:
      - keep-alive
      Content-Length:
      - '0'
      Content-Type:
      - application/json; charset=utf-8
      User-Agent:
      - python/3.7.5 (Windows-10-10.0.18362-SP0) msrest/0.6.9 msrest_azure/0.6.3 azure-keyvault/7.0
        Azure-SDK-For-Python
      accept-language:
      - en-US
    method: POST
    uri: https://cli-test-kv-key-000002.vault.azure.net/keys/key1/backup?api-version=7.0
  response:
    body:
      string: '{"value":"JkF6dXJlS2V5VmF1bHRLZXlCYWNrdXBWMS5taWNyb3NvZnQuY29tZXlKcmFXUWlPaUkwTXpnMVlqQTNZaTFrTlRRM0xUUXlaVFV0WVdVNVpTMDJNVEJrWXpNNVpHWmhaamdpTENKaGJHY2lPaUpTVTBFdFQwRkZVQ0lzSW1WdVl5STZJa0V4TWpoRFFrTXRTRk15TlRZaWZRLnFNclNaT1RVM2hJZ2dQRFh0MlJLck5JeGlicWhVbzRKbTNtWFA4Ym1VbElIZjRlQzFDTTljaTRMZUtLSFRDd3F0VlRBTHN6YWt1WWY1TExoc0NzYjFLS3NmaXpoajNBV04zZWROUl9KeHRwTy1tU2FFbUtNS2hLbzB4OGJTVldHM2htSG9RODRtZmhpVWRhUURsVGJhN0thMWQyalFSNkVXcHM4SVRHdEZQak81Q1pqWmdmM3RZVHdkanhOanVhNHdmdTRPTW9SOTRkN1hIMzBBOU12b3dFTnRzSFFYZm1JbWtsNTVNMFN2dGVfY0daMDZMT1RqU2FvNXdYVURmaHMtbnpvOFpkT0RJQmJLRmh0eExsZzhuWXhHTk1PeTItenZ4X3JObUFVX1g3YTVGWDBGcTdxeVVVQ1ZDV1BwQndSb1JESlJTWTdKNTd4VXd6VXhIM2Fldy5nbXg4RDEwUUtwNFdpU0RYRS0xajBBLm1EWnhjeWRMWUZnX3NBNENfZkxHY3ZiQUtxMFlwNTNuLTI5bDk0OFVvbE9vNFdaR1VPenlLTmFabTNQQjFtTHl6UENjOXVhRWhtdU5sNUtDLW9EY2p6SG1YVzhmTFhUZmhWZVdwLURFV2xvSExUeHVaU01fQklwejVlVnJTTDM3UEFZbXF2b1NyY3hGQ1V1U0JoMXpuYXdmSl9NM0VGdE5DZVJvaFk5aTNxOVllYzRmSXYtZzlqNFhKeHRNQzNYbjlqZ1hSSnFMRU9uZ0QzdnN2TTI2SzNxaE9HQThva2NGWnZZT0ZiTlNZMV82NkZ4a1dTLTA4NkxpRl9YZ3hlWTF2MzB0ZHNDNWZBVlJzYlFaWGs1c3ZXV2ZZamtLRkY0eHIwa29wc3RtM1ROX2taUVpLTDcxUzlTcm9MYUZiTFZfQ2JGdlhJZlF2bS1HcjJBWEw1UnRUSkNqVG9zaWpncEZVaUxUTzZBTlpKcVRuemloNmhqak1WR1M1cW8waV8xMzBTcTNqUGpEMThBZFV1WVNzZi1XSUJPX3FEdEwzS21KTWpzbXpxV1NwdFZnV0U3YURqVUZETVBYM1pvQUJtelRONVVVNE5tSlR5eFl5enFQZUNkQlhwbGlOdEpvdW9zTUdVQU5feXB3Z2NWS3J1N2lZUzhRaHRPU1h3ZnpIV3k4YThKc3dwVHZxUWJGdjR2dElUUWkzSXJzYllfMzU1c2tPcTJkZS1QLTdrU19DN3N6MjMyUUVud05YNTREX0pXeEJXZnpodjFyZzNpZjZCOGlFY1Z6cTRzN1NKa1ZzbE5GZmFoQ2x2Q3FsQnUzN2JWYVJUTGFHOEc0Y2RNMUtJVzF5RXN3NnhLYTZpcUdacWJqQXU0YUhwLWVTRzZVVGpKald4MVdpbXhabDF4TDhrZzRnLVUyX1dqekhOTi1LLWs3WmRkMkRCeTRJaWdSWU5mQ0R0aHhackFWSjlMb1h6X1FTLXFhOS1pTndjZnBVa1ZOZnM5cF9Sa0ZIT2RoOXB6NjdvY2ZVZG5aeGFuX01PMFZ5WTlfTWVlOVFMXzlJZjcwVVhENVVfVTM5UmhCYWFYRldESlR1UFhfVFRSUGhJdEJDbm5kRU9QTFBrSC1vQmRBSzU0ZTdISFZIWU5Na0tfeTdiUDNYNEt2R2txLUJiNXlmQ2dnMlNVa0gzbmhMbVlSZTdXSldoXzM4ekxIb3BtZUtaRGNNU0pTamlJWXpFY1E2OTQ0QmMyMTNBak1yQ1BUeUVhLTJfaTlUc0tVcTN4YzhlQ19rZVdleUtTR0hmeXhoM1YzUXY1OWNKcURwZDNfQWFsbGtfdF9YVC1IbGFra0xpMDNvTUl3a2VMZFpNMXFfcHFSY2x3TnR1WS11ck45OFFUNlBKOWppZ0lrTFVpNzFOaklNYk5ocUU5X01GRm4zVWpIRFpMMkNEUXoxcmNrS3ZIcjBZYUxhMFZXb3YxbzJUbF9QZ0FfcU5MM09XZkhIQ3JPVVRwQjBkekRuNnhqSFNkaHNDa1U2N1ZldEFwNmtWaVdmaE9OcTBZbnV0QW1FWUJCaVp4NnQ5SG1hWjNZSHVKV19pY0w3UHVZSkgzVFN6S3Jwa2F2c1ZpMnpnNDdUd25KNDdTYXNkbEV5dnlkZXdGaWx1Mkp3WTF0YWZJTlJfVHloMTVOb0Y4SHp0N1BWc1VkekZjeV83NDNmWTktd1AzMDQ1S1BOak1QU3dOVzAzUXpTaUhndW5ONmx5dU5ncmJQVGZhNGN4Mkc1ZmZUM2ZWZ0VNcTFDOHFCVzROLW82X1ZLZDJ6eERRZnJ3Y0JSaFVuSWY0YUVzYVd3NXhmWGVxWUVUcjJoZnhBZXdxWUdmU1ZBalgwaDlIMVJNSmNKenhtNlNHNExCYjU1QkQ0ZG5xVVdXT1BJRTJlbFlKTG9xNEFkTzA1bjBXVEdiNlJEVXNIdVFjSkNlbElFYTVSSW9ieG5EQXZzdkxhQ3N3LVFxZDBCcG9YclU3UFNqMGd4YjRRakNjWGpfT3hlaWFWUl9KbmdwTkNjcHZva2pPX0JoUTRtcmxqZy1VZWlqUVc1Vk16YlhLR2owNkI2Q2NvOFhGbXkwX3M1VF9ka0tvUTlOcnpVSzdKYzRzaFh5QUFKQ1JscHVBMTc0UVFEMEhjMzc1ZGtHNl9Ma2RIZkJkdE9kdWdJbFJzTWFGcDNGWjRnVEl1VVdjWDhHUGppT25HczFST0FZdnBCMXNMbTZOTUk0cDIxbHdRbnVoVjd0RmhzSVNScmFXekMyVkNzRmRCRkpMbUVYcWxMMUpLN3JkQ2d6TzVVVnV3dFU4Y2NQNS1rb0lmOUZ2NFE3ekZKUFFZWmNOOWhaRjh5dkZuWXhSNktTazN3NGo5eFdUWjZPSDcxb1A2LWtQcmplaFhFM0FPdU4zZGpRU0dFOUpob0JXemdyUkE4NzRtNnlXSjk3M3JfMXZUY0RybzgxN3lxODZuZ1p5NmtPdGpVTUxxb2dtRWVXWlVvdVBYUjg0VFJoNC1PSHVTZjNwV1dDMU1pWEppNFllZjR4MzlQU0pacGZUUVpQdzlxSHJaMklXSU8wQ0F1T1Z0aGktMlg0QmR3VHhoeC1lSHdyQ2UzZldaWUo5eTVQeFhVSEh6MU81azNTM2tpeTNSdkw5YUh3WlFfRHNEWnVvVW9vWXVVR0NjT3RGd3RmUFJEdVY1LVJfNlJIWFYyQUoxUGRBNTBvSEtsOGhWenJNWHloQ3V3X01lVjM3ZWpLaWY2RnVrLXFidHY0ODhZOTVjLS1kay1GU3NwckgyM2dVdHdYODFMNXpyLWR3dFl1OEdoc1lPcTV4WTY0UjhtUl9XcXRkQ1RHYnBUOTh5amVKOUV4Z09Ka2FXZmRUczNEdDdOaXVsQ18xbHJydWRBeVhPQWtMQVhLMENYWVhfU3lFRGE1TF9MTVBvekJ5Tm1MVHQwaW9rc2JHTkV5dG5Va1RNOV93ZWpzVWlQejFCWDByX21YN0xPOV9lZHd4aHVDakdUeS1FdXZMcGJhbjJPSVNkSVI1b2hMLUU4ZjlxY3lQOGNWUjFYa3hxWm4yZUhhRm9EUnNOUlJrT2dtdkVSZWlQcnRxcU9KQThjQVdtRHdoTU9tLS1rMlJOR2FlVHM3ZWVrYV9tcG9FdVB5YmJXZEtoaDVudEh0WHI5NndCcGF5VjlHeEhBNlN5dFFIb0ZTTGdONlFuLXdsQ1d3UGV1VUR0cGpCaXBzcGltdWtwQkpOWEZCMUlQYW9pWjhaeDVMTmQwXzlxVjQ2Z0dRbDR2OUtheHpmQ211eExPejM4VHBfdmpka1VEV3J3LWhGZG1jUW1zc2xYZjE3WTBoMExFclhyOHFhai05eE9oYW5aemJjTUkzdmhuZmphMllQN2RMeGRIVEoyUFBxVXNsT2J5NjRKaHFvbVIteTZ6cXRBMW5RV2dBNG04UVRtaWRGUE45aVQ1NzlUZE9uZkkwNXczMC10dU1jU3RsRENCZXozQXRGNWZWT3VkN3FYdlFudXU2SEcwTnRTQnRzbHk3cDB5cEc4eGE4NkJodWVnc2VuMHJfR2MzcWJhVmpWMU9vRVk2Y3paeVp4d1hHZXhLcUZfdWVXVzdsOWNFUVBZM2FMQnNhdEtOWXpMVTdwRTNBaks5NDRWcVJheHlCS3EyYkh3Q2wxQlpLX2VpdEFGV3BmdjFDRjlPUHdxSTVLNDl3LXR0OFljc2FNZEtDYnRSelJKWFE4TEtibTAxaE51ZHlBODNmY2hYZURyZGJKZnozWVNmSjRZSlNoSjZEU01QTzhrdHN2ZzYydHNVNE1aanZZYU9HV29NcUwzbERCMTd2elM5RzNqWVE3SzF5QVh3dTR5Mmt1eE05bV82YUktS01lX0ZIUW1ONmRYdTQ4RV9uOWJxcGhYckhkbnlIZU5IQW1JbUwxVUxtLXg1dUN0UE9Vckd5RU1ZMXUxeUV0QXJNOE5jUTNJaTlUdnM2U0szcEkyZk5zNkpnaDVEZzBhb05wYl93akhlWlJURVFFdUFyV2w5SERiV3czOGVhaDBzRk13NEZib0w3emRnTTVlejdkQ1lqZkMtVTMtN0l2VVZXX20wWlVQS0tXM181ZHFMaFpIclNURmxsWjVaSFV3T2FGOGNMeC1wVG5sbVVPN3hiUGUwZ1UxSTJHRW0wS3pWLTZkdkZhOElYcGZKNm83anpvdG1yYWtpTW9QWWc3blhWejkxdHdSOFJhMXQtVmhWU3F2Nk95a0FIdjdHQWJ4ZUlBbHU1N1JOVU9rSllwZnNxSDFvOVZxS3RlRTZZeTJrS1dGOUtZRm9fT3hDQ2w2Z1p1LXNoRXVtSHlXaVRFeTJfanRVYnNQd3hhdHAxbFFpekVPQVJsMzNZVEZhRU16YmRuQWMyVTF6WDhCY2VDY2JSNFFmam1uMTZfdlJDUFIxUTNobWNCZnd3SjRadHAzd1JGbXY4emtFSDRTdURmcDhxc1BuNmVkZXN1TU5kZTFNODBfS09wSng5a1RlX1dhU0RtSUU2eFlyYkFlR1NmY3YzWG5UZ0tMbThjSGQtY3dtSW1zN1hpSDVtOS1VNlRCaFBzTndScVJaVDJjYUdxZjFNRnAwZDgtYlZaNEZpeVB4U0xkeVc3Y2lBR0hPbUVNaXhVVzZEbWpFOTlocnUtNDJ1NkVtTE9EU2NwVF91bEJVSVFHdkNqMURVYlphcHZFeVJ1c2hSZW9zX0hKWjlTUGlWNHRvX0JUQ3JtQlk0ZVRtekFhc2pTdTQ0N0sxMFY1UTRZVS1GVjBjbkpua1loYVVqZFlfdHI1ZHFGaGZjOTQyeVdSOGEwdDRySERGVjlLTzU0NUt3OWxDeDZiVkZFS183clZySTVUSVVaX0d0WXpfaEhlSGxFRWVXYU9hbXpLSlNSN2ZsMnpCUi04OEFjaUltQ1dVM1VvZ3pWSC10eUczYklsSkhuLU5HcURYWU9WaS1uLUFvdlFDQXd4d1UwbVBQWDloMlBxVkNPLU1Lc1N5c3h6ZjNGaDhvNFFFVzBlSFBxelBaSTJoY0lsTkJHV0JrQ0JLZVVrLVhIM0RFNWt5b3JVUVRQcldWcHhIUmpPWmw2NHdwN1FFZ0llc1ZMYTVJZEJmY0Q0VW9xNTdzMmtXdndWYm1rYnh5MlBfdEZOQzExazZvMlNrc2FyRGloT1plcDY1LUxsSU1rVHNLVXA2S25Tc3RPQnc0SFdfRWo1SXA2SzRkNGhlYmF2QVdDckpEVGRkTFJGSHY4d3BDcGQycncxUk5UVXU5UkNJcGg2ZUgxNGd0ZDhIZm1XcTByVnVUcFNkbjBpUE55bk1CcE9hSVFUd1BBdWxNUFJIR29GeWNwUTAtemtvWmx2OGdBS2p2bl9lQldTSU5DZWtWcW5QWTBVaGhaZFBZQXNyY0V6eEhDVDBULWRKcmhITVo2Vjl5VlNuU295blI5SnhsNlJLd1VYVnVONWhHbmRiUmtGZ29wU1pVVTNjbldIMnJHUlRUNm01R3lfel91TjRQX1hnUEhQRFM0T05zUkhWVERWQVF4UGV4cGd5RFNGYXdBMFRzYTJmdXYwaXJhRGdURnVCYUFHbGhHR3FxN3VBVkFrZG1fd2I0TEk0TkFZNjY4UlUzNUZNWlJBVkIxRkxRSS1zYVVaRWlMSHphUEVBNnQ4SEpBbi1WRWNCeTRuZ3phVnctZmI2bGtGb3BXaUsxS0o3c0NSMWc1cmxocHBQdU9xNUZSN29ZbTZhTEp1cWNNRUM4RkhwaG9VYXgtUjEzUmhIQXVMWmdqSlhoMWdObURMRzJaOW9zeXRMeTBuOTlvN21ZZkU1c29XRXVxRm1rbVV3QW5WUjZxbnFPcTNHcVNKbnZua0ozVWgwcERvV0RLNEwzSXZYOUh0cXJsSDFYTjZnTGJURThiNnJyclZhRDlScE10TnNMUmVwWUt5VzVjRDNXWnBBc05aRXNlTnN4ZjZrZ2xpS1hqT3pQUmNmYUpkMzFTeDVhWEkyZkdoeDV4WExxdDVvRmRzaktNa3hCa3RDVVhMcXZITTdFNlR4bUpxMU5TTFprMXdweWdpR3FyRDAwS0Q5QktmOEpUTGxFNHAwT2kycjdIWGp1OWhTRnR1Y2k5b01LN0x3U1J0Q3FFV2I3c2NWTjQwSm9PbzN1b2VyUmVjbGZQOTBoRDNyZkRlQ3c5dXhOUGNfd2ZiVUJoT2QtMm1RQmZEU09SLWI1aU1rcEVYZFdUV3U2YWh6U0RlM0EybzJYaXo0SnJyWUltTDJzNUt0YzNsdndzdGlWaVFMUGtrQU5oVmFnRE5jYmhud3RBMVJxWHlyVE85WUhxOENhX1RBa2NfYVdhVUtERlh3ZlNrQ0NTdDV5WWgzWC0tTXdzR1pYa2VNeWc4QVhwTjdicm0yRFNpcm9tdGRseHh0cjZLWlRqUUkzalhIUTVzN3FvYXk2Smc3U0FKWXJpa3BoQ0RfaVR6TVpNSUVEaURod2RvM3M2NndsUmhrMlFKUVpBUkRwRFFFSUNsZjVUMmVmMlBNd0p2SHF4REpFX0h2WDBMSEhwSmNWd2YyanhTbGtFajZ1U21YXzhmWTFmNjlQYVhZSFdCd04xREpXWWZfRmppdEFlczFxQUJWdEo1Y0R1ZldjVGxUZkdsekxBNkpiblRDNDB3cm5PUjFCSW8zT0I1b3g1elRySlZBbzA3YXJNYW1Qb3Y1Smh4TnJtdU42V2NJUTdWYUw4VnYzakEwWXJNVUFxdGt4RXRId09HVmZpNXJPYkRsREFZemV0Yy1xNWRlZ0UxSWxDeW9abXZLTGZtSzF3VzQ0U1VMX19vWkNjNEREU2FUaXB6aUxyVDBkQ0ZlbktRd2Q2VlRpTW0xcXFhejYzN09rS1ZLSkVCM2t0QWZNa3NURFI3LVI2TjRnZXQ1cC0xcTNjbFBIa0ZyLU9qMTNjY0F2U2ZocjNkT05jY0E0ZV9ERU16RTZyVDF6QjNidngxVWVNRVozbGFxeGVqck9oNlA4WXNhdTI4OG1vWmphZ2NnNWdncDg0OEZna0lCTGtLS252OTdCaVowejMtZEd5djVlckJvTDJlN1Rla29nN1BDZDhLaktkUGw3RzhoaUEwQkU1Y2ZMUEg1eUEwcEFwWFVXSU5KN0FDSnZhS3haek4yNnFnVkNCNm5neXVubkJTUUpxTmlfLURPOV80ZGdVWVNlVnBoM0I3dWdtOXM5UVpqdWotdkpLQ1A5V2ItSUxSVnl4YXBqNmc3RldrMlRzSDV1RTU3WHFRRXFmNkppSEtxX3ZDemx2UlNWVXNXRGRYbW1JRG5JOFlkTjZLdjc1RVNKMHZCSWJFNWZuX0pHclM3LWJndEFHWTc5YWJSd0ZCNVpEbUpoWFBIRTg0SzlBNE52ZGpPS1FOZjZzVWFOMEY2c3NKczVhVzRUTmVfRmhraWkzdU13RG1tUlZENUxSNVJtdlBCamMwSWVuVllfNkpRTkJYNWV4am9xclA0UlVDWG01RDMza3RhX3VralBZTHl6bVh4UEtrdGNBU201WGJmZk52ampLTDF6M0loR05YMmstS2pvcTEtaG8xN0doQ0c4QUFUbHZkMEM0MVRLUHNPM2F0ZVQ3MFZUbEQ1dzJYSFBMSVJPNHdlRS0wN2Z1cWNud1lfYXR3eThFQzVFbjhCZFJhd3hPajFnQ2FRbXhlcUZ2dDNVV0dEMExnRWNkcVZMMGd5RFdGaERHT1JBZ3ItbU80WUlHa3U2eXIxOTRXbzhiNERPek43ajctUV9mWWFfcVdmOE9RcUlYQUY1aWZaVEtmQnpLZjNlU3JVblQzc2lubEl2Z0hUcmRzaWM1QkhFWG5OZVJzNEFPOG1Dd01vX0NmN3luT3ZneGRMOXBNN2dNYUQtRi02WFJ3b3U3VXhjRXBRNzF6aGVWLV9tZ2xoak84ZTRoZlZ3TkphX2xjRGg1V3hmZGtUR1JjZmNqUDUzNXBxMy1Ja05fWTU5VjVwVVB2Vi13OGZSQVFna2lxZGM0WkNlUC1RblBVLTVYN3hVaG5RTVZEQW1yTWp5dEJUQ01ZNnBRQnZ2WDJTLUhmLW1NS09Db256QlQxZ2owTkFXTUNEZEpkRzZzTTZlbllzOTVrdWF5UW1YVEYwc3JkblVpSUsyV3BNbWxCWWZxVDJlb0czNFMyZFNHUkZmT3JsdzNVdlgwYU5qNXJtaTZUTkRDTVU4MFFRMWEwbnBvTFB3RzVzNHZHUGNGUUNoenowblhmN1JlNkQwdHN2RWR1dE1jaHFvNzFOVnhCRmZockJMRkVfT3M2ZU1oUVF5bWxHbEZkUzdMUjE0X0ZQQUZmY1hBdG10bkJyUEhtZ1lMY3JIM0gwLWFUc3BGNldYMGNZVDd2bC0xUS1jNXoxLTIzS2RETW5ndlF5OXVKb19tWUdMOThCYkxXR0F2Ui1WbmNYdTZpa0tzTlExT2lCbnNROEFndk9DTVotZXgzR3pjaUxTUUpVYWo2Q01HUy1MSENscnY5TGJFZF83U0UwTnBUOWRQaDROWC1BWlpSVmE3VnJocXR1cXg3NXcyR1FzRkE5OEhoYTJIdmg1UnpIOE5IZW1La0g3TEV1OGNkZ2RaSzNsbnUwMWlSODgxWnlfSFBDV3JFaE1kbl9XaXZxTUhGYmZ2UHp0RFNpZzA3VGFqWGpPSXpJR1hBaUdBTlJLbjBIb0dFUGRYd0xmTWJRWUFjOXJFNjFKVDR1Qll0dktPblpkc0QtdWl2bEc2Ri1QNllNZ3hPbG44R2VuWHBrMFJHc1ZqQVRZNXFLUENSbklQbzZ1THBzbExhajhJY2xxakRkbXBMZnVCdi10eVVpck9xVU91RGZyWjRyOU5OQTMzRDN0NjBndVBxR3RoVmFCSGwtRjN6aUo5LUJTUFFOaS1hOTRyNGxLSWNuNUhsVExySHhpcFlaSS1TV0dlNjNkeVpmc2RGTEhZYTl5UlV2QTNWR3RPU0h0bUtkc2tJV2l5T3hPeThPQmdKZGQ5RmZBVTFTRldiYXAtcVZ3US1jeUtCTF9qbGNPcFREZGJtNERyX1EzWWJ1eDlzbDNVbUpCTWhKTmliR0xnaTdoMmJrUnFTMVc2SzRBcjV4c0tCb0Vsd1JzMk1kbGxzcTRST0xkOU1KWE05TmY4VEZGRHFqaTlTUnQ0dDI1MXhic0N5Ym00aV8wTXI1U0xsU2dZWmJMUHEwTUNENXhJN1dPbVpGUVhuVWpFdVdKSnE5ZUFYTW1DRGx5OFdydjluMmtZNXl2SU5rTldsNGdTTFM0LTBzQ0h5VzFlZzJXV0hpdkItY2czRlVGMkI4ZW1PUWVjNlRIVU8wV2ZEaTR3dk5EQWxpeFd1eFdpcHVjeXo4N0JrN0J4QTA3YXZWQXAxUkd4ZGp6dnAxNFdJY3pXYVZ2SG1qRWZkWFo5VEc0RDB0OHJKZVVReVl0YUtJalBuTFhQZDZUcTZFVVI1RmZ0UUFRd083T1ZudnRuRU5IcFZ4VFgzRW5jYy1pUVA2YmQydHljZDJ6X1dlVE1MRFpEVmtGNGV0UVl0STI3cjFhTS1hcTFOS2xpMzF1Z2puSnNUUm0wTnJiU0xUajF3bXQyUzRSbllLQlR2bkswNEhDNDVhSk9ZQ1ZoWnJsVWg1TmNBeldYVno2SlBWSTVxR1hvb3kzajczN05hVEJGUjZoTmxiRUtfNGdtb0hPMnFlczFocXMyOGpDX0EtNkJsTDhpUWY4X2hFN2pDTEpkLVAwZU12QUhXZllfYzJJb0pvbjNBV2VHamc3Zm5HMEdyZVRqNHhHbzJ1NEdzTkdKcnp2ZDJMZVJHMVI4SUVFQ1ZPRFkza1NXbVpTbjBTckpVWVZSMTlHZ0FEWFRjQWpoOUZZOWpIbXFtMksyM1pueHpLQ2VIekVPU1ZuVjNTM3lvR1lXQXg4Z3pHNDRCVzkwNzdzT0FuRVh6YUdjVG9RUnBldC1Kd1lWX0pxS2pnUGEyV2dwWm1OREs1UW5WcURxWTl4T1RfTHlJNHNHdkRVakhzckVWYUtKUVUzVDFWODBMV3VPcWVBMEVmQ2xfb0hKak9YR0U2U19FRGdBTG5YNEU2Y1ROTktDTTlQRTFSV3VJTDVLOU1GQUt0VDNvZDR2OWJKMVI0UTk4d1F1c3ZZQU9WQjFlNVhuSmVmdkhiSVExbnZpVHE1aWJ4Q1hNQnRRWGVXM0VJcWZ1ZHp2VmpLUDhyellYaUtTRGo1OU1rZVdOZlFmZ1ZVUVpfYng1bVE3eW41TXpqdHJsR0t1X2o2WW5TdjBIRXFMLWFqOFVpVFBoVDMyVjVlb1piLXZKOElweDBsRXdyMHNkZnJ5UjloQ0dvVzZBNjQ2SlVNOHFVb0RMbTFCYV9lMFhfbTUyS1FxLTFfSjUwZGxhNk9pcTUwWUlRSzlzcExlZHdja25ZYmRzbTJMQlN4Y09pYWVjc2NxU1dzNkR3QVRMa3NJNDhkU2d6UHRnNFk5MEI5d0daY3RHb2VHajdwUExxVlJmWFFVUHdBcjlZRVFHdmNqR0xLNEg1RjA2N3lJWGMtODRVUzlMWTgtRXV3dlNCaDBPWVpWVUFnTDlGbVRSSXhfMkktQkZBdWY4Q2IweUVfLU15cDNGRzBrZ2FXLXdqOG44VjFVN2diSGxfeS1pdjNjc2h0cl9aY1Z2eEZ2SXp2dkRQQl9ubnNwc3A2Y25FanpfbW0xT0ZVWjdtWmhITjFWUWhtUUxuNUg3ZU5HS0s1OHdWdE10WDRuOElZNzZvU2FnaTFRRW1RNEE1NEozTk9PX2kyMmY4NE9HcllwZWNScU5ONWNkNF96QmxIajQzU0JiNEFSM2NCTnBaZGx6OV9iYUtNbnVYVk1aeTZSdElfWE5tTGRJVko3b2c3UnB1NlQwejN2d080WWdMY0dYa2VabkNvMnJ3NUZMTC1wTktlbk82VzA4MUJMbFlfYnQ5YllsMDRZZGV0bHlYRTFQMVZsUWVkRFk3VFh2UmE2QkJQRDE3b0xma1dlczJRTEg4aERSNXA5U2E3OGctYmxrNll4bXQwY3ZmcV9nWVVBVEUxQW0zRUw5cGxadTdPLUVDOTlfVl94VENFM3FKRlptUEpweGNXN3RDZkRQNU1Yd0NHZFM3alg1RFNRay1BR0R3eEd4RlpCbHZXUjVlNTZsRVhvUXFVLUgwWVpZd3VuTzdJLThxdXg2VHJ4Z0Zfa1Nhc292ZnJxTWtGeVVTbTdrbjRtR0xCZms1XzFvR0gzak02bzJGbkRqVTdGVURjVXMyRjM5a0NDYjdzZkxwV0VmelI2VURCMEVPRlpIZ2JRQTdHV2ZwakJhRm1jRVRFNVJXQVdoeXV5U1J6eUZfeXNfamxZNFQ2alFCZlE5Q0hHQ3lSakhyS3JicWdoR2VsdEhZMnc0dmlDSjRrR1h3cnoyUUFBdmhUSW4wUDN3WlBQXzg1Tkw3WnVlR3pzdDIyTHJzTDlVMzg2MWhlM1ZFaC1qVWVSS1hwMHN5MzJCdHoyaW5oUU41OF83d1owWGNEOTI4VkEyWXNtMmF4bXpxRkIzeHhSSEpWTFFOTjA5U3J2cmxZNzA1NVBFX2lBdVNYWGhBWEZJVzFiSzQ1cGJyWGdmSEl3WjJfdWVsZ1VSWURKaWlwNW9UbFpLQm1uVDRIWTFmQWdaT2F5UURSYkxLRG5UeUJwTXk5YXBSZm4tMWVLd1dhU3FCVFZLZ1VQUkp3dG9vR1NqSkpQdTBWZzRLR014bEVRSm9mMmlqSzd3VGNaa3JUVUpfSkhPYVc3UE9WVUpzVFFzOWhNV21vNEQ3QjYxTjJpVmVFMnlGbDVBX2J0QW1LdG9mU0hWUlF2UTRCX2VYQUFhaFlnTmFWUDd4VjhDWG5oT3gyMkFqWjhzdmgxZlBpaXlvZlFEeGJlSUlvdjQ2c2NsbHdURkxyUW9HMkJ4REMwWGVxcVUxNlZleDduVFROU1pZU1RQdzBhN2hnNzY4OWJHQjdmWndOd1ZiZF92ODRNanEzakNNNVlzaG9rZmY3dGNKZDZIdDZndjJVeHIzTFRTcDZtakNQWXZKTjBtajItRDBxVUNKZWtkQkpjSFBrdi1aY3hsTFBadUQwUjdlOEFWTFh1aGVkQU5YSWxodzNCZzZldGUwODhrZ3pDTUFiZWtLOTJlRzd3VWNOVVZzUDAxS2xzbWg4YnJIVXI3QmpWOG9Za2k3Vnh3QlY5WVB3dUJmYTN2a1h0Rlc5dG4tN2lmLUIzVnhDWFZfZFpOeTJWaWhDUjY2X3RCdlg4S3FydzAxLVNaZUxZdnhVV1U5UC1GTldPU1NaNVh6Z3RpSFp4ZnhUNjhUSTJyQm5XN2JjQlo2SFZYdDFUY3FlUnl1bnJlek1WYmJQYk9QbkNQMXRfWExmVWJwbEFOc3h5RlBOaFZuaExscDhJR1pJanVJRUVJQzJkVjg0Vk4zMGtlSEFQM0Vpb2JySEYyRmZNYXhiQzRDTEhzRzRhcjUwb0VQQlFPblFqcV9XVV9QcC1UR0I3UG80RFlvZ3ZFUHVRNGZXVGt5M3hyRkUtT2ZGc3lRRG1WYW9MT2t0dy1LWlB4TmstMEhMWHRqcHc0R2ozMGdnOGNFWEtLdUR5Q1ZhWWxGMjhuTnNyLUdkNUp1ZEQuRFVVZ2h2RUtpTWtZNVJ4SkJGeUJJUQ"}'
    headers:
      cache-control:
      - no-cache
      content-length:
      - '13366'
      content-type:
      - application/json; charset=utf-8
      date:
      - Mon, 06 Jul 2020 07:03:45 GMT
      expires:
      - '-1'
      pragma:
      - no-cache
      strict-transport-security:
      - max-age=31536000;includeSubDomains
      x-aspnet-version:
      - 4.0.30319
      x-content-type-options:
      - nosniff
      x-ms-keyvault-network-info:
      - conn_type=Ipv4;addr=167.220.255.120;act_addr_fam=InterNetwork;
      x-ms-keyvault-region:
      - westus
      x-ms-keyvault-service-version:
      - 1.1.8.0
      x-powered-by:
      - ASP.NET
    status:
      code: 200
      message: OK
- request:
    body: null
    headers:
      Accept:
      - application/json
      Accept-Encoding:
      - gzip, deflate
      Connection:
      - keep-alive
      Content-Length:
      - '0'
      Content-Type:
      - application/json; charset=utf-8
      User-Agent:
      - python/3.7.5 (Windows-10-10.0.18362-SP0) msrest/0.6.9 msrest_azure/0.6.3 azure-keyvault/7.0
        Azure-SDK-For-Python
      accept-language:
      - en-US
    method: DELETE
    uri: https://cli-test-kv-key-000002.vault.azure.net/keys/key1?api-version=7.0
  response:
    body:
      string: '{"key":{"kid":"https://cli-test-kv-key-000002.vault.azure.net/keys/key1/33e983bb673349adb6591f5c1b5b0419","kty":"RSA","key_ops":["encrypt","decrypt"],"n":"ymnnC7gaBuj2WlDe0ZIeMwZmZWqsocha783fYsEakcPRohPE3s3DmsZQDc2sd2YD3lf-8KeDolDEiPzcn7QuGYiRU1ZLDnQ40PfIEvcSR8SY-Vrtr-XOExxCTUqbILIsZbYjWnyJiJpbDdgZUum1blJwSJ7k6C0dDWbrZ-VZZlhNxJgK3U12lVro60k6T7qTQ8wv9zVAiup6fZfOuyDkY-BWVxpyTzgkNhrPqIekoH2ATyH8fr9UAcZp5ULARkDqAQqZD-K2gSeqRu9wbb0mtuuEgd8d0GApWMZtV2FL-DwFEiI5XKMoFM1c3KDHuhapd41VsLn1BLD7UiAsI-Luxw","e":"AQAB"},"attributes":{"enabled":true,"created":1594019014,"updated":1594019025,"recoveryLevel":"Purgeable"},"tags":{"test":"foo"}}'
    headers:
      cache-control:
      - no-cache
      content-length:
      - '635'
      content-type:
      - application/json; charset=utf-8
      date:
      - Mon, 06 Jul 2020 07:03:48 GMT
      expires:
      - '-1'
      pragma:
      - no-cache
      strict-transport-security:
      - max-age=31536000;includeSubDomains
      x-aspnet-version:
      - 4.0.30319
      x-content-type-options:
      - nosniff
      x-ms-keyvault-network-info:
      - conn_type=Ipv4;addr=167.220.255.120;act_addr_fam=InterNetwork;
      x-ms-keyvault-region:
      - westus
      x-ms-keyvault-service-version:
      - 1.1.8.0
      x-powered-by:
      - ASP.NET
    status:
      code: 200
      message: OK
- request:
    body: null
    headers:
      Accept:
      - application/json
      Accept-Encoding:
      - gzip, deflate
      Connection:
      - keep-alive
      Content-Type:
      - application/json; charset=utf-8
      User-Agent:
      - python/3.7.5 (Windows-10-10.0.18362-SP0) msrest/0.6.9 msrest_azure/0.6.3 azure-keyvault/7.0
        Azure-SDK-For-Python
      accept-language:
      - en-US
    method: GET
    uri: https://cli-test-kv-key-000002.vault.azure.net/keys?api-version=7.0
  response:
    body:
      string: '{"value":[],"nextLink":null}'
    headers:
      cache-control:
      - no-cache
      content-length:
      - '28'
      content-type:
      - application/json; charset=utf-8
      date:
      - Mon, 06 Jul 2020 07:03:49 GMT
      expires:
      - '-1'
      pragma:
      - no-cache
      strict-transport-security:
      - max-age=31536000;includeSubDomains
      x-aspnet-version:
      - 4.0.30319
      x-content-type-options:
      - nosniff
      x-ms-keyvault-network-info:
      - conn_type=Ipv4;addr=167.220.255.120;act_addr_fam=InterNetwork;
      x-ms-keyvault-region:
      - westus
      x-ms-keyvault-service-version:
      - 1.1.8.0
      x-powered-by:
      - ASP.NET
    status:
      code: 200
      message: OK
- request:
    body: null
    headers:
      Accept:
      - application/json
      Accept-Encoding:
      - gzip, deflate
      Connection:
      - keep-alive
      Content-Type:
      - application/json; charset=utf-8
      User-Agent:
      - python/3.7.5 (Windows-10-10.0.18362-SP0) msrest/0.6.9 msrest_azure/0.6.3 azure-keyvault/7.0
        Azure-SDK-For-Python
      accept-language:
      - en-US
    method: GET
    uri: https://cli-test-kv-key-000002.vault.azure.net/keys?maxresults=10&api-version=7.0
  response:
    body:
      string: '{"value":[],"nextLink":null}'
    headers:
      cache-control:
      - no-cache
      content-length:
      - '28'
      content-type:
      - application/json; charset=utf-8
      date:
      - Mon, 06 Jul 2020 07:03:50 GMT
      expires:
      - '-1'
      pragma:
      - no-cache
      strict-transport-security:
      - max-age=31536000;includeSubDomains
      x-aspnet-version:
      - 4.0.30319
      x-content-type-options:
      - nosniff
      x-ms-keyvault-network-info:
      - conn_type=Ipv4;addr=167.220.255.120;act_addr_fam=InterNetwork;
      x-ms-keyvault-region:
      - westus
      x-ms-keyvault-service-version:
      - 1.1.8.0
      x-powered-by:
      - ASP.NET
    status:
      code: 200
      message: OK
- request:
    body: '{"value": "JkF6dXJlS2V5VmF1bHRLZXlCYWNrdXBWMS5taWNyb3NvZnQuY29tZXlKcmFXUWlPaUkwTXpnMVlqQTNZaTFrTlRRM0xUUXlaVFV0WVdVNVpTMDJNVEJrWXpNNVpHWmhaamdpTENKaGJHY2lPaUpTVTBFdFQwRkZVQ0lzSW1WdVl5STZJa0V4TWpoRFFrTXRTRk15TlRZaWZRLnFNclNaT1RVM2hJZ2dQRFh0MlJLck5JeGlicWhVbzRKbTNtWFA4Ym1VbElIZjRlQzFDTTljaTRMZUtLSFRDd3F0VlRBTHN6YWt1WWY1TExoc0NzYjFLS3NmaXpoajNBV04zZWROUl9KeHRwTy1tU2FFbUtNS2hLbzB4OGJTVldHM2htSG9RODRtZmhpVWRhUURsVGJhN0thMWQyalFSNkVXcHM4SVRHdEZQak81Q1pqWmdmM3RZVHdkanhOanVhNHdmdTRPTW9SOTRkN1hIMzBBOU12b3dFTnRzSFFYZm1JbWtsNTVNMFN2dGVfY0daMDZMT1RqU2FvNXdYVURmaHMtbnpvOFpkT0RJQmJLRmh0eExsZzhuWXhHTk1PeTItenZ4X3JObUFVX1g3YTVGWDBGcTdxeVVVQ1ZDV1BwQndSb1JESlJTWTdKNTd4VXd6VXhIM2Fldy5nbXg4RDEwUUtwNFdpU0RYRS0xajBBLm1EWnhjeWRMWUZnX3NBNENfZkxHY3ZiQUtxMFlwNTNuLTI5bDk0OFVvbE9vNFdaR1VPenlLTmFabTNQQjFtTHl6UENjOXVhRWhtdU5sNUtDLW9EY2p6SG1YVzhmTFhUZmhWZVdwLURFV2xvSExUeHVaU01fQklwejVlVnJTTDM3UEFZbXF2b1NyY3hGQ1V1U0JoMXpuYXdmSl9NM0VGdE5DZVJvaFk5aTNxOVllYzRmSXYtZzlqNFhKeHRNQzNYbjlqZ1hSSnFMRU9uZ0QzdnN2TTI2SzNxaE9HQThva2NGWnZZT0ZiTlNZMV82NkZ4a1dTLTA4NkxpRl9YZ3hlWTF2MzB0ZHNDNWZBVlJzYlFaWGs1c3ZXV2ZZamtLRkY0eHIwa29wc3RtM1ROX2taUVpLTDcxUzlTcm9MYUZiTFZfQ2JGdlhJZlF2bS1HcjJBWEw1UnRUSkNqVG9zaWpncEZVaUxUTzZBTlpKcVRuemloNmhqak1WR1M1cW8waV8xMzBTcTNqUGpEMThBZFV1WVNzZi1XSUJPX3FEdEwzS21KTWpzbXpxV1NwdFZnV0U3YURqVUZETVBYM1pvQUJtelRONVVVNE5tSlR5eFl5enFQZUNkQlhwbGlOdEpvdW9zTUdVQU5feXB3Z2NWS3J1N2lZUzhRaHRPU1h3ZnpIV3k4YThKc3dwVHZxUWJGdjR2dElUUWkzSXJzYllfMzU1c2tPcTJkZS1QLTdrU19DN3N6MjMyUUVud05YNTREX0pXeEJXZnpodjFyZzNpZjZCOGlFY1Z6cTRzN1NKa1ZzbE5GZmFoQ2x2Q3FsQnUzN2JWYVJUTGFHOEc0Y2RNMUtJVzF5RXN3NnhLYTZpcUdacWJqQXU0YUhwLWVTRzZVVGpKald4MVdpbXhabDF4TDhrZzRnLVUyX1dqekhOTi1LLWs3WmRkMkRCeTRJaWdSWU5mQ0R0aHhackFWSjlMb1h6X1FTLXFhOS1pTndjZnBVa1ZOZnM5cF9Sa0ZIT2RoOXB6NjdvY2ZVZG5aeGFuX01PMFZ5WTlfTWVlOVFMXzlJZjcwVVhENVVfVTM5UmhCYWFYRldESlR1UFhfVFRSUGhJdEJDbm5kRU9QTFBrSC1vQmRBSzU0ZTdISFZIWU5Na0tfeTdiUDNYNEt2R2txLUJiNXlmQ2dnMlNVa0gzbmhMbVlSZTdXSldoXzM4ekxIb3BtZUtaRGNNU0pTamlJWXpFY1E2OTQ0QmMyMTNBak1yQ1BUeUVhLTJfaTlUc0tVcTN4YzhlQ19rZVdleUtTR0hmeXhoM1YzUXY1OWNKcURwZDNfQWFsbGtfdF9YVC1IbGFra0xpMDNvTUl3a2VMZFpNMXFfcHFSY2x3TnR1WS11ck45OFFUNlBKOWppZ0lrTFVpNzFOaklNYk5ocUU5X01GRm4zVWpIRFpMMkNEUXoxcmNrS3ZIcjBZYUxhMFZXb3YxbzJUbF9QZ0FfcU5MM09XZkhIQ3JPVVRwQjBkekRuNnhqSFNkaHNDa1U2N1ZldEFwNmtWaVdmaE9OcTBZbnV0QW1FWUJCaVp4NnQ5SG1hWjNZSHVKV19pY0w3UHVZSkgzVFN6S3Jwa2F2c1ZpMnpnNDdUd25KNDdTYXNkbEV5dnlkZXdGaWx1Mkp3WTF0YWZJTlJfVHloMTVOb0Y4SHp0N1BWc1VkekZjeV83NDNmWTktd1AzMDQ1S1BOak1QU3dOVzAzUXpTaUhndW5ONmx5dU5ncmJQVGZhNGN4Mkc1ZmZUM2ZWZ0VNcTFDOHFCVzROLW82X1ZLZDJ6eERRZnJ3Y0JSaFVuSWY0YUVzYVd3NXhmWGVxWUVUcjJoZnhBZXdxWUdmU1ZBalgwaDlIMVJNSmNKenhtNlNHNExCYjU1QkQ0ZG5xVVdXT1BJRTJlbFlKTG9xNEFkTzA1bjBXVEdiNlJEVXNIdVFjSkNlbElFYTVSSW9ieG5EQXZzdkxhQ3N3LVFxZDBCcG9YclU3UFNqMGd4YjRRakNjWGpfT3hlaWFWUl9KbmdwTkNjcHZva2pPX0JoUTRtcmxqZy1VZWlqUVc1Vk16YlhLR2owNkI2Q2NvOFhGbXkwX3M1VF9ka0tvUTlOcnpVSzdKYzRzaFh5QUFKQ1JscHVBMTc0UVFEMEhjMzc1ZGtHNl9Ma2RIZkJkdE9kdWdJbFJzTWFGcDNGWjRnVEl1VVdjWDhHUGppT25HczFST0FZdnBCMXNMbTZOTUk0cDIxbHdRbnVoVjd0RmhzSVNScmFXekMyVkNzRmRCRkpMbUVYcWxMMUpLN3JkQ2d6TzVVVnV3dFU4Y2NQNS1rb0lmOUZ2NFE3ekZKUFFZWmNOOWhaRjh5dkZuWXhSNktTazN3NGo5eFdUWjZPSDcxb1A2LWtQcmplaFhFM0FPdU4zZGpRU0dFOUpob0JXemdyUkE4NzRtNnlXSjk3M3JfMXZUY0RybzgxN3lxODZuZ1p5NmtPdGpVTUxxb2dtRWVXWlVvdVBYUjg0VFJoNC1PSHVTZjNwV1dDMU1pWEppNFllZjR4MzlQU0pacGZUUVpQdzlxSHJaMklXSU8wQ0F1T1Z0aGktMlg0QmR3VHhoeC1lSHdyQ2UzZldaWUo5eTVQeFhVSEh6MU81azNTM2tpeTNSdkw5YUh3WlFfRHNEWnVvVW9vWXVVR0NjT3RGd3RmUFJEdVY1LVJfNlJIWFYyQUoxUGRBNTBvSEtsOGhWenJNWHloQ3V3X01lVjM3ZWpLaWY2RnVrLXFidHY0ODhZOTVjLS1kay1GU3NwckgyM2dVdHdYODFMNXpyLWR3dFl1OEdoc1lPcTV4WTY0UjhtUl9XcXRkQ1RHYnBUOTh5amVKOUV4Z09Ka2FXZmRUczNEdDdOaXVsQ18xbHJydWRBeVhPQWtMQVhLMENYWVhfU3lFRGE1TF9MTVBvekJ5Tm1MVHQwaW9rc2JHTkV5dG5Va1RNOV93ZWpzVWlQejFCWDByX21YN0xPOV9lZHd4aHVDakdUeS1FdXZMcGJhbjJPSVNkSVI1b2hMLUU4ZjlxY3lQOGNWUjFYa3hxWm4yZUhhRm9EUnNOUlJrT2dtdkVSZWlQcnRxcU9KQThjQVdtRHdoTU9tLS1rMlJOR2FlVHM3ZWVrYV9tcG9FdVB5YmJXZEtoaDVudEh0WHI5NndCcGF5VjlHeEhBNlN5dFFIb0ZTTGdONlFuLXdsQ1d3UGV1VUR0cGpCaXBzcGltdWtwQkpOWEZCMUlQYW9pWjhaeDVMTmQwXzlxVjQ2Z0dRbDR2OUtheHpmQ211eExPejM4VHBfdmpka1VEV3J3LWhGZG1jUW1zc2xYZjE3WTBoMExFclhyOHFhai05eE9oYW5aemJjTUkzdmhuZmphMllQN2RMeGRIVEoyUFBxVXNsT2J5NjRKaHFvbVIteTZ6cXRBMW5RV2dBNG04UVRtaWRGUE45aVQ1NzlUZE9uZkkwNXczMC10dU1jU3RsRENCZXozQXRGNWZWT3VkN3FYdlFudXU2SEcwTnRTQnRzbHk3cDB5cEc4eGE4NkJodWVnc2VuMHJfR2MzcWJhVmpWMU9vRVk2Y3paeVp4d1hHZXhLcUZfdWVXVzdsOWNFUVBZM2FMQnNhdEtOWXpMVTdwRTNBaks5NDRWcVJheHlCS3EyYkh3Q2wxQlpLX2VpdEFGV3BmdjFDRjlPUHdxSTVLNDl3LXR0OFljc2FNZEtDYnRSelJKWFE4TEtibTAxaE51ZHlBODNmY2hYZURyZGJKZnozWVNmSjRZSlNoSjZEU01QTzhrdHN2ZzYydHNVNE1aanZZYU9HV29NcUwzbERCMTd2elM5RzNqWVE3SzF5QVh3dTR5Mmt1eE05bV82YUktS01lX0ZIUW1ONmRYdTQ4RV9uOWJxcGhYckhkbnlIZU5IQW1JbUwxVUxtLXg1dUN0UE9Vckd5RU1ZMXUxeUV0QXJNOE5jUTNJaTlUdnM2U0szcEkyZk5zNkpnaDVEZzBhb05wYl93akhlWlJURVFFdUFyV2w5SERiV3czOGVhaDBzRk13NEZib0w3emRnTTVlejdkQ1lqZkMtVTMtN0l2VVZXX20wWlVQS0tXM181ZHFMaFpIclNURmxsWjVaSFV3T2FGOGNMeC1wVG5sbVVPN3hiUGUwZ1UxSTJHRW0wS3pWLTZkdkZhOElYcGZKNm83anpvdG1yYWtpTW9QWWc3blhWejkxdHdSOFJhMXQtVmhWU3F2Nk95a0FIdjdHQWJ4ZUlBbHU1N1JOVU9rSllwZnNxSDFvOVZxS3RlRTZZeTJrS1dGOUtZRm9fT3hDQ2w2Z1p1LXNoRXVtSHlXaVRFeTJfanRVYnNQd3hhdHAxbFFpekVPQVJsMzNZVEZhRU16YmRuQWMyVTF6WDhCY2VDY2JSNFFmam1uMTZfdlJDUFIxUTNobWNCZnd3SjRadHAzd1JGbXY4emtFSDRTdURmcDhxc1BuNmVkZXN1TU5kZTFNODBfS09wSng5a1RlX1dhU0RtSUU2eFlyYkFlR1NmY3YzWG5UZ0tMbThjSGQtY3dtSW1zN1hpSDVtOS1VNlRCaFBzTndScVJaVDJjYUdxZjFNRnAwZDgtYlZaNEZpeVB4U0xkeVc3Y2lBR0hPbUVNaXhVVzZEbWpFOTlocnUtNDJ1NkVtTE9EU2NwVF91bEJVSVFHdkNqMURVYlphcHZFeVJ1c2hSZW9zX0hKWjlTUGlWNHRvX0JUQ3JtQlk0ZVRtekFhc2pTdTQ0N0sxMFY1UTRZVS1GVjBjbkpua1loYVVqZFlfdHI1ZHFGaGZjOTQyeVdSOGEwdDRySERGVjlLTzU0NUt3OWxDeDZiVkZFS183clZySTVUSVVaX0d0WXpfaEhlSGxFRWVXYU9hbXpLSlNSN2ZsMnpCUi04OEFjaUltQ1dVM1VvZ3pWSC10eUczYklsSkhuLU5HcURYWU9WaS1uLUFvdlFDQXd4d1UwbVBQWDloMlBxVkNPLU1Lc1N5c3h6ZjNGaDhvNFFFVzBlSFBxelBaSTJoY0lsTkJHV0JrQ0JLZVVrLVhIM0RFNWt5b3JVUVRQcldWcHhIUmpPWmw2NHdwN1FFZ0llc1ZMYTVJZEJmY0Q0VW9xNTdzMmtXdndWYm1rYnh5MlBfdEZOQzExazZvMlNrc2FyRGloT1plcDY1LUxsSU1rVHNLVXA2S25Tc3RPQnc0SFdfRWo1SXA2SzRkNGhlYmF2QVdDckpEVGRkTFJGSHY4d3BDcGQycncxUk5UVXU5UkNJcGg2ZUgxNGd0ZDhIZm1XcTByVnVUcFNkbjBpUE55bk1CcE9hSVFUd1BBdWxNUFJIR29GeWNwUTAtemtvWmx2OGdBS2p2bl9lQldTSU5DZWtWcW5QWTBVaGhaZFBZQXNyY0V6eEhDVDBULWRKcmhITVo2Vjl5VlNuU295blI5SnhsNlJLd1VYVnVONWhHbmRiUmtGZ29wU1pVVTNjbldIMnJHUlRUNm01R3lfel91TjRQX1hnUEhQRFM0T05zUkhWVERWQVF4UGV4cGd5RFNGYXdBMFRzYTJmdXYwaXJhRGdURnVCYUFHbGhHR3FxN3VBVkFrZG1fd2I0TEk0TkFZNjY4UlUzNUZNWlJBVkIxRkxRSS1zYVVaRWlMSHphUEVBNnQ4SEpBbi1WRWNCeTRuZ3phVnctZmI2bGtGb3BXaUsxS0o3c0NSMWc1cmxocHBQdU9xNUZSN29ZbTZhTEp1cWNNRUM4RkhwaG9VYXgtUjEzUmhIQXVMWmdqSlhoMWdObURMRzJaOW9zeXRMeTBuOTlvN21ZZkU1c29XRXVxRm1rbVV3QW5WUjZxbnFPcTNHcVNKbnZua0ozVWgwcERvV0RLNEwzSXZYOUh0cXJsSDFYTjZnTGJURThiNnJyclZhRDlScE10TnNMUmVwWUt5VzVjRDNXWnBBc05aRXNlTnN4ZjZrZ2xpS1hqT3pQUmNmYUpkMzFTeDVhWEkyZkdoeDV4WExxdDVvRmRzaktNa3hCa3RDVVhMcXZITTdFNlR4bUpxMU5TTFprMXdweWdpR3FyRDAwS0Q5QktmOEpUTGxFNHAwT2kycjdIWGp1OWhTRnR1Y2k5b01LN0x3U1J0Q3FFV2I3c2NWTjQwSm9PbzN1b2VyUmVjbGZQOTBoRDNyZkRlQ3c5dXhOUGNfd2ZiVUJoT2QtMm1RQmZEU09SLWI1aU1rcEVYZFdUV3U2YWh6U0RlM0EybzJYaXo0SnJyWUltTDJzNUt0YzNsdndzdGlWaVFMUGtrQU5oVmFnRE5jYmhud3RBMVJxWHlyVE85WUhxOENhX1RBa2NfYVdhVUtERlh3ZlNrQ0NTdDV5WWgzWC0tTXdzR1pYa2VNeWc4QVhwTjdicm0yRFNpcm9tdGRseHh0cjZLWlRqUUkzalhIUTVzN3FvYXk2Smc3U0FKWXJpa3BoQ0RfaVR6TVpNSUVEaURod2RvM3M2NndsUmhrMlFKUVpBUkRwRFFFSUNsZjVUMmVmMlBNd0p2SHF4REpFX0h2WDBMSEhwSmNWd2YyanhTbGtFajZ1U21YXzhmWTFmNjlQYVhZSFdCd04xREpXWWZfRmppdEFlczFxQUJWdEo1Y0R1ZldjVGxUZkdsekxBNkpiblRDNDB3cm5PUjFCSW8zT0I1b3g1elRySlZBbzA3YXJNYW1Qb3Y1Smh4TnJtdU42V2NJUTdWYUw4VnYzakEwWXJNVUFxdGt4RXRId09HVmZpNXJPYkRsREFZemV0Yy1xNWRlZ0UxSWxDeW9abXZLTGZtSzF3VzQ0U1VMX19vWkNjNEREU2FUaXB6aUxyVDBkQ0ZlbktRd2Q2VlRpTW0xcXFhejYzN09rS1ZLSkVCM2t0QWZNa3NURFI3LVI2TjRnZXQ1cC0xcTNjbFBIa0ZyLU9qMTNjY0F2U2ZocjNkT05jY0E0ZV9ERU16RTZyVDF6QjNidngxVWVNRVozbGFxeGVqck9oNlA4WXNhdTI4OG1vWmphZ2NnNWdncDg0OEZna0lCTGtLS252OTdCaVowejMtZEd5djVlckJvTDJlN1Rla29nN1BDZDhLaktkUGw3RzhoaUEwQkU1Y2ZMUEg1eUEwcEFwWFVXSU5KN0FDSnZhS3haek4yNnFnVkNCNm5neXVubkJTUUpxTmlfLURPOV80ZGdVWVNlVnBoM0I3dWdtOXM5UVpqdWotdkpLQ1A5V2ItSUxSVnl4YXBqNmc3RldrMlRzSDV1RTU3WHFRRXFmNkppSEtxX3ZDemx2UlNWVXNXRGRYbW1JRG5JOFlkTjZLdjc1RVNKMHZCSWJFNWZuX0pHclM3LWJndEFHWTc5YWJSd0ZCNVpEbUpoWFBIRTg0SzlBNE52ZGpPS1FOZjZzVWFOMEY2c3NKczVhVzRUTmVfRmhraWkzdU13RG1tUlZENUxSNVJtdlBCamMwSWVuVllfNkpRTkJYNWV4am9xclA0UlVDWG01RDMza3RhX3VralBZTHl6bVh4UEtrdGNBU201WGJmZk52ampLTDF6M0loR05YMmstS2pvcTEtaG8xN0doQ0c4QUFUbHZkMEM0MVRLUHNPM2F0ZVQ3MFZUbEQ1dzJYSFBMSVJPNHdlRS0wN2Z1cWNud1lfYXR3eThFQzVFbjhCZFJhd3hPajFnQ2FRbXhlcUZ2dDNVV0dEMExnRWNkcVZMMGd5RFdGaERHT1JBZ3ItbU80WUlHa3U2eXIxOTRXbzhiNERPek43ajctUV9mWWFfcVdmOE9RcUlYQUY1aWZaVEtmQnpLZjNlU3JVblQzc2lubEl2Z0hUcmRzaWM1QkhFWG5OZVJzNEFPOG1Dd01vX0NmN3luT3ZneGRMOXBNN2dNYUQtRi02WFJ3b3U3VXhjRXBRNzF6aGVWLV9tZ2xoak84ZTRoZlZ3TkphX2xjRGg1V3hmZGtUR1JjZmNqUDUzNXBxMy1Ja05fWTU5VjVwVVB2Vi13OGZSQVFna2lxZGM0WkNlUC1RblBVLTVYN3hVaG5RTVZEQW1yTWp5dEJUQ01ZNnBRQnZ2WDJTLUhmLW1NS09Db256QlQxZ2owTkFXTUNEZEpkRzZzTTZlbllzOTVrdWF5UW1YVEYwc3JkblVpSUsyV3BNbWxCWWZxVDJlb0czNFMyZFNHUkZmT3JsdzNVdlgwYU5qNXJtaTZUTkRDTVU4MFFRMWEwbnBvTFB3RzVzNHZHUGNGUUNoenowblhmN1JlNkQwdHN2RWR1dE1jaHFvNzFOVnhCRmZockJMRkVfT3M2ZU1oUVF5bWxHbEZkUzdMUjE0X0ZQQUZmY1hBdG10bkJyUEhtZ1lMY3JIM0gwLWFUc3BGNldYMGNZVDd2bC0xUS1jNXoxLTIzS2RETW5ndlF5OXVKb19tWUdMOThCYkxXR0F2Ui1WbmNYdTZpa0tzTlExT2lCbnNROEFndk9DTVotZXgzR3pjaUxTUUpVYWo2Q01HUy1MSENscnY5TGJFZF83U0UwTnBUOWRQaDROWC1BWlpSVmE3VnJocXR1cXg3NXcyR1FzRkE5OEhoYTJIdmg1UnpIOE5IZW1La0g3TEV1OGNkZ2RaSzNsbnUwMWlSODgxWnlfSFBDV3JFaE1kbl9XaXZxTUhGYmZ2UHp0RFNpZzA3VGFqWGpPSXpJR1hBaUdBTlJLbjBIb0dFUGRYd0xmTWJRWUFjOXJFNjFKVDR1Qll0dktPblpkc0QtdWl2bEc2Ri1QNllNZ3hPbG44R2VuWHBrMFJHc1ZqQVRZNXFLUENSbklQbzZ1THBzbExhajhJY2xxakRkbXBMZnVCdi10eVVpck9xVU91RGZyWjRyOU5OQTMzRDN0NjBndVBxR3RoVmFCSGwtRjN6aUo5LUJTUFFOaS1hOTRyNGxLSWNuNUhsVExySHhpcFlaSS1TV0dlNjNkeVpmc2RGTEhZYTl5UlV2QTNWR3RPU0h0bUtkc2tJV2l5T3hPeThPQmdKZGQ5RmZBVTFTRldiYXAtcVZ3US1jeUtCTF9qbGNPcFREZGJtNERyX1EzWWJ1eDlzbDNVbUpCTWhKTmliR0xnaTdoMmJrUnFTMVc2SzRBcjV4c0tCb0Vsd1JzMk1kbGxzcTRST0xkOU1KWE05TmY4VEZGRHFqaTlTUnQ0dDI1MXhic0N5Ym00aV8wTXI1U0xsU2dZWmJMUHEwTUNENXhJN1dPbVpGUVhuVWpFdVdKSnE5ZUFYTW1DRGx5OFdydjluMmtZNXl2SU5rTldsNGdTTFM0LTBzQ0h5VzFlZzJXV0hpdkItY2czRlVGMkI4ZW1PUWVjNlRIVU8wV2ZEaTR3dk5EQWxpeFd1eFdpcHVjeXo4N0JrN0J4QTA3YXZWQXAxUkd4ZGp6dnAxNFdJY3pXYVZ2SG1qRWZkWFo5VEc0RDB0OHJKZVVReVl0YUtJalBuTFhQZDZUcTZFVVI1RmZ0UUFRd083T1ZudnRuRU5IcFZ4VFgzRW5jYy1pUVA2YmQydHljZDJ6X1dlVE1MRFpEVmtGNGV0UVl0STI3cjFhTS1hcTFOS2xpMzF1Z2puSnNUUm0wTnJiU0xUajF3bXQyUzRSbllLQlR2bkswNEhDNDVhSk9ZQ1ZoWnJsVWg1TmNBeldYVno2SlBWSTVxR1hvb3kzajczN05hVEJGUjZoTmxiRUtfNGdtb0hPMnFlczFocXMyOGpDX0EtNkJsTDhpUWY4X2hFN2pDTEpkLVAwZU12QUhXZllfYzJJb0pvbjNBV2VHamc3Zm5HMEdyZVRqNHhHbzJ1NEdzTkdKcnp2ZDJMZVJHMVI4SUVFQ1ZPRFkza1NXbVpTbjBTckpVWVZSMTlHZ0FEWFRjQWpoOUZZOWpIbXFtMksyM1pueHpLQ2VIekVPU1ZuVjNTM3lvR1lXQXg4Z3pHNDRCVzkwNzdzT0FuRVh6YUdjVG9RUnBldC1Kd1lWX0pxS2pnUGEyV2dwWm1OREs1UW5WcURxWTl4T1RfTHlJNHNHdkRVakhzckVWYUtKUVUzVDFWODBMV3VPcWVBMEVmQ2xfb0hKak9YR0U2U19FRGdBTG5YNEU2Y1ROTktDTTlQRTFSV3VJTDVLOU1GQUt0VDNvZDR2OWJKMVI0UTk4d1F1c3ZZQU9WQjFlNVhuSmVmdkhiSVExbnZpVHE1aWJ4Q1hNQnRRWGVXM0VJcWZ1ZHp2VmpLUDhyellYaUtTRGo1OU1rZVdOZlFmZ1ZVUVpfYng1bVE3eW41TXpqdHJsR0t1X2o2WW5TdjBIRXFMLWFqOFVpVFBoVDMyVjVlb1piLXZKOElweDBsRXdyMHNkZnJ5UjloQ0dvVzZBNjQ2SlVNOHFVb0RMbTFCYV9lMFhfbTUyS1FxLTFfSjUwZGxhNk9pcTUwWUlRSzlzcExlZHdja25ZYmRzbTJMQlN4Y09pYWVjc2NxU1dzNkR3QVRMa3NJNDhkU2d6UHRnNFk5MEI5d0daY3RHb2VHajdwUExxVlJmWFFVUHdBcjlZRVFHdmNqR0xLNEg1RjA2N3lJWGMtODRVUzlMWTgtRXV3dlNCaDBPWVpWVUFnTDlGbVRSSXhfMkktQkZBdWY4Q2IweUVfLU15cDNGRzBrZ2FXLXdqOG44VjFVN2diSGxfeS1pdjNjc2h0cl9aY1Z2eEZ2SXp2dkRQQl9ubnNwc3A2Y25FanpfbW0xT0ZVWjdtWmhITjFWUWhtUUxuNUg3ZU5HS0s1OHdWdE10WDRuOElZNzZvU2FnaTFRRW1RNEE1NEozTk9PX2kyMmY4NE9HcllwZWNScU5ONWNkNF96QmxIajQzU0JiNEFSM2NCTnBaZGx6OV9iYUtNbnVYVk1aeTZSdElfWE5tTGRJVko3b2c3UnB1NlQwejN2d080WWdMY0dYa2VabkNvMnJ3NUZMTC1wTktlbk82VzA4MUJMbFlfYnQ5YllsMDRZZGV0bHlYRTFQMVZsUWVkRFk3VFh2UmE2QkJQRDE3b0xma1dlczJRTEg4aERSNXA5U2E3OGctYmxrNll4bXQwY3ZmcV9nWVVBVEUxQW0zRUw5cGxadTdPLUVDOTlfVl94VENFM3FKRlptUEpweGNXN3RDZkRQNU1Yd0NHZFM3alg1RFNRay1BR0R3eEd4RlpCbHZXUjVlNTZsRVhvUXFVLUgwWVpZd3VuTzdJLThxdXg2VHJ4Z0Zfa1Nhc292ZnJxTWtGeVVTbTdrbjRtR0xCZms1XzFvR0gzak02bzJGbkRqVTdGVURjVXMyRjM5a0NDYjdzZkxwV0VmelI2VURCMEVPRlpIZ2JRQTdHV2ZwakJhRm1jRVRFNVJXQVdoeXV5U1J6eUZfeXNfamxZNFQ2alFCZlE5Q0hHQ3lSakhyS3JicWdoR2VsdEhZMnc0dmlDSjRrR1h3cnoyUUFBdmhUSW4wUDN3WlBQXzg1Tkw3WnVlR3pzdDIyTHJzTDlVMzg2MWhlM1ZFaC1qVWVSS1hwMHN5MzJCdHoyaW5oUU41OF83d1owWGNEOTI4VkEyWXNtMmF4bXpxRkIzeHhSSEpWTFFOTjA5U3J2cmxZNzA1NVBFX2lBdVNYWGhBWEZJVzFiSzQ1cGJyWGdmSEl3WjJfdWVsZ1VSWURKaWlwNW9UbFpLQm1uVDRIWTFmQWdaT2F5UURSYkxLRG5UeUJwTXk5YXBSZm4tMWVLd1dhU3FCVFZLZ1VQUkp3dG9vR1NqSkpQdTBWZzRLR014bEVRSm9mMmlqSzd3VGNaa3JUVUpfSkhPYVc3UE9WVUpzVFFzOWhNV21vNEQ3QjYxTjJpVmVFMnlGbDVBX2J0QW1LdG9mU0hWUlF2UTRCX2VYQUFhaFlnTmFWUDd4VjhDWG5oT3gyMkFqWjhzdmgxZlBpaXlvZlFEeGJlSUlvdjQ2c2NsbHdURkxyUW9HMkJ4REMwWGVxcVUxNlZleDduVFROU1pZU1RQdzBhN2hnNzY4OWJHQjdmWndOd1ZiZF92ODRNanEzakNNNVlzaG9rZmY3dGNKZDZIdDZndjJVeHIzTFRTcDZtakNQWXZKTjBtajItRDBxVUNKZWtkQkpjSFBrdi1aY3hsTFBadUQwUjdlOEFWTFh1aGVkQU5YSWxodzNCZzZldGUwODhrZ3pDTUFiZWtLOTJlRzd3VWNOVVZzUDAxS2xzbWg4YnJIVXI3QmpWOG9Za2k3Vnh3QlY5WVB3dUJmYTN2a1h0Rlc5dG4tN2lmLUIzVnhDWFZfZFpOeTJWaWhDUjY2X3RCdlg4S3FydzAxLVNaZUxZdnhVV1U5UC1GTldPU1NaNVh6Z3RpSFp4ZnhUNjhUSTJyQm5XN2JjQlo2SFZYdDFUY3FlUnl1bnJlek1WYmJQYk9QbkNQMXRfWExmVWJwbEFOc3h5RlBOaFZuaExscDhJR1pJanVJRUVJQzJkVjg0Vk4zMGtlSEFQM0Vpb2JySEYyRmZNYXhiQzRDTEhzRzRhcjUwb0VQQlFPblFqcV9XVV9QcC1UR0I3UG80RFlvZ3ZFUHVRNGZXVGt5M3hyRkUtT2ZGc3lRRG1WYW9MT2t0dy1LWlB4TmstMEhMWHRqcHc0R2ozMGdnOGNFWEtLdUR5Q1ZhWWxGMjhuTnNyLUdkNUp1ZEQuRFVVZ2h2RUtpTWtZNVJ4SkJGeUJJUQ"}'
    headers:
      Accept:
      - application/json
      Accept-Encoding:
      - gzip, deflate
      Connection:
      - keep-alive
      Content-Length:
      - '13367'
      Content-Type:
      - application/json; charset=utf-8
      User-Agent:
      - python/3.7.5 (Windows-10-10.0.18362-SP0) msrest/0.6.9 msrest_azure/0.6.3 azure-keyvault/7.0
        Azure-SDK-For-Python
      accept-language:
      - en-US
    method: POST
    uri: https://cli-test-kv-key-000002.vault.azure.net/keys/restore?api-version=7.0
  response:
    body:
      string: '{"key":{"kid":"https://cli-test-kv-key-000002.vault.azure.net/keys/key1/33e983bb673349adb6591f5c1b5b0419","kty":"RSA","key_ops":["encrypt","decrypt"],"n":"ymnnC7gaBuj2WlDe0ZIeMwZmZWqsocha783fYsEakcPRohPE3s3DmsZQDc2sd2YD3lf-8KeDolDEiPzcn7QuGYiRU1ZLDnQ40PfIEvcSR8SY-Vrtr-XOExxCTUqbILIsZbYjWnyJiJpbDdgZUum1blJwSJ7k6C0dDWbrZ-VZZlhNxJgK3U12lVro60k6T7qTQ8wv9zVAiup6fZfOuyDkY-BWVxpyTzgkNhrPqIekoH2ATyH8fr9UAcZp5ULARkDqAQqZD-K2gSeqRu9wbb0mtuuEgd8d0GApWMZtV2FL-DwFEiI5XKMoFM1c3KDHuhapd41VsLn1BLD7UiAsI-Luxw","e":"AQAB"},"attributes":{"enabled":true,"created":1594019014,"updated":1594019025,"recoveryLevel":"Purgeable"},"tags":{"test":"foo"}}'
    headers:
      cache-control:
      - no-cache
      content-length:
      - '635'
      content-type:
      - application/json; charset=utf-8
      date:
      - Mon, 06 Jul 2020 07:03:51 GMT
      expires:
      - '-1'
      pragma:
      - no-cache
      strict-transport-security:
      - max-age=31536000;includeSubDomains
      x-aspnet-version:
      - 4.0.30319
      x-content-type-options:
      - nosniff
      x-ms-keyvault-network-info:
      - conn_type=Ipv4;addr=167.220.255.120;act_addr_fam=InterNetwork;
      x-ms-keyvault-region:
      - westus
      x-ms-keyvault-service-version:
      - 1.1.8.0
      x-powered-by:
      - ASP.NET
    status:
      code: 200
      message: OK
- request:
    body: null
    headers:
      Accept:
      - application/json
      Accept-Encoding:
      - gzip, deflate
      Connection:
      - keep-alive
      Content-Type:
      - application/json; charset=utf-8
      User-Agent:
      - python/3.7.5 (Windows-10-10.0.18362-SP0) msrest/0.6.9 msrest_azure/0.6.3 azure-keyvault/7.0
        Azure-SDK-For-Python
      accept-language:
      - en-US
    method: GET
    uri: https://cli-test-kv-key-000002.vault.azure.net/keys/key1/versions?api-version=7.0
  response:
    body:
      string: '{"value":[{"kid":"https://cli-test-kv-key-000002.vault.azure.net/keys/key1/33e983bb673349adb6591f5c1b5b0419","attributes":{"enabled":true,"created":1594019014,"updated":1594019025,"recoveryLevel":"Purgeable"},"tags":{"test":"foo"}},{"kid":"https://cli-test-kv-key-000002.vault.azure.net/keys/key1/66303e08eb6349dfa35d05a5831562a3","attributes":{"enabled":true,"created":1594019003,"updated":1594019003,"recoveryLevel":"Purgeable"}}],"nextLink":null}'
    headers:
      cache-control:
      - no-cache
      content-length:
      - '453'
      content-type:
      - application/json; charset=utf-8
      date:
      - Mon, 06 Jul 2020 07:03:52 GMT
      expires:
      - '-1'
      pragma:
      - no-cache
      strict-transport-security:
      - max-age=31536000;includeSubDomains
      x-aspnet-version:
      - 4.0.30319
      x-content-type-options:
      - nosniff
      x-ms-keyvault-network-info:
      - conn_type=Ipv4;addr=167.220.255.120;act_addr_fam=InterNetwork;
      x-ms-keyvault-region:
      - westus
      x-ms-keyvault-service-version:
      - 1.1.8.0
      x-powered-by:
      - ASP.NET
    status:
      code: 200
      message: OK
- request:
    body: null
    headers:
      Accept:
      - application/json
      Accept-Encoding:
      - gzip, deflate
      Connection:
      - keep-alive
      Content-Type:
      - application/json; charset=utf-8
      User-Agent:
      - python/3.7.5 (Windows-10-10.0.18362-SP0) msrest/0.6.9 msrest_azure/0.6.3 azure-keyvault/7.0
        Azure-SDK-For-Python
      accept-language:
      - en-US
    method: GET
    uri: https://cli-test-kv-key-000002.vault.azure.net/keys/key1/versions?maxresults=10&api-version=7.0
  response:
    body:
      string: '{"value":[{"kid":"https://cli-test-kv-key-000002.vault.azure.net/keys/key1/33e983bb673349adb6591f5c1b5b0419","attributes":{"enabled":true,"created":1594019014,"updated":1594019025,"recoveryLevel":"Purgeable"},"tags":{"test":"foo"}},{"kid":"https://cli-test-kv-key-000002.vault.azure.net/keys/key1/66303e08eb6349dfa35d05a5831562a3","attributes":{"enabled":true,"created":1594019003,"updated":1594019003,"recoveryLevel":"Purgeable"}}],"nextLink":null}'
    headers:
      cache-control:
      - no-cache
      content-length:
      - '453'
      content-type:
      - application/json; charset=utf-8
      date:
      - Mon, 06 Jul 2020 07:03:54 GMT
      expires:
      - '-1'
      pragma:
      - no-cache
      strict-transport-security:
      - max-age=31536000;includeSubDomains
      x-aspnet-version:
      - 4.0.30319
      x-content-type-options:
      - nosniff
      x-ms-keyvault-network-info:
      - conn_type=Ipv4;addr=167.220.255.120;act_addr_fam=InterNetwork;
      x-ms-keyvault-region:
      - westus
      x-ms-keyvault-service-version:
      - 1.1.8.0
      x-powered-by:
      - ASP.NET
    status:
      code: 200
      message: OK
- request:
    body: '{"Hsm": false, "key": {"kty": "RSA", "n": "zU0BesajA0-OXjH_bMo9dKMf74QMLYQO0UlhQoiuv15GUE-HvaeKXNLeOeuDmNSq2o-VDTsI6Ayr43c3vI_Jd0fcU5gVamLekxDmgdk4yZkBZHOlUFaCdRew7ClTIKTfeW9EoVeCfu-zlkpGoOPksotSqc9mWtS2GbnO2mvBL7U",
      "e": "AQAB", "d": "aY2BCD3ejBI4MWflWmq0pCZGgh_THwe5kpL2xX1-0vdGkX4CXVkpg0YLaZ4T_9y_pzWRPccvchcpvP6LkpAe1R_jsmfP8QedT2yDTf4T-mE1hyl4D5zyObHjQ-g6uUMT6FpeTgoSkcU90PK-lF31igCitfVgeSNIC7Fq-9ZywWE",
      "dp": "OWxWym28y_4zUTOnaqxaUh3MLmR8M36lAhWZeWo1fcanHjD5GMB9yXSxSwH8wsiQg85EuGC7SMwwzMj49wF-tQ",
      "dq": "usuhE4XnU_bn3Q24t7_18iTnbEafjLyAnLhGcE5L-Rkry-i8shW9BMhh5v6qUFoZHsrxi6CegoFNmmSNuGdVSQ",
      "qi": "zkPMVRQgdyavd6Lwr9mhvezvtoFa9ABIYSzG5I0F_QS6HWtoQRgsrl9kGgvNEvZIPaFGCam1yW0txknvOzn2Ew",
      "p": "8u_9d7zTn7zT-2wBfiMVgfoOP5GmqV6eOrWcRHo0yG0mkYbrt-hxdvoDdye1Hj9ZGKcd590Gpu8nVLDJvuVwPQ",
      "q": "2Fbzajbs4F1bTH6bmvkShrqRbx-XIW_qnbOtGs7ds2VIcqQIwM5c8Y1YvqBKn6LP5nd_qBAmvVjSAMdh73382Q"},
      "attributes": {"enabled": true}}'
    headers:
      Accept:
      - application/json
      Accept-Encoding:
      - gzip, deflate
      Connection:
      - keep-alive
      Content-Length:
      - '921'
      Content-Type:
      - application/json; charset=utf-8
      User-Agent:
      - python/3.7.5 (Windows-10-10.0.18362-SP0) msrest/0.6.9 msrest_azure/0.6.3 azure-keyvault/7.0
        Azure-SDK-For-Python
      accept-language:
      - en-US
    method: PUT
    uri: https://cli-test-kv-key-000002.vault.azure.net/keys/import-key-plain?api-version=7.0
  response:
    body:
      string: '{"key":{"kid":"https://cli-test-kv-key-000002.vault.azure.net/keys/import-key-plain/59c325b79d4c470c9e4daf0305db32f7","kty":"RSA","key_ops":["encrypt","decrypt","sign","verify","wrapKey","unwrapKey"],"n":"zU0BesajA0-OXjH_bMo9dKMf74QMLYQO0UlhQoiuv15GUE-HvaeKXNLeOeuDmNSq2o-VDTsI6Ayr43c3vI_Jd0fcU5gVamLekxDmgdk4yZkBZHOlUFaCdRew7ClTIKTfeW9EoVeCfu-zlkpGoOPksotSqc9mWtS2GbnO2mvBL7U","e":"AQAB"},"attributes":{"enabled":true,"created":1594019036,"updated":1594019036,"recoveryLevel":"Purgeable"}}'
    headers:
      cache-control:
      - no-cache
      content-length:
      - '492'
      content-type:
      - application/json; charset=utf-8
      date:
      - Mon, 06 Jul 2020 07:03:55 GMT
      expires:
      - '-1'
      pragma:
      - no-cache
      strict-transport-security:
      - max-age=31536000;includeSubDomains
      x-aspnet-version:
      - 4.0.30319
      x-content-type-options:
      - nosniff
      x-ms-keyvault-network-info:
      - conn_type=Ipv4;addr=167.220.255.120;act_addr_fam=InterNetwork;
      x-ms-keyvault-region:
      - westus
      x-ms-keyvault-service-version:
      - 1.1.8.0
      x-powered-by:
      - ASP.NET
    status:
      code: 200
      message: OK
- request:
    body: '{"Hsm": true, "key": {"kty": "RSA", "n": "qkHvPSMiPoU5RnLI2v7EW5MvfHcObL_QJo83qmWgKCbaaFG3zQNLrJKCWCQUtP2ovB1Zr1_gpl7mO-NXY-W4LfzAMt-PrqR1oADK1LXZDZrsVvhTN3WQoUUDnGwu6tRajwES-uOMGutkCemW73jXKQDhESx7bETlD8YbxKfHtI6Ykx8YBwhTsuFLWmcvn4EveLGQBwMXZfwQil1qNMLcZsVGZlpNkufpLG0BO57METo6910K3q2CIs83mhylY6eCjqAeVtX9Qi5lt4Mz8gfXV5csDM2s7w84L0tz8_VpaC8rQqgyB16t7z0LMOPICEkODmQ8WInSfAcq7Jw2QoO5oQ",
      "e": "AQAB", "d": "U8ohMChjSPuNpXMGEGjDQAIeo5WAHtsDWIaxMYXUHQ6J_D8DQrz1eBeeWDxhiHUxnmqfYaTAzX_0tNJ8hqheTRuPhzno310GmljpeWeJS53L5D1PzwJnzEZHsaq4KE-bxbcUnS5xHCpuUEaKRo5k7UQGf8oxb6Y0SOAJeG3N5bhdgwQP7CiLFktZ_I1Y18teLBjAQbY53sGwTRTVOTcPRGXHDfxo_MVFNU4J6Lk_rr996-J6eO-m0e8mJDloPJ22lS3rNu50Uz4Bki59HDlrQ2SIuNPTtKK1sNccQ4kpogAw46zjk0mR8Q-Xsu82ocNvWE-z7_-4bRsTnw8sRpQ0xQ",
      "dp": "2x6fVMdndZeTdfqiDumLWda4WF6xYXovECmeWjZsMDcQglDlOMYwtR9RHjn7MSSi09D3zrkpQD1fve5_gYBd0wSITMOu-l_vCSogXHxRgsAQhyU-a3IGhLqmXMGa6bhvhzfgxQj0tUFt2PKiYSRlS0Fz2e50GDzvnDnWXKg-NnM",
      "dq": "L2a7wSmjthwVpZODP4P_2a4Fnw0qt31NF25340qmcWcvgVVtyvpzXHkuRFFcsF3C-9bYfMSa8g6locSbW_2FniFVZXuomxnh7IJLEZWdRdsVzjCUdxeBHWRx1ATV0cYfO_QsJBVyYWX3Ckyh7su9Lld6izBlhK6tu_VxKelXREM",
      "qi": "lOGzwc8xXYnY1ftSOOQFAn5nArlz_2BDMIUu0Ke-Opfiq6CEW7bUqiXy_nmpOEtyYqXGmN-iNA7KKwwgnEJwaxjQiXikfYsIgDlhGCfXbBRf-JpHlcGoUNdZgWHbaaZn7YgvCP5p28HNl-yULxvtelZvg3KV-bYByBizvkFeEIk",
      "p": "4r65u7ku0vBCmreBLjQ1jC9uWbUCbAMO2zDsh0TTsFGOjytya0zHMXaujagfL32A_XkMTIeKXRWpY_21ut78N9bhd4u7MfXYAvrNz7crQEOY_LyxWunL5FclAuf57yAiyxDiSCzTfjU3CwyQctLjOQJWN1BOFq40-xYqVMYf0os",
      "q": "wDl00qOFQ1XOAG4jDkKtzEtTq9XkWkquixrvID6AuLosVIpOat1UjlIQ6OoTo1bwU8tJowhwQcugRBYx2BBfe01v7ULtjsdzDndF5xPkvuqoR3J9jCQu5wMr7u8wyGoVq9BKI1mFyYukUZsJIYeEGJhWV4S1O80og7eobEM_BgM"},
      "attributes": {"enabled": true}}'
    headers:
      Accept:
      - application/json
      Accept-Encoding:
      - gzip, deflate
      Connection:
      - keep-alive
      Content-Length:
      - '1687'
      Content-Type:
      - application/json; charset=utf-8
      User-Agent:
      - python/3.7.5 (Windows-10-10.0.18362-SP0) msrest/0.6.9 msrest_azure/0.6.3 azure-keyvault/7.0
        Azure-SDK-For-Python
      accept-language:
      - en-US
    method: PUT
    uri: https://cli-test-kv-key-000002.vault.azure.net/keys/import-key-encrypted?api-version=7.0
  response:
    body:
      string: '{"key":{"kid":"https://cli-test-kv-key-000002.vault.azure.net/keys/import-key-encrypted/30a7fe7968e94627a48f3c185a7b12c5","kty":"RSA-HSM","key_ops":["encrypt","decrypt","sign","verify","wrapKey","unwrapKey"],"n":"qkHvPSMiPoU5RnLI2v7EW5MvfHcObL_QJo83qmWgKCbaaFG3zQNLrJKCWCQUtP2ovB1Zr1_gpl7mO-NXY-W4LfzAMt-PrqR1oADK1LXZDZrsVvhTN3WQoUUDnGwu6tRajwES-uOMGutkCemW73jXKQDhESx7bETlD8YbxKfHtI6Ykx8YBwhTsuFLWmcvn4EveLGQBwMXZfwQil1qNMLcZsVGZlpNkufpLG0BO57METo6910K3q2CIs83mhylY6eCjqAeVtX9Qi5lt4Mz8gfXV5csDM2s7w84L0tz8_VpaC8rQqgyB16t7z0LMOPICEkODmQ8WInSfAcq7Jw2QoO5oQ","e":"AQAB"},"attributes":{"enabled":true,"created":1594019037,"updated":1594019037,"recoveryLevel":"Purgeable"}}'
    headers:
      cache-control:
      - no-cache
      content-length:
      - '671'
      content-type:
      - application/json; charset=utf-8
      date:
      - Mon, 06 Jul 2020 07:03:57 GMT
      expires:
      - '-1'
      pragma:
      - no-cache
      strict-transport-security:
      - max-age=31536000;includeSubDomains
      x-aspnet-version:
      - 4.0.30319
      x-content-type-options:
      - nosniff
      x-ms-keyvault-network-info:
      - conn_type=Ipv4;addr=167.220.255.120;act_addr_fam=InterNetwork;
      x-ms-keyvault-region:
      - westus
      x-ms-keyvault-service-version:
      - 1.1.8.0
      x-powered-by:
      - ASP.NET
    status:
      code: 200
      message: OK
- request:
    body: '{"Hsm": false, "key": {"kty": "RSA", "n": "zU0BesajA0-OXjH_bMo9dKMf74QMLYQO0UlhQoiuv15GUE-HvaeKXNLeOeuDmNSq2o-VDTsI6Ayr43c3vI_Jd0fcU5gVamLekxDmgdk4yZkBZHOlUFaCdRew7ClTIKTfeW9EoVeCfu-zlkpGoOPksotSqc9mWtS2GbnO2mvBL7U",
      "e": "AQAB", "d": "aY2BCD3ejBI4MWflWmq0pCZGgh_THwe5kpL2xX1-0vdGkX4CXVkpg0YLaZ4T_9y_pzWRPccvchcpvP6LkpAe1R_jsmfP8QedT2yDTf4T-mE1hyl4D5zyObHjQ-g6uUMT6FpeTgoSkcU90PK-lF31igCitfVgeSNIC7Fq-9ZywWE",
      "dp": "OWxWym28y_4zUTOnaqxaUh3MLmR8M36lAhWZeWo1fcanHjD5GMB9yXSxSwH8wsiQg85EuGC7SMwwzMj49wF-tQ",
      "dq": "usuhE4XnU_bn3Q24t7_18iTnbEafjLyAnLhGcE5L-Rkry-i8shW9BMhh5v6qUFoZHsrxi6CegoFNmmSNuGdVSQ",
      "qi": "zkPMVRQgdyavd6Lwr9mhvezvtoFa9ABIYSzG5I0F_QS6HWtoQRgsrl9kGgvNEvZIPaFGCam1yW0txknvOzn2Ew",
      "p": "8u_9d7zTn7zT-2wBfiMVgfoOP5GmqV6eOrWcRHo0yG0mkYbrt-hxdvoDdye1Hj9ZGKcd590Gpu8nVLDJvuVwPQ",
      "q": "2Fbzajbs4F1bTH6bmvkShrqRbx-XIW_qnbOtGs7ds2VIcqQIwM5c8Y1YvqBKn6LP5nd_qBAmvVjSAMdh73382Q"},
      "attributes": {"enabled": true}}'
    headers:
      Accept:
      - application/json
      Accept-Encoding:
      - gzip, deflate
      Connection:
      - keep-alive
      Content-Length:
      - '921'
      Content-Type:
      - application/json; charset=utf-8
      User-Agent:
      - python/3.7.5 (Windows-10-10.0.18362-SP0) msrest/0.6.9 msrest_azure/0.6.3 azure-keyvault/7.0
        Azure-SDK-For-Python
      accept-language:
      - en-US
    method: PUT
    uri: https://cli-test-kv-key-000002.vault.azure.net/keys/import-key-plain?api-version=7.0
  response:
    body:
      string: '{"key":{"kid":"https://cli-test-kv-key-000002.vault.azure.net/keys/import-key-plain/1afb3054440b40e184c1095e52f1e14e","kty":"RSA","key_ops":["encrypt","decrypt","sign","verify","wrapKey","unwrapKey"],"n":"zU0BesajA0-OXjH_bMo9dKMf74QMLYQO0UlhQoiuv15GUE-HvaeKXNLeOeuDmNSq2o-VDTsI6Ayr43c3vI_Jd0fcU5gVamLekxDmgdk4yZkBZHOlUFaCdRew7ClTIKTfeW9EoVeCfu-zlkpGoOPksotSqc9mWtS2GbnO2mvBL7U","e":"AQAB"},"attributes":{"enabled":true,"created":1594019039,"updated":1594019039,"recoveryLevel":"Purgeable"}}'
    headers:
      cache-control:
      - no-cache
      content-length:
      - '492'
      content-type:
      - application/json; charset=utf-8
      date:
      - Mon, 06 Jul 2020 07:03:58 GMT
      expires:
      - '-1'
      pragma:
      - no-cache
      strict-transport-security:
      - max-age=31536000;includeSubDomains
      x-aspnet-version:
      - 4.0.30319
      x-content-type-options:
      - nosniff
      x-ms-keyvault-network-info:
      - conn_type=Ipv4;addr=167.220.255.120;act_addr_fam=InterNetwork;
      x-ms-keyvault-region:
      - westus
      x-ms-keyvault-service-version:
      - 1.1.8.0
      x-powered-by:
      - ASP.NET
    status:
      code: 200
      message: OK
- request:
    body: '{"Hsm": true, "key": {"kty": "RSA", "n": "qkHvPSMiPoU5RnLI2v7EW5MvfHcObL_QJo83qmWgKCbaaFG3zQNLrJKCWCQUtP2ovB1Zr1_gpl7mO-NXY-W4LfzAMt-PrqR1oADK1LXZDZrsVvhTN3WQoUUDnGwu6tRajwES-uOMGutkCemW73jXKQDhESx7bETlD8YbxKfHtI6Ykx8YBwhTsuFLWmcvn4EveLGQBwMXZfwQil1qNMLcZsVGZlpNkufpLG0BO57METo6910K3q2CIs83mhylY6eCjqAeVtX9Qi5lt4Mz8gfXV5csDM2s7w84L0tz8_VpaC8rQqgyB16t7z0LMOPICEkODmQ8WInSfAcq7Jw2QoO5oQ",
      "e": "AQAB", "d": "U8ohMChjSPuNpXMGEGjDQAIeo5WAHtsDWIaxMYXUHQ6J_D8DQrz1eBeeWDxhiHUxnmqfYaTAzX_0tNJ8hqheTRuPhzno310GmljpeWeJS53L5D1PzwJnzEZHsaq4KE-bxbcUnS5xHCpuUEaKRo5k7UQGf8oxb6Y0SOAJeG3N5bhdgwQP7CiLFktZ_I1Y18teLBjAQbY53sGwTRTVOTcPRGXHDfxo_MVFNU4J6Lk_rr996-J6eO-m0e8mJDloPJ22lS3rNu50Uz4Bki59HDlrQ2SIuNPTtKK1sNccQ4kpogAw46zjk0mR8Q-Xsu82ocNvWE-z7_-4bRsTnw8sRpQ0xQ",
      "dp": "2x6fVMdndZeTdfqiDumLWda4WF6xYXovECmeWjZsMDcQglDlOMYwtR9RHjn7MSSi09D3zrkpQD1fve5_gYBd0wSITMOu-l_vCSogXHxRgsAQhyU-a3IGhLqmXMGa6bhvhzfgxQj0tUFt2PKiYSRlS0Fz2e50GDzvnDnWXKg-NnM",
      "dq": "L2a7wSmjthwVpZODP4P_2a4Fnw0qt31NF25340qmcWcvgVVtyvpzXHkuRFFcsF3C-9bYfMSa8g6locSbW_2FniFVZXuomxnh7IJLEZWdRdsVzjCUdxeBHWRx1ATV0cYfO_QsJBVyYWX3Ckyh7su9Lld6izBlhK6tu_VxKelXREM",
      "qi": "lOGzwc8xXYnY1ftSOOQFAn5nArlz_2BDMIUu0Ke-Opfiq6CEW7bUqiXy_nmpOEtyYqXGmN-iNA7KKwwgnEJwaxjQiXikfYsIgDlhGCfXbBRf-JpHlcGoUNdZgWHbaaZn7YgvCP5p28HNl-yULxvtelZvg3KV-bYByBizvkFeEIk",
      "p": "4r65u7ku0vBCmreBLjQ1jC9uWbUCbAMO2zDsh0TTsFGOjytya0zHMXaujagfL32A_XkMTIeKXRWpY_21ut78N9bhd4u7MfXYAvrNz7crQEOY_LyxWunL5FclAuf57yAiyxDiSCzTfjU3CwyQctLjOQJWN1BOFq40-xYqVMYf0os",
      "q": "wDl00qOFQ1XOAG4jDkKtzEtTq9XkWkquixrvID6AuLosVIpOat1UjlIQ6OoTo1bwU8tJowhwQcugRBYx2BBfe01v7ULtjsdzDndF5xPkvuqoR3J9jCQu5wMr7u8wyGoVq9BKI1mFyYukUZsJIYeEGJhWV4S1O80og7eobEM_BgM"},
      "attributes": {"enabled": true}}'
    headers:
      Accept:
      - application/json
      Accept-Encoding:
      - gzip, deflate
      Connection:
      - keep-alive
      Content-Length:
      - '1687'
      Content-Type:
      - application/json; charset=utf-8
      User-Agent:
      - python/3.7.5 (Windows-10-10.0.18362-SP0) msrest/0.6.9 msrest_azure/0.6.3 azure-keyvault/7.0
        Azure-SDK-For-Python
      accept-language:
      - en-US
    method: PUT
    uri: https://cli-test-kv-key-000002.vault.azure.net/keys/import-key-encrypted?api-version=7.0
  response:
    body:
      string: '{"key":{"kid":"https://cli-test-kv-key-000002.vault.azure.net/keys/import-key-encrypted/5946e69ce17a4a8d9958a873756825c7","kty":"RSA-HSM","key_ops":["encrypt","decrypt","sign","verify","wrapKey","unwrapKey"],"n":"qkHvPSMiPoU5RnLI2v7EW5MvfHcObL_QJo83qmWgKCbaaFG3zQNLrJKCWCQUtP2ovB1Zr1_gpl7mO-NXY-W4LfzAMt-PrqR1oADK1LXZDZrsVvhTN3WQoUUDnGwu6tRajwES-uOMGutkCemW73jXKQDhESx7bETlD8YbxKfHtI6Ykx8YBwhTsuFLWmcvn4EveLGQBwMXZfwQil1qNMLcZsVGZlpNkufpLG0BO57METo6910K3q2CIs83mhylY6eCjqAeVtX9Qi5lt4Mz8gfXV5csDM2s7w84L0tz8_VpaC8rQqgyB16t7z0LMOPICEkODmQ8WInSfAcq7Jw2QoO5oQ","e":"AQAB"},"attributes":{"enabled":true,"created":1594019040,"updated":1594019040,"recoveryLevel":"Purgeable"}}'
    headers:
      cache-control:
      - no-cache
      content-length:
      - '671'
      content-type:
      - application/json; charset=utf-8
      date:
      - Mon, 06 Jul 2020 07:04:00 GMT
      expires:
      - '-1'
      pragma:
      - no-cache
      strict-transport-security:
      - max-age=31536000;includeSubDomains
      x-aspnet-version:
      - 4.0.30319
      x-content-type-options:
      - nosniff
      x-ms-keyvault-network-info:
      - conn_type=Ipv4;addr=167.220.255.120;act_addr_fam=InterNetwork;
      x-ms-keyvault-region:
      - westus
      x-ms-keyvault-service-version:
      - 1.1.8.0
      x-powered-by:
      - ASP.NET
    status:
      code: 200
      message: OK
- request:
    body: '{"kty": "EC", "attributes": {"enabled": true}}'
    headers:
      Accept:
      - application/json
      Accept-Encoding:
      - gzip, deflate
      Connection:
      - keep-alive
      Content-Length:
      - '46'
      Content-Type:
      - application/json; charset=utf-8
      User-Agent:
      - python/3.7.5 (Windows-10-10.0.18362-SP0) msrest/0.6.9 msrest_azure/0.6.3 azure-keyvault/7.0
        Azure-SDK-For-Python
      accept-language:
      - en-US
    method: POST
    uri: https://cli-test-kv-key-000002.vault.azure.net/keys/eckey1/create?api-version=7.0
  response:
    body:
      string: '{"key":{"kid":"https://cli-test-kv-key-000002.vault.azure.net/keys/eckey1/968334eb86274202918201aefa5ee8a1","kty":"EC","key_ops":["sign","verify"],"crv":"P-256","x":"mJSJQ19lkZWBxfhzp91kLlZ2LM_JEdAIu-GzKo0M6Xk","y":"x4HDhvvfOqxrPj4WC5cIwX0z3nGje1oD7ipFlu7Kcfw"},"attributes":{"enabled":true,"created":1594019042,"updated":1594019042,"recoveryLevel":"Purgeable"}}'
    headers:
      cache-control:
      - no-cache
      content-length:
      - '364'
      content-type:
      - application/json; charset=utf-8
      date:
      - Mon, 06 Jul 2020 07:04:02 GMT
      expires:
      - '-1'
      pragma:
      - no-cache
      strict-transport-security:
      - max-age=31536000;includeSubDomains
      x-aspnet-version:
      - 4.0.30319
      x-content-type-options:
      - nosniff
      x-ms-keyvault-network-info:
      - conn_type=Ipv4;addr=167.220.255.120;act_addr_fam=InterNetwork;
      x-ms-keyvault-region:
      - westus
      x-ms-keyvault-service-version:
      - 1.1.8.0
      x-powered-by:
      - ASP.NET
    status:
      code: 200
      message: OK
- request:
    body: '{"kty": "EC", "attributes": {"enabled": true}, "crv": "P-256"}'
    headers:
      Accept:
      - application/json
      Accept-Encoding:
      - gzip, deflate
      Connection:
      - keep-alive
      Content-Length:
      - '62'
      Content-Type:
      - application/json; charset=utf-8
      User-Agent:
      - python/3.7.5 (Windows-10-10.0.18362-SP0) msrest/0.6.9 msrest_azure/0.6.3 azure-keyvault/7.0
        Azure-SDK-For-Python
      accept-language:
      - en-US
    method: POST
    uri: https://cli-test-kv-key-000002.vault.azure.net/keys/eckey1/create?api-version=7.0
  response:
    body:
      string: '{"key":{"kid":"https://cli-test-kv-key-000002.vault.azure.net/keys/eckey1/45fbb1c146cc4d5685811eda3fc34a32","kty":"EC","key_ops":["sign","verify"],"crv":"P-256","x":"pTinD90jG18PgcdDiLnKsTMBfhAw-0aGKXNwo5F5Cec","y":"Pn8veEuzBT_H0HK2RLLPnABVNYqeRw6ozXWDyPulfHo"},"attributes":{"enabled":true,"created":1594019043,"updated":1594019043,"recoveryLevel":"Purgeable"}}'
    headers:
      cache-control:
      - no-cache
      content-length:
      - '364'
      content-type:
      - application/json; charset=utf-8
      date:
      - Mon, 06 Jul 2020 07:04:03 GMT
      expires:
      - '-1'
      pragma:
      - no-cache
      strict-transport-security:
      - max-age=31536000;includeSubDomains
      x-aspnet-version:
      - 4.0.30319
      x-content-type-options:
      - nosniff
      x-ms-keyvault-network-info:
      - conn_type=Ipv4;addr=167.220.255.120;act_addr_fam=InterNetwork;
      x-ms-keyvault-region:
      - westus
      x-ms-keyvault-service-version:
      - 1.1.8.0
      x-powered-by:
      - ASP.NET
    status:
      code: 200
      message: OK
- request:
    body: null
    headers:
      Accept:
      - application/json
      Accept-Encoding:
      - gzip, deflate
      Connection:
      - keep-alive
      Content-Length:
      - '0'
      Content-Type:
      - application/json; charset=utf-8
      User-Agent:
      - python/3.7.5 (Windows-10-10.0.18362-SP0) msrest/0.6.9 msrest_azure/0.6.3 azure-keyvault/7.0
        Azure-SDK-For-Python
      accept-language:
      - en-US
    method: DELETE
    uri: https://cli-test-kv-key-000002.vault.azure.net/keys/eckey1?api-version=7.0
  response:
    body:
      string: '{"key":{"kid":"https://cli-test-kv-key-000002.vault.azure.net/keys/eckey1/45fbb1c146cc4d5685811eda3fc34a32","kty":"EC","key_ops":["sign","verify"],"crv":"P-256","x":"pTinD90jG18PgcdDiLnKsTMBfhAw-0aGKXNwo5F5Cec","y":"Pn8veEuzBT_H0HK2RLLPnABVNYqeRw6ozXWDyPulfHo"},"attributes":{"enabled":true,"created":1594019043,"updated":1594019043,"recoveryLevel":"Purgeable"}}'
    headers:
      cache-control:
      - no-cache
      content-length:
      - '364'
      content-type:
      - application/json; charset=utf-8
      date:
      - Mon, 06 Jul 2020 07:04:04 GMT
      expires:
      - '-1'
      pragma:
      - no-cache
      strict-transport-security:
      - max-age=31536000;includeSubDomains
      x-aspnet-version:
      - 4.0.30319
      x-content-type-options:
      - nosniff
      x-ms-keyvault-network-info:
      - conn_type=Ipv4;addr=167.220.255.120;act_addr_fam=InterNetwork;
      x-ms-keyvault-region:
      - westus
      x-ms-keyvault-service-version:
      - 1.1.8.0
      x-powered-by:
      - ASP.NET
    status:
      code: 200
      message: OK
- request:
    body: '{"Hsm": false, "key": {"kty": "EC", "d": "iSHNXO4xIu4VArH0o-PLYrKy6VaJxvjEGQVT-rz1IU4",
      "crv": "P-256", "x": "li86GrOlNxhcyInofgyKTYvekq3QGpspRuByNRSR5CM", "y": "ypRUUQHi84SwobPHhHHDzqXSPGPUvvijyt-i6AiQA0Y"},
      "attributes": {"enabled": true}}'
    headers:
      Accept:
      - application/json
      Accept-Encoding:
      - gzip, deflate
      Connection:
      - keep-alive
      Content-Length:
      - '241'
      Content-Type:
      - application/json; charset=utf-8
      User-Agent:
      - python/3.7.5 (Windows-10-10.0.18362-SP0) msrest/0.6.9 msrest_azure/0.6.3 azure-keyvault/7.0
        Azure-SDK-For-Python
      accept-language:
      - en-US
    method: PUT
    uri: https://cli-test-kv-key-000002.vault.azure.net/keys/import-eckey-plain?api-version=7.0
  response:
    body:
      string: '{"key":{"kid":"https://cli-test-kv-key-000002.vault.azure.net/keys/import-eckey-plain/89fd89927bd14a98ae9b34334896b1a5","kty":"EC","key_ops":["sign","verify"],"crv":"P-256","x":"li86GrOlNxhcyInofgyKTYvekq3QGpspRuByNRSR5CM","y":"ypRUUQHi84SwobPHhHHDzqXSPGPUvvijyt-i6AiQA0Y"},"attributes":{"enabled":true,"created":1594019046,"updated":1594019046,"recoveryLevel":"Purgeable"}}'
    headers:
      cache-control:
      - no-cache
      content-length:
      - '376'
      content-type:
      - application/json; charset=utf-8
      date:
      - Mon, 06 Jul 2020 07:04:05 GMT
      expires:
      - '-1'
      pragma:
      - no-cache
      strict-transport-security:
      - max-age=31536000;includeSubDomains
      x-aspnet-version:
      - 4.0.30319
      x-content-type-options:
      - nosniff
      x-ms-keyvault-network-info:
      - conn_type=Ipv4;addr=167.220.255.120;act_addr_fam=InterNetwork;
      x-ms-keyvault-region:
      - westus
      x-ms-keyvault-service-version:
      - 1.1.8.0
      x-powered-by:
      - ASP.NET
    status:
      code: 200
      message: OK
- request:
    body: '{"Hsm": false, "key": {"kty": "EC", "d": "AfqngG4fnCqOyjTsRiBL6sxt61XHHwLSN3YjLhHWrFTdV9Uev7c-3oiXXwExwLkeEMZk1bOuSJO3_rZbX0ymkwAM",
      "crv": "P-521", "x": "AbrVIZG8gPu6vTAbrs7OFStWCCDzbH29jAKaQqCaMS36wZvYjpT7ErJdE6RuqDs4m9iIb8VaP1FU5go4vAEIVvyS",
      "y": "AXjftbkXFhvx5d0ooAHtNwY-1xgXAUtpKLiZKiWMjRchKaX6YRc2wHCCib1KqstdqGxrqKhv99_V9Al57QcLL71Q"},
      "attributes": {"enabled": true}}'
    headers:
      Accept:
      - application/json
      Accept-Encoding:
      - gzip, deflate
      Connection:
      - keep-alive
      Content-Length:
      - '376'
      Content-Type:
      - application/json; charset=utf-8
      User-Agent:
      - python/3.7.5 (Windows-10-10.0.18362-SP0) msrest/0.6.9 msrest_azure/0.6.3 azure-keyvault/7.0
        Azure-SDK-For-Python
      accept-language:
      - en-US
    method: PUT
    uri: https://cli-test-kv-key-000002.vault.azure.net/keys/import-eckey-encrypted?api-version=7.0
  response:
    body:
      string: '{"key":{"kid":"https://cli-test-kv-key-000002.vault.azure.net/keys/import-eckey-encrypted/aa46ae6262ef494f8b392f148ac90d96","kty":"EC","key_ops":["sign","verify"],"crv":"P-521","x":"AbrVIZG8gPu6vTAbrs7OFStWCCDzbH29jAKaQqCaMS36wZvYjpT7ErJdE6RuqDs4m9iIb8VaP1FU5go4vAEIVvyS","y":"AXjftbkXFhvx5d0ooAHtNwY-1xgXAUtpKLiZKiWMjRchKaX6YRc2wHCCib1KqstdqGxrqKhv99_V9Al57QcLL71Q"},"attributes":{"enabled":true,"created":1594019048,"updated":1594019048,"recoveryLevel":"Purgeable"}}'
    headers:
      cache-control:
      - no-cache
      content-length:
      - '470'
      content-type:
      - application/json; charset=utf-8
      date:
      - Mon, 06 Jul 2020 07:04:08 GMT
      expires:
      - '-1'
      pragma:
      - no-cache
      strict-transport-security:
      - max-age=31536000;includeSubDomains
      x-aspnet-version:
      - 4.0.30319
      x-content-type-options:
      - nosniff
      x-ms-keyvault-network-info:
      - conn_type=Ipv4;addr=167.220.255.120;act_addr_fam=InterNetwork;
      x-ms-keyvault-region:
      - westus
      x-ms-keyvault-service-version:
      - 1.1.8.0
      x-powered-by:
      - ASP.NET
    status:
      code: 200
      message: OK
- request:
    body: null
    headers:
      Accept:
      - application/json
      Accept-Encoding:
      - gzip, deflate
      CommandName:
      - keyvault create
      Connection:
      - keep-alive
      ParameterSetName:
      - -g -n -l --sku --enable-soft-delete
      User-Agent:
      - python/3.7.5 (Windows-10-10.0.18362-SP0) msrest/0.6.9 msrest_azure/0.6.3 azure-mgmt-keyvault/2.2.0
        Azure-SDK-For-Python AZURECLI/2.8.0
      accept-language:
      - en-US
    method: GET
    uri: https://management.azure.com/subscriptions/00000000-0000-0000-0000-000000000000/resourceGroups/cli_test_keyvault_key000001/providers/Microsoft.KeyVault/vaults/cli-test-kv-key-000003?api-version=2019-09-01
  response:
    body:
      string: '{"error":{"code":"ResourceNotFound","message":"The Resource ''Microsoft.KeyVault/vaults/cli-test-kv-key-000003''
        under resource group ''cli_test_keyvault_key000001'' was not found. For more
        details please go to https://aka.ms/ARMResourceNotFoundFix"}}'
    headers:
      cache-control:
      - no-cache
      content-length:
      - '297'
      content-type:
      - application/json; charset=utf-8
      date:
      - Mon, 06 Jul 2020 07:04:08 GMT
      expires:
      - '-1'
      pragma:
      - no-cache
      strict-transport-security:
      - max-age=31536000; includeSubDomains
      x-content-type-options:
      - nosniff
      x-ms-failure-cause:
      - gateway
    status:
      code: 404
      message: Not Found
- request:
    body: null
    headers:
      Accept:
      - application/json
      Accept-Encoding:
      - gzip, deflate
      Connection:
      - keep-alive
      User-Agent:
      - python/3.7.5 (Windows-10-10.0.18362-SP0) msrest/0.6.9 msrest_azure/0.6.3 azure-graphrbac/0.60.0
        Azure-SDK-For-Python
      accept-language:
      - en-US
    method: GET
    uri: https://graph.windows.net/00000000-0000-0000-0000-000000000000/me?api-version=1.6
  response:
    body:
      string: '{"odata.metadata":"https://graph.windows.net/00000000-0000-0000-0000-000000000000/$metadata#directoryObjects/@Element","odata.type":"Microsoft.DirectoryServices.User","objectType":"User","objectId":"9ac02ab3-5061-4ec6-a3d8-2cdaa5f29efa","deletionTimestamp":null,"accountEnabled":true,"ageGroup":null,"assignedLicenses":[],"assignedPlans":[],"city":null,"companyName":null,"consentProvidedForMinor":null,"country":null,"createdDateTime":"2019-10-21T06:37:42Z","creationType":"Invitation","department":null,"dirSyncEnabled":null,"displayName":"Bin
        Ma","employeeId":null,"facsimileTelephoneNumber":null,"givenName":null,"immutableId":null,"isCompromised":null,"jobTitle":null,"lastDirSyncTime":null,"legalAgeGroupClassification":null,"mail":"bim@microsoft.com","mailNickname":"bim_microsoft.com#EXT#","mobile":null,"onPremisesDistinguishedName":null,"onPremisesSecurityIdentifier":null,"otherMails":["bim@microsoft.com"],"passwordPolicies":null,"passwordProfile":null,"physicalDeliveryOfficeName":null,"postalCode":null,"preferredLanguage":null,"provisionedPlans":[],"provisioningErrors":[],"proxyAddresses":["SMTP:bim@microsoft.com"],"refreshTokensValidFromDateTime":"2019-10-21T06:37:41Z","showInAddressList":false,"signInNames":[],"sipProxyAddress":null,"state":null,"streetAddress":null,"surname":null,"telephoneNumber":null,"thumbnailPhoto@odata.mediaEditLink":"directoryObjects/9ac02ab3-5061-4ec6-a3d8-2cdaa5f29efa/Microsoft.DirectoryServices.User/thumbnailPhoto","usageLocation":null,"userIdentities":[],"userPrincipalName":"bim_microsoft.com#EXT#@AzureSDKTeam.onmicrosoft.com","userState":"Accepted","userStateChangedOn":"2019-10-21T06:39:35Z","userType":"Guest"}'
    headers:
      access-control-allow-origin:
      - '*'
      cache-control:
      - no-cache
      content-length:
      - '1668'
      content-type:
      - application/json; odata=minimalmetadata; streaming=true; charset=utf-8
      dataserviceversion:
      - 3.0;
      date:
      - Mon, 06 Jul 2020 07:04:08 GMT
      duration:
      - '2428253'
      expires:
      - '-1'
      ocp-aad-diagnostics-server-name:
      - uXv8ZGY9PhQhOs4AU9DmgRv2qLnMCFf3B8vdft8Qz1c=
      ocp-aad-session-key:
      - UlHnXOZ2tZC0WonOmETZikiK0ndZ450usNaL4i0xbgEirdOos7N7i71Ym-Z_JkmOI2UPNOBnAVeEypENW_W9lhlw2l5RGhK9RvfVSLpJGPsWpIiSsECSqxRVVfutCjMs.TSOuqAFJXBa7oG0-shcJ3YjXWwo8fgRE69pgvTMbjfQ
      pragma:
      - no-cache
      request-id:
      - 6e507ac2-6983-48b1-afc8-e755977953ba
      strict-transport-security:
      - max-age=31536000; includeSubDomains
      x-aad-resource-unit:
      - '1'
      x-aspnet-version:
      - 4.0.30319
      x-ms-dirapi-data-contract-version:
      - '1.6'
      x-powered-by:
      - ASP.NET
    status:
      code: 200
      message: OK
- request:
    body: '{"location": "eastus2euap", "properties": {"tenantId": "54826b22-38d6-4fb2-bad9-b7b93a3e9c5a",
      "sku": {"family": "A", "name": "premium"}, "accessPolicies": [{"tenantId": "54826b22-38d6-4fb2-bad9-b7b93a3e9c5a",
      "objectId": "9ac02ab3-5061-4ec6-a3d8-2cdaa5f29efa", "permissions": {"keys":
      ["get", "create", "delete", "list", "update", "import", "backup", "restore",
      "recover"], "secrets": ["get", "list", "set", "delete", "backup", "restore",
      "recover"], "certificates": ["get", "list", "delete", "create", "import", "update",
      "managecontacts", "getissuers", "listissuers", "setissuers", "deleteissuers",
      "manageissuers", "recover"], "storage": ["get", "list", "delete", "set", "update",
      "regeneratekey", "setsas", "listsas", "getsas", "deletesas"]}}], "enableSoftDelete":
      false, "softDeleteRetentionInDays": 90, "networkAcls": {"bypass": "AzureServices",
      "defaultAction": "Allow", "ipRules": [], "virtualNetworkRules": []}}}'
    headers:
      Accept:
      - application/json
      Accept-Encoding:
      - gzip, deflate
      CommandName:
      - keyvault create
      Connection:
      - keep-alive
      Content-Length:
      - '922'
      Content-Type:
      - application/json; charset=utf-8
      ParameterSetName:
      - -g -n -l --sku --enable-soft-delete
      User-Agent:
      - python/3.7.5 (Windows-10-10.0.18362-SP0) msrest/0.6.9 msrest_azure/0.6.3 azure-mgmt-keyvault/2.2.0
        Azure-SDK-For-Python AZURECLI/2.8.0
      accept-language:
      - en-US
    method: PUT
    uri: https://management.azure.com/subscriptions/00000000-0000-0000-0000-000000000000/resourceGroups/cli_test_keyvault_key000001/providers/Microsoft.KeyVault/vaults/cli-test-kv-key-000003?api-version=2019-09-01
  response:
    body:
      string: '{"id":"/subscriptions/00000000-0000-0000-0000-000000000000/resourceGroups/cli_test_keyvault_key000001/providers/Microsoft.KeyVault/vaults/cli-test-kv-key-000003","name":"cli-test-kv-key-000003","type":"Microsoft.KeyVault/vaults","location":"eastus2euap","tags":{},"properties":{"sku":{"family":"A","name":"premium"},"tenantId":"54826b22-38d6-4fb2-bad9-b7b93a3e9c5a","accessPolicies":[{"tenantId":"54826b22-38d6-4fb2-bad9-b7b93a3e9c5a","objectId":"9ac02ab3-5061-4ec6-a3d8-2cdaa5f29efa","permissions":{"keys":["get","create","delete","list","update","import","backup","restore","recover"],"secrets":["get","list","set","delete","backup","restore","recover"],"certificates":["get","list","delete","create","import","update","managecontacts","getissuers","listissuers","setissuers","deleteissuers","manageissuers","recover"],"storage":["get","list","delete","set","update","regeneratekey","setsas","listsas","getsas","deletesas"]}}],"enabledForDeployment":false,"enableSoftDelete":false,"softDeleteRetentionInDays":90,"vaultUri":"https://cli-test-kv-key-000003.vault.azure.net","provisioningState":"RegisteringDns"}}'
    headers:
      cache-control:
      - no-cache
      content-length:
      - '1166'
      content-type:
      - application/json; charset=utf-8
      date:
      - Mon, 06 Jul 2020 07:04:14 GMT
      expires:
      - '-1'
      pragma:
      - no-cache
      server:
      - Microsoft-IIS/10.0
      strict-transport-security:
      - max-age=31536000; includeSubDomains
      transfer-encoding:
      - chunked
      vary:
      - Accept-Encoding
      x-aspnet-version:
      - 4.0.30319
      x-content-type-options:
      - nosniff
      x-ms-keyvault-service-version:
      - 1.1.0.283
      x-ms-ratelimit-remaining-subscription-writes:
      - '1193'
      x-powered-by:
      - ASP.NET
    status:
      code: 200
      message: OK
- request:
    body: null
    headers:
      Accept:
      - application/json
      Accept-Encoding:
      - gzip, deflate
      CommandName:
      - keyvault create
      Connection:
      - keep-alive
      ParameterSetName:
      - -g -n -l --sku --enable-soft-delete
      User-Agent:
      - python/3.7.5 (Windows-10-10.0.18362-SP0) msrest/0.6.9 msrest_azure/0.6.3 azure-mgmt-keyvault/2.2.0
        Azure-SDK-For-Python AZURECLI/2.8.0
    method: GET
    uri: https://management.azure.com/subscriptions/00000000-0000-0000-0000-000000000000/resourceGroups/cli_test_keyvault_key000001/providers/Microsoft.KeyVault/vaults/cli-test-kv-key-000003?api-version=2019-09-01
  response:
    body:
      string: '{"id":"/subscriptions/00000000-0000-0000-0000-000000000000/resourceGroups/cli_test_keyvault_key000001/providers/Microsoft.KeyVault/vaults/cli-test-kv-key-000003","name":"cli-test-kv-key-000003","type":"Microsoft.KeyVault/vaults","location":"eastus2euap","tags":{},"properties":{"sku":{"family":"A","name":"premium"},"tenantId":"54826b22-38d6-4fb2-bad9-b7b93a3e9c5a","accessPolicies":[{"tenantId":"54826b22-38d6-4fb2-bad9-b7b93a3e9c5a","objectId":"9ac02ab3-5061-4ec6-a3d8-2cdaa5f29efa","permissions":{"keys":["get","create","delete","list","update","import","backup","restore","recover"],"secrets":["get","list","set","delete","backup","restore","recover"],"certificates":["get","list","delete","create","import","update","managecontacts","getissuers","listissuers","setissuers","deleteissuers","manageissuers","recover"],"storage":["get","list","delete","set","update","regeneratekey","setsas","listsas","getsas","deletesas"]}}],"enabledForDeployment":false,"enableSoftDelete":false,"softDeleteRetentionInDays":90,"vaultUri":"https://cli-test-kv-key-000003.vault.azure.net/","provisioningState":"Succeeded"}}'
    headers:
      cache-control:
      - no-cache
      content-length:
      - '1162'
      content-type:
      - application/json; charset=utf-8
      date:
      - Mon, 06 Jul 2020 07:04:45 GMT
      expires:
      - '-1'
      pragma:
      - no-cache
      server:
      - Microsoft-IIS/10.0
      strict-transport-security:
      - max-age=31536000; includeSubDomains
      transfer-encoding:
      - chunked
      vary:
      - Accept-Encoding
      x-aspnet-version:
      - 4.0.30319
      x-content-type-options:
      - nosniff
      x-ms-keyvault-service-version:
      - 1.1.0.283
      x-powered-by:
      - ASP.NET
    status:
      code: 200
      message: OK
- request:
    body: ''
    headers:
      Accept:
      - application/json
      Accept-Encoding:
      - gzip, deflate
      Connection:
      - keep-alive
      Content-Length:
      - 0
      Content-Type:
      - application/json; charset=utf-8
      User-Agent:
      - python/3.7.5 (Windows-10-10.0.18362-SP0) msrest/0.6.9 msrest_azure/0.6.3 azure-keyvault/7.0
        Azure-SDK-For-Python
      accept-language:
      - en-US
    method: POST
    uri: https://cli-test-kv-key-000003.vault.azure.net/keys/key1/create?api-version=7.0
  response:
    body:
      string: '{"error":{"code":"Unauthorized","message":"Request is missing a Bearer
        or PoP token."}}'
    headers:
      cache-control:
      - no-cache
      content-length:
      - '87'
      content-type:
      - application/json; charset=utf-8
      date:
      - Mon, 06 Jul 2020 07:04:47 GMT
      expires:
      - '-1'
      pragma:
      - no-cache
      strict-transport-security:
      - max-age=31536000;includeSubDomains
      www-authenticate:
      - Bearer authorization="https://login.windows.net/54826b22-38d6-4fb2-bad9-b7b93a3e9c5a",
        resource="https://vault.azure.net"
      x-aspnet-version:
      - 4.0.30319
      x-content-type-options:
      - nosniff
      x-ms-keyvault-network-info:
      - conn_type=Ipv4;addr=167.220.255.56;act_addr_fam=InterNetwork;
      x-ms-keyvault-region:
      - eastus2euap
      x-ms-keyvault-service-version:
      - 1.1.8.0
      x-powered-by:
      - ASP.NET
    status:
      code: 401
      message: Unauthorized
- request:
    body: '{"kty": "RSA-HSM", "key_size": 2048, "key_ops": ["import"], "attributes":
      {"enabled": true}}'
    headers:
      Accept:
      - application/json
      Accept-Encoding:
      - gzip, deflate
      Connection:
      - keep-alive
      Content-Length:
      - '92'
      Content-Type:
      - application/json; charset=utf-8
      User-Agent:
      - python/3.7.5 (Windows-10-10.0.18362-SP0) msrest/0.6.9 msrest_azure/0.6.3 azure-keyvault/7.0
        Azure-SDK-For-Python
      accept-language:
      - en-US
    method: POST
    uri: https://cli-test-kv-key-000003.vault.azure.net/keys/key1/create?api-version=7.0
  response:
    body:
      string: '{"key":{"kid":"https://cli-test-kv-key-000003.vault.azure.net/keys/key1/887251f71c2b427381d8e797062e6fbf","kty":"RSA-HSM","key_ops":["import"],"n":"rn8pXZxL-4sTJ0-GJ4fjW7utmSyoDWTAGTQKLsM9f_xgmIVZ8cb4kwJ9rZYS_rMnwA6T7cROlyEXpiMVDMKVOOWq91bjxql-cPtHI-PK0kaeaLbjEF7I49laXU2IQGGmk4-uasB2wlDVOQRso8zyBtpUTNAXMUDDQJMvHg25usl1Z-otV5pOnzc3ir70CDxwzToLCsHcbvLB2ZFa_FmUngVxbcSF7AEmZb-dIF3m_Ntf54HSvjdcMoCNphfi55ZsuUNOVdFh75qQHDKUr7j9R75mo1LwwmKUjwCI_bhoC3whOIiIFfrthtThuBkPdYvY-WscwEFdkdHd_MA3-X9cBw","e":"AAEAAQ"},"attributes":{"enabled":true,"exp":1594191889,"created":1594019089,"updated":1594019089,"recoveryLevel":"Purgeable"}}'
    headers:
      cache-control:
      - no-cache
      content-length:
      - '625'
      content-type:
      - application/json; charset=utf-8
      date:
      - Mon, 06 Jul 2020 07:04:48 GMT
      expires:
      - '-1'
      pragma:
      - no-cache
      strict-transport-security:
      - max-age=31536000;includeSubDomains
      x-aspnet-version:
      - 4.0.30319
      x-content-type-options:
      - nosniff
      x-ms-keyvault-network-info:
      - conn_type=Ipv4;addr=167.220.255.56;act_addr_fam=InterNetwork;
      x-ms-keyvault-region:
      - eastus2euap
      x-ms-keyvault-service-version:
      - 1.1.8.0
      x-powered-by:
      - ASP.NET
    status:
      code: 200
      message: OK
- request:
    body: '{"kty": "RSA-HSM", "key_size": 3072, "key_ops": ["import"], "attributes":
      {"enabled": true}}'
    headers:
      Accept:
      - application/json
      Accept-Encoding:
      - gzip, deflate
      Connection:
      - keep-alive
      Content-Length:
      - '92'
      Content-Type:
      - application/json; charset=utf-8
      User-Agent:
      - python/3.7.5 (Windows-10-10.0.18362-SP0) msrest/0.6.9 msrest_azure/0.6.3 azure-keyvault/7.0
        Azure-SDK-For-Python
      accept-language:
      - en-US
    method: POST
    uri: https://cli-test-kv-key-000003.vault.azure.net/keys/key2/create?api-version=7.0
  response:
    body:
      string: '{"key":{"kid":"https://cli-test-kv-key-000003.vault.azure.net/keys/key2/b898263347e84b4d85e94080767b40a8","kty":"RSA-HSM","key_ops":["import"],"n":"sy78vILbcnBjoJOoRKKZF_W0y8S-4MyfKIq4qInTPQbjKiBdOBoOe5xDPnEShb46Ykex9ksp8N3-BP2ChiMtxj2XdiPU1acaAgeNfO9OAbCb_iLyQXQQNwUAjN4x3hG2pRfOYlFKapQxyMb2Tn1LIZdEuj4leoCWwNIzmGD2yRn1nALmDfv-YK04ICzYpIxkmBZ0LPri78tFZfIVXwVJ0HXYnvhLdKwMYedxAHMxJ4adm81bc2v6Y1ID6MAf_9X-PRB1GIeXHXl3JnNRUGT_oF-G1Ayv73dPbVsjHrp1EkuwJwi_uLDSXvxKGFYqeP-Qcm7tpfLj4mIBROQrLAVNxvIGtESPnOL1QCJux_oepTMO5hUsfb8DdEougUb2YM-6TedaqshvDMysIH9q1wcxsrk5hVQSTIzlkcqfw6j-IkNIIgbA_lcMpgjAE1ZzytaojE6og8Z2ZQBmyfL7KzH16or93nS6Vq7y93f9w03beQ7FwTfB1KiLZ_K7brmW1r8v","e":"AAEAAQ"},"attributes":{"enabled":true,"exp":1594191893,"created":1594019093,"updated":1594019093,"recoveryLevel":"Purgeable"}}'
    headers:
      cache-control:
      - no-cache
      content-length:
      - '795'
      content-type:
      - application/json; charset=utf-8
      date:
      - Mon, 06 Jul 2020 07:04:53 GMT
      expires:
      - '-1'
      pragma:
      - no-cache
      strict-transport-security:
      - max-age=31536000;includeSubDomains
      x-aspnet-version:
      - 4.0.30319
      x-content-type-options:
      - nosniff
      x-ms-keyvault-network-info:
      - conn_type=Ipv4;addr=167.220.255.56;act_addr_fam=InterNetwork;
      x-ms-keyvault-region:
      - eastus2euap
      x-ms-keyvault-service-version:
      - 1.1.8.0
      x-powered-by:
      - ASP.NET
    status:
      code: 200
      message: OK
- request:
    body: '{"kty": "RSA-HSM", "key_size": 4096, "key_ops": ["import"], "attributes":
      {"enabled": true}}'
    headers:
      Accept:
      - application/json
      Accept-Encoding:
      - gzip, deflate
      Connection:
      - keep-alive
      Content-Length:
      - '92'
      Content-Type:
      - application/json; charset=utf-8
      User-Agent:
      - python/3.7.5 (Windows-10-10.0.18362-SP0) msrest/0.6.9 msrest_azure/0.6.3 azure-keyvault/7.0
        Azure-SDK-For-Python
      accept-language:
      - en-US
    method: POST
    uri: https://cli-test-kv-key-000003.vault.azure.net/keys/key2/create?api-version=7.0
  response:
    body:
      string: '{"key":{"kid":"https://cli-test-kv-key-000003.vault.azure.net/keys/key2/e85421e6ce104375843b488ba23a6a9b","kty":"RSA-HSM","key_ops":["import"],"n":"tRZK8Ce9GpJsoWT1GIgCENyQFdxQhLHJ1b3HNciSPkyQiFAoCEQ1UlN-w4gxyMvHLMuq3SkpF1LevlsrqUqZa9ZygXm4hq2ic7H01rwzccMHUY483ic_SuiOMz8Y8ax20Q1Ai5e7GLWiUsl8l6ClpmQO6V6jN1Rr1RRlHlYGP5a3AJguf2KT9gOsc_af7VRu5aiyBNbttyUUzuSwZXpKkTUaykU6eJSz499VyYzM1Wi87mNaQGRYjlmgh5cHH7utkVfJxgcWewaDGQ-oBMc9LNHluUld1OnRb-lG28DPZg40iDiU5Uw_B0RXEzCgObB91ouKkxxLaOfTM1B4PJkQxp0HpEirqfJDVSYyUcfVjc5Z8hq05hbRmjNoFnEsYDMzxXz7IvjCBHwIo-io7rjbLYycPn6LY3zRPHISjhkbB5vVCdXwB2JbGSjTUQ06ZDBkZtYXXmXijeH_JNI4wfcu0nNiumLmyJ0ZVcfIGffTHmuA7CZlMSlAg90NxB_K2nxB8pzo-3qCa14S2MEWqsMkhjN7mEq6MsY_4QdeRJks_pxtNhxW7onczGVxrDDoO8FpZQaSyeVEFILizIr6f1vfcrwEpXmyLPtxqZ_9WO-4xmjriJVZcuUPqqvV9-O0YXSIlI7fK0foV_z2_ne6g1l8kVZJIBjRWShAcQzU21ZXO80","e":"AAEAAQ"},"attributes":{"enabled":true,"exp":1594191897,"created":1594019097,"updated":1594019097,"recoveryLevel":"Purgeable"}}'
    headers:
      cache-control:
      - no-cache
      content-length:
      - '966'
      content-type:
      - application/json; charset=utf-8
      date:
      - Mon, 06 Jul 2020 07:04:57 GMT
      expires:
      - '-1'
      pragma:
      - no-cache
      strict-transport-security:
      - max-age=31536000;includeSubDomains
      x-aspnet-version:
      - 4.0.30319
      x-content-type-options:
      - nosniff
      x-ms-keyvault-network-info:
      - conn_type=Ipv4;addr=167.220.255.56;act_addr_fam=InterNetwork;
      x-ms-keyvault-region:
      - eastus2euap
      x-ms-keyvault-service-version:
      - 1.1.8.0
      x-powered-by:
      - ASP.NET
    status:
      code: 200
      message: OK
version: 1
