interactions:
- request:
    body: '{"location": "eastus2", "tags": {}, "properties": {"addressSpace": {"addressPrefixes":
      ["10.0.0.0/16"]}, "dhcpOptions": {}}}'
    headers:
      Accept:
      - application/json
      Accept-Encoding:
      - gzip, deflate
      CommandName:
      - network vnet create
      Connection:
      - keep-alive
      Content-Length:
      - '124'
      Content-Type:
      - application/json; charset=utf-8
      ParameterSetName:
      - -g -n -l
      User-Agent:
      - python/3.7.5 (Windows-10-10.0.18362-SP0) msrest/0.6.9 msrest_azure/0.6.3 azure-mgmt-network/10.2.0
        Azure-SDK-For-Python AZURECLI/2.8.0
      accept-language:
      - en-US
    method: PUT
    uri: https://management.azure.com/subscriptions/00000000-0000-0000-0000-000000000000/resourceGroups/cli_test_keyvault_network_rule000001/providers/Microsoft.Network/virtualNetworks/cli-test-vnet-000008?api-version=2020-04-01
  response:
    body:
      string: "{\r\n  \"name\": \"cli-test-vnet-000008\",\r\n  \"id\": \"/subscriptions/00000000-0000-0000-0000-000000000000/resourceGroups/cli_test_keyvault_network_rule000001/providers/Microsoft.Network/virtualNetworks/cli-test-vnet-000008\",\r\n
        \ \"etag\": \"W/\\\"60a367c9-0efb-4772-89ee-ecd67556a83e\\\"\",\r\n  \"type\":
        \"Microsoft.Network/virtualNetworks\",\r\n  \"location\": \"eastus2\",\r\n
        \ \"tags\": {},\r\n  \"properties\": {\r\n    \"provisioningState\": \"Updating\",\r\n
        \   \"resourceGuid\": \"e4ed2f88-2a74-4ecf-8786-6083899fd1cc\",\r\n    \"addressSpace\":
        {\r\n      \"addressPrefixes\": [\r\n        \"10.0.0.0/16\"\r\n      ]\r\n
        \   },\r\n    \"dhcpOptions\": {\r\n      \"dnsServers\": []\r\n    },\r\n
        \   \"subnets\": [],\r\n    \"virtualNetworkPeerings\": [],\r\n    \"enableDdosProtection\":
        false,\r\n    \"enableVmProtection\": false\r\n  }\r\n}"
    headers:
      azure-asyncnotification:
      - Enabled
      azure-asyncoperation:
      - https://management.azure.com/subscriptions/00000000-0000-0000-0000-000000000000/providers/Microsoft.Network/locations/eastus2/operations/885e814b-a399-40c6-b234-d1230cff2880?api-version=2020-04-01
      cache-control:
      - no-cache
      content-length:
      - '805'
      content-type:
      - application/json; charset=utf-8
      date:
      - Tue, 30 Jun 2020 08:39:58 GMT
      expires:
      - '-1'
      pragma:
      - no-cache
      server:
      - Microsoft-HTTPAPI/2.0
      - Microsoft-HTTPAPI/2.0
      strict-transport-security:
      - max-age=31536000; includeSubDomains
      x-content-type-options:
      - nosniff
      x-ms-arm-service-request-id:
      - 8c47700e-c7fd-4d43-8f88-1804ea2c71a6
      x-ms-ratelimit-remaining-subscription-writes:
      - '1195'
    status:
      code: 201
      message: Created
- request:
    body: null
    headers:
      Accept:
      - application/json
      Accept-Encoding:
      - gzip, deflate
      CommandName:
      - network vnet create
      Connection:
      - keep-alive
      ParameterSetName:
      - -g -n -l
      User-Agent:
      - python/3.7.5 (Windows-10-10.0.18362-SP0) msrest/0.6.9 msrest_azure/0.6.3 azure-mgmt-network/10.2.0
        Azure-SDK-For-Python AZURECLI/2.8.0
    method: GET
    uri: https://management.azure.com/subscriptions/00000000-0000-0000-0000-000000000000/providers/Microsoft.Network/locations/eastus2/operations/885e814b-a399-40c6-b234-d1230cff2880?api-version=2020-04-01
  response:
    body:
      string: "{\r\n  \"status\": \"Succeeded\"\r\n}"
    headers:
      cache-control:
      - no-cache
      content-length:
      - '29'
      content-type:
      - application/json; charset=utf-8
      date:
      - Tue, 30 Jun 2020 08:40:03 GMT
      expires:
      - '-1'
      pragma:
      - no-cache
      server:
      - Microsoft-HTTPAPI/2.0
      - Microsoft-HTTPAPI/2.0
      strict-transport-security:
      - max-age=31536000; includeSubDomains
      transfer-encoding:
      - chunked
      vary:
      - Accept-Encoding
      x-content-type-options:
      - nosniff
      x-ms-arm-service-request-id:
      - 012d10ea-0482-4817-8c00-a0931019592f
    status:
      code: 200
      message: OK
- request:
    body: null
    headers:
      Accept:
      - application/json
      Accept-Encoding:
      - gzip, deflate
      CommandName:
      - network vnet create
      Connection:
      - keep-alive
      ParameterSetName:
      - -g -n -l
      User-Agent:
      - python/3.7.5 (Windows-10-10.0.18362-SP0) msrest/0.6.9 msrest_azure/0.6.3 azure-mgmt-network/10.2.0
        Azure-SDK-For-Python AZURECLI/2.8.0
    method: GET
    uri: https://management.azure.com/subscriptions/00000000-0000-0000-0000-000000000000/resourceGroups/cli_test_keyvault_network_rule000001/providers/Microsoft.Network/virtualNetworks/cli-test-vnet-000008?api-version=2020-04-01
  response:
    body:
      string: "{\r\n  \"name\": \"cli-test-vnet-000008\",\r\n  \"id\": \"/subscriptions/00000000-0000-0000-0000-000000000000/resourceGroups/cli_test_keyvault_network_rule000001/providers/Microsoft.Network/virtualNetworks/cli-test-vnet-000008\",\r\n
        \ \"etag\": \"W/\\\"cbd99c8f-dc9a-43cc-98e2-a93f189763e1\\\"\",\r\n  \"type\":
        \"Microsoft.Network/virtualNetworks\",\r\n  \"location\": \"eastus2\",\r\n
        \ \"tags\": {},\r\n  \"properties\": {\r\n    \"provisioningState\": \"Succeeded\",\r\n
        \   \"resourceGuid\": \"e4ed2f88-2a74-4ecf-8786-6083899fd1cc\",\r\n    \"addressSpace\":
        {\r\n      \"addressPrefixes\": [\r\n        \"10.0.0.0/16\"\r\n      ]\r\n
        \   },\r\n    \"dhcpOptions\": {\r\n      \"dnsServers\": []\r\n    },\r\n
        \   \"subnets\": [],\r\n    \"virtualNetworkPeerings\": [],\r\n    \"enableDdosProtection\":
        false,\r\n    \"enableVmProtection\": false\r\n  }\r\n}"
    headers:
      cache-control:
      - no-cache
      content-length:
      - '806'
      content-type:
      - application/json; charset=utf-8
      date:
      - Tue, 30 Jun 2020 08:40:03 GMT
      etag:
      - W/"cbd99c8f-dc9a-43cc-98e2-a93f189763e1"
      expires:
      - '-1'
      pragma:
      - no-cache
      server:
      - Microsoft-HTTPAPI/2.0
      - Microsoft-HTTPAPI/2.0
      strict-transport-security:
      - max-age=31536000; includeSubDomains
      transfer-encoding:
      - chunked
      vary:
      - Accept-Encoding
      x-content-type-options:
      - nosniff
      x-ms-arm-service-request-id:
      - 5d3a9edd-a313-4857-b748-0786f24fb30b
    status:
      code: 200
      message: OK
- request:
    body: null
    headers:
      Accept:
      - application/json
      Accept-Encoding:
      - gzip, deflate
      CommandName:
      - network vnet subnet create
      Connection:
      - keep-alive
      ParameterSetName:
      - -g --vnet-name --name --address-prefixes --service-endpoints
      User-Agent:
      - python/3.7.5 (Windows-10-10.0.18362-SP0) msrest/0.6.9 msrest_azure/0.6.3 azure-mgmt-network/10.2.0
        Azure-SDK-For-Python AZURECLI/2.8.0
      accept-language:
      - en-US
    method: GET
    uri: https://management.azure.com/subscriptions/00000000-0000-0000-0000-000000000000/resourceGroups/cli_test_keyvault_network_rule000001/providers/Microsoft.Network/virtualNetworks/cli-test-vnet-000008?api-version=2020-04-01
  response:
    body:
      string: "{\r\n  \"name\": \"cli-test-vnet-000008\",\r\n  \"id\": \"/subscriptions/00000000-0000-0000-0000-000000000000/resourceGroups/cli_test_keyvault_network_rule000001/providers/Microsoft.Network/virtualNetworks/cli-test-vnet-000008\",\r\n
        \ \"etag\": \"W/\\\"cbd99c8f-dc9a-43cc-98e2-a93f189763e1\\\"\",\r\n  \"type\":
        \"Microsoft.Network/virtualNetworks\",\r\n  \"location\": \"eastus2\",\r\n
        \ \"tags\": {},\r\n  \"properties\": {\r\n    \"provisioningState\": \"Succeeded\",\r\n
        \   \"resourceGuid\": \"e4ed2f88-2a74-4ecf-8786-6083899fd1cc\",\r\n    \"addressSpace\":
        {\r\n      \"addressPrefixes\": [\r\n        \"10.0.0.0/16\"\r\n      ]\r\n
        \   },\r\n    \"dhcpOptions\": {\r\n      \"dnsServers\": []\r\n    },\r\n
        \   \"subnets\": [],\r\n    \"virtualNetworkPeerings\": [],\r\n    \"enableDdosProtection\":
        false,\r\n    \"enableVmProtection\": false\r\n  }\r\n}"
    headers:
      cache-control:
      - no-cache
      content-length:
      - '806'
      content-type:
      - application/json; charset=utf-8
      date:
      - Tue, 30 Jun 2020 08:40:04 GMT
      etag:
      - W/"cbd99c8f-dc9a-43cc-98e2-a93f189763e1"
      expires:
      - '-1'
      pragma:
      - no-cache
      server:
      - Microsoft-HTTPAPI/2.0
      - Microsoft-HTTPAPI/2.0
      strict-transport-security:
      - max-age=31536000; includeSubDomains
      transfer-encoding:
      - chunked
      vary:
      - Accept-Encoding
      x-content-type-options:
      - nosniff
      x-ms-arm-service-request-id:
      - d7ad57f9-e7d4-4ddc-ae2f-b15b5fadb7b3
    status:
      code: 200
      message: OK
- request:
    body: 'b''{"id": "/subscriptions/00000000-0000-0000-0000-000000000000/resourceGroups/cli_test_keyvault_network_rule000001/providers/Microsoft.Network/virtualNetworks/cli-test-vnet-000008",
      "location": "eastus2", "tags": {}, "properties": {"addressSpace": {"addressPrefixes":
      ["10.0.0.0/16"]}, "dhcpOptions": {"dnsServers": []}, "subnets": [{"properties":
      {"addressPrefix": "10.0.0.0/21", "serviceEndpoints": [{"service": "Microsoft.KeyVault"}]},
      "name": "cli-test-subnet-000011"}], "virtualNetworkPeerings": [], "enableDdosProtection":
      false, "enableVmProtection": false}}'''
    headers:
      Accept:
      - application/json
      Accept-Encoding:
      - gzip, deflate
      CommandName:
      - network vnet subnet create
      Connection:
      - keep-alive
      Content-Length:
      - '607'
      Content-Type:
      - application/json; charset=utf-8
      ParameterSetName:
      - -g --vnet-name --name --address-prefixes --service-endpoints
      User-Agent:
      - python/3.7.5 (Windows-10-10.0.18362-SP0) msrest/0.6.9 msrest_azure/0.6.3 azure-mgmt-network/10.2.0
        Azure-SDK-For-Python AZURECLI/2.8.0
      accept-language:
      - en-US
    method: PUT
    uri: https://management.azure.com/subscriptions/00000000-0000-0000-0000-000000000000/resourceGroups/cli_test_keyvault_network_rule000001/providers/Microsoft.Network/virtualNetworks/cli-test-vnet-000008?api-version=2020-04-01
  response:
    body:
      string: "{\r\n  \"name\": \"cli-test-vnet-000008\",\r\n  \"id\": \"/subscriptions/00000000-0000-0000-0000-000000000000/resourceGroups/cli_test_keyvault_network_rule000001/providers/Microsoft.Network/virtualNetworks/cli-test-vnet-000008\",\r\n
        \ \"etag\": \"W/\\\"6616e5d8-cb32-422a-ad4c-3250160f4402\\\"\",\r\n  \"type\":
        \"Microsoft.Network/virtualNetworks\",\r\n  \"location\": \"eastus2\",\r\n
        \ \"tags\": {},\r\n  \"properties\": {\r\n    \"provisioningState\": \"Updating\",\r\n
        \   \"resourceGuid\": \"e4ed2f88-2a74-4ecf-8786-6083899fd1cc\",\r\n    \"addressSpace\":
        {\r\n      \"addressPrefixes\": [\r\n        \"10.0.0.0/16\"\r\n      ]\r\n
        \   },\r\n    \"dhcpOptions\": {\r\n      \"dnsServers\": []\r\n    },\r\n
        \   \"subnets\": [\r\n      {\r\n        \"name\": \"cli-test-subnet-000011\",\r\n
        \       \"id\": \"/subscriptions/00000000-0000-0000-0000-000000000000/resourceGroups/cli_test_keyvault_network_rule000001/providers/Microsoft.Network/virtualNetworks/cli-test-vnet-000008/subnets/cli-test-subnet-000011\",\r\n
        \       \"etag\": \"W/\\\"6616e5d8-cb32-422a-ad4c-3250160f4402\\\"\",\r\n
        \       \"properties\": {\r\n          \"provisioningState\": \"Updating\",\r\n
        \         \"addressPrefix\": \"10.0.0.0/21\",\r\n          \"serviceEndpoints\":
        [\r\n            {\r\n              \"provisioningState\": \"Updating\",\r\n
        \             \"service\": \"Microsoft.KeyVault\",\r\n              \"locations\":
        [\r\n                \"*\"\r\n              ]\r\n            }\r\n          ],\r\n
        \         \"delegations\": [],\r\n          \"privateEndpointNetworkPolicies\":
        \"Enabled\",\r\n          \"privateLinkServiceNetworkPolicies\": \"Enabled\"\r\n
        \       },\r\n        \"type\": \"Microsoft.Network/virtualNetworks/subnets\"\r\n
        \     }\r\n    ],\r\n    \"virtualNetworkPeerings\": [],\r\n    \"enableDdosProtection\":
        false,\r\n    \"enableVmProtection\": false\r\n  }\r\n}"
    headers:
      azure-asyncoperation:
      - https://management.azure.com/subscriptions/00000000-0000-0000-0000-000000000000/providers/Microsoft.Network/locations/eastus2/operations/7e58d663-c8d5-43f4-ad5f-1e4e5c65bdfe?api-version=2020-04-01
      cache-control:
      - no-cache
      content-length:
      - '1770'
      content-type:
      - application/json; charset=utf-8
      date:
      - Tue, 30 Jun 2020 08:40:05 GMT
      expires:
      - '-1'
      pragma:
      - no-cache
      server:
      - Microsoft-HTTPAPI/2.0
      - Microsoft-HTTPAPI/2.0
      strict-transport-security:
      - max-age=31536000; includeSubDomains
      transfer-encoding:
      - chunked
      vary:
      - Accept-Encoding
      x-content-type-options:
      - nosniff
      x-ms-arm-service-request-id:
      - 657f93ad-80a8-400a-a7d6-dd9e2137be01
      x-ms-ratelimit-remaining-subscription-writes:
      - '1197'
    status:
      code: 200
      message: OK
- request:
    body: null
    headers:
      Accept:
      - application/json
      Accept-Encoding:
      - gzip, deflate
      CommandName:
      - network vnet subnet create
      Connection:
      - keep-alive
      ParameterSetName:
      - -g --vnet-name --name --address-prefixes --service-endpoints
      User-Agent:
      - python/3.7.5 (Windows-10-10.0.18362-SP0) msrest/0.6.9 msrest_azure/0.6.3 azure-mgmt-network/10.2.0
        Azure-SDK-For-Python AZURECLI/2.8.0
    method: GET
    uri: https://management.azure.com/subscriptions/00000000-0000-0000-0000-000000000000/providers/Microsoft.Network/locations/eastus2/operations/7e58d663-c8d5-43f4-ad5f-1e4e5c65bdfe?api-version=2020-04-01
  response:
    body:
      string: "{\r\n  \"status\": \"Succeeded\"\r\n}"
    headers:
      cache-control:
      - no-cache
      content-length:
      - '29'
      content-type:
      - application/json; charset=utf-8
      date:
      - Tue, 30 Jun 2020 08:40:09 GMT
      expires:
      - '-1'
      pragma:
      - no-cache
      server:
      - Microsoft-HTTPAPI/2.0
      - Microsoft-HTTPAPI/2.0
      strict-transport-security:
      - max-age=31536000; includeSubDomains
      transfer-encoding:
      - chunked
      vary:
      - Accept-Encoding
      x-content-type-options:
      - nosniff
      x-ms-arm-service-request-id:
      - 4f1c4f17-7e9f-49eb-9b5e-46d33a6d2deb
    status:
      code: 200
      message: OK
- request:
    body: null
    headers:
      Accept:
      - application/json
      Accept-Encoding:
      - gzip, deflate
      CommandName:
      - network vnet subnet create
      Connection:
      - keep-alive
      ParameterSetName:
      - -g --vnet-name --name --address-prefixes --service-endpoints
      User-Agent:
      - python/3.7.5 (Windows-10-10.0.18362-SP0) msrest/0.6.9 msrest_azure/0.6.3 azure-mgmt-network/10.2.0
        Azure-SDK-For-Python AZURECLI/2.8.0
    method: GET
    uri: https://management.azure.com/subscriptions/00000000-0000-0000-0000-000000000000/resourceGroups/cli_test_keyvault_network_rule000001/providers/Microsoft.Network/virtualNetworks/cli-test-vnet-000008?api-version=2020-04-01
  response:
    body:
      string: "{\r\n  \"name\": \"cli-test-vnet-000008\",\r\n  \"id\": \"/subscriptions/00000000-0000-0000-0000-000000000000/resourceGroups/cli_test_keyvault_network_rule000001/providers/Microsoft.Network/virtualNetworks/cli-test-vnet-000008\",\r\n
        \ \"etag\": \"W/\\\"b4711760-c8d8-4e47-8942-6b180ea5b3ca\\\"\",\r\n  \"type\":
        \"Microsoft.Network/virtualNetworks\",\r\n  \"location\": \"eastus2\",\r\n
        \ \"tags\": {},\r\n  \"properties\": {\r\n    \"provisioningState\": \"Succeeded\",\r\n
        \   \"resourceGuid\": \"e4ed2f88-2a74-4ecf-8786-6083899fd1cc\",\r\n    \"addressSpace\":
        {\r\n      \"addressPrefixes\": [\r\n        \"10.0.0.0/16\"\r\n      ]\r\n
        \   },\r\n    \"dhcpOptions\": {\r\n      \"dnsServers\": []\r\n    },\r\n
        \   \"subnets\": [\r\n      {\r\n        \"name\": \"cli-test-subnet-000011\",\r\n
        \       \"id\": \"/subscriptions/00000000-0000-0000-0000-000000000000/resourceGroups/cli_test_keyvault_network_rule000001/providers/Microsoft.Network/virtualNetworks/cli-test-vnet-000008/subnets/cli-test-subnet-000011\",\r\n
        \       \"etag\": \"W/\\\"b4711760-c8d8-4e47-8942-6b180ea5b3ca\\\"\",\r\n
        \       \"properties\": {\r\n          \"provisioningState\": \"Succeeded\",\r\n
        \         \"addressPrefix\": \"10.0.0.0/21\",\r\n          \"serviceEndpoints\":
        [\r\n            {\r\n              \"provisioningState\": \"Succeeded\",\r\n
        \             \"service\": \"Microsoft.KeyVault\",\r\n              \"locations\":
        [\r\n                \"*\"\r\n              ]\r\n            }\r\n          ],\r\n
        \         \"delegations\": [],\r\n          \"privateEndpointNetworkPolicies\":
        \"Enabled\",\r\n          \"privateLinkServiceNetworkPolicies\": \"Enabled\"\r\n
        \       },\r\n        \"type\": \"Microsoft.Network/virtualNetworks/subnets\"\r\n
        \     }\r\n    ],\r\n    \"virtualNetworkPeerings\": [],\r\n    \"enableDdosProtection\":
        false,\r\n    \"enableVmProtection\": false\r\n  }\r\n}"
    headers:
      cache-control:
      - no-cache
      content-length:
      - '1773'
      content-type:
      - application/json; charset=utf-8
      date:
      - Tue, 30 Jun 2020 08:40:10 GMT
      etag:
      - W/"b4711760-c8d8-4e47-8942-6b180ea5b3ca"
      expires:
      - '-1'
      pragma:
      - no-cache
      server:
      - Microsoft-HTTPAPI/2.0
      - Microsoft-HTTPAPI/2.0
      strict-transport-security:
      - max-age=31536000; includeSubDomains
      transfer-encoding:
      - chunked
      vary:
      - Accept-Encoding
      x-content-type-options:
      - nosniff
      x-ms-arm-service-request-id:
      - d381a23d-5818-421f-af7b-d24ea5010b1b
    status:
      code: 200
      message: OK
- request:
    body: null
    headers:
      Accept:
      - application/json
      Accept-Encoding:
      - gzip, deflate
      CommandName:
      - network vnet subnet show
      Connection:
      - keep-alive
      ParameterSetName:
      - -g --vnet-name --name
      User-Agent:
      - python/3.7.5 (Windows-10-10.0.18362-SP0) msrest/0.6.9 msrest_azure/0.6.3 azure-mgmt-network/10.2.0
        Azure-SDK-For-Python AZURECLI/2.8.0
      accept-language:
      - en-US
    method: GET
    uri: https://management.azure.com/subscriptions/00000000-0000-0000-0000-000000000000/resourceGroups/cli_test_keyvault_network_rule000001/providers/Microsoft.Network/virtualNetworks/cli-test-vnet-000008/subnets/cli-test-subnet-000011?api-version=2020-04-01
  response:
    body:
      string: "{\r\n  \"name\": \"cli-test-subnet-000011\",\r\n  \"id\": \"/subscriptions/00000000-0000-0000-0000-000000000000/resourceGroups/cli_test_keyvault_network_rule000001/providers/Microsoft.Network/virtualNetworks/cli-test-vnet-000008/subnets/cli-test-subnet-000011\",\r\n
        \ \"etag\": \"W/\\\"b4711760-c8d8-4e47-8942-6b180ea5b3ca\\\"\",\r\n  \"properties\":
        {\r\n    \"provisioningState\": \"Succeeded\",\r\n    \"addressPrefix\": \"10.0.0.0/21\",\r\n
        \   \"serviceEndpoints\": [\r\n      {\r\n        \"provisioningState\": \"Succeeded\",\r\n
        \       \"service\": \"Microsoft.KeyVault\",\r\n        \"locations\": [\r\n
        \         \"*\"\r\n        ]\r\n      }\r\n    ],\r\n    \"delegations\":
        [],\r\n    \"privateEndpointNetworkPolicies\": \"Enabled\",\r\n    \"privateLinkServiceNetworkPolicies\":
        \"Enabled\"\r\n  },\r\n  \"type\": \"Microsoft.Network/virtualNetworks/subnets\"\r\n}"
    headers:
      cache-control:
      - no-cache
      content-length:
      - '827'
      content-type:
      - application/json; charset=utf-8
      date:
      - Tue, 30 Jun 2020 08:40:11 GMT
      etag:
      - W/"b4711760-c8d8-4e47-8942-6b180ea5b3ca"
      expires:
      - '-1'
      pragma:
      - no-cache
      server:
      - Microsoft-HTTPAPI/2.0
      - Microsoft-HTTPAPI/2.0
      strict-transport-security:
      - max-age=31536000; includeSubDomains
      transfer-encoding:
      - chunked
      vary:
      - Accept-Encoding
      x-content-type-options:
      - nosniff
      x-ms-arm-service-request-id:
      - 5e9c8e2a-36e1-484b-ba9e-511c37fb6680
    status:
      code: 200
      message: OK
- request:
    body: null
    headers:
      Accept:
      - application/json
      Accept-Encoding:
      - gzip, deflate
      Connection:
      - keep-alive
      User-Agent:
      - python/3.7.5 (Windows-10-10.0.18362-SP0) msrest/0.6.9 msrest_azure/0.6.3 azure-graphrbac/0.60.0
        Azure-SDK-For-Python
      accept-language:
      - en-US
    method: GET
    uri: https://graph.windows.net/00000000-0000-0000-0000-000000000000/me?api-version=1.6
  response:
    body:
      string: '{"odata.metadata":"https://graph.windows.net/00000000-0000-0000-0000-000000000000/$metadata#directoryObjects/@Element","odata.type":"Microsoft.DirectoryServices.User","objectType":"User","objectId":"9ac02ab3-5061-4ec6-a3d8-2cdaa5f29efa","deletionTimestamp":null,"accountEnabled":true,"ageGroup":null,"assignedLicenses":[],"assignedPlans":[],"city":null,"companyName":null,"consentProvidedForMinor":null,"country":null,"createdDateTime":"2019-10-21T06:37:42Z","creationType":"Invitation","department":null,"dirSyncEnabled":null,"displayName":"Bin
        Ma","employeeId":null,"facsimileTelephoneNumber":null,"givenName":null,"immutableId":null,"isCompromised":null,"jobTitle":null,"lastDirSyncTime":null,"legalAgeGroupClassification":null,"mail":"bim@microsoft.com","mailNickname":"bim_microsoft.com#EXT#","mobile":null,"onPremisesDistinguishedName":null,"onPremisesSecurityIdentifier":null,"otherMails":["bim@microsoft.com"],"passwordPolicies":null,"passwordProfile":null,"physicalDeliveryOfficeName":null,"postalCode":null,"preferredLanguage":null,"provisionedPlans":[],"provisioningErrors":[],"proxyAddresses":["SMTP:bim@microsoft.com"],"refreshTokensValidFromDateTime":"2019-10-21T06:37:41Z","showInAddressList":false,"signInNames":[],"sipProxyAddress":null,"state":null,"streetAddress":null,"surname":null,"telephoneNumber":null,"thumbnailPhoto@odata.mediaEditLink":"directoryObjects/9ac02ab3-5061-4ec6-a3d8-2cdaa5f29efa/Microsoft.DirectoryServices.User/thumbnailPhoto","usageLocation":null,"userIdentities":[],"userPrincipalName":"bim_microsoft.com#EXT#@AzureSDKTeam.onmicrosoft.com","userState":"Accepted","userStateChangedOn":"2019-10-21T06:39:35Z","userType":"Guest"}'
    headers:
      access-control-allow-origin:
      - '*'
      cache-control:
      - no-cache
      content-length:
      - '1668'
      content-type:
      - application/json; odata=minimalmetadata; streaming=true; charset=utf-8
      dataserviceversion:
      - 3.0;
      date:
      - Tue, 30 Jun 2020 08:40:12 GMT
      duration:
      - '2416127'
      expires:
      - '-1'
      ocp-aad-diagnostics-server-name:
      - YrKVEd4uzwNPa2UAAc3TUVzVfVM+PJpefVl9W9m79f0=
      ocp-aad-session-key:
      - WO3-Ek8Gb4_N9aFmoB1ffuixVAoJC4QkSislXu_c-u6j4MfLR119g05TBuNOKY4ew1wTfVjePokF69ZR2t55RuZjmtLRJX5lVkBUOF3s0uh-1qlXxULcf2dK5TCM_uI3.VdDnA-dCShT0bggYxsfoKnotaV3c91aJ7Fwwx8_WVVo
      pragma:
      - no-cache
      request-id:
      - 7137e8c7-8969-4b42-89c5-a268f1fa6630
      strict-transport-security:
      - max-age=31536000; includeSubDomains
      x-aad-resource-unit:
      - '1'
      x-aspnet-version:
      - 4.0.30319
      x-ms-dirapi-data-contract-version:
      - '1.6'
      x-powered-by:
      - ASP.NET
    status:
      code: 200
      message: OK
- request:
    body: 'b''{"location": "eastus2", "properties": {"tenantId": "54826b22-38d6-4fb2-bad9-b7b93a3e9c5a",
      "sku": {"family": "A", "name": "standard"}, "accessPolicies": [{"tenantId":
      "54826b22-38d6-4fb2-bad9-b7b93a3e9c5a", "objectId": "9ac02ab3-5061-4ec6-a3d8-2cdaa5f29efa",
      "permissions": {"keys": ["get", "create", "delete", "list", "update", "import",
      "backup", "restore", "recover"], "secrets": ["get", "list", "set", "delete",
      "backup", "restore", "recover"], "certificates": ["get", "list", "delete", "create",
      "import", "update", "managecontacts", "getissuers", "listissuers", "setissuers",
      "deleteissuers", "manageissuers", "recover"], "storage": ["get", "list", "delete",
      "set", "update", "regeneratekey", "setsas", "listsas", "getsas", "deletesas"]}}],
      "softDeleteRetentionInDays": 90, "networkAcls": {"bypass": "AzureServices",
      "defaultAction": "Allow", "ipRules": [{"value": "1.2.3.4/32"}, {"value": "2.3.4.0/24"}],
      "virtualNetworkRules": [{"id": "/subscriptions/00000000-0000-0000-0000-000000000000/resourcegroups/cli_test_keyvault_network_rule000001/providers/microsoft.network/virtualnetworks/cli-test-vnet-000008/subnets/cli-test-subnet-000011"}]}}}'''
    headers:
      Accept:
      - application/json
      Accept-Encoding:
      - gzip, deflate
      CommandName:
      - keyvault create
      Connection:
      - keep-alive
      Content-Length:
      - '1194'
      Content-Type:
      - application/json
      ParameterSetName:
      - -n -l -g --network-acls
      User-Agent:
      - AZURECLI/2.8.0 azsdk-python-azure-mgmt-keyvault/7.0.0b1 Python/3.7.5 (Windows-10-10.0.18362-SP0)
    method: PUT
    uri: https://management.azure.com/subscriptions/00000000-0000-0000-0000-000000000000/resourceGroups/cli_test_keyvault_network_rule000001/providers/Microsoft.KeyVault/vaults/cli-test-kv-nr-000003?api-version=2019-09-01
  response:
    body:
      string: '{"id":"/subscriptions/00000000-0000-0000-0000-000000000000/resourceGroups/cli_test_keyvault_network_rule000001/providers/Microsoft.KeyVault/vaults/cli-test-kv-nr-000003","name":"cli-test-kv-nr-000003","type":"Microsoft.KeyVault/vaults","location":"eastus2","tags":{},"properties":{"sku":{"family":"A","name":"standard"},"tenantId":"54826b22-38d6-4fb2-bad9-b7b93a3e9c5a","networkAcls":{"bypass":"AzureServices","defaultAction":"Allow","ipRules":[{"value":"1.2.3.4/32"},{"value":"2.3.4.0/24"}],"virtualNetworkRules":[{"id":"/subscriptions/00000000-0000-0000-0000-000000000000/resourcegroups/cli_test_keyvault_network_rule000001/providers/microsoft.network/virtualnetworks/cli-test-vnet-000008/subnets/cli-test-subnet-000011"}]},"accessPolicies":[{"tenantId":"54826b22-38d6-4fb2-bad9-b7b93a3e9c5a","objectId":"9ac02ab3-5061-4ec6-a3d8-2cdaa5f29efa","permissions":{"keys":["get","create","delete","list","update","import","backup","restore","recover"],"secrets":["get","list","set","delete","backup","restore","recover"],"certificates":["get","list","delete","create","import","update","managecontacts","getissuers","listissuers","setissuers","deleteissuers","manageissuers","recover"],"storage":["get","list","delete","set","update","regeneratekey","setsas","listsas","getsas","deletesas"]}}],"enabledForDeployment":false,"enableSoftDelete":true,"softDeleteRetentionInDays":90,"vaultUri":"https://cli-test-kv-nr-000003.vault.azure.net","provisioningState":"RegisteringDns"}}'
    headers:
      cache-control:
      - no-cache
      content-length:
      - '1563'
      content-type:
      - application/json; charset=utf-8
      date:
      - Tue, 30 Jun 2020 08:40:21 GMT
      expires:
      - '-1'
      pragma:
      - no-cache
      server:
      - Microsoft-IIS/10.0
      strict-transport-security:
      - max-age=31536000; includeSubDomains
      transfer-encoding:
      - chunked
      vary:
      - Accept-Encoding
      x-aspnet-version:
      - 4.0.30319
      x-content-type-options:
      - nosniff
      x-ms-keyvault-service-version:
      - 1.1.0.282
      x-ms-ratelimit-remaining-subscription-writes:
      - '1196'
      x-powered-by:
      - ASP.NET
    status:
      code: 200
      message: OK
- request:
    body: null
    headers:
      Accept:
      - '*/*'
      Accept-Encoding:
      - gzip, deflate
      CommandName:
      - keyvault create
      Connection:
      - keep-alive
      ParameterSetName:
      - -n -l -g --network-acls
      User-Agent:
      - AZURECLI/2.8.0 azsdk-python-azure-mgmt-keyvault/7.0.0b1 Python/3.7.5 (Windows-10-10.0.18362-SP0)
    method: GET
    uri: https://management.azure.com/subscriptions/00000000-0000-0000-0000-000000000000/resourceGroups/cli_test_keyvault_network_rule000001/providers/Microsoft.KeyVault/vaults/cli-test-kv-nr-000003?api-version=2019-09-01
  response:
    body:
      string: '{"id":"/subscriptions/00000000-0000-0000-0000-000000000000/resourceGroups/cli_test_keyvault_network_rule000001/providers/Microsoft.KeyVault/vaults/cli-test-kv-nr-000003","name":"cli-test-kv-nr-000003","type":"Microsoft.KeyVault/vaults","location":"eastus2","tags":{},"properties":{"sku":{"family":"A","name":"standard"},"tenantId":"54826b22-38d6-4fb2-bad9-b7b93a3e9c5a","networkAcls":{"bypass":"AzureServices","defaultAction":"Allow","ipRules":[{"value":"1.2.3.4/32"},{"value":"2.3.4.0/24"}],"virtualNetworkRules":[{"id":"/subscriptions/00000000-0000-0000-0000-000000000000/resourcegroups/cli_test_keyvault_network_rule000001/providers/microsoft.network/virtualnetworks/cli-test-vnet-000008/subnets/cli-test-subnet-000011"}]},"accessPolicies":[{"tenantId":"54826b22-38d6-4fb2-bad9-b7b93a3e9c5a","objectId":"9ac02ab3-5061-4ec6-a3d8-2cdaa5f29efa","permissions":{"keys":["get","create","delete","list","update","import","backup","restore","recover"],"secrets":["get","list","set","delete","backup","restore","recover"],"certificates":["get","list","delete","create","import","update","managecontacts","getissuers","listissuers","setissuers","deleteissuers","manageissuers","recover"],"storage":["get","list","delete","set","update","regeneratekey","setsas","listsas","getsas","deletesas"]}}],"enabledForDeployment":false,"enableSoftDelete":true,"softDeleteRetentionInDays":90,"vaultUri":"https://cli-test-kv-nr-000003.vault.azure.net/","provisioningState":"Succeeded"}}'
    headers:
      cache-control:
      - no-cache
      content-length:
      - '1559'
      content-type:
      - application/json; charset=utf-8
      date:
      - Tue, 30 Jun 2020 08:40:52 GMT
      expires:
      - '-1'
      pragma:
      - no-cache
      server:
      - Microsoft-IIS/10.0
      strict-transport-security:
      - max-age=31536000; includeSubDomains
      transfer-encoding:
      - chunked
      vary:
      - Accept-Encoding
      x-aspnet-version:
      - 4.0.30319
      x-content-type-options:
      - nosniff
      x-ms-keyvault-service-version:
      - 1.1.0.282
      x-powered-by:
      - ASP.NET
    status:
      code: 200
      message: OK
- request:
    body: null
    headers:
      Accept:
      - application/json
      Accept-Encoding:
      - gzip, deflate
      Connection:
      - keep-alive
      User-Agent:
      - python/3.7.5 (Windows-10-10.0.18362-SP0) msrest/0.6.9 msrest_azure/0.6.3 azure-graphrbac/0.60.0
        Azure-SDK-For-Python
      accept-language:
      - en-US
    method: GET
    uri: https://graph.windows.net/00000000-0000-0000-0000-000000000000/me?api-version=1.6
  response:
    body:
      string: '{"odata.metadata":"https://graph.windows.net/00000000-0000-0000-0000-000000000000/$metadata#directoryObjects/@Element","odata.type":"Microsoft.DirectoryServices.User","objectType":"User","objectId":"9ac02ab3-5061-4ec6-a3d8-2cdaa5f29efa","deletionTimestamp":null,"accountEnabled":true,"ageGroup":null,"assignedLicenses":[],"assignedPlans":[],"city":null,"companyName":null,"consentProvidedForMinor":null,"country":null,"createdDateTime":"2019-10-21T06:37:42Z","creationType":"Invitation","department":null,"dirSyncEnabled":null,"displayName":"Bin
        Ma","employeeId":null,"facsimileTelephoneNumber":null,"givenName":null,"immutableId":null,"isCompromised":null,"jobTitle":null,"lastDirSyncTime":null,"legalAgeGroupClassification":null,"mail":"bim@microsoft.com","mailNickname":"bim_microsoft.com#EXT#","mobile":null,"onPremisesDistinguishedName":null,"onPremisesSecurityIdentifier":null,"otherMails":["bim@microsoft.com"],"passwordPolicies":null,"passwordProfile":null,"physicalDeliveryOfficeName":null,"postalCode":null,"preferredLanguage":null,"provisionedPlans":[],"provisioningErrors":[],"proxyAddresses":["SMTP:bim@microsoft.com"],"refreshTokensValidFromDateTime":"2019-10-21T06:37:41Z","showInAddressList":false,"signInNames":[],"sipProxyAddress":null,"state":null,"streetAddress":null,"surname":null,"telephoneNumber":null,"thumbnailPhoto@odata.mediaEditLink":"directoryObjects/9ac02ab3-5061-4ec6-a3d8-2cdaa5f29efa/Microsoft.DirectoryServices.User/thumbnailPhoto","usageLocation":null,"userIdentities":[],"userPrincipalName":"bim_microsoft.com#EXT#@AzureSDKTeam.onmicrosoft.com","userState":"Accepted","userStateChangedOn":"2019-10-21T06:39:35Z","userType":"Guest"}'
    headers:
      access-control-allow-origin:
      - '*'
      cache-control:
      - no-cache
      content-length:
      - '1668'
      content-type:
      - application/json; odata=minimalmetadata; streaming=true; charset=utf-8
      dataserviceversion:
      - 3.0;
      date:
      - Tue, 30 Jun 2020 08:40:53 GMT
      duration:
      - '2677965'
      expires:
      - '-1'
      ocp-aad-diagnostics-server-name:
      - 6Q8qQ8E/OmCeH8coj6fWIlvLINmQwgcQkkCJj94gLCA=
      ocp-aad-session-key:
      - jBFk0hkhF0j1E9jLjj07BhpcDheP-HhMmOcfPmbmzhvALXGeE4s32sfUr9k7S3SaKHr0pIcne8pWwCslMd9Rnabl4dM4Z4bM48k_S8aoeBXV6c6ixaSc8S81Zf9XEws2.16rOiI233DQYcWeuEY-j24a1z3pNrE3xkUwp9Q6HIU0
      pragma:
      - no-cache
      request-id:
      - 5f9ad880-2f86-43ab-bbba-b9f8cbadfbbb
      strict-transport-security:
      - max-age=31536000; includeSubDomains
      x-aad-resource-unit:
      - '1'
      x-aspnet-version:
      - 4.0.30319
      x-ms-dirapi-data-contract-version:
      - '1.6'
      x-powered-by:
      - ASP.NET
    status:
      code: 200
      message: OK
- request:
    body: 'b''{"location": "eastus2", "properties": {"tenantId": "54826b22-38d6-4fb2-bad9-b7b93a3e9c5a",
      "sku": {"family": "A", "name": "standard"}, "accessPolicies": [{"tenantId":
      "54826b22-38d6-4fb2-bad9-b7b93a3e9c5a", "objectId": "9ac02ab3-5061-4ec6-a3d8-2cdaa5f29efa",
      "permissions": {"keys": ["get", "create", "delete", "list", "update", "import",
      "backup", "restore", "recover"], "secrets": ["get", "list", "set", "delete",
      "backup", "restore", "recover"], "certificates": ["get", "list", "delete", "create",
      "import", "update", "managecontacts", "getissuers", "listissuers", "setissuers",
      "deleteissuers", "manageissuers", "recover"], "storage": ["get", "list", "delete",
      "set", "update", "regeneratekey", "setsas", "listsas", "getsas", "deletesas"]}}],
      "softDeleteRetentionInDays": 90, "networkAcls": {"bypass": "AzureServices",
      "defaultAction": "Allow", "ipRules": [{"value": "1.2.3.4/32"}, {"value": "2.3.4.0/24"}],
      "virtualNetworkRules": [{"id": "/subscriptions/00000000-0000-0000-0000-000000000000/resourcegroups/cli_test_keyvault_network_rule000001/providers/microsoft.network/virtualnetworks/cli-test-vnet-000008/subnets/cli-test-subnet-000011"}]}}}'''
    headers:
      Accept:
      - application/json
      Accept-Encoding:
      - gzip, deflate
      CommandName:
      - keyvault create
      Connection:
      - keep-alive
      Content-Length:
      - '1194'
      Content-Type:
      - application/json
      ParameterSetName:
      - -n -l -g --network-acls
      User-Agent:
      - AZURECLI/2.8.0 azsdk-python-azure-mgmt-keyvault/7.0.0b1 Python/3.7.5 (Windows-10-10.0.18362-SP0)
    method: PUT
    uri: https://management.azure.com/subscriptions/00000000-0000-0000-0000-000000000000/resourceGroups/cli_test_keyvault_network_rule000001/providers/Microsoft.KeyVault/vaults/cli-test-kv-nr-000004?api-version=2019-09-01
  response:
    body:
      string: '{"id":"/subscriptions/00000000-0000-0000-0000-000000000000/resourceGroups/cli_test_keyvault_network_rule000001/providers/Microsoft.KeyVault/vaults/cli-test-kv-nr-000004","name":"cli-test-kv-nr-000004","type":"Microsoft.KeyVault/vaults","location":"eastus2","tags":{},"properties":{"sku":{"family":"A","name":"standard"},"tenantId":"54826b22-38d6-4fb2-bad9-b7b93a3e9c5a","networkAcls":{"bypass":"AzureServices","defaultAction":"Allow","ipRules":[{"value":"1.2.3.4/32"},{"value":"2.3.4.0/24"}],"virtualNetworkRules":[{"id":"/subscriptions/00000000-0000-0000-0000-000000000000/resourcegroups/cli_test_keyvault_network_rule000001/providers/microsoft.network/virtualnetworks/cli-test-vnet-000008/subnets/cli-test-subnet-000011"}]},"accessPolicies":[{"tenantId":"54826b22-38d6-4fb2-bad9-b7b93a3e9c5a","objectId":"9ac02ab3-5061-4ec6-a3d8-2cdaa5f29efa","permissions":{"keys":["get","create","delete","list","update","import","backup","restore","recover"],"secrets":["get","list","set","delete","backup","restore","recover"],"certificates":["get","list","delete","create","import","update","managecontacts","getissuers","listissuers","setissuers","deleteissuers","manageissuers","recover"],"storage":["get","list","delete","set","update","regeneratekey","setsas","listsas","getsas","deletesas"]}}],"enabledForDeployment":false,"enableSoftDelete":true,"softDeleteRetentionInDays":90,"vaultUri":"https://cli-test-kv-nr-000004.vault.azure.net","provisioningState":"RegisteringDns"}}'
    headers:
      cache-control:
      - no-cache
      content-length:
      - '1563'
      content-type:
      - application/json; charset=utf-8
      date:
      - Tue, 30 Jun 2020 08:40:59 GMT
      expires:
      - '-1'
      pragma:
      - no-cache
      server:
      - Microsoft-IIS/10.0
      strict-transport-security:
      - max-age=31536000; includeSubDomains
      transfer-encoding:
      - chunked
      vary:
      - Accept-Encoding
      x-aspnet-version:
      - 4.0.30319
      x-content-type-options:
      - nosniff
      x-ms-keyvault-service-version:
      - 1.1.0.282
      x-ms-ratelimit-remaining-subscription-writes:
      - '1192'
      x-powered-by:
      - ASP.NET
    status:
      code: 200
      message: OK
- request:
    body: null
    headers:
      Accept:
      - '*/*'
      Accept-Encoding:
      - gzip, deflate
      CommandName:
      - keyvault create
      Connection:
      - keep-alive
      ParameterSetName:
      - -n -l -g --network-acls
      User-Agent:
      - AZURECLI/2.8.0 azsdk-python-azure-mgmt-keyvault/7.0.0b1 Python/3.7.5 (Windows-10-10.0.18362-SP0)
    method: GET
    uri: https://management.azure.com/subscriptions/00000000-0000-0000-0000-000000000000/resourceGroups/cli_test_keyvault_network_rule000001/providers/Microsoft.KeyVault/vaults/cli-test-kv-nr-000004?api-version=2019-09-01
  response:
    body:
      string: '{"id":"/subscriptions/00000000-0000-0000-0000-000000000000/resourceGroups/cli_test_keyvault_network_rule000001/providers/Microsoft.KeyVault/vaults/cli-test-kv-nr-000004","name":"cli-test-kv-nr-000004","type":"Microsoft.KeyVault/vaults","location":"eastus2","tags":{},"properties":{"sku":{"family":"A","name":"standard"},"tenantId":"54826b22-38d6-4fb2-bad9-b7b93a3e9c5a","networkAcls":{"bypass":"AzureServices","defaultAction":"Allow","ipRules":[{"value":"1.2.3.4/32"},{"value":"2.3.4.0/24"}],"virtualNetworkRules":[{"id":"/subscriptions/00000000-0000-0000-0000-000000000000/resourcegroups/cli_test_keyvault_network_rule000001/providers/microsoft.network/virtualnetworks/cli-test-vnet-000008/subnets/cli-test-subnet-000011"}]},"accessPolicies":[{"tenantId":"54826b22-38d6-4fb2-bad9-b7b93a3e9c5a","objectId":"9ac02ab3-5061-4ec6-a3d8-2cdaa5f29efa","permissions":{"keys":["get","create","delete","list","update","import","backup","restore","recover"],"secrets":["get","list","set","delete","backup","restore","recover"],"certificates":["get","list","delete","create","import","update","managecontacts","getissuers","listissuers","setissuers","deleteissuers","manageissuers","recover"],"storage":["get","list","delete","set","update","regeneratekey","setsas","listsas","getsas","deletesas"]}}],"enabledForDeployment":false,"enableSoftDelete":true,"softDeleteRetentionInDays":90,"vaultUri":"https://cli-test-kv-nr-000004.vault.azure.net/","provisioningState":"Succeeded"}}'
    headers:
      cache-control:
      - no-cache
      content-length:
      - '1559'
      content-type:
      - application/json; charset=utf-8
      date:
      - Tue, 30 Jun 2020 08:41:29 GMT
      expires:
      - '-1'
      pragma:
      - no-cache
      server:
      - Microsoft-IIS/10.0
      strict-transport-security:
      - max-age=31536000; includeSubDomains
      transfer-encoding:
      - chunked
      vary:
      - Accept-Encoding
      x-aspnet-version:
      - 4.0.30319
      x-content-type-options:
      - nosniff
      x-ms-keyvault-service-version:
      - 1.1.0.282
      x-powered-by:
      - ASP.NET
    status:
      code: 200
      message: OK
- request:
    body: '{"location": "eastus2", "tags": {}, "properties": {"addressSpace": {"addressPrefixes":
      ["10.0.0.0/16"]}, "dhcpOptions": {}}}'
    headers:
      Accept:
      - application/json
      Accept-Encoding:
      - gzip, deflate
      CommandName:
      - network vnet create
      Connection:
      - keep-alive
      Content-Length:
      - '124'
      Content-Type:
      - application/json; charset=utf-8
      ParameterSetName:
      - -g -n -l
      User-Agent:
      - python/3.7.5 (Windows-10-10.0.18362-SP0) msrest/0.6.9 msrest_azure/0.6.3 azure-mgmt-network/10.2.0
        Azure-SDK-For-Python AZURECLI/2.8.0
      accept-language:
      - en-US
    method: PUT
    uri: https://management.azure.com/subscriptions/00000000-0000-0000-0000-000000000000/resourceGroups/cli_test_keyvault_network_rule000001/providers/Microsoft.Network/virtualNetworks/cli-test-vnet-000009?api-version=2020-04-01
  response:
    body:
      string: "{\r\n  \"name\": \"cli-test-vnet-000009\",\r\n  \"id\": \"/subscriptions/00000000-0000-0000-0000-000000000000/resourceGroups/cli_test_keyvault_network_rule000001/providers/Microsoft.Network/virtualNetworks/cli-test-vnet-000009\",\r\n
        \ \"etag\": \"W/\\\"389217ec-57f3-4b43-9ab4-ff6dc0b2af24\\\"\",\r\n  \"type\":
        \"Microsoft.Network/virtualNetworks\",\r\n  \"location\": \"eastus2\",\r\n
        \ \"tags\": {},\r\n  \"properties\": {\r\n    \"provisioningState\": \"Updating\",\r\n
        \   \"resourceGuid\": \"673f3b74-7aae-47a4-8e3a-383dbc121ac9\",\r\n    \"addressSpace\":
        {\r\n      \"addressPrefixes\": [\r\n        \"10.0.0.0/16\"\r\n      ]\r\n
        \   },\r\n    \"dhcpOptions\": {\r\n      \"dnsServers\": []\r\n    },\r\n
        \   \"subnets\": [],\r\n    \"virtualNetworkPeerings\": [],\r\n    \"enableDdosProtection\":
        false,\r\n    \"enableVmProtection\": false\r\n  }\r\n}"
    headers:
      azure-asyncnotification:
      - Enabled
      azure-asyncoperation:
      - https://management.azure.com/subscriptions/00000000-0000-0000-0000-000000000000/providers/Microsoft.Network/locations/eastus2/operations/d82480d2-83ea-43df-a3a8-bf079ec4fbce?api-version=2020-04-01
      cache-control:
      - no-cache
      content-length:
      - '805'
      content-type:
      - application/json; charset=utf-8
      date:
      - Tue, 30 Jun 2020 08:41:38 GMT
      expires:
      - '-1'
      pragma:
      - no-cache
      server:
      - Microsoft-HTTPAPI/2.0
      - Microsoft-HTTPAPI/2.0
      strict-transport-security:
      - max-age=31536000; includeSubDomains
      x-content-type-options:
      - nosniff
      x-ms-arm-service-request-id:
      - f571adec-4ab0-4ce0-a6f3-ad5b7af7402b
      x-ms-ratelimit-remaining-subscription-writes:
      - '1194'
    status:
      code: 201
      message: Created
- request:
    body: null
    headers:
      Accept:
      - application/json
      Accept-Encoding:
      - gzip, deflate
      CommandName:
      - network vnet create
      Connection:
      - keep-alive
      ParameterSetName:
      - -g -n -l
      User-Agent:
      - python/3.7.5 (Windows-10-10.0.18362-SP0) msrest/0.6.9 msrest_azure/0.6.3 azure-mgmt-network/10.2.0
        Azure-SDK-For-Python AZURECLI/2.8.0
    method: GET
    uri: https://management.azure.com/subscriptions/00000000-0000-0000-0000-000000000000/providers/Microsoft.Network/locations/eastus2/operations/d82480d2-83ea-43df-a3a8-bf079ec4fbce?api-version=2020-04-01
  response:
    body:
      string: "{\r\n  \"status\": \"Succeeded\"\r\n}"
    headers:
      cache-control:
      - no-cache
      content-length:
      - '29'
      content-type:
      - application/json; charset=utf-8
      date:
      - Tue, 30 Jun 2020 08:41:42 GMT
      expires:
      - '-1'
      pragma:
      - no-cache
      server:
      - Microsoft-HTTPAPI/2.0
      - Microsoft-HTTPAPI/2.0
      strict-transport-security:
      - max-age=31536000; includeSubDomains
      transfer-encoding:
      - chunked
      vary:
      - Accept-Encoding
      x-content-type-options:
      - nosniff
      x-ms-arm-service-request-id:
      - 3a1e219c-74fe-45bd-b333-63b35e340982
    status:
      code: 200
      message: OK
- request:
    body: null
    headers:
      Accept:
      - application/json
      Accept-Encoding:
      - gzip, deflate
      CommandName:
      - network vnet create
      Connection:
      - keep-alive
      ParameterSetName:
      - -g -n -l
      User-Agent:
      - python/3.7.5 (Windows-10-10.0.18362-SP0) msrest/0.6.9 msrest_azure/0.6.3 azure-mgmt-network/10.2.0
        Azure-SDK-For-Python AZURECLI/2.8.0
    method: GET
    uri: https://management.azure.com/subscriptions/00000000-0000-0000-0000-000000000000/resourceGroups/cli_test_keyvault_network_rule000001/providers/Microsoft.Network/virtualNetworks/cli-test-vnet-000009?api-version=2020-04-01
  response:
    body:
      string: "{\r\n  \"name\": \"cli-test-vnet-000009\",\r\n  \"id\": \"/subscriptions/00000000-0000-0000-0000-000000000000/resourceGroups/cli_test_keyvault_network_rule000001/providers/Microsoft.Network/virtualNetworks/cli-test-vnet-000009\",\r\n
        \ \"etag\": \"W/\\\"475361d7-6a1c-45a1-a2f3-d5690ae3924a\\\"\",\r\n  \"type\":
        \"Microsoft.Network/virtualNetworks\",\r\n  \"location\": \"eastus2\",\r\n
        \ \"tags\": {},\r\n  \"properties\": {\r\n    \"provisioningState\": \"Succeeded\",\r\n
        \   \"resourceGuid\": \"673f3b74-7aae-47a4-8e3a-383dbc121ac9\",\r\n    \"addressSpace\":
        {\r\n      \"addressPrefixes\": [\r\n        \"10.0.0.0/16\"\r\n      ]\r\n
        \   },\r\n    \"dhcpOptions\": {\r\n      \"dnsServers\": []\r\n    },\r\n
        \   \"subnets\": [],\r\n    \"virtualNetworkPeerings\": [],\r\n    \"enableDdosProtection\":
        false,\r\n    \"enableVmProtection\": false\r\n  }\r\n}"
    headers:
      cache-control:
      - no-cache
      content-length:
      - '806'
      content-type:
      - application/json; charset=utf-8
      date:
      - Tue, 30 Jun 2020 08:41:43 GMT
      etag:
      - W/"475361d7-6a1c-45a1-a2f3-d5690ae3924a"
      expires:
      - '-1'
      pragma:
      - no-cache
      server:
      - Microsoft-HTTPAPI/2.0
      - Microsoft-HTTPAPI/2.0
      strict-transport-security:
      - max-age=31536000; includeSubDomains
      transfer-encoding:
      - chunked
      vary:
      - Accept-Encoding
      x-content-type-options:
      - nosniff
      x-ms-arm-service-request-id:
      - 6858c095-5693-4469-8b74-9162f4cc6471
    status:
      code: 200
      message: OK
- request:
    body: null
    headers:
      Accept:
      - application/json
      Accept-Encoding:
      - gzip, deflate
      CommandName:
      - network vnet subnet create
      Connection:
      - keep-alive
      ParameterSetName:
      - -g --vnet-name --name --address-prefixes --service-endpoints
      User-Agent:
      - python/3.7.5 (Windows-10-10.0.18362-SP0) msrest/0.6.9 msrest_azure/0.6.3 azure-mgmt-network/10.2.0
        Azure-SDK-For-Python AZURECLI/2.8.0
      accept-language:
      - en-US
    method: GET
    uri: https://management.azure.com/subscriptions/00000000-0000-0000-0000-000000000000/resourceGroups/cli_test_keyvault_network_rule000001/providers/Microsoft.Network/virtualNetworks/cli-test-vnet-000009?api-version=2020-04-01
  response:
    body:
      string: "{\r\n  \"name\": \"cli-test-vnet-000009\",\r\n  \"id\": \"/subscriptions/00000000-0000-0000-0000-000000000000/resourceGroups/cli_test_keyvault_network_rule000001/providers/Microsoft.Network/virtualNetworks/cli-test-vnet-000009\",\r\n
        \ \"etag\": \"W/\\\"475361d7-6a1c-45a1-a2f3-d5690ae3924a\\\"\",\r\n  \"type\":
        \"Microsoft.Network/virtualNetworks\",\r\n  \"location\": \"eastus2\",\r\n
        \ \"tags\": {},\r\n  \"properties\": {\r\n    \"provisioningState\": \"Succeeded\",\r\n
        \   \"resourceGuid\": \"673f3b74-7aae-47a4-8e3a-383dbc121ac9\",\r\n    \"addressSpace\":
        {\r\n      \"addressPrefixes\": [\r\n        \"10.0.0.0/16\"\r\n      ]\r\n
        \   },\r\n    \"dhcpOptions\": {\r\n      \"dnsServers\": []\r\n    },\r\n
        \   \"subnets\": [],\r\n    \"virtualNetworkPeerings\": [],\r\n    \"enableDdosProtection\":
        false,\r\n    \"enableVmProtection\": false\r\n  }\r\n}"
    headers:
      cache-control:
      - no-cache
      content-length:
      - '806'
      content-type:
      - application/json; charset=utf-8
      date:
      - Tue, 30 Jun 2020 08:41:43 GMT
      etag:
      - W/"475361d7-6a1c-45a1-a2f3-d5690ae3924a"
      expires:
      - '-1'
      pragma:
      - no-cache
      server:
      - Microsoft-HTTPAPI/2.0
      - Microsoft-HTTPAPI/2.0
      strict-transport-security:
      - max-age=31536000; includeSubDomains
      transfer-encoding:
      - chunked
      vary:
      - Accept-Encoding
      x-content-type-options:
      - nosniff
      x-ms-arm-service-request-id:
      - f5798f8f-c5ed-480d-bf05-bfb18e795f8b
    status:
      code: 200
      message: OK
- request:
    body: 'b''{"id": "/subscriptions/00000000-0000-0000-0000-000000000000/resourceGroups/cli_test_keyvault_network_rule000001/providers/Microsoft.Network/virtualNetworks/cli-test-vnet-000009",
      "location": "eastus2", "tags": {}, "properties": {"addressSpace": {"addressPrefixes":
      ["10.0.0.0/16"]}, "dhcpOptions": {"dnsServers": []}, "subnets": [{"properties":
      {"addressPrefix": "10.0.0.0/21", "serviceEndpoints": [{"service": "Microsoft.KeyVault"}]},
      "name": "cli-test-subnet-000012"}], "virtualNetworkPeerings": [], "enableDdosProtection":
      false, "enableVmProtection": false}}'''
    headers:
      Accept:
      - application/json
      Accept-Encoding:
      - gzip, deflate
      CommandName:
      - network vnet subnet create
      Connection:
      - keep-alive
      Content-Length:
      - '607'
      Content-Type:
      - application/json; charset=utf-8
      ParameterSetName:
      - -g --vnet-name --name --address-prefixes --service-endpoints
      User-Agent:
      - python/3.7.5 (Windows-10-10.0.18362-SP0) msrest/0.6.9 msrest_azure/0.6.3 azure-mgmt-network/10.2.0
        Azure-SDK-For-Python AZURECLI/2.8.0
      accept-language:
      - en-US
    method: PUT
    uri: https://management.azure.com/subscriptions/00000000-0000-0000-0000-000000000000/resourceGroups/cli_test_keyvault_network_rule000001/providers/Microsoft.Network/virtualNetworks/cli-test-vnet-000009?api-version=2020-04-01
  response:
    body:
      string: "{\r\n  \"name\": \"cli-test-vnet-000009\",\r\n  \"id\": \"/subscriptions/00000000-0000-0000-0000-000000000000/resourceGroups/cli_test_keyvault_network_rule000001/providers/Microsoft.Network/virtualNetworks/cli-test-vnet-000009\",\r\n
        \ \"etag\": \"W/\\\"9aeea88d-3f91-42b9-a631-cf6d8b480324\\\"\",\r\n  \"type\":
        \"Microsoft.Network/virtualNetworks\",\r\n  \"location\": \"eastus2\",\r\n
        \ \"tags\": {},\r\n  \"properties\": {\r\n    \"provisioningState\": \"Updating\",\r\n
        \   \"resourceGuid\": \"673f3b74-7aae-47a4-8e3a-383dbc121ac9\",\r\n    \"addressSpace\":
        {\r\n      \"addressPrefixes\": [\r\n        \"10.0.0.0/16\"\r\n      ]\r\n
        \   },\r\n    \"dhcpOptions\": {\r\n      \"dnsServers\": []\r\n    },\r\n
        \   \"subnets\": [\r\n      {\r\n        \"name\": \"cli-test-subnet-000012\",\r\n
        \       \"id\": \"/subscriptions/00000000-0000-0000-0000-000000000000/resourceGroups/cli_test_keyvault_network_rule000001/providers/Microsoft.Network/virtualNetworks/cli-test-vnet-000009/subnets/cli-test-subnet-000012\",\r\n
        \       \"etag\": \"W/\\\"9aeea88d-3f91-42b9-a631-cf6d8b480324\\\"\",\r\n
        \       \"properties\": {\r\n          \"provisioningState\": \"Updating\",\r\n
        \         \"addressPrefix\": \"10.0.0.0/21\",\r\n          \"serviceEndpoints\":
        [\r\n            {\r\n              \"provisioningState\": \"Updating\",\r\n
        \             \"service\": \"Microsoft.KeyVault\",\r\n              \"locations\":
        [\r\n                \"*\"\r\n              ]\r\n            }\r\n          ],\r\n
        \         \"delegations\": [],\r\n          \"privateEndpointNetworkPolicies\":
        \"Enabled\",\r\n          \"privateLinkServiceNetworkPolicies\": \"Enabled\"\r\n
        \       },\r\n        \"type\": \"Microsoft.Network/virtualNetworks/subnets\"\r\n
        \     }\r\n    ],\r\n    \"virtualNetworkPeerings\": [],\r\n    \"enableDdosProtection\":
        false,\r\n    \"enableVmProtection\": false\r\n  }\r\n}"
    headers:
      azure-asyncoperation:
      - https://management.azure.com/subscriptions/00000000-0000-0000-0000-000000000000/providers/Microsoft.Network/locations/eastus2/operations/69e3cf9e-46aa-4541-a03a-4839bf434fdb?api-version=2020-04-01
      cache-control:
      - no-cache
      content-length:
      - '1770'
      content-type:
      - application/json; charset=utf-8
      date:
      - Tue, 30 Jun 2020 08:41:44 GMT
      expires:
      - '-1'
      pragma:
      - no-cache
      server:
      - Microsoft-HTTPAPI/2.0
      - Microsoft-HTTPAPI/2.0
      strict-transport-security:
      - max-age=31536000; includeSubDomains
      transfer-encoding:
      - chunked
      vary:
      - Accept-Encoding
      x-content-type-options:
      - nosniff
      x-ms-arm-service-request-id:
      - 68bee07d-1312-4a3b-ae03-a06662488c18
      x-ms-ratelimit-remaining-subscription-writes:
      - '1193'
    status:
      code: 200
      message: OK
- request:
    body: null
    headers:
      Accept:
      - application/json
      Accept-Encoding:
      - gzip, deflate
      CommandName:
      - network vnet subnet create
      Connection:
      - keep-alive
      ParameterSetName:
      - -g --vnet-name --name --address-prefixes --service-endpoints
      User-Agent:
      - python/3.7.5 (Windows-10-10.0.18362-SP0) msrest/0.6.9 msrest_azure/0.6.3 azure-mgmt-network/10.2.0
        Azure-SDK-For-Python AZURECLI/2.8.0
    method: GET
    uri: https://management.azure.com/subscriptions/00000000-0000-0000-0000-000000000000/providers/Microsoft.Network/locations/eastus2/operations/69e3cf9e-46aa-4541-a03a-4839bf434fdb?api-version=2020-04-01
  response:
    body:
      string: "{\r\n  \"status\": \"Succeeded\"\r\n}"
    headers:
      cache-control:
      - no-cache
      content-length:
      - '29'
      content-type:
      - application/json; charset=utf-8
      date:
      - Tue, 30 Jun 2020 08:41:48 GMT
      expires:
      - '-1'
      pragma:
      - no-cache
      server:
      - Microsoft-HTTPAPI/2.0
      - Microsoft-HTTPAPI/2.0
      strict-transport-security:
      - max-age=31536000; includeSubDomains
      transfer-encoding:
      - chunked
      vary:
      - Accept-Encoding
      x-content-type-options:
      - nosniff
      x-ms-arm-service-request-id:
      - 0da01b44-d236-4638-9ce1-33d12460fef1
    status:
      code: 200
      message: OK
- request:
    body: null
    headers:
      Accept:
      - application/json
      Accept-Encoding:
      - gzip, deflate
      CommandName:
      - network vnet subnet create
      Connection:
      - keep-alive
      ParameterSetName:
      - -g --vnet-name --name --address-prefixes --service-endpoints
      User-Agent:
      - python/3.7.5 (Windows-10-10.0.18362-SP0) msrest/0.6.9 msrest_azure/0.6.3 azure-mgmt-network/10.2.0
        Azure-SDK-For-Python AZURECLI/2.8.0
    method: GET
    uri: https://management.azure.com/subscriptions/00000000-0000-0000-0000-000000000000/resourceGroups/cli_test_keyvault_network_rule000001/providers/Microsoft.Network/virtualNetworks/cli-test-vnet-000009?api-version=2020-04-01
  response:
    body:
      string: "{\r\n  \"name\": \"cli-test-vnet-000009\",\r\n  \"id\": \"/subscriptions/00000000-0000-0000-0000-000000000000/resourceGroups/cli_test_keyvault_network_rule000001/providers/Microsoft.Network/virtualNetworks/cli-test-vnet-000009\",\r\n
        \ \"etag\": \"W/\\\"94082ca2-1b56-4240-815b-3bfeeb6ae1f9\\\"\",\r\n  \"type\":
        \"Microsoft.Network/virtualNetworks\",\r\n  \"location\": \"eastus2\",\r\n
        \ \"tags\": {},\r\n  \"properties\": {\r\n    \"provisioningState\": \"Succeeded\",\r\n
        \   \"resourceGuid\": \"673f3b74-7aae-47a4-8e3a-383dbc121ac9\",\r\n    \"addressSpace\":
        {\r\n      \"addressPrefixes\": [\r\n        \"10.0.0.0/16\"\r\n      ]\r\n
        \   },\r\n    \"dhcpOptions\": {\r\n      \"dnsServers\": []\r\n    },\r\n
        \   \"subnets\": [\r\n      {\r\n        \"name\": \"cli-test-subnet-000012\",\r\n
        \       \"id\": \"/subscriptions/00000000-0000-0000-0000-000000000000/resourceGroups/cli_test_keyvault_network_rule000001/providers/Microsoft.Network/virtualNetworks/cli-test-vnet-000009/subnets/cli-test-subnet-000012\",\r\n
        \       \"etag\": \"W/\\\"94082ca2-1b56-4240-815b-3bfeeb6ae1f9\\\"\",\r\n
        \       \"properties\": {\r\n          \"provisioningState\": \"Succeeded\",\r\n
        \         \"addressPrefix\": \"10.0.0.0/21\",\r\n          \"serviceEndpoints\":
        [\r\n            {\r\n              \"provisioningState\": \"Succeeded\",\r\n
        \             \"service\": \"Microsoft.KeyVault\",\r\n              \"locations\":
        [\r\n                \"*\"\r\n              ]\r\n            }\r\n          ],\r\n
        \         \"delegations\": [],\r\n          \"privateEndpointNetworkPolicies\":
        \"Enabled\",\r\n          \"privateLinkServiceNetworkPolicies\": \"Enabled\"\r\n
        \       },\r\n        \"type\": \"Microsoft.Network/virtualNetworks/subnets\"\r\n
        \     }\r\n    ],\r\n    \"virtualNetworkPeerings\": [],\r\n    \"enableDdosProtection\":
        false,\r\n    \"enableVmProtection\": false\r\n  }\r\n}"
    headers:
      cache-control:
      - no-cache
      content-length:
      - '1773'
      content-type:
      - application/json; charset=utf-8
      date:
      - Tue, 30 Jun 2020 08:41:49 GMT
      etag:
      - W/"94082ca2-1b56-4240-815b-3bfeeb6ae1f9"
      expires:
      - '-1'
      pragma:
      - no-cache
      server:
      - Microsoft-HTTPAPI/2.0
      - Microsoft-HTTPAPI/2.0
      strict-transport-security:
      - max-age=31536000; includeSubDomains
      transfer-encoding:
      - chunked
      vary:
      - Accept-Encoding
      x-content-type-options:
      - nosniff
      x-ms-arm-service-request-id:
      - e54294c2-1aef-437c-86e9-c331040d3832
    status:
      code: 200
      message: OK
- request:
    body: null
    headers:
      Accept:
      - application/json
      Accept-Encoding:
      - gzip, deflate
      CommandName:
      - network vnet subnet show
      Connection:
      - keep-alive
      ParameterSetName:
      - -g --vnet-name --name
      User-Agent:
      - python/3.7.5 (Windows-10-10.0.18362-SP0) msrest/0.6.9 msrest_azure/0.6.3 azure-mgmt-network/10.2.0
        Azure-SDK-For-Python AZURECLI/2.8.0
      accept-language:
      - en-US
    method: GET
    uri: https://management.azure.com/subscriptions/00000000-0000-0000-0000-000000000000/resourceGroups/cli_test_keyvault_network_rule000001/providers/Microsoft.Network/virtualNetworks/cli-test-vnet-000009/subnets/cli-test-subnet-000012?api-version=2020-04-01
  response:
    body:
      string: "{\r\n  \"name\": \"cli-test-subnet-000012\",\r\n  \"id\": \"/subscriptions/00000000-0000-0000-0000-000000000000/resourceGroups/cli_test_keyvault_network_rule000001/providers/Microsoft.Network/virtualNetworks/cli-test-vnet-000009/subnets/cli-test-subnet-000012\",\r\n
        \ \"etag\": \"W/\\\"94082ca2-1b56-4240-815b-3bfeeb6ae1f9\\\"\",\r\n  \"properties\":
        {\r\n    \"provisioningState\": \"Succeeded\",\r\n    \"addressPrefix\": \"10.0.0.0/21\",\r\n
        \   \"serviceEndpoints\": [\r\n      {\r\n        \"provisioningState\": \"Succeeded\",\r\n
        \       \"service\": \"Microsoft.KeyVault\",\r\n        \"locations\": [\r\n
        \         \"*\"\r\n        ]\r\n      }\r\n    ],\r\n    \"delegations\":
        [],\r\n    \"privateEndpointNetworkPolicies\": \"Enabled\",\r\n    \"privateLinkServiceNetworkPolicies\":
        \"Enabled\"\r\n  },\r\n  \"type\": \"Microsoft.Network/virtualNetworks/subnets\"\r\n}"
    headers:
      cache-control:
      - no-cache
      content-length:
      - '827'
      content-type:
      - application/json; charset=utf-8
      date:
      - Tue, 30 Jun 2020 08:41:50 GMT
      etag:
      - W/"94082ca2-1b56-4240-815b-3bfeeb6ae1f9"
      expires:
      - '-1'
      pragma:
      - no-cache
      server:
      - Microsoft-HTTPAPI/2.0
      - Microsoft-HTTPAPI/2.0
      strict-transport-security:
      - max-age=31536000; includeSubDomains
      transfer-encoding:
      - chunked
      vary:
      - Accept-Encoding
      x-content-type-options:
      - nosniff
      x-ms-arm-service-request-id:
      - 036d55fa-965e-4a43-b6fc-6fc48f7007ad
    status:
      code: 200
      message: OK
- request:
    body: '{"location": "eastus2", "tags": {}, "properties": {"addressSpace": {"addressPrefixes":
      ["10.0.0.0/16"]}, "dhcpOptions": {}}}'
    headers:
      Accept:
      - application/json
      Accept-Encoding:
      - gzip, deflate
      CommandName:
      - network vnet create
      Connection:
      - keep-alive
      Content-Length:
      - '124'
      Content-Type:
      - application/json; charset=utf-8
      ParameterSetName:
      - -g -n -l
      User-Agent:
      - python/3.7.5 (Windows-10-10.0.18362-SP0) msrest/0.6.9 msrest_azure/0.6.3 azure-mgmt-network/10.2.0
        Azure-SDK-For-Python AZURECLI/2.8.0
      accept-language:
      - en-US
    method: PUT
    uri: https://management.azure.com/subscriptions/00000000-0000-0000-0000-000000000000/resourceGroups/cli_test_keyvault_network_rule000001/providers/Microsoft.Network/virtualNetworks/cli-test-vnet-000010?api-version=2020-04-01
  response:
    body:
      string: "{\r\n  \"name\": \"cli-test-vnet-000010\",\r\n  \"id\": \"/subscriptions/00000000-0000-0000-0000-000000000000/resourceGroups/cli_test_keyvault_network_rule000001/providers/Microsoft.Network/virtualNetworks/cli-test-vnet-000010\",\r\n
        \ \"etag\": \"W/\\\"1916cd61-9a48-448d-acb8-56bc8c6b3456\\\"\",\r\n  \"type\":
        \"Microsoft.Network/virtualNetworks\",\r\n  \"location\": \"eastus2\",\r\n
        \ \"tags\": {},\r\n  \"properties\": {\r\n    \"provisioningState\": \"Updating\",\r\n
        \   \"resourceGuid\": \"10525dd8-c875-456f-b09c-0d35460ea5fb\",\r\n    \"addressSpace\":
        {\r\n      \"addressPrefixes\": [\r\n        \"10.0.0.0/16\"\r\n      ]\r\n
        \   },\r\n    \"dhcpOptions\": {\r\n      \"dnsServers\": []\r\n    },\r\n
        \   \"subnets\": [],\r\n    \"virtualNetworkPeerings\": [],\r\n    \"enableDdosProtection\":
        false,\r\n    \"enableVmProtection\": false\r\n  }\r\n}"
    headers:
      azure-asyncnotification:
      - Enabled
      azure-asyncoperation:
      - https://management.azure.com/subscriptions/00000000-0000-0000-0000-000000000000/providers/Microsoft.Network/locations/eastus2/operations/fe42d3f1-bb4c-4b4a-b2a5-87f0d420f338?api-version=2020-04-01
      cache-control:
      - no-cache
      content-length:
      - '805'
      content-type:
      - application/json; charset=utf-8
      date:
      - Tue, 30 Jun 2020 08:41:56 GMT
      expires:
      - '-1'
      pragma:
      - no-cache
      server:
      - Microsoft-HTTPAPI/2.0
      - Microsoft-HTTPAPI/2.0
      strict-transport-security:
      - max-age=31536000; includeSubDomains
      x-content-type-options:
      - nosniff
      x-ms-arm-service-request-id:
      - c454686c-3097-4ce0-91f4-4e9bbab07fec
      x-ms-ratelimit-remaining-subscription-writes:
      - '1198'
    status:
      code: 201
      message: Created
- request:
    body: null
    headers:
      Accept:
      - application/json
      Accept-Encoding:
      - gzip, deflate
      CommandName:
      - network vnet create
      Connection:
      - keep-alive
      ParameterSetName:
      - -g -n -l
      User-Agent:
      - python/3.7.5 (Windows-10-10.0.18362-SP0) msrest/0.6.9 msrest_azure/0.6.3 azure-mgmt-network/10.2.0
        Azure-SDK-For-Python AZURECLI/2.8.0
    method: GET
    uri: https://management.azure.com/subscriptions/00000000-0000-0000-0000-000000000000/providers/Microsoft.Network/locations/eastus2/operations/fe42d3f1-bb4c-4b4a-b2a5-87f0d420f338?api-version=2020-04-01
  response:
    body:
      string: "{\r\n  \"status\": \"Succeeded\"\r\n}"
    headers:
      cache-control:
      - no-cache
      content-length:
      - '29'
      content-type:
      - application/json; charset=utf-8
      date:
      - Tue, 30 Jun 2020 08:42:00 GMT
      expires:
      - '-1'
      pragma:
      - no-cache
      server:
      - Microsoft-HTTPAPI/2.0
      - Microsoft-HTTPAPI/2.0
      strict-transport-security:
      - max-age=31536000; includeSubDomains
      transfer-encoding:
      - chunked
      vary:
      - Accept-Encoding
      x-content-type-options:
      - nosniff
      x-ms-arm-service-request-id:
      - ad9f1dc6-eb6b-4156-ac23-546d06443774
    status:
      code: 200
      message: OK
- request:
    body: null
    headers:
      Accept:
      - application/json
      Accept-Encoding:
      - gzip, deflate
      CommandName:
      - network vnet create
      Connection:
      - keep-alive
      ParameterSetName:
      - -g -n -l
      User-Agent:
      - python/3.7.5 (Windows-10-10.0.18362-SP0) msrest/0.6.9 msrest_azure/0.6.3 azure-mgmt-network/10.2.0
        Azure-SDK-For-Python AZURECLI/2.8.0
    method: GET
    uri: https://management.azure.com/subscriptions/00000000-0000-0000-0000-000000000000/resourceGroups/cli_test_keyvault_network_rule000001/providers/Microsoft.Network/virtualNetworks/cli-test-vnet-000010?api-version=2020-04-01
  response:
    body:
      string: "{\r\n  \"name\": \"cli-test-vnet-000010\",\r\n  \"id\": \"/subscriptions/00000000-0000-0000-0000-000000000000/resourceGroups/cli_test_keyvault_network_rule000001/providers/Microsoft.Network/virtualNetworks/cli-test-vnet-000010\",\r\n
        \ \"etag\": \"W/\\\"280e990a-62c1-492a-b73f-6f70c8dfd79e\\\"\",\r\n  \"type\":
        \"Microsoft.Network/virtualNetworks\",\r\n  \"location\": \"eastus2\",\r\n
        \ \"tags\": {},\r\n  \"properties\": {\r\n    \"provisioningState\": \"Succeeded\",\r\n
        \   \"resourceGuid\": \"10525dd8-c875-456f-b09c-0d35460ea5fb\",\r\n    \"addressSpace\":
        {\r\n      \"addressPrefixes\": [\r\n        \"10.0.0.0/16\"\r\n      ]\r\n
        \   },\r\n    \"dhcpOptions\": {\r\n      \"dnsServers\": []\r\n    },\r\n
        \   \"subnets\": [],\r\n    \"virtualNetworkPeerings\": [],\r\n    \"enableDdosProtection\":
        false,\r\n    \"enableVmProtection\": false\r\n  }\r\n}"
    headers:
      cache-control:
      - no-cache
      content-length:
      - '806'
      content-type:
      - application/json; charset=utf-8
      date:
      - Tue, 30 Jun 2020 08:42:01 GMT
      etag:
      - W/"280e990a-62c1-492a-b73f-6f70c8dfd79e"
      expires:
      - '-1'
      pragma:
      - no-cache
      server:
      - Microsoft-HTTPAPI/2.0
      - Microsoft-HTTPAPI/2.0
      strict-transport-security:
      - max-age=31536000; includeSubDomains
      transfer-encoding:
      - chunked
      vary:
      - Accept-Encoding
      x-content-type-options:
      - nosniff
      x-ms-arm-service-request-id:
      - bbb0af22-31c8-4d68-b2cc-3a314f413d3c
    status:
      code: 200
      message: OK
- request:
    body: null
    headers:
      Accept:
      - application/json
      Accept-Encoding:
      - gzip, deflate
      CommandName:
      - network vnet subnet create
      Connection:
      - keep-alive
      ParameterSetName:
      - -g --vnet-name --name --address-prefixes --service-endpoints
      User-Agent:
      - python/3.7.5 (Windows-10-10.0.18362-SP0) msrest/0.6.9 msrest_azure/0.6.3 azure-mgmt-network/10.2.0
        Azure-SDK-For-Python AZURECLI/2.8.0
      accept-language:
      - en-US
    method: GET
    uri: https://management.azure.com/subscriptions/00000000-0000-0000-0000-000000000000/resourceGroups/cli_test_keyvault_network_rule000001/providers/Microsoft.Network/virtualNetworks/cli-test-vnet-000010?api-version=2020-04-01
  response:
    body:
      string: "{\r\n  \"name\": \"cli-test-vnet-000010\",\r\n  \"id\": \"/subscriptions/00000000-0000-0000-0000-000000000000/resourceGroups/cli_test_keyvault_network_rule000001/providers/Microsoft.Network/virtualNetworks/cli-test-vnet-000010\",\r\n
        \ \"etag\": \"W/\\\"280e990a-62c1-492a-b73f-6f70c8dfd79e\\\"\",\r\n  \"type\":
        \"Microsoft.Network/virtualNetworks\",\r\n  \"location\": \"eastus2\",\r\n
        \ \"tags\": {},\r\n  \"properties\": {\r\n    \"provisioningState\": \"Succeeded\",\r\n
        \   \"resourceGuid\": \"10525dd8-c875-456f-b09c-0d35460ea5fb\",\r\n    \"addressSpace\":
        {\r\n      \"addressPrefixes\": [\r\n        \"10.0.0.0/16\"\r\n      ]\r\n
        \   },\r\n    \"dhcpOptions\": {\r\n      \"dnsServers\": []\r\n    },\r\n
        \   \"subnets\": [],\r\n    \"virtualNetworkPeerings\": [],\r\n    \"enableDdosProtection\":
        false,\r\n    \"enableVmProtection\": false\r\n  }\r\n}"
    headers:
      cache-control:
      - no-cache
      content-length:
      - '806'
      content-type:
      - application/json; charset=utf-8
      date:
      - Tue, 30 Jun 2020 08:42:01 GMT
      etag:
      - W/"280e990a-62c1-492a-b73f-6f70c8dfd79e"
      expires:
      - '-1'
      pragma:
      - no-cache
      server:
      - Microsoft-HTTPAPI/2.0
      - Microsoft-HTTPAPI/2.0
      strict-transport-security:
      - max-age=31536000; includeSubDomains
      transfer-encoding:
      - chunked
      vary:
      - Accept-Encoding
      x-content-type-options:
      - nosniff
      x-ms-arm-service-request-id:
      - 66e951d7-9d00-4b37-a5a1-42225e813ce4
    status:
      code: 200
      message: OK
- request:
    body: 'b''{"id": "/subscriptions/00000000-0000-0000-0000-000000000000/resourceGroups/cli_test_keyvault_network_rule000001/providers/Microsoft.Network/virtualNetworks/cli-test-vnet-000010",
      "location": "eastus2", "tags": {}, "properties": {"addressSpace": {"addressPrefixes":
      ["10.0.0.0/16"]}, "dhcpOptions": {"dnsServers": []}, "subnets": [{"properties":
      {"addressPrefix": "10.0.0.0/21", "serviceEndpoints": [{"service": "Microsoft.KeyVault"}]},
      "name": "cli-test-subnet-000013"}], "virtualNetworkPeerings": [], "enableDdosProtection":
      false, "enableVmProtection": false}}'''
    headers:
      Accept:
      - application/json
      Accept-Encoding:
      - gzip, deflate
      CommandName:
      - network vnet subnet create
      Connection:
      - keep-alive
      Content-Length:
      - '607'
      Content-Type:
      - application/json; charset=utf-8
      ParameterSetName:
      - -g --vnet-name --name --address-prefixes --service-endpoints
      User-Agent:
      - python/3.7.5 (Windows-10-10.0.18362-SP0) msrest/0.6.9 msrest_azure/0.6.3 azure-mgmt-network/10.2.0
        Azure-SDK-For-Python AZURECLI/2.8.0
      accept-language:
      - en-US
    method: PUT
    uri: https://management.azure.com/subscriptions/00000000-0000-0000-0000-000000000000/resourceGroups/cli_test_keyvault_network_rule000001/providers/Microsoft.Network/virtualNetworks/cli-test-vnet-000010?api-version=2020-04-01
  response:
    body:
      string: "{\r\n  \"name\": \"cli-test-vnet-000010\",\r\n  \"id\": \"/subscriptions/00000000-0000-0000-0000-000000000000/resourceGroups/cli_test_keyvault_network_rule000001/providers/Microsoft.Network/virtualNetworks/cli-test-vnet-000010\",\r\n
        \ \"etag\": \"W/\\\"5cbc05da-12cf-46bf-ac3a-36e56a8dc34b\\\"\",\r\n  \"type\":
        \"Microsoft.Network/virtualNetworks\",\r\n  \"location\": \"eastus2\",\r\n
        \ \"tags\": {},\r\n  \"properties\": {\r\n    \"provisioningState\": \"Updating\",\r\n
        \   \"resourceGuid\": \"10525dd8-c875-456f-b09c-0d35460ea5fb\",\r\n    \"addressSpace\":
        {\r\n      \"addressPrefixes\": [\r\n        \"10.0.0.0/16\"\r\n      ]\r\n
        \   },\r\n    \"dhcpOptions\": {\r\n      \"dnsServers\": []\r\n    },\r\n
        \   \"subnets\": [\r\n      {\r\n        \"name\": \"cli-test-subnet-000013\",\r\n
        \       \"id\": \"/subscriptions/00000000-0000-0000-0000-000000000000/resourceGroups/cli_test_keyvault_network_rule000001/providers/Microsoft.Network/virtualNetworks/cli-test-vnet-000010/subnets/cli-test-subnet-000013\",\r\n
        \       \"etag\": \"W/\\\"5cbc05da-12cf-46bf-ac3a-36e56a8dc34b\\\"\",\r\n
        \       \"properties\": {\r\n          \"provisioningState\": \"Updating\",\r\n
        \         \"addressPrefix\": \"10.0.0.0/21\",\r\n          \"serviceEndpoints\":
        [\r\n            {\r\n              \"provisioningState\": \"Updating\",\r\n
        \             \"service\": \"Microsoft.KeyVault\",\r\n              \"locations\":
        [\r\n                \"*\"\r\n              ]\r\n            }\r\n          ],\r\n
        \         \"delegations\": [],\r\n          \"privateEndpointNetworkPolicies\":
        \"Enabled\",\r\n          \"privateLinkServiceNetworkPolicies\": \"Enabled\"\r\n
        \       },\r\n        \"type\": \"Microsoft.Network/virtualNetworks/subnets\"\r\n
        \     }\r\n    ],\r\n    \"virtualNetworkPeerings\": [],\r\n    \"enableDdosProtection\":
        false,\r\n    \"enableVmProtection\": false\r\n  }\r\n}"
    headers:
      azure-asyncoperation:
      - https://management.azure.com/subscriptions/00000000-0000-0000-0000-000000000000/providers/Microsoft.Network/locations/eastus2/operations/c807df7f-6919-4682-a6a6-b2eab459a2cd?api-version=2020-04-01
      cache-control:
      - no-cache
      content-length:
      - '1770'
      content-type:
      - application/json; charset=utf-8
      date:
      - Tue, 30 Jun 2020 08:42:02 GMT
      expires:
      - '-1'
      pragma:
      - no-cache
      server:
      - Microsoft-HTTPAPI/2.0
      - Microsoft-HTTPAPI/2.0
      strict-transport-security:
      - max-age=31536000; includeSubDomains
      transfer-encoding:
      - chunked
      vary:
      - Accept-Encoding
      x-content-type-options:
      - nosniff
      x-ms-arm-service-request-id:
      - 8278b4d4-92c5-47df-92c4-9f589493ab39
      x-ms-ratelimit-remaining-subscription-writes:
      - '1192'
    status:
      code: 200
      message: OK
- request:
    body: null
    headers:
      Accept:
      - application/json
      Accept-Encoding:
      - gzip, deflate
      CommandName:
      - network vnet subnet create
      Connection:
      - keep-alive
      ParameterSetName:
      - -g --vnet-name --name --address-prefixes --service-endpoints
      User-Agent:
      - python/3.7.5 (Windows-10-10.0.18362-SP0) msrest/0.6.9 msrest_azure/0.6.3 azure-mgmt-network/10.2.0
        Azure-SDK-For-Python AZURECLI/2.8.0
    method: GET
    uri: https://management.azure.com/subscriptions/00000000-0000-0000-0000-000000000000/providers/Microsoft.Network/locations/eastus2/operations/c807df7f-6919-4682-a6a6-b2eab459a2cd?api-version=2020-04-01
  response:
    body:
      string: "{\r\n  \"status\": \"Succeeded\"\r\n}"
    headers:
      cache-control:
      - no-cache
      content-length:
      - '29'
      content-type:
      - application/json; charset=utf-8
      date:
      - Tue, 30 Jun 2020 08:42:06 GMT
      expires:
      - '-1'
      pragma:
      - no-cache
      server:
      - Microsoft-HTTPAPI/2.0
      - Microsoft-HTTPAPI/2.0
      strict-transport-security:
      - max-age=31536000; includeSubDomains
      transfer-encoding:
      - chunked
      vary:
      - Accept-Encoding
      x-content-type-options:
      - nosniff
      x-ms-arm-service-request-id:
      - 423bc19d-fa30-4420-beef-3fbbf67770f4
    status:
      code: 200
      message: OK
- request:
    body: null
    headers:
      Accept:
      - application/json
      Accept-Encoding:
      - gzip, deflate
      CommandName:
      - network vnet subnet create
      Connection:
      - keep-alive
      ParameterSetName:
      - -g --vnet-name --name --address-prefixes --service-endpoints
      User-Agent:
      - python/3.7.5 (Windows-10-10.0.18362-SP0) msrest/0.6.9 msrest_azure/0.6.3 azure-mgmt-network/10.2.0
        Azure-SDK-For-Python AZURECLI/2.8.0
    method: GET
    uri: https://management.azure.com/subscriptions/00000000-0000-0000-0000-000000000000/resourceGroups/cli_test_keyvault_network_rule000001/providers/Microsoft.Network/virtualNetworks/cli-test-vnet-000010?api-version=2020-04-01
  response:
    body:
      string: "{\r\n  \"name\": \"cli-test-vnet-000010\",\r\n  \"id\": \"/subscriptions/00000000-0000-0000-0000-000000000000/resourceGroups/cli_test_keyvault_network_rule000001/providers/Microsoft.Network/virtualNetworks/cli-test-vnet-000010\",\r\n
        \ \"etag\": \"W/\\\"6da07bd1-9c4b-4079-ac7f-19df26839a11\\\"\",\r\n  \"type\":
        \"Microsoft.Network/virtualNetworks\",\r\n  \"location\": \"eastus2\",\r\n
        \ \"tags\": {},\r\n  \"properties\": {\r\n    \"provisioningState\": \"Succeeded\",\r\n
        \   \"resourceGuid\": \"10525dd8-c875-456f-b09c-0d35460ea5fb\",\r\n    \"addressSpace\":
        {\r\n      \"addressPrefixes\": [\r\n        \"10.0.0.0/16\"\r\n      ]\r\n
        \   },\r\n    \"dhcpOptions\": {\r\n      \"dnsServers\": []\r\n    },\r\n
        \   \"subnets\": [\r\n      {\r\n        \"name\": \"cli-test-subnet-000013\",\r\n
        \       \"id\": \"/subscriptions/00000000-0000-0000-0000-000000000000/resourceGroups/cli_test_keyvault_network_rule000001/providers/Microsoft.Network/virtualNetworks/cli-test-vnet-000010/subnets/cli-test-subnet-000013\",\r\n
        \       \"etag\": \"W/\\\"6da07bd1-9c4b-4079-ac7f-19df26839a11\\\"\",\r\n
        \       \"properties\": {\r\n          \"provisioningState\": \"Succeeded\",\r\n
        \         \"addressPrefix\": \"10.0.0.0/21\",\r\n          \"serviceEndpoints\":
        [\r\n            {\r\n              \"provisioningState\": \"Succeeded\",\r\n
        \             \"service\": \"Microsoft.KeyVault\",\r\n              \"locations\":
        [\r\n                \"*\"\r\n              ]\r\n            }\r\n          ],\r\n
        \         \"delegations\": [],\r\n          \"privateEndpointNetworkPolicies\":
        \"Enabled\",\r\n          \"privateLinkServiceNetworkPolicies\": \"Enabled\"\r\n
        \       },\r\n        \"type\": \"Microsoft.Network/virtualNetworks/subnets\"\r\n
        \     }\r\n    ],\r\n    \"virtualNetworkPeerings\": [],\r\n    \"enableDdosProtection\":
        false,\r\n    \"enableVmProtection\": false\r\n  }\r\n}"
    headers:
      cache-control:
      - no-cache
      content-length:
      - '1773'
      content-type:
      - application/json; charset=utf-8
      date:
      - Tue, 30 Jun 2020 08:42:07 GMT
      etag:
      - W/"6da07bd1-9c4b-4079-ac7f-19df26839a11"
      expires:
      - '-1'
      pragma:
      - no-cache
      server:
      - Microsoft-HTTPAPI/2.0
      - Microsoft-HTTPAPI/2.0
      strict-transport-security:
      - max-age=31536000; includeSubDomains
      transfer-encoding:
      - chunked
      vary:
      - Accept-Encoding
      x-content-type-options:
      - nosniff
      x-ms-arm-service-request-id:
      - d29b9f39-b471-444d-975c-8f7f30cd8584
    status:
      code: 200
      message: OK
- request:
    body: null
    headers:
      Accept:
      - application/json
      Accept-Encoding:
      - gzip, deflate
      CommandName:
      - network vnet subnet show
      Connection:
      - keep-alive
      ParameterSetName:
      - -g --vnet-name --name
      User-Agent:
      - python/3.7.5 (Windows-10-10.0.18362-SP0) msrest/0.6.9 msrest_azure/0.6.3 azure-mgmt-network/10.2.0
        Azure-SDK-For-Python AZURECLI/2.8.0
      accept-language:
      - en-US
    method: GET
    uri: https://management.azure.com/subscriptions/00000000-0000-0000-0000-000000000000/resourceGroups/cli_test_keyvault_network_rule000001/providers/Microsoft.Network/virtualNetworks/cli-test-vnet-000010/subnets/cli-test-subnet-000013?api-version=2020-04-01
  response:
    body:
      string: "{\r\n  \"name\": \"cli-test-subnet-000013\",\r\n  \"id\": \"/subscriptions/00000000-0000-0000-0000-000000000000/resourceGroups/cli_test_keyvault_network_rule000001/providers/Microsoft.Network/virtualNetworks/cli-test-vnet-000010/subnets/cli-test-subnet-000013\",\r\n
        \ \"etag\": \"W/\\\"6da07bd1-9c4b-4079-ac7f-19df26839a11\\\"\",\r\n  \"properties\":
        {\r\n    \"provisioningState\": \"Succeeded\",\r\n    \"addressPrefix\": \"10.0.0.0/21\",\r\n
        \   \"serviceEndpoints\": [\r\n      {\r\n        \"provisioningState\": \"Succeeded\",\r\n
        \       \"service\": \"Microsoft.KeyVault\",\r\n        \"locations\": [\r\n
        \         \"*\"\r\n        ]\r\n      }\r\n    ],\r\n    \"delegations\":
        [],\r\n    \"privateEndpointNetworkPolicies\": \"Enabled\",\r\n    \"privateLinkServiceNetworkPolicies\":
        \"Enabled\"\r\n  },\r\n  \"type\": \"Microsoft.Network/virtualNetworks/subnets\"\r\n}"
    headers:
      cache-control:
      - no-cache
      content-length:
      - '827'
      content-type:
      - application/json; charset=utf-8
      date:
      - Tue, 30 Jun 2020 08:42:08 GMT
      etag:
      - W/"6da07bd1-9c4b-4079-ac7f-19df26839a11"
      expires:
      - '-1'
      pragma:
      - no-cache
      server:
      - Microsoft-HTTPAPI/2.0
      - Microsoft-HTTPAPI/2.0
      strict-transport-security:
      - max-age=31536000; includeSubDomains
      transfer-encoding:
      - chunked
      vary:
      - Accept-Encoding
      x-content-type-options:
      - nosniff
      x-ms-arm-service-request-id:
      - e8e7df52-862c-40d1-9878-342ae80f3a47
    status:
      code: 200
      message: OK
- request:
    body: null
    headers:
      Accept:
      - application/json
      Accept-Encoding:
      - gzip, deflate
      Connection:
      - keep-alive
      User-Agent:
      - python/3.7.5 (Windows-10-10.0.18362-SP0) msrest/0.6.9 msrest_azure/0.6.3 azure-graphrbac/0.60.0
        Azure-SDK-For-Python
      accept-language:
      - en-US
    method: GET
    uri: https://graph.windows.net/00000000-0000-0000-0000-000000000000/me?api-version=1.6
  response:
    body:
      string: '{"odata.metadata":"https://graph.windows.net/00000000-0000-0000-0000-000000000000/$metadata#directoryObjects/@Element","odata.type":"Microsoft.DirectoryServices.User","objectType":"User","objectId":"9ac02ab3-5061-4ec6-a3d8-2cdaa5f29efa","deletionTimestamp":null,"accountEnabled":true,"ageGroup":null,"assignedLicenses":[],"assignedPlans":[],"city":null,"companyName":null,"consentProvidedForMinor":null,"country":null,"createdDateTime":"2019-10-21T06:37:42Z","creationType":"Invitation","department":null,"dirSyncEnabled":null,"displayName":"Bin
        Ma","employeeId":null,"facsimileTelephoneNumber":null,"givenName":null,"immutableId":null,"isCompromised":null,"jobTitle":null,"lastDirSyncTime":null,"legalAgeGroupClassification":null,"mail":"bim@microsoft.com","mailNickname":"bim_microsoft.com#EXT#","mobile":null,"onPremisesDistinguishedName":null,"onPremisesSecurityIdentifier":null,"otherMails":["bim@microsoft.com"],"passwordPolicies":null,"passwordProfile":null,"physicalDeliveryOfficeName":null,"postalCode":null,"preferredLanguage":null,"provisionedPlans":[],"provisioningErrors":[],"proxyAddresses":["SMTP:bim@microsoft.com"],"refreshTokensValidFromDateTime":"2019-10-21T06:37:41Z","showInAddressList":false,"signInNames":[],"sipProxyAddress":null,"state":null,"streetAddress":null,"surname":null,"telephoneNumber":null,"thumbnailPhoto@odata.mediaEditLink":"directoryObjects/9ac02ab3-5061-4ec6-a3d8-2cdaa5f29efa/Microsoft.DirectoryServices.User/thumbnailPhoto","usageLocation":null,"userIdentities":[],"userPrincipalName":"bim_microsoft.com#EXT#@AzureSDKTeam.onmicrosoft.com","userState":"Accepted","userStateChangedOn":"2019-10-21T06:39:35Z","userType":"Guest"}'
    headers:
      access-control-allow-origin:
      - '*'
      cache-control:
      - no-cache
      content-length:
      - '1668'
      content-type:
      - application/json; odata=minimalmetadata; streaming=true; charset=utf-8
      dataserviceversion:
      - 3.0;
      date:
      - Tue, 30 Jun 2020 08:42:10 GMT
      duration:
      - '2611818'
      expires:
      - '-1'
      ocp-aad-diagnostics-server-name:
      - ECnGKEGeuaafsRxeKjOa27lTV+ozrnZCzhx+IsrelBc=
      ocp-aad-session-key:
      - HCRIKryZ-7d4Ah8G_1dlse_F06BkqrJPolWbj-ONHZGT7n-hg8AmeNmrVfv1W5H51BNvxOwryLY8rw4VcwzJDTq_07WERsLU6s5NyAlhUpEO5VQ4CGg_5H0Mmni1FT21.UQFNoB10D4woIowGcDFKyit-EBHzPHKVafQd_Gbxcg4
      pragma:
      - no-cache
      request-id:
      - 13c35b1d-6662-4f64-960b-03601b13ba85
      strict-transport-security:
      - max-age=31536000; includeSubDomains
      x-aad-resource-unit:
      - '1'
      x-aspnet-version:
      - 4.0.30319
      x-ms-dirapi-data-contract-version:
      - '1.6'
      x-powered-by:
      - ASP.NET
    status:
      code: 200
      message: OK
- request:
    body: 'b''{"location": "eastus2", "properties": {"tenantId": "54826b22-38d6-4fb2-bad9-b7b93a3e9c5a",
      "sku": {"family": "A", "name": "standard"}, "accessPolicies": [{"tenantId":
      "54826b22-38d6-4fb2-bad9-b7b93a3e9c5a", "objectId": "9ac02ab3-5061-4ec6-a3d8-2cdaa5f29efa",
      "permissions": {"keys": ["get", "create", "delete", "list", "update", "import",
      "backup", "restore", "recover"], "secrets": ["get", "list", "set", "delete",
      "backup", "restore", "recover"], "certificates": ["get", "list", "delete", "create",
      "import", "update", "managecontacts", "getissuers", "listissuers", "setissuers",
      "deleteissuers", "manageissuers", "recover"], "storage": ["get", "list", "delete",
      "set", "update", "regeneratekey", "setsas", "listsas", "getsas", "deletesas"]}}],
      "softDeleteRetentionInDays": 90, "networkAcls": {"bypass": "AzureServices",
      "defaultAction": "Allow", "ipRules": [{"value": "3.4.5.0/24"}, {"value": "4.5.0.0/16"}],
      "virtualNetworkRules": [{"id": "/subscriptions/00000000-0000-0000-0000-000000000000/resourcegroups/cli_test_keyvault_network_rule000001/providers/microsoft.network/virtualnetworks/cli-test-vnet-000009/subnets/cli-test-subnet-000012"},
      {"id": "/subscriptions/00000000-0000-0000-0000-000000000000/resourceGroups/cli_test_keyvault_network_rule000001/providers/Microsoft.Network/virtualNetworks/cli-test-vnet-000010/subnets/cli-test-subnet-000013"}]}}}'''
    headers:
      Accept:
      - application/json
      Accept-Encoding:
      - gzip, deflate
      CommandName:
      - keyvault create
      Connection:
      - keep-alive
      Content-Length:
      - '1450'
      Content-Type:
      - application/json
      ParameterSetName:
      - -n -l -g --network-acls-ips --network-acls-vnets
      User-Agent:
      - AZURECLI/2.8.0 azsdk-python-azure-mgmt-keyvault/7.0.0b1 Python/3.7.5 (Windows-10-10.0.18362-SP0)
    method: PUT
    uri: https://management.azure.com/subscriptions/00000000-0000-0000-0000-000000000000/resourceGroups/cli_test_keyvault_network_rule000001/providers/Microsoft.KeyVault/vaults/cli-test-kv-nr-000005?api-version=2019-09-01
  response:
    body:
      string: '{"id":"/subscriptions/00000000-0000-0000-0000-000000000000/resourceGroups/cli_test_keyvault_network_rule000001/providers/Microsoft.KeyVault/vaults/cli-test-kv-nr-000005","name":"cli-test-kv-nr-000005","type":"Microsoft.KeyVault/vaults","location":"eastus2","tags":{},"properties":{"sku":{"family":"A","name":"standard"},"tenantId":"54826b22-38d6-4fb2-bad9-b7b93a3e9c5a","networkAcls":{"bypass":"AzureServices","defaultAction":"Allow","ipRules":[{"value":"3.4.5.0/24"},{"value":"4.5.0.0/16"}],"virtualNetworkRules":[{"id":"/subscriptions/00000000-0000-0000-0000-000000000000/resourcegroups/cli_test_keyvault_network_rule000001/providers/microsoft.network/virtualnetworks/cli-test-vnet-000009/subnets/cli-test-subnet-000012"},{"id":"/subscriptions/00000000-0000-0000-0000-000000000000/resourcegroups/cli_test_keyvault_network_rule000001/providers/microsoft.network/virtualnetworks/cli-test-vnet-000010/subnets/cli-test-subnet-000013"}]},"accessPolicies":[{"tenantId":"54826b22-38d6-4fb2-bad9-b7b93a3e9c5a","objectId":"9ac02ab3-5061-4ec6-a3d8-2cdaa5f29efa","permissions":{"keys":["get","create","delete","list","update","import","backup","restore","recover"],"secrets":["get","list","set","delete","backup","restore","recover"],"certificates":["get","list","delete","create","import","update","managecontacts","getissuers","listissuers","setissuers","deleteissuers","manageissuers","recover"],"storage":["get","list","delete","set","update","regeneratekey","setsas","listsas","getsas","deletesas"]}}],"enabledForDeployment":false,"enableSoftDelete":true,"softDeleteRetentionInDays":90,"vaultUri":"https://cli-test-kv-nr-000005.vault.azure.net","provisioningState":"RegisteringDns"}}'
    headers:
      cache-control:
      - no-cache
      content-length:
      - '1817'
      content-type:
      - application/json; charset=utf-8
      date:
      - Tue, 30 Jun 2020 08:42:17 GMT
      expires:
      - '-1'
      pragma:
      - no-cache
      server:
      - Microsoft-IIS/10.0
      strict-transport-security:
      - max-age=31536000; includeSubDomains
      transfer-encoding:
      - chunked
      vary:
      - Accept-Encoding
      x-aspnet-version:
      - 4.0.30319
      x-content-type-options:
      - nosniff
      x-ms-keyvault-service-version:
      - 1.1.0.282
      x-ms-ratelimit-remaining-subscription-writes:
      - '1196'
      x-powered-by:
      - ASP.NET
    status:
      code: 200
      message: OK
- request:
    body: null
    headers:
      Accept:
      - '*/*'
      Accept-Encoding:
      - gzip, deflate
      CommandName:
      - keyvault create
      Connection:
      - keep-alive
      ParameterSetName:
      - -n -l -g --network-acls-ips --network-acls-vnets
      User-Agent:
      - AZURECLI/2.8.0 azsdk-python-azure-mgmt-keyvault/7.0.0b1 Python/3.7.5 (Windows-10-10.0.18362-SP0)
    method: GET
    uri: https://management.azure.com/subscriptions/00000000-0000-0000-0000-000000000000/resourceGroups/cli_test_keyvault_network_rule000001/providers/Microsoft.KeyVault/vaults/cli-test-kv-nr-000005?api-version=2019-09-01
  response:
    body:
      string: '{"id":"/subscriptions/00000000-0000-0000-0000-000000000000/resourceGroups/cli_test_keyvault_network_rule000001/providers/Microsoft.KeyVault/vaults/cli-test-kv-nr-000005","name":"cli-test-kv-nr-000005","type":"Microsoft.KeyVault/vaults","location":"eastus2","tags":{},"properties":{"sku":{"family":"A","name":"standard"},"tenantId":"54826b22-38d6-4fb2-bad9-b7b93a3e9c5a","networkAcls":{"bypass":"AzureServices","defaultAction":"Allow","ipRules":[{"value":"3.4.5.0/24"},{"value":"4.5.0.0/16"}],"virtualNetworkRules":[{"id":"/subscriptions/00000000-0000-0000-0000-000000000000/resourcegroups/cli_test_keyvault_network_rule000001/providers/microsoft.network/virtualnetworks/cli-test-vnet-000009/subnets/cli-test-subnet-000012"},{"id":"/subscriptions/00000000-0000-0000-0000-000000000000/resourcegroups/cli_test_keyvault_network_rule000001/providers/microsoft.network/virtualnetworks/cli-test-vnet-000010/subnets/cli-test-subnet-000013"}]},"accessPolicies":[{"tenantId":"54826b22-38d6-4fb2-bad9-b7b93a3e9c5a","objectId":"9ac02ab3-5061-4ec6-a3d8-2cdaa5f29efa","permissions":{"keys":["get","create","delete","list","update","import","backup","restore","recover"],"secrets":["get","list","set","delete","backup","restore","recover"],"certificates":["get","list","delete","create","import","update","managecontacts","getissuers","listissuers","setissuers","deleteissuers","manageissuers","recover"],"storage":["get","list","delete","set","update","regeneratekey","setsas","listsas","getsas","deletesas"]}}],"enabledForDeployment":false,"enableSoftDelete":true,"softDeleteRetentionInDays":90,"vaultUri":"https://cli-test-kv-nr-000005.vault.azure.net/","provisioningState":"Succeeded"}}'
    headers:
      cache-control:
      - no-cache
      content-length:
      - '1813'
      content-type:
      - application/json; charset=utf-8
      date:
      - Tue, 30 Jun 2020 08:42:47 GMT
      expires:
      - '-1'
      pragma:
      - no-cache
      server:
      - Microsoft-IIS/10.0
      strict-transport-security:
      - max-age=31536000; includeSubDomains
      transfer-encoding:
      - chunked
      vary:
      - Accept-Encoding
      x-aspnet-version:
      - 4.0.30319
      x-content-type-options:
      - nosniff
      x-ms-keyvault-service-version:
      - 1.1.0.282
      x-powered-by:
      - ASP.NET
    status:
      code: 200
      message: OK
- request:
    body: null
    headers:
      Accept:
      - application/json
      Accept-Encoding:
      - gzip, deflate
      Connection:
      - keep-alive
      User-Agent:
      - python/3.7.5 (Windows-10-10.0.18362-SP0) msrest/0.6.9 msrest_azure/0.6.3 azure-graphrbac/0.60.0
        Azure-SDK-For-Python
      accept-language:
      - en-US
    method: GET
    uri: https://graph.windows.net/00000000-0000-0000-0000-000000000000/me?api-version=1.6
  response:
    body:
      string: '{"odata.metadata":"https://graph.windows.net/00000000-0000-0000-0000-000000000000/$metadata#directoryObjects/@Element","odata.type":"Microsoft.DirectoryServices.User","objectType":"User","objectId":"9ac02ab3-5061-4ec6-a3d8-2cdaa5f29efa","deletionTimestamp":null,"accountEnabled":true,"ageGroup":null,"assignedLicenses":[],"assignedPlans":[],"city":null,"companyName":null,"consentProvidedForMinor":null,"country":null,"createdDateTime":"2019-10-21T06:37:42Z","creationType":"Invitation","department":null,"dirSyncEnabled":null,"displayName":"Bin
        Ma","employeeId":null,"facsimileTelephoneNumber":null,"givenName":null,"immutableId":null,"isCompromised":null,"jobTitle":null,"lastDirSyncTime":null,"legalAgeGroupClassification":null,"mail":"bim@microsoft.com","mailNickname":"bim_microsoft.com#EXT#","mobile":null,"onPremisesDistinguishedName":null,"onPremisesSecurityIdentifier":null,"otherMails":["bim@microsoft.com"],"passwordPolicies":null,"passwordProfile":null,"physicalDeliveryOfficeName":null,"postalCode":null,"preferredLanguage":null,"provisionedPlans":[],"provisioningErrors":[],"proxyAddresses":["SMTP:bim@microsoft.com"],"refreshTokensValidFromDateTime":"2019-10-21T06:37:41Z","showInAddressList":false,"signInNames":[],"sipProxyAddress":null,"state":null,"streetAddress":null,"surname":null,"telephoneNumber":null,"thumbnailPhoto@odata.mediaEditLink":"directoryObjects/9ac02ab3-5061-4ec6-a3d8-2cdaa5f29efa/Microsoft.DirectoryServices.User/thumbnailPhoto","usageLocation":null,"userIdentities":[],"userPrincipalName":"bim_microsoft.com#EXT#@AzureSDKTeam.onmicrosoft.com","userState":"Accepted","userStateChangedOn":"2019-10-21T06:39:35Z","userType":"Guest"}'
    headers:
      access-control-allow-origin:
      - '*'
      cache-control:
      - no-cache
      content-length:
      - '1668'
      content-type:
      - application/json; odata=minimalmetadata; streaming=true; charset=utf-8
      dataserviceversion:
      - 3.0;
      date:
      - Tue, 30 Jun 2020 08:42:49 GMT
      duration:
      - '2379394'
      expires:
      - '-1'
      ocp-aad-diagnostics-server-name:
      - pzL7MYz+13rwz6dcagI+grmERaSlcZRkvSrlIzhV0Hw=
      ocp-aad-session-key:
      - 4YvVB5ezE3_JpfkJ-A5zdJ0CiP2gfEoT9mvFEdWzFl9_A70ryjaFqqV0eHJCt0nEcW9WZJR5PzO5UxOmDzbSW1R1mOix6soog30h-kjGXbXH_caqDqKjvjThhs8Ld8nZ.dg_Wn7TiYlFUgu-mRVqW9GGjcunPFagPmsg0rSziPBM
      pragma:
      - no-cache
      request-id:
      - aafa47b6-f06d-4d93-8bbd-37dc6c97eac8
      strict-transport-security:
      - max-age=31536000; includeSubDomains
      x-aad-resource-unit:
      - '1'
      x-aspnet-version:
      - 4.0.30319
      x-ms-dirapi-data-contract-version:
      - '1.6'
      x-powered-by:
      - ASP.NET
    status:
      code: 200
      message: OK
- request:
    body: 'b''{"location": "eastus2", "properties": {"tenantId": "54826b22-38d6-4fb2-bad9-b7b93a3e9c5a",
      "sku": {"family": "A", "name": "standard"}, "accessPolicies": [{"tenantId":
      "54826b22-38d6-4fb2-bad9-b7b93a3e9c5a", "objectId": "9ac02ab3-5061-4ec6-a3d8-2cdaa5f29efa",
      "permissions": {"keys": ["get", "create", "delete", "list", "update", "import",
      "backup", "restore", "recover"], "secrets": ["get", "list", "set", "delete",
      "backup", "restore", "recover"], "certificates": ["get", "list", "delete", "create",
      "import", "update", "managecontacts", "getissuers", "listissuers", "setissuers",
      "deleteissuers", "manageissuers", "recover"], "storage": ["get", "list", "delete",
      "set", "update", "regeneratekey", "setsas", "listsas", "getsas", "deletesas"]}}],
      "softDeleteRetentionInDays": 90, "networkAcls": {"bypass": "AzureServices",
      "defaultAction": "Allow", "ipRules": [{"value": "1.2.3.4/32"}, {"value": "2.3.4.0/24"},
      {"value": "3.4.5.0/24"}, {"value": "4.5.0.0/16"}], "virtualNetworkRules": [{"id":
      "/subscriptions/00000000-0000-0000-0000-000000000000/resourcegroups/cli_test_keyvault_network_rule000001/providers/microsoft.network/virtualnetworks/cli-test-vnet-000008/subnets/cli-test-subnet-000011"},
      {"id": "/subscriptions/00000000-0000-0000-0000-000000000000/resourcegroups/cli_test_keyvault_network_rule000001/providers/microsoft.network/virtualnetworks/cli-test-vnet-000009/subnets/cli-test-subnet-000012"},
      {"id": "/subscriptions/00000000-0000-0000-0000-000000000000/resourceGroups/cli_test_keyvault_network_rule000001/providers/Microsoft.Network/virtualNetworks/cli-test-vnet-000010/subnets/cli-test-subnet-000013"}]}}}'''
    headers:
      Accept:
      - application/json
      Accept-Encoding:
      - gzip, deflate
      CommandName:
      - keyvault create
      Connection:
      - keep-alive
      Content-Length:
      - '1756'
      Content-Type:
      - application/json
      ParameterSetName:
      - -n -l -g --network-acls --network-acls-ips --network-acls-vnets
      User-Agent:
      - AZURECLI/2.8.0 azsdk-python-azure-mgmt-keyvault/7.0.0b1 Python/3.7.5 (Windows-10-10.0.18362-SP0)
    method: PUT
    uri: https://management.azure.com/subscriptions/00000000-0000-0000-0000-000000000000/resourceGroups/cli_test_keyvault_network_rule000001/providers/Microsoft.KeyVault/vaults/cli-test-kv-nr-000006?api-version=2019-09-01
  response:
    body:
      string: '{"id":"/subscriptions/00000000-0000-0000-0000-000000000000/resourceGroups/cli_test_keyvault_network_rule000001/providers/Microsoft.KeyVault/vaults/cli-test-kv-nr-000006","name":"cli-test-kv-nr-000006","type":"Microsoft.KeyVault/vaults","location":"eastus2","tags":{},"properties":{"sku":{"family":"A","name":"standard"},"tenantId":"54826b22-38d6-4fb2-bad9-b7b93a3e9c5a","networkAcls":{"bypass":"AzureServices","defaultAction":"Allow","ipRules":[{"value":"1.2.3.4/32"},{"value":"2.3.4.0/24"},{"value":"3.4.5.0/24"},{"value":"4.5.0.0/16"}],"virtualNetworkRules":[{"id":"/subscriptions/00000000-0000-0000-0000-000000000000/resourcegroups/cli_test_keyvault_network_rule000001/providers/microsoft.network/virtualnetworks/cli-test-vnet-000008/subnets/cli-test-subnet-000011"},{"id":"/subscriptions/00000000-0000-0000-0000-000000000000/resourcegroups/cli_test_keyvault_network_rule000001/providers/microsoft.network/virtualnetworks/cli-test-vnet-000009/subnets/cli-test-subnet-000012"},{"id":"/subscriptions/00000000-0000-0000-0000-000000000000/resourcegroups/cli_test_keyvault_network_rule000001/providers/microsoft.network/virtualnetworks/cli-test-vnet-000010/subnets/cli-test-subnet-000013"}]},"accessPolicies":[{"tenantId":"54826b22-38d6-4fb2-bad9-b7b93a3e9c5a","objectId":"9ac02ab3-5061-4ec6-a3d8-2cdaa5f29efa","permissions":{"keys":["get","create","delete","list","update","import","backup","restore","recover"],"secrets":["get","list","set","delete","backup","restore","recover"],"certificates":["get","list","delete","create","import","update","managecontacts","getissuers","listissuers","setissuers","deleteissuers","manageissuers","recover"],"storage":["get","list","delete","set","update","regeneratekey","setsas","listsas","getsas","deletesas"]}}],"enabledForDeployment":false,"enableSoftDelete":true,"softDeleteRetentionInDays":90,"vaultUri":"https://cli-test-kv-nr-000006.vault.azure.net","provisioningState":"RegisteringDns"}}'
    headers:
      cache-control:
      - no-cache
      content-length:
      - '2117'
      content-type:
      - application/json; charset=utf-8
      date:
      - Tue, 30 Jun 2020 08:42:58 GMT
      expires:
      - '-1'
      pragma:
      - no-cache
      server:
      - Microsoft-IIS/10.0
      strict-transport-security:
      - max-age=31536000; includeSubDomains
      transfer-encoding:
      - chunked
      vary:
      - Accept-Encoding
      x-aspnet-version:
      - 4.0.30319
      x-content-type-options:
      - nosniff
      x-ms-keyvault-service-version:
      - 1.1.0.282
      x-ms-ratelimit-remaining-subscription-writes:
      - '1191'
      x-powered-by:
      - ASP.NET
    status:
      code: 200
      message: OK
- request:
    body: null
    headers:
      Accept:
      - '*/*'
      Accept-Encoding:
      - gzip, deflate
      CommandName:
      - keyvault create
      Connection:
      - keep-alive
      ParameterSetName:
      - -n -l -g --network-acls --network-acls-ips --network-acls-vnets
      User-Agent:
      - AZURECLI/2.8.0 azsdk-python-azure-mgmt-keyvault/7.0.0b1 Python/3.7.5 (Windows-10-10.0.18362-SP0)
    method: GET
    uri: https://management.azure.com/subscriptions/00000000-0000-0000-0000-000000000000/resourceGroups/cli_test_keyvault_network_rule000001/providers/Microsoft.KeyVault/vaults/cli-test-kv-nr-000006?api-version=2019-09-01
  response:
    body:
      string: '{"id":"/subscriptions/00000000-0000-0000-0000-000000000000/resourceGroups/cli_test_keyvault_network_rule000001/providers/Microsoft.KeyVault/vaults/cli-test-kv-nr-000006","name":"cli-test-kv-nr-000006","type":"Microsoft.KeyVault/vaults","location":"eastus2","tags":{},"properties":{"sku":{"family":"A","name":"standard"},"tenantId":"54826b22-38d6-4fb2-bad9-b7b93a3e9c5a","networkAcls":{"bypass":"AzureServices","defaultAction":"Allow","ipRules":[{"value":"1.2.3.4/32"},{"value":"2.3.4.0/24"},{"value":"3.4.5.0/24"},{"value":"4.5.0.0/16"}],"virtualNetworkRules":[{"id":"/subscriptions/00000000-0000-0000-0000-000000000000/resourcegroups/cli_test_keyvault_network_rule000001/providers/microsoft.network/virtualnetworks/cli-test-vnet-000008/subnets/cli-test-subnet-000011"},{"id":"/subscriptions/00000000-0000-0000-0000-000000000000/resourcegroups/cli_test_keyvault_network_rule000001/providers/microsoft.network/virtualnetworks/cli-test-vnet-000009/subnets/cli-test-subnet-000012"},{"id":"/subscriptions/00000000-0000-0000-0000-000000000000/resourcegroups/cli_test_keyvault_network_rule000001/providers/microsoft.network/virtualnetworks/cli-test-vnet-000010/subnets/cli-test-subnet-000013"}]},"accessPolicies":[{"tenantId":"54826b22-38d6-4fb2-bad9-b7b93a3e9c5a","objectId":"9ac02ab3-5061-4ec6-a3d8-2cdaa5f29efa","permissions":{"keys":["get","create","delete","list","update","import","backup","restore","recover"],"secrets":["get","list","set","delete","backup","restore","recover"],"certificates":["get","list","delete","create","import","update","managecontacts","getissuers","listissuers","setissuers","deleteissuers","manageissuers","recover"],"storage":["get","list","delete","set","update","regeneratekey","setsas","listsas","getsas","deletesas"]}}],"enabledForDeployment":false,"enableSoftDelete":true,"softDeleteRetentionInDays":90,"vaultUri":"https://cli-test-kv-nr-000006.vault.azure.net/","provisioningState":"Succeeded"}}'
    headers:
      cache-control:
      - no-cache
      content-length:
      - '2113'
      content-type:
      - application/json; charset=utf-8
      date:
      - Tue, 30 Jun 2020 08:43:28 GMT
      expires:
      - '-1'
      pragma:
      - no-cache
      server:
      - Microsoft-IIS/10.0
      strict-transport-security:
      - max-age=31536000; includeSubDomains
      transfer-encoding:
      - chunked
      vary:
      - Accept-Encoding
      x-aspnet-version:
      - 4.0.30319
      x-content-type-options:
      - nosniff
      x-ms-keyvault-service-version:
      - 1.1.0.282
      x-powered-by:
      - ASP.NET
    status:
      code: 200
      message: OK
- request:
    body: null
    headers:
      Accept:
      - application/json
      Accept-Encoding:
      - gzip, deflate
      Connection:
      - keep-alive
      User-Agent:
      - python/3.7.5 (Windows-10-10.0.18362-SP0) msrest/0.6.9 msrest_azure/0.6.3 azure-graphrbac/0.60.0
        Azure-SDK-For-Python
      accept-language:
      - en-US
    method: GET
    uri: https://graph.windows.net/00000000-0000-0000-0000-000000000000/me?api-version=1.6
  response:
    body:
      string: '{"odata.metadata":"https://graph.windows.net/00000000-0000-0000-0000-000000000000/$metadata#directoryObjects/@Element","odata.type":"Microsoft.DirectoryServices.User","objectType":"User","objectId":"9ac02ab3-5061-4ec6-a3d8-2cdaa5f29efa","deletionTimestamp":null,"accountEnabled":true,"ageGroup":null,"assignedLicenses":[],"assignedPlans":[],"city":null,"companyName":null,"consentProvidedForMinor":null,"country":null,"createdDateTime":"2019-10-21T06:37:42Z","creationType":"Invitation","department":null,"dirSyncEnabled":null,"displayName":"Bin
        Ma","employeeId":null,"facsimileTelephoneNumber":null,"givenName":null,"immutableId":null,"isCompromised":null,"jobTitle":null,"lastDirSyncTime":null,"legalAgeGroupClassification":null,"mail":"bim@microsoft.com","mailNickname":"bim_microsoft.com#EXT#","mobile":null,"onPremisesDistinguishedName":null,"onPremisesSecurityIdentifier":null,"otherMails":["bim@microsoft.com"],"passwordPolicies":null,"passwordProfile":null,"physicalDeliveryOfficeName":null,"postalCode":null,"preferredLanguage":null,"provisionedPlans":[],"provisioningErrors":[],"proxyAddresses":["SMTP:bim@microsoft.com"],"refreshTokensValidFromDateTime":"2019-10-21T06:37:41Z","showInAddressList":false,"signInNames":[],"sipProxyAddress":null,"state":null,"streetAddress":null,"surname":null,"telephoneNumber":null,"thumbnailPhoto@odata.mediaEditLink":"directoryObjects/9ac02ab3-5061-4ec6-a3d8-2cdaa5f29efa/Microsoft.DirectoryServices.User/thumbnailPhoto","usageLocation":null,"userIdentities":[],"userPrincipalName":"bim_microsoft.com#EXT#@AzureSDKTeam.onmicrosoft.com","userState":"Accepted","userStateChangedOn":"2019-10-21T06:39:35Z","userType":"Guest"}'
    headers:
      access-control-allow-origin:
      - '*'
      cache-control:
      - no-cache
      content-length:
      - '1668'
      content-type:
      - application/json; odata=minimalmetadata; streaming=true; charset=utf-8
      dataserviceversion:
      - 3.0;
      date:
      - Tue, 30 Jun 2020 08:43:29 GMT
      duration:
      - '2419698'
      expires:
      - '-1'
      ocp-aad-diagnostics-server-name:
      - QlJ/a4ZnsyendoaPK0HX7IkzZkAn0WBB3t6eh8cDBic=
      ocp-aad-session-key:
      - LYP475tCYHqnzNreHB6Rn1sxSpigAmGyKSmFgA_ZuOs6jQfMXN8M2SzP2tleFFhvw2ytjzeTn_W9crjphapZryeFq-uqFuHqpqqfLiEfhz4u5Y4S3kZw8uLqu_AsLWgt.97val-F-D1iQd74QWPL7JpQuWh8V7W1Qfud4JfwFtsE
      pragma:
      - no-cache
      request-id:
      - b2ebdbdb-adaa-41a7-b8ff-c6a8e41cb168
      strict-transport-security:
      - max-age=31536000; includeSubDomains
      x-aad-resource-unit:
      - '1'
      x-aspnet-version:
      - 4.0.30319
      x-ms-dirapi-data-contract-version:
      - '1.6'
      x-powered-by:
      - ASP.NET
    status:
      code: 200
      message: OK
- request:
    body: 'b''{"location": "eastus2", "properties": {"tenantId": "54826b22-38d6-4fb2-bad9-b7b93a3e9c5a",
      "sku": {"family": "A", "name": "standard"}, "accessPolicies": [{"tenantId":
      "54826b22-38d6-4fb2-bad9-b7b93a3e9c5a", "objectId": "9ac02ab3-5061-4ec6-a3d8-2cdaa5f29efa",
      "permissions": {"keys": ["get", "create", "delete", "list", "update", "import",
      "backup", "restore", "recover"], "secrets": ["get", "list", "set", "delete",
      "backup", "restore", "recover"], "certificates": ["get", "list", "delete", "create",
      "import", "update", "managecontacts", "getissuers", "listissuers", "setissuers",
      "deleteissuers", "manageissuers", "recover"], "storage": ["get", "list", "delete",
      "set", "update", "regeneratekey", "setsas", "listsas", "getsas", "deletesas"]}}],
      "softDeleteRetentionInDays": 90, "networkAcls": {"bypass": "AzureServices",
      "defaultAction": "Allow", "ipRules": [{"value": "1.2.3.4/32"}, {"value": "2.3.4.0/24"},
      {"value": "3.4.5.0/24"}, {"value": "4.5.0.0/16"}], "virtualNetworkRules": [{"id":
      "/subscriptions/00000000-0000-0000-0000-000000000000/resourcegroups/cli_test_keyvault_network_rule000001/providers/microsoft.network/virtualnetworks/cli-test-vnet-000008/subnets/cli-test-subnet-000011"},
      {"id": "/subscriptions/00000000-0000-0000-0000-000000000000/resourcegroups/cli_test_keyvault_network_rule000001/providers/microsoft.network/virtualnetworks/cli-test-vnet-000009/subnets/cli-test-subnet-000012"},
      {"id": "/subscriptions/00000000-0000-0000-0000-000000000000/resourceGroups/cli_test_keyvault_network_rule000001/providers/Microsoft.Network/virtualNetworks/cli-test-vnet-000010/subnets/cli-test-subnet-000013"}]}}}'''
    headers:
      Accept:
      - application/json
      Accept-Encoding:
      - gzip, deflate
      CommandName:
      - keyvault create
      Connection:
      - keep-alive
      Content-Length:
      - '1756'
      Content-Type:
      - application/json
      ParameterSetName:
      - -n -l -g --network-acls --network-acls-ips --network-acls-vnets
      User-Agent:
      - AZURECLI/2.8.0 azsdk-python-azure-mgmt-keyvault/7.0.0b1 Python/3.7.5 (Windows-10-10.0.18362-SP0)
    method: PUT
    uri: https://management.azure.com/subscriptions/00000000-0000-0000-0000-000000000000/resourceGroups/cli_test_keyvault_network_rule000001/providers/Microsoft.KeyVault/vaults/cli-test-kv-nr-000007?api-version=2019-09-01
  response:
    body:
      string: '{"id":"/subscriptions/00000000-0000-0000-0000-000000000000/resourceGroups/cli_test_keyvault_network_rule000001/providers/Microsoft.KeyVault/vaults/cli-test-kv-nr-000007","name":"cli-test-kv-nr-000007","type":"Microsoft.KeyVault/vaults","location":"eastus2","tags":{},"properties":{"sku":{"family":"A","name":"standard"},"tenantId":"54826b22-38d6-4fb2-bad9-b7b93a3e9c5a","networkAcls":{"bypass":"AzureServices","defaultAction":"Allow","ipRules":[{"value":"1.2.3.4/32"},{"value":"2.3.4.0/24"},{"value":"3.4.5.0/24"},{"value":"4.5.0.0/16"}],"virtualNetworkRules":[{"id":"/subscriptions/00000000-0000-0000-0000-000000000000/resourcegroups/cli_test_keyvault_network_rule000001/providers/microsoft.network/virtualnetworks/cli-test-vnet-000008/subnets/cli-test-subnet-000011"},{"id":"/subscriptions/00000000-0000-0000-0000-000000000000/resourcegroups/cli_test_keyvault_network_rule000001/providers/microsoft.network/virtualnetworks/cli-test-vnet-000009/subnets/cli-test-subnet-000012"},{"id":"/subscriptions/00000000-0000-0000-0000-000000000000/resourcegroups/cli_test_keyvault_network_rule000001/providers/microsoft.network/virtualnetworks/cli-test-vnet-000010/subnets/cli-test-subnet-000013"}]},"accessPolicies":[{"tenantId":"54826b22-38d6-4fb2-bad9-b7b93a3e9c5a","objectId":"9ac02ab3-5061-4ec6-a3d8-2cdaa5f29efa","permissions":{"keys":["get","create","delete","list","update","import","backup","restore","recover"],"secrets":["get","list","set","delete","backup","restore","recover"],"certificates":["get","list","delete","create","import","update","managecontacts","getissuers","listissuers","setissuers","deleteissuers","manageissuers","recover"],"storage":["get","list","delete","set","update","regeneratekey","setsas","listsas","getsas","deletesas"]}}],"enabledForDeployment":false,"enableSoftDelete":true,"softDeleteRetentionInDays":90,"vaultUri":"https://cli-test-kv-nr-000007.vault.azure.net","provisioningState":"RegisteringDns"}}'
    headers:
      cache-control:
      - no-cache
      content-length:
      - '2117'
      content-type:
      - application/json; charset=utf-8
      date:
      - Tue, 30 Jun 2020 08:43:36 GMT
      expires:
      - '-1'
      pragma:
      - no-cache
      server:
      - Microsoft-IIS/10.0
      strict-transport-security:
      - max-age=31536000; includeSubDomains
      transfer-encoding:
      - chunked
      vary:
      - Accept-Encoding
      x-aspnet-version:
      - 4.0.30319
      x-content-type-options:
      - nosniff
      x-ms-keyvault-service-version:
      - 1.1.0.282
      x-ms-ratelimit-remaining-subscription-writes:
      - '1195'
      x-powered-by:
      - ASP.NET
    status:
      code: 200
      message: OK
- request:
    body: null
    headers:
      Accept:
      - '*/*'
      Accept-Encoding:
      - gzip, deflate
      CommandName:
      - keyvault create
      Connection:
      - keep-alive
      ParameterSetName:
      - -n -l -g --network-acls --network-acls-ips --network-acls-vnets
      User-Agent:
      - AZURECLI/2.8.0 azsdk-python-azure-mgmt-keyvault/7.0.0b1 Python/3.7.5 (Windows-10-10.0.18362-SP0)
    method: GET
    uri: https://management.azure.com/subscriptions/00000000-0000-0000-0000-000000000000/resourceGroups/cli_test_keyvault_network_rule000001/providers/Microsoft.KeyVault/vaults/cli-test-kv-nr-000007?api-version=2019-09-01
  response:
    body:
      string: '{"id":"/subscriptions/00000000-0000-0000-0000-000000000000/resourceGroups/cli_test_keyvault_network_rule000001/providers/Microsoft.KeyVault/vaults/cli-test-kv-nr-000007","name":"cli-test-kv-nr-000007","type":"Microsoft.KeyVault/vaults","location":"eastus2","tags":{},"properties":{"sku":{"family":"A","name":"standard"},"tenantId":"54826b22-38d6-4fb2-bad9-b7b93a3e9c5a","networkAcls":{"bypass":"AzureServices","defaultAction":"Allow","ipRules":[{"value":"1.2.3.4/32"},{"value":"2.3.4.0/24"},{"value":"3.4.5.0/24"},{"value":"4.5.0.0/16"}],"virtualNetworkRules":[{"id":"/subscriptions/00000000-0000-0000-0000-000000000000/resourcegroups/cli_test_keyvault_network_rule000001/providers/microsoft.network/virtualnetworks/cli-test-vnet-000008/subnets/cli-test-subnet-000011"},{"id":"/subscriptions/00000000-0000-0000-0000-000000000000/resourcegroups/cli_test_keyvault_network_rule000001/providers/microsoft.network/virtualnetworks/cli-test-vnet-000009/subnets/cli-test-subnet-000012"},{"id":"/subscriptions/00000000-0000-0000-0000-000000000000/resourcegroups/cli_test_keyvault_network_rule000001/providers/microsoft.network/virtualnetworks/cli-test-vnet-000010/subnets/cli-test-subnet-000013"}]},"accessPolicies":[{"tenantId":"54826b22-38d6-4fb2-bad9-b7b93a3e9c5a","objectId":"9ac02ab3-5061-4ec6-a3d8-2cdaa5f29efa","permissions":{"keys":["get","create","delete","list","update","import","backup","restore","recover"],"secrets":["get","list","set","delete","backup","restore","recover"],"certificates":["get","list","delete","create","import","update","managecontacts","getissuers","listissuers","setissuers","deleteissuers","manageissuers","recover"],"storage":["get","list","delete","set","update","regeneratekey","setsas","listsas","getsas","deletesas"]}}],"enabledForDeployment":false,"enableSoftDelete":true,"softDeleteRetentionInDays":90,"vaultUri":"https://cli-test-kv-nr-000007.vault.azure.net/","provisioningState":"Succeeded"}}'
    headers:
      cache-control:
      - no-cache
      content-length:
      - '2113'
      content-type:
      - application/json; charset=utf-8
      date:
      - Tue, 30 Jun 2020 08:44:06 GMT
      expires:
      - '-1'
      pragma:
      - no-cache
      server:
      - Microsoft-IIS/10.0
      strict-transport-security:
      - max-age=31536000; includeSubDomains
      transfer-encoding:
      - chunked
      vary:
      - Accept-Encoding
      x-aspnet-version:
      - 4.0.30319
      x-content-type-options:
      - nosniff
      x-ms-keyvault-service-version:
      - 1.1.0.282
      x-powered-by:
      - ASP.NET
    status:
      code: 200
      message: OK
- request:
    body: null
    headers:
      Accept:
      - application/json
      Accept-Encoding:
      - gzip, deflate
      Connection:
      - keep-alive
      User-Agent:
      - python/3.7.5 (Windows-10-10.0.18362-SP0) msrest/0.6.9 msrest_azure/0.6.3 azure-graphrbac/0.60.0
        Azure-SDK-For-Python
      accept-language:
      - en-US
    method: GET
    uri: https://graph.windows.net/00000000-0000-0000-0000-000000000000/me?api-version=1.6
  response:
    body:
      string: '{"odata.metadata":"https://graph.windows.net/00000000-0000-0000-0000-000000000000/$metadata#directoryObjects/@Element","odata.type":"Microsoft.DirectoryServices.User","objectType":"User","objectId":"9ac02ab3-5061-4ec6-a3d8-2cdaa5f29efa","deletionTimestamp":null,"accountEnabled":true,"ageGroup":null,"assignedLicenses":[],"assignedPlans":[],"city":null,"companyName":null,"consentProvidedForMinor":null,"country":null,"createdDateTime":"2019-10-21T06:37:42Z","creationType":"Invitation","department":null,"dirSyncEnabled":null,"displayName":"Bin
        Ma","employeeId":null,"facsimileTelephoneNumber":null,"givenName":null,"immutableId":null,"isCompromised":null,"jobTitle":null,"lastDirSyncTime":null,"legalAgeGroupClassification":null,"mail":"bim@microsoft.com","mailNickname":"bim_microsoft.com#EXT#","mobile":null,"onPremisesDistinguishedName":null,"onPremisesSecurityIdentifier":null,"otherMails":["bim@microsoft.com"],"passwordPolicies":null,"passwordProfile":null,"physicalDeliveryOfficeName":null,"postalCode":null,"preferredLanguage":null,"provisionedPlans":[],"provisioningErrors":[],"proxyAddresses":["SMTP:bim@microsoft.com"],"refreshTokensValidFromDateTime":"2019-10-21T06:37:41Z","showInAddressList":false,"signInNames":[],"sipProxyAddress":null,"state":null,"streetAddress":null,"surname":null,"telephoneNumber":null,"thumbnailPhoto@odata.mediaEditLink":"directoryObjects/9ac02ab3-5061-4ec6-a3d8-2cdaa5f29efa/Microsoft.DirectoryServices.User/thumbnailPhoto","usageLocation":null,"userIdentities":[],"userPrincipalName":"bim_microsoft.com#EXT#@AzureSDKTeam.onmicrosoft.com","userState":"Accepted","userStateChangedOn":"2019-10-21T06:39:35Z","userType":"Guest"}'
    headers:
      access-control-allow-origin:
      - '*'
      cache-control:
      - no-cache
      content-length:
      - '1668'
      content-type:
      - application/json; odata=minimalmetadata; streaming=true; charset=utf-8
      dataserviceversion:
      - 3.0;
      date:
      - Tue, 30 Jun 2020 08:44:07 GMT
      duration:
      - '2361398'
      expires:
      - '-1'
      ocp-aad-diagnostics-server-name:
      - yC4FoNH5zaigswiTATamsh+qChtVV7hUxoBzZdFV+XU=
      ocp-aad-session-key:
      - gRGxJwUSU5thlQ-YU3xfAZn-mm1UUUT2W4eC6CfKshKHHxYxHuzVoZW7qWDDLYEvvuoviAyRGV8eWO1ueeSryoyb9ZtWXffvZDnhpNUSUC_Hwks38e_875mCpgSrXHM0.B42ouiCdS_XCJI_h2bLdapPeLCeQ_maJskdT7OKkDGk
      pragma:
      - no-cache
      request-id:
      - 13af4e6e-a391-4ab6-9bdc-ba9b42d25337
      strict-transport-security:
      - max-age=31536000; includeSubDomains
      x-aad-resource-unit:
      - '1'
      x-aspnet-version:
      - 4.0.30319
      x-ms-dirapi-data-contract-version:
      - '1.6'
      x-powered-by:
      - ASP.NET
    status:
      code: 200
      message: OK
- request:
    body: '{"location": "eastus2", "properties": {"tenantId": "54826b22-38d6-4fb2-bad9-b7b93a3e9c5a",
      "sku": {"family": "A", "name": "premium"}, "accessPolicies": [{"tenantId": "54826b22-38d6-4fb2-bad9-b7b93a3e9c5a",
      "objectId": "9ac02ab3-5061-4ec6-a3d8-2cdaa5f29efa", "permissions": {"keys":
      ["get", "create", "delete", "list", "update", "import", "backup", "restore",
      "recover"], "secrets": ["get", "list", "set", "delete", "backup", "restore",
      "recover"], "certificates": ["get", "list", "delete", "create", "import", "update",
      "managecontacts", "getissuers", "listissuers", "setissuers", "deleteissuers",
      "manageissuers", "recover"], "storage": ["get", "list", "delete", "set", "update",
      "regeneratekey", "setsas", "listsas", "getsas", "deletesas"]}}], "enableSoftDelete":
      false, "softDeleteRetentionInDays": 90, "networkAcls": {"bypass": "AzureServices",
      "defaultAction": "Allow", "ipRules": [], "virtualNetworkRules": []}}}'
    headers:
      Accept:
      - application/json
      Accept-Encoding:
      - gzip, deflate
      CommandName:
      - keyvault create
      Connection:
      - keep-alive
      Content-Length:
      - '918'
      Content-Type:
      - application/json
      ParameterSetName:
      - -g -n -l --sku --enable-soft-delete
      User-Agent:
      - AZURECLI/2.8.0 azsdk-python-azure-mgmt-keyvault/7.0.0b1 Python/3.7.5 (Windows-10-10.0.18362-SP0)
    method: PUT
    uri: https://management.azure.com/subscriptions/00000000-0000-0000-0000-000000000000/resourceGroups/cli_test_keyvault_network_rule000001/providers/Microsoft.KeyVault/vaults/cli-test-kv-nr-000002?api-version=2019-09-01
  response:
    body:
      string: '{"id":"/subscriptions/00000000-0000-0000-0000-000000000000/resourceGroups/cli_test_keyvault_network_rule000001/providers/Microsoft.KeyVault/vaults/cli-test-kv-nr-000002","name":"cli-test-kv-nr-000002","type":"Microsoft.KeyVault/vaults","location":"eastus2","tags":{},"properties":{"sku":{"family":"A","name":"premium"},"tenantId":"54826b22-38d6-4fb2-bad9-b7b93a3e9c5a","accessPolicies":[{"tenantId":"54826b22-38d6-4fb2-bad9-b7b93a3e9c5a","objectId":"9ac02ab3-5061-4ec6-a3d8-2cdaa5f29efa","permissions":{"keys":["get","create","delete","list","update","import","backup","restore","recover"],"secrets":["get","list","set","delete","backup","restore","recover"],"certificates":["get","list","delete","create","import","update","managecontacts","getissuers","listissuers","setissuers","deleteissuers","manageissuers","recover"],"storage":["get","list","delete","set","update","regeneratekey","setsas","listsas","getsas","deletesas"]}}],"enabledForDeployment":false,"enableSoftDelete":false,"softDeleteRetentionInDays":90,"vaultUri":"https://cli-test-kv-nr-000002.vault.azure.net","provisioningState":"RegisteringDns"}}'
    headers:
      cache-control:
      - no-cache
      content-length:
      - '1162'
      content-type:
      - application/json; charset=utf-8
      date:
      - Tue, 30 Jun 2020 08:44:15 GMT
      expires:
      - '-1'
      pragma:
      - no-cache
      server:
      - Microsoft-IIS/10.0
      strict-transport-security:
      - max-age=31536000; includeSubDomains
      transfer-encoding:
      - chunked
      vary:
      - Accept-Encoding
      x-aspnet-version:
      - 4.0.30319
      x-content-type-options:
      - nosniff
      x-ms-keyvault-service-version:
      - 1.1.0.282
      x-ms-ratelimit-remaining-subscription-writes:
      - '1195'
      x-powered-by:
      - ASP.NET
    status:
      code: 200
      message: OK
- request:
    body: null
    headers:
      Accept:
      - '*/*'
      Accept-Encoding:
      - gzip, deflate
      CommandName:
      - keyvault create
      Connection:
      - keep-alive
      ParameterSetName:
      - -g -n -l --sku --enable-soft-delete
      User-Agent:
      - AZURECLI/2.8.0 azsdk-python-azure-mgmt-keyvault/7.0.0b1 Python/3.7.5 (Windows-10-10.0.18362-SP0)
    method: GET
    uri: https://management.azure.com/subscriptions/00000000-0000-0000-0000-000000000000/resourceGroups/cli_test_keyvault_network_rule000001/providers/Microsoft.KeyVault/vaults/cli-test-kv-nr-000002?api-version=2019-09-01
  response:
    body:
      string: '{"id":"/subscriptions/00000000-0000-0000-0000-000000000000/resourceGroups/cli_test_keyvault_network_rule000001/providers/Microsoft.KeyVault/vaults/cli-test-kv-nr-000002","name":"cli-test-kv-nr-000002","type":"Microsoft.KeyVault/vaults","location":"eastus2","tags":{},"properties":{"sku":{"family":"A","name":"premium"},"tenantId":"54826b22-38d6-4fb2-bad9-b7b93a3e9c5a","accessPolicies":[{"tenantId":"54826b22-38d6-4fb2-bad9-b7b93a3e9c5a","objectId":"9ac02ab3-5061-4ec6-a3d8-2cdaa5f29efa","permissions":{"keys":["get","create","delete","list","update","import","backup","restore","recover"],"secrets":["get","list","set","delete","backup","restore","recover"],"certificates":["get","list","delete","create","import","update","managecontacts","getissuers","listissuers","setissuers","deleteissuers","manageissuers","recover"],"storage":["get","list","delete","set","update","regeneratekey","setsas","listsas","getsas","deletesas"]}}],"enabledForDeployment":false,"enableSoftDelete":false,"softDeleteRetentionInDays":90,"vaultUri":"https://cli-test-kv-nr-000002.vault.azure.net/","provisioningState":"Succeeded"}}'
    headers:
      cache-control:
      - no-cache
      content-length:
      - '1158'
      content-type:
      - application/json; charset=utf-8
      date:
      - Tue, 30 Jun 2020 08:44:45 GMT
      expires:
      - '-1'
      pragma:
      - no-cache
      server:
      - Microsoft-IIS/10.0
      strict-transport-security:
      - max-age=31536000; includeSubDomains
      transfer-encoding:
      - chunked
      vary:
      - Accept-Encoding
      x-aspnet-version:
      - 4.0.30319
      x-content-type-options:
      - nosniff
      x-ms-keyvault-service-version:
      - 1.1.0.282
      x-powered-by:
      - ASP.NET
    status:
      code: 200
      message: OK
- request:
    body: null
    headers:
      Accept:
      - application/json
      Accept-Encoding:
      - gzip, deflate
      CommandName:
      - keyvault update
      Connection:
      - keep-alive
      ParameterSetName:
      - --name --resource-group --default-action
      User-Agent:
      - AZURECLI/2.8.0 azsdk-python-azure-mgmt-keyvault/7.0.0b1 Python/3.7.5 (Windows-10-10.0.18362-SP0)
    method: GET
    uri: https://management.azure.com/subscriptions/00000000-0000-0000-0000-000000000000/resourceGroups/cli_test_keyvault_network_rule000001/providers/Microsoft.KeyVault/vaults/cli-test-kv-nr-000002?api-version=2019-09-01
  response:
    body:
      string: '{"id":"/subscriptions/00000000-0000-0000-0000-000000000000/resourceGroups/cli_test_keyvault_network_rule000001/providers/Microsoft.KeyVault/vaults/cli-test-kv-nr-000002","name":"cli-test-kv-nr-000002","type":"Microsoft.KeyVault/vaults","location":"eastus2","tags":{},"properties":{"sku":{"family":"A","name":"premium"},"tenantId":"54826b22-38d6-4fb2-bad9-b7b93a3e9c5a","accessPolicies":[{"tenantId":"54826b22-38d6-4fb2-bad9-b7b93a3e9c5a","objectId":"9ac02ab3-5061-4ec6-a3d8-2cdaa5f29efa","permissions":{"keys":["get","create","delete","list","update","import","backup","restore","recover"],"secrets":["get","list","set","delete","backup","restore","recover"],"certificates":["get","list","delete","create","import","update","managecontacts","getissuers","listissuers","setissuers","deleteissuers","manageissuers","recover"],"storage":["get","list","delete","set","update","regeneratekey","setsas","listsas","getsas","deletesas"]}}],"enabledForDeployment":false,"enableSoftDelete":false,"softDeleteRetentionInDays":90,"vaultUri":"https://cli-test-kv-nr-000002.vault.azure.net/","provisioningState":"Succeeded"}}'
    headers:
      cache-control:
      - no-cache
      content-length:
      - '1158'
      content-type:
      - application/json; charset=utf-8
      date:
      - Tue, 30 Jun 2020 08:44:47 GMT
      expires:
      - '-1'
      pragma:
      - no-cache
      server:
      - Microsoft-IIS/10.0
      strict-transport-security:
      - max-age=31536000; includeSubDomains
      transfer-encoding:
      - chunked
      vary:
      - Accept-Encoding
      x-aspnet-version:
      - 4.0.30319
      x-content-type-options:
      - nosniff
      x-ms-keyvault-service-version:
      - 1.1.0.282
      x-powered-by:
      - ASP.NET
    status:
      code: 200
      message: OK
- request:
    body: '{"location": "eastus2", "properties": {"tenantId": "54826b22-38d6-4fb2-bad9-b7b93a3e9c5a",
      "sku": {"family": "A", "name": "premium"}, "accessPolicies": [{"tenantId": "54826b22-38d6-4fb2-bad9-b7b93a3e9c5a",
      "objectId": "9ac02ab3-5061-4ec6-a3d8-2cdaa5f29efa", "permissions": {"keys":
      ["get", "create", "delete", "list", "update", "import", "backup", "restore",
      "recover"], "secrets": ["get", "list", "set", "delete", "backup", "restore",
      "recover"], "certificates": ["get", "list", "delete", "create", "import", "update",
      "managecontacts", "getissuers", "listissuers", "setissuers", "deleteissuers",
      "manageissuers", "recover"], "storage": ["get", "list", "delete", "set", "update",
      "regeneratekey", "setsas", "listsas", "getsas", "deletesas"]}}], "vaultUri":
      "https://cli-test-kv-nr-000002.vault.azure.net/", "enabledForDeployment": false,
      "enableSoftDelete": false, "softDeleteRetentionInDays": 90, "networkAcls": {"bypass":
      "AzureServices", "defaultAction": "Deny"}}}'
    headers:
      Accept:
      - application/json
      Accept-Encoding:
      - gzip, deflate
      CommandName:
      - keyvault update
      Connection:
      - keep-alive
      Content-Length:
      - '971'
      Content-Type:
      - application/json
      ParameterSetName:
      - --name --resource-group --default-action
      User-Agent:
      - AZURECLI/2.8.0 azsdk-python-azure-mgmt-keyvault/7.0.0b1 Python/3.7.5 (Windows-10-10.0.18362-SP0)
    method: PUT
    uri: https://management.azure.com/subscriptions/00000000-0000-0000-0000-000000000000/resourceGroups/cli_test_keyvault_network_rule000001/providers/Microsoft.KeyVault/vaults/cli-test-kv-nr-000002?api-version=2019-09-01
  response:
    body:
      string: '{"id":"/subscriptions/00000000-0000-0000-0000-000000000000/resourceGroups/cli_test_keyvault_network_rule000001/providers/Microsoft.KeyVault/vaults/cli-test-kv-nr-000002","name":"cli-test-kv-nr-000002","type":"Microsoft.KeyVault/vaults","location":"eastus2","tags":{},"properties":{"sku":{"family":"A","name":"premium"},"tenantId":"54826b22-38d6-4fb2-bad9-b7b93a3e9c5a","networkAcls":{"bypass":"AzureServices","defaultAction":"Deny","ipRules":[],"virtualNetworkRules":[]},"accessPolicies":[{"tenantId":"54826b22-38d6-4fb2-bad9-b7b93a3e9c5a","objectId":"9ac02ab3-5061-4ec6-a3d8-2cdaa5f29efa","permissions":{"keys":["get","create","delete","list","update","import","backup","restore","recover"],"secrets":["get","list","set","delete","backup","restore","recover"],"certificates":["get","list","delete","create","import","update","managecontacts","getissuers","listissuers","setissuers","deleteissuers","manageissuers","recover"],"storage":["get","list","delete","set","update","regeneratekey","setsas","listsas","getsas","deletesas"]}}],"enabledForDeployment":false,"enableSoftDelete":false,"softDeleteRetentionInDays":90,"vaultUri":"https://cli-test-kv-nr-000002.vault.azure.net/","provisioningState":"Succeeded"}}'
    headers:
      cache-control:
      - no-cache
      content-length:
      - '1260'
      content-type:
      - application/json; charset=utf-8
      date:
      - Tue, 30 Jun 2020 08:44:49 GMT
      expires:
      - '-1'
      pragma:
      - no-cache
      server:
      - Microsoft-IIS/10.0
      strict-transport-security:
      - max-age=31536000; includeSubDomains
      transfer-encoding:
      - chunked
      vary:
      - Accept-Encoding
      x-aspnet-version:
      - 4.0.30319
      x-content-type-options:
      - nosniff
      x-ms-keyvault-service-version:
      - 1.1.0.282
      x-ms-ratelimit-remaining-subscription-writes:
      - '1190'
      x-powered-by:
      - ASP.NET
    status:
      code: 200
      message: OK
- request:
    body: null
    headers:
      Accept:
      - application/json
      Accept-Encoding:
      - gzip, deflate
      CommandName:
      - keyvault network-rule add
      Connection:
      - keep-alive
      ParameterSetName:
      - --subnet --name --resource-group
      User-Agent:
      - AZURECLI/2.8.0 azsdk-python-azure-mgmt-keyvault/7.0.0b1 Python/3.7.5 (Windows-10-10.0.18362-SP0)
    method: GET
    uri: https://management.azure.com/subscriptions/00000000-0000-0000-0000-000000000000/resourceGroups/cli_test_keyvault_network_rule000001/providers/Microsoft.KeyVault/vaults/cli-test-kv-nr-000002?api-version=2019-09-01
  response:
    body:
      string: '{"id":"/subscriptions/00000000-0000-0000-0000-000000000000/resourceGroups/cli_test_keyvault_network_rule000001/providers/Microsoft.KeyVault/vaults/cli-test-kv-nr-000002","name":"cli-test-kv-nr-000002","type":"Microsoft.KeyVault/vaults","location":"eastus2","tags":{},"properties":{"sku":{"family":"A","name":"premium"},"tenantId":"54826b22-38d6-4fb2-bad9-b7b93a3e9c5a","networkAcls":{"bypass":"AzureServices","defaultAction":"Deny","ipRules":[],"virtualNetworkRules":[]},"accessPolicies":[{"tenantId":"54826b22-38d6-4fb2-bad9-b7b93a3e9c5a","objectId":"9ac02ab3-5061-4ec6-a3d8-2cdaa5f29efa","permissions":{"keys":["get","create","delete","list","update","import","backup","restore","recover"],"secrets":["get","list","set","delete","backup","restore","recover"],"certificates":["get","list","delete","create","import","update","managecontacts","getissuers","listissuers","setissuers","deleteissuers","manageissuers","recover"],"storage":["get","list","delete","set","update","regeneratekey","setsas","listsas","getsas","deletesas"]}}],"enabledForDeployment":false,"enableSoftDelete":false,"softDeleteRetentionInDays":90,"vaultUri":"https://cli-test-kv-nr-000002.vault.azure.net/","provisioningState":"Succeeded"}}'
    headers:
      cache-control:
      - no-cache
      content-length:
      - '1260'
      content-type:
      - application/json; charset=utf-8
      date:
      - Tue, 30 Jun 2020 08:44:51 GMT
      expires:
      - '-1'
      pragma:
      - no-cache
      server:
      - Microsoft-IIS/10.0
      strict-transport-security:
      - max-age=31536000; includeSubDomains
      transfer-encoding:
      - chunked
      vary:
      - Accept-Encoding
      x-aspnet-version:
      - 4.0.30319
      x-content-type-options:
      - nosniff
      x-ms-keyvault-service-version:
      - 1.1.0.282
      x-powered-by:
      - ASP.NET
    status:
      code: 200
      message: OK
- request:
    body: 'b''{"location": "eastus2", "tags": {}, "properties": {"tenantId": "54826b22-38d6-4fb2-bad9-b7b93a3e9c5a",
      "sku": {"family": "A", "name": "premium"}, "accessPolicies": [{"tenantId": "54826b22-38d6-4fb2-bad9-b7b93a3e9c5a",
      "objectId": "9ac02ab3-5061-4ec6-a3d8-2cdaa5f29efa", "permissions": {"keys":
      ["get", "create", "delete", "list", "update", "import", "backup", "restore",
      "recover"], "secrets": ["get", "list", "set", "delete", "backup", "restore",
      "recover"], "certificates": ["get", "list", "delete", "create", "import", "update",
      "managecontacts", "getissuers", "listissuers", "setissuers", "deleteissuers",
      "manageissuers", "recover"], "storage": ["get", "list", "delete", "set", "update",
      "regeneratekey", "setsas", "listsas", "getsas", "deletesas"]}}], "vaultUri":
      "https://cli-test-kv-nr-000002.vault.azure.net/", "enabledForDeployment": false,
      "enableSoftDelete": false, "softDeleteRetentionInDays": 90, "networkAcls": {"bypass":
      "AzureServices", "defaultAction": "Deny", "ipRules": [], "virtualNetworkRules":
      [{"id": "/subscriptions/00000000-0000-0000-0000-000000000000/resourcegroups/cli_test_keyvault_network_rule000001/providers/microsoft.network/virtualnetworks/cli-test-vnet-000008/subnets/cli-test-subnet-000011"}]}}}'''
    headers:
      Accept:
      - application/json
      Accept-Encoding:
      - gzip, deflate
      CommandName:
      - keyvault network-rule add
      Connection:
      - keep-alive
      Content-Length:
      - '1279'
      Content-Type:
      - application/json
      ParameterSetName:
      - --subnet --name --resource-group
      User-Agent:
      - AZURECLI/2.8.0 azsdk-python-azure-mgmt-keyvault/7.0.0b1 Python/3.7.5 (Windows-10-10.0.18362-SP0)
    method: PUT
    uri: https://management.azure.com/subscriptions/00000000-0000-0000-0000-000000000000/resourceGroups/cli_test_keyvault_network_rule000001/providers/Microsoft.KeyVault/vaults/cli-test-kv-nr-000002?api-version=2019-09-01
  response:
    body:
      string: '{"id":"/subscriptions/00000000-0000-0000-0000-000000000000/resourceGroups/cli_test_keyvault_network_rule000001/providers/Microsoft.KeyVault/vaults/cli-test-kv-nr-000002","name":"cli-test-kv-nr-000002","type":"Microsoft.KeyVault/vaults","location":"eastus2","tags":{},"properties":{"sku":{"family":"A","name":"premium"},"tenantId":"54826b22-38d6-4fb2-bad9-b7b93a3e9c5a","networkAcls":{"bypass":"AzureServices","defaultAction":"Deny","ipRules":[],"virtualNetworkRules":[{"id":"/subscriptions/00000000-0000-0000-0000-000000000000/resourcegroups/cli_test_keyvault_network_rule000001/providers/microsoft.network/virtualnetworks/cli-test-vnet-000008/subnets/cli-test-subnet-000011"}]},"accessPolicies":[{"tenantId":"54826b22-38d6-4fb2-bad9-b7b93a3e9c5a","objectId":"9ac02ab3-5061-4ec6-a3d8-2cdaa5f29efa","permissions":{"keys":["get","create","delete","list","update","import","backup","restore","recover"],"secrets":["get","list","set","delete","backup","restore","recover"],"certificates":["get","list","delete","create","import","update","managecontacts","getissuers","listissuers","setissuers","deleteissuers","manageissuers","recover"],"storage":["get","list","delete","set","update","regeneratekey","setsas","listsas","getsas","deletesas"]}}],"enabledForDeployment":false,"enableSoftDelete":false,"softDeleteRetentionInDays":90,"vaultUri":"https://cli-test-kv-nr-000002.vault.azure.net/","provisioningState":"Succeeded"}}'
    headers:
      cache-control:
      - no-cache
      content-length:
      - '1513'
      content-type:
      - application/json; charset=utf-8
      date:
      - Tue, 30 Jun 2020 08:44:52 GMT
      expires:
      - '-1'
      pragma:
      - no-cache
      server:
      - Microsoft-IIS/10.0
      strict-transport-security:
      - max-age=31536000; includeSubDomains
      transfer-encoding:
      - chunked
      vary:
      - Accept-Encoding
      x-aspnet-version:
      - 4.0.30319
      x-content-type-options:
      - nosniff
      x-ms-keyvault-service-version:
      - 1.1.0.282
      x-ms-ratelimit-remaining-subscription-writes:
      - '1193'
      x-powered-by:
      - ASP.NET
    status:
      code: 200
      message: OK
- request:
    body: null
    headers:
      Accept:
      - application/json
      Accept-Encoding:
      - gzip, deflate
      CommandName:
      - keyvault network-rule add
      Connection:
      - keep-alive
      ParameterSetName:
      - --subnet --name --resource-group
      User-Agent:
      - AZURECLI/2.8.0 azsdk-python-azure-mgmt-keyvault/7.0.0b1 Python/3.7.5 (Windows-10-10.0.18362-SP0)
    method: GET
    uri: https://management.azure.com/subscriptions/00000000-0000-0000-0000-000000000000/resourceGroups/cli_test_keyvault_network_rule000001/providers/Microsoft.KeyVault/vaults/cli-test-kv-nr-000002?api-version=2019-09-01
  response:
    body:
      string: '{"id":"/subscriptions/00000000-0000-0000-0000-000000000000/resourceGroups/cli_test_keyvault_network_rule000001/providers/Microsoft.KeyVault/vaults/cli-test-kv-nr-000002","name":"cli-test-kv-nr-000002","type":"Microsoft.KeyVault/vaults","location":"eastus2","tags":{},"properties":{"sku":{"family":"A","name":"premium"},"tenantId":"54826b22-38d6-4fb2-bad9-b7b93a3e9c5a","networkAcls":{"bypass":"AzureServices","defaultAction":"Deny","ipRules":[],"virtualNetworkRules":[{"id":"/subscriptions/00000000-0000-0000-0000-000000000000/resourcegroups/cli_test_keyvault_network_rule000001/providers/microsoft.network/virtualnetworks/cli-test-vnet-000008/subnets/cli-test-subnet-000011"}]},"accessPolicies":[{"tenantId":"54826b22-38d6-4fb2-bad9-b7b93a3e9c5a","objectId":"9ac02ab3-5061-4ec6-a3d8-2cdaa5f29efa","permissions":{"keys":["get","create","delete","list","update","import","backup","restore","recover"],"secrets":["get","list","set","delete","backup","restore","recover"],"certificates":["get","list","delete","create","import","update","managecontacts","getissuers","listissuers","setissuers","deleteissuers","manageissuers","recover"],"storage":["get","list","delete","set","update","regeneratekey","setsas","listsas","getsas","deletesas"]}}],"enabledForDeployment":false,"enableSoftDelete":false,"softDeleteRetentionInDays":90,"vaultUri":"https://cli-test-kv-nr-000002.vault.azure.net/","provisioningState":"Succeeded"}}'
    headers:
      cache-control:
      - no-cache
      content-length:
      - '1513'
      content-type:
      - application/json; charset=utf-8
      date:
      - Tue, 30 Jun 2020 08:44:52 GMT
      expires:
      - '-1'
      pragma:
      - no-cache
      server:
      - Microsoft-IIS/10.0
      strict-transport-security:
      - max-age=31536000; includeSubDomains
      transfer-encoding:
      - chunked
      vary:
      - Accept-Encoding
      x-aspnet-version:
      - 4.0.30319
      x-content-type-options:
      - nosniff
      x-ms-keyvault-service-version:
      - 1.1.0.282
      x-powered-by:
      - ASP.NET
    status:
      code: 200
      message: OK
- request:
    body: 'b''{"location": "eastus2", "tags": {}, "properties": {"tenantId": "54826b22-38d6-4fb2-bad9-b7b93a3e9c5a",
      "sku": {"family": "A", "name": "premium"}, "accessPolicies": [{"tenantId": "54826b22-38d6-4fb2-bad9-b7b93a3e9c5a",
      "objectId": "9ac02ab3-5061-4ec6-a3d8-2cdaa5f29efa", "permissions": {"keys":
      ["get", "create", "delete", "list", "update", "import", "backup", "restore",
      "recover"], "secrets": ["get", "list", "set", "delete", "backup", "restore",
      "recover"], "certificates": ["get", "list", "delete", "create", "import", "update",
      "managecontacts", "getissuers", "listissuers", "setissuers", "deleteissuers",
      "manageissuers", "recover"], "storage": ["get", "list", "delete", "set", "update",
      "regeneratekey", "setsas", "listsas", "getsas", "deletesas"]}}], "vaultUri":
      "https://cli-test-kv-nr-000002.vault.azure.net/", "enabledForDeployment": false,
      "enableSoftDelete": false, "softDeleteRetentionInDays": 90, "networkAcls": {"bypass":
      "AzureServices", "defaultAction": "Deny", "ipRules": [], "virtualNetworkRules":
      [{"id": "/subscriptions/00000000-0000-0000-0000-000000000000/resourcegroups/cli_test_keyvault_network_rule000001/providers/microsoft.network/virtualnetworks/cli-test-vnet-000008/subnets/cli-test-subnet-000011"}]}}}'''
    headers:
      Accept:
      - application/json
      Accept-Encoding:
      - gzip, deflate
      CommandName:
      - keyvault network-rule add
      Connection:
      - keep-alive
      Content-Length:
      - '1279'
      Content-Type:
      - application/json
      ParameterSetName:
      - --subnet --name --resource-group
      User-Agent:
      - AZURECLI/2.8.0 azsdk-python-azure-mgmt-keyvault/7.0.0b1 Python/3.7.5 (Windows-10-10.0.18362-SP0)
    method: PUT
    uri: https://management.azure.com/subscriptions/00000000-0000-0000-0000-000000000000/resourceGroups/cli_test_keyvault_network_rule000001/providers/Microsoft.KeyVault/vaults/cli-test-kv-nr-000002?api-version=2019-09-01
  response:
    body:
      string: '{"id":"/subscriptions/00000000-0000-0000-0000-000000000000/resourceGroups/cli_test_keyvault_network_rule000001/providers/Microsoft.KeyVault/vaults/cli-test-kv-nr-000002","name":"cli-test-kv-nr-000002","type":"Microsoft.KeyVault/vaults","location":"eastus2","tags":{},"properties":{"sku":{"family":"A","name":"premium"},"tenantId":"54826b22-38d6-4fb2-bad9-b7b93a3e9c5a","networkAcls":{"bypass":"AzureServices","defaultAction":"Deny","ipRules":[],"virtualNetworkRules":[{"id":"/subscriptions/00000000-0000-0000-0000-000000000000/resourcegroups/cli_test_keyvault_network_rule000001/providers/microsoft.network/virtualnetworks/cli-test-vnet-000008/subnets/cli-test-subnet-000011"}]},"accessPolicies":[{"tenantId":"54826b22-38d6-4fb2-bad9-b7b93a3e9c5a","objectId":"9ac02ab3-5061-4ec6-a3d8-2cdaa5f29efa","permissions":{"keys":["get","create","delete","list","update","import","backup","restore","recover"],"secrets":["get","list","set","delete","backup","restore","recover"],"certificates":["get","list","delete","create","import","update","managecontacts","getissuers","listissuers","setissuers","deleteissuers","manageissuers","recover"],"storage":["get","list","delete","set","update","regeneratekey","setsas","listsas","getsas","deletesas"]}}],"enabledForDeployment":false,"enableSoftDelete":false,"softDeleteRetentionInDays":90,"vaultUri":"https://cli-test-kv-nr-000002.vault.azure.net/","provisioningState":"Succeeded"}}'
    headers:
      cache-control:
      - no-cache
      content-length:
      - '1513'
      content-type:
      - application/json; charset=utf-8
      date:
      - Tue, 30 Jun 2020 08:44:53 GMT
      expires:
      - '-1'
      pragma:
      - no-cache
      server:
      - Microsoft-IIS/10.0
      strict-transport-security:
      - max-age=31536000; includeSubDomains
      transfer-encoding:
      - chunked
      vary:
      - Accept-Encoding
      x-aspnet-version:
      - 4.0.30319
      x-content-type-options:
      - nosniff
      x-ms-keyvault-service-version:
      - 1.1.0.282
      x-ms-ratelimit-remaining-subscription-writes:
      - '1194'
      x-powered-by:
      - ASP.NET
    status:
      code: 200
      message: OK
- request:
    body: null
    headers:
      Accept:
      - application/json
      Accept-Encoding:
      - gzip, deflate
      CommandName:
      - keyvault network-rule list
      Connection:
      - keep-alive
      ParameterSetName:
      - --name --resource-group
      User-Agent:
      - AZURECLI/2.8.0 azsdk-python-azure-mgmt-keyvault/7.0.0b1 Python/3.7.5 (Windows-10-10.0.18362-SP0)
    method: GET
    uri: https://management.azure.com/subscriptions/00000000-0000-0000-0000-000000000000/resourceGroups/cli_test_keyvault_network_rule000001/providers/Microsoft.KeyVault/vaults/cli-test-kv-nr-000002?api-version=2019-09-01
  response:
    body:
      string: '{"id":"/subscriptions/00000000-0000-0000-0000-000000000000/resourceGroups/cli_test_keyvault_network_rule000001/providers/Microsoft.KeyVault/vaults/cli-test-kv-nr-000002","name":"cli-test-kv-nr-000002","type":"Microsoft.KeyVault/vaults","location":"eastus2","tags":{},"properties":{"sku":{"family":"A","name":"premium"},"tenantId":"54826b22-38d6-4fb2-bad9-b7b93a3e9c5a","networkAcls":{"bypass":"AzureServices","defaultAction":"Deny","ipRules":[],"virtualNetworkRules":[{"id":"/subscriptions/00000000-0000-0000-0000-000000000000/resourcegroups/cli_test_keyvault_network_rule000001/providers/microsoft.network/virtualnetworks/cli-test-vnet-000008/subnets/cli-test-subnet-000011"}]},"accessPolicies":[{"tenantId":"54826b22-38d6-4fb2-bad9-b7b93a3e9c5a","objectId":"9ac02ab3-5061-4ec6-a3d8-2cdaa5f29efa","permissions":{"keys":["get","create","delete","list","update","import","backup","restore","recover"],"secrets":["get","list","set","delete","backup","restore","recover"],"certificates":["get","list","delete","create","import","update","managecontacts","getissuers","listissuers","setissuers","deleteissuers","manageissuers","recover"],"storage":["get","list","delete","set","update","regeneratekey","setsas","listsas","getsas","deletesas"]}}],"enabledForDeployment":false,"enableSoftDelete":false,"softDeleteRetentionInDays":90,"vaultUri":"https://cli-test-kv-nr-000002.vault.azure.net/","provisioningState":"Succeeded"}}'
    headers:
      cache-control:
      - no-cache
      content-length:
      - '1513'
      content-type:
      - application/json; charset=utf-8
      date:
      - Tue, 30 Jun 2020 08:44:54 GMT
      expires:
      - '-1'
      pragma:
      - no-cache
      server:
      - Microsoft-IIS/10.0
      strict-transport-security:
      - max-age=31536000; includeSubDomains
      transfer-encoding:
      - chunked
      vary:
      - Accept-Encoding
      x-aspnet-version:
      - 4.0.30319
      x-content-type-options:
      - nosniff
      x-ms-keyvault-service-version:
      - 1.1.0.282
      x-powered-by:
      - ASP.NET
    status:
      code: 200
      message: OK
- request:
    body: null
    headers:
      Accept:
      - application/json
      Accept-Encoding:
      - gzip, deflate
      CommandName:
      - keyvault network-rule remove
      Connection:
      - keep-alive
      ParameterSetName:
      - --subnet --name --resource-group
      User-Agent:
      - AZURECLI/2.8.0 azsdk-python-azure-mgmt-keyvault/7.0.0b1 Python/3.7.5 (Windows-10-10.0.18362-SP0)
    method: GET
    uri: https://management.azure.com/subscriptions/00000000-0000-0000-0000-000000000000/resourceGroups/cli_test_keyvault_network_rule000001/providers/Microsoft.KeyVault/vaults/cli-test-kv-nr-000002?api-version=2019-09-01
  response:
    body:
      string: '{"id":"/subscriptions/00000000-0000-0000-0000-000000000000/resourceGroups/cli_test_keyvault_network_rule000001/providers/Microsoft.KeyVault/vaults/cli-test-kv-nr-000002","name":"cli-test-kv-nr-000002","type":"Microsoft.KeyVault/vaults","location":"eastus2","tags":{},"properties":{"sku":{"family":"A","name":"premium"},"tenantId":"54826b22-38d6-4fb2-bad9-b7b93a3e9c5a","networkAcls":{"bypass":"AzureServices","defaultAction":"Deny","ipRules":[],"virtualNetworkRules":[{"id":"/subscriptions/00000000-0000-0000-0000-000000000000/resourcegroups/cli_test_keyvault_network_rule000001/providers/microsoft.network/virtualnetworks/cli-test-vnet-000008/subnets/cli-test-subnet-000011"}]},"accessPolicies":[{"tenantId":"54826b22-38d6-4fb2-bad9-b7b93a3e9c5a","objectId":"9ac02ab3-5061-4ec6-a3d8-2cdaa5f29efa","permissions":{"keys":["get","create","delete","list","update","import","backup","restore","recover"],"secrets":["get","list","set","delete","backup","restore","recover"],"certificates":["get","list","delete","create","import","update","managecontacts","getissuers","listissuers","setissuers","deleteissuers","manageissuers","recover"],"storage":["get","list","delete","set","update","regeneratekey","setsas","listsas","getsas","deletesas"]}}],"enabledForDeployment":false,"enableSoftDelete":false,"softDeleteRetentionInDays":90,"vaultUri":"https://cli-test-kv-nr-000002.vault.azure.net/","provisioningState":"Succeeded"}}'
    headers:
      cache-control:
      - no-cache
      content-length:
      - '1513'
      content-type:
      - application/json; charset=utf-8
      date:
      - Tue, 30 Jun 2020 08:44:57 GMT
      expires:
      - '-1'
      pragma:
      - no-cache
      server:
      - Microsoft-IIS/10.0
      strict-transport-security:
      - max-age=31536000; includeSubDomains
      transfer-encoding:
      - chunked
      vary:
      - Accept-Encoding
      x-aspnet-version:
      - 4.0.30319
      x-content-type-options:
      - nosniff
      x-ms-keyvault-service-version:
      - 1.1.0.282
      x-powered-by:
      - ASP.NET
    status:
      code: 200
      message: OK
- request:
    body: '{"location": "eastus2", "tags": {}, "properties": {"tenantId": "54826b22-38d6-4fb2-bad9-b7b93a3e9c5a",
      "sku": {"family": "A", "name": "premium"}, "accessPolicies": [{"tenantId": "54826b22-38d6-4fb2-bad9-b7b93a3e9c5a",
      "objectId": "9ac02ab3-5061-4ec6-a3d8-2cdaa5f29efa", "permissions": {"keys":
      ["get", "create", "delete", "list", "update", "import", "backup", "restore",
      "recover"], "secrets": ["get", "list", "set", "delete", "backup", "restore",
      "recover"], "certificates": ["get", "list", "delete", "create", "import", "update",
      "managecontacts", "getissuers", "listissuers", "setissuers", "deleteissuers",
      "manageissuers", "recover"], "storage": ["get", "list", "delete", "set", "update",
      "regeneratekey", "setsas", "listsas", "getsas", "deletesas"]}}], "vaultUri":
      "https://cli-test-kv-nr-000002.vault.azure.net/", "enabledForDeployment": false,
      "enableSoftDelete": false, "softDeleteRetentionInDays": 90, "networkAcls": {"bypass":
      "AzureServices", "defaultAction": "Deny", "ipRules": [], "virtualNetworkRules":
      []}}}'
    headers:
      Accept:
      - application/json
      Accept-Encoding:
      - gzip, deflate
      CommandName:
      - keyvault network-rule remove
      Connection:
      - keep-alive
      Content-Length:
      - '1025'
      Content-Type:
      - application/json
      ParameterSetName:
      - --subnet --name --resource-group
      User-Agent:
      - AZURECLI/2.8.0 azsdk-python-azure-mgmt-keyvault/7.0.0b1 Python/3.7.5 (Windows-10-10.0.18362-SP0)
    method: PUT
    uri: https://management.azure.com/subscriptions/00000000-0000-0000-0000-000000000000/resourceGroups/cli_test_keyvault_network_rule000001/providers/Microsoft.KeyVault/vaults/cli-test-kv-nr-000002?api-version=2019-09-01
  response:
    body:
      string: '{"id":"/subscriptions/00000000-0000-0000-0000-000000000000/resourceGroups/cli_test_keyvault_network_rule000001/providers/Microsoft.KeyVault/vaults/cli-test-kv-nr-000002","name":"cli-test-kv-nr-000002","type":"Microsoft.KeyVault/vaults","location":"eastus2","tags":{},"properties":{"sku":{"family":"A","name":"premium"},"tenantId":"54826b22-38d6-4fb2-bad9-b7b93a3e9c5a","networkAcls":{"bypass":"AzureServices","defaultAction":"Deny","ipRules":[],"virtualNetworkRules":[]},"accessPolicies":[{"tenantId":"54826b22-38d6-4fb2-bad9-b7b93a3e9c5a","objectId":"9ac02ab3-5061-4ec6-a3d8-2cdaa5f29efa","permissions":{"keys":["get","create","delete","list","update","import","backup","restore","recover"],"secrets":["get","list","set","delete","backup","restore","recover"],"certificates":["get","list","delete","create","import","update","managecontacts","getissuers","listissuers","setissuers","deleteissuers","manageissuers","recover"],"storage":["get","list","delete","set","update","regeneratekey","setsas","listsas","getsas","deletesas"]}}],"enabledForDeployment":false,"enableSoftDelete":false,"softDeleteRetentionInDays":90,"vaultUri":"https://cli-test-kv-nr-000002.vault.azure.net/","provisioningState":"Succeeded"}}'
    headers:
      cache-control:
      - no-cache
      content-length:
      - '1260'
      content-type:
      - application/json; charset=utf-8
      date:
      - Tue, 30 Jun 2020 08:44:58 GMT
      expires:
      - '-1'
      pragma:
      - no-cache
      server:
      - Microsoft-IIS/10.0
      strict-transport-security:
      - max-age=31536000; includeSubDomains
      transfer-encoding:
      - chunked
      vary:
      - Accept-Encoding
      x-aspnet-version:
      - 4.0.30319
      x-content-type-options:
      - nosniff
      x-ms-keyvault-service-version:
      - 1.1.0.282
      x-ms-ratelimit-remaining-subscription-writes:
      - '1192'
      x-powered-by:
      - ASP.NET
    status:
      code: 200
      message: OK
- request:
    body: null
    headers:
      Accept:
      - application/json
      Accept-Encoding:
      - gzip, deflate
      CommandName:
      - keyvault network-rule add
      Connection:
      - keep-alive
      ParameterSetName:
      - --ip-address --name --resource-group
      User-Agent:
      - AZURECLI/2.8.0 azsdk-python-azure-mgmt-keyvault/7.0.0b1 Python/3.7.5 (Windows-10-10.0.18362-SP0)
    method: GET
    uri: https://management.azure.com/subscriptions/00000000-0000-0000-0000-000000000000/resourceGroups/cli_test_keyvault_network_rule000001/providers/Microsoft.KeyVault/vaults/cli-test-kv-nr-000002?api-version=2019-09-01
  response:
    body:
      string: '{"id":"/subscriptions/00000000-0000-0000-0000-000000000000/resourceGroups/cli_test_keyvault_network_rule000001/providers/Microsoft.KeyVault/vaults/cli-test-kv-nr-000002","name":"cli-test-kv-nr-000002","type":"Microsoft.KeyVault/vaults","location":"eastus2","tags":{},"properties":{"sku":{"family":"A","name":"premium"},"tenantId":"54826b22-38d6-4fb2-bad9-b7b93a3e9c5a","networkAcls":{"bypass":"AzureServices","defaultAction":"Deny","ipRules":[],"virtualNetworkRules":[]},"accessPolicies":[{"tenantId":"54826b22-38d6-4fb2-bad9-b7b93a3e9c5a","objectId":"9ac02ab3-5061-4ec6-a3d8-2cdaa5f29efa","permissions":{"keys":["get","create","delete","list","update","import","backup","restore","recover"],"secrets":["get","list","set","delete","backup","restore","recover"],"certificates":["get","list","delete","create","import","update","managecontacts","getissuers","listissuers","setissuers","deleteissuers","manageissuers","recover"],"storage":["get","list","delete","set","update","regeneratekey","setsas","listsas","getsas","deletesas"]}}],"enabledForDeployment":false,"enableSoftDelete":false,"softDeleteRetentionInDays":90,"vaultUri":"https://cli-test-kv-nr-000002.vault.azure.net/","provisioningState":"Succeeded"}}'
    headers:
      cache-control:
      - no-cache
      content-length:
      - '1260'
      content-type:
      - application/json; charset=utf-8
      date:
      - Tue, 30 Jun 2020 08:44:59 GMT
      expires:
      - '-1'
      pragma:
      - no-cache
      server:
      - Microsoft-IIS/10.0
      strict-transport-security:
      - max-age=31536000; includeSubDomains
      transfer-encoding:
      - chunked
      vary:
      - Accept-Encoding
      x-aspnet-version:
      - 4.0.30319
      x-content-type-options:
      - nosniff
      x-ms-keyvault-service-version:
      - 1.1.0.282
      x-powered-by:
      - ASP.NET
    status:
      code: 200
      message: OK
- request:
    body: '{"location": "eastus2", "tags": {}, "properties": {"tenantId": "54826b22-38d6-4fb2-bad9-b7b93a3e9c5a",
      "sku": {"family": "A", "name": "premium"}, "accessPolicies": [{"tenantId": "54826b22-38d6-4fb2-bad9-b7b93a3e9c5a",
      "objectId": "9ac02ab3-5061-4ec6-a3d8-2cdaa5f29efa", "permissions": {"keys":
      ["get", "create", "delete", "list", "update", "import", "backup", "restore",
      "recover"], "secrets": ["get", "list", "set", "delete", "backup", "restore",
      "recover"], "certificates": ["get", "list", "delete", "create", "import", "update",
      "managecontacts", "getissuers", "listissuers", "setissuers", "deleteissuers",
      "manageissuers", "recover"], "storage": ["get", "list", "delete", "set", "update",
      "regeneratekey", "setsas", "listsas", "getsas", "deletesas"]}}], "vaultUri":
      "https://cli-test-kv-nr-000002.vault.azure.net/", "enabledForDeployment": false,
      "enableSoftDelete": false, "softDeleteRetentionInDays": 90, "networkAcls": {"bypass":
      "AzureServices", "defaultAction": "Deny", "ipRules": [{"value": "1.2.3.4/32"}],
      "virtualNetworkRules": []}}}'
    headers:
      Accept:
      - application/json
      Accept-Encoding:
      - gzip, deflate
      CommandName:
      - keyvault network-rule add
      Connection:
      - keep-alive
      Content-Length:
      - '1048'
      Content-Type:
      - application/json
      ParameterSetName:
      - --ip-address --name --resource-group
      User-Agent:
      - AZURECLI/2.8.0 azsdk-python-azure-mgmt-keyvault/7.0.0b1 Python/3.7.5 (Windows-10-10.0.18362-SP0)
    method: PUT
    uri: https://management.azure.com/subscriptions/00000000-0000-0000-0000-000000000000/resourceGroups/cli_test_keyvault_network_rule000001/providers/Microsoft.KeyVault/vaults/cli-test-kv-nr-000002?api-version=2019-09-01
  response:
    body:
      string: '{"id":"/subscriptions/00000000-0000-0000-0000-000000000000/resourceGroups/cli_test_keyvault_network_rule000001/providers/Microsoft.KeyVault/vaults/cli-test-kv-nr-000002","name":"cli-test-kv-nr-000002","type":"Microsoft.KeyVault/vaults","location":"eastus2","tags":{},"properties":{"sku":{"family":"A","name":"premium"},"tenantId":"54826b22-38d6-4fb2-bad9-b7b93a3e9c5a","networkAcls":{"bypass":"AzureServices","defaultAction":"Deny","ipRules":[{"value":"1.2.3.4/32"}],"virtualNetworkRules":[]},"accessPolicies":[{"tenantId":"54826b22-38d6-4fb2-bad9-b7b93a3e9c5a","objectId":"9ac02ab3-5061-4ec6-a3d8-2cdaa5f29efa","permissions":{"keys":["get","create","delete","list","update","import","backup","restore","recover"],"secrets":["get","list","set","delete","backup","restore","recover"],"certificates":["get","list","delete","create","import","update","managecontacts","getissuers","listissuers","setissuers","deleteissuers","manageissuers","recover"],"storage":["get","list","delete","set","update","regeneratekey","setsas","listsas","getsas","deletesas"]}}],"enabledForDeployment":false,"enableSoftDelete":false,"softDeleteRetentionInDays":90,"vaultUri":"https://cli-test-kv-nr-000002.vault.azure.net/","provisioningState":"Succeeded"}}'
    headers:
      cache-control:
      - no-cache
      content-length:
      - '1282'
      content-type:
      - application/json; charset=utf-8
      date:
      - Tue, 30 Jun 2020 08:45:00 GMT
      expires:
      - '-1'
      pragma:
      - no-cache
      server:
      - Microsoft-IIS/10.0
      strict-transport-security:
      - max-age=31536000; includeSubDomains
      transfer-encoding:
      - chunked
      vary:
      - Accept-Encoding
      x-aspnet-version:
      - 4.0.30319
      x-content-type-options:
      - nosniff
      x-ms-keyvault-service-version:
      - 1.1.0.282
      x-ms-ratelimit-remaining-subscription-writes:
      - '1194'
      x-powered-by:
      - ASP.NET
    status:
      code: 200
      message: OK
- request:
    body: null
    headers:
      Accept:
      - application/json
      Accept-Encoding:
      - gzip, deflate
      CommandName:
      - keyvault network-rule add
      Connection:
      - keep-alive
      ParameterSetName:
      - --ip-address --name --resource-group
      User-Agent:
      - AZURECLI/2.8.0 azsdk-python-azure-mgmt-keyvault/7.0.0b1 Python/3.7.5 (Windows-10-10.0.18362-SP0)
    method: GET
    uri: https://management.azure.com/subscriptions/00000000-0000-0000-0000-000000000000/resourceGroups/cli_test_keyvault_network_rule000001/providers/Microsoft.KeyVault/vaults/cli-test-kv-nr-000002?api-version=2019-09-01
  response:
    body:
      string: '{"id":"/subscriptions/00000000-0000-0000-0000-000000000000/resourceGroups/cli_test_keyvault_network_rule000001/providers/Microsoft.KeyVault/vaults/cli-test-kv-nr-000002","name":"cli-test-kv-nr-000002","type":"Microsoft.KeyVault/vaults","location":"eastus2","tags":{},"properties":{"sku":{"family":"A","name":"premium"},"tenantId":"54826b22-38d6-4fb2-bad9-b7b93a3e9c5a","networkAcls":{"bypass":"AzureServices","defaultAction":"Deny","ipRules":[{"value":"1.2.3.4/32"}],"virtualNetworkRules":[]},"accessPolicies":[{"tenantId":"54826b22-38d6-4fb2-bad9-b7b93a3e9c5a","objectId":"9ac02ab3-5061-4ec6-a3d8-2cdaa5f29efa","permissions":{"keys":["get","create","delete","list","update","import","backup","restore","recover"],"secrets":["get","list","set","delete","backup","restore","recover"],"certificates":["get","list","delete","create","import","update","managecontacts","getissuers","listissuers","setissuers","deleteissuers","manageissuers","recover"],"storage":["get","list","delete","set","update","regeneratekey","setsas","listsas","getsas","deletesas"]}}],"enabledForDeployment":false,"enableSoftDelete":false,"softDeleteRetentionInDays":90,"vaultUri":"https://cli-test-kv-nr-000002.vault.azure.net/","provisioningState":"Succeeded"}}'
    headers:
      cache-control:
      - no-cache
      content-length:
      - '1282'
      content-type:
      - application/json; charset=utf-8
      date:
      - Tue, 30 Jun 2020 08:45:02 GMT
      expires:
      - '-1'
      pragma:
      - no-cache
      server:
      - Microsoft-IIS/10.0
      strict-transport-security:
      - max-age=31536000; includeSubDomains
      transfer-encoding:
      - chunked
      vary:
      - Accept-Encoding
      x-aspnet-version:
      - 4.0.30319
      x-content-type-options:
      - nosniff
      x-ms-keyvault-service-version:
      - 1.1.0.282
      x-powered-by:
      - ASP.NET
    status:
      code: 200
      message: OK
- request:
    body: '{"location": "eastus2", "tags": {}, "properties": {"tenantId": "54826b22-38d6-4fb2-bad9-b7b93a3e9c5a",
      "sku": {"family": "A", "name": "premium"}, "accessPolicies": [{"tenantId": "54826b22-38d6-4fb2-bad9-b7b93a3e9c5a",
      "objectId": "9ac02ab3-5061-4ec6-a3d8-2cdaa5f29efa", "permissions": {"keys":
      ["get", "create", "delete", "list", "update", "import", "backup", "restore",
      "recover"], "secrets": ["get", "list", "set", "delete", "backup", "restore",
      "recover"], "certificates": ["get", "list", "delete", "create", "import", "update",
      "managecontacts", "getissuers", "listissuers", "setissuers", "deleteissuers",
      "manageissuers", "recover"], "storage": ["get", "list", "delete", "set", "update",
      "regeneratekey", "setsas", "listsas", "getsas", "deletesas"]}}], "vaultUri":
      "https://cli-test-kv-nr-000002.vault.azure.net/", "enabledForDeployment": false,
      "enableSoftDelete": false, "softDeleteRetentionInDays": 90, "networkAcls": {"bypass":
      "AzureServices", "defaultAction": "Deny", "ipRules": [{"value": "1.2.3.4/32"}],
      "virtualNetworkRules": []}}}'
    headers:
      Accept:
      - application/json
      Accept-Encoding:
      - gzip, deflate
      CommandName:
      - keyvault network-rule add
      Connection:
      - keep-alive
      Content-Length:
      - '1048'
      Content-Type:
      - application/json
      ParameterSetName:
      - --ip-address --name --resource-group
      User-Agent:
      - AZURECLI/2.8.0 azsdk-python-azure-mgmt-keyvault/7.0.0b1 Python/3.7.5 (Windows-10-10.0.18362-SP0)
    method: PUT
    uri: https://management.azure.com/subscriptions/00000000-0000-0000-0000-000000000000/resourceGroups/cli_test_keyvault_network_rule000001/providers/Microsoft.KeyVault/vaults/cli-test-kv-nr-000002?api-version=2019-09-01
  response:
    body:
      string: '{"id":"/subscriptions/00000000-0000-0000-0000-000000000000/resourceGroups/cli_test_keyvault_network_rule000001/providers/Microsoft.KeyVault/vaults/cli-test-kv-nr-000002","name":"cli-test-kv-nr-000002","type":"Microsoft.KeyVault/vaults","location":"eastus2","tags":{},"properties":{"sku":{"family":"A","name":"premium"},"tenantId":"54826b22-38d6-4fb2-bad9-b7b93a3e9c5a","networkAcls":{"bypass":"AzureServices","defaultAction":"Deny","ipRules":[{"value":"1.2.3.4/32"}],"virtualNetworkRules":[]},"accessPolicies":[{"tenantId":"54826b22-38d6-4fb2-bad9-b7b93a3e9c5a","objectId":"9ac02ab3-5061-4ec6-a3d8-2cdaa5f29efa","permissions":{"keys":["get","create","delete","list","update","import","backup","restore","recover"],"secrets":["get","list","set","delete","backup","restore","recover"],"certificates":["get","list","delete","create","import","update","managecontacts","getissuers","listissuers","setissuers","deleteissuers","manageissuers","recover"],"storage":["get","list","delete","set","update","regeneratekey","setsas","listsas","getsas","deletesas"]}}],"enabledForDeployment":false,"enableSoftDelete":false,"softDeleteRetentionInDays":90,"vaultUri":"https://cli-test-kv-nr-000002.vault.azure.net/","provisioningState":"Succeeded"}}'
    headers:
      cache-control:
      - no-cache
      content-length:
      - '1282'
      content-type:
      - application/json; charset=utf-8
      date:
      - Tue, 30 Jun 2020 08:45:02 GMT
      expires:
      - '-1'
      pragma:
      - no-cache
      server:
      - Microsoft-IIS/10.0
      strict-transport-security:
      - max-age=31536000; includeSubDomains
      transfer-encoding:
      - chunked
      vary:
      - Accept-Encoding
      x-aspnet-version:
      - 4.0.30319
      x-content-type-options:
      - nosniff
      x-ms-keyvault-service-version:
      - 1.1.0.282
      x-ms-ratelimit-remaining-subscription-writes:
      - '1194'
      x-powered-by:
      - ASP.NET
    status:
      code: 200
      message: OK
- request:
    body: null
    headers:
      Accept:
      - application/json
      Accept-Encoding:
      - gzip, deflate
      CommandName:
      - keyvault network-rule list
      Connection:
      - keep-alive
      ParameterSetName:
      - --name --resource-group
      User-Agent:
      - AZURECLI/2.8.0 azsdk-python-azure-mgmt-keyvault/7.0.0b1 Python/3.7.5 (Windows-10-10.0.18362-SP0)
    method: GET
    uri: https://management.azure.com/subscriptions/00000000-0000-0000-0000-000000000000/resourceGroups/cli_test_keyvault_network_rule000001/providers/Microsoft.KeyVault/vaults/cli-test-kv-nr-000002?api-version=2019-09-01
  response:
    body:
      string: '{"id":"/subscriptions/00000000-0000-0000-0000-000000000000/resourceGroups/cli_test_keyvault_network_rule000001/providers/Microsoft.KeyVault/vaults/cli-test-kv-nr-000002","name":"cli-test-kv-nr-000002","type":"Microsoft.KeyVault/vaults","location":"eastus2","tags":{},"properties":{"sku":{"family":"A","name":"premium"},"tenantId":"54826b22-38d6-4fb2-bad9-b7b93a3e9c5a","networkAcls":{"bypass":"AzureServices","defaultAction":"Deny","ipRules":[{"value":"1.2.3.4/32"}],"virtualNetworkRules":[]},"accessPolicies":[{"tenantId":"54826b22-38d6-4fb2-bad9-b7b93a3e9c5a","objectId":"9ac02ab3-5061-4ec6-a3d8-2cdaa5f29efa","permissions":{"keys":["get","create","delete","list","update","import","backup","restore","recover"],"secrets":["get","list","set","delete","backup","restore","recover"],"certificates":["get","list","delete","create","import","update","managecontacts","getissuers","listissuers","setissuers","deleteissuers","manageissuers","recover"],"storage":["get","list","delete","set","update","regeneratekey","setsas","listsas","getsas","deletesas"]}}],"enabledForDeployment":false,"enableSoftDelete":false,"softDeleteRetentionInDays":90,"vaultUri":"https://cli-test-kv-nr-000002.vault.azure.net/","provisioningState":"Succeeded"}}'
    headers:
      cache-control:
      - no-cache
      content-length:
      - '1282'
      content-type:
      - application/json; charset=utf-8
      date:
      - Tue, 30 Jun 2020 08:45:03 GMT
      expires:
      - '-1'
      pragma:
      - no-cache
      server:
      - Microsoft-IIS/10.0
      strict-transport-security:
      - max-age=31536000; includeSubDomains
      transfer-encoding:
      - chunked
      vary:
      - Accept-Encoding
      x-aspnet-version:
      - 4.0.30319
      x-content-type-options:
      - nosniff
      x-ms-keyvault-service-version:
      - 1.1.0.282
      x-powered-by:
      - ASP.NET
    status:
      code: 200
      message: OK
- request:
    body: null
    headers:
      Accept:
      - application/json
      Accept-Encoding:
      - gzip, deflate
      CommandName:
      - keyvault network-rule remove
      Connection:
      - keep-alive
      ParameterSetName:
      - --ip-address --name --resource-group
      User-Agent:
      - AZURECLI/2.8.0 azsdk-python-azure-mgmt-keyvault/7.0.0b1 Python/3.7.5 (Windows-10-10.0.18362-SP0)
    method: GET
    uri: https://management.azure.com/subscriptions/00000000-0000-0000-0000-000000000000/resourceGroups/cli_test_keyvault_network_rule000001/providers/Microsoft.KeyVault/vaults/cli-test-kv-nr-000002?api-version=2019-09-01
  response:
    body:
      string: '{"id":"/subscriptions/00000000-0000-0000-0000-000000000000/resourceGroups/cli_test_keyvault_network_rule000001/providers/Microsoft.KeyVault/vaults/cli-test-kv-nr-000002","name":"cli-test-kv-nr-000002","type":"Microsoft.KeyVault/vaults","location":"eastus2","tags":{},"properties":{"sku":{"family":"A","name":"premium"},"tenantId":"54826b22-38d6-4fb2-bad9-b7b93a3e9c5a","networkAcls":{"bypass":"AzureServices","defaultAction":"Deny","ipRules":[{"value":"1.2.3.4/32"}],"virtualNetworkRules":[]},"accessPolicies":[{"tenantId":"54826b22-38d6-4fb2-bad9-b7b93a3e9c5a","objectId":"9ac02ab3-5061-4ec6-a3d8-2cdaa5f29efa","permissions":{"keys":["get","create","delete","list","update","import","backup","restore","recover"],"secrets":["get","list","set","delete","backup","restore","recover"],"certificates":["get","list","delete","create","import","update","managecontacts","getissuers","listissuers","setissuers","deleteissuers","manageissuers","recover"],"storage":["get","list","delete","set","update","regeneratekey","setsas","listsas","getsas","deletesas"]}}],"enabledForDeployment":false,"enableSoftDelete":false,"softDeleteRetentionInDays":90,"vaultUri":"https://cli-test-kv-nr-000002.vault.azure.net/","provisioningState":"Succeeded"}}'
    headers:
      cache-control:
      - no-cache
      content-length:
      - '1282'
      content-type:
      - application/json; charset=utf-8
      date:
      - Tue, 30 Jun 2020 08:45:05 GMT
      expires:
      - '-1'
      pragma:
      - no-cache
      server:
      - Microsoft-IIS/10.0
      strict-transport-security:
      - max-age=31536000; includeSubDomains
      transfer-encoding:
      - chunked
      vary:
      - Accept-Encoding
      x-aspnet-version:
      - 4.0.30319
      x-content-type-options:
      - nosniff
      x-ms-keyvault-service-version:
      - 1.1.0.282
      x-powered-by:
      - ASP.NET
    status:
      code: 200
      message: OK
- request:
    body: '{"location": "eastus2", "tags": {}, "properties": {"tenantId": "54826b22-38d6-4fb2-bad9-b7b93a3e9c5a",
      "sku": {"family": "A", "name": "premium"}, "accessPolicies": [{"tenantId": "54826b22-38d6-4fb2-bad9-b7b93a3e9c5a",
      "objectId": "9ac02ab3-5061-4ec6-a3d8-2cdaa5f29efa", "permissions": {"keys":
      ["get", "create", "delete", "list", "update", "import", "backup", "restore",
      "recover"], "secrets": ["get", "list", "set", "delete", "backup", "restore",
      "recover"], "certificates": ["get", "list", "delete", "create", "import", "update",
      "managecontacts", "getissuers", "listissuers", "setissuers", "deleteissuers",
      "manageissuers", "recover"], "storage": ["get", "list", "delete", "set", "update",
      "regeneratekey", "setsas", "listsas", "getsas", "deletesas"]}}], "vaultUri":
      "https://cli-test-kv-nr-000002.vault.azure.net/", "enabledForDeployment": false,
      "enableSoftDelete": false, "softDeleteRetentionInDays": 90, "networkAcls": {"bypass":
      "AzureServices", "defaultAction": "Deny", "ipRules": [], "virtualNetworkRules":
      []}}}'
    headers:
      Accept:
      - application/json
      Accept-Encoding:
      - gzip, deflate
      CommandName:
      - keyvault network-rule remove
      Connection:
      - keep-alive
      Content-Length:
      - '1025'
      Content-Type:
      - application/json
      ParameterSetName:
      - --ip-address --name --resource-group
      User-Agent:
      - AZURECLI/2.8.0 azsdk-python-azure-mgmt-keyvault/7.0.0b1 Python/3.7.5 (Windows-10-10.0.18362-SP0)
    method: PUT
    uri: https://management.azure.com/subscriptions/00000000-0000-0000-0000-000000000000/resourceGroups/cli_test_keyvault_network_rule000001/providers/Microsoft.KeyVault/vaults/cli-test-kv-nr-000002?api-version=2019-09-01
  response:
    body:
      string: '{"id":"/subscriptions/00000000-0000-0000-0000-000000000000/resourceGroups/cli_test_keyvault_network_rule000001/providers/Microsoft.KeyVault/vaults/cli-test-kv-nr-000002","name":"cli-test-kv-nr-000002","type":"Microsoft.KeyVault/vaults","location":"eastus2","tags":{},"properties":{"sku":{"family":"A","name":"premium"},"tenantId":"54826b22-38d6-4fb2-bad9-b7b93a3e9c5a","networkAcls":{"bypass":"AzureServices","defaultAction":"Deny","ipRules":[],"virtualNetworkRules":[]},"accessPolicies":[{"tenantId":"54826b22-38d6-4fb2-bad9-b7b93a3e9c5a","objectId":"9ac02ab3-5061-4ec6-a3d8-2cdaa5f29efa","permissions":{"keys":["get","create","delete","list","update","import","backup","restore","recover"],"secrets":["get","list","set","delete","backup","restore","recover"],"certificates":["get","list","delete","create","import","update","managecontacts","getissuers","listissuers","setissuers","deleteissuers","manageissuers","recover"],"storage":["get","list","delete","set","update","regeneratekey","setsas","listsas","getsas","deletesas"]}}],"enabledForDeployment":false,"enableSoftDelete":false,"softDeleteRetentionInDays":90,"vaultUri":"https://cli-test-kv-nr-000002.vault.azure.net/","provisioningState":"Succeeded"}}'
    headers:
      cache-control:
      - no-cache
      content-length:
      - '1260'
      content-type:
      - application/json; charset=utf-8
      date:
      - Tue, 30 Jun 2020 08:45:06 GMT
      expires:
      - '-1'
      pragma:
      - no-cache
      server:
      - Microsoft-IIS/10.0
      strict-transport-security:
      - max-age=31536000; includeSubDomains
      transfer-encoding:
      - chunked
      vary:
      - Accept-Encoding
      x-aspnet-version:
      - 4.0.30319
      x-content-type-options:
      - nosniff
      x-ms-keyvault-service-version:
      - 1.1.0.282
      x-ms-ratelimit-remaining-subscription-writes:
      - '1195'
      x-powered-by:
      - ASP.NET
    status:
      code: 200
      message: OK
version: 1
