interactions:
- request:
    body: null
    headers:
      Accept:
      - application/json
      Accept-Encoding:
      - gzip, deflate
      CommandName:
      - keyvault key random
      Connection:
      - keep-alive
      Content-Length:
      - '0'
      Content-Type:
      - application/json
      ParameterSetName:
      - --count --hsm-name
      User-Agent:
      - AZURECLI/2.71.0 azsdk-python-core/1.31.0 Python/3.11.9 (Windows-10-10.0.26100-SP0)
    method: POST
    uri: https://clitesthsmkey000002.managedhsm.azure.net/rng?api-version=7.6-preview.2
  response:
    body:
      string: ''
    headers:
      cache-control:
      - no-cache
      content-length:
      - '0'
      content-security-policy:
      - default-src 'self'
      content-type:
      - application/json; charset=utf-8
      strict-transport-security:
      - max-age=31536000; includeSubDomains
      www-authenticate:
      - Bearer authorization="https://login.microsoftonline.com/b5ee6c06-c2c2-4e3c-8606-5f170cee077a",
        resource="https://managedhsm.azure.net"
      x-content-type-options:
      - nosniff
      x-frame-options:
      - SAMEORIGIN
      x-ms-server-latency:
      - '0'
    status:
      code: 401
      message: Unauthorized
- request:
    body: '{"count": 4}'
    headers:
      Accept:
      - application/json
      Accept-Encoding:
      - gzip, deflate
      CommandName:
      - keyvault key random
      Connection:
      - keep-alive
      Content-Length:
      - '12'
      Content-Type:
      - application/json
      ParameterSetName:
      - --count --hsm-name
      User-Agent:
      - AZURECLI/2.71.0 azsdk-python-core/1.31.0 Python/3.11.9 (Windows-10-10.0.26100-SP0)
    method: POST
    uri: https://clitesthsmkey000002.managedhsm.azure.net/rng?api-version=7.6-preview.2
  response:
    body:
      string: '{"value":"ljJhtA"}'
    headers:
      cache-control:
      - no-cache
      content-length:
      - '18'
      content-security-policy:
      - default-src 'self'
      content-type:
      - application/json; charset=utf-8
      strict-transport-security:
      - max-age=31536000; includeSubDomains
      x-content-type-options:
      - nosniff
      x-frame-options:
      - SAMEORIGIN
      x-ms-keyvault-network-info:
      - conn_type=Ipv4;addr=223.167.210.174;act_addr_fam=Ipv4;
      x-ms-keyvault-region:
      - uksouth
      x-ms-server-latency:
      - '0'
    status:
      code: 200
      message: OK
- request:
    body: '{"count": 1}'
    headers:
      Accept:
      - application/json
      Accept-Encoding:
      - gzip, deflate
      CommandName:
      - keyvault key random
      Connection:
      - keep-alive
      Content-Length:
      - '12'
      Content-Type:
      - application/json
      ParameterSetName:
      - --count --id
      User-Agent:
      - AZURECLI/2.71.0 azsdk-python-core/1.31.0 Python/3.11.9 (Windows-10-10.0.26100-SP0)
    method: POST
    uri: https://clitesthsmkey000002.managedhsm.azure.net/rng?api-version=7.6-preview.2
  response:
    body:
      string: '{"value":"bw"}'
    headers:
      cache-control:
      - no-cache
      content-length:
      - '14'
      content-security-policy:
      - default-src 'self'
      content-type:
      - application/json; charset=utf-8
      strict-transport-security:
      - max-age=31536000; includeSubDomains
      x-content-type-options:
      - nosniff
      x-frame-options:
      - SAMEORIGIN
      x-ms-keyvault-network-info:
      - conn_type=Ipv4;addr=223.167.210.174;act_addr_fam=Ipv4;
      x-ms-keyvault-region:
      - uksouth
      x-ms-server-latency:
      - '1'
    status:
      code: 200
      message: OK
version: 1
