interactions:
- request:
    body: '{"location": "eastus2euap", "sku": {"family": "B", "name": "Standard_B1"},
      "properties": {"tenantId": "54826b22-38d6-4fb2-bad9-b7b93a3e9c5a", "initialAdminObjectIds":
      ["3707fb2f-ac10-4591-a04f-8b0d786ea37d"], "enableSoftDelete": true, "softDeleteRetentionInDays":
      7, "networkAcls": {"bypass": "AzureServices", "defaultAction": "Allow"}}}'
    headers:
      Accept:
      - application/json
      Accept-Encoding:
      - gzip, deflate
      CommandName:
      - keyvault create
      Connection:
      - keep-alive
      Content-Length:
      - '337'
      Content-Type:
      - application/json
      ParameterSetName:
      - --hsm-name -g -l --retention-days --administrators
      User-Agent:
      - AZURECLI/2.42.0 (PIP) azsdk-python-azure-mgmt-keyvault/10.1.0 Python/3.9.6
        (Windows-10-10.0.19045-SP0)
    method: PUT
    uri: https://management.azure.com/subscriptions/00000000-0000-0000-0000-000000000000/resourceGroups/cli_test_hsm_plr_rg000001/providers/Microsoft.KeyVault/managedHSMs/cli-test-hsm-plr-000002?api-version=2022-07-01
  response:
    body:
      string: ''
    headers:
      cache-control:
      - no-cache
      content-length:
      - '0'
      date:
      - Tue, 15 Nov 2022 03:35:56 GMT
      expires:
      - '-1'
      location:
      - https://management.azure.com/subscriptions/00000000-0000-0000-0000-000000000000/providers/Microsoft.KeyVault/locations/eastus2euap/managedHsmOperationResults/7929d2aa-f528-4364-a656-b93b61c8a233?api-version=2022-07-01
      pragma:
      - no-cache
      server:
      - Microsoft-IIS/10.0
      strict-transport-security:
      - max-age=31536000; includeSubDomains
      x-aspnet-version:
      - 4.0.30319
      x-content-type-options:
      - nosniff
      x-ms-keyvault-service-version:
      - 1.5.564.0
      x-ms-ratelimit-remaining-subscription-writes:
      - '1199'
    status:
      code: 202
      message: Accepted
- request:
    body: null
    headers:
      Accept:
      - '*/*'
      Accept-Encoding:
      - gzip, deflate
      CommandName:
      - keyvault create
      Connection:
      - keep-alive
      ParameterSetName:
      - --hsm-name -g -l --retention-days --administrators
      User-Agent:
      - AZURECLI/2.42.0 (PIP) azsdk-python-azure-mgmt-keyvault/10.1.0 Python/3.9.6
        (Windows-10-10.0.19045-SP0)
    method: GET
    uri: https://management.azure.com/subscriptions/00000000-0000-0000-0000-000000000000/providers/Microsoft.KeyVault/locations/eastus2euap/managedHsmOperationResults/7929d2aa-f528-4364-a656-b93b61c8a233?api-version=2022-07-01
  response:
    body:
      string: ''
    headers:
      cache-control:
      - no-cache
      content-length:
      - '0'
      date:
      - Tue, 15 Nov 2022 03:36:27 GMT
      expires:
      - '-1'
      location:
      - https://management.azure.com/subscriptions/00000000-0000-0000-0000-000000000000/providers/Microsoft.KeyVault/locations/eastus2euap/managedHsmOperationResults/7929d2aa-f528-4364-a656-b93b61c8a233?api-version=2022-07-01
      pragma:
      - no-cache
      server:
      - Microsoft-IIS/10.0
      strict-transport-security:
      - max-age=31536000; includeSubDomains
      x-aspnet-version:
      - 4.0.30319
      x-content-type-options:
      - nosniff
      x-ms-keyvault-service-version:
      - 1.5.564.0
    status:
      code: 202
      message: Accepted
- request:
    body: null
    headers:
      Accept:
      - '*/*'
      Accept-Encoding:
      - gzip, deflate
      CommandName:
      - keyvault create
      Connection:
      - keep-alive
      ParameterSetName:
      - --hsm-name -g -l --retention-days --administrators
      User-Agent:
      - AZURECLI/2.42.0 (PIP) azsdk-python-azure-mgmt-keyvault/10.1.0 Python/3.9.6
        (Windows-10-10.0.19045-SP0)
    method: GET
    uri: https://management.azure.com/subscriptions/00000000-0000-0000-0000-000000000000/providers/Microsoft.KeyVault/locations/eastus2euap/managedHsmOperationResults/7929d2aa-f528-4364-a656-b93b61c8a233?api-version=2022-07-01
  response:
    body:
      string: ''
    headers:
      cache-control:
      - no-cache
      content-length:
      - '0'
      date:
      - Tue, 15 Nov 2022 03:36:57 GMT
      expires:
      - '-1'
      location:
      - https://management.azure.com/subscriptions/00000000-0000-0000-0000-000000000000/providers/Microsoft.KeyVault/locations/eastus2euap/managedHsmOperationResults/7929d2aa-f528-4364-a656-b93b61c8a233?api-version=2022-07-01
      pragma:
      - no-cache
      server:
      - Microsoft-IIS/10.0
      strict-transport-security:
      - max-age=31536000; includeSubDomains
      x-aspnet-version:
      - 4.0.30319
      x-content-type-options:
      - nosniff
      x-ms-keyvault-service-version:
      - 1.5.564.0
    status:
      code: 202
      message: Accepted
- request:
    body: null
    headers:
      Accept:
      - '*/*'
      Accept-Encoding:
      - gzip, deflate
      CommandName:
      - keyvault create
      Connection:
      - keep-alive
      ParameterSetName:
      - --hsm-name -g -l --retention-days --administrators
      User-Agent:
      - AZURECLI/2.42.0 (PIP) azsdk-python-azure-mgmt-keyvault/10.1.0 Python/3.9.6
        (Windows-10-10.0.19045-SP0)
    method: GET
    uri: https://management.azure.com/subscriptions/00000000-0000-0000-0000-000000000000/providers/Microsoft.KeyVault/locations/eastus2euap/managedHsmOperationResults/7929d2aa-f528-4364-a656-b93b61c8a233?api-version=2022-07-01
  response:
    body:
      string: ''
    headers:
      cache-control:
      - no-cache
      content-length:
      - '0'
      date:
      - Tue, 15 Nov 2022 03:37:27 GMT
      expires:
      - '-1'
      location:
      - https://management.azure.com/subscriptions/00000000-0000-0000-0000-000000000000/providers/Microsoft.KeyVault/locations/eastus2euap/managedHsmOperationResults/7929d2aa-f528-4364-a656-b93b61c8a233?api-version=2022-07-01
      pragma:
      - no-cache
      server:
      - Microsoft-IIS/10.0
      strict-transport-security:
      - max-age=31536000; includeSubDomains
      x-aspnet-version:
      - 4.0.30319
      x-content-type-options:
      - nosniff
      x-ms-keyvault-service-version:
      - 1.5.564.0
    status:
      code: 202
      message: Accepted
- request:
    body: null
    headers:
      Accept:
      - '*/*'
      Accept-Encoding:
      - gzip, deflate
      CommandName:
      - keyvault create
      Connection:
      - keep-alive
      ParameterSetName:
      - --hsm-name -g -l --retention-days --administrators
      User-Agent:
      - AZURECLI/2.42.0 (PIP) azsdk-python-azure-mgmt-keyvault/10.1.0 Python/3.9.6
        (Windows-10-10.0.19045-SP0)
    method: GET
    uri: https://management.azure.com/subscriptions/00000000-0000-0000-0000-000000000000/providers/Microsoft.KeyVault/locations/eastus2euap/managedHsmOperationResults/7929d2aa-f528-4364-a656-b93b61c8a233?api-version=2022-07-01
  response:
    body:
      string: ''
    headers:
      cache-control:
      - no-cache
      content-length:
      - '0'
      date:
      - Tue, 15 Nov 2022 03:37:58 GMT
      expires:
      - '-1'
      location:
      - https://management.azure.com/subscriptions/00000000-0000-0000-0000-000000000000/providers/Microsoft.KeyVault/locations/eastus2euap/managedHsmOperationResults/7929d2aa-f528-4364-a656-b93b61c8a233?api-version=2022-07-01
      pragma:
      - no-cache
      server:
      - Microsoft-IIS/10.0
      strict-transport-security:
      - max-age=31536000; includeSubDomains
      x-aspnet-version:
      - 4.0.30319
      x-content-type-options:
      - nosniff
      x-ms-keyvault-service-version:
      - 1.5.564.0
    status:
      code: 202
      message: Accepted
- request:
    body: null
    headers:
      Accept:
      - '*/*'
      Accept-Encoding:
      - gzip, deflate
      CommandName:
      - keyvault create
      Connection:
      - keep-alive
      ParameterSetName:
      - --hsm-name -g -l --retention-days --administrators
      User-Agent:
      - AZURECLI/2.42.0 (PIP) azsdk-python-azure-mgmt-keyvault/10.1.0 Python/3.9.6
        (Windows-10-10.0.19045-SP0)
    method: GET
    uri: https://management.azure.com/subscriptions/00000000-0000-0000-0000-000000000000/providers/Microsoft.KeyVault/locations/eastus2euap/managedHsmOperationResults/7929d2aa-f528-4364-a656-b93b61c8a233?api-version=2022-07-01
  response:
    body:
      string: ''
    headers:
      cache-control:
      - no-cache
      content-length:
      - '0'
      date:
      - Tue, 15 Nov 2022 03:38:28 GMT
      expires:
      - '-1'
      location:
      - https://management.azure.com/subscriptions/00000000-0000-0000-0000-000000000000/providers/Microsoft.KeyVault/locations/eastus2euap/managedHsmOperationResults/7929d2aa-f528-4364-a656-b93b61c8a233?api-version=2022-07-01
      pragma:
      - no-cache
      server:
      - Microsoft-IIS/10.0
      strict-transport-security:
      - max-age=31536000; includeSubDomains
      x-aspnet-version:
      - 4.0.30319
      x-content-type-options:
      - nosniff
      x-ms-keyvault-service-version:
      - 1.5.564.0
    status:
      code: 202
      message: Accepted
- request:
    body: null
    headers:
      Accept:
      - '*/*'
      Accept-Encoding:
      - gzip, deflate
      CommandName:
      - keyvault create
      Connection:
      - keep-alive
      ParameterSetName:
      - --hsm-name -g -l --retention-days --administrators
      User-Agent:
      - AZURECLI/2.42.0 (PIP) azsdk-python-azure-mgmt-keyvault/10.1.0 Python/3.9.6
        (Windows-10-10.0.19045-SP0)
    method: GET
    uri: https://management.azure.com/subscriptions/00000000-0000-0000-0000-000000000000/providers/Microsoft.KeyVault/locations/eastus2euap/managedHsmOperationResults/7929d2aa-f528-4364-a656-b93b61c8a233?api-version=2022-07-01
  response:
    body:
      string: ''
    headers:
      cache-control:
      - no-cache
      content-length:
      - '0'
      date:
      - Tue, 15 Nov 2022 03:38:58 GMT
      expires:
      - '-1'
      location:
      - https://management.azure.com/subscriptions/00000000-0000-0000-0000-000000000000/providers/Microsoft.KeyVault/locations/eastus2euap/managedHsmOperationResults/7929d2aa-f528-4364-a656-b93b61c8a233?api-version=2022-07-01
      pragma:
      - no-cache
      server:
      - Microsoft-IIS/10.0
      strict-transport-security:
      - max-age=31536000; includeSubDomains
      x-aspnet-version:
      - 4.0.30319
      x-content-type-options:
      - nosniff
      x-ms-keyvault-service-version:
      - 1.5.564.0
    status:
      code: 202
      message: Accepted
- request:
    body: null
    headers:
      Accept:
      - '*/*'
      Accept-Encoding:
      - gzip, deflate
      CommandName:
      - keyvault create
      Connection:
      - keep-alive
      ParameterSetName:
      - --hsm-name -g -l --retention-days --administrators
      User-Agent:
      - AZURECLI/2.42.0 (PIP) azsdk-python-azure-mgmt-keyvault/10.1.0 Python/3.9.6
        (Windows-10-10.0.19045-SP0)
    method: GET
    uri: https://management.azure.com/subscriptions/00000000-0000-0000-0000-000000000000/providers/Microsoft.KeyVault/locations/eastus2euap/managedHsmOperationResults/7929d2aa-f528-4364-a656-b93b61c8a233?api-version=2022-07-01
  response:
    body:
      string: ''
    headers:
      cache-control:
      - no-cache
      content-length:
      - '0'
      date:
      - Tue, 15 Nov 2022 03:39:29 GMT
      expires:
      - '-1'
      location:
      - https://management.azure.com/subscriptions/00000000-0000-0000-0000-000000000000/providers/Microsoft.KeyVault/locations/eastus2euap/managedHsmOperationResults/7929d2aa-f528-4364-a656-b93b61c8a233?api-version=2022-07-01
      pragma:
      - no-cache
      server:
      - Microsoft-IIS/10.0
      strict-transport-security:
      - max-age=31536000; includeSubDomains
      x-aspnet-version:
      - 4.0.30319
      x-content-type-options:
      - nosniff
      x-ms-keyvault-service-version:
      - 1.5.564.0
    status:
      code: 202
      message: Accepted
- request:
    body: null
    headers:
      Accept:
      - '*/*'
      Accept-Encoding:
      - gzip, deflate
      CommandName:
      - keyvault create
      Connection:
      - keep-alive
      ParameterSetName:
      - --hsm-name -g -l --retention-days --administrators
      User-Agent:
      - AZURECLI/2.42.0 (PIP) azsdk-python-azure-mgmt-keyvault/10.1.0 Python/3.9.6
        (Windows-10-10.0.19045-SP0)
    method: GET
    uri: https://management.azure.com/subscriptions/00000000-0000-0000-0000-000000000000/providers/Microsoft.KeyVault/locations/eastus2euap/managedHsmOperationResults/7929d2aa-f528-4364-a656-b93b61c8a233?api-version=2022-07-01
  response:
    body:
      string: ''
    headers:
      cache-control:
      - no-cache
      content-length:
      - '0'
      date:
      - Tue, 15 Nov 2022 03:39:59 GMT
      expires:
      - '-1'
      location:
      - https://management.azure.com/subscriptions/00000000-0000-0000-0000-000000000000/providers/Microsoft.KeyVault/locations/eastus2euap/managedHsmOperationResults/7929d2aa-f528-4364-a656-b93b61c8a233?api-version=2022-07-01
      pragma:
      - no-cache
      server:
      - Microsoft-IIS/10.0
      strict-transport-security:
      - max-age=31536000; includeSubDomains
      x-aspnet-version:
      - 4.0.30319
      x-content-type-options:
      - nosniff
      x-ms-keyvault-service-version:
      - 1.5.564.0
    status:
      code: 202
      message: Accepted
- request:
    body: null
    headers:
      Accept:
      - '*/*'
      Accept-Encoding:
      - gzip, deflate
      CommandName:
      - keyvault create
      Connection:
      - keep-alive
      ParameterSetName:
      - --hsm-name -g -l --retention-days --administrators
      User-Agent:
      - AZURECLI/2.42.0 (PIP) azsdk-python-azure-mgmt-keyvault/10.1.0 Python/3.9.6
        (Windows-10-10.0.19045-SP0)
    method: GET
    uri: https://management.azure.com/subscriptions/00000000-0000-0000-0000-000000000000/providers/Microsoft.KeyVault/locations/eastus2euap/managedHsmOperationResults/7929d2aa-f528-4364-a656-b93b61c8a233?api-version=2022-07-01
  response:
    body:
      string: ''
    headers:
      cache-control:
      - no-cache
      content-length:
      - '0'
      date:
      - Tue, 15 Nov 2022 03:40:30 GMT
      expires:
      - '-1'
      location:
      - https://management.azure.com/subscriptions/00000000-0000-0000-0000-000000000000/providers/Microsoft.KeyVault/locations/eastus2euap/managedHsmOperationResults/7929d2aa-f528-4364-a656-b93b61c8a233?api-version=2022-07-01
      pragma:
      - no-cache
      server:
      - Microsoft-IIS/10.0
      strict-transport-security:
      - max-age=31536000; includeSubDomains
      x-aspnet-version:
      - 4.0.30319
      x-content-type-options:
      - nosniff
      x-ms-keyvault-service-version:
      - 1.5.564.0
    status:
      code: 202
      message: Accepted
- request:
    body: null
    headers:
      Accept:
      - '*/*'
      Accept-Encoding:
      - gzip, deflate
      CommandName:
      - keyvault create
      Connection:
      - keep-alive
      ParameterSetName:
      - --hsm-name -g -l --retention-days --administrators
      User-Agent:
      - AZURECLI/2.42.0 (PIP) azsdk-python-azure-mgmt-keyvault/10.1.0 Python/3.9.6
        (Windows-10-10.0.19045-SP0)
    method: GET
    uri: https://management.azure.com/subscriptions/00000000-0000-0000-0000-000000000000/providers/Microsoft.KeyVault/locations/eastus2euap/managedHsmOperationResults/7929d2aa-f528-4364-a656-b93b61c8a233?api-version=2022-07-01
  response:
    body:
      string: ''
    headers:
      cache-control:
      - no-cache
      content-length:
      - '0'
      date:
      - Tue, 15 Nov 2022 03:41:00 GMT
      expires:
      - '-1'
      location:
      - https://management.azure.com/subscriptions/00000000-0000-0000-0000-000000000000/providers/Microsoft.KeyVault/locations/eastus2euap/managedHsmOperationResults/7929d2aa-f528-4364-a656-b93b61c8a233?api-version=2022-07-01
      pragma:
      - no-cache
      server:
      - Microsoft-IIS/10.0
      strict-transport-security:
      - max-age=31536000; includeSubDomains
      x-aspnet-version:
      - 4.0.30319
      x-content-type-options:
      - nosniff
      x-ms-keyvault-service-version:
      - 1.5.564.0
    status:
      code: 202
      message: Accepted
- request:
    body: null
    headers:
      Accept:
      - '*/*'
      Accept-Encoding:
      - gzip, deflate
      CommandName:
      - keyvault create
      Connection:
      - keep-alive
      ParameterSetName:
      - --hsm-name -g -l --retention-days --administrators
      User-Agent:
      - AZURECLI/2.42.0 (PIP) azsdk-python-azure-mgmt-keyvault/10.1.0 Python/3.9.6
        (Windows-10-10.0.19045-SP0)
    method: GET
    uri: https://management.azure.com/subscriptions/00000000-0000-0000-0000-000000000000/providers/Microsoft.KeyVault/locations/eastus2euap/managedHsmOperationResults/7929d2aa-f528-4364-a656-b93b61c8a233?api-version=2022-07-01
  response:
    body:
      string: ''
    headers:
      cache-control:
      - no-cache
      content-length:
      - '0'
      date:
      - Tue, 15 Nov 2022 03:41:31 GMT
      expires:
      - '-1'
      location:
      - https://management.azure.com/subscriptions/00000000-0000-0000-0000-000000000000/providers/Microsoft.KeyVault/locations/eastus2euap/managedHsmOperationResults/7929d2aa-f528-4364-a656-b93b61c8a233?api-version=2022-07-01
      pragma:
      - no-cache
      server:
      - Microsoft-IIS/10.0
      strict-transport-security:
      - max-age=31536000; includeSubDomains
      x-aspnet-version:
      - 4.0.30319
      x-content-type-options:
      - nosniff
      x-ms-keyvault-service-version:
      - 1.5.564.0
    status:
      code: 202
      message: Accepted
- request:
    body: null
    headers:
      Accept:
      - '*/*'
      Accept-Encoding:
      - gzip, deflate
      CommandName:
      - keyvault create
      Connection:
      - keep-alive
      ParameterSetName:
      - --hsm-name -g -l --retention-days --administrators
      User-Agent:
      - AZURECLI/2.42.0 (PIP) azsdk-python-azure-mgmt-keyvault/10.1.0 Python/3.9.6
        (Windows-10-10.0.19045-SP0)
    method: GET
    uri: https://management.azure.com/subscriptions/00000000-0000-0000-0000-000000000000/providers/Microsoft.KeyVault/locations/eastus2euap/managedHsmOperationResults/7929d2aa-f528-4364-a656-b93b61c8a233?api-version=2022-07-01
  response:
    body:
      string: ''
    headers:
      cache-control:
      - no-cache
      content-length:
      - '0'
      date:
      - Tue, 15 Nov 2022 03:42:02 GMT
      expires:
      - '-1'
      location:
      - https://management.azure.com/subscriptions/00000000-0000-0000-0000-000000000000/providers/Microsoft.KeyVault/locations/eastus2euap/managedHsmOperationResults/7929d2aa-f528-4364-a656-b93b61c8a233?api-version=2022-07-01
      pragma:
      - no-cache
      server:
      - Microsoft-IIS/10.0
      strict-transport-security:
      - max-age=31536000; includeSubDomains
      x-aspnet-version:
      - 4.0.30319
      x-content-type-options:
      - nosniff
      x-ms-keyvault-service-version:
      - 1.5.564.0
    status:
      code: 202
      message: Accepted
- request:
    body: null
    headers:
      Accept:
      - '*/*'
      Accept-Encoding:
      - gzip, deflate
      CommandName:
      - keyvault create
      Connection:
      - keep-alive
      ParameterSetName:
      - --hsm-name -g -l --retention-days --administrators
      User-Agent:
      - AZURECLI/2.42.0 (PIP) azsdk-python-azure-mgmt-keyvault/10.1.0 Python/3.9.6
        (Windows-10-10.0.19045-SP0)
    method: GET
    uri: https://management.azure.com/subscriptions/00000000-0000-0000-0000-000000000000/providers/Microsoft.KeyVault/locations/eastus2euap/managedHsmOperationResults/7929d2aa-f528-4364-a656-b93b61c8a233?api-version=2022-07-01
  response:
    body:
      string: ''
    headers:
      cache-control:
      - no-cache
      content-length:
      - '0'
      date:
      - Tue, 15 Nov 2022 03:42:32 GMT
      expires:
      - '-1'
      location:
      - https://management.azure.com/subscriptions/00000000-0000-0000-0000-000000000000/providers/Microsoft.KeyVault/locations/eastus2euap/managedHsmOperationResults/7929d2aa-f528-4364-a656-b93b61c8a233?api-version=2022-07-01
      pragma:
      - no-cache
      server:
      - Microsoft-IIS/10.0
      strict-transport-security:
      - max-age=31536000; includeSubDomains
      x-aspnet-version:
      - 4.0.30319
      x-content-type-options:
      - nosniff
      x-ms-keyvault-service-version:
      - 1.5.564.0
    status:
      code: 202
      message: Accepted
- request:
    body: null
    headers:
      Accept:
      - '*/*'
      Accept-Encoding:
      - gzip, deflate
      CommandName:
      - keyvault create
      Connection:
      - keep-alive
      ParameterSetName:
      - --hsm-name -g -l --retention-days --administrators
      User-Agent:
      - AZURECLI/2.42.0 (PIP) azsdk-python-azure-mgmt-keyvault/10.1.0 Python/3.9.6
        (Windows-10-10.0.19045-SP0)
    method: GET
    uri: https://management.azure.com/subscriptions/00000000-0000-0000-0000-000000000000/providers/Microsoft.KeyVault/locations/eastus2euap/managedHsmOperationResults/7929d2aa-f528-4364-a656-b93b61c8a233?api-version=2022-07-01
  response:
    body:
      string: ''
    headers:
      cache-control:
      - no-cache
      content-length:
      - '0'
      date:
      - Tue, 15 Nov 2022 03:43:03 GMT
      expires:
      - '-1'
      location:
      - https://management.azure.com/subscriptions/00000000-0000-0000-0000-000000000000/providers/Microsoft.KeyVault/locations/eastus2euap/managedHsmOperationResults/7929d2aa-f528-4364-a656-b93b61c8a233?api-version=2022-07-01
      pragma:
      - no-cache
      server:
      - Microsoft-IIS/10.0
      strict-transport-security:
      - max-age=31536000; includeSubDomains
      x-aspnet-version:
      - 4.0.30319
      x-content-type-options:
      - nosniff
      x-ms-keyvault-service-version:
      - 1.5.564.0
    status:
      code: 202
      message: Accepted
- request:
    body: null
    headers:
      Accept:
      - '*/*'
      Accept-Encoding:
      - gzip, deflate
      CommandName:
      - keyvault create
      Connection:
      - keep-alive
      ParameterSetName:
      - --hsm-name -g -l --retention-days --administrators
      User-Agent:
      - AZURECLI/2.42.0 (PIP) azsdk-python-azure-mgmt-keyvault/10.1.0 Python/3.9.6
        (Windows-10-10.0.19045-SP0)
    method: GET
    uri: https://management.azure.com/subscriptions/00000000-0000-0000-0000-000000000000/providers/Microsoft.KeyVault/locations/eastus2euap/managedHsmOperationResults/7929d2aa-f528-4364-a656-b93b61c8a233?api-version=2022-07-01
  response:
    body:
      string: ''
    headers:
      cache-control:
      - no-cache
      content-length:
      - '0'
      date:
      - Tue, 15 Nov 2022 03:43:33 GMT
      expires:
      - '-1'
      location:
      - https://management.azure.com/subscriptions/00000000-0000-0000-0000-000000000000/providers/Microsoft.KeyVault/locations/eastus2euap/managedHsmOperationResults/7929d2aa-f528-4364-a656-b93b61c8a233?api-version=2022-07-01
      pragma:
      - no-cache
      server:
      - Microsoft-IIS/10.0
      strict-transport-security:
      - max-age=31536000; includeSubDomains
      x-aspnet-version:
      - 4.0.30319
      x-content-type-options:
      - nosniff
      x-ms-keyvault-service-version:
      - 1.5.564.0
    status:
      code: 202
      message: Accepted
- request:
    body: null
    headers:
      Accept:
      - '*/*'
      Accept-Encoding:
      - gzip, deflate
      CommandName:
      - keyvault create
      Connection:
      - keep-alive
      ParameterSetName:
      - --hsm-name -g -l --retention-days --administrators
      User-Agent:
      - AZURECLI/2.42.0 (PIP) azsdk-python-azure-mgmt-keyvault/10.1.0 Python/3.9.6
        (Windows-10-10.0.19045-SP0)
    method: GET
    uri: https://management.azure.com/subscriptions/00000000-0000-0000-0000-000000000000/providers/Microsoft.KeyVault/locations/eastus2euap/managedHsmOperationResults/7929d2aa-f528-4364-a656-b93b61c8a233?api-version=2022-07-01
  response:
    body:
      string: ''
    headers:
      cache-control:
      - no-cache
      content-length:
      - '0'
      date:
      - Tue, 15 Nov 2022 03:44:03 GMT
      expires:
      - '-1'
      location:
      - https://management.azure.com/subscriptions/00000000-0000-0000-0000-000000000000/providers/Microsoft.KeyVault/locations/eastus2euap/managedHsmOperationResults/7929d2aa-f528-4364-a656-b93b61c8a233?api-version=2022-07-01
      pragma:
      - no-cache
      server:
      - Microsoft-IIS/10.0
      strict-transport-security:
      - max-age=31536000; includeSubDomains
      x-aspnet-version:
      - 4.0.30319
      x-content-type-options:
      - nosniff
      x-ms-keyvault-service-version:
      - 1.5.564.0
    status:
      code: 202
      message: Accepted
- request:
    body: null
    headers:
      Accept:
      - '*/*'
      Accept-Encoding:
      - gzip, deflate
      CommandName:
      - keyvault create
      Connection:
      - keep-alive
      ParameterSetName:
      - --hsm-name -g -l --retention-days --administrators
      User-Agent:
      - AZURECLI/2.42.0 (PIP) azsdk-python-azure-mgmt-keyvault/10.1.0 Python/3.9.6
        (Windows-10-10.0.19045-SP0)
    method: GET
    uri: https://management.azure.com/subscriptions/00000000-0000-0000-0000-000000000000/providers/Microsoft.KeyVault/locations/eastus2euap/managedHsmOperationResults/7929d2aa-f528-4364-a656-b93b61c8a233?api-version=2022-07-01
  response:
    body:
      string: ''
    headers:
      cache-control:
      - no-cache
      content-length:
      - '0'
      date:
      - Tue, 15 Nov 2022 03:44:34 GMT
      expires:
      - '-1'
      location:
      - https://management.azure.com/subscriptions/00000000-0000-0000-0000-000000000000/providers/Microsoft.KeyVault/locations/eastus2euap/managedHsmOperationResults/7929d2aa-f528-4364-a656-b93b61c8a233?api-version=2022-07-01
      pragma:
      - no-cache
      server:
      - Microsoft-IIS/10.0
      strict-transport-security:
      - max-age=31536000; includeSubDomains
      x-aspnet-version:
      - 4.0.30319
      x-content-type-options:
      - nosniff
      x-ms-keyvault-service-version:
      - 1.5.564.0
    status:
      code: 202
      message: Accepted
- request:
    body: null
    headers:
      Accept:
      - '*/*'
      Accept-Encoding:
      - gzip, deflate
      CommandName:
      - keyvault create
      Connection:
      - keep-alive
      ParameterSetName:
      - --hsm-name -g -l --retention-days --administrators
      User-Agent:
      - AZURECLI/2.42.0 (PIP) azsdk-python-azure-mgmt-keyvault/10.1.0 Python/3.9.6
        (Windows-10-10.0.19045-SP0)
    method: GET
    uri: https://management.azure.com/subscriptions/00000000-0000-0000-0000-000000000000/providers/Microsoft.KeyVault/locations/eastus2euap/managedHsmOperationResults/7929d2aa-f528-4364-a656-b93b61c8a233?api-version=2022-07-01
  response:
    body:
      string: ''
    headers:
      cache-control:
      - no-cache
      content-length:
      - '0'
      date:
      - Tue, 15 Nov 2022 03:45:05 GMT
      expires:
      - '-1'
      location:
      - https://management.azure.com/subscriptions/00000000-0000-0000-0000-000000000000/providers/Microsoft.KeyVault/locations/eastus2euap/managedHsmOperationResults/7929d2aa-f528-4364-a656-b93b61c8a233?api-version=2022-07-01
      pragma:
      - no-cache
      server:
      - Microsoft-IIS/10.0
      strict-transport-security:
      - max-age=31536000; includeSubDomains
      x-aspnet-version:
      - 4.0.30319
      x-content-type-options:
      - nosniff
      x-ms-keyvault-service-version:
      - 1.5.564.0
    status:
      code: 202
      message: Accepted
- request:
    body: null
    headers:
      Accept:
      - '*/*'
      Accept-Encoding:
      - gzip, deflate
      CommandName:
      - keyvault create
      Connection:
      - keep-alive
      ParameterSetName:
      - --hsm-name -g -l --retention-days --administrators
      User-Agent:
      - AZURECLI/2.42.0 (PIP) azsdk-python-azure-mgmt-keyvault/10.1.0 Python/3.9.6
        (Windows-10-10.0.19045-SP0)
    method: GET
    uri: https://management.azure.com/subscriptions/00000000-0000-0000-0000-000000000000/providers/Microsoft.KeyVault/locations/eastus2euap/managedHsmOperationResults/7929d2aa-f528-4364-a656-b93b61c8a233?api-version=2022-07-01
  response:
    body:
      string: ''
    headers:
      cache-control:
      - no-cache
      content-length:
      - '0'
      date:
      - Tue, 15 Nov 2022 03:45:36 GMT
      expires:
      - '-1'
      location:
      - https://management.azure.com/subscriptions/00000000-0000-0000-0000-000000000000/providers/Microsoft.KeyVault/locations/eastus2euap/managedHsmOperationResults/7929d2aa-f528-4364-a656-b93b61c8a233?api-version=2022-07-01
      pragma:
      - no-cache
      server:
      - Microsoft-IIS/10.0
      strict-transport-security:
      - max-age=31536000; includeSubDomains
      x-aspnet-version:
      - 4.0.30319
      x-content-type-options:
      - nosniff
      x-ms-keyvault-service-version:
      - 1.5.564.0
    status:
      code: 202
      message: Accepted
- request:
    body: null
    headers:
      Accept:
      - '*/*'
      Accept-Encoding:
      - gzip, deflate
      CommandName:
      - keyvault create
      Connection:
      - keep-alive
      ParameterSetName:
      - --hsm-name -g -l --retention-days --administrators
      User-Agent:
      - AZURECLI/2.42.0 (PIP) azsdk-python-azure-mgmt-keyvault/10.1.0 Python/3.9.6
        (Windows-10-10.0.19045-SP0)
    method: GET
    uri: https://management.azure.com/subscriptions/00000000-0000-0000-0000-000000000000/providers/Microsoft.KeyVault/locations/eastus2euap/managedHsmOperationResults/7929d2aa-f528-4364-a656-b93b61c8a233?api-version=2022-07-01
  response:
    body:
      string: '{"sku":{"family":"B","name":"Standard_B1"},"id":"/subscriptions/00000000-0000-0000-0000-000000000000/resourceGroups/cli_test_hsm_plr_rg000001/providers/Microsoft.KeyVault/managedHSMs/cli-test-hsm-plr-000002","name":"cli-test-hsm-plr-000002","type":"Microsoft.KeyVault/managedHSMs","location":"eastus2euap","tags":{},"systemData":{"createdBy":"zhiyihuang@microsoft.com","createdByType":"User","createdAt":"2022-11-15T03:35:52.679Z","lastModifiedBy":"zhiyihuang@microsoft.com","lastModifiedByType":"User","lastModifiedAt":"2022-11-15T03:35:52.679Z"},"properties":{"tenantId":"54826b22-38d6-4fb2-bad9-b7b93a3e9c5a","hsmUri":"https://cli-test-hsm-plr-000002.managedhsm.azure.net/","initialAdminObjectIds":["3707fb2f-ac10-4591-a04f-8b0d786ea37d"],"enableSoftDelete":true,"softDeleteRetentionInDays":7,"enablePurgeProtection":false,"provisioningState":"Succeeded","statusMessage":"The
        Managed HSM is provisioned and ready to use.","networkAcls":{"bypass":"AzureServices","defaultAction":"Allow","ipRules":[],"virtualNetworkRules":[]},"publicNetworkAccess":"Enabled","regions":[],"securityDomainProperties":{"activationStatus":"NotActivated","activationStatusMessage":"Your
        HSM has been provisioned, but cannot be used for cryptographic operations
        until it is activated. To activate the HSM, download the security domain."}}}'
    headers:
      cache-control:
      - no-cache
      content-length:
      - '1318'
      content-type:
      - application/json; charset=utf-8
      date:
      - Tue, 15 Nov 2022 03:46:05 GMT
      expires:
      - '-1'
      pragma:
      - no-cache
      server:
      - Microsoft-IIS/10.0
      strict-transport-security:
      - max-age=31536000; includeSubDomains
      transfer-encoding:
      - chunked
      vary:
      - Accept-Encoding
      x-aspnet-version:
      - 4.0.30319
      x-content-type-options:
      - nosniff
      x-ms-keyvault-service-version:
      - 1.5.564.0
    status:
      code: 200
      message: OK
- request:
    body: null
    headers:
      Accept:
      - application/json
      Accept-Encoding:
      - gzip, deflate
      CommandName:
      - keyvault private-link-resource list
      Connection:
      - keep-alive
      ParameterSetName:
      - --hsm-name
      User-Agent:
      - AZURECLI/2.42.0 (PIP) azsdk-python-azure-mgmt-keyvault/10.1.0 Python/3.9.6
        (Windows-10-10.0.19045-SP0)
    method: GET
    uri: https://management.azure.com/subscriptions/00000000-0000-0000-0000-000000000000/providers/Microsoft.KeyVault/managedHSMs?api-version=2022-07-01
  response:
    body:
      string: '{"value":[{"sku":{"family":"B","name":"Standard_B1"},"id":"/subscriptions/00000000-0000-0000-0000-000000000000/resourceGroups/cli_test_hsm_petiazvfb2dyvkbsxl4mtqpxjyppbsdqb7cqdgijjot4nxdhp7nm5raryvkzzb/providers/Microsoft.KeyVault/managedHSMs/cli-test-hsm-pe-pcssbjuz","name":"cli-test-hsm-pe-pcssbjuz","type":"Microsoft.KeyVault/managedHSMs","location":"centraluseuap","tags":{},"systemData":{"createdBy":"azureclitest@azuresdkteam.onmicrosoft.com","createdByType":"User","createdAt":"2021-12-09T20:30:16.963Z","lastModifiedBy":"azureclitest@azuresdkteam.onmicrosoft.com","lastModifiedByType":"User","lastModifiedAt":"2021-12-09T20:30:16.963Z"},"properties":{"tenantId":"54826b22-38d6-4fb2-bad9-b7b93a3e9c5a","hsmUri":"https://cli-test-hsm-pe-pcssbjuz.managedhsm.azure.net/","initialAdminObjectIds":["3707fb2f-ac10-4591-a04f-8b0d786ea37d"],"enableSoftDelete":true,"softDeleteRetentionInDays":90,"enablePurgeProtection":false,"provisioningState":"PartiallyDeleted","statusMessage":"Resource
        creation in progress. Allocating hardware...","networkAcls":{"bypass":"AzureServices","defaultAction":"Allow","ipRules":[],"virtualNetworkRules":[]},"publicNetworkAccess":"Enabled","purgeDateTimeUtc":"2022-03-10T03:13:48Z","regions":[]}},{"sku":{"family":"B","name":"Standard_B1"},"id":"/subscriptions/00000000-0000-0000-0000-000000000000/resourceGroups/cli_test_hsm_plr_rgfnluab4sxdbooilzqfusfpv4pt6pz76dmqxnio2r3h4mj4jl45imzr7d/providers/Microsoft.KeyVault/managedHSMs/cli-test-hsm-plr-k5n2spz","name":"cli-test-hsm-plr-k5n2spz","type":"Microsoft.KeyVault/managedHSMs","location":"centraluseuap","tags":{},"systemData":{"createdBy":"azureclitest@azuresdkteam.onmicrosoft.com","createdByType":"User","createdAt":"2021-11-25T17:55:42.308Z","lastModifiedBy":"azureclitest@azuresdkteam.onmicrosoft.com","lastModifiedByType":"User","lastModifiedAt":"2021-11-25T17:55:42.308Z"},"properties":{"tenantId":"54826b22-38d6-4fb2-bad9-b7b93a3e9c5a","hsmUri":"https://cli-test-hsm-plr-k5n2spz.managedhsm.azure.net/","initialAdminObjectIds":["3707fb2f-ac10-4591-a04f-8b0d786ea37d"],"enableSoftDelete":true,"softDeleteRetentionInDays":90,"enablePurgeProtection":false,"provisioningState":"PartiallyDeleted","statusMessage":"Resource
        creation in progress. Allocating hardware...","networkAcls":{"bypass":"AzureServices","defaultAction":"Allow","ipRules":[],"virtualNetworkRules":[]},"publicNetworkAccess":"Enabled","purgeDateTimeUtc":"2022-02-23T19:51:35Z","regions":[]}},{"sku":{"family":"B","name":"Standard_B1"},"id":"/subscriptions/00000000-0000-0000-0000-000000000000/resourceGroups/cli_test_hsm_plr_rglhmuj6vjieylvbuehrrrsi73ajczvzobq4wkb7uvu2brhglvqld3iiyq/providers/Microsoft.KeyVault/managedHSMs/cli-test-hsm-plr-63tbwbj","name":"cli-test-hsm-plr-63tbwbj","type":"Microsoft.KeyVault/managedHSMs","location":"centraluseuap","tags":{},"systemData":{"createdBy":"azureclitest@azuresdkteam.onmicrosoft.com","createdByType":"User","createdAt":"2021-12-09T20:33:29.364Z","lastModifiedBy":"azureclitest@azuresdkteam.onmicrosoft.com","lastModifiedByType":"User","lastModifiedAt":"2021-12-09T20:33:29.364Z"},"properties":{"tenantId":"54826b22-38d6-4fb2-bad9-b7b93a3e9c5a","hsmUri":"https://cli-test-hsm-plr-63tbwbj.managedhsm.azure.net/","initialAdminObjectIds":["3707fb2f-ac10-4591-a04f-8b0d786ea37d"],"enableSoftDelete":true,"softDeleteRetentionInDays":90,"enablePurgeProtection":false,"provisioningState":"PartiallyDeleted","statusMessage":"Resource
        creation in progress. Allocating hardware...","networkAcls":{"bypass":"AzureServices","defaultAction":"Allow","ipRules":[],"virtualNetworkRules":[]},"publicNetworkAccess":"Enabled","purgeDateTimeUtc":"2022-03-09T23:32:27Z","regions":[]}},{"sku":{"family":"B","name":"Standard_B1"},"id":"/subscriptions/00000000-0000-0000-0000-000000000000/resourceGroups/cli_test_keyvault_pecoakyzox2f3h74az6ibtp333zjslziewg3v4utufemj2c3wcbrmzmah/providers/Microsoft.KeyVault/managedHSMs/cli-test-hsm-pec-4oq2tv3","name":"cli-test-hsm-pec-4oq2tv3","type":"Microsoft.KeyVault/managedHSMs","location":"centraluseuap","tags":{},"systemData":{"createdBy":"zhiyihuang@microsoft.com","createdByType":"User","createdAt":"2022-11-15T03:38:07.729Z","lastModifiedBy":"zhiyihuang@microsoft.com","lastModifiedByType":"User","lastModifiedAt":"2022-11-15T03:38:07.729Z"},"properties":{"tenantId":"54826b22-38d6-4fb2-bad9-b7b93a3e9c5a","hsmUri":"https://cli-test-hsm-pec-4oq2tv3.managedhsm.azure.net/","initialAdminObjectIds":["3707fb2f-ac10-4591-a04f-8b0d786ea37d"],"enableSoftDelete":true,"softDeleteRetentionInDays":7,"enablePurgeProtection":false,"provisioningState":"Provisioning","statusMessage":"Resource
        creation in progress. Starting service...","networkAcls":{"bypass":"AzureServices","defaultAction":"Allow","ipRules":[],"virtualNetworkRules":[]},"publicNetworkAccess":"Enabled","regions":[],"securityDomainProperties":{"activationStatus":"NotActivated","activationStatusMessage":"Your
        HSM has been provisioned, but cannot be used for cryptographic operations
        until it is activated. To activate the HSM, download the security domain."}}},{"sku":{"family":"B","name":"Standard_B1"},"id":"/subscriptions/00000000-0000-0000-0000-000000000000/resourceGroups/cli_test_hsm_plr_rg000001/providers/Microsoft.KeyVault/managedHSMs/cli-test-hsm-plr-000002","name":"cli-test-hsm-plr-000002","type":"Microsoft.KeyVault/managedHSMs","location":"eastus2euap","tags":{},"systemData":{"createdBy":"zhiyihuang@microsoft.com","createdByType":"User","createdAt":"2022-11-15T03:35:52.679Z","lastModifiedBy":"zhiyihuang@microsoft.com","lastModifiedByType":"User","lastModifiedAt":"2022-11-15T03:35:52.679Z"},"properties":{"tenantId":"54826b22-38d6-4fb2-bad9-b7b93a3e9c5a","hsmUri":"https://cli-test-hsm-plr-000002.managedhsm.azure.net/","initialAdminObjectIds":["3707fb2f-ac10-4591-a04f-8b0d786ea37d"],"enableSoftDelete":true,"softDeleteRetentionInDays":7,"enablePurgeProtection":false,"provisioningState":"Succeeded","statusMessage":"The
        Managed HSM is provisioned and ready to use.","networkAcls":{"bypass":"AzureServices","defaultAction":"Allow","ipRules":[],"virtualNetworkRules":[]},"publicNetworkAccess":"Enabled","regions":[],"securityDomainProperties":{"activationStatus":"NotActivated","activationStatusMessage":"Your
        HSM has been provisioned, but cannot be used for cryptographic operations
        until it is activated. To activate the HSM, download the security domain."}}},{"sku":{"family":"B","name":"Standard_B1"},"id":"/subscriptions/00000000-0000-0000-0000-000000000000/resourceGroups/bez-rg/providers/Microsoft.KeyVault/managedHSMs/bezmhsm09","name":"bezmhsm09","type":"Microsoft.KeyVault/managedHSMs","location":"eastus","tags":{},"systemData":{"createdBy":"Beisi.Zhou@microsoft.com","createdByType":"User","createdAt":"2022-09-01T03:02:03.844Z","lastModifiedBy":"Beisi.Zhou@microsoft.com","lastModifiedByType":"User","lastModifiedAt":"2022-10-21T09:49:32.766Z"},"properties":{"tenantId":"54826b22-38d6-4fb2-bad9-b7b93a3e9c5a","hsmUri":"https://bezmhsm09.managedhsm.azure.net/","initialAdminObjectIds":["2f153a9e-5be9-4f43-abd2-04561777c8b0"],"enableSoftDelete":true,"softDeleteRetentionInDays":70,"enablePurgeProtection":false,"provisioningState":"Succeeded","statusMessage":"The
        Managed HSM is provisioned and ready to use.","networkAcls":{"bypass":"AzureServices","defaultAction":"Allow","ipRules":[],"virtualNetworkRules":[]},"publicNetworkAccess":"Enabled","regions":[],"securityDomainProperties":{"activationStatus":"Active","activationStatusMessage":"Your
        HSM has been activated and can be used for cryptographic operations."}}},{"sku":{"family":"B","name":"Standard_B1"},"id":"/subscriptions/00000000-0000-0000-0000-000000000000/resourceGroups/yishitest/providers/Microsoft.KeyVault/managedHSMs/ystesthsm","name":"ystesthsm","type":"Microsoft.KeyVault/managedHSMs","location":"eastus","tags":{},"systemData":{"createdBy":"7c9058f4-aba9-42bc-b8cc-af6eb1ff60ce","createdByType":"Application","createdAt":"2021-09-22T07:44:33.507Z","lastModifiedBy":"yishiwang@microsoft.com","lastModifiedByType":"User","lastModifiedAt":"2022-08-23T05:23:36.313Z"},"properties":{"tenantId":"54826b22-38d6-4fb2-bad9-b7b93a3e9c5a","hsmUri":"https://ystesthsm.managedhsm.azure.net/","initialAdminObjectIds":["3707fb2f-ac10-4591-a04f-8b0d786ea37d"],"enableSoftDelete":true,"softDeleteRetentionInDays":90,"enablePurgeProtection":false,"provisioningState":"Succeeded","statusMessage":"The
        Managed HSM is provisioned and ready to use.","networkAcls":{"bypass":"AzureServices","defaultAction":"Allow","ipRules":[],"virtualNetworkRules":[]},"publicNetworkAccess":"Enabled","regions":[],"securityDomainProperties":{"activationStatus":"Active","activationStatusMessage":"Your
        HSM has been activated and can be used for cryptographic operations."}}}]}'
    headers:
      cache-control:
      - no-cache
      content-length:
      - '8725'
      content-type:
      - application/json; charset=utf-8
      date:
      - Tue, 15 Nov 2022 03:46:08 GMT
      expires:
      - '-1'
      pragma:
      - no-cache
      strict-transport-security:
      - max-age=31536000; includeSubDomains
      vary:
      - Accept-Encoding
      x-content-type-options:
      - nosniff
      x-ms-original-request-ids:
      - a3031d64-79e2-44d8-aece-f2837716f423
      - 7a529db0-f925-43e7-b62a-17a69b54f501
      - 46157cda-c7de-4544-a5e6-b61cc1099048
    status:
      code: 200
      message: OK
- request:
    body: null
    headers:
      Accept:
      - application/json
      Accept-Encoding:
      - gzip, deflate
      CommandName:
      - keyvault private-link-resource list
      Connection:
      - keep-alive
      ParameterSetName:
      - --hsm-name
      User-Agent:
      - AZURECLI/2.42.0 (PIP) azsdk-python-azure-mgmt-keyvault/10.1.0 Python/3.9.6
        (Windows-10-10.0.19045-SP0)
    method: GET
    uri: https://management.azure.com/subscriptions/00000000-0000-0000-0000-000000000000/resourceGroups/cli_test_hsm_plr_rg000001/providers/Microsoft.KeyVault/managedHSMs/cli-test-hsm-plr-000002/privateLinkResources?api-version=2021-04-01-preview
  response:
    body:
      string: '{"value":[{"id":"/subscriptions/00000000-0000-0000-0000-000000000000/resourceGroups/cli_test_hsm_plr_rg000001/providers/Microsoft.KeyVault/managedHSMs/cli-test-hsm-plr-000002/privateLinkResources/managedhsm","name":"managedhsm","type":"Microsoft.KeyVault/managedHSMs/privateLinkResources","properties":{"groupId":"managedhsm","requiredMembers":["default"],"requiredZoneNames":["privatelink.managedhsm.azure.net"]}}]}'
    headers:
      cache-control:
      - no-cache
      content-length:
      - '416'
      content-type:
      - application/json; charset=utf-8
      date:
      - Tue, 15 Nov 2022 03:46:10 GMT
      expires:
      - '-1'
      pragma:
      - no-cache
      server:
      - Microsoft-IIS/10.0
      strict-transport-security:
      - max-age=31536000; includeSubDomains
      transfer-encoding:
      - chunked
      vary:
      - Accept-Encoding
      x-aspnet-version:
      - 4.0.30319
      x-content-type-options:
      - nosniff
      x-ms-keyvault-service-version:
      - 1.5.564.0
    status:
      code: 200
      message: OK
- request:
    body: null
    headers:
      Accept:
      - application/json
      Accept-Encoding:
      - gzip, deflate
      CommandName:
      - keyvault delete
      Connection:
      - keep-alive
      Content-Length:
      - '0'
      ParameterSetName:
      - --hsm-name -g
      User-Agent:
      - AZURECLI/2.42.0 (PIP) azsdk-python-azure-mgmt-keyvault/10.1.0 Python/3.9.6
        (Windows-10-10.0.19045-SP0)
    method: DELETE
    uri: https://management.azure.com/subscriptions/00000000-0000-0000-0000-000000000000/resourceGroups/cli_test_hsm_plr_rg000001/providers/Microsoft.KeyVault/managedHSMs/cli-test-hsm-plr-000002?api-version=2022-07-01
  response:
    body:
      string: ''
    headers:
      cache-control:
      - no-cache
      content-length:
      - '0'
      date:
      - Tue, 15 Nov 2022 03:46:13 GMT
      expires:
      - '-1'
      location:
      - https://management.azure.com/subscriptions/00000000-0000-0000-0000-000000000000/providers/Microsoft.KeyVault/locations/eastus2euap/managedHsmOperationResults/645d73e3-4158-4bbd-bf86-83521ee89e6b?api-version=2022-07-01
      pragma:
      - no-cache
      server:
      - Microsoft-IIS/10.0
      strict-transport-security:
      - max-age=31536000; includeSubDomains
      x-aspnet-version:
      - 4.0.30319
      x-content-type-options:
      - nosniff
      x-ms-keyvault-service-version:
      - 1.5.564.0
      x-ms-ratelimit-remaining-subscription-deletes:
      - '14999'
    status:
      code: 202
      message: Accepted
- request:
    body: null
    headers:
      Accept:
      - '*/*'
      Accept-Encoding:
      - gzip, deflate
      CommandName:
      - keyvault delete
      Connection:
      - keep-alive
      ParameterSetName:
      - --hsm-name -g
      User-Agent:
      - AZURECLI/2.42.0 (PIP) azsdk-python-azure-mgmt-keyvault/10.1.0 Python/3.9.6
        (Windows-10-10.0.19045-SP0)
    method: GET
    uri: https://management.azure.com/subscriptions/00000000-0000-0000-0000-000000000000/providers/Microsoft.KeyVault/locations/eastus2euap/managedHsmOperationResults/645d73e3-4158-4bbd-bf86-83521ee89e6b?api-version=2022-07-01
  response:
    body:
      string: ''
    headers:
      cache-control:
      - no-cache
      content-length:
      - '0'
      date:
      - Tue, 15 Nov 2022 03:46:44 GMT
      expires:
      - '-1'
      location:
      - https://management.azure.com/subscriptions/00000000-0000-0000-0000-000000000000/providers/Microsoft.KeyVault/locations/eastus2euap/managedHsmOperationResults/645d73e3-4158-4bbd-bf86-83521ee89e6b?api-version=2022-07-01
      pragma:
      - no-cache
      server:
      - Microsoft-IIS/10.0
      strict-transport-security:
      - max-age=31536000; includeSubDomains
      x-aspnet-version:
      - 4.0.30319
      x-content-type-options:
      - nosniff
      x-ms-keyvault-service-version:
      - 1.5.564.0
    status:
      code: 202
      message: Accepted
- request:
    body: null
    headers:
      Accept:
      - '*/*'
      Accept-Encoding:
      - gzip, deflate
      CommandName:
      - keyvault delete
      Connection:
      - keep-alive
      ParameterSetName:
      - --hsm-name -g
      User-Agent:
      - AZURECLI/2.42.0 (PIP) azsdk-python-azure-mgmt-keyvault/10.1.0 Python/3.9.6
        (Windows-10-10.0.19045-SP0)
    method: GET
    uri: https://management.azure.com/subscriptions/00000000-0000-0000-0000-000000000000/providers/Microsoft.KeyVault/locations/eastus2euap/managedHsmOperationResults/645d73e3-4158-4bbd-bf86-83521ee89e6b?api-version=2022-07-01
  response:
    body:
      string: ''
    headers:
      cache-control:
      - no-cache
      content-length:
      - '0'
      date:
      - Tue, 15 Nov 2022 03:47:14 GMT
      expires:
      - '-1'
      location:
      - https://management.azure.com/subscriptions/00000000-0000-0000-0000-000000000000/providers/Microsoft.KeyVault/locations/eastus2euap/managedHsmOperationResults/645d73e3-4158-4bbd-bf86-83521ee89e6b?api-version=2022-07-01
      pragma:
      - no-cache
      server:
      - Microsoft-IIS/10.0
      strict-transport-security:
      - max-age=31536000; includeSubDomains
      x-aspnet-version:
      - 4.0.30319
      x-content-type-options:
      - nosniff
      x-ms-keyvault-service-version:
      - 1.5.564.0
    status:
      code: 202
      message: Accepted
- request:
    body: null
    headers:
      Accept:
      - '*/*'
      Accept-Encoding:
      - gzip, deflate
      CommandName:
      - keyvault delete
      Connection:
      - keep-alive
      ParameterSetName:
      - --hsm-name -g
      User-Agent:
      - AZURECLI/2.42.0 (PIP) azsdk-python-azure-mgmt-keyvault/10.1.0 Python/3.9.6
        (Windows-10-10.0.19045-SP0)
    method: GET
    uri: https://management.azure.com/subscriptions/00000000-0000-0000-0000-000000000000/providers/Microsoft.KeyVault/locations/eastus2euap/managedHsmOperationResults/645d73e3-4158-4bbd-bf86-83521ee89e6b?api-version=2022-07-01
  response:
    body:
      string: ''
    headers:
      cache-control:
      - no-cache
      content-length:
      - '0'
      date:
      - Tue, 15 Nov 2022 03:47:45 GMT
      expires:
      - '-1'
      location:
      - https://management.azure.com/subscriptions/00000000-0000-0000-0000-000000000000/providers/Microsoft.KeyVault/locations/eastus2euap/managedHsmOperationResults/645d73e3-4158-4bbd-bf86-83521ee89e6b?api-version=2022-07-01
      pragma:
      - no-cache
      server:
      - Microsoft-IIS/10.0
      strict-transport-security:
      - max-age=31536000; includeSubDomains
      x-aspnet-version:
      - 4.0.30319
      x-content-type-options:
      - nosniff
      x-ms-keyvault-service-version:
      - 1.5.564.0
    status:
      code: 202
      message: Accepted
- request:
    body: null
    headers:
      Accept:
      - '*/*'
      Accept-Encoding:
      - gzip, deflate
      CommandName:
      - keyvault delete
      Connection:
      - keep-alive
      ParameterSetName:
      - --hsm-name -g
      User-Agent:
      - AZURECLI/2.42.0 (PIP) azsdk-python-azure-mgmt-keyvault/10.1.0 Python/3.9.6
        (Windows-10-10.0.19045-SP0)
    method: GET
    uri: https://management.azure.com/subscriptions/00000000-0000-0000-0000-000000000000/providers/Microsoft.KeyVault/locations/eastus2euap/managedHsmOperationResults/645d73e3-4158-4bbd-bf86-83521ee89e6b?api-version=2022-07-01
  response:
    body:
      string: ''
    headers:
      cache-control:
      - no-cache
      content-length:
      - '0'
      date:
      - Tue, 15 Nov 2022 03:48:15 GMT
      expires:
      - '-1'
      location:
      - https://management.azure.com/subscriptions/00000000-0000-0000-0000-000000000000/providers/Microsoft.KeyVault/locations/eastus2euap/managedHsmOperationResults/645d73e3-4158-4bbd-bf86-83521ee89e6b?api-version=2022-07-01
      pragma:
      - no-cache
      server:
      - Microsoft-IIS/10.0
      strict-transport-security:
      - max-age=31536000; includeSubDomains
      x-aspnet-version:
      - 4.0.30319
      x-content-type-options:
      - nosniff
      x-ms-keyvault-service-version:
      - 1.5.564.0
    status:
      code: 202
      message: Accepted
- request:
    body: null
    headers:
      Accept:
      - '*/*'
      Accept-Encoding:
      - gzip, deflate
      CommandName:
      - keyvault delete
      Connection:
      - keep-alive
      ParameterSetName:
      - --hsm-name -g
      User-Agent:
      - AZURECLI/2.42.0 (PIP) azsdk-python-azure-mgmt-keyvault/10.1.0 Python/3.9.6
        (Windows-10-10.0.19045-SP0)
    method: GET
    uri: https://management.azure.com/subscriptions/00000000-0000-0000-0000-000000000000/providers/Microsoft.KeyVault/locations/eastus2euap/managedHsmOperationResults/645d73e3-4158-4bbd-bf86-83521ee89e6b?api-version=2022-07-01
  response:
    body:
      string: ''
    headers:
      cache-control:
      - no-cache
      content-length:
      - '0'
      date:
      - Tue, 15 Nov 2022 03:48:45 GMT
      expires:
      - '-1'
      location:
      - https://management.azure.com/subscriptions/00000000-0000-0000-0000-000000000000/providers/Microsoft.KeyVault/locations/eastus2euap/managedHsmOperationResults/645d73e3-4158-4bbd-bf86-83521ee89e6b?api-version=2022-07-01
      pragma:
      - no-cache
      server:
      - Microsoft-IIS/10.0
      strict-transport-security:
      - max-age=31536000; includeSubDomains
      x-aspnet-version:
      - 4.0.30319
      x-content-type-options:
      - nosniff
      x-ms-keyvault-service-version:
      - 1.5.564.0
    status:
      code: 202
      message: Accepted
- request:
    body: null
    headers:
      Accept:
      - '*/*'
      Accept-Encoding:
      - gzip, deflate
      CommandName:
      - keyvault delete
      Connection:
      - keep-alive
      ParameterSetName:
      - --hsm-name -g
      User-Agent:
      - AZURECLI/2.42.0 (PIP) azsdk-python-azure-mgmt-keyvault/10.1.0 Python/3.9.6
        (Windows-10-10.0.19045-SP0)
    method: GET
    uri: https://management.azure.com/subscriptions/00000000-0000-0000-0000-000000000000/providers/Microsoft.KeyVault/locations/eastus2euap/managedHsmOperationResults/645d73e3-4158-4bbd-bf86-83521ee89e6b?api-version=2022-07-01
  response:
    body:
      string: ''
    headers:
      cache-control:
      - no-cache
      content-length:
      - '0'
      date:
      - Tue, 15 Nov 2022 03:49:16 GMT
      expires:
      - '-1'
      location:
      - https://management.azure.com/subscriptions/00000000-0000-0000-0000-000000000000/providers/Microsoft.KeyVault/locations/eastus2euap/managedHsmOperationResults/645d73e3-4158-4bbd-bf86-83521ee89e6b?api-version=2022-07-01
      pragma:
      - no-cache
      server:
      - Microsoft-IIS/10.0
      strict-transport-security:
      - max-age=31536000; includeSubDomains
      x-aspnet-version:
      - 4.0.30319
      x-content-type-options:
      - nosniff
      x-ms-keyvault-service-version:
      - 1.5.564.0
    status:
      code: 202
      message: Accepted
- request:
    body: null
    headers:
      Accept:
      - '*/*'
      Accept-Encoding:
      - gzip, deflate
      CommandName:
      - keyvault delete
      Connection:
      - keep-alive
      ParameterSetName:
      - --hsm-name -g
      User-Agent:
      - AZURECLI/2.42.0 (PIP) azsdk-python-azure-mgmt-keyvault/10.1.0 Python/3.9.6
        (Windows-10-10.0.19045-SP0)
    method: GET
    uri: https://management.azure.com/subscriptions/00000000-0000-0000-0000-000000000000/providers/Microsoft.KeyVault/locations/eastus2euap/managedHsmOperationResults/645d73e3-4158-4bbd-bf86-83521ee89e6b?api-version=2022-07-01
  response:
    body:
      string: ''
    headers:
      cache-control:
      - no-cache
      content-length:
      - '0'
      date:
      - Tue, 15 Nov 2022 03:49:46 GMT
      expires:
      - '-1'
      location:
      - https://management.azure.com/subscriptions/00000000-0000-0000-0000-000000000000/providers/Microsoft.KeyVault/locations/eastus2euap/managedHsmOperationResults/645d73e3-4158-4bbd-bf86-83521ee89e6b?api-version=2022-07-01
      pragma:
      - no-cache
      server:
      - Microsoft-IIS/10.0
      strict-transport-security:
      - max-age=31536000; includeSubDomains
      x-aspnet-version:
      - 4.0.30319
      x-content-type-options:
      - nosniff
      x-ms-keyvault-service-version:
      - 1.5.564.0
    status:
      code: 202
      message: Accepted
- request:
    body: null
    headers:
      Accept:
      - '*/*'
      Accept-Encoding:
      - gzip, deflate
      CommandName:
      - keyvault delete
      Connection:
      - keep-alive
      ParameterSetName:
      - --hsm-name -g
      User-Agent:
      - AZURECLI/2.42.0 (PIP) azsdk-python-azure-mgmt-keyvault/10.1.0 Python/3.9.6
        (Windows-10-10.0.19045-SP0)
    method: GET
    uri: https://management.azure.com/subscriptions/00000000-0000-0000-0000-000000000000/providers/Microsoft.KeyVault/locations/eastus2euap/managedHsmOperationResults/645d73e3-4158-4bbd-bf86-83521ee89e6b?api-version=2022-07-01
  response:
    body:
      string: ''
    headers:
      cache-control:
      - no-cache
      content-length:
      - '0'
      date:
      - Tue, 15 Nov 2022 03:50:17 GMT
      expires:
      - '-1'
      location:
      - https://management.azure.com/subscriptions/00000000-0000-0000-0000-000000000000/providers/Microsoft.KeyVault/locations/eastus2euap/managedHsmOperationResults/645d73e3-4158-4bbd-bf86-83521ee89e6b?api-version=2022-07-01
      pragma:
      - no-cache
      server:
      - Microsoft-IIS/10.0
      strict-transport-security:
      - max-age=31536000; includeSubDomains
      x-aspnet-version:
      - 4.0.30319
      x-content-type-options:
      - nosniff
      x-ms-keyvault-service-version:
      - 1.5.564.0
    status:
      code: 202
      message: Accepted
- request:
    body: null
    headers:
      Accept:
      - '*/*'
      Accept-Encoding:
      - gzip, deflate
      CommandName:
      - keyvault delete
      Connection:
      - keep-alive
      ParameterSetName:
      - --hsm-name -g
      User-Agent:
      - AZURECLI/2.42.0 (PIP) azsdk-python-azure-mgmt-keyvault/10.1.0 Python/3.9.6
        (Windows-10-10.0.19045-SP0)
    method: GET
    uri: https://management.azure.com/subscriptions/00000000-0000-0000-0000-000000000000/providers/Microsoft.KeyVault/locations/eastus2euap/managedHsmOperationResults/645d73e3-4158-4bbd-bf86-83521ee89e6b?api-version=2022-07-01
  response:
    body:
      string: ''
    headers:
      cache-control:
      - no-cache
      content-length:
      - '0'
      date:
      - Tue, 15 Nov 2022 03:50:48 GMT
      expires:
      - '-1'
      location:
      - https://management.azure.com/subscriptions/00000000-0000-0000-0000-000000000000/providers/Microsoft.KeyVault/locations/eastus2euap/managedHsmOperationResults/645d73e3-4158-4bbd-bf86-83521ee89e6b?api-version=2022-07-01
      pragma:
      - no-cache
      server:
      - Microsoft-IIS/10.0
      strict-transport-security:
      - max-age=31536000; includeSubDomains
      x-aspnet-version:
      - 4.0.30319
      x-content-type-options:
      - nosniff
      x-ms-keyvault-service-version:
      - 1.5.564.0
    status:
      code: 202
      message: Accepted
- request:
    body: null
    headers:
      Accept:
      - '*/*'
      Accept-Encoding:
      - gzip, deflate
      CommandName:
      - keyvault delete
      Connection:
      - keep-alive
      ParameterSetName:
      - --hsm-name -g
      User-Agent:
      - AZURECLI/2.42.0 (PIP) azsdk-python-azure-mgmt-keyvault/10.1.0 Python/3.9.6
        (Windows-10-10.0.19045-SP0)
    method: GET
    uri: https://management.azure.com/subscriptions/00000000-0000-0000-0000-000000000000/providers/Microsoft.KeyVault/locations/eastus2euap/managedHsmOperationResults/645d73e3-4158-4bbd-bf86-83521ee89e6b?api-version=2022-07-01
  response:
    body:
      string: ''
    headers:
      cache-control:
      - no-cache
      content-length:
      - '0'
      date:
      - Tue, 15 Nov 2022 03:51:18 GMT
      expires:
      - '-1'
      pragma:
      - no-cache
      server:
      - Microsoft-IIS/10.0
      strict-transport-security:
      - max-age=31536000; includeSubDomains
      x-aspnet-version:
      - 4.0.30319
      x-content-type-options:
      - nosniff
      x-ms-keyvault-service-version:
      - 1.5.564.0
    status:
      code: 200
      message: OK
- request:
    body: null
    headers:
      Accept:
      - application/json
      Accept-Encoding:
      - gzip, deflate
      CommandName:
      - keyvault purge
      Connection:
      - keep-alive
      ParameterSetName:
      - --hsm-name -l
      User-Agent:
      - AZURECLI/2.42.0 (PIP) azsdk-python-azure-mgmt-keyvault/10.1.0 Python/3.9.6
        (Windows-10-10.0.19045-SP0)
    method: GET
    uri: https://management.azure.com/subscriptions/00000000-0000-0000-0000-000000000000/providers/Microsoft.KeyVault/locations/eastus2euap/deletedManagedHSMs/cli-test-hsm-plr-000002?api-version=2022-07-01
  response:
    body:
      string: '{"id":"/subscriptions/00000000-0000-0000-0000-000000000000/providers/Microsoft.KeyVault/locations/eastus2euap/deletedManagedHSMs/cli-test-hsm-plr-000002","name":"cli-test-hsm-plr-000002","type":"Microsoft.Keyvault/deletedManagedHSMs","properties":{"mhsmId":"/subscriptions/00000000-0000-0000-0000-000000000000/resourceGroups/cli_test_hsm_plr_rg000001/providers/Microsoft.KeyVault/managedHSMs/cli-test-hsm-plr-000002","location":"eastus2euap","deletionDate":"2022-11-15T03:46:14Z","scheduledPurgeDate":"2022-11-22T03:46:14Z","purgeProtectionEnabled":false,"tags":{}}}'
    headers:
      cache-control:
      - no-cache
      content-length:
      - '566'
      content-type:
      - application/json; charset=utf-8
      date:
      - Tue, 15 Nov 2022 03:51:21 GMT
      expires:
      - '-1'
      pragma:
      - no-cache
      server:
      - Microsoft-IIS/10.0
      strict-transport-security:
      - max-age=31536000; includeSubDomains
      transfer-encoding:
      - chunked
      vary:
      - Accept-Encoding
      x-aspnet-version:
      - 4.0.30319
      x-content-type-options:
      - nosniff
      x-ms-keyvault-service-version:
      - 1.5.564.0
    status:
      code: 200
      message: OK
- request:
    body: null
    headers:
      Accept:
      - application/json
      Accept-Encoding:
      - gzip, deflate
      CommandName:
      - keyvault purge
      Connection:
      - keep-alive
      Content-Length:
      - '0'
      ParameterSetName:
      - --hsm-name -l
      User-Agent:
      - AZURECLI/2.42.0 (PIP) azsdk-python-azure-mgmt-keyvault/10.1.0 Python/3.9.6
        (Windows-10-10.0.19045-SP0)
    method: POST
    uri: https://management.azure.com/subscriptions/00000000-0000-0000-0000-000000000000/providers/Microsoft.KeyVault/locations/eastus2euap/deletedManagedHSMs/cli-test-hsm-plr-000002/purge?api-version=2022-07-01
  response:
    body:
      string: ''
    headers:
      cache-control:
      - no-cache
      content-length:
      - '0'
      date:
      - Tue, 15 Nov 2022 03:51:23 GMT
      expires:
      - '-1'
      location:
      - https://management.azure.com/subscriptions/00000000-0000-0000-0000-000000000000/providers/Microsoft.KeyVault/locations/eastus2euap/managedHsmOperationResults/c0530cec-41b1-423a-8a6c-48ddfcbddafa?api-version=2022-07-01
      pragma:
      - no-cache
      server:
      - Microsoft-IIS/10.0
      strict-transport-security:
      - max-age=31536000; includeSubDomains
      x-aspnet-version:
      - 4.0.30319
      x-content-type-options:
      - nosniff
      x-ms-keyvault-service-version:
      - 1.5.564.0
      x-ms-ratelimit-remaining-subscription-writes:
      - '1198'
    status:
      code: 202
      message: Accepted
- request:
    body: null
    headers:
      Accept:
      - '*/*'
      Accept-Encoding:
      - gzip, deflate
      CommandName:
      - keyvault purge
      Connection:
      - keep-alive
      ParameterSetName:
      - --hsm-name -l
      User-Agent:
      - AZURECLI/2.42.0 (PIP) azsdk-python-azure-mgmt-keyvault/10.1.0 Python/3.9.6
        (Windows-10-10.0.19045-SP0)
    method: GET
    uri: https://management.azure.com/subscriptions/00000000-0000-0000-0000-000000000000/providers/Microsoft.KeyVault/locations/eastus2euap/managedHsmOperationResults/c0530cec-41b1-423a-8a6c-48ddfcbddafa?api-version=2022-07-01
  response:
    body:
      string: ''
    headers:
      cache-control:
      - no-cache
      content-length:
      - '0'
      date:
      - Tue, 15 Nov 2022 03:51:54 GMT
      expires:
      - '-1'
      location:
      - https://management.azure.com/subscriptions/00000000-0000-0000-0000-000000000000/providers/Microsoft.KeyVault/locations/eastus2euap/managedHsmOperationResults/c0530cec-41b1-423a-8a6c-48ddfcbddafa?api-version=2022-07-01
      pragma:
      - no-cache
      server:
      - Microsoft-IIS/10.0
      strict-transport-security:
      - max-age=31536000; includeSubDomains
      x-aspnet-version:
      - 4.0.30319
      x-content-type-options:
      - nosniff
      x-ms-keyvault-service-version:
      - 1.5.564.0
    status:
      code: 202
      message: Accepted
- request:
    body: null
    headers:
      Accept:
      - '*/*'
      Accept-Encoding:
      - gzip, deflate
      CommandName:
      - keyvault purge
      Connection:
      - keep-alive
      ParameterSetName:
      - --hsm-name -l
      User-Agent:
      - AZURECLI/2.42.0 (PIP) azsdk-python-azure-mgmt-keyvault/10.1.0 Python/3.9.6
        (Windows-10-10.0.19045-SP0)
    method: GET
    uri: https://management.azure.com/subscriptions/00000000-0000-0000-0000-000000000000/providers/Microsoft.KeyVault/locations/eastus2euap/managedHsmOperationResults/c0530cec-41b1-423a-8a6c-48ddfcbddafa?api-version=2022-07-01
  response:
    body:
      string: ''
    headers:
      cache-control:
      - no-cache
      content-length:
      - '0'
      date:
      - Tue, 15 Nov 2022 03:52:25 GMT
      expires:
      - '-1'
      location:
      - https://management.azure.com/subscriptions/00000000-0000-0000-0000-000000000000/providers/Microsoft.KeyVault/locations/eastus2euap/managedHsmOperationResults/c0530cec-41b1-423a-8a6c-48ddfcbddafa?api-version=2022-07-01
      pragma:
      - no-cache
      server:
      - Microsoft-IIS/10.0
      strict-transport-security:
      - max-age=31536000; includeSubDomains
      x-aspnet-version:
      - 4.0.30319
      x-content-type-options:
      - nosniff
      x-ms-keyvault-service-version:
      - 1.5.564.0
    status:
      code: 202
      message: Accepted
- request:
    body: null
    headers:
      Accept:
      - '*/*'
      Accept-Encoding:
      - gzip, deflate
      CommandName:
      - keyvault purge
      Connection:
      - keep-alive
      ParameterSetName:
      - --hsm-name -l
      User-Agent:
      - AZURECLI/2.42.0 (PIP) azsdk-python-azure-mgmt-keyvault/10.1.0 Python/3.9.6
        (Windows-10-10.0.19045-SP0)
    method: GET
    uri: https://management.azure.com/subscriptions/00000000-0000-0000-0000-000000000000/providers/Microsoft.KeyVault/locations/eastus2euap/managedHsmOperationResults/c0530cec-41b1-423a-8a6c-48ddfcbddafa?api-version=2022-07-01
  response:
    body:
      string: ''
    headers:
      cache-control:
      - no-cache
      content-length:
      - '0'
      date:
      - Tue, 15 Nov 2022 03:52:56 GMT
      expires:
      - '-1'
      location:
      - https://management.azure.com/subscriptions/00000000-0000-0000-0000-000000000000/providers/Microsoft.KeyVault/locations/eastus2euap/managedHsmOperationResults/c0530cec-41b1-423a-8a6c-48ddfcbddafa?api-version=2022-07-01
      pragma:
      - no-cache
      server:
      - Microsoft-IIS/10.0
      strict-transport-security:
      - max-age=31536000; includeSubDomains
      x-aspnet-version:
      - 4.0.30319
      x-content-type-options:
      - nosniff
      x-ms-keyvault-service-version:
      - 1.5.564.0
    status:
      code: 202
      message: Accepted
- request:
    body: null
    headers:
      Accept:
      - '*/*'
      Accept-Encoding:
      - gzip, deflate
      CommandName:
      - keyvault purge
      Connection:
      - keep-alive
      ParameterSetName:
      - --hsm-name -l
      User-Agent:
      - AZURECLI/2.42.0 (PIP) azsdk-python-azure-mgmt-keyvault/10.1.0 Python/3.9.6
        (Windows-10-10.0.19045-SP0)
    method: GET
    uri: https://management.azure.com/subscriptions/00000000-0000-0000-0000-000000000000/providers/Microsoft.KeyVault/locations/eastus2euap/managedHsmOperationResults/c0530cec-41b1-423a-8a6c-48ddfcbddafa?api-version=2022-07-01
  response:
    body:
      string: ''
    headers:
      cache-control:
      - no-cache
      content-length:
      - '0'
      date:
      - Tue, 15 Nov 2022 03:53:25 GMT
      expires:
      - '-1'
      location:
      - https://management.azure.com/subscriptions/00000000-0000-0000-0000-000000000000/providers/Microsoft.KeyVault/locations/eastus2euap/managedHsmOperationResults/c0530cec-41b1-423a-8a6c-48ddfcbddafa?api-version=2022-07-01
      pragma:
      - no-cache
      server:
      - Microsoft-IIS/10.0
      strict-transport-security:
      - max-age=31536000; includeSubDomains
      x-aspnet-version:
      - 4.0.30319
      x-content-type-options:
      - nosniff
      x-ms-keyvault-service-version:
      - 1.5.564.0
    status:
      code: 202
      message: Accepted
- request:
    body: null
    headers:
      Accept:
      - '*/*'
      Accept-Encoding:
      - gzip, deflate
      CommandName:
      - keyvault purge
      Connection:
      - keep-alive
      ParameterSetName:
      - --hsm-name -l
      User-Agent:
      - AZURECLI/2.42.0 (PIP) azsdk-python-azure-mgmt-keyvault/10.1.0 Python/3.9.6
        (Windows-10-10.0.19045-SP0)
    method: GET
    uri: https://management.azure.com/subscriptions/00000000-0000-0000-0000-000000000000/providers/Microsoft.KeyVault/locations/eastus2euap/managedHsmOperationResults/c0530cec-41b1-423a-8a6c-48ddfcbddafa?api-version=2022-07-01
  response:
    body:
      string: ''
    headers:
      cache-control:
      - no-cache
      content-length:
      - '0'
      date:
      - Tue, 15 Nov 2022 03:53:56 GMT
      expires:
      - '-1'
      location:
      - https://management.azure.com/subscriptions/00000000-0000-0000-0000-000000000000/providers/Microsoft.KeyVault/locations/eastus2euap/managedHsmOperationResults/c0530cec-41b1-423a-8a6c-48ddfcbddafa?api-version=2022-07-01
      pragma:
      - no-cache
      server:
      - Microsoft-IIS/10.0
      strict-transport-security:
      - max-age=31536000; includeSubDomains
      x-aspnet-version:
      - 4.0.30319
      x-content-type-options:
      - nosniff
      x-ms-keyvault-service-version:
      - 1.5.564.0
    status:
      code: 202
      message: Accepted
- request:
    body: null
    headers:
      Accept:
      - '*/*'
      Accept-Encoding:
      - gzip, deflate
      CommandName:
      - keyvault purge
      Connection:
      - keep-alive
      ParameterSetName:
      - --hsm-name -l
      User-Agent:
      - AZURECLI/2.42.0 (PIP) azsdk-python-azure-mgmt-keyvault/10.1.0 Python/3.9.6
        (Windows-10-10.0.19045-SP0)
    method: GET
    uri: https://management.azure.com/subscriptions/00000000-0000-0000-0000-000000000000/providers/Microsoft.KeyVault/locations/eastus2euap/managedHsmOperationResults/c0530cec-41b1-423a-8a6c-48ddfcbddafa?api-version=2022-07-01
  response:
    body:
      string: ''
    headers:
      cache-control:
      - no-cache
      content-length:
      - '0'
      date:
      - Tue, 15 Nov 2022 03:54:27 GMT
      expires:
      - '-1'
      location:
      - https://management.azure.com/subscriptions/00000000-0000-0000-0000-000000000000/providers/Microsoft.KeyVault/locations/eastus2euap/managedHsmOperationResults/c0530cec-41b1-423a-8a6c-48ddfcbddafa?api-version=2022-07-01
      pragma:
      - no-cache
      server:
      - Microsoft-IIS/10.0
      strict-transport-security:
      - max-age=31536000; includeSubDomains
      x-aspnet-version:
      - 4.0.30319
      x-content-type-options:
      - nosniff
      x-ms-keyvault-service-version:
      - 1.5.564.0
    status:
      code: 202
      message: Accepted
- request:
    body: null
    headers:
      Accept:
      - '*/*'
      Accept-Encoding:
      - gzip, deflate
      CommandName:
      - keyvault purge
      Connection:
      - keep-alive
      ParameterSetName:
      - --hsm-name -l
      User-Agent:
      - AZURECLI/2.42.0 (PIP) azsdk-python-azure-mgmt-keyvault/10.1.0 Python/3.9.6
        (Windows-10-10.0.19045-SP0)
    method: GET
    uri: https://management.azure.com/subscriptions/00000000-0000-0000-0000-000000000000/providers/Microsoft.KeyVault/locations/eastus2euap/managedHsmOperationResults/c0530cec-41b1-423a-8a6c-48ddfcbddafa?api-version=2022-07-01
  response:
    body:
      string: ''
    headers:
      cache-control:
      - no-cache
      content-length:
      - '0'
      date:
      - Tue, 15 Nov 2022 03:54:57 GMT
      expires:
      - '-1'
      location:
      - https://management.azure.com/subscriptions/00000000-0000-0000-0000-000000000000/providers/Microsoft.KeyVault/locations/eastus2euap/managedHsmOperationResults/c0530cec-41b1-423a-8a6c-48ddfcbddafa?api-version=2022-07-01
      pragma:
      - no-cache
      server:
      - Microsoft-IIS/10.0
      strict-transport-security:
      - max-age=31536000; includeSubDomains
      x-aspnet-version:
      - 4.0.30319
      x-content-type-options:
      - nosniff
      x-ms-keyvault-service-version:
      - 1.5.564.0
    status:
      code: 202
      message: Accepted
- request:
    body: null
    headers:
      Accept:
      - '*/*'
      Accept-Encoding:
      - gzip, deflate
      CommandName:
      - keyvault purge
      Connection:
      - keep-alive
      ParameterSetName:
      - --hsm-name -l
      User-Agent:
      - AZURECLI/2.42.0 (PIP) azsdk-python-azure-mgmt-keyvault/10.1.0 Python/3.9.6
        (Windows-10-10.0.19045-SP0)
    method: GET
    uri: https://management.azure.com/subscriptions/00000000-0000-0000-0000-000000000000/providers/Microsoft.KeyVault/locations/eastus2euap/managedHsmOperationResults/c0530cec-41b1-423a-8a6c-48ddfcbddafa?api-version=2022-07-01
  response:
    body:
      string: ''
    headers:
      cache-control:
      - no-cache
      content-length:
      - '0'
      date:
      - Tue, 15 Nov 2022 03:55:27 GMT
      expires:
      - '-1'
      location:
      - https://management.azure.com/subscriptions/00000000-0000-0000-0000-000000000000/providers/Microsoft.KeyVault/locations/eastus2euap/managedHsmOperationResults/c0530cec-41b1-423a-8a6c-48ddfcbddafa?api-version=2022-07-01
      pragma:
      - no-cache
      server:
      - Microsoft-IIS/10.0
      strict-transport-security:
      - max-age=31536000; includeSubDomains
      x-aspnet-version:
      - 4.0.30319
      x-content-type-options:
      - nosniff
      x-ms-keyvault-service-version:
      - 1.5.564.0
    status:
      code: 202
      message: Accepted
- request:
    body: null
    headers:
      Accept:
      - '*/*'
      Accept-Encoding:
      - gzip, deflate
      CommandName:
      - keyvault purge
      Connection:
      - keep-alive
      ParameterSetName:
      - --hsm-name -l
      User-Agent:
      - AZURECLI/2.42.0 (PIP) azsdk-python-azure-mgmt-keyvault/10.1.0 Python/3.9.6
        (Windows-10-10.0.19045-SP0)
    method: GET
    uri: https://management.azure.com/subscriptions/00000000-0000-0000-0000-000000000000/providers/Microsoft.KeyVault/locations/eastus2euap/managedHsmOperationResults/c0530cec-41b1-423a-8a6c-48ddfcbddafa?api-version=2022-07-01
  response:
    body:
      string: ''
    headers:
      cache-control:
      - no-cache
      content-length:
      - '0'
      date:
      - Tue, 15 Nov 2022 03:55:59 GMT
      expires:
      - '-1'
      pragma:
      - no-cache
      server:
      - Microsoft-IIS/10.0
      strict-transport-security:
      - max-age=31536000; includeSubDomains
      x-aspnet-version:
      - 4.0.30319
      x-content-type-options:
      - nosniff
      x-ms-keyvault-service-version:
      - 1.5.564.0
    status:
      code: 200
      message: OK
version: 1
