interactions:
- request:
    body: null
    headers:
      Accept:
      - application/json
      Accept-Encoding:
      - gzip, deflate
      CommandName:
      - keyvault show
      Connection:
      - keep-alive
      ParameterSetName:
      - -n -g
      User-Agent:
      - AZURECLI/2.37.0 azsdk-python-azure-mgmt-keyvault/10.0.0 Python/3.9.12 (macOS-12.4-arm64-arm-64bit)
    method: GET
    uri: https://management.azure.com/subscriptions/00000000-0000-0000-0000-000000000000/resourceGroups/cli_test_keyvault_key000001/providers/Microsoft.KeyVault/vaults/cli-test-kv-key-000002?api-version=2021-10-01
  response:
    body:
      string: '{"id":"/subscriptions/00000000-0000-0000-0000-000000000000/resourceGroups/cli_test_keyvault_key000001/providers/Microsoft.KeyVault/vaults/cli-test-kv-key-000002","name":"cli-test-kv-key-000002","type":"Microsoft.KeyVault/vaults","location":"eastus2","tags":{},"systemData":{"createdBy":"hanglei@microsoft.com","createdByType":"User","createdAt":"2022-06-02T08:12:56.447Z","lastModifiedBy":"hanglei@microsoft.com","lastModifiedByType":"User","lastModifiedAt":"2022-06-02T08:12:56.447Z"},"properties":{"sku":{"family":"A","name":"standard"},"tenantId":"54826b22-38d6-4fb2-bad9-b7b93a3e9c5a","accessPolicies":[{"tenantId":"54826b22-38d6-4fb2-bad9-b7b93a3e9c5a","objectId":"fe87037c-4c23-46ac-9fcf-5ad3d7e5ba3e","permissions":{"keys":["all"],"secrets":["all"],"certificates":["all"],"storage":["all"]}}],"enabledForDeployment":false,"enableSoftDelete":true,"softDeleteRetentionInDays":7,"vaultUri":"https://cli-test-kv-key-000002.vault.azure.net/","provisioningState":"Succeeded","publicNetworkAccess":"Enabled"}}'
    headers:
      cache-control:
      - no-cache
      content-length:
      - '1009'
      content-type:
      - application/json; charset=utf-8
      date:
      - Thu, 02 Jun 2022 08:14:09 GMT
      expires:
      - '-1'
      pragma:
      - no-cache
      server:
      - Microsoft-IIS/10.0
      strict-transport-security:
      - max-age=31536000; includeSubDomains
      transfer-encoding:
      - chunked
      vary:
      - Accept-Encoding
      x-aspnet-version:
      - 4.0.30319
      x-content-type-options:
      - nosniff
      x-ms-keyvault-service-version:
      - 1.5.396.0
    status:
      code: 200
      message: OK
- request:
    body: null
    headers:
      Accept:
      - application/json
      Accept-Encoding:
      - gzip, deflate
      Connection:
      - keep-alive
      Content-Length:
      - '0'
      Content-Type:
      - application/json
      User-Agent:
      - azsdk-python-keyvault-keys/4.5.1 Python/3.9.12 (macOS-12.4-arm64-arm-64bit)
    method: POST
    uri: https://cli-test-kv-key-000002.vault.azure.net/keys/key1-000004/create?api-version=7.3
  response:
    body:
      string: '{"error":{"code":"Unauthorized","message":"AKV10000: Request is missing
        a Bearer or PoP token."}}'
    headers:
      cache-control:
      - no-cache
      content-length:
      - '97'
      content-type:
      - application/json; charset=utf-8
      date:
      - Thu, 02 Jun 2022 08:14:11 GMT
      expires:
      - '-1'
      pragma:
      - no-cache
      strict-transport-security:
      - max-age=31536000;includeSubDomains
      www-authenticate:
      - Bearer authorization="https://login.windows.net/54826b22-38d6-4fb2-bad9-b7b93a3e9c5a",
        resource="https://vault.azure.net"
      x-content-type-options:
      - nosniff
      x-ms-keyvault-network-info:
      - conn_type=Ipv4;addr=43.128.15.137;act_addr_fam=InterNetwork;
      x-ms-keyvault-region:
      - eastus2
      x-ms-keyvault-service-version:
      - 1.9.422.1
    status:
      code: 401
      message: Unauthorized
- request:
    body: '{"kty": "RSA", "attributes": {"enabled": true}}'
    headers:
      Accept:
      - application/json
      Accept-Encoding:
      - gzip, deflate
      Connection:
      - keep-alive
      Content-Length:
      - '47'
      Content-Type:
      - application/json
      User-Agent:
      - azsdk-python-keyvault-keys/4.5.1 Python/3.9.12 (macOS-12.4-arm64-arm-64bit)
    method: POST
    uri: https://cli-test-kv-key-000002.vault.azure.net/keys/key1-000004/create?api-version=7.3
  response:
    body:
      string: '{"key":{"kid":"https://cli-test-kv-key-000002.vault.azure.net/keys/key1-000004/19c84630e79b436cb7663fce79208cea","kty":"RSA","key_ops":["encrypt","decrypt","sign","verify","wrapKey","unwrapKey"],"n":"mDLC6FwL1eupp7EQUeuFrzOFc2N1_lyYLxvttw770n_TV_bs01Hxq8CsSXbRzdT4XLpN-iwg4mZMyF11gILQ6Gw_aP8RKa3i5NUCxnbL7-jxNjKumnlwBQWA13vICAoHq6omowqaovg1B2zEFXVA_HT0D33QCeuwKy9rHnMKy7RvmUKFi8aM1rOgg2E_l9Z4ttn88F3Ms-DPd2t2UxxZ9ugYrCirLL_1-f9FTxVldEsP-5uU9JLSFIv6JiPHefzuEjlWXQPciiNmPXYiKGxtkUZRYP-6yRxeZ8phdl5LxX2C_6AYWm2fcayZEdT4ajzGg0s5zg-zD9T351vO9SvWIQ","e":"AQAB"},"attributes":{"enabled":true,"created":1654157652,"updated":1654157652,"recoveryLevel":"CustomizedRecoverable+Purgeable","recoverableDays":7}}'
    headers:
      cache-control:
      - no-cache
      content-length:
      - '698'
      content-type:
      - application/json; charset=utf-8
      date:
      - Thu, 02 Jun 2022 08:14:12 GMT
      expires:
      - '-1'
      pragma:
      - no-cache
      strict-transport-security:
      - max-age=31536000;includeSubDomains
      x-content-type-options:
      - nosniff
      x-ms-keyvault-network-info:
      - conn_type=Ipv4;addr=43.128.15.137;act_addr_fam=InterNetwork;
      x-ms-keyvault-region:
      - eastus2
      x-ms-keyvault-service-version:
      - 1.9.422.1
    status:
      code: 200
      message: OK
- request:
    body: '{"kty": "RSA", "attributes": {"enabled": true}}'
    headers:
      Accept:
      - application/json
      Accept-Encoding:
      - gzip, deflate
      Connection:
      - keep-alive
      Content-Length:
      - '47'
      Content-Type:
      - application/json
      User-Agent:
      - azsdk-python-keyvault-keys/4.5.1 Python/3.9.12 (macOS-12.4-arm64-arm-64bit)
    method: POST
    uri: https://cli-test-kv-key-000002.vault.azure.net/keys/key2-000005/create?api-version=7.3
  response:
    body:
      string: '{"key":{"kid":"https://cli-test-kv-key-000002.vault.azure.net/keys/key2-000005/da6cdb160c3b463e99f9c8c369ec55aa","kty":"RSA","key_ops":["encrypt","decrypt","sign","verify","wrapKey","unwrapKey"],"n":"tRgNur8NAV0T_w5j__FRzXHysVdX6FhKnXMdOP0JunaDFcXLQhcdlD4RjxOMyTkxjqh1Z1gLIzP5LuKOM3HEtfF403PilQ1d9RkzxUVeE5qMHjGNKg4ncRedmoIDSI2lBBNGdXg5K6kPS5C0WAxsrBqHybYLG4TZR2u1HVS7tuJW-zQHAWw38iZA_lzBAfdviZ-LHZYBMKJ3pow71JEPqtxaubkQCKK2TUuzDHzTJSSNelXJGMEuk44Iby4Xq6a4Nqq6ikmjAJi_MNIpnN5FeOpM_mL6lLCpLaVLJdIp5Ogho5HnifKQpUQcJMTPCIybuPyO3jHOlsRRBtiyrYKKpQ","e":"AQAB"},"attributes":{"enabled":true,"created":1654157654,"updated":1654157654,"recoveryLevel":"CustomizedRecoverable+Purgeable","recoverableDays":7}}'
    headers:
      cache-control:
      - no-cache
      content-length:
      - '698'
      content-type:
      - application/json; charset=utf-8
      date:
      - Thu, 02 Jun 2022 08:14:13 GMT
      expires:
      - '-1'
      pragma:
      - no-cache
      strict-transport-security:
      - max-age=31536000;includeSubDomains
      x-content-type-options:
      - nosniff
      x-ms-keyvault-network-info:
      - conn_type=Ipv4;addr=43.128.15.137;act_addr_fam=InterNetwork;
      x-ms-keyvault-region:
      - eastus2
      x-ms-keyvault-service-version:
      - 1.9.422.1
    status:
      code: 200
      message: OK
- request:
    body: null
    headers:
      Accept:
      - application/json
      Accept-Encoding:
      - gzip, deflate
      CommandName:
      - keyvault set-policy
      Connection:
      - keep-alive
      ParameterSetName:
      - -n --object-id --key-permissions
      User-Agent:
      - AZURECLI/2.37.0 azsdk-python-azure-mgmt-keyvault/10.0.0 Python/3.9.12 (macOS-12.4-arm64-arm-64bit)
    method: GET
    uri: https://management.azure.com/subscriptions/00000000-0000-0000-0000-000000000000/resources?$filter=resourceType%20eq%20%27Microsoft.KeyVault%2Fvaults%27&api-version=2015-11-01
  response:
    body:
      string: '{"value":[{"id":"/subscriptions/00000000-0000-0000-0000-000000000000/resourceGroups/bez-rg/providers/Microsoft.KeyVault/vaults/bez-kv","name":"bez-kv","type":"Microsoft.KeyVault/vaults","location":"eastus","tags":{"key":"value"}},{"id":"/subscriptions/00000000-0000-0000-0000-000000000000/resourceGroups/cli_test_eh_namespacexko3vo3brxd332u5vszwfj4cvu57llgcdt7t7cweoapsbuykbvvf33/providers/Microsoft.KeyVault/vaults/eventhubs-kvcbweuq7t","name":"eventhubs-kvcbweuq7t","type":"Microsoft.KeyVault/vaults","location":"northeurope","tags":{}},{"id":"/subscriptions/00000000-0000-0000-0000-000000000000/resourceGroups/cli_test_keyvault_certup2jkrp6toxrr6ib6mknexukg2vptww7yhfh2obdzp7wweequ44ud/providers/Microsoft.KeyVault/vaults/cli-test-kv-ct-oqqhb5fmk","name":"cli-test-kv-ct-oqqhb5fmk","type":"Microsoft.KeyVault/vaults","location":"westus","tags":{}},{"id":"/subscriptions/00000000-0000-0000-0000-000000000000/resourceGroups/cli_test_keyvault_key000001/providers/Microsoft.KeyVault/vaults/cli-test-kv-key-000002","name":"cli-test-kv-key-000002","type":"Microsoft.KeyVault/vaults","location":"eastus2","tags":{}},{"id":"/subscriptions/00000000-0000-0000-0000-000000000000/resourceGroups/cli_test_keyvault_key000001/providers/Microsoft.KeyVault/vaults/cli-test-kv-key-000003","name":"cli-test-kv-key-000003","type":"Microsoft.KeyVault/vaults","location":"eastus2","tags":{}},{"id":"/subscriptions/00000000-0000-0000-0000-000000000000/resourceGroups/cli_test_keyvault_pnaynwfemo3igggjrohizucywyvq6bkuhhzoj3kztwswaby236fwk53es/providers/Microsoft.KeyVault/vaults/cli-test-kv-pna-tn52uujq","name":"cli-test-kv-pna-tn52uujq","type":"Microsoft.KeyVault/vaults","location":"eastus2euap","tags":{}},{"id":"/subscriptions/00000000-0000-0000-0000-000000000000/resourceGroups/cli_test_kv_cert_soft_delete_yjeehggi6mtyvrpgugvviscwmkdi26zzofq4r2r3quny2u/providers/Microsoft.KeyVault/vaults/cli-test-kv-ct-sd-2gwahu","name":"cli-test-kv-ct-sd-2gwahu","type":"Microsoft.KeyVault/vaults","location":"westus","tags":{}},{"id":"/subscriptions/00000000-0000-0000-0000-000000000000/resourceGroups/clitest.rg4q4k4rrkuupgrqnudt7wi3lgwjv4jjrh7hfzp6jvlo4vyq3lqvvtka3mk4mdq6cam/providers/Microsoft.KeyVault/vaults/clitestdyu3okv5p6tlp7y3h","name":"clitestdyu3okv5p6tlp7y3h","type":"Microsoft.KeyVault/vaults","location":"westus","tags":{}},{"id":"/subscriptions/00000000-0000-0000-0000-000000000000/resourceGroups/clitest.rgl4cuhlx27goskhl2ab753xohdpwgdv2hy5l2g7m3ny24cswowx5jjdox3bmy3pph2/providers/Microsoft.KeyVault/vaults/cmk-test-keyvault7egkele","name":"cmk-test-keyvault7egkele","type":"Microsoft.KeyVault/vaults","location":"eastus","tags":{}},{"id":"/subscriptions/00000000-0000-0000-0000-000000000000/resourceGroups/clitest.rgmz6mac53zpbbgbzugh4dbw4wxay2eg6zyeqtio4iaahmaeppwh2pms57o5g6yauc7/providers/Microsoft.KeyVault/vaults/cdnclibyoc-latestdxh4ife","name":"cdnclibyoc-latestdxh4ife","type":"Microsoft.KeyVault/vaults","location":"centralus","tags":{}},{"id":"/subscriptions/00000000-0000-0000-0000-000000000000/resourceGroups/clitest.rgzlmnaif65kh5dspjpryolworhjqrzzoqfmn7p7vetn2s7vzp2clndhgj36rsvuo3b/providers/Microsoft.KeyVault/vaults/cdncli-byocwjuxymxvn7dfx","name":"cdncli-byocwjuxymxvn7dfx","type":"Microsoft.KeyVault/vaults","location":"centralus","tags":{}},{"id":"/subscriptions/00000000-0000-0000-0000-000000000000/resourceGroups/python-sdk-test/providers/Microsoft.KeyVault/vaults/python-devops-key","name":"python-devops-key","type":"Microsoft.KeyVault/vaults","location":"eastus","tags":{}},{"id":"/subscriptions/00000000-0000-0000-0000-000000000000/resourceGroups/python-sdk-test/providers/Microsoft.KeyVault/vaults/SDKAutoPipelineSecrets","name":"SDKAutoPipelineSecrets","type":"Microsoft.KeyVault/vaults","location":"eastus","tags":{}},{"id":"/subscriptions/00000000-0000-0000-0000-000000000000/resourceGroups/ruih/providers/Microsoft.KeyVault/vaults/ruihvault62","name":"ruihvault62","type":"Microsoft.KeyVault/vaults","location":"eastus","tags":{}},{"id":"/subscriptions/00000000-0000-0000-0000-000000000000/resourceGroups/yishitest/providers/Microsoft.KeyVault/vaults/ystestkv","name":"ystestkv","type":"Microsoft.KeyVault/vaults","location":"eastus","tags":{}},{"id":"/subscriptions/00000000-0000-0000-0000-000000000000/resourceGroups/zb_test/providers/Microsoft.KeyVault/vaults/zblab12844","name":"zblab12844","type":"Microsoft.KeyVault/vaults","location":"eastus","tags":{"hidden-DevTestLabs-LabUId":"3610e867-afa2-4bf9-90b7-2d85919815b3","CreatedBy":"DevTestLabs"}},{"id":"/subscriptions/00000000-0000-0000-0000-000000000000/resourceGroups/zb_test/providers/Microsoft.KeyVault/vaults/zblab17977","name":"zblab17977","type":"Microsoft.KeyVault/vaults","location":"eastus","tags":{"hidden-DevTestLabs-LabUId":"3610e867-afa2-4bf9-90b7-2d85919815b3","CreatedBy":"DevTestLabs"}},{"id":"/subscriptions/00000000-0000-0000-0000-000000000000/resourceGroups/zb_test/providers/Microsoft.KeyVault/vaults/zblab7701","name":"zblab7701","type":"Microsoft.KeyVault/vaults","location":"eastus","tags":{"hidden-DevTestLabs-LabUId":"301109ba-f89e-4ba1-8c0c-be6e91e47840","CreatedBy":"DevTestLabs"}},{"id":"/subscriptions/00000000-0000-0000-0000-000000000000/resourceGroups/zb_test/providers/Microsoft.KeyVault/vaults/zblabc2183480","name":"zblabc2183480","type":"Microsoft.KeyVault/vaults","location":"eastus","tags":{"hidden-DevTestLabs-LabUId":"301109ba-f89e-4ba1-8c0c-be6e91e47840","CreatedBy":"DevTestLabs"}}]}'
    headers:
      cache-control:
      - no-cache
      content-length:
      - '5408'
      content-type:
      - application/json; charset=utf-8
      date:
      - Thu, 02 Jun 2022 08:14:14 GMT
      expires:
      - '-1'
      pragma:
      - no-cache
      strict-transport-security:
      - max-age=31536000; includeSubDomains
      vary:
      - Accept-Encoding
      x-content-type-options:
      - nosniff
    status:
      code: 200
      message: OK
- request:
    body: null
    headers:
      Accept:
      - application/json
      Accept-Encoding:
      - gzip, deflate
      CommandName:
      - keyvault set-policy
      Connection:
      - keep-alive
      ParameterSetName:
      - -n --object-id --key-permissions
      User-Agent:
      - AZURECLI/2.37.0 azsdk-python-azure-mgmt-keyvault/10.0.0 Python/3.9.12 (macOS-12.4-arm64-arm-64bit)
    method: GET
    uri: https://management.azure.com/subscriptions/00000000-0000-0000-0000-000000000000/resourceGroups/cli_test_keyvault_key000001/providers/Microsoft.KeyVault/vaults/cli-test-kv-key-000002?api-version=2021-10-01
  response:
    body:
      string: '{"id":"/subscriptions/00000000-0000-0000-0000-000000000000/resourceGroups/cli_test_keyvault_key000001/providers/Microsoft.KeyVault/vaults/cli-test-kv-key-000002","name":"cli-test-kv-key-000002","type":"Microsoft.KeyVault/vaults","location":"eastus2","tags":{},"systemData":{"createdBy":"hanglei@microsoft.com","createdByType":"User","createdAt":"2022-06-02T08:12:56.447Z","lastModifiedBy":"hanglei@microsoft.com","lastModifiedByType":"User","lastModifiedAt":"2022-06-02T08:12:56.447Z"},"properties":{"sku":{"family":"A","name":"standard"},"tenantId":"54826b22-38d6-4fb2-bad9-b7b93a3e9c5a","accessPolicies":[{"tenantId":"54826b22-38d6-4fb2-bad9-b7b93a3e9c5a","objectId":"fe87037c-4c23-46ac-9fcf-5ad3d7e5ba3e","permissions":{"keys":["all"],"secrets":["all"],"certificates":["all"],"storage":["all"]}}],"enabledForDeployment":false,"enableSoftDelete":true,"softDeleteRetentionInDays":7,"vaultUri":"https://cli-test-kv-key-000002.vault.azure.net/","provisioningState":"Succeeded","publicNetworkAccess":"Enabled"}}'
    headers:
      cache-control:
      - no-cache
      content-length:
      - '1009'
      content-type:
      - application/json; charset=utf-8
      date:
      - Thu, 02 Jun 2022 08:14:14 GMT
      expires:
      - '-1'
      pragma:
      - no-cache
      server:
      - Microsoft-IIS/10.0
      strict-transport-security:
      - max-age=31536000; includeSubDomains
      transfer-encoding:
      - chunked
      vary:
      - Accept-Encoding
      x-aspnet-version:
      - 4.0.30319
      x-content-type-options:
      - nosniff
      x-ms-keyvault-service-version:
      - 1.5.396.0
    status:
      code: 200
      message: OK
- request:
    body: '{"location": "eastus2", "tags": {}, "properties": {"tenantId": "54826b22-38d6-4fb2-bad9-b7b93a3e9c5a",
      "sku": {"family": "A", "name": "standard"}, "accessPolicies": [{"tenantId":
      "54826b22-38d6-4fb2-bad9-b7b93a3e9c5a", "objectId": "fe87037c-4c23-46ac-9fcf-5ad3d7e5ba3e",
      "permissions": {"keys": ["all", "decrypt", "encrypt", "purge"], "secrets": ["all"],
      "certificates": ["all"], "storage": ["all"]}}], "vaultUri": "https://cli-test-kv-key-000002.vault.azure.net/",
      "enabledForDeployment": false, "enableSoftDelete": true, "softDeleteRetentionInDays":
      7, "provisioningState": "Succeeded", "publicNetworkAccess": "Enabled"}}'
    headers:
      Accept:
      - application/json
      Accept-Encoding:
      - gzip, deflate
      CommandName:
      - keyvault set-policy
      Connection:
      - keep-alive
      Content-Length:
      - '623'
      Content-Type:
      - application/json
      ParameterSetName:
      - -n --object-id --key-permissions
      User-Agent:
      - AZURECLI/2.37.0 azsdk-python-azure-mgmt-keyvault/10.0.0 Python/3.9.12 (macOS-12.4-arm64-arm-64bit)
    method: PUT
    uri: https://management.azure.com/subscriptions/00000000-0000-0000-0000-000000000000/resourceGroups/cli_test_keyvault_key000001/providers/Microsoft.KeyVault/vaults/cli-test-kv-key-000002?api-version=2021-10-01
  response:
    body:
      string: '{"id":"/subscriptions/00000000-0000-0000-0000-000000000000/resourceGroups/cli_test_keyvault_key000001/providers/Microsoft.KeyVault/vaults/cli-test-kv-key-000002","name":"cli-test-kv-key-000002","type":"Microsoft.KeyVault/vaults","location":"eastus2","tags":{},"systemData":{"createdBy":"hanglei@microsoft.com","createdByType":"User","createdAt":"2022-06-02T08:12:56.447Z","lastModifiedBy":"hanglei@microsoft.com","lastModifiedByType":"User","lastModifiedAt":"2022-06-02T08:14:15.944Z"},"properties":{"sku":{"family":"A","name":"standard"},"tenantId":"54826b22-38d6-4fb2-bad9-b7b93a3e9c5a","accessPolicies":[{"tenantId":"54826b22-38d6-4fb2-bad9-b7b93a3e9c5a","objectId":"fe87037c-4c23-46ac-9fcf-5ad3d7e5ba3e","permissions":{"keys":["all","decrypt","encrypt","purge"],"secrets":["all"],"certificates":["all"],"storage":["all"]}}],"enabledForDeployment":false,"enableSoftDelete":true,"softDeleteRetentionInDays":7,"vaultUri":"https://cli-test-kv-key-000002.vault.azure.net/","provisioningState":"Succeeded","publicNetworkAccess":"Enabled"}}'
    headers:
      cache-control:
      - no-cache
      content-length:
      - '1037'
      content-type:
      - application/json; charset=utf-8
      date:
      - Thu, 02 Jun 2022 08:14:15 GMT
      expires:
      - '-1'
      pragma:
      - no-cache
      server:
      - Microsoft-IIS/10.0
      strict-transport-security:
      - max-age=31536000; includeSubDomains
      transfer-encoding:
      - chunked
      vary:
      - Accept-Encoding
      x-aspnet-version:
      - 4.0.30319
      x-content-type-options:
      - nosniff
      x-ms-keyvault-service-version:
      - 1.5.396.0
      x-ms-ratelimit-remaining-subscription-writes:
      - '1193'
    status:
      code: 200
      message: OK
- request:
    body: null
    headers:
      Accept:
      - application/json
      Accept-Encoding:
      - gzip, deflate
      Connection:
      - keep-alive
      User-Agent:
      - azsdk-python-keyvault-keys/4.5.1 Python/3.9.12 (macOS-12.4-arm64-arm-64bit)
    method: GET
    uri: https://cli-test-kv-key-000002.vault.azure.net/keys/key1-000004/?api-version=7.3
  response:
    body:
      string: '{"key":{"kid":"https://cli-test-kv-key-000002.vault.azure.net/keys/key1-000004/19c84630e79b436cb7663fce79208cea","kty":"RSA","key_ops":["encrypt","decrypt","sign","verify","wrapKey","unwrapKey"],"n":"mDLC6FwL1eupp7EQUeuFrzOFc2N1_lyYLxvttw770n_TV_bs01Hxq8CsSXbRzdT4XLpN-iwg4mZMyF11gILQ6Gw_aP8RKa3i5NUCxnbL7-jxNjKumnlwBQWA13vICAoHq6omowqaovg1B2zEFXVA_HT0D33QCeuwKy9rHnMKy7RvmUKFi8aM1rOgg2E_l9Z4ttn88F3Ms-DPd2t2UxxZ9ugYrCirLL_1-f9FTxVldEsP-5uU9JLSFIv6JiPHefzuEjlWXQPciiNmPXYiKGxtkUZRYP-6yRxeZ8phdl5LxX2C_6AYWm2fcayZEdT4ajzGg0s5zg-zD9T351vO9SvWIQ","e":"AQAB"},"attributes":{"enabled":true,"created":1654157652,"updated":1654157652,"recoveryLevel":"CustomizedRecoverable+Purgeable","recoverableDays":7}}'
    headers:
      cache-control:
      - no-cache
      content-length:
      - '698'
      content-type:
      - application/json; charset=utf-8
      date:
      - Thu, 02 Jun 2022 08:14:17 GMT
      expires:
      - '-1'
      pragma:
      - no-cache
      strict-transport-security:
      - max-age=31536000;includeSubDomains
      x-content-type-options:
      - nosniff
      x-ms-keyvault-network-info:
      - conn_type=Ipv4;addr=43.128.15.137;act_addr_fam=InterNetwork;
      x-ms-keyvault-region:
      - eastus2
      x-ms-keyvault-service-version:
      - 1.9.422.1
    status:
      code: 200
      message: OK
- request:
    body: null
    headers:
      Accept:
      - application/json
      Accept-Encoding:
      - gzip, deflate
      Connection:
      - keep-alive
      User-Agent:
      - azsdk-python-keyvault-keys/4.5.1 Python/3.9.12 (macOS-12.4-arm64-arm-64bit)
    method: GET
    uri: https://cli-test-kv-key-000002.vault.azure.net/keys/key1-000004/?api-version=7.3
  response:
    body:
      string: '{"key":{"kid":"https://cli-test-kv-key-000002.vault.azure.net/keys/key1-000004/19c84630e79b436cb7663fce79208cea","kty":"RSA","key_ops":["encrypt","decrypt","sign","verify","wrapKey","unwrapKey"],"n":"mDLC6FwL1eupp7EQUeuFrzOFc2N1_lyYLxvttw770n_TV_bs01Hxq8CsSXbRzdT4XLpN-iwg4mZMyF11gILQ6Gw_aP8RKa3i5NUCxnbL7-jxNjKumnlwBQWA13vICAoHq6omowqaovg1B2zEFXVA_HT0D33QCeuwKy9rHnMKy7RvmUKFi8aM1rOgg2E_l9Z4ttn88F3Ms-DPd2t2UxxZ9ugYrCirLL_1-f9FTxVldEsP-5uU9JLSFIv6JiPHefzuEjlWXQPciiNmPXYiKGxtkUZRYP-6yRxeZ8phdl5LxX2C_6AYWm2fcayZEdT4ajzGg0s5zg-zD9T351vO9SvWIQ","e":"AQAB"},"attributes":{"enabled":true,"created":1654157652,"updated":1654157652,"recoveryLevel":"CustomizedRecoverable+Purgeable","recoverableDays":7}}'
    headers:
      cache-control:
      - no-cache
      content-length:
      - '698'
      content-type:
      - application/json; charset=utf-8
      date:
      - Thu, 02 Jun 2022 08:14:18 GMT
      expires:
      - '-1'
      pragma:
      - no-cache
      strict-transport-security:
      - max-age=31536000;includeSubDomains
      x-content-type-options:
      - nosniff
      x-ms-keyvault-network-info:
      - conn_type=Ipv4;addr=43.128.15.137;act_addr_fam=InterNetwork;
      x-ms-keyvault-region:
      - eastus2
      x-ms-keyvault-service-version:
      - 1.9.422.1
    status:
      code: 200
      message: OK
- request:
    body: null
    headers:
      Accept:
      - application/json
      Accept-Encoding:
      - gzip, deflate
      Connection:
      - keep-alive
      User-Agent:
      - azsdk-python-keyvault-keys/4.5.1 Python/3.9.12 (macOS-12.4-arm64-arm-64bit)
    method: GET
    uri: https://cli-test-kv-key-000002.vault.azure.net/keys/key1-000004/?api-version=7.3
  response:
    body:
      string: '{"key":{"kid":"https://cli-test-kv-key-000002.vault.azure.net/keys/key1-000004/19c84630e79b436cb7663fce79208cea","kty":"RSA","key_ops":["encrypt","decrypt","sign","verify","wrapKey","unwrapKey"],"n":"mDLC6FwL1eupp7EQUeuFrzOFc2N1_lyYLxvttw770n_TV_bs01Hxq8CsSXbRzdT4XLpN-iwg4mZMyF11gILQ6Gw_aP8RKa3i5NUCxnbL7-jxNjKumnlwBQWA13vICAoHq6omowqaovg1B2zEFXVA_HT0D33QCeuwKy9rHnMKy7RvmUKFi8aM1rOgg2E_l9Z4ttn88F3Ms-DPd2t2UxxZ9ugYrCirLL_1-f9FTxVldEsP-5uU9JLSFIv6JiPHefzuEjlWXQPciiNmPXYiKGxtkUZRYP-6yRxeZ8phdl5LxX2C_6AYWm2fcayZEdT4ajzGg0s5zg-zD9T351vO9SvWIQ","e":"AQAB"},"attributes":{"enabled":true,"created":1654157652,"updated":1654157652,"recoveryLevel":"CustomizedRecoverable+Purgeable","recoverableDays":7}}'
    headers:
      cache-control:
      - no-cache
      content-length:
      - '698'
      content-type:
      - application/json; charset=utf-8
      date:
      - Thu, 02 Jun 2022 08:14:20 GMT
      expires:
      - '-1'
      pragma:
      - no-cache
      strict-transport-security:
      - max-age=31536000;includeSubDomains
      x-content-type-options:
      - nosniff
      x-ms-keyvault-network-info:
      - conn_type=Ipv4;addr=43.128.15.137;act_addr_fam=InterNetwork;
      x-ms-keyvault-region:
      - eastus2
      x-ms-keyvault-service-version:
      - 1.9.422.1
    status:
      code: 200
      message: OK
- request:
    body: '{"alg": "RSA-OAEP", "value": "kgml2ywLFM6o5XTO1XQktz2pbTrZQCwJwYNdYbV9qKsw8ifswYnPBW6tTe_Y6f-the_F_olx-3GjwKcc3fu1IKjvoTeQMuOxIzBxlj5tdO-bWURCfdQWxtytRIe0AVAU73u97CGLZFRXRdxMRGXfPa5Ud62ucua1LQbT-Pfzum3gd2S1CGzrd-PePC-HjYZR2CVJQyyu8DhhPZxxFkMWiYrNJnZmjMAdfRfT_6jCHsRuz6QBSUzlV9PeSmCO_7S-KQ5Xmemi-vKngP89n-E4pFWxoaoAF5YkDbDoS4EATxGKxYLxpFcJsqAQ_PUmMDlYyXaXGvhMTkwm5HBhHJmTzw"}'
    headers:
      Accept:
      - application/json
      Accept-Encoding:
      - gzip, deflate
      Connection:
      - keep-alive
      Content-Length:
      - '374'
      Content-Type:
      - application/json
      User-Agent:
      - azsdk-python-keyvault-keys/4.5.1 Python/3.9.12 (macOS-12.4-arm64-arm-64bit)
    method: POST
    uri: https://cli-test-kv-key-000002.vault.azure.net/keys/key1-000004/19c84630e79b436cb7663fce79208cea/decrypt?api-version=7.3
  response:
    body:
      string: '{"kid":"https://cli-test-kv-key-000002.vault.azure.net/keys/key1-000004/19c84630e79b436cb7663fce79208cea","value":"YWJjZGVm"}'
    headers:
      cache-control:
      - no-cache
      content-length:
      - '125'
      content-type:
      - application/json; charset=utf-8
      date:
      - Thu, 02 Jun 2022 08:14:21 GMT
      expires:
      - '-1'
      pragma:
      - no-cache
      strict-transport-security:
      - max-age=31536000;includeSubDomains
      x-content-type-options:
      - nosniff
      x-ms-keyvault-network-info:
      - conn_type=Ipv4;addr=43.128.15.137;act_addr_fam=InterNetwork;
      x-ms-keyvault-region:
      - eastus2
      x-ms-keyvault-service-version:
      - 1.9.422.1
    status:
      code: 200
      message: OK
- request:
    body: null
    headers:
      Accept:
      - application/json
      Accept-Encoding:
      - gzip, deflate
      Connection:
      - keep-alive
      User-Agent:
      - azsdk-python-keyvault-keys/4.5.1 Python/3.9.12 (macOS-12.4-arm64-arm-64bit)
    method: GET
    uri: https://cli-test-kv-key-000002.vault.azure.net/keys/key1-000004/?api-version=7.3
  response:
    body:
      string: '{"key":{"kid":"https://cli-test-kv-key-000002.vault.azure.net/keys/key1-000004/19c84630e79b436cb7663fce79208cea","kty":"RSA","key_ops":["encrypt","decrypt","sign","verify","wrapKey","unwrapKey"],"n":"mDLC6FwL1eupp7EQUeuFrzOFc2N1_lyYLxvttw770n_TV_bs01Hxq8CsSXbRzdT4XLpN-iwg4mZMyF11gILQ6Gw_aP8RKa3i5NUCxnbL7-jxNjKumnlwBQWA13vICAoHq6omowqaovg1B2zEFXVA_HT0D33QCeuwKy9rHnMKy7RvmUKFi8aM1rOgg2E_l9Z4ttn88F3Ms-DPd2t2UxxZ9ugYrCirLL_1-f9FTxVldEsP-5uU9JLSFIv6JiPHefzuEjlWXQPciiNmPXYiKGxtkUZRYP-6yRxeZ8phdl5LxX2C_6AYWm2fcayZEdT4ajzGg0s5zg-zD9T351vO9SvWIQ","e":"AQAB"},"attributes":{"enabled":true,"created":1654157652,"updated":1654157652,"recoveryLevel":"CustomizedRecoverable+Purgeable","recoverableDays":7}}'
    headers:
      cache-control:
      - no-cache
      content-length:
      - '698'
      content-type:
      - application/json; charset=utf-8
      date:
      - Thu, 02 Jun 2022 08:14:21 GMT
      expires:
      - '-1'
      pragma:
      - no-cache
      strict-transport-security:
      - max-age=31536000;includeSubDomains
      x-content-type-options:
      - nosniff
      x-ms-keyvault-network-info:
      - conn_type=Ipv4;addr=43.128.15.137;act_addr_fam=InterNetwork;
      x-ms-keyvault-region:
      - eastus2
      x-ms-keyvault-service-version:
      - 1.9.422.1
    status:
      code: 200
      message: OK
- request:
    body: '{"alg": "RSA-OAEP", "value": "fnnB_TFGOiFjMAr_wCQivTBnHh9v3F6qKtfwaW3bd_zV2avD3iSA6OHUGUTdzk79RjJUt53bngRXUb4MtTOxeXb7qDWWcAu7VWrrd3r8uQ8-LJZONmOi3vh8D7JwNElG1uf37PqnrQYAOqf_Lv0wrMTQw67zWqTVZ1TZ6nfYR4R5AmgkmEg19s1WfjkiLO2TZNTupL1dndEO4NjMS1GmHeuxpkjsyFYRRaZr5OsBB0dt3tjE1-0rjfV2HhG5khXn2NxTIw_Xb7NAWpiPAh1er1eAyTc4nRwVtFjBZL9PEL42UlqfJCWRFvsj77r-PtvLixPNQ-B9dMhEWjKaeR8V0Q"}'
    headers:
      Accept:
      - application/json
      Accept-Encoding:
      - gzip, deflate
      Connection:
      - keep-alive
      Content-Length:
      - '374'
      Content-Type:
      - application/json
      User-Agent:
      - azsdk-python-keyvault-keys/4.5.1 Python/3.9.12 (macOS-12.4-arm64-arm-64bit)
    method: POST
    uri: https://cli-test-kv-key-000002.vault.azure.net/keys/key1-000004/19c84630e79b436cb7663fce79208cea/decrypt?api-version=7.3
  response:
    body:
      string: '{"kid":"https://cli-test-kv-key-000002.vault.azure.net/keys/key1-000004/19c84630e79b436cb7663fce79208cea","value":"YWJjZGVm"}'
    headers:
      cache-control:
      - no-cache
      content-length:
      - '125'
      content-type:
      - application/json; charset=utf-8
      date:
      - Thu, 02 Jun 2022 08:14:22 GMT
      expires:
      - '-1'
      pragma:
      - no-cache
      strict-transport-security:
      - max-age=31536000;includeSubDomains
      x-content-type-options:
      - nosniff
      x-ms-keyvault-network-info:
      - conn_type=Ipv4;addr=43.128.15.137;act_addr_fam=InterNetwork;
      x-ms-keyvault-region:
      - eastus2
      x-ms-keyvault-service-version:
      - 1.9.422.1
    status:
      code: 200
      message: OK
- request:
    body: ''
    headers:
      Accept:
      - application/json
      Accept-Encoding:
      - gzip, deflate
      Connection:
      - keep-alive
      Content-Length:
      - 0
      Content-Type:
      - application/json; charset=utf-8
      User-Agent:
      - python/3.9.12 (macOS-12.4-arm64-arm-64bit) msrest/0.6.21 msrest_azure/0.6.4
        azure-keyvault/7.0 Azure-SDK-For-Python
      accept-language:
      - en-US
    method: GET
    uri: https://cli-test-kv-key-000002.vault.azure.net/keys?api-version=7.0
  response:
    body:
      string: '{"error":{"code":"Unauthorized","message":"AKV10000: Request is missing
        a Bearer or PoP token."}}'
    headers:
      cache-control:
      - no-cache
      content-length:
      - '97'
      content-type:
      - application/json; charset=utf-8
      date:
      - Thu, 02 Jun 2022 08:14:23 GMT
      expires:
      - '-1'
      pragma:
      - no-cache
      strict-transport-security:
      - max-age=31536000;includeSubDomains
      www-authenticate:
      - Bearer authorization="https://login.windows.net/54826b22-38d6-4fb2-bad9-b7b93a3e9c5a",
        resource="https://vault.azure.net"
      x-content-type-options:
      - nosniff
      x-ms-keyvault-network-info:
      - conn_type=Ipv4;addr=43.128.15.137;act_addr_fam=InterNetwork;
      x-ms-keyvault-region:
      - eastus2
      x-ms-keyvault-service-version:
      - 1.9.422.1
    status:
      code: 401
      message: Unauthorized
- request:
    body: ''
    headers:
      Accept:
      - application/json
      Accept-Encoding:
      - gzip, deflate
      Connection:
      - keep-alive
      Content-Length:
      - 0
      Content-Type:
      - application/json; charset=utf-8
      User-Agent:
      - python/3.9.12 (macOS-12.4-arm64-arm-64bit) msrest/0.6.21 msrest_azure/0.6.4
        azure-keyvault/7.0 Azure-SDK-For-Python
      accept-language:
      - en-US
    method: GET
    uri: https://cli-test-kv-key-000002.vault.azure.net/keys?api-version=7.0
  response:
    body:
      string: '{"value":[{"kid":"https://cli-test-kv-key-000002.vault.azure.net/keys/key1-000004","attributes":{"enabled":true,"created":1654157652,"updated":1654157652,"recoveryLevel":"CustomizedRecoverable+Purgeable"}},{"kid":"https://cli-test-kv-key-000002.vault.azure.net/keys/key2-000005","attributes":{"enabled":true,"created":1654157654,"updated":1654157654,"recoveryLevel":"CustomizedRecoverable+Purgeable"}}],"nextLink":null}'
    headers:
      cache-control:
      - no-cache
      content-length:
      - '419'
      content-type:
      - application/json; charset=utf-8
      date:
      - Thu, 02 Jun 2022 08:14:24 GMT
      expires:
      - '-1'
      pragma:
      - no-cache
      strict-transport-security:
      - max-age=31536000;includeSubDomains
      x-content-type-options:
      - nosniff
      x-ms-keyvault-network-info:
      - conn_type=Ipv4;addr=43.128.15.137;act_addr_fam=InterNetwork;
      x-ms-keyvault-region:
      - eastus2
      x-ms-keyvault-service-version:
      - 1.9.422.1
    status:
      code: 200
      message: OK
- request:
    body: null
    headers:
      Accept:
      - application/json
      Accept-Encoding:
      - gzip, deflate
      Connection:
      - keep-alive
      Content-Type:
      - application/json; charset=utf-8
      User-Agent:
      - python/3.9.12 (macOS-12.4-arm64-arm-64bit) msrest/0.6.21 msrest_azure/0.6.4
        azure-keyvault/7.0 Azure-SDK-For-Python
      accept-language:
      - en-US
    method: GET
    uri: https://cli-test-kv-key-000002.vault.azure.net/keys?maxresults=10&api-version=7.0
  response:
    body:
      string: '{"value":[{"kid":"https://cli-test-kv-key-000002.vault.azure.net/keys/key1-000004","attributes":{"enabled":true,"created":1654157652,"updated":1654157652,"recoveryLevel":"CustomizedRecoverable+Purgeable"}},{"kid":"https://cli-test-kv-key-000002.vault.azure.net/keys/key2-000005","attributes":{"enabled":true,"created":1654157654,"updated":1654157654,"recoveryLevel":"CustomizedRecoverable+Purgeable"}}],"nextLink":null}'
    headers:
      cache-control:
      - no-cache
      content-length:
      - '419'
      content-type:
      - application/json; charset=utf-8
      date:
      - Thu, 02 Jun 2022 08:14:26 GMT
      expires:
      - '-1'
      pragma:
      - no-cache
      strict-transport-security:
      - max-age=31536000;includeSubDomains
      x-content-type-options:
      - nosniff
      x-ms-keyvault-network-info:
      - conn_type=Ipv4;addr=43.128.15.137;act_addr_fam=InterNetwork;
      x-ms-keyvault-region:
      - eastus2
      x-ms-keyvault-service-version:
      - 1.9.422.1
    status:
      code: 200
      message: OK
- request:
    body: null
    headers:
      Accept:
      - application/json
      Accept-Encoding:
      - gzip, deflate
      Connection:
      - keep-alive
      Content-Type:
      - application/json; charset=utf-8
      User-Agent:
      - python/3.9.12 (macOS-12.4-arm64-arm-64bit) msrest/0.6.21 msrest_azure/0.6.4
        azure-keyvault/7.0 Azure-SDK-For-Python
      accept-language:
      - en-US
    method: GET
    uri: https://cli-test-kv-key-000002.vault.azure.net/keys?maxresults=1&api-version=7.0
  response:
    body:
      string: '{"value":[{"kid":"https://cli-test-kv-key-000002.vault.azure.net/keys/key1-000004","attributes":{"enabled":true,"created":1654157652,"updated":1654157652,"recoveryLevel":"CustomizedRecoverable+Purgeable"}}],"nextLink":"https://cli-test-kv-key-000002.vault.azure.net:443/keys?api-version=7.0&$skiptoken=eyJOZXh0TWFya2VyIjoiMiE5NiFNREF3TURJNElXdGxlUzlMUlZreUxVZFZTazVNVUVKSk0wMWFWalpCUzFCTFJFRWhNREF3TURJNElUazVPVGt0TVRJdE16RlVNak02TlRrNk5Ua3VPVGs1T1RrNU9Wb2giLCJUYXJnZXRMb2NhdGlvbiI6MH0&maxresults=1"}'
    headers:
      cache-control:
      - no-cache
      content-length:
      - '500'
      content-type:
      - application/json; charset=utf-8
      date:
      - Thu, 02 Jun 2022 08:14:28 GMT
      expires:
      - '-1'
      pragma:
      - no-cache
      strict-transport-security:
      - max-age=31536000;includeSubDomains
      x-content-type-options:
      - nosniff
      x-ms-keyvault-network-info:
      - conn_type=Ipv4;addr=43.128.15.137;act_addr_fam=InterNetwork;
      x-ms-keyvault-region:
      - eastus2
      x-ms-keyvault-service-version:
      - 1.9.422.1
    status:
      code: 200
      message: OK
- request:
    body: ''
    headers:
      Accept:
      - application/json
      Accept-Encoding:
      - gzip, deflate
      Connection:
      - keep-alive
      Content-Length:
      - 0
      Content-Type:
      - application/json; charset=utf-8
      User-Agent:
      - python/3.9.12 (macOS-12.4-arm64-arm-64bit) msrest/0.6.21 msrest_azure/0.6.4
        azure-keyvault/7.0 Azure-SDK-For-Python
      accept-language:
      - en-US
    method: GET
    uri: https://cli-test-kv-key-000002.vault.azure.net/keys?api-version=7.0&$skiptoken=eyJOZXh0TWFya2VyIjoiMiE5NiFNREF3TURJNElXdGxlUzlMUlZreUxVZFZTazVNVUVKSk0wMWFWalpCUzFCTFJFRWhNREF3TURJNElUazVPVGt0TVRJdE16RlVNak02TlRrNk5Ua3VPVGs1T1RrNU9Wb2giLCJUYXJnZXRMb2NhdGlvbiI6MH0&maxresults=1
  response:
    body:
      string: '{"error":{"code":"Unauthorized","message":"AKV10000: Request is missing
        a Bearer or PoP token."}}'
    headers:
      cache-control:
      - no-cache
      content-length:
      - '97'
      content-type:
      - application/json; charset=utf-8
      date:
      - Thu, 02 Jun 2022 08:14:29 GMT
      expires:
      - '-1'
      pragma:
      - no-cache
      strict-transport-security:
      - max-age=31536000;includeSubDomains
      www-authenticate:
      - Bearer authorization="https://login.windows.net/54826b22-38d6-4fb2-bad9-b7b93a3e9c5a",
        resource="https://vault.azure.net"
      x-content-type-options:
      - nosniff
      x-ms-keyvault-network-info:
      - conn_type=Ipv4;addr=43.128.15.137;act_addr_fam=InterNetwork;
      x-ms-keyvault-region:
      - eastus2
      x-ms-keyvault-service-version:
      - 1.9.422.1
    status:
      code: 401
      message: Unauthorized
- request:
    body: ''
    headers:
      Accept:
      - application/json
      Accept-Encoding:
      - gzip, deflate
      Connection:
      - keep-alive
      Content-Length:
      - 0
      Content-Type:
      - application/json; charset=utf-8
      User-Agent:
      - python/3.9.12 (macOS-12.4-arm64-arm-64bit) msrest/0.6.21 msrest_azure/0.6.4
        azure-keyvault/7.0 Azure-SDK-For-Python
      accept-language:
      - en-US
    method: GET
    uri: https://cli-test-kv-key-000002.vault.azure.net/keys?api-version=7.0&$skiptoken=eyJOZXh0TWFya2VyIjoiMiE5NiFNREF3TURJNElXdGxlUzlMUlZreUxVZFZTazVNVUVKSk0wMWFWalpCUzFCTFJFRWhNREF3TURJNElUazVPVGt0TVRJdE16RlVNak02TlRrNk5Ua3VPVGs1T1RrNU9Wb2giLCJUYXJnZXRMb2NhdGlvbiI6MH0&maxresults=1
  response:
    body:
      string: '{"value":[{"kid":"https://cli-test-kv-key-000002.vault.azure.net/keys/key2-000005","attributes":{"enabled":true,"created":1654157654,"updated":1654157654,"recoveryLevel":"CustomizedRecoverable+Purgeable"}}],"nextLink":null}'
    headers:
      cache-control:
      - no-cache
      content-length:
      - '223'
      content-type:
      - application/json; charset=utf-8
      date:
      - Thu, 02 Jun 2022 08:14:30 GMT
      expires:
      - '-1'
      pragma:
      - no-cache
      strict-transport-security:
      - max-age=31536000;includeSubDomains
      x-content-type-options:
      - nosniff
      x-ms-keyvault-network-info:
      - conn_type=Ipv4;addr=43.128.15.137;act_addr_fam=InterNetwork;
      x-ms-keyvault-region:
      - eastus2
      x-ms-keyvault-service-version:
      - 1.9.422.1
    status:
      code: 200
      message: OK
- request:
    body: '{"kty": "RSA", "key_ops": ["encrypt", "decrypt"], "attributes": {"enabled":
      false}, "tags": {"test": "foo"}}'
    headers:
      Accept:
      - application/json
      Accept-Encoding:
      - gzip, deflate
      Connection:
      - keep-alive
      Content-Length:
      - '108'
      Content-Type:
      - application/json
      User-Agent:
      - azsdk-python-keyvault-keys/4.5.1 Python/3.9.12 (macOS-12.4-arm64-arm-64bit)
    method: POST
    uri: https://cli-test-kv-key-000002.vault.azure.net/keys/key1-000004/create?api-version=7.3
  response:
    body:
      string: '{"key":{"kid":"https://cli-test-kv-key-000002.vault.azure.net/keys/key1-000004/19c7bd869b394d74b6bb83ddd43e08e1","kty":"RSA","key_ops":["encrypt","decrypt"],"n":"uVXvvrH7f7gpNe-t6wmISIoJsKI9R9H1YDrx5Hioff-n2n1atfkLD0EOi8vNlNMMNrwK8ZuVtSImkdu4A4ngkFO9LRlRVG0NV26yXiTKR_9JdOCtyppP2MlZE0bV7Rn2Cf3vP2NlPyGAqXzWtp1t_GS5-pipBn7we_LXQGRUMNgBaqM-OJRlB-im3qgfOCU6Ti21E0yWJh2xx2UWBTyZvIzVyVXFgUVjSD_Aj-_Z8AqCNdLjWzF01AISAvwrRG-nH4_J4eEWkoV2OviWMstfSUKH3no1wAi-ANMntPmUcGmJ1VXPCYjAv_F5yjxu8clNG2XuirkuObopS5BvlNT0mQ","e":"AQAB"},"attributes":{"enabled":false,"created":1654157672,"updated":1654157672,"recoveryLevel":"CustomizedRecoverable+Purgeable","recoverableDays":7},"tags":{"test":"foo"}}'
    headers:
      cache-control:
      - no-cache
      content-length:
      - '683'
      content-type:
      - application/json; charset=utf-8
      date:
      - Thu, 02 Jun 2022 08:14:32 GMT
      expires:
      - '-1'
      pragma:
      - no-cache
      strict-transport-security:
      - max-age=31536000;includeSubDomains
      x-content-type-options:
      - nosniff
      x-ms-keyvault-network-info:
      - conn_type=Ipv4;addr=43.128.15.137;act_addr_fam=InterNetwork;
      x-ms-keyvault-region:
      - eastus2
      x-ms-keyvault-service-version:
      - 1.9.422.1
    status:
      code: 200
      message: OK
- request:
    body: null
    headers:
      Accept:
      - application/json
      Accept-Encoding:
      - gzip, deflate
      Connection:
      - keep-alive
      Content-Type:
      - application/json; charset=utf-8
      User-Agent:
      - python/3.9.12 (macOS-12.4-arm64-arm-64bit) msrest/0.6.21 msrest_azure/0.6.4
        azure-keyvault/7.0 Azure-SDK-For-Python
      accept-language:
      - en-US
    method: GET
    uri: https://cli-test-kv-key-000002.vault.azure.net/keys/key1-000004/versions?api-version=7.0
  response:
    body:
      string: '{"value":[{"kid":"https://cli-test-kv-key-000002.vault.azure.net/keys/key1-000004/19c7bd869b394d74b6bb83ddd43e08e1","attributes":{"enabled":false,"created":1654157672,"updated":1654157672,"recoveryLevel":"CustomizedRecoverable+Purgeable"},"tags":{"test":"foo"}},{"kid":"https://cli-test-kv-key-000002.vault.azure.net/keys/key1-000004/19c84630e79b436cb7663fce79208cea","attributes":{"enabled":true,"created":1654157652,"updated":1654157652,"recoveryLevel":"CustomizedRecoverable+Purgeable"}}],"nextLink":null}'
    headers:
      cache-control:
      - no-cache
      content-length:
      - '508'
      content-type:
      - application/json; charset=utf-8
      date:
      - Thu, 02 Jun 2022 08:14:33 GMT
      expires:
      - '-1'
      pragma:
      - no-cache
      strict-transport-security:
      - max-age=31536000;includeSubDomains
      x-content-type-options:
      - nosniff
      x-ms-keyvault-network-info:
      - conn_type=Ipv4;addr=43.128.15.137;act_addr_fam=InterNetwork;
      x-ms-keyvault-region:
      - eastus2
      x-ms-keyvault-service-version:
      - 1.9.422.1
    status:
      code: 200
      message: OK
- request:
    body: null
    headers:
      Accept:
      - application/json
      Accept-Encoding:
      - gzip, deflate
      Connection:
      - keep-alive
      Content-Type:
      - application/json; charset=utf-8
      User-Agent:
      - python/3.9.12 (macOS-12.4-arm64-arm-64bit) msrest/0.6.21 msrest_azure/0.6.4
        azure-keyvault/7.0 Azure-SDK-For-Python
      accept-language:
      - en-US
    method: GET
    uri: https://cli-test-kv-key-000002.vault.azure.net/keys/key1-000004/versions?maxresults=10&api-version=7.0
  response:
    body:
      string: '{"value":[{"kid":"https://cli-test-kv-key-000002.vault.azure.net/keys/key1-000004/19c7bd869b394d74b6bb83ddd43e08e1","attributes":{"enabled":false,"created":1654157672,"updated":1654157672,"recoveryLevel":"CustomizedRecoverable+Purgeable"},"tags":{"test":"foo"}},{"kid":"https://cli-test-kv-key-000002.vault.azure.net/keys/key1-000004/19c84630e79b436cb7663fce79208cea","attributes":{"enabled":true,"created":1654157652,"updated":1654157652,"recoveryLevel":"CustomizedRecoverable+Purgeable"}}],"nextLink":null}'
    headers:
      cache-control:
      - no-cache
      content-length:
      - '508'
      content-type:
      - application/json; charset=utf-8
      date:
      - Thu, 02 Jun 2022 08:14:34 GMT
      expires:
      - '-1'
      pragma:
      - no-cache
      strict-transport-security:
      - max-age=31536000;includeSubDomains
      x-content-type-options:
      - nosniff
      x-ms-keyvault-network-info:
      - conn_type=Ipv4;addr=43.128.15.137;act_addr_fam=InterNetwork;
      x-ms-keyvault-region:
      - eastus2
      x-ms-keyvault-service-version:
      - 1.9.422.1
    status:
      code: 200
      message: OK
- request:
    body: null
    headers:
      Accept:
      - application/json
      Accept-Encoding:
      - gzip, deflate
      Connection:
      - keep-alive
      Content-Type:
      - application/json; charset=utf-8
      User-Agent:
      - python/3.9.12 (macOS-12.4-arm64-arm-64bit) msrest/0.6.21 msrest_azure/0.6.4
        azure-keyvault/7.0 Azure-SDK-For-Python
      accept-language:
      - en-US
    method: GET
    uri: https://cli-test-kv-key-000002.vault.azure.net/keys/key1-000004/versions?maxresults=1&api-version=7.0
  response:
    body:
      string: '{"value":[{"kid":"https://cli-test-kv-key-000002.vault.azure.net/keys/key1-000004/19c7bd869b394d74b6bb83ddd43e08e1","attributes":{"enabled":false,"created":1654157672,"updated":1654157672,"recoveryLevel":"CustomizedRecoverable+Purgeable"},"tags":{"test":"foo"}}],"nextLink":"https://cli-test-kv-key-000002.vault.azure.net:443/keys/key1-000004/versions?api-version=7.0&$skiptoken=eyJOZXh0TWFya2VyIjoiMiExNDAhTURBd01EWXhJV3RsZVM5TFJWa3hMVFpMVkRSSFNGbzFXRkkxTlVveU5WcFRORWd2TVRsRE9EUTJNekJGTnpsQ05ETTJRMEkzTmpZelJrTkZOemt5TURoRFJVRWhNREF3TURJNElUazVPVGt0TVRJdE16RlVNak02TlRrNk5Ua3VPVGs1T1RrNU9Wb2giLCJUYXJnZXRMb2NhdGlvbiI6MH0&maxresults=1"}'
    headers:
      cache-control:
      - no-cache
      content-length:
      - '637'
      content-type:
      - application/json; charset=utf-8
      date:
      - Thu, 02 Jun 2022 08:14:35 GMT
      expires:
      - '-1'
      pragma:
      - no-cache
      strict-transport-security:
      - max-age=31536000;includeSubDomains
      x-content-type-options:
      - nosniff
      x-ms-keyvault-network-info:
      - conn_type=Ipv4;addr=43.128.15.137;act_addr_fam=InterNetwork;
      x-ms-keyvault-region:
      - eastus2
      x-ms-keyvault-service-version:
      - 1.9.422.1
    status:
      code: 200
      message: OK
- request:
    body: null
    headers:
      Accept:
      - application/json
      Accept-Encoding:
      - gzip, deflate
      Connection:
      - keep-alive
      Content-Type:
      - application/json; charset=utf-8
      User-Agent:
      - python/3.9.12 (macOS-12.4-arm64-arm-64bit) msrest/0.6.21 msrest_azure/0.6.4
        azure-keyvault/7.0 Azure-SDK-For-Python
      accept-language:
      - en-US
    method: GET
    uri: https://cli-test-kv-key-000002.vault.azure.net/keys/key1-000004/versions?api-version=7.0&$skiptoken=eyJOZXh0TWFya2VyIjoiMiExNDAhTURBd01EWXhJV3RsZVM5TFJWa3hMVFpMVkRSSFNGbzFXRkkxTlVveU5WcFRORWd2TVRsRE9EUTJNekJGTnpsQ05ETTJRMEkzTmpZelJrTkZOemt5TURoRFJVRWhNREF3TURJNElUazVPVGt0TVRJdE16RlVNak02TlRrNk5Ua3VPVGs1T1RrNU9Wb2giLCJUYXJnZXRMb2NhdGlvbiI6MH0&maxresults=1
  response:
    body:
      string: '{"value":[{"kid":"https://cli-test-kv-key-000002.vault.azure.net/keys/key1-000004/19c84630e79b436cb7663fce79208cea","attributes":{"enabled":true,"created":1654157652,"updated":1654157652,"recoveryLevel":"CustomizedRecoverable+Purgeable"}}],"nextLink":null}'
    headers:
      cache-control:
      - no-cache
      content-length:
      - '256'
      content-type:
      - application/json; charset=utf-8
      date:
      - Thu, 02 Jun 2022 08:14:37 GMT
      expires:
      - '-1'
      pragma:
      - no-cache
      strict-transport-security:
      - max-age=31536000;includeSubDomains
      x-content-type-options:
      - nosniff
      x-ms-keyvault-network-info:
      - conn_type=Ipv4;addr=43.128.15.137;act_addr_fam=InterNetwork;
      x-ms-keyvault-region:
      - eastus2
      x-ms-keyvault-service-version:
      - 1.9.422.1
    status:
      code: 200
      message: OK
- request:
    body: null
    headers:
      Accept:
      - application/json
      Accept-Encoding:
      - gzip, deflate
      Connection:
      - keep-alive
      Content-Type:
      - application/json; charset=utf-8
      User-Agent:
      - python/3.9.12 (macOS-12.4-arm64-arm-64bit) msrest/0.6.21 msrest_azure/0.6.4
        azure-keyvault/7.0 Azure-SDK-For-Python
      accept-language:
      - en-US
    method: GET
    uri: https://cli-test-kv-key-000002.vault.azure.net/keys/key1-000004/versions?api-version=7.0
  response:
    body:
      string: '{"value":[{"kid":"https://cli-test-kv-key-000002.vault.azure.net/keys/key1-000004/19c7bd869b394d74b6bb83ddd43e08e1","attributes":{"enabled":false,"created":1654157672,"updated":1654157672,"recoveryLevel":"CustomizedRecoverable+Purgeable"},"tags":{"test":"foo"}},{"kid":"https://cli-test-kv-key-000002.vault.azure.net/keys/key1-000004/19c84630e79b436cb7663fce79208cea","attributes":{"enabled":true,"created":1654157652,"updated":1654157652,"recoveryLevel":"CustomizedRecoverable+Purgeable"}}],"nextLink":null}'
    headers:
      cache-control:
      - no-cache
      content-length:
      - '508'
      content-type:
      - application/json; charset=utf-8
      date:
      - Thu, 02 Jun 2022 08:14:38 GMT
      expires:
      - '-1'
      pragma:
      - no-cache
      strict-transport-security:
      - max-age=31536000;includeSubDomains
      x-content-type-options:
      - nosniff
      x-ms-keyvault-network-info:
      - conn_type=Ipv4;addr=43.128.15.137;act_addr_fam=InterNetwork;
      x-ms-keyvault-region:
      - eastus2
      x-ms-keyvault-service-version:
      - 1.9.422.1
    status:
      code: 200
      message: OK
- request:
    body: null
    headers:
      Accept:
      - application/json
      Accept-Encoding:
      - gzip, deflate
      Connection:
      - keep-alive
      Content-Type:
      - application/json; charset=utf-8
      User-Agent:
      - python/3.9.12 (macOS-12.4-arm64-arm-64bit) msrest/0.6.21 msrest_azure/0.6.4
        azure-keyvault/7.0 Azure-SDK-For-Python
      accept-language:
      - en-US
    method: GET
    uri: https://cli-test-kv-key-000002.vault.azure.net/keys/key1-000004/versions?api-version=7.0
  response:
    body:
      string: '{"value":[{"kid":"https://cli-test-kv-key-000002.vault.azure.net/keys/key1-000004/19c7bd869b394d74b6bb83ddd43e08e1","attributes":{"enabled":false,"created":1654157672,"updated":1654157672,"recoveryLevel":"CustomizedRecoverable+Purgeable"},"tags":{"test":"foo"}},{"kid":"https://cli-test-kv-key-000002.vault.azure.net/keys/key1-000004/19c84630e79b436cb7663fce79208cea","attributes":{"enabled":true,"created":1654157652,"updated":1654157652,"recoveryLevel":"CustomizedRecoverable+Purgeable"}}],"nextLink":null}'
    headers:
      cache-control:
      - no-cache
      content-length:
      - '508'
      content-type:
      - application/json; charset=utf-8
      date:
      - Thu, 02 Jun 2022 08:14:40 GMT
      expires:
      - '-1'
      pragma:
      - no-cache
      strict-transport-security:
      - max-age=31536000;includeSubDomains
      x-content-type-options:
      - nosniff
      x-ms-keyvault-network-info:
      - conn_type=Ipv4;addr=43.128.15.137;act_addr_fam=InterNetwork;
      x-ms-keyvault-region:
      - eastus2
      x-ms-keyvault-service-version:
      - 1.9.422.1
    status:
      code: 200
      message: OK
- request:
    body: null
    headers:
      Accept:
      - application/json
      Accept-Encoding:
      - gzip, deflate
      Connection:
      - keep-alive
      User-Agent:
      - azsdk-python-keyvault-keys/4.5.1 Python/3.9.12 (macOS-12.4-arm64-arm-64bit)
    method: GET
    uri: https://cli-test-kv-key-000002.vault.azure.net/keys/key1-000004/?api-version=7.3
  response:
    body:
      string: '{"key":{"kid":"https://cli-test-kv-key-000002.vault.azure.net/keys/key1-000004/19c7bd869b394d74b6bb83ddd43e08e1","kty":"RSA","key_ops":["encrypt","decrypt"],"n":"uVXvvrH7f7gpNe-t6wmISIoJsKI9R9H1YDrx5Hioff-n2n1atfkLD0EOi8vNlNMMNrwK8ZuVtSImkdu4A4ngkFO9LRlRVG0NV26yXiTKR_9JdOCtyppP2MlZE0bV7Rn2Cf3vP2NlPyGAqXzWtp1t_GS5-pipBn7we_LXQGRUMNgBaqM-OJRlB-im3qgfOCU6Ti21E0yWJh2xx2UWBTyZvIzVyVXFgUVjSD_Aj-_Z8AqCNdLjWzF01AISAvwrRG-nH4_J4eEWkoV2OviWMstfSUKH3no1wAi-ANMntPmUcGmJ1VXPCYjAv_F5yjxu8clNG2XuirkuObopS5BvlNT0mQ","e":"AQAB"},"attributes":{"enabled":false,"created":1654157672,"updated":1654157672,"recoveryLevel":"CustomizedRecoverable+Purgeable","recoverableDays":7},"tags":{"test":"foo"}}'
    headers:
      cache-control:
      - no-cache
      content-length:
      - '683'
      content-type:
      - application/json; charset=utf-8
      date:
      - Thu, 02 Jun 2022 08:14:42 GMT
      expires:
      - '-1'
      pragma:
      - no-cache
      strict-transport-security:
      - max-age=31536000;includeSubDomains
      x-content-type-options:
      - nosniff
      x-ms-keyvault-network-info:
      - conn_type=Ipv4;addr=43.128.15.137;act_addr_fam=InterNetwork;
      x-ms-keyvault-region:
      - eastus2
      x-ms-keyvault-service-version:
      - 1.9.422.1
    status:
      code: 200
      message: OK
- request:
    body: null
    headers:
      Accept:
      - application/json
      Accept-Encoding:
      - gzip, deflate
      Connection:
      - keep-alive
      User-Agent:
      - azsdk-python-keyvault-keys/4.5.1 Python/3.9.12 (macOS-12.4-arm64-arm-64bit)
    method: GET
    uri: https://cli-test-kv-key-000002.vault.azure.net/keys/key1-000004/19c84630e79b436cb7663fce79208cea?api-version=7.3
  response:
    body:
      string: '{"key":{"kid":"https://cli-test-kv-key-000002.vault.azure.net/keys/key1-000004/19c84630e79b436cb7663fce79208cea","kty":"RSA","key_ops":["encrypt","decrypt","sign","verify","wrapKey","unwrapKey"],"n":"mDLC6FwL1eupp7EQUeuFrzOFc2N1_lyYLxvttw770n_TV_bs01Hxq8CsSXbRzdT4XLpN-iwg4mZMyF11gILQ6Gw_aP8RKa3i5NUCxnbL7-jxNjKumnlwBQWA13vICAoHq6omowqaovg1B2zEFXVA_HT0D33QCeuwKy9rHnMKy7RvmUKFi8aM1rOgg2E_l9Z4ttn88F3Ms-DPd2t2UxxZ9ugYrCirLL_1-f9FTxVldEsP-5uU9JLSFIv6JiPHefzuEjlWXQPciiNmPXYiKGxtkUZRYP-6yRxeZ8phdl5LxX2C_6AYWm2fcayZEdT4ajzGg0s5zg-zD9T351vO9SvWIQ","e":"AQAB"},"attributes":{"enabled":true,"created":1654157652,"updated":1654157652,"recoveryLevel":"CustomizedRecoverable+Purgeable","recoverableDays":7}}'
    headers:
      cache-control:
      - no-cache
      content-length:
      - '698'
      content-type:
      - application/json; charset=utf-8
      date:
      - Thu, 02 Jun 2022 08:14:42 GMT
      expires:
      - '-1'
      pragma:
      - no-cache
      strict-transport-security:
      - max-age=31536000;includeSubDomains
      x-content-type-options:
      - nosniff
      x-ms-keyvault-network-info:
      - conn_type=Ipv4;addr=43.128.15.137;act_addr_fam=InterNetwork;
      x-ms-keyvault-region:
      - eastus2
      x-ms-keyvault-service-version:
      - 1.9.422.1
    status:
      code: 200
      message: OK
- request:
    body: null
    headers:
      Accept:
      - application/json
      Accept-Encoding:
      - gzip, deflate
      Connection:
      - keep-alive
      User-Agent:
      - azsdk-python-keyvault-keys/4.5.1 Python/3.9.12 (macOS-12.4-arm64-arm-64bit)
    method: GET
    uri: https://cli-test-kv-key-000002.vault.azure.net/keys/key1-000004/19c84630e79b436cb7663fce79208cea?api-version=7.3
  response:
    body:
      string: '{"key":{"kid":"https://cli-test-kv-key-000002.vault.azure.net/keys/key1-000004/19c84630e79b436cb7663fce79208cea","kty":"RSA","key_ops":["encrypt","decrypt","sign","verify","wrapKey","unwrapKey"],"n":"mDLC6FwL1eupp7EQUeuFrzOFc2N1_lyYLxvttw770n_TV_bs01Hxq8CsSXbRzdT4XLpN-iwg4mZMyF11gILQ6Gw_aP8RKa3i5NUCxnbL7-jxNjKumnlwBQWA13vICAoHq6omowqaovg1B2zEFXVA_HT0D33QCeuwKy9rHnMKy7RvmUKFi8aM1rOgg2E_l9Z4ttn88F3Ms-DPd2t2UxxZ9ugYrCirLL_1-f9FTxVldEsP-5uU9JLSFIv6JiPHefzuEjlWXQPciiNmPXYiKGxtkUZRYP-6yRxeZ8phdl5LxX2C_6AYWm2fcayZEdT4ajzGg0s5zg-zD9T351vO9SvWIQ","e":"AQAB"},"attributes":{"enabled":true,"created":1654157652,"updated":1654157652,"recoveryLevel":"CustomizedRecoverable+Purgeable","recoverableDays":7}}'
    headers:
      cache-control:
      - no-cache
      content-length:
      - '698'
      content-type:
      - application/json; charset=utf-8
      date:
      - Thu, 02 Jun 2022 08:14:44 GMT
      expires:
      - '-1'
      pragma:
      - no-cache
      strict-transport-security:
      - max-age=31536000;includeSubDomains
      x-content-type-options:
      - nosniff
      x-ms-keyvault-network-info:
      - conn_type=Ipv4;addr=43.128.15.137;act_addr_fam=InterNetwork;
      x-ms-keyvault-region:
      - eastus2
      x-ms-keyvault-service-version:
      - 1.9.422.1
    status:
      code: 200
      message: OK
- request:
    body: '{"attributes": {"enabled": true}}'
    headers:
      Accept:
      - application/json
      Accept-Encoding:
      - gzip, deflate
      Connection:
      - keep-alive
      Content-Length:
      - '33'
      Content-Type:
      - application/json
      User-Agent:
      - azsdk-python-keyvault-keys/4.5.1 Python/3.9.12 (macOS-12.4-arm64-arm-64bit)
    method: PATCH
    uri: https://cli-test-kv-key-000002.vault.azure.net/keys/key1-000004/?api-version=7.3
  response:
    body:
      string: '{"key":{"kid":"https://cli-test-kv-key-000002.vault.azure.net/keys/key1-000004/19c7bd869b394d74b6bb83ddd43e08e1","kty":"RSA","key_ops":["encrypt","decrypt"],"n":"uVXvvrH7f7gpNe-t6wmISIoJsKI9R9H1YDrx5Hioff-n2n1atfkLD0EOi8vNlNMMNrwK8ZuVtSImkdu4A4ngkFO9LRlRVG0NV26yXiTKR_9JdOCtyppP2MlZE0bV7Rn2Cf3vP2NlPyGAqXzWtp1t_GS5-pipBn7we_LXQGRUMNgBaqM-OJRlB-im3qgfOCU6Ti21E0yWJh2xx2UWBTyZvIzVyVXFgUVjSD_Aj-_Z8AqCNdLjWzF01AISAvwrRG-nH4_J4eEWkoV2OviWMstfSUKH3no1wAi-ANMntPmUcGmJ1VXPCYjAv_F5yjxu8clNG2XuirkuObopS5BvlNT0mQ","e":"AQAB"},"attributes":{"enabled":true,"created":1654157672,"updated":1654157686,"recoveryLevel":"CustomizedRecoverable+Purgeable","recoverableDays":7},"tags":{"test":"foo"}}'
    headers:
      cache-control:
      - no-cache
      content-length:
      - '682'
      content-type:
      - application/json; charset=utf-8
      date:
      - Thu, 02 Jun 2022 08:14:45 GMT
      expires:
      - '-1'
      pragma:
      - no-cache
      strict-transport-security:
      - max-age=31536000;includeSubDomains
      x-content-type-options:
      - nosniff
      x-ms-keyvault-network-info:
      - conn_type=Ipv4;addr=43.128.15.137;act_addr_fam=InterNetwork;
      x-ms-keyvault-region:
      - eastus2
      x-ms-keyvault-service-version:
      - 1.9.422.1
    status:
      code: 200
      message: OK
- request:
    body: null
    headers:
      Accept:
      - application/json
      Accept-Encoding:
      - gzip, deflate
      Connection:
      - keep-alive
      Content-Length:
      - '0'
      Content-Type:
      - application/json; charset=utf-8
      User-Agent:
      - python/3.9.12 (macOS-12.4-arm64-arm-64bit) msrest/0.6.21 msrest_azure/0.6.4
        azure-keyvault/7.0 Azure-SDK-For-Python
      accept-language:
      - en-US
    method: POST
    uri: https://cli-test-kv-key-000002.vault.azure.net/keys/key1-000004/backup?api-version=7.0
  response:
    body:
      string: '{"value":"JkF6dXJlS2V5VmF1bHRLZXlCYWNrdXBWMS5taWNyb3NvZnQuY29tZXlKcmFXUWlPaUkwTXpnMVlqQTNZaTFrTlRRM0xUUXlaVFV0WVdVNVpTMDJNVEJrWXpNNVpHWmhaamdpTENKaGJHY2lPaUpTVTBFdFQwRkZVQzB5TlRZaUxDSmxibU1pT2lKQk1qVTJRMEpETFVoVE5URXlJbjAuV25nb3FndEJaa29OMnlEQzdpRlp1YUIzaTJ4d241SnkydE5FdTBUdFFUVUZod2pvNkQ0SHdoSzhjd0N1YWhIRmM4OVRGZHA2Nk9GNzVnT2RYdWVjWlRpbEJjQUhpakppSkI0V0l5a1pncUFmZXVpNWg5Q3NwOHBTeDRIclZKYVUxMjhZQ3h0QzZkOGdmaTlqY19QSVVYZ0Q5SGtZSFJwSlZKdXlmV1JSRFJvcVBiVTZnSWRkbDdDX1hzNXlaQWVlMjFCdWhCcl8yMWpZSHNFekZZcHEzY2lKeGhER19RQlh2bjJQckVObFFkY1dZVExRbnNVdVN5dUJINVVNQThIYWdiX1ZQUGFMSmx4VmJBZDFnQ3AwcE4xN3BaUDI2emN6Z1FQeU9HNHJ5VThTNVVqRTJIM3oyN3VjV2toUGFHZ1ZlTy1SR1RqbHJYQUc0MXBCWGpBd2tnLldVQTkwN0lmX0R0R3g0QUNsd2oxOEEucU0yX2tOQ2hNb2xFT3VLVGhTOW9TcU1zVzYtbnR3ODVneEdXYnBVLWVQaTJ3ZnFxcWs2UlZTakhsa2Z4dmRweHVGc3JDSVpBVWJPZmFVSENZWVp2Z1J1Umc2QkZVbzJjUF9XQ1pNODhaNVU4Tkl5UnIwTmJHN1ZjWXo4bnRjLU1McC1VMXIxQ1p1U1Zabjg1WTFoUzN0OHZNSmVlOEdNWmNoem82b1BvNWM0SXh4UXRyblloLWVhYVIwS1pBM0xKcUJpc3J6MUw4eThmWTJ4LVM1TE1iYlNHMnRycTd4S3Q1cWM1dWotRktDQ2YtYS1JeklhUlZkTUhDclljN0lobmYtZDNtRU9xd1pIcFlJcHM5UGxoSUhpc0xSSTZ2X0VtTTdoNlY0UWF0SXJZUnl2bFFPM3BsNWlBSnhEXzlkMkdJS0kyTGpUb0hoSk1Gc1FxbklwTHF3YXNIeXJzdHZtaFVwNEpZU2dPNHI4RWR3N2VUYnEzUWtQdEF4ZkktbkpGc3JqSjU1QTFpT1hzM1B6RnlVSmRmUUt0c0hTTkZacjR3UXdSaEgyVy1nSEw5UVgzUDBmcEE3cUkzYlpQSFVvZnJkckFQUHZ1dlp6b2hyZ2czb3dxTXY0dEUxWEF6UUNBbVB4WGZ3amV3dEFlbklXOEprVWYxSTZjOWFmY0Yyc01zXy1zM0FyRkd4S2swQTgta3hfTTg1UjJaRW1QYjFmWkFHZ1FlaHZhUEZaXzVuR1JvUjhWUHRDSkk5NV9NdV9vMTJNVDd0dHdsMS15R1lKS0w4dm16aVlmSkpSTXdqS3NnZjFpXzZsQUxxU1M0SjFaY2NMX2hJd3J6cE9QUjdZbGhtVHNPMWl5NVVLbkpoakxKcmFtd1B2RHZwZU5QakpwSWhsTFFmdFpmRzNLN0dpdmxZUUc5SnlKZ3pEQU1FbnZGOURBLXZtQ3lhSTF4dm9ZYy11YUc3aF9sRlFpV3RWdk5PNmFZVlJXYnJRU0JNQzJHcEVPeXFORUlyZ1NKdF9LTkdfRmVWYVZiWmJ3UzJDbnVKVHN2VVk4aUJPQ1JqOXhta2xHRms1TjJBcmZ3N3Q4OG8xOFVvZzZhVVdtVnkyVDZ6b00tampEakYxWlNjbmFOb1VZeElackx1SlZJdU5fWUZaM1pCTWs1SnE3Y0JtOVFRbTA1VG9MYlNLNU9TTTRpUlpaMGo0VEFGRDVtRkRqcWQ3RWc1ZFZldVRYNEV6U2I5MnJLVXdDa0Zqc1haOTU3eVViVENVQzNSLU9PcnN0dTVWNzI3cUlDVXhsWUZ0SzRyTlM4OE9ob2ZZeGcwOVdRZ0VyQWt4a3Rvcmc1aWdoazI5VzUwNlNxN2QxQ0JsYndOanBBdVRhVi1FVlpNUWZvYXdibkJ6VG5rSkFmWVFmN2dlS0UyTEdRRkFqM2RzeGRDbFMtcTJSS3pDZE9SMUxMN1RFY1ppQjNySHZjUWwxdG5VUTFuRVZJbEdRbHNQaGttalBiRi02X0FfWk9jZXp0MUx2WkpKbDBBNE5DWWFPTjg5UkxzYjZ4SWxvR3d6NEIxT3otQUVnTkJfTG1JcFNPUjFtUXpaejlEMURxS3h3MkZfODJSbXdVQm90SnVndjY0TjNVY1FfTEZoMkZfQ2ZCMUdac092bFBYRmRvTGQzQ3F1QzNfRFQyYWlrQ0ZvN2s3bDlpQ2NvNHRkQk42cWl0d0VHekxDQXdTc0JxZmFqWC1YNlFTd0Z3TlloYklNQkdBX3JyQVRxdnFJLVZ6aGFrZDdHbG4xQS1mUjFhZ2NjTVRtUG1MY0VtTjFsdlpVMlBKblhrTjRNT0JGSXJuSks2OWRNX1U3blNNN1RZaGdxOUxQZm16X3ZXTU1mVUJXd2xKNDItY1hMcE1UMW5reGFESUFwR1JCMG95d0sxMDVzekFBTDB2SlQtU2ZwWE9UZk9yYk5CMWQwLS1hdXFHaloyQ0paS1QxN054OEFLUXFYeEc0bkpwcUJlUDl1MWgyVlc1ZzlLeC1ET3drM0VyTHRFelJmVDZBX0IzX1ltd2hUd2pOMHhHNmYtMkM0MHA1a0tXOGhlb1R0dTkyaW5QQTRSc1dpdjh0V1liaXpnQk9SeDVHQ2JlQzd5T0tSUWl6R2cwcjZQYnFudVJkM2c1WFFDeHo0QTltQmdhRHlWZDhGMDYxaV9lVE05NjRGV2hFeUp3LV95QkdDeHFsdmN4YjdoZkJSWUtRT2VPOHVFa1M3aXo0NWltMjNCXzgwSUFiSkYzOUNRMkdZbjJNNTJHWXFfQ0J4REZSb1RBU3FYRkVDaEw3bWlNN1dQaERvTXV6Q3VaeUJkY0RmWnJ1ZVhPN3g2ZVFxZGZkVFMzdkRHNEdDQ1lQQzdvcjY1bG9mOUNoclZQc0xtbkl2bGVOY05vSTdpU3VGSWpyT3ZSS0Q2ZWF6YU80RGxwMEV1M1JfcDZ3ZTJodVpTTGk5SktGYmowaWRFenBmOEFvazUwQjNNSFVsYnJ5dWdWNnZ3WEI2NWh6YnN0Vjl1cVE0V1lCSEl1ZngxZDFiMFpsRW5IckxiczRMdU4xa19LX1F0S0xlV3dGRnVTaHoxWi14X195S0tYOWc2bFNsam4tQkdiT1lpNDNGSnRsU1ZPajBTOHpERnpuVGFrMVBzMUdRQ1kzQnNDVnd2dDRET3NMczVienBkUVJEckg3VHR6VVJxcFZZRmdhVmtJZFMwYkJ0aThZbkhZNHNVNks3YjB1ZHQ5QTkxekV2MHNKTzNUY2U3eEx0M0w0Yldkay1NOEhIaTBYX3FHdG8yODBISGlqOW5kbmhvcnVldkJQTE1fcURLbXpJc2FsN0ZEOGJjRHIza29lRmpIVUkyWjVPVDlJMU50S1NzaGg5ZXFyVzM2cnR5djFwZ3V2c2ZiYWRURktTWmg3Y0NBMTVoSU5SbzNiOGh4TzhJZGVGeS1yX2x5Q0RyMEpyZFRwTHhNY2FjUFJsWHo4RFVaRXl3WTNxckJmdHY4dVNCcVlMY3h5NVE1VXJDckFkZDMtaC15UDZEcERpQVlKR3IxVGVBN1JkdjMwVzF6b3JZbUJhbTBySTFlWnFIOVY4R05uVDNmMEFYNFBOQnBJNTRxdHRGcVZpblVJanNkb2hOZTk5bV93Y3p3bk55VjhBZmN6VmcxY3A2cEl3MGtjNVdJWXFQaEg3QmRCY3A0MnM5M0dpUXE1TjVuLTZWamxxeThUVV9Bci1yZVlmaW1zWm9HV0xnUWxTaXVCeVBJeUFSdWs0M1VoQVVXRENhSWJJTU9vREJPTU9kNGNBX2N3T1I5SzBpdDdwNllLU2sxZm1rTE1JaE1EcmEtakIxTVk2V1VSWWpwY2ZSVTRTb3V6OWdUeHFoVUZfM20xRjg4RjlCUk5iaWU4XzlkSWxvM1FPOU51alN1ZDhlemhseWg3dVRoWThfUGVnMi05OEhWaEJyRE9PcDZicG1WRHJWQ2tyZXBfU2RBdGtBX19QVVRtR0VmYlJVYUozbDNYLWxhcUN5OU5zWUdGdHJQZzZveU9wMGhjU1V2Tm83T1BPUjJ6Mk9MYXlVV2tBMWF4VGZKLUV4NXRJd09QQ0J5ODItdUpDVjYwRXY2ckktTDA5dHlQMmtuem5Bc3F5b0lIcWs1c0ExckJ0NFpRRGt3N2xSbjZxSTlrOVQ1ZEhWai1hcmZRMGxDa2JBNHRvUFBheWtiVU11Z2h6MG83dERwVHM1Y2hXM0d5NHJ2S0ZmZ3l1anozSU9UX1hXZXRfdUoxRGZqZDJ3aWRFem9zaDdGQ0VlWkZsQ3d4bE1iYkM5ZlRxRzRxYUxQNGNvMDlNaUllajNkS2pOaTMxQXVybC11dXRrcmFXNlo5TnNfbzFhSFFuZkpuXzRaWFc0ZUtxRDZyeXhfN2RmYzdkbFM5aTRCaTgzTkNSOVRCaWdUZjE4aFRFOHVhdFczRE1RSnFDcVVZMi1iX0tWQk0wbUJEV0hLVWJCdTYyR0xBVFg4WkRqMERSbFlSVzZVZGFDQmxjZkJjWDdCeEhxTDNFWmFVSXprVWN0SkJOSkNBMkNJNDQxNTNndGdwTmU1LXg4OXowWjhDNThnZWoyZGVCLVFiYUtwMm02RWV3WEFZQlZqcEpIX21VQnFrTGQwY2JIWUkyU01Xd0k1blNPcnJYSHFyMHVJN3NPcm51eXd4Mnh4bUVodGNjeU5yS3hEbHFNdU1KSTR6U3BGZU5zMHpxMEJOWm9yaW1NVm5tR2QwOV9XQk5IVFlONTFybDEzRERhRjNFdnM0eEdseTVsdk9POTNwazk3YzE1bE1ITHVYRVozZGtjY3lZa0tFMW9xV3VpdW9ELVFiMkQxNm82aTZ2RHFMOFlqT2tHQ2pqV2o5dDBTZnk5ZU1iU1FfckFKN2lDZHJ1bWF2NHl6dU01aTc0WVhEOTBGNXdUSFBySUFfUnhWbVBqaGwxZUY5VDJCd3dBai1sZEZwTG5jWHFsNTZOUW9sV0xyNmdiNmdhbjFRcVByMFRhV042eFVxejRPcUt3SlNkTFNWMFo5bHNpbGFwQWdTbm9UNFRaVmVHMkJyR2UtWTdSLUUyLU5CUkZHMVhvQ0dHbHh3ck1kYk8wZU5RSzFXN21EQlJYRUJXTDlfMEswUHhLU240YUVuOTRDb0tDNkdaUURkR1FlVVZWOUlCTnBZdGVBMW1fZDFUUjhNTExlVE5KWHFleW5DcFJXRlFnWFVNcVU4QTFTNTZIaXFUdi1vN1VDOWhDOGoybjhFZDBNcnVkTkhyRzR1eWlhMUprOXd3OXJaS1Zwdkw0V04tQzZmT1hXaVVDRE5iRXlLRFR0RjdMbHZZaER1V1d2ZWd6MmJWZm12ck9ZTVJ2aUNnZGJ3N0drUGlEZUZUQ3pZYThWWG5PQkdTbGFTazdPd3F6cDA1SC1lOTR0dnlyNGFtNERUTExJZWxoT1dXM29iUWk2dFNzNzQtTG5hdE9PYk45UjVBTDlKYXhXRlJkQnJoRjB1NGNYYi1uVWtPT2RXX2cxaWF3M1JLUmU3RU9lWGtFeThNUkFHUmRJbUl6NldwRjVfU3J2WVV5d1E2UmVVNEhxTDg1WUNXT3JyWUxwX0xXcGRRUXlQbFU0bEFMTGlHY0d4TzRsUG9iMHpYZFEwRVdrZUZJMzRPTVQxMkxqeWVGNkNfekJiUlJWb1NubXlXQkdzUWFGcXFzaldfVFZCWG1kSEt2ekRXTk1SX0prZ3FORlNUc3FLRmtMWVpWSG9SMWxuRTJtSkdhNm5VR3lwT2FtMzZTMDhKQjVNMXhTNUp5ZDVERlZPUnZaQkJsQUVHZW0wRTRJUmdYMldlM2tHcFVMYUFxV1VIVHhqeFhRMjJKNnRnMDNmUmwyOWg0cWtnZHMzaU1PUGFxWG1DaUhIRXc0R2YyN3FkdGU0NWp5X3N5em11ZF80NVV4Q1Q1UE9oQXE5emJvVG5JNVRUUDdLTkJ2bVRmeDBLQnA4UF9YR2I5a1E5aTdub1F5QzZFR283ck80RFI2aERtVnFmTmFFNVk2TGowZm1xTmpfS0pac1BlMkZVVWVfQkFCMW9KYVhzRzRpSnlJcF80cDFtQkFMTTlmT1g1X2FfcnRxUGNwTnBmVEM0ZzMwSGRWQ1R4aWhTS3hkblR4MXpMTG5Vd25ld0JxSzFPcHlFVTdpOE5jMDc2bk1aaWJDU2hHcWswZV94V3NMZXI0RFFpMlJEQ1JaQ1Q2aEt2cG11alRUM3dLNV93UzJMYnJ6aURUSFpCYVNZWEI5R3NfUXVLRTNxb1Zac29WbVRQVlJqaHYwM2pVTGRUaXdqc1dlV1RIaDV3dS1hZ3huVDhxMTEtd002ZUpXX0N0UFZyeUljY1RZUGJpQXZuUUwyRG9iS1JwTHNuUjlqQ1BxdXZNM0t1VkFFTXN4aDJESDA4Y3BKcFc0SF95WTRkbHMyaU5HWlVJeE1RcXF4UUQ4QWNISldmd3hZc3hxQ3dUclhkeW1kRjhJYU5jejNmcTZkcFZnWUhGaDlzTWVncGgtczk1THM3NjhMcEpQN21iSlBkSzNQWVBPNkRHY2s4aGN4RkpmcVRUajZ0aEJOZmNPUFhUQW12c245Z3NMZ2xrS3ZPek9zRm1MdWd2cDlzemZQTkc2Z2Z4YkRERzJqQ2JtUXFMNU1BellrQk5SUWMxWXVFcWxxM1l3d2VWOFB1QnBxVXA2MEY0ODBlMW15OElGSVdOMUR4aEgtUjNkdWtCa2Q2Rjc5aS0yZFNfN0JwUDNDUjlkYS1FWTNxREVIZ3kwN2pObjJJTV9kd0tKRXRGMFRBWmIyRTBlY0RoSV8zQkcxNGc1eEN2M1VVaVVic19ReW9KTlhtYmZ5TnREUmdhbVhEZFNxejk4aFpqSVpBLWNac3RubnZ1a0E4eFFTRnBULUZxMjdvRnduZk9NekhWTXBFaVFJVEFQR3kxNnB4U01lRFJqRkpHdFdTZWlrMlBUNXE0M3dRdElzWjQzMllETUlVU2d5RFRTajYxRnRjSUlOdU56d1EyRlhBMXh6Rnc5YWJHSzhFTS1UY1AxMXdhS2ZjQk94Q2NjY0FuU0trYVgzX1dHTEIySjAzT1VWWlhoMmJNYlJVUVQ5S3hvVmVwUVlJOVN2R3RGU0UxU29ZZmhOVWtJMVhkNENoRTVndnMxaGlzRGhmVjJpVWVzbWVwUVBiMWFUOVF3bUdsNjVOcWxqX1dUODB4NU81UkhRdm55eUNHNm9YUGp1V1BlR3k2cmV4eVpCWFRwVm1RSUJVZ2N6SEZlS0MxT3R6ZmZvR2F5WlRPT3l2NWczMGlxMGR1Y2pFaFdLLUo1SFhzUWpERDl1bWVQbGFqZ3lFOFkwTTI0VnAxUnBPYmlsV28zU20zWGxqSG5IQ3lfckZmMDA2LTgteHNiTkQwdXk0Y3VwLTVNTkNHTVdkYlRsLWN0OWtWRW1kc0E1OXZtQTlhY2piS1Q1TmFHUF9CQjdDNUxVV196MXJ5enZLbUIxR093dFdZTGt0ejhQdVVqMG03aENZVTRFQVdSb2ItZm81OFZhUjMyX2pDRGlKYnN5cU11S2tkcUJyd05Md0ZpeHhFdFpDamlzVklwMkpnYzVTZzVDU3hwOWNNYTJXeGpFNjA4MWNsTk1jb3BUUXpCTDlSNlFaRmpKQ194VUF2anFmc0pjNXRTQll4TVhDTWZrXzNzSVlPc192akFmWEk2SHFHUTJNUXBFeV9vV0RjWVFzcXFCWnZod2l2Zkp1Qjg2OGFGUXJtakpLLWM0bW1vR3duMkhwT0d1XzJpTENjSHZ4OHRhSERKbXZLbnZWSTRVT3Izd0RXSTB6RTJEVERLV0QwbExKaHJMajFEX2UtOXVadHZtMWVTa0ZFb3llV3VqdC1CNHFrT0Z3YnhhN0liWGZBSS1BaV9UaE40YVBOTWtQYXhXNVFhQUh1SUZTZzNuODdsRzBKWkRMSjJrWWNTMm9HQlRMRHUzYlNidUpiZlVsXzdoa0R6THBId1ZGX284aUlKcjJjQUtGUnd1SXFpckVRc3cxVE1ZaDMyZG43MmotUlg5eTQybjRCUXA2ZjVqMlBoRkxucEdOWTIwZWo0YjhMS2NkZVFzTnc5dXhwalJ2VWhuZXpKcGlGT2dCZEc4NG1Sd3N5d1hsOGlmRDlvVjZVT3JiclRNZzF1QlFxYm4taG5fMWQta04yRkNvSGdBXzA4bkNPYy1FY193a1ViejgtT2s5aVBBa0ZQVzJaNTdoeXNfWEszcy1seUx5Z0tTZWNBWEdleDlhOWRJMXFFNVQxdkwtS1U0QTgxaEpKVWdJdXpERnRUYll0ZVZwRzlUaXhTYUpsejZIRHRjdjhIR2N0YllJS2hUM1dMWnJVU3A0cmZjWnk1N0NObzdPSzZLY3VYblAxOV9yeVFYTVFyRXVwT0ZGekcya09DNkpBd2RCaEZzeXZpWFluUzVpZVEtQWZjYmxaR1I0UDRySFJjdWstU2YxYUE1QmJzbDRNb3htWXRHMlh4d3Q2MnhjNFlUQ3NVdDZGdVRhLVdSMjZTc1JjT3FTWVdPWVZpSXo5Sm85UVZUVDlJMkdIamhJcV95cnRTTFZWTExWLW9idDBkeVNtQUxHR1I4dlhQMGdnNnJ4ODVHQWh1OE9uUWlBR1lwdEs3YlM2c3FQdkl5Qy1GSDRNVVhIYmY2V0JDcFpuU290MFBKVlRLS1VuRnB6c2phcXl0ZGlOUjZibGFMU3hRajFnb1JXSFRGbWg3WGEwUEJnaTRMVmxrZFEwOUlBdVZmXzctajBLbHk4ZUlfR3Y2MndROGRyTWthMWZtS21QVE5QdndTcGoxX1NTTHpCTV9Hd1NneDZzT1NTX0JYbG1nRkU4TmIyREEyYnVXcjJLeXhfOE8tYUE0V3IyeUo2R0FEU3NiRTBoQWUyNmRvN3FHdXNzNjVMQnRjcUM0MHgxd1VtNG11b25KY3c1TjcxendSZ1ZxNnhlSzRlQVdHZkZUVV9CNzNQbExfN3hJTmZremhBS1ZKUnFaNllRWXBJczVYVHk2RF9mQTBkLWpKcXF2M050RzhYR0pwRkZYV3lSMUJONm55MTBuMHM0bXhvZFY3bGgyMk92ckliWjFTLXV3WVEzV1B2SFl2ZFF3VEZrWVB3OThRTzNOMFhLNGp5bi1fOUNaNGlhLXlSYkl5OWxoVG9FbFhHNDl2RElWc2ZMUF90QllNUUthY0JIOFVhazY5NXlYU2JGVm1RUjNxX2k0VzlVLV84TWV5QVZPS1NGd004ajR1YXhrQllqdWFieEFpMXgtWU1iSG45c19Ydkc4aDZaa2duNjlaMG5Pd19pN0p3b19uYU9JTlR6Yk50ZEluaUxkNTRNUWdNcTM0WU83LUNSS1pfQ21lSFZ3NDRHcVNkT09scG56cE5JVzM3RVpGX2VGMDNPSHNBbG5jdzFMV1h4aDZ5VjA1bW1rR1VyamNSR1N3dFBQS2o3cnowLVcxLVBRM1lnRTRJcjNGeUw2d2tTZDlyUEdtRlROblFTNm5RN21QVnAyQzJEa20xT25lMnU0MEZ2UlhQWlNidUk0T1VNdG5fQVc5VXZzbGtBNWl3MHdQZ0xRS0x2WXljdzI4WmlnMzFHMldwaXRhT3V3MzF3RUJ6N2I4a1gtN01EOFB1LVVKYVFSVVBWSnhtQ2JRcy1XdnFYdzlSMm94c29lUUcxRU4tLTdiQldUZGpxWWRwUFd3eDNtZkZEcHFQR25LSUhuM0U2NGpXbi1reEdJT1ZYWkgtMU5SbEJINHB6bmdQOVBHenI0bE1sUkVDcXFxWjRKVy1MNUJ4RVYxajlFOTR2bnFHWmxscEplRVc0RUNzOFVBcjNNMmVmMmdKUTVIZnY5M0JFdndrbDQ5dUVfeEItdWJDZzMwMzk0QjNsaE83NEpPNzhRZDJMZHJYbDRMdEtibVdVZ1E5NnVReDcxbW1zTDZ6c2JiM1lkSUo5WW9JbEdqbERkZkt4RnpNMGVTZFFFYy1yS3JrTHhOcUwwRkZOSUo0cGhrN2U1QWFiM2FKVElUSkJEMlF1Um9oS3docnp3ZHBJTmVlZjFJczZyUUtpVXVLdVhEVUIwVmczYVphWUZjM0tKZUhMWk1aZXVTanJlTlNwN01vOU1PR2tOVFNQODFfMDl0MFhwbXdCakV6UWdrOWdmUlpSWHVvdVU1Skl1NG4xMEFwT29rWnkxM1duRm1LS1l5WXhrWlZRMEhJR1R3QTZIVk0zM2FPRXFNNGN0NWIwTUFsMVBmTndTa09kWjJaTEk4NERkbEh1NDRCQ090clRHQ0pGTzMyT0FVZTdadTdod1gzVmFyUEtxXzU4dUtDSzZVOGpZTkU1NzVaNW44bFVyWEtrT1pjLW5HaVhRdXpZTEJzcUxtS3h2b1N3SjVNQ1RtSmIzSTBHSFpkcnpueEN2cHJkUHdBYmQwYVZoVjBid0V1LVVJWGFNNW5Va191U1N0Q19sa1AzRTFrMTNZMzRlVm5hSU8yQzc2eHR0VVpNamxNcUxkaUMtWmRhYzFYRzd5QlBQclQ2VmpKRkx6aURYaExVVTNwYnNqeU1UZkoxeFN3Q01aYm1jT3JsN0dLdGVLYWhNN3YwVHVBdHNvMUlWdWFEOC1mQVBLYVFGWVc0ZEltaDFOLWV1VHpRVWlISnh5dTVSelBoYTFmWk02Ql83RGVRS0pfTE1BeGJ0NjdJV2VwcURlejBscDNIdHdqVnVYdkliTTlHS2pXTk12Z3dhaWZBamJTYmtWSldxV1owamdZZlJqZ3hYTEU4b0t4QlRVaVFoVFBiWlEyckdqRGR4MGVxbWRzdHFJdVpiS09jNnduMmc1RndWV0JWSjIzTVpiN0VrMU5VYm53TDFrZkJfeVB1MmtmZGF6dEg0eEhMdWVVSDAxRVZxZFYxQV9od19zZVV5Sml0UEJhTllaWXRIZlR0VUhxekdCbWhiUEZCQU1CUFc0WTJtT2hpM1ptdWY3cHVaanZ1QTF4V1FZTk5BckhRLVRyOEk0Y3lmSE82SUJGOE9NTFB3SmFBQVhwU1Y1RVRodkNFTVloZG01TWFpdjhMR09vUjJBT1BYbXBGZXRMd0V3R2RJa0M3UDAtNW1XNng3NUdjcHZZelpyY3JyUlZ3SDVZVXczMno4T21DbllUbU9ZUzhYZ21vUXhtU005RUhoazRPanZ3NlpaS2RORDBGc3BVRHdXWVNmZkJVQWI0bnJuX3lIcHU1cWdVMHQwZktTN0RVVEpWUV9uZzZVTi0yWDZiazI2MHhMMGpvd3ZQWHdidmtTeXdGYVF4UUhlVUJaQWdLX0E5emtIc1AyWHVPUUdNbEhYSG9rN2dLWmZPSE15dVpiMThIajZaSEVwVVVLMXBhcy01SUdMQ1dpc19ZLW1ZUEk0TExpUXY2WkRUZGJaVUJfbnZadkF1RkctdjJhYVhvNjd2U1I4blhacWxEVzNoMGE1THViUzRYWlBaY3o0aEswQS1xYVdtSG1kTEhMUDlxSlRtVkl0R2VYTVNFcnNZT3FpQ0JqemluX0dxN3dGNHRZdHlYVkc5U1VNR005UjRNUGEzQWlhS2FySVlydVBGZXlzSVdkZ3dIYkFkOHFsd1NvalJaamNRSW9XOVhLWWtLZzdWV2I2N3ZoVXNjS3JUbzFST2xZYVhlM1dIQ20zWGVtQi1NbEVPQzN6Qk5qdEhmN0E2NC1EbldVOWRQVVNfb2hlRWpIbEVSUnRHR1ptWmc0Qks3bFU2OTkxUlVOb0RNRkptUTA4X1daR2hWcjEyZFJSY19uMmd1VTR6V1pyLWJGNWNnNjhBMHN3ZTVCcXhLTVhYd1dQdFV5cTgyQ1RsbkhRcmRZOEtQamN6eXNSSTBnMVNwbHZ3bVBDdm0wY1NPbzljVlhmRkZ2NEVwNC1hcEVFMjdGZWU2b0dUZmV0WDY2aUx0ZzJ5bERoNHhfd3BKNWZabzZxdHBtM3lVelJXZERFcGM5TVJQSHAtWWIyMHRpbi1HcWFwT25QZFpQSkFxUm1MYy11V1BzeGF0VmJ0aXUtRFAwRENud3FXSVdtRy1oV0h6RGxYMXptbEhxOFVROGNNWi16czl0ZzNEWU81d2tSdlZfVnBiSl9Ud0NZejZzM094MDQyX24tMHQ2cW5YM3FiR09nNzI2M2V0MXBoMEpYTzVHWDlSYzVickpLbFNyZDlmSHpubTAtN0trSERYV2VfYWM4Nk8ycFNiRDd4OWVZc0FaZE9JS2p2RnJHQWVralpxU1U4LW9ERk51amdPVDA4aGJ0M09LSUl0bVU2bThSODdrZEp1VlkzN2F6TjlXV250ODRWUFJhclVXYXJrV1VjbmlCWVJlNnFqaTFiemt6ZjhXTXBMaWFlamZRUmFULWtfWVY4ZGxSOFIyTFJjRnVTUW1hV05LSzBXbk4zclYwU2lGRE9od2NZQWlZYktIUm41M2xzd09MdVNWbXhQcFhUelVLcnB4aWdrY3Z3aDBUaXB0REFFU1l4Ri1KbWRuUy1ybGh4VndKVVJHTTlLUXNFU0M1UkQ2dGtpMmttMzBSZk8xSThTNmZ6bnJfQ3hqWEVHZllBZ1J1VGpMOFhDQVBMQ21HZ3g4NUtPREI5b1NhbHEtQS0yNFE4RG02TThDZEpFWi1BNkp5UUM0TmJKeG83ZG5uVzZZRVJvSlI4b1hzQjQtSDh6QjRXaWQwRW81UDRhWXNEeU5GNmo3TE52QzVrSzhkVzEwalNLOUlLUjloaW13dEwxYWlhNXhFRlBWaWx1MmpYYmVzN1R0LTc1bVpobmFzZFdzTU81X0htUDFYb3hvc290Ylgza251Y3FRal9VWWFtY2pmX2JOZTAzaGt5ZmRndGdPZTRSWXZEajdIVHVsV3ZERXJCRjdaVVBSNXNMT25uVFdDaTJQeHc1RXRxOC1sdFUxTVE4ZTVWdXhyUE5Ea3lDbFVTZVBDSk14Z1hBTWUtb1NuVW80VmNuUnpJd0JtVVhINEpULV82Y2RFd3g2UEc1U1ZPdW1QTU4wLjlOQS1pclYzS1RzUV9Pckc1ZTFHN1VyVXE2dDgyR2c1Y3lEOF93czVuUWc"}'
    headers:
      cache-control:
      - no-cache
      content-length:
      - '13287'
      content-type:
      - application/json; charset=utf-8
      date:
      - Thu, 02 Jun 2022 08:14:47 GMT
      expires:
      - '-1'
      pragma:
      - no-cache
      strict-transport-security:
      - max-age=31536000;includeSubDomains
      x-content-type-options:
      - nosniff
      x-ms-keyvault-network-info:
      - conn_type=Ipv4;addr=43.128.15.137;act_addr_fam=InterNetwork;
      x-ms-keyvault-region:
      - eastus2
      x-ms-keyvault-service-version:
      - 1.9.422.1
    status:
      code: 200
      message: OK
- request:
    body: null
    headers:
      Accept:
      - application/json
      Accept-Encoding:
      - gzip, deflate
      Connection:
      - keep-alive
      Content-Length:
      - '0'
      Content-Type:
      - application/json; charset=utf-8
      User-Agent:
      - python/3.9.12 (macOS-12.4-arm64-arm-64bit) msrest/0.6.21 msrest_azure/0.6.4
        azure-keyvault/7.0 Azure-SDK-For-Python
      accept-language:
      - en-US
    method: DELETE
    uri: https://cli-test-kv-key-000002.vault.azure.net/keys/key1-000004?api-version=7.0
  response:
    body:
      string: '{"recoveryId":"https://cli-test-kv-key-000002.vault.azure.net/deletedkeys/key1-000004","deletedDate":1654157689,"scheduledPurgeDate":1654762489,"key":{"kid":"https://cli-test-kv-key-000002.vault.azure.net/keys/key1-000004/19c7bd869b394d74b6bb83ddd43e08e1","kty":"RSA","key_ops":["encrypt","decrypt"],"n":"uVXvvrH7f7gpNe-t6wmISIoJsKI9R9H1YDrx5Hioff-n2n1atfkLD0EOi8vNlNMMNrwK8ZuVtSImkdu4A4ngkFO9LRlRVG0NV26yXiTKR_9JdOCtyppP2MlZE0bV7Rn2Cf3vP2NlPyGAqXzWtp1t_GS5-pipBn7we_LXQGRUMNgBaqM-OJRlB-im3qgfOCU6Ti21E0yWJh2xx2UWBTyZvIzVyVXFgUVjSD_Aj-_Z8AqCNdLjWzF01AISAvwrRG-nH4_J4eEWkoV2OviWMstfSUKH3no1wAi-ANMntPmUcGmJ1VXPCYjAv_F5yjxu8clNG2XuirkuObopS5BvlNT0mQ","e":"AQAB"},"attributes":{"enabled":true,"created":1654157672,"updated":1654157686,"recoveryLevel":"CustomizedRecoverable+Purgeable"},"tags":{"test":"foo"}}'
    headers:
      cache-control:
      - no-cache
      content-length:
      - '805'
      content-type:
      - application/json; charset=utf-8
      date:
      - Thu, 02 Jun 2022 08:14:48 GMT
      expires:
      - '-1'
      pragma:
      - no-cache
      strict-transport-security:
      - max-age=31536000;includeSubDomains
      x-content-type-options:
      - nosniff
      x-ms-keyvault-network-info:
      - conn_type=Ipv4;addr=43.128.15.137;act_addr_fam=InterNetwork;
      x-ms-keyvault-region:
      - eastus2
      x-ms-keyvault-service-version:
      - 1.9.422.1
    status:
      code: 200
      message: OK
- request:
    body: null
    headers:
      Accept:
      - application/json
      Accept-Encoding:
      - gzip, deflate
      Connection:
      - keep-alive
      Content-Length:
      - '0'
      Content-Type:
      - application/json; charset=utf-8
      User-Agent:
      - python/3.9.12 (macOS-12.4-arm64-arm-64bit) msrest/0.6.21 msrest_azure/0.6.4
        azure-keyvault/7.0 Azure-SDK-For-Python
      accept-language:
      - en-US
    method: DELETE
    uri: https://cli-test-kv-key-000002.vault.azure.net/deletedkeys/key1-000004?api-version=7.0
  response:
    body:
      string: ''
    headers:
      cache-control:
      - no-cache
      date:
      - Thu, 02 Jun 2022 08:16:50 GMT
      expires:
      - '-1'
      pragma:
      - no-cache
      strict-transport-security:
      - max-age=31536000;includeSubDomains
      x-content-type-options:
      - nosniff
      x-ms-keyvault-network-info:
      - conn_type=Ipv4;addr=43.128.15.137;act_addr_fam=InterNetwork;
      x-ms-keyvault-region:
      - eastus2
      x-ms-keyvault-service-version:
      - 1.9.422.1
    status:
      code: 204
      message: No Content
- request:
    body: null
    headers:
      Accept:
      - application/json
      Accept-Encoding:
      - gzip, deflate
      Connection:
      - keep-alive
      Content-Length:
      - '0'
      Content-Type:
      - application/json; charset=utf-8
      User-Agent:
      - python/3.9.12 (macOS-12.4-arm64-arm-64bit) msrest/0.6.21 msrest_azure/0.6.4
        azure-keyvault/7.0 Azure-SDK-For-Python
      accept-language:
      - en-US
    method: DELETE
    uri: https://cli-test-kv-key-000002.vault.azure.net/keys/key2-000005?api-version=7.0
  response:
    body:
      string: '{"recoveryId":"https://cli-test-kv-key-000002.vault.azure.net/deletedkeys/key2-000005","deletedDate":1654157932,"scheduledPurgeDate":1654762732,"key":{"kid":"https://cli-test-kv-key-000002.vault.azure.net/keys/key2-000005/da6cdb160c3b463e99f9c8c369ec55aa","kty":"RSA","key_ops":["encrypt","decrypt","sign","verify","wrapKey","unwrapKey"],"n":"tRgNur8NAV0T_w5j__FRzXHysVdX6FhKnXMdOP0JunaDFcXLQhcdlD4RjxOMyTkxjqh1Z1gLIzP5LuKOM3HEtfF403PilQ1d9RkzxUVeE5qMHjGNKg4ncRedmoIDSI2lBBNGdXg5K6kPS5C0WAxsrBqHybYLG4TZR2u1HVS7tuJW-zQHAWw38iZA_lzBAfdviZ-LHZYBMKJ3pow71JEPqtxaubkQCKK2TUuzDHzTJSSNelXJGMEuk44Iby4Xq6a4Nqq6ikmjAJi_MNIpnN5FeOpM_mL6lLCpLaVLJdIp5Ogho5HnifKQpUQcJMTPCIybuPyO3jHOlsRRBtiyrYKKpQ","e":"AQAB"},"attributes":{"enabled":true,"created":1654157654,"updated":1654157654,"recoveryLevel":"CustomizedRecoverable+Purgeable"}}'
    headers:
      cache-control:
      - no-cache
      content-length:
      - '821'
      content-type:
      - application/json; charset=utf-8
      date:
      - Thu, 02 Jun 2022 08:18:52 GMT
      expires:
      - '-1'
      pragma:
      - no-cache
      strict-transport-security:
      - max-age=31536000;includeSubDomains
      x-content-type-options:
      - nosniff
      x-ms-keyvault-network-info:
      - conn_type=Ipv4;addr=43.128.15.137;act_addr_fam=InterNetwork;
      x-ms-keyvault-region:
      - eastus2
      x-ms-keyvault-service-version:
      - 1.9.422.1
    status:
      code: 200
      message: OK
- request:
    body: null
    headers:
      Accept:
      - application/json
      Accept-Encoding:
      - gzip, deflate
      Connection:
      - keep-alive
      Content-Type:
      - application/json; charset=utf-8
      User-Agent:
      - python/3.9.12 (macOS-12.4-arm64-arm-64bit) msrest/0.6.21 msrest_azure/0.6.4
        azure-keyvault/7.0 Azure-SDK-For-Python
      accept-language:
      - en-US
    method: GET
    uri: https://cli-test-kv-key-000002.vault.azure.net/keys?api-version=7.0
  response:
    body:
      string: '{"value":[],"nextLink":null}'
    headers:
      cache-control:
      - no-cache
      content-length:
      - '28'
      content-type:
      - application/json; charset=utf-8
      date:
      - Thu, 02 Jun 2022 08:18:53 GMT
      expires:
      - '-1'
      pragma:
      - no-cache
      strict-transport-security:
      - max-age=31536000;includeSubDomains
      x-content-type-options:
      - nosniff
      x-ms-keyvault-network-info:
      - conn_type=Ipv4;addr=43.128.15.137;act_addr_fam=InterNetwork;
      x-ms-keyvault-region:
      - eastus2
      x-ms-keyvault-service-version:
      - 1.9.422.1
    status:
      code: 200
      message: OK
- request:
    body: null
    headers:
      Accept:
      - application/json
      Accept-Encoding:
      - gzip, deflate
      Connection:
      - keep-alive
      Content-Type:
      - application/json; charset=utf-8
      User-Agent:
      - python/3.9.12 (macOS-12.4-arm64-arm-64bit) msrest/0.6.21 msrest_azure/0.6.4
        azure-keyvault/7.0 Azure-SDK-For-Python
      accept-language:
      - en-US
    method: GET
    uri: https://cli-test-kv-key-000002.vault.azure.net/keys?maxresults=10&api-version=7.0
  response:
    body:
      string: '{"value":[],"nextLink":null}'
    headers:
      cache-control:
      - no-cache
      content-length:
      - '28'
      content-type:
      - application/json; charset=utf-8
      date:
      - Thu, 02 Jun 2022 08:18:54 GMT
      expires:
      - '-1'
      pragma:
      - no-cache
      strict-transport-security:
      - max-age=31536000;includeSubDomains
      x-content-type-options:
      - nosniff
      x-ms-keyvault-network-info:
      - conn_type=Ipv4;addr=43.128.15.137;act_addr_fam=InterNetwork;
      x-ms-keyvault-region:
      - eastus2
      x-ms-keyvault-service-version:
      - 1.9.422.1
    status:
      code: 200
      message: OK
- request:
    body: '{"value": "JkF6dXJlS2V5VmF1bHRLZXlCYWNrdXBWMS5taWNyb3NvZnQuY29tZXlKcmFXUWlPaUkwTXpnMVlqQTNZaTFrTlRRM0xUUXlaVFV0WVdVNVpTMDJNVEJrWXpNNVpHWmhaamdpTENKaGJHY2lPaUpTVTBFdFQwRkZVQzB5TlRZaUxDSmxibU1pT2lKQk1qVTJRMEpETFVoVE5URXlJbjAuV25nb3FndEJaa29OMnlEQzdpRlp1YUIzaTJ4d241SnkydE5FdTBUdFFUVUZod2pvNkQ0SHdoSzhjd0N1YWhIRmM4OVRGZHA2Nk9GNzVnT2RYdWVjWlRpbEJjQUhpakppSkI0V0l5a1pncUFmZXVpNWg5Q3NwOHBTeDRIclZKYVUxMjhZQ3h0QzZkOGdmaTlqY19QSVVYZ0Q5SGtZSFJwSlZKdXlmV1JSRFJvcVBiVTZnSWRkbDdDX1hzNXlaQWVlMjFCdWhCcl8yMWpZSHNFekZZcHEzY2lKeGhER19RQlh2bjJQckVObFFkY1dZVExRbnNVdVN5dUJINVVNQThIYWdiX1ZQUGFMSmx4VmJBZDFnQ3AwcE4xN3BaUDI2emN6Z1FQeU9HNHJ5VThTNVVqRTJIM3oyN3VjV2toUGFHZ1ZlTy1SR1RqbHJYQUc0MXBCWGpBd2tnLldVQTkwN0lmX0R0R3g0QUNsd2oxOEEucU0yX2tOQ2hNb2xFT3VLVGhTOW9TcU1zVzYtbnR3ODVneEdXYnBVLWVQaTJ3ZnFxcWs2UlZTakhsa2Z4dmRweHVGc3JDSVpBVWJPZmFVSENZWVp2Z1J1Umc2QkZVbzJjUF9XQ1pNODhaNVU4Tkl5UnIwTmJHN1ZjWXo4bnRjLU1McC1VMXIxQ1p1U1Zabjg1WTFoUzN0OHZNSmVlOEdNWmNoem82b1BvNWM0SXh4UXRyblloLWVhYVIwS1pBM0xKcUJpc3J6MUw4eThmWTJ4LVM1TE1iYlNHMnRycTd4S3Q1cWM1dWotRktDQ2YtYS1JeklhUlZkTUhDclljN0lobmYtZDNtRU9xd1pIcFlJcHM5UGxoSUhpc0xSSTZ2X0VtTTdoNlY0UWF0SXJZUnl2bFFPM3BsNWlBSnhEXzlkMkdJS0kyTGpUb0hoSk1Gc1FxbklwTHF3YXNIeXJzdHZtaFVwNEpZU2dPNHI4RWR3N2VUYnEzUWtQdEF4ZkktbkpGc3JqSjU1QTFpT1hzM1B6RnlVSmRmUUt0c0hTTkZacjR3UXdSaEgyVy1nSEw5UVgzUDBmcEE3cUkzYlpQSFVvZnJkckFQUHZ1dlp6b2hyZ2czb3dxTXY0dEUxWEF6UUNBbVB4WGZ3amV3dEFlbklXOEprVWYxSTZjOWFmY0Yyc01zXy1zM0FyRkd4S2swQTgta3hfTTg1UjJaRW1QYjFmWkFHZ1FlaHZhUEZaXzVuR1JvUjhWUHRDSkk5NV9NdV9vMTJNVDd0dHdsMS15R1lKS0w4dm16aVlmSkpSTXdqS3NnZjFpXzZsQUxxU1M0SjFaY2NMX2hJd3J6cE9QUjdZbGhtVHNPMWl5NVVLbkpoakxKcmFtd1B2RHZwZU5QakpwSWhsTFFmdFpmRzNLN0dpdmxZUUc5SnlKZ3pEQU1FbnZGOURBLXZtQ3lhSTF4dm9ZYy11YUc3aF9sRlFpV3RWdk5PNmFZVlJXYnJRU0JNQzJHcEVPeXFORUlyZ1NKdF9LTkdfRmVWYVZiWmJ3UzJDbnVKVHN2VVk4aUJPQ1JqOXhta2xHRms1TjJBcmZ3N3Q4OG8xOFVvZzZhVVdtVnkyVDZ6b00tampEakYxWlNjbmFOb1VZeElackx1SlZJdU5fWUZaM1pCTWs1SnE3Y0JtOVFRbTA1VG9MYlNLNU9TTTRpUlpaMGo0VEFGRDVtRkRqcWQ3RWc1ZFZldVRYNEV6U2I5MnJLVXdDa0Zqc1haOTU3eVViVENVQzNSLU9PcnN0dTVWNzI3cUlDVXhsWUZ0SzRyTlM4OE9ob2ZZeGcwOVdRZ0VyQWt4a3Rvcmc1aWdoazI5VzUwNlNxN2QxQ0JsYndOanBBdVRhVi1FVlpNUWZvYXdibkJ6VG5rSkFmWVFmN2dlS0UyTEdRRkFqM2RzeGRDbFMtcTJSS3pDZE9SMUxMN1RFY1ppQjNySHZjUWwxdG5VUTFuRVZJbEdRbHNQaGttalBiRi02X0FfWk9jZXp0MUx2WkpKbDBBNE5DWWFPTjg5UkxzYjZ4SWxvR3d6NEIxT3otQUVnTkJfTG1JcFNPUjFtUXpaejlEMURxS3h3MkZfODJSbXdVQm90SnVndjY0TjNVY1FfTEZoMkZfQ2ZCMUdac092bFBYRmRvTGQzQ3F1QzNfRFQyYWlrQ0ZvN2s3bDlpQ2NvNHRkQk42cWl0d0VHekxDQXdTc0JxZmFqWC1YNlFTd0Z3TlloYklNQkdBX3JyQVRxdnFJLVZ6aGFrZDdHbG4xQS1mUjFhZ2NjTVRtUG1MY0VtTjFsdlpVMlBKblhrTjRNT0JGSXJuSks2OWRNX1U3blNNN1RZaGdxOUxQZm16X3ZXTU1mVUJXd2xKNDItY1hMcE1UMW5reGFESUFwR1JCMG95d0sxMDVzekFBTDB2SlQtU2ZwWE9UZk9yYk5CMWQwLS1hdXFHaloyQ0paS1QxN054OEFLUXFYeEc0bkpwcUJlUDl1MWgyVlc1ZzlLeC1ET3drM0VyTHRFelJmVDZBX0IzX1ltd2hUd2pOMHhHNmYtMkM0MHA1a0tXOGhlb1R0dTkyaW5QQTRSc1dpdjh0V1liaXpnQk9SeDVHQ2JlQzd5T0tSUWl6R2cwcjZQYnFudVJkM2c1WFFDeHo0QTltQmdhRHlWZDhGMDYxaV9lVE05NjRGV2hFeUp3LV95QkdDeHFsdmN4YjdoZkJSWUtRT2VPOHVFa1M3aXo0NWltMjNCXzgwSUFiSkYzOUNRMkdZbjJNNTJHWXFfQ0J4REZSb1RBU3FYRkVDaEw3bWlNN1dQaERvTXV6Q3VaeUJkY0RmWnJ1ZVhPN3g2ZVFxZGZkVFMzdkRHNEdDQ1lQQzdvcjY1bG9mOUNoclZQc0xtbkl2bGVOY05vSTdpU3VGSWpyT3ZSS0Q2ZWF6YU80RGxwMEV1M1JfcDZ3ZTJodVpTTGk5SktGYmowaWRFenBmOEFvazUwQjNNSFVsYnJ5dWdWNnZ3WEI2NWh6YnN0Vjl1cVE0V1lCSEl1ZngxZDFiMFpsRW5IckxiczRMdU4xa19LX1F0S0xlV3dGRnVTaHoxWi14X195S0tYOWc2bFNsam4tQkdiT1lpNDNGSnRsU1ZPajBTOHpERnpuVGFrMVBzMUdRQ1kzQnNDVnd2dDRET3NMczVienBkUVJEckg3VHR6VVJxcFZZRmdhVmtJZFMwYkJ0aThZbkhZNHNVNks3YjB1ZHQ5QTkxekV2MHNKTzNUY2U3eEx0M0w0Yldkay1NOEhIaTBYX3FHdG8yODBISGlqOW5kbmhvcnVldkJQTE1fcURLbXpJc2FsN0ZEOGJjRHIza29lRmpIVUkyWjVPVDlJMU50S1NzaGg5ZXFyVzM2cnR5djFwZ3V2c2ZiYWRURktTWmg3Y0NBMTVoSU5SbzNiOGh4TzhJZGVGeS1yX2x5Q0RyMEpyZFRwTHhNY2FjUFJsWHo4RFVaRXl3WTNxckJmdHY4dVNCcVlMY3h5NVE1VXJDckFkZDMtaC15UDZEcERpQVlKR3IxVGVBN1JkdjMwVzF6b3JZbUJhbTBySTFlWnFIOVY4R05uVDNmMEFYNFBOQnBJNTRxdHRGcVZpblVJanNkb2hOZTk5bV93Y3p3bk55VjhBZmN6VmcxY3A2cEl3MGtjNVdJWXFQaEg3QmRCY3A0MnM5M0dpUXE1TjVuLTZWamxxeThUVV9Bci1yZVlmaW1zWm9HV0xnUWxTaXVCeVBJeUFSdWs0M1VoQVVXRENhSWJJTU9vREJPTU9kNGNBX2N3T1I5SzBpdDdwNllLU2sxZm1rTE1JaE1EcmEtakIxTVk2V1VSWWpwY2ZSVTRTb3V6OWdUeHFoVUZfM20xRjg4RjlCUk5iaWU4XzlkSWxvM1FPOU51alN1ZDhlemhseWg3dVRoWThfUGVnMi05OEhWaEJyRE9PcDZicG1WRHJWQ2tyZXBfU2RBdGtBX19QVVRtR0VmYlJVYUozbDNYLWxhcUN5OU5zWUdGdHJQZzZveU9wMGhjU1V2Tm83T1BPUjJ6Mk9MYXlVV2tBMWF4VGZKLUV4NXRJd09QQ0J5ODItdUpDVjYwRXY2ckktTDA5dHlQMmtuem5Bc3F5b0lIcWs1c0ExckJ0NFpRRGt3N2xSbjZxSTlrOVQ1ZEhWai1hcmZRMGxDa2JBNHRvUFBheWtiVU11Z2h6MG83dERwVHM1Y2hXM0d5NHJ2S0ZmZ3l1anozSU9UX1hXZXRfdUoxRGZqZDJ3aWRFem9zaDdGQ0VlWkZsQ3d4bE1iYkM5ZlRxRzRxYUxQNGNvMDlNaUllajNkS2pOaTMxQXVybC11dXRrcmFXNlo5TnNfbzFhSFFuZkpuXzRaWFc0ZUtxRDZyeXhfN2RmYzdkbFM5aTRCaTgzTkNSOVRCaWdUZjE4aFRFOHVhdFczRE1RSnFDcVVZMi1iX0tWQk0wbUJEV0hLVWJCdTYyR0xBVFg4WkRqMERSbFlSVzZVZGFDQmxjZkJjWDdCeEhxTDNFWmFVSXprVWN0SkJOSkNBMkNJNDQxNTNndGdwTmU1LXg4OXowWjhDNThnZWoyZGVCLVFiYUtwMm02RWV3WEFZQlZqcEpIX21VQnFrTGQwY2JIWUkyU01Xd0k1blNPcnJYSHFyMHVJN3NPcm51eXd4Mnh4bUVodGNjeU5yS3hEbHFNdU1KSTR6U3BGZU5zMHpxMEJOWm9yaW1NVm5tR2QwOV9XQk5IVFlONTFybDEzRERhRjNFdnM0eEdseTVsdk9POTNwazk3YzE1bE1ITHVYRVozZGtjY3lZa0tFMW9xV3VpdW9ELVFiMkQxNm82aTZ2RHFMOFlqT2tHQ2pqV2o5dDBTZnk5ZU1iU1FfckFKN2lDZHJ1bWF2NHl6dU01aTc0WVhEOTBGNXdUSFBySUFfUnhWbVBqaGwxZUY5VDJCd3dBai1sZEZwTG5jWHFsNTZOUW9sV0xyNmdiNmdhbjFRcVByMFRhV042eFVxejRPcUt3SlNkTFNWMFo5bHNpbGFwQWdTbm9UNFRaVmVHMkJyR2UtWTdSLUUyLU5CUkZHMVhvQ0dHbHh3ck1kYk8wZU5RSzFXN21EQlJYRUJXTDlfMEswUHhLU240YUVuOTRDb0tDNkdaUURkR1FlVVZWOUlCTnBZdGVBMW1fZDFUUjhNTExlVE5KWHFleW5DcFJXRlFnWFVNcVU4QTFTNTZIaXFUdi1vN1VDOWhDOGoybjhFZDBNcnVkTkhyRzR1eWlhMUprOXd3OXJaS1Zwdkw0V04tQzZmT1hXaVVDRE5iRXlLRFR0RjdMbHZZaER1V1d2ZWd6MmJWZm12ck9ZTVJ2aUNnZGJ3N0drUGlEZUZUQ3pZYThWWG5PQkdTbGFTazdPd3F6cDA1SC1lOTR0dnlyNGFtNERUTExJZWxoT1dXM29iUWk2dFNzNzQtTG5hdE9PYk45UjVBTDlKYXhXRlJkQnJoRjB1NGNYYi1uVWtPT2RXX2cxaWF3M1JLUmU3RU9lWGtFeThNUkFHUmRJbUl6NldwRjVfU3J2WVV5d1E2UmVVNEhxTDg1WUNXT3JyWUxwX0xXcGRRUXlQbFU0bEFMTGlHY0d4TzRsUG9iMHpYZFEwRVdrZUZJMzRPTVQxMkxqeWVGNkNfekJiUlJWb1NubXlXQkdzUWFGcXFzaldfVFZCWG1kSEt2ekRXTk1SX0prZ3FORlNUc3FLRmtMWVpWSG9SMWxuRTJtSkdhNm5VR3lwT2FtMzZTMDhKQjVNMXhTNUp5ZDVERlZPUnZaQkJsQUVHZW0wRTRJUmdYMldlM2tHcFVMYUFxV1VIVHhqeFhRMjJKNnRnMDNmUmwyOWg0cWtnZHMzaU1PUGFxWG1DaUhIRXc0R2YyN3FkdGU0NWp5X3N5em11ZF80NVV4Q1Q1UE9oQXE5emJvVG5JNVRUUDdLTkJ2bVRmeDBLQnA4UF9YR2I5a1E5aTdub1F5QzZFR283ck80RFI2aERtVnFmTmFFNVk2TGowZm1xTmpfS0pac1BlMkZVVWVfQkFCMW9KYVhzRzRpSnlJcF80cDFtQkFMTTlmT1g1X2FfcnRxUGNwTnBmVEM0ZzMwSGRWQ1R4aWhTS3hkblR4MXpMTG5Vd25ld0JxSzFPcHlFVTdpOE5jMDc2bk1aaWJDU2hHcWswZV94V3NMZXI0RFFpMlJEQ1JaQ1Q2aEt2cG11alRUM3dLNV93UzJMYnJ6aURUSFpCYVNZWEI5R3NfUXVLRTNxb1Zac29WbVRQVlJqaHYwM2pVTGRUaXdqc1dlV1RIaDV3dS1hZ3huVDhxMTEtd002ZUpXX0N0UFZyeUljY1RZUGJpQXZuUUwyRG9iS1JwTHNuUjlqQ1BxdXZNM0t1VkFFTXN4aDJESDA4Y3BKcFc0SF95WTRkbHMyaU5HWlVJeE1RcXF4UUQ4QWNISldmd3hZc3hxQ3dUclhkeW1kRjhJYU5jejNmcTZkcFZnWUhGaDlzTWVncGgtczk1THM3NjhMcEpQN21iSlBkSzNQWVBPNkRHY2s4aGN4RkpmcVRUajZ0aEJOZmNPUFhUQW12c245Z3NMZ2xrS3ZPek9zRm1MdWd2cDlzemZQTkc2Z2Z4YkRERzJqQ2JtUXFMNU1BellrQk5SUWMxWXVFcWxxM1l3d2VWOFB1QnBxVXA2MEY0ODBlMW15OElGSVdOMUR4aEgtUjNkdWtCa2Q2Rjc5aS0yZFNfN0JwUDNDUjlkYS1FWTNxREVIZ3kwN2pObjJJTV9kd0tKRXRGMFRBWmIyRTBlY0RoSV8zQkcxNGc1eEN2M1VVaVVic19ReW9KTlhtYmZ5TnREUmdhbVhEZFNxejk4aFpqSVpBLWNac3RubnZ1a0E4eFFTRnBULUZxMjdvRnduZk9NekhWTXBFaVFJVEFQR3kxNnB4U01lRFJqRkpHdFdTZWlrMlBUNXE0M3dRdElzWjQzMllETUlVU2d5RFRTajYxRnRjSUlOdU56d1EyRlhBMXh6Rnc5YWJHSzhFTS1UY1AxMXdhS2ZjQk94Q2NjY0FuU0trYVgzX1dHTEIySjAzT1VWWlhoMmJNYlJVUVQ5S3hvVmVwUVlJOVN2R3RGU0UxU29ZZmhOVWtJMVhkNENoRTVndnMxaGlzRGhmVjJpVWVzbWVwUVBiMWFUOVF3bUdsNjVOcWxqX1dUODB4NU81UkhRdm55eUNHNm9YUGp1V1BlR3k2cmV4eVpCWFRwVm1RSUJVZ2N6SEZlS0MxT3R6ZmZvR2F5WlRPT3l2NWczMGlxMGR1Y2pFaFdLLUo1SFhzUWpERDl1bWVQbGFqZ3lFOFkwTTI0VnAxUnBPYmlsV28zU20zWGxqSG5IQ3lfckZmMDA2LTgteHNiTkQwdXk0Y3VwLTVNTkNHTVdkYlRsLWN0OWtWRW1kc0E1OXZtQTlhY2piS1Q1TmFHUF9CQjdDNUxVV196MXJ5enZLbUIxR093dFdZTGt0ejhQdVVqMG03aENZVTRFQVdSb2ItZm81OFZhUjMyX2pDRGlKYnN5cU11S2tkcUJyd05Md0ZpeHhFdFpDamlzVklwMkpnYzVTZzVDU3hwOWNNYTJXeGpFNjA4MWNsTk1jb3BUUXpCTDlSNlFaRmpKQ194VUF2anFmc0pjNXRTQll4TVhDTWZrXzNzSVlPc192akFmWEk2SHFHUTJNUXBFeV9vV0RjWVFzcXFCWnZod2l2Zkp1Qjg2OGFGUXJtakpLLWM0bW1vR3duMkhwT0d1XzJpTENjSHZ4OHRhSERKbXZLbnZWSTRVT3Izd0RXSTB6RTJEVERLV0QwbExKaHJMajFEX2UtOXVadHZtMWVTa0ZFb3llV3VqdC1CNHFrT0Z3YnhhN0liWGZBSS1BaV9UaE40YVBOTWtQYXhXNVFhQUh1SUZTZzNuODdsRzBKWkRMSjJrWWNTMm9HQlRMRHUzYlNidUpiZlVsXzdoa0R6THBId1ZGX284aUlKcjJjQUtGUnd1SXFpckVRc3cxVE1ZaDMyZG43MmotUlg5eTQybjRCUXA2ZjVqMlBoRkxucEdOWTIwZWo0YjhMS2NkZVFzTnc5dXhwalJ2VWhuZXpKcGlGT2dCZEc4NG1Sd3N5d1hsOGlmRDlvVjZVT3JiclRNZzF1QlFxYm4taG5fMWQta04yRkNvSGdBXzA4bkNPYy1FY193a1ViejgtT2s5aVBBa0ZQVzJaNTdoeXNfWEszcy1seUx5Z0tTZWNBWEdleDlhOWRJMXFFNVQxdkwtS1U0QTgxaEpKVWdJdXpERnRUYll0ZVZwRzlUaXhTYUpsejZIRHRjdjhIR2N0YllJS2hUM1dMWnJVU3A0cmZjWnk1N0NObzdPSzZLY3VYblAxOV9yeVFYTVFyRXVwT0ZGekcya09DNkpBd2RCaEZzeXZpWFluUzVpZVEtQWZjYmxaR1I0UDRySFJjdWstU2YxYUE1QmJzbDRNb3htWXRHMlh4d3Q2MnhjNFlUQ3NVdDZGdVRhLVdSMjZTc1JjT3FTWVdPWVZpSXo5Sm85UVZUVDlJMkdIamhJcV95cnRTTFZWTExWLW9idDBkeVNtQUxHR1I4dlhQMGdnNnJ4ODVHQWh1OE9uUWlBR1lwdEs3YlM2c3FQdkl5Qy1GSDRNVVhIYmY2V0JDcFpuU290MFBKVlRLS1VuRnB6c2phcXl0ZGlOUjZibGFMU3hRajFnb1JXSFRGbWg3WGEwUEJnaTRMVmxrZFEwOUlBdVZmXzctajBLbHk4ZUlfR3Y2MndROGRyTWthMWZtS21QVE5QdndTcGoxX1NTTHpCTV9Hd1NneDZzT1NTX0JYbG1nRkU4TmIyREEyYnVXcjJLeXhfOE8tYUE0V3IyeUo2R0FEU3NiRTBoQWUyNmRvN3FHdXNzNjVMQnRjcUM0MHgxd1VtNG11b25KY3c1TjcxendSZ1ZxNnhlSzRlQVdHZkZUVV9CNzNQbExfN3hJTmZremhBS1ZKUnFaNllRWXBJczVYVHk2RF9mQTBkLWpKcXF2M050RzhYR0pwRkZYV3lSMUJONm55MTBuMHM0bXhvZFY3bGgyMk92ckliWjFTLXV3WVEzV1B2SFl2ZFF3VEZrWVB3OThRTzNOMFhLNGp5bi1fOUNaNGlhLXlSYkl5OWxoVG9FbFhHNDl2RElWc2ZMUF90QllNUUthY0JIOFVhazY5NXlYU2JGVm1RUjNxX2k0VzlVLV84TWV5QVZPS1NGd004ajR1YXhrQllqdWFieEFpMXgtWU1iSG45c19Ydkc4aDZaa2duNjlaMG5Pd19pN0p3b19uYU9JTlR6Yk50ZEluaUxkNTRNUWdNcTM0WU83LUNSS1pfQ21lSFZ3NDRHcVNkT09scG56cE5JVzM3RVpGX2VGMDNPSHNBbG5jdzFMV1h4aDZ5VjA1bW1rR1VyamNSR1N3dFBQS2o3cnowLVcxLVBRM1lnRTRJcjNGeUw2d2tTZDlyUEdtRlROblFTNm5RN21QVnAyQzJEa20xT25lMnU0MEZ2UlhQWlNidUk0T1VNdG5fQVc5VXZzbGtBNWl3MHdQZ0xRS0x2WXljdzI4WmlnMzFHMldwaXRhT3V3MzF3RUJ6N2I4a1gtN01EOFB1LVVKYVFSVVBWSnhtQ2JRcy1XdnFYdzlSMm94c29lUUcxRU4tLTdiQldUZGpxWWRwUFd3eDNtZkZEcHFQR25LSUhuM0U2NGpXbi1reEdJT1ZYWkgtMU5SbEJINHB6bmdQOVBHenI0bE1sUkVDcXFxWjRKVy1MNUJ4RVYxajlFOTR2bnFHWmxscEplRVc0RUNzOFVBcjNNMmVmMmdKUTVIZnY5M0JFdndrbDQ5dUVfeEItdWJDZzMwMzk0QjNsaE83NEpPNzhRZDJMZHJYbDRMdEtibVdVZ1E5NnVReDcxbW1zTDZ6c2JiM1lkSUo5WW9JbEdqbERkZkt4RnpNMGVTZFFFYy1yS3JrTHhOcUwwRkZOSUo0cGhrN2U1QWFiM2FKVElUSkJEMlF1Um9oS3docnp3ZHBJTmVlZjFJczZyUUtpVXVLdVhEVUIwVmczYVphWUZjM0tKZUhMWk1aZXVTanJlTlNwN01vOU1PR2tOVFNQODFfMDl0MFhwbXdCakV6UWdrOWdmUlpSWHVvdVU1Skl1NG4xMEFwT29rWnkxM1duRm1LS1l5WXhrWlZRMEhJR1R3QTZIVk0zM2FPRXFNNGN0NWIwTUFsMVBmTndTa09kWjJaTEk4NERkbEh1NDRCQ090clRHQ0pGTzMyT0FVZTdadTdod1gzVmFyUEtxXzU4dUtDSzZVOGpZTkU1NzVaNW44bFVyWEtrT1pjLW5HaVhRdXpZTEJzcUxtS3h2b1N3SjVNQ1RtSmIzSTBHSFpkcnpueEN2cHJkUHdBYmQwYVZoVjBid0V1LVVJWGFNNW5Va191U1N0Q19sa1AzRTFrMTNZMzRlVm5hSU8yQzc2eHR0VVpNamxNcUxkaUMtWmRhYzFYRzd5QlBQclQ2VmpKRkx6aURYaExVVTNwYnNqeU1UZkoxeFN3Q01aYm1jT3JsN0dLdGVLYWhNN3YwVHVBdHNvMUlWdWFEOC1mQVBLYVFGWVc0ZEltaDFOLWV1VHpRVWlISnh5dTVSelBoYTFmWk02Ql83RGVRS0pfTE1BeGJ0NjdJV2VwcURlejBscDNIdHdqVnVYdkliTTlHS2pXTk12Z3dhaWZBamJTYmtWSldxV1owamdZZlJqZ3hYTEU4b0t4QlRVaVFoVFBiWlEyckdqRGR4MGVxbWRzdHFJdVpiS09jNnduMmc1RndWV0JWSjIzTVpiN0VrMU5VYm53TDFrZkJfeVB1MmtmZGF6dEg0eEhMdWVVSDAxRVZxZFYxQV9od19zZVV5Sml0UEJhTllaWXRIZlR0VUhxekdCbWhiUEZCQU1CUFc0WTJtT2hpM1ptdWY3cHVaanZ1QTF4V1FZTk5BckhRLVRyOEk0Y3lmSE82SUJGOE9NTFB3SmFBQVhwU1Y1RVRodkNFTVloZG01TWFpdjhMR09vUjJBT1BYbXBGZXRMd0V3R2RJa0M3UDAtNW1XNng3NUdjcHZZelpyY3JyUlZ3SDVZVXczMno4T21DbllUbU9ZUzhYZ21vUXhtU005RUhoazRPanZ3NlpaS2RORDBGc3BVRHdXWVNmZkJVQWI0bnJuX3lIcHU1cWdVMHQwZktTN0RVVEpWUV9uZzZVTi0yWDZiazI2MHhMMGpvd3ZQWHdidmtTeXdGYVF4UUhlVUJaQWdLX0E5emtIc1AyWHVPUUdNbEhYSG9rN2dLWmZPSE15dVpiMThIajZaSEVwVVVLMXBhcy01SUdMQ1dpc19ZLW1ZUEk0TExpUXY2WkRUZGJaVUJfbnZadkF1RkctdjJhYVhvNjd2U1I4blhacWxEVzNoMGE1THViUzRYWlBaY3o0aEswQS1xYVdtSG1kTEhMUDlxSlRtVkl0R2VYTVNFcnNZT3FpQ0JqemluX0dxN3dGNHRZdHlYVkc5U1VNR005UjRNUGEzQWlhS2FySVlydVBGZXlzSVdkZ3dIYkFkOHFsd1NvalJaamNRSW9XOVhLWWtLZzdWV2I2N3ZoVXNjS3JUbzFST2xZYVhlM1dIQ20zWGVtQi1NbEVPQzN6Qk5qdEhmN0E2NC1EbldVOWRQVVNfb2hlRWpIbEVSUnRHR1ptWmc0Qks3bFU2OTkxUlVOb0RNRkptUTA4X1daR2hWcjEyZFJSY19uMmd1VTR6V1pyLWJGNWNnNjhBMHN3ZTVCcXhLTVhYd1dQdFV5cTgyQ1RsbkhRcmRZOEtQamN6eXNSSTBnMVNwbHZ3bVBDdm0wY1NPbzljVlhmRkZ2NEVwNC1hcEVFMjdGZWU2b0dUZmV0WDY2aUx0ZzJ5bERoNHhfd3BKNWZabzZxdHBtM3lVelJXZERFcGM5TVJQSHAtWWIyMHRpbi1HcWFwT25QZFpQSkFxUm1MYy11V1BzeGF0VmJ0aXUtRFAwRENud3FXSVdtRy1oV0h6RGxYMXptbEhxOFVROGNNWi16czl0ZzNEWU81d2tSdlZfVnBiSl9Ud0NZejZzM094MDQyX24tMHQ2cW5YM3FiR09nNzI2M2V0MXBoMEpYTzVHWDlSYzVickpLbFNyZDlmSHpubTAtN0trSERYV2VfYWM4Nk8ycFNiRDd4OWVZc0FaZE9JS2p2RnJHQWVralpxU1U4LW9ERk51amdPVDA4aGJ0M09LSUl0bVU2bThSODdrZEp1VlkzN2F6TjlXV250ODRWUFJhclVXYXJrV1VjbmlCWVJlNnFqaTFiemt6ZjhXTXBMaWFlamZRUmFULWtfWVY4ZGxSOFIyTFJjRnVTUW1hV05LSzBXbk4zclYwU2lGRE9od2NZQWlZYktIUm41M2xzd09MdVNWbXhQcFhUelVLcnB4aWdrY3Z3aDBUaXB0REFFU1l4Ri1KbWRuUy1ybGh4VndKVVJHTTlLUXNFU0M1UkQ2dGtpMmttMzBSZk8xSThTNmZ6bnJfQ3hqWEVHZllBZ1J1VGpMOFhDQVBMQ21HZ3g4NUtPREI5b1NhbHEtQS0yNFE4RG02TThDZEpFWi1BNkp5UUM0TmJKeG83ZG5uVzZZRVJvSlI4b1hzQjQtSDh6QjRXaWQwRW81UDRhWXNEeU5GNmo3TE52QzVrSzhkVzEwalNLOUlLUjloaW13dEwxYWlhNXhFRlBWaWx1MmpYYmVzN1R0LTc1bVpobmFzZFdzTU81X0htUDFYb3hvc290Ylgza251Y3FRal9VWWFtY2pmX2JOZTAzaGt5ZmRndGdPZTRSWXZEajdIVHVsV3ZERXJCRjdaVVBSNXNMT25uVFdDaTJQeHc1RXRxOC1sdFUxTVE4ZTVWdXhyUE5Ea3lDbFVTZVBDSk14Z1hBTWUtb1NuVW80VmNuUnpJd0JtVVhINEpULV82Y2RFd3g2UEc1U1ZPdW1QTU4wLjlOQS1pclYzS1RzUV9Pckc1ZTFHN1VyVXE2dDgyR2c1Y3lEOF93czVuUWc"}'
    headers:
      Accept:
      - application/json
      Accept-Encoding:
      - gzip, deflate
      Connection:
      - keep-alive
      Content-Length:
      - '13288'
      Content-Type:
      - application/json; charset=utf-8
      User-Agent:
      - python/3.9.12 (macOS-12.4-arm64-arm-64bit) msrest/0.6.21 msrest_azure/0.6.4
        azure-keyvault/7.0 Azure-SDK-For-Python
      accept-language:
      - en-US
    method: POST
    uri: https://cli-test-kv-key-000002.vault.azure.net/keys/restore?api-version=7.0
  response:
    body:
      string: '{"key":{"kid":"https://cli-test-kv-key-000002.vault.azure.net/keys/key1-000004/19c7bd869b394d74b6bb83ddd43e08e1","kty":"RSA","key_ops":["encrypt","decrypt"],"n":"uVXvvrH7f7gpNe-t6wmISIoJsKI9R9H1YDrx5Hioff-n2n1atfkLD0EOi8vNlNMMNrwK8ZuVtSImkdu4A4ngkFO9LRlRVG0NV26yXiTKR_9JdOCtyppP2MlZE0bV7Rn2Cf3vP2NlPyGAqXzWtp1t_GS5-pipBn7we_LXQGRUMNgBaqM-OJRlB-im3qgfOCU6Ti21E0yWJh2xx2UWBTyZvIzVyVXFgUVjSD_Aj-_Z8AqCNdLjWzF01AISAvwrRG-nH4_J4eEWkoV2OviWMstfSUKH3no1wAi-ANMntPmUcGmJ1VXPCYjAv_F5yjxu8clNG2XuirkuObopS5BvlNT0mQ","e":"AQAB"},"attributes":{"enabled":true,"created":1654157672,"updated":1654157686,"recoveryLevel":"CustomizedRecoverable+Purgeable"},"tags":{"test":"foo"}}'
    headers:
      cache-control:
      - no-cache
      content-length:
      - '662'
      content-type:
      - application/json; charset=utf-8
      date:
      - Thu, 02 Jun 2022 08:18:57 GMT
      expires:
      - '-1'
      pragma:
      - no-cache
      strict-transport-security:
      - max-age=31536000;includeSubDomains
      x-content-type-options:
      - nosniff
      x-ms-keyvault-network-info:
      - conn_type=Ipv4;addr=43.128.15.137;act_addr_fam=InterNetwork;
      x-ms-keyvault-region:
      - eastus2
      x-ms-keyvault-service-version:
      - 1.9.422.1
    status:
      code: 200
      message: OK
- request:
    body: null
    headers:
      Accept:
      - application/json
      Accept-Encoding:
      - gzip, deflate
      Connection:
      - keep-alive
      Content-Type:
      - application/json; charset=utf-8
      User-Agent:
      - python/3.9.12 (macOS-12.4-arm64-arm-64bit) msrest/0.6.21 msrest_azure/0.6.4
        azure-keyvault/7.0 Azure-SDK-For-Python
      accept-language:
      - en-US
    method: GET
    uri: https://cli-test-kv-key-000002.vault.azure.net/keys/key1-000004/versions?api-version=7.0
  response:
    body:
      string: '{"value":[{"kid":"https://cli-test-kv-key-000002.vault.azure.net/keys/key1-000004/19c7bd869b394d74b6bb83ddd43e08e1","attributes":{"enabled":true,"created":1654157672,"updated":1654157686,"recoveryLevel":"CustomizedRecoverable+Purgeable"},"tags":{"test":"foo"}},{"kid":"https://cli-test-kv-key-000002.vault.azure.net/keys/key1-000004/19c84630e79b436cb7663fce79208cea","attributes":{"enabled":true,"created":1654157652,"updated":1654157652,"recoveryLevel":"CustomizedRecoverable+Purgeable"}}],"nextLink":null}'
    headers:
      cache-control:
      - no-cache
      content-length:
      - '507'
      content-type:
      - application/json; charset=utf-8
      date:
      - Thu, 02 Jun 2022 08:18:58 GMT
      expires:
      - '-1'
      pragma:
      - no-cache
      strict-transport-security:
      - max-age=31536000;includeSubDomains
      x-content-type-options:
      - nosniff
      x-ms-keyvault-network-info:
      - conn_type=Ipv4;addr=43.128.15.137;act_addr_fam=InterNetwork;
      x-ms-keyvault-region:
      - eastus2
      x-ms-keyvault-service-version:
      - 1.9.422.1
    status:
      code: 200
      message: OK
- request:
    body: null
    headers:
      Accept:
      - application/json
      Accept-Encoding:
      - gzip, deflate
      Connection:
      - keep-alive
      Content-Type:
      - application/json; charset=utf-8
      User-Agent:
      - python/3.9.12 (macOS-12.4-arm64-arm-64bit) msrest/0.6.21 msrest_azure/0.6.4
        azure-keyvault/7.0 Azure-SDK-For-Python
      accept-language:
      - en-US
    method: GET
    uri: https://cli-test-kv-key-000002.vault.azure.net/keys/key1-000004/versions?maxresults=10&api-version=7.0
  response:
    body:
      string: '{"value":[{"kid":"https://cli-test-kv-key-000002.vault.azure.net/keys/key1-000004/19c7bd869b394d74b6bb83ddd43e08e1","attributes":{"enabled":true,"created":1654157672,"updated":1654157686,"recoveryLevel":"CustomizedRecoverable+Purgeable"},"tags":{"test":"foo"}},{"kid":"https://cli-test-kv-key-000002.vault.azure.net/keys/key1-000004/19c84630e79b436cb7663fce79208cea","attributes":{"enabled":true,"created":1654157652,"updated":1654157652,"recoveryLevel":"CustomizedRecoverable+Purgeable"}}],"nextLink":null}'
    headers:
      cache-control:
      - no-cache
      content-length:
      - '507'
      content-type:
      - application/json; charset=utf-8
      date:
      - Thu, 02 Jun 2022 08:18:59 GMT
      expires:
      - '-1'
      pragma:
      - no-cache
      strict-transport-security:
      - max-age=31536000;includeSubDomains
      x-content-type-options:
      - nosniff
      x-ms-keyvault-network-info:
      - conn_type=Ipv4;addr=43.128.15.137;act_addr_fam=InterNetwork;
      x-ms-keyvault-region:
      - eastus2
      x-ms-keyvault-service-version:
      - 1.9.422.1
    status:
      code: 200
      message: OK
- request:
    body: '{"Hsm": false, "key": {"kty": "RSA", "n": "zU0BesajA0-OXjH_bMo9dKMf74QMLYQO0UlhQoiuv15GUE-HvaeKXNLeOeuDmNSq2o-VDTsI6Ayr43c3vI_Jd0fcU5gVamLekxDmgdk4yZkBZHOlUFaCdRew7ClTIKTfeW9EoVeCfu-zlkpGoOPksotSqc9mWtS2GbnO2mvBL7U",
      "e": "AQAB", "d": "aY2BCD3ejBI4MWflWmq0pCZGgh_THwe5kpL2xX1-0vdGkX4CXVkpg0YLaZ4T_9y_pzWRPccvchcpvP6LkpAe1R_jsmfP8QedT2yDTf4T-mE1hyl4D5zyObHjQ-g6uUMT6FpeTgoSkcU90PK-lF31igCitfVgeSNIC7Fq-9ZywWE",
      "dp": "OWxWym28y_4zUTOnaqxaUh3MLmR8M36lAhWZeWo1fcanHjD5GMB9yXSxSwH8wsiQg85EuGC7SMwwzMj49wF-tQ",
      "dq": "usuhE4XnU_bn3Q24t7_18iTnbEafjLyAnLhGcE5L-Rkry-i8shW9BMhh5v6qUFoZHsrxi6CegoFNmmSNuGdVSQ",
      "qi": "zkPMVRQgdyavd6Lwr9mhvezvtoFa9ABIYSzG5I0F_QS6HWtoQRgsrl9kGgvNEvZIPaFGCam1yW0txknvOzn2Ew",
      "p": "8u_9d7zTn7zT-2wBfiMVgfoOP5GmqV6eOrWcRHo0yG0mkYbrt-hxdvoDdye1Hj9ZGKcd590Gpu8nVLDJvuVwPQ",
      "q": "2Fbzajbs4F1bTH6bmvkShrqRbx-XIW_qnbOtGs7ds2VIcqQIwM5c8Y1YvqBKn6LP5nd_qBAmvVjSAMdh73382Q"},
      "attributes": {"enabled": true}}'
    headers:
      Accept:
      - application/json
      Accept-Encoding:
      - gzip, deflate
      Connection:
      - keep-alive
      Content-Length:
      - '921'
      Content-Type:
      - application/json
      User-Agent:
      - azsdk-python-keyvault-keys/4.5.1 Python/3.9.12 (macOS-12.4-arm64-arm-64bit)
    method: PUT
    uri: https://cli-test-kv-key-000002.vault.azure.net/keys/import-key-plain?api-version=7.3
  response:
    body:
      string: '{"key":{"kid":"https://cli-test-kv-key-000002.vault.azure.net/keys/import-key-plain/7eda4e37ae4540199f13a62b10aa6ee7","kty":"RSA","key_ops":["encrypt","decrypt","sign","verify","wrapKey","unwrapKey"],"n":"zU0BesajA0-OXjH_bMo9dKMf74QMLYQO0UlhQoiuv15GUE-HvaeKXNLeOeuDmNSq2o-VDTsI6Ayr43c3vI_Jd0fcU5gVamLekxDmgdk4yZkBZHOlUFaCdRew7ClTIKTfeW9EoVeCfu-zlkpGoOPksotSqc9mWtS2GbnO2mvBL7U","e":"AQAB"},"attributes":{"enabled":true,"created":1654157941,"updated":1654157941,"recoveryLevel":"CustomizedRecoverable+Purgeable","recoverableDays":7}}'
    headers:
      cache-control:
      - no-cache
      content-length:
      - '532'
      content-type:
      - application/json; charset=utf-8
      date:
      - Thu, 02 Jun 2022 08:19:01 GMT
      expires:
      - '-1'
      pragma:
      - no-cache
      strict-transport-security:
      - max-age=31536000;includeSubDomains
      x-content-type-options:
      - nosniff
      x-ms-keyvault-network-info:
      - conn_type=Ipv4;addr=43.128.15.137;act_addr_fam=InterNetwork;
      x-ms-keyvault-region:
      - eastus2
      x-ms-keyvault-service-version:
      - 1.9.422.1
    status:
      code: 200
      message: OK
- request:
    body: '{"Hsm": true, "key": {"kty": "RSA", "n": "qkHvPSMiPoU5RnLI2v7EW5MvfHcObL_QJo83qmWgKCbaaFG3zQNLrJKCWCQUtP2ovB1Zr1_gpl7mO-NXY-W4LfzAMt-PrqR1oADK1LXZDZrsVvhTN3WQoUUDnGwu6tRajwES-uOMGutkCemW73jXKQDhESx7bETlD8YbxKfHtI6Ykx8YBwhTsuFLWmcvn4EveLGQBwMXZfwQil1qNMLcZsVGZlpNkufpLG0BO57METo6910K3q2CIs83mhylY6eCjqAeVtX9Qi5lt4Mz8gfXV5csDM2s7w84L0tz8_VpaC8rQqgyB16t7z0LMOPICEkODmQ8WInSfAcq7Jw2QoO5oQ",
      "e": "AQAB", "d": "U8ohMChjSPuNpXMGEGjDQAIeo5WAHtsDWIaxMYXUHQ6J_D8DQrz1eBeeWDxhiHUxnmqfYaTAzX_0tNJ8hqheTRuPhzno310GmljpeWeJS53L5D1PzwJnzEZHsaq4KE-bxbcUnS5xHCpuUEaKRo5k7UQGf8oxb6Y0SOAJeG3N5bhdgwQP7CiLFktZ_I1Y18teLBjAQbY53sGwTRTVOTcPRGXHDfxo_MVFNU4J6Lk_rr996-J6eO-m0e8mJDloPJ22lS3rNu50Uz4Bki59HDlrQ2SIuNPTtKK1sNccQ4kpogAw46zjk0mR8Q-Xsu82ocNvWE-z7_-4bRsTnw8sRpQ0xQ",
      "dp": "2x6fVMdndZeTdfqiDumLWda4WF6xYXovECmeWjZsMDcQglDlOMYwtR9RHjn7MSSi09D3zrkpQD1fve5_gYBd0wSITMOu-l_vCSogXHxRgsAQhyU-a3IGhLqmXMGa6bhvhzfgxQj0tUFt2PKiYSRlS0Fz2e50GDzvnDnWXKg-NnM",
      "dq": "L2a7wSmjthwVpZODP4P_2a4Fnw0qt31NF25340qmcWcvgVVtyvpzXHkuRFFcsF3C-9bYfMSa8g6locSbW_2FniFVZXuomxnh7IJLEZWdRdsVzjCUdxeBHWRx1ATV0cYfO_QsJBVyYWX3Ckyh7su9Lld6izBlhK6tu_VxKelXREM",
      "qi": "lOGzwc8xXYnY1ftSOOQFAn5nArlz_2BDMIUu0Ke-Opfiq6CEW7bUqiXy_nmpOEtyYqXGmN-iNA7KKwwgnEJwaxjQiXikfYsIgDlhGCfXbBRf-JpHlcGoUNdZgWHbaaZn7YgvCP5p28HNl-yULxvtelZvg3KV-bYByBizvkFeEIk",
      "p": "4r65u7ku0vBCmreBLjQ1jC9uWbUCbAMO2zDsh0TTsFGOjytya0zHMXaujagfL32A_XkMTIeKXRWpY_21ut78N9bhd4u7MfXYAvrNz7crQEOY_LyxWunL5FclAuf57yAiyxDiSCzTfjU3CwyQctLjOQJWN1BOFq40-xYqVMYf0os",
      "q": "wDl00qOFQ1XOAG4jDkKtzEtTq9XkWkquixrvID6AuLosVIpOat1UjlIQ6OoTo1bwU8tJowhwQcugRBYx2BBfe01v7ULtjsdzDndF5xPkvuqoR3J9jCQu5wMr7u8wyGoVq9BKI1mFyYukUZsJIYeEGJhWV4S1O80og7eobEM_BgM"},
      "attributes": {"enabled": true}}'
    headers:
      Accept:
      - application/json
      Accept-Encoding:
      - gzip, deflate
      Connection:
      - keep-alive
      Content-Length:
      - '1687'
      Content-Type:
      - application/json
      User-Agent:
      - azsdk-python-keyvault-keys/4.5.1 Python/3.9.12 (macOS-12.4-arm64-arm-64bit)
    method: PUT
    uri: https://cli-test-kv-key-000002.vault.azure.net/keys/import-key-encrypted?api-version=7.3
  response:
    body:
      string: '{"key":{"kid":"https://cli-test-kv-key-000002.vault.azure.net/keys/import-key-encrypted/2b69aab8b12340378cc5b9a4504fd3e0","kty":"RSA-HSM","key_ops":["encrypt","decrypt","sign","verify","wrapKey","unwrapKey"],"n":"qkHvPSMiPoU5RnLI2v7EW5MvfHcObL_QJo83qmWgKCbaaFG3zQNLrJKCWCQUtP2ovB1Zr1_gpl7mO-NXY-W4LfzAMt-PrqR1oADK1LXZDZrsVvhTN3WQoUUDnGwu6tRajwES-uOMGutkCemW73jXKQDhESx7bETlD8YbxKfHtI6Ykx8YBwhTsuFLWmcvn4EveLGQBwMXZfwQil1qNMLcZsVGZlpNkufpLG0BO57METo6910K3q2CIs83mhylY6eCjqAeVtX9Qi5lt4Mz8gfXV5csDM2s7w84L0tz8_VpaC8rQqgyB16t7z0LMOPICEkODmQ8WInSfAcq7Jw2QoO5oQ","e":"AQAB"},"attributes":{"enabled":true,"created":1654157943,"updated":1654157943,"recoveryLevel":"CustomizedRecoverable+Purgeable","recoverableDays":7}}'
    headers:
      cache-control:
      - no-cache
      content-length:
      - '711'
      content-type:
      - application/json; charset=utf-8
      date:
      - Thu, 02 Jun 2022 08:19:03 GMT
      expires:
      - '-1'
      pragma:
      - no-cache
      strict-transport-security:
      - max-age=31536000;includeSubDomains
      x-content-type-options:
      - nosniff
      x-ms-keyvault-network-info:
      - conn_type=Ipv4;addr=43.128.15.137;act_addr_fam=InterNetwork;
      x-ms-keyvault-region:
      - eastus2
      x-ms-keyvault-service-version:
      - 1.9.422.1
    status:
      code: 200
      message: OK
- request:
    body: '{"Hsm": false, "key": {"kty": "RSA", "n": "zU0BesajA0-OXjH_bMo9dKMf74QMLYQO0UlhQoiuv15GUE-HvaeKXNLeOeuDmNSq2o-VDTsI6Ayr43c3vI_Jd0fcU5gVamLekxDmgdk4yZkBZHOlUFaCdRew7ClTIKTfeW9EoVeCfu-zlkpGoOPksotSqc9mWtS2GbnO2mvBL7U",
      "e": "AQAB", "d": "aY2BCD3ejBI4MWflWmq0pCZGgh_THwe5kpL2xX1-0vdGkX4CXVkpg0YLaZ4T_9y_pzWRPccvchcpvP6LkpAe1R_jsmfP8QedT2yDTf4T-mE1hyl4D5zyObHjQ-g6uUMT6FpeTgoSkcU90PK-lF31igCitfVgeSNIC7Fq-9ZywWE",
      "dp": "OWxWym28y_4zUTOnaqxaUh3MLmR8M36lAhWZeWo1fcanHjD5GMB9yXSxSwH8wsiQg85EuGC7SMwwzMj49wF-tQ",
      "dq": "usuhE4XnU_bn3Q24t7_18iTnbEafjLyAnLhGcE5L-Rkry-i8shW9BMhh5v6qUFoZHsrxi6CegoFNmmSNuGdVSQ",
      "qi": "zkPMVRQgdyavd6Lwr9mhvezvtoFa9ABIYSzG5I0F_QS6HWtoQRgsrl9kGgvNEvZIPaFGCam1yW0txknvOzn2Ew",
      "p": "8u_9d7zTn7zT-2wBfiMVgfoOP5GmqV6eOrWcRHo0yG0mkYbrt-hxdvoDdye1Hj9ZGKcd590Gpu8nVLDJvuVwPQ",
      "q": "2Fbzajbs4F1bTH6bmvkShrqRbx-XIW_qnbOtGs7ds2VIcqQIwM5c8Y1YvqBKn6LP5nd_qBAmvVjSAMdh73382Q"},
      "attributes": {"enabled": true}}'
    headers:
      Accept:
      - application/json
      Accept-Encoding:
      - gzip, deflate
      Connection:
      - keep-alive
      Content-Length:
      - '921'
      Content-Type:
      - application/json
      User-Agent:
      - azsdk-python-keyvault-keys/4.5.1 Python/3.9.12 (macOS-12.4-arm64-arm-64bit)
    method: PUT
    uri: https://cli-test-kv-key-000002.vault.azure.net/keys/import-key-plain?api-version=7.3
  response:
    body:
      string: '{"key":{"kid":"https://cli-test-kv-key-000002.vault.azure.net/keys/import-key-plain/74456098a24f4c7eb289fc6dfeaf441a","kty":"RSA","key_ops":["encrypt","decrypt","sign","verify","wrapKey","unwrapKey"],"n":"zU0BesajA0-OXjH_bMo9dKMf74QMLYQO0UlhQoiuv15GUE-HvaeKXNLeOeuDmNSq2o-VDTsI6Ayr43c3vI_Jd0fcU5gVamLekxDmgdk4yZkBZHOlUFaCdRew7ClTIKTfeW9EoVeCfu-zlkpGoOPksotSqc9mWtS2GbnO2mvBL7U","e":"AQAB"},"attributes":{"enabled":true,"created":1654157945,"updated":1654157945,"recoveryLevel":"CustomizedRecoverable+Purgeable","recoverableDays":7}}'
    headers:
      cache-control:
      - no-cache
      content-length:
      - '532'
      content-type:
      - application/json; charset=utf-8
      date:
      - Thu, 02 Jun 2022 08:19:04 GMT
      expires:
      - '-1'
      pragma:
      - no-cache
      strict-transport-security:
      - max-age=31536000;includeSubDomains
      x-content-type-options:
      - nosniff
      x-ms-keyvault-network-info:
      - conn_type=Ipv4;addr=43.128.15.137;act_addr_fam=InterNetwork;
      x-ms-keyvault-region:
      - eastus2
      x-ms-keyvault-service-version:
      - 1.9.422.1
    status:
      code: 200
      message: OK
- request:
    body: '{"Hsm": true, "key": {"kty": "RSA", "n": "qkHvPSMiPoU5RnLI2v7EW5MvfHcObL_QJo83qmWgKCbaaFG3zQNLrJKCWCQUtP2ovB1Zr1_gpl7mO-NXY-W4LfzAMt-PrqR1oADK1LXZDZrsVvhTN3WQoUUDnGwu6tRajwES-uOMGutkCemW73jXKQDhESx7bETlD8YbxKfHtI6Ykx8YBwhTsuFLWmcvn4EveLGQBwMXZfwQil1qNMLcZsVGZlpNkufpLG0BO57METo6910K3q2CIs83mhylY6eCjqAeVtX9Qi5lt4Mz8gfXV5csDM2s7w84L0tz8_VpaC8rQqgyB16t7z0LMOPICEkODmQ8WInSfAcq7Jw2QoO5oQ",
      "e": "AQAB", "d": "U8ohMChjSPuNpXMGEGjDQAIeo5WAHtsDWIaxMYXUHQ6J_D8DQrz1eBeeWDxhiHUxnmqfYaTAzX_0tNJ8hqheTRuPhzno310GmljpeWeJS53L5D1PzwJnzEZHsaq4KE-bxbcUnS5xHCpuUEaKRo5k7UQGf8oxb6Y0SOAJeG3N5bhdgwQP7CiLFktZ_I1Y18teLBjAQbY53sGwTRTVOTcPRGXHDfxo_MVFNU4J6Lk_rr996-J6eO-m0e8mJDloPJ22lS3rNu50Uz4Bki59HDlrQ2SIuNPTtKK1sNccQ4kpogAw46zjk0mR8Q-Xsu82ocNvWE-z7_-4bRsTnw8sRpQ0xQ",
      "dp": "2x6fVMdndZeTdfqiDumLWda4WF6xYXovECmeWjZsMDcQglDlOMYwtR9RHjn7MSSi09D3zrkpQD1fve5_gYBd0wSITMOu-l_vCSogXHxRgsAQhyU-a3IGhLqmXMGa6bhvhzfgxQj0tUFt2PKiYSRlS0Fz2e50GDzvnDnWXKg-NnM",
      "dq": "L2a7wSmjthwVpZODP4P_2a4Fnw0qt31NF25340qmcWcvgVVtyvpzXHkuRFFcsF3C-9bYfMSa8g6locSbW_2FniFVZXuomxnh7IJLEZWdRdsVzjCUdxeBHWRx1ATV0cYfO_QsJBVyYWX3Ckyh7su9Lld6izBlhK6tu_VxKelXREM",
      "qi": "lOGzwc8xXYnY1ftSOOQFAn5nArlz_2BDMIUu0Ke-Opfiq6CEW7bUqiXy_nmpOEtyYqXGmN-iNA7KKwwgnEJwaxjQiXikfYsIgDlhGCfXbBRf-JpHlcGoUNdZgWHbaaZn7YgvCP5p28HNl-yULxvtelZvg3KV-bYByBizvkFeEIk",
      "p": "4r65u7ku0vBCmreBLjQ1jC9uWbUCbAMO2zDsh0TTsFGOjytya0zHMXaujagfL32A_XkMTIeKXRWpY_21ut78N9bhd4u7MfXYAvrNz7crQEOY_LyxWunL5FclAuf57yAiyxDiSCzTfjU3CwyQctLjOQJWN1BOFq40-xYqVMYf0os",
      "q": "wDl00qOFQ1XOAG4jDkKtzEtTq9XkWkquixrvID6AuLosVIpOat1UjlIQ6OoTo1bwU8tJowhwQcugRBYx2BBfe01v7ULtjsdzDndF5xPkvuqoR3J9jCQu5wMr7u8wyGoVq9BKI1mFyYukUZsJIYeEGJhWV4S1O80og7eobEM_BgM"},
      "attributes": {"enabled": true}}'
    headers:
      Accept:
      - application/json
      Accept-Encoding:
      - gzip, deflate
      Connection:
      - keep-alive
      Content-Length:
      - '1687'
      Content-Type:
      - application/json
      User-Agent:
      - azsdk-python-keyvault-keys/4.5.1 Python/3.9.12 (macOS-12.4-arm64-arm-64bit)
    method: PUT
    uri: https://cli-test-kv-key-000002.vault.azure.net/keys/import-key-encrypted?api-version=7.3
  response:
    body:
      string: '{"key":{"kid":"https://cli-test-kv-key-000002.vault.azure.net/keys/import-key-encrypted/b830c5a1227448229d4e35f8a026a6bc","kty":"RSA-HSM","key_ops":["encrypt","decrypt","sign","verify","wrapKey","unwrapKey"],"n":"qkHvPSMiPoU5RnLI2v7EW5MvfHcObL_QJo83qmWgKCbaaFG3zQNLrJKCWCQUtP2ovB1Zr1_gpl7mO-NXY-W4LfzAMt-PrqR1oADK1LXZDZrsVvhTN3WQoUUDnGwu6tRajwES-uOMGutkCemW73jXKQDhESx7bETlD8YbxKfHtI6Ykx8YBwhTsuFLWmcvn4EveLGQBwMXZfwQil1qNMLcZsVGZlpNkufpLG0BO57METo6910K3q2CIs83mhylY6eCjqAeVtX9Qi5lt4Mz8gfXV5csDM2s7w84L0tz8_VpaC8rQqgyB16t7z0LMOPICEkODmQ8WInSfAcq7Jw2QoO5oQ","e":"AQAB"},"attributes":{"enabled":true,"created":1654157947,"updated":1654157947,"recoveryLevel":"CustomizedRecoverable+Purgeable","recoverableDays":7}}'
    headers:
      cache-control:
      - no-cache
      content-length:
      - '711'
      content-type:
      - application/json; charset=utf-8
      date:
      - Thu, 02 Jun 2022 08:19:07 GMT
      expires:
      - '-1'
      pragma:
      - no-cache
      strict-transport-security:
      - max-age=31536000;includeSubDomains
      x-content-type-options:
      - nosniff
      x-ms-keyvault-network-info:
      - conn_type=Ipv4;addr=43.128.15.137;act_addr_fam=InterNetwork;
      x-ms-keyvault-region:
      - eastus2
      x-ms-keyvault-service-version:
      - 1.9.422.1
    status:
      code: 200
      message: OK
- request:
    body: '{"kty": "EC", "attributes": {"enabled": true}}'
    headers:
      Accept:
      - application/json
      Accept-Encoding:
      - gzip, deflate
      Connection:
      - keep-alive
      Content-Length:
      - '46'
      Content-Type:
      - application/json
      User-Agent:
      - azsdk-python-keyvault-keys/4.5.1 Python/3.9.12 (macOS-12.4-arm64-arm-64bit)
    method: POST
    uri: https://cli-test-kv-key-000002.vault.azure.net/keys/eckey1/create?api-version=7.3
  response:
    body:
      string: '{"key":{"kid":"https://cli-test-kv-key-000002.vault.azure.net/keys/eckey1/a75e8e845fba43f6a41d08e2da6ed6a8","kty":"EC","key_ops":["sign","verify"],"crv":"P-256","x":"LxtT7AnXpyVpj1oA6kYLVIGnO8Mypcb_MbMJfOo0lKg","y":"z8wcEvZVXTzkYju1G2MW2EOCKG7hX3f-WclfkExocEc"},"attributes":{"enabled":true,"created":1654157949,"updated":1654157949,"recoveryLevel":"CustomizedRecoverable+Purgeable","recoverableDays":7}}'
    headers:
      cache-control:
      - no-cache
      content-length:
      - '404'
      content-type:
      - application/json; charset=utf-8
      date:
      - Thu, 02 Jun 2022 08:19:09 GMT
      expires:
      - '-1'
      pragma:
      - no-cache
      strict-transport-security:
      - max-age=31536000;includeSubDomains
      x-content-type-options:
      - nosniff
      x-ms-keyvault-network-info:
      - conn_type=Ipv4;addr=43.128.15.137;act_addr_fam=InterNetwork;
      x-ms-keyvault-region:
      - eastus2
      x-ms-keyvault-service-version:
      - 1.9.422.1
    status:
      code: 200
      message: OK
- request:
    body: '{"kty": "EC", "attributes": {"enabled": true}, "crv": "P-256"}'
    headers:
      Accept:
      - application/json
      Accept-Encoding:
      - gzip, deflate
      Connection:
      - keep-alive
      Content-Length:
      - '62'
      Content-Type:
      - application/json
      User-Agent:
      - azsdk-python-keyvault-keys/4.5.1 Python/3.9.12 (macOS-12.4-arm64-arm-64bit)
    method: POST
    uri: https://cli-test-kv-key-000002.vault.azure.net/keys/eckey1/create?api-version=7.3
  response:
    body:
      string: '{"key":{"kid":"https://cli-test-kv-key-000002.vault.azure.net/keys/eckey1/659bb7949e274deb9188504cf726c671","kty":"EC","key_ops":["sign","verify"],"crv":"P-256","x":"Oz1FtWY9jAl07GxOJcNk4k-B4TASIl762Zo-y6uWVY0","y":"cVdmvfU5oMeBd-c1di1up7EG_D6-KyhM7jSCE1RIYV8"},"attributes":{"enabled":true,"created":1654157951,"updated":1654157951,"recoveryLevel":"CustomizedRecoverable+Purgeable","recoverableDays":7}}'
    headers:
      cache-control:
      - no-cache
      content-length:
      - '404'
      content-type:
      - application/json; charset=utf-8
      date:
      - Thu, 02 Jun 2022 08:19:11 GMT
      expires:
      - '-1'
      pragma:
      - no-cache
      strict-transport-security:
      - max-age=31536000;includeSubDomains
      x-content-type-options:
      - nosniff
      x-ms-keyvault-network-info:
      - conn_type=Ipv4;addr=43.128.15.137;act_addr_fam=InterNetwork;
      x-ms-keyvault-region:
      - eastus2
      x-ms-keyvault-service-version:
      - 1.9.422.1
    status:
      code: 200
      message: OK
- request:
    body: null
    headers:
      Accept:
      - application/json
      Accept-Encoding:
      - gzip, deflate
      Connection:
      - keep-alive
      Content-Length:
      - '0'
      Content-Type:
      - application/json; charset=utf-8
      User-Agent:
      - python/3.9.12 (macOS-12.4-arm64-arm-64bit) msrest/0.6.21 msrest_azure/0.6.4
        azure-keyvault/7.0 Azure-SDK-For-Python
      accept-language:
      - en-US
    method: DELETE
    uri: https://cli-test-kv-key-000002.vault.azure.net/keys/eckey1?api-version=7.0
  response:
    body:
      string: '{"recoveryId":"https://cli-test-kv-key-000002.vault.azure.net/deletedkeys/eckey1","deletedDate":1654157952,"scheduledPurgeDate":1654762752,"key":{"kid":"https://cli-test-kv-key-000002.vault.azure.net/keys/eckey1/659bb7949e274deb9188504cf726c671","kty":"EC","key_ops":["sign","verify"],"crv":"P-256","x":"Oz1FtWY9jAl07GxOJcNk4k-B4TASIl762Zo-y6uWVY0","y":"cVdmvfU5oMeBd-c1di1up7EG_D6-KyhM7jSCE1RIYV8"},"attributes":{"enabled":true,"created":1654157951,"updated":1654157951,"recoveryLevel":"CustomizedRecoverable+Purgeable"}}'
    headers:
      cache-control:
      - no-cache
      content-length:
      - '522'
      content-type:
      - application/json; charset=utf-8
      date:
      - Thu, 02 Jun 2022 08:19:12 GMT
      expires:
      - '-1'
      pragma:
      - no-cache
      strict-transport-security:
      - max-age=31536000;includeSubDomains
      x-content-type-options:
      - nosniff
      x-ms-keyvault-network-info:
      - conn_type=Ipv4;addr=43.128.15.137;act_addr_fam=InterNetwork;
      x-ms-keyvault-region:
      - eastus2
      x-ms-keyvault-service-version:
      - 1.9.422.1
    status:
      code: 200
      message: OK
- request:
    body: '{"Hsm": false, "key": {"kty": "EC", "d": "iSHNXO4xIu4VArH0o-PLYrKy6VaJxvjEGQVT-rz1IU4",
      "crv": "P-256", "x": "li86GrOlNxhcyInofgyKTYvekq3QGpspRuByNRSR5CM", "y": "ypRUUQHi84SwobPHhHHDzqXSPGPUvvijyt-i6AiQA0Y"},
      "attributes": {"enabled": true}}'
    headers:
      Accept:
      - application/json
      Accept-Encoding:
      - gzip, deflate
      Connection:
      - keep-alive
      Content-Length:
      - '241'
      Content-Type:
      - application/json
      User-Agent:
      - azsdk-python-keyvault-keys/4.5.1 Python/3.9.12 (macOS-12.4-arm64-arm-64bit)
    method: PUT
    uri: https://cli-test-kv-key-000002.vault.azure.net/keys/import-eckey-plain?api-version=7.3
  response:
    body:
      string: '{"key":{"kid":"https://cli-test-kv-key-000002.vault.azure.net/keys/import-eckey-plain/775a98b62bcf403abc2dd2e82f51f837","kty":"EC","key_ops":["sign","verify"],"crv":"P-256","x":"li86GrOlNxhcyInofgyKTYvekq3QGpspRuByNRSR5CM","y":"ypRUUQHi84SwobPHhHHDzqXSPGPUvvijyt-i6AiQA0Y"},"attributes":{"enabled":true,"created":1654157954,"updated":1654157954,"recoveryLevel":"CustomizedRecoverable+Purgeable","recoverableDays":7}}'
    headers:
      cache-control:
      - no-cache
      content-length:
      - '416'
      content-type:
      - application/json; charset=utf-8
      date:
      - Thu, 02 Jun 2022 08:19:14 GMT
      expires:
      - '-1'
      pragma:
      - no-cache
      strict-transport-security:
      - max-age=31536000;includeSubDomains
      x-content-type-options:
      - nosniff
      x-ms-keyvault-network-info:
      - conn_type=Ipv4;addr=43.128.15.137;act_addr_fam=InterNetwork;
      x-ms-keyvault-region:
      - eastus2
      x-ms-keyvault-service-version:
      - 1.9.422.1
    status:
      code: 200
      message: OK
- request:
    body: '{"Hsm": false, "key": {"kty": "EC", "d": "AfqngG4fnCqOyjTsRiBL6sxt61XHHwLSN3YjLhHWrFTdV9Uev7c-3oiXXwExwLkeEMZk1bOuSJO3_rZbX0ymkwAM",
      "crv": "P-521", "x": "AbrVIZG8gPu6vTAbrs7OFStWCCDzbH29jAKaQqCaMS36wZvYjpT7ErJdE6RuqDs4m9iIb8VaP1FU5go4vAEIVvyS",
      "y": "AXjftbkXFhvx5d0ooAHtNwY-1xgXAUtpKLiZKiWMjRchKaX6YRc2wHCCib1KqstdqGxrqKhv99_V9Al57QcLL71Q"},
      "attributes": {"enabled": true}}'
    headers:
      Accept:
      - application/json
      Accept-Encoding:
      - gzip, deflate
      Connection:
      - keep-alive
      Content-Length:
      - '376'
      Content-Type:
      - application/json
      User-Agent:
      - azsdk-python-keyvault-keys/4.5.1 Python/3.9.12 (macOS-12.4-arm64-arm-64bit)
    method: PUT
    uri: https://cli-test-kv-key-000002.vault.azure.net/keys/import-eckey-encrypted?api-version=7.3
  response:
    body:
      string: '{"key":{"kid":"https://cli-test-kv-key-000002.vault.azure.net/keys/import-eckey-encrypted/3b41c7167d484448b1eab48cedfb175d","kty":"EC","key_ops":["sign","verify"],"crv":"P-521","x":"AbrVIZG8gPu6vTAbrs7OFStWCCDzbH29jAKaQqCaMS36wZvYjpT7ErJdE6RuqDs4m9iIb8VaP1FU5go4vAEIVvyS","y":"AXjftbkXFhvx5d0ooAHtNwY-1xgXAUtpKLiZKiWMjRchKaX6YRc2wHCCib1KqstdqGxrqKhv99_V9Al57QcLL71Q"},"attributes":{"enabled":true,"created":1654157956,"updated":1654157956,"recoveryLevel":"CustomizedRecoverable+Purgeable","recoverableDays":7}}'
    headers:
      cache-control:
      - no-cache
      content-length:
      - '510'
      content-type:
      - application/json; charset=utf-8
      date:
      - Thu, 02 Jun 2022 08:19:16 GMT
      expires:
      - '-1'
      pragma:
      - no-cache
      strict-transport-security:
      - max-age=31536000;includeSubDomains
      x-content-type-options:
      - nosniff
      x-ms-keyvault-network-info:
      - conn_type=Ipv4;addr=43.128.15.137;act_addr_fam=InterNetwork;
      x-ms-keyvault-region:
      - eastus2
      x-ms-keyvault-service-version:
      - 1.9.422.1
    status:
      code: 200
      message: OK
- request:
    body: null
    headers:
      Accept:
      - application/json
      Accept-Encoding:
      - gzip, deflate
      Connection:
      - keep-alive
      Content-Length:
      - '0'
      Content-Type:
      - application/json
      User-Agent:
      - azsdk-python-keyvault-keys/4.5.1 Python/3.9.12 (macOS-12.4-arm64-arm-64bit)
    method: POST
    uri: https://cli-test-kv-key-000003.vault.azure.net/keys/key1/create?api-version=7.3
  response:
    body:
      string: '{"error":{"code":"Unauthorized","message":"AKV10000: Request is missing
        a Bearer or PoP token."}}'
    headers:
      cache-control:
      - no-cache
      content-length:
      - '97'
      content-type:
      - application/json; charset=utf-8
      date:
      - Thu, 02 Jun 2022 08:19:17 GMT
      expires:
      - '-1'
      pragma:
      - no-cache
      strict-transport-security:
      - max-age=31536000;includeSubDomains
      www-authenticate:
      - Bearer authorization="https://login.windows.net/54826b22-38d6-4fb2-bad9-b7b93a3e9c5a",
        resource="https://vault.azure.net"
      x-content-type-options:
      - nosniff
      x-ms-keyvault-network-info:
      - conn_type=Ipv4;addr=43.128.15.137;act_addr_fam=InterNetwork;
      x-ms-keyvault-region:
      - eastus2
      x-ms-keyvault-service-version:
      - 1.9.422.1
    status:
      code: 401
      message: Unauthorized
- request:
    body: '{"kty": "RSA-HSM", "key_size": 2048, "key_ops": ["import"], "attributes":
      {"enabled": true}}'
    headers:
      Accept:
      - application/json
      Accept-Encoding:
      - gzip, deflate
      Connection:
      - keep-alive
      Content-Length:
      - '92'
      Content-Type:
      - application/json
      User-Agent:
      - azsdk-python-keyvault-keys/4.5.1 Python/3.9.12 (macOS-12.4-arm64-arm-64bit)
    method: POST
    uri: https://cli-test-kv-key-000003.vault.azure.net/keys/key1/create?api-version=7.3
  response:
    body:
      string: '{"key":{"kid":"https://cli-test-kv-key-000003.vault.azure.net/keys/key1/43619350ee5d4708a3296b20073dcc82","kty":"RSA-HSM","key_ops":["import"],"n":"kZMbOjIPK5BJh8q8NfDUBSWzWOk2eEUK3rrzE4s-s7iRoe_MnFWrAld9lli40tZnYGqBQijFkMA2Ui3Oh6--aQIeznlWBjBPEc5Bk56pdzhhX1g2DJkS1WlVh_CbQ7VLcVKfjOsy7n44GItCrLxgVXaSJLGWVLlrgHdAoFLISLbM8QL2TaX7ay8ik03VbKBtgayzzIKGDX0ZzCBGWMbtAClXWtTGS2PuzTsSOuHdbR7XOrGIaqAUdIKS-cHIBRa4CK6UrH82xWjbRjvq73203NOGhAQpDDPxHkHJWtKfQSievLqFeCsNoew5G-vwVJCmoJARR4779LH9qgJh8UXRgQ","e":"AAEAAQ"},"attributes":{"enabled":true,"exp":1654330759,"created":1654157959,"updated":1654157959,"recoveryLevel":"CustomizedRecoverable+Purgeable","recoverableDays":7}}'
    headers:
      cache-control:
      - no-cache
      content-length:
      - '665'
      content-type:
      - application/json; charset=utf-8
      date:
      - Thu, 02 Jun 2022 08:19:18 GMT
      expires:
      - '-1'
      pragma:
      - no-cache
      strict-transport-security:
      - max-age=31536000;includeSubDomains
      x-content-type-options:
      - nosniff
      x-ms-keyvault-network-info:
      - conn_type=Ipv4;addr=43.128.15.137;act_addr_fam=InterNetwork;
      x-ms-keyvault-region:
      - eastus2
      x-ms-keyvault-service-version:
      - 1.9.422.1
    status:
      code: 200
      message: OK
- request:
    body: '{"kty": "RSA-HSM", "key_size": 3072, "key_ops": ["import"], "attributes":
      {"enabled": true}}'
    headers:
      Accept:
      - application/json
      Accept-Encoding:
      - gzip, deflate
      Connection:
      - keep-alive
      Content-Length:
      - '92'
      Content-Type:
      - application/json
      User-Agent:
      - azsdk-python-keyvault-keys/4.5.1 Python/3.9.12 (macOS-12.4-arm64-arm-64bit)
    method: POST
    uri: https://cli-test-kv-key-000003.vault.azure.net/keys/key2/create?api-version=7.3
  response:
    body:
      string: '{"key":{"kid":"https://cli-test-kv-key-000003.vault.azure.net/keys/key2/3018dcaa4289464fbe85e18338519a89","kty":"RSA-HSM","key_ops":["import"],"n":"3RfPP9uH5VSAeoI5_EtDRAAffbBsCsv5yHgonb4OTnD4kO1aGB2yNPQfkpJCdiHbR3SHRIcEjIi4HbgPh6WkWVDjatr5ikOTjzJR4BxbLdWW7G5408GmFlwV92UKLrITdwmU8Bv5PSQxo5wwXgr2ZheYlUbyTmUoEROeAB3JoHalLuXUHNfU-FgSnMQGL6s_25hFLeudaCK6rH7hZKOFkIFvYR1x1Y2Upui9MBoSZWk7T7B0563E6RwTW6sCEIf3R48DFNvU2xG0Sb3FpEAN1pWOwnch50iKE5rqfVRsn3xFBXb-KEC7SVgAr2nXT-yrFD7t4i8oD6kUAIJ1ZPecffhKE5zvp7gSogYp-MIomZ7MZaWCe0fKvtxjsNJ4dl0q8CFV9dzyL3IWx_kzByaESmedF5AzgLTlsIwsemN8Bqt2_kEhJaFLWM2ZnEaGcrejEQMqH8q82LU7S59G_G4-u5GuHiumZOnAK2VtkmV03yTLAgyjvIOVCOqSLznir_nh","e":"AAEAAQ"},"attributes":{"enabled":true,"exp":1654330761,"created":1654157961,"updated":1654157961,"recoveryLevel":"CustomizedRecoverable+Purgeable","recoverableDays":7}}'
    headers:
      cache-control:
      - no-cache
      content-length:
      - '835'
      content-type:
      - application/json; charset=utf-8
      date:
      - Thu, 02 Jun 2022 08:19:22 GMT
      expires:
      - '-1'
      pragma:
      - no-cache
      strict-transport-security:
      - max-age=31536000;includeSubDomains
      x-content-type-options:
      - nosniff
      x-ms-keyvault-network-info:
      - conn_type=Ipv4;addr=43.128.15.137;act_addr_fam=InterNetwork;
      x-ms-keyvault-region:
      - eastus2
      x-ms-keyvault-service-version:
      - 1.9.422.1
    status:
      code: 200
      message: OK
- request:
    body: '{"kty": "RSA-HSM", "key_size": 4096, "key_ops": ["import"], "attributes":
      {"enabled": true}}'
    headers:
      Accept:
      - application/json
      Accept-Encoding:
      - gzip, deflate
      Connection:
      - keep-alive
      Content-Length:
      - '92'
      Content-Type:
      - application/json
      User-Agent:
      - azsdk-python-keyvault-keys/4.5.1 Python/3.9.12 (macOS-12.4-arm64-arm-64bit)
    method: POST
    uri: https://cli-test-kv-key-000003.vault.azure.net/keys/key2/create?api-version=7.3
  response:
    body:
      string: '{"key":{"kid":"https://cli-test-kv-key-000003.vault.azure.net/keys/key2/9df465874862412badc0297d98c8b458","kty":"RSA-HSM","key_ops":["import"],"n":"y5x9tN-vKP-YdtX024gG4NI0o1DVJia1cvGERgBwaTXnXdPssKJqACdNbQ1O7vWelGssit6X9gvpwpu7Iy8ihhV-6cRkLA35R2ig69i0BD1pymXz8QYkNVKCLXo5J4fmHs8j8OHLXFuo66AkUuTv0SKAY02pRha9MXS7H0ibpQSQaU7FMFWERn2niYEbUeWo55QUltXteMBDnGGz8qc4lYzPXLPkvwQuzxHJhjhaV3nCsXQJEn45GaPjazquXquLJ_TGsJNGTYj_Cy1ff86tlXhPG86qhjPqQYo4whLCBQmqIDN7yxdAAPMMsR2wqpcuLcn1sPbXmvBkkGh1N--Fqkr98pxUqN431dzHWzibbtfkiCV6XaHxB6CD_d--y3_kMvle7n6VNvnnCsxLQxf5o0lsLjjGR5QueFALbR9nQxM0CqtV9vidyQvsj45ccZLXbO4FJ-Yg3L0FYb-yIoIwJJ5vBuhYb6zmt2hxUx5Cd2eBI6uLEp_spzmq0Gq8zTTq1SmUypnqIuVltlMLOjTbzmudFbkervp2L0coXpDLdYoljIZCOwL4Qyj9NNhtfCNNRMwsuYJAu0c0d9t3OPVJr1Vcga5UgCOsS_LWXcrqI-pGSV2p3G_3Z74UuUGiIW7YCHUO0zZbIZ_CRVSpW6PC861n_uI4DlXXZAlWc5xMgps","e":"AAEAAQ"},"attributes":{"enabled":true,"exp":1654330764,"created":1654157964,"updated":1654157964,"recoveryLevel":"CustomizedRecoverable+Purgeable","recoverableDays":7}}'
    headers:
      cache-control:
      - no-cache
      content-length:
      - '1006'
      content-type:
      - application/json; charset=utf-8
      date:
      - Thu, 02 Jun 2022 08:19:25 GMT
      expires:
      - '-1'
      pragma:
      - no-cache
      strict-transport-security:
      - max-age=31536000;includeSubDomains
      x-content-type-options:
      - nosniff
      x-ms-keyvault-network-info:
      - conn_type=Ipv4;addr=43.128.15.137;act_addr_fam=InterNetwork;
      x-ms-keyvault-region:
      - eastus2
      x-ms-keyvault-service-version:
      - 1.9.422.1
    status:
      code: 200
      message: OK
version: 1
