interactions:
- request:
    body: null
    headers:
      Accept:
      - application/json
      Accept-Encoding:
      - gzip, deflate
      Connection:
      - keep-alive
      User-Agent:
      - python/3.8.2 (Windows-10-10.0.19041-SP0) msrest/0.6.21 msrest_azure/0.6.3
        azure-graphrbac/0.60.0 Azure-SDK-For-Python
      accept-language:
      - en-US
    method: GET
    uri: https://graph.windows.net/00000000-0000-0000-0000-000000000000/me?api-version=1.6
  response:
    body:
      string: '{"odata.metadata":"https://graph.windows.net/00000000-0000-0000-0000-000000000000/$metadata#directoryObjects/@Element","odata.type":"Microsoft.DirectoryServices.User","objectType":"User","objectId":"f3ea48f6-a16e-4b37-8260-f69cf2200525","deletionTimestamp":null,"accountEnabled":true,"ageGroup":null,"assignedLicenses":[],"assignedPlans":[],"city":null,"companyName":null,"consentProvidedForMinor":null,"country":null,"createdDateTime":"2020-04-07T09:37:40Z","creationType":"Invitation","department":null,"dirSyncEnabled":null,"displayName":"Houk
        Chen","employeeId":null,"facsimileTelephoneNumber":null,"givenName":null,"immutableId":null,"isCompromised":null,"jobTitle":null,"lastDirSyncTime":null,"legalAgeGroupClassification":null,"mail":"honc@microsoft.com","mailNickname":"honc_microsoft.com#EXT#","mobile":null,"onPremisesDistinguishedName":null,"onPremisesSecurityIdentifier":null,"otherMails":["honc@microsoft.com"],"passwordPolicies":null,"passwordProfile":null,"physicalDeliveryOfficeName":null,"postalCode":null,"preferredLanguage":null,"provisionedPlans":[],"provisioningErrors":[],"proxyAddresses":["SMTP:honc@microsoft.com"],"refreshTokensValidFromDateTime":"2020-04-07T09:37:40Z","showInAddressList":false,"signInNames":[],"sipProxyAddress":null,"state":null,"streetAddress":null,"surname":null,"telephoneNumber":null,"thumbnailPhoto@odata.mediaEditLink":"directoryObjects/f3ea48f6-a16e-4b37-8260-f69cf2200525/Microsoft.DirectoryServices.User/thumbnailPhoto","usageLocation":null,"userIdentities":[],"userPrincipalName":"honc_microsoft.com#EXT#@AzureSDKTeam.onmicrosoft.com","userState":"Accepted","userStateChangedOn":"2020-04-10T09:25:17Z","userType":"Guest"}'
    headers:
      access-control-allow-origin:
      - '*'
      cache-control:
      - no-cache
      content-length:
      - '1676'
      content-type:
      - application/json; odata=minimalmetadata; streaming=true; charset=utf-8
      dataserviceversion:
      - 3.0;
      date:
      - Wed, 14 Apr 2021 05:21:49 GMT
      duration:
      - '4026328'
      expires:
      - '-1'
      ocp-aad-diagnostics-server-name:
      - zHErno0Zltj7Znu6Bth0wxw7Bmn/3PEWBeY3xMwg8S4=
      ocp-aad-session-key:
      - doHpO-uXyEStxAQHPnkkUp-IA3dManW2iOEOK6-rtY1qbyuVNZAMiexcVAx1nOLxqXdKA6j1rlKOABWkcHP-DpZBDbghqhcErMvK1ACnJGJN28yY5wUNSlJTLkfaQx-j.wKEX5XUuvxhz-CRLFhi0ZEJIP7iDuwhQMWlLdUoeHnQ
      pragma:
      - no-cache
      request-id:
      - 90b2a345-1d98-4c27-8cc4-dc7b00b2d0e9
      strict-transport-security:
      - max-age=31536000; includeSubDomains
      x-aspnet-version:
      - 4.0.30319
      x-ms-dirapi-data-contract-version:
      - '1.6'
      x-ms-resource-unit:
      - '1'
      x-powered-by:
      - ASP.NET
    status:
      code: 200
      message: OK
- request:
    body: '{"location": "eastus", "properties": {"tenantId": "54826b22-38d6-4fb2-bad9-b7b93a3e9c5a",
      "sku": {"family": "A", "name": "premium"}, "accessPolicies": [{"tenantId": "54826b22-38d6-4fb2-bad9-b7b93a3e9c5a",
      "objectId": "f3ea48f6-a16e-4b37-8260-f69cf2200525", "permissions": {"keys":
      ["get", "create", "delete", "list", "update", "import", "backup", "restore",
      "recover"], "secrets": ["get", "list", "set", "delete", "backup", "restore",
      "recover"], "certificates": ["get", "list", "delete", "create", "import", "update",
      "managecontacts", "getissuers", "listissuers", "setissuers", "deleteissuers",
      "manageissuers", "recover"], "storage": ["get", "list", "delete", "set", "update",
      "regeneratekey", "setsas", "listsas", "getsas", "deletesas"]}}], "enableSoftDelete":
      true, "softDeleteRetentionInDays": 7, "networkAcls": {"bypass": "AzureServices",
      "defaultAction": "Allow"}}}'
    headers:
      Accept:
      - application/json
      Accept-Encoding:
      - gzip, deflate
      CommandName:
      - keyvault create
      Connection:
      - keep-alive
      Content-Length:
      - '873'
      Content-Type:
      - application/json
      ParameterSetName:
      - -g -n -l --sku --retention-days --enable-soft-delete
      User-Agent:
      - AZURECLI/2.21.0 azsdk-python-azure-mgmt-keyvault/9.0.0 Python/3.8.2 (Windows-10-10.0.19041-SP0)
    method: PUT
    uri: https://management.azure.com/subscriptions/00000000-0000-0000-0000-000000000000/resourceGroups/cli_test_keyvault_secret_soft_delete000001/providers/Microsoft.KeyVault/vaults/cli-test-kv-se-sd-000002?api-version=2021-04-01-preview
  response:
    body:
      string: '{"id":"/subscriptions/00000000-0000-0000-0000-000000000000/resourceGroups/cli_test_keyvault_secret_soft_delete000001/providers/Microsoft.KeyVault/vaults/cli-test-kv-se-sd-000002","name":"cli-test-kv-se-sd-000002","type":"Microsoft.KeyVault/vaults","location":"eastus","tags":{},"systemData":{"createdBy":"honc@microsoft.com","createdByType":"User","createdAt":"1970-01-19T17:32:57.714Z","lastModifiedBy":"honc@microsoft.com","lastModifiedByType":"User","lastModifiedAt":"1970-01-19T17:32:57.714Z"},"properties":{"sku":{"family":"A","name":"premium"},"tenantId":"54826b22-38d6-4fb2-bad9-b7b93a3e9c5a","accessPolicies":[{"tenantId":"54826b22-38d6-4fb2-bad9-b7b93a3e9c5a","objectId":"f3ea48f6-a16e-4b37-8260-f69cf2200525","permissions":{"keys":["get","create","delete","list","update","import","backup","restore","recover"],"secrets":["get","list","set","delete","backup","restore","recover"],"certificates":["get","list","delete","create","import","update","managecontacts","getissuers","listissuers","setissuers","deleteissuers","manageissuers","recover"],"storage":["get","list","delete","set","update","regeneratekey","setsas","listsas","getsas","deletesas"]}}],"enabledForDeployment":false,"enableSoftDelete":true,"softDeleteRetentionInDays":7,"vaultUri":"https://cli-test-kv-se-sd-000002.vault.azure.net","provisioningState":"RegisteringDns"}}'
    headers:
      cache-control:
      - no-cache
      content-length:
      - '1379'
      content-type:
      - application/json; charset=utf-8
      date:
      - Wed, 14 Apr 2021 05:21:57 GMT
      expires:
      - '-1'
      pragma:
      - no-cache
      server:
      - Microsoft-IIS/10.0
      strict-transport-security:
      - max-age=31536000; includeSubDomains
      transfer-encoding:
      - chunked
      vary:
      - Accept-Encoding
      x-aspnet-version:
      - 4.0.30319
      x-content-type-options:
      - nosniff
      x-ms-keyvault-service-version:
      - 1.1.292.0
      x-ms-ratelimit-remaining-subscription-writes:
      - '1198'
      x-powered-by:
      - ASP.NET
    status:
      code: 200
      message: OK
- request:
    body: null
    headers:
      Accept:
      - '*/*'
      Accept-Encoding:
      - gzip, deflate
      CommandName:
      - keyvault create
      Connection:
      - keep-alive
      ParameterSetName:
      - -g -n -l --sku --retention-days --enable-soft-delete
      User-Agent:
      - AZURECLI/2.21.0 azsdk-python-azure-mgmt-keyvault/9.0.0 Python/3.8.2 (Windows-10-10.0.19041-SP0)
    method: GET
    uri: https://management.azure.com/subscriptions/00000000-0000-0000-0000-000000000000/resourceGroups/cli_test_keyvault_secret_soft_delete000001/providers/Microsoft.KeyVault/vaults/cli-test-kv-se-sd-000002?api-version=2021-04-01-preview
  response:
    body:
      string: '{"id":"/subscriptions/00000000-0000-0000-0000-000000000000/resourceGroups/cli_test_keyvault_secret_soft_delete000001/providers/Microsoft.KeyVault/vaults/cli-test-kv-se-sd-000002","name":"cli-test-kv-se-sd-000002","type":"Microsoft.KeyVault/vaults","location":"eastus","tags":{},"systemData":{"createdBy":"honc@microsoft.com","createdByType":"User","createdAt":"1970-01-19T17:32:57.714Z","lastModifiedBy":"honc@microsoft.com","lastModifiedByType":"User","lastModifiedAt":"1970-01-19T17:32:57.714Z"},"properties":{"sku":{"family":"A","name":"premium"},"tenantId":"54826b22-38d6-4fb2-bad9-b7b93a3e9c5a","accessPolicies":[{"tenantId":"54826b22-38d6-4fb2-bad9-b7b93a3e9c5a","objectId":"f3ea48f6-a16e-4b37-8260-f69cf2200525","permissions":{"keys":["get","create","delete","list","update","import","backup","restore","recover"],"secrets":["get","list","set","delete","backup","restore","recover"],"certificates":["get","list","delete","create","import","update","managecontacts","getissuers","listissuers","setissuers","deleteissuers","manageissuers","recover"],"storage":["get","list","delete","set","update","regeneratekey","setsas","listsas","getsas","deletesas"]}}],"enabledForDeployment":false,"enableSoftDelete":true,"softDeleteRetentionInDays":7,"vaultUri":"https://cli-test-kv-se-sd-000002.vault.azure.net/","provisioningState":"Succeeded"}}'
    headers:
      cache-control:
      - no-cache
      content-length:
      - '1375'
      content-type:
      - application/json; charset=utf-8
      date:
      - Wed, 14 Apr 2021 05:22:27 GMT
      expires:
      - '-1'
      pragma:
      - no-cache
      server:
      - Microsoft-IIS/10.0
      strict-transport-security:
      - max-age=31536000; includeSubDomains
      transfer-encoding:
      - chunked
      vary:
      - Accept-Encoding
      x-aspnet-version:
      - 4.0.30319
      x-content-type-options:
      - nosniff
      x-ms-keyvault-service-version:
      - 1.1.292.0
      x-powered-by:
      - ASP.NET
    status:
      code: 200
      message: OK
- request:
    body: null
    headers:
      Accept:
      - application/json
      Accept-Encoding:
      - gzip, deflate
      CommandName:
      - keyvault show
      Connection:
      - keep-alive
      ParameterSetName:
      - -n
      User-Agent:
      - AZURECLI/2.21.0 azsdk-python-azure-mgmt-keyvault/9.0.0 Python/3.8.2 (Windows-10-10.0.19041-SP0)
    method: GET
    uri: https://management.azure.com/subscriptions/00000000-0000-0000-0000-000000000000/resources?$filter=resourceType%20eq%20%27Microsoft.KeyVault%2Fvaults%27&api-version=2015-11-01
  response:
    body:
      string: '{"value":[{"id":"/subscriptions/00000000-0000-0000-0000-000000000000/resourceGroups/azps-test-group/providers/Microsoft.KeyVault/vaults/azps-test-kv2","name":"azps-test-kv2","type":"Microsoft.KeyVault/vaults","location":"eastus","tags":{}},{"id":"/subscriptions/00000000-0000-0000-0000-000000000000/resourceGroups/azps-test-group/providers/Microsoft.KeyVault/vaults/azps-test-kv4","name":"azps-test-kv4","type":"Microsoft.KeyVault/vaults","location":"southcentralus","tags":{}},{"id":"/subscriptions/00000000-0000-0000-0000-000000000000/resourceGroups/cli_test_keyvault_certggzs7nxo5hjulhbph77kpvp354aj2g76gnb4o6vaxi6syrqnv6ggq/providers/Microsoft.KeyVault/vaults/cli-test-kv-ct-jf3usxgrl","name":"cli-test-kv-ct-jf3usxgrl","type":"Microsoft.KeyVault/vaults","location":"westus","tags":{}},{"id":"/subscriptions/00000000-0000-0000-0000-000000000000/resourceGroups/cli_test_keyvault_pecls2h5rxvfaqqkvye55nhoori3r3dmwaqfb7lzom54axazkkm4is7ke/providers/Microsoft.KeyVault/vaults/cli-test-kv-pec-x4mreb6v","name":"cli-test-kv-pec-x4mreb6v","type":"Microsoft.KeyVault/vaults","location":"eastus2","tags":{}},{"id":"/subscriptions/00000000-0000-0000-0000-000000000000/resourceGroups/cli_test_keyvault_pecneesgsl4w47vtn5drtkt22r73c3x6ls36ex34otqjxdj2ugfc7jgsx/providers/Microsoft.KeyVault/vaults/cli-test-kv-pec-tmsmlbwu","name":"cli-test-kv-pec-tmsmlbwu","type":"Microsoft.KeyVault/vaults","location":"eastus2","tags":{}},{"id":"/subscriptions/00000000-0000-0000-0000-000000000000/resourceGroups/cli_test_keyvault_plr3zvnl53kvkf4uzlbhezgudtdvozd7cs7ownhmgt5phu34wufzhb24p/providers/Microsoft.KeyVault/vaults/cli-test-kv-plr-2i6kbvsn","name":"cli-test-kv-plr-2i6kbvsn","type":"Microsoft.KeyVault/vaults","location":"eastus2","tags":{}},{"id":"/subscriptions/00000000-0000-0000-0000-000000000000/resourceGroups/cli_test_keyvault_sdmncdngmrvbbjhfs6a2sosy2kv22fuft3gi3yy6yqcgh53atiqp7iu6m/providers/Microsoft.KeyVault/vaults/cli-test-kv-sd-bii62ul25","name":"cli-test-kv-sd-bii62ul25","type":"Microsoft.KeyVault/vaults","location":"eastus2","tags":{}},{"id":"/subscriptions/00000000-0000-0000-0000-000000000000/resourceGroups/cli_test_keyvault_secret_soft_deletemq3pggvjub2evjp5lm4u3p6pogoqzenw3teewhk/providers/Microsoft.KeyVault/vaults/cli-test-kv-se-sd-oftopu","name":"cli-test-kv-se-sd-oftopu","type":"Microsoft.KeyVault/vaults","location":"eastus","tags":{}},{"id":"/subscriptions/00000000-0000-0000-0000-000000000000/resourceGroups/cli_test_keyvault_secret_soft_delete000001/providers/Microsoft.KeyVault/vaults/cli-test-kv-se-sd-000002","name":"cli-test-kv-se-sd-000002","type":"Microsoft.KeyVault/vaults","location":"eastus","tags":{}},{"id":"/subscriptions/00000000-0000-0000-0000-000000000000/resourceGroups/cli_test_keyvault_secretf6hut52qzfmqwtgebrz7mtpsdiu7jd2kq2enndadzgrvtk5prq6/providers/Microsoft.KeyVault/vaults/cli-test-kv-se-ewh7pirby","name":"cli-test-kv-se-ewh7pirby","type":"Microsoft.KeyVault/vaults","location":"westus","tags":{}},{"id":"/subscriptions/00000000-0000-0000-0000-000000000000/resourceGroups/cli_test_keyvault_secretlpyj4a4hbgvbpbmyxaw6zw3z2tzcy3t4pc35nhlfo2ibhcmt5ax/providers/Microsoft.KeyVault/vaults/cli-test-kv-se-nawduqge5","name":"cli-test-kv-se-nawduqge5","type":"Microsoft.KeyVault/vaults","location":"westus","tags":{}},{"id":"/subscriptions/00000000-0000-0000-0000-000000000000/resourceGroups/fytest/providers/Microsoft.KeyVault/vaults/vault1569","name":"vault1569","type":"Microsoft.KeyVault/vaults","location":"centraluseuap","tags":{}},{"id":"/subscriptions/00000000-0000-0000-0000-000000000000/resourceGroups/houk-test/providers/Microsoft.KeyVault/vaults/houk-kv2","name":"houk-kv2","type":"Microsoft.KeyVault/vaults","location":"eastus","tags":{}},{"id":"/subscriptions/00000000-0000-0000-0000-000000000000/resourceGroups/jiasli-cli-dev/providers/Microsoft.KeyVault/vaults/cli-sni-kv","name":"cli-sni-kv","type":"Microsoft.KeyVault/vaults","location":"westus","tags":{}},{"id":"/subscriptions/00000000-0000-0000-0000-000000000000/resourceGroups/ljin-test/providers/Microsoft.KeyVault/vaults/kv-ljin-sni","name":"kv-ljin-sni","type":"Microsoft.KeyVault/vaults","location":"eastus","tags":{}},{"id":"/subscriptions/00000000-0000-0000-0000-000000000000/resourceGroups/yishitest/providers/Microsoft.KeyVault/vaults/ase-testdevice-020dc7b13","name":"ase-testdevice-020dc7b13","type":"Microsoft.KeyVault/vaults","location":"eastus","tags":{"dbe-resource":"testdevice"}},{"id":"/subscriptions/00000000-0000-0000-0000-000000000000/resourceGroups/yishitest/providers/Microsoft.KeyVault/vaults/ase-ysgatewayd-e2960da93","name":"ase-ysgatewayd-e2960da93","type":"Microsoft.KeyVault/vaults","location":"eastus","tags":{"dbe-resource":"ysgatewaydevice"}},{"id":"/subscriptions/00000000-0000-0000-0000-000000000000/resourceGroups/yishitest/providers/Microsoft.KeyVault/vaults/ysvault","name":"ysvault","type":"Microsoft.KeyVault/vaults","location":"westus","tags":{}}]}'
    headers:
      cache-control:
      - no-cache
      content-length:
      - '4931'
      content-type:
      - application/json; charset=utf-8
      date:
      - Wed, 14 Apr 2021 05:22:28 GMT
      expires:
      - '-1'
      pragma:
      - no-cache
      strict-transport-security:
      - max-age=31536000; includeSubDomains
      vary:
      - Accept-Encoding
      x-content-type-options:
      - nosniff
    status:
      code: 200
      message: OK
- request:
    body: null
    headers:
      Accept:
      - application/json
      Accept-Encoding:
      - gzip, deflate
      CommandName:
      - keyvault show
      Connection:
      - keep-alive
      ParameterSetName:
      - -n
      User-Agent:
      - AZURECLI/2.21.0 azsdk-python-azure-mgmt-keyvault/9.0.0 Python/3.8.2 (Windows-10-10.0.19041-SP0)
    method: GET
    uri: https://management.azure.com/subscriptions/00000000-0000-0000-0000-000000000000/resourceGroups/cli_test_keyvault_secret_soft_delete000001/providers/Microsoft.KeyVault/vaults/cli-test-kv-se-sd-000002?api-version=2021-04-01-preview
  response:
    body:
      string: '{"id":"/subscriptions/00000000-0000-0000-0000-000000000000/resourceGroups/cli_test_keyvault_secret_soft_delete000001/providers/Microsoft.KeyVault/vaults/cli-test-kv-se-sd-000002","name":"cli-test-kv-se-sd-000002","type":"Microsoft.KeyVault/vaults","location":"eastus","tags":{},"systemData":{"createdBy":"honc@microsoft.com","createdByType":"User","createdAt":"1970-01-19T17:32:57.714Z","lastModifiedBy":"honc@microsoft.com","lastModifiedByType":"User","lastModifiedAt":"1970-01-19T17:32:57.714Z"},"properties":{"sku":{"family":"A","name":"premium"},"tenantId":"54826b22-38d6-4fb2-bad9-b7b93a3e9c5a","accessPolicies":[{"tenantId":"54826b22-38d6-4fb2-bad9-b7b93a3e9c5a","objectId":"f3ea48f6-a16e-4b37-8260-f69cf2200525","permissions":{"keys":["get","create","delete","list","update","import","backup","restore","recover"],"secrets":["get","list","set","delete","backup","restore","recover"],"certificates":["get","list","delete","create","import","update","managecontacts","getissuers","listissuers","setissuers","deleteissuers","manageissuers","recover"],"storage":["get","list","delete","set","update","regeneratekey","setsas","listsas","getsas","deletesas"]}}],"enabledForDeployment":false,"enableSoftDelete":true,"softDeleteRetentionInDays":7,"vaultUri":"https://cli-test-kv-se-sd-000002.vault.azure.net/","provisioningState":"Succeeded"}}'
    headers:
      cache-control:
      - no-cache
      content-length:
      - '1375'
      content-type:
      - application/json; charset=utf-8
      date:
      - Wed, 14 Apr 2021 05:22:30 GMT
      expires:
      - '-1'
      pragma:
      - no-cache
      server:
      - Microsoft-IIS/10.0
      strict-transport-security:
      - max-age=31536000; includeSubDomains
      transfer-encoding:
      - chunked
      vary:
      - Accept-Encoding
      x-aspnet-version:
      - 4.0.30319
      x-content-type-options:
      - nosniff
      x-ms-keyvault-service-version:
      - 1.1.292.0
      x-powered-by:
      - ASP.NET
    status:
      code: 200
      message: OK
- request:
    body: ''
    headers:
      Accept:
      - application/json
      Accept-Encoding:
      - gzip, deflate
      Connection:
      - keep-alive
      Content-Length:
      - 0
      Content-Type:
      - application/json; charset=utf-8
      User-Agent:
      - python/3.8.2 (Windows-10-10.0.19041-SP0) msrest/0.6.21 msrest_azure/0.6.3
        azure-keyvault/7.0 Azure-SDK-For-Python
      accept-language:
      - en-US
    method: PUT
    uri: https://cli-test-kv-se-sd-000002.vault.azure.net/secrets/secret1?api-version=7.0
  response:
    body:
      string: '{"error":{"code":"Unauthorized","message":"Request is missing a Bearer
        or PoP token."}}'
    headers:
      cache-control:
      - no-cache
      content-length:
      - '87'
      content-type:
      - application/json; charset=utf-8
      date:
      - Wed, 14 Apr 2021 05:22:32 GMT
      expires:
      - '-1'
      pragma:
      - no-cache
      strict-transport-security:
      - max-age=31536000;includeSubDomains
      www-authenticate:
      - Bearer authorization="https://login.windows.net/54826b22-38d6-4fb2-bad9-b7b93a3e9c5a",
        resource="https://vault.azure.net"
      x-content-type-options:
      - nosniff
      x-ms-keyvault-network-info:
      - conn_type=Ipv4;addr=167.220.255.22;act_addr_fam=InterNetwork;
      x-ms-keyvault-region:
      - eastus
      x-ms-keyvault-service-version:
      - 1.2.236.0
      x-powered-by:
      - ASP.NET
    status:
      code: 401
      message: Unauthorized
- request:
    body: '{"value": "ABC123", "tags": {"file-encoding": "utf-8"}, "attributes": {}}'
    headers:
      Accept:
      - application/json
      Accept-Encoding:
      - gzip, deflate
      Connection:
      - keep-alive
      Content-Length:
      - '73'
      Content-Type:
      - application/json; charset=utf-8
      User-Agent:
      - python/3.8.2 (Windows-10-10.0.19041-SP0) msrest/0.6.21 msrest_azure/0.6.3
        azure-keyvault/7.0 Azure-SDK-For-Python
      accept-language:
      - en-US
    method: PUT
    uri: https://cli-test-kv-se-sd-000002.vault.azure.net/secrets/secret1?api-version=7.0
  response:
    body:
      string: '{"value":"ABC123","id":"https://cli-test-kv-se-sd-000002.vault.azure.net/secrets/secret1/7f2fdb300d124b8da77f8d1653fe3e07","attributes":{"enabled":true,"created":1618377752,"updated":1618377752,"recoveryLevel":"CustomizedRecoverable+Purgeable"},"tags":{"file-encoding":"utf-8"}}'
    headers:
      cache-control:
      - no-cache
      content-length:
      - '278'
      content-type:
      - application/json; charset=utf-8
      date:
      - Wed, 14 Apr 2021 05:22:32 GMT
      expires:
      - '-1'
      pragma:
      - no-cache
      strict-transport-security:
      - max-age=31536000;includeSubDomains
      x-content-type-options:
      - nosniff
      x-ms-keyvault-network-info:
      - conn_type=Ipv4;addr=167.220.255.22;act_addr_fam=InterNetwork;
      x-ms-keyvault-region:
      - eastus
      x-ms-keyvault-service-version:
      - 1.2.236.0
      x-powered-by:
      - ASP.NET
    status:
      code: 200
      message: OK
- request:
    body: null
    headers:
      Accept:
      - application/json
      Accept-Encoding:
      - gzip, deflate
      Connection:
      - keep-alive
      Content-Length:
      - '0'
      Content-Type:
      - application/json; charset=utf-8
      User-Agent:
      - python/3.8.2 (Windows-10-10.0.19041-SP0) msrest/0.6.21 msrest_azure/0.6.3
        azure-keyvault/7.0 Azure-SDK-For-Python
      accept-language:
      - en-US
    method: DELETE
    uri: https://cli-test-kv-se-sd-000002.vault.azure.net/secrets/secret1?api-version=7.0
  response:
    body:
      string: '{"recoveryId":"https://cli-test-kv-se-sd-000002.vault.azure.net/deletedsecrets/secret1","deletedDate":1618377754,"scheduledPurgeDate":1618982554,"id":"https://cli-test-kv-se-sd-000002.vault.azure.net/secrets/secret1/7f2fdb300d124b8da77f8d1653fe3e07","attributes":{"enabled":true,"created":1618377752,"updated":1618377752,"recoveryLevel":"CustomizedRecoverable+Purgeable"},"tags":{"file-encoding":"utf-8"}}'
    headers:
      cache-control:
      - no-cache
      content-length:
      - '405'
      content-type:
      - application/json; charset=utf-8
      date:
      - Wed, 14 Apr 2021 05:22:34 GMT
      expires:
      - '-1'
      pragma:
      - no-cache
      strict-transport-security:
      - max-age=31536000;includeSubDomains
      x-content-type-options:
      - nosniff
      x-ms-keyvault-network-info:
      - conn_type=Ipv4;addr=167.220.255.22;act_addr_fam=InterNetwork;
      x-ms-keyvault-region:
      - eastus
      x-ms-keyvault-service-version:
      - 1.2.236.0
      x-powered-by:
      - ASP.NET
    status:
      code: 200
      message: OK
- request:
    body: null
    headers:
      Accept:
      - application/json
      Accept-Encoding:
      - gzip, deflate
      Connection:
      - keep-alive
      Content-Type:
      - application/json; charset=utf-8
      User-Agent:
      - python/3.8.2 (Windows-10-10.0.19041-SP0) msrest/0.6.21 msrest_azure/0.6.3
        azure-keyvault/7.0 Azure-SDK-For-Python
      accept-language:
      - en-US
    method: GET
    uri: https://cli-test-kv-se-sd-000002.vault.azure.net/deletedsecrets?api-version=7.0
  response:
    body:
      string: '{"value":[],"nextLink":null}'
    headers:
      cache-control:
      - no-cache
      content-length:
      - '28'
      content-type:
      - application/json; charset=utf-8
      date:
      - Wed, 14 Apr 2021 05:22:35 GMT
      expires:
      - '-1'
      pragma:
      - no-cache
      strict-transport-security:
      - max-age=31536000;includeSubDomains
      x-content-type-options:
      - nosniff
      x-ms-keyvault-network-info:
      - conn_type=Ipv4;addr=167.220.255.22;act_addr_fam=InterNetwork;
      x-ms-keyvault-region:
      - eastus
      x-ms-keyvault-service-version:
      - 1.2.236.0
      x-powered-by:
      - ASP.NET
    status:
      code: 200
      message: OK
- request:
    body: '{"value": "ABC123", "tags": {"file-encoding": "utf-8"}, "attributes": {}}'
    headers:
      Accept:
      - application/json
      Accept-Encoding:
      - gzip, deflate
      Connection:
      - keep-alive
      Content-Length:
      - '73'
      Content-Type:
      - application/json; charset=utf-8
      User-Agent:
      - python/3.8.2 (Windows-10-10.0.19041-SP0) msrest/0.6.21 msrest_azure/0.6.3
        azure-keyvault/7.0 Azure-SDK-For-Python
      accept-language:
      - en-US
    method: PUT
    uri: https://cli-test-kv-se-sd-000002.vault.azure.net/secrets/secret1?api-version=7.0
  response:
    body:
      string: '{"error":{"code":"Conflict","message":"Secret secret1 is currently
        being deleted and cannot be re-created; retry later.","innererror":{"code":"ObjectIsBeingDeleted"}}}'
    headers:
      cache-control:
      - no-cache
      content-length:
      - '167'
      content-type:
      - application/json; charset=utf-8
      date:
      - Wed, 14 Apr 2021 05:22:46 GMT
      expires:
      - '-1'
      pragma:
      - no-cache
      strict-transport-security:
      - max-age=31536000;includeSubDomains
      x-content-type-options:
      - nosniff
      x-ms-keyvault-network-info:
      - conn_type=Ipv4;addr=167.220.255.86;act_addr_fam=InterNetwork;
      x-ms-keyvault-region:
      - eastus
      x-ms-keyvault-service-version:
      - 1.2.236.0
      x-powered-by:
      - ASP.NET
    status:
      code: 409
      message: Conflict
- request:
    body: '{"value": "ABC123", "tags": {"file-encoding": "utf-8"}, "attributes": {}}'
    headers:
      Accept:
      - application/json
      Accept-Encoding:
      - gzip, deflate
      Connection:
      - keep-alive
      Content-Length:
      - '73'
      Content-Type:
      - application/json; charset=utf-8
      User-Agent:
      - python/3.8.2 (Windows-10-10.0.19041-SP0) msrest/0.6.21 msrest_azure/0.6.3
        azure-keyvault/7.0 Azure-SDK-For-Python
      accept-language:
      - en-US
    method: PUT
    uri: https://cli-test-kv-se-sd-000002.vault.azure.net/secrets/secret1?api-version=7.0
  response:
    body:
      string: '{"error":{"code":"Conflict","message":"Secret secret1 is currently
        being deleted and cannot be re-created; retry later.","innererror":{"code":"ObjectIsBeingDeleted"}}}'
    headers:
      cache-control:
      - no-cache
      content-length:
      - '167'
      content-type:
      - application/json; charset=utf-8
      date:
      - Wed, 14 Apr 2021 05:22:58 GMT
      expires:
      - '-1'
      pragma:
      - no-cache
      strict-transport-security:
      - max-age=31536000;includeSubDomains
      x-content-type-options:
      - nosniff
      x-ms-keyvault-network-info:
      - conn_type=Ipv4;addr=167.220.255.22;act_addr_fam=InterNetwork;
      x-ms-keyvault-region:
      - eastus
      x-ms-keyvault-service-version:
      - 1.2.236.0
      x-powered-by:
      - ASP.NET
    status:
      code: 409
      message: Conflict
- request:
    body: '{"value": "ABC123", "tags": {"file-encoding": "utf-8"}, "attributes": {}}'
    headers:
      Accept:
      - application/json
      Accept-Encoding:
      - gzip, deflate
      Connection:
      - keep-alive
      Content-Length:
      - '73'
      Content-Type:
      - application/json; charset=utf-8
      User-Agent:
      - python/3.8.2 (Windows-10-10.0.19041-SP0) msrest/0.6.21 msrest_azure/0.6.3
        azure-keyvault/7.0 Azure-SDK-For-Python
      accept-language:
      - en-US
    method: PUT
    uri: https://cli-test-kv-se-sd-000002.vault.azure.net/secrets/secret1?api-version=7.0
  response:
    body:
      string: '{"error":{"code":"Conflict","message":"Secret secret1 is currently
        being deleted and cannot be re-created; retry later.","innererror":{"code":"ObjectIsBeingDeleted"}}}'
    headers:
      cache-control:
      - no-cache
      content-length:
      - '167'
      content-type:
      - application/json; charset=utf-8
      date:
      - Wed, 14 Apr 2021 05:23:09 GMT
      expires:
      - '-1'
      pragma:
      - no-cache
      strict-transport-security:
      - max-age=31536000;includeSubDomains
      x-content-type-options:
      - nosniff
      x-ms-keyvault-network-info:
      - conn_type=Ipv4;addr=167.220.255.86;act_addr_fam=InterNetwork;
      x-ms-keyvault-region:
      - eastus
      x-ms-keyvault-service-version:
      - 1.2.236.0
      x-powered-by:
      - ASP.NET
    status:
      code: 409
      message: Conflict
- request:
    body: '{"value": "ABC123", "tags": {"file-encoding": "utf-8"}, "attributes": {}}'
    headers:
      Accept:
      - application/json
      Accept-Encoding:
      - gzip, deflate
      Connection:
      - keep-alive
      Content-Length:
      - '73'
      Content-Type:
      - application/json; charset=utf-8
      User-Agent:
      - python/3.8.2 (Windows-10-10.0.19041-SP0) msrest/0.6.21 msrest_azure/0.6.3
        azure-keyvault/7.0 Azure-SDK-For-Python
      accept-language:
      - en-US
    method: PUT
    uri: https://cli-test-kv-se-sd-000002.vault.azure.net/secrets/secret1?api-version=7.0
  response:
    body:
      string: '{"error":{"code":"Conflict","message":"Secret secret1 is currently
        being deleted and cannot be re-created; retry later.","innererror":{"code":"ObjectIsBeingDeleted"}}}'
    headers:
      cache-control:
      - no-cache
      content-length:
      - '167'
      content-type:
      - application/json; charset=utf-8
      date:
      - Wed, 14 Apr 2021 05:23:21 GMT
      expires:
      - '-1'
      pragma:
      - no-cache
      strict-transport-security:
      - max-age=31536000;includeSubDomains
      x-content-type-options:
      - nosniff
      x-ms-keyvault-network-info:
      - conn_type=Ipv4;addr=167.220.255.86;act_addr_fam=InterNetwork;
      x-ms-keyvault-region:
      - eastus
      x-ms-keyvault-service-version:
      - 1.2.236.0
      x-powered-by:
      - ASP.NET
    status:
      code: 409
      message: Conflict
- request:
    body: '{"value": "ABC123", "tags": {"file-encoding": "utf-8"}, "attributes": {}}'
    headers:
      Accept:
      - application/json
      Accept-Encoding:
      - gzip, deflate
      Connection:
      - keep-alive
      Content-Length:
      - '73'
      Content-Type:
      - application/json; charset=utf-8
      User-Agent:
      - python/3.8.2 (Windows-10-10.0.19041-SP0) msrest/0.6.21 msrest_azure/0.6.3
        azure-keyvault/7.0 Azure-SDK-For-Python
      accept-language:
      - en-US
    method: PUT
    uri: https://cli-test-kv-se-sd-000002.vault.azure.net/secrets/secret1?api-version=7.0
  response:
    body:
      string: '{"error":{"code":"Conflict","message":"Secret secret1 is currently
        in a deleted but recoverable state, and its name cannot be reused; in this
        state, the secret can only be recovered or purged.","innererror":{"code":"ObjectIsDeletedButRecoverable"}}}'
    headers:
      cache-control:
      - no-cache
      content-length:
      - '249'
      content-type:
      - application/json; charset=utf-8
      date:
      - Wed, 14 Apr 2021 05:23:33 GMT
      expires:
      - '-1'
      pragma:
      - no-cache
      strict-transport-security:
      - max-age=31536000;includeSubDomains
      x-content-type-options:
      - nosniff
      x-ms-keyvault-network-info:
      - conn_type=Ipv4;addr=167.220.255.86;act_addr_fam=InterNetwork;
      x-ms-keyvault-region:
      - eastus
      x-ms-keyvault-service-version:
      - 1.2.236.0
      x-powered-by:
      - ASP.NET
    status:
      code: 409
      message: Conflict
- request:
    body: '{"value": "ABC123", "tags": {"file-encoding": "utf-8"}, "attributes": {}}'
    headers:
      Accept:
      - application/json
      Accept-Encoding:
      - gzip, deflate
      Connection:
      - keep-alive
      Content-Length:
      - '73'
      Content-Type:
      - application/json; charset=utf-8
      User-Agent:
      - python/3.8.2 (Windows-10-10.0.19041-SP0) msrest/0.6.21 msrest_azure/0.6.3
        azure-keyvault/7.0 Azure-SDK-For-Python
      accept-language:
      - en-US
    method: PUT
    uri: https://cli-test-kv-se-sd-000002.vault.azure.net/secrets/secret1?api-version=7.0
  response:
    body:
      string: '{"error":{"code":"Conflict","message":"Secret secret1 is currently
        in a deleted but recoverable state, and its name cannot be reused; in this
        state, the secret can only be recovered or purged.","innererror":{"code":"ObjectIsDeletedButRecoverable"}}}'
    headers:
      cache-control:
      - no-cache
      content-length:
      - '249'
      content-type:
      - application/json; charset=utf-8
      date:
      - Wed, 14 Apr 2021 05:23:44 GMT
      expires:
      - '-1'
      pragma:
      - no-cache
      strict-transport-security:
      - max-age=31536000;includeSubDomains
      x-content-type-options:
      - nosniff
      x-ms-keyvault-network-info:
      - conn_type=Ipv4;addr=167.220.255.86;act_addr_fam=InterNetwork;
      x-ms-keyvault-region:
      - eastus
      x-ms-keyvault-service-version:
      - 1.2.236.0
      x-powered-by:
      - ASP.NET
    status:
      code: 409
      message: Conflict
- request:
    body: '{"value": "ABC123", "tags": {"file-encoding": "utf-8"}, "attributes": {}}'
    headers:
      Accept:
      - application/json
      Accept-Encoding:
      - gzip, deflate
      Connection:
      - keep-alive
      Content-Length:
      - '73'
      Content-Type:
      - application/json; charset=utf-8
      User-Agent:
      - python/3.8.2 (Windows-10-10.0.19041-SP0) msrest/0.6.21 msrest_azure/0.6.3
        azure-keyvault/7.0 Azure-SDK-For-Python
      accept-language:
      - en-US
    method: PUT
    uri: https://cli-test-kv-se-sd-000002.vault.azure.net/secrets/secret1?api-version=7.0
  response:
    body:
      string: '{"error":{"code":"Conflict","message":"Secret secret1 is currently
        in a deleted but recoverable state, and its name cannot be reused; in this
        state, the secret can only be recovered or purged.","innererror":{"code":"ObjectIsDeletedButRecoverable"}}}'
    headers:
      cache-control:
      - no-cache
      content-length:
      - '249'
      content-type:
      - application/json; charset=utf-8
      date:
      - Wed, 14 Apr 2021 05:23:59 GMT
      expires:
      - '-1'
      pragma:
      - no-cache
      strict-transport-security:
      - max-age=31536000;includeSubDomains
      x-content-type-options:
      - nosniff
      x-ms-keyvault-network-info:
      - conn_type=Ipv4;addr=167.220.255.22;act_addr_fam=InterNetwork;
      x-ms-keyvault-region:
      - eastus
      x-ms-keyvault-service-version:
      - 1.2.236.0
      x-powered-by:
      - ASP.NET
    status:
      code: 409
      message: Conflict
- request:
    body: '{"value": "ABC123", "tags": {"file-encoding": "utf-8"}, "attributes": {}}'
    headers:
      Accept:
      - application/json
      Accept-Encoding:
      - gzip, deflate
      Connection:
      - keep-alive
      Content-Length:
      - '73'
      Content-Type:
      - application/json; charset=utf-8
      User-Agent:
      - python/3.8.2 (Windows-10-10.0.19041-SP0) msrest/0.6.21 msrest_azure/0.6.3
        azure-keyvault/7.0 Azure-SDK-For-Python
      accept-language:
      - en-US
    method: PUT
    uri: https://cli-test-kv-se-sd-000002.vault.azure.net/secrets/secret1?api-version=7.0
  response:
    body:
      string: '{"error":{"code":"Conflict","message":"Secret secret1 is currently
        in a deleted but recoverable state, and its name cannot be reused; in this
        state, the secret can only be recovered or purged.","innererror":{"code":"ObjectIsDeletedButRecoverable"}}}'
    headers:
      cache-control:
      - no-cache
      content-length:
      - '249'
      content-type:
      - application/json; charset=utf-8
      date:
      - Wed, 14 Apr 2021 05:24:10 GMT
      expires:
      - '-1'
      pragma:
      - no-cache
      strict-transport-security:
      - max-age=31536000;includeSubDomains
      x-content-type-options:
      - nosniff
      x-ms-keyvault-network-info:
      - conn_type=Ipv4;addr=167.220.255.22;act_addr_fam=InterNetwork;
      x-ms-keyvault-region:
      - eastus
      x-ms-keyvault-service-version:
      - 1.2.236.0
      x-powered-by:
      - ASP.NET
    status:
      code: 409
      message: Conflict
- request:
    body: '{"value": "ABC123", "tags": {"file-encoding": "utf-8"}, "attributes": {}}'
    headers:
      Accept:
      - application/json
      Accept-Encoding:
      - gzip, deflate
      Connection:
      - keep-alive
      Content-Length:
      - '73'
      Content-Type:
      - application/json; charset=utf-8
      User-Agent:
      - python/3.8.2 (Windows-10-10.0.19041-SP0) msrest/0.6.21 msrest_azure/0.6.3
        azure-keyvault/7.0 Azure-SDK-For-Python
      accept-language:
      - en-US
    method: PUT
    uri: https://cli-test-kv-se-sd-000002.vault.azure.net/secrets/secret1?api-version=7.0
  response:
    body:
      string: '{"error":{"code":"Conflict","message":"Secret secret1 is currently
        in a deleted but recoverable state, and its name cannot be reused; in this
        state, the secret can only be recovered or purged.","innererror":{"code":"ObjectIsDeletedButRecoverable"}}}'
    headers:
      cache-control:
      - no-cache
      content-length:
      - '249'
      content-type:
      - application/json; charset=utf-8
      date:
      - Wed, 14 Apr 2021 05:24:22 GMT
      expires:
      - '-1'
      pragma:
      - no-cache
      strict-transport-security:
      - max-age=31536000;includeSubDomains
      x-content-type-options:
      - nosniff
      x-ms-keyvault-network-info:
      - conn_type=Ipv4;addr=167.220.255.22;act_addr_fam=InterNetwork;
      x-ms-keyvault-region:
      - eastus
      x-ms-keyvault-service-version:
      - 1.2.236.0
      x-powered-by:
      - ASP.NET
    status:
      code: 409
      message: Conflict
- request:
    body: '{"value": "ABC123", "tags": {"file-encoding": "utf-8"}, "attributes": {}}'
    headers:
      Accept:
      - application/json
      Accept-Encoding:
      - gzip, deflate
      Connection:
      - keep-alive
      Content-Length:
      - '73'
      Content-Type:
      - application/json; charset=utf-8
      User-Agent:
      - python/3.8.2 (Windows-10-10.0.19041-SP0) msrest/0.6.21 msrest_azure/0.6.3
        azure-keyvault/7.0 Azure-SDK-For-Python
      accept-language:
      - en-US
    method: PUT
    uri: https://cli-test-kv-se-sd-000002.vault.azure.net/secrets/secret1?api-version=7.0
  response:
    body:
      string: '{"error":{"code":"Conflict","message":"Secret secret1 is currently
        in a deleted but recoverable state, and its name cannot be reused; in this
        state, the secret can only be recovered or purged.","innererror":{"code":"ObjectIsDeletedButRecoverable"}}}'
    headers:
      cache-control:
      - no-cache
      content-length:
      - '249'
      content-type:
      - application/json; charset=utf-8
      date:
      - Wed, 14 Apr 2021 05:24:34 GMT
      expires:
      - '-1'
      pragma:
      - no-cache
      strict-transport-security:
      - max-age=31536000;includeSubDomains
      x-content-type-options:
      - nosniff
      x-ms-keyvault-network-info:
      - conn_type=Ipv4;addr=167.220.255.22;act_addr_fam=InterNetwork;
      x-ms-keyvault-region:
      - eastus
      x-ms-keyvault-service-version:
      - 1.2.236.0
      x-powered-by:
      - ASP.NET
    status:
      code: 409
      message: Conflict
version: 1
