interactions:
- request:
    body: null
    headers:
      Accept:
      - application/json
      Accept-Encoding:
      - gzip, deflate
      CommandName:
      - keyvault show
      Connection:
      - keep-alive
      ParameterSetName:
      - -n -g
      User-Agent:
      - AZURECLI/2.39.0 azsdk-python-azure-mgmt-keyvault/10.1.0 Python/3.10.6 (Linux-5.15.0-1017-azure-x86_64-with-glibc2.31)
        VSTS_0fb41ef4-5012-48a9-bf39-4ee3de03ee35_build_4949_0
    method: GET
    uri: https://management.azure.com/subscriptions/00000000-0000-0000-0000-000000000000/resourceGroups/cli_test_keyvault_secret000001/providers/Microsoft.KeyVault/vaults/cli-test-kv-se-000002?api-version=2022-07-01
  response:
    body:
      string: '{"id":"/subscriptions/00000000-0000-0000-0000-000000000000/resourceGroups/cli_test_keyvault_secret000001/providers/Microsoft.KeyVault/vaults/cli-test-kv-se-000002","name":"cli-test-kv-se-000002","type":"Microsoft.KeyVault/vaults","location":"westus","tags":{},"systemData":{"createdBy":"azureclilivetest@azuresdkteam.onmicrosoft.com","createdByType":"User","createdAt":"2022-08-22T09:48:36.986Z","lastModifiedBy":"azureclilivetest@azuresdkteam.onmicrosoft.com","lastModifiedByType":"User","lastModifiedAt":"2022-08-22T09:48:36.986Z"},"properties":{"sku":{"family":"A","name":"standard"},"tenantId":"54826b22-38d6-4fb2-bad9-b7b93a3e9c5a","accessPolicies":[{"tenantId":"54826b22-38d6-4fb2-bad9-b7b93a3e9c5a","objectId":"6b30bdc6-696a-46fb-82d7-739c2fb147b7","permissions":{"keys":["all"],"secrets":["all"],"certificates":["all"],"storage":["all"]}}],"enabledForDeployment":false,"enableSoftDelete":true,"softDeleteRetentionInDays":7,"vaultUri":"https://cli-test-kv-se-000002.vault.azure.net/","provisioningState":"Succeeded","publicNetworkAccess":"Enabled"}}'
    headers:
      cache-control:
      - no-cache
      content-length:
      - '1056'
      content-type:
      - application/json; charset=utf-8
      date:
      - Mon, 22 Aug 2022 09:49:08 GMT
      expires:
      - '-1'
      pragma:
      - no-cache
      server:
      - Microsoft-IIS/10.0
      strict-transport-security:
      - max-age=31536000; includeSubDomains
      transfer-encoding:
      - chunked
      vary:
      - Accept-Encoding
      x-aspnet-version:
      - 4.0.30319
      x-content-type-options:
      - nosniff
      x-ms-keyvault-service-version:
      - 1.5.486.0
    status:
      code: 200
      message: OK
- request:
    body: null
    headers:
      Accept:
      - application/json
      Accept-Encoding:
      - gzip, deflate
      CommandName:
      - keyvault set-policy
      Connection:
      - keep-alive
      ParameterSetName:
      - -n --object-id --secret-permissions
      User-Agent:
      - AZURECLI/2.39.0 azsdk-python-azure-mgmt-keyvault/10.1.0 Python/3.10.6 (Linux-5.15.0-1017-azure-x86_64-with-glibc2.31)
        VSTS_0fb41ef4-5012-48a9-bf39-4ee3de03ee35_build_4949_0
    method: GET
    uri: https://management.azure.com/subscriptions/00000000-0000-0000-0000-000000000000/resources?$filter=resourceType%20eq%20%27Microsoft.KeyVault%2Fvaults%27&api-version=2015-11-01
  response:
    body:
      string: '{"value":[{"id":"/subscriptions/00000000-0000-0000-0000-000000000000/resourceGroups/bez-rg/providers/Microsoft.KeyVault/vaults/bez-kv","name":"bez-kv","type":"Microsoft.KeyVault/vaults","location":"eastus","tags":{}},{"id":"/subscriptions/00000000-0000-0000-0000-000000000000/resourceGroups/bez-rg/providers/Microsoft.KeyVault/vaults/bez-r","name":"bez-r","type":"Microsoft.KeyVault/vaults","location":"eastus","tags":{}},{"id":"/subscriptions/00000000-0000-0000-0000-000000000000/resourceGroups/cli_test_keyvault_secret000001/providers/Microsoft.KeyVault/vaults/cli-test-kv-se-000002","name":"cli-test-kv-se-000002","type":"Microsoft.KeyVault/vaults","location":"westus","tags":{}},{"id":"/subscriptions/00000000-0000-0000-0000-000000000000/resourceGroups/clitest.rgeb357uqe4rbtll76kafq7auoryspmiuzeyiopbi3txhwiq4ldooz3efcpjpk2lvwv/providers/Microsoft.KeyVault/vaults/sfrp-cli-kv-273ttl26wkbf","name":"sfrp-cli-kv-273ttl26wkbf","type":"Microsoft.KeyVault/vaults","location":"eastasia","tags":{}},{"id":"/subscriptions/00000000-0000-0000-0000-000000000000/resourceGroups/hang-rg/providers/Microsoft.KeyVault/vaults/hangkey","name":"hangkey","type":"Microsoft.KeyVault/vaults","location":"koreasouth","tags":{"kk":"kk"}},{"id":"/subscriptions/00000000-0000-0000-0000-000000000000/resourceGroups/python-sdk-test/providers/Microsoft.KeyVault/vaults/python-devops-key","name":"python-devops-key","type":"Microsoft.KeyVault/vaults","location":"eastus","tags":{}},{"id":"/subscriptions/00000000-0000-0000-0000-000000000000/resourceGroups/python-sdk-test/providers/Microsoft.KeyVault/vaults/SDKAutoPipelineSecrets","name":"SDKAutoPipelineSecrets","type":"Microsoft.KeyVault/vaults","location":"eastus","tags":{}},{"id":"/subscriptions/00000000-0000-0000-0000-000000000000/resourceGroups/yishitest/providers/Microsoft.KeyVault/vaults/ystestkv","name":"ystestkv","type":"Microsoft.KeyVault/vaults","location":"eastus","tags":{}}]}'
    headers:
      cache-control:
      - no-cache
      content-length:
      - '1921'
      content-type:
      - application/json; charset=utf-8
      date:
      - Mon, 22 Aug 2022 09:49:08 GMT
      expires:
      - '-1'
      pragma:
      - no-cache
      strict-transport-security:
      - max-age=31536000; includeSubDomains
      vary:
      - Accept-Encoding
      x-content-type-options:
      - nosniff
    status:
      code: 200
      message: OK
- request:
    body: null
    headers:
      Accept:
      - application/json
      Accept-Encoding:
      - gzip, deflate
      CommandName:
      - keyvault set-policy
      Connection:
      - keep-alive
      ParameterSetName:
      - -n --object-id --secret-permissions
      User-Agent:
      - AZURECLI/2.39.0 azsdk-python-azure-mgmt-keyvault/10.1.0 Python/3.10.6 (Linux-5.15.0-1017-azure-x86_64-with-glibc2.31)
        VSTS_0fb41ef4-5012-48a9-bf39-4ee3de03ee35_build_4949_0
    method: GET
    uri: https://management.azure.com/subscriptions/00000000-0000-0000-0000-000000000000/resourceGroups/cli_test_keyvault_secret000001/providers/Microsoft.KeyVault/vaults/cli-test-kv-se-000002?api-version=2022-07-01
  response:
    body:
      string: '{"id":"/subscriptions/00000000-0000-0000-0000-000000000000/resourceGroups/cli_test_keyvault_secret000001/providers/Microsoft.KeyVault/vaults/cli-test-kv-se-000002","name":"cli-test-kv-se-000002","type":"Microsoft.KeyVault/vaults","location":"westus","tags":{},"systemData":{"createdBy":"azureclilivetest@azuresdkteam.onmicrosoft.com","createdByType":"User","createdAt":"2022-08-22T09:48:36.986Z","lastModifiedBy":"azureclilivetest@azuresdkteam.onmicrosoft.com","lastModifiedByType":"User","lastModifiedAt":"2022-08-22T09:48:36.986Z"},"properties":{"sku":{"family":"A","name":"standard"},"tenantId":"54826b22-38d6-4fb2-bad9-b7b93a3e9c5a","accessPolicies":[{"tenantId":"54826b22-38d6-4fb2-bad9-b7b93a3e9c5a","objectId":"6b30bdc6-696a-46fb-82d7-739c2fb147b7","permissions":{"keys":["all"],"secrets":["all"],"certificates":["all"],"storage":["all"]}}],"enabledForDeployment":false,"enableSoftDelete":true,"softDeleteRetentionInDays":7,"vaultUri":"https://cli-test-kv-se-000002.vault.azure.net/","provisioningState":"Succeeded","publicNetworkAccess":"Enabled"}}'
    headers:
      cache-control:
      - no-cache
      content-length:
      - '1056'
      content-type:
      - application/json; charset=utf-8
      date:
      - Mon, 22 Aug 2022 09:49:08 GMT
      expires:
      - '-1'
      pragma:
      - no-cache
      server:
      - Microsoft-IIS/10.0
      strict-transport-security:
      - max-age=31536000; includeSubDomains
      transfer-encoding:
      - chunked
      vary:
      - Accept-Encoding
      x-aspnet-version:
      - 4.0.30319
      x-content-type-options:
      - nosniff
      x-ms-keyvault-service-version:
      - 1.5.486.0
    status:
      code: 200
      message: OK
- request:
    body: '{"location": "westus", "tags": {}, "properties": {"tenantId": "54826b22-38d6-4fb2-bad9-b7b93a3e9c5a",
      "sku": {"family": "A", "name": "standard"}, "accessPolicies": [{"tenantId":
      "54826b22-38d6-4fb2-bad9-b7b93a3e9c5a", "objectId": "6b30bdc6-696a-46fb-82d7-739c2fb147b7",
      "permissions": {"keys": ["all"], "secrets": ["all", "purge"], "certificates":
      ["all"], "storage": ["all"]}}], "vaultUri": "https://cli-test-kv-se-000002.vault.azure.net/",
      "enabledForDeployment": false, "enableSoftDelete": true, "softDeleteRetentionInDays":
      7, "provisioningState": "Succeeded", "publicNetworkAccess": "Enabled"}}'
    headers:
      Accept:
      - application/json
      Accept-Encoding:
      - gzip, deflate
      CommandName:
      - keyvault set-policy
      Connection:
      - keep-alive
      Content-Length:
      - '599'
      Content-Type:
      - application/json
      ParameterSetName:
      - -n --object-id --secret-permissions
      User-Agent:
      - AZURECLI/2.39.0 azsdk-python-azure-mgmt-keyvault/10.1.0 Python/3.10.6 (Linux-5.15.0-1017-azure-x86_64-with-glibc2.31)
        VSTS_0fb41ef4-5012-48a9-bf39-4ee3de03ee35_build_4949_0
    method: PUT
    uri: https://management.azure.com/subscriptions/00000000-0000-0000-0000-000000000000/resourceGroups/cli_test_keyvault_secret000001/providers/Microsoft.KeyVault/vaults/cli-test-kv-se-000002?api-version=2022-07-01
  response:
    body:
      string: '{"id":"/subscriptions/00000000-0000-0000-0000-000000000000/resourceGroups/cli_test_keyvault_secret000001/providers/Microsoft.KeyVault/vaults/cli-test-kv-se-000002","name":"cli-test-kv-se-000002","type":"Microsoft.KeyVault/vaults","location":"westus","tags":{},"systemData":{"createdBy":"azureclilivetest@azuresdkteam.onmicrosoft.com","createdByType":"User","createdAt":"2022-08-22T09:48:36.986Z","lastModifiedBy":"azureclilivetest@azuresdkteam.onmicrosoft.com","lastModifiedByType":"User","lastModifiedAt":"2022-08-22T09:49:09.445Z"},"properties":{"sku":{"family":"A","name":"standard"},"tenantId":"54826b22-38d6-4fb2-bad9-b7b93a3e9c5a","accessPolicies":[{"tenantId":"54826b22-38d6-4fb2-bad9-b7b93a3e9c5a","objectId":"6b30bdc6-696a-46fb-82d7-739c2fb147b7","permissions":{"keys":["all"],"secrets":["all","purge"],"certificates":["all"],"storage":["all"]}}],"enabledForDeployment":false,"enableSoftDelete":true,"softDeleteRetentionInDays":7,"vaultUri":"https://cli-test-kv-se-000002.vault.azure.net/","provisioningState":"Succeeded","publicNetworkAccess":"Enabled"}}'
    headers:
      cache-control:
      - no-cache
      content-length:
      - '1064'
      content-type:
      - application/json; charset=utf-8
      date:
      - Mon, 22 Aug 2022 09:49:08 GMT
      expires:
      - '-1'
      pragma:
      - no-cache
      server:
      - Microsoft-IIS/10.0
      strict-transport-security:
      - max-age=31536000; includeSubDomains
      transfer-encoding:
      - chunked
      vary:
      - Accept-Encoding
      x-aspnet-version:
      - 4.0.30319
      x-content-type-options:
      - nosniff
      x-ms-keyvault-service-version:
      - 1.5.486.0
      x-ms-ratelimit-remaining-subscription-writes:
      - '1197'
    status:
      code: 200
      message: OK
- request:
    body: ''
    headers:
      Accept:
      - application/json
      Accept-Encoding:
      - gzip, deflate
      Connection:
      - keep-alive
      Content-Length:
      - 0
      Content-Type:
      - application/json; charset=utf-8
      User-Agent:
      - python/3.10.6 (Linux-5.15.0-1017-azure-x86_64-with-glibc2.31) msrest/0.7.0
        VSTS_0fb41ef4-5012-48a9-bf39-4ee3de03ee35_build_4949_0 msrest_azure/0.6.4
        azure-keyvault/7.0 Azure-SDK-For-Python
      accept-language:
      - en-US
    method: PUT
    uri: https://cli-test-kv-se-000002.vault.azure.net/secrets/secret1?api-version=7.0
  response:
    body:
      string: '{"error":{"code":"Unauthorized","message":"AKV10000: Request is missing
        a Bearer or PoP token."}}'
    headers:
      cache-control:
      - no-cache
      content-length:
      - '97'
      content-type:
      - application/json; charset=utf-8
      date:
      - Mon, 22 Aug 2022 09:49:09 GMT
      expires:
      - '-1'
      pragma:
      - no-cache
      strict-transport-security:
      - max-age=31536000;includeSubDomains
      www-authenticate:
      - Bearer authorization="https://login.windows.net/54826b22-38d6-4fb2-bad9-b7b93a3e9c5a",
        resource="https://vault.azure.net"
      x-content-type-options:
      - nosniff
      x-ms-keyvault-network-info:
      - conn_type=Ipv4;addr=20.245.32.152;act_addr_fam=InterNetwork;
      x-ms-keyvault-region:
      - westus
      x-ms-keyvault-service-version:
      - 1.9.501.1
    status:
      code: 401
      message: Unauthorized
- request:
    body: '{"value": "ABC123", "tags": {"file-encoding": "utf-8"}, "attributes": {}}'
    headers:
      Accept:
      - application/json
      Accept-Encoding:
      - gzip, deflate
      Connection:
      - keep-alive
      Content-Length:
      - '73'
      Content-Type:
      - application/json; charset=utf-8
      User-Agent:
      - python/3.10.6 (Linux-5.15.0-1017-azure-x86_64-with-glibc2.31) msrest/0.7.0
        VSTS_0fb41ef4-5012-48a9-bf39-4ee3de03ee35_build_4949_0 msrest_azure/0.6.4
        azure-keyvault/7.0 Azure-SDK-For-Python
      accept-language:
      - en-US
    method: PUT
    uri: https://cli-test-kv-se-000002.vault.azure.net/secrets/secret1?api-version=7.0
  response:
    body:
      string: '{"value":"ABC123","id":"https://cli-test-kv-se-000002.vault.azure.net/secrets/secret1/6c3af014b6394b8c83f2f1b6f87fa862","attributes":{"enabled":true,"created":1661161749,"updated":1661161749,"recoveryLevel":"CustomizedRecoverable+Purgeable"},"tags":{"file-encoding":"utf-8"}}'
    headers:
      cache-control:
      - no-cache
      content-length:
      - '275'
      content-type:
      - application/json; charset=utf-8
      date:
      - Mon, 22 Aug 2022 09:49:09 GMT
      expires:
      - '-1'
      pragma:
      - no-cache
      strict-transport-security:
      - max-age=31536000;includeSubDomains
      x-content-type-options:
      - nosniff
      x-ms-keyvault-network-info:
      - conn_type=Ipv4;addr=20.245.32.152;act_addr_fam=InterNetwork;
      x-ms-keyvault-region:
      - westus
      x-ms-keyvault-service-version:
      - 1.9.501.1
    status:
      code: 200
      message: OK
- request:
    body: '{"value": "123456", "tags": {"file-encoding": "utf-8"}, "attributes": {}}'
    headers:
      Accept:
      - application/json
      Accept-Encoding:
      - gzip, deflate
      Connection:
      - keep-alive
      Content-Length:
      - '73'
      Content-Type:
      - application/json; charset=utf-8
      User-Agent:
      - python/3.10.6 (Linux-5.15.0-1017-azure-x86_64-with-glibc2.31) msrest/0.7.0
        VSTS_0fb41ef4-5012-48a9-bf39-4ee3de03ee35_build_4949_0 msrest_azure/0.6.4
        azure-keyvault/7.0 Azure-SDK-For-Python
      accept-language:
      - en-US
    method: PUT
    uri: https://cli-test-kv-se-000002.vault.azure.net/secrets/secret2?api-version=7.0
  response:
    body:
      string: '{"value":"123456","id":"https://cli-test-kv-se-000002.vault.azure.net/secrets/secret2/763f8fad7f404fd99c052c2288805b92","attributes":{"enabled":true,"created":1661161749,"updated":1661161749,"recoveryLevel":"CustomizedRecoverable+Purgeable"},"tags":{"file-encoding":"utf-8"}}'
    headers:
      cache-control:
      - no-cache
      content-length:
      - '275'
      content-type:
      - application/json; charset=utf-8
      date:
      - Mon, 22 Aug 2022 09:49:09 GMT
      expires:
      - '-1'
      pragma:
      - no-cache
      strict-transport-security:
      - max-age=31536000;includeSubDomains
      x-content-type-options:
      - nosniff
      x-ms-keyvault-network-info:
      - conn_type=Ipv4;addr=20.245.32.152;act_addr_fam=InterNetwork;
      x-ms-keyvault-region:
      - westus
      x-ms-keyvault-service-version:
      - 1.9.501.1
    status:
      code: 200
      message: OK
- request:
    body: null
    headers:
      Accept:
      - application/json
      Accept-Encoding:
      - gzip, deflate
      Connection:
      - keep-alive
      Content-Type:
      - application/json; charset=utf-8
      User-Agent:
      - python/3.10.6 (Linux-5.15.0-1017-azure-x86_64-with-glibc2.31) msrest/0.7.0
        VSTS_0fb41ef4-5012-48a9-bf39-4ee3de03ee35_build_4949_0 msrest_azure/0.6.4
        azure-keyvault/7.0 Azure-SDK-For-Python
      accept-language:
      - en-US
    method: GET
    uri: https://cli-test-kv-se-000002.vault.azure.net/secrets?api-version=7.0
  response:
    body:
      string: '{"value":[{"id":"https://cli-test-kv-se-000002.vault.azure.net/secrets/secret1","attributes":{"enabled":true,"created":1661161749,"updated":1661161749,"recoveryLevel":"CustomizedRecoverable+Purgeable"},"tags":{"file-encoding":"utf-8"}},{"id":"https://cli-test-kv-se-000002.vault.azure.net/secrets/secret2","attributes":{"enabled":true,"created":1661161749,"updated":1661161749,"recoveryLevel":"CustomizedRecoverable+Purgeable"},"tags":{"file-encoding":"utf-8"}}],"nextLink":null}'
    headers:
      cache-control:
      - no-cache
      content-length:
      - '479'
      content-type:
      - application/json; charset=utf-8
      date:
      - Mon, 22 Aug 2022 09:49:09 GMT
      expires:
      - '-1'
      pragma:
      - no-cache
      strict-transport-security:
      - max-age=31536000;includeSubDomains
      x-content-type-options:
      - nosniff
      x-ms-keyvault-network-info:
      - conn_type=Ipv4;addr=20.245.32.152;act_addr_fam=InterNetwork;
      x-ms-keyvault-region:
      - westus
      x-ms-keyvault-service-version:
      - 1.9.501.1
    status:
      code: 200
      message: OK
- request:
    body: null
    headers:
      Accept:
      - application/json
      Accept-Encoding:
      - gzip, deflate
      Connection:
      - keep-alive
      Content-Type:
      - application/json; charset=utf-8
      User-Agent:
      - python/3.10.6 (Linux-5.15.0-1017-azure-x86_64-with-glibc2.31) msrest/0.7.0
        VSTS_0fb41ef4-5012-48a9-bf39-4ee3de03ee35_build_4949_0 msrest_azure/0.6.4
        azure-keyvault/7.0 Azure-SDK-For-Python
      accept-language:
      - en-US
    method: GET
    uri: https://cli-test-kv-se-000002.vault.azure.net/secrets?maxresults=10&api-version=7.0
  response:
    body:
      string: '{"value":[{"id":"https://cli-test-kv-se-000002.vault.azure.net/secrets/secret1","attributes":{"enabled":true,"created":1661161749,"updated":1661161749,"recoveryLevel":"CustomizedRecoverable+Purgeable"},"tags":{"file-encoding":"utf-8"}},{"id":"https://cli-test-kv-se-000002.vault.azure.net/secrets/secret2","attributes":{"enabled":true,"created":1661161749,"updated":1661161749,"recoveryLevel":"CustomizedRecoverable+Purgeable"},"tags":{"file-encoding":"utf-8"}}],"nextLink":null}'
    headers:
      cache-control:
      - no-cache
      content-length:
      - '479'
      content-type:
      - application/json; charset=utf-8
      date:
      - Mon, 22 Aug 2022 09:49:09 GMT
      expires:
      - '-1'
      pragma:
      - no-cache
      strict-transport-security:
      - max-age=31536000;includeSubDomains
      x-content-type-options:
      - nosniff
      x-ms-keyvault-network-info:
      - conn_type=Ipv4;addr=20.245.32.152;act_addr_fam=InterNetwork;
      x-ms-keyvault-region:
      - westus
      x-ms-keyvault-service-version:
      - 1.9.501.1
    status:
      code: 200
      message: OK
- request:
    body: null
    headers:
      Accept:
      - application/json
      Accept-Encoding:
      - gzip, deflate
      Connection:
      - keep-alive
      Content-Type:
      - application/json; charset=utf-8
      User-Agent:
      - python/3.10.6 (Linux-5.15.0-1017-azure-x86_64-with-glibc2.31) msrest/0.7.0
        VSTS_0fb41ef4-5012-48a9-bf39-4ee3de03ee35_build_4949_0 msrest_azure/0.6.4
        azure-keyvault/7.0 Azure-SDK-For-Python
      accept-language:
      - en-US
    method: GET
    uri: https://cli-test-kv-se-000002.vault.azure.net/secrets?maxresults=1&api-version=7.0
  response:
    body:
      string: '{"value":[{"id":"https://cli-test-kv-se-000002.vault.azure.net/secrets/secret1","attributes":{"enabled":true,"created":1661161749,"updated":1661161749,"recoveryLevel":"CustomizedRecoverable+Purgeable"},"tags":{"file-encoding":"utf-8"}}],"nextLink":"https://cli-test-kv-se-000002.vault.azure.net:443/secrets?api-version=7.0&$skiptoken=eyJOZXh0TWFya2VyIjoiMiE4MCFNREF3TURFMElYTmxZM0psZEM5VFJVTlNSVlF5SVRBd01EQXlPQ0U1T1RrNUxURXlMVE14VkRJek9qVTVPalU1TGprNU9UazVPVGxhSVEtLSIsIlRhcmdldExvY2F0aW9uIjowfQ&maxresults=1"}'
    headers:
      cache-control:
      - no-cache
      content-length:
      - '511'
      content-type:
      - application/json; charset=utf-8
      date:
      - Mon, 22 Aug 2022 09:49:10 GMT
      expires:
      - '-1'
      pragma:
      - no-cache
      strict-transport-security:
      - max-age=31536000;includeSubDomains
      x-content-type-options:
      - nosniff
      x-ms-keyvault-network-info:
      - conn_type=Ipv4;addr=20.245.32.152;act_addr_fam=InterNetwork;
      x-ms-keyvault-region:
      - westus
      x-ms-keyvault-service-version:
      - 1.9.501.1
    status:
      code: 200
      message: OK
- request:
    body: ''
    headers:
      Accept:
      - application/json
      Accept-Encoding:
      - gzip, deflate
      Connection:
      - keep-alive
      Content-Length:
      - 0
      Content-Type:
      - application/json; charset=utf-8
      User-Agent:
      - python/3.10.6 (Linux-5.15.0-1017-azure-x86_64-with-glibc2.31) msrest/0.7.0
        VSTS_0fb41ef4-5012-48a9-bf39-4ee3de03ee35_build_4949_0 msrest_azure/0.6.4
        azure-keyvault/7.0 Azure-SDK-For-Python
      accept-language:
      - en-US
    method: GET
    uri: https://cli-test-kv-se-000002.vault.azure.net/secrets?api-version=7.0&$skiptoken=eyJOZXh0TWFya2VyIjoiMiE4MCFNREF3TURFMElYTmxZM0psZEM5VFJVTlNSVlF5SVRBd01EQXlPQ0U1T1RrNUxURXlMVE14VkRJek9qVTVPalU1TGprNU9UazVPVGxhSVEtLSIsIlRhcmdldExvY2F0aW9uIjowfQ&maxresults=1
  response:
    body:
      string: '{"error":{"code":"Unauthorized","message":"AKV10000: Request is missing
        a Bearer or PoP token."}}'
    headers:
      cache-control:
      - no-cache
      content-length:
      - '97'
      content-type:
      - application/json; charset=utf-8
      date:
      - Mon, 22 Aug 2022 09:49:10 GMT
      expires:
      - '-1'
      pragma:
      - no-cache
      strict-transport-security:
      - max-age=31536000;includeSubDomains
      www-authenticate:
      - Bearer authorization="https://login.windows.net/54826b22-38d6-4fb2-bad9-b7b93a3e9c5a",
        resource="https://vault.azure.net"
      x-content-type-options:
      - nosniff
      x-ms-keyvault-network-info:
      - conn_type=Ipv4;addr=20.245.32.152;act_addr_fam=InterNetwork;
      x-ms-keyvault-region:
      - westus
      x-ms-keyvault-service-version:
      - 1.9.501.1
    status:
      code: 401
      message: Unauthorized
- request:
    body: ''
    headers:
      Accept:
      - application/json
      Accept-Encoding:
      - gzip, deflate
      Connection:
      - keep-alive
      Content-Length:
      - 0
      Content-Type:
      - application/json; charset=utf-8
      User-Agent:
      - python/3.10.6 (Linux-5.15.0-1017-azure-x86_64-with-glibc2.31) msrest/0.7.0
        VSTS_0fb41ef4-5012-48a9-bf39-4ee3de03ee35_build_4949_0 msrest_azure/0.6.4
        azure-keyvault/7.0 Azure-SDK-For-Python
      accept-language:
      - en-US
    method: GET
    uri: https://cli-test-kv-se-000002.vault.azure.net/secrets?api-version=7.0&$skiptoken=eyJOZXh0TWFya2VyIjoiMiE4MCFNREF3TURFMElYTmxZM0psZEM5VFJVTlNSVlF5SVRBd01EQXlPQ0U1T1RrNUxURXlMVE14VkRJek9qVTVPalU1TGprNU9UazVPVGxhSVEtLSIsIlRhcmdldExvY2F0aW9uIjowfQ&maxresults=1
  response:
    body:
      string: '{"value":[{"id":"https://cli-test-kv-se-000002.vault.azure.net/secrets/secret2","attributes":{"enabled":true,"created":1661161749,"updated":1661161749,"recoveryLevel":"CustomizedRecoverable+Purgeable"},"tags":{"file-encoding":"utf-8"}}],"nextLink":null}'
    headers:
      cache-control:
      - no-cache
      content-length:
      - '253'
      content-type:
      - application/json; charset=utf-8
      date:
      - Mon, 22 Aug 2022 09:49:10 GMT
      expires:
      - '-1'
      pragma:
      - no-cache
      strict-transport-security:
      - max-age=31536000;includeSubDomains
      x-content-type-options:
      - nosniff
      x-ms-keyvault-network-info:
      - conn_type=Ipv4;addr=20.245.32.152;act_addr_fam=InterNetwork;
      x-ms-keyvault-region:
      - westus
      x-ms-keyvault-service-version:
      - 1.9.501.1
    status:
      code: 200
      message: OK
- request:
    body: '{"value": "DEF456", "tags": {"test": "foo", "file-encoding": "utf-8"},
      "contentType": "test type", "attributes": {}}'
    headers:
      Accept:
      - application/json
      Accept-Encoding:
      - gzip, deflate
      Connection:
      - keep-alive
      Content-Length:
      - '116'
      Content-Type:
      - application/json; charset=utf-8
      User-Agent:
      - python/3.10.6 (Linux-5.15.0-1017-azure-x86_64-with-glibc2.31) msrest/0.7.0
        VSTS_0fb41ef4-5012-48a9-bf39-4ee3de03ee35_build_4949_0 msrest_azure/0.6.4
        azure-keyvault/7.0 Azure-SDK-For-Python
      accept-language:
      - en-US
    method: PUT
    uri: https://cli-test-kv-se-000002.vault.azure.net/secrets/secret1?api-version=7.0
  response:
    body:
      string: '{"value":"DEF456","contentType":"test type","id":"https://cli-test-kv-se-000002.vault.azure.net/secrets/secret1/70aba40825d747d2ac020b9ce085e8d9","attributes":{"enabled":true,"created":1661161751,"updated":1661161751,"recoveryLevel":"CustomizedRecoverable+Purgeable"},"tags":{"test":"foo","file-encoding":"utf-8"}}'
    headers:
      cache-control:
      - no-cache
      content-length:
      - '314'
      content-type:
      - application/json; charset=utf-8
      date:
      - Mon, 22 Aug 2022 09:49:10 GMT
      expires:
      - '-1'
      pragma:
      - no-cache
      strict-transport-security:
      - max-age=31536000;includeSubDomains
      x-content-type-options:
      - nosniff
      x-ms-keyvault-network-info:
      - conn_type=Ipv4;addr=20.245.32.152;act_addr_fam=InterNetwork;
      x-ms-keyvault-region:
      - westus
      x-ms-keyvault-service-version:
      - 1.9.501.1
    status:
      code: 200
      message: OK
- request:
    body: null
    headers:
      Accept:
      - application/json
      Accept-Encoding:
      - gzip, deflate
      Connection:
      - keep-alive
      Content-Type:
      - application/json; charset=utf-8
      User-Agent:
      - python/3.10.6 (Linux-5.15.0-1017-azure-x86_64-with-glibc2.31) msrest/0.7.0
        VSTS_0fb41ef4-5012-48a9-bf39-4ee3de03ee35_build_4949_0 msrest_azure/0.6.4
        azure-keyvault/7.0 Azure-SDK-For-Python
      accept-language:
      - en-US
    method: GET
    uri: https://cli-test-kv-se-000002.vault.azure.net/secrets/secret1/versions?api-version=7.0
  response:
    body:
      string: '{"value":[{"id":"https://cli-test-kv-se-000002.vault.azure.net/secrets/secret1/6c3af014b6394b8c83f2f1b6f87fa862","attributes":{"enabled":true,"created":1661161749,"updated":1661161749,"recoveryLevel":"CustomizedRecoverable+Purgeable"},"tags":{"file-encoding":"utf-8"}},{"contentType":"test
        type","id":"https://cli-test-kv-se-000002.vault.azure.net/secrets/secret1/70aba40825d747d2ac020b9ce085e8d9","attributes":{"enabled":true,"created":1661161751,"updated":1661161751,"recoveryLevel":"CustomizedRecoverable+Purgeable"},"tags":{"test":"foo","file-encoding":"utf-8"}}],"nextLink":null}'
    headers:
      cache-control:
      - no-cache
      content-length:
      - '584'
      content-type:
      - application/json; charset=utf-8
      date:
      - Mon, 22 Aug 2022 09:49:10 GMT
      expires:
      - '-1'
      pragma:
      - no-cache
      strict-transport-security:
      - max-age=31536000;includeSubDomains
      x-content-type-options:
      - nosniff
      x-ms-keyvault-network-info:
      - conn_type=Ipv4;addr=20.245.32.152;act_addr_fam=InterNetwork;
      x-ms-keyvault-region:
      - westus
      x-ms-keyvault-service-version:
      - 1.9.501.1
    status:
      code: 200
      message: OK
- request:
    body: null
    headers:
      Accept:
      - application/json
      Accept-Encoding:
      - gzip, deflate
      Connection:
      - keep-alive
      Content-Type:
      - application/json; charset=utf-8
      User-Agent:
      - python/3.10.6 (Linux-5.15.0-1017-azure-x86_64-with-glibc2.31) msrest/0.7.0
        VSTS_0fb41ef4-5012-48a9-bf39-4ee3de03ee35_build_4949_0 msrest_azure/0.6.4
        azure-keyvault/7.0 Azure-SDK-For-Python
      accept-language:
      - en-US
    method: GET
    uri: https://cli-test-kv-se-000002.vault.azure.net/secrets/secret1/versions?maxresults=10&api-version=7.0
  response:
    body:
      string: '{"value":[{"id":"https://cli-test-kv-se-000002.vault.azure.net/secrets/secret1/6c3af014b6394b8c83f2f1b6f87fa862","attributes":{"enabled":true,"created":1661161749,"updated":1661161749,"recoveryLevel":"CustomizedRecoverable+Purgeable"},"tags":{"file-encoding":"utf-8"}},{"contentType":"test
        type","id":"https://cli-test-kv-se-000002.vault.azure.net/secrets/secret1/70aba40825d747d2ac020b9ce085e8d9","attributes":{"enabled":true,"created":1661161751,"updated":1661161751,"recoveryLevel":"CustomizedRecoverable+Purgeable"},"tags":{"test":"foo","file-encoding":"utf-8"}}],"nextLink":null}'
    headers:
      cache-control:
      - no-cache
      content-length:
      - '584'
      content-type:
      - application/json; charset=utf-8
      date:
      - Mon, 22 Aug 2022 09:49:11 GMT
      expires:
      - '-1'
      pragma:
      - no-cache
      strict-transport-security:
      - max-age=31536000;includeSubDomains
      x-content-type-options:
      - nosniff
      x-ms-keyvault-network-info:
      - conn_type=Ipv4;addr=20.245.32.152;act_addr_fam=InterNetwork;
      x-ms-keyvault-region:
      - westus
      x-ms-keyvault-service-version:
      - 1.9.501.1
    status:
      code: 200
      message: OK
- request:
    body: null
    headers:
      Accept:
      - application/json
      Accept-Encoding:
      - gzip, deflate
      Connection:
      - keep-alive
      Content-Type:
      - application/json; charset=utf-8
      User-Agent:
      - python/3.10.6 (Linux-5.15.0-1017-azure-x86_64-with-glibc2.31) msrest/0.7.0
        VSTS_0fb41ef4-5012-48a9-bf39-4ee3de03ee35_build_4949_0 msrest_azure/0.6.4
        azure-keyvault/7.0 Azure-SDK-For-Python
      accept-language:
      - en-US
    method: GET
    uri: https://cli-test-kv-se-000002.vault.azure.net/secrets/secret1/versions?maxresults=1&api-version=7.0
  response:
    body:
      string: '{"value":[{"id":"https://cli-test-kv-se-000002.vault.azure.net/secrets/secret1/6c3af014b6394b8c83f2f1b6f87fa862","attributes":{"enabled":true,"created":1661161749,"updated":1661161749,"recoveryLevel":"CustomizedRecoverable+Purgeable"},"tags":{"file-encoding":"utf-8"}}],"nextLink":"https://cli-test-kv-se-000002.vault.azure.net:443/secrets/secret1/versions?api-version=7.0&$skiptoken=eyJOZXh0TWFya2VyIjoiMiExMjQhTURBd01EUTNJWE5sWTNKbGRDOVRSVU5TUlZReEx6Y3dRVUpCTkRBNE1qVkVOelEzUkRKQlF6QXlNRUk1UTBVd09EVkZPRVE1SVRBd01EQXlPQ0U1T1RrNUxURXlMVE14VkRJek9qVTVPalU1TGprNU9UazVPVGxhSVEtLSIsIlRhcmdldExvY2F0aW9uIjowfQ&maxresults=1"}'
    headers:
      cache-control:
      - no-cache
      content-length:
      - '621'
      content-type:
      - application/json; charset=utf-8
      date:
      - Mon, 22 Aug 2022 09:49:11 GMT
      expires:
      - '-1'
      pragma:
      - no-cache
      strict-transport-security:
      - max-age=31536000;includeSubDomains
      x-content-type-options:
      - nosniff
      x-ms-keyvault-network-info:
      - conn_type=Ipv4;addr=20.245.32.152;act_addr_fam=InterNetwork;
      x-ms-keyvault-region:
      - westus
      x-ms-keyvault-service-version:
      - 1.9.501.1
    status:
      code: 200
      message: OK
- request:
    body: null
    headers:
      Accept:
      - application/json
      Accept-Encoding:
      - gzip, deflate
      Connection:
      - keep-alive
      Content-Type:
      - application/json; charset=utf-8
      User-Agent:
      - python/3.10.6 (Linux-5.15.0-1017-azure-x86_64-with-glibc2.31) msrest/0.7.0
        VSTS_0fb41ef4-5012-48a9-bf39-4ee3de03ee35_build_4949_0 msrest_azure/0.6.4
        azure-keyvault/7.0 Azure-SDK-For-Python
      accept-language:
      - en-US
    method: GET
    uri: https://cli-test-kv-se-000002.vault.azure.net/secrets/secret1/versions?api-version=7.0&$skiptoken=eyJOZXh0TWFya2VyIjoiMiExMjQhTURBd01EUTNJWE5sWTNKbGRDOVRSVU5TUlZReEx6Y3dRVUpCTkRBNE1qVkVOelEzUkRKQlF6QXlNRUk1UTBVd09EVkZPRVE1SVRBd01EQXlPQ0U1T1RrNUxURXlMVE14VkRJek9qVTVPalU1TGprNU9UazVPVGxhSVEtLSIsIlRhcmdldExvY2F0aW9uIjowfQ&maxresults=1
  response:
    body:
      string: '{"value":[{"contentType":"test type","id":"https://cli-test-kv-se-000002.vault.azure.net/secrets/secret1/70aba40825d747d2ac020b9ce085e8d9","attributes":{"enabled":true,"created":1661161751,"updated":1661161751,"recoveryLevel":"CustomizedRecoverable+Purgeable"},"tags":{"test":"foo","file-encoding":"utf-8"}}],"nextLink":null}'
    headers:
      cache-control:
      - no-cache
      content-length:
      - '325'
      content-type:
      - application/json; charset=utf-8
      date:
      - Mon, 22 Aug 2022 09:49:10 GMT
      expires:
      - '-1'
      pragma:
      - no-cache
      strict-transport-security:
      - max-age=31536000;includeSubDomains
      x-content-type-options:
      - nosniff
      x-ms-keyvault-network-info:
      - conn_type=Ipv4;addr=20.245.32.152;act_addr_fam=InterNetwork;
      x-ms-keyvault-region:
      - westus
      x-ms-keyvault-service-version:
      - 1.9.501.1
    status:
      code: 200
      message: OK
- request:
    body: null
    headers:
      Accept:
      - application/json
      Accept-Encoding:
      - gzip, deflate
      Connection:
      - keep-alive
      Content-Type:
      - application/json; charset=utf-8
      User-Agent:
      - python/3.10.6 (Linux-5.15.0-1017-azure-x86_64-with-glibc2.31) msrest/0.7.0
        VSTS_0fb41ef4-5012-48a9-bf39-4ee3de03ee35_build_4949_0 msrest_azure/0.6.4
        azure-keyvault/7.0 Azure-SDK-For-Python
      accept-language:
      - en-US
    method: GET
    uri: https://cli-test-kv-se-000002.vault.azure.net/secrets/secret1/?api-version=7.0
  response:
    body:
      string: '{"value":"DEF456","contentType":"test type","id":"https://cli-test-kv-se-000002.vault.azure.net/secrets/secret1/70aba40825d747d2ac020b9ce085e8d9","attributes":{"enabled":true,"created":1661161751,"updated":1661161751,"recoveryLevel":"CustomizedRecoverable+Purgeable"},"tags":{"test":"foo","file-encoding":"utf-8"}}'
    headers:
      cache-control:
      - no-cache
      content-length:
      - '314'
      content-type:
      - application/json; charset=utf-8
      date:
      - Mon, 22 Aug 2022 09:49:11 GMT
      expires:
      - '-1'
      pragma:
      - no-cache
      strict-transport-security:
      - max-age=31536000;includeSubDomains
      x-content-type-options:
      - nosniff
      x-ms-keyvault-network-info:
      - conn_type=Ipv4;addr=20.245.32.152;act_addr_fam=InterNetwork;
      x-ms-keyvault-region:
      - westus
      x-ms-keyvault-service-version:
      - 1.9.501.1
    status:
      code: 200
      message: OK
- request:
    body: null
    headers:
      Accept:
      - application/json
      Accept-Encoding:
      - gzip, deflate
      Connection:
      - keep-alive
      Content-Type:
      - application/json; charset=utf-8
      User-Agent:
      - python/3.10.6 (Linux-5.15.0-1017-azure-x86_64-with-glibc2.31) msrest/0.7.0
        VSTS_0fb41ef4-5012-48a9-bf39-4ee3de03ee35_build_4949_0 msrest_azure/0.6.4
        azure-keyvault/7.0 Azure-SDK-For-Python
      accept-language:
      - en-US
    method: GET
    uri: https://cli-test-kv-se-000002.vault.azure.net/secrets/secret1/6c3af014b6394b8c83f2f1b6f87fa862?api-version=7.0
  response:
    body:
      string: '{"value":"ABC123","id":"https://cli-test-kv-se-000002.vault.azure.net/secrets/secret1/6c3af014b6394b8c83f2f1b6f87fa862","attributes":{"enabled":true,"created":1661161749,"updated":1661161749,"recoveryLevel":"CustomizedRecoverable+Purgeable"},"tags":{"file-encoding":"utf-8"}}'
    headers:
      cache-control:
      - no-cache
      content-length:
      - '275'
      content-type:
      - application/json; charset=utf-8
      date:
      - Mon, 22 Aug 2022 09:49:11 GMT
      expires:
      - '-1'
      pragma:
      - no-cache
      strict-transport-security:
      - max-age=31536000;includeSubDomains
      x-content-type-options:
      - nosniff
      x-ms-keyvault-network-info:
      - conn_type=Ipv4;addr=20.245.32.152;act_addr_fam=InterNetwork;
      x-ms-keyvault-region:
      - westus
      x-ms-keyvault-service-version:
      - 1.9.501.1
    status:
      code: 200
      message: OK
- request:
    body: null
    headers:
      Accept:
      - application/json
      Accept-Encoding:
      - gzip, deflate
      Connection:
      - keep-alive
      Content-Type:
      - application/json; charset=utf-8
      User-Agent:
      - python/3.10.6 (Linux-5.15.0-1017-azure-x86_64-with-glibc2.31) msrest/0.7.0
        VSTS_0fb41ef4-5012-48a9-bf39-4ee3de03ee35_build_4949_0 msrest_azure/0.6.4
        azure-keyvault/7.0 Azure-SDK-For-Python
      accept-language:
      - en-US
    method: GET
    uri: https://cli-test-kv-se-000002.vault.azure.net/secrets/secret1/6c3af014b6394b8c83f2f1b6f87fa862?api-version=7.0
  response:
    body:
      string: '{"value":"ABC123","id":"https://cli-test-kv-se-000002.vault.azure.net/secrets/secret1/6c3af014b6394b8c83f2f1b6f87fa862","attributes":{"enabled":true,"created":1661161749,"updated":1661161749,"recoveryLevel":"CustomizedRecoverable+Purgeable"},"tags":{"file-encoding":"utf-8"}}'
    headers:
      cache-control:
      - no-cache
      content-length:
      - '275'
      content-type:
      - application/json; charset=utf-8
      date:
      - Mon, 22 Aug 2022 09:49:11 GMT
      expires:
      - '-1'
      pragma:
      - no-cache
      strict-transport-security:
      - max-age=31536000;includeSubDomains
      x-content-type-options:
      - nosniff
      x-ms-keyvault-network-info:
      - conn_type=Ipv4;addr=20.245.32.152;act_addr_fam=InterNetwork;
      x-ms-keyvault-region:
      - westus
      x-ms-keyvault-service-version:
      - 1.9.501.1
    status:
      code: 200
      message: OK
- request:
    body: '{"attributes": {"enabled": false}}'
    headers:
      Accept:
      - application/json
      Accept-Encoding:
      - gzip, deflate
      Connection:
      - keep-alive
      Content-Length:
      - '34'
      Content-Type:
      - application/json; charset=utf-8
      User-Agent:
      - python/3.10.6 (Linux-5.15.0-1017-azure-x86_64-with-glibc2.31) msrest/0.7.0
        VSTS_0fb41ef4-5012-48a9-bf39-4ee3de03ee35_build_4949_0 msrest_azure/0.6.4
        azure-keyvault/7.0 Azure-SDK-For-Python
      accept-language:
      - en-US
    method: PATCH
    uri: https://cli-test-kv-se-000002.vault.azure.net/secrets/secret1/?api-version=7.0
  response:
    body:
      string: '{"contentType":"test type","id":"https://cli-test-kv-se-000002.vault.azure.net/secrets/secret1/70aba40825d747d2ac020b9ce085e8d9","attributes":{"enabled":false,"created":1661161751,"updated":1661161752,"recoveryLevel":"CustomizedRecoverable+Purgeable"},"tags":{"test":"foo","file-encoding":"utf-8"}}'
    headers:
      cache-control:
      - no-cache
      content-length:
      - '298'
      content-type:
      - application/json; charset=utf-8
      date:
      - Mon, 22 Aug 2022 09:49:12 GMT
      expires:
      - '-1'
      pragma:
      - no-cache
      strict-transport-security:
      - max-age=31536000;includeSubDomains
      x-content-type-options:
      - nosniff
      x-ms-keyvault-network-info:
      - conn_type=Ipv4;addr=20.245.32.152;act_addr_fam=InterNetwork;
      x-ms-keyvault-region:
      - westus
      x-ms-keyvault-service-version:
      - 1.9.501.1
    status:
      code: 200
      message: OK
- request:
    body: null
    headers:
      Accept:
      - application/json
      Accept-Encoding:
      - gzip, deflate
      Connection:
      - keep-alive
      Content-Length:
      - '0'
      Content-Type:
      - application/json; charset=utf-8
      User-Agent:
      - python/3.10.6 (Linux-5.15.0-1017-azure-x86_64-with-glibc2.31) msrest/0.7.0
        VSTS_0fb41ef4-5012-48a9-bf39-4ee3de03ee35_build_4949_0 msrest_azure/0.6.4
        azure-keyvault/7.0 Azure-SDK-For-Python
      accept-language:
      - en-US
    method: POST
    uri: https://cli-test-kv-se-000002.vault.azure.net/secrets/secret1/backup?api-version=7.0
  response:
    body:
      string: '{"value":"KUF6dXJlS2V5VmF1bHRTZWNyZXRCYWNrdXBWMS5taWNyb3NvZnQuY29tZXlKcmFXUWlPaUkwTXpnMVlqQTNZaTFrTlRRM0xUUXlaVFV0WVdVNVpTMDJNVEJrWXpNNVpHWmhaamdpTENKaGJHY2lPaUpTVTBFdFQwRkZVQzB5TlRZaUxDSmxibU1pT2lKQk1qVTJRMEpETFVoVE5URXlJbjAuUGNtQ3hZWHlPN2RzS1J6NHdqNG5uWDUxT2ZhMlhMaVd0US1IWGwyclRidWVjUjdNUzRnUEx2NWZPQlpQcUpmY1Y3TFVtb21TRGROMm5PYm16eXYzcXNFU1k0bGRlMXpDX1A2QXRINWtRY1g2NkREeTM0V190clltME1EOWotaEVZcXh6VWQ0cGs3aTRhV2xzQ3cxTHR2UlhTZ1pOS1lyelAzU2VRZy1QdW9BcVVKbjRiTF9qTjJiZktaNldhT1Ryd0JqNlZnSUwzcmRPc09CUzVOdVNMSnpobVpsQkF4alRNS1NWQm1yOERtVWpESVplckd0UUlqUWJxSmxaY0tSX3hJZkkwRGVzN2w4ZUhxRXhoQlhfYVdSeURZdFVFNUZxamI3YUhsUUN6MWxZa1I2NDhKT3BibmNfUFc4YklGMFlrcFVqcS01TElEWFpYOXYzMW9GR3d3LmVsTWV4cHdNY3ppMlU5dHg1ZTBseFEuRzBhZmtOZVBGNGhNWVlrYVkzZGg3dmxyVW1sdTkxZ2tHRTUtQlFNaUtyRzlkTG1GOS1TcFl6UUNoQVFNVVR3YWpQYzFhbzBpdWhyVW13U1pQb3p3QzV4TDZEaFhyakEyU3VHc2FrcE1HZHhjSkI3RzRhWjVSVkJ4OHhuXzVEd180bGRza1FVVFUwSXFGVHgxVkNtWVVYcFV3d3pUZ2MyenNBZFFMTFJHbWpuS0JfNk5lTnpHcHdPNldjYTdoUmtNT1JSNVlTOVJ5dDRqZll3VW16UTByVlVMbml6dUFHTzlUaVFLMkFHcFJUM0o1Ynk0dGxibGNxcFhLNVV3N1VPU3NPSXVGRE5EbXlYeFZoYlluY2xvWGVITTdjcEx4bXNRRHVoVmlBVXJpZ1lRWEJGQUY0dUpONDItYVRfUHZjamZubmF2ZllnVmhqSWJEcE11OTB2dE1Dbmw5Uk1jcGZSX3M2cXVsOVZxbmJzMlAwSU1sSWhBRE01eDd6QkkwWU5SRWl0TGY4QTZiOHJYVFFlX1NrcU8yZmtlQXVQVU9nbVRTQ2JyNXdNWWJoYllVZWlMcFFfcmZpQ3QyUlVPS3plNUdXNG1UdW1RR0czM0tGQlJoa2JoaWp4WGZ6UVM4ZlhiQWdOZkRGcExQakRfYTZ5MzFobll2R3QyV1lpV1BRZW53ZWxrV08ycGgwZGtxaW8wOElUX05VYmgtNGpwMlBibDNRTG00aldCQmFZT2Zja0JTek9oVzBFTGFBMWpuN1liYU5hMFl5cWpnNWU3Y2E4cWR4TEpYcXJOOXhZUVJKRTliMXdYbUdEUXU2RUtIV0swVlJULUl1VFVnYThTSDBUZGd0WG5GRjhUT3EyVDFZUGRBdmdxNnJNb2k2WWNxRXlnVnNBaHFwZHcwYXJSNzk3VnVIU1Bmem11VkxiOFA0OEttWlFYT3RIc2llNmZKNG51Ri1IMlk2eWhkaVFhcHpKeHZzSVkxLU5wVHNoVHMtQ3Y4T09oVF9LWjZ2R0xVTzFLNmxlYXpRb19kYXRTZ2oxa1Z6ZUI2TG41cTV6Q2VuR3YtTVdHVDVxVHNMZXRza0VqSkxKdFVDYmxoSmZHZXRLZjE5X2oxNzBRQmo5djZBX3V5cUEyQnk3VTFuU3E5S093WHQ3THJfLWZKRjRIYjJCM2l2UnN3UnVSTGRwTDFyZ3gtaFhEQzJHZXJTcTc4eE5qOEhRd2d3eENMZzJoZXRqXzNlVXZoUEtYVmQ2M21mc0M1bmhsSGhyTVVwWEhqT3FwcFNMWXdWaG00VXJYdUg3MlNWTTJSUUdKTTBMZ1g1VjNYeUxNV0lUOEg1dVp2Nnl5bGNCTkJaQVJTVGRnSEJtUmxBSWdIYkpwQkxNemttcWZHQWZTVDl0TjlHekR1OElTV3lHcDlremRkYmtna3liQmI3c2FEcFZ1VGZYM2ZaX0w3TklFdEhId2xEeVU3V3ZnZHZ2bG1NWEpBVHlEc0dOMUxHQ2RoQUdhUkp3TVJfR0dxM1F5LXE1aEphZDJfMllQbzUtRnY3elJGUzU2ZTZKd3luN3czRHZhSFFIRlNGVXp3V1F1N0hWbF8zSHZqZ20tQkIzZ0FVOGZjcVZrMExLYTVxRHJDV3Joam9zblRuWEF4Nk9odm5qa1V5M3FqRENpZkxqRkNBekIyVXpZelQ5cnBXTkNvM3VrOU5KdVNpR2p1a0dHakxHbGZLRFd4OUhkeHlGY0tUZDRKNGdOa1M1U2lXa3l0SW0tbHNiTWxqM1dPdEZsUDFoZXJ6aXdrRWljNHhvNk1BcU8ycnF2UHlLRFBTenhQejJhdUxvY2lFU0RNN0ZQQVpkTDdCYWpQVTk0eU42WHh0YlB4Q0c4emxNSDc0S082bTM3VFBLZEFqaDJDblFHOV9LNkVfQTFxeHBVc2ljei1rSzRzYXB3a2F6N1hlT0IyTzQ5dE5Qa3BjSEVFU2d3T05US0VDcE80ZTltejRYWGsxYUlhdm15UnRjVzgxankydlRaX0lVMkE2X0wtb0dZWWM5d3MwaS02REV5djVrWnZKZG1KU3p4Q1RuN0cxZEZ6N2JEd1ZJN2twVzEzODhjT0I4dHVqT2lKX2xZMlNmTWpXUDg3NTMyZHJZalJ1Wm9rbFZjQTl1MnJlUHZTMnBSN3oteWMxMmZfaVZrWlRRbzl5RlNwYk5QTXlubDhGRTdvVEJ5ek1NLVM4UnNMSF9kQjdhamFNeW9iXzFlNHJ6SDJkMmZVek91Z3M2UEQ3RlhiQlVQOV93WkhZa0o2OWc3NTAyZ1R5RnRvZlU4ZkFwbXdNSFFBMWs4YmZPNTljZTFpcVFoVXVLMHozb0hvXzJLMFZxQ1RKYzFCVnFlMHU4bUw5MV85Wk9sb2x5eDNYVlpEM0xKWXhlWVdCc0U1Mldna3BGdkpaOU5qd3hSMnBDTlVqOGNFMEd4YzZjNHNEb1hSUUtYSWw3NHdhck5lNUhOQXMwQXZaZXJtUnNxNFQ5RjctZ1F5MXYxSGVFbVpZc1EyY1czMFJKR1hhZWloLUJUeUt3VTU1Q20tT2R0cXNweWFYeEdBTDBCR3QtLXFCMGt3a09fSG5wOFF5MVg1YWhlNGlBaVRPaDJfbUFycnJyb1E4OTlHbTVjNWZWYUZ4ZXNoVUxZamdGY19Wcnl3RjJuaVl1Rjhhc2Q3aFZHTC1pZy0tUjA3Wkg2dE9pMG1oMTVXLU5Ha2p5T3h4ZEM2MDBZdVJCc3B3OF9uVldnTGVYTVU4Ry1NOEhoYVZCU3Y2d0c5aEdZNzFGY0NZbmlGazBwWXdtUFhjamFYMWwycElGVWNOeWtYMFRodmRrM1Q1MWhPWkU2TWRIY2hMSEttYm5kV0FzXzJtR1kzLXNXTDB3XzViS3V3RTZJV3Z5cTBZcEh4SjZmcUZ3RFJKbTBtZzFEUHNoWEhFamVqX0pBMm12LUNGVTdJNEJwQndPaEN0T1U3Y0JKa2E4ajk4Z0VoRXFlVndYTUJpUjBRc25iR1U1RFc1dXo2Z18wUXh3WTNtWVRxdGl4UTNOZUs4SHVUQlFkNlNib0NOV2ItdkVYb1NxSDM0bm5CaFk3S0EwdUZmN3FKN18zQWg3YVlqYkpQbTZCa3FONDVMelNTbFJVcHR1QjEwdVpNcS1ZRzFtbXNraUtWVUxyZl9rTzBvaXdNVExwQ1NqcVFQM2dpVWNvY2xxRWpFbE1waUplVkMwQW5vLXl0VmRpUVFoeHBFYjJGbUtYZlJCNXRtbjBnOHoybDhyMXZLVTlROUtwbjI5Mmt2NjRZcU9PSXdoZDNZYjAxUDdReGdTNmdod2o5Z19NdjUzeFQtcDZQazhoOHRJMTdYalR2TUk1OEY5R1FYZjU2bTZqSllJNkhNYkNHWHJwQWlsdkFsU1J0Y3VaOUlsaFNGRWQwVXB0enA0X1BQMjRIUzBhb1ZKNERwbzRPZ2tEV0RUdk1LVVpZWms2M2kybE9NX0VfLWxIQk56U0NYSXJKWkpOMF84cVFVcE5NTXdJMFJKdUNLR3k5MGhBZjN2Y3EwV29WUFFDdTdUQ0xXZFQzTzZnT0Exc3dZZk82NENrN1p6QVlIQUZWVzFvVGVNaC1WcEpnRzdNS292dnY0UTB4Wk1TR2xRVHR5eXJpTk5MeW5aYjYtaG9QajNnUlYyTEhsaEFEUmhDVFI2aXBnSXM1cUJqR3RxOTU4UHVfVGRxZ1ByWWZEdFl4UjI5ay1neVhXTVpZRTExdjFTTjVDeWlWOFNpYUxHeWZkOG1hdUdVckcyMUlyN092QzNfWF8wcE9zdDg0WjZ4VG9FM1IzYkEyLUE2S05oeGFkUDJxMGhsaUFBWjJ5SnVtX3dyeks1QXc4QkpmUmRHRHcwdzdMRWpuUWw4T2IxOWNCZmRkRmR5MnhmQjY0N1B0NFBBUWhxV0xXeUxtYXFnVDkxNEtqNEU2Wld6UUtJck5IdUdSZklDN3E3TGZqMjJwZGVxUEhuQUd3QUItRHB2Nzg0WGJYMlEwYlVMVEFpMEFtRFZVcE56dUJySG0tUGM3Qi1ZcTRRV2huSzhrNl9UUlY5dkdZU1NVNnlCTG9TTHBQa3UzSEpwQ01CeXVEUVZzcXJYVEZlbU1ZXzU2WXJ2RkxQZDhrQU8wemZ5QzFqdjBDRlA5anFvYjRqMGhKd0pGOW04dmZReVNjclpxLUo3bU5odTZSNC1EeTdDLUJ0T0xHVFNzb0VwNUJBWXM2N0ZrQ29hU2Q3RFNzNWl0amtVM1BHUWRkejhqMGpPXzhtWWNZbmhRdVdwT2RYM19hVXBfYVA3UHBCNjVJWU5nbVo2ejIxUnFYRFRDZngxaGFxLWNWVHpURzN1LkJhSzV0X2p3cEhiVERvN2s2dTVTSGRhVzFyM2FzVUIzYWJYUklRSkJtMFE"}'
    headers:
      cache-control:
      - no-cache
      content-length:
      - '5127'
      content-type:
      - application/json; charset=utf-8
      date:
      - Mon, 22 Aug 2022 09:49:12 GMT
      expires:
      - '-1'
      pragma:
      - no-cache
      strict-transport-security:
      - max-age=31536000;includeSubDomains
      x-content-type-options:
      - nosniff
      x-ms-keyvault-network-info:
      - conn_type=Ipv4;addr=20.245.32.152;act_addr_fam=InterNetwork;
      x-ms-keyvault-region:
      - westus
      x-ms-keyvault-service-version:
      - 1.9.501.1
    status:
      code: 200
      message: OK
- request:
    body: null
    headers:
      Accept:
      - application/json
      Accept-Encoding:
      - gzip, deflate
      Connection:
      - keep-alive
      Content-Length:
      - '0'
      Content-Type:
      - application/json; charset=utf-8
      User-Agent:
      - python/3.10.6 (Linux-5.15.0-1017-azure-x86_64-with-glibc2.31) msrest/0.7.0
        VSTS_0fb41ef4-5012-48a9-bf39-4ee3de03ee35_build_4949_0 msrest_azure/0.6.4
        azure-keyvault/7.0 Azure-SDK-For-Python
      accept-language:
      - en-US
    method: DELETE
    uri: https://cli-test-kv-se-000002.vault.azure.net/secrets/secret1?api-version=7.0
  response:
    body:
      string: '{"recoveryId":"https://cli-test-kv-se-000002.vault.azure.net/deletedsecrets/secret1","deletedDate":1661161753,"scheduledPurgeDate":1661766553,"contentType":"test
        type","id":"https://cli-test-kv-se-000002.vault.azure.net/secrets/secret1/70aba40825d747d2ac020b9ce085e8d9","attributes":{"enabled":false,"created":1661161751,"updated":1661161752,"recoveryLevel":"CustomizedRecoverable+Purgeable"},"tags":{"test":"foo","file-encoding":"utf-8"}}'
    headers:
      cache-control:
      - no-cache
      content-length:
      - '439'
      content-type:
      - application/json; charset=utf-8
      date:
      - Mon, 22 Aug 2022 09:49:12 GMT
      expires:
      - '-1'
      pragma:
      - no-cache
      strict-transport-security:
      - max-age=31536000;includeSubDomains
      x-content-type-options:
      - nosniff
      x-ms-keyvault-network-info:
      - conn_type=Ipv4;addr=20.245.32.152;act_addr_fam=InterNetwork;
      x-ms-keyvault-region:
      - westus
      x-ms-keyvault-service-version:
      - 1.9.501.1
    status:
      code: 200
      message: OK
- request:
    body: null
    headers:
      Accept:
      - application/json
      Accept-Encoding:
      - gzip, deflate
      Connection:
      - keep-alive
      Content-Length:
      - '0'
      Content-Type:
      - application/json; charset=utf-8
      User-Agent:
      - python/3.10.6 (Linux-5.15.0-1017-azure-x86_64-with-glibc2.31) msrest/0.7.0
        VSTS_0fb41ef4-5012-48a9-bf39-4ee3de03ee35_build_4949_0 msrest_azure/0.6.4
        azure-keyvault/7.0 Azure-SDK-For-Python
      accept-language:
      - en-US
    method: DELETE
    uri: https://cli-test-kv-se-000002.vault.azure.net/deletedsecrets/secret1?api-version=7.0
  response:
    body:
      string: ''
    headers:
      cache-control:
      - no-cache
      date:
      - Mon, 22 Aug 2022 09:50:12 GMT
      expires:
      - '-1'
      pragma:
      - no-cache
      strict-transport-security:
      - max-age=31536000;includeSubDomains
      x-content-type-options:
      - nosniff
      x-ms-keyvault-network-info:
      - conn_type=Ipv4;addr=20.245.32.152;act_addr_fam=InterNetwork;
      x-ms-keyvault-region:
      - westus
      x-ms-keyvault-service-version:
      - 1.9.501.1
    status:
      code: 204
      message: No Content
- request:
    body: null
    headers:
      Accept:
      - application/json
      Accept-Encoding:
      - gzip, deflate
      Connection:
      - keep-alive
      Content-Length:
      - '0'
      Content-Type:
      - application/json; charset=utf-8
      User-Agent:
      - python/3.10.6 (Linux-5.15.0-1017-azure-x86_64-with-glibc2.31) msrest/0.7.0
        VSTS_0fb41ef4-5012-48a9-bf39-4ee3de03ee35_build_4949_0 msrest_azure/0.6.4
        azure-keyvault/7.0 Azure-SDK-For-Python
      accept-language:
      - en-US
    method: DELETE
    uri: https://cli-test-kv-se-000002.vault.azure.net/secrets/secret2?api-version=7.0
  response:
    body:
      string: '{"recoveryId":"https://cli-test-kv-se-000002.vault.azure.net/deletedsecrets/secret2","deletedDate":1661161873,"scheduledPurgeDate":1661766673,"id":"https://cli-test-kv-se-000002.vault.azure.net/secrets/secret2/763f8fad7f404fd99c052c2288805b92","attributes":{"enabled":true,"created":1661161749,"updated":1661161749,"recoveryLevel":"CustomizedRecoverable+Purgeable"},"tags":{"file-encoding":"utf-8"}}'
    headers:
      cache-control:
      - no-cache
      content-length:
      - '399'
      content-type:
      - application/json; charset=utf-8
      date:
      - Mon, 22 Aug 2022 09:51:13 GMT
      expires:
      - '-1'
      pragma:
      - no-cache
      strict-transport-security:
      - max-age=31536000;includeSubDomains
      x-content-type-options:
      - nosniff
      x-ms-keyvault-network-info:
      - conn_type=Ipv4;addr=20.245.32.152;act_addr_fam=InterNetwork;
      x-ms-keyvault-region:
      - westus
      x-ms-keyvault-service-version:
      - 1.9.501.1
    status:
      code: 200
      message: OK
- request:
    body: null
    headers:
      Accept:
      - application/json
      Accept-Encoding:
      - gzip, deflate
      Connection:
      - keep-alive
      Content-Type:
      - application/json; charset=utf-8
      User-Agent:
      - python/3.10.6 (Linux-5.15.0-1017-azure-x86_64-with-glibc2.31) msrest/0.7.0
        VSTS_0fb41ef4-5012-48a9-bf39-4ee3de03ee35_build_4949_0 msrest_azure/0.6.4
        azure-keyvault/7.0 Azure-SDK-For-Python
      accept-language:
      - en-US
    method: GET
    uri: https://cli-test-kv-se-000002.vault.azure.net/secrets?api-version=7.0
  response:
    body:
      string: '{"value":[],"nextLink":null}'
    headers:
      cache-control:
      - no-cache
      content-length:
      - '28'
      content-type:
      - application/json; charset=utf-8
      date:
      - Mon, 22 Aug 2022 09:51:13 GMT
      expires:
      - '-1'
      pragma:
      - no-cache
      strict-transport-security:
      - max-age=31536000;includeSubDomains
      x-content-type-options:
      - nosniff
      x-ms-keyvault-network-info:
      - conn_type=Ipv4;addr=20.245.32.152;act_addr_fam=InterNetwork;
      x-ms-keyvault-region:
      - westus
      x-ms-keyvault-service-version:
      - 1.9.501.1
    status:
      code: 200
      message: OK
- request:
    body: '{"value": "KUF6dXJlS2V5VmF1bHRTZWNyZXRCYWNrdXBWMS5taWNyb3NvZnQuY29tZXlKcmFXUWlPaUkwTXpnMVlqQTNZaTFrTlRRM0xUUXlaVFV0WVdVNVpTMDJNVEJrWXpNNVpHWmhaamdpTENKaGJHY2lPaUpTVTBFdFQwRkZVQzB5TlRZaUxDSmxibU1pT2lKQk1qVTJRMEpETFVoVE5URXlJbjAuUGNtQ3hZWHlPN2RzS1J6NHdqNG5uWDUxT2ZhMlhMaVd0US1IWGwyclRidWVjUjdNUzRnUEx2NWZPQlpQcUpmY1Y3TFVtb21TRGROMm5PYm16eXYzcXNFU1k0bGRlMXpDX1A2QXRINWtRY1g2NkREeTM0V190clltME1EOWotaEVZcXh6VWQ0cGs3aTRhV2xzQ3cxTHR2UlhTZ1pOS1lyelAzU2VRZy1QdW9BcVVKbjRiTF9qTjJiZktaNldhT1Ryd0JqNlZnSUwzcmRPc09CUzVOdVNMSnpobVpsQkF4alRNS1NWQm1yOERtVWpESVplckd0UUlqUWJxSmxaY0tSX3hJZkkwRGVzN2w4ZUhxRXhoQlhfYVdSeURZdFVFNUZxamI3YUhsUUN6MWxZa1I2NDhKT3BibmNfUFc4YklGMFlrcFVqcS01TElEWFpYOXYzMW9GR3d3LmVsTWV4cHdNY3ppMlU5dHg1ZTBseFEuRzBhZmtOZVBGNGhNWVlrYVkzZGg3dmxyVW1sdTkxZ2tHRTUtQlFNaUtyRzlkTG1GOS1TcFl6UUNoQVFNVVR3YWpQYzFhbzBpdWhyVW13U1pQb3p3QzV4TDZEaFhyakEyU3VHc2FrcE1HZHhjSkI3RzRhWjVSVkJ4OHhuXzVEd180bGRza1FVVFUwSXFGVHgxVkNtWVVYcFV3d3pUZ2MyenNBZFFMTFJHbWpuS0JfNk5lTnpHcHdPNldjYTdoUmtNT1JSNVlTOVJ5dDRqZll3VW16UTByVlVMbml6dUFHTzlUaVFLMkFHcFJUM0o1Ynk0dGxibGNxcFhLNVV3N1VPU3NPSXVGRE5EbXlYeFZoYlluY2xvWGVITTdjcEx4bXNRRHVoVmlBVXJpZ1lRWEJGQUY0dUpONDItYVRfUHZjamZubmF2ZllnVmhqSWJEcE11OTB2dE1Dbmw5Uk1jcGZSX3M2cXVsOVZxbmJzMlAwSU1sSWhBRE01eDd6QkkwWU5SRWl0TGY4QTZiOHJYVFFlX1NrcU8yZmtlQXVQVU9nbVRTQ2JyNXdNWWJoYllVZWlMcFFfcmZpQ3QyUlVPS3plNUdXNG1UdW1RR0czM0tGQlJoa2JoaWp4WGZ6UVM4ZlhiQWdOZkRGcExQakRfYTZ5MzFobll2R3QyV1lpV1BRZW53ZWxrV08ycGgwZGtxaW8wOElUX05VYmgtNGpwMlBibDNRTG00aldCQmFZT2Zja0JTek9oVzBFTGFBMWpuN1liYU5hMFl5cWpnNWU3Y2E4cWR4TEpYcXJOOXhZUVJKRTliMXdYbUdEUXU2RUtIV0swVlJULUl1VFVnYThTSDBUZGd0WG5GRjhUT3EyVDFZUGRBdmdxNnJNb2k2WWNxRXlnVnNBaHFwZHcwYXJSNzk3VnVIU1Bmem11VkxiOFA0OEttWlFYT3RIc2llNmZKNG51Ri1IMlk2eWhkaVFhcHpKeHZzSVkxLU5wVHNoVHMtQ3Y4T09oVF9LWjZ2R0xVTzFLNmxlYXpRb19kYXRTZ2oxa1Z6ZUI2TG41cTV6Q2VuR3YtTVdHVDVxVHNMZXRza0VqSkxKdFVDYmxoSmZHZXRLZjE5X2oxNzBRQmo5djZBX3V5cUEyQnk3VTFuU3E5S093WHQ3THJfLWZKRjRIYjJCM2l2UnN3UnVSTGRwTDFyZ3gtaFhEQzJHZXJTcTc4eE5qOEhRd2d3eENMZzJoZXRqXzNlVXZoUEtYVmQ2M21mc0M1bmhsSGhyTVVwWEhqT3FwcFNMWXdWaG00VXJYdUg3MlNWTTJSUUdKTTBMZ1g1VjNYeUxNV0lUOEg1dVp2Nnl5bGNCTkJaQVJTVGRnSEJtUmxBSWdIYkpwQkxNemttcWZHQWZTVDl0TjlHekR1OElTV3lHcDlremRkYmtna3liQmI3c2FEcFZ1VGZYM2ZaX0w3TklFdEhId2xEeVU3V3ZnZHZ2bG1NWEpBVHlEc0dOMUxHQ2RoQUdhUkp3TVJfR0dxM1F5LXE1aEphZDJfMllQbzUtRnY3elJGUzU2ZTZKd3luN3czRHZhSFFIRlNGVXp3V1F1N0hWbF8zSHZqZ20tQkIzZ0FVOGZjcVZrMExLYTVxRHJDV3Joam9zblRuWEF4Nk9odm5qa1V5M3FqRENpZkxqRkNBekIyVXpZelQ5cnBXTkNvM3VrOU5KdVNpR2p1a0dHakxHbGZLRFd4OUhkeHlGY0tUZDRKNGdOa1M1U2lXa3l0SW0tbHNiTWxqM1dPdEZsUDFoZXJ6aXdrRWljNHhvNk1BcU8ycnF2UHlLRFBTenhQejJhdUxvY2lFU0RNN0ZQQVpkTDdCYWpQVTk0eU42WHh0YlB4Q0c4emxNSDc0S082bTM3VFBLZEFqaDJDblFHOV9LNkVfQTFxeHBVc2ljei1rSzRzYXB3a2F6N1hlT0IyTzQ5dE5Qa3BjSEVFU2d3T05US0VDcE80ZTltejRYWGsxYUlhdm15UnRjVzgxankydlRaX0lVMkE2X0wtb0dZWWM5d3MwaS02REV5djVrWnZKZG1KU3p4Q1RuN0cxZEZ6N2JEd1ZJN2twVzEzODhjT0I4dHVqT2lKX2xZMlNmTWpXUDg3NTMyZHJZalJ1Wm9rbFZjQTl1MnJlUHZTMnBSN3oteWMxMmZfaVZrWlRRbzl5RlNwYk5QTXlubDhGRTdvVEJ5ek1NLVM4UnNMSF9kQjdhamFNeW9iXzFlNHJ6SDJkMmZVek91Z3M2UEQ3RlhiQlVQOV93WkhZa0o2OWc3NTAyZ1R5RnRvZlU4ZkFwbXdNSFFBMWs4YmZPNTljZTFpcVFoVXVLMHozb0hvXzJLMFZxQ1RKYzFCVnFlMHU4bUw5MV85Wk9sb2x5eDNYVlpEM0xKWXhlWVdCc0U1Mldna3BGdkpaOU5qd3hSMnBDTlVqOGNFMEd4YzZjNHNEb1hSUUtYSWw3NHdhck5lNUhOQXMwQXZaZXJtUnNxNFQ5RjctZ1F5MXYxSGVFbVpZc1EyY1czMFJKR1hhZWloLUJUeUt3VTU1Q20tT2R0cXNweWFYeEdBTDBCR3QtLXFCMGt3a09fSG5wOFF5MVg1YWhlNGlBaVRPaDJfbUFycnJyb1E4OTlHbTVjNWZWYUZ4ZXNoVUxZamdGY19Wcnl3RjJuaVl1Rjhhc2Q3aFZHTC1pZy0tUjA3Wkg2dE9pMG1oMTVXLU5Ha2p5T3h4ZEM2MDBZdVJCc3B3OF9uVldnTGVYTVU4Ry1NOEhoYVZCU3Y2d0c5aEdZNzFGY0NZbmlGazBwWXdtUFhjamFYMWwycElGVWNOeWtYMFRodmRrM1Q1MWhPWkU2TWRIY2hMSEttYm5kV0FzXzJtR1kzLXNXTDB3XzViS3V3RTZJV3Z5cTBZcEh4SjZmcUZ3RFJKbTBtZzFEUHNoWEhFamVqX0pBMm12LUNGVTdJNEJwQndPaEN0T1U3Y0JKa2E4ajk4Z0VoRXFlVndYTUJpUjBRc25iR1U1RFc1dXo2Z18wUXh3WTNtWVRxdGl4UTNOZUs4SHVUQlFkNlNib0NOV2ItdkVYb1NxSDM0bm5CaFk3S0EwdUZmN3FKN18zQWg3YVlqYkpQbTZCa3FONDVMelNTbFJVcHR1QjEwdVpNcS1ZRzFtbXNraUtWVUxyZl9rTzBvaXdNVExwQ1NqcVFQM2dpVWNvY2xxRWpFbE1waUplVkMwQW5vLXl0VmRpUVFoeHBFYjJGbUtYZlJCNXRtbjBnOHoybDhyMXZLVTlROUtwbjI5Mmt2NjRZcU9PSXdoZDNZYjAxUDdReGdTNmdod2o5Z19NdjUzeFQtcDZQazhoOHRJMTdYalR2TUk1OEY5R1FYZjU2bTZqSllJNkhNYkNHWHJwQWlsdkFsU1J0Y3VaOUlsaFNGRWQwVXB0enA0X1BQMjRIUzBhb1ZKNERwbzRPZ2tEV0RUdk1LVVpZWms2M2kybE9NX0VfLWxIQk56U0NYSXJKWkpOMF84cVFVcE5NTXdJMFJKdUNLR3k5MGhBZjN2Y3EwV29WUFFDdTdUQ0xXZFQzTzZnT0Exc3dZZk82NENrN1p6QVlIQUZWVzFvVGVNaC1WcEpnRzdNS292dnY0UTB4Wk1TR2xRVHR5eXJpTk5MeW5aYjYtaG9QajNnUlYyTEhsaEFEUmhDVFI2aXBnSXM1cUJqR3RxOTU4UHVfVGRxZ1ByWWZEdFl4UjI5ay1neVhXTVpZRTExdjFTTjVDeWlWOFNpYUxHeWZkOG1hdUdVckcyMUlyN092QzNfWF8wcE9zdDg0WjZ4VG9FM1IzYkEyLUE2S05oeGFkUDJxMGhsaUFBWjJ5SnVtX3dyeks1QXc4QkpmUmRHRHcwdzdMRWpuUWw4T2IxOWNCZmRkRmR5MnhmQjY0N1B0NFBBUWhxV0xXeUxtYXFnVDkxNEtqNEU2Wld6UUtJck5IdUdSZklDN3E3TGZqMjJwZGVxUEhuQUd3QUItRHB2Nzg0WGJYMlEwYlVMVEFpMEFtRFZVcE56dUJySG0tUGM3Qi1ZcTRRV2huSzhrNl9UUlY5dkdZU1NVNnlCTG9TTHBQa3UzSEpwQ01CeXVEUVZzcXJYVEZlbU1ZXzU2WXJ2RkxQZDhrQU8wemZ5QzFqdjBDRlA5anFvYjRqMGhKd0pGOW04dmZReVNjclpxLUo3bU5odTZSNC1EeTdDLUJ0T0xHVFNzb0VwNUJBWXM2N0ZrQ29hU2Q3RFNzNWl0amtVM1BHUWRkejhqMGpPXzhtWWNZbmhRdVdwT2RYM19hVXBfYVA3UHBCNjVJWU5nbVo2ejIxUnFYRFRDZngxaGFxLWNWVHpURzN1LkJhSzV0X2p3cEhiVERvN2s2dTVTSGRhVzFyM2FzVUIzYWJYUklRSkJtMFE"}'
    headers:
      Accept:
      - application/json
      Accept-Encoding:
      - gzip, deflate
      Connection:
      - keep-alive
      Content-Length:
      - '5128'
      Content-Type:
      - application/json; charset=utf-8
      User-Agent:
      - python/3.10.6 (Linux-5.15.0-1017-azure-x86_64-with-glibc2.31) msrest/0.7.0
        VSTS_0fb41ef4-5012-48a9-bf39-4ee3de03ee35_build_4949_0 msrest_azure/0.6.4
        azure-keyvault/7.0 Azure-SDK-For-Python
      accept-language:
      - en-US
    method: POST
    uri: https://cli-test-kv-se-000002.vault.azure.net/secrets/restore?api-version=7.0
  response:
    body:
      string: '{"contentType":"test type","id":"https://cli-test-kv-se-000002.vault.azure.net/secrets/secret1/70aba40825d747d2ac020b9ce085e8d9","attributes":{"enabled":false,"created":1661161751,"updated":1661161752,"recoveryLevel":"CustomizedRecoverable+Purgeable"},"tags":{"test":"foo","file-encoding":"utf-8"}}'
    headers:
      cache-control:
      - no-cache
      content-length:
      - '298'
      content-type:
      - application/json; charset=utf-8
      date:
      - Mon, 22 Aug 2022 09:51:13 GMT
      expires:
      - '-1'
      pragma:
      - no-cache
      strict-transport-security:
      - max-age=31536000;includeSubDomains
      x-content-type-options:
      - nosniff
      x-ms-keyvault-network-info:
      - conn_type=Ipv4;addr=20.245.32.152;act_addr_fam=InterNetwork;
      x-ms-keyvault-region:
      - westus
      x-ms-keyvault-service-version:
      - 1.9.501.1
    status:
      code: 200
      message: OK
- request:
    body: null
    headers:
      Accept:
      - application/json
      Accept-Encoding:
      - gzip, deflate
      Connection:
      - keep-alive
      Content-Type:
      - application/json; charset=utf-8
      User-Agent:
      - python/3.10.6 (Linux-5.15.0-1017-azure-x86_64-with-glibc2.31) msrest/0.7.0
        VSTS_0fb41ef4-5012-48a9-bf39-4ee3de03ee35_build_4949_0 msrest_azure/0.6.4
        azure-keyvault/7.0 Azure-SDK-For-Python
      accept-language:
      - en-US
    method: GET
    uri: https://cli-test-kv-se-000002.vault.azure.net/secrets/secret1/versions?api-version=7.0
  response:
    body:
      string: '{"value":[{"id":"https://cli-test-kv-se-000002.vault.azure.net/secrets/secret1/6c3af014b6394b8c83f2f1b6f87fa862","attributes":{"enabled":true,"created":1661161749,"updated":1661161749,"recoveryLevel":"CustomizedRecoverable+Purgeable"},"tags":{"file-encoding":"utf-8"}},{"contentType":"test
        type","id":"https://cli-test-kv-se-000002.vault.azure.net/secrets/secret1/70aba40825d747d2ac020b9ce085e8d9","attributes":{"enabled":false,"created":1661161751,"updated":1661161752,"recoveryLevel":"CustomizedRecoverable+Purgeable"},"tags":{"test":"foo","file-encoding":"utf-8"}}],"nextLink":null}'
    headers:
      cache-control:
      - no-cache
      content-length:
      - '585'
      content-type:
      - application/json; charset=utf-8
      date:
      - Mon, 22 Aug 2022 09:51:13 GMT
      expires:
      - '-1'
      pragma:
      - no-cache
      strict-transport-security:
      - max-age=31536000;includeSubDomains
      x-content-type-options:
      - nosniff
      x-ms-keyvault-network-info:
      - conn_type=Ipv4;addr=20.245.32.152;act_addr_fam=InterNetwork;
      x-ms-keyvault-region:
      - westus
      x-ms-keyvault-service-version:
      - 1.9.501.1
    status:
      code: 200
      message: OK
- request:
    body: null
    headers:
      Accept:
      - application/json
      Accept-Encoding:
      - gzip, deflate
      Connection:
      - keep-alive
      Content-Length:
      - '0'
      Content-Type:
      - application/json; charset=utf-8
      User-Agent:
      - python/3.10.6 (Linux-5.15.0-1017-azure-x86_64-with-glibc2.31) msrest/0.7.0
        VSTS_0fb41ef4-5012-48a9-bf39-4ee3de03ee35_build_4949_0 msrest_azure/0.6.4
        azure-keyvault/7.0 Azure-SDK-For-Python
      accept-language:
      - en-US
    method: DELETE
    uri: https://cli-test-kv-se-000002.vault.azure.net/secrets/secret1?api-version=7.0
  response:
    body:
      string: '{"recoveryId":"https://cli-test-kv-se-000002.vault.azure.net/deletedsecrets/secret1","deletedDate":1661161874,"scheduledPurgeDate":1661766674,"contentType":"test
        type","id":"https://cli-test-kv-se-000002.vault.azure.net/secrets/secret1/70aba40825d747d2ac020b9ce085e8d9","attributes":{"enabled":false,"created":1661161751,"updated":1661161752,"recoveryLevel":"CustomizedRecoverable+Purgeable"},"tags":{"test":"foo","file-encoding":"utf-8"}}'
    headers:
      cache-control:
      - no-cache
      content-length:
      - '439'
      content-type:
      - application/json; charset=utf-8
      date:
      - Mon, 22 Aug 2022 09:51:13 GMT
      expires:
      - '-1'
      pragma:
      - no-cache
      strict-transport-security:
      - max-age=31536000;includeSubDomains
      x-content-type-options:
      - nosniff
      x-ms-keyvault-network-info:
      - conn_type=Ipv4;addr=20.245.32.152;act_addr_fam=InterNetwork;
      x-ms-keyvault-region:
      - westus
      x-ms-keyvault-service-version:
      - 1.9.501.1
    status:
      code: 200
      message: OK
- request:
    body: null
    headers:
      Accept:
      - application/json
      Accept-Encoding:
      - gzip, deflate
      Connection:
      - keep-alive
      Content-Type:
      - application/json; charset=utf-8
      User-Agent:
      - python/3.10.6 (Linux-5.15.0-1017-azure-x86_64-with-glibc2.31) msrest/0.7.0
        VSTS_0fb41ef4-5012-48a9-bf39-4ee3de03ee35_build_4949_0 msrest_azure/0.6.4
        azure-keyvault/7.0 Azure-SDK-For-Python
      accept-language:
      - en-US
    method: GET
    uri: https://cli-test-kv-se-000002.vault.azure.net/secrets?api-version=7.0
  response:
    body:
      string: '{"value":[],"nextLink":null}'
    headers:
      cache-control:
      - no-cache
      content-length:
      - '28'
      content-type:
      - application/json; charset=utf-8
      date:
      - Mon, 22 Aug 2022 09:51:13 GMT
      expires:
      - '-1'
      pragma:
      - no-cache
      strict-transport-security:
      - max-age=31536000;includeSubDomains
      x-content-type-options:
      - nosniff
      x-ms-keyvault-network-info:
      - conn_type=Ipv4;addr=20.245.32.152;act_addr_fam=InterNetwork;
      x-ms-keyvault-region:
      - westus
      x-ms-keyvault-service-version:
      - 1.9.501.1
    status:
      code: 200
      message: OK
- request:
    body: null
    headers:
      Accept:
      - application/json
      Accept-Encoding:
      - gzip, deflate
      Connection:
      - keep-alive
      Content-Type:
      - application/json; charset=utf-8
      User-Agent:
      - python/3.10.6 (Linux-5.15.0-1017-azure-x86_64-with-glibc2.31) msrest/0.7.0
        VSTS_0fb41ef4-5012-48a9-bf39-4ee3de03ee35_build_4949_0 msrest_azure/0.6.4
        azure-keyvault/7.0 Azure-SDK-For-Python
      accept-language:
      - en-US
    method: GET
    uri: https://cli-test-kv-se-000002.vault.azure.net/secrets?maxresults=10&api-version=7.0
  response:
    body:
      string: '{"value":[],"nextLink":null}'
    headers:
      cache-control:
      - no-cache
      content-length:
      - '28'
      content-type:
      - application/json; charset=utf-8
      date:
      - Mon, 22 Aug 2022 09:51:14 GMT
      expires:
      - '-1'
      pragma:
      - no-cache
      strict-transport-security:
      - max-age=31536000;includeSubDomains
      x-content-type-options:
      - nosniff
      x-ms-keyvault-network-info:
      - conn_type=Ipv4;addr=20.245.32.152;act_addr_fam=InterNetwork;
      x-ms-keyvault-region:
      - westus
      x-ms-keyvault-service-version:
      - 1.9.501.1
    status:
      code: 200
      message: OK
- request:
    body: '{"value": "TestSecretTestSecretTestSecretTestSecret\n", "tags": {"file-encoding":
      "utf-8"}, "attributes": {}}'
    headers:
      Accept:
      - application/json
      Accept-Encoding:
      - gzip, deflate
      Connection:
      - keep-alive
      Content-Length:
      - '109'
      Content-Type:
      - application/json; charset=utf-8
      User-Agent:
      - python/3.10.6 (Linux-5.15.0-1017-azure-x86_64-with-glibc2.31) msrest/0.7.0
        VSTS_0fb41ef4-5012-48a9-bf39-4ee3de03ee35_build_4949_0 msrest_azure/0.6.4
        azure-keyvault/7.0 Azure-SDK-For-Python
      accept-language:
      - en-US
    method: PUT
    uri: https://cli-test-kv-se-000002.vault.azure.net/secrets/download-utf-8?api-version=7.0
  response:
    body:
      string: '{"value":"TestSecretTestSecretTestSecretTestSecret\n","id":"https://cli-test-kv-se-000002.vault.azure.net/secrets/download-utf-8/e0e0ba4f3eda41dc92efe27794cb5fbd","attributes":{"enabled":true,"created":1661161874,"updated":1661161874,"recoveryLevel":"CustomizedRecoverable+Purgeable"},"tags":{"file-encoding":"utf-8"}}'
    headers:
      cache-control:
      - no-cache
      content-length:
      - '318'
      content-type:
      - application/json; charset=utf-8
      date:
      - Mon, 22 Aug 2022 09:51:13 GMT
      expires:
      - '-1'
      pragma:
      - no-cache
      strict-transport-security:
      - max-age=31536000;includeSubDomains
      x-content-type-options:
      - nosniff
      x-ms-keyvault-network-info:
      - conn_type=Ipv4;addr=20.245.32.152;act_addr_fam=InterNetwork;
      x-ms-keyvault-region:
      - westus
      x-ms-keyvault-service-version:
      - 1.9.501.1
    status:
      code: 200
      message: OK
- request:
    body: null
    headers:
      Accept:
      - application/json
      Accept-Encoding:
      - gzip, deflate
      Connection:
      - keep-alive
      Content-Type:
      - application/json; charset=utf-8
      User-Agent:
      - python/3.10.6 (Linux-5.15.0-1017-azure-x86_64-with-glibc2.31) msrest/0.7.0
        VSTS_0fb41ef4-5012-48a9-bf39-4ee3de03ee35_build_4949_0 msrest_azure/0.6.4
        azure-keyvault/7.0 Azure-SDK-For-Python
      accept-language:
      - en-US
    method: GET
    uri: https://cli-test-kv-se-000002.vault.azure.net/secrets/download-utf-8/?api-version=7.0
  response:
    body:
      string: '{"value":"TestSecretTestSecretTestSecretTestSecret\n","id":"https://cli-test-kv-se-000002.vault.azure.net/secrets/download-utf-8/e0e0ba4f3eda41dc92efe27794cb5fbd","attributes":{"enabled":true,"created":1661161874,"updated":1661161874,"recoveryLevel":"CustomizedRecoverable+Purgeable"},"tags":{"file-encoding":"utf-8"}}'
    headers:
      cache-control:
      - no-cache
      content-length:
      - '318'
      content-type:
      - application/json; charset=utf-8
      date:
      - Mon, 22 Aug 2022 09:51:14 GMT
      expires:
      - '-1'
      pragma:
      - no-cache
      strict-transport-security:
      - max-age=31536000;includeSubDomains
      x-content-type-options:
      - nosniff
      x-ms-keyvault-network-info:
      - conn_type=Ipv4;addr=20.245.32.152;act_addr_fam=InterNetwork;
      x-ms-keyvault-region:
      - westus
      x-ms-keyvault-service-version:
      - 1.9.501.1
    status:
      code: 200
      message: OK
- request:
    body: '{"value": "TestSecretTestSecretTestSecretTestSecret\n", "tags": {"file-encoding":
      "utf-16le"}, "attributes": {}}'
    headers:
      Accept:
      - application/json
      Accept-Encoding:
      - gzip, deflate
      Connection:
      - keep-alive
      Content-Length:
      - '112'
      Content-Type:
      - application/json; charset=utf-8
      User-Agent:
      - python/3.10.6 (Linux-5.15.0-1017-azure-x86_64-with-glibc2.31) msrest/0.7.0
        VSTS_0fb41ef4-5012-48a9-bf39-4ee3de03ee35_build_4949_0 msrest_azure/0.6.4
        azure-keyvault/7.0 Azure-SDK-For-Python
      accept-language:
      - en-US
    method: PUT
    uri: https://cli-test-kv-se-000002.vault.azure.net/secrets/download-utf-16le?api-version=7.0
  response:
    body:
      string: '{"value":"TestSecretTestSecretTestSecretTestSecret\n","id":"https://cli-test-kv-se-000002.vault.azure.net/secrets/download-utf-16le/01fb8fcb32fa4c50bb4d21287648af53","attributes":{"enabled":true,"created":1661161875,"updated":1661161875,"recoveryLevel":"CustomizedRecoverable+Purgeable"},"tags":{"file-encoding":"utf-16le"}}'
    headers:
      cache-control:
      - no-cache
      content-length:
      - '324'
      content-type:
      - application/json; charset=utf-8
      date:
      - Mon, 22 Aug 2022 09:51:14 GMT
      expires:
      - '-1'
      pragma:
      - no-cache
      strict-transport-security:
      - max-age=31536000;includeSubDomains
      x-content-type-options:
      - nosniff
      x-ms-keyvault-network-info:
      - conn_type=Ipv4;addr=20.245.32.152;act_addr_fam=InterNetwork;
      x-ms-keyvault-region:
      - westus
      x-ms-keyvault-service-version:
      - 1.9.501.1
    status:
      code: 200
      message: OK
- request:
    body: null
    headers:
      Accept:
      - application/json
      Accept-Encoding:
      - gzip, deflate
      Connection:
      - keep-alive
      Content-Type:
      - application/json; charset=utf-8
      User-Agent:
      - python/3.10.6 (Linux-5.15.0-1017-azure-x86_64-with-glibc2.31) msrest/0.7.0
        VSTS_0fb41ef4-5012-48a9-bf39-4ee3de03ee35_build_4949_0 msrest_azure/0.6.4
        azure-keyvault/7.0 Azure-SDK-For-Python
      accept-language:
      - en-US
    method: GET
    uri: https://cli-test-kv-se-000002.vault.azure.net/secrets/download-utf-16le/?api-version=7.0
  response:
    body:
      string: '{"value":"TestSecretTestSecretTestSecretTestSecret\n","id":"https://cli-test-kv-se-000002.vault.azure.net/secrets/download-utf-16le/01fb8fcb32fa4c50bb4d21287648af53","attributes":{"enabled":true,"created":1661161875,"updated":1661161875,"recoveryLevel":"CustomizedRecoverable+Purgeable"},"tags":{"file-encoding":"utf-16le"}}'
    headers:
      cache-control:
      - no-cache
      content-length:
      - '324'
      content-type:
      - application/json; charset=utf-8
      date:
      - Mon, 22 Aug 2022 09:51:15 GMT
      expires:
      - '-1'
      pragma:
      - no-cache
      strict-transport-security:
      - max-age=31536000;includeSubDomains
      x-content-type-options:
      - nosniff
      x-ms-keyvault-network-info:
      - conn_type=Ipv4;addr=20.245.32.152;act_addr_fam=InterNetwork;
      x-ms-keyvault-region:
      - westus
      x-ms-keyvault-service-version:
      - 1.9.501.1
    status:
      code: 200
      message: OK
- request:
    body: '{"value": "TestSecretTestSecretTestSecretTestSecret\n", "tags": {"file-encoding":
      "utf-16be"}, "attributes": {}}'
    headers:
      Accept:
      - application/json
      Accept-Encoding:
      - gzip, deflate
      Connection:
      - keep-alive
      Content-Length:
      - '112'
      Content-Type:
      - application/json; charset=utf-8
      User-Agent:
      - python/3.10.6 (Linux-5.15.0-1017-azure-x86_64-with-glibc2.31) msrest/0.7.0
        VSTS_0fb41ef4-5012-48a9-bf39-4ee3de03ee35_build_4949_0 msrest_azure/0.6.4
        azure-keyvault/7.0 Azure-SDK-For-Python
      accept-language:
      - en-US
    method: PUT
    uri: https://cli-test-kv-se-000002.vault.azure.net/secrets/download-utf-16be?api-version=7.0
  response:
    body:
      string: '{"value":"TestSecretTestSecretTestSecretTestSecret\n","id":"https://cli-test-kv-se-000002.vault.azure.net/secrets/download-utf-16be/7d2fd31606d645baa51ba0e529cd6c24","attributes":{"enabled":true,"created":1661161875,"updated":1661161875,"recoveryLevel":"CustomizedRecoverable+Purgeable"},"tags":{"file-encoding":"utf-16be"}}'
    headers:
      cache-control:
      - no-cache
      content-length:
      - '324'
      content-type:
      - application/json; charset=utf-8
      date:
      - Mon, 22 Aug 2022 09:51:14 GMT
      expires:
      - '-1'
      pragma:
      - no-cache
      strict-transport-security:
      - max-age=31536000;includeSubDomains
      x-content-type-options:
      - nosniff
      x-ms-keyvault-network-info:
      - conn_type=Ipv4;addr=20.245.32.152;act_addr_fam=InterNetwork;
      x-ms-keyvault-region:
      - westus
      x-ms-keyvault-service-version:
      - 1.9.501.1
    status:
      code: 200
      message: OK
- request:
    body: null
    headers:
      Accept:
      - application/json
      Accept-Encoding:
      - gzip, deflate
      Connection:
      - keep-alive
      Content-Type:
      - application/json; charset=utf-8
      User-Agent:
      - python/3.10.6 (Linux-5.15.0-1017-azure-x86_64-with-glibc2.31) msrest/0.7.0
        VSTS_0fb41ef4-5012-48a9-bf39-4ee3de03ee35_build_4949_0 msrest_azure/0.6.4
        azure-keyvault/7.0 Azure-SDK-For-Python
      accept-language:
      - en-US
    method: GET
    uri: https://cli-test-kv-se-000002.vault.azure.net/secrets/download-utf-16be/?api-version=7.0
  response:
    body:
      string: '{"value":"TestSecretTestSecretTestSecretTestSecret\n","id":"https://cli-test-kv-se-000002.vault.azure.net/secrets/download-utf-16be/7d2fd31606d645baa51ba0e529cd6c24","attributes":{"enabled":true,"created":1661161875,"updated":1661161875,"recoveryLevel":"CustomizedRecoverable+Purgeable"},"tags":{"file-encoding":"utf-16be"}}'
    headers:
      cache-control:
      - no-cache
      content-length:
      - '324'
      content-type:
      - application/json; charset=utf-8
      date:
      - Mon, 22 Aug 2022 09:51:14 GMT
      expires:
      - '-1'
      pragma:
      - no-cache
      strict-transport-security:
      - max-age=31536000;includeSubDomains
      x-content-type-options:
      - nosniff
      x-ms-keyvault-network-info:
      - conn_type=Ipv4;addr=20.245.32.152;act_addr_fam=InterNetwork;
      x-ms-keyvault-region:
      - westus
      x-ms-keyvault-service-version:
      - 1.9.501.1
    status:
      code: 200
      message: OK
- request:
    body: '{"value": "TestSecretTestSecretTestSecretTestSecret\n", "tags": {"file-encoding":
      "ascii"}, "attributes": {}}'
    headers:
      Accept:
      - application/json
      Accept-Encoding:
      - gzip, deflate
      Connection:
      - keep-alive
      Content-Length:
      - '109'
      Content-Type:
      - application/json; charset=utf-8
      User-Agent:
      - python/3.10.6 (Linux-5.15.0-1017-azure-x86_64-with-glibc2.31) msrest/0.7.0
        VSTS_0fb41ef4-5012-48a9-bf39-4ee3de03ee35_build_4949_0 msrest_azure/0.6.4
        azure-keyvault/7.0 Azure-SDK-For-Python
      accept-language:
      - en-US
    method: PUT
    uri: https://cli-test-kv-se-000002.vault.azure.net/secrets/download-ascii?api-version=7.0
  response:
    body:
      string: '{"value":"TestSecretTestSecretTestSecretTestSecret\n","id":"https://cli-test-kv-se-000002.vault.azure.net/secrets/download-ascii/9a73d0aadd08410eb2e4c38bd96d4c41","attributes":{"enabled":true,"created":1661161875,"updated":1661161875,"recoveryLevel":"CustomizedRecoverable+Purgeable"},"tags":{"file-encoding":"ascii"}}'
    headers:
      cache-control:
      - no-cache
      content-length:
      - '318'
      content-type:
      - application/json; charset=utf-8
      date:
      - Mon, 22 Aug 2022 09:51:14 GMT
      expires:
      - '-1'
      pragma:
      - no-cache
      strict-transport-security:
      - max-age=31536000;includeSubDomains
      x-content-type-options:
      - nosniff
      x-ms-keyvault-network-info:
      - conn_type=Ipv4;addr=20.245.32.152;act_addr_fam=InterNetwork;
      x-ms-keyvault-region:
      - westus
      x-ms-keyvault-service-version:
      - 1.9.501.1
    status:
      code: 200
      message: OK
- request:
    body: null
    headers:
      Accept:
      - application/json
      Accept-Encoding:
      - gzip, deflate
      Connection:
      - keep-alive
      Content-Type:
      - application/json; charset=utf-8
      User-Agent:
      - python/3.10.6 (Linux-5.15.0-1017-azure-x86_64-with-glibc2.31) msrest/0.7.0
        VSTS_0fb41ef4-5012-48a9-bf39-4ee3de03ee35_build_4949_0 msrest_azure/0.6.4
        azure-keyvault/7.0 Azure-SDK-For-Python
      accept-language:
      - en-US
    method: GET
    uri: https://cli-test-kv-se-000002.vault.azure.net/secrets/download-ascii/?api-version=7.0
  response:
    body:
      string: '{"value":"TestSecretTestSecretTestSecretTestSecret\n","id":"https://cli-test-kv-se-000002.vault.azure.net/secrets/download-ascii/9a73d0aadd08410eb2e4c38bd96d4c41","attributes":{"enabled":true,"created":1661161875,"updated":1661161875,"recoveryLevel":"CustomizedRecoverable+Purgeable"},"tags":{"file-encoding":"ascii"}}'
    headers:
      cache-control:
      - no-cache
      content-length:
      - '318'
      content-type:
      - application/json; charset=utf-8
      date:
      - Mon, 22 Aug 2022 09:51:14 GMT
      expires:
      - '-1'
      pragma:
      - no-cache
      strict-transport-security:
      - max-age=31536000;includeSubDomains
      x-content-type-options:
      - nosniff
      x-ms-keyvault-network-info:
      - conn_type=Ipv4;addr=20.245.32.152;act_addr_fam=InterNetwork;
      x-ms-keyvault-region:
      - westus
      x-ms-keyvault-service-version:
      - 1.9.501.1
    status:
      code: 200
      message: OK
- request:
    body: '{"value": "VGVzdFNlY3JldFRlc3RTZWNyZXRUZXN0U2VjcmV0VGVzdFNlY3JldAo=\n",
      "tags": {"file-encoding": "base64"}, "attributes": {}}'
    headers:
      Accept:
      - application/json
      Accept-Encoding:
      - gzip, deflate
      Connection:
      - keep-alive
      Content-Length:
      - '126'
      Content-Type:
      - application/json; charset=utf-8
      User-Agent:
      - python/3.10.6 (Linux-5.15.0-1017-azure-x86_64-with-glibc2.31) msrest/0.7.0
        VSTS_0fb41ef4-5012-48a9-bf39-4ee3de03ee35_build_4949_0 msrest_azure/0.6.4
        azure-keyvault/7.0 Azure-SDK-For-Python
      accept-language:
      - en-US
    method: PUT
    uri: https://cli-test-kv-se-000002.vault.azure.net/secrets/download-base64?api-version=7.0
  response:
    body:
      string: '{"value":"VGVzdFNlY3JldFRlc3RTZWNyZXRUZXN0U2VjcmV0VGVzdFNlY3JldAo=\n","id":"https://cli-test-kv-se-000002.vault.azure.net/secrets/download-base64/ec9df7e2b69b4af78125e0897a60fc2e","attributes":{"enabled":true,"created":1661161875,"updated":1661161875,"recoveryLevel":"CustomizedRecoverable+Purgeable"},"tags":{"file-encoding":"base64"}}'
    headers:
      cache-control:
      - no-cache
      content-length:
      - '336'
      content-type:
      - application/json; charset=utf-8
      date:
      - Mon, 22 Aug 2022 09:51:14 GMT
      expires:
      - '-1'
      pragma:
      - no-cache
      strict-transport-security:
      - max-age=31536000;includeSubDomains
      x-content-type-options:
      - nosniff
      x-ms-keyvault-network-info:
      - conn_type=Ipv4;addr=20.245.32.152;act_addr_fam=InterNetwork;
      x-ms-keyvault-region:
      - westus
      x-ms-keyvault-service-version:
      - 1.9.501.1
    status:
      code: 200
      message: OK
- request:
    body: null
    headers:
      Accept:
      - application/json
      Accept-Encoding:
      - gzip, deflate
      Connection:
      - keep-alive
      Content-Type:
      - application/json; charset=utf-8
      User-Agent:
      - python/3.10.6 (Linux-5.15.0-1017-azure-x86_64-with-glibc2.31) msrest/0.7.0
        VSTS_0fb41ef4-5012-48a9-bf39-4ee3de03ee35_build_4949_0 msrest_azure/0.6.4
        azure-keyvault/7.0 Azure-SDK-For-Python
      accept-language:
      - en-US
    method: GET
    uri: https://cli-test-kv-se-000002.vault.azure.net/secrets/download-base64/?api-version=7.0
  response:
    body:
      string: '{"value":"VGVzdFNlY3JldFRlc3RTZWNyZXRUZXN0U2VjcmV0VGVzdFNlY3JldAo=\n","id":"https://cli-test-kv-se-000002.vault.azure.net/secrets/download-base64/ec9df7e2b69b4af78125e0897a60fc2e","attributes":{"enabled":true,"created":1661161875,"updated":1661161875,"recoveryLevel":"CustomizedRecoverable+Purgeable"},"tags":{"file-encoding":"base64"}}'
    headers:
      cache-control:
      - no-cache
      content-length:
      - '336'
      content-type:
      - application/json; charset=utf-8
      date:
      - Mon, 22 Aug 2022 09:51:15 GMT
      expires:
      - '-1'
      pragma:
      - no-cache
      strict-transport-security:
      - max-age=31536000;includeSubDomains
      x-content-type-options:
      - nosniff
      x-ms-keyvault-network-info:
      - conn_type=Ipv4;addr=20.245.32.152;act_addr_fam=InterNetwork;
      x-ms-keyvault-region:
      - westus
      x-ms-keyvault-service-version:
      - 1.9.501.1
    status:
      code: 200
      message: OK
- request:
    body: '{"value": "546573745365637265745465737453656372657454657374536563726574546573745365637265740a",
      "tags": {"file-encoding": "hex"}, "attributes": {}}'
    headers:
      Accept:
      - application/json
      Accept-Encoding:
      - gzip, deflate
      Connection:
      - keep-alive
      Content-Length:
      - '147'
      Content-Type:
      - application/json; charset=utf-8
      User-Agent:
      - python/3.10.6 (Linux-5.15.0-1017-azure-x86_64-with-glibc2.31) msrest/0.7.0
        VSTS_0fb41ef4-5012-48a9-bf39-4ee3de03ee35_build_4949_0 msrest_azure/0.6.4
        azure-keyvault/7.0 Azure-SDK-For-Python
      accept-language:
      - en-US
    method: PUT
    uri: https://cli-test-kv-se-000002.vault.azure.net/secrets/download-hex?api-version=7.0
  response:
    body:
      string: '{"value":"546573745365637265745465737453656372657454657374536563726574546573745365637265740a","id":"https://cli-test-kv-se-000002.vault.azure.net/secrets/download-hex/0b7ff03db2f949d897910ad25ea4b9e1","attributes":{"enabled":true,"created":1661161875,"updated":1661161875,"recoveryLevel":"CustomizedRecoverable+Purgeable"},"tags":{"file-encoding":"hex"}}'
    headers:
      cache-control:
      - no-cache
      content-length:
      - '354'
      content-type:
      - application/json; charset=utf-8
      date:
      - Mon, 22 Aug 2022 09:51:15 GMT
      expires:
      - '-1'
      pragma:
      - no-cache
      strict-transport-security:
      - max-age=31536000;includeSubDomains
      x-content-type-options:
      - nosniff
      x-ms-keyvault-network-info:
      - conn_type=Ipv4;addr=20.245.32.152;act_addr_fam=InterNetwork;
      x-ms-keyvault-region:
      - westus
      x-ms-keyvault-service-version:
      - 1.9.501.1
    status:
      code: 200
      message: OK
- request:
    body: null
    headers:
      Accept:
      - application/json
      Accept-Encoding:
      - gzip, deflate
      Connection:
      - keep-alive
      Content-Type:
      - application/json; charset=utf-8
      User-Agent:
      - python/3.10.6 (Linux-5.15.0-1017-azure-x86_64-with-glibc2.31) msrest/0.7.0
        VSTS_0fb41ef4-5012-48a9-bf39-4ee3de03ee35_build_4949_0 msrest_azure/0.6.4
        azure-keyvault/7.0 Azure-SDK-For-Python
      accept-language:
      - en-US
    method: GET
    uri: https://cli-test-kv-se-000002.vault.azure.net/secrets/download-hex/?api-version=7.0
  response:
    body:
      string: '{"value":"546573745365637265745465737453656372657454657374536563726574546573745365637265740a","id":"https://cli-test-kv-se-000002.vault.azure.net/secrets/download-hex/0b7ff03db2f949d897910ad25ea4b9e1","attributes":{"enabled":true,"created":1661161875,"updated":1661161875,"recoveryLevel":"CustomizedRecoverable+Purgeable"},"tags":{"file-encoding":"hex"}}'
    headers:
      cache-control:
      - no-cache
      content-length:
      - '354'
      content-type:
      - application/json; charset=utf-8
      date:
      - Mon, 22 Aug 2022 09:51:16 GMT
      expires:
      - '-1'
      pragma:
      - no-cache
      strict-transport-security:
      - max-age=31536000;includeSubDomains
      x-content-type-options:
      - nosniff
      x-ms-keyvault-network-info:
      - conn_type=Ipv4;addr=20.245.32.152;act_addr_fam=InterNetwork;
      x-ms-keyvault-region:
      - westus
      x-ms-keyvault-service-version:
      - 1.9.501.1
    status:
      code: 200
      message: OK
version: 1
