interactions:
- request:
    body: null
    headers:
      Accept:
      - application/json
      Accept-Encoding:
      - gzip, deflate
      Connection:
      - keep-alive
      User-Agent:
      - python/3.7.5 (Windows-10-10.0.18362-SP0) msrest/0.6.10 msrest_azure/0.6.2
        azure-graphrbac/0.60.0 Azure-SDK-For-Python
      accept-language:
      - en-US
    method: GET
    uri: https://graph.windows.net/00000000-0000-0000-0000-000000000000/me?api-version=1.6
  response:
    body:
      string: '{"odata.metadata":"https://graph.windows.net/00000000-0000-0000-0000-000000000000/$metadata#directoryObjects/@Element","odata.type":"Microsoft.DirectoryServices.User","objectType":"User","objectId":"9ac02ab3-5061-4ec6-a3d8-2cdaa5f29efa","deletionTimestamp":null,"accountEnabled":true,"ageGroup":null,"assignedLicenses":[],"assignedPlans":[],"city":null,"companyName":null,"consentProvidedForMinor":null,"country":null,"createdDateTime":"2019-10-21T06:37:42Z","creationType":"Invitation","department":null,"dirSyncEnabled":null,"displayName":"Bin
        Ma","employeeId":null,"facsimileTelephoneNumber":null,"givenName":null,"immutableId":null,"isCompromised":null,"jobTitle":null,"lastDirSyncTime":null,"legalAgeGroupClassification":null,"mail":"bim@microsoft.com","mailNickname":"bim_microsoft.com#EXT#","mobile":null,"onPremisesDistinguishedName":null,"onPremisesSecurityIdentifier":null,"otherMails":["bim@microsoft.com"],"passwordPolicies":null,"passwordProfile":null,"physicalDeliveryOfficeName":null,"postalCode":null,"preferredLanguage":null,"provisionedPlans":[],"provisioningErrors":[],"proxyAddresses":["SMTP:bim@microsoft.com"],"refreshTokensValidFromDateTime":"2019-10-21T06:37:41Z","showInAddressList":false,"signInNames":[],"sipProxyAddress":null,"state":null,"streetAddress":null,"surname":null,"telephoneNumber":null,"thumbnailPhoto@odata.mediaEditLink":"directoryObjects/9ac02ab3-5061-4ec6-a3d8-2cdaa5f29efa/Microsoft.DirectoryServices.User/thumbnailPhoto","usageLocation":null,"userIdentities":[],"userPrincipalName":"bim_microsoft.com#EXT#@AzureSDKTeam.onmicrosoft.com","userState":"Accepted","userStateChangedOn":"2019-10-21T06:39:35Z","userType":"Guest"}'
    headers:
      access-control-allow-origin:
      - '*'
      cache-control:
      - no-cache
      content-length:
      - '1668'
      content-type:
      - application/json; odata=minimalmetadata; streaming=true; charset=utf-8
      dataserviceversion:
      - 3.0;
      date:
      - Wed, 11 Dec 2019 03:26:02 GMT
      duration:
      - '2629336'
      expires:
      - '-1'
      ocp-aad-diagnostics-server-name:
      - eDBRdQV8u+1gM9UsCxIgTpJXzthWX/WsoVn8Knk1ff0=
      ocp-aad-session-key:
      - OEeUnyHGN-m5rmGMNzejvgcfCMV-59hpmIhzxNVHZI-w4QGEXd0IOGxGInM_jJfZr3X2FrFlHISHrzC2dcfDZ1fsOjGmCBOR6X3PDkiLEjggWM7vxUu9HODW2TzWWh5y.Yljz_hvFZP4Hz_ci2sjesdB5t-Zh2kuLx-hkCtJ3nj0
      pragma:
      - no-cache
      request-id:
      - 2cbb23ca-af24-403b-adcf-63d60bd97999
      strict-transport-security:
      - max-age=31536000; includeSubDomains
      x-aspnet-version:
      - 4.0.30319
      x-ms-dirapi-data-contract-version:
      - '1.6'
      x-powered-by:
      - ASP.NET
    status:
      code: 200
      message: OK
- request:
    body: '{"location": "westus", "properties": {"tenantId": "54826b22-38d6-4fb2-bad9-b7b93a3e9c5a",
      "sku": {"family": "A", "name": "premium"}, "accessPolicies": [{"tenantId": "54826b22-38d6-4fb2-bad9-b7b93a3e9c5a",
      "objectId": "9ac02ab3-5061-4ec6-a3d8-2cdaa5f29efa", "permissions": {"keys":
      ["get", "create", "delete", "list", "update", "import", "backup", "restore",
      "recover"], "secrets": ["get", "list", "set", "delete", "backup", "restore",
      "recover"], "certificates": ["get", "list", "delete", "create", "import", "update",
      "managecontacts", "getissuers", "listissuers", "setissuers", "deleteissuers",
      "manageissuers", "recover"], "storage": ["get", "list", "delete", "set", "update",
      "regeneratekey", "setsas", "listsas", "getsas", "deletesas"]}}], "enableSoftDelete":
      true}}'
    headers:
      Accept:
      - application/json
      Accept-Encoding:
      - gzip, deflate
      CommandName:
      - keyvault create
      Connection:
      - keep-alive
      Content-Length:
      - '771'
      Content-Type:
      - application/json; charset=utf-8
      ParameterSetName:
      - -g -n -l --sku --enable-soft-delete
      User-Agent:
      - python/3.7.5 (Windows-10-10.0.18362-SP0) msrest/0.6.10 msrest_azure/0.6.2
        azure-mgmt-keyvault/1.1.0 Azure-SDK-For-Python AZURECLI/2.0.77
      accept-language:
      - en-US
    method: PUT
    uri: https://management.azure.com/subscriptions/00000000-0000-0000-0000-000000000000/resourceGroups/cli_test_keyvault_secret000001/providers/Microsoft.KeyVault/vaults/cli-test-keyvault-000002?api-version=2018-02-14
  response:
    body:
      string: '{"id":"/subscriptions/00000000-0000-0000-0000-000000000000/resourceGroups/cli_test_keyvault_secret000001/providers/Microsoft.KeyVault/vaults/cli-test-keyvault-000002","name":"cli-test-keyvault-000002","type":"Microsoft.KeyVault/vaults","location":"westus","tags":{},"properties":{"sku":{"family":"A","name":"premium"},"tenantId":"54826b22-38d6-4fb2-bad9-b7b93a3e9c5a","accessPolicies":[{"tenantId":"54826b22-38d6-4fb2-bad9-b7b93a3e9c5a","objectId":"9ac02ab3-5061-4ec6-a3d8-2cdaa5f29efa","permissions":{"keys":["get","create","delete","list","update","import","backup","restore","recover"],"secrets":["get","list","set","delete","backup","restore","recover"],"certificates":["get","list","delete","create","import","update","managecontacts","getissuers","listissuers","setissuers","deleteissuers","manageissuers","recover"],"storage":["get","list","delete","set","update","regeneratekey","setsas","listsas","getsas","deletesas"]}}],"enabledForDeployment":false,"enableSoftDelete":true,"vaultUri":"https://cli-test-keyvault-000002.vault.azure.net","provisioningState":"RegisteringDns"}}'
    headers:
      cache-control:
      - no-cache
      content-length:
      - '1129'
      content-type:
      - application/json; charset=utf-8
      date:
      - Wed, 11 Dec 2019 03:26:08 GMT
      expires:
      - '-1'
      pragma:
      - no-cache
      server:
      - Microsoft-IIS/10.0
      strict-transport-security:
      - max-age=31536000; includeSubDomains
      transfer-encoding:
      - chunked
      vary:
      - Accept-Encoding
      x-aspnet-version:
      - 4.0.30319
      x-content-type-options:
      - nosniff
      x-ms-keyvault-service-version:
      - 1.1.0.261
      x-ms-ratelimit-remaining-subscription-writes:
      - '1197'
      x-powered-by:
      - ASP.NET
    status:
      code: 200
      message: OK
- request:
    body: null
    headers:
      Accept:
      - application/json
      Accept-Encoding:
      - gzip, deflate
      CommandName:
      - keyvault create
      Connection:
      - keep-alive
      ParameterSetName:
      - -g -n -l --sku --enable-soft-delete
      User-Agent:
      - python/3.7.5 (Windows-10-10.0.18362-SP0) msrest/0.6.10 msrest_azure/0.6.2
        azure-mgmt-keyvault/1.1.0 Azure-SDK-For-Python AZURECLI/2.0.77
    method: GET
    uri: https://management.azure.com/subscriptions/00000000-0000-0000-0000-000000000000/resourceGroups/cli_test_keyvault_secret000001/providers/Microsoft.KeyVault/vaults/cli-test-keyvault-000002?api-version=2018-02-14
  response:
    body:
      string: '{"id":"/subscriptions/00000000-0000-0000-0000-000000000000/resourceGroups/cli_test_keyvault_secret000001/providers/Microsoft.KeyVault/vaults/cli-test-keyvault-000002","name":"cli-test-keyvault-000002","type":"Microsoft.KeyVault/vaults","location":"westus","tags":{},"properties":{"sku":{"family":"A","name":"premium"},"tenantId":"54826b22-38d6-4fb2-bad9-b7b93a3e9c5a","accessPolicies":[{"tenantId":"54826b22-38d6-4fb2-bad9-b7b93a3e9c5a","objectId":"9ac02ab3-5061-4ec6-a3d8-2cdaa5f29efa","permissions":{"keys":["get","create","delete","list","update","import","backup","restore","recover"],"secrets":["get","list","set","delete","backup","restore","recover"],"certificates":["get","list","delete","create","import","update","managecontacts","getissuers","listissuers","setissuers","deleteissuers","manageissuers","recover"],"storage":["get","list","delete","set","update","regeneratekey","setsas","listsas","getsas","deletesas"]}}],"enabledForDeployment":false,"enableSoftDelete":true,"vaultUri":"https://cli-test-keyvault-000002.vault.azure.net/","provisioningState":"Succeeded"}}'
    headers:
      cache-control:
      - no-cache
      content-length:
      - '1125'
      content-type:
      - application/json; charset=utf-8
      date:
      - Wed, 11 Dec 2019 03:26:40 GMT
      expires:
      - '-1'
      pragma:
      - no-cache
      server:
      - Microsoft-IIS/10.0
      strict-transport-security:
      - max-age=31536000; includeSubDomains
      transfer-encoding:
      - chunked
      vary:
      - Accept-Encoding
      x-aspnet-version:
      - 4.0.30319
      x-content-type-options:
      - nosniff
      x-ms-keyvault-service-version:
      - 1.1.0.261
      x-powered-by:
      - ASP.NET
    status:
      code: 200
      message: OK
- request:
    body: null
    headers:
      Accept:
      - application/json
      Accept-Encoding:
      - gzip, deflate
      CommandName:
      - keyvault show
      Connection:
      - keep-alive
      Content-Type:
      - application/json; charset=utf-8
      ParameterSetName:
      - -n
      User-Agent:
      - python/3.7.5 (Windows-10-10.0.18362-SP0) msrest/0.6.10 msrest_azure/0.6.2
        azure-mgmt-keyvault/1.1.0 Azure-SDK-For-Python AZURECLI/2.0.77
      accept-language:
      - en-US
    method: GET
    uri: https://management.azure.com/subscriptions/00000000-0000-0000-0000-000000000000/resources?$filter=resourceType%20eq%20%27Microsoft.KeyVault%2Fvaults%27&api-version=2015-11-01
  response:
    body:
      string: '{"value":[{"id":"/subscriptions/00000000-0000-0000-0000-000000000000/resourceGroups/bim-rg/providers/Microsoft.KeyVault/vaults/bim-foo","name":"bim-foo","type":"Microsoft.KeyVault/vaults","location":"northcentralus","tags":{}},{"id":"/subscriptions/00000000-0000-0000-0000-000000000000/resourceGroups/cli_test_disk_encryption_set_update_exvtqiuj5623wlbvjiearq33qocetpd5w7ocpfs/providers/Microsoft.KeyVault/vaults/vault1-dk77xkq42y62f","name":"vault1-dk77xkq42y62f","type":"Microsoft.KeyVault/vaults","location":"westcentralus","tags":{}},{"id":"/subscriptions/00000000-0000-0000-0000-000000000000/resourceGroups/cli_test_disk_encryption_set_update_exvtqiuj5623wlbvjiearq33qocetpd5w7ocpfs/providers/Microsoft.KeyVault/vaults/vault2-67qn6veyxoest","name":"vault2-67qn6veyxoest","type":"Microsoft.KeyVault/vaults","location":"westcentralus","tags":{}},{"id":"/subscriptions/00000000-0000-0000-0000-000000000000/resourceGroups/cli_test_keyvault_secret000001/providers/Microsoft.KeyVault/vaults/cli-test-keyvault-000002","name":"cli-test-keyvault-000002","type":"Microsoft.KeyVault/vaults","location":"westus","tags":{}},{"id":"/subscriptions/00000000-0000-0000-0000-000000000000/resourceGroups/fytest/providers/Microsoft.KeyVault/vaults/vault4848","name":"vault4848","type":"Microsoft.KeyVault/vaults","location":"centraluseuap","tags":{}},{"id":"/subscriptions/00000000-0000-0000-0000-000000000000/resourceGroups/jlrg1/providers/Microsoft.KeyVault/vaults/jlkv1126","name":"jlkv1126","type":"Microsoft.KeyVault/vaults","location":"southeastasia","tags":{}},{"id":"/subscriptions/00000000-0000-0000-0000-000000000000/resourceGroups/jlrg1/providers/Microsoft.KeyVault/vaults/jlkv11262","name":"jlkv11262","type":"Microsoft.KeyVault/vaults","location":"southeastasia","tags":{}},{"id":"/subscriptions/00000000-0000-0000-0000-000000000000/resourceGroups/yeming/providers/Microsoft.KeyVault/vaults/yeming","name":"yeming","type":"Microsoft.KeyVault/vaults","location":"eastasia","tags":{}}]}'
    headers:
      cache-control:
      - no-cache
      content-length:
      - '2027'
      content-type:
      - application/json; charset=utf-8
      date:
      - Wed, 11 Dec 2019 03:26:41 GMT
      expires:
      - '-1'
      pragma:
      - no-cache
      strict-transport-security:
      - max-age=31536000; includeSubDomains
      vary:
      - Accept-Encoding
      x-content-type-options:
      - nosniff
    status:
      code: 200
      message: OK
- request:
    body: null
    headers:
      Accept:
      - application/json
      Accept-Encoding:
      - gzip, deflate
      CommandName:
      - keyvault show
      Connection:
      - keep-alive
      Content-Type:
      - application/json; charset=utf-8
      ParameterSetName:
      - -n
      User-Agent:
      - python/3.7.5 (Windows-10-10.0.18362-SP0) msrest/0.6.10 msrest_azure/0.6.2
        azure-mgmt-keyvault/1.1.0 Azure-SDK-For-Python AZURECLI/2.0.77
      accept-language:
      - en-US
    method: GET
    uri: https://management.azure.com/subscriptions/00000000-0000-0000-0000-000000000000/resourceGroups/cli_test_keyvault_secret000001/providers/Microsoft.KeyVault/vaults/cli-test-keyvault-000002?api-version=2018-02-14
  response:
    body:
      string: '{"id":"/subscriptions/00000000-0000-0000-0000-000000000000/resourceGroups/cli_test_keyvault_secret000001/providers/Microsoft.KeyVault/vaults/cli-test-keyvault-000002","name":"cli-test-keyvault-000002","type":"Microsoft.KeyVault/vaults","location":"westus","tags":{},"properties":{"sku":{"family":"A","name":"premium"},"tenantId":"54826b22-38d6-4fb2-bad9-b7b93a3e9c5a","accessPolicies":[{"tenantId":"54826b22-38d6-4fb2-bad9-b7b93a3e9c5a","objectId":"9ac02ab3-5061-4ec6-a3d8-2cdaa5f29efa","permissions":{"keys":["get","create","delete","list","update","import","backup","restore","recover"],"secrets":["get","list","set","delete","backup","restore","recover"],"certificates":["get","list","delete","create","import","update","managecontacts","getissuers","listissuers","setissuers","deleteissuers","manageissuers","recover"],"storage":["get","list","delete","set","update","regeneratekey","setsas","listsas","getsas","deletesas"]}}],"enabledForDeployment":false,"enableSoftDelete":true,"vaultUri":"https://cli-test-keyvault-000002.vault.azure.net/","provisioningState":"Succeeded"}}'
    headers:
      cache-control:
      - no-cache
      content-length:
      - '1125'
      content-type:
      - application/json; charset=utf-8
      date:
      - Wed, 11 Dec 2019 03:26:43 GMT
      expires:
      - '-1'
      pragma:
      - no-cache
      server:
      - Microsoft-IIS/10.0
      strict-transport-security:
      - max-age=31536000; includeSubDomains
      transfer-encoding:
      - chunked
      vary:
      - Accept-Encoding
      x-aspnet-version:
      - 4.0.30319
      x-content-type-options:
      - nosniff
      x-ms-keyvault-service-version:
      - 1.1.0.261
      x-powered-by:
      - ASP.NET
    status:
      code: 200
      message: OK
- request:
    body: ''
    headers:
      Accept:
      - application/json
      Accept-Encoding:
      - gzip, deflate
      Connection:
      - keep-alive
      Content-Length:
      - 0
      Content-Type:
      - application/json; charset=utf-8
      User-Agent:
      - python/3.7.5 (Windows-10-10.0.18362-SP0) msrest/0.6.10 msrest_azure/0.6.2
        azure-keyvault/7.0 Azure-SDK-For-Python
      accept-language:
      - en-US
    method: PUT
    uri: https://cli-test-keyvault-000002.vault.azure.net/secrets/secret1?api-version=7.0
  response:
    body:
      string: '{"error":{"code":"Unauthorized","message":"Request is missing a Bearer
        or PoP token."}}'
    headers:
      cache-control:
      - no-cache
      content-length:
      - '87'
      content-type:
      - application/json; charset=utf-8
      date:
      - Wed, 11 Dec 2019 03:27:04 GMT
      expires:
      - '-1'
      pragma:
      - no-cache
      server:
      - Microsoft-IIS/10.0
      strict-transport-security:
      - max-age=31536000;includeSubDomains
      www-authenticate:
      - Bearer authorization="https://login.windows.net/54826b22-38d6-4fb2-bad9-b7b93a3e9c5a",
        resource="https://vault.azure.net"
      x-aspnet-version:
      - 4.0.30319
      x-content-type-options:
      - nosniff
      x-ms-keyvault-network-info:
      - addr=167.220.255.93;act_addr_fam=InterNetwork;
      x-ms-keyvault-region:
      - westus
      x-ms-keyvault-service-version:
      - 1.1.0.883
      x-powered-by:
      - ASP.NET
    status:
      code: 401
      message: Unauthorized
- request:
    body: '{"value": "ABC123", "tags": {"file-encoding": "utf-8"}, "attributes": {}}'
    headers:
      Accept:
      - application/json
      Accept-Encoding:
      - gzip, deflate
      Connection:
      - keep-alive
      Content-Length:
      - '73'
      Content-Type:
      - application/json; charset=utf-8
      User-Agent:
      - python/3.7.5 (Windows-10-10.0.18362-SP0) msrest/0.6.10 msrest_azure/0.6.2
        azure-keyvault/7.0 Azure-SDK-For-Python
      accept-language:
      - en-US
    method: PUT
    uri: https://cli-test-keyvault-000002.vault.azure.net/secrets/secret1?api-version=7.0
  response:
    body:
      string: '{"value":"ABC123","id":"https://cli-test-keyvault-000002.vault.azure.net/secrets/secret1/c3b798b57ee04305a054e539a338909d","attributes":{"enabled":true,"created":1576034826,"updated":1576034826,"recoveryLevel":"Recoverable+Purgeable"},"tags":{"file-encoding":"utf-8"}}'
    headers:
      cache-control:
      - no-cache
      content-length:
      - '268'
      content-type:
      - application/json; charset=utf-8
      date:
      - Wed, 11 Dec 2019 03:27:07 GMT
      expires:
      - '-1'
      pragma:
      - no-cache
      server:
      - Microsoft-IIS/10.0
      strict-transport-security:
      - max-age=31536000;includeSubDomains
      x-aspnet-version:
      - 4.0.30319
      x-content-type-options:
      - nosniff
      x-ms-keyvault-network-info:
      - addr=167.220.255.93;act_addr_fam=InterNetwork;
      x-ms-keyvault-region:
      - westus
      x-ms-keyvault-service-version:
      - 1.1.0.883
      x-powered-by:
      - ASP.NET
    status:
      code: 200
      message: OK
- request:
    body: null
    headers:
      Accept:
      - application/json
      Accept-Encoding:
      - gzip, deflate
      Connection:
      - keep-alive
      Content-Length:
      - '0'
      Content-Type:
      - application/json; charset=utf-8
      User-Agent:
      - python/3.7.5 (Windows-10-10.0.18362-SP0) msrest/0.6.10 msrest_azure/0.6.2
        azure-keyvault/7.0 Azure-SDK-For-Python
      accept-language:
      - en-US
    method: DELETE
    uri: https://cli-test-keyvault-000002.vault.azure.net/secrets/secret1?api-version=7.0
  response:
    body:
      string: '{"recoveryId":"https://cli-test-keyvault-000002.vault.azure.net/deletedsecrets/secret1","deletedDate":1576034828,"scheduledPurgeDate":1583810828,"id":"https://cli-test-keyvault-000002.vault.azure.net/secrets/secret1/c3b798b57ee04305a054e539a338909d","attributes":{"enabled":true,"created":1576034826,"updated":1576034826,"recoveryLevel":"Recoverable+Purgeable"},"tags":{"file-encoding":"utf-8"}}'
    headers:
      cache-control:
      - no-cache
      content-length:
      - '395'
      content-type:
      - application/json; charset=utf-8
      date:
      - Wed, 11 Dec 2019 03:27:08 GMT
      expires:
      - '-1'
      pragma:
      - no-cache
      server:
      - Microsoft-IIS/10.0
      strict-transport-security:
      - max-age=31536000;includeSubDomains
      x-aspnet-version:
      - 4.0.30319
      x-content-type-options:
      - nosniff
      x-ms-keyvault-network-info:
      - addr=167.220.255.93;act_addr_fam=InterNetwork;
      x-ms-keyvault-region:
      - westus
      x-ms-keyvault-service-version:
      - 1.1.0.883
      x-powered-by:
      - ASP.NET
    status:
      code: 200
      message: OK
- request:
    body: null
    headers:
      Accept:
      - application/json
      Accept-Encoding:
      - gzip, deflate
      Connection:
      - keep-alive
      Content-Type:
      - application/json; charset=utf-8
      User-Agent:
      - python/3.7.5 (Windows-10-10.0.18362-SP0) msrest/0.6.10 msrest_azure/0.6.2
        azure-keyvault/7.0 Azure-SDK-For-Python
      accept-language:
      - en-US
    method: GET
    uri: https://cli-test-keyvault-000002.vault.azure.net/deletedsecrets?api-version=7.0
  response:
    body:
      string: '{"value":[{"recoveryId":"https://cli-test-keyvault-000002.vault.azure.net/deletedsecrets/secret1","deletedDate":1576034828,"scheduledPurgeDate":1583810828,"id":"https://cli-test-keyvault-000002.vault.azure.net/secrets/secret1","attributes":{"enabled":true,"created":1576034826,"updated":1576034826,"recoveryLevel":"Recoverable+Purgeable"},"tags":{"file-encoding":"utf-8"}}],"nextLink":null}'
    headers:
      cache-control:
      - no-cache
      content-length:
      - '390'
      content-type:
      - application/json; charset=utf-8
      date:
      - Wed, 11 Dec 2019 03:27:29 GMT
      expires:
      - '-1'
      pragma:
      - no-cache
      server:
      - Microsoft-IIS/10.0
      strict-transport-security:
      - max-age=31536000;includeSubDomains
      x-aspnet-version:
      - 4.0.30319
      x-content-type-options:
      - nosniff
      x-ms-keyvault-network-info:
      - addr=167.220.255.93;act_addr_fam=InterNetwork;
      x-ms-keyvault-region:
      - westus
      x-ms-keyvault-service-version:
      - 1.1.0.883
      x-powered-by:
      - ASP.NET
    status:
      code: 200
      message: OK
- request:
    body: null
    headers:
      Accept:
      - application/json
      Accept-Encoding:
      - gzip, deflate
      Connection:
      - keep-alive
      Content-Type:
      - application/json; charset=utf-8
      User-Agent:
      - python/3.7.5 (Windows-10-10.0.18362-SP0) msrest/0.6.10 msrest_azure/0.6.2
        azure-keyvault/7.0 Azure-SDK-For-Python
      accept-language:
      - en-US
    method: GET
    uri: https://cli-test-keyvault-000002.vault.azure.net/deletedsecrets?maxresults=10&api-version=7.0
  response:
    body:
      string: '{"value":[{"recoveryId":"https://cli-test-keyvault-000002.vault.azure.net/deletedsecrets/secret1","deletedDate":1576034828,"scheduledPurgeDate":1583810828,"id":"https://cli-test-keyvault-000002.vault.azure.net/secrets/secret1","attributes":{"enabled":true,"created":1576034826,"updated":1576034826,"recoveryLevel":"Recoverable+Purgeable"},"tags":{"file-encoding":"utf-8"}}],"nextLink":null}'
    headers:
      cache-control:
      - no-cache
      content-length:
      - '390'
      content-type:
      - application/json; charset=utf-8
      date:
      - Wed, 11 Dec 2019 03:27:30 GMT
      expires:
      - '-1'
      pragma:
      - no-cache
      server:
      - Microsoft-IIS/10.0
      strict-transport-security:
      - max-age=31536000;includeSubDomains
      x-aspnet-version:
      - 4.0.30319
      x-content-type-options:
      - nosniff
      x-ms-keyvault-network-info:
      - addr=167.220.255.93;act_addr_fam=InterNetwork;
      x-ms-keyvault-region:
      - westus
      x-ms-keyvault-service-version:
      - 1.1.0.883
      x-powered-by:
      - ASP.NET
    status:
      code: 200
      message: OK
- request:
    body: null
    headers:
      Accept:
      - application/json
      Accept-Encoding:
      - gzip, deflate
      Connection:
      - keep-alive
      Content-Type:
      - application/json; charset=utf-8
      User-Agent:
      - python/3.7.5 (Windows-10-10.0.18362-SP0) msrest/0.6.10 msrest_azure/0.6.2
        azure-keyvault/7.0 Azure-SDK-For-Python
      accept-language:
      - en-US
    method: GET
    uri: https://cli-test-keyvault-000002.vault.azure.net/deletedsecrets/secret1?api-version=7.0
  response:
    body:
      string: '{"recoveryId":"https://cli-test-keyvault-000002.vault.azure.net/deletedsecrets/secret1","deletedDate":1576034828,"scheduledPurgeDate":1583810828,"id":"https://cli-test-keyvault-000002.vault.azure.net/secrets/secret1/c3b798b57ee04305a054e539a338909d","attributes":{"enabled":true,"created":1576034826,"updated":1576034826,"recoveryLevel":"Recoverable+Purgeable"},"tags":{"file-encoding":"utf-8"}}'
    headers:
      cache-control:
      - no-cache
      content-length:
      - '395'
      content-type:
      - application/json; charset=utf-8
      date:
      - Wed, 11 Dec 2019 03:27:32 GMT
      expires:
      - '-1'
      pragma:
      - no-cache
      server:
      - Microsoft-IIS/10.0
      strict-transport-security:
      - max-age=31536000;includeSubDomains
      x-aspnet-version:
      - 4.0.30319
      x-content-type-options:
      - nosniff
      x-ms-keyvault-network-info:
      - addr=167.220.255.93;act_addr_fam=InterNetwork;
      x-ms-keyvault-region:
      - westus
      x-ms-keyvault-service-version:
      - 1.1.0.883
      x-powered-by:
      - ASP.NET
    status:
      code: 200
      message: OK
- request:
    body: null
    headers:
      Accept:
      - application/json
      Accept-Encoding:
      - gzip, deflate
      Connection:
      - keep-alive
      Content-Type:
      - application/json; charset=utf-8
      User-Agent:
      - python/3.7.5 (Windows-10-10.0.18362-SP0) msrest/0.6.10 msrest_azure/0.6.2
        azure-keyvault/7.0 Azure-SDK-For-Python
      accept-language:
      - en-US
    method: GET
    uri: https://cli-test-keyvault-000002.vault.azure.net/deletedsecrets/secret1?api-version=7.0
  response:
    body:
      string: '{"recoveryId":"https://cli-test-keyvault-000002.vault.azure.net/deletedsecrets/secret1","deletedDate":1576034828,"scheduledPurgeDate":1583810828,"id":"https://cli-test-keyvault-000002.vault.azure.net/secrets/secret1/c3b798b57ee04305a054e539a338909d","attributes":{"enabled":true,"created":1576034826,"updated":1576034826,"recoveryLevel":"Recoverable+Purgeable"},"tags":{"file-encoding":"utf-8"}}'
    headers:
      cache-control:
      - no-cache
      content-length:
      - '395'
      content-type:
      - application/json; charset=utf-8
      date:
      - Wed, 11 Dec 2019 03:27:33 GMT
      expires:
      - '-1'
      pragma:
      - no-cache
      server:
      - Microsoft-IIS/10.0
      strict-transport-security:
      - max-age=31536000;includeSubDomains
      x-aspnet-version:
      - 4.0.30319
      x-content-type-options:
      - nosniff
      x-ms-keyvault-network-info:
      - addr=167.220.255.93;act_addr_fam=InterNetwork;
      x-ms-keyvault-region:
      - westus
      x-ms-keyvault-service-version:
      - 1.1.0.883
      x-powered-by:
      - ASP.NET
    status:
      code: 200
      message: OK
version: 1
