interactions:
- request:
    body: null
    headers:
      Accept:
      - application/json
      Accept-Encoding:
      - gzip, deflate
      Connection:
      - keep-alive
      User-Agent:
      - python/3.8.5 (Windows-10-10.0.19041-SP0) msrest/0.6.18 msrest_azure/0.6.3
        azure-graphrbac/0.60.0 Azure-SDK-For-Python
      accept-language:
      - en-US
    method: GET
    uri: https://graph.windows.net/00000000-0000-0000-0000-000000000000/me?api-version=1.6
  response:
    body:
      string: '{"odata.metadata":"https://graph.windows.net/00000000-0000-0000-0000-000000000000/$metadata#directoryObjects/@Element","odata.type":"Microsoft.DirectoryServices.User","objectType":"User","objectId":"9ac02ab3-5061-4ec6-a3d8-2cdaa5f29efa","deletionTimestamp":null,"accountEnabled":true,"ageGroup":null,"assignedLicenses":[],"assignedPlans":[],"city":null,"companyName":null,"consentProvidedForMinor":null,"country":null,"createdDateTime":"2019-10-21T06:37:42Z","creationType":"Invitation","department":null,"dirSyncEnabled":null,"displayName":"Bin
        Ma","employeeId":null,"facsimileTelephoneNumber":null,"givenName":null,"immutableId":null,"isCompromised":null,"jobTitle":null,"lastDirSyncTime":null,"legalAgeGroupClassification":null,"mail":"bim@microsoft.com","mailNickname":"bim_microsoft.com#EXT#","mobile":null,"onPremisesDistinguishedName":null,"onPremisesSecurityIdentifier":null,"otherMails":["bim@microsoft.com"],"passwordPolicies":null,"passwordProfile":null,"physicalDeliveryOfficeName":null,"postalCode":null,"preferredLanguage":null,"provisionedPlans":[],"provisioningErrors":[],"proxyAddresses":["SMTP:bim@microsoft.com"],"refreshTokensValidFromDateTime":"2019-10-21T06:37:41Z","showInAddressList":false,"signInNames":[],"sipProxyAddress":null,"state":null,"streetAddress":null,"surname":null,"telephoneNumber":null,"thumbnailPhoto@odata.mediaEditLink":"directoryObjects/9ac02ab3-5061-4ec6-a3d8-2cdaa5f29efa/Microsoft.DirectoryServices.User/thumbnailPhoto","usageLocation":null,"userIdentities":[],"userPrincipalName":"bim_microsoft.com#EXT#@AzureSDKTeam.onmicrosoft.com","userState":"Accepted","userStateChangedOn":"2019-10-21T06:39:35Z","userType":"Guest"}'
    headers:
      access-control-allow-origin:
      - '*'
      cache-control:
      - no-cache
      content-length:
      - '1668'
      content-type:
      - application/json; odata=minimalmetadata; streaming=true; charset=utf-8
      dataserviceversion:
      - 3.0;
      date:
      - Tue, 27 Oct 2020 03:20:37 GMT
      duration:
      - '2340956'
      expires:
      - '-1'
      ocp-aad-diagnostics-server-name:
      - 75KyH2lGmvGlHkCixbnEY4tkB4A5yV+GECvb8fTCB/U=
      ocp-aad-session-key:
      - GRcy9Q-hzl2e4r81fniZYA1j5JcdSe5WCQIsceSCeKTrwWsjXWjRpf34Y2G7f9x0ZT5BMyHB6qhsuuHrbQimw-Zc4RE-f1GhqquYgj0G0S7OAAlgYg7lL2xMC-9rvpNt.5FgUdZMhFvD3A1I72GvxHVgo1gGUjePH9WA7TC3IdHQ
      pragma:
      - no-cache
      request-id:
      - c79c01a2-58d1-43e9-bcff-95b8aaa0add4
      strict-transport-security:
      - max-age=31536000; includeSubDomains
      x-aspnet-version:
      - 4.0.30319
      x-ms-dirapi-data-contract-version:
      - '1.6'
      x-ms-resource-unit:
      - '1'
      x-powered-by:
      - ASP.NET
    status:
      code: 200
      message: OK
- request:
    body: '{"location": "eastus", "properties": {"tenantId": "54826b22-38d6-4fb2-bad9-b7b93a3e9c5a",
      "sku": {"family": "A", "name": "premium"}, "accessPolicies": [{"tenantId": "54826b22-38d6-4fb2-bad9-b7b93a3e9c5a",
      "objectId": "9ac02ab3-5061-4ec6-a3d8-2cdaa5f29efa", "permissions": {"keys":
      ["get", "create", "delete", "list", "update", "import", "backup", "restore",
      "recover"], "secrets": ["get", "list", "set", "delete", "backup", "restore",
      "recover"], "certificates": ["get", "list", "delete", "create", "import", "update",
      "managecontacts", "getissuers", "listissuers", "setissuers", "deleteissuers",
      "manageissuers", "recover"], "storage": ["get", "list", "delete", "set", "update",
      "regeneratekey", "setsas", "listsas", "getsas", "deletesas"]}}], "enableSoftDelete":
      true, "softDeleteRetentionInDays": 90, "networkAcls": {"bypass": "AzureServices",
      "defaultAction": "Allow"}}}'
    headers:
      Accept:
      - application/json
      Accept-Encoding:
      - gzip, deflate
      CommandName:
      - keyvault create
      Connection:
      - keep-alive
      Content-Length:
      - '874'
      Content-Type:
      - application/json
      ParameterSetName:
      - -g -n -l --sku --enable-soft-delete
      User-Agent:
      - AZURECLI/2.14.0 azsdk-python-azure-mgmt-keyvault/8.0.0 Python/3.8.5 (Windows-10-10.0.19041-SP0)
    method: PUT
    uri: https://management.azure.com/subscriptions/00000000-0000-0000-0000-000000000000/resourceGroups/cli_test_keyvault_secret_soft_delete000001/providers/Microsoft.KeyVault/vaults/cli-test-kv-se-sd-000002?api-version=2019-09-01
  response:
    body:
      string: '{"id":"/subscriptions/00000000-0000-0000-0000-000000000000/resourceGroups/cli_test_keyvault_secret_soft_delete000001/providers/Microsoft.KeyVault/vaults/cli-test-kv-se-sd-000002","name":"cli-test-kv-se-sd-000002","type":"Microsoft.KeyVault/vaults","location":"eastus","tags":{},"properties":{"sku":{"family":"A","name":"premium"},"tenantId":"54826b22-38d6-4fb2-bad9-b7b93a3e9c5a","accessPolicies":[{"tenantId":"54826b22-38d6-4fb2-bad9-b7b93a3e9c5a","objectId":"9ac02ab3-5061-4ec6-a3d8-2cdaa5f29efa","permissions":{"keys":["get","create","delete","list","update","import","backup","restore","recover"],"secrets":["get","list","set","delete","backup","restore","recover"],"certificates":["get","list","delete","create","import","update","managecontacts","getissuers","listissuers","setissuers","deleteissuers","manageissuers","recover"],"storage":["get","list","delete","set","update","regeneratekey","setsas","listsas","getsas","deletesas"]}}],"enabledForDeployment":false,"enableSoftDelete":true,"softDeleteRetentionInDays":90,"vaultUri":"https://cli-test-kv-se-sd-000002.vault.azure.net","provisioningState":"RegisteringDns"}}'
    headers:
      cache-control:
      - no-cache
      content-length:
      - '1160'
      content-type:
      - application/json; charset=utf-8
      date:
      - Tue, 27 Oct 2020 03:20:47 GMT
      expires:
      - '-1'
      pragma:
      - no-cache
      server:
      - Microsoft-IIS/10.0
      strict-transport-security:
      - max-age=31536000; includeSubDomains
      transfer-encoding:
      - chunked
      vary:
      - Accept-Encoding
      x-aspnet-version:
      - 4.0.30319
      x-content-type-options:
      - nosniff
      x-ms-keyvault-service-version:
      - 1.1.112.0
      x-ms-ratelimit-remaining-subscription-writes:
      - '1199'
      x-powered-by:
      - ASP.NET
    status:
      code: 200
      message: OK
- request:
    body: null
    headers:
      Accept:
      - '*/*'
      Accept-Encoding:
      - gzip, deflate
      CommandName:
      - keyvault create
      Connection:
      - keep-alive
      ParameterSetName:
      - -g -n -l --sku --enable-soft-delete
      User-Agent:
      - AZURECLI/2.14.0 azsdk-python-azure-mgmt-keyvault/8.0.0 Python/3.8.5 (Windows-10-10.0.19041-SP0)
    method: GET
    uri: https://management.azure.com/subscriptions/00000000-0000-0000-0000-000000000000/resourceGroups/cli_test_keyvault_secret_soft_delete000001/providers/Microsoft.KeyVault/vaults/cli-test-kv-se-sd-000002?api-version=2019-09-01
  response:
    body:
      string: '{"id":"/subscriptions/00000000-0000-0000-0000-000000000000/resourceGroups/cli_test_keyvault_secret_soft_delete000001/providers/Microsoft.KeyVault/vaults/cli-test-kv-se-sd-000002","name":"cli-test-kv-se-sd-000002","type":"Microsoft.KeyVault/vaults","location":"eastus","tags":{},"properties":{"sku":{"family":"A","name":"premium"},"tenantId":"54826b22-38d6-4fb2-bad9-b7b93a3e9c5a","accessPolicies":[{"tenantId":"54826b22-38d6-4fb2-bad9-b7b93a3e9c5a","objectId":"9ac02ab3-5061-4ec6-a3d8-2cdaa5f29efa","permissions":{"keys":["get","create","delete","list","update","import","backup","restore","recover"],"secrets":["get","list","set","delete","backup","restore","recover"],"certificates":["get","list","delete","create","import","update","managecontacts","getissuers","listissuers","setissuers","deleteissuers","manageissuers","recover"],"storage":["get","list","delete","set","update","regeneratekey","setsas","listsas","getsas","deletesas"]}}],"enabledForDeployment":false,"enableSoftDelete":true,"softDeleteRetentionInDays":90,"vaultUri":"https://cli-test-kv-se-sd-000002.vault.azure.net/","provisioningState":"Succeeded"}}'
    headers:
      cache-control:
      - no-cache
      content-length:
      - '1156'
      content-type:
      - application/json; charset=utf-8
      date:
      - Tue, 27 Oct 2020 03:21:18 GMT
      expires:
      - '-1'
      pragma:
      - no-cache
      server:
      - Microsoft-IIS/10.0
      strict-transport-security:
      - max-age=31536000; includeSubDomains
      transfer-encoding:
      - chunked
      vary:
      - Accept-Encoding
      x-aspnet-version:
      - 4.0.30319
      x-content-type-options:
      - nosniff
      x-ms-keyvault-service-version:
      - 1.1.112.0
      x-powered-by:
      - ASP.NET
    status:
      code: 200
      message: OK
- request:
    body: null
    headers:
      Accept:
      - application/json
      Accept-Encoding:
      - gzip, deflate
      CommandName:
      - keyvault show
      Connection:
      - keep-alive
      ParameterSetName:
      - -n
      User-Agent:
      - AZURECLI/2.14.0 azsdk-python-azure-mgmt-keyvault/8.0.0 Python/3.8.5 (Windows-10-10.0.19041-SP0)
    method: GET
    uri: https://management.azure.com/subscriptions/00000000-0000-0000-0000-000000000000/resources?$filter=resourceType%20eq%20%27Microsoft.KeyVault%2Fvaults%27&api-version=2015-11-01
  response:
    body:
      string: '{"value":[{"id":"/subscriptions/00000000-0000-0000-0000-000000000000/resourceGroups/azps-test-group/providers/Microsoft.KeyVault/vaults/azps-test-kv2","name":"azps-test-kv2","type":"Microsoft.KeyVault/vaults","location":"eastus","tags":{}},{"id":"/subscriptions/00000000-0000-0000-0000-000000000000/resourceGroups/azps-test-group/providers/Microsoft.KeyVault/vaults/azps-test-kv4","name":"azps-test-kv4","type":"Microsoft.KeyVault/vaults","location":"southcentralus","tags":{}},{"id":"/subscriptions/00000000-0000-0000-0000-000000000000/resourceGroups/bim-rg/providers/Microsoft.KeyVault/vaults/bim-kv1","name":"bim-kv1","type":"Microsoft.KeyVault/vaults","location":"eastus","tags":{}},{"id":"/subscriptions/00000000-0000-0000-0000-000000000000/resourceGroups/bim-rg/providers/Microsoft.KeyVault/vaults/bim-kv5","name":"bim-kv5","type":"Microsoft.KeyVault/vaults","location":"eastus2euap","tags":{"k1":"v1"}},{"id":"/subscriptions/00000000-0000-0000-0000-000000000000/resourceGroups/bim-rg/providers/Microsoft.KeyVault/vaults/dogfood-env-pwd","name":"dogfood-env-pwd","type":"Microsoft.KeyVault/vaults","location":"eastus","tags":{}},{"id":"/subscriptions/00000000-0000-0000-0000-000000000000/resourceGroups/bim_pl_test_rg/providers/Microsoft.KeyVault/vaults/bimkv-nr-test","name":"bimkv-nr-test","type":"Microsoft.KeyVault/vaults","location":"eastus","tags":{}},{"id":"/subscriptions/00000000-0000-0000-0000-000000000000/resourceGroups/bim_pl_test_rg/providers/Microsoft.KeyVault/vaults/bimkv-nr-test2","name":"bimkv-nr-test2","type":"Microsoft.KeyVault/vaults","location":"eastus","tags":{}},{"id":"/subscriptions/00000000-0000-0000-0000-000000000000/resourceGroups/bim_pl_test_rg/providers/Microsoft.KeyVault/vaults/bimkv-nr-test3","name":"bimkv-nr-test3","type":"Microsoft.KeyVault/vaults","location":"eastus","tags":{}},{"id":"/subscriptions/00000000-0000-0000-0000-000000000000/resourceGroups/bim_pl_test_rg/providers/Microsoft.KeyVault/vaults/bimplkv","name":"bimplkv","type":"Microsoft.KeyVault/vaults","location":"eastus","tags":{}},{"id":"/subscriptions/00000000-0000-0000-0000-000000000000/resourceGroups/cli_test_keyvault_secret_soft_delete000001/providers/Microsoft.KeyVault/vaults/cli-test-kv-se-sd-000002","name":"cli-test-kv-se-sd-000002","type":"Microsoft.KeyVault/vaults","location":"eastus","tags":{}},{"id":"/subscriptions/00000000-0000-0000-0000-000000000000/resourceGroups/cli_test_kv_cert_contactsijlz4ds3a4ukqo4n67staafsqeztnyjuszpq45jhm6ehvc4ft4/providers/Microsoft.KeyVault/vaults/cli-test-kv-ct-co-eminbg","name":"cli-test-kv-ct-co-eminbg","type":"Microsoft.KeyVault/vaults","location":"westus","tags":{}},{"id":"/subscriptions/00000000-0000-0000-0000-000000000000/resourceGroups/cli_test_kv_cert_downloadjmyizhwwbokrb6qt3oh66rkl4pzhrhgxb42ym7uqosgmmzsl2l/providers/Microsoft.KeyVault/vaults/cli-test-kv-ct-dl-amspwx","name":"cli-test-kv-ct-dl-amspwx","type":"Microsoft.KeyVault/vaults","location":"eastus2","tags":{}},{"id":"/subscriptions/00000000-0000-0000-0000-000000000000/resourceGroups/cli_test_kv_cert_pendingmifma432wm5mcmk7ka3a5z7hhtujsxcxmj3hjzp5yxzixixwp55/providers/Microsoft.KeyVault/vaults/cli-test-kv-ct-pe-ca45ln","name":"cli-test-kv-ct-pe-ca45ln","type":"Microsoft.KeyVault/vaults","location":"westus","tags":{}},{"id":"/subscriptions/00000000-0000-0000-0000-000000000000/resourceGroups/fytest/providers/Microsoft.KeyVault/vaults/vault1569","name":"vault1569","type":"Microsoft.KeyVault/vaults","location":"centraluseuap","tags":{}},{"id":"/subscriptions/00000000-0000-0000-0000-000000000000/resourceGroups/jiasli-cli-dev/providers/Microsoft.KeyVault/vaults/cli-sni-kv","name":"cli-sni-kv","type":"Microsoft.KeyVault/vaults","location":"westus","tags":{}},{"id":"/subscriptions/00000000-0000-0000-0000-000000000000/resourceGroups/yeming/providers/Microsoft.KeyVault/vaults/yeming","name":"yeming","type":"Microsoft.KeyVault/vaults","location":"eastasia","tags":{}},{"id":"/subscriptions/00000000-0000-0000-0000-000000000000/resourceGroups/zuh/providers/Microsoft.KeyVault/vaults/zuhvault","name":"zuhvault","type":"Microsoft.KeyVault/vaults","location":"eastus","tags":{}}]}'
    headers:
      cache-control:
      - no-cache
      content-length:
      - '4153'
      content-type:
      - application/json; charset=utf-8
      date:
      - Tue, 27 Oct 2020 03:21:18 GMT
      expires:
      - '-1'
      pragma:
      - no-cache
      strict-transport-security:
      - max-age=31536000; includeSubDomains
      vary:
      - Accept-Encoding
      x-content-type-options:
      - nosniff
    status:
      code: 200
      message: OK
- request:
    body: null
    headers:
      Accept:
      - application/json
      Accept-Encoding:
      - gzip, deflate
      CommandName:
      - keyvault show
      Connection:
      - keep-alive
      ParameterSetName:
      - -n
      User-Agent:
      - AZURECLI/2.14.0 azsdk-python-azure-mgmt-keyvault/8.0.0 Python/3.8.5 (Windows-10-10.0.19041-SP0)
    method: GET
    uri: https://management.azure.com/subscriptions/00000000-0000-0000-0000-000000000000/resourceGroups/cli_test_keyvault_secret_soft_delete000001/providers/Microsoft.KeyVault/vaults/cli-test-kv-se-sd-000002?api-version=2019-09-01
  response:
    body:
      string: '{"id":"/subscriptions/00000000-0000-0000-0000-000000000000/resourceGroups/cli_test_keyvault_secret_soft_delete000001/providers/Microsoft.KeyVault/vaults/cli-test-kv-se-sd-000002","name":"cli-test-kv-se-sd-000002","type":"Microsoft.KeyVault/vaults","location":"eastus","tags":{},"properties":{"sku":{"family":"A","name":"premium"},"tenantId":"54826b22-38d6-4fb2-bad9-b7b93a3e9c5a","accessPolicies":[{"tenantId":"54826b22-38d6-4fb2-bad9-b7b93a3e9c5a","objectId":"9ac02ab3-5061-4ec6-a3d8-2cdaa5f29efa","permissions":{"keys":["get","create","delete","list","update","import","backup","restore","recover"],"secrets":["get","list","set","delete","backup","restore","recover"],"certificates":["get","list","delete","create","import","update","managecontacts","getissuers","listissuers","setissuers","deleteissuers","manageissuers","recover"],"storage":["get","list","delete","set","update","regeneratekey","setsas","listsas","getsas","deletesas"]}}],"enabledForDeployment":false,"enableSoftDelete":true,"softDeleteRetentionInDays":90,"vaultUri":"https://cli-test-kv-se-sd-000002.vault.azure.net/","provisioningState":"Succeeded"}}'
    headers:
      cache-control:
      - no-cache
      content-length:
      - '1156'
      content-type:
      - application/json; charset=utf-8
      date:
      - Tue, 27 Oct 2020 03:21:21 GMT
      expires:
      - '-1'
      pragma:
      - no-cache
      server:
      - Microsoft-IIS/10.0
      strict-transport-security:
      - max-age=31536000; includeSubDomains
      transfer-encoding:
      - chunked
      vary:
      - Accept-Encoding
      x-aspnet-version:
      - 4.0.30319
      x-content-type-options:
      - nosniff
      x-ms-keyvault-service-version:
      - 1.1.112.0
      x-powered-by:
      - ASP.NET
    status:
      code: 200
      message: OK
- request:
    body: ''
    headers:
      Accept:
      - application/json
      Accept-Encoding:
      - gzip, deflate
      Connection:
      - keep-alive
      Content-Length:
      - 0
      Content-Type:
      - application/json; charset=utf-8
      User-Agent:
      - python/3.8.5 (Windows-10-10.0.19041-SP0) msrest/0.6.18 msrest_azure/0.6.3
        azure-keyvault/7.0 Azure-SDK-For-Python
      accept-language:
      - en-US
    method: PUT
    uri: https://cli-test-kv-se-sd-000002.vault.azure.net/secrets/secret1?api-version=7.0
  response:
    body:
      string: '{"error":{"code":"Unauthorized","message":"Request is missing a Bearer
        or PoP token."}}'
    headers:
      cache-control:
      - no-cache
      content-length:
      - '87'
      content-type:
      - application/json; charset=utf-8
      date:
      - Tue, 27 Oct 2020 03:21:23 GMT
      expires:
      - '-1'
      pragma:
      - no-cache
      strict-transport-security:
      - max-age=31536000;includeSubDomains
      www-authenticate:
      - Bearer authorization="https://login.windows.net/54826b22-38d6-4fb2-bad9-b7b93a3e9c5a",
        resource="https://vault.azure.net"
      x-content-type-options:
      - nosniff
      x-ms-keyvault-network-info:
      - conn_type=Ipv4;addr=167.220.255.56;act_addr_fam=InterNetwork;
      x-ms-keyvault-region:
      - eastus
      x-ms-keyvault-service-version:
      - 1.2.41.0
      x-powered-by:
      - ASP.NET
    status:
      code: 401
      message: Unauthorized
- request:
    body: '{"value": "ABC123", "tags": {"file-encoding": "utf-8"}, "attributes": {}}'
    headers:
      Accept:
      - application/json
      Accept-Encoding:
      - gzip, deflate
      Connection:
      - keep-alive
      Content-Length:
      - '73'
      Content-Type:
      - application/json; charset=utf-8
      User-Agent:
      - python/3.8.5 (Windows-10-10.0.19041-SP0) msrest/0.6.18 msrest_azure/0.6.3
        azure-keyvault/7.0 Azure-SDK-For-Python
      accept-language:
      - en-US
    method: PUT
    uri: https://cli-test-kv-se-sd-000002.vault.azure.net/secrets/secret1?api-version=7.0
  response:
    body:
      string: '{"value":"ABC123","id":"https://cli-test-kv-se-sd-000002.vault.azure.net/secrets/secret1/964d0c78906a4e92bcdca7d1afcd36fa","attributes":{"enabled":true,"created":1603768883,"updated":1603768883,"recoveryLevel":"Recoverable+Purgeable"},"tags":{"file-encoding":"utf-8"}}'
    headers:
      cache-control:
      - no-cache
      content-length:
      - '268'
      content-type:
      - application/json; charset=utf-8
      date:
      - Tue, 27 Oct 2020 03:21:23 GMT
      expires:
      - '-1'
      pragma:
      - no-cache
      strict-transport-security:
      - max-age=31536000;includeSubDomains
      x-content-type-options:
      - nosniff
      x-ms-keyvault-network-info:
      - conn_type=Ipv4;addr=167.220.255.56;act_addr_fam=InterNetwork;
      x-ms-keyvault-region:
      - eastus
      x-ms-keyvault-service-version:
      - 1.2.41.0
      x-powered-by:
      - ASP.NET
    status:
      code: 200
      message: OK
- request:
    body: null
    headers:
      Accept:
      - application/json
      Accept-Encoding:
      - gzip, deflate
      Connection:
      - keep-alive
      Content-Length:
      - '0'
      Content-Type:
      - application/json; charset=utf-8
      User-Agent:
      - python/3.8.5 (Windows-10-10.0.19041-SP0) msrest/0.6.18 msrest_azure/0.6.3
        azure-keyvault/7.0 Azure-SDK-For-Python
      accept-language:
      - en-US
    method: DELETE
    uri: https://cli-test-kv-se-sd-000002.vault.azure.net/secrets/secret1?api-version=7.0
  response:
    body:
      string: '{"recoveryId":"https://cli-test-kv-se-sd-000002.vault.azure.net/deletedsecrets/secret1","deletedDate":1603768885,"scheduledPurgeDate":1611544885,"id":"https://cli-test-kv-se-sd-000002.vault.azure.net/secrets/secret1/964d0c78906a4e92bcdca7d1afcd36fa","attributes":{"enabled":true,"created":1603768883,"updated":1603768883,"recoveryLevel":"Recoverable+Purgeable"},"tags":{"file-encoding":"utf-8"}}'
    headers:
      cache-control:
      - no-cache
      content-length:
      - '395'
      content-type:
      - application/json; charset=utf-8
      date:
      - Tue, 27 Oct 2020 03:21:25 GMT
      expires:
      - '-1'
      pragma:
      - no-cache
      strict-transport-security:
      - max-age=31536000;includeSubDomains
      x-content-type-options:
      - nosniff
      x-ms-keyvault-network-info:
      - conn_type=Ipv4;addr=167.220.255.56;act_addr_fam=InterNetwork;
      x-ms-keyvault-region:
      - eastus
      x-ms-keyvault-service-version:
      - 1.2.41.0
      x-powered-by:
      - ASP.NET
    status:
      code: 200
      message: OK
- request:
    body: null
    headers:
      Accept:
      - application/json
      Accept-Encoding:
      - gzip, deflate
      Connection:
      - keep-alive
      Content-Type:
      - application/json; charset=utf-8
      User-Agent:
      - python/3.8.5 (Windows-10-10.0.19041-SP0) msrest/0.6.18 msrest_azure/0.6.3
        azure-keyvault/7.0 Azure-SDK-For-Python
      accept-language:
      - en-US
    method: GET
    uri: https://cli-test-kv-se-sd-000002.vault.azure.net/deletedsecrets?api-version=7.0
  response:
    body:
      string: '{"value":[],"nextLink":null}'
    headers:
      cache-control:
      - no-cache
      content-length:
      - '28'
      content-type:
      - application/json; charset=utf-8
      date:
      - Tue, 27 Oct 2020 03:21:26 GMT
      expires:
      - '-1'
      pragma:
      - no-cache
      strict-transport-security:
      - max-age=31536000;includeSubDomains
      x-content-type-options:
      - nosniff
      x-ms-keyvault-network-info:
      - conn_type=Ipv4;addr=167.220.255.56;act_addr_fam=InterNetwork;
      x-ms-keyvault-region:
      - eastus
      x-ms-keyvault-service-version:
      - 1.2.41.0
      x-powered-by:
      - ASP.NET
    status:
      code: 200
      message: OK
- request:
    body: '{"value": "ABC123", "tags": {"file-encoding": "utf-8"}, "attributes": {}}'
    headers:
      Accept:
      - application/json
      Accept-Encoding:
      - gzip, deflate
      Connection:
      - keep-alive
      Content-Length:
      - '73'
      Content-Type:
      - application/json; charset=utf-8
      User-Agent:
      - python/3.8.5 (Windows-10-10.0.19041-SP0) msrest/0.6.18 msrest_azure/0.6.3
        azure-keyvault/7.0 Azure-SDK-For-Python
      accept-language:
      - en-US
    method: PUT
    uri: https://cli-test-kv-se-sd-000002.vault.azure.net/secrets/secret1?api-version=7.0
  response:
    body:
      string: '{"error":{"code":"Conflict","message":"Secret secret1 is currently
        in a deleted but recoverable state, and its name cannot be reused; in this
        state, the secret can only be recovered or purged.","innererror":{"code":"ObjectIsDeletedButRecoverable"}}}'
    headers:
      cache-control:
      - no-cache
      content-length:
      - '249'
      content-type:
      - application/json; charset=utf-8
      date:
      - Tue, 27 Oct 2020 03:21:38 GMT
      expires:
      - '-1'
      pragma:
      - no-cache
      strict-transport-security:
      - max-age=31536000;includeSubDomains
      x-content-type-options:
      - nosniff
      x-ms-keyvault-network-info:
      - conn_type=Ipv4;addr=167.220.255.56;act_addr_fam=InterNetwork;
      x-ms-keyvault-region:
      - eastus
      x-ms-keyvault-service-version:
      - 1.2.41.0
      x-powered-by:
      - ASP.NET
    status:
      code: 409
      message: Conflict
- request:
    body: '{"value": "ABC123", "tags": {"file-encoding": "utf-8"}, "attributes": {}}'
    headers:
      Accept:
      - application/json
      Accept-Encoding:
      - gzip, deflate
      Connection:
      - keep-alive
      Content-Length:
      - '73'
      Content-Type:
      - application/json; charset=utf-8
      User-Agent:
      - python/3.8.5 (Windows-10-10.0.19041-SP0) msrest/0.6.18 msrest_azure/0.6.3
        azure-keyvault/7.0 Azure-SDK-For-Python
      accept-language:
      - en-US
    method: PUT
    uri: https://cli-test-kv-se-sd-000002.vault.azure.net/secrets/secret1?api-version=7.0
  response:
    body:
      string: '{"error":{"code":"Conflict","message":"Secret secret1 is currently
        in a deleted but recoverable state, and its name cannot be reused; in this
        state, the secret can only be recovered or purged.","innererror":{"code":"ObjectIsDeletedButRecoverable"}}}'
    headers:
      cache-control:
      - no-cache
      content-length:
      - '249'
      content-type:
      - application/json; charset=utf-8
      date:
      - Tue, 27 Oct 2020 03:21:49 GMT
      expires:
      - '-1'
      pragma:
      - no-cache
      strict-transport-security:
      - max-age=31536000;includeSubDomains
      x-content-type-options:
      - nosniff
      x-ms-keyvault-network-info:
      - conn_type=Ipv4;addr=167.220.255.120;act_addr_fam=InterNetwork;
      x-ms-keyvault-region:
      - eastus
      x-ms-keyvault-service-version:
      - 1.2.41.0
      x-powered-by:
      - ASP.NET
    status:
      code: 409
      message: Conflict
- request:
    body: '{"value": "ABC123", "tags": {"file-encoding": "utf-8"}, "attributes": {}}'
    headers:
      Accept:
      - application/json
      Accept-Encoding:
      - gzip, deflate
      Connection:
      - keep-alive
      Content-Length:
      - '73'
      Content-Type:
      - application/json; charset=utf-8
      User-Agent:
      - python/3.8.5 (Windows-10-10.0.19041-SP0) msrest/0.6.18 msrest_azure/0.6.3
        azure-keyvault/7.0 Azure-SDK-For-Python
      accept-language:
      - en-US
    method: PUT
    uri: https://cli-test-kv-se-sd-000002.vault.azure.net/secrets/secret1?api-version=7.0
  response:
    body:
      string: '{"error":{"code":"Conflict","message":"Secret secret1 is currently
        in a deleted but recoverable state, and its name cannot be reused; in this
        state, the secret can only be recovered or purged.","innererror":{"code":"ObjectIsDeletedButRecoverable"}}}'
    headers:
      cache-control:
      - no-cache
      content-length:
      - '249'
      content-type:
      - application/json; charset=utf-8
      date:
      - Tue, 27 Oct 2020 03:22:00 GMT
      expires:
      - '-1'
      pragma:
      - no-cache
      strict-transport-security:
      - max-age=31536000;includeSubDomains
      x-content-type-options:
      - nosniff
      x-ms-keyvault-network-info:
      - conn_type=Ipv4;addr=167.220.255.56;act_addr_fam=InterNetwork;
      x-ms-keyvault-region:
      - eastus
      x-ms-keyvault-service-version:
      - 1.2.41.0
      x-powered-by:
      - ASP.NET
    status:
      code: 409
      message: Conflict
- request:
    body: '{"value": "ABC123", "tags": {"file-encoding": "utf-8"}, "attributes": {}}'
    headers:
      Accept:
      - application/json
      Accept-Encoding:
      - gzip, deflate
      Connection:
      - keep-alive
      Content-Length:
      - '73'
      Content-Type:
      - application/json; charset=utf-8
      User-Agent:
      - python/3.8.5 (Windows-10-10.0.19041-SP0) msrest/0.6.18 msrest_azure/0.6.3
        azure-keyvault/7.0 Azure-SDK-For-Python
      accept-language:
      - en-US
    method: PUT
    uri: https://cli-test-kv-se-sd-000002.vault.azure.net/secrets/secret1?api-version=7.0
  response:
    body:
      string: '{"error":{"code":"Conflict","message":"Secret secret1 is currently
        in a deleted but recoverable state, and its name cannot be reused; in this
        state, the secret can only be recovered or purged.","innererror":{"code":"ObjectIsDeletedButRecoverable"}}}'
    headers:
      cache-control:
      - no-cache
      content-length:
      - '249'
      content-type:
      - application/json; charset=utf-8
      date:
      - Tue, 27 Oct 2020 03:22:12 GMT
      expires:
      - '-1'
      pragma:
      - no-cache
      strict-transport-security:
      - max-age=31536000;includeSubDomains
      x-content-type-options:
      - nosniff
      x-ms-keyvault-network-info:
      - conn_type=Ipv4;addr=167.220.255.56;act_addr_fam=InterNetwork;
      x-ms-keyvault-region:
      - eastus
      x-ms-keyvault-service-version:
      - 1.2.41.0
      x-powered-by:
      - ASP.NET
    status:
      code: 409
      message: Conflict
- request:
    body: '{"value": "ABC123", "tags": {"file-encoding": "utf-8"}, "attributes": {}}'
    headers:
      Accept:
      - application/json
      Accept-Encoding:
      - gzip, deflate
      Connection:
      - keep-alive
      Content-Length:
      - '73'
      Content-Type:
      - application/json; charset=utf-8
      User-Agent:
      - python/3.8.5 (Windows-10-10.0.19041-SP0) msrest/0.6.18 msrest_azure/0.6.3
        azure-keyvault/7.0 Azure-SDK-For-Python
      accept-language:
      - en-US
    method: PUT
    uri: https://cli-test-kv-se-sd-000002.vault.azure.net/secrets/secret1?api-version=7.0
  response:
    body:
      string: '{"error":{"code":"Conflict","message":"Secret secret1 is currently
        in a deleted but recoverable state, and its name cannot be reused; in this
        state, the secret can only be recovered or purged.","innererror":{"code":"ObjectIsDeletedButRecoverable"}}}'
    headers:
      cache-control:
      - no-cache
      content-length:
      - '249'
      content-type:
      - application/json; charset=utf-8
      date:
      - Tue, 27 Oct 2020 03:22:24 GMT
      expires:
      - '-1'
      pragma:
      - no-cache
      strict-transport-security:
      - max-age=31536000;includeSubDomains
      x-content-type-options:
      - nosniff
      x-ms-keyvault-network-info:
      - conn_type=Ipv4;addr=167.220.255.56;act_addr_fam=InterNetwork;
      x-ms-keyvault-region:
      - eastus
      x-ms-keyvault-service-version:
      - 1.2.41.0
      x-powered-by:
      - ASP.NET
    status:
      code: 409
      message: Conflict
- request:
    body: '{"value": "ABC123", "tags": {"file-encoding": "utf-8"}, "attributes": {}}'
    headers:
      Accept:
      - application/json
      Accept-Encoding:
      - gzip, deflate
      Connection:
      - keep-alive
      Content-Length:
      - '73'
      Content-Type:
      - application/json; charset=utf-8
      User-Agent:
      - python/3.8.5 (Windows-10-10.0.19041-SP0) msrest/0.6.18 msrest_azure/0.6.3
        azure-keyvault/7.0 Azure-SDK-For-Python
      accept-language:
      - en-US
    method: PUT
    uri: https://cli-test-kv-se-sd-000002.vault.azure.net/secrets/secret1?api-version=7.0
  response:
    body:
      string: '{"error":{"code":"Conflict","message":"Secret secret1 is currently
        in a deleted but recoverable state, and its name cannot be reused; in this
        state, the secret can only be recovered or purged.","innererror":{"code":"ObjectIsDeletedButRecoverable"}}}'
    headers:
      cache-control:
      - no-cache
      content-length:
      - '249'
      content-type:
      - application/json; charset=utf-8
      date:
      - Tue, 27 Oct 2020 03:22:35 GMT
      expires:
      - '-1'
      pragma:
      - no-cache
      strict-transport-security:
      - max-age=31536000;includeSubDomains
      x-content-type-options:
      - nosniff
      x-ms-keyvault-network-info:
      - conn_type=Ipv4;addr=167.220.255.56;act_addr_fam=InterNetwork;
      x-ms-keyvault-region:
      - eastus
      x-ms-keyvault-service-version:
      - 1.2.41.0
      x-powered-by:
      - ASP.NET
    status:
      code: 409
      message: Conflict
- request:
    body: '{"value": "ABC123", "tags": {"file-encoding": "utf-8"}, "attributes": {}}'
    headers:
      Accept:
      - application/json
      Accept-Encoding:
      - gzip, deflate
      Connection:
      - keep-alive
      Content-Length:
      - '73'
      Content-Type:
      - application/json; charset=utf-8
      User-Agent:
      - python/3.8.5 (Windows-10-10.0.19041-SP0) msrest/0.6.18 msrest_azure/0.6.3
        azure-keyvault/7.0 Azure-SDK-For-Python
      accept-language:
      - en-US
    method: PUT
    uri: https://cli-test-kv-se-sd-000002.vault.azure.net/secrets/secret1?api-version=7.0
  response:
    body:
      string: '{"error":{"code":"Conflict","message":"Secret secret1 is currently
        in a deleted but recoverable state, and its name cannot be reused; in this
        state, the secret can only be recovered or purged.","innererror":{"code":"ObjectIsDeletedButRecoverable"}}}'
    headers:
      cache-control:
      - no-cache
      content-length:
      - '249'
      content-type:
      - application/json; charset=utf-8
      date:
      - Tue, 27 Oct 2020 03:22:47 GMT
      expires:
      - '-1'
      pragma:
      - no-cache
      strict-transport-security:
      - max-age=31536000;includeSubDomains
      x-content-type-options:
      - nosniff
      x-ms-keyvault-network-info:
      - conn_type=Ipv4;addr=167.220.255.56;act_addr_fam=InterNetwork;
      x-ms-keyvault-region:
      - eastus
      x-ms-keyvault-service-version:
      - 1.2.41.0
      x-powered-by:
      - ASP.NET
    status:
      code: 409
      message: Conflict
- request:
    body: '{"value": "ABC123", "tags": {"file-encoding": "utf-8"}, "attributes": {}}'
    headers:
      Accept:
      - application/json
      Accept-Encoding:
      - gzip, deflate
      Connection:
      - keep-alive
      Content-Length:
      - '73'
      Content-Type:
      - application/json; charset=utf-8
      User-Agent:
      - python/3.8.5 (Windows-10-10.0.19041-SP0) msrest/0.6.18 msrest_azure/0.6.3
        azure-keyvault/7.0 Azure-SDK-For-Python
      accept-language:
      - en-US
    method: PUT
    uri: https://cli-test-kv-se-sd-000002.vault.azure.net/secrets/secret1?api-version=7.0
  response:
    body:
      string: '{"error":{"code":"Conflict","message":"Secret secret1 is currently
        in a deleted but recoverable state, and its name cannot be reused; in this
        state, the secret can only be recovered or purged.","innererror":{"code":"ObjectIsDeletedButRecoverable"}}}'
    headers:
      cache-control:
      - no-cache
      content-length:
      - '249'
      content-type:
      - application/json; charset=utf-8
      date:
      - Tue, 27 Oct 2020 03:22:59 GMT
      expires:
      - '-1'
      pragma:
      - no-cache
      strict-transport-security:
      - max-age=31536000;includeSubDomains
      x-content-type-options:
      - nosniff
      x-ms-keyvault-network-info:
      - conn_type=Ipv4;addr=167.220.255.120;act_addr_fam=InterNetwork;
      x-ms-keyvault-region:
      - eastus
      x-ms-keyvault-service-version:
      - 1.2.41.0
      x-powered-by:
      - ASP.NET
    status:
      code: 409
      message: Conflict
- request:
    body: '{"value": "ABC123", "tags": {"file-encoding": "utf-8"}, "attributes": {}}'
    headers:
      Accept:
      - application/json
      Accept-Encoding:
      - gzip, deflate
      Connection:
      - keep-alive
      Content-Length:
      - '73'
      Content-Type:
      - application/json; charset=utf-8
      User-Agent:
      - python/3.8.5 (Windows-10-10.0.19041-SP0) msrest/0.6.18 msrest_azure/0.6.3
        azure-keyvault/7.0 Azure-SDK-For-Python
      accept-language:
      - en-US
    method: PUT
    uri: https://cli-test-kv-se-sd-000002.vault.azure.net/secrets/secret1?api-version=7.0
  response:
    body:
      string: '{"error":{"code":"Conflict","message":"Secret secret1 is currently
        in a deleted but recoverable state, and its name cannot be reused; in this
        state, the secret can only be recovered or purged.","innererror":{"code":"ObjectIsDeletedButRecoverable"}}}'
    headers:
      cache-control:
      - no-cache
      content-length:
      - '249'
      content-type:
      - application/json; charset=utf-8
      date:
      - Tue, 27 Oct 2020 03:23:11 GMT
      expires:
      - '-1'
      pragma:
      - no-cache
      strict-transport-security:
      - max-age=31536000;includeSubDomains
      x-content-type-options:
      - nosniff
      x-ms-keyvault-network-info:
      - conn_type=Ipv4;addr=167.220.255.56;act_addr_fam=InterNetwork;
      x-ms-keyvault-region:
      - eastus
      x-ms-keyvault-service-version:
      - 1.2.41.0
      x-powered-by:
      - ASP.NET
    status:
      code: 409
      message: Conflict
- request:
    body: '{"value": "ABC123", "tags": {"file-encoding": "utf-8"}, "attributes": {}}'
    headers:
      Accept:
      - application/json
      Accept-Encoding:
      - gzip, deflate
      Connection:
      - keep-alive
      Content-Length:
      - '73'
      Content-Type:
      - application/json; charset=utf-8
      User-Agent:
      - python/3.8.5 (Windows-10-10.0.19041-SP0) msrest/0.6.18 msrest_azure/0.6.3
        azure-keyvault/7.0 Azure-SDK-For-Python
      accept-language:
      - en-US
    method: PUT
    uri: https://cli-test-kv-se-sd-000002.vault.azure.net/secrets/secret1?api-version=7.0
  response:
    body:
      string: '{"error":{"code":"Conflict","message":"Secret secret1 is currently
        in a deleted but recoverable state, and its name cannot be reused; in this
        state, the secret can only be recovered or purged.","innererror":{"code":"ObjectIsDeletedButRecoverable"}}}'
    headers:
      cache-control:
      - no-cache
      content-length:
      - '249'
      content-type:
      - application/json; charset=utf-8
      date:
      - Tue, 27 Oct 2020 03:23:23 GMT
      expires:
      - '-1'
      pragma:
      - no-cache
      strict-transport-security:
      - max-age=31536000;includeSubDomains
      x-content-type-options:
      - nosniff
      x-ms-keyvault-network-info:
      - conn_type=Ipv4;addr=167.220.255.120;act_addr_fam=InterNetwork;
      x-ms-keyvault-region:
      - eastus
      x-ms-keyvault-service-version:
      - 1.2.41.0
      x-powered-by:
      - ASP.NET
    status:
      code: 409
      message: Conflict
version: 1
