interactions:
- request:
    body: '{"location": "eastus2", "tags": {}, "properties": {"addressSpace": {"addressPrefixes":
      ["10.0.0.0/16"]}, "dhcpOptions": {}}}'
    headers:
      Accept:
      - application/json
      Accept-Encoding:
      - gzip, deflate
      CommandName:
      - network vnet create
      Connection:
      - keep-alive
      Content-Length:
      - '124'
      Content-Type:
      - application/json
      ParameterSetName:
      - -g -n -l
      User-Agent:
      - AZURECLI/2.35.0 azsdk-python-azure-mgmt-network/19.3.0 Python/3.7.9 (Windows-10-10.0.22000-SP0)
    method: PUT
    uri: https://management.azure.com/subscriptions/00000000-0000-0000-0000-000000000000/resourceGroups/cli_test_keyvault_network_rule000001/providers/Microsoft.Network/virtualNetworks/cli-test-vnet-000008?api-version=2021-05-01
  response:
    body:
      string: "{\r\n  \"name\": \"cli-test-vnet-000008\",\r\n  \"id\": \"/subscriptions/00000000-0000-0000-0000-000000000000/resourceGroups/cli_test_keyvault_network_rule000001/providers/Microsoft.Network/virtualNetworks/cli-test-vnet-000008\",\r\n
        \ \"etag\": \"W/\\\"30f110ac-0d67-490f-a376-2e7969306a8e\\\"\",\r\n  \"type\":
        \"Microsoft.Network/virtualNetworks\",\r\n  \"location\": \"eastus2\",\r\n
        \ \"tags\": {},\r\n  \"properties\": {\r\n    \"provisioningState\": \"Updating\",\r\n
        \   \"resourceGuid\": \"229d0fbb-9577-4dd8-aafe-6af51a1d740e\",\r\n    \"addressSpace\":
        {\r\n      \"addressPrefixes\": [\r\n        \"10.0.0.0/16\"\r\n      ]\r\n
        \   },\r\n    \"dhcpOptions\": {\r\n      \"dnsServers\": []\r\n    },\r\n
        \   \"subnets\": [],\r\n    \"virtualNetworkPeerings\": [],\r\n    \"enableDdosProtection\":
        false\r\n  }\r\n}"
    headers:
      azure-asyncnotification:
      - Enabled
      azure-asyncoperation:
      - https://management.azure.com/subscriptions/00000000-0000-0000-0000-000000000000/providers/Microsoft.Network/locations/eastus2/operations/8b2fa49e-7d82-4e30-94e1-5e35c39fdd67?api-version=2021-05-01
      cache-control:
      - no-cache
      content-length:
      - '724'
      content-type:
      - application/json; charset=utf-8
      date:
      - Wed, 27 Apr 2022 06:12:00 GMT
      expires:
      - '-1'
      pragma:
      - no-cache
      server:
      - Microsoft-HTTPAPI/2.0
      - Microsoft-HTTPAPI/2.0
      strict-transport-security:
      - max-age=31536000; includeSubDomains
      x-content-type-options:
      - nosniff
      x-ms-arm-service-request-id:
      - bcaca74f-7112-4951-b2eb-ac05958e10fb
      x-ms-ratelimit-remaining-subscription-writes:
      - '1199'
    status:
      code: 201
      message: Created
- request:
    body: null
    headers:
      Accept:
      - '*/*'
      Accept-Encoding:
      - gzip, deflate
      CommandName:
      - network vnet create
      Connection:
      - keep-alive
      ParameterSetName:
      - -g -n -l
      User-Agent:
      - AZURECLI/2.35.0 azsdk-python-azure-mgmt-network/19.3.0 Python/3.7.9 (Windows-10-10.0.22000-SP0)
    method: GET
    uri: https://management.azure.com/subscriptions/00000000-0000-0000-0000-000000000000/providers/Microsoft.Network/locations/eastus2/operations/8b2fa49e-7d82-4e30-94e1-5e35c39fdd67?api-version=2021-05-01
  response:
    body:
      string: "{\r\n  \"status\": \"Succeeded\"\r\n}"
    headers:
      cache-control:
      - no-cache
      content-length:
      - '29'
      content-type:
      - application/json; charset=utf-8
      date:
      - Wed, 27 Apr 2022 06:12:03 GMT
      expires:
      - '-1'
      pragma:
      - no-cache
      server:
      - Microsoft-HTTPAPI/2.0
      - Microsoft-HTTPAPI/2.0
      strict-transport-security:
      - max-age=31536000; includeSubDomains
      transfer-encoding:
      - chunked
      vary:
      - Accept-Encoding
      x-content-type-options:
      - nosniff
      x-ms-arm-service-request-id:
      - 2e245be3-de35-4b83-80de-8eebaa07a813
    status:
      code: 200
      message: OK
- request:
    body: null
    headers:
      Accept:
      - '*/*'
      Accept-Encoding:
      - gzip, deflate
      CommandName:
      - network vnet create
      Connection:
      - keep-alive
      ParameterSetName:
      - -g -n -l
      User-Agent:
      - AZURECLI/2.35.0 azsdk-python-azure-mgmt-network/19.3.0 Python/3.7.9 (Windows-10-10.0.22000-SP0)
    method: GET
    uri: https://management.azure.com/subscriptions/00000000-0000-0000-0000-000000000000/resourceGroups/cli_test_keyvault_network_rule000001/providers/Microsoft.Network/virtualNetworks/cli-test-vnet-000008?api-version=2021-05-01
  response:
    body:
      string: "{\r\n  \"name\": \"cli-test-vnet-000008\",\r\n  \"id\": \"/subscriptions/00000000-0000-0000-0000-000000000000/resourceGroups/cli_test_keyvault_network_rule000001/providers/Microsoft.Network/virtualNetworks/cli-test-vnet-000008\",\r\n
        \ \"etag\": \"W/\\\"bc05d6e5-aa36-45ec-8790-05ef720931a0\\\"\",\r\n  \"type\":
        \"Microsoft.Network/virtualNetworks\",\r\n  \"location\": \"eastus2\",\r\n
        \ \"tags\": {},\r\n  \"properties\": {\r\n    \"provisioningState\": \"Succeeded\",\r\n
        \   \"resourceGuid\": \"229d0fbb-9577-4dd8-aafe-6af51a1d740e\",\r\n    \"addressSpace\":
        {\r\n      \"addressPrefixes\": [\r\n        \"10.0.0.0/16\"\r\n      ]\r\n
        \   },\r\n    \"dhcpOptions\": {\r\n      \"dnsServers\": []\r\n    },\r\n
        \   \"subnets\": [],\r\n    \"virtualNetworkPeerings\": [],\r\n    \"enableDdosProtection\":
        false\r\n  }\r\n}"
    headers:
      cache-control:
      - no-cache
      content-length:
      - '725'
      content-type:
      - application/json; charset=utf-8
      date:
      - Wed, 27 Apr 2022 06:12:04 GMT
      etag:
      - W/"bc05d6e5-aa36-45ec-8790-05ef720931a0"
      expires:
      - '-1'
      pragma:
      - no-cache
      server:
      - Microsoft-HTTPAPI/2.0
      - Microsoft-HTTPAPI/2.0
      strict-transport-security:
      - max-age=31536000; includeSubDomains
      transfer-encoding:
      - chunked
      vary:
      - Accept-Encoding
      x-content-type-options:
      - nosniff
      x-ms-arm-service-request-id:
      - 1441e2af-ca81-46fb-8a97-524a77324f2b
    status:
      code: 200
      message: OK
- request:
    body: null
    headers:
      Accept:
      - application/json
      Accept-Encoding:
      - gzip, deflate
      CommandName:
      - network vnet subnet create
      Connection:
      - keep-alive
      ParameterSetName:
      - -g --vnet-name --name --address-prefixes --service-endpoints
      User-Agent:
      - AZURECLI/2.35.0 azsdk-python-azure-mgmt-network/19.3.0 Python/3.7.9 (Windows-10-10.0.22000-SP0)
    method: GET
    uri: https://management.azure.com/subscriptions/00000000-0000-0000-0000-000000000000/resourceGroups/cli_test_keyvault_network_rule000001/providers/Microsoft.Network/virtualNetworks/cli-test-vnet-000008?api-version=2021-05-01
  response:
    body:
      string: "{\r\n  \"name\": \"cli-test-vnet-000008\",\r\n  \"id\": \"/subscriptions/00000000-0000-0000-0000-000000000000/resourceGroups/cli_test_keyvault_network_rule000001/providers/Microsoft.Network/virtualNetworks/cli-test-vnet-000008\",\r\n
        \ \"etag\": \"W/\\\"bc05d6e5-aa36-45ec-8790-05ef720931a0\\\"\",\r\n  \"type\":
        \"Microsoft.Network/virtualNetworks\",\r\n  \"location\": \"eastus2\",\r\n
        \ \"tags\": {},\r\n  \"properties\": {\r\n    \"provisioningState\": \"Succeeded\",\r\n
        \   \"resourceGuid\": \"229d0fbb-9577-4dd8-aafe-6af51a1d740e\",\r\n    \"addressSpace\":
        {\r\n      \"addressPrefixes\": [\r\n        \"10.0.0.0/16\"\r\n      ]\r\n
        \   },\r\n    \"dhcpOptions\": {\r\n      \"dnsServers\": []\r\n    },\r\n
        \   \"subnets\": [],\r\n    \"virtualNetworkPeerings\": [],\r\n    \"enableDdosProtection\":
        false\r\n  }\r\n}"
    headers:
      cache-control:
      - no-cache
      content-length:
      - '725'
      content-type:
      - application/json; charset=utf-8
      date:
      - Wed, 27 Apr 2022 06:12:05 GMT
      etag:
      - W/"bc05d6e5-aa36-45ec-8790-05ef720931a0"
      expires:
      - '-1'
      pragma:
      - no-cache
      server:
      - Microsoft-HTTPAPI/2.0
      - Microsoft-HTTPAPI/2.0
      strict-transport-security:
      - max-age=31536000; includeSubDomains
      transfer-encoding:
      - chunked
      vary:
      - Accept-Encoding
      x-content-type-options:
      - nosniff
      x-ms-arm-service-request-id:
      - ff07cfbf-a79f-4bd1-9a4c-89f96df0f844
    status:
      code: 200
      message: OK
- request:
    body: '{"id": "/subscriptions/00000000-0000-0000-0000-000000000000/resourceGroups/cli_test_keyvault_network_rule000001/providers/Microsoft.Network/virtualNetworks/cli-test-vnet-000008",
      "location": "eastus2", "tags": {}, "properties": {"addressSpace": {"addressPrefixes":
      ["10.0.0.0/16"]}, "dhcpOptions": {"dnsServers": []}, "subnets": [{"name": "cli-test-subnet-000011",
      "properties": {"addressPrefix": "10.0.0.0/21", "serviceEndpoints": [{"service":
      "Microsoft.KeyVault"}], "privateEndpointNetworkPolicies": "Enabled", "privateLinkServiceNetworkPolicies":
      "Enabled"}}], "virtualNetworkPeerings": [], "enableDdosProtection": false}}'
    headers:
      Accept:
      - application/json
      Accept-Encoding:
      - gzip, deflate
      CommandName:
      - network vnet subnet create
      Connection:
      - keep-alive
      Content-Length:
      - '626'
      Content-Type:
      - application/json
      ParameterSetName:
      - -g --vnet-name --name --address-prefixes --service-endpoints
      User-Agent:
      - AZURECLI/2.35.0 azsdk-python-azure-mgmt-network/19.3.0 Python/3.7.9 (Windows-10-10.0.22000-SP0)
    method: PUT
    uri: https://management.azure.com/subscriptions/00000000-0000-0000-0000-000000000000/resourceGroups/cli_test_keyvault_network_rule000001/providers/Microsoft.Network/virtualNetworks/cli-test-vnet-000008?api-version=2021-05-01
  response:
    body:
      string: "{\r\n  \"name\": \"cli-test-vnet-000008\",\r\n  \"id\": \"/subscriptions/00000000-0000-0000-0000-000000000000/resourceGroups/cli_test_keyvault_network_rule000001/providers/Microsoft.Network/virtualNetworks/cli-test-vnet-000008\",\r\n
        \ \"etag\": \"W/\\\"af456fd9-1243-4d81-900e-63e1973738b2\\\"\",\r\n  \"type\":
        \"Microsoft.Network/virtualNetworks\",\r\n  \"location\": \"eastus2\",\r\n
        \ \"tags\": {},\r\n  \"properties\": {\r\n    \"provisioningState\": \"Updating\",\r\n
        \   \"resourceGuid\": \"229d0fbb-9577-4dd8-aafe-6af51a1d740e\",\r\n    \"addressSpace\":
        {\r\n      \"addressPrefixes\": [\r\n        \"10.0.0.0/16\"\r\n      ]\r\n
        \   },\r\n    \"dhcpOptions\": {\r\n      \"dnsServers\": []\r\n    },\r\n
        \   \"subnets\": [\r\n      {\r\n        \"name\": \"cli-test-subnet-000011\",\r\n
        \       \"id\": \"/subscriptions/00000000-0000-0000-0000-000000000000/resourceGroups/cli_test_keyvault_network_rule000001/providers/Microsoft.Network/virtualNetworks/cli-test-vnet-000008/subnets/cli-test-subnet-000011\",\r\n
        \       \"etag\": \"W/\\\"af456fd9-1243-4d81-900e-63e1973738b2\\\"\",\r\n
        \       \"properties\": {\r\n          \"provisioningState\": \"Updating\",\r\n
        \         \"addressPrefix\": \"10.0.0.0/21\",\r\n          \"serviceEndpoints\":
        [\r\n            {\r\n              \"provisioningState\": \"Updating\",\r\n
        \             \"service\": \"Microsoft.KeyVault\",\r\n              \"locations\":
        [\r\n                \"*\"\r\n              ]\r\n            }\r\n          ],\r\n
        \         \"delegations\": [],\r\n          \"privateEndpointNetworkPolicies\":
        \"Enabled\",\r\n          \"privateLinkServiceNetworkPolicies\": \"Enabled\"\r\n
        \       },\r\n        \"type\": \"Microsoft.Network/virtualNetworks/subnets\"\r\n
        \     }\r\n    ],\r\n    \"virtualNetworkPeerings\": [],\r\n    \"enableDdosProtection\":
        false\r\n  }\r\n}"
    headers:
      azure-asyncnotification:
      - Enabled
      azure-asyncoperation:
      - https://management.azure.com/subscriptions/00000000-0000-0000-0000-000000000000/providers/Microsoft.Network/locations/eastus2/operations/7a55afef-8c52-4044-a916-eee0a5a574e3?api-version=2021-05-01
      cache-control:
      - no-cache
      content-length:
      - '1642'
      content-type:
      - application/json; charset=utf-8
      date:
      - Wed, 27 Apr 2022 06:12:07 GMT
      expires:
      - '-1'
      pragma:
      - no-cache
      server:
      - Microsoft-HTTPAPI/2.0
      - Microsoft-HTTPAPI/2.0
      strict-transport-security:
      - max-age=31536000; includeSubDomains
      transfer-encoding:
      - chunked
      vary:
      - Accept-Encoding
      x-content-type-options:
      - nosniff
      x-ms-arm-service-request-id:
      - 2cea1906-745a-442a-9655-e2368b719b38
      x-ms-ratelimit-remaining-subscription-writes:
      - '1198'
    status:
      code: 200
      message: OK
- request:
    body: null
    headers:
      Accept:
      - '*/*'
      Accept-Encoding:
      - gzip, deflate
      CommandName:
      - network vnet subnet create
      Connection:
      - keep-alive
      ParameterSetName:
      - -g --vnet-name --name --address-prefixes --service-endpoints
      User-Agent:
      - AZURECLI/2.35.0 azsdk-python-azure-mgmt-network/19.3.0 Python/3.7.9 (Windows-10-10.0.22000-SP0)
    method: GET
    uri: https://management.azure.com/subscriptions/00000000-0000-0000-0000-000000000000/providers/Microsoft.Network/locations/eastus2/operations/7a55afef-8c52-4044-a916-eee0a5a574e3?api-version=2021-05-01
  response:
    body:
      string: "{\r\n  \"status\": \"Succeeded\"\r\n}"
    headers:
      cache-control:
      - no-cache
      content-length:
      - '29'
      content-type:
      - application/json; charset=utf-8
      date:
      - Wed, 27 Apr 2022 06:12:11 GMT
      expires:
      - '-1'
      pragma:
      - no-cache
      server:
      - Microsoft-HTTPAPI/2.0
      - Microsoft-HTTPAPI/2.0
      strict-transport-security:
      - max-age=31536000; includeSubDomains
      transfer-encoding:
      - chunked
      vary:
      - Accept-Encoding
      x-content-type-options:
      - nosniff
      x-ms-arm-service-request-id:
      - cc1a4bd4-1a7f-4f4a-8e30-e5b3f09ad580
    status:
      code: 200
      message: OK
- request:
    body: null
    headers:
      Accept:
      - '*/*'
      Accept-Encoding:
      - gzip, deflate
      CommandName:
      - network vnet subnet create
      Connection:
      - keep-alive
      ParameterSetName:
      - -g --vnet-name --name --address-prefixes --service-endpoints
      User-Agent:
      - AZURECLI/2.35.0 azsdk-python-azure-mgmt-network/19.3.0 Python/3.7.9 (Windows-10-10.0.22000-SP0)
    method: GET
    uri: https://management.azure.com/subscriptions/00000000-0000-0000-0000-000000000000/resourceGroups/cli_test_keyvault_network_rule000001/providers/Microsoft.Network/virtualNetworks/cli-test-vnet-000008?api-version=2021-05-01
  response:
    body:
      string: "{\r\n  \"name\": \"cli-test-vnet-000008\",\r\n  \"id\": \"/subscriptions/00000000-0000-0000-0000-000000000000/resourceGroups/cli_test_keyvault_network_rule000001/providers/Microsoft.Network/virtualNetworks/cli-test-vnet-000008\",\r\n
        \ \"etag\": \"W/\\\"3297564b-6dc9-4102-84a5-a2b135c8d75e\\\"\",\r\n  \"type\":
        \"Microsoft.Network/virtualNetworks\",\r\n  \"location\": \"eastus2\",\r\n
        \ \"tags\": {},\r\n  \"properties\": {\r\n    \"provisioningState\": \"Succeeded\",\r\n
        \   \"resourceGuid\": \"229d0fbb-9577-4dd8-aafe-6af51a1d740e\",\r\n    \"addressSpace\":
        {\r\n      \"addressPrefixes\": [\r\n        \"10.0.0.0/16\"\r\n      ]\r\n
        \   },\r\n    \"dhcpOptions\": {\r\n      \"dnsServers\": []\r\n    },\r\n
        \   \"subnets\": [\r\n      {\r\n        \"name\": \"cli-test-subnet-000011\",\r\n
        \       \"id\": \"/subscriptions/00000000-0000-0000-0000-000000000000/resourceGroups/cli_test_keyvault_network_rule000001/providers/Microsoft.Network/virtualNetworks/cli-test-vnet-000008/subnets/cli-test-subnet-000011\",\r\n
        \       \"etag\": \"W/\\\"3297564b-6dc9-4102-84a5-a2b135c8d75e\\\"\",\r\n
        \       \"properties\": {\r\n          \"provisioningState\": \"Succeeded\",\r\n
        \         \"addressPrefix\": \"10.0.0.0/21\",\r\n          \"serviceEndpoints\":
        [\r\n            {\r\n              \"provisioningState\": \"Succeeded\",\r\n
        \             \"service\": \"Microsoft.KeyVault\",\r\n              \"locations\":
        [\r\n                \"*\"\r\n              ]\r\n            }\r\n          ],\r\n
        \         \"delegations\": [],\r\n          \"privateEndpointNetworkPolicies\":
        \"Enabled\",\r\n          \"privateLinkServiceNetworkPolicies\": \"Enabled\"\r\n
        \       },\r\n        \"type\": \"Microsoft.Network/virtualNetworks/subnets\"\r\n
        \     }\r\n    ],\r\n    \"virtualNetworkPeerings\": [],\r\n    \"enableDdosProtection\":
        false\r\n  }\r\n}"
    headers:
      cache-control:
      - no-cache
      content-length:
      - '1645'
      content-type:
      - application/json; charset=utf-8
      date:
      - Wed, 27 Apr 2022 06:12:11 GMT
      etag:
      - W/"3297564b-6dc9-4102-84a5-a2b135c8d75e"
      expires:
      - '-1'
      pragma:
      - no-cache
      server:
      - Microsoft-HTTPAPI/2.0
      - Microsoft-HTTPAPI/2.0
      strict-transport-security:
      - max-age=31536000; includeSubDomains
      transfer-encoding:
      - chunked
      vary:
      - Accept-Encoding
      x-content-type-options:
      - nosniff
      x-ms-arm-service-request-id:
      - 7cda7000-6add-4f22-85ba-5cfa5bd3d4c0
    status:
      code: 200
      message: OK
- request:
    body: null
    headers:
      Accept:
      - application/json
      Accept-Encoding:
      - gzip, deflate
      CommandName:
      - network vnet subnet show
      Connection:
      - keep-alive
      ParameterSetName:
      - -g --vnet-name --name
      User-Agent:
      - AZURECLI/2.35.0 azsdk-python-azure-mgmt-network/19.3.0 Python/3.7.9 (Windows-10-10.0.22000-SP0)
    method: GET
    uri: https://management.azure.com/subscriptions/00000000-0000-0000-0000-000000000000/resourceGroups/cli_test_keyvault_network_rule000001/providers/Microsoft.Network/virtualNetworks/cli-test-vnet-000008/subnets/cli-test-subnet-000011?api-version=2021-05-01
  response:
    body:
      string: "{\r\n  \"name\": \"cli-test-subnet-000011\",\r\n  \"id\": \"/subscriptions/00000000-0000-0000-0000-000000000000/resourceGroups/cli_test_keyvault_network_rule000001/providers/Microsoft.Network/virtualNetworks/cli-test-vnet-000008/subnets/cli-test-subnet-000011\",\r\n
        \ \"etag\": \"W/\\\"3297564b-6dc9-4102-84a5-a2b135c8d75e\\\"\",\r\n  \"properties\":
        {\r\n    \"provisioningState\": \"Succeeded\",\r\n    \"addressPrefix\": \"10.0.0.0/21\",\r\n
        \   \"serviceEndpoints\": [\r\n      {\r\n        \"provisioningState\": \"Succeeded\",\r\n
        \       \"service\": \"Microsoft.KeyVault\",\r\n        \"locations\": [\r\n
        \         \"*\"\r\n        ]\r\n      }\r\n    ],\r\n    \"delegations\":
        [],\r\n    \"privateEndpointNetworkPolicies\": \"Enabled\",\r\n    \"privateLinkServiceNetworkPolicies\":
        \"Enabled\"\r\n  },\r\n  \"type\": \"Microsoft.Network/virtualNetworks/subnets\"\r\n}"
    headers:
      cache-control:
      - no-cache
      content-length:
      - '780'
      content-type:
      - application/json; charset=utf-8
      date:
      - Wed, 27 Apr 2022 06:12:12 GMT
      etag:
      - W/"3297564b-6dc9-4102-84a5-a2b135c8d75e"
      expires:
      - '-1'
      pragma:
      - no-cache
      server:
      - Microsoft-HTTPAPI/2.0
      - Microsoft-HTTPAPI/2.0
      strict-transport-security:
      - max-age=31536000; includeSubDomains
      transfer-encoding:
      - chunked
      vary:
      - Accept-Encoding
      x-content-type-options:
      - nosniff
      x-ms-arm-service-request-id:
      - 8951772b-7fe0-422c-af35-27435db58a7c
    status:
      code: 200
      message: OK
- request:
    body: null
    headers:
      Accept:
      - application/json
      Accept-Encoding:
      - gzip, deflate
      CommandName:
      - keyvault create
      Connection:
      - keep-alive
      ParameterSetName:
      - -n -l -g --network-acls
      User-Agent:
      - AZURECLI/2.35.0 azsdk-python-azure-mgmt-keyvault/9.3.0 Python/3.7.9 (Windows-10-10.0.22000-SP0)
    method: GET
    uri: https://management.azure.com/subscriptions/00000000-0000-0000-0000-000000000000/resourceGroups/cli_test_keyvault_network_rule000001/providers/Microsoft.KeyVault/vaults/cli-test-kv-nr-000003?api-version=2021-06-01-preview
  response:
    body:
      string: '{"error":{"code":"ResourceNotFound","message":"The Resource ''Microsoft.KeyVault/vaults/cli-test-kv-nr-000003''
        under resource group ''cli_test_keyvault_network_rule000001'' was not found.
        For more details please go to https://aka.ms/ARMResourceNotFoundFix"}}'
    headers:
      cache-control:
      - no-cache
      content-length:
      - '255'
      content-type:
      - application/json; charset=utf-8
      date:
      - Wed, 27 Apr 2022 06:12:14 GMT
      expires:
      - '-1'
      pragma:
      - no-cache
      strict-transport-security:
      - max-age=31536000; includeSubDomains
      x-content-type-options:
      - nosniff
      x-ms-failure-cause:
      - gateway
    status:
      code: 404
      message: Not Found
- request:
    body: null
    headers:
      Accept:
      - '*/*'
      Accept-Encoding:
      - gzip, deflate
      CommandName:
      - keyvault create
      Connection:
      - keep-alive
      ParameterSetName:
      - -n -l -g --network-acls
      User-Agent:
      - python/3.7.9 (Windows-10-10.0.22000-SP0) AZURECLI/2.35.0
    method: GET
    uri: https://graph.microsoft.com/v1.0/me
  response:
    body:
      string: '{"@odata.context":"https://graph.microsoft.com/v1.0/$metadata#users/$entity","businessPhones":[],"displayName":"Yishi
        Wang","givenName":null,"jobTitle":null,"mail":"yishiwang@microsoft.com","mobilePhone":null,"officeLocation":null,"preferredLanguage":null,"surname":null,"userPrincipalName":"yishiwang_microsoft.com#EXT#@AzureSDKTeam.onmicrosoft.com","id":"3707fb2f-ac10-4591-a04f-8b0d786ea37d"}'
    headers:
      cache-control:
      - no-cache
      content-length:
      - '395'
      content-type:
      - application/json;odata.metadata=minimal;odata.streaming=true;IEEE754Compatible=false;charset=utf-8
      date:
      - Wed, 27 Apr 2022 06:12:15 GMT
      odata-version:
      - '4.0'
      request-id:
      - 08586b00-10c8-4889-b61e-4424c7e7d297
      strict-transport-security:
      - max-age=31536000
      transfer-encoding:
      - chunked
      vary:
      - Accept-Encoding
      x-ms-ags-diagnostic:
      - '{"ServerInfo":{"DataCenter":"Korea Central","Slice":"E","Ring":"3","ScaleUnit":"003","RoleInstance":"SE1PEPF00001FEA"}}'
      x-ms-resource-unit:
      - '1'
    status:
      code: 200
      message: OK
- request:
    body: '{"location": "eastus2", "properties": {"tenantId": "54826b22-38d6-4fb2-bad9-b7b93a3e9c5a",
      "sku": {"family": "A", "name": "standard"}, "accessPolicies": [{"tenantId":
      "54826b22-38d6-4fb2-bad9-b7b93a3e9c5a", "objectId": "3707fb2f-ac10-4591-a04f-8b0d786ea37d",
      "permissions": {"keys": ["all"], "secrets": ["all"], "certificates": ["all"],
      "storage": ["all"]}}], "softDeleteRetentionInDays": 90, "networkAcls": {"bypass":
      "AzureServices", "defaultAction": "Allow", "ipRules": [{"value": "1.2.3.4/32"},
      {"value": "2.3.4.0/24"}], "virtualNetworkRules": [{"id": "/subscriptions/00000000-0000-0000-0000-000000000000/resourcegroups/cli_test_keyvault_network_rule000001/providers/microsoft.network/virtualnetworks/cli-test-vnet-000008/subnets/cli-test-subnet-000011"}]}}}'
    headers:
      Accept:
      - application/json
      Accept-Encoding:
      - gzip, deflate
      CommandName:
      - keyvault create
      Connection:
      - keep-alive
      Content-Length:
      - '762'
      Content-Type:
      - application/json
      ParameterSetName:
      - -n -l -g --network-acls
      User-Agent:
      - AZURECLI/2.35.0 azsdk-python-azure-mgmt-keyvault/9.3.0 Python/3.7.9 (Windows-10-10.0.22000-SP0)
    method: PUT
    uri: https://management.azure.com/subscriptions/00000000-0000-0000-0000-000000000000/resourceGroups/cli_test_keyvault_network_rule000001/providers/Microsoft.KeyVault/vaults/cli-test-kv-nr-000003?api-version=2021-06-01-preview
  response:
    body:
      string: '{"id":"/subscriptions/00000000-0000-0000-0000-000000000000/resourceGroups/cli_test_keyvault_network_rule000001/providers/Microsoft.KeyVault/vaults/cli-test-kv-nr-000003","name":"cli-test-kv-nr-000003","type":"Microsoft.KeyVault/vaults","location":"eastus2","tags":{},"systemData":{"createdBy":"yishiwang@microsoft.com","createdByType":"User","createdAt":"2022-04-27T06:12:16.952Z","lastModifiedBy":"yishiwang@microsoft.com","lastModifiedByType":"User","lastModifiedAt":"2022-04-27T06:12:16.952Z"},"properties":{"sku":{"family":"A","name":"standard"},"tenantId":"54826b22-38d6-4fb2-bad9-b7b93a3e9c5a","networkAcls":{"bypass":"AzureServices","defaultAction":"Allow","ipRules":[{"value":"1.2.3.4/32"},{"value":"2.3.4.0/24"}],"virtualNetworkRules":[{"id":"/subscriptions/00000000-0000-0000-0000-000000000000/resourcegroups/cli_test_keyvault_network_rule000001/providers/microsoft.network/virtualnetworks/cli-test-vnet-000008/subnets/cli-test-subnet-000011"}]},"accessPolicies":[{"tenantId":"54826b22-38d6-4fb2-bad9-b7b93a3e9c5a","objectId":"3707fb2f-ac10-4591-a04f-8b0d786ea37d","permissions":{"keys":["all"],"secrets":["all"],"certificates":["all"],"storage":["all"]}}],"enabledForDeployment":false,"enableSoftDelete":true,"softDeleteRetentionInDays":90,"vaultUri":"https://cli-test-kv-nr-000003.vault.azure.net","provisioningState":"RegisteringDns","publicNetworkAccess":"Enabled"}}'
    headers:
      cache-control:
      - no-cache
      content-length:
      - '1380'
      content-type:
      - application/json; charset=utf-8
      date:
      - Wed, 27 Apr 2022 06:12:20 GMT
      expires:
      - '-1'
      pragma:
      - no-cache
      server:
      - Microsoft-IIS/10.0
      strict-transport-security:
      - max-age=31536000; includeSubDomains
      transfer-encoding:
      - chunked
      vary:
      - Accept-Encoding
      x-aspnet-version:
      - 4.0.30319
      x-content-type-options:
      - nosniff
      x-ms-keyvault-service-version:
      - 1.5.339.1
      x-ms-ratelimit-remaining-subscription-writes:
      - '1197'
    status:
      code: 200
      message: OK
- request:
    body: null
    headers:
      Accept:
      - '*/*'
      Accept-Encoding:
      - gzip, deflate
      CommandName:
      - keyvault create
      Connection:
      - keep-alive
      ParameterSetName:
      - -n -l -g --network-acls
      User-Agent:
      - AZURECLI/2.35.0 azsdk-python-azure-mgmt-keyvault/9.3.0 Python/3.7.9 (Windows-10-10.0.22000-SP0)
    method: GET
    uri: https://management.azure.com/subscriptions/00000000-0000-0000-0000-000000000000/resourceGroups/cli_test_keyvault_network_rule000001/providers/Microsoft.KeyVault/vaults/cli-test-kv-nr-000003?api-version=2021-06-01-preview
  response:
    body:
      string: '{"id":"/subscriptions/00000000-0000-0000-0000-000000000000/resourceGroups/cli_test_keyvault_network_rule000001/providers/Microsoft.KeyVault/vaults/cli-test-kv-nr-000003","name":"cli-test-kv-nr-000003","type":"Microsoft.KeyVault/vaults","location":"eastus2","tags":{},"systemData":{"createdBy":"yishiwang@microsoft.com","createdByType":"User","createdAt":"2022-04-27T06:12:16.952Z","lastModifiedBy":"yishiwang@microsoft.com","lastModifiedByType":"User","lastModifiedAt":"2022-04-27T06:12:16.952Z"},"properties":{"sku":{"family":"A","name":"standard"},"tenantId":"54826b22-38d6-4fb2-bad9-b7b93a3e9c5a","networkAcls":{"bypass":"AzureServices","defaultAction":"Allow","ipRules":[{"value":"1.2.3.4/32"},{"value":"2.3.4.0/24"}],"virtualNetworkRules":[{"id":"/subscriptions/00000000-0000-0000-0000-000000000000/resourcegroups/cli_test_keyvault_network_rule000001/providers/microsoft.network/virtualnetworks/cli-test-vnet-000008/subnets/cli-test-subnet-000011"}]},"accessPolicies":[{"tenantId":"54826b22-38d6-4fb2-bad9-b7b93a3e9c5a","objectId":"3707fb2f-ac10-4591-a04f-8b0d786ea37d","permissions":{"keys":["all"],"secrets":["all"],"certificates":["all"],"storage":["all"]}}],"enabledForDeployment":false,"enableSoftDelete":true,"softDeleteRetentionInDays":90,"vaultUri":"https://cli-test-kv-nr-000003.vault.azure.net/","provisioningState":"Succeeded","publicNetworkAccess":"Enabled"}}'
    headers:
      cache-control:
      - no-cache
      content-length:
      - '1376'
      content-type:
      - application/json; charset=utf-8
      date:
      - Wed, 27 Apr 2022 06:12:50 GMT
      expires:
      - '-1'
      pragma:
      - no-cache
      server:
      - Microsoft-IIS/10.0
      strict-transport-security:
      - max-age=31536000; includeSubDomains
      transfer-encoding:
      - chunked
      vary:
      - Accept-Encoding
      x-aspnet-version:
      - 4.0.30319
      x-content-type-options:
      - nosniff
      x-ms-keyvault-service-version:
      - 1.5.339.1
    status:
      code: 200
      message: OK
- request:
    body: null
    headers:
      Accept:
      - application/json
      Accept-Encoding:
      - gzip, deflate
      CommandName:
      - keyvault create
      Connection:
      - keep-alive
      ParameterSetName:
      - -n -l -g --network-acls
      User-Agent:
      - AZURECLI/2.35.0 azsdk-python-azure-mgmt-keyvault/9.3.0 Python/3.7.9 (Windows-10-10.0.22000-SP0)
    method: GET
    uri: https://management.azure.com/subscriptions/00000000-0000-0000-0000-000000000000/resourceGroups/cli_test_keyvault_network_rule000001/providers/Microsoft.KeyVault/vaults/cli-test-kv-nr-000004?api-version=2021-06-01-preview
  response:
    body:
      string: '{"error":{"code":"ResourceNotFound","message":"The Resource ''Microsoft.KeyVault/vaults/cli-test-kv-nr-000004''
        under resource group ''cli_test_keyvault_network_rule000001'' was not found.
        For more details please go to https://aka.ms/ARMResourceNotFoundFix"}}'
    headers:
      cache-control:
      - no-cache
      content-length:
      - '255'
      content-type:
      - application/json; charset=utf-8
      date:
      - Wed, 27 Apr 2022 06:12:52 GMT
      expires:
      - '-1'
      pragma:
      - no-cache
      strict-transport-security:
      - max-age=31536000; includeSubDomains
      x-content-type-options:
      - nosniff
      x-ms-failure-cause:
      - gateway
    status:
      code: 404
      message: Not Found
- request:
    body: null
    headers:
      Accept:
      - '*/*'
      Accept-Encoding:
      - gzip, deflate
      CommandName:
      - keyvault create
      Connection:
      - keep-alive
      ParameterSetName:
      - -n -l -g --network-acls
      User-Agent:
      - python/3.7.9 (Windows-10-10.0.22000-SP0) AZURECLI/2.35.0
    method: GET
    uri: https://graph.microsoft.com/v1.0/me
  response:
    body:
      string: '{"@odata.context":"https://graph.microsoft.com/v1.0/$metadata#users/$entity","businessPhones":[],"displayName":"Yishi
        Wang","givenName":null,"jobTitle":null,"mail":"yishiwang@microsoft.com","mobilePhone":null,"officeLocation":null,"preferredLanguage":null,"surname":null,"userPrincipalName":"yishiwang_microsoft.com#EXT#@AzureSDKTeam.onmicrosoft.com","id":"3707fb2f-ac10-4591-a04f-8b0d786ea37d"}'
    headers:
      cache-control:
      - no-cache
      content-length:
      - '395'
      content-type:
      - application/json;odata.metadata=minimal;odata.streaming=true;IEEE754Compatible=false;charset=utf-8
      date:
      - Wed, 27 Apr 2022 06:12:52 GMT
      odata-version:
      - '4.0'
      request-id:
      - 06c04235-40b4-46c9-b76e-d74ce55588fa
      strict-transport-security:
      - max-age=31536000
      transfer-encoding:
      - chunked
      vary:
      - Accept-Encoding
      x-ms-ags-diagnostic:
      - '{"ServerInfo":{"DataCenter":"Korea Central","Slice":"E","Ring":"3","ScaleUnit":"002","RoleInstance":"SE1PEPF0000091F"}}'
      x-ms-resource-unit:
      - '1'
    status:
      code: 200
      message: OK
- request:
    body: '{"location": "eastus2", "properties": {"tenantId": "54826b22-38d6-4fb2-bad9-b7b93a3e9c5a",
      "sku": {"family": "A", "name": "standard"}, "accessPolicies": [{"tenantId":
      "54826b22-38d6-4fb2-bad9-b7b93a3e9c5a", "objectId": "3707fb2f-ac10-4591-a04f-8b0d786ea37d",
      "permissions": {"keys": ["all"], "secrets": ["all"], "certificates": ["all"],
      "storage": ["all"]}}], "softDeleteRetentionInDays": 90, "networkAcls": {"bypass":
      "AzureServices", "defaultAction": "Allow", "ipRules": [{"value": "1.2.3.4/32"},
      {"value": "2.3.4.0/24"}], "virtualNetworkRules": [{"id": "/subscriptions/00000000-0000-0000-0000-000000000000/resourcegroups/cli_test_keyvault_network_rule000001/providers/microsoft.network/virtualnetworks/cli-test-vnet-000008/subnets/cli-test-subnet-000011"}]}}}'
    headers:
      Accept:
      - application/json
      Accept-Encoding:
      - gzip, deflate
      CommandName:
      - keyvault create
      Connection:
      - keep-alive
      Content-Length:
      - '762'
      Content-Type:
      - application/json
      ParameterSetName:
      - -n -l -g --network-acls
      User-Agent:
      - AZURECLI/2.35.0 azsdk-python-azure-mgmt-keyvault/9.3.0 Python/3.7.9 (Windows-10-10.0.22000-SP0)
    method: PUT
    uri: https://management.azure.com/subscriptions/00000000-0000-0000-0000-000000000000/resourceGroups/cli_test_keyvault_network_rule000001/providers/Microsoft.KeyVault/vaults/cli-test-kv-nr-000004?api-version=2021-06-01-preview
  response:
    body:
      string: '{"id":"/subscriptions/00000000-0000-0000-0000-000000000000/resourceGroups/cli_test_keyvault_network_rule000001/providers/Microsoft.KeyVault/vaults/cli-test-kv-nr-000004","name":"cli-test-kv-nr-000004","type":"Microsoft.KeyVault/vaults","location":"eastus2","tags":{},"systemData":{"createdBy":"yishiwang@microsoft.com","createdByType":"User","createdAt":"2022-04-27T06:12:54.735Z","lastModifiedBy":"yishiwang@microsoft.com","lastModifiedByType":"User","lastModifiedAt":"2022-04-27T06:12:54.735Z"},"properties":{"sku":{"family":"A","name":"standard"},"tenantId":"54826b22-38d6-4fb2-bad9-b7b93a3e9c5a","networkAcls":{"bypass":"AzureServices","defaultAction":"Allow","ipRules":[{"value":"1.2.3.4/32"},{"value":"2.3.4.0/24"}],"virtualNetworkRules":[{"id":"/subscriptions/00000000-0000-0000-0000-000000000000/resourcegroups/cli_test_keyvault_network_rule000001/providers/microsoft.network/virtualnetworks/cli-test-vnet-000008/subnets/cli-test-subnet-000011"}]},"accessPolicies":[{"tenantId":"54826b22-38d6-4fb2-bad9-b7b93a3e9c5a","objectId":"3707fb2f-ac10-4591-a04f-8b0d786ea37d","permissions":{"keys":["all"],"secrets":["all"],"certificates":["all"],"storage":["all"]}}],"enabledForDeployment":false,"enableSoftDelete":true,"softDeleteRetentionInDays":90,"vaultUri":"https://cli-test-kv-nr-000004.vault.azure.net","provisioningState":"RegisteringDns","publicNetworkAccess":"Enabled"}}'
    headers:
      cache-control:
      - no-cache
      content-length:
      - '1380'
      content-type:
      - application/json; charset=utf-8
      date:
      - Wed, 27 Apr 2022 06:12:57 GMT
      expires:
      - '-1'
      pragma:
      - no-cache
      server:
      - Microsoft-IIS/10.0
      strict-transport-security:
      - max-age=31536000; includeSubDomains
      transfer-encoding:
      - chunked
      vary:
      - Accept-Encoding
      x-aspnet-version:
      - 4.0.30319
      x-content-type-options:
      - nosniff
      x-ms-keyvault-service-version:
      - 1.5.339.1
      x-ms-ratelimit-remaining-subscription-writes:
      - '1197'
    status:
      code: 200
      message: OK
- request:
    body: null
    headers:
      Accept:
      - '*/*'
      Accept-Encoding:
      - gzip, deflate
      CommandName:
      - keyvault create
      Connection:
      - keep-alive
      ParameterSetName:
      - -n -l -g --network-acls
      User-Agent:
      - AZURECLI/2.35.0 azsdk-python-azure-mgmt-keyvault/9.3.0 Python/3.7.9 (Windows-10-10.0.22000-SP0)
    method: GET
    uri: https://management.azure.com/subscriptions/00000000-0000-0000-0000-000000000000/resourceGroups/cli_test_keyvault_network_rule000001/providers/Microsoft.KeyVault/vaults/cli-test-kv-nr-000004?api-version=2021-06-01-preview
  response:
    body:
      string: '{"id":"/subscriptions/00000000-0000-0000-0000-000000000000/resourceGroups/cli_test_keyvault_network_rule000001/providers/Microsoft.KeyVault/vaults/cli-test-kv-nr-000004","name":"cli-test-kv-nr-000004","type":"Microsoft.KeyVault/vaults","location":"eastus2","tags":{},"systemData":{"createdBy":"yishiwang@microsoft.com","createdByType":"User","createdAt":"2022-04-27T06:12:54.735Z","lastModifiedBy":"yishiwang@microsoft.com","lastModifiedByType":"User","lastModifiedAt":"2022-04-27T06:12:54.735Z"},"properties":{"sku":{"family":"A","name":"standard"},"tenantId":"54826b22-38d6-4fb2-bad9-b7b93a3e9c5a","networkAcls":{"bypass":"AzureServices","defaultAction":"Allow","ipRules":[{"value":"1.2.3.4/32"},{"value":"2.3.4.0/24"}],"virtualNetworkRules":[{"id":"/subscriptions/00000000-0000-0000-0000-000000000000/resourcegroups/cli_test_keyvault_network_rule000001/providers/microsoft.network/virtualnetworks/cli-test-vnet-000008/subnets/cli-test-subnet-000011"}]},"accessPolicies":[{"tenantId":"54826b22-38d6-4fb2-bad9-b7b93a3e9c5a","objectId":"3707fb2f-ac10-4591-a04f-8b0d786ea37d","permissions":{"keys":["all"],"secrets":["all"],"certificates":["all"],"storage":["all"]}}],"enabledForDeployment":false,"enableSoftDelete":true,"softDeleteRetentionInDays":90,"vaultUri":"https://cli-test-kv-nr-000004.vault.azure.net/","provisioningState":"Succeeded","publicNetworkAccess":"Enabled"}}'
    headers:
      cache-control:
      - no-cache
      content-length:
      - '1376'
      content-type:
      - application/json; charset=utf-8
      date:
      - Wed, 27 Apr 2022 06:13:29 GMT
      expires:
      - '-1'
      pragma:
      - no-cache
      server:
      - Microsoft-IIS/10.0
      strict-transport-security:
      - max-age=31536000; includeSubDomains
      transfer-encoding:
      - chunked
      vary:
      - Accept-Encoding
      x-aspnet-version:
      - 4.0.30319
      x-content-type-options:
      - nosniff
      x-ms-keyvault-service-version:
      - 1.5.339.1
    status:
      code: 200
      message: OK
- request:
    body: '{"location": "eastus2", "tags": {}, "properties": {"addressSpace": {"addressPrefixes":
      ["10.0.0.0/16"]}, "dhcpOptions": {}}}'
    headers:
      Accept:
      - application/json
      Accept-Encoding:
      - gzip, deflate
      CommandName:
      - network vnet create
      Connection:
      - keep-alive
      Content-Length:
      - '124'
      Content-Type:
      - application/json
      ParameterSetName:
      - -g -n -l
      User-Agent:
      - AZURECLI/2.35.0 azsdk-python-azure-mgmt-network/19.3.0 Python/3.7.9 (Windows-10-10.0.22000-SP0)
    method: PUT
    uri: https://management.azure.com/subscriptions/00000000-0000-0000-0000-000000000000/resourceGroups/cli_test_keyvault_network_rule000001/providers/Microsoft.Network/virtualNetworks/cli-test-vnet-000009?api-version=2021-05-01
  response:
    body:
      string: "{\r\n  \"name\": \"cli-test-vnet-000009\",\r\n  \"id\": \"/subscriptions/00000000-0000-0000-0000-000000000000/resourceGroups/cli_test_keyvault_network_rule000001/providers/Microsoft.Network/virtualNetworks/cli-test-vnet-000009\",\r\n
        \ \"etag\": \"W/\\\"ceb1d33f-e151-4dd8-8f5f-c4b56a6c43b6\\\"\",\r\n  \"type\":
        \"Microsoft.Network/virtualNetworks\",\r\n  \"location\": \"eastus2\",\r\n
        \ \"tags\": {},\r\n  \"properties\": {\r\n    \"provisioningState\": \"Updating\",\r\n
        \   \"resourceGuid\": \"79c4824e-3bfe-469d-a4e6-0d247973310b\",\r\n    \"addressSpace\":
        {\r\n      \"addressPrefixes\": [\r\n        \"10.0.0.0/16\"\r\n      ]\r\n
        \   },\r\n    \"dhcpOptions\": {\r\n      \"dnsServers\": []\r\n    },\r\n
        \   \"subnets\": [],\r\n    \"virtualNetworkPeerings\": [],\r\n    \"enableDdosProtection\":
        false\r\n  }\r\n}"
    headers:
      azure-asyncnotification:
      - Enabled
      azure-asyncoperation:
      - https://management.azure.com/subscriptions/00000000-0000-0000-0000-000000000000/providers/Microsoft.Network/locations/eastus2/operations/bb2033fa-be3e-4e4b-9252-403a1946c3c5?api-version=2021-05-01
      cache-control:
      - no-cache
      content-length:
      - '724'
      content-type:
      - application/json; charset=utf-8
      date:
      - Wed, 27 Apr 2022 06:13:32 GMT
      expires:
      - '-1'
      pragma:
      - no-cache
      server:
      - Microsoft-HTTPAPI/2.0
      - Microsoft-HTTPAPI/2.0
      strict-transport-security:
      - max-age=31536000; includeSubDomains
      x-content-type-options:
      - nosniff
      x-ms-arm-service-request-id:
      - 825bd664-7ab1-4004-b39e-6285aaf12e09
      x-ms-ratelimit-remaining-subscription-writes:
      - '1195'
    status:
      code: 201
      message: Created
- request:
    body: null
    headers:
      Accept:
      - '*/*'
      Accept-Encoding:
      - gzip, deflate
      CommandName:
      - network vnet create
      Connection:
      - keep-alive
      ParameterSetName:
      - -g -n -l
      User-Agent:
      - AZURECLI/2.35.0 azsdk-python-azure-mgmt-network/19.3.0 Python/3.7.9 (Windows-10-10.0.22000-SP0)
    method: GET
    uri: https://management.azure.com/subscriptions/00000000-0000-0000-0000-000000000000/providers/Microsoft.Network/locations/eastus2/operations/bb2033fa-be3e-4e4b-9252-403a1946c3c5?api-version=2021-05-01
  response:
    body:
      string: "{\r\n  \"status\": \"Succeeded\"\r\n}"
    headers:
      cache-control:
      - no-cache
      content-length:
      - '29'
      content-type:
      - application/json; charset=utf-8
      date:
      - Wed, 27 Apr 2022 06:13:35 GMT
      expires:
      - '-1'
      pragma:
      - no-cache
      server:
      - Microsoft-HTTPAPI/2.0
      - Microsoft-HTTPAPI/2.0
      strict-transport-security:
      - max-age=31536000; includeSubDomains
      transfer-encoding:
      - chunked
      vary:
      - Accept-Encoding
      x-content-type-options:
      - nosniff
      x-ms-arm-service-request-id:
      - dde0083a-d052-46eb-ab9d-5bf228bcab0c
    status:
      code: 200
      message: OK
- request:
    body: null
    headers:
      Accept:
      - '*/*'
      Accept-Encoding:
      - gzip, deflate
      CommandName:
      - network vnet create
      Connection:
      - keep-alive
      ParameterSetName:
      - -g -n -l
      User-Agent:
      - AZURECLI/2.35.0 azsdk-python-azure-mgmt-network/19.3.0 Python/3.7.9 (Windows-10-10.0.22000-SP0)
    method: GET
    uri: https://management.azure.com/subscriptions/00000000-0000-0000-0000-000000000000/resourceGroups/cli_test_keyvault_network_rule000001/providers/Microsoft.Network/virtualNetworks/cli-test-vnet-000009?api-version=2021-05-01
  response:
    body:
      string: "{\r\n  \"name\": \"cli-test-vnet-000009\",\r\n  \"id\": \"/subscriptions/00000000-0000-0000-0000-000000000000/resourceGroups/cli_test_keyvault_network_rule000001/providers/Microsoft.Network/virtualNetworks/cli-test-vnet-000009\",\r\n
        \ \"etag\": \"W/\\\"2ac2cff1-3fed-407c-884f-a9866595c36d\\\"\",\r\n  \"type\":
        \"Microsoft.Network/virtualNetworks\",\r\n  \"location\": \"eastus2\",\r\n
        \ \"tags\": {},\r\n  \"properties\": {\r\n    \"provisioningState\": \"Succeeded\",\r\n
        \   \"resourceGuid\": \"79c4824e-3bfe-469d-a4e6-0d247973310b\",\r\n    \"addressSpace\":
        {\r\n      \"addressPrefixes\": [\r\n        \"10.0.0.0/16\"\r\n      ]\r\n
        \   },\r\n    \"dhcpOptions\": {\r\n      \"dnsServers\": []\r\n    },\r\n
        \   \"subnets\": [],\r\n    \"virtualNetworkPeerings\": [],\r\n    \"enableDdosProtection\":
        false\r\n  }\r\n}"
    headers:
      cache-control:
      - no-cache
      content-length:
      - '725'
      content-type:
      - application/json; charset=utf-8
      date:
      - Wed, 27 Apr 2022 06:13:35 GMT
      etag:
      - W/"2ac2cff1-3fed-407c-884f-a9866595c36d"
      expires:
      - '-1'
      pragma:
      - no-cache
      server:
      - Microsoft-HTTPAPI/2.0
      - Microsoft-HTTPAPI/2.0
      strict-transport-security:
      - max-age=31536000; includeSubDomains
      transfer-encoding:
      - chunked
      vary:
      - Accept-Encoding
      x-content-type-options:
      - nosniff
      x-ms-arm-service-request-id:
      - 733461e9-44dd-4e7e-a10e-39bcec8d8fa1
    status:
      code: 200
      message: OK
- request:
    body: null
    headers:
      Accept:
      - application/json
      Accept-Encoding:
      - gzip, deflate
      CommandName:
      - network vnet subnet create
      Connection:
      - keep-alive
      ParameterSetName:
      - -g --vnet-name --name --address-prefixes --service-endpoints
      User-Agent:
      - AZURECLI/2.35.0 azsdk-python-azure-mgmt-network/19.3.0 Python/3.7.9 (Windows-10-10.0.22000-SP0)
    method: GET
    uri: https://management.azure.com/subscriptions/00000000-0000-0000-0000-000000000000/resourceGroups/cli_test_keyvault_network_rule000001/providers/Microsoft.Network/virtualNetworks/cli-test-vnet-000009?api-version=2021-05-01
  response:
    body:
      string: "{\r\n  \"name\": \"cli-test-vnet-000009\",\r\n  \"id\": \"/subscriptions/00000000-0000-0000-0000-000000000000/resourceGroups/cli_test_keyvault_network_rule000001/providers/Microsoft.Network/virtualNetworks/cli-test-vnet-000009\",\r\n
        \ \"etag\": \"W/\\\"2ac2cff1-3fed-407c-884f-a9866595c36d\\\"\",\r\n  \"type\":
        \"Microsoft.Network/virtualNetworks\",\r\n  \"location\": \"eastus2\",\r\n
        \ \"tags\": {},\r\n  \"properties\": {\r\n    \"provisioningState\": \"Succeeded\",\r\n
        \   \"resourceGuid\": \"79c4824e-3bfe-469d-a4e6-0d247973310b\",\r\n    \"addressSpace\":
        {\r\n      \"addressPrefixes\": [\r\n        \"10.0.0.0/16\"\r\n      ]\r\n
        \   },\r\n    \"dhcpOptions\": {\r\n      \"dnsServers\": []\r\n    },\r\n
        \   \"subnets\": [],\r\n    \"virtualNetworkPeerings\": [],\r\n    \"enableDdosProtection\":
        false\r\n  }\r\n}"
    headers:
      cache-control:
      - no-cache
      content-length:
      - '725'
      content-type:
      - application/json; charset=utf-8
      date:
      - Wed, 27 Apr 2022 06:13:36 GMT
      etag:
      - W/"2ac2cff1-3fed-407c-884f-a9866595c36d"
      expires:
      - '-1'
      pragma:
      - no-cache
      server:
      - Microsoft-HTTPAPI/2.0
      - Microsoft-HTTPAPI/2.0
      strict-transport-security:
      - max-age=31536000; includeSubDomains
      transfer-encoding:
      - chunked
      vary:
      - Accept-Encoding
      x-content-type-options:
      - nosniff
      x-ms-arm-service-request-id:
      - 1670e1c3-ed32-42dd-af46-e024ea7f1d82
    status:
      code: 200
      message: OK
- request:
    body: '{"id": "/subscriptions/00000000-0000-0000-0000-000000000000/resourceGroups/cli_test_keyvault_network_rule000001/providers/Microsoft.Network/virtualNetworks/cli-test-vnet-000009",
      "location": "eastus2", "tags": {}, "properties": {"addressSpace": {"addressPrefixes":
      ["10.0.0.0/16"]}, "dhcpOptions": {"dnsServers": []}, "subnets": [{"name": "cli-test-subnet-000012",
      "properties": {"addressPrefix": "10.0.0.0/21", "serviceEndpoints": [{"service":
      "Microsoft.KeyVault"}], "privateEndpointNetworkPolicies": "Enabled", "privateLinkServiceNetworkPolicies":
      "Enabled"}}], "virtualNetworkPeerings": [], "enableDdosProtection": false}}'
    headers:
      Accept:
      - application/json
      Accept-Encoding:
      - gzip, deflate
      CommandName:
      - network vnet subnet create
      Connection:
      - keep-alive
      Content-Length:
      - '626'
      Content-Type:
      - application/json
      ParameterSetName:
      - -g --vnet-name --name --address-prefixes --service-endpoints
      User-Agent:
      - AZURECLI/2.35.0 azsdk-python-azure-mgmt-network/19.3.0 Python/3.7.9 (Windows-10-10.0.22000-SP0)
    method: PUT
    uri: https://management.azure.com/subscriptions/00000000-0000-0000-0000-000000000000/resourceGroups/cli_test_keyvault_network_rule000001/providers/Microsoft.Network/virtualNetworks/cli-test-vnet-000009?api-version=2021-05-01
  response:
    body:
      string: "{\r\n  \"name\": \"cli-test-vnet-000009\",\r\n  \"id\": \"/subscriptions/00000000-0000-0000-0000-000000000000/resourceGroups/cli_test_keyvault_network_rule000001/providers/Microsoft.Network/virtualNetworks/cli-test-vnet-000009\",\r\n
        \ \"etag\": \"W/\\\"d1451af3-d209-4830-af18-ba431de0bf55\\\"\",\r\n  \"type\":
        \"Microsoft.Network/virtualNetworks\",\r\n  \"location\": \"eastus2\",\r\n
        \ \"tags\": {},\r\n  \"properties\": {\r\n    \"provisioningState\": \"Updating\",\r\n
        \   \"resourceGuid\": \"79c4824e-3bfe-469d-a4e6-0d247973310b\",\r\n    \"addressSpace\":
        {\r\n      \"addressPrefixes\": [\r\n        \"10.0.0.0/16\"\r\n      ]\r\n
        \   },\r\n    \"dhcpOptions\": {\r\n      \"dnsServers\": []\r\n    },\r\n
        \   \"subnets\": [\r\n      {\r\n        \"name\": \"cli-test-subnet-000012\",\r\n
        \       \"id\": \"/subscriptions/00000000-0000-0000-0000-000000000000/resourceGroups/cli_test_keyvault_network_rule000001/providers/Microsoft.Network/virtualNetworks/cli-test-vnet-000009/subnets/cli-test-subnet-000012\",\r\n
        \       \"etag\": \"W/\\\"d1451af3-d209-4830-af18-ba431de0bf55\\\"\",\r\n
        \       \"properties\": {\r\n          \"provisioningState\": \"Updating\",\r\n
        \         \"addressPrefix\": \"10.0.0.0/21\",\r\n          \"serviceEndpoints\":
        [\r\n            {\r\n              \"provisioningState\": \"Updating\",\r\n
        \             \"service\": \"Microsoft.KeyVault\",\r\n              \"locations\":
        [\r\n                \"*\"\r\n              ]\r\n            }\r\n          ],\r\n
        \         \"delegations\": [],\r\n          \"privateEndpointNetworkPolicies\":
        \"Enabled\",\r\n          \"privateLinkServiceNetworkPolicies\": \"Enabled\"\r\n
        \       },\r\n        \"type\": \"Microsoft.Network/virtualNetworks/subnets\"\r\n
        \     }\r\n    ],\r\n    \"virtualNetworkPeerings\": [],\r\n    \"enableDdosProtection\":
        false\r\n  }\r\n}"
    headers:
      azure-asyncnotification:
      - Enabled
      azure-asyncoperation:
      - https://management.azure.com/subscriptions/00000000-0000-0000-0000-000000000000/providers/Microsoft.Network/locations/eastus2/operations/8143778c-412b-4d65-91a0-b837cd15542d?api-version=2021-05-01
      cache-control:
      - no-cache
      content-length:
      - '1642'
      content-type:
      - application/json; charset=utf-8
      date:
      - Wed, 27 Apr 2022 06:13:38 GMT
      expires:
      - '-1'
      pragma:
      - no-cache
      server:
      - Microsoft-HTTPAPI/2.0
      - Microsoft-HTTPAPI/2.0
      strict-transport-security:
      - max-age=31536000; includeSubDomains
      transfer-encoding:
      - chunked
      vary:
      - Accept-Encoding
      x-content-type-options:
      - nosniff
      x-ms-arm-service-request-id:
      - a2690eb5-1b9a-47d8-910c-4a4ba40e091a
      x-ms-ratelimit-remaining-subscription-writes:
      - '1197'
    status:
      code: 200
      message: OK
- request:
    body: null
    headers:
      Accept:
      - '*/*'
      Accept-Encoding:
      - gzip, deflate
      CommandName:
      - network vnet subnet create
      Connection:
      - keep-alive
      ParameterSetName:
      - -g --vnet-name --name --address-prefixes --service-endpoints
      User-Agent:
      - AZURECLI/2.35.0 azsdk-python-azure-mgmt-network/19.3.0 Python/3.7.9 (Windows-10-10.0.22000-SP0)
    method: GET
    uri: https://management.azure.com/subscriptions/00000000-0000-0000-0000-000000000000/providers/Microsoft.Network/locations/eastus2/operations/8143778c-412b-4d65-91a0-b837cd15542d?api-version=2021-05-01
  response:
    body:
      string: "{\r\n  \"status\": \"Succeeded\"\r\n}"
    headers:
      cache-control:
      - no-cache
      content-length:
      - '29'
      content-type:
      - application/json; charset=utf-8
      date:
      - Wed, 27 Apr 2022 06:13:41 GMT
      expires:
      - '-1'
      pragma:
      - no-cache
      server:
      - Microsoft-HTTPAPI/2.0
      - Microsoft-HTTPAPI/2.0
      strict-transport-security:
      - max-age=31536000; includeSubDomains
      transfer-encoding:
      - chunked
      vary:
      - Accept-Encoding
      x-content-type-options:
      - nosniff
      x-ms-arm-service-request-id:
      - 8b30612e-2559-499b-a15e-9ac7447ef213
    status:
      code: 200
      message: OK
- request:
    body: null
    headers:
      Accept:
      - '*/*'
      Accept-Encoding:
      - gzip, deflate
      CommandName:
      - network vnet subnet create
      Connection:
      - keep-alive
      ParameterSetName:
      - -g --vnet-name --name --address-prefixes --service-endpoints
      User-Agent:
      - AZURECLI/2.35.0 azsdk-python-azure-mgmt-network/19.3.0 Python/3.7.9 (Windows-10-10.0.22000-SP0)
    method: GET
    uri: https://management.azure.com/subscriptions/00000000-0000-0000-0000-000000000000/resourceGroups/cli_test_keyvault_network_rule000001/providers/Microsoft.Network/virtualNetworks/cli-test-vnet-000009?api-version=2021-05-01
  response:
    body:
      string: "{\r\n  \"name\": \"cli-test-vnet-000009\",\r\n  \"id\": \"/subscriptions/00000000-0000-0000-0000-000000000000/resourceGroups/cli_test_keyvault_network_rule000001/providers/Microsoft.Network/virtualNetworks/cli-test-vnet-000009\",\r\n
        \ \"etag\": \"W/\\\"042c70ca-802b-4402-a530-b496bd9d6690\\\"\",\r\n  \"type\":
        \"Microsoft.Network/virtualNetworks\",\r\n  \"location\": \"eastus2\",\r\n
        \ \"tags\": {},\r\n  \"properties\": {\r\n    \"provisioningState\": \"Succeeded\",\r\n
        \   \"resourceGuid\": \"79c4824e-3bfe-469d-a4e6-0d247973310b\",\r\n    \"addressSpace\":
        {\r\n      \"addressPrefixes\": [\r\n        \"10.0.0.0/16\"\r\n      ]\r\n
        \   },\r\n    \"dhcpOptions\": {\r\n      \"dnsServers\": []\r\n    },\r\n
        \   \"subnets\": [\r\n      {\r\n        \"name\": \"cli-test-subnet-000012\",\r\n
        \       \"id\": \"/subscriptions/00000000-0000-0000-0000-000000000000/resourceGroups/cli_test_keyvault_network_rule000001/providers/Microsoft.Network/virtualNetworks/cli-test-vnet-000009/subnets/cli-test-subnet-000012\",\r\n
        \       \"etag\": \"W/\\\"042c70ca-802b-4402-a530-b496bd9d6690\\\"\",\r\n
        \       \"properties\": {\r\n          \"provisioningState\": \"Succeeded\",\r\n
        \         \"addressPrefix\": \"10.0.0.0/21\",\r\n          \"serviceEndpoints\":
        [\r\n            {\r\n              \"provisioningState\": \"Succeeded\",\r\n
        \             \"service\": \"Microsoft.KeyVault\",\r\n              \"locations\":
        [\r\n                \"*\"\r\n              ]\r\n            }\r\n          ],\r\n
        \         \"delegations\": [],\r\n          \"privateEndpointNetworkPolicies\":
        \"Enabled\",\r\n          \"privateLinkServiceNetworkPolicies\": \"Enabled\"\r\n
        \       },\r\n        \"type\": \"Microsoft.Network/virtualNetworks/subnets\"\r\n
        \     }\r\n    ],\r\n    \"virtualNetworkPeerings\": [],\r\n    \"enableDdosProtection\":
        false\r\n  }\r\n}"
    headers:
      cache-control:
      - no-cache
      content-length:
      - '1645'
      content-type:
      - application/json; charset=utf-8
      date:
      - Wed, 27 Apr 2022 06:13:41 GMT
      etag:
      - W/"042c70ca-802b-4402-a530-b496bd9d6690"
      expires:
      - '-1'
      pragma:
      - no-cache
      server:
      - Microsoft-HTTPAPI/2.0
      - Microsoft-HTTPAPI/2.0
      strict-transport-security:
      - max-age=31536000; includeSubDomains
      transfer-encoding:
      - chunked
      vary:
      - Accept-Encoding
      x-content-type-options:
      - nosniff
      x-ms-arm-service-request-id:
      - f0e01b13-2b71-4c3b-8ed8-feb83cf1d2f5
    status:
      code: 200
      message: OK
- request:
    body: null
    headers:
      Accept:
      - application/json
      Accept-Encoding:
      - gzip, deflate
      CommandName:
      - network vnet subnet show
      Connection:
      - keep-alive
      ParameterSetName:
      - -g --vnet-name --name
      User-Agent:
      - AZURECLI/2.35.0 azsdk-python-azure-mgmt-network/19.3.0 Python/3.7.9 (Windows-10-10.0.22000-SP0)
    method: GET
    uri: https://management.azure.com/subscriptions/00000000-0000-0000-0000-000000000000/resourceGroups/cli_test_keyvault_network_rule000001/providers/Microsoft.Network/virtualNetworks/cli-test-vnet-000009/subnets/cli-test-subnet-000012?api-version=2021-05-01
  response:
    body:
      string: "{\r\n  \"name\": \"cli-test-subnet-000012\",\r\n  \"id\": \"/subscriptions/00000000-0000-0000-0000-000000000000/resourceGroups/cli_test_keyvault_network_rule000001/providers/Microsoft.Network/virtualNetworks/cli-test-vnet-000009/subnets/cli-test-subnet-000012\",\r\n
        \ \"etag\": \"W/\\\"042c70ca-802b-4402-a530-b496bd9d6690\\\"\",\r\n  \"properties\":
        {\r\n    \"provisioningState\": \"Succeeded\",\r\n    \"addressPrefix\": \"10.0.0.0/21\",\r\n
        \   \"serviceEndpoints\": [\r\n      {\r\n        \"provisioningState\": \"Succeeded\",\r\n
        \       \"service\": \"Microsoft.KeyVault\",\r\n        \"locations\": [\r\n
        \         \"*\"\r\n        ]\r\n      }\r\n    ],\r\n    \"delegations\":
        [],\r\n    \"privateEndpointNetworkPolicies\": \"Enabled\",\r\n    \"privateLinkServiceNetworkPolicies\":
        \"Enabled\"\r\n  },\r\n  \"type\": \"Microsoft.Network/virtualNetworks/subnets\"\r\n}"
    headers:
      cache-control:
      - no-cache
      content-length:
      - '780'
      content-type:
      - application/json; charset=utf-8
      date:
      - Wed, 27 Apr 2022 06:13:43 GMT
      etag:
      - W/"042c70ca-802b-4402-a530-b496bd9d6690"
      expires:
      - '-1'
      pragma:
      - no-cache
      server:
      - Microsoft-HTTPAPI/2.0
      - Microsoft-HTTPAPI/2.0
      strict-transport-security:
      - max-age=31536000; includeSubDomains
      transfer-encoding:
      - chunked
      vary:
      - Accept-Encoding
      x-content-type-options:
      - nosniff
      x-ms-arm-service-request-id:
      - d6471ea6-e822-481e-b6ee-63abdc1c4ccc
    status:
      code: 200
      message: OK
- request:
    body: '{"location": "eastus2", "tags": {}, "properties": {"addressSpace": {"addressPrefixes":
      ["10.0.0.0/16"]}, "dhcpOptions": {}}}'
    headers:
      Accept:
      - application/json
      Accept-Encoding:
      - gzip, deflate
      CommandName:
      - network vnet create
      Connection:
      - keep-alive
      Content-Length:
      - '124'
      Content-Type:
      - application/json
      ParameterSetName:
      - -g -n -l
      User-Agent:
      - AZURECLI/2.35.0 azsdk-python-azure-mgmt-network/19.3.0 Python/3.7.9 (Windows-10-10.0.22000-SP0)
    method: PUT
    uri: https://management.azure.com/subscriptions/00000000-0000-0000-0000-000000000000/resourceGroups/cli_test_keyvault_network_rule000001/providers/Microsoft.Network/virtualNetworks/cli-test-vnet-000010?api-version=2021-05-01
  response:
    body:
      string: "{\r\n  \"name\": \"cli-test-vnet-000010\",\r\n  \"id\": \"/subscriptions/00000000-0000-0000-0000-000000000000/resourceGroups/cli_test_keyvault_network_rule000001/providers/Microsoft.Network/virtualNetworks/cli-test-vnet-000010\",\r\n
        \ \"etag\": \"W/\\\"e5124d32-4551-4d14-93aa-868d9ad321a6\\\"\",\r\n  \"type\":
        \"Microsoft.Network/virtualNetworks\",\r\n  \"location\": \"eastus2\",\r\n
        \ \"tags\": {},\r\n  \"properties\": {\r\n    \"provisioningState\": \"Updating\",\r\n
        \   \"resourceGuid\": \"5e54d3de-2d95-4bff-bf07-faad50ddacf5\",\r\n    \"addressSpace\":
        {\r\n      \"addressPrefixes\": [\r\n        \"10.0.0.0/16\"\r\n      ]\r\n
        \   },\r\n    \"dhcpOptions\": {\r\n      \"dnsServers\": []\r\n    },\r\n
        \   \"subnets\": [],\r\n    \"virtualNetworkPeerings\": [],\r\n    \"enableDdosProtection\":
        false\r\n  }\r\n}"
    headers:
      azure-asyncnotification:
      - Enabled
      azure-asyncoperation:
      - https://management.azure.com/subscriptions/00000000-0000-0000-0000-000000000000/providers/Microsoft.Network/locations/eastus2/operations/dbddcc1d-c73d-4ae8-bb28-df536e74b518?api-version=2021-05-01
      cache-control:
      - no-cache
      content-length:
      - '724'
      content-type:
      - application/json; charset=utf-8
      date:
      - Wed, 27 Apr 2022 06:13:48 GMT
      expires:
      - '-1'
      pragma:
      - no-cache
      server:
      - Microsoft-HTTPAPI/2.0
      - Microsoft-HTTPAPI/2.0
      strict-transport-security:
      - max-age=31536000; includeSubDomains
      x-content-type-options:
      - nosniff
      x-ms-arm-service-request-id:
      - 00cbb4d8-6a72-4b6e-82c9-bd0b96d5e9f5
      x-ms-ratelimit-remaining-subscription-writes:
      - '1196'
    status:
      code: 201
      message: Created
- request:
    body: null
    headers:
      Accept:
      - '*/*'
      Accept-Encoding:
      - gzip, deflate
      CommandName:
      - network vnet create
      Connection:
      - keep-alive
      ParameterSetName:
      - -g -n -l
      User-Agent:
      - AZURECLI/2.35.0 azsdk-python-azure-mgmt-network/19.3.0 Python/3.7.9 (Windows-10-10.0.22000-SP0)
    method: GET
    uri: https://management.azure.com/subscriptions/00000000-0000-0000-0000-000000000000/providers/Microsoft.Network/locations/eastus2/operations/dbddcc1d-c73d-4ae8-bb28-df536e74b518?api-version=2021-05-01
  response:
    body:
      string: "{\r\n  \"status\": \"Succeeded\"\r\n}"
    headers:
      cache-control:
      - no-cache
      content-length:
      - '29'
      content-type:
      - application/json; charset=utf-8
      date:
      - Wed, 27 Apr 2022 06:13:51 GMT
      expires:
      - '-1'
      pragma:
      - no-cache
      server:
      - Microsoft-HTTPAPI/2.0
      - Microsoft-HTTPAPI/2.0
      strict-transport-security:
      - max-age=31536000; includeSubDomains
      transfer-encoding:
      - chunked
      vary:
      - Accept-Encoding
      x-content-type-options:
      - nosniff
      x-ms-arm-service-request-id:
      - 58b99df7-b73e-41ce-8d8b-ee0fd4f55665
    status:
      code: 200
      message: OK
- request:
    body: null
    headers:
      Accept:
      - '*/*'
      Accept-Encoding:
      - gzip, deflate
      CommandName:
      - network vnet create
      Connection:
      - keep-alive
      ParameterSetName:
      - -g -n -l
      User-Agent:
      - AZURECLI/2.35.0 azsdk-python-azure-mgmt-network/19.3.0 Python/3.7.9 (Windows-10-10.0.22000-SP0)
    method: GET
    uri: https://management.azure.com/subscriptions/00000000-0000-0000-0000-000000000000/resourceGroups/cli_test_keyvault_network_rule000001/providers/Microsoft.Network/virtualNetworks/cli-test-vnet-000010?api-version=2021-05-01
  response:
    body:
      string: "{\r\n  \"name\": \"cli-test-vnet-000010\",\r\n  \"id\": \"/subscriptions/00000000-0000-0000-0000-000000000000/resourceGroups/cli_test_keyvault_network_rule000001/providers/Microsoft.Network/virtualNetworks/cli-test-vnet-000010\",\r\n
        \ \"etag\": \"W/\\\"f41240f2-40f8-44cb-ae02-0e53dc4bb2de\\\"\",\r\n  \"type\":
        \"Microsoft.Network/virtualNetworks\",\r\n  \"location\": \"eastus2\",\r\n
        \ \"tags\": {},\r\n  \"properties\": {\r\n    \"provisioningState\": \"Succeeded\",\r\n
        \   \"resourceGuid\": \"5e54d3de-2d95-4bff-bf07-faad50ddacf5\",\r\n    \"addressSpace\":
        {\r\n      \"addressPrefixes\": [\r\n        \"10.0.0.0/16\"\r\n      ]\r\n
        \   },\r\n    \"dhcpOptions\": {\r\n      \"dnsServers\": []\r\n    },\r\n
        \   \"subnets\": [],\r\n    \"virtualNetworkPeerings\": [],\r\n    \"enableDdosProtection\":
        false\r\n  }\r\n}"
    headers:
      cache-control:
      - no-cache
      content-length:
      - '725'
      content-type:
      - application/json; charset=utf-8
      date:
      - Wed, 27 Apr 2022 06:13:52 GMT
      etag:
      - W/"f41240f2-40f8-44cb-ae02-0e53dc4bb2de"
      expires:
      - '-1'
      pragma:
      - no-cache
      server:
      - Microsoft-HTTPAPI/2.0
      - Microsoft-HTTPAPI/2.0
      strict-transport-security:
      - max-age=31536000; includeSubDomains
      transfer-encoding:
      - chunked
      vary:
      - Accept-Encoding
      x-content-type-options:
      - nosniff
      x-ms-arm-service-request-id:
      - a1148ffc-5855-45dd-b4d9-e9600eb7c9fc
    status:
      code: 200
      message: OK
- request:
    body: null
    headers:
      Accept:
      - application/json
      Accept-Encoding:
      - gzip, deflate
      CommandName:
      - network vnet subnet create
      Connection:
      - keep-alive
      ParameterSetName:
      - -g --vnet-name --name --address-prefixes --service-endpoints
      User-Agent:
      - AZURECLI/2.35.0 azsdk-python-azure-mgmt-network/19.3.0 Python/3.7.9 (Windows-10-10.0.22000-SP0)
    method: GET
    uri: https://management.azure.com/subscriptions/00000000-0000-0000-0000-000000000000/resourceGroups/cli_test_keyvault_network_rule000001/providers/Microsoft.Network/virtualNetworks/cli-test-vnet-000010?api-version=2021-05-01
  response:
    body:
      string: "{\r\n  \"name\": \"cli-test-vnet-000010\",\r\n  \"id\": \"/subscriptions/00000000-0000-0000-0000-000000000000/resourceGroups/cli_test_keyvault_network_rule000001/providers/Microsoft.Network/virtualNetworks/cli-test-vnet-000010\",\r\n
        \ \"etag\": \"W/\\\"f41240f2-40f8-44cb-ae02-0e53dc4bb2de\\\"\",\r\n  \"type\":
        \"Microsoft.Network/virtualNetworks\",\r\n  \"location\": \"eastus2\",\r\n
        \ \"tags\": {},\r\n  \"properties\": {\r\n    \"provisioningState\": \"Succeeded\",\r\n
        \   \"resourceGuid\": \"5e54d3de-2d95-4bff-bf07-faad50ddacf5\",\r\n    \"addressSpace\":
        {\r\n      \"addressPrefixes\": [\r\n        \"10.0.0.0/16\"\r\n      ]\r\n
        \   },\r\n    \"dhcpOptions\": {\r\n      \"dnsServers\": []\r\n    },\r\n
        \   \"subnets\": [],\r\n    \"virtualNetworkPeerings\": [],\r\n    \"enableDdosProtection\":
        false\r\n  }\r\n}"
    headers:
      cache-control:
      - no-cache
      content-length:
      - '725'
      content-type:
      - application/json; charset=utf-8
      date:
      - Wed, 27 Apr 2022 06:13:53 GMT
      etag:
      - W/"f41240f2-40f8-44cb-ae02-0e53dc4bb2de"
      expires:
      - '-1'
      pragma:
      - no-cache
      server:
      - Microsoft-HTTPAPI/2.0
      - Microsoft-HTTPAPI/2.0
      strict-transport-security:
      - max-age=31536000; includeSubDomains
      transfer-encoding:
      - chunked
      vary:
      - Accept-Encoding
      x-content-type-options:
      - nosniff
      x-ms-arm-service-request-id:
      - a4cee22b-e71d-472b-a97f-bbef83a9c150
    status:
      code: 200
      message: OK
- request:
    body: '{"id": "/subscriptions/00000000-0000-0000-0000-000000000000/resourceGroups/cli_test_keyvault_network_rule000001/providers/Microsoft.Network/virtualNetworks/cli-test-vnet-000010",
      "location": "eastus2", "tags": {}, "properties": {"addressSpace": {"addressPrefixes":
      ["10.0.0.0/16"]}, "dhcpOptions": {"dnsServers": []}, "subnets": [{"name": "cli-test-subnet-000013",
      "properties": {"addressPrefix": "10.0.0.0/21", "serviceEndpoints": [{"service":
      "Microsoft.KeyVault"}], "privateEndpointNetworkPolicies": "Enabled", "privateLinkServiceNetworkPolicies":
      "Enabled"}}], "virtualNetworkPeerings": [], "enableDdosProtection": false}}'
    headers:
      Accept:
      - application/json
      Accept-Encoding:
      - gzip, deflate
      CommandName:
      - network vnet subnet create
      Connection:
      - keep-alive
      Content-Length:
      - '626'
      Content-Type:
      - application/json
      ParameterSetName:
      - -g --vnet-name --name --address-prefixes --service-endpoints
      User-Agent:
      - AZURECLI/2.35.0 azsdk-python-azure-mgmt-network/19.3.0 Python/3.7.9 (Windows-10-10.0.22000-SP0)
    method: PUT
    uri: https://management.azure.com/subscriptions/00000000-0000-0000-0000-000000000000/resourceGroups/cli_test_keyvault_network_rule000001/providers/Microsoft.Network/virtualNetworks/cli-test-vnet-000010?api-version=2021-05-01
  response:
    body:
      string: "{\r\n  \"name\": \"cli-test-vnet-000010\",\r\n  \"id\": \"/subscriptions/00000000-0000-0000-0000-000000000000/resourceGroups/cli_test_keyvault_network_rule000001/providers/Microsoft.Network/virtualNetworks/cli-test-vnet-000010\",\r\n
        \ \"etag\": \"W/\\\"179d486c-507b-4d27-8247-708ef47688d7\\\"\",\r\n  \"type\":
        \"Microsoft.Network/virtualNetworks\",\r\n  \"location\": \"eastus2\",\r\n
        \ \"tags\": {},\r\n  \"properties\": {\r\n    \"provisioningState\": \"Updating\",\r\n
        \   \"resourceGuid\": \"5e54d3de-2d95-4bff-bf07-faad50ddacf5\",\r\n    \"addressSpace\":
        {\r\n      \"addressPrefixes\": [\r\n        \"10.0.0.0/16\"\r\n      ]\r\n
        \   },\r\n    \"dhcpOptions\": {\r\n      \"dnsServers\": []\r\n    },\r\n
        \   \"subnets\": [\r\n      {\r\n        \"name\": \"cli-test-subnet-000013\",\r\n
        \       \"id\": \"/subscriptions/00000000-0000-0000-0000-000000000000/resourceGroups/cli_test_keyvault_network_rule000001/providers/Microsoft.Network/virtualNetworks/cli-test-vnet-000010/subnets/cli-test-subnet-000013\",\r\n
        \       \"etag\": \"W/\\\"179d486c-507b-4d27-8247-708ef47688d7\\\"\",\r\n
        \       \"properties\": {\r\n          \"provisioningState\": \"Updating\",\r\n
        \         \"addressPrefix\": \"10.0.0.0/21\",\r\n          \"serviceEndpoints\":
        [\r\n            {\r\n              \"provisioningState\": \"Updating\",\r\n
        \             \"service\": \"Microsoft.KeyVault\",\r\n              \"locations\":
        [\r\n                \"*\"\r\n              ]\r\n            }\r\n          ],\r\n
        \         \"delegations\": [],\r\n          \"privateEndpointNetworkPolicies\":
        \"Enabled\",\r\n          \"privateLinkServiceNetworkPolicies\": \"Enabled\"\r\n
        \       },\r\n        \"type\": \"Microsoft.Network/virtualNetworks/subnets\"\r\n
        \     }\r\n    ],\r\n    \"virtualNetworkPeerings\": [],\r\n    \"enableDdosProtection\":
        false\r\n  }\r\n}"
    headers:
      azure-asyncnotification:
      - Enabled
      azure-asyncoperation:
      - https://management.azure.com/subscriptions/00000000-0000-0000-0000-000000000000/providers/Microsoft.Network/locations/eastus2/operations/34e9f3c3-8948-4287-aecc-a3f7c374c7b1?api-version=2021-05-01
      cache-control:
      - no-cache
      content-length:
      - '1642'
      content-type:
      - application/json; charset=utf-8
      date:
      - Wed, 27 Apr 2022 06:13:54 GMT
      expires:
      - '-1'
      pragma:
      - no-cache
      server:
      - Microsoft-HTTPAPI/2.0
      - Microsoft-HTTPAPI/2.0
      strict-transport-security:
      - max-age=31536000; includeSubDomains
      transfer-encoding:
      - chunked
      vary:
      - Accept-Encoding
      x-content-type-options:
      - nosniff
      x-ms-arm-service-request-id:
      - 4a878e8d-c380-4776-bfcd-d82473147892
      x-ms-ratelimit-remaining-subscription-writes:
      - '1195'
    status:
      code: 200
      message: OK
- request:
    body: null
    headers:
      Accept:
      - '*/*'
      Accept-Encoding:
      - gzip, deflate
      CommandName:
      - network vnet subnet create
      Connection:
      - keep-alive
      ParameterSetName:
      - -g --vnet-name --name --address-prefixes --service-endpoints
      User-Agent:
      - AZURECLI/2.35.0 azsdk-python-azure-mgmt-network/19.3.0 Python/3.7.9 (Windows-10-10.0.22000-SP0)
    method: GET
    uri: https://management.azure.com/subscriptions/00000000-0000-0000-0000-000000000000/providers/Microsoft.Network/locations/eastus2/operations/34e9f3c3-8948-4287-aecc-a3f7c374c7b1?api-version=2021-05-01
  response:
    body:
      string: "{\r\n  \"status\": \"InProgress\"\r\n}"
    headers:
      cache-control:
      - no-cache
      content-length:
      - '30'
      content-type:
      - application/json; charset=utf-8
      date:
      - Wed, 27 Apr 2022 06:13:59 GMT
      expires:
      - '-1'
      pragma:
      - no-cache
      server:
      - Microsoft-HTTPAPI/2.0
      - Microsoft-HTTPAPI/2.0
      strict-transport-security:
      - max-age=31536000; includeSubDomains
      transfer-encoding:
      - chunked
      vary:
      - Accept-Encoding
      x-content-type-options:
      - nosniff
      x-ms-arm-service-request-id:
      - 513b798b-cfc1-44f4-948d-1b30b6686a30
    status:
      code: 200
      message: OK
- request:
    body: null
    headers:
      Accept:
      - '*/*'
      Accept-Encoding:
      - gzip, deflate
      CommandName:
      - network vnet subnet create
      Connection:
      - keep-alive
      ParameterSetName:
      - -g --vnet-name --name --address-prefixes --service-endpoints
      User-Agent:
      - AZURECLI/2.35.0 azsdk-python-azure-mgmt-network/19.3.0 Python/3.7.9 (Windows-10-10.0.22000-SP0)
    method: GET
    uri: https://management.azure.com/subscriptions/00000000-0000-0000-0000-000000000000/providers/Microsoft.Network/locations/eastus2/operations/34e9f3c3-8948-4287-aecc-a3f7c374c7b1?api-version=2021-05-01
  response:
    body:
      string: "{\r\n  \"status\": \"Succeeded\"\r\n}"
    headers:
      cache-control:
      - no-cache
      content-length:
      - '29'
      content-type:
      - application/json; charset=utf-8
      date:
      - Wed, 27 Apr 2022 06:14:09 GMT
      expires:
      - '-1'
      pragma:
      - no-cache
      server:
      - Microsoft-HTTPAPI/2.0
      - Microsoft-HTTPAPI/2.0
      strict-transport-security:
      - max-age=31536000; includeSubDomains
      transfer-encoding:
      - chunked
      vary:
      - Accept-Encoding
      x-content-type-options:
      - nosniff
      x-ms-arm-service-request-id:
      - 999745b9-a190-4361-894c-af9c2749cec2
    status:
      code: 200
      message: OK
- request:
    body: null
    headers:
      Accept:
      - '*/*'
      Accept-Encoding:
      - gzip, deflate
      CommandName:
      - network vnet subnet create
      Connection:
      - keep-alive
      ParameterSetName:
      - -g --vnet-name --name --address-prefixes --service-endpoints
      User-Agent:
      - AZURECLI/2.35.0 azsdk-python-azure-mgmt-network/19.3.0 Python/3.7.9 (Windows-10-10.0.22000-SP0)
    method: GET
    uri: https://management.azure.com/subscriptions/00000000-0000-0000-0000-000000000000/resourceGroups/cli_test_keyvault_network_rule000001/providers/Microsoft.Network/virtualNetworks/cli-test-vnet-000010?api-version=2021-05-01
  response:
    body:
      string: "{\r\n  \"name\": \"cli-test-vnet-000010\",\r\n  \"id\": \"/subscriptions/00000000-0000-0000-0000-000000000000/resourceGroups/cli_test_keyvault_network_rule000001/providers/Microsoft.Network/virtualNetworks/cli-test-vnet-000010\",\r\n
        \ \"etag\": \"W/\\\"8c7ce58f-e89f-40f7-9bcc-78332ace8510\\\"\",\r\n  \"type\":
        \"Microsoft.Network/virtualNetworks\",\r\n  \"location\": \"eastus2\",\r\n
        \ \"tags\": {},\r\n  \"properties\": {\r\n    \"provisioningState\": \"Succeeded\",\r\n
        \   \"resourceGuid\": \"5e54d3de-2d95-4bff-bf07-faad50ddacf5\",\r\n    \"addressSpace\":
        {\r\n      \"addressPrefixes\": [\r\n        \"10.0.0.0/16\"\r\n      ]\r\n
        \   },\r\n    \"dhcpOptions\": {\r\n      \"dnsServers\": []\r\n    },\r\n
        \   \"subnets\": [\r\n      {\r\n        \"name\": \"cli-test-subnet-000013\",\r\n
        \       \"id\": \"/subscriptions/00000000-0000-0000-0000-000000000000/resourceGroups/cli_test_keyvault_network_rule000001/providers/Microsoft.Network/virtualNetworks/cli-test-vnet-000010/subnets/cli-test-subnet-000013\",\r\n
        \       \"etag\": \"W/\\\"8c7ce58f-e89f-40f7-9bcc-78332ace8510\\\"\",\r\n
        \       \"properties\": {\r\n          \"provisioningState\": \"Succeeded\",\r\n
        \         \"addressPrefix\": \"10.0.0.0/21\",\r\n          \"serviceEndpoints\":
        [\r\n            {\r\n              \"provisioningState\": \"Succeeded\",\r\n
        \             \"service\": \"Microsoft.KeyVault\",\r\n              \"locations\":
        [\r\n                \"*\"\r\n              ]\r\n            }\r\n          ],\r\n
        \         \"delegations\": [],\r\n          \"privateEndpointNetworkPolicies\":
        \"Enabled\",\r\n          \"privateLinkServiceNetworkPolicies\": \"Enabled\"\r\n
        \       },\r\n        \"type\": \"Microsoft.Network/virtualNetworks/subnets\"\r\n
        \     }\r\n    ],\r\n    \"virtualNetworkPeerings\": [],\r\n    \"enableDdosProtection\":
        false\r\n  }\r\n}"
    headers:
      cache-control:
      - no-cache
      content-length:
      - '1645'
      content-type:
      - application/json; charset=utf-8
      date:
      - Wed, 27 Apr 2022 06:14:09 GMT
      etag:
      - W/"8c7ce58f-e89f-40f7-9bcc-78332ace8510"
      expires:
      - '-1'
      pragma:
      - no-cache
      server:
      - Microsoft-HTTPAPI/2.0
      - Microsoft-HTTPAPI/2.0
      strict-transport-security:
      - max-age=31536000; includeSubDomains
      transfer-encoding:
      - chunked
      vary:
      - Accept-Encoding
      x-content-type-options:
      - nosniff
      x-ms-arm-service-request-id:
      - 083d7ff7-365a-4322-8686-8cc8b03e927b
    status:
      code: 200
      message: OK
- request:
    body: null
    headers:
      Accept:
      - application/json
      Accept-Encoding:
      - gzip, deflate
      CommandName:
      - network vnet subnet show
      Connection:
      - keep-alive
      ParameterSetName:
      - -g --vnet-name --name
      User-Agent:
      - AZURECLI/2.35.0 azsdk-python-azure-mgmt-network/19.3.0 Python/3.7.9 (Windows-10-10.0.22000-SP0)
    method: GET
    uri: https://management.azure.com/subscriptions/00000000-0000-0000-0000-000000000000/resourceGroups/cli_test_keyvault_network_rule000001/providers/Microsoft.Network/virtualNetworks/cli-test-vnet-000010/subnets/cli-test-subnet-000013?api-version=2021-05-01
  response:
    body:
      string: "{\r\n  \"name\": \"cli-test-subnet-000013\",\r\n  \"id\": \"/subscriptions/00000000-0000-0000-0000-000000000000/resourceGroups/cli_test_keyvault_network_rule000001/providers/Microsoft.Network/virtualNetworks/cli-test-vnet-000010/subnets/cli-test-subnet-000013\",\r\n
        \ \"etag\": \"W/\\\"8c7ce58f-e89f-40f7-9bcc-78332ace8510\\\"\",\r\n  \"properties\":
        {\r\n    \"provisioningState\": \"Succeeded\",\r\n    \"addressPrefix\": \"10.0.0.0/21\",\r\n
        \   \"serviceEndpoints\": [\r\n      {\r\n        \"provisioningState\": \"Succeeded\",\r\n
        \       \"service\": \"Microsoft.KeyVault\",\r\n        \"locations\": [\r\n
        \         \"*\"\r\n        ]\r\n      }\r\n    ],\r\n    \"delegations\":
        [],\r\n    \"privateEndpointNetworkPolicies\": \"Enabled\",\r\n    \"privateLinkServiceNetworkPolicies\":
        \"Enabled\"\r\n  },\r\n  \"type\": \"Microsoft.Network/virtualNetworks/subnets\"\r\n}"
    headers:
      cache-control:
      - no-cache
      content-length:
      - '780'
      content-type:
      - application/json; charset=utf-8
      date:
      - Wed, 27 Apr 2022 06:14:11 GMT
      etag:
      - W/"8c7ce58f-e89f-40f7-9bcc-78332ace8510"
      expires:
      - '-1'
      pragma:
      - no-cache
      server:
      - Microsoft-HTTPAPI/2.0
      - Microsoft-HTTPAPI/2.0
      strict-transport-security:
      - max-age=31536000; includeSubDomains
      transfer-encoding:
      - chunked
      vary:
      - Accept-Encoding
      x-content-type-options:
      - nosniff
      x-ms-arm-service-request-id:
      - 58ba0620-6ff3-45b4-8a58-2483dc607a51
    status:
      code: 200
      message: OK
- request:
    body: null
    headers:
      Accept:
      - application/json
      Accept-Encoding:
      - gzip, deflate
      CommandName:
      - keyvault create
      Connection:
      - keep-alive
      ParameterSetName:
      - -n -l -g --network-acls-ips --network-acls-vnets
      User-Agent:
      - AZURECLI/2.35.0 azsdk-python-azure-mgmt-keyvault/9.3.0 Python/3.7.9 (Windows-10-10.0.22000-SP0)
    method: GET
    uri: https://management.azure.com/subscriptions/00000000-0000-0000-0000-000000000000/resourceGroups/cli_test_keyvault_network_rule000001/providers/Microsoft.KeyVault/vaults/cli-test-kv-nr-000005?api-version=2021-06-01-preview
  response:
    body:
      string: '{"error":{"code":"ResourceNotFound","message":"The Resource ''Microsoft.KeyVault/vaults/cli-test-kv-nr-000005''
        under resource group ''cli_test_keyvault_network_rule000001'' was not found.
        For more details please go to https://aka.ms/ARMResourceNotFoundFix"}}'
    headers:
      cache-control:
      - no-cache
      content-length:
      - '255'
      content-type:
      - application/json; charset=utf-8
      date:
      - Wed, 27 Apr 2022 06:14:12 GMT
      expires:
      - '-1'
      pragma:
      - no-cache
      strict-transport-security:
      - max-age=31536000; includeSubDomains
      x-content-type-options:
      - nosniff
      x-ms-failure-cause:
      - gateway
    status:
      code: 404
      message: Not Found
- request:
    body: null
    headers:
      Accept:
      - '*/*'
      Accept-Encoding:
      - gzip, deflate
      CommandName:
      - keyvault create
      Connection:
      - keep-alive
      ParameterSetName:
      - -n -l -g --network-acls-ips --network-acls-vnets
      User-Agent:
      - python/3.7.9 (Windows-10-10.0.22000-SP0) AZURECLI/2.35.0
    method: GET
    uri: https://graph.microsoft.com/v1.0/me
  response:
    body:
      string: '{"@odata.context":"https://graph.microsoft.com/v1.0/$metadata#users/$entity","businessPhones":[],"displayName":"Yishi
        Wang","givenName":null,"jobTitle":null,"mail":"yishiwang@microsoft.com","mobilePhone":null,"officeLocation":null,"preferredLanguage":null,"surname":null,"userPrincipalName":"yishiwang_microsoft.com#EXT#@AzureSDKTeam.onmicrosoft.com","id":"3707fb2f-ac10-4591-a04f-8b0d786ea37d"}'
    headers:
      cache-control:
      - no-cache
      content-length:
      - '395'
      content-type:
      - application/json;odata.metadata=minimal;odata.streaming=true;IEEE754Compatible=false;charset=utf-8
      date:
      - Wed, 27 Apr 2022 06:14:12 GMT
      odata-version:
      - '4.0'
      request-id:
      - d51f4e91-05d0-4760-8835-cdd19273713f
      strict-transport-security:
      - max-age=31536000
      transfer-encoding:
      - chunked
      vary:
      - Accept-Encoding
      x-ms-ags-diagnostic:
      - '{"ServerInfo":{"DataCenter":"Korea Central","Slice":"E","Ring":"3","ScaleUnit":"003","RoleInstance":"SE1PEPF00001FF5"}}'
      x-ms-resource-unit:
      - '1'
    status:
      code: 200
      message: OK
- request:
    body: '{"location": "eastus2", "properties": {"tenantId": "54826b22-38d6-4fb2-bad9-b7b93a3e9c5a",
      "sku": {"family": "A", "name": "standard"}, "accessPolicies": [{"tenantId":
      "54826b22-38d6-4fb2-bad9-b7b93a3e9c5a", "objectId": "3707fb2f-ac10-4591-a04f-8b0d786ea37d",
      "permissions": {"keys": ["all"], "secrets": ["all"], "certificates": ["all"],
      "storage": ["all"]}}], "softDeleteRetentionInDays": 90, "networkAcls": {"bypass":
      "AzureServices", "defaultAction": "Allow", "ipRules": [{"value": "3.4.5.0/24"},
      {"value": "4.5.0.0/16"}], "virtualNetworkRules": [{"id": "/subscriptions/00000000-0000-0000-0000-000000000000/resourcegroups/cli_test_keyvault_network_rule000001/providers/microsoft.network/virtualnetworks/cli-test-vnet-000009/subnets/cli-test-subnet-000012"},
      {"id": "/subscriptions/00000000-0000-0000-0000-000000000000/resourceGroups/cli_test_keyvault_network_rule000001/providers/Microsoft.Network/virtualNetworks/cli-test-vnet-000010/subnets/cli-test-subnet-000013"}]}}}'
    headers:
      Accept:
      - application/json
      Accept-Encoding:
      - gzip, deflate
      CommandName:
      - keyvault create
      Connection:
      - keep-alive
      Content-Length:
      - '973'
      Content-Type:
      - application/json
      ParameterSetName:
      - -n -l -g --network-acls-ips --network-acls-vnets
      User-Agent:
      - AZURECLI/2.35.0 azsdk-python-azure-mgmt-keyvault/9.3.0 Python/3.7.9 (Windows-10-10.0.22000-SP0)
    method: PUT
    uri: https://management.azure.com/subscriptions/00000000-0000-0000-0000-000000000000/resourceGroups/cli_test_keyvault_network_rule000001/providers/Microsoft.KeyVault/vaults/cli-test-kv-nr-000005?api-version=2021-06-01-preview
  response:
    body:
      string: '{"id":"/subscriptions/00000000-0000-0000-0000-000000000000/resourceGroups/cli_test_keyvault_network_rule000001/providers/Microsoft.KeyVault/vaults/cli-test-kv-nr-000005","name":"cli-test-kv-nr-000005","type":"Microsoft.KeyVault/vaults","location":"eastus2","tags":{},"systemData":{"createdBy":"yishiwang@microsoft.com","createdByType":"User","createdAt":"2022-04-27T06:14:16.525Z","lastModifiedBy":"yishiwang@microsoft.com","lastModifiedByType":"User","lastModifiedAt":"2022-04-27T06:14:16.525Z"},"properties":{"sku":{"family":"A","name":"standard"},"tenantId":"54826b22-38d6-4fb2-bad9-b7b93a3e9c5a","networkAcls":{"bypass":"AzureServices","defaultAction":"Allow","ipRules":[{"value":"3.4.5.0/24"},{"value":"4.5.0.0/16"}],"virtualNetworkRules":[{"id":"/subscriptions/00000000-0000-0000-0000-000000000000/resourcegroups/cli_test_keyvault_network_rule000001/providers/microsoft.network/virtualnetworks/cli-test-vnet-000009/subnets/cli-test-subnet-000012"},{"id":"/subscriptions/00000000-0000-0000-0000-000000000000/resourcegroups/cli_test_keyvault_network_rule000001/providers/microsoft.network/virtualnetworks/cli-test-vnet-000010/subnets/cli-test-subnet-000013"}]},"accessPolicies":[{"tenantId":"54826b22-38d6-4fb2-bad9-b7b93a3e9c5a","objectId":"3707fb2f-ac10-4591-a04f-8b0d786ea37d","permissions":{"keys":["all"],"secrets":["all"],"certificates":["all"],"storage":["all"]}}],"enabledForDeployment":false,"enableSoftDelete":true,"softDeleteRetentionInDays":90,"vaultUri":"https://cli-test-kv-nr-000005.vault.azure.net","provisioningState":"RegisteringDns","publicNetworkAccess":"Enabled"}}'
    headers:
      cache-control:
      - no-cache
      content-length:
      - '1589'
      content-type:
      - application/json; charset=utf-8
      date:
      - Wed, 27 Apr 2022 06:14:20 GMT
      expires:
      - '-1'
      pragma:
      - no-cache
      server:
      - Microsoft-IIS/10.0
      strict-transport-security:
      - max-age=31536000; includeSubDomains
      transfer-encoding:
      - chunked
      vary:
      - Accept-Encoding
      x-aspnet-version:
      - 4.0.30319
      x-content-type-options:
      - nosniff
      x-ms-keyvault-service-version:
      - 1.5.339.1
      x-ms-ratelimit-remaining-subscription-writes:
      - '1197'
    status:
      code: 200
      message: OK
- request:
    body: null
    headers:
      Accept:
      - '*/*'
      Accept-Encoding:
      - gzip, deflate
      CommandName:
      - keyvault create
      Connection:
      - keep-alive
      ParameterSetName:
      - -n -l -g --network-acls-ips --network-acls-vnets
      User-Agent:
      - AZURECLI/2.35.0 azsdk-python-azure-mgmt-keyvault/9.3.0 Python/3.7.9 (Windows-10-10.0.22000-SP0)
    method: GET
    uri: https://management.azure.com/subscriptions/00000000-0000-0000-0000-000000000000/resourceGroups/cli_test_keyvault_network_rule000001/providers/Microsoft.KeyVault/vaults/cli-test-kv-nr-000005?api-version=2021-06-01-preview
  response:
    body:
      string: '{"id":"/subscriptions/00000000-0000-0000-0000-000000000000/resourceGroups/cli_test_keyvault_network_rule000001/providers/Microsoft.KeyVault/vaults/cli-test-kv-nr-000005","name":"cli-test-kv-nr-000005","type":"Microsoft.KeyVault/vaults","location":"eastus2","tags":{},"systemData":{"createdBy":"yishiwang@microsoft.com","createdByType":"User","createdAt":"2022-04-27T06:14:16.525Z","lastModifiedBy":"yishiwang@microsoft.com","lastModifiedByType":"User","lastModifiedAt":"2022-04-27T06:14:16.525Z"},"properties":{"sku":{"family":"A","name":"standard"},"tenantId":"54826b22-38d6-4fb2-bad9-b7b93a3e9c5a","networkAcls":{"bypass":"AzureServices","defaultAction":"Allow","ipRules":[{"value":"3.4.5.0/24"},{"value":"4.5.0.0/16"}],"virtualNetworkRules":[{"id":"/subscriptions/00000000-0000-0000-0000-000000000000/resourcegroups/cli_test_keyvault_network_rule000001/providers/microsoft.network/virtualnetworks/cli-test-vnet-000009/subnets/cli-test-subnet-000012"},{"id":"/subscriptions/00000000-0000-0000-0000-000000000000/resourcegroups/cli_test_keyvault_network_rule000001/providers/microsoft.network/virtualnetworks/cli-test-vnet-000010/subnets/cli-test-subnet-000013"}]},"accessPolicies":[{"tenantId":"54826b22-38d6-4fb2-bad9-b7b93a3e9c5a","objectId":"3707fb2f-ac10-4591-a04f-8b0d786ea37d","permissions":{"keys":["all"],"secrets":["all"],"certificates":["all"],"storage":["all"]}}],"enabledForDeployment":false,"enableSoftDelete":true,"softDeleteRetentionInDays":90,"vaultUri":"https://cli-test-kv-nr-000005.vault.azure.net/","provisioningState":"Succeeded","publicNetworkAccess":"Enabled"}}'
    headers:
      cache-control:
      - no-cache
      content-length:
      - '1585'
      content-type:
      - application/json; charset=utf-8
      date:
      - Wed, 27 Apr 2022 06:14:51 GMT
      expires:
      - '-1'
      pragma:
      - no-cache
      server:
      - Microsoft-IIS/10.0
      strict-transport-security:
      - max-age=31536000; includeSubDomains
      transfer-encoding:
      - chunked
      vary:
      - Accept-Encoding
      x-aspnet-version:
      - 4.0.30319
      x-content-type-options:
      - nosniff
      x-ms-keyvault-service-version:
      - 1.5.339.1
    status:
      code: 200
      message: OK
- request:
    body: null
    headers:
      Accept:
      - application/json
      Accept-Encoding:
      - gzip, deflate
      CommandName:
      - keyvault create
      Connection:
      - keep-alive
      ParameterSetName:
      - -n -l -g --network-acls --network-acls-ips --network-acls-vnets
      User-Agent:
      - AZURECLI/2.35.0 azsdk-python-azure-mgmt-keyvault/9.3.0 Python/3.7.9 (Windows-10-10.0.22000-SP0)
    method: GET
    uri: https://management.azure.com/subscriptions/00000000-0000-0000-0000-000000000000/resourceGroups/cli_test_keyvault_network_rule000001/providers/Microsoft.KeyVault/vaults/cli-test-kv-nr-000006?api-version=2021-06-01-preview
  response:
    body:
      string: '{"error":{"code":"ResourceNotFound","message":"The Resource ''Microsoft.KeyVault/vaults/cli-test-kv-nr-000006''
        under resource group ''cli_test_keyvault_network_rule000001'' was not found.
        For more details please go to https://aka.ms/ARMResourceNotFoundFix"}}'
    headers:
      cache-control:
      - no-cache
      content-length:
      - '255'
      content-type:
      - application/json; charset=utf-8
      date:
      - Wed, 27 Apr 2022 06:14:52 GMT
      expires:
      - '-1'
      pragma:
      - no-cache
      strict-transport-security:
      - max-age=31536000; includeSubDomains
      x-content-type-options:
      - nosniff
      x-ms-failure-cause:
      - gateway
    status:
      code: 404
      message: Not Found
- request:
    body: null
    headers:
      Accept:
      - '*/*'
      Accept-Encoding:
      - gzip, deflate
      CommandName:
      - keyvault create
      Connection:
      - keep-alive
      ParameterSetName:
      - -n -l -g --network-acls --network-acls-ips --network-acls-vnets
      User-Agent:
      - python/3.7.9 (Windows-10-10.0.22000-SP0) AZURECLI/2.35.0
    method: GET
    uri: https://graph.microsoft.com/v1.0/me
  response:
    body:
      string: '{"@odata.context":"https://graph.microsoft.com/v1.0/$metadata#users/$entity","businessPhones":[],"displayName":"Yishi
        Wang","givenName":null,"jobTitle":null,"mail":"yishiwang@microsoft.com","mobilePhone":null,"officeLocation":null,"preferredLanguage":null,"surname":null,"userPrincipalName":"yishiwang_microsoft.com#EXT#@AzureSDKTeam.onmicrosoft.com","id":"3707fb2f-ac10-4591-a04f-8b0d786ea37d"}'
    headers:
      cache-control:
      - no-cache
      content-length:
      - '395'
      content-type:
      - application/json;odata.metadata=minimal;odata.streaming=true;IEEE754Compatible=false;charset=utf-8
      date:
      - Wed, 27 Apr 2022 06:14:53 GMT
      odata-version:
      - '4.0'
      request-id:
      - b50f5ecc-eeb7-4de2-8ffa-51fc7f153a09
      strict-transport-security:
      - max-age=31536000
      transfer-encoding:
      - chunked
      vary:
      - Accept-Encoding
      x-ms-ags-diagnostic:
      - '{"ServerInfo":{"DataCenter":"Korea Central","Slice":"E","Ring":"3","ScaleUnit":"003","RoleInstance":"SE1PEPF00001FF5"}}'
      x-ms-resource-unit:
      - '1'
    status:
      code: 200
      message: OK
- request:
    body: '{"location": "eastus2", "properties": {"tenantId": "54826b22-38d6-4fb2-bad9-b7b93a3e9c5a",
      "sku": {"family": "A", "name": "standard"}, "accessPolicies": [{"tenantId":
      "54826b22-38d6-4fb2-bad9-b7b93a3e9c5a", "objectId": "3707fb2f-ac10-4591-a04f-8b0d786ea37d",
      "permissions": {"keys": ["all"], "secrets": ["all"], "certificates": ["all"],
      "storage": ["all"]}}], "softDeleteRetentionInDays": 90, "networkAcls": {"bypass":
      "AzureServices", "defaultAction": "Allow", "ipRules": [{"value": "1.2.3.4/32"},
      {"value": "2.3.4.0/24"}, {"value": "3.4.5.0/24"}, {"value": "4.5.0.0/16"}],
      "virtualNetworkRules": [{"id": "/subscriptions/00000000-0000-0000-0000-000000000000/resourcegroups/cli_test_keyvault_network_rule000001/providers/microsoft.network/virtualnetworks/cli-test-vnet-000008/subnets/cli-test-subnet-000011"},
      {"id": "/subscriptions/00000000-0000-0000-0000-000000000000/resourcegroups/cli_test_keyvault_network_rule000001/providers/microsoft.network/virtualnetworks/cli-test-vnet-000009/subnets/cli-test-subnet-000012"},
      {"id": "/subscriptions/00000000-0000-0000-0000-000000000000/resourceGroups/cli_test_keyvault_network_rule000001/providers/Microsoft.Network/virtualNetworks/cli-test-vnet-000010/subnets/cli-test-subnet-000013"}]}}}'
    headers:
      Accept:
      - application/json
      Accept-Encoding:
      - gzip, deflate
      CommandName:
      - keyvault create
      Connection:
      - keep-alive
      Content-Length:
      - '1234'
      Content-Type:
      - application/json
      ParameterSetName:
      - -n -l -g --network-acls --network-acls-ips --network-acls-vnets
      User-Agent:
      - AZURECLI/2.35.0 azsdk-python-azure-mgmt-keyvault/9.3.0 Python/3.7.9 (Windows-10-10.0.22000-SP0)
    method: PUT
    uri: https://management.azure.com/subscriptions/00000000-0000-0000-0000-000000000000/resourceGroups/cli_test_keyvault_network_rule000001/providers/Microsoft.KeyVault/vaults/cli-test-kv-nr-000006?api-version=2021-06-01-preview
  response:
    body:
      string: '{"id":"/subscriptions/00000000-0000-0000-0000-000000000000/resourceGroups/cli_test_keyvault_network_rule000001/providers/Microsoft.KeyVault/vaults/cli-test-kv-nr-000006","name":"cli-test-kv-nr-000006","type":"Microsoft.KeyVault/vaults","location":"eastus2","tags":{},"systemData":{"createdBy":"yishiwang@microsoft.com","createdByType":"User","createdAt":"2022-04-27T06:14:55.226Z","lastModifiedBy":"yishiwang@microsoft.com","lastModifiedByType":"User","lastModifiedAt":"2022-04-27T06:14:55.226Z"},"properties":{"sku":{"family":"A","name":"standard"},"tenantId":"54826b22-38d6-4fb2-bad9-b7b93a3e9c5a","networkAcls":{"bypass":"AzureServices","defaultAction":"Allow","ipRules":[{"value":"1.2.3.4/32"},{"value":"2.3.4.0/24"},{"value":"3.4.5.0/24"},{"value":"4.5.0.0/16"}],"virtualNetworkRules":[{"id":"/subscriptions/00000000-0000-0000-0000-000000000000/resourcegroups/cli_test_keyvault_network_rule000001/providers/microsoft.network/virtualnetworks/cli-test-vnet-000008/subnets/cli-test-subnet-000011"},{"id":"/subscriptions/00000000-0000-0000-0000-000000000000/resourcegroups/cli_test_keyvault_network_rule000001/providers/microsoft.network/virtualnetworks/cli-test-vnet-000009/subnets/cli-test-subnet-000012"},{"id":"/subscriptions/00000000-0000-0000-0000-000000000000/resourcegroups/cli_test_keyvault_network_rule000001/providers/microsoft.network/virtualnetworks/cli-test-vnet-000010/subnets/cli-test-subnet-000013"}]},"accessPolicies":[{"tenantId":"54826b22-38d6-4fb2-bad9-b7b93a3e9c5a","objectId":"3707fb2f-ac10-4591-a04f-8b0d786ea37d","permissions":{"keys":["all"],"secrets":["all"],"certificates":["all"],"storage":["all"]}}],"enabledForDeployment":false,"enableSoftDelete":true,"softDeleteRetentionInDays":90,"vaultUri":"https://cli-test-kv-nr-000006.vault.azure.net","provisioningState":"RegisteringDns","publicNetworkAccess":"Enabled"}}'
    headers:
      cache-control:
      - no-cache
      content-length:
      - '1844'
      content-type:
      - application/json; charset=utf-8
      date:
      - Wed, 27 Apr 2022 06:14:57 GMT
      expires:
      - '-1'
      pragma:
      - no-cache
      server:
      - Microsoft-IIS/10.0
      strict-transport-security:
      - max-age=31536000; includeSubDomains
      transfer-encoding:
      - chunked
      vary:
      - Accept-Encoding
      x-aspnet-version:
      - 4.0.30319
      x-content-type-options:
      - nosniff
      x-ms-keyvault-service-version:
      - 1.5.339.1
      x-ms-ratelimit-remaining-subscription-writes:
      - '1193'
    status:
      code: 200
      message: OK
- request:
    body: null
    headers:
      Accept:
      - '*/*'
      Accept-Encoding:
      - gzip, deflate
      CommandName:
      - keyvault create
      Connection:
      - keep-alive
      ParameterSetName:
      - -n -l -g --network-acls --network-acls-ips --network-acls-vnets
      User-Agent:
      - AZURECLI/2.35.0 azsdk-python-azure-mgmt-keyvault/9.3.0 Python/3.7.9 (Windows-10-10.0.22000-SP0)
    method: GET
    uri: https://management.azure.com/subscriptions/00000000-0000-0000-0000-000000000000/resourceGroups/cli_test_keyvault_network_rule000001/providers/Microsoft.KeyVault/vaults/cli-test-kv-nr-000006?api-version=2021-06-01-preview
  response:
    body:
      string: '{"id":"/subscriptions/00000000-0000-0000-0000-000000000000/resourceGroups/cli_test_keyvault_network_rule000001/providers/Microsoft.KeyVault/vaults/cli-test-kv-nr-000006","name":"cli-test-kv-nr-000006","type":"Microsoft.KeyVault/vaults","location":"eastus2","tags":{},"systemData":{"createdBy":"yishiwang@microsoft.com","createdByType":"User","createdAt":"2022-04-27T06:14:55.226Z","lastModifiedBy":"yishiwang@microsoft.com","lastModifiedByType":"User","lastModifiedAt":"2022-04-27T06:14:55.226Z"},"properties":{"sku":{"family":"A","name":"standard"},"tenantId":"54826b22-38d6-4fb2-bad9-b7b93a3e9c5a","networkAcls":{"bypass":"AzureServices","defaultAction":"Allow","ipRules":[{"value":"1.2.3.4/32"},{"value":"2.3.4.0/24"},{"value":"3.4.5.0/24"},{"value":"4.5.0.0/16"}],"virtualNetworkRules":[{"id":"/subscriptions/00000000-0000-0000-0000-000000000000/resourcegroups/cli_test_keyvault_network_rule000001/providers/microsoft.network/virtualnetworks/cli-test-vnet-000008/subnets/cli-test-subnet-000011"},{"id":"/subscriptions/00000000-0000-0000-0000-000000000000/resourcegroups/cli_test_keyvault_network_rule000001/providers/microsoft.network/virtualnetworks/cli-test-vnet-000009/subnets/cli-test-subnet-000012"},{"id":"/subscriptions/00000000-0000-0000-0000-000000000000/resourcegroups/cli_test_keyvault_network_rule000001/providers/microsoft.network/virtualnetworks/cli-test-vnet-000010/subnets/cli-test-subnet-000013"}]},"accessPolicies":[{"tenantId":"54826b22-38d6-4fb2-bad9-b7b93a3e9c5a","objectId":"3707fb2f-ac10-4591-a04f-8b0d786ea37d","permissions":{"keys":["all"],"secrets":["all"],"certificates":["all"],"storage":["all"]}}],"enabledForDeployment":false,"enableSoftDelete":true,"softDeleteRetentionInDays":90,"vaultUri":"https://cli-test-kv-nr-000006.vault.azure.net/","provisioningState":"Succeeded","publicNetworkAccess":"Enabled"}}'
    headers:
      cache-control:
      - no-cache
      content-length:
      - '1840'
      content-type:
      - application/json; charset=utf-8
      date:
      - Wed, 27 Apr 2022 06:15:27 GMT
      expires:
      - '-1'
      pragma:
      - no-cache
      server:
      - Microsoft-IIS/10.0
      strict-transport-security:
      - max-age=31536000; includeSubDomains
      transfer-encoding:
      - chunked
      vary:
      - Accept-Encoding
      x-aspnet-version:
      - 4.0.30319
      x-content-type-options:
      - nosniff
      x-ms-keyvault-service-version:
      - 1.5.339.1
    status:
      code: 200
      message: OK
- request:
    body: null
    headers:
      Accept:
      - application/json
      Accept-Encoding:
      - gzip, deflate
      CommandName:
      - keyvault create
      Connection:
      - keep-alive
      ParameterSetName:
      - -n -l -g --network-acls --network-acls-ips --network-acls-vnets
      User-Agent:
      - AZURECLI/2.35.0 azsdk-python-azure-mgmt-keyvault/9.3.0 Python/3.7.9 (Windows-10-10.0.22000-SP0)
    method: GET
    uri: https://management.azure.com/subscriptions/00000000-0000-0000-0000-000000000000/resourceGroups/cli_test_keyvault_network_rule000001/providers/Microsoft.KeyVault/vaults/cli-test-kv-nr-000007?api-version=2021-06-01-preview
  response:
    body:
      string: '{"error":{"code":"ResourceNotFound","message":"The Resource ''Microsoft.KeyVault/vaults/cli-test-kv-nr-000007''
        under resource group ''cli_test_keyvault_network_rule000001'' was not found.
        For more details please go to https://aka.ms/ARMResourceNotFoundFix"}}'
    headers:
      cache-control:
      - no-cache
      content-length:
      - '255'
      content-type:
      - application/json; charset=utf-8
      date:
      - Wed, 27 Apr 2022 06:15:28 GMT
      expires:
      - '-1'
      pragma:
      - no-cache
      strict-transport-security:
      - max-age=31536000; includeSubDomains
      x-content-type-options:
      - nosniff
      x-ms-failure-cause:
      - gateway
    status:
      code: 404
      message: Not Found
- request:
    body: null
    headers:
      Accept:
      - '*/*'
      Accept-Encoding:
      - gzip, deflate
      CommandName:
      - keyvault create
      Connection:
      - keep-alive
      ParameterSetName:
      - -n -l -g --network-acls --network-acls-ips --network-acls-vnets
      User-Agent:
      - python/3.7.9 (Windows-10-10.0.22000-SP0) AZURECLI/2.35.0
    method: GET
    uri: https://graph.microsoft.com/v1.0/me
  response:
    body:
      string: '{"@odata.context":"https://graph.microsoft.com/v1.0/$metadata#users/$entity","businessPhones":[],"displayName":"Yishi
        Wang","givenName":null,"jobTitle":null,"mail":"yishiwang@microsoft.com","mobilePhone":null,"officeLocation":null,"preferredLanguage":null,"surname":null,"userPrincipalName":"yishiwang_microsoft.com#EXT#@AzureSDKTeam.onmicrosoft.com","id":"3707fb2f-ac10-4591-a04f-8b0d786ea37d"}'
    headers:
      cache-control:
      - no-cache
      content-length:
      - '395'
      content-type:
      - application/json;odata.metadata=minimal;odata.streaming=true;IEEE754Compatible=false;charset=utf-8
      date:
      - Wed, 27 Apr 2022 06:15:29 GMT
      odata-version:
      - '4.0'
      request-id:
      - c9b3581c-1ad1-4c96-9b10-65f1e195bf48
      strict-transport-security:
      - max-age=31536000
      transfer-encoding:
      - chunked
      vary:
      - Accept-Encoding
      x-ms-ags-diagnostic:
      - '{"ServerInfo":{"DataCenter":"Korea Central","Slice":"E","Ring":"3","ScaleUnit":"003","RoleInstance":"SE1PEPF000026A8"}}'
      x-ms-resource-unit:
      - '1'
    status:
      code: 200
      message: OK
- request:
    body: '{"location": "eastus2", "properties": {"tenantId": "54826b22-38d6-4fb2-bad9-b7b93a3e9c5a",
      "sku": {"family": "A", "name": "standard"}, "accessPolicies": [{"tenantId":
      "54826b22-38d6-4fb2-bad9-b7b93a3e9c5a", "objectId": "3707fb2f-ac10-4591-a04f-8b0d786ea37d",
      "permissions": {"keys": ["all"], "secrets": ["all"], "certificates": ["all"],
      "storage": ["all"]}}], "softDeleteRetentionInDays": 90, "networkAcls": {"bypass":
      "AzureServices", "defaultAction": "Allow", "ipRules": [{"value": "1.2.3.4/32"},
      {"value": "2.3.4.0/24"}, {"value": "3.4.5.0/24"}, {"value": "4.5.0.0/16"}],
      "virtualNetworkRules": [{"id": "/subscriptions/00000000-0000-0000-0000-000000000000/resourcegroups/cli_test_keyvault_network_rule000001/providers/microsoft.network/virtualnetworks/cli-test-vnet-000008/subnets/cli-test-subnet-000011"},
      {"id": "/subscriptions/00000000-0000-0000-0000-000000000000/resourcegroups/cli_test_keyvault_network_rule000001/providers/microsoft.network/virtualnetworks/cli-test-vnet-000009/subnets/cli-test-subnet-000012"},
      {"id": "/subscriptions/00000000-0000-0000-0000-000000000000/resourceGroups/cli_test_keyvault_network_rule000001/providers/Microsoft.Network/virtualNetworks/cli-test-vnet-000010/subnets/cli-test-subnet-000013"}]}}}'
    headers:
      Accept:
      - application/json
      Accept-Encoding:
      - gzip, deflate
      CommandName:
      - keyvault create
      Connection:
      - keep-alive
      Content-Length:
      - '1234'
      Content-Type:
      - application/json
      ParameterSetName:
      - -n -l -g --network-acls --network-acls-ips --network-acls-vnets
      User-Agent:
      - AZURECLI/2.35.0 azsdk-python-azure-mgmt-keyvault/9.3.0 Python/3.7.9 (Windows-10-10.0.22000-SP0)
    method: PUT
    uri: https://management.azure.com/subscriptions/00000000-0000-0000-0000-000000000000/resourceGroups/cli_test_keyvault_network_rule000001/providers/Microsoft.KeyVault/vaults/cli-test-kv-nr-000007?api-version=2021-06-01-preview
  response:
    body:
      string: '{"id":"/subscriptions/00000000-0000-0000-0000-000000000000/resourceGroups/cli_test_keyvault_network_rule000001/providers/Microsoft.KeyVault/vaults/cli-test-kv-nr-000007","name":"cli-test-kv-nr-000007","type":"Microsoft.KeyVault/vaults","location":"eastus2","tags":{},"systemData":{"createdBy":"yishiwang@microsoft.com","createdByType":"User","createdAt":"2022-04-27T06:15:32.635Z","lastModifiedBy":"yishiwang@microsoft.com","lastModifiedByType":"User","lastModifiedAt":"2022-04-27T06:15:32.635Z"},"properties":{"sku":{"family":"A","name":"standard"},"tenantId":"54826b22-38d6-4fb2-bad9-b7b93a3e9c5a","networkAcls":{"bypass":"AzureServices","defaultAction":"Allow","ipRules":[{"value":"1.2.3.4/32"},{"value":"2.3.4.0/24"},{"value":"3.4.5.0/24"},{"value":"4.5.0.0/16"}],"virtualNetworkRules":[{"id":"/subscriptions/00000000-0000-0000-0000-000000000000/resourcegroups/cli_test_keyvault_network_rule000001/providers/microsoft.network/virtualnetworks/cli-test-vnet-000008/subnets/cli-test-subnet-000011"},{"id":"/subscriptions/00000000-0000-0000-0000-000000000000/resourcegroups/cli_test_keyvault_network_rule000001/providers/microsoft.network/virtualnetworks/cli-test-vnet-000009/subnets/cli-test-subnet-000012"},{"id":"/subscriptions/00000000-0000-0000-0000-000000000000/resourcegroups/cli_test_keyvault_network_rule000001/providers/microsoft.network/virtualnetworks/cli-test-vnet-000010/subnets/cli-test-subnet-000013"}]},"accessPolicies":[{"tenantId":"54826b22-38d6-4fb2-bad9-b7b93a3e9c5a","objectId":"3707fb2f-ac10-4591-a04f-8b0d786ea37d","permissions":{"keys":["all"],"secrets":["all"],"certificates":["all"],"storage":["all"]}}],"enabledForDeployment":false,"enableSoftDelete":true,"softDeleteRetentionInDays":90,"vaultUri":"https://cli-test-kv-nr-000007.vault.azure.net","provisioningState":"RegisteringDns","publicNetworkAccess":"Enabled"}}'
    headers:
      cache-control:
      - no-cache
      content-length:
      - '1844'
      content-type:
      - application/json; charset=utf-8
      date:
      - Wed, 27 Apr 2022 06:15:35 GMT
      expires:
      - '-1'
      pragma:
      - no-cache
      server:
      - Microsoft-IIS/10.0
      strict-transport-security:
      - max-age=31536000; includeSubDomains
      transfer-encoding:
      - chunked
      vary:
      - Accept-Encoding
      x-aspnet-version:
      - 4.0.30319
      x-content-type-options:
      - nosniff
      x-ms-keyvault-service-version:
      - 1.5.339.1
      x-ms-ratelimit-remaining-subscription-writes:
      - '1198'
    status:
      code: 200
      message: OK
- request:
    body: null
    headers:
      Accept:
      - '*/*'
      Accept-Encoding:
      - gzip, deflate
      CommandName:
      - keyvault create
      Connection:
      - keep-alive
      ParameterSetName:
      - -n -l -g --network-acls --network-acls-ips --network-acls-vnets
      User-Agent:
      - AZURECLI/2.35.0 azsdk-python-azure-mgmt-keyvault/9.3.0 Python/3.7.9 (Windows-10-10.0.22000-SP0)
    method: GET
    uri: https://management.azure.com/subscriptions/00000000-0000-0000-0000-000000000000/resourceGroups/cli_test_keyvault_network_rule000001/providers/Microsoft.KeyVault/vaults/cli-test-kv-nr-000007?api-version=2021-06-01-preview
  response:
    body:
      string: '{"id":"/subscriptions/00000000-0000-0000-0000-000000000000/resourceGroups/cli_test_keyvault_network_rule000001/providers/Microsoft.KeyVault/vaults/cli-test-kv-nr-000007","name":"cli-test-kv-nr-000007","type":"Microsoft.KeyVault/vaults","location":"eastus2","tags":{},"systemData":{"createdBy":"yishiwang@microsoft.com","createdByType":"User","createdAt":"2022-04-27T06:15:32.635Z","lastModifiedBy":"yishiwang@microsoft.com","lastModifiedByType":"User","lastModifiedAt":"2022-04-27T06:15:32.635Z"},"properties":{"sku":{"family":"A","name":"standard"},"tenantId":"54826b22-38d6-4fb2-bad9-b7b93a3e9c5a","networkAcls":{"bypass":"AzureServices","defaultAction":"Allow","ipRules":[{"value":"1.2.3.4/32"},{"value":"2.3.4.0/24"},{"value":"3.4.5.0/24"},{"value":"4.5.0.0/16"}],"virtualNetworkRules":[{"id":"/subscriptions/00000000-0000-0000-0000-000000000000/resourcegroups/cli_test_keyvault_network_rule000001/providers/microsoft.network/virtualnetworks/cli-test-vnet-000008/subnets/cli-test-subnet-000011"},{"id":"/subscriptions/00000000-0000-0000-0000-000000000000/resourcegroups/cli_test_keyvault_network_rule000001/providers/microsoft.network/virtualnetworks/cli-test-vnet-000009/subnets/cli-test-subnet-000012"},{"id":"/subscriptions/00000000-0000-0000-0000-000000000000/resourcegroups/cli_test_keyvault_network_rule000001/providers/microsoft.network/virtualnetworks/cli-test-vnet-000010/subnets/cli-test-subnet-000013"}]},"accessPolicies":[{"tenantId":"54826b22-38d6-4fb2-bad9-b7b93a3e9c5a","objectId":"3707fb2f-ac10-4591-a04f-8b0d786ea37d","permissions":{"keys":["all"],"secrets":["all"],"certificates":["all"],"storage":["all"]}}],"enabledForDeployment":false,"enableSoftDelete":true,"softDeleteRetentionInDays":90,"vaultUri":"https://cli-test-kv-nr-000007.vault.azure.net/","provisioningState":"Succeeded","publicNetworkAccess":"Enabled"}}'
    headers:
      cache-control:
      - no-cache
      content-length:
      - '1840'
      content-type:
      - application/json; charset=utf-8
      date:
      - Wed, 27 Apr 2022 06:16:05 GMT
      expires:
      - '-1'
      pragma:
      - no-cache
      server:
      - Microsoft-IIS/10.0
      strict-transport-security:
      - max-age=31536000; includeSubDomains
      transfer-encoding:
      - chunked
      vary:
      - Accept-Encoding
      x-aspnet-version:
      - 4.0.30319
      x-content-type-options:
      - nosniff
      x-ms-keyvault-service-version:
      - 1.5.339.1
    status:
      code: 200
      message: OK
- request:
    body: null
    headers:
      Accept:
      - application/json
      Accept-Encoding:
      - gzip, deflate
      CommandName:
      - keyvault create
      Connection:
      - keep-alive
      ParameterSetName:
      - -g -n -l --sku --retention-days --enable-soft-delete
      User-Agent:
      - AZURECLI/2.35.0 azsdk-python-azure-mgmt-keyvault/9.3.0 Python/3.7.9 (Windows-10-10.0.22000-SP0)
    method: GET
    uri: https://management.azure.com/subscriptions/00000000-0000-0000-0000-000000000000/resourceGroups/cli_test_keyvault_network_rule000001/providers/Microsoft.KeyVault/vaults/cli-test-kv-nr-000002?api-version=2021-06-01-preview
  response:
    body:
      string: '{"error":{"code":"ResourceNotFound","message":"The Resource ''Microsoft.KeyVault/vaults/cli-test-kv-nr-000002''
        under resource group ''cli_test_keyvault_network_rule000001'' was not found.
        For more details please go to https://aka.ms/ARMResourceNotFoundFix"}}'
    headers:
      cache-control:
      - no-cache
      content-length:
      - '255'
      content-type:
      - application/json; charset=utf-8
      date:
      - Wed, 27 Apr 2022 06:16:06 GMT
      expires:
      - '-1'
      pragma:
      - no-cache
      strict-transport-security:
      - max-age=31536000; includeSubDomains
      x-content-type-options:
      - nosniff
      x-ms-failure-cause:
      - gateway
    status:
      code: 404
      message: Not Found
- request:
    body: null
    headers:
      Accept:
      - '*/*'
      Accept-Encoding:
      - gzip, deflate
      CommandName:
      - keyvault create
      Connection:
      - keep-alive
      ParameterSetName:
      - -g -n -l --sku --retention-days --enable-soft-delete
      User-Agent:
      - python/3.7.9 (Windows-10-10.0.22000-SP0) AZURECLI/2.35.0
    method: GET
    uri: https://graph.microsoft.com/v1.0/me
  response:
    body:
      string: '{"@odata.context":"https://graph.microsoft.com/v1.0/$metadata#users/$entity","businessPhones":[],"displayName":"Yishi
        Wang","givenName":null,"jobTitle":null,"mail":"yishiwang@microsoft.com","mobilePhone":null,"officeLocation":null,"preferredLanguage":null,"surname":null,"userPrincipalName":"yishiwang_microsoft.com#EXT#@AzureSDKTeam.onmicrosoft.com","id":"3707fb2f-ac10-4591-a04f-8b0d786ea37d"}'
    headers:
      cache-control:
      - no-cache
      content-length:
      - '395'
      content-type:
      - application/json;odata.metadata=minimal;odata.streaming=true;IEEE754Compatible=false;charset=utf-8
      date:
      - Wed, 27 Apr 2022 06:16:08 GMT
      odata-version:
      - '4.0'
      request-id:
      - c267cf12-bfa7-4585-99e4-9df0387da83a
      strict-transport-security:
      - max-age=31536000
      transfer-encoding:
      - chunked
      vary:
      - Accept-Encoding
      x-ms-ags-diagnostic:
      - '{"ServerInfo":{"DataCenter":"Korea Central","Slice":"E","Ring":"3","ScaleUnit":"003","RoleInstance":"SE1PEPF000017C9"}}'
      x-ms-resource-unit:
      - '1'
    status:
      code: 200
      message: OK
- request:
    body: '{"location": "eastus2", "properties": {"tenantId": "54826b22-38d6-4fb2-bad9-b7b93a3e9c5a",
      "sku": {"family": "A", "name": "premium"}, "accessPolicies": [{"tenantId": "54826b22-38d6-4fb2-bad9-b7b93a3e9c5a",
      "objectId": "3707fb2f-ac10-4591-a04f-8b0d786ea37d", "permissions": {"keys":
      ["all"], "secrets": ["all"], "certificates": ["all"], "storage": ["all"]}}],
      "enableSoftDelete": true, "softDeleteRetentionInDays": 7, "networkAcls": {"bypass":
      "AzureServices", "defaultAction": "Allow"}}}'
    headers:
      Accept:
      - application/json
      Accept-Encoding:
      - gzip, deflate
      CommandName:
      - keyvault create
      Connection:
      - keep-alive
      Content-Length:
      - '487'
      Content-Type:
      - application/json
      ParameterSetName:
      - -g -n -l --sku --retention-days --enable-soft-delete
      User-Agent:
      - AZURECLI/2.35.0 azsdk-python-azure-mgmt-keyvault/9.3.0 Python/3.7.9 (Windows-10-10.0.22000-SP0)
    method: PUT
    uri: https://management.azure.com/subscriptions/00000000-0000-0000-0000-000000000000/resourceGroups/cli_test_keyvault_network_rule000001/providers/Microsoft.KeyVault/vaults/cli-test-kv-nr-000002?api-version=2021-06-01-preview
  response:
    body:
      string: '{"id":"/subscriptions/00000000-0000-0000-0000-000000000000/resourceGroups/cli_test_keyvault_network_rule000001/providers/Microsoft.KeyVault/vaults/cli-test-kv-nr-000002","name":"cli-test-kv-nr-000002","type":"Microsoft.KeyVault/vaults","location":"eastus2","tags":{},"systemData":{"createdBy":"yishiwang@microsoft.com","createdByType":"User","createdAt":"2022-04-27T06:16:09.791Z","lastModifiedBy":"yishiwang@microsoft.com","lastModifiedByType":"User","lastModifiedAt":"2022-04-27T06:16:09.791Z"},"properties":{"sku":{"family":"A","name":"premium"},"tenantId":"54826b22-38d6-4fb2-bad9-b7b93a3e9c5a","accessPolicies":[{"tenantId":"54826b22-38d6-4fb2-bad9-b7b93a3e9c5a","objectId":"3707fb2f-ac10-4591-a04f-8b0d786ea37d","permissions":{"keys":["all"],"secrets":["all"],"certificates":["all"],"storage":["all"]}}],"enabledForDeployment":false,"enableSoftDelete":true,"softDeleteRetentionInDays":7,"vaultUri":"https://cli-test-kv-nr-000002.vault.azure.net","provisioningState":"RegisteringDns","publicNetworkAccess":"Enabled"}}'
    headers:
      cache-control:
      - no-cache
      content-length:
      - '1022'
      content-type:
      - application/json; charset=utf-8
      date:
      - Wed, 27 Apr 2022 06:16:12 GMT
      expires:
      - '-1'
      pragma:
      - no-cache
      server:
      - Microsoft-IIS/10.0
      strict-transport-security:
      - max-age=31536000; includeSubDomains
      transfer-encoding:
      - chunked
      vary:
      - Accept-Encoding
      x-aspnet-version:
      - 4.0.30319
      x-content-type-options:
      - nosniff
      x-ms-keyvault-service-version:
      - 1.5.339.1
      x-ms-ratelimit-remaining-subscription-writes:
      - '1196'
    status:
      code: 200
      message: OK
- request:
    body: null
    headers:
      Accept:
      - '*/*'
      Accept-Encoding:
      - gzip, deflate
      CommandName:
      - keyvault create
      Connection:
      - keep-alive
      ParameterSetName:
      - -g -n -l --sku --retention-days --enable-soft-delete
      User-Agent:
      - AZURECLI/2.35.0 azsdk-python-azure-mgmt-keyvault/9.3.0 Python/3.7.9 (Windows-10-10.0.22000-SP0)
    method: GET
    uri: https://management.azure.com/subscriptions/00000000-0000-0000-0000-000000000000/resourceGroups/cli_test_keyvault_network_rule000001/providers/Microsoft.KeyVault/vaults/cli-test-kv-nr-000002?api-version=2021-06-01-preview
  response:
    body:
      string: '{"id":"/subscriptions/00000000-0000-0000-0000-000000000000/resourceGroups/cli_test_keyvault_network_rule000001/providers/Microsoft.KeyVault/vaults/cli-test-kv-nr-000002","name":"cli-test-kv-nr-000002","type":"Microsoft.KeyVault/vaults","location":"eastus2","tags":{},"systemData":{"createdBy":"yishiwang@microsoft.com","createdByType":"User","createdAt":"2022-04-27T06:16:09.791Z","lastModifiedBy":"yishiwang@microsoft.com","lastModifiedByType":"User","lastModifiedAt":"2022-04-27T06:16:09.791Z"},"properties":{"sku":{"family":"A","name":"premium"},"tenantId":"54826b22-38d6-4fb2-bad9-b7b93a3e9c5a","accessPolicies":[{"tenantId":"54826b22-38d6-4fb2-bad9-b7b93a3e9c5a","objectId":"3707fb2f-ac10-4591-a04f-8b0d786ea37d","permissions":{"keys":["all"],"secrets":["all"],"certificates":["all"],"storage":["all"]}}],"enabledForDeployment":false,"enableSoftDelete":true,"softDeleteRetentionInDays":7,"vaultUri":"https://cli-test-kv-nr-000002.vault.azure.net/","provisioningState":"Succeeded","publicNetworkAccess":"Enabled"}}'
    headers:
      cache-control:
      - no-cache
      content-length:
      - '1018'
      content-type:
      - application/json; charset=utf-8
      date:
      - Wed, 27 Apr 2022 06:16:42 GMT
      expires:
      - '-1'
      pragma:
      - no-cache
      server:
      - Microsoft-IIS/10.0
      strict-transport-security:
      - max-age=31536000; includeSubDomains
      transfer-encoding:
      - chunked
      vary:
      - Accept-Encoding
      x-aspnet-version:
      - 4.0.30319
      x-content-type-options:
      - nosniff
      x-ms-keyvault-service-version:
      - 1.5.339.1
    status:
      code: 200
      message: OK
- request:
    body: null
    headers:
      Accept:
      - application/json
      Accept-Encoding:
      - gzip, deflate
      CommandName:
      - keyvault update
      Connection:
      - keep-alive
      ParameterSetName:
      - --name --resource-group --default-action
      User-Agent:
      - AZURECLI/2.35.0 azsdk-python-azure-mgmt-keyvault/9.3.0 Python/3.7.9 (Windows-10-10.0.22000-SP0)
    method: GET
    uri: https://management.azure.com/subscriptions/00000000-0000-0000-0000-000000000000/resourceGroups/cli_test_keyvault_network_rule000001/providers/Microsoft.KeyVault/vaults/cli-test-kv-nr-000002?api-version=2021-06-01-preview
  response:
    body:
      string: '{"id":"/subscriptions/00000000-0000-0000-0000-000000000000/resourceGroups/cli_test_keyvault_network_rule000001/providers/Microsoft.KeyVault/vaults/cli-test-kv-nr-000002","name":"cli-test-kv-nr-000002","type":"Microsoft.KeyVault/vaults","location":"eastus2","tags":{},"systemData":{"createdBy":"yishiwang@microsoft.com","createdByType":"User","createdAt":"2022-04-27T06:16:09.791Z","lastModifiedBy":"yishiwang@microsoft.com","lastModifiedByType":"User","lastModifiedAt":"2022-04-27T06:16:09.791Z"},"properties":{"sku":{"family":"A","name":"premium"},"tenantId":"54826b22-38d6-4fb2-bad9-b7b93a3e9c5a","accessPolicies":[{"tenantId":"54826b22-38d6-4fb2-bad9-b7b93a3e9c5a","objectId":"3707fb2f-ac10-4591-a04f-8b0d786ea37d","permissions":{"keys":["all"],"secrets":["all"],"certificates":["all"],"storage":["all"]}}],"enabledForDeployment":false,"enableSoftDelete":true,"softDeleteRetentionInDays":7,"vaultUri":"https://cli-test-kv-nr-000002.vault.azure.net/","provisioningState":"Succeeded","publicNetworkAccess":"Enabled"}}'
    headers:
      cache-control:
      - no-cache
      content-length:
      - '1018'
      content-type:
      - application/json; charset=utf-8
      date:
      - Wed, 27 Apr 2022 06:16:43 GMT
      expires:
      - '-1'
      pragma:
      - no-cache
      server:
      - Microsoft-IIS/10.0
      strict-transport-security:
      - max-age=31536000; includeSubDomains
      transfer-encoding:
      - chunked
      vary:
      - Accept-Encoding
      x-aspnet-version:
      - 4.0.30319
      x-content-type-options:
      - nosniff
      x-ms-keyvault-service-version:
      - 1.5.339.1
    status:
      code: 200
      message: OK
- request:
    body: '{"location": "eastus2", "tags": {}, "properties": {"tenantId": "54826b22-38d6-4fb2-bad9-b7b93a3e9c5a",
      "sku": {"family": "A", "name": "premium"}, "accessPolicies": [{"tenantId": "54826b22-38d6-4fb2-bad9-b7b93a3e9c5a",
      "objectId": "3707fb2f-ac10-4591-a04f-8b0d786ea37d", "permissions": {"keys":
      ["all"], "secrets": ["all"], "certificates": ["all"], "storage": ["all"]}}],
      "vaultUri": "https://cli-test-kv-nr-000002.vault.azure.net/", "enabledForDeployment":
      false, "enableSoftDelete": true, "softDeleteRetentionInDays": 7, "networkAcls":
      {"bypass": "AzureServices", "defaultAction": "Deny"}, "provisioningState": "Succeeded",
      "publicNetworkAccess": "Enabled"}}'
    headers:
      Accept:
      - application/json
      Accept-Encoding:
      - gzip, deflate
      CommandName:
      - keyvault update
      Connection:
      - keep-alive
      Content-Length:
      - '659'
      Content-Type:
      - application/json
      ParameterSetName:
      - --name --resource-group --default-action
      User-Agent:
      - AZURECLI/2.35.0 azsdk-python-azure-mgmt-keyvault/9.3.0 Python/3.7.9 (Windows-10-10.0.22000-SP0)
    method: PUT
    uri: https://management.azure.com/subscriptions/00000000-0000-0000-0000-000000000000/resourceGroups/cli_test_keyvault_network_rule000001/providers/Microsoft.KeyVault/vaults/cli-test-kv-nr-000002?api-version=2021-06-01-preview
  response:
    body:
      string: '{"id":"/subscriptions/00000000-0000-0000-0000-000000000000/resourceGroups/cli_test_keyvault_network_rule000001/providers/Microsoft.KeyVault/vaults/cli-test-kv-nr-000002","name":"cli-test-kv-nr-000002","type":"Microsoft.KeyVault/vaults","location":"eastus2","tags":{},"systemData":{"createdBy":"yishiwang@microsoft.com","createdByType":"User","createdAt":"2022-04-27T06:16:09.791Z","lastModifiedBy":"yishiwang@microsoft.com","lastModifiedByType":"User","lastModifiedAt":"2022-04-27T06:16:45.255Z"},"properties":{"sku":{"family":"A","name":"premium"},"tenantId":"54826b22-38d6-4fb2-bad9-b7b93a3e9c5a","networkAcls":{"bypass":"AzureServices","defaultAction":"Deny","ipRules":[],"virtualNetworkRules":[]},"accessPolicies":[{"tenantId":"54826b22-38d6-4fb2-bad9-b7b93a3e9c5a","objectId":"3707fb2f-ac10-4591-a04f-8b0d786ea37d","permissions":{"keys":["all"],"secrets":["all"],"certificates":["all"],"storage":["all"]}}],"enabledForDeployment":false,"enableSoftDelete":true,"softDeleteRetentionInDays":7,"vaultUri":"https://cli-test-kv-nr-000002.vault.azure.net/","provisioningState":"Succeeded","publicNetworkAccess":"Enabled"}}'
    headers:
      cache-control:
      - no-cache
      content-length:
      - '1120'
      content-type:
      - application/json; charset=utf-8
      date:
      - Wed, 27 Apr 2022 06:16:46 GMT
      expires:
      - '-1'
      pragma:
      - no-cache
      server:
      - Microsoft-IIS/10.0
      strict-transport-security:
      - max-age=31536000; includeSubDomains
      transfer-encoding:
      - chunked
      vary:
      - Accept-Encoding
      x-aspnet-version:
      - 4.0.30319
      x-content-type-options:
      - nosniff
      x-ms-keyvault-service-version:
      - 1.5.339.1
      x-ms-ratelimit-remaining-subscription-writes:
      - '1192'
    status:
      code: 200
      message: OK
- request:
    body: null
    headers:
      Accept:
      - application/json
      Accept-Encoding:
      - gzip, deflate
      CommandName:
      - keyvault network-rule add
      Connection:
      - keep-alive
      ParameterSetName:
      - --subnet --name --resource-group
      User-Agent:
      - AZURECLI/2.35.0 azsdk-python-azure-mgmt-keyvault/9.3.0 Python/3.7.9 (Windows-10-10.0.22000-SP0)
    method: GET
    uri: https://management.azure.com/subscriptions/00000000-0000-0000-0000-000000000000/resourceGroups/cli_test_keyvault_network_rule000001/providers/Microsoft.KeyVault/vaults/cli-test-kv-nr-000002?api-version=2021-06-01-preview
  response:
    body:
      string: '{"id":"/subscriptions/00000000-0000-0000-0000-000000000000/resourceGroups/cli_test_keyvault_network_rule000001/providers/Microsoft.KeyVault/vaults/cli-test-kv-nr-000002","name":"cli-test-kv-nr-000002","type":"Microsoft.KeyVault/vaults","location":"eastus2","tags":{},"systemData":{"createdBy":"yishiwang@microsoft.com","createdByType":"User","createdAt":"2022-04-27T06:16:09.791Z","lastModifiedBy":"yishiwang@microsoft.com","lastModifiedByType":"User","lastModifiedAt":"2022-04-27T06:16:45.255Z"},"properties":{"sku":{"family":"A","name":"premium"},"tenantId":"54826b22-38d6-4fb2-bad9-b7b93a3e9c5a","networkAcls":{"bypass":"AzureServices","defaultAction":"Deny","ipRules":[],"virtualNetworkRules":[]},"accessPolicies":[{"tenantId":"54826b22-38d6-4fb2-bad9-b7b93a3e9c5a","objectId":"3707fb2f-ac10-4591-a04f-8b0d786ea37d","permissions":{"keys":["all"],"secrets":["all"],"certificates":["all"],"storage":["all"]}}],"enabledForDeployment":false,"enableSoftDelete":true,"softDeleteRetentionInDays":7,"vaultUri":"https://cli-test-kv-nr-000002.vault.azure.net/","provisioningState":"Succeeded","publicNetworkAccess":"Enabled"}}'
    headers:
      cache-control:
      - no-cache
      content-length:
      - '1120'
      content-type:
      - application/json; charset=utf-8
      date:
      - Wed, 27 Apr 2022 06:16:46 GMT
      expires:
      - '-1'
      pragma:
      - no-cache
      server:
      - Microsoft-IIS/10.0
      strict-transport-security:
      - max-age=31536000; includeSubDomains
      transfer-encoding:
      - chunked
      vary:
      - Accept-Encoding
      x-aspnet-version:
      - 4.0.30319
      x-content-type-options:
      - nosniff
      x-ms-keyvault-service-version:
      - 1.5.339.1
    status:
      code: 200
      message: OK
- request:
    body: '{"location": "eastus2", "tags": {}, "properties": {"tenantId": "54826b22-38d6-4fb2-bad9-b7b93a3e9c5a",
      "sku": {"family": "A", "name": "premium"}, "accessPolicies": [{"tenantId": "54826b22-38d6-4fb2-bad9-b7b93a3e9c5a",
      "objectId": "3707fb2f-ac10-4591-a04f-8b0d786ea37d", "permissions": {"keys":
      ["all"], "secrets": ["all"], "certificates": ["all"], "storage": ["all"]}}],
      "vaultUri": "https://cli-test-kv-nr-000002.vault.azure.net/", "enabledForDeployment":
      false, "enableSoftDelete": true, "softDeleteRetentionInDays": 7, "networkAcls":
      {"bypass": "AzureServices", "defaultAction": "Deny", "ipRules": [], "virtualNetworkRules":
      [{"id": "/subscriptions/00000000-0000-0000-0000-000000000000/resourcegroups/cli_test_keyvault_network_rule000001/providers/microsoft.network/virtualnetworks/cli-test-vnet-000008/subnets/cli-test-subnet-000011"}]},
      "provisioningState": "Succeeded", "publicNetworkAccess": "Enabled"}}'
    headers:
      Accept:
      - application/json
      Accept-Encoding:
      - gzip, deflate
      CommandName:
      - keyvault network-rule add
      Connection:
      - keep-alive
      Content-Length:
      - '910'
      Content-Type:
      - application/json
      ParameterSetName:
      - --subnet --name --resource-group
      User-Agent:
      - AZURECLI/2.35.0 azsdk-python-azure-mgmt-keyvault/9.3.0 Python/3.7.9 (Windows-10-10.0.22000-SP0)
    method: PUT
    uri: https://management.azure.com/subscriptions/00000000-0000-0000-0000-000000000000/resourceGroups/cli_test_keyvault_network_rule000001/providers/Microsoft.KeyVault/vaults/cli-test-kv-nr-000002?api-version=2021-06-01-preview
  response:
    body:
      string: '{"id":"/subscriptions/00000000-0000-0000-0000-000000000000/resourceGroups/cli_test_keyvault_network_rule000001/providers/Microsoft.KeyVault/vaults/cli-test-kv-nr-000002","name":"cli-test-kv-nr-000002","type":"Microsoft.KeyVault/vaults","location":"eastus2","tags":{},"systemData":{"createdBy":"yishiwang@microsoft.com","createdByType":"User","createdAt":"2022-04-27T06:16:09.791Z","lastModifiedBy":"yishiwang@microsoft.com","lastModifiedByType":"User","lastModifiedAt":"2022-04-27T06:16:47.313Z"},"properties":{"sku":{"family":"A","name":"premium"},"tenantId":"54826b22-38d6-4fb2-bad9-b7b93a3e9c5a","networkAcls":{"bypass":"AzureServices","defaultAction":"Deny","ipRules":[],"virtualNetworkRules":[{"id":"/subscriptions/00000000-0000-0000-0000-000000000000/resourcegroups/cli_test_keyvault_network_rule000001/providers/microsoft.network/virtualnetworks/cli-test-vnet-000008/subnets/cli-test-subnet-000011"}]},"accessPolicies":[{"tenantId":"54826b22-38d6-4fb2-bad9-b7b93a3e9c5a","objectId":"3707fb2f-ac10-4591-a04f-8b0d786ea37d","permissions":{"keys":["all"],"secrets":["all"],"certificates":["all"],"storage":["all"]}}],"enabledForDeployment":false,"enableSoftDelete":true,"softDeleteRetentionInDays":7,"vaultUri":"https://cli-test-kv-nr-000002.vault.azure.net/","provisioningState":"Succeeded","publicNetworkAccess":"Enabled"}}'
    headers:
      cache-control:
      - no-cache
      content-length:
      - '1328'
      content-type:
      - application/json; charset=utf-8
      date:
      - Wed, 27 Apr 2022 06:16:47 GMT
      expires:
      - '-1'
      pragma:
      - no-cache
      server:
      - Microsoft-IIS/10.0
      strict-transport-security:
      - max-age=31536000; includeSubDomains
      transfer-encoding:
      - chunked
      vary:
      - Accept-Encoding
      x-aspnet-version:
      - 4.0.30319
      x-content-type-options:
      - nosniff
      x-ms-keyvault-service-version:
      - 1.5.339.1
      x-ms-ratelimit-remaining-subscription-writes:
      - '1195'
    status:
      code: 200
      message: OK
- request:
    body: null
    headers:
      Accept:
      - application/json
      Accept-Encoding:
      - gzip, deflate
      CommandName:
      - keyvault network-rule add
      Connection:
      - keep-alive
      ParameterSetName:
      - --subnet --name --resource-group
      User-Agent:
      - AZURECLI/2.35.0 azsdk-python-azure-mgmt-keyvault/9.3.0 Python/3.7.9 (Windows-10-10.0.22000-SP0)
    method: GET
    uri: https://management.azure.com/subscriptions/00000000-0000-0000-0000-000000000000/resourceGroups/cli_test_keyvault_network_rule000001/providers/Microsoft.KeyVault/vaults/cli-test-kv-nr-000002?api-version=2021-06-01-preview
  response:
    body:
      string: '{"id":"/subscriptions/00000000-0000-0000-0000-000000000000/resourceGroups/cli_test_keyvault_network_rule000001/providers/Microsoft.KeyVault/vaults/cli-test-kv-nr-000002","name":"cli-test-kv-nr-000002","type":"Microsoft.KeyVault/vaults","location":"eastus2","tags":{},"systemData":{"createdBy":"yishiwang@microsoft.com","createdByType":"User","createdAt":"2022-04-27T06:16:09.791Z","lastModifiedBy":"yishiwang@microsoft.com","lastModifiedByType":"User","lastModifiedAt":"2022-04-27T06:16:47.313Z"},"properties":{"sku":{"family":"A","name":"premium"},"tenantId":"54826b22-38d6-4fb2-bad9-b7b93a3e9c5a","networkAcls":{"bypass":"AzureServices","defaultAction":"Deny","ipRules":[],"virtualNetworkRules":[{"id":"/subscriptions/00000000-0000-0000-0000-000000000000/resourcegroups/cli_test_keyvault_network_rule000001/providers/microsoft.network/virtualnetworks/cli-test-vnet-000008/subnets/cli-test-subnet-000011"}]},"accessPolicies":[{"tenantId":"54826b22-38d6-4fb2-bad9-b7b93a3e9c5a","objectId":"3707fb2f-ac10-4591-a04f-8b0d786ea37d","permissions":{"keys":["all"],"secrets":["all"],"certificates":["all"],"storage":["all"]}}],"enabledForDeployment":false,"enableSoftDelete":true,"softDeleteRetentionInDays":7,"vaultUri":"https://cli-test-kv-nr-000002.vault.azure.net/","provisioningState":"Succeeded","publicNetworkAccess":"Enabled"}}'
    headers:
      cache-control:
      - no-cache
      content-length:
      - '1328'
      content-type:
      - application/json; charset=utf-8
      date:
      - Wed, 27 Apr 2022 06:16:48 GMT
      expires:
      - '-1'
      pragma:
      - no-cache
      server:
      - Microsoft-IIS/10.0
      strict-transport-security:
      - max-age=31536000; includeSubDomains
      transfer-encoding:
      - chunked
      vary:
      - Accept-Encoding
      x-aspnet-version:
      - 4.0.30319
      x-content-type-options:
      - nosniff
      x-ms-keyvault-service-version:
      - 1.5.339.1
    status:
      code: 200
      message: OK
- request:
    body: null
    headers:
      Accept:
      - application/json
      Accept-Encoding:
      - gzip, deflate
      CommandName:
      - keyvault network-rule list
      Connection:
      - keep-alive
      ParameterSetName:
      - --name --resource-group
      User-Agent:
      - AZURECLI/2.35.0 azsdk-python-azure-mgmt-keyvault/9.3.0 Python/3.7.9 (Windows-10-10.0.22000-SP0)
    method: GET
    uri: https://management.azure.com/subscriptions/00000000-0000-0000-0000-000000000000/resourceGroups/cli_test_keyvault_network_rule000001/providers/Microsoft.KeyVault/vaults/cli-test-kv-nr-000002?api-version=2021-06-01-preview
  response:
    body:
      string: '{"id":"/subscriptions/00000000-0000-0000-0000-000000000000/resourceGroups/cli_test_keyvault_network_rule000001/providers/Microsoft.KeyVault/vaults/cli-test-kv-nr-000002","name":"cli-test-kv-nr-000002","type":"Microsoft.KeyVault/vaults","location":"eastus2","tags":{},"systemData":{"createdBy":"yishiwang@microsoft.com","createdByType":"User","createdAt":"2022-04-27T06:16:09.791Z","lastModifiedBy":"yishiwang@microsoft.com","lastModifiedByType":"User","lastModifiedAt":"2022-04-27T06:16:47.313Z"},"properties":{"sku":{"family":"A","name":"premium"},"tenantId":"54826b22-38d6-4fb2-bad9-b7b93a3e9c5a","networkAcls":{"bypass":"AzureServices","defaultAction":"Deny","ipRules":[],"virtualNetworkRules":[{"id":"/subscriptions/00000000-0000-0000-0000-000000000000/resourcegroups/cli_test_keyvault_network_rule000001/providers/microsoft.network/virtualnetworks/cli-test-vnet-000008/subnets/cli-test-subnet-000011"}]},"accessPolicies":[{"tenantId":"54826b22-38d6-4fb2-bad9-b7b93a3e9c5a","objectId":"3707fb2f-ac10-4591-a04f-8b0d786ea37d","permissions":{"keys":["all"],"secrets":["all"],"certificates":["all"],"storage":["all"]}}],"enabledForDeployment":false,"enableSoftDelete":true,"softDeleteRetentionInDays":7,"vaultUri":"https://cli-test-kv-nr-000002.vault.azure.net/","provisioningState":"Succeeded","publicNetworkAccess":"Enabled"}}'
    headers:
      cache-control:
      - no-cache
      content-length:
      - '1328'
      content-type:
      - application/json; charset=utf-8
      date:
      - Wed, 27 Apr 2022 06:16:50 GMT
      expires:
      - '-1'
      pragma:
      - no-cache
      server:
      - Microsoft-IIS/10.0
      strict-transport-security:
      - max-age=31536000; includeSubDomains
      transfer-encoding:
      - chunked
      vary:
      - Accept-Encoding
      x-aspnet-version:
      - 4.0.30319
      x-content-type-options:
      - nosniff
      x-ms-keyvault-service-version:
      - 1.5.339.1
    status:
      code: 200
      message: OK
- request:
    body: null
    headers:
      Accept:
      - application/json
      Accept-Encoding:
      - gzip, deflate
      CommandName:
      - keyvault network-rule remove
      Connection:
      - keep-alive
      ParameterSetName:
      - --subnet --name --resource-group
      User-Agent:
      - AZURECLI/2.35.0 azsdk-python-azure-mgmt-keyvault/9.3.0 Python/3.7.9 (Windows-10-10.0.22000-SP0)
    method: GET
    uri: https://management.azure.com/subscriptions/00000000-0000-0000-0000-000000000000/resourceGroups/cli_test_keyvault_network_rule000001/providers/Microsoft.KeyVault/vaults/cli-test-kv-nr-000002?api-version=2021-06-01-preview
  response:
    body:
      string: '{"id":"/subscriptions/00000000-0000-0000-0000-000000000000/resourceGroups/cli_test_keyvault_network_rule000001/providers/Microsoft.KeyVault/vaults/cli-test-kv-nr-000002","name":"cli-test-kv-nr-000002","type":"Microsoft.KeyVault/vaults","location":"eastus2","tags":{},"systemData":{"createdBy":"yishiwang@microsoft.com","createdByType":"User","createdAt":"2022-04-27T06:16:09.791Z","lastModifiedBy":"yishiwang@microsoft.com","lastModifiedByType":"User","lastModifiedAt":"2022-04-27T06:16:47.313Z"},"properties":{"sku":{"family":"A","name":"premium"},"tenantId":"54826b22-38d6-4fb2-bad9-b7b93a3e9c5a","networkAcls":{"bypass":"AzureServices","defaultAction":"Deny","ipRules":[],"virtualNetworkRules":[{"id":"/subscriptions/00000000-0000-0000-0000-000000000000/resourcegroups/cli_test_keyvault_network_rule000001/providers/microsoft.network/virtualnetworks/cli-test-vnet-000008/subnets/cli-test-subnet-000011"}]},"accessPolicies":[{"tenantId":"54826b22-38d6-4fb2-bad9-b7b93a3e9c5a","objectId":"3707fb2f-ac10-4591-a04f-8b0d786ea37d","permissions":{"keys":["all"],"secrets":["all"],"certificates":["all"],"storage":["all"]}}],"enabledForDeployment":false,"enableSoftDelete":true,"softDeleteRetentionInDays":7,"vaultUri":"https://cli-test-kv-nr-000002.vault.azure.net/","provisioningState":"Succeeded","publicNetworkAccess":"Enabled"}}'
    headers:
      cache-control:
      - no-cache
      content-length:
      - '1328'
      content-type:
      - application/json; charset=utf-8
      date:
      - Wed, 27 Apr 2022 06:16:52 GMT
      expires:
      - '-1'
      pragma:
      - no-cache
      server:
      - Microsoft-IIS/10.0
      strict-transport-security:
      - max-age=31536000; includeSubDomains
      transfer-encoding:
      - chunked
      vary:
      - Accept-Encoding
      x-aspnet-version:
      - 4.0.30319
      x-content-type-options:
      - nosniff
      x-ms-keyvault-service-version:
      - 1.5.339.1
    status:
      code: 200
      message: OK
- request:
    body: '{"location": "eastus2", "tags": {}, "properties": {"tenantId": "54826b22-38d6-4fb2-bad9-b7b93a3e9c5a",
      "sku": {"family": "A", "name": "premium"}, "accessPolicies": [{"tenantId": "54826b22-38d6-4fb2-bad9-b7b93a3e9c5a",
      "objectId": "3707fb2f-ac10-4591-a04f-8b0d786ea37d", "permissions": {"keys":
      ["all"], "secrets": ["all"], "certificates": ["all"], "storage": ["all"]}}],
      "vaultUri": "https://cli-test-kv-nr-000002.vault.azure.net/", "enabledForDeployment":
      false, "enableSoftDelete": true, "softDeleteRetentionInDays": 7, "networkAcls":
      {"bypass": "AzureServices", "defaultAction": "Deny", "ipRules": [], "virtualNetworkRules":
      []}, "provisioningState": "Succeeded", "publicNetworkAccess": "Enabled"}}'
    headers:
      Accept:
      - application/json
      Accept-Encoding:
      - gzip, deflate
      CommandName:
      - keyvault network-rule remove
      Connection:
      - keep-alive
      Content-Length:
      - '701'
      Content-Type:
      - application/json
      ParameterSetName:
      - --subnet --name --resource-group
      User-Agent:
      - AZURECLI/2.35.0 azsdk-python-azure-mgmt-keyvault/9.3.0 Python/3.7.9 (Windows-10-10.0.22000-SP0)
    method: PUT
    uri: https://management.azure.com/subscriptions/00000000-0000-0000-0000-000000000000/resourceGroups/cli_test_keyvault_network_rule000001/providers/Microsoft.KeyVault/vaults/cli-test-kv-nr-000002?api-version=2021-06-01-preview
  response:
    body:
      string: '{"id":"/subscriptions/00000000-0000-0000-0000-000000000000/resourceGroups/cli_test_keyvault_network_rule000001/providers/Microsoft.KeyVault/vaults/cli-test-kv-nr-000002","name":"cli-test-kv-nr-000002","type":"Microsoft.KeyVault/vaults","location":"eastus2","tags":{},"systemData":{"createdBy":"yishiwang@microsoft.com","createdByType":"User","createdAt":"2022-04-27T06:16:09.791Z","lastModifiedBy":"yishiwang@microsoft.com","lastModifiedByType":"User","lastModifiedAt":"2022-04-27T06:16:52.964Z"},"properties":{"sku":{"family":"A","name":"premium"},"tenantId":"54826b22-38d6-4fb2-bad9-b7b93a3e9c5a","networkAcls":{"bypass":"AzureServices","defaultAction":"Deny","ipRules":[],"virtualNetworkRules":[]},"accessPolicies":[{"tenantId":"54826b22-38d6-4fb2-bad9-b7b93a3e9c5a","objectId":"3707fb2f-ac10-4591-a04f-8b0d786ea37d","permissions":{"keys":["all"],"secrets":["all"],"certificates":["all"],"storage":["all"]}}],"enabledForDeployment":false,"enableSoftDelete":true,"softDeleteRetentionInDays":7,"vaultUri":"https://cli-test-kv-nr-000002.vault.azure.net/","provisioningState":"Succeeded","publicNetworkAccess":"Enabled"}}'
    headers:
      cache-control:
      - no-cache
      content-length:
      - '1120'
      content-type:
      - application/json; charset=utf-8
      date:
      - Wed, 27 Apr 2022 06:16:52 GMT
      expires:
      - '-1'
      pragma:
      - no-cache
      server:
      - Microsoft-IIS/10.0
      strict-transport-security:
      - max-age=31536000; includeSubDomains
      transfer-encoding:
      - chunked
      vary:
      - Accept-Encoding
      x-aspnet-version:
      - 4.0.30319
      x-content-type-options:
      - nosniff
      x-ms-keyvault-service-version:
      - 1.5.339.1
      x-ms-ratelimit-remaining-subscription-writes:
      - '1194'
    status:
      code: 200
      message: OK
- request:
    body: null
    headers:
      Accept:
      - application/json
      Accept-Encoding:
      - gzip, deflate
      CommandName:
      - keyvault network-rule add
      Connection:
      - keep-alive
      ParameterSetName:
      - --ip-address --name --resource-group
      User-Agent:
      - AZURECLI/2.35.0 azsdk-python-azure-mgmt-keyvault/9.3.0 Python/3.7.9 (Windows-10-10.0.22000-SP0)
    method: GET
    uri: https://management.azure.com/subscriptions/00000000-0000-0000-0000-000000000000/resourceGroups/cli_test_keyvault_network_rule000001/providers/Microsoft.KeyVault/vaults/cli-test-kv-nr-000002?api-version=2021-06-01-preview
  response:
    body:
      string: '{"id":"/subscriptions/00000000-0000-0000-0000-000000000000/resourceGroups/cli_test_keyvault_network_rule000001/providers/Microsoft.KeyVault/vaults/cli-test-kv-nr-000002","name":"cli-test-kv-nr-000002","type":"Microsoft.KeyVault/vaults","location":"eastus2","tags":{},"systemData":{"createdBy":"yishiwang@microsoft.com","createdByType":"User","createdAt":"2022-04-27T06:16:09.791Z","lastModifiedBy":"yishiwang@microsoft.com","lastModifiedByType":"User","lastModifiedAt":"2022-04-27T06:16:52.964Z"},"properties":{"sku":{"family":"A","name":"premium"},"tenantId":"54826b22-38d6-4fb2-bad9-b7b93a3e9c5a","networkAcls":{"bypass":"AzureServices","defaultAction":"Deny","ipRules":[],"virtualNetworkRules":[]},"accessPolicies":[{"tenantId":"54826b22-38d6-4fb2-bad9-b7b93a3e9c5a","objectId":"3707fb2f-ac10-4591-a04f-8b0d786ea37d","permissions":{"keys":["all"],"secrets":["all"],"certificates":["all"],"storage":["all"]}}],"enabledForDeployment":false,"enableSoftDelete":true,"softDeleteRetentionInDays":7,"vaultUri":"https://cli-test-kv-nr-000002.vault.azure.net/","provisioningState":"Succeeded","publicNetworkAccess":"Enabled"}}'
    headers:
      cache-control:
      - no-cache
      content-length:
      - '1120'
      content-type:
      - application/json; charset=utf-8
      date:
      - Wed, 27 Apr 2022 06:16:53 GMT
      expires:
      - '-1'
      pragma:
      - no-cache
      server:
      - Microsoft-IIS/10.0
      strict-transport-security:
      - max-age=31536000; includeSubDomains
      transfer-encoding:
      - chunked
      vary:
      - Accept-Encoding
      x-aspnet-version:
      - 4.0.30319
      x-content-type-options:
      - nosniff
      x-ms-keyvault-service-version:
      - 1.5.339.1
    status:
      code: 200
      message: OK
- request:
    body: '{"location": "eastus2", "tags": {}, "properties": {"tenantId": "54826b22-38d6-4fb2-bad9-b7b93a3e9c5a",
      "sku": {"family": "A", "name": "premium"}, "accessPolicies": [{"tenantId": "54826b22-38d6-4fb2-bad9-b7b93a3e9c5a",
      "objectId": "3707fb2f-ac10-4591-a04f-8b0d786ea37d", "permissions": {"keys":
      ["all"], "secrets": ["all"], "certificates": ["all"], "storage": ["all"]}}],
      "vaultUri": "https://cli-test-kv-nr-000002.vault.azure.net/", "enabledForDeployment":
      false, "enableSoftDelete": true, "softDeleteRetentionInDays": 7, "networkAcls":
      {"bypass": "AzureServices", "defaultAction": "Deny", "ipRules": [{"value": "1.2.3.4/32"}],
      "virtualNetworkRules": []}, "provisioningState": "Succeeded", "publicNetworkAccess":
      "Enabled"}}'
    headers:
      Accept:
      - application/json
      Accept-Encoding:
      - gzip, deflate
      CommandName:
      - keyvault network-rule add
      Connection:
      - keep-alive
      Content-Length:
      - '724'
      Content-Type:
      - application/json
      ParameterSetName:
      - --ip-address --name --resource-group
      User-Agent:
      - AZURECLI/2.35.0 azsdk-python-azure-mgmt-keyvault/9.3.0 Python/3.7.9 (Windows-10-10.0.22000-SP0)
    method: PUT
    uri: https://management.azure.com/subscriptions/00000000-0000-0000-0000-000000000000/resourceGroups/cli_test_keyvault_network_rule000001/providers/Microsoft.KeyVault/vaults/cli-test-kv-nr-000002?api-version=2021-06-01-preview
  response:
    body:
      string: '{"id":"/subscriptions/00000000-0000-0000-0000-000000000000/resourceGroups/cli_test_keyvault_network_rule000001/providers/Microsoft.KeyVault/vaults/cli-test-kv-nr-000002","name":"cli-test-kv-nr-000002","type":"Microsoft.KeyVault/vaults","location":"eastus2","tags":{},"systemData":{"createdBy":"yishiwang@microsoft.com","createdByType":"User","createdAt":"2022-04-27T06:16:09.791Z","lastModifiedBy":"yishiwang@microsoft.com","lastModifiedByType":"User","lastModifiedAt":"2022-04-27T06:16:54.376Z"},"properties":{"sku":{"family":"A","name":"premium"},"tenantId":"54826b22-38d6-4fb2-bad9-b7b93a3e9c5a","networkAcls":{"bypass":"AzureServices","defaultAction":"Deny","ipRules":[{"value":"1.2.3.4/32"}],"virtualNetworkRules":[]},"accessPolicies":[{"tenantId":"54826b22-38d6-4fb2-bad9-b7b93a3e9c5a","objectId":"3707fb2f-ac10-4591-a04f-8b0d786ea37d","permissions":{"keys":["all"],"secrets":["all"],"certificates":["all"],"storage":["all"]}}],"enabledForDeployment":false,"enableSoftDelete":true,"softDeleteRetentionInDays":7,"vaultUri":"https://cli-test-kv-nr-000002.vault.azure.net/","provisioningState":"Succeeded","publicNetworkAccess":"Enabled"}}'
    headers:
      cache-control:
      - no-cache
      content-length:
      - '1142'
      content-type:
      - application/json; charset=utf-8
      date:
      - Wed, 27 Apr 2022 06:16:54 GMT
      expires:
      - '-1'
      pragma:
      - no-cache
      server:
      - Microsoft-IIS/10.0
      strict-transport-security:
      - max-age=31536000; includeSubDomains
      transfer-encoding:
      - chunked
      vary:
      - Accept-Encoding
      x-aspnet-version:
      - 4.0.30319
      x-content-type-options:
      - nosniff
      x-ms-keyvault-service-version:
      - 1.5.339.1
      x-ms-ratelimit-remaining-subscription-writes:
      - '1197'
    status:
      code: 200
      message: OK
- request:
    body: null
    headers:
      Accept:
      - application/json
      Accept-Encoding:
      - gzip, deflate
      CommandName:
      - keyvault network-rule add
      Connection:
      - keep-alive
      ParameterSetName:
      - --ip-address --name --resource-group
      User-Agent:
      - AZURECLI/2.35.0 azsdk-python-azure-mgmt-keyvault/9.3.0 Python/3.7.9 (Windows-10-10.0.22000-SP0)
    method: GET
    uri: https://management.azure.com/subscriptions/00000000-0000-0000-0000-000000000000/resourceGroups/cli_test_keyvault_network_rule000001/providers/Microsoft.KeyVault/vaults/cli-test-kv-nr-000002?api-version=2021-06-01-preview
  response:
    body:
      string: '{"id":"/subscriptions/00000000-0000-0000-0000-000000000000/resourceGroups/cli_test_keyvault_network_rule000001/providers/Microsoft.KeyVault/vaults/cli-test-kv-nr-000002","name":"cli-test-kv-nr-000002","type":"Microsoft.KeyVault/vaults","location":"eastus2","tags":{},"systemData":{"createdBy":"yishiwang@microsoft.com","createdByType":"User","createdAt":"2022-04-27T06:16:09.791Z","lastModifiedBy":"yishiwang@microsoft.com","lastModifiedByType":"User","lastModifiedAt":"2022-04-27T06:16:54.376Z"},"properties":{"sku":{"family":"A","name":"premium"},"tenantId":"54826b22-38d6-4fb2-bad9-b7b93a3e9c5a","networkAcls":{"bypass":"AzureServices","defaultAction":"Deny","ipRules":[{"value":"1.2.3.4/32"}],"virtualNetworkRules":[]},"accessPolicies":[{"tenantId":"54826b22-38d6-4fb2-bad9-b7b93a3e9c5a","objectId":"3707fb2f-ac10-4591-a04f-8b0d786ea37d","permissions":{"keys":["all"],"secrets":["all"],"certificates":["all"],"storage":["all"]}}],"enabledForDeployment":false,"enableSoftDelete":true,"softDeleteRetentionInDays":7,"vaultUri":"https://cli-test-kv-nr-000002.vault.azure.net/","provisioningState":"Succeeded","publicNetworkAccess":"Enabled"}}'
    headers:
      cache-control:
      - no-cache
      content-length:
      - '1142'
      content-type:
      - application/json; charset=utf-8
      date:
      - Wed, 27 Apr 2022 06:16:56 GMT
      expires:
      - '-1'
      pragma:
      - no-cache
      server:
      - Microsoft-IIS/10.0
      strict-transport-security:
      - max-age=31536000; includeSubDomains
      transfer-encoding:
      - chunked
      vary:
      - Accept-Encoding
      x-aspnet-version:
      - 4.0.30319
      x-content-type-options:
      - nosniff
      x-ms-keyvault-service-version:
      - 1.5.339.1
    status:
      code: 200
      message: OK
- request:
    body: null
    headers:
      Accept:
      - application/json
      Accept-Encoding:
      - gzip, deflate
      CommandName:
      - keyvault network-rule add
      Connection:
      - keep-alive
      ParameterSetName:
      - --ip-address --name --resource-group
      User-Agent:
      - AZURECLI/2.35.0 azsdk-python-azure-mgmt-keyvault/9.3.0 Python/3.7.9 (Windows-10-10.0.22000-SP0)
    method: GET
    uri: https://management.azure.com/subscriptions/00000000-0000-0000-0000-000000000000/resourceGroups/cli_test_keyvault_network_rule000001/providers/Microsoft.KeyVault/vaults/cli-test-kv-nr-000002?api-version=2021-06-01-preview
  response:
    body:
      string: '{"id":"/subscriptions/00000000-0000-0000-0000-000000000000/resourceGroups/cli_test_keyvault_network_rule000001/providers/Microsoft.KeyVault/vaults/cli-test-kv-nr-000002","name":"cli-test-kv-nr-000002","type":"Microsoft.KeyVault/vaults","location":"eastus2","tags":{},"systemData":{"createdBy":"yishiwang@microsoft.com","createdByType":"User","createdAt":"2022-04-27T06:16:09.791Z","lastModifiedBy":"yishiwang@microsoft.com","lastModifiedByType":"User","lastModifiedAt":"2022-04-27T06:16:54.376Z"},"properties":{"sku":{"family":"A","name":"premium"},"tenantId":"54826b22-38d6-4fb2-bad9-b7b93a3e9c5a","networkAcls":{"bypass":"AzureServices","defaultAction":"Deny","ipRules":[{"value":"1.2.3.4/32"}],"virtualNetworkRules":[]},"accessPolicies":[{"tenantId":"54826b22-38d6-4fb2-bad9-b7b93a3e9c5a","objectId":"3707fb2f-ac10-4591-a04f-8b0d786ea37d","permissions":{"keys":["all"],"secrets":["all"],"certificates":["all"],"storage":["all"]}}],"enabledForDeployment":false,"enableSoftDelete":true,"softDeleteRetentionInDays":7,"vaultUri":"https://cli-test-kv-nr-000002.vault.azure.net/","provisioningState":"Succeeded","publicNetworkAccess":"Enabled"}}'
    headers:
      cache-control:
      - no-cache
      content-length:
      - '1142'
      content-type:
      - application/json; charset=utf-8
      date:
      - Wed, 27 Apr 2022 06:16:58 GMT
      expires:
      - '-1'
      pragma:
      - no-cache
      server:
      - Microsoft-IIS/10.0
      strict-transport-security:
      - max-age=31536000; includeSubDomains
      transfer-encoding:
      - chunked
      vary:
      - Accept-Encoding
      x-aspnet-version:
      - 4.0.30319
      x-content-type-options:
      - nosniff
      x-ms-keyvault-service-version:
      - 1.5.339.1
    status:
      code: 200
      message: OK
- request:
    body: null
    headers:
      Accept:
      - application/json
      Accept-Encoding:
      - gzip, deflate
      CommandName:
      - keyvault network-rule list
      Connection:
      - keep-alive
      ParameterSetName:
      - --name --resource-group
      User-Agent:
      - AZURECLI/2.35.0 azsdk-python-azure-mgmt-keyvault/9.3.0 Python/3.7.9 (Windows-10-10.0.22000-SP0)
    method: GET
    uri: https://management.azure.com/subscriptions/00000000-0000-0000-0000-000000000000/resourceGroups/cli_test_keyvault_network_rule000001/providers/Microsoft.KeyVault/vaults/cli-test-kv-nr-000002?api-version=2021-06-01-preview
  response:
    body:
      string: '{"id":"/subscriptions/00000000-0000-0000-0000-000000000000/resourceGroups/cli_test_keyvault_network_rule000001/providers/Microsoft.KeyVault/vaults/cli-test-kv-nr-000002","name":"cli-test-kv-nr-000002","type":"Microsoft.KeyVault/vaults","location":"eastus2","tags":{},"systemData":{"createdBy":"yishiwang@microsoft.com","createdByType":"User","createdAt":"2022-04-27T06:16:09.791Z","lastModifiedBy":"yishiwang@microsoft.com","lastModifiedByType":"User","lastModifiedAt":"2022-04-27T06:16:54.376Z"},"properties":{"sku":{"family":"A","name":"premium"},"tenantId":"54826b22-38d6-4fb2-bad9-b7b93a3e9c5a","networkAcls":{"bypass":"AzureServices","defaultAction":"Deny","ipRules":[{"value":"1.2.3.4/32"}],"virtualNetworkRules":[]},"accessPolicies":[{"tenantId":"54826b22-38d6-4fb2-bad9-b7b93a3e9c5a","objectId":"3707fb2f-ac10-4591-a04f-8b0d786ea37d","permissions":{"keys":["all"],"secrets":["all"],"certificates":["all"],"storage":["all"]}}],"enabledForDeployment":false,"enableSoftDelete":true,"softDeleteRetentionInDays":7,"vaultUri":"https://cli-test-kv-nr-000002.vault.azure.net/","provisioningState":"Succeeded","publicNetworkAccess":"Enabled"}}'
    headers:
      cache-control:
      - no-cache
      content-length:
      - '1142'
      content-type:
      - application/json; charset=utf-8
      date:
      - Wed, 27 Apr 2022 06:16:58 GMT
      expires:
      - '-1'
      pragma:
      - no-cache
      server:
      - Microsoft-IIS/10.0
      strict-transport-security:
      - max-age=31536000; includeSubDomains
      transfer-encoding:
      - chunked
      vary:
      - Accept-Encoding
      x-aspnet-version:
      - 4.0.30319
      x-content-type-options:
      - nosniff
      x-ms-keyvault-service-version:
      - 1.5.339.1
    status:
      code: 200
      message: OK
- request:
    body: null
    headers:
      Accept:
      - application/json
      Accept-Encoding:
      - gzip, deflate
      CommandName:
      - keyvault network-rule remove
      Connection:
      - keep-alive
      ParameterSetName:
      - --ip-address --name --resource-group
      User-Agent:
      - AZURECLI/2.35.0 azsdk-python-azure-mgmt-keyvault/9.3.0 Python/3.7.9 (Windows-10-10.0.22000-SP0)
    method: GET
    uri: https://management.azure.com/subscriptions/00000000-0000-0000-0000-000000000000/resourceGroups/cli_test_keyvault_network_rule000001/providers/Microsoft.KeyVault/vaults/cli-test-kv-nr-000002?api-version=2021-06-01-preview
  response:
    body:
      string: '{"id":"/subscriptions/00000000-0000-0000-0000-000000000000/resourceGroups/cli_test_keyvault_network_rule000001/providers/Microsoft.KeyVault/vaults/cli-test-kv-nr-000002","name":"cli-test-kv-nr-000002","type":"Microsoft.KeyVault/vaults","location":"eastus2","tags":{},"systemData":{"createdBy":"yishiwang@microsoft.com","createdByType":"User","createdAt":"2022-04-27T06:16:09.791Z","lastModifiedBy":"yishiwang@microsoft.com","lastModifiedByType":"User","lastModifiedAt":"2022-04-27T06:16:54.376Z"},"properties":{"sku":{"family":"A","name":"premium"},"tenantId":"54826b22-38d6-4fb2-bad9-b7b93a3e9c5a","networkAcls":{"bypass":"AzureServices","defaultAction":"Deny","ipRules":[{"value":"1.2.3.4/32"}],"virtualNetworkRules":[]},"accessPolicies":[{"tenantId":"54826b22-38d6-4fb2-bad9-b7b93a3e9c5a","objectId":"3707fb2f-ac10-4591-a04f-8b0d786ea37d","permissions":{"keys":["all"],"secrets":["all"],"certificates":["all"],"storage":["all"]}}],"enabledForDeployment":false,"enableSoftDelete":true,"softDeleteRetentionInDays":7,"vaultUri":"https://cli-test-kv-nr-000002.vault.azure.net/","provisioningState":"Succeeded","publicNetworkAccess":"Enabled"}}'
    headers:
      cache-control:
      - no-cache
      content-length:
      - '1142'
      content-type:
      - application/json; charset=utf-8
      date:
      - Wed, 27 Apr 2022 06:16:58 GMT
      expires:
      - '-1'
      pragma:
      - no-cache
      server:
      - Microsoft-IIS/10.0
      strict-transport-security:
      - max-age=31536000; includeSubDomains
      transfer-encoding:
      - chunked
      vary:
      - Accept-Encoding
      x-aspnet-version:
      - 4.0.30319
      x-content-type-options:
      - nosniff
      x-ms-keyvault-service-version:
      - 1.5.339.1
    status:
      code: 200
      message: OK
- request:
    body: '{"location": "eastus2", "tags": {}, "properties": {"tenantId": "54826b22-38d6-4fb2-bad9-b7b93a3e9c5a",
      "sku": {"family": "A", "name": "premium"}, "accessPolicies": [{"tenantId": "54826b22-38d6-4fb2-bad9-b7b93a3e9c5a",
      "objectId": "3707fb2f-ac10-4591-a04f-8b0d786ea37d", "permissions": {"keys":
      ["all"], "secrets": ["all"], "certificates": ["all"], "storage": ["all"]}}],
      "vaultUri": "https://cli-test-kv-nr-000002.vault.azure.net/", "enabledForDeployment":
      false, "enableSoftDelete": true, "softDeleteRetentionInDays": 7, "networkAcls":
      {"bypass": "AzureServices", "defaultAction": "Deny", "ipRules": [], "virtualNetworkRules":
      []}, "provisioningState": "Succeeded", "publicNetworkAccess": "Enabled"}}'
    headers:
      Accept:
      - application/json
      Accept-Encoding:
      - gzip, deflate
      CommandName:
      - keyvault network-rule remove
      Connection:
      - keep-alive
      Content-Length:
      - '701'
      Content-Type:
      - application/json
      ParameterSetName:
      - --ip-address --name --resource-group
      User-Agent:
      - AZURECLI/2.35.0 azsdk-python-azure-mgmt-keyvault/9.3.0 Python/3.7.9 (Windows-10-10.0.22000-SP0)
    method: PUT
    uri: https://management.azure.com/subscriptions/00000000-0000-0000-0000-000000000000/resourceGroups/cli_test_keyvault_network_rule000001/providers/Microsoft.KeyVault/vaults/cli-test-kv-nr-000002?api-version=2021-06-01-preview
  response:
    body:
      string: '{"id":"/subscriptions/00000000-0000-0000-0000-000000000000/resourceGroups/cli_test_keyvault_network_rule000001/providers/Microsoft.KeyVault/vaults/cli-test-kv-nr-000002","name":"cli-test-kv-nr-000002","type":"Microsoft.KeyVault/vaults","location":"eastus2","tags":{},"systemData":{"createdBy":"yishiwang@microsoft.com","createdByType":"User","createdAt":"2022-04-27T06:16:09.791Z","lastModifiedBy":"yishiwang@microsoft.com","lastModifiedByType":"User","lastModifiedAt":"2022-04-27T06:16:59.88Z"},"properties":{"sku":{"family":"A","name":"premium"},"tenantId":"54826b22-38d6-4fb2-bad9-b7b93a3e9c5a","networkAcls":{"bypass":"AzureServices","defaultAction":"Deny","ipRules":[],"virtualNetworkRules":[]},"accessPolicies":[{"tenantId":"54826b22-38d6-4fb2-bad9-b7b93a3e9c5a","objectId":"3707fb2f-ac10-4591-a04f-8b0d786ea37d","permissions":{"keys":["all"],"secrets":["all"],"certificates":["all"],"storage":["all"]}}],"enabledForDeployment":false,"enableSoftDelete":true,"softDeleteRetentionInDays":7,"vaultUri":"https://cli-test-kv-nr-000002.vault.azure.net/","provisioningState":"Succeeded","publicNetworkAccess":"Enabled"}}'
    headers:
      cache-control:
      - no-cache
      content-length:
      - '1119'
      content-type:
      - application/json; charset=utf-8
      date:
      - Wed, 27 Apr 2022 06:16:59 GMT
      expires:
      - '-1'
      pragma:
      - no-cache
      server:
      - Microsoft-IIS/10.0
      strict-transport-security:
      - max-age=31536000; includeSubDomains
      transfer-encoding:
      - chunked
      vary:
      - Accept-Encoding
      x-aspnet-version:
      - 4.0.30319
      x-content-type-options:
      - nosniff
      x-ms-keyvault-service-version:
      - 1.5.339.1
      x-ms-ratelimit-remaining-subscription-writes:
      - '1194'
    status:
      code: 200
      message: OK
- request:
    body: null
    headers:
      Accept:
      - application/json
      Accept-Encoding:
      - gzip, deflate
      CommandName:
      - keyvault network-rule add
      Connection:
      - keep-alive
      ParameterSetName:
      - --ip-address --name --resource-group
      User-Agent:
      - AZURECLI/2.35.0 azsdk-python-azure-mgmt-keyvault/9.3.0 Python/3.7.9 (Windows-10-10.0.22000-SP0)
    method: GET
    uri: https://management.azure.com/subscriptions/00000000-0000-0000-0000-000000000000/resourceGroups/cli_test_keyvault_network_rule000001/providers/Microsoft.KeyVault/vaults/cli-test-kv-nr-000002?api-version=2021-06-01-preview
  response:
    body:
      string: '{"id":"/subscriptions/00000000-0000-0000-0000-000000000000/resourceGroups/cli_test_keyvault_network_rule000001/providers/Microsoft.KeyVault/vaults/cli-test-kv-nr-000002","name":"cli-test-kv-nr-000002","type":"Microsoft.KeyVault/vaults","location":"eastus2","tags":{},"systemData":{"createdBy":"yishiwang@microsoft.com","createdByType":"User","createdAt":"2022-04-27T06:16:09.791Z","lastModifiedBy":"yishiwang@microsoft.com","lastModifiedByType":"User","lastModifiedAt":"2022-04-27T06:16:59.88Z"},"properties":{"sku":{"family":"A","name":"premium"},"tenantId":"54826b22-38d6-4fb2-bad9-b7b93a3e9c5a","networkAcls":{"bypass":"AzureServices","defaultAction":"Deny","ipRules":[],"virtualNetworkRules":[]},"accessPolicies":[{"tenantId":"54826b22-38d6-4fb2-bad9-b7b93a3e9c5a","objectId":"3707fb2f-ac10-4591-a04f-8b0d786ea37d","permissions":{"keys":["all"],"secrets":["all"],"certificates":["all"],"storage":["all"]}}],"enabledForDeployment":false,"enableSoftDelete":true,"softDeleteRetentionInDays":7,"vaultUri":"https://cli-test-kv-nr-000002.vault.azure.net/","provisioningState":"Succeeded","publicNetworkAccess":"Enabled"}}'
    headers:
      cache-control:
      - no-cache
      content-length:
      - '1119'
      content-type:
      - application/json; charset=utf-8
      date:
      - Wed, 27 Apr 2022 06:17:01 GMT
      expires:
      - '-1'
      pragma:
      - no-cache
      server:
      - Microsoft-IIS/10.0
      strict-transport-security:
      - max-age=31536000; includeSubDomains
      transfer-encoding:
      - chunked
      vary:
      - Accept-Encoding
      x-aspnet-version:
      - 4.0.30319
      x-content-type-options:
      - nosniff
      x-ms-keyvault-service-version:
      - 1.5.339.1
    status:
      code: 200
      message: OK
- request:
    body: '{"location": "eastus2", "tags": {}, "properties": {"tenantId": "54826b22-38d6-4fb2-bad9-b7b93a3e9c5a",
      "sku": {"family": "A", "name": "premium"}, "accessPolicies": [{"tenantId": "54826b22-38d6-4fb2-bad9-b7b93a3e9c5a",
      "objectId": "3707fb2f-ac10-4591-a04f-8b0d786ea37d", "permissions": {"keys":
      ["all"], "secrets": ["all"], "certificates": ["all"], "storage": ["all"]}}],
      "vaultUri": "https://cli-test-kv-nr-000002.vault.azure.net/", "enabledForDeployment":
      false, "enableSoftDelete": true, "softDeleteRetentionInDays": 7, "networkAcls":
      {"bypass": "AzureServices", "defaultAction": "Deny", "ipRules": [{"value": "1.2.3.4/32"}],
      "virtualNetworkRules": []}, "provisioningState": "Succeeded", "publicNetworkAccess":
      "Enabled"}}'
    headers:
      Accept:
      - application/json
      Accept-Encoding:
      - gzip, deflate
      CommandName:
      - keyvault network-rule add
      Connection:
      - keep-alive
      Content-Length:
      - '724'
      Content-Type:
      - application/json
      ParameterSetName:
      - --ip-address --name --resource-group
      User-Agent:
      - AZURECLI/2.35.0 azsdk-python-azure-mgmt-keyvault/9.3.0 Python/3.7.9 (Windows-10-10.0.22000-SP0)
    method: PUT
    uri: https://management.azure.com/subscriptions/00000000-0000-0000-0000-000000000000/resourceGroups/cli_test_keyvault_network_rule000001/providers/Microsoft.KeyVault/vaults/cli-test-kv-nr-000002?api-version=2021-06-01-preview
  response:
    body:
      string: '{"id":"/subscriptions/00000000-0000-0000-0000-000000000000/resourceGroups/cli_test_keyvault_network_rule000001/providers/Microsoft.KeyVault/vaults/cli-test-kv-nr-000002","name":"cli-test-kv-nr-000002","type":"Microsoft.KeyVault/vaults","location":"eastus2","tags":{},"systemData":{"createdBy":"yishiwang@microsoft.com","createdByType":"User","createdAt":"2022-04-27T06:16:09.791Z","lastModifiedBy":"yishiwang@microsoft.com","lastModifiedByType":"User","lastModifiedAt":"2022-04-27T06:17:02.154Z"},"properties":{"sku":{"family":"A","name":"premium"},"tenantId":"54826b22-38d6-4fb2-bad9-b7b93a3e9c5a","networkAcls":{"bypass":"AzureServices","defaultAction":"Deny","ipRules":[{"value":"1.2.3.4/32"}],"virtualNetworkRules":[]},"accessPolicies":[{"tenantId":"54826b22-38d6-4fb2-bad9-b7b93a3e9c5a","objectId":"3707fb2f-ac10-4591-a04f-8b0d786ea37d","permissions":{"keys":["all"],"secrets":["all"],"certificates":["all"],"storage":["all"]}}],"enabledForDeployment":false,"enableSoftDelete":true,"softDeleteRetentionInDays":7,"vaultUri":"https://cli-test-kv-nr-000002.vault.azure.net/","provisioningState":"Succeeded","publicNetworkAccess":"Enabled"}}'
    headers:
      cache-control:
      - no-cache
      content-length:
      - '1142'
      content-type:
      - application/json; charset=utf-8
      date:
      - Wed, 27 Apr 2022 06:17:01 GMT
      expires:
      - '-1'
      pragma:
      - no-cache
      server:
      - Microsoft-IIS/10.0
      strict-transport-security:
      - max-age=31536000; includeSubDomains
      transfer-encoding:
      - chunked
      vary:
      - Accept-Encoding
      x-aspnet-version:
      - 4.0.30319
      x-content-type-options:
      - nosniff
      x-ms-keyvault-service-version:
      - 1.5.339.1
      x-ms-ratelimit-remaining-subscription-writes:
      - '1198'
    status:
      code: 200
      message: OK
- request:
    body: null
    headers:
      Accept:
      - application/json
      Accept-Encoding:
      - gzip, deflate
      CommandName:
      - keyvault network-rule remove
      Connection:
      - keep-alive
      ParameterSetName:
      - --ip-address --name --resource-group
      User-Agent:
      - AZURECLI/2.35.0 azsdk-python-azure-mgmt-keyvault/9.3.0 Python/3.7.9 (Windows-10-10.0.22000-SP0)
    method: GET
    uri: https://management.azure.com/subscriptions/00000000-0000-0000-0000-000000000000/resourceGroups/cli_test_keyvault_network_rule000001/providers/Microsoft.KeyVault/vaults/cli-test-kv-nr-000002?api-version=2021-06-01-preview
  response:
    body:
      string: '{"id":"/subscriptions/00000000-0000-0000-0000-000000000000/resourceGroups/cli_test_keyvault_network_rule000001/providers/Microsoft.KeyVault/vaults/cli-test-kv-nr-000002","name":"cli-test-kv-nr-000002","type":"Microsoft.KeyVault/vaults","location":"eastus2","tags":{},"systemData":{"createdBy":"yishiwang@microsoft.com","createdByType":"User","createdAt":"2022-04-27T06:16:09.791Z","lastModifiedBy":"yishiwang@microsoft.com","lastModifiedByType":"User","lastModifiedAt":"2022-04-27T06:17:02.154Z"},"properties":{"sku":{"family":"A","name":"premium"},"tenantId":"54826b22-38d6-4fb2-bad9-b7b93a3e9c5a","networkAcls":{"bypass":"AzureServices","defaultAction":"Deny","ipRules":[{"value":"1.2.3.4/32"}],"virtualNetworkRules":[]},"accessPolicies":[{"tenantId":"54826b22-38d6-4fb2-bad9-b7b93a3e9c5a","objectId":"3707fb2f-ac10-4591-a04f-8b0d786ea37d","permissions":{"keys":["all"],"secrets":["all"],"certificates":["all"],"storage":["all"]}}],"enabledForDeployment":false,"enableSoftDelete":true,"softDeleteRetentionInDays":7,"vaultUri":"https://cli-test-kv-nr-000002.vault.azure.net/","provisioningState":"Succeeded","publicNetworkAccess":"Enabled"}}'
    headers:
      cache-control:
      - no-cache
      content-length:
      - '1142'
      content-type:
      - application/json; charset=utf-8
      date:
      - Wed, 27 Apr 2022 06:17:02 GMT
      expires:
      - '-1'
      pragma:
      - no-cache
      server:
      - Microsoft-IIS/10.0
      strict-transport-security:
      - max-age=31536000; includeSubDomains
      transfer-encoding:
      - chunked
      vary:
      - Accept-Encoding
      x-aspnet-version:
      - 4.0.30319
      x-content-type-options:
      - nosniff
      x-ms-keyvault-service-version:
      - 1.5.339.1
    status:
      code: 200
      message: OK
- request:
    body: '{"location": "eastus2", "tags": {}, "properties": {"tenantId": "54826b22-38d6-4fb2-bad9-b7b93a3e9c5a",
      "sku": {"family": "A", "name": "premium"}, "accessPolicies": [{"tenantId": "54826b22-38d6-4fb2-bad9-b7b93a3e9c5a",
      "objectId": "3707fb2f-ac10-4591-a04f-8b0d786ea37d", "permissions": {"keys":
      ["all"], "secrets": ["all"], "certificates": ["all"], "storage": ["all"]}}],
      "vaultUri": "https://cli-test-kv-nr-000002.vault.azure.net/", "enabledForDeployment":
      false, "enableSoftDelete": true, "softDeleteRetentionInDays": 7, "networkAcls":
      {"bypass": "AzureServices", "defaultAction": "Deny", "ipRules": [], "virtualNetworkRules":
      []}, "provisioningState": "Succeeded", "publicNetworkAccess": "Enabled"}}'
    headers:
      Accept:
      - application/json
      Accept-Encoding:
      - gzip, deflate
      CommandName:
      - keyvault network-rule remove
      Connection:
      - keep-alive
      Content-Length:
      - '701'
      Content-Type:
      - application/json
      ParameterSetName:
      - --ip-address --name --resource-group
      User-Agent:
      - AZURECLI/2.35.0 azsdk-python-azure-mgmt-keyvault/9.3.0 Python/3.7.9 (Windows-10-10.0.22000-SP0)
    method: PUT
    uri: https://management.azure.com/subscriptions/00000000-0000-0000-0000-000000000000/resourceGroups/cli_test_keyvault_network_rule000001/providers/Microsoft.KeyVault/vaults/cli-test-kv-nr-000002?api-version=2021-06-01-preview
  response:
    body:
      string: '{"id":"/subscriptions/00000000-0000-0000-0000-000000000000/resourceGroups/cli_test_keyvault_network_rule000001/providers/Microsoft.KeyVault/vaults/cli-test-kv-nr-000002","name":"cli-test-kv-nr-000002","type":"Microsoft.KeyVault/vaults","location":"eastus2","tags":{},"systemData":{"createdBy":"yishiwang@microsoft.com","createdByType":"User","createdAt":"2022-04-27T06:16:09.791Z","lastModifiedBy":"yishiwang@microsoft.com","lastModifiedByType":"User","lastModifiedAt":"2022-04-27T06:17:03.392Z"},"properties":{"sku":{"family":"A","name":"premium"},"tenantId":"54826b22-38d6-4fb2-bad9-b7b93a3e9c5a","networkAcls":{"bypass":"AzureServices","defaultAction":"Deny","ipRules":[],"virtualNetworkRules":[]},"accessPolicies":[{"tenantId":"54826b22-38d6-4fb2-bad9-b7b93a3e9c5a","objectId":"3707fb2f-ac10-4591-a04f-8b0d786ea37d","permissions":{"keys":["all"],"secrets":["all"],"certificates":["all"],"storage":["all"]}}],"enabledForDeployment":false,"enableSoftDelete":true,"softDeleteRetentionInDays":7,"vaultUri":"https://cli-test-kv-nr-000002.vault.azure.net/","provisioningState":"Succeeded","publicNetworkAccess":"Enabled"}}'
    headers:
      cache-control:
      - no-cache
      content-length:
      - '1120'
      content-type:
      - application/json; charset=utf-8
      date:
      - Wed, 27 Apr 2022 06:17:02 GMT
      expires:
      - '-1'
      pragma:
      - no-cache
      server:
      - Microsoft-IIS/10.0
      strict-transport-security:
      - max-age=31536000; includeSubDomains
      transfer-encoding:
      - chunked
      vary:
      - Accept-Encoding
      x-aspnet-version:
      - 4.0.30319
      x-content-type-options:
      - nosniff
      x-ms-keyvault-service-version:
      - 1.5.339.1
      x-ms-ratelimit-remaining-subscription-writes:
      - '1191'
    status:
      code: 200
      message: OK
- request:
    body: null
    headers:
      Accept:
      - application/json
      Accept-Encoding:
      - gzip, deflate
      CommandName:
      - keyvault network-rule add
      Connection:
      - keep-alive
      ParameterSetName:
      - --ip-address --name --resource-group
      User-Agent:
      - AZURECLI/2.35.0 azsdk-python-azure-mgmt-keyvault/9.3.0 Python/3.7.9 (Windows-10-10.0.22000-SP0)
    method: GET
    uri: https://management.azure.com/subscriptions/00000000-0000-0000-0000-000000000000/resourceGroups/cli_test_keyvault_network_rule000001/providers/Microsoft.KeyVault/vaults/cli-test-kv-nr-000002?api-version=2021-06-01-preview
  response:
    body:
      string: '{"id":"/subscriptions/00000000-0000-0000-0000-000000000000/resourceGroups/cli_test_keyvault_network_rule000001/providers/Microsoft.KeyVault/vaults/cli-test-kv-nr-000002","name":"cli-test-kv-nr-000002","type":"Microsoft.KeyVault/vaults","location":"eastus2","tags":{},"systemData":{"createdBy":"yishiwang@microsoft.com","createdByType":"User","createdAt":"2022-04-27T06:16:09.791Z","lastModifiedBy":"yishiwang@microsoft.com","lastModifiedByType":"User","lastModifiedAt":"2022-04-27T06:17:03.392Z"},"properties":{"sku":{"family":"A","name":"premium"},"tenantId":"54826b22-38d6-4fb2-bad9-b7b93a3e9c5a","networkAcls":{"bypass":"AzureServices","defaultAction":"Deny","ipRules":[],"virtualNetworkRules":[]},"accessPolicies":[{"tenantId":"54826b22-38d6-4fb2-bad9-b7b93a3e9c5a","objectId":"3707fb2f-ac10-4591-a04f-8b0d786ea37d","permissions":{"keys":["all"],"secrets":["all"],"certificates":["all"],"storage":["all"]}}],"enabledForDeployment":false,"enableSoftDelete":true,"softDeleteRetentionInDays":7,"vaultUri":"https://cli-test-kv-nr-000002.vault.azure.net/","provisioningState":"Succeeded","publicNetworkAccess":"Enabled"}}'
    headers:
      cache-control:
      - no-cache
      content-length:
      - '1120'
      content-type:
      - application/json; charset=utf-8
      date:
      - Wed, 27 Apr 2022 06:17:04 GMT
      expires:
      - '-1'
      pragma:
      - no-cache
      server:
      - Microsoft-IIS/10.0
      strict-transport-security:
      - max-age=31536000; includeSubDomains
      transfer-encoding:
      - chunked
      vary:
      - Accept-Encoding
      x-aspnet-version:
      - 4.0.30319
      x-content-type-options:
      - nosniff
      x-ms-keyvault-service-version:
      - 1.5.339.1
    status:
      code: 200
      message: OK
- request:
    body: '{"location": "eastus2", "tags": {}, "properties": {"tenantId": "54826b22-38d6-4fb2-bad9-b7b93a3e9c5a",
      "sku": {"family": "A", "name": "premium"}, "accessPolicies": [{"tenantId": "54826b22-38d6-4fb2-bad9-b7b93a3e9c5a",
      "objectId": "3707fb2f-ac10-4591-a04f-8b0d786ea37d", "permissions": {"keys":
      ["all"], "secrets": ["all"], "certificates": ["all"], "storage": ["all"]}}],
      "vaultUri": "https://cli-test-kv-nr-000002.vault.azure.net/", "enabledForDeployment":
      false, "enableSoftDelete": true, "softDeleteRetentionInDays": 7, "networkAcls":
      {"bypass": "AzureServices", "defaultAction": "Deny", "ipRules": [{"value": "1.2.3.4/32"},
      {"value": "2.3.4.0/24"}, {"value": "3.4.5.0/24"}], "virtualNetworkRules": []},
      "provisioningState": "Succeeded", "publicNetworkAccess": "Enabled"}}'
    headers:
      Accept:
      - application/json
      Accept-Encoding:
      - gzip, deflate
      CommandName:
      - keyvault network-rule add
      Connection:
      - keep-alive
      Content-Length:
      - '774'
      Content-Type:
      - application/json
      ParameterSetName:
      - --ip-address --name --resource-group
      User-Agent:
      - AZURECLI/2.35.0 azsdk-python-azure-mgmt-keyvault/9.3.0 Python/3.7.9 (Windows-10-10.0.22000-SP0)
    method: PUT
    uri: https://management.azure.com/subscriptions/00000000-0000-0000-0000-000000000000/resourceGroups/cli_test_keyvault_network_rule000001/providers/Microsoft.KeyVault/vaults/cli-test-kv-nr-000002?api-version=2021-06-01-preview
  response:
    body:
      string: '{"id":"/subscriptions/00000000-0000-0000-0000-000000000000/resourceGroups/cli_test_keyvault_network_rule000001/providers/Microsoft.KeyVault/vaults/cli-test-kv-nr-000002","name":"cli-test-kv-nr-000002","type":"Microsoft.KeyVault/vaults","location":"eastus2","tags":{},"systemData":{"createdBy":"yishiwang@microsoft.com","createdByType":"User","createdAt":"2022-04-27T06:16:09.791Z","lastModifiedBy":"yishiwang@microsoft.com","lastModifiedByType":"User","lastModifiedAt":"2022-04-27T06:17:04.611Z"},"properties":{"sku":{"family":"A","name":"premium"},"tenantId":"54826b22-38d6-4fb2-bad9-b7b93a3e9c5a","networkAcls":{"bypass":"AzureServices","defaultAction":"Deny","ipRules":[{"value":"1.2.3.4/32"},{"value":"2.3.4.0/24"},{"value":"3.4.5.0/24"}],"virtualNetworkRules":[]},"accessPolicies":[{"tenantId":"54826b22-38d6-4fb2-bad9-b7b93a3e9c5a","objectId":"3707fb2f-ac10-4591-a04f-8b0d786ea37d","permissions":{"keys":["all"],"secrets":["all"],"certificates":["all"],"storage":["all"]}}],"enabledForDeployment":false,"enableSoftDelete":true,"softDeleteRetentionInDays":7,"vaultUri":"https://cli-test-kv-nr-000002.vault.azure.net/","provisioningState":"Succeeded","publicNetworkAccess":"Enabled"}}'
    headers:
      cache-control:
      - no-cache
      content-length:
      - '1188'
      content-type:
      - application/json; charset=utf-8
      date:
      - Wed, 27 Apr 2022 06:17:04 GMT
      expires:
      - '-1'
      pragma:
      - no-cache
      server:
      - Microsoft-IIS/10.0
      strict-transport-security:
      - max-age=31536000; includeSubDomains
      transfer-encoding:
      - chunked
      vary:
      - Accept-Encoding
      x-aspnet-version:
      - 4.0.30319
      x-content-type-options:
      - nosniff
      x-ms-keyvault-service-version:
      - 1.5.339.1
      x-ms-ratelimit-remaining-subscription-writes:
      - '1194'
    status:
      code: 200
      message: OK
- request:
    body: null
    headers:
      Accept:
      - application/json
      Accept-Encoding:
      - gzip, deflate
      CommandName:
      - keyvault network-rule add
      Connection:
      - keep-alive
      ParameterSetName:
      - --ip-address --name --resource-group
      User-Agent:
      - AZURECLI/2.35.0 azsdk-python-azure-mgmt-keyvault/9.3.0 Python/3.7.9 (Windows-10-10.0.22000-SP0)
    method: GET
    uri: https://management.azure.com/subscriptions/00000000-0000-0000-0000-000000000000/resourceGroups/cli_test_keyvault_network_rule000001/providers/Microsoft.KeyVault/vaults/cli-test-kv-nr-000002?api-version=2021-06-01-preview
  response:
    body:
      string: '{"id":"/subscriptions/00000000-0000-0000-0000-000000000000/resourceGroups/cli_test_keyvault_network_rule000001/providers/Microsoft.KeyVault/vaults/cli-test-kv-nr-000002","name":"cli-test-kv-nr-000002","type":"Microsoft.KeyVault/vaults","location":"eastus2","tags":{},"systemData":{"createdBy":"yishiwang@microsoft.com","createdByType":"User","createdAt":"2022-04-27T06:16:09.791Z","lastModifiedBy":"yishiwang@microsoft.com","lastModifiedByType":"User","lastModifiedAt":"2022-04-27T06:17:04.611Z"},"properties":{"sku":{"family":"A","name":"premium"},"tenantId":"54826b22-38d6-4fb2-bad9-b7b93a3e9c5a","networkAcls":{"bypass":"AzureServices","defaultAction":"Deny","ipRules":[{"value":"1.2.3.4/32"},{"value":"2.3.4.0/24"},{"value":"3.4.5.0/24"}],"virtualNetworkRules":[]},"accessPolicies":[{"tenantId":"54826b22-38d6-4fb2-bad9-b7b93a3e9c5a","objectId":"3707fb2f-ac10-4591-a04f-8b0d786ea37d","permissions":{"keys":["all"],"secrets":["all"],"certificates":["all"],"storage":["all"]}}],"enabledForDeployment":false,"enableSoftDelete":true,"softDeleteRetentionInDays":7,"vaultUri":"https://cli-test-kv-nr-000002.vault.azure.net/","provisioningState":"Succeeded","publicNetworkAccess":"Enabled"}}'
    headers:
      cache-control:
      - no-cache
      content-length:
      - '1188'
      content-type:
      - application/json; charset=utf-8
      date:
      - Wed, 27 Apr 2022 06:17:05 GMT
      expires:
      - '-1'
      pragma:
      - no-cache
      server:
      - Microsoft-IIS/10.0
      strict-transport-security:
      - max-age=31536000; includeSubDomains
      transfer-encoding:
      - chunked
      vary:
      - Accept-Encoding
      x-aspnet-version:
      - 4.0.30319
      x-content-type-options:
      - nosniff
      x-ms-keyvault-service-version:
      - 1.5.339.1
    status:
      code: 200
      message: OK
- request:
    body: '{"location": "eastus2", "tags": {}, "properties": {"tenantId": "54826b22-38d6-4fb2-bad9-b7b93a3e9c5a",
      "sku": {"family": "A", "name": "premium"}, "accessPolicies": [{"tenantId": "54826b22-38d6-4fb2-bad9-b7b93a3e9c5a",
      "objectId": "3707fb2f-ac10-4591-a04f-8b0d786ea37d", "permissions": {"keys":
      ["all"], "secrets": ["all"], "certificates": ["all"], "storage": ["all"]}}],
      "vaultUri": "https://cli-test-kv-nr-000002.vault.azure.net/", "enabledForDeployment":
      false, "enableSoftDelete": true, "softDeleteRetentionInDays": 7, "networkAcls":
      {"bypass": "AzureServices", "defaultAction": "Deny", "ipRules": [{"value": "1.2.3.4/32"},
      {"value": "2.3.4.0/24"}, {"value": "3.4.5.0/24"}, {"value": "4.5.0.0/16"}],
      "virtualNetworkRules": []}, "provisioningState": "Succeeded", "publicNetworkAccess":
      "Enabled"}}'
    headers:
      Accept:
      - application/json
      Accept-Encoding:
      - gzip, deflate
      CommandName:
      - keyvault network-rule add
      Connection:
      - keep-alive
      Content-Length:
      - '799'
      Content-Type:
      - application/json
      ParameterSetName:
      - --ip-address --name --resource-group
      User-Agent:
      - AZURECLI/2.35.0 azsdk-python-azure-mgmt-keyvault/9.3.0 Python/3.7.9 (Windows-10-10.0.22000-SP0)
    method: PUT
    uri: https://management.azure.com/subscriptions/00000000-0000-0000-0000-000000000000/resourceGroups/cli_test_keyvault_network_rule000001/providers/Microsoft.KeyVault/vaults/cli-test-kv-nr-000002?api-version=2021-06-01-preview
  response:
    body:
      string: '{"id":"/subscriptions/00000000-0000-0000-0000-000000000000/resourceGroups/cli_test_keyvault_network_rule000001/providers/Microsoft.KeyVault/vaults/cli-test-kv-nr-000002","name":"cli-test-kv-nr-000002","type":"Microsoft.KeyVault/vaults","location":"eastus2","tags":{},"systemData":{"createdBy":"yishiwang@microsoft.com","createdByType":"User","createdAt":"2022-04-27T06:16:09.791Z","lastModifiedBy":"yishiwang@microsoft.com","lastModifiedByType":"User","lastModifiedAt":"2022-04-27T06:17:06.045Z"},"properties":{"sku":{"family":"A","name":"premium"},"tenantId":"54826b22-38d6-4fb2-bad9-b7b93a3e9c5a","networkAcls":{"bypass":"AzureServices","defaultAction":"Deny","ipRules":[{"value":"1.2.3.4/32"},{"value":"2.3.4.0/24"},{"value":"3.4.5.0/24"},{"value":"4.5.0.0/16"}],"virtualNetworkRules":[]},"accessPolicies":[{"tenantId":"54826b22-38d6-4fb2-bad9-b7b93a3e9c5a","objectId":"3707fb2f-ac10-4591-a04f-8b0d786ea37d","permissions":{"keys":["all"],"secrets":["all"],"certificates":["all"],"storage":["all"]}}],"enabledForDeployment":false,"enableSoftDelete":true,"softDeleteRetentionInDays":7,"vaultUri":"https://cli-test-kv-nr-000002.vault.azure.net/","provisioningState":"Succeeded","publicNetworkAccess":"Enabled"}}'
    headers:
      cache-control:
      - no-cache
      content-length:
      - '1211'
      content-type:
      - application/json; charset=utf-8
      date:
      - Wed, 27 Apr 2022 06:17:06 GMT
      expires:
      - '-1'
      pragma:
      - no-cache
      server:
      - Microsoft-IIS/10.0
      strict-transport-security:
      - max-age=31536000; includeSubDomains
      transfer-encoding:
      - chunked
      vary:
      - Accept-Encoding
      x-aspnet-version:
      - 4.0.30319
      x-content-type-options:
      - nosniff
      x-ms-keyvault-service-version:
      - 1.5.339.1
      x-ms-ratelimit-remaining-subscription-writes:
      - '1194'
    status:
      code: 200
      message: OK
- request:
    body: null
    headers:
      Accept:
      - application/json
      Accept-Encoding:
      - gzip, deflate
      CommandName:
      - keyvault network-rule remove
      Connection:
      - keep-alive
      ParameterSetName:
      - --ip-address --name --resource-group
      User-Agent:
      - AZURECLI/2.35.0 azsdk-python-azure-mgmt-keyvault/9.3.0 Python/3.7.9 (Windows-10-10.0.22000-SP0)
    method: GET
    uri: https://management.azure.com/subscriptions/00000000-0000-0000-0000-000000000000/resourceGroups/cli_test_keyvault_network_rule000001/providers/Microsoft.KeyVault/vaults/cli-test-kv-nr-000002?api-version=2021-06-01-preview
  response:
    body:
      string: '{"id":"/subscriptions/00000000-0000-0000-0000-000000000000/resourceGroups/cli_test_keyvault_network_rule000001/providers/Microsoft.KeyVault/vaults/cli-test-kv-nr-000002","name":"cli-test-kv-nr-000002","type":"Microsoft.KeyVault/vaults","location":"eastus2","tags":{},"systemData":{"createdBy":"yishiwang@microsoft.com","createdByType":"User","createdAt":"2022-04-27T06:16:09.791Z","lastModifiedBy":"yishiwang@microsoft.com","lastModifiedByType":"User","lastModifiedAt":"2022-04-27T06:17:06.045Z"},"properties":{"sku":{"family":"A","name":"premium"},"tenantId":"54826b22-38d6-4fb2-bad9-b7b93a3e9c5a","networkAcls":{"bypass":"AzureServices","defaultAction":"Deny","ipRules":[{"value":"1.2.3.4/32"},{"value":"2.3.4.0/24"},{"value":"3.4.5.0/24"},{"value":"4.5.0.0/16"}],"virtualNetworkRules":[]},"accessPolicies":[{"tenantId":"54826b22-38d6-4fb2-bad9-b7b93a3e9c5a","objectId":"3707fb2f-ac10-4591-a04f-8b0d786ea37d","permissions":{"keys":["all"],"secrets":["all"],"certificates":["all"],"storage":["all"]}}],"enabledForDeployment":false,"enableSoftDelete":true,"softDeleteRetentionInDays":7,"vaultUri":"https://cli-test-kv-nr-000002.vault.azure.net/","provisioningState":"Succeeded","publicNetworkAccess":"Enabled"}}'
    headers:
      cache-control:
      - no-cache
      content-length:
      - '1211'
      content-type:
      - application/json; charset=utf-8
      date:
      - Wed, 27 Apr 2022 06:17:06 GMT
      expires:
      - '-1'
      pragma:
      - no-cache
      server:
      - Microsoft-IIS/10.0
      strict-transport-security:
      - max-age=31536000; includeSubDomains
      transfer-encoding:
      - chunked
      vary:
      - Accept-Encoding
      x-aspnet-version:
      - 4.0.30319
      x-content-type-options:
      - nosniff
      x-ms-keyvault-service-version:
      - 1.5.339.1
    status:
      code: 200
      message: OK
- request:
    body: '{"location": "eastus2", "tags": {}, "properties": {"tenantId": "54826b22-38d6-4fb2-bad9-b7b93a3e9c5a",
      "sku": {"family": "A", "name": "premium"}, "accessPolicies": [{"tenantId": "54826b22-38d6-4fb2-bad9-b7b93a3e9c5a",
      "objectId": "3707fb2f-ac10-4591-a04f-8b0d786ea37d", "permissions": {"keys":
      ["all"], "secrets": ["all"], "certificates": ["all"], "storage": ["all"]}}],
      "vaultUri": "https://cli-test-kv-nr-000002.vault.azure.net/", "enabledForDeployment":
      false, "enableSoftDelete": true, "softDeleteRetentionInDays": 7, "networkAcls":
      {"bypass": "AzureServices", "defaultAction": "Deny", "ipRules": [{"value": "4.5.0.0/16"}],
      "virtualNetworkRules": []}, "provisioningState": "Succeeded", "publicNetworkAccess":
      "Enabled"}}'
    headers:
      Accept:
      - application/json
      Accept-Encoding:
      - gzip, deflate
      CommandName:
      - keyvault network-rule remove
      Connection:
      - keep-alive
      Content-Length:
      - '724'
      Content-Type:
      - application/json
      ParameterSetName:
      - --ip-address --name --resource-group
      User-Agent:
      - AZURECLI/2.35.0 azsdk-python-azure-mgmt-keyvault/9.3.0 Python/3.7.9 (Windows-10-10.0.22000-SP0)
    method: PUT
    uri: https://management.azure.com/subscriptions/00000000-0000-0000-0000-000000000000/resourceGroups/cli_test_keyvault_network_rule000001/providers/Microsoft.KeyVault/vaults/cli-test-kv-nr-000002?api-version=2021-06-01-preview
  response:
    body:
      string: '{"id":"/subscriptions/00000000-0000-0000-0000-000000000000/resourceGroups/cli_test_keyvault_network_rule000001/providers/Microsoft.KeyVault/vaults/cli-test-kv-nr-000002","name":"cli-test-kv-nr-000002","type":"Microsoft.KeyVault/vaults","location":"eastus2","tags":{},"systemData":{"createdBy":"yishiwang@microsoft.com","createdByType":"User","createdAt":"2022-04-27T06:16:09.791Z","lastModifiedBy":"yishiwang@microsoft.com","lastModifiedByType":"User","lastModifiedAt":"2022-04-27T06:17:07.32Z"},"properties":{"sku":{"family":"A","name":"premium"},"tenantId":"54826b22-38d6-4fb2-bad9-b7b93a3e9c5a","networkAcls":{"bypass":"AzureServices","defaultAction":"Deny","ipRules":[{"value":"4.5.0.0/16"}],"virtualNetworkRules":[]},"accessPolicies":[{"tenantId":"54826b22-38d6-4fb2-bad9-b7b93a3e9c5a","objectId":"3707fb2f-ac10-4591-a04f-8b0d786ea37d","permissions":{"keys":["all"],"secrets":["all"],"certificates":["all"],"storage":["all"]}}],"enabledForDeployment":false,"enableSoftDelete":true,"softDeleteRetentionInDays":7,"vaultUri":"https://cli-test-kv-nr-000002.vault.azure.net/","provisioningState":"Succeeded","publicNetworkAccess":"Enabled"}}'
    headers:
      cache-control:
      - no-cache
      content-length:
      - '1141'
      content-type:
      - application/json; charset=utf-8
      date:
      - Wed, 27 Apr 2022 06:17:06 GMT
      expires:
      - '-1'
      pragma:
      - no-cache
      server:
      - Microsoft-IIS/10.0
      strict-transport-security:
      - max-age=31536000; includeSubDomains
      transfer-encoding:
      - chunked
      vary:
      - Accept-Encoding
      x-aspnet-version:
      - 4.0.30319
      x-content-type-options:
      - nosniff
      x-ms-keyvault-service-version:
      - 1.5.339.1
      x-ms-ratelimit-remaining-subscription-writes:
      - '1193'
    status:
      code: 200
      message: OK
version: 1
