interactions:
- request:
    body: '{"location": "eastus2", "tags": {}, "properties": {"addressSpace": {"addressPrefixes":
      ["10.0.0.0/16"]}, "dhcpOptions": {}}}'
    headers:
      Accept:
      - application/json
      Accept-Encoding:
      - gzip, deflate
      CommandName:
      - network vnet create
      Connection:
      - keep-alive
      Content-Length:
      - '124'
      Content-Type:
      - application/json
      ParameterSetName:
      - -g -n -l
      User-Agent:
      - AZURECLI/2.34.1 azsdk-python-azure-mgmt-network/19.3.0 Python/3.8.7 (Windows-10-10.0.22000-SP0)
    method: PUT
    uri: https://management.azure.com/subscriptions/00000000-0000-0000-0000-000000000000/resourceGroups/cli_test_keyvault_network_rule000001/providers/Microsoft.Network/virtualNetworks/cli-test-vnet-000008?api-version=2021-05-01
  response:
    body:
      string: "{\r\n  \"name\": \"cli-test-vnet-000008\",\r\n  \"id\": \"/subscriptions/00000000-0000-0000-0000-000000000000/resourceGroups/cli_test_keyvault_network_rule000001/providers/Microsoft.Network/virtualNetworks/cli-test-vnet-000008\",\r\n
        \ \"etag\": \"W/\\\"31c2c6c6-68dd-4713-8b0b-313edb231af8\\\"\",\r\n  \"type\":
        \"Microsoft.Network/virtualNetworks\",\r\n  \"location\": \"eastus2\",\r\n
        \ \"tags\": {},\r\n  \"properties\": {\r\n    \"provisioningState\": \"Updating\",\r\n
        \   \"resourceGuid\": \"b5056d6f-c116-4d6d-ac0f-59f6ebfef90d\",\r\n    \"addressSpace\":
        {\r\n      \"addressPrefixes\": [\r\n        \"10.0.0.0/16\"\r\n      ]\r\n
        \   },\r\n    \"dhcpOptions\": {\r\n      \"dnsServers\": []\r\n    },\r\n
        \   \"subnets\": [],\r\n    \"virtualNetworkPeerings\": [],\r\n    \"enableDdosProtection\":
        false\r\n  }\r\n}"
    headers:
      azure-asyncnotification:
      - Enabled
      azure-asyncoperation:
      - https://management.azure.com/subscriptions/00000000-0000-0000-0000-000000000000/providers/Microsoft.Network/locations/eastus2/operations/e81a0c66-30a5-4d3c-bb52-73a4855d829a?api-version=2021-05-01
      cache-control:
      - no-cache
      content-length:
      - '724'
      content-type:
      - application/json; charset=utf-8
      date:
      - Mon, 14 Mar 2022 08:50:56 GMT
      expires:
      - '-1'
      pragma:
      - no-cache
      server:
      - Microsoft-HTTPAPI/2.0
      - Microsoft-HTTPAPI/2.0
      strict-transport-security:
      - max-age=31536000; includeSubDomains
      x-content-type-options:
      - nosniff
      x-ms-arm-service-request-id:
      - f42b58f2-da91-4abe-85dd-ddcdd29906c6
      x-ms-ratelimit-remaining-subscription-writes:
      - '1198'
    status:
      code: 201
      message: Created
- request:
    body: null
    headers:
      Accept:
      - '*/*'
      Accept-Encoding:
      - gzip, deflate
      CommandName:
      - network vnet create
      Connection:
      - keep-alive
      ParameterSetName:
      - -g -n -l
      User-Agent:
      - AZURECLI/2.34.1 azsdk-python-azure-mgmt-network/19.3.0 Python/3.8.7 (Windows-10-10.0.22000-SP0)
    method: GET
    uri: https://management.azure.com/subscriptions/00000000-0000-0000-0000-000000000000/providers/Microsoft.Network/locations/eastus2/operations/e81a0c66-30a5-4d3c-bb52-73a4855d829a?api-version=2021-05-01
  response:
    body:
      string: "{\r\n  \"status\": \"Succeeded\"\r\n}"
    headers:
      cache-control:
      - no-cache
      content-length:
      - '29'
      content-type:
      - application/json; charset=utf-8
      date:
      - Mon, 14 Mar 2022 08:51:01 GMT
      expires:
      - '-1'
      pragma:
      - no-cache
      server:
      - Microsoft-HTTPAPI/2.0
      - Microsoft-HTTPAPI/2.0
      strict-transport-security:
      - max-age=31536000; includeSubDomains
      transfer-encoding:
      - chunked
      vary:
      - Accept-Encoding
      x-content-type-options:
      - nosniff
      x-ms-arm-service-request-id:
      - d243cc18-2e75-447a-b8dc-710c573be09a
    status:
      code: 200
      message: OK
- request:
    body: null
    headers:
      Accept:
      - '*/*'
      Accept-Encoding:
      - gzip, deflate
      CommandName:
      - network vnet create
      Connection:
      - keep-alive
      ParameterSetName:
      - -g -n -l
      User-Agent:
      - AZURECLI/2.34.1 azsdk-python-azure-mgmt-network/19.3.0 Python/3.8.7 (Windows-10-10.0.22000-SP0)
    method: GET
    uri: https://management.azure.com/subscriptions/00000000-0000-0000-0000-000000000000/resourceGroups/cli_test_keyvault_network_rule000001/providers/Microsoft.Network/virtualNetworks/cli-test-vnet-000008?api-version=2021-05-01
  response:
    body:
      string: "{\r\n  \"name\": \"cli-test-vnet-000008\",\r\n  \"id\": \"/subscriptions/00000000-0000-0000-0000-000000000000/resourceGroups/cli_test_keyvault_network_rule000001/providers/Microsoft.Network/virtualNetworks/cli-test-vnet-000008\",\r\n
        \ \"etag\": \"W/\\\"ada9f385-4018-499c-9d8a-d485b808f970\\\"\",\r\n  \"type\":
        \"Microsoft.Network/virtualNetworks\",\r\n  \"location\": \"eastus2\",\r\n
        \ \"tags\": {},\r\n  \"properties\": {\r\n    \"provisioningState\": \"Succeeded\",\r\n
        \   \"resourceGuid\": \"b5056d6f-c116-4d6d-ac0f-59f6ebfef90d\",\r\n    \"addressSpace\":
        {\r\n      \"addressPrefixes\": [\r\n        \"10.0.0.0/16\"\r\n      ]\r\n
        \   },\r\n    \"dhcpOptions\": {\r\n      \"dnsServers\": []\r\n    },\r\n
        \   \"subnets\": [],\r\n    \"virtualNetworkPeerings\": [],\r\n    \"enableDdosProtection\":
        false\r\n  }\r\n}"
    headers:
      cache-control:
      - no-cache
      content-length:
      - '725'
      content-type:
      - application/json; charset=utf-8
      date:
      - Mon, 14 Mar 2022 08:51:01 GMT
      etag:
      - W/"ada9f385-4018-499c-9d8a-d485b808f970"
      expires:
      - '-1'
      pragma:
      - no-cache
      server:
      - Microsoft-HTTPAPI/2.0
      - Microsoft-HTTPAPI/2.0
      strict-transport-security:
      - max-age=31536000; includeSubDomains
      transfer-encoding:
      - chunked
      vary:
      - Accept-Encoding
      x-content-type-options:
      - nosniff
      x-ms-arm-service-request-id:
      - c2d431d2-7237-4724-aa77-24ed6f1c030a
    status:
      code: 200
      message: OK
- request:
    body: null
    headers:
      Accept:
      - application/json
      Accept-Encoding:
      - gzip, deflate
      CommandName:
      - network vnet subnet create
      Connection:
      - keep-alive
      ParameterSetName:
      - -g --vnet-name --name --address-prefixes --service-endpoints
      User-Agent:
      - AZURECLI/2.34.1 azsdk-python-azure-mgmt-network/19.3.0 Python/3.8.7 (Windows-10-10.0.22000-SP0)
    method: GET
    uri: https://management.azure.com/subscriptions/00000000-0000-0000-0000-000000000000/resourceGroups/cli_test_keyvault_network_rule000001/providers/Microsoft.Network/virtualNetworks/cli-test-vnet-000008?api-version=2021-05-01
  response:
    body:
      string: "{\r\n  \"name\": \"cli-test-vnet-000008\",\r\n  \"id\": \"/subscriptions/00000000-0000-0000-0000-000000000000/resourceGroups/cli_test_keyvault_network_rule000001/providers/Microsoft.Network/virtualNetworks/cli-test-vnet-000008\",\r\n
        \ \"etag\": \"W/\\\"ada9f385-4018-499c-9d8a-d485b808f970\\\"\",\r\n  \"type\":
        \"Microsoft.Network/virtualNetworks\",\r\n  \"location\": \"eastus2\",\r\n
        \ \"tags\": {},\r\n  \"properties\": {\r\n    \"provisioningState\": \"Succeeded\",\r\n
        \   \"resourceGuid\": \"b5056d6f-c116-4d6d-ac0f-59f6ebfef90d\",\r\n    \"addressSpace\":
        {\r\n      \"addressPrefixes\": [\r\n        \"10.0.0.0/16\"\r\n      ]\r\n
        \   },\r\n    \"dhcpOptions\": {\r\n      \"dnsServers\": []\r\n    },\r\n
        \   \"subnets\": [],\r\n    \"virtualNetworkPeerings\": [],\r\n    \"enableDdosProtection\":
        false\r\n  }\r\n}"
    headers:
      cache-control:
      - no-cache
      content-length:
      - '725'
      content-type:
      - application/json; charset=utf-8
      date:
      - Mon, 14 Mar 2022 08:51:03 GMT
      etag:
      - W/"ada9f385-4018-499c-9d8a-d485b808f970"
      expires:
      - '-1'
      pragma:
      - no-cache
      server:
      - Microsoft-HTTPAPI/2.0
      - Microsoft-HTTPAPI/2.0
      strict-transport-security:
      - max-age=31536000; includeSubDomains
      transfer-encoding:
      - chunked
      vary:
      - Accept-Encoding
      x-content-type-options:
      - nosniff
      x-ms-arm-service-request-id:
      - 554f9aaa-b1a8-495d-995f-4c924480dad2
    status:
      code: 200
      message: OK
- request:
    body: '{"id": "/subscriptions/00000000-0000-0000-0000-000000000000/resourceGroups/cli_test_keyvault_network_rule000001/providers/Microsoft.Network/virtualNetworks/cli-test-vnet-000008",
      "location": "eastus2", "tags": {}, "properties": {"addressSpace": {"addressPrefixes":
      ["10.0.0.0/16"]}, "dhcpOptions": {"dnsServers": []}, "subnets": [{"name": "cli-test-subnet-000011",
      "properties": {"addressPrefix": "10.0.0.0/21", "serviceEndpoints": [{"service":
      "Microsoft.KeyVault"}], "privateEndpointNetworkPolicies": "Enabled", "privateLinkServiceNetworkPolicies":
      "Enabled"}}], "virtualNetworkPeerings": [], "enableDdosProtection": false}}'
    headers:
      Accept:
      - application/json
      Accept-Encoding:
      - gzip, deflate
      CommandName:
      - network vnet subnet create
      Connection:
      - keep-alive
      Content-Length:
      - '626'
      Content-Type:
      - application/json
      ParameterSetName:
      - -g --vnet-name --name --address-prefixes --service-endpoints
      User-Agent:
      - AZURECLI/2.34.1 azsdk-python-azure-mgmt-network/19.3.0 Python/3.8.7 (Windows-10-10.0.22000-SP0)
    method: PUT
    uri: https://management.azure.com/subscriptions/00000000-0000-0000-0000-000000000000/resourceGroups/cli_test_keyvault_network_rule000001/providers/Microsoft.Network/virtualNetworks/cli-test-vnet-000008?api-version=2021-05-01
  response:
    body:
      string: "{\r\n  \"name\": \"cli-test-vnet-000008\",\r\n  \"id\": \"/subscriptions/00000000-0000-0000-0000-000000000000/resourceGroups/cli_test_keyvault_network_rule000001/providers/Microsoft.Network/virtualNetworks/cli-test-vnet-000008\",\r\n
        \ \"etag\": \"W/\\\"f9543b33-650a-48ba-864d-dd9a198ec4ef\\\"\",\r\n  \"type\":
        \"Microsoft.Network/virtualNetworks\",\r\n  \"location\": \"eastus2\",\r\n
        \ \"tags\": {},\r\n  \"properties\": {\r\n    \"provisioningState\": \"Updating\",\r\n
        \   \"resourceGuid\": \"b5056d6f-c116-4d6d-ac0f-59f6ebfef90d\",\r\n    \"addressSpace\":
        {\r\n      \"addressPrefixes\": [\r\n        \"10.0.0.0/16\"\r\n      ]\r\n
        \   },\r\n    \"dhcpOptions\": {\r\n      \"dnsServers\": []\r\n    },\r\n
        \   \"subnets\": [\r\n      {\r\n        \"name\": \"cli-test-subnet-000011\",\r\n
        \       \"id\": \"/subscriptions/00000000-0000-0000-0000-000000000000/resourceGroups/cli_test_keyvault_network_rule000001/providers/Microsoft.Network/virtualNetworks/cli-test-vnet-000008/subnets/cli-test-subnet-000011\",\r\n
        \       \"etag\": \"W/\\\"f9543b33-650a-48ba-864d-dd9a198ec4ef\\\"\",\r\n
        \       \"properties\": {\r\n          \"provisioningState\": \"Updating\",\r\n
        \         \"addressPrefix\": \"10.0.0.0/21\",\r\n          \"serviceEndpoints\":
        [\r\n            {\r\n              \"provisioningState\": \"Updating\",\r\n
        \             \"service\": \"Microsoft.KeyVault\",\r\n              \"locations\":
        [\r\n                \"*\"\r\n              ]\r\n            }\r\n          ],\r\n
        \         \"delegations\": [],\r\n          \"privateEndpointNetworkPolicies\":
        \"Enabled\",\r\n          \"privateLinkServiceNetworkPolicies\": \"Enabled\"\r\n
        \       },\r\n        \"type\": \"Microsoft.Network/virtualNetworks/subnets\"\r\n
        \     }\r\n    ],\r\n    \"virtualNetworkPeerings\": [],\r\n    \"enableDdosProtection\":
        false\r\n  }\r\n}"
    headers:
      azure-asyncnotification:
      - Enabled
      azure-asyncoperation:
      - https://management.azure.com/subscriptions/00000000-0000-0000-0000-000000000000/providers/Microsoft.Network/locations/eastus2/operations/29f1e54f-7ac9-4f0a-a998-0510f343c2c3?api-version=2021-05-01
      cache-control:
      - no-cache
      content-length:
      - '1642'
      content-type:
      - application/json; charset=utf-8
      date:
      - Mon, 14 Mar 2022 08:51:05 GMT
      expires:
      - '-1'
      pragma:
      - no-cache
      server:
      - Microsoft-HTTPAPI/2.0
      - Microsoft-HTTPAPI/2.0
      strict-transport-security:
      - max-age=31536000; includeSubDomains
      transfer-encoding:
      - chunked
      vary:
      - Accept-Encoding
      x-content-type-options:
      - nosniff
      x-ms-arm-service-request-id:
      - d555594d-5999-44d7-8887-111088c1aba8
      x-ms-ratelimit-remaining-subscription-writes:
      - '1198'
    status:
      code: 200
      message: OK
- request:
    body: null
    headers:
      Accept:
      - '*/*'
      Accept-Encoding:
      - gzip, deflate
      CommandName:
      - network vnet subnet create
      Connection:
      - keep-alive
      ParameterSetName:
      - -g --vnet-name --name --address-prefixes --service-endpoints
      User-Agent:
      - AZURECLI/2.34.1 azsdk-python-azure-mgmt-network/19.3.0 Python/3.8.7 (Windows-10-10.0.22000-SP0)
    method: GET
    uri: https://management.azure.com/subscriptions/00000000-0000-0000-0000-000000000000/providers/Microsoft.Network/locations/eastus2/operations/29f1e54f-7ac9-4f0a-a998-0510f343c2c3?api-version=2021-05-01
  response:
    body:
      string: "{\r\n  \"status\": \"Succeeded\"\r\n}"
    headers:
      cache-control:
      - no-cache
      content-length:
      - '29'
      content-type:
      - application/json; charset=utf-8
      date:
      - Mon, 14 Mar 2022 08:51:09 GMT
      expires:
      - '-1'
      pragma:
      - no-cache
      server:
      - Microsoft-HTTPAPI/2.0
      - Microsoft-HTTPAPI/2.0
      strict-transport-security:
      - max-age=31536000; includeSubDomains
      transfer-encoding:
      - chunked
      vary:
      - Accept-Encoding
      x-content-type-options:
      - nosniff
      x-ms-arm-service-request-id:
      - 495be0f2-22f4-4ae1-a1c4-97e3340c0303
    status:
      code: 200
      message: OK
- request:
    body: null
    headers:
      Accept:
      - '*/*'
      Accept-Encoding:
      - gzip, deflate
      CommandName:
      - network vnet subnet create
      Connection:
      - keep-alive
      ParameterSetName:
      - -g --vnet-name --name --address-prefixes --service-endpoints
      User-Agent:
      - AZURECLI/2.34.1 azsdk-python-azure-mgmt-network/19.3.0 Python/3.8.7 (Windows-10-10.0.22000-SP0)
    method: GET
    uri: https://management.azure.com/subscriptions/00000000-0000-0000-0000-000000000000/resourceGroups/cli_test_keyvault_network_rule000001/providers/Microsoft.Network/virtualNetworks/cli-test-vnet-000008?api-version=2021-05-01
  response:
    body:
      string: "{\r\n  \"name\": \"cli-test-vnet-000008\",\r\n  \"id\": \"/subscriptions/00000000-0000-0000-0000-000000000000/resourceGroups/cli_test_keyvault_network_rule000001/providers/Microsoft.Network/virtualNetworks/cli-test-vnet-000008\",\r\n
        \ \"etag\": \"W/\\\"1f389d77-d62d-4eec-91f0-15118d55291b\\\"\",\r\n  \"type\":
        \"Microsoft.Network/virtualNetworks\",\r\n  \"location\": \"eastus2\",\r\n
        \ \"tags\": {},\r\n  \"properties\": {\r\n    \"provisioningState\": \"Succeeded\",\r\n
        \   \"resourceGuid\": \"b5056d6f-c116-4d6d-ac0f-59f6ebfef90d\",\r\n    \"addressSpace\":
        {\r\n      \"addressPrefixes\": [\r\n        \"10.0.0.0/16\"\r\n      ]\r\n
        \   },\r\n    \"dhcpOptions\": {\r\n      \"dnsServers\": []\r\n    },\r\n
        \   \"subnets\": [\r\n      {\r\n        \"name\": \"cli-test-subnet-000011\",\r\n
        \       \"id\": \"/subscriptions/00000000-0000-0000-0000-000000000000/resourceGroups/cli_test_keyvault_network_rule000001/providers/Microsoft.Network/virtualNetworks/cli-test-vnet-000008/subnets/cli-test-subnet-000011\",\r\n
        \       \"etag\": \"W/\\\"1f389d77-d62d-4eec-91f0-15118d55291b\\\"\",\r\n
        \       \"properties\": {\r\n          \"provisioningState\": \"Succeeded\",\r\n
        \         \"addressPrefix\": \"10.0.0.0/21\",\r\n          \"serviceEndpoints\":
        [\r\n            {\r\n              \"provisioningState\": \"Succeeded\",\r\n
        \             \"service\": \"Microsoft.KeyVault\",\r\n              \"locations\":
        [\r\n                \"*\"\r\n              ]\r\n            }\r\n          ],\r\n
        \         \"delegations\": [],\r\n          \"privateEndpointNetworkPolicies\":
        \"Enabled\",\r\n          \"privateLinkServiceNetworkPolicies\": \"Enabled\"\r\n
        \       },\r\n        \"type\": \"Microsoft.Network/virtualNetworks/subnets\"\r\n
        \     }\r\n    ],\r\n    \"virtualNetworkPeerings\": [],\r\n    \"enableDdosProtection\":
        false\r\n  }\r\n}"
    headers:
      cache-control:
      - no-cache
      content-length:
      - '1645'
      content-type:
      - application/json; charset=utf-8
      date:
      - Mon, 14 Mar 2022 08:51:10 GMT
      etag:
      - W/"1f389d77-d62d-4eec-91f0-15118d55291b"
      expires:
      - '-1'
      pragma:
      - no-cache
      server:
      - Microsoft-HTTPAPI/2.0
      - Microsoft-HTTPAPI/2.0
      strict-transport-security:
      - max-age=31536000; includeSubDomains
      transfer-encoding:
      - chunked
      vary:
      - Accept-Encoding
      x-content-type-options:
      - nosniff
      x-ms-arm-service-request-id:
      - d20e00fd-36b3-4c23-9f0b-f83b969693ee
    status:
      code: 200
      message: OK
- request:
    body: null
    headers:
      Accept:
      - application/json
      Accept-Encoding:
      - gzip, deflate
      CommandName:
      - network vnet subnet show
      Connection:
      - keep-alive
      ParameterSetName:
      - -g --vnet-name --name
      User-Agent:
      - AZURECLI/2.34.1 azsdk-python-azure-mgmt-network/19.3.0 Python/3.8.7 (Windows-10-10.0.22000-SP0)
    method: GET
    uri: https://management.azure.com/subscriptions/00000000-0000-0000-0000-000000000000/resourceGroups/cli_test_keyvault_network_rule000001/providers/Microsoft.Network/virtualNetworks/cli-test-vnet-000008/subnets/cli-test-subnet-000011?api-version=2021-05-01
  response:
    body:
      string: "{\r\n  \"name\": \"cli-test-subnet-000011\",\r\n  \"id\": \"/subscriptions/00000000-0000-0000-0000-000000000000/resourceGroups/cli_test_keyvault_network_rule000001/providers/Microsoft.Network/virtualNetworks/cli-test-vnet-000008/subnets/cli-test-subnet-000011\",\r\n
        \ \"etag\": \"W/\\\"1f389d77-d62d-4eec-91f0-15118d55291b\\\"\",\r\n  \"properties\":
        {\r\n    \"provisioningState\": \"Succeeded\",\r\n    \"addressPrefix\": \"10.0.0.0/21\",\r\n
        \   \"serviceEndpoints\": [\r\n      {\r\n        \"provisioningState\": \"Succeeded\",\r\n
        \       \"service\": \"Microsoft.KeyVault\",\r\n        \"locations\": [\r\n
        \         \"*\"\r\n        ]\r\n      }\r\n    ],\r\n    \"delegations\":
        [],\r\n    \"privateEndpointNetworkPolicies\": \"Enabled\",\r\n    \"privateLinkServiceNetworkPolicies\":
        \"Enabled\"\r\n  },\r\n  \"type\": \"Microsoft.Network/virtualNetworks/subnets\"\r\n}"
    headers:
      cache-control:
      - no-cache
      content-length:
      - '780'
      content-type:
      - application/json; charset=utf-8
      date:
      - Mon, 14 Mar 2022 08:51:12 GMT
      etag:
      - W/"1f389d77-d62d-4eec-91f0-15118d55291b"
      expires:
      - '-1'
      pragma:
      - no-cache
      server:
      - Microsoft-HTTPAPI/2.0
      - Microsoft-HTTPAPI/2.0
      strict-transport-security:
      - max-age=31536000; includeSubDomains
      transfer-encoding:
      - chunked
      vary:
      - Accept-Encoding
      x-content-type-options:
      - nosniff
      x-ms-arm-service-request-id:
      - 6d824d34-6503-4d50-89aa-0b716e7ad535
    status:
      code: 200
      message: OK
- request:
    body: null
    headers:
      Accept:
      - application/json
      Accept-Encoding:
      - gzip, deflate
      CommandName:
      - keyvault create
      Connection:
      - keep-alive
      ParameterSetName:
      - -n -l -g --network-acls
      User-Agent:
      - AZURECLI/2.34.1 azsdk-python-azure-mgmt-keyvault/9.3.0 Python/3.8.7 (Windows-10-10.0.22000-SP0)
    method: GET
    uri: https://management.azure.com/subscriptions/00000000-0000-0000-0000-000000000000/resourceGroups/cli_test_keyvault_network_rule000001/providers/Microsoft.KeyVault/vaults/cli-test-kv-nr-000003?api-version=2021-06-01-preview
  response:
    body:
      string: '{"error":{"code":"ResourceNotFound","message":"The Resource ''Microsoft.KeyVault/vaults/cli-test-kv-nr-000003''
        under resource group ''cli_test_keyvault_network_rule000001'' was not found.
        For more details please go to https://aka.ms/ARMResourceNotFoundFix"}}'
    headers:
      cache-control:
      - no-cache
      content-length:
      - '255'
      content-type:
      - application/json; charset=utf-8
      date:
      - Mon, 14 Mar 2022 08:51:13 GMT
      expires:
      - '-1'
      pragma:
      - no-cache
      strict-transport-security:
      - max-age=31536000; includeSubDomains
      x-content-type-options:
      - nosniff
      x-ms-failure-cause:
      - gateway
    status:
      code: 404
      message: Not Found
- request:
    body: null
    headers:
      Accept:
      - application/json
      Accept-Encoding:
      - gzip, deflate
      Connection:
      - keep-alive
      User-Agent:
      - python/3.8.7 (Windows-10-10.0.22000-SP0) msrest/0.6.21 msrest_azure/0.6.4
        azure-graphrbac/0.60.0 Azure-SDK-For-Python
      accept-language:
      - en-US
    method: GET
    uri: https://graph.windows.net/00000000-0000-0000-0000-000000000000/me?api-version=1.6
  response:
    body:
      string: '{"odata.metadata":"https://graph.windows.net/00000000-0000-0000-0000-000000000000/$metadata#directoryObjects/@Element","odata.type":"Microsoft.DirectoryServices.User","objectType":"User","objectId":"b05a9d3b-71ea-4346-8682-c1800dec2d07","deletionTimestamp":null,"accountEnabled":true,"ageGroup":null,"assignedLicenses":[],"assignedPlans":[],"city":null,"companyName":null,"consentProvidedForMinor":null,"country":null,"createdDateTime":"2022-02-16T02:24:04Z","creationType":"Invitation","department":null,"dirSyncEnabled":null,"displayName":"Jonie
        Liu (Shanghai Wicresoft Co,.Ltd.)","employeeId":null,"facsimileTelephoneNumber":null,"givenName":null,"immutableId":null,"isCompromised":null,"jobTitle":null,"lastDirSyncTime":null,"legalAgeGroupClassification":null,"mail":"v-jonieliu@microsoft.com","mailNickname":"v-jonieliu_microsoft.com#EXT#","mobile":null,"onPremisesDistinguishedName":null,"onPremisesSecurityIdentifier":null,"otherMails":["v-jonieliu@microsoft.com"],"passwordPolicies":null,"passwordProfile":null,"physicalDeliveryOfficeName":null,"postalCode":null,"preferredLanguage":null,"provisionedPlans":[],"provisioningErrors":[],"proxyAddresses":["SMTP:v-jonieliu@microsoft.com"],"refreshTokensValidFromDateTime":"2022-02-16T02:24:04Z","showInAddressList":false,"signInNames":[],"sipProxyAddress":null,"state":null,"streetAddress":null,"surname":null,"telephoneNumber":null,"thumbnailPhoto@odata.mediaEditLink":"directoryObjects/b05a9d3b-71ea-4346-8682-c1800dec2d07/Microsoft.DirectoryServices.User/thumbnailPhoto","usageLocation":null,"userIdentities":[],"userPrincipalName":"v-jonieliu_microsoft.com#EXT#@AzureSDKTeam.onmicrosoft.com","userState":"Accepted","userStateChangedOn":"2022-02-16T02:50:18Z","userType":"Guest"}'
    headers:
      access-control-allow-origin:
      - '*'
      cache-control:
      - no-cache
      content-length:
      - '1736'
      content-type:
      - application/json; odata=minimalmetadata; streaming=true; charset=utf-8
      dataserviceversion:
      - 3.0;
      date:
      - Mon, 14 Mar 2022 08:51:16 GMT
      duration:
      - '2529137'
      expires:
      - '-1'
      ocp-aad-diagnostics-server-name:
      - xu+NIR3KpL1q1muW0XsAFLDjYBijovfdkk5HRvtH2qs=
      ocp-aad-session-key:
      - vGg2ykzFNNohfIlCiQfPr1upL6U02dccKOwu3lSQnNO0gWQvvFYZq79zfujAgfsSuYfqDpeXRuNegVVXoFpuR0o-CBvuM7hcmUmavP1J0NVu0y8exKTIGa5xEgv1M3eK.e2mhQqUj92X28k6gjBJWV67WE5v9PXSC8Wt7xZ8JN5k
      pragma:
      - no-cache
      request-id:
      - 3ef1b24d-13a0-48c0-85eb-2e920d9263b7
      strict-transport-security:
      - max-age=31536000; includeSubDomains
      x-aspnet-version:
      - 4.0.30319
      x-ms-dirapi-data-contract-version:
      - '1.6'
      x-ms-resource-unit:
      - '1'
      x-powered-by:
      - ASP.NET
    status:
      code: 200
      message: OK
- request:
    body: '{"location": "eastus2", "properties": {"tenantId": "54826b22-38d6-4fb2-bad9-b7b93a3e9c5a",
      "sku": {"family": "A", "name": "standard"}, "accessPolicies": [{"tenantId":
      "54826b22-38d6-4fb2-bad9-b7b93a3e9c5a", "objectId": "b05a9d3b-71ea-4346-8682-c1800dec2d07",
      "permissions": {"keys": ["all"], "secrets": ["all"], "certificates": ["all"],
      "storage": ["all"]}}], "softDeleteRetentionInDays": 90, "networkAcls": {"bypass":
      "AzureServices", "defaultAction": "Allow", "ipRules": [{"value": "1.2.3.4/32"},
      {"value": "2.3.4.0/24"}], "virtualNetworkRules": [{"id": "/subscriptions/00000000-0000-0000-0000-000000000000/resourcegroups/cli_test_keyvault_network_rule000001/providers/microsoft.network/virtualnetworks/cli-test-vnet-000008/subnets/cli-test-subnet-000011"}]}}}'
    headers:
      Accept:
      - application/json
      Accept-Encoding:
      - gzip, deflate
      CommandName:
      - keyvault create
      Connection:
      - keep-alive
      Content-Length:
      - '762'
      Content-Type:
      - application/json
      ParameterSetName:
      - -n -l -g --network-acls
      User-Agent:
      - AZURECLI/2.34.1 azsdk-python-azure-mgmt-keyvault/9.3.0 Python/3.8.7 (Windows-10-10.0.22000-SP0)
    method: PUT
    uri: https://management.azure.com/subscriptions/00000000-0000-0000-0000-000000000000/resourceGroups/cli_test_keyvault_network_rule000001/providers/Microsoft.KeyVault/vaults/cli-test-kv-nr-000003?api-version=2021-06-01-preview
  response:
    body:
      string: '{"id":"/subscriptions/00000000-0000-0000-0000-000000000000/resourceGroups/cli_test_keyvault_network_rule000001/providers/Microsoft.KeyVault/vaults/cli-test-kv-nr-000003","name":"cli-test-kv-nr-000003","type":"Microsoft.KeyVault/vaults","location":"eastus2","tags":{},"systemData":{"createdBy":"v-jonieliu@microsoft.com","createdByType":"User","createdAt":"2022-03-14T08:51:24.084Z","lastModifiedBy":"v-jonieliu@microsoft.com","lastModifiedByType":"User","lastModifiedAt":"2022-03-14T08:51:24.084Z"},"properties":{"sku":{"family":"A","name":"standard"},"tenantId":"54826b22-38d6-4fb2-bad9-b7b93a3e9c5a","networkAcls":{"bypass":"AzureServices","defaultAction":"Allow","ipRules":[{"value":"1.2.3.4/32"},{"value":"2.3.4.0/24"}],"virtualNetworkRules":[{"id":"/subscriptions/00000000-0000-0000-0000-000000000000/resourcegroups/cli_test_keyvault_network_rule000001/providers/microsoft.network/virtualnetworks/cli-test-vnet-000008/subnets/cli-test-subnet-000011"}]},"accessPolicies":[{"tenantId":"54826b22-38d6-4fb2-bad9-b7b93a3e9c5a","objectId":"b05a9d3b-71ea-4346-8682-c1800dec2d07","permissions":{"keys":["all"],"secrets":["all"],"certificates":["all"],"storage":["all"]}}],"enabledForDeployment":false,"enableSoftDelete":true,"softDeleteRetentionInDays":90,"vaultUri":"https://cli-test-kv-nr-000003.vault.azure.net","provisioningState":"RegisteringDns","publicNetworkAccess":"Enabled"}}'
    headers:
      cache-control:
      - no-cache
      content-length:
      - '1382'
      content-type:
      - application/json; charset=utf-8
      date:
      - Mon, 14 Mar 2022 08:51:27 GMT
      expires:
      - '-1'
      pragma:
      - no-cache
      server:
      - Microsoft-IIS/10.0
      strict-transport-security:
      - max-age=31536000; includeSubDomains
      transfer-encoding:
      - chunked
      vary:
      - Accept-Encoding
      x-aspnet-version:
      - 4.0.30319
      x-content-type-options:
      - nosniff
      x-ms-keyvault-service-version:
      - 1.5.308.0
      x-ms-ratelimit-remaining-subscription-writes:
      - '1197'
    status:
      code: 200
      message: OK
- request:
    body: null
    headers:
      Accept:
      - '*/*'
      Accept-Encoding:
      - gzip, deflate
      CommandName:
      - keyvault create
      Connection:
      - keep-alive
      ParameterSetName:
      - -n -l -g --network-acls
      User-Agent:
      - AZURECLI/2.34.1 azsdk-python-azure-mgmt-keyvault/9.3.0 Python/3.8.7 (Windows-10-10.0.22000-SP0)
    method: GET
    uri: https://management.azure.com/subscriptions/00000000-0000-0000-0000-000000000000/resourceGroups/cli_test_keyvault_network_rule000001/providers/Microsoft.KeyVault/vaults/cli-test-kv-nr-000003?api-version=2021-06-01-preview
  response:
    body:
      string: '{"id":"/subscriptions/00000000-0000-0000-0000-000000000000/resourceGroups/cli_test_keyvault_network_rule000001/providers/Microsoft.KeyVault/vaults/cli-test-kv-nr-000003","name":"cli-test-kv-nr-000003","type":"Microsoft.KeyVault/vaults","location":"eastus2","tags":{},"systemData":{"createdBy":"v-jonieliu@microsoft.com","createdByType":"User","createdAt":"2022-03-14T08:51:24.084Z","lastModifiedBy":"v-jonieliu@microsoft.com","lastModifiedByType":"User","lastModifiedAt":"2022-03-14T08:51:24.084Z"},"properties":{"sku":{"family":"A","name":"standard"},"tenantId":"54826b22-38d6-4fb2-bad9-b7b93a3e9c5a","networkAcls":{"bypass":"AzureServices","defaultAction":"Allow","ipRules":[{"value":"1.2.3.4/32"},{"value":"2.3.4.0/24"}],"virtualNetworkRules":[{"id":"/subscriptions/00000000-0000-0000-0000-000000000000/resourcegroups/cli_test_keyvault_network_rule000001/providers/microsoft.network/virtualnetworks/cli-test-vnet-000008/subnets/cli-test-subnet-000011"}]},"accessPolicies":[{"tenantId":"54826b22-38d6-4fb2-bad9-b7b93a3e9c5a","objectId":"b05a9d3b-71ea-4346-8682-c1800dec2d07","permissions":{"keys":["all"],"secrets":["all"],"certificates":["all"],"storage":["all"]}}],"enabledForDeployment":false,"enableSoftDelete":true,"softDeleteRetentionInDays":90,"vaultUri":"https://cli-test-kv-nr-000003.vault.azure.net/","provisioningState":"Succeeded","publicNetworkAccess":"Enabled"}}'
    headers:
      cache-control:
      - no-cache
      content-length:
      - '1378'
      content-type:
      - application/json; charset=utf-8
      date:
      - Mon, 14 Mar 2022 08:51:58 GMT
      expires:
      - '-1'
      pragma:
      - no-cache
      server:
      - Microsoft-IIS/10.0
      strict-transport-security:
      - max-age=31536000; includeSubDomains
      transfer-encoding:
      - chunked
      vary:
      - Accept-Encoding
      x-aspnet-version:
      - 4.0.30319
      x-content-type-options:
      - nosniff
      x-ms-keyvault-service-version:
      - 1.5.308.0
    status:
      code: 200
      message: OK
- request:
    body: null
    headers:
      Accept:
      - application/json
      Accept-Encoding:
      - gzip, deflate
      CommandName:
      - keyvault create
      Connection:
      - keep-alive
      ParameterSetName:
      - -n -l -g --network-acls
      User-Agent:
      - AZURECLI/2.34.1 azsdk-python-azure-mgmt-keyvault/9.3.0 Python/3.8.7 (Windows-10-10.0.22000-SP0)
    method: GET
    uri: https://management.azure.com/subscriptions/00000000-0000-0000-0000-000000000000/resourceGroups/cli_test_keyvault_network_rule000001/providers/Microsoft.KeyVault/vaults/cli-test-kv-nr-000004?api-version=2021-06-01-preview
  response:
    body:
      string: '{"error":{"code":"ResourceNotFound","message":"The Resource ''Microsoft.KeyVault/vaults/cli-test-kv-nr-000004''
        under resource group ''cli_test_keyvault_network_rule000001'' was not found.
        For more details please go to https://aka.ms/ARMResourceNotFoundFix"}}'
    headers:
      cache-control:
      - no-cache
      content-length:
      - '255'
      content-type:
      - application/json; charset=utf-8
      date:
      - Mon, 14 Mar 2022 08:52:00 GMT
      expires:
      - '-1'
      pragma:
      - no-cache
      strict-transport-security:
      - max-age=31536000; includeSubDomains
      x-content-type-options:
      - nosniff
      x-ms-failure-cause:
      - gateway
    status:
      code: 404
      message: Not Found
- request:
    body: null
    headers:
      Accept:
      - application/json
      Accept-Encoding:
      - gzip, deflate
      Connection:
      - keep-alive
      User-Agent:
      - python/3.8.7 (Windows-10-10.0.22000-SP0) msrest/0.6.21 msrest_azure/0.6.4
        azure-graphrbac/0.60.0 Azure-SDK-For-Python
      accept-language:
      - en-US
    method: GET
    uri: https://graph.windows.net/00000000-0000-0000-0000-000000000000/me?api-version=1.6
  response:
    body:
      string: '{"odata.metadata":"https://graph.windows.net/00000000-0000-0000-0000-000000000000/$metadata#directoryObjects/@Element","odata.type":"Microsoft.DirectoryServices.User","objectType":"User","objectId":"b05a9d3b-71ea-4346-8682-c1800dec2d07","deletionTimestamp":null,"accountEnabled":true,"ageGroup":null,"assignedLicenses":[],"assignedPlans":[],"city":null,"companyName":null,"consentProvidedForMinor":null,"country":null,"createdDateTime":"2022-02-16T02:24:04Z","creationType":"Invitation","department":null,"dirSyncEnabled":null,"displayName":"Jonie
        Liu (Shanghai Wicresoft Co,.Ltd.)","employeeId":null,"facsimileTelephoneNumber":null,"givenName":null,"immutableId":null,"isCompromised":null,"jobTitle":null,"lastDirSyncTime":null,"legalAgeGroupClassification":null,"mail":"v-jonieliu@microsoft.com","mailNickname":"v-jonieliu_microsoft.com#EXT#","mobile":null,"onPremisesDistinguishedName":null,"onPremisesSecurityIdentifier":null,"otherMails":["v-jonieliu@microsoft.com"],"passwordPolicies":null,"passwordProfile":null,"physicalDeliveryOfficeName":null,"postalCode":null,"preferredLanguage":null,"provisionedPlans":[],"provisioningErrors":[],"proxyAddresses":["SMTP:v-jonieliu@microsoft.com"],"refreshTokensValidFromDateTime":"2022-02-16T02:24:04Z","showInAddressList":false,"signInNames":[],"sipProxyAddress":null,"state":null,"streetAddress":null,"surname":null,"telephoneNumber":null,"thumbnailPhoto@odata.mediaEditLink":"directoryObjects/b05a9d3b-71ea-4346-8682-c1800dec2d07/Microsoft.DirectoryServices.User/thumbnailPhoto","usageLocation":null,"userIdentities":[],"userPrincipalName":"v-jonieliu_microsoft.com#EXT#@AzureSDKTeam.onmicrosoft.com","userState":"Accepted","userStateChangedOn":"2022-02-16T02:50:18Z","userType":"Guest"}'
    headers:
      access-control-allow-origin:
      - '*'
      cache-control:
      - no-cache
      content-length:
      - '1736'
      content-type:
      - application/json; odata=minimalmetadata; streaming=true; charset=utf-8
      dataserviceversion:
      - 3.0;
      date:
      - Mon, 14 Mar 2022 08:52:02 GMT
      duration:
      - '2510029'
      expires:
      - '-1'
      ocp-aad-diagnostics-server-name:
      - DP9HclN3jrax7RPj0EYIQ+sDEMdBw8U9WUUS5h18/mE=
      ocp-aad-session-key:
      - GmSW11mKYGIAsLa8HkiHXaSI9m_RRCddzM_mVrTeozMWy-QzYXTeiDrZ8rDAN4ZeBd548u_7geM_DOgyk5A-S_LWrK2xqMSUrjvh2fiDIK5Sj13YmKmcqz3Ofe3k3RRA.aeW64JGUtPmNZeuwPE0HjZMpRLpPdTT-RF2-X1j_E9M
      pragma:
      - no-cache
      request-id:
      - 405c5500-47f3-4b3a-b522-7bddd5a65651
      strict-transport-security:
      - max-age=31536000; includeSubDomains
      x-aspnet-version:
      - 4.0.30319
      x-ms-dirapi-data-contract-version:
      - '1.6'
      x-ms-resource-unit:
      - '1'
      x-powered-by:
      - ASP.NET
    status:
      code: 200
      message: OK
- request:
    body: '{"location": "eastus2", "properties": {"tenantId": "54826b22-38d6-4fb2-bad9-b7b93a3e9c5a",
      "sku": {"family": "A", "name": "standard"}, "accessPolicies": [{"tenantId":
      "54826b22-38d6-4fb2-bad9-b7b93a3e9c5a", "objectId": "b05a9d3b-71ea-4346-8682-c1800dec2d07",
      "permissions": {"keys": ["all"], "secrets": ["all"], "certificates": ["all"],
      "storage": ["all"]}}], "softDeleteRetentionInDays": 90, "networkAcls": {"bypass":
      "AzureServices", "defaultAction": "Allow", "ipRules": [{"value": "1.2.3.4/32"},
      {"value": "2.3.4.0/24"}], "virtualNetworkRules": [{"id": "/subscriptions/00000000-0000-0000-0000-000000000000/resourcegroups/cli_test_keyvault_network_rule000001/providers/microsoft.network/virtualnetworks/cli-test-vnet-000008/subnets/cli-test-subnet-000011"}]}}}'
    headers:
      Accept:
      - application/json
      Accept-Encoding:
      - gzip, deflate
      CommandName:
      - keyvault create
      Connection:
      - keep-alive
      Content-Length:
      - '762'
      Content-Type:
      - application/json
      ParameterSetName:
      - -n -l -g --network-acls
      User-Agent:
      - AZURECLI/2.34.1 azsdk-python-azure-mgmt-keyvault/9.3.0 Python/3.8.7 (Windows-10-10.0.22000-SP0)
    method: PUT
    uri: https://management.azure.com/subscriptions/00000000-0000-0000-0000-000000000000/resourceGroups/cli_test_keyvault_network_rule000001/providers/Microsoft.KeyVault/vaults/cli-test-kv-nr-000004?api-version=2021-06-01-preview
  response:
    body:
      string: '{"id":"/subscriptions/00000000-0000-0000-0000-000000000000/resourceGroups/cli_test_keyvault_network_rule000001/providers/Microsoft.KeyVault/vaults/cli-test-kv-nr-000004","name":"cli-test-kv-nr-000004","type":"Microsoft.KeyVault/vaults","location":"eastus2","tags":{},"systemData":{"createdBy":"v-jonieliu@microsoft.com","createdByType":"User","createdAt":"2022-03-14T08:52:08.239Z","lastModifiedBy":"v-jonieliu@microsoft.com","lastModifiedByType":"User","lastModifiedAt":"2022-03-14T08:52:08.239Z"},"properties":{"sku":{"family":"A","name":"standard"},"tenantId":"54826b22-38d6-4fb2-bad9-b7b93a3e9c5a","networkAcls":{"bypass":"AzureServices","defaultAction":"Allow","ipRules":[{"value":"1.2.3.4/32"},{"value":"2.3.4.0/24"}],"virtualNetworkRules":[{"id":"/subscriptions/00000000-0000-0000-0000-000000000000/resourcegroups/cli_test_keyvault_network_rule000001/providers/microsoft.network/virtualnetworks/cli-test-vnet-000008/subnets/cli-test-subnet-000011"}]},"accessPolicies":[{"tenantId":"54826b22-38d6-4fb2-bad9-b7b93a3e9c5a","objectId":"b05a9d3b-71ea-4346-8682-c1800dec2d07","permissions":{"keys":["all"],"secrets":["all"],"certificates":["all"],"storage":["all"]}}],"enabledForDeployment":false,"enableSoftDelete":true,"softDeleteRetentionInDays":90,"vaultUri":"https://cli-test-kv-nr-000004.vault.azure.net","provisioningState":"RegisteringDns","publicNetworkAccess":"Enabled"}}'
    headers:
      cache-control:
      - no-cache
      content-length:
      - '1382'
      content-type:
      - application/json; charset=utf-8
      date:
      - Mon, 14 Mar 2022 08:52:11 GMT
      expires:
      - '-1'
      pragma:
      - no-cache
      server:
      - Microsoft-IIS/10.0
      strict-transport-security:
      - max-age=31536000; includeSubDomains
      transfer-encoding:
      - chunked
      vary:
      - Accept-Encoding
      x-aspnet-version:
      - 4.0.30319
      x-content-type-options:
      - nosniff
      x-ms-keyvault-service-version:
      - 1.5.308.0
      x-ms-ratelimit-remaining-subscription-writes:
      - '1198'
    status:
      code: 200
      message: OK
- request:
    body: null
    headers:
      Accept:
      - '*/*'
      Accept-Encoding:
      - gzip, deflate
      CommandName:
      - keyvault create
      Connection:
      - keep-alive
      ParameterSetName:
      - -n -l -g --network-acls
      User-Agent:
      - AZURECLI/2.34.1 azsdk-python-azure-mgmt-keyvault/9.3.0 Python/3.8.7 (Windows-10-10.0.22000-SP0)
    method: GET
    uri: https://management.azure.com/subscriptions/00000000-0000-0000-0000-000000000000/resourceGroups/cli_test_keyvault_network_rule000001/providers/Microsoft.KeyVault/vaults/cli-test-kv-nr-000004?api-version=2021-06-01-preview
  response:
    body:
      string: '{"id":"/subscriptions/00000000-0000-0000-0000-000000000000/resourceGroups/cli_test_keyvault_network_rule000001/providers/Microsoft.KeyVault/vaults/cli-test-kv-nr-000004","name":"cli-test-kv-nr-000004","type":"Microsoft.KeyVault/vaults","location":"eastus2","tags":{},"systemData":{"createdBy":"v-jonieliu@microsoft.com","createdByType":"User","createdAt":"2022-03-14T08:52:08.239Z","lastModifiedBy":"v-jonieliu@microsoft.com","lastModifiedByType":"User","lastModifiedAt":"2022-03-14T08:52:08.239Z"},"properties":{"sku":{"family":"A","name":"standard"},"tenantId":"54826b22-38d6-4fb2-bad9-b7b93a3e9c5a","networkAcls":{"bypass":"AzureServices","defaultAction":"Allow","ipRules":[{"value":"1.2.3.4/32"},{"value":"2.3.4.0/24"}],"virtualNetworkRules":[{"id":"/subscriptions/00000000-0000-0000-0000-000000000000/resourcegroups/cli_test_keyvault_network_rule000001/providers/microsoft.network/virtualnetworks/cli-test-vnet-000008/subnets/cli-test-subnet-000011"}]},"accessPolicies":[{"tenantId":"54826b22-38d6-4fb2-bad9-b7b93a3e9c5a","objectId":"b05a9d3b-71ea-4346-8682-c1800dec2d07","permissions":{"keys":["all"],"secrets":["all"],"certificates":["all"],"storage":["all"]}}],"enabledForDeployment":false,"enableSoftDelete":true,"softDeleteRetentionInDays":90,"vaultUri":"https://cli-test-kv-nr-000004.vault.azure.net/","provisioningState":"Succeeded","publicNetworkAccess":"Enabled"}}'
    headers:
      cache-control:
      - no-cache
      content-length:
      - '1378'
      content-type:
      - application/json; charset=utf-8
      date:
      - Mon, 14 Mar 2022 08:52:41 GMT
      expires:
      - '-1'
      pragma:
      - no-cache
      server:
      - Microsoft-IIS/10.0
      strict-transport-security:
      - max-age=31536000; includeSubDomains
      transfer-encoding:
      - chunked
      vary:
      - Accept-Encoding
      x-aspnet-version:
      - 4.0.30319
      x-content-type-options:
      - nosniff
      x-ms-keyvault-service-version:
      - 1.5.308.0
    status:
      code: 200
      message: OK
- request:
    body: '{"location": "eastus2", "tags": {}, "properties": {"addressSpace": {"addressPrefixes":
      ["10.0.0.0/16"]}, "dhcpOptions": {}}}'
    headers:
      Accept:
      - application/json
      Accept-Encoding:
      - gzip, deflate
      CommandName:
      - network vnet create
      Connection:
      - keep-alive
      Content-Length:
      - '124'
      Content-Type:
      - application/json
      ParameterSetName:
      - -g -n -l
      User-Agent:
      - AZURECLI/2.34.1 azsdk-python-azure-mgmt-network/19.3.0 Python/3.8.7 (Windows-10-10.0.22000-SP0)
    method: PUT
    uri: https://management.azure.com/subscriptions/00000000-0000-0000-0000-000000000000/resourceGroups/cli_test_keyvault_network_rule000001/providers/Microsoft.Network/virtualNetworks/cli-test-vnet-000009?api-version=2021-05-01
  response:
    body:
      string: "{\r\n  \"name\": \"cli-test-vnet-000009\",\r\n  \"id\": \"/subscriptions/00000000-0000-0000-0000-000000000000/resourceGroups/cli_test_keyvault_network_rule000001/providers/Microsoft.Network/virtualNetworks/cli-test-vnet-000009\",\r\n
        \ \"etag\": \"W/\\\"d043f506-02ff-4d08-a7fb-4e7a2e6c6759\\\"\",\r\n  \"type\":
        \"Microsoft.Network/virtualNetworks\",\r\n  \"location\": \"eastus2\",\r\n
        \ \"tags\": {},\r\n  \"properties\": {\r\n    \"provisioningState\": \"Updating\",\r\n
        \   \"resourceGuid\": \"1b5461de-2eb6-44fb-863f-7523ed99ade0\",\r\n    \"addressSpace\":
        {\r\n      \"addressPrefixes\": [\r\n        \"10.0.0.0/16\"\r\n      ]\r\n
        \   },\r\n    \"dhcpOptions\": {\r\n      \"dnsServers\": []\r\n    },\r\n
        \   \"subnets\": [],\r\n    \"virtualNetworkPeerings\": [],\r\n    \"enableDdosProtection\":
        false\r\n  }\r\n}"
    headers:
      azure-asyncnotification:
      - Enabled
      azure-asyncoperation:
      - https://management.azure.com/subscriptions/00000000-0000-0000-0000-000000000000/providers/Microsoft.Network/locations/eastus2/operations/ae56f1db-9ec6-4f87-bfa5-310651335a16?api-version=2021-05-01
      cache-control:
      - no-cache
      content-length:
      - '724'
      content-type:
      - application/json; charset=utf-8
      date:
      - Mon, 14 Mar 2022 08:52:50 GMT
      expires:
      - '-1'
      pragma:
      - no-cache
      server:
      - Microsoft-HTTPAPI/2.0
      - Microsoft-HTTPAPI/2.0
      strict-transport-security:
      - max-age=31536000; includeSubDomains
      x-content-type-options:
      - nosniff
      x-ms-arm-service-request-id:
      - 634b6e1f-7afd-4fd5-be6c-ccbbbe195a36
      x-ms-ratelimit-remaining-subscription-writes:
      - '1197'
    status:
      code: 201
      message: Created
- request:
    body: null
    headers:
      Accept:
      - '*/*'
      Accept-Encoding:
      - gzip, deflate
      CommandName:
      - network vnet create
      Connection:
      - keep-alive
      ParameterSetName:
      - -g -n -l
      User-Agent:
      - AZURECLI/2.34.1 azsdk-python-azure-mgmt-network/19.3.0 Python/3.8.7 (Windows-10-10.0.22000-SP0)
    method: GET
    uri: https://management.azure.com/subscriptions/00000000-0000-0000-0000-000000000000/providers/Microsoft.Network/locations/eastus2/operations/ae56f1db-9ec6-4f87-bfa5-310651335a16?api-version=2021-05-01
  response:
    body:
      string: "{\r\n  \"status\": \"Succeeded\"\r\n}"
    headers:
      cache-control:
      - no-cache
      content-length:
      - '29'
      content-type:
      - application/json; charset=utf-8
      date:
      - Mon, 14 Mar 2022 08:52:54 GMT
      expires:
      - '-1'
      pragma:
      - no-cache
      server:
      - Microsoft-HTTPAPI/2.0
      - Microsoft-HTTPAPI/2.0
      strict-transport-security:
      - max-age=31536000; includeSubDomains
      transfer-encoding:
      - chunked
      vary:
      - Accept-Encoding
      x-content-type-options:
      - nosniff
      x-ms-arm-service-request-id:
      - 574827f8-636a-404f-989e-5927a2dd2d53
    status:
      code: 200
      message: OK
- request:
    body: null
    headers:
      Accept:
      - '*/*'
      Accept-Encoding:
      - gzip, deflate
      CommandName:
      - network vnet create
      Connection:
      - keep-alive
      ParameterSetName:
      - -g -n -l
      User-Agent:
      - AZURECLI/2.34.1 azsdk-python-azure-mgmt-network/19.3.0 Python/3.8.7 (Windows-10-10.0.22000-SP0)
    method: GET
    uri: https://management.azure.com/subscriptions/00000000-0000-0000-0000-000000000000/resourceGroups/cli_test_keyvault_network_rule000001/providers/Microsoft.Network/virtualNetworks/cli-test-vnet-000009?api-version=2021-05-01
  response:
    body:
      string: "{\r\n  \"name\": \"cli-test-vnet-000009\",\r\n  \"id\": \"/subscriptions/00000000-0000-0000-0000-000000000000/resourceGroups/cli_test_keyvault_network_rule000001/providers/Microsoft.Network/virtualNetworks/cli-test-vnet-000009\",\r\n
        \ \"etag\": \"W/\\\"0b6a21cf-3f81-482b-b5a9-d3743e07a282\\\"\",\r\n  \"type\":
        \"Microsoft.Network/virtualNetworks\",\r\n  \"location\": \"eastus2\",\r\n
        \ \"tags\": {},\r\n  \"properties\": {\r\n    \"provisioningState\": \"Succeeded\",\r\n
        \   \"resourceGuid\": \"1b5461de-2eb6-44fb-863f-7523ed99ade0\",\r\n    \"addressSpace\":
        {\r\n      \"addressPrefixes\": [\r\n        \"10.0.0.0/16\"\r\n      ]\r\n
        \   },\r\n    \"dhcpOptions\": {\r\n      \"dnsServers\": []\r\n    },\r\n
        \   \"subnets\": [],\r\n    \"virtualNetworkPeerings\": [],\r\n    \"enableDdosProtection\":
        false\r\n  }\r\n}"
    headers:
      cache-control:
      - no-cache
      content-length:
      - '725'
      content-type:
      - application/json; charset=utf-8
      date:
      - Mon, 14 Mar 2022 08:52:54 GMT
      etag:
      - W/"0b6a21cf-3f81-482b-b5a9-d3743e07a282"
      expires:
      - '-1'
      pragma:
      - no-cache
      server:
      - Microsoft-HTTPAPI/2.0
      - Microsoft-HTTPAPI/2.0
      strict-transport-security:
      - max-age=31536000; includeSubDomains
      transfer-encoding:
      - chunked
      vary:
      - Accept-Encoding
      x-content-type-options:
      - nosniff
      x-ms-arm-service-request-id:
      - 96ed686e-8586-4c62-9ba3-183f0bb517c9
    status:
      code: 200
      message: OK
- request:
    body: null
    headers:
      Accept:
      - application/json
      Accept-Encoding:
      - gzip, deflate
      CommandName:
      - network vnet subnet create
      Connection:
      - keep-alive
      ParameterSetName:
      - -g --vnet-name --name --address-prefixes --service-endpoints
      User-Agent:
      - AZURECLI/2.34.1 azsdk-python-azure-mgmt-network/19.3.0 Python/3.8.7 (Windows-10-10.0.22000-SP0)
    method: GET
    uri: https://management.azure.com/subscriptions/00000000-0000-0000-0000-000000000000/resourceGroups/cli_test_keyvault_network_rule000001/providers/Microsoft.Network/virtualNetworks/cli-test-vnet-000009?api-version=2021-05-01
  response:
    body:
      string: "{\r\n  \"name\": \"cli-test-vnet-000009\",\r\n  \"id\": \"/subscriptions/00000000-0000-0000-0000-000000000000/resourceGroups/cli_test_keyvault_network_rule000001/providers/Microsoft.Network/virtualNetworks/cli-test-vnet-000009\",\r\n
        \ \"etag\": \"W/\\\"0b6a21cf-3f81-482b-b5a9-d3743e07a282\\\"\",\r\n  \"type\":
        \"Microsoft.Network/virtualNetworks\",\r\n  \"location\": \"eastus2\",\r\n
        \ \"tags\": {},\r\n  \"properties\": {\r\n    \"provisioningState\": \"Succeeded\",\r\n
        \   \"resourceGuid\": \"1b5461de-2eb6-44fb-863f-7523ed99ade0\",\r\n    \"addressSpace\":
        {\r\n      \"addressPrefixes\": [\r\n        \"10.0.0.0/16\"\r\n      ]\r\n
        \   },\r\n    \"dhcpOptions\": {\r\n      \"dnsServers\": []\r\n    },\r\n
        \   \"subnets\": [],\r\n    \"virtualNetworkPeerings\": [],\r\n    \"enableDdosProtection\":
        false\r\n  }\r\n}"
    headers:
      cache-control:
      - no-cache
      content-length:
      - '725'
      content-type:
      - application/json; charset=utf-8
      date:
      - Mon, 14 Mar 2022 08:52:58 GMT
      etag:
      - W/"0b6a21cf-3f81-482b-b5a9-d3743e07a282"
      expires:
      - '-1'
      pragma:
      - no-cache
      server:
      - Microsoft-HTTPAPI/2.0
      - Microsoft-HTTPAPI/2.0
      strict-transport-security:
      - max-age=31536000; includeSubDomains
      transfer-encoding:
      - chunked
      vary:
      - Accept-Encoding
      x-content-type-options:
      - nosniff
      x-ms-arm-service-request-id:
      - a2b5b7af-baa2-4397-b1fc-c372d8b66aab
    status:
      code: 200
      message: OK
- request:
    body: '{"id": "/subscriptions/00000000-0000-0000-0000-000000000000/resourceGroups/cli_test_keyvault_network_rule000001/providers/Microsoft.Network/virtualNetworks/cli-test-vnet-000009",
      "location": "eastus2", "tags": {}, "properties": {"addressSpace": {"addressPrefixes":
      ["10.0.0.0/16"]}, "dhcpOptions": {"dnsServers": []}, "subnets": [{"name": "cli-test-subnet-000012",
      "properties": {"addressPrefix": "10.0.0.0/21", "serviceEndpoints": [{"service":
      "Microsoft.KeyVault"}], "privateEndpointNetworkPolicies": "Enabled", "privateLinkServiceNetworkPolicies":
      "Enabled"}}], "virtualNetworkPeerings": [], "enableDdosProtection": false}}'
    headers:
      Accept:
      - application/json
      Accept-Encoding:
      - gzip, deflate
      CommandName:
      - network vnet subnet create
      Connection:
      - keep-alive
      Content-Length:
      - '626'
      Content-Type:
      - application/json
      ParameterSetName:
      - -g --vnet-name --name --address-prefixes --service-endpoints
      User-Agent:
      - AZURECLI/2.34.1 azsdk-python-azure-mgmt-network/19.3.0 Python/3.8.7 (Windows-10-10.0.22000-SP0)
    method: PUT
    uri: https://management.azure.com/subscriptions/00000000-0000-0000-0000-000000000000/resourceGroups/cli_test_keyvault_network_rule000001/providers/Microsoft.Network/virtualNetworks/cli-test-vnet-000009?api-version=2021-05-01
  response:
    body:
      string: "{\r\n  \"name\": \"cli-test-vnet-000009\",\r\n  \"id\": \"/subscriptions/00000000-0000-0000-0000-000000000000/resourceGroups/cli_test_keyvault_network_rule000001/providers/Microsoft.Network/virtualNetworks/cli-test-vnet-000009\",\r\n
        \ \"etag\": \"W/\\\"0ae77b7c-5bc1-4043-98a4-f7066f5b9528\\\"\",\r\n  \"type\":
        \"Microsoft.Network/virtualNetworks\",\r\n  \"location\": \"eastus2\",\r\n
        \ \"tags\": {},\r\n  \"properties\": {\r\n    \"provisioningState\": \"Updating\",\r\n
        \   \"resourceGuid\": \"1b5461de-2eb6-44fb-863f-7523ed99ade0\",\r\n    \"addressSpace\":
        {\r\n      \"addressPrefixes\": [\r\n        \"10.0.0.0/16\"\r\n      ]\r\n
        \   },\r\n    \"dhcpOptions\": {\r\n      \"dnsServers\": []\r\n    },\r\n
        \   \"subnets\": [\r\n      {\r\n        \"name\": \"cli-test-subnet-000012\",\r\n
        \       \"id\": \"/subscriptions/00000000-0000-0000-0000-000000000000/resourceGroups/cli_test_keyvault_network_rule000001/providers/Microsoft.Network/virtualNetworks/cli-test-vnet-000009/subnets/cli-test-subnet-000012\",\r\n
        \       \"etag\": \"W/\\\"0ae77b7c-5bc1-4043-98a4-f7066f5b9528\\\"\",\r\n
        \       \"properties\": {\r\n          \"provisioningState\": \"Updating\",\r\n
        \         \"addressPrefix\": \"10.0.0.0/21\",\r\n          \"serviceEndpoints\":
        [\r\n            {\r\n              \"provisioningState\": \"Updating\",\r\n
        \             \"service\": \"Microsoft.KeyVault\",\r\n              \"locations\":
        [\r\n                \"*\"\r\n              ]\r\n            }\r\n          ],\r\n
        \         \"delegations\": [],\r\n          \"privateEndpointNetworkPolicies\":
        \"Enabled\",\r\n          \"privateLinkServiceNetworkPolicies\": \"Enabled\"\r\n
        \       },\r\n        \"type\": \"Microsoft.Network/virtualNetworks/subnets\"\r\n
        \     }\r\n    ],\r\n    \"virtualNetworkPeerings\": [],\r\n    \"enableDdosProtection\":
        false\r\n  }\r\n}"
    headers:
      azure-asyncnotification:
      - Enabled
      azure-asyncoperation:
      - https://management.azure.com/subscriptions/00000000-0000-0000-0000-000000000000/providers/Microsoft.Network/locations/eastus2/operations/d3db99f3-c70c-4ec9-bee6-2460dbeb153e?api-version=2021-05-01
      cache-control:
      - no-cache
      content-length:
      - '1642'
      content-type:
      - application/json; charset=utf-8
      date:
      - Mon, 14 Mar 2022 08:53:00 GMT
      expires:
      - '-1'
      pragma:
      - no-cache
      server:
      - Microsoft-HTTPAPI/2.0
      - Microsoft-HTTPAPI/2.0
      strict-transport-security:
      - max-age=31536000; includeSubDomains
      transfer-encoding:
      - chunked
      vary:
      - Accept-Encoding
      x-content-type-options:
      - nosniff
      x-ms-arm-service-request-id:
      - 345f778b-3398-42e3-b766-4ab92e3395f1
      x-ms-ratelimit-remaining-subscription-writes:
      - '1196'
    status:
      code: 200
      message: OK
- request:
    body: null
    headers:
      Accept:
      - '*/*'
      Accept-Encoding:
      - gzip, deflate
      CommandName:
      - network vnet subnet create
      Connection:
      - keep-alive
      ParameterSetName:
      - -g --vnet-name --name --address-prefixes --service-endpoints
      User-Agent:
      - AZURECLI/2.34.1 azsdk-python-azure-mgmt-network/19.3.0 Python/3.8.7 (Windows-10-10.0.22000-SP0)
    method: GET
    uri: https://management.azure.com/subscriptions/00000000-0000-0000-0000-000000000000/providers/Microsoft.Network/locations/eastus2/operations/d3db99f3-c70c-4ec9-bee6-2460dbeb153e?api-version=2021-05-01
  response:
    body:
      string: "{\r\n  \"status\": \"Succeeded\"\r\n}"
    headers:
      cache-control:
      - no-cache
      content-length:
      - '29'
      content-type:
      - application/json; charset=utf-8
      date:
      - Mon, 14 Mar 2022 08:53:03 GMT
      expires:
      - '-1'
      pragma:
      - no-cache
      server:
      - Microsoft-HTTPAPI/2.0
      - Microsoft-HTTPAPI/2.0
      strict-transport-security:
      - max-age=31536000; includeSubDomains
      transfer-encoding:
      - chunked
      vary:
      - Accept-Encoding
      x-content-type-options:
      - nosniff
      x-ms-arm-service-request-id:
      - ca5d4a7b-3d7a-4353-8b7d-fc6811b4216b
    status:
      code: 200
      message: OK
- request:
    body: null
    headers:
      Accept:
      - '*/*'
      Accept-Encoding:
      - gzip, deflate
      CommandName:
      - network vnet subnet create
      Connection:
      - keep-alive
      ParameterSetName:
      - -g --vnet-name --name --address-prefixes --service-endpoints
      User-Agent:
      - AZURECLI/2.34.1 azsdk-python-azure-mgmt-network/19.3.0 Python/3.8.7 (Windows-10-10.0.22000-SP0)
    method: GET
    uri: https://management.azure.com/subscriptions/00000000-0000-0000-0000-000000000000/resourceGroups/cli_test_keyvault_network_rule000001/providers/Microsoft.Network/virtualNetworks/cli-test-vnet-000009?api-version=2021-05-01
  response:
    body:
      string: "{\r\n  \"name\": \"cli-test-vnet-000009\",\r\n  \"id\": \"/subscriptions/00000000-0000-0000-0000-000000000000/resourceGroups/cli_test_keyvault_network_rule000001/providers/Microsoft.Network/virtualNetworks/cli-test-vnet-000009\",\r\n
        \ \"etag\": \"W/\\\"91676bcf-81bb-4f2c-a840-8b696675c3a5\\\"\",\r\n  \"type\":
        \"Microsoft.Network/virtualNetworks\",\r\n  \"location\": \"eastus2\",\r\n
        \ \"tags\": {},\r\n  \"properties\": {\r\n    \"provisioningState\": \"Succeeded\",\r\n
        \   \"resourceGuid\": \"1b5461de-2eb6-44fb-863f-7523ed99ade0\",\r\n    \"addressSpace\":
        {\r\n      \"addressPrefixes\": [\r\n        \"10.0.0.0/16\"\r\n      ]\r\n
        \   },\r\n    \"dhcpOptions\": {\r\n      \"dnsServers\": []\r\n    },\r\n
        \   \"subnets\": [\r\n      {\r\n        \"name\": \"cli-test-subnet-000012\",\r\n
        \       \"id\": \"/subscriptions/00000000-0000-0000-0000-000000000000/resourceGroups/cli_test_keyvault_network_rule000001/providers/Microsoft.Network/virtualNetworks/cli-test-vnet-000009/subnets/cli-test-subnet-000012\",\r\n
        \       \"etag\": \"W/\\\"91676bcf-81bb-4f2c-a840-8b696675c3a5\\\"\",\r\n
        \       \"properties\": {\r\n          \"provisioningState\": \"Succeeded\",\r\n
        \         \"addressPrefix\": \"10.0.0.0/21\",\r\n          \"serviceEndpoints\":
        [\r\n            {\r\n              \"provisioningState\": \"Succeeded\",\r\n
        \             \"service\": \"Microsoft.KeyVault\",\r\n              \"locations\":
        [\r\n                \"*\"\r\n              ]\r\n            }\r\n          ],\r\n
        \         \"delegations\": [],\r\n          \"privateEndpointNetworkPolicies\":
        \"Enabled\",\r\n          \"privateLinkServiceNetworkPolicies\": \"Enabled\"\r\n
        \       },\r\n        \"type\": \"Microsoft.Network/virtualNetworks/subnets\"\r\n
        \     }\r\n    ],\r\n    \"virtualNetworkPeerings\": [],\r\n    \"enableDdosProtection\":
        false\r\n  }\r\n}"
    headers:
      cache-control:
      - no-cache
      content-length:
      - '1645'
      content-type:
      - application/json; charset=utf-8
      date:
      - Mon, 14 Mar 2022 08:53:04 GMT
      etag:
      - W/"91676bcf-81bb-4f2c-a840-8b696675c3a5"
      expires:
      - '-1'
      pragma:
      - no-cache
      server:
      - Microsoft-HTTPAPI/2.0
      - Microsoft-HTTPAPI/2.0
      strict-transport-security:
      - max-age=31536000; includeSubDomains
      transfer-encoding:
      - chunked
      vary:
      - Accept-Encoding
      x-content-type-options:
      - nosniff
      x-ms-arm-service-request-id:
      - 616dafbc-5444-461b-98ea-46f3199abcf2
    status:
      code: 200
      message: OK
- request:
    body: null
    headers:
      Accept:
      - application/json
      Accept-Encoding:
      - gzip, deflate
      CommandName:
      - network vnet subnet show
      Connection:
      - keep-alive
      ParameterSetName:
      - -g --vnet-name --name
      User-Agent:
      - AZURECLI/2.34.1 azsdk-python-azure-mgmt-network/19.3.0 Python/3.8.7 (Windows-10-10.0.22000-SP0)
    method: GET
    uri: https://management.azure.com/subscriptions/00000000-0000-0000-0000-000000000000/resourceGroups/cli_test_keyvault_network_rule000001/providers/Microsoft.Network/virtualNetworks/cli-test-vnet-000009/subnets/cli-test-subnet-000012?api-version=2021-05-01
  response:
    body:
      string: "{\r\n  \"name\": \"cli-test-subnet-000012\",\r\n  \"id\": \"/subscriptions/00000000-0000-0000-0000-000000000000/resourceGroups/cli_test_keyvault_network_rule000001/providers/Microsoft.Network/virtualNetworks/cli-test-vnet-000009/subnets/cli-test-subnet-000012\",\r\n
        \ \"etag\": \"W/\\\"91676bcf-81bb-4f2c-a840-8b696675c3a5\\\"\",\r\n  \"properties\":
        {\r\n    \"provisioningState\": \"Succeeded\",\r\n    \"addressPrefix\": \"10.0.0.0/21\",\r\n
        \   \"serviceEndpoints\": [\r\n      {\r\n        \"provisioningState\": \"Succeeded\",\r\n
        \       \"service\": \"Microsoft.KeyVault\",\r\n        \"locations\": [\r\n
        \         \"*\"\r\n        ]\r\n      }\r\n    ],\r\n    \"delegations\":
        [],\r\n    \"privateEndpointNetworkPolicies\": \"Enabled\",\r\n    \"privateLinkServiceNetworkPolicies\":
        \"Enabled\"\r\n  },\r\n  \"type\": \"Microsoft.Network/virtualNetworks/subnets\"\r\n}"
    headers:
      cache-control:
      - no-cache
      content-length:
      - '780'
      content-type:
      - application/json; charset=utf-8
      date:
      - Mon, 14 Mar 2022 08:53:06 GMT
      etag:
      - W/"91676bcf-81bb-4f2c-a840-8b696675c3a5"
      expires:
      - '-1'
      pragma:
      - no-cache
      server:
      - Microsoft-HTTPAPI/2.0
      - Microsoft-HTTPAPI/2.0
      strict-transport-security:
      - max-age=31536000; includeSubDomains
      transfer-encoding:
      - chunked
      vary:
      - Accept-Encoding
      x-content-type-options:
      - nosniff
      x-ms-arm-service-request-id:
      - c0a0e5cf-f6e0-4e26-b34d-35c86a9a9a0b
    status:
      code: 200
      message: OK
- request:
    body: '{"location": "eastus2", "tags": {}, "properties": {"addressSpace": {"addressPrefixes":
      ["10.0.0.0/16"]}, "dhcpOptions": {}}}'
    headers:
      Accept:
      - application/json
      Accept-Encoding:
      - gzip, deflate
      CommandName:
      - network vnet create
      Connection:
      - keep-alive
      Content-Length:
      - '124'
      Content-Type:
      - application/json
      ParameterSetName:
      - -g -n -l
      User-Agent:
      - AZURECLI/2.34.1 azsdk-python-azure-mgmt-network/19.3.0 Python/3.8.7 (Windows-10-10.0.22000-SP0)
    method: PUT
    uri: https://management.azure.com/subscriptions/00000000-0000-0000-0000-000000000000/resourceGroups/cli_test_keyvault_network_rule000001/providers/Microsoft.Network/virtualNetworks/cli-test-vnet-000010?api-version=2021-05-01
  response:
    body:
      string: "{\r\n  \"name\": \"cli-test-vnet-000010\",\r\n  \"id\": \"/subscriptions/00000000-0000-0000-0000-000000000000/resourceGroups/cli_test_keyvault_network_rule000001/providers/Microsoft.Network/virtualNetworks/cli-test-vnet-000010\",\r\n
        \ \"etag\": \"W/\\\"4110d158-b25c-4834-adc9-0afc24aa45c7\\\"\",\r\n  \"type\":
        \"Microsoft.Network/virtualNetworks\",\r\n  \"location\": \"eastus2\",\r\n
        \ \"tags\": {},\r\n  \"properties\": {\r\n    \"provisioningState\": \"Updating\",\r\n
        \   \"resourceGuid\": \"40b3b131-7a00-4c91-a067-65af1f7afe91\",\r\n    \"addressSpace\":
        {\r\n      \"addressPrefixes\": [\r\n        \"10.0.0.0/16\"\r\n      ]\r\n
        \   },\r\n    \"dhcpOptions\": {\r\n      \"dnsServers\": []\r\n    },\r\n
        \   \"subnets\": [],\r\n    \"virtualNetworkPeerings\": [],\r\n    \"enableDdosProtection\":
        false\r\n  }\r\n}"
    headers:
      azure-asyncnotification:
      - Enabled
      azure-asyncoperation:
      - https://management.azure.com/subscriptions/00000000-0000-0000-0000-000000000000/providers/Microsoft.Network/locations/eastus2/operations/a1c9b032-a17f-4215-9491-e30f00fa32ec?api-version=2021-05-01
      cache-control:
      - no-cache
      content-length:
      - '724'
      content-type:
      - application/json; charset=utf-8
      date:
      - Mon, 14 Mar 2022 08:53:10 GMT
      expires:
      - '-1'
      pragma:
      - no-cache
      server:
      - Microsoft-HTTPAPI/2.0
      - Microsoft-HTTPAPI/2.0
      strict-transport-security:
      - max-age=31536000; includeSubDomains
      x-content-type-options:
      - nosniff
      x-ms-arm-service-request-id:
      - 7f45ab02-6f8b-4c47-b00f-030e25b38858
      x-ms-ratelimit-remaining-subscription-writes:
      - '1196'
    status:
      code: 201
      message: Created
- request:
    body: null
    headers:
      Accept:
      - '*/*'
      Accept-Encoding:
      - gzip, deflate
      CommandName:
      - network vnet create
      Connection:
      - keep-alive
      ParameterSetName:
      - -g -n -l
      User-Agent:
      - AZURECLI/2.34.1 azsdk-python-azure-mgmt-network/19.3.0 Python/3.8.7 (Windows-10-10.0.22000-SP0)
    method: GET
    uri: https://management.azure.com/subscriptions/00000000-0000-0000-0000-000000000000/providers/Microsoft.Network/locations/eastus2/operations/a1c9b032-a17f-4215-9491-e30f00fa32ec?api-version=2021-05-01
  response:
    body:
      string: "{\r\n  \"status\": \"Succeeded\"\r\n}"
    headers:
      cache-control:
      - no-cache
      content-length:
      - '29'
      content-type:
      - application/json; charset=utf-8
      date:
      - Mon, 14 Mar 2022 08:53:13 GMT
      expires:
      - '-1'
      pragma:
      - no-cache
      server:
      - Microsoft-HTTPAPI/2.0
      - Microsoft-HTTPAPI/2.0
      strict-transport-security:
      - max-age=31536000; includeSubDomains
      transfer-encoding:
      - chunked
      vary:
      - Accept-Encoding
      x-content-type-options:
      - nosniff
      x-ms-arm-service-request-id:
      - 48c23c5e-378e-4b1e-bb81-a7f37a6a1f31
    status:
      code: 200
      message: OK
- request:
    body: null
    headers:
      Accept:
      - '*/*'
      Accept-Encoding:
      - gzip, deflate
      CommandName:
      - network vnet create
      Connection:
      - keep-alive
      ParameterSetName:
      - -g -n -l
      User-Agent:
      - AZURECLI/2.34.1 azsdk-python-azure-mgmt-network/19.3.0 Python/3.8.7 (Windows-10-10.0.22000-SP0)
    method: GET
    uri: https://management.azure.com/subscriptions/00000000-0000-0000-0000-000000000000/resourceGroups/cli_test_keyvault_network_rule000001/providers/Microsoft.Network/virtualNetworks/cli-test-vnet-000010?api-version=2021-05-01
  response:
    body:
      string: "{\r\n  \"name\": \"cli-test-vnet-000010\",\r\n  \"id\": \"/subscriptions/00000000-0000-0000-0000-000000000000/resourceGroups/cli_test_keyvault_network_rule000001/providers/Microsoft.Network/virtualNetworks/cli-test-vnet-000010\",\r\n
        \ \"etag\": \"W/\\\"4853a4e2-f077-4c1c-962a-fb4631675b8a\\\"\",\r\n  \"type\":
        \"Microsoft.Network/virtualNetworks\",\r\n  \"location\": \"eastus2\",\r\n
        \ \"tags\": {},\r\n  \"properties\": {\r\n    \"provisioningState\": \"Succeeded\",\r\n
        \   \"resourceGuid\": \"40b3b131-7a00-4c91-a067-65af1f7afe91\",\r\n    \"addressSpace\":
        {\r\n      \"addressPrefixes\": [\r\n        \"10.0.0.0/16\"\r\n      ]\r\n
        \   },\r\n    \"dhcpOptions\": {\r\n      \"dnsServers\": []\r\n    },\r\n
        \   \"subnets\": [],\r\n    \"virtualNetworkPeerings\": [],\r\n    \"enableDdosProtection\":
        false\r\n  }\r\n}"
    headers:
      cache-control:
      - no-cache
      content-length:
      - '725'
      content-type:
      - application/json; charset=utf-8
      date:
      - Mon, 14 Mar 2022 08:53:14 GMT
      etag:
      - W/"4853a4e2-f077-4c1c-962a-fb4631675b8a"
      expires:
      - '-1'
      pragma:
      - no-cache
      server:
      - Microsoft-HTTPAPI/2.0
      - Microsoft-HTTPAPI/2.0
      strict-transport-security:
      - max-age=31536000; includeSubDomains
      transfer-encoding:
      - chunked
      vary:
      - Accept-Encoding
      x-content-type-options:
      - nosniff
      x-ms-arm-service-request-id:
      - 1723b032-8ac2-4c48-bae8-e62551f30191
    status:
      code: 200
      message: OK
- request:
    body: null
    headers:
      Accept:
      - application/json
      Accept-Encoding:
      - gzip, deflate
      CommandName:
      - network vnet subnet create
      Connection:
      - keep-alive
      ParameterSetName:
      - -g --vnet-name --name --address-prefixes --service-endpoints
      User-Agent:
      - AZURECLI/2.34.1 azsdk-python-azure-mgmt-network/19.3.0 Python/3.8.7 (Windows-10-10.0.22000-SP0)
    method: GET
    uri: https://management.azure.com/subscriptions/00000000-0000-0000-0000-000000000000/resourceGroups/cli_test_keyvault_network_rule000001/providers/Microsoft.Network/virtualNetworks/cli-test-vnet-000010?api-version=2021-05-01
  response:
    body:
      string: "{\r\n  \"name\": \"cli-test-vnet-000010\",\r\n  \"id\": \"/subscriptions/00000000-0000-0000-0000-000000000000/resourceGroups/cli_test_keyvault_network_rule000001/providers/Microsoft.Network/virtualNetworks/cli-test-vnet-000010\",\r\n
        \ \"etag\": \"W/\\\"4853a4e2-f077-4c1c-962a-fb4631675b8a\\\"\",\r\n  \"type\":
        \"Microsoft.Network/virtualNetworks\",\r\n  \"location\": \"eastus2\",\r\n
        \ \"tags\": {},\r\n  \"properties\": {\r\n    \"provisioningState\": \"Succeeded\",\r\n
        \   \"resourceGuid\": \"40b3b131-7a00-4c91-a067-65af1f7afe91\",\r\n    \"addressSpace\":
        {\r\n      \"addressPrefixes\": [\r\n        \"10.0.0.0/16\"\r\n      ]\r\n
        \   },\r\n    \"dhcpOptions\": {\r\n      \"dnsServers\": []\r\n    },\r\n
        \   \"subnets\": [],\r\n    \"virtualNetworkPeerings\": [],\r\n    \"enableDdosProtection\":
        false\r\n  }\r\n}"
    headers:
      cache-control:
      - no-cache
      content-length:
      - '725'
      content-type:
      - application/json; charset=utf-8
      date:
      - Mon, 14 Mar 2022 08:53:15 GMT
      etag:
      - W/"4853a4e2-f077-4c1c-962a-fb4631675b8a"
      expires:
      - '-1'
      pragma:
      - no-cache
      server:
      - Microsoft-HTTPAPI/2.0
      - Microsoft-HTTPAPI/2.0
      strict-transport-security:
      - max-age=31536000; includeSubDomains
      transfer-encoding:
      - chunked
      vary:
      - Accept-Encoding
      x-content-type-options:
      - nosniff
      x-ms-arm-service-request-id:
      - 55414cee-692a-404e-9260-1de29cc3c5c4
    status:
      code: 200
      message: OK
- request:
    body: '{"id": "/subscriptions/00000000-0000-0000-0000-000000000000/resourceGroups/cli_test_keyvault_network_rule000001/providers/Microsoft.Network/virtualNetworks/cli-test-vnet-000010",
      "location": "eastus2", "tags": {}, "properties": {"addressSpace": {"addressPrefixes":
      ["10.0.0.0/16"]}, "dhcpOptions": {"dnsServers": []}, "subnets": [{"name": "cli-test-subnet-000013",
      "properties": {"addressPrefix": "10.0.0.0/21", "serviceEndpoints": [{"service":
      "Microsoft.KeyVault"}], "privateEndpointNetworkPolicies": "Enabled", "privateLinkServiceNetworkPolicies":
      "Enabled"}}], "virtualNetworkPeerings": [], "enableDdosProtection": false}}'
    headers:
      Accept:
      - application/json
      Accept-Encoding:
      - gzip, deflate
      CommandName:
      - network vnet subnet create
      Connection:
      - keep-alive
      Content-Length:
      - '626'
      Content-Type:
      - application/json
      ParameterSetName:
      - -g --vnet-name --name --address-prefixes --service-endpoints
      User-Agent:
      - AZURECLI/2.34.1 azsdk-python-azure-mgmt-network/19.3.0 Python/3.8.7 (Windows-10-10.0.22000-SP0)
    method: PUT
    uri: https://management.azure.com/subscriptions/00000000-0000-0000-0000-000000000000/resourceGroups/cli_test_keyvault_network_rule000001/providers/Microsoft.Network/virtualNetworks/cli-test-vnet-000010?api-version=2021-05-01
  response:
    body:
      string: "{\r\n  \"name\": \"cli-test-vnet-000010\",\r\n  \"id\": \"/subscriptions/00000000-0000-0000-0000-000000000000/resourceGroups/cli_test_keyvault_network_rule000001/providers/Microsoft.Network/virtualNetworks/cli-test-vnet-000010\",\r\n
        \ \"etag\": \"W/\\\"98623d11-bb40-49e5-ab01-8ba38717c8b3\\\"\",\r\n  \"type\":
        \"Microsoft.Network/virtualNetworks\",\r\n  \"location\": \"eastus2\",\r\n
        \ \"tags\": {},\r\n  \"properties\": {\r\n    \"provisioningState\": \"Updating\",\r\n
        \   \"resourceGuid\": \"40b3b131-7a00-4c91-a067-65af1f7afe91\",\r\n    \"addressSpace\":
        {\r\n      \"addressPrefixes\": [\r\n        \"10.0.0.0/16\"\r\n      ]\r\n
        \   },\r\n    \"dhcpOptions\": {\r\n      \"dnsServers\": []\r\n    },\r\n
        \   \"subnets\": [\r\n      {\r\n        \"name\": \"cli-test-subnet-000013\",\r\n
        \       \"id\": \"/subscriptions/00000000-0000-0000-0000-000000000000/resourceGroups/cli_test_keyvault_network_rule000001/providers/Microsoft.Network/virtualNetworks/cli-test-vnet-000010/subnets/cli-test-subnet-000013\",\r\n
        \       \"etag\": \"W/\\\"98623d11-bb40-49e5-ab01-8ba38717c8b3\\\"\",\r\n
        \       \"properties\": {\r\n          \"provisioningState\": \"Updating\",\r\n
        \         \"addressPrefix\": \"10.0.0.0/21\",\r\n          \"serviceEndpoints\":
        [\r\n            {\r\n              \"provisioningState\": \"Updating\",\r\n
        \             \"service\": \"Microsoft.KeyVault\",\r\n              \"locations\":
        [\r\n                \"*\"\r\n              ]\r\n            }\r\n          ],\r\n
        \         \"delegations\": [],\r\n          \"privateEndpointNetworkPolicies\":
        \"Enabled\",\r\n          \"privateLinkServiceNetworkPolicies\": \"Enabled\"\r\n
        \       },\r\n        \"type\": \"Microsoft.Network/virtualNetworks/subnets\"\r\n
        \     }\r\n    ],\r\n    \"virtualNetworkPeerings\": [],\r\n    \"enableDdosProtection\":
        false\r\n  }\r\n}"
    headers:
      azure-asyncnotification:
      - Enabled
      azure-asyncoperation:
      - https://management.azure.com/subscriptions/00000000-0000-0000-0000-000000000000/providers/Microsoft.Network/locations/eastus2/operations/f6874528-3ecc-4791-9935-06d6c9779e28?api-version=2021-05-01
      cache-control:
      - no-cache
      content-length:
      - '1642'
      content-type:
      - application/json; charset=utf-8
      date:
      - Mon, 14 Mar 2022 08:53:17 GMT
      expires:
      - '-1'
      pragma:
      - no-cache
      server:
      - Microsoft-HTTPAPI/2.0
      - Microsoft-HTTPAPI/2.0
      strict-transport-security:
      - max-age=31536000; includeSubDomains
      transfer-encoding:
      - chunked
      vary:
      - Accept-Encoding
      x-content-type-options:
      - nosniff
      x-ms-arm-service-request-id:
      - d0f44fb7-261c-4076-b9fa-d728d7f20117
      x-ms-ratelimit-remaining-subscription-writes:
      - '1198'
    status:
      code: 200
      message: OK
- request:
    body: null
    headers:
      Accept:
      - '*/*'
      Accept-Encoding:
      - gzip, deflate
      CommandName:
      - network vnet subnet create
      Connection:
      - keep-alive
      ParameterSetName:
      - -g --vnet-name --name --address-prefixes --service-endpoints
      User-Agent:
      - AZURECLI/2.34.1 azsdk-python-azure-mgmt-network/19.3.0 Python/3.8.7 (Windows-10-10.0.22000-SP0)
    method: GET
    uri: https://management.azure.com/subscriptions/00000000-0000-0000-0000-000000000000/providers/Microsoft.Network/locations/eastus2/operations/f6874528-3ecc-4791-9935-06d6c9779e28?api-version=2021-05-01
  response:
    body:
      string: "{\r\n  \"status\": \"Succeeded\"\r\n}"
    headers:
      cache-control:
      - no-cache
      content-length:
      - '29'
      content-type:
      - application/json; charset=utf-8
      date:
      - Mon, 14 Mar 2022 08:53:20 GMT
      expires:
      - '-1'
      pragma:
      - no-cache
      server:
      - Microsoft-HTTPAPI/2.0
      - Microsoft-HTTPAPI/2.0
      strict-transport-security:
      - max-age=31536000; includeSubDomains
      transfer-encoding:
      - chunked
      vary:
      - Accept-Encoding
      x-content-type-options:
      - nosniff
      x-ms-arm-service-request-id:
      - 4ed7e12f-044c-4d78-9670-ac533a912b9c
    status:
      code: 200
      message: OK
- request:
    body: null
    headers:
      Accept:
      - '*/*'
      Accept-Encoding:
      - gzip, deflate
      CommandName:
      - network vnet subnet create
      Connection:
      - keep-alive
      ParameterSetName:
      - -g --vnet-name --name --address-prefixes --service-endpoints
      User-Agent:
      - AZURECLI/2.34.1 azsdk-python-azure-mgmt-network/19.3.0 Python/3.8.7 (Windows-10-10.0.22000-SP0)
    method: GET
    uri: https://management.azure.com/subscriptions/00000000-0000-0000-0000-000000000000/resourceGroups/cli_test_keyvault_network_rule000001/providers/Microsoft.Network/virtualNetworks/cli-test-vnet-000010?api-version=2021-05-01
  response:
    body:
      string: "{\r\n  \"name\": \"cli-test-vnet-000010\",\r\n  \"id\": \"/subscriptions/00000000-0000-0000-0000-000000000000/resourceGroups/cli_test_keyvault_network_rule000001/providers/Microsoft.Network/virtualNetworks/cli-test-vnet-000010\",\r\n
        \ \"etag\": \"W/\\\"06d92be5-93a4-4852-8f7b-4b66f4ca776a\\\"\",\r\n  \"type\":
        \"Microsoft.Network/virtualNetworks\",\r\n  \"location\": \"eastus2\",\r\n
        \ \"tags\": {},\r\n  \"properties\": {\r\n    \"provisioningState\": \"Succeeded\",\r\n
        \   \"resourceGuid\": \"40b3b131-7a00-4c91-a067-65af1f7afe91\",\r\n    \"addressSpace\":
        {\r\n      \"addressPrefixes\": [\r\n        \"10.0.0.0/16\"\r\n      ]\r\n
        \   },\r\n    \"dhcpOptions\": {\r\n      \"dnsServers\": []\r\n    },\r\n
        \   \"subnets\": [\r\n      {\r\n        \"name\": \"cli-test-subnet-000013\",\r\n
        \       \"id\": \"/subscriptions/00000000-0000-0000-0000-000000000000/resourceGroups/cli_test_keyvault_network_rule000001/providers/Microsoft.Network/virtualNetworks/cli-test-vnet-000010/subnets/cli-test-subnet-000013\",\r\n
        \       \"etag\": \"W/\\\"06d92be5-93a4-4852-8f7b-4b66f4ca776a\\\"\",\r\n
        \       \"properties\": {\r\n          \"provisioningState\": \"Succeeded\",\r\n
        \         \"addressPrefix\": \"10.0.0.0/21\",\r\n          \"serviceEndpoints\":
        [\r\n            {\r\n              \"provisioningState\": \"Succeeded\",\r\n
        \             \"service\": \"Microsoft.KeyVault\",\r\n              \"locations\":
        [\r\n                \"*\"\r\n              ]\r\n            }\r\n          ],\r\n
        \         \"delegations\": [],\r\n          \"privateEndpointNetworkPolicies\":
        \"Enabled\",\r\n          \"privateLinkServiceNetworkPolicies\": \"Enabled\"\r\n
        \       },\r\n        \"type\": \"Microsoft.Network/virtualNetworks/subnets\"\r\n
        \     }\r\n    ],\r\n    \"virtualNetworkPeerings\": [],\r\n    \"enableDdosProtection\":
        false\r\n  }\r\n}"
    headers:
      cache-control:
      - no-cache
      content-length:
      - '1645'
      content-type:
      - application/json; charset=utf-8
      date:
      - Mon, 14 Mar 2022 08:53:21 GMT
      etag:
      - W/"06d92be5-93a4-4852-8f7b-4b66f4ca776a"
      expires:
      - '-1'
      pragma:
      - no-cache
      server:
      - Microsoft-HTTPAPI/2.0
      - Microsoft-HTTPAPI/2.0
      strict-transport-security:
      - max-age=31536000; includeSubDomains
      transfer-encoding:
      - chunked
      vary:
      - Accept-Encoding
      x-content-type-options:
      - nosniff
      x-ms-arm-service-request-id:
      - 43b0a961-892b-465c-b6aa-994baa501452
    status:
      code: 200
      message: OK
- request:
    body: null
    headers:
      Accept:
      - application/json
      Accept-Encoding:
      - gzip, deflate
      CommandName:
      - network vnet subnet show
      Connection:
      - keep-alive
      ParameterSetName:
      - -g --vnet-name --name
      User-Agent:
      - AZURECLI/2.34.1 azsdk-python-azure-mgmt-network/19.3.0 Python/3.8.7 (Windows-10-10.0.22000-SP0)
    method: GET
    uri: https://management.azure.com/subscriptions/00000000-0000-0000-0000-000000000000/resourceGroups/cli_test_keyvault_network_rule000001/providers/Microsoft.Network/virtualNetworks/cli-test-vnet-000010/subnets/cli-test-subnet-000013?api-version=2021-05-01
  response:
    body:
      string: "{\r\n  \"name\": \"cli-test-subnet-000013\",\r\n  \"id\": \"/subscriptions/00000000-0000-0000-0000-000000000000/resourceGroups/cli_test_keyvault_network_rule000001/providers/Microsoft.Network/virtualNetworks/cli-test-vnet-000010/subnets/cli-test-subnet-000013\",\r\n
        \ \"etag\": \"W/\\\"06d92be5-93a4-4852-8f7b-4b66f4ca776a\\\"\",\r\n  \"properties\":
        {\r\n    \"provisioningState\": \"Succeeded\",\r\n    \"addressPrefix\": \"10.0.0.0/21\",\r\n
        \   \"serviceEndpoints\": [\r\n      {\r\n        \"provisioningState\": \"Succeeded\",\r\n
        \       \"service\": \"Microsoft.KeyVault\",\r\n        \"locations\": [\r\n
        \         \"*\"\r\n        ]\r\n      }\r\n    ],\r\n    \"delegations\":
        [],\r\n    \"privateEndpointNetworkPolicies\": \"Enabled\",\r\n    \"privateLinkServiceNetworkPolicies\":
        \"Enabled\"\r\n  },\r\n  \"type\": \"Microsoft.Network/virtualNetworks/subnets\"\r\n}"
    headers:
      cache-control:
      - no-cache
      content-length:
      - '780'
      content-type:
      - application/json; charset=utf-8
      date:
      - Mon, 14 Mar 2022 08:53:23 GMT
      etag:
      - W/"06d92be5-93a4-4852-8f7b-4b66f4ca776a"
      expires:
      - '-1'
      pragma:
      - no-cache
      server:
      - Microsoft-HTTPAPI/2.0
      - Microsoft-HTTPAPI/2.0
      strict-transport-security:
      - max-age=31536000; includeSubDomains
      transfer-encoding:
      - chunked
      vary:
      - Accept-Encoding
      x-content-type-options:
      - nosniff
      x-ms-arm-service-request-id:
      - ad4cf1f9-0cb9-4c59-abd8-6833787e3341
    status:
      code: 200
      message: OK
- request:
    body: null
    headers:
      Accept:
      - application/json
      Accept-Encoding:
      - gzip, deflate
      CommandName:
      - keyvault create
      Connection:
      - keep-alive
      ParameterSetName:
      - -n -l -g --network-acls-ips --network-acls-vnets
      User-Agent:
      - AZURECLI/2.34.1 azsdk-python-azure-mgmt-keyvault/9.3.0 Python/3.8.7 (Windows-10-10.0.22000-SP0)
    method: GET
    uri: https://management.azure.com/subscriptions/00000000-0000-0000-0000-000000000000/resourceGroups/cli_test_keyvault_network_rule000001/providers/Microsoft.KeyVault/vaults/cli-test-kv-nr-000005?api-version=2021-06-01-preview
  response:
    body:
      string: '{"error":{"code":"ResourceNotFound","message":"The Resource ''Microsoft.KeyVault/vaults/cli-test-kv-nr-000005''
        under resource group ''cli_test_keyvault_network_rule000001'' was not found.
        For more details please go to https://aka.ms/ARMResourceNotFoundFix"}}'
    headers:
      cache-control:
      - no-cache
      content-length:
      - '255'
      content-type:
      - application/json; charset=utf-8
      date:
      - Mon, 14 Mar 2022 08:53:26 GMT
      expires:
      - '-1'
      pragma:
      - no-cache
      strict-transport-security:
      - max-age=31536000; includeSubDomains
      x-content-type-options:
      - nosniff
      x-ms-failure-cause:
      - gateway
    status:
      code: 404
      message: Not Found
- request:
    body: null
    headers:
      Accept:
      - application/json
      Accept-Encoding:
      - gzip, deflate
      Connection:
      - keep-alive
      User-Agent:
      - python/3.8.7 (Windows-10-10.0.22000-SP0) msrest/0.6.21 msrest_azure/0.6.4
        azure-graphrbac/0.60.0 Azure-SDK-For-Python
      accept-language:
      - en-US
    method: GET
    uri: https://graph.windows.net/00000000-0000-0000-0000-000000000000/me?api-version=1.6
  response:
    body:
      string: '{"odata.metadata":"https://graph.windows.net/00000000-0000-0000-0000-000000000000/$metadata#directoryObjects/@Element","odata.type":"Microsoft.DirectoryServices.User","objectType":"User","objectId":"b05a9d3b-71ea-4346-8682-c1800dec2d07","deletionTimestamp":null,"accountEnabled":true,"ageGroup":null,"assignedLicenses":[],"assignedPlans":[],"city":null,"companyName":null,"consentProvidedForMinor":null,"country":null,"createdDateTime":"2022-02-16T02:24:04Z","creationType":"Invitation","department":null,"dirSyncEnabled":null,"displayName":"Jonie
        Liu (Shanghai Wicresoft Co,.Ltd.)","employeeId":null,"facsimileTelephoneNumber":null,"givenName":null,"immutableId":null,"isCompromised":null,"jobTitle":null,"lastDirSyncTime":null,"legalAgeGroupClassification":null,"mail":"v-jonieliu@microsoft.com","mailNickname":"v-jonieliu_microsoft.com#EXT#","mobile":null,"onPremisesDistinguishedName":null,"onPremisesSecurityIdentifier":null,"otherMails":["v-jonieliu@microsoft.com"],"passwordPolicies":null,"passwordProfile":null,"physicalDeliveryOfficeName":null,"postalCode":null,"preferredLanguage":null,"provisionedPlans":[],"provisioningErrors":[],"proxyAddresses":["SMTP:v-jonieliu@microsoft.com"],"refreshTokensValidFromDateTime":"2022-02-16T02:24:04Z","showInAddressList":false,"signInNames":[],"sipProxyAddress":null,"state":null,"streetAddress":null,"surname":null,"telephoneNumber":null,"thumbnailPhoto@odata.mediaEditLink":"directoryObjects/b05a9d3b-71ea-4346-8682-c1800dec2d07/Microsoft.DirectoryServices.User/thumbnailPhoto","usageLocation":null,"userIdentities":[],"userPrincipalName":"v-jonieliu_microsoft.com#EXT#@AzureSDKTeam.onmicrosoft.com","userState":"Accepted","userStateChangedOn":"2022-02-16T02:50:18Z","userType":"Guest"}'
    headers:
      access-control-allow-origin:
      - '*'
      cache-control:
      - no-cache
      content-length:
      - '1736'
      content-type:
      - application/json; odata=minimalmetadata; streaming=true; charset=utf-8
      dataserviceversion:
      - 3.0;
      date:
      - Mon, 14 Mar 2022 08:53:27 GMT
      duration:
      - '2764182'
      expires:
      - '-1'
      ocp-aad-diagnostics-server-name:
      - ofllibJ8WkN4Vuo8AKunXeyTWc34nAQRYis31RMuN90=
      ocp-aad-session-key:
      - ByMHXDSEq-ThJuAHvYynU9cOG8C05X2Gm8thA461WR30i3orOcnTxVEDsZMATsOaI69vEpUtZSWehBn2LfYMTWrHXPXNhg40leJLPsx5Vl-bEU0LfiAvmj1dKBZy372l.MMkN77pZXQYZSZeqnj7xGgsEiD8epbF9aq7SLLHipDU
      pragma:
      - no-cache
      request-id:
      - f109a52a-f6a5-4cc3-b32e-8f91405538bc
      strict-transport-security:
      - max-age=31536000; includeSubDomains
      x-aspnet-version:
      - 4.0.30319
      x-ms-dirapi-data-contract-version:
      - '1.6'
      x-ms-resource-unit:
      - '1'
      x-powered-by:
      - ASP.NET
    status:
      code: 200
      message: OK
- request:
    body: '{"location": "eastus2", "properties": {"tenantId": "54826b22-38d6-4fb2-bad9-b7b93a3e9c5a",
      "sku": {"family": "A", "name": "standard"}, "accessPolicies": [{"tenantId":
      "54826b22-38d6-4fb2-bad9-b7b93a3e9c5a", "objectId": "b05a9d3b-71ea-4346-8682-c1800dec2d07",
      "permissions": {"keys": ["all"], "secrets": ["all"], "certificates": ["all"],
      "storage": ["all"]}}], "softDeleteRetentionInDays": 90, "networkAcls": {"bypass":
      "AzureServices", "defaultAction": "Allow", "ipRules": [{"value": "3.4.5.0/24"},
      {"value": "4.5.0.0/16"}], "virtualNetworkRules": [{"id": "/subscriptions/00000000-0000-0000-0000-000000000000/resourcegroups/cli_test_keyvault_network_rule000001/providers/microsoft.network/virtualnetworks/cli-test-vnet-000009/subnets/cli-test-subnet-000012"},
      {"id": "/subscriptions/00000000-0000-0000-0000-000000000000/resourceGroups/cli_test_keyvault_network_rule000001/providers/Microsoft.Network/virtualNetworks/cli-test-vnet-000010/subnets/cli-test-subnet-000013"}]}}}'
    headers:
      Accept:
      - application/json
      Accept-Encoding:
      - gzip, deflate
      CommandName:
      - keyvault create
      Connection:
      - keep-alive
      Content-Length:
      - '973'
      Content-Type:
      - application/json
      ParameterSetName:
      - -n -l -g --network-acls-ips --network-acls-vnets
      User-Agent:
      - AZURECLI/2.34.1 azsdk-python-azure-mgmt-keyvault/9.3.0 Python/3.8.7 (Windows-10-10.0.22000-SP0)
    method: PUT
    uri: https://management.azure.com/subscriptions/00000000-0000-0000-0000-000000000000/resourceGroups/cli_test_keyvault_network_rule000001/providers/Microsoft.KeyVault/vaults/cli-test-kv-nr-000005?api-version=2021-06-01-preview
  response:
    body:
      string: '{"id":"/subscriptions/00000000-0000-0000-0000-000000000000/resourceGroups/cli_test_keyvault_network_rule000001/providers/Microsoft.KeyVault/vaults/cli-test-kv-nr-000005","name":"cli-test-kv-nr-000005","type":"Microsoft.KeyVault/vaults","location":"eastus2","tags":{},"systemData":{"createdBy":"v-jonieliu@microsoft.com","createdByType":"User","createdAt":"2022-03-14T08:53:34.094Z","lastModifiedBy":"v-jonieliu@microsoft.com","lastModifiedByType":"User","lastModifiedAt":"2022-03-14T08:53:34.094Z"},"properties":{"sku":{"family":"A","name":"standard"},"tenantId":"54826b22-38d6-4fb2-bad9-b7b93a3e9c5a","networkAcls":{"bypass":"AzureServices","defaultAction":"Allow","ipRules":[{"value":"3.4.5.0/24"},{"value":"4.5.0.0/16"}],"virtualNetworkRules":[{"id":"/subscriptions/00000000-0000-0000-0000-000000000000/resourcegroups/cli_test_keyvault_network_rule000001/providers/microsoft.network/virtualnetworks/cli-test-vnet-000009/subnets/cli-test-subnet-000012"},{"id":"/subscriptions/00000000-0000-0000-0000-000000000000/resourcegroups/cli_test_keyvault_network_rule000001/providers/microsoft.network/virtualnetworks/cli-test-vnet-000010/subnets/cli-test-subnet-000013"}]},"accessPolicies":[{"tenantId":"54826b22-38d6-4fb2-bad9-b7b93a3e9c5a","objectId":"b05a9d3b-71ea-4346-8682-c1800dec2d07","permissions":{"keys":["all"],"secrets":["all"],"certificates":["all"],"storage":["all"]}}],"enabledForDeployment":false,"enableSoftDelete":true,"softDeleteRetentionInDays":90,"vaultUri":"https://cli-test-kv-nr-000005.vault.azure.net","provisioningState":"RegisteringDns","publicNetworkAccess":"Enabled"}}'
    headers:
      cache-control:
      - no-cache
      content-length:
      - '1591'
      content-type:
      - application/json; charset=utf-8
      date:
      - Mon, 14 Mar 2022 08:53:39 GMT
      expires:
      - '-1'
      pragma:
      - no-cache
      server:
      - Microsoft-IIS/10.0
      strict-transport-security:
      - max-age=31536000; includeSubDomains
      transfer-encoding:
      - chunked
      vary:
      - Accept-Encoding
      x-aspnet-version:
      - 4.0.30319
      x-content-type-options:
      - nosniff
      x-ms-keyvault-service-version:
      - 1.5.308.0
      x-ms-ratelimit-remaining-subscription-writes:
      - '1197'
    status:
      code: 200
      message: OK
- request:
    body: null
    headers:
      Accept:
      - '*/*'
      Accept-Encoding:
      - gzip, deflate
      CommandName:
      - keyvault create
      Connection:
      - keep-alive
      ParameterSetName:
      - -n -l -g --network-acls-ips --network-acls-vnets
      User-Agent:
      - AZURECLI/2.34.1 azsdk-python-azure-mgmt-keyvault/9.3.0 Python/3.8.7 (Windows-10-10.0.22000-SP0)
    method: GET
    uri: https://management.azure.com/subscriptions/00000000-0000-0000-0000-000000000000/resourceGroups/cli_test_keyvault_network_rule000001/providers/Microsoft.KeyVault/vaults/cli-test-kv-nr-000005?api-version=2021-06-01-preview
  response:
    body:
      string: '{"id":"/subscriptions/00000000-0000-0000-0000-000000000000/resourceGroups/cli_test_keyvault_network_rule000001/providers/Microsoft.KeyVault/vaults/cli-test-kv-nr-000005","name":"cli-test-kv-nr-000005","type":"Microsoft.KeyVault/vaults","location":"eastus2","tags":{},"systemData":{"createdBy":"v-jonieliu@microsoft.com","createdByType":"User","createdAt":"2022-03-14T08:53:34.094Z","lastModifiedBy":"v-jonieliu@microsoft.com","lastModifiedByType":"User","lastModifiedAt":"2022-03-14T08:53:34.094Z"},"properties":{"sku":{"family":"A","name":"standard"},"tenantId":"54826b22-38d6-4fb2-bad9-b7b93a3e9c5a","networkAcls":{"bypass":"AzureServices","defaultAction":"Allow","ipRules":[{"value":"3.4.5.0/24"},{"value":"4.5.0.0/16"}],"virtualNetworkRules":[{"id":"/subscriptions/00000000-0000-0000-0000-000000000000/resourcegroups/cli_test_keyvault_network_rule000001/providers/microsoft.network/virtualnetworks/cli-test-vnet-000009/subnets/cli-test-subnet-000012"},{"id":"/subscriptions/00000000-0000-0000-0000-000000000000/resourcegroups/cli_test_keyvault_network_rule000001/providers/microsoft.network/virtualnetworks/cli-test-vnet-000010/subnets/cli-test-subnet-000013"}]},"accessPolicies":[{"tenantId":"54826b22-38d6-4fb2-bad9-b7b93a3e9c5a","objectId":"b05a9d3b-71ea-4346-8682-c1800dec2d07","permissions":{"keys":["all"],"secrets":["all"],"certificates":["all"],"storage":["all"]}}],"enabledForDeployment":false,"enableSoftDelete":true,"softDeleteRetentionInDays":90,"vaultUri":"https://cli-test-kv-nr-000005.vault.azure.net/","provisioningState":"Succeeded","publicNetworkAccess":"Enabled"}}'
    headers:
      cache-control:
      - no-cache
      content-length:
      - '1587'
      content-type:
      - application/json; charset=utf-8
      date:
      - Mon, 14 Mar 2022 08:54:09 GMT
      expires:
      - '-1'
      pragma:
      - no-cache
      server:
      - Microsoft-IIS/10.0
      strict-transport-security:
      - max-age=31536000; includeSubDomains
      transfer-encoding:
      - chunked
      vary:
      - Accept-Encoding
      x-aspnet-version:
      - 4.0.30319
      x-content-type-options:
      - nosniff
      x-ms-keyvault-service-version:
      - 1.5.308.0
    status:
      code: 200
      message: OK
- request:
    body: null
    headers:
      Accept:
      - application/json
      Accept-Encoding:
      - gzip, deflate
      CommandName:
      - keyvault create
      Connection:
      - keep-alive
      ParameterSetName:
      - -n -l -g --network-acls --network-acls-ips --network-acls-vnets
      User-Agent:
      - AZURECLI/2.34.1 azsdk-python-azure-mgmt-keyvault/9.3.0 Python/3.8.7 (Windows-10-10.0.22000-SP0)
    method: GET
    uri: https://management.azure.com/subscriptions/00000000-0000-0000-0000-000000000000/resourceGroups/cli_test_keyvault_network_rule000001/providers/Microsoft.KeyVault/vaults/cli-test-kv-nr-000006?api-version=2021-06-01-preview
  response:
    body:
      string: '{"error":{"code":"ResourceNotFound","message":"The Resource ''Microsoft.KeyVault/vaults/cli-test-kv-nr-000006''
        under resource group ''cli_test_keyvault_network_rule000001'' was not found.
        For more details please go to https://aka.ms/ARMResourceNotFoundFix"}}'
    headers:
      cache-control:
      - no-cache
      content-length:
      - '255'
      content-type:
      - application/json; charset=utf-8
      date:
      - Mon, 14 Mar 2022 08:54:11 GMT
      expires:
      - '-1'
      pragma:
      - no-cache
      strict-transport-security:
      - max-age=31536000; includeSubDomains
      x-content-type-options:
      - nosniff
      x-ms-failure-cause:
      - gateway
    status:
      code: 404
      message: Not Found
- request:
    body: null
    headers:
      Accept:
      - application/json
      Accept-Encoding:
      - gzip, deflate
      Connection:
      - keep-alive
      User-Agent:
      - python/3.8.7 (Windows-10-10.0.22000-SP0) msrest/0.6.21 msrest_azure/0.6.4
        azure-graphrbac/0.60.0 Azure-SDK-For-Python
      accept-language:
      - en-US
    method: GET
    uri: https://graph.windows.net/00000000-0000-0000-0000-000000000000/me?api-version=1.6
  response:
    body:
      string: '{"odata.metadata":"https://graph.windows.net/00000000-0000-0000-0000-000000000000/$metadata#directoryObjects/@Element","odata.type":"Microsoft.DirectoryServices.User","objectType":"User","objectId":"b05a9d3b-71ea-4346-8682-c1800dec2d07","deletionTimestamp":null,"accountEnabled":true,"ageGroup":null,"assignedLicenses":[],"assignedPlans":[],"city":null,"companyName":null,"consentProvidedForMinor":null,"country":null,"createdDateTime":"2022-02-16T02:24:04Z","creationType":"Invitation","department":null,"dirSyncEnabled":null,"displayName":"Jonie
        Liu (Shanghai Wicresoft Co,.Ltd.)","employeeId":null,"facsimileTelephoneNumber":null,"givenName":null,"immutableId":null,"isCompromised":null,"jobTitle":null,"lastDirSyncTime":null,"legalAgeGroupClassification":null,"mail":"v-jonieliu@microsoft.com","mailNickname":"v-jonieliu_microsoft.com#EXT#","mobile":null,"onPremisesDistinguishedName":null,"onPremisesSecurityIdentifier":null,"otherMails":["v-jonieliu@microsoft.com"],"passwordPolicies":null,"passwordProfile":null,"physicalDeliveryOfficeName":null,"postalCode":null,"preferredLanguage":null,"provisionedPlans":[],"provisioningErrors":[],"proxyAddresses":["SMTP:v-jonieliu@microsoft.com"],"refreshTokensValidFromDateTime":"2022-02-16T02:24:04Z","showInAddressList":false,"signInNames":[],"sipProxyAddress":null,"state":null,"streetAddress":null,"surname":null,"telephoneNumber":null,"thumbnailPhoto@odata.mediaEditLink":"directoryObjects/b05a9d3b-71ea-4346-8682-c1800dec2d07/Microsoft.DirectoryServices.User/thumbnailPhoto","usageLocation":null,"userIdentities":[],"userPrincipalName":"v-jonieliu_microsoft.com#EXT#@AzureSDKTeam.onmicrosoft.com","userState":"Accepted","userStateChangedOn":"2022-02-16T02:50:18Z","userType":"Guest"}'
    headers:
      access-control-allow-origin:
      - '*'
      cache-control:
      - no-cache
      content-length:
      - '1736'
      content-type:
      - application/json; odata=minimalmetadata; streaming=true; charset=utf-8
      dataserviceversion:
      - 3.0;
      date:
      - Mon, 14 Mar 2022 08:54:13 GMT
      duration:
      - '14077860'
      expires:
      - '-1'
      ocp-aad-diagnostics-server-name:
      - sS4J+hxzDunvUR++kGgcXQlbk05x3KmzwIuC6VvITJo=
      ocp-aad-session-key:
      - k2hbIhOQm473ioJLiwUz3wuw5Ue4qhF9NAoFu_O4Zehg-uajXbaFlk3orKj2qGOG5isIt4sBkUiz9yX4nLaxYmEwhA--cURPb3lJ2tG1LT_SDVHN91IMuPmtaw-Nk0r_.x_fGBLSjCpfH_V2tu1axmwDd6y-aTGfBiA66EjYyLhE
      pragma:
      - no-cache
      request-id:
      - dfd68267-f117-4e1e-bb96-978284bb060f
      strict-transport-security:
      - max-age=31536000; includeSubDomains
      x-aspnet-version:
      - 4.0.30319
      x-ms-dirapi-data-contract-version:
      - '1.6'
      x-ms-resource-unit:
      - '1'
      x-powered-by:
      - ASP.NET
    status:
      code: 200
      message: OK
- request:
    body: '{"location": "eastus2", "properties": {"tenantId": "54826b22-38d6-4fb2-bad9-b7b93a3e9c5a",
      "sku": {"family": "A", "name": "standard"}, "accessPolicies": [{"tenantId":
      "54826b22-38d6-4fb2-bad9-b7b93a3e9c5a", "objectId": "b05a9d3b-71ea-4346-8682-c1800dec2d07",
      "permissions": {"keys": ["all"], "secrets": ["all"], "certificates": ["all"],
      "storage": ["all"]}}], "softDeleteRetentionInDays": 90, "networkAcls": {"bypass":
      "AzureServices", "defaultAction": "Allow", "ipRules": [{"value": "1.2.3.4/32"},
      {"value": "2.3.4.0/24"}, {"value": "3.4.5.0/24"}, {"value": "4.5.0.0/16"}],
      "virtualNetworkRules": [{"id": "/subscriptions/00000000-0000-0000-0000-000000000000/resourcegroups/cli_test_keyvault_network_rule000001/providers/microsoft.network/virtualnetworks/cli-test-vnet-000008/subnets/cli-test-subnet-000011"},
      {"id": "/subscriptions/00000000-0000-0000-0000-000000000000/resourcegroups/cli_test_keyvault_network_rule000001/providers/microsoft.network/virtualnetworks/cli-test-vnet-000009/subnets/cli-test-subnet-000012"},
      {"id": "/subscriptions/00000000-0000-0000-0000-000000000000/resourceGroups/cli_test_keyvault_network_rule000001/providers/Microsoft.Network/virtualNetworks/cli-test-vnet-000010/subnets/cli-test-subnet-000013"}]}}}'
    headers:
      Accept:
      - application/json
      Accept-Encoding:
      - gzip, deflate
      CommandName:
      - keyvault create
      Connection:
      - keep-alive
      Content-Length:
      - '1234'
      Content-Type:
      - application/json
      ParameterSetName:
      - -n -l -g --network-acls --network-acls-ips --network-acls-vnets
      User-Agent:
      - AZURECLI/2.34.1 azsdk-python-azure-mgmt-keyvault/9.3.0 Python/3.8.7 (Windows-10-10.0.22000-SP0)
    method: PUT
    uri: https://management.azure.com/subscriptions/00000000-0000-0000-0000-000000000000/resourceGroups/cli_test_keyvault_network_rule000001/providers/Microsoft.KeyVault/vaults/cli-test-kv-nr-000006?api-version=2021-06-01-preview
  response:
    body:
      string: '{"id":"/subscriptions/00000000-0000-0000-0000-000000000000/resourceGroups/cli_test_keyvault_network_rule000001/providers/Microsoft.KeyVault/vaults/cli-test-kv-nr-000006","name":"cli-test-kv-nr-000006","type":"Microsoft.KeyVault/vaults","location":"eastus2","tags":{},"systemData":{"createdBy":"v-jonieliu@microsoft.com","createdByType":"User","createdAt":"2022-03-14T08:54:18.614Z","lastModifiedBy":"v-jonieliu@microsoft.com","lastModifiedByType":"User","lastModifiedAt":"2022-03-14T08:54:18.614Z"},"properties":{"sku":{"family":"A","name":"standard"},"tenantId":"54826b22-38d6-4fb2-bad9-b7b93a3e9c5a","networkAcls":{"bypass":"AzureServices","defaultAction":"Allow","ipRules":[{"value":"1.2.3.4/32"},{"value":"2.3.4.0/24"},{"value":"3.4.5.0/24"},{"value":"4.5.0.0/16"}],"virtualNetworkRules":[{"id":"/subscriptions/00000000-0000-0000-0000-000000000000/resourcegroups/cli_test_keyvault_network_rule000001/providers/microsoft.network/virtualnetworks/cli-test-vnet-000008/subnets/cli-test-subnet-000011"},{"id":"/subscriptions/00000000-0000-0000-0000-000000000000/resourcegroups/cli_test_keyvault_network_rule000001/providers/microsoft.network/virtualnetworks/cli-test-vnet-000009/subnets/cli-test-subnet-000012"},{"id":"/subscriptions/00000000-0000-0000-0000-000000000000/resourcegroups/cli_test_keyvault_network_rule000001/providers/microsoft.network/virtualnetworks/cli-test-vnet-000010/subnets/cli-test-subnet-000013"}]},"accessPolicies":[{"tenantId":"54826b22-38d6-4fb2-bad9-b7b93a3e9c5a","objectId":"b05a9d3b-71ea-4346-8682-c1800dec2d07","permissions":{"keys":["all"],"secrets":["all"],"certificates":["all"],"storage":["all"]}}],"enabledForDeployment":false,"enableSoftDelete":true,"softDeleteRetentionInDays":90,"vaultUri":"https://cli-test-kv-nr-000006.vault.azure.net","provisioningState":"RegisteringDns","publicNetworkAccess":"Enabled"}}'
    headers:
      cache-control:
      - no-cache
      content-length:
      - '1846'
      content-type:
      - application/json; charset=utf-8
      date:
      - Mon, 14 Mar 2022 08:54:22 GMT
      expires:
      - '-1'
      pragma:
      - no-cache
      server:
      - Microsoft-IIS/10.0
      strict-transport-security:
      - max-age=31536000; includeSubDomains
      transfer-encoding:
      - chunked
      vary:
      - Accept-Encoding
      x-aspnet-version:
      - 4.0.30319
      x-content-type-options:
      - nosniff
      x-ms-keyvault-service-version:
      - 1.5.308.0
      x-ms-ratelimit-remaining-subscription-writes:
      - '1197'
    status:
      code: 200
      message: OK
- request:
    body: null
    headers:
      Accept:
      - '*/*'
      Accept-Encoding:
      - gzip, deflate
      CommandName:
      - keyvault create
      Connection:
      - keep-alive
      ParameterSetName:
      - -n -l -g --network-acls --network-acls-ips --network-acls-vnets
      User-Agent:
      - AZURECLI/2.34.1 azsdk-python-azure-mgmt-keyvault/9.3.0 Python/3.8.7 (Windows-10-10.0.22000-SP0)
    method: GET
    uri: https://management.azure.com/subscriptions/00000000-0000-0000-0000-000000000000/resourceGroups/cli_test_keyvault_network_rule000001/providers/Microsoft.KeyVault/vaults/cli-test-kv-nr-000006?api-version=2021-06-01-preview
  response:
    body:
      string: '{"id":"/subscriptions/00000000-0000-0000-0000-000000000000/resourceGroups/cli_test_keyvault_network_rule000001/providers/Microsoft.KeyVault/vaults/cli-test-kv-nr-000006","name":"cli-test-kv-nr-000006","type":"Microsoft.KeyVault/vaults","location":"eastus2","tags":{},"systemData":{"createdBy":"v-jonieliu@microsoft.com","createdByType":"User","createdAt":"2022-03-14T08:54:18.614Z","lastModifiedBy":"v-jonieliu@microsoft.com","lastModifiedByType":"User","lastModifiedAt":"2022-03-14T08:54:18.614Z"},"properties":{"sku":{"family":"A","name":"standard"},"tenantId":"54826b22-38d6-4fb2-bad9-b7b93a3e9c5a","networkAcls":{"bypass":"AzureServices","defaultAction":"Allow","ipRules":[{"value":"1.2.3.4/32"},{"value":"2.3.4.0/24"},{"value":"3.4.5.0/24"},{"value":"4.5.0.0/16"}],"virtualNetworkRules":[{"id":"/subscriptions/00000000-0000-0000-0000-000000000000/resourcegroups/cli_test_keyvault_network_rule000001/providers/microsoft.network/virtualnetworks/cli-test-vnet-000008/subnets/cli-test-subnet-000011"},{"id":"/subscriptions/00000000-0000-0000-0000-000000000000/resourcegroups/cli_test_keyvault_network_rule000001/providers/microsoft.network/virtualnetworks/cli-test-vnet-000009/subnets/cli-test-subnet-000012"},{"id":"/subscriptions/00000000-0000-0000-0000-000000000000/resourcegroups/cli_test_keyvault_network_rule000001/providers/microsoft.network/virtualnetworks/cli-test-vnet-000010/subnets/cli-test-subnet-000013"}]},"accessPolicies":[{"tenantId":"54826b22-38d6-4fb2-bad9-b7b93a3e9c5a","objectId":"b05a9d3b-71ea-4346-8682-c1800dec2d07","permissions":{"keys":["all"],"secrets":["all"],"certificates":["all"],"storage":["all"]}}],"enabledForDeployment":false,"enableSoftDelete":true,"softDeleteRetentionInDays":90,"vaultUri":"https://cli-test-kv-nr-000006.vault.azure.net/","provisioningState":"Succeeded","publicNetworkAccess":"Enabled"}}'
    headers:
      cache-control:
      - no-cache
      content-length:
      - '1842'
      content-type:
      - application/json; charset=utf-8
      date:
      - Mon, 14 Mar 2022 08:54:52 GMT
      expires:
      - '-1'
      pragma:
      - no-cache
      server:
      - Microsoft-IIS/10.0
      strict-transport-security:
      - max-age=31536000; includeSubDomains
      transfer-encoding:
      - chunked
      vary:
      - Accept-Encoding
      x-aspnet-version:
      - 4.0.30319
      x-content-type-options:
      - nosniff
      x-ms-keyvault-service-version:
      - 1.5.308.0
    status:
      code: 200
      message: OK
- request:
    body: null
    headers:
      Accept:
      - application/json
      Accept-Encoding:
      - gzip, deflate
      CommandName:
      - keyvault create
      Connection:
      - keep-alive
      ParameterSetName:
      - -n -l -g --network-acls --network-acls-ips --network-acls-vnets
      User-Agent:
      - AZURECLI/2.34.1 azsdk-python-azure-mgmt-keyvault/9.3.0 Python/3.8.7 (Windows-10-10.0.22000-SP0)
    method: GET
    uri: https://management.azure.com/subscriptions/00000000-0000-0000-0000-000000000000/resourceGroups/cli_test_keyvault_network_rule000001/providers/Microsoft.KeyVault/vaults/cli-test-kv-nr-000007?api-version=2021-06-01-preview
  response:
    body:
      string: '{"error":{"code":"ResourceNotFound","message":"The Resource ''Microsoft.KeyVault/vaults/cli-test-kv-nr-000007''
        under resource group ''cli_test_keyvault_network_rule000001'' was not found.
        For more details please go to https://aka.ms/ARMResourceNotFoundFix"}}'
    headers:
      cache-control:
      - no-cache
      content-length:
      - '255'
      content-type:
      - application/json; charset=utf-8
      date:
      - Mon, 14 Mar 2022 08:54:54 GMT
      expires:
      - '-1'
      pragma:
      - no-cache
      strict-transport-security:
      - max-age=31536000; includeSubDomains
      x-content-type-options:
      - nosniff
      x-ms-failure-cause:
      - gateway
    status:
      code: 404
      message: Not Found
- request:
    body: null
    headers:
      Accept:
      - application/json
      Accept-Encoding:
      - gzip, deflate
      Connection:
      - keep-alive
      User-Agent:
      - python/3.8.7 (Windows-10-10.0.22000-SP0) msrest/0.6.21 msrest_azure/0.6.4
        azure-graphrbac/0.60.0 Azure-SDK-For-Python
      accept-language:
      - en-US
    method: GET
    uri: https://graph.windows.net/00000000-0000-0000-0000-000000000000/me?api-version=1.6
  response:
    body:
      string: '{"odata.metadata":"https://graph.windows.net/00000000-0000-0000-0000-000000000000/$metadata#directoryObjects/@Element","odata.type":"Microsoft.DirectoryServices.User","objectType":"User","objectId":"b05a9d3b-71ea-4346-8682-c1800dec2d07","deletionTimestamp":null,"accountEnabled":true,"ageGroup":null,"assignedLicenses":[],"assignedPlans":[],"city":null,"companyName":null,"consentProvidedForMinor":null,"country":null,"createdDateTime":"2022-02-16T02:24:04Z","creationType":"Invitation","department":null,"dirSyncEnabled":null,"displayName":"Jonie
        Liu (Shanghai Wicresoft Co,.Ltd.)","employeeId":null,"facsimileTelephoneNumber":null,"givenName":null,"immutableId":null,"isCompromised":null,"jobTitle":null,"lastDirSyncTime":null,"legalAgeGroupClassification":null,"mail":"v-jonieliu@microsoft.com","mailNickname":"v-jonieliu_microsoft.com#EXT#","mobile":null,"onPremisesDistinguishedName":null,"onPremisesSecurityIdentifier":null,"otherMails":["v-jonieliu@microsoft.com"],"passwordPolicies":null,"passwordProfile":null,"physicalDeliveryOfficeName":null,"postalCode":null,"preferredLanguage":null,"provisionedPlans":[],"provisioningErrors":[],"proxyAddresses":["SMTP:v-jonieliu@microsoft.com"],"refreshTokensValidFromDateTime":"2022-02-16T02:24:04Z","showInAddressList":false,"signInNames":[],"sipProxyAddress":null,"state":null,"streetAddress":null,"surname":null,"telephoneNumber":null,"thumbnailPhoto@odata.mediaEditLink":"directoryObjects/b05a9d3b-71ea-4346-8682-c1800dec2d07/Microsoft.DirectoryServices.User/thumbnailPhoto","usageLocation":null,"userIdentities":[],"userPrincipalName":"v-jonieliu_microsoft.com#EXT#@AzureSDKTeam.onmicrosoft.com","userState":"Accepted","userStateChangedOn":"2022-02-16T02:50:18Z","userType":"Guest"}'
    headers:
      access-control-allow-origin:
      - '*'
      cache-control:
      - no-cache
      content-length:
      - '1736'
      content-type:
      - application/json; odata=minimalmetadata; streaming=true; charset=utf-8
      dataserviceversion:
      - 3.0;
      date:
      - Mon, 14 Mar 2022 08:54:55 GMT
      duration:
      - '2517142'
      expires:
      - '-1'
      ocp-aad-diagnostics-server-name:
      - Od3Hb0mXHAX9ow51HCbrV5aWU7ASekKDGEqFniCNbfM=
      ocp-aad-session-key:
      - wT63UyTT2A8qrcD6b0P4AEHXV9qlplV9VXm8pC0NsX7LGeW-L6lTW76o5ZEL_q12qdWHIHUPfwdhKS4PSn6kJHEMsnipNZ1Z2hRcYq9pg67GXwKakfAvMITJR3WCTR0V.3cQCd5dy-QdGI94C5HRe0j0EgQG9zMaCybN_O6s8Lko
      pragma:
      - no-cache
      request-id:
      - 7a8d4796-7589-4fbb-9ac1-f0fdb78e1283
      strict-transport-security:
      - max-age=31536000; includeSubDomains
      x-aspnet-version:
      - 4.0.30319
      x-ms-dirapi-data-contract-version:
      - '1.6'
      x-ms-resource-unit:
      - '1'
      x-powered-by:
      - ASP.NET
    status:
      code: 200
      message: OK
- request:
    body: '{"location": "eastus2", "properties": {"tenantId": "54826b22-38d6-4fb2-bad9-b7b93a3e9c5a",
      "sku": {"family": "A", "name": "standard"}, "accessPolicies": [{"tenantId":
      "54826b22-38d6-4fb2-bad9-b7b93a3e9c5a", "objectId": "b05a9d3b-71ea-4346-8682-c1800dec2d07",
      "permissions": {"keys": ["all"], "secrets": ["all"], "certificates": ["all"],
      "storage": ["all"]}}], "softDeleteRetentionInDays": 90, "networkAcls": {"bypass":
      "AzureServices", "defaultAction": "Allow", "ipRules": [{"value": "1.2.3.4/32"},
      {"value": "2.3.4.0/24"}, {"value": "3.4.5.0/24"}, {"value": "4.5.0.0/16"}],
      "virtualNetworkRules": [{"id": "/subscriptions/00000000-0000-0000-0000-000000000000/resourcegroups/cli_test_keyvault_network_rule000001/providers/microsoft.network/virtualnetworks/cli-test-vnet-000008/subnets/cli-test-subnet-000011"},
      {"id": "/subscriptions/00000000-0000-0000-0000-000000000000/resourcegroups/cli_test_keyvault_network_rule000001/providers/microsoft.network/virtualnetworks/cli-test-vnet-000009/subnets/cli-test-subnet-000012"},
      {"id": "/subscriptions/00000000-0000-0000-0000-000000000000/resourceGroups/cli_test_keyvault_network_rule000001/providers/Microsoft.Network/virtualNetworks/cli-test-vnet-000010/subnets/cli-test-subnet-000013"}]}}}'
    headers:
      Accept:
      - application/json
      Accept-Encoding:
      - gzip, deflate
      CommandName:
      - keyvault create
      Connection:
      - keep-alive
      Content-Length:
      - '1234'
      Content-Type:
      - application/json
      ParameterSetName:
      - -n -l -g --network-acls --network-acls-ips --network-acls-vnets
      User-Agent:
      - AZURECLI/2.34.1 azsdk-python-azure-mgmt-keyvault/9.3.0 Python/3.8.7 (Windows-10-10.0.22000-SP0)
    method: PUT
    uri: https://management.azure.com/subscriptions/00000000-0000-0000-0000-000000000000/resourceGroups/cli_test_keyvault_network_rule000001/providers/Microsoft.KeyVault/vaults/cli-test-kv-nr-000007?api-version=2021-06-01-preview
  response:
    body:
      string: '{"id":"/subscriptions/00000000-0000-0000-0000-000000000000/resourceGroups/cli_test_keyvault_network_rule000001/providers/Microsoft.KeyVault/vaults/cli-test-kv-nr-000007","name":"cli-test-kv-nr-000007","type":"Microsoft.KeyVault/vaults","location":"eastus2","tags":{},"systemData":{"createdBy":"v-jonieliu@microsoft.com","createdByType":"User","createdAt":"2022-03-14T08:54:58.459Z","lastModifiedBy":"v-jonieliu@microsoft.com","lastModifiedByType":"User","lastModifiedAt":"2022-03-14T08:54:58.459Z"},"properties":{"sku":{"family":"A","name":"standard"},"tenantId":"54826b22-38d6-4fb2-bad9-b7b93a3e9c5a","networkAcls":{"bypass":"AzureServices","defaultAction":"Allow","ipRules":[{"value":"1.2.3.4/32"},{"value":"2.3.4.0/24"},{"value":"3.4.5.0/24"},{"value":"4.5.0.0/16"}],"virtualNetworkRules":[{"id":"/subscriptions/00000000-0000-0000-0000-000000000000/resourcegroups/cli_test_keyvault_network_rule000001/providers/microsoft.network/virtualnetworks/cli-test-vnet-000008/subnets/cli-test-subnet-000011"},{"id":"/subscriptions/00000000-0000-0000-0000-000000000000/resourcegroups/cli_test_keyvault_network_rule000001/providers/microsoft.network/virtualnetworks/cli-test-vnet-000009/subnets/cli-test-subnet-000012"},{"id":"/subscriptions/00000000-0000-0000-0000-000000000000/resourcegroups/cli_test_keyvault_network_rule000001/providers/microsoft.network/virtualnetworks/cli-test-vnet-000010/subnets/cli-test-subnet-000013"}]},"accessPolicies":[{"tenantId":"54826b22-38d6-4fb2-bad9-b7b93a3e9c5a","objectId":"b05a9d3b-71ea-4346-8682-c1800dec2d07","permissions":{"keys":["all"],"secrets":["all"],"certificates":["all"],"storage":["all"]}}],"enabledForDeployment":false,"enableSoftDelete":true,"softDeleteRetentionInDays":90,"vaultUri":"https://cli-test-kv-nr-000007.vault.azure.net","provisioningState":"RegisteringDns","publicNetworkAccess":"Enabled"}}'
    headers:
      cache-control:
      - no-cache
      content-length:
      - '1846'
      content-type:
      - application/json; charset=utf-8
      date:
      - Mon, 14 Mar 2022 08:55:01 GMT
      expires:
      - '-1'
      pragma:
      - no-cache
      server:
      - Microsoft-IIS/10.0
      strict-transport-security:
      - max-age=31536000; includeSubDomains
      transfer-encoding:
      - chunked
      vary:
      - Accept-Encoding
      x-aspnet-version:
      - 4.0.30319
      x-content-type-options:
      - nosniff
      x-ms-keyvault-service-version:
      - 1.5.308.0
      x-ms-ratelimit-remaining-subscription-writes:
      - '1197'
    status:
      code: 200
      message: OK
- request:
    body: null
    headers:
      Accept:
      - '*/*'
      Accept-Encoding:
      - gzip, deflate
      CommandName:
      - keyvault create
      Connection:
      - keep-alive
      ParameterSetName:
      - -n -l -g --network-acls --network-acls-ips --network-acls-vnets
      User-Agent:
      - AZURECLI/2.34.1 azsdk-python-azure-mgmt-keyvault/9.3.0 Python/3.8.7 (Windows-10-10.0.22000-SP0)
    method: GET
    uri: https://management.azure.com/subscriptions/00000000-0000-0000-0000-000000000000/resourceGroups/cli_test_keyvault_network_rule000001/providers/Microsoft.KeyVault/vaults/cli-test-kv-nr-000007?api-version=2021-06-01-preview
  response:
    body:
      string: '{"id":"/subscriptions/00000000-0000-0000-0000-000000000000/resourceGroups/cli_test_keyvault_network_rule000001/providers/Microsoft.KeyVault/vaults/cli-test-kv-nr-000007","name":"cli-test-kv-nr-000007","type":"Microsoft.KeyVault/vaults","location":"eastus2","tags":{},"systemData":{"createdBy":"v-jonieliu@microsoft.com","createdByType":"User","createdAt":"2022-03-14T08:54:58.459Z","lastModifiedBy":"v-jonieliu@microsoft.com","lastModifiedByType":"User","lastModifiedAt":"2022-03-14T08:54:58.459Z"},"properties":{"sku":{"family":"A","name":"standard"},"tenantId":"54826b22-38d6-4fb2-bad9-b7b93a3e9c5a","networkAcls":{"bypass":"AzureServices","defaultAction":"Allow","ipRules":[{"value":"1.2.3.4/32"},{"value":"2.3.4.0/24"},{"value":"3.4.5.0/24"},{"value":"4.5.0.0/16"}],"virtualNetworkRules":[{"id":"/subscriptions/00000000-0000-0000-0000-000000000000/resourcegroups/cli_test_keyvault_network_rule000001/providers/microsoft.network/virtualnetworks/cli-test-vnet-000008/subnets/cli-test-subnet-000011"},{"id":"/subscriptions/00000000-0000-0000-0000-000000000000/resourcegroups/cli_test_keyvault_network_rule000001/providers/microsoft.network/virtualnetworks/cli-test-vnet-000009/subnets/cli-test-subnet-000012"},{"id":"/subscriptions/00000000-0000-0000-0000-000000000000/resourcegroups/cli_test_keyvault_network_rule000001/providers/microsoft.network/virtualnetworks/cli-test-vnet-000010/subnets/cli-test-subnet-000013"}]},"accessPolicies":[{"tenantId":"54826b22-38d6-4fb2-bad9-b7b93a3e9c5a","objectId":"b05a9d3b-71ea-4346-8682-c1800dec2d07","permissions":{"keys":["all"],"secrets":["all"],"certificates":["all"],"storage":["all"]}}],"enabledForDeployment":false,"enableSoftDelete":true,"softDeleteRetentionInDays":90,"vaultUri":"https://cli-test-kv-nr-000007.vault.azure.net/","provisioningState":"Succeeded","publicNetworkAccess":"Enabled"}}'
    headers:
      cache-control:
      - no-cache
      content-length:
      - '1842'
      content-type:
      - application/json; charset=utf-8
      date:
      - Mon, 14 Mar 2022 08:55:32 GMT
      expires:
      - '-1'
      pragma:
      - no-cache
      server:
      - Microsoft-IIS/10.0
      strict-transport-security:
      - max-age=31536000; includeSubDomains
      transfer-encoding:
      - chunked
      vary:
      - Accept-Encoding
      x-aspnet-version:
      - 4.0.30319
      x-content-type-options:
      - nosniff
      x-ms-keyvault-service-version:
      - 1.5.308.0
    status:
      code: 200
      message: OK
- request:
    body: null
    headers:
      Accept:
      - application/json
      Accept-Encoding:
      - gzip, deflate
      CommandName:
      - keyvault create
      Connection:
      - keep-alive
      ParameterSetName:
      - -g -n -l --sku --retention-days --enable-soft-delete
      User-Agent:
      - AZURECLI/2.34.1 azsdk-python-azure-mgmt-keyvault/9.3.0 Python/3.8.7 (Windows-10-10.0.22000-SP0)
    method: GET
    uri: https://management.azure.com/subscriptions/00000000-0000-0000-0000-000000000000/resourceGroups/cli_test_keyvault_network_rule000001/providers/Microsoft.KeyVault/vaults/cli-test-kv-nr-000002?api-version=2021-06-01-preview
  response:
    body:
      string: '{"error":{"code":"ResourceNotFound","message":"The Resource ''Microsoft.KeyVault/vaults/cli-test-kv-nr-000002''
        under resource group ''cli_test_keyvault_network_rule000001'' was not found.
        For more details please go to https://aka.ms/ARMResourceNotFoundFix"}}'
    headers:
      cache-control:
      - no-cache
      content-length:
      - '255'
      content-type:
      - application/json; charset=utf-8
      date:
      - Mon, 14 Mar 2022 08:55:35 GMT
      expires:
      - '-1'
      pragma:
      - no-cache
      strict-transport-security:
      - max-age=31536000; includeSubDomains
      x-content-type-options:
      - nosniff
      x-ms-failure-cause:
      - gateway
    status:
      code: 404
      message: Not Found
- request:
    body: null
    headers:
      Accept:
      - application/json
      Accept-Encoding:
      - gzip, deflate
      Connection:
      - keep-alive
      User-Agent:
      - python/3.8.7 (Windows-10-10.0.22000-SP0) msrest/0.6.21 msrest_azure/0.6.4
        azure-graphrbac/0.60.0 Azure-SDK-For-Python
      accept-language:
      - en-US
    method: GET
    uri: https://graph.windows.net/00000000-0000-0000-0000-000000000000/me?api-version=1.6
  response:
    body:
      string: '{"odata.metadata":"https://graph.windows.net/00000000-0000-0000-0000-000000000000/$metadata#directoryObjects/@Element","odata.type":"Microsoft.DirectoryServices.User","objectType":"User","objectId":"b05a9d3b-71ea-4346-8682-c1800dec2d07","deletionTimestamp":null,"accountEnabled":true,"ageGroup":null,"assignedLicenses":[],"assignedPlans":[],"city":null,"companyName":null,"consentProvidedForMinor":null,"country":null,"createdDateTime":"2022-02-16T02:24:04Z","creationType":"Invitation","department":null,"dirSyncEnabled":null,"displayName":"Jonie
        Liu (Shanghai Wicresoft Co,.Ltd.)","employeeId":null,"facsimileTelephoneNumber":null,"givenName":null,"immutableId":null,"isCompromised":null,"jobTitle":null,"lastDirSyncTime":null,"legalAgeGroupClassification":null,"mail":"v-jonieliu@microsoft.com","mailNickname":"v-jonieliu_microsoft.com#EXT#","mobile":null,"onPremisesDistinguishedName":null,"onPremisesSecurityIdentifier":null,"otherMails":["v-jonieliu@microsoft.com"],"passwordPolicies":null,"passwordProfile":null,"physicalDeliveryOfficeName":null,"postalCode":null,"preferredLanguage":null,"provisionedPlans":[],"provisioningErrors":[],"proxyAddresses":["SMTP:v-jonieliu@microsoft.com"],"refreshTokensValidFromDateTime":"2022-02-16T02:24:04Z","showInAddressList":false,"signInNames":[],"sipProxyAddress":null,"state":null,"streetAddress":null,"surname":null,"telephoneNumber":null,"thumbnailPhoto@odata.mediaEditLink":"directoryObjects/b05a9d3b-71ea-4346-8682-c1800dec2d07/Microsoft.DirectoryServices.User/thumbnailPhoto","usageLocation":null,"userIdentities":[],"userPrincipalName":"v-jonieliu_microsoft.com#EXT#@AzureSDKTeam.onmicrosoft.com","userState":"Accepted","userStateChangedOn":"2022-02-16T02:50:18Z","userType":"Guest"}'
    headers:
      access-control-allow-origin:
      - '*'
      cache-control:
      - no-cache
      content-length:
      - '1736'
      content-type:
      - application/json; odata=minimalmetadata; streaming=true; charset=utf-8
      dataserviceversion:
      - 3.0;
      date:
      - Mon, 14 Mar 2022 08:55:36 GMT
      duration:
      - '2586366'
      expires:
      - '-1'
      ocp-aad-diagnostics-server-name:
      - oFeC+BFcb4xsdCN+gLIoNgt5hsF381vdipcv7lw7lks=
      ocp-aad-session-key:
      - gdQE3axCna4UaT_QaO1O69hpRaOfp6CyeDXbZmDV_Ie52JB0bcbl2NmyvrZwZchSVdlQInKGyaOLmcU6oMI0yZ_mKw4V889ALqqBGkp8mS93uNuwd47XGfKHdMpuxijK.Lh-8mZeZLFDGfumVIC1crXcU9-TZTvT2Z18e89UoVAs
      pragma:
      - no-cache
      request-id:
      - 7693987b-0679-4b9a-ba2d-9c0fb5c663ec
      strict-transport-security:
      - max-age=31536000; includeSubDomains
      x-aspnet-version:
      - 4.0.30319
      x-ms-dirapi-data-contract-version:
      - '1.6'
      x-ms-resource-unit:
      - '1'
      x-powered-by:
      - ASP.NET
    status:
      code: 200
      message: OK
- request:
    body: '{"location": "eastus2", "properties": {"tenantId": "54826b22-38d6-4fb2-bad9-b7b93a3e9c5a",
      "sku": {"family": "A", "name": "premium"}, "accessPolicies": [{"tenantId": "54826b22-38d6-4fb2-bad9-b7b93a3e9c5a",
      "objectId": "b05a9d3b-71ea-4346-8682-c1800dec2d07", "permissions": {"keys":
      ["all"], "secrets": ["all"], "certificates": ["all"], "storage": ["all"]}}],
      "enableSoftDelete": true, "softDeleteRetentionInDays": 7, "networkAcls": {"bypass":
      "AzureServices", "defaultAction": "Allow"}}}'
    headers:
      Accept:
      - application/json
      Accept-Encoding:
      - gzip, deflate
      CommandName:
      - keyvault create
      Connection:
      - keep-alive
      Content-Length:
      - '487'
      Content-Type:
      - application/json
      ParameterSetName:
      - -g -n -l --sku --retention-days --enable-soft-delete
      User-Agent:
      - AZURECLI/2.34.1 azsdk-python-azure-mgmt-keyvault/9.3.0 Python/3.8.7 (Windows-10-10.0.22000-SP0)
    method: PUT
    uri: https://management.azure.com/subscriptions/00000000-0000-0000-0000-000000000000/resourceGroups/cli_test_keyvault_network_rule000001/providers/Microsoft.KeyVault/vaults/cli-test-kv-nr-000002?api-version=2021-06-01-preview
  response:
    body:
      string: '{"id":"/subscriptions/00000000-0000-0000-0000-000000000000/resourceGroups/cli_test_keyvault_network_rule000001/providers/Microsoft.KeyVault/vaults/cli-test-kv-nr-000002","name":"cli-test-kv-nr-000002","type":"Microsoft.KeyVault/vaults","location":"eastus2","tags":{},"systemData":{"createdBy":"v-jonieliu@microsoft.com","createdByType":"User","createdAt":"2022-03-14T08:55:41.62Z","lastModifiedBy":"v-jonieliu@microsoft.com","lastModifiedByType":"User","lastModifiedAt":"2022-03-14T08:55:41.62Z"},"properties":{"sku":{"family":"A","name":"premium"},"tenantId":"54826b22-38d6-4fb2-bad9-b7b93a3e9c5a","accessPolicies":[{"tenantId":"54826b22-38d6-4fb2-bad9-b7b93a3e9c5a","objectId":"b05a9d3b-71ea-4346-8682-c1800dec2d07","permissions":{"keys":["all"],"secrets":["all"],"certificates":["all"],"storage":["all"]}}],"enabledForDeployment":false,"enableSoftDelete":true,"softDeleteRetentionInDays":7,"vaultUri":"https://cli-test-kv-nr-000002.vault.azure.net","provisioningState":"RegisteringDns","publicNetworkAccess":"Enabled"}}'
    headers:
      cache-control:
      - no-cache
      content-length:
      - '1022'
      content-type:
      - application/json; charset=utf-8
      date:
      - Mon, 14 Mar 2022 08:55:44 GMT
      expires:
      - '-1'
      pragma:
      - no-cache
      server:
      - Microsoft-IIS/10.0
      strict-transport-security:
      - max-age=31536000; includeSubDomains
      transfer-encoding:
      - chunked
      vary:
      - Accept-Encoding
      x-aspnet-version:
      - 4.0.30319
      x-content-type-options:
      - nosniff
      x-ms-keyvault-service-version:
      - 1.5.308.0
      x-ms-ratelimit-remaining-subscription-writes:
      - '1196'
    status:
      code: 200
      message: OK
- request:
    body: null
    headers:
      Accept:
      - '*/*'
      Accept-Encoding:
      - gzip, deflate
      CommandName:
      - keyvault create
      Connection:
      - keep-alive
      ParameterSetName:
      - -g -n -l --sku --retention-days --enable-soft-delete
      User-Agent:
      - AZURECLI/2.34.1 azsdk-python-azure-mgmt-keyvault/9.3.0 Python/3.8.7 (Windows-10-10.0.22000-SP0)
    method: GET
    uri: https://management.azure.com/subscriptions/00000000-0000-0000-0000-000000000000/resourceGroups/cli_test_keyvault_network_rule000001/providers/Microsoft.KeyVault/vaults/cli-test-kv-nr-000002?api-version=2021-06-01-preview
  response:
    body:
      string: '{"id":"/subscriptions/00000000-0000-0000-0000-000000000000/resourceGroups/cli_test_keyvault_network_rule000001/providers/Microsoft.KeyVault/vaults/cli-test-kv-nr-000002","name":"cli-test-kv-nr-000002","type":"Microsoft.KeyVault/vaults","location":"eastus2","tags":{},"systemData":{"createdBy":"v-jonieliu@microsoft.com","createdByType":"User","createdAt":"2022-03-14T08:55:41.62Z","lastModifiedBy":"v-jonieliu@microsoft.com","lastModifiedByType":"User","lastModifiedAt":"2022-03-14T08:55:41.62Z"},"properties":{"sku":{"family":"A","name":"premium"},"tenantId":"54826b22-38d6-4fb2-bad9-b7b93a3e9c5a","accessPolicies":[{"tenantId":"54826b22-38d6-4fb2-bad9-b7b93a3e9c5a","objectId":"b05a9d3b-71ea-4346-8682-c1800dec2d07","permissions":{"keys":["all"],"secrets":["all"],"certificates":["all"],"storage":["all"]}}],"enabledForDeployment":false,"enableSoftDelete":true,"softDeleteRetentionInDays":7,"vaultUri":"https://cli-test-kv-nr-000002.vault.azure.net/","provisioningState":"Succeeded","publicNetworkAccess":"Enabled"}}'
    headers:
      cache-control:
      - no-cache
      content-length:
      - '1018'
      content-type:
      - application/json; charset=utf-8
      date:
      - Mon, 14 Mar 2022 08:56:15 GMT
      expires:
      - '-1'
      pragma:
      - no-cache
      server:
      - Microsoft-IIS/10.0
      strict-transport-security:
      - max-age=31536000; includeSubDomains
      transfer-encoding:
      - chunked
      vary:
      - Accept-Encoding
      x-aspnet-version:
      - 4.0.30319
      x-content-type-options:
      - nosniff
      x-ms-keyvault-service-version:
      - 1.5.308.0
    status:
      code: 200
      message: OK
- request:
    body: null
    headers:
      Accept:
      - application/json
      Accept-Encoding:
      - gzip, deflate
      CommandName:
      - keyvault update
      Connection:
      - keep-alive
      ParameterSetName:
      - --name --resource-group --default-action
      User-Agent:
      - AZURECLI/2.34.1 azsdk-python-azure-mgmt-keyvault/9.3.0 Python/3.8.7 (Windows-10-10.0.22000-SP0)
    method: GET
    uri: https://management.azure.com/subscriptions/00000000-0000-0000-0000-000000000000/resourceGroups/cli_test_keyvault_network_rule000001/providers/Microsoft.KeyVault/vaults/cli-test-kv-nr-000002?api-version=2021-06-01-preview
  response:
    body:
      string: '{"id":"/subscriptions/00000000-0000-0000-0000-000000000000/resourceGroups/cli_test_keyvault_network_rule000001/providers/Microsoft.KeyVault/vaults/cli-test-kv-nr-000002","name":"cli-test-kv-nr-000002","type":"Microsoft.KeyVault/vaults","location":"eastus2","tags":{},"systemData":{"createdBy":"v-jonieliu@microsoft.com","createdByType":"User","createdAt":"2022-03-14T08:55:41.62Z","lastModifiedBy":"v-jonieliu@microsoft.com","lastModifiedByType":"User","lastModifiedAt":"2022-03-14T08:55:41.62Z"},"properties":{"sku":{"family":"A","name":"premium"},"tenantId":"54826b22-38d6-4fb2-bad9-b7b93a3e9c5a","accessPolicies":[{"tenantId":"54826b22-38d6-4fb2-bad9-b7b93a3e9c5a","objectId":"b05a9d3b-71ea-4346-8682-c1800dec2d07","permissions":{"keys":["all"],"secrets":["all"],"certificates":["all"],"storage":["all"]}}],"enabledForDeployment":false,"enableSoftDelete":true,"softDeleteRetentionInDays":7,"vaultUri":"https://cli-test-kv-nr-000002.vault.azure.net/","provisioningState":"Succeeded","publicNetworkAccess":"Enabled"}}'
    headers:
      cache-control:
      - no-cache
      content-length:
      - '1018'
      content-type:
      - application/json; charset=utf-8
      date:
      - Mon, 14 Mar 2022 08:56:21 GMT
      expires:
      - '-1'
      pragma:
      - no-cache
      server:
      - Microsoft-IIS/10.0
      strict-transport-security:
      - max-age=31536000; includeSubDomains
      transfer-encoding:
      - chunked
      vary:
      - Accept-Encoding
      x-aspnet-version:
      - 4.0.30319
      x-content-type-options:
      - nosniff
      x-ms-keyvault-service-version:
      - 1.5.308.0
    status:
      code: 200
      message: OK
- request:
    body: '{"location": "eastus2", "tags": {}, "properties": {"tenantId": "54826b22-38d6-4fb2-bad9-b7b93a3e9c5a",
      "sku": {"family": "A", "name": "premium"}, "accessPolicies": [{"tenantId": "54826b22-38d6-4fb2-bad9-b7b93a3e9c5a",
      "objectId": "b05a9d3b-71ea-4346-8682-c1800dec2d07", "permissions": {"keys":
      ["all"], "secrets": ["all"], "certificates": ["all"], "storage": ["all"]}}],
      "vaultUri": "https://cli-test-kv-nr-000002.vault.azure.net/", "enabledForDeployment":
      false, "enableSoftDelete": true, "softDeleteRetentionInDays": 7, "networkAcls":
      {"bypass": "AzureServices", "defaultAction": "Deny"}, "provisioningState": "Succeeded",
      "publicNetworkAccess": "Enabled"}}'
    headers:
      Accept:
      - application/json
      Accept-Encoding:
      - gzip, deflate
      CommandName:
      - keyvault update
      Connection:
      - keep-alive
      Content-Length:
      - '659'
      Content-Type:
      - application/json
      ParameterSetName:
      - --name --resource-group --default-action
      User-Agent:
      - AZURECLI/2.34.1 azsdk-python-azure-mgmt-keyvault/9.3.0 Python/3.8.7 (Windows-10-10.0.22000-SP0)
    method: PUT
    uri: https://management.azure.com/subscriptions/00000000-0000-0000-0000-000000000000/resourceGroups/cli_test_keyvault_network_rule000001/providers/Microsoft.KeyVault/vaults/cli-test-kv-nr-000002?api-version=2021-06-01-preview
  response:
    body:
      string: '{"id":"/subscriptions/00000000-0000-0000-0000-000000000000/resourceGroups/cli_test_keyvault_network_rule000001/providers/Microsoft.KeyVault/vaults/cli-test-kv-nr-000002","name":"cli-test-kv-nr-000002","type":"Microsoft.KeyVault/vaults","location":"eastus2","tags":{},"systemData":{"createdBy":"v-jonieliu@microsoft.com","createdByType":"User","createdAt":"2022-03-14T08:55:41.62Z","lastModifiedBy":"v-jonieliu@microsoft.com","lastModifiedByType":"User","lastModifiedAt":"2022-03-14T08:56:22.331Z"},"properties":{"sku":{"family":"A","name":"premium"},"tenantId":"54826b22-38d6-4fb2-bad9-b7b93a3e9c5a","networkAcls":{"bypass":"AzureServices","defaultAction":"Deny","ipRules":[],"virtualNetworkRules":[]},"accessPolicies":[{"tenantId":"54826b22-38d6-4fb2-bad9-b7b93a3e9c5a","objectId":"b05a9d3b-71ea-4346-8682-c1800dec2d07","permissions":{"keys":["all"],"secrets":["all"],"certificates":["all"],"storage":["all"]}}],"enabledForDeployment":false,"enableSoftDelete":true,"softDeleteRetentionInDays":7,"vaultUri":"https://cli-test-kv-nr-000002.vault.azure.net/","provisioningState":"Succeeded","publicNetworkAccess":"Enabled"}}'
    headers:
      cache-control:
      - no-cache
      content-length:
      - '1121'
      content-type:
      - application/json; charset=utf-8
      date:
      - Mon, 14 Mar 2022 08:56:23 GMT
      expires:
      - '-1'
      pragma:
      - no-cache
      server:
      - Microsoft-IIS/10.0
      strict-transport-security:
      - max-age=31536000; includeSubDomains
      transfer-encoding:
      - chunked
      vary:
      - Accept-Encoding
      x-aspnet-version:
      - 4.0.30319
      x-content-type-options:
      - nosniff
      x-ms-keyvault-service-version:
      - 1.5.308.0
      x-ms-ratelimit-remaining-subscription-writes:
      - '1195'
    status:
      code: 200
      message: OK
- request:
    body: null
    headers:
      Accept:
      - application/json
      Accept-Encoding:
      - gzip, deflate
      CommandName:
      - keyvault network-rule add
      Connection:
      - keep-alive
      ParameterSetName:
      - --subnet --name --resource-group
      User-Agent:
      - AZURECLI/2.34.1 azsdk-python-azure-mgmt-keyvault/9.3.0 Python/3.8.7 (Windows-10-10.0.22000-SP0)
    method: GET
    uri: https://management.azure.com/subscriptions/00000000-0000-0000-0000-000000000000/resourceGroups/cli_test_keyvault_network_rule000001/providers/Microsoft.KeyVault/vaults/cli-test-kv-nr-000002?api-version=2021-06-01-preview
  response:
    body:
      string: '{"id":"/subscriptions/00000000-0000-0000-0000-000000000000/resourceGroups/cli_test_keyvault_network_rule000001/providers/Microsoft.KeyVault/vaults/cli-test-kv-nr-000002","name":"cli-test-kv-nr-000002","type":"Microsoft.KeyVault/vaults","location":"eastus2","tags":{},"systemData":{"createdBy":"v-jonieliu@microsoft.com","createdByType":"User","createdAt":"2022-03-14T08:55:41.62Z","lastModifiedBy":"v-jonieliu@microsoft.com","lastModifiedByType":"User","lastModifiedAt":"2022-03-14T08:56:22.331Z"},"properties":{"sku":{"family":"A","name":"premium"},"tenantId":"54826b22-38d6-4fb2-bad9-b7b93a3e9c5a","networkAcls":{"bypass":"AzureServices","defaultAction":"Deny","ipRules":[],"virtualNetworkRules":[]},"accessPolicies":[{"tenantId":"54826b22-38d6-4fb2-bad9-b7b93a3e9c5a","objectId":"b05a9d3b-71ea-4346-8682-c1800dec2d07","permissions":{"keys":["all"],"secrets":["all"],"certificates":["all"],"storage":["all"]}}],"enabledForDeployment":false,"enableSoftDelete":true,"softDeleteRetentionInDays":7,"vaultUri":"https://cli-test-kv-nr-000002.vault.azure.net/","provisioningState":"Succeeded","publicNetworkAccess":"Enabled"}}'
    headers:
      cache-control:
      - no-cache
      content-length:
      - '1121'
      content-type:
      - application/json; charset=utf-8
      date:
      - Mon, 14 Mar 2022 08:56:29 GMT
      expires:
      - '-1'
      pragma:
      - no-cache
      server:
      - Microsoft-IIS/10.0
      strict-transport-security:
      - max-age=31536000; includeSubDomains
      transfer-encoding:
      - chunked
      vary:
      - Accept-Encoding
      x-aspnet-version:
      - 4.0.30319
      x-content-type-options:
      - nosniff
      x-ms-keyvault-service-version:
      - 1.5.308.0
    status:
      code: 200
      message: OK
- request:
    body: '{"location": "eastus2", "tags": {}, "properties": {"tenantId": "54826b22-38d6-4fb2-bad9-b7b93a3e9c5a",
      "sku": {"family": "A", "name": "premium"}, "accessPolicies": [{"tenantId": "54826b22-38d6-4fb2-bad9-b7b93a3e9c5a",
      "objectId": "b05a9d3b-71ea-4346-8682-c1800dec2d07", "permissions": {"keys":
      ["all"], "secrets": ["all"], "certificates": ["all"], "storage": ["all"]}}],
      "vaultUri": "https://cli-test-kv-nr-000002.vault.azure.net/", "enabledForDeployment":
      false, "enableSoftDelete": true, "softDeleteRetentionInDays": 7, "networkAcls":
      {"bypass": "AzureServices", "defaultAction": "Deny", "ipRules": [], "virtualNetworkRules":
      [{"id": "/subscriptions/00000000-0000-0000-0000-000000000000/resourcegroups/cli_test_keyvault_network_rule000001/providers/microsoft.network/virtualnetworks/cli-test-vnet-000008/subnets/cli-test-subnet-000011"}]},
      "provisioningState": "Succeeded", "publicNetworkAccess": "Enabled"}}'
    headers:
      Accept:
      - application/json
      Accept-Encoding:
      - gzip, deflate
      CommandName:
      - keyvault network-rule add
      Connection:
      - keep-alive
      Content-Length:
      - '910'
      Content-Type:
      - application/json
      ParameterSetName:
      - --subnet --name --resource-group
      User-Agent:
      - AZURECLI/2.34.1 azsdk-python-azure-mgmt-keyvault/9.3.0 Python/3.8.7 (Windows-10-10.0.22000-SP0)
    method: PUT
    uri: https://management.azure.com/subscriptions/00000000-0000-0000-0000-000000000000/resourceGroups/cli_test_keyvault_network_rule000001/providers/Microsoft.KeyVault/vaults/cli-test-kv-nr-000002?api-version=2021-06-01-preview
  response:
    body:
      string: '{"id":"/subscriptions/00000000-0000-0000-0000-000000000000/resourceGroups/cli_test_keyvault_network_rule000001/providers/Microsoft.KeyVault/vaults/cli-test-kv-nr-000002","name":"cli-test-kv-nr-000002","type":"Microsoft.KeyVault/vaults","location":"eastus2","tags":{},"systemData":{"createdBy":"v-jonieliu@microsoft.com","createdByType":"User","createdAt":"2022-03-14T08:55:41.62Z","lastModifiedBy":"v-jonieliu@microsoft.com","lastModifiedByType":"User","lastModifiedAt":"2022-03-14T08:56:30.769Z"},"properties":{"sku":{"family":"A","name":"premium"},"tenantId":"54826b22-38d6-4fb2-bad9-b7b93a3e9c5a","networkAcls":{"bypass":"AzureServices","defaultAction":"Deny","ipRules":[],"virtualNetworkRules":[{"id":"/subscriptions/00000000-0000-0000-0000-000000000000/resourcegroups/cli_test_keyvault_network_rule000001/providers/microsoft.network/virtualnetworks/cli-test-vnet-000008/subnets/cli-test-subnet-000011"}]},"accessPolicies":[{"tenantId":"54826b22-38d6-4fb2-bad9-b7b93a3e9c5a","objectId":"b05a9d3b-71ea-4346-8682-c1800dec2d07","permissions":{"keys":["all"],"secrets":["all"],"certificates":["all"],"storage":["all"]}}],"enabledForDeployment":false,"enableSoftDelete":true,"softDeleteRetentionInDays":7,"vaultUri":"https://cli-test-kv-nr-000002.vault.azure.net/","provisioningState":"Succeeded","publicNetworkAccess":"Enabled"}}'
    headers:
      cache-control:
      - no-cache
      content-length:
      - '1329'
      content-type:
      - application/json; charset=utf-8
      date:
      - Mon, 14 Mar 2022 08:56:32 GMT
      expires:
      - '-1'
      pragma:
      - no-cache
      server:
      - Microsoft-IIS/10.0
      strict-transport-security:
      - max-age=31536000; includeSubDomains
      transfer-encoding:
      - chunked
      vary:
      - Accept-Encoding
      x-aspnet-version:
      - 4.0.30319
      x-content-type-options:
      - nosniff
      x-ms-keyvault-service-version:
      - 1.5.308.0
      x-ms-ratelimit-remaining-subscription-writes:
      - '1199'
    status:
      code: 200
      message: OK
- request:
    body: null
    headers:
      Accept:
      - application/json
      Accept-Encoding:
      - gzip, deflate
      CommandName:
      - keyvault network-rule add
      Connection:
      - keep-alive
      ParameterSetName:
      - --subnet --name --resource-group
      User-Agent:
      - AZURECLI/2.34.1 azsdk-python-azure-mgmt-keyvault/9.3.0 Python/3.8.7 (Windows-10-10.0.22000-SP0)
    method: GET
    uri: https://management.azure.com/subscriptions/00000000-0000-0000-0000-000000000000/resourceGroups/cli_test_keyvault_network_rule000001/providers/Microsoft.KeyVault/vaults/cli-test-kv-nr-000002?api-version=2021-06-01-preview
  response:
    body:
      string: '{"id":"/subscriptions/00000000-0000-0000-0000-000000000000/resourceGroups/cli_test_keyvault_network_rule000001/providers/Microsoft.KeyVault/vaults/cli-test-kv-nr-000002","name":"cli-test-kv-nr-000002","type":"Microsoft.KeyVault/vaults","location":"eastus2","tags":{},"systemData":{"createdBy":"v-jonieliu@microsoft.com","createdByType":"User","createdAt":"2022-03-14T08:55:41.62Z","lastModifiedBy":"v-jonieliu@microsoft.com","lastModifiedByType":"User","lastModifiedAt":"2022-03-14T08:56:30.769Z"},"properties":{"sku":{"family":"A","name":"premium"},"tenantId":"54826b22-38d6-4fb2-bad9-b7b93a3e9c5a","networkAcls":{"bypass":"AzureServices","defaultAction":"Deny","ipRules":[],"virtualNetworkRules":[{"id":"/subscriptions/00000000-0000-0000-0000-000000000000/resourcegroups/cli_test_keyvault_network_rule000001/providers/microsoft.network/virtualnetworks/cli-test-vnet-000008/subnets/cli-test-subnet-000011"}]},"accessPolicies":[{"tenantId":"54826b22-38d6-4fb2-bad9-b7b93a3e9c5a","objectId":"b05a9d3b-71ea-4346-8682-c1800dec2d07","permissions":{"keys":["all"],"secrets":["all"],"certificates":["all"],"storage":["all"]}}],"enabledForDeployment":false,"enableSoftDelete":true,"softDeleteRetentionInDays":7,"vaultUri":"https://cli-test-kv-nr-000002.vault.azure.net/","provisioningState":"Succeeded","publicNetworkAccess":"Enabled"}}'
    headers:
      cache-control:
      - no-cache
      content-length:
      - '1329'
      content-type:
      - application/json; charset=utf-8
      date:
      - Mon, 14 Mar 2022 08:56:35 GMT
      expires:
      - '-1'
      pragma:
      - no-cache
      server:
      - Microsoft-IIS/10.0
      strict-transport-security:
      - max-age=31536000; includeSubDomains
      transfer-encoding:
      - chunked
      vary:
      - Accept-Encoding
      x-aspnet-version:
      - 4.0.30319
      x-content-type-options:
      - nosniff
      x-ms-keyvault-service-version:
      - 1.5.308.0
    status:
      code: 200
      message: OK
- request:
    body: null
    headers:
      Accept:
      - application/json
      Accept-Encoding:
      - gzip, deflate
      CommandName:
      - keyvault network-rule list
      Connection:
      - keep-alive
      ParameterSetName:
      - --name --resource-group
      User-Agent:
      - AZURECLI/2.34.1 azsdk-python-azure-mgmt-keyvault/9.3.0 Python/3.8.7 (Windows-10-10.0.22000-SP0)
    method: GET
    uri: https://management.azure.com/subscriptions/00000000-0000-0000-0000-000000000000/resourceGroups/cli_test_keyvault_network_rule000001/providers/Microsoft.KeyVault/vaults/cli-test-kv-nr-000002?api-version=2021-06-01-preview
  response:
    body:
      string: '{"id":"/subscriptions/00000000-0000-0000-0000-000000000000/resourceGroups/cli_test_keyvault_network_rule000001/providers/Microsoft.KeyVault/vaults/cli-test-kv-nr-000002","name":"cli-test-kv-nr-000002","type":"Microsoft.KeyVault/vaults","location":"eastus2","tags":{},"systemData":{"createdBy":"v-jonieliu@microsoft.com","createdByType":"User","createdAt":"2022-03-14T08:55:41.62Z","lastModifiedBy":"v-jonieliu@microsoft.com","lastModifiedByType":"User","lastModifiedAt":"2022-03-14T08:56:30.769Z"},"properties":{"sku":{"family":"A","name":"premium"},"tenantId":"54826b22-38d6-4fb2-bad9-b7b93a3e9c5a","networkAcls":{"bypass":"AzureServices","defaultAction":"Deny","ipRules":[],"virtualNetworkRules":[{"id":"/subscriptions/00000000-0000-0000-0000-000000000000/resourcegroups/cli_test_keyvault_network_rule000001/providers/microsoft.network/virtualnetworks/cli-test-vnet-000008/subnets/cli-test-subnet-000011"}]},"accessPolicies":[{"tenantId":"54826b22-38d6-4fb2-bad9-b7b93a3e9c5a","objectId":"b05a9d3b-71ea-4346-8682-c1800dec2d07","permissions":{"keys":["all"],"secrets":["all"],"certificates":["all"],"storage":["all"]}}],"enabledForDeployment":false,"enableSoftDelete":true,"softDeleteRetentionInDays":7,"vaultUri":"https://cli-test-kv-nr-000002.vault.azure.net/","provisioningState":"Succeeded","publicNetworkAccess":"Enabled"}}'
    headers:
      cache-control:
      - no-cache
      content-length:
      - '1329'
      content-type:
      - application/json; charset=utf-8
      date:
      - Mon, 14 Mar 2022 08:56:37 GMT
      expires:
      - '-1'
      pragma:
      - no-cache
      server:
      - Microsoft-IIS/10.0
      strict-transport-security:
      - max-age=31536000; includeSubDomains
      transfer-encoding:
      - chunked
      vary:
      - Accept-Encoding
      x-aspnet-version:
      - 4.0.30319
      x-content-type-options:
      - nosniff
      x-ms-keyvault-service-version:
      - 1.5.308.0
    status:
      code: 200
      message: OK
- request:
    body: null
    headers:
      Accept:
      - application/json
      Accept-Encoding:
      - gzip, deflate
      CommandName:
      - keyvault network-rule remove
      Connection:
      - keep-alive
      ParameterSetName:
      - --subnet --name --resource-group
      User-Agent:
      - AZURECLI/2.34.1 azsdk-python-azure-mgmt-keyvault/9.3.0 Python/3.8.7 (Windows-10-10.0.22000-SP0)
    method: GET
    uri: https://management.azure.com/subscriptions/00000000-0000-0000-0000-000000000000/resourceGroups/cli_test_keyvault_network_rule000001/providers/Microsoft.KeyVault/vaults/cli-test-kv-nr-000002?api-version=2021-06-01-preview
  response:
    body:
      string: '{"id":"/subscriptions/00000000-0000-0000-0000-000000000000/resourceGroups/cli_test_keyvault_network_rule000001/providers/Microsoft.KeyVault/vaults/cli-test-kv-nr-000002","name":"cli-test-kv-nr-000002","type":"Microsoft.KeyVault/vaults","location":"eastus2","tags":{},"systemData":{"createdBy":"v-jonieliu@microsoft.com","createdByType":"User","createdAt":"2022-03-14T08:55:41.62Z","lastModifiedBy":"v-jonieliu@microsoft.com","lastModifiedByType":"User","lastModifiedAt":"2022-03-14T08:56:30.769Z"},"properties":{"sku":{"family":"A","name":"premium"},"tenantId":"54826b22-38d6-4fb2-bad9-b7b93a3e9c5a","networkAcls":{"bypass":"AzureServices","defaultAction":"Deny","ipRules":[],"virtualNetworkRules":[{"id":"/subscriptions/00000000-0000-0000-0000-000000000000/resourcegroups/cli_test_keyvault_network_rule000001/providers/microsoft.network/virtualnetworks/cli-test-vnet-000008/subnets/cli-test-subnet-000011"}]},"accessPolicies":[{"tenantId":"54826b22-38d6-4fb2-bad9-b7b93a3e9c5a","objectId":"b05a9d3b-71ea-4346-8682-c1800dec2d07","permissions":{"keys":["all"],"secrets":["all"],"certificates":["all"],"storage":["all"]}}],"enabledForDeployment":false,"enableSoftDelete":true,"softDeleteRetentionInDays":7,"vaultUri":"https://cli-test-kv-nr-000002.vault.azure.net/","provisioningState":"Succeeded","publicNetworkAccess":"Enabled"}}'
    headers:
      cache-control:
      - no-cache
      content-length:
      - '1329'
      content-type:
      - application/json; charset=utf-8
      date:
      - Mon, 14 Mar 2022 08:56:40 GMT
      expires:
      - '-1'
      pragma:
      - no-cache
      server:
      - Microsoft-IIS/10.0
      strict-transport-security:
      - max-age=31536000; includeSubDomains
      transfer-encoding:
      - chunked
      vary:
      - Accept-Encoding
      x-aspnet-version:
      - 4.0.30319
      x-content-type-options:
      - nosniff
      x-ms-keyvault-service-version:
      - 1.5.308.0
    status:
      code: 200
      message: OK
- request:
    body: '{"location": "eastus2", "tags": {}, "properties": {"tenantId": "54826b22-38d6-4fb2-bad9-b7b93a3e9c5a",
      "sku": {"family": "A", "name": "premium"}, "accessPolicies": [{"tenantId": "54826b22-38d6-4fb2-bad9-b7b93a3e9c5a",
      "objectId": "b05a9d3b-71ea-4346-8682-c1800dec2d07", "permissions": {"keys":
      ["all"], "secrets": ["all"], "certificates": ["all"], "storage": ["all"]}}],
      "vaultUri": "https://cli-test-kv-nr-000002.vault.azure.net/", "enabledForDeployment":
      false, "enableSoftDelete": true, "softDeleteRetentionInDays": 7, "networkAcls":
      {"bypass": "AzureServices", "defaultAction": "Deny", "ipRules": [], "virtualNetworkRules":
      []}, "provisioningState": "Succeeded", "publicNetworkAccess": "Enabled"}}'
    headers:
      Accept:
      - application/json
      Accept-Encoding:
      - gzip, deflate
      CommandName:
      - keyvault network-rule remove
      Connection:
      - keep-alive
      Content-Length:
      - '701'
      Content-Type:
      - application/json
      ParameterSetName:
      - --subnet --name --resource-group
      User-Agent:
      - AZURECLI/2.34.1 azsdk-python-azure-mgmt-keyvault/9.3.0 Python/3.8.7 (Windows-10-10.0.22000-SP0)
    method: PUT
    uri: https://management.azure.com/subscriptions/00000000-0000-0000-0000-000000000000/resourceGroups/cli_test_keyvault_network_rule000001/providers/Microsoft.KeyVault/vaults/cli-test-kv-nr-000002?api-version=2021-06-01-preview
  response:
    body:
      string: '{"id":"/subscriptions/00000000-0000-0000-0000-000000000000/resourceGroups/cli_test_keyvault_network_rule000001/providers/Microsoft.KeyVault/vaults/cli-test-kv-nr-000002","name":"cli-test-kv-nr-000002","type":"Microsoft.KeyVault/vaults","location":"eastus2","tags":{},"systemData":{"createdBy":"v-jonieliu@microsoft.com","createdByType":"User","createdAt":"2022-03-14T08:55:41.62Z","lastModifiedBy":"v-jonieliu@microsoft.com","lastModifiedByType":"User","lastModifiedAt":"2022-03-14T08:56:40.744Z"},"properties":{"sku":{"family":"A","name":"premium"},"tenantId":"54826b22-38d6-4fb2-bad9-b7b93a3e9c5a","networkAcls":{"bypass":"AzureServices","defaultAction":"Deny","ipRules":[],"virtualNetworkRules":[]},"accessPolicies":[{"tenantId":"54826b22-38d6-4fb2-bad9-b7b93a3e9c5a","objectId":"b05a9d3b-71ea-4346-8682-c1800dec2d07","permissions":{"keys":["all"],"secrets":["all"],"certificates":["all"],"storage":["all"]}}],"enabledForDeployment":false,"enableSoftDelete":true,"softDeleteRetentionInDays":7,"vaultUri":"https://cli-test-kv-nr-000002.vault.azure.net/","provisioningState":"Succeeded","publicNetworkAccess":"Enabled"}}'
    headers:
      cache-control:
      - no-cache
      content-length:
      - '1121'
      content-type:
      - application/json; charset=utf-8
      date:
      - Mon, 14 Mar 2022 08:56:41 GMT
      expires:
      - '-1'
      pragma:
      - no-cache
      server:
      - Microsoft-IIS/10.0
      strict-transport-security:
      - max-age=31536000; includeSubDomains
      transfer-encoding:
      - chunked
      vary:
      - Accept-Encoding
      x-aspnet-version:
      - 4.0.30319
      x-content-type-options:
      - nosniff
      x-ms-keyvault-service-version:
      - 1.5.308.0
      x-ms-ratelimit-remaining-subscription-writes:
      - '1198'
    status:
      code: 200
      message: OK
- request:
    body: null
    headers:
      Accept:
      - application/json
      Accept-Encoding:
      - gzip, deflate
      CommandName:
      - keyvault network-rule add
      Connection:
      - keep-alive
      ParameterSetName:
      - --ip-address --name --resource-group
      User-Agent:
      - AZURECLI/2.34.1 azsdk-python-azure-mgmt-keyvault/9.3.0 Python/3.8.7 (Windows-10-10.0.22000-SP0)
    method: GET
    uri: https://management.azure.com/subscriptions/00000000-0000-0000-0000-000000000000/resourceGroups/cli_test_keyvault_network_rule000001/providers/Microsoft.KeyVault/vaults/cli-test-kv-nr-000002?api-version=2021-06-01-preview
  response:
    body:
      string: '{"id":"/subscriptions/00000000-0000-0000-0000-000000000000/resourceGroups/cli_test_keyvault_network_rule000001/providers/Microsoft.KeyVault/vaults/cli-test-kv-nr-000002","name":"cli-test-kv-nr-000002","type":"Microsoft.KeyVault/vaults","location":"eastus2","tags":{},"systemData":{"createdBy":"v-jonieliu@microsoft.com","createdByType":"User","createdAt":"2022-03-14T08:55:41.62Z","lastModifiedBy":"v-jonieliu@microsoft.com","lastModifiedByType":"User","lastModifiedAt":"2022-03-14T08:56:40.744Z"},"properties":{"sku":{"family":"A","name":"premium"},"tenantId":"54826b22-38d6-4fb2-bad9-b7b93a3e9c5a","networkAcls":{"bypass":"AzureServices","defaultAction":"Deny","ipRules":[],"virtualNetworkRules":[]},"accessPolicies":[{"tenantId":"54826b22-38d6-4fb2-bad9-b7b93a3e9c5a","objectId":"b05a9d3b-71ea-4346-8682-c1800dec2d07","permissions":{"keys":["all"],"secrets":["all"],"certificates":["all"],"storage":["all"]}}],"enabledForDeployment":false,"enableSoftDelete":true,"softDeleteRetentionInDays":7,"vaultUri":"https://cli-test-kv-nr-000002.vault.azure.net/","provisioningState":"Succeeded","publicNetworkAccess":"Enabled"}}'
    headers:
      cache-control:
      - no-cache
      content-length:
      - '1121'
      content-type:
      - application/json; charset=utf-8
      date:
      - Mon, 14 Mar 2022 08:56:43 GMT
      expires:
      - '-1'
      pragma:
      - no-cache
      server:
      - Microsoft-IIS/10.0
      strict-transport-security:
      - max-age=31536000; includeSubDomains
      transfer-encoding:
      - chunked
      vary:
      - Accept-Encoding
      x-aspnet-version:
      - 4.0.30319
      x-content-type-options:
      - nosniff
      x-ms-keyvault-service-version:
      - 1.5.308.0
    status:
      code: 200
      message: OK
- request:
    body: '{"location": "eastus2", "tags": {}, "properties": {"tenantId": "54826b22-38d6-4fb2-bad9-b7b93a3e9c5a",
      "sku": {"family": "A", "name": "premium"}, "accessPolicies": [{"tenantId": "54826b22-38d6-4fb2-bad9-b7b93a3e9c5a",
      "objectId": "b05a9d3b-71ea-4346-8682-c1800dec2d07", "permissions": {"keys":
      ["all"], "secrets": ["all"], "certificates": ["all"], "storage": ["all"]}}],
      "vaultUri": "https://cli-test-kv-nr-000002.vault.azure.net/", "enabledForDeployment":
      false, "enableSoftDelete": true, "softDeleteRetentionInDays": 7, "networkAcls":
      {"bypass": "AzureServices", "defaultAction": "Deny", "ipRules": [{"value": "1.2.3.4/32"}],
      "virtualNetworkRules": []}, "provisioningState": "Succeeded", "publicNetworkAccess":
      "Enabled"}}'
    headers:
      Accept:
      - application/json
      Accept-Encoding:
      - gzip, deflate
      CommandName:
      - keyvault network-rule add
      Connection:
      - keep-alive
      Content-Length:
      - '724'
      Content-Type:
      - application/json
      ParameterSetName:
      - --ip-address --name --resource-group
      User-Agent:
      - AZURECLI/2.34.1 azsdk-python-azure-mgmt-keyvault/9.3.0 Python/3.8.7 (Windows-10-10.0.22000-SP0)
    method: PUT
    uri: https://management.azure.com/subscriptions/00000000-0000-0000-0000-000000000000/resourceGroups/cli_test_keyvault_network_rule000001/providers/Microsoft.KeyVault/vaults/cli-test-kv-nr-000002?api-version=2021-06-01-preview
  response:
    body:
      string: '{"id":"/subscriptions/00000000-0000-0000-0000-000000000000/resourceGroups/cli_test_keyvault_network_rule000001/providers/Microsoft.KeyVault/vaults/cli-test-kv-nr-000002","name":"cli-test-kv-nr-000002","type":"Microsoft.KeyVault/vaults","location":"eastus2","tags":{},"systemData":{"createdBy":"v-jonieliu@microsoft.com","createdByType":"User","createdAt":"2022-03-14T08:55:41.62Z","lastModifiedBy":"v-jonieliu@microsoft.com","lastModifiedByType":"User","lastModifiedAt":"2022-03-14T08:56:44.564Z"},"properties":{"sku":{"family":"A","name":"premium"},"tenantId":"54826b22-38d6-4fb2-bad9-b7b93a3e9c5a","networkAcls":{"bypass":"AzureServices","defaultAction":"Deny","ipRules":[{"value":"1.2.3.4/32"}],"virtualNetworkRules":[]},"accessPolicies":[{"tenantId":"54826b22-38d6-4fb2-bad9-b7b93a3e9c5a","objectId":"b05a9d3b-71ea-4346-8682-c1800dec2d07","permissions":{"keys":["all"],"secrets":["all"],"certificates":["all"],"storage":["all"]}}],"enabledForDeployment":false,"enableSoftDelete":true,"softDeleteRetentionInDays":7,"vaultUri":"https://cli-test-kv-nr-000002.vault.azure.net/","provisioningState":"Succeeded","publicNetworkAccess":"Enabled"}}'
    headers:
      cache-control:
      - no-cache
      content-length:
      - '1143'
      content-type:
      - application/json; charset=utf-8
      date:
      - Mon, 14 Mar 2022 08:56:45 GMT
      expires:
      - '-1'
      pragma:
      - no-cache
      server:
      - Microsoft-IIS/10.0
      strict-transport-security:
      - max-age=31536000; includeSubDomains
      transfer-encoding:
      - chunked
      vary:
      - Accept-Encoding
      x-aspnet-version:
      - 4.0.30319
      x-content-type-options:
      - nosniff
      x-ms-keyvault-service-version:
      - 1.5.308.0
      x-ms-ratelimit-remaining-subscription-writes:
      - '1199'
    status:
      code: 200
      message: OK
- request:
    body: null
    headers:
      Accept:
      - application/json
      Accept-Encoding:
      - gzip, deflate
      CommandName:
      - keyvault network-rule add
      Connection:
      - keep-alive
      ParameterSetName:
      - --ip-address --name --resource-group
      User-Agent:
      - AZURECLI/2.34.1 azsdk-python-azure-mgmt-keyvault/9.3.0 Python/3.8.7 (Windows-10-10.0.22000-SP0)
    method: GET
    uri: https://management.azure.com/subscriptions/00000000-0000-0000-0000-000000000000/resourceGroups/cli_test_keyvault_network_rule000001/providers/Microsoft.KeyVault/vaults/cli-test-kv-nr-000002?api-version=2021-06-01-preview
  response:
    body:
      string: '{"id":"/subscriptions/00000000-0000-0000-0000-000000000000/resourceGroups/cli_test_keyvault_network_rule000001/providers/Microsoft.KeyVault/vaults/cli-test-kv-nr-000002","name":"cli-test-kv-nr-000002","type":"Microsoft.KeyVault/vaults","location":"eastus2","tags":{},"systemData":{"createdBy":"v-jonieliu@microsoft.com","createdByType":"User","createdAt":"2022-03-14T08:55:41.62Z","lastModifiedBy":"v-jonieliu@microsoft.com","lastModifiedByType":"User","lastModifiedAt":"2022-03-14T08:56:44.564Z"},"properties":{"sku":{"family":"A","name":"premium"},"tenantId":"54826b22-38d6-4fb2-bad9-b7b93a3e9c5a","networkAcls":{"bypass":"AzureServices","defaultAction":"Deny","ipRules":[{"value":"1.2.3.4/32"}],"virtualNetworkRules":[]},"accessPolicies":[{"tenantId":"54826b22-38d6-4fb2-bad9-b7b93a3e9c5a","objectId":"b05a9d3b-71ea-4346-8682-c1800dec2d07","permissions":{"keys":["all"],"secrets":["all"],"certificates":["all"],"storage":["all"]}}],"enabledForDeployment":false,"enableSoftDelete":true,"softDeleteRetentionInDays":7,"vaultUri":"https://cli-test-kv-nr-000002.vault.azure.net/","provisioningState":"Succeeded","publicNetworkAccess":"Enabled"}}'
    headers:
      cache-control:
      - no-cache
      content-length:
      - '1143'
      content-type:
      - application/json; charset=utf-8
      date:
      - Mon, 14 Mar 2022 08:56:47 GMT
      expires:
      - '-1'
      pragma:
      - no-cache
      server:
      - Microsoft-IIS/10.0
      strict-transport-security:
      - max-age=31536000; includeSubDomains
      transfer-encoding:
      - chunked
      vary:
      - Accept-Encoding
      x-aspnet-version:
      - 4.0.30319
      x-content-type-options:
      - nosniff
      x-ms-keyvault-service-version:
      - 1.5.308.0
    status:
      code: 200
      message: OK
- request:
    body: null
    headers:
      Accept:
      - application/json
      Accept-Encoding:
      - gzip, deflate
      CommandName:
      - keyvault network-rule add
      Connection:
      - keep-alive
      ParameterSetName:
      - --ip-address --name --resource-group
      User-Agent:
      - AZURECLI/2.34.1 azsdk-python-azure-mgmt-keyvault/9.3.0 Python/3.8.7 (Windows-10-10.0.22000-SP0)
    method: GET
    uri: https://management.azure.com/subscriptions/00000000-0000-0000-0000-000000000000/resourceGroups/cli_test_keyvault_network_rule000001/providers/Microsoft.KeyVault/vaults/cli-test-kv-nr-000002?api-version=2021-06-01-preview
  response:
    body:
      string: '{"id":"/subscriptions/00000000-0000-0000-0000-000000000000/resourceGroups/cli_test_keyvault_network_rule000001/providers/Microsoft.KeyVault/vaults/cli-test-kv-nr-000002","name":"cli-test-kv-nr-000002","type":"Microsoft.KeyVault/vaults","location":"eastus2","tags":{},"systemData":{"createdBy":"v-jonieliu@microsoft.com","createdByType":"User","createdAt":"2022-03-14T08:55:41.62Z","lastModifiedBy":"v-jonieliu@microsoft.com","lastModifiedByType":"User","lastModifiedAt":"2022-03-14T08:56:44.564Z"},"properties":{"sku":{"family":"A","name":"premium"},"tenantId":"54826b22-38d6-4fb2-bad9-b7b93a3e9c5a","networkAcls":{"bypass":"AzureServices","defaultAction":"Deny","ipRules":[{"value":"1.2.3.4/32"}],"virtualNetworkRules":[]},"accessPolicies":[{"tenantId":"54826b22-38d6-4fb2-bad9-b7b93a3e9c5a","objectId":"b05a9d3b-71ea-4346-8682-c1800dec2d07","permissions":{"keys":["all"],"secrets":["all"],"certificates":["all"],"storage":["all"]}}],"enabledForDeployment":false,"enableSoftDelete":true,"softDeleteRetentionInDays":7,"vaultUri":"https://cli-test-kv-nr-000002.vault.azure.net/","provisioningState":"Succeeded","publicNetworkAccess":"Enabled"}}'
    headers:
      cache-control:
      - no-cache
      content-length:
      - '1143'
      content-type:
      - application/json; charset=utf-8
      date:
      - Mon, 14 Mar 2022 08:56:49 GMT
      expires:
      - '-1'
      pragma:
      - no-cache
      server:
      - Microsoft-IIS/10.0
      strict-transport-security:
      - max-age=31536000; includeSubDomains
      transfer-encoding:
      - chunked
      vary:
      - Accept-Encoding
      x-aspnet-version:
      - 4.0.30319
      x-content-type-options:
      - nosniff
      x-ms-keyvault-service-version:
      - 1.5.308.0
    status:
      code: 200
      message: OK
- request:
    body: null
    headers:
      Accept:
      - application/json
      Accept-Encoding:
      - gzip, deflate
      CommandName:
      - keyvault network-rule list
      Connection:
      - keep-alive
      ParameterSetName:
      - --name --resource-group
      User-Agent:
      - AZURECLI/2.34.1 azsdk-python-azure-mgmt-keyvault/9.3.0 Python/3.8.7 (Windows-10-10.0.22000-SP0)
    method: GET
    uri: https://management.azure.com/subscriptions/00000000-0000-0000-0000-000000000000/resourceGroups/cli_test_keyvault_network_rule000001/providers/Microsoft.KeyVault/vaults/cli-test-kv-nr-000002?api-version=2021-06-01-preview
  response:
    body:
      string: '{"id":"/subscriptions/00000000-0000-0000-0000-000000000000/resourceGroups/cli_test_keyvault_network_rule000001/providers/Microsoft.KeyVault/vaults/cli-test-kv-nr-000002","name":"cli-test-kv-nr-000002","type":"Microsoft.KeyVault/vaults","location":"eastus2","tags":{},"systemData":{"createdBy":"v-jonieliu@microsoft.com","createdByType":"User","createdAt":"2022-03-14T08:55:41.62Z","lastModifiedBy":"v-jonieliu@microsoft.com","lastModifiedByType":"User","lastModifiedAt":"2022-03-14T08:56:44.564Z"},"properties":{"sku":{"family":"A","name":"premium"},"tenantId":"54826b22-38d6-4fb2-bad9-b7b93a3e9c5a","networkAcls":{"bypass":"AzureServices","defaultAction":"Deny","ipRules":[{"value":"1.2.3.4/32"}],"virtualNetworkRules":[]},"accessPolicies":[{"tenantId":"54826b22-38d6-4fb2-bad9-b7b93a3e9c5a","objectId":"b05a9d3b-71ea-4346-8682-c1800dec2d07","permissions":{"keys":["all"],"secrets":["all"],"certificates":["all"],"storage":["all"]}}],"enabledForDeployment":false,"enableSoftDelete":true,"softDeleteRetentionInDays":7,"vaultUri":"https://cli-test-kv-nr-000002.vault.azure.net/","provisioningState":"Succeeded","publicNetworkAccess":"Enabled"}}'
    headers:
      cache-control:
      - no-cache
      content-length:
      - '1143'
      content-type:
      - application/json; charset=utf-8
      date:
      - Mon, 14 Mar 2022 08:56:50 GMT
      expires:
      - '-1'
      pragma:
      - no-cache
      server:
      - Microsoft-IIS/10.0
      strict-transport-security:
      - max-age=31536000; includeSubDomains
      transfer-encoding:
      - chunked
      vary:
      - Accept-Encoding
      x-aspnet-version:
      - 4.0.30319
      x-content-type-options:
      - nosniff
      x-ms-keyvault-service-version:
      - 1.5.308.0
    status:
      code: 200
      message: OK
- request:
    body: null
    headers:
      Accept:
      - application/json
      Accept-Encoding:
      - gzip, deflate
      CommandName:
      - keyvault network-rule remove
      Connection:
      - keep-alive
      ParameterSetName:
      - --ip-address --name --resource-group
      User-Agent:
      - AZURECLI/2.34.1 azsdk-python-azure-mgmt-keyvault/9.3.0 Python/3.8.7 (Windows-10-10.0.22000-SP0)
    method: GET
    uri: https://management.azure.com/subscriptions/00000000-0000-0000-0000-000000000000/resourceGroups/cli_test_keyvault_network_rule000001/providers/Microsoft.KeyVault/vaults/cli-test-kv-nr-000002?api-version=2021-06-01-preview
  response:
    body:
      string: '{"id":"/subscriptions/00000000-0000-0000-0000-000000000000/resourceGroups/cli_test_keyvault_network_rule000001/providers/Microsoft.KeyVault/vaults/cli-test-kv-nr-000002","name":"cli-test-kv-nr-000002","type":"Microsoft.KeyVault/vaults","location":"eastus2","tags":{},"systemData":{"createdBy":"v-jonieliu@microsoft.com","createdByType":"User","createdAt":"2022-03-14T08:55:41.62Z","lastModifiedBy":"v-jonieliu@microsoft.com","lastModifiedByType":"User","lastModifiedAt":"2022-03-14T08:56:44.564Z"},"properties":{"sku":{"family":"A","name":"premium"},"tenantId":"54826b22-38d6-4fb2-bad9-b7b93a3e9c5a","networkAcls":{"bypass":"AzureServices","defaultAction":"Deny","ipRules":[{"value":"1.2.3.4/32"}],"virtualNetworkRules":[]},"accessPolicies":[{"tenantId":"54826b22-38d6-4fb2-bad9-b7b93a3e9c5a","objectId":"b05a9d3b-71ea-4346-8682-c1800dec2d07","permissions":{"keys":["all"],"secrets":["all"],"certificates":["all"],"storage":["all"]}}],"enabledForDeployment":false,"enableSoftDelete":true,"softDeleteRetentionInDays":7,"vaultUri":"https://cli-test-kv-nr-000002.vault.azure.net/","provisioningState":"Succeeded","publicNetworkAccess":"Enabled"}}'
    headers:
      cache-control:
      - no-cache
      content-length:
      - '1143'
      content-type:
      - application/json; charset=utf-8
      date:
      - Mon, 14 Mar 2022 08:56:53 GMT
      expires:
      - '-1'
      pragma:
      - no-cache
      server:
      - Microsoft-IIS/10.0
      strict-transport-security:
      - max-age=31536000; includeSubDomains
      transfer-encoding:
      - chunked
      vary:
      - Accept-Encoding
      x-aspnet-version:
      - 4.0.30319
      x-content-type-options:
      - nosniff
      x-ms-keyvault-service-version:
      - 1.5.308.0
    status:
      code: 200
      message: OK
- request:
    body: '{"location": "eastus2", "tags": {}, "properties": {"tenantId": "54826b22-38d6-4fb2-bad9-b7b93a3e9c5a",
      "sku": {"family": "A", "name": "premium"}, "accessPolicies": [{"tenantId": "54826b22-38d6-4fb2-bad9-b7b93a3e9c5a",
      "objectId": "b05a9d3b-71ea-4346-8682-c1800dec2d07", "permissions": {"keys":
      ["all"], "secrets": ["all"], "certificates": ["all"], "storage": ["all"]}}],
      "vaultUri": "https://cli-test-kv-nr-000002.vault.azure.net/", "enabledForDeployment":
      false, "enableSoftDelete": true, "softDeleteRetentionInDays": 7, "networkAcls":
      {"bypass": "AzureServices", "defaultAction": "Deny", "ipRules": [], "virtualNetworkRules":
      []}, "provisioningState": "Succeeded", "publicNetworkAccess": "Enabled"}}'
    headers:
      Accept:
      - application/json
      Accept-Encoding:
      - gzip, deflate
      CommandName:
      - keyvault network-rule remove
      Connection:
      - keep-alive
      Content-Length:
      - '701'
      Content-Type:
      - application/json
      ParameterSetName:
      - --ip-address --name --resource-group
      User-Agent:
      - AZURECLI/2.34.1 azsdk-python-azure-mgmt-keyvault/9.3.0 Python/3.8.7 (Windows-10-10.0.22000-SP0)
    method: PUT
    uri: https://management.azure.com/subscriptions/00000000-0000-0000-0000-000000000000/resourceGroups/cli_test_keyvault_network_rule000001/providers/Microsoft.KeyVault/vaults/cli-test-kv-nr-000002?api-version=2021-06-01-preview
  response:
    body:
      string: '{"id":"/subscriptions/00000000-0000-0000-0000-000000000000/resourceGroups/cli_test_keyvault_network_rule000001/providers/Microsoft.KeyVault/vaults/cli-test-kv-nr-000002","name":"cli-test-kv-nr-000002","type":"Microsoft.KeyVault/vaults","location":"eastus2","tags":{},"systemData":{"createdBy":"v-jonieliu@microsoft.com","createdByType":"User","createdAt":"2022-03-14T08:55:41.62Z","lastModifiedBy":"v-jonieliu@microsoft.com","lastModifiedByType":"User","lastModifiedAt":"2022-03-14T08:56:54.465Z"},"properties":{"sku":{"family":"A","name":"premium"},"tenantId":"54826b22-38d6-4fb2-bad9-b7b93a3e9c5a","networkAcls":{"bypass":"AzureServices","defaultAction":"Deny","ipRules":[],"virtualNetworkRules":[]},"accessPolicies":[{"tenantId":"54826b22-38d6-4fb2-bad9-b7b93a3e9c5a","objectId":"b05a9d3b-71ea-4346-8682-c1800dec2d07","permissions":{"keys":["all"],"secrets":["all"],"certificates":["all"],"storage":["all"]}}],"enabledForDeployment":false,"enableSoftDelete":true,"softDeleteRetentionInDays":7,"vaultUri":"https://cli-test-kv-nr-000002.vault.azure.net/","provisioningState":"Succeeded","publicNetworkAccess":"Enabled"}}'
    headers:
      cache-control:
      - no-cache
      content-length:
      - '1121'
      content-type:
      - application/json; charset=utf-8
      date:
      - Mon, 14 Mar 2022 08:56:53 GMT
      expires:
      - '-1'
      pragma:
      - no-cache
      server:
      - Microsoft-IIS/10.0
      strict-transport-security:
      - max-age=31536000; includeSubDomains
      transfer-encoding:
      - chunked
      vary:
      - Accept-Encoding
      x-aspnet-version:
      - 4.0.30319
      x-content-type-options:
      - nosniff
      x-ms-keyvault-service-version:
      - 1.5.308.0
      x-ms-ratelimit-remaining-subscription-writes:
      - '1199'
    status:
      code: 200
      message: OK
- request:
    body: null
    headers:
      Accept:
      - application/json
      Accept-Encoding:
      - gzip, deflate
      CommandName:
      - keyvault network-rule add
      Connection:
      - keep-alive
      ParameterSetName:
      - --ip-address --name --resource-group
      User-Agent:
      - AZURECLI/2.34.1 azsdk-python-azure-mgmt-keyvault/9.3.0 Python/3.8.7 (Windows-10-10.0.22000-SP0)
    method: GET
    uri: https://management.azure.com/subscriptions/00000000-0000-0000-0000-000000000000/resourceGroups/cli_test_keyvault_network_rule000001/providers/Microsoft.KeyVault/vaults/cli-test-kv-nr-000002?api-version=2021-06-01-preview
  response:
    body:
      string: '{"id":"/subscriptions/00000000-0000-0000-0000-000000000000/resourceGroups/cli_test_keyvault_network_rule000001/providers/Microsoft.KeyVault/vaults/cli-test-kv-nr-000002","name":"cli-test-kv-nr-000002","type":"Microsoft.KeyVault/vaults","location":"eastus2","tags":{},"systemData":{"createdBy":"v-jonieliu@microsoft.com","createdByType":"User","createdAt":"2022-03-14T08:55:41.62Z","lastModifiedBy":"v-jonieliu@microsoft.com","lastModifiedByType":"User","lastModifiedAt":"2022-03-14T08:56:54.465Z"},"properties":{"sku":{"family":"A","name":"premium"},"tenantId":"54826b22-38d6-4fb2-bad9-b7b93a3e9c5a","networkAcls":{"bypass":"AzureServices","defaultAction":"Deny","ipRules":[],"virtualNetworkRules":[]},"accessPolicies":[{"tenantId":"54826b22-38d6-4fb2-bad9-b7b93a3e9c5a","objectId":"b05a9d3b-71ea-4346-8682-c1800dec2d07","permissions":{"keys":["all"],"secrets":["all"],"certificates":["all"],"storage":["all"]}}],"enabledForDeployment":false,"enableSoftDelete":true,"softDeleteRetentionInDays":7,"vaultUri":"https://cli-test-kv-nr-000002.vault.azure.net/","provisioningState":"Succeeded","publicNetworkAccess":"Enabled"}}'
    headers:
      cache-control:
      - no-cache
      content-length:
      - '1121'
      content-type:
      - application/json; charset=utf-8
      date:
      - Mon, 14 Mar 2022 08:56:56 GMT
      expires:
      - '-1'
      pragma:
      - no-cache
      server:
      - Microsoft-IIS/10.0
      strict-transport-security:
      - max-age=31536000; includeSubDomains
      transfer-encoding:
      - chunked
      vary:
      - Accept-Encoding
      x-aspnet-version:
      - 4.0.30319
      x-content-type-options:
      - nosniff
      x-ms-keyvault-service-version:
      - 1.5.308.0
    status:
      code: 200
      message: OK
- request:
    body: '{"location": "eastus2", "tags": {}, "properties": {"tenantId": "54826b22-38d6-4fb2-bad9-b7b93a3e9c5a",
      "sku": {"family": "A", "name": "premium"}, "accessPolicies": [{"tenantId": "54826b22-38d6-4fb2-bad9-b7b93a3e9c5a",
      "objectId": "b05a9d3b-71ea-4346-8682-c1800dec2d07", "permissions": {"keys":
      ["all"], "secrets": ["all"], "certificates": ["all"], "storage": ["all"]}}],
      "vaultUri": "https://cli-test-kv-nr-000002.vault.azure.net/", "enabledForDeployment":
      false, "enableSoftDelete": true, "softDeleteRetentionInDays": 7, "networkAcls":
      {"bypass": "AzureServices", "defaultAction": "Deny", "ipRules": [{"value": "1.2.3.4/32"}],
      "virtualNetworkRules": []}, "provisioningState": "Succeeded", "publicNetworkAccess":
      "Enabled"}}'
    headers:
      Accept:
      - application/json
      Accept-Encoding:
      - gzip, deflate
      CommandName:
      - keyvault network-rule add
      Connection:
      - keep-alive
      Content-Length:
      - '724'
      Content-Type:
      - application/json
      ParameterSetName:
      - --ip-address --name --resource-group
      User-Agent:
      - AZURECLI/2.34.1 azsdk-python-azure-mgmt-keyvault/9.3.0 Python/3.8.7 (Windows-10-10.0.22000-SP0)
    method: PUT
    uri: https://management.azure.com/subscriptions/00000000-0000-0000-0000-000000000000/resourceGroups/cli_test_keyvault_network_rule000001/providers/Microsoft.KeyVault/vaults/cli-test-kv-nr-000002?api-version=2021-06-01-preview
  response:
    body:
      string: '{"id":"/subscriptions/00000000-0000-0000-0000-000000000000/resourceGroups/cli_test_keyvault_network_rule000001/providers/Microsoft.KeyVault/vaults/cli-test-kv-nr-000002","name":"cli-test-kv-nr-000002","type":"Microsoft.KeyVault/vaults","location":"eastus2","tags":{},"systemData":{"createdBy":"v-jonieliu@microsoft.com","createdByType":"User","createdAt":"2022-03-14T08:55:41.62Z","lastModifiedBy":"v-jonieliu@microsoft.com","lastModifiedByType":"User","lastModifiedAt":"2022-03-14T08:56:57.773Z"},"properties":{"sku":{"family":"A","name":"premium"},"tenantId":"54826b22-38d6-4fb2-bad9-b7b93a3e9c5a","networkAcls":{"bypass":"AzureServices","defaultAction":"Deny","ipRules":[{"value":"1.2.3.4/32"}],"virtualNetworkRules":[]},"accessPolicies":[{"tenantId":"54826b22-38d6-4fb2-bad9-b7b93a3e9c5a","objectId":"b05a9d3b-71ea-4346-8682-c1800dec2d07","permissions":{"keys":["all"],"secrets":["all"],"certificates":["all"],"storage":["all"]}}],"enabledForDeployment":false,"enableSoftDelete":true,"softDeleteRetentionInDays":7,"vaultUri":"https://cli-test-kv-nr-000002.vault.azure.net/","provisioningState":"Succeeded","publicNetworkAccess":"Enabled"}}'
    headers:
      cache-control:
      - no-cache
      content-length:
      - '1143'
      content-type:
      - application/json; charset=utf-8
      date:
      - Mon, 14 Mar 2022 08:56:57 GMT
      expires:
      - '-1'
      pragma:
      - no-cache
      server:
      - Microsoft-IIS/10.0
      strict-transport-security:
      - max-age=31536000; includeSubDomains
      transfer-encoding:
      - chunked
      vary:
      - Accept-Encoding
      x-aspnet-version:
      - 4.0.30319
      x-content-type-options:
      - nosniff
      x-ms-keyvault-service-version:
      - 1.5.308.0
      x-ms-ratelimit-remaining-subscription-writes:
      - '1198'
    status:
      code: 200
      message: OK
- request:
    body: null
    headers:
      Accept:
      - application/json
      Accept-Encoding:
      - gzip, deflate
      CommandName:
      - keyvault network-rule remove
      Connection:
      - keep-alive
      ParameterSetName:
      - --ip-address --name --resource-group
      User-Agent:
      - AZURECLI/2.34.1 azsdk-python-azure-mgmt-keyvault/9.3.0 Python/3.8.7 (Windows-10-10.0.22000-SP0)
    method: GET
    uri: https://management.azure.com/subscriptions/00000000-0000-0000-0000-000000000000/resourceGroups/cli_test_keyvault_network_rule000001/providers/Microsoft.KeyVault/vaults/cli-test-kv-nr-000002?api-version=2021-06-01-preview
  response:
    body:
      string: '{"id":"/subscriptions/00000000-0000-0000-0000-000000000000/resourceGroups/cli_test_keyvault_network_rule000001/providers/Microsoft.KeyVault/vaults/cli-test-kv-nr-000002","name":"cli-test-kv-nr-000002","type":"Microsoft.KeyVault/vaults","location":"eastus2","tags":{},"systemData":{"createdBy":"v-jonieliu@microsoft.com","createdByType":"User","createdAt":"2022-03-14T08:55:41.62Z","lastModifiedBy":"v-jonieliu@microsoft.com","lastModifiedByType":"User","lastModifiedAt":"2022-03-14T08:56:57.773Z"},"properties":{"sku":{"family":"A","name":"premium"},"tenantId":"54826b22-38d6-4fb2-bad9-b7b93a3e9c5a","networkAcls":{"bypass":"AzureServices","defaultAction":"Deny","ipRules":[{"value":"1.2.3.4/32"}],"virtualNetworkRules":[]},"accessPolicies":[{"tenantId":"54826b22-38d6-4fb2-bad9-b7b93a3e9c5a","objectId":"b05a9d3b-71ea-4346-8682-c1800dec2d07","permissions":{"keys":["all"],"secrets":["all"],"certificates":["all"],"storage":["all"]}}],"enabledForDeployment":false,"enableSoftDelete":true,"softDeleteRetentionInDays":7,"vaultUri":"https://cli-test-kv-nr-000002.vault.azure.net/","provisioningState":"Succeeded","publicNetworkAccess":"Enabled"}}'
    headers:
      cache-control:
      - no-cache
      content-length:
      - '1143'
      content-type:
      - application/json; charset=utf-8
      date:
      - Mon, 14 Mar 2022 08:57:00 GMT
      expires:
      - '-1'
      pragma:
      - no-cache
      server:
      - Microsoft-IIS/10.0
      strict-transport-security:
      - max-age=31536000; includeSubDomains
      transfer-encoding:
      - chunked
      vary:
      - Accept-Encoding
      x-aspnet-version:
      - 4.0.30319
      x-content-type-options:
      - nosniff
      x-ms-keyvault-service-version:
      - 1.5.308.0
    status:
      code: 200
      message: OK
- request:
    body: '{"location": "eastus2", "tags": {}, "properties": {"tenantId": "54826b22-38d6-4fb2-bad9-b7b93a3e9c5a",
      "sku": {"family": "A", "name": "premium"}, "accessPolicies": [{"tenantId": "54826b22-38d6-4fb2-bad9-b7b93a3e9c5a",
      "objectId": "b05a9d3b-71ea-4346-8682-c1800dec2d07", "permissions": {"keys":
      ["all"], "secrets": ["all"], "certificates": ["all"], "storage": ["all"]}}],
      "vaultUri": "https://cli-test-kv-nr-000002.vault.azure.net/", "enabledForDeployment":
      false, "enableSoftDelete": true, "softDeleteRetentionInDays": 7, "networkAcls":
      {"bypass": "AzureServices", "defaultAction": "Deny", "ipRules": [], "virtualNetworkRules":
      []}, "provisioningState": "Succeeded", "publicNetworkAccess": "Enabled"}}'
    headers:
      Accept:
      - application/json
      Accept-Encoding:
      - gzip, deflate
      CommandName:
      - keyvault network-rule remove
      Connection:
      - keep-alive
      Content-Length:
      - '701'
      Content-Type:
      - application/json
      ParameterSetName:
      - --ip-address --name --resource-group
      User-Agent:
      - AZURECLI/2.34.1 azsdk-python-azure-mgmt-keyvault/9.3.0 Python/3.8.7 (Windows-10-10.0.22000-SP0)
    method: PUT
    uri: https://management.azure.com/subscriptions/00000000-0000-0000-0000-000000000000/resourceGroups/cli_test_keyvault_network_rule000001/providers/Microsoft.KeyVault/vaults/cli-test-kv-nr-000002?api-version=2021-06-01-preview
  response:
    body:
      string: '{"id":"/subscriptions/00000000-0000-0000-0000-000000000000/resourceGroups/cli_test_keyvault_network_rule000001/providers/Microsoft.KeyVault/vaults/cli-test-kv-nr-000002","name":"cli-test-kv-nr-000002","type":"Microsoft.KeyVault/vaults","location":"eastus2","tags":{},"systemData":{"createdBy":"v-jonieliu@microsoft.com","createdByType":"User","createdAt":"2022-03-14T08:55:41.62Z","lastModifiedBy":"v-jonieliu@microsoft.com","lastModifiedByType":"User","lastModifiedAt":"2022-03-14T08:57:01.458Z"},"properties":{"sku":{"family":"A","name":"premium"},"tenantId":"54826b22-38d6-4fb2-bad9-b7b93a3e9c5a","networkAcls":{"bypass":"AzureServices","defaultAction":"Deny","ipRules":[],"virtualNetworkRules":[]},"accessPolicies":[{"tenantId":"54826b22-38d6-4fb2-bad9-b7b93a3e9c5a","objectId":"b05a9d3b-71ea-4346-8682-c1800dec2d07","permissions":{"keys":["all"],"secrets":["all"],"certificates":["all"],"storage":["all"]}}],"enabledForDeployment":false,"enableSoftDelete":true,"softDeleteRetentionInDays":7,"vaultUri":"https://cli-test-kv-nr-000002.vault.azure.net/","provisioningState":"Succeeded","publicNetworkAccess":"Enabled"}}'
    headers:
      cache-control:
      - no-cache
      content-length:
      - '1121'
      content-type:
      - application/json; charset=utf-8
      date:
      - Mon, 14 Mar 2022 08:57:01 GMT
      expires:
      - '-1'
      pragma:
      - no-cache
      server:
      - Microsoft-IIS/10.0
      strict-transport-security:
      - max-age=31536000; includeSubDomains
      transfer-encoding:
      - chunked
      vary:
      - Accept-Encoding
      x-aspnet-version:
      - 4.0.30319
      x-content-type-options:
      - nosniff
      x-ms-keyvault-service-version:
      - 1.5.308.0
      x-ms-ratelimit-remaining-subscription-writes:
      - '1198'
    status:
      code: 200
      message: OK
- request:
    body: null
    headers:
      Accept:
      - application/json
      Accept-Encoding:
      - gzip, deflate
      CommandName:
      - keyvault network-rule add
      Connection:
      - keep-alive
      ParameterSetName:
      - --ip-address --name --resource-group
      User-Agent:
      - AZURECLI/2.34.1 azsdk-python-azure-mgmt-keyvault/9.3.0 Python/3.8.7 (Windows-10-10.0.22000-SP0)
    method: GET
    uri: https://management.azure.com/subscriptions/00000000-0000-0000-0000-000000000000/resourceGroups/cli_test_keyvault_network_rule000001/providers/Microsoft.KeyVault/vaults/cli-test-kv-nr-000002?api-version=2021-06-01-preview
  response:
    body:
      string: '{"id":"/subscriptions/00000000-0000-0000-0000-000000000000/resourceGroups/cli_test_keyvault_network_rule000001/providers/Microsoft.KeyVault/vaults/cli-test-kv-nr-000002","name":"cli-test-kv-nr-000002","type":"Microsoft.KeyVault/vaults","location":"eastus2","tags":{},"systemData":{"createdBy":"v-jonieliu@microsoft.com","createdByType":"User","createdAt":"2022-03-14T08:55:41.62Z","lastModifiedBy":"v-jonieliu@microsoft.com","lastModifiedByType":"User","lastModifiedAt":"2022-03-14T08:57:01.458Z"},"properties":{"sku":{"family":"A","name":"premium"},"tenantId":"54826b22-38d6-4fb2-bad9-b7b93a3e9c5a","networkAcls":{"bypass":"AzureServices","defaultAction":"Deny","ipRules":[],"virtualNetworkRules":[]},"accessPolicies":[{"tenantId":"54826b22-38d6-4fb2-bad9-b7b93a3e9c5a","objectId":"b05a9d3b-71ea-4346-8682-c1800dec2d07","permissions":{"keys":["all"],"secrets":["all"],"certificates":["all"],"storage":["all"]}}],"enabledForDeployment":false,"enableSoftDelete":true,"softDeleteRetentionInDays":7,"vaultUri":"https://cli-test-kv-nr-000002.vault.azure.net/","provisioningState":"Succeeded","publicNetworkAccess":"Enabled"}}'
    headers:
      cache-control:
      - no-cache
      content-length:
      - '1121'
      content-type:
      - application/json; charset=utf-8
      date:
      - Mon, 14 Mar 2022 08:57:02 GMT
      expires:
      - '-1'
      pragma:
      - no-cache
      server:
      - Microsoft-IIS/10.0
      strict-transport-security:
      - max-age=31536000; includeSubDomains
      transfer-encoding:
      - chunked
      vary:
      - Accept-Encoding
      x-aspnet-version:
      - 4.0.30319
      x-content-type-options:
      - nosniff
      x-ms-keyvault-service-version:
      - 1.5.308.0
    status:
      code: 200
      message: OK
- request:
    body: '{"location": "eastus2", "tags": {}, "properties": {"tenantId": "54826b22-38d6-4fb2-bad9-b7b93a3e9c5a",
      "sku": {"family": "A", "name": "premium"}, "accessPolicies": [{"tenantId": "54826b22-38d6-4fb2-bad9-b7b93a3e9c5a",
      "objectId": "b05a9d3b-71ea-4346-8682-c1800dec2d07", "permissions": {"keys":
      ["all"], "secrets": ["all"], "certificates": ["all"], "storage": ["all"]}}],
      "vaultUri": "https://cli-test-kv-nr-000002.vault.azure.net/", "enabledForDeployment":
      false, "enableSoftDelete": true, "softDeleteRetentionInDays": 7, "networkAcls":
      {"bypass": "AzureServices", "defaultAction": "Deny", "ipRules": [{"value": "1.2.3.4/32"},
      {"value": "2.3.4.0/24"}, {"value": "3.4.5.0/24"}], "virtualNetworkRules": []},
      "provisioningState": "Succeeded", "publicNetworkAccess": "Enabled"}}'
    headers:
      Accept:
      - application/json
      Accept-Encoding:
      - gzip, deflate
      CommandName:
      - keyvault network-rule add
      Connection:
      - keep-alive
      Content-Length:
      - '774'
      Content-Type:
      - application/json
      ParameterSetName:
      - --ip-address --name --resource-group
      User-Agent:
      - AZURECLI/2.34.1 azsdk-python-azure-mgmt-keyvault/9.3.0 Python/3.8.7 (Windows-10-10.0.22000-SP0)
    method: PUT
    uri: https://management.azure.com/subscriptions/00000000-0000-0000-0000-000000000000/resourceGroups/cli_test_keyvault_network_rule000001/providers/Microsoft.KeyVault/vaults/cli-test-kv-nr-000002?api-version=2021-06-01-preview
  response:
    body:
      string: '{"id":"/subscriptions/00000000-0000-0000-0000-000000000000/resourceGroups/cli_test_keyvault_network_rule000001/providers/Microsoft.KeyVault/vaults/cli-test-kv-nr-000002","name":"cli-test-kv-nr-000002","type":"Microsoft.KeyVault/vaults","location":"eastus2","tags":{},"systemData":{"createdBy":"v-jonieliu@microsoft.com","createdByType":"User","createdAt":"2022-03-14T08:55:41.62Z","lastModifiedBy":"v-jonieliu@microsoft.com","lastModifiedByType":"User","lastModifiedAt":"2022-03-14T08:57:03.283Z"},"properties":{"sku":{"family":"A","name":"premium"},"tenantId":"54826b22-38d6-4fb2-bad9-b7b93a3e9c5a","networkAcls":{"bypass":"AzureServices","defaultAction":"Deny","ipRules":[{"value":"1.2.3.4/32"},{"value":"2.3.4.0/24"},{"value":"3.4.5.0/24"}],"virtualNetworkRules":[]},"accessPolicies":[{"tenantId":"54826b22-38d6-4fb2-bad9-b7b93a3e9c5a","objectId":"b05a9d3b-71ea-4346-8682-c1800dec2d07","permissions":{"keys":["all"],"secrets":["all"],"certificates":["all"],"storage":["all"]}}],"enabledForDeployment":false,"enableSoftDelete":true,"softDeleteRetentionInDays":7,"vaultUri":"https://cli-test-kv-nr-000002.vault.azure.net/","provisioningState":"Succeeded","publicNetworkAccess":"Enabled"}}'
    headers:
      cache-control:
      - no-cache
      content-length:
      - '1189'
      content-type:
      - application/json; charset=utf-8
      date:
      - Mon, 14 Mar 2022 08:57:02 GMT
      expires:
      - '-1'
      pragma:
      - no-cache
      server:
      - Microsoft-IIS/10.0
      strict-transport-security:
      - max-age=31536000; includeSubDomains
      transfer-encoding:
      - chunked
      vary:
      - Accept-Encoding
      x-aspnet-version:
      - 4.0.30319
      x-content-type-options:
      - nosniff
      x-ms-keyvault-service-version:
      - 1.5.308.0
      x-ms-ratelimit-remaining-subscription-writes:
      - '1198'
    status:
      code: 200
      message: OK
- request:
    body: null
    headers:
      Accept:
      - application/json
      Accept-Encoding:
      - gzip, deflate
      CommandName:
      - keyvault network-rule add
      Connection:
      - keep-alive
      ParameterSetName:
      - --ip-address --name --resource-group
      User-Agent:
      - AZURECLI/2.34.1 azsdk-python-azure-mgmt-keyvault/9.3.0 Python/3.8.7 (Windows-10-10.0.22000-SP0)
    method: GET
    uri: https://management.azure.com/subscriptions/00000000-0000-0000-0000-000000000000/resourceGroups/cli_test_keyvault_network_rule000001/providers/Microsoft.KeyVault/vaults/cli-test-kv-nr-000002?api-version=2021-06-01-preview
  response:
    body:
      string: '{"id":"/subscriptions/00000000-0000-0000-0000-000000000000/resourceGroups/cli_test_keyvault_network_rule000001/providers/Microsoft.KeyVault/vaults/cli-test-kv-nr-000002","name":"cli-test-kv-nr-000002","type":"Microsoft.KeyVault/vaults","location":"eastus2","tags":{},"systemData":{"createdBy":"v-jonieliu@microsoft.com","createdByType":"User","createdAt":"2022-03-14T08:55:41.62Z","lastModifiedBy":"v-jonieliu@microsoft.com","lastModifiedByType":"User","lastModifiedAt":"2022-03-14T08:57:03.283Z"},"properties":{"sku":{"family":"A","name":"premium"},"tenantId":"54826b22-38d6-4fb2-bad9-b7b93a3e9c5a","networkAcls":{"bypass":"AzureServices","defaultAction":"Deny","ipRules":[{"value":"1.2.3.4/32"},{"value":"2.3.4.0/24"},{"value":"3.4.5.0/24"}],"virtualNetworkRules":[]},"accessPolicies":[{"tenantId":"54826b22-38d6-4fb2-bad9-b7b93a3e9c5a","objectId":"b05a9d3b-71ea-4346-8682-c1800dec2d07","permissions":{"keys":["all"],"secrets":["all"],"certificates":["all"],"storage":["all"]}}],"enabledForDeployment":false,"enableSoftDelete":true,"softDeleteRetentionInDays":7,"vaultUri":"https://cli-test-kv-nr-000002.vault.azure.net/","provisioningState":"Succeeded","publicNetworkAccess":"Enabled"}}'
    headers:
      cache-control:
      - no-cache
      content-length:
      - '1189'
      content-type:
      - application/json; charset=utf-8
      date:
      - Mon, 14 Mar 2022 08:57:06 GMT
      expires:
      - '-1'
      pragma:
      - no-cache
      server:
      - Microsoft-IIS/10.0
      strict-transport-security:
      - max-age=31536000; includeSubDomains
      transfer-encoding:
      - chunked
      vary:
      - Accept-Encoding
      x-aspnet-version:
      - 4.0.30319
      x-content-type-options:
      - nosniff
      x-ms-keyvault-service-version:
      - 1.5.308.0
    status:
      code: 200
      message: OK
- request:
    body: '{"location": "eastus2", "tags": {}, "properties": {"tenantId": "54826b22-38d6-4fb2-bad9-b7b93a3e9c5a",
      "sku": {"family": "A", "name": "premium"}, "accessPolicies": [{"tenantId": "54826b22-38d6-4fb2-bad9-b7b93a3e9c5a",
      "objectId": "b05a9d3b-71ea-4346-8682-c1800dec2d07", "permissions": {"keys":
      ["all"], "secrets": ["all"], "certificates": ["all"], "storage": ["all"]}}],
      "vaultUri": "https://cli-test-kv-nr-000002.vault.azure.net/", "enabledForDeployment":
      false, "enableSoftDelete": true, "softDeleteRetentionInDays": 7, "networkAcls":
      {"bypass": "AzureServices", "defaultAction": "Deny", "ipRules": [{"value": "1.2.3.4/32"},
      {"value": "2.3.4.0/24"}, {"value": "3.4.5.0/24"}, {"value": "4.5.0.0/16"}],
      "virtualNetworkRules": []}, "provisioningState": "Succeeded", "publicNetworkAccess":
      "Enabled"}}'
    headers:
      Accept:
      - application/json
      Accept-Encoding:
      - gzip, deflate
      CommandName:
      - keyvault network-rule add
      Connection:
      - keep-alive
      Content-Length:
      - '799'
      Content-Type:
      - application/json
      ParameterSetName:
      - --ip-address --name --resource-group
      User-Agent:
      - AZURECLI/2.34.1 azsdk-python-azure-mgmt-keyvault/9.3.0 Python/3.8.7 (Windows-10-10.0.22000-SP0)
    method: PUT
    uri: https://management.azure.com/subscriptions/00000000-0000-0000-0000-000000000000/resourceGroups/cli_test_keyvault_network_rule000001/providers/Microsoft.KeyVault/vaults/cli-test-kv-nr-000002?api-version=2021-06-01-preview
  response:
    body:
      string: '{"id":"/subscriptions/00000000-0000-0000-0000-000000000000/resourceGroups/cli_test_keyvault_network_rule000001/providers/Microsoft.KeyVault/vaults/cli-test-kv-nr-000002","name":"cli-test-kv-nr-000002","type":"Microsoft.KeyVault/vaults","location":"eastus2","tags":{},"systemData":{"createdBy":"v-jonieliu@microsoft.com","createdByType":"User","createdAt":"2022-03-14T08:55:41.62Z","lastModifiedBy":"v-jonieliu@microsoft.com","lastModifiedByType":"User","lastModifiedAt":"2022-03-14T08:57:06.625Z"},"properties":{"sku":{"family":"A","name":"premium"},"tenantId":"54826b22-38d6-4fb2-bad9-b7b93a3e9c5a","networkAcls":{"bypass":"AzureServices","defaultAction":"Deny","ipRules":[{"value":"1.2.3.4/32"},{"value":"2.3.4.0/24"},{"value":"3.4.5.0/24"},{"value":"4.5.0.0/16"}],"virtualNetworkRules":[]},"accessPolicies":[{"tenantId":"54826b22-38d6-4fb2-bad9-b7b93a3e9c5a","objectId":"b05a9d3b-71ea-4346-8682-c1800dec2d07","permissions":{"keys":["all"],"secrets":["all"],"certificates":["all"],"storage":["all"]}}],"enabledForDeployment":false,"enableSoftDelete":true,"softDeleteRetentionInDays":7,"vaultUri":"https://cli-test-kv-nr-000002.vault.azure.net/","provisioningState":"Succeeded","publicNetworkAccess":"Enabled"}}'
    headers:
      cache-control:
      - no-cache
      content-length:
      - '1212'
      content-type:
      - application/json; charset=utf-8
      date:
      - Mon, 14 Mar 2022 08:57:06 GMT
      expires:
      - '-1'
      pragma:
      - no-cache
      server:
      - Microsoft-IIS/10.0
      strict-transport-security:
      - max-age=31536000; includeSubDomains
      transfer-encoding:
      - chunked
      vary:
      - Accept-Encoding
      x-aspnet-version:
      - 4.0.30319
      x-content-type-options:
      - nosniff
      x-ms-keyvault-service-version:
      - 1.5.308.0
      x-ms-ratelimit-remaining-subscription-writes:
      - '1199'
    status:
      code: 200
      message: OK
version: 1
