interactions:
- request:
    body: null
    headers:
      Accept:
      - application/json
      Accept-Encoding:
      - gzip, deflate
      Connection:
      - keep-alive
      User-Agent:
      - python/3.8.2 (Windows-10-10.0.19041-SP0) msrest/0.6.21 msrest_azure/0.6.3
        azure-graphrbac/0.60.0 Azure-SDK-For-Python
      accept-language:
      - en-US
    method: GET
    uri: https://graph.windows.net/00000000-0000-0000-0000-000000000000/me?api-version=1.6
  response:
    body:
      string: '{"odata.metadata":"https://graph.windows.net/00000000-0000-0000-0000-000000000000/$metadata#directoryObjects/@Element","odata.type":"Microsoft.DirectoryServices.User","objectType":"User","objectId":"f3ea48f6-a16e-4b37-8260-f69cf2200525","deletionTimestamp":null,"accountEnabled":true,"ageGroup":null,"assignedLicenses":[],"assignedPlans":[],"city":null,"companyName":null,"consentProvidedForMinor":null,"country":null,"createdDateTime":"2020-04-07T09:37:40Z","creationType":"Invitation","department":null,"dirSyncEnabled":null,"displayName":"Houk
        Chen","employeeId":null,"facsimileTelephoneNumber":null,"givenName":null,"immutableId":null,"isCompromised":null,"jobTitle":null,"lastDirSyncTime":null,"legalAgeGroupClassification":null,"mail":"honc@microsoft.com","mailNickname":"honc_microsoft.com#EXT#","mobile":null,"onPremisesDistinguishedName":null,"onPremisesSecurityIdentifier":null,"otherMails":["honc@microsoft.com"],"passwordPolicies":null,"passwordProfile":null,"physicalDeliveryOfficeName":null,"postalCode":null,"preferredLanguage":null,"provisionedPlans":[],"provisioningErrors":[],"proxyAddresses":["SMTP:honc@microsoft.com"],"refreshTokensValidFromDateTime":"2020-04-07T09:37:40Z","showInAddressList":false,"signInNames":[],"sipProxyAddress":null,"state":null,"streetAddress":null,"surname":null,"telephoneNumber":null,"thumbnailPhoto@odata.mediaEditLink":"directoryObjects/f3ea48f6-a16e-4b37-8260-f69cf2200525/Microsoft.DirectoryServices.User/thumbnailPhoto","usageLocation":null,"userIdentities":[],"userPrincipalName":"honc_microsoft.com#EXT#@AzureSDKTeam.onmicrosoft.com","userState":"Accepted","userStateChangedOn":"2020-04-10T09:25:17Z","userType":"Guest"}'
    headers:
      access-control-allow-origin:
      - '*'
      cache-control:
      - no-cache
      content-length:
      - '1676'
      content-type:
      - application/json; odata=minimalmetadata; streaming=true; charset=utf-8
      dataserviceversion:
      - 3.0;
      date:
      - Wed, 14 Apr 2021 05:22:39 GMT
      duration:
      - '3793926'
      expires:
      - '-1'
      ocp-aad-diagnostics-server-name:
      - uFRiu222W6aNRCtxcNkWSRF12a1qOq485FLC6CLr1ac=
      ocp-aad-session-key:
      - c7M66E26auKc7tf7ePBUI6EfFt1Mvxbr5uou9ajcRoF0F9IPRZ0ggZQ5LheDonSmOOY81AAQDK8YnJpK4TkQCNGAkp-fn_7cSr_GFZfmar7SGv37In5JRmdpNlUt3xMY.m3uyrNR2XXnob_NgLtZSpg7JzY0VJWDKpLG9nLjAz3M
      pragma:
      - no-cache
      request-id:
      - 2b6ee1e6-4f1a-4617-a314-ef524baba4a5
      strict-transport-security:
      - max-age=31536000; includeSubDomains
      x-aspnet-version:
      - 4.0.30319
      x-ms-dirapi-data-contract-version:
      - '1.6'
      x-ms-resource-unit:
      - '1'
      x-powered-by:
      - ASP.NET
    status:
      code: 200
      message: OK
- request:
    body: '{"location": "eastus2", "properties": {"tenantId": "54826b22-38d6-4fb2-bad9-b7b93a3e9c5a",
      "sku": {"family": "A", "name": "premium"}, "accessPolicies": [{"tenantId": "54826b22-38d6-4fb2-bad9-b7b93a3e9c5a",
      "objectId": "f3ea48f6-a16e-4b37-8260-f69cf2200525", "permissions": {"keys":
      ["get", "create", "delete", "list", "update", "import", "backup", "restore",
      "recover"], "secrets": ["get", "list", "set", "delete", "backup", "restore",
      "recover"], "certificates": ["get", "list", "delete", "create", "import", "update",
      "managecontacts", "getissuers", "listissuers", "setissuers", "deleteissuers",
      "manageissuers", "recover"], "storage": ["get", "list", "delete", "set", "update",
      "regeneratekey", "setsas", "listsas", "getsas", "deletesas"]}}], "enableSoftDelete":
      true, "softDeleteRetentionInDays": 7, "networkAcls": {"bypass": "AzureServices",
      "defaultAction": "Allow"}}}'
    headers:
      Accept:
      - application/json
      Accept-Encoding:
      - gzip, deflate
      CommandName:
      - keyvault create
      Connection:
      - keep-alive
      Content-Length:
      - '874'
      Content-Type:
      - application/json
      ParameterSetName:
      - -g -n -l --sku --retention-days --enable-soft-delete
      User-Agent:
      - AZURECLI/2.21.0 azsdk-python-azure-mgmt-keyvault/9.0.0 Python/3.8.2 (Windows-10-10.0.19041-SP0)
    method: PUT
    uri: https://management.azure.com/subscriptions/00000000-0000-0000-0000-000000000000/resourceGroups/cli_test_keyvault_key000001/providers/Microsoft.KeyVault/vaults/cli-test-kv-key-000002?api-version=2021-04-01-preview
  response:
    body:
      string: '{"id":"/subscriptions/00000000-0000-0000-0000-000000000000/resourceGroups/cli_test_keyvault_key000001/providers/Microsoft.KeyVault/vaults/cli-test-kv-key-000002","name":"cli-test-kv-key-000002","type":"Microsoft.KeyVault/vaults","location":"eastus2","tags":{},"systemData":{"createdBy":"honc@microsoft.com","createdByType":"User","createdAt":"1970-01-19T17:32:57.765Z","lastModifiedBy":"honc@microsoft.com","lastModifiedByType":"User","lastModifiedAt":"1970-01-19T17:32:57.765Z"},"properties":{"sku":{"family":"A","name":"premium"},"tenantId":"54826b22-38d6-4fb2-bad9-b7b93a3e9c5a","accessPolicies":[{"tenantId":"54826b22-38d6-4fb2-bad9-b7b93a3e9c5a","objectId":"f3ea48f6-a16e-4b37-8260-f69cf2200525","permissions":{"keys":["get","create","delete","list","update","import","backup","restore","recover"],"secrets":["get","list","set","delete","backup","restore","recover"],"certificates":["get","list","delete","create","import","update","managecontacts","getissuers","listissuers","setissuers","deleteissuers","manageissuers","recover"],"storage":["get","list","delete","set","update","regeneratekey","setsas","listsas","getsas","deletesas"]}}],"enabledForDeployment":false,"enableSoftDelete":true,"softDeleteRetentionInDays":7,"vaultUri":"https://cli-test-kv-key-000002.vault.azure.net","provisioningState":"RegisteringDns"}}'
    headers:
      cache-control:
      - no-cache
      content-length:
      - '1380'
      content-type:
      - application/json; charset=utf-8
      date:
      - Wed, 14 Apr 2021 05:22:47 GMT
      expires:
      - '-1'
      pragma:
      - no-cache
      server:
      - Microsoft-IIS/10.0
      strict-transport-security:
      - max-age=31536000; includeSubDomains
      transfer-encoding:
      - chunked
      vary:
      - Accept-Encoding
      x-aspnet-version:
      - 4.0.30319
      x-content-type-options:
      - nosniff
      x-ms-keyvault-service-version:
      - 1.1.292.0
      x-ms-ratelimit-remaining-subscription-writes:
      - '1193'
      x-powered-by:
      - ASP.NET
    status:
      code: 200
      message: OK
- request:
    body: null
    headers:
      Accept:
      - '*/*'
      Accept-Encoding:
      - gzip, deflate
      CommandName:
      - keyvault create
      Connection:
      - keep-alive
      ParameterSetName:
      - -g -n -l --sku --retention-days --enable-soft-delete
      User-Agent:
      - AZURECLI/2.21.0 azsdk-python-azure-mgmt-keyvault/9.0.0 Python/3.8.2 (Windows-10-10.0.19041-SP0)
    method: GET
    uri: https://management.azure.com/subscriptions/00000000-0000-0000-0000-000000000000/resourceGroups/cli_test_keyvault_key000001/providers/Microsoft.KeyVault/vaults/cli-test-kv-key-000002?api-version=2021-04-01-preview
  response:
    body:
      string: '{"id":"/subscriptions/00000000-0000-0000-0000-000000000000/resourceGroups/cli_test_keyvault_key000001/providers/Microsoft.KeyVault/vaults/cli-test-kv-key-000002","name":"cli-test-kv-key-000002","type":"Microsoft.KeyVault/vaults","location":"eastus2","tags":{},"systemData":{"createdBy":"honc@microsoft.com","createdByType":"User","createdAt":"1970-01-19T17:32:57.765Z","lastModifiedBy":"honc@microsoft.com","lastModifiedByType":"User","lastModifiedAt":"1970-01-19T17:32:57.765Z"},"properties":{"sku":{"family":"A","name":"premium"},"tenantId":"54826b22-38d6-4fb2-bad9-b7b93a3e9c5a","accessPolicies":[{"tenantId":"54826b22-38d6-4fb2-bad9-b7b93a3e9c5a","objectId":"f3ea48f6-a16e-4b37-8260-f69cf2200525","permissions":{"keys":["get","create","delete","list","update","import","backup","restore","recover"],"secrets":["get","list","set","delete","backup","restore","recover"],"certificates":["get","list","delete","create","import","update","managecontacts","getissuers","listissuers","setissuers","deleteissuers","manageissuers","recover"],"storage":["get","list","delete","set","update","regeneratekey","setsas","listsas","getsas","deletesas"]}}],"enabledForDeployment":false,"enableSoftDelete":true,"softDeleteRetentionInDays":7,"vaultUri":"https://cli-test-kv-key-000002.vault.azure.net/","provisioningState":"Succeeded"}}'
    headers:
      cache-control:
      - no-cache
      content-length:
      - '1376'
      content-type:
      - application/json; charset=utf-8
      date:
      - Wed, 14 Apr 2021 05:23:17 GMT
      expires:
      - '-1'
      pragma:
      - no-cache
      server:
      - Microsoft-IIS/10.0
      strict-transport-security:
      - max-age=31536000; includeSubDomains
      transfer-encoding:
      - chunked
      vary:
      - Accept-Encoding
      x-aspnet-version:
      - 4.0.30319
      x-content-type-options:
      - nosniff
      x-ms-keyvault-service-version:
      - 1.1.292.0
      x-powered-by:
      - ASP.NET
    status:
      code: 200
      message: OK
- request:
    body: ''
    headers:
      Accept:
      - application/json
      Accept-Encoding:
      - gzip, deflate
      Connection:
      - keep-alive
      Content-Length:
      - 0
      Content-Type:
      - application/json; charset=utf-8
      User-Agent:
      - python/3.8.2 (Windows-10-10.0.19041-SP0) msrest/0.6.21 msrest_azure/0.6.3
        azure-keyvault/7.0 Azure-SDK-For-Python
      accept-language:
      - en-US
    method: POST
    uri: https://cli-test-kv-key-000002.vault.azure.net/keys/key1-000003/create?api-version=7.0
  response:
    body:
      string: '{"error":{"code":"Unauthorized","message":"Request is missing a Bearer
        or PoP token."}}'
    headers:
      cache-control:
      - no-cache
      content-length:
      - '87'
      content-type:
      - application/json; charset=utf-8
      date:
      - Wed, 14 Apr 2021 05:23:20 GMT
      expires:
      - '-1'
      pragma:
      - no-cache
      strict-transport-security:
      - max-age=31536000;includeSubDomains
      www-authenticate:
      - Bearer authorization="https://login.windows.net/54826b22-38d6-4fb2-bad9-b7b93a3e9c5a",
        resource="https://vault.azure.net"
      x-content-type-options:
      - nosniff
      x-ms-keyvault-network-info:
      - conn_type=Ipv4;addr=167.220.255.86;act_addr_fam=InterNetwork;
      x-ms-keyvault-region:
      - eastus2
      x-ms-keyvault-service-version:
      - 1.2.236.0
      x-powered-by:
      - ASP.NET
    status:
      code: 401
      message: Unauthorized
- request:
    body: '{"kty": "RSA", "attributes": {"enabled": true}}'
    headers:
      Accept:
      - application/json
      Accept-Encoding:
      - gzip, deflate
      Connection:
      - keep-alive
      Content-Length:
      - '47'
      Content-Type:
      - application/json; charset=utf-8
      User-Agent:
      - python/3.8.2 (Windows-10-10.0.19041-SP0) msrest/0.6.21 msrest_azure/0.6.3
        azure-keyvault/7.0 Azure-SDK-For-Python
      accept-language:
      - en-US
    method: POST
    uri: https://cli-test-kv-key-000002.vault.azure.net/keys/key1-000003/create?api-version=7.0
  response:
    body:
      string: '{"key":{"kid":"https://cli-test-kv-key-000002.vault.azure.net/keys/key1-000003/01db5b6601fd496aa1e68164fd7e8167","kty":"RSA","key_ops":["encrypt","decrypt","sign","verify","wrapKey","unwrapKey"],"n":"0IDSYYc40a0tpVJeQQZpm4dZyXqZpvoWv9NUA8elYLnaIX5SwB0alMp-T4hCIDKf2dSYBCBOKqtwJ95j9KQ9_2n1B_VUnw8C5y-pFW2i8OVZPV42DsvDnM2oc_HZSBaHNEJi4NGBaEdjEpphrdfBWsFs2yFF4vCTKoVPVIMPJt9SFzZwS1mu6_qqtw0o-WmzAzJS4Pxp3EWXOyukrEYUFpsBfGxOetfve3_Ce8S8NOm0fOJIaoKwOvsLxlKvHr8DG8yq65Am1Bou1bCXe2nmB10fjAo9B3rCI7iTPWgkPDRRPoyp38tHhJZ-1MqKKENUitafSAp8atXYTseMIhD_0Q","e":"AQAB"},"attributes":{"enabled":true,"created":1618377800,"updated":1618377800,"recoveryLevel":"CustomizedRecoverable+Purgeable"}}'
    headers:
      cache-control:
      - no-cache
      content-length:
      - '693'
      content-type:
      - application/json; charset=utf-8
      date:
      - Wed, 14 Apr 2021 05:23:20 GMT
      expires:
      - '-1'
      pragma:
      - no-cache
      strict-transport-security:
      - max-age=31536000;includeSubDomains
      x-content-type-options:
      - nosniff
      x-ms-keyvault-network-info:
      - conn_type=Ipv4;addr=167.220.255.86;act_addr_fam=InterNetwork;
      x-ms-keyvault-region:
      - eastus2
      x-ms-keyvault-service-version:
      - 1.2.236.0
      x-powered-by:
      - ASP.NET
    status:
      code: 200
      message: OK
- request:
    body: '{"kty": "RSA", "attributes": {"enabled": true}}'
    headers:
      Accept:
      - application/json
      Accept-Encoding:
      - gzip, deflate
      Connection:
      - keep-alive
      Content-Length:
      - '47'
      Content-Type:
      - application/json; charset=utf-8
      User-Agent:
      - python/3.8.2 (Windows-10-10.0.19041-SP0) msrest/0.6.21 msrest_azure/0.6.3
        azure-keyvault/7.0 Azure-SDK-For-Python
      accept-language:
      - en-US
    method: POST
    uri: https://cli-test-kv-key-000002.vault.azure.net/keys/key2-000004/create?api-version=7.0
  response:
    body:
      string: '{"key":{"kid":"https://cli-test-kv-key-000002.vault.azure.net/keys/key2-000004/a7adb814923543bfab60c5aaeb96c3b2","kty":"RSA","key_ops":["encrypt","decrypt","sign","verify","wrapKey","unwrapKey"],"n":"poAPvbZE4iHIePkxjYbDDRJxbsxBEJBotOUemiYczviPxBizBxvBGDGDsBdxDDDHAL2IZPoLrV9sAJgItpMyMPSGz1crMUOk6xNsHUdlKjkZABA3wAqGMs9DMoGXmdCT2nVAluYNCqzI1H3-7U-DUTFi0JPgFLQNMbS0urvP0QOezQ3hUnryHytTPFhnszpVEE_omjTCMjN2F5y2RcfUWsz7d2eLSPR9BIQRcpCgWitWbaNuEoN3C4fvrgOMslD09FoEWlekE-e7MDGPPln9gsjebTtGR-hZ8LlbNhX307W0cmv1F96PTxF-J60fwG-RaX5wROuke1e_kHpA-ZYVqQ","e":"AQAB"},"attributes":{"enabled":true,"created":1618377802,"updated":1618377802,"recoveryLevel":"CustomizedRecoverable+Purgeable"}}'
    headers:
      cache-control:
      - no-cache
      content-length:
      - '693'
      content-type:
      - application/json; charset=utf-8
      date:
      - Wed, 14 Apr 2021 05:23:22 GMT
      expires:
      - '-1'
      pragma:
      - no-cache
      strict-transport-security:
      - max-age=31536000;includeSubDomains
      x-content-type-options:
      - nosniff
      x-ms-keyvault-network-info:
      - conn_type=Ipv4;addr=167.220.255.86;act_addr_fam=InterNetwork;
      x-ms-keyvault-region:
      - eastus2
      x-ms-keyvault-service-version:
      - 1.2.236.0
      x-powered-by:
      - ASP.NET
    status:
      code: 200
      message: OK
- request:
    body: null
    headers:
      Accept:
      - application/json
      Accept-Encoding:
      - gzip, deflate
      CommandName:
      - keyvault set-policy
      Connection:
      - keep-alive
      ParameterSetName:
      - -n --object-id --key-permissions
      User-Agent:
      - AZURECLI/2.21.0 azsdk-python-azure-mgmt-keyvault/9.0.0 Python/3.8.2 (Windows-10-10.0.19041-SP0)
    method: GET
    uri: https://management.azure.com/subscriptions/00000000-0000-0000-0000-000000000000/resources?$filter=resourceType%20eq%20%27Microsoft.KeyVault%2Fvaults%27&api-version=2015-11-01
  response:
    body:
      string: '{"value":[{"id":"/subscriptions/00000000-0000-0000-0000-000000000000/resourceGroups/azps-test-group/providers/Microsoft.KeyVault/vaults/azps-test-kv2","name":"azps-test-kv2","type":"Microsoft.KeyVault/vaults","location":"eastus","tags":{}},{"id":"/subscriptions/00000000-0000-0000-0000-000000000000/resourceGroups/azps-test-group/providers/Microsoft.KeyVault/vaults/azps-test-kv4","name":"azps-test-kv4","type":"Microsoft.KeyVault/vaults","location":"southcentralus","tags":{}},{"id":"/subscriptions/00000000-0000-0000-0000-000000000000/resourceGroups/cli_test_keyvault_certggzs7nxo5hjulhbph77kpvp354aj2g76gnb4o6vaxi6syrqnv6ggq/providers/Microsoft.KeyVault/vaults/cli-test-kv-ct-jf3usxgrl","name":"cli-test-kv-ct-jf3usxgrl","type":"Microsoft.KeyVault/vaults","location":"westus","tags":{}},{"id":"/subscriptions/00000000-0000-0000-0000-000000000000/resourceGroups/cli_test_keyvault_key000001/providers/Microsoft.KeyVault/vaults/cli-test-kv-key-000002","name":"cli-test-kv-key-000002","type":"Microsoft.KeyVault/vaults","location":"eastus2","tags":{}},{"id":"/subscriptions/00000000-0000-0000-0000-000000000000/resourceGroups/cli_test_keyvault_pecls2h5rxvfaqqkvye55nhoori3r3dmwaqfb7lzom54axazkkm4is7ke/providers/Microsoft.KeyVault/vaults/cli-test-kv-pec-x4mreb6v","name":"cli-test-kv-pec-x4mreb6v","type":"Microsoft.KeyVault/vaults","location":"eastus2","tags":{}},{"id":"/subscriptions/00000000-0000-0000-0000-000000000000/resourceGroups/cli_test_keyvault_pecneesgsl4w47vtn5drtkt22r73c3x6ls36ex34otqjxdj2ugfc7jgsx/providers/Microsoft.KeyVault/vaults/cli-test-kv-pec-tmsmlbwu","name":"cli-test-kv-pec-tmsmlbwu","type":"Microsoft.KeyVault/vaults","location":"eastus2","tags":{}},{"id":"/subscriptions/00000000-0000-0000-0000-000000000000/resourceGroups/cli_test_keyvault_sdmncdngmrvbbjhfs6a2sosy2kv22fuft3gi3yy6yqcgh53atiqp7iu6m/providers/Microsoft.KeyVault/vaults/cli-test-kv-sd-bii62ul25","name":"cli-test-kv-sd-bii62ul25","type":"Microsoft.KeyVault/vaults","location":"eastus2","tags":{}},{"id":"/subscriptions/00000000-0000-0000-0000-000000000000/resourceGroups/cli_test_keyvault_secret_soft_deletemq3pggvjub2evjp5lm4u3p6pogoqzenw3teewhk/providers/Microsoft.KeyVault/vaults/cli-test-kv-se-sd-oftopu","name":"cli-test-kv-se-sd-oftopu","type":"Microsoft.KeyVault/vaults","location":"eastus","tags":{}},{"id":"/subscriptions/00000000-0000-0000-0000-000000000000/resourceGroups/cli_test_keyvault_secret_soft_deletexwelh43xnqqk2ufsxr2z7lpxkw32ug6ebd4gheb/providers/Microsoft.KeyVault/vaults/cli-test-kv-se-sd-gdyyvj","name":"cli-test-kv-se-sd-gdyyvj","type":"Microsoft.KeyVault/vaults","location":"eastus","tags":{}},{"id":"/subscriptions/00000000-0000-0000-0000-000000000000/resourceGroups/cli_test_keyvault_secretf6hut52qzfmqwtgebrz7mtpsdiu7jd2kq2enndadzgrvtk5prq6/providers/Microsoft.KeyVault/vaults/cli-test-kv-se-ewh7pirby","name":"cli-test-kv-se-ewh7pirby","type":"Microsoft.KeyVault/vaults","location":"westus","tags":{}},{"id":"/subscriptions/00000000-0000-0000-0000-000000000000/resourceGroups/cli_test_keyvault_secretlpyj4a4hbgvbpbmyxaw6zw3z2tzcy3t4pc35nhlfo2ibhcmt5ax/providers/Microsoft.KeyVault/vaults/cli-test-kv-se-nawduqge5","name":"cli-test-kv-se-nawduqge5","type":"Microsoft.KeyVault/vaults","location":"westus","tags":{}},{"id":"/subscriptions/00000000-0000-0000-0000-000000000000/resourceGroups/fytest/providers/Microsoft.KeyVault/vaults/vault1569","name":"vault1569","type":"Microsoft.KeyVault/vaults","location":"centraluseuap","tags":{}},{"id":"/subscriptions/00000000-0000-0000-0000-000000000000/resourceGroups/houk-test/providers/Microsoft.KeyVault/vaults/houk-kv2","name":"houk-kv2","type":"Microsoft.KeyVault/vaults","location":"eastus","tags":{}},{"id":"/subscriptions/00000000-0000-0000-0000-000000000000/resourceGroups/jiasli-cli-dev/providers/Microsoft.KeyVault/vaults/cli-sni-kv","name":"cli-sni-kv","type":"Microsoft.KeyVault/vaults","location":"westus","tags":{}},{"id":"/subscriptions/00000000-0000-0000-0000-000000000000/resourceGroups/ljin-test/providers/Microsoft.KeyVault/vaults/kv-ljin-sni","name":"kv-ljin-sni","type":"Microsoft.KeyVault/vaults","location":"eastus","tags":{}},{"id":"/subscriptions/00000000-0000-0000-0000-000000000000/resourceGroups/yishitest/providers/Microsoft.KeyVault/vaults/ase-testdevice-020dc7b13","name":"ase-testdevice-020dc7b13","type":"Microsoft.KeyVault/vaults","location":"eastus","tags":{"dbe-resource":"testdevice"}},{"id":"/subscriptions/00000000-0000-0000-0000-000000000000/resourceGroups/yishitest/providers/Microsoft.KeyVault/vaults/ase-ysgatewayd-e2960da93","name":"ase-ysgatewayd-e2960da93","type":"Microsoft.KeyVault/vaults","location":"eastus","tags":{"dbe-resource":"ysgatewaydevice"}},{"id":"/subscriptions/00000000-0000-0000-0000-000000000000/resourceGroups/yishitest/providers/Microsoft.KeyVault/vaults/ysvault","name":"ysvault","type":"Microsoft.KeyVault/vaults","location":"westus","tags":{}}]}'
    headers:
      cache-control:
      - no-cache
      content-length:
      - '4931'
      content-type:
      - application/json; charset=utf-8
      date:
      - Wed, 14 Apr 2021 05:23:22 GMT
      expires:
      - '-1'
      pragma:
      - no-cache
      strict-transport-security:
      - max-age=31536000; includeSubDomains
      vary:
      - Accept-Encoding
      x-content-type-options:
      - nosniff
    status:
      code: 200
      message: OK
- request:
    body: null
    headers:
      Accept:
      - application/json
      Accept-Encoding:
      - gzip, deflate
      CommandName:
      - keyvault set-policy
      Connection:
      - keep-alive
      ParameterSetName:
      - -n --object-id --key-permissions
      User-Agent:
      - AZURECLI/2.21.0 azsdk-python-azure-mgmt-keyvault/9.0.0 Python/3.8.2 (Windows-10-10.0.19041-SP0)
    method: GET
    uri: https://management.azure.com/subscriptions/00000000-0000-0000-0000-000000000000/resourceGroups/cli_test_keyvault_key000001/providers/Microsoft.KeyVault/vaults/cli-test-kv-key-000002?api-version=2021-04-01-preview
  response:
    body:
      string: '{"id":"/subscriptions/00000000-0000-0000-0000-000000000000/resourceGroups/cli_test_keyvault_key000001/providers/Microsoft.KeyVault/vaults/cli-test-kv-key-000002","name":"cli-test-kv-key-000002","type":"Microsoft.KeyVault/vaults","location":"eastus2","tags":{},"systemData":{"createdBy":"honc@microsoft.com","createdByType":"User","createdAt":"1970-01-19T17:32:57.765Z","lastModifiedBy":"honc@microsoft.com","lastModifiedByType":"User","lastModifiedAt":"1970-01-19T17:32:57.765Z"},"properties":{"sku":{"family":"A","name":"premium"},"tenantId":"54826b22-38d6-4fb2-bad9-b7b93a3e9c5a","accessPolicies":[{"tenantId":"54826b22-38d6-4fb2-bad9-b7b93a3e9c5a","objectId":"f3ea48f6-a16e-4b37-8260-f69cf2200525","permissions":{"keys":["get","create","delete","list","update","import","backup","restore","recover"],"secrets":["get","list","set","delete","backup","restore","recover"],"certificates":["get","list","delete","create","import","update","managecontacts","getissuers","listissuers","setissuers","deleteissuers","manageissuers","recover"],"storage":["get","list","delete","set","update","regeneratekey","setsas","listsas","getsas","deletesas"]}}],"enabledForDeployment":false,"enableSoftDelete":true,"softDeleteRetentionInDays":7,"vaultUri":"https://cli-test-kv-key-000002.vault.azure.net/","provisioningState":"Succeeded"}}'
    headers:
      cache-control:
      - no-cache
      content-length:
      - '1376'
      content-type:
      - application/json; charset=utf-8
      date:
      - Wed, 14 Apr 2021 05:23:23 GMT
      expires:
      - '-1'
      pragma:
      - no-cache
      server:
      - Microsoft-IIS/10.0
      strict-transport-security:
      - max-age=31536000; includeSubDomains
      transfer-encoding:
      - chunked
      vary:
      - Accept-Encoding
      x-aspnet-version:
      - 4.0.30319
      x-content-type-options:
      - nosniff
      x-ms-keyvault-service-version:
      - 1.1.292.0
      x-powered-by:
      - ASP.NET
    status:
      code: 200
      message: OK
- request:
    body: '{"location": "eastus2", "tags": {}, "properties": {"tenantId": "54826b22-38d6-4fb2-bad9-b7b93a3e9c5a",
      "sku": {"family": "A", "name": "premium"}, "accessPolicies": [{"tenantId": "54826b22-38d6-4fb2-bad9-b7b93a3e9c5a",
      "objectId": "f3ea48f6-a16e-4b37-8260-f69cf2200525", "permissions": {"keys":
      ["delete", "list", "backup", "get", "recover", "restore", "encrypt", "import",
      "decrypt", "create", "update", "purge"], "secrets": ["get", "list", "set", "delete",
      "backup", "restore", "recover"], "certificates": ["get", "list", "delete", "create",
      "import", "update", "managecontacts", "getissuers", "listissuers", "setissuers",
      "deleteissuers", "manageissuers", "recover"], "storage": ["get", "list", "delete",
      "set", "update", "regeneratekey", "setsas", "listsas", "getsas", "deletesas"]}}],
      "vaultUri": "https://cli-test-kv-key-000002.vault.azure.net/", "enabledForDeployment":
      false, "enableSoftDelete": true, "softDeleteRetentionInDays": 7, "provisioningState":
      "Succeeded"}}'
    headers:
      Accept:
      - application/json
      Accept-Encoding:
      - gzip, deflate
      CommandName:
      - keyvault set-policy
      Connection:
      - keep-alive
      Content-Length:
      - '977'
      Content-Type:
      - application/json
      ParameterSetName:
      - -n --object-id --key-permissions
      User-Agent:
      - AZURECLI/2.21.0 azsdk-python-azure-mgmt-keyvault/9.0.0 Python/3.8.2 (Windows-10-10.0.19041-SP0)
    method: PUT
    uri: https://management.azure.com/subscriptions/00000000-0000-0000-0000-000000000000/resourceGroups/cli_test_keyvault_key000001/providers/Microsoft.KeyVault/vaults/cli-test-kv-key-000002?api-version=2021-04-01-preview
  response:
    body:
      string: '{"id":"/subscriptions/00000000-0000-0000-0000-000000000000/resourceGroups/cli_test_keyvault_key000001/providers/Microsoft.KeyVault/vaults/cli-test-kv-key-000002","name":"cli-test-kv-key-000002","type":"Microsoft.KeyVault/vaults","location":"eastus2","tags":{},"systemData":{"createdBy":"honc@microsoft.com","createdByType":"User","createdAt":"1970-01-19T17:32:57.765Z","lastModifiedBy":"honc@microsoft.com","lastModifiedByType":"User","lastModifiedAt":"1970-01-19T17:32:57.805Z"},"properties":{"sku":{"family":"A","name":"premium"},"tenantId":"54826b22-38d6-4fb2-bad9-b7b93a3e9c5a","accessPolicies":[{"tenantId":"54826b22-38d6-4fb2-bad9-b7b93a3e9c5a","objectId":"f3ea48f6-a16e-4b37-8260-f69cf2200525","permissions":{"keys":["delete","list","backup","get","recover","restore","encrypt","import","decrypt","create","update","purge"],"secrets":["get","list","set","delete","backup","restore","recover"],"certificates":["get","list","delete","create","import","update","managecontacts","getissuers","listissuers","setissuers","deleteissuers","manageissuers","recover"],"storage":["get","list","delete","set","update","regeneratekey","setsas","listsas","getsas","deletesas"]}}],"enabledForDeployment":false,"enableSoftDelete":true,"softDeleteRetentionInDays":7,"vaultUri":"https://cli-test-kv-key-000002.vault.azure.net/","provisioningState":"Succeeded"}}'
    headers:
      cache-control:
      - no-cache
      content-length:
      - '1404'
      content-type:
      - application/json; charset=utf-8
      date:
      - Wed, 14 Apr 2021 05:23:24 GMT
      expires:
      - '-1'
      pragma:
      - no-cache
      server:
      - Microsoft-IIS/10.0
      strict-transport-security:
      - max-age=31536000; includeSubDomains
      transfer-encoding:
      - chunked
      vary:
      - Accept-Encoding
      x-aspnet-version:
      - 4.0.30319
      x-content-type-options:
      - nosniff
      x-ms-keyvault-service-version:
      - 1.1.292.0
      x-ms-ratelimit-remaining-subscription-writes:
      - '1198'
      x-powered-by:
      - ASP.NET
    status:
      code: 200
      message: OK
- request:
    body: '{"alg": "RSA-OAEP", "value": "YWJjZGVm"}'
    headers:
      Accept:
      - application/json
      Accept-Encoding:
      - gzip, deflate
      Connection:
      - keep-alive
      Content-Length:
      - '40'
      Content-Type:
      - application/json; charset=utf-8
      User-Agent:
      - python/3.8.2 (Windows-10-10.0.19041-SP0) msrest/0.6.21 msrest_azure/0.6.3
        azure-keyvault/7.0 Azure-SDK-For-Python
      accept-language:
      - en-US
    method: POST
    uri: https://cli-test-kv-key-000002.vault.azure.net/keys/key1-000003/encrypt?api-version=7.0
  response:
    body:
      string: '{"kid":"https://cli-test-kv-key-000002.vault.azure.net/keys/key1-000003/01db5b6601fd496aa1e68164fd7e8167","value":"L9QUN56f8fER0AEyvYSR_H-kPSSBu3bnloYb4mGr75W6BXwLcr8u-o4YeRPBCH_BMmUmDrc7XZs29XNn9tpTdL42SY0W5Gwjigwl18qnrhPsnUnNLCDapa5w4opozaaBnkBAWHEpRk2_QzOCS2mAsNC2goUuy-J_JNjS73oHk2KT2YKnu3ftXMJtFkl21IyQznaiIbjMd4kzniR5c8UZDHHvMvS_h2iMXOlAV-D7CMLXsov8HIs0cAIx0SrhssMugmp1EqqccPZYOQqnW5vAhvPiBQrTbOgX9UYVgrmF91lJMX48aEW0hTzeNvrIXsr5L0WovRwuEadW7VIrp6jx2g"}'
    headers:
      cache-control:
      - no-cache
      content-length:
      - '474'
      content-type:
      - application/json; charset=utf-8
      date:
      - Wed, 14 Apr 2021 05:23:25 GMT
      expires:
      - '-1'
      pragma:
      - no-cache
      strict-transport-security:
      - max-age=31536000;includeSubDomains
      x-content-type-options:
      - nosniff
      x-ms-keyvault-network-info:
      - conn_type=Ipv4;addr=167.220.255.86;act_addr_fam=InterNetwork;
      x-ms-keyvault-region:
      - eastus2
      x-ms-keyvault-service-version:
      - 1.2.236.0
      x-powered-by:
      - ASP.NET
    status:
      code: 200
      message: OK
- request:
    body: '{"alg": "RSA-OAEP", "value": "YWJjZGVm"}'
    headers:
      Accept:
      - application/json
      Accept-Encoding:
      - gzip, deflate
      Connection:
      - keep-alive
      Content-Length:
      - '40'
      Content-Type:
      - application/json; charset=utf-8
      User-Agent:
      - python/3.8.2 (Windows-10-10.0.19041-SP0) msrest/0.6.21 msrest_azure/0.6.3
        azure-keyvault/7.0 Azure-SDK-For-Python
      accept-language:
      - en-US
    method: POST
    uri: https://cli-test-kv-key-000002.vault.azure.net/keys/key1-000003/encrypt?api-version=7.0
  response:
    body:
      string: '{"kid":"https://cli-test-kv-key-000002.vault.azure.net/keys/key1-000003/01db5b6601fd496aa1e68164fd7e8167","value":"vnuLJEzYgxIcTwqwHJOR5A8OesAVnhXy3O_jDZlm7W2j_sF4SLoLVu6X5teAsVWNWNP-Rq0LvC2urX85CPWKpXESBQQwjw3mHdtcFZL2OAhUPT7eEFG6zdaJRVI0t8RIb0qN0NlIZt3Mvb3BsoQUzQrGT0WHeQg-djT16BLu5IkBHAf_T0oMHDelH8zpxd_aNyTJihYaYuQtJY_PqZmrSjuLBP9l5kBGvSCYE-r-m1lCILNGe4STldpBMLNGF6dWlJrFh0HVEsvZbzlsluGbflaK5ToX10ELOl7IQc4W68TgL5RW5LzG-dhiGVpOg1JTzDVswHLsluVCvm_1Pzm8UA"}'
    headers:
      cache-control:
      - no-cache
      content-length:
      - '474'
      content-type:
      - application/json; charset=utf-8
      date:
      - Wed, 14 Apr 2021 05:23:27 GMT
      expires:
      - '-1'
      pragma:
      - no-cache
      strict-transport-security:
      - max-age=31536000;includeSubDomains
      x-content-type-options:
      - nosniff
      x-ms-keyvault-network-info:
      - conn_type=Ipv4;addr=167.220.255.86;act_addr_fam=InterNetwork;
      x-ms-keyvault-region:
      - eastus2
      x-ms-keyvault-service-version:
      - 1.2.236.0
      x-powered-by:
      - ASP.NET
    status:
      code: 200
      message: OK
- request:
    body: '{"alg": "RSA-OAEP", "value": "L9QUN56f8fER0AEyvYSR_H-kPSSBu3bnloYb4mGr75W6BXwLcr8u-o4YeRPBCH_BMmUmDrc7XZs29XNn9tpTdL42SY0W5Gwjigwl18qnrhPsnUnNLCDapa5w4opozaaBnkBAWHEpRk2_QzOCS2mAsNC2goUuy-J_JNjS73oHk2KT2YKnu3ftXMJtFkl21IyQznaiIbjMd4kzniR5c8UZDHHvMvS_h2iMXOlAV-D7CMLXsov8HIs0cAIx0SrhssMugmp1EqqccPZYOQqnW5vAhvPiBQrTbOgX9UYVgrmF91lJMX48aEW0hTzeNvrIXsr5L0WovRwuEadW7VIrp6jx2g"}'
    headers:
      Accept:
      - application/json
      Accept-Encoding:
      - gzip, deflate
      Connection:
      - keep-alive
      Content-Length:
      - '374'
      Content-Type:
      - application/json; charset=utf-8
      User-Agent:
      - python/3.8.2 (Windows-10-10.0.19041-SP0) msrest/0.6.21 msrest_azure/0.6.3
        azure-keyvault/7.0 Azure-SDK-For-Python
      accept-language:
      - en-US
    method: POST
    uri: https://cli-test-kv-key-000002.vault.azure.net/keys/key1-000003/decrypt?api-version=7.0
  response:
    body:
      string: '{"kid":"https://cli-test-kv-key-000002.vault.azure.net/keys/key1-000003/01db5b6601fd496aa1e68164fd7e8167","value":"YWJjZGVm"}'
    headers:
      cache-control:
      - no-cache
      content-length:
      - '140'
      content-type:
      - application/json; charset=utf-8
      date:
      - Wed, 14 Apr 2021 05:23:29 GMT
      expires:
      - '-1'
      pragma:
      - no-cache
      strict-transport-security:
      - max-age=31536000;includeSubDomains
      x-content-type-options:
      - nosniff
      x-ms-keyvault-network-info:
      - conn_type=Ipv4;addr=167.220.255.86;act_addr_fam=InterNetwork;
      x-ms-keyvault-region:
      - eastus2
      x-ms-keyvault-service-version:
      - 1.2.236.0
      x-powered-by:
      - ASP.NET
    status:
      code: 200
      message: OK
- request:
    body: '{"alg": "RSA-OAEP", "value": "vnuLJEzYgxIcTwqwHJOR5A8OesAVnhXy3O_jDZlm7W2j_sF4SLoLVu6X5teAsVWNWNP-Rq0LvC2urX85CPWKpXESBQQwjw3mHdtcFZL2OAhUPT7eEFG6zdaJRVI0t8RIb0qN0NlIZt3Mvb3BsoQUzQrGT0WHeQg-djT16BLu5IkBHAf_T0oMHDelH8zpxd_aNyTJihYaYuQtJY_PqZmrSjuLBP9l5kBGvSCYE-r-m1lCILNGe4STldpBMLNGF6dWlJrFh0HVEsvZbzlsluGbflaK5ToX10ELOl7IQc4W68TgL5RW5LzG-dhiGVpOg1JTzDVswHLsluVCvm_1Pzm8UA"}'
    headers:
      Accept:
      - application/json
      Accept-Encoding:
      - gzip, deflate
      Connection:
      - keep-alive
      Content-Length:
      - '374'
      Content-Type:
      - application/json; charset=utf-8
      User-Agent:
      - python/3.8.2 (Windows-10-10.0.19041-SP0) msrest/0.6.21 msrest_azure/0.6.3
        azure-keyvault/7.0 Azure-SDK-For-Python
      accept-language:
      - en-US
    method: POST
    uri: https://cli-test-kv-key-000002.vault.azure.net/keys/key1-000003/decrypt?api-version=7.0
  response:
    body:
      string: '{"kid":"https://cli-test-kv-key-000002.vault.azure.net/keys/key1-000003/01db5b6601fd496aa1e68164fd7e8167","value":"YWJjZGVm"}'
    headers:
      cache-control:
      - no-cache
      content-length:
      - '140'
      content-type:
      - application/json; charset=utf-8
      date:
      - Wed, 14 Apr 2021 05:23:30 GMT
      expires:
      - '-1'
      pragma:
      - no-cache
      strict-transport-security:
      - max-age=31536000;includeSubDomains
      x-content-type-options:
      - nosniff
      x-ms-keyvault-network-info:
      - conn_type=Ipv4;addr=167.220.255.22;act_addr_fam=InterNetwork;
      x-ms-keyvault-region:
      - eastus2
      x-ms-keyvault-service-version:
      - 1.2.236.0
      x-powered-by:
      - ASP.NET
    status:
      code: 200
      message: OK
- request:
    body: null
    headers:
      Accept:
      - application/json
      Accept-Encoding:
      - gzip, deflate
      Connection:
      - keep-alive
      Content-Type:
      - application/json; charset=utf-8
      User-Agent:
      - python/3.8.2 (Windows-10-10.0.19041-SP0) msrest/0.6.21 msrest_azure/0.6.3
        azure-keyvault/7.0 Azure-SDK-For-Python
      accept-language:
      - en-US
    method: GET
    uri: https://cli-test-kv-key-000002.vault.azure.net/keys?api-version=7.0
  response:
    body:
      string: '{"value":[{"kid":"https://cli-test-kv-key-000002.vault.azure.net/keys/key1-000003","attributes":{"enabled":true,"created":1618377800,"updated":1618377800,"recoveryLevel":"CustomizedRecoverable+Purgeable"}},{"kid":"https://cli-test-kv-key-000002.vault.azure.net/keys/key2-000004","attributes":{"enabled":true,"created":1618377802,"updated":1618377802,"recoveryLevel":"CustomizedRecoverable+Purgeable"}}],"nextLink":null}'
    headers:
      cache-control:
      - no-cache
      content-length:
      - '449'
      content-type:
      - application/json; charset=utf-8
      date:
      - Wed, 14 Apr 2021 05:23:32 GMT
      expires:
      - '-1'
      pragma:
      - no-cache
      strict-transport-security:
      - max-age=31536000;includeSubDomains
      x-content-type-options:
      - nosniff
      x-ms-keyvault-network-info:
      - conn_type=Ipv4;addr=167.220.255.22;act_addr_fam=InterNetwork;
      x-ms-keyvault-region:
      - eastus2
      x-ms-keyvault-service-version:
      - 1.2.236.0
      x-powered-by:
      - ASP.NET
    status:
      code: 200
      message: OK
- request:
    body: null
    headers:
      Accept:
      - application/json
      Accept-Encoding:
      - gzip, deflate
      Connection:
      - keep-alive
      Content-Type:
      - application/json; charset=utf-8
      User-Agent:
      - python/3.8.2 (Windows-10-10.0.19041-SP0) msrest/0.6.21 msrest_azure/0.6.3
        azure-keyvault/7.0 Azure-SDK-For-Python
      accept-language:
      - en-US
    method: GET
    uri: https://cli-test-kv-key-000002.vault.azure.net/keys?maxresults=10&api-version=7.0
  response:
    body:
      string: '{"value":[{"kid":"https://cli-test-kv-key-000002.vault.azure.net/keys/key1-000003","attributes":{"enabled":true,"created":1618377800,"updated":1618377800,"recoveryLevel":"CustomizedRecoverable+Purgeable"}},{"kid":"https://cli-test-kv-key-000002.vault.azure.net/keys/key2-000004","attributes":{"enabled":true,"created":1618377802,"updated":1618377802,"recoveryLevel":"CustomizedRecoverable+Purgeable"}}],"nextLink":null}'
    headers:
      cache-control:
      - no-cache
      content-length:
      - '449'
      content-type:
      - application/json; charset=utf-8
      date:
      - Wed, 14 Apr 2021 05:23:33 GMT
      expires:
      - '-1'
      pragma:
      - no-cache
      strict-transport-security:
      - max-age=31536000;includeSubDomains
      x-content-type-options:
      - nosniff
      x-ms-keyvault-network-info:
      - conn_type=Ipv4;addr=167.220.255.22;act_addr_fam=InterNetwork;
      x-ms-keyvault-region:
      - eastus2
      x-ms-keyvault-service-version:
      - 1.2.236.0
      x-powered-by:
      - ASP.NET
    status:
      code: 200
      message: OK
- request:
    body: null
    headers:
      Accept:
      - application/json
      Accept-Encoding:
      - gzip, deflate
      Connection:
      - keep-alive
      Content-Type:
      - application/json; charset=utf-8
      User-Agent:
      - python/3.8.2 (Windows-10-10.0.19041-SP0) msrest/0.6.21 msrest_azure/0.6.3
        azure-keyvault/7.0 Azure-SDK-For-Python
      accept-language:
      - en-US
    method: GET
    uri: https://cli-test-kv-key-000002.vault.azure.net/keys?maxresults=1&api-version=7.0
  response:
    body:
      string: '{"value":[{"kid":"https://cli-test-kv-key-000002.vault.azure.net/keys/key1-000003","attributes":{"enabled":true,"created":1618377800,"updated":1618377800,"recoveryLevel":"CustomizedRecoverable+Purgeable"}}],"nextLink":"https://cli-test-kv-key-000002.vault.azure.net:443/keys?api-version=7.0&$skiptoken=eyJOZXh0TWFya2VyIjoiMiE5NiFNREF3TURJNElXdGxlUzlMUlZreUxVUlRTMEZHUzBJMFR6TmFWMVJKVjBoSVVEVWhNREF3TURJNElUazVPVGt0TVRJdE16RlVNak02TlRrNk5Ua3VPVGs1T1RrNU9Wb2giLCJUYXJnZXRMb2NhdGlvbiI6MH0&maxresults=1"}'
    headers:
      cache-control:
      - no-cache
      content-length:
      - '517'
      content-type:
      - application/json; charset=utf-8
      date:
      - Wed, 14 Apr 2021 05:23:35 GMT
      expires:
      - '-1'
      pragma:
      - no-cache
      strict-transport-security:
      - max-age=31536000;includeSubDomains
      x-content-type-options:
      - nosniff
      x-ms-keyvault-network-info:
      - conn_type=Ipv4;addr=167.220.255.22;act_addr_fam=InterNetwork;
      x-ms-keyvault-region:
      - eastus2
      x-ms-keyvault-service-version:
      - 1.2.236.0
      x-powered-by:
      - ASP.NET
    status:
      code: 200
      message: OK
- request:
    body: ''
    headers:
      Accept:
      - application/json
      Accept-Encoding:
      - gzip, deflate
      Connection:
      - keep-alive
      Content-Length:
      - 0
      Content-Type:
      - application/json; charset=utf-8
      User-Agent:
      - python/3.8.2 (Windows-10-10.0.19041-SP0) msrest/0.6.21 msrest_azure/0.6.3
        azure-keyvault/7.0 Azure-SDK-For-Python
      accept-language:
      - en-US
    method: GET
    uri: https://cli-test-kv-key-000002.vault.azure.net/keys?api-version=7.0&$skiptoken=eyJOZXh0TWFya2VyIjoiMiE5NiFNREF3TURJNElXdGxlUzlMUlZreUxVUlRTMEZHUzBJMFR6TmFWMVJKVjBoSVVEVWhNREF3TURJNElUazVPVGt0TVRJdE16RlVNak02TlRrNk5Ua3VPVGs1T1RrNU9Wb2giLCJUYXJnZXRMb2NhdGlvbiI6MH0&maxresults=1
  response:
    body:
      string: '{"error":{"code":"Unauthorized","message":"Request is missing a Bearer
        or PoP token."}}'
    headers:
      cache-control:
      - no-cache
      content-length:
      - '87'
      content-type:
      - application/json; charset=utf-8
      date:
      - Wed, 14 Apr 2021 05:23:35 GMT
      expires:
      - '-1'
      pragma:
      - no-cache
      strict-transport-security:
      - max-age=31536000;includeSubDomains
      www-authenticate:
      - Bearer authorization="https://login.windows.net/54826b22-38d6-4fb2-bad9-b7b93a3e9c5a",
        resource="https://vault.azure.net"
      x-content-type-options:
      - nosniff
      x-ms-keyvault-network-info:
      - conn_type=Ipv4;addr=167.220.255.22;act_addr_fam=InterNetwork;
      x-ms-keyvault-region:
      - eastus2
      x-ms-keyvault-service-version:
      - 1.2.236.0
      x-powered-by:
      - ASP.NET
    status:
      code: 401
      message: Unauthorized
- request:
    body: ''
    headers:
      Accept:
      - application/json
      Accept-Encoding:
      - gzip, deflate
      Connection:
      - keep-alive
      Content-Length:
      - 0
      Content-Type:
      - application/json; charset=utf-8
      User-Agent:
      - python/3.8.2 (Windows-10-10.0.19041-SP0) msrest/0.6.21 msrest_azure/0.6.3
        azure-keyvault/7.0 Azure-SDK-For-Python
      accept-language:
      - en-US
    method: GET
    uri: https://cli-test-kv-key-000002.vault.azure.net/keys?api-version=7.0&$skiptoken=eyJOZXh0TWFya2VyIjoiMiE5NiFNREF3TURJNElXdGxlUzlMUlZreUxVUlRTMEZHUzBJMFR6TmFWMVJKVjBoSVVEVWhNREF3TURJNElUazVPVGt0TVRJdE16RlVNak02TlRrNk5Ua3VPVGs1T1RrNU9Wb2giLCJUYXJnZXRMb2NhdGlvbiI6MH0&maxresults=1
  response:
    body:
      string: '{"value":[{"kid":"https://cli-test-kv-key-000002.vault.azure.net/keys/key2-000004","attributes":{"enabled":true,"created":1618377802,"updated":1618377802,"recoveryLevel":"CustomizedRecoverable+Purgeable"}}],"nextLink":null}'
    headers:
      cache-control:
      - no-cache
      content-length:
      - '238'
      content-type:
      - application/json; charset=utf-8
      date:
      - Wed, 14 Apr 2021 05:23:37 GMT
      expires:
      - '-1'
      pragma:
      - no-cache
      strict-transport-security:
      - max-age=31536000;includeSubDomains
      x-content-type-options:
      - nosniff
      x-ms-keyvault-network-info:
      - conn_type=Ipv4;addr=167.220.255.22;act_addr_fam=InterNetwork;
      x-ms-keyvault-region:
      - eastus2
      x-ms-keyvault-service-version:
      - 1.2.236.0
      x-powered-by:
      - ASP.NET
    status:
      code: 200
      message: OK
- request:
    body: '{"kty": "RSA", "key_ops": ["encrypt", "decrypt"], "attributes": {"enabled":
      false}, "tags": {"test": "foo"}}'
    headers:
      Accept:
      - application/json
      Accept-Encoding:
      - gzip, deflate
      Connection:
      - keep-alive
      Content-Length:
      - '108'
      Content-Type:
      - application/json; charset=utf-8
      User-Agent:
      - python/3.8.2 (Windows-10-10.0.19041-SP0) msrest/0.6.21 msrest_azure/0.6.3
        azure-keyvault/7.0 Azure-SDK-For-Python
      accept-language:
      - en-US
    method: POST
    uri: https://cli-test-kv-key-000002.vault.azure.net/keys/key1-000003/create?api-version=7.0
  response:
    body:
      string: '{"key":{"kid":"https://cli-test-kv-key-000002.vault.azure.net/keys/key1-000003/da92a7557fe7448ca3e5702d5653970d","kty":"RSA","key_ops":["encrypt","decrypt"],"n":"xgPcRS752Cn92y1lPCgbkxNZluOnOYIuaTEqi3Wf9ABjxYv3d8wwnL4HmU5p8XS7IG4gXQD4eiypRzun2PQQFDWIha4Ch8kwMSriDQSaqYBD41pVWNUiyLmebO7UjQIBZyL1htUCfBS8iZW4vc4upeC_ZU329fUinhhneuSBwsNvc2iLDiM04-y1XAkQvakqL7uRnsX5wjPp6__JwPYCZPt3rd2mNJtnJMe7BsrXk3b-5mji7H3oKO282-6UNa9kfEPJ73VFux8eLmhBaazb44sRicRG-X3sktXu5_PC4nNYOS4Ah1V77aOD4VvAFYqZyoYp_ro-QrpXlbGBP5FW2Q","e":"AQAB"},"attributes":{"enabled":false,"created":1618377818,"updated":1618377818,"recoveryLevel":"CustomizedRecoverable+Purgeable"},"tags":{"test":"foo"}}'
    headers:
      cache-control:
      - no-cache
      content-length:
      - '678'
      content-type:
      - application/json; charset=utf-8
      date:
      - Wed, 14 Apr 2021 05:23:38 GMT
      expires:
      - '-1'
      pragma:
      - no-cache
      strict-transport-security:
      - max-age=31536000;includeSubDomains
      x-content-type-options:
      - nosniff
      x-ms-keyvault-network-info:
      - conn_type=Ipv4;addr=167.220.255.22;act_addr_fam=InterNetwork;
      x-ms-keyvault-region:
      - eastus2
      x-ms-keyvault-service-version:
      - 1.2.236.0
      x-powered-by:
      - ASP.NET
    status:
      code: 200
      message: OK
- request:
    body: null
    headers:
      Accept:
      - application/json
      Accept-Encoding:
      - gzip, deflate
      Connection:
      - keep-alive
      Content-Type:
      - application/json; charset=utf-8
      User-Agent:
      - python/3.8.2 (Windows-10-10.0.19041-SP0) msrest/0.6.21 msrest_azure/0.6.3
        azure-keyvault/7.0 Azure-SDK-For-Python
      accept-language:
      - en-US
    method: GET
    uri: https://cli-test-kv-key-000002.vault.azure.net/keys/key1-000003/versions?api-version=7.0
  response:
    body:
      string: '{"value":[{"kid":"https://cli-test-kv-key-000002.vault.azure.net/keys/key1-000003/01db5b6601fd496aa1e68164fd7e8167","attributes":{"enabled":true,"created":1618377800,"updated":1618377800,"recoveryLevel":"CustomizedRecoverable+Purgeable"}},{"kid":"https://cli-test-kv-key-000002.vault.azure.net/keys/key1-000003/da92a7557fe7448ca3e5702d5653970d","attributes":{"enabled":false,"created":1618377818,"updated":1618377818,"recoveryLevel":"CustomizedRecoverable+Purgeable"},"tags":{"test":"foo"}}],"nextLink":null}'
    headers:
      cache-control:
      - no-cache
      content-length:
      - '538'
      content-type:
      - application/json; charset=utf-8
      date:
      - Wed, 14 Apr 2021 05:23:39 GMT
      expires:
      - '-1'
      pragma:
      - no-cache
      strict-transport-security:
      - max-age=31536000;includeSubDomains
      x-content-type-options:
      - nosniff
      x-ms-keyvault-network-info:
      - conn_type=Ipv4;addr=167.220.255.22;act_addr_fam=InterNetwork;
      x-ms-keyvault-region:
      - eastus2
      x-ms-keyvault-service-version:
      - 1.2.236.0
      x-powered-by:
      - ASP.NET
    status:
      code: 200
      message: OK
- request:
    body: null
    headers:
      Accept:
      - application/json
      Accept-Encoding:
      - gzip, deflate
      Connection:
      - keep-alive
      Content-Type:
      - application/json; charset=utf-8
      User-Agent:
      - python/3.8.2 (Windows-10-10.0.19041-SP0) msrest/0.6.21 msrest_azure/0.6.3
        azure-keyvault/7.0 Azure-SDK-For-Python
      accept-language:
      - en-US
    method: GET
    uri: https://cli-test-kv-key-000002.vault.azure.net/keys/key1-000003/versions?maxresults=10&api-version=7.0
  response:
    body:
      string: '{"value":[{"kid":"https://cli-test-kv-key-000002.vault.azure.net/keys/key1-000003/01db5b6601fd496aa1e68164fd7e8167","attributes":{"enabled":true,"created":1618377800,"updated":1618377800,"recoveryLevel":"CustomizedRecoverable+Purgeable"}},{"kid":"https://cli-test-kv-key-000002.vault.azure.net/keys/key1-000003/da92a7557fe7448ca3e5702d5653970d","attributes":{"enabled":false,"created":1618377818,"updated":1618377818,"recoveryLevel":"CustomizedRecoverable+Purgeable"},"tags":{"test":"foo"}}],"nextLink":null}'
    headers:
      cache-control:
      - no-cache
      content-length:
      - '538'
      content-type:
      - application/json; charset=utf-8
      date:
      - Wed, 14 Apr 2021 05:23:40 GMT
      expires:
      - '-1'
      pragma:
      - no-cache
      strict-transport-security:
      - max-age=31536000;includeSubDomains
      x-content-type-options:
      - nosniff
      x-ms-keyvault-network-info:
      - conn_type=Ipv4;addr=167.220.255.22;act_addr_fam=InterNetwork;
      x-ms-keyvault-region:
      - eastus2
      x-ms-keyvault-service-version:
      - 1.2.236.0
      x-powered-by:
      - ASP.NET
    status:
      code: 200
      message: OK
- request:
    body: null
    headers:
      Accept:
      - application/json
      Accept-Encoding:
      - gzip, deflate
      Connection:
      - keep-alive
      Content-Type:
      - application/json; charset=utf-8
      User-Agent:
      - python/3.8.2 (Windows-10-10.0.19041-SP0) msrest/0.6.21 msrest_azure/0.6.3
        azure-keyvault/7.0 Azure-SDK-For-Python
      accept-language:
      - en-US
    method: GET
    uri: https://cli-test-kv-key-000002.vault.azure.net/keys/key1-000003/versions?maxresults=1&api-version=7.0
  response:
    body:
      string: '{"value":[{"kid":"https://cli-test-kv-key-000002.vault.azure.net/keys/key1-000003/01db5b6601fd496aa1e68164fd7e8167","attributes":{"enabled":true,"created":1618377800,"updated":1618377800,"recoveryLevel":"CustomizedRecoverable+Purgeable"}}],"nextLink":"https://cli-test-kv-key-000002.vault.azure.net:443/keys/key1-000003/versions?api-version=7.0&$skiptoken=eyJOZXh0TWFya2VyIjoiMiExNDAhTURBd01EWXhJV3RsZVM5TFJWa3hMVUZKVnpWS1ZqTTBTRFJVU1U5TlF6SlRWa3d2UkVFNU1rRTNOVFUzUmtVM05EUTRRMEV6UlRVM01ESkVOVFkxTXprM01FUWhNREF3TURJNElUazVPVGt0TVRJdE16RlVNak02TlRrNk5Ua3VPVGs1T1RrNU9Wb2giLCJUYXJnZXRMb2NhdGlvbiI6MH0&maxresults=1"}'
    headers:
      cache-control:
      - no-cache
      content-length:
      - '644'
      content-type:
      - application/json; charset=utf-8
      date:
      - Wed, 14 Apr 2021 05:23:42 GMT
      expires:
      - '-1'
      pragma:
      - no-cache
      strict-transport-security:
      - max-age=31536000;includeSubDomains
      x-content-type-options:
      - nosniff
      x-ms-keyvault-network-info:
      - conn_type=Ipv4;addr=167.220.255.86;act_addr_fam=InterNetwork;
      x-ms-keyvault-region:
      - eastus2
      x-ms-keyvault-service-version:
      - 1.2.236.0
      x-powered-by:
      - ASP.NET
    status:
      code: 200
      message: OK
- request:
    body: null
    headers:
      Accept:
      - application/json
      Accept-Encoding:
      - gzip, deflate
      Connection:
      - keep-alive
      Content-Type:
      - application/json; charset=utf-8
      User-Agent:
      - python/3.8.2 (Windows-10-10.0.19041-SP0) msrest/0.6.21 msrest_azure/0.6.3
        azure-keyvault/7.0 Azure-SDK-For-Python
      accept-language:
      - en-US
    method: GET
    uri: https://cli-test-kv-key-000002.vault.azure.net/keys/key1-000003/versions?api-version=7.0&$skiptoken=eyJOZXh0TWFya2VyIjoiMiExNDAhTURBd01EWXhJV3RsZVM5TFJWa3hMVUZKVnpWS1ZqTTBTRFJVU1U5TlF6SlRWa3d2UkVFNU1rRTNOVFUzUmtVM05EUTRRMEV6UlRVM01ESkVOVFkxTXprM01FUWhNREF3TURJNElUazVPVGt0TVRJdE16RlVNak02TlRrNk5Ua3VPVGs1T1RrNU9Wb2giLCJUYXJnZXRMb2NhdGlvbiI6MH0&maxresults=1
  response:
    body:
      string: '{"value":[{"kid":"https://cli-test-kv-key-000002.vault.azure.net/keys/key1-000003/da92a7557fe7448ca3e5702d5653970d","attributes":{"enabled":false,"created":1618377818,"updated":1618377818,"recoveryLevel":"CustomizedRecoverable+Purgeable"},"tags":{"test":"foo"}}],"nextLink":null}'
    headers:
      cache-control:
      - no-cache
      content-length:
      - '294'
      content-type:
      - application/json; charset=utf-8
      date:
      - Wed, 14 Apr 2021 05:23:43 GMT
      expires:
      - '-1'
      pragma:
      - no-cache
      strict-transport-security:
      - max-age=31536000;includeSubDomains
      x-content-type-options:
      - nosniff
      x-ms-keyvault-network-info:
      - conn_type=Ipv4;addr=167.220.255.86;act_addr_fam=InterNetwork;
      x-ms-keyvault-region:
      - eastus2
      x-ms-keyvault-service-version:
      - 1.2.236.0
      x-powered-by:
      - ASP.NET
    status:
      code: 200
      message: OK
- request:
    body: null
    headers:
      Accept:
      - application/json
      Accept-Encoding:
      - gzip, deflate
      Connection:
      - keep-alive
      Content-Type:
      - application/json; charset=utf-8
      User-Agent:
      - python/3.8.2 (Windows-10-10.0.19041-SP0) msrest/0.6.21 msrest_azure/0.6.3
        azure-keyvault/7.0 Azure-SDK-For-Python
      accept-language:
      - en-US
    method: GET
    uri: https://cli-test-kv-key-000002.vault.azure.net/keys/key1-000003/versions?api-version=7.0
  response:
    body:
      string: '{"value":[{"kid":"https://cli-test-kv-key-000002.vault.azure.net/keys/key1-000003/01db5b6601fd496aa1e68164fd7e8167","attributes":{"enabled":true,"created":1618377800,"updated":1618377800,"recoveryLevel":"CustomizedRecoverable+Purgeable"}},{"kid":"https://cli-test-kv-key-000002.vault.azure.net/keys/key1-000003/da92a7557fe7448ca3e5702d5653970d","attributes":{"enabled":false,"created":1618377818,"updated":1618377818,"recoveryLevel":"CustomizedRecoverable+Purgeable"},"tags":{"test":"foo"}}],"nextLink":null}'
    headers:
      cache-control:
      - no-cache
      content-length:
      - '538'
      content-type:
      - application/json; charset=utf-8
      date:
      - Wed, 14 Apr 2021 05:23:44 GMT
      expires:
      - '-1'
      pragma:
      - no-cache
      strict-transport-security:
      - max-age=31536000;includeSubDomains
      x-content-type-options:
      - nosniff
      x-ms-keyvault-network-info:
      - conn_type=Ipv4;addr=167.220.255.86;act_addr_fam=InterNetwork;
      x-ms-keyvault-region:
      - eastus2
      x-ms-keyvault-service-version:
      - 1.2.236.0
      x-powered-by:
      - ASP.NET
    status:
      code: 200
      message: OK
- request:
    body: null
    headers:
      Accept:
      - application/json
      Accept-Encoding:
      - gzip, deflate
      Connection:
      - keep-alive
      Content-Type:
      - application/json; charset=utf-8
      User-Agent:
      - python/3.8.2 (Windows-10-10.0.19041-SP0) msrest/0.6.21 msrest_azure/0.6.3
        azure-keyvault/7.0 Azure-SDK-For-Python
      accept-language:
      - en-US
    method: GET
    uri: https://cli-test-kv-key-000002.vault.azure.net/keys/key1-000003/versions?api-version=7.0
  response:
    body:
      string: '{"value":[{"kid":"https://cli-test-kv-key-000002.vault.azure.net/keys/key1-000003/01db5b6601fd496aa1e68164fd7e8167","attributes":{"enabled":true,"created":1618377800,"updated":1618377800,"recoveryLevel":"CustomizedRecoverable+Purgeable"}},{"kid":"https://cli-test-kv-key-000002.vault.azure.net/keys/key1-000003/da92a7557fe7448ca3e5702d5653970d","attributes":{"enabled":false,"created":1618377818,"updated":1618377818,"recoveryLevel":"CustomizedRecoverable+Purgeable"},"tags":{"test":"foo"}}],"nextLink":null}'
    headers:
      cache-control:
      - no-cache
      content-length:
      - '538'
      content-type:
      - application/json; charset=utf-8
      date:
      - Wed, 14 Apr 2021 05:23:47 GMT
      expires:
      - '-1'
      pragma:
      - no-cache
      strict-transport-security:
      - max-age=31536000;includeSubDomains
      x-content-type-options:
      - nosniff
      x-ms-keyvault-network-info:
      - conn_type=Ipv4;addr=167.220.255.86;act_addr_fam=InterNetwork;
      x-ms-keyvault-region:
      - eastus2
      x-ms-keyvault-service-version:
      - 1.2.236.0
      x-powered-by:
      - ASP.NET
    status:
      code: 200
      message: OK
- request:
    body: null
    headers:
      Accept:
      - application/json
      Accept-Encoding:
      - gzip, deflate
      Connection:
      - keep-alive
      Content-Type:
      - application/json; charset=utf-8
      User-Agent:
      - python/3.8.2 (Windows-10-10.0.19041-SP0) msrest/0.6.21 msrest_azure/0.6.3
        azure-keyvault/7.0 Azure-SDK-For-Python
      accept-language:
      - en-US
    method: GET
    uri: https://cli-test-kv-key-000002.vault.azure.net/keys/key1-000003/?api-version=7.0
  response:
    body:
      string: '{"key":{"kid":"https://cli-test-kv-key-000002.vault.azure.net/keys/key1-000003/da92a7557fe7448ca3e5702d5653970d","kty":"RSA","key_ops":["encrypt","decrypt"],"n":"xgPcRS752Cn92y1lPCgbkxNZluOnOYIuaTEqi3Wf9ABjxYv3d8wwnL4HmU5p8XS7IG4gXQD4eiypRzun2PQQFDWIha4Ch8kwMSriDQSaqYBD41pVWNUiyLmebO7UjQIBZyL1htUCfBS8iZW4vc4upeC_ZU329fUinhhneuSBwsNvc2iLDiM04-y1XAkQvakqL7uRnsX5wjPp6__JwPYCZPt3rd2mNJtnJMe7BsrXk3b-5mji7H3oKO282-6UNa9kfEPJ73VFux8eLmhBaazb44sRicRG-X3sktXu5_PC4nNYOS4Ah1V77aOD4VvAFYqZyoYp_ro-QrpXlbGBP5FW2Q","e":"AQAB"},"attributes":{"enabled":false,"created":1618377818,"updated":1618377818,"recoveryLevel":"CustomizedRecoverable+Purgeable"},"tags":{"test":"foo"}}'
    headers:
      cache-control:
      - no-cache
      content-length:
      - '678'
      content-type:
      - application/json; charset=utf-8
      date:
      - Wed, 14 Apr 2021 05:23:48 GMT
      expires:
      - '-1'
      pragma:
      - no-cache
      strict-transport-security:
      - max-age=31536000;includeSubDomains
      x-content-type-options:
      - nosniff
      x-ms-keyvault-network-info:
      - conn_type=Ipv4;addr=167.220.255.86;act_addr_fam=InterNetwork;
      x-ms-keyvault-region:
      - eastus2
      x-ms-keyvault-service-version:
      - 1.2.236.0
      x-powered-by:
      - ASP.NET
    status:
      code: 200
      message: OK
- request:
    body: null
    headers:
      Accept:
      - application/json
      Accept-Encoding:
      - gzip, deflate
      Connection:
      - keep-alive
      Content-Type:
      - application/json; charset=utf-8
      User-Agent:
      - python/3.8.2 (Windows-10-10.0.19041-SP0) msrest/0.6.21 msrest_azure/0.6.3
        azure-keyvault/7.0 Azure-SDK-For-Python
      accept-language:
      - en-US
    method: GET
    uri: https://cli-test-kv-key-000002.vault.azure.net/keys/key1-000003/01db5b6601fd496aa1e68164fd7e8167?api-version=7.0
  response:
    body:
      string: '{"key":{"kid":"https://cli-test-kv-key-000002.vault.azure.net/keys/key1-000003/01db5b6601fd496aa1e68164fd7e8167","kty":"RSA","key_ops":["encrypt","decrypt","sign","verify","wrapKey","unwrapKey"],"n":"0IDSYYc40a0tpVJeQQZpm4dZyXqZpvoWv9NUA8elYLnaIX5SwB0alMp-T4hCIDKf2dSYBCBOKqtwJ95j9KQ9_2n1B_VUnw8C5y-pFW2i8OVZPV42DsvDnM2oc_HZSBaHNEJi4NGBaEdjEpphrdfBWsFs2yFF4vCTKoVPVIMPJt9SFzZwS1mu6_qqtw0o-WmzAzJS4Pxp3EWXOyukrEYUFpsBfGxOetfve3_Ce8S8NOm0fOJIaoKwOvsLxlKvHr8DG8yq65Am1Bou1bCXe2nmB10fjAo9B3rCI7iTPWgkPDRRPoyp38tHhJZ-1MqKKENUitafSAp8atXYTseMIhD_0Q","e":"AQAB"},"attributes":{"enabled":true,"created":1618377800,"updated":1618377800,"recoveryLevel":"CustomizedRecoverable+Purgeable"}}'
    headers:
      cache-control:
      - no-cache
      content-length:
      - '693'
      content-type:
      - application/json; charset=utf-8
      date:
      - Wed, 14 Apr 2021 05:23:49 GMT
      expires:
      - '-1'
      pragma:
      - no-cache
      strict-transport-security:
      - max-age=31536000;includeSubDomains
      x-content-type-options:
      - nosniff
      x-ms-keyvault-network-info:
      - conn_type=Ipv4;addr=167.220.255.86;act_addr_fam=InterNetwork;
      x-ms-keyvault-region:
      - eastus2
      x-ms-keyvault-service-version:
      - 1.2.236.0
      x-powered-by:
      - ASP.NET
    status:
      code: 200
      message: OK
- request:
    body: null
    headers:
      Accept:
      - application/json
      Accept-Encoding:
      - gzip, deflate
      Connection:
      - keep-alive
      Content-Type:
      - application/json; charset=utf-8
      User-Agent:
      - python/3.8.2 (Windows-10-10.0.19041-SP0) msrest/0.6.21 msrest_azure/0.6.3
        azure-keyvault/7.0 Azure-SDK-For-Python
      accept-language:
      - en-US
    method: GET
    uri: https://cli-test-kv-key-000002.vault.azure.net/keys/key1-000003/01db5b6601fd496aa1e68164fd7e8167?api-version=7.0
  response:
    body:
      string: '{"key":{"kid":"https://cli-test-kv-key-000002.vault.azure.net/keys/key1-000003/01db5b6601fd496aa1e68164fd7e8167","kty":"RSA","key_ops":["encrypt","decrypt","sign","verify","wrapKey","unwrapKey"],"n":"0IDSYYc40a0tpVJeQQZpm4dZyXqZpvoWv9NUA8elYLnaIX5SwB0alMp-T4hCIDKf2dSYBCBOKqtwJ95j9KQ9_2n1B_VUnw8C5y-pFW2i8OVZPV42DsvDnM2oc_HZSBaHNEJi4NGBaEdjEpphrdfBWsFs2yFF4vCTKoVPVIMPJt9SFzZwS1mu6_qqtw0o-WmzAzJS4Pxp3EWXOyukrEYUFpsBfGxOetfve3_Ce8S8NOm0fOJIaoKwOvsLxlKvHr8DG8yq65Am1Bou1bCXe2nmB10fjAo9B3rCI7iTPWgkPDRRPoyp38tHhJZ-1MqKKENUitafSAp8atXYTseMIhD_0Q","e":"AQAB"},"attributes":{"enabled":true,"created":1618377800,"updated":1618377800,"recoveryLevel":"CustomizedRecoverable+Purgeable"}}'
    headers:
      cache-control:
      - no-cache
      content-length:
      - '693'
      content-type:
      - application/json; charset=utf-8
      date:
      - Wed, 14 Apr 2021 05:23:50 GMT
      expires:
      - '-1'
      pragma:
      - no-cache
      strict-transport-security:
      - max-age=31536000;includeSubDomains
      x-content-type-options:
      - nosniff
      x-ms-keyvault-network-info:
      - conn_type=Ipv4;addr=167.220.255.86;act_addr_fam=InterNetwork;
      x-ms-keyvault-region:
      - eastus2
      x-ms-keyvault-service-version:
      - 1.2.236.0
      x-powered-by:
      - ASP.NET
    status:
      code: 200
      message: OK
- request:
    body: '{"attributes": {"enabled": true}}'
    headers:
      Accept:
      - application/json
      Accept-Encoding:
      - gzip, deflate
      Connection:
      - keep-alive
      Content-Length:
      - '33'
      Content-Type:
      - application/json; charset=utf-8
      User-Agent:
      - python/3.8.2 (Windows-10-10.0.19041-SP0) msrest/0.6.21 msrest_azure/0.6.3
        azure-keyvault/7.0 Azure-SDK-For-Python
      accept-language:
      - en-US
    method: PATCH
    uri: https://cli-test-kv-key-000002.vault.azure.net/keys/key1-000003/?api-version=7.0
  response:
    body:
      string: '{"key":{"kid":"https://cli-test-kv-key-000002.vault.azure.net/keys/key1-000003/da92a7557fe7448ca3e5702d5653970d","kty":"RSA","key_ops":["encrypt","decrypt"],"n":"xgPcRS752Cn92y1lPCgbkxNZluOnOYIuaTEqi3Wf9ABjxYv3d8wwnL4HmU5p8XS7IG4gXQD4eiypRzun2PQQFDWIha4Ch8kwMSriDQSaqYBD41pVWNUiyLmebO7UjQIBZyL1htUCfBS8iZW4vc4upeC_ZU329fUinhhneuSBwsNvc2iLDiM04-y1XAkQvakqL7uRnsX5wjPp6__JwPYCZPt3rd2mNJtnJMe7BsrXk3b-5mji7H3oKO282-6UNa9kfEPJ73VFux8eLmhBaazb44sRicRG-X3sktXu5_PC4nNYOS4Ah1V77aOD4VvAFYqZyoYp_ro-QrpXlbGBP5FW2Q","e":"AQAB"},"attributes":{"enabled":true,"created":1618377818,"updated":1618377832,"recoveryLevel":"CustomizedRecoverable+Purgeable"},"tags":{"test":"foo"}}'
    headers:
      cache-control:
      - no-cache
      content-length:
      - '677'
      content-type:
      - application/json; charset=utf-8
      date:
      - Wed, 14 Apr 2021 05:23:52 GMT
      expires:
      - '-1'
      pragma:
      - no-cache
      strict-transport-security:
      - max-age=31536000;includeSubDomains
      x-content-type-options:
      - nosniff
      x-ms-keyvault-network-info:
      - conn_type=Ipv4;addr=167.220.255.86;act_addr_fam=InterNetwork;
      x-ms-keyvault-region:
      - eastus2
      x-ms-keyvault-service-version:
      - 1.2.236.0
      x-powered-by:
      - ASP.NET
    status:
      code: 200
      message: OK
- request:
    body: null
    headers:
      Accept:
      - application/json
      Accept-Encoding:
      - gzip, deflate
      Connection:
      - keep-alive
      Content-Length:
      - '0'
      Content-Type:
      - application/json; charset=utf-8
      User-Agent:
      - python/3.8.2 (Windows-10-10.0.19041-SP0) msrest/0.6.21 msrest_azure/0.6.3
        azure-keyvault/7.0 Azure-SDK-For-Python
      accept-language:
      - en-US
    method: POST
    uri: https://cli-test-kv-key-000002.vault.azure.net/keys/key1-000003/backup?api-version=7.0
  response:
    body:
      string: '{"value":"JkF6dXJlS2V5VmF1bHRLZXlCYWNrdXBWMS5taWNyb3NvZnQuY29tZXlKcmFXUWlPaUkwTXpnMVlqQTNZaTFrTlRRM0xUUXlaVFV0WVdVNVpTMDJNVEJrWXpNNVpHWmhaamdpTENKaGJHY2lPaUpTVTBFdFQwRkZVQzB5TlRZaUxDSmxibU1pT2lKQk1qVTJRMEpETFVoVE5URXlJbjAuV0Zmc1NnUVZqYjNyRDNzZkhnMHRVaGcyclNoSF9nSWMydnJiMUxtRVVpdmQxM0F0akFBRUlBX0xJWUhrT0EyaGxQTHBfdzd2aDJ1eDQyUXlETkpFNERoOHRQU2FpRHQzeFIyN1RzVXVEdDdaT0lBa0F2eUQyUW8yVDVMWWwyM1liSlplVTZteEpNcHhfcHBKX2tLa1RhTnBVOFVzYTVQb3JZMVRheGhEOTh5eVp4Y0tSYUJ3V0xzM3BhbzRwN0lSb252ZHhSWkR1aUtha0J0ZnlqZDNFc3FYX1ZvMVZOTzNPcTBQT2pOY0lwOVJEcnA0aVdJbTh2ZEFHS1ktcWhreU5BS2VETVkxZXZodlZnMnFHSnZjdTNzX3QyOTBVUWZLU3pQYXpNb0hBNWhYb05FUk1Kdnh2cjk0TUtqSkJWX1AydkliRUZxazRlQTJDSTRiXzdUMVh3LnpORGRPM19ZMGhSdnJBZ0ZsT1MwamcuLW5NaFRPZFJvQW5NODZjWFEtbWpINkhXLTlpaUF3Q3dTb3F3OVNrWGZvbzRNRkJrUnU0VXBEbGREQkI3UnBkNTM0YU8xajVyQ3BBV2EwZVZhZlB2TjkyZnpGUTlodXpPLTJDblAtRVJrQnV0MWdQYnJZNkstaEQtT0V3Mm5VelctNUVZZ2JHTWplMWE1V0FVQUtmQUZRME80bS1IVF94bURJUzdRS2NmdkZnaXJxcjV2QWdaa01Tbkp1TE1LMkdRS2lNVl9sZ2NPWU1YV1RINWh1aWNsNlR2ZmpiUy1jZDRSSGVvZjZzcmNPTHJxbk5JSW9UWUlJTk9UXzJQbXZwMC1FYl9IU1hOSXJFS3VhM3RuOF9UWms5am15WFVpR2ZCemdETDhONGVvOWxOaXpKMlQ0d3FmUi1BbzFfRklZMV9PcnprYWM0cWFxbnlKMHBUdzRMR0NyQmdKa3lCY2lVQTR1c2RaT0ZYTjZ1Y1U2WnViUmRXTklkMmhSc3FqcGVEeVNGRGtXdnNOTEUzcS1ZU0JrTnBsanV3amsyTW1VM2llSm5NOXV2RVp4eXQ2cEJ6OERjUVJ1Z05SRl91VWFBU0RRZThSSUlNN3hhMEVoYTVzNFFBc3doMkhhVlhNRG1aS1NNZ0lSanEwdTV5Umc5M3NBQTY5UjVEVGRjWDdiR09GdkhLTXZkaEFrNjB5UlZaM1ZSb2Yxb1pDUkFnUl9Od2R5VnZhXzcxM3VlNlZTLUJjR0VGVHdKVWo1cng5eTg3MU5veUZmSzA0aTYxQjRGZDZKYmRzZHduRGVfZXQ2SFJjN2szQmJ3U1p4UkpadHVzak9CTXAtSjl5TVJJdTJvdlMzc09KN3FFbXRNU1dwZ2FrRUViY05TZkJZU3JNaS1mVGxWMDhPM2NmV2dQMWMyeVBEZWlWN2s2X2QzOG1yekFCbE9vbXpNRk9qNkllOWJPMThVWlJOWEFxd2lCLS01alR1RDE4SzFxT3BOaElaN3Y0NnF1c3dNd0o5TzE5UVEzaU1BNkVweklLRkw3RUgwc0RpLUgxczRlTGVmdHNYcEE1Y1dCcHZic0Q5UzkzeHRYeVFMVHdQQ1J0bUtBUmpaeHVKbnV0MHlybzVuR3lsZlBjVENTN3dZWGV3bHJsME5KbUU1YzhjY1JINnExbkV0ZExhQ2JEYVo0TW1YdlM5Vkp1ZEZkR1JVU0U1V2x6SmFOcERpcXBENkhyQjFJcWYxWjNxRG9na2UwZ3ZTMXlBWEJxZHNldzhPdzZER3VVclNZcFpwdk5iLUVNRlktRjQyNkJuZ1AyWXRaNk1pNlA0aU16N250QmVENGpmNTZXeTE0QXFCUlRUY0ludVpRRER6QmRTOUJ5ajl6NXdkREZ2Tjc4MHVyZVY1aDVtQkYxZ0w4QlFSMnh1WUlfVEdYQUxTcGhoRjFCcEU4SjdFWThqODlJcl9GdlEybFZQczdBSUVSOHpJM2JEcEVSNUUxaEZJOUJGczdkeWtVWFgycFMwQ283Y2lxZXNmUldIZUlldDZhbExpVDA2T1pQLUFBb3pHWWNIUHJjUW93aEtzalpPMG9ZanZzNGRfTDZES3BkV29xNXR6a09vWW9GX1lqZEQ3UkVlS1hVTV9xekN6ZjR2cEJQTW13ZWpUNVFMY0ttcFhNeGNfaGp0dmpXQWo1anUxQUZhOC02ZmZESklodTFYa3BpcHJKOXVWUDEyalRQNUVicFF5MFRQMG5KZ0E1dkR1cGZtM2lvS19PODkySnB5dkMtWmhlM0dTa25mLVpyVk1Tc1NiV1ZXU1lHbHY4WHdGZXhDVlNXV3BmSlhoODE5WWYzeG9takNubUVSbGhBNldmLWxYb1NZM3lYMnNhREg4MHozWVlIaGZ0cTMzQy0waC1QMVdXdlZuNGZENEtGQ2dmQ1lfaE0tZ0cyVE5Md044N200Ul82cEpCamtScEV5TWRBc2FEa2ZOWXVwaTZ6WXNYZHdzcXhCRm9tLW90YXFhUlRJWTY2alQ1bUFfN0dZRWQ0QmgwZ0theWw3SmtjX0xfUGkzSUh0YzVXNHB1SkFBUzZCZ3NsY1JyYTAyWHpIZExWQnA0Q2NDVmRiTC0zUWRFRndpTWZMaHpma3EyT295R3hUUU9BWGkySjY4UGlIVHAwWDZvQS0wZV9OeFYwQWt5d3F1SFhxb1FaMlZNVDNaZ1pqcWZhd0ZQbWhUMVowN1BzeVNtbTBYU0RZTXcyVktLNExZdVZVTVhvZjdTS0lLU095M1NweGVmYkVxdERiLU95SXlmSTJELW11OVZZQXlzeTJ0QkVhdmdMN3FTUHBtemVqczVIZS16SnVSLUYzUDlmUkl2MUhkZVZmcW41NzYycjFabHFHNWhnbHMtbjE0ZmxjV1JNd0ZoeGtvNVhNZ3doakVDSjBZMDJFRWlPMVAzUVp4WE9vOEdwQU5ZS3lqMV8xWVV2WEh3QktyaTZSa291a2RLRTNKNHFscmczd0tLS1RXNlppazBVRHNOcmlRWUZxWENyd1JwVlA1NFdNdDJ4dW5aWVlmdlRlZmp1YXpUTEZNZEFrVjJqQmpXZmVjYVU2MEZJTkw5NjBpZ2FRS1BqYTE0TU9rVk5lOF82UG1yMElITWZjVGc4Y0dZdHJoQ0xyZHN4RWI1OVhpYnBRZFNiRmNfRGJsWXZZOGJ5Wjk1MHRYRzZQaDJXTkYxWE0tS3Z6UXdxUG1NbzQ5NE84ZFZhMmxaZFQ2aG0zX2VvcGtPVFMyR0dxQmIwbF9rS21iQ0l5RkVSWExZSEJRZmV3Wi1sN094eGtEZzYyeDIyQTMtOTkzdDJzbzV4bVNLZGo3aExob0U0VTc3T3BGWnRxdkR3SnVycjUtc1JoRkNtb1NucVhwQ3NRRlJTaEI1c2JrSHpKUkRkcmZ5QnRScmxsZnUtaUVTYW1nWlBTYWdiVmZHZDItZUItdS11Q0pCbURSZXcydGJ6YU55RVhVSGYwdmpZeFBuOXpDcHJfOFZhTGZ6UU9IX1MxaFZJOUh4bUpKeFpHRnlVNmtQa2kwM3hWME9XUUlsZVpaX2tvdjE0RV92RkJPTUFlRjh0OFNXWkhZUV9lOTJtNVhfWUQ3U3N5Z2FLc1NLUVdndUFqVmNoUmZNOFRiVG55LWN4Z3k5djdua0JJOVpxd0JRXzdDdWpYZGE0RE9YSzZfV0FKM1hhSklhTVNVMjQyXzRzTGZxTDQ1OWdycFVRTkI2SEdlbzNLek8tLTV3RXRYc3Z0Ukp0bVhmOHR6Uzh2TERVcTAtYjdqbTBQZUVoOXBFbkFJY0dEVDRDSW9RWEYtZWpkNU52b3VxRl9KT003WmozYzctM1dzbDRfeERTZkFHNXp3azFiTEJTQ2kyR1MzOHhITHBoaGhQUlR1eGk2ZzRzTGdPNUNraWtRSndQaEZCT2J2UUFUUkJYMENqSGZpQXg0b2s1MmZOX2F6UENiNWNFSnhJZnVGa04wblh2TE0zU1hNQ3AzQ1N0QTRCOTZRc2NsVldkMFBRNE1kY1g2Z0N5aHlhOUNQR3ZhVGFQbklTaXFFYW9DTkZEX18xUng2Ym9qazFidEU1UDNYYjBIbm5ldmRsNGxvVEkyNm0xQV9qa1d5RlhZUVFVV2FnTEVJYTFWaS0zaXBKeWRDbzFFU19SUHRDWldqZlJRSU85emVSTGFrNlR1MUxsVkZraWlGd21fVDI1MjRadVVCV0VDSXVfdVdoUUN0UWxTTnBXVVFoRXhHZmJNbk9JbjViSTVTcUUtSDFpU19qZ0dXSlQxbnJ4OTJrWkw0YTFGWmxDcFc0VUp6ZTFtdC0tUlN1SWltTTlGb1FMeG12dnJnU3pvQm9vWEoxUlpEbm1Fbjhsd1dDRmFwQTd5RVJLb2tfSHdheUhHcWROVGw3RHdjX2hFYlltTWVvR2d4LWlHeUZ6MmRMemF3VlhGNldWTW9udXQybTRJQ1VxQUxxdVJUeWhYb0JJaGl6dG53ZTlmTndiQXNIUVVTZk5ReGg0dGVEaVBIRzNCWHNGMVNBN0dyMnZIQjAxeS1PVmR5N0pCdFpnNkdSeDVSejhhZERhZXZCTWVlM3FNLTdySHp6ZzMtakw3RzFWRjF2WEhON2RETDlKeW9MNDlCSGpfUUpZTkxfZFF0ZjBjQTl3bHUzYnRpYzM1YTVwbDNlVWRjWl9iSzA4bmt5NlBQc25yTnhpbU5YTlh3NVV2SzRFdVJrWktJd191eXVma0pkbUFQRVJXUlBlY25XeUxCaDhDSWNCWUl0elNNQnkwQ1R5U0tZSVBSZUxPamNLSkt6ejB1VXJDb1hyQVVFWXlJSndWQXlybkEtZXdQdE1ZY0Q0S2c1aWtOMUdfV1dudDMtVUJrdkZuMFZqbldqRVVTeS1FQ081Zmx2SXg3UUc3emlEcGV0ZzFHZ0pyQjBYOThUZTN5TTdLQXhHWVlpSzBjb0VrOGE0WFNFc0JWNlBJLTAtM2h6YjJLSG9maDdtekdJRVB2UlFvcjZZN1NOMTJzNEg3dWF2MVdYQzM0RmpROGxoNFJBMll2blJMUUVaZU85TlhlRFU2dzhSb1I5aUlBSWdqR0cyT1BMWHZlM25xb25oaWMzM3ZRSlRjdndmZGloWWpkTUxNZ3ltRG53cUszNFRKRHRGRDVUMkYyOXdjV0c2SHd3VE5UcjhzOHhHOUI4VlRFTDVfcjRHWGloNG53aWlhTDRDRC1LdnhnU0d3SDVqbnJ5NnZhUlRvZDhlUktkOWtXaXoyeHFUbWtJczEtbkhDNkVOeE1pVHdKTFlwUVJZYV8tY2lDNlJnVURUbFZKWFdvQ1dzYVAtWlNBWWgtQXNrN0gyS0E5MDZjczNGUVVTVHB2WWZJMzdQaXM1ZG5aU3VWZmRubGpmQUF2WG8wbS1zaEU3U3BsNGlLend6eUl3U1VwZVFvSTJCMEhVM251ZU91b3AwRUNFTUxnelowZDhKV2lmUTNOUFFPMUpjSS0yTWF3d0wtT2VzM2xrdnBQWjYxLVdERmRaQTUzOGJ6V0d6YmNTZExPY0V4eE9KWGxHaFNMTDVoVVJ4Ynk4cjFPd0VUMm1rUnY3SHBjcnFMRUtYekdmTkV2aHVVZTdHcGdYVzRLcFl0VWtDWWR6VmtRWDZ1cHRlYUxLRjV4bEZ2WU93ZEdsNk1jMFRCN3ZiWVl0WG1FNUNJYW9XQ29ubERac0VDZnhCa1JkYklhZm9ZYWNSRnBJb3hMcU5nVW0zTzNoeFFTdGE3YVNYN2o1Y3JELWFCT09XZFYzVWE4dHFra0RuNzNVT3NVWkxrM01Rb0N6SVdJT3pIRDNQY2w2MVFpOGJ1YzdfaGlRTFhwREhfY2htd1F4WkpBaG5sZl9NcFlGRXFDNkQxSmJhVjh5T281Z016RlhRcEZFQXJnX2tHLWVEb3NaSmIxQWxPOUNUTE05Q1pNOG9vbGs2ZHZJdFRGaVU0UnlkLXRuMm1Ob2hyVUtFRUJDVHVTanNSd3d4Z2VoREVWck9reEhoRkRIckpPZmp4QUE5SEN6MDc4LU1GWHlmV0Q2Tk0tR0hqUVAtZVdDNkpGRnF6N2xsS3Rwd1hvWV95WFM1Qm9jUVZPVjVya0JtRFBtSlFsM1dJRElfMGMwellrU21HWlFSY3VNcktSc3J4Z3dOMTNCbjFubDYzYTE0S1B3cHpMbndsSGZzT1NRUHA0eFZPem42R0lIQ1ZZNXNMUkxpQk9DZnVYMGVYS25kbEk2NlAwTk1RblZxdHJEVmdQLVBTWHlKZFM4RXI2ZVNuUGRhUHFLclNBUzdyZ1Z4eFBFR21IUm94NmJMTFI5cWRrSE92WVBMQnAtVk1rcHVCNTMzX0Q0eE9YVDd2bTFLdlVYNk9XeEZpbkJIN0pPQTVBZGlRTV8zOTl6ZGh2NVhsaTFCWU1FZXhaQVRybUJJMm1keEJoRE4xOVN0UHFMcTlncWpXYUg2akp5ZGdkS0UzN3FYMENTckdSelBJNE1sVHVFaHhSanVEWmhraTFQX3lsN0JFMWxwalQzNHFuNTY4cTB3emd2WVlibkhXV3RsYUVoQmxseTZVWmpFTjhyRFBZR0xRZjFXX0JQN2ZHQXdBZFM4dHJIZm4ydkwzdjg4THN4SVptRWNtX2NXMjNSdy1wZklLUjNXSlpPOGp4Ujk0NWJyVG9DWUJSZTdNSHRQN0NHUXRLbjQzQnRsbDdlLTY5cmVCejZJN0pFNFFLeXJ5djk1RWlNbTBJcE5LeDZURzhfeWdIQmRodGphMjd3RjJTMWdDb1hzTGRoT3FxQ2JfLXZ4cVVGNUdYYTVpN3dmUU5sVWplc2VCamVPck5QcHV4OExoNmJSQWg0Q1g0OXF5N0MwT3ppbm1aTGtQQy05SE9Mem5VNGVWakl5U19YZXFNT3Y1bnFkd2NXdlpnUlZnazhMY3NhdThPemo5dDMxWGxIa0FTM3FZMmxxYnBIQUc5YW9iZFc1bHpjMlZhWkhnNzhjOThSY0tWNUJPM1dSVUh2ZHhqa19lbkV2Tm5rNFdsU3R5Q1RsUDFJVUh4d1dWSHR6V1puMW8wN2VIVVJHaEJhODdsWUVXSGJLLURuSndpaW1IU0ZiZGpZX09SYlVzYUU2Nk9SUUxDNVMwUjgtLWx2b1NoOHVsOGVoN1RjOVUwS1lRaHFudlJNbnkyN2xXYmdpWU9LbXlxY1BLNkh4ZXVlZk5qMmlSMGJnd1NVODFWTnJUQWk4eWo3bHBhSEg4clVhM3FQbVJFaFF4cmcyUHRSNkNDa0oySFBjNjBrT3hpTzB1MElNUFEwcW10NzFrY0dWMy1ROU9ET0k2QzN3YUE0Q0xxWVJSUllib0RMbWhuRno4N1NKRmNpcUJCX0Q4Yk1hakhZaTZ1bmFXU0dFXzZycko3S3o5bnNQcFhEY3FvWXNHVmhfZnZoVjRET1U4ZmRVZXNwTXNHeWk1Ul9HbjRZdURkRTJBMFE4a25sQVhsTWVCUzdrZ3FIX296Qkc4bHlFaUp3b2xKX1BvZmJJYzJUUkFiWXpncDVJY09jUDZJcFBBdkJ2V2Z5QmdieVpadW9uMUVXUEZIeU5FNFNSbFc5TnJvM3Fha2p5d1Z4bzFIZmtqWTlFTjkxSEVLVXlwaTFQV2Z4M0NOUTdKcFIxUk1vbXRYTGg4MllZazZHSkl3R2U3blNoRHNpNzVHYWJwanRUdEFpTHRIZzcyR2VFV1F0WWJTcjFPM0hCSFR4RDVrZjc4ZG90VUZKMExsWEtjOU9TNmxxTFFZRTVqcVhWYklLU1pEMjJOOHl5WGpHZ3lRUEZxY1djaWx6QWlOVXdPLWJPNkdFemhkVnV3MG85bGgtV3E3M3hkM0NHaGF1M0UwNC1fT3ZEdGxaSUpTSDNBM1ZSc1g0U0hwdkx5QlozQzk5SEZkQnlPd0hZcnlaVFNVVlRPUk9adzRqclU4M0o1ZXZvS0ZnX1dTbF9zeGtsNC1wbFpCbHNtZkQwTzI5MHIxMDNXUnoyREN2RVF6RGVHUmsyR256ZVFYZGUxSWdoblNDcnYxRTJTaDA4M2xVTFlmOXVFXzl2MGhVRGtBc0kwS2hiTHBob2hHNW93ZG9ZV2JZQnU3bmRQamgwck03a2htTTAyOE0tdGpobjY1OFRRZ3g4a2FCMXk4eUNiZ3VVbmNObHNEbjEtUGQzTVlvVVJ0X0N2UWRwSUFOQU81T25CSFJYdkxOWG91XzBsOHd3TnhzVWVyY2JveFBzWXZrNU4zNzN0VnVhckhHNW5yNTRydS15Qno5OUF4RGpnWFZ6ODh4SGZEd2dfLWpPMEhaSzl5R2podHVKR2paenpPazRSRjk2RHZzQnd1UGFjTWtMRzRqSjlQeDF4Q3pYcDBneHBRZUVRWUhCclpzZS1PXzVGWDc3a25MeVhUcVQ1dFVOa0hrbGx2d3lPaGtaN01nQnA2U2FoSkFpOVptaDNRWDhQRjZIOWFmZnhxUlF0WEVVX1A2LXZkTGNUdEFhaURjaEp0YjktaDRNZXhGSklqUElZRnFlakFjeWZmN3d5WGRBbk1WSFJXNlUtcmJUY0ZTaGFBVFE2NzZ6VTFiRGxmX1lubVFLTEZlNGtKVXRreTNSNjBCVzlGT2Z6NDhxVzdOXzNaV1JoN0RVb29keUhXVmw1M2V5c1RNZnRMcU00Z2ZaT1hGQjJXbm5TX05HQ1ZBQjVvMm1TQU9ldkpfSnVldEdoeVRxMlFhTXIteEtVam9JSGg2ZjV5ak5rQ3g5UW9STnBQbE8zdlh5aHNjS2xmYlRhektvZ1NKRWIya1RMVjF3bHh6dGtzZU9RS0lnRzU0MFRpa1hmNzlQTndlc0dCRjE5V25wVHNvYmJsc2dzUjBKeXd6aGtwd1BfWnpKdU9QTHZSU29hcGR5TlJTX3BKVlEtZVkxcTg5Nno0dG8zdi1WVEMxQkVzNUtadGluMERqbURKdm9NZXJ5RTFkVXZ6UEVGVEJqZVc4STllQTZ2N2dyRGtBcHFJWThKY3FoRnFfUG5EOVRkY2hVSTMtQk1WeUotN1lpOEtmTHQ4NXlmMnhPeVVRcW5CTVFNVTdWSnNldnAzYl9xWm9aWmduVHd0aTBFc0JLLS1odmZ0UFVSdktWMUQ3NW04RnV4WG9IRjJBNENIbUY2UmptTlZMT1JNMHN6cVpyZldEazc1N0gxSWpTanYxekhCTjJjMkVVSTNBR0UtLWFDQWhYeTFMUlp6TUJTeVBvZ2dySWJjZEJSajVsU0JWSmstNjlOX3dQc1lLNnRlc1NWR3JzNjhSVENsNGFkcWxvMkNqVlR4anBMd1ZhdHk4LXU5VnJ3TEI1eGJYTTd5UW1FTHVUNURxZjktSkxyY2VnWnlJUlI2X0xjenp1M0IxVDVrd2xRZkR3NXZzRFRWZjRpR1hiVzNXZk4yWUtPSU43NUdkVzRfQ2NCd2FicVZDc2o2RUF3Sm9sVy1Zb0lRVmM5SlNDbnZZaXFKNEU4enpFZHA5SnB5bEcxaVBMekd3Y205X0FGZlNGYk81UG9pVjNJN3FoR1ZRb1BSb0J3UXVmR0JNWXVucXhib1JjX3ZncFlpMFlJcTNQcXZpQm9SeVJqQ2pvN3RfYnBvMW5rRENmcklYckFERW9OMlgzbm4xUWJVaWNtaDViMFA0MVdHS0FfY0pUUGZ6amowbW42UUtFMlE3Tm1uSXZIa2o5SndDNEJSbncydTNUWDkxOGRuQVhJWVJ3SllTNWRXSkFCVkFRdEU0aDdKZGFYS2xzU25zT0pXcHdUWnN0RUNtUUp6MGxGenlOaGhOUC1iVzlNT3duRW5XYW0xdFNXTkk5VGQ3RHJjX0N3U1JTbFlCZ0VfaEEzQlIzZUg2T05NbzJMOWk4MmZqWDRCRy1MVms4VEJfLXR4V3NDU3h6Q1JVdG9jcTFlNmtTWHZ2a3AxMTRlaDYzbURCR0kzdDFVUm51cnRMRTllOEk3RWtBTkZhMGlJT1JDdTBQemRINFhlUXpPQXFqVXRiNjd6X2Z0Q3J4a3I3VkYzaEtJMG8zOEIyNUNkcFhfb1RBTi1lMmVhaWZJaG9UMDE0LTNSX3lQTHFGTlB6N3Z2T1FKVmZDOGExTFZMeG01TDJveXNVenV6ZUdtdzljX3czdGItQ2VVMFYxWGdrVUNQSmRIUm5lU2I2enJyWkxSQ0FjM21OZkZjRjM2cldvdDRzM3NoUnZ4ZGF3TzYzNXQ0OHk4MURfVmVhZW5HN2YzR25pRnRiRjREY1VudlF0by1mVzJmaVo2d08xZzJIVGF4c1BjU016U1QtNl82OFVBN2dVdlZPczFLZndEUEh2T1VybTMtN1FBLXpONmYtZFg0MnUyX2pYRllUMUs3S0E5OWFsbC1fallOTjA2UGFBWmRoNFZzazBoNUdiTTlnbnlyc2c5VlpXODVaaG4teE42Z0FZUlc2RzhHblBXY25JNkdaOUF1N1R3b2hlSmdSbTJmTDFYanNoT1RrU2F1SlFQeERSSk96NGFJQXpWRC1fbWM1ajFNQmR2bXM4M0ZIODhYRUM0YVlpTjdTTDl4c0pRVDdob3Y5OXp5MTBlT083TE5VV0NIMHZDN0Y2czlKNnZJR0QtOUJ5a28wbFJzSDhuVU05VVplWUJBeWwxLU1uaDBXS2F6SWQ1enVPOGQxeVJRQXdrd2hCQWlRVmpUejlYUmd2Z1RYM1pKTWE0NWtUallVdjRhLVdxdXlhZDJmNVRlZGRvMnlmdzRyTDVqam5sQkRYLS1CMW9BaDYwcUlkS3BjRURFWjJoZm1PaEpRUTV6QlNZWGRIMTU4ZkppbmdkS0xrUjdmMHZDalZ2dWJUYnBtN0lKSmF6TGg1RDFOb2hidzhBYTNWdk5ZRDNhUzYxbEgzZTZhMTRuRUF6SGt0WHNlWXZvQUxEUXhoVExTTGdTTVNpUGlqa2wxSnhnaldjOGhRbTZRd2hXZFpIWUkzbnFiLVpoejEtZkt6bnlGdkU3Wi1SblVzaFcyUWw0Smg0ME1HOHNXdkRXSjdBR3hwRExSUnVHUWpnemswbThGU2dlR3luVWQzUEJQOFpXN3FnVVRhdVZJdmVCR054b1k1X3BqSGZFWks5bGVCNWJhWW1HTWZkQS1NTHhRQjBQOFJOTjNXbWc4dWw1ZDJCMGZCbDB3cXlOSnpRMUN4WjZJTXg2dHFlMUI5MF9aazFTOE9MS3hMMkZ5WHhIQTlSRWR2QzVzU1poQm5mRGJPdVY0MEtlM1N3REpqblVRYXY1WVItTVpPeVVSSV8wYkxQb2xHVkE0VFpIbV9sRUZKbjR1WEVEZ0lBZWZKLVdtcndKN2hGLTVrZFFzZGtNeHFibmdROHpjMnFEell5VVhELXFoc1Y5ZUZNbmlySjZOdEotaXFXUlFPZXJQempTSTk1VE1NZmtqNHgzeVdVQWRKbnVqZ09YaUxlMng4eEc5dFlyblNIS1Nvc1g5OEEtb1ZZSmxzcFJVNXVGSVNad1JIZ0xkRGQyZ1ZLY2dGUGt3Q2hMbVZDNFhGZ3FpSjg1aTJ0ZXpCR0xuZE95ekNaOHJlaFg0enc5VDgzMV9oZVpxLXB0a0c0U3ZuTmJyR0w1aWJiZUVGMVlOY3lCdkQyODc2dFFlcVFHckhmMTZIZ0VSbmlIb1c5ZncwZGZVQmtta2ZqQkhySjNtQkpBejcxTlNIRzhsV3NYZVZwSnY1N1RVNWJ1MXBydWVKSC04eFB1ZDNrLVpfcURXRHVScGZTYnMxSktRQ2NrZ0U5XzVGcEdtSS0td09xWG9tT3RlOXhqcmhBZXJkWVJzTXVwLUNsMHlLV0c4RGkxaUZjMDJaVmVZUTgzQkN0QVR6R2RmcVdTaDdtUDllY3h3UHo1WWUwajZkWjJoVTFMY1ZSVHRiRjkxa2ZJM3RlUFNTN2l3aXFuM0N3OExTYnNlU1ROdjc2dnRPU1VySU9tZkxpQlR6cEFmdUFWM213NnR4NW1jRUlEWUFHR0Z2RWFRTnZ0azhldDBGOXhtdTJ1TDZOMFk2QnVuRmxLTktBZ3ZxUVBHTUtIV2tLYUFuQmhNbi00elNrYzlCRDNYQTRDLVJLaHdaUjZiblRfZDI0S0pLVFFuNWx2aXFjM1plVndYbHdZeGtVS0d0S204dUMtbXpnQkowcTN0d3o3YXZGdFZoVjU1Q3lqNTBSVks1QlZ0NU9FZXdCbEJGeHZSNl9OMWYtbVlCQUJtdlY0eW1IeS1OMUtNRVlKbFZXUHJNc2JEdFhjeGtuRk1lMDJ6V1gzQVBCcmtiVVZzVnlROThuWnZSa25JRlNBUk43ZlI5cXExSFFjRWpQSWpHM3Z6MEI0ZlF6M3lPSHVwdDhaS2gyeTZGUlVONmlUSURjeFhINXVYMGtCb0lSbzVtS29COXpIZ05xcWN2VHdGYlBaTFdrRmFXOFJoaDVfaHNFbW8wZ1lCY1BYdWU5WUtnanlEdDFtQjR4WVN5U0xkYlNVczBEdEo5X1NBblBZNGdlUXJKcHh6TEp1OGRZQktRR1JpYXFlNUtZZTlOMEJ0TDdkbXo0bWF6VG5DeGJSaEdEYXVBa2o2WkJEcmFGUm1LZDBFUHMtY25YYk5LLV80Sy1GcUNMNjExN3lnVl82eW9ualBFVFdZVWNCZEpkMjFVUExrNkgxX1JQVkl0aEFhUVlzX083eExITGFzOFBZQmcwQ2JDNVVTQmwtNnRjT0JwOExtN0wzaE5QeVRTc250c2tIZXd2dDJQc3VyMXhlZGJVUmZBM3NraGF6SlpaRHlJbXBIVlRDYlBpNVp3cEhEdlpieVJQdGRDbWRkMl9CSHRab3VjcmNkNFFGVjhieGp6ZXJJbUFLVEhscDF6RUt4VC1oS2xoRkxQTW9UNjBCQmJza3ZRcktCbllVQ0N5c2Z0QW5uTHlWYzdBU2ZpLUh5TVlXak4xQS1qWHo3S3ZJTlZWUEQ0TUhQSEhlYVpldGZ3MmJjQnhJSlpDTWNmRmR6TGFuNzl6aVVURlFMdHVfaDdrN0lmZjhNNlh6S2lnVmdXM29XNHJ4LVdCQkVPblV0MEdBX2FsNi15cEdwaHdMcTZRbXJiRTRtb0Y3VE5HNXpmT0pXeXZXc1Fuay1jSUJNNDJxUVdoMFhBZ092R0hkNmd5dHV5S0lRTi1rbElsZTVCSm1sYnN4TERHT3BkbU5fT3pvSVM2V3JrUnlZaEZaRE5uTEFjZTQ1VXdHb2ZyMVdiLWNySVc3ZGZSMEhHdU1VZmFSVEN4S2xjSDFJbWFnQ3FWTlBMSTdjM2Z2TVRvLklDVE8tMU16V2lOcWFKUzhMM2YwRUU2ODRwbE9mSVc1N1ozeDhEbWVvSmc"}'
    headers:
      cache-control:
      - no-cache
      content-length:
      - '13543'
      content-type:
      - application/json; charset=utf-8
      date:
      - Wed, 14 Apr 2021 05:23:54 GMT
      expires:
      - '-1'
      pragma:
      - no-cache
      strict-transport-security:
      - max-age=31536000;includeSubDomains
      x-content-type-options:
      - nosniff
      x-ms-keyvault-network-info:
      - conn_type=Ipv4;addr=167.220.255.86;act_addr_fam=InterNetwork;
      x-ms-keyvault-region:
      - eastus2
      x-ms-keyvault-service-version:
      - 1.2.236.0
      x-powered-by:
      - ASP.NET
    status:
      code: 200
      message: OK
- request:
    body: null
    headers:
      Accept:
      - application/json
      Accept-Encoding:
      - gzip, deflate
      Connection:
      - keep-alive
      Content-Length:
      - '0'
      Content-Type:
      - application/json; charset=utf-8
      User-Agent:
      - python/3.8.2 (Windows-10-10.0.19041-SP0) msrest/0.6.21 msrest_azure/0.6.3
        azure-keyvault/7.0 Azure-SDK-For-Python
      accept-language:
      - en-US
    method: DELETE
    uri: https://cli-test-kv-key-000002.vault.azure.net/keys/key1-000003?api-version=7.0
  response:
    body:
      string: '{"recoveryId":"https://cli-test-kv-key-000002.vault.azure.net/deletedkeys/key1-000003","deletedDate":1618377835,"scheduledPurgeDate":1618982635,"key":{"kid":"https://cli-test-kv-key-000002.vault.azure.net/keys/key1-000003/da92a7557fe7448ca3e5702d5653970d","kty":"RSA","key_ops":["encrypt","decrypt"],"n":"xgPcRS752Cn92y1lPCgbkxNZluOnOYIuaTEqi3Wf9ABjxYv3d8wwnL4HmU5p8XS7IG4gXQD4eiypRzun2PQQFDWIha4Ch8kwMSriDQSaqYBD41pVWNUiyLmebO7UjQIBZyL1htUCfBS8iZW4vc4upeC_ZU329fUinhhneuSBwsNvc2iLDiM04-y1XAkQvakqL7uRnsX5wjPp6__JwPYCZPt3rd2mNJtnJMe7BsrXk3b-5mji7H3oKO282-6UNa9kfEPJ73VFux8eLmhBaazb44sRicRG-X3sktXu5_PC4nNYOS4Ah1V77aOD4VvAFYqZyoYp_ro-QrpXlbGBP5FW2Q","e":"AQAB"},"attributes":{"enabled":true,"created":1618377818,"updated":1618377832,"recoveryLevel":"CustomizedRecoverable+Purgeable"},"tags":{"test":"foo"}}'
    headers:
      cache-control:
      - no-cache
      content-length:
      - '835'
      content-type:
      - application/json; charset=utf-8
      date:
      - Wed, 14 Apr 2021 05:23:55 GMT
      expires:
      - '-1'
      pragma:
      - no-cache
      strict-transport-security:
      - max-age=31536000;includeSubDomains
      x-content-type-options:
      - nosniff
      x-ms-keyvault-network-info:
      - conn_type=Ipv4;addr=167.220.255.86;act_addr_fam=InterNetwork;
      x-ms-keyvault-region:
      - eastus2
      x-ms-keyvault-service-version:
      - 1.2.236.0
      x-powered-by:
      - ASP.NET
    status:
      code: 200
      message: OK
- request:
    body: null
    headers:
      Accept:
      - application/json
      Accept-Encoding:
      - gzip, deflate
      Connection:
      - keep-alive
      Content-Length:
      - '0'
      Content-Type:
      - application/json; charset=utf-8
      User-Agent:
      - python/3.8.2 (Windows-10-10.0.19041-SP0) msrest/0.6.21 msrest_azure/0.6.3
        azure-keyvault/7.0 Azure-SDK-For-Python
      accept-language:
      - en-US
    method: DELETE
    uri: https://cli-test-kv-key-000002.vault.azure.net/deletedkeys/key1-000003?api-version=7.0
  response:
    body:
      string: ''
    headers:
      cache-control:
      - no-cache
      date:
      - Wed, 14 Apr 2021 05:24:56 GMT
      expires:
      - '-1'
      pragma:
      - no-cache
      strict-transport-security:
      - max-age=31536000;includeSubDomains
      x-content-type-options:
      - nosniff
      x-ms-keyvault-network-info:
      - conn_type=Ipv4;addr=167.220.255.86;act_addr_fam=InterNetwork;
      x-ms-keyvault-region:
      - eastus2
      x-ms-keyvault-service-version:
      - 1.2.236.0
      x-powered-by:
      - ASP.NET
    status:
      code: 204
      message: No Content
- request:
    body: null
    headers:
      Accept:
      - application/json
      Accept-Encoding:
      - gzip, deflate
      Connection:
      - keep-alive
      Content-Length:
      - '0'
      Content-Type:
      - application/json; charset=utf-8
      User-Agent:
      - python/3.8.2 (Windows-10-10.0.19041-SP0) msrest/0.6.21 msrest_azure/0.6.3
        azure-keyvault/7.0 Azure-SDK-For-Python
      accept-language:
      - en-US
    method: DELETE
    uri: https://cli-test-kv-key-000002.vault.azure.net/keys/key2-000004?api-version=7.0
  response:
    body:
      string: '{"recoveryId":"https://cli-test-kv-key-000002.vault.azure.net/deletedkeys/key2-000004","deletedDate":1618377959,"scheduledPurgeDate":1618982759,"key":{"kid":"https://cli-test-kv-key-000002.vault.azure.net/keys/key2-000004/a7adb814923543bfab60c5aaeb96c3b2","kty":"RSA","key_ops":["encrypt","decrypt","sign","verify","wrapKey","unwrapKey"],"n":"poAPvbZE4iHIePkxjYbDDRJxbsxBEJBotOUemiYczviPxBizBxvBGDGDsBdxDDDHAL2IZPoLrV9sAJgItpMyMPSGz1crMUOk6xNsHUdlKjkZABA3wAqGMs9DMoGXmdCT2nVAluYNCqzI1H3-7U-DUTFi0JPgFLQNMbS0urvP0QOezQ3hUnryHytTPFhnszpVEE_omjTCMjN2F5y2RcfUWsz7d2eLSPR9BIQRcpCgWitWbaNuEoN3C4fvrgOMslD09FoEWlekE-e7MDGPPln9gsjebTtGR-hZ8LlbNhX307W0cmv1F96PTxF-J60fwG-RaX5wROuke1e_kHpA-ZYVqQ","e":"AQAB"},"attributes":{"enabled":true,"created":1618377802,"updated":1618377802,"recoveryLevel":"CustomizedRecoverable+Purgeable"}}'
    headers:
      cache-control:
      - no-cache
      content-length:
      - '851'
      content-type:
      - application/json; charset=utf-8
      date:
      - Wed, 14 Apr 2021 05:25:59 GMT
      expires:
      - '-1'
      pragma:
      - no-cache
      strict-transport-security:
      - max-age=31536000;includeSubDomains
      x-content-type-options:
      - nosniff
      x-ms-keyvault-network-info:
      - conn_type=Ipv4;addr=167.220.255.86;act_addr_fam=InterNetwork;
      x-ms-keyvault-region:
      - eastus2
      x-ms-keyvault-service-version:
      - 1.2.236.0
      x-powered-by:
      - ASP.NET
    status:
      code: 200
      message: OK
- request:
    body: null
    headers:
      Accept:
      - application/json
      Accept-Encoding:
      - gzip, deflate
      Connection:
      - keep-alive
      Content-Type:
      - application/json; charset=utf-8
      User-Agent:
      - python/3.8.2 (Windows-10-10.0.19041-SP0) msrest/0.6.21 msrest_azure/0.6.3
        azure-keyvault/7.0 Azure-SDK-For-Python
      accept-language:
      - en-US
    method: GET
    uri: https://cli-test-kv-key-000002.vault.azure.net/keys?api-version=7.0
  response:
    body:
      string: '{"value":[],"nextLink":null}'
    headers:
      cache-control:
      - no-cache
      content-length:
      - '28'
      content-type:
      - application/json; charset=utf-8
      date:
      - Wed, 14 Apr 2021 05:26:00 GMT
      expires:
      - '-1'
      pragma:
      - no-cache
      strict-transport-security:
      - max-age=31536000;includeSubDomains
      x-content-type-options:
      - nosniff
      x-ms-keyvault-network-info:
      - conn_type=Ipv4;addr=167.220.255.86;act_addr_fam=InterNetwork;
      x-ms-keyvault-region:
      - eastus2
      x-ms-keyvault-service-version:
      - 1.2.236.0
      x-powered-by:
      - ASP.NET
    status:
      code: 200
      message: OK
- request:
    body: null
    headers:
      Accept:
      - application/json
      Accept-Encoding:
      - gzip, deflate
      Connection:
      - keep-alive
      Content-Type:
      - application/json; charset=utf-8
      User-Agent:
      - python/3.8.2 (Windows-10-10.0.19041-SP0) msrest/0.6.21 msrest_azure/0.6.3
        azure-keyvault/7.0 Azure-SDK-For-Python
      accept-language:
      - en-US
    method: GET
    uri: https://cli-test-kv-key-000002.vault.azure.net/keys?maxresults=10&api-version=7.0
  response:
    body:
      string: '{"value":[],"nextLink":null}'
    headers:
      cache-control:
      - no-cache
      content-length:
      - '28'
      content-type:
      - application/json; charset=utf-8
      date:
      - Wed, 14 Apr 2021 05:26:01 GMT
      expires:
      - '-1'
      pragma:
      - no-cache
      strict-transport-security:
      - max-age=31536000;includeSubDomains
      x-content-type-options:
      - nosniff
      x-ms-keyvault-network-info:
      - conn_type=Ipv4;addr=167.220.255.86;act_addr_fam=InterNetwork;
      x-ms-keyvault-region:
      - eastus2
      x-ms-keyvault-service-version:
      - 1.2.236.0
      x-powered-by:
      - ASP.NET
    status:
      code: 200
      message: OK
- request:
    body: '{"value": "JkF6dXJlS2V5VmF1bHRLZXlCYWNrdXBWMS5taWNyb3NvZnQuY29tZXlKcmFXUWlPaUkwTXpnMVlqQTNZaTFrTlRRM0xUUXlaVFV0WVdVNVpTMDJNVEJrWXpNNVpHWmhaamdpTENKaGJHY2lPaUpTVTBFdFQwRkZVQzB5TlRZaUxDSmxibU1pT2lKQk1qVTJRMEpETFVoVE5URXlJbjAuV0Zmc1NnUVZqYjNyRDNzZkhnMHRVaGcyclNoSF9nSWMydnJiMUxtRVVpdmQxM0F0akFBRUlBX0xJWUhrT0EyaGxQTHBfdzd2aDJ1eDQyUXlETkpFNERoOHRQU2FpRHQzeFIyN1RzVXVEdDdaT0lBa0F2eUQyUW8yVDVMWWwyM1liSlplVTZteEpNcHhfcHBKX2tLa1RhTnBVOFVzYTVQb3JZMVRheGhEOTh5eVp4Y0tSYUJ3V0xzM3BhbzRwN0lSb252ZHhSWkR1aUtha0J0ZnlqZDNFc3FYX1ZvMVZOTzNPcTBQT2pOY0lwOVJEcnA0aVdJbTh2ZEFHS1ktcWhreU5BS2VETVkxZXZodlZnMnFHSnZjdTNzX3QyOTBVUWZLU3pQYXpNb0hBNWhYb05FUk1Kdnh2cjk0TUtqSkJWX1AydkliRUZxazRlQTJDSTRiXzdUMVh3LnpORGRPM19ZMGhSdnJBZ0ZsT1MwamcuLW5NaFRPZFJvQW5NODZjWFEtbWpINkhXLTlpaUF3Q3dTb3F3OVNrWGZvbzRNRkJrUnU0VXBEbGREQkI3UnBkNTM0YU8xajVyQ3BBV2EwZVZhZlB2TjkyZnpGUTlodXpPLTJDblAtRVJrQnV0MWdQYnJZNkstaEQtT0V3Mm5VelctNUVZZ2JHTWplMWE1V0FVQUtmQUZRME80bS1IVF94bURJUzdRS2NmdkZnaXJxcjV2QWdaa01Tbkp1TE1LMkdRS2lNVl9sZ2NPWU1YV1RINWh1aWNsNlR2ZmpiUy1jZDRSSGVvZjZzcmNPTHJxbk5JSW9UWUlJTk9UXzJQbXZwMC1FYl9IU1hOSXJFS3VhM3RuOF9UWms5am15WFVpR2ZCemdETDhONGVvOWxOaXpKMlQ0d3FmUi1BbzFfRklZMV9PcnprYWM0cWFxbnlKMHBUdzRMR0NyQmdKa3lCY2lVQTR1c2RaT0ZYTjZ1Y1U2WnViUmRXTklkMmhSc3FqcGVEeVNGRGtXdnNOTEUzcS1ZU0JrTnBsanV3amsyTW1VM2llSm5NOXV2RVp4eXQ2cEJ6OERjUVJ1Z05SRl91VWFBU0RRZThSSUlNN3hhMEVoYTVzNFFBc3doMkhhVlhNRG1aS1NNZ0lSanEwdTV5Umc5M3NBQTY5UjVEVGRjWDdiR09GdkhLTXZkaEFrNjB5UlZaM1ZSb2Yxb1pDUkFnUl9Od2R5VnZhXzcxM3VlNlZTLUJjR0VGVHdKVWo1cng5eTg3MU5veUZmSzA0aTYxQjRGZDZKYmRzZHduRGVfZXQ2SFJjN2szQmJ3U1p4UkpadHVzak9CTXAtSjl5TVJJdTJvdlMzc09KN3FFbXRNU1dwZ2FrRUViY05TZkJZU3JNaS1mVGxWMDhPM2NmV2dQMWMyeVBEZWlWN2s2X2QzOG1yekFCbE9vbXpNRk9qNkllOWJPMThVWlJOWEFxd2lCLS01alR1RDE4SzFxT3BOaElaN3Y0NnF1c3dNd0o5TzE5UVEzaU1BNkVweklLRkw3RUgwc0RpLUgxczRlTGVmdHNYcEE1Y1dCcHZic0Q5UzkzeHRYeVFMVHdQQ1J0bUtBUmpaeHVKbnV0MHlybzVuR3lsZlBjVENTN3dZWGV3bHJsME5KbUU1YzhjY1JINnExbkV0ZExhQ2JEYVo0TW1YdlM5Vkp1ZEZkR1JVU0U1V2x6SmFOcERpcXBENkhyQjFJcWYxWjNxRG9na2UwZ3ZTMXlBWEJxZHNldzhPdzZER3VVclNZcFpwdk5iLUVNRlktRjQyNkJuZ1AyWXRaNk1pNlA0aU16N250QmVENGpmNTZXeTE0QXFCUlRUY0ludVpRRER6QmRTOUJ5ajl6NXdkREZ2Tjc4MHVyZVY1aDVtQkYxZ0w4QlFSMnh1WUlfVEdYQUxTcGhoRjFCcEU4SjdFWThqODlJcl9GdlEybFZQczdBSUVSOHpJM2JEcEVSNUUxaEZJOUJGczdkeWtVWFgycFMwQ283Y2lxZXNmUldIZUlldDZhbExpVDA2T1pQLUFBb3pHWWNIUHJjUW93aEtzalpPMG9ZanZzNGRfTDZES3BkV29xNXR6a09vWW9GX1lqZEQ3UkVlS1hVTV9xekN6ZjR2cEJQTW13ZWpUNVFMY0ttcFhNeGNfaGp0dmpXQWo1anUxQUZhOC02ZmZESklodTFYa3BpcHJKOXVWUDEyalRQNUVicFF5MFRQMG5KZ0E1dkR1cGZtM2lvS19PODkySnB5dkMtWmhlM0dTa25mLVpyVk1Tc1NiV1ZXU1lHbHY4WHdGZXhDVlNXV3BmSlhoODE5WWYzeG9takNubUVSbGhBNldmLWxYb1NZM3lYMnNhREg4MHozWVlIaGZ0cTMzQy0waC1QMVdXdlZuNGZENEtGQ2dmQ1lfaE0tZ0cyVE5Md044N200Ul82cEpCamtScEV5TWRBc2FEa2ZOWXVwaTZ6WXNYZHdzcXhCRm9tLW90YXFhUlRJWTY2alQ1bUFfN0dZRWQ0QmgwZ0theWw3SmtjX0xfUGkzSUh0YzVXNHB1SkFBUzZCZ3NsY1JyYTAyWHpIZExWQnA0Q2NDVmRiTC0zUWRFRndpTWZMaHpma3EyT295R3hUUU9BWGkySjY4UGlIVHAwWDZvQS0wZV9OeFYwQWt5d3F1SFhxb1FaMlZNVDNaZ1pqcWZhd0ZQbWhUMVowN1BzeVNtbTBYU0RZTXcyVktLNExZdVZVTVhvZjdTS0lLU095M1NweGVmYkVxdERiLU95SXlmSTJELW11OVZZQXlzeTJ0QkVhdmdMN3FTUHBtemVqczVIZS16SnVSLUYzUDlmUkl2MUhkZVZmcW41NzYycjFabHFHNWhnbHMtbjE0ZmxjV1JNd0ZoeGtvNVhNZ3doakVDSjBZMDJFRWlPMVAzUVp4WE9vOEdwQU5ZS3lqMV8xWVV2WEh3QktyaTZSa291a2RLRTNKNHFscmczd0tLS1RXNlppazBVRHNOcmlRWUZxWENyd1JwVlA1NFdNdDJ4dW5aWVlmdlRlZmp1YXpUTEZNZEFrVjJqQmpXZmVjYVU2MEZJTkw5NjBpZ2FRS1BqYTE0TU9rVk5lOF82UG1yMElITWZjVGc4Y0dZdHJoQ0xyZHN4RWI1OVhpYnBRZFNiRmNfRGJsWXZZOGJ5Wjk1MHRYRzZQaDJXTkYxWE0tS3Z6UXdxUG1NbzQ5NE84ZFZhMmxaZFQ2aG0zX2VvcGtPVFMyR0dxQmIwbF9rS21iQ0l5RkVSWExZSEJRZmV3Wi1sN094eGtEZzYyeDIyQTMtOTkzdDJzbzV4bVNLZGo3aExob0U0VTc3T3BGWnRxdkR3SnVycjUtc1JoRkNtb1NucVhwQ3NRRlJTaEI1c2JrSHpKUkRkcmZ5QnRScmxsZnUtaUVTYW1nWlBTYWdiVmZHZDItZUItdS11Q0pCbURSZXcydGJ6YU55RVhVSGYwdmpZeFBuOXpDcHJfOFZhTGZ6UU9IX1MxaFZJOUh4bUpKeFpHRnlVNmtQa2kwM3hWME9XUUlsZVpaX2tvdjE0RV92RkJPTUFlRjh0OFNXWkhZUV9lOTJtNVhfWUQ3U3N5Z2FLc1NLUVdndUFqVmNoUmZNOFRiVG55LWN4Z3k5djdua0JJOVpxd0JRXzdDdWpYZGE0RE9YSzZfV0FKM1hhSklhTVNVMjQyXzRzTGZxTDQ1OWdycFVRTkI2SEdlbzNLek8tLTV3RXRYc3Z0Ukp0bVhmOHR6Uzh2TERVcTAtYjdqbTBQZUVoOXBFbkFJY0dEVDRDSW9RWEYtZWpkNU52b3VxRl9KT003WmozYzctM1dzbDRfeERTZkFHNXp3azFiTEJTQ2kyR1MzOHhITHBoaGhQUlR1eGk2ZzRzTGdPNUNraWtRSndQaEZCT2J2UUFUUkJYMENqSGZpQXg0b2s1MmZOX2F6UENiNWNFSnhJZnVGa04wblh2TE0zU1hNQ3AzQ1N0QTRCOTZRc2NsVldkMFBRNE1kY1g2Z0N5aHlhOUNQR3ZhVGFQbklTaXFFYW9DTkZEX18xUng2Ym9qazFidEU1UDNYYjBIbm5ldmRsNGxvVEkyNm0xQV9qa1d5RlhZUVFVV2FnTEVJYTFWaS0zaXBKeWRDbzFFU19SUHRDWldqZlJRSU85emVSTGFrNlR1MUxsVkZraWlGd21fVDI1MjRadVVCV0VDSXVfdVdoUUN0UWxTTnBXVVFoRXhHZmJNbk9JbjViSTVTcUUtSDFpU19qZ0dXSlQxbnJ4OTJrWkw0YTFGWmxDcFc0VUp6ZTFtdC0tUlN1SWltTTlGb1FMeG12dnJnU3pvQm9vWEoxUlpEbm1Fbjhsd1dDRmFwQTd5RVJLb2tfSHdheUhHcWROVGw3RHdjX2hFYlltTWVvR2d4LWlHeUZ6MmRMemF3VlhGNldWTW9udXQybTRJQ1VxQUxxdVJUeWhYb0JJaGl6dG53ZTlmTndiQXNIUVVTZk5ReGg0dGVEaVBIRzNCWHNGMVNBN0dyMnZIQjAxeS1PVmR5N0pCdFpnNkdSeDVSejhhZERhZXZCTWVlM3FNLTdySHp6ZzMtakw3RzFWRjF2WEhON2RETDlKeW9MNDlCSGpfUUpZTkxfZFF0ZjBjQTl3bHUzYnRpYzM1YTVwbDNlVWRjWl9iSzA4bmt5NlBQc25yTnhpbU5YTlh3NVV2SzRFdVJrWktJd191eXVma0pkbUFQRVJXUlBlY25XeUxCaDhDSWNCWUl0elNNQnkwQ1R5U0tZSVBSZUxPamNLSkt6ejB1VXJDb1hyQVVFWXlJSndWQXlybkEtZXdQdE1ZY0Q0S2c1aWtOMUdfV1dudDMtVUJrdkZuMFZqbldqRVVTeS1FQ081Zmx2SXg3UUc3emlEcGV0ZzFHZ0pyQjBYOThUZTN5TTdLQXhHWVlpSzBjb0VrOGE0WFNFc0JWNlBJLTAtM2h6YjJLSG9maDdtekdJRVB2UlFvcjZZN1NOMTJzNEg3dWF2MVdYQzM0RmpROGxoNFJBMll2blJMUUVaZU85TlhlRFU2dzhSb1I5aUlBSWdqR0cyT1BMWHZlM25xb25oaWMzM3ZRSlRjdndmZGloWWpkTUxNZ3ltRG53cUszNFRKRHRGRDVUMkYyOXdjV0c2SHd3VE5UcjhzOHhHOUI4VlRFTDVfcjRHWGloNG53aWlhTDRDRC1LdnhnU0d3SDVqbnJ5NnZhUlRvZDhlUktkOWtXaXoyeHFUbWtJczEtbkhDNkVOeE1pVHdKTFlwUVJZYV8tY2lDNlJnVURUbFZKWFdvQ1dzYVAtWlNBWWgtQXNrN0gyS0E5MDZjczNGUVVTVHB2WWZJMzdQaXM1ZG5aU3VWZmRubGpmQUF2WG8wbS1zaEU3U3BsNGlLend6eUl3U1VwZVFvSTJCMEhVM251ZU91b3AwRUNFTUxnelowZDhKV2lmUTNOUFFPMUpjSS0yTWF3d0wtT2VzM2xrdnBQWjYxLVdERmRaQTUzOGJ6V0d6YmNTZExPY0V4eE9KWGxHaFNMTDVoVVJ4Ynk4cjFPd0VUMm1rUnY3SHBjcnFMRUtYekdmTkV2aHVVZTdHcGdYVzRLcFl0VWtDWWR6VmtRWDZ1cHRlYUxLRjV4bEZ2WU93ZEdsNk1jMFRCN3ZiWVl0WG1FNUNJYW9XQ29ubERac0VDZnhCa1JkYklhZm9ZYWNSRnBJb3hMcU5nVW0zTzNoeFFTdGE3YVNYN2o1Y3JELWFCT09XZFYzVWE4dHFra0RuNzNVT3NVWkxrM01Rb0N6SVdJT3pIRDNQY2w2MVFpOGJ1YzdfaGlRTFhwREhfY2htd1F4WkpBaG5sZl9NcFlGRXFDNkQxSmJhVjh5T281Z016RlhRcEZFQXJnX2tHLWVEb3NaSmIxQWxPOUNUTE05Q1pNOG9vbGs2ZHZJdFRGaVU0UnlkLXRuMm1Ob2hyVUtFRUJDVHVTanNSd3d4Z2VoREVWck9reEhoRkRIckpPZmp4QUE5SEN6MDc4LU1GWHlmV0Q2Tk0tR0hqUVAtZVdDNkpGRnF6N2xsS3Rwd1hvWV95WFM1Qm9jUVZPVjVya0JtRFBtSlFsM1dJRElfMGMwellrU21HWlFSY3VNcktSc3J4Z3dOMTNCbjFubDYzYTE0S1B3cHpMbndsSGZzT1NRUHA0eFZPem42R0lIQ1ZZNXNMUkxpQk9DZnVYMGVYS25kbEk2NlAwTk1RblZxdHJEVmdQLVBTWHlKZFM4RXI2ZVNuUGRhUHFLclNBUzdyZ1Z4eFBFR21IUm94NmJMTFI5cWRrSE92WVBMQnAtVk1rcHVCNTMzX0Q0eE9YVDd2bTFLdlVYNk9XeEZpbkJIN0pPQTVBZGlRTV8zOTl6ZGh2NVhsaTFCWU1FZXhaQVRybUJJMm1keEJoRE4xOVN0UHFMcTlncWpXYUg2akp5ZGdkS0UzN3FYMENTckdSelBJNE1sVHVFaHhSanVEWmhraTFQX3lsN0JFMWxwalQzNHFuNTY4cTB3emd2WVlibkhXV3RsYUVoQmxseTZVWmpFTjhyRFBZR0xRZjFXX0JQN2ZHQXdBZFM4dHJIZm4ydkwzdjg4THN4SVptRWNtX2NXMjNSdy1wZklLUjNXSlpPOGp4Ujk0NWJyVG9DWUJSZTdNSHRQN0NHUXRLbjQzQnRsbDdlLTY5cmVCejZJN0pFNFFLeXJ5djk1RWlNbTBJcE5LeDZURzhfeWdIQmRodGphMjd3RjJTMWdDb1hzTGRoT3FxQ2JfLXZ4cVVGNUdYYTVpN3dmUU5sVWplc2VCamVPck5QcHV4OExoNmJSQWg0Q1g0OXF5N0MwT3ppbm1aTGtQQy05SE9Mem5VNGVWakl5U19YZXFNT3Y1bnFkd2NXdlpnUlZnazhMY3NhdThPemo5dDMxWGxIa0FTM3FZMmxxYnBIQUc5YW9iZFc1bHpjMlZhWkhnNzhjOThSY0tWNUJPM1dSVUh2ZHhqa19lbkV2Tm5rNFdsU3R5Q1RsUDFJVUh4d1dWSHR6V1puMW8wN2VIVVJHaEJhODdsWUVXSGJLLURuSndpaW1IU0ZiZGpZX09SYlVzYUU2Nk9SUUxDNVMwUjgtLWx2b1NoOHVsOGVoN1RjOVUwS1lRaHFudlJNbnkyN2xXYmdpWU9LbXlxY1BLNkh4ZXVlZk5qMmlSMGJnd1NVODFWTnJUQWk4eWo3bHBhSEg4clVhM3FQbVJFaFF4cmcyUHRSNkNDa0oySFBjNjBrT3hpTzB1MElNUFEwcW10NzFrY0dWMy1ROU9ET0k2QzN3YUE0Q0xxWVJSUllib0RMbWhuRno4N1NKRmNpcUJCX0Q4Yk1hakhZaTZ1bmFXU0dFXzZycko3S3o5bnNQcFhEY3FvWXNHVmhfZnZoVjRET1U4ZmRVZXNwTXNHeWk1Ul9HbjRZdURkRTJBMFE4a25sQVhsTWVCUzdrZ3FIX296Qkc4bHlFaUp3b2xKX1BvZmJJYzJUUkFiWXpncDVJY09jUDZJcFBBdkJ2V2Z5QmdieVpadW9uMUVXUEZIeU5FNFNSbFc5TnJvM3Fha2p5d1Z4bzFIZmtqWTlFTjkxSEVLVXlwaTFQV2Z4M0NOUTdKcFIxUk1vbXRYTGg4MllZazZHSkl3R2U3blNoRHNpNzVHYWJwanRUdEFpTHRIZzcyR2VFV1F0WWJTcjFPM0hCSFR4RDVrZjc4ZG90VUZKMExsWEtjOU9TNmxxTFFZRTVqcVhWYklLU1pEMjJOOHl5WGpHZ3lRUEZxY1djaWx6QWlOVXdPLWJPNkdFemhkVnV3MG85bGgtV3E3M3hkM0NHaGF1M0UwNC1fT3ZEdGxaSUpTSDNBM1ZSc1g0U0hwdkx5QlozQzk5SEZkQnlPd0hZcnlaVFNVVlRPUk9adzRqclU4M0o1ZXZvS0ZnX1dTbF9zeGtsNC1wbFpCbHNtZkQwTzI5MHIxMDNXUnoyREN2RVF6RGVHUmsyR256ZVFYZGUxSWdoblNDcnYxRTJTaDA4M2xVTFlmOXVFXzl2MGhVRGtBc0kwS2hiTHBob2hHNW93ZG9ZV2JZQnU3bmRQamgwck03a2htTTAyOE0tdGpobjY1OFRRZ3g4a2FCMXk4eUNiZ3VVbmNObHNEbjEtUGQzTVlvVVJ0X0N2UWRwSUFOQU81T25CSFJYdkxOWG91XzBsOHd3TnhzVWVyY2JveFBzWXZrNU4zNzN0VnVhckhHNW5yNTRydS15Qno5OUF4RGpnWFZ6ODh4SGZEd2dfLWpPMEhaSzl5R2podHVKR2paenpPazRSRjk2RHZzQnd1UGFjTWtMRzRqSjlQeDF4Q3pYcDBneHBRZUVRWUhCclpzZS1PXzVGWDc3a25MeVhUcVQ1dFVOa0hrbGx2d3lPaGtaN01nQnA2U2FoSkFpOVptaDNRWDhQRjZIOWFmZnhxUlF0WEVVX1A2LXZkTGNUdEFhaURjaEp0YjktaDRNZXhGSklqUElZRnFlakFjeWZmN3d5WGRBbk1WSFJXNlUtcmJUY0ZTaGFBVFE2NzZ6VTFiRGxmX1lubVFLTEZlNGtKVXRreTNSNjBCVzlGT2Z6NDhxVzdOXzNaV1JoN0RVb29keUhXVmw1M2V5c1RNZnRMcU00Z2ZaT1hGQjJXbm5TX05HQ1ZBQjVvMm1TQU9ldkpfSnVldEdoeVRxMlFhTXIteEtVam9JSGg2ZjV5ak5rQ3g5UW9STnBQbE8zdlh5aHNjS2xmYlRhektvZ1NKRWIya1RMVjF3bHh6dGtzZU9RS0lnRzU0MFRpa1hmNzlQTndlc0dCRjE5V25wVHNvYmJsc2dzUjBKeXd6aGtwd1BfWnpKdU9QTHZSU29hcGR5TlJTX3BKVlEtZVkxcTg5Nno0dG8zdi1WVEMxQkVzNUtadGluMERqbURKdm9NZXJ5RTFkVXZ6UEVGVEJqZVc4STllQTZ2N2dyRGtBcHFJWThKY3FoRnFfUG5EOVRkY2hVSTMtQk1WeUotN1lpOEtmTHQ4NXlmMnhPeVVRcW5CTVFNVTdWSnNldnAzYl9xWm9aWmduVHd0aTBFc0JLLS1odmZ0UFVSdktWMUQ3NW04RnV4WG9IRjJBNENIbUY2UmptTlZMT1JNMHN6cVpyZldEazc1N0gxSWpTanYxekhCTjJjMkVVSTNBR0UtLWFDQWhYeTFMUlp6TUJTeVBvZ2dySWJjZEJSajVsU0JWSmstNjlOX3dQc1lLNnRlc1NWR3JzNjhSVENsNGFkcWxvMkNqVlR4anBMd1ZhdHk4LXU5VnJ3TEI1eGJYTTd5UW1FTHVUNURxZjktSkxyY2VnWnlJUlI2X0xjenp1M0IxVDVrd2xRZkR3NXZzRFRWZjRpR1hiVzNXZk4yWUtPSU43NUdkVzRfQ2NCd2FicVZDc2o2RUF3Sm9sVy1Zb0lRVmM5SlNDbnZZaXFKNEU4enpFZHA5SnB5bEcxaVBMekd3Y205X0FGZlNGYk81UG9pVjNJN3FoR1ZRb1BSb0J3UXVmR0JNWXVucXhib1JjX3ZncFlpMFlJcTNQcXZpQm9SeVJqQ2pvN3RfYnBvMW5rRENmcklYckFERW9OMlgzbm4xUWJVaWNtaDViMFA0MVdHS0FfY0pUUGZ6amowbW42UUtFMlE3Tm1uSXZIa2o5SndDNEJSbncydTNUWDkxOGRuQVhJWVJ3SllTNWRXSkFCVkFRdEU0aDdKZGFYS2xzU25zT0pXcHdUWnN0RUNtUUp6MGxGenlOaGhOUC1iVzlNT3duRW5XYW0xdFNXTkk5VGQ3RHJjX0N3U1JTbFlCZ0VfaEEzQlIzZUg2T05NbzJMOWk4MmZqWDRCRy1MVms4VEJfLXR4V3NDU3h6Q1JVdG9jcTFlNmtTWHZ2a3AxMTRlaDYzbURCR0kzdDFVUm51cnRMRTllOEk3RWtBTkZhMGlJT1JDdTBQemRINFhlUXpPQXFqVXRiNjd6X2Z0Q3J4a3I3VkYzaEtJMG8zOEIyNUNkcFhfb1RBTi1lMmVhaWZJaG9UMDE0LTNSX3lQTHFGTlB6N3Z2T1FKVmZDOGExTFZMeG01TDJveXNVenV6ZUdtdzljX3czdGItQ2VVMFYxWGdrVUNQSmRIUm5lU2I2enJyWkxSQ0FjM21OZkZjRjM2cldvdDRzM3NoUnZ4ZGF3TzYzNXQ0OHk4MURfVmVhZW5HN2YzR25pRnRiRjREY1VudlF0by1mVzJmaVo2d08xZzJIVGF4c1BjU016U1QtNl82OFVBN2dVdlZPczFLZndEUEh2T1VybTMtN1FBLXpONmYtZFg0MnUyX2pYRllUMUs3S0E5OWFsbC1fallOTjA2UGFBWmRoNFZzazBoNUdiTTlnbnlyc2c5VlpXODVaaG4teE42Z0FZUlc2RzhHblBXY25JNkdaOUF1N1R3b2hlSmdSbTJmTDFYanNoT1RrU2F1SlFQeERSSk96NGFJQXpWRC1fbWM1ajFNQmR2bXM4M0ZIODhYRUM0YVlpTjdTTDl4c0pRVDdob3Y5OXp5MTBlT083TE5VV0NIMHZDN0Y2czlKNnZJR0QtOUJ5a28wbFJzSDhuVU05VVplWUJBeWwxLU1uaDBXS2F6SWQ1enVPOGQxeVJRQXdrd2hCQWlRVmpUejlYUmd2Z1RYM1pKTWE0NWtUallVdjRhLVdxdXlhZDJmNVRlZGRvMnlmdzRyTDVqam5sQkRYLS1CMW9BaDYwcUlkS3BjRURFWjJoZm1PaEpRUTV6QlNZWGRIMTU4ZkppbmdkS0xrUjdmMHZDalZ2dWJUYnBtN0lKSmF6TGg1RDFOb2hidzhBYTNWdk5ZRDNhUzYxbEgzZTZhMTRuRUF6SGt0WHNlWXZvQUxEUXhoVExTTGdTTVNpUGlqa2wxSnhnaldjOGhRbTZRd2hXZFpIWUkzbnFiLVpoejEtZkt6bnlGdkU3Wi1SblVzaFcyUWw0Smg0ME1HOHNXdkRXSjdBR3hwRExSUnVHUWpnemswbThGU2dlR3luVWQzUEJQOFpXN3FnVVRhdVZJdmVCR054b1k1X3BqSGZFWks5bGVCNWJhWW1HTWZkQS1NTHhRQjBQOFJOTjNXbWc4dWw1ZDJCMGZCbDB3cXlOSnpRMUN4WjZJTXg2dHFlMUI5MF9aazFTOE9MS3hMMkZ5WHhIQTlSRWR2QzVzU1poQm5mRGJPdVY0MEtlM1N3REpqblVRYXY1WVItTVpPeVVSSV8wYkxQb2xHVkE0VFpIbV9sRUZKbjR1WEVEZ0lBZWZKLVdtcndKN2hGLTVrZFFzZGtNeHFibmdROHpjMnFEell5VVhELXFoc1Y5ZUZNbmlySjZOdEotaXFXUlFPZXJQempTSTk1VE1NZmtqNHgzeVdVQWRKbnVqZ09YaUxlMng4eEc5dFlyblNIS1Nvc1g5OEEtb1ZZSmxzcFJVNXVGSVNad1JIZ0xkRGQyZ1ZLY2dGUGt3Q2hMbVZDNFhGZ3FpSjg1aTJ0ZXpCR0xuZE95ekNaOHJlaFg0enc5VDgzMV9oZVpxLXB0a0c0U3ZuTmJyR0w1aWJiZUVGMVlOY3lCdkQyODc2dFFlcVFHckhmMTZIZ0VSbmlIb1c5ZncwZGZVQmtta2ZqQkhySjNtQkpBejcxTlNIRzhsV3NYZVZwSnY1N1RVNWJ1MXBydWVKSC04eFB1ZDNrLVpfcURXRHVScGZTYnMxSktRQ2NrZ0U5XzVGcEdtSS0td09xWG9tT3RlOXhqcmhBZXJkWVJzTXVwLUNsMHlLV0c4RGkxaUZjMDJaVmVZUTgzQkN0QVR6R2RmcVdTaDdtUDllY3h3UHo1WWUwajZkWjJoVTFMY1ZSVHRiRjkxa2ZJM3RlUFNTN2l3aXFuM0N3OExTYnNlU1ROdjc2dnRPU1VySU9tZkxpQlR6cEFmdUFWM213NnR4NW1jRUlEWUFHR0Z2RWFRTnZ0azhldDBGOXhtdTJ1TDZOMFk2QnVuRmxLTktBZ3ZxUVBHTUtIV2tLYUFuQmhNbi00elNrYzlCRDNYQTRDLVJLaHdaUjZiblRfZDI0S0pLVFFuNWx2aXFjM1plVndYbHdZeGtVS0d0S204dUMtbXpnQkowcTN0d3o3YXZGdFZoVjU1Q3lqNTBSVks1QlZ0NU9FZXdCbEJGeHZSNl9OMWYtbVlCQUJtdlY0eW1IeS1OMUtNRVlKbFZXUHJNc2JEdFhjeGtuRk1lMDJ6V1gzQVBCcmtiVVZzVnlROThuWnZSa25JRlNBUk43ZlI5cXExSFFjRWpQSWpHM3Z6MEI0ZlF6M3lPSHVwdDhaS2gyeTZGUlVONmlUSURjeFhINXVYMGtCb0lSbzVtS29COXpIZ05xcWN2VHdGYlBaTFdrRmFXOFJoaDVfaHNFbW8wZ1lCY1BYdWU5WUtnanlEdDFtQjR4WVN5U0xkYlNVczBEdEo5X1NBblBZNGdlUXJKcHh6TEp1OGRZQktRR1JpYXFlNUtZZTlOMEJ0TDdkbXo0bWF6VG5DeGJSaEdEYXVBa2o2WkJEcmFGUm1LZDBFUHMtY25YYk5LLV80Sy1GcUNMNjExN3lnVl82eW9ualBFVFdZVWNCZEpkMjFVUExrNkgxX1JQVkl0aEFhUVlzX083eExITGFzOFBZQmcwQ2JDNVVTQmwtNnRjT0JwOExtN0wzaE5QeVRTc250c2tIZXd2dDJQc3VyMXhlZGJVUmZBM3NraGF6SlpaRHlJbXBIVlRDYlBpNVp3cEhEdlpieVJQdGRDbWRkMl9CSHRab3VjcmNkNFFGVjhieGp6ZXJJbUFLVEhscDF6RUt4VC1oS2xoRkxQTW9UNjBCQmJza3ZRcktCbllVQ0N5c2Z0QW5uTHlWYzdBU2ZpLUh5TVlXak4xQS1qWHo3S3ZJTlZWUEQ0TUhQSEhlYVpldGZ3MmJjQnhJSlpDTWNmRmR6TGFuNzl6aVVURlFMdHVfaDdrN0lmZjhNNlh6S2lnVmdXM29XNHJ4LVdCQkVPblV0MEdBX2FsNi15cEdwaHdMcTZRbXJiRTRtb0Y3VE5HNXpmT0pXeXZXc1Fuay1jSUJNNDJxUVdoMFhBZ092R0hkNmd5dHV5S0lRTi1rbElsZTVCSm1sYnN4TERHT3BkbU5fT3pvSVM2V3JrUnlZaEZaRE5uTEFjZTQ1VXdHb2ZyMVdiLWNySVc3ZGZSMEhHdU1VZmFSVEN4S2xjSDFJbWFnQ3FWTlBMSTdjM2Z2TVRvLklDVE8tMU16V2lOcWFKUzhMM2YwRUU2ODRwbE9mSVc1N1ozeDhEbWVvSmc"}'
    headers:
      Accept:
      - application/json
      Accept-Encoding:
      - gzip, deflate
      Connection:
      - keep-alive
      Content-Length:
      - '13544'
      Content-Type:
      - application/json; charset=utf-8
      User-Agent:
      - python/3.8.2 (Windows-10-10.0.19041-SP0) msrest/0.6.21 msrest_azure/0.6.3
        azure-keyvault/7.0 Azure-SDK-For-Python
      accept-language:
      - en-US
    method: POST
    uri: https://cli-test-kv-key-000002.vault.azure.net/keys/restore?api-version=7.0
  response:
    body:
      string: '{"key":{"kid":"https://cli-test-kv-key-000002.vault.azure.net/keys/key1-000003/da92a7557fe7448ca3e5702d5653970d","kty":"RSA","key_ops":["encrypt","decrypt"],"n":"xgPcRS752Cn92y1lPCgbkxNZluOnOYIuaTEqi3Wf9ABjxYv3d8wwnL4HmU5p8XS7IG4gXQD4eiypRzun2PQQFDWIha4Ch8kwMSriDQSaqYBD41pVWNUiyLmebO7UjQIBZyL1htUCfBS8iZW4vc4upeC_ZU329fUinhhneuSBwsNvc2iLDiM04-y1XAkQvakqL7uRnsX5wjPp6__JwPYCZPt3rd2mNJtnJMe7BsrXk3b-5mji7H3oKO282-6UNa9kfEPJ73VFux8eLmhBaazb44sRicRG-X3sktXu5_PC4nNYOS4Ah1V77aOD4VvAFYqZyoYp_ro-QrpXlbGBP5FW2Q","e":"AQAB"},"attributes":{"enabled":true,"created":1618377818,"updated":1618377832,"recoveryLevel":"CustomizedRecoverable+Purgeable"},"tags":{"test":"foo"}}'
    headers:
      cache-control:
      - no-cache
      content-length:
      - '677'
      content-type:
      - application/json; charset=utf-8
      date:
      - Wed, 14 Apr 2021 05:26:03 GMT
      expires:
      - '-1'
      pragma:
      - no-cache
      strict-transport-security:
      - max-age=31536000;includeSubDomains
      x-content-type-options:
      - nosniff
      x-ms-keyvault-network-info:
      - conn_type=Ipv4;addr=167.220.255.86;act_addr_fam=InterNetwork;
      x-ms-keyvault-region:
      - eastus2
      x-ms-keyvault-service-version:
      - 1.2.236.0
      x-powered-by:
      - ASP.NET
    status:
      code: 200
      message: OK
- request:
    body: null
    headers:
      Accept:
      - application/json
      Accept-Encoding:
      - gzip, deflate
      Connection:
      - keep-alive
      Content-Type:
      - application/json; charset=utf-8
      User-Agent:
      - python/3.8.2 (Windows-10-10.0.19041-SP0) msrest/0.6.21 msrest_azure/0.6.3
        azure-keyvault/7.0 Azure-SDK-For-Python
      accept-language:
      - en-US
    method: GET
    uri: https://cli-test-kv-key-000002.vault.azure.net/keys/key1-000003/versions?api-version=7.0
  response:
    body:
      string: '{"value":[{"kid":"https://cli-test-kv-key-000002.vault.azure.net/keys/key1-000003/01db5b6601fd496aa1e68164fd7e8167","attributes":{"enabled":true,"created":1618377800,"updated":1618377800,"recoveryLevel":"CustomizedRecoverable+Purgeable"}},{"kid":"https://cli-test-kv-key-000002.vault.azure.net/keys/key1-000003/da92a7557fe7448ca3e5702d5653970d","attributes":{"enabled":true,"created":1618377818,"updated":1618377832,"recoveryLevel":"CustomizedRecoverable+Purgeable"},"tags":{"test":"foo"}}],"nextLink":null}'
    headers:
      cache-control:
      - no-cache
      content-length:
      - '537'
      content-type:
      - application/json; charset=utf-8
      date:
      - Wed, 14 Apr 2021 05:26:04 GMT
      expires:
      - '-1'
      pragma:
      - no-cache
      strict-transport-security:
      - max-age=31536000;includeSubDomains
      x-content-type-options:
      - nosniff
      x-ms-keyvault-network-info:
      - conn_type=Ipv4;addr=167.220.255.86;act_addr_fam=InterNetwork;
      x-ms-keyvault-region:
      - eastus2
      x-ms-keyvault-service-version:
      - 1.2.236.0
      x-powered-by:
      - ASP.NET
    status:
      code: 200
      message: OK
- request:
    body: null
    headers:
      Accept:
      - application/json
      Accept-Encoding:
      - gzip, deflate
      Connection:
      - keep-alive
      Content-Type:
      - application/json; charset=utf-8
      User-Agent:
      - python/3.8.2 (Windows-10-10.0.19041-SP0) msrest/0.6.21 msrest_azure/0.6.3
        azure-keyvault/7.0 Azure-SDK-For-Python
      accept-language:
      - en-US
    method: GET
    uri: https://cli-test-kv-key-000002.vault.azure.net/keys/key1-000003/versions?maxresults=10&api-version=7.0
  response:
    body:
      string: '{"value":[{"kid":"https://cli-test-kv-key-000002.vault.azure.net/keys/key1-000003/01db5b6601fd496aa1e68164fd7e8167","attributes":{"enabled":true,"created":1618377800,"updated":1618377800,"recoveryLevel":"CustomizedRecoverable+Purgeable"}},{"kid":"https://cli-test-kv-key-000002.vault.azure.net/keys/key1-000003/da92a7557fe7448ca3e5702d5653970d","attributes":{"enabled":true,"created":1618377818,"updated":1618377832,"recoveryLevel":"CustomizedRecoverable+Purgeable"},"tags":{"test":"foo"}}],"nextLink":null}'
    headers:
      cache-control:
      - no-cache
      content-length:
      - '537'
      content-type:
      - application/json; charset=utf-8
      date:
      - Wed, 14 Apr 2021 05:26:06 GMT
      expires:
      - '-1'
      pragma:
      - no-cache
      strict-transport-security:
      - max-age=31536000;includeSubDomains
      x-content-type-options:
      - nosniff
      x-ms-keyvault-network-info:
      - conn_type=Ipv4;addr=167.220.255.86;act_addr_fam=InterNetwork;
      x-ms-keyvault-region:
      - eastus2
      x-ms-keyvault-service-version:
      - 1.2.236.0
      x-powered-by:
      - ASP.NET
    status:
      code: 200
      message: OK
- request:
    body: '{"Hsm": false, "key": {"kty": "RSA", "n": "zU0BesajA0-OXjH_bMo9dKMf74QMLYQO0UlhQoiuv15GUE-HvaeKXNLeOeuDmNSq2o-VDTsI6Ayr43c3vI_Jd0fcU5gVamLekxDmgdk4yZkBZHOlUFaCdRew7ClTIKTfeW9EoVeCfu-zlkpGoOPksotSqc9mWtS2GbnO2mvBL7U",
      "e": "AQAB", "d": "aY2BCD3ejBI4MWflWmq0pCZGgh_THwe5kpL2xX1-0vdGkX4CXVkpg0YLaZ4T_9y_pzWRPccvchcpvP6LkpAe1R_jsmfP8QedT2yDTf4T-mE1hyl4D5zyObHjQ-g6uUMT6FpeTgoSkcU90PK-lF31igCitfVgeSNIC7Fq-9ZywWE",
      "dp": "OWxWym28y_4zUTOnaqxaUh3MLmR8M36lAhWZeWo1fcanHjD5GMB9yXSxSwH8wsiQg85EuGC7SMwwzMj49wF-tQ",
      "dq": "usuhE4XnU_bn3Q24t7_18iTnbEafjLyAnLhGcE5L-Rkry-i8shW9BMhh5v6qUFoZHsrxi6CegoFNmmSNuGdVSQ",
      "qi": "zkPMVRQgdyavd6Lwr9mhvezvtoFa9ABIYSzG5I0F_QS6HWtoQRgsrl9kGgvNEvZIPaFGCam1yW0txknvOzn2Ew",
      "p": "8u_9d7zTn7zT-2wBfiMVgfoOP5GmqV6eOrWcRHo0yG0mkYbrt-hxdvoDdye1Hj9ZGKcd590Gpu8nVLDJvuVwPQ",
      "q": "2Fbzajbs4F1bTH6bmvkShrqRbx-XIW_qnbOtGs7ds2VIcqQIwM5c8Y1YvqBKn6LP5nd_qBAmvVjSAMdh73382Q"},
      "attributes": {"enabled": true}}'
    headers:
      Accept:
      - application/json
      Accept-Encoding:
      - gzip, deflate
      Connection:
      - keep-alive
      Content-Length:
      - '921'
      Content-Type:
      - application/json; charset=utf-8
      User-Agent:
      - python/3.8.2 (Windows-10-10.0.19041-SP0) msrest/0.6.21 msrest_azure/0.6.3
        azure-keyvault/7.0 Azure-SDK-For-Python
      accept-language:
      - en-US
    method: PUT
    uri: https://cli-test-kv-key-000002.vault.azure.net/keys/import-key-plain?api-version=7.0
  response:
    body:
      string: '{"key":{"kid":"https://cli-test-kv-key-000002.vault.azure.net/keys/import-key-plain/76e41440d8de48b5a4ad94413ef97e2c","kty":"RSA","key_ops":["encrypt","decrypt","sign","verify","wrapKey","unwrapKey"],"n":"zU0BesajA0-OXjH_bMo9dKMf74QMLYQO0UlhQoiuv15GUE-HvaeKXNLeOeuDmNSq2o-VDTsI6Ayr43c3vI_Jd0fcU5gVamLekxDmgdk4yZkBZHOlUFaCdRew7ClTIKTfeW9EoVeCfu-zlkpGoOPksotSqc9mWtS2GbnO2mvBL7U","e":"AQAB"},"attributes":{"enabled":true,"created":1618377968,"updated":1618377968,"recoveryLevel":"CustomizedRecoverable+Purgeable"}}'
    headers:
      cache-control:
      - no-cache
      content-length:
      - '514'
      content-type:
      - application/json; charset=utf-8
      date:
      - Wed, 14 Apr 2021 05:26:07 GMT
      expires:
      - '-1'
      pragma:
      - no-cache
      strict-transport-security:
      - max-age=31536000;includeSubDomains
      x-content-type-options:
      - nosniff
      x-ms-keyvault-network-info:
      - conn_type=Ipv4;addr=167.220.255.86;act_addr_fam=InterNetwork;
      x-ms-keyvault-region:
      - eastus2
      x-ms-keyvault-service-version:
      - 1.2.236.0
      x-powered-by:
      - ASP.NET
    status:
      code: 200
      message: OK
- request:
    body: '{"Hsm": true, "key": {"kty": "RSA", "n": "qkHvPSMiPoU5RnLI2v7EW5MvfHcObL_QJo83qmWgKCbaaFG3zQNLrJKCWCQUtP2ovB1Zr1_gpl7mO-NXY-W4LfzAMt-PrqR1oADK1LXZDZrsVvhTN3WQoUUDnGwu6tRajwES-uOMGutkCemW73jXKQDhESx7bETlD8YbxKfHtI6Ykx8YBwhTsuFLWmcvn4EveLGQBwMXZfwQil1qNMLcZsVGZlpNkufpLG0BO57METo6910K3q2CIs83mhylY6eCjqAeVtX9Qi5lt4Mz8gfXV5csDM2s7w84L0tz8_VpaC8rQqgyB16t7z0LMOPICEkODmQ8WInSfAcq7Jw2QoO5oQ",
      "e": "AQAB", "d": "U8ohMChjSPuNpXMGEGjDQAIeo5WAHtsDWIaxMYXUHQ6J_D8DQrz1eBeeWDxhiHUxnmqfYaTAzX_0tNJ8hqheTRuPhzno310GmljpeWeJS53L5D1PzwJnzEZHsaq4KE-bxbcUnS5xHCpuUEaKRo5k7UQGf8oxb6Y0SOAJeG3N5bhdgwQP7CiLFktZ_I1Y18teLBjAQbY53sGwTRTVOTcPRGXHDfxo_MVFNU4J6Lk_rr996-J6eO-m0e8mJDloPJ22lS3rNu50Uz4Bki59HDlrQ2SIuNPTtKK1sNccQ4kpogAw46zjk0mR8Q-Xsu82ocNvWE-z7_-4bRsTnw8sRpQ0xQ",
      "dp": "2x6fVMdndZeTdfqiDumLWda4WF6xYXovECmeWjZsMDcQglDlOMYwtR9RHjn7MSSi09D3zrkpQD1fve5_gYBd0wSITMOu-l_vCSogXHxRgsAQhyU-a3IGhLqmXMGa6bhvhzfgxQj0tUFt2PKiYSRlS0Fz2e50GDzvnDnWXKg-NnM",
      "dq": "L2a7wSmjthwVpZODP4P_2a4Fnw0qt31NF25340qmcWcvgVVtyvpzXHkuRFFcsF3C-9bYfMSa8g6locSbW_2FniFVZXuomxnh7IJLEZWdRdsVzjCUdxeBHWRx1ATV0cYfO_QsJBVyYWX3Ckyh7su9Lld6izBlhK6tu_VxKelXREM",
      "qi": "lOGzwc8xXYnY1ftSOOQFAn5nArlz_2BDMIUu0Ke-Opfiq6CEW7bUqiXy_nmpOEtyYqXGmN-iNA7KKwwgnEJwaxjQiXikfYsIgDlhGCfXbBRf-JpHlcGoUNdZgWHbaaZn7YgvCP5p28HNl-yULxvtelZvg3KV-bYByBizvkFeEIk",
      "p": "4r65u7ku0vBCmreBLjQ1jC9uWbUCbAMO2zDsh0TTsFGOjytya0zHMXaujagfL32A_XkMTIeKXRWpY_21ut78N9bhd4u7MfXYAvrNz7crQEOY_LyxWunL5FclAuf57yAiyxDiSCzTfjU3CwyQctLjOQJWN1BOFq40-xYqVMYf0os",
      "q": "wDl00qOFQ1XOAG4jDkKtzEtTq9XkWkquixrvID6AuLosVIpOat1UjlIQ6OoTo1bwU8tJowhwQcugRBYx2BBfe01v7ULtjsdzDndF5xPkvuqoR3J9jCQu5wMr7u8wyGoVq9BKI1mFyYukUZsJIYeEGJhWV4S1O80og7eobEM_BgM"},
      "attributes": {"enabled": true}}'
    headers:
      Accept:
      - application/json
      Accept-Encoding:
      - gzip, deflate
      Connection:
      - keep-alive
      Content-Length:
      - '1687'
      Content-Type:
      - application/json; charset=utf-8
      User-Agent:
      - python/3.8.2 (Windows-10-10.0.19041-SP0) msrest/0.6.21 msrest_azure/0.6.3
        azure-keyvault/7.0 Azure-SDK-For-Python
      accept-language:
      - en-US
    method: PUT
    uri: https://cli-test-kv-key-000002.vault.azure.net/keys/import-key-encrypted?api-version=7.0
  response:
    body:
      string: '{"key":{"kid":"https://cli-test-kv-key-000002.vault.azure.net/keys/import-key-encrypted/6747aa16c4c049fdb82b51d4661b8ac4","kty":"RSA-HSM","key_ops":["encrypt","decrypt","sign","verify","wrapKey","unwrapKey"],"n":"qkHvPSMiPoU5RnLI2v7EW5MvfHcObL_QJo83qmWgKCbaaFG3zQNLrJKCWCQUtP2ovB1Zr1_gpl7mO-NXY-W4LfzAMt-PrqR1oADK1LXZDZrsVvhTN3WQoUUDnGwu6tRajwES-uOMGutkCemW73jXKQDhESx7bETlD8YbxKfHtI6Ykx8YBwhTsuFLWmcvn4EveLGQBwMXZfwQil1qNMLcZsVGZlpNkufpLG0BO57METo6910K3q2CIs83mhylY6eCjqAeVtX9Qi5lt4Mz8gfXV5csDM2s7w84L0tz8_VpaC8rQqgyB16t7z0LMOPICEkODmQ8WInSfAcq7Jw2QoO5oQ","e":"AQAB"},"attributes":{"enabled":true,"created":1618377970,"updated":1618377970,"recoveryLevel":"CustomizedRecoverable+Purgeable"}}'
    headers:
      cache-control:
      - no-cache
      content-length:
      - '693'
      content-type:
      - application/json; charset=utf-8
      date:
      - Wed, 14 Apr 2021 05:26:09 GMT
      expires:
      - '-1'
      pragma:
      - no-cache
      strict-transport-security:
      - max-age=31536000;includeSubDomains
      x-content-type-options:
      - nosniff
      x-ms-keyvault-network-info:
      - conn_type=Ipv4;addr=167.220.255.86;act_addr_fam=InterNetwork;
      x-ms-keyvault-region:
      - eastus2
      x-ms-keyvault-service-version:
      - 1.2.236.0
      x-powered-by:
      - ASP.NET
    status:
      code: 200
      message: OK
- request:
    body: '{"Hsm": false, "key": {"kty": "RSA", "n": "zU0BesajA0-OXjH_bMo9dKMf74QMLYQO0UlhQoiuv15GUE-HvaeKXNLeOeuDmNSq2o-VDTsI6Ayr43c3vI_Jd0fcU5gVamLekxDmgdk4yZkBZHOlUFaCdRew7ClTIKTfeW9EoVeCfu-zlkpGoOPksotSqc9mWtS2GbnO2mvBL7U",
      "e": "AQAB", "d": "aY2BCD3ejBI4MWflWmq0pCZGgh_THwe5kpL2xX1-0vdGkX4CXVkpg0YLaZ4T_9y_pzWRPccvchcpvP6LkpAe1R_jsmfP8QedT2yDTf4T-mE1hyl4D5zyObHjQ-g6uUMT6FpeTgoSkcU90PK-lF31igCitfVgeSNIC7Fq-9ZywWE",
      "dp": "OWxWym28y_4zUTOnaqxaUh3MLmR8M36lAhWZeWo1fcanHjD5GMB9yXSxSwH8wsiQg85EuGC7SMwwzMj49wF-tQ",
      "dq": "usuhE4XnU_bn3Q24t7_18iTnbEafjLyAnLhGcE5L-Rkry-i8shW9BMhh5v6qUFoZHsrxi6CegoFNmmSNuGdVSQ",
      "qi": "zkPMVRQgdyavd6Lwr9mhvezvtoFa9ABIYSzG5I0F_QS6HWtoQRgsrl9kGgvNEvZIPaFGCam1yW0txknvOzn2Ew",
      "p": "8u_9d7zTn7zT-2wBfiMVgfoOP5GmqV6eOrWcRHo0yG0mkYbrt-hxdvoDdye1Hj9ZGKcd590Gpu8nVLDJvuVwPQ",
      "q": "2Fbzajbs4F1bTH6bmvkShrqRbx-XIW_qnbOtGs7ds2VIcqQIwM5c8Y1YvqBKn6LP5nd_qBAmvVjSAMdh73382Q"},
      "attributes": {"enabled": true}}'
    headers:
      Accept:
      - application/json
      Accept-Encoding:
      - gzip, deflate
      Connection:
      - keep-alive
      Content-Length:
      - '921'
      Content-Type:
      - application/json; charset=utf-8
      User-Agent:
      - python/3.8.2 (Windows-10-10.0.19041-SP0) msrest/0.6.21 msrest_azure/0.6.3
        azure-keyvault/7.0 Azure-SDK-For-Python
      accept-language:
      - en-US
    method: PUT
    uri: https://cli-test-kv-key-000002.vault.azure.net/keys/import-key-plain?api-version=7.0
  response:
    body:
      string: '{"key":{"kid":"https://cli-test-kv-key-000002.vault.azure.net/keys/import-key-plain/a02c5acabf3f4a7a8468aaea4ed5dce9","kty":"RSA","key_ops":["encrypt","decrypt","sign","verify","wrapKey","unwrapKey"],"n":"zU0BesajA0-OXjH_bMo9dKMf74QMLYQO0UlhQoiuv15GUE-HvaeKXNLeOeuDmNSq2o-VDTsI6Ayr43c3vI_Jd0fcU5gVamLekxDmgdk4yZkBZHOlUFaCdRew7ClTIKTfeW9EoVeCfu-zlkpGoOPksotSqc9mWtS2GbnO2mvBL7U","e":"AQAB"},"attributes":{"enabled":true,"created":1618377971,"updated":1618377971,"recoveryLevel":"CustomizedRecoverable+Purgeable"}}'
    headers:
      cache-control:
      - no-cache
      content-length:
      - '514'
      content-type:
      - application/json; charset=utf-8
      date:
      - Wed, 14 Apr 2021 05:26:11 GMT
      expires:
      - '-1'
      pragma:
      - no-cache
      strict-transport-security:
      - max-age=31536000;includeSubDomains
      x-content-type-options:
      - nosniff
      x-ms-keyvault-network-info:
      - conn_type=Ipv4;addr=167.220.255.22;act_addr_fam=InterNetwork;
      x-ms-keyvault-region:
      - eastus2
      x-ms-keyvault-service-version:
      - 1.2.236.0
      x-powered-by:
      - ASP.NET
    status:
      code: 200
      message: OK
- request:
    body: '{"Hsm": true, "key": {"kty": "RSA", "n": "qkHvPSMiPoU5RnLI2v7EW5MvfHcObL_QJo83qmWgKCbaaFG3zQNLrJKCWCQUtP2ovB1Zr1_gpl7mO-NXY-W4LfzAMt-PrqR1oADK1LXZDZrsVvhTN3WQoUUDnGwu6tRajwES-uOMGutkCemW73jXKQDhESx7bETlD8YbxKfHtI6Ykx8YBwhTsuFLWmcvn4EveLGQBwMXZfwQil1qNMLcZsVGZlpNkufpLG0BO57METo6910K3q2CIs83mhylY6eCjqAeVtX9Qi5lt4Mz8gfXV5csDM2s7w84L0tz8_VpaC8rQqgyB16t7z0LMOPICEkODmQ8WInSfAcq7Jw2QoO5oQ",
      "e": "AQAB", "d": "U8ohMChjSPuNpXMGEGjDQAIeo5WAHtsDWIaxMYXUHQ6J_D8DQrz1eBeeWDxhiHUxnmqfYaTAzX_0tNJ8hqheTRuPhzno310GmljpeWeJS53L5D1PzwJnzEZHsaq4KE-bxbcUnS5xHCpuUEaKRo5k7UQGf8oxb6Y0SOAJeG3N5bhdgwQP7CiLFktZ_I1Y18teLBjAQbY53sGwTRTVOTcPRGXHDfxo_MVFNU4J6Lk_rr996-J6eO-m0e8mJDloPJ22lS3rNu50Uz4Bki59HDlrQ2SIuNPTtKK1sNccQ4kpogAw46zjk0mR8Q-Xsu82ocNvWE-z7_-4bRsTnw8sRpQ0xQ",
      "dp": "2x6fVMdndZeTdfqiDumLWda4WF6xYXovECmeWjZsMDcQglDlOMYwtR9RHjn7MSSi09D3zrkpQD1fve5_gYBd0wSITMOu-l_vCSogXHxRgsAQhyU-a3IGhLqmXMGa6bhvhzfgxQj0tUFt2PKiYSRlS0Fz2e50GDzvnDnWXKg-NnM",
      "dq": "L2a7wSmjthwVpZODP4P_2a4Fnw0qt31NF25340qmcWcvgVVtyvpzXHkuRFFcsF3C-9bYfMSa8g6locSbW_2FniFVZXuomxnh7IJLEZWdRdsVzjCUdxeBHWRx1ATV0cYfO_QsJBVyYWX3Ckyh7su9Lld6izBlhK6tu_VxKelXREM",
      "qi": "lOGzwc8xXYnY1ftSOOQFAn5nArlz_2BDMIUu0Ke-Opfiq6CEW7bUqiXy_nmpOEtyYqXGmN-iNA7KKwwgnEJwaxjQiXikfYsIgDlhGCfXbBRf-JpHlcGoUNdZgWHbaaZn7YgvCP5p28HNl-yULxvtelZvg3KV-bYByBizvkFeEIk",
      "p": "4r65u7ku0vBCmreBLjQ1jC9uWbUCbAMO2zDsh0TTsFGOjytya0zHMXaujagfL32A_XkMTIeKXRWpY_21ut78N9bhd4u7MfXYAvrNz7crQEOY_LyxWunL5FclAuf57yAiyxDiSCzTfjU3CwyQctLjOQJWN1BOFq40-xYqVMYf0os",
      "q": "wDl00qOFQ1XOAG4jDkKtzEtTq9XkWkquixrvID6AuLosVIpOat1UjlIQ6OoTo1bwU8tJowhwQcugRBYx2BBfe01v7ULtjsdzDndF5xPkvuqoR3J9jCQu5wMr7u8wyGoVq9BKI1mFyYukUZsJIYeEGJhWV4S1O80og7eobEM_BgM"},
      "attributes": {"enabled": true}}'
    headers:
      Accept:
      - application/json
      Accept-Encoding:
      - gzip, deflate
      Connection:
      - keep-alive
      Content-Length:
      - '1687'
      Content-Type:
      - application/json; charset=utf-8
      User-Agent:
      - python/3.8.2 (Windows-10-10.0.19041-SP0) msrest/0.6.21 msrest_azure/0.6.3
        azure-keyvault/7.0 Azure-SDK-For-Python
      accept-language:
      - en-US
    method: PUT
    uri: https://cli-test-kv-key-000002.vault.azure.net/keys/import-key-encrypted?api-version=7.0
  response:
    body:
      string: '{"key":{"kid":"https://cli-test-kv-key-000002.vault.azure.net/keys/import-key-encrypted/50be4ffcc3f349d79a390a37166806e9","kty":"RSA-HSM","key_ops":["encrypt","decrypt","sign","verify","wrapKey","unwrapKey"],"n":"qkHvPSMiPoU5RnLI2v7EW5MvfHcObL_QJo83qmWgKCbaaFG3zQNLrJKCWCQUtP2ovB1Zr1_gpl7mO-NXY-W4LfzAMt-PrqR1oADK1LXZDZrsVvhTN3WQoUUDnGwu6tRajwES-uOMGutkCemW73jXKQDhESx7bETlD8YbxKfHtI6Ykx8YBwhTsuFLWmcvn4EveLGQBwMXZfwQil1qNMLcZsVGZlpNkufpLG0BO57METo6910K3q2CIs83mhylY6eCjqAeVtX9Qi5lt4Mz8gfXV5csDM2s7w84L0tz8_VpaC8rQqgyB16t7z0LMOPICEkODmQ8WInSfAcq7Jw2QoO5oQ","e":"AQAB"},"attributes":{"enabled":true,"created":1618377973,"updated":1618377973,"recoveryLevel":"CustomizedRecoverable+Purgeable"}}'
    headers:
      cache-control:
      - no-cache
      content-length:
      - '693'
      content-type:
      - application/json; charset=utf-8
      date:
      - Wed, 14 Apr 2021 05:26:13 GMT
      expires:
      - '-1'
      pragma:
      - no-cache
      strict-transport-security:
      - max-age=31536000;includeSubDomains
      x-content-type-options:
      - nosniff
      x-ms-keyvault-network-info:
      - conn_type=Ipv4;addr=167.220.255.22;act_addr_fam=InterNetwork;
      x-ms-keyvault-region:
      - eastus2
      x-ms-keyvault-service-version:
      - 1.2.236.0
      x-powered-by:
      - ASP.NET
    status:
      code: 200
      message: OK
- request:
    body: '{"kty": "EC", "attributes": {"enabled": true}}'
    headers:
      Accept:
      - application/json
      Accept-Encoding:
      - gzip, deflate
      Connection:
      - keep-alive
      Content-Length:
      - '46'
      Content-Type:
      - application/json; charset=utf-8
      User-Agent:
      - python/3.8.2 (Windows-10-10.0.19041-SP0) msrest/0.6.21 msrest_azure/0.6.3
        azure-keyvault/7.0 Azure-SDK-For-Python
      accept-language:
      - en-US
    method: POST
    uri: https://cli-test-kv-key-000002.vault.azure.net/keys/eckey1/create?api-version=7.0
  response:
    body:
      string: '{"key":{"kid":"https://cli-test-kv-key-000002.vault.azure.net/keys/eckey1/700978b994b24a46a0c749c5c9cb48dd","kty":"EC","key_ops":["sign","verify"],"crv":"P-256","x":"4edaU18UFKJU7aPz6xdWiaDQ6N56pihE_mNw2e9YiSI","y":"DCEA4xG5NoSS5wKVZl9yMuKd1bkruBhBX0YB3G8Ne3A"},"attributes":{"enabled":true,"created":1618377975,"updated":1618377975,"recoveryLevel":"CustomizedRecoverable+Purgeable"}}'
    headers:
      cache-control:
      - no-cache
      content-length:
      - '386'
      content-type:
      - application/json; charset=utf-8
      date:
      - Wed, 14 Apr 2021 05:26:14 GMT
      expires:
      - '-1'
      pragma:
      - no-cache
      strict-transport-security:
      - max-age=31536000;includeSubDomains
      x-content-type-options:
      - nosniff
      x-ms-keyvault-network-info:
      - conn_type=Ipv4;addr=167.220.255.22;act_addr_fam=InterNetwork;
      x-ms-keyvault-region:
      - eastus2
      x-ms-keyvault-service-version:
      - 1.2.236.0
      x-powered-by:
      - ASP.NET
    status:
      code: 200
      message: OK
- request:
    body: '{"kty": "EC", "attributes": {"enabled": true}, "crv": "P-256"}'
    headers:
      Accept:
      - application/json
      Accept-Encoding:
      - gzip, deflate
      Connection:
      - keep-alive
      Content-Length:
      - '62'
      Content-Type:
      - application/json; charset=utf-8
      User-Agent:
      - python/3.8.2 (Windows-10-10.0.19041-SP0) msrest/0.6.21 msrest_azure/0.6.3
        azure-keyvault/7.0 Azure-SDK-For-Python
      accept-language:
      - en-US
    method: POST
    uri: https://cli-test-kv-key-000002.vault.azure.net/keys/eckey1/create?api-version=7.0
  response:
    body:
      string: '{"key":{"kid":"https://cli-test-kv-key-000002.vault.azure.net/keys/eckey1/fdef48a29ff54923be51add677697271","kty":"EC","key_ops":["sign","verify"],"crv":"P-256","x":"ZQwtsl_owrM5-6dYYlM5SW6RFhiPcZKlhVJX87G4iJk","y":"idUaCgWyjvqKvle4zFWWDXonUf7QSPbGdrhSJj8nP7I"},"attributes":{"enabled":true,"created":1618377976,"updated":1618377976,"recoveryLevel":"CustomizedRecoverable+Purgeable"}}'
    headers:
      cache-control:
      - no-cache
      content-length:
      - '386'
      content-type:
      - application/json; charset=utf-8
      date:
      - Wed, 14 Apr 2021 05:26:15 GMT
      expires:
      - '-1'
      pragma:
      - no-cache
      strict-transport-security:
      - max-age=31536000;includeSubDomains
      x-content-type-options:
      - nosniff
      x-ms-keyvault-network-info:
      - conn_type=Ipv4;addr=167.220.255.22;act_addr_fam=InterNetwork;
      x-ms-keyvault-region:
      - eastus2
      x-ms-keyvault-service-version:
      - 1.2.236.0
      x-powered-by:
      - ASP.NET
    status:
      code: 200
      message: OK
- request:
    body: null
    headers:
      Accept:
      - application/json
      Accept-Encoding:
      - gzip, deflate
      Connection:
      - keep-alive
      Content-Length:
      - '0'
      Content-Type:
      - application/json; charset=utf-8
      User-Agent:
      - python/3.8.2 (Windows-10-10.0.19041-SP0) msrest/0.6.21 msrest_azure/0.6.3
        azure-keyvault/7.0 Azure-SDK-For-Python
      accept-language:
      - en-US
    method: DELETE
    uri: https://cli-test-kv-key-000002.vault.azure.net/keys/eckey1?api-version=7.0
  response:
    body:
      string: '{"recoveryId":"https://cli-test-kv-key-000002.vault.azure.net/deletedkeys/eckey1","deletedDate":1618377977,"scheduledPurgeDate":1618982777,"key":{"kid":"https://cli-test-kv-key-000002.vault.azure.net/keys/eckey1/fdef48a29ff54923be51add677697271","kty":"EC","key_ops":["sign","verify"],"crv":"P-256","x":"ZQwtsl_owrM5-6dYYlM5SW6RFhiPcZKlhVJX87G4iJk","y":"idUaCgWyjvqKvle4zFWWDXonUf7QSPbGdrhSJj8nP7I"},"attributes":{"enabled":true,"created":1618377976,"updated":1618377976,"recoveryLevel":"CustomizedRecoverable+Purgeable"}}'
    headers:
      cache-control:
      - no-cache
      content-length:
      - '526'
      content-type:
      - application/json; charset=utf-8
      date:
      - Wed, 14 Apr 2021 05:26:17 GMT
      expires:
      - '-1'
      pragma:
      - no-cache
      strict-transport-security:
      - max-age=31536000;includeSubDomains
      x-content-type-options:
      - nosniff
      x-ms-keyvault-network-info:
      - conn_type=Ipv4;addr=167.220.255.22;act_addr_fam=InterNetwork;
      x-ms-keyvault-region:
      - eastus2
      x-ms-keyvault-service-version:
      - 1.2.236.0
      x-powered-by:
      - ASP.NET
    status:
      code: 200
      message: OK
- request:
    body: '{"Hsm": false, "key": {"kty": "EC", "d": "iSHNXO4xIu4VArH0o-PLYrKy6VaJxvjEGQVT-rz1IU4",
      "crv": "P-256", "x": "li86GrOlNxhcyInofgyKTYvekq3QGpspRuByNRSR5CM", "y": "ypRUUQHi84SwobPHhHHDzqXSPGPUvvijyt-i6AiQA0Y"},
      "attributes": {"enabled": true}}'
    headers:
      Accept:
      - application/json
      Accept-Encoding:
      - gzip, deflate
      Connection:
      - keep-alive
      Content-Length:
      - '241'
      Content-Type:
      - application/json; charset=utf-8
      User-Agent:
      - python/3.8.2 (Windows-10-10.0.19041-SP0) msrest/0.6.21 msrest_azure/0.6.3
        azure-keyvault/7.0 Azure-SDK-For-Python
      accept-language:
      - en-US
    method: PUT
    uri: https://cli-test-kv-key-000002.vault.azure.net/keys/import-eckey-plain?api-version=7.0
  response:
    body:
      string: '{"key":{"kid":"https://cli-test-kv-key-000002.vault.azure.net/keys/import-eckey-plain/a2653a94cb334b028b9a4dbadd358cce","kty":"EC","key_ops":["sign","verify"],"crv":"P-256","x":"li86GrOlNxhcyInofgyKTYvekq3QGpspRuByNRSR5CM","y":"ypRUUQHi84SwobPHhHHDzqXSPGPUvvijyt-i6AiQA0Y"},"attributes":{"enabled":true,"created":1618377979,"updated":1618377979,"recoveryLevel":"CustomizedRecoverable+Purgeable"}}'
    headers:
      cache-control:
      - no-cache
      content-length:
      - '398'
      content-type:
      - application/json; charset=utf-8
      date:
      - Wed, 14 Apr 2021 05:26:18 GMT
      expires:
      - '-1'
      pragma:
      - no-cache
      strict-transport-security:
      - max-age=31536000;includeSubDomains
      x-content-type-options:
      - nosniff
      x-ms-keyvault-network-info:
      - conn_type=Ipv4;addr=167.220.255.22;act_addr_fam=InterNetwork;
      x-ms-keyvault-region:
      - eastus2
      x-ms-keyvault-service-version:
      - 1.2.236.0
      x-powered-by:
      - ASP.NET
    status:
      code: 200
      message: OK
- request:
    body: '{"Hsm": false, "key": {"kty": "EC", "d": "AfqngG4fnCqOyjTsRiBL6sxt61XHHwLSN3YjLhHWrFTdV9Uev7c-3oiXXwExwLkeEMZk1bOuSJO3_rZbX0ymkwAM",
      "crv": "P-521", "x": "AbrVIZG8gPu6vTAbrs7OFStWCCDzbH29jAKaQqCaMS36wZvYjpT7ErJdE6RuqDs4m9iIb8VaP1FU5go4vAEIVvyS",
      "y": "AXjftbkXFhvx5d0ooAHtNwY-1xgXAUtpKLiZKiWMjRchKaX6YRc2wHCCib1KqstdqGxrqKhv99_V9Al57QcLL71Q"},
      "attributes": {"enabled": true}}'
    headers:
      Accept:
      - application/json
      Accept-Encoding:
      - gzip, deflate
      Connection:
      - keep-alive
      Content-Length:
      - '376'
      Content-Type:
      - application/json; charset=utf-8
      User-Agent:
      - python/3.8.2 (Windows-10-10.0.19041-SP0) msrest/0.6.21 msrest_azure/0.6.3
        azure-keyvault/7.0 Azure-SDK-For-Python
      accept-language:
      - en-US
    method: PUT
    uri: https://cli-test-kv-key-000002.vault.azure.net/keys/import-eckey-encrypted?api-version=7.0
  response:
    body:
      string: '{"key":{"kid":"https://cli-test-kv-key-000002.vault.azure.net/keys/import-eckey-encrypted/80c9925ef30f47feb61b7f12ea968ba3","kty":"EC","key_ops":["sign","verify"],"crv":"P-521","x":"AbrVIZG8gPu6vTAbrs7OFStWCCDzbH29jAKaQqCaMS36wZvYjpT7ErJdE6RuqDs4m9iIb8VaP1FU5go4vAEIVvyS","y":"AXjftbkXFhvx5d0ooAHtNwY-1xgXAUtpKLiZKiWMjRchKaX6YRc2wHCCib1KqstdqGxrqKhv99_V9Al57QcLL71Q"},"attributes":{"enabled":true,"created":1618377980,"updated":1618377980,"recoveryLevel":"CustomizedRecoverable+Purgeable"}}'
    headers:
      cache-control:
      - no-cache
      content-length:
      - '492'
      content-type:
      - application/json; charset=utf-8
      date:
      - Wed, 14 Apr 2021 05:26:19 GMT
      expires:
      - '-1'
      pragma:
      - no-cache
      strict-transport-security:
      - max-age=31536000;includeSubDomains
      x-content-type-options:
      - nosniff
      x-ms-keyvault-network-info:
      - conn_type=Ipv4;addr=167.220.255.22;act_addr_fam=InterNetwork;
      x-ms-keyvault-region:
      - eastus2
      x-ms-keyvault-service-version:
      - 1.2.236.0
      x-powered-by:
      - ASP.NET
    status:
      code: 200
      message: OK
- request:
    body: null
    headers:
      Accept:
      - application/json
      Accept-Encoding:
      - gzip, deflate
      Connection:
      - keep-alive
      User-Agent:
      - python/3.8.2 (Windows-10-10.0.19041-SP0) msrest/0.6.21 msrest_azure/0.6.3
        azure-graphrbac/0.60.0 Azure-SDK-For-Python
      accept-language:
      - en-US
    method: GET
    uri: https://graph.windows.net/00000000-0000-0000-0000-000000000000/me?api-version=1.6
  response:
    body:
      string: '{"odata.metadata":"https://graph.windows.net/00000000-0000-0000-0000-000000000000/$metadata#directoryObjects/@Element","odata.type":"Microsoft.DirectoryServices.User","objectType":"User","objectId":"f3ea48f6-a16e-4b37-8260-f69cf2200525","deletionTimestamp":null,"accountEnabled":true,"ageGroup":null,"assignedLicenses":[],"assignedPlans":[],"city":null,"companyName":null,"consentProvidedForMinor":null,"country":null,"createdDateTime":"2020-04-07T09:37:40Z","creationType":"Invitation","department":null,"dirSyncEnabled":null,"displayName":"Houk
        Chen","employeeId":null,"facsimileTelephoneNumber":null,"givenName":null,"immutableId":null,"isCompromised":null,"jobTitle":null,"lastDirSyncTime":null,"legalAgeGroupClassification":null,"mail":"honc@microsoft.com","mailNickname":"honc_microsoft.com#EXT#","mobile":null,"onPremisesDistinguishedName":null,"onPremisesSecurityIdentifier":null,"otherMails":["honc@microsoft.com"],"passwordPolicies":null,"passwordProfile":null,"physicalDeliveryOfficeName":null,"postalCode":null,"preferredLanguage":null,"provisionedPlans":[],"provisioningErrors":[],"proxyAddresses":["SMTP:honc@microsoft.com"],"refreshTokensValidFromDateTime":"2020-04-07T09:37:40Z","showInAddressList":false,"signInNames":[],"sipProxyAddress":null,"state":null,"streetAddress":null,"surname":null,"telephoneNumber":null,"thumbnailPhoto@odata.mediaEditLink":"directoryObjects/f3ea48f6-a16e-4b37-8260-f69cf2200525/Microsoft.DirectoryServices.User/thumbnailPhoto","usageLocation":null,"userIdentities":[],"userPrincipalName":"honc_microsoft.com#EXT#@AzureSDKTeam.onmicrosoft.com","userState":"Accepted","userStateChangedOn":"2020-04-10T09:25:17Z","userType":"Guest"}'
    headers:
      access-control-allow-origin:
      - '*'
      cache-control:
      - no-cache
      content-length:
      - '1676'
      content-type:
      - application/json; odata=minimalmetadata; streaming=true; charset=utf-8
      dataserviceversion:
      - 3.0;
      date:
      - Wed, 14 Apr 2021 05:26:20 GMT
      duration:
      - '3765932'
      expires:
      - '-1'
      ocp-aad-diagnostics-server-name:
      - lFThdo6GSz7mOmGkYoZynJVuASvuYHMbmf2HcLlUTOk=
      ocp-aad-session-key:
      - h8_Kk1NAUnVexB3_vF-Xei5BidwXBdoP9na0hBXxLGw8-sE3pM8eQCb3B0lH9ENNlhb7RAEOJbNn8uqxPeulCGLOqhtkHf_sTYBvLN5irwniC3v3lt3yuGdH5tQGTX4Z.ETtqGu9elUecasMvwGN2g5frEgpPUogqsiF0EkQ5rW4
      pragma:
      - no-cache
      request-id:
      - a7771a6b-6139-4078-ba44-528c1069c67b
      strict-transport-security:
      - max-age=31536000; includeSubDomains
      x-aspnet-version:
      - 4.0.30319
      x-ms-dirapi-data-contract-version:
      - '1.6'
      x-ms-resource-unit:
      - '1'
      x-powered-by:
      - ASP.NET
    status:
      code: 200
      message: OK
- request:
    body: '{"location": "eastus2", "properties": {"tenantId": "54826b22-38d6-4fb2-bad9-b7b93a3e9c5a",
      "sku": {"family": "A", "name": "premium"}, "accessPolicies": [{"tenantId": "54826b22-38d6-4fb2-bad9-b7b93a3e9c5a",
      "objectId": "f3ea48f6-a16e-4b37-8260-f69cf2200525", "permissions": {"keys":
      ["get", "create", "delete", "list", "update", "import", "backup", "restore",
      "recover"], "secrets": ["get", "list", "set", "delete", "backup", "restore",
      "recover"], "certificates": ["get", "list", "delete", "create", "import", "update",
      "managecontacts", "getissuers", "listissuers", "setissuers", "deleteissuers",
      "manageissuers", "recover"], "storage": ["get", "list", "delete", "set", "update",
      "regeneratekey", "setsas", "listsas", "getsas", "deletesas"]}}], "enableSoftDelete":
      true, "softDeleteRetentionInDays": 7, "networkAcls": {"bypass": "AzureServices",
      "defaultAction": "Allow"}}}'
    headers:
      Accept:
      - application/json
      Accept-Encoding:
      - gzip, deflate
      CommandName:
      - keyvault create
      Connection:
      - keep-alive
      Content-Length:
      - '874'
      Content-Type:
      - application/json
      ParameterSetName:
      - -g -n -l --sku --retention-days --enable-soft-delete
      User-Agent:
      - AZURECLI/2.21.0 azsdk-python-azure-mgmt-keyvault/9.0.0 Python/3.8.2 (Windows-10-10.0.19041-SP0)
    method: PUT
    uri: https://management.azure.com/subscriptions/00000000-0000-0000-0000-000000000000/resourceGroups/cli_test_keyvault_key000001/providers/Microsoft.KeyVault/vaults/cli-test-kv-key-000005?api-version=2021-04-01-preview
  response:
    body:
      string: '{"id":"/subscriptions/00000000-0000-0000-0000-000000000000/resourceGroups/cli_test_keyvault_key000001/providers/Microsoft.KeyVault/vaults/cli-test-kv-key-000005","name":"cli-test-kv-key-000005","type":"Microsoft.KeyVault/vaults","location":"eastus2","tags":{},"systemData":{"createdBy":"honc@microsoft.com","createdByType":"User","createdAt":"1970-01-19T17:32:57.987Z","lastModifiedBy":"honc@microsoft.com","lastModifiedByType":"User","lastModifiedAt":"1970-01-19T17:32:57.987Z"},"properties":{"sku":{"family":"A","name":"premium"},"tenantId":"54826b22-38d6-4fb2-bad9-b7b93a3e9c5a","accessPolicies":[{"tenantId":"54826b22-38d6-4fb2-bad9-b7b93a3e9c5a","objectId":"f3ea48f6-a16e-4b37-8260-f69cf2200525","permissions":{"keys":["get","create","delete","list","update","import","backup","restore","recover"],"secrets":["get","list","set","delete","backup","restore","recover"],"certificates":["get","list","delete","create","import","update","managecontacts","getissuers","listissuers","setissuers","deleteissuers","manageissuers","recover"],"storage":["get","list","delete","set","update","regeneratekey","setsas","listsas","getsas","deletesas"]}}],"enabledForDeployment":false,"enableSoftDelete":true,"softDeleteRetentionInDays":7,"vaultUri":"https://cli-test-kv-key-000005.vault.azure.net","provisioningState":"RegisteringDns"}}'
    headers:
      cache-control:
      - no-cache
      content-length:
      - '1380'
      content-type:
      - application/json; charset=utf-8
      date:
      - Wed, 14 Apr 2021 05:26:29 GMT
      expires:
      - '-1'
      pragma:
      - no-cache
      server:
      - Microsoft-IIS/10.0
      strict-transport-security:
      - max-age=31536000; includeSubDomains
      transfer-encoding:
      - chunked
      vary:
      - Accept-Encoding
      x-aspnet-version:
      - 4.0.30319
      x-content-type-options:
      - nosniff
      x-ms-keyvault-service-version:
      - 1.1.292.0
      x-ms-ratelimit-remaining-subscription-writes:
      - '1198'
      x-powered-by:
      - ASP.NET
    status:
      code: 200
      message: OK
- request:
    body: null
    headers:
      Accept:
      - '*/*'
      Accept-Encoding:
      - gzip, deflate
      CommandName:
      - keyvault create
      Connection:
      - keep-alive
      ParameterSetName:
      - -g -n -l --sku --retention-days --enable-soft-delete
      User-Agent:
      - AZURECLI/2.21.0 azsdk-python-azure-mgmt-keyvault/9.0.0 Python/3.8.2 (Windows-10-10.0.19041-SP0)
    method: GET
    uri: https://management.azure.com/subscriptions/00000000-0000-0000-0000-000000000000/resourceGroups/cli_test_keyvault_key000001/providers/Microsoft.KeyVault/vaults/cli-test-kv-key-000005?api-version=2021-04-01-preview
  response:
    body:
      string: '{"id":"/subscriptions/00000000-0000-0000-0000-000000000000/resourceGroups/cli_test_keyvault_key000001/providers/Microsoft.KeyVault/vaults/cli-test-kv-key-000005","name":"cli-test-kv-key-000005","type":"Microsoft.KeyVault/vaults","location":"eastus2","tags":{},"systemData":{"createdBy":"honc@microsoft.com","createdByType":"User","createdAt":"1970-01-19T17:32:57.987Z","lastModifiedBy":"honc@microsoft.com","lastModifiedByType":"User","lastModifiedAt":"1970-01-19T17:32:57.987Z"},"properties":{"sku":{"family":"A","name":"premium"},"tenantId":"54826b22-38d6-4fb2-bad9-b7b93a3e9c5a","accessPolicies":[{"tenantId":"54826b22-38d6-4fb2-bad9-b7b93a3e9c5a","objectId":"f3ea48f6-a16e-4b37-8260-f69cf2200525","permissions":{"keys":["get","create","delete","list","update","import","backup","restore","recover"],"secrets":["get","list","set","delete","backup","restore","recover"],"certificates":["get","list","delete","create","import","update","managecontacts","getissuers","listissuers","setissuers","deleteissuers","manageissuers","recover"],"storage":["get","list","delete","set","update","regeneratekey","setsas","listsas","getsas","deletesas"]}}],"enabledForDeployment":false,"enableSoftDelete":true,"softDeleteRetentionInDays":7,"vaultUri":"https://cli-test-kv-key-000005.vault.azure.net/","provisioningState":"Succeeded"}}'
    headers:
      cache-control:
      - no-cache
      content-length:
      - '1376'
      content-type:
      - application/json; charset=utf-8
      date:
      - Wed, 14 Apr 2021 05:26:59 GMT
      expires:
      - '-1'
      pragma:
      - no-cache
      server:
      - Microsoft-IIS/10.0
      strict-transport-security:
      - max-age=31536000; includeSubDomains
      transfer-encoding:
      - chunked
      vary:
      - Accept-Encoding
      x-aspnet-version:
      - 4.0.30319
      x-content-type-options:
      - nosniff
      x-ms-keyvault-service-version:
      - 1.1.292.0
      x-powered-by:
      - ASP.NET
    status:
      code: 200
      message: OK
- request:
    body: ''
    headers:
      Accept:
      - application/json
      Accept-Encoding:
      - gzip, deflate
      Connection:
      - keep-alive
      Content-Length:
      - 0
      Content-Type:
      - application/json; charset=utf-8
      User-Agent:
      - python/3.8.2 (Windows-10-10.0.19041-SP0) msrest/0.6.21 msrest_azure/0.6.3
        azure-keyvault/7.0 Azure-SDK-For-Python
      accept-language:
      - en-US
    method: POST
    uri: https://cli-test-kv-key-000005.vault.azure.net/keys/key1/create?api-version=7.0
  response:
    body:
      string: '{"error":{"code":"Unauthorized","message":"Request is missing a Bearer
        or PoP token."}}'
    headers:
      cache-control:
      - no-cache
      content-length:
      - '87'
      content-type:
      - application/json; charset=utf-8
      date:
      - Wed, 14 Apr 2021 05:27:01 GMT
      expires:
      - '-1'
      pragma:
      - no-cache
      strict-transport-security:
      - max-age=31536000;includeSubDomains
      www-authenticate:
      - Bearer authorization="https://login.windows.net/54826b22-38d6-4fb2-bad9-b7b93a3e9c5a",
        resource="https://vault.azure.net"
      x-content-type-options:
      - nosniff
      x-ms-keyvault-network-info:
      - conn_type=Ipv4;addr=167.220.255.86;act_addr_fam=InterNetwork;
      x-ms-keyvault-region:
      - eastus2
      x-ms-keyvault-service-version:
      - 1.2.236.0
      x-powered-by:
      - ASP.NET
    status:
      code: 401
      message: Unauthorized
- request:
    body: '{"kty": "RSA-HSM", "key_size": 2048, "key_ops": ["import"], "attributes":
      {"enabled": true}}'
    headers:
      Accept:
      - application/json
      Accept-Encoding:
      - gzip, deflate
      Connection:
      - keep-alive
      Content-Length:
      - '92'
      Content-Type:
      - application/json; charset=utf-8
      User-Agent:
      - python/3.8.2 (Windows-10-10.0.19041-SP0) msrest/0.6.21 msrest_azure/0.6.3
        azure-keyvault/7.0 Azure-SDK-For-Python
      accept-language:
      - en-US
    method: POST
    uri: https://cli-test-kv-key-000005.vault.azure.net/keys/key1/create?api-version=7.0
  response:
    body:
      string: '{"key":{"kid":"https://cli-test-kv-key-000005.vault.azure.net/keys/key1/a62f2cb94d5d47ffa1deb904a691991c","kty":"RSA-HSM","key_ops":["import"],"n":"q5jkOYsKhD19fTVlkmuVD_sl6aMXNUY4ZZWiP47r5jOOmAP0QJP6vyuhQdEHyfVbOr_VxL6ATFeVnywMHs1Oi29e0jBJpxfTOsnV6uZ5WnxIstWzDpapq96SYwiGd-01zUXXFgDOHhKSR9_RyTZy3dEhXOmCxARIpXL5feiUIO_7M9CxKX_I12uzmroDSaZP5r4zB8f3c1yeHyZuvHBwz_98PheSi8kmVtytSbczpHWcED8uaCmdBR1wE1_L1Je7gApB43CpkLIRChFmyP_sF64wGkvjhqk1yYT8rfqNpXz0V5a8p7vUusjzbuLJ5jjSFM22-CC_riVlN6E_MlYg6Q","e":"AAEAAQ"},"attributes":{"enabled":true,"exp":1618550822,"created":1618378022,"updated":1618378022,"recoveryLevel":"CustomizedRecoverable+Purgeable"}}'
    headers:
      cache-control:
      - no-cache
      content-length:
      - '647'
      content-type:
      - application/json; charset=utf-8
      date:
      - Wed, 14 Apr 2021 05:27:02 GMT
      expires:
      - '-1'
      pragma:
      - no-cache
      strict-transport-security:
      - max-age=31536000;includeSubDomains
      x-content-type-options:
      - nosniff
      x-ms-keyvault-network-info:
      - conn_type=Ipv4;addr=167.220.255.86;act_addr_fam=InterNetwork;
      x-ms-keyvault-region:
      - eastus2
      x-ms-keyvault-service-version:
      - 1.2.236.0
      x-powered-by:
      - ASP.NET
    status:
      code: 200
      message: OK
- request:
    body: '{"kty": "RSA-HSM", "key_size": 3072, "key_ops": ["import"], "attributes":
      {"enabled": true}}'
    headers:
      Accept:
      - application/json
      Accept-Encoding:
      - gzip, deflate
      Connection:
      - keep-alive
      Content-Length:
      - '92'
      Content-Type:
      - application/json; charset=utf-8
      User-Agent:
      - python/3.8.2 (Windows-10-10.0.19041-SP0) msrest/0.6.21 msrest_azure/0.6.3
        azure-keyvault/7.0 Azure-SDK-For-Python
      accept-language:
      - en-US
    method: POST
    uri: https://cli-test-kv-key-000005.vault.azure.net/keys/key2/create?api-version=7.0
  response:
    body:
      string: '{"key":{"kid":"https://cli-test-kv-key-000005.vault.azure.net/keys/key2/b347771a4e624c6688e1fc34893df948","kty":"RSA-HSM","key_ops":["import"],"n":"3AO6wQuh_f-gnug6o2DtjROso4Qg0kZcjJh1Gyjs0GG0N8eKNaaqnsmYvnifJ7KECzf6QxcoGeuAxyC7ciV_Qii9z8p1EWq2YziFzgAkaWrN7OtxKCyVJHLdd6axJRjZBBgUrhPGu6N-JNCP_5XJ_JVnDhmZYl7Hm0rYbIT8p11FfZsWrA3wLp8_40z3RuTjSPEf8M5voALVkzcuKqKiYzgPjk1D9d2FIm7M9CVnHFN8_8cwHs58EXE-YQVO_GjhKTOy9-Q-jKv-PjSkTAUULj-vL3WOJa13U0gMeqEMHS6OuexKxo4FpYj8FxgagR0vdG7Xj2MdAeoMBagkv-kHrf1urHCnpYb0Zb9YEguN-Cs0ux2OZm9_GAw9FZhLuZ1x4bfKDxudfuXdlLHCGeUBLBeVmy-Kdjw7cF9BAtcIQPRooT5mfhV3Qr6Uq3MV0kVzugerMp4VhGvpQANB3izm8tOEicSNs_ZXSckVKahbUGMBh0GrIIkepvFRNRoo5_qd","e":"AAEAAQ"},"attributes":{"enabled":true,"exp":1618550824,"created":1618378024,"updated":1618378024,"recoveryLevel":"CustomizedRecoverable+Purgeable"}}'
    headers:
      cache-control:
      - no-cache
      content-length:
      - '817'
      content-type:
      - application/json; charset=utf-8
      date:
      - Wed, 14 Apr 2021 05:27:06 GMT
      expires:
      - '-1'
      pragma:
      - no-cache
      strict-transport-security:
      - max-age=31536000;includeSubDomains
      x-content-type-options:
      - nosniff
      x-ms-keyvault-network-info:
      - conn_type=Ipv4;addr=167.220.255.86;act_addr_fam=InterNetwork;
      x-ms-keyvault-region:
      - eastus2
      x-ms-keyvault-service-version:
      - 1.2.236.0
      x-powered-by:
      - ASP.NET
    status:
      code: 200
      message: OK
- request:
    body: '{"kty": "RSA-HSM", "key_size": 4096, "key_ops": ["import"], "attributes":
      {"enabled": true}}'
    headers:
      Accept:
      - application/json
      Accept-Encoding:
      - gzip, deflate
      Connection:
      - keep-alive
      Content-Length:
      - '92'
      Content-Type:
      - application/json; charset=utf-8
      User-Agent:
      - python/3.8.2 (Windows-10-10.0.19041-SP0) msrest/0.6.21 msrest_azure/0.6.3
        azure-keyvault/7.0 Azure-SDK-For-Python
      accept-language:
      - en-US
    method: POST
    uri: https://cli-test-kv-key-000005.vault.azure.net/keys/key2/create?api-version=7.0
  response:
    body:
      string: '{"key":{"kid":"https://cli-test-kv-key-000005.vault.azure.net/keys/key2/dd66ae97e24d4077a745d51fd871362b","kty":"RSA-HSM","key_ops":["import"],"n":"wC0lNP0J4aIHV0lc8Irs-3kf4TQ4Z4ObUrzYDsM7CRbp_ELre357Ywr_m3771m_uaV98nm4xcwOJ1-93nmRaM6hzos-2gZf44ALok2BxwBdCwqqW9Fz9BNecJzRA9HE1Ug_eb1CxJnzfKZw6Vee-YBA95G_1HVA6q1HjHba5VQgFP1mIWhRdlmNHsURREU9I5-01GE9ukC5QPEhdYAn5_ZcS0VbWwcylI-CrpyKUtWnNU4yDuYeZpnS_yY81j2FqJy2nBnczkg5yhlfkZShicwPV0dwtZgnXeQ6_bSTIHk9m5sM7LTWEsjGo72PgQ-vuP4pHU5qMGGAURgZIQjWxzX9dLryXL8aa7963cxzhLLtUnokI-NoUiZ4Bp5AOPWFplKeQcnpW_BFk_sHzCHp7tbsDIGqJSkXqs6FMX0b9TJK1j_DkgXvdrP0ASEXuyoCIFjpniBth8tMrhX0iie1s9aKiwrYURagy1QLRE55vbUblfO0CvbWeDysqA_aajUoiMiEhFkNlW3JYKpdB7mC2SHpiGCp9Oz0n0l20WY0fehiUPcbiZV_HzApcHMMpkywMZq3QaicREnc_TI-RdfcvvRCNmJRJlkfywU-17389Zj9GsB1R_nsDmndYvAlKjmoT6c6hqVVA90qOtQrfYPlyLMYq0F8rra5L3slkWOo26r0","e":"AAEAAQ"},"attributes":{"enabled":true,"exp":1618550828,"created":1618378028,"updated":1618378028,"recoveryLevel":"CustomizedRecoverable+Purgeable"}}'
    headers:
      cache-control:
      - no-cache
      content-length:
      - '988'
      content-type:
      - application/json; charset=utf-8
      date:
      - Wed, 14 Apr 2021 05:27:09 GMT
      expires:
      - '-1'
      pragma:
      - no-cache
      strict-transport-security:
      - max-age=31536000;includeSubDomains
      x-content-type-options:
      - nosniff
      x-ms-keyvault-network-info:
      - conn_type=Ipv4;addr=167.220.255.86;act_addr_fam=InterNetwork;
      x-ms-keyvault-region:
      - eastus2
      x-ms-keyvault-service-version:
      - 1.2.236.0
      x-powered-by:
      - ASP.NET
    status:
      code: 200
      message: OK
version: 1
