interactions:
- request:
    body: null
    headers:
      Accept:
      - application/json
      Accept-Encoding:
      - gzip, deflate
      Connection:
      - keep-alive
      User-Agent:
      - python/3.7.4 (Windows-10-10.0.18362-SP0) msrest/0.6.10 msrest_azure/0.6.2
        azure-graphrbac/0.60.0 Azure-SDK-For-Python
      accept-language:
      - en-US
    method: GET
    uri: https://graph.windows.net/00000000-0000-0000-0000-000000000000/me?api-version=1.6
  response:
    body:
      string: '{"odata.metadata":"https://graph.windows.net/00000000-0000-0000-0000-000000000000/$metadata#directoryObjects/@Element","odata.type":"Microsoft.DirectoryServices.User","objectType":"User","objectId":"21cd756e-e290-4a26-9547-93e8cc1a8923","deletionTimestamp":null,"accountEnabled":true,"ageGroup":null,"assignedLicenses":[],"assignedPlans":[],"city":null,"companyName":null,"consentProvidedForMinor":null,"country":null,"createdDateTime":"2019-06-21T01:32:03Z","creationType":"Invitation","department":null,"dirSyncEnabled":null,"displayName":"Zunli
        Hu","employeeId":null,"facsimileTelephoneNumber":null,"givenName":null,"immutableId":null,"isCompromised":null,"jobTitle":null,"lastDirSyncTime":null,"legalAgeGroupClassification":null,"mail":"zuh@microsoft.com","mailNickname":"zuh_microsoft.com#EXT#","mobile":null,"onPremisesDistinguishedName":null,"onPremisesSecurityIdentifier":null,"otherMails":["zuh@microsoft.com"],"passwordPolicies":null,"passwordProfile":null,"physicalDeliveryOfficeName":null,"postalCode":null,"preferredLanguage":null,"provisionedPlans":[],"provisioningErrors":[],"proxyAddresses":["SMTP:zuh@microsoft.com"],"refreshTokensValidFromDateTime":"2019-06-21T01:32:03Z","showInAddressList":false,"signInNames":[],"sipProxyAddress":null,"state":null,"streetAddress":null,"surname":null,"telephoneNumber":null,"thumbnailPhoto@odata.mediaEditLink":"directoryObjects/21cd756e-e290-4a26-9547-93e8cc1a8923/Microsoft.DirectoryServices.User/thumbnailPhoto","usageLocation":null,"userIdentities":[],"userPrincipalName":"zuh_microsoft.com#EXT#@AzureSDKTeam.onmicrosoft.com","userState":"Accepted","userStateChangedOn":"2019-06-24T01:43:59Z","userType":"Guest"}'
    headers:
      access-control-allow-origin:
      - '*'
      cache-control:
      - no-cache
      content-length:
      - '1670'
      content-type:
      - application/json; odata=minimalmetadata; streaming=true; charset=utf-8
      dataserviceversion:
      - 3.0;
      date:
      - Fri, 27 Dec 2019 14:32:15 GMT
      duration:
      - '2445977'
      expires:
      - '-1'
      ocp-aad-diagnostics-server-name:
      - bjNxOO4JJe6y/+2Ru4f1c2yR+8kj70jYtxaslVt3278=
      ocp-aad-session-key:
      - Q7NmuuuW7psmZvnvr6t5saUe3Qaw3lC6L_k42Ga-Hnw2qi9gR45Slm3AzwfoOpaMGXHE3rNONiRTeirjwDsqTAjU2PUkgqgLGfp27mVoyWjGLwe5K8oGGWpVMjAaEwQdPG3FXdAgZ9I7cIhjSrcWDBAm1BFPi7vGC4gHtha3l0g.GqjjstHpb3Fzi5L9sN7Oe_xGJqZyhXsGmPmUrLUa3hE
      pragma:
      - no-cache
      request-id:
      - 91010321-cb87-468a-9b2b-129fb28e4eba
      strict-transport-security:
      - max-age=31536000; includeSubDomains
      x-aspnet-version:
      - 4.0.30319
      x-ms-dirapi-data-contract-version:
      - '1.6'
      x-powered-by:
      - ASP.NET
    status:
      code: 200
      message: OK
- request:
    body: '{"location": "westus", "properties": {"tenantId": "54826b22-38d6-4fb2-bad9-b7b93a3e9c5a",
      "sku": {"family": "A", "name": "premium"}, "accessPolicies": [{"tenantId": "54826b22-38d6-4fb2-bad9-b7b93a3e9c5a",
      "objectId": "21cd756e-e290-4a26-9547-93e8cc1a8923", "permissions": {"keys":
      ["get", "create", "delete", "list", "update", "import", "backup", "restore",
      "recover"], "secrets": ["get", "list", "set", "delete", "backup", "restore",
      "recover"], "certificates": ["get", "list", "delete", "create", "import", "update",
      "managecontacts", "getissuers", "listissuers", "setissuers", "deleteissuers",
      "manageissuers", "recover"], "storage": ["get", "list", "delete", "set", "update",
      "regeneratekey", "setsas", "listsas", "getsas", "deletesas"]}}]}}'
    headers:
      Accept:
      - application/json
      Accept-Encoding:
      - gzip, deflate
      CommandName:
      - keyvault create
      Connection:
      - keep-alive
      Content-Length:
      - '745'
      Content-Type:
      - application/json; charset=utf-8
      ParameterSetName:
      - -g -n -l --sku
      User-Agent:
      - python/3.7.4 (Windows-10-10.0.18362-SP0) msrest/0.6.10 msrest_azure/0.6.2
        azure-mgmt-keyvault/1.1.0 Azure-SDK-For-Python AZURECLI/2.0.78
      accept-language:
      - en-US
    method: PUT
    uri: https://management.azure.com/subscriptions/00000000-0000-0000-0000-000000000000/resourceGroups/cli_test_kv_cert_issuer000001/providers/Microsoft.KeyVault/vaults/cli-test-keyvault-000002?api-version=2018-02-14
  response:
    body:
      string: '{"id":"/subscriptions/00000000-0000-0000-0000-000000000000/resourceGroups/cli_test_kv_cert_issuer000001/providers/Microsoft.KeyVault/vaults/cli-test-keyvault-000002","name":"cli-test-keyvault-000002","type":"Microsoft.KeyVault/vaults","location":"westus","tags":{},"properties":{"sku":{"family":"A","name":"premium"},"tenantId":"54826b22-38d6-4fb2-bad9-b7b93a3e9c5a","accessPolicies":[{"tenantId":"54826b22-38d6-4fb2-bad9-b7b93a3e9c5a","objectId":"21cd756e-e290-4a26-9547-93e8cc1a8923","permissions":{"keys":["get","create","delete","list","update","import","backup","restore","recover"],"secrets":["get","list","set","delete","backup","restore","recover"],"certificates":["get","list","delete","create","import","update","managecontacts","getissuers","listissuers","setissuers","deleteissuers","manageissuers","recover"],"storage":["get","list","delete","set","update","regeneratekey","setsas","listsas","getsas","deletesas"]}}],"enabledForDeployment":false,"vaultUri":"https://cli-test-keyvault-000002.vault.azure.net","provisioningState":"RegisteringDns"}}'
    headers:
      cache-control:
      - no-cache
      content-length:
      - '1105'
      content-type:
      - application/json; charset=utf-8
      date:
      - Fri, 27 Dec 2019 14:32:22 GMT
      expires:
      - '-1'
      pragma:
      - no-cache
      server:
      - Microsoft-IIS/10.0
      strict-transport-security:
      - max-age=31536000; includeSubDomains
      transfer-encoding:
      - chunked
      vary:
      - Accept-Encoding
      x-aspnet-version:
      - 4.0.30319
      x-content-type-options:
      - nosniff
      x-ms-keyvault-service-version:
      - 1.1.0.269
      x-ms-ratelimit-remaining-subscription-writes:
      - '1188'
      x-powered-by:
      - ASP.NET
    status:
      code: 200
      message: OK
- request:
    body: null
    headers:
      Accept:
      - application/json
      Accept-Encoding:
      - gzip, deflate
      CommandName:
      - keyvault create
      Connection:
      - keep-alive
      ParameterSetName:
      - -g -n -l --sku
      User-Agent:
      - python/3.7.4 (Windows-10-10.0.18362-SP0) msrest/0.6.10 msrest_azure/0.6.2
        azure-mgmt-keyvault/1.1.0 Azure-SDK-For-Python AZURECLI/2.0.78
    method: GET
    uri: https://management.azure.com/subscriptions/00000000-0000-0000-0000-000000000000/resourceGroups/cli_test_kv_cert_issuer000001/providers/Microsoft.KeyVault/vaults/cli-test-keyvault-000002?api-version=2018-02-14
  response:
    body:
      string: '{"id":"/subscriptions/00000000-0000-0000-0000-000000000000/resourceGroups/cli_test_kv_cert_issuer000001/providers/Microsoft.KeyVault/vaults/cli-test-keyvault-000002","name":"cli-test-keyvault-000002","type":"Microsoft.KeyVault/vaults","location":"westus","tags":{},"properties":{"sku":{"family":"A","name":"premium"},"tenantId":"54826b22-38d6-4fb2-bad9-b7b93a3e9c5a","accessPolicies":[{"tenantId":"54826b22-38d6-4fb2-bad9-b7b93a3e9c5a","objectId":"21cd756e-e290-4a26-9547-93e8cc1a8923","permissions":{"keys":["get","create","delete","list","update","import","backup","restore","recover"],"secrets":["get","list","set","delete","backup","restore","recover"],"certificates":["get","list","delete","create","import","update","managecontacts","getissuers","listissuers","setissuers","deleteissuers","manageissuers","recover"],"storage":["get","list","delete","set","update","regeneratekey","setsas","listsas","getsas","deletesas"]}}],"enabledForDeployment":false,"vaultUri":"https://cli-test-keyvault-000002.vault.azure.net/","provisioningState":"Succeeded"}}'
    headers:
      cache-control:
      - no-cache
      content-length:
      - '1101'
      content-type:
      - application/json; charset=utf-8
      date:
      - Fri, 27 Dec 2019 14:32:54 GMT
      expires:
      - '-1'
      pragma:
      - no-cache
      server:
      - Microsoft-IIS/10.0
      strict-transport-security:
      - max-age=31536000; includeSubDomains
      transfer-encoding:
      - chunked
      vary:
      - Accept-Encoding
      x-aspnet-version:
      - 4.0.30319
      x-content-type-options:
      - nosniff
      x-ms-keyvault-service-version:
      - 1.1.0.269
      x-powered-by:
      - ASP.NET
    status:
      code: 200
      message: OK
- request:
    body: ''
    headers:
      Accept:
      - application/json
      Accept-Encoding:
      - gzip, deflate
      Connection:
      - keep-alive
      Content-Length:
      - 0
      Content-Type:
      - application/json; charset=utf-8
      User-Agent:
      - python/3.7.4 (Windows-10-10.0.18362-SP0) msrest/0.6.10 msrest_azure/0.6.2
        azure-keyvault/7.0 Azure-SDK-For-Python
      accept-language:
      - en-US
    method: PUT
    uri: https://cli-test-keyvault-000002.vault.azure.net/certificates/issuers/issuer1?api-version=7.0
  response:
    body:
      string: '{"error":{"code":"Unauthorized","message":"Request is missing a Bearer
        or PoP token."}}'
    headers:
      cache-control:
      - no-cache
      content-length:
      - '87'
      content-type:
      - application/json; charset=utf-8
      date:
      - Fri, 27 Dec 2019 14:32:56 GMT
      expires:
      - '-1'
      pragma:
      - no-cache
      server:
      - Microsoft-IIS/10.0
      strict-transport-security:
      - max-age=31536000;includeSubDomains
      www-authenticate:
      - Bearer authorization="https://login.windows.net/54826b22-38d6-4fb2-bad9-b7b93a3e9c5a",
        resource="https://vault.azure.net"
      x-aspnet-version:
      - 4.0.30319
      x-content-type-options:
      - nosniff
      x-ms-keyvault-network-info:
      - addr=167.220.255.51;act_addr_fam=InterNetwork;
      x-ms-keyvault-region:
      - westus
      x-ms-keyvault-service-version:
      - 1.1.0.891
      x-powered-by:
      - ASP.NET
    status:
      code: 401
      message: Unauthorized
- request:
    body: '{"provider": "Test", "credentials": {}, "org_details": {"admin_details":
      []}, "attributes": {"enabled": true}}'
    headers:
      Accept:
      - application/json
      Accept-Encoding:
      - gzip, deflate
      Connection:
      - keep-alive
      Content-Length:
      - '110'
      Content-Type:
      - application/json; charset=utf-8
      User-Agent:
      - python/3.7.4 (Windows-10-10.0.18362-SP0) msrest/0.6.10 msrest_azure/0.6.2
        azure-keyvault/7.0 Azure-SDK-For-Python
      accept-language:
      - en-US
    method: PUT
    uri: https://cli-test-keyvault-000002.vault.azure.net/certificates/issuers/issuer1?api-version=7.0
  response:
    body:
      string: '{"id":"https://cli-test-keyvault-000002.vault.azure.net/certificates/issuers/issuer1","provider":"Test","credentials":{},"org_details":{"zip":0,"admin_details":[]},"attributes":{"enabled":true,"created":1577457177,"updated":1577457177}}'
    headers:
      cache-control:
      - no-cache
      content-length:
      - '236'
      content-type:
      - application/json; charset=utf-8
      date:
      - Fri, 27 Dec 2019 14:32:57 GMT
      expires:
      - '-1'
      pragma:
      - no-cache
      server:
      - Microsoft-IIS/10.0
      strict-transport-security:
      - max-age=31536000;includeSubDomains
      x-aspnet-version:
      - 4.0.30319
      x-content-type-options:
      - nosniff
      x-ms-keyvault-network-info:
      - addr=167.220.255.51;act_addr_fam=InterNetwork;
      x-ms-keyvault-region:
      - westus
      x-ms-keyvault-service-version:
      - 1.1.0.891
      x-powered-by:
      - ASP.NET
    status:
      code: 200
      message: OK
- request:
    body: null
    headers:
      Accept:
      - application/json
      Accept-Encoding:
      - gzip, deflate
      Connection:
      - keep-alive
      Content-Type:
      - application/json; charset=utf-8
      User-Agent:
      - python/3.7.4 (Windows-10-10.0.18362-SP0) msrest/0.6.10 msrest_azure/0.6.2
        azure-keyvault/7.0 Azure-SDK-For-Python
      accept-language:
      - en-US
    method: GET
    uri: https://cli-test-keyvault-000002.vault.azure.net/certificates/issuers/issuer1?api-version=7.0
  response:
    body:
      string: '{"id":"https://cli-test-keyvault-000002.vault.azure.net/certificates/issuers/issuer1","provider":"Test","credentials":{},"org_details":{"zip":0,"admin_details":[]},"attributes":{"enabled":true,"created":1577457177,"updated":1577457177}}'
    headers:
      cache-control:
      - no-cache
      content-length:
      - '236'
      content-type:
      - application/json; charset=utf-8
      date:
      - Fri, 27 Dec 2019 14:32:58 GMT
      expires:
      - '-1'
      pragma:
      - no-cache
      server:
      - Microsoft-IIS/10.0
      strict-transport-security:
      - max-age=31536000;includeSubDomains
      x-aspnet-version:
      - 4.0.30319
      x-content-type-options:
      - nosniff
      x-ms-keyvault-network-info:
      - addr=167.220.255.51;act_addr_fam=InterNetwork;
      x-ms-keyvault-region:
      - westus
      x-ms-keyvault-service-version:
      - 1.1.0.891
      x-powered-by:
      - ASP.NET
    status:
      code: 200
      message: OK
- request:
    body: null
    headers:
      Accept:
      - application/json
      Accept-Encoding:
      - gzip, deflate
      Connection:
      - keep-alive
      Content-Type:
      - application/json; charset=utf-8
      User-Agent:
      - python/3.7.4 (Windows-10-10.0.18362-SP0) msrest/0.6.10 msrest_azure/0.6.2
        azure-keyvault/7.0 Azure-SDK-For-Python
      accept-language:
      - en-US
    method: GET
    uri: https://cli-test-keyvault-000002.vault.azure.net/certificates/issuers/issuer1?api-version=7.0
  response:
    body:
      string: '{"id":"https://cli-test-keyvault-000002.vault.azure.net/certificates/issuers/issuer1","provider":"Test","credentials":{},"org_details":{"zip":0,"admin_details":[]},"attributes":{"enabled":true,"created":1577457177,"updated":1577457177}}'
    headers:
      cache-control:
      - no-cache
      content-length:
      - '236'
      content-type:
      - application/json; charset=utf-8
      date:
      - Fri, 27 Dec 2019 14:32:59 GMT
      expires:
      - '-1'
      pragma:
      - no-cache
      server:
      - Microsoft-IIS/10.0
      strict-transport-security:
      - max-age=31536000;includeSubDomains
      x-aspnet-version:
      - 4.0.30319
      x-content-type-options:
      - nosniff
      x-ms-keyvault-network-info:
      - addr=167.220.255.51;act_addr_fam=InterNetwork;
      x-ms-keyvault-region:
      - westus
      x-ms-keyvault-service-version:
      - 1.1.0.891
      x-powered-by:
      - ASP.NET
    status:
      code: 200
      message: OK
- request:
    body: '{"provider": "Test", "credentials": {"account_id": "test_account"}, "org_details":
      {"id": "TestOrg", "admin_details": []}, "attributes": {"enabled": true}}'
    headers:
      Accept:
      - application/json
      Accept-Encoding:
      - gzip, deflate
      Connection:
      - keep-alive
      Content-Length:
      - '155'
      Content-Type:
      - application/json; charset=utf-8
      User-Agent:
      - python/3.7.4 (Windows-10-10.0.18362-SP0) msrest/0.6.10 msrest_azure/0.6.2
        azure-keyvault/7.0 Azure-SDK-For-Python
      accept-language:
      - en-US
    method: PUT
    uri: https://cli-test-keyvault-000002.vault.azure.net/certificates/issuers/issuer1?api-version=7.0
  response:
    body:
      string: '{"id":"https://cli-test-keyvault-000002.vault.azure.net/certificates/issuers/issuer1","provider":"Test","credentials":{"account_id":"test_account"},"org_details":{"id":"TestOrg","zip":0,"admin_details":[]},"attributes":{"enabled":true,"created":1577457177,"updated":1577457182}}'
    headers:
      cache-control:
      - no-cache
      content-length:
      - '278'
      content-type:
      - application/json; charset=utf-8
      date:
      - Fri, 27 Dec 2019 14:33:01 GMT
      expires:
      - '-1'
      pragma:
      - no-cache
      server:
      - Microsoft-IIS/10.0
      strict-transport-security:
      - max-age=31536000;includeSubDomains
      x-aspnet-version:
      - 4.0.30319
      x-content-type-options:
      - nosniff
      x-ms-keyvault-network-info:
      - addr=167.220.255.51;act_addr_fam=InterNetwork;
      x-ms-keyvault-region:
      - westus
      x-ms-keyvault-service-version:
      - 1.1.0.891
      x-powered-by:
      - ASP.NET
    status:
      code: 200
      message: OK
- request:
    body: null
    headers:
      Accept:
      - application/json
      Accept-Encoding:
      - gzip, deflate
      Connection:
      - keep-alive
      Content-Type:
      - application/json; charset=utf-8
      User-Agent:
      - python/3.7.4 (Windows-10-10.0.18362-SP0) msrest/0.6.10 msrest_azure/0.6.2
        azure-keyvault/7.0 Azure-SDK-For-Python
      accept-language:
      - en-US
    method: GET
    uri: https://cli-test-keyvault-000002.vault.azure.net/certificates/issuers/notexist?api-version=7.0
  response:
    body:
      string: '{"error":{"code":"CertificateIssuerNotFound","message":"Issuer not
        found"}}'
    headers:
      cache-control:
      - no-cache
      content-length:
      - '75'
      content-type:
      - application/json; charset=utf-8
      date:
      - Fri, 27 Dec 2019 14:33:03 GMT
      expires:
      - '-1'
      pragma:
      - no-cache
      server:
      - Microsoft-IIS/10.0
      strict-transport-security:
      - max-age=31536000;includeSubDomains
      x-aspnet-version:
      - 4.0.30319
      x-content-type-options:
      - nosniff
      x-ms-keyvault-network-info:
      - addr=167.220.255.51;act_addr_fam=InterNetwork;
      x-ms-keyvault-region:
      - westus
      x-ms-keyvault-service-version:
      - 1.1.0.891
      x-powered-by:
      - ASP.NET
    status:
      code: 404
      message: Not Found
- request:
    body: null
    headers:
      Accept:
      - application/json
      Accept-Encoding:
      - gzip, deflate
      Connection:
      - keep-alive
      Content-Type:
      - application/json; charset=utf-8
      User-Agent:
      - python/3.7.4 (Windows-10-10.0.18362-SP0) msrest/0.6.10 msrest_azure/0.6.2
        azure-keyvault/7.0 Azure-SDK-For-Python
      accept-language:
      - en-US
    method: GET
    uri: https://cli-test-keyvault-000002.vault.azure.net/certificates/issuers/issuer1?api-version=7.0
  response:
    body:
      string: '{"id":"https://cli-test-keyvault-000002.vault.azure.net/certificates/issuers/issuer1","provider":"Test","credentials":{"account_id":"test_account"},"org_details":{"id":"TestOrg","zip":0,"admin_details":[]},"attributes":{"enabled":true,"created":1577457177,"updated":1577457182}}'
    headers:
      cache-control:
      - no-cache
      content-length:
      - '278'
      content-type:
      - application/json; charset=utf-8
      date:
      - Fri, 27 Dec 2019 14:33:05 GMT
      expires:
      - '-1'
      pragma:
      - no-cache
      server:
      - Microsoft-IIS/10.0
      strict-transport-security:
      - max-age=31536000;includeSubDomains
      x-aspnet-version:
      - 4.0.30319
      x-content-type-options:
      - nosniff
      x-ms-keyvault-network-info:
      - addr=167.220.255.51;act_addr_fam=InterNetwork;
      x-ms-keyvault-region:
      - westus
      x-ms-keyvault-service-version:
      - 1.1.0.891
      x-powered-by:
      - ASP.NET
    status:
      code: 200
      message: OK
- request:
    body: '{"provider": "Test", "credentials": {}, "org_details": {"id": "TestOrg",
      "admin_details": []}, "attributes": {"enabled": true}}'
    headers:
      Accept:
      - application/json
      Accept-Encoding:
      - gzip, deflate
      Connection:
      - keep-alive
      Content-Length:
      - '127'
      Content-Type:
      - application/json; charset=utf-8
      User-Agent:
      - python/3.7.4 (Windows-10-10.0.18362-SP0) msrest/0.6.10 msrest_azure/0.6.2
        azure-keyvault/7.0 Azure-SDK-For-Python
      accept-language:
      - en-US
    method: PUT
    uri: https://cli-test-keyvault-000002.vault.azure.net/certificates/issuers/issuer1?api-version=7.0
  response:
    body:
      string: '{"id":"https://cli-test-keyvault-000002.vault.azure.net/certificates/issuers/issuer1","provider":"Test","credentials":{},"org_details":{"id":"TestOrg","zip":0,"admin_details":[]},"attributes":{"enabled":true,"created":1577457177,"updated":1577457187}}'
    headers:
      cache-control:
      - no-cache
      content-length:
      - '251'
      content-type:
      - application/json; charset=utf-8
      date:
      - Fri, 27 Dec 2019 14:33:06 GMT
      expires:
      - '-1'
      pragma:
      - no-cache
      server:
      - Microsoft-IIS/10.0
      strict-transport-security:
      - max-age=31536000;includeSubDomains
      x-aspnet-version:
      - 4.0.30319
      x-content-type-options:
      - nosniff
      x-ms-keyvault-network-info:
      - addr=167.220.255.51;act_addr_fam=InterNetwork;
      x-ms-keyvault-region:
      - westus
      x-ms-keyvault-service-version:
      - 1.1.0.891
      x-powered-by:
      - ASP.NET
    status:
      code: 200
      message: OK
- request:
    body: null
    headers:
      Accept:
      - application/json
      Accept-Encoding:
      - gzip, deflate
      Connection:
      - keep-alive
      Content-Type:
      - application/json; charset=utf-8
      User-Agent:
      - python/3.7.4 (Windows-10-10.0.18362-SP0) msrest/0.6.10 msrest_azure/0.6.2
        azure-keyvault/7.0 Azure-SDK-For-Python
      accept-language:
      - en-US
    method: GET
    uri: https://cli-test-keyvault-000002.vault.azure.net/certificates/issuers?api-version=7.0
  response:
    body:
      string: '{"value":[{"id":"https://cli-test-keyvault-000002.vault.azure.net/certificates/issuers/issuer1","provider":"Test"}],"nextLink":null}'
    headers:
      cache-control:
      - no-cache
      content-length:
      - '132'
      content-type:
      - application/json; charset=utf-8
      date:
      - Fri, 27 Dec 2019 14:33:08 GMT
      expires:
      - '-1'
      pragma:
      - no-cache
      server:
      - Microsoft-IIS/10.0
      strict-transport-security:
      - max-age=31536000;includeSubDomains
      x-aspnet-version:
      - 4.0.30319
      x-content-type-options:
      - nosniff
      x-ms-keyvault-network-info:
      - addr=167.220.255.51;act_addr_fam=InterNetwork;
      x-ms-keyvault-region:
      - westus
      x-ms-keyvault-service-version:
      - 1.1.0.891
      x-powered-by:
      - ASP.NET
    status:
      code: 200
      message: OK
- request:
    body: null
    headers:
      Accept:
      - application/json
      Accept-Encoding:
      - gzip, deflate
      Connection:
      - keep-alive
      Content-Type:
      - application/json; charset=utf-8
      User-Agent:
      - python/3.7.4 (Windows-10-10.0.18362-SP0) msrest/0.6.10 msrest_azure/0.6.2
        azure-keyvault/7.0 Azure-SDK-For-Python
      accept-language:
      - en-US
    method: GET
    uri: https://cli-test-keyvault-000002.vault.azure.net/certificates/issuers/issuer1?api-version=7.0
  response:
    body:
      string: '{"id":"https://cli-test-keyvault-000002.vault.azure.net/certificates/issuers/issuer1","provider":"Test","credentials":{},"org_details":{"id":"TestOrg","zip":0,"admin_details":[]},"attributes":{"enabled":true,"created":1577457177,"updated":1577457187}}'
    headers:
      cache-control:
      - no-cache
      content-length:
      - '251'
      content-type:
      - application/json; charset=utf-8
      date:
      - Fri, 27 Dec 2019 14:33:10 GMT
      expires:
      - '-1'
      pragma:
      - no-cache
      server:
      - Microsoft-IIS/10.0
      strict-transport-security:
      - max-age=31536000;includeSubDomains
      x-aspnet-version:
      - 4.0.30319
      x-content-type-options:
      - nosniff
      x-ms-keyvault-network-info:
      - addr=167.220.255.51;act_addr_fam=InterNetwork;
      x-ms-keyvault-region:
      - westus
      x-ms-keyvault-service-version:
      - 1.1.0.891
      x-powered-by:
      - ASP.NET
    status:
      code: 200
      message: OK
- request:
    body: '{"provider": "Test", "credentials": {}, "org_details": {"id": "TestOrg",
      "admin_details": [{"first_name": "Test", "last_name": "Admin", "email": "test@test.com",
      "phone": "123-456-7890"}]}, "attributes": {"enabled": true}}'
    headers:
      Accept:
      - application/json
      Accept-Encoding:
      - gzip, deflate
      Connection:
      - keep-alive
      Content-Length:
      - '222'
      Content-Type:
      - application/json; charset=utf-8
      User-Agent:
      - python/3.7.4 (Windows-10-10.0.18362-SP0) msrest/0.6.10 msrest_azure/0.6.2
        azure-keyvault/7.0 Azure-SDK-For-Python
      accept-language:
      - en-US
    method: PUT
    uri: https://cli-test-keyvault-000002.vault.azure.net/certificates/issuers/issuer1?api-version=7.0
  response:
    body:
      string: '{"id":"https://cli-test-keyvault-000002.vault.azure.net/certificates/issuers/issuer1","provider":"Test","credentials":{},"org_details":{"id":"TestOrg","zip":0,"admin_details":[{"first_name":"Test","last_name":"Admin","email":"test@test.com","phone":"123-456-7890"}]},"attributes":{"enabled":true,"created":1577457177,"updated":1577457192}}'
    headers:
      cache-control:
      - no-cache
      content-length:
      - '339'
      content-type:
      - application/json; charset=utf-8
      date:
      - Fri, 27 Dec 2019 14:33:12 GMT
      expires:
      - '-1'
      pragma:
      - no-cache
      server:
      - Microsoft-IIS/10.0
      strict-transport-security:
      - max-age=31536000;includeSubDomains
      x-aspnet-version:
      - 4.0.30319
      x-content-type-options:
      - nosniff
      x-ms-keyvault-network-info:
      - addr=167.220.255.51;act_addr_fam=InterNetwork;
      x-ms-keyvault-region:
      - westus
      x-ms-keyvault-service-version:
      - 1.1.0.891
      x-powered-by:
      - ASP.NET
    status:
      code: 200
      message: OK
- request:
    body: null
    headers:
      Accept:
      - application/json
      Accept-Encoding:
      - gzip, deflate
      Connection:
      - keep-alive
      Content-Type:
      - application/json; charset=utf-8
      User-Agent:
      - python/3.7.4 (Windows-10-10.0.18362-SP0) msrest/0.6.10 msrest_azure/0.6.2
        azure-keyvault/7.0 Azure-SDK-For-Python
      accept-language:
      - en-US
    method: GET
    uri: https://cli-test-keyvault-000002.vault.azure.net/certificates/issuers/issuer1?api-version=7.0
  response:
    body:
      string: '{"id":"https://cli-test-keyvault-000002.vault.azure.net/certificates/issuers/issuer1","provider":"Test","credentials":{},"org_details":{"id":"TestOrg","zip":0,"admin_details":[{"first_name":"Test","last_name":"Admin","email":"test@test.com","phone":"123-456-7890"}]},"attributes":{"enabled":true,"created":1577457177,"updated":1577457192}}'
    headers:
      cache-control:
      - no-cache
      content-length:
      - '339'
      content-type:
      - application/json; charset=utf-8
      date:
      - Fri, 27 Dec 2019 14:33:14 GMT
      expires:
      - '-1'
      pragma:
      - no-cache
      server:
      - Microsoft-IIS/10.0
      strict-transport-security:
      - max-age=31536000;includeSubDomains
      x-aspnet-version:
      - 4.0.30319
      x-content-type-options:
      - nosniff
      x-ms-keyvault-network-info:
      - addr=167.220.255.51;act_addr_fam=InterNetwork;
      x-ms-keyvault-region:
      - westus
      x-ms-keyvault-service-version:
      - 1.1.0.891
      x-powered-by:
      - ASP.NET
    status:
      code: 200
      message: OK
- request:
    body: '{"provider": "Test", "credentials": {}, "org_details": {"id": "TestOrg",
      "admin_details": [{"first_name": "Test", "last_name": "Admin", "email": "test@test.com",
      "phone": "123-456-7890"}, {"email": "test2@test.com"}]}, "attributes": {"enabled":
      true}}'
    headers:
      Accept:
      - application/json
      Accept-Encoding:
      - gzip, deflate
      Connection:
      - keep-alive
      Content-Length:
      - '251'
      Content-Type:
      - application/json; charset=utf-8
      User-Agent:
      - python/3.7.4 (Windows-10-10.0.18362-SP0) msrest/0.6.10 msrest_azure/0.6.2
        azure-keyvault/7.0 Azure-SDK-For-Python
      accept-language:
      - en-US
    method: PUT
    uri: https://cli-test-keyvault-000002.vault.azure.net/certificates/issuers/issuer1?api-version=7.0
  response:
    body:
      string: '{"id":"https://cli-test-keyvault-000002.vault.azure.net/certificates/issuers/issuer1","provider":"Test","credentials":{},"org_details":{"id":"TestOrg","zip":0,"admin_details":[{"first_name":"Test","last_name":"Admin","email":"test@test.com","phone":"123-456-7890"},{"email":"test2@test.com"}]},"attributes":{"enabled":true,"created":1577457177,"updated":1577457196}}'
    headers:
      cache-control:
      - no-cache
      content-length:
      - '366'
      content-type:
      - application/json; charset=utf-8
      date:
      - Fri, 27 Dec 2019 14:33:16 GMT
      expires:
      - '-1'
      pragma:
      - no-cache
      server:
      - Microsoft-IIS/10.0
      strict-transport-security:
      - max-age=31536000;includeSubDomains
      x-aspnet-version:
      - 4.0.30319
      x-content-type-options:
      - nosniff
      x-ms-keyvault-network-info:
      - addr=167.220.255.51;act_addr_fam=InterNetwork;
      x-ms-keyvault-region:
      - westus
      x-ms-keyvault-service-version:
      - 1.1.0.891
      x-powered-by:
      - ASP.NET
    status:
      code: 200
      message: OK
- request:
    body: null
    headers:
      Accept:
      - application/json
      Accept-Encoding:
      - gzip, deflate
      Connection:
      - keep-alive
      Content-Type:
      - application/json; charset=utf-8
      User-Agent:
      - python/3.7.4 (Windows-10-10.0.18362-SP0) msrest/0.6.10 msrest_azure/0.6.2
        azure-keyvault/7.0 Azure-SDK-For-Python
      accept-language:
      - en-US
    method: GET
    uri: https://cli-test-keyvault-000002.vault.azure.net/certificates/issuers/issuer1?api-version=7.0
  response:
    body:
      string: '{"id":"https://cli-test-keyvault-000002.vault.azure.net/certificates/issuers/issuer1","provider":"Test","credentials":{},"org_details":{"id":"TestOrg","zip":0,"admin_details":[{"first_name":"Test","last_name":"Admin","email":"test@test.com","phone":"123-456-7890"},{"email":"test2@test.com"}]},"attributes":{"enabled":true,"created":1577457177,"updated":1577457196}}'
    headers:
      cache-control:
      - no-cache
      content-length:
      - '366'
      content-type:
      - application/json; charset=utf-8
      date:
      - Fri, 27 Dec 2019 14:33:18 GMT
      expires:
      - '-1'
      pragma:
      - no-cache
      server:
      - Microsoft-IIS/10.0
      strict-transport-security:
      - max-age=31536000;includeSubDomains
      x-aspnet-version:
      - 4.0.30319
      x-content-type-options:
      - nosniff
      x-ms-keyvault-network-info:
      - addr=167.220.255.51;act_addr_fam=InterNetwork;
      x-ms-keyvault-region:
      - westus
      x-ms-keyvault-service-version:
      - 1.1.0.891
      x-powered-by:
      - ASP.NET
    status:
      code: 200
      message: OK
- request:
    body: null
    headers:
      Accept:
      - application/json
      Accept-Encoding:
      - gzip, deflate
      Connection:
      - keep-alive
      Content-Type:
      - application/json; charset=utf-8
      User-Agent:
      - python/3.7.4 (Windows-10-10.0.18362-SP0) msrest/0.6.10 msrest_azure/0.6.2
        azure-keyvault/7.0 Azure-SDK-For-Python
      accept-language:
      - en-US
    method: GET
    uri: https://cli-test-keyvault-000002.vault.azure.net/certificates/issuers/issuer1?api-version=7.0
  response:
    body:
      string: '{"id":"https://cli-test-keyvault-000002.vault.azure.net/certificates/issuers/issuer1","provider":"Test","credentials":{},"org_details":{"id":"TestOrg","zip":0,"admin_details":[{"first_name":"Test","last_name":"Admin","email":"test@test.com","phone":"123-456-7890"},{"email":"test2@test.com"}]},"attributes":{"enabled":true,"created":1577457177,"updated":1577457196}}'
    headers:
      cache-control:
      - no-cache
      content-length:
      - '366'
      content-type:
      - application/json; charset=utf-8
      date:
      - Fri, 27 Dec 2019 14:33:20 GMT
      expires:
      - '-1'
      pragma:
      - no-cache
      server:
      - Microsoft-IIS/10.0
      strict-transport-security:
      - max-age=31536000;includeSubDomains
      x-aspnet-version:
      - 4.0.30319
      x-content-type-options:
      - nosniff
      x-ms-keyvault-network-info:
      - addr=167.220.255.51;act_addr_fam=InterNetwork;
      x-ms-keyvault-region:
      - westus
      x-ms-keyvault-service-version:
      - 1.1.0.891
      x-powered-by:
      - ASP.NET
    status:
      code: 200
      message: OK
- request:
    body: '{"provider": "Test", "credentials": {}, "org_details": {"id": "TestOrg",
      "admin_details": [{"email": "test2@test.com"}]}, "attributes": {"enabled": true}}'
    headers:
      Accept:
      - application/json
      Accept-Encoding:
      - gzip, deflate
      Connection:
      - keep-alive
      Content-Length:
      - '154'
      Content-Type:
      - application/json; charset=utf-8
      User-Agent:
      - python/3.7.4 (Windows-10-10.0.18362-SP0) msrest/0.6.10 msrest_azure/0.6.2
        azure-keyvault/7.0 Azure-SDK-For-Python
      accept-language:
      - en-US
    method: PUT
    uri: https://cli-test-keyvault-000002.vault.azure.net/certificates/issuers/issuer1?api-version=7.0
  response:
    body:
      string: '{"id":"https://cli-test-keyvault-000002.vault.azure.net/certificates/issuers/issuer1","provider":"Test","credentials":{},"org_details":{"id":"TestOrg","zip":0,"admin_details":[{"email":"test2@test.com"}]},"attributes":{"enabled":true,"created":1577457177,"updated":1577457202}}'
    headers:
      cache-control:
      - no-cache
      content-length:
      - '277'
      content-type:
      - application/json; charset=utf-8
      date:
      - Fri, 27 Dec 2019 14:33:21 GMT
      expires:
      - '-1'
      pragma:
      - no-cache
      server:
      - Microsoft-IIS/10.0
      strict-transport-security:
      - max-age=31536000;includeSubDomains
      x-aspnet-version:
      - 4.0.30319
      x-content-type-options:
      - nosniff
      x-ms-keyvault-network-info:
      - addr=167.220.255.51;act_addr_fam=InterNetwork;
      x-ms-keyvault-region:
      - westus
      x-ms-keyvault-service-version:
      - 1.1.0.891
      x-powered-by:
      - ASP.NET
    status:
      code: 200
      message: OK
- request:
    body: null
    headers:
      Accept:
      - application/json
      Accept-Encoding:
      - gzip, deflate
      Connection:
      - keep-alive
      Content-Type:
      - application/json; charset=utf-8
      User-Agent:
      - python/3.7.4 (Windows-10-10.0.18362-SP0) msrest/0.6.10 msrest_azure/0.6.2
        azure-keyvault/7.0 Azure-SDK-For-Python
      accept-language:
      - en-US
    method: GET
    uri: https://cli-test-keyvault-000002.vault.azure.net/certificates/issuers/issuer1?api-version=7.0
  response:
    body:
      string: '{"id":"https://cli-test-keyvault-000002.vault.azure.net/certificates/issuers/issuer1","provider":"Test","credentials":{},"org_details":{"id":"TestOrg","zip":0,"admin_details":[{"email":"test2@test.com"}]},"attributes":{"enabled":true,"created":1577457177,"updated":1577457202}}'
    headers:
      cache-control:
      - no-cache
      content-length:
      - '277'
      content-type:
      - application/json; charset=utf-8
      date:
      - Fri, 27 Dec 2019 14:33:23 GMT
      expires:
      - '-1'
      pragma:
      - no-cache
      server:
      - Microsoft-IIS/10.0
      strict-transport-security:
      - max-age=31536000;includeSubDomains
      x-aspnet-version:
      - 4.0.30319
      x-content-type-options:
      - nosniff
      x-ms-keyvault-network-info:
      - addr=167.220.255.51;act_addr_fam=InterNetwork;
      x-ms-keyvault-region:
      - westus
      x-ms-keyvault-service-version:
      - 1.1.0.891
      x-powered-by:
      - ASP.NET
    status:
      code: 200
      message: OK
- request:
    body: null
    headers:
      Accept:
      - application/json
      Accept-Encoding:
      - gzip, deflate
      Connection:
      - keep-alive
      Content-Length:
      - '0'
      Content-Type:
      - application/json; charset=utf-8
      User-Agent:
      - python/3.7.4 (Windows-10-10.0.18362-SP0) msrest/0.6.10 msrest_azure/0.6.2
        azure-keyvault/7.0 Azure-SDK-For-Python
      accept-language:
      - en-US
    method: DELETE
    uri: https://cli-test-keyvault-000002.vault.azure.net/certificates/issuers/issuer1?api-version=7.0
  response:
    body:
      string: '{"id":"https://cli-test-keyvault-000002.vault.azure.net/certificates/issuers/issuer1","provider":"Test","credentials":{},"org_details":{"id":"TestOrg","zip":0,"admin_details":[{"email":"test2@test.com"}]},"attributes":{"enabled":true,"created":1577457177,"updated":1577457202}}'
    headers:
      cache-control:
      - no-cache
      content-length:
      - '277'
      content-type:
      - application/json; charset=utf-8
      date:
      - Fri, 27 Dec 2019 14:33:24 GMT
      expires:
      - '-1'
      pragma:
      - no-cache
      server:
      - Microsoft-IIS/10.0
      strict-transport-security:
      - max-age=31536000;includeSubDomains
      x-aspnet-version:
      - 4.0.30319
      x-content-type-options:
      - nosniff
      x-ms-keyvault-network-info:
      - addr=167.220.255.51;act_addr_fam=InterNetwork;
      x-ms-keyvault-region:
      - westus
      x-ms-keyvault-service-version:
      - 1.1.0.891
      x-powered-by:
      - ASP.NET
    status:
      code: 200
      message: OK
- request:
    body: null
    headers:
      Accept:
      - application/json
      Accept-Encoding:
      - gzip, deflate
      Connection:
      - keep-alive
      Content-Type:
      - application/json; charset=utf-8
      User-Agent:
      - python/3.7.4 (Windows-10-10.0.18362-SP0) msrest/0.6.10 msrest_azure/0.6.2
        azure-keyvault/7.0 Azure-SDK-For-Python
      accept-language:
      - en-US
    method: GET
    uri: https://cli-test-keyvault-000002.vault.azure.net/certificates/issuers?api-version=7.0
  response:
    body:
      string: '{"value":[],"nextLink":null}'
    headers:
      cache-control:
      - no-cache
      content-length:
      - '28'
      content-type:
      - application/json; charset=utf-8
      date:
      - Fri, 27 Dec 2019 14:33:26 GMT
      expires:
      - '-1'
      pragma:
      - no-cache
      server:
      - Microsoft-IIS/10.0
      strict-transport-security:
      - max-age=31536000;includeSubDomains
      x-aspnet-version:
      - 4.0.30319
      x-content-type-options:
      - nosniff
      x-ms-keyvault-network-info:
      - addr=167.220.255.51;act_addr_fam=InterNetwork;
      x-ms-keyvault-region:
      - westus
      x-ms-keyvault-service-version:
      - 1.1.0.891
      x-powered-by:
      - ASP.NET
    status:
      code: 200
      message: OK
version: 1
