interactions:
- request:
    body: '{"location": "westus", "tags": {"product": "azurecli", "cause": "automation",
      "date": "2019-05-31T22:13:53Z"}}'
    headers:
      Accept:
      - application/json
      Accept-Encoding:
      - gzip, deflate
      CommandName:
      - group create
      Connection:
      - keep-alive
      Content-Length:
      - '110'
      Content-Type:
      - application/json; charset=utf-8
      ParameterSetName:
      - --location --name --tag
      User-Agent:
      - python/3.7.3 (Windows-10-10.0.18362-SP0) msrest/0.6.6 msrest_azure/0.6.0 resourcemanagementclient/2.1.0
        Azure-SDK-For-Python AZURECLI/2.0.65
      accept-language:
      - en-US
    method: PUT
    uri: https://management.azure.com/subscriptions/00000000-0000-0000-0000-000000000000/resourcegroups/clitest.rg000001?api-version=2018-05-01
  response:
    body:
      string: '{"id":"/subscriptions/00000000-0000-0000-0000-000000000000/resourceGroups/clitest.rg000001","name":"clitest.rg000001","location":"westus","tags":{"product":"azurecli","cause":"automation","date":"2019-05-31T22:13:53Z"},"properties":{"provisioningState":"Succeeded"}}'
    headers:
      cache-control:
      - no-cache
      content-length:
      - '384'
      content-type:
      - application/json; charset=utf-8
      date:
      - Fri, 31 May 2019 22:13:55 GMT
      expires:
      - '-1'
      pragma:
      - no-cache
      strict-transport-security:
      - max-age=31536000; includeSubDomains
      x-content-type-options:
      - nosniff
      x-ms-ratelimit-remaining-subscription-writes:
      - '1198'
    status:
      code: 201
      message: Created
- request:
    body: '{"location": "westcentralus", "properties": {"inputSchema": "EventGridSchema"}}'
    headers:
      Accept:
      - application/json
      Accept-Encoding:
      - gzip, deflate
      CommandName:
      - eventgrid topic create
      Connection:
      - keep-alive
      Content-Length:
      - '79'
      Content-Type:
      - application/json; charset=utf-8
      ParameterSetName:
      - --name --resource-group --location
      User-Agent:
      - python/3.7.3 (Windows-10-10.0.18362-SP0) msrest/0.6.6 msrest_azure/0.6.0 azure-mgmt-eventgrid/2019-02-01-preview
        Azure-SDK-For-Python AZURECLI/2.0.65
      accept-language:
      - en-US
    method: PUT
    uri: https://management.azure.com/subscriptions/00000000-0000-0000-0000-000000000000/resourceGroups/clitest.rg000001/providers/Microsoft.EventGrid/topics/cli000002?api-version=2019-02-01-preview
  response:
    body:
      string: '{"properties":{"provisioningState":"Creating","endpoint":null,"inputSchema":"EventGridSchema"},"location":"westcentralus","tags":null,"id":"/subscriptions/00000000-0000-0000-0000-000000000000/resourceGroups/clitest.rg000001/providers/Microsoft.EventGrid/topics/cli000002","name":"cli000002","type":"Microsoft.EventGrid/topics"}'
    headers:
      azure-asyncoperation:
      - https://management.azure.com:443/subscriptions/00000000-0000-0000-0000-000000000000/providers/Microsoft.EventGrid/locations/westcentralus/operationsStatus/3CCAFA88-067D-4E9B-B04E-8192D0EF352F?api-version=2019-02-01-preview
      cache-control:
      - no-cache
      content-length:
      - '448'
      content-type:
      - application/json; charset=utf-8
      date:
      - Fri, 31 May 2019 22:13:56 GMT
      expires:
      - '-1'
      pragma:
      - no-cache
      server:
      - Microsoft-HTTPAPI/2.0
      strict-transport-security:
      - max-age=31536000; includeSubDomains
      x-content-type-options:
      - nosniff
      x-ms-ratelimit-remaining-subscription-writes:
      - '1199'
    status:
      code: 201
      message: Created
- request:
    body: null
    headers:
      Accept:
      - application/json
      Accept-Encoding:
      - gzip, deflate
      CommandName:
      - eventgrid topic create
      Connection:
      - keep-alive
      ParameterSetName:
      - --name --resource-group --location
      User-Agent:
      - python/3.7.3 (Windows-10-10.0.18362-SP0) msrest/0.6.6 msrest_azure/0.6.0 azure-mgmt-eventgrid/2019-02-01-preview
        Azure-SDK-For-Python AZURECLI/2.0.65
    method: GET
    uri: https://management.azure.com/subscriptions/00000000-0000-0000-0000-000000000000/providers/Microsoft.EventGrid/locations/westcentralus/operationsStatus/3CCAFA88-067D-4E9B-B04E-8192D0EF352F?api-version=2019-02-01-preview
  response:
    body:
      string: '{"id":"https://management.azure.com/subscriptions/00000000-0000-0000-0000-000000000000/providers/Microsoft.EventGrid/locations/westcentralus/operationsStatus/3CCAFA88-067D-4E9B-B04E-8192D0EF352F?api-version=2019-02-01-preview","name":"3ccafa88-067d-4e9b-b04e-8192d0ef352f","status":"Succeeded"}'
    headers:
      cache-control:
      - no-cache
      content-length:
      - '294'
      content-type:
      - application/json; charset=utf-8
      date:
      - Fri, 31 May 2019 22:14:06 GMT
      expires:
      - '-1'
      pragma:
      - no-cache
      server:
      - Microsoft-HTTPAPI/2.0
      strict-transport-security:
      - max-age=31536000; includeSubDomains
      transfer-encoding:
      - chunked
      vary:
      - Accept-Encoding
      x-content-type-options:
      - nosniff
    status:
      code: 200
      message: OK
- request:
    body: null
    headers:
      Accept:
      - application/json
      Accept-Encoding:
      - gzip, deflate
      CommandName:
      - eventgrid topic create
      Connection:
      - keep-alive
      ParameterSetName:
      - --name --resource-group --location
      User-Agent:
      - python/3.7.3 (Windows-10-10.0.18362-SP0) msrest/0.6.6 msrest_azure/0.6.0 azure-mgmt-eventgrid/2019-02-01-preview
        Azure-SDK-For-Python AZURECLI/2.0.65
    method: GET
    uri: https://management.azure.com/subscriptions/00000000-0000-0000-0000-000000000000/resourceGroups/clitest.rg000001/providers/Microsoft.EventGrid/topics/cli000002?api-version=2019-02-01-preview
  response:
    body:
      string: '{"properties":{"provisioningState":"Succeeded","endpoint":"https://cli000002.westcentralus-1.eventgrid.azure.net/api/events","inputSchema":"EventGridSchema"},"location":"westcentralus","tags":null,"id":"/subscriptions/00000000-0000-0000-0000-000000000000/resourceGroups/clitest.rg000001/providers/Microsoft.EventGrid/topics/cli000002","name":"cli000002","type":"Microsoft.EventGrid/topics"}'
    headers:
      cache-control:
      - no-cache
      content-length:
      - '542'
      content-type:
      - application/json; charset=utf-8
      date:
      - Fri, 31 May 2019 22:14:08 GMT
      expires:
      - '-1'
      pragma:
      - no-cache
      server:
      - Microsoft-HTTPAPI/2.0
      strict-transport-security:
      - max-age=31536000; includeSubDomains
      transfer-encoding:
      - chunked
      vary:
      - Accept-Encoding
      x-content-type-options:
      - nosniff
    status:
      code: 200
      message: OK
- request:
    body: null
    headers:
      Accept:
      - application/json
      Accept-Encoding:
      - gzip, deflate
      CommandName:
      - eventgrid topic show
      Connection:
      - keep-alive
      ParameterSetName:
      - --name --resource-group
      User-Agent:
      - python/3.7.3 (Windows-10-10.0.18362-SP0) msrest/0.6.6 msrest_azure/0.6.0 azure-mgmt-eventgrid/2019-02-01-preview
        Azure-SDK-For-Python AZURECLI/2.0.65
      accept-language:
      - en-US
    method: GET
    uri: https://management.azure.com/subscriptions/00000000-0000-0000-0000-000000000000/resourceGroups/clitest.rg000001/providers/Microsoft.EventGrid/topics/cli000002?api-version=2019-02-01-preview
  response:
    body:
      string: '{"properties":{"provisioningState":"Succeeded","endpoint":"https://cli000002.westcentralus-1.eventgrid.azure.net/api/events","inputSchema":"EventGridSchema"},"location":"westcentralus","tags":null,"id":"/subscriptions/00000000-0000-0000-0000-000000000000/resourceGroups/clitest.rg000001/providers/Microsoft.EventGrid/topics/cli000002","name":"cli000002","type":"Microsoft.EventGrid/topics"}'
    headers:
      cache-control:
      - no-cache
      content-length:
      - '542'
      content-type:
      - application/json; charset=utf-8
      date:
      - Fri, 31 May 2019 22:14:08 GMT
      expires:
      - '-1'
      pragma:
      - no-cache
      server:
      - Microsoft-HTTPAPI/2.0
      strict-transport-security:
      - max-age=31536000; includeSubDomains
      transfer-encoding:
      - chunked
      vary:
      - Accept-Encoding
      x-content-type-options:
      - nosniff
    status:
      code: 200
      message: OK
- request:
    body: '{"location": "westcentralus", "properties": {"inputSchema": "EventGridSchema"}}'
    headers:
      Accept:
      - application/json
      Accept-Encoding:
      - gzip, deflate
      CommandName:
      - eventgrid topic create
      Connection:
      - keep-alive
      Content-Length:
      - '79'
      Content-Type:
      - application/json; charset=utf-8
      ParameterSetName:
      - --name --resource-group --location
      User-Agent:
      - python/3.7.3 (Windows-10-10.0.18362-SP0) msrest/0.6.6 msrest_azure/0.6.0 azure-mgmt-eventgrid/2019-02-01-preview
        Azure-SDK-For-Python AZURECLI/2.0.65
      accept-language:
      - en-US
    method: PUT
    uri: https://management.azure.com/subscriptions/00000000-0000-0000-0000-000000000000/resourceGroups/clitest.rg000001/providers/Microsoft.EventGrid/topics/cli000003?api-version=2019-02-01-preview
  response:
    body:
      string: '{"properties":{"provisioningState":"Creating","endpoint":null,"inputSchema":"EventGridSchema"},"location":"westcentralus","tags":null,"id":"/subscriptions/00000000-0000-0000-0000-000000000000/resourceGroups/clitest.rg000001/providers/Microsoft.EventGrid/topics/cli000003","name":"cli000003","type":"Microsoft.EventGrid/topics"}'
    headers:
      azure-asyncoperation:
      - https://management.azure.com:443/subscriptions/00000000-0000-0000-0000-000000000000/providers/Microsoft.EventGrid/locations/westcentralus/operationsStatus/738B1E0D-3209-4D12-BF46-E0818E52C11C?api-version=2019-02-01-preview
      cache-control:
      - no-cache
      content-length:
      - '448'
      content-type:
      - application/json; charset=utf-8
      date:
      - Fri, 31 May 2019 22:14:09 GMT
      expires:
      - '-1'
      pragma:
      - no-cache
      server:
      - Microsoft-HTTPAPI/2.0
      strict-transport-security:
      - max-age=31536000; includeSubDomains
      x-content-type-options:
      - nosniff
      x-ms-ratelimit-remaining-subscription-writes:
      - '1198'
    status:
      code: 201
      message: Created
- request:
    body: null
    headers:
      Accept:
      - application/json
      Accept-Encoding:
      - gzip, deflate
      CommandName:
      - eventgrid topic create
      Connection:
      - keep-alive
      ParameterSetName:
      - --name --resource-group --location
      User-Agent:
      - python/3.7.3 (Windows-10-10.0.18362-SP0) msrest/0.6.6 msrest_azure/0.6.0 azure-mgmt-eventgrid/2019-02-01-preview
        Azure-SDK-For-Python AZURECLI/2.0.65
    method: GET
    uri: https://management.azure.com/subscriptions/00000000-0000-0000-0000-000000000000/providers/Microsoft.EventGrid/locations/westcentralus/operationsStatus/738B1E0D-3209-4D12-BF46-E0818E52C11C?api-version=2019-02-01-preview
  response:
    body:
      string: '{"id":"https://management.azure.com/subscriptions/00000000-0000-0000-0000-000000000000/providers/Microsoft.EventGrid/locations/westcentralus/operationsStatus/738B1E0D-3209-4D12-BF46-E0818E52C11C?api-version=2019-02-01-preview","name":"738b1e0d-3209-4d12-bf46-e0818e52c11c","status":"Succeeded"}'
    headers:
      cache-control:
      - no-cache
      content-length:
      - '294'
      content-type:
      - application/json; charset=utf-8
      date:
      - Fri, 31 May 2019 22:14:19 GMT
      expires:
      - '-1'
      pragma:
      - no-cache
      server:
      - Microsoft-HTTPAPI/2.0
      strict-transport-security:
      - max-age=31536000; includeSubDomains
      transfer-encoding:
      - chunked
      vary:
      - Accept-Encoding
      x-content-type-options:
      - nosniff
    status:
      code: 200
      message: OK
- request:
    body: null
    headers:
      Accept:
      - application/json
      Accept-Encoding:
      - gzip, deflate
      CommandName:
      - eventgrid topic create
      Connection:
      - keep-alive
      ParameterSetName:
      - --name --resource-group --location
      User-Agent:
      - python/3.7.3 (Windows-10-10.0.18362-SP0) msrest/0.6.6 msrest_azure/0.6.0 azure-mgmt-eventgrid/2019-02-01-preview
        Azure-SDK-For-Python AZURECLI/2.0.65
    method: GET
    uri: https://management.azure.com/subscriptions/00000000-0000-0000-0000-000000000000/resourceGroups/clitest.rg000001/providers/Microsoft.EventGrid/topics/cli000003?api-version=2019-02-01-preview
  response:
    body:
      string: '{"properties":{"provisioningState":"Succeeded","endpoint":"https://cli000003.westcentralus-1.eventgrid.azure.net/api/events","inputSchema":"EventGridSchema"},"location":"westcentralus","tags":null,"id":"/subscriptions/00000000-0000-0000-0000-000000000000/resourceGroups/clitest.rg000001/providers/Microsoft.EventGrid/topics/cli000003","name":"cli000003","type":"Microsoft.EventGrid/topics"}'
    headers:
      cache-control:
      - no-cache
      content-length:
      - '542'
      content-type:
      - application/json; charset=utf-8
      date:
      - Fri, 31 May 2019 22:14:19 GMT
      expires:
      - '-1'
      pragma:
      - no-cache
      server:
      - Microsoft-HTTPAPI/2.0
      strict-transport-security:
      - max-age=31536000; includeSubDomains
      transfer-encoding:
      - chunked
      vary:
      - Accept-Encoding
      x-content-type-options:
      - nosniff
    status:
      code: 200
      message: OK
- request:
    body: null
    headers:
      Accept:
      - application/json
      Accept-Encoding:
      - gzip, deflate
      CommandName:
      - eventgrid topic update
      Connection:
      - keep-alive
      ParameterSetName:
      - --name --resource-group --tags
      User-Agent:
      - python/3.7.3 (Windows-10-10.0.18362-SP0) msrest/0.6.6 msrest_azure/0.6.0 azure-mgmt-eventgrid/2019-02-01-preview
        Azure-SDK-For-Python AZURECLI/2.0.65
      accept-language:
      - en-US
    method: GET
    uri: https://management.azure.com/subscriptions/00000000-0000-0000-0000-000000000000/resourceGroups/clitest.rg000001/providers/Microsoft.EventGrid/topics/cli000002?api-version=2019-02-01-preview
  response:
    body:
      string: '{"properties":{"provisioningState":"Succeeded","endpoint":"https://cli000002.westcentralus-1.eventgrid.azure.net/api/events","inputSchema":"EventGridSchema"},"location":"westcentralus","tags":null,"id":"/subscriptions/00000000-0000-0000-0000-000000000000/resourceGroups/clitest.rg000001/providers/Microsoft.EventGrid/topics/cli000002","name":"cli000002","type":"Microsoft.EventGrid/topics"}'
    headers:
      cache-control:
      - no-cache
      content-length:
      - '542'
      content-type:
      - application/json; charset=utf-8
      date:
      - Fri, 31 May 2019 22:14:20 GMT
      expires:
      - '-1'
      pragma:
      - no-cache
      server:
      - Microsoft-HTTPAPI/2.0
      strict-transport-security:
      - max-age=31536000; includeSubDomains
      transfer-encoding:
      - chunked
      vary:
      - Accept-Encoding
      x-content-type-options:
      - nosniff
    status:
      code: 200
      message: OK
- request:
    body: '{"tags": {"Dept": "IT"}}'
    headers:
      Accept:
      - application/json
      Accept-Encoding:
      - gzip, deflate
      CommandName:
      - eventgrid topic update
      Connection:
      - keep-alive
      Content-Length:
      - '24'
      Content-Type:
      - application/json; charset=utf-8
      ParameterSetName:
      - --name --resource-group --tags
      User-Agent:
      - python/3.7.3 (Windows-10-10.0.18362-SP0) msrest/0.6.6 msrest_azure/0.6.0 azure-mgmt-eventgrid/2019-02-01-preview
        Azure-SDK-For-Python AZURECLI/2.0.65
      accept-language:
      - en-US
    method: PATCH
    uri: https://management.azure.com/subscriptions/00000000-0000-0000-0000-000000000000/resourceGroups/clitest.rg000001/providers/Microsoft.EventGrid/topics/cli000002?api-version=2019-02-01-preview
  response:
    body:
      string: '{"properties":{"provisioningState":"Updating","endpoint":"https://cli000002.westcentralus-1.eventgrid.azure.net/api/events","inputSchema":"EventGridSchema"},"location":"westcentralus","tags":{"Dept":"IT"},"id":"/subscriptions/00000000-0000-0000-0000-000000000000/resourceGroups/clitest.rg000001/providers/Microsoft.EventGrid/topics/cli000002","name":"cli000002","type":"Microsoft.EventGrid/topics"}'
    headers:
      azure-asyncoperation:
      - https://management.azure.com:443/subscriptions/00000000-0000-0000-0000-000000000000/providers/Microsoft.EventGrid/locations/westcentralus/operationsStatus/5FDE372C-F4AC-4CFD-9763-B729BE60B453?api-version=2019-02-01-preview
      cache-control:
      - no-cache
      content-length:
      - '550'
      content-type:
      - application/json; charset=utf-8
      date:
      - Fri, 31 May 2019 22:14:21 GMT
      expires:
      - '-1'
      pragma:
      - no-cache
      server:
      - Microsoft-HTTPAPI/2.0
      strict-transport-security:
      - max-age=31536000; includeSubDomains
      x-content-type-options:
      - nosniff
      x-ms-ratelimit-remaining-subscription-writes:
      - '1199'
    status:
      code: 201
      message: Created
- request:
    body: null
    headers:
      Accept:
      - application/json
      Accept-Encoding:
      - gzip, deflate
      CommandName:
      - eventgrid topic update
      Connection:
      - keep-alive
      ParameterSetName:
      - --name --resource-group --tags
      User-Agent:
      - python/3.7.3 (Windows-10-10.0.18362-SP0) msrest/0.6.6 msrest_azure/0.6.0 azure-mgmt-eventgrid/2019-02-01-preview
        Azure-SDK-For-Python AZURECLI/2.0.65
    method: GET
    uri: https://management.azure.com/subscriptions/00000000-0000-0000-0000-000000000000/providers/Microsoft.EventGrid/locations/westcentralus/operationsStatus/5FDE372C-F4AC-4CFD-9763-B729BE60B453?api-version=2019-02-01-preview
  response:
    body:
      string: '{"id":"https://management.azure.com/subscriptions/00000000-0000-0000-0000-000000000000/providers/Microsoft.EventGrid/locations/westcentralus/operationsStatus/5FDE372C-F4AC-4CFD-9763-B729BE60B453?api-version=2019-02-01-preview","name":"5fde372c-f4ac-4cfd-9763-b729be60b453","status":"Succeeded"}'
    headers:
      cache-control:
      - no-cache
      content-length:
      - '294'
      content-type:
      - application/json; charset=utf-8
      date:
      - Fri, 31 May 2019 22:14:31 GMT
      expires:
      - '-1'
      pragma:
      - no-cache
      server:
      - Microsoft-HTTPAPI/2.0
      strict-transport-security:
      - max-age=31536000; includeSubDomains
      transfer-encoding:
      - chunked
      vary:
      - Accept-Encoding
      x-content-type-options:
      - nosniff
    status:
      code: 200
      message: OK
- request:
    body: null
    headers:
      Accept:
      - application/json
      Accept-Encoding:
      - gzip, deflate
      CommandName:
      - eventgrid topic update
      Connection:
      - keep-alive
      ParameterSetName:
      - --name --resource-group --tags
      User-Agent:
      - python/3.7.3 (Windows-10-10.0.18362-SP0) msrest/0.6.6 msrest_azure/0.6.0 azure-mgmt-eventgrid/2019-02-01-preview
        Azure-SDK-For-Python AZURECLI/2.0.65
    method: GET
    uri: https://management.azure.com/subscriptions/00000000-0000-0000-0000-000000000000/resourceGroups/clitest.rg000001/providers/Microsoft.EventGrid/topics/cli000002?api-version=2019-02-01-preview
  response:
    body:
      string: '{"properties":{"provisioningState":"Succeeded","endpoint":"https://cli000002.westcentralus-1.eventgrid.azure.net/api/events","inputSchema":"EventGridSchema"},"location":"westcentralus","tags":{"Dept":"IT"},"id":"/subscriptions/00000000-0000-0000-0000-000000000000/resourceGroups/clitest.rg000001/providers/Microsoft.EventGrid/topics/cli000002","name":"cli000002","type":"Microsoft.EventGrid/topics"}'
    headers:
      cache-control:
      - no-cache
      content-length:
      - '551'
      content-type:
      - application/json; charset=utf-8
      date:
      - Fri, 31 May 2019 22:14:32 GMT
      expires:
      - '-1'
      pragma:
      - no-cache
      server:
      - Microsoft-HTTPAPI/2.0
      strict-transport-security:
      - max-age=31536000; includeSubDomains
      transfer-encoding:
      - chunked
      vary:
      - Accept-Encoding
      x-content-type-options:
      - nosniff
    status:
      code: 200
      message: OK
- request:
    body: null
    headers:
      Accept:
      - application/json
      Accept-Encoding:
      - gzip, deflate
      CommandName:
      - eventgrid topic list
      Connection:
      - keep-alive
      ParameterSetName:
      - --resource-group
      User-Agent:
      - python/3.7.3 (Windows-10-10.0.18362-SP0) msrest/0.6.6 msrest_azure/0.6.0 azure-mgmt-eventgrid/2019-02-01-preview
        Azure-SDK-For-Python AZURECLI/2.0.65
      accept-language:
      - en-US
    method: GET
    uri: https://management.azure.com/subscriptions/00000000-0000-0000-0000-000000000000/resourceGroups/clitest.rg000001/providers/Microsoft.EventGrid/topics?api-version=2019-02-01-preview&$top=100
  response:
    body:
      string: '{"value":[{"properties":{"provisioningState":"Succeeded","endpoint":"https://cli000002.westcentralus-1.eventgrid.azure.net/api/events","inputSchema":"EventGridSchema"},"location":"westcentralus","tags":{"Dept":"IT"},"id":"/subscriptions/00000000-0000-0000-0000-000000000000/resourceGroups/clitest.rg000001/providers/Microsoft.EventGrid/topics/cli000002","name":"cli000002","type":"Microsoft.EventGrid/topics"},{"properties":{"provisioningState":"Succeeded","endpoint":"https://cli000003.westcentralus-1.eventgrid.azure.net/api/events","inputSchema":"EventGridSchema"},"location":"westcentralus","tags":null,"id":"/subscriptions/00000000-0000-0000-0000-000000000000/resourceGroups/clitest.rg000001/providers/Microsoft.EventGrid/topics/cli000003","name":"cli000003","type":"Microsoft.EventGrid/topics"}]}'
    headers:
      cache-control:
      - no-cache
      content-length:
      - '1106'
      content-type:
      - application/json; charset=utf-8
      date:
      - Fri, 31 May 2019 22:14:32 GMT
      expires:
      - '-1'
      pragma:
      - no-cache
      server:
      - Microsoft-HTTPAPI/2.0
      strict-transport-security:
      - max-age=31536000; includeSubDomains
      transfer-encoding:
      - chunked
      vary:
      - Accept-Encoding
      x-content-type-options:
      - nosniff
    status:
      code: 200
      message: OK
- request:
    body: null
    headers:
      Accept:
      - application/json
      Accept-Encoding:
      - gzip, deflate
      CommandName:
      - eventgrid topic list
      Connection:
      - keep-alive
      ParameterSetName:
      - --resource-group --odata-query
      User-Agent:
      - python/3.7.3 (Windows-10-10.0.18362-SP0) msrest/0.6.6 msrest_azure/0.6.0 azure-mgmt-eventgrid/2019-02-01-preview
        Azure-SDK-For-Python AZURECLI/2.0.65
      accept-language:
      - en-US
    method: GET
    uri: https://management.azure.com/subscriptions/00000000-0000-0000-0000-000000000000/resourceGroups/clitest.rg000001/providers/Microsoft.EventGrid/topics?api-version=2019-02-01-preview&$filter=name%20eq%20%27cli000002%27&$top=100
  response:
    body:
      string: '{"value":[{"properties":{"provisioningState":"Succeeded","endpoint":"https://cli000002.westcentralus-1.eventgrid.azure.net/api/events","inputSchema":"EventGridSchema"},"location":"westcentralus","tags":{"Dept":"IT"},"id":"/subscriptions/00000000-0000-0000-0000-000000000000/resourceGroups/clitest.rg000001/providers/Microsoft.EventGrid/topics/cli000002","name":"cli000002","type":"Microsoft.EventGrid/topics"}]}'
    headers:
      cache-control:
      - no-cache
      content-length:
      - '563'
      content-type:
      - application/json; charset=utf-8
      date:
      - Fri, 31 May 2019 22:14:33 GMT
      expires:
      - '-1'
      pragma:
      - no-cache
      server:
      - Microsoft-HTTPAPI/2.0
      strict-transport-security:
      - max-age=31536000; includeSubDomains
      transfer-encoding:
      - chunked
      vary:
      - Accept-Encoding
      x-content-type-options:
      - nosniff
    status:
      code: 200
      message: OK
- request:
    body: null
    headers:
      Accept:
      - application/json
      Accept-Encoding:
      - gzip, deflate
      CommandName:
      - eventgrid topic key list
      Connection:
      - keep-alive
      Content-Length:
      - '0'
      ParameterSetName:
      - --name --resource-group
      User-Agent:
      - python/3.7.3 (Windows-10-10.0.18362-SP0) msrest/0.6.6 msrest_azure/0.6.0 azure-mgmt-eventgrid/2019-02-01-preview
        Azure-SDK-For-Python AZURECLI/2.0.65
      accept-language:
      - en-US
    method: POST
    uri: https://management.azure.com/subscriptions/00000000-0000-0000-0000-000000000000/resourceGroups/clitest.rg000001/providers/Microsoft.EventGrid/topics/cli000002/listKeys?api-version=2019-02-01-preview
  response:
    body:
      string: '{"key1":"kMhorOfO9xRv2C5AVtcHz9S9hJTgJSBb7zqBSrYEe4U=","key2":"YNyuubOeSIeBOzJNyQ/CCqPS5sKtlDmxht3vrORhuAU="}'
    headers:
      cache-control:
      - no-cache
      content-length:
      - '109'
      content-type:
      - application/json; charset=utf-8
      date:
      - Fri, 31 May 2019 22:14:33 GMT
      expires:
      - '-1'
      pragma:
      - no-cache
      server:
      - Microsoft-HTTPAPI/2.0
      strict-transport-security:
      - max-age=31536000; includeSubDomains
      transfer-encoding:
      - chunked
      vary:
      - Accept-Encoding
      x-content-type-options:
      - nosniff
      x-ms-ratelimit-remaining-subscription-writes:
      - '1198'
    status:
      code: 200
      message: OK
- request:
    body: '{"keyName": "key1"}'
    headers:
      Accept:
      - application/json
      Accept-Encoding:
      - gzip, deflate
      CommandName:
      - eventgrid topic key regenerate
      Connection:
      - keep-alive
      Content-Length:
      - '19'
      Content-Type:
      - application/json; charset=utf-8
      ParameterSetName:
      - --name --resource-group --key-name
      User-Agent:
      - python/3.7.3 (Windows-10-10.0.18362-SP0) msrest/0.6.6 msrest_azure/0.6.0 azure-mgmt-eventgrid/2019-02-01-preview
        Azure-SDK-For-Python AZURECLI/2.0.65
      accept-language:
      - en-US
    method: POST
    uri: https://management.azure.com/subscriptions/00000000-0000-0000-0000-000000000000/resourceGroups/clitest.rg000001/providers/Microsoft.EventGrid/topics/cli000002/regenerateKey?api-version=2019-02-01-preview
  response:
    body:
      string: '{"key1":"SeA4TvniigLbkNjdp5PZW6NQ+EdorBJdSRcs/30zZtg=","key2":"YNyuubOeSIeBOzJNyQ/CCqPS5sKtlDmxht3vrORhuAU="}'
    headers:
      cache-control:
      - no-cache
      content-length:
      - '109'
      content-type:
      - application/json; charset=utf-8
      date:
      - Fri, 31 May 2019 22:14:34 GMT
      expires:
      - '-1'
      pragma:
      - no-cache
      server:
      - Microsoft-HTTPAPI/2.0
      strict-transport-security:
      - max-age=31536000; includeSubDomains
      transfer-encoding:
      - chunked
      vary:
      - Accept-Encoding
      x-content-type-options:
      - nosniff
      x-ms-ratelimit-remaining-subscription-writes:
      - '1198'
    status:
      code: 200
      message: OK
- request:
    body: '{"keyName": "key2"}'
    headers:
      Accept:
      - application/json
      Accept-Encoding:
      - gzip, deflate
      CommandName:
      - eventgrid topic key regenerate
      Connection:
      - keep-alive
      Content-Length:
      - '19'
      Content-Type:
      - application/json; charset=utf-8
      ParameterSetName:
      - --name --resource-group --key-name
      User-Agent:
      - python/3.7.3 (Windows-10-10.0.18362-SP0) msrest/0.6.6 msrest_azure/0.6.0 azure-mgmt-eventgrid/2019-02-01-preview
        Azure-SDK-For-Python AZURECLI/2.0.65
      accept-language:
      - en-US
    method: POST
    uri: https://management.azure.com/subscriptions/00000000-0000-0000-0000-000000000000/resourceGroups/clitest.rg000001/providers/Microsoft.EventGrid/topics/cli000002/regenerateKey?api-version=2019-02-01-preview
  response:
    body:
      string: '{"key1":"SeA4TvniigLbkNjdp5PZW6NQ+EdorBJdSRcs/30zZtg=","key2":"wQGsEj6gFgXVlZ5hhg+KrzKlGVkuvM5kQQQW538CyCw="}'
    headers:
      cache-control:
      - no-cache
      content-length:
      - '109'
      content-type:
      - application/json; charset=utf-8
      date:
      - Fri, 31 May 2019 22:14:34 GMT
      expires:
      - '-1'
      pragma:
      - no-cache
      server:
      - Microsoft-HTTPAPI/2.0
      strict-transport-security:
      - max-age=31536000; includeSubDomains
      transfer-encoding:
      - chunked
      vary:
      - Accept-Encoding
      x-content-type-options:
      - nosniff
      x-ms-ratelimit-remaining-subscription-writes:
      - '1199'
    status:
      code: 200
      message: OK
- request:
    body: '{"properties": {"destination": {"endpointType": "WebHook", "properties":
      {"endpointUrl": "https://devexpfuncappdestination.azurewebsites.net/runtime/webhooks/EventGrid?functionName=EventGridTrigger1&code=<HIDDEN>"}},
      "filter": {"isSubjectCaseSensitive": false}, "retryPolicy": {"maxDeliveryAttempts":
      30, "eventTimeToLiveInMinutes": 1440}}}'
    headers:
      Accept:
      - application/json
      Accept-Encoding:
      - gzip, deflate
      CommandName:
      - eventgrid event-subscription create
      Connection:
      - keep-alive
      Content-Length:
      - '388'
      Content-Type:
      - application/json; charset=utf-8
      ParameterSetName:
      - --source-resource-id --name --endpoint
      User-Agent:
      - python/3.7.3 (Windows-10-10.0.18362-SP0) msrest/0.6.6 msrest_azure/0.6.0 azure-mgmt-eventgrid/2019-02-01-preview
        Azure-SDK-For-Python AZURECLI/2.0.65
      accept-language:
      - en-US
    method: PUT
    uri: https://management.azure.com/subscriptions/00000000-0000-0000-0000-000000000000/resourceGroups/clitest.rg000001/providers/Microsoft.EventGrid/topics/cli000002/providers/Microsoft.EventGrid/eventSubscriptions/cli000005?api-version=2019-02-01-preview
  response:
    body:
      string: '{"properties":{"topic":"/subscriptions/00000000-0000-0000-0000-000000000000/resourceGroups/clitest.rg000001/providers/microsoft.eventgrid/topics/cli000002","provisioningState":"Creating","destination":{"properties":{"endpointUrl":null,"endpointBaseUrl":"https://devexpfuncappdestination.azurewebsites.net/runtime/webhooks/EventGrid"},"endpointType":"WebHook"},"filter":{},"labels":null,"retryPolicy":{"maxDeliveryAttempts":30,"eventTimeToLiveInMinutes":1440}},"id":"/subscriptions/00000000-0000-0000-0000-000000000000/resourceGroups/clitest.rg000001/providers/Microsoft.EventGrid/topics/cli000002/providers/Microsoft.EventGrid/eventSubscriptions/cli000005","name":"cli000005","type":"Microsoft.EventGrid/eventSubscriptions"}'
    headers:
      azure-asyncoperation:
      - https://management.azure.com:443/subscriptions/00000000-0000-0000-0000-000000000000/providers/Microsoft.EventGrid/locations/westcentralus/operationsStatus/6BB3A7E0-DADE-457D-866D-202E3F3A2198?api-version=2019-02-01-preview
      cache-control:
      - no-cache
      content-length:
      - '966'
      content-type:
      - application/json; charset=utf-8
      date:
      - Fri, 31 May 2019 22:14:35 GMT
      expires:
      - '-1'
      pragma:
      - no-cache
      server:
      - Microsoft-HTTPAPI/2.0
      strict-transport-security:
      - max-age=31536000; includeSubDomains
      x-content-type-options:
      - nosniff
      x-ms-ratelimit-remaining-subscription-writes:
      - '1199'
    status:
      code: 201
      message: Created
- request:
    body: null
    headers:
      Accept:
      - application/json
      Accept-Encoding:
      - gzip, deflate
      CommandName:
      - eventgrid event-subscription create
      Connection:
      - keep-alive
      ParameterSetName:
      - --source-resource-id --name --endpoint
      User-Agent:
      - python/3.7.3 (Windows-10-10.0.18362-SP0) msrest/0.6.6 msrest_azure/0.6.0 azure-mgmt-eventgrid/2019-02-01-preview
        Azure-SDK-For-Python AZURECLI/2.0.65
    method: GET
    uri: https://management.azure.com/subscriptions/00000000-0000-0000-0000-000000000000/providers/Microsoft.EventGrid/locations/westcentralus/operationsStatus/6BB3A7E0-DADE-457D-866D-202E3F3A2198?api-version=2019-02-01-preview
  response:
    body:
      string: '{"id":"https://management.azure.com/subscriptions/00000000-0000-0000-0000-000000000000/providers/Microsoft.EventGrid/locations/westcentralus/operationsStatus/6BB3A7E0-DADE-457D-866D-202E3F3A2198?api-version=2019-02-01-preview","name":"6bb3a7e0-dade-457d-866d-202e3f3a2198","status":"Succeeded"}'
    headers:
      cache-control:
      - no-cache
      content-length:
      - '294'
      content-type:
      - application/json; charset=utf-8
      date:
      - Fri, 31 May 2019 22:14:47 GMT
      expires:
      - '-1'
      pragma:
      - no-cache
      server:
      - Microsoft-HTTPAPI/2.0
      strict-transport-security:
      - max-age=31536000; includeSubDomains
      transfer-encoding:
      - chunked
      vary:
      - Accept-Encoding
      x-content-type-options:
      - nosniff
    status:
      code: 200
      message: OK
- request:
    body: null
    headers:
      Accept:
      - application/json
      Accept-Encoding:
      - gzip, deflate
      CommandName:
      - eventgrid event-subscription create
      Connection:
      - keep-alive
      ParameterSetName:
      - --source-resource-id --name --endpoint
      User-Agent:
      - python/3.7.3 (Windows-10-10.0.18362-SP0) msrest/0.6.6 msrest_azure/0.6.0 azure-mgmt-eventgrid/2019-02-01-preview
        Azure-SDK-For-Python AZURECLI/2.0.65
    method: GET
    uri: https://management.azure.com/subscriptions/00000000-0000-0000-0000-000000000000/resourceGroups/clitest.rg000001/providers/Microsoft.EventGrid/topics/cli000002/providers/Microsoft.EventGrid/eventSubscriptions/cli000005?api-version=2019-02-01-preview
  response:
    body:
      string: '{"properties":{"topic":"/subscriptions/00000000-0000-0000-0000-000000000000/resourceGroups/clitest.rg000001/providers/microsoft.eventgrid/topics/cli000002","provisioningState":"Succeeded","destination":{"properties":{"endpointUrl":null,"endpointBaseUrl":"https://devexpfuncappdestination.azurewebsites.net/runtime/webhooks/EventGrid"},"endpointType":"WebHook"},"filter":{"subjectBeginsWith":"","subjectEndsWith":""},"labels":null,"eventDeliverySchema":"EventGridSchema","retryPolicy":{"maxDeliveryAttempts":30,"eventTimeToLiveInMinutes":1440}},"id":"/subscriptions/00000000-0000-0000-0000-000000000000/resourceGroups/clitest.rg000001/providers/Microsoft.EventGrid/topics/cli000002/providers/Microsoft.EventGrid/eventSubscriptions/cli000005","name":"cli000005","type":"Microsoft.EventGrid/eventSubscriptions"}'
    headers:
      cache-control:
      - no-cache
      content-length:
      - '1050'
      content-type:
      - application/json; charset=utf-8
      date:
      - Fri, 31 May 2019 22:14:47 GMT
      expires:
      - '-1'
      pragma:
      - no-cache
      server:
      - Microsoft-HTTPAPI/2.0
      strict-transport-security:
      - max-age=31536000; includeSubDomains
      transfer-encoding:
      - chunked
      vary:
      - Accept-Encoding
      x-content-type-options:
      - nosniff
    status:
      code: 200
      message: OK
- request:
    body: null
    headers:
      Accept:
      - application/json
      Accept-Encoding:
      - gzip, deflate
      CommandName:
      - eventgrid event-subscription show
      Connection:
      - keep-alive
      ParameterSetName:
      - --source-resource-id --name
      User-Agent:
      - python/3.7.3 (Windows-10-10.0.18362-SP0) msrest/0.6.6 msrest_azure/0.6.0 azure-mgmt-eventgrid/2019-02-01-preview
        Azure-SDK-For-Python AZURECLI/2.0.65
      accept-language:
      - en-US
    method: GET
    uri: https://management.azure.com/subscriptions/00000000-0000-0000-0000-000000000000/resourceGroups/clitest.rg000001/providers/Microsoft.EventGrid/topics/cli000002/providers/Microsoft.EventGrid/eventSubscriptions/cli000005?api-version=2019-02-01-preview
  response:
    body:
      string: '{"properties":{"topic":"/subscriptions/00000000-0000-0000-0000-000000000000/resourceGroups/clitest.rg000001/providers/microsoft.eventgrid/topics/cli000002","provisioningState":"Succeeded","destination":{"properties":{"endpointUrl":null,"endpointBaseUrl":"https://devexpfuncappdestination.azurewebsites.net/runtime/webhooks/EventGrid"},"endpointType":"WebHook"},"filter":{"subjectBeginsWith":"","subjectEndsWith":""},"labels":null,"eventDeliverySchema":"EventGridSchema","retryPolicy":{"maxDeliveryAttempts":30,"eventTimeToLiveInMinutes":1440}},"id":"/subscriptions/00000000-0000-0000-0000-000000000000/resourceGroups/clitest.rg000001/providers/Microsoft.EventGrid/topics/cli000002/providers/Microsoft.EventGrid/eventSubscriptions/cli000005","name":"cli000005","type":"Microsoft.EventGrid/eventSubscriptions"}'
    headers:
      cache-control:
      - no-cache
      content-length:
      - '1050'
      content-type:
      - application/json; charset=utf-8
      date:
      - Fri, 31 May 2019 22:14:48 GMT
      expires:
      - '-1'
      pragma:
      - no-cache
      server:
      - Microsoft-HTTPAPI/2.0
      strict-transport-security:
      - max-age=31536000; includeSubDomains
      transfer-encoding:
      - chunked
      vary:
      - Accept-Encoding
      x-content-type-options:
      - nosniff
    status:
      code: 200
      message: OK
- request:
    body: null
    headers:
      Accept:
      - application/json
      Accept-Encoding:
      - gzip, deflate
      CommandName:
      - eventgrid event-subscription show
      Connection:
      - keep-alive
      ParameterSetName:
      - --source-resource-id --name --include-full-endpoint-url
      User-Agent:
      - python/3.7.3 (Windows-10-10.0.18362-SP0) msrest/0.6.6 msrest_azure/0.6.0 azure-mgmt-eventgrid/2019-02-01-preview
        Azure-SDK-For-Python AZURECLI/2.0.65
      accept-language:
      - en-US
    method: GET
    uri: https://management.azure.com/subscriptions/00000000-0000-0000-0000-000000000000/resourceGroups/clitest.rg000001/providers/Microsoft.EventGrid/topics/cli000002/providers/Microsoft.EventGrid/eventSubscriptions/cli000005?api-version=2019-02-01-preview
  response:
    body:
      string: '{"properties":{"topic":"/subscriptions/00000000-0000-0000-0000-000000000000/resourceGroups/clitest.rg000001/providers/microsoft.eventgrid/topics/cli000002","provisioningState":"Succeeded","destination":{"properties":{"endpointUrl":null,"endpointBaseUrl":"https://devexpfuncappdestination.azurewebsites.net/runtime/webhooks/EventGrid"},"endpointType":"WebHook"},"filter":{"subjectBeginsWith":"","subjectEndsWith":""},"labels":null,"eventDeliverySchema":"EventGridSchema","retryPolicy":{"maxDeliveryAttempts":30,"eventTimeToLiveInMinutes":1440}},"id":"/subscriptions/00000000-0000-0000-0000-000000000000/resourceGroups/clitest.rg000001/providers/Microsoft.EventGrid/topics/cli000002/providers/Microsoft.EventGrid/eventSubscriptions/cli000005","name":"cli000005","type":"Microsoft.EventGrid/eventSubscriptions"}'
    headers:
      cache-control:
      - no-cache
      content-length:
      - '1050'
      content-type:
      - application/json; charset=utf-8
      date:
      - Fri, 31 May 2019 22:14:48 GMT
      expires:
      - '-1'
      pragma:
      - no-cache
      server:
      - Microsoft-HTTPAPI/2.0
      strict-transport-security:
      - max-age=31536000; includeSubDomains
      transfer-encoding:
      - chunked
      vary:
      - Accept-Encoding
      x-content-type-options:
      - nosniff
    status:
      code: 200
      message: OK
- request:
    body: null
    headers:
      Accept:
      - application/json
      Accept-Encoding:
      - gzip, deflate
      CommandName:
      - eventgrid event-subscription show
      Connection:
      - keep-alive
      Content-Length:
      - '0'
      ParameterSetName:
      - --source-resource-id --name --include-full-endpoint-url
      User-Agent:
      - python/3.7.3 (Windows-10-10.0.18362-SP0) msrest/0.6.6 msrest_azure/0.6.0 azure-mgmt-eventgrid/2019-02-01-preview
        Azure-SDK-For-Python AZURECLI/2.0.65
      accept-language:
      - en-US
    method: POST
    uri: https://management.azure.com/subscriptions/00000000-0000-0000-0000-000000000000/resourceGroups/clitest.rg000001/providers/Microsoft.EventGrid/topics/cli000002/providers/Microsoft.EventGrid/eventSubscriptions/cli000005/getFullUrl?api-version=2019-02-01-preview
  response:
    body:
      string: '{"endpointUrl":"https://devexpfuncappdestination.azurewebsites.net/runtime/webhooks/EventGrid?functionName=EventGridTrigger1&code=<HIDDEN>"}'
    headers:
      cache-control:
      - no-cache
      content-length:
      - '188'
      content-type:
      - application/json; charset=utf-8
      date:
      - Fri, 31 May 2019 22:14:48 GMT
      expires:
      - '-1'
      pragma:
      - no-cache
      server:
      - Microsoft-HTTPAPI/2.0
      strict-transport-security:
      - max-age=31536000; includeSubDomains
      transfer-encoding:
      - chunked
      vary:
      - Accept-Encoding
      x-content-type-options:
      - nosniff
      x-ms-ratelimit-remaining-subscription-writes:
      - '1199'
    status:
      code: 200
      message: OK
- request:
    body: null
    headers:
      Accept:
      - application/json
      Accept-Encoding:
      - gzip, deflate
      CommandName:
      - eventgrid event-subscription update
      Connection:
      - keep-alive
      ParameterSetName:
      - --source-resource-id --name --endpoint
      User-Agent:
      - python/3.7.3 (Windows-10-10.0.18362-SP0) msrest/0.6.6 msrest_azure/0.6.0 azure-mgmt-eventgrid/2019-02-01-preview
        Azure-SDK-For-Python AZURECLI/2.0.65
      accept-language:
      - en-US
    method: GET
    uri: https://management.azure.com/subscriptions/00000000-0000-0000-0000-000000000000/resourceGroups/clitest.rg000001/providers/Microsoft.EventGrid/topics/cli000002/providers/Microsoft.EventGrid/eventSubscriptions/cli000005?api-version=2019-02-01-preview
  response:
    body:
      string: '{"properties":{"topic":"/subscriptions/00000000-0000-0000-0000-000000000000/resourceGroups/clitest.rg000001/providers/microsoft.eventgrid/topics/cli000002","provisioningState":"Succeeded","destination":{"properties":{"endpointUrl":null,"endpointBaseUrl":"https://devexpfuncappdestination.azurewebsites.net/runtime/webhooks/EventGrid"},"endpointType":"WebHook"},"filter":{"subjectBeginsWith":"","subjectEndsWith":""},"labels":null,"eventDeliverySchema":"EventGridSchema","retryPolicy":{"maxDeliveryAttempts":30,"eventTimeToLiveInMinutes":1440}},"id":"/subscriptions/00000000-0000-0000-0000-000000000000/resourceGroups/clitest.rg000001/providers/Microsoft.EventGrid/topics/cli000002/providers/Microsoft.EventGrid/eventSubscriptions/cli000005","name":"cli000005","type":"Microsoft.EventGrid/eventSubscriptions"}'
    headers:
      cache-control:
      - no-cache
      content-length:
      - '1050'
      content-type:
      - application/json; charset=utf-8
      date:
      - Fri, 31 May 2019 22:14:49 GMT
      expires:
      - '-1'
      pragma:
      - no-cache
      server:
      - Microsoft-HTTPAPI/2.0
      strict-transport-security:
      - max-age=31536000; includeSubDomains
      transfer-encoding:
      - chunked
      vary:
      - Accept-Encoding
      x-content-type-options:
      - nosniff
    status:
      code: 200
      message: OK
- request:
    body: '{"destination": {"endpointType": "WebHook", "properties": {"endpointUrl":
      "https://devexpfuncappdestination.azurewebsites.net/runtime/webhooks/EventGrid?functionName=EventGridTrigger1&code=<HIDDEN>"}},
      "filter": {"subjectBeginsWith": "", "subjectEndsWith": ""}, "eventDeliverySchema":
      "EventGridSchema", "retryPolicy": {"maxDeliveryAttempts": 30, "eventTimeToLiveInMinutes":
      1440}}'
    headers:
      Accept:
      - application/json
      Accept-Encoding:
      - gzip, deflate
      CommandName:
      - eventgrid event-subscription update
      Connection:
      - keep-alive
      Content-Length:
      - '429'
      Content-Type:
      - application/json; charset=utf-8
      ParameterSetName:
      - --source-resource-id --name --endpoint
      User-Agent:
      - python/3.7.3 (Windows-10-10.0.18362-SP0) msrest/0.6.6 msrest_azure/0.6.0 azure-mgmt-eventgrid/2019-02-01-preview
        Azure-SDK-For-Python AZURECLI/2.0.65
      accept-language:
      - en-US
    method: PATCH
    uri: https://management.azure.com/subscriptions/00000000-0000-0000-0000-000000000000/resourceGroups/clitest.rg000001/providers/Microsoft.EventGrid/topics/cli000002/providers/Microsoft.EventGrid/eventSubscriptions/cli000005?api-version=2019-02-01-preview
  response:
    body:
      string: '{"properties":{"topic":"/subscriptions/00000000-0000-0000-0000-000000000000/resourceGroups/clitest.rg000001/providers/microsoft.eventgrid/topics/cli000002","provisioningState":"Updating","destination":{"properties":{"endpointUrl":null,"endpointBaseUrl":"https://devexpfuncappdestination.azurewebsites.net/runtime/webhooks/EventGrid"},"endpointType":"WebHook"},"filter":{"subjectBeginsWith":"","subjectEndsWith":""},"labels":null,"eventDeliverySchema":"EventGridSchema","retryPolicy":{"maxDeliveryAttempts":30,"eventTimeToLiveInMinutes":1440}},"id":"/subscriptions/00000000-0000-0000-0000-000000000000/resourceGroups/clitest.rg000001/providers/Microsoft.EventGrid/topics/cli000002/providers/Microsoft.EventGrid/eventSubscriptions/cli000005","name":"cli000005","type":"Microsoft.EventGrid/eventSubscriptions"}'
    headers:
      azure-asyncoperation:
      - https://management.azure.com:443/subscriptions/00000000-0000-0000-0000-000000000000/providers/Microsoft.EventGrid/locations/westcentralus/operationsStatus/77461F27-0726-4DF3-AB3F-EE0D0FC158F6?api-version=2019-02-01-preview
      cache-control:
      - no-cache
      content-length:
      - '1049'
      content-type:
      - application/json; charset=utf-8
      date:
      - Fri, 31 May 2019 22:14:50 GMT
      expires:
      - '-1'
      pragma:
      - no-cache
      server:
      - Microsoft-HTTPAPI/2.0
      strict-transport-security:
      - max-age=31536000; includeSubDomains
      x-content-type-options:
      - nosniff
      x-ms-ratelimit-remaining-subscription-writes:
      - '1196'
    status:
      code: 201
      message: Created
- request:
    body: null
    headers:
      Accept:
      - application/json
      Accept-Encoding:
      - gzip, deflate
      CommandName:
      - eventgrid event-subscription update
      Connection:
      - keep-alive
      ParameterSetName:
      - --source-resource-id --name --endpoint
      User-Agent:
      - python/3.7.3 (Windows-10-10.0.18362-SP0) msrest/0.6.6 msrest_azure/0.6.0 azure-mgmt-eventgrid/2019-02-01-preview
        Azure-SDK-For-Python AZURECLI/2.0.65
    method: GET
    uri: https://management.azure.com/subscriptions/00000000-0000-0000-0000-000000000000/providers/Microsoft.EventGrid/locations/westcentralus/operationsStatus/77461F27-0726-4DF3-AB3F-EE0D0FC158F6?api-version=2019-02-01-preview
  response:
    body:
      string: '{"id":"https://management.azure.com/subscriptions/00000000-0000-0000-0000-000000000000/providers/Microsoft.EventGrid/locations/westcentralus/operationsStatus/77461F27-0726-4DF3-AB3F-EE0D0FC158F6?api-version=2019-02-01-preview","name":"77461f27-0726-4df3-ab3f-ee0d0fc158f6","status":"Succeeded"}'
    headers:
      cache-control:
      - no-cache
      content-length:
      - '294'
      content-type:
      - application/json; charset=utf-8
      date:
      - Fri, 31 May 2019 22:15:00 GMT
      expires:
      - '-1'
      pragma:
      - no-cache
      server:
      - Microsoft-HTTPAPI/2.0
      strict-transport-security:
      - max-age=31536000; includeSubDomains
      transfer-encoding:
      - chunked
      vary:
      - Accept-Encoding
      x-content-type-options:
      - nosniff
    status:
      code: 200
      message: OK
- request:
    body: null
    headers:
      Accept:
      - application/json
      Accept-Encoding:
      - gzip, deflate
      CommandName:
      - eventgrid event-subscription update
      Connection:
      - keep-alive
      ParameterSetName:
      - --source-resource-id --name --endpoint
      User-Agent:
      - python/3.7.3 (Windows-10-10.0.18362-SP0) msrest/0.6.6 msrest_azure/0.6.0 azure-mgmt-eventgrid/2019-02-01-preview
        Azure-SDK-For-Python AZURECLI/2.0.65
    method: GET
    uri: https://management.azure.com/subscriptions/00000000-0000-0000-0000-000000000000/resourceGroups/clitest.rg000001/providers/Microsoft.EventGrid/topics/cli000002/providers/Microsoft.EventGrid/eventSubscriptions/cli000005?api-version=2019-02-01-preview
  response:
    body:
      string: '{"properties":{"topic":"/subscriptions/00000000-0000-0000-0000-000000000000/resourceGroups/clitest.rg000001/providers/microsoft.eventgrid/topics/cli000002","provisioningState":"Succeeded","destination":{"properties":{"endpointUrl":null,"endpointBaseUrl":"https://devexpfuncappdestination.azurewebsites.net/runtime/webhooks/EventGrid"},"endpointType":"WebHook"},"filter":{"subjectBeginsWith":"","subjectEndsWith":""},"labels":null,"eventDeliverySchema":"EventGridSchema","retryPolicy":{"maxDeliveryAttempts":30,"eventTimeToLiveInMinutes":1440}},"id":"/subscriptions/00000000-0000-0000-0000-000000000000/resourceGroups/clitest.rg000001/providers/Microsoft.EventGrid/topics/cli000002/providers/Microsoft.EventGrid/eventSubscriptions/cli000005","name":"cli000005","type":"Microsoft.EventGrid/eventSubscriptions"}'
    headers:
      cache-control:
      - no-cache
      content-length:
      - '1050'
      content-type:
      - application/json; charset=utf-8
      date:
      - Fri, 31 May 2019 22:15:00 GMT
      expires:
      - '-1'
      pragma:
      - no-cache
      server:
      - Microsoft-HTTPAPI/2.0
      strict-transport-security:
      - max-age=31536000; includeSubDomains
      transfer-encoding:
      - chunked
      vary:
      - Accept-Encoding
      x-content-type-options:
      - nosniff
    status:
      code: 200
      message: OK
- request:
    body: null
    headers:
      Accept:
      - application/json
      Accept-Encoding:
      - gzip, deflate
      CommandName:
      - eventgrid event-subscription list
      Connection:
      - keep-alive
      ParameterSetName:
      - --source-resource-id
      User-Agent:
      - python/3.7.3 (Windows-10-10.0.18362-SP0) msrest/0.6.6 msrest_azure/0.6.0 azure-mgmt-eventgrid/2019-02-01-preview
        Azure-SDK-For-Python AZURECLI/2.0.65
      accept-language:
      - en-US
    method: GET
    uri: https://management.azure.com/subscriptions/00000000-0000-0000-0000-000000000000/resourceGroups/clitest.rg000001/providers/Microsoft.EventGrid/topics/cli000002/providers/Microsoft.EventGrid/eventSubscriptions?api-version=2019-02-01-preview&$top=100
  response:
    body:
      string: '{"value":[{"properties":{"topic":"/subscriptions/00000000-0000-0000-0000-000000000000/resourceGroups/clitest.rg000001/providers/microsoft.eventgrid/topics/cli000002","provisioningState":"Succeeded","destination":{"properties":{"endpointUrl":null,"endpointBaseUrl":"https://devexpfuncappdestination.azurewebsites.net/runtime/webhooks/EventGrid"},"endpointType":"WebHook"},"filter":{"subjectBeginsWith":"","subjectEndsWith":""},"labels":null,"eventDeliverySchema":"EventGridSchema","retryPolicy":{"maxDeliveryAttempts":30,"eventTimeToLiveInMinutes":1440}},"id":"/subscriptions/00000000-0000-0000-0000-000000000000/resourceGroups/clitest.rg000001/providers/Microsoft.EventGrid/topics/cli000002/providers/Microsoft.EventGrid/eventSubscriptions/cli000005","name":"cli000005","type":"Microsoft.EventGrid/eventSubscriptions"}]}'
    headers:
      cache-control:
      - no-cache
      content-length:
      - '1062'
      content-type:
      - application/json; charset=utf-8
      date:
      - Fri, 31 May 2019 22:15:00 GMT
      expires:
      - '-1'
      pragma:
      - no-cache
      server:
      - Microsoft-HTTPAPI/2.0
      strict-transport-security:
      - max-age=31536000; includeSubDomains
      transfer-encoding:
      - chunked
      vary:
      - Accept-Encoding
      x-content-type-options:
      - nosniff
    status:
      code: 200
      message: OK
- request:
    body: null
    headers:
      Accept:
      - application/json
      Accept-Encoding:
      - gzip, deflate
      CommandName:
      - eventgrid event-subscription list
      Connection:
      - keep-alive
      ParameterSetName:
      - --source-resource-id --odata-query
      User-Agent:
      - python/3.7.3 (Windows-10-10.0.18362-SP0) msrest/0.6.6 msrest_azure/0.6.0 azure-mgmt-eventgrid/2019-02-01-preview
        Azure-SDK-For-Python AZURECLI/2.0.65
      accept-language:
      - en-US
    method: GET
    uri: https://management.azure.com/subscriptions/00000000-0000-0000-0000-000000000000/resourceGroups/clitest.rg000001/providers/Microsoft.EventGrid/topics/cli000002/providers/Microsoft.EventGrid/eventSubscriptions?api-version=2019-02-01-preview&$filter=name%20eq%20%27cli000005%27&$top=100
  response:
    body:
      string: '{"value":[{"properties":{"topic":"/subscriptions/00000000-0000-0000-0000-000000000000/resourceGroups/clitest.rg000001/providers/microsoft.eventgrid/topics/cli000002","provisioningState":"Succeeded","destination":{"properties":{"endpointUrl":null,"endpointBaseUrl":"https://devexpfuncappdestination.azurewebsites.net/runtime/webhooks/EventGrid"},"endpointType":"WebHook"},"filter":{"subjectBeginsWith":"","subjectEndsWith":""},"labels":null,"eventDeliverySchema":"EventGridSchema","retryPolicy":{"maxDeliveryAttempts":30,"eventTimeToLiveInMinutes":1440}},"id":"/subscriptions/00000000-0000-0000-0000-000000000000/resourceGroups/clitest.rg000001/providers/Microsoft.EventGrid/topics/cli000002/providers/Microsoft.EventGrid/eventSubscriptions/cli000005","name":"cli000005","type":"Microsoft.EventGrid/eventSubscriptions"}]}'
    headers:
      cache-control:
      - no-cache
      content-length:
      - '1062'
      content-type:
      - application/json; charset=utf-8
      date:
      - Fri, 31 May 2019 22:15:01 GMT
      expires:
      - '-1'
      pragma:
      - no-cache
      server:
      - Microsoft-HTTPAPI/2.0
      strict-transport-security:
      - max-age=31536000; includeSubDomains
      transfer-encoding:
      - chunked
      vary:
      - Accept-Encoding
      x-content-type-options:
      - nosniff
    status:
      code: 200
      message: OK
- request:
    body: null
    headers:
      Accept:
      - application/json
      Accept-Encoding:
      - gzip, deflate
      CommandName:
      - eventgrid event-subscription list
      Connection:
      - keep-alive
      ParameterSetName:
      - --topic-type --location
      User-Agent:
      - python/3.7.3 (Windows-10-10.0.18362-SP0) msrest/0.6.6 msrest_azure/0.6.0 azure-mgmt-eventgrid/2019-02-01-preview
        Azure-SDK-For-Python AZURECLI/2.0.65
      accept-language:
      - en-US
    method: GET
    uri: https://management.azure.com/subscriptions/00000000-0000-0000-0000-000000000000/providers/Microsoft.EventGrid/locations/westcentralus/topicTypes/Microsoft.EventGrid.Topics/eventSubscriptions?api-version=2019-02-01-preview&$top=100
  response:
    body:
      string: '{"value":[{"properties":{"topic":"/subscriptions/00000000-0000-0000-0000-000000000000/resourceGroups/azureeventgridrunnerrgwestcentralus/providers/microsoft.eventgrid/topics/egrunnercustomtopicwestcentralus","provisioningState":"Succeeded","destination":{"properties":{"resourceId":"/subscriptions/00000000-0000-0000-0000-000000000000/resourceGroups/AzureEventGridRunnerRGWestCentralUS/providers/Microsoft.EventHub/namespaces/egrunnereventhubnamespacewestcentralus/eventhubs/egrunnereventhubwestcentralus"},"endpointType":"EventHub"},"filter":{"subjectBeginsWith":"","subjectEndsWith":""},"labels":["TestLabel1","TestLabel2"],"eventDeliverySchema":"EventGridSchema"},"id":"/subscriptions/00000000-0000-0000-0000-000000000000/resourceGroups/AzureEventGridRunnerRGWestCentralUS/providers/Microsoft.EventGrid/topics/egrunnercustomtopicwestcentralus/providers/Microsoft.EventGrid/eventSubscriptions/egrunnertopicsubscriptionwestcentralus","name":"egrunnertopicsubscriptionwestcentralus","type":"Microsoft.EventGrid/eventSubscriptions"},{"properties":{"topic":"/subscriptions/00000000-0000-0000-0000-000000000000/resourceGroups/azureeventgridrunnerrgwestcentralus/providers/microsoft.eventgrid/topics/eglatencyrunnercustomtopicwestcentralus","provisioningState":"Succeeded","destination":{"properties":{"resourceId":"/subscriptions/00000000-0000-0000-0000-000000000000/resourceGroups/AzureEventGridRunnerRGWestCentralUS/providers/Microsoft.EventHub/namespaces/egrunnereventhubnamespacewestcentralus/eventhubs/eglatencyrunnereventhubwestcentralus"},"endpointType":"EventHub"},"filter":{"subjectBeginsWith":"","subjectEndsWith":""},"labels":["TestLabel1","TestLabel2"],"eventDeliverySchema":"EventGridSchema"},"id":"/subscriptions/00000000-0000-0000-0000-000000000000/resourceGroups/AzureEventGridRunnerRGWestCentralUS/providers/Microsoft.EventGrid/topics/eglatencyrunnercustomtopicwestcentralus/providers/Microsoft.EventGrid/eventSubscriptions/eglatencyrunnersubscriptionwestcentralus","name":"eglatencyrunnersubscriptionwestcentralus","type":"Microsoft.EventGrid/eventSubscriptions"},{"properties":{"topic":"/subscriptions/00000000-0000-0000-0000-000000000000/resourceGroups/azureeventgridrunnerrgwestcentralus/providers/microsoft.eventgrid/topics/eg-latency-runner-custom-topic-west-central-us","provisioningState":"Succeeded","destination":{"properties":{"resourceId":"/subscriptions/00000000-0000-0000-0000-000000000000/resourceGroups/AzureEventGridRunnerRGWestCentralUS/providers/Microsoft.EventHub/namespaces/egrunnereventhubnamespacewestcentralus/eventhubs/eglatencyrunnereventhubwestcentralus"},"endpointType":"EventHub"},"filter":{"subjectBeginsWith":"","subjectEndsWith":""},"labels":["TestLabel1","TestLabel2"],"eventDeliverySchema":"EventGridSchema"},"id":"/subscriptions/00000000-0000-0000-0000-000000000000/resourceGroups/AzureEventGridRunnerRGWestCentralUS/providers/Microsoft.EventGrid/topics/eg-latency-runner-custom-topic-west-central-us/providers/Microsoft.EventGrid/eventSubscriptions/eg-latency-runner-subscription-west-central-us","name":"eg-latency-runner-subscription-west-central-us","type":"Microsoft.EventGrid/eventSubscriptions"},{"properties":{"topic":"/subscriptions/00000000-0000-0000-0000-000000000000/resourceGroups/azureeventgridrunnerrgwestcentralus/providers/microsoft.eventgrid/topics/eg-latency-runner-topic-west-central-us","provisioningState":"Succeeded","destination":{"properties":{"resourceId":"/subscriptions/00000000-0000-0000-0000-000000000000/resourceGroups/AzureEventGridRunnerRGWestCentralUS/providers/Microsoft.EventHub/namespaces/egrunnereventhubnamespacewestcentralus/eventhubs/eglatencyrunnereventhubwestcentralus"},"endpointType":"EventHub"},"filter":{"subjectBeginsWith":"Subject","subjectEndsWith":"","isSubjectCaseSensitive":true,"advancedFilters":[{"values":["runner"],"operatorType":"StringContains","key":"topic"},{"values":["Info"],"operatorType":"StringEndsWith","key":"data.EventData"},{"values":[1.0,2.0,3.0],"operatorType":"NumberIn","key":"data.key1"},{"value":true,"operatorType":"BoolEquals","key":"data.key2"},{"values":["3.0"],"operatorType":"StringContains","key":"dataversion"}]},"labels":["TestLabel1","TestLabel2"],"eventDeliverySchema":"EventGridSchema","retryPolicy":{"eventTimeToLiveInMinutes":1439}},"id":"/subscriptions/00000000-0000-0000-0000-000000000000/resourceGroups/AzureEventGridRunnerRGWestCentralUS/providers/Microsoft.EventGrid/topics/eg-latency-runner-topic-west-central-us/providers/Microsoft.EventGrid/eventSubscriptions/eg-latency-runner-subscription-west-central-us","name":"eg-latency-runner-subscription-west-central-us","type":"Microsoft.EventGrid/eventSubscriptions"},{"properties":{"topic":"/subscriptions/00000000-0000-0000-0000-000000000000/resourceGroups/azureeventgridrunnerrgwestcentralus/providers/microsoft.eventgrid/topics/eg-latency-runner-topic-eg-prod-uswc-002","provisioningState":"Succeeded","destination":{"properties":{"resourceId":"/subscriptions/00000000-0000-0000-0000-000000000000/resourceGroups/AzureEventGridRunnerRGWestCentralUS/providers/Microsoft.EventHub/namespaces/egrunnereventhubnamespacewestcentralus/eventhubs/eglatencyrunnereventhub-eg-prod-uswc-002"},"endpointType":"EventHub"},"filter":{"subjectBeginsWith":"Subject","subjectEndsWith":"","isSubjectCaseSensitive":true,"advancedFilters":[{"values":["runner"],"operatorType":"StringContains","key":"topic"},{"values":["Info"],"operatorType":"StringEndsWith","key":"data.EventData"},{"values":[1.0,2.0,3.0],"operatorType":"NumberIn","key":"data.key1"},{"value":true,"operatorType":"BoolEquals","key":"data.key2"},{"values":["3.0"],"operatorType":"StringContains","key":"dataversion"}]},"labels":["TestLabel1","TestLabel2"],"eventDeliverySchema":"EventGridSchema","retryPolicy":{"eventTimeToLiveInMinutes":1439}},"id":"/subscriptions/00000000-0000-0000-0000-000000000000/resourceGroups/AzureEventGridRunnerRGWestCentralUS/providers/Microsoft.EventGrid/topics/eg-latency-runner-topic-eg-prod-uswc-002/providers/Microsoft.EventGrid/eventSubscriptions/eg-latency-runner-subscription-eg-prod-uswc-002","name":"eg-latency-runner-subscription-eg-prod-uswc-002","type":"Microsoft.EventGrid/eventSubscriptions"},{"properties":{"topic":"/subscriptions/00000000-0000-0000-0000-000000000000/resourceGroups/azureeventgridrunnerrgwestcentralus/providers/microsoft.eventgrid/topics/eg-latency-runner-topic-eg-prod-uswc-003","provisioningState":"Succeeded","destination":{"properties":{"resourceId":"/subscriptions/00000000-0000-0000-0000-000000000000/resourceGroups/AzureEventGridRunnerRGWestCentralUS/providers/Microsoft.EventHub/namespaces/egrunnereventhubnamespacewestcentralus/eventhubs/eglatencyrunnereventhub-eg-prod-uswc-003"},"endpointType":"EventHub"},"filter":{"subjectBeginsWith":"Subject","subjectEndsWith":"","isSubjectCaseSensitive":true,"advancedFilters":[{"values":["runner"],"operatorType":"StringContains","key":"topic"},{"values":["Info"],"operatorType":"StringEndsWith","key":"data.EventData"},{"values":[1.0,2.0,3.0],"operatorType":"NumberIn","key":"data.key1"},{"value":true,"operatorType":"BoolEquals","key":"data.key2"},{"values":["3.0"],"operatorType":"StringContains","key":"dataversion"}]},"labels":["TestLabel1","TestLabel2"],"eventDeliverySchema":"EventGridSchema","retryPolicy":{"eventTimeToLiveInMinutes":1439}},"id":"/subscriptions/00000000-0000-0000-0000-000000000000/resourceGroups/AzureEventGridRunnerRGWestCentralUS/providers/Microsoft.EventGrid/topics/eg-latency-runner-topic-eg-prod-uswc-003/providers/Microsoft.EventGrid/eventSubscriptions/eg-latency-runner-subscription-eg-prod-uswc-003","name":"eg-latency-runner-subscription-eg-prod-uswc-003","type":"Microsoft.EventGrid/eventSubscriptions"},{"properties":{"topic":"/subscriptions/00000000-0000-0000-0000-000000000000/resourceGroups/azureeventgridrunnerrgwestcentralus/providers/microsoft.eventgrid/topics/eg-latency-runner-topic-eg-prod-uswc-01","provisioningState":"Succeeded","destination":{"properties":{"resourceId":"/subscriptions/00000000-0000-0000-0000-000000000000/resourceGroups/AzureEventGridRunnerRGWestCentralUS/providers/Microsoft.EventHub/namespaces/egrunnereventhubnamespacewestcentralus/eventhubs/eglatencyrunnereventhub-eg-prod-uswc-01"},"endpointType":"EventHub"},"filter":{"subjectBeginsWith":"Subject","subjectEndsWith":"","isSubjectCaseSensitive":true,"advancedFilters":[{"values":["runner"],"operatorType":"StringContains","key":"topic"},{"values":["Info"],"operatorType":"StringEndsWith","key":"data.EventData"},{"values":[1.0,2.0,3.0],"operatorType":"NumberIn","key":"data.key1"},{"value":true,"operatorType":"BoolEquals","key":"data.key2"},{"values":["3.0"],"operatorType":"StringContains","key":"dataversion"}]},"labels":["TestLabel1","TestLabel2"],"eventDeliverySchema":"EventGridSchema","retryPolicy":{"eventTimeToLiveInMinutes":1439}},"id":"/subscriptions/00000000-0000-0000-0000-000000000000/resourceGroups/AzureEventGridRunnerRGWestCentralUS/providers/Microsoft.EventGrid/topics/eg-latency-runner-topic-eg-prod-uswc-01/providers/Microsoft.EventGrid/eventSubscriptions/eg-latency-runner-subscription-eg-prod-uswc-01","name":"eg-latency-runner-subscription-eg-prod-uswc-01","type":"Microsoft.EventGrid/eventSubscriptions"},{"properties":{"topic":"/subscriptions/00000000-0000-0000-0000-000000000000/resourceGroups/azureeventgridrunnerrgwestcentralus/providers/microsoft.eventgrid/topics/eg-crud-runner-topic-9e81fd7b-west-central-us","provisioningState":"Succeeded","destination":{"properties":{"resourceId":"/subscriptions/00000000-0000-0000-0000-000000000000/resourceGroups/AzureEventGridRunnerRGWestCentralUS/providers/Microsoft.EventHub/namespaces/egrunnereventhubnamespacewestcentralus/eventhubs/egoperationrunnereventhubwestcentralus"},"endpointType":"EventHub"},"filter":{"subjectBeginsWith":"Subject","subjectEndsWith":"","isSubjectCaseSensitive":true,"advancedFilters":[{"values":["runner"],"operatorType":"StringContains","key":"topic"},{"values":["Info"],"operatorType":"StringEndsWith","key":"data.EventData"},{"values":[1.0,2.0,3.0],"operatorType":"NumberIn","key":"data.key1"},{"value":true,"operatorType":"BoolEquals","key":"data.key2"},{"values":["3.0"],"operatorType":"StringContains","key":"dataversion"}]},"labels":["TestLabel1","TestLabel2"],"eventDeliverySchema":"EventGridSchema","retryPolicy":{"maxDeliveryAttempts":30,"eventTimeToLiveInMinutes":1439},"deadLetterDestination":{"properties":{"resourceId":"/subscriptions/00000000-0000-0000-0000-000000000000/resourcegroups/AzureEventGridRunnerRGWestCentralUS/providers/Microsoft.Storage/storageAccounts/egrunnerstgwestcentralus","blobContainerName":"egrunnerstgdlqcentralus"},"endpointType":"StorageBlob"}},"id":"/subscriptions/00000000-0000-0000-0000-000000000000/resourceGroups/AzureEventGridRunnerRGWestCentralUS/providers/Microsoft.EventGrid/topics/eg-crud-runner-topic-9e81fd7b-West-Central-US/providers/Microsoft.EventGrid/eventSubscriptions/eg-crud-runner-subscription-8d7764d2-West-Central-US","name":"eg-crud-runner-subscription-8d7764d2-West-Central-US","type":"Microsoft.EventGrid/eventSubscriptions"},{"properties":{"topic":"/subscriptions/00000000-0000-0000-0000-000000000000/resourceGroups/azureeventgridrunnerrgwestcentralus/providers/microsoft.eventgrid/topics/eglatencyrunnerqueuetopicwestcentralus","provisioningState":"Succeeded","destination":{"properties":{"resourceId":"/subscriptions/00000000-0000-0000-0000-000000000000/resourcegroups/AzureEventGridRunnerRGWestCentralUS/providers/Microsoft.Storage/storageAccounts/egrunnerstgwestcentralus","queueName":"egltcyrunnerstgqueuedestinationcentralus"},"endpointType":"StorageQueue"},"filter":{"subjectBeginsWith":"Subject","subjectEndsWith":"","isSubjectCaseSensitive":true,"advancedFilters":[{"values":["runner"],"operatorType":"StringContains","key":"topic"},{"values":["Info"],"operatorType":"StringEndsWith","key":"data.EventData"},{"values":[1.0,2.0,3.0],"operatorType":"NumberIn","key":"data.key1"},{"value":true,"operatorType":"BoolEquals","key":"data.key2"},{"values":["3.0"],"operatorType":"StringContains","key":"dataversion"}]},"labels":["TestLabel1","TestLabel2"],"eventDeliverySchema":"EventGridSchema","retryPolicy":{"eventTimeToLiveInMinutes":1439},"deadLetterDestination":{"properties":{"resourceId":"/subscriptions/00000000-0000-0000-0000-000000000000/resourcegroups/AzureEventGridRunnerRGWestCentralUS/providers/Microsoft.Storage/storageAccounts/egrunnerstgwestcentralus","blobContainerName":"egltcyrunnerstgdlqcentralus"},"endpointType":"StorageBlob"}},"id":"/subscriptions/00000000-0000-0000-0000-000000000000/resourceGroups/AzureEventGridRunnerRGWestCentralUS/providers/Microsoft.EventGrid/topics/eglatencyrunnerqueuetopicwestcentralus/providers/Microsoft.EventGrid/eventSubscriptions/eglatencyrunnerqueuesubscriptionwestcentralus","name":"eglatencyrunnerqueuesubscriptionwestcentralus","type":"Microsoft.EventGrid/eventSubscriptions"},{"properties":{"topic":"/subscriptions/00000000-0000-0000-0000-000000000000/resourceGroups/azureeventgridrunnerrgwestcentralus/providers/microsoft.eventgrid/topics/eg-latency-runner-topic-eg-prod-uswc-02","provisioningState":"Succeeded","destination":{"properties":{"resourceId":"/subscriptions/00000000-0000-0000-0000-000000000000/resourceGroups/AzureEventGridRunnerRGWestCentralUS/providers/Microsoft.EventHub/namespaces/egrunnereventhubnamespacewestcentralus-1/eventhubs/eglatencyrunnereventhub-eg-prod-uswc-02"},"endpointType":"EventHub"},"filter":{"subjectBeginsWith":"Subject","subjectEndsWith":"","isSubjectCaseSensitive":true,"advancedFilters":[{"values":["runner"],"operatorType":"StringContains","key":"topic"},{"values":["Info"],"operatorType":"StringEndsWith","key":"data.EventData"},{"values":[1.0,2.0,3.0],"operatorType":"NumberIn","key":"data.key1"},{"value":true,"operatorType":"BoolEquals","key":"data.key2"},{"values":["3.0"],"operatorType":"StringContains","key":"dataversion"}]},"labels":["TestLabel1","TestLabel2"],"eventDeliverySchema":"EventGridSchema","retryPolicy":{"eventTimeToLiveInMinutes":1439}},"id":"/subscriptions/00000000-0000-0000-0000-000000000000/resourceGroups/AzureEventGridRunnerRGWestCentralUS/providers/Microsoft.EventGrid/topics/eg-latency-runner-topic-eg-prod-uswc-02/providers/Microsoft.EventGrid/eventSubscriptions/eg-latency-runner-subscription-eg-prod-uswc-02","name":"eg-latency-runner-subscription-eg-prod-uswc-02","type":"Microsoft.EventGrid/eventSubscriptions"},{"properties":{"topic":"/subscriptions/00000000-0000-0000-0000-000000000000/resourceGroups/azureeventgridrunnerrgwestcentralus/providers/microsoft.eventgrid/topics/eg-latency-runner-topic-eg-prod-uswc-03","provisioningState":"Succeeded","destination":{"properties":{"resourceId":"/subscriptions/00000000-0000-0000-0000-000000000000/resourceGroups/AzureEventGridRunnerRGWestCentralUS/providers/Microsoft.EventHub/namespaces/egrunnereventhubnamespacewestcentralus-1/eventhubs/eglatencyrunnereventhub-eg-prod-uswc-03"},"endpointType":"EventHub"},"filter":{"subjectBeginsWith":"Subject","subjectEndsWith":"","isSubjectCaseSensitive":true,"advancedFilters":[{"values":["runner"],"operatorType":"StringContains","key":"topic"},{"values":["Info"],"operatorType":"StringEndsWith","key":"data.EventData"},{"values":[1.0,2.0,3.0],"operatorType":"NumberIn","key":"data.key1"},{"value":true,"operatorType":"BoolEquals","key":"data.key2"},{"values":["3.0"],"operatorType":"StringContains","key":"dataversion"}]},"labels":["TestLabel1","TestLabel2"],"eventDeliverySchema":"EventGridSchema","retryPolicy":{"eventTimeToLiveInMinutes":1439}},"id":"/subscriptions/00000000-0000-0000-0000-000000000000/resourceGroups/AzureEventGridRunnerRGWestCentralUS/providers/Microsoft.EventGrid/topics/eg-latency-runner-topic-eg-prod-uswc-03/providers/Microsoft.EventGrid/eventSubscriptions/eg-latency-runner-subscription-eg-prod-uswc-03","name":"eg-latency-runner-subscription-eg-prod-uswc-03","type":"Microsoft.EventGrid/eventSubscriptions"},{"properties":{"topic":"/subscriptions/00000000-0000-0000-0000-000000000000/resourceGroups/azureeventgridrunnerrgwestcentralus/providers/microsoft.eventgrid/topics/egcrudrunnerqueuetopice92621e6westcentralus","provisioningState":"Succeeded","destination":{"properties":{"resourceId":"/subscriptions/00000000-0000-0000-0000-000000000000/resourcegroups/AzureEventGridRunnerRGWestCentralUS/providers/Microsoft.Storage/storageAccounts/egrunnerstgwestcentralus","queueName":"egrunnerstgqueuedestinationcentralus"},"endpointType":"StorageQueue"},"filter":{"subjectBeginsWith":"Subject","subjectEndsWith":"","isSubjectCaseSensitive":true,"advancedFilters":[{"values":["runner"],"operatorType":"StringContains","key":"topic"},{"values":["Info"],"operatorType":"StringEndsWith","key":"data.EventData"},{"values":[1.0,2.0,3.0],"operatorType":"NumberIn","key":"data.key1"},{"value":true,"operatorType":"BoolEquals","key":"data.key2"},{"values":["3.0"],"operatorType":"StringContains","key":"dataversion"}]},"labels":["NewTestLabel1","NewTestLabel2","NewTestLabel3"],"eventDeliverySchema":"EventGridSchema","retryPolicy":{"eventTimeToLiveInMinutes":1438},"deadLetterDestination":{"properties":{"resourceId":"/subscriptions/00000000-0000-0000-0000-000000000000/resourcegroups/AzureEventGridRunnerRGWestCentralUS/providers/Microsoft.Storage/storageAccounts/egrunnerstgwestcentralus","blobContainerName":"egrunnerstgdlqcentralus"},"endpointType":"StorageBlob"}},"id":"/subscriptions/00000000-0000-0000-0000-000000000000/resourceGroups/AzureEventGridRunnerRGWestCentralUS/providers/Microsoft.EventGrid/topics/egcrudrunnerqueuetopice92621e6WestCentralUS/providers/Microsoft.EventGrid/eventSubscriptions/eg-crud-runner-subscription-93552f4b-West-Central-US","name":"eg-crud-runner-subscription-93552f4b-West-Central-US","type":"Microsoft.EventGrid/eventSubscriptions"},{"properties":{"topic":"/subscriptions/00000000-0000-0000-0000-000000000000/resourceGroups/clitest.rg000001/providers/microsoft.eventgrid/topics/cli000002","provisioningState":"Succeeded","destination":{"properties":{"endpointUrl":null,"endpointBaseUrl":"https://devexpfuncappdestination.azurewebsites.net/runtime/webhooks/EventGrid"},"endpointType":"WebHook"},"filter":{"subjectBeginsWith":"","subjectEndsWith":""},"labels":null,"eventDeliverySchema":"EventGridSchema","retryPolicy":{"maxDeliveryAttempts":30,"eventTimeToLiveInMinutes":1440}},"id":"/subscriptions/00000000-0000-0000-0000-000000000000/resourceGroups/clitest.rg000001/providers/Microsoft.EventGrid/topics/cli000002/providers/Microsoft.EventGrid/eventSubscriptions/cli000005","name":"cli000005","type":"Microsoft.EventGrid/eventSubscriptions"},{"properties":{"topic":"/subscriptions/00000000-0000-0000-0000-000000000000/resourceGroups/azureeventgridrunnerrgwestcentralus/providers/microsoft.eventgrid/topics/egcrudrunnertopic65ba7cb8westcentralus","provisioningState":"Succeeded","destination":{"properties":{"resourceId":"/subscriptions/00000000-0000-0000-0000-000000000000/resourceGroups/AzureEventGridRunnerRGWestCentralUS/providers/Microsoft.EventHub/namespaces/egrunnereventhubnamespacewestcentralus/eventhubs/egoperationrunnereventhubwestcentralus"},"endpointType":"EventHub"},"filter":{"subjectBeginsWith":"Subject","subjectEndsWith":"","isSubjectCaseSensitive":true,"advancedFilters":[{"values":["runner"],"operatorType":"StringContains","key":"topic"},{"values":["Info"],"operatorType":"StringEndsWith","key":"data.EventData"},{"values":[1.0,2.0,3.0],"operatorType":"NumberIn","key":"data.key1"},{"value":true,"operatorType":"BoolEquals","key":"data.key2"},{"values":["3.0"],"operatorType":"StringContains","key":"dataversion"}]},"labels":["NewTestLabel1","NewTestLabel2","NewTestLabel3"],"eventDeliverySchema":"EventGridSchema","retryPolicy":{"eventTimeToLiveInMinutes":1438},"deadLetterDestination":{"properties":{"resourceId":"/subscriptions/00000000-0000-0000-0000-000000000000/resourcegroups/AzureEventGridRunnerRGWestCentralUS/providers/Microsoft.Storage/storageAccounts/egrunnerstgwestcentralus","blobContainerName":"egrunnerstgdlqcentralus"},"endpointType":"StorageBlob"}},"id":"/subscriptions/00000000-0000-0000-0000-000000000000/resourceGroups/AzureEventGridRunnerRGWestCentralUS/providers/Microsoft.EventGrid/topics/egcrudrunnertopic65ba7cb8WestCentralUS/providers/Microsoft.EventGrid/eventSubscriptions/eg-crud-runner-subscription-c05b7c42-West-Central-US","name":"eg-crud-runner-subscription-c05b7c42-West-Central-US","type":"Microsoft.EventGrid/eventSubscriptions"}]}'
    headers:
      cache-control:
      - no-cache
      content-length:
      - '20652'
      content-type:
      - application/json; charset=utf-8
      date:
      - Fri, 31 May 2019 22:15:02 GMT
      expires:
      - '-1'
      pragma:
      - no-cache
      server:
      - Microsoft-HTTPAPI/2.0
      strict-transport-security:
      - max-age=31536000; includeSubDomains
      transfer-encoding:
      - chunked
      vary:
      - Accept-Encoding
      x-content-type-options:
      - nosniff
    status:
      code: 200
      message: OK
- request:
    body: null
    headers:
      Accept:
      - application/json
      Accept-Encoding:
      - gzip, deflate
      CommandName:
      - eventgrid event-subscription list
      Connection:
      - keep-alive
      ParameterSetName:
      - --topic-type --location --odata-query
      User-Agent:
      - python/3.7.3 (Windows-10-10.0.18362-SP0) msrest/0.6.6 msrest_azure/0.6.0 azure-mgmt-eventgrid/2019-02-01-preview
        Azure-SDK-For-Python AZURECLI/2.0.65
      accept-language:
      - en-US
    method: GET
    uri: https://management.azure.com/subscriptions/00000000-0000-0000-0000-000000000000/providers/Microsoft.EventGrid/locations/westcentralus/topicTypes/Microsoft.EventGrid.Topics/eventSubscriptions?api-version=2019-02-01-preview&$filter=CONTAINS%28name%2C%27cli000005%27%29&$top=100
  response:
    body:
      string: '{"value":[{"properties":{"topic":"/subscriptions/00000000-0000-0000-0000-000000000000/resourceGroups/clitest.rg000001/providers/microsoft.eventgrid/topics/cli000002","provisioningState":"Succeeded","destination":{"properties":{"endpointUrl":null,"endpointBaseUrl":"https://devexpfuncappdestination.azurewebsites.net/runtime/webhooks/EventGrid"},"endpointType":"WebHook"},"filter":{"subjectBeginsWith":"","subjectEndsWith":""},"labels":null,"eventDeliverySchema":"EventGridSchema","retryPolicy":{"maxDeliveryAttempts":30,"eventTimeToLiveInMinutes":1440}},"id":"/subscriptions/00000000-0000-0000-0000-000000000000/resourceGroups/clitest.rg000001/providers/Microsoft.EventGrid/topics/cli000002/providers/Microsoft.EventGrid/eventSubscriptions/cli000005","name":"cli000005","type":"Microsoft.EventGrid/eventSubscriptions"}]}'
    headers:
      cache-control:
      - no-cache
      content-length:
      - '1062'
      content-type:
      - application/json; charset=utf-8
      date:
      - Fri, 31 May 2019 22:15:02 GMT
      expires:
      - '-1'
      pragma:
      - no-cache
      server:
      - Microsoft-HTTPAPI/2.0
      strict-transport-security:
      - max-age=31536000; includeSubDomains
      transfer-encoding:
      - chunked
      vary:
      - Accept-Encoding
      x-content-type-options:
      - nosniff
    status:
      code: 200
      message: OK
- request:
    body: null
    headers:
      Accept:
      - application/json
      Accept-Encoding:
      - gzip, deflate
      CommandName:
      - eventgrid event-subscription delete
      Connection:
      - keep-alive
      Content-Length:
      - '0'
      ParameterSetName:
      - --source-resource-id --name
      User-Agent:
      - python/3.7.3 (Windows-10-10.0.18362-SP0) msrest/0.6.6 msrest_azure/0.6.0 azure-mgmt-eventgrid/2019-02-01-preview
        Azure-SDK-For-Python AZURECLI/2.0.65
      accept-language:
      - en-US
    method: DELETE
    uri: https://management.azure.com/subscriptions/00000000-0000-0000-0000-000000000000/resourceGroups/clitest.rg000001/providers/Microsoft.EventGrid/topics/cli000002/providers/Microsoft.EventGrid/eventSubscriptions/cli000005?api-version=2019-02-01-preview
  response:
    body:
      string: ''
    headers:
      cache-control:
      - no-cache
      content-length:
      - '0'
      date:
      - Fri, 31 May 2019 22:15:03 GMT
      expires:
      - '-1'
      location:
      - https://management.azure.com/subscriptions/00000000-0000-0000-0000-000000000000/providers/Microsoft.EventGrid/locations/westcentralus/operationResults/1A2EC8B0-2C99-4E09-91EE-728A25042C78?api-version=2019-02-01-preview
      pragma:
      - no-cache
      server:
      - Microsoft-HTTPAPI/2.0
      strict-transport-security:
      - max-age=31536000; includeSubDomains
      x-content-type-options:
      - nosniff
      x-ms-ratelimit-remaining-subscription-deletes:
      - '14999'
    status:
      code: 202
      message: Accepted
- request:
    body: null
    headers:
      Accept:
      - application/json
      Accept-Encoding:
      - gzip, deflate
      CommandName:
      - eventgrid event-subscription delete
      Connection:
      - keep-alive
      ParameterSetName:
      - --source-resource-id --name
      User-Agent:
      - python/3.7.3 (Windows-10-10.0.18362-SP0) msrest/0.6.6 msrest_azure/0.6.0 azure-mgmt-eventgrid/2019-02-01-preview
        Azure-SDK-For-Python AZURECLI/2.0.65
    method: GET
    uri: https://management.azure.com/subscriptions/00000000-0000-0000-0000-000000000000/providers/Microsoft.EventGrid/locations/westcentralus/operationResults/1A2EC8B0-2C99-4E09-91EE-728A25042C78?api-version=2019-02-01-preview
  response:
    body:
      string: ''
    headers:
      cache-control:
      - no-cache
      content-length:
      - '0'
      date:
      - Fri, 31 May 2019 22:15:13 GMT
      expires:
      - '-1'
      pragma:
      - no-cache
      server:
      - Microsoft-HTTPAPI/2.0
      strict-transport-security:
      - max-age=31536000; includeSubDomains
      x-content-type-options:
      - nosniff
    status:
      code: 200
      message: OK
- request:
    body: '{"properties": {"destination": {"endpointType": "WebHook", "properties":
      {"endpointUrl": "https://devexpfuncappdestination.azurewebsites.net/runtime/webhooks/EventGrid?functionName=EventGridTrigger1&code=<HIDDEN>"}},
      "filter": {"isSubjectCaseSensitive": false}, "retryPolicy": {"maxDeliveryAttempts":
      30, "eventTimeToLiveInMinutes": 1440}}}'
    headers:
      Accept:
      - application/json
      Accept-Encoding:
      - gzip, deflate
      CommandName:
      - eventgrid event-subscription create
      Connection:
      - keep-alive
      Content-Length:
      - '388'
      Content-Type:
      - application/json; charset=utf-8
      ParameterSetName:
      - --topic-name -g --name --endpoint
      User-Agent:
      - python/3.7.3 (Windows-10-10.0.18362-SP0) msrest/0.6.6 msrest_azure/0.6.0 azure-mgmt-eventgrid/2019-02-01-preview
        Azure-SDK-For-Python AZURECLI/2.0.65
      accept-language:
      - en-US
    method: PUT
    uri: https://management.azure.com/subscriptions/00000000-0000-0000-0000-000000000000/resourceGroups/clitest.rg000001/providers/Microsoft.EventGrid/topics/cli000002/providers/Microsoft.EventGrid/eventSubscriptions/cli000005?api-version=2019-02-01-preview
  response:
    body:
      string: '{"properties":{"topic":"/subscriptions/00000000-0000-0000-0000-000000000000/resourceGroups/clitest.rg000001/providers/microsoft.eventgrid/topics/cli000002","provisioningState":"Creating","destination":{"properties":{"endpointUrl":null,"endpointBaseUrl":"https://devexpfuncappdestination.azurewebsites.net/runtime/webhooks/EventGrid"},"endpointType":"WebHook"},"filter":{},"labels":null,"retryPolicy":{"maxDeliveryAttempts":30,"eventTimeToLiveInMinutes":1440}},"id":"/subscriptions/00000000-0000-0000-0000-000000000000/resourceGroups/clitest.rg000001/providers/Microsoft.EventGrid/topics/cli000002/providers/Microsoft.EventGrid/eventSubscriptions/cli000005","name":"cli000005","type":"Microsoft.EventGrid/eventSubscriptions"}'
    headers:
      azure-asyncoperation:
      - https://management.azure.com:443/subscriptions/00000000-0000-0000-0000-000000000000/providers/Microsoft.EventGrid/locations/westcentralus/operationsStatus/4BF49BF0-09BB-4FE8-A3D0-794AD52953AC?api-version=2019-02-01-preview
      cache-control:
      - no-cache
      content-length:
      - '966'
      content-type:
      - application/json; charset=utf-8
      date:
      - Fri, 31 May 2019 22:15:15 GMT
      expires:
      - '-1'
      pragma:
      - no-cache
      server:
      - Microsoft-HTTPAPI/2.0
      strict-transport-security:
      - max-age=31536000; includeSubDomains
      x-content-type-options:
      - nosniff
      x-ms-ratelimit-remaining-subscription-writes:
      - '1199'
    status:
      code: 201
      message: Created
- request:
    body: null
    headers:
      Accept:
      - application/json
      Accept-Encoding:
      - gzip, deflate
      CommandName:
      - eventgrid event-subscription create
      Connection:
      - keep-alive
      ParameterSetName:
      - --topic-name -g --name --endpoint
      User-Agent:
      - python/3.7.3 (Windows-10-10.0.18362-SP0) msrest/0.6.6 msrest_azure/0.6.0 azure-mgmt-eventgrid/2019-02-01-preview
        Azure-SDK-For-Python AZURECLI/2.0.65
    method: GET
    uri: https://management.azure.com/subscriptions/00000000-0000-0000-0000-000000000000/providers/Microsoft.EventGrid/locations/westcentralus/operationsStatus/4BF49BF0-09BB-4FE8-A3D0-794AD52953AC?api-version=2019-02-01-preview
  response:
    body:
      string: '{"id":"https://management.azure.com/subscriptions/00000000-0000-0000-0000-000000000000/providers/Microsoft.EventGrid/locations/westcentralus/operationsStatus/4BF49BF0-09BB-4FE8-A3D0-794AD52953AC?api-version=2019-02-01-preview","name":"4bf49bf0-09bb-4fe8-a3d0-794ad52953ac","status":"Succeeded"}'
    headers:
      cache-control:
      - no-cache
      content-length:
      - '294'
      content-type:
      - application/json; charset=utf-8
      date:
      - Fri, 31 May 2019 22:15:25 GMT
      expires:
      - '-1'
      pragma:
      - no-cache
      server:
      - Microsoft-HTTPAPI/2.0
      strict-transport-security:
      - max-age=31536000; includeSubDomains
      transfer-encoding:
      - chunked
      vary:
      - Accept-Encoding
      x-content-type-options:
      - nosniff
    status:
      code: 200
      message: OK
- request:
    body: null
    headers:
      Accept:
      - application/json
      Accept-Encoding:
      - gzip, deflate
      CommandName:
      - eventgrid event-subscription create
      Connection:
      - keep-alive
      ParameterSetName:
      - --topic-name -g --name --endpoint
      User-Agent:
      - python/3.7.3 (Windows-10-10.0.18362-SP0) msrest/0.6.6 msrest_azure/0.6.0 azure-mgmt-eventgrid/2019-02-01-preview
        Azure-SDK-For-Python AZURECLI/2.0.65
    method: GET
    uri: https://management.azure.com/subscriptions/00000000-0000-0000-0000-000000000000/resourceGroups/clitest.rg000001/providers/Microsoft.EventGrid/topics/cli000002/providers/Microsoft.EventGrid/eventSubscriptions/cli000005?api-version=2019-02-01-preview
  response:
    body:
      string: '{"properties":{"topic":"/subscriptions/00000000-0000-0000-0000-000000000000/resourceGroups/clitest.rg000001/providers/microsoft.eventgrid/topics/cli000002","provisioningState":"Succeeded","destination":{"properties":{"endpointUrl":null,"endpointBaseUrl":"https://devexpfuncappdestination.azurewebsites.net/runtime/webhooks/EventGrid"},"endpointType":"WebHook"},"filter":{"subjectBeginsWith":"","subjectEndsWith":""},"labels":null,"eventDeliverySchema":"EventGridSchema","retryPolicy":{"maxDeliveryAttempts":30,"eventTimeToLiveInMinutes":1440}},"id":"/subscriptions/00000000-0000-0000-0000-000000000000/resourceGroups/clitest.rg000001/providers/Microsoft.EventGrid/topics/cli000002/providers/Microsoft.EventGrid/eventSubscriptions/cli000005","name":"cli000005","type":"Microsoft.EventGrid/eventSubscriptions"}'
    headers:
      cache-control:
      - no-cache
      content-length:
      - '1050'
      content-type:
      - application/json; charset=utf-8
      date:
      - Fri, 31 May 2019 22:15:25 GMT
      expires:
      - '-1'
      pragma:
      - no-cache
      server:
      - Microsoft-HTTPAPI/2.0
      strict-transport-security:
      - max-age=31536000; includeSubDomains
      transfer-encoding:
      - chunked
      vary:
      - Accept-Encoding
      x-content-type-options:
      - nosniff
    status:
      code: 200
      message: OK
- request:
    body: null
    headers:
      Accept:
      - application/json
      Accept-Encoding:
      - gzip, deflate
      CommandName:
      - eventgrid event-subscription show
      Connection:
      - keep-alive
      ParameterSetName:
      - --topic-name -g --name
      User-Agent:
      - python/3.7.3 (Windows-10-10.0.18362-SP0) msrest/0.6.6 msrest_azure/0.6.0 azure-mgmt-eventgrid/2019-02-01-preview
        Azure-SDK-For-Python AZURECLI/2.0.65
      accept-language:
      - en-US
    method: GET
    uri: https://management.azure.com/subscriptions/00000000-0000-0000-0000-000000000000/resourceGroups/clitest.rg000001/providers/Microsoft.EventGrid/topics/cli000002/providers/Microsoft.EventGrid/eventSubscriptions/cli000005?api-version=2019-02-01-preview
  response:
    body:
      string: '{"properties":{"topic":"/subscriptions/00000000-0000-0000-0000-000000000000/resourceGroups/clitest.rg000001/providers/microsoft.eventgrid/topics/cli000002","provisioningState":"Succeeded","destination":{"properties":{"endpointUrl":null,"endpointBaseUrl":"https://devexpfuncappdestination.azurewebsites.net/runtime/webhooks/EventGrid"},"endpointType":"WebHook"},"filter":{"subjectBeginsWith":"","subjectEndsWith":""},"labels":null,"eventDeliverySchema":"EventGridSchema","retryPolicy":{"maxDeliveryAttempts":30,"eventTimeToLiveInMinutes":1440}},"id":"/subscriptions/00000000-0000-0000-0000-000000000000/resourceGroups/clitest.rg000001/providers/Microsoft.EventGrid/topics/cli000002/providers/Microsoft.EventGrid/eventSubscriptions/cli000005","name":"cli000005","type":"Microsoft.EventGrid/eventSubscriptions"}'
    headers:
      cache-control:
      - no-cache
      content-length:
      - '1050'
      content-type:
      - application/json; charset=utf-8
      date:
      - Fri, 31 May 2019 22:15:26 GMT
      expires:
      - '-1'
      pragma:
      - no-cache
      server:
      - Microsoft-HTTPAPI/2.0
      strict-transport-security:
      - max-age=31536000; includeSubDomains
      transfer-encoding:
      - chunked
      vary:
      - Accept-Encoding
      x-content-type-options:
      - nosniff
    status:
      code: 200
      message: OK
- request:
    body: null
    headers:
      Accept:
      - application/json
      Accept-Encoding:
      - gzip, deflate
      CommandName:
      - eventgrid event-subscription show
      Connection:
      - keep-alive
      ParameterSetName:
      - --topic-name -g --name --include-full-endpoint-url
      User-Agent:
      - python/3.7.3 (Windows-10-10.0.18362-SP0) msrest/0.6.6 msrest_azure/0.6.0 azure-mgmt-eventgrid/2019-02-01-preview
        Azure-SDK-For-Python AZURECLI/2.0.65
      accept-language:
      - en-US
    method: GET
    uri: https://management.azure.com/subscriptions/00000000-0000-0000-0000-000000000000/resourceGroups/clitest.rg000001/providers/Microsoft.EventGrid/topics/cli000002/providers/Microsoft.EventGrid/eventSubscriptions/cli000005?api-version=2019-02-01-preview
  response:
    body:
      string: '{"properties":{"topic":"/subscriptions/00000000-0000-0000-0000-000000000000/resourceGroups/clitest.rg000001/providers/microsoft.eventgrid/topics/cli000002","provisioningState":"Succeeded","destination":{"properties":{"endpointUrl":null,"endpointBaseUrl":"https://devexpfuncappdestination.azurewebsites.net/runtime/webhooks/EventGrid"},"endpointType":"WebHook"},"filter":{"subjectBeginsWith":"","subjectEndsWith":""},"labels":null,"eventDeliverySchema":"EventGridSchema","retryPolicy":{"maxDeliveryAttempts":30,"eventTimeToLiveInMinutes":1440}},"id":"/subscriptions/00000000-0000-0000-0000-000000000000/resourceGroups/clitest.rg000001/providers/Microsoft.EventGrid/topics/cli000002/providers/Microsoft.EventGrid/eventSubscriptions/cli000005","name":"cli000005","type":"Microsoft.EventGrid/eventSubscriptions"}'
    headers:
      cache-control:
      - no-cache
      content-length:
      - '1050'
      content-type:
      - application/json; charset=utf-8
      date:
      - Fri, 31 May 2019 22:15:26 GMT
      expires:
      - '-1'
      pragma:
      - no-cache
      server:
      - Microsoft-HTTPAPI/2.0
      strict-transport-security:
      - max-age=31536000; includeSubDomains
      transfer-encoding:
      - chunked
      vary:
      - Accept-Encoding
      x-content-type-options:
      - nosniff
    status:
      code: 200
      message: OK
- request:
    body: null
    headers:
      Accept:
      - application/json
      Accept-Encoding:
      - gzip, deflate
      CommandName:
      - eventgrid event-subscription show
      Connection:
      - keep-alive
      Content-Length:
      - '0'
      ParameterSetName:
      - --topic-name -g --name --include-full-endpoint-url
      User-Agent:
      - python/3.7.3 (Windows-10-10.0.18362-SP0) msrest/0.6.6 msrest_azure/0.6.0 azure-mgmt-eventgrid/2019-02-01-preview
        Azure-SDK-For-Python AZURECLI/2.0.65
      accept-language:
      - en-US
    method: POST
    uri: https://management.azure.com/subscriptions/00000000-0000-0000-0000-000000000000/resourceGroups/clitest.rg000001/providers/Microsoft.EventGrid/topics/cli000002/providers/Microsoft.EventGrid/eventSubscriptions/cli000005/getFullUrl?api-version=2019-02-01-preview
  response:
    body:
      string: '{"endpointUrl":"https://devexpfuncappdestination.azurewebsites.net/runtime/webhooks/EventGrid?functionName=EventGridTrigger1&code=<HIDDEN>"}'
    headers:
      cache-control:
      - no-cache
      content-length:
      - '188'
      content-type:
      - application/json; charset=utf-8
      date:
      - Fri, 31 May 2019 22:15:26 GMT
      expires:
      - '-1'
      pragma:
      - no-cache
      server:
      - Microsoft-HTTPAPI/2.0
      strict-transport-security:
      - max-age=31536000; includeSubDomains
      transfer-encoding:
      - chunked
      vary:
      - Accept-Encoding
      x-content-type-options:
      - nosniff
      x-ms-ratelimit-remaining-subscription-writes:
      - '1199'
    status:
      code: 200
      message: OK
- request:
    body: null
    headers:
      Accept:
      - application/json
      Accept-Encoding:
      - gzip, deflate
      CommandName:
      - eventgrid event-subscription update
      Connection:
      - keep-alive
      ParameterSetName:
      - --topic-name -g --name --endpoint
      User-Agent:
      - python/3.7.3 (Windows-10-10.0.18362-SP0) msrest/0.6.6 msrest_azure/0.6.0 azure-mgmt-eventgrid/2019-02-01-preview
        Azure-SDK-For-Python AZURECLI/2.0.65
      accept-language:
      - en-US
    method: GET
    uri: https://management.azure.com/subscriptions/00000000-0000-0000-0000-000000000000/resourceGroups/clitest.rg000001/providers/Microsoft.EventGrid/topics/cli000002/providers/Microsoft.EventGrid/eventSubscriptions/cli000005?api-version=2019-02-01-preview
  response:
    body:
      string: '{"properties":{"topic":"/subscriptions/00000000-0000-0000-0000-000000000000/resourceGroups/clitest.rg000001/providers/microsoft.eventgrid/topics/cli000002","provisioningState":"Succeeded","destination":{"properties":{"endpointUrl":null,"endpointBaseUrl":"https://devexpfuncappdestination.azurewebsites.net/runtime/webhooks/EventGrid"},"endpointType":"WebHook"},"filter":{"subjectBeginsWith":"","subjectEndsWith":""},"labels":null,"eventDeliverySchema":"EventGridSchema","retryPolicy":{"maxDeliveryAttempts":30,"eventTimeToLiveInMinutes":1440}},"id":"/subscriptions/00000000-0000-0000-0000-000000000000/resourceGroups/clitest.rg000001/providers/Microsoft.EventGrid/topics/cli000002/providers/Microsoft.EventGrid/eventSubscriptions/cli000005","name":"cli000005","type":"Microsoft.EventGrid/eventSubscriptions"}'
    headers:
      cache-control:
      - no-cache
      content-length:
      - '1050'
      content-type:
      - application/json; charset=utf-8
      date:
      - Fri, 31 May 2019 22:15:27 GMT
      expires:
      - '-1'
      pragma:
      - no-cache
      server:
      - Microsoft-HTTPAPI/2.0
      strict-transport-security:
      - max-age=31536000; includeSubDomains
      transfer-encoding:
      - chunked
      vary:
      - Accept-Encoding
      x-content-type-options:
      - nosniff
    status:
      code: 200
      message: OK
- request:
    body: '{"destination": {"endpointType": "WebHook", "properties": {"endpointUrl":
      "https://devexpfuncappdestination.azurewebsites.net/runtime/webhooks/EventGrid?functionName=EventGridTrigger1&code=<HIDDEN>"}},
      "filter": {"subjectBeginsWith": "", "subjectEndsWith": ""}, "eventDeliverySchema":
      "EventGridSchema", "retryPolicy": {"maxDeliveryAttempts": 30, "eventTimeToLiveInMinutes":
      1440}}'
    headers:
      Accept:
      - application/json
      Accept-Encoding:
      - gzip, deflate
      CommandName:
      - eventgrid event-subscription update
      Connection:
      - keep-alive
      Content-Length:
      - '429'
      Content-Type:
      - application/json; charset=utf-8
      ParameterSetName:
      - --topic-name -g --name --endpoint
      User-Agent:
      - python/3.7.3 (Windows-10-10.0.18362-SP0) msrest/0.6.6 msrest_azure/0.6.0 azure-mgmt-eventgrid/2019-02-01-preview
        Azure-SDK-For-Python AZURECLI/2.0.65
      accept-language:
      - en-US
    method: PATCH
    uri: https://management.azure.com/subscriptions/00000000-0000-0000-0000-000000000000/resourceGroups/clitest.rg000001/providers/Microsoft.EventGrid/topics/cli000002/providers/Microsoft.EventGrid/eventSubscriptions/cli000005?api-version=2019-02-01-preview
  response:
    body:
      string: '{"properties":{"topic":"/subscriptions/00000000-0000-0000-0000-000000000000/resourceGroups/clitest.rg000001/providers/microsoft.eventgrid/topics/cli000002","provisioningState":"Updating","destination":{"properties":{"endpointUrl":null,"endpointBaseUrl":"https://devexpfuncappdestination.azurewebsites.net/runtime/webhooks/EventGrid"},"endpointType":"WebHook"},"filter":{"subjectBeginsWith":"","subjectEndsWith":""},"labels":null,"eventDeliverySchema":"EventGridSchema","retryPolicy":{"maxDeliveryAttempts":30,"eventTimeToLiveInMinutes":1440}},"id":"/subscriptions/00000000-0000-0000-0000-000000000000/resourceGroups/clitest.rg000001/providers/Microsoft.EventGrid/topics/cli000002/providers/Microsoft.EventGrid/eventSubscriptions/cli000005","name":"cli000005","type":"Microsoft.EventGrid/eventSubscriptions"}'
    headers:
      azure-asyncoperation:
      - https://management.azure.com:443/subscriptions/00000000-0000-0000-0000-000000000000/providers/Microsoft.EventGrid/locations/westcentralus/operationsStatus/308D05A9-C7E4-452D-AD66-58E4100C2E71?api-version=2019-02-01-preview
      cache-control:
      - no-cache
      content-length:
      - '1049'
      content-type:
      - application/json; charset=utf-8
      date:
      - Fri, 31 May 2019 22:15:28 GMT
      expires:
      - '-1'
      pragma:
      - no-cache
      server:
      - Microsoft-HTTPAPI/2.0
      strict-transport-security:
      - max-age=31536000; includeSubDomains
      x-content-type-options:
      - nosniff
      x-ms-ratelimit-remaining-subscription-writes:
      - '1199'
    status:
      code: 201
      message: Created
- request:
    body: null
    headers:
      Accept:
      - application/json
      Accept-Encoding:
      - gzip, deflate
      CommandName:
      - eventgrid event-subscription update
      Connection:
      - keep-alive
      ParameterSetName:
      - --topic-name -g --name --endpoint
      User-Agent:
      - python/3.7.3 (Windows-10-10.0.18362-SP0) msrest/0.6.6 msrest_azure/0.6.0 azure-mgmt-eventgrid/2019-02-01-preview
        Azure-SDK-For-Python AZURECLI/2.0.65
    method: GET
    uri: https://management.azure.com/subscriptions/00000000-0000-0000-0000-000000000000/providers/Microsoft.EventGrid/locations/westcentralus/operationsStatus/308D05A9-C7E4-452D-AD66-58E4100C2E71?api-version=2019-02-01-preview
  response:
    body:
      string: '{"id":"https://management.azure.com/subscriptions/00000000-0000-0000-0000-000000000000/providers/Microsoft.EventGrid/locations/westcentralus/operationsStatus/308D05A9-C7E4-452D-AD66-58E4100C2E71?api-version=2019-02-01-preview","name":"308d05a9-c7e4-452d-ad66-58e4100c2e71","status":"Succeeded"}'
    headers:
      cache-control:
      - no-cache
      content-length:
      - '294'
      content-type:
      - application/json; charset=utf-8
      date:
      - Fri, 31 May 2019 22:15:58 GMT
      expires:
      - '-1'
      pragma:
      - no-cache
      server:
      - Microsoft-HTTPAPI/2.0
      strict-transport-security:
      - max-age=31536000; includeSubDomains
      transfer-encoding:
      - chunked
      vary:
      - Accept-Encoding
      x-content-type-options:
      - nosniff
    status:
      code: 200
      message: OK
- request:
    body: null
    headers:
      Accept:
      - application/json
      Accept-Encoding:
      - gzip, deflate
      CommandName:
      - eventgrid event-subscription update
      Connection:
      - keep-alive
      ParameterSetName:
      - --topic-name -g --name --endpoint
      User-Agent:
      - python/3.7.3 (Windows-10-10.0.18362-SP0) msrest/0.6.6 msrest_azure/0.6.0 azure-mgmt-eventgrid/2019-02-01-preview
        Azure-SDK-For-Python AZURECLI/2.0.65
    method: GET
    uri: https://management.azure.com/subscriptions/00000000-0000-0000-0000-000000000000/resourceGroups/clitest.rg000001/providers/Microsoft.EventGrid/topics/cli000002/providers/Microsoft.EventGrid/eventSubscriptions/cli000005?api-version=2019-02-01-preview
  response:
    body:
      string: '{"properties":{"topic":"/subscriptions/00000000-0000-0000-0000-000000000000/resourceGroups/clitest.rg000001/providers/microsoft.eventgrid/topics/cli000002","provisioningState":"Succeeded","destination":{"properties":{"endpointUrl":null,"endpointBaseUrl":"https://devexpfuncappdestination.azurewebsites.net/runtime/webhooks/EventGrid"},"endpointType":"WebHook"},"filter":{"subjectBeginsWith":"","subjectEndsWith":""},"labels":null,"eventDeliverySchema":"EventGridSchema","retryPolicy":{"maxDeliveryAttempts":30,"eventTimeToLiveInMinutes":1440}},"id":"/subscriptions/00000000-0000-0000-0000-000000000000/resourceGroups/clitest.rg000001/providers/Microsoft.EventGrid/topics/cli000002/providers/Microsoft.EventGrid/eventSubscriptions/cli000005","name":"cli000005","type":"Microsoft.EventGrid/eventSubscriptions"}'
    headers:
      cache-control:
      - no-cache
      content-length:
      - '1050'
      content-type:
      - application/json; charset=utf-8
      date:
      - Fri, 31 May 2019 22:15:58 GMT
      expires:
      - '-1'
      pragma:
      - no-cache
      server:
      - Microsoft-HTTPAPI/2.0
      strict-transport-security:
      - max-age=31536000; includeSubDomains
      transfer-encoding:
      - chunked
      vary:
      - Accept-Encoding
      x-content-type-options:
      - nosniff
    status:
      code: 200
      message: OK
- request:
    body: null
    headers:
      Accept:
      - application/json
      Accept-Encoding:
      - gzip, deflate
      CommandName:
      - eventgrid event-subscription list
      Connection:
      - keep-alive
      ParameterSetName:
      - --topic-name --resource-group
      User-Agent:
      - python/3.7.3 (Windows-10-10.0.18362-SP0) msrest/0.6.6 msrest_azure/0.6.0 azure-mgmt-eventgrid/2019-02-01-preview
        Azure-SDK-For-Python AZURECLI/2.0.65
      accept-language:
      - en-US
    method: GET
    uri: https://management.azure.com/subscriptions/00000000-0000-0000-0000-000000000000/resourceGroups/clitest.rg000001/providers/Microsoft.EventGrid/topics/cli000002/providers/Microsoft.EventGrid/eventSubscriptions?api-version=2019-02-01-preview&$top=100
  response:
    body:
      string: '{"value":[{"properties":{"topic":"/subscriptions/00000000-0000-0000-0000-000000000000/resourceGroups/clitest.rg000001/providers/microsoft.eventgrid/topics/cli000002","provisioningState":"Succeeded","destination":{"properties":{"endpointUrl":null,"endpointBaseUrl":"https://devexpfuncappdestination.azurewebsites.net/runtime/webhooks/EventGrid"},"endpointType":"WebHook"},"filter":{"subjectBeginsWith":"","subjectEndsWith":""},"labels":null,"eventDeliverySchema":"EventGridSchema","retryPolicy":{"maxDeliveryAttempts":30,"eventTimeToLiveInMinutes":1440}},"id":"/subscriptions/00000000-0000-0000-0000-000000000000/resourceGroups/clitest.rg000001/providers/Microsoft.EventGrid/topics/cli000002/providers/Microsoft.EventGrid/eventSubscriptions/cli000005","name":"cli000005","type":"Microsoft.EventGrid/eventSubscriptions"}]}'
    headers:
      cache-control:
      - no-cache
      content-length:
      - '1062'
      content-type:
      - application/json; charset=utf-8
      date:
      - Fri, 31 May 2019 22:16:00 GMT
      expires:
      - '-1'
      pragma:
      - no-cache
      server:
      - Microsoft-HTTPAPI/2.0
      strict-transport-security:
      - max-age=31536000; includeSubDomains
      transfer-encoding:
      - chunked
      vary:
      - Accept-Encoding
      x-content-type-options:
      - nosniff
    status:
      code: 200
      message: OK
- request:
    body: null
    headers:
      Accept:
      - application/json
      Accept-Encoding:
      - gzip, deflate
      CommandName:
      - eventgrid event-subscription delete
      Connection:
      - keep-alive
      Content-Length:
      - '0'
      ParameterSetName:
      - --topic-name -g --name
      User-Agent:
      - python/3.7.3 (Windows-10-10.0.18362-SP0) msrest/0.6.6 msrest_azure/0.6.0 azure-mgmt-eventgrid/2019-02-01-preview
        Azure-SDK-For-Python AZURECLI/2.0.65
      accept-language:
      - en-US
    method: DELETE
    uri: https://management.azure.com/subscriptions/00000000-0000-0000-0000-000000000000/resourceGroups/clitest.rg000001/providers/Microsoft.EventGrid/topics/cli000002/providers/Microsoft.EventGrid/eventSubscriptions/cli000005?api-version=2019-02-01-preview
  response:
    body:
      string: ''
    headers:
      cache-control:
      - no-cache
      content-length:
      - '0'
      date:
      - Fri, 31 May 2019 22:16:01 GMT
      expires:
      - '-1'
      location:
      - https://management.azure.com/subscriptions/00000000-0000-0000-0000-000000000000/providers/Microsoft.EventGrid/locations/westcentralus/operationResults/23AD81C3-5B9C-495B-A95D-909B6FDA0716?api-version=2019-02-01-preview
      pragma:
      - no-cache
      server:
      - Microsoft-HTTPAPI/2.0
      strict-transport-security:
      - max-age=31536000; includeSubDomains
      x-content-type-options:
      - nosniff
      x-ms-ratelimit-remaining-subscription-deletes:
      - '14999'
    status:
      code: 202
      message: Accepted
- request:
    body: null
    headers:
      Accept:
      - application/json
      Accept-Encoding:
      - gzip, deflate
      CommandName:
      - eventgrid event-subscription delete
      Connection:
      - keep-alive
      ParameterSetName:
      - --topic-name -g --name
      User-Agent:
      - python/3.7.3 (Windows-10-10.0.18362-SP0) msrest/0.6.6 msrest_azure/0.6.0 azure-mgmt-eventgrid/2019-02-01-preview
        Azure-SDK-For-Python AZURECLI/2.0.65
    method: GET
    uri: https://management.azure.com/subscriptions/00000000-0000-0000-0000-000000000000/providers/Microsoft.EventGrid/locations/westcentralus/operationResults/23AD81C3-5B9C-495B-A95D-909B6FDA0716?api-version=2019-02-01-preview
  response:
    body:
      string: ''
    headers:
      cache-control:
      - no-cache
      content-length:
      - '0'
      date:
      - Fri, 31 May 2019 22:16:10 GMT
      expires:
      - '-1'
      pragma:
      - no-cache
      server:
      - Microsoft-HTTPAPI/2.0
      strict-transport-security:
      - max-age=31536000; includeSubDomains
      x-content-type-options:
      - nosniff
    status:
      code: 200
      message: OK
- request:
    body: '{"properties": {"destination": {"endpointType": "WebHook", "properties":
      {"endpointUrl": "https://devexpfuncappdestination.azurewebsites.net/runtime/webhooks/EventGrid?functionName=EventGridTrigger1&code=<HIDDEN>"}},
      "filter": {"isSubjectCaseSensitive": false}, "retryPolicy": {"maxDeliveryAttempts":
      30, "eventTimeToLiveInMinutes": 1440}}}'
    headers:
      Accept:
      - application/json
      Accept-Encoding:
      - gzip, deflate
      CommandName:
      - eventgrid event-subscription create
      Connection:
      - keep-alive
      Content-Length:
      - '388'
      Content-Type:
      - application/json; charset=utf-8
      ParameterSetName:
      - --resource-id --name --endpoint
      User-Agent:
      - python/3.7.3 (Windows-10-10.0.18362-SP0) msrest/0.6.6 msrest_azure/0.6.0 azure-mgmt-eventgrid/2019-02-01-preview
        Azure-SDK-For-Python AZURECLI/2.0.65
      accept-language:
      - en-US
    method: PUT
    uri: https://management.azure.com/subscriptions/00000000-0000-0000-0000-000000000000/resourceGroups/clitest.rg000001/providers/Microsoft.EventGrid/topics/cli000002/providers/Microsoft.EventGrid/eventSubscriptions/cli000005?api-version=2019-02-01-preview
  response:
    body:
      string: '{"properties":{"topic":"/subscriptions/00000000-0000-0000-0000-000000000000/resourceGroups/clitest.rg000001/providers/microsoft.eventgrid/topics/cli000002","provisioningState":"Creating","destination":{"properties":{"endpointUrl":null,"endpointBaseUrl":"https://devexpfuncappdestination.azurewebsites.net/runtime/webhooks/EventGrid"},"endpointType":"WebHook"},"filter":{},"labels":null,"retryPolicy":{"maxDeliveryAttempts":30,"eventTimeToLiveInMinutes":1440}},"id":"/subscriptions/00000000-0000-0000-0000-000000000000/resourceGroups/clitest.rg000001/providers/Microsoft.EventGrid/topics/cli000002/providers/Microsoft.EventGrid/eventSubscriptions/cli000005","name":"cli000005","type":"Microsoft.EventGrid/eventSubscriptions"}'
    headers:
      azure-asyncoperation:
      - https://management.azure.com:443/subscriptions/00000000-0000-0000-0000-000000000000/providers/Microsoft.EventGrid/locations/westcentralus/operationsStatus/B5EAAA8B-FFFC-4CB9-AA4A-8AB9E8B2E097?api-version=2019-02-01-preview
      cache-control:
      - no-cache
      content-length:
      - '966'
      content-type:
      - application/json; charset=utf-8
      date:
      - Fri, 31 May 2019 22:16:11 GMT
      expires:
      - '-1'
      pragma:
      - no-cache
      server:
      - Microsoft-HTTPAPI/2.0
      strict-transport-security:
      - max-age=31536000; includeSubDomains
      x-content-type-options:
      - nosniff
      x-ms-ratelimit-remaining-subscription-writes:
      - '1199'
    status:
      code: 201
      message: Created
- request:
    body: null
    headers:
      Accept:
      - application/json
      Accept-Encoding:
      - gzip, deflate
      CommandName:
      - eventgrid event-subscription create
      Connection:
      - keep-alive
      ParameterSetName:
      - --resource-id --name --endpoint
      User-Agent:
      - python/3.7.3 (Windows-10-10.0.18362-SP0) msrest/0.6.6 msrest_azure/0.6.0 azure-mgmt-eventgrid/2019-02-01-preview
        Azure-SDK-For-Python AZURECLI/2.0.65
    method: GET
    uri: https://management.azure.com/subscriptions/00000000-0000-0000-0000-000000000000/providers/Microsoft.EventGrid/locations/westcentralus/operationsStatus/B5EAAA8B-FFFC-4CB9-AA4A-8AB9E8B2E097?api-version=2019-02-01-preview
  response:
    body:
      string: '{"id":"https://management.azure.com/subscriptions/00000000-0000-0000-0000-000000000000/providers/Microsoft.EventGrid/locations/westcentralus/operationsStatus/B5EAAA8B-FFFC-4CB9-AA4A-8AB9E8B2E097?api-version=2019-02-01-preview","name":"b5eaaa8b-fffc-4cb9-aa4a-8ab9e8b2e097","status":"Succeeded"}'
    headers:
      cache-control:
      - no-cache
      content-length:
      - '294'
      content-type:
      - application/json; charset=utf-8
      date:
      - Fri, 31 May 2019 22:16:22 GMT
      expires:
      - '-1'
      pragma:
      - no-cache
      server:
      - Microsoft-HTTPAPI/2.0
      strict-transport-security:
      - max-age=31536000; includeSubDomains
      transfer-encoding:
      - chunked
      vary:
      - Accept-Encoding
      x-content-type-options:
      - nosniff
    status:
      code: 200
      message: OK
- request:
    body: null
    headers:
      Accept:
      - application/json
      Accept-Encoding:
      - gzip, deflate
      CommandName:
      - eventgrid event-subscription create
      Connection:
      - keep-alive
      ParameterSetName:
      - --resource-id --name --endpoint
      User-Agent:
      - python/3.7.3 (Windows-10-10.0.18362-SP0) msrest/0.6.6 msrest_azure/0.6.0 azure-mgmt-eventgrid/2019-02-01-preview
        Azure-SDK-For-Python AZURECLI/2.0.65
    method: GET
    uri: https://management.azure.com/subscriptions/00000000-0000-0000-0000-000000000000/resourceGroups/clitest.rg000001/providers/Microsoft.EventGrid/topics/cli000002/providers/Microsoft.EventGrid/eventSubscriptions/cli000005?api-version=2019-02-01-preview
  response:
    body:
      string: '{"properties":{"topic":"/subscriptions/00000000-0000-0000-0000-000000000000/resourceGroups/clitest.rg000001/providers/microsoft.eventgrid/topics/cli000002","provisioningState":"Succeeded","destination":{"properties":{"endpointUrl":null,"endpointBaseUrl":"https://devexpfuncappdestination.azurewebsites.net/runtime/webhooks/EventGrid"},"endpointType":"WebHook"},"filter":{"subjectBeginsWith":"","subjectEndsWith":""},"labels":null,"eventDeliverySchema":"EventGridSchema","retryPolicy":{"maxDeliveryAttempts":30,"eventTimeToLiveInMinutes":1440}},"id":"/subscriptions/00000000-0000-0000-0000-000000000000/resourceGroups/clitest.rg000001/providers/Microsoft.EventGrid/topics/cli000002/providers/Microsoft.EventGrid/eventSubscriptions/cli000005","name":"cli000005","type":"Microsoft.EventGrid/eventSubscriptions"}'
    headers:
      cache-control:
      - no-cache
      content-length:
      - '1050'
      content-type:
      - application/json; charset=utf-8
      date:
      - Fri, 31 May 2019 22:16:22 GMT
      expires:
      - '-1'
      pragma:
      - no-cache
      server:
      - Microsoft-HTTPAPI/2.0
      strict-transport-security:
      - max-age=31536000; includeSubDomains
      transfer-encoding:
      - chunked
      vary:
      - Accept-Encoding
      x-content-type-options:
      - nosniff
    status:
      code: 200
      message: OK
- request:
    body: null
    headers:
      Accept:
      - application/json
      Accept-Encoding:
      - gzip, deflate
      CommandName:
      - eventgrid event-subscription show
      Connection:
      - keep-alive
      ParameterSetName:
      - --resource-id --name
      User-Agent:
      - python/3.7.3 (Windows-10-10.0.18362-SP0) msrest/0.6.6 msrest_azure/0.6.0 azure-mgmt-eventgrid/2019-02-01-preview
        Azure-SDK-For-Python AZURECLI/2.0.65
      accept-language:
      - en-US
    method: GET
    uri: https://management.azure.com/subscriptions/00000000-0000-0000-0000-000000000000/resourceGroups/clitest.rg000001/providers/Microsoft.EventGrid/topics/cli000002/providers/Microsoft.EventGrid/eventSubscriptions/cli000005?api-version=2019-02-01-preview
  response:
    body:
      string: '{"properties":{"topic":"/subscriptions/00000000-0000-0000-0000-000000000000/resourceGroups/clitest.rg000001/providers/microsoft.eventgrid/topics/cli000002","provisioningState":"Succeeded","destination":{"properties":{"endpointUrl":null,"endpointBaseUrl":"https://devexpfuncappdestination.azurewebsites.net/runtime/webhooks/EventGrid"},"endpointType":"WebHook"},"filter":{"subjectBeginsWith":"","subjectEndsWith":""},"labels":null,"eventDeliverySchema":"EventGridSchema","retryPolicy":{"maxDeliveryAttempts":30,"eventTimeToLiveInMinutes":1440}},"id":"/subscriptions/00000000-0000-0000-0000-000000000000/resourceGroups/clitest.rg000001/providers/Microsoft.EventGrid/topics/cli000002/providers/Microsoft.EventGrid/eventSubscriptions/cli000005","name":"cli000005","type":"Microsoft.EventGrid/eventSubscriptions"}'
    headers:
      cache-control:
      - no-cache
      content-length:
      - '1050'
      content-type:
      - application/json; charset=utf-8
      date:
      - Fri, 31 May 2019 22:16:23 GMT
      expires:
      - '-1'
      pragma:
      - no-cache
      server:
      - Microsoft-HTTPAPI/2.0
      strict-transport-security:
      - max-age=31536000; includeSubDomains
      transfer-encoding:
      - chunked
      vary:
      - Accept-Encoding
      x-content-type-options:
      - nosniff
    status:
      code: 200
      message: OK
- request:
    body: null
    headers:
      Accept:
      - application/json
      Accept-Encoding:
      - gzip, deflate
      CommandName:
      - eventgrid event-subscription show
      Connection:
      - keep-alive
      ParameterSetName:
      - --resource-id --name --include-full-endpoint-url
      User-Agent:
      - python/3.7.3 (Windows-10-10.0.18362-SP0) msrest/0.6.6 msrest_azure/0.6.0 azure-mgmt-eventgrid/2019-02-01-preview
        Azure-SDK-For-Python AZURECLI/2.0.65
      accept-language:
      - en-US
    method: GET
    uri: https://management.azure.com/subscriptions/00000000-0000-0000-0000-000000000000/resourceGroups/clitest.rg000001/providers/Microsoft.EventGrid/topics/cli000002/providers/Microsoft.EventGrid/eventSubscriptions/cli000005?api-version=2019-02-01-preview
  response:
    body:
      string: '{"properties":{"topic":"/subscriptions/00000000-0000-0000-0000-000000000000/resourceGroups/clitest.rg000001/providers/microsoft.eventgrid/topics/cli000002","provisioningState":"Succeeded","destination":{"properties":{"endpointUrl":null,"endpointBaseUrl":"https://devexpfuncappdestination.azurewebsites.net/runtime/webhooks/EventGrid"},"endpointType":"WebHook"},"filter":{"subjectBeginsWith":"","subjectEndsWith":""},"labels":null,"eventDeliverySchema":"EventGridSchema","retryPolicy":{"maxDeliveryAttempts":30,"eventTimeToLiveInMinutes":1440}},"id":"/subscriptions/00000000-0000-0000-0000-000000000000/resourceGroups/clitest.rg000001/providers/Microsoft.EventGrid/topics/cli000002/providers/Microsoft.EventGrid/eventSubscriptions/cli000005","name":"cli000005","type":"Microsoft.EventGrid/eventSubscriptions"}'
    headers:
      cache-control:
      - no-cache
      content-length:
      - '1050'
      content-type:
      - application/json; charset=utf-8
      date:
      - Fri, 31 May 2019 22:16:25 GMT
      expires:
      - '-1'
      pragma:
      - no-cache
      server:
      - Microsoft-HTTPAPI/2.0
      strict-transport-security:
      - max-age=31536000; includeSubDomains
      transfer-encoding:
      - chunked
      vary:
      - Accept-Encoding
      x-content-type-options:
      - nosniff
    status:
      code: 200
      message: OK
- request:
    body: null
    headers:
      Accept:
      - application/json
      Accept-Encoding:
      - gzip, deflate
      CommandName:
      - eventgrid event-subscription show
      Connection:
      - keep-alive
      Content-Length:
      - '0'
      ParameterSetName:
      - --resource-id --name --include-full-endpoint-url
      User-Agent:
      - python/3.7.3 (Windows-10-10.0.18362-SP0) msrest/0.6.6 msrest_azure/0.6.0 azure-mgmt-eventgrid/2019-02-01-preview
        Azure-SDK-For-Python AZURECLI/2.0.65
      accept-language:
      - en-US
    method: POST
    uri: https://management.azure.com/subscriptions/00000000-0000-0000-0000-000000000000/resourceGroups/clitest.rg000001/providers/Microsoft.EventGrid/topics/cli000002/providers/Microsoft.EventGrid/eventSubscriptions/cli000005/getFullUrl?api-version=2019-02-01-preview
  response:
    body:
      string: '{"endpointUrl":"https://devexpfuncappdestination.azurewebsites.net/runtime/webhooks/EventGrid?functionName=EventGridTrigger1&code=<HIDDEN>"}'
    headers:
      cache-control:
      - no-cache
      content-length:
      - '188'
      content-type:
      - application/json; charset=utf-8
      date:
      - Fri, 31 May 2019 22:16:25 GMT
      expires:
      - '-1'
      pragma:
      - no-cache
      server:
      - Microsoft-HTTPAPI/2.0
      strict-transport-security:
      - max-age=31536000; includeSubDomains
      transfer-encoding:
      - chunked
      vary:
      - Accept-Encoding
      x-content-type-options:
      - nosniff
      x-ms-ratelimit-remaining-subscription-writes:
      - '1199'
    status:
      code: 200
      message: OK
- request:
    body: null
    headers:
      Accept:
      - application/json
      Accept-Encoding:
      - gzip, deflate
      CommandName:
      - eventgrid event-subscription update
      Connection:
      - keep-alive
      ParameterSetName:
      - --resource-id --name --endpoint
      User-Agent:
      - python/3.7.3 (Windows-10-10.0.18362-SP0) msrest/0.6.6 msrest_azure/0.6.0 azure-mgmt-eventgrid/2019-02-01-preview
        Azure-SDK-For-Python AZURECLI/2.0.65
      accept-language:
      - en-US
    method: GET
    uri: https://management.azure.com/subscriptions/00000000-0000-0000-0000-000000000000/resourceGroups/clitest.rg000001/providers/Microsoft.EventGrid/topics/cli000002/providers/Microsoft.EventGrid/eventSubscriptions/cli000005?api-version=2019-02-01-preview
  response:
    body:
      string: '{"properties":{"topic":"/subscriptions/00000000-0000-0000-0000-000000000000/resourceGroups/clitest.rg000001/providers/microsoft.eventgrid/topics/cli000002","provisioningState":"Succeeded","destination":{"properties":{"endpointUrl":null,"endpointBaseUrl":"https://devexpfuncappdestination.azurewebsites.net/runtime/webhooks/EventGrid"},"endpointType":"WebHook"},"filter":{"subjectBeginsWith":"","subjectEndsWith":""},"labels":null,"eventDeliverySchema":"EventGridSchema","retryPolicy":{"maxDeliveryAttempts":30,"eventTimeToLiveInMinutes":1440}},"id":"/subscriptions/00000000-0000-0000-0000-000000000000/resourceGroups/clitest.rg000001/providers/Microsoft.EventGrid/topics/cli000002/providers/Microsoft.EventGrid/eventSubscriptions/cli000005","name":"cli000005","type":"Microsoft.EventGrid/eventSubscriptions"}'
    headers:
      cache-control:
      - no-cache
      content-length:
      - '1050'
      content-type:
      - application/json; charset=utf-8
      date:
      - Fri, 31 May 2019 22:16:26 GMT
      expires:
      - '-1'
      pragma:
      - no-cache
      server:
      - Microsoft-HTTPAPI/2.0
      strict-transport-security:
      - max-age=31536000; includeSubDomains
      transfer-encoding:
      - chunked
      vary:
      - Accept-Encoding
      x-content-type-options:
      - nosniff
    status:
      code: 200
      message: OK
- request:
    body: '{"destination": {"endpointType": "WebHook", "properties": {"endpointUrl":
      "https://devexpfuncappdestination.azurewebsites.net/runtime/webhooks/EventGrid?functionName=EventGridTrigger1&code=<HIDDEN>"}},
      "filter": {"subjectBeginsWith": "", "subjectEndsWith": ""}, "eventDeliverySchema":
      "EventGridSchema", "retryPolicy": {"maxDeliveryAttempts": 30, "eventTimeToLiveInMinutes":
      1440}}'
    headers:
      Accept:
      - application/json
      Accept-Encoding:
      - gzip, deflate
      CommandName:
      - eventgrid event-subscription update
      Connection:
      - keep-alive
      Content-Length:
      - '429'
      Content-Type:
      - application/json; charset=utf-8
      ParameterSetName:
      - --resource-id --name --endpoint
      User-Agent:
      - python/3.7.3 (Windows-10-10.0.18362-SP0) msrest/0.6.6 msrest_azure/0.6.0 azure-mgmt-eventgrid/2019-02-01-preview
        Azure-SDK-For-Python AZURECLI/2.0.65
      accept-language:
      - en-US
    method: PATCH
    uri: https://management.azure.com/subscriptions/00000000-0000-0000-0000-000000000000/resourceGroups/clitest.rg000001/providers/Microsoft.EventGrid/topics/cli000002/providers/Microsoft.EventGrid/eventSubscriptions/cli000005?api-version=2019-02-01-preview
  response:
    body:
      string: '{"properties":{"topic":"/subscriptions/00000000-0000-0000-0000-000000000000/resourceGroups/clitest.rg000001/providers/microsoft.eventgrid/topics/cli000002","provisioningState":"Updating","destination":{"properties":{"endpointUrl":null,"endpointBaseUrl":"https://devexpfuncappdestination.azurewebsites.net/runtime/webhooks/EventGrid"},"endpointType":"WebHook"},"filter":{"subjectBeginsWith":"","subjectEndsWith":""},"labels":null,"eventDeliverySchema":"EventGridSchema","retryPolicy":{"maxDeliveryAttempts":30,"eventTimeToLiveInMinutes":1440}},"id":"/subscriptions/00000000-0000-0000-0000-000000000000/resourceGroups/clitest.rg000001/providers/Microsoft.EventGrid/topics/cli000002/providers/Microsoft.EventGrid/eventSubscriptions/cli000005","name":"cli000005","type":"Microsoft.EventGrid/eventSubscriptions"}'
    headers:
      azure-asyncoperation:
      - https://management.azure.com:443/subscriptions/00000000-0000-0000-0000-000000000000/providers/Microsoft.EventGrid/locations/westcentralus/operationsStatus/55608A06-5D2E-4CA4-995F-C39E51F9B0CB?api-version=2019-02-01-preview
      cache-control:
      - no-cache
      content-length:
      - '1049'
      content-type:
      - application/json; charset=utf-8
      date:
      - Fri, 31 May 2019 22:16:27 GMT
      expires:
      - '-1'
      pragma:
      - no-cache
      server:
      - Microsoft-HTTPAPI/2.0
      strict-transport-security:
      - max-age=31536000; includeSubDomains
      x-content-type-options:
      - nosniff
      x-ms-ratelimit-remaining-subscription-writes:
      - '1199'
    status:
      code: 201
      message: Created
- request:
    body: null
    headers:
      Accept:
      - application/json
      Accept-Encoding:
      - gzip, deflate
      CommandName:
      - eventgrid event-subscription update
      Connection:
      - keep-alive
      ParameterSetName:
      - --resource-id --name --endpoint
      User-Agent:
      - python/3.7.3 (Windows-10-10.0.18362-SP0) msrest/0.6.6 msrest_azure/0.6.0 azure-mgmt-eventgrid/2019-02-01-preview
        Azure-SDK-For-Python AZURECLI/2.0.65
    method: GET
    uri: https://management.azure.com/subscriptions/00000000-0000-0000-0000-000000000000/providers/Microsoft.EventGrid/locations/westcentralus/operationsStatus/55608A06-5D2E-4CA4-995F-C39E51F9B0CB?api-version=2019-02-01-preview
  response:
    body:
      string: '{"id":"https://management.azure.com/subscriptions/00000000-0000-0000-0000-000000000000/providers/Microsoft.EventGrid/locations/westcentralus/operationsStatus/55608A06-5D2E-4CA4-995F-C39E51F9B0CB?api-version=2019-02-01-preview","name":"55608a06-5d2e-4ca4-995f-c39e51f9b0cb","status":"Succeeded"}'
    headers:
      cache-control:
      - no-cache
      content-length:
      - '294'
      content-type:
      - application/json; charset=utf-8
      date:
      - Fri, 31 May 2019 22:16:38 GMT
      expires:
      - '-1'
      pragma:
      - no-cache
      server:
      - Microsoft-HTTPAPI/2.0
      strict-transport-security:
      - max-age=31536000; includeSubDomains
      transfer-encoding:
      - chunked
      vary:
      - Accept-Encoding
      x-content-type-options:
      - nosniff
    status:
      code: 200
      message: OK
- request:
    body: null
    headers:
      Accept:
      - application/json
      Accept-Encoding:
      - gzip, deflate
      CommandName:
      - eventgrid event-subscription update
      Connection:
      - keep-alive
      ParameterSetName:
      - --resource-id --name --endpoint
      User-Agent:
      - python/3.7.3 (Windows-10-10.0.18362-SP0) msrest/0.6.6 msrest_azure/0.6.0 azure-mgmt-eventgrid/2019-02-01-preview
        Azure-SDK-For-Python AZURECLI/2.0.65
    method: GET
    uri: https://management.azure.com/subscriptions/00000000-0000-0000-0000-000000000000/resourceGroups/clitest.rg000001/providers/Microsoft.EventGrid/topics/cli000002/providers/Microsoft.EventGrid/eventSubscriptions/cli000005?api-version=2019-02-01-preview
  response:
    body:
      string: '{"properties":{"topic":"/subscriptions/00000000-0000-0000-0000-000000000000/resourceGroups/clitest.rg000001/providers/microsoft.eventgrid/topics/cli000002","provisioningState":"Succeeded","destination":{"properties":{"endpointUrl":null,"endpointBaseUrl":"https://devexpfuncappdestination.azurewebsites.net/runtime/webhooks/EventGrid"},"endpointType":"WebHook"},"filter":{"subjectBeginsWith":"","subjectEndsWith":""},"labels":null,"eventDeliverySchema":"EventGridSchema","retryPolicy":{"maxDeliveryAttempts":30,"eventTimeToLiveInMinutes":1440}},"id":"/subscriptions/00000000-0000-0000-0000-000000000000/resourceGroups/clitest.rg000001/providers/Microsoft.EventGrid/topics/cli000002/providers/Microsoft.EventGrid/eventSubscriptions/cli000005","name":"cli000005","type":"Microsoft.EventGrid/eventSubscriptions"}'
    headers:
      cache-control:
      - no-cache
      content-length:
      - '1050'
      content-type:
      - application/json; charset=utf-8
      date:
      - Fri, 31 May 2019 22:17:03 GMT
      expires:
      - '-1'
      pragma:
      - no-cache
      server:
      - Microsoft-HTTPAPI/2.0
      strict-transport-security:
      - max-age=31536000; includeSubDomains
      transfer-encoding:
      - chunked
      vary:
      - Accept-Encoding
      x-content-type-options:
      - nosniff
    status:
      code: 200
      message: OK
- request:
    body: null
    headers:
      Accept:
      - application/json
      Accept-Encoding:
      - gzip, deflate
      CommandName:
      - eventgrid event-subscription list
      Connection:
      - keep-alive
      ParameterSetName:
      - --resource-id
      User-Agent:
      - python/3.7.3 (Windows-10-10.0.18362-SP0) msrest/0.6.6 msrest_azure/0.6.0 azure-mgmt-eventgrid/2019-02-01-preview
        Azure-SDK-For-Python AZURECLI/2.0.65
      accept-language:
      - en-US
    method: GET
    uri: https://management.azure.com/subscriptions/00000000-0000-0000-0000-000000000000/resourceGroups/clitest.rg000001/providers/Microsoft.EventGrid/topics/cli000002/providers/Microsoft.EventGrid/eventSubscriptions?api-version=2019-02-01-preview&$top=100
  response:
    body:
      string: '{"value":[{"properties":{"topic":"/subscriptions/00000000-0000-0000-0000-000000000000/resourceGroups/clitest.rg000001/providers/microsoft.eventgrid/topics/cli000002","provisioningState":"Succeeded","destination":{"properties":{"endpointUrl":null,"endpointBaseUrl":"https://devexpfuncappdestination.azurewebsites.net/runtime/webhooks/EventGrid"},"endpointType":"WebHook"},"filter":{"subjectBeginsWith":"","subjectEndsWith":""},"labels":null,"eventDeliverySchema":"EventGridSchema","retryPolicy":{"maxDeliveryAttempts":30,"eventTimeToLiveInMinutes":1440}},"id":"/subscriptions/00000000-0000-0000-0000-000000000000/resourceGroups/clitest.rg000001/providers/Microsoft.EventGrid/topics/cli000002/providers/Microsoft.EventGrid/eventSubscriptions/cli000005","name":"cli000005","type":"Microsoft.EventGrid/eventSubscriptions"}]}'
    headers:
      cache-control:
      - no-cache
      content-length:
      - '1062'
      content-type:
      - application/json; charset=utf-8
      date:
      - Fri, 31 May 2019 22:17:04 GMT
      expires:
      - '-1'
      pragma:
      - no-cache
      server:
      - Microsoft-HTTPAPI/2.0
      strict-transport-security:
      - max-age=31536000; includeSubDomains
      transfer-encoding:
      - chunked
      vary:
      - Accept-Encoding
      x-content-type-options:
      - nosniff
    status:
      code: 200
      message: OK
- request:
    body: null
    headers:
      Accept:
      - application/json
      Accept-Encoding:
      - gzip, deflate
      CommandName:
      - eventgrid event-subscription list
      Connection:
      - keep-alive
      ParameterSetName:
      - --resource-id --odata-query
      User-Agent:
      - python/3.7.3 (Windows-10-10.0.18362-SP0) msrest/0.6.6 msrest_azure/0.6.0 azure-mgmt-eventgrid/2019-02-01-preview
        Azure-SDK-For-Python AZURECLI/2.0.65
      accept-language:
      - en-US
    method: GET
    uri: https://management.azure.com/subscriptions/00000000-0000-0000-0000-000000000000/resourceGroups/clitest.rg000001/providers/Microsoft.EventGrid/topics/cli000002/providers/Microsoft.EventGrid/eventSubscriptions?api-version=2019-02-01-preview&$filter=CONTAINS%28name%2C%27cli000005%27%29&$top=100
  response:
    body:
      string: '{"value":[{"properties":{"topic":"/subscriptions/00000000-0000-0000-0000-000000000000/resourceGroups/clitest.rg000001/providers/microsoft.eventgrid/topics/cli000002","provisioningState":"Succeeded","destination":{"properties":{"endpointUrl":null,"endpointBaseUrl":"https://devexpfuncappdestination.azurewebsites.net/runtime/webhooks/EventGrid"},"endpointType":"WebHook"},"filter":{"subjectBeginsWith":"","subjectEndsWith":""},"labels":null,"eventDeliverySchema":"EventGridSchema","retryPolicy":{"maxDeliveryAttempts":30,"eventTimeToLiveInMinutes":1440}},"id":"/subscriptions/00000000-0000-0000-0000-000000000000/resourceGroups/clitest.rg000001/providers/Microsoft.EventGrid/topics/cli000002/providers/Microsoft.EventGrid/eventSubscriptions/cli000005","name":"cli000005","type":"Microsoft.EventGrid/eventSubscriptions"}]}'
    headers:
      cache-control:
      - no-cache
      content-length:
      - '1062'
      content-type:
      - application/json; charset=utf-8
      date:
      - Fri, 31 May 2019 22:17:05 GMT
      expires:
      - '-1'
      pragma:
      - no-cache
      server:
      - Microsoft-HTTPAPI/2.0
      strict-transport-security:
      - max-age=31536000; includeSubDomains
      transfer-encoding:
      - chunked
      vary:
      - Accept-Encoding
      x-content-type-options:
      - nosniff
    status:
      code: 200
      message: OK
- request:
    body: null
    headers:
      Accept:
      - application/json
      Accept-Encoding:
      - gzip, deflate
      CommandName:
      - eventgrid event-subscription list
      Connection:
      - keep-alive
      ParameterSetName:
      - --topic-type --location
      User-Agent:
      - python/3.7.3 (Windows-10-10.0.18362-SP0) msrest/0.6.6 msrest_azure/0.6.0 azure-mgmt-eventgrid/2019-02-01-preview
        Azure-SDK-For-Python AZURECLI/2.0.65
      accept-language:
      - en-US
    method: GET
    uri: https://management.azure.com/subscriptions/00000000-0000-0000-0000-000000000000/providers/Microsoft.EventGrid/locations/westcentralus/topicTypes/Microsoft.EventGrid.Topics/eventSubscriptions?api-version=2019-02-01-preview&$top=100
  response:
    body:
      string: '{"value":[{"properties":{"topic":"/subscriptions/00000000-0000-0000-0000-000000000000/resourceGroups/azureeventgridrunnerrgwestcentralus/providers/microsoft.eventgrid/topics/egrunnercustomtopicwestcentralus","provisioningState":"Succeeded","destination":{"properties":{"resourceId":"/subscriptions/00000000-0000-0000-0000-000000000000/resourceGroups/AzureEventGridRunnerRGWestCentralUS/providers/Microsoft.EventHub/namespaces/egrunnereventhubnamespacewestcentralus/eventhubs/egrunnereventhubwestcentralus"},"endpointType":"EventHub"},"filter":{"subjectBeginsWith":"","subjectEndsWith":""},"labels":["TestLabel1","TestLabel2"],"eventDeliverySchema":"EventGridSchema"},"id":"/subscriptions/00000000-0000-0000-0000-000000000000/resourceGroups/AzureEventGridRunnerRGWestCentralUS/providers/Microsoft.EventGrid/topics/egrunnercustomtopicwestcentralus/providers/Microsoft.EventGrid/eventSubscriptions/egrunnertopicsubscriptionwestcentralus","name":"egrunnertopicsubscriptionwestcentralus","type":"Microsoft.EventGrid/eventSubscriptions"},{"properties":{"topic":"/subscriptions/00000000-0000-0000-0000-000000000000/resourceGroups/azureeventgridrunnerrgwestcentralus/providers/microsoft.eventgrid/topics/eglatencyrunnercustomtopicwestcentralus","provisioningState":"Succeeded","destination":{"properties":{"resourceId":"/subscriptions/00000000-0000-0000-0000-000000000000/resourceGroups/AzureEventGridRunnerRGWestCentralUS/providers/Microsoft.EventHub/namespaces/egrunnereventhubnamespacewestcentralus/eventhubs/eglatencyrunnereventhubwestcentralus"},"endpointType":"EventHub"},"filter":{"subjectBeginsWith":"","subjectEndsWith":""},"labels":["TestLabel1","TestLabel2"],"eventDeliverySchema":"EventGridSchema"},"id":"/subscriptions/00000000-0000-0000-0000-000000000000/resourceGroups/AzureEventGridRunnerRGWestCentralUS/providers/Microsoft.EventGrid/topics/eglatencyrunnercustomtopicwestcentralus/providers/Microsoft.EventGrid/eventSubscriptions/eglatencyrunnersubscriptionwestcentralus","name":"eglatencyrunnersubscriptionwestcentralus","type":"Microsoft.EventGrid/eventSubscriptions"},{"properties":{"topic":"/subscriptions/00000000-0000-0000-0000-000000000000/resourceGroups/azureeventgridrunnerrgwestcentralus/providers/microsoft.eventgrid/topics/eg-latency-runner-custom-topic-west-central-us","provisioningState":"Succeeded","destination":{"properties":{"resourceId":"/subscriptions/00000000-0000-0000-0000-000000000000/resourceGroups/AzureEventGridRunnerRGWestCentralUS/providers/Microsoft.EventHub/namespaces/egrunnereventhubnamespacewestcentralus/eventhubs/eglatencyrunnereventhubwestcentralus"},"endpointType":"EventHub"},"filter":{"subjectBeginsWith":"","subjectEndsWith":""},"labels":["TestLabel1","TestLabel2"],"eventDeliverySchema":"EventGridSchema"},"id":"/subscriptions/00000000-0000-0000-0000-000000000000/resourceGroups/AzureEventGridRunnerRGWestCentralUS/providers/Microsoft.EventGrid/topics/eg-latency-runner-custom-topic-west-central-us/providers/Microsoft.EventGrid/eventSubscriptions/eg-latency-runner-subscription-west-central-us","name":"eg-latency-runner-subscription-west-central-us","type":"Microsoft.EventGrid/eventSubscriptions"},{"properties":{"topic":"/subscriptions/00000000-0000-0000-0000-000000000000/resourceGroups/azureeventgridrunnerrgwestcentralus/providers/microsoft.eventgrid/topics/eg-latency-runner-topic-west-central-us","provisioningState":"Succeeded","destination":{"properties":{"resourceId":"/subscriptions/00000000-0000-0000-0000-000000000000/resourceGroups/AzureEventGridRunnerRGWestCentralUS/providers/Microsoft.EventHub/namespaces/egrunnereventhubnamespacewestcentralus/eventhubs/eglatencyrunnereventhubwestcentralus"},"endpointType":"EventHub"},"filter":{"subjectBeginsWith":"Subject","subjectEndsWith":"","isSubjectCaseSensitive":true,"advancedFilters":[{"values":["runner"],"operatorType":"StringContains","key":"topic"},{"values":["Info"],"operatorType":"StringEndsWith","key":"data.EventData"},{"values":[1.0,2.0,3.0],"operatorType":"NumberIn","key":"data.key1"},{"value":true,"operatorType":"BoolEquals","key":"data.key2"},{"values":["3.0"],"operatorType":"StringContains","key":"dataversion"}]},"labels":["TestLabel1","TestLabel2"],"eventDeliverySchema":"EventGridSchema","retryPolicy":{"eventTimeToLiveInMinutes":1439}},"id":"/subscriptions/00000000-0000-0000-0000-000000000000/resourceGroups/AzureEventGridRunnerRGWestCentralUS/providers/Microsoft.EventGrid/topics/eg-latency-runner-topic-west-central-us/providers/Microsoft.EventGrid/eventSubscriptions/eg-latency-runner-subscription-west-central-us","name":"eg-latency-runner-subscription-west-central-us","type":"Microsoft.EventGrid/eventSubscriptions"},{"properties":{"topic":"/subscriptions/00000000-0000-0000-0000-000000000000/resourceGroups/azureeventgridrunnerrgwestcentralus/providers/microsoft.eventgrid/topics/eg-latency-runner-topic-eg-prod-uswc-002","provisioningState":"Succeeded","destination":{"properties":{"resourceId":"/subscriptions/00000000-0000-0000-0000-000000000000/resourceGroups/AzureEventGridRunnerRGWestCentralUS/providers/Microsoft.EventHub/namespaces/egrunnereventhubnamespacewestcentralus/eventhubs/eglatencyrunnereventhub-eg-prod-uswc-002"},"endpointType":"EventHub"},"filter":{"subjectBeginsWith":"Subject","subjectEndsWith":"","isSubjectCaseSensitive":true,"advancedFilters":[{"values":["runner"],"operatorType":"StringContains","key":"topic"},{"values":["Info"],"operatorType":"StringEndsWith","key":"data.EventData"},{"values":[1.0,2.0,3.0],"operatorType":"NumberIn","key":"data.key1"},{"value":true,"operatorType":"BoolEquals","key":"data.key2"},{"values":["3.0"],"operatorType":"StringContains","key":"dataversion"}]},"labels":["TestLabel1","TestLabel2"],"eventDeliverySchema":"EventGridSchema","retryPolicy":{"eventTimeToLiveInMinutes":1439}},"id":"/subscriptions/00000000-0000-0000-0000-000000000000/resourceGroups/AzureEventGridRunnerRGWestCentralUS/providers/Microsoft.EventGrid/topics/eg-latency-runner-topic-eg-prod-uswc-002/providers/Microsoft.EventGrid/eventSubscriptions/eg-latency-runner-subscription-eg-prod-uswc-002","name":"eg-latency-runner-subscription-eg-prod-uswc-002","type":"Microsoft.EventGrid/eventSubscriptions"},{"properties":{"topic":"/subscriptions/00000000-0000-0000-0000-000000000000/resourceGroups/azureeventgridrunnerrgwestcentralus/providers/microsoft.eventgrid/topics/eg-latency-runner-topic-eg-prod-uswc-003","provisioningState":"Succeeded","destination":{"properties":{"resourceId":"/subscriptions/00000000-0000-0000-0000-000000000000/resourceGroups/AzureEventGridRunnerRGWestCentralUS/providers/Microsoft.EventHub/namespaces/egrunnereventhubnamespacewestcentralus/eventhubs/eglatencyrunnereventhub-eg-prod-uswc-003"},"endpointType":"EventHub"},"filter":{"subjectBeginsWith":"Subject","subjectEndsWith":"","isSubjectCaseSensitive":true,"advancedFilters":[{"values":["runner"],"operatorType":"StringContains","key":"topic"},{"values":["Info"],"operatorType":"StringEndsWith","key":"data.EventData"},{"values":[1.0,2.0,3.0],"operatorType":"NumberIn","key":"data.key1"},{"value":true,"operatorType":"BoolEquals","key":"data.key2"},{"values":["3.0"],"operatorType":"StringContains","key":"dataversion"}]},"labels":["TestLabel1","TestLabel2"],"eventDeliverySchema":"EventGridSchema","retryPolicy":{"eventTimeToLiveInMinutes":1439}},"id":"/subscriptions/00000000-0000-0000-0000-000000000000/resourceGroups/AzureEventGridRunnerRGWestCentralUS/providers/Microsoft.EventGrid/topics/eg-latency-runner-topic-eg-prod-uswc-003/providers/Microsoft.EventGrid/eventSubscriptions/eg-latency-runner-subscription-eg-prod-uswc-003","name":"eg-latency-runner-subscription-eg-prod-uswc-003","type":"Microsoft.EventGrid/eventSubscriptions"},{"properties":{"topic":"/subscriptions/00000000-0000-0000-0000-000000000000/resourceGroups/azureeventgridrunnerrgwestcentralus/providers/microsoft.eventgrid/topics/eg-latency-runner-topic-eg-prod-uswc-01","provisioningState":"Succeeded","destination":{"properties":{"resourceId":"/subscriptions/00000000-0000-0000-0000-000000000000/resourceGroups/AzureEventGridRunnerRGWestCentralUS/providers/Microsoft.EventHub/namespaces/egrunnereventhubnamespacewestcentralus/eventhubs/eglatencyrunnereventhub-eg-prod-uswc-01"},"endpointType":"EventHub"},"filter":{"subjectBeginsWith":"Subject","subjectEndsWith":"","isSubjectCaseSensitive":true,"advancedFilters":[{"values":["runner"],"operatorType":"StringContains","key":"topic"},{"values":["Info"],"operatorType":"StringEndsWith","key":"data.EventData"},{"values":[1.0,2.0,3.0],"operatorType":"NumberIn","key":"data.key1"},{"value":true,"operatorType":"BoolEquals","key":"data.key2"},{"values":["3.0"],"operatorType":"StringContains","key":"dataversion"}]},"labels":["TestLabel1","TestLabel2"],"eventDeliverySchema":"EventGridSchema","retryPolicy":{"eventTimeToLiveInMinutes":1439}},"id":"/subscriptions/00000000-0000-0000-0000-000000000000/resourceGroups/AzureEventGridRunnerRGWestCentralUS/providers/Microsoft.EventGrid/topics/eg-latency-runner-topic-eg-prod-uswc-01/providers/Microsoft.EventGrid/eventSubscriptions/eg-latency-runner-subscription-eg-prod-uswc-01","name":"eg-latency-runner-subscription-eg-prod-uswc-01","type":"Microsoft.EventGrid/eventSubscriptions"},{"properties":{"topic":"/subscriptions/00000000-0000-0000-0000-000000000000/resourceGroups/azureeventgridrunnerrgwestcentralus/providers/microsoft.eventgrid/topics/eg-crud-runner-topic-9e81fd7b-west-central-us","provisioningState":"Succeeded","destination":{"properties":{"resourceId":"/subscriptions/00000000-0000-0000-0000-000000000000/resourceGroups/AzureEventGridRunnerRGWestCentralUS/providers/Microsoft.EventHub/namespaces/egrunnereventhubnamespacewestcentralus/eventhubs/egoperationrunnereventhubwestcentralus"},"endpointType":"EventHub"},"filter":{"subjectBeginsWith":"Subject","subjectEndsWith":"","isSubjectCaseSensitive":true,"advancedFilters":[{"values":["runner"],"operatorType":"StringContains","key":"topic"},{"values":["Info"],"operatorType":"StringEndsWith","key":"data.EventData"},{"values":[1.0,2.0,3.0],"operatorType":"NumberIn","key":"data.key1"},{"value":true,"operatorType":"BoolEquals","key":"data.key2"},{"values":["3.0"],"operatorType":"StringContains","key":"dataversion"}]},"labels":["TestLabel1","TestLabel2"],"eventDeliverySchema":"EventGridSchema","retryPolicy":{"maxDeliveryAttempts":30,"eventTimeToLiveInMinutes":1439},"deadLetterDestination":{"properties":{"resourceId":"/subscriptions/00000000-0000-0000-0000-000000000000/resourcegroups/AzureEventGridRunnerRGWestCentralUS/providers/Microsoft.Storage/storageAccounts/egrunnerstgwestcentralus","blobContainerName":"egrunnerstgdlqcentralus"},"endpointType":"StorageBlob"}},"id":"/subscriptions/00000000-0000-0000-0000-000000000000/resourceGroups/AzureEventGridRunnerRGWestCentralUS/providers/Microsoft.EventGrid/topics/eg-crud-runner-topic-9e81fd7b-West-Central-US/providers/Microsoft.EventGrid/eventSubscriptions/eg-crud-runner-subscription-8d7764d2-West-Central-US","name":"eg-crud-runner-subscription-8d7764d2-West-Central-US","type":"Microsoft.EventGrid/eventSubscriptions"},{"properties":{"topic":"/subscriptions/00000000-0000-0000-0000-000000000000/resourceGroups/azureeventgridrunnerrgwestcentralus/providers/microsoft.eventgrid/topics/eglatencyrunnerqueuetopicwestcentralus","provisioningState":"Succeeded","destination":{"properties":{"resourceId":"/subscriptions/00000000-0000-0000-0000-000000000000/resourcegroups/AzureEventGridRunnerRGWestCentralUS/providers/Microsoft.Storage/storageAccounts/egrunnerstgwestcentralus","queueName":"egltcyrunnerstgqueuedestinationcentralus"},"endpointType":"StorageQueue"},"filter":{"subjectBeginsWith":"Subject","subjectEndsWith":"","isSubjectCaseSensitive":true,"advancedFilters":[{"values":["runner"],"operatorType":"StringContains","key":"topic"},{"values":["Info"],"operatorType":"StringEndsWith","key":"data.EventData"},{"values":[1.0,2.0,3.0],"operatorType":"NumberIn","key":"data.key1"},{"value":true,"operatorType":"BoolEquals","key":"data.key2"},{"values":["3.0"],"operatorType":"StringContains","key":"dataversion"}]},"labels":["TestLabel1","TestLabel2"],"eventDeliverySchema":"EventGridSchema","retryPolicy":{"eventTimeToLiveInMinutes":1439},"deadLetterDestination":{"properties":{"resourceId":"/subscriptions/00000000-0000-0000-0000-000000000000/resourcegroups/AzureEventGridRunnerRGWestCentralUS/providers/Microsoft.Storage/storageAccounts/egrunnerstgwestcentralus","blobContainerName":"egltcyrunnerstgdlqcentralus"},"endpointType":"StorageBlob"}},"id":"/subscriptions/00000000-0000-0000-0000-000000000000/resourceGroups/AzureEventGridRunnerRGWestCentralUS/providers/Microsoft.EventGrid/topics/eglatencyrunnerqueuetopicwestcentralus/providers/Microsoft.EventGrid/eventSubscriptions/eglatencyrunnerqueuesubscriptionwestcentralus","name":"eglatencyrunnerqueuesubscriptionwestcentralus","type":"Microsoft.EventGrid/eventSubscriptions"},{"properties":{"topic":"/subscriptions/00000000-0000-0000-0000-000000000000/resourceGroups/azureeventgridrunnerrgwestcentralus/providers/microsoft.eventgrid/topics/eg-latency-runner-topic-eg-prod-uswc-02","provisioningState":"Succeeded","destination":{"properties":{"resourceId":"/subscriptions/00000000-0000-0000-0000-000000000000/resourceGroups/AzureEventGridRunnerRGWestCentralUS/providers/Microsoft.EventHub/namespaces/egrunnereventhubnamespacewestcentralus-1/eventhubs/eglatencyrunnereventhub-eg-prod-uswc-02"},"endpointType":"EventHub"},"filter":{"subjectBeginsWith":"Subject","subjectEndsWith":"","isSubjectCaseSensitive":true,"advancedFilters":[{"values":["runner"],"operatorType":"StringContains","key":"topic"},{"values":["Info"],"operatorType":"StringEndsWith","key":"data.EventData"},{"values":[1.0,2.0,3.0],"operatorType":"NumberIn","key":"data.key1"},{"value":true,"operatorType":"BoolEquals","key":"data.key2"},{"values":["3.0"],"operatorType":"StringContains","key":"dataversion"}]},"labels":["TestLabel1","TestLabel2"],"eventDeliverySchema":"EventGridSchema","retryPolicy":{"eventTimeToLiveInMinutes":1439}},"id":"/subscriptions/00000000-0000-0000-0000-000000000000/resourceGroups/AzureEventGridRunnerRGWestCentralUS/providers/Microsoft.EventGrid/topics/eg-latency-runner-topic-eg-prod-uswc-02/providers/Microsoft.EventGrid/eventSubscriptions/eg-latency-runner-subscription-eg-prod-uswc-02","name":"eg-latency-runner-subscription-eg-prod-uswc-02","type":"Microsoft.EventGrid/eventSubscriptions"},{"properties":{"topic":"/subscriptions/00000000-0000-0000-0000-000000000000/resourceGroups/azureeventgridrunnerrgwestcentralus/providers/microsoft.eventgrid/topics/eg-latency-runner-topic-eg-prod-uswc-03","provisioningState":"Succeeded","destination":{"properties":{"resourceId":"/subscriptions/00000000-0000-0000-0000-000000000000/resourceGroups/AzureEventGridRunnerRGWestCentralUS/providers/Microsoft.EventHub/namespaces/egrunnereventhubnamespacewestcentralus-1/eventhubs/eglatencyrunnereventhub-eg-prod-uswc-03"},"endpointType":"EventHub"},"filter":{"subjectBeginsWith":"Subject","subjectEndsWith":"","isSubjectCaseSensitive":true,"advancedFilters":[{"values":["runner"],"operatorType":"StringContains","key":"topic"},{"values":["Info"],"operatorType":"StringEndsWith","key":"data.EventData"},{"values":[1.0,2.0,3.0],"operatorType":"NumberIn","key":"data.key1"},{"value":true,"operatorType":"BoolEquals","key":"data.key2"},{"values":["3.0"],"operatorType":"StringContains","key":"dataversion"}]},"labels":["TestLabel1","TestLabel2"],"eventDeliverySchema":"EventGridSchema","retryPolicy":{"eventTimeToLiveInMinutes":1439}},"id":"/subscriptions/00000000-0000-0000-0000-000000000000/resourceGroups/AzureEventGridRunnerRGWestCentralUS/providers/Microsoft.EventGrid/topics/eg-latency-runner-topic-eg-prod-uswc-03/providers/Microsoft.EventGrid/eventSubscriptions/eg-latency-runner-subscription-eg-prod-uswc-03","name":"eg-latency-runner-subscription-eg-prod-uswc-03","type":"Microsoft.EventGrid/eventSubscriptions"},{"properties":{"topic":"/subscriptions/00000000-0000-0000-0000-000000000000/resourceGroups/clitest.rg000001/providers/microsoft.eventgrid/topics/cli000002","provisioningState":"Succeeded","destination":{"properties":{"endpointUrl":null,"endpointBaseUrl":"https://devexpfuncappdestination.azurewebsites.net/runtime/webhooks/EventGrid"},"endpointType":"WebHook"},"filter":{"subjectBeginsWith":"","subjectEndsWith":""},"labels":null,"eventDeliverySchema":"EventGridSchema","retryPolicy":{"maxDeliveryAttempts":30,"eventTimeToLiveInMinutes":1440}},"id":"/subscriptions/00000000-0000-0000-0000-000000000000/resourceGroups/clitest.rg000001/providers/Microsoft.EventGrid/topics/cli000002/providers/Microsoft.EventGrid/eventSubscriptions/cli000005","name":"cli000005","type":"Microsoft.EventGrid/eventSubscriptions"},{"properties":{"topic":"/subscriptions/00000000-0000-0000-0000-000000000000/resourceGroups/azureeventgridrunnerrgwestcentralus/providers/microsoft.eventgrid/topics/egcrudrunnerqueuetopic8c6e0beewestcentralus","provisioningState":"Creating","destination":{"properties":{"resourceId":"/subscriptions/00000000-0000-0000-0000-000000000000/resourcegroups/AzureEventGridRunnerRGWestCentralUS/providers/Microsoft.Storage/storageAccounts/egrunnerstgwestcentralus","queueName":"egrunnerstgqueuedestinationcentralus"},"endpointType":"StorageQueue"},"filter":{"subjectBeginsWith":"Subject","subjectEndsWith":"","isSubjectCaseSensitive":true,"advancedFilters":[{"values":["runner"],"operatorType":"StringContains","key":"topic"},{"values":["Info"],"operatorType":"StringEndsWith","key":"data.EventData"},{"values":[1.0,2.0,3.0],"operatorType":"NumberIn","key":"data.key1"},{"value":true,"operatorType":"BoolEquals","key":"data.key2"},{"values":["3.0"],"operatorType":"StringContains","key":"dataversion"}]},"labels":["TestLabel1","TestLabel2"],"eventDeliverySchema":"EventGridSchema","retryPolicy":{"maxDeliveryAttempts":30,"eventTimeToLiveInMinutes":1439},"deadLetterDestination":{"properties":{"resourceId":"/subscriptions/00000000-0000-0000-0000-000000000000/resourcegroups/AzureEventGridRunnerRGWestCentralUS/providers/Microsoft.Storage/storageAccounts/egrunnerstgwestcentralus","blobContainerName":"egrunnerstgdlqcentralus"},"endpointType":"StorageBlob"}},"id":"/subscriptions/00000000-0000-0000-0000-000000000000/resourceGroups/AzureEventGridRunnerRGWestCentralUS/providers/Microsoft.EventGrid/topics/egcrudrunnerqueuetopic8c6e0beeWestCentralUS/providers/Microsoft.EventGrid/eventSubscriptions/eg-crud-runner-subscription-b2051b71-West-Central-US","name":"eg-crud-runner-subscription-b2051b71-West-Central-US","type":"Microsoft.EventGrid/eventSubscriptions"}]}'
    headers:
      cache-control:
      - no-cache
      content-length:
      - '18809'
      content-type:
      - application/json; charset=utf-8
      date:
      - Fri, 31 May 2019 22:17:05 GMT
      expires:
      - '-1'
      pragma:
      - no-cache
      server:
      - Microsoft-HTTPAPI/2.0
      strict-transport-security:
      - max-age=31536000; includeSubDomains
      transfer-encoding:
      - chunked
      vary:
      - Accept-Encoding
      x-content-type-options:
      - nosniff
    status:
      code: 200
      message: OK
- request:
    body: null
    headers:
      Accept:
      - application/json
      Accept-Encoding:
      - gzip, deflate
      CommandName:
      - eventgrid event-subscription list
      Connection:
      - keep-alive
      ParameterSetName:
      - --topic-type --location --odata-query
      User-Agent:
      - python/3.7.3 (Windows-10-10.0.18362-SP0) msrest/0.6.6 msrest_azure/0.6.0 azure-mgmt-eventgrid/2019-02-01-preview
        Azure-SDK-For-Python AZURECLI/2.0.65
      accept-language:
      - en-US
    method: GET
    uri: https://management.azure.com/subscriptions/00000000-0000-0000-0000-000000000000/providers/Microsoft.EventGrid/locations/westcentralus/topicTypes/Microsoft.EventGrid.Topics/eventSubscriptions?api-version=2019-02-01-preview&$filter=CONTAINS%28name%2C%27cli000005%27%29&$top=100
  response:
    body:
      string: '{"value":[{"properties":{"topic":"/subscriptions/00000000-0000-0000-0000-000000000000/resourceGroups/clitest.rg000001/providers/microsoft.eventgrid/topics/cli000002","provisioningState":"Succeeded","destination":{"properties":{"endpointUrl":null,"endpointBaseUrl":"https://devexpfuncappdestination.azurewebsites.net/runtime/webhooks/EventGrid"},"endpointType":"WebHook"},"filter":{"subjectBeginsWith":"","subjectEndsWith":""},"labels":null,"eventDeliverySchema":"EventGridSchema","retryPolicy":{"maxDeliveryAttempts":30,"eventTimeToLiveInMinutes":1440}},"id":"/subscriptions/00000000-0000-0000-0000-000000000000/resourceGroups/clitest.rg000001/providers/Microsoft.EventGrid/topics/cli000002/providers/Microsoft.EventGrid/eventSubscriptions/cli000005","name":"cli000005","type":"Microsoft.EventGrid/eventSubscriptions"}]}'
    headers:
      cache-control:
      - no-cache
      content-length:
      - '1062'
      content-type:
      - application/json; charset=utf-8
      date:
      - Fri, 31 May 2019 22:17:06 GMT
      expires:
      - '-1'
      pragma:
      - no-cache
      server:
      - Microsoft-HTTPAPI/2.0
      strict-transport-security:
      - max-age=31536000; includeSubDomains
      transfer-encoding:
      - chunked
      vary:
      - Accept-Encoding
      x-content-type-options:
      - nosniff
    status:
      code: 200
      message: OK
- request:
    body: null
    headers:
      Accept:
      - application/json
      Accept-Encoding:
      - gzip, deflate
      CommandName:
      - eventgrid event-subscription delete
      Connection:
      - keep-alive
      Content-Length:
      - '0'
      ParameterSetName:
      - --resource-id --name
      User-Agent:
      - python/3.7.3 (Windows-10-10.0.18362-SP0) msrest/0.6.6 msrest_azure/0.6.0 azure-mgmt-eventgrid/2019-02-01-preview
        Azure-SDK-For-Python AZURECLI/2.0.65
      accept-language:
      - en-US
    method: DELETE
    uri: https://management.azure.com/subscriptions/00000000-0000-0000-0000-000000000000/resourceGroups/clitest.rg000001/providers/Microsoft.EventGrid/topics/cli000002/providers/Microsoft.EventGrid/eventSubscriptions/cli000005?api-version=2019-02-01-preview
  response:
    body:
      string: ''
    headers:
      cache-control:
      - no-cache
      content-length:
      - '0'
      date:
      - Fri, 31 May 2019 22:17:07 GMT
      expires:
      - '-1'
      location:
      - https://management.azure.com/subscriptions/00000000-0000-0000-0000-000000000000/providers/Microsoft.EventGrid/locations/westcentralus/operationResults/18FBC1A2-D97D-46D6-93BF-21D3E2363692?api-version=2019-02-01-preview
      pragma:
      - no-cache
      server:
      - Microsoft-HTTPAPI/2.0
      strict-transport-security:
      - max-age=31536000; includeSubDomains
      x-content-type-options:
      - nosniff
      x-ms-ratelimit-remaining-subscription-deletes:
      - '14998'
    status:
      code: 202
      message: Accepted
- request:
    body: null
    headers:
      Accept:
      - application/json
      Accept-Encoding:
      - gzip, deflate
      CommandName:
      - eventgrid event-subscription delete
      Connection:
      - keep-alive
      ParameterSetName:
      - --resource-id --name
      User-Agent:
      - python/3.7.3 (Windows-10-10.0.18362-SP0) msrest/0.6.6 msrest_azure/0.6.0 azure-mgmt-eventgrid/2019-02-01-preview
        Azure-SDK-For-Python AZURECLI/2.0.65
    method: GET
    uri: https://management.azure.com/subscriptions/00000000-0000-0000-0000-000000000000/providers/Microsoft.EventGrid/locations/westcentralus/operationResults/18FBC1A2-D97D-46D6-93BF-21D3E2363692?api-version=2019-02-01-preview
  response:
    body:
      string: ''
    headers:
      cache-control:
      - no-cache
      content-length:
      - '0'
      date:
      - Fri, 31 May 2019 22:17:17 GMT
      expires:
      - '-1'
      pragma:
      - no-cache
      server:
      - Microsoft-HTTPAPI/2.0
      strict-transport-security:
      - max-age=31536000; includeSubDomains
      x-content-type-options:
      - nosniff
    status:
      code: 200
      message: OK
- request:
    body: null
    headers:
      Accept:
      - application/json
      Accept-Encoding:
      - gzip, deflate
      CommandName:
      - eventgrid topic delete
      Connection:
      - keep-alive
      Content-Length:
      - '0'
      ParameterSetName:
      - --name --resource-group
      User-Agent:
      - python/3.7.3 (Windows-10-10.0.18362-SP0) msrest/0.6.6 msrest_azure/0.6.0 azure-mgmt-eventgrid/2019-02-01-preview
        Azure-SDK-For-Python AZURECLI/2.0.65
      accept-language:
      - en-US
    method: DELETE
    uri: https://management.azure.com/subscriptions/00000000-0000-0000-0000-000000000000/resourceGroups/clitest.rg000001/providers/Microsoft.EventGrid/topics/cli000002?api-version=2019-02-01-preview
  response:
    body:
      string: ''
    headers:
      cache-control:
      - no-cache
      content-length:
      - '0'
      date:
      - Fri, 31 May 2019 22:17:19 GMT
      expires:
      - '-1'
      location:
      - https://management.azure.com/subscriptions/00000000-0000-0000-0000-000000000000/providers/Microsoft.EventGrid/locations/westcentralus/operationResults/41043F1E-68BD-45B6-8335-0A907D5F644D?api-version=2019-02-01-preview
      pragma:
      - no-cache
      server:
      - Microsoft-HTTPAPI/2.0
      strict-transport-security:
      - max-age=31536000; includeSubDomains
      x-content-type-options:
      - nosniff
      x-ms-ratelimit-remaining-subscription-deletes:
      - '14999'
    status:
      code: 202
      message: Accepted
- request:
    body: null
    headers:
      Accept:
      - application/json
      Accept-Encoding:
      - gzip, deflate
      CommandName:
      - eventgrid topic delete
      Connection:
      - keep-alive
      ParameterSetName:
      - --name --resource-group
      User-Agent:
      - python/3.7.3 (Windows-10-10.0.18362-SP0) msrest/0.6.6 msrest_azure/0.6.0 azure-mgmt-eventgrid/2019-02-01-preview
        Azure-SDK-For-Python AZURECLI/2.0.65
    method: GET
    uri: https://management.azure.com/subscriptions/00000000-0000-0000-0000-000000000000/providers/Microsoft.EventGrid/locations/westcentralus/operationResults/41043F1E-68BD-45B6-8335-0A907D5F644D?api-version=2019-02-01-preview
  response:
    body:
      string: ''
    headers:
      cache-control:
      - no-cache
      content-length:
      - '0'
      date:
      - Fri, 31 May 2019 22:17:29 GMT
      expires:
      - '-1'
      pragma:
      - no-cache
      server:
      - Microsoft-HTTPAPI/2.0
      strict-transport-security:
      - max-age=31536000; includeSubDomains
      x-content-type-options:
      - nosniff
    status:
      code: 200
      message: OK
- request:
    body: null
    headers:
      Accept:
      - application/json
      Accept-Encoding:
      - gzip, deflate
      CommandName:
      - group delete
      Connection:
      - keep-alive
      Content-Length:
      - '0'
      ParameterSetName:
      - --name --yes --no-wait
      User-Agent:
      - python/3.7.3 (Windows-10-10.0.18362-SP0) msrest/0.6.6 msrest_azure/0.6.0 resourcemanagementclient/2.1.0
        Azure-SDK-For-Python AZURECLI/2.0.65
      accept-language:
      - en-US
    method: DELETE
    uri: https://management.azure.com/subscriptions/00000000-0000-0000-0000-000000000000/resourcegroups/clitest.rg000001?api-version=2018-05-01
  response:
    body:
      string: ''
    headers:
      cache-control:
      - no-cache
      content-length:
      - '0'
      date:
      - Fri, 31 May 2019 22:17:31 GMT
      expires:
      - '-1'
      location:
      - https://management.azure.com/subscriptions/00000000-0000-0000-0000-000000000000/operationresults/eyJqb2JJZCI6IlJFU09VUkNFR1JPVVBERUxFVElPTkpPQi1DTElURVNUOjJFUkc2VlhPTklCTkNCVllUSVBQNTVFQ1E2UlZFS0RSR0dDQUtYSnxEM0NENUY1NjYwMkNDRDM2LVdFU1RVUyIsImpvYkxvY2F0aW9uIjoid2VzdHVzIn0?api-version=2018-05-01
      pragma:
      - no-cache
      strict-transport-security:
      - max-age=31536000; includeSubDomains
      x-content-type-options:
      - nosniff
      x-ms-ratelimit-remaining-subscription-deletes:
      - '14998'
    status:
      code: 202
      message: Accepted
version: 1
