interactions:
- request:
    body: 'b''{"properties": {"level": "ReadOnly"}, "name": "cli-test-lock000001"}'''
    headers:
      Accept: [application/json]
      Accept-Encoding: ['gzip, deflate']
      CommandName: [lock create]
      Connection: [keep-alive]
      Content-Length: ['97']
      Content-Type: [application/json; charset=utf-8]
      User-Agent: [python/3.6.1 (Windows-10-10.0.17134-SP0) requests/2.18.4 msrest/0.4.29
          msrest_azure/0.4.30 managementlockclient/1.2.1 Azure-SDK-For-Python AZURECLI/2.0.33]
      accept-language: [en-US]
    method: PUT
    uri: https://management.azure.com/subscriptions/00000000-0000-0000-0000-000000000000/providers/Microsoft.Authorization/locks/cli-test-lock000001?api-version=2015-01-01
  response:
    body: {string: '{"properties":{"level":"ReadOnly"},"id":"/subscriptions/00000000-0000-0000-0000-000000000000/providers/Microsoft.Authorization/locks/cli-test-lock000001","type":"Microsoft.Authorization/locks","name":"cli-test-lock000001"}'}
    headers:
      cache-control: [no-cache]
      content-length: ['280']
      content-type: [application/json; charset=utf-8]
      date: ['Thu, 17 May 2018 20:39:46 GMT']
      expires: ['-1']
      pragma: [no-cache]
      strict-transport-security: [max-age=31536000; includeSubDomains]
      x-content-type-options: [nosniff]
      x-ms-ratelimit-remaining-subscription-writes: ['1198']
    status: {code: 201, message: Created}
- request:
    body: null
    headers:
      Accept: [application/json]
      Accept-Encoding: ['gzip, deflate']
      CommandName: [lock list]
      Connection: [keep-alive]
      Content-Type: [application/json; charset=utf-8]
      User-Agent: [python/3.6.1 (Windows-10-10.0.17134-SP0) requests/2.18.4 msrest/0.4.29
          msrest_azure/0.4.30 managementlockclient/1.2.1 Azure-SDK-For-Python AZURECLI/2.0.33]
      accept-language: [en-US]
    method: GET
    uri: https://management.azure.com/subscriptions/00000000-0000-0000-0000-000000000000/providers/Microsoft.Authorization/locks?api-version=2015-01-01
  response:
    body: {string: '{"value":[{"properties":{"level":"ReadOnly"},"id":"/subscriptions/00000000-0000-0000-0000-000000000000/providers/Microsoft.Authorization/locks/cli-test-lock000001","type":"Microsoft.Authorization/locks","name":"cli-test-lock000001"},{"properties":{"level":"CanNotDelete"},"id":"/subscriptions/00000000-0000-0000-0000-000000000000/resourcegroups/cli_test_cannotdelete_resource_lockgzfvhhyaaogl2ecqeng6egpkx3t4bi4hq22xh2lv/providers/Microsoft.Network/virtualNetworks/cli.lock.rsrc2o3hho4gobe7jw525/providers/Microsoft.Authorization/locks/cli-test-locklloly3o3po3ywcqotwy7xvnor7lxwjgwj2ibtsebscgbgzqce4ygy5qsrv5fb","type":"Microsoft.Authorization/locks","name":"cli-test-locklloly3o3po3ywcqotwy7xvnor7lxwjgwj2ibtsebscgbgzqce4ygy5qsrv5fb"},{"properties":{"level":"CanNotDelete","notes":"Reserved
        resource locked by ''cliautomationlab'' lab."},"id":"/subscriptions/00000000-0000-0000-0000-000000000000/resourcegroups/cliautomationm3utrrbx7ntvb356eqynqiauhjpfhvyicagolw3vzmsiek54rhgowr6eudkv2e/providers/Microsoft.Storage/storageAccounts/acliautomationlab4390/providers/Microsoft.Authorization/locks/DevTestLabs
        Lock","type":"Microsoft.Authorization/locks","name":"DevTestLabs Lock"},{"properties":{"level":"CanNotDelete","notes":"Reserved
        resource locked by ''cliautomationlab'' lab."},"id":"/subscriptions/00000000-0000-0000-0000-000000000000/resourcegroups/cliautomationm3utrrbx7ntvb356eqynqiauhjpfhvyicagolw3vzmsiek54rhgowr6eudkv2e/providers/Microsoft.KeyVault/vaults/cliautomationlab3183/providers/Microsoft.Authorization/locks/DevTestLabs
        Lock","type":"Microsoft.Authorization/locks","name":"DevTestLabs Lock"},{"properties":{"level":"CanNotDelete","notes":"Reserved
        resource locked by ''cliautomationlab'' lab."},"id":"/subscriptions/00000000-0000-0000-0000-000000000000/resourcegroups/cliautomationm3utrrbx7ntvb356eqynqiauhjpfhvyicagolw3vzmsiek54rhgowr6eudkv2e/providers/Microsoft.Network/virtualNetworks/Dtlcliautomationlab/providers/Microsoft.Authorization/locks/DevTestLabs
        Lock","type":"Microsoft.Authorization/locks","name":"DevTestLabs Lock"},{"properties":{"level":"CanNotDelete"},"id":"/subscriptions/00000000-0000-0000-0000-000000000000/resourceGroups/sr/providers/Microsoft.Authorization/locks/nodel","type":"Microsoft.Authorization/locks","name":"nodel"},{"properties":{"level":"CanNotDelete"},"id":"/subscriptions/00000000-0000-0000-0000-000000000000/resourceGroups/rg605582365a/providers/Microsoft.Authorization/locks/rglock","type":"Microsoft.Authorization/locks","name":"rglock"},{"properties":{"level":"CanNotDelete"},"id":"/subscriptions/00000000-0000-0000-0000-000000000000/resourceGroups/cliperf/providers/Microsoft.Authorization/locks/lockName","type":"Microsoft.Authorization/locks","name":"lockName"},{"properties":{"level":"CanNotDelete","notes":""},"id":"/subscriptions/00000000-0000-0000-0000-000000000000/resourcegroups/cliperf/providers/Microsoft.Authorization/locks/nodel","type":"Microsoft.Authorization/locks","name":"nodel"},{"properties":{"level":"CanNotDelete","notes":"Reserved
        resource locked by ''cliautomationlab'' lab."},"id":"/subscriptions/00000000-0000-0000-0000-000000000000/resourcegroups/cliautomation01p6iszzzx4aw67ogvpe3mha4vbctvd7pujeyehkxs5dgwiwjyhxndtrv7o3sp/providers/Microsoft.Storage/storageAccounts/acliautomationlab8914/providers/Microsoft.Authorization/locks/DevTestLabs
        Lock","type":"Microsoft.Authorization/locks","name":"DevTestLabs Lock"},{"properties":{"level":"CanNotDelete","notes":"Reserved
        resource locked by ''cliautomationlab'' lab."},"id":"/subscriptions/00000000-0000-0000-0000-000000000000/resourcegroups/cliautomation01p6iszzzx4aw67ogvpe3mha4vbctvd7pujeyehkxs5dgwiwjyhxndtrv7o3sp/providers/Microsoft.KeyVault/vaults/cliautomationlab6909/providers/Microsoft.Authorization/locks/DevTestLabs
        Lock","type":"Microsoft.Authorization/locks","name":"DevTestLabs Lock"},{"properties":{"level":"CanNotDelete","notes":"Reserved
        resource locked by ''cliautomationlab'' lab."},"id":"/subscriptions/00000000-0000-0000-0000-000000000000/resourcegroups/cliautomation01p6iszzzx4aw67ogvpe3mha4vbctvd7pujeyehkxs5dgwiwjyhxndtrv7o3sp/providers/Microsoft.Network/virtualNetworks/Dtlcliautomationlab/providers/Microsoft.Authorization/locks/DevTestLabs
        Lock","type":"Microsoft.Authorization/locks","name":"DevTestLabs Lock"}]}'}
    headers:
      cache-control: [no-cache]
      content-length: ['4320']
      content-type: [application/json; charset=utf-8]
      date: ['Thu, 17 May 2018 20:39:47 GMT']
      expires: ['-1']
      pragma: [no-cache]
      strict-transport-security: [max-age=31536000; includeSubDomains]
      transfer-encoding: [chunked]
      vary: ['Accept-Encoding,Accept-Encoding']
      x-content-type-options: [nosniff]
    status: {code: 200, message: OK}
- request:
    body: null
    headers:
      Accept: [application/json]
      Accept-Encoding: ['gzip, deflate']
      CommandName: [lock show]
      Connection: [keep-alive]
      Content-Type: [application/json; charset=utf-8]
      User-Agent: [python/3.6.1 (Windows-10-10.0.17134-SP0) requests/2.18.4 msrest/0.4.29
          msrest_azure/0.4.30 managementlockclient/1.2.1 Azure-SDK-For-Python AZURECLI/2.0.33]
      accept-language: [en-US]
    method: GET
    uri: https://management.azure.com/subscriptions/00000000-0000-0000-0000-000000000000/providers/Microsoft.Authorization/locks?api-version=2015-01-01
  response:
    body: {string: '{"value":[{"properties":{"level":"ReadOnly"},"id":"/subscriptions/00000000-0000-0000-0000-000000000000/providers/Microsoft.Authorization/locks/cli-test-lock000001","type":"Microsoft.Authorization/locks","name":"cli-test-lock000001"},{"properties":{"level":"CanNotDelete"},"id":"/subscriptions/00000000-0000-0000-0000-000000000000/resourcegroups/cli_test_cannotdelete_resource_lockgzfvhhyaaogl2ecqeng6egpkx3t4bi4hq22xh2lv/providers/Microsoft.Network/virtualNetworks/cli.lock.rsrc2o3hho4gobe7jw525/providers/Microsoft.Authorization/locks/cli-test-locklloly3o3po3ywcqotwy7xvnor7lxwjgwj2ibtsebscgbgzqce4ygy5qsrv5fb","type":"Microsoft.Authorization/locks","name":"cli-test-locklloly3o3po3ywcqotwy7xvnor7lxwjgwj2ibtsebscgbgzqce4ygy5qsrv5fb"},{"properties":{"level":"CanNotDelete","notes":"Reserved
        resource locked by ''cliautomationlab'' lab."},"id":"/subscriptions/00000000-0000-0000-0000-000000000000/resourcegroups/cliautomationm3utrrbx7ntvb356eqynqiauhjpfhvyicagolw3vzmsiek54rhgowr6eudkv2e/providers/Microsoft.Storage/storageAccounts/acliautomationlab4390/providers/Microsoft.Authorization/locks/DevTestLabs
        Lock","type":"Microsoft.Authorization/locks","name":"DevTestLabs Lock"},{"properties":{"level":"CanNotDelete","notes":"Reserved
        resource locked by ''cliautomationlab'' lab."},"id":"/subscriptions/00000000-0000-0000-0000-000000000000/resourcegroups/cliautomationm3utrrbx7ntvb356eqynqiauhjpfhvyicagolw3vzmsiek54rhgowr6eudkv2e/providers/Microsoft.KeyVault/vaults/cliautomationlab3183/providers/Microsoft.Authorization/locks/DevTestLabs
        Lock","type":"Microsoft.Authorization/locks","name":"DevTestLabs Lock"},{"properties":{"level":"CanNotDelete","notes":"Reserved
        resource locked by ''cliautomationlab'' lab."},"id":"/subscriptions/00000000-0000-0000-0000-000000000000/resourcegroups/cliautomationm3utrrbx7ntvb356eqynqiauhjpfhvyicagolw3vzmsiek54rhgowr6eudkv2e/providers/Microsoft.Network/virtualNetworks/Dtlcliautomationlab/providers/Microsoft.Authorization/locks/DevTestLabs
        Lock","type":"Microsoft.Authorization/locks","name":"DevTestLabs Lock"},{"properties":{"level":"CanNotDelete"},"id":"/subscriptions/00000000-0000-0000-0000-000000000000/resourceGroups/sr/providers/Microsoft.Authorization/locks/nodel","type":"Microsoft.Authorization/locks","name":"nodel"},{"properties":{"level":"CanNotDelete"},"id":"/subscriptions/00000000-0000-0000-0000-000000000000/resourceGroups/rg605582365a/providers/Microsoft.Authorization/locks/rglock","type":"Microsoft.Authorization/locks","name":"rglock"},{"properties":{"level":"CanNotDelete"},"id":"/subscriptions/00000000-0000-0000-0000-000000000000/resourceGroups/cliperf/providers/Microsoft.Authorization/locks/lockName","type":"Microsoft.Authorization/locks","name":"lockName"},{"properties":{"level":"CanNotDelete","notes":""},"id":"/subscriptions/00000000-0000-0000-0000-000000000000/resourcegroups/cliperf/providers/Microsoft.Authorization/locks/nodel","type":"Microsoft.Authorization/locks","name":"nodel"},{"properties":{"level":"CanNotDelete","notes":"Reserved
        resource locked by ''cliautomationlab'' lab."},"id":"/subscriptions/00000000-0000-0000-0000-000000000000/resourcegroups/cliautomation01p6iszzzx4aw67ogvpe3mha4vbctvd7pujeyehkxs5dgwiwjyhxndtrv7o3sp/providers/Microsoft.Storage/storageAccounts/acliautomationlab8914/providers/Microsoft.Authorization/locks/DevTestLabs
        Lock","type":"Microsoft.Authorization/locks","name":"DevTestLabs Lock"},{"properties":{"level":"CanNotDelete","notes":"Reserved
        resource locked by ''cliautomationlab'' lab."},"id":"/subscriptions/00000000-0000-0000-0000-000000000000/resourcegroups/cliautomation01p6iszzzx4aw67ogvpe3mha4vbctvd7pujeyehkxs5dgwiwjyhxndtrv7o3sp/providers/Microsoft.KeyVault/vaults/cliautomationlab6909/providers/Microsoft.Authorization/locks/DevTestLabs
        Lock","type":"Microsoft.Authorization/locks","name":"DevTestLabs Lock"},{"properties":{"level":"CanNotDelete","notes":"Reserved
        resource locked by ''cliautomationlab'' lab."},"id":"/subscriptions/00000000-0000-0000-0000-000000000000/resourcegroups/cliautomation01p6iszzzx4aw67ogvpe3mha4vbctvd7pujeyehkxs5dgwiwjyhxndtrv7o3sp/providers/Microsoft.Network/virtualNetworks/Dtlcliautomationlab/providers/Microsoft.Authorization/locks/DevTestLabs
        Lock","type":"Microsoft.Authorization/locks","name":"DevTestLabs Lock"}]}'}
    headers:
      cache-control: [no-cache]
      content-length: ['4320']
      content-type: [application/json; charset=utf-8]
      date: ['Thu, 17 May 2018 20:39:47 GMT']
      expires: ['-1']
      pragma: [no-cache]
      strict-transport-security: [max-age=31536000; includeSubDomains]
      transfer-encoding: [chunked]
      vary: ['Accept-Encoding,Accept-Encoding']
      x-content-type-options: [nosniff]
    status: {code: 200, message: OK}
- request:
    body: null
    headers:
      Accept: [application/json]
      Accept-Encoding: ['gzip, deflate']
      CommandName: [lock show]
      Connection: [keep-alive]
      Content-Type: [application/json; charset=utf-8]
      User-Agent: [python/3.6.1 (Windows-10-10.0.17134-SP0) requests/2.18.4 msrest/0.4.29
          msrest_azure/0.4.30 managementlockclient/1.2.1 Azure-SDK-For-Python AZURECLI/2.0.33]
      accept-language: [en-US]
    method: GET
    uri: https://management.azure.com/subscriptions/00000000-0000-0000-0000-000000000000/providers/Microsoft.Authorization/locks/cli-test-lock000001?api-version=2015-01-01
  response:
    body: {string: '{"properties":{"level":"ReadOnly"},"id":"/subscriptions/00000000-0000-0000-0000-000000000000/providers/Microsoft.Authorization/locks/cli-test-lock000001","type":"Microsoft.Authorization/locks","name":"cli-test-lock000001"}'}
    headers:
      cache-control: [no-cache]
      content-length: ['280']
      content-type: [application/json; charset=utf-8]
      date: ['Thu, 17 May 2018 20:39:47 GMT']
      expires: ['-1']
      pragma: [no-cache]
      strict-transport-security: [max-age=31536000; includeSubDomains]
      transfer-encoding: [chunked]
      vary: ['Accept-Encoding,Accept-Encoding']
      x-content-type-options: [nosniff]
    status: {code: 200, message: OK}
- request:
    body: null
    headers:
      Accept: [application/json]
      Accept-Encoding: ['gzip, deflate']
      CommandName: [lock show]
      Connection: [keep-alive]
      Content-Type: [application/json; charset=utf-8]
      User-Agent: [python/3.6.1 (Windows-10-10.0.17134-SP0) requests/2.18.4 msrest/0.4.29
          msrest_azure/0.4.30 managementlockclient/1.2.1 Azure-SDK-For-Python AZURECLI/2.0.33]
      accept-language: [en-US]
    method: GET
    uri: https://management.azure.com/subscriptions/00000000-0000-0000-0000-000000000000/providers/Microsoft.Authorization/locks?api-version=2015-01-01
  response:
    body: {string: '{"value":[{"properties":{"level":"ReadOnly"},"id":"/subscriptions/00000000-0000-0000-0000-000000000000/providers/Microsoft.Authorization/locks/cli-test-lock000001","type":"Microsoft.Authorization/locks","name":"cli-test-lock000001"},{"properties":{"level":"CanNotDelete"},"id":"/subscriptions/00000000-0000-0000-0000-000000000000/resourcegroups/cli_test_cannotdelete_resource_lockgzfvhhyaaogl2ecqeng6egpkx3t4bi4hq22xh2lv/providers/Microsoft.Network/virtualNetworks/cli.lock.rsrc2o3hho4gobe7jw525/providers/Microsoft.Authorization/locks/cli-test-locklloly3o3po3ywcqotwy7xvnor7lxwjgwj2ibtsebscgbgzqce4ygy5qsrv5fb","type":"Microsoft.Authorization/locks","name":"cli-test-locklloly3o3po3ywcqotwy7xvnor7lxwjgwj2ibtsebscgbgzqce4ygy5qsrv5fb"},{"properties":{"level":"CanNotDelete","notes":"Reserved
        resource locked by ''cliautomationlab'' lab."},"id":"/subscriptions/00000000-0000-0000-0000-000000000000/resourcegroups/cliautomationm3utrrbx7ntvb356eqynqiauhjpfhvyicagolw3vzmsiek54rhgowr6eudkv2e/providers/Microsoft.Storage/storageAccounts/acliautomationlab4390/providers/Microsoft.Authorization/locks/DevTestLabs
        Lock","type":"Microsoft.Authorization/locks","name":"DevTestLabs Lock"},{"properties":{"level":"CanNotDelete","notes":"Reserved
        resource locked by ''cliautomationlab'' lab."},"id":"/subscriptions/00000000-0000-0000-0000-000000000000/resourcegroups/cliautomationm3utrrbx7ntvb356eqynqiauhjpfhvyicagolw3vzmsiek54rhgowr6eudkv2e/providers/Microsoft.KeyVault/vaults/cliautomationlab3183/providers/Microsoft.Authorization/locks/DevTestLabs
        Lock","type":"Microsoft.Authorization/locks","name":"DevTestLabs Lock"},{"properties":{"level":"CanNotDelete","notes":"Reserved
        resource locked by ''cliautomationlab'' lab."},"id":"/subscriptions/00000000-0000-0000-0000-000000000000/resourcegroups/cliautomationm3utrrbx7ntvb356eqynqiauhjpfhvyicagolw3vzmsiek54rhgowr6eudkv2e/providers/Microsoft.Network/virtualNetworks/Dtlcliautomationlab/providers/Microsoft.Authorization/locks/DevTestLabs
        Lock","type":"Microsoft.Authorization/locks","name":"DevTestLabs Lock"},{"properties":{"level":"CanNotDelete"},"id":"/subscriptions/00000000-0000-0000-0000-000000000000/resourceGroups/sr/providers/Microsoft.Authorization/locks/nodel","type":"Microsoft.Authorization/locks","name":"nodel"},{"properties":{"level":"CanNotDelete"},"id":"/subscriptions/00000000-0000-0000-0000-000000000000/resourceGroups/rg605582365a/providers/Microsoft.Authorization/locks/rglock","type":"Microsoft.Authorization/locks","name":"rglock"},{"properties":{"level":"CanNotDelete"},"id":"/subscriptions/00000000-0000-0000-0000-000000000000/resourceGroups/cliperf/providers/Microsoft.Authorization/locks/lockName","type":"Microsoft.Authorization/locks","name":"lockName"},{"properties":{"level":"CanNotDelete","notes":""},"id":"/subscriptions/00000000-0000-0000-0000-000000000000/resourcegroups/cliperf/providers/Microsoft.Authorization/locks/nodel","type":"Microsoft.Authorization/locks","name":"nodel"},{"properties":{"level":"CanNotDelete","notes":"Reserved
        resource locked by ''cliautomationlab'' lab."},"id":"/subscriptions/00000000-0000-0000-0000-000000000000/resourcegroups/cliautomation01p6iszzzx4aw67ogvpe3mha4vbctvd7pujeyehkxs5dgwiwjyhxndtrv7o3sp/providers/Microsoft.Storage/storageAccounts/acliautomationlab8914/providers/Microsoft.Authorization/locks/DevTestLabs
        Lock","type":"Microsoft.Authorization/locks","name":"DevTestLabs Lock"},{"properties":{"level":"CanNotDelete","notes":"Reserved
        resource locked by ''cliautomationlab'' lab."},"id":"/subscriptions/00000000-0000-0000-0000-000000000000/resourcegroups/cliautomation01p6iszzzx4aw67ogvpe3mha4vbctvd7pujeyehkxs5dgwiwjyhxndtrv7o3sp/providers/Microsoft.KeyVault/vaults/cliautomationlab6909/providers/Microsoft.Authorization/locks/DevTestLabs
        Lock","type":"Microsoft.Authorization/locks","name":"DevTestLabs Lock"},{"properties":{"level":"CanNotDelete","notes":"Reserved
        resource locked by ''cliautomationlab'' lab."},"id":"/subscriptions/00000000-0000-0000-0000-000000000000/resourcegroups/cliautomation01p6iszzzx4aw67ogvpe3mha4vbctvd7pujeyehkxs5dgwiwjyhxndtrv7o3sp/providers/Microsoft.Network/virtualNetworks/Dtlcliautomationlab/providers/Microsoft.Authorization/locks/DevTestLabs
        Lock","type":"Microsoft.Authorization/locks","name":"DevTestLabs Lock"}]}'}
    headers:
      cache-control: [no-cache]
      content-length: ['4320']
      content-type: [application/json; charset=utf-8]
      date: ['Thu, 17 May 2018 20:39:49 GMT']
      expires: ['-1']
      pragma: [no-cache]
      strict-transport-security: [max-age=31536000; includeSubDomains]
      transfer-encoding: [chunked]
      vary: ['Accept-Encoding,Accept-Encoding']
      x-content-type-options: [nosniff]
    status: {code: 200, message: OK}
- request:
    body: null
    headers:
      Accept: [application/json]
      Accept-Encoding: ['gzip, deflate']
      CommandName: [lock show]
      Connection: [keep-alive]
      Content-Type: [application/json; charset=utf-8]
      User-Agent: [python/3.6.1 (Windows-10-10.0.17134-SP0) requests/2.18.4 msrest/0.4.29
          msrest_azure/0.4.30 managementlockclient/1.2.1 Azure-SDK-For-Python AZURECLI/2.0.33]
      accept-language: [en-US]
    method: GET
    uri: https://management.azure.com/subscriptions/00000000-0000-0000-0000-000000000000/providers/Microsoft.Authorization/locks/cli-test-lock000001?api-version=2015-01-01
  response:
    body: {string: '{"properties":{"level":"ReadOnly"},"id":"/subscriptions/00000000-0000-0000-0000-000000000000/providers/Microsoft.Authorization/locks/cli-test-lock000001","type":"Microsoft.Authorization/locks","name":"cli-test-lock000001"}'}
    headers:
      cache-control: [no-cache]
      content-length: ['280']
      content-type: [application/json; charset=utf-8]
      date: ['Thu, 17 May 2018 20:39:49 GMT']
      expires: ['-1']
      pragma: [no-cache]
      strict-transport-security: [max-age=31536000; includeSubDomains]
      transfer-encoding: [chunked]
      vary: ['Accept-Encoding,Accept-Encoding']
      x-content-type-options: [nosniff]
    status: {code: 200, message: OK}
- request:
    body: null
    headers:
      Accept: [application/json]
      Accept-Encoding: ['gzip, deflate']
      CommandName: [lock update]
      Connection: [keep-alive]
      Content-Type: [application/json; charset=utf-8]
      User-Agent: [python/3.6.1 (Windows-10-10.0.17134-SP0) requests/2.18.4 msrest/0.4.29
          msrest_azure/0.4.30 managementlockclient/1.2.1 Azure-SDK-For-Python AZURECLI/2.0.33]
      accept-language: [en-US]
    method: GET
    uri: https://management.azure.com/subscriptions/00000000-0000-0000-0000-000000000000/providers/Microsoft.Authorization/locks?api-version=2015-01-01
  response:
    body: {string: '{"value":[{"properties":{"level":"ReadOnly"},"id":"/subscriptions/00000000-0000-0000-0000-000000000000/providers/Microsoft.Authorization/locks/cli-test-lock000001","type":"Microsoft.Authorization/locks","name":"cli-test-lock000001"},{"properties":{"level":"CanNotDelete"},"id":"/subscriptions/00000000-0000-0000-0000-000000000000/resourcegroups/cli_test_cannotdelete_resource_lockgzfvhhyaaogl2ecqeng6egpkx3t4bi4hq22xh2lv/providers/Microsoft.Network/virtualNetworks/cli.lock.rsrc2o3hho4gobe7jw525/providers/Microsoft.Authorization/locks/cli-test-locklloly3o3po3ywcqotwy7xvnor7lxwjgwj2ibtsebscgbgzqce4ygy5qsrv5fb","type":"Microsoft.Authorization/locks","name":"cli-test-locklloly3o3po3ywcqotwy7xvnor7lxwjgwj2ibtsebscgbgzqce4ygy5qsrv5fb"},{"properties":{"level":"CanNotDelete","notes":"Reserved
        resource locked by ''cliautomationlab'' lab."},"id":"/subscriptions/00000000-0000-0000-0000-000000000000/resourcegroups/cliautomationm3utrrbx7ntvb356eqynqiauhjpfhvyicagolw3vzmsiek54rhgowr6eudkv2e/providers/Microsoft.Storage/storageAccounts/acliautomationlab4390/providers/Microsoft.Authorization/locks/DevTestLabs
        Lock","type":"Microsoft.Authorization/locks","name":"DevTestLabs Lock"},{"properties":{"level":"CanNotDelete","notes":"Reserved
        resource locked by ''cliautomationlab'' lab."},"id":"/subscriptions/00000000-0000-0000-0000-000000000000/resourcegroups/cliautomationm3utrrbx7ntvb356eqynqiauhjpfhvyicagolw3vzmsiek54rhgowr6eudkv2e/providers/Microsoft.KeyVault/vaults/cliautomationlab3183/providers/Microsoft.Authorization/locks/DevTestLabs
        Lock","type":"Microsoft.Authorization/locks","name":"DevTestLabs Lock"},{"properties":{"level":"CanNotDelete","notes":"Reserved
        resource locked by ''cliautomationlab'' lab."},"id":"/subscriptions/00000000-0000-0000-0000-000000000000/resourcegroups/cliautomationm3utrrbx7ntvb356eqynqiauhjpfhvyicagolw3vzmsiek54rhgowr6eudkv2e/providers/Microsoft.Network/virtualNetworks/Dtlcliautomationlab/providers/Microsoft.Authorization/locks/DevTestLabs
        Lock","type":"Microsoft.Authorization/locks","name":"DevTestLabs Lock"},{"properties":{"level":"CanNotDelete"},"id":"/subscriptions/00000000-0000-0000-0000-000000000000/resourceGroups/sr/providers/Microsoft.Authorization/locks/nodel","type":"Microsoft.Authorization/locks","name":"nodel"},{"properties":{"level":"CanNotDelete"},"id":"/subscriptions/00000000-0000-0000-0000-000000000000/resourceGroups/rg605582365a/providers/Microsoft.Authorization/locks/rglock","type":"Microsoft.Authorization/locks","name":"rglock"},{"properties":{"level":"CanNotDelete"},"id":"/subscriptions/00000000-0000-0000-0000-000000000000/resourceGroups/cliperf/providers/Microsoft.Authorization/locks/lockName","type":"Microsoft.Authorization/locks","name":"lockName"},{"properties":{"level":"CanNotDelete","notes":""},"id":"/subscriptions/00000000-0000-0000-0000-000000000000/resourcegroups/cliperf/providers/Microsoft.Authorization/locks/nodel","type":"Microsoft.Authorization/locks","name":"nodel"},{"properties":{"level":"CanNotDelete","notes":"Reserved
        resource locked by ''cliautomationlab'' lab."},"id":"/subscriptions/00000000-0000-0000-0000-000000000000/resourcegroups/cliautomation01p6iszzzx4aw67ogvpe3mha4vbctvd7pujeyehkxs5dgwiwjyhxndtrv7o3sp/providers/Microsoft.Storage/storageAccounts/acliautomationlab8914/providers/Microsoft.Authorization/locks/DevTestLabs
        Lock","type":"Microsoft.Authorization/locks","name":"DevTestLabs Lock"},{"properties":{"level":"CanNotDelete","notes":"Reserved
        resource locked by ''cliautomationlab'' lab."},"id":"/subscriptions/00000000-0000-0000-0000-000000000000/resourcegroups/cliautomation01p6iszzzx4aw67ogvpe3mha4vbctvd7pujeyehkxs5dgwiwjyhxndtrv7o3sp/providers/Microsoft.KeyVault/vaults/cliautomationlab6909/providers/Microsoft.Authorization/locks/DevTestLabs
        Lock","type":"Microsoft.Authorization/locks","name":"DevTestLabs Lock"},{"properties":{"level":"CanNotDelete","notes":"Reserved
        resource locked by ''cliautomationlab'' lab."},"id":"/subscriptions/00000000-0000-0000-0000-000000000000/resourcegroups/cliautomation01p6iszzzx4aw67ogvpe3mha4vbctvd7pujeyehkxs5dgwiwjyhxndtrv7o3sp/providers/Microsoft.Network/virtualNetworks/Dtlcliautomationlab/providers/Microsoft.Authorization/locks/DevTestLabs
        Lock","type":"Microsoft.Authorization/locks","name":"DevTestLabs Lock"}]}'}
    headers:
      cache-control: [no-cache]
      content-length: ['4320']
      content-type: [application/json; charset=utf-8]
      date: ['Thu, 17 May 2018 20:39:50 GMT']
      expires: ['-1']
      pragma: [no-cache]
      strict-transport-security: [max-age=31536000; includeSubDomains]
      transfer-encoding: [chunked]
      vary: ['Accept-Encoding,Accept-Encoding']
      x-content-type-options: [nosniff]
    status: {code: 200, message: OK}
- request:
    body: null
    headers:
      Accept: [application/json]
      Accept-Encoding: ['gzip, deflate']
      CommandName: [lock update]
      Connection: [keep-alive]
      Content-Type: [application/json; charset=utf-8]
      User-Agent: [python/3.6.1 (Windows-10-10.0.17134-SP0) requests/2.18.4 msrest/0.4.29
          msrest_azure/0.4.30 managementlockclient/1.2.1 Azure-SDK-For-Python AZURECLI/2.0.33]
      accept-language: [en-US]
    method: GET
    uri: https://management.azure.com/subscriptions/00000000-0000-0000-0000-000000000000/providers/Microsoft.Authorization/locks/cli-test-lock000001?api-version=2015-01-01
  response:
    body: {string: '{"properties":{"level":"ReadOnly"},"id":"/subscriptions/00000000-0000-0000-0000-000000000000/providers/Microsoft.Authorization/locks/cli-test-lock000001","type":"Microsoft.Authorization/locks","name":"cli-test-lock000001"}'}
    headers:
      cache-control: [no-cache]
      content-length: ['280']
      content-type: [application/json; charset=utf-8]
      date: ['Thu, 17 May 2018 20:39:50 GMT']
      expires: ['-1']
      pragma: [no-cache]
      strict-transport-security: [max-age=31536000; includeSubDomains]
      transfer-encoding: [chunked]
      vary: ['Accept-Encoding,Accept-Encoding']
      x-content-type-options: [nosniff]
    status: {code: 200, message: OK}
- request:
    body: 'b''b\''{"properties": {"level": "CanNotDelete", "notes": "notes000002"},
      "id": "/subscriptions/00000000-0000-0000-0000-000000000000/providers/Microsoft.Authorization/locks/cli-test-lock000001",
      "type": "Microsoft.Authorization/locks", "name": "cli-test-lock000001"}\'''''
    headers:
      Accept: [application/json]
      Accept-Encoding: ['gzip, deflate']
      CommandName: [lock update]
      Connection: [keep-alive]
      Content-Length: ['325']
      Content-Type: [application/json; charset=utf-8]
      User-Agent: [python/3.6.1 (Windows-10-10.0.17134-SP0) requests/2.18.4 msrest/0.4.29
          msrest_azure/0.4.30 managementlockclient/1.2.1 Azure-SDK-For-Python AZURECLI/2.0.33]
      accept-language: [en-US]
    method: PUT
    uri: https://management.azure.com/subscriptions/00000000-0000-0000-0000-000000000000/providers/Microsoft.Authorization/locks/cli-test-lock000001?api-version=2015-01-01
  response:
    body: {string: '{"properties":{"level":"CanNotDelete","notes":"notes000002"},"id":"/subscriptions/00000000-0000-0000-0000-000000000000/providers/Microsoft.Authorization/locks/cli-test-lock000001","type":"Microsoft.Authorization/locks","name":"cli-test-lock000001"}'}
    headers:
      cache-control: [no-cache]
      content-length: ['315']
      content-type: [application/json; charset=utf-8]
      date: ['Thu, 17 May 2018 20:39:50 GMT']
      expires: ['-1']
      pragma: [no-cache]
      strict-transport-security: [max-age=31536000; includeSubDomains]
      transfer-encoding: [chunked]
      vary: ['Accept-Encoding,Accept-Encoding']
      x-content-type-options: [nosniff]
      x-ms-ratelimit-remaining-subscription-writes: ['1199']
    status: {code: 200, message: OK}
- request:
    body: null
    headers:
      Accept: [application/json]
      Accept-Encoding: ['gzip, deflate']
      CommandName: [lock update]
      Connection: [keep-alive]
      Content-Type: [application/json; charset=utf-8]
      User-Agent: [python/3.6.1 (Windows-10-10.0.17134-SP0) requests/2.18.4 msrest/0.4.29
          msrest_azure/0.4.30 managementlockclient/1.2.1 Azure-SDK-For-Python AZURECLI/2.0.33]
      accept-language: [en-US]
    method: GET
    uri: https://management.azure.com/subscriptions/00000000-0000-0000-0000-000000000000/providers/Microsoft.Authorization/locks?api-version=2015-01-01
  response:
    body: {string: '{"value":[{"properties":{"level":"CanNotDelete","notes":"notes000002"},"id":"/subscriptions/00000000-0000-0000-0000-000000000000/providers/Microsoft.Authorization/locks/cli-test-lock000001","type":"Microsoft.Authorization/locks","name":"cli-test-lock000001"},{"properties":{"level":"CanNotDelete"},"id":"/subscriptions/00000000-0000-0000-0000-000000000000/resourcegroups/cli_test_cannotdelete_resource_lockgzfvhhyaaogl2ecqeng6egpkx3t4bi4hq22xh2lv/providers/Microsoft.Network/virtualNetworks/cli.lock.rsrc2o3hho4gobe7jw525/providers/Microsoft.Authorization/locks/cli-test-locklloly3o3po3ywcqotwy7xvnor7lxwjgwj2ibtsebscgbgzqce4ygy5qsrv5fb","type":"Microsoft.Authorization/locks","name":"cli-test-locklloly3o3po3ywcqotwy7xvnor7lxwjgwj2ibtsebscgbgzqce4ygy5qsrv5fb"},{"properties":{"level":"CanNotDelete","notes":"Reserved
        resource locked by ''cliautomationlab'' lab."},"id":"/subscriptions/00000000-0000-0000-0000-000000000000/resourcegroups/cliautomationm3utrrbx7ntvb356eqynqiauhjpfhvyicagolw3vzmsiek54rhgowr6eudkv2e/providers/Microsoft.Storage/storageAccounts/acliautomationlab4390/providers/Microsoft.Authorization/locks/DevTestLabs
        Lock","type":"Microsoft.Authorization/locks","name":"DevTestLabs Lock"},{"properties":{"level":"CanNotDelete","notes":"Reserved
        resource locked by ''cliautomationlab'' lab."},"id":"/subscriptions/00000000-0000-0000-0000-000000000000/resourcegroups/cliautomationm3utrrbx7ntvb356eqynqiauhjpfhvyicagolw3vzmsiek54rhgowr6eudkv2e/providers/Microsoft.KeyVault/vaults/cliautomationlab3183/providers/Microsoft.Authorization/locks/DevTestLabs
        Lock","type":"Microsoft.Authorization/locks","name":"DevTestLabs Lock"},{"properties":{"level":"CanNotDelete","notes":"Reserved
        resource locked by ''cliautomationlab'' lab."},"id":"/subscriptions/00000000-0000-0000-0000-000000000000/resourcegroups/cliautomationm3utrrbx7ntvb356eqynqiauhjpfhvyicagolw3vzmsiek54rhgowr6eudkv2e/providers/Microsoft.Network/virtualNetworks/Dtlcliautomationlab/providers/Microsoft.Authorization/locks/DevTestLabs
        Lock","type":"Microsoft.Authorization/locks","name":"DevTestLabs Lock"},{"properties":{"level":"CanNotDelete"},"id":"/subscriptions/00000000-0000-0000-0000-000000000000/resourceGroups/sr/providers/Microsoft.Authorization/locks/nodel","type":"Microsoft.Authorization/locks","name":"nodel"},{"properties":{"level":"CanNotDelete"},"id":"/subscriptions/00000000-0000-0000-0000-000000000000/resourceGroups/rg605582365a/providers/Microsoft.Authorization/locks/rglock","type":"Microsoft.Authorization/locks","name":"rglock"},{"properties":{"level":"CanNotDelete"},"id":"/subscriptions/00000000-0000-0000-0000-000000000000/resourceGroups/cliperf/providers/Microsoft.Authorization/locks/lockName","type":"Microsoft.Authorization/locks","name":"lockName"},{"properties":{"level":"CanNotDelete","notes":""},"id":"/subscriptions/00000000-0000-0000-0000-000000000000/resourcegroups/cliperf/providers/Microsoft.Authorization/locks/nodel","type":"Microsoft.Authorization/locks","name":"nodel"},{"properties":{"level":"CanNotDelete","notes":"Reserved
        resource locked by ''cliautomationlab'' lab."},"id":"/subscriptions/00000000-0000-0000-0000-000000000000/resourcegroups/cliautomation01p6iszzzx4aw67ogvpe3mha4vbctvd7pujeyehkxs5dgwiwjyhxndtrv7o3sp/providers/Microsoft.Storage/storageAccounts/acliautomationlab8914/providers/Microsoft.Authorization/locks/DevTestLabs
        Lock","type":"Microsoft.Authorization/locks","name":"DevTestLabs Lock"},{"properties":{"level":"CanNotDelete","notes":"Reserved
        resource locked by ''cliautomationlab'' lab."},"id":"/subscriptions/00000000-0000-0000-0000-000000000000/resourcegroups/cliautomation01p6iszzzx4aw67ogvpe3mha4vbctvd7pujeyehkxs5dgwiwjyhxndtrv7o3sp/providers/Microsoft.KeyVault/vaults/cliautomationlab6909/providers/Microsoft.Authorization/locks/DevTestLabs
        Lock","type":"Microsoft.Authorization/locks","name":"DevTestLabs Lock"},{"properties":{"level":"CanNotDelete","notes":"Reserved
        resource locked by ''cliautomationlab'' lab."},"id":"/subscriptions/00000000-0000-0000-0000-000000000000/resourcegroups/cliautomation01p6iszzzx4aw67ogvpe3mha4vbctvd7pujeyehkxs5dgwiwjyhxndtrv7o3sp/providers/Microsoft.Network/virtualNetworks/Dtlcliautomationlab/providers/Microsoft.Authorization/locks/DevTestLabs
        Lock","type":"Microsoft.Authorization/locks","name":"DevTestLabs Lock"}]}'}
    headers:
      cache-control: [no-cache]
      content-length: ['4355']
      content-type: [application/json; charset=utf-8]
      date: ['Thu, 17 May 2018 20:39:51 GMT']
      expires: ['-1']
      pragma: [no-cache]
      strict-transport-security: [max-age=31536000; includeSubDomains]
      transfer-encoding: [chunked]
      vary: ['Accept-Encoding,Accept-Encoding']
      x-content-type-options: [nosniff]
    status: {code: 200, message: OK}
- request:
    body: null
    headers:
      Accept: [application/json]
      Accept-Encoding: ['gzip, deflate']
      CommandName: [lock update]
      Connection: [keep-alive]
      Content-Type: [application/json; charset=utf-8]
      User-Agent: [python/3.6.1 (Windows-10-10.0.17134-SP0) requests/2.18.4 msrest/0.4.29
          msrest_azure/0.4.30 managementlockclient/1.2.1 Azure-SDK-For-Python AZURECLI/2.0.33]
      accept-language: [en-US]
    method: GET
    uri: https://management.azure.com/subscriptions/00000000-0000-0000-0000-000000000000/providers/Microsoft.Authorization/locks/cli-test-lock000001?api-version=2015-01-01
  response:
    body: {string: '{"properties":{"level":"CanNotDelete","notes":"notes000002"},"id":"/subscriptions/00000000-0000-0000-0000-000000000000/providers/Microsoft.Authorization/locks/cli-test-lock000001","type":"Microsoft.Authorization/locks","name":"cli-test-lock000001"}'}
    headers:
      cache-control: [no-cache]
      content-length: ['315']
      content-type: [application/json; charset=utf-8]
      date: ['Thu, 17 May 2018 20:39:52 GMT']
      expires: ['-1']
      pragma: [no-cache]
      strict-transport-security: [max-age=31536000; includeSubDomains]
      transfer-encoding: [chunked]
      vary: ['Accept-Encoding,Accept-Encoding']
      x-content-type-options: [nosniff]
    status: {code: 200, message: OK}
- request:
    body: 'b''b\''{"properties": {"level": "ReadOnly", "notes": "notes000002"}, "id":
      "/subscriptions/00000000-0000-0000-0000-000000000000/providers/Microsoft.Authorization/locks/cli-test-lock000001",
      "type": "Microsoft.Authorization/locks", "name": "cli-test-lock000001"}\'''''
    headers:
      Accept: [application/json]
      Accept-Encoding: ['gzip, deflate']
      CommandName: [lock update]
      Connection: [keep-alive]
      Content-Length: ['321']
      Content-Type: [application/json; charset=utf-8]
      User-Agent: [python/3.6.1 (Windows-10-10.0.17134-SP0) requests/2.18.4 msrest/0.4.29
          msrest_azure/0.4.30 managementlockclient/1.2.1 Azure-SDK-For-Python AZURECLI/2.0.33]
      accept-language: [en-US]
    method: PUT
    uri: https://management.azure.com/subscriptions/00000000-0000-0000-0000-000000000000/providers/Microsoft.Authorization/locks/cli-test-lock000001?api-version=2015-01-01
  response:
    body: {string: '{"properties":{"level":"ReadOnly","notes":"notes000002"},"id":"/subscriptions/00000000-0000-0000-0000-000000000000/providers/Microsoft.Authorization/locks/cli-test-lock000001","type":"Microsoft.Authorization/locks","name":"cli-test-lock000001"}'}
    headers:
      cache-control: [no-cache]
      content-length: ['311']
      content-type: [application/json; charset=utf-8]
      date: ['Thu, 17 May 2018 20:39:52 GMT']
      expires: ['-1']
      pragma: [no-cache]
      strict-transport-security: [max-age=31536000; includeSubDomains]
      transfer-encoding: [chunked]
      vary: ['Accept-Encoding,Accept-Encoding']
      x-content-type-options: [nosniff]
      x-ms-ratelimit-remaining-subscription-writes: ['1199']
    status: {code: 200, message: OK}
- request:
    body: null
    headers:
      Accept: [application/json]
      Accept-Encoding: ['gzip, deflate']
      CommandName: [lock delete]
      Connection: [keep-alive]
      Content-Type: [application/json; charset=utf-8]
      User-Agent: [python/3.6.1 (Windows-10-10.0.17134-SP0) requests/2.18.4 msrest/0.4.29
          msrest_azure/0.4.30 managementlockclient/1.2.1 Azure-SDK-For-Python AZURECLI/2.0.33]
      accept-language: [en-US]
    method: GET
    uri: https://management.azure.com/subscriptions/00000000-0000-0000-0000-000000000000/providers/Microsoft.Authorization/locks?api-version=2015-01-01
  response:
    body: {string: '{"value":[{"properties":{"level":"ReadOnly","notes":"notes000002"},"id":"/subscriptions/00000000-0000-0000-0000-000000000000/providers/Microsoft.Authorization/locks/cli-test-lock000001","type":"Microsoft.Authorization/locks","name":"cli-test-lock000001"},{"properties":{"level":"CanNotDelete"},"id":"/subscriptions/00000000-0000-0000-0000-000000000000/resourcegroups/cli_test_cannotdelete_resource_lockgzfvhhyaaogl2ecqeng6egpkx3t4bi4hq22xh2lv/providers/Microsoft.Network/virtualNetworks/cli.lock.rsrc2o3hho4gobe7jw525/providers/Microsoft.Authorization/locks/cli-test-locklloly3o3po3ywcqotwy7xvnor7lxwjgwj2ibtsebscgbgzqce4ygy5qsrv5fb","type":"Microsoft.Authorization/locks","name":"cli-test-locklloly3o3po3ywcqotwy7xvnor7lxwjgwj2ibtsebscgbgzqce4ygy5qsrv5fb"},{"properties":{"level":"CanNotDelete","notes":"Reserved
        resource locked by ''cliautomationlab'' lab."},"id":"/subscriptions/00000000-0000-0000-0000-000000000000/resourcegroups/cliautomationm3utrrbx7ntvb356eqynqiauhjpfhvyicagolw3vzmsiek54rhgowr6eudkv2e/providers/Microsoft.Storage/storageAccounts/acliautomationlab4390/providers/Microsoft.Authorization/locks/DevTestLabs
        Lock","type":"Microsoft.Authorization/locks","name":"DevTestLabs Lock"},{"properties":{"level":"CanNotDelete","notes":"Reserved
        resource locked by ''cliautomationlab'' lab."},"id":"/subscriptions/00000000-0000-0000-0000-000000000000/resourcegroups/cliautomationm3utrrbx7ntvb356eqynqiauhjpfhvyicagolw3vzmsiek54rhgowr6eudkv2e/providers/Microsoft.KeyVault/vaults/cliautomationlab3183/providers/Microsoft.Authorization/locks/DevTestLabs
        Lock","type":"Microsoft.Authorization/locks","name":"DevTestLabs Lock"},{"properties":{"level":"CanNotDelete","notes":"Reserved
        resource locked by ''cliautomationlab'' lab."},"id":"/subscriptions/00000000-0000-0000-0000-000000000000/resourcegroups/cliautomationm3utrrbx7ntvb356eqynqiauhjpfhvyicagolw3vzmsiek54rhgowr6eudkv2e/providers/Microsoft.Network/virtualNetworks/Dtlcliautomationlab/providers/Microsoft.Authorization/locks/DevTestLabs
        Lock","type":"Microsoft.Authorization/locks","name":"DevTestLabs Lock"},{"properties":{"level":"CanNotDelete"},"id":"/subscriptions/00000000-0000-0000-0000-000000000000/resourceGroups/sr/providers/Microsoft.Authorization/locks/nodel","type":"Microsoft.Authorization/locks","name":"nodel"},{"properties":{"level":"CanNotDelete"},"id":"/subscriptions/00000000-0000-0000-0000-000000000000/resourceGroups/rg605582365a/providers/Microsoft.Authorization/locks/rglock","type":"Microsoft.Authorization/locks","name":"rglock"},{"properties":{"level":"CanNotDelete"},"id":"/subscriptions/00000000-0000-0000-0000-000000000000/resourceGroups/cliperf/providers/Microsoft.Authorization/locks/lockName","type":"Microsoft.Authorization/locks","name":"lockName"},{"properties":{"level":"CanNotDelete","notes":""},"id":"/subscriptions/00000000-0000-0000-0000-000000000000/resourcegroups/cliperf/providers/Microsoft.Authorization/locks/nodel","type":"Microsoft.Authorization/locks","name":"nodel"},{"properties":{"level":"CanNotDelete","notes":"Reserved
        resource locked by ''cliautomationlab'' lab."},"id":"/subscriptions/00000000-0000-0000-0000-000000000000/resourcegroups/cliautomation01p6iszzzx4aw67ogvpe3mha4vbctvd7pujeyehkxs5dgwiwjyhxndtrv7o3sp/providers/Microsoft.Storage/storageAccounts/acliautomationlab8914/providers/Microsoft.Authorization/locks/DevTestLabs
        Lock","type":"Microsoft.Authorization/locks","name":"DevTestLabs Lock"},{"properties":{"level":"CanNotDelete","notes":"Reserved
        resource locked by ''cliautomationlab'' lab."},"id":"/subscriptions/00000000-0000-0000-0000-000000000000/resourcegroups/cliautomation01p6iszzzx4aw67ogvpe3mha4vbctvd7pujeyehkxs5dgwiwjyhxndtrv7o3sp/providers/Microsoft.KeyVault/vaults/cliautomationlab6909/providers/Microsoft.Authorization/locks/DevTestLabs
        Lock","type":"Microsoft.Authorization/locks","name":"DevTestLabs Lock"},{"properties":{"level":"CanNotDelete","notes":"Reserved
        resource locked by ''cliautomationlab'' lab."},"id":"/subscriptions/00000000-0000-0000-0000-000000000000/resourcegroups/cliautomation01p6iszzzx4aw67ogvpe3mha4vbctvd7pujeyehkxs5dgwiwjyhxndtrv7o3sp/providers/Microsoft.Network/virtualNetworks/Dtlcliautomationlab/providers/Microsoft.Authorization/locks/DevTestLabs
        Lock","type":"Microsoft.Authorization/locks","name":"DevTestLabs Lock"}]}'}
    headers:
      cache-control: [no-cache]
      content-length: ['4351']
      content-type: [application/json; charset=utf-8]
      date: ['Thu, 17 May 2018 20:39:52 GMT']
      expires: ['-1']
      pragma: [no-cache]
      strict-transport-security: [max-age=31536000; includeSubDomains]
      transfer-encoding: [chunked]
      vary: ['Accept-Encoding,Accept-Encoding']
      x-content-type-options: [nosniff]
    status: {code: 200, message: OK}
- request:
    body: null
    headers:
      Accept: [application/json]
      Accept-Encoding: ['gzip, deflate']
      CommandName: [lock delete]
      Connection: [keep-alive]
      Content-Length: ['0']
      Content-Type: [application/json; charset=utf-8]
      User-Agent: [python/3.6.1 (Windows-10-10.0.17134-SP0) requests/2.18.4 msrest/0.4.29
          msrest_azure/0.4.30 managementlockclient/1.2.1 Azure-SDK-For-Python AZURECLI/2.0.33]
      accept-language: [en-US]
    method: DELETE
    uri: https://management.azure.com/subscriptions/00000000-0000-0000-0000-000000000000/providers/Microsoft.Authorization/locks/cli-test-lock000001?api-version=2015-01-01
  response:
    body: {string: ''}
    headers:
      cache-control: [no-cache]
      content-length: ['0']
      date: ['Thu, 17 May 2018 20:39:52 GMT']
      expires: ['-1']
      pragma: [no-cache]
      strict-transport-security: [max-age=31536000; includeSubDomains]
      x-content-type-options: [nosniff]
      x-ms-ratelimit-remaining-subscription-deletes: ['14999']
    status: {code: 200, message: OK}
- request:
    body: 'b''{"properties": {"level": "CanNotDelete"}, "name": "cli-test-lock000003"}'''
    headers:
      Accept: [application/json]
      Accept-Encoding: ['gzip, deflate']
      CommandName: [lock create]
      Connection: [keep-alive]
      Content-Length: ['101']
      Content-Type: [application/json; charset=utf-8]
      User-Agent: [python/3.6.1 (Windows-10-10.0.17134-SP0) requests/2.18.4 msrest/0.4.29
          msrest_azure/0.4.30 managementlockclient/1.2.1 Azure-SDK-For-Python AZURECLI/2.0.33]
      accept-language: [en-US]
    method: PUT
    uri: https://management.azure.com/subscriptions/00000000-0000-0000-0000-000000000000/providers/Microsoft.Authorization/locks/cli-test-lock000003?api-version=2015-01-01
  response:
    body: {string: '{"properties":{"level":"CanNotDelete"},"id":"/subscriptions/00000000-0000-0000-0000-000000000000/providers/Microsoft.Authorization/locks/cli-test-lock000003","type":"Microsoft.Authorization/locks","name":"cli-test-lock000003"}'}
    headers:
      cache-control: [no-cache]
      content-length: ['284']
      content-type: [application/json; charset=utf-8]
      date: ['Thu, 17 May 2018 20:39:54 GMT']
      expires: ['-1']
      pragma: [no-cache]
      strict-transport-security: [max-age=31536000; includeSubDomains]
      x-content-type-options: [nosniff]
      x-ms-ratelimit-remaining-subscription-writes: ['1199']
    status: {code: 201, message: Created}
- request:
    body: null
    headers:
      Accept: [application/json]
      Accept-Encoding: ['gzip, deflate']
      CommandName: [lock list]
      Connection: [keep-alive]
      Content-Type: [application/json; charset=utf-8]
      User-Agent: [python/3.6.1 (Windows-10-10.0.17134-SP0) requests/2.18.4 msrest/0.4.29
          msrest_azure/0.4.30 managementlockclient/1.2.1 Azure-SDK-For-Python AZURECLI/2.0.33]
      accept-language: [en-US]
    method: GET
    uri: https://management.azure.com/subscriptions/00000000-0000-0000-0000-000000000000/providers/Microsoft.Authorization/locks?api-version=2015-01-01
  response:
    body: {string: '{"value":[{"properties":{"level":"CanNotDelete"},"id":"/subscriptions/00000000-0000-0000-0000-000000000000/providers/Microsoft.Authorization/locks/cli-test-lock000003","type":"Microsoft.Authorization/locks","name":"cli-test-lock000003"},{"properties":{"level":"CanNotDelete"},"id":"/subscriptions/00000000-0000-0000-0000-000000000000/resourcegroups/cli_test_cannotdelete_resource_lockgzfvhhyaaogl2ecqeng6egpkx3t4bi4hq22xh2lv/providers/Microsoft.Network/virtualNetworks/cli.lock.rsrc2o3hho4gobe7jw525/providers/Microsoft.Authorization/locks/cli-test-locklloly3o3po3ywcqotwy7xvnor7lxwjgwj2ibtsebscgbgzqce4ygy5qsrv5fb","type":"Microsoft.Authorization/locks","name":"cli-test-locklloly3o3po3ywcqotwy7xvnor7lxwjgwj2ibtsebscgbgzqce4ygy5qsrv5fb"},{"properties":{"level":"CanNotDelete","notes":"Reserved
        resource locked by ''cliautomationlab'' lab."},"id":"/subscriptions/00000000-0000-0000-0000-000000000000/resourcegroups/cliautomationm3utrrbx7ntvb356eqynqiauhjpfhvyicagolw3vzmsiek54rhgowr6eudkv2e/providers/Microsoft.Storage/storageAccounts/acliautomationlab4390/providers/Microsoft.Authorization/locks/DevTestLabs
        Lock","type":"Microsoft.Authorization/locks","name":"DevTestLabs Lock"},{"properties":{"level":"CanNotDelete","notes":"Reserved
        resource locked by ''cliautomationlab'' lab."},"id":"/subscriptions/00000000-0000-0000-0000-000000000000/resourcegroups/cliautomationm3utrrbx7ntvb356eqynqiauhjpfhvyicagolw3vzmsiek54rhgowr6eudkv2e/providers/Microsoft.KeyVault/vaults/cliautomationlab3183/providers/Microsoft.Authorization/locks/DevTestLabs
        Lock","type":"Microsoft.Authorization/locks","name":"DevTestLabs Lock"},{"properties":{"level":"CanNotDelete","notes":"Reserved
        resource locked by ''cliautomationlab'' lab."},"id":"/subscriptions/00000000-0000-0000-0000-000000000000/resourcegroups/cliautomationm3utrrbx7ntvb356eqynqiauhjpfhvyicagolw3vzmsiek54rhgowr6eudkv2e/providers/Microsoft.Network/virtualNetworks/Dtlcliautomationlab/providers/Microsoft.Authorization/locks/DevTestLabs
        Lock","type":"Microsoft.Authorization/locks","name":"DevTestLabs Lock"},{"properties":{"level":"CanNotDelete"},"id":"/subscriptions/00000000-0000-0000-0000-000000000000/resourceGroups/sr/providers/Microsoft.Authorization/locks/nodel","type":"Microsoft.Authorization/locks","name":"nodel"},{"properties":{"level":"CanNotDelete"},"id":"/subscriptions/00000000-0000-0000-0000-000000000000/resourceGroups/rg605582365a/providers/Microsoft.Authorization/locks/rglock","type":"Microsoft.Authorization/locks","name":"rglock"},{"properties":{"level":"CanNotDelete"},"id":"/subscriptions/00000000-0000-0000-0000-000000000000/resourceGroups/cliperf/providers/Microsoft.Authorization/locks/lockName","type":"Microsoft.Authorization/locks","name":"lockName"},{"properties":{"level":"CanNotDelete","notes":""},"id":"/subscriptions/00000000-0000-0000-0000-000000000000/resourcegroups/cliperf/providers/Microsoft.Authorization/locks/nodel","type":"Microsoft.Authorization/locks","name":"nodel"},{"properties":{"level":"CanNotDelete","notes":"Reserved
        resource locked by ''cliautomationlab'' lab."},"id":"/subscriptions/00000000-0000-0000-0000-000000000000/resourcegroups/cliautomation01p6iszzzx4aw67ogvpe3mha4vbctvd7pujeyehkxs5dgwiwjyhxndtrv7o3sp/providers/Microsoft.Storage/storageAccounts/acliautomationlab8914/providers/Microsoft.Authorization/locks/DevTestLabs
        Lock","type":"Microsoft.Authorization/locks","name":"DevTestLabs Lock"},{"properties":{"level":"CanNotDelete","notes":"Reserved
        resource locked by ''cliautomationlab'' lab."},"id":"/subscriptions/00000000-0000-0000-0000-000000000000/resourcegroups/cliautomation01p6iszzzx4aw67ogvpe3mha4vbctvd7pujeyehkxs5dgwiwjyhxndtrv7o3sp/providers/Microsoft.KeyVault/vaults/cliautomationlab6909/providers/Microsoft.Authorization/locks/DevTestLabs
        Lock","type":"Microsoft.Authorization/locks","name":"DevTestLabs Lock"},{"properties":{"level":"CanNotDelete","notes":"Reserved
        resource locked by ''cliautomationlab'' lab."},"id":"/subscriptions/00000000-0000-0000-0000-000000000000/resourcegroups/cliautomation01p6iszzzx4aw67ogvpe3mha4vbctvd7pujeyehkxs5dgwiwjyhxndtrv7o3sp/providers/Microsoft.Network/virtualNetworks/Dtlcliautomationlab/providers/Microsoft.Authorization/locks/DevTestLabs
        Lock","type":"Microsoft.Authorization/locks","name":"DevTestLabs Lock"}]}'}
    headers:
      cache-control: [no-cache]
      content-length: ['4324']
      content-type: [application/json; charset=utf-8]
      date: ['Thu, 17 May 2018 20:39:53 GMT']
      expires: ['-1']
      pragma: [no-cache]
      strict-transport-security: [max-age=31536000; includeSubDomains]
      transfer-encoding: [chunked]
      vary: ['Accept-Encoding,Accept-Encoding']
      x-content-type-options: [nosniff]
    status: {code: 200, message: OK}
- request:
    body: null
    headers:
      Accept: [application/json]
      Accept-Encoding: ['gzip, deflate']
      CommandName: [lock show]
      Connection: [keep-alive]
      Content-Type: [application/json; charset=utf-8]
      User-Agent: [python/3.6.1 (Windows-10-10.0.17134-SP0) requests/2.18.4 msrest/0.4.29
          msrest_azure/0.4.30 managementlockclient/1.2.1 Azure-SDK-For-Python AZURECLI/2.0.33]
      accept-language: [en-US]
    method: GET
    uri: https://management.azure.com/subscriptions/00000000-0000-0000-0000-000000000000/providers/Microsoft.Authorization/locks?api-version=2015-01-01
  response:
    body: {string: '{"value":[{"properties":{"level":"CanNotDelete"},"id":"/subscriptions/00000000-0000-0000-0000-000000000000/providers/Microsoft.Authorization/locks/cli-test-lock000003","type":"Microsoft.Authorization/locks","name":"cli-test-lock000003"},{"properties":{"level":"CanNotDelete"},"id":"/subscriptions/00000000-0000-0000-0000-000000000000/resourcegroups/cli_test_cannotdelete_resource_lockgzfvhhyaaogl2ecqeng6egpkx3t4bi4hq22xh2lv/providers/Microsoft.Network/virtualNetworks/cli.lock.rsrc2o3hho4gobe7jw525/providers/Microsoft.Authorization/locks/cli-test-locklloly3o3po3ywcqotwy7xvnor7lxwjgwj2ibtsebscgbgzqce4ygy5qsrv5fb","type":"Microsoft.Authorization/locks","name":"cli-test-locklloly3o3po3ywcqotwy7xvnor7lxwjgwj2ibtsebscgbgzqce4ygy5qsrv5fb"},{"properties":{"level":"CanNotDelete","notes":"Reserved
        resource locked by ''cliautomationlab'' lab."},"id":"/subscriptions/00000000-0000-0000-0000-000000000000/resourcegroups/cliautomationm3utrrbx7ntvb356eqynqiauhjpfhvyicagolw3vzmsiek54rhgowr6eudkv2e/providers/Microsoft.Storage/storageAccounts/acliautomationlab4390/providers/Microsoft.Authorization/locks/DevTestLabs
        Lock","type":"Microsoft.Authorization/locks","name":"DevTestLabs Lock"},{"properties":{"level":"CanNotDelete","notes":"Reserved
        resource locked by ''cliautomationlab'' lab."},"id":"/subscriptions/00000000-0000-0000-0000-000000000000/resourcegroups/cliautomationm3utrrbx7ntvb356eqynqiauhjpfhvyicagolw3vzmsiek54rhgowr6eudkv2e/providers/Microsoft.KeyVault/vaults/cliautomationlab3183/providers/Microsoft.Authorization/locks/DevTestLabs
        Lock","type":"Microsoft.Authorization/locks","name":"DevTestLabs Lock"},{"properties":{"level":"CanNotDelete","notes":"Reserved
        resource locked by ''cliautomationlab'' lab."},"id":"/subscriptions/00000000-0000-0000-0000-000000000000/resourcegroups/cliautomationm3utrrbx7ntvb356eqynqiauhjpfhvyicagolw3vzmsiek54rhgowr6eudkv2e/providers/Microsoft.Network/virtualNetworks/Dtlcliautomationlab/providers/Microsoft.Authorization/locks/DevTestLabs
        Lock","type":"Microsoft.Authorization/locks","name":"DevTestLabs Lock"},{"properties":{"level":"CanNotDelete"},"id":"/subscriptions/00000000-0000-0000-0000-000000000000/resourceGroups/sr/providers/Microsoft.Authorization/locks/nodel","type":"Microsoft.Authorization/locks","name":"nodel"},{"properties":{"level":"CanNotDelete"},"id":"/subscriptions/00000000-0000-0000-0000-000000000000/resourceGroups/rg605582365a/providers/Microsoft.Authorization/locks/rglock","type":"Microsoft.Authorization/locks","name":"rglock"},{"properties":{"level":"CanNotDelete"},"id":"/subscriptions/00000000-0000-0000-0000-000000000000/resourceGroups/cliperf/providers/Microsoft.Authorization/locks/lockName","type":"Microsoft.Authorization/locks","name":"lockName"},{"properties":{"level":"CanNotDelete","notes":""},"id":"/subscriptions/00000000-0000-0000-0000-000000000000/resourcegroups/cliperf/providers/Microsoft.Authorization/locks/nodel","type":"Microsoft.Authorization/locks","name":"nodel"},{"properties":{"level":"CanNotDelete","notes":"Reserved
        resource locked by ''cliautomationlab'' lab."},"id":"/subscriptions/00000000-0000-0000-0000-000000000000/resourcegroups/cliautomation01p6iszzzx4aw67ogvpe3mha4vbctvd7pujeyehkxs5dgwiwjyhxndtrv7o3sp/providers/Microsoft.Storage/storageAccounts/acliautomationlab8914/providers/Microsoft.Authorization/locks/DevTestLabs
        Lock","type":"Microsoft.Authorization/locks","name":"DevTestLabs Lock"},{"properties":{"level":"CanNotDelete","notes":"Reserved
        resource locked by ''cliautomationlab'' lab."},"id":"/subscriptions/00000000-0000-0000-0000-000000000000/resourcegroups/cliautomation01p6iszzzx4aw67ogvpe3mha4vbctvd7pujeyehkxs5dgwiwjyhxndtrv7o3sp/providers/Microsoft.KeyVault/vaults/cliautomationlab6909/providers/Microsoft.Authorization/locks/DevTestLabs
        Lock","type":"Microsoft.Authorization/locks","name":"DevTestLabs Lock"},{"properties":{"level":"CanNotDelete","notes":"Reserved
        resource locked by ''cliautomationlab'' lab."},"id":"/subscriptions/00000000-0000-0000-0000-000000000000/resourcegroups/cliautomation01p6iszzzx4aw67ogvpe3mha4vbctvd7pujeyehkxs5dgwiwjyhxndtrv7o3sp/providers/Microsoft.Network/virtualNetworks/Dtlcliautomationlab/providers/Microsoft.Authorization/locks/DevTestLabs
        Lock","type":"Microsoft.Authorization/locks","name":"DevTestLabs Lock"}]}'}
    headers:
      cache-control: [no-cache]
      content-length: ['4324']
      content-type: [application/json; charset=utf-8]
      date: ['Thu, 17 May 2018 20:39:54 GMT']
      expires: ['-1']
      pragma: [no-cache]
      strict-transport-security: [max-age=31536000; includeSubDomains]
      transfer-encoding: [chunked]
      vary: ['Accept-Encoding,Accept-Encoding']
      x-content-type-options: [nosniff]
    status: {code: 200, message: OK}
- request:
    body: null
    headers:
      Accept: [application/json]
      Accept-Encoding: ['gzip, deflate']
      CommandName: [lock show]
      Connection: [keep-alive]
      Content-Type: [application/json; charset=utf-8]
      User-Agent: [python/3.6.1 (Windows-10-10.0.17134-SP0) requests/2.18.4 msrest/0.4.29
          msrest_azure/0.4.30 managementlockclient/1.2.1 Azure-SDK-For-Python AZURECLI/2.0.33]
      accept-language: [en-US]
    method: GET
    uri: https://management.azure.com/subscriptions/00000000-0000-0000-0000-000000000000/providers/Microsoft.Authorization/locks/cli-test-lock000003?api-version=2015-01-01
  response:
    body: {string: '{"properties":{"level":"CanNotDelete"},"id":"/subscriptions/00000000-0000-0000-0000-000000000000/providers/Microsoft.Authorization/locks/cli-test-lock000003","type":"Microsoft.Authorization/locks","name":"cli-test-lock000003"}'}
    headers:
      cache-control: [no-cache]
      content-length: ['284']
      content-type: [application/json; charset=utf-8]
      date: ['Thu, 17 May 2018 20:39:54 GMT']
      expires: ['-1']
      pragma: [no-cache]
      strict-transport-security: [max-age=31536000; includeSubDomains]
      transfer-encoding: [chunked]
      vary: ['Accept-Encoding,Accept-Encoding']
      x-content-type-options: [nosniff]
    status: {code: 200, message: OK}
- request:
    body: null
    headers:
      Accept: [application/json]
      Accept-Encoding: ['gzip, deflate']
      CommandName: [lock show]
      Connection: [keep-alive]
      Content-Type: [application/json; charset=utf-8]
      User-Agent: [python/3.6.1 (Windows-10-10.0.17134-SP0) requests/2.18.4 msrest/0.4.29
          msrest_azure/0.4.30 managementlockclient/1.2.1 Azure-SDK-For-Python AZURECLI/2.0.33]
      accept-language: [en-US]
    method: GET
    uri: https://management.azure.com/subscriptions/00000000-0000-0000-0000-000000000000/providers/Microsoft.Authorization/locks?api-version=2015-01-01
  response:
    body: {string: '{"value":[{"properties":{"level":"CanNotDelete"},"id":"/subscriptions/00000000-0000-0000-0000-000000000000/providers/Microsoft.Authorization/locks/cli-test-lock000003","type":"Microsoft.Authorization/locks","name":"cli-test-lock000003"},{"properties":{"level":"CanNotDelete"},"id":"/subscriptions/00000000-0000-0000-0000-000000000000/resourcegroups/cli_test_cannotdelete_resource_lockgzfvhhyaaogl2ecqeng6egpkx3t4bi4hq22xh2lv/providers/Microsoft.Network/virtualNetworks/cli.lock.rsrc2o3hho4gobe7jw525/providers/Microsoft.Authorization/locks/cli-test-locklloly3o3po3ywcqotwy7xvnor7lxwjgwj2ibtsebscgbgzqce4ygy5qsrv5fb","type":"Microsoft.Authorization/locks","name":"cli-test-locklloly3o3po3ywcqotwy7xvnor7lxwjgwj2ibtsebscgbgzqce4ygy5qsrv5fb"},{"properties":{"level":"CanNotDelete","notes":"Reserved
        resource locked by ''cliautomationlab'' lab."},"id":"/subscriptions/00000000-0000-0000-0000-000000000000/resourcegroups/cliautomationm3utrrbx7ntvb356eqynqiauhjpfhvyicagolw3vzmsiek54rhgowr6eudkv2e/providers/Microsoft.Storage/storageAccounts/acliautomationlab4390/providers/Microsoft.Authorization/locks/DevTestLabs
        Lock","type":"Microsoft.Authorization/locks","name":"DevTestLabs Lock"},{"properties":{"level":"CanNotDelete","notes":"Reserved
        resource locked by ''cliautomationlab'' lab."},"id":"/subscriptions/00000000-0000-0000-0000-000000000000/resourcegroups/cliautomationm3utrrbx7ntvb356eqynqiauhjpfhvyicagolw3vzmsiek54rhgowr6eudkv2e/providers/Microsoft.KeyVault/vaults/cliautomationlab3183/providers/Microsoft.Authorization/locks/DevTestLabs
        Lock","type":"Microsoft.Authorization/locks","name":"DevTestLabs Lock"},{"properties":{"level":"CanNotDelete","notes":"Reserved
        resource locked by ''cliautomationlab'' lab."},"id":"/subscriptions/00000000-0000-0000-0000-000000000000/resourcegroups/cliautomationm3utrrbx7ntvb356eqynqiauhjpfhvyicagolw3vzmsiek54rhgowr6eudkv2e/providers/Microsoft.Network/virtualNetworks/Dtlcliautomationlab/providers/Microsoft.Authorization/locks/DevTestLabs
        Lock","type":"Microsoft.Authorization/locks","name":"DevTestLabs Lock"},{"properties":{"level":"CanNotDelete"},"id":"/subscriptions/00000000-0000-0000-0000-000000000000/resourceGroups/sr/providers/Microsoft.Authorization/locks/nodel","type":"Microsoft.Authorization/locks","name":"nodel"},{"properties":{"level":"CanNotDelete"},"id":"/subscriptions/00000000-0000-0000-0000-000000000000/resourceGroups/rg605582365a/providers/Microsoft.Authorization/locks/rglock","type":"Microsoft.Authorization/locks","name":"rglock"},{"properties":{"level":"CanNotDelete"},"id":"/subscriptions/00000000-0000-0000-0000-000000000000/resourceGroups/cliperf/providers/Microsoft.Authorization/locks/lockName","type":"Microsoft.Authorization/locks","name":"lockName"},{"properties":{"level":"CanNotDelete","notes":""},"id":"/subscriptions/00000000-0000-0000-0000-000000000000/resourcegroups/cliperf/providers/Microsoft.Authorization/locks/nodel","type":"Microsoft.Authorization/locks","name":"nodel"},{"properties":{"level":"CanNotDelete","notes":"Reserved
        resource locked by ''cliautomationlab'' lab."},"id":"/subscriptions/00000000-0000-0000-0000-000000000000/resourcegroups/cliautomation01p6iszzzx4aw67ogvpe3mha4vbctvd7pujeyehkxs5dgwiwjyhxndtrv7o3sp/providers/Microsoft.Storage/storageAccounts/acliautomationlab8914/providers/Microsoft.Authorization/locks/DevTestLabs
        Lock","type":"Microsoft.Authorization/locks","name":"DevTestLabs Lock"},{"properties":{"level":"CanNotDelete","notes":"Reserved
        resource locked by ''cliautomationlab'' lab."},"id":"/subscriptions/00000000-0000-0000-0000-000000000000/resourcegroups/cliautomation01p6iszzzx4aw67ogvpe3mha4vbctvd7pujeyehkxs5dgwiwjyhxndtrv7o3sp/providers/Microsoft.KeyVault/vaults/cliautomationlab6909/providers/Microsoft.Authorization/locks/DevTestLabs
        Lock","type":"Microsoft.Authorization/locks","name":"DevTestLabs Lock"},{"properties":{"level":"CanNotDelete","notes":"Reserved
        resource locked by ''cliautomationlab'' lab."},"id":"/subscriptions/00000000-0000-0000-0000-000000000000/resourcegroups/cliautomation01p6iszzzx4aw67ogvpe3mha4vbctvd7pujeyehkxs5dgwiwjyhxndtrv7o3sp/providers/Microsoft.Network/virtualNetworks/Dtlcliautomationlab/providers/Microsoft.Authorization/locks/DevTestLabs
        Lock","type":"Microsoft.Authorization/locks","name":"DevTestLabs Lock"}]}'}
    headers:
      cache-control: [no-cache]
      content-length: ['4324']
      content-type: [application/json; charset=utf-8]
      date: ['Thu, 17 May 2018 20:39:55 GMT']
      expires: ['-1']
      pragma: [no-cache]
      strict-transport-security: [max-age=31536000; includeSubDomains]
      transfer-encoding: [chunked]
      vary: ['Accept-Encoding,Accept-Encoding']
      x-content-type-options: [nosniff]
    status: {code: 200, message: OK}
- request:
    body: null
    headers:
      Accept: [application/json]
      Accept-Encoding: ['gzip, deflate']
      CommandName: [lock show]
      Connection: [keep-alive]
      Content-Type: [application/json; charset=utf-8]
      User-Agent: [python/3.6.1 (Windows-10-10.0.17134-SP0) requests/2.18.4 msrest/0.4.29
          msrest_azure/0.4.30 managementlockclient/1.2.1 Azure-SDK-For-Python AZURECLI/2.0.33]
      accept-language: [en-US]
    method: GET
    uri: https://management.azure.com/subscriptions/00000000-0000-0000-0000-000000000000/providers/Microsoft.Authorization/locks/cli-test-lock000003?api-version=2015-01-01
  response:
    body: {string: '{"properties":{"level":"CanNotDelete"},"id":"/subscriptions/00000000-0000-0000-0000-000000000000/providers/Microsoft.Authorization/locks/cli-test-lock000003","type":"Microsoft.Authorization/locks","name":"cli-test-lock000003"}'}
    headers:
      cache-control: [no-cache]
      content-length: ['284']
      content-type: [application/json; charset=utf-8]
      date: ['Thu, 17 May 2018 20:39:55 GMT']
      expires: ['-1']
      pragma: [no-cache]
      strict-transport-security: [max-age=31536000; includeSubDomains]
      transfer-encoding: [chunked]
      vary: ['Accept-Encoding,Accept-Encoding']
      x-content-type-options: [nosniff]
    status: {code: 200, message: OK}
- request:
    body: null
    headers:
      Accept: [application/json]
      Accept-Encoding: ['gzip, deflate']
      CommandName: [lock update]
      Connection: [keep-alive]
      Content-Type: [application/json; charset=utf-8]
      User-Agent: [python/3.6.1 (Windows-10-10.0.17134-SP0) requests/2.18.4 msrest/0.4.29
          msrest_azure/0.4.30 managementlockclient/1.2.1 Azure-SDK-For-Python AZURECLI/2.0.33]
      accept-language: [en-US]
    method: GET
    uri: https://management.azure.com/subscriptions/00000000-0000-0000-0000-000000000000/providers/Microsoft.Authorization/locks?api-version=2015-01-01
  response:
    body: {string: '{"value":[{"properties":{"level":"CanNotDelete"},"id":"/subscriptions/00000000-0000-0000-0000-000000000000/providers/Microsoft.Authorization/locks/cli-test-lock000003","type":"Microsoft.Authorization/locks","name":"cli-test-lock000003"},{"properties":{"level":"CanNotDelete"},"id":"/subscriptions/00000000-0000-0000-0000-000000000000/resourcegroups/cli_test_cannotdelete_resource_lockgzfvhhyaaogl2ecqeng6egpkx3t4bi4hq22xh2lv/providers/Microsoft.Network/virtualNetworks/cli.lock.rsrc2o3hho4gobe7jw525/providers/Microsoft.Authorization/locks/cli-test-locklloly3o3po3ywcqotwy7xvnor7lxwjgwj2ibtsebscgbgzqce4ygy5qsrv5fb","type":"Microsoft.Authorization/locks","name":"cli-test-locklloly3o3po3ywcqotwy7xvnor7lxwjgwj2ibtsebscgbgzqce4ygy5qsrv5fb"},{"properties":{"level":"CanNotDelete","notes":"Reserved
        resource locked by ''cliautomationlab'' lab."},"id":"/subscriptions/00000000-0000-0000-0000-000000000000/resourcegroups/cliautomationm3utrrbx7ntvb356eqynqiauhjpfhvyicagolw3vzmsiek54rhgowr6eudkv2e/providers/Microsoft.Storage/storageAccounts/acliautomationlab4390/providers/Microsoft.Authorization/locks/DevTestLabs
        Lock","type":"Microsoft.Authorization/locks","name":"DevTestLabs Lock"},{"properties":{"level":"CanNotDelete","notes":"Reserved
        resource locked by ''cliautomationlab'' lab."},"id":"/subscriptions/00000000-0000-0000-0000-000000000000/resourcegroups/cliautomationm3utrrbx7ntvb356eqynqiauhjpfhvyicagolw3vzmsiek54rhgowr6eudkv2e/providers/Microsoft.KeyVault/vaults/cliautomationlab3183/providers/Microsoft.Authorization/locks/DevTestLabs
        Lock","type":"Microsoft.Authorization/locks","name":"DevTestLabs Lock"},{"properties":{"level":"CanNotDelete","notes":"Reserved
        resource locked by ''cliautomationlab'' lab."},"id":"/subscriptions/00000000-0000-0000-0000-000000000000/resourcegroups/cliautomationm3utrrbx7ntvb356eqynqiauhjpfhvyicagolw3vzmsiek54rhgowr6eudkv2e/providers/Microsoft.Network/virtualNetworks/Dtlcliautomationlab/providers/Microsoft.Authorization/locks/DevTestLabs
        Lock","type":"Microsoft.Authorization/locks","name":"DevTestLabs Lock"},{"properties":{"level":"CanNotDelete"},"id":"/subscriptions/00000000-0000-0000-0000-000000000000/resourceGroups/sr/providers/Microsoft.Authorization/locks/nodel","type":"Microsoft.Authorization/locks","name":"nodel"},{"properties":{"level":"CanNotDelete"},"id":"/subscriptions/00000000-0000-0000-0000-000000000000/resourceGroups/rg605582365a/providers/Microsoft.Authorization/locks/rglock","type":"Microsoft.Authorization/locks","name":"rglock"},{"properties":{"level":"CanNotDelete"},"id":"/subscriptions/00000000-0000-0000-0000-000000000000/resourceGroups/cliperf/providers/Microsoft.Authorization/locks/lockName","type":"Microsoft.Authorization/locks","name":"lockName"},{"properties":{"level":"CanNotDelete","notes":""},"id":"/subscriptions/00000000-0000-0000-0000-000000000000/resourcegroups/cliperf/providers/Microsoft.Authorization/locks/nodel","type":"Microsoft.Authorization/locks","name":"nodel"},{"properties":{"level":"CanNotDelete","notes":"Reserved
        resource locked by ''cliautomationlab'' lab."},"id":"/subscriptions/00000000-0000-0000-0000-000000000000/resourcegroups/cliautomation01p6iszzzx4aw67ogvpe3mha4vbctvd7pujeyehkxs5dgwiwjyhxndtrv7o3sp/providers/Microsoft.Storage/storageAccounts/acliautomationlab8914/providers/Microsoft.Authorization/locks/DevTestLabs
        Lock","type":"Microsoft.Authorization/locks","name":"DevTestLabs Lock"},{"properties":{"level":"CanNotDelete","notes":"Reserved
        resource locked by ''cliautomationlab'' lab."},"id":"/subscriptions/00000000-0000-0000-0000-000000000000/resourcegroups/cliautomation01p6iszzzx4aw67ogvpe3mha4vbctvd7pujeyehkxs5dgwiwjyhxndtrv7o3sp/providers/Microsoft.KeyVault/vaults/cliautomationlab6909/providers/Microsoft.Authorization/locks/DevTestLabs
        Lock","type":"Microsoft.Authorization/locks","name":"DevTestLabs Lock"},{"properties":{"level":"CanNotDelete","notes":"Reserved
        resource locked by ''cliautomationlab'' lab."},"id":"/subscriptions/00000000-0000-0000-0000-000000000000/resourcegroups/cliautomation01p6iszzzx4aw67ogvpe3mha4vbctvd7pujeyehkxs5dgwiwjyhxndtrv7o3sp/providers/Microsoft.Network/virtualNetworks/Dtlcliautomationlab/providers/Microsoft.Authorization/locks/DevTestLabs
        Lock","type":"Microsoft.Authorization/locks","name":"DevTestLabs Lock"}]}'}
    headers:
      cache-control: [no-cache]
      content-length: ['4324']
      content-type: [application/json; charset=utf-8]
      date: ['Thu, 17 May 2018 20:39:55 GMT']
      expires: ['-1']
      pragma: [no-cache]
      strict-transport-security: [max-age=31536000; includeSubDomains]
      transfer-encoding: [chunked]
      vary: ['Accept-Encoding,Accept-Encoding']
      x-content-type-options: [nosniff]
    status: {code: 200, message: OK}
- request:
    body: null
    headers:
      Accept: [application/json]
      Accept-Encoding: ['gzip, deflate']
      CommandName: [lock update]
      Connection: [keep-alive]
      Content-Type: [application/json; charset=utf-8]
      User-Agent: [python/3.6.1 (Windows-10-10.0.17134-SP0) requests/2.18.4 msrest/0.4.29
          msrest_azure/0.4.30 managementlockclient/1.2.1 Azure-SDK-For-Python AZURECLI/2.0.33]
      accept-language: [en-US]
    method: GET
    uri: https://management.azure.com/subscriptions/00000000-0000-0000-0000-000000000000/providers/Microsoft.Authorization/locks/cli-test-lock000003?api-version=2015-01-01
  response:
    body: {string: '{"properties":{"level":"CanNotDelete"},"id":"/subscriptions/00000000-0000-0000-0000-000000000000/providers/Microsoft.Authorization/locks/cli-test-lock000003","type":"Microsoft.Authorization/locks","name":"cli-test-lock000003"}'}
    headers:
      cache-control: [no-cache]
      content-length: ['284']
      content-type: [application/json; charset=utf-8]
      date: ['Thu, 17 May 2018 20:39:55 GMT']
      expires: ['-1']
      pragma: [no-cache]
      strict-transport-security: [max-age=31536000; includeSubDomains]
      transfer-encoding: [chunked]
      vary: ['Accept-Encoding,Accept-Encoding']
      x-content-type-options: [nosniff]
    status: {code: 200, message: OK}
- request:
    body: 'b''b\''{"properties": {"level": "ReadOnly", "notes": "notes000004"}, "id":
      "/subscriptions/00000000-0000-0000-0000-000000000000/providers/Microsoft.Authorization/locks/cli-test-lock000003",
      "type": "Microsoft.Authorization/locks", "name": "cli-test-lock000003"}\'''''
    headers:
      Accept: [application/json]
      Accept-Encoding: ['gzip, deflate']
      CommandName: [lock update]
      Connection: [keep-alive]
      Content-Length: ['321']
      Content-Type: [application/json; charset=utf-8]
      User-Agent: [python/3.6.1 (Windows-10-10.0.17134-SP0) requests/2.18.4 msrest/0.4.29
          msrest_azure/0.4.30 managementlockclient/1.2.1 Azure-SDK-For-Python AZURECLI/2.0.33]
      accept-language: [en-US]
    method: PUT
    uri: https://management.azure.com/subscriptions/00000000-0000-0000-0000-000000000000/providers/Microsoft.Authorization/locks/cli-test-lock000003?api-version=2015-01-01
  response:
    body: {string: '{"properties":{"level":"ReadOnly","notes":"notes000004"},"id":"/subscriptions/00000000-0000-0000-0000-000000000000/providers/Microsoft.Authorization/locks/cli-test-lock000003","type":"Microsoft.Authorization/locks","name":"cli-test-lock000003"}'}
    headers:
      cache-control: [no-cache]
      content-length: ['311']
      content-type: [application/json; charset=utf-8]
      date: ['Thu, 17 May 2018 20:39:55 GMT']
      expires: ['-1']
      pragma: [no-cache]
      strict-transport-security: [max-age=31536000; includeSubDomains]
      transfer-encoding: [chunked]
      vary: ['Accept-Encoding,Accept-Encoding']
      x-content-type-options: [nosniff]
      x-ms-ratelimit-remaining-subscription-writes: ['1199']
    status: {code: 200, message: OK}
- request:
    body: null
    headers:
      Accept: [application/json]
      Accept-Encoding: ['gzip, deflate']
      CommandName: [lock update]
      Connection: [keep-alive]
      Content-Type: [application/json; charset=utf-8]
      User-Agent: [python/3.6.1 (Windows-10-10.0.17134-SP0) requests/2.18.4 msrest/0.4.29
          msrest_azure/0.4.30 managementlockclient/1.2.1 Azure-SDK-For-Python AZURECLI/2.0.33]
      accept-language: [en-US]
    method: GET
    uri: https://management.azure.com/subscriptions/00000000-0000-0000-0000-000000000000/providers/Microsoft.Authorization/locks?api-version=2015-01-01
  response:
    body: {string: '{"value":[{"properties":{"level":"ReadOnly","notes":"notes000004"},"id":"/subscriptions/00000000-0000-0000-0000-000000000000/providers/Microsoft.Authorization/locks/cli-test-lock000003","type":"Microsoft.Authorization/locks","name":"cli-test-lock000003"},{"properties":{"level":"CanNotDelete"},"id":"/subscriptions/00000000-0000-0000-0000-000000000000/resourcegroups/cli_test_cannotdelete_resource_lockgzfvhhyaaogl2ecqeng6egpkx3t4bi4hq22xh2lv/providers/Microsoft.Network/virtualNetworks/cli.lock.rsrc2o3hho4gobe7jw525/providers/Microsoft.Authorization/locks/cli-test-locklloly3o3po3ywcqotwy7xvnor7lxwjgwj2ibtsebscgbgzqce4ygy5qsrv5fb","type":"Microsoft.Authorization/locks","name":"cli-test-locklloly3o3po3ywcqotwy7xvnor7lxwjgwj2ibtsebscgbgzqce4ygy5qsrv5fb"},{"properties":{"level":"CanNotDelete","notes":"Reserved
        resource locked by ''cliautomationlab'' lab."},"id":"/subscriptions/00000000-0000-0000-0000-000000000000/resourcegroups/cliautomationm3utrrbx7ntvb356eqynqiauhjpfhvyicagolw3vzmsiek54rhgowr6eudkv2e/providers/Microsoft.Storage/storageAccounts/acliautomationlab4390/providers/Microsoft.Authorization/locks/DevTestLabs
        Lock","type":"Microsoft.Authorization/locks","name":"DevTestLabs Lock"},{"properties":{"level":"CanNotDelete","notes":"Reserved
        resource locked by ''cliautomationlab'' lab."},"id":"/subscriptions/00000000-0000-0000-0000-000000000000/resourcegroups/cliautomationm3utrrbx7ntvb356eqynqiauhjpfhvyicagolw3vzmsiek54rhgowr6eudkv2e/providers/Microsoft.KeyVault/vaults/cliautomationlab3183/providers/Microsoft.Authorization/locks/DevTestLabs
        Lock","type":"Microsoft.Authorization/locks","name":"DevTestLabs Lock"},{"properties":{"level":"CanNotDelete","notes":"Reserved
        resource locked by ''cliautomationlab'' lab."},"id":"/subscriptions/00000000-0000-0000-0000-000000000000/resourcegroups/cliautomationm3utrrbx7ntvb356eqynqiauhjpfhvyicagolw3vzmsiek54rhgowr6eudkv2e/providers/Microsoft.Network/virtualNetworks/Dtlcliautomationlab/providers/Microsoft.Authorization/locks/DevTestLabs
        Lock","type":"Microsoft.Authorization/locks","name":"DevTestLabs Lock"},{"properties":{"level":"CanNotDelete"},"id":"/subscriptions/00000000-0000-0000-0000-000000000000/resourceGroups/sr/providers/Microsoft.Authorization/locks/nodel","type":"Microsoft.Authorization/locks","name":"nodel"},{"properties":{"level":"CanNotDelete"},"id":"/subscriptions/00000000-0000-0000-0000-000000000000/resourceGroups/rg605582365a/providers/Microsoft.Authorization/locks/rglock","type":"Microsoft.Authorization/locks","name":"rglock"},{"properties":{"level":"CanNotDelete"},"id":"/subscriptions/00000000-0000-0000-0000-000000000000/resourceGroups/cliperf/providers/Microsoft.Authorization/locks/lockName","type":"Microsoft.Authorization/locks","name":"lockName"},{"properties":{"level":"CanNotDelete","notes":""},"id":"/subscriptions/00000000-0000-0000-0000-000000000000/resourcegroups/cliperf/providers/Microsoft.Authorization/locks/nodel","type":"Microsoft.Authorization/locks","name":"nodel"},{"properties":{"level":"CanNotDelete","notes":"Reserved
        resource locked by ''cliautomationlab'' lab."},"id":"/subscriptions/00000000-0000-0000-0000-000000000000/resourcegroups/cliautomation01p6iszzzx4aw67ogvpe3mha4vbctvd7pujeyehkxs5dgwiwjyhxndtrv7o3sp/providers/Microsoft.Storage/storageAccounts/acliautomationlab8914/providers/Microsoft.Authorization/locks/DevTestLabs
        Lock","type":"Microsoft.Authorization/locks","name":"DevTestLabs Lock"},{"properties":{"level":"CanNotDelete","notes":"Reserved
        resource locked by ''cliautomationlab'' lab."},"id":"/subscriptions/00000000-0000-0000-0000-000000000000/resourcegroups/cliautomation01p6iszzzx4aw67ogvpe3mha4vbctvd7pujeyehkxs5dgwiwjyhxndtrv7o3sp/providers/Microsoft.KeyVault/vaults/cliautomationlab6909/providers/Microsoft.Authorization/locks/DevTestLabs
        Lock","type":"Microsoft.Authorization/locks","name":"DevTestLabs Lock"},{"properties":{"level":"CanNotDelete","notes":"Reserved
        resource locked by ''cliautomationlab'' lab."},"id":"/subscriptions/00000000-0000-0000-0000-000000000000/resourcegroups/cliautomation01p6iszzzx4aw67ogvpe3mha4vbctvd7pujeyehkxs5dgwiwjyhxndtrv7o3sp/providers/Microsoft.Network/virtualNetworks/Dtlcliautomationlab/providers/Microsoft.Authorization/locks/DevTestLabs
        Lock","type":"Microsoft.Authorization/locks","name":"DevTestLabs Lock"}]}'}
    headers:
      cache-control: [no-cache]
      content-length: ['4351']
      content-type: [application/json; charset=utf-8]
      date: ['Thu, 17 May 2018 20:39:57 GMT']
      expires: ['-1']
      pragma: [no-cache]
      strict-transport-security: [max-age=31536000; includeSubDomains]
      transfer-encoding: [chunked]
      vary: ['Accept-Encoding,Accept-Encoding']
      x-content-type-options: [nosniff]
    status: {code: 200, message: OK}
- request:
    body: null
    headers:
      Accept: [application/json]
      Accept-Encoding: ['gzip, deflate']
      CommandName: [lock update]
      Connection: [keep-alive]
      Content-Type: [application/json; charset=utf-8]
      User-Agent: [python/3.6.1 (Windows-10-10.0.17134-SP0) requests/2.18.4 msrest/0.4.29
          msrest_azure/0.4.30 managementlockclient/1.2.1 Azure-SDK-For-Python AZURECLI/2.0.33]
      accept-language: [en-US]
    method: GET
    uri: https://management.azure.com/subscriptions/00000000-0000-0000-0000-000000000000/providers/Microsoft.Authorization/locks/cli-test-lock000003?api-version=2015-01-01
  response:
    body: {string: '{"properties":{"level":"ReadOnly","notes":"notes000004"},"id":"/subscriptions/00000000-0000-0000-0000-000000000000/providers/Microsoft.Authorization/locks/cli-test-lock000003","type":"Microsoft.Authorization/locks","name":"cli-test-lock000003"}'}
    headers:
      cache-control: [no-cache]
      content-length: ['311']
      content-type: [application/json; charset=utf-8]
      date: ['Thu, 17 May 2018 20:39:56 GMT']
      expires: ['-1']
      pragma: [no-cache]
      strict-transport-security: [max-age=31536000; includeSubDomains]
      transfer-encoding: [chunked]
      vary: ['Accept-Encoding,Accept-Encoding']
      x-content-type-options: [nosniff]
    status: {code: 200, message: OK}
- request:
    body: 'b''b\''{"properties": {"level": "CanNotDelete", "notes": "notes000004"},
      "id": "/subscriptions/00000000-0000-0000-0000-000000000000/providers/Microsoft.Authorization/locks/cli-test-lock000003",
      "type": "Microsoft.Authorization/locks", "name": "cli-test-lock000003"}\'''''
    headers:
      Accept: [application/json]
      Accept-Encoding: ['gzip, deflate']
      CommandName: [lock update]
      Connection: [keep-alive]
      Content-Length: ['325']
      Content-Type: [application/json; charset=utf-8]
      User-Agent: [python/3.6.1 (Windows-10-10.0.17134-SP0) requests/2.18.4 msrest/0.4.29
          msrest_azure/0.4.30 managementlockclient/1.2.1 Azure-SDK-For-Python AZURECLI/2.0.33]
      accept-language: [en-US]
    method: PUT
    uri: https://management.azure.com/subscriptions/00000000-0000-0000-0000-000000000000/providers/Microsoft.Authorization/locks/cli-test-lock000003?api-version=2015-01-01
  response:
    body: {string: '{"properties":{"level":"CanNotDelete","notes":"notes000004"},"id":"/subscriptions/00000000-0000-0000-0000-000000000000/providers/Microsoft.Authorization/locks/cli-test-lock000003","type":"Microsoft.Authorization/locks","name":"cli-test-lock000003"}'}
    headers:
      cache-control: [no-cache]
      content-length: ['315']
      content-type: [application/json; charset=utf-8]
      date: ['Thu, 17 May 2018 20:39:57 GMT']
      expires: ['-1']
      pragma: [no-cache]
      strict-transport-security: [max-age=31536000; includeSubDomains]
      transfer-encoding: [chunked]
      vary: ['Accept-Encoding,Accept-Encoding']
      x-content-type-options: [nosniff]
      x-ms-ratelimit-remaining-subscription-writes: ['1199']
    status: {code: 200, message: OK}
- request:
    body: null
    headers:
      Accept: [application/json]
      Accept-Encoding: ['gzip, deflate']
      CommandName: [lock delete]
      Connection: [keep-alive]
      Content-Type: [application/json; charset=utf-8]
      User-Agent: [python/3.6.1 (Windows-10-10.0.17134-SP0) requests/2.18.4 msrest/0.4.29
          msrest_azure/0.4.30 managementlockclient/1.2.1 Azure-SDK-For-Python AZURECLI/2.0.33]
      accept-language: [en-US]
    method: GET
    uri: https://management.azure.com/subscriptions/00000000-0000-0000-0000-000000000000/providers/Microsoft.Authorization/locks?api-version=2015-01-01
  response:
    body: {string: '{"value":[{"properties":{"level":"CanNotDelete","notes":"notes000004"},"id":"/subscriptions/00000000-0000-0000-0000-000000000000/providers/Microsoft.Authorization/locks/cli-test-lock000003","type":"Microsoft.Authorization/locks","name":"cli-test-lock000003"},{"properties":{"level":"CanNotDelete"},"id":"/subscriptions/00000000-0000-0000-0000-000000000000/resourcegroups/cli_test_cannotdelete_resource_lockgzfvhhyaaogl2ecqeng6egpkx3t4bi4hq22xh2lv/providers/Microsoft.Network/virtualNetworks/cli.lock.rsrc2o3hho4gobe7jw525/providers/Microsoft.Authorization/locks/cli-test-locklloly3o3po3ywcqotwy7xvnor7lxwjgwj2ibtsebscgbgzqce4ygy5qsrv5fb","type":"Microsoft.Authorization/locks","name":"cli-test-locklloly3o3po3ywcqotwy7xvnor7lxwjgwj2ibtsebscgbgzqce4ygy5qsrv5fb"},{"properties":{"level":"CanNotDelete","notes":"Reserved
        resource locked by ''cliautomationlab'' lab."},"id":"/subscriptions/00000000-0000-0000-0000-000000000000/resourcegroups/cliautomationm3utrrbx7ntvb356eqynqiauhjpfhvyicagolw3vzmsiek54rhgowr6eudkv2e/providers/Microsoft.Storage/storageAccounts/acliautomationlab4390/providers/Microsoft.Authorization/locks/DevTestLabs
        Lock","type":"Microsoft.Authorization/locks","name":"DevTestLabs Lock"},{"properties":{"level":"CanNotDelete","notes":"Reserved
        resource locked by ''cliautomationlab'' lab."},"id":"/subscriptions/00000000-0000-0000-0000-000000000000/resourcegroups/cliautomationm3utrrbx7ntvb356eqynqiauhjpfhvyicagolw3vzmsiek54rhgowr6eudkv2e/providers/Microsoft.KeyVault/vaults/cliautomationlab3183/providers/Microsoft.Authorization/locks/DevTestLabs
        Lock","type":"Microsoft.Authorization/locks","name":"DevTestLabs Lock"},{"properties":{"level":"CanNotDelete","notes":"Reserved
        resource locked by ''cliautomationlab'' lab."},"id":"/subscriptions/00000000-0000-0000-0000-000000000000/resourcegroups/cliautomationm3utrrbx7ntvb356eqynqiauhjpfhvyicagolw3vzmsiek54rhgowr6eudkv2e/providers/Microsoft.Network/virtualNetworks/Dtlcliautomationlab/providers/Microsoft.Authorization/locks/DevTestLabs
        Lock","type":"Microsoft.Authorization/locks","name":"DevTestLabs Lock"},{"properties":{"level":"CanNotDelete"},"id":"/subscriptions/00000000-0000-0000-0000-000000000000/resourceGroups/sr/providers/Microsoft.Authorization/locks/nodel","type":"Microsoft.Authorization/locks","name":"nodel"},{"properties":{"level":"CanNotDelete"},"id":"/subscriptions/00000000-0000-0000-0000-000000000000/resourceGroups/rg605582365a/providers/Microsoft.Authorization/locks/rglock","type":"Microsoft.Authorization/locks","name":"rglock"},{"properties":{"level":"CanNotDelete"},"id":"/subscriptions/00000000-0000-0000-0000-000000000000/resourceGroups/cliperf/providers/Microsoft.Authorization/locks/lockName","type":"Microsoft.Authorization/locks","name":"lockName"},{"properties":{"level":"CanNotDelete","notes":""},"id":"/subscriptions/00000000-0000-0000-0000-000000000000/resourcegroups/cliperf/providers/Microsoft.Authorization/locks/nodel","type":"Microsoft.Authorization/locks","name":"nodel"},{"properties":{"level":"CanNotDelete","notes":"Reserved
        resource locked by ''cliautomationlab'' lab."},"id":"/subscriptions/00000000-0000-0000-0000-000000000000/resourcegroups/cliautomation01p6iszzzx4aw67ogvpe3mha4vbctvd7pujeyehkxs5dgwiwjyhxndtrv7o3sp/providers/Microsoft.Storage/storageAccounts/acliautomationlab8914/providers/Microsoft.Authorization/locks/DevTestLabs
        Lock","type":"Microsoft.Authorization/locks","name":"DevTestLabs Lock"},{"properties":{"level":"CanNotDelete","notes":"Reserved
        resource locked by ''cliautomationlab'' lab."},"id":"/subscriptions/00000000-0000-0000-0000-000000000000/resourcegroups/cliautomation01p6iszzzx4aw67ogvpe3mha4vbctvd7pujeyehkxs5dgwiwjyhxndtrv7o3sp/providers/Microsoft.KeyVault/vaults/cliautomationlab6909/providers/Microsoft.Authorization/locks/DevTestLabs
        Lock","type":"Microsoft.Authorization/locks","name":"DevTestLabs Lock"},{"properties":{"level":"CanNotDelete","notes":"Reserved
        resource locked by ''cliautomationlab'' lab."},"id":"/subscriptions/00000000-0000-0000-0000-000000000000/resourcegroups/cliautomation01p6iszzzx4aw67ogvpe3mha4vbctvd7pujeyehkxs5dgwiwjyhxndtrv7o3sp/providers/Microsoft.Network/virtualNetworks/Dtlcliautomationlab/providers/Microsoft.Authorization/locks/DevTestLabs
        Lock","type":"Microsoft.Authorization/locks","name":"DevTestLabs Lock"}]}'}
    headers:
      cache-control: [no-cache]
      content-length: ['4355']
      content-type: [application/json; charset=utf-8]
      date: ['Thu, 17 May 2018 20:39:58 GMT']
      expires: ['-1']
      pragma: [no-cache]
      strict-transport-security: [max-age=31536000; includeSubDomains]
      transfer-encoding: [chunked]
      vary: ['Accept-Encoding,Accept-Encoding']
      x-content-type-options: [nosniff]
    status: {code: 200, message: OK}
- request:
    body: null
    headers:
      Accept: [application/json]
      Accept-Encoding: ['gzip, deflate']
      CommandName: [lock delete]
      Connection: [keep-alive]
      Content-Length: ['0']
      Content-Type: [application/json; charset=utf-8]
      User-Agent: [python/3.6.1 (Windows-10-10.0.17134-SP0) requests/2.18.4 msrest/0.4.29
          msrest_azure/0.4.30 managementlockclient/1.2.1 Azure-SDK-For-Python AZURECLI/2.0.33]
      accept-language: [en-US]
    method: DELETE
    uri: https://management.azure.com/subscriptions/00000000-0000-0000-0000-000000000000/providers/Microsoft.Authorization/locks/cli-test-lock000003?api-version=2015-01-01
  response:
    body: {string: ''}
    headers:
      cache-control: [no-cache]
      content-length: ['0']
      date: ['Thu, 17 May 2018 20:39:58 GMT']
      expires: ['-1']
      pragma: [no-cache]
      strict-transport-security: [max-age=31536000; includeSubDomains]
      x-content-type-options: [nosniff]
      x-ms-ratelimit-remaining-subscription-deletes: ['14999']
    status: {code: 200, message: OK}
version: 1
