interactions:
- request:
    body: null
    headers:
      Accept:
      - application/json
      Accept-Encoding:
      - gzip, deflate
      CommandName:
      - acr create
      Connection:
      - keep-alive
      ParameterSetName:
      - -g -n --sku
      User-Agent:
      - AZURECLI/2.27.0 azsdk-python-azure-mgmt-resource/18.0.0 Python/3.8.2 (Linux-5.10.16.3-microsoft-standard-WSL2-x86_64-with-glibc2.29)
    method: GET
    uri: https://management.azure.com/subscriptions/00000000-0000-0000-0000-000000000000/resourcegroups/clitest.rg000001?api-version=2021-04-01
  response:
    body:
      string: '{"id":"/subscriptions/00000000-0000-0000-0000-000000000000/resourceGroups/clitest.rg000001","name":"clitest.rg000001","type":"Microsoft.Resources/resourceGroups","location":"westus","tags":{"product":"azurecli","cause":"automation","date":"2021-08-18T01:31:17Z"},"properties":{"provisioningState":"Succeeded"}}'
    headers:
      cache-control:
      - no-cache
      content-length:
      - '428'
      content-type:
      - application/json; charset=utf-8
      date:
      - Wed, 18 Aug 2021 01:31:23 GMT
      expires:
      - '-1'
      pragma:
      - no-cache
      strict-transport-security:
      - max-age=31536000; includeSubDomains
      vary:
      - Accept-Encoding
      x-content-type-options:
      - nosniff
    status:
      code: 200
      message: OK
- request:
    body: '{"location": "westus", "sku": {"name": "Premium"}, "properties": {"adminUserEnabled":
      false, "anonymousPullEnabled": false}}'
    headers:
      Accept:
      - application/json
      Accept-Encoding:
      - gzip, deflate
      CommandName:
      - acr create
      Connection:
      - keep-alive
      Content-Length:
      - '124'
      Content-Type:
      - application/json
      ParameterSetName:
      - -g -n --sku
      User-Agent:
      - AZURECLI/2.27.0 azsdk-python-azure-mgmt-containerregistry/8.1.0 Python/3.8.2
        (Linux-5.10.16.3-microsoft-standard-WSL2-x86_64-with-glibc2.29)
    method: PUT
    uri: https://management.azure.com/subscriptions/00000000-0000-0000-0000-000000000000/resourceGroups/clitest.rg000001/providers/Microsoft.ContainerRegistry/registries/clireg000002?api-version=2021-06-01-preview
  response:
    body:
      string: '{"sku":{"name":"Premium","tier":"Premium"},"type":"Microsoft.ContainerRegistry/registries","id":"/subscriptions/00000000-0000-0000-0000-000000000000/resourceGroups/clitest.rg000001/providers/Microsoft.ContainerRegistry/registries/clireg000002","name":"clireg000002","location":"westus","tags":{},"systemData":{"createdBy":"savaradh@microsoft.com","createdByType":"User","createdAt":"2021-08-18T01:31:24.684598+00:00","lastModifiedBy":"savaradh@microsoft.com","lastModifiedByType":"User","lastModifiedAt":"2021-08-18T01:31:24.684598+00:00"},"properties":{"loginServer":"clireg000002.azurecr.io","creationDate":"2021-08-18T01:31:24.684598Z","provisioningState":"Creating","adminUserEnabled":false,"networkRuleSet":{"defaultAction":"Allow","virtualNetworkRules":[],"ipRules":[]},"policies":{"quarantinePolicy":{"status":"disabled"},"trustPolicy":{"type":"Notary","status":"disabled"},"retentionPolicy":{"days":7,"lastUpdatedTime":"2021-08-18T01:31:25.7509053+00:00","status":"disabled"},"exportPolicy":{"status":"enabled"}},"encryption":{"status":"disabled"},"dataEndpointEnabled":false,"dataEndpointHostNames":[],"privateEndpointConnections":[],"publicNetworkAccess":"Enabled","networkRuleBypassOptions":"AzureServices","zoneRedundancy":"Disabled","anonymousPullEnabled":false}}'
    headers:
      azure-asyncoperation:
      - https://management.azure.com/subscriptions/00000000-0000-0000-0000-000000000000/resourceGroups/clitest.rg000001/providers/Microsoft.ContainerRegistry/registries/clireg000002/operationStatuses/registries-feef61c2-ffc3-11eb-9dbc-00155d392c20?api-version=2021-06-01-preview
      cache-control:
      - no-cache
      content-length:
      - '1359'
      content-type:
      - application/json; charset=utf-8
      date:
      - Wed, 18 Aug 2021 01:31:25 GMT
      expires:
      - '-1'
      pragma:
      - no-cache
      server:
      - Microsoft-HTTPAPI/2.0
      strict-transport-security:
      - max-age=31536000; includeSubDomains
      x-content-type-options:
      - nosniff
      x-ms-ratelimit-remaining-subscription-writes:
      - '1199'
    status:
      code: 201
      message: Created
- request:
    body: null
    headers:
      Accept:
      - '*/*'
      Accept-Encoding:
      - gzip, deflate
      CommandName:
      - acr create
      Connection:
      - keep-alive
      ParameterSetName:
      - -g -n --sku
      User-Agent:
      - AZURECLI/2.27.0 azsdk-python-azure-mgmt-containerregistry/8.1.0 Python/3.8.2
        (Linux-5.10.16.3-microsoft-standard-WSL2-x86_64-with-glibc2.29)
    method: GET
    uri: https://management.azure.com/subscriptions/00000000-0000-0000-0000-000000000000/resourceGroups/clitest.rg000001/providers/Microsoft.ContainerRegistry/registries/clireg000002/operationStatuses/registries-feef61c2-ffc3-11eb-9dbc-00155d392c20?api-version=2021-06-01-preview
  response:
    body:
      string: '{"status":"Succeeded"}'
    headers:
      azure-asyncoperation:
      - https://management.azure.com/subscriptions/00000000-0000-0000-0000-000000000000/resourceGroups/clitest.rg000001/providers/Microsoft.ContainerRegistry/registries/clireg000002/operationStatuses/registries-feef61c2-ffc3-11eb-9dbc-00155d392c20?api-version=2021-06-01-preview
      cache-control:
      - no-cache
      content-length:
      - '22'
      content-type:
      - application/json; charset=utf-8
      date:
      - Wed, 18 Aug 2021 01:31:35 GMT
      expires:
      - '-1'
      pragma:
      - no-cache
      server:
      - Microsoft-HTTPAPI/2.0
      strict-transport-security:
      - max-age=31536000; includeSubDomains
      transfer-encoding:
      - chunked
      vary:
      - Accept-Encoding
      x-content-type-options:
      - nosniff
    status:
      code: 200
      message: OK
- request:
    body: null
    headers:
      Accept:
      - '*/*'
      Accept-Encoding:
      - gzip, deflate
      CommandName:
      - acr create
      Connection:
      - keep-alive
      ParameterSetName:
      - -g -n --sku
      User-Agent:
      - AZURECLI/2.27.0 azsdk-python-azure-mgmt-containerregistry/8.1.0 Python/3.8.2
        (Linux-5.10.16.3-microsoft-standard-WSL2-x86_64-with-glibc2.29)
    method: GET
    uri: https://management.azure.com/subscriptions/00000000-0000-0000-0000-000000000000/resourceGroups/clitest.rg000001/providers/Microsoft.ContainerRegistry/registries/clireg000002?api-version=2021-06-01-preview
  response:
    body:
      string: '{"sku":{"name":"Premium","tier":"Premium"},"type":"Microsoft.ContainerRegistry/registries","id":"/subscriptions/00000000-0000-0000-0000-000000000000/resourceGroups/clitest.rg000001/providers/Microsoft.ContainerRegistry/registries/clireg000002","name":"clireg000002","location":"westus","tags":{},"systemData":{"createdBy":"savaradh@microsoft.com","createdByType":"User","createdAt":"2021-08-18T01:31:24.684598+00:00","lastModifiedBy":"savaradh@microsoft.com","lastModifiedByType":"User","lastModifiedAt":"2021-08-18T01:31:24.684598+00:00"},"properties":{"loginServer":"clireg000002.azurecr.io","creationDate":"2021-08-18T01:31:24.684598Z","provisioningState":"Succeeded","adminUserEnabled":false,"networkRuleSet":{"defaultAction":"Allow","virtualNetworkRules":[],"ipRules":[]},"policies":{"quarantinePolicy":{"status":"disabled"},"trustPolicy":{"type":"Notary","status":"disabled"},"retentionPolicy":{"days":7,"lastUpdatedTime":"2021-08-18T01:31:25.7509053+00:00","status":"disabled"},"exportPolicy":{"status":"enabled"}},"encryption":{"status":"disabled"},"dataEndpointEnabled":false,"dataEndpointHostNames":[],"privateEndpointConnections":[],"publicNetworkAccess":"Enabled","networkRuleBypassOptions":"AzureServices","zoneRedundancy":"Disabled","anonymousPullEnabled":false}}'
    headers:
      cache-control:
      - no-cache
      content-length:
      - '1360'
      content-type:
      - application/json; charset=utf-8
      date:
      - Wed, 18 Aug 2021 01:31:35 GMT
      expires:
      - '-1'
      pragma:
      - no-cache
      server:
      - Microsoft-HTTPAPI/2.0
      strict-transport-security:
      - max-age=31536000; includeSubDomains
      transfer-encoding:
      - chunked
      vary:
      - Accept-Encoding
      x-content-type-options:
      - nosniff
    status:
      code: 200
      message: OK
- request:
    body: null
    headers:
      Accept:
      - application/json
      Accept-Encoding:
      - gzip, deflate
      CommandName:
      - acr token create
      Connection:
      - keep-alive
      ParameterSetName:
      - -r -n --repository
      User-Agent:
      - AZURECLI/2.27.0 azsdk-python-azure-mgmt-resource/18.0.0 Python/3.8.2 (Linux-5.10.16.3-microsoft-standard-WSL2-x86_64-with-glibc2.29)
    method: GET
    uri: https://management.azure.com/subscriptions/00000000-0000-0000-0000-000000000000/resources?$filter=resourceType%20eq%20%27Microsoft.ContainerRegistry%2Fregistries%27&api-version=2021-04-01
  response:
    body:
      string: '{"value":[{"id":"/subscriptions/00000000-0000-0000-0000-000000000000/resourceGroups/savaradh-registry/providers/Microsoft.ContainerRegistry/registries/savaradhCliTest","name":"savaradhCliTest","type":"Microsoft.ContainerRegistry/registries","sku":{"name":"Premium","tier":"Premium"},"location":"eastus","identity":{"type":"UserAssigned","userAssignedIdentities":{"/subscriptions/00000000-0000-0000-0000-000000000000/resourcegroups/savaradh-registry/providers/Microsoft.ManagedIdentity/userAssignedIdentities/testidentity2":{"principalId":"0c000dbd-e7ed-4d35-9f9a-175829ba04e6","clientId":"fa43b151-1030-43cb-8640-dd95314728f5"}}},"tags":{},"systemData":{"createdBy":"savaradh@microsoft.com","createdByType":"User","createdAt":"2020-09-25T20:47:21.2621384Z","lastModifiedBy":"savaradh@microsoft.com","lastModifiedByType":"User","lastModifiedAt":"2020-09-25T21:08:02.7027274Z"}},{"id":"/subscriptions/00000000-0000-0000-0000-000000000000/resourceGroups/clitest.rgjzwgbjviw7dbzgsr3kghwbypia2zhgirs2tscvnonkpbsflcj5fmsmn7opzeron57/providers/Microsoft.ContainerRegistry/registries/cliregujii5hs3akl336","name":"cliregujii5hs3akl336","type":"Microsoft.ContainerRegistry/registries","sku":{"name":"Premium","tier":"Premium"},"location":"eastus","tags":{},"systemData":{"createdBy":"savaradh@microsoft.com","createdByType":"User","createdAt":"2021-08-18T01:27:05.9354962Z","lastModifiedBy":"savaradh@microsoft.com","lastModifiedByType":"User","lastModifiedAt":"2021-08-18T01:27:05.9354962Z"}},{"id":"/subscriptions/00000000-0000-0000-0000-000000000000/resourceGroups/resourcegroupsamesub/providers/Microsoft.ContainerRegistry/registries/sourceregistrysamesubv2bp2xhohv2y2pt6xaf","name":"sourceregistrysamesubv2bp2xhohv2y2pt6xaf","type":"Microsoft.ContainerRegistry/registries","sku":{"name":"Standard","tier":"Standard"},"location":"westus","tags":{},"systemData":{"createdBy":"savaradh@microsoft.com","createdByType":"User","createdAt":"2021-08-18T01:28:10.9730452Z","lastModifiedBy":"savaradh@microsoft.com","lastModifiedByType":"User","lastModifiedAt":"2021-08-18T01:28:10.9730452Z"}},{"id":"/subscriptions/00000000-0000-0000-0000-000000000000/resourceGroups/clitest.rgjm7druypqnc4azuw4h7sfi3vcsm6juoudgc7bzthz3ougdlntgn4b4cuvq3wamsvi/providers/Microsoft.ContainerRegistry/registries/testregg3ybntw7rxvwy","name":"testregg3ybntw7rxvwy","type":"Microsoft.ContainerRegistry/registries","sku":{"name":"Premium","tier":"Premium"},"location":"westus","tags":{},"systemData":{"createdBy":"savaradh@microsoft.com","createdByType":"User","createdAt":"2021-08-18T01:28:40.5822205Z","lastModifiedBy":"savaradh@microsoft.com","lastModifiedByType":"User","lastModifiedAt":"2021-08-18T01:28:40.5822205Z"}},{"id":"/subscriptions/00000000-0000-0000-0000-000000000000/resourceGroups/clitest.rgj7k3grdq6556o4ijnknhlkxruu444lsvcwy3q6ih2hebfqukg276d6p7xstqsqwps/providers/Microsoft.ContainerRegistry/registries/testreg6jifvxym666lkusfjg","name":"testreg6jifvxym666lkusfjg","type":"Microsoft.ContainerRegistry/registries","sku":{"name":"Premium","tier":"Premium"},"location":"westus","identity":{"type":"UserAssigned","userAssignedIdentities":{"/subscriptions/00000000-0000-0000-0000-000000000000/resourcegroups/clitest.rgj7k3grdq6556o4ijnknhlkxruu444lsvcwy3q6ih2hebfqukg276d6p7xstqsqwps/providers/Microsoft.ManagedIdentity/userAssignedIdentities/testidentitycnl2d2ct6v32nilgh5":{"principalId":"ff846faa-1987-4b84-a242-653e7163005f","clientId":"927be966-0c92-417a-8ee0-f4cc97741ce4"}}},"tags":{},"systemData":{"createdBy":"savaradh@microsoft.com","createdByType":"User","createdAt":"2021-08-18T01:29:14.8167511Z","lastModifiedBy":"savaradh@microsoft.com","lastModifiedByType":"User","lastModifiedAt":"2021-08-18T01:31:36.0005088Z"}},{"id":"/subscriptions/00000000-0000-0000-0000-000000000000/resourceGroups/clitest.rg5vsuzakwf2gpuxophw2hk2ng5kqn47mtdjfsmkrsypz6imycyx3zqr7pgnrn53h5j/providers/Microsoft.ContainerRegistry/registries/cliregiuqu62hnea3c6u","name":"cliregiuqu62hnea3c6u","type":"Microsoft.ContainerRegistry/registries","sku":{"name":"Standard","tier":"Standard"},"location":"westus","tags":{},"systemData":{"createdBy":"savaradh@microsoft.com","createdByType":"User","createdAt":"2021-08-18T01:29:56.2256299Z","lastModifiedBy":"savaradh@microsoft.com","lastModifiedByType":"User","lastModifiedAt":"2021-08-18T01:29:56.2256299Z"}},{"id":"/subscriptions/00000000-0000-0000-0000-000000000000/resourceGroups/clitest.rgurixwo5to44gapy64yztwgghtdoyis65fkh6opgfr2ckdvpeperztzka4v3mib667/providers/Microsoft.ContainerRegistry/registries/testreghjbzlozmkxsls","name":"testreghjbzlozmkxsls","type":"Microsoft.ContainerRegistry/registries","sku":{"name":"Premium","tier":"Premium"},"location":"westus","tags":{},"systemData":{"createdBy":"savaradh@microsoft.com","createdByType":"User","createdAt":"2021-08-18T01:31:22.4157761Z","lastModifiedBy":"savaradh@microsoft.com","lastModifiedByType":"User","lastModifiedAt":"2021-08-18T01:31:22.4157761Z"}},{"id":"/subscriptions/00000000-0000-0000-0000-000000000000/resourceGroups/clitest.rg000001/providers/Microsoft.ContainerRegistry/registries/clireg000002","name":"clireg000002","type":"Microsoft.ContainerRegistry/registries","sku":{"name":"Premium","tier":"Premium"},"location":"westus","tags":{},"systemData":{"createdBy":"savaradh@microsoft.com","createdByType":"User","createdAt":"2021-08-18T01:31:24.684598Z","lastModifiedBy":"savaradh@microsoft.com","lastModifiedByType":"User","lastModifiedAt":"2021-08-18T01:31:24.684598Z"}},{"id":"/subscriptions/00000000-0000-0000-0000-000000000000/resourceGroups/SavaradhOnpremGroup/providers/Microsoft.ContainerRegistry/registries/savaradhonprem","name":"savaradhonprem","type":"Microsoft.ContainerRegistry/registries","sku":{"name":"Premium","tier":"Premium"},"location":"eastus","tags":{},"systemData":{"createdBy":"savaradh@microsoft.com","createdByType":"User","createdAt":"2021-06-02T21:56:51.8819196Z","lastModifiedBy":"savaradh@microsoft.com","lastModifiedByType":"User","lastModifiedAt":"2021-06-02T21:59:09.0393984Z"}},{"id":"/subscriptions/00000000-0000-0000-0000-000000000000/resourceGroups/clitest.rgdkfsypl7xbnq3hwkkkz5x7qzkgattl4swbiii3b7snd3i355qbn6hvsa5myvtq6ji/providers/Microsoft.ContainerRegistry/registries/testregt7pputmsjszmt","name":"testregt7pputmsjszmt","type":"Microsoft.ContainerRegistry/registries","sku":{"name":"Premium","tier":"Premium"},"location":"eastus","tags":{},"systemData":{"createdBy":"savaradh@microsoft.com","createdByType":"User","createdAt":"2021-08-18T01:28:45.2494782Z","lastModifiedBy":"savaradh@microsoft.com","lastModifiedByType":"User","lastModifiedAt":"2021-08-18T01:28:45.2494782Z"}},{"id":"/subscriptions/00000000-0000-0000-0000-000000000000/resourceGroups/clitest.rgdkfsypl7xbnq3hwkkkz5x7qzkgattl4swbiii3b7snd3i355qbn6hvsa5myvtq6ji/providers/Microsoft.ContainerRegistry/registries/testreg2axv3i4iqevx5","name":"testreg2axv3i4iqevx5","type":"Microsoft.ContainerRegistry/registries","sku":{"name":"Premium","tier":"Premium"},"location":"eastus","tags":{},"systemData":{"createdBy":"savaradh@microsoft.com","createdByType":"User","createdAt":"2021-08-18T01:29:01.4031104Z","lastModifiedBy":"savaradh@microsoft.com","lastModifiedByType":"User","lastModifiedAt":"2021-08-18T01:29:01.4031104Z"}},{"id":"/subscriptions/00000000-0000-0000-0000-000000000000/resourceGroups/clitest.rgehnvpq5zfweiremzjcbkolgvqrnps2wuj6c6kehwfek22t7ya3qsbrridzwizjmk5/providers/Microsoft.ContainerRegistry/registries/testreg3tuc3db5xdocs","name":"testreg3tuc3db5xdocs","type":"Microsoft.ContainerRegistry/registries","sku":{"name":"Premium","tier":"Premium"},"location":"eastus2","tags":{},"systemData":{"createdBy":"savaradh@microsoft.com","createdByType":"User","createdAt":"2021-08-18T01:28:10.0806264Z","lastModifiedBy":"savaradh@microsoft.com","lastModifiedByType":"User","lastModifiedAt":"2021-08-18T01:28:10.0806264Z"}},{"id":"/subscriptions/00000000-0000-0000-0000-000000000000/resourceGroups/savaradh-registry/providers/Microsoft.ContainerRegistry/registries/savaradhRegistry","name":"savaradhRegistry","type":"Microsoft.ContainerRegistry/registries","sku":{"name":"Premium","tier":"Premium"},"location":"eastus","tags":{},"systemData":{"lastModifiedBy":"savaradh@microsoft.com","lastModifiedByType":"User","lastModifiedAt":"2021-02-18T02:47:58.9284588Z"}},{"id":"/subscriptions/00000000-0000-0000-0000-000000000000/resourceGroups/savaradh-eastus2euap/providers/Microsoft.ContainerRegistry/registries/savaradhcmkeastus2euap","name":"savaradhcmkeastus2euap","type":"Microsoft.ContainerRegistry/registries","sku":{"name":"Premium","tier":"Premium"},"location":"eastus2euap","identity":{"type":"UserAssigned","userAssignedIdentities":{"/subscriptions/00000000-0000-0000-0000-000000000000/resourcegroups/savaradh-eastus2euap/providers/Microsoft.ManagedIdentity/userAssignedIdentities/savaradhmanagedidentity":{"principalId":"8b368ced-f629-485a-b902-02700faecb65","clientId":"b36ebcbd-d9ec-4192-8a73-37580fc9d6eb"}}},"tags":{}}]}'
    headers:
      cache-control:
      - no-cache
      content-length:
      - '9003'
      content-type:
      - application/json; charset=utf-8
      date:
      - Wed, 18 Aug 2021 01:31:37 GMT
      expires:
      - '-1'
      pragma:
      - no-cache
      strict-transport-security:
      - max-age=31536000; includeSubDomains
      vary:
      - Accept-Encoding
      x-content-type-options:
      - nosniff
    status:
      code: 200
      message: OK
- request:
    body: null
    headers:
      Accept:
      - application/json
      Accept-Encoding:
      - gzip, deflate
      CommandName:
      - acr token create
      Connection:
      - keep-alive
      ParameterSetName:
      - -r -n --repository
      User-Agent:
      - AZURECLI/2.27.0 azsdk-python-azure-mgmt-containerregistry/8.1.0 Python/3.8.2
        (Linux-5.10.16.3-microsoft-standard-WSL2-x86_64-with-glibc2.29)
    method: GET
    uri: https://management.azure.com/subscriptions/00000000-0000-0000-0000-000000000000/resourceGroups/clitest.rg000001/providers/Microsoft.ContainerRegistry/registries/clireg000002/scopeMaps/acr-token-scope-map?api-version=2020-11-01-preview
  response:
    body:
      string: '{"error":{"code":"ResourceNotFound","message":"The resource acr-token-scope-map
        could not be found."},"status":"Failed"}'
    headers:
      cache-control:
      - no-cache
      content-length:
      - '120'
      content-type:
      - application/json; charset=utf-8
      date:
      - Wed, 18 Aug 2021 01:31:38 GMT
      expires:
      - '-1'
      pragma:
      - no-cache
      server:
      - Microsoft-HTTPAPI/2.0
      strict-transport-security:
      - max-age=31536000; includeSubDomains
      x-content-type-options:
      - nosniff
    status:
      code: 404
      message: Not Found
- request:
    body: '{"properties": {"actions": ["repositories/foo/content/read"]}}'
    headers:
      Accept:
      - application/json
      Accept-Encoding:
      - gzip, deflate
      CommandName:
      - acr token create
      Connection:
      - keep-alive
      Content-Length:
      - '62'
      Content-Type:
      - application/json
      ParameterSetName:
      - -r -n --repository
      User-Agent:
      - AZURECLI/2.27.0 azsdk-python-azure-mgmt-containerregistry/8.1.0 Python/3.8.2
        (Linux-5.10.16.3-microsoft-standard-WSL2-x86_64-with-glibc2.29)
    method: PUT
    uri: https://management.azure.com/subscriptions/00000000-0000-0000-0000-000000000000/resourceGroups/clitest.rg000001/providers/Microsoft.ContainerRegistry/registries/clireg000002/scopeMaps/acr-token-scope-map?api-version=2020-11-01-preview
  response:
    body:
      string: '{"type":"Microsoft.ContainerRegistry/registries/scopeMaps","id":"/subscriptions/00000000-0000-0000-0000-000000000000/resourceGroups/clitest.rg000001/providers/Microsoft.ContainerRegistry/registries/clireg000002/scopeMaps/acr-token-scope-map","name":"acr-token-scope-map","systemData":{"createdBy":"savaradh@microsoft.com","createdByType":"User","createdAt":"2021-08-18T01:31:39.4217339+00:00","lastModifiedBy":"savaradh@microsoft.com","lastModifiedByType":"User","lastModifiedAt":"2021-08-18T01:31:39.4217339+00:00"},"properties":{"type":"UserDefined","creationDate":"2021-08-18T01:31:39.5524393+00:00","provisioningState":"Succeeded","actions":["repositories/foo/content/read"]}}'
    headers:
      cache-control:
      - no-cache
      content-length:
      - '747'
      content-type:
      - application/json; charset=utf-8
      date:
      - Wed, 18 Aug 2021 01:31:38 GMT
      expires:
      - '-1'
      pragma:
      - no-cache
      server:
      - Microsoft-HTTPAPI/2.0
      strict-transport-security:
      - max-age=31536000; includeSubDomains
      transfer-encoding:
      - chunked
      vary:
      - Accept-Encoding
      x-content-type-options:
      - nosniff
      x-ms-ratelimit-remaining-subscription-writes:
      - '1199'
    status:
      code: 200
      message: OK
- request:
    body: '{"properties": {"scopeMapId": "/subscriptions/00000000-0000-0000-0000-000000000000/resourceGroups/clitest.rg000001/providers/Microsoft.ContainerRegistry/registries/clireg000002/scopeMaps/acr-token-scope-map",
      "status": "enabled"}}'
    headers:
      Accept:
      - application/json
      Accept-Encoding:
      - gzip, deflate
      CommandName:
      - acr token create
      Connection:
      - keep-alive
      Content-Length:
      - '297'
      Content-Type:
      - application/json
      ParameterSetName:
      - -r -n --repository
      User-Agent:
      - AZURECLI/2.27.0 azsdk-python-azure-mgmt-containerregistry/8.1.0 Python/3.8.2
        (Linux-5.10.16.3-microsoft-standard-WSL2-x86_64-with-glibc2.29)
    method: PUT
    uri: https://management.azure.com/subscriptions/00000000-0000-0000-0000-000000000000/resourceGroups/clitest.rg000001/providers/Microsoft.ContainerRegistry/registries/clireg000002/tokens/acr-token?api-version=2020-11-01-preview
  response:
    body:
      string: '{"type":"Microsoft.ContainerRegistry/registries/tokens","id":"/subscriptions/00000000-0000-0000-0000-000000000000/resourceGroups/clitest.rg000001/providers/Microsoft.ContainerRegistry/registries/clireg000002/tokens/acr-token","name":"acr-token","systemData":{"createdBy":"savaradh@microsoft.com","createdByType":"User","createdAt":"2021-08-18T01:31:40.2424649+00:00","lastModifiedBy":"savaradh@microsoft.com","lastModifiedByType":"User","lastModifiedAt":"2021-08-18T01:31:40.2424649+00:00"},"properties":{"creationDate":"2021-08-18T01:31:40.6351509+00:00","provisioningState":"Creating","scopeMapId":"/subscriptions/00000000-0000-0000-0000-000000000000/resourceGroups/clitest.rg000001/providers/Microsoft.ContainerRegistry/registries/clireg000002/scopeMaps/acr-token-scope-map","credentials":{"certificates":[],"passwords":[]},"status":"enabled"}}'
    headers:
      azure-asyncoperation:
      - https://management.azure.com/subscriptions/00000000-0000-0000-0000-000000000000/resourceGroups/clitest.rg000001/providers/Microsoft.ContainerRegistry/registries/clireg000002/tokens/acr-token/operationStatuses/token-072241a2-ffc4-11eb-9dbc-00155d392c20?api-version=2020-11-01-preview
      cache-control:
      - no-cache
      content-length:
      - '981'
      content-type:
      - application/json; charset=utf-8
      date:
      - Wed, 18 Aug 2021 01:31:40 GMT
      expires:
      - '-1'
      pragma:
      - no-cache
      server:
      - Microsoft-HTTPAPI/2.0
      strict-transport-security:
      - max-age=31536000; includeSubDomains
      x-content-type-options:
      - nosniff
      x-ms-ratelimit-remaining-subscription-writes:
      - '1199'
    status:
      code: 201
      message: Created
- request:
    body: null
    headers:
      Accept:
      - '*/*'
      Accept-Encoding:
      - gzip, deflate
      CommandName:
      - acr token create
      Connection:
      - keep-alive
      ParameterSetName:
      - -r -n --repository
      User-Agent:
      - AZURECLI/2.27.0 azsdk-python-azure-mgmt-containerregistry/8.1.0 Python/3.8.2
        (Linux-5.10.16.3-microsoft-standard-WSL2-x86_64-with-glibc2.29)
    method: GET
    uri: https://management.azure.com/subscriptions/00000000-0000-0000-0000-000000000000/resourceGroups/clitest.rg000001/providers/Microsoft.ContainerRegistry/registries/clireg000002/tokens/acr-token/operationStatuses/token-072241a2-ffc4-11eb-9dbc-00155d392c20?api-version=2020-11-01-preview
  response:
    body:
      string: '{"status":"Succeeded"}'
    headers:
      azure-asyncoperation:
      - https://management.azure.com/subscriptions/00000000-0000-0000-0000-000000000000/resourceGroups/clitest.rg000001/providers/Microsoft.ContainerRegistry/registries/clireg000002/tokens/acr-token/operationStatuses/token-072241a2-ffc4-11eb-9dbc-00155d392c20?api-version=2020-11-01-preview
      cache-control:
      - no-cache
      content-length:
      - '22'
      content-type:
      - application/json; charset=utf-8
      date:
      - Wed, 18 Aug 2021 01:31:50 GMT
      expires:
      - '-1'
      pragma:
      - no-cache
      server:
      - Microsoft-HTTPAPI/2.0
      strict-transport-security:
      - max-age=31536000; includeSubDomains
      transfer-encoding:
      - chunked
      vary:
      - Accept-Encoding
      x-content-type-options:
      - nosniff
    status:
      code: 200
      message: OK
- request:
    body: null
    headers:
      Accept:
      - '*/*'
      Accept-Encoding:
      - gzip, deflate
      CommandName:
      - acr token create
      Connection:
      - keep-alive
      ParameterSetName:
      - -r -n --repository
      User-Agent:
      - AZURECLI/2.27.0 azsdk-python-azure-mgmt-containerregistry/8.1.0 Python/3.8.2
        (Linux-5.10.16.3-microsoft-standard-WSL2-x86_64-with-glibc2.29)
    method: GET
    uri: https://management.azure.com/subscriptions/00000000-0000-0000-0000-000000000000/resourceGroups/clitest.rg000001/providers/Microsoft.ContainerRegistry/registries/clireg000002/tokens/acr-token?api-version=2020-11-01-preview
  response:
    body:
      string: '{"type":"Microsoft.ContainerRegistry/registries/tokens","id":"/subscriptions/00000000-0000-0000-0000-000000000000/resourceGroups/clitest.rg000001/providers/Microsoft.ContainerRegistry/registries/clireg000002/tokens/acr-token","name":"acr-token","systemData":{"createdBy":"savaradh@microsoft.com","createdByType":"User","createdAt":"2021-08-18T01:31:40.2424649+00:00","lastModifiedBy":"savaradh@microsoft.com","lastModifiedByType":"User","lastModifiedAt":"2021-08-18T01:31:40.2424649+00:00"},"properties":{"creationDate":"2021-08-18T01:31:40.6351509+00:00","provisioningState":"Succeeded","scopeMapId":"/subscriptions/00000000-0000-0000-0000-000000000000/resourceGroups/clitest.rg000001/providers/Microsoft.ContainerRegistry/registries/clireg000002/scopeMaps/acr-token-scope-map","credentials":{"certificates":[],"passwords":[]},"status":"enabled"}}'
    headers:
      cache-control:
      - no-cache
      content-length:
      - '982'
      content-type:
      - application/json; charset=utf-8
      date:
      - Wed, 18 Aug 2021 01:31:50 GMT
      expires:
      - '-1'
      pragma:
      - no-cache
      server:
      - Microsoft-HTTPAPI/2.0
      strict-transport-security:
      - max-age=31536000; includeSubDomains
      transfer-encoding:
      - chunked
      vary:
      - Accept-Encoding
      x-content-type-options:
      - nosniff
    status:
      code: 200
      message: OK
- request:
    body: null
    headers:
      Accept:
      - application/json
      Accept-Encoding:
      - gzip, deflate
      CommandName:
      - acr token create
      Connection:
      - keep-alive
      ParameterSetName:
      - -r -n --repository
      User-Agent:
      - AZURECLI/2.27.0 azsdk-python-azure-mgmt-resource/18.0.0 Python/3.8.2 (Linux-5.10.16.3-microsoft-standard-WSL2-x86_64-with-glibc2.29)
    method: GET
    uri: https://management.azure.com/subscriptions/00000000-0000-0000-0000-000000000000/resources?$filter=resourceType%20eq%20%27Microsoft.ContainerRegistry%2Fregistries%27&api-version=2021-04-01
  response:
    body:
      string: '{"value":[{"id":"/subscriptions/00000000-0000-0000-0000-000000000000/resourceGroups/savaradh-registry/providers/Microsoft.ContainerRegistry/registries/savaradhCliTest","name":"savaradhCliTest","type":"Microsoft.ContainerRegistry/registries","sku":{"name":"Premium","tier":"Premium"},"location":"eastus","identity":{"type":"UserAssigned","userAssignedIdentities":{"/subscriptions/00000000-0000-0000-0000-000000000000/resourcegroups/savaradh-registry/providers/Microsoft.ManagedIdentity/userAssignedIdentities/testidentity2":{"principalId":"0c000dbd-e7ed-4d35-9f9a-175829ba04e6","clientId":"fa43b151-1030-43cb-8640-dd95314728f5"}}},"tags":{},"systemData":{"createdBy":"savaradh@microsoft.com","createdByType":"User","createdAt":"2020-09-25T20:47:21.2621384Z","lastModifiedBy":"savaradh@microsoft.com","lastModifiedByType":"User","lastModifiedAt":"2020-09-25T21:08:02.7027274Z"}},{"id":"/subscriptions/00000000-0000-0000-0000-000000000000/resourceGroups/clitest.rgjzwgbjviw7dbzgsr3kghwbypia2zhgirs2tscvnonkpbsflcj5fmsmn7opzeron57/providers/Microsoft.ContainerRegistry/registries/cliregujii5hs3akl336","name":"cliregujii5hs3akl336","type":"Microsoft.ContainerRegistry/registries","sku":{"name":"Premium","tier":"Premium"},"location":"eastus","tags":{},"systemData":{"createdBy":"savaradh@microsoft.com","createdByType":"User","createdAt":"2021-08-18T01:27:05.9354962Z","lastModifiedBy":"savaradh@microsoft.com","lastModifiedByType":"User","lastModifiedAt":"2021-08-18T01:27:05.9354962Z"}},{"id":"/subscriptions/00000000-0000-0000-0000-000000000000/resourceGroups/resourcegroupsamesub/providers/Microsoft.ContainerRegistry/registries/sourceregistrysamesubv2bp2xhohv2y2pt6xaf","name":"sourceregistrysamesubv2bp2xhohv2y2pt6xaf","type":"Microsoft.ContainerRegistry/registries","sku":{"name":"Standard","tier":"Standard"},"location":"westus","tags":{},"systemData":{"createdBy":"savaradh@microsoft.com","createdByType":"User","createdAt":"2021-08-18T01:28:10.9730452Z","lastModifiedBy":"savaradh@microsoft.com","lastModifiedByType":"User","lastModifiedAt":"2021-08-18T01:28:10.9730452Z"}},{"id":"/subscriptions/00000000-0000-0000-0000-000000000000/resourceGroups/clitest.rgj7k3grdq6556o4ijnknhlkxruu444lsvcwy3q6ih2hebfqukg276d6p7xstqsqwps/providers/Microsoft.ContainerRegistry/registries/testreg6jifvxym666lkusfjg","name":"testreg6jifvxym666lkusfjg","type":"Microsoft.ContainerRegistry/registries","sku":{"name":"Premium","tier":"Premium"},"location":"westus","tags":{},"systemData":{"createdBy":"savaradh@microsoft.com","createdByType":"User","createdAt":"2021-08-18T01:29:14.8167511Z","lastModifiedBy":"savaradh@microsoft.com","lastModifiedByType":"User","lastModifiedAt":"2021-08-18T01:31:36.0005088Z"}},{"id":"/subscriptions/00000000-0000-0000-0000-000000000000/resourceGroups/clitest.rg5vsuzakwf2gpuxophw2hk2ng5kqn47mtdjfsmkrsypz6imycyx3zqr7pgnrn53h5j/providers/Microsoft.ContainerRegistry/registries/cliregiuqu62hnea3c6u","name":"cliregiuqu62hnea3c6u","type":"Microsoft.ContainerRegistry/registries","sku":{"name":"Standard","tier":"Standard"},"location":"westus","tags":{},"systemData":{"createdBy":"savaradh@microsoft.com","createdByType":"User","createdAt":"2021-08-18T01:29:56.2256299Z","lastModifiedBy":"savaradh@microsoft.com","lastModifiedByType":"User","lastModifiedAt":"2021-08-18T01:29:56.2256299Z"}},{"id":"/subscriptions/00000000-0000-0000-0000-000000000000/resourceGroups/clitest.rgurixwo5to44gapy64yztwgghtdoyis65fkh6opgfr2ckdvpeperztzka4v3mib667/providers/Microsoft.ContainerRegistry/registries/testreghjbzlozmkxsls","name":"testreghjbzlozmkxsls","type":"Microsoft.ContainerRegistry/registries","sku":{"name":"Premium","tier":"Premium"},"location":"westus","tags":{},"systemData":{"createdBy":"savaradh@microsoft.com","createdByType":"User","createdAt":"2021-08-18T01:31:22.4157761Z","lastModifiedBy":"savaradh@microsoft.com","lastModifiedByType":"User","lastModifiedAt":"2021-08-18T01:31:22.4157761Z"}},{"id":"/subscriptions/00000000-0000-0000-0000-000000000000/resourceGroups/clitest.rg000001/providers/Microsoft.ContainerRegistry/registries/clireg000002","name":"clireg000002","type":"Microsoft.ContainerRegistry/registries","sku":{"name":"Premium","tier":"Premium"},"location":"westus","tags":{},"systemData":{"createdBy":"savaradh@microsoft.com","createdByType":"User","createdAt":"2021-08-18T01:31:24.684598Z","lastModifiedBy":"savaradh@microsoft.com","lastModifiedByType":"User","lastModifiedAt":"2021-08-18T01:31:24.684598Z"}},{"id":"/subscriptions/00000000-0000-0000-0000-000000000000/resourceGroups/clitest.rgurixwo5to44gapy64yztwgghtdoyis65fkh6opgfr2ckdvpeperztzka4v3mib667/providers/Microsoft.ContainerRegistry/registries/testreg2z6l5sufmfne5","name":"testreg2z6l5sufmfne5","type":"Microsoft.ContainerRegistry/registries","sku":{"name":"Premium","tier":"Premium"},"location":"westus","tags":{},"systemData":{"createdBy":"savaradh@microsoft.com","createdByType":"User","createdAt":"2021-08-18T01:31:43.1431832Z","lastModifiedBy":"savaradh@microsoft.com","lastModifiedByType":"User","lastModifiedAt":"2021-08-18T01:31:43.1431832Z"}},{"id":"/subscriptions/00000000-0000-0000-0000-000000000000/resourceGroups/SavaradhOnpremGroup/providers/Microsoft.ContainerRegistry/registries/savaradhonprem","name":"savaradhonprem","type":"Microsoft.ContainerRegistry/registries","sku":{"name":"Premium","tier":"Premium"},"location":"eastus","tags":{},"systemData":{"createdBy":"savaradh@microsoft.com","createdByType":"User","createdAt":"2021-06-02T21:56:51.8819196Z","lastModifiedBy":"savaradh@microsoft.com","lastModifiedByType":"User","lastModifiedAt":"2021-06-02T21:59:09.0393984Z"}},{"id":"/subscriptions/00000000-0000-0000-0000-000000000000/resourceGroups/clitest.rgdkfsypl7xbnq3hwkkkz5x7qzkgattl4swbiii3b7snd3i355qbn6hvsa5myvtq6ji/providers/Microsoft.ContainerRegistry/registries/testregt7pputmsjszmt","name":"testregt7pputmsjszmt","type":"Microsoft.ContainerRegistry/registries","sku":{"name":"Premium","tier":"Premium"},"location":"eastus","tags":{},"systemData":{"createdBy":"savaradh@microsoft.com","createdByType":"User","createdAt":"2021-08-18T01:28:45.2494782Z","lastModifiedBy":"savaradh@microsoft.com","lastModifiedByType":"User","lastModifiedAt":"2021-08-18T01:28:45.2494782Z"}},{"id":"/subscriptions/00000000-0000-0000-0000-000000000000/resourceGroups/clitest.rgdkfsypl7xbnq3hwkkkz5x7qzkgattl4swbiii3b7snd3i355qbn6hvsa5myvtq6ji/providers/Microsoft.ContainerRegistry/registries/testreg2axv3i4iqevx5","name":"testreg2axv3i4iqevx5","type":"Microsoft.ContainerRegistry/registries","sku":{"name":"Premium","tier":"Premium"},"location":"eastus","tags":{},"systemData":{"createdBy":"savaradh@microsoft.com","createdByType":"User","createdAt":"2021-08-18T01:29:01.4031104Z","lastModifiedBy":"savaradh@microsoft.com","lastModifiedByType":"User","lastModifiedAt":"2021-08-18T01:29:01.4031104Z"}},{"id":"/subscriptions/00000000-0000-0000-0000-000000000000/resourceGroups/clitest.rgehnvpq5zfweiremzjcbkolgvqrnps2wuj6c6kehwfek22t7ya3qsbrridzwizjmk5/providers/Microsoft.ContainerRegistry/registries/testreg3tuc3db5xdocs","name":"testreg3tuc3db5xdocs","type":"Microsoft.ContainerRegistry/registries","sku":{"name":"Premium","tier":"Premium"},"location":"eastus2","tags":{},"systemData":{"createdBy":"savaradh@microsoft.com","createdByType":"User","createdAt":"2021-08-18T01:28:10.0806264Z","lastModifiedBy":"savaradh@microsoft.com","lastModifiedByType":"User","lastModifiedAt":"2021-08-18T01:28:10.0806264Z"}},{"id":"/subscriptions/00000000-0000-0000-0000-000000000000/resourceGroups/savaradh-registry/providers/Microsoft.ContainerRegistry/registries/savaradhRegistry","name":"savaradhRegistry","type":"Microsoft.ContainerRegistry/registries","sku":{"name":"Premium","tier":"Premium"},"location":"eastus","tags":{},"systemData":{"lastModifiedBy":"savaradh@microsoft.com","lastModifiedByType":"User","lastModifiedAt":"2021-02-18T02:47:58.9284588Z"}},{"id":"/subscriptions/00000000-0000-0000-0000-000000000000/resourceGroups/savaradh-eastus2euap/providers/Microsoft.ContainerRegistry/registries/savaradhcmkeastus2euap","name":"savaradhcmkeastus2euap","type":"Microsoft.ContainerRegistry/registries","sku":{"name":"Premium","tier":"Premium"},"location":"eastus2euap","identity":{"type":"UserAssigned","userAssignedIdentities":{"/subscriptions/00000000-0000-0000-0000-000000000000/resourcegroups/savaradh-eastus2euap/providers/Microsoft.ManagedIdentity/userAssignedIdentities/savaradhmanagedidentity":{"principalId":"8b368ced-f629-485a-b902-02700faecb65","clientId":"b36ebcbd-d9ec-4192-8a73-37580fc9d6eb"}}},"tags":{}}]}'
    headers:
      cache-control:
      - no-cache
      content-length:
      - '8601'
      content-type:
      - application/json; charset=utf-8
      date:
      - Wed, 18 Aug 2021 01:31:51 GMT
      expires:
      - '-1'
      pragma:
      - no-cache
      strict-transport-security:
      - max-age=31536000; includeSubDomains
      vary:
      - Accept-Encoding
      x-content-type-options:
      - nosniff
    status:
      code: 200
      message: OK
- request:
    body: '{"tokenId": "/subscriptions/00000000-0000-0000-0000-000000000000/resourceGroups/clitest.rg000001/providers/Microsoft.ContainerRegistry/registries/clireg000002/tokens/acr-token"}'
    headers:
      Accept:
      - application/json
      Accept-Encoding:
      - gzip, deflate
      CommandName:
      - acr token create
      Connection:
      - keep-alive
      Content-Length:
      - '244'
      Content-Type:
      - application/json
      ParameterSetName:
      - -r -n --repository
      User-Agent:
      - AZURECLI/2.27.0 azsdk-python-azure-mgmt-containerregistry/8.1.0 Python/3.8.2
        (Linux-5.10.16.3-microsoft-standard-WSL2-x86_64-with-glibc2.29)
    method: POST
    uri: https://management.azure.com/subscriptions/00000000-0000-0000-0000-000000000000/resourceGroups/clitest.rg000001/providers/Microsoft.ContainerRegistry/registries/clireg000002/generateCredentials?api-version=2020-11-01-preview
  response:
    body:
      string: '{"username":"acr-token","passwords":[{"creationTime":"2021-08-18T01:31:52.7422701+00:00","name":"password1","value":"A=6JGNWTxrqtzgRlMLMt0oJa2VtF/RxW"},{"creationTime":"2021-08-18T01:31:52.7422701+00:00","name":"password2","value":"Q+kRiJ0cYL+4lJ2QEXFjcQ7BOGhjPyKG"}]}'
    headers:
      cache-control:
      - no-cache
      content-length:
      - '268'
      content-type:
      - application/json; charset=utf-8
      date:
      - Wed, 18 Aug 2021 01:31:52 GMT
      expires:
      - '-1'
      pragma:
      - no-cache
      server:
      - Microsoft-HTTPAPI/2.0
      strict-transport-security:
      - max-age=31536000; includeSubDomains
      transfer-encoding:
      - chunked
      vary:
      - Accept-Encoding
      x-content-type-options:
      - nosniff
      x-ms-ratelimit-remaining-subscription-writes:
      - '1196'
    status:
      code: 200
      message: OK
- request:
    body: null
    headers:
      Accept:
      - application/json
      Accept-Encoding:
      - gzip, deflate
      CommandName:
      - acr token create
      Connection:
      - keep-alive
      ParameterSetName:
      - -r -n --repository
      User-Agent:
      - AZURECLI/2.27.0 azsdk-python-azure-mgmt-containerregistry/8.1.0 Python/3.8.2
        (Linux-5.10.16.3-microsoft-standard-WSL2-x86_64-with-glibc2.29)
    method: GET
    uri: https://management.azure.com/subscriptions/00000000-0000-0000-0000-000000000000/resourceGroups/clitest.rg000001/providers/Microsoft.ContainerRegistry/registries/clireg000002?api-version=2021-06-01-preview
  response:
    body:
      string: '{"sku":{"name":"Premium","tier":"Premium"},"type":"Microsoft.ContainerRegistry/registries","id":"/subscriptions/00000000-0000-0000-0000-000000000000/resourceGroups/clitest.rg000001/providers/Microsoft.ContainerRegistry/registries/clireg000002","name":"clireg000002","location":"westus","tags":{},"systemData":{"createdBy":"savaradh@microsoft.com","createdByType":"User","createdAt":"2021-08-18T01:31:24.684598+00:00","lastModifiedBy":"savaradh@microsoft.com","lastModifiedByType":"User","lastModifiedAt":"2021-08-18T01:31:24.684598+00:00"},"properties":{"loginServer":"clireg000002.azurecr.io","creationDate":"2021-08-18T01:31:24.684598Z","provisioningState":"Succeeded","adminUserEnabled":false,"networkRuleSet":{"defaultAction":"Allow","virtualNetworkRules":[],"ipRules":[]},"policies":{"quarantinePolicy":{"status":"disabled"},"trustPolicy":{"type":"Notary","status":"disabled"},"retentionPolicy":{"days":7,"lastUpdatedTime":"2021-08-18T01:31:25.7509053+00:00","status":"disabled"},"exportPolicy":{"status":"enabled"}},"encryption":{"status":"disabled"},"dataEndpointEnabled":false,"dataEndpointHostNames":[],"privateEndpointConnections":[],"publicNetworkAccess":"Enabled","networkRuleBypassOptions":"AzureServices","zoneRedundancy":"Disabled","anonymousPullEnabled":false}}'
    headers:
      cache-control:
      - no-cache
      content-length:
      - '1360'
      content-type:
      - application/json; charset=utf-8
      date:
      - Wed, 18 Aug 2021 01:31:52 GMT
      expires:
      - '-1'
      pragma:
      - no-cache
      server:
      - Microsoft-HTTPAPI/2.0
      strict-transport-security:
      - max-age=31536000; includeSubDomains
      transfer-encoding:
      - chunked
      vary:
      - Accept-Encoding
      x-content-type-options:
      - nosniff
    status:
      code: 200
      message: OK
- request:
    body: null
    headers:
      Accept:
      - application/json
      Accept-Encoding:
      - gzip, deflate
      CommandName:
      - acr scope-map show
      Connection:
      - keep-alive
      ParameterSetName:
      - -r -n
      User-Agent:
      - AZURECLI/2.27.0 azsdk-python-azure-mgmt-resource/18.0.0 Python/3.8.2 (Linux-5.10.16.3-microsoft-standard-WSL2-x86_64-with-glibc2.29)
    method: GET
    uri: https://management.azure.com/subscriptions/00000000-0000-0000-0000-000000000000/resources?$filter=resourceType%20eq%20%27Microsoft.ContainerRegistry%2Fregistries%27&api-version=2021-04-01
  response:
    body:
      string: '{"value":[{"id":"/subscriptions/00000000-0000-0000-0000-000000000000/resourceGroups/savaradh-registry/providers/Microsoft.ContainerRegistry/registries/savaradhCliTest","name":"savaradhCliTest","type":"Microsoft.ContainerRegistry/registries","sku":{"name":"Premium","tier":"Premium"},"location":"eastus","identity":{"type":"UserAssigned","userAssignedIdentities":{"/subscriptions/00000000-0000-0000-0000-000000000000/resourcegroups/savaradh-registry/providers/Microsoft.ManagedIdentity/userAssignedIdentities/testidentity2":{"principalId":"0c000dbd-e7ed-4d35-9f9a-175829ba04e6","clientId":"fa43b151-1030-43cb-8640-dd95314728f5"}}},"tags":{},"systemData":{"createdBy":"savaradh@microsoft.com","createdByType":"User","createdAt":"2020-09-25T20:47:21.2621384Z","lastModifiedBy":"savaradh@microsoft.com","lastModifiedByType":"User","lastModifiedAt":"2020-09-25T21:08:02.7027274Z"}},{"id":"/subscriptions/00000000-0000-0000-0000-000000000000/resourceGroups/clitest.rgjzwgbjviw7dbzgsr3kghwbypia2zhgirs2tscvnonkpbsflcj5fmsmn7opzeron57/providers/Microsoft.ContainerRegistry/registries/cliregujii5hs3akl336","name":"cliregujii5hs3akl336","type":"Microsoft.ContainerRegistry/registries","sku":{"name":"Premium","tier":"Premium"},"location":"eastus","tags":{},"systemData":{"createdBy":"savaradh@microsoft.com","createdByType":"User","createdAt":"2021-08-18T01:27:05.9354962Z","lastModifiedBy":"savaradh@microsoft.com","lastModifiedByType":"User","lastModifiedAt":"2021-08-18T01:27:05.9354962Z"}},{"id":"/subscriptions/00000000-0000-0000-0000-000000000000/resourceGroups/resourcegroupsamesub/providers/Microsoft.ContainerRegistry/registries/sourceregistrysamesubv2bp2xhohv2y2pt6xaf","name":"sourceregistrysamesubv2bp2xhohv2y2pt6xaf","type":"Microsoft.ContainerRegistry/registries","sku":{"name":"Standard","tier":"Standard"},"location":"westus","tags":{},"systemData":{"createdBy":"savaradh@microsoft.com","createdByType":"User","createdAt":"2021-08-18T01:28:10.9730452Z","lastModifiedBy":"savaradh@microsoft.com","lastModifiedByType":"User","lastModifiedAt":"2021-08-18T01:28:10.9730452Z"}},{"id":"/subscriptions/00000000-0000-0000-0000-000000000000/resourceGroups/clitest.rgj7k3grdq6556o4ijnknhlkxruu444lsvcwy3q6ih2hebfqukg276d6p7xstqsqwps/providers/Microsoft.ContainerRegistry/registries/testreg6jifvxym666lkusfjg","name":"testreg6jifvxym666lkusfjg","type":"Microsoft.ContainerRegistry/registries","sku":{"name":"Premium","tier":"Premium"},"location":"westus","tags":{},"systemData":{"createdBy":"savaradh@microsoft.com","createdByType":"User","createdAt":"2021-08-18T01:29:14.8167511Z","lastModifiedBy":"savaradh@microsoft.com","lastModifiedByType":"User","lastModifiedAt":"2021-08-18T01:31:36.0005088Z"}},{"id":"/subscriptions/00000000-0000-0000-0000-000000000000/resourceGroups/clitest.rg5vsuzakwf2gpuxophw2hk2ng5kqn47mtdjfsmkrsypz6imycyx3zqr7pgnrn53h5j/providers/Microsoft.ContainerRegistry/registries/cliregiuqu62hnea3c6u","name":"cliregiuqu62hnea3c6u","type":"Microsoft.ContainerRegistry/registries","sku":{"name":"Standard","tier":"Standard"},"location":"westus","tags":{},"systemData":{"createdBy":"savaradh@microsoft.com","createdByType":"User","createdAt":"2021-08-18T01:29:56.2256299Z","lastModifiedBy":"savaradh@microsoft.com","lastModifiedByType":"User","lastModifiedAt":"2021-08-18T01:29:56.2256299Z"}},{"id":"/subscriptions/00000000-0000-0000-0000-000000000000/resourceGroups/clitest.rgurixwo5to44gapy64yztwgghtdoyis65fkh6opgfr2ckdvpeperztzka4v3mib667/providers/Microsoft.ContainerRegistry/registries/testreghjbzlozmkxsls","name":"testreghjbzlozmkxsls","type":"Microsoft.ContainerRegistry/registries","sku":{"name":"Premium","tier":"Premium"},"location":"westus","tags":{},"systemData":{"createdBy":"savaradh@microsoft.com","createdByType":"User","createdAt":"2021-08-18T01:31:22.4157761Z","lastModifiedBy":"savaradh@microsoft.com","lastModifiedByType":"User","lastModifiedAt":"2021-08-18T01:31:22.4157761Z"}},{"id":"/subscriptions/00000000-0000-0000-0000-000000000000/resourceGroups/clitest.rg000001/providers/Microsoft.ContainerRegistry/registries/clireg000002","name":"clireg000002","type":"Microsoft.ContainerRegistry/registries","sku":{"name":"Premium","tier":"Premium"},"location":"westus","tags":{},"systemData":{"createdBy":"savaradh@microsoft.com","createdByType":"User","createdAt":"2021-08-18T01:31:24.684598Z","lastModifiedBy":"savaradh@microsoft.com","lastModifiedByType":"User","lastModifiedAt":"2021-08-18T01:31:24.684598Z"}},{"id":"/subscriptions/00000000-0000-0000-0000-000000000000/resourceGroups/clitest.rgurixwo5to44gapy64yztwgghtdoyis65fkh6opgfr2ckdvpeperztzka4v3mib667/providers/Microsoft.ContainerRegistry/registries/testreg2z6l5sufmfne5","name":"testreg2z6l5sufmfne5","type":"Microsoft.ContainerRegistry/registries","sku":{"name":"Premium","tier":"Premium"},"location":"westus","tags":{},"systemData":{"createdBy":"savaradh@microsoft.com","createdByType":"User","createdAt":"2021-08-18T01:31:43.1431832Z","lastModifiedBy":"savaradh@microsoft.com","lastModifiedByType":"User","lastModifiedAt":"2021-08-18T01:31:43.1431832Z"}},{"id":"/subscriptions/00000000-0000-0000-0000-000000000000/resourceGroups/SavaradhOnpremGroup/providers/Microsoft.ContainerRegistry/registries/savaradhonprem","name":"savaradhonprem","type":"Microsoft.ContainerRegistry/registries","sku":{"name":"Premium","tier":"Premium"},"location":"eastus","tags":{},"systemData":{"createdBy":"savaradh@microsoft.com","createdByType":"User","createdAt":"2021-06-02T21:56:51.8819196Z","lastModifiedBy":"savaradh@microsoft.com","lastModifiedByType":"User","lastModifiedAt":"2021-06-02T21:59:09.0393984Z"}},{"id":"/subscriptions/00000000-0000-0000-0000-000000000000/resourceGroups/clitest.rgdkfsypl7xbnq3hwkkkz5x7qzkgattl4swbiii3b7snd3i355qbn6hvsa5myvtq6ji/providers/Microsoft.ContainerRegistry/registries/testregt7pputmsjszmt","name":"testregt7pputmsjszmt","type":"Microsoft.ContainerRegistry/registries","sku":{"name":"Premium","tier":"Premium"},"location":"eastus","tags":{},"systemData":{"createdBy":"savaradh@microsoft.com","createdByType":"User","createdAt":"2021-08-18T01:28:45.2494782Z","lastModifiedBy":"savaradh@microsoft.com","lastModifiedByType":"User","lastModifiedAt":"2021-08-18T01:28:45.2494782Z"}},{"id":"/subscriptions/00000000-0000-0000-0000-000000000000/resourceGroups/clitest.rgdkfsypl7xbnq3hwkkkz5x7qzkgattl4swbiii3b7snd3i355qbn6hvsa5myvtq6ji/providers/Microsoft.ContainerRegistry/registries/testreg2axv3i4iqevx5","name":"testreg2axv3i4iqevx5","type":"Microsoft.ContainerRegistry/registries","sku":{"name":"Premium","tier":"Premium"},"location":"eastus","tags":{},"systemData":{"createdBy":"savaradh@microsoft.com","createdByType":"User","createdAt":"2021-08-18T01:29:01.4031104Z","lastModifiedBy":"savaradh@microsoft.com","lastModifiedByType":"User","lastModifiedAt":"2021-08-18T01:29:01.4031104Z"}},{"id":"/subscriptions/00000000-0000-0000-0000-000000000000/resourceGroups/clitest.rgehnvpq5zfweiremzjcbkolgvqrnps2wuj6c6kehwfek22t7ya3qsbrridzwizjmk5/providers/Microsoft.ContainerRegistry/registries/testreg3tuc3db5xdocs","name":"testreg3tuc3db5xdocs","type":"Microsoft.ContainerRegistry/registries","sku":{"name":"Premium","tier":"Premium"},"location":"eastus2","tags":{},"systemData":{"createdBy":"savaradh@microsoft.com","createdByType":"User","createdAt":"2021-08-18T01:28:10.0806264Z","lastModifiedBy":"savaradh@microsoft.com","lastModifiedByType":"User","lastModifiedAt":"2021-08-18T01:28:10.0806264Z"}},{"id":"/subscriptions/00000000-0000-0000-0000-000000000000/resourceGroups/savaradh-registry/providers/Microsoft.ContainerRegistry/registries/savaradhRegistry","name":"savaradhRegistry","type":"Microsoft.ContainerRegistry/registries","sku":{"name":"Premium","tier":"Premium"},"location":"eastus","tags":{},"systemData":{"lastModifiedBy":"savaradh@microsoft.com","lastModifiedByType":"User","lastModifiedAt":"2021-02-18T02:47:58.9284588Z"}},{"id":"/subscriptions/00000000-0000-0000-0000-000000000000/resourceGroups/savaradh-eastus2euap/providers/Microsoft.ContainerRegistry/registries/savaradhcmkeastus2euap","name":"savaradhcmkeastus2euap","type":"Microsoft.ContainerRegistry/registries","sku":{"name":"Premium","tier":"Premium"},"location":"eastus2euap","identity":{"type":"UserAssigned","userAssignedIdentities":{"/subscriptions/00000000-0000-0000-0000-000000000000/resourcegroups/savaradh-eastus2euap/providers/Microsoft.ManagedIdentity/userAssignedIdentities/savaradhmanagedidentity":{"principalId":"8b368ced-f629-485a-b902-02700faecb65","clientId":"b36ebcbd-d9ec-4192-8a73-37580fc9d6eb"}}},"tags":{}}]}'
    headers:
      cache-control:
      - no-cache
      content-length:
      - '8601'
      content-type:
      - application/json; charset=utf-8
      date:
      - Wed, 18 Aug 2021 01:31:53 GMT
      expires:
      - '-1'
      pragma:
      - no-cache
      strict-transport-security:
      - max-age=31536000; includeSubDomains
      vary:
      - Accept-Encoding
      x-content-type-options:
      - nosniff
    status:
      code: 200
      message: OK
- request:
    body: null
    headers:
      Accept:
      - application/json
      Accept-Encoding:
      - gzip, deflate
      CommandName:
      - acr scope-map show
      Connection:
      - keep-alive
      ParameterSetName:
      - -r -n
      User-Agent:
      - AZURECLI/2.27.0 azsdk-python-azure-mgmt-containerregistry/8.1.0 Python/3.8.2
        (Linux-5.10.16.3-microsoft-standard-WSL2-x86_64-with-glibc2.29)
    method: GET
    uri: https://management.azure.com/subscriptions/00000000-0000-0000-0000-000000000000/resourceGroups/clitest.rg000001/providers/Microsoft.ContainerRegistry/registries/clireg000002/scopeMaps/acr-token-scope-map?api-version=2020-11-01-preview
  response:
    body:
      string: '{"type":"Microsoft.ContainerRegistry/registries/scopeMaps","id":"/subscriptions/00000000-0000-0000-0000-000000000000/resourceGroups/clitest.rg000001/providers/Microsoft.ContainerRegistry/registries/clireg000002/scopeMaps/acr-token-scope-map","name":"acr-token-scope-map","systemData":{"createdBy":"savaradh@microsoft.com","createdByType":"User","createdAt":"2021-08-18T01:31:39.4217339+00:00","lastModifiedBy":"savaradh@microsoft.com","lastModifiedByType":"User","lastModifiedAt":"2021-08-18T01:31:39.4217339+00:00"},"properties":{"type":"UserDefined","creationDate":"2021-08-18T01:31:39.5524393+00:00","provisioningState":"Succeeded","actions":["repositories/foo/content/read"]}}'
    headers:
      cache-control:
      - no-cache
      content-length:
      - '747'
      content-type:
      - application/json; charset=utf-8
      date:
      - Wed, 18 Aug 2021 01:31:55 GMT
      expires:
      - '-1'
      pragma:
      - no-cache
      server:
      - Microsoft-HTTPAPI/2.0
      strict-transport-security:
      - max-age=31536000; includeSubDomains
      transfer-encoding:
      - chunked
      vary:
      - Accept-Encoding
      x-content-type-options:
      - nosniff
    status:
      code: 200
      message: OK
- request:
    body: null
    headers:
      Accept:
      - application/json
      Accept-Encoding:
      - gzip, deflate
      CommandName:
      - acr scope-map create
      Connection:
      - keep-alive
      ParameterSetName:
      - -r -n --repository
      User-Agent:
      - AZURECLI/2.27.0 azsdk-python-azure-mgmt-resource/18.0.0 Python/3.8.2 (Linux-5.10.16.3-microsoft-standard-WSL2-x86_64-with-glibc2.29)
    method: GET
    uri: https://management.azure.com/subscriptions/00000000-0000-0000-0000-000000000000/resources?$filter=resourceType%20eq%20%27Microsoft.ContainerRegistry%2Fregistries%27&api-version=2021-04-01
  response:
    body:
      string: '{"value":[{"id":"/subscriptions/00000000-0000-0000-0000-000000000000/resourceGroups/savaradh-registry/providers/Microsoft.ContainerRegistry/registries/savaradhCliTest","name":"savaradhCliTest","type":"Microsoft.ContainerRegistry/registries","sku":{"name":"Premium","tier":"Premium"},"location":"eastus","identity":{"type":"UserAssigned","userAssignedIdentities":{"/subscriptions/00000000-0000-0000-0000-000000000000/resourcegroups/savaradh-registry/providers/Microsoft.ManagedIdentity/userAssignedIdentities/testidentity2":{"principalId":"0c000dbd-e7ed-4d35-9f9a-175829ba04e6","clientId":"fa43b151-1030-43cb-8640-dd95314728f5"}}},"tags":{},"systemData":{"createdBy":"savaradh@microsoft.com","createdByType":"User","createdAt":"2020-09-25T20:47:21.2621384Z","lastModifiedBy":"savaradh@microsoft.com","lastModifiedByType":"User","lastModifiedAt":"2020-09-25T21:08:02.7027274Z"}},{"id":"/subscriptions/00000000-0000-0000-0000-000000000000/resourceGroups/clitest.rgjzwgbjviw7dbzgsr3kghwbypia2zhgirs2tscvnonkpbsflcj5fmsmn7opzeron57/providers/Microsoft.ContainerRegistry/registries/cliregujii5hs3akl336","name":"cliregujii5hs3akl336","type":"Microsoft.ContainerRegistry/registries","sku":{"name":"Premium","tier":"Premium"},"location":"eastus","tags":{},"systemData":{"createdBy":"savaradh@microsoft.com","createdByType":"User","createdAt":"2021-08-18T01:27:05.9354962Z","lastModifiedBy":"savaradh@microsoft.com","lastModifiedByType":"User","lastModifiedAt":"2021-08-18T01:27:05.9354962Z"}},{"id":"/subscriptions/00000000-0000-0000-0000-000000000000/resourceGroups/resourcegroupsamesub/providers/Microsoft.ContainerRegistry/registries/sourceregistrysamesubv2bp2xhohv2y2pt6xaf","name":"sourceregistrysamesubv2bp2xhohv2y2pt6xaf","type":"Microsoft.ContainerRegistry/registries","sku":{"name":"Standard","tier":"Standard"},"location":"westus","tags":{},"systemData":{"createdBy":"savaradh@microsoft.com","createdByType":"User","createdAt":"2021-08-18T01:28:10.9730452Z","lastModifiedBy":"savaradh@microsoft.com","lastModifiedByType":"User","lastModifiedAt":"2021-08-18T01:28:10.9730452Z"}},{"id":"/subscriptions/00000000-0000-0000-0000-000000000000/resourceGroups/clitest.rgj7k3grdq6556o4ijnknhlkxruu444lsvcwy3q6ih2hebfqukg276d6p7xstqsqwps/providers/Microsoft.ContainerRegistry/registries/testreg6jifvxym666lkusfjg","name":"testreg6jifvxym666lkusfjg","type":"Microsoft.ContainerRegistry/registries","sku":{"name":"Premium","tier":"Premium"},"location":"westus","tags":{},"systemData":{"createdBy":"savaradh@microsoft.com","createdByType":"User","createdAt":"2021-08-18T01:29:14.8167511Z","lastModifiedBy":"savaradh@microsoft.com","lastModifiedByType":"User","lastModifiedAt":"2021-08-18T01:31:55.2462687Z"}},{"id":"/subscriptions/00000000-0000-0000-0000-000000000000/resourceGroups/clitest.rg5vsuzakwf2gpuxophw2hk2ng5kqn47mtdjfsmkrsypz6imycyx3zqr7pgnrn53h5j/providers/Microsoft.ContainerRegistry/registries/cliregiuqu62hnea3c6u","name":"cliregiuqu62hnea3c6u","type":"Microsoft.ContainerRegistry/registries","sku":{"name":"Standard","tier":"Standard"},"location":"westus","tags":{},"systemData":{"createdBy":"savaradh@microsoft.com","createdByType":"User","createdAt":"2021-08-18T01:29:56.2256299Z","lastModifiedBy":"savaradh@microsoft.com","lastModifiedByType":"User","lastModifiedAt":"2021-08-18T01:29:56.2256299Z"}},{"id":"/subscriptions/00000000-0000-0000-0000-000000000000/resourceGroups/clitest.rgurixwo5to44gapy64yztwgghtdoyis65fkh6opgfr2ckdvpeperztzka4v3mib667/providers/Microsoft.ContainerRegistry/registries/testreghjbzlozmkxsls","name":"testreghjbzlozmkxsls","type":"Microsoft.ContainerRegistry/registries","sku":{"name":"Premium","tier":"Premium"},"location":"westus","tags":{},"systemData":{"createdBy":"savaradh@microsoft.com","createdByType":"User","createdAt":"2021-08-18T01:31:22.4157761Z","lastModifiedBy":"savaradh@microsoft.com","lastModifiedByType":"User","lastModifiedAt":"2021-08-18T01:31:22.4157761Z"}},{"id":"/subscriptions/00000000-0000-0000-0000-000000000000/resourceGroups/clitest.rg000001/providers/Microsoft.ContainerRegistry/registries/clireg000002","name":"clireg000002","type":"Microsoft.ContainerRegistry/registries","sku":{"name":"Premium","tier":"Premium"},"location":"westus","tags":{},"systemData":{"createdBy":"savaradh@microsoft.com","createdByType":"User","createdAt":"2021-08-18T01:31:24.684598Z","lastModifiedBy":"savaradh@microsoft.com","lastModifiedByType":"User","lastModifiedAt":"2021-08-18T01:31:24.684598Z"}},{"id":"/subscriptions/00000000-0000-0000-0000-000000000000/resourceGroups/clitest.rgurixwo5to44gapy64yztwgghtdoyis65fkh6opgfr2ckdvpeperztzka4v3mib667/providers/Microsoft.ContainerRegistry/registries/testreg2z6l5sufmfne5","name":"testreg2z6l5sufmfne5","type":"Microsoft.ContainerRegistry/registries","sku":{"name":"Premium","tier":"Premium"},"location":"westus","tags":{},"systemData":{"createdBy":"savaradh@microsoft.com","createdByType":"User","createdAt":"2021-08-18T01:31:43.1431832Z","lastModifiedBy":"savaradh@microsoft.com","lastModifiedByType":"User","lastModifiedAt":"2021-08-18T01:31:43.1431832Z"}},{"id":"/subscriptions/00000000-0000-0000-0000-000000000000/resourceGroups/SavaradhOnpremGroup/providers/Microsoft.ContainerRegistry/registries/savaradhonprem","name":"savaradhonprem","type":"Microsoft.ContainerRegistry/registries","sku":{"name":"Premium","tier":"Premium"},"location":"eastus","tags":{},"systemData":{"createdBy":"savaradh@microsoft.com","createdByType":"User","createdAt":"2021-06-02T21:56:51.8819196Z","lastModifiedBy":"savaradh@microsoft.com","lastModifiedByType":"User","lastModifiedAt":"2021-06-02T21:59:09.0393984Z"}},{"id":"/subscriptions/00000000-0000-0000-0000-000000000000/resourceGroups/clitest.rgdkfsypl7xbnq3hwkkkz5x7qzkgattl4swbiii3b7snd3i355qbn6hvsa5myvtq6ji/providers/Microsoft.ContainerRegistry/registries/testregt7pputmsjszmt","name":"testregt7pputmsjszmt","type":"Microsoft.ContainerRegistry/registries","sku":{"name":"Premium","tier":"Premium"},"location":"eastus","tags":{},"systemData":{"createdBy":"savaradh@microsoft.com","createdByType":"User","createdAt":"2021-08-18T01:28:45.2494782Z","lastModifiedBy":"savaradh@microsoft.com","lastModifiedByType":"User","lastModifiedAt":"2021-08-18T01:28:45.2494782Z"}},{"id":"/subscriptions/00000000-0000-0000-0000-000000000000/resourceGroups/clitest.rgdkfsypl7xbnq3hwkkkz5x7qzkgattl4swbiii3b7snd3i355qbn6hvsa5myvtq6ji/providers/Microsoft.ContainerRegistry/registries/testreg2axv3i4iqevx5","name":"testreg2axv3i4iqevx5","type":"Microsoft.ContainerRegistry/registries","sku":{"name":"Premium","tier":"Premium"},"location":"eastus","tags":{},"systemData":{"createdBy":"savaradh@microsoft.com","createdByType":"User","createdAt":"2021-08-18T01:29:01.4031104Z","lastModifiedBy":"savaradh@microsoft.com","lastModifiedByType":"User","lastModifiedAt":"2021-08-18T01:29:01.4031104Z"}},{"id":"/subscriptions/00000000-0000-0000-0000-000000000000/resourceGroups/clitest.rgehnvpq5zfweiremzjcbkolgvqrnps2wuj6c6kehwfek22t7ya3qsbrridzwizjmk5/providers/Microsoft.ContainerRegistry/registries/testreg3tuc3db5xdocs","name":"testreg3tuc3db5xdocs","type":"Microsoft.ContainerRegistry/registries","sku":{"name":"Premium","tier":"Premium"},"location":"eastus2","tags":{},"systemData":{"createdBy":"savaradh@microsoft.com","createdByType":"User","createdAt":"2021-08-18T01:28:10.0806264Z","lastModifiedBy":"savaradh@microsoft.com","lastModifiedByType":"User","lastModifiedAt":"2021-08-18T01:28:10.0806264Z"}},{"id":"/subscriptions/00000000-0000-0000-0000-000000000000/resourceGroups/savaradh-registry/providers/Microsoft.ContainerRegistry/registries/savaradhRegistry","name":"savaradhRegistry","type":"Microsoft.ContainerRegistry/registries","sku":{"name":"Premium","tier":"Premium"},"location":"eastus","tags":{},"systemData":{"lastModifiedBy":"savaradh@microsoft.com","lastModifiedByType":"User","lastModifiedAt":"2021-02-18T02:47:58.9284588Z"}},{"id":"/subscriptions/00000000-0000-0000-0000-000000000000/resourceGroups/savaradh-eastus2euap/providers/Microsoft.ContainerRegistry/registries/savaradhcmkeastus2euap","name":"savaradhcmkeastus2euap","type":"Microsoft.ContainerRegistry/registries","sku":{"name":"Premium","tier":"Premium"},"location":"eastus2euap","identity":{"type":"UserAssigned","userAssignedIdentities":{"/subscriptions/00000000-0000-0000-0000-000000000000/resourcegroups/savaradh-eastus2euap/providers/Microsoft.ManagedIdentity/userAssignedIdentities/savaradhmanagedidentity":{"principalId":"8b368ced-f629-485a-b902-02700faecb65","clientId":"b36ebcbd-d9ec-4192-8a73-37580fc9d6eb"}}},"tags":{}}]}'
    headers:
      cache-control:
      - no-cache
      content-length:
      - '8601'
      content-type:
      - application/json; charset=utf-8
      date:
      - Wed, 18 Aug 2021 01:31:56 GMT
      expires:
      - '-1'
      pragma:
      - no-cache
      strict-transport-security:
      - max-age=31536000; includeSubDomains
      vary:
      - Accept-Encoding
      x-content-type-options:
      - nosniff
    status:
      code: 200
      message: OK
- request:
    body: '{"properties": {"actions": ["repositories/foo/content/read", "repositories/foo/metadata/read"]}}'
    headers:
      Accept:
      - application/json
      Accept-Encoding:
      - gzip, deflate
      CommandName:
      - acr scope-map create
      Connection:
      - keep-alive
      Content-Length:
      - '96'
      Content-Type:
      - application/json
      ParameterSetName:
      - -r -n --repository
      User-Agent:
      - AZURECLI/2.27.0 azsdk-python-azure-mgmt-containerregistry/8.1.0 Python/3.8.2
        (Linux-5.10.16.3-microsoft-standard-WSL2-x86_64-with-glibc2.29)
    method: PUT
    uri: https://management.azure.com/subscriptions/00000000-0000-0000-0000-000000000000/resourceGroups/clitest.rg000001/providers/Microsoft.ContainerRegistry/registries/clireg000002/scopeMaps/scope-map?api-version=2020-11-01-preview
  response:
    body:
      string: '{"type":"Microsoft.ContainerRegistry/registries/scopeMaps","id":"/subscriptions/00000000-0000-0000-0000-000000000000/resourceGroups/clitest.rg000001/providers/Microsoft.ContainerRegistry/registries/clireg000002/scopeMaps/scope-map","name":"scope-map","systemData":{"createdBy":"savaradh@microsoft.com","createdByType":"User","createdAt":"2021-08-18T01:31:57.3463879+00:00","lastModifiedBy":"savaradh@microsoft.com","lastModifiedByType":"User","lastModifiedAt":"2021-08-18T01:31:57.3463879+00:00"},"properties":{"type":"UserDefined","creationDate":"2021-08-18T01:31:57.4485094+00:00","provisioningState":"Succeeded","actions":["repositories/foo/content/read","repositories/foo/metadata/read"]}}'
    headers:
      cache-control:
      - no-cache
      content-length:
      - '760'
      content-type:
      - application/json; charset=utf-8
      date:
      - Wed, 18 Aug 2021 01:31:57 GMT
      expires:
      - '-1'
      pragma:
      - no-cache
      server:
      - Microsoft-HTTPAPI/2.0
      strict-transport-security:
      - max-age=31536000; includeSubDomains
      transfer-encoding:
      - chunked
      vary:
      - Accept-Encoding
      x-content-type-options:
      - nosniff
      x-ms-ratelimit-remaining-subscription-writes:
      - '1197'
    status:
      code: 200
      message: OK
- request:
    body: null
    headers:
      Accept:
      - application/json
      Accept-Encoding:
      - gzip, deflate
      CommandName:
      - acr token create
      Connection:
      - keep-alive
      ParameterSetName:
      - -r --scope-map -n --no-passwords
      User-Agent:
      - AZURECLI/2.27.0 azsdk-python-azure-mgmt-resource/18.0.0 Python/3.8.2 (Linux-5.10.16.3-microsoft-standard-WSL2-x86_64-with-glibc2.29)
    method: GET
    uri: https://management.azure.com/subscriptions/00000000-0000-0000-0000-000000000000/resources?$filter=resourceType%20eq%20%27Microsoft.ContainerRegistry%2Fregistries%27&api-version=2021-04-01
  response:
    body:
      string: '{"value":[{"id":"/subscriptions/00000000-0000-0000-0000-000000000000/resourceGroups/savaradh-registry/providers/Microsoft.ContainerRegistry/registries/savaradhCliTest","name":"savaradhCliTest","type":"Microsoft.ContainerRegistry/registries","sku":{"name":"Premium","tier":"Premium"},"location":"eastus","identity":{"type":"UserAssigned","userAssignedIdentities":{"/subscriptions/00000000-0000-0000-0000-000000000000/resourcegroups/savaradh-registry/providers/Microsoft.ManagedIdentity/userAssignedIdentities/testidentity2":{"principalId":"0c000dbd-e7ed-4d35-9f9a-175829ba04e6","clientId":"fa43b151-1030-43cb-8640-dd95314728f5"}}},"tags":{},"systemData":{"createdBy":"savaradh@microsoft.com","createdByType":"User","createdAt":"2020-09-25T20:47:21.2621384Z","lastModifiedBy":"savaradh@microsoft.com","lastModifiedByType":"User","lastModifiedAt":"2020-09-25T21:08:02.7027274Z"}},{"id":"/subscriptions/00000000-0000-0000-0000-000000000000/resourceGroups/clitest.rgjzwgbjviw7dbzgsr3kghwbypia2zhgirs2tscvnonkpbsflcj5fmsmn7opzeron57/providers/Microsoft.ContainerRegistry/registries/cliregujii5hs3akl336","name":"cliregujii5hs3akl336","type":"Microsoft.ContainerRegistry/registries","sku":{"name":"Premium","tier":"Premium"},"location":"eastus","tags":{},"systemData":{"createdBy":"savaradh@microsoft.com","createdByType":"User","createdAt":"2021-08-18T01:27:05.9354962Z","lastModifiedBy":"savaradh@microsoft.com","lastModifiedByType":"User","lastModifiedAt":"2021-08-18T01:27:05.9354962Z"}},{"id":"/subscriptions/00000000-0000-0000-0000-000000000000/resourceGroups/resourcegroupsamesub/providers/Microsoft.ContainerRegistry/registries/sourceregistrysamesubv2bp2xhohv2y2pt6xaf","name":"sourceregistrysamesubv2bp2xhohv2y2pt6xaf","type":"Microsoft.ContainerRegistry/registries","sku":{"name":"Standard","tier":"Standard"},"location":"westus","tags":{},"systemData":{"createdBy":"savaradh@microsoft.com","createdByType":"User","createdAt":"2021-08-18T01:28:10.9730452Z","lastModifiedBy":"savaradh@microsoft.com","lastModifiedByType":"User","lastModifiedAt":"2021-08-18T01:28:10.9730452Z"}},{"id":"/subscriptions/00000000-0000-0000-0000-000000000000/resourceGroups/clitest.rgj7k3grdq6556o4ijnknhlkxruu444lsvcwy3q6ih2hebfqukg276d6p7xstqsqwps/providers/Microsoft.ContainerRegistry/registries/testreg6jifvxym666lkusfjg","name":"testreg6jifvxym666lkusfjg","type":"Microsoft.ContainerRegistry/registries","sku":{"name":"Premium","tier":"Premium"},"location":"westus","tags":{},"systemData":{"createdBy":"savaradh@microsoft.com","createdByType":"User","createdAt":"2021-08-18T01:29:14.8167511Z","lastModifiedBy":"savaradh@microsoft.com","lastModifiedByType":"User","lastModifiedAt":"2021-08-18T01:31:55.2462687Z"}},{"id":"/subscriptions/00000000-0000-0000-0000-000000000000/resourceGroups/clitest.rg5vsuzakwf2gpuxophw2hk2ng5kqn47mtdjfsmkrsypz6imycyx3zqr7pgnrn53h5j/providers/Microsoft.ContainerRegistry/registries/cliregiuqu62hnea3c6u","name":"cliregiuqu62hnea3c6u","type":"Microsoft.ContainerRegistry/registries","sku":{"name":"Standard","tier":"Standard"},"location":"westus","tags":{},"systemData":{"createdBy":"savaradh@microsoft.com","createdByType":"User","createdAt":"2021-08-18T01:29:56.2256299Z","lastModifiedBy":"savaradh@microsoft.com","lastModifiedByType":"User","lastModifiedAt":"2021-08-18T01:29:56.2256299Z"}},{"id":"/subscriptions/00000000-0000-0000-0000-000000000000/resourceGroups/clitest.rgurixwo5to44gapy64yztwgghtdoyis65fkh6opgfr2ckdvpeperztzka4v3mib667/providers/Microsoft.ContainerRegistry/registries/testreghjbzlozmkxsls","name":"testreghjbzlozmkxsls","type":"Microsoft.ContainerRegistry/registries","sku":{"name":"Premium","tier":"Premium"},"location":"westus","tags":{},"systemData":{"createdBy":"savaradh@microsoft.com","createdByType":"User","createdAt":"2021-08-18T01:31:22.4157761Z","lastModifiedBy":"savaradh@microsoft.com","lastModifiedByType":"User","lastModifiedAt":"2021-08-18T01:31:22.4157761Z"}},{"id":"/subscriptions/00000000-0000-0000-0000-000000000000/resourceGroups/clitest.rg000001/providers/Microsoft.ContainerRegistry/registries/clireg000002","name":"clireg000002","type":"Microsoft.ContainerRegistry/registries","sku":{"name":"Premium","tier":"Premium"},"location":"westus","tags":{},"systemData":{"createdBy":"savaradh@microsoft.com","createdByType":"User","createdAt":"2021-08-18T01:31:24.684598Z","lastModifiedBy":"savaradh@microsoft.com","lastModifiedByType":"User","lastModifiedAt":"2021-08-18T01:31:24.684598Z"}},{"id":"/subscriptions/00000000-0000-0000-0000-000000000000/resourceGroups/clitest.rgurixwo5to44gapy64yztwgghtdoyis65fkh6opgfr2ckdvpeperztzka4v3mib667/providers/Microsoft.ContainerRegistry/registries/testreg2z6l5sufmfne5","name":"testreg2z6l5sufmfne5","type":"Microsoft.ContainerRegistry/registries","sku":{"name":"Premium","tier":"Premium"},"location":"westus","tags":{},"systemData":{"createdBy":"savaradh@microsoft.com","createdByType":"User","createdAt":"2021-08-18T01:31:43.1431832Z","lastModifiedBy":"savaradh@microsoft.com","lastModifiedByType":"User","lastModifiedAt":"2021-08-18T01:31:43.1431832Z"}},{"id":"/subscriptions/00000000-0000-0000-0000-000000000000/resourceGroups/SavaradhOnpremGroup/providers/Microsoft.ContainerRegistry/registries/savaradhonprem","name":"savaradhonprem","type":"Microsoft.ContainerRegistry/registries","sku":{"name":"Premium","tier":"Premium"},"location":"eastus","tags":{},"systemData":{"createdBy":"savaradh@microsoft.com","createdByType":"User","createdAt":"2021-06-02T21:56:51.8819196Z","lastModifiedBy":"savaradh@microsoft.com","lastModifiedByType":"User","lastModifiedAt":"2021-06-02T21:59:09.0393984Z"}},{"id":"/subscriptions/00000000-0000-0000-0000-000000000000/resourceGroups/clitest.rgdkfsypl7xbnq3hwkkkz5x7qzkgattl4swbiii3b7snd3i355qbn6hvsa5myvtq6ji/providers/Microsoft.ContainerRegistry/registries/testregt7pputmsjszmt","name":"testregt7pputmsjszmt","type":"Microsoft.ContainerRegistry/registries","sku":{"name":"Premium","tier":"Premium"},"location":"eastus","tags":{},"systemData":{"createdBy":"savaradh@microsoft.com","createdByType":"User","createdAt":"2021-08-18T01:28:45.2494782Z","lastModifiedBy":"savaradh@microsoft.com","lastModifiedByType":"User","lastModifiedAt":"2021-08-18T01:28:45.2494782Z"}},{"id":"/subscriptions/00000000-0000-0000-0000-000000000000/resourceGroups/clitest.rgdkfsypl7xbnq3hwkkkz5x7qzkgattl4swbiii3b7snd3i355qbn6hvsa5myvtq6ji/providers/Microsoft.ContainerRegistry/registries/testreg2axv3i4iqevx5","name":"testreg2axv3i4iqevx5","type":"Microsoft.ContainerRegistry/registries","sku":{"name":"Premium","tier":"Premium"},"location":"eastus","tags":{},"systemData":{"createdBy":"savaradh@microsoft.com","createdByType":"User","createdAt":"2021-08-18T01:29:01.4031104Z","lastModifiedBy":"savaradh@microsoft.com","lastModifiedByType":"User","lastModifiedAt":"2021-08-18T01:29:01.4031104Z"}},{"id":"/subscriptions/00000000-0000-0000-0000-000000000000/resourceGroups/clitest.rgehnvpq5zfweiremzjcbkolgvqrnps2wuj6c6kehwfek22t7ya3qsbrridzwizjmk5/providers/Microsoft.ContainerRegistry/registries/testreg3tuc3db5xdocs","name":"testreg3tuc3db5xdocs","type":"Microsoft.ContainerRegistry/registries","sku":{"name":"Premium","tier":"Premium"},"location":"eastus2","tags":{},"systemData":{"createdBy":"savaradh@microsoft.com","createdByType":"User","createdAt":"2021-08-18T01:28:10.0806264Z","lastModifiedBy":"savaradh@microsoft.com","lastModifiedByType":"User","lastModifiedAt":"2021-08-18T01:28:10.0806264Z"}},{"id":"/subscriptions/00000000-0000-0000-0000-000000000000/resourceGroups/savaradh-registry/providers/Microsoft.ContainerRegistry/registries/savaradhRegistry","name":"savaradhRegistry","type":"Microsoft.ContainerRegistry/registries","sku":{"name":"Premium","tier":"Premium"},"location":"eastus","tags":{},"systemData":{"lastModifiedBy":"savaradh@microsoft.com","lastModifiedByType":"User","lastModifiedAt":"2021-02-18T02:47:58.9284588Z"}},{"id":"/subscriptions/00000000-0000-0000-0000-000000000000/resourceGroups/savaradh-eastus2euap/providers/Microsoft.ContainerRegistry/registries/savaradhcmkeastus2euap","name":"savaradhcmkeastus2euap","type":"Microsoft.ContainerRegistry/registries","sku":{"name":"Premium","tier":"Premium"},"location":"eastus2euap","identity":{"type":"UserAssigned","userAssignedIdentities":{"/subscriptions/00000000-0000-0000-0000-000000000000/resourcegroups/savaradh-eastus2euap/providers/Microsoft.ManagedIdentity/userAssignedIdentities/savaradhmanagedidentity":{"principalId":"8b368ced-f629-485a-b902-02700faecb65","clientId":"b36ebcbd-d9ec-4192-8a73-37580fc9d6eb"}}},"tags":{}}]}'
    headers:
      cache-control:
      - no-cache
      content-length:
      - '8601'
      content-type:
      - application/json; charset=utf-8
      date:
      - Wed, 18 Aug 2021 01:31:58 GMT
      expires:
      - '-1'
      pragma:
      - no-cache
      strict-transport-security:
      - max-age=31536000; includeSubDomains
      vary:
      - Accept-Encoding
      x-content-type-options:
      - nosniff
    status:
      code: 200
      message: OK
- request:
    body: null
    headers:
      Accept:
      - application/json
      Accept-Encoding:
      - gzip, deflate
      CommandName:
      - acr token create
      Connection:
      - keep-alive
      ParameterSetName:
      - -r --scope-map -n --no-passwords
      User-Agent:
      - AZURECLI/2.27.0 azsdk-python-azure-mgmt-resource/18.0.0 Python/3.8.2 (Linux-5.10.16.3-microsoft-standard-WSL2-x86_64-with-glibc2.29)
    method: GET
    uri: https://management.azure.com/subscriptions/00000000-0000-0000-0000-000000000000/resources?$filter=resourceType%20eq%20%27Microsoft.ContainerRegistry%2Fregistries%27&api-version=2021-04-01
  response:
    body:
      string: '{"value":[{"id":"/subscriptions/00000000-0000-0000-0000-000000000000/resourceGroups/savaradh-registry/providers/Microsoft.ContainerRegistry/registries/savaradhCliTest","name":"savaradhCliTest","type":"Microsoft.ContainerRegistry/registries","sku":{"name":"Premium","tier":"Premium"},"location":"eastus","identity":{"type":"UserAssigned","userAssignedIdentities":{"/subscriptions/00000000-0000-0000-0000-000000000000/resourcegroups/savaradh-registry/providers/Microsoft.ManagedIdentity/userAssignedIdentities/testidentity2":{"principalId":"0c000dbd-e7ed-4d35-9f9a-175829ba04e6","clientId":"fa43b151-1030-43cb-8640-dd95314728f5"}}},"tags":{},"systemData":{"createdBy":"savaradh@microsoft.com","createdByType":"User","createdAt":"2020-09-25T20:47:21.2621384Z","lastModifiedBy":"savaradh@microsoft.com","lastModifiedByType":"User","lastModifiedAt":"2020-09-25T21:08:02.7027274Z"}},{"id":"/subscriptions/00000000-0000-0000-0000-000000000000/resourceGroups/clitest.rgjzwgbjviw7dbzgsr3kghwbypia2zhgirs2tscvnonkpbsflcj5fmsmn7opzeron57/providers/Microsoft.ContainerRegistry/registries/cliregujii5hs3akl336","name":"cliregujii5hs3akl336","type":"Microsoft.ContainerRegistry/registries","sku":{"name":"Premium","tier":"Premium"},"location":"eastus","tags":{},"systemData":{"createdBy":"savaradh@microsoft.com","createdByType":"User","createdAt":"2021-08-18T01:27:05.9354962Z","lastModifiedBy":"savaradh@microsoft.com","lastModifiedByType":"User","lastModifiedAt":"2021-08-18T01:27:05.9354962Z"}},{"id":"/subscriptions/00000000-0000-0000-0000-000000000000/resourceGroups/resourcegroupsamesub/providers/Microsoft.ContainerRegistry/registries/sourceregistrysamesubv2bp2xhohv2y2pt6xaf","name":"sourceregistrysamesubv2bp2xhohv2y2pt6xaf","type":"Microsoft.ContainerRegistry/registries","sku":{"name":"Standard","tier":"Standard"},"location":"westus","tags":{},"systemData":{"createdBy":"savaradh@microsoft.com","createdByType":"User","createdAt":"2021-08-18T01:28:10.9730452Z","lastModifiedBy":"savaradh@microsoft.com","lastModifiedByType":"User","lastModifiedAt":"2021-08-18T01:28:10.9730452Z"}},{"id":"/subscriptions/00000000-0000-0000-0000-000000000000/resourceGroups/clitest.rgj7k3grdq6556o4ijnknhlkxruu444lsvcwy3q6ih2hebfqukg276d6p7xstqsqwps/providers/Microsoft.ContainerRegistry/registries/testreg6jifvxym666lkusfjg","name":"testreg6jifvxym666lkusfjg","type":"Microsoft.ContainerRegistry/registries","sku":{"name":"Premium","tier":"Premium"},"location":"westus","tags":{},"systemData":{"createdBy":"savaradh@microsoft.com","createdByType":"User","createdAt":"2021-08-18T01:29:14.8167511Z","lastModifiedBy":"savaradh@microsoft.com","lastModifiedByType":"User","lastModifiedAt":"2021-08-18T01:31:55.2462687Z"}},{"id":"/subscriptions/00000000-0000-0000-0000-000000000000/resourceGroups/clitest.rg5vsuzakwf2gpuxophw2hk2ng5kqn47mtdjfsmkrsypz6imycyx3zqr7pgnrn53h5j/providers/Microsoft.ContainerRegistry/registries/cliregiuqu62hnea3c6u","name":"cliregiuqu62hnea3c6u","type":"Microsoft.ContainerRegistry/registries","sku":{"name":"Standard","tier":"Standard"},"location":"westus","tags":{},"systemData":{"createdBy":"savaradh@microsoft.com","createdByType":"User","createdAt":"2021-08-18T01:29:56.2256299Z","lastModifiedBy":"savaradh@microsoft.com","lastModifiedByType":"User","lastModifiedAt":"2021-08-18T01:29:56.2256299Z"}},{"id":"/subscriptions/00000000-0000-0000-0000-000000000000/resourceGroups/clitest.rgurixwo5to44gapy64yztwgghtdoyis65fkh6opgfr2ckdvpeperztzka4v3mib667/providers/Microsoft.ContainerRegistry/registries/testreghjbzlozmkxsls","name":"testreghjbzlozmkxsls","type":"Microsoft.ContainerRegistry/registries","sku":{"name":"Premium","tier":"Premium"},"location":"westus","tags":{},"systemData":{"createdBy":"savaradh@microsoft.com","createdByType":"User","createdAt":"2021-08-18T01:31:22.4157761Z","lastModifiedBy":"savaradh@microsoft.com","lastModifiedByType":"User","lastModifiedAt":"2021-08-18T01:31:22.4157761Z"}},{"id":"/subscriptions/00000000-0000-0000-0000-000000000000/resourceGroups/clitest.rg000001/providers/Microsoft.ContainerRegistry/registries/clireg000002","name":"clireg000002","type":"Microsoft.ContainerRegistry/registries","sku":{"name":"Premium","tier":"Premium"},"location":"westus","tags":{},"systemData":{"createdBy":"savaradh@microsoft.com","createdByType":"User","createdAt":"2021-08-18T01:31:24.684598Z","lastModifiedBy":"savaradh@microsoft.com","lastModifiedByType":"User","lastModifiedAt":"2021-08-18T01:31:24.684598Z"}},{"id":"/subscriptions/00000000-0000-0000-0000-000000000000/resourceGroups/clitest.rgurixwo5to44gapy64yztwgghtdoyis65fkh6opgfr2ckdvpeperztzka4v3mib667/providers/Microsoft.ContainerRegistry/registries/testreg2z6l5sufmfne5","name":"testreg2z6l5sufmfne5","type":"Microsoft.ContainerRegistry/registries","sku":{"name":"Premium","tier":"Premium"},"location":"westus","tags":{},"systemData":{"createdBy":"savaradh@microsoft.com","createdByType":"User","createdAt":"2021-08-18T01:31:43.1431832Z","lastModifiedBy":"savaradh@microsoft.com","lastModifiedByType":"User","lastModifiedAt":"2021-08-18T01:31:43.1431832Z"}},{"id":"/subscriptions/00000000-0000-0000-0000-000000000000/resourceGroups/SavaradhOnpremGroup/providers/Microsoft.ContainerRegistry/registries/savaradhonprem","name":"savaradhonprem","type":"Microsoft.ContainerRegistry/registries","sku":{"name":"Premium","tier":"Premium"},"location":"eastus","tags":{},"systemData":{"createdBy":"savaradh@microsoft.com","createdByType":"User","createdAt":"2021-06-02T21:56:51.8819196Z","lastModifiedBy":"savaradh@microsoft.com","lastModifiedByType":"User","lastModifiedAt":"2021-06-02T21:59:09.0393984Z"}},{"id":"/subscriptions/00000000-0000-0000-0000-000000000000/resourceGroups/clitest.rgdkfsypl7xbnq3hwkkkz5x7qzkgattl4swbiii3b7snd3i355qbn6hvsa5myvtq6ji/providers/Microsoft.ContainerRegistry/registries/testregt7pputmsjszmt","name":"testregt7pputmsjszmt","type":"Microsoft.ContainerRegistry/registries","sku":{"name":"Premium","tier":"Premium"},"location":"eastus","tags":{},"systemData":{"createdBy":"savaradh@microsoft.com","createdByType":"User","createdAt":"2021-08-18T01:28:45.2494782Z","lastModifiedBy":"savaradh@microsoft.com","lastModifiedByType":"User","lastModifiedAt":"2021-08-18T01:28:45.2494782Z"}},{"id":"/subscriptions/00000000-0000-0000-0000-000000000000/resourceGroups/clitest.rgdkfsypl7xbnq3hwkkkz5x7qzkgattl4swbiii3b7snd3i355qbn6hvsa5myvtq6ji/providers/Microsoft.ContainerRegistry/registries/testreg2axv3i4iqevx5","name":"testreg2axv3i4iqevx5","type":"Microsoft.ContainerRegistry/registries","sku":{"name":"Premium","tier":"Premium"},"location":"eastus","tags":{},"systemData":{"createdBy":"savaradh@microsoft.com","createdByType":"User","createdAt":"2021-08-18T01:29:01.4031104Z","lastModifiedBy":"savaradh@microsoft.com","lastModifiedByType":"User","lastModifiedAt":"2021-08-18T01:29:01.4031104Z"}},{"id":"/subscriptions/00000000-0000-0000-0000-000000000000/resourceGroups/clitest.rgehnvpq5zfweiremzjcbkolgvqrnps2wuj6c6kehwfek22t7ya3qsbrridzwizjmk5/providers/Microsoft.ContainerRegistry/registries/testreg3tuc3db5xdocs","name":"testreg3tuc3db5xdocs","type":"Microsoft.ContainerRegistry/registries","sku":{"name":"Premium","tier":"Premium"},"location":"eastus2","tags":{},"systemData":{"createdBy":"savaradh@microsoft.com","createdByType":"User","createdAt":"2021-08-18T01:28:10.0806264Z","lastModifiedBy":"savaradh@microsoft.com","lastModifiedByType":"User","lastModifiedAt":"2021-08-18T01:28:10.0806264Z"}},{"id":"/subscriptions/00000000-0000-0000-0000-000000000000/resourceGroups/savaradh-registry/providers/Microsoft.ContainerRegistry/registries/savaradhRegistry","name":"savaradhRegistry","type":"Microsoft.ContainerRegistry/registries","sku":{"name":"Premium","tier":"Premium"},"location":"eastus","tags":{},"systemData":{"lastModifiedBy":"savaradh@microsoft.com","lastModifiedByType":"User","lastModifiedAt":"2021-02-18T02:47:58.9284588Z"}},{"id":"/subscriptions/00000000-0000-0000-0000-000000000000/resourceGroups/savaradh-eastus2euap/providers/Microsoft.ContainerRegistry/registries/savaradhcmkeastus2euap","name":"savaradhcmkeastus2euap","type":"Microsoft.ContainerRegistry/registries","sku":{"name":"Premium","tier":"Premium"},"location":"eastus2euap","identity":{"type":"UserAssigned","userAssignedIdentities":{"/subscriptions/00000000-0000-0000-0000-000000000000/resourcegroups/savaradh-eastus2euap/providers/Microsoft.ManagedIdentity/userAssignedIdentities/savaradhmanagedidentity":{"principalId":"8b368ced-f629-485a-b902-02700faecb65","clientId":"b36ebcbd-d9ec-4192-8a73-37580fc9d6eb"}}},"tags":{}}]}'
    headers:
      cache-control:
      - no-cache
      content-length:
      - '8601'
      content-type:
      - application/json; charset=utf-8
      date:
      - Wed, 18 Aug 2021 01:31:58 GMT
      expires:
      - '-1'
      pragma:
      - no-cache
      strict-transport-security:
      - max-age=31536000; includeSubDomains
      vary:
      - Accept-Encoding
      x-content-type-options:
      - nosniff
    status:
      code: 200
      message: OK
- request:
    body: '{"properties": {"scopeMapId": "/subscriptions/00000000-0000-0000-0000-000000000000/resourceGroups/clitest.rg000001/providers/Microsoft.ContainerRegistry/registries/clireg000002/scopeMaps/scope-map",
      "status": "enabled"}}'
    headers:
      Accept:
      - application/json
      Accept-Encoding:
      - gzip, deflate
      CommandName:
      - acr token create
      Connection:
      - keep-alive
      Content-Length:
      - '287'
      Content-Type:
      - application/json
      ParameterSetName:
      - -r --scope-map -n --no-passwords
      User-Agent:
      - AZURECLI/2.27.0 azsdk-python-azure-mgmt-containerregistry/8.1.0 Python/3.8.2
        (Linux-5.10.16.3-microsoft-standard-WSL2-x86_64-with-glibc2.29)
    method: PUT
    uri: https://management.azure.com/subscriptions/00000000-0000-0000-0000-000000000000/resourceGroups/clitest.rg000001/providers/Microsoft.ContainerRegistry/registries/clireg000002/tokens/token-2?api-version=2020-11-01-preview
  response:
    body:
      string: '{"type":"Microsoft.ContainerRegistry/registries/tokens","id":"/subscriptions/00000000-0000-0000-0000-000000000000/resourceGroups/clitest.rg000001/providers/Microsoft.ContainerRegistry/registries/clireg000002/tokens/token-2","name":"token-2","systemData":{"createdBy":"savaradh@microsoft.com","createdByType":"User","createdAt":"2021-08-18T01:31:59.7328564+00:00","lastModifiedBy":"savaradh@microsoft.com","lastModifiedByType":"User","lastModifiedAt":"2021-08-18T01:31:59.7328564+00:00"},"properties":{"creationDate":"2021-08-18T01:31:59.9794174+00:00","provisioningState":"Creating","scopeMapId":"/subscriptions/00000000-0000-0000-0000-000000000000/resourceGroups/clitest.rg000001/providers/Microsoft.ContainerRegistry/registries/clireg000002/scopeMaps/scope-map","credentials":{"certificates":[],"passwords":[]},"status":"enabled"}}'
    headers:
      azure-asyncoperation:
      - https://management.azure.com/subscriptions/00000000-0000-0000-0000-000000000000/resourceGroups/clitest.rg000001/providers/Microsoft.ContainerRegistry/registries/clireg000002/tokens/token-2/operationStatuses/token-13a205d4-ffc4-11eb-9dbc-00155d392c20?api-version=2020-11-01-preview
      cache-control:
      - no-cache
      content-length:
      - '967'
      content-type:
      - application/json; charset=utf-8
      date:
      - Wed, 18 Aug 2021 01:31:59 GMT
      expires:
      - '-1'
      pragma:
      - no-cache
      server:
      - Microsoft-HTTPAPI/2.0
      strict-transport-security:
      - max-age=31536000; includeSubDomains
      x-content-type-options:
      - nosniff
      x-ms-ratelimit-remaining-subscription-writes:
      - '1194'
    status:
      code: 201
      message: Created
- request:
    body: null
    headers:
      Accept:
      - '*/*'
      Accept-Encoding:
      - gzip, deflate
      CommandName:
      - acr token create
      Connection:
      - keep-alive
      ParameterSetName:
      - -r --scope-map -n --no-passwords
      User-Agent:
      - AZURECLI/2.27.0 azsdk-python-azure-mgmt-containerregistry/8.1.0 Python/3.8.2
        (Linux-5.10.16.3-microsoft-standard-WSL2-x86_64-with-glibc2.29)
    method: GET
    uri: https://management.azure.com/subscriptions/00000000-0000-0000-0000-000000000000/resourceGroups/clitest.rg000001/providers/Microsoft.ContainerRegistry/registries/clireg000002/tokens/token-2/operationStatuses/token-13a205d4-ffc4-11eb-9dbc-00155d392c20?api-version=2020-11-01-preview
  response:
    body:
      string: '{"status":"Succeeded"}'
    headers:
      azure-asyncoperation:
      - https://management.azure.com/subscriptions/00000000-0000-0000-0000-000000000000/resourceGroups/clitest.rg000001/providers/Microsoft.ContainerRegistry/registries/clireg000002/tokens/token-2/operationStatuses/token-13a205d4-ffc4-11eb-9dbc-00155d392c20?api-version=2020-11-01-preview
      cache-control:
      - no-cache
      content-length:
      - '22'
      content-type:
      - application/json; charset=utf-8
      date:
      - Wed, 18 Aug 2021 01:32:10 GMT
      expires:
      - '-1'
      pragma:
      - no-cache
      server:
      - Microsoft-HTTPAPI/2.0
      strict-transport-security:
      - max-age=31536000; includeSubDomains
      transfer-encoding:
      - chunked
      vary:
      - Accept-Encoding
      x-content-type-options:
      - nosniff
    status:
      code: 200
      message: OK
- request:
    body: null
    headers:
      Accept:
      - '*/*'
      Accept-Encoding:
      - gzip, deflate
      CommandName:
      - acr token create
      Connection:
      - keep-alive
      ParameterSetName:
      - -r --scope-map -n --no-passwords
      User-Agent:
      - AZURECLI/2.27.0 azsdk-python-azure-mgmt-containerregistry/8.1.0 Python/3.8.2
        (Linux-5.10.16.3-microsoft-standard-WSL2-x86_64-with-glibc2.29)
    method: GET
    uri: https://management.azure.com/subscriptions/00000000-0000-0000-0000-000000000000/resourceGroups/clitest.rg000001/providers/Microsoft.ContainerRegistry/registries/clireg000002/tokens/token-2?api-version=2020-11-01-preview
  response:
    body:
      string: '{"type":"Microsoft.ContainerRegistry/registries/tokens","id":"/subscriptions/00000000-0000-0000-0000-000000000000/resourceGroups/clitest.rg000001/providers/Microsoft.ContainerRegistry/registries/clireg000002/tokens/token-2","name":"token-2","systemData":{"createdBy":"savaradh@microsoft.com","createdByType":"User","createdAt":"2021-08-18T01:31:59.7328564+00:00","lastModifiedBy":"savaradh@microsoft.com","lastModifiedByType":"User","lastModifiedAt":"2021-08-18T01:31:59.7328564+00:00"},"properties":{"creationDate":"2021-08-18T01:31:59.9794174+00:00","provisioningState":"Succeeded","scopeMapId":"/subscriptions/00000000-0000-0000-0000-000000000000/resourceGroups/clitest.rg000001/providers/Microsoft.ContainerRegistry/registries/clireg000002/scopeMaps/scope-map","credentials":{"certificates":[],"passwords":[]},"status":"enabled"}}'
    headers:
      cache-control:
      - no-cache
      content-length:
      - '968'
      content-type:
      - application/json; charset=utf-8
      date:
      - Wed, 18 Aug 2021 01:32:10 GMT
      expires:
      - '-1'
      pragma:
      - no-cache
      server:
      - Microsoft-HTTPAPI/2.0
      strict-transport-security:
      - max-age=31536000; includeSubDomains
      transfer-encoding:
      - chunked
      vary:
      - Accept-Encoding
      x-content-type-options:
      - nosniff
    status:
      code: 200
      message: OK
- request:
    body: null
    headers:
      Accept:
      - application/json
      Accept-Encoding:
      - gzip, deflate
      CommandName:
      - acr token credential generate
      Connection:
      - keep-alive
      ParameterSetName:
      - -r -n --password1 --password2
      User-Agent:
      - AZURECLI/2.27.0 azsdk-python-azure-mgmt-resource/18.0.0 Python/3.8.2 (Linux-5.10.16.3-microsoft-standard-WSL2-x86_64-with-glibc2.29)
    method: GET
    uri: https://management.azure.com/subscriptions/00000000-0000-0000-0000-000000000000/resources?$filter=resourceType%20eq%20%27Microsoft.ContainerRegistry%2Fregistries%27&api-version=2021-04-01
  response:
    body:
      string: '{"value":[{"id":"/subscriptions/00000000-0000-0000-0000-000000000000/resourceGroups/savaradh-registry/providers/Microsoft.ContainerRegistry/registries/savaradhCliTest","name":"savaradhCliTest","type":"Microsoft.ContainerRegistry/registries","sku":{"name":"Premium","tier":"Premium"},"location":"eastus","identity":{"type":"UserAssigned","userAssignedIdentities":{"/subscriptions/00000000-0000-0000-0000-000000000000/resourcegroups/savaradh-registry/providers/Microsoft.ManagedIdentity/userAssignedIdentities/testidentity2":{"principalId":"0c000dbd-e7ed-4d35-9f9a-175829ba04e6","clientId":"fa43b151-1030-43cb-8640-dd95314728f5"}}},"tags":{},"systemData":{"createdBy":"savaradh@microsoft.com","createdByType":"User","createdAt":"2020-09-25T20:47:21.2621384Z","lastModifiedBy":"savaradh@microsoft.com","lastModifiedByType":"User","lastModifiedAt":"2020-09-25T21:08:02.7027274Z"}},{"id":"/subscriptions/00000000-0000-0000-0000-000000000000/resourceGroups/clitest.rgjzwgbjviw7dbzgsr3kghwbypia2zhgirs2tscvnonkpbsflcj5fmsmn7opzeron57/providers/Microsoft.ContainerRegistry/registries/cliregujii5hs3akl336","name":"cliregujii5hs3akl336","type":"Microsoft.ContainerRegistry/registries","sku":{"name":"Premium","tier":"Premium"},"location":"eastus","tags":{},"systemData":{"createdBy":"savaradh@microsoft.com","createdByType":"User","createdAt":"2021-08-18T01:27:05.9354962Z","lastModifiedBy":"savaradh@microsoft.com","lastModifiedByType":"User","lastModifiedAt":"2021-08-18T01:27:05.9354962Z"}},{"id":"/subscriptions/00000000-0000-0000-0000-000000000000/resourceGroups/resourcegroupsamesub/providers/Microsoft.ContainerRegistry/registries/sourceregistrysamesubv2bp2xhohv2y2pt6xaf","name":"sourceregistrysamesubv2bp2xhohv2y2pt6xaf","type":"Microsoft.ContainerRegistry/registries","sku":{"name":"Standard","tier":"Standard"},"location":"westus","tags":{},"systemData":{"createdBy":"savaradh@microsoft.com","createdByType":"User","createdAt":"2021-08-18T01:28:10.9730452Z","lastModifiedBy":"savaradh@microsoft.com","lastModifiedByType":"User","lastModifiedAt":"2021-08-18T01:28:10.9730452Z"}},{"id":"/subscriptions/00000000-0000-0000-0000-000000000000/resourceGroups/clitest.rgj7k3grdq6556o4ijnknhlkxruu444lsvcwy3q6ih2hebfqukg276d6p7xstqsqwps/providers/Microsoft.ContainerRegistry/registries/testreg6jifvxym666lkusfjg","name":"testreg6jifvxym666lkusfjg","type":"Microsoft.ContainerRegistry/registries","sku":{"name":"Premium","tier":"Premium"},"location":"westus","identity":{"principalId":"4bd6823f-1bc3-4368-aca1-0621ab16d12c","tenantId":"72f988bf-86f1-41af-91ab-2d7cd011db47","type":"SystemAssigned,
        UserAssigned","userAssignedIdentities":{"/subscriptions/00000000-0000-0000-0000-000000000000/resourcegroups/clitest.rgj7k3grdq6556o4ijnknhlkxruu444lsvcwy3q6ih2hebfqukg276d6p7xstqsqwps/providers/Microsoft.ManagedIdentity/userAssignedIdentities/testidentitycnl2d2ct6v32nilgh5":{"principalId":"ff846faa-1987-4b84-a242-653e7163005f","clientId":"927be966-0c92-417a-8ee0-f4cc97741ce4"}}},"tags":{},"systemData":{"createdBy":"savaradh@microsoft.com","createdByType":"User","createdAt":"2021-08-18T01:29:14.8167511Z","lastModifiedBy":"savaradh@microsoft.com","lastModifiedByType":"User","lastModifiedAt":"2021-08-18T01:31:55.2462687Z"}},{"id":"/subscriptions/00000000-0000-0000-0000-000000000000/resourceGroups/clitest.rg5vsuzakwf2gpuxophw2hk2ng5kqn47mtdjfsmkrsypz6imycyx3zqr7pgnrn53h5j/providers/Microsoft.ContainerRegistry/registries/cliregiuqu62hnea3c6u","name":"cliregiuqu62hnea3c6u","type":"Microsoft.ContainerRegistry/registries","sku":{"name":"Standard","tier":"Standard"},"location":"westus","tags":{},"systemData":{"createdBy":"savaradh@microsoft.com","createdByType":"User","createdAt":"2021-08-18T01:29:56.2256299Z","lastModifiedBy":"savaradh@microsoft.com","lastModifiedByType":"User","lastModifiedAt":"2021-08-18T01:29:56.2256299Z"}},{"id":"/subscriptions/00000000-0000-0000-0000-000000000000/resourceGroups/clitest.rg000001/providers/Microsoft.ContainerRegistry/registries/clireg000002","name":"clireg000002","type":"Microsoft.ContainerRegistry/registries","sku":{"name":"Premium","tier":"Premium"},"location":"westus","tags":{},"systemData":{"createdBy":"savaradh@microsoft.com","createdByType":"User","createdAt":"2021-08-18T01:31:24.684598Z","lastModifiedBy":"savaradh@microsoft.com","lastModifiedByType":"User","lastModifiedAt":"2021-08-18T01:31:24.684598Z"}},{"id":"/subscriptions/00000000-0000-0000-0000-000000000000/resourceGroups/SavaradhOnpremGroup/providers/Microsoft.ContainerRegistry/registries/savaradhonprem","name":"savaradhonprem","type":"Microsoft.ContainerRegistry/registries","sku":{"name":"Premium","tier":"Premium"},"location":"eastus","tags":{},"systemData":{"createdBy":"savaradh@microsoft.com","createdByType":"User","createdAt":"2021-06-02T21:56:51.8819196Z","lastModifiedBy":"savaradh@microsoft.com","lastModifiedByType":"User","lastModifiedAt":"2021-06-02T21:59:09.0393984Z"}},{"id":"/subscriptions/00000000-0000-0000-0000-000000000000/resourceGroups/clitest.rgdkfsypl7xbnq3hwkkkz5x7qzkgattl4swbiii3b7snd3i355qbn6hvsa5myvtq6ji/providers/Microsoft.ContainerRegistry/registries/testregt7pputmsjszmt","name":"testregt7pputmsjszmt","type":"Microsoft.ContainerRegistry/registries","sku":{"name":"Premium","tier":"Premium"},"location":"eastus","tags":{},"systemData":{"createdBy":"savaradh@microsoft.com","createdByType":"User","createdAt":"2021-08-18T01:28:45.2494782Z","lastModifiedBy":"savaradh@microsoft.com","lastModifiedByType":"User","lastModifiedAt":"2021-08-18T01:28:45.2494782Z"}},{"id":"/subscriptions/00000000-0000-0000-0000-000000000000/resourceGroups/clitest.rgdkfsypl7xbnq3hwkkkz5x7qzkgattl4swbiii3b7snd3i355qbn6hvsa5myvtq6ji/providers/Microsoft.ContainerRegistry/registries/testreg2axv3i4iqevx5","name":"testreg2axv3i4iqevx5","type":"Microsoft.ContainerRegistry/registries","sku":{"name":"Premium","tier":"Premium"},"location":"eastus","tags":{},"systemData":{"createdBy":"savaradh@microsoft.com","createdByType":"User","createdAt":"2021-08-18T01:29:01.4031104Z","lastModifiedBy":"savaradh@microsoft.com","lastModifiedByType":"User","lastModifiedAt":"2021-08-18T01:29:01.4031104Z"}},{"id":"/subscriptions/00000000-0000-0000-0000-000000000000/resourceGroups/clitest.rgehnvpq5zfweiremzjcbkolgvqrnps2wuj6c6kehwfek22t7ya3qsbrridzwizjmk5/providers/Microsoft.ContainerRegistry/registries/testreg3tuc3db5xdocs","name":"testreg3tuc3db5xdocs","type":"Microsoft.ContainerRegistry/registries","sku":{"name":"Premium","tier":"Premium"},"location":"eastus2","tags":{},"systemData":{"createdBy":"savaradh@microsoft.com","createdByType":"User","createdAt":"2021-08-18T01:28:10.0806264Z","lastModifiedBy":"savaradh@microsoft.com","lastModifiedByType":"User","lastModifiedAt":"2021-08-18T01:28:10.0806264Z"}},{"id":"/subscriptions/00000000-0000-0000-0000-000000000000/resourceGroups/savaradh-registry/providers/Microsoft.ContainerRegistry/registries/savaradhRegistry","name":"savaradhRegistry","type":"Microsoft.ContainerRegistry/registries","sku":{"name":"Premium","tier":"Premium"},"location":"eastus","tags":{},"systemData":{"lastModifiedBy":"savaradh@microsoft.com","lastModifiedByType":"User","lastModifiedAt":"2021-02-18T02:47:58.9284588Z"}},{"id":"/subscriptions/00000000-0000-0000-0000-000000000000/resourceGroups/savaradh-eastus2euap/providers/Microsoft.ContainerRegistry/registries/savaradhcmkeastus2euap","name":"savaradhcmkeastus2euap","type":"Microsoft.ContainerRegistry/registries","sku":{"name":"Premium","tier":"Premium"},"location":"eastus2euap","identity":{"type":"UserAssigned","userAssignedIdentities":{"/subscriptions/00000000-0000-0000-0000-000000000000/resourcegroups/savaradh-eastus2euap/providers/Microsoft.ManagedIdentity/userAssignedIdentities/savaradhmanagedidentity":{"principalId":"8b368ced-f629-485a-b902-02700faecb65","clientId":"b36ebcbd-d9ec-4192-8a73-37580fc9d6eb"}}},"tags":{}}]}'
    headers:
      cache-control:
      - no-cache
      content-length:
      - '7906'
      content-type:
      - application/json; charset=utf-8
      date:
      - Wed, 18 Aug 2021 01:32:11 GMT
      expires:
      - '-1'
      pragma:
      - no-cache
      strict-transport-security:
      - max-age=31536000; includeSubDomains
      vary:
      - Accept-Encoding
      x-content-type-options:
      - nosniff
    status:
      code: 200
      message: OK
- request:
    body: null
    headers:
      Accept:
      - application/json
      Accept-Encoding:
      - gzip, deflate
      CommandName:
      - acr token credential generate
      Connection:
      - keep-alive
      ParameterSetName:
      - -r -n --password1 --password2
      User-Agent:
      - AZURECLI/2.27.0 azsdk-python-azure-mgmt-resource/18.0.0 Python/3.8.2 (Linux-5.10.16.3-microsoft-standard-WSL2-x86_64-with-glibc2.29)
    method: GET
    uri: https://management.azure.com/subscriptions/00000000-0000-0000-0000-000000000000/resources?$filter=resourceType%20eq%20%27Microsoft.ContainerRegistry%2Fregistries%27&api-version=2021-04-01
  response:
    body:
      string: '{"value":[{"id":"/subscriptions/00000000-0000-0000-0000-000000000000/resourceGroups/savaradh-registry/providers/Microsoft.ContainerRegistry/registries/savaradhCliTest","name":"savaradhCliTest","type":"Microsoft.ContainerRegistry/registries","sku":{"name":"Premium","tier":"Premium"},"location":"eastus","identity":{"type":"UserAssigned","userAssignedIdentities":{"/subscriptions/00000000-0000-0000-0000-000000000000/resourcegroups/savaradh-registry/providers/Microsoft.ManagedIdentity/userAssignedIdentities/testidentity2":{"principalId":"0c000dbd-e7ed-4d35-9f9a-175829ba04e6","clientId":"fa43b151-1030-43cb-8640-dd95314728f5"}}},"tags":{},"systemData":{"createdBy":"savaradh@microsoft.com","createdByType":"User","createdAt":"2020-09-25T20:47:21.2621384Z","lastModifiedBy":"savaradh@microsoft.com","lastModifiedByType":"User","lastModifiedAt":"2020-09-25T21:08:02.7027274Z"}},{"id":"/subscriptions/00000000-0000-0000-0000-000000000000/resourceGroups/clitest.rgjzwgbjviw7dbzgsr3kghwbypia2zhgirs2tscvnonkpbsflcj5fmsmn7opzeron57/providers/Microsoft.ContainerRegistry/registries/cliregujii5hs3akl336","name":"cliregujii5hs3akl336","type":"Microsoft.ContainerRegistry/registries","sku":{"name":"Premium","tier":"Premium"},"location":"eastus","tags":{},"systemData":{"createdBy":"savaradh@microsoft.com","createdByType":"User","createdAt":"2021-08-18T01:27:05.9354962Z","lastModifiedBy":"savaradh@microsoft.com","lastModifiedByType":"User","lastModifiedAt":"2021-08-18T01:27:05.9354962Z"}},{"id":"/subscriptions/00000000-0000-0000-0000-000000000000/resourceGroups/resourcegroupsamesub/providers/Microsoft.ContainerRegistry/registries/sourceregistrysamesubv2bp2xhohv2y2pt6xaf","name":"sourceregistrysamesubv2bp2xhohv2y2pt6xaf","type":"Microsoft.ContainerRegistry/registries","sku":{"name":"Standard","tier":"Standard"},"location":"westus","tags":{},"systemData":{"createdBy":"savaradh@microsoft.com","createdByType":"User","createdAt":"2021-08-18T01:28:10.9730452Z","lastModifiedBy":"savaradh@microsoft.com","lastModifiedByType":"User","lastModifiedAt":"2021-08-18T01:28:10.9730452Z"}},{"id":"/subscriptions/00000000-0000-0000-0000-000000000000/resourceGroups/clitest.rgj7k3grdq6556o4ijnknhlkxruu444lsvcwy3q6ih2hebfqukg276d6p7xstqsqwps/providers/Microsoft.ContainerRegistry/registries/testreg6jifvxym666lkusfjg","name":"testreg6jifvxym666lkusfjg","type":"Microsoft.ContainerRegistry/registries","sku":{"name":"Premium","tier":"Premium"},"location":"westus","identity":{"principalId":"4bd6823f-1bc3-4368-aca1-0621ab16d12c","tenantId":"72f988bf-86f1-41af-91ab-2d7cd011db47","type":"SystemAssigned,
        UserAssigned","userAssignedIdentities":{"/subscriptions/00000000-0000-0000-0000-000000000000/resourcegroups/clitest.rgj7k3grdq6556o4ijnknhlkxruu444lsvcwy3q6ih2hebfqukg276d6p7xstqsqwps/providers/Microsoft.ManagedIdentity/userAssignedIdentities/testidentitycnl2d2ct6v32nilgh5":{"principalId":"ff846faa-1987-4b84-a242-653e7163005f","clientId":"927be966-0c92-417a-8ee0-f4cc97741ce4"}}},"tags":{},"systemData":{"createdBy":"savaradh@microsoft.com","createdByType":"User","createdAt":"2021-08-18T01:29:14.8167511Z","lastModifiedBy":"savaradh@microsoft.com","lastModifiedByType":"User","lastModifiedAt":"2021-08-18T01:31:55.2462687Z"}},{"id":"/subscriptions/00000000-0000-0000-0000-000000000000/resourceGroups/clitest.rg5vsuzakwf2gpuxophw2hk2ng5kqn47mtdjfsmkrsypz6imycyx3zqr7pgnrn53h5j/providers/Microsoft.ContainerRegistry/registries/cliregiuqu62hnea3c6u","name":"cliregiuqu62hnea3c6u","type":"Microsoft.ContainerRegistry/registries","sku":{"name":"Standard","tier":"Standard"},"location":"westus","tags":{},"systemData":{"createdBy":"savaradh@microsoft.com","createdByType":"User","createdAt":"2021-08-18T01:29:56.2256299Z","lastModifiedBy":"savaradh@microsoft.com","lastModifiedByType":"User","lastModifiedAt":"2021-08-18T01:29:56.2256299Z"}},{"id":"/subscriptions/00000000-0000-0000-0000-000000000000/resourceGroups/clitest.rg000001/providers/Microsoft.ContainerRegistry/registries/clireg000002","name":"clireg000002","type":"Microsoft.ContainerRegistry/registries","sku":{"name":"Premium","tier":"Premium"},"location":"westus","tags":{},"systemData":{"createdBy":"savaradh@microsoft.com","createdByType":"User","createdAt":"2021-08-18T01:31:24.684598Z","lastModifiedBy":"savaradh@microsoft.com","lastModifiedByType":"User","lastModifiedAt":"2021-08-18T01:31:24.684598Z"}},{"id":"/subscriptions/00000000-0000-0000-0000-000000000000/resourceGroups/SavaradhOnpremGroup/providers/Microsoft.ContainerRegistry/registries/savaradhonprem","name":"savaradhonprem","type":"Microsoft.ContainerRegistry/registries","sku":{"name":"Premium","tier":"Premium"},"location":"eastus","tags":{},"systemData":{"createdBy":"savaradh@microsoft.com","createdByType":"User","createdAt":"2021-06-02T21:56:51.8819196Z","lastModifiedBy":"savaradh@microsoft.com","lastModifiedByType":"User","lastModifiedAt":"2021-06-02T21:59:09.0393984Z"}},{"id":"/subscriptions/00000000-0000-0000-0000-000000000000/resourceGroups/clitest.rgdkfsypl7xbnq3hwkkkz5x7qzkgattl4swbiii3b7snd3i355qbn6hvsa5myvtq6ji/providers/Microsoft.ContainerRegistry/registries/testregt7pputmsjszmt","name":"testregt7pputmsjszmt","type":"Microsoft.ContainerRegistry/registries","sku":{"name":"Premium","tier":"Premium"},"location":"eastus","tags":{},"systemData":{"createdBy":"savaradh@microsoft.com","createdByType":"User","createdAt":"2021-08-18T01:28:45.2494782Z","lastModifiedBy":"savaradh@microsoft.com","lastModifiedByType":"User","lastModifiedAt":"2021-08-18T01:28:45.2494782Z"}},{"id":"/subscriptions/00000000-0000-0000-0000-000000000000/resourceGroups/clitest.rgdkfsypl7xbnq3hwkkkz5x7qzkgattl4swbiii3b7snd3i355qbn6hvsa5myvtq6ji/providers/Microsoft.ContainerRegistry/registries/testreg2axv3i4iqevx5","name":"testreg2axv3i4iqevx5","type":"Microsoft.ContainerRegistry/registries","sku":{"name":"Premium","tier":"Premium"},"location":"eastus","tags":{},"systemData":{"createdBy":"savaradh@microsoft.com","createdByType":"User","createdAt":"2021-08-18T01:29:01.4031104Z","lastModifiedBy":"savaradh@microsoft.com","lastModifiedByType":"User","lastModifiedAt":"2021-08-18T01:29:01.4031104Z"}},{"id":"/subscriptions/00000000-0000-0000-0000-000000000000/resourceGroups/clitest.rgehnvpq5zfweiremzjcbkolgvqrnps2wuj6c6kehwfek22t7ya3qsbrridzwizjmk5/providers/Microsoft.ContainerRegistry/registries/testreg3tuc3db5xdocs","name":"testreg3tuc3db5xdocs","type":"Microsoft.ContainerRegistry/registries","sku":{"name":"Premium","tier":"Premium"},"location":"eastus2","tags":{},"systemData":{"createdBy":"savaradh@microsoft.com","createdByType":"User","createdAt":"2021-08-18T01:28:10.0806264Z","lastModifiedBy":"savaradh@microsoft.com","lastModifiedByType":"User","lastModifiedAt":"2021-08-18T01:28:10.0806264Z"}},{"id":"/subscriptions/00000000-0000-0000-0000-000000000000/resourceGroups/savaradh-registry/providers/Microsoft.ContainerRegistry/registries/savaradhRegistry","name":"savaradhRegistry","type":"Microsoft.ContainerRegistry/registries","sku":{"name":"Premium","tier":"Premium"},"location":"eastus","tags":{},"systemData":{"lastModifiedBy":"savaradh@microsoft.com","lastModifiedByType":"User","lastModifiedAt":"2021-02-18T02:47:58.9284588Z"}},{"id":"/subscriptions/00000000-0000-0000-0000-000000000000/resourceGroups/savaradh-eastus2euap/providers/Microsoft.ContainerRegistry/registries/savaradhcmkeastus2euap","name":"savaradhcmkeastus2euap","type":"Microsoft.ContainerRegistry/registries","sku":{"name":"Premium","tier":"Premium"},"location":"eastus2euap","identity":{"type":"UserAssigned","userAssignedIdentities":{"/subscriptions/00000000-0000-0000-0000-000000000000/resourcegroups/savaradh-eastus2euap/providers/Microsoft.ManagedIdentity/userAssignedIdentities/savaradhmanagedidentity":{"principalId":"8b368ced-f629-485a-b902-02700faecb65","clientId":"b36ebcbd-d9ec-4192-8a73-37580fc9d6eb"}}},"tags":{}}]}'
    headers:
      cache-control:
      - no-cache
      content-length:
      - '7906'
      content-type:
      - application/json; charset=utf-8
      date:
      - Wed, 18 Aug 2021 01:32:12 GMT
      expires:
      - '-1'
      pragma:
      - no-cache
      strict-transport-security:
      - max-age=31536000; includeSubDomains
      vary:
      - Accept-Encoding
      x-content-type-options:
      - nosniff
    status:
      code: 200
      message: OK
- request:
    body: '{"tokenId": "/subscriptions/00000000-0000-0000-0000-000000000000/resourceGroups/clitest.rg000001/providers/Microsoft.ContainerRegistry/registries/clireg000002/tokens/token-2"}'
    headers:
      Accept:
      - application/json
      Accept-Encoding:
      - gzip, deflate
      CommandName:
      - acr token credential generate
      Connection:
      - keep-alive
      Content-Length:
      - '242'
      Content-Type:
      - application/json
      ParameterSetName:
      - -r -n --password1 --password2
      User-Agent:
      - AZURECLI/2.27.0 azsdk-python-azure-mgmt-containerregistry/8.1.0 Python/3.8.2
        (Linux-5.10.16.3-microsoft-standard-WSL2-x86_64-with-glibc2.29)
    method: POST
    uri: https://management.azure.com/subscriptions/00000000-0000-0000-0000-000000000000/resourceGroups/clitest.rg000001/providers/Microsoft.ContainerRegistry/registries/clireg000002/generateCredentials?api-version=2020-11-01-preview
  response:
    body:
      string: '{"username":"token-2","passwords":[{"creationTime":"2021-08-18T01:32:13.1440194+00:00","name":"password1","value":"FyjhURitURN+pLrcrmRLpQuHXhaeFXco"},{"creationTime":"2021-08-18T01:32:13.1440194+00:00","name":"password2","value":"KbD3mgyJSvePE=vYMZTUP7UPf2wEusHV"}]}'
    headers:
      cache-control:
      - no-cache
      content-length:
      - '266'
      content-type:
      - application/json; charset=utf-8
      date:
      - Wed, 18 Aug 2021 01:32:12 GMT
      expires:
      - '-1'
      pragma:
      - no-cache
      server:
      - Microsoft-HTTPAPI/2.0
      strict-transport-security:
      - max-age=31536000; includeSubDomains
      transfer-encoding:
      - chunked
      vary:
      - Accept-Encoding
      x-content-type-options:
      - nosniff
      x-ms-ratelimit-remaining-subscription-writes:
      - '1199'
    status:
      code: 200
      message: OK
- request:
    body: null
    headers:
      Accept:
      - application/json
      Accept-Encoding:
      - gzip, deflate
      CommandName:
      - acr token create
      Connection:
      - keep-alive
      ParameterSetName:
      - -r -n --repository --expiration-in-days
      User-Agent:
      - AZURECLI/2.27.0 azsdk-python-azure-mgmt-resource/18.0.0 Python/3.8.2 (Linux-5.10.16.3-microsoft-standard-WSL2-x86_64-with-glibc2.29)
    method: GET
    uri: https://management.azure.com/subscriptions/00000000-0000-0000-0000-000000000000/resources?$filter=resourceType%20eq%20%27Microsoft.ContainerRegistry%2Fregistries%27&api-version=2021-04-01
  response:
    body:
      string: '{"value":[{"id":"/subscriptions/00000000-0000-0000-0000-000000000000/resourceGroups/savaradh-registry/providers/Microsoft.ContainerRegistry/registries/savaradhCliTest","name":"savaradhCliTest","type":"Microsoft.ContainerRegistry/registries","sku":{"name":"Premium","tier":"Premium"},"location":"eastus","identity":{"type":"UserAssigned","userAssignedIdentities":{"/subscriptions/00000000-0000-0000-0000-000000000000/resourcegroups/savaradh-registry/providers/Microsoft.ManagedIdentity/userAssignedIdentities/testidentity2":{"principalId":"0c000dbd-e7ed-4d35-9f9a-175829ba04e6","clientId":"fa43b151-1030-43cb-8640-dd95314728f5"}}},"tags":{},"systemData":{"createdBy":"savaradh@microsoft.com","createdByType":"User","createdAt":"2020-09-25T20:47:21.2621384Z","lastModifiedBy":"savaradh@microsoft.com","lastModifiedByType":"User","lastModifiedAt":"2020-09-25T21:08:02.7027274Z"}},{"id":"/subscriptions/00000000-0000-0000-0000-000000000000/resourceGroups/clitest.rgjzwgbjviw7dbzgsr3kghwbypia2zhgirs2tscvnonkpbsflcj5fmsmn7opzeron57/providers/Microsoft.ContainerRegistry/registries/cliregujii5hs3akl336","name":"cliregujii5hs3akl336","type":"Microsoft.ContainerRegistry/registries","sku":{"name":"Premium","tier":"Premium"},"location":"eastus","tags":{},"systemData":{"createdBy":"savaradh@microsoft.com","createdByType":"User","createdAt":"2021-08-18T01:27:05.9354962Z","lastModifiedBy":"savaradh@microsoft.com","lastModifiedByType":"User","lastModifiedAt":"2021-08-18T01:27:05.9354962Z"}},{"id":"/subscriptions/00000000-0000-0000-0000-000000000000/resourceGroups/resourcegroupsamesub/providers/Microsoft.ContainerRegistry/registries/sourceregistrysamesubv2bp2xhohv2y2pt6xaf","name":"sourceregistrysamesubv2bp2xhohv2y2pt6xaf","type":"Microsoft.ContainerRegistry/registries","sku":{"name":"Standard","tier":"Standard"},"location":"westus","tags":{},"systemData":{"createdBy":"savaradh@microsoft.com","createdByType":"User","createdAt":"2021-08-18T01:28:10.9730452Z","lastModifiedBy":"savaradh@microsoft.com","lastModifiedByType":"User","lastModifiedAt":"2021-08-18T01:28:10.9730452Z"}},{"id":"/subscriptions/00000000-0000-0000-0000-000000000000/resourceGroups/clitest.rgj7k3grdq6556o4ijnknhlkxruu444lsvcwy3q6ih2hebfqukg276d6p7xstqsqwps/providers/Microsoft.ContainerRegistry/registries/testreg6jifvxym666lkusfjg","name":"testreg6jifvxym666lkusfjg","type":"Microsoft.ContainerRegistry/registries","sku":{"name":"Premium","tier":"Premium"},"location":"westus","identity":{"principalId":"4bd6823f-1bc3-4368-aca1-0621ab16d12c","tenantId":"72f988bf-86f1-41af-91ab-2d7cd011db47","type":"SystemAssigned,
        UserAssigned","userAssignedIdentities":{"/subscriptions/00000000-0000-0000-0000-000000000000/resourcegroups/clitest.rgj7k3grdq6556o4ijnknhlkxruu444lsvcwy3q6ih2hebfqukg276d6p7xstqsqwps/providers/Microsoft.ManagedIdentity/userAssignedIdentities/testidentitycnl2d2ct6v32nilgh5":{"principalId":"ff846faa-1987-4b84-a242-653e7163005f","clientId":"927be966-0c92-417a-8ee0-f4cc97741ce4"}}},"tags":{},"systemData":{"createdBy":"savaradh@microsoft.com","createdByType":"User","createdAt":"2021-08-18T01:29:14.8167511Z","lastModifiedBy":"savaradh@microsoft.com","lastModifiedByType":"User","lastModifiedAt":"2021-08-18T01:31:55.2462687Z"}},{"id":"/subscriptions/00000000-0000-0000-0000-000000000000/resourceGroups/clitest.rg5vsuzakwf2gpuxophw2hk2ng5kqn47mtdjfsmkrsypz6imycyx3zqr7pgnrn53h5j/providers/Microsoft.ContainerRegistry/registries/cliregiuqu62hnea3c6u","name":"cliregiuqu62hnea3c6u","type":"Microsoft.ContainerRegistry/registries","sku":{"name":"Standard","tier":"Standard"},"location":"westus","tags":{},"systemData":{"createdBy":"savaradh@microsoft.com","createdByType":"User","createdAt":"2021-08-18T01:29:56.2256299Z","lastModifiedBy":"savaradh@microsoft.com","lastModifiedByType":"User","lastModifiedAt":"2021-08-18T01:29:56.2256299Z"}},{"id":"/subscriptions/00000000-0000-0000-0000-000000000000/resourceGroups/clitest.rg000001/providers/Microsoft.ContainerRegistry/registries/clireg000002","name":"clireg000002","type":"Microsoft.ContainerRegistry/registries","sku":{"name":"Premium","tier":"Premium"},"location":"westus","tags":{},"systemData":{"createdBy":"savaradh@microsoft.com","createdByType":"User","createdAt":"2021-08-18T01:31:24.684598Z","lastModifiedBy":"savaradh@microsoft.com","lastModifiedByType":"User","lastModifiedAt":"2021-08-18T01:31:24.684598Z"}},{"id":"/subscriptions/00000000-0000-0000-0000-000000000000/resourceGroups/SavaradhOnpremGroup/providers/Microsoft.ContainerRegistry/registries/savaradhonprem","name":"savaradhonprem","type":"Microsoft.ContainerRegistry/registries","sku":{"name":"Premium","tier":"Premium"},"location":"eastus","tags":{},"systemData":{"createdBy":"savaradh@microsoft.com","createdByType":"User","createdAt":"2021-06-02T21:56:51.8819196Z","lastModifiedBy":"savaradh@microsoft.com","lastModifiedByType":"User","lastModifiedAt":"2021-06-02T21:59:09.0393984Z"}},{"id":"/subscriptions/00000000-0000-0000-0000-000000000000/resourceGroups/clitest.rgdkfsypl7xbnq3hwkkkz5x7qzkgattl4swbiii3b7snd3i355qbn6hvsa5myvtq6ji/providers/Microsoft.ContainerRegistry/registries/testregt7pputmsjszmt","name":"testregt7pputmsjszmt","type":"Microsoft.ContainerRegistry/registries","sku":{"name":"Premium","tier":"Premium"},"location":"eastus","tags":{},"systemData":{"createdBy":"savaradh@microsoft.com","createdByType":"User","createdAt":"2021-08-18T01:28:45.2494782Z","lastModifiedBy":"savaradh@microsoft.com","lastModifiedByType":"User","lastModifiedAt":"2021-08-18T01:28:45.2494782Z"}},{"id":"/subscriptions/00000000-0000-0000-0000-000000000000/resourceGroups/clitest.rgdkfsypl7xbnq3hwkkkz5x7qzkgattl4swbiii3b7snd3i355qbn6hvsa5myvtq6ji/providers/Microsoft.ContainerRegistry/registries/testreg2axv3i4iqevx5","name":"testreg2axv3i4iqevx5","type":"Microsoft.ContainerRegistry/registries","sku":{"name":"Premium","tier":"Premium"},"location":"eastus","tags":{},"systemData":{"createdBy":"savaradh@microsoft.com","createdByType":"User","createdAt":"2021-08-18T01:29:01.4031104Z","lastModifiedBy":"savaradh@microsoft.com","lastModifiedByType":"User","lastModifiedAt":"2021-08-18T01:29:01.4031104Z"}},{"id":"/subscriptions/00000000-0000-0000-0000-000000000000/resourceGroups/clitest.rgehnvpq5zfweiremzjcbkolgvqrnps2wuj6c6kehwfek22t7ya3qsbrridzwizjmk5/providers/Microsoft.ContainerRegistry/registries/testreg3tuc3db5xdocs","name":"testreg3tuc3db5xdocs","type":"Microsoft.ContainerRegistry/registries","sku":{"name":"Premium","tier":"Premium"},"location":"eastus2","tags":{},"systemData":{"createdBy":"savaradh@microsoft.com","createdByType":"User","createdAt":"2021-08-18T01:28:10.0806264Z","lastModifiedBy":"savaradh@microsoft.com","lastModifiedByType":"User","lastModifiedAt":"2021-08-18T01:28:10.0806264Z"}},{"id":"/subscriptions/00000000-0000-0000-0000-000000000000/resourceGroups/savaradh-registry/providers/Microsoft.ContainerRegistry/registries/savaradhRegistry","name":"savaradhRegistry","type":"Microsoft.ContainerRegistry/registries","sku":{"name":"Premium","tier":"Premium"},"location":"eastus","tags":{},"systemData":{"lastModifiedBy":"savaradh@microsoft.com","lastModifiedByType":"User","lastModifiedAt":"2021-02-18T02:47:58.9284588Z"}},{"id":"/subscriptions/00000000-0000-0000-0000-000000000000/resourceGroups/savaradh-eastus2euap/providers/Microsoft.ContainerRegistry/registries/savaradhcmkeastus2euap","name":"savaradhcmkeastus2euap","type":"Microsoft.ContainerRegistry/registries","sku":{"name":"Premium","tier":"Premium"},"location":"eastus2euap","identity":{"type":"UserAssigned","userAssignedIdentities":{"/subscriptions/00000000-0000-0000-0000-000000000000/resourcegroups/savaradh-eastus2euap/providers/Microsoft.ManagedIdentity/userAssignedIdentities/savaradhmanagedidentity":{"principalId":"8b368ced-f629-485a-b902-02700faecb65","clientId":"b36ebcbd-d9ec-4192-8a73-37580fc9d6eb"}}},"tags":{}}]}'
    headers:
      cache-control:
      - no-cache
      content-length:
      - '7906'
      content-type:
      - application/json; charset=utf-8
      date:
      - Wed, 18 Aug 2021 01:32:14 GMT
      expires:
      - '-1'
      pragma:
      - no-cache
      strict-transport-security:
      - max-age=31536000; includeSubDomains
      vary:
      - Accept-Encoding
      x-content-type-options:
      - nosniff
    status:
      code: 200
      message: OK
- request:
    body: null
    headers:
      Accept:
      - application/json
      Accept-Encoding:
      - gzip, deflate
      CommandName:
      - acr token create
      Connection:
      - keep-alive
      ParameterSetName:
      - -r -n --repository --expiration-in-days
      User-Agent:
      - AZURECLI/2.27.0 azsdk-python-azure-mgmt-containerregistry/8.1.0 Python/3.8.2
        (Linux-5.10.16.3-microsoft-standard-WSL2-x86_64-with-glibc2.29)
    method: GET
    uri: https://management.azure.com/subscriptions/00000000-0000-0000-0000-000000000000/resourceGroups/clitest.rg000001/providers/Microsoft.ContainerRegistry/registries/clireg000002/scopeMaps/token-3-scope-map?api-version=2020-11-01-preview
  response:
    body:
      string: '{"error":{"code":"ResourceNotFound","message":"The resource token-3-scope-map
        could not be found."},"status":"Failed"}'
    headers:
      cache-control:
      - no-cache
      content-length:
      - '118'
      content-type:
      - application/json; charset=utf-8
      date:
      - Wed, 18 Aug 2021 01:32:14 GMT
      expires:
      - '-1'
      pragma:
      - no-cache
      server:
      - Microsoft-HTTPAPI/2.0
      strict-transport-security:
      - max-age=31536000; includeSubDomains
      x-content-type-options:
      - nosniff
    status:
      code: 404
      message: Not Found
- request:
    body: '{"properties": {"actions": ["repositories/foo/content/read"]}}'
    headers:
      Accept:
      - application/json
      Accept-Encoding:
      - gzip, deflate
      CommandName:
      - acr token create
      Connection:
      - keep-alive
      Content-Length:
      - '62'
      Content-Type:
      - application/json
      ParameterSetName:
      - -r -n --repository --expiration-in-days
      User-Agent:
      - AZURECLI/2.27.0 azsdk-python-azure-mgmt-containerregistry/8.1.0 Python/3.8.2
        (Linux-5.10.16.3-microsoft-standard-WSL2-x86_64-with-glibc2.29)
    method: PUT
    uri: https://management.azure.com/subscriptions/00000000-0000-0000-0000-000000000000/resourceGroups/clitest.rg000001/providers/Microsoft.ContainerRegistry/registries/clireg000002/scopeMaps/token-3-scope-map?api-version=2020-11-01-preview
  response:
    body:
      string: '{"type":"Microsoft.ContainerRegistry/registries/scopeMaps","id":"/subscriptions/00000000-0000-0000-0000-000000000000/resourceGroups/clitest.rg000001/providers/Microsoft.ContainerRegistry/registries/clireg000002/scopeMaps/token-3-scope-map","name":"token-3-scope-map","systemData":{"createdBy":"savaradh@microsoft.com","createdByType":"User","createdAt":"2021-08-18T01:32:14.9033217+00:00","lastModifiedBy":"savaradh@microsoft.com","lastModifiedByType":"User","lastModifiedAt":"2021-08-18T01:32:14.9033217+00:00"},"properties":{"type":"UserDefined","creationDate":"2021-08-18T01:32:14.9989146+00:00","provisioningState":"Succeeded","actions":["repositories/foo/content/read"]}}'
    headers:
      cache-control:
      - no-cache
      content-length:
      - '743'
      content-type:
      - application/json; charset=utf-8
      date:
      - Wed, 18 Aug 2021 01:32:14 GMT
      expires:
      - '-1'
      pragma:
      - no-cache
      server:
      - Microsoft-HTTPAPI/2.0
      strict-transport-security:
      - max-age=31536000; includeSubDomains
      transfer-encoding:
      - chunked
      vary:
      - Accept-Encoding
      x-content-type-options:
      - nosniff
      x-ms-ratelimit-remaining-subscription-writes:
      - '1199'
    status:
      code: 200
      message: OK
- request:
    body: '{"properties": {"scopeMapId": "/subscriptions/00000000-0000-0000-0000-000000000000/resourceGroups/clitest.rg000001/providers/Microsoft.ContainerRegistry/registries/clireg000002/scopeMaps/token-3-scope-map",
      "status": "enabled"}}'
    headers:
      Accept:
      - application/json
      Accept-Encoding:
      - gzip, deflate
      CommandName:
      - acr token create
      Connection:
      - keep-alive
      Content-Length:
      - '295'
      Content-Type:
      - application/json
      ParameterSetName:
      - -r -n --repository --expiration-in-days
      User-Agent:
      - AZURECLI/2.27.0 azsdk-python-azure-mgmt-containerregistry/8.1.0 Python/3.8.2
        (Linux-5.10.16.3-microsoft-standard-WSL2-x86_64-with-glibc2.29)
    method: PUT
    uri: https://management.azure.com/subscriptions/00000000-0000-0000-0000-000000000000/resourceGroups/clitest.rg000001/providers/Microsoft.ContainerRegistry/registries/clireg000002/tokens/token-3?api-version=2020-11-01-preview
  response:
    body:
      string: '{"type":"Microsoft.ContainerRegistry/registries/tokens","id":"/subscriptions/00000000-0000-0000-0000-000000000000/resourceGroups/clitest.rg000001/providers/Microsoft.ContainerRegistry/registries/clireg000002/tokens/token-3","name":"token-3","systemData":{"createdBy":"savaradh@microsoft.com","createdByType":"User","createdAt":"2021-08-18T01:32:15.3143218+00:00","lastModifiedBy":"savaradh@microsoft.com","lastModifiedByType":"User","lastModifiedAt":"2021-08-18T01:32:15.3143218+00:00"},"properties":{"creationDate":"2021-08-18T01:32:15.4461354+00:00","provisioningState":"Creating","scopeMapId":"/subscriptions/00000000-0000-0000-0000-000000000000/resourceGroups/clitest.rg000001/providers/Microsoft.ContainerRegistry/registries/clireg000002/scopeMaps/token-3-scope-map","credentials":{"certificates":[],"passwords":[]},"status":"enabled"}}'
    headers:
      azure-asyncoperation:
      - https://management.azure.com/subscriptions/00000000-0000-0000-0000-000000000000/resourceGroups/clitest.rg000001/providers/Microsoft.ContainerRegistry/registries/clireg000002/tokens/token-3/operationStatuses/token-1cf9f8f8-ffc4-11eb-9dbc-00155d392c20?api-version=2020-11-01-preview
      cache-control:
      - no-cache
      content-length:
      - '975'
      content-type:
      - application/json; charset=utf-8
      date:
      - Wed, 18 Aug 2021 01:32:15 GMT
      expires:
      - '-1'
      pragma:
      - no-cache
      server:
      - Microsoft-HTTPAPI/2.0
      strict-transport-security:
      - max-age=31536000; includeSubDomains
      x-content-type-options:
      - nosniff
      x-ms-ratelimit-remaining-subscription-writes:
      - '1199'
    status:
      code: 201
      message: Created
- request:
    body: null
    headers:
      Accept:
      - '*/*'
      Accept-Encoding:
      - gzip, deflate
      CommandName:
      - acr token create
      Connection:
      - keep-alive
      ParameterSetName:
      - -r -n --repository --expiration-in-days
      User-Agent:
      - AZURECLI/2.27.0 azsdk-python-azure-mgmt-containerregistry/8.1.0 Python/3.8.2
        (Linux-5.10.16.3-microsoft-standard-WSL2-x86_64-with-glibc2.29)
    method: GET
    uri: https://management.azure.com/subscriptions/00000000-0000-0000-0000-000000000000/resourceGroups/clitest.rg000001/providers/Microsoft.ContainerRegistry/registries/clireg000002/tokens/token-3/operationStatuses/token-1cf9f8f8-ffc4-11eb-9dbc-00155d392c20?api-version=2020-11-01-preview
  response:
    body:
      string: '{"status":"Succeeded"}'
    headers:
      azure-asyncoperation:
      - https://management.azure.com/subscriptions/00000000-0000-0000-0000-000000000000/resourceGroups/clitest.rg000001/providers/Microsoft.ContainerRegistry/registries/clireg000002/tokens/token-3/operationStatuses/token-1cf9f8f8-ffc4-11eb-9dbc-00155d392c20?api-version=2020-11-01-preview
      cache-control:
      - no-cache
      content-length:
      - '22'
      content-type:
      - application/json; charset=utf-8
      date:
      - Wed, 18 Aug 2021 01:32:25 GMT
      expires:
      - '-1'
      pragma:
      - no-cache
      server:
      - Microsoft-HTTPAPI/2.0
      strict-transport-security:
      - max-age=31536000; includeSubDomains
      transfer-encoding:
      - chunked
      vary:
      - Accept-Encoding
      x-content-type-options:
      - nosniff
    status:
      code: 200
      message: OK
- request:
    body: null
    headers:
      Accept:
      - '*/*'
      Accept-Encoding:
      - gzip, deflate
      CommandName:
      - acr token create
      Connection:
      - keep-alive
      ParameterSetName:
      - -r -n --repository --expiration-in-days
      User-Agent:
      - AZURECLI/2.27.0 azsdk-python-azure-mgmt-containerregistry/8.1.0 Python/3.8.2
        (Linux-5.10.16.3-microsoft-standard-WSL2-x86_64-with-glibc2.29)
    method: GET
    uri: https://management.azure.com/subscriptions/00000000-0000-0000-0000-000000000000/resourceGroups/clitest.rg000001/providers/Microsoft.ContainerRegistry/registries/clireg000002/tokens/token-3?api-version=2020-11-01-preview
  response:
    body:
      string: '{"type":"Microsoft.ContainerRegistry/registries/tokens","id":"/subscriptions/00000000-0000-0000-0000-000000000000/resourceGroups/clitest.rg000001/providers/Microsoft.ContainerRegistry/registries/clireg000002/tokens/token-3","name":"token-3","systemData":{"createdBy":"savaradh@microsoft.com","createdByType":"User","createdAt":"2021-08-18T01:32:15.3143218+00:00","lastModifiedBy":"savaradh@microsoft.com","lastModifiedByType":"User","lastModifiedAt":"2021-08-18T01:32:15.3143218+00:00"},"properties":{"creationDate":"2021-08-18T01:32:15.4461354+00:00","provisioningState":"Succeeded","scopeMapId":"/subscriptions/00000000-0000-0000-0000-000000000000/resourceGroups/clitest.rg000001/providers/Microsoft.ContainerRegistry/registries/clireg000002/scopeMaps/token-3-scope-map","credentials":{"certificates":[],"passwords":[]},"status":"enabled"}}'
    headers:
      cache-control:
      - no-cache
      content-length:
      - '976'
      content-type:
      - application/json; charset=utf-8
      date:
      - Wed, 18 Aug 2021 01:32:25 GMT
      expires:
      - '-1'
      pragma:
      - no-cache
      server:
      - Microsoft-HTTPAPI/2.0
      strict-transport-security:
      - max-age=31536000; includeSubDomains
      transfer-encoding:
      - chunked
      vary:
      - Accept-Encoding
      x-content-type-options:
      - nosniff
    status:
      code: 200
      message: OK
- request:
    body: null
    headers:
      Accept:
      - application/json
      Accept-Encoding:
      - gzip, deflate
      CommandName:
      - acr token create
      Connection:
      - keep-alive
      ParameterSetName:
      - -r -n --repository --expiration-in-days
      User-Agent:
      - AZURECLI/2.27.0 azsdk-python-azure-mgmt-resource/18.0.0 Python/3.8.2 (Linux-5.10.16.3-microsoft-standard-WSL2-x86_64-with-glibc2.29)
    method: GET
    uri: https://management.azure.com/subscriptions/00000000-0000-0000-0000-000000000000/resources?$filter=resourceType%20eq%20%27Microsoft.ContainerRegistry%2Fregistries%27&api-version=2021-04-01
  response:
    body:
      string: '{"value":[{"id":"/subscriptions/00000000-0000-0000-0000-000000000000/resourceGroups/savaradh-registry/providers/Microsoft.ContainerRegistry/registries/savaradhCliTest","name":"savaradhCliTest","type":"Microsoft.ContainerRegistry/registries","sku":{"name":"Premium","tier":"Premium"},"location":"eastus","identity":{"type":"UserAssigned","userAssignedIdentities":{"/subscriptions/00000000-0000-0000-0000-000000000000/resourcegroups/savaradh-registry/providers/Microsoft.ManagedIdentity/userAssignedIdentities/testidentity2":{"principalId":"0c000dbd-e7ed-4d35-9f9a-175829ba04e6","clientId":"fa43b151-1030-43cb-8640-dd95314728f5"}}},"tags":{},"systemData":{"createdBy":"savaradh@microsoft.com","createdByType":"User","createdAt":"2020-09-25T20:47:21.2621384Z","lastModifiedBy":"savaradh@microsoft.com","lastModifiedByType":"User","lastModifiedAt":"2020-09-25T21:08:02.7027274Z"}},{"id":"/subscriptions/00000000-0000-0000-0000-000000000000/resourceGroups/clitest.rgjzwgbjviw7dbzgsr3kghwbypia2zhgirs2tscvnonkpbsflcj5fmsmn7opzeron57/providers/Microsoft.ContainerRegistry/registries/cliregujii5hs3akl336","name":"cliregujii5hs3akl336","type":"Microsoft.ContainerRegistry/registries","sku":{"name":"Premium","tier":"Premium"},"location":"eastus","tags":{},"systemData":{"createdBy":"savaradh@microsoft.com","createdByType":"User","createdAt":"2021-08-18T01:27:05.9354962Z","lastModifiedBy":"savaradh@microsoft.com","lastModifiedByType":"User","lastModifiedAt":"2021-08-18T01:27:05.9354962Z"}},{"id":"/subscriptions/00000000-0000-0000-0000-000000000000/resourceGroups/resourcegroupsamesub/providers/Microsoft.ContainerRegistry/registries/sourceregistrysamesubv2bp2xhohv2y2pt6xaf","name":"sourceregistrysamesubv2bp2xhohv2y2pt6xaf","type":"Microsoft.ContainerRegistry/registries","sku":{"name":"Standard","tier":"Standard"},"location":"westus","tags":{},"systemData":{"createdBy":"savaradh@microsoft.com","createdByType":"User","createdAt":"2021-08-18T01:28:10.9730452Z","lastModifiedBy":"savaradh@microsoft.com","lastModifiedByType":"User","lastModifiedAt":"2021-08-18T01:28:10.9730452Z"}},{"id":"/subscriptions/00000000-0000-0000-0000-000000000000/resourceGroups/clitest.rgj7k3grdq6556o4ijnknhlkxruu444lsvcwy3q6ih2hebfqukg276d6p7xstqsqwps/providers/Microsoft.ContainerRegistry/registries/testreg6jifvxym666lkusfjg","name":"testreg6jifvxym666lkusfjg","type":"Microsoft.ContainerRegistry/registries","sku":{"name":"Premium","tier":"Premium"},"location":"westus","identity":{"principalId":"4bd6823f-1bc3-4368-aca1-0621ab16d12c","tenantId":"72f988bf-86f1-41af-91ab-2d7cd011db47","type":"SystemAssigned,
        UserAssigned","userAssignedIdentities":{"/subscriptions/00000000-0000-0000-0000-000000000000/resourcegroups/clitest.rgj7k3grdq6556o4ijnknhlkxruu444lsvcwy3q6ih2hebfqukg276d6p7xstqsqwps/providers/Microsoft.ManagedIdentity/userAssignedIdentities/testidentitycnl2d2ct6v32nilgh5":{"principalId":"ff846faa-1987-4b84-a242-653e7163005f","clientId":"927be966-0c92-417a-8ee0-f4cc97741ce4"}}},"tags":{},"systemData":{"createdBy":"savaradh@microsoft.com","createdByType":"User","createdAt":"2021-08-18T01:29:14.8167511Z","lastModifiedBy":"savaradh@microsoft.com","lastModifiedByType":"User","lastModifiedAt":"2021-08-18T01:32:19.1100784Z"}},{"id":"/subscriptions/00000000-0000-0000-0000-000000000000/resourceGroups/clitest.rg5vsuzakwf2gpuxophw2hk2ng5kqn47mtdjfsmkrsypz6imycyx3zqr7pgnrn53h5j/providers/Microsoft.ContainerRegistry/registries/cliregiuqu62hnea3c6u","name":"cliregiuqu62hnea3c6u","type":"Microsoft.ContainerRegistry/registries","sku":{"name":"Standard","tier":"Standard"},"location":"westus","tags":{},"systemData":{"createdBy":"savaradh@microsoft.com","createdByType":"User","createdAt":"2021-08-18T01:29:56.2256299Z","lastModifiedBy":"savaradh@microsoft.com","lastModifiedByType":"User","lastModifiedAt":"2021-08-18T01:29:56.2256299Z"}},{"id":"/subscriptions/00000000-0000-0000-0000-000000000000/resourceGroups/clitest.rg000001/providers/Microsoft.ContainerRegistry/registries/clireg000002","name":"clireg000002","type":"Microsoft.ContainerRegistry/registries","sku":{"name":"Premium","tier":"Premium"},"location":"westus","tags":{},"systemData":{"createdBy":"savaradh@microsoft.com","createdByType":"User","createdAt":"2021-08-18T01:31:24.684598Z","lastModifiedBy":"savaradh@microsoft.com","lastModifiedByType":"User","lastModifiedAt":"2021-08-18T01:31:24.684598Z"}},{"id":"/subscriptions/00000000-0000-0000-0000-000000000000/resourceGroups/SavaradhOnpremGroup/providers/Microsoft.ContainerRegistry/registries/savaradhonprem","name":"savaradhonprem","type":"Microsoft.ContainerRegistry/registries","sku":{"name":"Premium","tier":"Premium"},"location":"eastus","tags":{},"systemData":{"createdBy":"savaradh@microsoft.com","createdByType":"User","createdAt":"2021-06-02T21:56:51.8819196Z","lastModifiedBy":"savaradh@microsoft.com","lastModifiedByType":"User","lastModifiedAt":"2021-06-02T21:59:09.0393984Z"}},{"id":"/subscriptions/00000000-0000-0000-0000-000000000000/resourceGroups/clitest.rgdkfsypl7xbnq3hwkkkz5x7qzkgattl4swbiii3b7snd3i355qbn6hvsa5myvtq6ji/providers/Microsoft.ContainerRegistry/registries/testregt7pputmsjszmt","name":"testregt7pputmsjszmt","type":"Microsoft.ContainerRegistry/registries","sku":{"name":"Premium","tier":"Premium"},"location":"eastus","tags":{},"systemData":{"createdBy":"savaradh@microsoft.com","createdByType":"User","createdAt":"2021-08-18T01:28:45.2494782Z","lastModifiedBy":"savaradh@microsoft.com","lastModifiedByType":"User","lastModifiedAt":"2021-08-18T01:28:45.2494782Z"}},{"id":"/subscriptions/00000000-0000-0000-0000-000000000000/resourceGroups/clitest.rgdkfsypl7xbnq3hwkkkz5x7qzkgattl4swbiii3b7snd3i355qbn6hvsa5myvtq6ji/providers/Microsoft.ContainerRegistry/registries/testreg2axv3i4iqevx5","name":"testreg2axv3i4iqevx5","type":"Microsoft.ContainerRegistry/registries","sku":{"name":"Premium","tier":"Premium"},"location":"eastus","tags":{},"systemData":{"createdBy":"savaradh@microsoft.com","createdByType":"User","createdAt":"2021-08-18T01:29:01.4031104Z","lastModifiedBy":"savaradh@microsoft.com","lastModifiedByType":"User","lastModifiedAt":"2021-08-18T01:29:01.4031104Z"}},{"id":"/subscriptions/00000000-0000-0000-0000-000000000000/resourceGroups/savaradh-registry/providers/Microsoft.ContainerRegistry/registries/savaradhRegistry","name":"savaradhRegistry","type":"Microsoft.ContainerRegistry/registries","sku":{"name":"Premium","tier":"Premium"},"location":"eastus","tags":{},"systemData":{"lastModifiedBy":"savaradh@microsoft.com","lastModifiedByType":"User","lastModifiedAt":"2021-02-18T02:47:58.9284588Z"}},{"id":"/subscriptions/00000000-0000-0000-0000-000000000000/resourceGroups/savaradh-eastus2euap/providers/Microsoft.ContainerRegistry/registries/savaradhcmkeastus2euap","name":"savaradhcmkeastus2euap","type":"Microsoft.ContainerRegistry/registries","sku":{"name":"Premium","tier":"Premium"},"location":"eastus2euap","identity":{"type":"UserAssigned","userAssignedIdentities":{"/subscriptions/00000000-0000-0000-0000-000000000000/resourcegroups/savaradh-eastus2euap/providers/Microsoft.ManagedIdentity/userAssignedIdentities/savaradhmanagedidentity":{"principalId":"8b368ced-f629-485a-b902-02700faecb65","clientId":"b36ebcbd-d9ec-4192-8a73-37580fc9d6eb"}}},"tags":{}}]}'
    headers:
      cache-control:
      - no-cache
      content-length:
      - '7297'
      content-type:
      - application/json; charset=utf-8
      date:
      - Wed, 18 Aug 2021 01:32:26 GMT
      expires:
      - '-1'
      pragma:
      - no-cache
      strict-transport-security:
      - max-age=31536000; includeSubDomains
      vary:
      - Accept-Encoding
      x-content-type-options:
      - nosniff
    status:
      code: 200
      message: OK
- request:
    body: '{"tokenId": "/subscriptions/00000000-0000-0000-0000-000000000000/resourceGroups/clitest.rg000001/providers/Microsoft.ContainerRegistry/registries/clireg000002/tokens/token-3",
      "expiry": "2021-08-19T01:32:26.809934Z"}'
    headers:
      Accept:
      - application/json
      Accept-Encoding:
      - gzip, deflate
      CommandName:
      - acr token create
      Connection:
      - keep-alive
      Content-Length:
      - '283'
      Content-Type:
      - application/json
      ParameterSetName:
      - -r -n --repository --expiration-in-days
      User-Agent:
      - AZURECLI/2.27.0 azsdk-python-azure-mgmt-containerregistry/8.1.0 Python/3.8.2
        (Linux-5.10.16.3-microsoft-standard-WSL2-x86_64-with-glibc2.29)
    method: POST
    uri: https://management.azure.com/subscriptions/00000000-0000-0000-0000-000000000000/resourceGroups/clitest.rg000001/providers/Microsoft.ContainerRegistry/registries/clireg000002/generateCredentials?api-version=2020-11-01-preview
  response:
    body:
      string: '{"username":"token-3","passwords":[{"creationTime":"2021-08-18T01:32:27.4688271+00:00","expiry":"2021-08-19T01:32:26.809934+00:00","name":"password1","value":"bYwNmnuJ04CFV322byKFADIjIx3YMQn/"},{"creationTime":"2021-08-18T01:32:27.4688271+00:00","expiry":"2021-08-19T01:32:26.809934+00:00","name":"password2","value":"O7LPea95t4GfLVJW0incGPdX/QVdC5Hf"}]}'
    headers:
      cache-control:
      - no-cache
      content-length:
      - '354'
      content-type:
      - application/json; charset=utf-8
      date:
      - Wed, 18 Aug 2021 01:32:27 GMT
      expires:
      - '-1'
      pragma:
      - no-cache
      server:
      - Microsoft-HTTPAPI/2.0
      strict-transport-security:
      - max-age=31536000; includeSubDomains
      transfer-encoding:
      - chunked
      vary:
      - Accept-Encoding
      x-content-type-options:
      - nosniff
      x-ms-ratelimit-remaining-subscription-writes:
      - '1199'
    status:
      code: 200
      message: OK
- request:
    body: null
    headers:
      Accept:
      - application/json
      Accept-Encoding:
      - gzip, deflate
      CommandName:
      - acr token create
      Connection:
      - keep-alive
      ParameterSetName:
      - -r -n --repository --expiration-in-days
      User-Agent:
      - AZURECLI/2.27.0 azsdk-python-azure-mgmt-containerregistry/8.1.0 Python/3.8.2
        (Linux-5.10.16.3-microsoft-standard-WSL2-x86_64-with-glibc2.29)
    method: GET
    uri: https://management.azure.com/subscriptions/00000000-0000-0000-0000-000000000000/resourceGroups/clitest.rg000001/providers/Microsoft.ContainerRegistry/registries/clireg000002?api-version=2021-06-01-preview
  response:
    body:
      string: '{"sku":{"name":"Premium","tier":"Premium"},"type":"Microsoft.ContainerRegistry/registries","id":"/subscriptions/00000000-0000-0000-0000-000000000000/resourceGroups/clitest.rg000001/providers/Microsoft.ContainerRegistry/registries/clireg000002","name":"clireg000002","location":"westus","tags":{},"systemData":{"createdBy":"savaradh@microsoft.com","createdByType":"User","createdAt":"2021-08-18T01:31:24.684598+00:00","lastModifiedBy":"savaradh@microsoft.com","lastModifiedByType":"User","lastModifiedAt":"2021-08-18T01:31:24.684598+00:00"},"properties":{"loginServer":"clireg000002.azurecr.io","creationDate":"2021-08-18T01:31:24.684598Z","provisioningState":"Succeeded","adminUserEnabled":false,"networkRuleSet":{"defaultAction":"Allow","virtualNetworkRules":[],"ipRules":[]},"policies":{"quarantinePolicy":{"status":"disabled"},"trustPolicy":{"type":"Notary","status":"disabled"},"retentionPolicy":{"days":7,"lastUpdatedTime":"2021-08-18T01:31:25.7509053+00:00","status":"disabled"},"exportPolicy":{"status":"enabled"}},"encryption":{"status":"disabled"},"dataEndpointEnabled":false,"dataEndpointHostNames":[],"privateEndpointConnections":[],"publicNetworkAccess":"Enabled","networkRuleBypassOptions":"AzureServices","zoneRedundancy":"Disabled","anonymousPullEnabled":false}}'
    headers:
      cache-control:
      - no-cache
      content-length:
      - '1360'
      content-type:
      - application/json; charset=utf-8
      date:
      - Wed, 18 Aug 2021 01:32:27 GMT
      expires:
      - '-1'
      pragma:
      - no-cache
      server:
      - Microsoft-HTTPAPI/2.0
      strict-transport-security:
      - max-age=31536000; includeSubDomains
      transfer-encoding:
      - chunked
      vary:
      - Accept-Encoding
      x-content-type-options:
      - nosniff
    status:
      code: 200
      message: OK
- request:
    body: null
    headers:
      Accept:
      - application/json
      Accept-Encoding:
      - gzip, deflate
      CommandName:
      - acr token create
      Connection:
      - keep-alive
      ParameterSetName:
      - -r -n --repository --expiration
      User-Agent:
      - AZURECLI/2.27.0 azsdk-python-azure-mgmt-resource/18.0.0 Python/3.8.2 (Linux-5.10.16.3-microsoft-standard-WSL2-x86_64-with-glibc2.29)
    method: GET
    uri: https://management.azure.com/subscriptions/00000000-0000-0000-0000-000000000000/resources?$filter=resourceType%20eq%20%27Microsoft.ContainerRegistry%2Fregistries%27&api-version=2021-04-01
  response:
    body:
      string: '{"value":[{"id":"/subscriptions/00000000-0000-0000-0000-000000000000/resourceGroups/savaradh-registry/providers/Microsoft.ContainerRegistry/registries/savaradhCliTest","name":"savaradhCliTest","type":"Microsoft.ContainerRegistry/registries","sku":{"name":"Premium","tier":"Premium"},"location":"eastus","identity":{"type":"UserAssigned","userAssignedIdentities":{"/subscriptions/00000000-0000-0000-0000-000000000000/resourcegroups/savaradh-registry/providers/Microsoft.ManagedIdentity/userAssignedIdentities/testidentity2":{"principalId":"0c000dbd-e7ed-4d35-9f9a-175829ba04e6","clientId":"fa43b151-1030-43cb-8640-dd95314728f5"}}},"tags":{},"systemData":{"createdBy":"savaradh@microsoft.com","createdByType":"User","createdAt":"2020-09-25T20:47:21.2621384Z","lastModifiedBy":"savaradh@microsoft.com","lastModifiedByType":"User","lastModifiedAt":"2020-09-25T21:08:02.7027274Z"}},{"id":"/subscriptions/00000000-0000-0000-0000-000000000000/resourceGroups/clitest.rgjzwgbjviw7dbzgsr3kghwbypia2zhgirs2tscvnonkpbsflcj5fmsmn7opzeron57/providers/Microsoft.ContainerRegistry/registries/cliregujii5hs3akl336","name":"cliregujii5hs3akl336","type":"Microsoft.ContainerRegistry/registries","sku":{"name":"Premium","tier":"Premium"},"location":"eastus","tags":{},"systemData":{"createdBy":"savaradh@microsoft.com","createdByType":"User","createdAt":"2021-08-18T01:27:05.9354962Z","lastModifiedBy":"savaradh@microsoft.com","lastModifiedByType":"User","lastModifiedAt":"2021-08-18T01:27:05.9354962Z"}},{"id":"/subscriptions/00000000-0000-0000-0000-000000000000/resourceGroups/resourcegroupsamesub/providers/Microsoft.ContainerRegistry/registries/sourceregistrysamesubv2bp2xhohv2y2pt6xaf","name":"sourceregistrysamesubv2bp2xhohv2y2pt6xaf","type":"Microsoft.ContainerRegistry/registries","sku":{"name":"Standard","tier":"Standard"},"location":"westus","tags":{},"systemData":{"createdBy":"savaradh@microsoft.com","createdByType":"User","createdAt":"2021-08-18T01:28:10.9730452Z","lastModifiedBy":"savaradh@microsoft.com","lastModifiedByType":"User","lastModifiedAt":"2021-08-18T01:28:10.9730452Z"}},{"id":"/subscriptions/00000000-0000-0000-0000-000000000000/resourceGroups/clitest.rgj7k3grdq6556o4ijnknhlkxruu444lsvcwy3q6ih2hebfqukg276d6p7xstqsqwps/providers/Microsoft.ContainerRegistry/registries/testreg6jifvxym666lkusfjg","name":"testreg6jifvxym666lkusfjg","type":"Microsoft.ContainerRegistry/registries","sku":{"name":"Premium","tier":"Premium"},"location":"westus","identity":{"principalId":"4bd6823f-1bc3-4368-aca1-0621ab16d12c","tenantId":"72f988bf-86f1-41af-91ab-2d7cd011db47","type":"SystemAssigned,
        UserAssigned","userAssignedIdentities":{"/subscriptions/00000000-0000-0000-0000-000000000000/resourcegroups/clitest.rgj7k3grdq6556o4ijnknhlkxruu444lsvcwy3q6ih2hebfqukg276d6p7xstqsqwps/providers/Microsoft.ManagedIdentity/userAssignedIdentities/testidentitycnl2d2ct6v32nilgh5":{"principalId":"ff846faa-1987-4b84-a242-653e7163005f","clientId":"927be966-0c92-417a-8ee0-f4cc97741ce4"}}},"tags":{},"systemData":{"createdBy":"savaradh@microsoft.com","createdByType":"User","createdAt":"2021-08-18T01:29:14.8167511Z","lastModifiedBy":"savaradh@microsoft.com","lastModifiedByType":"User","lastModifiedAt":"2021-08-18T01:32:19.1100784Z"}},{"id":"/subscriptions/00000000-0000-0000-0000-000000000000/resourceGroups/clitest.rg5vsuzakwf2gpuxophw2hk2ng5kqn47mtdjfsmkrsypz6imycyx3zqr7pgnrn53h5j/providers/Microsoft.ContainerRegistry/registries/cliregiuqu62hnea3c6u","name":"cliregiuqu62hnea3c6u","type":"Microsoft.ContainerRegistry/registries","sku":{"name":"Standard","tier":"Standard"},"location":"westus","tags":{},"systemData":{"createdBy":"savaradh@microsoft.com","createdByType":"User","createdAt":"2021-08-18T01:29:56.2256299Z","lastModifiedBy":"savaradh@microsoft.com","lastModifiedByType":"User","lastModifiedAt":"2021-08-18T01:29:56.2256299Z"}},{"id":"/subscriptions/00000000-0000-0000-0000-000000000000/resourceGroups/clitest.rg000001/providers/Microsoft.ContainerRegistry/registries/clireg000002","name":"clireg000002","type":"Microsoft.ContainerRegistry/registries","sku":{"name":"Premium","tier":"Premium"},"location":"westus","tags":{},"systemData":{"createdBy":"savaradh@microsoft.com","createdByType":"User","createdAt":"2021-08-18T01:31:24.684598Z","lastModifiedBy":"savaradh@microsoft.com","lastModifiedByType":"User","lastModifiedAt":"2021-08-18T01:31:24.684598Z"}},{"id":"/subscriptions/00000000-0000-0000-0000-000000000000/resourceGroups/SavaradhOnpremGroup/providers/Microsoft.ContainerRegistry/registries/savaradhonprem","name":"savaradhonprem","type":"Microsoft.ContainerRegistry/registries","sku":{"name":"Premium","tier":"Premium"},"location":"eastus","tags":{},"systemData":{"createdBy":"savaradh@microsoft.com","createdByType":"User","createdAt":"2021-06-02T21:56:51.8819196Z","lastModifiedBy":"savaradh@microsoft.com","lastModifiedByType":"User","lastModifiedAt":"2021-06-02T21:59:09.0393984Z"}},{"id":"/subscriptions/00000000-0000-0000-0000-000000000000/resourceGroups/clitest.rgdkfsypl7xbnq3hwkkkz5x7qzkgattl4swbiii3b7snd3i355qbn6hvsa5myvtq6ji/providers/Microsoft.ContainerRegistry/registries/testregt7pputmsjszmt","name":"testregt7pputmsjszmt","type":"Microsoft.ContainerRegistry/registries","sku":{"name":"Premium","tier":"Premium"},"location":"eastus","tags":{},"systemData":{"createdBy":"savaradh@microsoft.com","createdByType":"User","createdAt":"2021-08-18T01:28:45.2494782Z","lastModifiedBy":"savaradh@microsoft.com","lastModifiedByType":"User","lastModifiedAt":"2021-08-18T01:28:45.2494782Z"}},{"id":"/subscriptions/00000000-0000-0000-0000-000000000000/resourceGroups/clitest.rgdkfsypl7xbnq3hwkkkz5x7qzkgattl4swbiii3b7snd3i355qbn6hvsa5myvtq6ji/providers/Microsoft.ContainerRegistry/registries/testreg2axv3i4iqevx5","name":"testreg2axv3i4iqevx5","type":"Microsoft.ContainerRegistry/registries","sku":{"name":"Premium","tier":"Premium"},"location":"eastus","tags":{},"systemData":{"createdBy":"savaradh@microsoft.com","createdByType":"User","createdAt":"2021-08-18T01:29:01.4031104Z","lastModifiedBy":"savaradh@microsoft.com","lastModifiedByType":"User","lastModifiedAt":"2021-08-18T01:29:01.4031104Z"}},{"id":"/subscriptions/00000000-0000-0000-0000-000000000000/resourceGroups/savaradh-registry/providers/Microsoft.ContainerRegistry/registries/savaradhRegistry","name":"savaradhRegistry","type":"Microsoft.ContainerRegistry/registries","sku":{"name":"Premium","tier":"Premium"},"location":"eastus","tags":{},"systemData":{"lastModifiedBy":"savaradh@microsoft.com","lastModifiedByType":"User","lastModifiedAt":"2021-02-18T02:47:58.9284588Z"}},{"id":"/subscriptions/00000000-0000-0000-0000-000000000000/resourceGroups/savaradh-eastus2euap/providers/Microsoft.ContainerRegistry/registries/savaradhcmkeastus2euap","name":"savaradhcmkeastus2euap","type":"Microsoft.ContainerRegistry/registries","sku":{"name":"Premium","tier":"Premium"},"location":"eastus2euap","identity":{"type":"UserAssigned","userAssignedIdentities":{"/subscriptions/00000000-0000-0000-0000-000000000000/resourcegroups/savaradh-eastus2euap/providers/Microsoft.ManagedIdentity/userAssignedIdentities/savaradhmanagedidentity":{"principalId":"8b368ced-f629-485a-b902-02700faecb65","clientId":"b36ebcbd-d9ec-4192-8a73-37580fc9d6eb"}}},"tags":{}}]}'
    headers:
      cache-control:
      - no-cache
      content-length:
      - '7297'
      content-type:
      - application/json; charset=utf-8
      date:
      - Wed, 18 Aug 2021 01:32:29 GMT
      expires:
      - '-1'
      pragma:
      - no-cache
      strict-transport-security:
      - max-age=31536000; includeSubDomains
      vary:
      - Accept-Encoding
      x-content-type-options:
      - nosniff
    status:
      code: 200
      message: OK
- request:
    body: null
    headers:
      Accept:
      - application/json
      Accept-Encoding:
      - gzip, deflate
      CommandName:
      - acr token create
      Connection:
      - keep-alive
      ParameterSetName:
      - -r -n --repository --expiration
      User-Agent:
      - AZURECLI/2.27.0 azsdk-python-azure-mgmt-containerregistry/8.1.0 Python/3.8.2
        (Linux-5.10.16.3-microsoft-standard-WSL2-x86_64-with-glibc2.29)
    method: GET
    uri: https://management.azure.com/subscriptions/00000000-0000-0000-0000-000000000000/resourceGroups/clitest.rg000001/providers/Microsoft.ContainerRegistry/registries/clireg000002/scopeMaps/token-4-scope-map?api-version=2020-11-01-preview
  response:
    body:
      string: '{"error":{"code":"ResourceNotFound","message":"The resource token-4-scope-map
        could not be found."},"status":"Failed"}'
    headers:
      cache-control:
      - no-cache
      content-length:
      - '118'
      content-type:
      - application/json; charset=utf-8
      date:
      - Wed, 18 Aug 2021 01:32:28 GMT
      expires:
      - '-1'
      pragma:
      - no-cache
      server:
      - Microsoft-HTTPAPI/2.0
      strict-transport-security:
      - max-age=31536000; includeSubDomains
      x-content-type-options:
      - nosniff
    status:
      code: 404
      message: Not Found
- request:
    body: '{"properties": {"actions": ["repositories/foo/content/read"]}}'
    headers:
      Accept:
      - application/json
      Accept-Encoding:
      - gzip, deflate
      CommandName:
      - acr token create
      Connection:
      - keep-alive
      Content-Length:
      - '62'
      Content-Type:
      - application/json
      ParameterSetName:
      - -r -n --repository --expiration
      User-Agent:
      - AZURECLI/2.27.0 azsdk-python-azure-mgmt-containerregistry/8.1.0 Python/3.8.2
        (Linux-5.10.16.3-microsoft-standard-WSL2-x86_64-with-glibc2.29)
    method: PUT
    uri: https://management.azure.com/subscriptions/00000000-0000-0000-0000-000000000000/resourceGroups/clitest.rg000001/providers/Microsoft.ContainerRegistry/registries/clireg000002/scopeMaps/token-4-scope-map?api-version=2020-11-01-preview
  response:
    body:
      string: '{"type":"Microsoft.ContainerRegistry/registries/scopeMaps","id":"/subscriptions/00000000-0000-0000-0000-000000000000/resourceGroups/clitest.rg000001/providers/Microsoft.ContainerRegistry/registries/clireg000002/scopeMaps/token-4-scope-map","name":"token-4-scope-map","systemData":{"createdBy":"savaradh@microsoft.com","createdByType":"User","createdAt":"2021-08-18T01:32:29.6257543+00:00","lastModifiedBy":"savaradh@microsoft.com","lastModifiedByType":"User","lastModifiedAt":"2021-08-18T01:32:29.6257543+00:00"},"properties":{"type":"UserDefined","creationDate":"2021-08-18T01:32:29.7033134+00:00","provisioningState":"Succeeded","actions":["repositories/foo/content/read"]}}'
    headers:
      cache-control:
      - no-cache
      content-length:
      - '743'
      content-type:
      - application/json; charset=utf-8
      date:
      - Wed, 18 Aug 2021 01:32:29 GMT
      expires:
      - '-1'
      pragma:
      - no-cache
      server:
      - Microsoft-HTTPAPI/2.0
      strict-transport-security:
      - max-age=31536000; includeSubDomains
      transfer-encoding:
      - chunked
      vary:
      - Accept-Encoding
      x-content-type-options:
      - nosniff
      x-ms-ratelimit-remaining-subscription-writes:
      - '1199'
    status:
      code: 200
      message: OK
- request:
    body: '{"properties": {"scopeMapId": "/subscriptions/00000000-0000-0000-0000-000000000000/resourceGroups/clitest.rg000001/providers/Microsoft.ContainerRegistry/registries/clireg000002/scopeMaps/token-4-scope-map",
      "status": "enabled"}}'
    headers:
      Accept:
      - application/json
      Accept-Encoding:
      - gzip, deflate
      CommandName:
      - acr token create
      Connection:
      - keep-alive
      Content-Length:
      - '295'
      Content-Type:
      - application/json
      ParameterSetName:
      - -r -n --repository --expiration
      User-Agent:
      - AZURECLI/2.27.0 azsdk-python-azure-mgmt-containerregistry/8.1.0 Python/3.8.2
        (Linux-5.10.16.3-microsoft-standard-WSL2-x86_64-with-glibc2.29)
    method: PUT
    uri: https://management.azure.com/subscriptions/00000000-0000-0000-0000-000000000000/resourceGroups/clitest.rg000001/providers/Microsoft.ContainerRegistry/registries/clireg000002/tokens/token-4?api-version=2020-11-01-preview
  response:
    body:
      string: '{"type":"Microsoft.ContainerRegistry/registries/tokens","id":"/subscriptions/00000000-0000-0000-0000-000000000000/resourceGroups/clitest.rg000001/providers/Microsoft.ContainerRegistry/registries/clireg000002/tokens/token-4","name":"token-4","systemData":{"createdBy":"savaradh@microsoft.com","createdByType":"User","createdAt":"2021-08-18T01:32:30.0364159+00:00","lastModifiedBy":"savaradh@microsoft.com","lastModifiedByType":"User","lastModifiedAt":"2021-08-18T01:32:30.0364159+00:00"},"properties":{"creationDate":"2021-08-18T01:32:30.1369729+00:00","provisioningState":"Creating","scopeMapId":"/subscriptions/00000000-0000-0000-0000-000000000000/resourceGroups/clitest.rg000001/providers/Microsoft.ContainerRegistry/registries/clireg000002/scopeMaps/token-4-scope-map","credentials":{"certificates":[],"passwords":[]},"status":"enabled"}}'
    headers:
      azure-asyncoperation:
      - https://management.azure.com/subscriptions/00000000-0000-0000-0000-000000000000/resourceGroups/clitest.rg000001/providers/Microsoft.ContainerRegistry/registries/clireg000002/tokens/token-4/operationStatuses/token-25b7b174-ffc4-11eb-9dbc-00155d392c20?api-version=2020-11-01-preview
      cache-control:
      - no-cache
      content-length:
      - '975'
      content-type:
      - application/json; charset=utf-8
      date:
      - Wed, 18 Aug 2021 01:32:29 GMT
      expires:
      - '-1'
      pragma:
      - no-cache
      server:
      - Microsoft-HTTPAPI/2.0
      strict-transport-security:
      - max-age=31536000; includeSubDomains
      x-content-type-options:
      - nosniff
      x-ms-ratelimit-remaining-subscription-writes:
      - '1199'
    status:
      code: 201
      message: Created
- request:
    body: null
    headers:
      Accept:
      - '*/*'
      Accept-Encoding:
      - gzip, deflate
      CommandName:
      - acr token create
      Connection:
      - keep-alive
      ParameterSetName:
      - -r -n --repository --expiration
      User-Agent:
      - AZURECLI/2.27.0 azsdk-python-azure-mgmt-containerregistry/8.1.0 Python/3.8.2
        (Linux-5.10.16.3-microsoft-standard-WSL2-x86_64-with-glibc2.29)
    method: GET
    uri: https://management.azure.com/subscriptions/00000000-0000-0000-0000-000000000000/resourceGroups/clitest.rg000001/providers/Microsoft.ContainerRegistry/registries/clireg000002/tokens/token-4/operationStatuses/token-25b7b174-ffc4-11eb-9dbc-00155d392c20?api-version=2020-11-01-preview
  response:
    body:
      string: '{"status":"Succeeded"}'
    headers:
      azure-asyncoperation:
      - https://management.azure.com/subscriptions/00000000-0000-0000-0000-000000000000/resourceGroups/clitest.rg000001/providers/Microsoft.ContainerRegistry/registries/clireg000002/tokens/token-4/operationStatuses/token-25b7b174-ffc4-11eb-9dbc-00155d392c20?api-version=2020-11-01-preview
      cache-control:
      - no-cache
      content-length:
      - '22'
      content-type:
      - application/json; charset=utf-8
      date:
      - Wed, 18 Aug 2021 01:32:39 GMT
      expires:
      - '-1'
      pragma:
      - no-cache
      server:
      - Microsoft-HTTPAPI/2.0
      strict-transport-security:
      - max-age=31536000; includeSubDomains
      transfer-encoding:
      - chunked
      vary:
      - Accept-Encoding
      x-content-type-options:
      - nosniff
    status:
      code: 200
      message: OK
- request:
    body: null
    headers:
      Accept:
      - '*/*'
      Accept-Encoding:
      - gzip, deflate
      CommandName:
      - acr token create
      Connection:
      - keep-alive
      ParameterSetName:
      - -r -n --repository --expiration
      User-Agent:
      - AZURECLI/2.27.0 azsdk-python-azure-mgmt-containerregistry/8.1.0 Python/3.8.2
        (Linux-5.10.16.3-microsoft-standard-WSL2-x86_64-with-glibc2.29)
    method: GET
    uri: https://management.azure.com/subscriptions/00000000-0000-0000-0000-000000000000/resourceGroups/clitest.rg000001/providers/Microsoft.ContainerRegistry/registries/clireg000002/tokens/token-4?api-version=2020-11-01-preview
  response:
    body:
      string: '{"type":"Microsoft.ContainerRegistry/registries/tokens","id":"/subscriptions/00000000-0000-0000-0000-000000000000/resourceGroups/clitest.rg000001/providers/Microsoft.ContainerRegistry/registries/clireg000002/tokens/token-4","name":"token-4","systemData":{"createdBy":"savaradh@microsoft.com","createdByType":"User","createdAt":"2021-08-18T01:32:30.0364159+00:00","lastModifiedBy":"savaradh@microsoft.com","lastModifiedByType":"User","lastModifiedAt":"2021-08-18T01:32:30.0364159+00:00"},"properties":{"creationDate":"2021-08-18T01:32:30.1369729+00:00","provisioningState":"Succeeded","scopeMapId":"/subscriptions/00000000-0000-0000-0000-000000000000/resourceGroups/clitest.rg000001/providers/Microsoft.ContainerRegistry/registries/clireg000002/scopeMaps/token-4-scope-map","credentials":{"certificates":[],"passwords":[]},"status":"enabled"}}'
    headers:
      cache-control:
      - no-cache
      content-length:
      - '976'
      content-type:
      - application/json; charset=utf-8
      date:
      - Wed, 18 Aug 2021 01:32:40 GMT
      expires:
      - '-1'
      pragma:
      - no-cache
      server:
      - Microsoft-HTTPAPI/2.0
      strict-transport-security:
      - max-age=31536000; includeSubDomains
      transfer-encoding:
      - chunked
      vary:
      - Accept-Encoding
      x-content-type-options:
      - nosniff
    status:
      code: 200
      message: OK
- request:
    body: null
    headers:
      Accept:
      - application/json
      Accept-Encoding:
      - gzip, deflate
      CommandName:
      - acr token create
      Connection:
      - keep-alive
      ParameterSetName:
      - -r -n --repository --expiration
      User-Agent:
      - AZURECLI/2.27.0 azsdk-python-azure-mgmt-resource/18.0.0 Python/3.8.2 (Linux-5.10.16.3-microsoft-standard-WSL2-x86_64-with-glibc2.29)
    method: GET
    uri: https://management.azure.com/subscriptions/00000000-0000-0000-0000-000000000000/resources?$filter=resourceType%20eq%20%27Microsoft.ContainerRegistry%2Fregistries%27&api-version=2021-04-01
  response:
    body:
      string: '{"value":[{"id":"/subscriptions/00000000-0000-0000-0000-000000000000/resourceGroups/savaradh-registry/providers/Microsoft.ContainerRegistry/registries/savaradhCliTest","name":"savaradhCliTest","type":"Microsoft.ContainerRegistry/registries","sku":{"name":"Premium","tier":"Premium"},"location":"eastus","identity":{"type":"UserAssigned","userAssignedIdentities":{"/subscriptions/00000000-0000-0000-0000-000000000000/resourcegroups/savaradh-registry/providers/Microsoft.ManagedIdentity/userAssignedIdentities/testidentity2":{"principalId":"0c000dbd-e7ed-4d35-9f9a-175829ba04e6","clientId":"fa43b151-1030-43cb-8640-dd95314728f5"}}},"tags":{},"systemData":{"createdBy":"savaradh@microsoft.com","createdByType":"User","createdAt":"2020-09-25T20:47:21.2621384Z","lastModifiedBy":"savaradh@microsoft.com","lastModifiedByType":"User","lastModifiedAt":"2020-09-25T21:08:02.7027274Z"}},{"id":"/subscriptions/00000000-0000-0000-0000-000000000000/resourceGroups/clitest.rgjzwgbjviw7dbzgsr3kghwbypia2zhgirs2tscvnonkpbsflcj5fmsmn7opzeron57/providers/Microsoft.ContainerRegistry/registries/cliregujii5hs3akl336","name":"cliregujii5hs3akl336","type":"Microsoft.ContainerRegistry/registries","sku":{"name":"Premium","tier":"Premium"},"location":"eastus","tags":{},"systemData":{"createdBy":"savaradh@microsoft.com","createdByType":"User","createdAt":"2021-08-18T01:27:05.9354962Z","lastModifiedBy":"savaradh@microsoft.com","lastModifiedByType":"User","lastModifiedAt":"2021-08-18T01:27:05.9354962Z"}},{"id":"/subscriptions/00000000-0000-0000-0000-000000000000/resourceGroups/resourcegroupsamesub/providers/Microsoft.ContainerRegistry/registries/sourceregistrysamesubv2bp2xhohv2y2pt6xaf","name":"sourceregistrysamesubv2bp2xhohv2y2pt6xaf","type":"Microsoft.ContainerRegistry/registries","sku":{"name":"Standard","tier":"Standard"},"location":"westus","tags":{},"systemData":{"createdBy":"savaradh@microsoft.com","createdByType":"User","createdAt":"2021-08-18T01:28:10.9730452Z","lastModifiedBy":"savaradh@microsoft.com","lastModifiedByType":"User","lastModifiedAt":"2021-08-18T01:28:10.9730452Z"}},{"id":"/subscriptions/00000000-0000-0000-0000-000000000000/resourceGroups/clitest.rgj7k3grdq6556o4ijnknhlkxruu444lsvcwy3q6ih2hebfqukg276d6p7xstqsqwps/providers/Microsoft.ContainerRegistry/registries/testreg6jifvxym666lkusfjg","name":"testreg6jifvxym666lkusfjg","type":"Microsoft.ContainerRegistry/registries","sku":{"name":"Premium","tier":"Premium"},"location":"westus","identity":{"principalId":"4bd6823f-1bc3-4368-aca1-0621ab16d12c","tenantId":"72f988bf-86f1-41af-91ab-2d7cd011db47","type":"SystemAssigned,
        UserAssigned","userAssignedIdentities":{"/subscriptions/00000000-0000-0000-0000-000000000000/resourcegroups/clitest.rgj7k3grdq6556o4ijnknhlkxruu444lsvcwy3q6ih2hebfqukg276d6p7xstqsqwps/providers/Microsoft.ManagedIdentity/userAssignedIdentities/testidentitycnl2d2ct6v32nilgh5":{"principalId":"ff846faa-1987-4b84-a242-653e7163005f","clientId":"927be966-0c92-417a-8ee0-f4cc97741ce4"},"/subscriptions/00000000-0000-0000-0000-000000000000/resourcegroups/clitest.rgj7k3grdq6556o4ijnknhlkxruu444lsvcwy3q6ih2hebfqukg276d6p7xstqsqwps/providers/Microsoft.ManagedIdentity/userAssignedIdentities/testidentity26z3ngez6qcssgg56c":{"principalId":"a1b02809-59ec-41db-bf20-d96a56ba1465","clientId":"7737079e-2f24-4bef-9ceb-f5ba8ae4b048"}}},"tags":{},"systemData":{"createdBy":"savaradh@microsoft.com","createdByType":"User","createdAt":"2021-08-18T01:29:14.8167511Z","lastModifiedBy":"savaradh@microsoft.com","lastModifiedByType":"User","lastModifiedAt":"2021-08-18T01:32:19.1100784Z"}},{"id":"/subscriptions/00000000-0000-0000-0000-000000000000/resourceGroups/clitest.rg5vsuzakwf2gpuxophw2hk2ng5kqn47mtdjfsmkrsypz6imycyx3zqr7pgnrn53h5j/providers/Microsoft.ContainerRegistry/registries/cliregiuqu62hnea3c6u","name":"cliregiuqu62hnea3c6u","type":"Microsoft.ContainerRegistry/registries","sku":{"name":"Standard","tier":"Standard"},"location":"westus","tags":{},"systemData":{"createdBy":"savaradh@microsoft.com","createdByType":"User","createdAt":"2021-08-18T01:29:56.2256299Z","lastModifiedBy":"savaradh@microsoft.com","lastModifiedByType":"User","lastModifiedAt":"2021-08-18T01:29:56.2256299Z"}},{"id":"/subscriptions/00000000-0000-0000-0000-000000000000/resourceGroups/clitest.rg000001/providers/Microsoft.ContainerRegistry/registries/clireg000002","name":"clireg000002","type":"Microsoft.ContainerRegistry/registries","sku":{"name":"Premium","tier":"Premium"},"location":"westus","tags":{},"systemData":{"createdBy":"savaradh@microsoft.com","createdByType":"User","createdAt":"2021-08-18T01:31:24.684598Z","lastModifiedBy":"savaradh@microsoft.com","lastModifiedByType":"User","lastModifiedAt":"2021-08-18T01:31:24.684598Z"}},{"id":"/subscriptions/00000000-0000-0000-0000-000000000000/resourceGroups/SavaradhOnpremGroup/providers/Microsoft.ContainerRegistry/registries/savaradhonprem","name":"savaradhonprem","type":"Microsoft.ContainerRegistry/registries","sku":{"name":"Premium","tier":"Premium"},"location":"eastus","tags":{},"systemData":{"createdBy":"savaradh@microsoft.com","createdByType":"User","createdAt":"2021-06-02T21:56:51.8819196Z","lastModifiedBy":"savaradh@microsoft.com","lastModifiedByType":"User","lastModifiedAt":"2021-06-02T21:59:09.0393984Z"}},{"id":"/subscriptions/00000000-0000-0000-0000-000000000000/resourceGroups/clitest.rgdkfsypl7xbnq3hwkkkz5x7qzkgattl4swbiii3b7snd3i355qbn6hvsa5myvtq6ji/providers/Microsoft.ContainerRegistry/registries/testregt7pputmsjszmt","name":"testregt7pputmsjszmt","type":"Microsoft.ContainerRegistry/registries","sku":{"name":"Premium","tier":"Premium"},"location":"eastus","tags":{},"systemData":{"createdBy":"savaradh@microsoft.com","createdByType":"User","createdAt":"2021-08-18T01:28:45.2494782Z","lastModifiedBy":"savaradh@microsoft.com","lastModifiedByType":"User","lastModifiedAt":"2021-08-18T01:28:45.2494782Z"}},{"id":"/subscriptions/00000000-0000-0000-0000-000000000000/resourceGroups/clitest.rgdkfsypl7xbnq3hwkkkz5x7qzkgattl4swbiii3b7snd3i355qbn6hvsa5myvtq6ji/providers/Microsoft.ContainerRegistry/registries/testreg2axv3i4iqevx5","name":"testreg2axv3i4iqevx5","type":"Microsoft.ContainerRegistry/registries","sku":{"name":"Premium","tier":"Premium"},"location":"eastus","tags":{},"systemData":{"createdBy":"savaradh@microsoft.com","createdByType":"User","createdAt":"2021-08-18T01:29:01.4031104Z","lastModifiedBy":"savaradh@microsoft.com","lastModifiedByType":"User","lastModifiedAt":"2021-08-18T01:29:01.4031104Z"}},{"id":"/subscriptions/00000000-0000-0000-0000-000000000000/resourceGroups/savaradh-registry/providers/Microsoft.ContainerRegistry/registries/savaradhRegistry","name":"savaradhRegistry","type":"Microsoft.ContainerRegistry/registries","sku":{"name":"Premium","tier":"Premium"},"location":"eastus","tags":{},"systemData":{"lastModifiedBy":"savaradh@microsoft.com","lastModifiedByType":"User","lastModifiedAt":"2021-02-18T02:47:58.9284588Z"}},{"id":"/subscriptions/00000000-0000-0000-0000-000000000000/resourceGroups/savaradh-eastus2euap/providers/Microsoft.ContainerRegistry/registries/savaradhcmkeastus2euap","name":"savaradhcmkeastus2euap","type":"Microsoft.ContainerRegistry/registries","sku":{"name":"Premium","tier":"Premium"},"location":"eastus2euap","identity":{"type":"UserAssigned","userAssignedIdentities":{"/subscriptions/00000000-0000-0000-0000-000000000000/resourcegroups/savaradh-eastus2euap/providers/Microsoft.ManagedIdentity/userAssignedIdentities/savaradhmanagedidentity":{"principalId":"8b368ced-f629-485a-b902-02700faecb65","clientId":"b36ebcbd-d9ec-4192-8a73-37580fc9d6eb"}}},"tags":{}}]}'
    headers:
      cache-control:
      - no-cache
      content-length:
      - '7637'
      content-type:
      - application/json; charset=utf-8
      date:
      - Wed, 18 Aug 2021 01:32:40 GMT
      expires:
      - '-1'
      pragma:
      - no-cache
      strict-transport-security:
      - max-age=31536000; includeSubDomains
      vary:
      - Accept-Encoding
      x-content-type-options:
      - nosniff
    status:
      code: 200
      message: OK
- request:
    body: '{"tokenId": "/subscriptions/00000000-0000-0000-0000-000000000000/resourceGroups/clitest.rg000001/providers/Microsoft.ContainerRegistry/registries/clireg000002/tokens/token-4",
      "expiry": "2100-12-31T12:59:59.000Z"}'
    headers:
      Accept:
      - application/json
      Accept-Encoding:
      - gzip, deflate
      CommandName:
      - acr token create
      Connection:
      - keep-alive
      Content-Length:
      - '280'
      Content-Type:
      - application/json
      ParameterSetName:
      - -r -n --repository --expiration
      User-Agent:
      - AZURECLI/2.27.0 azsdk-python-azure-mgmt-containerregistry/8.1.0 Python/3.8.2
        (Linux-5.10.16.3-microsoft-standard-WSL2-x86_64-with-glibc2.29)
    method: POST
    uri: https://management.azure.com/subscriptions/00000000-0000-0000-0000-000000000000/resourceGroups/clitest.rg000001/providers/Microsoft.ContainerRegistry/registries/clireg000002/generateCredentials?api-version=2020-11-01-preview
  response:
    body:
      string: '{"username":"token-4","passwords":[{"creationTime":"2021-08-18T01:32:41.5132545+00:00","expiry":"2100-12-31T12:59:59+00:00","name":"password1","value":"1MY4AXIKruvUPtBW+eq7UgUSAKejWVzO"},{"creationTime":"2021-08-18T01:32:41.5132545+00:00","expiry":"2100-12-31T12:59:59+00:00","name":"password2","value":"vpUdwWFfU9Vv2voguaifIOyGk+L3c7DX"}]}'
    headers:
      cache-control:
      - no-cache
      content-length:
      - '340'
      content-type:
      - application/json; charset=utf-8
      date:
      - Wed, 18 Aug 2021 01:32:41 GMT
      expires:
      - '-1'
      pragma:
      - no-cache
      server:
      - Microsoft-HTTPAPI/2.0
      strict-transport-security:
      - max-age=31536000; includeSubDomains
      transfer-encoding:
      - chunked
      vary:
      - Accept-Encoding
      x-content-type-options:
      - nosniff
      x-ms-ratelimit-remaining-subscription-writes:
      - '1196'
    status:
      code: 200
      message: OK
- request:
    body: null
    headers:
      Accept:
      - application/json
      Accept-Encoding:
      - gzip, deflate
      CommandName:
      - acr token create
      Connection:
      - keep-alive
      ParameterSetName:
      - -r -n --repository --expiration
      User-Agent:
      - AZURECLI/2.27.0 azsdk-python-azure-mgmt-containerregistry/8.1.0 Python/3.8.2
        (Linux-5.10.16.3-microsoft-standard-WSL2-x86_64-with-glibc2.29)
    method: GET
    uri: https://management.azure.com/subscriptions/00000000-0000-0000-0000-000000000000/resourceGroups/clitest.rg000001/providers/Microsoft.ContainerRegistry/registries/clireg000002?api-version=2021-06-01-preview
  response:
    body:
      string: '{"sku":{"name":"Premium","tier":"Premium"},"type":"Microsoft.ContainerRegistry/registries","id":"/subscriptions/00000000-0000-0000-0000-000000000000/resourceGroups/clitest.rg000001/providers/Microsoft.ContainerRegistry/registries/clireg000002","name":"clireg000002","location":"westus","tags":{},"systemData":{"createdBy":"savaradh@microsoft.com","createdByType":"User","createdAt":"2021-08-18T01:31:24.684598+00:00","lastModifiedBy":"savaradh@microsoft.com","lastModifiedByType":"User","lastModifiedAt":"2021-08-18T01:31:24.684598+00:00"},"properties":{"loginServer":"clireg000002.azurecr.io","creationDate":"2021-08-18T01:31:24.684598Z","provisioningState":"Succeeded","adminUserEnabled":false,"networkRuleSet":{"defaultAction":"Allow","virtualNetworkRules":[],"ipRules":[]},"policies":{"quarantinePolicy":{"status":"disabled"},"trustPolicy":{"type":"Notary","status":"disabled"},"retentionPolicy":{"days":7,"lastUpdatedTime":"2021-08-18T01:31:25.7509053+00:00","status":"disabled"},"exportPolicy":{"status":"enabled"}},"encryption":{"status":"disabled"},"dataEndpointEnabled":false,"dataEndpointHostNames":[],"privateEndpointConnections":[],"publicNetworkAccess":"Enabled","networkRuleBypassOptions":"AzureServices","zoneRedundancy":"Disabled","anonymousPullEnabled":false}}'
    headers:
      cache-control:
      - no-cache
      content-length:
      - '1360'
      content-type:
      - application/json; charset=utf-8
      date:
      - Wed, 18 Aug 2021 01:32:42 GMT
      expires:
      - '-1'
      pragma:
      - no-cache
      server:
      - Microsoft-HTTPAPI/2.0
      strict-transport-security:
      - max-age=31536000; includeSubDomains
      transfer-encoding:
      - chunked
      vary:
      - Accept-Encoding
      x-content-type-options:
      - nosniff
    status:
      code: 200
      message: OK
version: 1
