interactions:
- request:
    body: '{"location": "westus", "sku": {"name": "Premium"}, "properties": {"adminUserEnabled":
      false, "publicNetworkAccess": "Enabled"}}'
    headers:
      Accept:
      - application/json
      Accept-Encoding:
      - gzip, deflate
      CommandName:
      - acr create
      Connection:
      - keep-alive
      Content-Length:
      - '127'
      Content-Type:
      - application/json; charset=utf-8
      ParameterSetName:
      - -n -g -l --sku
      User-Agent:
      - python/3.8.6 (Windows-10-10.0.19041-SP0) msrest/0.6.18 msrest_azure/0.6.3
        azure-mgmt-containerregistry/3.0.0rc15 Azure-SDK-For-Python AZURECLI/2.16.0
      accept-language:
      - en-US
    method: PUT
    uri: https://management.azure.com/subscriptions/00000000-0000-0000-0000-000000000000/resourceGroups/clitest.rg000001/providers/Microsoft.ContainerRegistry/registries/clireg000002?api-version=2019-12-01-preview
  response:
    body:
      string: '{"sku":{"name":"Premium","tier":"Premium"},"type":"Microsoft.ContainerRegistry/registries","id":"/subscriptions/00000000-0000-0000-0000-000000000000/resourceGroups/clitest.rg000001/providers/Microsoft.ContainerRegistry/registries/clireg000002","name":"clireg000002","location":"westus","tags":{},"systemData":{"createdBy":"daetienn@microsoft.com","createdByType":"User","createdAt":"2020-12-18T05:50:55.6805082+00:00","lastModifiedBy":"daetienn@microsoft.com","lastModifiedByType":"User","lastModifiedAt":"2020-12-18T05:50:55.6805082+00:00"},"properties":{"loginServer":"clireg000002.azurecr.io","creationDate":"2020-12-18T05:50:55.6805082Z","provisioningState":"Succeeded","adminUserEnabled":false,"networkRuleSet":{"defaultAction":"Allow","virtualNetworkRules":[],"ipRules":[]},"policies":{"quarantinePolicy":{"status":"disabled"},"trustPolicy":{"type":"Notary","status":"disabled"},"retentionPolicy":{"days":7,"lastUpdatedTime":"2020-12-18T05:50:56.6931568+00:00","status":"disabled"}},"encryption":{"status":"disabled"},"dataEndpointEnabled":false,"dataEndpointHostNames":[],"privateEndpointConnections":[],"publicNetworkAccess":"Enabled","networkRuleBypassOptions":"AzureServices"}}'
    headers:
      cache-control:
      - no-cache
      content-length:
      - '1270'
      content-type:
      - application/json; charset=utf-8
      date:
      - Fri, 18 Dec 2020 05:50:56 GMT
      expires:
      - '-1'
      pragma:
      - no-cache
      server:
      - Microsoft-HTTPAPI/2.0
      strict-transport-security:
      - max-age=31536000; includeSubDomains
      transfer-encoding:
      - chunked
      vary:
      - Accept-Encoding
      x-content-type-options:
      - nosniff
      x-ms-ratelimit-remaining-subscription-writes:
      - '1198'
    status:
      code: 200
      message: OK
- request:
    body: '{"name": "clireg000002", "type": "Microsoft.ContainerRegistry/registries"}'
    headers:
      Accept:
      - application/json
      Accept-Encoding:
      - gzip, deflate
      CommandName:
      - acr check-name
      Connection:
      - keep-alive
      Content-Length:
      - '82'
      Content-Type:
      - application/json; charset=utf-8
      ParameterSetName:
      - -n
      User-Agent:
      - python/3.8.6 (Windows-10-10.0.19041-SP0) msrest/0.6.18 msrest_azure/0.6.3
        azure-mgmt-containerregistry/3.0.0rc15 Azure-SDK-For-Python AZURECLI/2.16.0
      accept-language:
      - en-US
    method: POST
    uri: https://management.azure.com/subscriptions/00000000-0000-0000-0000-000000000000/providers/Microsoft.ContainerRegistry/checkNameAvailability?api-version=2019-12-01-preview
  response:
    body:
      string: '{"nameAvailable":false,"reason":"AlreadyExists","message":"The registry
        clireg000002 is already in use."}'
    headers:
      cache-control:
      - no-cache
      content-length:
      - '113'
      content-type:
      - application/json; charset=utf-8
      date:
      - Fri, 18 Dec 2020 05:50:57 GMT
      expires:
      - '-1'
      pragma:
      - no-cache
      server:
      - Microsoft-HTTPAPI/2.0
      strict-transport-security:
      - max-age=31536000; includeSubDomains
      transfer-encoding:
      - chunked
      vary:
      - Accept-Encoding
      x-content-type-options:
      - nosniff
    status:
      code: 200
      message: OK
- request:
    body: null
    headers:
      Accept:
      - application/json
      Accept-Encoding:
      - gzip, deflate
      CommandName:
      - acr list
      Connection:
      - keep-alive
      ParameterSetName:
      - -g
      User-Agent:
      - python/3.8.6 (Windows-10-10.0.19041-SP0) msrest/0.6.18 msrest_azure/0.6.3
        azure-mgmt-containerregistry/3.0.0rc15 Azure-SDK-For-Python AZURECLI/2.16.0
      accept-language:
      - en-US
    method: GET
    uri: https://management.azure.com/subscriptions/00000000-0000-0000-0000-000000000000/resourceGroups/clitest.rg000001/providers/Microsoft.ContainerRegistry/registries?api-version=2019-12-01-preview
  response:
    body:
      string: '{"value":[{"sku":{"name":"Premium","tier":"Premium"},"type":"Microsoft.ContainerRegistry/registries","id":"/subscriptions/00000000-0000-0000-0000-000000000000/resourceGroups/clitest.rg000001/providers/Microsoft.ContainerRegistry/registries/clireg000002","name":"clireg000002","location":"westus","tags":{},"systemData":{"createdBy":"daetienn@microsoft.com","createdByType":"User","createdAt":"2020-12-18T05:50:55.6805082+00:00","lastModifiedBy":"daetienn@microsoft.com","lastModifiedByType":"User","lastModifiedAt":"2020-12-18T05:50:55.6805082+00:00"},"properties":{"loginServer":"clireg000002.azurecr.io","creationDate":"2020-12-18T05:50:55.6805082Z","provisioningState":"Succeeded","adminUserEnabled":false,"networkRuleSet":{"defaultAction":"Allow","virtualNetworkRules":[],"ipRules":[]},"policies":{"quarantinePolicy":{"status":"disabled"},"trustPolicy":{"type":"Notary","status":"disabled"},"retentionPolicy":{"days":7,"lastUpdatedTime":"2020-12-18T05:50:56.6931568+00:00","status":"disabled"}},"encryption":{"status":"disabled"},"dataEndpointEnabled":false,"dataEndpointHostNames":[],"privateEndpointConnections":[],"publicNetworkAccess":"Enabled","networkRuleBypassOptions":"AzureServices"}}]}'
    headers:
      cache-control:
      - no-cache
      content-length:
      - '1282'
      content-type:
      - application/json; charset=utf-8
      date:
      - Fri, 18 Dec 2020 05:50:58 GMT
      expires:
      - '-1'
      pragma:
      - no-cache
      server:
      - Microsoft-HTTPAPI/2.0
      strict-transport-security:
      - max-age=31536000; includeSubDomains
      transfer-encoding:
      - chunked
      vary:
      - Accept-Encoding
      x-content-type-options:
      - nosniff
    status:
      code: 200
      message: OK
- request:
    body: null
    headers:
      Accept:
      - application/json
      Accept-Encoding:
      - gzip, deflate
      CommandName:
      - acr show
      Connection:
      - keep-alive
      ParameterSetName:
      - -n -g
      User-Agent:
      - python/3.8.6 (Windows-10-10.0.19041-SP0) msrest/0.6.18 msrest_azure/0.6.3
        azure-mgmt-containerregistry/3.0.0rc15 Azure-SDK-For-Python AZURECLI/2.16.0
      accept-language:
      - en-US
    method: GET
    uri: https://management.azure.com/subscriptions/00000000-0000-0000-0000-000000000000/resourceGroups/clitest.rg000001/providers/Microsoft.ContainerRegistry/registries/clireg000002?api-version=2019-12-01-preview
  response:
    body:
      string: '{"sku":{"name":"Premium","tier":"Premium"},"type":"Microsoft.ContainerRegistry/registries","id":"/subscriptions/00000000-0000-0000-0000-000000000000/resourceGroups/clitest.rg000001/providers/Microsoft.ContainerRegistry/registries/clireg000002","name":"clireg000002","location":"westus","tags":{},"systemData":{"createdBy":"daetienn@microsoft.com","createdByType":"User","createdAt":"2020-12-18T05:50:55.6805082+00:00","lastModifiedBy":"daetienn@microsoft.com","lastModifiedByType":"User","lastModifiedAt":"2020-12-18T05:50:55.6805082+00:00"},"properties":{"loginServer":"clireg000002.azurecr.io","creationDate":"2020-12-18T05:50:55.6805082Z","provisioningState":"Succeeded","adminUserEnabled":false,"networkRuleSet":{"defaultAction":"Allow","virtualNetworkRules":[],"ipRules":[]},"policies":{"quarantinePolicy":{"status":"disabled"},"trustPolicy":{"type":"Notary","status":"disabled"},"retentionPolicy":{"days":7,"lastUpdatedTime":"2020-12-18T05:50:56.6931568+00:00","status":"disabled"}},"encryption":{"status":"disabled"},"dataEndpointEnabled":false,"dataEndpointHostNames":[],"privateEndpointConnections":[],"publicNetworkAccess":"Enabled","networkRuleBypassOptions":"AzureServices"}}'
    headers:
      cache-control:
      - no-cache
      content-length:
      - '1270'
      content-type:
      - application/json; charset=utf-8
      date:
      - Fri, 18 Dec 2020 05:50:59 GMT
      expires:
      - '-1'
      pragma:
      - no-cache
      server:
      - Microsoft-HTTPAPI/2.0
      strict-transport-security:
      - max-age=31536000; includeSubDomains
      transfer-encoding:
      - chunked
      vary:
      - Accept-Encoding
      x-content-type-options:
      - nosniff
    status:
      code: 200
      message: OK
- request:
    body: null
    headers:
      Accept:
      - application/json
      Accept-Encoding:
      - gzip, deflate
      CommandName:
      - acr show-usage
      Connection:
      - keep-alive
      ParameterSetName:
      - -n -g
      User-Agent:
      - python/3.8.6 (Windows-10-10.0.19041-SP0) msrest/0.6.18 msrest_azure/0.6.3
        azure-mgmt-containerregistry/3.0.0rc15 Azure-SDK-For-Python AZURECLI/2.16.0
      accept-language:
      - en-US
    method: GET
    uri: https://management.azure.com/subscriptions/00000000-0000-0000-0000-000000000000/resourceGroups/clitest.rg000001/providers/Microsoft.ContainerRegistry/registries/clireg000002?api-version=2019-12-01-preview
  response:
    body:
      string: '{"sku":{"name":"Premium","tier":"Premium"},"type":"Microsoft.ContainerRegistry/registries","id":"/subscriptions/00000000-0000-0000-0000-000000000000/resourceGroups/clitest.rg000001/providers/Microsoft.ContainerRegistry/registries/clireg000002","name":"clireg000002","location":"westus","tags":{},"systemData":{"createdBy":"daetienn@microsoft.com","createdByType":"User","createdAt":"2020-12-18T05:50:55.6805082+00:00","lastModifiedBy":"daetienn@microsoft.com","lastModifiedByType":"User","lastModifiedAt":"2020-12-18T05:50:55.6805082+00:00"},"properties":{"loginServer":"clireg000002.azurecr.io","creationDate":"2020-12-18T05:50:55.6805082Z","provisioningState":"Succeeded","adminUserEnabled":false,"networkRuleSet":{"defaultAction":"Allow","virtualNetworkRules":[],"ipRules":[]},"policies":{"quarantinePolicy":{"status":"disabled"},"trustPolicy":{"type":"Notary","status":"disabled"},"retentionPolicy":{"days":7,"lastUpdatedTime":"2020-12-18T05:50:56.6931568+00:00","status":"disabled"}},"encryption":{"status":"disabled"},"dataEndpointEnabled":false,"dataEndpointHostNames":[],"privateEndpointConnections":[],"publicNetworkAccess":"Enabled","networkRuleBypassOptions":"AzureServices"}}'
    headers:
      cache-control:
      - no-cache
      content-length:
      - '1270'
      content-type:
      - application/json; charset=utf-8
      date:
      - Fri, 18 Dec 2020 05:50:59 GMT
      expires:
      - '-1'
      pragma:
      - no-cache
      server:
      - Microsoft-HTTPAPI/2.0
      strict-transport-security:
      - max-age=31536000; includeSubDomains
      transfer-encoding:
      - chunked
      vary:
      - Accept-Encoding
      x-content-type-options:
      - nosniff
    status:
      code: 200
      message: OK
- request:
    body: null
    headers:
      Accept:
      - application/json
      Accept-Encoding:
      - gzip, deflate
      CommandName:
      - acr show-usage
      Connection:
      - keep-alive
      ParameterSetName:
      - -n -g
      User-Agent:
      - python/3.8.6 (Windows-10-10.0.19041-SP0) msrest/0.6.18 msrest_azure/0.6.3
        azure-mgmt-containerregistry/3.0.0rc15 Azure-SDK-For-Python AZURECLI/2.16.0
      accept-language:
      - en-US
    method: GET
    uri: https://management.azure.com/subscriptions/00000000-0000-0000-0000-000000000000/resourceGroups/clitest.rg000001/providers/Microsoft.ContainerRegistry/registries/clireg000002/listUsages?api-version=2019-12-01-preview
  response:
    body:
      string: '{"value":[{"name":"Size","limit":536870912000,"currentValue":0,"unit":"Bytes"},{"name":"Webhooks","limit":500,"currentValue":0,"unit":"Count"}]}'
    headers:
      cache-control:
      - no-cache
      content-length:
      - '144'
      content-type:
      - application/json; charset=utf-8
      date:
      - Fri, 18 Dec 2020 05:51:00 GMT
      expires:
      - '-1'
      pragma:
      - no-cache
      server:
      - Microsoft-HTTPAPI/2.0
      strict-transport-security:
      - max-age=31536000; includeSubDomains
      transfer-encoding:
      - chunked
      vary:
      - Accept-Encoding
      x-content-type-options:
      - nosniff
    status:
      code: 200
      message: OK
- request:
    body: null
    headers:
      Accept:
      - application/json
      Accept-Encoding:
      - gzip, deflate
      CommandName:
      - acr update
      Connection:
      - keep-alive
      ParameterSetName:
      - -n -g --tags --admin-enabled
      User-Agent:
      - python/3.8.6 (Windows-10-10.0.19041-SP0) msrest/0.6.18 msrest_azure/0.6.3
        azure-mgmt-containerregistry/3.0.0rc15 Azure-SDK-For-Python AZURECLI/2.16.0
      accept-language:
      - en-US
    method: GET
    uri: https://management.azure.com/subscriptions/00000000-0000-0000-0000-000000000000/resourceGroups/clitest.rg000001/providers/Microsoft.ContainerRegistry/registries/clireg000002?api-version=2019-12-01-preview
  response:
    body:
      string: '{"sku":{"name":"Premium","tier":"Premium"},"type":"Microsoft.ContainerRegistry/registries","id":"/subscriptions/00000000-0000-0000-0000-000000000000/resourceGroups/clitest.rg000001/providers/Microsoft.ContainerRegistry/registries/clireg000002","name":"clireg000002","location":"westus","tags":{},"systemData":{"createdBy":"daetienn@microsoft.com","createdByType":"User","createdAt":"2020-12-18T05:50:55.6805082+00:00","lastModifiedBy":"daetienn@microsoft.com","lastModifiedByType":"User","lastModifiedAt":"2020-12-18T05:50:55.6805082+00:00"},"properties":{"loginServer":"clireg000002.azurecr.io","creationDate":"2020-12-18T05:50:55.6805082Z","provisioningState":"Succeeded","adminUserEnabled":false,"networkRuleSet":{"defaultAction":"Allow","virtualNetworkRules":[],"ipRules":[]},"policies":{"quarantinePolicy":{"status":"disabled"},"trustPolicy":{"type":"Notary","status":"disabled"},"retentionPolicy":{"days":7,"lastUpdatedTime":"2020-12-18T05:50:56.6931568+00:00","status":"disabled"}},"encryption":{"status":"disabled"},"dataEndpointEnabled":false,"dataEndpointHostNames":[],"privateEndpointConnections":[],"publicNetworkAccess":"Enabled","networkRuleBypassOptions":"AzureServices"}}'
    headers:
      cache-control:
      - no-cache
      content-length:
      - '1270'
      content-type:
      - application/json; charset=utf-8
      date:
      - Fri, 18 Dec 2020 05:51:01 GMT
      expires:
      - '-1'
      pragma:
      - no-cache
      server:
      - Microsoft-HTTPAPI/2.0
      strict-transport-security:
      - max-age=31536000; includeSubDomains
      transfer-encoding:
      - chunked
      vary:
      - Accept-Encoding
      x-content-type-options:
      - nosniff
    status:
      code: 200
      message: OK
- request:
    body: '{"tags": {"foo": "bar", "cat": ""}, "properties": {"adminUserEnabled":
      true}}'
    headers:
      Accept:
      - application/json
      Accept-Encoding:
      - gzip, deflate
      CommandName:
      - acr update
      Connection:
      - keep-alive
      Content-Length:
      - '77'
      Content-Type:
      - application/json; charset=utf-8
      ParameterSetName:
      - -n -g --tags --admin-enabled
      User-Agent:
      - python/3.8.6 (Windows-10-10.0.19041-SP0) msrest/0.6.18 msrest_azure/0.6.3
        azure-mgmt-containerregistry/3.0.0rc15 Azure-SDK-For-Python AZURECLI/2.16.0
      accept-language:
      - en-US
    method: PATCH
    uri: https://management.azure.com/subscriptions/00000000-0000-0000-0000-000000000000/resourceGroups/clitest.rg000001/providers/Microsoft.ContainerRegistry/registries/clireg000002?api-version=2019-12-01-preview
  response:
    body:
      string: '{"sku":{"name":"Premium","tier":"Premium"},"type":"Microsoft.ContainerRegistry/registries","id":"/subscriptions/00000000-0000-0000-0000-000000000000/resourceGroups/clitest.rg000001/providers/Microsoft.ContainerRegistry/registries/clireg000002","name":"clireg000002","location":"westus","tags":{"foo":"bar","cat":""},"systemData":{"createdBy":"daetienn@microsoft.com","createdByType":"User","createdAt":"2020-12-18T05:50:55.6805082+00:00","lastModifiedBy":"daetienn@microsoft.com","lastModifiedByType":"User","lastModifiedAt":"2020-12-18T05:51:02.458381+00:00"},"properties":{"loginServer":"clireg000002.azurecr.io","creationDate":"2020-12-18T05:50:55.6805082Z","provisioningState":"Succeeded","adminUserEnabled":true,"networkRuleSet":{"defaultAction":"Allow","virtualNetworkRules":[],"ipRules":[]},"policies":{"quarantinePolicy":{"status":"disabled"},"trustPolicy":{"type":"Notary","status":"disabled"},"retentionPolicy":{"days":7,"lastUpdatedTime":"2020-12-18T05:50:56.6931568+00:00","status":"disabled"}},"encryption":{"status":"disabled"},"dataEndpointEnabled":false,"dataEndpointHostNames":[],"privateEndpointConnections":[],"publicNetworkAccess":"Enabled","networkRuleBypassOptions":"AzureServices"}}'
    headers:
      cache-control:
      - no-cache
      content-length:
      - '1288'
      content-type:
      - application/json; charset=utf-8
      date:
      - Fri, 18 Dec 2020 05:51:03 GMT
      expires:
      - '-1'
      pragma:
      - no-cache
      server:
      - Microsoft-HTTPAPI/2.0
      strict-transport-security:
      - max-age=31536000; includeSubDomains
      transfer-encoding:
      - chunked
      vary:
      - Accept-Encoding
      x-content-type-options:
      - nosniff
      x-ms-ratelimit-remaining-subscription-writes:
      - '1198'
    status:
      code: 200
      message: OK
- request:
    body: null
    headers:
      Accept:
      - application/json
      Accept-Encoding:
      - gzip, deflate
      CommandName:
      - acr config retention update
      Connection:
      - keep-alive
      ParameterSetName:
      - -r --status --days --type
      User-Agent:
      - python/3.8.6 (Windows-10-10.0.19041-SP0) msrest/0.6.18 msrest_azure/0.6.3
        azure-mgmt-resource/12.0.0 Azure-SDK-For-Python AZURECLI/2.16.0
      accept-language:
      - en-US
    method: GET
    uri: https://management.azure.com/subscriptions/00000000-0000-0000-0000-000000000000/resources?$filter=resourceType%20eq%20%27Microsoft.ContainerRegistry%2Fregistries%27&api-version=2020-10-01
  response:
    body:
      string: '{"value":[{"id":"/subscriptions/00000000-0000-0000-0000-000000000000/resourceGroups/clitest.rg2nfgumhgtrnce4yao43picylfrg5xmv7jtljsqciniijamytccvsuxgpynfmadqd6/providers/Microsoft.ContainerRegistry/registries/testregxzchkepeuzlcd34i7y","name":"testregxzchkepeuzlcd34i7y","type":"Microsoft.ContainerRegistry/registries","sku":{"name":"Premium","tier":"Premium"},"location":"westus","tags":{},"systemData":{"createdBy":"daetienn@microsoft.com","createdByType":"User","createdAt":"2020-12-18T05:50:59.8365816Z","lastModifiedBy":"daetienn@microsoft.com","lastModifiedByType":"User","lastModifiedAt":"2020-12-18T05:50:59.8365816Z"}},{"id":"/subscriptions/00000000-0000-0000-0000-000000000000/resourceGroups/clitest.rg000001/providers/Microsoft.ContainerRegistry/registries/clireg000002","name":"clireg000002","type":"Microsoft.ContainerRegistry/registries","sku":{"name":"Premium","tier":"Premium"},"location":"westus","tags":{"foo":"bar","cat":""},"systemData":{"createdBy":"daetienn@microsoft.com","createdByType":"User","createdAt":"2020-12-18T05:50:55.6805082Z","lastModifiedBy":"daetienn@microsoft.com","lastModifiedByType":"User","lastModifiedAt":"2020-12-18T05:51:02.458381Z"}},{"id":"/subscriptions/00000000-0000-0000-0000-000000000000/resourceGroups/TemplateSpecsCLI/providers/Microsoft.ContainerRegistry/registries/whatIfContainer","name":"whatIfContainer","type":"Microsoft.ContainerRegistry/registries","sku":{"name":"Standard","tier":"Standard"},"location":"eastus","tags":{}}]}'
    headers:
      cache-control:
      - no-cache
      content-length:
      - '1561'
      content-type:
      - application/json; charset=utf-8
      date:
      - Fri, 18 Dec 2020 05:51:03 GMT
      expires:
      - '-1'
      pragma:
      - no-cache
      strict-transport-security:
      - max-age=31536000; includeSubDomains
      vary:
      - Accept-Encoding
      x-content-type-options:
      - nosniff
    status:
      code: 200
      message: OK
- request:
    body: null
    headers:
      Accept:
      - application/json
      Accept-Encoding:
      - gzip, deflate
      CommandName:
      - acr config retention update
      Connection:
      - keep-alive
      ParameterSetName:
      - -r --status --days --type
      User-Agent:
      - python/3.8.6 (Windows-10-10.0.19041-SP0) msrest/0.6.18 msrest_azure/0.6.3
        azure-mgmt-containerregistry/3.0.0rc15 Azure-SDK-For-Python AZURECLI/2.16.0
      accept-language:
      - en-US
    method: GET
    uri: https://management.azure.com/subscriptions/00000000-0000-0000-0000-000000000000/resourceGroups/clitest.rg000001/providers/Microsoft.ContainerRegistry/registries/clireg000002?api-version=2019-12-01-preview
  response:
    body:
      string: '{"sku":{"name":"Premium","tier":"Premium"},"type":"Microsoft.ContainerRegistry/registries","id":"/subscriptions/00000000-0000-0000-0000-000000000000/resourceGroups/clitest.rg000001/providers/Microsoft.ContainerRegistry/registries/clireg000002","name":"clireg000002","location":"westus","tags":{"foo":"bar","cat":""},"systemData":{"createdBy":"daetienn@microsoft.com","createdByType":"User","createdAt":"2020-12-18T05:50:55.6805082+00:00","lastModifiedBy":"daetienn@microsoft.com","lastModifiedByType":"User","lastModifiedAt":"2020-12-18T05:51:02.458381+00:00"},"properties":{"loginServer":"clireg000002.azurecr.io","creationDate":"2020-12-18T05:50:55.6805082Z","provisioningState":"Succeeded","adminUserEnabled":true,"networkRuleSet":{"defaultAction":"Allow","virtualNetworkRules":[],"ipRules":[]},"policies":{"quarantinePolicy":{"status":"disabled"},"trustPolicy":{"type":"Notary","status":"disabled"},"retentionPolicy":{"days":7,"lastUpdatedTime":"2020-12-18T05:50:56.6931568+00:00","status":"disabled"}},"encryption":{"status":"disabled"},"dataEndpointEnabled":false,"dataEndpointHostNames":[],"privateEndpointConnections":[],"publicNetworkAccess":"Enabled","networkRuleBypassOptions":"AzureServices"}}'
    headers:
      cache-control:
      - no-cache
      content-length:
      - '1288'
      content-type:
      - application/json; charset=utf-8
      date:
      - Fri, 18 Dec 2020 05:51:04 GMT
      expires:
      - '-1'
      pragma:
      - no-cache
      server:
      - Microsoft-HTTPAPI/2.0
      strict-transport-security:
      - max-age=31536000; includeSubDomains
      transfer-encoding:
      - chunked
      vary:
      - Accept-Encoding
      x-content-type-options:
      - nosniff
    status:
      code: 200
      message: OK
- request:
    body: '{"properties": {"policies": {"quarantinePolicy": {"status": "disabled"},
      "trustPolicy": {"type": "Notary", "status": "disabled"}, "retentionPolicy":
      {"days": 30, "status": "enabled"}}}}'
    headers:
      Accept:
      - application/json
      Accept-Encoding:
      - gzip, deflate
      CommandName:
      - acr config retention update
      Connection:
      - keep-alive
      Content-Length:
      - '185'
      Content-Type:
      - application/json; charset=utf-8
      ParameterSetName:
      - -r --status --days --type
      User-Agent:
      - python/3.8.6 (Windows-10-10.0.19041-SP0) msrest/0.6.18 msrest_azure/0.6.3
        azure-mgmt-containerregistry/3.0.0rc15 Azure-SDK-For-Python AZURECLI/2.16.0
      accept-language:
      - en-US
    method: PATCH
    uri: https://management.azure.com/subscriptions/00000000-0000-0000-0000-000000000000/resourceGroups/clitest.rg000001/providers/Microsoft.ContainerRegistry/registries/clireg000002?api-version=2019-12-01-preview
  response:
    body:
      string: '{"sku":{"name":"Premium","tier":"Premium"},"type":"Microsoft.ContainerRegistry/registries","id":"/subscriptions/00000000-0000-0000-0000-000000000000/resourceGroups/clitest.rg000001/providers/Microsoft.ContainerRegistry/registries/clireg000002","name":"clireg000002","location":"westus","tags":{"foo":"bar","cat":""},"systemData":{"createdBy":"daetienn@microsoft.com","createdByType":"User","createdAt":"2020-12-18T05:50:55.6805082+00:00","lastModifiedBy":"daetienn@microsoft.com","lastModifiedByType":"User","lastModifiedAt":"2020-12-18T05:51:05.4203561+00:00"},"properties":{"loginServer":"clireg000002.azurecr.io","creationDate":"2020-12-18T05:50:55.6805082Z","provisioningState":"Succeeded","adminUserEnabled":true,"networkRuleSet":{"defaultAction":"Allow","virtualNetworkRules":[],"ipRules":[]},"policies":{"quarantinePolicy":{"status":"disabled"},"trustPolicy":{"type":"Notary","status":"disabled"},"retentionPolicy":{"days":30,"lastUpdatedTime":"2020-12-18T05:51:05.7343244+00:00","status":"enabled"}},"encryption":{"status":"disabled"},"dataEndpointEnabled":false,"dataEndpointHostNames":[],"privateEndpointConnections":[],"publicNetworkAccess":"Enabled","networkRuleBypassOptions":"AzureServices"}}'
    headers:
      cache-control:
      - no-cache
      content-length:
      - '1289'
      content-type:
      - application/json; charset=utf-8
      date:
      - Fri, 18 Dec 2020 05:51:05 GMT
      expires:
      - '-1'
      pragma:
      - no-cache
      server:
      - Microsoft-HTTPAPI/2.0
      strict-transport-security:
      - max-age=31536000; includeSubDomains
      transfer-encoding:
      - chunked
      vary:
      - Accept-Encoding
      x-content-type-options:
      - nosniff
      x-ms-ratelimit-remaining-subscription-writes:
      - '1199'
    status:
      code: 200
      message: OK
- request:
    body: null
    headers:
      Accept:
      - application/json
      Accept-Encoding:
      - gzip, deflate
      CommandName:
      - acr config retention show
      Connection:
      - keep-alive
      ParameterSetName:
      - -r
      User-Agent:
      - python/3.8.6 (Windows-10-10.0.19041-SP0) msrest/0.6.18 msrest_azure/0.6.3
        azure-mgmt-resource/12.0.0 Azure-SDK-For-Python AZURECLI/2.16.0
      accept-language:
      - en-US
    method: GET
    uri: https://management.azure.com/subscriptions/00000000-0000-0000-0000-000000000000/resources?$filter=resourceType%20eq%20%27Microsoft.ContainerRegistry%2Fregistries%27&api-version=2020-10-01
  response:
    body:
      string: '{"value":[{"id":"/subscriptions/00000000-0000-0000-0000-000000000000/resourceGroups/clitest.rg2nfgumhgtrnce4yao43picylfrg5xmv7jtljsqciniijamytccvsuxgpynfmadqd6/providers/Microsoft.ContainerRegistry/registries/testregxzchkepeuzlcd34i7y","name":"testregxzchkepeuzlcd34i7y","type":"Microsoft.ContainerRegistry/registries","sku":{"name":"Premium","tier":"Premium"},"location":"westus","tags":{},"systemData":{"createdBy":"daetienn@microsoft.com","createdByType":"User","createdAt":"2020-12-18T05:50:59.8365816Z","lastModifiedBy":"daetienn@microsoft.com","lastModifiedByType":"User","lastModifiedAt":"2020-12-18T05:50:59.8365816Z"}},{"id":"/subscriptions/00000000-0000-0000-0000-000000000000/resourceGroups/clitest.rg000001/providers/Microsoft.ContainerRegistry/registries/clireg000002","name":"clireg000002","type":"Microsoft.ContainerRegistry/registries","sku":{"name":"Premium","tier":"Premium"},"location":"westus","tags":{"foo":"bar","cat":""},"systemData":{"createdBy":"daetienn@microsoft.com","createdByType":"User","createdAt":"2020-12-18T05:50:55.6805082Z","lastModifiedBy":"daetienn@microsoft.com","lastModifiedByType":"User","lastModifiedAt":"2020-12-18T05:51:02.458381Z"}},{"id":"/subscriptions/00000000-0000-0000-0000-000000000000/resourceGroups/TemplateSpecsCLI/providers/Microsoft.ContainerRegistry/registries/whatIfContainer","name":"whatIfContainer","type":"Microsoft.ContainerRegistry/registries","sku":{"name":"Standard","tier":"Standard"},"location":"eastus","tags":{}}]}'
    headers:
      cache-control:
      - no-cache
      content-length:
      - '1561'
      content-type:
      - application/json; charset=utf-8
      date:
      - Fri, 18 Dec 2020 05:51:06 GMT
      expires:
      - '-1'
      pragma:
      - no-cache
      strict-transport-security:
      - max-age=31536000; includeSubDomains
      vary:
      - Accept-Encoding
      x-content-type-options:
      - nosniff
    status:
      code: 200
      message: OK
- request:
    body: null
    headers:
      Accept:
      - application/json
      Accept-Encoding:
      - gzip, deflate
      CommandName:
      - acr config retention show
      Connection:
      - keep-alive
      ParameterSetName:
      - -r
      User-Agent:
      - python/3.8.6 (Windows-10-10.0.19041-SP0) msrest/0.6.18 msrest_azure/0.6.3
        azure-mgmt-containerregistry/3.0.0rc15 Azure-SDK-For-Python AZURECLI/2.16.0
      accept-language:
      - en-US
    method: GET
    uri: https://management.azure.com/subscriptions/00000000-0000-0000-0000-000000000000/resourceGroups/clitest.rg000001/providers/Microsoft.ContainerRegistry/registries/clireg000002?api-version=2019-12-01-preview
  response:
    body:
      string: '{"sku":{"name":"Premium","tier":"Premium"},"type":"Microsoft.ContainerRegistry/registries","id":"/subscriptions/00000000-0000-0000-0000-000000000000/resourceGroups/clitest.rg000001/providers/Microsoft.ContainerRegistry/registries/clireg000002","name":"clireg000002","location":"westus","tags":{"foo":"bar","cat":""},"systemData":{"createdBy":"daetienn@microsoft.com","createdByType":"User","createdAt":"2020-12-18T05:50:55.6805082+00:00","lastModifiedBy":"daetienn@microsoft.com","lastModifiedByType":"User","lastModifiedAt":"2020-12-18T05:51:05.4203561+00:00"},"properties":{"loginServer":"clireg000002.azurecr.io","creationDate":"2020-12-18T05:50:55.6805082Z","provisioningState":"Succeeded","adminUserEnabled":true,"networkRuleSet":{"defaultAction":"Allow","virtualNetworkRules":[],"ipRules":[]},"policies":{"quarantinePolicy":{"status":"disabled"},"trustPolicy":{"type":"Notary","status":"disabled"},"retentionPolicy":{"days":30,"lastUpdatedTime":"2020-12-18T05:51:05.7343244+00:00","status":"enabled"}},"encryption":{"status":"disabled"},"dataEndpointEnabled":false,"dataEndpointHostNames":[],"privateEndpointConnections":[],"publicNetworkAccess":"Enabled","networkRuleBypassOptions":"AzureServices"}}'
    headers:
      cache-control:
      - no-cache
      content-length:
      - '1289'
      content-type:
      - application/json; charset=utf-8
      date:
      - Fri, 18 Dec 2020 05:51:06 GMT
      expires:
      - '-1'
      pragma:
      - no-cache
      server:
      - Microsoft-HTTPAPI/2.0
      strict-transport-security:
      - max-age=31536000; includeSubDomains
      transfer-encoding:
      - chunked
      vary:
      - Accept-Encoding
      x-content-type-options:
      - nosniff
    status:
      code: 200
      message: OK
- request:
    body: null
    headers:
      Accept:
      - application/json
      Accept-Encoding:
      - gzip, deflate
      CommandName:
      - acr config content-trust update
      Connection:
      - keep-alive
      ParameterSetName:
      - -n --status
      User-Agent:
      - python/3.8.6 (Windows-10-10.0.19041-SP0) msrest/0.6.18 msrest_azure/0.6.3
        azure-mgmt-resource/12.0.0 Azure-SDK-For-Python AZURECLI/2.16.0
      accept-language:
      - en-US
    method: GET
    uri: https://management.azure.com/subscriptions/00000000-0000-0000-0000-000000000000/resources?$filter=resourceType%20eq%20%27Microsoft.ContainerRegistry%2Fregistries%27&api-version=2020-10-01
  response:
    body:
      string: '{"value":[{"id":"/subscriptions/00000000-0000-0000-0000-000000000000/resourceGroups/clitest.rg2nfgumhgtrnce4yao43picylfrg5xmv7jtljsqciniijamytccvsuxgpynfmadqd6/providers/Microsoft.ContainerRegistry/registries/testregxzchkepeuzlcd34i7y","name":"testregxzchkepeuzlcd34i7y","type":"Microsoft.ContainerRegistry/registries","sku":{"name":"Premium","tier":"Premium"},"location":"westus","tags":{},"systemData":{"createdBy":"daetienn@microsoft.com","createdByType":"User","createdAt":"2020-12-18T05:50:59.8365816Z","lastModifiedBy":"daetienn@microsoft.com","lastModifiedByType":"User","lastModifiedAt":"2020-12-18T05:50:59.8365816Z"}},{"id":"/subscriptions/00000000-0000-0000-0000-000000000000/resourceGroups/clitest.rg000001/providers/Microsoft.ContainerRegistry/registries/clireg000002","name":"clireg000002","type":"Microsoft.ContainerRegistry/registries","sku":{"name":"Premium","tier":"Premium"},"location":"westus","tags":{"foo":"bar","cat":""},"systemData":{"createdBy":"daetienn@microsoft.com","createdByType":"User","createdAt":"2020-12-18T05:50:55.6805082Z","lastModifiedBy":"daetienn@microsoft.com","lastModifiedByType":"User","lastModifiedAt":"2020-12-18T05:51:02.458381Z"}},{"id":"/subscriptions/00000000-0000-0000-0000-000000000000/resourceGroups/TemplateSpecsCLI/providers/Microsoft.ContainerRegistry/registries/whatIfContainer","name":"whatIfContainer","type":"Microsoft.ContainerRegistry/registries","sku":{"name":"Standard","tier":"Standard"},"location":"eastus","tags":{}}]}'
    headers:
      cache-control:
      - no-cache
      content-length:
      - '1561'
      content-type:
      - application/json; charset=utf-8
      date:
      - Fri, 18 Dec 2020 05:51:07 GMT
      expires:
      - '-1'
      pragma:
      - no-cache
      strict-transport-security:
      - max-age=31536000; includeSubDomains
      vary:
      - Accept-Encoding
      x-content-type-options:
      - nosniff
    status:
      code: 200
      message: OK
- request:
    body: null
    headers:
      Accept:
      - application/json
      Accept-Encoding:
      - gzip, deflate
      CommandName:
      - acr config content-trust update
      Connection:
      - keep-alive
      ParameterSetName:
      - -n --status
      User-Agent:
      - python/3.8.6 (Windows-10-10.0.19041-SP0) msrest/0.6.18 msrest_azure/0.6.3
        azure-mgmt-containerregistry/3.0.0rc15 Azure-SDK-For-Python AZURECLI/2.16.0
      accept-language:
      - en-US
    method: GET
    uri: https://management.azure.com/subscriptions/00000000-0000-0000-0000-000000000000/resourceGroups/clitest.rg000001/providers/Microsoft.ContainerRegistry/registries/clireg000002?api-version=2019-12-01-preview
  response:
    body:
      string: '{"sku":{"name":"Premium","tier":"Premium"},"type":"Microsoft.ContainerRegistry/registries","id":"/subscriptions/00000000-0000-0000-0000-000000000000/resourceGroups/clitest.rg000001/providers/Microsoft.ContainerRegistry/registries/clireg000002","name":"clireg000002","location":"westus","tags":{"foo":"bar","cat":""},"systemData":{"createdBy":"daetienn@microsoft.com","createdByType":"User","createdAt":"2020-12-18T05:50:55.6805082+00:00","lastModifiedBy":"daetienn@microsoft.com","lastModifiedByType":"User","lastModifiedAt":"2020-12-18T05:51:05.4203561+00:00"},"properties":{"loginServer":"clireg000002.azurecr.io","creationDate":"2020-12-18T05:50:55.6805082Z","provisioningState":"Succeeded","adminUserEnabled":true,"networkRuleSet":{"defaultAction":"Allow","virtualNetworkRules":[],"ipRules":[]},"policies":{"quarantinePolicy":{"status":"disabled"},"trustPolicy":{"type":"Notary","status":"disabled"},"retentionPolicy":{"days":30,"lastUpdatedTime":"2020-12-18T05:51:05.7343244+00:00","status":"enabled"}},"encryption":{"status":"disabled"},"dataEndpointEnabled":false,"dataEndpointHostNames":[],"privateEndpointConnections":[],"publicNetworkAccess":"Enabled","networkRuleBypassOptions":"AzureServices"}}'
    headers:
      cache-control:
      - no-cache
      content-length:
      - '1289'
      content-type:
      - application/json; charset=utf-8
      date:
      - Fri, 18 Dec 2020 05:51:08 GMT
      expires:
      - '-1'
      pragma:
      - no-cache
      server:
      - Microsoft-HTTPAPI/2.0
      strict-transport-security:
      - max-age=31536000; includeSubDomains
      transfer-encoding:
      - chunked
      vary:
      - Accept-Encoding
      x-content-type-options:
      - nosniff
    status:
      code: 200
      message: OK
- request:
    body: '{"properties": {"policies": {"quarantinePolicy": {"status": "disabled"},
      "trustPolicy": {"type": "Notary", "status": "enabled"}, "retentionPolicy": {"days":
      30, "status": "enabled"}}}}'
    headers:
      Accept:
      - application/json
      Accept-Encoding:
      - gzip, deflate
      CommandName:
      - acr config content-trust update
      Connection:
      - keep-alive
      Content-Length:
      - '184'
      Content-Type:
      - application/json; charset=utf-8
      ParameterSetName:
      - -n --status
      User-Agent:
      - python/3.8.6 (Windows-10-10.0.19041-SP0) msrest/0.6.18 msrest_azure/0.6.3
        azure-mgmt-containerregistry/3.0.0rc15 Azure-SDK-For-Python AZURECLI/2.16.0
      accept-language:
      - en-US
    method: PATCH
    uri: https://management.azure.com/subscriptions/00000000-0000-0000-0000-000000000000/resourceGroups/clitest.rg000001/providers/Microsoft.ContainerRegistry/registries/clireg000002?api-version=2019-12-01-preview
  response:
    body:
      string: '{"sku":{"name":"Premium","tier":"Premium"},"type":"Microsoft.ContainerRegistry/registries","id":"/subscriptions/00000000-0000-0000-0000-000000000000/resourceGroups/clitest.rg000001/providers/Microsoft.ContainerRegistry/registries/clireg000002","name":"clireg000002","location":"westus","tags":{"foo":"bar","cat":""},"systemData":{"createdBy":"daetienn@microsoft.com","createdByType":"User","createdAt":"2020-12-18T05:50:55.6805082+00:00","lastModifiedBy":"daetienn@microsoft.com","lastModifiedByType":"User","lastModifiedAt":"2020-12-18T05:51:08.5216395+00:00"},"properties":{"loginServer":"clireg000002.azurecr.io","creationDate":"2020-12-18T05:50:55.6805082Z","provisioningState":"Succeeded","adminUserEnabled":true,"networkRuleSet":{"defaultAction":"Allow","virtualNetworkRules":[],"ipRules":[]},"policies":{"quarantinePolicy":{"status":"disabled"},"trustPolicy":{"type":"Notary","status":"enabled"},"retentionPolicy":{"days":30,"lastUpdatedTime":"2020-12-18T05:51:08.8794429+00:00","status":"enabled"}},"encryption":{"status":"disabled"},"dataEndpointEnabled":false,"dataEndpointHostNames":[],"privateEndpointConnections":[],"publicNetworkAccess":"Enabled","networkRuleBypassOptions":"AzureServices"}}'
    headers:
      cache-control:
      - no-cache
      content-length:
      - '1288'
      content-type:
      - application/json; charset=utf-8
      date:
      - Fri, 18 Dec 2020 05:51:08 GMT
      expires:
      - '-1'
      pragma:
      - no-cache
      server:
      - Microsoft-HTTPAPI/2.0
      strict-transport-security:
      - max-age=31536000; includeSubDomains
      transfer-encoding:
      - chunked
      vary:
      - Accept-Encoding
      x-content-type-options:
      - nosniff
      x-ms-ratelimit-remaining-subscription-writes:
      - '1198'
    status:
      code: 200
      message: OK
- request:
    body: null
    headers:
      Accept:
      - application/json
      Accept-Encoding:
      - gzip, deflate
      CommandName:
      - acr config content-trust show
      Connection:
      - keep-alive
      ParameterSetName:
      - -n
      User-Agent:
      - python/3.8.6 (Windows-10-10.0.19041-SP0) msrest/0.6.18 msrest_azure/0.6.3
        azure-mgmt-resource/12.0.0 Azure-SDK-For-Python AZURECLI/2.16.0
      accept-language:
      - en-US
    method: GET
    uri: https://management.azure.com/subscriptions/00000000-0000-0000-0000-000000000000/resources?$filter=resourceType%20eq%20%27Microsoft.ContainerRegistry%2Fregistries%27&api-version=2020-10-01
  response:
    body:
      string: '{"value":[{"id":"/subscriptions/00000000-0000-0000-0000-000000000000/resourceGroups/clitest.rg2nfgumhgtrnce4yao43picylfrg5xmv7jtljsqciniijamytccvsuxgpynfmadqd6/providers/Microsoft.ContainerRegistry/registries/testregxzchkepeuzlcd34i7y","name":"testregxzchkepeuzlcd34i7y","type":"Microsoft.ContainerRegistry/registries","sku":{"name":"Premium","tier":"Premium"},"location":"westus","tags":{},"systemData":{"createdBy":"daetienn@microsoft.com","createdByType":"User","createdAt":"2020-12-18T05:50:59.8365816Z","lastModifiedBy":"daetienn@microsoft.com","lastModifiedByType":"User","lastModifiedAt":"2020-12-18T05:50:59.8365816Z"}},{"id":"/subscriptions/00000000-0000-0000-0000-000000000000/resourceGroups/clitest.rg000001/providers/Microsoft.ContainerRegistry/registries/clireg000002","name":"clireg000002","type":"Microsoft.ContainerRegistry/registries","sku":{"name":"Premium","tier":"Premium"},"location":"westus","tags":{"foo":"bar","cat":""},"systemData":{"createdBy":"daetienn@microsoft.com","createdByType":"User","createdAt":"2020-12-18T05:50:55.6805082Z","lastModifiedBy":"daetienn@microsoft.com","lastModifiedByType":"User","lastModifiedAt":"2020-12-18T05:51:02.458381Z"}},{"id":"/subscriptions/00000000-0000-0000-0000-000000000000/resourceGroups/TemplateSpecsCLI/providers/Microsoft.ContainerRegistry/registries/whatIfContainer","name":"whatIfContainer","type":"Microsoft.ContainerRegistry/registries","sku":{"name":"Standard","tier":"Standard"},"location":"eastus","tags":{}}]}'
    headers:
      cache-control:
      - no-cache
      content-length:
      - '1561'
      content-type:
      - application/json; charset=utf-8
      date:
      - Fri, 18 Dec 2020 05:51:09 GMT
      expires:
      - '-1'
      pragma:
      - no-cache
      strict-transport-security:
      - max-age=31536000; includeSubDomains
      vary:
      - Accept-Encoding
      x-content-type-options:
      - nosniff
    status:
      code: 200
      message: OK
- request:
    body: null
    headers:
      Accept:
      - application/json
      Accept-Encoding:
      - gzip, deflate
      CommandName:
      - acr config content-trust show
      Connection:
      - keep-alive
      ParameterSetName:
      - -n
      User-Agent:
      - python/3.8.6 (Windows-10-10.0.19041-SP0) msrest/0.6.18 msrest_azure/0.6.3
        azure-mgmt-containerregistry/3.0.0rc15 Azure-SDK-For-Python AZURECLI/2.16.0
      accept-language:
      - en-US
    method: GET
    uri: https://management.azure.com/subscriptions/00000000-0000-0000-0000-000000000000/resourceGroups/clitest.rg000001/providers/Microsoft.ContainerRegistry/registries/clireg000002?api-version=2019-12-01-preview
  response:
    body:
      string: '{"sku":{"name":"Premium","tier":"Premium"},"type":"Microsoft.ContainerRegistry/registries","id":"/subscriptions/00000000-0000-0000-0000-000000000000/resourceGroups/clitest.rg000001/providers/Microsoft.ContainerRegistry/registries/clireg000002","name":"clireg000002","location":"westus","tags":{"foo":"bar","cat":""},"systemData":{"createdBy":"daetienn@microsoft.com","createdByType":"User","createdAt":"2020-12-18T05:50:55.6805082+00:00","lastModifiedBy":"daetienn@microsoft.com","lastModifiedByType":"User","lastModifiedAt":"2020-12-18T05:51:08.5216395+00:00"},"properties":{"loginServer":"clireg000002.azurecr.io","creationDate":"2020-12-18T05:50:55.6805082Z","provisioningState":"Succeeded","adminUserEnabled":true,"networkRuleSet":{"defaultAction":"Allow","virtualNetworkRules":[],"ipRules":[]},"policies":{"quarantinePolicy":{"status":"disabled"},"trustPolicy":{"type":"Notary","status":"enabled"},"retentionPolicy":{"days":30,"lastUpdatedTime":"2020-12-18T05:51:08.8794429+00:00","status":"enabled"}},"encryption":{"status":"disabled"},"dataEndpointEnabled":false,"dataEndpointHostNames":[],"privateEndpointConnections":[],"publicNetworkAccess":"Enabled","networkRuleBypassOptions":"AzureServices"}}'
    headers:
      cache-control:
      - no-cache
      content-length:
      - '1288'
      content-type:
      - application/json; charset=utf-8
      date:
      - Fri, 18 Dec 2020 05:51:09 GMT
      expires:
      - '-1'
      pragma:
      - no-cache
      server:
      - Microsoft-HTTPAPI/2.0
      strict-transport-security:
      - max-age=31536000; includeSubDomains
      transfer-encoding:
      - chunked
      vary:
      - Accept-Encoding
      x-content-type-options:
      - nosniff
    status:
      code: 200
      message: OK
- request:
    body: null
    headers:
      Accept:
      - application/json
      Accept-Encoding:
      - gzip, deflate
      CommandName:
      - acr credential show
      Connection:
      - keep-alive
      ParameterSetName:
      - -n -g
      User-Agent:
      - python/3.8.6 (Windows-10-10.0.19041-SP0) msrest/0.6.18 msrest_azure/0.6.3
        azure-mgmt-containerregistry/3.0.0rc15 Azure-SDK-For-Python AZURECLI/2.16.0
      accept-language:
      - en-US
    method: GET
    uri: https://management.azure.com/subscriptions/00000000-0000-0000-0000-000000000000/resourceGroups/clitest.rg000001/providers/Microsoft.ContainerRegistry/registries/clireg000002?api-version=2019-12-01-preview
  response:
    body:
      string: '{"sku":{"name":"Premium","tier":"Premium"},"type":"Microsoft.ContainerRegistry/registries","id":"/subscriptions/00000000-0000-0000-0000-000000000000/resourceGroups/clitest.rg000001/providers/Microsoft.ContainerRegistry/registries/clireg000002","name":"clireg000002","location":"westus","tags":{"foo":"bar","cat":""},"systemData":{"createdBy":"daetienn@microsoft.com","createdByType":"User","createdAt":"2020-12-18T05:50:55.6805082+00:00","lastModifiedBy":"daetienn@microsoft.com","lastModifiedByType":"User","lastModifiedAt":"2020-12-18T05:51:08.5216395+00:00"},"properties":{"loginServer":"clireg000002.azurecr.io","creationDate":"2020-12-18T05:50:55.6805082Z","provisioningState":"Succeeded","adminUserEnabled":true,"networkRuleSet":{"defaultAction":"Allow","virtualNetworkRules":[],"ipRules":[]},"policies":{"quarantinePolicy":{"status":"disabled"},"trustPolicy":{"type":"Notary","status":"enabled"},"retentionPolicy":{"days":30,"lastUpdatedTime":"2020-12-18T05:51:08.8794429+00:00","status":"enabled"}},"encryption":{"status":"disabled"},"dataEndpointEnabled":false,"dataEndpointHostNames":[],"privateEndpointConnections":[],"publicNetworkAccess":"Enabled","networkRuleBypassOptions":"AzureServices"}}'
    headers:
      cache-control:
      - no-cache
      content-length:
      - '1288'
      content-type:
      - application/json; charset=utf-8
      date:
      - Fri, 18 Dec 2020 05:51:10 GMT
      expires:
      - '-1'
      pragma:
      - no-cache
      server:
      - Microsoft-HTTPAPI/2.0
      strict-transport-security:
      - max-age=31536000; includeSubDomains
      transfer-encoding:
      - chunked
      vary:
      - Accept-Encoding
      x-content-type-options:
      - nosniff
    status:
      code: 200
      message: OK
- request:
    body: null
    headers:
      Accept:
      - application/json
      Accept-Encoding:
      - gzip, deflate
      CommandName:
      - acr credential show
      Connection:
      - keep-alive
      Content-Length:
      - '0'
      ParameterSetName:
      - -n -g
      User-Agent:
      - python/3.8.6 (Windows-10-10.0.19041-SP0) msrest/0.6.18 msrest_azure/0.6.3
        azure-mgmt-containerregistry/3.0.0rc15 Azure-SDK-For-Python AZURECLI/2.16.0
      accept-language:
      - en-US
    method: POST
    uri: https://management.azure.com/subscriptions/00000000-0000-0000-0000-000000000000/resourceGroups/clitest.rg000001/providers/Microsoft.ContainerRegistry/registries/clireg000002/listCredentials?api-version=2019-12-01-preview
  response:
    body:
      string: '{"username":"clireg000002","passwords":[{"name":"password","value":"xMLO8BM4f=YgEs/2B07Z8A942i+ug=py"},{"name":"password2","value":"hpFAkEdS4TTuSFCnf0c2LxzFkuhP3UA+"}]}'
    headers:
      cache-control:
      - no-cache
      content-length:
      - '176'
      content-type:
      - application/json; charset=utf-8
      date:
      - Fri, 18 Dec 2020 05:51:11 GMT
      expires:
      - '-1'
      pragma:
      - no-cache
      server:
      - Microsoft-HTTPAPI/2.0
      strict-transport-security:
      - max-age=31536000; includeSubDomains
      transfer-encoding:
      - chunked
      vary:
      - Accept-Encoding
      x-content-type-options:
      - nosniff
      x-ms-ratelimit-remaining-subscription-writes:
      - '1199'
    status:
      code: 200
      message: OK
- request:
    body: null
    headers:
      Accept:
      - application/json
      Accept-Encoding:
      - gzip, deflate
      CommandName:
      - acr credential renew
      Connection:
      - keep-alive
      ParameterSetName:
      - -n -g --password-name
      User-Agent:
      - python/3.8.6 (Windows-10-10.0.19041-SP0) msrest/0.6.18 msrest_azure/0.6.3
        azure-mgmt-containerregistry/3.0.0rc15 Azure-SDK-For-Python AZURECLI/2.16.0
      accept-language:
      - en-US
    method: GET
    uri: https://management.azure.com/subscriptions/00000000-0000-0000-0000-000000000000/resourceGroups/clitest.rg000001/providers/Microsoft.ContainerRegistry/registries/clireg000002?api-version=2019-12-01-preview
  response:
    body:
      string: '{"sku":{"name":"Premium","tier":"Premium"},"type":"Microsoft.ContainerRegistry/registries","id":"/subscriptions/00000000-0000-0000-0000-000000000000/resourceGroups/clitest.rg000001/providers/Microsoft.ContainerRegistry/registries/clireg000002","name":"clireg000002","location":"westus","tags":{"foo":"bar","cat":""},"systemData":{"createdBy":"daetienn@microsoft.com","createdByType":"User","createdAt":"2020-12-18T05:50:55.6805082+00:00","lastModifiedBy":"daetienn@microsoft.com","lastModifiedByType":"User","lastModifiedAt":"2020-12-18T05:51:08.5216395+00:00"},"properties":{"loginServer":"clireg000002.azurecr.io","creationDate":"2020-12-18T05:50:55.6805082Z","provisioningState":"Succeeded","adminUserEnabled":true,"networkRuleSet":{"defaultAction":"Allow","virtualNetworkRules":[],"ipRules":[]},"policies":{"quarantinePolicy":{"status":"disabled"},"trustPolicy":{"type":"Notary","status":"enabled"},"retentionPolicy":{"days":30,"lastUpdatedTime":"2020-12-18T05:51:08.8794429+00:00","status":"enabled"}},"encryption":{"status":"disabled"},"dataEndpointEnabled":false,"dataEndpointHostNames":[],"privateEndpointConnections":[],"publicNetworkAccess":"Enabled","networkRuleBypassOptions":"AzureServices"}}'
    headers:
      cache-control:
      - no-cache
      content-length:
      - '1288'
      content-type:
      - application/json; charset=utf-8
      date:
      - Fri, 18 Dec 2020 05:51:12 GMT
      expires:
      - '-1'
      pragma:
      - no-cache
      server:
      - Microsoft-HTTPAPI/2.0
      strict-transport-security:
      - max-age=31536000; includeSubDomains
      transfer-encoding:
      - chunked
      vary:
      - Accept-Encoding
      x-content-type-options:
      - nosniff
    status:
      code: 200
      message: OK
- request:
    body: '{"name": "password"}'
    headers:
      Accept:
      - application/json
      Accept-Encoding:
      - gzip, deflate
      CommandName:
      - acr credential renew
      Connection:
      - keep-alive
      Content-Length:
      - '20'
      Content-Type:
      - application/json; charset=utf-8
      ParameterSetName:
      - -n -g --password-name
      User-Agent:
      - python/3.8.6 (Windows-10-10.0.19041-SP0) msrest/0.6.18 msrest_azure/0.6.3
        azure-mgmt-containerregistry/3.0.0rc15 Azure-SDK-For-Python AZURECLI/2.16.0
      accept-language:
      - en-US
    method: POST
    uri: https://management.azure.com/subscriptions/00000000-0000-0000-0000-000000000000/resourceGroups/clitest.rg000001/providers/Microsoft.ContainerRegistry/registries/clireg000002/regenerateCredential?api-version=2019-12-01-preview
  response:
    body:
      string: '{"username":"clireg000002","passwords":[{"name":"password","value":"VF8ikRQWwt2zSCbpaFqKtdg/qTkRBG3V"},{"name":"password2","value":"hpFAkEdS4TTuSFCnf0c2LxzFkuhP3UA+"}]}'
    headers:
      cache-control:
      - no-cache
      content-length:
      - '176'
      content-type:
      - application/json; charset=utf-8
      date:
      - Fri, 18 Dec 2020 05:51:12 GMT
      expires:
      - '-1'
      pragma:
      - no-cache
      server:
      - Microsoft-HTTPAPI/2.0
      strict-transport-security:
      - max-age=31536000; includeSubDomains
      transfer-encoding:
      - chunked
      vary:
      - Accept-Encoding
      x-content-type-options:
      - nosniff
      x-ms-ratelimit-remaining-subscription-writes:
      - '1199'
    status:
      code: 200
      message: OK
- request:
    body: null
    headers:
      Accept:
      - application/json
      Accept-Encoding:
      - gzip, deflate
      CommandName:
      - acr credential renew
      Connection:
      - keep-alive
      ParameterSetName:
      - -n -g --password-name
      User-Agent:
      - python/3.8.6 (Windows-10-10.0.19041-SP0) msrest/0.6.18 msrest_azure/0.6.3
        azure-mgmt-containerregistry/3.0.0rc15 Azure-SDK-For-Python AZURECLI/2.16.0
      accept-language:
      - en-US
    method: GET
    uri: https://management.azure.com/subscriptions/00000000-0000-0000-0000-000000000000/resourceGroups/clitest.rg000001/providers/Microsoft.ContainerRegistry/registries/clireg000002?api-version=2019-12-01-preview
  response:
    body:
      string: '{"sku":{"name":"Premium","tier":"Premium"},"type":"Microsoft.ContainerRegistry/registries","id":"/subscriptions/00000000-0000-0000-0000-000000000000/resourceGroups/clitest.rg000001/providers/Microsoft.ContainerRegistry/registries/clireg000002","name":"clireg000002","location":"westus","tags":{"foo":"bar","cat":""},"systemData":{"createdBy":"daetienn@microsoft.com","createdByType":"User","createdAt":"2020-12-18T05:50:55.6805082+00:00","lastModifiedBy":"daetienn@microsoft.com","lastModifiedByType":"User","lastModifiedAt":"2020-12-18T05:51:08.5216395+00:00"},"properties":{"loginServer":"clireg000002.azurecr.io","creationDate":"2020-12-18T05:50:55.6805082Z","provisioningState":"Succeeded","adminUserEnabled":true,"networkRuleSet":{"defaultAction":"Allow","virtualNetworkRules":[],"ipRules":[]},"policies":{"quarantinePolicy":{"status":"disabled"},"trustPolicy":{"type":"Notary","status":"enabled"},"retentionPolicy":{"days":30,"lastUpdatedTime":"2020-12-18T05:51:08.8794429+00:00","status":"enabled"}},"encryption":{"status":"disabled"},"dataEndpointEnabled":false,"dataEndpointHostNames":[],"privateEndpointConnections":[],"publicNetworkAccess":"Enabled","networkRuleBypassOptions":"AzureServices"}}'
    headers:
      cache-control:
      - no-cache
      content-length:
      - '1288'
      content-type:
      - application/json; charset=utf-8
      date:
      - Fri, 18 Dec 2020 05:51:13 GMT
      expires:
      - '-1'
      pragma:
      - no-cache
      server:
      - Microsoft-HTTPAPI/2.0
      strict-transport-security:
      - max-age=31536000; includeSubDomains
      transfer-encoding:
      - chunked
      vary:
      - Accept-Encoding
      x-content-type-options:
      - nosniff
    status:
      code: 200
      message: OK
- request:
    body: '{"name": "password2"}'
    headers:
      Accept:
      - application/json
      Accept-Encoding:
      - gzip, deflate
      CommandName:
      - acr credential renew
      Connection:
      - keep-alive
      Content-Length:
      - '21'
      Content-Type:
      - application/json; charset=utf-8
      ParameterSetName:
      - -n -g --password-name
      User-Agent:
      - python/3.8.6 (Windows-10-10.0.19041-SP0) msrest/0.6.18 msrest_azure/0.6.3
        azure-mgmt-containerregistry/3.0.0rc15 Azure-SDK-For-Python AZURECLI/2.16.0
      accept-language:
      - en-US
    method: POST
    uri: https://management.azure.com/subscriptions/00000000-0000-0000-0000-000000000000/resourceGroups/clitest.rg000001/providers/Microsoft.ContainerRegistry/registries/clireg000002/regenerateCredential?api-version=2019-12-01-preview
  response:
    body:
      string: '{"username":"clireg000002","passwords":[{"name":"password","value":"VF8ikRQWwt2zSCbpaFqKtdg/qTkRBG3V"},{"name":"password2","value":"qgl9vMB0lMoTNQSb/SukHOdCwExcv5Ez"}]}'
    headers:
      cache-control:
      - no-cache
      content-length:
      - '176'
      content-type:
      - application/json; charset=utf-8
      date:
      - Fri, 18 Dec 2020 05:51:14 GMT
      expires:
      - '-1'
      pragma:
      - no-cache
      server:
      - Microsoft-HTTPAPI/2.0
      strict-transport-security:
      - max-age=31536000; includeSubDomains
      transfer-encoding:
      - chunked
      vary:
      - Accept-Encoding
      x-content-type-options:
      - nosniff
      x-ms-ratelimit-remaining-subscription-writes:
      - '1199'
    status:
      code: 200
      message: OK
- request:
    body: null
    headers:
      Accept:
      - application/json
      Accept-Encoding:
      - gzip, deflate
      CommandName:
      - acr delete
      Connection:
      - keep-alive
      Content-Length:
      - '0'
      ParameterSetName:
      - -n -g -y
      User-Agent:
      - python/3.8.6 (Windows-10-10.0.19041-SP0) msrest/0.6.18 msrest_azure/0.6.3
        azure-mgmt-containerregistry/3.0.0rc15 Azure-SDK-For-Python AZURECLI/2.16.0
      accept-language:
      - en-US
    method: DELETE
    uri: https://management.azure.com/subscriptions/00000000-0000-0000-0000-000000000000/resourceGroups/clitest.rg000001/providers/Microsoft.ContainerRegistry/registries/clireg000002?api-version=2019-12-01-preview
  response:
    body:
      string: ''
    headers:
      cache-control:
      - no-cache
      content-length:
      - '0'
      date:
      - Fri, 18 Dec 2020 05:51:17 GMT
      expires:
      - '-1'
      pragma:
      - no-cache
      server:
      - Microsoft-HTTPAPI/2.0
      strict-transport-security:
      - max-age=31536000; includeSubDomains
      x-content-type-options:
      - nosniff
      x-ms-ratelimit-remaining-subscription-deletes:
      - '14999'
    status:
      code: 200
      message: OK
version: 1
