interactions:
- request:
    body: '{"location": "westus", "tags": {"product": "azurecli", "cause": "automation",
      "date": "2019-06-18T02:06:29Z"}}'
    headers:
      Accept:
      - application/json
      Accept-Encoding:
      - gzip, deflate
      CommandName:
      - group create
      Connection:
      - keep-alive
      Content-Length:
      - '110'
      Content-Type:
      - application/json; charset=utf-8
      ParameterSetName:
      - --location --name --tag
      User-Agent:
      - python/3.7.1 (Windows-10-10.0.18362-SP0) msrest/0.6.7 msrest_azure/0.6.1 resourcemanagementclient/2.1.0
        Azure-SDK-For-Python AZURECLI/2.0.66
      accept-language:
      - en-US
    method: PUT
    uri: https://management.azure.com/subscriptions/00000000-0000-0000-0000-000000000000/resourcegroups/clitest.rg000001?api-version=2018-05-01
  response:
    body:
      string: '{"id":"/subscriptions/00000000-0000-0000-0000-000000000000/resourceGroups/clitest.rg000001","name":"clitest.rg000001","location":"westus","tags":{"product":"azurecli","cause":"automation","date":"2019-06-18T02:06:29Z"},"properties":{"provisioningState":"Succeeded"}}'
    headers:
      cache-control:
      - no-cache
      content-length:
      - '384'
      content-type:
      - application/json; charset=utf-8
      date:
      - Tue, 18 Jun 2019 02:06:30 GMT
      expires:
      - '-1'
      pragma:
      - no-cache
      strict-transport-security:
      - max-age=31536000; includeSubDomains
      x-content-type-options:
      - nosniff
      x-ms-ratelimit-remaining-subscription-writes:
      - '1197'
    status:
      code: 201
      message: Created
- request:
    body: '{"location": "westus", "sku": {"name": "Standard"}, "properties": {"adminUserEnabled":
      false}}'
    headers:
      Accept:
      - application/json
      Accept-Encoding:
      - gzip, deflate
      CommandName:
      - acr create
      Connection:
      - keep-alive
      Content-Length:
      - '94'
      Content-Type:
      - application/json; charset=utf-8
      ParameterSetName:
      - -n -g -l --sku
      User-Agent:
      - python/3.7.1 (Windows-10-10.0.18362-SP0) msrest/0.6.7 msrest_azure/0.6.1 azure-mgmt-containerregistry/3.0.0rc2
        Azure-SDK-For-Python AZURECLI/2.0.66
      accept-language:
      - en-US
    method: PUT
    uri: https://management.azure.com/subscriptions/00000000-0000-0000-0000-000000000000/resourceGroups/clitest.rg000001/providers/Microsoft.ContainerRegistry/registries/clireg000002?api-version=2017-10-01
  response:
    body:
      string: '{"sku":{"name":"Standard","tier":"Standard"},"type":"Microsoft.ContainerRegistry/registries","id":"/subscriptions/00000000-0000-0000-0000-000000000000/resourceGroups/clitest.rg000001/providers/Microsoft.ContainerRegistry/registries/clireg000002","name":"clireg000002","location":"westus","tags":{},"properties":{"loginServer":"clireg000002.azurecr.io","creationDate":"2019-06-18T02:06:31.9933263Z","provisioningState":"Succeeded","adminUserEnabled":false}}'
    headers:
      cache-control:
      - no-cache
      content-length:
      - '539'
      content-type:
      - application/json; charset=utf-8
      date:
      - Tue, 18 Jun 2019 02:06:35 GMT
      expires:
      - '-1'
      pragma:
      - no-cache
      server:
      - Microsoft-HTTPAPI/2.0
      strict-transport-security:
      - max-age=31536000; includeSubDomains
      transfer-encoding:
      - chunked
      vary:
      - Accept-Encoding
      x-content-type-options:
      - nosniff
      x-ms-ratelimit-remaining-subscription-writes:
      - '1198'
    status:
      code: 200
      message: OK
- request:
    body: null
    headers:
      Accept:
      - application/json
      Accept-Encoding:
      - gzip, deflate
      CommandName:
      - acr task create
      Connection:
      - keep-alive
      ParameterSetName:
      - -n -r --context --image -f --commit-trigger-enabled --pull-request-trigger-enabled
      User-Agent:
      - python/3.7.1 (Windows-10-10.0.18362-SP0) msrest/0.6.7 msrest_azure/0.6.1 resourcemanagementclient/2.1.0
        Azure-SDK-For-Python AZURECLI/2.0.66
      accept-language:
      - en-US
    method: GET
    uri: https://management.azure.com/subscriptions/00000000-0000-0000-0000-000000000000/resources?$filter=resourceType%20eq%20%27Microsoft.ContainerRegistry%2Fregistries%27&api-version=2018-05-01
  response:
    body:
      string: '{"value":[{"id":"/subscriptions/00000000-0000-0000-0000-000000000000/resourceGroups/clitest.rg4ptbkplwetzzymwa5xuvozc7ajdjgb4rz47th4hrwzz6tw3e7ts7m3lmqmg5zktpt/providers/Microsoft.ContainerRegistry/registries/cliregc2pprtnulminm7","name":"cliregc2pprtnulminm7","type":"Microsoft.ContainerRegistry/registries","sku":{"name":"Standard","tier":"Standard"},"location":"westus","tags":{}},{"id":"/subscriptions/00000000-0000-0000-0000-000000000000/resourceGroups/clitest.rg000001/providers/Microsoft.ContainerRegistry/registries/clireg000002","name":"clireg000002","type":"Microsoft.ContainerRegistry/registries","sku":{"name":"Standard","tier":"Standard"},"location":"westus","tags":{}},{"id":"/subscriptions/00000000-0000-0000-0000-000000000000/resourceGroups/clitest.rgtw7sr5az2p5fph4gpwtxxr6e5byed76yfmhpz67wrovkinbfvr3knmtqnme53un5h/providers/Microsoft.ContainerRegistry/registries/cliregacwzda6armrou5","name":"cliregacwzda6armrou5","type":"Microsoft.ContainerRegistry/registries","sku":{"name":"Premium","tier":"Premium"},"location":"westus","tags":{}},{"id":"/subscriptions/00000000-0000-0000-0000-000000000000/resourceGroups/clitest.rgzcmybwpqyf5tukwfnf5xgdfn7zhowjwd5txexpjj2z2ocfutwob6few6bckhles2u/providers/Microsoft.ContainerRegistry/registries/cliregmcxm3dbstxkwel","name":"cliregmcxm3dbstxkwel","type":"Microsoft.ContainerRegistry/registries","sku":{"name":"Premium","tier":"Premium"},"location":"westus","tags":{}},{"id":"/subscriptions/00000000-0000-0000-0000-000000000000/resourceGroups/jeburkeHelm/providers/Microsoft.ContainerRegistry/registries/jeburkeHelmWebhook","name":"jeburkeHelmWebhook","type":"Microsoft.ContainerRegistry/registries","sku":{"name":"Standard","tier":"Standard"},"location":"eastus","tags":{}}]}'
    headers:
      cache-control:
      - no-cache
      content-length:
      - '1809'
      content-type:
      - application/json; charset=utf-8
      date:
      - Tue, 18 Jun 2019 02:06:35 GMT
      expires:
      - '-1'
      pragma:
      - no-cache
      strict-transport-security:
      - max-age=31536000; includeSubDomains
      vary:
      - Accept-Encoding
      x-content-type-options:
      - nosniff
    status:
      code: 200
      message: OK
- request:
    body: null
    headers:
      Accept:
      - application/json
      Accept-Encoding:
      - gzip, deflate
      CommandName:
      - acr task create
      Connection:
      - keep-alive
      ParameterSetName:
      - -n -r --context --image -f --commit-trigger-enabled --pull-request-trigger-enabled
      User-Agent:
      - python/3.7.1 (Windows-10-10.0.18362-SP0) msrest/0.6.7 msrest_azure/0.6.1 azure-mgmt-containerregistry/3.0.0rc2
        Azure-SDK-For-Python AZURECLI/2.0.66
      accept-language:
      - en-US
    method: GET
    uri: https://management.azure.com/subscriptions/00000000-0000-0000-0000-000000000000/resourceGroups/clitest.rg000001/providers/Microsoft.ContainerRegistry/registries/clireg000002?api-version=2017-10-01
  response:
    body:
      string: '{"sku":{"name":"Standard","tier":"Standard"},"type":"Microsoft.ContainerRegistry/registries","id":"/subscriptions/00000000-0000-0000-0000-000000000000/resourceGroups/clitest.rg000001/providers/Microsoft.ContainerRegistry/registries/clireg000002","name":"clireg000002","location":"westus","tags":{},"properties":{"loginServer":"clireg000002.azurecr.io","creationDate":"2019-06-18T02:06:31.9933263Z","provisioningState":"Succeeded","adminUserEnabled":false}}'
    headers:
      cache-control:
      - no-cache
      content-length:
      - '539'
      content-type:
      - application/json; charset=utf-8
      date:
      - Tue, 18 Jun 2019 02:06:36 GMT
      expires:
      - '-1'
      pragma:
      - no-cache
      server:
      - Microsoft-HTTPAPI/2.0
      strict-transport-security:
      - max-age=31536000; includeSubDomains
      transfer-encoding:
      - chunked
      vary:
      - Accept-Encoding
      x-content-type-options:
      - nosniff
    status:
      code: 200
      message: OK
- request:
    body: '{"location": "westus", "properties": {"status": "Enabled", "platform":
      {"os": "linux", "architecture": "amd64"}, "agentConfiguration": {"cpu": 2},
      "timeout": 3600, "step": {"contextPath": "https://github.com/SteveLasker/node-helloworld",
      "type": "Docker", "imageNames": ["testtask:v1"], "isPushEnabled": true, "noCache":
      false, "dockerFilePath": "Dockerfile", "arguments": []}, "trigger": {"baseImageTrigger":
      {"baseImageTriggerType": "Runtime", "status": "Enabled", "name": "defaultBaseimageTriggerName"}},
      "credentials": {}}}'
    headers:
      Accept:
      - application/json
      Accept-Encoding:
      - gzip, deflate
      CommandName:
      - acr task create
      Connection:
      - keep-alive
      Content-Length:
      - '527'
      Content-Type:
      - application/json; charset=utf-8
      ParameterSetName:
      - -n -r --context --image -f --commit-trigger-enabled --pull-request-trigger-enabled
      User-Agent:
      - python/3.7.1 (Windows-10-10.0.18362-SP0) msrest/0.6.7 msrest_azure/0.6.1 azure-mgmt-containerregistry/3.0.0rc2
        Azure-SDK-For-Python AZURECLI/2.0.66
      accept-language:
      - en-US
    method: PUT
    uri: https://management.azure.com/subscriptions/00000000-0000-0000-0000-000000000000/resourceGroups/clitest.rg000001/providers/Microsoft.ContainerRegistry/registries/clireg000002/tasks/testTask?api-version=2019-04-01
  response:
    body:
      string: '{"type":"Microsoft.ContainerRegistry/registries/tasks","properties":{"provisioningState":"Succeeded","creationDate":"2019-06-18T02:06:36.9996667+00:00","status":"Enabled","platform":{"os":"linux","architecture":"amd64"},"agentConfiguration":{"cpu":2},"timeout":3600,"step":{"type":"Docker","imageNames":["testtask:v1"],"isPushEnabled":true,"noCache":false,"dockerFilePath":"Dockerfile","arguments":[],"contextPath":"https://github.com/SteveLasker/node-helloworld"},"trigger":{"baseImageTrigger":{"baseImageTriggerType":"Runtime","status":"Enabled","name":"defaultBaseimageTriggerName"}}},"id":"/subscriptions/00000000-0000-0000-0000-000000000000/resourceGroups/clitest.rg000001/providers/Microsoft.ContainerRegistry/registries/clireg000002/tasks/testTask","name":"testTask","location":"westus"}'
    headers:
      cache-control:
      - no-cache
      content-length:
      - '861'
      content-type:
      - application/json; charset=utf-8
      date:
      - Tue, 18 Jun 2019 02:06:36 GMT
      expires:
      - '-1'
      pragma:
      - no-cache
      server:
      - nginx/1.15.9
      strict-transport-security:
      - max-age=31536000; includeSubDomains
      transfer-encoding:
      - chunked
      vary:
      - Accept-Encoding,Accept-Encoding
      x-content-type-options:
      - nosniff
      x-ms-ratelimit-remaining-subscription-writes:
      - '1198'
    status:
      code: 200
      message: OK
- request:
    body: null
    headers:
      Accept:
      - application/json
      Accept-Encoding:
      - gzip, deflate
      CommandName:
      - acr task create
      Connection:
      - keep-alive
      ParameterSetName:
      - -n -r --cmd -c
      User-Agent:
      - python/3.7.1 (Windows-10-10.0.18362-SP0) msrest/0.6.7 msrest_azure/0.6.1 resourcemanagementclient/2.1.0
        Azure-SDK-For-Python AZURECLI/2.0.66
      accept-language:
      - en-US
    method: GET
    uri: https://management.azure.com/subscriptions/00000000-0000-0000-0000-000000000000/resources?$filter=resourceType%20eq%20%27Microsoft.ContainerRegistry%2Fregistries%27&api-version=2018-05-01
  response:
    body:
      string: '{"value":[{"id":"/subscriptions/00000000-0000-0000-0000-000000000000/resourceGroups/clitest.rg4ptbkplwetzzymwa5xuvozc7ajdjgb4rz47th4hrwzz6tw3e7ts7m3lmqmg5zktpt/providers/Microsoft.ContainerRegistry/registries/cliregc2pprtnulminm7","name":"cliregc2pprtnulminm7","type":"Microsoft.ContainerRegistry/registries","sku":{"name":"Standard","tier":"Standard"},"location":"westus","tags":{}},{"id":"/subscriptions/00000000-0000-0000-0000-000000000000/resourceGroups/clitest.rg000001/providers/Microsoft.ContainerRegistry/registries/clireg000002","name":"clireg000002","type":"Microsoft.ContainerRegistry/registries","sku":{"name":"Standard","tier":"Standard"},"location":"westus","tags":{}},{"id":"/subscriptions/00000000-0000-0000-0000-000000000000/resourceGroups/clitest.rgtw7sr5az2p5fph4gpwtxxr6e5byed76yfmhpz67wrovkinbfvr3knmtqnme53un5h/providers/Microsoft.ContainerRegistry/registries/cliregacwzda6armrou5","name":"cliregacwzda6armrou5","type":"Microsoft.ContainerRegistry/registries","sku":{"name":"Premium","tier":"Premium"},"location":"westus","tags":{}},{"id":"/subscriptions/00000000-0000-0000-0000-000000000000/resourceGroups/clitest.rgzcmybwpqyf5tukwfnf5xgdfn7zhowjwd5txexpjj2z2ocfutwob6few6bckhles2u/providers/Microsoft.ContainerRegistry/registries/cliregmcxm3dbstxkwel","name":"cliregmcxm3dbstxkwel","type":"Microsoft.ContainerRegistry/registries","sku":{"name":"Premium","tier":"Premium"},"location":"westus","tags":{}},{"id":"/subscriptions/00000000-0000-0000-0000-000000000000/resourceGroups/jeburkeHelm/providers/Microsoft.ContainerRegistry/registries/jeburkeHelmWebhook","name":"jeburkeHelmWebhook","type":"Microsoft.ContainerRegistry/registries","sku":{"name":"Standard","tier":"Standard"},"location":"eastus","tags":{}}]}'
    headers:
      cache-control:
      - no-cache
      content-length:
      - '1809'
      content-type:
      - application/json; charset=utf-8
      date:
      - Tue, 18 Jun 2019 02:06:36 GMT
      expires:
      - '-1'
      pragma:
      - no-cache
      strict-transport-security:
      - max-age=31536000; includeSubDomains
      vary:
      - Accept-Encoding
      x-content-type-options:
      - nosniff
    status:
      code: 200
      message: OK
- request:
    body: null
    headers:
      Accept:
      - application/json
      Accept-Encoding:
      - gzip, deflate
      CommandName:
      - acr task create
      Connection:
      - keep-alive
      ParameterSetName:
      - -n -r --cmd -c
      User-Agent:
      - python/3.7.1 (Windows-10-10.0.18362-SP0) msrest/0.6.7 msrest_azure/0.6.1 azure-mgmt-containerregistry/3.0.0rc2
        Azure-SDK-For-Python AZURECLI/2.0.66
      accept-language:
      - en-US
    method: GET
    uri: https://management.azure.com/subscriptions/00000000-0000-0000-0000-000000000000/resourceGroups/clitest.rg000001/providers/Microsoft.ContainerRegistry/registries/clireg000002?api-version=2017-10-01
  response:
    body:
      string: '{"sku":{"name":"Standard","tier":"Standard"},"type":"Microsoft.ContainerRegistry/registries","id":"/subscriptions/00000000-0000-0000-0000-000000000000/resourceGroups/clitest.rg000001/providers/Microsoft.ContainerRegistry/registries/clireg000002","name":"clireg000002","location":"westus","tags":{},"properties":{"loginServer":"clireg000002.azurecr.io","creationDate":"2019-06-18T02:06:31.9933263Z","provisioningState":"Succeeded","adminUserEnabled":false}}'
    headers:
      cache-control:
      - no-cache
      content-length:
      - '539'
      content-type:
      - application/json; charset=utf-8
      date:
      - Tue, 18 Jun 2019 02:06:37 GMT
      expires:
      - '-1'
      pragma:
      - no-cache
      server:
      - Microsoft-HTTPAPI/2.0
      strict-transport-security:
      - max-age=31536000; includeSubDomains
      transfer-encoding:
      - chunked
      vary:
      - Accept-Encoding
      x-content-type-options:
      - nosniff
    status:
      code: 200
      message: OK
- request:
    body: '{"location": "westus", "properties": {"status": "Enabled", "platform":
      {"os": "linux", "architecture": "amd64"}, "agentConfiguration": {"cpu": 2},
      "timeout": 3600, "step": {"type": "EncodedTask", "encodedTaskContent": "c3RlcHM6IAogIC0gY21kOiB7eyAuVmFsdWVzLmNvbW1hbmQgfX0KICAgIHRpbWVvdXQ6IHt7IC5WYWx1ZXMudGltZW91dCB9fQo=",
      "encodedValuesContent": "Y29tbWFuZDogYmFzaAp0aW1lb3V0OiAzNjAwCg==", "values":
      []}, "trigger": {"baseImageTrigger": {"baseImageTriggerType": "Runtime", "status":
      "Enabled", "name": "defaultBaseimageTriggerName"}}, "credentials": {}}}'
    headers:
      Accept:
      - application/json
      Accept-Encoding:
      - gzip, deflate
      CommandName:
      - acr task create
      Connection:
      - keep-alive
      Content-Length:
      - '554'
      Content-Type:
      - application/json; charset=utf-8
      ParameterSetName:
      - -n -r --cmd -c
      User-Agent:
      - python/3.7.1 (Windows-10-10.0.18362-SP0) msrest/0.6.7 msrest_azure/0.6.1 azure-mgmt-containerregistry/3.0.0rc2
        Azure-SDK-For-Python AZURECLI/2.0.66
      accept-language:
      - en-US
    method: PUT
    uri: https://management.azure.com/subscriptions/00000000-0000-0000-0000-000000000000/resourceGroups/clitest.rg000001/providers/Microsoft.ContainerRegistry/registries/clireg000002/tasks/contextlessTask?api-version=2019-04-01
  response:
    body:
      string: '{"type":"Microsoft.ContainerRegistry/registries/tasks","properties":{"provisioningState":"Succeeded","creationDate":"2019-06-18T02:06:38.3985498+00:00","status":"Enabled","platform":{"os":"linux","architecture":"amd64"},"agentConfiguration":{"cpu":2},"timeout":3600,"step":{"type":"EncodedTask","encodedTaskContent":"c3RlcHM6IAogIC0gY21kOiB7eyAuVmFsdWVzLmNvbW1hbmQgfX0KICAgIHRpbWVvdXQ6IHt7IC5WYWx1ZXMudGltZW91dCB9fQo=","encodedValuesContent":"Y29tbWFuZDogYmFzaAp0aW1lb3V0OiAzNjAwCg==","values":[]},"trigger":{"baseImageTrigger":{"baseImageTriggerType":"Runtime","status":"Enabled","name":"defaultBaseimageTriggerName"}}},"id":"/subscriptions/00000000-0000-0000-0000-000000000000/resourceGroups/clitest.rg000001/providers/Microsoft.ContainerRegistry/registries/clireg000002/tasks/contextlessTask","name":"contextlessTask","location":"westus"}'
    headers:
      cache-control:
      - no-cache
      content-length:
      - '908'
      content-type:
      - application/json; charset=utf-8
      date:
      - Tue, 18 Jun 2019 02:06:38 GMT
      expires:
      - '-1'
      pragma:
      - no-cache
      server:
      - nginx/1.15.9
      strict-transport-security:
      - max-age=31536000; includeSubDomains
      transfer-encoding:
      - chunked
      vary:
      - Accept-Encoding,Accept-Encoding
      x-content-type-options:
      - nosniff
      x-ms-ratelimit-remaining-subscription-writes:
      - '1198'
    status:
      code: 200
      message: OK
- request:
    body: null
    headers:
      Accept:
      - application/json
      Accept-Encoding:
      - gzip, deflate
      CommandName:
      - acr task list
      Connection:
      - keep-alive
      ParameterSetName:
      - -r
      User-Agent:
      - python/3.7.1 (Windows-10-10.0.18362-SP0) msrest/0.6.7 msrest_azure/0.6.1 resourcemanagementclient/2.1.0
        Azure-SDK-For-Python AZURECLI/2.0.66
      accept-language:
      - en-US
    method: GET
    uri: https://management.azure.com/subscriptions/00000000-0000-0000-0000-000000000000/resources?$filter=resourceType%20eq%20%27Microsoft.ContainerRegistry%2Fregistries%27&api-version=2018-05-01
  response:
    body:
      string: '{"value":[{"id":"/subscriptions/00000000-0000-0000-0000-000000000000/resourceGroups/clitest.rg4ptbkplwetzzymwa5xuvozc7ajdjgb4rz47th4hrwzz6tw3e7ts7m3lmqmg5zktpt/providers/Microsoft.ContainerRegistry/registries/cliregc2pprtnulminm7","name":"cliregc2pprtnulminm7","type":"Microsoft.ContainerRegistry/registries","sku":{"name":"Standard","tier":"Standard"},"location":"westus","tags":{}},{"id":"/subscriptions/00000000-0000-0000-0000-000000000000/resourceGroups/clitest.rg000001/providers/Microsoft.ContainerRegistry/registries/clireg000002","name":"clireg000002","type":"Microsoft.ContainerRegistry/registries","sku":{"name":"Standard","tier":"Standard"},"location":"westus","tags":{}},{"id":"/subscriptions/00000000-0000-0000-0000-000000000000/resourceGroups/clitest.rgtw7sr5az2p5fph4gpwtxxr6e5byed76yfmhpz67wrovkinbfvr3knmtqnme53un5h/providers/Microsoft.ContainerRegistry/registries/cliregacwzda6armrou5","name":"cliregacwzda6armrou5","type":"Microsoft.ContainerRegistry/registries","sku":{"name":"Premium","tier":"Premium"},"location":"westus","tags":{}},{"id":"/subscriptions/00000000-0000-0000-0000-000000000000/resourceGroups/clitest.rgzcmybwpqyf5tukwfnf5xgdfn7zhowjwd5txexpjj2z2ocfutwob6few6bckhles2u/providers/Microsoft.ContainerRegistry/registries/cliregmcxm3dbstxkwel","name":"cliregmcxm3dbstxkwel","type":"Microsoft.ContainerRegistry/registries","sku":{"name":"Premium","tier":"Premium"},"location":"westus","tags":{}},{"id":"/subscriptions/00000000-0000-0000-0000-000000000000/resourceGroups/jeburkeHelm/providers/Microsoft.ContainerRegistry/registries/jeburkeHelmWebhook","name":"jeburkeHelmWebhook","type":"Microsoft.ContainerRegistry/registries","sku":{"name":"Standard","tier":"Standard"},"location":"eastus","tags":{}}]}'
    headers:
      cache-control:
      - no-cache
      content-length:
      - '1809'
      content-type:
      - application/json; charset=utf-8
      date:
      - Tue, 18 Jun 2019 02:06:38 GMT
      expires:
      - '-1'
      pragma:
      - no-cache
      strict-transport-security:
      - max-age=31536000; includeSubDomains
      vary:
      - Accept-Encoding
      x-content-type-options:
      - nosniff
    status:
      code: 200
      message: OK
- request:
    body: null
    headers:
      Accept:
      - application/json
      Accept-Encoding:
      - gzip, deflate
      CommandName:
      - acr task list
      Connection:
      - keep-alive
      ParameterSetName:
      - -r
      User-Agent:
      - python/3.7.1 (Windows-10-10.0.18362-SP0) msrest/0.6.7 msrest_azure/0.6.1 azure-mgmt-containerregistry/3.0.0rc2
        Azure-SDK-For-Python AZURECLI/2.0.66
      accept-language:
      - en-US
    method: GET
    uri: https://management.azure.com/subscriptions/00000000-0000-0000-0000-000000000000/resourceGroups/clitest.rg000001/providers/Microsoft.ContainerRegistry/registries/clireg000002?api-version=2017-10-01
  response:
    body:
      string: '{"sku":{"name":"Standard","tier":"Standard"},"type":"Microsoft.ContainerRegistry/registries","id":"/subscriptions/00000000-0000-0000-0000-000000000000/resourceGroups/clitest.rg000001/providers/Microsoft.ContainerRegistry/registries/clireg000002","name":"clireg000002","location":"westus","tags":{},"properties":{"loginServer":"clireg000002.azurecr.io","creationDate":"2019-06-18T02:06:31.9933263Z","provisioningState":"Succeeded","adminUserEnabled":false}}'
    headers:
      cache-control:
      - no-cache
      content-length:
      - '539'
      content-type:
      - application/json; charset=utf-8
      date:
      - Tue, 18 Jun 2019 02:06:39 GMT
      expires:
      - '-1'
      pragma:
      - no-cache
      server:
      - Microsoft-HTTPAPI/2.0
      strict-transport-security:
      - max-age=31536000; includeSubDomains
      transfer-encoding:
      - chunked
      vary:
      - Accept-Encoding
      x-content-type-options:
      - nosniff
    status:
      code: 200
      message: OK
- request:
    body: null
    headers:
      Accept:
      - application/json
      Accept-Encoding:
      - gzip, deflate
      CommandName:
      - acr task list
      Connection:
      - keep-alive
      ParameterSetName:
      - -r
      User-Agent:
      - python/3.7.1 (Windows-10-10.0.18362-SP0) msrest/0.6.7 msrest_azure/0.6.1 azure-mgmt-containerregistry/3.0.0rc2
        Azure-SDK-For-Python AZURECLI/2.0.66
      accept-language:
      - en-US
    method: GET
    uri: https://management.azure.com/subscriptions/00000000-0000-0000-0000-000000000000/resourceGroups/clitest.rg000001/providers/Microsoft.ContainerRegistry/registries/clireg000002/tasks?api-version=2019-04-01
  response:
    body:
      string: '{"value":[{"type":"Microsoft.ContainerRegistry/registries/tasks","properties":{"provisioningState":"Succeeded","creationDate":"2019-06-18T02:06:36.9996667+00:00","status":"Enabled","platform":{"os":"linux","architecture":"amd64"},"agentConfiguration":{"cpu":2},"timeout":3600,"step":{"type":"Docker","imageNames":["testtask:v1"],"isPushEnabled":true,"noCache":false,"dockerFilePath":"Dockerfile","arguments":[],"contextPath":"https://github.com/SteveLasker/node-helloworld"},"trigger":{"baseImageTrigger":{"baseImageTriggerType":"Runtime","status":"Enabled","name":"defaultBaseimageTriggerName"}}},"id":"/subscriptions/00000000-0000-0000-0000-000000000000/resourceGroups/clitest.rg000001/providers/Microsoft.ContainerRegistry/registries/clireg000002/tasks/testTask","name":"testTask","location":"westus"},{"type":"Microsoft.ContainerRegistry/registries/tasks","properties":{"provisioningState":"Succeeded","creationDate":"2019-06-18T02:06:38.3985498+00:00","status":"Enabled","platform":{"os":"linux","architecture":"amd64"},"agentConfiguration":{"cpu":2},"timeout":3600,"step":{"type":"EncodedTask","encodedTaskContent":"c3RlcHM6IAogIC0gY21kOiB7eyAuVmFsdWVzLmNvbW1hbmQgfX0KICAgIHRpbWVvdXQ6IHt7IC5WYWx1ZXMudGltZW91dCB9fQo=","encodedValuesContent":"Y29tbWFuZDogYmFzaAp0aW1lb3V0OiAzNjAwCg==","values":[]},"trigger":{"baseImageTrigger":{"baseImageTriggerType":"Runtime","status":"Enabled","name":"defaultBaseimageTriggerName"}}},"id":"/subscriptions/00000000-0000-0000-0000-000000000000/resourceGroups/clitest.rg000001/providers/Microsoft.ContainerRegistry/registries/clireg000002/tasks/contextlessTask","name":"contextlessTask","location":"westus"}]}'
    headers:
      cache-control:
      - no-cache
      content-length:
      - '1782'
      content-type:
      - application/json; charset=utf-8
      date:
      - Tue, 18 Jun 2019 02:06:39 GMT
      expires:
      - '-1'
      pragma:
      - no-cache
      server:
      - nginx/1.15.9
      strict-transport-security:
      - max-age=31536000; includeSubDomains
      transfer-encoding:
      - chunked
      vary:
      - Accept-Encoding,Accept-Encoding
      x-content-type-options:
      - nosniff
    status:
      code: 200
      message: OK
- request:
    body: null
    headers:
      Accept:
      - application/json
      Accept-Encoding:
      - gzip, deflate
      CommandName:
      - acr task run
      Connection:
      - keep-alive
      ParameterSetName:
      - -n -r --no-logs
      User-Agent:
      - python/3.7.1 (Windows-10-10.0.18362-SP0) msrest/0.6.7 msrest_azure/0.6.1 resourcemanagementclient/2.1.0
        Azure-SDK-For-Python AZURECLI/2.0.66
      accept-language:
      - en-US
    method: GET
    uri: https://management.azure.com/subscriptions/00000000-0000-0000-0000-000000000000/resources?$filter=resourceType%20eq%20%27Microsoft.ContainerRegistry%2Fregistries%27&api-version=2018-05-01
  response:
    body:
      string: '{"value":[{"id":"/subscriptions/00000000-0000-0000-0000-000000000000/resourceGroups/clitest.rg4ptbkplwetzzymwa5xuvozc7ajdjgb4rz47th4hrwzz6tw3e7ts7m3lmqmg5zktpt/providers/Microsoft.ContainerRegistry/registries/cliregc2pprtnulminm7","name":"cliregc2pprtnulminm7","type":"Microsoft.ContainerRegistry/registries","sku":{"name":"Standard","tier":"Standard"},"location":"westus","tags":{}},{"id":"/subscriptions/00000000-0000-0000-0000-000000000000/resourceGroups/clitest.rg000001/providers/Microsoft.ContainerRegistry/registries/clireg000002","name":"clireg000002","type":"Microsoft.ContainerRegistry/registries","sku":{"name":"Standard","tier":"Standard"},"location":"westus","tags":{}},{"id":"/subscriptions/00000000-0000-0000-0000-000000000000/resourceGroups/clitest.rgtw7sr5az2p5fph4gpwtxxr6e5byed76yfmhpz67wrovkinbfvr3knmtqnme53un5h/providers/Microsoft.ContainerRegistry/registries/cliregacwzda6armrou5","name":"cliregacwzda6armrou5","type":"Microsoft.ContainerRegistry/registries","sku":{"name":"Premium","tier":"Premium"},"location":"westus","tags":{}},{"id":"/subscriptions/00000000-0000-0000-0000-000000000000/resourceGroups/clitest.rgzcmybwpqyf5tukwfnf5xgdfn7zhowjwd5txexpjj2z2ocfutwob6few6bckhles2u/providers/Microsoft.ContainerRegistry/registries/cliregmcxm3dbstxkwel","name":"cliregmcxm3dbstxkwel","type":"Microsoft.ContainerRegistry/registries","sku":{"name":"Premium","tier":"Premium"},"location":"westus","tags":{}},{"id":"/subscriptions/00000000-0000-0000-0000-000000000000/resourceGroups/jeburkeHelm/providers/Microsoft.ContainerRegistry/registries/jeburkeHelmWebhook","name":"jeburkeHelmWebhook","type":"Microsoft.ContainerRegistry/registries","sku":{"name":"Standard","tier":"Standard"},"location":"eastus","tags":{}}]}'
    headers:
      cache-control:
      - no-cache
      content-length:
      - '1809'
      content-type:
      - application/json; charset=utf-8
      date:
      - Tue, 18 Jun 2019 02:06:40 GMT
      expires:
      - '-1'
      pragma:
      - no-cache
      strict-transport-security:
      - max-age=31536000; includeSubDomains
      vary:
      - Accept-Encoding
      x-content-type-options:
      - nosniff
    status:
      code: 200
      message: OK
- request:
    body: null
    headers:
      Accept:
      - application/json
      Accept-Encoding:
      - gzip, deflate
      CommandName:
      - acr task run
      Connection:
      - keep-alive
      ParameterSetName:
      - -n -r --no-logs
      User-Agent:
      - python/3.7.1 (Windows-10-10.0.18362-SP0) msrest/0.6.7 msrest_azure/0.6.1 azure-mgmt-containerregistry/3.0.0rc2
        Azure-SDK-For-Python AZURECLI/2.0.66
      accept-language:
      - en-US
    method: GET
    uri: https://management.azure.com/subscriptions/00000000-0000-0000-0000-000000000000/resourceGroups/clitest.rg000001/providers/Microsoft.ContainerRegistry/registries/clireg000002?api-version=2017-10-01
  response:
    body:
      string: '{"sku":{"name":"Standard","tier":"Standard"},"type":"Microsoft.ContainerRegistry/registries","id":"/subscriptions/00000000-0000-0000-0000-000000000000/resourceGroups/clitest.rg000001/providers/Microsoft.ContainerRegistry/registries/clireg000002","name":"clireg000002","location":"westus","tags":{},"properties":{"loginServer":"clireg000002.azurecr.io","creationDate":"2019-06-18T02:06:31.9933263Z","provisioningState":"Succeeded","adminUserEnabled":false}}'
    headers:
      cache-control:
      - no-cache
      content-length:
      - '539'
      content-type:
      - application/json; charset=utf-8
      date:
      - Tue, 18 Jun 2019 02:06:40 GMT
      expires:
      - '-1'
      pragma:
      - no-cache
      server:
      - Microsoft-HTTPAPI/2.0
      strict-transport-security:
      - max-age=31536000; includeSubDomains
      transfer-encoding:
      - chunked
      vary:
      - Accept-Encoding
      x-content-type-options:
      - nosniff
    status:
      code: 200
      message: OK
- request:
    body: '{"isArchiveEnabled": false, "type": "TaskRunRequest", "taskName": "contextlessTask",
      "values": []}'
    headers:
      Accept:
      - application/json
      Accept-Encoding:
      - gzip, deflate
      CommandName:
      - acr task run
      Connection:
      - keep-alive
      Content-Length:
      - '98'
      Content-Type:
      - application/json; charset=utf-8
      ParameterSetName:
      - -n -r --no-logs
      User-Agent:
      - python/3.7.1 (Windows-10-10.0.18362-SP0) msrest/0.6.7 msrest_azure/0.6.1 azure-mgmt-containerregistry/3.0.0rc2
        Azure-SDK-For-Python AZURECLI/2.0.66
      accept-language:
      - en-US
    method: POST
    uri: https://management.azure.com/subscriptions/00000000-0000-0000-0000-000000000000/resourceGroups/clitest.rg000001/providers/Microsoft.ContainerRegistry/registries/clireg000002/scheduleRun?api-version=2019-04-01
  response:
    body:
      string: '{"type":"Microsoft.ContainerRegistry/registries/runs","properties":{"runId":"cf1","status":"Queued","lastUpdatedTime":"2019-06-18T02:06:41+00:00","provisioningState":"Succeeded","isArchiveEnabled":false},"id":"/subscriptions/00000000-0000-0000-0000-000000000000/resourceGroups/clitest.rg000001/providers/Microsoft.ContainerRegistry/registries/clireg000002/runs/cf1","name":"cf1"}'
    headers:
      cache-control:
      - no-cache
      content-length:
      - '446'
      content-type:
      - application/json; charset=utf-8
      date:
      - Tue, 18 Jun 2019 02:06:40 GMT
      expires:
      - '-1'
      pragma:
      - no-cache
      server:
      - nginx/1.15.9
      strict-transport-security:
      - max-age=31536000; includeSubDomains
      transfer-encoding:
      - chunked
      vary:
      - Accept-Encoding,Accept-Encoding
      x-content-type-options:
      - nosniff
      x-ms-ratelimit-remaining-subscription-writes:
      - '1198'
    status:
      code: 200
      message: OK
- request:
    body: null
    headers:
      Accept:
      - application/json
      Accept-Encoding:
      - gzip, deflate
      CommandName:
      - acr task run
      Connection:
      - keep-alive
      ParameterSetName:
      - -n -r --no-logs
      User-Agent:
      - python/3.7.1 (Windows-10-10.0.18362-SP0) msrest/0.6.7 msrest_azure/0.6.1 azure-mgmt-containerregistry/3.0.0rc2
        Azure-SDK-For-Python AZURECLI/2.0.66
      accept-language:
      - en-US
    method: GET
    uri: https://management.azure.com/subscriptions/00000000-0000-0000-0000-000000000000/resourceGroups/clitest.rg000001/providers/Microsoft.ContainerRegistry/registries/clireg000002/runs/cf1?api-version=2019-04-01
  response:
    body:
      string: '{"type":"Microsoft.ContainerRegistry/registries/runs","properties":{"runId":"cf1","status":"Running","lastUpdatedTime":"2019-06-18T02:06:41+00:00","runType":"QuickRun","createTime":"2019-06-18T02:06:41.0097847+00:00","startTime":"2019-06-18T02:06:41.2798988+00:00","task":"contextlessTask","platform":{"os":"linux","architecture":"amd64"},"agentConfiguration":{"cpu":2},"provisioningState":"Succeeded","isArchiveEnabled":false},"id":"/subscriptions/00000000-0000-0000-0000-000000000000/resourceGroups/clitest.rg000001/providers/Microsoft.ContainerRegistry/registries/clireg000002/runs/cf1","name":"cf1"}'
    headers:
      cache-control:
      - no-cache
      content-length:
      - '670'
      content-type:
      - application/json; charset=utf-8
      date:
      - Tue, 18 Jun 2019 02:06:40 GMT
      expires:
      - '-1'
      pragma:
      - no-cache
      server:
      - nginx/1.15.9
      strict-transport-security:
      - max-age=31536000; includeSubDomains
      transfer-encoding:
      - chunked
      vary:
      - Accept-Encoding,Accept-Encoding
      x-content-type-options:
      - nosniff
    status:
      code: 200
      message: OK
- request:
    body: null
    headers:
      Accept:
      - application/json
      Accept-Encoding:
      - gzip, deflate
      CommandName:
      - acr task run
      Connection:
      - keep-alive
      ParameterSetName:
      - -n -r --no-logs
      User-Agent:
      - python/3.7.1 (Windows-10-10.0.18362-SP0) msrest/0.6.7 msrest_azure/0.6.1 azure-mgmt-containerregistry/3.0.0rc2
        Azure-SDK-For-Python AZURECLI/2.0.66
    method: GET
    uri: https://management.azure.com/subscriptions/00000000-0000-0000-0000-000000000000/resourceGroups/clitest.rg000001/providers/Microsoft.ContainerRegistry/registries/clireg000002/runs/cf1?api-version=2019-04-01
  response:
    body:
      string: '{"type":"Microsoft.ContainerRegistry/registries/runs","properties":{"runId":"cf1","status":"Succeeded","lastUpdatedTime":"2019-06-18T02:06:48+00:00","runType":"QuickRun","createTime":"2019-06-18T02:06:41.0097847+00:00","startTime":"2019-06-18T02:06:41.2798988+00:00","finishTime":"2019-06-18T02:06:48.781309+00:00","task":"contextlessTask","platform":{"os":"linux","architecture":"amd64"},"agentConfiguration":{"cpu":2},"provisioningState":"Succeeded","isArchiveEnabled":false},"id":"/subscriptions/00000000-0000-0000-0000-000000000000/resourceGroups/clitest.rg000001/providers/Microsoft.ContainerRegistry/registries/clireg000002/runs/cf1","name":"cf1"}'
    headers:
      cache-control:
      - no-cache
      content-length:
      - '720'
      content-type:
      - application/json; charset=utf-8
      date:
      - Tue, 18 Jun 2019 02:07:11 GMT
      expires:
      - '-1'
      pragma:
      - no-cache
      server:
      - nginx/1.15.9
      strict-transport-security:
      - max-age=31536000; includeSubDomains
      transfer-encoding:
      - chunked
      vary:
      - Accept-Encoding,Accept-Encoding
      x-content-type-options:
      - nosniff
    status:
      code: 200
      message: OK
- request:
    body: null
    headers:
      Accept:
      - application/json
      Accept-Encoding:
      - gzip, deflate
      CommandName:
      - acr task run
      Connection:
      - keep-alive
      ParameterSetName:
      - -n -r --no-logs
      User-Agent:
      - python/3.7.1 (Windows-10-10.0.18362-SP0) msrest/0.6.7 msrest_azure/0.6.1 resourcemanagementclient/2.1.0
        Azure-SDK-For-Python AZURECLI/2.0.66
      accept-language:
      - en-US
    method: GET
    uri: https://management.azure.com/subscriptions/00000000-0000-0000-0000-000000000000/resources?$filter=resourceType%20eq%20%27Microsoft.ContainerRegistry%2Fregistries%27&api-version=2018-05-01
  response:
    body:
      string: '{"value":[{"id":"/subscriptions/00000000-0000-0000-0000-000000000000/resourceGroups/clitest.rg4ptbkplwetzzymwa5xuvozc7ajdjgb4rz47th4hrwzz6tw3e7ts7m3lmqmg5zktpt/providers/Microsoft.ContainerRegistry/registries/cliregc2pprtnulminm7","name":"cliregc2pprtnulminm7","type":"Microsoft.ContainerRegistry/registries","sku":{"name":"Standard","tier":"Standard"},"location":"westus","tags":{}},{"id":"/subscriptions/00000000-0000-0000-0000-000000000000/resourceGroups/clitest.rg000001/providers/Microsoft.ContainerRegistry/registries/clireg000002","name":"clireg000002","type":"Microsoft.ContainerRegistry/registries","sku":{"name":"Standard","tier":"Standard"},"location":"westus","tags":{}},{"id":"/subscriptions/00000000-0000-0000-0000-000000000000/resourceGroups/clitest.rgtw7sr5az2p5fph4gpwtxxr6e5byed76yfmhpz67wrovkinbfvr3knmtqnme53un5h/providers/Microsoft.ContainerRegistry/registries/cliregacwzda6armrou5","name":"cliregacwzda6armrou5","type":"Microsoft.ContainerRegistry/registries","sku":{"name":"Premium","tier":"Premium"},"location":"westus","tags":{}},{"id":"/subscriptions/00000000-0000-0000-0000-000000000000/resourceGroups/clitest.rgzcmybwpqyf5tukwfnf5xgdfn7zhowjwd5txexpjj2z2ocfutwob6few6bckhles2u/providers/Microsoft.ContainerRegistry/registries/cliregmcxm3dbstxkwel","name":"cliregmcxm3dbstxkwel","type":"Microsoft.ContainerRegistry/registries","sku":{"name":"Premium","tier":"Premium"},"location":"westus","tags":{}},{"id":"/subscriptions/00000000-0000-0000-0000-000000000000/resourceGroups/jeburkeHelm/providers/Microsoft.ContainerRegistry/registries/jeburkeHelmWebhook","name":"jeburkeHelmWebhook","type":"Microsoft.ContainerRegistry/registries","sku":{"name":"Standard","tier":"Standard"},"location":"eastus","tags":{}}]}'
    headers:
      cache-control:
      - no-cache
      content-length:
      - '1809'
      content-type:
      - application/json; charset=utf-8
      date:
      - Tue, 18 Jun 2019 02:07:12 GMT
      expires:
      - '-1'
      pragma:
      - no-cache
      strict-transport-security:
      - max-age=31536000; includeSubDomains
      vary:
      - Accept-Encoding
      x-content-type-options:
      - nosniff
    status:
      code: 200
      message: OK
- request:
    body: null
    headers:
      Accept:
      - application/json
      Accept-Encoding:
      - gzip, deflate
      CommandName:
      - acr task run
      Connection:
      - keep-alive
      ParameterSetName:
      - -n -r --no-logs
      User-Agent:
      - python/3.7.1 (Windows-10-10.0.18362-SP0) msrest/0.6.7 msrest_azure/0.6.1 azure-mgmt-containerregistry/3.0.0rc2
        Azure-SDK-For-Python AZURECLI/2.0.66
      accept-language:
      - en-US
    method: GET
    uri: https://management.azure.com/subscriptions/00000000-0000-0000-0000-000000000000/resourceGroups/clitest.rg000001/providers/Microsoft.ContainerRegistry/registries/clireg000002?api-version=2017-10-01
  response:
    body:
      string: '{"sku":{"name":"Standard","tier":"Standard"},"type":"Microsoft.ContainerRegistry/registries","id":"/subscriptions/00000000-0000-0000-0000-000000000000/resourceGroups/clitest.rg000001/providers/Microsoft.ContainerRegistry/registries/clireg000002","name":"clireg000002","location":"westus","tags":{},"properties":{"loginServer":"clireg000002.azurecr.io","creationDate":"2019-06-18T02:06:31.9933263Z","provisioningState":"Succeeded","adminUserEnabled":false}}'
    headers:
      cache-control:
      - no-cache
      content-length:
      - '539'
      content-type:
      - application/json; charset=utf-8
      date:
      - Tue, 18 Jun 2019 02:07:12 GMT
      expires:
      - '-1'
      pragma:
      - no-cache
      server:
      - Microsoft-HTTPAPI/2.0
      strict-transport-security:
      - max-age=31536000; includeSubDomains
      transfer-encoding:
      - chunked
      vary:
      - Accept-Encoding
      x-content-type-options:
      - nosniff
    status:
      code: 200
      message: OK
- request:
    body: '{"isArchiveEnabled": false, "type": "TaskRunRequest", "taskName": "testTask",
      "values": []}'
    headers:
      Accept:
      - application/json
      Accept-Encoding:
      - gzip, deflate
      CommandName:
      - acr task run
      Connection:
      - keep-alive
      Content-Length:
      - '91'
      Content-Type:
      - application/json; charset=utf-8
      ParameterSetName:
      - -n -r --no-logs
      User-Agent:
      - python/3.7.1 (Windows-10-10.0.18362-SP0) msrest/0.6.7 msrest_azure/0.6.1 azure-mgmt-containerregistry/3.0.0rc2
        Azure-SDK-For-Python AZURECLI/2.0.66
      accept-language:
      - en-US
    method: POST
    uri: https://management.azure.com/subscriptions/00000000-0000-0000-0000-000000000000/resourceGroups/clitest.rg000001/providers/Microsoft.ContainerRegistry/registries/clireg000002/scheduleRun?api-version=2019-04-01
  response:
    body:
      string: '{"type":"Microsoft.ContainerRegistry/registries/runs","properties":{"runId":"cf2","status":"Queued","lastUpdatedTime":"2019-06-18T02:07:13+00:00","provisioningState":"Succeeded","isArchiveEnabled":false},"id":"/subscriptions/00000000-0000-0000-0000-000000000000/resourceGroups/clitest.rg000001/providers/Microsoft.ContainerRegistry/registries/clireg000002/runs/cf2","name":"cf2"}'
    headers:
      cache-control:
      - no-cache
      content-length:
      - '446'
      content-type:
      - application/json; charset=utf-8
      date:
      - Tue, 18 Jun 2019 02:07:12 GMT
      expires:
      - '-1'
      pragma:
      - no-cache
      server:
      - nginx/1.15.9
      strict-transport-security:
      - max-age=31536000; includeSubDomains
      transfer-encoding:
      - chunked
      vary:
      - Accept-Encoding,Accept-Encoding
      x-content-type-options:
      - nosniff
      x-ms-ratelimit-remaining-subscription-writes:
      - '1199'
    status:
      code: 200
      message: OK
- request:
    body: null
    headers:
      Accept:
      - application/json
      Accept-Encoding:
      - gzip, deflate
      CommandName:
      - acr task run
      Connection:
      - keep-alive
      ParameterSetName:
      - -n -r --no-logs
      User-Agent:
      - python/3.7.1 (Windows-10-10.0.18362-SP0) msrest/0.6.7 msrest_azure/0.6.1 azure-mgmt-containerregistry/3.0.0rc2
        Azure-SDK-For-Python AZURECLI/2.0.66
      accept-language:
      - en-US
    method: GET
    uri: https://management.azure.com/subscriptions/00000000-0000-0000-0000-000000000000/resourceGroups/clitest.rg000001/providers/Microsoft.ContainerRegistry/registries/clireg000002/runs/cf2?api-version=2019-04-01
  response:
    body:
      string: '{"type":"Microsoft.ContainerRegistry/registries/runs","properties":{"runId":"cf2","status":"Running","lastUpdatedTime":"2019-06-18T02:07:13+00:00","runType":"QuickRun","createTime":"2019-06-18T02:07:13.6036258+00:00","startTime":"2019-06-18T02:07:13.7764761+00:00","task":"testTask","platform":{"os":"linux","architecture":"amd64"},"agentConfiguration":{"cpu":2},"provisioningState":"Succeeded","isArchiveEnabled":false},"id":"/subscriptions/00000000-0000-0000-0000-000000000000/resourceGroups/clitest.rg000001/providers/Microsoft.ContainerRegistry/registries/clireg000002/runs/cf2","name":"cf2"}'
    headers:
      cache-control:
      - no-cache
      content-length:
      - '663'
      content-type:
      - application/json; charset=utf-8
      date:
      - Tue, 18 Jun 2019 02:07:13 GMT
      expires:
      - '-1'
      pragma:
      - no-cache
      server:
      - nginx/1.15.9
      strict-transport-security:
      - max-age=31536000; includeSubDomains
      transfer-encoding:
      - chunked
      vary:
      - Accept-Encoding,Accept-Encoding
      x-content-type-options:
      - nosniff
    status:
      code: 200
      message: OK
- request:
    body: null
    headers:
      Accept:
      - application/json
      Accept-Encoding:
      - gzip, deflate
      CommandName:
      - acr task run
      Connection:
      - keep-alive
      ParameterSetName:
      - -n -r --no-logs
      User-Agent:
      - python/3.7.1 (Windows-10-10.0.18362-SP0) msrest/0.6.7 msrest_azure/0.6.1 azure-mgmt-containerregistry/3.0.0rc2
        Azure-SDK-For-Python AZURECLI/2.0.66
    method: GET
    uri: https://management.azure.com/subscriptions/00000000-0000-0000-0000-000000000000/resourceGroups/clitest.rg000001/providers/Microsoft.ContainerRegistry/registries/clireg000002/runs/cf2?api-version=2019-04-01
  response:
    body:
      string: '{"type":"Microsoft.ContainerRegistry/registries/runs","properties":{"runId":"cf2","status":"Running","lastUpdatedTime":"2019-06-18T02:07:13+00:00","runType":"QuickRun","createTime":"2019-06-18T02:07:13.6036258+00:00","startTime":"2019-06-18T02:07:13.7764761+00:00","task":"testTask","platform":{"os":"linux","architecture":"amd64"},"agentConfiguration":{"cpu":2},"provisioningState":"Succeeded","isArchiveEnabled":false},"id":"/subscriptions/00000000-0000-0000-0000-000000000000/resourceGroups/clitest.rg000001/providers/Microsoft.ContainerRegistry/registries/clireg000002/runs/cf2","name":"cf2"}'
    headers:
      cache-control:
      - no-cache
      content-length:
      - '663'
      content-type:
      - application/json; charset=utf-8
      date:
      - Tue, 18 Jun 2019 02:07:43 GMT
      expires:
      - '-1'
      pragma:
      - no-cache
      server:
      - nginx/1.15.9
      strict-transport-security:
      - max-age=31536000; includeSubDomains
      transfer-encoding:
      - chunked
      vary:
      - Accept-Encoding,Accept-Encoding
      x-content-type-options:
      - nosniff
    status:
      code: 200
      message: OK
- request:
    body: null
    headers:
      Accept:
      - application/json
      Accept-Encoding:
      - gzip, deflate
      CommandName:
      - acr task run
      Connection:
      - keep-alive
      ParameterSetName:
      - -n -r --no-logs
      User-Agent:
      - python/3.7.1 (Windows-10-10.0.18362-SP0) msrest/0.6.7 msrest_azure/0.6.1 azure-mgmt-containerregistry/3.0.0rc2
        Azure-SDK-For-Python AZURECLI/2.0.66
    method: GET
    uri: https://management.azure.com/subscriptions/00000000-0000-0000-0000-000000000000/resourceGroups/clitest.rg000001/providers/Microsoft.ContainerRegistry/registries/clireg000002/runs/cf2?api-version=2019-04-01
  response:
    body:
      string: '{"type":"Microsoft.ContainerRegistry/registries/runs","properties":{"runId":"cf2","status":"Running","lastUpdatedTime":"2019-06-18T02:07:13+00:00","runType":"QuickRun","createTime":"2019-06-18T02:07:13.6036258+00:00","startTime":"2019-06-18T02:07:13.7764761+00:00","task":"testTask","platform":{"os":"linux","architecture":"amd64"},"agentConfiguration":{"cpu":2},"provisioningState":"Succeeded","isArchiveEnabled":false},"id":"/subscriptions/00000000-0000-0000-0000-000000000000/resourceGroups/clitest.rg000001/providers/Microsoft.ContainerRegistry/registries/clireg000002/runs/cf2","name":"cf2"}'
    headers:
      cache-control:
      - no-cache
      content-length:
      - '663'
      content-type:
      - application/json; charset=utf-8
      date:
      - Tue, 18 Jun 2019 02:08:14 GMT
      expires:
      - '-1'
      pragma:
      - no-cache
      server:
      - nginx/1.15.9
      strict-transport-security:
      - max-age=31536000; includeSubDomains
      transfer-encoding:
      - chunked
      vary:
      - Accept-Encoding,Accept-Encoding
      x-content-type-options:
      - nosniff
    status:
      code: 200
      message: OK
- request:
    body: null
    headers:
      Accept:
      - application/json
      Accept-Encoding:
      - gzip, deflate
      CommandName:
      - acr task run
      Connection:
      - keep-alive
      ParameterSetName:
      - -n -r --no-logs
      User-Agent:
      - python/3.7.1 (Windows-10-10.0.18362-SP0) msrest/0.6.7 msrest_azure/0.6.1 azure-mgmt-containerregistry/3.0.0rc2
        Azure-SDK-For-Python AZURECLI/2.0.66
    method: GET
    uri: https://management.azure.com/subscriptions/00000000-0000-0000-0000-000000000000/resourceGroups/clitest.rg000001/providers/Microsoft.ContainerRegistry/registries/clireg000002/runs/cf2?api-version=2019-04-01
  response:
    body:
      string: '{"type":"Microsoft.ContainerRegistry/registries/runs","properties":{"runId":"cf2","status":"Succeeded","lastUpdatedTime":"2019-06-18T02:08:33+00:00","runType":"QuickRun","createTime":"2019-06-18T02:07:13.6036258+00:00","startTime":"2019-06-18T02:07:13.7764761+00:00","finishTime":"2019-06-18T02:08:33.6753656+00:00","outputImages":[{"registry":"clireg000002.azurecr.io","repository":"testtask","tag":"v1","digest":"sha256:90bf2f858cd4b367eb5414f332956d78f5d8ca92c316b9b9865178bc2d8ab02b"}],"task":"testTask","platform":{"os":"linux","architecture":"amd64"},"agentConfiguration":{"cpu":2},"provisioningState":"Succeeded","isArchiveEnabled":false},"id":"/subscriptions/00000000-0000-0000-0000-000000000000/resourceGroups/clitest.rg000001/providers/Microsoft.ContainerRegistry/registries/clireg000002/runs/cf2","name":"cf2"}'
    headers:
      cache-control:
      - no-cache
      content-length:
      - '896'
      content-type:
      - application/json; charset=utf-8
      date:
      - Tue, 18 Jun 2019 02:08:43 GMT
      expires:
      - '-1'
      pragma:
      - no-cache
      server:
      - nginx/1.15.9
      strict-transport-security:
      - max-age=31536000; includeSubDomains
      transfer-encoding:
      - chunked
      vary:
      - Accept-Encoding,Accept-Encoding
      x-content-type-options:
      - nosniff
    status:
      code: 200
      message: OK
- request:
    body: null
    headers:
      Accept:
      - application/json
      Accept-Encoding:
      - gzip, deflate
      CommandName:
      - acr task list-runs
      Connection:
      - keep-alive
      ParameterSetName:
      - -n -r
      User-Agent:
      - python/3.7.1 (Windows-10-10.0.18362-SP0) msrest/0.6.7 msrest_azure/0.6.1 resourcemanagementclient/2.1.0
        Azure-SDK-For-Python AZURECLI/2.0.66
      accept-language:
      - en-US
    method: GET
    uri: https://management.azure.com/subscriptions/00000000-0000-0000-0000-000000000000/resources?$filter=resourceType%20eq%20%27Microsoft.ContainerRegistry%2Fregistries%27&api-version=2018-05-01
  response:
    body:
      string: '{"value":[{"id":"/subscriptions/00000000-0000-0000-0000-000000000000/resourceGroups/clitest.rg4ptbkplwetzzymwa5xuvozc7ajdjgb4rz47th4hrwzz6tw3e7ts7m3lmqmg5zktpt/providers/Microsoft.ContainerRegistry/registries/cliregc2pprtnulminm7","name":"cliregc2pprtnulminm7","type":"Microsoft.ContainerRegistry/registries","sku":{"name":"Standard","tier":"Standard"},"location":"westus","tags":{}},{"id":"/subscriptions/00000000-0000-0000-0000-000000000000/resourceGroups/clitest.rg000001/providers/Microsoft.ContainerRegistry/registries/clireg000002","name":"clireg000002","type":"Microsoft.ContainerRegistry/registries","sku":{"name":"Standard","tier":"Standard"},"location":"westus","tags":{}},{"id":"/subscriptions/00000000-0000-0000-0000-000000000000/resourceGroups/clitest.rgtw7sr5az2p5fph4gpwtxxr6e5byed76yfmhpz67wrovkinbfvr3knmtqnme53un5h/providers/Microsoft.ContainerRegistry/registries/cliregacwzda6armrou5","name":"cliregacwzda6armrou5","type":"Microsoft.ContainerRegistry/registries","sku":{"name":"Premium","tier":"Premium"},"location":"westus","tags":{}},{"id":"/subscriptions/00000000-0000-0000-0000-000000000000/resourceGroups/clitest.rgzcmybwpqyf5tukwfnf5xgdfn7zhowjwd5txexpjj2z2ocfutwob6few6bckhles2u/providers/Microsoft.ContainerRegistry/registries/cliregmcxm3dbstxkwel","name":"cliregmcxm3dbstxkwel","type":"Microsoft.ContainerRegistry/registries","sku":{"name":"Premium","tier":"Premium"},"location":"westus","tags":{}},{"id":"/subscriptions/00000000-0000-0000-0000-000000000000/resourceGroups/jeburkeHelm/providers/Microsoft.ContainerRegistry/registries/jeburkeHelmWebhook","name":"jeburkeHelmWebhook","type":"Microsoft.ContainerRegistry/registries","sku":{"name":"Standard","tier":"Standard"},"location":"eastus","tags":{}}]}'
    headers:
      cache-control:
      - no-cache
      content-length:
      - '1809'
      content-type:
      - application/json; charset=utf-8
      date:
      - Tue, 18 Jun 2019 02:08:45 GMT
      expires:
      - '-1'
      pragma:
      - no-cache
      strict-transport-security:
      - max-age=31536000; includeSubDomains
      vary:
      - Accept-Encoding
      x-content-type-options:
      - nosniff
    status:
      code: 200
      message: OK
- request:
    body: null
    headers:
      Accept:
      - application/json
      Accept-Encoding:
      - gzip, deflate
      CommandName:
      - acr task list-runs
      Connection:
      - keep-alive
      ParameterSetName:
      - -n -r
      User-Agent:
      - python/3.7.1 (Windows-10-10.0.18362-SP0) msrest/0.6.7 msrest_azure/0.6.1 azure-mgmt-containerregistry/3.0.0rc2
        Azure-SDK-For-Python AZURECLI/2.0.66
      accept-language:
      - en-US
    method: GET
    uri: https://management.azure.com/subscriptions/00000000-0000-0000-0000-000000000000/resourceGroups/clitest.rg000001/providers/Microsoft.ContainerRegistry/registries/clireg000002?api-version=2017-10-01
  response:
    body:
      string: '{"sku":{"name":"Standard","tier":"Standard"},"type":"Microsoft.ContainerRegistry/registries","id":"/subscriptions/00000000-0000-0000-0000-000000000000/resourceGroups/clitest.rg000001/providers/Microsoft.ContainerRegistry/registries/clireg000002","name":"clireg000002","location":"westus","tags":{},"properties":{"loginServer":"clireg000002.azurecr.io","creationDate":"2019-06-18T02:06:31.9933263Z","provisioningState":"Succeeded","adminUserEnabled":false}}'
    headers:
      cache-control:
      - no-cache
      content-length:
      - '539'
      content-type:
      - application/json; charset=utf-8
      date:
      - Tue, 18 Jun 2019 02:08:45 GMT
      expires:
      - '-1'
      pragma:
      - no-cache
      server:
      - Microsoft-HTTPAPI/2.0
      strict-transport-security:
      - max-age=31536000; includeSubDomains
      transfer-encoding:
      - chunked
      vary:
      - Accept-Encoding
      x-content-type-options:
      - nosniff
    status:
      code: 200
      message: OK
- request:
    body: null
    headers:
      Accept:
      - application/json
      Accept-Encoding:
      - gzip, deflate
      CommandName:
      - acr task list-runs
      Connection:
      - keep-alive
      ParameterSetName:
      - -n -r
      User-Agent:
      - python/3.7.1 (Windows-10-10.0.18362-SP0) msrest/0.6.7 msrest_azure/0.6.1 azure-mgmt-containerregistry/3.0.0rc2
        Azure-SDK-For-Python AZURECLI/2.0.66
      accept-language:
      - en-US
    method: GET
    uri: https://management.azure.com/subscriptions/00000000-0000-0000-0000-000000000000/resourceGroups/clitest.rg000001/providers/Microsoft.ContainerRegistry/registries/clireg000002/runs?api-version=2019-04-01&$filter=TaskName%20eq%20%27testTask%27&$top=15
  response:
    body:
      string: '{"value":[{"type":"Microsoft.ContainerRegistry/registries/runs","properties":{"runId":"cf2","status":"Succeeded","lastUpdatedTime":"2019-06-18T02:08:33+00:00","runType":"QuickRun","createTime":"2019-06-18T02:07:13.6036258+00:00","startTime":"2019-06-18T02:07:13.7764761+00:00","finishTime":"2019-06-18T02:08:33.6753656+00:00","outputImages":[{"registry":"clireg000002.azurecr.io","repository":"testtask","tag":"v1","digest":"sha256:90bf2f858cd4b367eb5414f332956d78f5d8ca92c316b9b9865178bc2d8ab02b"}],"task":"testTask","platform":{"os":"linux","architecture":"amd64"},"agentConfiguration":{"cpu":2},"provisioningState":"Succeeded","isArchiveEnabled":false},"id":"/subscriptions/00000000-0000-0000-0000-000000000000/resourceGroups/clitest.rg000001/providers/Microsoft.ContainerRegistry/registries/clireg000002/runs/cf2","name":"cf2"}]}'
    headers:
      cache-control:
      - no-cache
      content-length:
      - '908'
      content-type:
      - application/json; charset=utf-8
      date:
      - Tue, 18 Jun 2019 02:08:46 GMT
      expires:
      - '-1'
      pragma:
      - no-cache
      server:
      - nginx/1.15.9
      strict-transport-security:
      - max-age=31536000; includeSubDomains
      transfer-encoding:
      - chunked
      vary:
      - Accept-Encoding,Accept-Encoding
      x-content-type-options:
      - nosniff
    status:
      code: 200
      message: OK
- request:
    body: null
    headers:
      Accept:
      - application/json
      Accept-Encoding:
      - gzip, deflate
      CommandName:
      - acr task show
      Connection:
      - keep-alive
      ParameterSetName:
      - -n -r
      User-Agent:
      - python/3.7.1 (Windows-10-10.0.18362-SP0) msrest/0.6.7 msrest_azure/0.6.1 resourcemanagementclient/2.1.0
        Azure-SDK-For-Python AZURECLI/2.0.66
      accept-language:
      - en-US
    method: GET
    uri: https://management.azure.com/subscriptions/00000000-0000-0000-0000-000000000000/resources?$filter=resourceType%20eq%20%27Microsoft.ContainerRegistry%2Fregistries%27&api-version=2018-05-01
  response:
    body:
      string: '{"value":[{"id":"/subscriptions/00000000-0000-0000-0000-000000000000/resourceGroups/clitest.rg4ptbkplwetzzymwa5xuvozc7ajdjgb4rz47th4hrwzz6tw3e7ts7m3lmqmg5zktpt/providers/Microsoft.ContainerRegistry/registries/cliregc2pprtnulminm7","name":"cliregc2pprtnulminm7","type":"Microsoft.ContainerRegistry/registries","sku":{"name":"Standard","tier":"Standard"},"location":"westus","tags":{}},{"id":"/subscriptions/00000000-0000-0000-0000-000000000000/resourceGroups/clitest.rg000001/providers/Microsoft.ContainerRegistry/registries/clireg000002","name":"clireg000002","type":"Microsoft.ContainerRegistry/registries","sku":{"name":"Standard","tier":"Standard"},"location":"westus","tags":{}},{"id":"/subscriptions/00000000-0000-0000-0000-000000000000/resourceGroups/clitest.rgtw7sr5az2p5fph4gpwtxxr6e5byed76yfmhpz67wrovkinbfvr3knmtqnme53un5h/providers/Microsoft.ContainerRegistry/registries/cliregacwzda6armrou5","name":"cliregacwzda6armrou5","type":"Microsoft.ContainerRegistry/registries","sku":{"name":"Premium","tier":"Premium"},"location":"westus","tags":{}},{"id":"/subscriptions/00000000-0000-0000-0000-000000000000/resourceGroups/clitest.rgzcmybwpqyf5tukwfnf5xgdfn7zhowjwd5txexpjj2z2ocfutwob6few6bckhles2u/providers/Microsoft.ContainerRegistry/registries/cliregmcxm3dbstxkwel","name":"cliregmcxm3dbstxkwel","type":"Microsoft.ContainerRegistry/registries","sku":{"name":"Premium","tier":"Premium"},"location":"westus","tags":{}},{"id":"/subscriptions/00000000-0000-0000-0000-000000000000/resourceGroups/jeburkeHelm/providers/Microsoft.ContainerRegistry/registries/jeburkeHelmWebhook","name":"jeburkeHelmWebhook","type":"Microsoft.ContainerRegistry/registries","sku":{"name":"Standard","tier":"Standard"},"location":"eastus","tags":{}}]}'
    headers:
      cache-control:
      - no-cache
      content-length:
      - '1809'
      content-type:
      - application/json; charset=utf-8
      date:
      - Tue, 18 Jun 2019 02:08:46 GMT
      expires:
      - '-1'
      pragma:
      - no-cache
      strict-transport-security:
      - max-age=31536000; includeSubDomains
      vary:
      - Accept-Encoding
      x-content-type-options:
      - nosniff
    status:
      code: 200
      message: OK
- request:
    body: null
    headers:
      Accept:
      - application/json
      Accept-Encoding:
      - gzip, deflate
      CommandName:
      - acr task show
      Connection:
      - keep-alive
      ParameterSetName:
      - -n -r
      User-Agent:
      - python/3.7.1 (Windows-10-10.0.18362-SP0) msrest/0.6.7 msrest_azure/0.6.1 azure-mgmt-containerregistry/3.0.0rc2
        Azure-SDK-For-Python AZURECLI/2.0.66
      accept-language:
      - en-US
    method: GET
    uri: https://management.azure.com/subscriptions/00000000-0000-0000-0000-000000000000/resourceGroups/clitest.rg000001/providers/Microsoft.ContainerRegistry/registries/clireg000002?api-version=2017-10-01
  response:
    body:
      string: '{"sku":{"name":"Standard","tier":"Standard"},"type":"Microsoft.ContainerRegistry/registries","id":"/subscriptions/00000000-0000-0000-0000-000000000000/resourceGroups/clitest.rg000001/providers/Microsoft.ContainerRegistry/registries/clireg000002","name":"clireg000002","location":"westus","tags":{},"properties":{"loginServer":"clireg000002.azurecr.io","creationDate":"2019-06-18T02:06:31.9933263Z","provisioningState":"Succeeded","adminUserEnabled":false}}'
    headers:
      cache-control:
      - no-cache
      content-length:
      - '539'
      content-type:
      - application/json; charset=utf-8
      date:
      - Tue, 18 Jun 2019 02:08:46 GMT
      expires:
      - '-1'
      pragma:
      - no-cache
      server:
      - Microsoft-HTTPAPI/2.0
      strict-transport-security:
      - max-age=31536000; includeSubDomains
      transfer-encoding:
      - chunked
      vary:
      - Accept-Encoding
      x-content-type-options:
      - nosniff
    status:
      code: 200
      message: OK
- request:
    body: null
    headers:
      Accept:
      - application/json
      Accept-Encoding:
      - gzip, deflate
      CommandName:
      - acr task show
      Connection:
      - keep-alive
      ParameterSetName:
      - -n -r
      User-Agent:
      - python/3.7.1 (Windows-10-10.0.18362-SP0) msrest/0.6.7 msrest_azure/0.6.1 azure-mgmt-containerregistry/3.0.0rc2
        Azure-SDK-For-Python AZURECLI/2.0.66
      accept-language:
      - en-US
    method: GET
    uri: https://management.azure.com/subscriptions/00000000-0000-0000-0000-000000000000/resourceGroups/clitest.rg000001/providers/Microsoft.ContainerRegistry/registries/clireg000002/tasks/testTask?api-version=2019-04-01
  response:
    body:
      string: '{"type":"Microsoft.ContainerRegistry/registries/tasks","properties":{"provisioningState":"Succeeded","creationDate":"2019-06-18T02:06:36.9996667+00:00","status":"Enabled","platform":{"os":"linux","architecture":"amd64"},"agentConfiguration":{"cpu":2},"timeout":3600,"step":{"type":"Docker","imageNames":["testtask:v1"],"isPushEnabled":true,"noCache":false,"dockerFilePath":"Dockerfile","arguments":[],"baseImageDependencies":[{"type":"Runtime","registry":"registry.hub.docker.com","repository":"library/node","tag":"9","digest":"sha256:cddc729ef8326f7e8966c246ba2e87bad4c15365494ff3d681fa6f022cdab041"}],"contextPath":"https://github.com/SteveLasker/node-helloworld"},"trigger":{"baseImageTrigger":{"baseImageTriggerType":"Runtime","status":"Enabled","name":"defaultBaseimageTriggerName"}}},"id":"/subscriptions/00000000-0000-0000-0000-000000000000/resourceGroups/clitest.rg000001/providers/Microsoft.ContainerRegistry/registries/clireg000002/tasks/testTask","name":"testTask","location":"westus"}'
    headers:
      cache-control:
      - no-cache
      content-length:
      - '1064'
      content-type:
      - application/json; charset=utf-8
      date:
      - Tue, 18 Jun 2019 02:08:46 GMT
      expires:
      - '-1'
      pragma:
      - no-cache
      server:
      - nginx/1.15.9
      strict-transport-security:
      - max-age=31536000; includeSubDomains
      transfer-encoding:
      - chunked
      vary:
      - Accept-Encoding,Accept-Encoding
      x-content-type-options:
      - nosniff
    status:
      code: 200
      message: OK
- request:
    body: null
    headers:
      Accept:
      - application/json
      Accept-Encoding:
      - gzip, deflate
      CommandName:
      - acr task update
      Connection:
      - keep-alive
      ParameterSetName:
      - -n -r --platform
      User-Agent:
      - python/3.7.1 (Windows-10-10.0.18362-SP0) msrest/0.6.7 msrest_azure/0.6.1 resourcemanagementclient/2.1.0
        Azure-SDK-For-Python AZURECLI/2.0.66
      accept-language:
      - en-US
    method: GET
    uri: https://management.azure.com/subscriptions/00000000-0000-0000-0000-000000000000/resources?$filter=resourceType%20eq%20%27Microsoft.ContainerRegistry%2Fregistries%27&api-version=2018-05-01
  response:
    body:
      string: '{"value":[{"id":"/subscriptions/00000000-0000-0000-0000-000000000000/resourceGroups/clitest.rg4ptbkplwetzzymwa5xuvozc7ajdjgb4rz47th4hrwzz6tw3e7ts7m3lmqmg5zktpt/providers/Microsoft.ContainerRegistry/registries/cliregc2pprtnulminm7","name":"cliregc2pprtnulminm7","type":"Microsoft.ContainerRegistry/registries","sku":{"name":"Standard","tier":"Standard"},"location":"westus","tags":{}},{"id":"/subscriptions/00000000-0000-0000-0000-000000000000/resourceGroups/clitest.rg000001/providers/Microsoft.ContainerRegistry/registries/clireg000002","name":"clireg000002","type":"Microsoft.ContainerRegistry/registries","sku":{"name":"Standard","tier":"Standard"},"location":"westus","tags":{}},{"id":"/subscriptions/00000000-0000-0000-0000-000000000000/resourceGroups/clitest.rgtw7sr5az2p5fph4gpwtxxr6e5byed76yfmhpz67wrovkinbfvr3knmtqnme53un5h/providers/Microsoft.ContainerRegistry/registries/cliregacwzda6armrou5","name":"cliregacwzda6armrou5","type":"Microsoft.ContainerRegistry/registries","sku":{"name":"Premium","tier":"Premium"},"location":"westus","tags":{}},{"id":"/subscriptions/00000000-0000-0000-0000-000000000000/resourceGroups/clitest.rgzcmybwpqyf5tukwfnf5xgdfn7zhowjwd5txexpjj2z2ocfutwob6few6bckhles2u/providers/Microsoft.ContainerRegistry/registries/cliregmcxm3dbstxkwel","name":"cliregmcxm3dbstxkwel","type":"Microsoft.ContainerRegistry/registries","sku":{"name":"Premium","tier":"Premium"},"location":"westus","tags":{}},{"id":"/subscriptions/00000000-0000-0000-0000-000000000000/resourceGroups/jeburkeHelm/providers/Microsoft.ContainerRegistry/registries/jeburkeHelmWebhook","name":"jeburkeHelmWebhook","type":"Microsoft.ContainerRegistry/registries","sku":{"name":"Standard","tier":"Standard"},"location":"eastus","tags":{}}]}'
    headers:
      cache-control:
      - no-cache
      content-length:
      - '1809'
      content-type:
      - application/json; charset=utf-8
      date:
      - Tue, 18 Jun 2019 02:08:47 GMT
      expires:
      - '-1'
      pragma:
      - no-cache
      strict-transport-security:
      - max-age=31536000; includeSubDomains
      vary:
      - Accept-Encoding
      x-content-type-options:
      - nosniff
    status:
      code: 200
      message: OK
- request:
    body: null
    headers:
      Accept:
      - application/json
      Accept-Encoding:
      - gzip, deflate
      CommandName:
      - acr task update
      Connection:
      - keep-alive
      ParameterSetName:
      - -n -r --platform
      User-Agent:
      - python/3.7.1 (Windows-10-10.0.18362-SP0) msrest/0.6.7 msrest_azure/0.6.1 azure-mgmt-containerregistry/3.0.0rc2
        Azure-SDK-For-Python AZURECLI/2.0.66
      accept-language:
      - en-US
    method: GET
    uri: https://management.azure.com/subscriptions/00000000-0000-0000-0000-000000000000/resourceGroups/clitest.rg000001/providers/Microsoft.ContainerRegistry/registries/clireg000002?api-version=2017-10-01
  response:
    body:
      string: '{"sku":{"name":"Standard","tier":"Standard"},"type":"Microsoft.ContainerRegistry/registries","id":"/subscriptions/00000000-0000-0000-0000-000000000000/resourceGroups/clitest.rg000001/providers/Microsoft.ContainerRegistry/registries/clireg000002","name":"clireg000002","location":"westus","tags":{},"properties":{"loginServer":"clireg000002.azurecr.io","creationDate":"2019-06-18T02:06:31.9933263Z","provisioningState":"Succeeded","adminUserEnabled":false}}'
    headers:
      cache-control:
      - no-cache
      content-length:
      - '539'
      content-type:
      - application/json; charset=utf-8
      date:
      - Tue, 18 Jun 2019 02:08:47 GMT
      expires:
      - '-1'
      pragma:
      - no-cache
      server:
      - Microsoft-HTTPAPI/2.0
      strict-transport-security:
      - max-age=31536000; includeSubDomains
      transfer-encoding:
      - chunked
      vary:
      - Accept-Encoding
      x-content-type-options:
      - nosniff
    status:
      code: 200
      message: OK
- request:
    body: null
    headers:
      Accept:
      - application/json
      Accept-Encoding:
      - gzip, deflate
      CommandName:
      - acr task update
      Connection:
      - keep-alive
      ParameterSetName:
      - -n -r --platform
      User-Agent:
      - python/3.7.1 (Windows-10-10.0.18362-SP0) msrest/0.6.7 msrest_azure/0.6.1 azure-mgmt-containerregistry/3.0.0rc2
        Azure-SDK-For-Python AZURECLI/2.0.66
      accept-language:
      - en-US
    method: GET
    uri: https://management.azure.com/subscriptions/00000000-0000-0000-0000-000000000000/resourceGroups/clitest.rg000001/providers/Microsoft.ContainerRegistry/registries/clireg000002/tasks/testTask?api-version=2019-04-01
  response:
    body:
      string: '{"type":"Microsoft.ContainerRegistry/registries/tasks","properties":{"provisioningState":"Succeeded","creationDate":"2019-06-18T02:06:36.9996667+00:00","status":"Enabled","platform":{"os":"linux","architecture":"amd64"},"agentConfiguration":{"cpu":2},"timeout":3600,"step":{"type":"Docker","imageNames":["testtask:v1"],"isPushEnabled":true,"noCache":false,"dockerFilePath":"Dockerfile","arguments":[],"baseImageDependencies":[{"type":"Runtime","registry":"registry.hub.docker.com","repository":"library/node","tag":"9","digest":"sha256:cddc729ef8326f7e8966c246ba2e87bad4c15365494ff3d681fa6f022cdab041"}],"contextPath":"https://github.com/SteveLasker/node-helloworld"},"trigger":{"baseImageTrigger":{"baseImageTriggerType":"Runtime","status":"Enabled","name":"defaultBaseimageTriggerName"}}},"id":"/subscriptions/00000000-0000-0000-0000-000000000000/resourceGroups/clitest.rg000001/providers/Microsoft.ContainerRegistry/registries/clireg000002/tasks/testTask","name":"testTask","location":"westus"}'
    headers:
      cache-control:
      - no-cache
      content-length:
      - '1064'
      content-type:
      - application/json; charset=utf-8
      date:
      - Tue, 18 Jun 2019 02:08:47 GMT
      expires:
      - '-1'
      pragma:
      - no-cache
      server:
      - nginx/1.15.9
      strict-transport-security:
      - max-age=31536000; includeSubDomains
      transfer-encoding:
      - chunked
      vary:
      - Accept-Encoding,Accept-Encoding
      x-content-type-options:
      - nosniff
    status:
      code: 200
      message: OK
- request:
    body: '{"properties": {"platform": {"os": "linux", "architecture": "arm"}, "agentConfiguration":
      {}, "step": {"contextPath": "https://github.com/SteveLasker/node-helloworld",
      "type": "Docker", "imageNames": ["testtask:v1"], "isPushEnabled": true, "noCache":
      false, "dockerFilePath": "Dockerfile", "arguments": []}, "trigger": {"baseImageTrigger":
      {"name": "defaultBaseimageTriggerName"}}, "credentials": {}}}'
    headers:
      Accept:
      - application/json
      Accept-Encoding:
      - gzip, deflate
      CommandName:
      - acr task update
      Connection:
      - keep-alive
      Content-Length:
      - '401'
      Content-Type:
      - application/json; charset=utf-8
      ParameterSetName:
      - -n -r --platform
      User-Agent:
      - python/3.7.1 (Windows-10-10.0.18362-SP0) msrest/0.6.7 msrest_azure/0.6.1 azure-mgmt-containerregistry/3.0.0rc2
        Azure-SDK-For-Python AZURECLI/2.0.66
      accept-language:
      - en-US
    method: PATCH
    uri: https://management.azure.com/subscriptions/00000000-0000-0000-0000-000000000000/resourceGroups/clitest.rg000001/providers/Microsoft.ContainerRegistry/registries/clireg000002/tasks/testTask?api-version=2019-04-01
  response:
    body:
      string: '{"type":"Microsoft.ContainerRegistry/registries/tasks","properties":{"provisioningState":"Succeeded","creationDate":"2019-06-18T02:06:36.9996667+00:00","status":"Enabled","platform":{"os":"linux","architecture":"arm"},"agentConfiguration":{"cpu":2},"timeout":3600,"step":{"type":"Docker","imageNames":["testtask:v1"],"isPushEnabled":true,"noCache":false,"dockerFilePath":"Dockerfile","arguments":[],"baseImageDependencies":[{"type":"Runtime","registry":"registry.hub.docker.com","repository":"library/node","tag":"9","digest":"sha256:cddc729ef8326f7e8966c246ba2e87bad4c15365494ff3d681fa6f022cdab041"}],"contextPath":"https://github.com/SteveLasker/node-helloworld"},"trigger":{"baseImageTrigger":{"baseImageTriggerType":"Runtime","status":"Enabled","name":"defaultBaseimageTriggerName"}}},"id":"/subscriptions/00000000-0000-0000-0000-000000000000/resourceGroups/clitest.rg000001/providers/Microsoft.ContainerRegistry/registries/clireg000002/tasks/testTask","name":"testTask","location":"westus"}'
    headers:
      cache-control:
      - no-cache
      content-length:
      - '1062'
      content-type:
      - application/json; charset=utf-8
      date:
      - Tue, 18 Jun 2019 02:08:48 GMT
      expires:
      - '-1'
      pragma:
      - no-cache
      server:
      - nginx/1.15.9
      strict-transport-security:
      - max-age=31536000; includeSubDomains
      transfer-encoding:
      - chunked
      vary:
      - Accept-Encoding,Accept-Encoding
      x-content-type-options:
      - nosniff
      x-ms-ratelimit-remaining-subscription-writes:
      - '1198'
    status:
      code: 200
      message: OK
- request:
    body: null
    headers:
      Accept:
      - application/json
      Accept-Encoding:
      - gzip, deflate
      CommandName:
      - acr task update-run
      Connection:
      - keep-alive
      ParameterSetName:
      - -r --run-id --no-archive
      User-Agent:
      - python/3.7.1 (Windows-10-10.0.18362-SP0) msrest/0.6.7 msrest_azure/0.6.1 resourcemanagementclient/2.1.0
        Azure-SDK-For-Python AZURECLI/2.0.66
      accept-language:
      - en-US
    method: GET
    uri: https://management.azure.com/subscriptions/00000000-0000-0000-0000-000000000000/resources?$filter=resourceType%20eq%20%27Microsoft.ContainerRegistry%2Fregistries%27&api-version=2018-05-01
  response:
    body:
      string: '{"value":[{"id":"/subscriptions/00000000-0000-0000-0000-000000000000/resourceGroups/clitest.rg4ptbkplwetzzymwa5xuvozc7ajdjgb4rz47th4hrwzz6tw3e7ts7m3lmqmg5zktpt/providers/Microsoft.ContainerRegistry/registries/cliregc2pprtnulminm7","name":"cliregc2pprtnulminm7","type":"Microsoft.ContainerRegistry/registries","sku":{"name":"Standard","tier":"Standard"},"location":"westus","tags":{}},{"id":"/subscriptions/00000000-0000-0000-0000-000000000000/resourceGroups/clitest.rg000001/providers/Microsoft.ContainerRegistry/registries/clireg000002","name":"clireg000002","type":"Microsoft.ContainerRegistry/registries","sku":{"name":"Standard","tier":"Standard"},"location":"westus","tags":{}},{"id":"/subscriptions/00000000-0000-0000-0000-000000000000/resourceGroups/clitest.rgtw7sr5az2p5fph4gpwtxxr6e5byed76yfmhpz67wrovkinbfvr3knmtqnme53un5h/providers/Microsoft.ContainerRegistry/registries/cliregacwzda6armrou5","name":"cliregacwzda6armrou5","type":"Microsoft.ContainerRegistry/registries","sku":{"name":"Premium","tier":"Premium"},"location":"westus","tags":{}},{"id":"/subscriptions/00000000-0000-0000-0000-000000000000/resourceGroups/clitest.rgzcmybwpqyf5tukwfnf5xgdfn7zhowjwd5txexpjj2z2ocfutwob6few6bckhles2u/providers/Microsoft.ContainerRegistry/registries/cliregmcxm3dbstxkwel","name":"cliregmcxm3dbstxkwel","type":"Microsoft.ContainerRegistry/registries","sku":{"name":"Premium","tier":"Premium"},"location":"westus","tags":{}},{"id":"/subscriptions/00000000-0000-0000-0000-000000000000/resourceGroups/jeburkeHelm/providers/Microsoft.ContainerRegistry/registries/jeburkeHelmWebhook","name":"jeburkeHelmWebhook","type":"Microsoft.ContainerRegistry/registries","sku":{"name":"Standard","tier":"Standard"},"location":"eastus","tags":{}}]}'
    headers:
      cache-control:
      - no-cache
      content-length:
      - '1809'
      content-type:
      - application/json; charset=utf-8
      date:
      - Tue, 18 Jun 2019 02:08:48 GMT
      expires:
      - '-1'
      pragma:
      - no-cache
      strict-transport-security:
      - max-age=31536000; includeSubDomains
      vary:
      - Accept-Encoding
      x-content-type-options:
      - nosniff
    status:
      code: 200
      message: OK
- request:
    body: null
    headers:
      Accept:
      - application/json
      Accept-Encoding:
      - gzip, deflate
      CommandName:
      - acr task update-run
      Connection:
      - keep-alive
      ParameterSetName:
      - -r --run-id --no-archive
      User-Agent:
      - python/3.7.1 (Windows-10-10.0.18362-SP0) msrest/0.6.7 msrest_azure/0.6.1 azure-mgmt-containerregistry/3.0.0rc2
        Azure-SDK-For-Python AZURECLI/2.0.66
      accept-language:
      - en-US
    method: GET
    uri: https://management.azure.com/subscriptions/00000000-0000-0000-0000-000000000000/resourceGroups/clitest.rg000001/providers/Microsoft.ContainerRegistry/registries/clireg000002?api-version=2017-10-01
  response:
    body:
      string: '{"sku":{"name":"Standard","tier":"Standard"},"type":"Microsoft.ContainerRegistry/registries","id":"/subscriptions/00000000-0000-0000-0000-000000000000/resourceGroups/clitest.rg000001/providers/Microsoft.ContainerRegistry/registries/clireg000002","name":"clireg000002","location":"westus","tags":{},"properties":{"loginServer":"clireg000002.azurecr.io","creationDate":"2019-06-18T02:06:31.9933263Z","provisioningState":"Succeeded","adminUserEnabled":false}}'
    headers:
      cache-control:
      - no-cache
      content-length:
      - '539'
      content-type:
      - application/json; charset=utf-8
      date:
      - Tue, 18 Jun 2019 02:08:48 GMT
      expires:
      - '-1'
      pragma:
      - no-cache
      server:
      - Microsoft-HTTPAPI/2.0
      strict-transport-security:
      - max-age=31536000; includeSubDomains
      transfer-encoding:
      - chunked
      vary:
      - Accept-Encoding
      x-content-type-options:
      - nosniff
    status:
      code: 200
      message: OK
- request:
    body: '{"isArchiveEnabled": true}'
    headers:
      Accept:
      - application/json
      Accept-Encoding:
      - gzip, deflate
      CommandName:
      - acr task update-run
      Connection:
      - keep-alive
      Content-Length:
      - '26'
      Content-Type:
      - application/json; charset=utf-8
      ParameterSetName:
      - -r --run-id --no-archive
      User-Agent:
      - python/3.7.1 (Windows-10-10.0.18362-SP0) msrest/0.6.7 msrest_azure/0.6.1 azure-mgmt-containerregistry/3.0.0rc2
        Azure-SDK-For-Python AZURECLI/2.0.66
      accept-language:
      - en-US
    method: PATCH
    uri: https://management.azure.com/subscriptions/00000000-0000-0000-0000-000000000000/resourceGroups/clitest.rg000001/providers/Microsoft.ContainerRegistry/registries/clireg000002/runs/cf2?api-version=2019-04-01
  response:
    body:
      string: '{"type":"Microsoft.ContainerRegistry/registries/runs","properties":{"runId":"cf2","status":"Succeeded","lastUpdatedTime":"2019-06-18T02:08:50+00:00","runType":"QuickRun","createTime":"2019-06-18T02:07:13.6036258+00:00","startTime":"2019-06-18T02:07:13.7764761+00:00","finishTime":"2019-06-18T02:08:33.6753656+00:00","outputImages":[{"registry":"clireg000002.azurecr.io","repository":"testtask","tag":"v1","digest":"sha256:90bf2f858cd4b367eb5414f332956d78f5d8ca92c316b9b9865178bc2d8ab02b"}],"task":"testTask","platform":{"os":"linux","architecture":"amd64"},"agentConfiguration":{"cpu":2},"provisioningState":"Succeeded","isArchiveEnabled":true},"id":"/subscriptions/00000000-0000-0000-0000-000000000000/resourceGroups/clitest.rg000001/providers/Microsoft.ContainerRegistry/registries/clireg000002/runs/cf2","name":"cf2"}'
    headers:
      cache-control:
      - no-cache
      content-length:
      - '895'
      content-type:
      - application/json; charset=utf-8
      date:
      - Tue, 18 Jun 2019 02:08:50 GMT
      expires:
      - '-1'
      pragma:
      - no-cache
      server:
      - nginx/1.15.9
      strict-transport-security:
      - max-age=31536000; includeSubDomains
      transfer-encoding:
      - chunked
      vary:
      - Accept-Encoding,Accept-Encoding
      x-content-type-options:
      - nosniff
      x-ms-ratelimit-remaining-subscription-writes:
      - '1199'
    status:
      code: 200
      message: OK
- request:
    body: null
    headers:
      Accept:
      - application/json
      Accept-Encoding:
      - gzip, deflate
      CommandName:
      - acr task delete
      Connection:
      - keep-alive
      ParameterSetName:
      - -n -r
      User-Agent:
      - python/3.7.1 (Windows-10-10.0.18362-SP0) msrest/0.6.7 msrest_azure/0.6.1 resourcemanagementclient/2.1.0
        Azure-SDK-For-Python AZURECLI/2.0.66
      accept-language:
      - en-US
    method: GET
    uri: https://management.azure.com/subscriptions/00000000-0000-0000-0000-000000000000/resources?$filter=resourceType%20eq%20%27Microsoft.ContainerRegistry%2Fregistries%27&api-version=2018-05-01
  response:
    body:
      string: '{"value":[{"id":"/subscriptions/00000000-0000-0000-0000-000000000000/resourceGroups/clitest.rg4ptbkplwetzzymwa5xuvozc7ajdjgb4rz47th4hrwzz6tw3e7ts7m3lmqmg5zktpt/providers/Microsoft.ContainerRegistry/registries/cliregc2pprtnulminm7","name":"cliregc2pprtnulminm7","type":"Microsoft.ContainerRegistry/registries","sku":{"name":"Standard","tier":"Standard"},"location":"westus","tags":{}},{"id":"/subscriptions/00000000-0000-0000-0000-000000000000/resourceGroups/clitest.rg000001/providers/Microsoft.ContainerRegistry/registries/clireg000002","name":"clireg000002","type":"Microsoft.ContainerRegistry/registries","sku":{"name":"Standard","tier":"Standard"},"location":"westus","tags":{}},{"id":"/subscriptions/00000000-0000-0000-0000-000000000000/resourceGroups/clitest.rgtw7sr5az2p5fph4gpwtxxr6e5byed76yfmhpz67wrovkinbfvr3knmtqnme53un5h/providers/Microsoft.ContainerRegistry/registries/cliregacwzda6armrou5","name":"cliregacwzda6armrou5","type":"Microsoft.ContainerRegistry/registries","sku":{"name":"Premium","tier":"Premium"},"location":"westus","tags":{}},{"id":"/subscriptions/00000000-0000-0000-0000-000000000000/resourceGroups/clitest.rgzcmybwpqyf5tukwfnf5xgdfn7zhowjwd5txexpjj2z2ocfutwob6few6bckhles2u/providers/Microsoft.ContainerRegistry/registries/cliregmcxm3dbstxkwel","name":"cliregmcxm3dbstxkwel","type":"Microsoft.ContainerRegistry/registries","sku":{"name":"Premium","tier":"Premium"},"location":"westus","tags":{}},{"id":"/subscriptions/00000000-0000-0000-0000-000000000000/resourceGroups/jeburkeHelm/providers/Microsoft.ContainerRegistry/registries/jeburkeHelmWebhook","name":"jeburkeHelmWebhook","type":"Microsoft.ContainerRegistry/registries","sku":{"name":"Standard","tier":"Standard"},"location":"eastus","tags":{}}]}'
    headers:
      cache-control:
      - no-cache
      content-length:
      - '1809'
      content-type:
      - application/json; charset=utf-8
      date:
      - Tue, 18 Jun 2019 02:08:50 GMT
      expires:
      - '-1'
      pragma:
      - no-cache
      strict-transport-security:
      - max-age=31536000; includeSubDomains
      vary:
      - Accept-Encoding
      x-content-type-options:
      - nosniff
    status:
      code: 200
      message: OK
- request:
    body: null
    headers:
      Accept:
      - application/json
      Accept-Encoding:
      - gzip, deflate
      CommandName:
      - acr task delete
      Connection:
      - keep-alive
      ParameterSetName:
      - -n -r
      User-Agent:
      - python/3.7.1 (Windows-10-10.0.18362-SP0) msrest/0.6.7 msrest_azure/0.6.1 azure-mgmt-containerregistry/3.0.0rc2
        Azure-SDK-For-Python AZURECLI/2.0.66
      accept-language:
      - en-US
    method: GET
    uri: https://management.azure.com/subscriptions/00000000-0000-0000-0000-000000000000/resourceGroups/clitest.rg000001/providers/Microsoft.ContainerRegistry/registries/clireg000002?api-version=2017-10-01
  response:
    body:
      string: '{"sku":{"name":"Standard","tier":"Standard"},"type":"Microsoft.ContainerRegistry/registries","id":"/subscriptions/00000000-0000-0000-0000-000000000000/resourceGroups/clitest.rg000001/providers/Microsoft.ContainerRegistry/registries/clireg000002","name":"clireg000002","location":"westus","tags":{},"properties":{"loginServer":"clireg000002.azurecr.io","creationDate":"2019-06-18T02:06:31.9933263Z","provisioningState":"Succeeded","adminUserEnabled":false}}'
    headers:
      cache-control:
      - no-cache
      content-length:
      - '539'
      content-type:
      - application/json; charset=utf-8
      date:
      - Tue, 18 Jun 2019 02:08:50 GMT
      expires:
      - '-1'
      pragma:
      - no-cache
      server:
      - Microsoft-HTTPAPI/2.0
      strict-transport-security:
      - max-age=31536000; includeSubDomains
      transfer-encoding:
      - chunked
      vary:
      - Accept-Encoding
      x-content-type-options:
      - nosniff
    status:
      code: 200
      message: OK
- request:
    body: null
    headers:
      Accept:
      - application/json
      Accept-Encoding:
      - gzip, deflate
      CommandName:
      - acr task delete
      Connection:
      - keep-alive
      Content-Length:
      - '0'
      ParameterSetName:
      - -n -r
      User-Agent:
      - python/3.7.1 (Windows-10-10.0.18362-SP0) msrest/0.6.7 msrest_azure/0.6.1 azure-mgmt-containerregistry/3.0.0rc2
        Azure-SDK-For-Python AZURECLI/2.0.66
      accept-language:
      - en-US
    method: DELETE
    uri: https://management.azure.com/subscriptions/00000000-0000-0000-0000-000000000000/resourceGroups/clitest.rg000001/providers/Microsoft.ContainerRegistry/registries/clireg000002/tasks/testTask?api-version=2019-04-01
  response:
    body:
      string: ''
    headers:
      cache-control:
      - no-cache
      content-length:
      - '0'
      date:
      - Tue, 18 Jun 2019 02:08:51 GMT
      expires:
      - '-1'
      pragma:
      - no-cache
      server:
      - nginx/1.15.9
      strict-transport-security:
      - max-age=31536000; includeSubDomains
      x-content-type-options:
      - nosniff
      x-ms-ratelimit-remaining-subscription-deletes:
      - '14999'
    status:
      code: 200
      message: OK
- request:
    body: null
    headers:
      Accept:
      - application/json
      Accept-Encoding:
      - gzip, deflate
      CommandName:
      - acr delete
      Connection:
      - keep-alive
      Content-Length:
      - '0'
      ParameterSetName:
      - -n -g
      User-Agent:
      - python/3.7.1 (Windows-10-10.0.18362-SP0) msrest/0.6.7 msrest_azure/0.6.1 azure-mgmt-containerregistry/3.0.0rc2
        Azure-SDK-For-Python AZURECLI/2.0.66
      accept-language:
      - en-US
    method: DELETE
    uri: https://management.azure.com/subscriptions/00000000-0000-0000-0000-000000000000/resourceGroups/clitest.rg000001/providers/Microsoft.ContainerRegistry/registries/clireg000002?api-version=2017-10-01
  response:
    body:
      string: ''
    headers:
      cache-control:
      - no-cache
      content-length:
      - '0'
      date:
      - Tue, 18 Jun 2019 02:08:56 GMT
      expires:
      - '-1'
      pragma:
      - no-cache
      server:
      - Microsoft-HTTPAPI/2.0
      strict-transport-security:
      - max-age=31536000; includeSubDomains
      x-content-type-options:
      - nosniff
      x-ms-ratelimit-remaining-subscription-deletes:
      - '14999'
    status:
      code: 200
      message: OK
- request:
    body: null
    headers:
      Accept:
      - application/json
      Accept-Encoding:
      - gzip, deflate
      CommandName:
      - group delete
      Connection:
      - keep-alive
      Content-Length:
      - '0'
      ParameterSetName:
      - --name --yes --no-wait
      User-Agent:
      - python/3.7.1 (Windows-10-10.0.18362-SP0) msrest/0.6.7 msrest_azure/0.6.1 resourcemanagementclient/2.1.0
        Azure-SDK-For-Python AZURECLI/2.0.66
      accept-language:
      - en-US
    method: DELETE
    uri: https://management.azure.com/subscriptions/00000000-0000-0000-0000-000000000000/resourcegroups/clitest.rg000001?api-version=2018-05-01
  response:
    body:
      string: ''
    headers:
      cache-control:
      - no-cache
      content-length:
      - '0'
      date:
      - Tue, 18 Jun 2019 02:08:56 GMT
      expires:
      - '-1'
      location:
      - https://management.azure.com/subscriptions/00000000-0000-0000-0000-000000000000/operationresults/eyJqb2JJZCI6IlJFU09VUkNFR1JPVVBERUxFVElPTkpPQi1DTElURVNUOjJFUkdINlpZRTNYNzZIR1VPSDNMWE02WTVQTVdNUlhEVkc1UDNYWnxDODI0NjNDM0NBRjVDQTFELVdFU1RVUyIsImpvYkxvY2F0aW9uIjoid2VzdHVzIn0?api-version=2018-05-01
      pragma:
      - no-cache
      strict-transport-security:
      - max-age=31536000; includeSubDomains
      x-content-type-options:
      - nosniff
      x-ms-ratelimit-remaining-subscription-deletes:
      - '14999'
    status:
      code: 202
      message: Accepted
version: 1
