interactions:
- request:
    body: null
    headers:
      Accept:
      - application/json
      Accept-Encoding:
      - gzip, deflate
      CommandName:
      - acr create
      Connection:
      - keep-alive
      ParameterSetName:
      - --name --resource-group --sku
      User-Agent:
      - python/3.7.9 (Windows-10-10.0.19041-SP0) msrest/0.6.18 msrest_azure/0.6.3
        azure-mgmt-resource/10.3.0 Azure-SDK-For-Python AZURECLI/2.16.0
      accept-language:
      - en-US
    method: GET
    uri: https://management.azure.com/subscriptions/00000000-0000-0000-0000-000000000000/resourcegroups/clitest.rg000001?api-version=2020-06-01
  response:
    body:
      string: '{"id":"/subscriptions/00000000-0000-0000-0000-000000000000/resourceGroups/clitest.rg000001","name":"clitest.rg000001","type":"Microsoft.Resources/resourceGroups","location":"westus","tags":{"product":"azurecli","cause":"automation","date":"2020-12-22T21:44:00Z"},"properties":{"provisioningState":"Succeeded"}}'
    headers:
      cache-control:
      - no-cache
      content-length:
      - '428'
      content-type:
      - application/json; charset=utf-8
      date:
      - Tue, 22 Dec 2020 21:44:02 GMT
      expires:
      - '-1'
      pragma:
      - no-cache
      strict-transport-security:
      - max-age=31536000; includeSubDomains
      vary:
      - Accept-Encoding
      x-content-type-options:
      - nosniff
    status:
      code: 200
      message: OK
- request:
    body: '{"location": "westus", "sku": {"name": "Premium"}, "properties": {"adminUserEnabled":
      false, "publicNetworkAccess": "Enabled", "networkRuleBypassOptions": "AzureServices"}}'
    headers:
      Accept:
      - application/json
      Accept-Encoding:
      - gzip, deflate
      CommandName:
      - acr create
      Connection:
      - keep-alive
      Content-Length:
      - '172'
      Content-Type:
      - application/json; charset=utf-8
      ParameterSetName:
      - --name --resource-group --sku
      User-Agent:
      - python/3.7.9 (Windows-10-10.0.19041-SP0) msrest/0.6.18 msrest_azure/0.6.3
        azure-mgmt-containerregistry/3.0.0rc16 Azure-SDK-For-Python AZURECLI/2.16.0
      accept-language:
      - en-US
    method: PUT
    uri: https://management.azure.com/subscriptions/00000000-0000-0000-0000-000000000000/resourceGroups/clitest.rg000001/providers/Microsoft.ContainerRegistry/registries/testreg000002?api-version=2020-11-01-preview
  response:
    body:
      string: '{"sku":{"name":"Premium","tier":"Premium"},"type":"Microsoft.ContainerRegistry/registries","id":"/subscriptions/00000000-0000-0000-0000-000000000000/resourceGroups/clitest.rg000001/providers/Microsoft.ContainerRegistry/registries/testreg000002","name":"testreg000002","location":"westus","tags":{},"systemData":{"createdBy":"oladewal@microsoft.com","createdByType":"User","createdAt":"2020-12-22T21:44:03.9011552+00:00","lastModifiedBy":"oladewal@microsoft.com","lastModifiedByType":"User","lastModifiedAt":"2020-12-22T21:44:03.9011552+00:00"},"properties":{"loginServer":"testreg000002.azurecr.io","creationDate":"2020-12-22T21:44:03.9011552Z","provisioningState":"Succeeded","adminUserEnabled":false,"networkRuleSet":{"defaultAction":"Allow","virtualNetworkRules":[],"ipRules":[]},"policies":{"quarantinePolicy":{"status":"disabled"},"trustPolicy":{"type":"Notary","status":"disabled"},"retentionPolicy":{"days":7,"lastUpdatedTime":"2020-12-22T21:44:05.3921061+00:00","status":"disabled"}},"encryption":{"status":"disabled"},"dataEndpointEnabled":false,"dataEndpointHostNames":[],"privateEndpointConnections":[],"publicNetworkAccess":"Enabled","networkRuleBypassOptions":"AzureServices","zoneRedundancy":"Disabled"}}'
    headers:
      cache-control:
      - no-cache
      content-length:
      - '1298'
      content-type:
      - application/json; charset=utf-8
      date:
      - Tue, 22 Dec 2020 21:44:05 GMT
      expires:
      - '-1'
      pragma:
      - no-cache
      server:
      - Microsoft-HTTPAPI/2.0
      strict-transport-security:
      - max-age=31536000; includeSubDomains
      transfer-encoding:
      - chunked
      vary:
      - Accept-Encoding
      x-content-type-options:
      - nosniff
      x-ms-ratelimit-remaining-subscription-writes:
      - '1198'
    status:
      code: 200
      message: OK
- request:
    body: null
    headers:
      Accept:
      - application/json
      Accept-Encoding:
      - gzip, deflate
      CommandName:
      - acr update
      Connection:
      - keep-alive
      ParameterSetName:
      - --name --resource-group --public-network-enabled
      User-Agent:
      - python/3.7.9 (Windows-10-10.0.19041-SP0) msrest/0.6.18 msrest_azure/0.6.3
        azure-mgmt-containerregistry/3.0.0rc16 Azure-SDK-For-Python AZURECLI/2.16.0
      accept-language:
      - en-US
    method: GET
    uri: https://management.azure.com/subscriptions/00000000-0000-0000-0000-000000000000/resourceGroups/clitest.rg000001/providers/Microsoft.ContainerRegistry/registries/testreg000002?api-version=2020-11-01-preview
  response:
    body:
      string: '{"sku":{"name":"Premium","tier":"Premium"},"type":"Microsoft.ContainerRegistry/registries","id":"/subscriptions/00000000-0000-0000-0000-000000000000/resourceGroups/clitest.rg000001/providers/Microsoft.ContainerRegistry/registries/testreg000002","name":"testreg000002","location":"westus","tags":{},"systemData":{"createdBy":"oladewal@microsoft.com","createdByType":"User","createdAt":"2020-12-22T21:44:03.9011552+00:00","lastModifiedBy":"oladewal@microsoft.com","lastModifiedByType":"User","lastModifiedAt":"2020-12-22T21:44:03.9011552+00:00"},"properties":{"loginServer":"testreg000002.azurecr.io","creationDate":"2020-12-22T21:44:03.9011552Z","provisioningState":"Succeeded","adminUserEnabled":false,"networkRuleSet":{"defaultAction":"Allow","virtualNetworkRules":[],"ipRules":[]},"policies":{"quarantinePolicy":{"status":"disabled"},"trustPolicy":{"type":"Notary","status":"disabled"},"retentionPolicy":{"days":7,"lastUpdatedTime":"2020-12-22T21:44:05.3921061+00:00","status":"disabled"}},"encryption":{"status":"disabled"},"dataEndpointEnabled":false,"dataEndpointHostNames":[],"privateEndpointConnections":[],"publicNetworkAccess":"Enabled","networkRuleBypassOptions":"AzureServices","zoneRedundancy":"Disabled"}}'
    headers:
      cache-control:
      - no-cache
      content-length:
      - '1298'
      content-type:
      - application/json; charset=utf-8
      date:
      - Tue, 22 Dec 2020 21:44:06 GMT
      expires:
      - '-1'
      pragma:
      - no-cache
      server:
      - Microsoft-HTTPAPI/2.0
      strict-transport-security:
      - max-age=31536000; includeSubDomains
      transfer-encoding:
      - chunked
      vary:
      - Accept-Encoding
      x-content-type-options:
      - nosniff
    status:
      code: 200
      message: OK
- request:
    body: '{"properties": {"publicNetworkAccess": "Disabled", "networkRuleBypassOptions":
      "AzureServices"}}'
    headers:
      Accept:
      - application/json
      Accept-Encoding:
      - gzip, deflate
      CommandName:
      - acr update
      Connection:
      - keep-alive
      Content-Length:
      - '96'
      Content-Type:
      - application/json; charset=utf-8
      ParameterSetName:
      - --name --resource-group --public-network-enabled
      User-Agent:
      - python/3.7.9 (Windows-10-10.0.19041-SP0) msrest/0.6.18 msrest_azure/0.6.3
        azure-mgmt-containerregistry/3.0.0rc16 Azure-SDK-For-Python AZURECLI/2.16.0
      accept-language:
      - en-US
    method: PATCH
    uri: https://management.azure.com/subscriptions/00000000-0000-0000-0000-000000000000/resourceGroups/clitest.rg000001/providers/Microsoft.ContainerRegistry/registries/testreg000002?api-version=2020-11-01-preview
  response:
    body:
      string: '{"sku":{"name":"Premium","tier":"Premium"},"type":"Microsoft.ContainerRegistry/registries","id":"/subscriptions/00000000-0000-0000-0000-000000000000/resourceGroups/clitest.rg000001/providers/Microsoft.ContainerRegistry/registries/testreg000002","name":"testreg000002","location":"westus","tags":{},"systemData":{"createdBy":"oladewal@microsoft.com","createdByType":"User","createdAt":"2020-12-22T21:44:03.9011552+00:00","lastModifiedBy":"oladewal@microsoft.com","lastModifiedByType":"User","lastModifiedAt":"2020-12-22T21:44:07.5625911+00:00"},"properties":{"loginServer":"testreg000002.azurecr.io","creationDate":"2020-12-22T21:44:03.9011552Z","provisioningState":"Succeeded","adminUserEnabled":false,"networkRuleSet":{"defaultAction":"Allow","virtualNetworkRules":[],"ipRules":[]},"policies":{"quarantinePolicy":{"status":"disabled"},"trustPolicy":{"type":"Notary","status":"disabled"},"retentionPolicy":{"days":7,"lastUpdatedTime":"2020-12-22T21:44:05.3921061+00:00","status":"disabled"}},"encryption":{"status":"disabled"},"dataEndpointEnabled":false,"dataEndpointHostNames":[],"privateEndpointConnections":[],"publicNetworkAccess":"Disabled","networkRuleBypassOptions":"AzureServices","zoneRedundancy":"Disabled"}}'
    headers:
      cache-control:
      - no-cache
      content-length:
      - '1299'
      content-type:
      - application/json; charset=utf-8
      date:
      - Tue, 22 Dec 2020 21:44:07 GMT
      expires:
      - '-1'
      pragma:
      - no-cache
      server:
      - Microsoft-HTTPAPI/2.0
      strict-transport-security:
      - max-age=31536000; includeSubDomains
      transfer-encoding:
      - chunked
      vary:
      - Accept-Encoding
      x-content-type-options:
      - nosniff
      x-ms-ratelimit-remaining-subscription-writes:
      - '1198'
    status:
      code: 200
      message: OK
version: 1
