interactions:
- request:
    body: '{"location": "westus", "sku": {"name": "Premium"}, "properties": {"adminUserEnabled":
      false, "publicNetworkAccess": "Enabled", "networkRuleBypassOptions": "AzureServices"}}'
    headers:
      Accept:
      - application/json
      Accept-Encoding:
      - gzip, deflate
      CommandName:
      - acr create
      Connection:
      - keep-alive
      Content-Length:
      - '172'
      Content-Type:
      - application/json; charset=utf-8
      ParameterSetName:
      - -n -g -l --sku
      User-Agent:
      - python/3.7.9 (Windows-10-10.0.19041-SP0) msrest/0.6.18 msrest_azure/0.6.3
        azure-mgmt-containerregistry/3.0.0rc16 Azure-SDK-For-Python AZURECLI/2.16.0
      accept-language:
      - en-US
    method: PUT
    uri: https://management.azure.com/subscriptions/00000000-0000-0000-0000-000000000000/resourceGroups/clitest.rg000001/providers/Microsoft.ContainerRegistry/registries/clireg000002?api-version=2020-11-01-preview
  response:
    body:
      string: '{"sku":{"name":"Premium","tier":"Premium"},"type":"Microsoft.ContainerRegistry/registries","id":"/subscriptions/00000000-0000-0000-0000-000000000000/resourceGroups/clitest.rg000001/providers/Microsoft.ContainerRegistry/registries/clireg000002","name":"clireg000002","location":"westus","tags":{},"systemData":{"createdBy":"oladewal@microsoft.com","createdByType":"User","createdAt":"2020-12-22T22:13:18.4429867+00:00","lastModifiedBy":"oladewal@microsoft.com","lastModifiedByType":"User","lastModifiedAt":"2020-12-22T22:13:18.4429867+00:00"},"properties":{"loginServer":"clireg000002.azurecr.io","creationDate":"2020-12-22T22:13:18.4429867Z","provisioningState":"Succeeded","adminUserEnabled":false,"networkRuleSet":{"defaultAction":"Allow","virtualNetworkRules":[],"ipRules":[]},"policies":{"quarantinePolicy":{"status":"disabled"},"trustPolicy":{"type":"Notary","status":"disabled"},"retentionPolicy":{"days":7,"lastUpdatedTime":"2020-12-22T22:13:19.9417065+00:00","status":"disabled"}},"encryption":{"status":"disabled"},"dataEndpointEnabled":false,"dataEndpointHostNames":[],"privateEndpointConnections":[],"publicNetworkAccess":"Enabled","networkRuleBypassOptions":"AzureServices","zoneRedundancy":"Disabled"}}'
    headers:
      cache-control:
      - no-cache
      content-length:
      - '1298'
      content-type:
      - application/json; charset=utf-8
      date:
      - Tue, 22 Dec 2020 22:13:20 GMT
      expires:
      - '-1'
      pragma:
      - no-cache
      server:
      - Microsoft-HTTPAPI/2.0
      strict-transport-security:
      - max-age=31536000; includeSubDomains
      transfer-encoding:
      - chunked
      vary:
      - Accept-Encoding
      x-content-type-options:
      - nosniff
      x-ms-ratelimit-remaining-subscription-writes:
      - '1196'
    status:
      code: 200
      message: OK
- request:
    body: '{"name": "clireg000002", "type": "Microsoft.ContainerRegistry/registries"}'
    headers:
      Accept:
      - application/json
      Accept-Encoding:
      - gzip, deflate
      CommandName:
      - acr check-name
      Connection:
      - keep-alive
      Content-Length:
      - '82'
      Content-Type:
      - application/json; charset=utf-8
      ParameterSetName:
      - -n
      User-Agent:
      - python/3.7.9 (Windows-10-10.0.19041-SP0) msrest/0.6.18 msrest_azure/0.6.3
        azure-mgmt-containerregistry/3.0.0rc16 Azure-SDK-For-Python AZURECLI/2.16.0
      accept-language:
      - en-US
    method: POST
    uri: https://management.azure.com/subscriptions/00000000-0000-0000-0000-000000000000/providers/Microsoft.ContainerRegistry/checkNameAvailability?api-version=2020-11-01-preview
  response:
    body:
      string: '{"nameAvailable":false,"reason":"AlreadyExists","message":"The registry
        clireg000002 is already in use."}'
    headers:
      cache-control:
      - no-cache
      content-length:
      - '113'
      content-type:
      - application/json; charset=utf-8
      date:
      - Tue, 22 Dec 2020 22:13:20 GMT
      expires:
      - '-1'
      pragma:
      - no-cache
      server:
      - Microsoft-HTTPAPI/2.0
      strict-transport-security:
      - max-age=31536000; includeSubDomains
      transfer-encoding:
      - chunked
      vary:
      - Accept-Encoding
      x-content-type-options:
      - nosniff
    status:
      code: 200
      message: OK
- request:
    body: null
    headers:
      Accept:
      - application/json
      Accept-Encoding:
      - gzip, deflate
      CommandName:
      - acr list
      Connection:
      - keep-alive
      ParameterSetName:
      - -g
      User-Agent:
      - python/3.7.9 (Windows-10-10.0.19041-SP0) msrest/0.6.18 msrest_azure/0.6.3
        azure-mgmt-containerregistry/3.0.0rc16 Azure-SDK-For-Python AZURECLI/2.16.0
      accept-language:
      - en-US
    method: GET
    uri: https://management.azure.com/subscriptions/00000000-0000-0000-0000-000000000000/resourceGroups/clitest.rg000001/providers/Microsoft.ContainerRegistry/registries?api-version=2020-11-01-preview
  response:
    body:
      string: '{"value":[{"sku":{"name":"Premium","tier":"Premium"},"type":"Microsoft.ContainerRegistry/registries","id":"/subscriptions/00000000-0000-0000-0000-000000000000/resourceGroups/clitest.rg000001/providers/Microsoft.ContainerRegistry/registries/clireg000002","name":"clireg000002","location":"westus","tags":{},"systemData":{"createdBy":"oladewal@microsoft.com","createdByType":"User","createdAt":"2020-12-22T22:13:18.4429867+00:00","lastModifiedBy":"oladewal@microsoft.com","lastModifiedByType":"User","lastModifiedAt":"2020-12-22T22:13:18.4429867+00:00"},"properties":{"loginServer":"clireg000002.azurecr.io","creationDate":"2020-12-22T22:13:18.4429867Z","provisioningState":"Succeeded","adminUserEnabled":false,"networkRuleSet":{"defaultAction":"Allow","virtualNetworkRules":[],"ipRules":[]},"policies":{"quarantinePolicy":{"status":"disabled"},"trustPolicy":{"type":"Notary","status":"disabled"},"retentionPolicy":{"days":7,"lastUpdatedTime":"2020-12-22T22:13:19.9417065+00:00","status":"disabled"}},"encryption":{"status":"disabled"},"dataEndpointEnabled":false,"dataEndpointHostNames":[],"privateEndpointConnections":[],"publicNetworkAccess":"Enabled","networkRuleBypassOptions":"AzureServices","zoneRedundancy":"Disabled"}}]}'
    headers:
      cache-control:
      - no-cache
      content-length:
      - '1310'
      content-type:
      - application/json; charset=utf-8
      date:
      - Tue, 22 Dec 2020 22:13:21 GMT
      expires:
      - '-1'
      pragma:
      - no-cache
      server:
      - Microsoft-HTTPAPI/2.0
      strict-transport-security:
      - max-age=31536000; includeSubDomains
      transfer-encoding:
      - chunked
      vary:
      - Accept-Encoding
      x-content-type-options:
      - nosniff
    status:
      code: 200
      message: OK
- request:
    body: null
    headers:
      Accept:
      - application/json
      Accept-Encoding:
      - gzip, deflate
      CommandName:
      - acr show
      Connection:
      - keep-alive
      ParameterSetName:
      - -n -g
      User-Agent:
      - python/3.7.9 (Windows-10-10.0.19041-SP0) msrest/0.6.18 msrest_azure/0.6.3
        azure-mgmt-containerregistry/3.0.0rc16 Azure-SDK-For-Python AZURECLI/2.16.0
      accept-language:
      - en-US
    method: GET
    uri: https://management.azure.com/subscriptions/00000000-0000-0000-0000-000000000000/resourceGroups/clitest.rg000001/providers/Microsoft.ContainerRegistry/registries/clireg000002?api-version=2020-11-01-preview
  response:
    body:
      string: '{"sku":{"name":"Premium","tier":"Premium"},"type":"Microsoft.ContainerRegistry/registries","id":"/subscriptions/00000000-0000-0000-0000-000000000000/resourceGroups/clitest.rg000001/providers/Microsoft.ContainerRegistry/registries/clireg000002","name":"clireg000002","location":"westus","tags":{},"systemData":{"createdBy":"oladewal@microsoft.com","createdByType":"User","createdAt":"2020-12-22T22:13:18.4429867+00:00","lastModifiedBy":"oladewal@microsoft.com","lastModifiedByType":"User","lastModifiedAt":"2020-12-22T22:13:18.4429867+00:00"},"properties":{"loginServer":"clireg000002.azurecr.io","creationDate":"2020-12-22T22:13:18.4429867Z","provisioningState":"Succeeded","adminUserEnabled":false,"networkRuleSet":{"defaultAction":"Allow","virtualNetworkRules":[],"ipRules":[]},"policies":{"quarantinePolicy":{"status":"disabled"},"trustPolicy":{"type":"Notary","status":"disabled"},"retentionPolicy":{"days":7,"lastUpdatedTime":"2020-12-22T22:13:19.9417065+00:00","status":"disabled"}},"encryption":{"status":"disabled"},"dataEndpointEnabled":false,"dataEndpointHostNames":[],"privateEndpointConnections":[],"publicNetworkAccess":"Enabled","networkRuleBypassOptions":"AzureServices","zoneRedundancy":"Disabled"}}'
    headers:
      cache-control:
      - no-cache
      content-length:
      - '1298'
      content-type:
      - application/json; charset=utf-8
      date:
      - Tue, 22 Dec 2020 22:13:22 GMT
      expires:
      - '-1'
      pragma:
      - no-cache
      server:
      - Microsoft-HTTPAPI/2.0
      strict-transport-security:
      - max-age=31536000; includeSubDomains
      transfer-encoding:
      - chunked
      vary:
      - Accept-Encoding
      x-content-type-options:
      - nosniff
    status:
      code: 200
      message: OK
- request:
    body: null
    headers:
      Accept:
      - application/json
      Accept-Encoding:
      - gzip, deflate
      CommandName:
      - acr show-usage
      Connection:
      - keep-alive
      ParameterSetName:
      - -n -g
      User-Agent:
      - python/3.7.9 (Windows-10-10.0.19041-SP0) msrest/0.6.18 msrest_azure/0.6.3
        azure-mgmt-containerregistry/3.0.0rc16 Azure-SDK-For-Python AZURECLI/2.16.0
      accept-language:
      - en-US
    method: GET
    uri: https://management.azure.com/subscriptions/00000000-0000-0000-0000-000000000000/resourceGroups/clitest.rg000001/providers/Microsoft.ContainerRegistry/registries/clireg000002?api-version=2020-11-01-preview
  response:
    body:
      string: '{"sku":{"name":"Premium","tier":"Premium"},"type":"Microsoft.ContainerRegistry/registries","id":"/subscriptions/00000000-0000-0000-0000-000000000000/resourceGroups/clitest.rg000001/providers/Microsoft.ContainerRegistry/registries/clireg000002","name":"clireg000002","location":"westus","tags":{},"systemData":{"createdBy":"oladewal@microsoft.com","createdByType":"User","createdAt":"2020-12-22T22:13:18.4429867+00:00","lastModifiedBy":"oladewal@microsoft.com","lastModifiedByType":"User","lastModifiedAt":"2020-12-22T22:13:18.4429867+00:00"},"properties":{"loginServer":"clireg000002.azurecr.io","creationDate":"2020-12-22T22:13:18.4429867Z","provisioningState":"Succeeded","adminUserEnabled":false,"networkRuleSet":{"defaultAction":"Allow","virtualNetworkRules":[],"ipRules":[]},"policies":{"quarantinePolicy":{"status":"disabled"},"trustPolicy":{"type":"Notary","status":"disabled"},"retentionPolicy":{"days":7,"lastUpdatedTime":"2020-12-22T22:13:19.9417065+00:00","status":"disabled"}},"encryption":{"status":"disabled"},"dataEndpointEnabled":false,"dataEndpointHostNames":[],"privateEndpointConnections":[],"publicNetworkAccess":"Enabled","networkRuleBypassOptions":"AzureServices","zoneRedundancy":"Disabled"}}'
    headers:
      cache-control:
      - no-cache
      content-length:
      - '1298'
      content-type:
      - application/json; charset=utf-8
      date:
      - Tue, 22 Dec 2020 22:13:22 GMT
      expires:
      - '-1'
      pragma:
      - no-cache
      server:
      - Microsoft-HTTPAPI/2.0
      strict-transport-security:
      - max-age=31536000; includeSubDomains
      transfer-encoding:
      - chunked
      vary:
      - Accept-Encoding
      x-content-type-options:
      - nosniff
    status:
      code: 200
      message: OK
- request:
    body: null
    headers:
      Accept:
      - application/json
      Accept-Encoding:
      - gzip, deflate
      CommandName:
      - acr show-usage
      Connection:
      - keep-alive
      ParameterSetName:
      - -n -g
      User-Agent:
      - python/3.7.9 (Windows-10-10.0.19041-SP0) msrest/0.6.18 msrest_azure/0.6.3
        azure-mgmt-containerregistry/3.0.0rc16 Azure-SDK-For-Python AZURECLI/2.16.0
      accept-language:
      - en-US
    method: GET
    uri: https://management.azure.com/subscriptions/00000000-0000-0000-0000-000000000000/resourceGroups/clitest.rg000001/providers/Microsoft.ContainerRegistry/registries/clireg000002/listUsages?api-version=2020-11-01-preview
  response:
    body:
      string: '{"value":[{"name":"Size","limit":536870912000,"currentValue":0,"unit":"Bytes"},{"name":"Webhooks","limit":500,"currentValue":0,"unit":"Count"}]}'
    headers:
      cache-control:
      - no-cache
      content-length:
      - '144'
      content-type:
      - application/json; charset=utf-8
      date:
      - Tue, 22 Dec 2020 22:13:23 GMT
      expires:
      - '-1'
      pragma:
      - no-cache
      server:
      - Microsoft-HTTPAPI/2.0
      strict-transport-security:
      - max-age=31536000; includeSubDomains
      transfer-encoding:
      - chunked
      vary:
      - Accept-Encoding
      x-content-type-options:
      - nosniff
    status:
      code: 200
      message: OK
- request:
    body: null
    headers:
      Accept:
      - application/json
      Accept-Encoding:
      - gzip, deflate
      CommandName:
      - acr update
      Connection:
      - keep-alive
      ParameterSetName:
      - -n -g --tags --admin-enabled
      User-Agent:
      - python/3.7.9 (Windows-10-10.0.19041-SP0) msrest/0.6.18 msrest_azure/0.6.3
        azure-mgmt-containerregistry/3.0.0rc16 Azure-SDK-For-Python AZURECLI/2.16.0
      accept-language:
      - en-US
    method: GET
    uri: https://management.azure.com/subscriptions/00000000-0000-0000-0000-000000000000/resourceGroups/clitest.rg000001/providers/Microsoft.ContainerRegistry/registries/clireg000002?api-version=2020-11-01-preview
  response:
    body:
      string: '{"sku":{"name":"Premium","tier":"Premium"},"type":"Microsoft.ContainerRegistry/registries","id":"/subscriptions/00000000-0000-0000-0000-000000000000/resourceGroups/clitest.rg000001/providers/Microsoft.ContainerRegistry/registries/clireg000002","name":"clireg000002","location":"westus","tags":{},"systemData":{"createdBy":"oladewal@microsoft.com","createdByType":"User","createdAt":"2020-12-22T22:13:18.4429867+00:00","lastModifiedBy":"oladewal@microsoft.com","lastModifiedByType":"User","lastModifiedAt":"2020-12-22T22:13:18.4429867+00:00"},"properties":{"loginServer":"clireg000002.azurecr.io","creationDate":"2020-12-22T22:13:18.4429867Z","provisioningState":"Succeeded","adminUserEnabled":false,"networkRuleSet":{"defaultAction":"Allow","virtualNetworkRules":[],"ipRules":[]},"policies":{"quarantinePolicy":{"status":"disabled"},"trustPolicy":{"type":"Notary","status":"disabled"},"retentionPolicy":{"days":7,"lastUpdatedTime":"2020-12-22T22:13:19.9417065+00:00","status":"disabled"}},"encryption":{"status":"disabled"},"dataEndpointEnabled":false,"dataEndpointHostNames":[],"privateEndpointConnections":[],"publicNetworkAccess":"Enabled","networkRuleBypassOptions":"AzureServices","zoneRedundancy":"Disabled"}}'
    headers:
      cache-control:
      - no-cache
      content-length:
      - '1298'
      content-type:
      - application/json; charset=utf-8
      date:
      - Tue, 22 Dec 2020 22:13:24 GMT
      expires:
      - '-1'
      pragma:
      - no-cache
      server:
      - Microsoft-HTTPAPI/2.0
      strict-transport-security:
      - max-age=31536000; includeSubDomains
      transfer-encoding:
      - chunked
      vary:
      - Accept-Encoding
      x-content-type-options:
      - nosniff
    status:
      code: 200
      message: OK
- request:
    body: '{"tags": {"foo": "bar", "cat": ""}, "properties": {"adminUserEnabled":
      true, "networkRuleBypassOptions": "AzureServices"}}'
    headers:
      Accept:
      - application/json
      Accept-Encoding:
      - gzip, deflate
      CommandName:
      - acr update
      Connection:
      - keep-alive
      Content-Length:
      - '122'
      Content-Type:
      - application/json; charset=utf-8
      ParameterSetName:
      - -n -g --tags --admin-enabled
      User-Agent:
      - python/3.7.9 (Windows-10-10.0.19041-SP0) msrest/0.6.18 msrest_azure/0.6.3
        azure-mgmt-containerregistry/3.0.0rc16 Azure-SDK-For-Python AZURECLI/2.16.0
      accept-language:
      - en-US
    method: PATCH
    uri: https://management.azure.com/subscriptions/00000000-0000-0000-0000-000000000000/resourceGroups/clitest.rg000001/providers/Microsoft.ContainerRegistry/registries/clireg000002?api-version=2020-11-01-preview
  response:
    body:
      string: '{"sku":{"name":"Premium","tier":"Premium"},"type":"Microsoft.ContainerRegistry/registries","id":"/subscriptions/00000000-0000-0000-0000-000000000000/resourceGroups/clitest.rg000001/providers/Microsoft.ContainerRegistry/registries/clireg000002","name":"clireg000002","location":"westus","tags":{"foo":"bar","cat":""},"systemData":{"createdBy":"oladewal@microsoft.com","createdByType":"User","createdAt":"2020-12-22T22:13:18.4429867+00:00","lastModifiedBy":"oladewal@microsoft.com","lastModifiedByType":"User","lastModifiedAt":"2020-12-22T22:13:26.0090264+00:00"},"properties":{"loginServer":"clireg000002.azurecr.io","creationDate":"2020-12-22T22:13:18.4429867Z","provisioningState":"Succeeded","adminUserEnabled":true,"networkRuleSet":{"defaultAction":"Allow","virtualNetworkRules":[],"ipRules":[]},"policies":{"quarantinePolicy":{"status":"disabled"},"trustPolicy":{"type":"Notary","status":"disabled"},"retentionPolicy":{"days":7,"lastUpdatedTime":"2020-12-22T22:13:19.9417065+00:00","status":"disabled"}},"encryption":{"status":"disabled"},"dataEndpointEnabled":false,"dataEndpointHostNames":[],"privateEndpointConnections":[],"publicNetworkAccess":"Enabled","networkRuleBypassOptions":"AzureServices","zoneRedundancy":"Disabled"}}'
    headers:
      cache-control:
      - no-cache
      content-length:
      - '1317'
      content-type:
      - application/json; charset=utf-8
      date:
      - Tue, 22 Dec 2020 22:13:26 GMT
      expires:
      - '-1'
      pragma:
      - no-cache
      server:
      - Microsoft-HTTPAPI/2.0
      strict-transport-security:
      - max-age=31536000; includeSubDomains
      transfer-encoding:
      - chunked
      vary:
      - Accept-Encoding
      x-content-type-options:
      - nosniff
      x-ms-ratelimit-remaining-subscription-writes:
      - '1196'
    status:
      code: 200
      message: OK
- request:
    body: null
    headers:
      Accept:
      - application/json
      Accept-Encoding:
      - gzip, deflate
      CommandName:
      - acr config retention update
      Connection:
      - keep-alive
      ParameterSetName:
      - -r --status --days --type
      User-Agent:
      - python/3.7.9 (Windows-10-10.0.19041-SP0) msrest/0.6.18 msrest_azure/0.6.3
        azure-mgmt-resource/10.3.0 Azure-SDK-For-Python AZURECLI/2.16.0
      accept-language:
      - en-US
    method: GET
    uri: https://management.azure.com/subscriptions/00000000-0000-0000-0000-000000000000/resources?$filter=resourceType%20eq%20%27Microsoft.ContainerRegistry%2Fregistries%27&api-version=2020-06-01
  response:
    body:
      string: '{"value":[{"id":"/subscriptions/00000000-0000-0000-0000-000000000000/resourceGroups/clitest.rg2lp6xetj5hxnyxhrxm6567tctnyeot3unr7h6o5b23n5vks4gpngq2dmud4zsykin/providers/Microsoft.ContainerRegistry/registries/testregawdmsysb2nz7g","name":"testregawdmsysb2nz7g","type":"Microsoft.ContainerRegistry/registries","sku":{"name":"Premium","tier":"Premium"},"location":"westus","tags":{},"systemData":{"createdBy":"oladewal@microsoft.com","createdByType":"User","createdAt":"2020-12-17T18:54:48.5455748Z","lastModifiedBy":"oladewal@microsoft.com","lastModifiedByType":"User","lastModifiedAt":"2020-12-22T18:28:49.6015895Z"}},{"id":"/subscriptions/00000000-0000-0000-0000-000000000000/resourceGroups/clitest.rg5aog35r7j6tmjp27y2ncz6ichsyauwr4hoz66olcgnpz64svqrp4mtkk5anyh52mh/providers/Microsoft.ContainerRegistry/registries/clireg25lwdnz2ajac6f","name":"clireg25lwdnz2ajac6f","type":"Microsoft.ContainerRegistry/registries","sku":{"name":"Standard","tier":"Standard"},"location":"westus","tags":{},"systemData":{"createdBy":"oladewal@microsoft.com","createdByType":"User","createdAt":"2020-12-03T21:45:10.3368354Z","lastModifiedBy":"oladewal@microsoft.com","lastModifiedByType":"User","lastModifiedAt":"2020-12-03T21:45:10.3368354Z"}},{"id":"/subscriptions/00000000-0000-0000-0000-000000000000/resourceGroups/clitest.rgbwdbjz6wapneibmxapyqbpjcwskxhd6hdwb7fxucsxwlieaa47gsjkgophk4gqdth/providers/Microsoft.ContainerRegistry/registries/testregyhhzomlbiiobqhljbm","name":"testregyhhzomlbiiobqhljbm","type":"Microsoft.ContainerRegistry/registries","sku":{"name":"Premium","tier":"Premium"},"location":"westus","tags":{},"systemData":{"createdBy":"oladewal@microsoft.com","createdByType":"User","createdAt":"2020-12-03T21:58:13.182583Z","lastModifiedBy":"oladewal@microsoft.com","lastModifiedByType":"User","lastModifiedAt":"2020-12-03T21:58:13.182583Z"}},{"id":"/subscriptions/00000000-0000-0000-0000-000000000000/resourceGroups/clitest.rg000001/providers/Microsoft.ContainerRegistry/registries/clireg000002","name":"clireg000002","type":"Microsoft.ContainerRegistry/registries","sku":{"name":"Premium","tier":"Premium"},"location":"westus","tags":{"foo":"bar","cat":""},"systemData":{"createdBy":"oladewal@microsoft.com","createdByType":"User","createdAt":"2020-12-22T22:13:18.4429867Z","lastModifiedBy":"oladewal@microsoft.com","lastModifiedByType":"User","lastModifiedAt":"2020-12-22T22:13:26.0090264Z"}},{"id":"/subscriptions/00000000-0000-0000-0000-000000000000/resourceGroups/clitest.rgjaqvnb4tuhpzftnaz3fgqnkyjgxh7b4mx466q33hri4hhmrobjw7esg2vsebx3m5s/providers/Microsoft.ContainerRegistry/registries/testregxmrsaxtqf7bex","name":"testregxmrsaxtqf7bex","type":"Microsoft.ContainerRegistry/registries","sku":{"name":"Premium","tier":"Premium"},"location":"westus","tags":{},"systemData":{"createdBy":"oladewal@microsoft.com","createdByType":"User","createdAt":"2020-12-17T19:01:57.5098397Z","lastModifiedBy":"oladewal@microsoft.com","lastModifiedByType":"User","lastModifiedAt":"2020-12-17T19:01:57.5098397Z"}},{"id":"/subscriptions/00000000-0000-0000-0000-000000000000/resourceGroups/clitest.rgnjcxorot32tl2y7g6v55v3tba73ih3ykfpy7wp4t4egj4jcaz42kcg4bry5ma4gdk/providers/Microsoft.ContainerRegistry/registries/testreggepzse3ycdofj6em2h","name":"testreggepzse3ycdofj6em2h","type":"Microsoft.ContainerRegistry/registries","sku":{"name":"Premium","tier":"Premium"},"location":"westus","tags":{},"systemData":{"createdBy":"oladewal@microsoft.com","createdByType":"User","createdAt":"2020-12-03T21:45:10.3814195Z","lastModifiedBy":"oladewal@microsoft.com","lastModifiedByType":"User","lastModifiedAt":"2020-12-03T21:45:10.3814195Z"}},{"id":"/subscriptions/00000000-0000-0000-0000-000000000000/resourceGroups/clitest.rgpecxlhum4bl5kong3ietn5jkcd2akw33rmvxha4amos2ljpm7f74bgdo4p2ous3jb/providers/Microsoft.ContainerRegistry/registries/clireghtitbma6cergdo","name":"clireghtitbma6cergdo","type":"Microsoft.ContainerRegistry/registries","sku":{"name":"Premium","tier":"Premium"},"location":"westus","tags":{},"systemData":{"createdBy":"oladewal@microsoft.com","createdByType":"User","createdAt":"2020-12-17T19:01:45.9414106Z","lastModifiedBy":"oladewal@microsoft.com","lastModifiedByType":"User","lastModifiedAt":"2020-12-17T19:01:45.9414106Z"}},{"id":"/subscriptions/00000000-0000-0000-0000-000000000000/resourceGroups/ova-test/providers/Microsoft.ContainerRegistry/registries/ovatestanonpull","name":"ovatestanonpull","type":"Microsoft.ContainerRegistry/registries","sku":{"name":"Premium","tier":"Premium"},"location":"westus","tags":{}},{"id":"/subscriptions/00000000-0000-0000-0000-000000000000/resourceGroups/ova-test/providers/Microsoft.ContainerRegistry/registries/ovatestnonzr","name":"ovatestnonzr","type":"Microsoft.ContainerRegistry/registries","sku":{"name":"Premium","tier":"Premium"},"location":"centraluseuap","tags":{},"systemData":{"createdBy":"oladewal@microsoft.com","createdByType":"User","createdAt":"2020-11-30T06:57:26.2727349Z","lastModifiedBy":"oladewal@microsoft.com","lastModifiedByType":"User","lastModifiedAt":"2020-11-30T06:57:26.2727349Z"}},{"id":"/subscriptions/00000000-0000-0000-0000-000000000000/resourceGroups/ova-test/providers/Microsoft.ContainerRegistry/registries/ovaTestRegistry","name":"ovaTestRegistry","type":"Microsoft.ContainerRegistry/registries","sku":{"name":"Premium","tier":"Premium"},"location":"westus","tags":{}},{"id":"/subscriptions/00000000-0000-0000-0000-000000000000/resourceGroups/ova-test/providers/Microsoft.ContainerRegistry/registries/ovatestzoneredundant","name":"ovatestzoneredundant","type":"Microsoft.ContainerRegistry/registries","sku":{"name":"Premium","tier":"Premium"},"location":"eastus2euap","tags":{},"systemData":{"createdBy":"oladewal@microsoft.com","createdByType":"User","createdAt":"2020-11-30T06:56:13.7634117Z","lastModifiedBy":"oladewal@microsoft.com","lastModifiedByType":"User","lastModifiedAt":"2020-11-30T06:56:13.7634117Z"}},{"id":"/subscriptions/00000000-0000-0000-0000-000000000000/resourceGroups/ova-test/providers/Microsoft.ContainerRegistry/registries/tosinazenabledeus","name":"tosinazenabledeus","type":"Microsoft.ContainerRegistry/registries","sku":{"name":"Premium","tier":"Premium"},"location":"eastus","tags":{},"systemData":{"createdBy":"oladewal@microsoft.com","createdByType":"User","createdAt":"2020-12-08T03:05:33.2257591Z","lastModifiedBy":"oladewal@microsoft.com","lastModifiedByType":"User","lastModifiedAt":"2020-12-08T03:11:05.2281678Z"}},{"id":"/subscriptions/00000000-0000-0000-0000-000000000000/resourceGroups/ova-test/providers/Microsoft.ContainerRegistry/registries/tosinazenabledeus2","name":"tosinazenabledeus2","type":"Microsoft.ContainerRegistry/registries","sku":{"name":"Premium","tier":"Premium"},"location":"eastus2","tags":{},"systemData":{"createdBy":"oladewal@microsoft.com","createdByType":"User","createdAt":"2020-12-08T03:11:32.5032182Z","lastModifiedBy":"oladewal@microsoft.com","lastModifiedByType":"User","lastModifiedAt":"2020-12-08T03:11:32.5032182Z"}},{"id":"/subscriptions/00000000-0000-0000-0000-000000000000/resourceGroups/ova-test/providers/Microsoft.ContainerRegistry/registries/tosinazenabledwus2","name":"tosinazenabledwus2","type":"Microsoft.ContainerRegistry/registries","sku":{"name":"Premium","tier":"Premium"},"location":"westus2","tags":{},"systemData":{"createdBy":"oladewal@microsoft.com","createdByType":"User","createdAt":"2020-12-08T03:14:47.2890873Z","lastModifiedBy":"oladewal@microsoft.com","lastModifiedByType":"User","lastModifiedAt":"2020-12-08T03:14:47.2890873Z"}},{"id":"/subscriptions/00000000-0000-0000-0000-000000000000/resourceGroups/ova-test-canary/providers/Microsoft.ContainerRegistry/registries/tosincanaryregcus","name":"tosincanaryregcus","type":"Microsoft.ContainerRegistry/registries","sku":{"name":"Premium","tier":"Premium"},"location":"centraluseuap","tags":{}},{"id":"/subscriptions/00000000-0000-0000-0000-000000000000/resourceGroups/ova-test-canary/providers/Microsoft.ContainerRegistry/registries/tosintestazenabledcuseuap","name":"tosintestazenabledcuseuap","type":"Microsoft.ContainerRegistry/registries","sku":{"name":"Premium","tier":"Premium"},"location":"centraluseuap","tags":{},"systemData":{"createdBy":"oladewal@microsoft.com","createdByType":"User","createdAt":"2020-11-19T02:35:15.5448469Z","lastModifiedBy":"oladewal@microsoft.com","lastModifiedByType":"User","lastModifiedAt":"2020-11-19T02:35:38.9749709Z"}},{"id":"/subscriptions/00000000-0000-0000-0000-000000000000/resourceGroups/ova-test-canary/providers/Microsoft.ContainerRegistry/registries/tosintestazenabledcuseuap2","name":"tosintestazenabledcuseuap2","type":"Microsoft.ContainerRegistry/registries","sku":{"name":"Premium","tier":"Premium"},"location":"centraluseuap","tags":{},"systemData":{"createdBy":"oladewal@microsoft.com","createdByType":"User","createdAt":"2020-11-19T02:35:47.0583837Z","lastModifiedBy":"oladewal@microsoft.com","lastModifiedByType":"User","lastModifiedAt":"2020-11-19T02:35:47.0583837Z"}},{"id":"/subscriptions/00000000-0000-0000-0000-000000000000/resourceGroups/ova-test-canary/providers/Microsoft.ContainerRegistry/registries/tosintestazenabledeus2euap","name":"tosintestazenabledeus2euap","type":"Microsoft.ContainerRegistry/registries","sku":{"name":"Premium","tier":"Premium"},"location":"eastus2euap","tags":{},"systemData":{"createdBy":"oladewal@microsoft.com","createdByType":"User","createdAt":"2020-11-19T02:31:19.1210816Z","lastModifiedBy":"oladewal@microsoft.com","lastModifiedByType":"User","lastModifiedAt":"2020-11-19T02:31:19.1210816Z"}},{"id":"/subscriptions/00000000-0000-0000-0000-000000000000/resourceGroups/test-rg-2/providers/Microsoft.ContainerRegistry/registries/tosintestazenabled111220","name":"tosintestazenabled111220","type":"Microsoft.ContainerRegistry/registries","sku":{"name":"Premium","tier":"Premium"},"location":"eastus2euap","tags":{},"systemData":{"createdBy":"823c2ce1-e27b-4c37-9b6c-078a21dfe04d","createdByType":"Application","createdAt":"2020-11-13T01:04:01.4344554Z","lastModifiedBy":"823c2ce1-e27b-4c37-9b6c-078a21dfe04d","lastModifiedByType":"Application","lastModifiedAt":"2020-11-13T01:08:16.2067421Z"}}]}'
    headers:
      cache-control:
      - no-cache
      content-length:
      - '10193'
      content-type:
      - application/json; charset=utf-8
      date:
      - Tue, 22 Dec 2020 22:13:26 GMT
      expires:
      - '-1'
      pragma:
      - no-cache
      strict-transport-security:
      - max-age=31536000; includeSubDomains
      vary:
      - Accept-Encoding
      x-content-type-options:
      - nosniff
    status:
      code: 200
      message: OK
- request:
    body: null
    headers:
      Accept:
      - application/json
      Accept-Encoding:
      - gzip, deflate
      CommandName:
      - acr config retention update
      Connection:
      - keep-alive
      ParameterSetName:
      - -r --status --days --type
      User-Agent:
      - python/3.7.9 (Windows-10-10.0.19041-SP0) msrest/0.6.18 msrest_azure/0.6.3
        azure-mgmt-containerregistry/3.0.0rc16 Azure-SDK-For-Python AZURECLI/2.16.0
      accept-language:
      - en-US
    method: GET
    uri: https://management.azure.com/subscriptions/00000000-0000-0000-0000-000000000000/resourceGroups/clitest.rg000001/providers/Microsoft.ContainerRegistry/registries/clireg000002?api-version=2020-11-01-preview
  response:
    body:
      string: '{"sku":{"name":"Premium","tier":"Premium"},"type":"Microsoft.ContainerRegistry/registries","id":"/subscriptions/00000000-0000-0000-0000-000000000000/resourceGroups/clitest.rg000001/providers/Microsoft.ContainerRegistry/registries/clireg000002","name":"clireg000002","location":"westus","tags":{"foo":"bar","cat":""},"systemData":{"createdBy":"oladewal@microsoft.com","createdByType":"User","createdAt":"2020-12-22T22:13:18.4429867+00:00","lastModifiedBy":"oladewal@microsoft.com","lastModifiedByType":"User","lastModifiedAt":"2020-12-22T22:13:26.0090264+00:00"},"properties":{"loginServer":"clireg000002.azurecr.io","creationDate":"2020-12-22T22:13:18.4429867Z","provisioningState":"Succeeded","adminUserEnabled":true,"networkRuleSet":{"defaultAction":"Allow","virtualNetworkRules":[],"ipRules":[]},"policies":{"quarantinePolicy":{"status":"disabled"},"trustPolicy":{"type":"Notary","status":"disabled"},"retentionPolicy":{"days":7,"lastUpdatedTime":"2020-12-22T22:13:19.9417065+00:00","status":"disabled"}},"encryption":{"status":"disabled"},"dataEndpointEnabled":false,"dataEndpointHostNames":[],"privateEndpointConnections":[],"publicNetworkAccess":"Enabled","networkRuleBypassOptions":"AzureServices","zoneRedundancy":"Disabled"}}'
    headers:
      cache-control:
      - no-cache
      content-length:
      - '1317'
      content-type:
      - application/json; charset=utf-8
      date:
      - Tue, 22 Dec 2020 22:13:27 GMT
      expires:
      - '-1'
      pragma:
      - no-cache
      server:
      - Microsoft-HTTPAPI/2.0
      strict-transport-security:
      - max-age=31536000; includeSubDomains
      transfer-encoding:
      - chunked
      vary:
      - Accept-Encoding
      x-content-type-options:
      - nosniff
    status:
      code: 200
      message: OK
- request:
    body: '{"properties": {"policies": {"quarantinePolicy": {"status": "disabled"},
      "trustPolicy": {"type": "Notary", "status": "disabled"}, "retentionPolicy":
      {"days": 30, "status": "enabled"}}, "networkRuleBypassOptions": "AzureServices"}}'
    headers:
      Accept:
      - application/json
      Accept-Encoding:
      - gzip, deflate
      CommandName:
      - acr config retention update
      Connection:
      - keep-alive
      Content-Length:
      - '230'
      Content-Type:
      - application/json; charset=utf-8
      ParameterSetName:
      - -r --status --days --type
      User-Agent:
      - python/3.7.9 (Windows-10-10.0.19041-SP0) msrest/0.6.18 msrest_azure/0.6.3
        azure-mgmt-containerregistry/3.0.0rc16 Azure-SDK-For-Python AZURECLI/2.16.0
      accept-language:
      - en-US
    method: PATCH
    uri: https://management.azure.com/subscriptions/00000000-0000-0000-0000-000000000000/resourceGroups/clitest.rg000001/providers/Microsoft.ContainerRegistry/registries/clireg000002?api-version=2020-11-01-preview
  response:
    body:
      string: '{"sku":{"name":"Premium","tier":"Premium"},"type":"Microsoft.ContainerRegistry/registries","id":"/subscriptions/00000000-0000-0000-0000-000000000000/resourceGroups/clitest.rg000001/providers/Microsoft.ContainerRegistry/registries/clireg000002","name":"clireg000002","location":"westus","tags":{"foo":"bar","cat":""},"systemData":{"createdBy":"oladewal@microsoft.com","createdByType":"User","createdAt":"2020-12-22T22:13:18.4429867+00:00","lastModifiedBy":"oladewal@microsoft.com","lastModifiedByType":"User","lastModifiedAt":"2020-12-22T22:13:29.2100733+00:00"},"properties":{"loginServer":"clireg000002.azurecr.io","creationDate":"2020-12-22T22:13:18.4429867Z","provisioningState":"Succeeded","adminUserEnabled":true,"networkRuleSet":{"defaultAction":"Allow","virtualNetworkRules":[],"ipRules":[]},"policies":{"quarantinePolicy":{"status":"disabled"},"trustPolicy":{"type":"Notary","status":"disabled"},"retentionPolicy":{"days":30,"lastUpdatedTime":"2020-12-22T22:13:29.7363898+00:00","status":"enabled"}},"encryption":{"status":"disabled"},"dataEndpointEnabled":false,"dataEndpointHostNames":[],"privateEndpointConnections":[],"publicNetworkAccess":"Enabled","networkRuleBypassOptions":"AzureServices","zoneRedundancy":"Disabled"}}'
    headers:
      cache-control:
      - no-cache
      content-length:
      - '1317'
      content-type:
      - application/json; charset=utf-8
      date:
      - Tue, 22 Dec 2020 22:13:29 GMT
      expires:
      - '-1'
      pragma:
      - no-cache
      server:
      - Microsoft-HTTPAPI/2.0
      strict-transport-security:
      - max-age=31536000; includeSubDomains
      transfer-encoding:
      - chunked
      vary:
      - Accept-Encoding
      x-content-type-options:
      - nosniff
      x-ms-ratelimit-remaining-subscription-writes:
      - '1196'
    status:
      code: 200
      message: OK
- request:
    body: null
    headers:
      Accept:
      - application/json
      Accept-Encoding:
      - gzip, deflate
      CommandName:
      - acr config retention show
      Connection:
      - keep-alive
      ParameterSetName:
      - -r
      User-Agent:
      - python/3.7.9 (Windows-10-10.0.19041-SP0) msrest/0.6.18 msrest_azure/0.6.3
        azure-mgmt-resource/10.3.0 Azure-SDK-For-Python AZURECLI/2.16.0
      accept-language:
      - en-US
    method: GET
    uri: https://management.azure.com/subscriptions/00000000-0000-0000-0000-000000000000/resources?$filter=resourceType%20eq%20%27Microsoft.ContainerRegistry%2Fregistries%27&api-version=2020-06-01
  response:
    body:
      string: '{"value":[{"id":"/subscriptions/00000000-0000-0000-0000-000000000000/resourceGroups/clitest.rg2lp6xetj5hxnyxhrxm6567tctnyeot3unr7h6o5b23n5vks4gpngq2dmud4zsykin/providers/Microsoft.ContainerRegistry/registries/testregawdmsysb2nz7g","name":"testregawdmsysb2nz7g","type":"Microsoft.ContainerRegistry/registries","sku":{"name":"Premium","tier":"Premium"},"location":"westus","tags":{},"systemData":{"createdBy":"oladewal@microsoft.com","createdByType":"User","createdAt":"2020-12-17T18:54:48.5455748Z","lastModifiedBy":"oladewal@microsoft.com","lastModifiedByType":"User","lastModifiedAt":"2020-12-22T18:28:49.6015895Z"}},{"id":"/subscriptions/00000000-0000-0000-0000-000000000000/resourceGroups/clitest.rg5aog35r7j6tmjp27y2ncz6ichsyauwr4hoz66olcgnpz64svqrp4mtkk5anyh52mh/providers/Microsoft.ContainerRegistry/registries/clireg25lwdnz2ajac6f","name":"clireg25lwdnz2ajac6f","type":"Microsoft.ContainerRegistry/registries","sku":{"name":"Standard","tier":"Standard"},"location":"westus","tags":{},"systemData":{"createdBy":"oladewal@microsoft.com","createdByType":"User","createdAt":"2020-12-03T21:45:10.3368354Z","lastModifiedBy":"oladewal@microsoft.com","lastModifiedByType":"User","lastModifiedAt":"2020-12-03T21:45:10.3368354Z"}},{"id":"/subscriptions/00000000-0000-0000-0000-000000000000/resourceGroups/clitest.rgbwdbjz6wapneibmxapyqbpjcwskxhd6hdwb7fxucsxwlieaa47gsjkgophk4gqdth/providers/Microsoft.ContainerRegistry/registries/testregyhhzomlbiiobqhljbm","name":"testregyhhzomlbiiobqhljbm","type":"Microsoft.ContainerRegistry/registries","sku":{"name":"Premium","tier":"Premium"},"location":"westus","tags":{},"systemData":{"createdBy":"oladewal@microsoft.com","createdByType":"User","createdAt":"2020-12-03T21:58:13.182583Z","lastModifiedBy":"oladewal@microsoft.com","lastModifiedByType":"User","lastModifiedAt":"2020-12-03T21:58:13.182583Z"}},{"id":"/subscriptions/00000000-0000-0000-0000-000000000000/resourceGroups/clitest.rg000001/providers/Microsoft.ContainerRegistry/registries/clireg000002","name":"clireg000002","type":"Microsoft.ContainerRegistry/registries","sku":{"name":"Premium","tier":"Premium"},"location":"westus","tags":{"foo":"bar","cat":""},"systemData":{"createdBy":"oladewal@microsoft.com","createdByType":"User","createdAt":"2020-12-22T22:13:18.4429867Z","lastModifiedBy":"oladewal@microsoft.com","lastModifiedByType":"User","lastModifiedAt":"2020-12-22T22:13:26.0090264Z"}},{"id":"/subscriptions/00000000-0000-0000-0000-000000000000/resourceGroups/clitest.rgjaqvnb4tuhpzftnaz3fgqnkyjgxh7b4mx466q33hri4hhmrobjw7esg2vsebx3m5s/providers/Microsoft.ContainerRegistry/registries/testregxmrsaxtqf7bex","name":"testregxmrsaxtqf7bex","type":"Microsoft.ContainerRegistry/registries","sku":{"name":"Premium","tier":"Premium"},"location":"westus","tags":{},"systemData":{"createdBy":"oladewal@microsoft.com","createdByType":"User","createdAt":"2020-12-17T19:01:57.5098397Z","lastModifiedBy":"oladewal@microsoft.com","lastModifiedByType":"User","lastModifiedAt":"2020-12-17T19:01:57.5098397Z"}},{"id":"/subscriptions/00000000-0000-0000-0000-000000000000/resourceGroups/clitest.rgnjcxorot32tl2y7g6v55v3tba73ih3ykfpy7wp4t4egj4jcaz42kcg4bry5ma4gdk/providers/Microsoft.ContainerRegistry/registries/testreggepzse3ycdofj6em2h","name":"testreggepzse3ycdofj6em2h","type":"Microsoft.ContainerRegistry/registries","sku":{"name":"Premium","tier":"Premium"},"location":"westus","tags":{},"systemData":{"createdBy":"oladewal@microsoft.com","createdByType":"User","createdAt":"2020-12-03T21:45:10.3814195Z","lastModifiedBy":"oladewal@microsoft.com","lastModifiedByType":"User","lastModifiedAt":"2020-12-03T21:45:10.3814195Z"}},{"id":"/subscriptions/00000000-0000-0000-0000-000000000000/resourceGroups/clitest.rgpecxlhum4bl5kong3ietn5jkcd2akw33rmvxha4amos2ljpm7f74bgdo4p2ous3jb/providers/Microsoft.ContainerRegistry/registries/clireghtitbma6cergdo","name":"clireghtitbma6cergdo","type":"Microsoft.ContainerRegistry/registries","sku":{"name":"Premium","tier":"Premium"},"location":"westus","tags":{},"systemData":{"createdBy":"oladewal@microsoft.com","createdByType":"User","createdAt":"2020-12-17T19:01:45.9414106Z","lastModifiedBy":"oladewal@microsoft.com","lastModifiedByType":"User","lastModifiedAt":"2020-12-17T19:01:45.9414106Z"}},{"id":"/subscriptions/00000000-0000-0000-0000-000000000000/resourceGroups/ova-test/providers/Microsoft.ContainerRegistry/registries/ovatestanonpull","name":"ovatestanonpull","type":"Microsoft.ContainerRegistry/registries","sku":{"name":"Premium","tier":"Premium"},"location":"westus","tags":{}},{"id":"/subscriptions/00000000-0000-0000-0000-000000000000/resourceGroups/ova-test/providers/Microsoft.ContainerRegistry/registries/ovatestnonzr","name":"ovatestnonzr","type":"Microsoft.ContainerRegistry/registries","sku":{"name":"Premium","tier":"Premium"},"location":"centraluseuap","tags":{},"systemData":{"createdBy":"oladewal@microsoft.com","createdByType":"User","createdAt":"2020-11-30T06:57:26.2727349Z","lastModifiedBy":"oladewal@microsoft.com","lastModifiedByType":"User","lastModifiedAt":"2020-11-30T06:57:26.2727349Z"}},{"id":"/subscriptions/00000000-0000-0000-0000-000000000000/resourceGroups/ova-test/providers/Microsoft.ContainerRegistry/registries/ovaTestRegistry","name":"ovaTestRegistry","type":"Microsoft.ContainerRegistry/registries","sku":{"name":"Premium","tier":"Premium"},"location":"westus","tags":{}},{"id":"/subscriptions/00000000-0000-0000-0000-000000000000/resourceGroups/ova-test/providers/Microsoft.ContainerRegistry/registries/ovatestzoneredundant","name":"ovatestzoneredundant","type":"Microsoft.ContainerRegistry/registries","sku":{"name":"Premium","tier":"Premium"},"location":"eastus2euap","tags":{},"systemData":{"createdBy":"oladewal@microsoft.com","createdByType":"User","createdAt":"2020-11-30T06:56:13.7634117Z","lastModifiedBy":"oladewal@microsoft.com","lastModifiedByType":"User","lastModifiedAt":"2020-11-30T06:56:13.7634117Z"}},{"id":"/subscriptions/00000000-0000-0000-0000-000000000000/resourceGroups/ova-test/providers/Microsoft.ContainerRegistry/registries/tosinazenabledeus","name":"tosinazenabledeus","type":"Microsoft.ContainerRegistry/registries","sku":{"name":"Premium","tier":"Premium"},"location":"eastus","tags":{},"systemData":{"createdBy":"oladewal@microsoft.com","createdByType":"User","createdAt":"2020-12-08T03:05:33.2257591Z","lastModifiedBy":"oladewal@microsoft.com","lastModifiedByType":"User","lastModifiedAt":"2020-12-08T03:11:05.2281678Z"}},{"id":"/subscriptions/00000000-0000-0000-0000-000000000000/resourceGroups/ova-test/providers/Microsoft.ContainerRegistry/registries/tosinazenabledeus2","name":"tosinazenabledeus2","type":"Microsoft.ContainerRegistry/registries","sku":{"name":"Premium","tier":"Premium"},"location":"eastus2","tags":{},"systemData":{"createdBy":"oladewal@microsoft.com","createdByType":"User","createdAt":"2020-12-08T03:11:32.5032182Z","lastModifiedBy":"oladewal@microsoft.com","lastModifiedByType":"User","lastModifiedAt":"2020-12-08T03:11:32.5032182Z"}},{"id":"/subscriptions/00000000-0000-0000-0000-000000000000/resourceGroups/ova-test/providers/Microsoft.ContainerRegistry/registries/tosinazenabledwus2","name":"tosinazenabledwus2","type":"Microsoft.ContainerRegistry/registries","sku":{"name":"Premium","tier":"Premium"},"location":"westus2","tags":{},"systemData":{"createdBy":"oladewal@microsoft.com","createdByType":"User","createdAt":"2020-12-08T03:14:47.2890873Z","lastModifiedBy":"oladewal@microsoft.com","lastModifiedByType":"User","lastModifiedAt":"2020-12-08T03:14:47.2890873Z"}},{"id":"/subscriptions/00000000-0000-0000-0000-000000000000/resourceGroups/ova-test-canary/providers/Microsoft.ContainerRegistry/registries/tosincanaryregcus","name":"tosincanaryregcus","type":"Microsoft.ContainerRegistry/registries","sku":{"name":"Premium","tier":"Premium"},"location":"centraluseuap","tags":{}},{"id":"/subscriptions/00000000-0000-0000-0000-000000000000/resourceGroups/ova-test-canary/providers/Microsoft.ContainerRegistry/registries/tosintestazenabledcuseuap","name":"tosintestazenabledcuseuap","type":"Microsoft.ContainerRegistry/registries","sku":{"name":"Premium","tier":"Premium"},"location":"centraluseuap","tags":{},"systemData":{"createdBy":"oladewal@microsoft.com","createdByType":"User","createdAt":"2020-11-19T02:35:15.5448469Z","lastModifiedBy":"oladewal@microsoft.com","lastModifiedByType":"User","lastModifiedAt":"2020-11-19T02:35:38.9749709Z"}},{"id":"/subscriptions/00000000-0000-0000-0000-000000000000/resourceGroups/ova-test-canary/providers/Microsoft.ContainerRegistry/registries/tosintestazenabledcuseuap2","name":"tosintestazenabledcuseuap2","type":"Microsoft.ContainerRegistry/registries","sku":{"name":"Premium","tier":"Premium"},"location":"centraluseuap","tags":{},"systemData":{"createdBy":"oladewal@microsoft.com","createdByType":"User","createdAt":"2020-11-19T02:35:47.0583837Z","lastModifiedBy":"oladewal@microsoft.com","lastModifiedByType":"User","lastModifiedAt":"2020-11-19T02:35:47.0583837Z"}},{"id":"/subscriptions/00000000-0000-0000-0000-000000000000/resourceGroups/ova-test-canary/providers/Microsoft.ContainerRegistry/registries/tosintestazenabledeus2euap","name":"tosintestazenabledeus2euap","type":"Microsoft.ContainerRegistry/registries","sku":{"name":"Premium","tier":"Premium"},"location":"eastus2euap","tags":{},"systemData":{"createdBy":"oladewal@microsoft.com","createdByType":"User","createdAt":"2020-11-19T02:31:19.1210816Z","lastModifiedBy":"oladewal@microsoft.com","lastModifiedByType":"User","lastModifiedAt":"2020-11-19T02:31:19.1210816Z"}},{"id":"/subscriptions/00000000-0000-0000-0000-000000000000/resourceGroups/test-rg-2/providers/Microsoft.ContainerRegistry/registries/tosintestazenabled111220","name":"tosintestazenabled111220","type":"Microsoft.ContainerRegistry/registries","sku":{"name":"Premium","tier":"Premium"},"location":"eastus2euap","tags":{},"systemData":{"createdBy":"823c2ce1-e27b-4c37-9b6c-078a21dfe04d","createdByType":"Application","createdAt":"2020-11-13T01:04:01.4344554Z","lastModifiedBy":"823c2ce1-e27b-4c37-9b6c-078a21dfe04d","lastModifiedByType":"Application","lastModifiedAt":"2020-11-13T01:08:16.2067421Z"}}]}'
    headers:
      cache-control:
      - no-cache
      content-length:
      - '10193'
      content-type:
      - application/json; charset=utf-8
      date:
      - Tue, 22 Dec 2020 22:13:29 GMT
      expires:
      - '-1'
      pragma:
      - no-cache
      strict-transport-security:
      - max-age=31536000; includeSubDomains
      vary:
      - Accept-Encoding
      x-content-type-options:
      - nosniff
    status:
      code: 200
      message: OK
- request:
    body: null
    headers:
      Accept:
      - application/json
      Accept-Encoding:
      - gzip, deflate
      CommandName:
      - acr config retention show
      Connection:
      - keep-alive
      ParameterSetName:
      - -r
      User-Agent:
      - python/3.7.9 (Windows-10-10.0.19041-SP0) msrest/0.6.18 msrest_azure/0.6.3
        azure-mgmt-containerregistry/3.0.0rc16 Azure-SDK-For-Python AZURECLI/2.16.0
      accept-language:
      - en-US
    method: GET
    uri: https://management.azure.com/subscriptions/00000000-0000-0000-0000-000000000000/resourceGroups/clitest.rg000001/providers/Microsoft.ContainerRegistry/registries/clireg000002?api-version=2020-11-01-preview
  response:
    body:
      string: '{"sku":{"name":"Premium","tier":"Premium"},"type":"Microsoft.ContainerRegistry/registries","id":"/subscriptions/00000000-0000-0000-0000-000000000000/resourceGroups/clitest.rg000001/providers/Microsoft.ContainerRegistry/registries/clireg000002","name":"clireg000002","location":"westus","tags":{"foo":"bar","cat":""},"systemData":{"createdBy":"oladewal@microsoft.com","createdByType":"User","createdAt":"2020-12-22T22:13:18.4429867+00:00","lastModifiedBy":"oladewal@microsoft.com","lastModifiedByType":"User","lastModifiedAt":"2020-12-22T22:13:29.2100733+00:00"},"properties":{"loginServer":"clireg000002.azurecr.io","creationDate":"2020-12-22T22:13:18.4429867Z","provisioningState":"Succeeded","adminUserEnabled":true,"networkRuleSet":{"defaultAction":"Allow","virtualNetworkRules":[],"ipRules":[]},"policies":{"quarantinePolicy":{"status":"disabled"},"trustPolicy":{"type":"Notary","status":"disabled"},"retentionPolicy":{"days":30,"lastUpdatedTime":"2020-12-22T22:13:29.7363898+00:00","status":"enabled"}},"encryption":{"status":"disabled"},"dataEndpointEnabled":false,"dataEndpointHostNames":[],"privateEndpointConnections":[],"publicNetworkAccess":"Enabled","networkRuleBypassOptions":"AzureServices","zoneRedundancy":"Disabled"}}'
    headers:
      cache-control:
      - no-cache
      content-length:
      - '1317'
      content-type:
      - application/json; charset=utf-8
      date:
      - Tue, 22 Dec 2020 22:13:30 GMT
      expires:
      - '-1'
      pragma:
      - no-cache
      server:
      - Microsoft-HTTPAPI/2.0
      strict-transport-security:
      - max-age=31536000; includeSubDomains
      transfer-encoding:
      - chunked
      vary:
      - Accept-Encoding
      x-content-type-options:
      - nosniff
    status:
      code: 200
      message: OK
- request:
    body: null
    headers:
      Accept:
      - application/json
      Accept-Encoding:
      - gzip, deflate
      CommandName:
      - acr config content-trust update
      Connection:
      - keep-alive
      ParameterSetName:
      - -n --status
      User-Agent:
      - python/3.7.9 (Windows-10-10.0.19041-SP0) msrest/0.6.18 msrest_azure/0.6.3
        azure-mgmt-resource/10.3.0 Azure-SDK-For-Python AZURECLI/2.16.0
      accept-language:
      - en-US
    method: GET
    uri: https://management.azure.com/subscriptions/00000000-0000-0000-0000-000000000000/resources?$filter=resourceType%20eq%20%27Microsoft.ContainerRegistry%2Fregistries%27&api-version=2020-06-01
  response:
    body:
      string: '{"value":[{"id":"/subscriptions/00000000-0000-0000-0000-000000000000/resourceGroups/clitest.rg2lp6xetj5hxnyxhrxm6567tctnyeot3unr7h6o5b23n5vks4gpngq2dmud4zsykin/providers/Microsoft.ContainerRegistry/registries/testregawdmsysb2nz7g","name":"testregawdmsysb2nz7g","type":"Microsoft.ContainerRegistry/registries","sku":{"name":"Premium","tier":"Premium"},"location":"westus","tags":{},"systemData":{"createdBy":"oladewal@microsoft.com","createdByType":"User","createdAt":"2020-12-17T18:54:48.5455748Z","lastModifiedBy":"oladewal@microsoft.com","lastModifiedByType":"User","lastModifiedAt":"2020-12-22T18:28:49.6015895Z"}},{"id":"/subscriptions/00000000-0000-0000-0000-000000000000/resourceGroups/clitest.rg5aog35r7j6tmjp27y2ncz6ichsyauwr4hoz66olcgnpz64svqrp4mtkk5anyh52mh/providers/Microsoft.ContainerRegistry/registries/clireg25lwdnz2ajac6f","name":"clireg25lwdnz2ajac6f","type":"Microsoft.ContainerRegistry/registries","sku":{"name":"Standard","tier":"Standard"},"location":"westus","tags":{},"systemData":{"createdBy":"oladewal@microsoft.com","createdByType":"User","createdAt":"2020-12-03T21:45:10.3368354Z","lastModifiedBy":"oladewal@microsoft.com","lastModifiedByType":"User","lastModifiedAt":"2020-12-03T21:45:10.3368354Z"}},{"id":"/subscriptions/00000000-0000-0000-0000-000000000000/resourceGroups/clitest.rgbwdbjz6wapneibmxapyqbpjcwskxhd6hdwb7fxucsxwlieaa47gsjkgophk4gqdth/providers/Microsoft.ContainerRegistry/registries/testregyhhzomlbiiobqhljbm","name":"testregyhhzomlbiiobqhljbm","type":"Microsoft.ContainerRegistry/registries","sku":{"name":"Premium","tier":"Premium"},"location":"westus","tags":{},"systemData":{"createdBy":"oladewal@microsoft.com","createdByType":"User","createdAt":"2020-12-03T21:58:13.182583Z","lastModifiedBy":"oladewal@microsoft.com","lastModifiedByType":"User","lastModifiedAt":"2020-12-03T21:58:13.182583Z"}},{"id":"/subscriptions/00000000-0000-0000-0000-000000000000/resourceGroups/clitest.rg000001/providers/Microsoft.ContainerRegistry/registries/clireg000002","name":"clireg000002","type":"Microsoft.ContainerRegistry/registries","sku":{"name":"Premium","tier":"Premium"},"location":"westus","tags":{"foo":"bar","cat":""},"systemData":{"createdBy":"oladewal@microsoft.com","createdByType":"User","createdAt":"2020-12-22T22:13:18.4429867Z","lastModifiedBy":"oladewal@microsoft.com","lastModifiedByType":"User","lastModifiedAt":"2020-12-22T22:13:26.0090264Z"}},{"id":"/subscriptions/00000000-0000-0000-0000-000000000000/resourceGroups/clitest.rgjaqvnb4tuhpzftnaz3fgqnkyjgxh7b4mx466q33hri4hhmrobjw7esg2vsebx3m5s/providers/Microsoft.ContainerRegistry/registries/testregxmrsaxtqf7bex","name":"testregxmrsaxtqf7bex","type":"Microsoft.ContainerRegistry/registries","sku":{"name":"Premium","tier":"Premium"},"location":"westus","tags":{},"systemData":{"createdBy":"oladewal@microsoft.com","createdByType":"User","createdAt":"2020-12-17T19:01:57.5098397Z","lastModifiedBy":"oladewal@microsoft.com","lastModifiedByType":"User","lastModifiedAt":"2020-12-17T19:01:57.5098397Z"}},{"id":"/subscriptions/00000000-0000-0000-0000-000000000000/resourceGroups/clitest.rgnjcxorot32tl2y7g6v55v3tba73ih3ykfpy7wp4t4egj4jcaz42kcg4bry5ma4gdk/providers/Microsoft.ContainerRegistry/registries/testreggepzse3ycdofj6em2h","name":"testreggepzse3ycdofj6em2h","type":"Microsoft.ContainerRegistry/registries","sku":{"name":"Premium","tier":"Premium"},"location":"westus","tags":{},"systemData":{"createdBy":"oladewal@microsoft.com","createdByType":"User","createdAt":"2020-12-03T21:45:10.3814195Z","lastModifiedBy":"oladewal@microsoft.com","lastModifiedByType":"User","lastModifiedAt":"2020-12-03T21:45:10.3814195Z"}},{"id":"/subscriptions/00000000-0000-0000-0000-000000000000/resourceGroups/clitest.rgpecxlhum4bl5kong3ietn5jkcd2akw33rmvxha4amos2ljpm7f74bgdo4p2ous3jb/providers/Microsoft.ContainerRegistry/registries/clireghtitbma6cergdo","name":"clireghtitbma6cergdo","type":"Microsoft.ContainerRegistry/registries","sku":{"name":"Premium","tier":"Premium"},"location":"westus","tags":{},"systemData":{"createdBy":"oladewal@microsoft.com","createdByType":"User","createdAt":"2020-12-17T19:01:45.9414106Z","lastModifiedBy":"oladewal@microsoft.com","lastModifiedByType":"User","lastModifiedAt":"2020-12-17T19:01:45.9414106Z"}},{"id":"/subscriptions/00000000-0000-0000-0000-000000000000/resourceGroups/ova-test/providers/Microsoft.ContainerRegistry/registries/ovatestanonpull","name":"ovatestanonpull","type":"Microsoft.ContainerRegistry/registries","sku":{"name":"Premium","tier":"Premium"},"location":"westus","tags":{}},{"id":"/subscriptions/00000000-0000-0000-0000-000000000000/resourceGroups/ova-test/providers/Microsoft.ContainerRegistry/registries/ovatestnonzr","name":"ovatestnonzr","type":"Microsoft.ContainerRegistry/registries","sku":{"name":"Premium","tier":"Premium"},"location":"centraluseuap","tags":{},"systemData":{"createdBy":"oladewal@microsoft.com","createdByType":"User","createdAt":"2020-11-30T06:57:26.2727349Z","lastModifiedBy":"oladewal@microsoft.com","lastModifiedByType":"User","lastModifiedAt":"2020-11-30T06:57:26.2727349Z"}},{"id":"/subscriptions/00000000-0000-0000-0000-000000000000/resourceGroups/ova-test/providers/Microsoft.ContainerRegistry/registries/ovaTestRegistry","name":"ovaTestRegistry","type":"Microsoft.ContainerRegistry/registries","sku":{"name":"Premium","tier":"Premium"},"location":"westus","tags":{}},{"id":"/subscriptions/00000000-0000-0000-0000-000000000000/resourceGroups/ova-test/providers/Microsoft.ContainerRegistry/registries/ovatestzoneredundant","name":"ovatestzoneredundant","type":"Microsoft.ContainerRegistry/registries","sku":{"name":"Premium","tier":"Premium"},"location":"eastus2euap","tags":{},"systemData":{"createdBy":"oladewal@microsoft.com","createdByType":"User","createdAt":"2020-11-30T06:56:13.7634117Z","lastModifiedBy":"oladewal@microsoft.com","lastModifiedByType":"User","lastModifiedAt":"2020-11-30T06:56:13.7634117Z"}},{"id":"/subscriptions/00000000-0000-0000-0000-000000000000/resourceGroups/ova-test/providers/Microsoft.ContainerRegistry/registries/tosinazenabledeus","name":"tosinazenabledeus","type":"Microsoft.ContainerRegistry/registries","sku":{"name":"Premium","tier":"Premium"},"location":"eastus","tags":{},"systemData":{"createdBy":"oladewal@microsoft.com","createdByType":"User","createdAt":"2020-12-08T03:05:33.2257591Z","lastModifiedBy":"oladewal@microsoft.com","lastModifiedByType":"User","lastModifiedAt":"2020-12-08T03:11:05.2281678Z"}},{"id":"/subscriptions/00000000-0000-0000-0000-000000000000/resourceGroups/ova-test/providers/Microsoft.ContainerRegistry/registries/tosinazenabledeus2","name":"tosinazenabledeus2","type":"Microsoft.ContainerRegistry/registries","sku":{"name":"Premium","tier":"Premium"},"location":"eastus2","tags":{},"systemData":{"createdBy":"oladewal@microsoft.com","createdByType":"User","createdAt":"2020-12-08T03:11:32.5032182Z","lastModifiedBy":"oladewal@microsoft.com","lastModifiedByType":"User","lastModifiedAt":"2020-12-08T03:11:32.5032182Z"}},{"id":"/subscriptions/00000000-0000-0000-0000-000000000000/resourceGroups/ova-test/providers/Microsoft.ContainerRegistry/registries/tosinazenabledwus2","name":"tosinazenabledwus2","type":"Microsoft.ContainerRegistry/registries","sku":{"name":"Premium","tier":"Premium"},"location":"westus2","tags":{},"systemData":{"createdBy":"oladewal@microsoft.com","createdByType":"User","createdAt":"2020-12-08T03:14:47.2890873Z","lastModifiedBy":"oladewal@microsoft.com","lastModifiedByType":"User","lastModifiedAt":"2020-12-08T03:14:47.2890873Z"}},{"id":"/subscriptions/00000000-0000-0000-0000-000000000000/resourceGroups/ova-test-canary/providers/Microsoft.ContainerRegistry/registries/tosincanaryregcus","name":"tosincanaryregcus","type":"Microsoft.ContainerRegistry/registries","sku":{"name":"Premium","tier":"Premium"},"location":"centraluseuap","tags":{}},{"id":"/subscriptions/00000000-0000-0000-0000-000000000000/resourceGroups/ova-test-canary/providers/Microsoft.ContainerRegistry/registries/tosintestazenabledcuseuap","name":"tosintestazenabledcuseuap","type":"Microsoft.ContainerRegistry/registries","sku":{"name":"Premium","tier":"Premium"},"location":"centraluseuap","tags":{},"systemData":{"createdBy":"oladewal@microsoft.com","createdByType":"User","createdAt":"2020-11-19T02:35:15.5448469Z","lastModifiedBy":"oladewal@microsoft.com","lastModifiedByType":"User","lastModifiedAt":"2020-11-19T02:35:38.9749709Z"}},{"id":"/subscriptions/00000000-0000-0000-0000-000000000000/resourceGroups/ova-test-canary/providers/Microsoft.ContainerRegistry/registries/tosintestazenabledcuseuap2","name":"tosintestazenabledcuseuap2","type":"Microsoft.ContainerRegistry/registries","sku":{"name":"Premium","tier":"Premium"},"location":"centraluseuap","tags":{},"systemData":{"createdBy":"oladewal@microsoft.com","createdByType":"User","createdAt":"2020-11-19T02:35:47.0583837Z","lastModifiedBy":"oladewal@microsoft.com","lastModifiedByType":"User","lastModifiedAt":"2020-11-19T02:35:47.0583837Z"}},{"id":"/subscriptions/00000000-0000-0000-0000-000000000000/resourceGroups/ova-test-canary/providers/Microsoft.ContainerRegistry/registries/tosintestazenabledeus2euap","name":"tosintestazenabledeus2euap","type":"Microsoft.ContainerRegistry/registries","sku":{"name":"Premium","tier":"Premium"},"location":"eastus2euap","tags":{},"systemData":{"createdBy":"oladewal@microsoft.com","createdByType":"User","createdAt":"2020-11-19T02:31:19.1210816Z","lastModifiedBy":"oladewal@microsoft.com","lastModifiedByType":"User","lastModifiedAt":"2020-11-19T02:31:19.1210816Z"}},{"id":"/subscriptions/00000000-0000-0000-0000-000000000000/resourceGroups/test-rg-2/providers/Microsoft.ContainerRegistry/registries/tosintestazenabled111220","name":"tosintestazenabled111220","type":"Microsoft.ContainerRegistry/registries","sku":{"name":"Premium","tier":"Premium"},"location":"eastus2euap","tags":{},"systemData":{"createdBy":"823c2ce1-e27b-4c37-9b6c-078a21dfe04d","createdByType":"Application","createdAt":"2020-11-13T01:04:01.4344554Z","lastModifiedBy":"823c2ce1-e27b-4c37-9b6c-078a21dfe04d","lastModifiedByType":"Application","lastModifiedAt":"2020-11-13T01:08:16.2067421Z"}}]}'
    headers:
      cache-control:
      - no-cache
      content-length:
      - '10193'
      content-type:
      - application/json; charset=utf-8
      date:
      - Tue, 22 Dec 2020 22:13:30 GMT
      expires:
      - '-1'
      pragma:
      - no-cache
      strict-transport-security:
      - max-age=31536000; includeSubDomains
      vary:
      - Accept-Encoding
      x-content-type-options:
      - nosniff
    status:
      code: 200
      message: OK
- request:
    body: null
    headers:
      Accept:
      - application/json
      Accept-Encoding:
      - gzip, deflate
      CommandName:
      - acr config content-trust update
      Connection:
      - keep-alive
      ParameterSetName:
      - -n --status
      User-Agent:
      - python/3.7.9 (Windows-10-10.0.19041-SP0) msrest/0.6.18 msrest_azure/0.6.3
        azure-mgmt-containerregistry/3.0.0rc16 Azure-SDK-For-Python AZURECLI/2.16.0
      accept-language:
      - en-US
    method: GET
    uri: https://management.azure.com/subscriptions/00000000-0000-0000-0000-000000000000/resourceGroups/clitest.rg000001/providers/Microsoft.ContainerRegistry/registries/clireg000002?api-version=2020-11-01-preview
  response:
    body:
      string: '{"sku":{"name":"Premium","tier":"Premium"},"type":"Microsoft.ContainerRegistry/registries","id":"/subscriptions/00000000-0000-0000-0000-000000000000/resourceGroups/clitest.rg000001/providers/Microsoft.ContainerRegistry/registries/clireg000002","name":"clireg000002","location":"westus","tags":{"foo":"bar","cat":""},"systemData":{"createdBy":"oladewal@microsoft.com","createdByType":"User","createdAt":"2020-12-22T22:13:18.4429867+00:00","lastModifiedBy":"oladewal@microsoft.com","lastModifiedByType":"User","lastModifiedAt":"2020-12-22T22:13:29.2100733+00:00"},"properties":{"loginServer":"clireg000002.azurecr.io","creationDate":"2020-12-22T22:13:18.4429867Z","provisioningState":"Succeeded","adminUserEnabled":true,"networkRuleSet":{"defaultAction":"Allow","virtualNetworkRules":[],"ipRules":[]},"policies":{"quarantinePolicy":{"status":"disabled"},"trustPolicy":{"type":"Notary","status":"disabled"},"retentionPolicy":{"days":30,"lastUpdatedTime":"2020-12-22T22:13:29.7363898+00:00","status":"enabled"}},"encryption":{"status":"disabled"},"dataEndpointEnabled":false,"dataEndpointHostNames":[],"privateEndpointConnections":[],"publicNetworkAccess":"Enabled","networkRuleBypassOptions":"AzureServices","zoneRedundancy":"Disabled"}}'
    headers:
      cache-control:
      - no-cache
      content-length:
      - '1317'
      content-type:
      - application/json; charset=utf-8
      date:
      - Tue, 22 Dec 2020 22:13:30 GMT
      expires:
      - '-1'
      pragma:
      - no-cache
      server:
      - Microsoft-HTTPAPI/2.0
      strict-transport-security:
      - max-age=31536000; includeSubDomains
      transfer-encoding:
      - chunked
      vary:
      - Accept-Encoding
      x-content-type-options:
      - nosniff
    status:
      code: 200
      message: OK
- request:
    body: '{"properties": {"policies": {"quarantinePolicy": {"status": "disabled"},
      "trustPolicy": {"type": "Notary", "status": "enabled"}, "retentionPolicy": {"days":
      30, "status": "enabled"}}, "networkRuleBypassOptions": "AzureServices"}}'
    headers:
      Accept:
      - application/json
      Accept-Encoding:
      - gzip, deflate
      CommandName:
      - acr config content-trust update
      Connection:
      - keep-alive
      Content-Length:
      - '229'
      Content-Type:
      - application/json; charset=utf-8
      ParameterSetName:
      - -n --status
      User-Agent:
      - python/3.7.9 (Windows-10-10.0.19041-SP0) msrest/0.6.18 msrest_azure/0.6.3
        azure-mgmt-containerregistry/3.0.0rc16 Azure-SDK-For-Python AZURECLI/2.16.0
      accept-language:
      - en-US
    method: PATCH
    uri: https://management.azure.com/subscriptions/00000000-0000-0000-0000-000000000000/resourceGroups/clitest.rg000001/providers/Microsoft.ContainerRegistry/registries/clireg000002?api-version=2020-11-01-preview
  response:
    body:
      string: '{"sku":{"name":"Premium","tier":"Premium"},"type":"Microsoft.ContainerRegistry/registries","id":"/subscriptions/00000000-0000-0000-0000-000000000000/resourceGroups/clitest.rg000001/providers/Microsoft.ContainerRegistry/registries/clireg000002","name":"clireg000002","location":"westus","tags":{"foo":"bar","cat":""},"systemData":{"createdBy":"oladewal@microsoft.com","createdByType":"User","createdAt":"2020-12-22T22:13:18.4429867+00:00","lastModifiedBy":"oladewal@microsoft.com","lastModifiedByType":"User","lastModifiedAt":"2020-12-22T22:13:32.37116+00:00"},"properties":{"loginServer":"clireg000002.azurecr.io","creationDate":"2020-12-22T22:13:18.4429867Z","provisioningState":"Succeeded","adminUserEnabled":true,"networkRuleSet":{"defaultAction":"Allow","virtualNetworkRules":[],"ipRules":[]},"policies":{"quarantinePolicy":{"status":"disabled"},"trustPolicy":{"type":"Notary","status":"enabled"},"retentionPolicy":{"days":30,"lastUpdatedTime":"2020-12-22T22:13:32.8940134+00:00","status":"enabled"}},"encryption":{"status":"disabled"},"dataEndpointEnabled":false,"dataEndpointHostNames":[],"privateEndpointConnections":[],"publicNetworkAccess":"Enabled","networkRuleBypassOptions":"AzureServices","zoneRedundancy":"Disabled"}}'
    headers:
      cache-control:
      - no-cache
      content-length:
      - '1314'
      content-type:
      - application/json; charset=utf-8
      date:
      - Tue, 22 Dec 2020 22:13:32 GMT
      expires:
      - '-1'
      pragma:
      - no-cache
      server:
      - Microsoft-HTTPAPI/2.0
      strict-transport-security:
      - max-age=31536000; includeSubDomains
      transfer-encoding:
      - chunked
      vary:
      - Accept-Encoding
      x-content-type-options:
      - nosniff
      x-ms-ratelimit-remaining-subscription-writes:
      - '1196'
    status:
      code: 200
      message: OK
- request:
    body: null
    headers:
      Accept:
      - application/json
      Accept-Encoding:
      - gzip, deflate
      CommandName:
      - acr config content-trust show
      Connection:
      - keep-alive
      ParameterSetName:
      - -n
      User-Agent:
      - python/3.7.9 (Windows-10-10.0.19041-SP0) msrest/0.6.18 msrest_azure/0.6.3
        azure-mgmt-resource/10.3.0 Azure-SDK-For-Python AZURECLI/2.16.0
      accept-language:
      - en-US
    method: GET
    uri: https://management.azure.com/subscriptions/00000000-0000-0000-0000-000000000000/resources?$filter=resourceType%20eq%20%27Microsoft.ContainerRegistry%2Fregistries%27&api-version=2020-06-01
  response:
    body:
      string: '{"value":[{"id":"/subscriptions/00000000-0000-0000-0000-000000000000/resourceGroups/clitest.rg2lp6xetj5hxnyxhrxm6567tctnyeot3unr7h6o5b23n5vks4gpngq2dmud4zsykin/providers/Microsoft.ContainerRegistry/registries/testregawdmsysb2nz7g","name":"testregawdmsysb2nz7g","type":"Microsoft.ContainerRegistry/registries","sku":{"name":"Premium","tier":"Premium"},"location":"westus","tags":{},"systemData":{"createdBy":"oladewal@microsoft.com","createdByType":"User","createdAt":"2020-12-17T18:54:48.5455748Z","lastModifiedBy":"oladewal@microsoft.com","lastModifiedByType":"User","lastModifiedAt":"2020-12-22T18:28:49.6015895Z"}},{"id":"/subscriptions/00000000-0000-0000-0000-000000000000/resourceGroups/clitest.rg5aog35r7j6tmjp27y2ncz6ichsyauwr4hoz66olcgnpz64svqrp4mtkk5anyh52mh/providers/Microsoft.ContainerRegistry/registries/clireg25lwdnz2ajac6f","name":"clireg25lwdnz2ajac6f","type":"Microsoft.ContainerRegistry/registries","sku":{"name":"Standard","tier":"Standard"},"location":"westus","tags":{},"systemData":{"createdBy":"oladewal@microsoft.com","createdByType":"User","createdAt":"2020-12-03T21:45:10.3368354Z","lastModifiedBy":"oladewal@microsoft.com","lastModifiedByType":"User","lastModifiedAt":"2020-12-03T21:45:10.3368354Z"}},{"id":"/subscriptions/00000000-0000-0000-0000-000000000000/resourceGroups/clitest.rgbwdbjz6wapneibmxapyqbpjcwskxhd6hdwb7fxucsxwlieaa47gsjkgophk4gqdth/providers/Microsoft.ContainerRegistry/registries/testregyhhzomlbiiobqhljbm","name":"testregyhhzomlbiiobqhljbm","type":"Microsoft.ContainerRegistry/registries","sku":{"name":"Premium","tier":"Premium"},"location":"westus","tags":{},"systemData":{"createdBy":"oladewal@microsoft.com","createdByType":"User","createdAt":"2020-12-03T21:58:13.182583Z","lastModifiedBy":"oladewal@microsoft.com","lastModifiedByType":"User","lastModifiedAt":"2020-12-03T21:58:13.182583Z"}},{"id":"/subscriptions/00000000-0000-0000-0000-000000000000/resourceGroups/clitest.rg000001/providers/Microsoft.ContainerRegistry/registries/clireg000002","name":"clireg000002","type":"Microsoft.ContainerRegistry/registries","sku":{"name":"Premium","tier":"Premium"},"location":"westus","tags":{"foo":"bar","cat":""},"systemData":{"createdBy":"oladewal@microsoft.com","createdByType":"User","createdAt":"2020-12-22T22:13:18.4429867Z","lastModifiedBy":"oladewal@microsoft.com","lastModifiedByType":"User","lastModifiedAt":"2020-12-22T22:13:26.0090264Z"}},{"id":"/subscriptions/00000000-0000-0000-0000-000000000000/resourceGroups/clitest.rgjaqvnb4tuhpzftnaz3fgqnkyjgxh7b4mx466q33hri4hhmrobjw7esg2vsebx3m5s/providers/Microsoft.ContainerRegistry/registries/testregxmrsaxtqf7bex","name":"testregxmrsaxtqf7bex","type":"Microsoft.ContainerRegistry/registries","sku":{"name":"Premium","tier":"Premium"},"location":"westus","tags":{},"systemData":{"createdBy":"oladewal@microsoft.com","createdByType":"User","createdAt":"2020-12-17T19:01:57.5098397Z","lastModifiedBy":"oladewal@microsoft.com","lastModifiedByType":"User","lastModifiedAt":"2020-12-17T19:01:57.5098397Z"}},{"id":"/subscriptions/00000000-0000-0000-0000-000000000000/resourceGroups/clitest.rgnjcxorot32tl2y7g6v55v3tba73ih3ykfpy7wp4t4egj4jcaz42kcg4bry5ma4gdk/providers/Microsoft.ContainerRegistry/registries/testreggepzse3ycdofj6em2h","name":"testreggepzse3ycdofj6em2h","type":"Microsoft.ContainerRegistry/registries","sku":{"name":"Premium","tier":"Premium"},"location":"westus","tags":{},"systemData":{"createdBy":"oladewal@microsoft.com","createdByType":"User","createdAt":"2020-12-03T21:45:10.3814195Z","lastModifiedBy":"oladewal@microsoft.com","lastModifiedByType":"User","lastModifiedAt":"2020-12-03T21:45:10.3814195Z"}},{"id":"/subscriptions/00000000-0000-0000-0000-000000000000/resourceGroups/clitest.rgpecxlhum4bl5kong3ietn5jkcd2akw33rmvxha4amos2ljpm7f74bgdo4p2ous3jb/providers/Microsoft.ContainerRegistry/registries/clireghtitbma6cergdo","name":"clireghtitbma6cergdo","type":"Microsoft.ContainerRegistry/registries","sku":{"name":"Premium","tier":"Premium"},"location":"westus","tags":{},"systemData":{"createdBy":"oladewal@microsoft.com","createdByType":"User","createdAt":"2020-12-17T19:01:45.9414106Z","lastModifiedBy":"oladewal@microsoft.com","lastModifiedByType":"User","lastModifiedAt":"2020-12-17T19:01:45.9414106Z"}},{"id":"/subscriptions/00000000-0000-0000-0000-000000000000/resourceGroups/ova-test/providers/Microsoft.ContainerRegistry/registries/ovatestanonpull","name":"ovatestanonpull","type":"Microsoft.ContainerRegistry/registries","sku":{"name":"Premium","tier":"Premium"},"location":"westus","tags":{}},{"id":"/subscriptions/00000000-0000-0000-0000-000000000000/resourceGroups/ova-test/providers/Microsoft.ContainerRegistry/registries/ovatestnonzr","name":"ovatestnonzr","type":"Microsoft.ContainerRegistry/registries","sku":{"name":"Premium","tier":"Premium"},"location":"centraluseuap","tags":{},"systemData":{"createdBy":"oladewal@microsoft.com","createdByType":"User","createdAt":"2020-11-30T06:57:26.2727349Z","lastModifiedBy":"oladewal@microsoft.com","lastModifiedByType":"User","lastModifiedAt":"2020-11-30T06:57:26.2727349Z"}},{"id":"/subscriptions/00000000-0000-0000-0000-000000000000/resourceGroups/ova-test/providers/Microsoft.ContainerRegistry/registries/ovaTestRegistry","name":"ovaTestRegistry","type":"Microsoft.ContainerRegistry/registries","sku":{"name":"Premium","tier":"Premium"},"location":"westus","tags":{}},{"id":"/subscriptions/00000000-0000-0000-0000-000000000000/resourceGroups/ova-test/providers/Microsoft.ContainerRegistry/registries/ovatestzoneredundant","name":"ovatestzoneredundant","type":"Microsoft.ContainerRegistry/registries","sku":{"name":"Premium","tier":"Premium"},"location":"eastus2euap","tags":{},"systemData":{"createdBy":"oladewal@microsoft.com","createdByType":"User","createdAt":"2020-11-30T06:56:13.7634117Z","lastModifiedBy":"oladewal@microsoft.com","lastModifiedByType":"User","lastModifiedAt":"2020-11-30T06:56:13.7634117Z"}},{"id":"/subscriptions/00000000-0000-0000-0000-000000000000/resourceGroups/ova-test/providers/Microsoft.ContainerRegistry/registries/tosinazenabledeus","name":"tosinazenabledeus","type":"Microsoft.ContainerRegistry/registries","sku":{"name":"Premium","tier":"Premium"},"location":"eastus","tags":{},"systemData":{"createdBy":"oladewal@microsoft.com","createdByType":"User","createdAt":"2020-12-08T03:05:33.2257591Z","lastModifiedBy":"oladewal@microsoft.com","lastModifiedByType":"User","lastModifiedAt":"2020-12-08T03:11:05.2281678Z"}},{"id":"/subscriptions/00000000-0000-0000-0000-000000000000/resourceGroups/ova-test/providers/Microsoft.ContainerRegistry/registries/tosinazenabledeus2","name":"tosinazenabledeus2","type":"Microsoft.ContainerRegistry/registries","sku":{"name":"Premium","tier":"Premium"},"location":"eastus2","tags":{},"systemData":{"createdBy":"oladewal@microsoft.com","createdByType":"User","createdAt":"2020-12-08T03:11:32.5032182Z","lastModifiedBy":"oladewal@microsoft.com","lastModifiedByType":"User","lastModifiedAt":"2020-12-08T03:11:32.5032182Z"}},{"id":"/subscriptions/00000000-0000-0000-0000-000000000000/resourceGroups/ova-test/providers/Microsoft.ContainerRegistry/registries/tosinazenabledwus2","name":"tosinazenabledwus2","type":"Microsoft.ContainerRegistry/registries","sku":{"name":"Premium","tier":"Premium"},"location":"westus2","tags":{},"systemData":{"createdBy":"oladewal@microsoft.com","createdByType":"User","createdAt":"2020-12-08T03:14:47.2890873Z","lastModifiedBy":"oladewal@microsoft.com","lastModifiedByType":"User","lastModifiedAt":"2020-12-08T03:14:47.2890873Z"}},{"id":"/subscriptions/00000000-0000-0000-0000-000000000000/resourceGroups/ova-test-canary/providers/Microsoft.ContainerRegistry/registries/tosincanaryregcus","name":"tosincanaryregcus","type":"Microsoft.ContainerRegistry/registries","sku":{"name":"Premium","tier":"Premium"},"location":"centraluseuap","tags":{}},{"id":"/subscriptions/00000000-0000-0000-0000-000000000000/resourceGroups/ova-test-canary/providers/Microsoft.ContainerRegistry/registries/tosintestazenabledcuseuap","name":"tosintestazenabledcuseuap","type":"Microsoft.ContainerRegistry/registries","sku":{"name":"Premium","tier":"Premium"},"location":"centraluseuap","tags":{},"systemData":{"createdBy":"oladewal@microsoft.com","createdByType":"User","createdAt":"2020-11-19T02:35:15.5448469Z","lastModifiedBy":"oladewal@microsoft.com","lastModifiedByType":"User","lastModifiedAt":"2020-11-19T02:35:38.9749709Z"}},{"id":"/subscriptions/00000000-0000-0000-0000-000000000000/resourceGroups/ova-test-canary/providers/Microsoft.ContainerRegistry/registries/tosintestazenabledcuseuap2","name":"tosintestazenabledcuseuap2","type":"Microsoft.ContainerRegistry/registries","sku":{"name":"Premium","tier":"Premium"},"location":"centraluseuap","tags":{},"systemData":{"createdBy":"oladewal@microsoft.com","createdByType":"User","createdAt":"2020-11-19T02:35:47.0583837Z","lastModifiedBy":"oladewal@microsoft.com","lastModifiedByType":"User","lastModifiedAt":"2020-11-19T02:35:47.0583837Z"}},{"id":"/subscriptions/00000000-0000-0000-0000-000000000000/resourceGroups/ova-test-canary/providers/Microsoft.ContainerRegistry/registries/tosintestazenabledeus2euap","name":"tosintestazenabledeus2euap","type":"Microsoft.ContainerRegistry/registries","sku":{"name":"Premium","tier":"Premium"},"location":"eastus2euap","tags":{},"systemData":{"createdBy":"oladewal@microsoft.com","createdByType":"User","createdAt":"2020-11-19T02:31:19.1210816Z","lastModifiedBy":"oladewal@microsoft.com","lastModifiedByType":"User","lastModifiedAt":"2020-11-19T02:31:19.1210816Z"}},{"id":"/subscriptions/00000000-0000-0000-0000-000000000000/resourceGroups/test-rg-2/providers/Microsoft.ContainerRegistry/registries/tosintestazenabled111220","name":"tosintestazenabled111220","type":"Microsoft.ContainerRegistry/registries","sku":{"name":"Premium","tier":"Premium"},"location":"eastus2euap","tags":{},"systemData":{"createdBy":"823c2ce1-e27b-4c37-9b6c-078a21dfe04d","createdByType":"Application","createdAt":"2020-11-13T01:04:01.4344554Z","lastModifiedBy":"823c2ce1-e27b-4c37-9b6c-078a21dfe04d","lastModifiedByType":"Application","lastModifiedAt":"2020-11-13T01:08:16.2067421Z"}}]}'
    headers:
      cache-control:
      - no-cache
      content-length:
      - '10193'
      content-type:
      - application/json; charset=utf-8
      date:
      - Tue, 22 Dec 2020 22:13:32 GMT
      expires:
      - '-1'
      pragma:
      - no-cache
      strict-transport-security:
      - max-age=31536000; includeSubDomains
      vary:
      - Accept-Encoding
      x-content-type-options:
      - nosniff
    status:
      code: 200
      message: OK
- request:
    body: null
    headers:
      Accept:
      - application/json
      Accept-Encoding:
      - gzip, deflate
      CommandName:
      - acr config content-trust show
      Connection:
      - keep-alive
      ParameterSetName:
      - -n
      User-Agent:
      - python/3.7.9 (Windows-10-10.0.19041-SP0) msrest/0.6.18 msrest_azure/0.6.3
        azure-mgmt-containerregistry/3.0.0rc16 Azure-SDK-For-Python AZURECLI/2.16.0
      accept-language:
      - en-US
    method: GET
    uri: https://management.azure.com/subscriptions/00000000-0000-0000-0000-000000000000/resourceGroups/clitest.rg000001/providers/Microsoft.ContainerRegistry/registries/clireg000002?api-version=2020-11-01-preview
  response:
    body:
      string: '{"sku":{"name":"Premium","tier":"Premium"},"type":"Microsoft.ContainerRegistry/registries","id":"/subscriptions/00000000-0000-0000-0000-000000000000/resourceGroups/clitest.rg000001/providers/Microsoft.ContainerRegistry/registries/clireg000002","name":"clireg000002","location":"westus","tags":{"foo":"bar","cat":""},"systemData":{"createdBy":"oladewal@microsoft.com","createdByType":"User","createdAt":"2020-12-22T22:13:18.4429867+00:00","lastModifiedBy":"oladewal@microsoft.com","lastModifiedByType":"User","lastModifiedAt":"2020-12-22T22:13:32.37116+00:00"},"properties":{"loginServer":"clireg000002.azurecr.io","creationDate":"2020-12-22T22:13:18.4429867Z","provisioningState":"Succeeded","adminUserEnabled":true,"networkRuleSet":{"defaultAction":"Allow","virtualNetworkRules":[],"ipRules":[]},"policies":{"quarantinePolicy":{"status":"disabled"},"trustPolicy":{"type":"Notary","status":"enabled"},"retentionPolicy":{"days":30,"lastUpdatedTime":"2020-12-22T22:13:32.8940134+00:00","status":"enabled"}},"encryption":{"status":"disabled"},"dataEndpointEnabled":false,"dataEndpointHostNames":[],"privateEndpointConnections":[],"publicNetworkAccess":"Enabled","networkRuleBypassOptions":"AzureServices","zoneRedundancy":"Disabled"}}'
    headers:
      cache-control:
      - no-cache
      content-length:
      - '1314'
      content-type:
      - application/json; charset=utf-8
      date:
      - Tue, 22 Dec 2020 22:13:33 GMT
      expires:
      - '-1'
      pragma:
      - no-cache
      server:
      - Microsoft-HTTPAPI/2.0
      strict-transport-security:
      - max-age=31536000; includeSubDomains
      transfer-encoding:
      - chunked
      vary:
      - Accept-Encoding
      x-content-type-options:
      - nosniff
    status:
      code: 200
      message: OK
- request:
    body: null
    headers:
      Accept:
      - application/json
      Accept-Encoding:
      - gzip, deflate
      CommandName:
      - acr credential show
      Connection:
      - keep-alive
      ParameterSetName:
      - -n -g
      User-Agent:
      - python/3.7.9 (Windows-10-10.0.19041-SP0) msrest/0.6.18 msrest_azure/0.6.3
        azure-mgmt-containerregistry/3.0.0rc16 Azure-SDK-For-Python AZURECLI/2.16.0
      accept-language:
      - en-US
    method: GET
    uri: https://management.azure.com/subscriptions/00000000-0000-0000-0000-000000000000/resourceGroups/clitest.rg000001/providers/Microsoft.ContainerRegistry/registries/clireg000002?api-version=2020-11-01-preview
  response:
    body:
      string: '{"sku":{"name":"Premium","tier":"Premium"},"type":"Microsoft.ContainerRegistry/registries","id":"/subscriptions/00000000-0000-0000-0000-000000000000/resourceGroups/clitest.rg000001/providers/Microsoft.ContainerRegistry/registries/clireg000002","name":"clireg000002","location":"westus","tags":{"foo":"bar","cat":""},"systemData":{"createdBy":"oladewal@microsoft.com","createdByType":"User","createdAt":"2020-12-22T22:13:18.4429867+00:00","lastModifiedBy":"oladewal@microsoft.com","lastModifiedByType":"User","lastModifiedAt":"2020-12-22T22:13:32.37116+00:00"},"properties":{"loginServer":"clireg000002.azurecr.io","creationDate":"2020-12-22T22:13:18.4429867Z","provisioningState":"Succeeded","adminUserEnabled":true,"networkRuleSet":{"defaultAction":"Allow","virtualNetworkRules":[],"ipRules":[]},"policies":{"quarantinePolicy":{"status":"disabled"},"trustPolicy":{"type":"Notary","status":"enabled"},"retentionPolicy":{"days":30,"lastUpdatedTime":"2020-12-22T22:13:32.8940134+00:00","status":"enabled"}},"encryption":{"status":"disabled"},"dataEndpointEnabled":false,"dataEndpointHostNames":[],"privateEndpointConnections":[],"publicNetworkAccess":"Enabled","networkRuleBypassOptions":"AzureServices","zoneRedundancy":"Disabled"}}'
    headers:
      cache-control:
      - no-cache
      content-length:
      - '1314'
      content-type:
      - application/json; charset=utf-8
      date:
      - Tue, 22 Dec 2020 22:13:33 GMT
      expires:
      - '-1'
      pragma:
      - no-cache
      server:
      - Microsoft-HTTPAPI/2.0
      strict-transport-security:
      - max-age=31536000; includeSubDomains
      transfer-encoding:
      - chunked
      vary:
      - Accept-Encoding
      x-content-type-options:
      - nosniff
    status:
      code: 200
      message: OK
- request:
    body: null
    headers:
      Accept:
      - application/json
      Accept-Encoding:
      - gzip, deflate
      CommandName:
      - acr credential show
      Connection:
      - keep-alive
      Content-Length:
      - '0'
      ParameterSetName:
      - -n -g
      User-Agent:
      - python/3.7.9 (Windows-10-10.0.19041-SP0) msrest/0.6.18 msrest_azure/0.6.3
        azure-mgmt-containerregistry/3.0.0rc16 Azure-SDK-For-Python AZURECLI/2.16.0
      accept-language:
      - en-US
    method: POST
    uri: https://management.azure.com/subscriptions/00000000-0000-0000-0000-000000000000/resourceGroups/clitest.rg000001/providers/Microsoft.ContainerRegistry/registries/clireg000002/listCredentials?api-version=2020-11-01-preview
  response:
    body:
      string: '{"username":"clireg000002","passwords":[{"name":"password","value":"1Bp/edENSuqqsmhskyNREmDUZI9KT9rw"},{"name":"password2","value":"dnu44x1MHxZIzXsZselLWx=xjSuESTU2"}]}'
    headers:
      cache-control:
      - no-cache
      content-length:
      - '176'
      content-type:
      - application/json; charset=utf-8
      date:
      - Tue, 22 Dec 2020 22:13:35 GMT
      expires:
      - '-1'
      pragma:
      - no-cache
      server:
      - Microsoft-HTTPAPI/2.0
      strict-transport-security:
      - max-age=31536000; includeSubDomains
      transfer-encoding:
      - chunked
      vary:
      - Accept-Encoding
      x-content-type-options:
      - nosniff
      x-ms-ratelimit-remaining-subscription-writes:
      - '1199'
    status:
      code: 200
      message: OK
- request:
    body: null
    headers:
      Accept:
      - application/json
      Accept-Encoding:
      - gzip, deflate
      CommandName:
      - acr credential renew
      Connection:
      - keep-alive
      ParameterSetName:
      - -n -g --password-name
      User-Agent:
      - python/3.7.9 (Windows-10-10.0.19041-SP0) msrest/0.6.18 msrest_azure/0.6.3
        azure-mgmt-containerregistry/3.0.0rc16 Azure-SDK-For-Python AZURECLI/2.16.0
      accept-language:
      - en-US
    method: GET
    uri: https://management.azure.com/subscriptions/00000000-0000-0000-0000-000000000000/resourceGroups/clitest.rg000001/providers/Microsoft.ContainerRegistry/registries/clireg000002?api-version=2020-11-01-preview
  response:
    body:
      string: '{"sku":{"name":"Premium","tier":"Premium"},"type":"Microsoft.ContainerRegistry/registries","id":"/subscriptions/00000000-0000-0000-0000-000000000000/resourceGroups/clitest.rg000001/providers/Microsoft.ContainerRegistry/registries/clireg000002","name":"clireg000002","location":"westus","tags":{"foo":"bar","cat":""},"systemData":{"createdBy":"oladewal@microsoft.com","createdByType":"User","createdAt":"2020-12-22T22:13:18.4429867+00:00","lastModifiedBy":"oladewal@microsoft.com","lastModifiedByType":"User","lastModifiedAt":"2020-12-22T22:13:32.37116+00:00"},"properties":{"loginServer":"clireg000002.azurecr.io","creationDate":"2020-12-22T22:13:18.4429867Z","provisioningState":"Succeeded","adminUserEnabled":true,"networkRuleSet":{"defaultAction":"Allow","virtualNetworkRules":[],"ipRules":[]},"policies":{"quarantinePolicy":{"status":"disabled"},"trustPolicy":{"type":"Notary","status":"enabled"},"retentionPolicy":{"days":30,"lastUpdatedTime":"2020-12-22T22:13:32.8940134+00:00","status":"enabled"}},"encryption":{"status":"disabled"},"dataEndpointEnabled":false,"dataEndpointHostNames":[],"privateEndpointConnections":[],"publicNetworkAccess":"Enabled","networkRuleBypassOptions":"AzureServices","zoneRedundancy":"Disabled"}}'
    headers:
      cache-control:
      - no-cache
      content-length:
      - '1314'
      content-type:
      - application/json; charset=utf-8
      date:
      - Tue, 22 Dec 2020 22:13:35 GMT
      expires:
      - '-1'
      pragma:
      - no-cache
      server:
      - Microsoft-HTTPAPI/2.0
      strict-transport-security:
      - max-age=31536000; includeSubDomains
      transfer-encoding:
      - chunked
      vary:
      - Accept-Encoding
      x-content-type-options:
      - nosniff
    status:
      code: 200
      message: OK
- request:
    body: '{"name": "password"}'
    headers:
      Accept:
      - application/json
      Accept-Encoding:
      - gzip, deflate
      CommandName:
      - acr credential renew
      Connection:
      - keep-alive
      Content-Length:
      - '20'
      Content-Type:
      - application/json; charset=utf-8
      ParameterSetName:
      - -n -g --password-name
      User-Agent:
      - python/3.7.9 (Windows-10-10.0.19041-SP0) msrest/0.6.18 msrest_azure/0.6.3
        azure-mgmt-containerregistry/3.0.0rc16 Azure-SDK-For-Python AZURECLI/2.16.0
      accept-language:
      - en-US
    method: POST
    uri: https://management.azure.com/subscriptions/00000000-0000-0000-0000-000000000000/resourceGroups/clitest.rg000001/providers/Microsoft.ContainerRegistry/registries/clireg000002/regenerateCredential?api-version=2020-11-01-preview
  response:
    body:
      string: '{"username":"clireg000002","passwords":[{"name":"password","value":"4e3Ct=rF5fsu+9GN+WldLnCW9N2=KWmz"},{"name":"password2","value":"dnu44x1MHxZIzXsZselLWx=xjSuESTU2"}]}'
    headers:
      cache-control:
      - no-cache
      content-length:
      - '176'
      content-type:
      - application/json; charset=utf-8
      date:
      - Tue, 22 Dec 2020 22:13:36 GMT
      expires:
      - '-1'
      pragma:
      - no-cache
      server:
      - Microsoft-HTTPAPI/2.0
      strict-transport-security:
      - max-age=31536000; includeSubDomains
      transfer-encoding:
      - chunked
      vary:
      - Accept-Encoding
      x-content-type-options:
      - nosniff
      x-ms-ratelimit-remaining-subscription-writes:
      - '1199'
    status:
      code: 200
      message: OK
- request:
    body: null
    headers:
      Accept:
      - application/json
      Accept-Encoding:
      - gzip, deflate
      CommandName:
      - acr credential renew
      Connection:
      - keep-alive
      ParameterSetName:
      - -n -g --password-name
      User-Agent:
      - python/3.7.9 (Windows-10-10.0.19041-SP0) msrest/0.6.18 msrest_azure/0.6.3
        azure-mgmt-containerregistry/3.0.0rc16 Azure-SDK-For-Python AZURECLI/2.16.0
      accept-language:
      - en-US
    method: GET
    uri: https://management.azure.com/subscriptions/00000000-0000-0000-0000-000000000000/resourceGroups/clitest.rg000001/providers/Microsoft.ContainerRegistry/registries/clireg000002?api-version=2020-11-01-preview
  response:
    body:
      string: '{"sku":{"name":"Premium","tier":"Premium"},"type":"Microsoft.ContainerRegistry/registries","id":"/subscriptions/00000000-0000-0000-0000-000000000000/resourceGroups/clitest.rg000001/providers/Microsoft.ContainerRegistry/registries/clireg000002","name":"clireg000002","location":"westus","tags":{"foo":"bar","cat":""},"systemData":{"createdBy":"oladewal@microsoft.com","createdByType":"User","createdAt":"2020-12-22T22:13:18.4429867+00:00","lastModifiedBy":"oladewal@microsoft.com","lastModifiedByType":"User","lastModifiedAt":"2020-12-22T22:13:32.37116+00:00"},"properties":{"loginServer":"clireg000002.azurecr.io","creationDate":"2020-12-22T22:13:18.4429867Z","provisioningState":"Succeeded","adminUserEnabled":true,"networkRuleSet":{"defaultAction":"Allow","virtualNetworkRules":[],"ipRules":[]},"policies":{"quarantinePolicy":{"status":"disabled"},"trustPolicy":{"type":"Notary","status":"enabled"},"retentionPolicy":{"days":30,"lastUpdatedTime":"2020-12-22T22:13:32.8940134+00:00","status":"enabled"}},"encryption":{"status":"disabled"},"dataEndpointEnabled":false,"dataEndpointHostNames":[],"privateEndpointConnections":[],"publicNetworkAccess":"Enabled","networkRuleBypassOptions":"AzureServices","zoneRedundancy":"Disabled"}}'
    headers:
      cache-control:
      - no-cache
      content-length:
      - '1314'
      content-type:
      - application/json; charset=utf-8
      date:
      - Tue, 22 Dec 2020 22:13:36 GMT
      expires:
      - '-1'
      pragma:
      - no-cache
      server:
      - Microsoft-HTTPAPI/2.0
      strict-transport-security:
      - max-age=31536000; includeSubDomains
      transfer-encoding:
      - chunked
      vary:
      - Accept-Encoding
      x-content-type-options:
      - nosniff
    status:
      code: 200
      message: OK
- request:
    body: '{"name": "password2"}'
    headers:
      Accept:
      - application/json
      Accept-Encoding:
      - gzip, deflate
      CommandName:
      - acr credential renew
      Connection:
      - keep-alive
      Content-Length:
      - '21'
      Content-Type:
      - application/json; charset=utf-8
      ParameterSetName:
      - -n -g --password-name
      User-Agent:
      - python/3.7.9 (Windows-10-10.0.19041-SP0) msrest/0.6.18 msrest_azure/0.6.3
        azure-mgmt-containerregistry/3.0.0rc16 Azure-SDK-For-Python AZURECLI/2.16.0
      accept-language:
      - en-US
    method: POST
    uri: https://management.azure.com/subscriptions/00000000-0000-0000-0000-000000000000/resourceGroups/clitest.rg000001/providers/Microsoft.ContainerRegistry/registries/clireg000002/regenerateCredential?api-version=2020-11-01-preview
  response:
    body:
      string: '{"username":"clireg000002","passwords":[{"name":"password","value":"4e3Ct=rF5fsu+9GN+WldLnCW9N2=KWmz"},{"name":"password2","value":"p8OFaRzq1nsjTEpkIZMYJacCfSu+maGh"}]}'
    headers:
      cache-control:
      - no-cache
      content-length:
      - '176'
      content-type:
      - application/json; charset=utf-8
      date:
      - Tue, 22 Dec 2020 22:13:38 GMT
      expires:
      - '-1'
      pragma:
      - no-cache
      server:
      - Microsoft-HTTPAPI/2.0
      strict-transport-security:
      - max-age=31536000; includeSubDomains
      transfer-encoding:
      - chunked
      vary:
      - Accept-Encoding
      x-content-type-options:
      - nosniff
      x-ms-ratelimit-remaining-subscription-writes:
      - '1199'
    status:
      code: 200
      message: OK
- request:
    body: null
    headers:
      Accept:
      - application/json
      Accept-Encoding:
      - gzip, deflate
      CommandName:
      - acr delete
      Connection:
      - keep-alive
      Content-Length:
      - '0'
      ParameterSetName:
      - -n -g -y
      User-Agent:
      - python/3.7.9 (Windows-10-10.0.19041-SP0) msrest/0.6.18 msrest_azure/0.6.3
        azure-mgmt-containerregistry/3.0.0rc16 Azure-SDK-For-Python AZURECLI/2.16.0
      accept-language:
      - en-US
    method: DELETE
    uri: https://management.azure.com/subscriptions/00000000-0000-0000-0000-000000000000/resourceGroups/clitest.rg000001/providers/Microsoft.ContainerRegistry/registries/clireg000002?api-version=2020-11-01-preview
  response:
    body:
      string: ''
    headers:
      cache-control:
      - no-cache
      content-length:
      - '0'
      date:
      - Tue, 22 Dec 2020 22:13:43 GMT
      expires:
      - '-1'
      pragma:
      - no-cache
      server:
      - Microsoft-HTTPAPI/2.0
      strict-transport-security:
      - max-age=31536000; includeSubDomains
      x-content-type-options:
      - nosniff
      x-ms-ratelimit-remaining-subscription-deletes:
      - '14999'
    status:
      code: 200
      message: OK
version: 1
