interactions:
- request:
    body: '{"location": "westus", "tags": {"product": "azurecli", "cause": "automation",
      "date": "2019-06-17T23:13:16Z"}}'
    headers:
      Accept:
      - application/json
      Accept-Encoding:
      - gzip, deflate
      CommandName:
      - group create
      Connection:
      - keep-alive
      Content-Length:
      - '110'
      Content-Type:
      - application/json; charset=utf-8
      ParameterSetName:
      - --location --name --tag
      User-Agent:
      - python/3.7.1 (Windows-10-10.0.18362-SP0) msrest/0.6.7 msrest_azure/0.6.1 resourcemanagementclient/2.1.0
        Azure-SDK-For-Python AZURECLI/2.0.66
      accept-language:
      - en-US
    method: PUT
    uri: https://management.azure.com/subscriptions/00000000-0000-0000-0000-000000000000/resourcegroups/clitest.rg000001?api-version=2018-05-01
  response:
    body:
      string: '{"id":"/subscriptions/00000000-0000-0000-0000-000000000000/resourceGroups/clitest.rg000001","name":"clitest.rg000001","location":"westus","tags":{"product":"azurecli","cause":"automation","date":"2019-06-17T23:13:16Z"},"properties":{"provisioningState":"Succeeded"}}'
    headers:
      cache-control:
      - no-cache
      content-length:
      - '384'
      content-type:
      - application/json; charset=utf-8
      date:
      - Mon, 17 Jun 2019 23:13:16 GMT
      expires:
      - '-1'
      pragma:
      - no-cache
      strict-transport-security:
      - max-age=31536000; includeSubDomains
      x-content-type-options:
      - nosniff
      x-ms-ratelimit-remaining-subscription-writes:
      - '1198'
    status:
      code: 201
      message: Created
- request:
    body: '{"location": "westus", "sku": {"name": "Premium"}, "properties": {"adminUserEnabled":
      false}}'
    headers:
      Accept:
      - application/json
      Accept-Encoding:
      - gzip, deflate
      CommandName:
      - acr create
      Connection:
      - keep-alive
      Content-Length:
      - '93'
      Content-Type:
      - application/json; charset=utf-8
      ParameterSetName:
      - -n -g -l --sku
      User-Agent:
      - python/3.7.1 (Windows-10-10.0.18362-SP0) msrest/0.6.7 msrest_azure/0.6.1 azure-mgmt-containerregistry/3.0.0rc2
        Azure-SDK-For-Python AZURECLI/2.0.66
      accept-language:
      - en-US
    method: PUT
    uri: https://management.azure.com/subscriptions/00000000-0000-0000-0000-000000000000/resourceGroups/clitest.rg000001/providers/Microsoft.ContainerRegistry/registries/clireg000002?api-version=2017-10-01
  response:
    body:
      string: '{"sku":{"name":"Premium","tier":"Premium"},"type":"Microsoft.ContainerRegistry/registries","id":"/subscriptions/00000000-0000-0000-0000-000000000000/resourceGroups/clitest.rg000001/providers/Microsoft.ContainerRegistry/registries/clireg000002","name":"clireg000002","location":"westus","tags":{},"properties":{"loginServer":"clireg000002.azurecr.io","creationDate":"2019-06-17T23:13:17.9817938Z","provisioningState":"Succeeded","adminUserEnabled":false,"networkRuleSet":{"defaultAction":"Allow","virtualNetworkRules":[],"ipRules":[]}}}'
    headers:
      cache-control:
      - no-cache
      content-length:
      - '618'
      content-type:
      - application/json; charset=utf-8
      date:
      - Mon, 17 Jun 2019 23:13:19 GMT
      expires:
      - '-1'
      pragma:
      - no-cache
      server:
      - Microsoft-HTTPAPI/2.0
      strict-transport-security:
      - max-age=31536000; includeSubDomains
      transfer-encoding:
      - chunked
      vary:
      - Accept-Encoding
      x-content-type-options:
      - nosniff
      x-ms-ratelimit-remaining-subscription-writes:
      - '1199'
    status:
      code: 200
      message: OK
- request:
    body: null
    headers:
      Accept:
      - application/json
      Accept-Encoding:
      - gzip, deflate
      CommandName:
      - acr replication create
      Connection:
      - keep-alive
      ParameterSetName:
      - -n -r -l
      User-Agent:
      - python/3.7.1 (Windows-10-10.0.18362-SP0) msrest/0.6.7 msrest_azure/0.6.1 resourcemanagementclient/2.1.0
        Azure-SDK-For-Python AZURECLI/2.0.66
      accept-language:
      - en-US
    method: GET
    uri: https://management.azure.com/subscriptions/00000000-0000-0000-0000-000000000000/resources?$filter=resourceType%20eq%20%27Microsoft.ContainerRegistry%2Fregistries%27&api-version=2018-05-01
  response:
    body:
      string: '{"value":[{"id":"/subscriptions/00000000-0000-0000-0000-000000000000/resourceGroups/clitest.rg000001/providers/Microsoft.ContainerRegistry/registries/clireg000002","name":"clireg000002","type":"Microsoft.ContainerRegistry/registries","sku":{"name":"Premium","tier":"Premium"},"location":"westus","tags":{}},{"id":"/subscriptions/00000000-0000-0000-0000-000000000000/resourceGroups/clitest.rg4ptbkplwetzzymwa5xuvozc7ajdjgb4rz47th4hrwzz6tw3e7ts7m3lmqmg5zktpt/providers/Microsoft.ContainerRegistry/registries/cliregc2pprtnulminm7","name":"cliregc2pprtnulminm7","type":"Microsoft.ContainerRegistry/registries","sku":{"name":"Standard","tier":"Standard"},"location":"westus","tags":{}},{"id":"/subscriptions/00000000-0000-0000-0000-000000000000/resourceGroups/clitest.rgdh5uayvkrbddxk7ropqvontj3im5nkk25i226swbrcnihiexzcgvptapnru4fkoil/providers/Microsoft.ContainerRegistry/registries/cliregd4szck3mcyp6su","name":"cliregd4szck3mcyp6su","type":"Microsoft.ContainerRegistry/registries","sku":{"name":"Standard","tier":"Standard"},"location":"westus","tags":{}},{"id":"/subscriptions/00000000-0000-0000-0000-000000000000/resourceGroups/clitest.rgou3pswi5pk3zg4wwrkcqlvsfmmooav3beob353c4amka6bcwdlxb34llszsaspf3b/providers/Microsoft.ContainerRegistry/registries/clireghq3jgtn3z7jlwa","name":"clireghq3jgtn3z7jlwa","type":"Microsoft.ContainerRegistry/registries","sku":{"name":"Standard","tier":"Standard"},"location":"westus","tags":{}},{"id":"/subscriptions/00000000-0000-0000-0000-000000000000/resourceGroups/clitest.rgtw7sr5az2p5fph4gpwtxxr6e5byed76yfmhpz67wrovkinbfvr3knmtqnme53un5h/providers/Microsoft.ContainerRegistry/registries/cliregacwzda6armrou5","name":"cliregacwzda6armrou5","type":"Microsoft.ContainerRegistry/registries","sku":{"name":"Premium","tier":"Premium"},"location":"westus","tags":{}},{"id":"/subscriptions/00000000-0000-0000-0000-000000000000/resourceGroups/clitest.rgzcmybwpqyf5tukwfnf5xgdfn7zhowjwd5txexpjj2z2ocfutwob6few6bckhles2u/providers/Microsoft.ContainerRegistry/registries/cliregmcxm3dbstxkwel","name":"cliregmcxm3dbstxkwel","type":"Microsoft.ContainerRegistry/registries","sku":{"name":"Premium","tier":"Premium"},"location":"westus","tags":{}},{"id":"/subscriptions/00000000-0000-0000-0000-000000000000/resourceGroups/jeburkeHelm/providers/Microsoft.ContainerRegistry/registries/jeburkeHelmWebhook","name":"jeburkeHelmWebhook","type":"Microsoft.ContainerRegistry/registries","sku":{"name":"Standard","tier":"Standard"},"location":"eastus","tags":{}}]}'
    headers:
      cache-control:
      - no-cache
      content-length:
      - '2555'
      content-type:
      - application/json; charset=utf-8
      date:
      - Mon, 17 Jun 2019 23:13:20 GMT
      expires:
      - '-1'
      pragma:
      - no-cache
      strict-transport-security:
      - max-age=31536000; includeSubDomains
      vary:
      - Accept-Encoding
      x-content-type-options:
      - nosniff
    status:
      code: 200
      message: OK
- request:
    body: null
    headers:
      Accept:
      - application/json
      Accept-Encoding:
      - gzip, deflate
      CommandName:
      - acr replication create
      Connection:
      - keep-alive
      ParameterSetName:
      - -n -r -l
      User-Agent:
      - python/3.7.1 (Windows-10-10.0.18362-SP0) msrest/0.6.7 msrest_azure/0.6.1 azure-mgmt-containerregistry/3.0.0rc2
        Azure-SDK-For-Python AZURECLI/2.0.66
      accept-language:
      - en-US
    method: GET
    uri: https://management.azure.com/subscriptions/00000000-0000-0000-0000-000000000000/resourceGroups/clitest.rg000001/providers/Microsoft.ContainerRegistry/registries/clireg000002?api-version=2017-10-01
  response:
    body:
      string: '{"sku":{"name":"Premium","tier":"Premium"},"type":"Microsoft.ContainerRegistry/registries","id":"/subscriptions/00000000-0000-0000-0000-000000000000/resourceGroups/clitest.rg000001/providers/Microsoft.ContainerRegistry/registries/clireg000002","name":"clireg000002","location":"westus","tags":{},"properties":{"loginServer":"clireg000002.azurecr.io","creationDate":"2019-06-17T23:13:17.9817938Z","provisioningState":"Succeeded","adminUserEnabled":false,"networkRuleSet":{"defaultAction":"Allow","virtualNetworkRules":[],"ipRules":[]}}}'
    headers:
      cache-control:
      - no-cache
      content-length:
      - '618'
      content-type:
      - application/json; charset=utf-8
      date:
      - Mon, 17 Jun 2019 23:13:20 GMT
      expires:
      - '-1'
      pragma:
      - no-cache
      server:
      - Microsoft-HTTPAPI/2.0
      strict-transport-security:
      - max-age=31536000; includeSubDomains
      transfer-encoding:
      - chunked
      vary:
      - Accept-Encoding
      x-content-type-options:
      - nosniff
    status:
      code: 200
      message: OK
- request:
    body: '{"location": "southcentralus"}'
    headers:
      Accept:
      - application/json
      Accept-Encoding:
      - gzip, deflate
      CommandName:
      - acr replication create
      Connection:
      - keep-alive
      Content-Length:
      - '30'
      Content-Type:
      - application/json; charset=utf-8
      ParameterSetName:
      - -n -r -l
      User-Agent:
      - python/3.7.1 (Windows-10-10.0.18362-SP0) msrest/0.6.7 msrest_azure/0.6.1 azure-mgmt-containerregistry/3.0.0rc2
        Azure-SDK-For-Python AZURECLI/2.0.66
      accept-language:
      - en-US
    method: PUT
    uri: https://management.azure.com/subscriptions/00000000-0000-0000-0000-000000000000/resourceGroups/clitest.rg000001/providers/Microsoft.ContainerRegistry/registries/clireg000002/replications/southcentralus?api-version=2017-10-01
  response:
    body:
      string: '{"type":"Microsoft.ContainerRegistry/registries/replications","id":"/subscriptions/00000000-0000-0000-0000-000000000000/resourceGroups/clitest.rg000001/providers/Microsoft.ContainerRegistry/registries/clireg000002/replications/southcentralus","name":"southcentralus","location":"southcentralus","tags":{},"properties":{"provisioningState":"Creating","status":{"timestamp":"2019-06-17T23:13:22.8442491Z"}}}'
    headers:
      azure-asyncoperation:
      - https://management.azure.com/subscriptions/00000000-0000-0000-0000-000000000000/resourceGroups/clitest.rg000001/providers/Microsoft.ContainerRegistry/registries/clireg000002/replications/southcentralus/operationStatuses/replications-7f657a24-9155-11e9-ba31-a08cfded5cd9?api-version=2017-10-01
      cache-control:
      - no-cache
      content-length:
      - '472'
      content-type:
      - application/json; charset=utf-8
      date:
      - Mon, 17 Jun 2019 23:13:22 GMT
      expires:
      - '-1'
      pragma:
      - no-cache
      server:
      - Microsoft-HTTPAPI/2.0
      strict-transport-security:
      - max-age=31536000; includeSubDomains
      x-content-type-options:
      - nosniff
      x-ms-ratelimit-remaining-subscription-writes:
      - '1199'
    status:
      code: 201
      message: Created
- request:
    body: null
    headers:
      Accept:
      - application/json
      Accept-Encoding:
      - gzip, deflate
      CommandName:
      - acr replication create
      Connection:
      - keep-alive
      ParameterSetName:
      - -n -r -l
      User-Agent:
      - python/3.7.1 (Windows-10-10.0.18362-SP0) msrest/0.6.7 msrest_azure/0.6.1 azure-mgmt-containerregistry/3.0.0rc2
        Azure-SDK-For-Python AZURECLI/2.0.66
    method: GET
    uri: https://management.azure.com/subscriptions/00000000-0000-0000-0000-000000000000/resourceGroups/clitest.rg000001/providers/Microsoft.ContainerRegistry/registries/clireg000002/replications/southcentralus/operationStatuses/replications-7f657a24-9155-11e9-ba31-a08cfded5cd9?api-version=2017-10-01
  response:
    body:
      string: '{"status":"Creating"}'
    headers:
      azure-asyncoperation:
      - https://management.azure.com/subscriptions/00000000-0000-0000-0000-000000000000/resourceGroups/clitest.rg000001/providers/Microsoft.ContainerRegistry/registries/clireg000002/replications/southcentralus/operationStatuses/replications-7f657a24-9155-11e9-ba31-a08cfded5cd9?api-version=2017-10-01
      cache-control:
      - no-cache
      content-length:
      - '21'
      content-type:
      - application/json; charset=utf-8
      date:
      - Mon, 17 Jun 2019 23:13:33 GMT
      expires:
      - '-1'
      pragma:
      - no-cache
      server:
      - Microsoft-HTTPAPI/2.0
      strict-transport-security:
      - max-age=31536000; includeSubDomains
      transfer-encoding:
      - chunked
      vary:
      - Accept-Encoding
      x-content-type-options:
      - nosniff
    status:
      code: 200
      message: OK
- request:
    body: null
    headers:
      Accept:
      - application/json
      Accept-Encoding:
      - gzip, deflate
      CommandName:
      - acr replication create
      Connection:
      - keep-alive
      ParameterSetName:
      - -n -r -l
      User-Agent:
      - python/3.7.1 (Windows-10-10.0.18362-SP0) msrest/0.6.7 msrest_azure/0.6.1 azure-mgmt-containerregistry/3.0.0rc2
        Azure-SDK-For-Python AZURECLI/2.0.66
    method: GET
    uri: https://management.azure.com/subscriptions/00000000-0000-0000-0000-000000000000/resourceGroups/clitest.rg000001/providers/Microsoft.ContainerRegistry/registries/clireg000002/replications/southcentralus/operationStatuses/replications-7f657a24-9155-11e9-ba31-a08cfded5cd9?api-version=2017-10-01
  response:
    body:
      string: '{"status":"Succeeded"}'
    headers:
      azure-asyncoperation:
      - https://management.azure.com/subscriptions/00000000-0000-0000-0000-000000000000/resourceGroups/clitest.rg000001/providers/Microsoft.ContainerRegistry/registries/clireg000002/replications/southcentralus/operationStatuses/replications-7f657a24-9155-11e9-ba31-a08cfded5cd9?api-version=2017-10-01
      cache-control:
      - no-cache
      content-length:
      - '22'
      content-type:
      - application/json; charset=utf-8
      date:
      - Mon, 17 Jun 2019 23:13:43 GMT
      expires:
      - '-1'
      pragma:
      - no-cache
      server:
      - Microsoft-HTTPAPI/2.0
      strict-transport-security:
      - max-age=31536000; includeSubDomains
      transfer-encoding:
      - chunked
      vary:
      - Accept-Encoding
      x-content-type-options:
      - nosniff
    status:
      code: 200
      message: OK
- request:
    body: null
    headers:
      Accept:
      - application/json
      Accept-Encoding:
      - gzip, deflate
      CommandName:
      - acr replication create
      Connection:
      - keep-alive
      ParameterSetName:
      - -n -r -l
      User-Agent:
      - python/3.7.1 (Windows-10-10.0.18362-SP0) msrest/0.6.7 msrest_azure/0.6.1 azure-mgmt-containerregistry/3.0.0rc2
        Azure-SDK-For-Python AZURECLI/2.0.66
    method: GET
    uri: https://management.azure.com/subscriptions/00000000-0000-0000-0000-000000000000/resourceGroups/clitest.rg000001/providers/Microsoft.ContainerRegistry/registries/clireg000002/replications/southcentralus?api-version=2017-10-01
  response:
    body:
      string: '{"type":"Microsoft.ContainerRegistry/registries/replications","id":"/subscriptions/00000000-0000-0000-0000-000000000000/resourceGroups/clitest.rg000001/providers/Microsoft.ContainerRegistry/registries/clireg000002/replications/southcentralus","name":"southcentralus","location":"southcentralus","tags":{},"properties":{"provisioningState":"Succeeded","status":{"displayStatus":"Ready","timestamp":"2019-06-17T23:13:38.6185443Z"}}}'
    headers:
      cache-control:
      - no-cache
      content-length:
      - '497'
      content-type:
      - application/json; charset=utf-8
      date:
      - Mon, 17 Jun 2019 23:13:43 GMT
      expires:
      - '-1'
      pragma:
      - no-cache
      server:
      - Microsoft-HTTPAPI/2.0
      strict-transport-security:
      - max-age=31536000; includeSubDomains
      transfer-encoding:
      - chunked
      vary:
      - Accept-Encoding
      x-content-type-options:
      - nosniff
    status:
      code: 200
      message: OK
- request:
    body: null
    headers:
      Accept:
      - application/json
      Accept-Encoding:
      - gzip, deflate
      CommandName:
      - acr replication list
      Connection:
      - keep-alive
      ParameterSetName:
      - -r
      User-Agent:
      - python/3.7.1 (Windows-10-10.0.18362-SP0) msrest/0.6.7 msrest_azure/0.6.1 resourcemanagementclient/2.1.0
        Azure-SDK-For-Python AZURECLI/2.0.66
      accept-language:
      - en-US
    method: GET
    uri: https://management.azure.com/subscriptions/00000000-0000-0000-0000-000000000000/resources?$filter=resourceType%20eq%20%27Microsoft.ContainerRegistry%2Fregistries%27&api-version=2018-05-01
  response:
    body:
      string: '{"value":[{"id":"/subscriptions/00000000-0000-0000-0000-000000000000/resourceGroups/clitest.rg000001/providers/Microsoft.ContainerRegistry/registries/clireg000002","name":"clireg000002","type":"Microsoft.ContainerRegistry/registries","sku":{"name":"Premium","tier":"Premium"},"location":"westus","tags":{}},{"id":"/subscriptions/00000000-0000-0000-0000-000000000000/resourceGroups/clitest.rg4ptbkplwetzzymwa5xuvozc7ajdjgb4rz47th4hrwzz6tw3e7ts7m3lmqmg5zktpt/providers/Microsoft.ContainerRegistry/registries/cliregc2pprtnulminm7","name":"cliregc2pprtnulminm7","type":"Microsoft.ContainerRegistry/registries","sku":{"name":"Standard","tier":"Standard"},"location":"westus","tags":{}},{"id":"/subscriptions/00000000-0000-0000-0000-000000000000/resourceGroups/clitest.rgou3pswi5pk3zg4wwrkcqlvsfmmooav3beob353c4amka6bcwdlxb34llszsaspf3b/providers/Microsoft.ContainerRegistry/registries/clireghq3jgtn3z7jlwa","name":"clireghq3jgtn3z7jlwa","type":"Microsoft.ContainerRegistry/registries","sku":{"name":"Standard","tier":"Standard"},"location":"westus","tags":{}},{"id":"/subscriptions/00000000-0000-0000-0000-000000000000/resourceGroups/clitest.rgp2fypbdoup74hpxjqb43rj53ba3wmx2krry5ddebozdjceplbn7gn3iitvng3tdwu/providers/Microsoft.ContainerRegistry/registries/runreg5jiry3pci66r7h","name":"runreg5jiry3pci66r7h","type":"Microsoft.ContainerRegistry/registries","sku":{"name":"Standard","tier":"Standard"},"location":"westus","tags":{}},{"id":"/subscriptions/00000000-0000-0000-0000-000000000000/resourceGroups/clitest.rgtw7sr5az2p5fph4gpwtxxr6e5byed76yfmhpz67wrovkinbfvr3knmtqnme53un5h/providers/Microsoft.ContainerRegistry/registries/cliregacwzda6armrou5","name":"cliregacwzda6armrou5","type":"Microsoft.ContainerRegistry/registries","sku":{"name":"Premium","tier":"Premium"},"location":"westus","tags":{}},{"id":"/subscriptions/00000000-0000-0000-0000-000000000000/resourceGroups/clitest.rgzamxzzsjr3hs5mc2igzom2yhyodemebywhugmeyc3u4r6x6rzw3nlyjjr2fprbpqm/providers/Microsoft.ContainerRegistry/registries/cliregoftgimnotggmmg","name":"cliregoftgimnotggmmg","type":"Microsoft.ContainerRegistry/registries","sku":{"name":"Premium","tier":"Premium"},"location":"westcentralus","tags":{}},{"id":"/subscriptions/00000000-0000-0000-0000-000000000000/resourceGroups/clitest.rgzcmybwpqyf5tukwfnf5xgdfn7zhowjwd5txexpjj2z2ocfutwob6few6bckhles2u/providers/Microsoft.ContainerRegistry/registries/cliregmcxm3dbstxkwel","name":"cliregmcxm3dbstxkwel","type":"Microsoft.ContainerRegistry/registries","sku":{"name":"Premium","tier":"Premium"},"location":"westus","tags":{}},{"id":"/subscriptions/00000000-0000-0000-0000-000000000000/resourceGroups/jeburkeHelm/providers/Microsoft.ContainerRegistry/registries/jeburkeHelmWebhook","name":"jeburkeHelmWebhook","type":"Microsoft.ContainerRegistry/registries","sku":{"name":"Standard","tier":"Standard"},"location":"eastus","tags":{}}]}'
    headers:
      cache-control:
      - no-cache
      content-length:
      - '2934'
      content-type:
      - application/json; charset=utf-8
      date:
      - Mon, 17 Jun 2019 23:13:43 GMT
      expires:
      - '-1'
      pragma:
      - no-cache
      strict-transport-security:
      - max-age=31536000; includeSubDomains
      vary:
      - Accept-Encoding
      x-content-type-options:
      - nosniff
    status:
      code: 200
      message: OK
- request:
    body: null
    headers:
      Accept:
      - application/json
      Accept-Encoding:
      - gzip, deflate
      CommandName:
      - acr replication list
      Connection:
      - keep-alive
      ParameterSetName:
      - -r
      User-Agent:
      - python/3.7.1 (Windows-10-10.0.18362-SP0) msrest/0.6.7 msrest_azure/0.6.1 azure-mgmt-containerregistry/3.0.0rc2
        Azure-SDK-For-Python AZURECLI/2.0.66
      accept-language:
      - en-US
    method: GET
    uri: https://management.azure.com/subscriptions/00000000-0000-0000-0000-000000000000/resourceGroups/clitest.rg000001/providers/Microsoft.ContainerRegistry/registries/clireg000002?api-version=2017-10-01
  response:
    body:
      string: '{"sku":{"name":"Premium","tier":"Premium"},"type":"Microsoft.ContainerRegistry/registries","id":"/subscriptions/00000000-0000-0000-0000-000000000000/resourceGroups/clitest.rg000001/providers/Microsoft.ContainerRegistry/registries/clireg000002","name":"clireg000002","location":"westus","tags":{},"properties":{"loginServer":"clireg000002.azurecr.io","creationDate":"2019-06-17T23:13:17.9817938Z","provisioningState":"Succeeded","adminUserEnabled":false,"networkRuleSet":{"defaultAction":"Allow","virtualNetworkRules":[],"ipRules":[]}}}'
    headers:
      cache-control:
      - no-cache
      content-length:
      - '618'
      content-type:
      - application/json; charset=utf-8
      date:
      - Mon, 17 Jun 2019 23:13:44 GMT
      expires:
      - '-1'
      pragma:
      - no-cache
      server:
      - Microsoft-HTTPAPI/2.0
      strict-transport-security:
      - max-age=31536000; includeSubDomains
      transfer-encoding:
      - chunked
      vary:
      - Accept-Encoding
      x-content-type-options:
      - nosniff
    status:
      code: 200
      message: OK
- request:
    body: null
    headers:
      Accept:
      - application/json
      Accept-Encoding:
      - gzip, deflate
      CommandName:
      - acr replication list
      Connection:
      - keep-alive
      ParameterSetName:
      - -r
      User-Agent:
      - python/3.7.1 (Windows-10-10.0.18362-SP0) msrest/0.6.7 msrest_azure/0.6.1 azure-mgmt-containerregistry/3.0.0rc2
        Azure-SDK-For-Python AZURECLI/2.0.66
      accept-language:
      - en-US
    method: GET
    uri: https://management.azure.com/subscriptions/00000000-0000-0000-0000-000000000000/resourceGroups/clitest.rg000001/providers/Microsoft.ContainerRegistry/registries/clireg000002/replications?api-version=2017-10-01
  response:
    body:
      string: '{"value":[{"type":"Microsoft.ContainerRegistry/registries/replications","id":"/subscriptions/00000000-0000-0000-0000-000000000000/resourceGroups/clitest.rg000001/providers/Microsoft.ContainerRegistry/registries/clireg000002/replications/southcentralus","name":"southcentralus","location":"southcentralus","tags":{},"properties":{"provisioningState":"Succeeded","status":{"displayStatus":"Ready","timestamp":"2019-06-17T23:13:38.6185443Z"}}},{"type":"Microsoft.ContainerRegistry/registries/replications","id":"/subscriptions/00000000-0000-0000-0000-000000000000/resourceGroups/clitest.rg000001/providers/Microsoft.ContainerRegistry/registries/clireg000002/replications/westus","name":"westus","location":"westus","tags":{},"properties":{"provisioningState":"Succeeded","status":{"displayStatus":"Ready","timestamp":"2019-06-17T23:13:26.9117556Z"}}}]}'
    headers:
      cache-control:
      - no-cache
      content-length:
      - '983'
      content-type:
      - application/json; charset=utf-8
      date:
      - Mon, 17 Jun 2019 23:13:45 GMT
      expires:
      - '-1'
      pragma:
      - no-cache
      server:
      - Microsoft-HTTPAPI/2.0
      strict-transport-security:
      - max-age=31536000; includeSubDomains
      transfer-encoding:
      - chunked
      vary:
      - Accept-Encoding
      x-content-type-options:
      - nosniff
    status:
      code: 200
      message: OK
- request:
    body: null
    headers:
      Accept:
      - application/json
      Accept-Encoding:
      - gzip, deflate
      CommandName:
      - acr replication show
      Connection:
      - keep-alive
      ParameterSetName:
      - -n -r
      User-Agent:
      - python/3.7.1 (Windows-10-10.0.18362-SP0) msrest/0.6.7 msrest_azure/0.6.1 resourcemanagementclient/2.1.0
        Azure-SDK-For-Python AZURECLI/2.0.66
      accept-language:
      - en-US
    method: GET
    uri: https://management.azure.com/subscriptions/00000000-0000-0000-0000-000000000000/resources?$filter=resourceType%20eq%20%27Microsoft.ContainerRegistry%2Fregistries%27&api-version=2018-05-01
  response:
    body:
      string: '{"value":[{"id":"/subscriptions/00000000-0000-0000-0000-000000000000/resourceGroups/clitest.rg000001/providers/Microsoft.ContainerRegistry/registries/clireg000002","name":"clireg000002","type":"Microsoft.ContainerRegistry/registries","sku":{"name":"Premium","tier":"Premium"},"location":"westus","tags":{}},{"id":"/subscriptions/00000000-0000-0000-0000-000000000000/resourceGroups/clitest.rg4ptbkplwetzzymwa5xuvozc7ajdjgb4rz47th4hrwzz6tw3e7ts7m3lmqmg5zktpt/providers/Microsoft.ContainerRegistry/registries/cliregc2pprtnulminm7","name":"cliregc2pprtnulminm7","type":"Microsoft.ContainerRegistry/registries","sku":{"name":"Standard","tier":"Standard"},"location":"westus","tags":{}},{"id":"/subscriptions/00000000-0000-0000-0000-000000000000/resourceGroups/clitest.rgou3pswi5pk3zg4wwrkcqlvsfmmooav3beob353c4amka6bcwdlxb34llszsaspf3b/providers/Microsoft.ContainerRegistry/registries/clireghq3jgtn3z7jlwa","name":"clireghq3jgtn3z7jlwa","type":"Microsoft.ContainerRegistry/registries","sku":{"name":"Standard","tier":"Standard"},"location":"westus","tags":{}},{"id":"/subscriptions/00000000-0000-0000-0000-000000000000/resourceGroups/clitest.rgp2fypbdoup74hpxjqb43rj53ba3wmx2krry5ddebozdjceplbn7gn3iitvng3tdwu/providers/Microsoft.ContainerRegistry/registries/runreg5jiry3pci66r7h","name":"runreg5jiry3pci66r7h","type":"Microsoft.ContainerRegistry/registries","sku":{"name":"Standard","tier":"Standard"},"location":"westus","tags":{}},{"id":"/subscriptions/00000000-0000-0000-0000-000000000000/resourceGroups/clitest.rgtw7sr5az2p5fph4gpwtxxr6e5byed76yfmhpz67wrovkinbfvr3knmtqnme53un5h/providers/Microsoft.ContainerRegistry/registries/cliregacwzda6armrou5","name":"cliregacwzda6armrou5","type":"Microsoft.ContainerRegistry/registries","sku":{"name":"Premium","tier":"Premium"},"location":"westus","tags":{}},{"id":"/subscriptions/00000000-0000-0000-0000-000000000000/resourceGroups/clitest.rgzamxzzsjr3hs5mc2igzom2yhyodemebywhugmeyc3u4r6x6rzw3nlyjjr2fprbpqm/providers/Microsoft.ContainerRegistry/registries/cliregoftgimnotggmmg","name":"cliregoftgimnotggmmg","type":"Microsoft.ContainerRegistry/registries","sku":{"name":"Premium","tier":"Premium"},"location":"westcentralus","tags":{}},{"id":"/subscriptions/00000000-0000-0000-0000-000000000000/resourceGroups/clitest.rgzcmybwpqyf5tukwfnf5xgdfn7zhowjwd5txexpjj2z2ocfutwob6few6bckhles2u/providers/Microsoft.ContainerRegistry/registries/cliregmcxm3dbstxkwel","name":"cliregmcxm3dbstxkwel","type":"Microsoft.ContainerRegistry/registries","sku":{"name":"Premium","tier":"Premium"},"location":"westus","tags":{}},{"id":"/subscriptions/00000000-0000-0000-0000-000000000000/resourceGroups/jeburkeHelm/providers/Microsoft.ContainerRegistry/registries/jeburkeHelmWebhook","name":"jeburkeHelmWebhook","type":"Microsoft.ContainerRegistry/registries","sku":{"name":"Standard","tier":"Standard"},"location":"eastus","tags":{}}]}'
    headers:
      cache-control:
      - no-cache
      content-length:
      - '2934'
      content-type:
      - application/json; charset=utf-8
      date:
      - Mon, 17 Jun 2019 23:13:46 GMT
      expires:
      - '-1'
      pragma:
      - no-cache
      strict-transport-security:
      - max-age=31536000; includeSubDomains
      vary:
      - Accept-Encoding
      x-content-type-options:
      - nosniff
    status:
      code: 200
      message: OK
- request:
    body: null
    headers:
      Accept:
      - application/json
      Accept-Encoding:
      - gzip, deflate
      CommandName:
      - acr replication show
      Connection:
      - keep-alive
      ParameterSetName:
      - -n -r
      User-Agent:
      - python/3.7.1 (Windows-10-10.0.18362-SP0) msrest/0.6.7 msrest_azure/0.6.1 azure-mgmt-containerregistry/3.0.0rc2
        Azure-SDK-For-Python AZURECLI/2.0.66
      accept-language:
      - en-US
    method: GET
    uri: https://management.azure.com/subscriptions/00000000-0000-0000-0000-000000000000/resourceGroups/clitest.rg000001/providers/Microsoft.ContainerRegistry/registries/clireg000002?api-version=2017-10-01
  response:
    body:
      string: '{"sku":{"name":"Premium","tier":"Premium"},"type":"Microsoft.ContainerRegistry/registries","id":"/subscriptions/00000000-0000-0000-0000-000000000000/resourceGroups/clitest.rg000001/providers/Microsoft.ContainerRegistry/registries/clireg000002","name":"clireg000002","location":"westus","tags":{},"properties":{"loginServer":"clireg000002.azurecr.io","creationDate":"2019-06-17T23:13:17.9817938Z","provisioningState":"Succeeded","adminUserEnabled":false,"networkRuleSet":{"defaultAction":"Allow","virtualNetworkRules":[],"ipRules":[]}}}'
    headers:
      cache-control:
      - no-cache
      content-length:
      - '618'
      content-type:
      - application/json; charset=utf-8
      date:
      - Mon, 17 Jun 2019 23:13:46 GMT
      expires:
      - '-1'
      pragma:
      - no-cache
      server:
      - Microsoft-HTTPAPI/2.0
      strict-transport-security:
      - max-age=31536000; includeSubDomains
      transfer-encoding:
      - chunked
      vary:
      - Accept-Encoding
      x-content-type-options:
      - nosniff
    status:
      code: 200
      message: OK
- request:
    body: null
    headers:
      Accept:
      - application/json
      Accept-Encoding:
      - gzip, deflate
      CommandName:
      - acr replication show
      Connection:
      - keep-alive
      ParameterSetName:
      - -n -r
      User-Agent:
      - python/3.7.1 (Windows-10-10.0.18362-SP0) msrest/0.6.7 msrest_azure/0.6.1 azure-mgmt-containerregistry/3.0.0rc2
        Azure-SDK-For-Python AZURECLI/2.0.66
      accept-language:
      - en-US
    method: GET
    uri: https://management.azure.com/subscriptions/00000000-0000-0000-0000-000000000000/resourceGroups/clitest.rg000001/providers/Microsoft.ContainerRegistry/registries/clireg000002/replications/southcentralus?api-version=2017-10-01
  response:
    body:
      string: '{"type":"Microsoft.ContainerRegistry/registries/replications","id":"/subscriptions/00000000-0000-0000-0000-000000000000/resourceGroups/clitest.rg000001/providers/Microsoft.ContainerRegistry/registries/clireg000002/replications/southcentralus","name":"southcentralus","location":"southcentralus","tags":{},"properties":{"provisioningState":"Succeeded","status":{"displayStatus":"Ready","timestamp":"2019-06-17T23:13:38.6185443Z"}}}'
    headers:
      cache-control:
      - no-cache
      content-length:
      - '497'
      content-type:
      - application/json; charset=utf-8
      date:
      - Mon, 17 Jun 2019 23:13:47 GMT
      expires:
      - '-1'
      pragma:
      - no-cache
      server:
      - Microsoft-HTTPAPI/2.0
      strict-transport-security:
      - max-age=31536000; includeSubDomains
      transfer-encoding:
      - chunked
      vary:
      - Accept-Encoding
      x-content-type-options:
      - nosniff
    status:
      code: 200
      message: OK
- request:
    body: null
    headers:
      Accept:
      - application/json
      Accept-Encoding:
      - gzip, deflate
      CommandName:
      - acr replication update
      Connection:
      - keep-alive
      ParameterSetName:
      - -n -r --tags
      User-Agent:
      - python/3.7.1 (Windows-10-10.0.18362-SP0) msrest/0.6.7 msrest_azure/0.6.1 resourcemanagementclient/2.1.0
        Azure-SDK-For-Python AZURECLI/2.0.66
      accept-language:
      - en-US
    method: GET
    uri: https://management.azure.com/subscriptions/00000000-0000-0000-0000-000000000000/resources?$filter=resourceType%20eq%20%27Microsoft.ContainerRegistry%2Fregistries%27&api-version=2018-05-01
  response:
    body:
      string: '{"value":[{"id":"/subscriptions/00000000-0000-0000-0000-000000000000/resourceGroups/clitest.rg000001/providers/Microsoft.ContainerRegistry/registries/clireg000002","name":"clireg000002","type":"Microsoft.ContainerRegistry/registries","sku":{"name":"Premium","tier":"Premium"},"location":"westus","tags":{}},{"id":"/subscriptions/00000000-0000-0000-0000-000000000000/resourceGroups/clitest.rg4ptbkplwetzzymwa5xuvozc7ajdjgb4rz47th4hrwzz6tw3e7ts7m3lmqmg5zktpt/providers/Microsoft.ContainerRegistry/registries/cliregc2pprtnulminm7","name":"cliregc2pprtnulminm7","type":"Microsoft.ContainerRegistry/registries","sku":{"name":"Standard","tier":"Standard"},"location":"westus","tags":{}},{"id":"/subscriptions/00000000-0000-0000-0000-000000000000/resourceGroups/clitest.rgou3pswi5pk3zg4wwrkcqlvsfmmooav3beob353c4amka6bcwdlxb34llszsaspf3b/providers/Microsoft.ContainerRegistry/registries/clireghq3jgtn3z7jlwa","name":"clireghq3jgtn3z7jlwa","type":"Microsoft.ContainerRegistry/registries","sku":{"name":"Standard","tier":"Standard"},"location":"westus","tags":{}},{"id":"/subscriptions/00000000-0000-0000-0000-000000000000/resourceGroups/clitest.rgp2fypbdoup74hpxjqb43rj53ba3wmx2krry5ddebozdjceplbn7gn3iitvng3tdwu/providers/Microsoft.ContainerRegistry/registries/runreg5jiry3pci66r7h","name":"runreg5jiry3pci66r7h","type":"Microsoft.ContainerRegistry/registries","sku":{"name":"Standard","tier":"Standard"},"location":"westus","tags":{}},{"id":"/subscriptions/00000000-0000-0000-0000-000000000000/resourceGroups/clitest.rgtw7sr5az2p5fph4gpwtxxr6e5byed76yfmhpz67wrovkinbfvr3knmtqnme53un5h/providers/Microsoft.ContainerRegistry/registries/cliregacwzda6armrou5","name":"cliregacwzda6armrou5","type":"Microsoft.ContainerRegistry/registries","sku":{"name":"Premium","tier":"Premium"},"location":"westus","tags":{}},{"id":"/subscriptions/00000000-0000-0000-0000-000000000000/resourceGroups/clitest.rgzamxzzsjr3hs5mc2igzom2yhyodemebywhugmeyc3u4r6x6rzw3nlyjjr2fprbpqm/providers/Microsoft.ContainerRegistry/registries/cliregoftgimnotggmmg","name":"cliregoftgimnotggmmg","type":"Microsoft.ContainerRegistry/registries","sku":{"name":"Premium","tier":"Premium"},"location":"westcentralus","tags":{}},{"id":"/subscriptions/00000000-0000-0000-0000-000000000000/resourceGroups/clitest.rgzcmybwpqyf5tukwfnf5xgdfn7zhowjwd5txexpjj2z2ocfutwob6few6bckhles2u/providers/Microsoft.ContainerRegistry/registries/cliregmcxm3dbstxkwel","name":"cliregmcxm3dbstxkwel","type":"Microsoft.ContainerRegistry/registries","sku":{"name":"Premium","tier":"Premium"},"location":"westus","tags":{}},{"id":"/subscriptions/00000000-0000-0000-0000-000000000000/resourceGroups/jeburkeHelm/providers/Microsoft.ContainerRegistry/registries/jeburkeHelmWebhook","name":"jeburkeHelmWebhook","type":"Microsoft.ContainerRegistry/registries","sku":{"name":"Standard","tier":"Standard"},"location":"eastus","tags":{}}]}'
    headers:
      cache-control:
      - no-cache
      content-length:
      - '2934'
      content-type:
      - application/json; charset=utf-8
      date:
      - Mon, 17 Jun 2019 23:13:47 GMT
      expires:
      - '-1'
      pragma:
      - no-cache
      strict-transport-security:
      - max-age=31536000; includeSubDomains
      vary:
      - Accept-Encoding
      x-content-type-options:
      - nosniff
    status:
      code: 200
      message: OK
- request:
    body: '{"tags": {"key": "value"}}'
    headers:
      Accept:
      - application/json
      Accept-Encoding:
      - gzip, deflate
      CommandName:
      - acr replication update
      Connection:
      - keep-alive
      Content-Length:
      - '26'
      Content-Type:
      - application/json; charset=utf-8
      ParameterSetName:
      - -n -r --tags
      User-Agent:
      - python/3.7.1 (Windows-10-10.0.18362-SP0) msrest/0.6.7 msrest_azure/0.6.1 azure-mgmt-containerregistry/3.0.0rc2
        Azure-SDK-For-Python AZURECLI/2.0.66
      accept-language:
      - en-US
    method: PATCH
    uri: https://management.azure.com/subscriptions/00000000-0000-0000-0000-000000000000/resourceGroups/clitest.rg000001/providers/Microsoft.ContainerRegistry/registries/clireg000002/replications/southcentralus?api-version=2017-10-01
  response:
    body:
      string: '{"type":"Microsoft.ContainerRegistry/registries/replications","id":"/subscriptions/00000000-0000-0000-0000-000000000000/resourceGroups/clitest.rg000001/providers/Microsoft.ContainerRegistry/registries/clireg000002/replications/southcentralus","name":"southcentralus","location":"southcentralus","tags":{"key":"value"},"properties":{"provisioningState":"Succeeded","status":{"displayStatus":"Ready","timestamp":"2019-06-17T23:13:38.6185443Z"}}}'
    headers:
      cache-control:
      - no-cache
      content-length:
      - '510'
      content-type:
      - application/json; charset=utf-8
      date:
      - Mon, 17 Jun 2019 23:13:48 GMT
      expires:
      - '-1'
      pragma:
      - no-cache
      server:
      - Microsoft-HTTPAPI/2.0
      strict-transport-security:
      - max-age=31536000; includeSubDomains
      transfer-encoding:
      - chunked
      vary:
      - Accept-Encoding
      x-content-type-options:
      - nosniff
      x-ms-ratelimit-remaining-subscription-writes:
      - '1199'
    status:
      code: 200
      message: OK
- request:
    body: null
    headers:
      Accept:
      - application/json
      Accept-Encoding:
      - gzip, deflate
      CommandName:
      - acr replication delete
      Connection:
      - keep-alive
      ParameterSetName:
      - -n -r
      User-Agent:
      - python/3.7.1 (Windows-10-10.0.18362-SP0) msrest/0.6.7 msrest_azure/0.6.1 resourcemanagementclient/2.1.0
        Azure-SDK-For-Python AZURECLI/2.0.66
      accept-language:
      - en-US
    method: GET
    uri: https://management.azure.com/subscriptions/00000000-0000-0000-0000-000000000000/resources?$filter=resourceType%20eq%20%27Microsoft.ContainerRegistry%2Fregistries%27&api-version=2018-05-01
  response:
    body:
      string: '{"value":[{"id":"/subscriptions/00000000-0000-0000-0000-000000000000/resourceGroups/clitest.rg000001/providers/Microsoft.ContainerRegistry/registries/clireg000002","name":"clireg000002","type":"Microsoft.ContainerRegistry/registries","sku":{"name":"Premium","tier":"Premium"},"location":"westus","tags":{}},{"id":"/subscriptions/00000000-0000-0000-0000-000000000000/resourceGroups/clitest.rg4ptbkplwetzzymwa5xuvozc7ajdjgb4rz47th4hrwzz6tw3e7ts7m3lmqmg5zktpt/providers/Microsoft.ContainerRegistry/registries/cliregc2pprtnulminm7","name":"cliregc2pprtnulminm7","type":"Microsoft.ContainerRegistry/registries","sku":{"name":"Standard","tier":"Standard"},"location":"westus","tags":{}},{"id":"/subscriptions/00000000-0000-0000-0000-000000000000/resourceGroups/clitest.rgou3pswi5pk3zg4wwrkcqlvsfmmooav3beob353c4amka6bcwdlxb34llszsaspf3b/providers/Microsoft.ContainerRegistry/registries/clireghq3jgtn3z7jlwa","name":"clireghq3jgtn3z7jlwa","type":"Microsoft.ContainerRegistry/registries","sku":{"name":"Standard","tier":"Standard"},"location":"westus","tags":{}},{"id":"/subscriptions/00000000-0000-0000-0000-000000000000/resourceGroups/clitest.rgp2fypbdoup74hpxjqb43rj53ba3wmx2krry5ddebozdjceplbn7gn3iitvng3tdwu/providers/Microsoft.ContainerRegistry/registries/runreg5jiry3pci66r7h","name":"runreg5jiry3pci66r7h","type":"Microsoft.ContainerRegistry/registries","sku":{"name":"Standard","tier":"Standard"},"location":"westus","tags":{}},{"id":"/subscriptions/00000000-0000-0000-0000-000000000000/resourceGroups/clitest.rgtw7sr5az2p5fph4gpwtxxr6e5byed76yfmhpz67wrovkinbfvr3knmtqnme53un5h/providers/Microsoft.ContainerRegistry/registries/cliregacwzda6armrou5","name":"cliregacwzda6armrou5","type":"Microsoft.ContainerRegistry/registries","sku":{"name":"Premium","tier":"Premium"},"location":"westus","tags":{}},{"id":"/subscriptions/00000000-0000-0000-0000-000000000000/resourceGroups/clitest.rgzamxzzsjr3hs5mc2igzom2yhyodemebywhugmeyc3u4r6x6rzw3nlyjjr2fprbpqm/providers/Microsoft.ContainerRegistry/registries/cliregoftgimnotggmmg","name":"cliregoftgimnotggmmg","type":"Microsoft.ContainerRegistry/registries","sku":{"name":"Premium","tier":"Premium"},"location":"westcentralus","tags":{}},{"id":"/subscriptions/00000000-0000-0000-0000-000000000000/resourceGroups/clitest.rgzcmybwpqyf5tukwfnf5xgdfn7zhowjwd5txexpjj2z2ocfutwob6few6bckhles2u/providers/Microsoft.ContainerRegistry/registries/cliregmcxm3dbstxkwel","name":"cliregmcxm3dbstxkwel","type":"Microsoft.ContainerRegistry/registries","sku":{"name":"Premium","tier":"Premium"},"location":"westus","tags":{}},{"id":"/subscriptions/00000000-0000-0000-0000-000000000000/resourceGroups/jeburkeHelm/providers/Microsoft.ContainerRegistry/registries/jeburkeHelmWebhook","name":"jeburkeHelmWebhook","type":"Microsoft.ContainerRegistry/registries","sku":{"name":"Standard","tier":"Standard"},"location":"eastus","tags":{}}]}'
    headers:
      cache-control:
      - no-cache
      content-length:
      - '2934'
      content-type:
      - application/json; charset=utf-8
      date:
      - Mon, 17 Jun 2019 23:13:48 GMT
      expires:
      - '-1'
      pragma:
      - no-cache
      strict-transport-security:
      - max-age=31536000; includeSubDomains
      vary:
      - Accept-Encoding
      x-content-type-options:
      - nosniff
    status:
      code: 200
      message: OK
- request:
    body: null
    headers:
      Accept:
      - application/json
      Accept-Encoding:
      - gzip, deflate
      CommandName:
      - acr replication delete
      Connection:
      - keep-alive
      ParameterSetName:
      - -n -r
      User-Agent:
      - python/3.7.1 (Windows-10-10.0.18362-SP0) msrest/0.6.7 msrest_azure/0.6.1 azure-mgmt-containerregistry/3.0.0rc2
        Azure-SDK-For-Python AZURECLI/2.0.66
      accept-language:
      - en-US
    method: GET
    uri: https://management.azure.com/subscriptions/00000000-0000-0000-0000-000000000000/resourceGroups/clitest.rg000001/providers/Microsoft.ContainerRegistry/registries/clireg000002?api-version=2017-10-01
  response:
    body:
      string: '{"sku":{"name":"Premium","tier":"Premium"},"type":"Microsoft.ContainerRegistry/registries","id":"/subscriptions/00000000-0000-0000-0000-000000000000/resourceGroups/clitest.rg000001/providers/Microsoft.ContainerRegistry/registries/clireg000002","name":"clireg000002","location":"westus","tags":{},"properties":{"loginServer":"clireg000002.azurecr.io","creationDate":"2019-06-17T23:13:17.9817938Z","provisioningState":"Succeeded","adminUserEnabled":false,"networkRuleSet":{"defaultAction":"Allow","virtualNetworkRules":[],"ipRules":[]}}}'
    headers:
      cache-control:
      - no-cache
      content-length:
      - '618'
      content-type:
      - application/json; charset=utf-8
      date:
      - Mon, 17 Jun 2019 23:13:48 GMT
      expires:
      - '-1'
      pragma:
      - no-cache
      server:
      - Microsoft-HTTPAPI/2.0
      strict-transport-security:
      - max-age=31536000; includeSubDomains
      transfer-encoding:
      - chunked
      vary:
      - Accept-Encoding
      x-content-type-options:
      - nosniff
    status:
      code: 200
      message: OK
- request:
    body: null
    headers:
      Accept:
      - application/json
      Accept-Encoding:
      - gzip, deflate
      CommandName:
      - acr replication delete
      Connection:
      - keep-alive
      Content-Length:
      - '0'
      ParameterSetName:
      - -n -r
      User-Agent:
      - python/3.7.1 (Windows-10-10.0.18362-SP0) msrest/0.6.7 msrest_azure/0.6.1 azure-mgmt-containerregistry/3.0.0rc2
        Azure-SDK-For-Python AZURECLI/2.0.66
      accept-language:
      - en-US
    method: DELETE
    uri: https://management.azure.com/subscriptions/00000000-0000-0000-0000-000000000000/resourceGroups/clitest.rg000001/providers/Microsoft.ContainerRegistry/registries/clireg000002/replications/southcentralus?api-version=2017-10-01
  response:
    body:
      string: 'null'
    headers:
      cache-control:
      - no-cache
      content-length:
      - '4'
      content-type:
      - application/json; charset=utf-8
      date:
      - Mon, 17 Jun 2019 23:13:49 GMT
      expires:
      - '-1'
      location:
      - https://management.azure.com/subscriptions/00000000-0000-0000-0000-000000000000/providers/Microsoft.ContainerRegistry/locations/southcentralus/operationResults/replications-8ff88608-9155-11e9-8ed0-a08cfded5cd9?api-version=2017-10-01
      pragma:
      - no-cache
      server:
      - Microsoft-HTTPAPI/2.0
      strict-transport-security:
      - max-age=31536000; includeSubDomains
      x-content-type-options:
      - nosniff
      x-ms-ratelimit-remaining-subscription-deletes:
      - '14999'
    status:
      code: 202
      message: Accepted
- request:
    body: null
    headers:
      Accept:
      - application/json
      Accept-Encoding:
      - gzip, deflate
      CommandName:
      - acr replication delete
      Connection:
      - keep-alive
      ParameterSetName:
      - -n -r
      User-Agent:
      - python/3.7.1 (Windows-10-10.0.18362-SP0) msrest/0.6.7 msrest_azure/0.6.1 azure-mgmt-containerregistry/3.0.0rc2
        Azure-SDK-For-Python AZURECLI/2.0.66
    method: GET
    uri: https://management.azure.com/subscriptions/00000000-0000-0000-0000-000000000000/providers/Microsoft.ContainerRegistry/locations/southcentralus/operationResults/replications-8ff88608-9155-11e9-8ed0-a08cfded5cd9?api-version=2017-10-01
  response:
    body:
      string: ''
    headers:
      cache-control:
      - no-cache
      content-length:
      - '0'
      date:
      - Mon, 17 Jun 2019 23:14:00 GMT
      expires:
      - '-1'
      pragma:
      - no-cache
      server:
      - Microsoft-HTTPAPI/2.0
      strict-transport-security:
      - max-age=31536000; includeSubDomains
      x-content-type-options:
      - nosniff
    status:
      code: 200
      message: OK
- request:
    body: null
    headers:
      Accept:
      - application/json
      Accept-Encoding:
      - gzip, deflate
      CommandName:
      - acr delete
      Connection:
      - keep-alive
      Content-Length:
      - '0'
      ParameterSetName:
      - -n -g
      User-Agent:
      - python/3.7.1 (Windows-10-10.0.18362-SP0) msrest/0.6.7 msrest_azure/0.6.1 azure-mgmt-containerregistry/3.0.0rc2
        Azure-SDK-For-Python AZURECLI/2.0.66
      accept-language:
      - en-US
    method: DELETE
    uri: https://management.azure.com/subscriptions/00000000-0000-0000-0000-000000000000/resourceGroups/clitest.rg000001/providers/Microsoft.ContainerRegistry/registries/clireg000002?api-version=2017-10-01
  response:
    body:
      string: '{"sku":{"name":"Premium","tier":"Premium"},"type":"Microsoft.ContainerRegistry/registries","id":"/subscriptions/00000000-0000-0000-0000-000000000000/resourceGroups/clitest.rg000001/providers/Microsoft.ContainerRegistry/registries/clireg000002","name":"clireg000002","location":"westus","tags":{},"properties":{"loginServer":"clireg000002.azurecr.io","creationDate":"2019-06-17T23:13:17.9817938Z","provisioningState":"Deleting","adminUserEnabled":false,"networkRuleSet":{"defaultAction":"Allow","virtualNetworkRules":[],"ipRules":[]}}}'
    headers:
      cache-control:
      - no-cache
      content-length:
      - '617'
      content-type:
      - application/json; charset=utf-8
      date:
      - Mon, 17 Jun 2019 23:14:05 GMT
      expires:
      - '-1'
      location:
      - https://management.azure.com/subscriptions/00000000-0000-0000-0000-000000000000/providers/Microsoft.ContainerRegistry/locations/westus/operationResults/registries-9789f9ee-9155-11e9-9c27-a08cfded5cd9?api-version=2017-10-01
      pragma:
      - no-cache
      server:
      - Microsoft-HTTPAPI/2.0
      strict-transport-security:
      - max-age=31536000; includeSubDomains
      x-content-type-options:
      - nosniff
      x-ms-ratelimit-remaining-subscription-deletes:
      - '14998'
    status:
      code: 202
      message: Accepted
- request:
    body: null
    headers:
      Accept:
      - application/json
      Accept-Encoding:
      - gzip, deflate
      CommandName:
      - acr delete
      Connection:
      - keep-alive
      ParameterSetName:
      - -n -g
      User-Agent:
      - python/3.7.1 (Windows-10-10.0.18362-SP0) msrest/0.6.7 msrest_azure/0.6.1 azure-mgmt-containerregistry/3.0.0rc2
        Azure-SDK-For-Python AZURECLI/2.0.66
    method: GET
    uri: https://management.azure.com/subscriptions/00000000-0000-0000-0000-000000000000/providers/Microsoft.ContainerRegistry/locations/westus/operationResults/registries-9789f9ee-9155-11e9-9c27-a08cfded5cd9?api-version=2017-10-01
  response:
    body:
      string: ''
    headers:
      cache-control:
      - no-cache
      content-length:
      - '0'
      date:
      - Mon, 17 Jun 2019 23:14:14 GMT
      expires:
      - '-1'
      pragma:
      - no-cache
      server:
      - Microsoft-HTTPAPI/2.0
      strict-transport-security:
      - max-age=31536000; includeSubDomains
      x-content-type-options:
      - nosniff
    status:
      code: 200
      message: OK
- request:
    body: null
    headers:
      Accept:
      - application/json
      Accept-Encoding:
      - gzip, deflate
      CommandName:
      - group delete
      Connection:
      - keep-alive
      Content-Length:
      - '0'
      ParameterSetName:
      - --name --yes --no-wait
      User-Agent:
      - python/3.7.1 (Windows-10-10.0.18362-SP0) msrest/0.6.7 msrest_azure/0.6.1 resourcemanagementclient/2.1.0
        Azure-SDK-For-Python AZURECLI/2.0.66
      accept-language:
      - en-US
    method: DELETE
    uri: https://management.azure.com/subscriptions/00000000-0000-0000-0000-000000000000/resourcegroups/clitest.rg000001?api-version=2018-05-01
  response:
    body:
      string: ''
    headers:
      cache-control:
      - no-cache
      content-length:
      - '0'
      date:
      - Mon, 17 Jun 2019 23:14:15 GMT
      expires:
      - '-1'
      location:
      - https://management.azure.com/subscriptions/00000000-0000-0000-0000-000000000000/operationresults/eyJqb2JJZCI6IlJFU09VUkNFR1JPVVBERUxFVElPTkpPQi1DTElURVNUOjJFUkc0MkdLR0JaTVhRM0NVUUVJT0M0WU5WU01ENEtVNjVBQzNQNnw2Q0I5MDQ1MkE1RjU3MkEzLVdFU1RVUyIsImpvYkxvY2F0aW9uIjoid2VzdHVzIn0?api-version=2018-05-01
      pragma:
      - no-cache
      strict-transport-security:
      - max-age=31536000; includeSubDomains
      x-content-type-options:
      - nosniff
      x-ms-ratelimit-remaining-subscription-deletes:
      - '14999'
    status:
      code: 202
      message: Accepted
version: 1
