interactions:
- request:
    body: '{"location": "westus", "sku": {"name": "Standard"}, "properties": {"adminUserEnabled":
      false}}'
    headers:
      Accept:
      - application/json
      Accept-Encoding:
      - gzip, deflate
      CommandName:
      - acr create
      Connection:
      - keep-alive
      Content-Length:
      - '94'
      Content-Type:
      - application/json; charset=utf-8
      ParameterSetName:
      - -n -g -l --sku
      User-Agent:
      - python/3.7.6 (Windows-10-10.0.18362-SP0) msrest/0.6.10 msrest_azure/0.6.2
        azure-mgmt-containerregistry/3.0.0rc8 Azure-SDK-For-Python AZURECLI/2.0.80
      accept-language:
      - en-US
    method: PUT
    uri: https://management.azure.com/subscriptions/00000000-0000-0000-0000-000000000000/resourceGroups/clitest.rg000001/providers/Microsoft.ContainerRegistry/registries/clireg000002?api-version=2019-05-01
  response:
    body:
      string: '{"sku":{"name":"Standard","tier":"Standard"},"type":"Microsoft.ContainerRegistry/registries","id":"/subscriptions/00000000-0000-0000-0000-000000000000/resourceGroups/clitest.rg000001/providers/Microsoft.ContainerRegistry/registries/clireg000002","name":"clireg000002","location":"westus","tags":{},"properties":{"loginServer":"clireg000002.azurecr.io","creationDate":"2020-01-22T06:17:11.7060221Z","provisioningState":"Succeeded","adminUserEnabled":false,"policies":{"quarantinePolicy":{"status":"disabled"},"trustPolicy":{"type":"Notary","status":"disabled"},"retentionPolicy":{"days":7,"lastUpdatedTime":"2020-01-22T06:17:13.0907442+00:00","status":"disabled"}}}}'
    headers:
      cache-control:
      - no-cache
      content-length:
      - '748'
      content-type:
      - application/json; charset=utf-8
      date:
      - Wed, 22 Jan 2020 06:17:13 GMT
      expires:
      - '-1'
      pragma:
      - no-cache
      server:
      - Microsoft-HTTPAPI/2.0
      strict-transport-security:
      - max-age=31536000; includeSubDomains
      transfer-encoding:
      - chunked
      vary:
      - Accept-Encoding
      x-content-type-options:
      - nosniff
      x-ms-ratelimit-remaining-subscription-writes:
      - '1199'
    status:
      code: 200
      message: OK
- request:
    body: null
    headers:
      Accept:
      - application/json
      Accept-Encoding:
      - gzip, deflate
      CommandName:
      - acr task create
      Connection:
      - keep-alive
      ParameterSetName:
      - -n -r --context --image -f --commit-trigger-enabled --pull-request-trigger-enabled
      User-Agent:
      - python/3.7.6 (Windows-10-10.0.18362-SP0) msrest/0.6.10 msrest_azure/0.6.2
        azure-mgmt-resource/6.0.0 Azure-SDK-For-Python AZURECLI/2.0.80
      accept-language:
      - en-US
    method: GET
    uri: https://management.azure.com/subscriptions/00000000-0000-0000-0000-000000000000/resources?$filter=resourceType%20eq%20%27Microsoft.ContainerRegistry%2Fregistries%27&api-version=2019-07-01
  response:
    body:
      string: '{"value":[{"id":"/subscriptions/00000000-0000-0000-0000-000000000000/resourceGroups/clitest.rg2bvuhdkfudk65ifpaxdpl4zhbksa7refxlciaikwod6hx5xlubs7d3nyq4kjfmoug/providers/Microsoft.ContainerRegistry/registries/cliregso4s5vd5uuwkh5","name":"cliregso4s5vd5uuwkh5","type":"Microsoft.ContainerRegistry/registries","sku":{"name":"Standard","tier":"Standard"},"location":"westus","tags":{}},{"id":"/subscriptions/00000000-0000-0000-0000-000000000000/resourceGroups/clitest.rg000001/providers/Microsoft.ContainerRegistry/registries/clireg000002","name":"clireg000002","type":"Microsoft.ContainerRegistry/registries","sku":{"name":"Standard","tier":"Standard"},"location":"westus","tags":{}},{"id":"/subscriptions/00000000-0000-0000-0000-000000000000/resourceGroups/huanwutest/providers/Microsoft.ContainerRegistry/registries/huanglicus01","name":"huanglicus01","type":"Microsoft.ContainerRegistry/registries","sku":{"name":"Standard","tier":"Standard"},"location":"westus","tags":{}},{"id":"/subscriptions/00000000-0000-0000-0000-000000000000/resourceGroups/huanwutest/providers/Microsoft.ContainerRegistry/registries/huanglicus02","name":"huanglicus02","type":"Microsoft.ContainerRegistry/registries","sku":{"name":"Standard","tier":"Standard"},"location":"westus","tags":{}},{"id":"/subscriptions/00000000-0000-0000-0000-000000000000/resourceGroups/huanwutest/providers/Microsoft.ContainerRegistry/registries/huanglireg","name":"huanglireg","type":"Microsoft.ContainerRegistry/registries","sku":{"name":"Standard","tier":"Standard"},"location":"westus2","tags":{}},{"id":"/subscriptions/00000000-0000-0000-0000-000000000000/resourceGroups/huanwutest/providers/Microsoft.ContainerRegistry/registries/huanwutest3","name":"huanwutest3","type":"Microsoft.ContainerRegistry/registries","sku":{"name":"Standard","tier":"Standard"},"location":"westus","tags":{}},{"id":"/subscriptions/00000000-0000-0000-0000-000000000000/resourceGroups/huanwutest/providers/Microsoft.ContainerRegistry/registries/huanwutest5","name":"huanwutest5","type":"Microsoft.ContainerRegistry/registries","sku":{"name":"Standard","tier":"Standard"},"location":"westeurope","tags":{}}]}'
    headers:
      cache-control:
      - no-cache
      content-length:
      - '2221'
      content-type:
      - application/json; charset=utf-8
      date:
      - Wed, 22 Jan 2020 06:17:13 GMT
      expires:
      - '-1'
      pragma:
      - no-cache
      strict-transport-security:
      - max-age=31536000; includeSubDomains
      vary:
      - Accept-Encoding
      x-content-type-options:
      - nosniff
    status:
      code: 200
      message: OK
- request:
    body: null
    headers:
      Accept:
      - application/json
      Accept-Encoding:
      - gzip, deflate
      CommandName:
      - acr task create
      Connection:
      - keep-alive
      ParameterSetName:
      - -n -r --context --image -f --commit-trigger-enabled --pull-request-trigger-enabled
      User-Agent:
      - python/3.7.6 (Windows-10-10.0.18362-SP0) msrest/0.6.10 msrest_azure/0.6.2
        azure-mgmt-containerregistry/3.0.0rc8 Azure-SDK-For-Python AZURECLI/2.0.80
      accept-language:
      - en-US
    method: GET
    uri: https://management.azure.com/subscriptions/00000000-0000-0000-0000-000000000000/resourceGroups/clitest.rg000001/providers/Microsoft.ContainerRegistry/registries/clireg000002?api-version=2019-05-01
  response:
    body:
      string: '{"sku":{"name":"Standard","tier":"Standard"},"type":"Microsoft.ContainerRegistry/registries","id":"/subscriptions/00000000-0000-0000-0000-000000000000/resourceGroups/clitest.rg000001/providers/Microsoft.ContainerRegistry/registries/clireg000002","name":"clireg000002","location":"westus","tags":{},"properties":{"loginServer":"clireg000002.azurecr.io","creationDate":"2020-01-22T06:17:11.7060221Z","provisioningState":"Succeeded","adminUserEnabled":false,"policies":{"quarantinePolicy":{"status":"disabled"},"trustPolicy":{"type":"Notary","status":"disabled"},"retentionPolicy":{"days":7,"lastUpdatedTime":"2020-01-22T06:17:13.0907442+00:00","status":"disabled"}}}}'
    headers:
      cache-control:
      - no-cache
      content-length:
      - '748'
      content-type:
      - application/json; charset=utf-8
      date:
      - Wed, 22 Jan 2020 06:17:13 GMT
      expires:
      - '-1'
      pragma:
      - no-cache
      server:
      - Microsoft-HTTPAPI/2.0
      strict-transport-security:
      - max-age=31536000; includeSubDomains
      transfer-encoding:
      - chunked
      vary:
      - Accept-Encoding
      x-content-type-options:
      - nosniff
    status:
      code: 200
      message: OK
- request:
    body: '{"location": "westus", "properties": {"status": "Enabled", "platform":
      {"os": "linux", "architecture": "amd64"}, "agentConfiguration": {"cpu": 2},
      "timeout": 3600, "step": {"contextPath": "https://github.com/SteveLasker/node-helloworld",
      "type": "Docker", "imageNames": ["testtask:v1"], "isPushEnabled": true, "noCache":
      false, "dockerFilePath": "Dockerfile", "arguments": []}, "trigger": {"baseImageTrigger":
      {"baseImageTriggerType": "Runtime", "updateTriggerPayloadType": "Default", "status":
      "Enabled", "name": "defaultBaseimageTriggerName"}}, "credentials": {}}}'
    headers:
      Accept:
      - application/json
      Accept-Encoding:
      - gzip, deflate
      CommandName:
      - acr task create
      Connection:
      - keep-alive
      Content-Length:
      - '566'
      Content-Type:
      - application/json; charset=utf-8
      ParameterSetName:
      - -n -r --context --image -f --commit-trigger-enabled --pull-request-trigger-enabled
      User-Agent:
      - python/3.7.6 (Windows-10-10.0.18362-SP0) msrest/0.6.10 msrest_azure/0.6.2
        azure-mgmt-containerregistry/3.0.0rc8 Azure-SDK-For-Python AZURECLI/2.0.80
      accept-language:
      - en-US
    method: PUT
    uri: https://management.azure.com/subscriptions/00000000-0000-0000-0000-000000000000/resourceGroups/clitest.rg000001/providers/Microsoft.ContainerRegistry/registries/clireg000002/tasks/testTask?api-version=2019-06-01-preview
  response:
    body:
      string: '{"type":"Microsoft.ContainerRegistry/registries/tasks","properties":{"provisioningState":"Succeeded","creationDate":"2020-01-22T06:17:14.6334779+00:00","status":"Enabled","platform":{"os":"linux","architecture":"amd64"},"agentConfiguration":{"cpu":2},"timeout":3600,"step":{"type":"Docker","imageNames":["testtask:v1"],"isPushEnabled":true,"noCache":false,"dockerFilePath":"Dockerfile","arguments":[],"contextPath":"https://github.com/SteveLasker/node-helloworld"},"trigger":{"baseImageTrigger":{"baseImageTriggerType":"Runtime","updateTriggerPayloadType":"Default","status":"Enabled","name":"defaultBaseimageTriggerName"}}},"id":"/subscriptions/00000000-0000-0000-0000-000000000000/resourceGroups/clitest.rg000001/providers/Microsoft.ContainerRegistry/registries/clireg000002/tasks/testTask","name":"testTask","location":"westus"}'
    headers:
      cache-control:
      - no-cache
      content-length:
      - '898'
      content-type:
      - application/json; charset=utf-8
      date:
      - Wed, 22 Jan 2020 06:17:14 GMT
      expires:
      - '-1'
      pragma:
      - no-cache
      server:
      - nginx/1.15.10
      strict-transport-security:
      - max-age=31536000; includeSubDomains
      transfer-encoding:
      - chunked
      vary:
      - Accept-Encoding,Accept-Encoding
      x-content-type-options:
      - nosniff
      x-ms-ratelimit-remaining-subscription-writes:
      - '1199'
    status:
      code: 200
      message: OK
- request:
    body: null
    headers:
      Accept:
      - application/json
      Accept-Encoding:
      - gzip, deflate
      CommandName:
      - acr task create
      Connection:
      - keep-alive
      ParameterSetName:
      - -n -r --cmd -c
      User-Agent:
      - python/3.7.6 (Windows-10-10.0.18362-SP0) msrest/0.6.10 msrest_azure/0.6.2
        azure-mgmt-resource/6.0.0 Azure-SDK-For-Python AZURECLI/2.0.80
      accept-language:
      - en-US
    method: GET
    uri: https://management.azure.com/subscriptions/00000000-0000-0000-0000-000000000000/resources?$filter=resourceType%20eq%20%27Microsoft.ContainerRegistry%2Fregistries%27&api-version=2019-07-01
  response:
    body:
      string: '{"value":[{"id":"/subscriptions/00000000-0000-0000-0000-000000000000/resourceGroups/clitest.rg2bvuhdkfudk65ifpaxdpl4zhbksa7refxlciaikwod6hx5xlubs7d3nyq4kjfmoug/providers/Microsoft.ContainerRegistry/registries/cliregso4s5vd5uuwkh5","name":"cliregso4s5vd5uuwkh5","type":"Microsoft.ContainerRegistry/registries","sku":{"name":"Standard","tier":"Standard"},"location":"westus","tags":{}},{"id":"/subscriptions/00000000-0000-0000-0000-000000000000/resourceGroups/clitest.rg000001/providers/Microsoft.ContainerRegistry/registries/clireg000002","name":"clireg000002","type":"Microsoft.ContainerRegistry/registries","sku":{"name":"Standard","tier":"Standard"},"location":"westus","tags":{}},{"id":"/subscriptions/00000000-0000-0000-0000-000000000000/resourceGroups/huanwutest/providers/Microsoft.ContainerRegistry/registries/huanglicus01","name":"huanglicus01","type":"Microsoft.ContainerRegistry/registries","sku":{"name":"Standard","tier":"Standard"},"location":"westus","tags":{}},{"id":"/subscriptions/00000000-0000-0000-0000-000000000000/resourceGroups/huanwutest/providers/Microsoft.ContainerRegistry/registries/huanglicus02","name":"huanglicus02","type":"Microsoft.ContainerRegistry/registries","sku":{"name":"Standard","tier":"Standard"},"location":"westus","tags":{}},{"id":"/subscriptions/00000000-0000-0000-0000-000000000000/resourceGroups/huanwutest/providers/Microsoft.ContainerRegistry/registries/huanglireg","name":"huanglireg","type":"Microsoft.ContainerRegistry/registries","sku":{"name":"Standard","tier":"Standard"},"location":"westus2","tags":{}},{"id":"/subscriptions/00000000-0000-0000-0000-000000000000/resourceGroups/huanwutest/providers/Microsoft.ContainerRegistry/registries/huanwutest3","name":"huanwutest3","type":"Microsoft.ContainerRegistry/registries","sku":{"name":"Standard","tier":"Standard"},"location":"westus","tags":{}},{"id":"/subscriptions/00000000-0000-0000-0000-000000000000/resourceGroups/huanwutest/providers/Microsoft.ContainerRegistry/registries/huanwutest5","name":"huanwutest5","type":"Microsoft.ContainerRegistry/registries","sku":{"name":"Standard","tier":"Standard"},"location":"westeurope","tags":{}}]}'
    headers:
      cache-control:
      - no-cache
      content-length:
      - '2221'
      content-type:
      - application/json; charset=utf-8
      date:
      - Wed, 22 Jan 2020 06:17:15 GMT
      expires:
      - '-1'
      pragma:
      - no-cache
      strict-transport-security:
      - max-age=31536000; includeSubDomains
      vary:
      - Accept-Encoding
      x-content-type-options:
      - nosniff
    status:
      code: 200
      message: OK
- request:
    body: null
    headers:
      Accept:
      - application/json
      Accept-Encoding:
      - gzip, deflate
      CommandName:
      - acr task create
      Connection:
      - keep-alive
      ParameterSetName:
      - -n -r --cmd -c
      User-Agent:
      - python/3.7.6 (Windows-10-10.0.18362-SP0) msrest/0.6.10 msrest_azure/0.6.2
        azure-mgmt-containerregistry/3.0.0rc8 Azure-SDK-For-Python AZURECLI/2.0.80
      accept-language:
      - en-US
    method: GET
    uri: https://management.azure.com/subscriptions/00000000-0000-0000-0000-000000000000/resourceGroups/clitest.rg000001/providers/Microsoft.ContainerRegistry/registries/clireg000002?api-version=2019-05-01
  response:
    body:
      string: '{"sku":{"name":"Standard","tier":"Standard"},"type":"Microsoft.ContainerRegistry/registries","id":"/subscriptions/00000000-0000-0000-0000-000000000000/resourceGroups/clitest.rg000001/providers/Microsoft.ContainerRegistry/registries/clireg000002","name":"clireg000002","location":"westus","tags":{},"properties":{"loginServer":"clireg000002.azurecr.io","creationDate":"2020-01-22T06:17:11.7060221Z","provisioningState":"Succeeded","adminUserEnabled":false,"policies":{"quarantinePolicy":{"status":"disabled"},"trustPolicy":{"type":"Notary","status":"disabled"},"retentionPolicy":{"days":7,"lastUpdatedTime":"2020-01-22T06:17:13.0907442+00:00","status":"disabled"}}}}'
    headers:
      cache-control:
      - no-cache
      content-length:
      - '748'
      content-type:
      - application/json; charset=utf-8
      date:
      - Wed, 22 Jan 2020 06:17:14 GMT
      expires:
      - '-1'
      pragma:
      - no-cache
      server:
      - Microsoft-HTTPAPI/2.0
      strict-transport-security:
      - max-age=31536000; includeSubDomains
      transfer-encoding:
      - chunked
      vary:
      - Accept-Encoding
      x-content-type-options:
      - nosniff
    status:
      code: 200
      message: OK
- request:
    body: '{"location": "westus", "properties": {"status": "Enabled", "platform":
      {"os": "linux", "architecture": "amd64"}, "agentConfiguration": {"cpu": 2},
      "timeout": 3600, "step": {"type": "EncodedTask", "encodedTaskContent": "dmVyc2lvbjogdjEuMS4wCnN0ZXBzOiAKICAtIGNtZDogYmFzaAogICAgdGltZW91dDogMzYwMAo=",
      "values": []}, "trigger": {"baseImageTrigger": {"baseImageTriggerType": "Runtime",
      "updateTriggerPayloadType": "Default", "status": "Enabled", "name": "defaultBaseimageTriggerName"}},
      "credentials": {}}}'
    headers:
      Accept:
      - application/json
      Accept-Encoding:
      - gzip, deflate
      CommandName:
      - acr task create
      Connection:
      - keep-alive
      Content-Length:
      - '501'
      Content-Type:
      - application/json; charset=utf-8
      ParameterSetName:
      - -n -r --cmd -c
      User-Agent:
      - python/3.7.6 (Windows-10-10.0.18362-SP0) msrest/0.6.10 msrest_azure/0.6.2
        azure-mgmt-containerregistry/3.0.0rc8 Azure-SDK-For-Python AZURECLI/2.0.80
      accept-language:
      - en-US
    method: PUT
    uri: https://management.azure.com/subscriptions/00000000-0000-0000-0000-000000000000/resourceGroups/clitest.rg000001/providers/Microsoft.ContainerRegistry/registries/clireg000002/tasks/contextlessTask?api-version=2019-06-01-preview
  response:
    body:
      string: '{"type":"Microsoft.ContainerRegistry/registries/tasks","properties":{"provisioningState":"Succeeded","creationDate":"2020-01-22T06:17:16.3758029+00:00","status":"Enabled","platform":{"os":"linux","architecture":"amd64"},"agentConfiguration":{"cpu":2},"timeout":3600,"step":{"type":"EncodedTask","encodedTaskContent":"dmVyc2lvbjogdjEuMS4wCnN0ZXBzOiAKICAtIGNtZDogYmFzaAogICAgdGltZW91dDogMzYwMAo=","values":[]},"trigger":{"baseImageTrigger":{"baseImageTriggerType":"Runtime","updateTriggerPayloadType":"Default","status":"Enabled","name":"defaultBaseimageTriggerName"}}},"id":"/subscriptions/00000000-0000-0000-0000-000000000000/resourceGroups/clitest.rg000001/providers/Microsoft.ContainerRegistry/registries/clireg000002/tasks/contextlessTask","name":"contextlessTask","location":"westus"}'
    headers:
      cache-control:
      - no-cache
      content-length:
      - '855'
      content-type:
      - application/json; charset=utf-8
      date:
      - Wed, 22 Jan 2020 06:17:16 GMT
      expires:
      - '-1'
      pragma:
      - no-cache
      server:
      - nginx/1.15.10
      strict-transport-security:
      - max-age=31536000; includeSubDomains
      transfer-encoding:
      - chunked
      vary:
      - Accept-Encoding,Accept-Encoding
      x-content-type-options:
      - nosniff
      x-ms-ratelimit-remaining-subscription-writes:
      - '1199'
    status:
      code: 200
      message: OK
- request:
    body: null
    headers:
      Accept:
      - application/json
      Accept-Encoding:
      - gzip, deflate
      CommandName:
      - acr task list
      Connection:
      - keep-alive
      ParameterSetName:
      - -r
      User-Agent:
      - python/3.7.6 (Windows-10-10.0.18362-SP0) msrest/0.6.10 msrest_azure/0.6.2
        azure-mgmt-resource/6.0.0 Azure-SDK-For-Python AZURECLI/2.0.80
      accept-language:
      - en-US
    method: GET
    uri: https://management.azure.com/subscriptions/00000000-0000-0000-0000-000000000000/resources?$filter=resourceType%20eq%20%27Microsoft.ContainerRegistry%2Fregistries%27&api-version=2019-07-01
  response:
    body:
      string: '{"value":[{"id":"/subscriptions/00000000-0000-0000-0000-000000000000/resourceGroups/clitest.rg2bvuhdkfudk65ifpaxdpl4zhbksa7refxlciaikwod6hx5xlubs7d3nyq4kjfmoug/providers/Microsoft.ContainerRegistry/registries/cliregso4s5vd5uuwkh5","name":"cliregso4s5vd5uuwkh5","type":"Microsoft.ContainerRegistry/registries","sku":{"name":"Standard","tier":"Standard"},"location":"westus","tags":{}},{"id":"/subscriptions/00000000-0000-0000-0000-000000000000/resourceGroups/clitest.rg000001/providers/Microsoft.ContainerRegistry/registries/clireg000002","name":"clireg000002","type":"Microsoft.ContainerRegistry/registries","sku":{"name":"Standard","tier":"Standard"},"location":"westus","tags":{}},{"id":"/subscriptions/00000000-0000-0000-0000-000000000000/resourceGroups/huanwutest/providers/Microsoft.ContainerRegistry/registries/huanglicus01","name":"huanglicus01","type":"Microsoft.ContainerRegistry/registries","sku":{"name":"Standard","tier":"Standard"},"location":"westus","tags":{}},{"id":"/subscriptions/00000000-0000-0000-0000-000000000000/resourceGroups/huanwutest/providers/Microsoft.ContainerRegistry/registries/huanglicus02","name":"huanglicus02","type":"Microsoft.ContainerRegistry/registries","sku":{"name":"Standard","tier":"Standard"},"location":"westus","tags":{}},{"id":"/subscriptions/00000000-0000-0000-0000-000000000000/resourceGroups/huanwutest/providers/Microsoft.ContainerRegistry/registries/huanglireg","name":"huanglireg","type":"Microsoft.ContainerRegistry/registries","sku":{"name":"Standard","tier":"Standard"},"location":"westus2","tags":{}},{"id":"/subscriptions/00000000-0000-0000-0000-000000000000/resourceGroups/huanwutest/providers/Microsoft.ContainerRegistry/registries/huanwutest3","name":"huanwutest3","type":"Microsoft.ContainerRegistry/registries","sku":{"name":"Standard","tier":"Standard"},"location":"westus","tags":{}},{"id":"/subscriptions/00000000-0000-0000-0000-000000000000/resourceGroups/huanwutest/providers/Microsoft.ContainerRegistry/registries/huanwutest5","name":"huanwutest5","type":"Microsoft.ContainerRegistry/registries","sku":{"name":"Standard","tier":"Standard"},"location":"westeurope","tags":{}}]}'
    headers:
      cache-control:
      - no-cache
      content-length:
      - '2221'
      content-type:
      - application/json; charset=utf-8
      date:
      - Wed, 22 Jan 2020 06:17:16 GMT
      expires:
      - '-1'
      pragma:
      - no-cache
      strict-transport-security:
      - max-age=31536000; includeSubDomains
      vary:
      - Accept-Encoding
      x-content-type-options:
      - nosniff
    status:
      code: 200
      message: OK
- request:
    body: null
    headers:
      Accept:
      - application/json
      Accept-Encoding:
      - gzip, deflate
      CommandName:
      - acr task list
      Connection:
      - keep-alive
      ParameterSetName:
      - -r
      User-Agent:
      - python/3.7.6 (Windows-10-10.0.18362-SP0) msrest/0.6.10 msrest_azure/0.6.2
        azure-mgmt-containerregistry/3.0.0rc8 Azure-SDK-For-Python AZURECLI/2.0.80
      accept-language:
      - en-US
    method: GET
    uri: https://management.azure.com/subscriptions/00000000-0000-0000-0000-000000000000/resourceGroups/clitest.rg000001/providers/Microsoft.ContainerRegistry/registries/clireg000002?api-version=2019-05-01
  response:
    body:
      string: '{"sku":{"name":"Standard","tier":"Standard"},"type":"Microsoft.ContainerRegistry/registries","id":"/subscriptions/00000000-0000-0000-0000-000000000000/resourceGroups/clitest.rg000001/providers/Microsoft.ContainerRegistry/registries/clireg000002","name":"clireg000002","location":"westus","tags":{},"properties":{"loginServer":"clireg000002.azurecr.io","creationDate":"2020-01-22T06:17:11.7060221Z","provisioningState":"Succeeded","adminUserEnabled":false,"policies":{"quarantinePolicy":{"status":"disabled"},"trustPolicy":{"type":"Notary","status":"disabled"},"retentionPolicy":{"days":7,"lastUpdatedTime":"2020-01-22T06:17:13.0907442+00:00","status":"disabled"}}}}'
    headers:
      cache-control:
      - no-cache
      content-length:
      - '748'
      content-type:
      - application/json; charset=utf-8
      date:
      - Wed, 22 Jan 2020 06:17:16 GMT
      expires:
      - '-1'
      pragma:
      - no-cache
      server:
      - Microsoft-HTTPAPI/2.0
      strict-transport-security:
      - max-age=31536000; includeSubDomains
      transfer-encoding:
      - chunked
      vary:
      - Accept-Encoding
      x-content-type-options:
      - nosniff
    status:
      code: 200
      message: OK
- request:
    body: null
    headers:
      Accept:
      - application/json
      Accept-Encoding:
      - gzip, deflate
      CommandName:
      - acr task list
      Connection:
      - keep-alive
      ParameterSetName:
      - -r
      User-Agent:
      - python/3.7.6 (Windows-10-10.0.18362-SP0) msrest/0.6.10 msrest_azure/0.6.2
        azure-mgmt-containerregistry/3.0.0rc8 Azure-SDK-For-Python AZURECLI/2.0.80
      accept-language:
      - en-US
    method: GET
    uri: https://management.azure.com/subscriptions/00000000-0000-0000-0000-000000000000/resourceGroups/clitest.rg000001/providers/Microsoft.ContainerRegistry/registries/clireg000002/tasks?api-version=2019-06-01-preview
  response:
    body:
      string: '{"value":[{"type":"Microsoft.ContainerRegistry/registries/tasks","properties":{"provisioningState":"Succeeded","creationDate":"2020-01-22T06:17:14.6334779+00:00","status":"Enabled","platform":{"os":"linux","architecture":"amd64"},"agentConfiguration":{"cpu":2},"timeout":3600,"step":{"type":"Docker","imageNames":["testtask:v1"],"isPushEnabled":true,"noCache":false,"dockerFilePath":"Dockerfile","arguments":[],"contextPath":"https://github.com/SteveLasker/node-helloworld"},"trigger":{"baseImageTrigger":{"baseImageTriggerType":"Runtime","updateTriggerPayloadType":"Default","status":"Enabled","name":"defaultBaseimageTriggerName"}}},"id":"/subscriptions/00000000-0000-0000-0000-000000000000/resourceGroups/clitest.rg000001/providers/Microsoft.ContainerRegistry/registries/clireg000002/tasks/testTask","name":"testTask","location":"westus"},{"type":"Microsoft.ContainerRegistry/registries/tasks","properties":{"provisioningState":"Succeeded","creationDate":"2020-01-22T06:17:16.3758029+00:00","status":"Enabled","platform":{"os":"linux","architecture":"amd64"},"agentConfiguration":{"cpu":2},"timeout":3600,"step":{"type":"EncodedTask","encodedTaskContent":"dmVyc2lvbjogdjEuMS4wCnN0ZXBzOiAKICAtIGNtZDogYmFzaAogICAgdGltZW91dDogMzYwMAo=","values":[]},"trigger":{"baseImageTrigger":{"baseImageTriggerType":"Runtime","updateTriggerPayloadType":"Default","status":"Enabled","name":"defaultBaseimageTriggerName"}}},"id":"/subscriptions/00000000-0000-0000-0000-000000000000/resourceGroups/clitest.rg000001/providers/Microsoft.ContainerRegistry/registries/clireg000002/tasks/contextlessTask","name":"contextlessTask","location":"westus"}]}'
    headers:
      cache-control:
      - no-cache
      content-length:
      - '1766'
      content-type:
      - application/json; charset=utf-8
      date:
      - Wed, 22 Jan 2020 06:17:16 GMT
      expires:
      - '-1'
      pragma:
      - no-cache
      server:
      - nginx/1.15.10
      strict-transport-security:
      - max-age=31536000; includeSubDomains
      transfer-encoding:
      - chunked
      vary:
      - Accept-Encoding,Accept-Encoding
      x-content-type-options:
      - nosniff
    status:
      code: 200
      message: OK
- request:
    body: null
    headers:
      Accept:
      - application/json
      Accept-Encoding:
      - gzip, deflate
      CommandName:
      - acr task run
      Connection:
      - keep-alive
      ParameterSetName:
      - -n -r --no-logs
      User-Agent:
      - python/3.7.6 (Windows-10-10.0.18362-SP0) msrest/0.6.10 msrest_azure/0.6.2
        azure-mgmt-resource/6.0.0 Azure-SDK-For-Python AZURECLI/2.0.80
      accept-language:
      - en-US
    method: GET
    uri: https://management.azure.com/subscriptions/00000000-0000-0000-0000-000000000000/resources?$filter=resourceType%20eq%20%27Microsoft.ContainerRegistry%2Fregistries%27&api-version=2019-07-01
  response:
    body:
      string: '{"value":[{"id":"/subscriptions/00000000-0000-0000-0000-000000000000/resourceGroups/clitest.rg2bvuhdkfudk65ifpaxdpl4zhbksa7refxlciaikwod6hx5xlubs7d3nyq4kjfmoug/providers/Microsoft.ContainerRegistry/registries/cliregso4s5vd5uuwkh5","name":"cliregso4s5vd5uuwkh5","type":"Microsoft.ContainerRegistry/registries","sku":{"name":"Standard","tier":"Standard"},"location":"westus","tags":{}},{"id":"/subscriptions/00000000-0000-0000-0000-000000000000/resourceGroups/clitest.rg000001/providers/Microsoft.ContainerRegistry/registries/clireg000002","name":"clireg000002","type":"Microsoft.ContainerRegistry/registries","sku":{"name":"Standard","tier":"Standard"},"location":"westus","tags":{}},{"id":"/subscriptions/00000000-0000-0000-0000-000000000000/resourceGroups/huanwutest/providers/Microsoft.ContainerRegistry/registries/huanglicus01","name":"huanglicus01","type":"Microsoft.ContainerRegistry/registries","sku":{"name":"Standard","tier":"Standard"},"location":"westus","tags":{}},{"id":"/subscriptions/00000000-0000-0000-0000-000000000000/resourceGroups/huanwutest/providers/Microsoft.ContainerRegistry/registries/huanglicus02","name":"huanglicus02","type":"Microsoft.ContainerRegistry/registries","sku":{"name":"Standard","tier":"Standard"},"location":"westus","tags":{}},{"id":"/subscriptions/00000000-0000-0000-0000-000000000000/resourceGroups/huanwutest/providers/Microsoft.ContainerRegistry/registries/huanglireg","name":"huanglireg","type":"Microsoft.ContainerRegistry/registries","sku":{"name":"Standard","tier":"Standard"},"location":"westus2","tags":{}},{"id":"/subscriptions/00000000-0000-0000-0000-000000000000/resourceGroups/huanwutest/providers/Microsoft.ContainerRegistry/registries/huanwutest3","name":"huanwutest3","type":"Microsoft.ContainerRegistry/registries","sku":{"name":"Standard","tier":"Standard"},"location":"westus","tags":{}},{"id":"/subscriptions/00000000-0000-0000-0000-000000000000/resourceGroups/huanwutest/providers/Microsoft.ContainerRegistry/registries/huanwutest5","name":"huanwutest5","type":"Microsoft.ContainerRegistry/registries","sku":{"name":"Standard","tier":"Standard"},"location":"westeurope","tags":{}}]}'
    headers:
      cache-control:
      - no-cache
      content-length:
      - '2221'
      content-type:
      - application/json; charset=utf-8
      date:
      - Wed, 22 Jan 2020 06:17:17 GMT
      expires:
      - '-1'
      pragma:
      - no-cache
      strict-transport-security:
      - max-age=31536000; includeSubDomains
      vary:
      - Accept-Encoding
      x-content-type-options:
      - nosniff
    status:
      code: 200
      message: OK
- request:
    body: null
    headers:
      Accept:
      - application/json
      Accept-Encoding:
      - gzip, deflate
      CommandName:
      - acr task run
      Connection:
      - keep-alive
      ParameterSetName:
      - -n -r --no-logs
      User-Agent:
      - python/3.7.6 (Windows-10-10.0.18362-SP0) msrest/0.6.10 msrest_azure/0.6.2
        azure-mgmt-containerregistry/3.0.0rc8 Azure-SDK-For-Python AZURECLI/2.0.80
      accept-language:
      - en-US
    method: GET
    uri: https://management.azure.com/subscriptions/00000000-0000-0000-0000-000000000000/resourceGroups/clitest.rg000001/providers/Microsoft.ContainerRegistry/registries/clireg000002?api-version=2019-05-01
  response:
    body:
      string: '{"sku":{"name":"Standard","tier":"Standard"},"type":"Microsoft.ContainerRegistry/registries","id":"/subscriptions/00000000-0000-0000-0000-000000000000/resourceGroups/clitest.rg000001/providers/Microsoft.ContainerRegistry/registries/clireg000002","name":"clireg000002","location":"westus","tags":{},"properties":{"loginServer":"clireg000002.azurecr.io","creationDate":"2020-01-22T06:17:11.7060221Z","provisioningState":"Succeeded","adminUserEnabled":false,"policies":{"quarantinePolicy":{"status":"disabled"},"trustPolicy":{"type":"Notary","status":"disabled"},"retentionPolicy":{"days":7,"lastUpdatedTime":"2020-01-22T06:17:13.0907442+00:00","status":"disabled"}}}}'
    headers:
      cache-control:
      - no-cache
      content-length:
      - '748'
      content-type:
      - application/json; charset=utf-8
      date:
      - Wed, 22 Jan 2020 06:17:17 GMT
      expires:
      - '-1'
      pragma:
      - no-cache
      server:
      - Microsoft-HTTPAPI/2.0
      strict-transport-security:
      - max-age=31536000; includeSubDomains
      transfer-encoding:
      - chunked
      vary:
      - Accept-Encoding
      x-content-type-options:
      - nosniff
    status:
      code: 200
      message: OK
- request:
    body: 'b''{"isArchiveEnabled": false, "type": "TaskRunRequest", "taskId": "/subscriptions/00000000-0000-0000-0000-000000000000/resourceGroups/clitest.rg000001/providers/Microsoft.ContainerRegistry/registries/clireg000002/tasks/contextlessTask",
      "overrideTaskStepProperties": {"arguments": [], "values": []}}'''
    headers:
      Accept:
      - application/json
      Accept-Encoding:
      - gzip, deflate
      CommandName:
      - acr task run
      Connection:
      - keep-alive
      Content-Length:
      - '364'
      Content-Type:
      - application/json; charset=utf-8
      ParameterSetName:
      - -n -r --no-logs
      User-Agent:
      - python/3.7.6 (Windows-10-10.0.18362-SP0) msrest/0.6.10 msrest_azure/0.6.2
        azure-mgmt-containerregistry/3.0.0rc8 Azure-SDK-For-Python AZURECLI/2.0.80
      accept-language:
      - en-US
    method: POST
    uri: https://management.azure.com/subscriptions/00000000-0000-0000-0000-000000000000/resourceGroups/clitest.rg000001/providers/Microsoft.ContainerRegistry/registries/clireg000002/scheduleRun?api-version=2019-06-01-preview
  response:
    body:
      string: '{"type":"Microsoft.ContainerRegistry/registries/runs","properties":{"runId":"cf1","status":"Queued","lastUpdatedTime":"2020-01-22T06:17:18+00:00","provisioningState":"Succeeded","isArchiveEnabled":false},"id":"/subscriptions/00000000-0000-0000-0000-000000000000/resourceGroups/clitest.rg000001/providers/Microsoft.ContainerRegistry/registries/clireg000002/runs/cf1","name":"cf1"}'
    headers:
      cache-control:
      - no-cache
      content-length:
      - '446'
      content-type:
      - application/json; charset=utf-8
      date:
      - Wed, 22 Jan 2020 06:17:18 GMT
      expires:
      - '-1'
      pragma:
      - no-cache
      server:
      - nginx/1.15.10
      strict-transport-security:
      - max-age=31536000; includeSubDomains
      transfer-encoding:
      - chunked
      vary:
      - Accept-Encoding,Accept-Encoding
      x-content-type-options:
      - nosniff
      x-ms-ratelimit-remaining-subscription-writes:
      - '1199'
    status:
      code: 200
      message: OK
- request:
    body: null
    headers:
      Accept:
      - application/json
      Accept-Encoding:
      - gzip, deflate
      CommandName:
      - acr task run
      Connection:
      - keep-alive
      ParameterSetName:
      - -n -r --no-logs
      User-Agent:
      - python/3.7.6 (Windows-10-10.0.18362-SP0) msrest/0.6.10 msrest_azure/0.6.2
        azure-mgmt-containerregistry/3.0.0rc8 Azure-SDK-For-Python AZURECLI/2.0.80
      accept-language:
      - en-US
    method: GET
    uri: https://management.azure.com/subscriptions/00000000-0000-0000-0000-000000000000/resourceGroups/clitest.rg000001/providers/Microsoft.ContainerRegistry/registries/clireg000002/runs/cf1?api-version=2019-06-01-preview
  response:
    body:
      string: '{"type":"Microsoft.ContainerRegistry/registries/runs","properties":{"runId":"cf1","status":"Running","lastUpdatedTime":"2020-01-22T06:17:19+00:00","runType":"QuickRun","createTime":"2020-01-22T06:17:18.8812192+00:00","startTime":"2020-01-22T06:17:19.0504812+00:00","task":"contextlessTask","platform":{"os":"linux","architecture":"amd64"},"agentConfiguration":{"cpu":2},"provisioningState":"Succeeded","isArchiveEnabled":false},"id":"/subscriptions/00000000-0000-0000-0000-000000000000/resourceGroups/clitest.rg000001/providers/Microsoft.ContainerRegistry/registries/clireg000002/runs/cf1","name":"cf1"}'
    headers:
      cache-control:
      - no-cache
      content-length:
      - '670'
      content-type:
      - application/json; charset=utf-8
      date:
      - Wed, 22 Jan 2020 06:17:18 GMT
      expires:
      - '-1'
      pragma:
      - no-cache
      server:
      - nginx/1.15.10
      strict-transport-security:
      - max-age=31536000; includeSubDomains
      transfer-encoding:
      - chunked
      vary:
      - Accept-Encoding,Accept-Encoding
      x-content-type-options:
      - nosniff
    status:
      code: 200
      message: OK
- request:
    body: null
    headers:
      Accept:
      - application/json
      Accept-Encoding:
      - gzip, deflate
      CommandName:
      - acr task run
      Connection:
      - keep-alive
      ParameterSetName:
      - -n -r --no-logs
      User-Agent:
      - python/3.7.6 (Windows-10-10.0.18362-SP0) msrest/0.6.10 msrest_azure/0.6.2
        azure-mgmt-containerregistry/3.0.0rc8 Azure-SDK-For-Python AZURECLI/2.0.80
    method: GET
    uri: https://management.azure.com/subscriptions/00000000-0000-0000-0000-000000000000/resourceGroups/clitest.rg000001/providers/Microsoft.ContainerRegistry/registries/clireg000002/runs/cf1?api-version=2019-06-01-preview
  response:
    body:
      string: '{"type":"Microsoft.ContainerRegistry/registries/runs","properties":{"runId":"cf1","status":"Succeeded","lastUpdatedTime":"2020-01-22T06:17:24+00:00","runType":"QuickRun","createTime":"2020-01-22T06:17:18.8812192+00:00","startTime":"2020-01-22T06:17:19.0504812+00:00","finishTime":"2020-01-22T06:17:24.811904+00:00","task":"contextlessTask","platform":{"os":"linux","architecture":"amd64"},"agentConfiguration":{"cpu":2},"provisioningState":"Succeeded","isArchiveEnabled":false},"id":"/subscriptions/00000000-0000-0000-0000-000000000000/resourceGroups/clitest.rg000001/providers/Microsoft.ContainerRegistry/registries/clireg000002/runs/cf1","name":"cf1"}'
    headers:
      cache-control:
      - no-cache
      content-length:
      - '720'
      content-type:
      - application/json; charset=utf-8
      date:
      - Wed, 22 Jan 2020 06:17:49 GMT
      expires:
      - '-1'
      pragma:
      - no-cache
      server:
      - nginx/1.15.10
      strict-transport-security:
      - max-age=31536000; includeSubDomains
      transfer-encoding:
      - chunked
      vary:
      - Accept-Encoding,Accept-Encoding
      x-content-type-options:
      - nosniff
    status:
      code: 200
      message: OK
- request:
    body: null
    headers:
      Accept:
      - application/json
      Accept-Encoding:
      - gzip, deflate
      CommandName:
      - acr task run
      Connection:
      - keep-alive
      ParameterSetName:
      - -n -r --no-logs
      User-Agent:
      - python/3.7.6 (Windows-10-10.0.18362-SP0) msrest/0.6.10 msrest_azure/0.6.2
        azure-mgmt-resource/6.0.0 Azure-SDK-For-Python AZURECLI/2.0.80
      accept-language:
      - en-US
    method: GET
    uri: https://management.azure.com/subscriptions/00000000-0000-0000-0000-000000000000/resources?$filter=resourceType%20eq%20%27Microsoft.ContainerRegistry%2Fregistries%27&api-version=2019-07-01
  response:
    body:
      string: '{"value":[{"id":"/subscriptions/00000000-0000-0000-0000-000000000000/resourceGroups/clitest.rg2bvuhdkfudk65ifpaxdpl4zhbksa7refxlciaikwod6hx5xlubs7d3nyq4kjfmoug/providers/Microsoft.ContainerRegistry/registries/cliregso4s5vd5uuwkh5","name":"cliregso4s5vd5uuwkh5","type":"Microsoft.ContainerRegistry/registries","sku":{"name":"Standard","tier":"Standard"},"location":"westus","tags":{}},{"id":"/subscriptions/00000000-0000-0000-0000-000000000000/resourceGroups/clitest.rg000001/providers/Microsoft.ContainerRegistry/registries/clireg000002","name":"clireg000002","type":"Microsoft.ContainerRegistry/registries","sku":{"name":"Standard","tier":"Standard"},"location":"westus","tags":{}},{"id":"/subscriptions/00000000-0000-0000-0000-000000000000/resourceGroups/huanwutest/providers/Microsoft.ContainerRegistry/registries/huanglicus01","name":"huanglicus01","type":"Microsoft.ContainerRegistry/registries","sku":{"name":"Standard","tier":"Standard"},"location":"westus","tags":{}},{"id":"/subscriptions/00000000-0000-0000-0000-000000000000/resourceGroups/huanwutest/providers/Microsoft.ContainerRegistry/registries/huanglicus02","name":"huanglicus02","type":"Microsoft.ContainerRegistry/registries","sku":{"name":"Standard","tier":"Standard"},"location":"westus","tags":{}},{"id":"/subscriptions/00000000-0000-0000-0000-000000000000/resourceGroups/huanwutest/providers/Microsoft.ContainerRegistry/registries/huanglireg","name":"huanglireg","type":"Microsoft.ContainerRegistry/registries","sku":{"name":"Standard","tier":"Standard"},"location":"westus2","tags":{}},{"id":"/subscriptions/00000000-0000-0000-0000-000000000000/resourceGroups/huanwutest/providers/Microsoft.ContainerRegistry/registries/huanwutest3","name":"huanwutest3","type":"Microsoft.ContainerRegistry/registries","sku":{"name":"Standard","tier":"Standard"},"location":"westus","tags":{}},{"id":"/subscriptions/00000000-0000-0000-0000-000000000000/resourceGroups/huanwutest/providers/Microsoft.ContainerRegistry/registries/huanwutest5","name":"huanwutest5","type":"Microsoft.ContainerRegistry/registries","sku":{"name":"Standard","tier":"Standard"},"location":"westeurope","tags":{}}]}'
    headers:
      cache-control:
      - no-cache
      content-length:
      - '2221'
      content-type:
      - application/json; charset=utf-8
      date:
      - Wed, 22 Jan 2020 06:17:50 GMT
      expires:
      - '-1'
      pragma:
      - no-cache
      strict-transport-security:
      - max-age=31536000; includeSubDomains
      vary:
      - Accept-Encoding
      x-content-type-options:
      - nosniff
    status:
      code: 200
      message: OK
- request:
    body: null
    headers:
      Accept:
      - application/json
      Accept-Encoding:
      - gzip, deflate
      CommandName:
      - acr task run
      Connection:
      - keep-alive
      ParameterSetName:
      - -n -r --no-logs
      User-Agent:
      - python/3.7.6 (Windows-10-10.0.18362-SP0) msrest/0.6.10 msrest_azure/0.6.2
        azure-mgmt-containerregistry/3.0.0rc8 Azure-SDK-For-Python AZURECLI/2.0.80
      accept-language:
      - en-US
    method: GET
    uri: https://management.azure.com/subscriptions/00000000-0000-0000-0000-000000000000/resourceGroups/clitest.rg000001/providers/Microsoft.ContainerRegistry/registries/clireg000002?api-version=2019-05-01
  response:
    body:
      string: '{"sku":{"name":"Standard","tier":"Standard"},"type":"Microsoft.ContainerRegistry/registries","id":"/subscriptions/00000000-0000-0000-0000-000000000000/resourceGroups/clitest.rg000001/providers/Microsoft.ContainerRegistry/registries/clireg000002","name":"clireg000002","location":"westus","tags":{},"properties":{"loginServer":"clireg000002.azurecr.io","creationDate":"2020-01-22T06:17:11.7060221Z","provisioningState":"Succeeded","adminUserEnabled":false,"policies":{"quarantinePolicy":{"status":"disabled"},"trustPolicy":{"type":"Notary","status":"disabled"},"retentionPolicy":{"days":7,"lastUpdatedTime":"2020-01-22T06:17:13.0907442+00:00","status":"disabled"}}}}'
    headers:
      cache-control:
      - no-cache
      content-length:
      - '748'
      content-type:
      - application/json; charset=utf-8
      date:
      - Wed, 22 Jan 2020 06:17:50 GMT
      expires:
      - '-1'
      pragma:
      - no-cache
      server:
      - Microsoft-HTTPAPI/2.0
      strict-transport-security:
      - max-age=31536000; includeSubDomains
      transfer-encoding:
      - chunked
      vary:
      - Accept-Encoding
      x-content-type-options:
      - nosniff
    status:
      code: 200
      message: OK
- request:
    body: 'b''{"isArchiveEnabled": false, "type": "TaskRunRequest", "taskId": "/subscriptions/00000000-0000-0000-0000-000000000000/resourceGroups/clitest.rg000001/providers/Microsoft.ContainerRegistry/registries/clireg000002/tasks/testTask",
      "overrideTaskStepProperties": {"arguments": [], "values": []}}'''
    headers:
      Accept:
      - application/json
      Accept-Encoding:
      - gzip, deflate
      CommandName:
      - acr task run
      Connection:
      - keep-alive
      Content-Length:
      - '357'
      Content-Type:
      - application/json; charset=utf-8
      ParameterSetName:
      - -n -r --no-logs
      User-Agent:
      - python/3.7.6 (Windows-10-10.0.18362-SP0) msrest/0.6.10 msrest_azure/0.6.2
        azure-mgmt-containerregistry/3.0.0rc8 Azure-SDK-For-Python AZURECLI/2.0.80
      accept-language:
      - en-US
    method: POST
    uri: https://management.azure.com/subscriptions/00000000-0000-0000-0000-000000000000/resourceGroups/clitest.rg000001/providers/Microsoft.ContainerRegistry/registries/clireg000002/scheduleRun?api-version=2019-06-01-preview
  response:
    body:
      string: '{"type":"Microsoft.ContainerRegistry/registries/runs","properties":{"runId":"cf2","status":"Queued","lastUpdatedTime":"2020-01-22T06:17:51+00:00","provisioningState":"Succeeded","isArchiveEnabled":false},"id":"/subscriptions/00000000-0000-0000-0000-000000000000/resourceGroups/clitest.rg000001/providers/Microsoft.ContainerRegistry/registries/clireg000002/runs/cf2","name":"cf2"}'
    headers:
      cache-control:
      - no-cache
      content-length:
      - '446'
      content-type:
      - application/json; charset=utf-8
      date:
      - Wed, 22 Jan 2020 06:17:50 GMT
      expires:
      - '-1'
      pragma:
      - no-cache
      server:
      - nginx/1.15.10
      strict-transport-security:
      - max-age=31536000; includeSubDomains
      transfer-encoding:
      - chunked
      vary:
      - Accept-Encoding,Accept-Encoding
      x-content-type-options:
      - nosniff
      x-ms-ratelimit-remaining-subscription-writes:
      - '1199'
    status:
      code: 200
      message: OK
- request:
    body: null
    headers:
      Accept:
      - application/json
      Accept-Encoding:
      - gzip, deflate
      CommandName:
      - acr task run
      Connection:
      - keep-alive
      ParameterSetName:
      - -n -r --no-logs
      User-Agent:
      - python/3.7.6 (Windows-10-10.0.18362-SP0) msrest/0.6.10 msrest_azure/0.6.2
        azure-mgmt-containerregistry/3.0.0rc8 Azure-SDK-For-Python AZURECLI/2.0.80
      accept-language:
      - en-US
    method: GET
    uri: https://management.azure.com/subscriptions/00000000-0000-0000-0000-000000000000/resourceGroups/clitest.rg000001/providers/Microsoft.ContainerRegistry/registries/clireg000002/runs/cf2?api-version=2019-06-01-preview
  response:
    body:
      string: '{"type":"Microsoft.ContainerRegistry/registries/runs","properties":{"runId":"cf2","status":"Running","lastUpdatedTime":"2020-01-22T06:17:51+00:00","runType":"QuickRun","createTime":"2020-01-22T06:17:51.2255273+00:00","startTime":"2020-01-22T06:17:51.3849335+00:00","task":"testTask","platform":{"os":"linux","architecture":"amd64"},"agentConfiguration":{"cpu":2},"provisioningState":"Succeeded","isArchiveEnabled":false},"id":"/subscriptions/00000000-0000-0000-0000-000000000000/resourceGroups/clitest.rg000001/providers/Microsoft.ContainerRegistry/registries/clireg000002/runs/cf2","name":"cf2"}'
    headers:
      cache-control:
      - no-cache
      content-length:
      - '663'
      content-type:
      - application/json; charset=utf-8
      date:
      - Wed, 22 Jan 2020 06:17:51 GMT
      expires:
      - '-1'
      pragma:
      - no-cache
      server:
      - nginx/1.15.10
      strict-transport-security:
      - max-age=31536000; includeSubDomains
      transfer-encoding:
      - chunked
      vary:
      - Accept-Encoding,Accept-Encoding
      x-content-type-options:
      - nosniff
    status:
      code: 200
      message: OK
- request:
    body: null
    headers:
      Accept:
      - application/json
      Accept-Encoding:
      - gzip, deflate
      CommandName:
      - acr task run
      Connection:
      - keep-alive
      ParameterSetName:
      - -n -r --no-logs
      User-Agent:
      - python/3.7.6 (Windows-10-10.0.18362-SP0) msrest/0.6.10 msrest_azure/0.6.2
        azure-mgmt-containerregistry/3.0.0rc8 Azure-SDK-For-Python AZURECLI/2.0.80
    method: GET
    uri: https://management.azure.com/subscriptions/00000000-0000-0000-0000-000000000000/resourceGroups/clitest.rg000001/providers/Microsoft.ContainerRegistry/registries/clireg000002/runs/cf2?api-version=2019-06-01-preview
  response:
    body:
      string: '{"type":"Microsoft.ContainerRegistry/registries/runs","properties":{"runId":"cf2","status":"Running","lastUpdatedTime":"2020-01-22T06:17:51+00:00","runType":"QuickRun","createTime":"2020-01-22T06:17:51.2255273+00:00","startTime":"2020-01-22T06:17:51.3849335+00:00","task":"testTask","platform":{"os":"linux","architecture":"amd64"},"agentConfiguration":{"cpu":2},"provisioningState":"Succeeded","isArchiveEnabled":false},"id":"/subscriptions/00000000-0000-0000-0000-000000000000/resourceGroups/clitest.rg000001/providers/Microsoft.ContainerRegistry/registries/clireg000002/runs/cf2","name":"cf2"}'
    headers:
      cache-control:
      - no-cache
      content-length:
      - '663'
      content-type:
      - application/json; charset=utf-8
      date:
      - Wed, 22 Jan 2020 06:18:21 GMT
      expires:
      - '-1'
      pragma:
      - no-cache
      server:
      - nginx/1.15.10
      strict-transport-security:
      - max-age=31536000; includeSubDomains
      transfer-encoding:
      - chunked
      vary:
      - Accept-Encoding,Accept-Encoding
      x-content-type-options:
      - nosniff
    status:
      code: 200
      message: OK
- request:
    body: null
    headers:
      Accept:
      - application/json
      Accept-Encoding:
      - gzip, deflate
      CommandName:
      - acr task run
      Connection:
      - keep-alive
      ParameterSetName:
      - -n -r --no-logs
      User-Agent:
      - python/3.7.6 (Windows-10-10.0.18362-SP0) msrest/0.6.10 msrest_azure/0.6.2
        azure-mgmt-containerregistry/3.0.0rc8 Azure-SDK-For-Python AZURECLI/2.0.80
    method: GET
    uri: https://management.azure.com/subscriptions/00000000-0000-0000-0000-000000000000/resourceGroups/clitest.rg000001/providers/Microsoft.ContainerRegistry/registries/clireg000002/runs/cf2?api-version=2019-06-01-preview
  response:
    body:
      string: '{"type":"Microsoft.ContainerRegistry/registries/runs","properties":{"runId":"cf2","status":"Running","lastUpdatedTime":"2020-01-22T06:17:51+00:00","runType":"QuickRun","createTime":"2020-01-22T06:17:51.2255273+00:00","startTime":"2020-01-22T06:17:51.3849335+00:00","task":"testTask","platform":{"os":"linux","architecture":"amd64"},"agentConfiguration":{"cpu":2},"provisioningState":"Succeeded","isArchiveEnabled":false},"id":"/subscriptions/00000000-0000-0000-0000-000000000000/resourceGroups/clitest.rg000001/providers/Microsoft.ContainerRegistry/registries/clireg000002/runs/cf2","name":"cf2"}'
    headers:
      cache-control:
      - no-cache
      content-length:
      - '663'
      content-type:
      - application/json; charset=utf-8
      date:
      - Wed, 22 Jan 2020 06:18:50 GMT
      expires:
      - '-1'
      pragma:
      - no-cache
      server:
      - nginx/1.15.10
      strict-transport-security:
      - max-age=31536000; includeSubDomains
      transfer-encoding:
      - chunked
      vary:
      - Accept-Encoding,Accept-Encoding
      x-content-type-options:
      - nosniff
    status:
      code: 200
      message: OK
- request:
    body: null
    headers:
      Accept:
      - application/json
      Accept-Encoding:
      - gzip, deflate
      CommandName:
      - acr task run
      Connection:
      - keep-alive
      ParameterSetName:
      - -n -r --no-logs
      User-Agent:
      - python/3.7.6 (Windows-10-10.0.18362-SP0) msrest/0.6.10 msrest_azure/0.6.2
        azure-mgmt-containerregistry/3.0.0rc8 Azure-SDK-For-Python AZURECLI/2.0.80
    method: GET
    uri: https://management.azure.com/subscriptions/00000000-0000-0000-0000-000000000000/resourceGroups/clitest.rg000001/providers/Microsoft.ContainerRegistry/registries/clireg000002/runs/cf2?api-version=2019-06-01-preview
  response:
    body:
      string: '{"type":"Microsoft.ContainerRegistry/registries/runs","properties":{"runId":"cf2","status":"Succeeded","lastUpdatedTime":"2020-01-22T06:19:09+00:00","runType":"QuickRun","createTime":"2020-01-22T06:17:51.2255273+00:00","startTime":"2020-01-22T06:17:51.3849335+00:00","finishTime":"2020-01-22T06:19:09.941701+00:00","outputImages":[{"registry":"clireg000002.azurecr.io","repository":"testtask","tag":"v1","digest":"sha256:5cd0698ab4f763cbfd6c9d5f38dad7acc9fa67f6ad885f53919ee2218f784b40"}],"task":"testTask","platform":{"os":"linux","architecture":"amd64"},"agentConfiguration":{"cpu":2},"provisioningState":"Succeeded","isArchiveEnabled":false},"id":"/subscriptions/00000000-0000-0000-0000-000000000000/resourceGroups/clitest.rg000001/providers/Microsoft.ContainerRegistry/registries/clireg000002/runs/cf2","name":"cf2"}'
    headers:
      cache-control:
      - no-cache
      content-length:
      - '895'
      content-type:
      - application/json; charset=utf-8
      date:
      - Wed, 22 Jan 2020 06:19:21 GMT
      expires:
      - '-1'
      pragma:
      - no-cache
      server:
      - nginx/1.15.10
      strict-transport-security:
      - max-age=31536000; includeSubDomains
      transfer-encoding:
      - chunked
      vary:
      - Accept-Encoding,Accept-Encoding
      x-content-type-options:
      - nosniff
    status:
      code: 200
      message: OK
- request:
    body: null
    headers:
      Accept:
      - application/json
      Accept-Encoding:
      - gzip, deflate
      CommandName:
      - acr task list-runs
      Connection:
      - keep-alive
      ParameterSetName:
      - -n -r
      User-Agent:
      - python/3.7.6 (Windows-10-10.0.18362-SP0) msrest/0.6.10 msrest_azure/0.6.2
        azure-mgmt-resource/6.0.0 Azure-SDK-For-Python AZURECLI/2.0.80
      accept-language:
      - en-US
    method: GET
    uri: https://management.azure.com/subscriptions/00000000-0000-0000-0000-000000000000/resources?$filter=resourceType%20eq%20%27Microsoft.ContainerRegistry%2Fregistries%27&api-version=2019-07-01
  response:
    body:
      string: '{"value":[{"id":"/subscriptions/00000000-0000-0000-0000-000000000000/resourceGroups/clitest.rg000001/providers/Microsoft.ContainerRegistry/registries/clireg000002","name":"clireg000002","type":"Microsoft.ContainerRegistry/registries","sku":{"name":"Standard","tier":"Standard"},"location":"westus","tags":{}},{"id":"/subscriptions/00000000-0000-0000-0000-000000000000/resourceGroups/huanwutest/providers/Microsoft.ContainerRegistry/registries/huanglicus01","name":"huanglicus01","type":"Microsoft.ContainerRegistry/registries","sku":{"name":"Standard","tier":"Standard"},"location":"westus","tags":{}},{"id":"/subscriptions/00000000-0000-0000-0000-000000000000/resourceGroups/huanwutest/providers/Microsoft.ContainerRegistry/registries/huanglicus02","name":"huanglicus02","type":"Microsoft.ContainerRegistry/registries","sku":{"name":"Standard","tier":"Standard"},"location":"westus","tags":{}},{"id":"/subscriptions/00000000-0000-0000-0000-000000000000/resourceGroups/huanwutest/providers/Microsoft.ContainerRegistry/registries/huanglireg","name":"huanglireg","type":"Microsoft.ContainerRegistry/registries","sku":{"name":"Standard","tier":"Standard"},"location":"westus2","tags":{}},{"id":"/subscriptions/00000000-0000-0000-0000-000000000000/resourceGroups/huanwutest/providers/Microsoft.ContainerRegistry/registries/huanwutest3","name":"huanwutest3","type":"Microsoft.ContainerRegistry/registries","sku":{"name":"Standard","tier":"Standard"},"location":"westus","tags":{}},{"id":"/subscriptions/00000000-0000-0000-0000-000000000000/resourceGroups/huanwutest/providers/Microsoft.ContainerRegistry/registries/huanwutest5","name":"huanwutest5","type":"Microsoft.ContainerRegistry/registries","sku":{"name":"Standard","tier":"Standard"},"location":"westeurope","tags":{}}]}'
    headers:
      cache-control:
      - no-cache
      content-length:
      - '1847'
      content-type:
      - application/json; charset=utf-8
      date:
      - Wed, 22 Jan 2020 06:19:22 GMT
      expires:
      - '-1'
      pragma:
      - no-cache
      strict-transport-security:
      - max-age=31536000; includeSubDomains
      vary:
      - Accept-Encoding
      x-content-type-options:
      - nosniff
    status:
      code: 200
      message: OK
- request:
    body: null
    headers:
      Accept:
      - application/json
      Accept-Encoding:
      - gzip, deflate
      CommandName:
      - acr task list-runs
      Connection:
      - keep-alive
      ParameterSetName:
      - -n -r
      User-Agent:
      - python/3.7.6 (Windows-10-10.0.18362-SP0) msrest/0.6.10 msrest_azure/0.6.2
        azure-mgmt-containerregistry/3.0.0rc8 Azure-SDK-For-Python AZURECLI/2.0.80
      accept-language:
      - en-US
    method: GET
    uri: https://management.azure.com/subscriptions/00000000-0000-0000-0000-000000000000/resourceGroups/clitest.rg000001/providers/Microsoft.ContainerRegistry/registries/clireg000002?api-version=2019-05-01
  response:
    body:
      string: '{"sku":{"name":"Standard","tier":"Standard"},"type":"Microsoft.ContainerRegistry/registries","id":"/subscriptions/00000000-0000-0000-0000-000000000000/resourceGroups/clitest.rg000001/providers/Microsoft.ContainerRegistry/registries/clireg000002","name":"clireg000002","location":"westus","tags":{},"properties":{"loginServer":"clireg000002.azurecr.io","creationDate":"2020-01-22T06:17:11.7060221Z","provisioningState":"Succeeded","adminUserEnabled":false,"policies":{"quarantinePolicy":{"status":"disabled"},"trustPolicy":{"type":"Notary","status":"disabled"},"retentionPolicy":{"days":7,"lastUpdatedTime":"2020-01-22T06:17:13.0907442+00:00","status":"disabled"}}}}'
    headers:
      cache-control:
      - no-cache
      content-length:
      - '748'
      content-type:
      - application/json; charset=utf-8
      date:
      - Wed, 22 Jan 2020 06:19:23 GMT
      expires:
      - '-1'
      pragma:
      - no-cache
      server:
      - Microsoft-HTTPAPI/2.0
      strict-transport-security:
      - max-age=31536000; includeSubDomains
      transfer-encoding:
      - chunked
      vary:
      - Accept-Encoding
      x-content-type-options:
      - nosniff
    status:
      code: 200
      message: OK
- request:
    body: null
    headers:
      Accept:
      - application/json
      Accept-Encoding:
      - gzip, deflate
      CommandName:
      - acr task list-runs
      Connection:
      - keep-alive
      ParameterSetName:
      - -n -r
      User-Agent:
      - python/3.7.6 (Windows-10-10.0.18362-SP0) msrest/0.6.10 msrest_azure/0.6.2
        azure-mgmt-containerregistry/3.0.0rc8 Azure-SDK-For-Python AZURECLI/2.0.80
      accept-language:
      - en-US
    method: GET
    uri: https://management.azure.com/subscriptions/00000000-0000-0000-0000-000000000000/resourceGroups/clitest.rg000001/providers/Microsoft.ContainerRegistry/registries/clireg000002/runs?api-version=2019-06-01-preview&$filter=TaskName%20eq%20%27testTask%27&$top=15
  response:
    body:
      string: '{"value":[{"type":"Microsoft.ContainerRegistry/registries/runs","properties":{"runId":"cf2","status":"Succeeded","lastUpdatedTime":"2020-01-22T06:19:09+00:00","runType":"QuickRun","createTime":"2020-01-22T06:17:51.2255273+00:00","startTime":"2020-01-22T06:17:51.3849335+00:00","finishTime":"2020-01-22T06:19:09.941701+00:00","outputImages":[{"registry":"clireg000002.azurecr.io","repository":"testtask","tag":"v1","digest":"sha256:5cd0698ab4f763cbfd6c9d5f38dad7acc9fa67f6ad885f53919ee2218f784b40"}],"task":"testTask","platform":{"os":"linux","architecture":"amd64"},"agentConfiguration":{"cpu":2},"provisioningState":"Succeeded","isArchiveEnabled":false},"id":"/subscriptions/00000000-0000-0000-0000-000000000000/resourceGroups/clitest.rg000001/providers/Microsoft.ContainerRegistry/registries/clireg000002/runs/cf2","name":"cf2"}]}'
    headers:
      cache-control:
      - no-cache
      content-length:
      - '907'
      content-type:
      - application/json; charset=utf-8
      date:
      - Wed, 22 Jan 2020 06:19:23 GMT
      expires:
      - '-1'
      pragma:
      - no-cache
      server:
      - nginx/1.15.10
      strict-transport-security:
      - max-age=31536000; includeSubDomains
      transfer-encoding:
      - chunked
      vary:
      - Accept-Encoding,Accept-Encoding
      x-content-type-options:
      - nosniff
    status:
      code: 200
      message: OK
- request:
    body: null
    headers:
      Accept:
      - application/json
      Accept-Encoding:
      - gzip, deflate
      CommandName:
      - acr task show
      Connection:
      - keep-alive
      ParameterSetName:
      - -n -r
      User-Agent:
      - python/3.7.6 (Windows-10-10.0.18362-SP0) msrest/0.6.10 msrest_azure/0.6.2
        azure-mgmt-resource/6.0.0 Azure-SDK-For-Python AZURECLI/2.0.80
      accept-language:
      - en-US
    method: GET
    uri: https://management.azure.com/subscriptions/00000000-0000-0000-0000-000000000000/resources?$filter=resourceType%20eq%20%27Microsoft.ContainerRegistry%2Fregistries%27&api-version=2019-07-01
  response:
    body:
      string: '{"value":[{"id":"/subscriptions/00000000-0000-0000-0000-000000000000/resourceGroups/clitest.rg000001/providers/Microsoft.ContainerRegistry/registries/clireg000002","name":"clireg000002","type":"Microsoft.ContainerRegistry/registries","sku":{"name":"Standard","tier":"Standard"},"location":"westus","tags":{}},{"id":"/subscriptions/00000000-0000-0000-0000-000000000000/resourceGroups/huanwutest/providers/Microsoft.ContainerRegistry/registries/huanglicus01","name":"huanglicus01","type":"Microsoft.ContainerRegistry/registries","sku":{"name":"Standard","tier":"Standard"},"location":"westus","tags":{}},{"id":"/subscriptions/00000000-0000-0000-0000-000000000000/resourceGroups/huanwutest/providers/Microsoft.ContainerRegistry/registries/huanglicus02","name":"huanglicus02","type":"Microsoft.ContainerRegistry/registries","sku":{"name":"Standard","tier":"Standard"},"location":"westus","tags":{}},{"id":"/subscriptions/00000000-0000-0000-0000-000000000000/resourceGroups/huanwutest/providers/Microsoft.ContainerRegistry/registries/huanglireg","name":"huanglireg","type":"Microsoft.ContainerRegistry/registries","sku":{"name":"Standard","tier":"Standard"},"location":"westus2","tags":{}},{"id":"/subscriptions/00000000-0000-0000-0000-000000000000/resourceGroups/huanwutest/providers/Microsoft.ContainerRegistry/registries/huanwutest3","name":"huanwutest3","type":"Microsoft.ContainerRegistry/registries","sku":{"name":"Standard","tier":"Standard"},"location":"westus","tags":{}},{"id":"/subscriptions/00000000-0000-0000-0000-000000000000/resourceGroups/huanwutest/providers/Microsoft.ContainerRegistry/registries/huanwutest5","name":"huanwutest5","type":"Microsoft.ContainerRegistry/registries","sku":{"name":"Standard","tier":"Standard"},"location":"westeurope","tags":{}}]}'
    headers:
      cache-control:
      - no-cache
      content-length:
      - '1847'
      content-type:
      - application/json; charset=utf-8
      date:
      - Wed, 22 Jan 2020 06:19:24 GMT
      expires:
      - '-1'
      pragma:
      - no-cache
      strict-transport-security:
      - max-age=31536000; includeSubDomains
      vary:
      - Accept-Encoding
      x-content-type-options:
      - nosniff
    status:
      code: 200
      message: OK
- request:
    body: null
    headers:
      Accept:
      - application/json
      Accept-Encoding:
      - gzip, deflate
      CommandName:
      - acr task show
      Connection:
      - keep-alive
      ParameterSetName:
      - -n -r
      User-Agent:
      - python/3.7.6 (Windows-10-10.0.18362-SP0) msrest/0.6.10 msrest_azure/0.6.2
        azure-mgmt-containerregistry/3.0.0rc8 Azure-SDK-For-Python AZURECLI/2.0.80
      accept-language:
      - en-US
    method: GET
    uri: https://management.azure.com/subscriptions/00000000-0000-0000-0000-000000000000/resourceGroups/clitest.rg000001/providers/Microsoft.ContainerRegistry/registries/clireg000002?api-version=2019-05-01
  response:
    body:
      string: '{"sku":{"name":"Standard","tier":"Standard"},"type":"Microsoft.ContainerRegistry/registries","id":"/subscriptions/00000000-0000-0000-0000-000000000000/resourceGroups/clitest.rg000001/providers/Microsoft.ContainerRegistry/registries/clireg000002","name":"clireg000002","location":"westus","tags":{},"properties":{"loginServer":"clireg000002.azurecr.io","creationDate":"2020-01-22T06:17:11.7060221Z","provisioningState":"Succeeded","adminUserEnabled":false,"policies":{"quarantinePolicy":{"status":"disabled"},"trustPolicy":{"type":"Notary","status":"disabled"},"retentionPolicy":{"days":7,"lastUpdatedTime":"2020-01-22T06:17:13.0907442+00:00","status":"disabled"}}}}'
    headers:
      cache-control:
      - no-cache
      content-length:
      - '748'
      content-type:
      - application/json; charset=utf-8
      date:
      - Wed, 22 Jan 2020 06:19:23 GMT
      expires:
      - '-1'
      pragma:
      - no-cache
      server:
      - Microsoft-HTTPAPI/2.0
      strict-transport-security:
      - max-age=31536000; includeSubDomains
      transfer-encoding:
      - chunked
      vary:
      - Accept-Encoding
      x-content-type-options:
      - nosniff
    status:
      code: 200
      message: OK
- request:
    body: null
    headers:
      Accept:
      - application/json
      Accept-Encoding:
      - gzip, deflate
      CommandName:
      - acr task show
      Connection:
      - keep-alive
      ParameterSetName:
      - -n -r
      User-Agent:
      - python/3.7.6 (Windows-10-10.0.18362-SP0) msrest/0.6.10 msrest_azure/0.6.2
        azure-mgmt-containerregistry/3.0.0rc8 Azure-SDK-For-Python AZURECLI/2.0.80
      accept-language:
      - en-US
    method: GET
    uri: https://management.azure.com/subscriptions/00000000-0000-0000-0000-000000000000/resourceGroups/clitest.rg000001/providers/Microsoft.ContainerRegistry/registries/clireg000002/tasks/testTask?api-version=2019-06-01-preview
  response:
    body:
      string: '{"type":"Microsoft.ContainerRegistry/registries/tasks","properties":{"provisioningState":"Succeeded","creationDate":"2020-01-22T06:17:14.6334779+00:00","status":"Enabled","platform":{"os":"linux","architecture":"amd64"},"agentConfiguration":{"cpu":2},"timeout":3600,"step":{"type":"Docker","imageNames":["testtask:v1"],"isPushEnabled":true,"noCache":false,"dockerFilePath":"Dockerfile","arguments":[],"baseImageDependencies":[{"type":"Runtime","registry":"registry.hub.docker.com","repository":"library/node","tag":"9","digest":"sha256:cddc729ef8326f7e8966c246ba2e87bad4c15365494ff3d681fa6f022cdab041"}],"contextPath":"https://github.com/SteveLasker/node-helloworld"},"trigger":{"baseImageTrigger":{"baseImageTriggerType":"Runtime","updateTriggerPayloadType":"Default","status":"Enabled","name":"defaultBaseimageTriggerName"}}},"id":"/subscriptions/00000000-0000-0000-0000-000000000000/resourceGroups/clitest.rg000001/providers/Microsoft.ContainerRegistry/registries/clireg000002/tasks/testTask","name":"testTask","location":"westus"}'
    headers:
      cache-control:
      - no-cache
      content-length:
      - '1101'
      content-type:
      - application/json; charset=utf-8
      date:
      - Wed, 22 Jan 2020 06:19:23 GMT
      expires:
      - '-1'
      pragma:
      - no-cache
      server:
      - nginx/1.15.10
      strict-transport-security:
      - max-age=31536000; includeSubDomains
      transfer-encoding:
      - chunked
      vary:
      - Accept-Encoding,Accept-Encoding
      x-content-type-options:
      - nosniff
    status:
      code: 200
      message: OK
- request:
    body: null
    headers:
      Accept:
      - application/json
      Accept-Encoding:
      - gzip, deflate
      CommandName:
      - acr task update
      Connection:
      - keep-alive
      ParameterSetName:
      - -n -r --platform
      User-Agent:
      - python/3.7.6 (Windows-10-10.0.18362-SP0) msrest/0.6.10 msrest_azure/0.6.2
        azure-mgmt-resource/6.0.0 Azure-SDK-For-Python AZURECLI/2.0.80
      accept-language:
      - en-US
    method: GET
    uri: https://management.azure.com/subscriptions/00000000-0000-0000-0000-000000000000/resources?$filter=resourceType%20eq%20%27Microsoft.ContainerRegistry%2Fregistries%27&api-version=2019-07-01
  response:
    body:
      string: '{"value":[{"id":"/subscriptions/00000000-0000-0000-0000-000000000000/resourceGroups/clitest.rg000001/providers/Microsoft.ContainerRegistry/registries/clireg000002","name":"clireg000002","type":"Microsoft.ContainerRegistry/registries","sku":{"name":"Standard","tier":"Standard"},"location":"westus","tags":{}},{"id":"/subscriptions/00000000-0000-0000-0000-000000000000/resourceGroups/huanwutest/providers/Microsoft.ContainerRegistry/registries/huanglicus01","name":"huanglicus01","type":"Microsoft.ContainerRegistry/registries","sku":{"name":"Standard","tier":"Standard"},"location":"westus","tags":{}},{"id":"/subscriptions/00000000-0000-0000-0000-000000000000/resourceGroups/huanwutest/providers/Microsoft.ContainerRegistry/registries/huanglicus02","name":"huanglicus02","type":"Microsoft.ContainerRegistry/registries","sku":{"name":"Standard","tier":"Standard"},"location":"westus","tags":{}},{"id":"/subscriptions/00000000-0000-0000-0000-000000000000/resourceGroups/huanwutest/providers/Microsoft.ContainerRegistry/registries/huanglireg","name":"huanglireg","type":"Microsoft.ContainerRegistry/registries","sku":{"name":"Standard","tier":"Standard"},"location":"westus2","tags":{}},{"id":"/subscriptions/00000000-0000-0000-0000-000000000000/resourceGroups/huanwutest/providers/Microsoft.ContainerRegistry/registries/huanwutest3","name":"huanwutest3","type":"Microsoft.ContainerRegistry/registries","sku":{"name":"Standard","tier":"Standard"},"location":"westus","tags":{}},{"id":"/subscriptions/00000000-0000-0000-0000-000000000000/resourceGroups/huanwutest/providers/Microsoft.ContainerRegistry/registries/huanwutest5","name":"huanwutest5","type":"Microsoft.ContainerRegistry/registries","sku":{"name":"Standard","tier":"Standard"},"location":"westeurope","tags":{}}]}'
    headers:
      cache-control:
      - no-cache
      content-length:
      - '1847'
      content-type:
      - application/json; charset=utf-8
      date:
      - Wed, 22 Jan 2020 06:19:25 GMT
      expires:
      - '-1'
      pragma:
      - no-cache
      strict-transport-security:
      - max-age=31536000; includeSubDomains
      vary:
      - Accept-Encoding
      x-content-type-options:
      - nosniff
    status:
      code: 200
      message: OK
- request:
    body: null
    headers:
      Accept:
      - application/json
      Accept-Encoding:
      - gzip, deflate
      CommandName:
      - acr task update
      Connection:
      - keep-alive
      ParameterSetName:
      - -n -r --platform
      User-Agent:
      - python/3.7.6 (Windows-10-10.0.18362-SP0) msrest/0.6.10 msrest_azure/0.6.2
        azure-mgmt-containerregistry/3.0.0rc8 Azure-SDK-For-Python AZURECLI/2.0.80
      accept-language:
      - en-US
    method: GET
    uri: https://management.azure.com/subscriptions/00000000-0000-0000-0000-000000000000/resourceGroups/clitest.rg000001/providers/Microsoft.ContainerRegistry/registries/clireg000002?api-version=2019-05-01
  response:
    body:
      string: '{"sku":{"name":"Standard","tier":"Standard"},"type":"Microsoft.ContainerRegistry/registries","id":"/subscriptions/00000000-0000-0000-0000-000000000000/resourceGroups/clitest.rg000001/providers/Microsoft.ContainerRegistry/registries/clireg000002","name":"clireg000002","location":"westus","tags":{},"properties":{"loginServer":"clireg000002.azurecr.io","creationDate":"2020-01-22T06:17:11.7060221Z","provisioningState":"Succeeded","adminUserEnabled":false,"policies":{"quarantinePolicy":{"status":"disabled"},"trustPolicy":{"type":"Notary","status":"disabled"},"retentionPolicy":{"days":7,"lastUpdatedTime":"2020-01-22T06:17:13.0907442+00:00","status":"disabled"}}}}'
    headers:
      cache-control:
      - no-cache
      content-length:
      - '748'
      content-type:
      - application/json; charset=utf-8
      date:
      - Wed, 22 Jan 2020 06:19:24 GMT
      expires:
      - '-1'
      pragma:
      - no-cache
      server:
      - Microsoft-HTTPAPI/2.0
      strict-transport-security:
      - max-age=31536000; includeSubDomains
      transfer-encoding:
      - chunked
      vary:
      - Accept-Encoding
      x-content-type-options:
      - nosniff
    status:
      code: 200
      message: OK
- request:
    body: null
    headers:
      Accept:
      - application/json
      Accept-Encoding:
      - gzip, deflate
      CommandName:
      - acr task update
      Connection:
      - keep-alive
      ParameterSetName:
      - -n -r --platform
      User-Agent:
      - python/3.7.6 (Windows-10-10.0.18362-SP0) msrest/0.6.10 msrest_azure/0.6.2
        azure-mgmt-containerregistry/3.0.0rc8 Azure-SDK-For-Python AZURECLI/2.0.80
      accept-language:
      - en-US
    method: GET
    uri: https://management.azure.com/subscriptions/00000000-0000-0000-0000-000000000000/resourceGroups/clitest.rg000001/providers/Microsoft.ContainerRegistry/registries/clireg000002/tasks/testTask?api-version=2019-06-01-preview
  response:
    body:
      string: '{"type":"Microsoft.ContainerRegistry/registries/tasks","properties":{"provisioningState":"Succeeded","creationDate":"2020-01-22T06:17:14.6334779+00:00","status":"Enabled","platform":{"os":"linux","architecture":"amd64"},"agentConfiguration":{"cpu":2},"timeout":3600,"step":{"type":"Docker","imageNames":["testtask:v1"],"isPushEnabled":true,"noCache":false,"dockerFilePath":"Dockerfile","arguments":[],"baseImageDependencies":[{"type":"Runtime","registry":"registry.hub.docker.com","repository":"library/node","tag":"9","digest":"sha256:cddc729ef8326f7e8966c246ba2e87bad4c15365494ff3d681fa6f022cdab041"}],"contextPath":"https://github.com/SteveLasker/node-helloworld"},"trigger":{"baseImageTrigger":{"baseImageTriggerType":"Runtime","updateTriggerPayloadType":"Default","status":"Enabled","name":"defaultBaseimageTriggerName"}}},"id":"/subscriptions/00000000-0000-0000-0000-000000000000/resourceGroups/clitest.rg000001/providers/Microsoft.ContainerRegistry/registries/clireg000002/tasks/testTask","name":"testTask","location":"westus"}'
    headers:
      cache-control:
      - no-cache
      content-length:
      - '1101'
      content-type:
      - application/json; charset=utf-8
      date:
      - Wed, 22 Jan 2020 06:19:25 GMT
      expires:
      - '-1'
      pragma:
      - no-cache
      server:
      - nginx/1.15.10
      strict-transport-security:
      - max-age=31536000; includeSubDomains
      transfer-encoding:
      - chunked
      vary:
      - Accept-Encoding,Accept-Encoding
      x-content-type-options:
      - nosniff
    status:
      code: 200
      message: OK
- request:
    body: '{"properties": {"platform": {"os": "linux", "architecture": "arm"}, "agentConfiguration":
      {}, "step": {"type": "Docker", "isPushEnabled": true}, "trigger": {"baseImageTrigger":
      {"name": "defaultBaseimageTriggerName"}}, "credentials": {}}}'
    headers:
      Accept:
      - application/json
      Accept-Encoding:
      - gzip, deflate
      CommandName:
      - acr task update
      Connection:
      - keep-alive
      Content-Length:
      - '238'
      Content-Type:
      - application/json; charset=utf-8
      ParameterSetName:
      - -n -r --platform
      User-Agent:
      - python/3.7.6 (Windows-10-10.0.18362-SP0) msrest/0.6.10 msrest_azure/0.6.2
        azure-mgmt-containerregistry/3.0.0rc8 Azure-SDK-For-Python AZURECLI/2.0.80
      accept-language:
      - en-US
    method: PATCH
    uri: https://management.azure.com/subscriptions/00000000-0000-0000-0000-000000000000/resourceGroups/clitest.rg000001/providers/Microsoft.ContainerRegistry/registries/clireg000002/tasks/testTask?api-version=2019-06-01-preview
  response:
    body:
      string: '{"type":"Microsoft.ContainerRegistry/registries/tasks","properties":{"provisioningState":"Succeeded","creationDate":"2020-01-22T06:17:14.6334779+00:00","status":"Enabled","platform":{"os":"linux","architecture":"arm"},"agentConfiguration":{"cpu":2},"timeout":3600,"step":{"type":"Docker","imageNames":["testtask:v1"],"isPushEnabled":true,"noCache":false,"dockerFilePath":"Dockerfile","arguments":[],"baseImageDependencies":[{"type":"Runtime","registry":"registry.hub.docker.com","repository":"library/node","tag":"9","digest":"sha256:cddc729ef8326f7e8966c246ba2e87bad4c15365494ff3d681fa6f022cdab041"}],"contextPath":"https://github.com/SteveLasker/node-helloworld"},"trigger":{"baseImageTrigger":{"baseImageTriggerType":"Runtime","updateTriggerPayloadType":"Default","status":"Enabled","name":"defaultBaseimageTriggerName"}}},"id":"/subscriptions/00000000-0000-0000-0000-000000000000/resourceGroups/clitest.rg000001/providers/Microsoft.ContainerRegistry/registries/clireg000002/tasks/testTask","name":"testTask","location":"westus"}'
    headers:
      cache-control:
      - no-cache
      content-length:
      - '1099'
      content-type:
      - application/json; charset=utf-8
      date:
      - Wed, 22 Jan 2020 06:19:25 GMT
      expires:
      - '-1'
      pragma:
      - no-cache
      server:
      - nginx/1.15.10
      strict-transport-security:
      - max-age=31536000; includeSubDomains
      transfer-encoding:
      - chunked
      vary:
      - Accept-Encoding,Accept-Encoding
      x-content-type-options:
      - nosniff
      x-ms-ratelimit-remaining-subscription-writes:
      - '1199'
    status:
      code: 200
      message: OK
- request:
    body: null
    headers:
      Accept:
      - application/json
      Accept-Encoding:
      - gzip, deflate
      CommandName:
      - acr task update-run
      Connection:
      - keep-alive
      ParameterSetName:
      - -r --run-id --no-archive
      User-Agent:
      - python/3.7.6 (Windows-10-10.0.18362-SP0) msrest/0.6.10 msrest_azure/0.6.2
        azure-mgmt-resource/6.0.0 Azure-SDK-For-Python AZURECLI/2.0.80
      accept-language:
      - en-US
    method: GET
    uri: https://management.azure.com/subscriptions/00000000-0000-0000-0000-000000000000/resources?$filter=resourceType%20eq%20%27Microsoft.ContainerRegistry%2Fregistries%27&api-version=2019-07-01
  response:
    body:
      string: '{"value":[{"id":"/subscriptions/00000000-0000-0000-0000-000000000000/resourceGroups/clitest.rg000001/providers/Microsoft.ContainerRegistry/registries/clireg000002","name":"clireg000002","type":"Microsoft.ContainerRegistry/registries","sku":{"name":"Standard","tier":"Standard"},"location":"westus","tags":{}},{"id":"/subscriptions/00000000-0000-0000-0000-000000000000/resourceGroups/huanwutest/providers/Microsoft.ContainerRegistry/registries/huanglicus01","name":"huanglicus01","type":"Microsoft.ContainerRegistry/registries","sku":{"name":"Standard","tier":"Standard"},"location":"westus","tags":{}},{"id":"/subscriptions/00000000-0000-0000-0000-000000000000/resourceGroups/huanwutest/providers/Microsoft.ContainerRegistry/registries/huanglicus02","name":"huanglicus02","type":"Microsoft.ContainerRegistry/registries","sku":{"name":"Standard","tier":"Standard"},"location":"westus","tags":{}},{"id":"/subscriptions/00000000-0000-0000-0000-000000000000/resourceGroups/huanwutest/providers/Microsoft.ContainerRegistry/registries/huanglireg","name":"huanglireg","type":"Microsoft.ContainerRegistry/registries","sku":{"name":"Standard","tier":"Standard"},"location":"westus2","tags":{}},{"id":"/subscriptions/00000000-0000-0000-0000-000000000000/resourceGroups/huanwutest/providers/Microsoft.ContainerRegistry/registries/huanwutest3","name":"huanwutest3","type":"Microsoft.ContainerRegistry/registries","sku":{"name":"Standard","tier":"Standard"},"location":"westus","tags":{}},{"id":"/subscriptions/00000000-0000-0000-0000-000000000000/resourceGroups/huanwutest/providers/Microsoft.ContainerRegistry/registries/huanwutest5","name":"huanwutest5","type":"Microsoft.ContainerRegistry/registries","sku":{"name":"Standard","tier":"Standard"},"location":"westeurope","tags":{}}]}'
    headers:
      cache-control:
      - no-cache
      content-length:
      - '1847'
      content-type:
      - application/json; charset=utf-8
      date:
      - Wed, 22 Jan 2020 06:19:25 GMT
      expires:
      - '-1'
      pragma:
      - no-cache
      strict-transport-security:
      - max-age=31536000; includeSubDomains
      vary:
      - Accept-Encoding
      x-content-type-options:
      - nosniff
    status:
      code: 200
      message: OK
- request:
    body: null
    headers:
      Accept:
      - application/json
      Accept-Encoding:
      - gzip, deflate
      CommandName:
      - acr task update-run
      Connection:
      - keep-alive
      ParameterSetName:
      - -r --run-id --no-archive
      User-Agent:
      - python/3.7.6 (Windows-10-10.0.18362-SP0) msrest/0.6.10 msrest_azure/0.6.2
        azure-mgmt-containerregistry/3.0.0rc8 Azure-SDK-For-Python AZURECLI/2.0.80
      accept-language:
      - en-US
    method: GET
    uri: https://management.azure.com/subscriptions/00000000-0000-0000-0000-000000000000/resourceGroups/clitest.rg000001/providers/Microsoft.ContainerRegistry/registries/clireg000002?api-version=2019-05-01
  response:
    body:
      string: '{"sku":{"name":"Standard","tier":"Standard"},"type":"Microsoft.ContainerRegistry/registries","id":"/subscriptions/00000000-0000-0000-0000-000000000000/resourceGroups/clitest.rg000001/providers/Microsoft.ContainerRegistry/registries/clireg000002","name":"clireg000002","location":"westus","tags":{},"properties":{"loginServer":"clireg000002.azurecr.io","creationDate":"2020-01-22T06:17:11.7060221Z","provisioningState":"Succeeded","adminUserEnabled":false,"policies":{"quarantinePolicy":{"status":"disabled"},"trustPolicy":{"type":"Notary","status":"disabled"},"retentionPolicy":{"days":7,"lastUpdatedTime":"2020-01-22T06:17:13.0907442+00:00","status":"disabled"}}}}'
    headers:
      cache-control:
      - no-cache
      content-length:
      - '748'
      content-type:
      - application/json; charset=utf-8
      date:
      - Wed, 22 Jan 2020 06:19:25 GMT
      expires:
      - '-1'
      pragma:
      - no-cache
      server:
      - Microsoft-HTTPAPI/2.0
      strict-transport-security:
      - max-age=31536000; includeSubDomains
      transfer-encoding:
      - chunked
      vary:
      - Accept-Encoding
      x-content-type-options:
      - nosniff
    status:
      code: 200
      message: OK
- request:
    body: '{"isArchiveEnabled": true}'
    headers:
      Accept:
      - application/json
      Accept-Encoding:
      - gzip, deflate
      CommandName:
      - acr task update-run
      Connection:
      - keep-alive
      Content-Length:
      - '26'
      Content-Type:
      - application/json; charset=utf-8
      ParameterSetName:
      - -r --run-id --no-archive
      User-Agent:
      - python/3.7.6 (Windows-10-10.0.18362-SP0) msrest/0.6.10 msrest_azure/0.6.2
        azure-mgmt-containerregistry/3.0.0rc8 Azure-SDK-For-Python AZURECLI/2.0.80
      accept-language:
      - en-US
    method: PATCH
    uri: https://management.azure.com/subscriptions/00000000-0000-0000-0000-000000000000/resourceGroups/clitest.rg000001/providers/Microsoft.ContainerRegistry/registries/clireg000002/runs/cf2?api-version=2019-06-01-preview
  response:
    body:
      string: '{"type":"Microsoft.ContainerRegistry/registries/runs","properties":{"runId":"cf2","status":"Succeeded","lastUpdatedTime":"2020-01-22T06:19:26+00:00","runType":"QuickRun","createTime":"2020-01-22T06:17:51.2255273+00:00","startTime":"2020-01-22T06:17:51.3849335+00:00","finishTime":"2020-01-22T06:19:09.941701+00:00","outputImages":[{"registry":"clireg000002.azurecr.io","repository":"testtask","tag":"v1","digest":"sha256:5cd0698ab4f763cbfd6c9d5f38dad7acc9fa67f6ad885f53919ee2218f784b40"}],"task":"testTask","platform":{"os":"linux","architecture":"amd64"},"agentConfiguration":{"cpu":2},"provisioningState":"Succeeded","isArchiveEnabled":true},"id":"/subscriptions/00000000-0000-0000-0000-000000000000/resourceGroups/clitest.rg000001/providers/Microsoft.ContainerRegistry/registries/clireg000002/runs/cf2","name":"cf2"}'
    headers:
      cache-control:
      - no-cache
      content-length:
      - '894'
      content-type:
      - application/json; charset=utf-8
      date:
      - Wed, 22 Jan 2020 06:19:26 GMT
      expires:
      - '-1'
      pragma:
      - no-cache
      server:
      - nginx/1.15.10
      strict-transport-security:
      - max-age=31536000; includeSubDomains
      transfer-encoding:
      - chunked
      vary:
      - Accept-Encoding,Accept-Encoding
      x-content-type-options:
      - nosniff
      x-ms-ratelimit-remaining-subscription-writes:
      - '1199'
    status:
      code: 200
      message: OK
- request:
    body: null
    headers:
      Accept:
      - application/json
      Accept-Encoding:
      - gzip, deflate
      CommandName:
      - acr task delete
      Connection:
      - keep-alive
      ParameterSetName:
      - -n -r -y
      User-Agent:
      - python/3.7.6 (Windows-10-10.0.18362-SP0) msrest/0.6.10 msrest_azure/0.6.2
        azure-mgmt-resource/6.0.0 Azure-SDK-For-Python AZURECLI/2.0.80
      accept-language:
      - en-US
    method: GET
    uri: https://management.azure.com/subscriptions/00000000-0000-0000-0000-000000000000/resources?$filter=resourceType%20eq%20%27Microsoft.ContainerRegistry%2Fregistries%27&api-version=2019-07-01
  response:
    body:
      string: '{"value":[{"id":"/subscriptions/00000000-0000-0000-0000-000000000000/resourceGroups/clitest.rg000001/providers/Microsoft.ContainerRegistry/registries/clireg000002","name":"clireg000002","type":"Microsoft.ContainerRegistry/registries","sku":{"name":"Standard","tier":"Standard"},"location":"westus","tags":{}},{"id":"/subscriptions/00000000-0000-0000-0000-000000000000/resourceGroups/huanwutest/providers/Microsoft.ContainerRegistry/registries/huanglicus01","name":"huanglicus01","type":"Microsoft.ContainerRegistry/registries","sku":{"name":"Standard","tier":"Standard"},"location":"westus","tags":{}},{"id":"/subscriptions/00000000-0000-0000-0000-000000000000/resourceGroups/huanwutest/providers/Microsoft.ContainerRegistry/registries/huanglicus02","name":"huanglicus02","type":"Microsoft.ContainerRegistry/registries","sku":{"name":"Standard","tier":"Standard"},"location":"westus","tags":{}},{"id":"/subscriptions/00000000-0000-0000-0000-000000000000/resourceGroups/huanwutest/providers/Microsoft.ContainerRegistry/registries/huanglireg","name":"huanglireg","type":"Microsoft.ContainerRegistry/registries","sku":{"name":"Standard","tier":"Standard"},"location":"westus2","tags":{}},{"id":"/subscriptions/00000000-0000-0000-0000-000000000000/resourceGroups/huanwutest/providers/Microsoft.ContainerRegistry/registries/huanwutest3","name":"huanwutest3","type":"Microsoft.ContainerRegistry/registries","sku":{"name":"Standard","tier":"Standard"},"location":"westus","tags":{}},{"id":"/subscriptions/00000000-0000-0000-0000-000000000000/resourceGroups/huanwutest/providers/Microsoft.ContainerRegistry/registries/huanwutest5","name":"huanwutest5","type":"Microsoft.ContainerRegistry/registries","sku":{"name":"Standard","tier":"Standard"},"location":"westeurope","tags":{}}]}'
    headers:
      cache-control:
      - no-cache
      content-length:
      - '1847'
      content-type:
      - application/json; charset=utf-8
      date:
      - Wed, 22 Jan 2020 06:19:26 GMT
      expires:
      - '-1'
      pragma:
      - no-cache
      strict-transport-security:
      - max-age=31536000; includeSubDomains
      vary:
      - Accept-Encoding
      x-content-type-options:
      - nosniff
    status:
      code: 200
      message: OK
- request:
    body: null
    headers:
      Accept:
      - application/json
      Accept-Encoding:
      - gzip, deflate
      CommandName:
      - acr task delete
      Connection:
      - keep-alive
      ParameterSetName:
      - -n -r -y
      User-Agent:
      - python/3.7.6 (Windows-10-10.0.18362-SP0) msrest/0.6.10 msrest_azure/0.6.2
        azure-mgmt-containerregistry/3.0.0rc8 Azure-SDK-For-Python AZURECLI/2.0.80
      accept-language:
      - en-US
    method: GET
    uri: https://management.azure.com/subscriptions/00000000-0000-0000-0000-000000000000/resourceGroups/clitest.rg000001/providers/Microsoft.ContainerRegistry/registries/clireg000002?api-version=2019-05-01
  response:
    body:
      string: '{"sku":{"name":"Standard","tier":"Standard"},"type":"Microsoft.ContainerRegistry/registries","id":"/subscriptions/00000000-0000-0000-0000-000000000000/resourceGroups/clitest.rg000001/providers/Microsoft.ContainerRegistry/registries/clireg000002","name":"clireg000002","location":"westus","tags":{},"properties":{"loginServer":"clireg000002.azurecr.io","creationDate":"2020-01-22T06:17:11.7060221Z","provisioningState":"Succeeded","adminUserEnabled":false,"policies":{"quarantinePolicy":{"status":"disabled"},"trustPolicy":{"type":"Notary","status":"disabled"},"retentionPolicy":{"days":7,"lastUpdatedTime":"2020-01-22T06:17:13.0907442+00:00","status":"disabled"}}}}'
    headers:
      cache-control:
      - no-cache
      content-length:
      - '748'
      content-type:
      - application/json; charset=utf-8
      date:
      - Wed, 22 Jan 2020 06:19:26 GMT
      expires:
      - '-1'
      pragma:
      - no-cache
      server:
      - Microsoft-HTTPAPI/2.0
      strict-transport-security:
      - max-age=31536000; includeSubDomains
      transfer-encoding:
      - chunked
      vary:
      - Accept-Encoding
      x-content-type-options:
      - nosniff
    status:
      code: 200
      message: OK
- request:
    body: null
    headers:
      Accept:
      - application/json
      Accept-Encoding:
      - gzip, deflate
      CommandName:
      - acr task delete
      Connection:
      - keep-alive
      Content-Length:
      - '0'
      ParameterSetName:
      - -n -r -y
      User-Agent:
      - python/3.7.6 (Windows-10-10.0.18362-SP0) msrest/0.6.10 msrest_azure/0.6.2
        azure-mgmt-containerregistry/3.0.0rc8 Azure-SDK-For-Python AZURECLI/2.0.80
      accept-language:
      - en-US
    method: DELETE
    uri: https://management.azure.com/subscriptions/00000000-0000-0000-0000-000000000000/resourceGroups/clitest.rg000001/providers/Microsoft.ContainerRegistry/registries/clireg000002/tasks/testTask?api-version=2019-06-01-preview
  response:
    body:
      string: ''
    headers:
      cache-control:
      - no-cache
      content-length:
      - '0'
      date:
      - Wed, 22 Jan 2020 06:19:33 GMT
      expires:
      - '-1'
      pragma:
      - no-cache
      server:
      - nginx/1.15.10
      strict-transport-security:
      - max-age=31536000; includeSubDomains
      x-content-type-options:
      - nosniff
      x-ms-ratelimit-remaining-subscription-deletes:
      - '14999'
    status:
      code: 200
      message: OK
- request:
    body: null
    headers:
      Accept:
      - application/json
      Accept-Encoding:
      - gzip, deflate
      CommandName:
      - acr delete
      Connection:
      - keep-alive
      Content-Length:
      - '0'
      ParameterSetName:
      - -n -g -y
      User-Agent:
      - python/3.7.6 (Windows-10-10.0.18362-SP0) msrest/0.6.10 msrest_azure/0.6.2
        azure-mgmt-containerregistry/3.0.0rc8 Azure-SDK-For-Python AZURECLI/2.0.80
      accept-language:
      - en-US
    method: DELETE
    uri: https://management.azure.com/subscriptions/00000000-0000-0000-0000-000000000000/resourceGroups/clitest.rg000001/providers/Microsoft.ContainerRegistry/registries/clireg000002?api-version=2019-05-01
  response:
    body:
      string: ''
    headers:
      cache-control:
      - no-cache
      content-length:
      - '0'
      date:
      - Wed, 22 Jan 2020 06:19:36 GMT
      expires:
      - '-1'
      pragma:
      - no-cache
      server:
      - Microsoft-HTTPAPI/2.0
      strict-transport-security:
      - max-age=31536000; includeSubDomains
      x-content-type-options:
      - nosniff
      x-ms-ratelimit-remaining-subscription-deletes:
      - '14998'
    status:
      code: 200
      message: OK
version: 1
