interactions:
- request:
    body: '{"location": "westus", "sku": {"name": "Premium"}, "properties": {"adminUserEnabled":
      false, "anonymousPullEnabled": false}}'
    headers:
      Accept:
      - application/json
      Accept-Encoding:
      - gzip, deflate
      CommandName:
      - acr create
      Connection:
      - keep-alive
      Content-Length:
      - '124'
      Content-Type:
      - application/json
      ParameterSetName:
      - -n -g -l --sku
      User-Agent:
      - AZURECLI/2.44.1 azsdk-python-azure-mgmt-containerregistry/10.0.0 Python/3.10.9
        (Linux-5.15.0-1031-azure-x86_64-with-glibc2.31) VSTS_7b238909-6802-4b65-b90d-184bca47f458_build_220_0
    method: PUT
    uri: https://management.azure.com/subscriptions/00000000-0000-0000-0000-000000000000/resourceGroups/clitest.rg000001/providers/Microsoft.ContainerRegistry/registries/clireg000002?api-version=2022-02-01-preview
  response:
    body:
      string: '{"sku":{"name":"Premium","tier":"Premium"},"type":"Microsoft.ContainerRegistry/registries","id":"/subscriptions/00000000-0000-0000-0000-000000000000/resourceGroups/clitest.rg000001/providers/Microsoft.ContainerRegistry/registries/clireg000002","name":"clireg000002","location":"westus","tags":{},"systemData":{"createdBy":"azureclilivetest@azuresdkteam.onmicrosoft.com","createdByType":"User","createdAt":"2023-01-28T16:20:14.9796718+00:00","lastModifiedBy":"azureclilivetest@azuresdkteam.onmicrosoft.com","lastModifiedByType":"User","lastModifiedAt":"2023-01-28T16:20:14.9796718+00:00"},"properties":{"loginServer":"clireg000002.azurecr.io","creationDate":"2023-01-28T16:20:14.9796718Z","provisioningState":"Creating","adminUserEnabled":false,"networkRuleSet":{"defaultAction":"Allow","ipRules":[]},"policies":{"quarantinePolicy":{"status":"disabled"},"trustPolicy":{"type":"Notary","status":"disabled"},"retentionPolicy":{"days":7,"lastUpdatedTime":"2023-01-28T16:20:21.6113959+00:00","status":"disabled"},"exportPolicy":{"status":"enabled"},"azureADAuthenticationAsArmPolicy":{"status":"enabled"},"softDeletePolicy":{"retentionDays":7,"lastUpdatedTime":"2023-01-28T16:20:21.6113959+00:00","status":"disabled"}},"encryption":{"status":"disabled"},"dataEndpointEnabled":false,"dataEndpointHostNames":[],"privateEndpointConnections":[],"publicNetworkAccess":"Enabled","networkRuleBypassOptions":"AzureServices","zoneRedundancy":"Disabled","anonymousPullEnabled":false}}'
    headers:
      api-supported-versions:
      - 2022-02-01-preview
      azure-asyncoperation:
      - https://management.azure.com/subscriptions/00000000-0000-0000-0000-000000000000/resourceGroups/clitest.rg000001/providers/Microsoft.ContainerRegistry/registries/clireg000002/operationStatuses/registries-a42662af-9f27-11ed-87ef-7de60b70f8b6?api-version=2022-02-01-preview
      cache-control:
      - no-cache
      content-length:
      - '1469'
      content-type:
      - application/json; charset=utf-8
      date:
      - Sat, 28 Jan 2023 16:20:21 GMT
      expires:
      - '-1'
      pragma:
      - no-cache
      server:
      - Microsoft-HTTPAPI/2.0
      strict-transport-security:
      - max-age=31536000; includeSubDomains
      x-content-type-options:
      - nosniff
      x-ms-ratelimit-remaining-subscription-writes:
      - '1177'
    status:
      code: 201
      message: Created
- request:
    body: null
    headers:
      Accept:
      - '*/*'
      Accept-Encoding:
      - gzip, deflate
      CommandName:
      - acr create
      Connection:
      - keep-alive
      ParameterSetName:
      - -n -g -l --sku
      User-Agent:
      - AZURECLI/2.44.1 azsdk-python-azure-mgmt-containerregistry/10.0.0 Python/3.10.9
        (Linux-5.15.0-1031-azure-x86_64-with-glibc2.31) VSTS_7b238909-6802-4b65-b90d-184bca47f458_build_220_0
    method: GET
    uri: https://management.azure.com/subscriptions/00000000-0000-0000-0000-000000000000/resourceGroups/clitest.rg000001/providers/Microsoft.ContainerRegistry/registries/clireg000002/operationStatuses/registries-a42662af-9f27-11ed-87ef-7de60b70f8b6?api-version=2022-02-01-preview
  response:
    body:
      string: '{"status":"Succeeded"}'
    headers:
      api-supported-versions:
      - 2022-02-01-preview
      azure-asyncoperation:
      - https://management.azure.com/subscriptions/00000000-0000-0000-0000-000000000000/resourceGroups/clitest.rg000001/providers/Microsoft.ContainerRegistry/registries/clireg000002/operationStatuses/registries-a42662af-9f27-11ed-87ef-7de60b70f8b6?api-version=2022-02-01-preview
      cache-control:
      - no-cache
      content-length:
      - '22'
      content-type:
      - application/json; charset=utf-8
      date:
      - Sat, 28 Jan 2023 16:20:32 GMT
      expires:
      - '-1'
      pragma:
      - no-cache
      server:
      - Microsoft-HTTPAPI/2.0
      strict-transport-security:
      - max-age=31536000; includeSubDomains
      transfer-encoding:
      - chunked
      vary:
      - Accept-Encoding
      x-content-type-options:
      - nosniff
    status:
      code: 200
      message: OK
- request:
    body: null
    headers:
      Accept:
      - '*/*'
      Accept-Encoding:
      - gzip, deflate
      CommandName:
      - acr create
      Connection:
      - keep-alive
      ParameterSetName:
      - -n -g -l --sku
      User-Agent:
      - AZURECLI/2.44.1 azsdk-python-azure-mgmt-containerregistry/10.0.0 Python/3.10.9
        (Linux-5.15.0-1031-azure-x86_64-with-glibc2.31) VSTS_7b238909-6802-4b65-b90d-184bca47f458_build_220_0
    method: GET
    uri: https://management.azure.com/subscriptions/00000000-0000-0000-0000-000000000000/resourceGroups/clitest.rg000001/providers/Microsoft.ContainerRegistry/registries/clireg000002?api-version=2022-02-01-preview
  response:
    body:
      string: '{"sku":{"name":"Premium","tier":"Premium"},"type":"Microsoft.ContainerRegistry/registries","id":"/subscriptions/00000000-0000-0000-0000-000000000000/resourceGroups/clitest.rg000001/providers/Microsoft.ContainerRegistry/registries/clireg000002","name":"clireg000002","location":"westus","tags":{},"systemData":{"createdBy":"azureclilivetest@azuresdkteam.onmicrosoft.com","createdByType":"User","createdAt":"2023-01-28T16:20:14.9796718+00:00","lastModifiedBy":"azureclilivetest@azuresdkteam.onmicrosoft.com","lastModifiedByType":"User","lastModifiedAt":"2023-01-28T16:20:14.9796718+00:00"},"properties":{"loginServer":"clireg000002.azurecr.io","creationDate":"2023-01-28T16:20:14.9796718Z","provisioningState":"Succeeded","adminUserEnabled":false,"networkRuleSet":{"defaultAction":"Allow","ipRules":[]},"policies":{"quarantinePolicy":{"status":"disabled"},"trustPolicy":{"type":"Notary","status":"disabled"},"retentionPolicy":{"days":7,"lastUpdatedTime":"2023-01-28T16:20:21.6113959+00:00","status":"disabled"},"exportPolicy":{"status":"enabled"},"azureADAuthenticationAsArmPolicy":{"status":"enabled"},"softDeletePolicy":{"retentionDays":7,"lastUpdatedTime":"2023-01-28T16:20:21.6113959+00:00","status":"disabled"}},"encryption":{"status":"disabled"},"dataEndpointEnabled":false,"dataEndpointHostNames":[],"privateEndpointConnections":[],"publicNetworkAccess":"Enabled","networkRuleBypassOptions":"AzureServices","zoneRedundancy":"Disabled","anonymousPullEnabled":false}}'
    headers:
      api-supported-versions:
      - 2022-02-01-preview
      cache-control:
      - no-cache
      content-length:
      - '1470'
      content-type:
      - application/json; charset=utf-8
      date:
      - Sat, 28 Jan 2023 16:20:32 GMT
      expires:
      - '-1'
      pragma:
      - no-cache
      server:
      - Microsoft-HTTPAPI/2.0
      strict-transport-security:
      - max-age=31536000; includeSubDomains
      transfer-encoding:
      - chunked
      vary:
      - Accept-Encoding
      x-content-type-options:
      - nosniff
    status:
      code: 200
      message: OK
- request:
    body: '{"name": "clireg000002", "type": "Microsoft.ContainerRegistry/registries"}'
    headers:
      Accept:
      - application/json
      Accept-Encoding:
      - gzip, deflate
      CommandName:
      - acr check-name
      Connection:
      - keep-alive
      Content-Length:
      - '74'
      Content-Type:
      - application/json
      ParameterSetName:
      - -n
      User-Agent:
      - AZURECLI/2.44.1 azsdk-python-azure-mgmt-containerregistry/10.0.0 Python/3.10.9
        (Linux-5.15.0-1031-azure-x86_64-with-glibc2.31) VSTS_7b238909-6802-4b65-b90d-184bca47f458_build_220_0
    method: POST
    uri: https://management.azure.com/subscriptions/00000000-0000-0000-0000-000000000000/providers/Microsoft.ContainerRegistry/checkNameAvailability?api-version=2022-02-01-preview
  response:
    body:
      string: '{"nameAvailable":false,"reason":"AlreadyExists","message":"The registry
        clireg000002 is already in use."}'
    headers:
      cache-control:
      - no-cache
      content-length:
      - '105'
      content-type:
      - application/json; charset=utf-8
      date:
      - Sat, 28 Jan 2023 16:20:33 GMT
      expires:
      - '-1'
      pragma:
      - no-cache
      server:
      - Microsoft-HTTPAPI/2.0
      strict-transport-security:
      - max-age=31536000; includeSubDomains
      transfer-encoding:
      - chunked
      vary:
      - Accept-Encoding
      x-content-type-options:
      - nosniff
    status:
      code: 200
      message: OK
- request:
    body: null
    headers:
      Accept:
      - application/json
      Accept-Encoding:
      - gzip, deflate
      CommandName:
      - acr list
      Connection:
      - keep-alive
      ParameterSetName:
      - -g
      User-Agent:
      - AZURECLI/2.44.1 azsdk-python-azure-mgmt-containerregistry/10.0.0 Python/3.10.9
        (Linux-5.15.0-1031-azure-x86_64-with-glibc2.31) VSTS_7b238909-6802-4b65-b90d-184bca47f458_build_220_0
    method: GET
    uri: https://management.azure.com/subscriptions/00000000-0000-0000-0000-000000000000/resourceGroups/clitest.rg000001/providers/Microsoft.ContainerRegistry/registries?api-version=2022-02-01-preview
  response:
    body:
      string: '{"value":[{"sku":{"name":"Premium","tier":"Premium"},"type":"Microsoft.ContainerRegistry/registries","id":"/subscriptions/00000000-0000-0000-0000-000000000000/resourceGroups/clitest.rg000001/providers/Microsoft.ContainerRegistry/registries/clireg000002","name":"clireg000002","location":"westus","tags":{},"systemData":{"createdBy":"azureclilivetest@azuresdkteam.onmicrosoft.com","createdByType":"User","createdAt":"2023-01-28T16:20:14.9796718+00:00","lastModifiedBy":"azureclilivetest@azuresdkteam.onmicrosoft.com","lastModifiedByType":"User","lastModifiedAt":"2023-01-28T16:20:14.9796718+00:00"},"properties":{"loginServer":"clireg000002.azurecr.io","creationDate":"2023-01-28T16:20:14.9796718Z","provisioningState":"Succeeded","adminUserEnabled":false,"networkRuleSet":{"defaultAction":"Allow","ipRules":[]},"policies":{"quarantinePolicy":{"status":"disabled"},"trustPolicy":{"type":"Notary","status":"disabled"},"retentionPolicy":{"days":7,"lastUpdatedTime":"2023-01-28T16:20:21.6113959+00:00","status":"disabled"},"exportPolicy":{"status":"enabled"},"azureADAuthenticationAsArmPolicy":{"status":"enabled"},"softDeletePolicy":{"retentionDays":7,"lastUpdatedTime":"2023-01-28T16:20:21.6113959+00:00","status":"disabled"}},"encryption":{"status":"disabled"},"dataEndpointEnabled":false,"dataEndpointHostNames":[],"privateEndpointConnections":[],"publicNetworkAccess":"Enabled","networkRuleBypassOptions":"AzureServices","zoneRedundancy":"Disabled","anonymousPullEnabled":false}}]}'
    headers:
      api-supported-versions:
      - 2022-02-01-preview
      cache-control:
      - no-cache
      content-length:
      - '1482'
      content-type:
      - application/json; charset=utf-8
      date:
      - Sat, 28 Jan 2023 16:20:34 GMT
      expires:
      - '-1'
      pragma:
      - no-cache
      server:
      - Microsoft-HTTPAPI/2.0
      strict-transport-security:
      - max-age=31536000; includeSubDomains
      transfer-encoding:
      - chunked
      vary:
      - Accept-Encoding
      x-content-type-options:
      - nosniff
    status:
      code: 200
      message: OK
- request:
    body: null
    headers:
      Accept:
      - application/json
      Accept-Encoding:
      - gzip, deflate
      CommandName:
      - acr show
      Connection:
      - keep-alive
      ParameterSetName:
      - -n -g
      User-Agent:
      - AZURECLI/2.44.1 azsdk-python-azure-mgmt-containerregistry/10.0.0 Python/3.10.9
        (Linux-5.15.0-1031-azure-x86_64-with-glibc2.31) VSTS_7b238909-6802-4b65-b90d-184bca47f458_build_220_0
    method: GET
    uri: https://management.azure.com/subscriptions/00000000-0000-0000-0000-000000000000/resourceGroups/clitest.rg000001/providers/Microsoft.ContainerRegistry/registries/clireg000002?api-version=2022-02-01-preview
  response:
    body:
      string: '{"sku":{"name":"Premium","tier":"Premium"},"type":"Microsoft.ContainerRegistry/registries","id":"/subscriptions/00000000-0000-0000-0000-000000000000/resourceGroups/clitest.rg000001/providers/Microsoft.ContainerRegistry/registries/clireg000002","name":"clireg000002","location":"westus","tags":{},"systemData":{"createdBy":"azureclilivetest@azuresdkteam.onmicrosoft.com","createdByType":"User","createdAt":"2023-01-28T16:20:14.9796718+00:00","lastModifiedBy":"azureclilivetest@azuresdkteam.onmicrosoft.com","lastModifiedByType":"User","lastModifiedAt":"2023-01-28T16:20:14.9796718+00:00"},"properties":{"loginServer":"clireg000002.azurecr.io","creationDate":"2023-01-28T16:20:14.9796718Z","provisioningState":"Succeeded","adminUserEnabled":false,"networkRuleSet":{"defaultAction":"Allow","ipRules":[]},"policies":{"quarantinePolicy":{"status":"disabled"},"trustPolicy":{"type":"Notary","status":"disabled"},"retentionPolicy":{"days":7,"lastUpdatedTime":"2023-01-28T16:20:21.6113959+00:00","status":"disabled"},"exportPolicy":{"status":"enabled"},"azureADAuthenticationAsArmPolicy":{"status":"enabled"},"softDeletePolicy":{"retentionDays":7,"lastUpdatedTime":"2023-01-28T16:20:21.6113959+00:00","status":"disabled"}},"encryption":{"status":"disabled"},"dataEndpointEnabled":false,"dataEndpointHostNames":[],"privateEndpointConnections":[],"publicNetworkAccess":"Enabled","networkRuleBypassOptions":"AzureServices","zoneRedundancy":"Disabled","anonymousPullEnabled":false}}'
    headers:
      api-supported-versions:
      - 2022-02-01-preview
      cache-control:
      - no-cache
      content-length:
      - '1470'
      content-type:
      - application/json; charset=utf-8
      date:
      - Sat, 28 Jan 2023 16:20:35 GMT
      expires:
      - '-1'
      pragma:
      - no-cache
      server:
      - Microsoft-HTTPAPI/2.0
      strict-transport-security:
      - max-age=31536000; includeSubDomains
      transfer-encoding:
      - chunked
      vary:
      - Accept-Encoding
      x-content-type-options:
      - nosniff
    status:
      code: 200
      message: OK
- request:
    body: null
    headers:
      Accept:
      - application/json
      Accept-Encoding:
      - gzip, deflate
      CommandName:
      - acr show-usage
      Connection:
      - keep-alive
      ParameterSetName:
      - -n -g
      User-Agent:
      - AZURECLI/2.44.1 azsdk-python-azure-mgmt-containerregistry/10.0.0 Python/3.10.9
        (Linux-5.15.0-1031-azure-x86_64-with-glibc2.31) VSTS_7b238909-6802-4b65-b90d-184bca47f458_build_220_0
    method: GET
    uri: https://management.azure.com/subscriptions/00000000-0000-0000-0000-000000000000/resourceGroups/clitest.rg000001/providers/Microsoft.ContainerRegistry/registries/clireg000002?api-version=2022-02-01-preview
  response:
    body:
      string: '{"sku":{"name":"Premium","tier":"Premium"},"type":"Microsoft.ContainerRegistry/registries","id":"/subscriptions/00000000-0000-0000-0000-000000000000/resourceGroups/clitest.rg000001/providers/Microsoft.ContainerRegistry/registries/clireg000002","name":"clireg000002","location":"westus","tags":{},"systemData":{"createdBy":"azureclilivetest@azuresdkteam.onmicrosoft.com","createdByType":"User","createdAt":"2023-01-28T16:20:14.9796718+00:00","lastModifiedBy":"azureclilivetest@azuresdkteam.onmicrosoft.com","lastModifiedByType":"User","lastModifiedAt":"2023-01-28T16:20:14.9796718+00:00"},"properties":{"loginServer":"clireg000002.azurecr.io","creationDate":"2023-01-28T16:20:14.9796718Z","provisioningState":"Succeeded","adminUserEnabled":false,"networkRuleSet":{"defaultAction":"Allow","ipRules":[]},"policies":{"quarantinePolicy":{"status":"disabled"},"trustPolicy":{"type":"Notary","status":"disabled"},"retentionPolicy":{"days":7,"lastUpdatedTime":"2023-01-28T16:20:21.6113959+00:00","status":"disabled"},"exportPolicy":{"status":"enabled"},"azureADAuthenticationAsArmPolicy":{"status":"enabled"},"softDeletePolicy":{"retentionDays":7,"lastUpdatedTime":"2023-01-28T16:20:21.6113959+00:00","status":"disabled"}},"encryption":{"status":"disabled"},"dataEndpointEnabled":false,"dataEndpointHostNames":[],"privateEndpointConnections":[],"publicNetworkAccess":"Enabled","networkRuleBypassOptions":"AzureServices","zoneRedundancy":"Disabled","anonymousPullEnabled":false}}'
    headers:
      api-supported-versions:
      - 2022-02-01-preview
      cache-control:
      - no-cache
      content-length:
      - '1470'
      content-type:
      - application/json; charset=utf-8
      date:
      - Sat, 28 Jan 2023 16:20:35 GMT
      expires:
      - '-1'
      pragma:
      - no-cache
      server:
      - Microsoft-HTTPAPI/2.0
      strict-transport-security:
      - max-age=31536000; includeSubDomains
      transfer-encoding:
      - chunked
      vary:
      - Accept-Encoding
      x-content-type-options:
      - nosniff
    status:
      code: 200
      message: OK
- request:
    body: null
    headers:
      Accept:
      - application/json
      Accept-Encoding:
      - gzip, deflate
      CommandName:
      - acr show-usage
      Connection:
      - keep-alive
      ParameterSetName:
      - -n -g
      User-Agent:
      - AZURECLI/2.44.1 azsdk-python-azure-mgmt-containerregistry/10.0.0 Python/3.10.9
        (Linux-5.15.0-1031-azure-x86_64-with-glibc2.31) VSTS_7b238909-6802-4b65-b90d-184bca47f458_build_220_0
    method: GET
    uri: https://management.azure.com/subscriptions/00000000-0000-0000-0000-000000000000/resourceGroups/clitest.rg000001/providers/Microsoft.ContainerRegistry/registries/clireg000002/listUsages?api-version=2022-02-01-preview
  response:
    body:
      string: '{"value":[{"name":"Size","limit":536870912000,"currentValue":0,"unit":"Bytes"},{"name":"Webhooks","limit":500,"currentValue":0,"unit":"Count"},{"name":"Geo-replications","limit":-1,"currentValue":0,"unit":"Count"},{"name":"IPRules","limit":100,"currentValue":0,"unit":"Count"},{"name":"VNetRules","limit":100,"currentValue":0,"unit":"Count"},{"name":"PrivateEndpointConnections","limit":200,"currentValue":0,"unit":"Count"},{"name":"ScopeMaps","limit":50000,"currentValue":0,"unit":"Count"},{"name":"Tokens","limit":50000,"currentValue":0,"unit":"Count"}]}'
    headers:
      api-supported-versions:
      - 2022-02-01-preview
      cache-control:
      - no-cache
      content-length:
      - '556'
      content-type:
      - application/json; charset=utf-8
      date:
      - Sat, 28 Jan 2023 16:20:36 GMT
      expires:
      - '-1'
      pragma:
      - no-cache
      server:
      - Microsoft-HTTPAPI/2.0
      strict-transport-security:
      - max-age=31536000; includeSubDomains
      transfer-encoding:
      - chunked
      vary:
      - Accept-Encoding
      x-content-type-options:
      - nosniff
    status:
      code: 200
      message: OK
- request:
    body: null
    headers:
      Accept:
      - application/json
      Accept-Encoding:
      - gzip, deflate
      CommandName:
      - acr update
      Connection:
      - keep-alive
      ParameterSetName:
      - -n -g --tags --admin-enabled
      User-Agent:
      - AZURECLI/2.44.1 azsdk-python-azure-mgmt-containerregistry/10.0.0 Python/3.10.9
        (Linux-5.15.0-1031-azure-x86_64-with-glibc2.31) VSTS_7b238909-6802-4b65-b90d-184bca47f458_build_220_0
    method: GET
    uri: https://management.azure.com/subscriptions/00000000-0000-0000-0000-000000000000/resourceGroups/clitest.rg000001/providers/Microsoft.ContainerRegistry/registries/clireg000002?api-version=2022-02-01-preview
  response:
    body:
      string: '{"sku":{"name":"Premium","tier":"Premium"},"type":"Microsoft.ContainerRegistry/registries","id":"/subscriptions/00000000-0000-0000-0000-000000000000/resourceGroups/clitest.rg000001/providers/Microsoft.ContainerRegistry/registries/clireg000002","name":"clireg000002","location":"westus","tags":{},"systemData":{"createdBy":"azureclilivetest@azuresdkteam.onmicrosoft.com","createdByType":"User","createdAt":"2023-01-28T16:20:14.9796718+00:00","lastModifiedBy":"azureclilivetest@azuresdkteam.onmicrosoft.com","lastModifiedByType":"User","lastModifiedAt":"2023-01-28T16:20:14.9796718+00:00"},"properties":{"loginServer":"clireg000002.azurecr.io","creationDate":"2023-01-28T16:20:14.9796718Z","provisioningState":"Succeeded","adminUserEnabled":false,"networkRuleSet":{"defaultAction":"Allow","ipRules":[]},"policies":{"quarantinePolicy":{"status":"disabled"},"trustPolicy":{"type":"Notary","status":"disabled"},"retentionPolicy":{"days":7,"lastUpdatedTime":"2023-01-28T16:20:21.6113959+00:00","status":"disabled"},"exportPolicy":{"status":"enabled"},"azureADAuthenticationAsArmPolicy":{"status":"enabled"},"softDeletePolicy":{"retentionDays":7,"lastUpdatedTime":"2023-01-28T16:20:21.6113959+00:00","status":"disabled"}},"encryption":{"status":"disabled"},"dataEndpointEnabled":false,"dataEndpointHostNames":[],"privateEndpointConnections":[],"publicNetworkAccess":"Enabled","networkRuleBypassOptions":"AzureServices","zoneRedundancy":"Disabled","anonymousPullEnabled":false}}'
    headers:
      api-supported-versions:
      - 2022-02-01-preview
      cache-control:
      - no-cache
      content-length:
      - '1470'
      content-type:
      - application/json; charset=utf-8
      date:
      - Sat, 28 Jan 2023 16:20:37 GMT
      expires:
      - '-1'
      pragma:
      - no-cache
      server:
      - Microsoft-HTTPAPI/2.0
      strict-transport-security:
      - max-age=31536000; includeSubDomains
      transfer-encoding:
      - chunked
      vary:
      - Accept-Encoding
      x-content-type-options:
      - nosniff
    status:
      code: 200
      message: OK
- request:
    body: '{"tags": {"foo": "bar", "cat": ""}, "properties": {"adminUserEnabled":
      true}}'
    headers:
      Accept:
      - application/json
      Accept-Encoding:
      - gzip, deflate
      CommandName:
      - acr update
      Connection:
      - keep-alive
      Content-Length:
      - '77'
      Content-Type:
      - application/json
      ParameterSetName:
      - -n -g --tags --admin-enabled
      User-Agent:
      - AZURECLI/2.44.1 azsdk-python-azure-mgmt-containerregistry/10.0.0 Python/3.10.9
        (Linux-5.15.0-1031-azure-x86_64-with-glibc2.31) VSTS_7b238909-6802-4b65-b90d-184bca47f458_build_220_0
    method: PATCH
    uri: https://management.azure.com/subscriptions/00000000-0000-0000-0000-000000000000/resourceGroups/clitest.rg000001/providers/Microsoft.ContainerRegistry/registries/clireg000002?api-version=2022-02-01-preview
  response:
    body:
      string: '{"sku":{"name":"Premium","tier":"Premium"},"type":"Microsoft.ContainerRegistry/registries","id":"/subscriptions/00000000-0000-0000-0000-000000000000/resourceGroups/clitest.rg000001/providers/Microsoft.ContainerRegistry/registries/clireg000002","name":"clireg000002","location":"westus","tags":{"foo":"bar","cat":""},"systemData":{"createdBy":"azureclilivetest@azuresdkteam.onmicrosoft.com","createdByType":"User","createdAt":"2023-01-28T16:20:14.9796718+00:00","lastModifiedBy":"azureclilivetest@azuresdkteam.onmicrosoft.com","lastModifiedByType":"User","lastModifiedAt":"2023-01-28T16:20:37.4206054+00:00"},"properties":{"loginServer":"clireg000002.azurecr.io","creationDate":"2023-01-28T16:20:14.9796718Z","provisioningState":"Succeeded","adminUserEnabled":true,"networkRuleSet":{"defaultAction":"Allow","ipRules":[]},"policies":{"quarantinePolicy":{"status":"disabled"},"trustPolicy":{"type":"Notary","status":"disabled"},"retentionPolicy":{"days":7,"lastUpdatedTime":"2023-01-28T16:20:21.6113959+00:00","status":"disabled"},"exportPolicy":{"status":"enabled"},"azureADAuthenticationAsArmPolicy":{"status":"enabled"},"softDeletePolicy":{"retentionDays":7,"lastUpdatedTime":"2023-01-28T16:20:21.6113959+00:00","status":"disabled"}},"encryption":{"status":"disabled"},"dataEndpointEnabled":false,"dataEndpointHostNames":[],"privateEndpointConnections":[],"publicNetworkAccess":"Enabled","networkRuleBypassOptions":"AzureServices","zoneRedundancy":"Disabled","anonymousPullEnabled":false}}'
    headers:
      api-supported-versions:
      - 2022-02-01-preview
      cache-control:
      - no-cache
      content-length:
      - '1489'
      content-type:
      - application/json; charset=utf-8
      date:
      - Sat, 28 Jan 2023 16:20:38 GMT
      expires:
      - '-1'
      pragma:
      - no-cache
      server:
      - Microsoft-HTTPAPI/2.0
      strict-transport-security:
      - max-age=31536000; includeSubDomains
      transfer-encoding:
      - chunked
      vary:
      - Accept-Encoding
      x-content-type-options:
      - nosniff
      x-ms-ratelimit-remaining-subscription-writes:
      - '1196'
    status:
      code: 200
      message: OK
- request:
    body: null
    headers:
      Accept:
      - application/json
      Accept-Encoding:
      - gzip, deflate
      CommandName:
      - acr config retention update
      Connection:
      - keep-alive
      ParameterSetName:
      - -r --status --days --type
      User-Agent:
      - AZURECLI/2.44.1 azsdk-python-azure-mgmt-resource/22.0.0 Python/3.10.9 (Linux-5.15.0-1031-azure-x86_64-with-glibc2.31)
        VSTS_7b238909-6802-4b65-b90d-184bca47f458_build_220_0
    method: GET
    uri: https://management.azure.com/subscriptions/00000000-0000-0000-0000-000000000000/resources?$filter=resourceType%20eq%20%27Microsoft.ContainerRegistry%2Fregistries%27&api-version=2022-09-01
  response:
    body:
      string: '{"value":[{"id":"/subscriptions/00000000-0000-0000-0000-000000000000/resourceGroups/clitest.rgdmp6b4zdlgf2zghnf33wrzqy5hlxebaoge4vthqahtej7epha57dcadupk7gdbmc2/providers/Microsoft.ContainerRegistry/registries/clireg7vx33prql5yce3","name":"clireg7vx33prql5yce3","type":"Microsoft.ContainerRegistry/registries","sku":{"name":"Premium","tier":"Premium"},"location":"eastus","tags":{},"systemData":{"createdBy":"v-taoxuzeng@microsoft.com","createdByType":"User","createdAt":"2022-05-25T15:35:36.5820972Z","lastModifiedBy":"v-taoxuzeng@microsoft.com","lastModifiedByType":"User","lastModifiedAt":"2022-05-25T15:35:36.5820972Z"}},{"id":"/subscriptions/00000000-0000-0000-0000-000000000000/resourceGroups/clitest.rg000001/providers/Microsoft.ContainerRegistry/registries/clireg000002","name":"clireg000002","type":"Microsoft.ContainerRegistry/registries","sku":{"name":"Premium","tier":"Premium"},"location":"westus","tags":{"foo":"bar","cat":""},"systemData":{"createdBy":"azureclilivetest@azuresdkteam.onmicrosoft.com","createdByType":"User","createdAt":"2023-01-28T16:20:14.9796718Z","lastModifiedBy":"azureclilivetest@azuresdkteam.onmicrosoft.com","lastModifiedByType":"User","lastModifiedAt":"2023-01-28T16:20:37.4206054Z"}},{"id":"/subscriptions/00000000-0000-0000-0000-000000000000/resourceGroups/resourcegroupsamesub/providers/Microsoft.ContainerRegistry/registries/sourceregistrysamesubojq2jfscrsdsut5ji6i","name":"sourceregistrysamesubojq2jfscrsdsut5ji6i","type":"Microsoft.ContainerRegistry/registries","sku":{"name":"Standard","tier":"Standard"},"location":"westus","tags":{},"systemData":{"createdBy":"azureclilivetest@azuresdkteam.onmicrosoft.com","createdByType":"User","createdAt":"2023-01-28T12:07:18.3589793Z","lastModifiedBy":"azureclilivetest@azuresdkteam.onmicrosoft.com","lastModifiedByType":"User","lastModifiedAt":"2023-01-28T12:07:18.3589793Z"}},{"id":"/subscriptions/00000000-0000-0000-0000-000000000000/resourceGroups/similar-bot/providers/Microsoft.ContainerRegistry/registries/similarbot","name":"similarbot","type":"Microsoft.ContainerRegistry/registries","sku":{"name":"Standard","tier":"Standard"},"location":"eastus","tags":{},"systemData":{"createdBy":"hanglei@microsoft.com","createdByType":"User","createdAt":"2022-12-27T10:03:56.9625259Z","lastModifiedBy":"hanglei@microsoft.com","lastModifiedByType":"User","lastModifiedAt":"2022-12-27T10:03:56.9625259Z"}}]}'
    headers:
      cache-control:
      - no-cache
      content-length:
      - '2389'
      content-type:
      - application/json; charset=utf-8
      date:
      - Sat, 28 Jan 2023 16:20:38 GMT
      expires:
      - '-1'
      pragma:
      - no-cache
      strict-transport-security:
      - max-age=31536000; includeSubDomains
      vary:
      - Accept-Encoding
      x-content-type-options:
      - nosniff
    status:
      code: 200
      message: OK
- request:
    body: null
    headers:
      Accept:
      - application/json
      Accept-Encoding:
      - gzip, deflate
      CommandName:
      - acr config retention update
      Connection:
      - keep-alive
      ParameterSetName:
      - -r --status --days --type
      User-Agent:
      - AZURECLI/2.44.1 azsdk-python-azure-mgmt-containerregistry/10.0.0 Python/3.10.9
        (Linux-5.15.0-1031-azure-x86_64-with-glibc2.31) VSTS_7b238909-6802-4b65-b90d-184bca47f458_build_220_0
    method: GET
    uri: https://management.azure.com/subscriptions/00000000-0000-0000-0000-000000000000/resourceGroups/clitest.rg000001/providers/Microsoft.ContainerRegistry/registries/clireg000002?api-version=2022-02-01-preview
  response:
    body:
      string: '{"sku":{"name":"Premium","tier":"Premium"},"type":"Microsoft.ContainerRegistry/registries","id":"/subscriptions/00000000-0000-0000-0000-000000000000/resourceGroups/clitest.rg000001/providers/Microsoft.ContainerRegistry/registries/clireg000002","name":"clireg000002","location":"westus","tags":{"foo":"bar","cat":""},"systemData":{"createdBy":"azureclilivetest@azuresdkteam.onmicrosoft.com","createdByType":"User","createdAt":"2023-01-28T16:20:14.9796718+00:00","lastModifiedBy":"azureclilivetest@azuresdkteam.onmicrosoft.com","lastModifiedByType":"User","lastModifiedAt":"2023-01-28T16:20:37.4206054+00:00"},"properties":{"loginServer":"clireg000002.azurecr.io","creationDate":"2023-01-28T16:20:14.9796718Z","provisioningState":"Succeeded","adminUserEnabled":true,"networkRuleSet":{"defaultAction":"Allow","ipRules":[]},"policies":{"quarantinePolicy":{"status":"disabled"},"trustPolicy":{"type":"Notary","status":"disabled"},"retentionPolicy":{"days":7,"lastUpdatedTime":"2023-01-28T16:20:21.6113959+00:00","status":"disabled"},"exportPolicy":{"status":"enabled"},"azureADAuthenticationAsArmPolicy":{"status":"enabled"},"softDeletePolicy":{"retentionDays":7,"lastUpdatedTime":"2023-01-28T16:20:21.6113959+00:00","status":"disabled"}},"encryption":{"status":"disabled"},"dataEndpointEnabled":false,"dataEndpointHostNames":[],"privateEndpointConnections":[],"publicNetworkAccess":"Enabled","networkRuleBypassOptions":"AzureServices","zoneRedundancy":"Disabled","anonymousPullEnabled":false}}'
    headers:
      api-supported-versions:
      - 2022-02-01-preview
      cache-control:
      - no-cache
      content-length:
      - '1489'
      content-type:
      - application/json; charset=utf-8
      date:
      - Sat, 28 Jan 2023 16:20:39 GMT
      expires:
      - '-1'
      pragma:
      - no-cache
      server:
      - Microsoft-HTTPAPI/2.0
      strict-transport-security:
      - max-age=31536000; includeSubDomains
      transfer-encoding:
      - chunked
      vary:
      - Accept-Encoding
      x-content-type-options:
      - nosniff
    status:
      code: 200
      message: OK
- request:
    body: '{"properties": {"policies": {"quarantinePolicy": {"status": "disabled"},
      "trustPolicy": {"type": "Notary", "status": "disabled"}, "retentionPolicy":
      {"days": 30, "status": "enabled"}, "exportPolicy": {"status": "enabled"}, "azureADAuthenticationAsArmPolicy":
      {"status": "enabled"}, "softDeletePolicy": {"retentionDays": 7, "status": "disabled"}}}}'
    headers:
      Accept:
      - application/json
      Accept-Encoding:
      - gzip, deflate
      CommandName:
      - acr config retention update
      Connection:
      - keep-alive
      Content-Length:
      - '347'
      Content-Type:
      - application/json
      ParameterSetName:
      - -r --status --days --type
      User-Agent:
      - AZURECLI/2.44.1 azsdk-python-azure-mgmt-containerregistry/10.0.0 Python/3.10.9
        (Linux-5.15.0-1031-azure-x86_64-with-glibc2.31) VSTS_7b238909-6802-4b65-b90d-184bca47f458_build_220_0
    method: PATCH
    uri: https://management.azure.com/subscriptions/00000000-0000-0000-0000-000000000000/resourceGroups/clitest.rg000001/providers/Microsoft.ContainerRegistry/registries/clireg000002?api-version=2022-02-01-preview
  response:
    body:
      string: '{"sku":{"name":"Premium","tier":"Premium"},"type":"Microsoft.ContainerRegistry/registries","id":"/subscriptions/00000000-0000-0000-0000-000000000000/resourceGroups/clitest.rg000001/providers/Microsoft.ContainerRegistry/registries/clireg000002","name":"clireg000002","location":"westus","tags":{"foo":"bar","cat":""},"systemData":{"createdBy":"azureclilivetest@azuresdkteam.onmicrosoft.com","createdByType":"User","createdAt":"2023-01-28T16:20:14.9796718+00:00","lastModifiedBy":"azureclilivetest@azuresdkteam.onmicrosoft.com","lastModifiedByType":"User","lastModifiedAt":"2023-01-28T16:20:39.5543866+00:00"},"properties":{"loginServer":"clireg000002.azurecr.io","creationDate":"2023-01-28T16:20:14.9796718Z","provisioningState":"Succeeded","adminUserEnabled":true,"networkRuleSet":{"defaultAction":"Allow","ipRules":[]},"policies":{"quarantinePolicy":{"status":"disabled"},"trustPolicy":{"type":"Notary","status":"disabled"},"retentionPolicy":{"days":30,"lastUpdatedTime":"2023-01-28T16:20:39.9525043+00:00","status":"enabled"},"exportPolicy":{"status":"enabled"},"azureADAuthenticationAsArmPolicy":{"status":"enabled"},"softDeletePolicy":{"retentionDays":7,"lastUpdatedTime":"2023-01-28T16:20:39.9525043+00:00","status":"disabled"}},"encryption":{"status":"disabled"},"dataEndpointEnabled":false,"dataEndpointHostNames":[],"privateEndpointConnections":[],"publicNetworkAccess":"Enabled","networkRuleBypassOptions":"AzureServices","zoneRedundancy":"Disabled","anonymousPullEnabled":false}}'
    headers:
      api-supported-versions:
      - 2022-02-01-preview
      cache-control:
      - no-cache
      content-length:
      - '1489'
      content-type:
      - application/json; charset=utf-8
      date:
      - Sat, 28 Jan 2023 16:20:39 GMT
      expires:
      - '-1'
      pragma:
      - no-cache
      server:
      - Microsoft-HTTPAPI/2.0
      strict-transport-security:
      - max-age=31536000; includeSubDomains
      transfer-encoding:
      - chunked
      vary:
      - Accept-Encoding
      x-content-type-options:
      - nosniff
      x-ms-ratelimit-remaining-subscription-writes:
      - '1198'
    status:
      code: 200
      message: OK
- request:
    body: null
    headers:
      Accept:
      - application/json
      Accept-Encoding:
      - gzip, deflate
      CommandName:
      - acr config retention show
      Connection:
      - keep-alive
      ParameterSetName:
      - -r
      User-Agent:
      - AZURECLI/2.44.1 azsdk-python-azure-mgmt-resource/22.0.0 Python/3.10.9 (Linux-5.15.0-1031-azure-x86_64-with-glibc2.31)
        VSTS_7b238909-6802-4b65-b90d-184bca47f458_build_220_0
    method: GET
    uri: https://management.azure.com/subscriptions/00000000-0000-0000-0000-000000000000/resources?$filter=resourceType%20eq%20%27Microsoft.ContainerRegistry%2Fregistries%27&api-version=2022-09-01
  response:
    body:
      string: '{"value":[{"id":"/subscriptions/00000000-0000-0000-0000-000000000000/resourceGroups/clitest.rgdmp6b4zdlgf2zghnf33wrzqy5hlxebaoge4vthqahtej7epha57dcadupk7gdbmc2/providers/Microsoft.ContainerRegistry/registries/clireg7vx33prql5yce3","name":"clireg7vx33prql5yce3","type":"Microsoft.ContainerRegistry/registries","sku":{"name":"Premium","tier":"Premium"},"location":"eastus","tags":{},"systemData":{"createdBy":"v-taoxuzeng@microsoft.com","createdByType":"User","createdAt":"2022-05-25T15:35:36.5820972Z","lastModifiedBy":"v-taoxuzeng@microsoft.com","lastModifiedByType":"User","lastModifiedAt":"2022-05-25T15:35:36.5820972Z"}},{"id":"/subscriptions/00000000-0000-0000-0000-000000000000/resourceGroups/clitest.rg000001/providers/Microsoft.ContainerRegistry/registries/clireg000002","name":"clireg000002","type":"Microsoft.ContainerRegistry/registries","sku":{"name":"Premium","tier":"Premium"},"location":"westus","tags":{"foo":"bar","cat":""},"systemData":{"createdBy":"azureclilivetest@azuresdkteam.onmicrosoft.com","createdByType":"User","createdAt":"2023-01-28T16:20:14.9796718Z","lastModifiedBy":"azureclilivetest@azuresdkteam.onmicrosoft.com","lastModifiedByType":"User","lastModifiedAt":"2023-01-28T16:20:37.4206054Z"}},{"id":"/subscriptions/00000000-0000-0000-0000-000000000000/resourceGroups/resourcegroupsamesub/providers/Microsoft.ContainerRegistry/registries/sourceregistrysamesubojq2jfscrsdsut5ji6i","name":"sourceregistrysamesubojq2jfscrsdsut5ji6i","type":"Microsoft.ContainerRegistry/registries","sku":{"name":"Standard","tier":"Standard"},"location":"westus","tags":{},"systemData":{"createdBy":"azureclilivetest@azuresdkteam.onmicrosoft.com","createdByType":"User","createdAt":"2023-01-28T12:07:18.3589793Z","lastModifiedBy":"azureclilivetest@azuresdkteam.onmicrosoft.com","lastModifiedByType":"User","lastModifiedAt":"2023-01-28T12:07:18.3589793Z"}},{"id":"/subscriptions/00000000-0000-0000-0000-000000000000/resourceGroups/similar-bot/providers/Microsoft.ContainerRegistry/registries/similarbot","name":"similarbot","type":"Microsoft.ContainerRegistry/registries","sku":{"name":"Standard","tier":"Standard"},"location":"eastus","tags":{},"systemData":{"createdBy":"hanglei@microsoft.com","createdByType":"User","createdAt":"2022-12-27T10:03:56.9625259Z","lastModifiedBy":"hanglei@microsoft.com","lastModifiedByType":"User","lastModifiedAt":"2022-12-27T10:03:56.9625259Z"}}]}'
    headers:
      cache-control:
      - no-cache
      content-length:
      - '2389'
      content-type:
      - application/json; charset=utf-8
      date:
      - Sat, 28 Jan 2023 16:20:39 GMT
      expires:
      - '-1'
      pragma:
      - no-cache
      strict-transport-security:
      - max-age=31536000; includeSubDomains
      vary:
      - Accept-Encoding
      x-content-type-options:
      - nosniff
    status:
      code: 200
      message: OK
- request:
    body: null
    headers:
      Accept:
      - application/json
      Accept-Encoding:
      - gzip, deflate
      CommandName:
      - acr config retention show
      Connection:
      - keep-alive
      ParameterSetName:
      - -r
      User-Agent:
      - AZURECLI/2.44.1 azsdk-python-azure-mgmt-containerregistry/10.0.0 Python/3.10.9
        (Linux-5.15.0-1031-azure-x86_64-with-glibc2.31) VSTS_7b238909-6802-4b65-b90d-184bca47f458_build_220_0
    method: GET
    uri: https://management.azure.com/subscriptions/00000000-0000-0000-0000-000000000000/resourceGroups/clitest.rg000001/providers/Microsoft.ContainerRegistry/registries/clireg000002?api-version=2022-02-01-preview
  response:
    body:
      string: '{"sku":{"name":"Premium","tier":"Premium"},"type":"Microsoft.ContainerRegistry/registries","id":"/subscriptions/00000000-0000-0000-0000-000000000000/resourceGroups/clitest.rg000001/providers/Microsoft.ContainerRegistry/registries/clireg000002","name":"clireg000002","location":"westus","tags":{"foo":"bar","cat":""},"systemData":{"createdBy":"azureclilivetest@azuresdkteam.onmicrosoft.com","createdByType":"User","createdAt":"2023-01-28T16:20:14.9796718+00:00","lastModifiedBy":"azureclilivetest@azuresdkteam.onmicrosoft.com","lastModifiedByType":"User","lastModifiedAt":"2023-01-28T16:20:39.5543866+00:00"},"properties":{"loginServer":"clireg000002.azurecr.io","creationDate":"2023-01-28T16:20:14.9796718Z","provisioningState":"Succeeded","adminUserEnabled":true,"networkRuleSet":{"defaultAction":"Allow","ipRules":[]},"policies":{"quarantinePolicy":{"status":"disabled"},"trustPolicy":{"type":"Notary","status":"disabled"},"retentionPolicy":{"days":30,"lastUpdatedTime":"2023-01-28T16:20:39.9525043+00:00","status":"enabled"},"exportPolicy":{"status":"enabled"},"azureADAuthenticationAsArmPolicy":{"status":"enabled"},"softDeletePolicy":{"retentionDays":7,"lastUpdatedTime":"2023-01-28T16:20:39.9525043+00:00","status":"disabled"}},"encryption":{"status":"disabled"},"dataEndpointEnabled":false,"dataEndpointHostNames":[],"privateEndpointConnections":[],"publicNetworkAccess":"Enabled","networkRuleBypassOptions":"AzureServices","zoneRedundancy":"Disabled","anonymousPullEnabled":false}}'
    headers:
      api-supported-versions:
      - 2022-02-01-preview
      cache-control:
      - no-cache
      content-length:
      - '1489'
      content-type:
      - application/json; charset=utf-8
      date:
      - Sat, 28 Jan 2023 16:20:40 GMT
      expires:
      - '-1'
      pragma:
      - no-cache
      server:
      - Microsoft-HTTPAPI/2.0
      strict-transport-security:
      - max-age=31536000; includeSubDomains
      transfer-encoding:
      - chunked
      vary:
      - Accept-Encoding
      x-content-type-options:
      - nosniff
    status:
      code: 200
      message: OK
- request:
    body: null
    headers:
      Accept:
      - application/json
      Accept-Encoding:
      - gzip, deflate
      CommandName:
      - acr config content-trust update
      Connection:
      - keep-alive
      ParameterSetName:
      - -n --status
      User-Agent:
      - AZURECLI/2.44.1 azsdk-python-azure-mgmt-resource/22.0.0 Python/3.10.9 (Linux-5.15.0-1031-azure-x86_64-with-glibc2.31)
        VSTS_7b238909-6802-4b65-b90d-184bca47f458_build_220_0
    method: GET
    uri: https://management.azure.com/subscriptions/00000000-0000-0000-0000-000000000000/resources?$filter=resourceType%20eq%20%27Microsoft.ContainerRegistry%2Fregistries%27&api-version=2022-09-01
  response:
    body:
      string: '{"value":[{"id":"/subscriptions/00000000-0000-0000-0000-000000000000/resourceGroups/clitest.rgdmp6b4zdlgf2zghnf33wrzqy5hlxebaoge4vthqahtej7epha57dcadupk7gdbmc2/providers/Microsoft.ContainerRegistry/registries/clireg7vx33prql5yce3","name":"clireg7vx33prql5yce3","type":"Microsoft.ContainerRegistry/registries","sku":{"name":"Premium","tier":"Premium"},"location":"eastus","tags":{},"systemData":{"createdBy":"v-taoxuzeng@microsoft.com","createdByType":"User","createdAt":"2022-05-25T15:35:36.5820972Z","lastModifiedBy":"v-taoxuzeng@microsoft.com","lastModifiedByType":"User","lastModifiedAt":"2022-05-25T15:35:36.5820972Z"}},{"id":"/subscriptions/00000000-0000-0000-0000-000000000000/resourceGroups/clitest.rg000001/providers/Microsoft.ContainerRegistry/registries/clireg000002","name":"clireg000002","type":"Microsoft.ContainerRegistry/registries","sku":{"name":"Premium","tier":"Premium"},"location":"westus","tags":{"foo":"bar","cat":""},"systemData":{"createdBy":"azureclilivetest@azuresdkteam.onmicrosoft.com","createdByType":"User","createdAt":"2023-01-28T16:20:14.9796718Z","lastModifiedBy":"azureclilivetest@azuresdkteam.onmicrosoft.com","lastModifiedByType":"User","lastModifiedAt":"2023-01-28T16:20:37.4206054Z"}},{"id":"/subscriptions/00000000-0000-0000-0000-000000000000/resourceGroups/resourcegroupsamesub/providers/Microsoft.ContainerRegistry/registries/sourceregistrysamesubojq2jfscrsdsut5ji6i","name":"sourceregistrysamesubojq2jfscrsdsut5ji6i","type":"Microsoft.ContainerRegistry/registries","sku":{"name":"Standard","tier":"Standard"},"location":"westus","tags":{},"systemData":{"createdBy":"azureclilivetest@azuresdkteam.onmicrosoft.com","createdByType":"User","createdAt":"2023-01-28T12:07:18.3589793Z","lastModifiedBy":"azureclilivetest@azuresdkteam.onmicrosoft.com","lastModifiedByType":"User","lastModifiedAt":"2023-01-28T12:07:18.3589793Z"}},{"id":"/subscriptions/00000000-0000-0000-0000-000000000000/resourceGroups/similar-bot/providers/Microsoft.ContainerRegistry/registries/similarbot","name":"similarbot","type":"Microsoft.ContainerRegistry/registries","sku":{"name":"Standard","tier":"Standard"},"location":"eastus","tags":{},"systemData":{"createdBy":"hanglei@microsoft.com","createdByType":"User","createdAt":"2022-12-27T10:03:56.9625259Z","lastModifiedBy":"hanglei@microsoft.com","lastModifiedByType":"User","lastModifiedAt":"2022-12-27T10:03:56.9625259Z"}}]}'
    headers:
      cache-control:
      - no-cache
      content-length:
      - '2389'
      content-type:
      - application/json; charset=utf-8
      date:
      - Sat, 28 Jan 2023 16:20:40 GMT
      expires:
      - '-1'
      pragma:
      - no-cache
      strict-transport-security:
      - max-age=31536000; includeSubDomains
      x-content-type-options:
      - nosniff
    status:
      code: 200
      message: OK
- request:
    body: null
    headers:
      Accept:
      - application/json
      Accept-Encoding:
      - gzip, deflate
      CommandName:
      - acr config content-trust update
      Connection:
      - keep-alive
      ParameterSetName:
      - -n --status
      User-Agent:
      - AZURECLI/2.44.1 azsdk-python-azure-mgmt-containerregistry/10.0.0 Python/3.10.9
        (Linux-5.15.0-1031-azure-x86_64-with-glibc2.31) VSTS_7b238909-6802-4b65-b90d-184bca47f458_build_220_0
    method: GET
    uri: https://management.azure.com/subscriptions/00000000-0000-0000-0000-000000000000/resourceGroups/clitest.rg000001/providers/Microsoft.ContainerRegistry/registries/clireg000002?api-version=2022-02-01-preview
  response:
    body:
      string: '{"sku":{"name":"Premium","tier":"Premium"},"type":"Microsoft.ContainerRegistry/registries","id":"/subscriptions/00000000-0000-0000-0000-000000000000/resourceGroups/clitest.rg000001/providers/Microsoft.ContainerRegistry/registries/clireg000002","name":"clireg000002","location":"westus","tags":{"foo":"bar","cat":""},"systemData":{"createdBy":"azureclilivetest@azuresdkteam.onmicrosoft.com","createdByType":"User","createdAt":"2023-01-28T16:20:14.9796718+00:00","lastModifiedBy":"azureclilivetest@azuresdkteam.onmicrosoft.com","lastModifiedByType":"User","lastModifiedAt":"2023-01-28T16:20:39.5543866+00:00"},"properties":{"loginServer":"clireg000002.azurecr.io","creationDate":"2023-01-28T16:20:14.9796718Z","provisioningState":"Succeeded","adminUserEnabled":true,"networkRuleSet":{"defaultAction":"Allow","ipRules":[]},"policies":{"quarantinePolicy":{"status":"disabled"},"trustPolicy":{"type":"Notary","status":"disabled"},"retentionPolicy":{"days":30,"lastUpdatedTime":"2023-01-28T16:20:39.9525043+00:00","status":"enabled"},"exportPolicy":{"status":"enabled"},"azureADAuthenticationAsArmPolicy":{"status":"enabled"},"softDeletePolicy":{"retentionDays":7,"lastUpdatedTime":"2023-01-28T16:20:39.9525043+00:00","status":"disabled"}},"encryption":{"status":"disabled"},"dataEndpointEnabled":false,"dataEndpointHostNames":[],"privateEndpointConnections":[],"publicNetworkAccess":"Enabled","networkRuleBypassOptions":"AzureServices","zoneRedundancy":"Disabled","anonymousPullEnabled":false}}'
    headers:
      api-supported-versions:
      - 2022-02-01-preview
      cache-control:
      - no-cache
      content-length:
      - '1489'
      content-type:
      - application/json; charset=utf-8
      date:
      - Sat, 28 Jan 2023 16:20:40 GMT
      expires:
      - '-1'
      pragma:
      - no-cache
      server:
      - Microsoft-HTTPAPI/2.0
      strict-transport-security:
      - max-age=31536000; includeSubDomains
      transfer-encoding:
      - chunked
      vary:
      - Accept-Encoding
      x-content-type-options:
      - nosniff
    status:
      code: 200
      message: OK
- request:
    body: '{"properties": {"policies": {"quarantinePolicy": {"status": "disabled"},
      "trustPolicy": {"type": "Notary", "status": "enabled"}, "retentionPolicy": {"days":
      30, "status": "enabled"}, "exportPolicy": {"status": "enabled"}, "azureADAuthenticationAsArmPolicy":
      {"status": "enabled"}, "softDeletePolicy": {"retentionDays": 7, "status": "disabled"}}}}'
    headers:
      Accept:
      - application/json
      Accept-Encoding:
      - gzip, deflate
      CommandName:
      - acr config content-trust update
      Connection:
      - keep-alive
      Content-Length:
      - '346'
      Content-Type:
      - application/json
      ParameterSetName:
      - -n --status
      User-Agent:
      - AZURECLI/2.44.1 azsdk-python-azure-mgmt-containerregistry/10.0.0 Python/3.10.9
        (Linux-5.15.0-1031-azure-x86_64-with-glibc2.31) VSTS_7b238909-6802-4b65-b90d-184bca47f458_build_220_0
    method: PATCH
    uri: https://management.azure.com/subscriptions/00000000-0000-0000-0000-000000000000/resourceGroups/clitest.rg000001/providers/Microsoft.ContainerRegistry/registries/clireg000002?api-version=2022-02-01-preview
  response:
    body:
      string: '{"sku":{"name":"Premium","tier":"Premium"},"type":"Microsoft.ContainerRegistry/registries","id":"/subscriptions/00000000-0000-0000-0000-000000000000/resourceGroups/clitest.rg000001/providers/Microsoft.ContainerRegistry/registries/clireg000002","name":"clireg000002","location":"westus","tags":{"foo":"bar","cat":""},"systemData":{"createdBy":"azureclilivetest@azuresdkteam.onmicrosoft.com","createdByType":"User","createdAt":"2023-01-28T16:20:14.9796718+00:00","lastModifiedBy":"azureclilivetest@azuresdkteam.onmicrosoft.com","lastModifiedByType":"User","lastModifiedAt":"2023-01-28T16:20:41.4071579+00:00"},"properties":{"loginServer":"clireg000002.azurecr.io","creationDate":"2023-01-28T16:20:14.9796718Z","provisioningState":"Succeeded","adminUserEnabled":true,"networkRuleSet":{"defaultAction":"Allow","ipRules":[]},"policies":{"quarantinePolicy":{"status":"disabled"},"trustPolicy":{"type":"Notary","status":"enabled"},"retentionPolicy":{"days":30,"lastUpdatedTime":"2023-01-28T16:20:41.7390915+00:00","status":"enabled"},"exportPolicy":{"status":"enabled"},"azureADAuthenticationAsArmPolicy":{"status":"enabled"},"softDeletePolicy":{"retentionDays":7,"lastUpdatedTime":"2023-01-28T16:20:41.7390915+00:00","status":"disabled"}},"encryption":{"status":"disabled"},"dataEndpointEnabled":false,"dataEndpointHostNames":[],"privateEndpointConnections":[],"publicNetworkAccess":"Enabled","networkRuleBypassOptions":"AzureServices","zoneRedundancy":"Disabled","anonymousPullEnabled":false}}'
    headers:
      api-supported-versions:
      - 2022-02-01-preview
      cache-control:
      - no-cache
      content-length:
      - '1488'
      content-type:
      - application/json; charset=utf-8
      date:
      - Sat, 28 Jan 2023 16:20:41 GMT
      expires:
      - '-1'
      pragma:
      - no-cache
      server:
      - Microsoft-HTTPAPI/2.0
      strict-transport-security:
      - max-age=31536000; includeSubDomains
      transfer-encoding:
      - chunked
      vary:
      - Accept-Encoding
      x-content-type-options:
      - nosniff
      x-ms-ratelimit-remaining-subscription-writes:
      - '1191'
    status:
      code: 200
      message: OK
- request:
    body: null
    headers:
      Accept:
      - application/json
      Accept-Encoding:
      - gzip, deflate
      CommandName:
      - acr config content-trust show
      Connection:
      - keep-alive
      ParameterSetName:
      - -n
      User-Agent:
      - AZURECLI/2.44.1 azsdk-python-azure-mgmt-resource/22.0.0 Python/3.10.9 (Linux-5.15.0-1031-azure-x86_64-with-glibc2.31)
        VSTS_7b238909-6802-4b65-b90d-184bca47f458_build_220_0
    method: GET
    uri: https://management.azure.com/subscriptions/00000000-0000-0000-0000-000000000000/resources?$filter=resourceType%20eq%20%27Microsoft.ContainerRegistry%2Fregistries%27&api-version=2022-09-01
  response:
    body:
      string: '{"value":[{"id":"/subscriptions/00000000-0000-0000-0000-000000000000/resourceGroups/clitest.rgdmp6b4zdlgf2zghnf33wrzqy5hlxebaoge4vthqahtej7epha57dcadupk7gdbmc2/providers/Microsoft.ContainerRegistry/registries/clireg7vx33prql5yce3","name":"clireg7vx33prql5yce3","type":"Microsoft.ContainerRegistry/registries","sku":{"name":"Premium","tier":"Premium"},"location":"eastus","tags":{},"systemData":{"createdBy":"v-taoxuzeng@microsoft.com","createdByType":"User","createdAt":"2022-05-25T15:35:36.5820972Z","lastModifiedBy":"v-taoxuzeng@microsoft.com","lastModifiedByType":"User","lastModifiedAt":"2022-05-25T15:35:36.5820972Z"}},{"id":"/subscriptions/00000000-0000-0000-0000-000000000000/resourceGroups/clitest.rg000001/providers/Microsoft.ContainerRegistry/registries/clireg000002","name":"clireg000002","type":"Microsoft.ContainerRegistry/registries","sku":{"name":"Premium","tier":"Premium"},"location":"westus","tags":{"foo":"bar","cat":""},"systemData":{"createdBy":"azureclilivetest@azuresdkteam.onmicrosoft.com","createdByType":"User","createdAt":"2023-01-28T16:20:14.9796718Z","lastModifiedBy":"azureclilivetest@azuresdkteam.onmicrosoft.com","lastModifiedByType":"User","lastModifiedAt":"2023-01-28T16:20:37.4206054Z"}},{"id":"/subscriptions/00000000-0000-0000-0000-000000000000/resourceGroups/resourcegroupsamesub/providers/Microsoft.ContainerRegistry/registries/sourceregistrysamesubojq2jfscrsdsut5ji6i","name":"sourceregistrysamesubojq2jfscrsdsut5ji6i","type":"Microsoft.ContainerRegistry/registries","sku":{"name":"Standard","tier":"Standard"},"location":"westus","tags":{},"systemData":{"createdBy":"azureclilivetest@azuresdkteam.onmicrosoft.com","createdByType":"User","createdAt":"2023-01-28T12:07:18.3589793Z","lastModifiedBy":"azureclilivetest@azuresdkteam.onmicrosoft.com","lastModifiedByType":"User","lastModifiedAt":"2023-01-28T12:07:18.3589793Z"}},{"id":"/subscriptions/00000000-0000-0000-0000-000000000000/resourceGroups/similar-bot/providers/Microsoft.ContainerRegistry/registries/similarbot","name":"similarbot","type":"Microsoft.ContainerRegistry/registries","sku":{"name":"Standard","tier":"Standard"},"location":"eastus","tags":{},"systemData":{"createdBy":"hanglei@microsoft.com","createdByType":"User","createdAt":"2022-12-27T10:03:56.9625259Z","lastModifiedBy":"hanglei@microsoft.com","lastModifiedByType":"User","lastModifiedAt":"2022-12-27T10:03:56.9625259Z"}}]}'
    headers:
      cache-control:
      - no-cache
      content-length:
      - '2389'
      content-type:
      - application/json; charset=utf-8
      date:
      - Sat, 28 Jan 2023 16:20:41 GMT
      expires:
      - '-1'
      pragma:
      - no-cache
      strict-transport-security:
      - max-age=31536000; includeSubDomains
      vary:
      - Accept-Encoding
      x-content-type-options:
      - nosniff
    status:
      code: 200
      message: OK
- request:
    body: null
    headers:
      Accept:
      - application/json
      Accept-Encoding:
      - gzip, deflate
      CommandName:
      - acr config content-trust show
      Connection:
      - keep-alive
      ParameterSetName:
      - -n
      User-Agent:
      - AZURECLI/2.44.1 azsdk-python-azure-mgmt-containerregistry/10.0.0 Python/3.10.9
        (Linux-5.15.0-1031-azure-x86_64-with-glibc2.31) VSTS_7b238909-6802-4b65-b90d-184bca47f458_build_220_0
    method: GET
    uri: https://management.azure.com/subscriptions/00000000-0000-0000-0000-000000000000/resourceGroups/clitest.rg000001/providers/Microsoft.ContainerRegistry/registries/clireg000002?api-version=2022-02-01-preview
  response:
    body:
      string: '{"sku":{"name":"Premium","tier":"Premium"},"type":"Microsoft.ContainerRegistry/registries","id":"/subscriptions/00000000-0000-0000-0000-000000000000/resourceGroups/clitest.rg000001/providers/Microsoft.ContainerRegistry/registries/clireg000002","name":"clireg000002","location":"westus","tags":{"foo":"bar","cat":""},"systemData":{"createdBy":"azureclilivetest@azuresdkteam.onmicrosoft.com","createdByType":"User","createdAt":"2023-01-28T16:20:14.9796718+00:00","lastModifiedBy":"azureclilivetest@azuresdkteam.onmicrosoft.com","lastModifiedByType":"User","lastModifiedAt":"2023-01-28T16:20:41.4071579+00:00"},"properties":{"loginServer":"clireg000002.azurecr.io","creationDate":"2023-01-28T16:20:14.9796718Z","provisioningState":"Succeeded","adminUserEnabled":true,"networkRuleSet":{"defaultAction":"Allow","ipRules":[]},"policies":{"quarantinePolicy":{"status":"disabled"},"trustPolicy":{"type":"Notary","status":"enabled"},"retentionPolicy":{"days":30,"lastUpdatedTime":"2023-01-28T16:20:41.7390915+00:00","status":"enabled"},"exportPolicy":{"status":"enabled"},"azureADAuthenticationAsArmPolicy":{"status":"enabled"},"softDeletePolicy":{"retentionDays":7,"lastUpdatedTime":"2023-01-28T16:20:41.7390915+00:00","status":"disabled"}},"encryption":{"status":"disabled"},"dataEndpointEnabled":false,"dataEndpointHostNames":[],"privateEndpointConnections":[],"publicNetworkAccess":"Enabled","networkRuleBypassOptions":"AzureServices","zoneRedundancy":"Disabled","anonymousPullEnabled":false}}'
    headers:
      api-supported-versions:
      - 2022-02-01-preview
      cache-control:
      - no-cache
      content-length:
      - '1488'
      content-type:
      - application/json; charset=utf-8
      date:
      - Sat, 28 Jan 2023 16:20:41 GMT
      expires:
      - '-1'
      pragma:
      - no-cache
      server:
      - Microsoft-HTTPAPI/2.0
      strict-transport-security:
      - max-age=31536000; includeSubDomains
      transfer-encoding:
      - chunked
      vary:
      - Accept-Encoding
      x-content-type-options:
      - nosniff
    status:
      code: 200
      message: OK
- request:
    body: null
    headers:
      Accept:
      - application/json
      Accept-Encoding:
      - gzip, deflate
      CommandName:
      - acr config soft-delete update
      Connection:
      - keep-alive
      ParameterSetName:
      - -r --status --days --yes
      User-Agent:
      - AZURECLI/2.44.1 azsdk-python-azure-mgmt-resource/22.0.0 Python/3.10.9 (Linux-5.15.0-1031-azure-x86_64-with-glibc2.31)
        VSTS_7b238909-6802-4b65-b90d-184bca47f458_build_220_0
    method: GET
    uri: https://management.azure.com/subscriptions/00000000-0000-0000-0000-000000000000/resources?$filter=resourceType%20eq%20%27Microsoft.ContainerRegistry%2Fregistries%27&api-version=2022-09-01
  response:
    body:
      string: '{"value":[{"id":"/subscriptions/00000000-0000-0000-0000-000000000000/resourceGroups/clitest.rgdmp6b4zdlgf2zghnf33wrzqy5hlxebaoge4vthqahtej7epha57dcadupk7gdbmc2/providers/Microsoft.ContainerRegistry/registries/clireg7vx33prql5yce3","name":"clireg7vx33prql5yce3","type":"Microsoft.ContainerRegistry/registries","sku":{"name":"Premium","tier":"Premium"},"location":"eastus","tags":{},"systemData":{"createdBy":"v-taoxuzeng@microsoft.com","createdByType":"User","createdAt":"2022-05-25T15:35:36.5820972Z","lastModifiedBy":"v-taoxuzeng@microsoft.com","lastModifiedByType":"User","lastModifiedAt":"2022-05-25T15:35:36.5820972Z"}},{"id":"/subscriptions/00000000-0000-0000-0000-000000000000/resourceGroups/clitest.rg000001/providers/Microsoft.ContainerRegistry/registries/clireg000002","name":"clireg000002","type":"Microsoft.ContainerRegistry/registries","sku":{"name":"Premium","tier":"Premium"},"location":"westus","tags":{"foo":"bar","cat":""},"systemData":{"createdBy":"azureclilivetest@azuresdkteam.onmicrosoft.com","createdByType":"User","createdAt":"2023-01-28T16:20:14.9796718Z","lastModifiedBy":"azureclilivetest@azuresdkteam.onmicrosoft.com","lastModifiedByType":"User","lastModifiedAt":"2023-01-28T16:20:37.4206054Z"}},{"id":"/subscriptions/00000000-0000-0000-0000-000000000000/resourceGroups/resourcegroupsamesub/providers/Microsoft.ContainerRegistry/registries/sourceregistrysamesubojq2jfscrsdsut5ji6i","name":"sourceregistrysamesubojq2jfscrsdsut5ji6i","type":"Microsoft.ContainerRegistry/registries","sku":{"name":"Standard","tier":"Standard"},"location":"westus","tags":{},"systemData":{"createdBy":"azureclilivetest@azuresdkteam.onmicrosoft.com","createdByType":"User","createdAt":"2023-01-28T12:07:18.3589793Z","lastModifiedBy":"azureclilivetest@azuresdkteam.onmicrosoft.com","lastModifiedByType":"User","lastModifiedAt":"2023-01-28T12:07:18.3589793Z"}},{"id":"/subscriptions/00000000-0000-0000-0000-000000000000/resourceGroups/similar-bot/providers/Microsoft.ContainerRegistry/registries/similarbot","name":"similarbot","type":"Microsoft.ContainerRegistry/registries","sku":{"name":"Standard","tier":"Standard"},"location":"eastus","tags":{},"systemData":{"createdBy":"hanglei@microsoft.com","createdByType":"User","createdAt":"2022-12-27T10:03:56.9625259Z","lastModifiedBy":"hanglei@microsoft.com","lastModifiedByType":"User","lastModifiedAt":"2022-12-27T10:03:56.9625259Z"}}]}'
    headers:
      cache-control:
      - no-cache
      content-length:
      - '2389'
      content-type:
      - application/json; charset=utf-8
      date:
      - Sat, 28 Jan 2023 16:20:41 GMT
      expires:
      - '-1'
      pragma:
      - no-cache
      strict-transport-security:
      - max-age=31536000; includeSubDomains
      vary:
      - Accept-Encoding
      x-content-type-options:
      - nosniff
    status:
      code: 200
      message: OK
- request:
    body: null
    headers:
      Accept:
      - application/json
      Accept-Encoding:
      - gzip, deflate
      CommandName:
      - acr config soft-delete update
      Connection:
      - keep-alive
      ParameterSetName:
      - -r --status --days --yes
      User-Agent:
      - AZURECLI/2.44.1 azsdk-python-azure-mgmt-containerregistry/10.0.0 Python/3.10.9
        (Linux-5.15.0-1031-azure-x86_64-with-glibc2.31) VSTS_7b238909-6802-4b65-b90d-184bca47f458_build_220_0
    method: GET
    uri: https://management.azure.com/subscriptions/00000000-0000-0000-0000-000000000000/resourceGroups/clitest.rg000001/providers/Microsoft.ContainerRegistry/registries/clireg000002?api-version=2022-02-01-preview
  response:
    body:
      string: '{"sku":{"name":"Premium","tier":"Premium"},"type":"Microsoft.ContainerRegistry/registries","id":"/subscriptions/00000000-0000-0000-0000-000000000000/resourceGroups/clitest.rg000001/providers/Microsoft.ContainerRegistry/registries/clireg000002","name":"clireg000002","location":"westus","tags":{"foo":"bar","cat":""},"systemData":{"createdBy":"azureclilivetest@azuresdkteam.onmicrosoft.com","createdByType":"User","createdAt":"2023-01-28T16:20:14.9796718+00:00","lastModifiedBy":"azureclilivetest@azuresdkteam.onmicrosoft.com","lastModifiedByType":"User","lastModifiedAt":"2023-01-28T16:20:41.4071579+00:00"},"properties":{"loginServer":"clireg000002.azurecr.io","creationDate":"2023-01-28T16:20:14.9796718Z","provisioningState":"Succeeded","adminUserEnabled":true,"networkRuleSet":{"defaultAction":"Allow","ipRules":[]},"policies":{"quarantinePolicy":{"status":"disabled"},"trustPolicy":{"type":"Notary","status":"enabled"},"retentionPolicy":{"days":30,"lastUpdatedTime":"2023-01-28T16:20:41.7390915+00:00","status":"enabled"},"exportPolicy":{"status":"enabled"},"azureADAuthenticationAsArmPolicy":{"status":"enabled"},"softDeletePolicy":{"retentionDays":7,"lastUpdatedTime":"2023-01-28T16:20:41.7390915+00:00","status":"disabled"}},"encryption":{"status":"disabled"},"dataEndpointEnabled":false,"dataEndpointHostNames":[],"privateEndpointConnections":[],"publicNetworkAccess":"Enabled","networkRuleBypassOptions":"AzureServices","zoneRedundancy":"Disabled","anonymousPullEnabled":false}}'
    headers:
      api-supported-versions:
      - 2022-02-01-preview
      cache-control:
      - no-cache
      content-length:
      - '1488'
      content-type:
      - application/json; charset=utf-8
      date:
      - Sat, 28 Jan 2023 16:20:42 GMT
      expires:
      - '-1'
      pragma:
      - no-cache
      server:
      - Microsoft-HTTPAPI/2.0
      strict-transport-security:
      - max-age=31536000; includeSubDomains
      x-content-type-options:
      - nosniff
    status:
      code: 200
      message: OK
- request:
    body: '{"properties": {"policies": {"quarantinePolicy": {"status": "disabled"},
      "trustPolicy": {"type": "Notary", "status": "enabled"}, "retentionPolicy": {"days":
      30, "status": "enabled"}, "exportPolicy": {"status": "enabled"}, "azureADAuthenticationAsArmPolicy":
      {"status": "enabled"}, "softDeletePolicy": {"retentionDays": 30, "status": "enabled"}}}}'
    headers:
      Accept:
      - application/json
      Accept-Encoding:
      - gzip, deflate
      CommandName:
      - acr config soft-delete update
      Connection:
      - keep-alive
      Content-Length:
      - '346'
      Content-Type:
      - application/json
      ParameterSetName:
      - -r --status --days --yes
      User-Agent:
      - AZURECLI/2.44.1 azsdk-python-azure-mgmt-containerregistry/10.0.0 Python/3.10.9
        (Linux-5.15.0-1031-azure-x86_64-with-glibc2.31) VSTS_7b238909-6802-4b65-b90d-184bca47f458_build_220_0
    method: PATCH
    uri: https://management.azure.com/subscriptions/00000000-0000-0000-0000-000000000000/resourceGroups/clitest.rg000001/providers/Microsoft.ContainerRegistry/registries/clireg000002?api-version=2022-02-01-preview
  response:
    body:
      string: '{"sku":{"name":"Premium","tier":"Premium"},"type":"Microsoft.ContainerRegistry/registries","id":"/subscriptions/00000000-0000-0000-0000-000000000000/resourceGroups/clitest.rg000001/providers/Microsoft.ContainerRegistry/registries/clireg000002","name":"clireg000002","location":"westus","tags":{"foo":"bar","cat":""},"systemData":{"createdBy":"azureclilivetest@azuresdkteam.onmicrosoft.com","createdByType":"User","createdAt":"2023-01-28T16:20:14.9796718+00:00","lastModifiedBy":"azureclilivetest@azuresdkteam.onmicrosoft.com","lastModifiedByType":"User","lastModifiedAt":"2023-01-28T16:20:43.1473433+00:00"},"properties":{"loginServer":"clireg000002.azurecr.io","creationDate":"2023-01-28T16:20:14.9796718Z","provisioningState":"Succeeded","adminUserEnabled":true,"networkRuleSet":{"defaultAction":"Allow","ipRules":[]},"policies":{"quarantinePolicy":{"status":"disabled"},"trustPolicy":{"type":"Notary","status":"enabled"},"retentionPolicy":{"days":30,"lastUpdatedTime":"2023-01-28T16:20:43.4694927+00:00","status":"enabled"},"exportPolicy":{"status":"enabled"},"azureADAuthenticationAsArmPolicy":{"status":"enabled"},"softDeletePolicy":{"retentionDays":30,"lastUpdatedTime":"2023-01-28T16:20:43.4694927+00:00","status":"enabled"}},"encryption":{"status":"disabled"},"dataEndpointEnabled":false,"dataEndpointHostNames":[],"privateEndpointConnections":[],"publicNetworkAccess":"Enabled","networkRuleBypassOptions":"AzureServices","zoneRedundancy":"Disabled","anonymousPullEnabled":false}}'
    headers:
      api-supported-versions:
      - 2022-02-01-preview
      cache-control:
      - no-cache
      content-length:
      - '1488'
      content-type:
      - application/json; charset=utf-8
      date:
      - Sat, 28 Jan 2023 16:20:43 GMT
      expires:
      - '-1'
      pragma:
      - no-cache
      server:
      - Microsoft-HTTPAPI/2.0
      strict-transport-security:
      - max-age=31536000; includeSubDomains
      transfer-encoding:
      - chunked
      vary:
      - Accept-Encoding
      x-content-type-options:
      - nosniff
      x-ms-ratelimit-remaining-subscription-writes:
      - '1197'
    status:
      code: 200
      message: OK
- request:
    body: null
    headers:
      Accept:
      - application/json
      Accept-Encoding:
      - gzip, deflate
      CommandName:
      - acr config soft-delete show
      Connection:
      - keep-alive
      ParameterSetName:
      - -r
      User-Agent:
      - AZURECLI/2.44.1 azsdk-python-azure-mgmt-resource/22.0.0 Python/3.10.9 (Linux-5.15.0-1031-azure-x86_64-with-glibc2.31)
        VSTS_7b238909-6802-4b65-b90d-184bca47f458_build_220_0
    method: GET
    uri: https://management.azure.com/subscriptions/00000000-0000-0000-0000-000000000000/resources?$filter=resourceType%20eq%20%27Microsoft.ContainerRegistry%2Fregistries%27&api-version=2022-09-01
  response:
    body:
      string: '{"value":[{"id":"/subscriptions/00000000-0000-0000-0000-000000000000/resourceGroups/clitest.rgdmp6b4zdlgf2zghnf33wrzqy5hlxebaoge4vthqahtej7epha57dcadupk7gdbmc2/providers/Microsoft.ContainerRegistry/registries/clireg7vx33prql5yce3","name":"clireg7vx33prql5yce3","type":"Microsoft.ContainerRegistry/registries","sku":{"name":"Premium","tier":"Premium"},"location":"eastus","tags":{},"systemData":{"createdBy":"v-taoxuzeng@microsoft.com","createdByType":"User","createdAt":"2022-05-25T15:35:36.5820972Z","lastModifiedBy":"v-taoxuzeng@microsoft.com","lastModifiedByType":"User","lastModifiedAt":"2022-05-25T15:35:36.5820972Z"}},{"id":"/subscriptions/00000000-0000-0000-0000-000000000000/resourceGroups/clitest.rg000001/providers/Microsoft.ContainerRegistry/registries/clireg000002","name":"clireg000002","type":"Microsoft.ContainerRegistry/registries","sku":{"name":"Premium","tier":"Premium"},"location":"westus","tags":{"foo":"bar","cat":""},"systemData":{"createdBy":"azureclilivetest@azuresdkteam.onmicrosoft.com","createdByType":"User","createdAt":"2023-01-28T16:20:14.9796718Z","lastModifiedBy":"azureclilivetest@azuresdkteam.onmicrosoft.com","lastModifiedByType":"User","lastModifiedAt":"2023-01-28T16:20:37.4206054Z"}},{"id":"/subscriptions/00000000-0000-0000-0000-000000000000/resourceGroups/resourcegroupsamesub/providers/Microsoft.ContainerRegistry/registries/sourceregistrysamesubojq2jfscrsdsut5ji6i","name":"sourceregistrysamesubojq2jfscrsdsut5ji6i","type":"Microsoft.ContainerRegistry/registries","sku":{"name":"Standard","tier":"Standard"},"location":"westus","tags":{},"systemData":{"createdBy":"azureclilivetest@azuresdkteam.onmicrosoft.com","createdByType":"User","createdAt":"2023-01-28T12:07:18.3589793Z","lastModifiedBy":"azureclilivetest@azuresdkteam.onmicrosoft.com","lastModifiedByType":"User","lastModifiedAt":"2023-01-28T12:07:18.3589793Z"}},{"id":"/subscriptions/00000000-0000-0000-0000-000000000000/resourceGroups/similar-bot/providers/Microsoft.ContainerRegistry/registries/similarbot","name":"similarbot","type":"Microsoft.ContainerRegistry/registries","sku":{"name":"Standard","tier":"Standard"},"location":"eastus","tags":{},"systemData":{"createdBy":"hanglei@microsoft.com","createdByType":"User","createdAt":"2022-12-27T10:03:56.9625259Z","lastModifiedBy":"hanglei@microsoft.com","lastModifiedByType":"User","lastModifiedAt":"2022-12-27T10:03:56.9625259Z"}}]}'
    headers:
      cache-control:
      - no-cache
      content-length:
      - '2389'
      content-type:
      - application/json; charset=utf-8
      date:
      - Sat, 28 Jan 2023 16:20:45 GMT
      expires:
      - '-1'
      pragma:
      - no-cache
      strict-transport-security:
      - max-age=31536000; includeSubDomains
      x-content-type-options:
      - nosniff
    status:
      code: 200
      message: OK
- request:
    body: null
    headers:
      Accept:
      - application/json
      Accept-Encoding:
      - gzip, deflate
      CommandName:
      - acr config soft-delete show
      Connection:
      - keep-alive
      ParameterSetName:
      - -r
      User-Agent:
      - AZURECLI/2.44.1 azsdk-python-azure-mgmt-containerregistry/10.0.0 Python/3.10.9
        (Linux-5.15.0-1031-azure-x86_64-with-glibc2.31) VSTS_7b238909-6802-4b65-b90d-184bca47f458_build_220_0
    method: GET
    uri: https://management.azure.com/subscriptions/00000000-0000-0000-0000-000000000000/resourceGroups/clitest.rg000001/providers/Microsoft.ContainerRegistry/registries/clireg000002?api-version=2022-02-01-preview
  response:
    body:
      string: '{"sku":{"name":"Premium","tier":"Premium"},"type":"Microsoft.ContainerRegistry/registries","id":"/subscriptions/00000000-0000-0000-0000-000000000000/resourceGroups/clitest.rg000001/providers/Microsoft.ContainerRegistry/registries/clireg000002","name":"clireg000002","location":"westus","tags":{"foo":"bar","cat":""},"systemData":{"createdBy":"azureclilivetest@azuresdkteam.onmicrosoft.com","createdByType":"User","createdAt":"2023-01-28T16:20:14.9796718+00:00","lastModifiedBy":"azureclilivetest@azuresdkteam.onmicrosoft.com","lastModifiedByType":"User","lastModifiedAt":"2023-01-28T16:20:43.1473433+00:00"},"properties":{"loginServer":"clireg000002.azurecr.io","creationDate":"2023-01-28T16:20:14.9796718Z","provisioningState":"Succeeded","adminUserEnabled":true,"networkRuleSet":{"defaultAction":"Allow","ipRules":[]},"policies":{"quarantinePolicy":{"status":"disabled"},"trustPolicy":{"type":"Notary","status":"enabled"},"retentionPolicy":{"days":30,"lastUpdatedTime":"2023-01-28T16:20:43.4694927+00:00","status":"enabled"},"exportPolicy":{"status":"enabled"},"azureADAuthenticationAsArmPolicy":{"status":"enabled"},"softDeletePolicy":{"retentionDays":30,"lastUpdatedTime":"2023-01-28T16:20:43.4694927+00:00","status":"enabled"}},"encryption":{"status":"disabled"},"dataEndpointEnabled":false,"dataEndpointHostNames":[],"privateEndpointConnections":[],"publicNetworkAccess":"Enabled","networkRuleBypassOptions":"AzureServices","zoneRedundancy":"Disabled","anonymousPullEnabled":false}}'
    headers:
      api-supported-versions:
      - 2022-02-01-preview
      cache-control:
      - no-cache
      content-length:
      - '1488'
      content-type:
      - application/json; charset=utf-8
      date:
      - Sat, 28 Jan 2023 16:20:44 GMT
      expires:
      - '-1'
      pragma:
      - no-cache
      server:
      - Microsoft-HTTPAPI/2.0
      strict-transport-security:
      - max-age=31536000; includeSubDomains
      transfer-encoding:
      - chunked
      vary:
      - Accept-Encoding
      x-content-type-options:
      - nosniff
    status:
      code: 200
      message: OK
- request:
    body: null
    headers:
      Accept:
      - application/json
      Accept-Encoding:
      - gzip, deflate
      CommandName:
      - acr credential show
      Connection:
      - keep-alive
      ParameterSetName:
      - -n -g
      User-Agent:
      - AZURECLI/2.44.1 azsdk-python-azure-mgmt-containerregistry/10.0.0 Python/3.10.9
        (Linux-5.15.0-1031-azure-x86_64-with-glibc2.31) VSTS_7b238909-6802-4b65-b90d-184bca47f458_build_220_0
    method: GET
    uri: https://management.azure.com/subscriptions/00000000-0000-0000-0000-000000000000/resourceGroups/clitest.rg000001/providers/Microsoft.ContainerRegistry/registries/clireg000002?api-version=2022-02-01-preview
  response:
    body:
      string: '{"sku":{"name":"Premium","tier":"Premium"},"type":"Microsoft.ContainerRegistry/registries","id":"/subscriptions/00000000-0000-0000-0000-000000000000/resourceGroups/clitest.rg000001/providers/Microsoft.ContainerRegistry/registries/clireg000002","name":"clireg000002","location":"westus","tags":{"foo":"bar","cat":""},"systemData":{"createdBy":"azureclilivetest@azuresdkteam.onmicrosoft.com","createdByType":"User","createdAt":"2023-01-28T16:20:14.9796718+00:00","lastModifiedBy":"azureclilivetest@azuresdkteam.onmicrosoft.com","lastModifiedByType":"User","lastModifiedAt":"2023-01-28T16:20:43.1473433+00:00"},"properties":{"loginServer":"clireg000002.azurecr.io","creationDate":"2023-01-28T16:20:14.9796718Z","provisioningState":"Succeeded","adminUserEnabled":true,"networkRuleSet":{"defaultAction":"Allow","ipRules":[]},"policies":{"quarantinePolicy":{"status":"disabled"},"trustPolicy":{"type":"Notary","status":"enabled"},"retentionPolicy":{"days":30,"lastUpdatedTime":"2023-01-28T16:20:43.4694927+00:00","status":"enabled"},"exportPolicy":{"status":"enabled"},"azureADAuthenticationAsArmPolicy":{"status":"enabled"},"softDeletePolicy":{"retentionDays":30,"lastUpdatedTime":"2023-01-28T16:20:43.4694927+00:00","status":"enabled"}},"encryption":{"status":"disabled"},"dataEndpointEnabled":false,"dataEndpointHostNames":[],"privateEndpointConnections":[],"publicNetworkAccess":"Enabled","networkRuleBypassOptions":"AzureServices","zoneRedundancy":"Disabled","anonymousPullEnabled":false}}'
    headers:
      api-supported-versions:
      - 2022-02-01-preview
      cache-control:
      - no-cache
      content-length:
      - '1488'
      content-type:
      - application/json; charset=utf-8
      date:
      - Sat, 28 Jan 2023 16:20:46 GMT
      expires:
      - '-1'
      pragma:
      - no-cache
      server:
      - Microsoft-HTTPAPI/2.0
      strict-transport-security:
      - max-age=31536000; includeSubDomains
      transfer-encoding:
      - chunked
      vary:
      - Accept-Encoding
      x-content-type-options:
      - nosniff
    status:
      code: 200
      message: OK
- request:
    body: null
    headers:
      Accept:
      - application/json
      Accept-Encoding:
      - gzip, deflate
      CommandName:
      - acr credential show
      Connection:
      - keep-alive
      Content-Length:
      - '0'
      ParameterSetName:
      - -n -g
      User-Agent:
      - AZURECLI/2.44.1 azsdk-python-azure-mgmt-containerregistry/10.0.0 Python/3.10.9
        (Linux-5.15.0-1031-azure-x86_64-with-glibc2.31) VSTS_7b238909-6802-4b65-b90d-184bca47f458_build_220_0
    method: POST
    uri: https://management.azure.com/subscriptions/00000000-0000-0000-0000-000000000000/resourceGroups/clitest.rg000001/providers/Microsoft.ContainerRegistry/registries/clireg000002/listCredentials?api-version=2022-02-01-preview
  response:
    body:
      string: '{"username":"clireg000002","passwords":[{"name":"password","value":"qC8pFNXZCh96wzlC7szNIUxx7FfKYxkYqoNtN1JAmb+ACRAFHsz9"},{"name":"password2","value":"V+KG+1U1I+79KZzPPtwTktbvqz6Tll+cA3Jicxmo1++ACRCXYLJR"}]}'
    headers:
      api-supported-versions:
      - 2022-02-01-preview
      cache-control:
      - no-cache
      content-length:
      - '208'
      content-type:
      - application/json; charset=utf-8
      date:
      - Sat, 28 Jan 2023 16:20:47 GMT
      expires:
      - '-1'
      pragma:
      - no-cache
      server:
      - Microsoft-HTTPAPI/2.0
      strict-transport-security:
      - max-age=31536000; includeSubDomains
      transfer-encoding:
      - chunked
      vary:
      - Accept-Encoding
      x-content-type-options:
      - nosniff
      x-ms-ratelimit-remaining-subscription-writes:
      - '1199'
    status:
      code: 200
      message: OK
- request:
    body: null
    headers:
      Accept:
      - application/json
      Accept-Encoding:
      - gzip, deflate
      CommandName:
      - acr credential renew
      Connection:
      - keep-alive
      ParameterSetName:
      - -n -g --password-name
      User-Agent:
      - AZURECLI/2.44.1 azsdk-python-azure-mgmt-containerregistry/10.0.0 Python/3.10.9
        (Linux-5.15.0-1031-azure-x86_64-with-glibc2.31) VSTS_7b238909-6802-4b65-b90d-184bca47f458_build_220_0
    method: GET
    uri: https://management.azure.com/subscriptions/00000000-0000-0000-0000-000000000000/resourceGroups/clitest.rg000001/providers/Microsoft.ContainerRegistry/registries/clireg000002?api-version=2022-02-01-preview
  response:
    body:
      string: '{"sku":{"name":"Premium","tier":"Premium"},"type":"Microsoft.ContainerRegistry/registries","id":"/subscriptions/00000000-0000-0000-0000-000000000000/resourceGroups/clitest.rg000001/providers/Microsoft.ContainerRegistry/registries/clireg000002","name":"clireg000002","location":"westus","tags":{"foo":"bar","cat":""},"systemData":{"createdBy":"azureclilivetest@azuresdkteam.onmicrosoft.com","createdByType":"User","createdAt":"2023-01-28T16:20:14.9796718+00:00","lastModifiedBy":"azureclilivetest@azuresdkteam.onmicrosoft.com","lastModifiedByType":"User","lastModifiedAt":"2023-01-28T16:20:43.1473433+00:00"},"properties":{"loginServer":"clireg000002.azurecr.io","creationDate":"2023-01-28T16:20:14.9796718Z","provisioningState":"Succeeded","adminUserEnabled":true,"networkRuleSet":{"defaultAction":"Allow","ipRules":[]},"policies":{"quarantinePolicy":{"status":"disabled"},"trustPolicy":{"type":"Notary","status":"enabled"},"retentionPolicy":{"days":30,"lastUpdatedTime":"2023-01-28T16:20:43.4694927+00:00","status":"enabled"},"exportPolicy":{"status":"enabled"},"azureADAuthenticationAsArmPolicy":{"status":"enabled"},"softDeletePolicy":{"retentionDays":30,"lastUpdatedTime":"2023-01-28T16:20:43.4694927+00:00","status":"enabled"}},"encryption":{"status":"disabled"},"dataEndpointEnabled":false,"dataEndpointHostNames":[],"privateEndpointConnections":[],"publicNetworkAccess":"Enabled","networkRuleBypassOptions":"AzureServices","zoneRedundancy":"Disabled","anonymousPullEnabled":false}}'
    headers:
      api-supported-versions:
      - 2022-02-01-preview
      cache-control:
      - no-cache
      content-length:
      - '1488'
      content-type:
      - application/json; charset=utf-8
      date:
      - Sat, 28 Jan 2023 16:20:47 GMT
      expires:
      - '-1'
      pragma:
      - no-cache
      server:
      - Microsoft-HTTPAPI/2.0
      strict-transport-security:
      - max-age=31536000; includeSubDomains
      transfer-encoding:
      - chunked
      vary:
      - Accept-Encoding
      x-content-type-options:
      - nosniff
    status:
      code: 200
      message: OK
- request:
    body: '{"name": "password"}'
    headers:
      Accept:
      - application/json
      Accept-Encoding:
      - gzip, deflate
      CommandName:
      - acr credential renew
      Connection:
      - keep-alive
      Content-Length:
      - '20'
      Content-Type:
      - application/json
      ParameterSetName:
      - -n -g --password-name
      User-Agent:
      - AZURECLI/2.44.1 azsdk-python-azure-mgmt-containerregistry/10.0.0 Python/3.10.9
        (Linux-5.15.0-1031-azure-x86_64-with-glibc2.31) VSTS_7b238909-6802-4b65-b90d-184bca47f458_build_220_0
    method: POST
    uri: https://management.azure.com/subscriptions/00000000-0000-0000-0000-000000000000/resourceGroups/clitest.rg000001/providers/Microsoft.ContainerRegistry/registries/clireg000002/regenerateCredential?api-version=2022-02-01-preview
  response:
    body:
      string: '{"username":"clireg000002","passwords":[{"name":"password","value":"IzOUcX8wfX8/mxpqUCEDlKF55ADbPzxBaRbsguexaN+ACRB/wohN"},{"name":"password2","value":"V+KG+1U1I+79KZzPPtwTktbvqz6Tll+cA3Jicxmo1++ACRCXYLJR"}]}'
    headers:
      api-supported-versions:
      - 2022-02-01-preview
      cache-control:
      - no-cache
      content-length:
      - '208'
      content-type:
      - application/json; charset=utf-8
      date:
      - Sat, 28 Jan 2023 16:20:47 GMT
      expires:
      - '-1'
      pragma:
      - no-cache
      server:
      - Microsoft-HTTPAPI/2.0
      strict-transport-security:
      - max-age=31536000; includeSubDomains
      transfer-encoding:
      - chunked
      vary:
      - Accept-Encoding
      x-content-type-options:
      - nosniff
      x-ms-ratelimit-remaining-subscription-writes:
      - '1198'
    status:
      code: 200
      message: OK
- request:
    body: null
    headers:
      Accept:
      - application/json
      Accept-Encoding:
      - gzip, deflate
      CommandName:
      - acr credential renew
      Connection:
      - keep-alive
      ParameterSetName:
      - -n -g --password-name
      User-Agent:
      - AZURECLI/2.44.1 azsdk-python-azure-mgmt-containerregistry/10.0.0 Python/3.10.9
        (Linux-5.15.0-1031-azure-x86_64-with-glibc2.31) VSTS_7b238909-6802-4b65-b90d-184bca47f458_build_220_0
    method: GET
    uri: https://management.azure.com/subscriptions/00000000-0000-0000-0000-000000000000/resourceGroups/clitest.rg000001/providers/Microsoft.ContainerRegistry/registries/clireg000002?api-version=2022-02-01-preview
  response:
    body:
      string: '{"sku":{"name":"Premium","tier":"Premium"},"type":"Microsoft.ContainerRegistry/registries","id":"/subscriptions/00000000-0000-0000-0000-000000000000/resourceGroups/clitest.rg000001/providers/Microsoft.ContainerRegistry/registries/clireg000002","name":"clireg000002","location":"westus","tags":{"foo":"bar","cat":""},"systemData":{"createdBy":"azureclilivetest@azuresdkteam.onmicrosoft.com","createdByType":"User","createdAt":"2023-01-28T16:20:14.9796718+00:00","lastModifiedBy":"azureclilivetest@azuresdkteam.onmicrosoft.com","lastModifiedByType":"User","lastModifiedAt":"2023-01-28T16:20:43.1473433+00:00"},"properties":{"loginServer":"clireg000002.azurecr.io","creationDate":"2023-01-28T16:20:14.9796718Z","provisioningState":"Succeeded","adminUserEnabled":true,"networkRuleSet":{"defaultAction":"Allow","ipRules":[]},"policies":{"quarantinePolicy":{"status":"disabled"},"trustPolicy":{"type":"Notary","status":"enabled"},"retentionPolicy":{"days":30,"lastUpdatedTime":"2023-01-28T16:20:43.4694927+00:00","status":"enabled"},"exportPolicy":{"status":"enabled"},"azureADAuthenticationAsArmPolicy":{"status":"enabled"},"softDeletePolicy":{"retentionDays":30,"lastUpdatedTime":"2023-01-28T16:20:43.4694927+00:00","status":"enabled"}},"encryption":{"status":"disabled"},"dataEndpointEnabled":false,"dataEndpointHostNames":[],"privateEndpointConnections":[],"publicNetworkAccess":"Enabled","networkRuleBypassOptions":"AzureServices","zoneRedundancy":"Disabled","anonymousPullEnabled":false}}'
    headers:
      api-supported-versions:
      - 2022-02-01-preview
      cache-control:
      - no-cache
      content-length:
      - '1488'
      content-type:
      - application/json; charset=utf-8
      date:
      - Sat, 28 Jan 2023 16:20:48 GMT
      expires:
      - '-1'
      pragma:
      - no-cache
      server:
      - Microsoft-HTTPAPI/2.0
      strict-transport-security:
      - max-age=31536000; includeSubDomains
      transfer-encoding:
      - chunked
      vary:
      - Accept-Encoding
      x-content-type-options:
      - nosniff
    status:
      code: 200
      message: OK
- request:
    body: '{"name": "password2"}'
    headers:
      Accept:
      - application/json
      Accept-Encoding:
      - gzip, deflate
      CommandName:
      - acr credential renew
      Connection:
      - keep-alive
      Content-Length:
      - '21'
      Content-Type:
      - application/json
      ParameterSetName:
      - -n -g --password-name
      User-Agent:
      - AZURECLI/2.44.1 azsdk-python-azure-mgmt-containerregistry/10.0.0 Python/3.10.9
        (Linux-5.15.0-1031-azure-x86_64-with-glibc2.31) VSTS_7b238909-6802-4b65-b90d-184bca47f458_build_220_0
    method: POST
    uri: https://management.azure.com/subscriptions/00000000-0000-0000-0000-000000000000/resourceGroups/clitest.rg000001/providers/Microsoft.ContainerRegistry/registries/clireg000002/regenerateCredential?api-version=2022-02-01-preview
  response:
    body:
      string: '{"username":"clireg000002","passwords":[{"name":"password","value":"IzOUcX8wfX8/mxpqUCEDlKF55ADbPzxBaRbsguexaN+ACRB/wohN"},{"name":"password2","value":"ElCeW/f/GtnLH9Bpa9ziEzYL1QiqrgySPfAUr3Fuvc+ACRDzTsey"}]}'
    headers:
      api-supported-versions:
      - 2022-02-01-preview
      cache-control:
      - no-cache
      content-length:
      - '208'
      content-type:
      - application/json; charset=utf-8
      date:
      - Sat, 28 Jan 2023 16:20:49 GMT
      expires:
      - '-1'
      pragma:
      - no-cache
      server:
      - Microsoft-HTTPAPI/2.0
      strict-transport-security:
      - max-age=31536000; includeSubDomains
      transfer-encoding:
      - chunked
      vary:
      - Accept-Encoding
      x-content-type-options:
      - nosniff
      x-ms-ratelimit-remaining-subscription-writes:
      - '1199'
    status:
      code: 200
      message: OK
- request:
    body: null
    headers:
      Accept:
      - '*/*'
      Accept-Encoding:
      - gzip, deflate
      CommandName:
      - acr delete
      Connection:
      - keep-alive
      Content-Length:
      - '0'
      ParameterSetName:
      - -n -g -y
      User-Agent:
      - AZURECLI/2.44.1 azsdk-python-azure-mgmt-containerregistry/10.0.0 Python/3.10.9
        (Linux-5.15.0-1031-azure-x86_64-with-glibc2.31) VSTS_7b238909-6802-4b65-b90d-184bca47f458_build_220_0
    method: DELETE
    uri: https://management.azure.com/subscriptions/00000000-0000-0000-0000-000000000000/resourceGroups/clitest.rg000001/providers/Microsoft.ContainerRegistry/registries/clireg000002?api-version=2022-02-01-preview
  response:
    body:
      string: ''
    headers:
      api-supported-versions:
      - 2022-02-01-preview
      cache-control:
      - no-cache
      content-length:
      - '0'
      date:
      - Sat, 28 Jan 2023 16:20:54 GMT
      expires:
      - '-1'
      pragma:
      - no-cache
      server:
      - Microsoft-HTTPAPI/2.0
      strict-transport-security:
      - max-age=31536000; includeSubDomains
      x-content-type-options:
      - nosniff
      x-ms-ratelimit-remaining-subscription-deletes:
      - '14999'
    status:
      code: 200
      message: OK
version: 1
