interactions:
- request:
    body: '{"location": "westus", "sku": {"name": "Standard"}, "properties": {"adminUserEnabled":
      false}}'
    headers:
      Accept:
      - application/json
      Accept-Encoding:
      - gzip, deflate
      CommandName:
      - acr create
      Connection:
      - keep-alive
      Content-Length:
      - '94'
      Content-Type:
      - application/json; charset=utf-8
      ParameterSetName:
      - -n -g -l --sku
      User-Agent:
      - python/3.6.6 (Windows-10-10.0.18362-SP0) msrest/0.6.9 msrest_azure/0.6.2 azure-mgmt-containerregistry/3.0.0rc10
        Azure-SDK-For-Python AZURECLI/2.1.0
      accept-language:
      - en-US
    method: PUT
    uri: https://management.azure.com/subscriptions/00000000-0000-0000-0000-000000000000/resourceGroups/clitest.rg000001/providers/Microsoft.ContainerRegistry/registries/clireg000002?api-version=2019-12-01-preview
  response:
    body:
      string: '{"sku":{"name":"Standard","tier":"Standard"},"type":"Microsoft.ContainerRegistry/registries","id":"/subscriptions/00000000-0000-0000-0000-000000000000/resourceGroups/clitest.rg000001/providers/Microsoft.ContainerRegistry/registries/clireg000002","name":"clireg000002","location":"westus","tags":{},"properties":{"loginServer":"clireg000002.azurecr.io","creationDate":"2020-02-28T03:50:27.2309128Z","provisioningState":"Succeeded","adminUserEnabled":false,"policies":{"quarantinePolicy":{"status":"disabled"},"trustPolicy":{"type":"Notary","status":"disabled"},"retentionPolicy":{"days":7,"lastUpdatedTime":"2020-02-28T03:50:28.1356249+00:00","status":"disabled"}},"encryption":{"status":"disabled"}}}'
    headers:
      cache-control:
      - no-cache
      content-length:
      - '783'
      content-type:
      - application/json; charset=utf-8
      date:
      - Fri, 28 Feb 2020 03:50:27 GMT
      expires:
      - '-1'
      pragma:
      - no-cache
      server:
      - Microsoft-HTTPAPI/2.0
      strict-transport-security:
      - max-age=31536000; includeSubDomains
      transfer-encoding:
      - chunked
      vary:
      - Accept-Encoding
      x-content-type-options:
      - nosniff
      x-ms-ratelimit-remaining-subscription-writes:
      - '1199'
    status:
      code: 200
      message: OK
- request:
    body: null
    headers:
      Accept:
      - application/json
      Accept-Encoding:
      - gzip, deflate
      CommandName:
      - acr webhook create
      Connection:
      - keep-alive
      ParameterSetName:
      - -n -r --uri --actions
      User-Agent:
      - python/3.6.6 (Windows-10-10.0.18362-SP0) msrest/0.6.9 msrest_azure/0.6.2 azure-mgmt-resource/8.0.1
        Azure-SDK-For-Python AZURECLI/2.1.0
      accept-language:
      - en-US
    method: GET
    uri: https://management.azure.com/subscriptions/00000000-0000-0000-0000-000000000000/resources?$filter=resourceType%20eq%20%27Microsoft.ContainerRegistry%2Fregistries%27&api-version=2019-07-01
  response:
    body:
      string: '{"value":[{"id":"/subscriptions/00000000-0000-0000-0000-000000000000/resourceGroups/clitest.rg525rth3no5rz5njlzsqzvx66bgt53lbw6e37o7z6pydqzsuhmfh6bd2zw4ernmdag/providers/Microsoft.ContainerRegistry/registries/cliregkrbdjp2475hgs5","name":"cliregkrbdjp2475hgs5","type":"Microsoft.ContainerRegistry/registries","sku":{"name":"Premium","tier":"Premium"},"location":"westus","tags":{}},{"id":"/subscriptions/00000000-0000-0000-0000-000000000000/resourceGroups/clitest.rg000001/providers/Microsoft.ContainerRegistry/registries/clireg000002","name":"clireg000002","type":"Microsoft.ContainerRegistry/registries","sku":{"name":"Standard","tier":"Standard"},"location":"westus","tags":{}},{"id":"/subscriptions/00000000-0000-0000-0000-000000000000/resourceGroups/clitest.rggy4paz3vakb7dtzfxzzpyzoglderyhkg4xumhjn2yquvkhzgexrox66w4trz3fn66/providers/Microsoft.ContainerRegistry/registries/clireg2agrvd5cc3cunp","name":"clireg2agrvd5cc3cunp","type":"Microsoft.ContainerRegistry/registries","sku":{"name":"Premium","tier":"Premium"},"location":"westus","tags":{}},{"id":"/subscriptions/00000000-0000-0000-0000-000000000000/resourceGroups/clitest.rgiy4wyk77alff3f2pmmnhkrzzbw37e647kjg2lkuemnfeo5q3ltwxwntb54i65sspw/providers/Microsoft.ContainerRegistry/registries/cliregswapuxj2kxplth","name":"cliregswapuxj2kxplth","type":"Microsoft.ContainerRegistry/registries","sku":{"name":"Standard","tier":"Standard"},"location":"westus","tags":{}},{"id":"/subscriptions/00000000-0000-0000-0000-000000000000/resourceGroups/ova-test/providers/Microsoft.ContainerRegistry/registries/ovaTestRegistry","name":"ovaTestRegistry","type":"Microsoft.ContainerRegistry/registries","sku":{"name":"Premium","tier":"Premium"},"location":"westus","tags":{}},{"id":"/subscriptions/00000000-0000-0000-0000-000000000000/resourceGroups/ova-test/providers/Microsoft.ContainerRegistry/registries/testbrsreg","name":"testbrsreg","type":"Microsoft.ContainerRegistry/registries","sku":{"name":"Premium","tier":"Premium"},"location":"brazilsouth","tags":{}},{"id":"/subscriptions/00000000-0000-0000-0000-000000000000/resourceGroups/ova-test/providers/Microsoft.ContainerRegistry/registries/testeunreg","name":"testeunreg","type":"Microsoft.ContainerRegistry/registries","sku":{"name":"Premium","tier":"Premium"},"location":"centralus","tags":{}},{"id":"/subscriptions/00000000-0000-0000-0000-000000000000/resourceGroups/ova-test/providers/Microsoft.ContainerRegistry/registries/testregistryimagedelete","name":"testregistryimagedelete","type":"Microsoft.ContainerRegistry/registries","sku":{"name":"Premium","tier":"Premium"},"location":"westus","tags":{}},{"id":"/subscriptions/00000000-0000-0000-0000-000000000000/resourceGroups/ova-test/providers/Microsoft.ContainerRegistry/registries/tosintestcmksamekey","name":"tosintestcmksamekey","type":"Microsoft.ContainerRegistry/registries","sku":{"name":"Premium","tier":"Premium"},"location":"eastus2euap","identity":{"principalId":"5d71557c-9354-4271-9843-d5ec8b044259","tenantId":"72f988bf-86f1-41af-91ab-2d7cd011db47","type":"SystemAssigned,
        UserAssigned","userAssignedIdentities":{"/subscriptions/00000000-0000-0000-0000-000000000000/resourcegroups/ova-test/providers/Microsoft.ManagedIdentity/userAssignedIdentities/tosin_acr_cmk_reg_msi_2":{"principalId":"bf12952f-b52d-4074-8785-079f3c7ff048","clientId":"22e4cf2f-b3b4-4629-8b73-90592c60e0cd"}}},"tags":{}},{"id":"/subscriptions/00000000-0000-0000-0000-000000000000/resourceGroups/ova-test/providers/Microsoft.ContainerRegistry/registries/tosintestdotnetsample2102020","name":"tosintestdotnetsample2102020","type":"Microsoft.ContainerRegistry/registries","sku":{"name":"Basic","tier":"Basic"},"location":"centralus","tags":{}},{"id":"/subscriptions/00000000-0000-0000-0000-000000000000/resourceGroups/ova-test/providers/Microsoft.ContainerRegistry/registries/tosintestdotnetsample2302020","name":"tosintestdotnetsample2302020","type":"Microsoft.ContainerRegistry/registries","sku":{"name":"Premium","tier":"Premium"},"location":"centralus","tags":{}},{"id":"/subscriptions/00000000-0000-0000-0000-000000000000/resourceGroups/ova-test/providers/Microsoft.ContainerRegistry/registries/tosintestpolicy1","name":"tosintestpolicy1","type":"Microsoft.ContainerRegistry/registries","sku":{"name":"Premium","tier":"Premium"},"location":"eastus","tags":{}},{"id":"/subscriptions/00000000-0000-0000-0000-000000000000/resourceGroups/ova-test/providers/Microsoft.ContainerRegistry/registries/tosintestpolicy2","name":"tosintestpolicy2","type":"Microsoft.ContainerRegistry/registries","sku":{"name":"Premium","tier":"Premium"},"location":"eastus2euap","tags":{}},{"id":"/subscriptions/00000000-0000-0000-0000-000000000000/resourceGroups/ova-test/providers/Microsoft.ContainerRegistry/registries/tosintestpolicycmk","name":"tosintestpolicycmk","type":"Microsoft.ContainerRegistry/registries","sku":{"name":"Premium","tier":"Premium"},"location":"eastus2euap","identity":{"principalId":"07cedb8e-2844-423e-9dea-a0d36c7081dc","tenantId":"72f988bf-86f1-41af-91ab-2d7cd011db47","type":"SystemAssigned,
        UserAssigned","userAssignedIdentities":{"/subscriptions/00000000-0000-0000-0000-000000000000/resourcegroups/ova-test/providers/Microsoft.ManagedIdentity/userAssignedIdentities/tosin_acr_cmk_reg_msi":{"principalId":"6124653a-5da4-4d7a-acfa-ca654ab4876e","clientId":"f74574c9-553d-4464-8987-381859564dd1"}}},"tags":{}},{"id":"/subscriptions/00000000-0000-0000-0000-000000000000/resourceGroups/ova-test/providers/Microsoft.ContainerRegistry/registries/tosintestpolicycmk232020","name":"tosintestpolicycmk232020","type":"Microsoft.ContainerRegistry/registries","sku":{"name":"Premium","tier":"Premium"},"location":"eastus2euap","identity":{"principalId":"2237c197-b5f5-4d89-ba0e-d4707049019c","tenantId":"72f988bf-86f1-41af-91ab-2d7cd011db47","type":"SystemAssigned,
        UserAssigned","userAssignedIdentities":{"/subscriptions/00000000-0000-0000-0000-000000000000/resourcegroups/ova-test/providers/Microsoft.ManagedIdentity/userAssignedIdentities/tosin_acr_cmk_reg_msi_2":{"principalId":"bf12952f-b52d-4074-8785-079f3c7ff048","clientId":"22e4cf2f-b3b4-4629-8b73-90592c60e0cd"}}},"tags":{}},{"id":"/subscriptions/00000000-0000-0000-0000-000000000000/resourceGroups/ova-test/providers/Microsoft.ContainerRegistry/registries/tosintestpolicyfail","name":"tosintestpolicyfail","type":"Microsoft.ContainerRegistry/registries","sku":{"name":"Basic","tier":"Basic"},"location":"westus","tags":{}},{"id":"/subscriptions/00000000-0000-0000-0000-000000000000/resourceGroups/ova-test/providers/Microsoft.ContainerRegistry/registries/tosinteststandardsku","name":"tosinteststandardsku","type":"Microsoft.ContainerRegistry/registries","sku":{"name":"Standard","tier":"Standard"},"location":"centraluseuap","tags":{}},{"id":"/subscriptions/00000000-0000-0000-0000-000000000000/resourceGroups/ova-test-1/providers/Microsoft.ContainerRegistry/registries/tosintestregovatest1","name":"tosintestregovatest1","type":"Microsoft.ContainerRegistry/registries","sku":{"name":"Premium","tier":"Premium"},"location":"eastus2","tags":{}},{"id":"/subscriptions/00000000-0000-0000-0000-000000000000/resourceGroups/ova-test-test/providers/Microsoft.ContainerRegistry/registries/tosintestregovatesttest1","name":"tosintestregovatesttest1","type":"Microsoft.ContainerRegistry/registries","sku":{"name":"Premium","tier":"Premium"},"location":"eastus2","tags":{}}]}'
    headers:
      cache-control:
      - no-cache
      content-length:
      - '7441'
      content-type:
      - application/json; charset=utf-8
      date:
      - Fri, 28 Feb 2020 03:50:28 GMT
      expires:
      - '-1'
      pragma:
      - no-cache
      strict-transport-security:
      - max-age=31536000; includeSubDomains
      vary:
      - Accept-Encoding
      x-content-type-options:
      - nosniff
    status:
      code: 200
      message: OK
- request:
    body: null
    headers:
      Accept:
      - application/json
      Accept-Encoding:
      - gzip, deflate
      CommandName:
      - acr webhook create
      Connection:
      - keep-alive
      ParameterSetName:
      - -n -r --uri --actions
      User-Agent:
      - python/3.6.6 (Windows-10-10.0.18362-SP0) msrest/0.6.9 msrest_azure/0.6.2 azure-mgmt-containerregistry/3.0.0rc10
        Azure-SDK-For-Python AZURECLI/2.1.0
      accept-language:
      - en-US
    method: GET
    uri: https://management.azure.com/subscriptions/00000000-0000-0000-0000-000000000000/resourceGroups/clitest.rg000001/providers/Microsoft.ContainerRegistry/registries/clireg000002?api-version=2019-12-01-preview
  response:
    body:
      string: '{"sku":{"name":"Standard","tier":"Standard"},"type":"Microsoft.ContainerRegistry/registries","id":"/subscriptions/00000000-0000-0000-0000-000000000000/resourceGroups/clitest.rg000001/providers/Microsoft.ContainerRegistry/registries/clireg000002","name":"clireg000002","location":"westus","tags":{},"properties":{"loginServer":"clireg000002.azurecr.io","creationDate":"2020-02-28T03:50:27.2309128Z","provisioningState":"Succeeded","adminUserEnabled":false,"policies":{"quarantinePolicy":{"status":"disabled"},"trustPolicy":{"type":"Notary","status":"disabled"},"retentionPolicy":{"days":7,"lastUpdatedTime":"2020-02-28T03:50:28.1356249+00:00","status":"disabled"}},"encryption":{"status":"disabled"}}}'
    headers:
      cache-control:
      - no-cache
      content-length:
      - '783'
      content-type:
      - application/json; charset=utf-8
      date:
      - Fri, 28 Feb 2020 03:50:28 GMT
      expires:
      - '-1'
      pragma:
      - no-cache
      server:
      - Microsoft-HTTPAPI/2.0
      strict-transport-security:
      - max-age=31536000; includeSubDomains
      transfer-encoding:
      - chunked
      vary:
      - Accept-Encoding
      x-content-type-options:
      - nosniff
    status:
      code: 200
      message: OK
- request:
    body: '{"location": "westus", "properties": {"serviceUri": "http://www.microsoft.com",
      "status": "enabled", "actions": ["push"]}}'
    headers:
      Accept:
      - application/json
      Accept-Encoding:
      - gzip, deflate
      CommandName:
      - acr webhook create
      Connection:
      - keep-alive
      Content-Length:
      - '122'
      Content-Type:
      - application/json; charset=utf-8
      ParameterSetName:
      - -n -r --uri --actions
      User-Agent:
      - python/3.6.6 (Windows-10-10.0.18362-SP0) msrest/0.6.9 msrest_azure/0.6.2 azure-mgmt-containerregistry/3.0.0rc10
        Azure-SDK-For-Python AZURECLI/2.1.0
      accept-language:
      - en-US
    method: PUT
    uri: https://management.azure.com/subscriptions/00000000-0000-0000-0000-000000000000/resourceGroups/clitest.rg000001/providers/Microsoft.ContainerRegistry/registries/clireg000002/webhooks/cliregwebhook?api-version=2019-12-01-preview
  response:
    body:
      string: '{"type":"Microsoft.ContainerRegistry/registries/webhooks","id":"/subscriptions/00000000-0000-0000-0000-000000000000/resourceGroups/clitest.rg000001/providers/Microsoft.ContainerRegistry/registries/clireg000002/webhooks/cliregwebhook","name":"cliregwebhook","location":"westus","tags":{},"properties":{"status":"enabled","scope":"","actions":["push"],"provisioningState":"Succeeded"}}'
    headers:
      cache-control:
      - no-cache
      content-length:
      - '450'
      content-type:
      - application/json; charset=utf-8
      date:
      - Fri, 28 Feb 2020 03:50:29 GMT
      expires:
      - '-1'
      pragma:
      - no-cache
      server:
      - Microsoft-HTTPAPI/2.0
      strict-transport-security:
      - max-age=31536000; includeSubDomains
      transfer-encoding:
      - chunked
      vary:
      - Accept-Encoding
      x-content-type-options:
      - nosniff
      x-ms-ratelimit-remaining-subscription-writes:
      - '1199'
    status:
      code: 200
      message: OK
- request:
    body: null
    headers:
      Accept:
      - application/json
      Accept-Encoding:
      - gzip, deflate
      CommandName:
      - acr webhook list
      Connection:
      - keep-alive
      ParameterSetName:
      - -r
      User-Agent:
      - python/3.6.6 (Windows-10-10.0.18362-SP0) msrest/0.6.9 msrest_azure/0.6.2 azure-mgmt-resource/8.0.1
        Azure-SDK-For-Python AZURECLI/2.1.0
      accept-language:
      - en-US
    method: GET
    uri: https://management.azure.com/subscriptions/00000000-0000-0000-0000-000000000000/resources?$filter=resourceType%20eq%20%27Microsoft.ContainerRegistry%2Fregistries%27&api-version=2019-07-01
  response:
    body:
      string: '{"value":[{"id":"/subscriptions/00000000-0000-0000-0000-000000000000/resourceGroups/clitest.rg525rth3no5rz5njlzsqzvx66bgt53lbw6e37o7z6pydqzsuhmfh6bd2zw4ernmdag/providers/Microsoft.ContainerRegistry/registries/cliregkrbdjp2475hgs5","name":"cliregkrbdjp2475hgs5","type":"Microsoft.ContainerRegistry/registries","sku":{"name":"Premium","tier":"Premium"},"location":"westus","tags":{}},{"id":"/subscriptions/00000000-0000-0000-0000-000000000000/resourceGroups/clitest.rg000001/providers/Microsoft.ContainerRegistry/registries/clireg000002","name":"clireg000002","type":"Microsoft.ContainerRegistry/registries","sku":{"name":"Standard","tier":"Standard"},"location":"westus","tags":{}},{"id":"/subscriptions/00000000-0000-0000-0000-000000000000/resourceGroups/clitest.rgg7qgn45wiyk6lxq4ufmtpsnj5ex2v4dudmxlyicjwby5kjckf5yuxqijvexazk4g6/providers/Microsoft.ContainerRegistry/registries/cliregzgscypemwxohtx","name":"cliregzgscypemwxohtx","type":"Microsoft.ContainerRegistry/registries","sku":{"name":"Standard","tier":"Standard"},"location":"westus","tags":{}},{"id":"/subscriptions/00000000-0000-0000-0000-000000000000/resourceGroups/clitest.rggy4paz3vakb7dtzfxzzpyzoglderyhkg4xumhjn2yquvkhzgexrox66w4trz3fn66/providers/Microsoft.ContainerRegistry/registries/clireg2agrvd5cc3cunp","name":"clireg2agrvd5cc3cunp","type":"Microsoft.ContainerRegistry/registries","sku":{"name":"Premium","tier":"Premium"},"location":"westus","tags":{}},{"id":"/subscriptions/00000000-0000-0000-0000-000000000000/resourceGroups/clitest.rgiy4wyk77alff3f2pmmnhkrzzbw37e647kjg2lkuemnfeo5q3ltwxwntb54i65sspw/providers/Microsoft.ContainerRegistry/registries/cliregswapuxj2kxplth","name":"cliregswapuxj2kxplth","type":"Microsoft.ContainerRegistry/registries","sku":{"name":"Standard","tier":"Standard"},"location":"westus","tags":{}},{"id":"/subscriptions/00000000-0000-0000-0000-000000000000/resourceGroups/ova-test/providers/Microsoft.ContainerRegistry/registries/ovaTestRegistry","name":"ovaTestRegistry","type":"Microsoft.ContainerRegistry/registries","sku":{"name":"Premium","tier":"Premium"},"location":"westus","tags":{}},{"id":"/subscriptions/00000000-0000-0000-0000-000000000000/resourceGroups/ova-test/providers/Microsoft.ContainerRegistry/registries/testbrsreg","name":"testbrsreg","type":"Microsoft.ContainerRegistry/registries","sku":{"name":"Premium","tier":"Premium"},"location":"brazilsouth","tags":{}},{"id":"/subscriptions/00000000-0000-0000-0000-000000000000/resourceGroups/ova-test/providers/Microsoft.ContainerRegistry/registries/testeunreg","name":"testeunreg","type":"Microsoft.ContainerRegistry/registries","sku":{"name":"Premium","tier":"Premium"},"location":"centralus","tags":{}},{"id":"/subscriptions/00000000-0000-0000-0000-000000000000/resourceGroups/ova-test/providers/Microsoft.ContainerRegistry/registries/testregistryimagedelete","name":"testregistryimagedelete","type":"Microsoft.ContainerRegistry/registries","sku":{"name":"Premium","tier":"Premium"},"location":"westus","tags":{}},{"id":"/subscriptions/00000000-0000-0000-0000-000000000000/resourceGroups/ova-test/providers/Microsoft.ContainerRegistry/registries/tosintestcmksamekey","name":"tosintestcmksamekey","type":"Microsoft.ContainerRegistry/registries","sku":{"name":"Premium","tier":"Premium"},"location":"eastus2euap","identity":{"principalId":"5d71557c-9354-4271-9843-d5ec8b044259","tenantId":"72f988bf-86f1-41af-91ab-2d7cd011db47","type":"SystemAssigned,
        UserAssigned","userAssignedIdentities":{"/subscriptions/00000000-0000-0000-0000-000000000000/resourcegroups/ova-test/providers/Microsoft.ManagedIdentity/userAssignedIdentities/tosin_acr_cmk_reg_msi_2":{"principalId":"bf12952f-b52d-4074-8785-079f3c7ff048","clientId":"22e4cf2f-b3b4-4629-8b73-90592c60e0cd"}}},"tags":{}},{"id":"/subscriptions/00000000-0000-0000-0000-000000000000/resourceGroups/ova-test/providers/Microsoft.ContainerRegistry/registries/tosintestdotnetsample2102020","name":"tosintestdotnetsample2102020","type":"Microsoft.ContainerRegistry/registries","sku":{"name":"Basic","tier":"Basic"},"location":"centralus","tags":{}},{"id":"/subscriptions/00000000-0000-0000-0000-000000000000/resourceGroups/ova-test/providers/Microsoft.ContainerRegistry/registries/tosintestdotnetsample2302020","name":"tosintestdotnetsample2302020","type":"Microsoft.ContainerRegistry/registries","sku":{"name":"Premium","tier":"Premium"},"location":"centralus","tags":{}},{"id":"/subscriptions/00000000-0000-0000-0000-000000000000/resourceGroups/ova-test/providers/Microsoft.ContainerRegistry/registries/tosintestpolicy1","name":"tosintestpolicy1","type":"Microsoft.ContainerRegistry/registries","sku":{"name":"Premium","tier":"Premium"},"location":"eastus","tags":{}},{"id":"/subscriptions/00000000-0000-0000-0000-000000000000/resourceGroups/ova-test/providers/Microsoft.ContainerRegistry/registries/tosintestpolicy2","name":"tosintestpolicy2","type":"Microsoft.ContainerRegistry/registries","sku":{"name":"Premium","tier":"Premium"},"location":"eastus2euap","tags":{}},{"id":"/subscriptions/00000000-0000-0000-0000-000000000000/resourceGroups/ova-test/providers/Microsoft.ContainerRegistry/registries/tosintestpolicycmk","name":"tosintestpolicycmk","type":"Microsoft.ContainerRegistry/registries","sku":{"name":"Premium","tier":"Premium"},"location":"eastus2euap","identity":{"principalId":"07cedb8e-2844-423e-9dea-a0d36c7081dc","tenantId":"72f988bf-86f1-41af-91ab-2d7cd011db47","type":"SystemAssigned,
        UserAssigned","userAssignedIdentities":{"/subscriptions/00000000-0000-0000-0000-000000000000/resourcegroups/ova-test/providers/Microsoft.ManagedIdentity/userAssignedIdentities/tosin_acr_cmk_reg_msi":{"principalId":"6124653a-5da4-4d7a-acfa-ca654ab4876e","clientId":"f74574c9-553d-4464-8987-381859564dd1"}}},"tags":{}},{"id":"/subscriptions/00000000-0000-0000-0000-000000000000/resourceGroups/ova-test/providers/Microsoft.ContainerRegistry/registries/tosintestpolicycmk232020","name":"tosintestpolicycmk232020","type":"Microsoft.ContainerRegistry/registries","sku":{"name":"Premium","tier":"Premium"},"location":"eastus2euap","identity":{"principalId":"2237c197-b5f5-4d89-ba0e-d4707049019c","tenantId":"72f988bf-86f1-41af-91ab-2d7cd011db47","type":"SystemAssigned,
        UserAssigned","userAssignedIdentities":{"/subscriptions/00000000-0000-0000-0000-000000000000/resourcegroups/ova-test/providers/Microsoft.ManagedIdentity/userAssignedIdentities/tosin_acr_cmk_reg_msi_2":{"principalId":"bf12952f-b52d-4074-8785-079f3c7ff048","clientId":"22e4cf2f-b3b4-4629-8b73-90592c60e0cd"}}},"tags":{}},{"id":"/subscriptions/00000000-0000-0000-0000-000000000000/resourceGroups/ova-test/providers/Microsoft.ContainerRegistry/registries/tosintestpolicyfail","name":"tosintestpolicyfail","type":"Microsoft.ContainerRegistry/registries","sku":{"name":"Basic","tier":"Basic"},"location":"westus","tags":{}},{"id":"/subscriptions/00000000-0000-0000-0000-000000000000/resourceGroups/ova-test/providers/Microsoft.ContainerRegistry/registries/tosinteststandardsku","name":"tosinteststandardsku","type":"Microsoft.ContainerRegistry/registries","sku":{"name":"Standard","tier":"Standard"},"location":"centraluseuap","tags":{}},{"id":"/subscriptions/00000000-0000-0000-0000-000000000000/resourceGroups/ova-test-1/providers/Microsoft.ContainerRegistry/registries/tosintestregovatest1","name":"tosintestregovatest1","type":"Microsoft.ContainerRegistry/registries","sku":{"name":"Premium","tier":"Premium"},"location":"eastus2","tags":{}},{"id":"/subscriptions/00000000-0000-0000-0000-000000000000/resourceGroups/ova-test-test/providers/Microsoft.ContainerRegistry/registries/tosintestregovatesttest1","name":"tosintestregovatesttest1","type":"Microsoft.ContainerRegistry/registries","sku":{"name":"Premium","tier":"Premium"},"location":"eastus2","tags":{}}]}'
    headers:
      cache-control:
      - no-cache
      content-length:
      - '7815'
      content-type:
      - application/json; charset=utf-8
      date:
      - Fri, 28 Feb 2020 03:50:30 GMT
      expires:
      - '-1'
      pragma:
      - no-cache
      strict-transport-security:
      - max-age=31536000; includeSubDomains
      vary:
      - Accept-Encoding
      x-content-type-options:
      - nosniff
    status:
      code: 200
      message: OK
- request:
    body: null
    headers:
      Accept:
      - application/json
      Accept-Encoding:
      - gzip, deflate
      CommandName:
      - acr webhook list
      Connection:
      - keep-alive
      ParameterSetName:
      - -r
      User-Agent:
      - python/3.6.6 (Windows-10-10.0.18362-SP0) msrest/0.6.9 msrest_azure/0.6.2 azure-mgmt-containerregistry/3.0.0rc10
        Azure-SDK-For-Python AZURECLI/2.1.0
      accept-language:
      - en-US
    method: GET
    uri: https://management.azure.com/subscriptions/00000000-0000-0000-0000-000000000000/resourceGroups/clitest.rg000001/providers/Microsoft.ContainerRegistry/registries/clireg000002?api-version=2019-12-01-preview
  response:
    body:
      string: '{"sku":{"name":"Standard","tier":"Standard"},"type":"Microsoft.ContainerRegistry/registries","id":"/subscriptions/00000000-0000-0000-0000-000000000000/resourceGroups/clitest.rg000001/providers/Microsoft.ContainerRegistry/registries/clireg000002","name":"clireg000002","location":"westus","tags":{},"properties":{"loginServer":"clireg000002.azurecr.io","creationDate":"2020-02-28T03:50:27.2309128Z","provisioningState":"Succeeded","adminUserEnabled":false,"policies":{"quarantinePolicy":{"status":"disabled"},"trustPolicy":{"type":"Notary","status":"disabled"},"retentionPolicy":{"days":7,"lastUpdatedTime":"2020-02-28T03:50:28.1356249+00:00","status":"disabled"}},"encryption":{"status":"disabled"}}}'
    headers:
      cache-control:
      - no-cache
      content-length:
      - '783'
      content-type:
      - application/json; charset=utf-8
      date:
      - Fri, 28 Feb 2020 03:50:30 GMT
      expires:
      - '-1'
      pragma:
      - no-cache
      server:
      - Microsoft-HTTPAPI/2.0
      strict-transport-security:
      - max-age=31536000; includeSubDomains
      transfer-encoding:
      - chunked
      vary:
      - Accept-Encoding
      x-content-type-options:
      - nosniff
    status:
      code: 200
      message: OK
- request:
    body: null
    headers:
      Accept:
      - application/json
      Accept-Encoding:
      - gzip, deflate
      CommandName:
      - acr webhook list
      Connection:
      - keep-alive
      ParameterSetName:
      - -r
      User-Agent:
      - python/3.6.6 (Windows-10-10.0.18362-SP0) msrest/0.6.9 msrest_azure/0.6.2 azure-mgmt-containerregistry/3.0.0rc10
        Azure-SDK-For-Python AZURECLI/2.1.0
      accept-language:
      - en-US
    method: GET
    uri: https://management.azure.com/subscriptions/00000000-0000-0000-0000-000000000000/resourceGroups/clitest.rg000001/providers/Microsoft.ContainerRegistry/registries/clireg000002/webhooks?api-version=2019-12-01-preview
  response:
    body:
      string: '{"value":[{"type":"Microsoft.ContainerRegistry/registries/webhooks","id":"/subscriptions/00000000-0000-0000-0000-000000000000/resourceGroups/clitest.rg000001/providers/Microsoft.ContainerRegistry/registries/clireg000002/webhooks/cliregwebhook","name":"cliregwebhook","location":"westus","tags":{},"properties":{"status":"enabled","scope":"","actions":["push"],"provisioningState":"Succeeded"}}]}'
    headers:
      cache-control:
      - no-cache
      content-length:
      - '462'
      content-type:
      - application/json; charset=utf-8
      date:
      - Fri, 28 Feb 2020 03:50:30 GMT
      expires:
      - '-1'
      pragma:
      - no-cache
      server:
      - Microsoft-HTTPAPI/2.0
      strict-transport-security:
      - max-age=31536000; includeSubDomains
      transfer-encoding:
      - chunked
      vary:
      - Accept-Encoding
      x-content-type-options:
      - nosniff
    status:
      code: 200
      message: OK
- request:
    body: null
    headers:
      Accept:
      - application/json
      Accept-Encoding:
      - gzip, deflate
      CommandName:
      - acr webhook show
      Connection:
      - keep-alive
      ParameterSetName:
      - -n -r
      User-Agent:
      - python/3.6.6 (Windows-10-10.0.18362-SP0) msrest/0.6.9 msrest_azure/0.6.2 azure-mgmt-resource/8.0.1
        Azure-SDK-For-Python AZURECLI/2.1.0
      accept-language:
      - en-US
    method: GET
    uri: https://management.azure.com/subscriptions/00000000-0000-0000-0000-000000000000/resources?$filter=resourceType%20eq%20%27Microsoft.ContainerRegistry%2Fregistries%27&api-version=2019-07-01
  response:
    body:
      string: '{"value":[{"id":"/subscriptions/00000000-0000-0000-0000-000000000000/resourceGroups/clitest.rg525rth3no5rz5njlzsqzvx66bgt53lbw6e37o7z6pydqzsuhmfh6bd2zw4ernmdag/providers/Microsoft.ContainerRegistry/registries/cliregkrbdjp2475hgs5","name":"cliregkrbdjp2475hgs5","type":"Microsoft.ContainerRegistry/registries","sku":{"name":"Premium","tier":"Premium"},"location":"westus","tags":{"foo":"bar","cat":""}},{"id":"/subscriptions/00000000-0000-0000-0000-000000000000/resourceGroups/clitest.rg000001/providers/Microsoft.ContainerRegistry/registries/clireg000002","name":"clireg000002","type":"Microsoft.ContainerRegistry/registries","sku":{"name":"Standard","tier":"Standard"},"location":"westus","tags":{}},{"id":"/subscriptions/00000000-0000-0000-0000-000000000000/resourceGroups/clitest.rgg7qgn45wiyk6lxq4ufmtpsnj5ex2v4dudmxlyicjwby5kjckf5yuxqijvexazk4g6/providers/Microsoft.ContainerRegistry/registries/cliregzgscypemwxohtx","name":"cliregzgscypemwxohtx","type":"Microsoft.ContainerRegistry/registries","sku":{"name":"Standard","tier":"Standard"},"location":"westus","tags":{}},{"id":"/subscriptions/00000000-0000-0000-0000-000000000000/resourceGroups/clitest.rggy4paz3vakb7dtzfxzzpyzoglderyhkg4xumhjn2yquvkhzgexrox66w4trz3fn66/providers/Microsoft.ContainerRegistry/registries/clireg2agrvd5cc3cunp","name":"clireg2agrvd5cc3cunp","type":"Microsoft.ContainerRegistry/registries","sku":{"name":"Premium","tier":"Premium"},"location":"westus","tags":{}},{"id":"/subscriptions/00000000-0000-0000-0000-000000000000/resourceGroups/clitest.rgiy4wyk77alff3f2pmmnhkrzzbw37e647kjg2lkuemnfeo5q3ltwxwntb54i65sspw/providers/Microsoft.ContainerRegistry/registries/cliregswapuxj2kxplth","name":"cliregswapuxj2kxplth","type":"Microsoft.ContainerRegistry/registries","sku":{"name":"Standard","tier":"Standard"},"location":"westus","tags":{}},{"id":"/subscriptions/00000000-0000-0000-0000-000000000000/resourceGroups/ova-test/providers/Microsoft.ContainerRegistry/registries/ovaTestRegistry","name":"ovaTestRegistry","type":"Microsoft.ContainerRegistry/registries","sku":{"name":"Premium","tier":"Premium"},"location":"westus","tags":{}},{"id":"/subscriptions/00000000-0000-0000-0000-000000000000/resourceGroups/ova-test/providers/Microsoft.ContainerRegistry/registries/testbrsreg","name":"testbrsreg","type":"Microsoft.ContainerRegistry/registries","sku":{"name":"Premium","tier":"Premium"},"location":"brazilsouth","tags":{}},{"id":"/subscriptions/00000000-0000-0000-0000-000000000000/resourceGroups/ova-test/providers/Microsoft.ContainerRegistry/registries/testeunreg","name":"testeunreg","type":"Microsoft.ContainerRegistry/registries","sku":{"name":"Premium","tier":"Premium"},"location":"centralus","tags":{}},{"id":"/subscriptions/00000000-0000-0000-0000-000000000000/resourceGroups/ova-test/providers/Microsoft.ContainerRegistry/registries/testregistryimagedelete","name":"testregistryimagedelete","type":"Microsoft.ContainerRegistry/registries","sku":{"name":"Premium","tier":"Premium"},"location":"westus","tags":{}},{"id":"/subscriptions/00000000-0000-0000-0000-000000000000/resourceGroups/ova-test/providers/Microsoft.ContainerRegistry/registries/tosintestcmksamekey","name":"tosintestcmksamekey","type":"Microsoft.ContainerRegistry/registries","sku":{"name":"Premium","tier":"Premium"},"location":"eastus2euap","identity":{"principalId":"5d71557c-9354-4271-9843-d5ec8b044259","tenantId":"72f988bf-86f1-41af-91ab-2d7cd011db47","type":"SystemAssigned,
        UserAssigned","userAssignedIdentities":{"/subscriptions/00000000-0000-0000-0000-000000000000/resourcegroups/ova-test/providers/Microsoft.ManagedIdentity/userAssignedIdentities/tosin_acr_cmk_reg_msi_2":{"principalId":"bf12952f-b52d-4074-8785-079f3c7ff048","clientId":"22e4cf2f-b3b4-4629-8b73-90592c60e0cd"}}},"tags":{}},{"id":"/subscriptions/00000000-0000-0000-0000-000000000000/resourceGroups/ova-test/providers/Microsoft.ContainerRegistry/registries/tosintestdotnetsample2102020","name":"tosintestdotnetsample2102020","type":"Microsoft.ContainerRegistry/registries","sku":{"name":"Basic","tier":"Basic"},"location":"centralus","tags":{}},{"id":"/subscriptions/00000000-0000-0000-0000-000000000000/resourceGroups/ova-test/providers/Microsoft.ContainerRegistry/registries/tosintestdotnetsample2302020","name":"tosintestdotnetsample2302020","type":"Microsoft.ContainerRegistry/registries","sku":{"name":"Premium","tier":"Premium"},"location":"centralus","tags":{}},{"id":"/subscriptions/00000000-0000-0000-0000-000000000000/resourceGroups/ova-test/providers/Microsoft.ContainerRegistry/registries/tosintestpolicy1","name":"tosintestpolicy1","type":"Microsoft.ContainerRegistry/registries","sku":{"name":"Premium","tier":"Premium"},"location":"eastus","tags":{}},{"id":"/subscriptions/00000000-0000-0000-0000-000000000000/resourceGroups/ova-test/providers/Microsoft.ContainerRegistry/registries/tosintestpolicy2","name":"tosintestpolicy2","type":"Microsoft.ContainerRegistry/registries","sku":{"name":"Premium","tier":"Premium"},"location":"eastus2euap","tags":{}},{"id":"/subscriptions/00000000-0000-0000-0000-000000000000/resourceGroups/ova-test/providers/Microsoft.ContainerRegistry/registries/tosintestpolicycmk","name":"tosintestpolicycmk","type":"Microsoft.ContainerRegistry/registries","sku":{"name":"Premium","tier":"Premium"},"location":"eastus2euap","identity":{"principalId":"07cedb8e-2844-423e-9dea-a0d36c7081dc","tenantId":"72f988bf-86f1-41af-91ab-2d7cd011db47","type":"SystemAssigned,
        UserAssigned","userAssignedIdentities":{"/subscriptions/00000000-0000-0000-0000-000000000000/resourcegroups/ova-test/providers/Microsoft.ManagedIdentity/userAssignedIdentities/tosin_acr_cmk_reg_msi":{"principalId":"6124653a-5da4-4d7a-acfa-ca654ab4876e","clientId":"f74574c9-553d-4464-8987-381859564dd1"}}},"tags":{}},{"id":"/subscriptions/00000000-0000-0000-0000-000000000000/resourceGroups/ova-test/providers/Microsoft.ContainerRegistry/registries/tosintestpolicycmk232020","name":"tosintestpolicycmk232020","type":"Microsoft.ContainerRegistry/registries","sku":{"name":"Premium","tier":"Premium"},"location":"eastus2euap","identity":{"principalId":"2237c197-b5f5-4d89-ba0e-d4707049019c","tenantId":"72f988bf-86f1-41af-91ab-2d7cd011db47","type":"SystemAssigned,
        UserAssigned","userAssignedIdentities":{"/subscriptions/00000000-0000-0000-0000-000000000000/resourcegroups/ova-test/providers/Microsoft.ManagedIdentity/userAssignedIdentities/tosin_acr_cmk_reg_msi_2":{"principalId":"bf12952f-b52d-4074-8785-079f3c7ff048","clientId":"22e4cf2f-b3b4-4629-8b73-90592c60e0cd"}}},"tags":{}},{"id":"/subscriptions/00000000-0000-0000-0000-000000000000/resourceGroups/ova-test/providers/Microsoft.ContainerRegistry/registries/tosintestpolicyfail","name":"tosintestpolicyfail","type":"Microsoft.ContainerRegistry/registries","sku":{"name":"Basic","tier":"Basic"},"location":"westus","tags":{}},{"id":"/subscriptions/00000000-0000-0000-0000-000000000000/resourceGroups/ova-test/providers/Microsoft.ContainerRegistry/registries/tosinteststandardsku","name":"tosinteststandardsku","type":"Microsoft.ContainerRegistry/registries","sku":{"name":"Standard","tier":"Standard"},"location":"centraluseuap","tags":{}},{"id":"/subscriptions/00000000-0000-0000-0000-000000000000/resourceGroups/ova-test-1/providers/Microsoft.ContainerRegistry/registries/tosintestregovatest1","name":"tosintestregovatest1","type":"Microsoft.ContainerRegistry/registries","sku":{"name":"Premium","tier":"Premium"},"location":"eastus2","tags":{}},{"id":"/subscriptions/00000000-0000-0000-0000-000000000000/resourceGroups/ova-test-test/providers/Microsoft.ContainerRegistry/registries/tosintestregovatesttest1","name":"tosintestregovatesttest1","type":"Microsoft.ContainerRegistry/registries","sku":{"name":"Premium","tier":"Premium"},"location":"eastus2","tags":{}}]}'
    headers:
      cache-control:
      - no-cache
      content-length:
      - '7835'
      content-type:
      - application/json; charset=utf-8
      date:
      - Fri, 28 Feb 2020 03:50:31 GMT
      expires:
      - '-1'
      pragma:
      - no-cache
      strict-transport-security:
      - max-age=31536000; includeSubDomains
      vary:
      - Accept-Encoding
      x-content-type-options:
      - nosniff
    status:
      code: 200
      message: OK
- request:
    body: null
    headers:
      Accept:
      - application/json
      Accept-Encoding:
      - gzip, deflate
      CommandName:
      - acr webhook show
      Connection:
      - keep-alive
      ParameterSetName:
      - -n -r
      User-Agent:
      - python/3.6.6 (Windows-10-10.0.18362-SP0) msrest/0.6.9 msrest_azure/0.6.2 azure-mgmt-containerregistry/3.0.0rc10
        Azure-SDK-For-Python AZURECLI/2.1.0
      accept-language:
      - en-US
    method: GET
    uri: https://management.azure.com/subscriptions/00000000-0000-0000-0000-000000000000/resourceGroups/clitest.rg000001/providers/Microsoft.ContainerRegistry/registries/clireg000002?api-version=2019-12-01-preview
  response:
    body:
      string: '{"sku":{"name":"Standard","tier":"Standard"},"type":"Microsoft.ContainerRegistry/registries","id":"/subscriptions/00000000-0000-0000-0000-000000000000/resourceGroups/clitest.rg000001/providers/Microsoft.ContainerRegistry/registries/clireg000002","name":"clireg000002","location":"westus","tags":{},"properties":{"loginServer":"clireg000002.azurecr.io","creationDate":"2020-02-28T03:50:27.2309128Z","provisioningState":"Succeeded","adminUserEnabled":false,"policies":{"quarantinePolicy":{"status":"disabled"},"trustPolicy":{"type":"Notary","status":"disabled"},"retentionPolicy":{"days":7,"lastUpdatedTime":"2020-02-28T03:50:28.1356249+00:00","status":"disabled"}},"encryption":{"status":"disabled"}}}'
    headers:
      cache-control:
      - no-cache
      content-length:
      - '783'
      content-type:
      - application/json; charset=utf-8
      date:
      - Fri, 28 Feb 2020 03:50:30 GMT
      expires:
      - '-1'
      pragma:
      - no-cache
      server:
      - Microsoft-HTTPAPI/2.0
      strict-transport-security:
      - max-age=31536000; includeSubDomains
      transfer-encoding:
      - chunked
      vary:
      - Accept-Encoding
      x-content-type-options:
      - nosniff
    status:
      code: 200
      message: OK
- request:
    body: null
    headers:
      Accept:
      - application/json
      Accept-Encoding:
      - gzip, deflate
      CommandName:
      - acr webhook show
      Connection:
      - keep-alive
      ParameterSetName:
      - -n -r
      User-Agent:
      - python/3.6.6 (Windows-10-10.0.18362-SP0) msrest/0.6.9 msrest_azure/0.6.2 azure-mgmt-containerregistry/3.0.0rc10
        Azure-SDK-For-Python AZURECLI/2.1.0
      accept-language:
      - en-US
    method: GET
    uri: https://management.azure.com/subscriptions/00000000-0000-0000-0000-000000000000/resourceGroups/clitest.rg000001/providers/Microsoft.ContainerRegistry/registries/clireg000002/webhooks/cliregwebhook?api-version=2019-12-01-preview
  response:
    body:
      string: '{"type":"Microsoft.ContainerRegistry/registries/webhooks","id":"/subscriptions/00000000-0000-0000-0000-000000000000/resourceGroups/clitest.rg000001/providers/Microsoft.ContainerRegistry/registries/clireg000002/webhooks/cliregwebhook","name":"cliregwebhook","location":"westus","tags":{},"properties":{"status":"enabled","scope":"","actions":["push"],"provisioningState":"Succeeded"}}'
    headers:
      cache-control:
      - no-cache
      content-length:
      - '450'
      content-type:
      - application/json; charset=utf-8
      date:
      - Fri, 28 Feb 2020 03:50:31 GMT
      expires:
      - '-1'
      pragma:
      - no-cache
      server:
      - Microsoft-HTTPAPI/2.0
      strict-transport-security:
      - max-age=31536000; includeSubDomains
      transfer-encoding:
      - chunked
      vary:
      - Accept-Encoding
      x-content-type-options:
      - nosniff
    status:
      code: 200
      message: OK
- request:
    body: null
    headers:
      Accept:
      - application/json
      Accept-Encoding:
      - gzip, deflate
      CommandName:
      - acr webhook update
      Connection:
      - keep-alive
      ParameterSetName:
      - -n -r --headers --scope
      User-Agent:
      - python/3.6.6 (Windows-10-10.0.18362-SP0) msrest/0.6.9 msrest_azure/0.6.2 azure-mgmt-resource/8.0.1
        Azure-SDK-For-Python AZURECLI/2.1.0
      accept-language:
      - en-US
    method: GET
    uri: https://management.azure.com/subscriptions/00000000-0000-0000-0000-000000000000/resources?$filter=resourceType%20eq%20%27Microsoft.ContainerRegistry%2Fregistries%27&api-version=2019-07-01
  response:
    body:
      string: '{"value":[{"id":"/subscriptions/00000000-0000-0000-0000-000000000000/resourceGroups/clitest.rg525rth3no5rz5njlzsqzvx66bgt53lbw6e37o7z6pydqzsuhmfh6bd2zw4ernmdag/providers/Microsoft.ContainerRegistry/registries/cliregkrbdjp2475hgs5","name":"cliregkrbdjp2475hgs5","type":"Microsoft.ContainerRegistry/registries","sku":{"name":"Premium","tier":"Premium"},"location":"westus","tags":{"foo":"bar","cat":""}},{"id":"/subscriptions/00000000-0000-0000-0000-000000000000/resourceGroups/clitest.rg000001/providers/Microsoft.ContainerRegistry/registries/clireg000002","name":"clireg000002","type":"Microsoft.ContainerRegistry/registries","sku":{"name":"Standard","tier":"Standard"},"location":"westus","tags":{}},{"id":"/subscriptions/00000000-0000-0000-0000-000000000000/resourceGroups/clitest.rgg7qgn45wiyk6lxq4ufmtpsnj5ex2v4dudmxlyicjwby5kjckf5yuxqijvexazk4g6/providers/Microsoft.ContainerRegistry/registries/cliregzgscypemwxohtx","name":"cliregzgscypemwxohtx","type":"Microsoft.ContainerRegistry/registries","sku":{"name":"Standard","tier":"Standard"},"location":"westus","tags":{}},{"id":"/subscriptions/00000000-0000-0000-0000-000000000000/resourceGroups/clitest.rggy4paz3vakb7dtzfxzzpyzoglderyhkg4xumhjn2yquvkhzgexrox66w4trz3fn66/providers/Microsoft.ContainerRegistry/registries/clireg2agrvd5cc3cunp","name":"clireg2agrvd5cc3cunp","type":"Microsoft.ContainerRegistry/registries","sku":{"name":"Premium","tier":"Premium"},"location":"westus","tags":{}},{"id":"/subscriptions/00000000-0000-0000-0000-000000000000/resourceGroups/clitest.rgiy4wyk77alff3f2pmmnhkrzzbw37e647kjg2lkuemnfeo5q3ltwxwntb54i65sspw/providers/Microsoft.ContainerRegistry/registries/cliregswapuxj2kxplth","name":"cliregswapuxj2kxplth","type":"Microsoft.ContainerRegistry/registries","sku":{"name":"Standard","tier":"Standard"},"location":"westus","tags":{}},{"id":"/subscriptions/00000000-0000-0000-0000-000000000000/resourceGroups/ova-test/providers/Microsoft.ContainerRegistry/registries/ovaTestRegistry","name":"ovaTestRegistry","type":"Microsoft.ContainerRegistry/registries","sku":{"name":"Premium","tier":"Premium"},"location":"westus","tags":{}},{"id":"/subscriptions/00000000-0000-0000-0000-000000000000/resourceGroups/ova-test/providers/Microsoft.ContainerRegistry/registries/testbrsreg","name":"testbrsreg","type":"Microsoft.ContainerRegistry/registries","sku":{"name":"Premium","tier":"Premium"},"location":"brazilsouth","tags":{}},{"id":"/subscriptions/00000000-0000-0000-0000-000000000000/resourceGroups/ova-test/providers/Microsoft.ContainerRegistry/registries/testeunreg","name":"testeunreg","type":"Microsoft.ContainerRegistry/registries","sku":{"name":"Premium","tier":"Premium"},"location":"centralus","tags":{}},{"id":"/subscriptions/00000000-0000-0000-0000-000000000000/resourceGroups/ova-test/providers/Microsoft.ContainerRegistry/registries/testregistryimagedelete","name":"testregistryimagedelete","type":"Microsoft.ContainerRegistry/registries","sku":{"name":"Premium","tier":"Premium"},"location":"westus","tags":{}},{"id":"/subscriptions/00000000-0000-0000-0000-000000000000/resourceGroups/ova-test/providers/Microsoft.ContainerRegistry/registries/tosintestcmksamekey","name":"tosintestcmksamekey","type":"Microsoft.ContainerRegistry/registries","sku":{"name":"Premium","tier":"Premium"},"location":"eastus2euap","identity":{"principalId":"5d71557c-9354-4271-9843-d5ec8b044259","tenantId":"72f988bf-86f1-41af-91ab-2d7cd011db47","type":"SystemAssigned,
        UserAssigned","userAssignedIdentities":{"/subscriptions/00000000-0000-0000-0000-000000000000/resourcegroups/ova-test/providers/Microsoft.ManagedIdentity/userAssignedIdentities/tosin_acr_cmk_reg_msi_2":{"principalId":"bf12952f-b52d-4074-8785-079f3c7ff048","clientId":"22e4cf2f-b3b4-4629-8b73-90592c60e0cd"}}},"tags":{}},{"id":"/subscriptions/00000000-0000-0000-0000-000000000000/resourceGroups/ova-test/providers/Microsoft.ContainerRegistry/registries/tosintestdotnetsample2102020","name":"tosintestdotnetsample2102020","type":"Microsoft.ContainerRegistry/registries","sku":{"name":"Basic","tier":"Basic"},"location":"centralus","tags":{}},{"id":"/subscriptions/00000000-0000-0000-0000-000000000000/resourceGroups/ova-test/providers/Microsoft.ContainerRegistry/registries/tosintestdotnetsample2302020","name":"tosintestdotnetsample2302020","type":"Microsoft.ContainerRegistry/registries","sku":{"name":"Premium","tier":"Premium"},"location":"centralus","tags":{}},{"id":"/subscriptions/00000000-0000-0000-0000-000000000000/resourceGroups/ova-test/providers/Microsoft.ContainerRegistry/registries/tosintestpolicy1","name":"tosintestpolicy1","type":"Microsoft.ContainerRegistry/registries","sku":{"name":"Premium","tier":"Premium"},"location":"eastus","tags":{}},{"id":"/subscriptions/00000000-0000-0000-0000-000000000000/resourceGroups/ova-test/providers/Microsoft.ContainerRegistry/registries/tosintestpolicy2","name":"tosintestpolicy2","type":"Microsoft.ContainerRegistry/registries","sku":{"name":"Premium","tier":"Premium"},"location":"eastus2euap","tags":{}},{"id":"/subscriptions/00000000-0000-0000-0000-000000000000/resourceGroups/ova-test/providers/Microsoft.ContainerRegistry/registries/tosintestpolicycmk","name":"tosintestpolicycmk","type":"Microsoft.ContainerRegistry/registries","sku":{"name":"Premium","tier":"Premium"},"location":"eastus2euap","identity":{"principalId":"07cedb8e-2844-423e-9dea-a0d36c7081dc","tenantId":"72f988bf-86f1-41af-91ab-2d7cd011db47","type":"SystemAssigned,
        UserAssigned","userAssignedIdentities":{"/subscriptions/00000000-0000-0000-0000-000000000000/resourcegroups/ova-test/providers/Microsoft.ManagedIdentity/userAssignedIdentities/tosin_acr_cmk_reg_msi":{"principalId":"6124653a-5da4-4d7a-acfa-ca654ab4876e","clientId":"f74574c9-553d-4464-8987-381859564dd1"}}},"tags":{}},{"id":"/subscriptions/00000000-0000-0000-0000-000000000000/resourceGroups/ova-test/providers/Microsoft.ContainerRegistry/registries/tosintestpolicycmk232020","name":"tosintestpolicycmk232020","type":"Microsoft.ContainerRegistry/registries","sku":{"name":"Premium","tier":"Premium"},"location":"eastus2euap","identity":{"principalId":"2237c197-b5f5-4d89-ba0e-d4707049019c","tenantId":"72f988bf-86f1-41af-91ab-2d7cd011db47","type":"SystemAssigned,
        UserAssigned","userAssignedIdentities":{"/subscriptions/00000000-0000-0000-0000-000000000000/resourcegroups/ova-test/providers/Microsoft.ManagedIdentity/userAssignedIdentities/tosin_acr_cmk_reg_msi_2":{"principalId":"bf12952f-b52d-4074-8785-079f3c7ff048","clientId":"22e4cf2f-b3b4-4629-8b73-90592c60e0cd"}}},"tags":{}},{"id":"/subscriptions/00000000-0000-0000-0000-000000000000/resourceGroups/ova-test/providers/Microsoft.ContainerRegistry/registries/tosintestpolicyfail","name":"tosintestpolicyfail","type":"Microsoft.ContainerRegistry/registries","sku":{"name":"Basic","tier":"Basic"},"location":"westus","tags":{}},{"id":"/subscriptions/00000000-0000-0000-0000-000000000000/resourceGroups/ova-test/providers/Microsoft.ContainerRegistry/registries/tosinteststandardsku","name":"tosinteststandardsku","type":"Microsoft.ContainerRegistry/registries","sku":{"name":"Standard","tier":"Standard"},"location":"centraluseuap","tags":{}},{"id":"/subscriptions/00000000-0000-0000-0000-000000000000/resourceGroups/ova-test-1/providers/Microsoft.ContainerRegistry/registries/tosintestregovatest1","name":"tosintestregovatest1","type":"Microsoft.ContainerRegistry/registries","sku":{"name":"Premium","tier":"Premium"},"location":"eastus2","tags":{}},{"id":"/subscriptions/00000000-0000-0000-0000-000000000000/resourceGroups/ova-test-test/providers/Microsoft.ContainerRegistry/registries/tosintestregovatesttest1","name":"tosintestregovatesttest1","type":"Microsoft.ContainerRegistry/registries","sku":{"name":"Premium","tier":"Premium"},"location":"eastus2","tags":{}}]}'
    headers:
      cache-control:
      - no-cache
      content-length:
      - '7835'
      content-type:
      - application/json; charset=utf-8
      date:
      - Fri, 28 Feb 2020 03:50:31 GMT
      expires:
      - '-1'
      pragma:
      - no-cache
      strict-transport-security:
      - max-age=31536000; includeSubDomains
      vary:
      - Accept-Encoding
      x-content-type-options:
      - nosniff
    status:
      code: 200
      message: OK
- request:
    body: '{"properties": {"customHeaders": {"key": "value"}, "scope": "hello-world"}}'
    headers:
      Accept:
      - application/json
      Accept-Encoding:
      - gzip, deflate
      CommandName:
      - acr webhook update
      Connection:
      - keep-alive
      Content-Length:
      - '75'
      Content-Type:
      - application/json; charset=utf-8
      ParameterSetName:
      - -n -r --headers --scope
      User-Agent:
      - python/3.6.6 (Windows-10-10.0.18362-SP0) msrest/0.6.9 msrest_azure/0.6.2 azure-mgmt-containerregistry/3.0.0rc10
        Azure-SDK-For-Python AZURECLI/2.1.0
      accept-language:
      - en-US
    method: PATCH
    uri: https://management.azure.com/subscriptions/00000000-0000-0000-0000-000000000000/resourceGroups/clitest.rg000001/providers/Microsoft.ContainerRegistry/registries/clireg000002/webhooks/cliregwebhook?api-version=2019-12-01-preview
  response:
    body:
      string: '{"type":"Microsoft.ContainerRegistry/registries/webhooks","id":"/subscriptions/00000000-0000-0000-0000-000000000000/resourceGroups/clitest.rg000001/providers/Microsoft.ContainerRegistry/registries/clireg000002/webhooks/cliregwebhook","name":"cliregwebhook","location":"westus","tags":{},"properties":{"status":"enabled","scope":"hello-world","actions":["push"],"provisioningState":"Succeeded"}}'
    headers:
      cache-control:
      - no-cache
      content-length:
      - '461'
      content-type:
      - application/json; charset=utf-8
      date:
      - Fri, 28 Feb 2020 03:50:31 GMT
      expires:
      - '-1'
      pragma:
      - no-cache
      server:
      - Microsoft-HTTPAPI/2.0
      strict-transport-security:
      - max-age=31536000; includeSubDomains
      transfer-encoding:
      - chunked
      vary:
      - Accept-Encoding
      x-content-type-options:
      - nosniff
      x-ms-ratelimit-remaining-subscription-writes:
      - '1199'
    status:
      code: 200
      message: OK
- request:
    body: null
    headers:
      Accept:
      - application/json
      Accept-Encoding:
      - gzip, deflate
      CommandName:
      - acr webhook get-config
      Connection:
      - keep-alive
      ParameterSetName:
      - -n -r
      User-Agent:
      - python/3.6.6 (Windows-10-10.0.18362-SP0) msrest/0.6.9 msrest_azure/0.6.2 azure-mgmt-resource/8.0.1
        Azure-SDK-For-Python AZURECLI/2.1.0
      accept-language:
      - en-US
    method: GET
    uri: https://management.azure.com/subscriptions/00000000-0000-0000-0000-000000000000/resources?$filter=resourceType%20eq%20%27Microsoft.ContainerRegistry%2Fregistries%27&api-version=2019-07-01
  response:
    body:
      string: '{"value":[{"id":"/subscriptions/00000000-0000-0000-0000-000000000000/resourceGroups/clitest.rg525rth3no5rz5njlzsqzvx66bgt53lbw6e37o7z6pydqzsuhmfh6bd2zw4ernmdag/providers/Microsoft.ContainerRegistry/registries/cliregkrbdjp2475hgs5","name":"cliregkrbdjp2475hgs5","type":"Microsoft.ContainerRegistry/registries","sku":{"name":"Premium","tier":"Premium"},"location":"westus","tags":{"foo":"bar","cat":""}},{"id":"/subscriptions/00000000-0000-0000-0000-000000000000/resourceGroups/clitest.rg000001/providers/Microsoft.ContainerRegistry/registries/clireg000002","name":"clireg000002","type":"Microsoft.ContainerRegistry/registries","sku":{"name":"Standard","tier":"Standard"},"location":"westus","tags":{}},{"id":"/subscriptions/00000000-0000-0000-0000-000000000000/resourceGroups/clitest.rgg7qgn45wiyk6lxq4ufmtpsnj5ex2v4dudmxlyicjwby5kjckf5yuxqijvexazk4g6/providers/Microsoft.ContainerRegistry/registries/cliregzgscypemwxohtx","name":"cliregzgscypemwxohtx","type":"Microsoft.ContainerRegistry/registries","sku":{"name":"Standard","tier":"Standard"},"location":"westus","tags":{}},{"id":"/subscriptions/00000000-0000-0000-0000-000000000000/resourceGroups/clitest.rggy4paz3vakb7dtzfxzzpyzoglderyhkg4xumhjn2yquvkhzgexrox66w4trz3fn66/providers/Microsoft.ContainerRegistry/registries/clireg2agrvd5cc3cunp","name":"clireg2agrvd5cc3cunp","type":"Microsoft.ContainerRegistry/registries","sku":{"name":"Premium","tier":"Premium"},"location":"westus","tags":{}},{"id":"/subscriptions/00000000-0000-0000-0000-000000000000/resourceGroups/clitest.rgiy4wyk77alff3f2pmmnhkrzzbw37e647kjg2lkuemnfeo5q3ltwxwntb54i65sspw/providers/Microsoft.ContainerRegistry/registries/cliregswapuxj2kxplth","name":"cliregswapuxj2kxplth","type":"Microsoft.ContainerRegistry/registries","sku":{"name":"Standard","tier":"Standard"},"location":"westus","tags":{}},{"id":"/subscriptions/00000000-0000-0000-0000-000000000000/resourceGroups/ova-test/providers/Microsoft.ContainerRegistry/registries/ovaTestRegistry","name":"ovaTestRegistry","type":"Microsoft.ContainerRegistry/registries","sku":{"name":"Premium","tier":"Premium"},"location":"westus","tags":{}},{"id":"/subscriptions/00000000-0000-0000-0000-000000000000/resourceGroups/ova-test/providers/Microsoft.ContainerRegistry/registries/testbrsreg","name":"testbrsreg","type":"Microsoft.ContainerRegistry/registries","sku":{"name":"Premium","tier":"Premium"},"location":"brazilsouth","tags":{}},{"id":"/subscriptions/00000000-0000-0000-0000-000000000000/resourceGroups/ova-test/providers/Microsoft.ContainerRegistry/registries/testeunreg","name":"testeunreg","type":"Microsoft.ContainerRegistry/registries","sku":{"name":"Premium","tier":"Premium"},"location":"centralus","tags":{}},{"id":"/subscriptions/00000000-0000-0000-0000-000000000000/resourceGroups/ova-test/providers/Microsoft.ContainerRegistry/registries/testregistryimagedelete","name":"testregistryimagedelete","type":"Microsoft.ContainerRegistry/registries","sku":{"name":"Premium","tier":"Premium"},"location":"westus","tags":{}},{"id":"/subscriptions/00000000-0000-0000-0000-000000000000/resourceGroups/ova-test/providers/Microsoft.ContainerRegistry/registries/tosintestcmksamekey","name":"tosintestcmksamekey","type":"Microsoft.ContainerRegistry/registries","sku":{"name":"Premium","tier":"Premium"},"location":"eastus2euap","identity":{"principalId":"5d71557c-9354-4271-9843-d5ec8b044259","tenantId":"72f988bf-86f1-41af-91ab-2d7cd011db47","type":"SystemAssigned,
        UserAssigned","userAssignedIdentities":{"/subscriptions/00000000-0000-0000-0000-000000000000/resourcegroups/ova-test/providers/Microsoft.ManagedIdentity/userAssignedIdentities/tosin_acr_cmk_reg_msi_2":{"principalId":"bf12952f-b52d-4074-8785-079f3c7ff048","clientId":"22e4cf2f-b3b4-4629-8b73-90592c60e0cd"}}},"tags":{}},{"id":"/subscriptions/00000000-0000-0000-0000-000000000000/resourceGroups/ova-test/providers/Microsoft.ContainerRegistry/registries/tosintestdotnetsample2102020","name":"tosintestdotnetsample2102020","type":"Microsoft.ContainerRegistry/registries","sku":{"name":"Basic","tier":"Basic"},"location":"centralus","tags":{}},{"id":"/subscriptions/00000000-0000-0000-0000-000000000000/resourceGroups/ova-test/providers/Microsoft.ContainerRegistry/registries/tosintestdotnetsample2302020","name":"tosintestdotnetsample2302020","type":"Microsoft.ContainerRegistry/registries","sku":{"name":"Premium","tier":"Premium"},"location":"centralus","tags":{}},{"id":"/subscriptions/00000000-0000-0000-0000-000000000000/resourceGroups/ova-test/providers/Microsoft.ContainerRegistry/registries/tosintestpolicy1","name":"tosintestpolicy1","type":"Microsoft.ContainerRegistry/registries","sku":{"name":"Premium","tier":"Premium"},"location":"eastus","tags":{}},{"id":"/subscriptions/00000000-0000-0000-0000-000000000000/resourceGroups/ova-test/providers/Microsoft.ContainerRegistry/registries/tosintestpolicy2","name":"tosintestpolicy2","type":"Microsoft.ContainerRegistry/registries","sku":{"name":"Premium","tier":"Premium"},"location":"eastus2euap","tags":{}},{"id":"/subscriptions/00000000-0000-0000-0000-000000000000/resourceGroups/ova-test/providers/Microsoft.ContainerRegistry/registries/tosintestpolicycmk","name":"tosintestpolicycmk","type":"Microsoft.ContainerRegistry/registries","sku":{"name":"Premium","tier":"Premium"},"location":"eastus2euap","identity":{"principalId":"07cedb8e-2844-423e-9dea-a0d36c7081dc","tenantId":"72f988bf-86f1-41af-91ab-2d7cd011db47","type":"SystemAssigned,
        UserAssigned","userAssignedIdentities":{"/subscriptions/00000000-0000-0000-0000-000000000000/resourcegroups/ova-test/providers/Microsoft.ManagedIdentity/userAssignedIdentities/tosin_acr_cmk_reg_msi":{"principalId":"6124653a-5da4-4d7a-acfa-ca654ab4876e","clientId":"f74574c9-553d-4464-8987-381859564dd1"}}},"tags":{}},{"id":"/subscriptions/00000000-0000-0000-0000-000000000000/resourceGroups/ova-test/providers/Microsoft.ContainerRegistry/registries/tosintestpolicycmk232020","name":"tosintestpolicycmk232020","type":"Microsoft.ContainerRegistry/registries","sku":{"name":"Premium","tier":"Premium"},"location":"eastus2euap","identity":{"principalId":"2237c197-b5f5-4d89-ba0e-d4707049019c","tenantId":"72f988bf-86f1-41af-91ab-2d7cd011db47","type":"SystemAssigned,
        UserAssigned","userAssignedIdentities":{"/subscriptions/00000000-0000-0000-0000-000000000000/resourcegroups/ova-test/providers/Microsoft.ManagedIdentity/userAssignedIdentities/tosin_acr_cmk_reg_msi_2":{"principalId":"bf12952f-b52d-4074-8785-079f3c7ff048","clientId":"22e4cf2f-b3b4-4629-8b73-90592c60e0cd"}}},"tags":{}},{"id":"/subscriptions/00000000-0000-0000-0000-000000000000/resourceGroups/ova-test/providers/Microsoft.ContainerRegistry/registries/tosintestpolicyfail","name":"tosintestpolicyfail","type":"Microsoft.ContainerRegistry/registries","sku":{"name":"Basic","tier":"Basic"},"location":"westus","tags":{}},{"id":"/subscriptions/00000000-0000-0000-0000-000000000000/resourceGroups/ova-test/providers/Microsoft.ContainerRegistry/registries/tosinteststandardsku","name":"tosinteststandardsku","type":"Microsoft.ContainerRegistry/registries","sku":{"name":"Standard","tier":"Standard"},"location":"centraluseuap","tags":{}},{"id":"/subscriptions/00000000-0000-0000-0000-000000000000/resourceGroups/ova-test-1/providers/Microsoft.ContainerRegistry/registries/tosintestregovatest1","name":"tosintestregovatest1","type":"Microsoft.ContainerRegistry/registries","sku":{"name":"Premium","tier":"Premium"},"location":"eastus2","tags":{}},{"id":"/subscriptions/00000000-0000-0000-0000-000000000000/resourceGroups/ova-test-test/providers/Microsoft.ContainerRegistry/registries/tosintestregovatesttest1","name":"tosintestregovatesttest1","type":"Microsoft.ContainerRegistry/registries","sku":{"name":"Premium","tier":"Premium"},"location":"eastus2","tags":{}}]}'
    headers:
      cache-control:
      - no-cache
      content-length:
      - '7835'
      content-type:
      - application/json; charset=utf-8
      date:
      - Fri, 28 Feb 2020 03:50:32 GMT
      expires:
      - '-1'
      pragma:
      - no-cache
      strict-transport-security:
      - max-age=31536000; includeSubDomains
      vary:
      - Accept-Encoding
      x-content-type-options:
      - nosniff
    status:
      code: 200
      message: OK
- request:
    body: null
    headers:
      Accept:
      - application/json
      Accept-Encoding:
      - gzip, deflate
      CommandName:
      - acr webhook get-config
      Connection:
      - keep-alive
      ParameterSetName:
      - -n -r
      User-Agent:
      - python/3.6.6 (Windows-10-10.0.18362-SP0) msrest/0.6.9 msrest_azure/0.6.2 azure-mgmt-containerregistry/3.0.0rc10
        Azure-SDK-For-Python AZURECLI/2.1.0
      accept-language:
      - en-US
    method: GET
    uri: https://management.azure.com/subscriptions/00000000-0000-0000-0000-000000000000/resourceGroups/clitest.rg000001/providers/Microsoft.ContainerRegistry/registries/clireg000002?api-version=2019-12-01-preview
  response:
    body:
      string: '{"sku":{"name":"Standard","tier":"Standard"},"type":"Microsoft.ContainerRegistry/registries","id":"/subscriptions/00000000-0000-0000-0000-000000000000/resourceGroups/clitest.rg000001/providers/Microsoft.ContainerRegistry/registries/clireg000002","name":"clireg000002","location":"westus","tags":{},"properties":{"loginServer":"clireg000002.azurecr.io","creationDate":"2020-02-28T03:50:27.2309128Z","provisioningState":"Succeeded","adminUserEnabled":false,"policies":{"quarantinePolicy":{"status":"disabled"},"trustPolicy":{"type":"Notary","status":"disabled"},"retentionPolicy":{"days":7,"lastUpdatedTime":"2020-02-28T03:50:28.1356249+00:00","status":"disabled"}},"encryption":{"status":"disabled"}}}'
    headers:
      cache-control:
      - no-cache
      content-length:
      - '783'
      content-type:
      - application/json; charset=utf-8
      date:
      - Fri, 28 Feb 2020 03:50:33 GMT
      expires:
      - '-1'
      pragma:
      - no-cache
      server:
      - Microsoft-HTTPAPI/2.0
      strict-transport-security:
      - max-age=31536000; includeSubDomains
      transfer-encoding:
      - chunked
      vary:
      - Accept-Encoding
      x-content-type-options:
      - nosniff
    status:
      code: 200
      message: OK
- request:
    body: null
    headers:
      Accept:
      - application/json
      Accept-Encoding:
      - gzip, deflate
      CommandName:
      - acr webhook get-config
      Connection:
      - keep-alive
      Content-Length:
      - '0'
      ParameterSetName:
      - -n -r
      User-Agent:
      - python/3.6.6 (Windows-10-10.0.18362-SP0) msrest/0.6.9 msrest_azure/0.6.2 azure-mgmt-containerregistry/3.0.0rc10
        Azure-SDK-For-Python AZURECLI/2.1.0
      accept-language:
      - en-US
    method: POST
    uri: https://management.azure.com/subscriptions/00000000-0000-0000-0000-000000000000/resourceGroups/clitest.rg000001/providers/Microsoft.ContainerRegistry/registries/clireg000002/webhooks/cliregwebhook/getCallbackConfig?api-version=2019-12-01-preview
  response:
    body:
      string: '{"serviceUri":"http://www.microsoft.com","customHeaders":{"key":"value"}}'
    headers:
      cache-control:
      - no-cache
      content-length:
      - '73'
      content-type:
      - application/json; charset=utf-8
      date:
      - Fri, 28 Feb 2020 03:50:33 GMT
      expires:
      - '-1'
      pragma:
      - no-cache
      server:
      - Microsoft-HTTPAPI/2.0
      strict-transport-security:
      - max-age=31536000; includeSubDomains
      transfer-encoding:
      - chunked
      vary:
      - Accept-Encoding
      x-content-type-options:
      - nosniff
      x-ms-ratelimit-remaining-subscription-writes:
      - '1199'
    status:
      code: 200
      message: OK
- request:
    body: null
    headers:
      Accept:
      - application/json
      Accept-Encoding:
      - gzip, deflate
      CommandName:
      - acr webhook ping
      Connection:
      - keep-alive
      ParameterSetName:
      - -n -r
      User-Agent:
      - python/3.6.6 (Windows-10-10.0.18362-SP0) msrest/0.6.9 msrest_azure/0.6.2 azure-mgmt-resource/8.0.1
        Azure-SDK-For-Python AZURECLI/2.1.0
      accept-language:
      - en-US
    method: GET
    uri: https://management.azure.com/subscriptions/00000000-0000-0000-0000-000000000000/resources?$filter=resourceType%20eq%20%27Microsoft.ContainerRegistry%2Fregistries%27&api-version=2019-07-01
  response:
    body:
      string: '{"value":[{"id":"/subscriptions/00000000-0000-0000-0000-000000000000/resourceGroups/clitest.rg525rth3no5rz5njlzsqzvx66bgt53lbw6e37o7z6pydqzsuhmfh6bd2zw4ernmdag/providers/Microsoft.ContainerRegistry/registries/cliregkrbdjp2475hgs5","name":"cliregkrbdjp2475hgs5","type":"Microsoft.ContainerRegistry/registries","sku":{"name":"Premium","tier":"Premium"},"location":"westus","tags":{"foo":"bar","cat":""}},{"id":"/subscriptions/00000000-0000-0000-0000-000000000000/resourceGroups/clitest.rg000001/providers/Microsoft.ContainerRegistry/registries/clireg000002","name":"clireg000002","type":"Microsoft.ContainerRegistry/registries","sku":{"name":"Standard","tier":"Standard"},"location":"westus","tags":{}},{"id":"/subscriptions/00000000-0000-0000-0000-000000000000/resourceGroups/clitest.rgg7qgn45wiyk6lxq4ufmtpsnj5ex2v4dudmxlyicjwby5kjckf5yuxqijvexazk4g6/providers/Microsoft.ContainerRegistry/registries/cliregzgscypemwxohtx","name":"cliregzgscypemwxohtx","type":"Microsoft.ContainerRegistry/registries","sku":{"name":"Standard","tier":"Standard"},"location":"westus","tags":{}},{"id":"/subscriptions/00000000-0000-0000-0000-000000000000/resourceGroups/clitest.rggy4paz3vakb7dtzfxzzpyzoglderyhkg4xumhjn2yquvkhzgexrox66w4trz3fn66/providers/Microsoft.ContainerRegistry/registries/clireg2agrvd5cc3cunp","name":"clireg2agrvd5cc3cunp","type":"Microsoft.ContainerRegistry/registries","sku":{"name":"Premium","tier":"Premium"},"location":"westus","tags":{}},{"id":"/subscriptions/00000000-0000-0000-0000-000000000000/resourceGroups/clitest.rgiy4wyk77alff3f2pmmnhkrzzbw37e647kjg2lkuemnfeo5q3ltwxwntb54i65sspw/providers/Microsoft.ContainerRegistry/registries/cliregswapuxj2kxplth","name":"cliregswapuxj2kxplth","type":"Microsoft.ContainerRegistry/registries","sku":{"name":"Standard","tier":"Standard"},"location":"westus","tags":{}},{"id":"/subscriptions/00000000-0000-0000-0000-000000000000/resourceGroups/ova-test/providers/Microsoft.ContainerRegistry/registries/ovaTestRegistry","name":"ovaTestRegistry","type":"Microsoft.ContainerRegistry/registries","sku":{"name":"Premium","tier":"Premium"},"location":"westus","tags":{}},{"id":"/subscriptions/00000000-0000-0000-0000-000000000000/resourceGroups/ova-test/providers/Microsoft.ContainerRegistry/registries/testbrsreg","name":"testbrsreg","type":"Microsoft.ContainerRegistry/registries","sku":{"name":"Premium","tier":"Premium"},"location":"brazilsouth","tags":{}},{"id":"/subscriptions/00000000-0000-0000-0000-000000000000/resourceGroups/ova-test/providers/Microsoft.ContainerRegistry/registries/testeunreg","name":"testeunreg","type":"Microsoft.ContainerRegistry/registries","sku":{"name":"Premium","tier":"Premium"},"location":"centralus","tags":{}},{"id":"/subscriptions/00000000-0000-0000-0000-000000000000/resourceGroups/ova-test/providers/Microsoft.ContainerRegistry/registries/testregistryimagedelete","name":"testregistryimagedelete","type":"Microsoft.ContainerRegistry/registries","sku":{"name":"Premium","tier":"Premium"},"location":"westus","tags":{}},{"id":"/subscriptions/00000000-0000-0000-0000-000000000000/resourceGroups/ova-test/providers/Microsoft.ContainerRegistry/registries/tosintestcmksamekey","name":"tosintestcmksamekey","type":"Microsoft.ContainerRegistry/registries","sku":{"name":"Premium","tier":"Premium"},"location":"eastus2euap","identity":{"principalId":"5d71557c-9354-4271-9843-d5ec8b044259","tenantId":"72f988bf-86f1-41af-91ab-2d7cd011db47","type":"SystemAssigned,
        UserAssigned","userAssignedIdentities":{"/subscriptions/00000000-0000-0000-0000-000000000000/resourcegroups/ova-test/providers/Microsoft.ManagedIdentity/userAssignedIdentities/tosin_acr_cmk_reg_msi_2":{"principalId":"bf12952f-b52d-4074-8785-079f3c7ff048","clientId":"22e4cf2f-b3b4-4629-8b73-90592c60e0cd"}}},"tags":{}},{"id":"/subscriptions/00000000-0000-0000-0000-000000000000/resourceGroups/ova-test/providers/Microsoft.ContainerRegistry/registries/tosintestdotnetsample2102020","name":"tosintestdotnetsample2102020","type":"Microsoft.ContainerRegistry/registries","sku":{"name":"Basic","tier":"Basic"},"location":"centralus","tags":{}},{"id":"/subscriptions/00000000-0000-0000-0000-000000000000/resourceGroups/ova-test/providers/Microsoft.ContainerRegistry/registries/tosintestdotnetsample2302020","name":"tosintestdotnetsample2302020","type":"Microsoft.ContainerRegistry/registries","sku":{"name":"Premium","tier":"Premium"},"location":"centralus","tags":{}},{"id":"/subscriptions/00000000-0000-0000-0000-000000000000/resourceGroups/ova-test/providers/Microsoft.ContainerRegistry/registries/tosintestpolicy1","name":"tosintestpolicy1","type":"Microsoft.ContainerRegistry/registries","sku":{"name":"Premium","tier":"Premium"},"location":"eastus","tags":{}},{"id":"/subscriptions/00000000-0000-0000-0000-000000000000/resourceGroups/ova-test/providers/Microsoft.ContainerRegistry/registries/tosintestpolicy2","name":"tosintestpolicy2","type":"Microsoft.ContainerRegistry/registries","sku":{"name":"Premium","tier":"Premium"},"location":"eastus2euap","tags":{}},{"id":"/subscriptions/00000000-0000-0000-0000-000000000000/resourceGroups/ova-test/providers/Microsoft.ContainerRegistry/registries/tosintestpolicycmk","name":"tosintestpolicycmk","type":"Microsoft.ContainerRegistry/registries","sku":{"name":"Premium","tier":"Premium"},"location":"eastus2euap","identity":{"principalId":"07cedb8e-2844-423e-9dea-a0d36c7081dc","tenantId":"72f988bf-86f1-41af-91ab-2d7cd011db47","type":"SystemAssigned,
        UserAssigned","userAssignedIdentities":{"/subscriptions/00000000-0000-0000-0000-000000000000/resourcegroups/ova-test/providers/Microsoft.ManagedIdentity/userAssignedIdentities/tosin_acr_cmk_reg_msi":{"principalId":"6124653a-5da4-4d7a-acfa-ca654ab4876e","clientId":"f74574c9-553d-4464-8987-381859564dd1"}}},"tags":{}},{"id":"/subscriptions/00000000-0000-0000-0000-000000000000/resourceGroups/ova-test/providers/Microsoft.ContainerRegistry/registries/tosintestpolicycmk232020","name":"tosintestpolicycmk232020","type":"Microsoft.ContainerRegistry/registries","sku":{"name":"Premium","tier":"Premium"},"location":"eastus2euap","identity":{"principalId":"2237c197-b5f5-4d89-ba0e-d4707049019c","tenantId":"72f988bf-86f1-41af-91ab-2d7cd011db47","type":"SystemAssigned,
        UserAssigned","userAssignedIdentities":{"/subscriptions/00000000-0000-0000-0000-000000000000/resourcegroups/ova-test/providers/Microsoft.ManagedIdentity/userAssignedIdentities/tosin_acr_cmk_reg_msi_2":{"principalId":"bf12952f-b52d-4074-8785-079f3c7ff048","clientId":"22e4cf2f-b3b4-4629-8b73-90592c60e0cd"}}},"tags":{}},{"id":"/subscriptions/00000000-0000-0000-0000-000000000000/resourceGroups/ova-test/providers/Microsoft.ContainerRegistry/registries/tosintestpolicyfail","name":"tosintestpolicyfail","type":"Microsoft.ContainerRegistry/registries","sku":{"name":"Basic","tier":"Basic"},"location":"westus","tags":{}},{"id":"/subscriptions/00000000-0000-0000-0000-000000000000/resourceGroups/ova-test/providers/Microsoft.ContainerRegistry/registries/tosinteststandardsku","name":"tosinteststandardsku","type":"Microsoft.ContainerRegistry/registries","sku":{"name":"Standard","tier":"Standard"},"location":"centraluseuap","tags":{}},{"id":"/subscriptions/00000000-0000-0000-0000-000000000000/resourceGroups/ova-test-1/providers/Microsoft.ContainerRegistry/registries/tosintestregovatest1","name":"tosintestregovatest1","type":"Microsoft.ContainerRegistry/registries","sku":{"name":"Premium","tier":"Premium"},"location":"eastus2","tags":{}},{"id":"/subscriptions/00000000-0000-0000-0000-000000000000/resourceGroups/ova-test-test/providers/Microsoft.ContainerRegistry/registries/tosintestregovatesttest1","name":"tosintestregovatesttest1","type":"Microsoft.ContainerRegistry/registries","sku":{"name":"Premium","tier":"Premium"},"location":"eastus2","tags":{}}]}'
    headers:
      cache-control:
      - no-cache
      content-length:
      - '7835'
      content-type:
      - application/json; charset=utf-8
      date:
      - Fri, 28 Feb 2020 03:50:33 GMT
      expires:
      - '-1'
      pragma:
      - no-cache
      strict-transport-security:
      - max-age=31536000; includeSubDomains
      vary:
      - Accept-Encoding
      x-content-type-options:
      - nosniff
    status:
      code: 200
      message: OK
- request:
    body: null
    headers:
      Accept:
      - application/json
      Accept-Encoding:
      - gzip, deflate
      CommandName:
      - acr webhook ping
      Connection:
      - keep-alive
      ParameterSetName:
      - -n -r
      User-Agent:
      - python/3.6.6 (Windows-10-10.0.18362-SP0) msrest/0.6.9 msrest_azure/0.6.2 azure-mgmt-containerregistry/3.0.0rc10
        Azure-SDK-For-Python AZURECLI/2.1.0
      accept-language:
      - en-US
    method: GET
    uri: https://management.azure.com/subscriptions/00000000-0000-0000-0000-000000000000/resourceGroups/clitest.rg000001/providers/Microsoft.ContainerRegistry/registries/clireg000002?api-version=2019-12-01-preview
  response:
    body:
      string: '{"sku":{"name":"Standard","tier":"Standard"},"type":"Microsoft.ContainerRegistry/registries","id":"/subscriptions/00000000-0000-0000-0000-000000000000/resourceGroups/clitest.rg000001/providers/Microsoft.ContainerRegistry/registries/clireg000002","name":"clireg000002","location":"westus","tags":{},"properties":{"loginServer":"clireg000002.azurecr.io","creationDate":"2020-02-28T03:50:27.2309128Z","provisioningState":"Succeeded","adminUserEnabled":false,"policies":{"quarantinePolicy":{"status":"disabled"},"trustPolicy":{"type":"Notary","status":"disabled"},"retentionPolicy":{"days":7,"lastUpdatedTime":"2020-02-28T03:50:28.1356249+00:00","status":"disabled"}},"encryption":{"status":"disabled"}}}'
    headers:
      cache-control:
      - no-cache
      content-length:
      - '783'
      content-type:
      - application/json; charset=utf-8
      date:
      - Fri, 28 Feb 2020 03:50:33 GMT
      expires:
      - '-1'
      pragma:
      - no-cache
      server:
      - Microsoft-HTTPAPI/2.0
      strict-transport-security:
      - max-age=31536000; includeSubDomains
      transfer-encoding:
      - chunked
      vary:
      - Accept-Encoding
      x-content-type-options:
      - nosniff
    status:
      code: 200
      message: OK
- request:
    body: null
    headers:
      Accept:
      - application/json
      Accept-Encoding:
      - gzip, deflate
      CommandName:
      - acr webhook ping
      Connection:
      - keep-alive
      Content-Length:
      - '0'
      ParameterSetName:
      - -n -r
      User-Agent:
      - python/3.6.6 (Windows-10-10.0.18362-SP0) msrest/0.6.9 msrest_azure/0.6.2 azure-mgmt-containerregistry/3.0.0rc10
        Azure-SDK-For-Python AZURECLI/2.1.0
      accept-language:
      - en-US
    method: POST
    uri: https://management.azure.com/subscriptions/00000000-0000-0000-0000-000000000000/resourceGroups/clitest.rg000001/providers/Microsoft.ContainerRegistry/registries/clireg000002/webhooks/cliregwebhook/ping?api-version=2019-12-01-preview
  response:
    body:
      string: '{"id":"4df23ede-34a2-4403-b3ca-169b31d40fae"}'
    headers:
      cache-control:
      - no-cache
      content-length:
      - '45'
      content-type:
      - application/json; charset=utf-8
      date:
      - Fri, 28 Feb 2020 03:50:34 GMT
      expires:
      - '-1'
      pragma:
      - no-cache
      server:
      - Microsoft-HTTPAPI/2.0
      strict-transport-security:
      - max-age=31536000; includeSubDomains
      transfer-encoding:
      - chunked
      vary:
      - Accept-Encoding
      x-content-type-options:
      - nosniff
      x-ms-ratelimit-remaining-subscription-writes:
      - '1199'
    status:
      code: 200
      message: OK
- request:
    body: null
    headers:
      Accept:
      - application/json
      Accept-Encoding:
      - gzip, deflate
      CommandName:
      - acr webhook list-events
      Connection:
      - keep-alive
      ParameterSetName:
      - -n -r
      User-Agent:
      - python/3.6.6 (Windows-10-10.0.18362-SP0) msrest/0.6.9 msrest_azure/0.6.2 azure-mgmt-resource/8.0.1
        Azure-SDK-For-Python AZURECLI/2.1.0
      accept-language:
      - en-US
    method: GET
    uri: https://management.azure.com/subscriptions/00000000-0000-0000-0000-000000000000/resources?$filter=resourceType%20eq%20%27Microsoft.ContainerRegistry%2Fregistries%27&api-version=2019-07-01
  response:
    body:
      string: '{"value":[{"id":"/subscriptions/00000000-0000-0000-0000-000000000000/resourceGroups/clitest.rg525rth3no5rz5njlzsqzvx66bgt53lbw6e37o7z6pydqzsuhmfh6bd2zw4ernmdag/providers/Microsoft.ContainerRegistry/registries/cliregkrbdjp2475hgs5","name":"cliregkrbdjp2475hgs5","type":"Microsoft.ContainerRegistry/registries","sku":{"name":"Premium","tier":"Premium"},"location":"westus","tags":{"foo":"bar","cat":""}},{"id":"/subscriptions/00000000-0000-0000-0000-000000000000/resourceGroups/clitest.rg000001/providers/Microsoft.ContainerRegistry/registries/clireg000002","name":"clireg000002","type":"Microsoft.ContainerRegistry/registries","sku":{"name":"Standard","tier":"Standard"},"location":"westus","tags":{}},{"id":"/subscriptions/00000000-0000-0000-0000-000000000000/resourceGroups/clitest.rgg7qgn45wiyk6lxq4ufmtpsnj5ex2v4dudmxlyicjwby5kjckf5yuxqijvexazk4g6/providers/Microsoft.ContainerRegistry/registries/cliregzgscypemwxohtx","name":"cliregzgscypemwxohtx","type":"Microsoft.ContainerRegistry/registries","sku":{"name":"Standard","tier":"Standard"},"location":"westus","tags":{}},{"id":"/subscriptions/00000000-0000-0000-0000-000000000000/resourceGroups/clitest.rggy4paz3vakb7dtzfxzzpyzoglderyhkg4xumhjn2yquvkhzgexrox66w4trz3fn66/providers/Microsoft.ContainerRegistry/registries/clireg2agrvd5cc3cunp","name":"clireg2agrvd5cc3cunp","type":"Microsoft.ContainerRegistry/registries","sku":{"name":"Premium","tier":"Premium"},"location":"westus","tags":{}},{"id":"/subscriptions/00000000-0000-0000-0000-000000000000/resourceGroups/clitest.rgiy4wyk77alff3f2pmmnhkrzzbw37e647kjg2lkuemnfeo5q3ltwxwntb54i65sspw/providers/Microsoft.ContainerRegistry/registries/cliregswapuxj2kxplth","name":"cliregswapuxj2kxplth","type":"Microsoft.ContainerRegistry/registries","sku":{"name":"Standard","tier":"Standard"},"location":"westus","tags":{}},{"id":"/subscriptions/00000000-0000-0000-0000-000000000000/resourceGroups/ova-test/providers/Microsoft.ContainerRegistry/registries/ovaTestRegistry","name":"ovaTestRegistry","type":"Microsoft.ContainerRegistry/registries","sku":{"name":"Premium","tier":"Premium"},"location":"westus","tags":{}},{"id":"/subscriptions/00000000-0000-0000-0000-000000000000/resourceGroups/ova-test/providers/Microsoft.ContainerRegistry/registries/testbrsreg","name":"testbrsreg","type":"Microsoft.ContainerRegistry/registries","sku":{"name":"Premium","tier":"Premium"},"location":"brazilsouth","tags":{}},{"id":"/subscriptions/00000000-0000-0000-0000-000000000000/resourceGroups/ova-test/providers/Microsoft.ContainerRegistry/registries/testeunreg","name":"testeunreg","type":"Microsoft.ContainerRegistry/registries","sku":{"name":"Premium","tier":"Premium"},"location":"centralus","tags":{}},{"id":"/subscriptions/00000000-0000-0000-0000-000000000000/resourceGroups/ova-test/providers/Microsoft.ContainerRegistry/registries/testregistryimagedelete","name":"testregistryimagedelete","type":"Microsoft.ContainerRegistry/registries","sku":{"name":"Premium","tier":"Premium"},"location":"westus","tags":{}},{"id":"/subscriptions/00000000-0000-0000-0000-000000000000/resourceGroups/ova-test/providers/Microsoft.ContainerRegistry/registries/tosintestcmksamekey","name":"tosintestcmksamekey","type":"Microsoft.ContainerRegistry/registries","sku":{"name":"Premium","tier":"Premium"},"location":"eastus2euap","identity":{"principalId":"5d71557c-9354-4271-9843-d5ec8b044259","tenantId":"72f988bf-86f1-41af-91ab-2d7cd011db47","type":"SystemAssigned,
        UserAssigned","userAssignedIdentities":{"/subscriptions/00000000-0000-0000-0000-000000000000/resourcegroups/ova-test/providers/Microsoft.ManagedIdentity/userAssignedIdentities/tosin_acr_cmk_reg_msi_2":{"principalId":"bf12952f-b52d-4074-8785-079f3c7ff048","clientId":"22e4cf2f-b3b4-4629-8b73-90592c60e0cd"}}},"tags":{}},{"id":"/subscriptions/00000000-0000-0000-0000-000000000000/resourceGroups/ova-test/providers/Microsoft.ContainerRegistry/registries/tosintestdotnetsample2102020","name":"tosintestdotnetsample2102020","type":"Microsoft.ContainerRegistry/registries","sku":{"name":"Basic","tier":"Basic"},"location":"centralus","tags":{}},{"id":"/subscriptions/00000000-0000-0000-0000-000000000000/resourceGroups/ova-test/providers/Microsoft.ContainerRegistry/registries/tosintestdotnetsample2302020","name":"tosintestdotnetsample2302020","type":"Microsoft.ContainerRegistry/registries","sku":{"name":"Premium","tier":"Premium"},"location":"centralus","tags":{}},{"id":"/subscriptions/00000000-0000-0000-0000-000000000000/resourceGroups/ova-test/providers/Microsoft.ContainerRegistry/registries/tosintestpolicy1","name":"tosintestpolicy1","type":"Microsoft.ContainerRegistry/registries","sku":{"name":"Premium","tier":"Premium"},"location":"eastus","tags":{}},{"id":"/subscriptions/00000000-0000-0000-0000-000000000000/resourceGroups/ova-test/providers/Microsoft.ContainerRegistry/registries/tosintestpolicy2","name":"tosintestpolicy2","type":"Microsoft.ContainerRegistry/registries","sku":{"name":"Premium","tier":"Premium"},"location":"eastus2euap","tags":{}},{"id":"/subscriptions/00000000-0000-0000-0000-000000000000/resourceGroups/ova-test/providers/Microsoft.ContainerRegistry/registries/tosintestpolicycmk","name":"tosintestpolicycmk","type":"Microsoft.ContainerRegistry/registries","sku":{"name":"Premium","tier":"Premium"},"location":"eastus2euap","identity":{"principalId":"07cedb8e-2844-423e-9dea-a0d36c7081dc","tenantId":"72f988bf-86f1-41af-91ab-2d7cd011db47","type":"SystemAssigned,
        UserAssigned","userAssignedIdentities":{"/subscriptions/00000000-0000-0000-0000-000000000000/resourcegroups/ova-test/providers/Microsoft.ManagedIdentity/userAssignedIdentities/tosin_acr_cmk_reg_msi":{"principalId":"6124653a-5da4-4d7a-acfa-ca654ab4876e","clientId":"f74574c9-553d-4464-8987-381859564dd1"}}},"tags":{}},{"id":"/subscriptions/00000000-0000-0000-0000-000000000000/resourceGroups/ova-test/providers/Microsoft.ContainerRegistry/registries/tosintestpolicycmk232020","name":"tosintestpolicycmk232020","type":"Microsoft.ContainerRegistry/registries","sku":{"name":"Premium","tier":"Premium"},"location":"eastus2euap","identity":{"principalId":"2237c197-b5f5-4d89-ba0e-d4707049019c","tenantId":"72f988bf-86f1-41af-91ab-2d7cd011db47","type":"SystemAssigned,
        UserAssigned","userAssignedIdentities":{"/subscriptions/00000000-0000-0000-0000-000000000000/resourcegroups/ova-test/providers/Microsoft.ManagedIdentity/userAssignedIdentities/tosin_acr_cmk_reg_msi_2":{"principalId":"bf12952f-b52d-4074-8785-079f3c7ff048","clientId":"22e4cf2f-b3b4-4629-8b73-90592c60e0cd"}}},"tags":{}},{"id":"/subscriptions/00000000-0000-0000-0000-000000000000/resourceGroups/ova-test/providers/Microsoft.ContainerRegistry/registries/tosintestpolicyfail","name":"tosintestpolicyfail","type":"Microsoft.ContainerRegistry/registries","sku":{"name":"Basic","tier":"Basic"},"location":"westus","tags":{}},{"id":"/subscriptions/00000000-0000-0000-0000-000000000000/resourceGroups/ova-test/providers/Microsoft.ContainerRegistry/registries/tosinteststandardsku","name":"tosinteststandardsku","type":"Microsoft.ContainerRegistry/registries","sku":{"name":"Standard","tier":"Standard"},"location":"centraluseuap","tags":{}},{"id":"/subscriptions/00000000-0000-0000-0000-000000000000/resourceGroups/ova-test-1/providers/Microsoft.ContainerRegistry/registries/tosintestregovatest1","name":"tosintestregovatest1","type":"Microsoft.ContainerRegistry/registries","sku":{"name":"Premium","tier":"Premium"},"location":"eastus2","tags":{}},{"id":"/subscriptions/00000000-0000-0000-0000-000000000000/resourceGroups/ova-test-test/providers/Microsoft.ContainerRegistry/registries/tosintestregovatesttest1","name":"tosintestregovatesttest1","type":"Microsoft.ContainerRegistry/registries","sku":{"name":"Premium","tier":"Premium"},"location":"eastus2","tags":{}}]}'
    headers:
      cache-control:
      - no-cache
      content-length:
      - '7835'
      content-type:
      - application/json; charset=utf-8
      date:
      - Fri, 28 Feb 2020 03:50:34 GMT
      expires:
      - '-1'
      pragma:
      - no-cache
      strict-transport-security:
      - max-age=31536000; includeSubDomains
      vary:
      - Accept-Encoding
      x-content-type-options:
      - nosniff
    status:
      code: 200
      message: OK
- request:
    body: null
    headers:
      Accept:
      - application/json
      Accept-Encoding:
      - gzip, deflate
      CommandName:
      - acr webhook list-events
      Connection:
      - keep-alive
      ParameterSetName:
      - -n -r
      User-Agent:
      - python/3.6.6 (Windows-10-10.0.18362-SP0) msrest/0.6.9 msrest_azure/0.6.2 azure-mgmt-containerregistry/3.0.0rc10
        Azure-SDK-For-Python AZURECLI/2.1.0
      accept-language:
      - en-US
    method: GET
    uri: https://management.azure.com/subscriptions/00000000-0000-0000-0000-000000000000/resourceGroups/clitest.rg000001/providers/Microsoft.ContainerRegistry/registries/clireg000002?api-version=2019-12-01-preview
  response:
    body:
      string: '{"sku":{"name":"Standard","tier":"Standard"},"type":"Microsoft.ContainerRegistry/registries","id":"/subscriptions/00000000-0000-0000-0000-000000000000/resourceGroups/clitest.rg000001/providers/Microsoft.ContainerRegistry/registries/clireg000002","name":"clireg000002","location":"westus","tags":{},"properties":{"loginServer":"clireg000002.azurecr.io","creationDate":"2020-02-28T03:50:27.2309128Z","provisioningState":"Succeeded","adminUserEnabled":false,"policies":{"quarantinePolicy":{"status":"disabled"},"trustPolicy":{"type":"Notary","status":"disabled"},"retentionPolicy":{"days":7,"lastUpdatedTime":"2020-02-28T03:50:28.1356249+00:00","status":"disabled"}},"encryption":{"status":"disabled"}}}'
    headers:
      cache-control:
      - no-cache
      content-length:
      - '783'
      content-type:
      - application/json; charset=utf-8
      date:
      - Fri, 28 Feb 2020 03:50:34 GMT
      expires:
      - '-1'
      pragma:
      - no-cache
      server:
      - Microsoft-HTTPAPI/2.0
      strict-transport-security:
      - max-age=31536000; includeSubDomains
      transfer-encoding:
      - chunked
      vary:
      - Accept-Encoding
      x-content-type-options:
      - nosniff
    status:
      code: 200
      message: OK
- request:
    body: null
    headers:
      Accept:
      - application/json
      Accept-Encoding:
      - gzip, deflate
      CommandName:
      - acr webhook list-events
      Connection:
      - keep-alive
      Content-Length:
      - '0'
      ParameterSetName:
      - -n -r
      User-Agent:
      - python/3.6.6 (Windows-10-10.0.18362-SP0) msrest/0.6.9 msrest_azure/0.6.2 azure-mgmt-containerregistry/3.0.0rc10
        Azure-SDK-For-Python AZURECLI/2.1.0
      accept-language:
      - en-US
    method: POST
    uri: https://management.azure.com/subscriptions/00000000-0000-0000-0000-000000000000/resourceGroups/clitest.rg000001/providers/Microsoft.ContainerRegistry/registries/clireg000002/webhooks/cliregwebhook/listEvents?api-version=2019-12-01-preview
  response:
    body:
      string: '{"value":[{"eventRequestMessage":{"content":{"id":"4df23ede-34a2-4403-b3ca-169b31d40fae","timestamp":"2020-02-28T03:50:34.2719414Z","action":"ping"},"headers":{"key":"value","Content-Type":"application/json;
        charset=utf-8","Content-Length":"104"},"method":"POST","requestUri":"http://www.microsoft.com/","version":"1.1"},"eventResponseMessage":{"content":"","headers":{"Connection":"keep-alive","Cache-Control":"max-age=600","Date":"Fri,
        28 Feb 2020 03:50:34 GMT","ETag":"\"b32eb28a8638f67782dc086e60452687:1519772838\"","Server":"Apache","Content-Length":"0"},"reasonPhrase":"Forbidden","statusCode":"403","version":"1.1"},"id":"4df23ede-34a2-4403-b3ca-169b31d40fae"}]}'
    headers:
      cache-control:
      - no-cache
      content-length:
      - '670'
      content-type:
      - application/json; charset=utf-8
      date:
      - Fri, 28 Feb 2020 03:50:34 GMT
      expires:
      - '-1'
      pragma:
      - no-cache
      server:
      - Microsoft-HTTPAPI/2.0
      strict-transport-security:
      - max-age=31536000; includeSubDomains
      transfer-encoding:
      - chunked
      vary:
      - Accept-Encoding
      x-content-type-options:
      - nosniff
      x-ms-ratelimit-remaining-subscription-writes:
      - '1199'
    status:
      code: 200
      message: OK
- request:
    body: null
    headers:
      Accept:
      - application/json
      Accept-Encoding:
      - gzip, deflate
      CommandName:
      - acr show-usage
      Connection:
      - keep-alive
      ParameterSetName:
      - -n -g
      User-Agent:
      - python/3.6.6 (Windows-10-10.0.18362-SP0) msrest/0.6.9 msrest_azure/0.6.2 azure-mgmt-containerregistry/3.0.0rc10
        Azure-SDK-For-Python AZURECLI/2.1.0
      accept-language:
      - en-US
    method: GET
    uri: https://management.azure.com/subscriptions/00000000-0000-0000-0000-000000000000/resourceGroups/clitest.rg000001/providers/Microsoft.ContainerRegistry/registries/clireg000002?api-version=2019-12-01-preview
  response:
    body:
      string: '{"sku":{"name":"Standard","tier":"Standard"},"type":"Microsoft.ContainerRegistry/registries","id":"/subscriptions/00000000-0000-0000-0000-000000000000/resourceGroups/clitest.rg000001/providers/Microsoft.ContainerRegistry/registries/clireg000002","name":"clireg000002","location":"westus","tags":{},"properties":{"loginServer":"clireg000002.azurecr.io","creationDate":"2020-02-28T03:50:27.2309128Z","provisioningState":"Succeeded","adminUserEnabled":false,"policies":{"quarantinePolicy":{"status":"disabled"},"trustPolicy":{"type":"Notary","status":"disabled"},"retentionPolicy":{"days":7,"lastUpdatedTime":"2020-02-28T03:50:28.1356249+00:00","status":"disabled"}},"encryption":{"status":"disabled"}}}'
    headers:
      cache-control:
      - no-cache
      content-length:
      - '783'
      content-type:
      - application/json; charset=utf-8
      date:
      - Fri, 28 Feb 2020 03:50:34 GMT
      expires:
      - '-1'
      pragma:
      - no-cache
      server:
      - Microsoft-HTTPAPI/2.0
      strict-transport-security:
      - max-age=31536000; includeSubDomains
      transfer-encoding:
      - chunked
      vary:
      - Accept-Encoding
      x-content-type-options:
      - nosniff
    status:
      code: 200
      message: OK
- request:
    body: null
    headers:
      Accept:
      - application/json
      Accept-Encoding:
      - gzip, deflate
      CommandName:
      - acr show-usage
      Connection:
      - keep-alive
      ParameterSetName:
      - -n -g
      User-Agent:
      - python/3.6.6 (Windows-10-10.0.18362-SP0) msrest/0.6.9 msrest_azure/0.6.2 azure-mgmt-containerregistry/3.0.0rc10
        Azure-SDK-For-Python AZURECLI/2.1.0
      accept-language:
      - en-US
    method: GET
    uri: https://management.azure.com/subscriptions/00000000-0000-0000-0000-000000000000/resourceGroups/clitest.rg000001/providers/Microsoft.ContainerRegistry/registries/clireg000002/listUsages?api-version=2019-12-01-preview
  response:
    body:
      string: '{"value":[{"name":"Size","limit":107374182400,"currentValue":0,"unit":"Bytes"},{"name":"Webhooks","limit":10,"currentValue":1,"unit":"Count"}]}'
    headers:
      cache-control:
      - no-cache
      content-length:
      - '143'
      content-type:
      - application/json; charset=utf-8
      date:
      - Fri, 28 Feb 2020 03:50:35 GMT
      expires:
      - '-1'
      pragma:
      - no-cache
      server:
      - Microsoft-HTTPAPI/2.0
      strict-transport-security:
      - max-age=31536000; includeSubDomains
      transfer-encoding:
      - chunked
      vary:
      - Accept-Encoding
      x-content-type-options:
      - nosniff
    status:
      code: 200
      message: OK
- request:
    body: null
    headers:
      Accept:
      - application/json
      Accept-Encoding:
      - gzip, deflate
      CommandName:
      - acr webhook delete
      Connection:
      - keep-alive
      ParameterSetName:
      - -n -r
      User-Agent:
      - python/3.6.6 (Windows-10-10.0.18362-SP0) msrest/0.6.9 msrest_azure/0.6.2 azure-mgmt-resource/8.0.1
        Azure-SDK-For-Python AZURECLI/2.1.0
      accept-language:
      - en-US
    method: GET
    uri: https://management.azure.com/subscriptions/00000000-0000-0000-0000-000000000000/resources?$filter=resourceType%20eq%20%27Microsoft.ContainerRegistry%2Fregistries%27&api-version=2019-07-01
  response:
    body:
      string: '{"value":[{"id":"/subscriptions/00000000-0000-0000-0000-000000000000/resourceGroups/clitest.rg525rth3no5rz5njlzsqzvx66bgt53lbw6e37o7z6pydqzsuhmfh6bd2zw4ernmdag/providers/Microsoft.ContainerRegistry/registries/cliregkrbdjp2475hgs5","name":"cliregkrbdjp2475hgs5","type":"Microsoft.ContainerRegistry/registries","sku":{"name":"Premium","tier":"Premium"},"location":"westus","tags":{"foo":"bar","cat":""}},{"id":"/subscriptions/00000000-0000-0000-0000-000000000000/resourceGroups/clitest.rg000001/providers/Microsoft.ContainerRegistry/registries/clireg000002","name":"clireg000002","type":"Microsoft.ContainerRegistry/registries","sku":{"name":"Standard","tier":"Standard"},"location":"westus","tags":{}},{"id":"/subscriptions/00000000-0000-0000-0000-000000000000/resourceGroups/clitest.rgg7qgn45wiyk6lxq4ufmtpsnj5ex2v4dudmxlyicjwby5kjckf5yuxqijvexazk4g6/providers/Microsoft.ContainerRegistry/registries/cliregzgscypemwxohtx","name":"cliregzgscypemwxohtx","type":"Microsoft.ContainerRegistry/registries","sku":{"name":"Standard","tier":"Standard"},"location":"westus","tags":{}},{"id":"/subscriptions/00000000-0000-0000-0000-000000000000/resourceGroups/clitest.rggy4paz3vakb7dtzfxzzpyzoglderyhkg4xumhjn2yquvkhzgexrox66w4trz3fn66/providers/Microsoft.ContainerRegistry/registries/clireg2agrvd5cc3cunp","name":"clireg2agrvd5cc3cunp","type":"Microsoft.ContainerRegistry/registries","sku":{"name":"Premium","tier":"Premium"},"location":"westus","tags":{}},{"id":"/subscriptions/00000000-0000-0000-0000-000000000000/resourceGroups/clitest.rgiy4wyk77alff3f2pmmnhkrzzbw37e647kjg2lkuemnfeo5q3ltwxwntb54i65sspw/providers/Microsoft.ContainerRegistry/registries/cliregswapuxj2kxplth","name":"cliregswapuxj2kxplth","type":"Microsoft.ContainerRegistry/registries","sku":{"name":"Standard","tier":"Standard"},"location":"westus","tags":{}},{"id":"/subscriptions/00000000-0000-0000-0000-000000000000/resourceGroups/ova-test/providers/Microsoft.ContainerRegistry/registries/ovaTestRegistry","name":"ovaTestRegistry","type":"Microsoft.ContainerRegistry/registries","sku":{"name":"Premium","tier":"Premium"},"location":"westus","tags":{}},{"id":"/subscriptions/00000000-0000-0000-0000-000000000000/resourceGroups/ova-test/providers/Microsoft.ContainerRegistry/registries/testbrsreg","name":"testbrsreg","type":"Microsoft.ContainerRegistry/registries","sku":{"name":"Premium","tier":"Premium"},"location":"brazilsouth","tags":{}},{"id":"/subscriptions/00000000-0000-0000-0000-000000000000/resourceGroups/ova-test/providers/Microsoft.ContainerRegistry/registries/testeunreg","name":"testeunreg","type":"Microsoft.ContainerRegistry/registries","sku":{"name":"Premium","tier":"Premium"},"location":"centralus","tags":{}},{"id":"/subscriptions/00000000-0000-0000-0000-000000000000/resourceGroups/ova-test/providers/Microsoft.ContainerRegistry/registries/testregistryimagedelete","name":"testregistryimagedelete","type":"Microsoft.ContainerRegistry/registries","sku":{"name":"Premium","tier":"Premium"},"location":"westus","tags":{}},{"id":"/subscriptions/00000000-0000-0000-0000-000000000000/resourceGroups/ova-test/providers/Microsoft.ContainerRegistry/registries/tosintestcmksamekey","name":"tosintestcmksamekey","type":"Microsoft.ContainerRegistry/registries","sku":{"name":"Premium","tier":"Premium"},"location":"eastus2euap","identity":{"principalId":"5d71557c-9354-4271-9843-d5ec8b044259","tenantId":"72f988bf-86f1-41af-91ab-2d7cd011db47","type":"SystemAssigned,
        UserAssigned","userAssignedIdentities":{"/subscriptions/00000000-0000-0000-0000-000000000000/resourcegroups/ova-test/providers/Microsoft.ManagedIdentity/userAssignedIdentities/tosin_acr_cmk_reg_msi_2":{"principalId":"bf12952f-b52d-4074-8785-079f3c7ff048","clientId":"22e4cf2f-b3b4-4629-8b73-90592c60e0cd"}}},"tags":{}},{"id":"/subscriptions/00000000-0000-0000-0000-000000000000/resourceGroups/ova-test/providers/Microsoft.ContainerRegistry/registries/tosintestdotnetsample2102020","name":"tosintestdotnetsample2102020","type":"Microsoft.ContainerRegistry/registries","sku":{"name":"Basic","tier":"Basic"},"location":"centralus","tags":{}},{"id":"/subscriptions/00000000-0000-0000-0000-000000000000/resourceGroups/ova-test/providers/Microsoft.ContainerRegistry/registries/tosintestdotnetsample2302020","name":"tosintestdotnetsample2302020","type":"Microsoft.ContainerRegistry/registries","sku":{"name":"Premium","tier":"Premium"},"location":"centralus","tags":{}},{"id":"/subscriptions/00000000-0000-0000-0000-000000000000/resourceGroups/ova-test/providers/Microsoft.ContainerRegistry/registries/tosintestpolicy1","name":"tosintestpolicy1","type":"Microsoft.ContainerRegistry/registries","sku":{"name":"Premium","tier":"Premium"},"location":"eastus","tags":{}},{"id":"/subscriptions/00000000-0000-0000-0000-000000000000/resourceGroups/ova-test/providers/Microsoft.ContainerRegistry/registries/tosintestpolicy2","name":"tosintestpolicy2","type":"Microsoft.ContainerRegistry/registries","sku":{"name":"Premium","tier":"Premium"},"location":"eastus2euap","tags":{}},{"id":"/subscriptions/00000000-0000-0000-0000-000000000000/resourceGroups/ova-test/providers/Microsoft.ContainerRegistry/registries/tosintestpolicycmk","name":"tosintestpolicycmk","type":"Microsoft.ContainerRegistry/registries","sku":{"name":"Premium","tier":"Premium"},"location":"eastus2euap","identity":{"principalId":"07cedb8e-2844-423e-9dea-a0d36c7081dc","tenantId":"72f988bf-86f1-41af-91ab-2d7cd011db47","type":"SystemAssigned,
        UserAssigned","userAssignedIdentities":{"/subscriptions/00000000-0000-0000-0000-000000000000/resourcegroups/ova-test/providers/Microsoft.ManagedIdentity/userAssignedIdentities/tosin_acr_cmk_reg_msi":{"principalId":"6124653a-5da4-4d7a-acfa-ca654ab4876e","clientId":"f74574c9-553d-4464-8987-381859564dd1"}}},"tags":{}},{"id":"/subscriptions/00000000-0000-0000-0000-000000000000/resourceGroups/ova-test/providers/Microsoft.ContainerRegistry/registries/tosintestpolicycmk232020","name":"tosintestpolicycmk232020","type":"Microsoft.ContainerRegistry/registries","sku":{"name":"Premium","tier":"Premium"},"location":"eastus2euap","identity":{"principalId":"2237c197-b5f5-4d89-ba0e-d4707049019c","tenantId":"72f988bf-86f1-41af-91ab-2d7cd011db47","type":"SystemAssigned,
        UserAssigned","userAssignedIdentities":{"/subscriptions/00000000-0000-0000-0000-000000000000/resourcegroups/ova-test/providers/Microsoft.ManagedIdentity/userAssignedIdentities/tosin_acr_cmk_reg_msi_2":{"principalId":"bf12952f-b52d-4074-8785-079f3c7ff048","clientId":"22e4cf2f-b3b4-4629-8b73-90592c60e0cd"}}},"tags":{}},{"id":"/subscriptions/00000000-0000-0000-0000-000000000000/resourceGroups/ova-test/providers/Microsoft.ContainerRegistry/registries/tosintestpolicyfail","name":"tosintestpolicyfail","type":"Microsoft.ContainerRegistry/registries","sku":{"name":"Basic","tier":"Basic"},"location":"westus","tags":{}},{"id":"/subscriptions/00000000-0000-0000-0000-000000000000/resourceGroups/ova-test/providers/Microsoft.ContainerRegistry/registries/tosinteststandardsku","name":"tosinteststandardsku","type":"Microsoft.ContainerRegistry/registries","sku":{"name":"Standard","tier":"Standard"},"location":"centraluseuap","tags":{}},{"id":"/subscriptions/00000000-0000-0000-0000-000000000000/resourceGroups/ova-test-1/providers/Microsoft.ContainerRegistry/registries/tosintestregovatest1","name":"tosintestregovatest1","type":"Microsoft.ContainerRegistry/registries","sku":{"name":"Premium","tier":"Premium"},"location":"eastus2","tags":{}},{"id":"/subscriptions/00000000-0000-0000-0000-000000000000/resourceGroups/ova-test-test/providers/Microsoft.ContainerRegistry/registries/tosintestregovatesttest1","name":"tosintestregovatesttest1","type":"Microsoft.ContainerRegistry/registries","sku":{"name":"Premium","tier":"Premium"},"location":"eastus2","tags":{}}]}'
    headers:
      cache-control:
      - no-cache
      content-length:
      - '7835'
      content-type:
      - application/json; charset=utf-8
      date:
      - Fri, 28 Feb 2020 03:50:36 GMT
      expires:
      - '-1'
      pragma:
      - no-cache
      strict-transport-security:
      - max-age=31536000; includeSubDomains
      vary:
      - Accept-Encoding
      x-content-type-options:
      - nosniff
    status:
      code: 200
      message: OK
- request:
    body: null
    headers:
      Accept:
      - application/json
      Accept-Encoding:
      - gzip, deflate
      CommandName:
      - acr webhook delete
      Connection:
      - keep-alive
      ParameterSetName:
      - -n -r
      User-Agent:
      - python/3.6.6 (Windows-10-10.0.18362-SP0) msrest/0.6.9 msrest_azure/0.6.2 azure-mgmt-containerregistry/3.0.0rc10
        Azure-SDK-For-Python AZURECLI/2.1.0
      accept-language:
      - en-US
    method: GET
    uri: https://management.azure.com/subscriptions/00000000-0000-0000-0000-000000000000/resourceGroups/clitest.rg000001/providers/Microsoft.ContainerRegistry/registries/clireg000002?api-version=2019-12-01-preview
  response:
    body:
      string: '{"sku":{"name":"Standard","tier":"Standard"},"type":"Microsoft.ContainerRegistry/registries","id":"/subscriptions/00000000-0000-0000-0000-000000000000/resourceGroups/clitest.rg000001/providers/Microsoft.ContainerRegistry/registries/clireg000002","name":"clireg000002","location":"westus","tags":{},"properties":{"loginServer":"clireg000002.azurecr.io","creationDate":"2020-02-28T03:50:27.2309128Z","provisioningState":"Succeeded","adminUserEnabled":false,"policies":{"quarantinePolicy":{"status":"disabled"},"trustPolicy":{"type":"Notary","status":"disabled"},"retentionPolicy":{"days":7,"lastUpdatedTime":"2020-02-28T03:50:28.1356249+00:00","status":"disabled"}},"encryption":{"status":"disabled"}}}'
    headers:
      cache-control:
      - no-cache
      content-length:
      - '783'
      content-type:
      - application/json; charset=utf-8
      date:
      - Fri, 28 Feb 2020 03:50:36 GMT
      expires:
      - '-1'
      pragma:
      - no-cache
      server:
      - Microsoft-HTTPAPI/2.0
      strict-transport-security:
      - max-age=31536000; includeSubDomains
      transfer-encoding:
      - chunked
      vary:
      - Accept-Encoding
      x-content-type-options:
      - nosniff
    status:
      code: 200
      message: OK
- request:
    body: null
    headers:
      Accept:
      - application/json
      Accept-Encoding:
      - gzip, deflate
      CommandName:
      - acr webhook delete
      Connection:
      - keep-alive
      Content-Length:
      - '0'
      ParameterSetName:
      - -n -r
      User-Agent:
      - python/3.6.6 (Windows-10-10.0.18362-SP0) msrest/0.6.9 msrest_azure/0.6.2 azure-mgmt-containerregistry/3.0.0rc10
        Azure-SDK-For-Python AZURECLI/2.1.0
      accept-language:
      - en-US
    method: DELETE
    uri: https://management.azure.com/subscriptions/00000000-0000-0000-0000-000000000000/resourceGroups/clitest.rg000001/providers/Microsoft.ContainerRegistry/registries/clireg000002/webhooks/cliregwebhook?api-version=2019-12-01-preview
  response:
    body:
      string: ''
    headers:
      cache-control:
      - no-cache
      content-length:
      - '0'
      date:
      - Fri, 28 Feb 2020 03:50:36 GMT
      expires:
      - '-1'
      pragma:
      - no-cache
      server:
      - Microsoft-HTTPAPI/2.0
      strict-transport-security:
      - max-age=31536000; includeSubDomains
      x-content-type-options:
      - nosniff
      x-ms-ratelimit-remaining-subscription-deletes:
      - '14998'
    status:
      code: 200
      message: OK
- request:
    body: null
    headers:
      Accept:
      - application/json
      Accept-Encoding:
      - gzip, deflate
      CommandName:
      - acr delete
      Connection:
      - keep-alive
      Content-Length:
      - '0'
      ParameterSetName:
      - -n -g -y
      User-Agent:
      - python/3.6.6 (Windows-10-10.0.18362-SP0) msrest/0.6.9 msrest_azure/0.6.2 azure-mgmt-containerregistry/3.0.0rc10
        Azure-SDK-For-Python AZURECLI/2.1.0
      accept-language:
      - en-US
    method: DELETE
    uri: https://management.azure.com/subscriptions/00000000-0000-0000-0000-000000000000/resourceGroups/clitest.rg000001/providers/Microsoft.ContainerRegistry/registries/clireg000002?api-version=2019-12-01-preview
  response:
    body:
      string: ''
    headers:
      cache-control:
      - no-cache
      content-length:
      - '0'
      date:
      - Fri, 28 Feb 2020 03:50:38 GMT
      expires:
      - '-1'
      pragma:
      - no-cache
      server:
      - Microsoft-HTTPAPI/2.0
      strict-transport-security:
      - max-age=31536000; includeSubDomains
      x-content-type-options:
      - nosniff
      x-ms-ratelimit-remaining-subscription-deletes:
      - '14999'
    status:
      code: 200
      message: OK
version: 1
