interactions:
- request:
    body: '{"location": "westus", "sku": {"name": "Standard"}, "properties": {"adminUserEnabled":
      false, "publicNetworkAccess": "Enabled", "networkRuleBypassOptions": "AzureServices"}}'
    headers:
      Accept:
      - application/json
      Accept-Encoding:
      - gzip, deflate
      CommandName:
      - acr create
      Connection:
      - keep-alive
      Content-Length:
      - '173'
      Content-Type:
      - application/json; charset=utf-8
      ParameterSetName:
      - -n -g -l --sku
      User-Agent:
      - python/3.7.9 (Windows-10-10.0.19041-SP0) msrest/0.6.18 msrest_azure/0.6.3
        azure-mgmt-containerregistry/3.0.0rc16 Azure-SDK-For-Python AZURECLI/2.16.0
      accept-language:
      - en-US
    method: PUT
    uri: https://management.azure.com/subscriptions/00000000-0000-0000-0000-000000000000/resourceGroups/clitest.rg000001/providers/Microsoft.ContainerRegistry/registries/clireg000002?api-version=2020-11-01-preview
  response:
    body:
      string: '{"sku":{"name":"Standard","tier":"Standard"},"type":"Microsoft.ContainerRegistry/registries","id":"/subscriptions/00000000-0000-0000-0000-000000000000/resourceGroups/clitest.rg000001/providers/Microsoft.ContainerRegistry/registries/clireg000002","name":"clireg000002","location":"westus","tags":{},"systemData":{"createdBy":"oladewal@microsoft.com","createdByType":"User","createdAt":"2020-12-22T21:48:51.84938+00:00","lastModifiedBy":"oladewal@microsoft.com","lastModifiedByType":"User","lastModifiedAt":"2020-12-22T21:48:51.84938+00:00"},"properties":{"loginServer":"clireg000002.azurecr.io","creationDate":"2020-12-22T21:48:51.84938Z","provisioningState":"Succeeded","adminUserEnabled":false,"policies":{"quarantinePolicy":{"status":"disabled"},"trustPolicy":{"type":"Notary","status":"disabled"},"retentionPolicy":{"days":7,"lastUpdatedTime":"2020-12-22T21:48:53.315175+00:00","status":"disabled"}},"encryption":{"status":"disabled"},"dataEndpointEnabled":false,"dataEndpointHostNames":[],"privateEndpointConnections":[],"publicNetworkAccess":"Enabled","networkRuleBypassOptions":"AzureServices","zoneRedundancy":"Disabled"}}'
    headers:
      cache-control:
      - no-cache
      content-length:
      - '1212'
      content-type:
      - application/json; charset=utf-8
      date:
      - Tue, 22 Dec 2020 21:48:53 GMT
      expires:
      - '-1'
      pragma:
      - no-cache
      server:
      - Microsoft-HTTPAPI/2.0
      strict-transport-security:
      - max-age=31536000; includeSubDomains
      transfer-encoding:
      - chunked
      vary:
      - Accept-Encoding
      x-content-type-options:
      - nosniff
      x-ms-ratelimit-remaining-subscription-writes:
      - '1199'
    status:
      code: 200
      message: OK
- request:
    body: "{\"properties\": {\"parameters\": {\"registryName\": {\"value\": \"clireg000002\"},
      \"taskRunName\": {\"value\": \"testTaskRun\"}, \"sourceLocation\": {\"value\":
      \"https://github.com/Azure-Samples/acr-build-helloworld-node.git\"}, \"dockerFilePath\":
      {\"value\": \"Dockerfile\"}, \"image\": {\"value\": \"testtaskrun:v1\"}}, \"mode\":
      \"Incremental\", template:{\r\n  \"$schema\": \"https://schema.management.azure.com/schemas/2015-01-01/deploymentTemplate.json#\",\r\n
      \ \"contentVersion\": \"1.0.0.0\",\r\n  \"parameters\": {\r\n    \"location\":
      {\r\n      \"type\": \"string\",\r\n      \"defaultValue\": \"[resourceGroup().location]\",\r\n
      \     \"metadata\": {\r\n        \"description\": \"Location for all resources.\"\r\n
      \     }\r\n    },\r\n    \"registryName\": {\r\n      \"type\": \"string\",\r\n
      \     \"minLength\": 5,\r\n      \"maxLength\": 50,\r\n      \"metadata\": {\r\n
      \       \"description\": \"Name of your Azure Container Registry\"\r\n      }\r\n
      \   },\r\n    \"taskRunName\": {\r\n      \"type\": \"string\",\r\n      \"minLength\":
      5,\r\n      \"maxLength\": 50,\r\n      \"metadata\": {\r\n        \"description\":
      \"Name of your Task Run and tag generated\"\r\n      }\r\n    },\r\n    \"sourceLocation\":
      {\r\n      \"type\": \"string\",\r\n\t  \"defaultValue\": \"https://github.com/Azure-Samples/acr-build-helloworld-node.git\",\r\n
      \     \"metadata\": {\r\n        \"description\": \"Source Location\"\r\n      }\r\n
      \   },\r\n    \"dockerFilePath\": {\r\n      \"type\": \"string\",\r\n\t    \"defaultValue\":
      \"Dockerfile\",\r\n      \"metadata\": {\r\n        \"description\": \"Name
      of dockerFile\"\r\n      }\r\n    },\r\n    \"image\": {\r\n      \"type\":
      \"string\",\r\n\t  \"defaultValue\": \"mytest:v1\",\r\n      \"metadata\": {\r\n
      \       \"description\": \"Image name\"\r\n      }\r\n    }\t\r\n  },\r\n  \"resources\":
      [\r\n    {\r\n      \"type\": \"Microsoft.ContainerRegistry/registries/taskRuns/\",\r\n
      \     \"name\": \"[concat(parameters('registryName'), '/', parameters('taskRunName'))]\",\r\n
      \     \"location\": \"[parameters('location')]\",\r\n      \"apiVersion\": \"2019-06-01-preview\",\r\n
      \     \"properties\": {\r\n          \"runRequest\": {\r\n            \"type\":
      \"DockerBuildRequest\",\r\n            \"imageNames\": [\r\n                \"[parameters('image')]\"\r\n
      \           ],\r\n            \"sourceLocation\": \"[parameters('sourceLocation')]\",\r\n
      \           \"dockerFilePath\": \"[parameters('dockerFilePath')]\",\r\n            \"values\":
      [],\r\n            \"isPushEnabled\": true,\r\n            \"platform\": {\r\n
      \               \"os\": \"linux\",\r\n                \"architecture\": \"amd64\"\r\n
      \           },\r\n            \"credentials\": {}\r\n        }\r\n      }\r\n
      \   }\r\n  ],\r\n  \"outputs\": {\r\n    \"taskRunName\": {\r\n      \"type\":
      \"string\",\r\n      \"value\": \"[parameters('taskRunName')]\"\r\n    }\r\n
      \ }\r\n}\r\n}}"
    headers:
      Accept:
      - application/json
      Accept-Encoding:
      - gzip, deflate
      CommandName:
      - group deployment create
      Connection:
      - keep-alive
      Content-Length:
      - '2554'
      Content-Type:
      - application/json; charset=utf-8
      ParameterSetName:
      - --resource-group --template-file --parameters --parameters --parameters --parameters
        --parameters
      User-Agent:
      - python/3.7.9 (Windows-10-10.0.19041-SP0) msrest/0.6.18 msrest_azure/0.6.3
        azure-mgmt-resource/10.3.0 Azure-SDK-For-Python AZURECLI/2.16.0
      accept-language:
      - en-US
    method: POST
    uri: https://management.azure.com/subscriptions/00000000-0000-0000-0000-000000000000/resourcegroups/clitest.rg000001/providers/Microsoft.Resources/deployments/mock-deployment/validate?api-version=2020-06-01
  response:
    body:
      string: '{"id":"/subscriptions/00000000-0000-0000-0000-000000000000/resourceGroups/clitest.rg000001/providers/Microsoft.Resources/deployments/taskrunquickbuildsample","name":"taskrunquickbuildsample","type":"Microsoft.Resources/deployments","properties":{"templateHash":"13112214626039113742","parameters":{"location":{"type":"String","value":"westus"},"registryName":{"type":"String","value":"clireg000002"},"taskRunName":{"type":"String","value":"testTaskRun"},"sourceLocation":{"type":"String","value":"https://github.com/Azure-Samples/acr-build-helloworld-node.git"},"dockerFilePath":{"type":"String","value":"Dockerfile"},"image":{"type":"String","value":"testtaskrun:v1"}},"mode":"Incremental","provisioningState":"Succeeded","timestamp":"2020-12-22T21:48:54.5266837Z","duration":"PT0S","correlationId":"8b73fee6-93a4-46a1-8fc2-5c7776b08782","providers":[{"namespace":"Microsoft.ContainerRegistry","resourceTypes":[{"resourceType":"registries/taskRuns","locations":["westus"]}]}],"dependencies":[],"validatedResources":[{"id":"/subscriptions/00000000-0000-0000-0000-000000000000/resourceGroups/clitest.rg000001/providers/Microsoft.ContainerRegistry/registries/clireg000002/taskRuns/testTaskRun"}]}}'
    headers:
      cache-control:
      - no-cache
      content-length:
      - '1329'
      content-type:
      - application/json; charset=utf-8
      date:
      - Tue, 22 Dec 2020 21:48:54 GMT
      expires:
      - '-1'
      pragma:
      - no-cache
      strict-transport-security:
      - max-age=31536000; includeSubDomains
      transfer-encoding:
      - chunked
      vary:
      - Accept-Encoding
      x-content-type-options:
      - nosniff
      x-ms-ratelimit-remaining-subscription-writes:
      - '1199'
    status:
      code: 200
      message: OK
- request:
    body: "{\"properties\": {\"parameters\": {\"registryName\": {\"value\": \"clireg000002\"},
      \"taskRunName\": {\"value\": \"testTaskRun\"}, \"sourceLocation\": {\"value\":
      \"https://github.com/Azure-Samples/acr-build-helloworld-node.git\"}, \"dockerFilePath\":
      {\"value\": \"Dockerfile\"}, \"image\": {\"value\": \"testtaskrun:v1\"}}, \"mode\":
      \"Incremental\", template:{\r\n  \"$schema\": \"https://schema.management.azure.com/schemas/2015-01-01/deploymentTemplate.json#\",\r\n
      \ \"contentVersion\": \"1.0.0.0\",\r\n  \"parameters\": {\r\n    \"location\":
      {\r\n      \"type\": \"string\",\r\n      \"defaultValue\": \"[resourceGroup().location]\",\r\n
      \     \"metadata\": {\r\n        \"description\": \"Location for all resources.\"\r\n
      \     }\r\n    },\r\n    \"registryName\": {\r\n      \"type\": \"string\",\r\n
      \     \"minLength\": 5,\r\n      \"maxLength\": 50,\r\n      \"metadata\": {\r\n
      \       \"description\": \"Name of your Azure Container Registry\"\r\n      }\r\n
      \   },\r\n    \"taskRunName\": {\r\n      \"type\": \"string\",\r\n      \"minLength\":
      5,\r\n      \"maxLength\": 50,\r\n      \"metadata\": {\r\n        \"description\":
      \"Name of your Task Run and tag generated\"\r\n      }\r\n    },\r\n    \"sourceLocation\":
      {\r\n      \"type\": \"string\",\r\n\t  \"defaultValue\": \"https://github.com/Azure-Samples/acr-build-helloworld-node.git\",\r\n
      \     \"metadata\": {\r\n        \"description\": \"Source Location\"\r\n      }\r\n
      \   },\r\n    \"dockerFilePath\": {\r\n      \"type\": \"string\",\r\n\t    \"defaultValue\":
      \"Dockerfile\",\r\n      \"metadata\": {\r\n        \"description\": \"Name
      of dockerFile\"\r\n      }\r\n    },\r\n    \"image\": {\r\n      \"type\":
      \"string\",\r\n\t  \"defaultValue\": \"mytest:v1\",\r\n      \"metadata\": {\r\n
      \       \"description\": \"Image name\"\r\n      }\r\n    }\t\r\n  },\r\n  \"resources\":
      [\r\n    {\r\n      \"type\": \"Microsoft.ContainerRegistry/registries/taskRuns/\",\r\n
      \     \"name\": \"[concat(parameters('registryName'), '/', parameters('taskRunName'))]\",\r\n
      \     \"location\": \"[parameters('location')]\",\r\n      \"apiVersion\": \"2019-06-01-preview\",\r\n
      \     \"properties\": {\r\n          \"runRequest\": {\r\n            \"type\":
      \"DockerBuildRequest\",\r\n            \"imageNames\": [\r\n                \"[parameters('image')]\"\r\n
      \           ],\r\n            \"sourceLocation\": \"[parameters('sourceLocation')]\",\r\n
      \           \"dockerFilePath\": \"[parameters('dockerFilePath')]\",\r\n            \"values\":
      [],\r\n            \"isPushEnabled\": true,\r\n            \"platform\": {\r\n
      \               \"os\": \"linux\",\r\n                \"architecture\": \"amd64\"\r\n
      \           },\r\n            \"credentials\": {}\r\n        }\r\n      }\r\n
      \   }\r\n  ],\r\n  \"outputs\": {\r\n    \"taskRunName\": {\r\n      \"type\":
      \"string\",\r\n      \"value\": \"[parameters('taskRunName')]\"\r\n    }\r\n
      \ }\r\n}\r\n}}"
    headers:
      Accept:
      - application/json
      Accept-Encoding:
      - gzip, deflate
      CommandName:
      - group deployment create
      Connection:
      - keep-alive
      Content-Length:
      - '2554'
      Content-Type:
      - application/json; charset=utf-8
      ParameterSetName:
      - --resource-group --template-file --parameters --parameters --parameters --parameters
        --parameters
      User-Agent:
      - python/3.7.9 (Windows-10-10.0.19041-SP0) msrest/0.6.18 msrest_azure/0.6.3
        azure-mgmt-resource/10.3.0 Azure-SDK-For-Python AZURECLI/2.16.0
      accept-language:
      - en-US
    method: PUT
    uri: https://management.azure.com/subscriptions/00000000-0000-0000-0000-000000000000/resourcegroups/clitest.rg000001/providers/Microsoft.Resources/deployments/mock-deployment?api-version=2020-06-01
  response:
    body:
      string: '{"id":"/subscriptions/00000000-0000-0000-0000-000000000000/resourceGroups/clitest.rg000001/providers/Microsoft.Resources/deployments/taskrunquickbuildsample","name":"taskrunquickbuildsample","type":"Microsoft.Resources/deployments","properties":{"templateHash":"13112214626039113742","parameters":{"location":{"type":"String","value":"westus"},"registryName":{"type":"String","value":"clireg000002"},"taskRunName":{"type":"String","value":"testTaskRun"},"sourceLocation":{"type":"String","value":"https://github.com/Azure-Samples/acr-build-helloworld-node.git"},"dockerFilePath":{"type":"String","value":"Dockerfile"},"image":{"type":"String","value":"testtaskrun:v1"}},"mode":"Incremental","provisioningState":"Accepted","timestamp":"2020-12-22T21:48:55.8115215Z","duration":"PT0.8588769S","correlationId":"d0071fbd-aa47-4f84-8b77-531ce683de3c","providers":[{"namespace":"Microsoft.ContainerRegistry","resourceTypes":[{"resourceType":"registries/taskRuns","locations":["westus"]}]}],"dependencies":[]}}'
    headers:
      azure-asyncoperation:
      - https://management.azure.com/subscriptions/00000000-0000-0000-0000-000000000000/resourcegroups/clitest.rg000001/providers/Microsoft.Resources/deployments/taskrunquickbuildsample/operationStatuses/08585929331505249756?api-version=2020-06-01
      cache-control:
      - no-cache
      content-length:
      - '1070'
      content-type:
      - application/json; charset=utf-8
      date:
      - Tue, 22 Dec 2020 21:48:56 GMT
      expires:
      - '-1'
      pragma:
      - no-cache
      strict-transport-security:
      - max-age=31536000; includeSubDomains
      x-content-type-options:
      - nosniff
      x-ms-ratelimit-remaining-subscription-writes:
      - '1199'
    status:
      code: 201
      message: Created
- request:
    body: null
    headers:
      Accept:
      - application/json
      Accept-Encoding:
      - gzip, deflate
      CommandName:
      - group deployment create
      Connection:
      - keep-alive
      ParameterSetName:
      - --resource-group --template-file --parameters --parameters --parameters --parameters
        --parameters
      User-Agent:
      - python/3.7.9 (Windows-10-10.0.19041-SP0) msrest/0.6.18 msrest_azure/0.6.3
        azure-mgmt-resource/10.3.0 Azure-SDK-For-Python AZURECLI/2.16.0
    method: GET
    uri: https://management.azure.com/subscriptions/00000000-0000-0000-0000-000000000000/resourcegroups/clitest.rg000001/providers/Microsoft.Resources/deployments/mock-deployment/operationStatuses/08585929331505249756?api-version=2020-06-01
  response:
    body:
      string: '{"status":"Running"}'
    headers:
      cache-control:
      - no-cache
      content-length:
      - '20'
      content-type:
      - application/json; charset=utf-8
      date:
      - Tue, 22 Dec 2020 21:49:26 GMT
      expires:
      - '-1'
      pragma:
      - no-cache
      strict-transport-security:
      - max-age=31536000; includeSubDomains
      vary:
      - Accept-Encoding
      x-content-type-options:
      - nosniff
    status:
      code: 200
      message: OK
- request:
    body: null
    headers:
      Accept:
      - application/json
      Accept-Encoding:
      - gzip, deflate
      CommandName:
      - group deployment create
      Connection:
      - keep-alive
      ParameterSetName:
      - --resource-group --template-file --parameters --parameters --parameters --parameters
        --parameters
      User-Agent:
      - python/3.7.9 (Windows-10-10.0.19041-SP0) msrest/0.6.18 msrest_azure/0.6.3
        azure-mgmt-resource/10.3.0 Azure-SDK-For-Python AZURECLI/2.16.0
    method: GET
    uri: https://management.azure.com/subscriptions/00000000-0000-0000-0000-000000000000/resourcegroups/clitest.rg000001/providers/Microsoft.Resources/deployments/mock-deployment/operationStatuses/08585929331505249756?api-version=2020-06-01
  response:
    body:
      string: '{"status":"Succeeded"}'
    headers:
      cache-control:
      - no-cache
      content-length:
      - '22'
      content-type:
      - application/json; charset=utf-8
      date:
      - Tue, 22 Dec 2020 21:49:56 GMT
      expires:
      - '-1'
      pragma:
      - no-cache
      strict-transport-security:
      - max-age=31536000; includeSubDomains
      vary:
      - Accept-Encoding
      x-content-type-options:
      - nosniff
    status:
      code: 200
      message: OK
- request:
    body: null
    headers:
      Accept:
      - application/json
      Accept-Encoding:
      - gzip, deflate
      CommandName:
      - group deployment create
      Connection:
      - keep-alive
      ParameterSetName:
      - --resource-group --template-file --parameters --parameters --parameters --parameters
        --parameters
      User-Agent:
      - python/3.7.9 (Windows-10-10.0.19041-SP0) msrest/0.6.18 msrest_azure/0.6.3
        azure-mgmt-resource/10.3.0 Azure-SDK-For-Python AZURECLI/2.16.0
    method: GET
    uri: https://management.azure.com/subscriptions/00000000-0000-0000-0000-000000000000/resourcegroups/clitest.rg000001/providers/Microsoft.Resources/deployments/mock-deployment?api-version=2020-06-01
  response:
    body:
      string: '{"id":"/subscriptions/00000000-0000-0000-0000-000000000000/resourceGroups/clitest.rg000001/providers/Microsoft.Resources/deployments/taskrunquickbuildsample","name":"taskrunquickbuildsample","type":"Microsoft.Resources/deployments","properties":{"templateHash":"13112214626039113742","parameters":{"location":{"type":"String","value":"westus"},"registryName":{"type":"String","value":"clireg000002"},"taskRunName":{"type":"String","value":"testTaskRun"},"sourceLocation":{"type":"String","value":"https://github.com/Azure-Samples/acr-build-helloworld-node.git"},"dockerFilePath":{"type":"String","value":"Dockerfile"},"image":{"type":"String","value":"testtaskrun:v1"}},"mode":"Incremental","provisioningState":"Succeeded","timestamp":"2020-12-22T21:49:28.7816841Z","duration":"PT33.8290395S","correlationId":"d0071fbd-aa47-4f84-8b77-531ce683de3c","providers":[{"namespace":"Microsoft.ContainerRegistry","resourceTypes":[{"resourceType":"registries/taskRuns","locations":["westus"]}]}],"dependencies":[],"outputs":{"taskRunName":{"type":"String","value":"testTaskRun"}},"outputResources":[{"id":"/subscriptions/00000000-0000-0000-0000-000000000000/resourceGroups/clitest.rg000001/providers/Microsoft.ContainerRegistry/registries/clireg000002/taskRuns/testTaskRun"}]}}'
    headers:
      cache-control:
      - no-cache
      content-length:
      - '1401'
      content-type:
      - application/json; charset=utf-8
      date:
      - Tue, 22 Dec 2020 21:49:56 GMT
      expires:
      - '-1'
      pragma:
      - no-cache
      strict-transport-security:
      - max-age=31536000; includeSubDomains
      vary:
      - Accept-Encoding
      x-content-type-options:
      - nosniff
    status:
      code: 200
      message: OK
- request:
    body: null
    headers:
      Accept:
      - application/json
      Accept-Encoding:
      - gzip, deflate
      CommandName:
      - acr taskrun list
      Connection:
      - keep-alive
      ParameterSetName:
      - -r -g
      User-Agent:
      - python/3.7.9 (Windows-10-10.0.19041-SP0) msrest/0.6.18 msrest_azure/0.6.3
        azure-mgmt-containerregistry/3.0.0rc16 Azure-SDK-For-Python AZURECLI/2.16.0
      accept-language:
      - en-US
    method: GET
    uri: https://management.azure.com/subscriptions/00000000-0000-0000-0000-000000000000/resourceGroups/clitest.rg000001/providers/Microsoft.ContainerRegistry/registries/clireg000002?api-version=2020-11-01-preview
  response:
    body:
      string: '{"sku":{"name":"Standard","tier":"Standard"},"type":"Microsoft.ContainerRegistry/registries","id":"/subscriptions/00000000-0000-0000-0000-000000000000/resourceGroups/clitest.rg000001/providers/Microsoft.ContainerRegistry/registries/clireg000002","name":"clireg000002","location":"westus","tags":{},"systemData":{"createdBy":"oladewal@microsoft.com","createdByType":"User","createdAt":"2020-12-22T21:48:51.84938+00:00","lastModifiedBy":"oladewal@microsoft.com","lastModifiedByType":"User","lastModifiedAt":"2020-12-22T21:48:51.84938+00:00"},"properties":{"loginServer":"clireg000002.azurecr.io","creationDate":"2020-12-22T21:48:51.84938Z","provisioningState":"Succeeded","adminUserEnabled":false,"policies":{"quarantinePolicy":{"status":"disabled"},"trustPolicy":{"type":"Notary","status":"disabled"},"retentionPolicy":{"days":7,"lastUpdatedTime":"2020-12-22T21:48:53.315175+00:00","status":"disabled"}},"encryption":{"status":"disabled"},"dataEndpointEnabled":false,"dataEndpointHostNames":[],"privateEndpointConnections":[],"publicNetworkAccess":"Enabled","networkRuleBypassOptions":"AzureServices","zoneRedundancy":"Disabled"}}'
    headers:
      cache-control:
      - no-cache
      content-length:
      - '1212'
      content-type:
      - application/json; charset=utf-8
      date:
      - Tue, 22 Dec 2020 21:49:58 GMT
      expires:
      - '-1'
      pragma:
      - no-cache
      server:
      - Microsoft-HTTPAPI/2.0
      strict-transport-security:
      - max-age=31536000; includeSubDomains
      transfer-encoding:
      - chunked
      vary:
      - Accept-Encoding
      x-content-type-options:
      - nosniff
    status:
      code: 200
      message: OK
- request:
    body: null
    headers:
      Accept:
      - application/json
      Accept-Encoding:
      - gzip, deflate
      CommandName:
      - acr taskrun list
      Connection:
      - keep-alive
      ParameterSetName:
      - -r -g
      User-Agent:
      - python/3.7.9 (Windows-10-10.0.19041-SP0) msrest/0.6.18 msrest_azure/0.6.3
        azure-mgmt-containerregistry/3.0.0rc16 Azure-SDK-For-Python AZURECLI/2.16.0
      accept-language:
      - en-US
    method: GET
    uri: https://management.azure.com/subscriptions/00000000-0000-0000-0000-000000000000/resourceGroups/clitest.rg000001/providers/Microsoft.ContainerRegistry/registries/clireg000002/taskRuns?api-version=2019-06-01-preview
  response:
    body:
      string: '{"value":[{"type":"Microsoft.ContainerRegistry/registries/taskRuns","properties":{"provisioningState":"Succeeded","runRequest":{"type":"DockerBuildRequest","imageNames":["testtaskrun:v1"],"isPushEnabled":true,"noCache":false,"dockerFilePath":"Dockerfile","platform":{"os":"linux","architecture":"amd64"},"sourceLocation":"https://github.com/Azure-Samples/acr-build-helloworld-node.git","isArchiveEnabled":true},"runResult":{"type":"Microsoft.ContainerRegistry/registries/runs","properties":{"runId":"cf1","status":"Succeeded","lastUpdatedTime":"2020-12-22T21:49:25+00:00","runType":"QuickRun","createTime":"2020-12-22T21:48:56.8498276+00:00","startTime":"2020-12-22T21:48:57.0873972+00:00","finishTime":"2020-12-22T21:49:25.5996602+00:00","outputImages":[{"registry":"clireg000002.azurecr.io","repository":"testtaskrun","tag":"v1","digest":"sha256:ee7c93f047492a3a8e6c89b4a88b77b895a8716d808cda92c500e794f64096e1"}],"platform":{"os":"linux","architecture":"amd64"},"agentConfiguration":{"cpu":2},"provisioningState":"Succeeded","isArchiveEnabled":true},"id":"/subscriptions/00000000-0000-0000-0000-000000000000/resourceGroups/clitest.rg000001/providers/Microsoft.ContainerRegistry/registries/clireg000002/runs/cf1","name":"cf1"}},"location":"westus","id":"/subscriptions/00000000-0000-0000-0000-000000000000/resourceGroups/clitest.rg000001/providers/Microsoft.ContainerRegistry/registries/clireg000002/taskRuns/testTaskRun","name":"testTaskRun","systemData":{"createdBy":"oladewal@microsoft.com","createdByType":"User","createdAt":"2020-12-22T21:48:56.7456527+00:00","lastModifiedBy":"oladewal@microsoft.com","lastModifiedByType":"User","lastModifiedAt":"2020-12-22T21:48:56.7456527+00:00"}}]}'
    headers:
      cache-control:
      - no-cache
      content-length:
      - '1835'
      content-type:
      - application/json; charset=utf-8
      date:
      - Tue, 22 Dec 2020 21:49:58 GMT
      expires:
      - '-1'
      pragma:
      - no-cache
      server:
      - nginx/1.15.10
      strict-transport-security:
      - max-age=31536000; includeSubDomains
      transfer-encoding:
      - chunked
      vary:
      - Accept-Encoding,Accept-Encoding
      x-content-type-options:
      - nosniff
    status:
      code: 200
      message: OK
- request:
    body: null
    headers:
      Accept:
      - application/json
      Accept-Encoding:
      - gzip, deflate
      CommandName:
      - acr taskrun show
      Connection:
      - keep-alive
      ParameterSetName:
      - -r -n -g
      User-Agent:
      - python/3.7.9 (Windows-10-10.0.19041-SP0) msrest/0.6.18 msrest_azure/0.6.3
        azure-mgmt-containerregistry/3.0.0rc16 Azure-SDK-For-Python AZURECLI/2.16.0
      accept-language:
      - en-US
    method: GET
    uri: https://management.azure.com/subscriptions/00000000-0000-0000-0000-000000000000/resourceGroups/clitest.rg000001/providers/Microsoft.ContainerRegistry/registries/clireg000002?api-version=2020-11-01-preview
  response:
    body:
      string: '{"sku":{"name":"Standard","tier":"Standard"},"type":"Microsoft.ContainerRegistry/registries","id":"/subscriptions/00000000-0000-0000-0000-000000000000/resourceGroups/clitest.rg000001/providers/Microsoft.ContainerRegistry/registries/clireg000002","name":"clireg000002","location":"westus","tags":{},"systemData":{"createdBy":"oladewal@microsoft.com","createdByType":"User","createdAt":"2020-12-22T21:48:51.84938+00:00","lastModifiedBy":"oladewal@microsoft.com","lastModifiedByType":"User","lastModifiedAt":"2020-12-22T21:48:51.84938+00:00"},"properties":{"loginServer":"clireg000002.azurecr.io","creationDate":"2020-12-22T21:48:51.84938Z","provisioningState":"Succeeded","adminUserEnabled":false,"policies":{"quarantinePolicy":{"status":"disabled"},"trustPolicy":{"type":"Notary","status":"disabled"},"retentionPolicy":{"days":7,"lastUpdatedTime":"2020-12-22T21:48:53.315175+00:00","status":"disabled"}},"encryption":{"status":"disabled"},"dataEndpointEnabled":false,"dataEndpointHostNames":[],"privateEndpointConnections":[],"publicNetworkAccess":"Enabled","networkRuleBypassOptions":"AzureServices","zoneRedundancy":"Disabled"}}'
    headers:
      cache-control:
      - no-cache
      content-length:
      - '1212'
      content-type:
      - application/json; charset=utf-8
      date:
      - Tue, 22 Dec 2020 21:49:59 GMT
      expires:
      - '-1'
      pragma:
      - no-cache
      server:
      - Microsoft-HTTPAPI/2.0
      strict-transport-security:
      - max-age=31536000; includeSubDomains
      transfer-encoding:
      - chunked
      vary:
      - Accept-Encoding
      x-content-type-options:
      - nosniff
    status:
      code: 200
      message: OK
- request:
    body: null
    headers:
      Accept:
      - application/json
      Accept-Encoding:
      - gzip, deflate
      CommandName:
      - acr taskrun show
      Connection:
      - keep-alive
      ParameterSetName:
      - -r -n -g
      User-Agent:
      - python/3.7.9 (Windows-10-10.0.19041-SP0) msrest/0.6.18 msrest_azure/0.6.3
        azure-mgmt-containerregistry/3.0.0rc16 Azure-SDK-For-Python AZURECLI/2.16.0
      accept-language:
      - en-US
    method: GET
    uri: https://management.azure.com/subscriptions/00000000-0000-0000-0000-000000000000/resourceGroups/clitest.rg000001/providers/Microsoft.ContainerRegistry/registries/clireg000002/taskRuns/testTaskRun?api-version=2019-06-01-preview
  response:
    body:
      string: '{"type":"Microsoft.ContainerRegistry/registries/taskRuns","properties":{"provisioningState":"Succeeded","runRequest":{"type":"DockerBuildRequest","imageNames":["testtaskrun:v1"],"isPushEnabled":true,"noCache":false,"dockerFilePath":"Dockerfile","platform":{"os":"linux","architecture":"amd64"},"sourceLocation":"https://github.com/Azure-Samples/acr-build-helloworld-node.git","isArchiveEnabled":true},"runResult":{"type":"Microsoft.ContainerRegistry/registries/runs","properties":{"runId":"cf1","status":"Succeeded","lastUpdatedTime":"2020-12-22T21:49:25+00:00","runType":"QuickRun","createTime":"2020-12-22T21:48:56.8498276+00:00","startTime":"2020-12-22T21:48:57.0873972+00:00","finishTime":"2020-12-22T21:49:25.5996602+00:00","outputImages":[{"registry":"clireg000002.azurecr.io","repository":"testtaskrun","tag":"v1","digest":"sha256:ee7c93f047492a3a8e6c89b4a88b77b895a8716d808cda92c500e794f64096e1"}],"platform":{"os":"linux","architecture":"amd64"},"agentConfiguration":{"cpu":2},"provisioningState":"Succeeded","isArchiveEnabled":true},"id":"/subscriptions/00000000-0000-0000-0000-000000000000/resourceGroups/clitest.rg000001/providers/Microsoft.ContainerRegistry/registries/clireg000002/runs/cf1","name":"cf1"}},"location":"westus","id":"/subscriptions/00000000-0000-0000-0000-000000000000/resourceGroups/clitest.rg000001/providers/Microsoft.ContainerRegistry/registries/clireg000002/taskRuns/testTaskRun","name":"testTaskRun","systemData":{"createdBy":"oladewal@microsoft.com","createdByType":"User","createdAt":"2020-12-22T21:48:56.7456527+00:00","lastModifiedBy":"oladewal@microsoft.com","lastModifiedByType":"User","lastModifiedAt":"2020-12-22T21:48:56.7456527+00:00"}}'
    headers:
      cache-control:
      - no-cache
      content-length:
      - '1823'
      content-type:
      - application/json; charset=utf-8
      date:
      - Tue, 22 Dec 2020 21:50:00 GMT
      expires:
      - '-1'
      pragma:
      - no-cache
      server:
      - nginx/1.15.10
      strict-transport-security:
      - max-age=31536000; includeSubDomains
      transfer-encoding:
      - chunked
      vary:
      - Accept-Encoding,Accept-Encoding
      x-content-type-options:
      - nosniff
    status:
      code: 200
      message: OK
- request:
    body: null
    headers:
      Accept:
      - application/json
      Accept-Encoding:
      - gzip, deflate
      CommandName:
      - acr taskrun delete
      Connection:
      - keep-alive
      ParameterSetName:
      - -r -n -g -y
      User-Agent:
      - python/3.7.9 (Windows-10-10.0.19041-SP0) msrest/0.6.18 msrest_azure/0.6.3
        azure-mgmt-containerregistry/3.0.0rc16 Azure-SDK-For-Python AZURECLI/2.16.0
      accept-language:
      - en-US
    method: GET
    uri: https://management.azure.com/subscriptions/00000000-0000-0000-0000-000000000000/resourceGroups/clitest.rg000001/providers/Microsoft.ContainerRegistry/registries/clireg000002?api-version=2020-11-01-preview
  response:
    body:
      string: '{"sku":{"name":"Standard","tier":"Standard"},"type":"Microsoft.ContainerRegistry/registries","id":"/subscriptions/00000000-0000-0000-0000-000000000000/resourceGroups/clitest.rg000001/providers/Microsoft.ContainerRegistry/registries/clireg000002","name":"clireg000002","location":"westus","tags":{},"systemData":{"createdBy":"oladewal@microsoft.com","createdByType":"User","createdAt":"2020-12-22T21:48:51.84938+00:00","lastModifiedBy":"oladewal@microsoft.com","lastModifiedByType":"User","lastModifiedAt":"2020-12-22T21:48:51.84938+00:00"},"properties":{"loginServer":"clireg000002.azurecr.io","creationDate":"2020-12-22T21:48:51.84938Z","provisioningState":"Succeeded","adminUserEnabled":false,"policies":{"quarantinePolicy":{"status":"disabled"},"trustPolicy":{"type":"Notary","status":"disabled"},"retentionPolicy":{"days":7,"lastUpdatedTime":"2020-12-22T21:48:53.315175+00:00","status":"disabled"}},"encryption":{"status":"disabled"},"dataEndpointEnabled":false,"dataEndpointHostNames":[],"privateEndpointConnections":[],"publicNetworkAccess":"Enabled","networkRuleBypassOptions":"AzureServices","zoneRedundancy":"Disabled"}}'
    headers:
      cache-control:
      - no-cache
      content-length:
      - '1212'
      content-type:
      - application/json; charset=utf-8
      date:
      - Tue, 22 Dec 2020 21:50:00 GMT
      expires:
      - '-1'
      pragma:
      - no-cache
      server:
      - Microsoft-HTTPAPI/2.0
      strict-transport-security:
      - max-age=31536000; includeSubDomains
      transfer-encoding:
      - chunked
      vary:
      - Accept-Encoding
      x-content-type-options:
      - nosniff
    status:
      code: 200
      message: OK
- request:
    body: null
    headers:
      Accept:
      - application/json
      Accept-Encoding:
      - gzip, deflate
      CommandName:
      - acr taskrun delete
      Connection:
      - keep-alive
      Content-Length:
      - '0'
      ParameterSetName:
      - -r -n -g -y
      User-Agent:
      - python/3.7.9 (Windows-10-10.0.19041-SP0) msrest/0.6.18 msrest_azure/0.6.3
        azure-mgmt-containerregistry/3.0.0rc16 Azure-SDK-For-Python AZURECLI/2.16.0
      accept-language:
      - en-US
    method: DELETE
    uri: https://management.azure.com/subscriptions/00000000-0000-0000-0000-000000000000/resourceGroups/clitest.rg000001/providers/Microsoft.ContainerRegistry/registries/clireg000002/taskRuns/testTaskRun?api-version=2019-06-01-preview
  response:
    body:
      string: ''
    headers:
      cache-control:
      - no-cache
      content-length:
      - '0'
      date:
      - Tue, 22 Dec 2020 21:50:01 GMT
      expires:
      - '-1'
      pragma:
      - no-cache
      server:
      - nginx/1.15.10
      strict-transport-security:
      - max-age=31536000; includeSubDomains
      x-content-type-options:
      - nosniff
      x-ms-ratelimit-remaining-subscription-deletes:
      - '14998'
    status:
      code: 200
      message: OK
version: 1
