interactions:
- request:
    body: null
    headers:
      Accept:
      - application/json
      Accept-Encoding:
      - gzip, deflate
      CommandName:
      - keyvault update
      Connection:
      - keep-alive
      ParameterSetName:
      - --name --enable-soft-delete --enable-purge-protection
      User-Agent:
      - AZURECLI/2.37.0 azsdk-python-azure-mgmt-keyvault/9.3.0 Python/3.8.10 (Windows-10-10.0.22000-SP0)
    method: GET
    uri: https://management.azure.com/subscriptions/00000000-0000-0000-0000-000000000000/resources?$filter=resourceType%20eq%20%27Microsoft.KeyVault%2Fvaults%27&api-version=2015-11-01
  response:
    body:
      string: '{"value":[{"id":"/subscriptions/00000000-0000-0000-0000-000000000000/resourceGroups/clitest/providers/Microsoft.KeyVault/vaults/clitest242385729835729","name":"clitest242385729835729","type":"Microsoft.KeyVault/vaults","location":"westus","tags":{}},{"id":"/subscriptions/00000000-0000-0000-0000-000000000000/resourceGroups/clitest/providers/Microsoft.KeyVault/vaults/clitest24238572983573","name":"clitest24238572983573","type":"Microsoft.KeyVault/vaults","location":"westus","tags":{}},{"id":"/subscriptions/00000000-0000-0000-0000-000000000000/resourceGroups/clitest.rg000001/providers/Microsoft.KeyVault/vaults/clitest000002","name":"clitest000002","type":"Microsoft.KeyVault/vaults","location":"westus","tags":{}}]}'
    headers:
      cache-control:
      - no-cache
      content-length:
      - '720'
      content-type:
      - application/json; charset=utf-8
      date:
      - Sat, 04 Jun 2022 04:25:49 GMT
      expires:
      - '-1'
      pragma:
      - no-cache
      strict-transport-security:
      - max-age=31536000; includeSubDomains
      vary:
      - Accept-Encoding
      x-content-type-options:
      - nosniff
    status:
      code: 200
      message: OK
- request:
    body: null
    headers:
      Accept:
      - application/json
      Accept-Encoding:
      - gzip, deflate
      CommandName:
      - keyvault update
      Connection:
      - keep-alive
      ParameterSetName:
      - --name --enable-soft-delete --enable-purge-protection
      User-Agent:
      - AZURECLI/2.37.0 azsdk-python-azure-mgmt-keyvault/9.3.0 Python/3.8.10 (Windows-10-10.0.22000-SP0)
    method: GET
    uri: https://management.azure.com/subscriptions/00000000-0000-0000-0000-000000000000/resourceGroups/clitest.rg000001/providers/Microsoft.KeyVault/vaults/clitest000002?api-version=2021-06-01-preview
  response:
    body:
      string: '{"id":"/subscriptions/00000000-0000-0000-0000-000000000000/resourceGroups/clitest.rg000001/providers/Microsoft.KeyVault/vaults/clitest000002","name":"clitest000002","type":"Microsoft.KeyVault/vaults","location":"westus","tags":{},"systemData":{"createdBy":"mabenedi@microsoft.com","createdByType":"User","createdAt":"2022-06-04T04:25:18.284Z","lastModifiedBy":"mabenedi@microsoft.com","lastModifiedByType":"User","lastModifiedAt":"2022-06-04T04:25:18.284Z"},"properties":{"sku":{"family":"A","name":"standard"},"tenantId":"72f988bf-86f1-41af-91ab-2d7cd011db47","accessPolicies":[{"tenantId":"72f988bf-86f1-41af-91ab-2d7cd011db47","objectId":"b3053b51-27c7-42f2-9d63-de165c5f0700","permissions":{"keys":["all"],"secrets":["all"],"certificates":["all"],"storage":["all"]}}],"enabledForDeployment":false,"enableSoftDelete":true,"softDeleteRetentionInDays":7,"vaultUri":"https://clitest000002.vault.azure.net/","provisioningState":"Succeeded","publicNetworkAccess":"Enabled"}}'
    headers:
      cache-control:
      - no-cache
      content-length:
      - '972'
      content-type:
      - application/json; charset=utf-8
      date:
      - Sat, 04 Jun 2022 04:25:50 GMT
      expires:
      - '-1'
      pragma:
      - no-cache
      server:
      - Microsoft-IIS/10.0
      strict-transport-security:
      - max-age=31536000; includeSubDomains
      transfer-encoding:
      - chunked
      vary:
      - Accept-Encoding
      x-aspnet-version:
      - 4.0.30319
      x-content-type-options:
      - nosniff
      x-ms-keyvault-service-version:
      - 1.5.396.0
    status:
      code: 200
      message: OK
- request:
    body: '{"location": "westus", "tags": {}, "properties": {"tenantId": "72f988bf-86f1-41af-91ab-2d7cd011db47",
      "sku": {"family": "A", "name": "standard"}, "accessPolicies": [{"tenantId":
      "72f988bf-86f1-41af-91ab-2d7cd011db47", "objectId": "b3053b51-27c7-42f2-9d63-de165c5f0700",
      "permissions": {"keys": ["all"], "secrets": ["all"], "certificates": ["all"],
      "storage": ["all"]}}], "vaultUri": "https://clitest000002.vault.azure.net/",
      "enabledForDeployment": false, "enableSoftDelete": true, "softDeleteRetentionInDays":
      7, "enablePurgeProtection": true, "provisioningState": "Succeeded", "publicNetworkAccess":
      "Enabled"}}'
    headers:
      Accept:
      - application/json
      Accept-Encoding:
      - gzip, deflate
      CommandName:
      - keyvault update
      Connection:
      - keep-alive
      Content-Length:
      - '613'
      Content-Type:
      - application/json
      ParameterSetName:
      - --name --enable-soft-delete --enable-purge-protection
      User-Agent:
      - AZURECLI/2.37.0 azsdk-python-azure-mgmt-keyvault/9.3.0 Python/3.8.10 (Windows-10-10.0.22000-SP0)
    method: PUT
    uri: https://management.azure.com/subscriptions/00000000-0000-0000-0000-000000000000/resourceGroups/clitest.rg000001/providers/Microsoft.KeyVault/vaults/clitest000002?api-version=2021-06-01-preview
  response:
    body:
      string: '{"id":"/subscriptions/00000000-0000-0000-0000-000000000000/resourceGroups/clitest.rg000001/providers/Microsoft.KeyVault/vaults/clitest000002","name":"clitest000002","type":"Microsoft.KeyVault/vaults","location":"westus","tags":{},"systemData":{"createdBy":"mabenedi@microsoft.com","createdByType":"User","createdAt":"2022-06-04T04:25:18.284Z","lastModifiedBy":"mabenedi@microsoft.com","lastModifiedByType":"User","lastModifiedAt":"2022-06-04T04:25:51.145Z"},"properties":{"sku":{"family":"A","name":"standard"},"tenantId":"72f988bf-86f1-41af-91ab-2d7cd011db47","accessPolicies":[{"tenantId":"72f988bf-86f1-41af-91ab-2d7cd011db47","objectId":"b3053b51-27c7-42f2-9d63-de165c5f0700","permissions":{"keys":["all"],"secrets":["all"],"certificates":["all"],"storage":["all"]}}],"enabledForDeployment":false,"enableSoftDelete":true,"softDeleteRetentionInDays":7,"enablePurgeProtection":true,"vaultUri":"https://clitest000002.vault.azure.net/","provisioningState":"Succeeded","publicNetworkAccess":"Enabled"}}'
    headers:
      cache-control:
      - no-cache
      content-length:
      - '1001'
      content-type:
      - application/json; charset=utf-8
      date:
      - Sat, 04 Jun 2022 04:25:50 GMT
      expires:
      - '-1'
      pragma:
      - no-cache
      server:
      - Microsoft-IIS/10.0
      strict-transport-security:
      - max-age=31536000; includeSubDomains
      transfer-encoding:
      - chunked
      vary:
      - Accept-Encoding
      x-aspnet-version:
      - 4.0.30319
      x-content-type-options:
      - nosniff
      x-ms-keyvault-service-version:
      - 1.5.396.0
      x-ms-ratelimit-remaining-subscription-writes:
      - '1194'
    status:
      code: 200
      message: OK
- request:
    body: null
    headers:
      Accept:
      - application/json
      Accept-Encoding:
      - gzip, deflate
      Connection:
      - keep-alive
      Content-Length:
      - '0'
      Content-Type:
      - application/json
      User-Agent:
      - azsdk-python-keyvault-keys/4.5.1 Python/3.8.10 (Windows-10-10.0.22000-SP0)
    method: POST
    uri: https://clitest000002.vault.azure.net/keys/testkey000003/create?api-version=7.3
  response:
    body:
      string: '{"error":{"code":"Unauthorized","message":"AKV10000: Request is missing
        a Bearer or PoP token."}}'
    headers:
      cache-control:
      - no-cache
      content-length:
      - '97'
      content-type:
      - application/json; charset=utf-8
      date:
      - Sat, 04 Jun 2022 04:25:50 GMT
      expires:
      - '-1'
      pragma:
      - no-cache
      strict-transport-security:
      - max-age=31536000;includeSubDomains
      www-authenticate:
      - Bearer authorization="https://login.windows.net/72f988bf-86f1-41af-91ab-2d7cd011db47",
        resource="https://vault.azure.net"
      x-content-type-options:
      - nosniff
      x-ms-keyvault-network-info:
      - conn_type=Ipv4;addr=131.107.8.6;act_addr_fam=InterNetwork;
      x-ms-keyvault-region:
      - westus
      x-ms-keyvault-service-version:
      - 1.9.422.1
    status:
      code: 401
      message: Unauthorized
- request:
    body: '{"kty": "RSA", "attributes": {"enabled": true}}'
    headers:
      Accept:
      - application/json
      Accept-Encoding:
      - gzip, deflate
      Connection:
      - keep-alive
      Content-Length:
      - '47'
      Content-Type:
      - application/json
      User-Agent:
      - azsdk-python-keyvault-keys/4.5.1 Python/3.8.10 (Windows-10-10.0.22000-SP0)
    method: POST
    uri: https://clitest000002.vault.azure.net/keys/testkey000003/create?api-version=7.3
  response:
    body:
      string: '{"key":{"kid":"https://clitest000002.vault.azure.net/keys/testkey000003/b3b240c287964cf89bc5672d3124e5cc","kty":"RSA","key_ops":["encrypt","decrypt","sign","verify","wrapKey","unwrapKey"],"n":"syfjN7dBfLSywbRIZrWx063nn1SCw6FsCUCG01qViIz5lL6uxfe-C-eZfPxqknVQg3MrHBrXSi_gEr6fUWZ397LEdWiaV3S9J5JG0n6q66i-LQx1KC98bwTJWb-IW0f8YlHOPrA-dZY_7n3ysAI5T2UwFCSetOPU8VbMxyO3r1wEForF-zKQqOvBtCJn73RIlNS8ogOEQV84lshN7RyNmTz8eTlzf6HdEA2dzj9ZUZVxXWn2sLAhhkyTJkh5hFvXnsa8s6azpjSybLSkY8liRCOPFy4QeMDk6gArBYnTrF359Xtn8DlKFfBz7su540rRN254XPYoP037ohTfF3WP_Q","e":"AQAB"},"attributes":{"enabled":true,"created":1654316752,"updated":1654316752,"recoveryLevel":"CustomizedRecoverable","recoverableDays":7}}'
    headers:
      cache-control:
      - no-cache
      content-length:
      - '681'
      content-type:
      - application/json; charset=utf-8
      date:
      - Sat, 04 Jun 2022 04:25:52 GMT
      expires:
      - '-1'
      pragma:
      - no-cache
      strict-transport-security:
      - max-age=31536000;includeSubDomains
      x-content-type-options:
      - nosniff
      x-ms-keyvault-network-info:
      - conn_type=Ipv4;addr=131.107.8.6;act_addr_fam=InterNetwork;
      x-ms-keyvault-region:
      - westus
      x-ms-keyvault-service-version:
      - 1.9.422.1
    status:
      code: 200
      message: OK
- request:
    body: null
    headers:
      Accept:
      - application/json
      Accept-Encoding:
      - gzip, deflate
      CommandName:
      - identity create
      Connection:
      - keep-alive
      ParameterSetName:
      - --name -g
      User-Agent:
      - AZURECLI/2.37.0 azsdk-python-azure-mgmt-resource/21.1.0b1 Python/3.8.10 (Windows-10-10.0.22000-SP0)
    method: GET
    uri: https://management.azure.com/subscriptions/00000000-0000-0000-0000-000000000000/resourcegroups/clitest.rg000001?api-version=2021-04-01
  response:
    body:
      string: '{"id":"/subscriptions/00000000-0000-0000-0000-000000000000/resourceGroups/clitest.rg000001","name":"clitest.rg000001","type":"Microsoft.Resources/resourceGroups","location":"westus","tags":{"product":"azurecli","cause":"automation","date":"2022-06-04T04:25:14Z"},"properties":{"provisioningState":"Succeeded"}}'
    headers:
      cache-control:
      - no-cache
      content-length:
      - '310'
      content-type:
      - application/json; charset=utf-8
      date:
      - Sat, 04 Jun 2022 04:25:53 GMT
      expires:
      - '-1'
      pragma:
      - no-cache
      strict-transport-security:
      - max-age=31536000; includeSubDomains
      vary:
      - Accept-Encoding
      x-content-type-options:
      - nosniff
    status:
      code: 200
      message: OK
- request:
    body: '{"location": "westus"}'
    headers:
      Accept:
      - application/json
      Accept-Encoding:
      - gzip, deflate
      CommandName:
      - identity create
      Connection:
      - keep-alive
      Content-Length:
      - '22'
      Content-Type:
      - application/json
      ParameterSetName:
      - --name -g
      User-Agent:
      - AZURECLI/2.37.0 azsdk-python-azure-mgmt-msi/6.0.1 Python/3.8.10 (Windows-10-10.0.22000-SP0)
    method: PUT
    uri: https://management.azure.com/subscriptions/00000000-0000-0000-0000-000000000000/resourceGroups/clitest.rg000001/providers/Microsoft.ManagedIdentity/userAssignedIdentities/testidentity000005?api-version=2021-09-30-preview
  response:
    body:
      string: '{"id":"/subscriptions/00000000-0000-0000-0000-000000000000/resourcegroups/clitest.rg000001/providers/Microsoft.ManagedIdentity/userAssignedIdentities/testidentity000005","name":"testidentity000005","type":"Microsoft.ManagedIdentity/userAssignedIdentities","location":"westus","tags":{},"properties":{"tenantId":"72f988bf-86f1-41af-91ab-2d7cd011db47","principalId":"c6731594-48bb-4691-8644-be90ef1da0ca","clientId":"56e91a2c-f2f9-4d00-bd39-e6f4c29a1cea"}}'
    headers:
      cache-control:
      - no-cache
      content-length:
      - '454'
      content-type:
      - application/json; charset=utf-8
      date:
      - Sat, 04 Jun 2022 04:25:55 GMT
      expires:
      - '-1'
      location:
      - /subscriptions/00000000-0000-0000-0000-000000000000/resourcegroups/clitest.rg000001/providers/Microsoft.ManagedIdentity/userAssignedIdentities/testidentity000005
      pragma:
      - no-cache
      strict-transport-security:
      - max-age=31536000; includeSubDomains
      x-content-type-options:
      - nosniff
      x-ms-ratelimit-remaining-subscription-writes:
      - '1193'
    status:
      code: 201
      message: Created
- request:
    body: null
    headers:
      Accept:
      - application/json
      Accept-Encoding:
      - gzip, deflate
      CommandName:
      - keyvault set-policy
      Connection:
      - keep-alive
      ParameterSetName:
      - --object-id --name --key-permissions
      User-Agent:
      - AZURECLI/2.37.0 azsdk-python-azure-mgmt-keyvault/9.3.0 Python/3.8.10 (Windows-10-10.0.22000-SP0)
    method: GET
    uri: https://management.azure.com/subscriptions/00000000-0000-0000-0000-000000000000/resources?$filter=resourceType%20eq%20%27Microsoft.KeyVault%2Fvaults%27&api-version=2015-11-01
  response:
    body:
      string: '{"value":[{"id":"/subscriptions/00000000-0000-0000-0000-000000000000/resourceGroups/clitest/providers/Microsoft.KeyVault/vaults/clitest242385729835729","name":"clitest242385729835729","type":"Microsoft.KeyVault/vaults","location":"westus","tags":{}},{"id":"/subscriptions/00000000-0000-0000-0000-000000000000/resourceGroups/clitest/providers/Microsoft.KeyVault/vaults/clitest24238572983573","name":"clitest24238572983573","type":"Microsoft.KeyVault/vaults","location":"westus","tags":{}},{"id":"/subscriptions/00000000-0000-0000-0000-000000000000/resourceGroups/clitest.rg000001/providers/Microsoft.KeyVault/vaults/clitest000002","name":"clitest000002","type":"Microsoft.KeyVault/vaults","location":"westus","tags":{}}]}'
    headers:
      cache-control:
      - no-cache
      content-length:
      - '720'
      content-type:
      - application/json; charset=utf-8
      date:
      - Sat, 04 Jun 2022 04:25:55 GMT
      expires:
      - '-1'
      pragma:
      - no-cache
      strict-transport-security:
      - max-age=31536000; includeSubDomains
      vary:
      - Accept-Encoding
      x-content-type-options:
      - nosniff
    status:
      code: 200
      message: OK
- request:
    body: null
    headers:
      Accept:
      - application/json
      Accept-Encoding:
      - gzip, deflate
      CommandName:
      - keyvault set-policy
      Connection:
      - keep-alive
      ParameterSetName:
      - --object-id --name --key-permissions
      User-Agent:
      - AZURECLI/2.37.0 azsdk-python-azure-mgmt-keyvault/9.3.0 Python/3.8.10 (Windows-10-10.0.22000-SP0)
    method: GET
    uri: https://management.azure.com/subscriptions/00000000-0000-0000-0000-000000000000/resourceGroups/clitest.rg000001/providers/Microsoft.KeyVault/vaults/clitest000002?api-version=2021-06-01-preview
  response:
    body:
      string: '{"id":"/subscriptions/00000000-0000-0000-0000-000000000000/resourceGroups/clitest.rg000001/providers/Microsoft.KeyVault/vaults/clitest000002","name":"clitest000002","type":"Microsoft.KeyVault/vaults","location":"westus","tags":{},"systemData":{"createdBy":"mabenedi@microsoft.com","createdByType":"User","createdAt":"2022-06-04T04:25:18.284Z","lastModifiedBy":"mabenedi@microsoft.com","lastModifiedByType":"User","lastModifiedAt":"2022-06-04T04:25:51.145Z"},"properties":{"sku":{"family":"A","name":"standard"},"tenantId":"72f988bf-86f1-41af-91ab-2d7cd011db47","accessPolicies":[{"tenantId":"72f988bf-86f1-41af-91ab-2d7cd011db47","objectId":"b3053b51-27c7-42f2-9d63-de165c5f0700","permissions":{"keys":["all"],"secrets":["all"],"certificates":["all"],"storage":["all"]}}],"enabledForDeployment":false,"enableSoftDelete":true,"softDeleteRetentionInDays":7,"enablePurgeProtection":true,"vaultUri":"https://clitest000002.vault.azure.net/","provisioningState":"Succeeded","publicNetworkAccess":"Enabled"}}'
    headers:
      cache-control:
      - no-cache
      content-length:
      - '1001'
      content-type:
      - application/json; charset=utf-8
      date:
      - Sat, 04 Jun 2022 04:25:56 GMT
      expires:
      - '-1'
      pragma:
      - no-cache
      server:
      - Microsoft-IIS/10.0
      strict-transport-security:
      - max-age=31536000; includeSubDomains
      transfer-encoding:
      - chunked
      vary:
      - Accept-Encoding
      x-aspnet-version:
      - 4.0.30319
      x-content-type-options:
      - nosniff
      x-ms-keyvault-service-version:
      - 1.5.396.0
    status:
      code: 200
      message: OK
- request:
    body: '{"location": "westus", "tags": {}, "properties": {"tenantId": "72f988bf-86f1-41af-91ab-2d7cd011db47",
      "sku": {"family": "A", "name": "standard"}, "accessPolicies": [{"tenantId":
      "72f988bf-86f1-41af-91ab-2d7cd011db47", "objectId": "b3053b51-27c7-42f2-9d63-de165c5f0700",
      "permissions": {"keys": ["all"], "secrets": ["all"], "certificates": ["all"],
      "storage": ["all"]}}, {"tenantId": "72f988bf-86f1-41af-91ab-2d7cd011db47", "objectId":
      "c6731594-48bb-4691-8644-be90ef1da0ca", "permissions": {"keys": ["get", "wrapKey",
      "unwrapKey"]}}], "vaultUri": "https://clitest000002.vault.azure.net/", "enabledForDeployment":
      false, "enableSoftDelete": true, "softDeleteRetentionInDays": 7, "enablePurgeProtection":
      true, "provisioningState": "Succeeded", "publicNetworkAccess": "Enabled"}}'
    headers:
      Accept:
      - application/json
      Accept-Encoding:
      - gzip, deflate
      CommandName:
      - keyvault set-policy
      Connection:
      - keep-alive
      Content-Length:
      - '777'
      Content-Type:
      - application/json
      ParameterSetName:
      - --object-id --name --key-permissions
      User-Agent:
      - AZURECLI/2.37.0 azsdk-python-azure-mgmt-keyvault/9.3.0 Python/3.8.10 (Windows-10-10.0.22000-SP0)
    method: PUT
    uri: https://management.azure.com/subscriptions/00000000-0000-0000-0000-000000000000/resourceGroups/clitest.rg000001/providers/Microsoft.KeyVault/vaults/clitest000002?api-version=2021-06-01-preview
  response:
    body:
      string: '{"id":"/subscriptions/00000000-0000-0000-0000-000000000000/resourceGroups/clitest.rg000001/providers/Microsoft.KeyVault/vaults/clitest000002","name":"clitest000002","type":"Microsoft.KeyVault/vaults","location":"westus","tags":{},"systemData":{"createdBy":"mabenedi@microsoft.com","createdByType":"User","createdAt":"2022-06-04T04:25:18.284Z","lastModifiedBy":"mabenedi@microsoft.com","lastModifiedByType":"User","lastModifiedAt":"2022-06-04T04:25:57.146Z"},"properties":{"sku":{"family":"A","name":"standard"},"tenantId":"72f988bf-86f1-41af-91ab-2d7cd011db47","accessPolicies":[{"tenantId":"72f988bf-86f1-41af-91ab-2d7cd011db47","objectId":"b3053b51-27c7-42f2-9d63-de165c5f0700","permissions":{"keys":["all"],"secrets":["all"],"certificates":["all"],"storage":["all"]}},{"tenantId":"72f988bf-86f1-41af-91ab-2d7cd011db47","objectId":"c6731594-48bb-4691-8644-be90ef1da0ca","permissions":{"keys":["get","wrapKey","unwrapKey"]}}],"enabledForDeployment":false,"enableSoftDelete":true,"softDeleteRetentionInDays":7,"enablePurgeProtection":true,"vaultUri":"https://clitest000002.vault.azure.net/","provisioningState":"Succeeded","publicNetworkAccess":"Enabled"}}'
    headers:
      cache-control:
      - no-cache
      content-length:
      - '1156'
      content-type:
      - application/json; charset=utf-8
      date:
      - Sat, 04 Jun 2022 04:25:56 GMT
      expires:
      - '-1'
      pragma:
      - no-cache
      server:
      - Microsoft-IIS/10.0
      strict-transport-security:
      - max-age=31536000; includeSubDomains
      transfer-encoding:
      - chunked
      vary:
      - Accept-Encoding
      x-aspnet-version:
      - 4.0.30319
      x-content-type-options:
      - nosniff
      x-ms-keyvault-service-version:
      - 1.5.396.0
      x-ms-ratelimit-remaining-subscription-writes:
      - '1193'
    status:
      code: 200
      message: OK
- request:
    body: null
    headers:
      Accept:
      - application/json
      Accept-Encoding:
      - gzip, deflate
      CommandName:
      - acr create
      Connection:
      - keep-alive
      ParameterSetName:
      - --name --resource-group --sku --identity --key-encryption-key
      User-Agent:
      - AZURECLI/2.37.0 azsdk-python-azure-mgmt-resource/21.1.0b1 Python/3.8.10 (Windows-10-10.0.22000-SP0)
    method: GET
    uri: https://management.azure.com/subscriptions/00000000-0000-0000-0000-000000000000/resourcegroups/clitest.rg000001?api-version=2021-04-01
  response:
    body:
      string: '{"id":"/subscriptions/00000000-0000-0000-0000-000000000000/resourceGroups/clitest.rg000001","name":"clitest.rg000001","type":"Microsoft.Resources/resourceGroups","location":"westus","tags":{"product":"azurecli","cause":"automation","date":"2022-06-04T04:25:14Z"},"properties":{"provisioningState":"Succeeded"}}'
    headers:
      cache-control:
      - no-cache
      content-length:
      - '310'
      content-type:
      - application/json; charset=utf-8
      date:
      - Sat, 04 Jun 2022 04:25:56 GMT
      expires:
      - '-1'
      pragma:
      - no-cache
      strict-transport-security:
      - max-age=31536000; includeSubDomains
      vary:
      - Accept-Encoding
      x-content-type-options:
      - nosniff
    status:
      code: 200
      message: OK
- request:
    body: null
    headers:
      Accept:
      - application/json
      Accept-Encoding:
      - gzip, deflate
      CommandName:
      - acr create
      Connection:
      - keep-alive
      ParameterSetName:
      - --name --resource-group --sku --identity --key-encryption-key
      User-Agent:
      - AZURECLI/2.37.0 azsdk-python-azure-mgmt-msi/6.0.1 Python/3.8.10 (Windows-10-10.0.22000-SP0)
    method: GET
    uri: https://management.azure.com/subscriptions/00000000-0000-0000-0000-000000000000/resourceGroups/clitest.rg000001/providers/Microsoft.ManagedIdentity/userAssignedIdentities/testidentity000005?api-version=2018-11-30
  response:
    body:
      string: '{"id":"/subscriptions/00000000-0000-0000-0000-000000000000/resourcegroups/clitest.rg000001/providers/Microsoft.ManagedIdentity/userAssignedIdentities/testidentity000005","name":"testidentity000005","type":"Microsoft.ManagedIdentity/userAssignedIdentities","location":"westus","tags":{},"properties":{"tenantId":"72f988bf-86f1-41af-91ab-2d7cd011db47","principalId":"c6731594-48bb-4691-8644-be90ef1da0ca","clientId":"56e91a2c-f2f9-4d00-bd39-e6f4c29a1cea"}}'
    headers:
      cache-control:
      - no-cache
      content-length:
      - '454'
      content-type:
      - application/json; charset=utf-8
      date:
      - Sat, 04 Jun 2022 04:25:57 GMT
      expires:
      - '-1'
      pragma:
      - no-cache
      strict-transport-security:
      - max-age=31536000; includeSubDomains
      transfer-encoding:
      - chunked
      vary:
      - Accept-Encoding
      x-content-type-options:
      - nosniff
    status:
      code: 200
      message: OK
- request:
    body: '{"location": "westus", "sku": {"name": "Premium"}, "identity": {"type":
      "UserAssigned", "userAssignedIdentities": {"/subscriptions/00000000-0000-0000-0000-000000000000/resourcegroups/clitest.rg000001/providers/Microsoft.ManagedIdentity/userAssignedIdentities/testidentity000005":
      {}}}, "properties": {"adminUserEnabled": false, "encryption": {"status": "enabled",
      "keyVaultProperties": {"keyIdentifier": "https://clitest000002.vault.azure.net/keys/testkey000003/b3b240c287964cf89bc5672d3124e5cc",
      "identity": "56e91a2c-f2f9-4d00-bd39-e6f4c29a1cea"}}, "anonymousPullEnabled":
      false}}'
    headers:
      Accept:
      - application/json
      Accept-Encoding:
      - gzip, deflate
      CommandName:
      - acr create
      Connection:
      - keep-alive
      Content-Length:
      - '582'
      Content-Type:
      - application/json
      ParameterSetName:
      - --name --resource-group --sku --identity --key-encryption-key
      User-Agent:
      - AZURECLI/2.37.0 azsdk-python-azure-mgmt-containerregistry/10.0.0 Python/3.8.10
        (Windows-10-10.0.22000-SP0)
    method: PUT
    uri: https://management.azure.com/subscriptions/00000000-0000-0000-0000-000000000000/resourceGroups/clitest.rg000001/providers/Microsoft.ContainerRegistry/registries/testreg000006?api-version=2022-02-01-preview
  response:
    body:
      string: '{"sku":{"name":"Premium","tier":"Premium"},"type":"Microsoft.ContainerRegistry/registries","id":"/subscriptions/00000000-0000-0000-0000-000000000000/resourceGroups/clitest.rg000001/providers/Microsoft.ContainerRegistry/registries/testreg000006","name":"testreg000006","location":"westus","tags":{},"systemData":{"createdBy":"mabenedi@microsoft.com","createdByType":"User","createdAt":"2022-06-04T04:25:59.0779083+00:00","lastModifiedBy":"mabenedi@microsoft.com","lastModifiedByType":"User","lastModifiedAt":"2022-06-04T04:25:59.0779083+00:00"},"properties":{"loginServer":"testreg000006.azurecr.io","creationDate":"2022-06-04T04:25:59.0779083Z","provisioningState":"Creating","adminUserEnabled":false,"networkRuleSet":{"defaultAction":"Allow","ipRules":[]},"policies":{"quarantinePolicy":{"status":"disabled"},"trustPolicy":{"type":"Notary","status":"disabled"},"retentionPolicy":{"days":7,"lastUpdatedTime":"2022-06-04T04:26:01.8349701+00:00","status":"disabled"},"exportPolicy":{"status":"enabled"},"azureADAuthenticationAsArmPolicy":{"status":"enabled"},"softDeletePolicy":{"retentionDays":7,"lastUpdatedTime":"2022-06-04T04:26:01.8349701+00:00","status":"disabled"}},"encryption":{"status":"disabled"},"dataEndpointEnabled":false,"dataEndpointHostNames":[],"privateEndpointConnections":[],"publicNetworkAccess":"Enabled","networkRuleBypassOptions":"AzureServices","zoneRedundancy":"Disabled","anonymousPullEnabled":false}}'
    headers:
      api-supported-versions:
      - 2022-02-01-preview
      azure-asyncoperation:
      - https://management.azure.com/subscriptions/00000000-0000-0000-0000-000000000000/resourceGroups/clitest.rg000001/providers/Microsoft.ContainerRegistry/registries/testreg000006/operationStatuses/registries-6e2c5632-e3be-11ec-a177-84a93e82798c?api-version=2022-02-01-preview
      cache-control:
      - no-cache
      content-length:
      - '1426'
      content-type:
      - application/json; charset=utf-8
      date:
      - Sat, 04 Jun 2022 04:26:01 GMT
      expires:
      - '-1'
      pragma:
      - no-cache
      server:
      - Microsoft-HTTPAPI/2.0
      strict-transport-security:
      - max-age=31536000; includeSubDomains
      x-content-type-options:
      - nosniff
      x-ms-ratelimit-remaining-subscription-writes:
      - '1195'
    status:
      code: 201
      message: Created
- request:
    body: null
    headers:
      Accept:
      - '*/*'
      Accept-Encoding:
      - gzip, deflate
      CommandName:
      - acr create
      Connection:
      - keep-alive
      ParameterSetName:
      - --name --resource-group --sku --identity --key-encryption-key
      User-Agent:
      - AZURECLI/2.37.0 azsdk-python-azure-mgmt-containerregistry/10.0.0 Python/3.8.10
        (Windows-10-10.0.22000-SP0)
    method: GET
    uri: https://management.azure.com/subscriptions/00000000-0000-0000-0000-000000000000/resourceGroups/clitest.rg000001/providers/Microsoft.ContainerRegistry/registries/testreg000006/operationStatuses/registries-6e2c5632-e3be-11ec-a177-84a93e82798c?api-version=2022-02-01-preview
  response:
    body:
      string: '{"status":"Succeeded"}'
    headers:
      api-supported-versions:
      - 2022-02-01-preview
      azure-asyncoperation:
      - https://management.azure.com/subscriptions/00000000-0000-0000-0000-000000000000/resourceGroups/clitest.rg000001/providers/Microsoft.ContainerRegistry/registries/testreg000006/operationStatuses/registries-6e2c5632-e3be-11ec-a177-84a93e82798c?api-version=2022-02-01-preview
      cache-control:
      - no-cache
      content-length:
      - '22'
      content-type:
      - application/json; charset=utf-8
      date:
      - Sat, 04 Jun 2022 04:26:11 GMT
      expires:
      - '-1'
      pragma:
      - no-cache
      server:
      - Microsoft-HTTPAPI/2.0
      strict-transport-security:
      - max-age=31536000; includeSubDomains
      transfer-encoding:
      - chunked
      vary:
      - Accept-Encoding
      x-content-type-options:
      - nosniff
    status:
      code: 200
      message: OK
- request:
    body: null
    headers:
      Accept:
      - '*/*'
      Accept-Encoding:
      - gzip, deflate
      CommandName:
      - acr create
      Connection:
      - keep-alive
      ParameterSetName:
      - --name --resource-group --sku --identity --key-encryption-key
      User-Agent:
      - AZURECLI/2.37.0 azsdk-python-azure-mgmt-containerregistry/10.0.0 Python/3.8.10
        (Windows-10-10.0.22000-SP0)
    method: GET
    uri: https://management.azure.com/subscriptions/00000000-0000-0000-0000-000000000000/resourceGroups/clitest.rg000001/providers/Microsoft.ContainerRegistry/registries/testreg000006?api-version=2022-02-01-preview
  response:
    body:
      string: '{"sku":{"name":"Premium","tier":"Premium"},"type":"Microsoft.ContainerRegistry/registries","identity":{"type":"userAssigned","userAssignedIdentities":{"/subscriptions/00000000-0000-0000-0000-000000000000/resourcegroups/clitest.rg000001/providers/Microsoft.ManagedIdentity/userAssignedIdentities/testidentity000005":{"principalId":"c6731594-48bb-4691-8644-be90ef1da0ca","clientId":"56e91a2c-f2f9-4d00-bd39-e6f4c29a1cea"}}},"id":"/subscriptions/00000000-0000-0000-0000-000000000000/resourceGroups/clitest.rg000001/providers/Microsoft.ContainerRegistry/registries/testreg000006","name":"testreg000006","location":"westus","tags":{},"systemData":{"createdBy":"mabenedi@microsoft.com","createdByType":"User","createdAt":"2022-06-04T04:25:59.0779083+00:00","lastModifiedBy":"mabenedi@microsoft.com","lastModifiedByType":"User","lastModifiedAt":"2022-06-04T04:25:59.0779083+00:00"},"properties":{"loginServer":"testreg000006.azurecr.io","creationDate":"2022-06-04T04:25:59.0779083Z","provisioningState":"Succeeded","adminUserEnabled":false,"networkRuleSet":{"defaultAction":"Allow","ipRules":[]},"policies":{"quarantinePolicy":{"status":"disabled"},"trustPolicy":{"type":"Notary","status":"disabled"},"retentionPolicy":{"days":7,"lastUpdatedTime":"2022-06-04T04:26:01.8349701+00:00","status":"disabled"},"exportPolicy":{"status":"enabled"},"azureADAuthenticationAsArmPolicy":{"status":"enabled"},"softDeletePolicy":{"retentionDays":7,"lastUpdatedTime":"2022-06-04T04:26:01.8349701+00:00","status":"disabled"}},"encryption":{"status":"enabled","keyVaultProperties":{"keyIdentifier":"https://clitest000002.vault.azure.net/keys/testkey000003/b3b240c287964cf89bc5672d3124e5cc","versionedKeyIdentifier":"https://clitest000002.vault.azure.net/keys/testkey000003/b3b240c287964cf89bc5672d3124e5cc","identity":"56e91a2c-f2f9-4d00-bd39-e6f4c29a1cea","keyRotationEnabled":false}},"dataEndpointEnabled":false,"dataEndpointHostNames":[],"privateEndpointConnections":[],"publicNetworkAccess":"Enabled","networkRuleBypassOptions":"AzureServices","zoneRedundancy":"Disabled","anonymousPullEnabled":false}}'
    headers:
      api-supported-versions:
      - 2022-02-01-preview
      cache-control:
      - no-cache
      content-length:
      - '2082'
      content-type:
      - application/json; charset=utf-8
      date:
      - Sat, 04 Jun 2022 04:26:12 GMT
      expires:
      - '-1'
      pragma:
      - no-cache
      server:
      - Microsoft-HTTPAPI/2.0
      strict-transport-security:
      - max-age=31536000; includeSubDomains
      transfer-encoding:
      - chunked
      vary:
      - Accept-Encoding
      x-content-type-options:
      - nosniff
    status:
      code: 200
      message: OK
- request:
    body: '{"kty": "RSA", "attributes": {"enabled": true}}'
    headers:
      Accept:
      - application/json
      Accept-Encoding:
      - gzip, deflate
      Connection:
      - keep-alive
      Content-Length:
      - '47'
      Content-Type:
      - application/json
      User-Agent:
      - azsdk-python-keyvault-keys/4.5.1 Python/3.8.10 (Windows-10-10.0.22000-SP0)
    method: POST
    uri: https://clitest000002.vault.azure.net/keys/rotatekey000004/create?api-version=7.3
  response:
    body:
      string: '{"key":{"kid":"https://clitest000002.vault.azure.net/keys/rotatekey000004/dc3750d6594142a38c4b53535b16666f","kty":"RSA","key_ops":["encrypt","decrypt","sign","verify","wrapKey","unwrapKey"],"n":"lInAawWIMryXvS3ziwJPCehNJSVD4kWLdkAyB97X4XB9xZGyHumq3rEDhOKb6a1oaPp-Bg3iqtN3C78-GT61fFRrzPTQd74K5Feph5VclEyvZFkNXFUMjIiq1aqYo5y2oNLLPwSh5q0vMweQYvj8mUxbkwUC-mfVx9GiMpm2qGSX-HBVM2IZhSfnNAS22ZFqN-bmTQpM6FxvRMJ5bW99pmUTTPhdjd9cydRw2pJUQ2bhJ6SetSidliVf_87FZ4zs1f-oh729Y58ghiPnh4cUWUSsElmyasWabEudPylzux1i53_keDwilnF_cPExr-Vew-UmSXZ4EiljPsnPWRDqCQ","e":"AQAB"},"attributes":{"enabled":true,"created":1654316773,"updated":1654316773,"recoveryLevel":"CustomizedRecoverable","recoverableDays":7}}'
    headers:
      cache-control:
      - no-cache
      content-length:
      - '683'
      content-type:
      - application/json; charset=utf-8
      date:
      - Sat, 04 Jun 2022 04:26:13 GMT
      expires:
      - '-1'
      pragma:
      - no-cache
      strict-transport-security:
      - max-age=31536000;includeSubDomains
      x-content-type-options:
      - nosniff
      x-ms-keyvault-network-info:
      - conn_type=Ipv4;addr=131.107.8.6;act_addr_fam=InterNetwork;
      x-ms-keyvault-region:
      - westus
      x-ms-keyvault-service-version:
      - 1.9.422.1
    status:
      code: 200
      message: OK
- request:
    body: null
    headers:
      Accept:
      - application/json
      Accept-Encoding:
      - gzip, deflate
      CommandName:
      - acr encryption rotate-key
      Connection:
      - keep-alive
      ParameterSetName:
      - --name --identity --key-encryption-key -g
      User-Agent:
      - AZURECLI/2.37.0 azsdk-python-azure-mgmt-containerregistry/10.0.0 Python/3.8.10
        (Windows-10-10.0.22000-SP0)
    method: GET
    uri: https://management.azure.com/subscriptions/00000000-0000-0000-0000-000000000000/resourceGroups/clitest.rg000001/providers/Microsoft.ContainerRegistry/registries/testreg000006?api-version=2022-02-01-preview
  response:
    body:
      string: '{"sku":{"name":"Premium","tier":"Premium"},"type":"Microsoft.ContainerRegistry/registries","identity":{"type":"userAssigned","userAssignedIdentities":{"/subscriptions/00000000-0000-0000-0000-000000000000/resourcegroups/clitest.rg000001/providers/Microsoft.ManagedIdentity/userAssignedIdentities/testidentity000005":{"principalId":"c6731594-48bb-4691-8644-be90ef1da0ca","clientId":"56e91a2c-f2f9-4d00-bd39-e6f4c29a1cea"}}},"id":"/subscriptions/00000000-0000-0000-0000-000000000000/resourceGroups/clitest.rg000001/providers/Microsoft.ContainerRegistry/registries/testreg000006","name":"testreg000006","location":"westus","tags":{},"systemData":{"createdBy":"mabenedi@microsoft.com","createdByType":"User","createdAt":"2022-06-04T04:25:59.0779083+00:00","lastModifiedBy":"mabenedi@microsoft.com","lastModifiedByType":"User","lastModifiedAt":"2022-06-04T04:25:59.0779083+00:00"},"properties":{"loginServer":"testreg000006.azurecr.io","creationDate":"2022-06-04T04:25:59.0779083Z","provisioningState":"Succeeded","adminUserEnabled":false,"networkRuleSet":{"defaultAction":"Allow","ipRules":[]},"policies":{"quarantinePolicy":{"status":"disabled"},"trustPolicy":{"type":"Notary","status":"disabled"},"retentionPolicy":{"days":7,"lastUpdatedTime":"2022-06-04T04:26:01.8349701+00:00","status":"disabled"},"exportPolicy":{"status":"enabled"},"azureADAuthenticationAsArmPolicy":{"status":"enabled"},"softDeletePolicy":{"retentionDays":7,"lastUpdatedTime":"2022-06-04T04:26:01.8349701+00:00","status":"disabled"}},"encryption":{"status":"enabled","keyVaultProperties":{"keyIdentifier":"https://clitest000002.vault.azure.net/keys/testkey000003/b3b240c287964cf89bc5672d3124e5cc","versionedKeyIdentifier":"https://clitest000002.vault.azure.net/keys/testkey000003/b3b240c287964cf89bc5672d3124e5cc","identity":"56e91a2c-f2f9-4d00-bd39-e6f4c29a1cea","keyRotationEnabled":false}},"dataEndpointEnabled":false,"dataEndpointHostNames":[],"privateEndpointConnections":[],"publicNetworkAccess":"Enabled","networkRuleBypassOptions":"AzureServices","zoneRedundancy":"Disabled","anonymousPullEnabled":false}}'
    headers:
      api-supported-versions:
      - 2022-02-01-preview
      cache-control:
      - no-cache
      content-length:
      - '2082'
      content-type:
      - application/json; charset=utf-8
      date:
      - Sat, 04 Jun 2022 04:26:12 GMT
      expires:
      - '-1'
      pragma:
      - no-cache
      server:
      - Microsoft-HTTPAPI/2.0
      strict-transport-security:
      - max-age=31536000; includeSubDomains
      transfer-encoding:
      - chunked
      vary:
      - Accept-Encoding
      x-content-type-options:
      - nosniff
    status:
      code: 200
      message: OK
- request:
    body: null
    headers:
      Accept:
      - application/json
      Accept-Encoding:
      - gzip, deflate
      CommandName:
      - acr encryption rotate-key
      Connection:
      - keep-alive
      ParameterSetName:
      - --name --identity --key-encryption-key -g
      User-Agent:
      - AZURECLI/2.37.0 azsdk-python-azure-mgmt-msi/6.0.1 Python/3.8.10 (Windows-10-10.0.22000-SP0)
    method: GET
    uri: https://management.azure.com/subscriptions/00000000-0000-0000-0000-000000000000/resourceGroups/clitest.rg000001/providers/Microsoft.ManagedIdentity/userAssignedIdentities/testidentity000005?api-version=2018-11-30
  response:
    body:
      string: '{"id":"/subscriptions/00000000-0000-0000-0000-000000000000/resourcegroups/clitest.rg000001/providers/Microsoft.ManagedIdentity/userAssignedIdentities/testidentity000005","name":"testidentity000005","type":"Microsoft.ManagedIdentity/userAssignedIdentities","location":"westus","tags":{},"properties":{"tenantId":"72f988bf-86f1-41af-91ab-2d7cd011db47","principalId":"c6731594-48bb-4691-8644-be90ef1da0ca","clientId":"56e91a2c-f2f9-4d00-bd39-e6f4c29a1cea"}}'
    headers:
      cache-control:
      - no-cache
      content-length:
      - '454'
      content-type:
      - application/json; charset=utf-8
      date:
      - Sat, 04 Jun 2022 04:26:13 GMT
      expires:
      - '-1'
      pragma:
      - no-cache
      strict-transport-security:
      - max-age=31536000; includeSubDomains
      transfer-encoding:
      - chunked
      vary:
      - Accept-Encoding
      x-content-type-options:
      - nosniff
    status:
      code: 200
      message: OK
- request:
    body: '{"location": "westus", "tags": {}, "sku": {"name": "Premium"}, "identity":
      {"type": "userAssigned", "userAssignedIdentities": {"/subscriptions/00000000-0000-0000-0000-000000000000/resourcegroups/clitest.rg000001/providers/Microsoft.ManagedIdentity/userAssignedIdentities/testidentity000005":
      {"principalId": "c6731594-48bb-4691-8644-be90ef1da0ca", "clientId": "56e91a2c-f2f9-4d00-bd39-e6f4c29a1cea"}}},
      "properties": {"adminUserEnabled": false, "networkRuleSet": {"defaultAction":
      "Allow", "ipRules": []}, "policies": {"quarantinePolicy": {"status": "disabled"},
      "trustPolicy": {"type": "Notary", "status": "disabled"}, "retentionPolicy":
      {"days": 7, "status": "disabled"}, "exportPolicy": {"status": "enabled"}, "azureADAuthenticationAsArmPolicy":
      {"status": "enabled"}, "softDeletePolicy": {"retentionDays": 7, "status": "disabled"}},
      "encryption": {"status": "enabled", "keyVaultProperties": {"keyIdentifier":
      "https://clitest000002.vault.azure.net/keys/rotatekey000004/dc3750d6594142a38c4b53535b16666f",
      "identity": "56e91a2c-f2f9-4d00-bd39-e6f4c29a1cea"}}, "dataEndpointEnabled":
      false, "publicNetworkAccess": "Enabled", "networkRuleBypassOptions": "AzureServices",
      "zoneRedundancy": "Disabled", "anonymousPullEnabled": false}}'
    headers:
      Accept:
      - application/json
      Accept-Encoding:
      - gzip, deflate
      CommandName:
      - acr encryption rotate-key
      Connection:
      - keep-alive
      Content-Length:
      - '1232'
      Content-Type:
      - application/json
      ParameterSetName:
      - --name --identity --key-encryption-key -g
      User-Agent:
      - AZURECLI/2.37.0 azsdk-python-azure-mgmt-containerregistry/10.0.0 Python/3.8.10
        (Windows-10-10.0.22000-SP0)
    method: PATCH
    uri: https://management.azure.com/subscriptions/00000000-0000-0000-0000-000000000000/resourceGroups/clitest.rg000001/providers/Microsoft.ContainerRegistry/registries/testreg000006?api-version=2022-02-01-preview
  response:
    body:
      string: '{"sku":{"name":"Premium","tier":"Premium"},"type":"Microsoft.ContainerRegistry/registries","identity":{"type":"userAssigned","userAssignedIdentities":{"/subscriptions/00000000-0000-0000-0000-000000000000/resourcegroups/clitest.rg000001/providers/Microsoft.ManagedIdentity/userAssignedIdentities/testidentity000005":{"principalId":"c6731594-48bb-4691-8644-be90ef1da0ca","clientId":"56e91a2c-f2f9-4d00-bd39-e6f4c29a1cea"}}},"id":"/subscriptions/00000000-0000-0000-0000-000000000000/resourceGroups/clitest.rg000001/providers/Microsoft.ContainerRegistry/registries/testreg000006","name":"testreg000006","location":"westus","tags":{},"systemData":{"createdBy":"mabenedi@microsoft.com","createdByType":"User","createdAt":"2022-06-04T04:25:59.0779083+00:00","lastModifiedBy":"mabenedi@microsoft.com","lastModifiedByType":"User","lastModifiedAt":"2022-06-04T04:26:14.4575635+00:00"},"properties":{"loginServer":"testreg000006.azurecr.io","creationDate":"2022-06-04T04:25:59.0779083Z","provisioningState":"Updating","adminUserEnabled":false,"networkRuleSet":{"defaultAction":"Allow","ipRules":[]},"policies":{"quarantinePolicy":{"status":"disabled"},"trustPolicy":{"type":"Notary","status":"disabled"},"retentionPolicy":{"days":7,"lastUpdatedTime":"2022-06-04T04:26:15.2741558+00:00","status":"disabled"},"exportPolicy":{"status":"enabled"},"azureADAuthenticationAsArmPolicy":{"status":"enabled"},"softDeletePolicy":{"retentionDays":7,"lastUpdatedTime":"2022-06-04T04:26:15.2741558+00:00","status":"disabled"}},"encryption":{"status":"enabled","keyVaultProperties":{"keyIdentifier":"https://clitest000002.vault.azure.net/keys/testkey000003/b3b240c287964cf89bc5672d3124e5cc","versionedKeyIdentifier":"https://clitest000002.vault.azure.net/keys/testkey000003/b3b240c287964cf89bc5672d3124e5cc","identity":"56e91a2c-f2f9-4d00-bd39-e6f4c29a1cea","keyRotationEnabled":false}},"dataEndpointEnabled":false,"dataEndpointHostNames":[],"privateEndpointConnections":[],"publicNetworkAccess":"Enabled","networkRuleBypassOptions":"AzureServices","zoneRedundancy":"Disabled","anonymousPullEnabled":false}}'
    headers:
      api-supported-versions:
      - 2022-02-01-preview
      azure-asyncoperation:
      - https://management.azure.com/subscriptions/00000000-0000-0000-0000-000000000000/resourceGroups/clitest.rg000001/providers/Microsoft.ContainerRegistry/registries/testreg000006/operationStatuses/registries-77bf18a7-e3be-11ec-87f3-84a93e82798c?api-version=2022-02-01-preview
      cache-control:
      - no-cache
      content-length:
      - '2081'
      content-type:
      - application/json; charset=utf-8
      date:
      - Sat, 04 Jun 2022 04:26:15 GMT
      expires:
      - '-1'
      pragma:
      - no-cache
      server:
      - Microsoft-HTTPAPI/2.0
      strict-transport-security:
      - max-age=31536000; includeSubDomains
      x-content-type-options:
      - nosniff
      x-ms-ratelimit-remaining-subscription-writes:
      - '1198'
    status:
      code: 201
      message: Created
- request:
    body: null
    headers:
      Accept:
      - '*/*'
      Accept-Encoding:
      - gzip, deflate
      CommandName:
      - acr encryption rotate-key
      Connection:
      - keep-alive
      ParameterSetName:
      - --name --identity --key-encryption-key -g
      User-Agent:
      - AZURECLI/2.37.0 azsdk-python-azure-mgmt-containerregistry/10.0.0 Python/3.8.10
        (Windows-10-10.0.22000-SP0)
    method: GET
    uri: https://management.azure.com/subscriptions/00000000-0000-0000-0000-000000000000/resourceGroups/clitest.rg000001/providers/Microsoft.ContainerRegistry/registries/testreg000006/operationStatuses/registries-77bf18a7-e3be-11ec-87f3-84a93e82798c?api-version=2022-02-01-preview
  response:
    body:
      string: '{"status":"Succeeded"}'
    headers:
      api-supported-versions:
      - 2022-02-01-preview
      azure-asyncoperation:
      - https://management.azure.com/subscriptions/00000000-0000-0000-0000-000000000000/resourceGroups/clitest.rg000001/providers/Microsoft.ContainerRegistry/registries/testreg000006/operationStatuses/registries-77bf18a7-e3be-11ec-87f3-84a93e82798c?api-version=2022-02-01-preview
      cache-control:
      - no-cache
      content-length:
      - '22'
      content-type:
      - application/json; charset=utf-8
      date:
      - Sat, 04 Jun 2022 04:26:25 GMT
      expires:
      - '-1'
      pragma:
      - no-cache
      server:
      - Microsoft-HTTPAPI/2.0
      strict-transport-security:
      - max-age=31536000; includeSubDomains
      transfer-encoding:
      - chunked
      vary:
      - Accept-Encoding
      x-content-type-options:
      - nosniff
    status:
      code: 200
      message: OK
- request:
    body: null
    headers:
      Accept:
      - '*/*'
      Accept-Encoding:
      - gzip, deflate
      CommandName:
      - acr encryption rotate-key
      Connection:
      - keep-alive
      ParameterSetName:
      - --name --identity --key-encryption-key -g
      User-Agent:
      - AZURECLI/2.37.0 azsdk-python-azure-mgmt-containerregistry/10.0.0 Python/3.8.10
        (Windows-10-10.0.22000-SP0)
    method: GET
    uri: https://management.azure.com/subscriptions/00000000-0000-0000-0000-000000000000/resourceGroups/clitest.rg000001/providers/Microsoft.ContainerRegistry/registries/testreg000006?api-version=2022-02-01-preview
  response:
    body:
      string: '{"sku":{"name":"Premium","tier":"Premium"},"type":"Microsoft.ContainerRegistry/registries","identity":{"type":"userAssigned","userAssignedIdentities":{"/subscriptions/00000000-0000-0000-0000-000000000000/resourcegroups/clitest.rg000001/providers/Microsoft.ManagedIdentity/userAssignedIdentities/testidentity000005":{"principalId":"c6731594-48bb-4691-8644-be90ef1da0ca","clientId":"56e91a2c-f2f9-4d00-bd39-e6f4c29a1cea"}}},"id":"/subscriptions/00000000-0000-0000-0000-000000000000/resourceGroups/clitest.rg000001/providers/Microsoft.ContainerRegistry/registries/testreg000006","name":"testreg000006","location":"westus","tags":{},"systemData":{"createdBy":"mabenedi@microsoft.com","createdByType":"User","createdAt":"2022-06-04T04:25:59.0779083+00:00","lastModifiedBy":"mabenedi@microsoft.com","lastModifiedByType":"User","lastModifiedAt":"2022-06-04T04:26:14.4575635+00:00"},"properties":{"loginServer":"testreg000006.azurecr.io","creationDate":"2022-06-04T04:25:59.0779083Z","provisioningState":"Succeeded","adminUserEnabled":false,"networkRuleSet":{"defaultAction":"Allow","ipRules":[]},"policies":{"quarantinePolicy":{"status":"disabled"},"trustPolicy":{"type":"Notary","status":"disabled"},"retentionPolicy":{"days":7,"lastUpdatedTime":"2022-06-04T04:26:15.2741558+00:00","status":"disabled"},"exportPolicy":{"status":"enabled"},"azureADAuthenticationAsArmPolicy":{"status":"enabled"},"softDeletePolicy":{"retentionDays":7,"lastUpdatedTime":"2022-06-04T04:26:15.2741558+00:00","status":"disabled"}},"encryption":{"status":"enabled","keyVaultProperties":{"keyIdentifier":"https://clitest000002.vault.azure.net/keys/rotatekey000004/dc3750d6594142a38c4b53535b16666f","versionedKeyIdentifier":"https://clitest000002.vault.azure.net/keys/rotatekey000004/dc3750d6594142a38c4b53535b16666f","identity":"56e91a2c-f2f9-4d00-bd39-e6f4c29a1cea","keyRotationEnabled":false,"lastKeyRotationTimestamp":"2022-06-04T04:26:15.2741558+00:00"}},"dataEndpointEnabled":false,"dataEndpointHostNames":[],"privateEndpointConnections":[],"publicNetworkAccess":"Enabled","networkRuleBypassOptions":"AzureServices","zoneRedundancy":"Disabled","anonymousPullEnabled":false}}'
    headers:
      api-supported-versions:
      - 2022-02-01-preview
      cache-control:
      - no-cache
      content-length:
      - '2149'
      content-type:
      - application/json; charset=utf-8
      date:
      - Sat, 04 Jun 2022 04:26:25 GMT
      expires:
      - '-1'
      pragma:
      - no-cache
      server:
      - Microsoft-HTTPAPI/2.0
      strict-transport-security:
      - max-age=31536000; includeSubDomains
      transfer-encoding:
      - chunked
      vary:
      - Accept-Encoding
      x-content-type-options:
      - nosniff
    status:
      code: 200
      message: OK
- request:
    body: null
    headers:
      Accept:
      - application/json
      Accept-Encoding:
      - gzip, deflate
      CommandName:
      - acr encryption show
      Connection:
      - keep-alive
      ParameterSetName:
      - --name -g
      User-Agent:
      - AZURECLI/2.37.0 azsdk-python-azure-mgmt-containerregistry/10.0.0 Python/3.8.10
        (Windows-10-10.0.22000-SP0)
    method: GET
    uri: https://management.azure.com/subscriptions/00000000-0000-0000-0000-000000000000/resourceGroups/clitest.rg000001/providers/Microsoft.ContainerRegistry/registries/testreg000006?api-version=2022-02-01-preview
  response:
    body:
      string: '{"sku":{"name":"Premium","tier":"Premium"},"type":"Microsoft.ContainerRegistry/registries","identity":{"type":"userAssigned","userAssignedIdentities":{"/subscriptions/00000000-0000-0000-0000-000000000000/resourcegroups/clitest.rg000001/providers/Microsoft.ManagedIdentity/userAssignedIdentities/testidentity000005":{"principalId":"c6731594-48bb-4691-8644-be90ef1da0ca","clientId":"56e91a2c-f2f9-4d00-bd39-e6f4c29a1cea"}}},"id":"/subscriptions/00000000-0000-0000-0000-000000000000/resourceGroups/clitest.rg000001/providers/Microsoft.ContainerRegistry/registries/testreg000006","name":"testreg000006","location":"westus","tags":{},"systemData":{"createdBy":"mabenedi@microsoft.com","createdByType":"User","createdAt":"2022-06-04T04:25:59.0779083+00:00","lastModifiedBy":"mabenedi@microsoft.com","lastModifiedByType":"User","lastModifiedAt":"2022-06-04T04:26:14.4575635+00:00"},"properties":{"loginServer":"testreg000006.azurecr.io","creationDate":"2022-06-04T04:25:59.0779083Z","provisioningState":"Succeeded","adminUserEnabled":false,"networkRuleSet":{"defaultAction":"Allow","ipRules":[]},"policies":{"quarantinePolicy":{"status":"disabled"},"trustPolicy":{"type":"Notary","status":"disabled"},"retentionPolicy":{"days":7,"lastUpdatedTime":"2022-06-04T04:26:15.2741558+00:00","status":"disabled"},"exportPolicy":{"status":"enabled"},"azureADAuthenticationAsArmPolicy":{"status":"enabled"},"softDeletePolicy":{"retentionDays":7,"lastUpdatedTime":"2022-06-04T04:26:15.2741558+00:00","status":"disabled"}},"encryption":{"status":"enabled","keyVaultProperties":{"keyIdentifier":"https://clitest000002.vault.azure.net/keys/rotatekey000004/dc3750d6594142a38c4b53535b16666f","versionedKeyIdentifier":"https://clitest000002.vault.azure.net/keys/rotatekey000004/dc3750d6594142a38c4b53535b16666f","identity":"56e91a2c-f2f9-4d00-bd39-e6f4c29a1cea","keyRotationEnabled":false,"lastKeyRotationTimestamp":"2022-06-04T04:26:15.2741558+00:00"}},"dataEndpointEnabled":false,"dataEndpointHostNames":[],"privateEndpointConnections":[],"publicNetworkAccess":"Enabled","networkRuleBypassOptions":"AzureServices","zoneRedundancy":"Disabled","anonymousPullEnabled":false}}'
    headers:
      api-supported-versions:
      - 2022-02-01-preview
      cache-control:
      - no-cache
      content-length:
      - '2149'
      content-type:
      - application/json; charset=utf-8
      date:
      - Sat, 04 Jun 2022 04:26:25 GMT
      expires:
      - '-1'
      pragma:
      - no-cache
      server:
      - Microsoft-HTTPAPI/2.0
      strict-transport-security:
      - max-age=31536000; includeSubDomains
      transfer-encoding:
      - chunked
      vary:
      - Accept-Encoding
      x-content-type-options:
      - nosniff
    status:
      code: 200
      message: OK
version: 1
