interactions:
- request:
    body: null
    headers:
      Accept:
      - application/json
      Accept-Encoding:
      - gzip, deflate
      CommandName:
      - monitor log-analytics workspace create
      Connection:
      - keep-alive
      ParameterSetName:
      - -g -n
      User-Agent:
      - AZURECLI/2.26.1 azsdk-python-azure-mgmt-resource/18.0.0 Python/3.7.9 (Windows-10-10.0.19041-SP0)
    method: GET
    uri: https://management.azure.com/subscriptions/00000000-0000-0000-0000-000000000000/resourcegroups/clitest.rg000001?api-version=2021-04-01
  response:
    body:
      string: '{"id":"/subscriptions/00000000-0000-0000-0000-000000000000/resourceGroups/clitest.rg000001","name":"clitest.rg000001","type":"Microsoft.Resources/resourceGroups","location":"westus","tags":{"product":"azurecli","cause":"automation","date":"2021-07-30T21:14:54Z"},"properties":{"provisioningState":"Succeeded"}}'
    headers:
      cache-control:
      - no-cache
      content-length:
      - '428'
      content-type:
      - application/json; charset=utf-8
      date:
      - Fri, 30 Jul 2021 21:14:55 GMT
      expires:
      - '-1'
      pragma:
      - no-cache
      strict-transport-security:
      - max-age=31536000; includeSubDomains
      vary:
      - Accept-Encoding
      x-content-type-options:
      - nosniff
    status:
      code: 200
      message: OK
- request:
    body: '{"location": "westus", "properties": {"sku": {"name": "PerGB2018"}, "retentionInDays":
      30, "workspaceCapping": {}}}'
    headers:
      Accept:
      - application/json
      Accept-Encoding:
      - gzip, deflate
      CommandName:
      - monitor log-analytics workspace create
      Connection:
      - keep-alive
      Content-Length:
      - '115'
      Content-Type:
      - application/json
      ParameterSetName:
      - -g -n
      User-Agent:
      - AZURECLI/2.26.1 azsdk-python-mgmt-loganalytics/11.0.0 Python/3.7.9 (Windows-10-10.0.19041-SP0)
    method: PUT
    uri: https://management.azure.com/subscriptions/00000000-0000-0000-0000-000000000000/resourcegroups/clitest.rg000001/providers/Microsoft.OperationalInsights/workspaces/wprkspace000003?api-version=2020-10-01
  response:
    body:
      string: "{\r\n  \"properties\": {\r\n    \"source\": \"Azure\",\r\n    \"customerId\":
        \"a04ffc56-b2ae-4b96-bbcc-3636fb33ccb6\",\r\n    \"provisioningState\": \"Creating\",\r\n
        \   \"sku\": {\r\n      \"name\": \"pergb2018\",\r\n      \"lastSkuUpdate\":
        \"Fri, 30 Jul 2021 21:14:57 GMT\"\r\n    },\r\n    \"retentionInDays\": 30,\r\n
        \   \"features\": {\r\n      \"legacy\": 0,\r\n      \"searchVersion\": 1,\r\n
        \     \"enableLogAccessUsingOnlyResourcePermissions\": true\r\n    },\r\n
        \   \"workspaceCapping\": {\r\n      \"dailyQuotaGb\": -1.0,\r\n      \"quotaNextResetTime\":
        \"Fri, 30 Jul 2021 23:00:00 GMT\",\r\n      \"dataIngestionStatus\": \"RespectQuota\"\r\n
        \   },\r\n    \"publicNetworkAccessForIngestion\": \"Enabled\",\r\n    \"publicNetworkAccessForQuery\":
        \"Enabled\",\r\n    \"createdDate\": \"Fri, 30 Jul 2021 21:14:57 GMT\",\r\n
        \   \"modifiedDate\": \"Fri, 30 Jul 2021 21:14:57 GMT\"\r\n  },\r\n  \"id\":
        \"/subscriptions/00000000-0000-0000-0000-000000000000/resourcegroups/clitest.rg000001/providers/microsoft.operationalinsights/workspaces/wprkspace000003\",\r\n
        \ \"name\": \"wprkspace000003\",\r\n  \"type\": \"Microsoft.OperationalInsights/workspaces\",\r\n
        \ \"location\": \"westus\"\r\n}"
    headers:
      cache-control:
      - no-cache
      content-length:
      - '1133'
      content-type:
      - application/json
      date:
      - Fri, 30 Jul 2021 21:14:58 GMT
      pragma:
      - no-cache
      server:
      - Microsoft-IIS/10.0
      - Microsoft-IIS/10.0
      strict-transport-security:
      - max-age=31536000; includeSubDomains
      x-content-type-options:
      - nosniff
      x-ms-ratelimit-remaining-subscription-writes:
      - '1199'
      x-powered-by:
      - ASP.NET
      - ASP.NET
    status:
      code: 201
      message: Created
- request:
    body: null
    headers:
      Accept:
      - '*/*'
      Accept-Encoding:
      - gzip, deflate
      CommandName:
      - monitor log-analytics workspace create
      Connection:
      - keep-alive
      ParameterSetName:
      - -g -n
      User-Agent:
      - AZURECLI/2.26.1 azsdk-python-mgmt-loganalytics/11.0.0 Python/3.7.9 (Windows-10-10.0.19041-SP0)
    method: GET
    uri: https://management.azure.com/subscriptions/00000000-0000-0000-0000-000000000000/resourcegroups/clitest.rg000001/providers/Microsoft.OperationalInsights/workspaces/wprkspace000003?api-version=2020-10-01
  response:
    body:
      string: "{\r\n  \"properties\": {\r\n    \"source\": \"Azure\",\r\n    \"customerId\":
        \"a04ffc56-b2ae-4b96-bbcc-3636fb33ccb6\",\r\n    \"provisioningState\": \"Succeeded\",\r\n
        \   \"sku\": {\r\n      \"name\": \"pergb2018\",\r\n      \"lastSkuUpdate\":
        \"Fri, 30 Jul 2021 21:14:57 GMT\"\r\n    },\r\n    \"retentionInDays\": 30,\r\n
        \   \"features\": {\r\n      \"legacy\": 0,\r\n      \"searchVersion\": 1,\r\n
        \     \"enableLogAccessUsingOnlyResourcePermissions\": true\r\n    },\r\n
        \   \"workspaceCapping\": {\r\n      \"dailyQuotaGb\": -1.0,\r\n      \"quotaNextResetTime\":
        \"Fri, 30 Jul 2021 23:00:00 GMT\",\r\n      \"dataIngestionStatus\": \"RespectQuota\"\r\n
        \   },\r\n    \"publicNetworkAccessForIngestion\": \"Enabled\",\r\n    \"publicNetworkAccessForQuery\":
        \"Enabled\",\r\n    \"createdDate\": \"Fri, 30 Jul 2021 21:14:57 GMT\",\r\n
        \   \"modifiedDate\": \"Fri, 30 Jul 2021 21:14:58 GMT\"\r\n  },\r\n  \"id\":
        \"/subscriptions/00000000-0000-0000-0000-000000000000/resourcegroups/clitest.rg000001/providers/microsoft.operationalinsights/workspaces/wprkspace000003\",\r\n
        \ \"name\": \"wprkspace000003\",\r\n  \"type\": \"Microsoft.OperationalInsights/workspaces\",\r\n
        \ \"location\": \"westus\"\r\n}"
    headers:
      cache-control:
      - no-cache
      content-length:
      - '1134'
      content-type:
      - application/json
      date:
      - Fri, 30 Jul 2021 21:15:27 GMT
      pragma:
      - no-cache
      server:
      - Microsoft-IIS/10.0
      - Microsoft-IIS/10.0
      strict-transport-security:
      - max-age=31536000; includeSubDomains
      transfer-encoding:
      - chunked
      vary:
      - Accept-Encoding
      x-content-type-options:
      - nosniff
      x-powered-by:
      - ASP.NET
      - ASP.NET
    status:
      code: 200
      message: OK
- request:
    body: null
    headers:
      Accept:
      - application/json
      Accept-Encoding:
      - gzip, deflate
      CommandName:
      - acr create
      Connection:
      - keep-alive
      ParameterSetName:
      - -n -g --sku --workspace
      User-Agent:
      - AZURECLI/2.26.1 azsdk-python-azure-mgmt-resource/18.0.0 Python/3.7.9 (Windows-10-10.0.19041-SP0)
    method: GET
    uri: https://management.azure.com/subscriptions/00000000-0000-0000-0000-000000000000/resourcegroups/clitest.rg000001?api-version=2021-04-01
  response:
    body:
      string: '{"id":"/subscriptions/00000000-0000-0000-0000-000000000000/resourceGroups/clitest.rg000001","name":"clitest.rg000001","type":"Microsoft.Resources/resourceGroups","location":"westus","tags":{"product":"azurecli","cause":"automation","date":"2021-07-30T21:14:54Z"},"properties":{"provisioningState":"Succeeded"}}'
    headers:
      cache-control:
      - no-cache
      content-length:
      - '428'
      content-type:
      - application/json; charset=utf-8
      date:
      - Fri, 30 Jul 2021 21:15:28 GMT
      expires:
      - '-1'
      pragma:
      - no-cache
      strict-transport-security:
      - max-age=31536000; includeSubDomains
      vary:
      - Accept-Encoding
      x-content-type-options:
      - nosniff
    status:
      code: 200
      message: OK
- request:
    body: '{"location": "westus", "sku": {"name": "Basic"}, "properties": {"adminUserEnabled":
      false, "anonymousPullEnabled": false}}'
    headers:
      Accept:
      - application/json
      Accept-Encoding:
      - gzip, deflate
      CommandName:
      - acr create
      Connection:
      - keep-alive
      Content-Length:
      - '122'
      Content-Type:
      - application/json
      ParameterSetName:
      - -n -g --sku --workspace
      User-Agent:
      - AZURECLI/2.26.1 azsdk-python-azure-mgmt-containerregistry/8.1.0 Python/3.7.9
        (Windows-10-10.0.19041-SP0)
    method: PUT
    uri: https://management.azure.com/subscriptions/00000000-0000-0000-0000-000000000000/resourceGroups/clitest.rg000001/providers/Microsoft.ContainerRegistry/registries/clireg000002?api-version=2021-06-01-preview
  response:
    body:
      string: '{"sku":{"name":"Basic","tier":"Basic"},"type":"Microsoft.ContainerRegistry/registries","id":"/subscriptions/00000000-0000-0000-0000-000000000000/resourceGroups/clitest.rg000001/providers/Microsoft.ContainerRegistry/registries/clireg000002","name":"clireg000002","location":"westus","tags":{},"systemData":{"createdBy":"oladewal@microsoft.com","createdByType":"User","createdAt":"2021-07-30T21:15:38.8355326+00:00","lastModifiedBy":"oladewal@microsoft.com","lastModifiedByType":"User","lastModifiedAt":"2021-07-30T21:15:38.8355326+00:00"},"properties":{"loginServer":"clireg000002.azurecr.io","creationDate":"2021-07-30T21:15:38.8355326Z","provisioningState":"Creating","adminUserEnabled":false,"policies":{"quarantinePolicy":{"status":"disabled"},"trustPolicy":{"type":"Notary","status":"disabled"},"retentionPolicy":{"days":7,"lastUpdatedTime":"2021-07-30T21:15:39.8803367+00:00","status":"disabled"},"exportPolicy":{"status":"enabled"}},"encryption":{"status":"disabled"},"dataEndpointEnabled":false,"dataEndpointHostNames":[],"privateEndpointConnections":[],"publicNetworkAccess":"Enabled","networkRuleBypassOptions":"AzureServices","zoneRedundancy":"Disabled","anonymousPullEnabled":false}}'
    headers:
      azure-asyncoperation:
      - https://management.azure.com/subscriptions/00000000-0000-0000-0000-000000000000/resourceGroups/clitest.rg000001/providers/Microsoft.ContainerRegistry/registries/clireg000002/operationStatuses/registries-4404319e-f17b-11eb-865d-5cf370986724?api-version=2021-06-01-preview
      cache-control:
      - no-cache
      content-length:
      - '1277'
      content-type:
      - application/json; charset=utf-8
      date:
      - Fri, 30 Jul 2021 21:15:40 GMT
      expires:
      - '-1'
      pragma:
      - no-cache
      server:
      - Microsoft-HTTPAPI/2.0
      strict-transport-security:
      - max-age=31536000; includeSubDomains
      x-content-type-options:
      - nosniff
      x-ms-ratelimit-remaining-subscription-writes:
      - '1199'
    status:
      code: 201
      message: Created
- request:
    body: null
    headers:
      Accept:
      - '*/*'
      Accept-Encoding:
      - gzip, deflate
      CommandName:
      - acr create
      Connection:
      - keep-alive
      ParameterSetName:
      - -n -g --sku --workspace
      User-Agent:
      - AZURECLI/2.26.1 azsdk-python-azure-mgmt-containerregistry/8.1.0 Python/3.7.9
        (Windows-10-10.0.19041-SP0)
    method: GET
    uri: https://management.azure.com/subscriptions/00000000-0000-0000-0000-000000000000/resourceGroups/clitest.rg000001/providers/Microsoft.ContainerRegistry/registries/clireg000002/operationStatuses/registries-4404319e-f17b-11eb-865d-5cf370986724?api-version=2021-06-01-preview
  response:
    body:
      string: '{"status":"Succeeded"}'
    headers:
      azure-asyncoperation:
      - https://management.azure.com/subscriptions/00000000-0000-0000-0000-000000000000/resourceGroups/clitest.rg000001/providers/Microsoft.ContainerRegistry/registries/clireg000002/operationStatuses/registries-4404319e-f17b-11eb-865d-5cf370986724?api-version=2021-06-01-preview
      cache-control:
      - no-cache
      content-length:
      - '22'
      content-type:
      - application/json; charset=utf-8
      date:
      - Fri, 30 Jul 2021 21:15:50 GMT
      expires:
      - '-1'
      pragma:
      - no-cache
      server:
      - Microsoft-HTTPAPI/2.0
      strict-transport-security:
      - max-age=31536000; includeSubDomains
      transfer-encoding:
      - chunked
      vary:
      - Accept-Encoding
      x-content-type-options:
      - nosniff
    status:
      code: 200
      message: OK
- request:
    body: null
    headers:
      Accept:
      - '*/*'
      Accept-Encoding:
      - gzip, deflate
      CommandName:
      - acr create
      Connection:
      - keep-alive
      ParameterSetName:
      - -n -g --sku --workspace
      User-Agent:
      - AZURECLI/2.26.1 azsdk-python-azure-mgmt-containerregistry/8.1.0 Python/3.7.9
        (Windows-10-10.0.19041-SP0)
    method: GET
    uri: https://management.azure.com/subscriptions/00000000-0000-0000-0000-000000000000/resourceGroups/clitest.rg000001/providers/Microsoft.ContainerRegistry/registries/clireg000002?api-version=2021-06-01-preview
  response:
    body:
      string: '{"sku":{"name":"Basic","tier":"Basic"},"type":"Microsoft.ContainerRegistry/registries","id":"/subscriptions/00000000-0000-0000-0000-000000000000/resourceGroups/clitest.rg000001/providers/Microsoft.ContainerRegistry/registries/clireg000002","name":"clireg000002","location":"westus","tags":{},"systemData":{"createdBy":"oladewal@microsoft.com","createdByType":"User","createdAt":"2021-07-30T21:15:38.8355326+00:00","lastModifiedBy":"oladewal@microsoft.com","lastModifiedByType":"User","lastModifiedAt":"2021-07-30T21:15:38.8355326+00:00"},"properties":{"loginServer":"clireg000002.azurecr.io","creationDate":"2021-07-30T21:15:38.8355326Z","provisioningState":"Succeeded","adminUserEnabled":false,"policies":{"quarantinePolicy":{"status":"disabled"},"trustPolicy":{"type":"Notary","status":"disabled"},"retentionPolicy":{"days":7,"lastUpdatedTime":"2021-07-30T21:15:39.8803367+00:00","status":"disabled"},"exportPolicy":{"status":"enabled"}},"encryption":{"status":"disabled"},"dataEndpointEnabled":false,"dataEndpointHostNames":[],"privateEndpointConnections":[],"publicNetworkAccess":"Enabled","networkRuleBypassOptions":"AzureServices","zoneRedundancy":"Disabled","anonymousPullEnabled":false}}'
    headers:
      cache-control:
      - no-cache
      content-length:
      - '1278'
      content-type:
      - application/json; charset=utf-8
      date:
      - Fri, 30 Jul 2021 21:15:50 GMT
      expires:
      - '-1'
      pragma:
      - no-cache
      server:
      - Microsoft-HTTPAPI/2.0
      strict-transport-security:
      - max-age=31536000; includeSubDomains
      transfer-encoding:
      - chunked
      vary:
      - Accept-Encoding
      x-content-type-options:
      - nosniff
    status:
      code: 200
      message: OK
- request:
    body: '{"properties": {"metrics": [{"category": "AllMetrics", "enabled": true,
      "retentionPolicy": {"enabled": true, "days": 0}}], "logs": [{"category": "ContainerRegistryRepositoryEvents",
      "enabled": true, "retentionPolicy": {"enabled": true, "days": 0}}, {"category":
      "ContainerRegistryLoginEvents", "enabled": true, "retentionPolicy": {"enabled":
      true, "days": 0}}], "workspaceId": "/subscriptions/00000000-0000-0000-0000-000000000000/resourceGroups/clitest.rg000001/providers/microsoft.OperationalInsights/workspaces/wprkspace000003"}}'
    headers:
      Accept:
      - application/json
      Accept-Encoding:
      - gzip, deflate
      CommandName:
      - acr create
      Connection:
      - keep-alive
      Content-Length:
      - '595'
      Content-Type:
      - application/json
      ParameterSetName:
      - -n -g --sku --workspace
      User-Agent:
      - AZURECLI/2.26.1 azsdk-python-azure-mgmt-monitor/2.0.0 Python/3.7.9 (Windows-10-10.0.19041-SP0)
    method: PUT
    uri: https://management.azure.com/subscriptions/00000000-0000-0000-0000-000000000000/resourceGroups/clitest.rg000001/providers/Microsoft.ContainerRegistry/registries/clireg000002/providers/microsoft.insights/diagnosticSettings/clireg000002-diagnostic-settings?api-version=2017-05-01-preview
  response:
    body:
      string: '{"id":"/subscriptions/00000000-0000-0000-0000-000000000000/resourcegroups/clitest.rg000001/providers/microsoft.containerregistry/registries/clireg000002/providers/microsoft.insights/diagnosticSettings/clireg000002-diagnostic-settings","type":"Microsoft.Insights/diagnosticSettings","name":"clireg000002-diagnostic-settings","location":null,"kind":null,"tags":null,"properties":{"storageAccountId":null,"serviceBusRuleId":null,"workspaceId":"/subscriptions/00000000-0000-0000-0000-000000000000/resourceGroups/clitest.rg000001/providers/microsoft.OperationalInsights/workspaces/wprkspace000003","eventHubAuthorizationRuleId":null,"eventHubName":null,"metrics":[{"timeGrain":"PT1M","category":"AllMetrics","enabled":true,"retentionPolicy":{"enabled":true,"days":0}}],"logs":[{"category":"ContainerRegistryRepositoryEvents","categoryGroup":null,"enabled":true,"retentionPolicy":{"enabled":true,"days":0}},{"category":"ContainerRegistryLoginEvents","categoryGroup":null,"enabled":true,"retentionPolicy":{"enabled":true,"days":0}}],"logAnalyticsDestinationType":null},"identity":null}'
    headers:
      cache-control:
      - no-cache
      content-length:
      - '1225'
      content-type:
      - application/json; charset=utf-8
      date:
      - Fri, 30 Jul 2021 21:15:53 GMT
      expires:
      - '-1'
      pragma:
      - no-cache
      server:
      - Microsoft-IIS/10.0
      strict-transport-security:
      - max-age=31536000; includeSubDomains
      transfer-encoding:
      - chunked
      vary:
      - Accept-Encoding
      x-content-type-options:
      - nosniff
      x-ms-ratelimit-remaining-subscription-resource-requests:
      - '149'
    status:
      code: 200
      message: OK
- request:
    body: null
    headers:
      Accept:
      - application/json
      Accept-Encoding:
      - gzip, deflate
      CommandName:
      - monitor diagnostic-settings show
      Connection:
      - keep-alive
      ParameterSetName:
      - -g --resource -n
      User-Agent:
      - AZURECLI/2.26.1 azsdk-python-azure-mgmt-monitor/2.0.0 Python/3.7.9 (Windows-10-10.0.19041-SP0)
    method: GET
    uri: https://management.azure.com/subscriptions/00000000-0000-0000-0000-000000000000/resourceGroups/clitest.rg000001/providers/Microsoft.ContainerRegistry/registries/clireg000002/providers/microsoft.insights/diagnosticSettings/clireg000002-diagnostic-settings?api-version=2017-05-01-preview
  response:
    body:
      string: '{"id":"/subscriptions/00000000-0000-0000-0000-000000000000/resourcegroups/clitest.rg000001/providers/microsoft.containerregistry/registries/clireg000002/providers/microsoft.insights/diagnosticSettings/clireg000002-diagnostic-settings","type":"Microsoft.Insights/diagnosticSettings","name":"clireg000002-diagnostic-settings","location":null,"kind":null,"tags":null,"properties":{"storageAccountId":null,"serviceBusRuleId":null,"workspaceId":"/subscriptions/00000000-0000-0000-0000-000000000000/resourceGroups/clitest.rg000001/providers/microsoft.OperationalInsights/workspaces/wprkspace000003","eventHubAuthorizationRuleId":null,"eventHubName":null,"metrics":[{"category":"AllMetrics","enabled":true,"retentionPolicy":{"enabled":true,"days":0}}],"logs":[{"category":"ContainerRegistryRepositoryEvents","categoryGroup":null,"enabled":true,"retentionPolicy":{"enabled":true,"days":0}},{"category":"ContainerRegistryLoginEvents","categoryGroup":null,"enabled":true,"retentionPolicy":{"enabled":true,"days":0}}],"logAnalyticsDestinationType":null},"identity":null}'
    headers:
      cache-control:
      - no-cache
      content-length:
      - '1206'
      content-type:
      - application/json; charset=utf-8
      date:
      - Fri, 30 Jul 2021 21:15:54 GMT
      expires:
      - '-1'
      pragma:
      - no-cache
      server:
      - Microsoft-IIS/10.0
      strict-transport-security:
      - max-age=31536000; includeSubDomains
      transfer-encoding:
      - chunked
      vary:
      - Accept-Encoding
      x-content-type-options:
      - nosniff
    status:
      code: 200
      message: OK
version: 1
