interactions:
- request:
    body: null
    headers:
      Accept:
      - application/json
      Accept-Encoding:
      - gzip, deflate
      CommandName:
      - acr create
      Connection:
      - keep-alive
      ParameterSetName:
      - --name --resource-group --sku
      User-Agent:
      - AZURECLI/2.45.0 azsdk-python-azure-mgmt-resource/22.0.0 Python/3.10.9 (Linux-5.15.0-1031-azure-x86_64-with-glibc2.31)
        VSTS_7b238909-6802-4b65-b90d-184bca47f458_build_220_0
    method: GET
    uri: https://management.azure.com/subscriptions/00000000-0000-0000-0000-000000000000/resourcegroups/clitest.rg000001?api-version=2022-09-01
  response:
    body:
      string: '{"id":"/subscriptions/00000000-0000-0000-0000-000000000000/resourceGroups/clitest.rg000001","name":"clitest.rg000001","type":"Microsoft.Resources/resourceGroups","location":"eastus","tags":{"product":"azurecli","cause":"automation","date":"2023-02-07T15:39:50Z"},"properties":{"provisioningState":"Succeeded"}}'
    headers:
      cache-control:
      - no-cache
      content-length:
      - '310'
      content-type:
      - application/json; charset=utf-8
      date:
      - Tue, 07 Feb 2023 15:39:52 GMT
      expires:
      - '-1'
      pragma:
      - no-cache
      strict-transport-security:
      - max-age=31536000; includeSubDomains
      x-content-type-options:
      - nosniff
    status:
      code: 200
      message: OK
- request:
    body: '{"location": "eastus", "sku": {"name": "Premium"}, "properties": {"adminUserEnabled":
      false, "anonymousPullEnabled": false}}'
    headers:
      Accept:
      - application/json
      Accept-Encoding:
      - gzip, deflate
      CommandName:
      - acr create
      Connection:
      - keep-alive
      Content-Length:
      - '124'
      Content-Type:
      - application/json
      ParameterSetName:
      - --name --resource-group --sku
      User-Agent:
      - AZURECLI/2.45.0 azsdk-python-azure-mgmt-containerregistry/10.0.0 Python/3.10.9
        (Linux-5.15.0-1031-azure-x86_64-with-glibc2.31) VSTS_7b238909-6802-4b65-b90d-184bca47f458_build_220_0
    method: PUT
    uri: https://management.azure.com/subscriptions/00000000-0000-0000-0000-000000000000/resourceGroups/clitest.rg000001/providers/Microsoft.ContainerRegistry/registries/testreg000002?api-version=2022-02-01-preview
  response:
    body:
      string: '{"sku":{"name":"Premium","tier":"Premium"},"type":"Microsoft.ContainerRegistry/registries","id":"/subscriptions/00000000-0000-0000-0000-000000000000/resourceGroups/clitest.rg000001/providers/Microsoft.ContainerRegistry/registries/testreg000002","name":"testreg000002","location":"eastus","tags":{},"systemData":{"createdBy":"azureclilivetest@azuresdkteam.onmicrosoft.com","createdByType":"User","createdAt":"2023-02-07T15:39:53.3578849+00:00","lastModifiedBy":"azureclilivetest@azuresdkteam.onmicrosoft.com","lastModifiedByType":"User","lastModifiedAt":"2023-02-07T15:39:53.3578849+00:00"},"properties":{"loginServer":"testreg000002.azurecr.io","creationDate":"2023-02-07T15:39:53.3578849Z","provisioningState":"Creating","adminUserEnabled":false,"networkRuleSet":{"defaultAction":"Allow","ipRules":[]},"policies":{"quarantinePolicy":{"status":"disabled"},"trustPolicy":{"type":"Notary","status":"disabled"},"retentionPolicy":{"days":7,"lastUpdatedTime":"2023-02-07T15:40:03.4468119+00:00","status":"disabled"},"exportPolicy":{"status":"enabled"},"azureADAuthenticationAsArmPolicy":{"status":"enabled"},"softDeletePolicy":{"retentionDays":7,"lastUpdatedTime":"2023-02-07T15:40:03.4468119+00:00","status":"disabled"}},"encryption":{"status":"disabled"},"dataEndpointEnabled":false,"dataEndpointHostNames":[],"privateEndpointConnections":[],"publicNetworkAccess":"Enabled","networkRuleBypassOptions":"AzureServices","zoneRedundancy":"Disabled","anonymousPullEnabled":false}}'
    headers:
      api-supported-versions:
      - 2022-02-01-preview
      azure-asyncoperation:
      - https://management.azure.com/subscriptions/00000000-0000-0000-0000-000000000000/resourceGroups/clitest.rg000001/providers/Microsoft.ContainerRegistry/registries/testreg000002/operationStatuses/registries-a8d8abe5-a6fd-11ed-b7cd-3b8a2dd05908?api-version=2022-02-01-preview
      cache-control:
      - no-cache
      content-length:
      - '1472'
      content-type:
      - application/json; charset=utf-8
      date:
      - Tue, 07 Feb 2023 15:40:03 GMT
      expires:
      - '-1'
      pragma:
      - no-cache
      server:
      - Microsoft-HTTPAPI/2.0
      strict-transport-security:
      - max-age=31536000; includeSubDomains
      x-content-type-options:
      - nosniff
      x-ms-ratelimit-remaining-subscription-writes:
      - '1199'
    status:
      code: 201
      message: Created
- request:
    body: null
    headers:
      Accept:
      - '*/*'
      Accept-Encoding:
      - gzip, deflate
      CommandName:
      - acr create
      Connection:
      - keep-alive
      ParameterSetName:
      - --name --resource-group --sku
      User-Agent:
      - AZURECLI/2.45.0 azsdk-python-azure-mgmt-containerregistry/10.0.0 Python/3.10.9
        (Linux-5.15.0-1031-azure-x86_64-with-glibc2.31) VSTS_7b238909-6802-4b65-b90d-184bca47f458_build_220_0
    method: GET
    uri: https://management.azure.com/subscriptions/00000000-0000-0000-0000-000000000000/resourceGroups/clitest.rg000001/providers/Microsoft.ContainerRegistry/registries/testreg000002/operationStatuses/registries-a8d8abe5-a6fd-11ed-b7cd-3b8a2dd05908?api-version=2022-02-01-preview
  response:
    body:
      string: '{"status":"Succeeded"}'
    headers:
      api-supported-versions:
      - 2022-02-01-preview
      azure-asyncoperation:
      - https://management.azure.com/subscriptions/00000000-0000-0000-0000-000000000000/resourceGroups/clitest.rg000001/providers/Microsoft.ContainerRegistry/registries/testreg000002/operationStatuses/registries-a8d8abe5-a6fd-11ed-b7cd-3b8a2dd05908?api-version=2022-02-01-preview
      cache-control:
      - no-cache
      content-length:
      - '22'
      content-type:
      - application/json; charset=utf-8
      date:
      - Tue, 07 Feb 2023 15:40:13 GMT
      expires:
      - '-1'
      pragma:
      - no-cache
      server:
      - Microsoft-HTTPAPI/2.0
      strict-transport-security:
      - max-age=31536000; includeSubDomains
      transfer-encoding:
      - chunked
      vary:
      - Accept-Encoding
      x-content-type-options:
      - nosniff
    status:
      code: 200
      message: OK
- request:
    body: null
    headers:
      Accept:
      - '*/*'
      Accept-Encoding:
      - gzip, deflate
      CommandName:
      - acr create
      Connection:
      - keep-alive
      ParameterSetName:
      - --name --resource-group --sku
      User-Agent:
      - AZURECLI/2.45.0 azsdk-python-azure-mgmt-containerregistry/10.0.0 Python/3.10.9
        (Linux-5.15.0-1031-azure-x86_64-with-glibc2.31) VSTS_7b238909-6802-4b65-b90d-184bca47f458_build_220_0
    method: GET
    uri: https://management.azure.com/subscriptions/00000000-0000-0000-0000-000000000000/resourceGroups/clitest.rg000001/providers/Microsoft.ContainerRegistry/registries/testreg000002?api-version=2022-02-01-preview
  response:
    body:
      string: '{"sku":{"name":"Premium","tier":"Premium"},"type":"Microsoft.ContainerRegistry/registries","id":"/subscriptions/00000000-0000-0000-0000-000000000000/resourceGroups/clitest.rg000001/providers/Microsoft.ContainerRegistry/registries/testreg000002","name":"testreg000002","location":"eastus","tags":{},"systemData":{"createdBy":"azureclilivetest@azuresdkteam.onmicrosoft.com","createdByType":"User","createdAt":"2023-02-07T15:39:53.3578849+00:00","lastModifiedBy":"azureclilivetest@azuresdkteam.onmicrosoft.com","lastModifiedByType":"User","lastModifiedAt":"2023-02-07T15:39:53.3578849+00:00"},"properties":{"loginServer":"testreg000002.azurecr.io","creationDate":"2023-02-07T15:39:53.3578849Z","provisioningState":"Succeeded","adminUserEnabled":false,"networkRuleSet":{"defaultAction":"Allow","ipRules":[]},"policies":{"quarantinePolicy":{"status":"disabled"},"trustPolicy":{"type":"Notary","status":"disabled"},"retentionPolicy":{"days":7,"lastUpdatedTime":"2023-02-07T15:40:03.4468119+00:00","status":"disabled"},"exportPolicy":{"status":"enabled"},"azureADAuthenticationAsArmPolicy":{"status":"enabled"},"softDeletePolicy":{"retentionDays":7,"lastUpdatedTime":"2023-02-07T15:40:03.4468119+00:00","status":"disabled"}},"encryption":{"status":"disabled"},"dataEndpointEnabled":false,"dataEndpointHostNames":[],"privateEndpointConnections":[],"publicNetworkAccess":"Enabled","networkRuleBypassOptions":"AzureServices","zoneRedundancy":"Disabled","anonymousPullEnabled":false}}'
    headers:
      api-supported-versions:
      - 2022-02-01-preview
      cache-control:
      - no-cache
      content-length:
      - '1473'
      content-type:
      - application/json; charset=utf-8
      date:
      - Tue, 07 Feb 2023 15:40:13 GMT
      expires:
      - '-1'
      pragma:
      - no-cache
      server:
      - Microsoft-HTTPAPI/2.0
      strict-transport-security:
      - max-age=31536000; includeSubDomains
      transfer-encoding:
      - chunked
      vary:
      - Accept-Encoding
      x-content-type-options:
      - nosniff
    status:
      code: 200
      message: OK
- request:
    body: null
    headers:
      Accept:
      - application/json
      Accept-Encoding:
      - gzip, deflate
      CommandName:
      - acr create
      Connection:
      - keep-alive
      ParameterSetName:
      - --name --resource-group --sku --zone-redundancy
      User-Agent:
      - AZURECLI/2.45.0 azsdk-python-azure-mgmt-resource/22.0.0 Python/3.10.9 (Linux-5.15.0-1031-azure-x86_64-with-glibc2.31)
        VSTS_7b238909-6802-4b65-b90d-184bca47f458_build_220_0
    method: GET
    uri: https://management.azure.com/subscriptions/00000000-0000-0000-0000-000000000000/resourcegroups/clitest.rg000001?api-version=2022-09-01
  response:
    body:
      string: '{"id":"/subscriptions/00000000-0000-0000-0000-000000000000/resourceGroups/clitest.rg000001","name":"clitest.rg000001","type":"Microsoft.Resources/resourceGroups","location":"eastus","tags":{"product":"azurecli","cause":"automation","date":"2023-02-07T15:39:50Z"},"properties":{"provisioningState":"Succeeded"}}'
    headers:
      cache-control:
      - no-cache
      content-length:
      - '310'
      content-type:
      - application/json; charset=utf-8
      date:
      - Tue, 07 Feb 2023 15:40:14 GMT
      expires:
      - '-1'
      pragma:
      - no-cache
      strict-transport-security:
      - max-age=31536000; includeSubDomains
      vary:
      - Accept-Encoding
      x-content-type-options:
      - nosniff
    status:
      code: 200
      message: OK
- request:
    body: '{"location": "eastus", "sku": {"name": "Premium"}, "properties": {"adminUserEnabled":
      false, "zoneRedundancy": "Enabled", "anonymousPullEnabled": false}}'
    headers:
      Accept:
      - application/json
      Accept-Encoding:
      - gzip, deflate
      CommandName:
      - acr create
      Connection:
      - keep-alive
      Content-Length:
      - '153'
      Content-Type:
      - application/json
      ParameterSetName:
      - --name --resource-group --sku --zone-redundancy
      User-Agent:
      - AZURECLI/2.45.0 azsdk-python-azure-mgmt-containerregistry/10.0.0 Python/3.10.9
        (Linux-5.15.0-1031-azure-x86_64-with-glibc2.31) VSTS_7b238909-6802-4b65-b90d-184bca47f458_build_220_0
    method: PUT
    uri: https://management.azure.com/subscriptions/00000000-0000-0000-0000-000000000000/resourceGroups/clitest.rg000001/providers/Microsoft.ContainerRegistry/registries/testreg2000003?api-version=2022-02-01-preview
  response:
    body:
      string: '{"sku":{"name":"Premium","tier":"Premium"},"type":"Microsoft.ContainerRegistry/registries","id":"/subscriptions/00000000-0000-0000-0000-000000000000/resourceGroups/clitest.rg000001/providers/Microsoft.ContainerRegistry/registries/testreg2000003","name":"testreg2000003","location":"eastus","tags":{},"systemData":{"createdBy":"azureclilivetest@azuresdkteam.onmicrosoft.com","createdByType":"User","createdAt":"2023-02-07T15:40:15.087518+00:00","lastModifiedBy":"azureclilivetest@azuresdkteam.onmicrosoft.com","lastModifiedByType":"User","lastModifiedAt":"2023-02-07T15:40:15.087518+00:00"},"properties":{"loginServer":"testreg2000003.azurecr.io","creationDate":"2023-02-07T15:40:15.087518Z","provisioningState":"Creating","adminUserEnabled":false,"networkRuleSet":{"defaultAction":"Allow","ipRules":[]},"policies":{"quarantinePolicy":{"status":"disabled"},"trustPolicy":{"type":"Notary","status":"disabled"},"retentionPolicy":{"days":7,"lastUpdatedTime":"2023-02-07T15:40:17.1241417+00:00","status":"disabled"},"exportPolicy":{"status":"enabled"},"azureADAuthenticationAsArmPolicy":{"status":"enabled"},"softDeletePolicy":{"retentionDays":7,"lastUpdatedTime":"2023-02-07T15:40:17.1241417+00:00","status":"disabled"}},"encryption":{"status":"disabled"},"dataEndpointEnabled":false,"dataEndpointHostNames":[],"privateEndpointConnections":[],"publicNetworkAccess":"Enabled","networkRuleBypassOptions":"AzureServices","zoneRedundancy":"Enabled","anonymousPullEnabled":false}}'
    headers:
      api-supported-versions:
      - 2022-02-01-preview
      azure-asyncoperation:
      - https://management.azure.com/subscriptions/00000000-0000-0000-0000-000000000000/resourceGroups/clitest.rg000001/providers/Microsoft.ContainerRegistry/registries/testreg2000003/operationStatuses/registries-b6e4aee0-a6fd-11ed-b7cd-3b8a2dd05908?api-version=2022-02-01-preview
      cache-control:
      - no-cache
      content-length:
      - '1471'
      content-type:
      - application/json; charset=utf-8
      date:
      - Tue, 07 Feb 2023 15:40:16 GMT
      expires:
      - '-1'
      pragma:
      - no-cache
      server:
      - Microsoft-HTTPAPI/2.0
      strict-transport-security:
      - max-age=31536000; includeSubDomains
      x-content-type-options:
      - nosniff
      x-ms-ratelimit-remaining-subscription-writes:
      - '1193'
    status:
      code: 201
      message: Created
- request:
    body: null
    headers:
      Accept:
      - '*/*'
      Accept-Encoding:
      - gzip, deflate
      CommandName:
      - acr create
      Connection:
      - keep-alive
      ParameterSetName:
      - --name --resource-group --sku --zone-redundancy
      User-Agent:
      - AZURECLI/2.45.0 azsdk-python-azure-mgmt-containerregistry/10.0.0 Python/3.10.9
        (Linux-5.15.0-1031-azure-x86_64-with-glibc2.31) VSTS_7b238909-6802-4b65-b90d-184bca47f458_build_220_0
    method: GET
    uri: https://management.azure.com/subscriptions/00000000-0000-0000-0000-000000000000/resourceGroups/clitest.rg000001/providers/Microsoft.ContainerRegistry/registries/testreg2000003/operationStatuses/registries-b6e4aee0-a6fd-11ed-b7cd-3b8a2dd05908?api-version=2022-02-01-preview
  response:
    body:
      string: '{"status":"Creating"}'
    headers:
      api-supported-versions:
      - 2022-02-01-preview
      azure-asyncoperation:
      - https://management.azure.com/subscriptions/00000000-0000-0000-0000-000000000000/resourceGroups/clitest.rg000001/providers/Microsoft.ContainerRegistry/registries/testreg2000003/operationStatuses/registries-b6e4aee0-a6fd-11ed-b7cd-3b8a2dd05908?api-version=2022-02-01-preview
      cache-control:
      - no-cache
      content-length:
      - '21'
      content-type:
      - application/json; charset=utf-8
      date:
      - Tue, 07 Feb 2023 15:40:27 GMT
      expires:
      - '-1'
      pragma:
      - no-cache
      server:
      - Microsoft-HTTPAPI/2.0
      strict-transport-security:
      - max-age=31536000; includeSubDomains
      transfer-encoding:
      - chunked
      vary:
      - Accept-Encoding
      x-content-type-options:
      - nosniff
    status:
      code: 200
      message: OK
- request:
    body: null
    headers:
      Accept:
      - '*/*'
      Accept-Encoding:
      - gzip, deflate
      CommandName:
      - acr create
      Connection:
      - keep-alive
      ParameterSetName:
      - --name --resource-group --sku --zone-redundancy
      User-Agent:
      - AZURECLI/2.45.0 azsdk-python-azure-mgmt-containerregistry/10.0.0 Python/3.10.9
        (Linux-5.15.0-1031-azure-x86_64-with-glibc2.31) VSTS_7b238909-6802-4b65-b90d-184bca47f458_build_220_0
    method: GET
    uri: https://management.azure.com/subscriptions/00000000-0000-0000-0000-000000000000/resourceGroups/clitest.rg000001/providers/Microsoft.ContainerRegistry/registries/testreg2000003/operationStatuses/registries-b6e4aee0-a6fd-11ed-b7cd-3b8a2dd05908?api-version=2022-02-01-preview
  response:
    body:
      string: '{"status":"Succeeded"}'
    headers:
      api-supported-versions:
      - 2022-02-01-preview
      azure-asyncoperation:
      - https://management.azure.com/subscriptions/00000000-0000-0000-0000-000000000000/resourceGroups/clitest.rg000001/providers/Microsoft.ContainerRegistry/registries/testreg2000003/operationStatuses/registries-b6e4aee0-a6fd-11ed-b7cd-3b8a2dd05908?api-version=2022-02-01-preview
      cache-control:
      - no-cache
      content-length:
      - '22'
      content-type:
      - application/json; charset=utf-8
      date:
      - Tue, 07 Feb 2023 15:40:37 GMT
      expires:
      - '-1'
      pragma:
      - no-cache
      server:
      - Microsoft-HTTPAPI/2.0
      strict-transport-security:
      - max-age=31536000; includeSubDomains
      transfer-encoding:
      - chunked
      vary:
      - Accept-Encoding
      x-content-type-options:
      - nosniff
    status:
      code: 200
      message: OK
- request:
    body: null
    headers:
      Accept:
      - '*/*'
      Accept-Encoding:
      - gzip, deflate
      CommandName:
      - acr create
      Connection:
      - keep-alive
      ParameterSetName:
      - --name --resource-group --sku --zone-redundancy
      User-Agent:
      - AZURECLI/2.45.0 azsdk-python-azure-mgmt-containerregistry/10.0.0 Python/3.10.9
        (Linux-5.15.0-1031-azure-x86_64-with-glibc2.31) VSTS_7b238909-6802-4b65-b90d-184bca47f458_build_220_0
    method: GET
    uri: https://management.azure.com/subscriptions/00000000-0000-0000-0000-000000000000/resourceGroups/clitest.rg000001/providers/Microsoft.ContainerRegistry/registries/testreg2000003?api-version=2022-02-01-preview
  response:
    body:
      string: '{"sku":{"name":"Premium","tier":"Premium"},"type":"Microsoft.ContainerRegistry/registries","id":"/subscriptions/00000000-0000-0000-0000-000000000000/resourceGroups/clitest.rg000001/providers/Microsoft.ContainerRegistry/registries/testreg2000003","name":"testreg2000003","location":"eastus","tags":{},"systemData":{"createdBy":"azureclilivetest@azuresdkteam.onmicrosoft.com","createdByType":"User","createdAt":"2023-02-07T15:40:15.087518+00:00","lastModifiedBy":"azureclilivetest@azuresdkteam.onmicrosoft.com","lastModifiedByType":"User","lastModifiedAt":"2023-02-07T15:40:15.087518+00:00"},"properties":{"loginServer":"testreg2000003.azurecr.io","creationDate":"2023-02-07T15:40:15.087518Z","provisioningState":"Succeeded","adminUserEnabled":false,"networkRuleSet":{"defaultAction":"Allow","ipRules":[]},"policies":{"quarantinePolicy":{"status":"disabled"},"trustPolicy":{"type":"Notary","status":"disabled"},"retentionPolicy":{"days":7,"lastUpdatedTime":"2023-02-07T15:40:17.1241417+00:00","status":"disabled"},"exportPolicy":{"status":"enabled"},"azureADAuthenticationAsArmPolicy":{"status":"enabled"},"softDeletePolicy":{"retentionDays":7,"lastUpdatedTime":"2023-02-07T15:40:17.1241417+00:00","status":"disabled"}},"encryption":{"status":"disabled"},"dataEndpointEnabled":false,"dataEndpointHostNames":[],"privateEndpointConnections":[],"publicNetworkAccess":"Enabled","networkRuleBypassOptions":"AzureServices","zoneRedundancy":"Enabled","anonymousPullEnabled":false}}'
    headers:
      api-supported-versions:
      - 2022-02-01-preview
      cache-control:
      - no-cache
      content-length:
      - '1472'
      content-type:
      - application/json; charset=utf-8
      date:
      - Tue, 07 Feb 2023 15:40:37 GMT
      expires:
      - '-1'
      pragma:
      - no-cache
      server:
      - Microsoft-HTTPAPI/2.0
      strict-transport-security:
      - max-age=31536000; includeSubDomains
      transfer-encoding:
      - chunked
      vary:
      - Accept-Encoding
      x-content-type-options:
      - nosniff
    status:
      code: 200
      message: OK
- request:
    body: null
    headers:
      Accept:
      - application/json
      Accept-Encoding:
      - gzip, deflate
      CommandName:
      - acr replication show
      Connection:
      - keep-alive
      ParameterSetName:
      - --name --registry --resource-group
      User-Agent:
      - AZURECLI/2.45.0 azsdk-python-azure-mgmt-containerregistry/10.0.0 Python/3.10.9
        (Linux-5.15.0-1031-azure-x86_64-with-glibc2.31) VSTS_7b238909-6802-4b65-b90d-184bca47f458_build_220_0
    method: GET
    uri: https://management.azure.com/subscriptions/00000000-0000-0000-0000-000000000000/resourceGroups/clitest.rg000001/providers/Microsoft.ContainerRegistry/registries/testreg2000003?api-version=2022-02-01-preview
  response:
    body:
      string: '{"sku":{"name":"Premium","tier":"Premium"},"type":"Microsoft.ContainerRegistry/registries","id":"/subscriptions/00000000-0000-0000-0000-000000000000/resourceGroups/clitest.rg000001/providers/Microsoft.ContainerRegistry/registries/testreg2000003","name":"testreg2000003","location":"eastus","tags":{},"systemData":{"createdBy":"azureclilivetest@azuresdkteam.onmicrosoft.com","createdByType":"User","createdAt":"2023-02-07T15:40:15.087518+00:00","lastModifiedBy":"azureclilivetest@azuresdkteam.onmicrosoft.com","lastModifiedByType":"User","lastModifiedAt":"2023-02-07T15:40:15.087518+00:00"},"properties":{"loginServer":"testreg2000003.azurecr.io","creationDate":"2023-02-07T15:40:15.087518Z","provisioningState":"Succeeded","adminUserEnabled":false,"networkRuleSet":{"defaultAction":"Allow","ipRules":[]},"policies":{"quarantinePolicy":{"status":"disabled"},"trustPolicy":{"type":"Notary","status":"disabled"},"retentionPolicy":{"days":7,"lastUpdatedTime":"2023-02-07T15:40:17.1241417+00:00","status":"disabled"},"exportPolicy":{"status":"enabled"},"azureADAuthenticationAsArmPolicy":{"status":"enabled"},"softDeletePolicy":{"retentionDays":7,"lastUpdatedTime":"2023-02-07T15:40:17.1241417+00:00","status":"disabled"}},"encryption":{"status":"disabled"},"dataEndpointEnabled":false,"dataEndpointHostNames":[],"privateEndpointConnections":[],"publicNetworkAccess":"Enabled","networkRuleBypassOptions":"AzureServices","zoneRedundancy":"Enabled","anonymousPullEnabled":false}}'
    headers:
      api-supported-versions:
      - 2022-02-01-preview
      cache-control:
      - no-cache
      content-length:
      - '1472'
      content-type:
      - application/json; charset=utf-8
      date:
      - Tue, 07 Feb 2023 15:40:38 GMT
      expires:
      - '-1'
      pragma:
      - no-cache
      server:
      - Microsoft-HTTPAPI/2.0
      strict-transport-security:
      - max-age=31536000; includeSubDomains
      transfer-encoding:
      - chunked
      vary:
      - Accept-Encoding
      x-content-type-options:
      - nosniff
    status:
      code: 200
      message: OK
- request:
    body: null
    headers:
      Accept:
      - application/json
      Accept-Encoding:
      - gzip, deflate
      CommandName:
      - acr replication show
      Connection:
      - keep-alive
      ParameterSetName:
      - --name --registry --resource-group
      User-Agent:
      - AZURECLI/2.45.0 azsdk-python-azure-mgmt-containerregistry/10.0.0 Python/3.10.9
        (Linux-5.15.0-1031-azure-x86_64-with-glibc2.31) VSTS_7b238909-6802-4b65-b90d-184bca47f458_build_220_0
    method: GET
    uri: https://management.azure.com/subscriptions/00000000-0000-0000-0000-000000000000/resourceGroups/clitest.rg000001/providers/Microsoft.ContainerRegistry/registries/testreg2000003/replications/eastus?api-version=2022-02-01-preview
  response:
    body:
      string: '{"type":"Microsoft.ContainerRegistry/registries/replications","id":"/subscriptions/00000000-0000-0000-0000-000000000000/resourceGroups/clitest.rg000001/providers/Microsoft.ContainerRegistry/registries/testreg2000003/replications/eastus","name":"eastus","location":"eastus","tags":{},"systemData":{"createdBy":"6a0ec4d3-30cb-4a83-91c0-ae56bc0e3d26","createdByType":"Application","createdAt":"2023-02-07T15:40:18.3755188+00:00","lastModifiedBy":"6a0ec4d3-30cb-4a83-91c0-ae56bc0e3d26","lastModifiedByType":"Application","lastModifiedAt":"2023-02-07T15:40:18.3755188+00:00"},"properties":{"provisioningState":"Succeeded","status":{"displayStatus":"Ready","timestamp":"2023-02-07T15:40:32.721438Z"},"regionEndpointEnabled":true,"zoneRedundancy":"Enabled"}}'
    headers:
      api-supported-versions:
      - 2020-11-01-preview, 2021-06-01-preview, 2021-08-01-preview, 2021-09-01, 2021-12-01-preview,
        2022-02-01-preview, 2022-12-01, 2023-01-01-preview
      cache-control:
      - no-cache
      content-length:
      - '751'
      content-type:
      - application/json; charset=utf-8
      date:
      - Tue, 07 Feb 2023 15:40:38 GMT
      expires:
      - '-1'
      pragma:
      - no-cache
      server:
      - Microsoft-HTTPAPI/2.0
      strict-transport-security:
      - max-age=31536000; includeSubDomains
      x-content-type-options:
      - nosniff
    status:
      code: 200
      message: OK
- request:
    body: null
    headers:
      Accept:
      - application/json
      Accept-Encoding:
      - gzip, deflate
      CommandName:
      - acr replication create
      Connection:
      - keep-alive
      ParameterSetName:
      - --registry -g --location --zone-redundancy
      User-Agent:
      - AZURECLI/2.45.0 azsdk-python-azure-mgmt-containerregistry/10.0.0 Python/3.10.9
        (Linux-5.15.0-1031-azure-x86_64-with-glibc2.31) VSTS_7b238909-6802-4b65-b90d-184bca47f458_build_220_0
    method: GET
    uri: https://management.azure.com/subscriptions/00000000-0000-0000-0000-000000000000/resourceGroups/clitest.rg000001/providers/Microsoft.ContainerRegistry/registries/testreg000002?api-version=2022-02-01-preview
  response:
    body:
      string: '{"sku":{"name":"Premium","tier":"Premium"},"type":"Microsoft.ContainerRegistry/registries","id":"/subscriptions/00000000-0000-0000-0000-000000000000/resourceGroups/clitest.rg000001/providers/Microsoft.ContainerRegistry/registries/testreg000002","name":"testreg000002","location":"eastus","tags":{},"systemData":{"createdBy":"azureclilivetest@azuresdkteam.onmicrosoft.com","createdByType":"User","createdAt":"2023-02-07T15:39:53.3578849+00:00","lastModifiedBy":"azureclilivetest@azuresdkteam.onmicrosoft.com","lastModifiedByType":"User","lastModifiedAt":"2023-02-07T15:39:53.3578849+00:00"},"properties":{"loginServer":"testreg000002.azurecr.io","creationDate":"2023-02-07T15:39:53.3578849Z","provisioningState":"Succeeded","adminUserEnabled":false,"networkRuleSet":{"defaultAction":"Allow","ipRules":[]},"policies":{"quarantinePolicy":{"status":"disabled"},"trustPolicy":{"type":"Notary","status":"disabled"},"retentionPolicy":{"days":7,"lastUpdatedTime":"2023-02-07T15:40:03.4468119+00:00","status":"disabled"},"exportPolicy":{"status":"enabled"},"azureADAuthenticationAsArmPolicy":{"status":"enabled"},"softDeletePolicy":{"retentionDays":7,"lastUpdatedTime":"2023-02-07T15:40:03.4468119+00:00","status":"disabled"}},"encryption":{"status":"disabled"},"dataEndpointEnabled":false,"dataEndpointHostNames":[],"privateEndpointConnections":[],"publicNetworkAccess":"Enabled","networkRuleBypassOptions":"AzureServices","zoneRedundancy":"Disabled","anonymousPullEnabled":false}}'
    headers:
      api-supported-versions:
      - 2022-02-01-preview
      cache-control:
      - no-cache
      content-length:
      - '1473'
      content-type:
      - application/json; charset=utf-8
      date:
      - Tue, 07 Feb 2023 15:40:39 GMT
      expires:
      - '-1'
      pragma:
      - no-cache
      server:
      - Microsoft-HTTPAPI/2.0
      strict-transport-security:
      - max-age=31536000; includeSubDomains
      transfer-encoding:
      - chunked
      vary:
      - Accept-Encoding
      x-content-type-options:
      - nosniff
    status:
      code: 200
      message: OK
- request:
    body: '{"location": "eastus2", "properties": {"zoneRedundancy": "Enabled"}}'
    headers:
      Accept:
      - application/json
      Accept-Encoding:
      - gzip, deflate
      CommandName:
      - acr replication create
      Connection:
      - keep-alive
      Content-Length:
      - '68'
      Content-Type:
      - application/json
      ParameterSetName:
      - --registry -g --location --zone-redundancy
      User-Agent:
      - AZURECLI/2.45.0 azsdk-python-azure-mgmt-containerregistry/10.0.0 Python/3.10.9
        (Linux-5.15.0-1031-azure-x86_64-with-glibc2.31) VSTS_7b238909-6802-4b65-b90d-184bca47f458_build_220_0
    method: PUT
    uri: https://management.azure.com/subscriptions/00000000-0000-0000-0000-000000000000/resourceGroups/clitest.rg000001/providers/Microsoft.ContainerRegistry/registries/testreg000002/replications/eastus2?api-version=2022-02-01-preview
  response:
    body:
      string: '{"type":"Microsoft.ContainerRegistry/registries/replications","id":"/subscriptions/00000000-0000-0000-0000-000000000000/resourceGroups/clitest.rg000001/providers/Microsoft.ContainerRegistry/registries/testreg000002/replications/eastus2","name":"eastus2","location":"eastus2","tags":{},"systemData":{"createdBy":"azureclilivetest@azuresdkteam.onmicrosoft.com","createdByType":"User","createdAt":"2023-02-07T15:40:39.5216685+00:00","lastModifiedBy":"azureclilivetest@azuresdkteam.onmicrosoft.com","lastModifiedByType":"User","lastModifiedAt":"2023-02-07T15:40:39.5216685+00:00"},"properties":{"provisioningState":"Creating","status":{"timestamp":"2023-02-07T15:40:40.7978536Z"},"regionEndpointEnabled":true,"zoneRedundancy":"Enabled"}}'
    headers:
      api-supported-versions:
      - 2020-11-01-preview, 2021-06-01-preview, 2021-08-01-preview, 2021-09-01, 2021-12-01-preview,
        2022-02-01-preview, 2022-12-01, 2023-01-01-preview
      azure-asyncoperation:
      - https://management.azure.com/subscriptions/00000000-0000-0000-0000-000000000000/resourceGroups/clitest.rg000001/providers/Microsoft.ContainerRegistry/registries/testreg000002/replications/eastus2/operationStatuses/replications-c5382d29-a6fd-11ed-b7cd-3b8a2dd05908?api-version=2022-02-01-preview
      cache-control:
      - no-cache
      content-length:
      - '733'
      content-type:
      - application/json; charset=utf-8
      date:
      - Tue, 07 Feb 2023 15:40:40 GMT
      expires:
      - '-1'
      pragma:
      - no-cache
      server:
      - Microsoft-HTTPAPI/2.0
      strict-transport-security:
      - max-age=31536000; includeSubDomains
      x-content-type-options:
      - nosniff
      x-ms-ratelimit-remaining-subscription-writes:
      - '1197'
    status:
      code: 201
      message: Created
- request:
    body: null
    headers:
      Accept:
      - '*/*'
      Accept-Encoding:
      - gzip, deflate
      CommandName:
      - acr replication create
      Connection:
      - keep-alive
      ParameterSetName:
      - --registry -g --location --zone-redundancy
      User-Agent:
      - AZURECLI/2.45.0 azsdk-python-azure-mgmt-containerregistry/10.0.0 Python/3.10.9
        (Linux-5.15.0-1031-azure-x86_64-with-glibc2.31) VSTS_7b238909-6802-4b65-b90d-184bca47f458_build_220_0
    method: GET
    uri: https://management.azure.com/subscriptions/00000000-0000-0000-0000-000000000000/resourceGroups/clitest.rg000001/providers/Microsoft.ContainerRegistry/registries/testreg000002/replications/eastus2/operationStatuses/replications-c5382d29-a6fd-11ed-b7cd-3b8a2dd05908?api-version=2022-02-01-preview
  response:
    body:
      string: '{"status":"Creating"}'
    headers:
      api-supported-versions:
      - 2020-11-01-preview, 2021-06-01-preview, 2021-08-01-preview, 2021-09-01, 2021-12-01-preview,
        2022-02-01-preview, 2022-12-01, 2023-01-01-preview
      azure-asyncoperation:
      - https://management.azure.com/subscriptions/00000000-0000-0000-0000-000000000000/resourceGroups/clitest.rg000001/providers/Microsoft.ContainerRegistry/registries/testreg000002/replications/eastus2/operationStatuses/replications-c5382d29-a6fd-11ed-b7cd-3b8a2dd05908?api-version=2022-02-01-preview
      cache-control:
      - no-cache
      content-length:
      - '21'
      content-type:
      - application/json; charset=utf-8
      date:
      - Tue, 07 Feb 2023 15:40:51 GMT
      expires:
      - '-1'
      pragma:
      - no-cache
      server:
      - Microsoft-HTTPAPI/2.0
      strict-transport-security:
      - max-age=31536000; includeSubDomains
      x-content-type-options:
      - nosniff
    status:
      code: 200
      message: OK
- request:
    body: null
    headers:
      Accept:
      - '*/*'
      Accept-Encoding:
      - gzip, deflate
      CommandName:
      - acr replication create
      Connection:
      - keep-alive
      ParameterSetName:
      - --registry -g --location --zone-redundancy
      User-Agent:
      - AZURECLI/2.45.0 azsdk-python-azure-mgmt-containerregistry/10.0.0 Python/3.10.9
        (Linux-5.15.0-1031-azure-x86_64-with-glibc2.31) VSTS_7b238909-6802-4b65-b90d-184bca47f458_build_220_0
    method: GET
    uri: https://management.azure.com/subscriptions/00000000-0000-0000-0000-000000000000/resourceGroups/clitest.rg000001/providers/Microsoft.ContainerRegistry/registries/testreg000002/replications/eastus2/operationStatuses/replications-c5382d29-a6fd-11ed-b7cd-3b8a2dd05908?api-version=2022-02-01-preview
  response:
    body:
      string: '{"status":"Succeeded"}'
    headers:
      api-supported-versions:
      - 2020-11-01-preview, 2021-06-01-preview, 2021-08-01-preview, 2021-09-01, 2021-12-01-preview,
        2022-02-01-preview, 2022-12-01, 2023-01-01-preview
      azure-asyncoperation:
      - https://management.azure.com/subscriptions/00000000-0000-0000-0000-000000000000/resourceGroups/clitest.rg000001/providers/Microsoft.ContainerRegistry/registries/testreg000002/replications/eastus2/operationStatuses/replications-c5382d29-a6fd-11ed-b7cd-3b8a2dd05908?api-version=2022-02-01-preview
      cache-control:
      - no-cache
      content-length:
      - '22'
      content-type:
      - application/json; charset=utf-8
      date:
      - Tue, 07 Feb 2023 15:41:01 GMT
      expires:
      - '-1'
      pragma:
      - no-cache
      server:
      - Microsoft-HTTPAPI/2.0
      strict-transport-security:
      - max-age=31536000; includeSubDomains
      x-content-type-options:
      - nosniff
    status:
      code: 200
      message: OK
- request:
    body: null
    headers:
      Accept:
      - '*/*'
      Accept-Encoding:
      - gzip, deflate
      CommandName:
      - acr replication create
      Connection:
      - keep-alive
      ParameterSetName:
      - --registry -g --location --zone-redundancy
      User-Agent:
      - AZURECLI/2.45.0 azsdk-python-azure-mgmt-containerregistry/10.0.0 Python/3.10.9
        (Linux-5.15.0-1031-azure-x86_64-with-glibc2.31) VSTS_7b238909-6802-4b65-b90d-184bca47f458_build_220_0
    method: GET
    uri: https://management.azure.com/subscriptions/00000000-0000-0000-0000-000000000000/resourceGroups/clitest.rg000001/providers/Microsoft.ContainerRegistry/registries/testreg000002/replications/eastus2?api-version=2022-02-01-preview
  response:
    body:
      string: '{"type":"Microsoft.ContainerRegistry/registries/replications","id":"/subscriptions/00000000-0000-0000-0000-000000000000/resourceGroups/clitest.rg000001/providers/Microsoft.ContainerRegistry/registries/testreg000002/replications/eastus2","name":"eastus2","location":"eastus2","tags":{},"systemData":{"createdBy":"azureclilivetest@azuresdkteam.onmicrosoft.com","createdByType":"User","createdAt":"2023-02-07T15:40:39.5216685+00:00","lastModifiedBy":"azureclilivetest@azuresdkteam.onmicrosoft.com","lastModifiedByType":"User","lastModifiedAt":"2023-02-07T15:40:39.5216685+00:00"},"properties":{"provisioningState":"Succeeded","status":{"displayStatus":"Ready","timestamp":"2023-02-07T15:40:52.9233323Z"},"regionEndpointEnabled":true,"zoneRedundancy":"Enabled"}}'
    headers:
      api-supported-versions:
      - 2020-11-01-preview, 2021-06-01-preview, 2021-08-01-preview, 2021-09-01, 2021-12-01-preview,
        2022-02-01-preview, 2022-12-01, 2023-01-01-preview
      cache-control:
      - no-cache
      content-length:
      - '758'
      content-type:
      - application/json; charset=utf-8
      date:
      - Tue, 07 Feb 2023 15:41:01 GMT
      expires:
      - '-1'
      pragma:
      - no-cache
      server:
      - Microsoft-HTTPAPI/2.0
      strict-transport-security:
      - max-age=31536000; includeSubDomains
      x-content-type-options:
      - nosniff
    status:
      code: 200
      message: OK
- request:
    body: null
    headers:
      Accept:
      - application/json
      Accept-Encoding:
      - gzip, deflate
      CommandName:
      - acr replication create
      Connection:
      - keep-alive
      ParameterSetName:
      - --registry -g --location
      User-Agent:
      - AZURECLI/2.45.0 azsdk-python-azure-mgmt-containerregistry/10.0.0 Python/3.10.9
        (Linux-5.15.0-1031-azure-x86_64-with-glibc2.31) VSTS_7b238909-6802-4b65-b90d-184bca47f458_build_220_0
    method: GET
    uri: https://management.azure.com/subscriptions/00000000-0000-0000-0000-000000000000/resourceGroups/clitest.rg000001/providers/Microsoft.ContainerRegistry/registries/testreg2000003?api-version=2022-02-01-preview
  response:
    body:
      string: '{"sku":{"name":"Premium","tier":"Premium"},"type":"Microsoft.ContainerRegistry/registries","id":"/subscriptions/00000000-0000-0000-0000-000000000000/resourceGroups/clitest.rg000001/providers/Microsoft.ContainerRegistry/registries/testreg2000003","name":"testreg2000003","location":"eastus","tags":{},"systemData":{"createdBy":"azureclilivetest@azuresdkteam.onmicrosoft.com","createdByType":"User","createdAt":"2023-02-07T15:40:15.087518+00:00","lastModifiedBy":"azureclilivetest@azuresdkteam.onmicrosoft.com","lastModifiedByType":"User","lastModifiedAt":"2023-02-07T15:40:15.087518+00:00"},"properties":{"loginServer":"testreg2000003.azurecr.io","creationDate":"2023-02-07T15:40:15.087518Z","provisioningState":"Succeeded","adminUserEnabled":false,"networkRuleSet":{"defaultAction":"Allow","ipRules":[]},"policies":{"quarantinePolicy":{"status":"disabled"},"trustPolicy":{"type":"Notary","status":"disabled"},"retentionPolicy":{"days":7,"lastUpdatedTime":"2023-02-07T15:40:17.1241417+00:00","status":"disabled"},"exportPolicy":{"status":"enabled"},"azureADAuthenticationAsArmPolicy":{"status":"enabled"},"softDeletePolicy":{"retentionDays":7,"lastUpdatedTime":"2023-02-07T15:40:17.1241417+00:00","status":"disabled"}},"encryption":{"status":"disabled"},"dataEndpointEnabled":false,"dataEndpointHostNames":[],"privateEndpointConnections":[],"publicNetworkAccess":"Enabled","networkRuleBypassOptions":"AzureServices","zoneRedundancy":"Enabled","anonymousPullEnabled":false}}'
    headers:
      api-supported-versions:
      - 2022-02-01-preview
      cache-control:
      - no-cache
      content-length:
      - '1472'
      content-type:
      - application/json; charset=utf-8
      date:
      - Tue, 07 Feb 2023 15:41:01 GMT
      expires:
      - '-1'
      pragma:
      - no-cache
      server:
      - Microsoft-HTTPAPI/2.0
      strict-transport-security:
      - max-age=31536000; includeSubDomains
      transfer-encoding:
      - chunked
      vary:
      - Accept-Encoding
      x-content-type-options:
      - nosniff
    status:
      code: 200
      message: OK
- request:
    body: '{"location": "eastus2"}'
    headers:
      Accept:
      - application/json
      Accept-Encoding:
      - gzip, deflate
      CommandName:
      - acr replication create
      Connection:
      - keep-alive
      Content-Length:
      - '23'
      Content-Type:
      - application/json
      ParameterSetName:
      - --registry -g --location
      User-Agent:
      - AZURECLI/2.45.0 azsdk-python-azure-mgmt-containerregistry/10.0.0 Python/3.10.9
        (Linux-5.15.0-1031-azure-x86_64-with-glibc2.31) VSTS_7b238909-6802-4b65-b90d-184bca47f458_build_220_0
    method: PUT
    uri: https://management.azure.com/subscriptions/00000000-0000-0000-0000-000000000000/resourceGroups/clitest.rg000001/providers/Microsoft.ContainerRegistry/registries/testreg2000003/replications/eastus2?api-version=2022-02-01-preview
  response:
    body:
      string: '{"type":"Microsoft.ContainerRegistry/registries/replications","id":"/subscriptions/00000000-0000-0000-0000-000000000000/resourceGroups/clitest.rg000001/providers/Microsoft.ContainerRegistry/registries/testreg2000003/replications/eastus2","name":"eastus2","location":"eastus2","tags":{},"systemData":{"createdBy":"azureclilivetest@azuresdkteam.onmicrosoft.com","createdByType":"User","createdAt":"2023-02-07T15:41:02.9719352+00:00","lastModifiedBy":"azureclilivetest@azuresdkteam.onmicrosoft.com","lastModifiedByType":"User","lastModifiedAt":"2023-02-07T15:41:02.9719352+00:00"},"properties":{"provisioningState":"Creating","status":{"timestamp":"2023-02-07T15:41:03.8257571Z"},"regionEndpointEnabled":true,"zoneRedundancy":"Disabled"}}'
    headers:
      api-supported-versions:
      - 2020-11-01-preview, 2021-06-01-preview, 2021-08-01-preview, 2021-09-01, 2021-12-01-preview,
        2022-02-01-preview, 2022-12-01, 2023-01-01-preview
      azure-asyncoperation:
      - https://management.azure.com/subscriptions/00000000-0000-0000-0000-000000000000/resourceGroups/clitest.rg000001/providers/Microsoft.ContainerRegistry/registries/testreg2000003/replications/eastus2/operationStatuses/replications-d35bcdba-a6fd-11ed-b7cd-3b8a2dd05908?api-version=2022-02-01-preview
      cache-control:
      - no-cache
      content-length:
      - '735'
      content-type:
      - application/json; charset=utf-8
      date:
      - Tue, 07 Feb 2023 15:41:03 GMT
      expires:
      - '-1'
      pragma:
      - no-cache
      server:
      - Microsoft-HTTPAPI/2.0
      strict-transport-security:
      - max-age=31536000; includeSubDomains
      x-content-type-options:
      - nosniff
      x-ms-ratelimit-remaining-subscription-writes:
      - '1198'
    status:
      code: 201
      message: Created
- request:
    body: null
    headers:
      Accept:
      - '*/*'
      Accept-Encoding:
      - gzip, deflate
      CommandName:
      - acr replication create
      Connection:
      - keep-alive
      ParameterSetName:
      - --registry -g --location
      User-Agent:
      - AZURECLI/2.45.0 azsdk-python-azure-mgmt-containerregistry/10.0.0 Python/3.10.9
        (Linux-5.15.0-1031-azure-x86_64-with-glibc2.31) VSTS_7b238909-6802-4b65-b90d-184bca47f458_build_220_0
    method: GET
    uri: https://management.azure.com/subscriptions/00000000-0000-0000-0000-000000000000/resourceGroups/clitest.rg000001/providers/Microsoft.ContainerRegistry/registries/testreg2000003/replications/eastus2/operationStatuses/replications-d35bcdba-a6fd-11ed-b7cd-3b8a2dd05908?api-version=2022-02-01-preview
  response:
    body:
      string: '{"status":"Creating"}'
    headers:
      api-supported-versions:
      - 2020-11-01-preview, 2021-06-01-preview, 2021-08-01-preview, 2021-09-01, 2021-12-01-preview,
        2022-02-01-preview, 2022-12-01, 2023-01-01-preview
      azure-asyncoperation:
      - https://management.azure.com/subscriptions/00000000-0000-0000-0000-000000000000/resourceGroups/clitest.rg000001/providers/Microsoft.ContainerRegistry/registries/testreg2000003/replications/eastus2/operationStatuses/replications-d35bcdba-a6fd-11ed-b7cd-3b8a2dd05908?api-version=2022-02-01-preview
      cache-control:
      - no-cache
      content-length:
      - '21'
      content-type:
      - application/json; charset=utf-8
      date:
      - Tue, 07 Feb 2023 15:41:13 GMT
      expires:
      - '-1'
      pragma:
      - no-cache
      server:
      - Microsoft-HTTPAPI/2.0
      strict-transport-security:
      - max-age=31536000; includeSubDomains
      x-content-type-options:
      - nosniff
    status:
      code: 200
      message: OK
- request:
    body: null
    headers:
      Accept:
      - '*/*'
      Accept-Encoding:
      - gzip, deflate
      CommandName:
      - acr replication create
      Connection:
      - keep-alive
      ParameterSetName:
      - --registry -g --location
      User-Agent:
      - AZURECLI/2.45.0 azsdk-python-azure-mgmt-containerregistry/10.0.0 Python/3.10.9
        (Linux-5.15.0-1031-azure-x86_64-with-glibc2.31) VSTS_7b238909-6802-4b65-b90d-184bca47f458_build_220_0
    method: GET
    uri: https://management.azure.com/subscriptions/00000000-0000-0000-0000-000000000000/resourceGroups/clitest.rg000001/providers/Microsoft.ContainerRegistry/registries/testreg2000003/replications/eastus2/operationStatuses/replications-d35bcdba-a6fd-11ed-b7cd-3b8a2dd05908?api-version=2022-02-01-preview
  response:
    body:
      string: '{"status":"Creating"}'
    headers:
      api-supported-versions:
      - 2020-11-01-preview, 2021-06-01-preview, 2021-08-01-preview, 2021-09-01, 2021-12-01-preview,
        2022-02-01-preview, 2022-12-01, 2023-01-01-preview
      azure-asyncoperation:
      - https://management.azure.com/subscriptions/00000000-0000-0000-0000-000000000000/resourceGroups/clitest.rg000001/providers/Microsoft.ContainerRegistry/registries/testreg2000003/replications/eastus2/operationStatuses/replications-d35bcdba-a6fd-11ed-b7cd-3b8a2dd05908?api-version=2022-02-01-preview
      cache-control:
      - no-cache
      content-length:
      - '21'
      content-type:
      - application/json; charset=utf-8
      date:
      - Tue, 07 Feb 2023 15:41:23 GMT
      expires:
      - '-1'
      pragma:
      - no-cache
      server:
      - Microsoft-HTTPAPI/2.0
      strict-transport-security:
      - max-age=31536000; includeSubDomains
      x-content-type-options:
      - nosniff
    status:
      code: 200
      message: OK
- request:
    body: null
    headers:
      Accept:
      - '*/*'
      Accept-Encoding:
      - gzip, deflate
      CommandName:
      - acr replication create
      Connection:
      - keep-alive
      ParameterSetName:
      - --registry -g --location
      User-Agent:
      - AZURECLI/2.45.0 azsdk-python-azure-mgmt-containerregistry/10.0.0 Python/3.10.9
        (Linux-5.15.0-1031-azure-x86_64-with-glibc2.31) VSTS_7b238909-6802-4b65-b90d-184bca47f458_build_220_0
    method: GET
    uri: https://management.azure.com/subscriptions/00000000-0000-0000-0000-000000000000/resourceGroups/clitest.rg000001/providers/Microsoft.ContainerRegistry/registries/testreg2000003/replications/eastus2/operationStatuses/replications-d35bcdba-a6fd-11ed-b7cd-3b8a2dd05908?api-version=2022-02-01-preview
  response:
    body:
      string: '{"status":"Succeeded"}'
    headers:
      api-supported-versions:
      - 2020-11-01-preview, 2021-06-01-preview, 2021-08-01-preview, 2021-09-01, 2021-12-01-preview,
        2022-02-01-preview, 2022-12-01, 2023-01-01-preview
      azure-asyncoperation:
      - https://management.azure.com/subscriptions/00000000-0000-0000-0000-000000000000/resourceGroups/clitest.rg000001/providers/Microsoft.ContainerRegistry/registries/testreg2000003/replications/eastus2/operationStatuses/replications-d35bcdba-a6fd-11ed-b7cd-3b8a2dd05908?api-version=2022-02-01-preview
      cache-control:
      - no-cache
      content-length:
      - '22'
      content-type:
      - application/json; charset=utf-8
      date:
      - Tue, 07 Feb 2023 15:41:33 GMT
      expires:
      - '-1'
      pragma:
      - no-cache
      server:
      - Microsoft-HTTPAPI/2.0
      strict-transport-security:
      - max-age=31536000; includeSubDomains
      x-content-type-options:
      - nosniff
    status:
      code: 200
      message: OK
- request:
    body: null
    headers:
      Accept:
      - '*/*'
      Accept-Encoding:
      - gzip, deflate
      CommandName:
      - acr replication create
      Connection:
      - keep-alive
      ParameterSetName:
      - --registry -g --location
      User-Agent:
      - AZURECLI/2.45.0 azsdk-python-azure-mgmt-containerregistry/10.0.0 Python/3.10.9
        (Linux-5.15.0-1031-azure-x86_64-with-glibc2.31) VSTS_7b238909-6802-4b65-b90d-184bca47f458_build_220_0
    method: GET
    uri: https://management.azure.com/subscriptions/00000000-0000-0000-0000-000000000000/resourceGroups/clitest.rg000001/providers/Microsoft.ContainerRegistry/registries/testreg2000003/replications/eastus2?api-version=2022-02-01-preview
  response:
    body:
      string: '{"type":"Microsoft.ContainerRegistry/registries/replications","id":"/subscriptions/00000000-0000-0000-0000-000000000000/resourceGroups/clitest.rg000001/providers/Microsoft.ContainerRegistry/registries/testreg2000003/replications/eastus2","name":"eastus2","location":"eastus2","tags":{},"systemData":{"createdBy":"azureclilivetest@azuresdkteam.onmicrosoft.com","createdByType":"User","createdAt":"2023-02-07T15:41:02.9719352+00:00","lastModifiedBy":"azureclilivetest@azuresdkteam.onmicrosoft.com","lastModifiedByType":"User","lastModifiedAt":"2023-02-07T15:41:02.9719352+00:00"},"properties":{"provisioningState":"Succeeded","status":{"displayStatus":"Ready","timestamp":"2023-02-07T15:41:32.5436697Z"},"regionEndpointEnabled":true,"zoneRedundancy":"Disabled"}}'
    headers:
      api-supported-versions:
      - 2020-11-01-preview, 2021-06-01-preview, 2021-08-01-preview, 2021-09-01, 2021-12-01-preview,
        2022-02-01-preview, 2022-12-01, 2023-01-01-preview
      cache-control:
      - no-cache
      content-length:
      - '760'
      content-type:
      - application/json; charset=utf-8
      date:
      - Tue, 07 Feb 2023 15:41:33 GMT
      expires:
      - '-1'
      pragma:
      - no-cache
      server:
      - Microsoft-HTTPAPI/2.0
      strict-transport-security:
      - max-age=31536000; includeSubDomains
      x-content-type-options:
      - nosniff
    status:
      code: 200
      message: OK
- request:
    body: null
    headers:
      Accept:
      - application/json
      Accept-Encoding:
      - gzip, deflate
      CommandName:
      - acr replication create
      Connection:
      - keep-alive
      ParameterSetName:
      - --registry -g --location --zone-redundancy
      User-Agent:
      - AZURECLI/2.45.0 azsdk-python-azure-mgmt-containerregistry/10.0.0 Python/3.10.9
        (Linux-5.15.0-1031-azure-x86_64-with-glibc2.31) VSTS_7b238909-6802-4b65-b90d-184bca47f458_build_220_0
    method: GET
    uri: https://management.azure.com/subscriptions/00000000-0000-0000-0000-000000000000/resourceGroups/clitest.rg000001/providers/Microsoft.ContainerRegistry/registries/testreg2000003?api-version=2022-02-01-preview
  response:
    body:
      string: '{"sku":{"name":"Premium","tier":"Premium"},"type":"Microsoft.ContainerRegistry/registries","id":"/subscriptions/00000000-0000-0000-0000-000000000000/resourceGroups/clitest.rg000001/providers/Microsoft.ContainerRegistry/registries/testreg2000003","name":"testreg2000003","location":"eastus","tags":{},"systemData":{"createdBy":"azureclilivetest@azuresdkteam.onmicrosoft.com","createdByType":"User","createdAt":"2023-02-07T15:40:15.087518+00:00","lastModifiedBy":"azureclilivetest@azuresdkteam.onmicrosoft.com","lastModifiedByType":"User","lastModifiedAt":"2023-02-07T15:40:15.087518+00:00"},"properties":{"loginServer":"testreg2000003.azurecr.io","creationDate":"2023-02-07T15:40:15.087518Z","provisioningState":"Succeeded","adminUserEnabled":false,"networkRuleSet":{"defaultAction":"Allow","ipRules":[]},"policies":{"quarantinePolicy":{"status":"disabled"},"trustPolicy":{"type":"Notary","status":"disabled"},"retentionPolicy":{"days":7,"lastUpdatedTime":"2023-02-07T15:40:17.1241417+00:00","status":"disabled"},"exportPolicy":{"status":"enabled"},"azureADAuthenticationAsArmPolicy":{"status":"enabled"},"softDeletePolicy":{"retentionDays":7,"lastUpdatedTime":"2023-02-07T15:40:17.1241417+00:00","status":"disabled"}},"encryption":{"status":"disabled"},"dataEndpointEnabled":false,"dataEndpointHostNames":[],"privateEndpointConnections":[],"publicNetworkAccess":"Enabled","networkRuleBypassOptions":"AzureServices","zoneRedundancy":"Enabled","anonymousPullEnabled":false}}'
    headers:
      api-supported-versions:
      - 2022-02-01-preview
      cache-control:
      - no-cache
      content-length:
      - '1472'
      content-type:
      - application/json; charset=utf-8
      date:
      - Tue, 07 Feb 2023 15:41:34 GMT
      expires:
      - '-1'
      pragma:
      - no-cache
      server:
      - Microsoft-HTTPAPI/2.0
      strict-transport-security:
      - max-age=31536000; includeSubDomains
      transfer-encoding:
      - chunked
      vary:
      - Accept-Encoding
      x-content-type-options:
      - nosniff
    status:
      code: 200
      message: OK
- request:
    body: '{"location": "westus2", "properties": {"zoneRedundancy": "Disabled"}}'
    headers:
      Accept:
      - application/json
      Accept-Encoding:
      - gzip, deflate
      CommandName:
      - acr replication create
      Connection:
      - keep-alive
      Content-Length:
      - '69'
      Content-Type:
      - application/json
      ParameterSetName:
      - --registry -g --location --zone-redundancy
      User-Agent:
      - AZURECLI/2.45.0 azsdk-python-azure-mgmt-containerregistry/10.0.0 Python/3.10.9
        (Linux-5.15.0-1031-azure-x86_64-with-glibc2.31) VSTS_7b238909-6802-4b65-b90d-184bca47f458_build_220_0
    method: PUT
    uri: https://management.azure.com/subscriptions/00000000-0000-0000-0000-000000000000/resourceGroups/clitest.rg000001/providers/Microsoft.ContainerRegistry/registries/testreg2000003/replications/westus2?api-version=2022-02-01-preview
  response:
    body:
      string: '{"type":"Microsoft.ContainerRegistry/registries/replications","id":"/subscriptions/00000000-0000-0000-0000-000000000000/resourceGroups/clitest.rg000001/providers/Microsoft.ContainerRegistry/registries/testreg2000003/replications/westus2","name":"westus2","location":"westus2","tags":{},"systemData":{"createdBy":"azureclilivetest@azuresdkteam.onmicrosoft.com","createdByType":"User","createdAt":"2023-02-07T15:41:35.2427574+00:00","lastModifiedBy":"azureclilivetest@azuresdkteam.onmicrosoft.com","lastModifiedByType":"User","lastModifiedAt":"2023-02-07T15:41:35.2427574+00:00"},"properties":{"provisioningState":"Creating","status":{"timestamp":"2023-02-07T15:41:38.2166456Z"},"regionEndpointEnabled":true,"zoneRedundancy":"Disabled"}}'
    headers:
      api-supported-versions:
      - 2020-11-01-preview, 2021-06-01-preview, 2021-08-01-preview, 2021-09-01, 2021-12-01-preview,
        2022-02-01-preview, 2022-12-01, 2023-01-01-preview
      azure-asyncoperation:
      - https://management.azure.com/subscriptions/00000000-0000-0000-0000-000000000000/resourceGroups/clitest.rg000001/providers/Microsoft.ContainerRegistry/registries/testreg2000003/replications/westus2/operationStatuses/replications-e6b5e6ca-a6fd-11ed-b7cd-3b8a2dd05908?api-version=2022-02-01-preview
      cache-control:
      - no-cache
      content-length:
      - '735'
      content-type:
      - application/json; charset=utf-8
      date:
      - Tue, 07 Feb 2023 15:41:37 GMT
      expires:
      - '-1'
      pragma:
      - no-cache
      server:
      - Microsoft-HTTPAPI/2.0
      strict-transport-security:
      - max-age=31536000; includeSubDomains
      x-content-type-options:
      - nosniff
      x-ms-ratelimit-remaining-subscription-writes:
      - '1199'
    status:
      code: 201
      message: Created
- request:
    body: null
    headers:
      Accept:
      - '*/*'
      Accept-Encoding:
      - gzip, deflate
      CommandName:
      - acr replication create
      Connection:
      - keep-alive
      ParameterSetName:
      - --registry -g --location --zone-redundancy
      User-Agent:
      - AZURECLI/2.45.0 azsdk-python-azure-mgmt-containerregistry/10.0.0 Python/3.10.9
        (Linux-5.15.0-1031-azure-x86_64-with-glibc2.31) VSTS_7b238909-6802-4b65-b90d-184bca47f458_build_220_0
    method: GET
    uri: https://management.azure.com/subscriptions/00000000-0000-0000-0000-000000000000/resourceGroups/clitest.rg000001/providers/Microsoft.ContainerRegistry/registries/testreg2000003/replications/westus2/operationStatuses/replications-e6b5e6ca-a6fd-11ed-b7cd-3b8a2dd05908?api-version=2022-02-01-preview
  response:
    body:
      string: '{"status":"Succeeded"}'
    headers:
      api-supported-versions:
      - 2020-11-01-preview, 2021-06-01-preview, 2021-08-01-preview, 2021-09-01, 2021-12-01-preview,
        2022-02-01-preview, 2022-12-01, 2023-01-01-preview
      azure-asyncoperation:
      - https://management.azure.com/subscriptions/00000000-0000-0000-0000-000000000000/resourceGroups/clitest.rg000001/providers/Microsoft.ContainerRegistry/registries/testreg2000003/replications/westus2/operationStatuses/replications-e6b5e6ca-a6fd-11ed-b7cd-3b8a2dd05908?api-version=2022-02-01-preview
      cache-control:
      - no-cache
      content-length:
      - '22'
      content-type:
      - application/json; charset=utf-8
      date:
      - Tue, 07 Feb 2023 15:41:47 GMT
      expires:
      - '-1'
      pragma:
      - no-cache
      server:
      - Microsoft-HTTPAPI/2.0
      strict-transport-security:
      - max-age=31536000; includeSubDomains
      transfer-encoding:
      - chunked
      vary:
      - Accept-Encoding
      x-content-type-options:
      - nosniff
    status:
      code: 200
      message: OK
- request:
    body: null
    headers:
      Accept:
      - '*/*'
      Accept-Encoding:
      - gzip, deflate
      CommandName:
      - acr replication create
      Connection:
      - keep-alive
      ParameterSetName:
      - --registry -g --location --zone-redundancy
      User-Agent:
      - AZURECLI/2.45.0 azsdk-python-azure-mgmt-containerregistry/10.0.0 Python/3.10.9
        (Linux-5.15.0-1031-azure-x86_64-with-glibc2.31) VSTS_7b238909-6802-4b65-b90d-184bca47f458_build_220_0
    method: GET
    uri: https://management.azure.com/subscriptions/00000000-0000-0000-0000-000000000000/resourceGroups/clitest.rg000001/providers/Microsoft.ContainerRegistry/registries/testreg2000003/replications/westus2?api-version=2022-02-01-preview
  response:
    body:
      string: '{"type":"Microsoft.ContainerRegistry/registries/replications","id":"/subscriptions/00000000-0000-0000-0000-000000000000/resourceGroups/clitest.rg000001/providers/Microsoft.ContainerRegistry/registries/testreg2000003/replications/westus2","name":"westus2","location":"westus2","tags":{},"systemData":{"createdBy":"azureclilivetest@azuresdkteam.onmicrosoft.com","createdByType":"User","createdAt":"2023-02-07T15:41:35.2427574+00:00","lastModifiedBy":"azureclilivetest@azuresdkteam.onmicrosoft.com","lastModifiedByType":"User","lastModifiedAt":"2023-02-07T15:41:35.2427574+00:00"},"properties":{"provisioningState":"Succeeded","status":{"displayStatus":"Syncing","timestamp":"2023-02-07T15:41:44.6775779Z"},"regionEndpointEnabled":true,"zoneRedundancy":"Disabled"}}'
    headers:
      api-supported-versions:
      - 2020-11-01-preview, 2021-06-01-preview, 2021-08-01-preview, 2021-09-01, 2021-12-01-preview,
        2022-02-01-preview, 2022-12-01, 2023-01-01-preview
      cache-control:
      - no-cache
      content-length:
      - '762'
      content-type:
      - application/json; charset=utf-8
      date:
      - Tue, 07 Feb 2023 15:41:48 GMT
      expires:
      - '-1'
      pragma:
      - no-cache
      server:
      - Microsoft-HTTPAPI/2.0
      strict-transport-security:
      - max-age=31536000; includeSubDomains
      transfer-encoding:
      - chunked
      vary:
      - Accept-Encoding
      x-content-type-options:
      - nosniff
    status:
      code: 200
      message: OK
version: 1
