interactions:
- request:
    body: null
    headers:
      Accept:
      - '*/*'
      Accept-Charset:
      - utf-8
      Accept-Encoding:
      - gzip, deflate
      Connection:
      - keep-alive
      User-Agent:
      - python-requests/2.22.0
      return-client-request-id:
      - 'true'
      x-client-CPU:
      - x64
      x-client-OS:
      - win32
      x-client-SKU:
      - Python
      x-client-Ver:
      - 1.2.2
    method: GET
    uri: https://login.windows.net/common/discovery/instance?authorization_endpoint=https%3A%2F%2Flogin.windows-ppe.net%2Ff686d426-8d16-42db-81b7-ab578e110ccd%2Foauth2%2Fauthorize&api-version=1.0
  response:
    body:
      string: '{"tenant_discovery_endpoint":"https://login.windows-ppe.net/f686d426-8d16-42db-81b7-ab578e110ccd/.well-known/openid-configuration"}'
    headers:
      access-control-allow-methods:
      - GET, OPTIONS
      access-control-allow-origin:
      - '*'
      cache-control:
      - private, max-age=86400
      content-length:
      - '131'
      content-type:
      - application/json; charset=utf-8
      date:
      - Fri, 17 Jan 2020 01:15:18 GMT
      p3p:
      - CP="DSP CUR OTPi IND OTRi ONL FIN"
      set-cookie:
      - fpc=AnUTUJHADktHhcTY9VSILCE; expires=Sun, 16-Feb-2020 01:15:19 GMT; path=/;
        secure; HttpOnly; SameSite=None
      - esctx=AQABAAAAAABeAFzDwllzTYGDLh_qYbH84GLMMmCvueSJvO2E9XWt4VAFI6UOuJoRdf-3O2LWpZ1YoBNjmrvAOHsGynJ8FnVzQ22pxd9tP-zvKCbV6RSfvtIAlgpZHjUkOJqiRgEUIbN_DvJn6-9Dyqtf-G14F9LBkPYep6z-b9vsr0wa1Ln0rWmXFSbiumHn9K1GCxnX6XggAA;
        domain=.login.windows.net; path=/; secure; HttpOnly; SameSite=None
      - x-ms-gateway-slice=prod; path=/; SameSite=None; secure; HttpOnly
      - stsservicecookie=ests; path=/; SameSite=None; secure; HttpOnly
      strict-transport-security:
      - max-age=31536000; includeSubDomains
      x-content-type-options:
      - nosniff
      x-ms-ests-server:
      - 2.1.9926.5 - WST ProdSlices
    status:
      code: 200
      message: OK
- request:
    body: '{"location": "westus", "sku": {"name": "Standard"}, "properties": {"adminUserEnabled":
      false}}'
    headers:
      Accept:
      - application/json
      Accept-Encoding:
      - gzip, deflate
      CommandName:
      - acr create
      Connection:
      - keep-alive
      Content-Length:
      - '94'
      Content-Type:
      - application/json; charset=utf-8
      ParameterSetName:
      - -n -g -l --sku
      User-Agent:
      - python/3.7.6 (Windows-10-10.0.18362-SP0) msrest/0.6.10 msrest_azure/0.6.2
        azure-mgmt-containerregistry/3.0.0rc8 Azure-SDK-For-Python AZURECLI/2.0.80
      accept-language:
      - en-US
    method: PUT
    uri: https://api-dogfood.resources.windows-int.net/subscriptions/00000000-0000-0000-0000-000000000000/resourceGroups/clitest.rg000001/providers/Microsoft.ContainerRegistry/registries/clireg000002?api-version=2019-05-01
  response:
    body:
      string: '{"sku":{"name":"Standard","tier":"Standard"},"type":"Microsoft.ContainerRegistry/registries","id":"/subscriptions/00000000-0000-0000-0000-000000000000/resourceGroups/clitest.rg000001/providers/Microsoft.ContainerRegistry/registries/clireg000002","name":"clireg000002","location":"westus","tags":{},"properties":{"loginServer":"clireg000002.azurecr-test.io","creationDate":"2020-01-17T01:15:23.8371192Z","provisioningState":"Succeeded","adminUserEnabled":false,"policies":{"quarantinePolicy":{"status":"disabled"},"trustPolicy":{"type":"Notary","status":"disabled"},"retentionPolicy":{"days":7,"lastUpdatedTime":"2020-01-17T01:15:25.4133575+00:00","status":"disabled"}}}}'
    headers:
      cache-control:
      - no-cache
      content-length:
      - '753'
      content-type:
      - application/json; charset=utf-8
      date:
      - Fri, 17 Jan 2020 01:15:26 GMT
      expires:
      - '-1'
      pragma:
      - no-cache
      server:
      - Microsoft-HTTPAPI/2.0
      strict-transport-security:
      - max-age=31536000; includeSubDomains
      transfer-encoding:
      - chunked
      vary:
      - Accept-Encoding
      x-content-type-options:
      - nosniff
      x-ms-ratelimit-remaining-subscription-writes:
      - '1196'
    status:
      code: 200
      message: OK
- request:
    body: null
    headers:
      Accept:
      - '*/*'
      Accept-Charset:
      - utf-8
      Accept-Encoding:
      - gzip, deflate
      Connection:
      - keep-alive
      User-Agent:
      - python-requests/2.22.0
      return-client-request-id:
      - 'true'
      x-client-CPU:
      - x64
      x-client-OS:
      - win32
      x-client-SKU:
      - Python
      x-client-Ver:
      - 1.2.2
    method: GET
    uri: https://login.windows.net/common/discovery/instance?authorization_endpoint=https%3A%2F%2Flogin.windows-ppe.net%2Ff686d426-8d16-42db-81b7-ab578e110ccd%2Foauth2%2Fauthorize&api-version=1.0
  response:
    body:
      string: '{"tenant_discovery_endpoint":"https://login.windows-ppe.net/f686d426-8d16-42db-81b7-ab578e110ccd/.well-known/openid-configuration"}'
    headers:
      access-control-allow-methods:
      - GET, OPTIONS
      access-control-allow-origin:
      - '*'
      cache-control:
      - private, max-age=86400
      content-length:
      - '131'
      content-type:
      - application/json; charset=utf-8
      date:
      - Fri, 17 Jan 2020 01:15:26 GMT
      p3p:
      - CP="DSP CUR OTPi IND OTRi ONL FIN"
      set-cookie:
      - fpc=AnwM3UUfJM9Ks4nZZSihHmo; expires=Sun, 16-Feb-2020 01:15:26 GMT; path=/;
        secure; HttpOnly; SameSite=None
      - esctx=AQABAAAAAABeAFzDwllzTYGDLh_qYbH88KDpuPPKSP2nPOslE7qDHiprXPYWcOKBtHw9eE5H4NgeD_Yq3f91V7_gQKcxc-Ezu629nULx1N7uHTWyQM-Jw1ENm4GCZHXz8oTV4SAE8QakqPP52vP2TDWow0yLl9Pfsdoycbcw4KNKe_I2sH4PYy0jZ92LWVOLE8DJlyauOoAgAA;
        domain=.login.windows.net; path=/; secure; HttpOnly; SameSite=None
      - x-ms-gateway-slice=prod; path=/; SameSite=None; secure; HttpOnly
      - stsservicecookie=ests; path=/; SameSite=None; secure; HttpOnly
      strict-transport-security:
      - max-age=31536000; includeSubDomains
      x-content-type-options:
      - nosniff
      x-ms-ests-server:
      - 2.1.9926.5 - WST ProdSlices
    status:
      code: 200
      message: OK
- request:
    body: '{"properties": {"template": {"$schema": "https://schema.management.azure.com/schemas/2015-01-01/deploymentTemplate.json#",
      "contentVersion": "1.0.0.0", "parameters": {"location": {"type": "string", "defaultValue":
      "[resourceGroup().location]", "metadata": {"description": "Location for all
      resources."}}, "registryName": {"type": "string", "minLength": 5, "maxLength":
      50, "metadata": {"description": "Name of your Azure Container Registry"}}, "taskRunName":
      {"type": "string", "minLength": 5, "maxLength": 50, "metadata": {"description":
      "Name of your Task Run and tag generated"}}, "sourceLocation": {"type": "string",
      "defaultValue": "https://github.com/Azure-Samples/acr-build-helloworld-node.git",
      "metadata": {"description": "Source Location"}}, "dockerFilePath": {"type":
      "string", "defaultValue": "Dockerfile", "metadata": {"description": "Name of
      dockerFile"}}, "image": {"type": "string", "defaultValue": "mytest:v1", "metadata":
      {"description": "Image name"}}}, "resources": [{"type": "Microsoft.ContainerRegistry/registries/taskRuns/",
      "name": "[concat(parameters(''registryName''), ''/'', parameters(''taskRunName''))]",
      "location": "[parameters(''location'')]", "apiVersion": "2019-06-01-preview",
      "properties": {"runRequest": {"type": "DockerBuildRequest", "imageNames": ["[parameters(''image'')]"],
      "sourceLocation": "[parameters(''sourceLocation'')]", "dockerFilePath": "[parameters(''dockerFilePath'')]",
      "values": [], "isPushEnabled": true, "platform": {"os": "linux", "architecture":
      "amd64"}, "credentials": {}}}}], "outputs": {"taskRunName": {"type": "string",
      "value": "[parameters(''taskRunName'')]"}}}, "parameters": {"registryName":
      {"value": "clireg000002"}, "taskRunName": {"value": "testTaskRun"}, "sourceLocation":
      {"value": "https://github.com/Azure-Samples/acr-build-helloworld-node.git"},
      "dockerFilePath": {"value": "Dockerfile"}, "image": {"value": "testtaskrun:v1"}},
      "mode": "Incremental"}}'
    headers:
      Accept:
      - application/json
      Accept-Encoding:
      - gzip, deflate
      CommandName:
      - group deployment create
      Connection:
      - keep-alive
      Content-Length:
      - '1919'
      Content-Type:
      - application/json; charset=utf-8
      ParameterSetName:
      - --resource-group --template-file --parameters --parameters --parameters --parameters
        --parameters
      User-Agent:
      - python/3.7.6 (Windows-10-10.0.18362-SP0) msrest/0.6.10 msrest_azure/0.6.2
        azure-mgmt-resource/6.0.0 Azure-SDK-For-Python AZURECLI/2.0.80
      accept-language:
      - en-US
    method: PUT
    uri: https://api-dogfood.resources.windows-int.net/subscriptions/00000000-0000-0000-0000-000000000000/resourcegroups/clitest.rg000001/providers/Microsoft.Resources/deployments/mock-deployment?api-version=2019-07-01
  response:
    body:
      string: '{"id":"/subscriptions/00000000-0000-0000-0000-000000000000/resourceGroups/clitest.rg000001/providers/Microsoft.Resources/deployments/taskrunquickbuildsample","name":"taskrunquickbuildsample","type":"Microsoft.Resources/deployments","properties":{"templateHash":"13112214626039113742","parameters":{"location":{"type":"String","value":"westus"},"registryName":{"type":"String","value":"clireg000002"},"taskRunName":{"type":"String","value":"testTaskRun"},"sourceLocation":{"type":"String","value":"https://github.com/Azure-Samples/acr-build-helloworld-node.git"},"dockerFilePath":{"type":"String","value":"Dockerfile"},"image":{"type":"String","value":"testtaskrun:v1"}},"mode":"Incremental","provisioningState":"Accepted","timestamp":"2020-01-17T01:15:29.0660278Z","duration":"PT0.7641576S","correlationId":"54b797e8-f2e5-4eeb-8979-7dfe2a2715ee","providers":[{"namespace":"Microsoft.ContainerRegistry","resourceTypes":[{"resourceType":"registries/taskRuns","locations":["westus"]}]}],"dependencies":[]}}'
    headers:
      azure-asyncoperation:
      - https://api-dogfood.resources.windows-int.net/subscriptions/00000000-0000-0000-0000-000000000000/resourcegroups/clitest.rg000001/providers/Microsoft.Resources/deployments/taskrunquickbuildsample/operationStatuses/08586223831571757467?api-version=2019-07-01
      cache-control:
      - no-cache
      content-length:
      - '1070'
      content-type:
      - application/json; charset=utf-8
      date:
      - Fri, 17 Jan 2020 01:15:28 GMT
      expires:
      - '-1'
      pragma:
      - no-cache
      strict-transport-security:
      - max-age=31536000; includeSubDomains
      x-content-type-options:
      - nosniff
      x-ms-ratelimit-remaining-subscription-writes:
      - '1198'
    status:
      code: 201
      message: Created
- request:
    body: null
    headers:
      Accept:
      - '*/*'
      Accept-Charset:
      - utf-8
      Accept-Encoding:
      - gzip, deflate
      Connection:
      - keep-alive
      User-Agent:
      - python-requests/2.22.0
      return-client-request-id:
      - 'true'
      x-client-CPU:
      - x64
      x-client-OS:
      - win32
      x-client-SKU:
      - Python
      x-client-Ver:
      - 1.2.2
    method: GET
    uri: https://login.windows.net/common/discovery/instance?authorization_endpoint=https%3A%2F%2Flogin.windows-ppe.net%2Ff686d426-8d16-42db-81b7-ab578e110ccd%2Foauth2%2Fauthorize&api-version=1.0
  response:
    body:
      string: '{"tenant_discovery_endpoint":"https://login.windows-ppe.net/f686d426-8d16-42db-81b7-ab578e110ccd/.well-known/openid-configuration"}'
    headers:
      access-control-allow-methods:
      - GET, OPTIONS
      access-control-allow-origin:
      - '*'
      cache-control:
      - private, max-age=86400
      content-length:
      - '131'
      content-type:
      - application/json; charset=utf-8
      date:
      - Fri, 17 Jan 2020 01:15:59 GMT
      p3p:
      - CP="DSP CUR OTPi IND OTRi ONL FIN"
      set-cookie:
      - fpc=AmBT7s7hr7FDgm_3Iyghx0Y; expires=Sun, 16-Feb-2020 01:15:59 GMT; path=/;
        secure; HttpOnly; SameSite=None
      - esctx=AQABAAAAAABeAFzDwllzTYGDLh_qYbH8Rj9JDPErOwWWrSmK7qF7quOKpwyNNQtvF1gRwko-v5EzVjlSJfFVABuXLpjVHL7G-__IwkA7ctZmvvT3-Dd16z_xZ9ovRt3OlZmKaFo1ACJMvDJ0Qa8ho_2lxWvZa0jTpYGQP0sqGUrYUhtDKu6Vb56afK8cXzaxMEgu29SG2BYgAA;
        domain=.login.windows.net; path=/; secure; HttpOnly; SameSite=None
      - x-ms-gateway-slice=prod; path=/; SameSite=None; secure; HttpOnly
      - stsservicecookie=ests; path=/; SameSite=None; secure; HttpOnly
      strict-transport-security:
      - max-age=31536000; includeSubDomains
      x-content-type-options:
      - nosniff
      x-ms-ests-server:
      - 2.1.9926.5 - WST ProdSlices
    status:
      code: 200
      message: OK
- request:
    body: null
    headers:
      Accept:
      - application/json
      Accept-Encoding:
      - gzip, deflate
      CommandName:
      - group deployment create
      Connection:
      - keep-alive
      ParameterSetName:
      - --resource-group --template-file --parameters --parameters --parameters --parameters
        --parameters
      User-Agent:
      - python/3.7.6 (Windows-10-10.0.18362-SP0) msrest/0.6.10 msrest_azure/0.6.2
        azure-mgmt-resource/6.0.0 Azure-SDK-For-Python AZURECLI/2.0.80
    method: GET
    uri: https://api-dogfood.resources.windows-int.net/subscriptions/00000000-0000-0000-0000-000000000000/resourcegroups/clitest.rg000001/providers/Microsoft.Resources/deployments/mock-deployment/operationStatuses/08586223831571757467?api-version=2019-07-01
  response:
    body:
      string: '{"status":"Running"}'
    headers:
      cache-control:
      - no-cache
      content-length:
      - '20'
      content-type:
      - application/json; charset=utf-8
      date:
      - Fri, 17 Jan 2020 01:16:01 GMT
      expires:
      - '-1'
      pragma:
      - no-cache
      strict-transport-security:
      - max-age=31536000; includeSubDomains
      vary:
      - Accept-Encoding
      x-content-type-options:
      - nosniff
    status:
      code: 200
      message: OK
- request:
    body: null
    headers:
      Accept:
      - '*/*'
      Accept-Charset:
      - utf-8
      Accept-Encoding:
      - gzip, deflate
      Connection:
      - keep-alive
      User-Agent:
      - python-requests/2.22.0
      return-client-request-id:
      - 'true'
      x-client-CPU:
      - x64
      x-client-OS:
      - win32
      x-client-SKU:
      - Python
      x-client-Ver:
      - 1.2.2
    method: GET
    uri: https://login.windows.net/common/discovery/instance?authorization_endpoint=https%3A%2F%2Flogin.windows-ppe.net%2Ff686d426-8d16-42db-81b7-ab578e110ccd%2Foauth2%2Fauthorize&api-version=1.0
  response:
    body:
      string: '{"tenant_discovery_endpoint":"https://login.windows-ppe.net/f686d426-8d16-42db-81b7-ab578e110ccd/.well-known/openid-configuration"}'
    headers:
      access-control-allow-methods:
      - GET, OPTIONS
      access-control-allow-origin:
      - '*'
      cache-control:
      - private, max-age=86400
      content-length:
      - '131'
      content-type:
      - application/json; charset=utf-8
      date:
      - Fri, 17 Jan 2020 01:16:30 GMT
      p3p:
      - CP="DSP CUR OTPi IND OTRi ONL FIN"
      set-cookie:
      - fpc=AqcTCozL47FMhmCOjhoPhfM; expires=Sun, 16-Feb-2020 01:16:31 GMT; path=/;
        secure; HttpOnly; SameSite=None
      - esctx=AQABAAAAAABeAFzDwllzTYGDLh_qYbH8aY37J5f5mokBr3IPBDMfHFrAV6rf-Wmqr2x0IpFNnRKDk50wJhV01OvIcfYTTssld-P7rSgGyZ2V7HQKJ65-eQMsPOdj0SL47lq05arJ_CWSUOfEir7Ndsm0uG2qxYSx4RwvS3iHvtedjwkwKIgfL7o8WQlYi-PyHXjxeVO3YqggAA;
        domain=.login.windows.net; path=/; secure; HttpOnly; SameSite=None
      - x-ms-gateway-slice=prod; path=/; SameSite=None; secure; HttpOnly
      - stsservicecookie=ests; path=/; SameSite=None; secure; HttpOnly
      strict-transport-security:
      - max-age=31536000; includeSubDomains
      x-content-type-options:
      - nosniff
      x-ms-ests-server:
      - 2.1.9926.5 - WST ProdSlices
    status:
      code: 200
      message: OK
- request:
    body: null
    headers:
      Accept:
      - application/json
      Accept-Encoding:
      - gzip, deflate
      CommandName:
      - group deployment create
      Connection:
      - keep-alive
      ParameterSetName:
      - --resource-group --template-file --parameters --parameters --parameters --parameters
        --parameters
      User-Agent:
      - python/3.7.6 (Windows-10-10.0.18362-SP0) msrest/0.6.10 msrest_azure/0.6.2
        azure-mgmt-resource/6.0.0 Azure-SDK-For-Python AZURECLI/2.0.80
    method: GET
    uri: https://api-dogfood.resources.windows-int.net/subscriptions/00000000-0000-0000-0000-000000000000/resourcegroups/clitest.rg000001/providers/Microsoft.Resources/deployments/mock-deployment/operationStatuses/08586223831571757467?api-version=2019-07-01
  response:
    body:
      string: '{"status":"Succeeded"}'
    headers:
      cache-control:
      - no-cache
      content-length:
      - '22'
      content-type:
      - application/json; charset=utf-8
      date:
      - Fri, 17 Jan 2020 01:16:31 GMT
      expires:
      - '-1'
      pragma:
      - no-cache
      strict-transport-security:
      - max-age=31536000; includeSubDomains
      vary:
      - Accept-Encoding
      x-content-type-options:
      - nosniff
    status:
      code: 200
      message: OK
- request:
    body: null
    headers:
      Accept:
      - '*/*'
      Accept-Charset:
      - utf-8
      Accept-Encoding:
      - gzip, deflate
      Connection:
      - keep-alive
      User-Agent:
      - python-requests/2.22.0
      return-client-request-id:
      - 'true'
      x-client-CPU:
      - x64
      x-client-OS:
      - win32
      x-client-SKU:
      - Python
      x-client-Ver:
      - 1.2.2
    method: GET
    uri: https://login.windows.net/common/discovery/instance?authorization_endpoint=https%3A%2F%2Flogin.windows-ppe.net%2Ff686d426-8d16-42db-81b7-ab578e110ccd%2Foauth2%2Fauthorize&api-version=1.0
  response:
    body:
      string: '{"tenant_discovery_endpoint":"https://login.windows-ppe.net/f686d426-8d16-42db-81b7-ab578e110ccd/.well-known/openid-configuration"}'
    headers:
      access-control-allow-methods:
      - GET, OPTIONS
      access-control-allow-origin:
      - '*'
      cache-control:
      - private, max-age=86400
      content-length:
      - '131'
      content-type:
      - application/json; charset=utf-8
      date:
      - Fri, 17 Jan 2020 01:16:31 GMT
      p3p:
      - CP="DSP CUR OTPi IND OTRi ONL FIN"
      set-cookie:
      - fpc=Aj33PvDRRrtEqoiXpDywPdo; expires=Sun, 16-Feb-2020 01:16:31 GMT; path=/;
        secure; HttpOnly; SameSite=None
      - esctx=AQABAAAAAABeAFzDwllzTYGDLh_qYbH8KhDsCTNNo2EoOJkts3FMk9t6skG2UDqk6l1KlUppEqB2JmH8w7bXnKZ4h8YNSw41QWj14P_IdtEjGTZtp1H4ytZhR59xXnoitJd6TDPgBH6Osi7JXIq5GB71iAa3NM-aPOIptuapv2d-uVCIkDAxhcDv4bsIPJNpZ04r_ka1C9ogAA;
        domain=.login.windows.net; path=/; secure; HttpOnly; SameSite=None
      - x-ms-gateway-slice=prod; path=/; SameSite=None; secure; HttpOnly
      - stsservicecookie=ests; path=/; SameSite=None; secure; HttpOnly
      strict-transport-security:
      - max-age=31536000; includeSubDomains
      x-content-type-options:
      - nosniff
      x-ms-ests-server:
      - 2.1.9926.5 - WST ProdSlices
    status:
      code: 200
      message: OK
- request:
    body: null
    headers:
      Accept:
      - application/json
      Accept-Encoding:
      - gzip, deflate
      CommandName:
      - group deployment create
      Connection:
      - keep-alive
      ParameterSetName:
      - --resource-group --template-file --parameters --parameters --parameters --parameters
        --parameters
      User-Agent:
      - python/3.7.6 (Windows-10-10.0.18362-SP0) msrest/0.6.10 msrest_azure/0.6.2
        azure-mgmt-resource/6.0.0 Azure-SDK-For-Python AZURECLI/2.0.80
    method: GET
    uri: https://api-dogfood.resources.windows-int.net/subscriptions/00000000-0000-0000-0000-000000000000/resourcegroups/clitest.rg000001/providers/Microsoft.Resources/deployments/mock-deployment?api-version=2019-07-01
  response:
    body:
      string: '{"id":"/subscriptions/00000000-0000-0000-0000-000000000000/resourceGroups/clitest.rg000001/providers/Microsoft.Resources/deployments/taskrunquickbuildsample","name":"taskrunquickbuildsample","type":"Microsoft.Resources/deployments","properties":{"templateHash":"13112214626039113742","parameters":{"location":{"type":"String","value":"westus"},"registryName":{"type":"String","value":"clireg000002"},"taskRunName":{"type":"String","value":"testTaskRun"},"sourceLocation":{"type":"String","value":"https://github.com/Azure-Samples/acr-build-helloworld-node.git"},"dockerFilePath":{"type":"String","value":"Dockerfile"},"image":{"type":"String","value":"testtaskrun:v1"}},"mode":"Incremental","provisioningState":"Succeeded","timestamp":"2020-01-17T01:16:17.4804727Z","duration":"PT49.1786025S","correlationId":"54b797e8-f2e5-4eeb-8979-7dfe2a2715ee","providers":[{"namespace":"Microsoft.ContainerRegistry","resourceTypes":[{"resourceType":"registries/taskRuns","locations":["westus"]}]}],"dependencies":[],"outputs":{"taskRunName":{"type":"String","value":"testTaskRun"}},"outputResources":[{"id":"/subscriptions/00000000-0000-0000-0000-000000000000/resourceGroups/clitest.rg000001/providers/Microsoft.ContainerRegistry/registries/clireg000002/taskRuns/testTaskRun"}]}}'
    headers:
      cache-control:
      - no-cache
      content-length:
      - '1401'
      content-type:
      - application/json; charset=utf-8
      date:
      - Fri, 17 Jan 2020 01:16:32 GMT
      expires:
      - '-1'
      pragma:
      - no-cache
      strict-transport-security:
      - max-age=31536000; includeSubDomains
      vary:
      - Accept-Encoding
      x-content-type-options:
      - nosniff
    status:
      code: 200
      message: OK
- request:
    body: null
    headers:
      Accept:
      - '*/*'
      Accept-Charset:
      - utf-8
      Accept-Encoding:
      - gzip, deflate
      Connection:
      - keep-alive
      User-Agent:
      - python-requests/2.22.0
      return-client-request-id:
      - 'true'
      x-client-CPU:
      - x64
      x-client-OS:
      - win32
      x-client-SKU:
      - Python
      x-client-Ver:
      - 1.2.2
    method: GET
    uri: https://login.windows.net/common/discovery/instance?authorization_endpoint=https%3A%2F%2Flogin.windows-ppe.net%2Ff686d426-8d16-42db-81b7-ab578e110ccd%2Foauth2%2Fauthorize&api-version=1.0
  response:
    body:
      string: '{"tenant_discovery_endpoint":"https://login.windows-ppe.net/f686d426-8d16-42db-81b7-ab578e110ccd/.well-known/openid-configuration"}'
    headers:
      access-control-allow-methods:
      - GET, OPTIONS
      access-control-allow-origin:
      - '*'
      cache-control:
      - private, max-age=86400
      content-length:
      - '131'
      content-type:
      - application/json; charset=utf-8
      date:
      - Fri, 17 Jan 2020 01:16:32 GMT
      p3p:
      - CP="DSP CUR OTPi IND OTRi ONL FIN"
      set-cookie:
      - fpc=Ao-0SnR1h4RMuNNN1SLdepU; expires=Sun, 16-Feb-2020 01:16:33 GMT; path=/;
        secure; HttpOnly; SameSite=None
      - esctx=AQABAAAAAABeAFzDwllzTYGDLh_qYbH8rkv6HvARS6e3EKKL2YRL8i0NTR68f6TkeFYxqFognhOP_l1GXT7a08VY3bUiVZrpHZNvUrjliHZ5h_BIf7WdpXCTgH7mE0fZJFwqjfh8DZQcN_f8mH4m9ci10wSb7JWaxf6eSfNBqGHF7B8aXR9o2yRbcdA2kJy-J74ogETDel0gAA;
        domain=.login.windows.net; path=/; secure; HttpOnly; SameSite=None
      - x-ms-gateway-slice=prod; path=/; SameSite=None; secure; HttpOnly
      - stsservicecookie=ests; path=/; SameSite=None; secure; HttpOnly
      strict-transport-security:
      - max-age=31536000; includeSubDomains
      x-content-type-options:
      - nosniff
      x-ms-ests-server:
      - 2.1.9926.5 - WST ProdSlices
    status:
      code: 200
      message: OK
- request:
    body: null
    headers:
      Accept:
      - application/json
      Accept-Encoding:
      - gzip, deflate
      CommandName:
      - acr taskrun show
      Connection:
      - keep-alive
      ParameterSetName:
      - --name --taskrun-name --resource-group
      User-Agent:
      - python/3.7.6 (Windows-10-10.0.18362-SP0) msrest/0.6.10 msrest_azure/0.6.2
        azure-mgmt-containerregistry/3.0.0rc8 Azure-SDK-For-Python AZURECLI/2.0.80
      accept-language:
      - en-US
    method: GET
    uri: https://api-dogfood.resources.windows-int.net/subscriptions/00000000-0000-0000-0000-000000000000/resourceGroups/clitest.rg000001/providers/Microsoft.ContainerRegistry/registries/clireg000002?api-version=2019-05-01
  response:
    body:
      string: '{"sku":{"name":"Standard","tier":"Standard"},"type":"Microsoft.ContainerRegistry/registries","id":"/subscriptions/00000000-0000-0000-0000-000000000000/resourceGroups/clitest.rg000001/providers/Microsoft.ContainerRegistry/registries/clireg000002","name":"clireg000002","location":"westus","tags":{},"properties":{"loginServer":"clireg000002.azurecr-test.io","creationDate":"2020-01-17T01:15:23.8371192Z","provisioningState":"Succeeded","adminUserEnabled":false,"policies":{"quarantinePolicy":{"status":"disabled"},"trustPolicy":{"type":"Notary","status":"disabled"},"retentionPolicy":{"days":7,"lastUpdatedTime":"2020-01-17T01:15:25.4133575+00:00","status":"disabled"}}}}'
    headers:
      cache-control:
      - no-cache
      content-length:
      - '753'
      content-type:
      - application/json; charset=utf-8
      date:
      - Fri, 17 Jan 2020 01:16:34 GMT
      expires:
      - '-1'
      pragma:
      - no-cache
      server:
      - Microsoft-HTTPAPI/2.0
      strict-transport-security:
      - max-age=31536000; includeSubDomains
      transfer-encoding:
      - chunked
      vary:
      - Accept-Encoding
      x-content-type-options:
      - nosniff
    status:
      code: 200
      message: OK
- request:
    body: null
    headers:
      Accept:
      - '*/*'
      Accept-Charset:
      - utf-8
      Accept-Encoding:
      - gzip, deflate
      Connection:
      - keep-alive
      User-Agent:
      - python-requests/2.22.0
      return-client-request-id:
      - 'true'
      x-client-CPU:
      - x64
      x-client-OS:
      - win32
      x-client-SKU:
      - Python
      x-client-Ver:
      - 1.2.2
    method: GET
    uri: https://login.windows.net/common/discovery/instance?authorization_endpoint=https%3A%2F%2Flogin.windows-ppe.net%2Ff686d426-8d16-42db-81b7-ab578e110ccd%2Foauth2%2Fauthorize&api-version=1.0
  response:
    body:
      string: '{"tenant_discovery_endpoint":"https://login.windows-ppe.net/f686d426-8d16-42db-81b7-ab578e110ccd/.well-known/openid-configuration"}'
    headers:
      access-control-allow-methods:
      - GET, OPTIONS
      access-control-allow-origin:
      - '*'
      cache-control:
      - private, max-age=86400
      content-length:
      - '131'
      content-type:
      - application/json; charset=utf-8
      date:
      - Fri, 17 Jan 2020 01:16:33 GMT
      p3p:
      - CP="DSP CUR OTPi IND OTRi ONL FIN"
      set-cookie:
      - fpc=Ah2exWkW299CtDxWv0LC4_4; expires=Sun, 16-Feb-2020 01:16:34 GMT; path=/;
        secure; HttpOnly; SameSite=None
      - esctx=AQABAAAAAABeAFzDwllzTYGDLh_qYbH8_ubPgcf9xJrwA490sxQCFAR_0f-t8A_QX8wEHrVhyfT-0BmNHJJpHlY0M2wqgqWwEgEryvUP5kCQxGlc5oWXhu1s7_zsZaPMdpT4yRQEVQfr7br-qAKC3S9MlXH8lj7Dkd_bndawHL-CANZKAnL359TJYhbd8fclsK2pIYMFP9MgAA;
        domain=.login.windows.net; path=/; secure; HttpOnly; SameSite=None
      - x-ms-gateway-slice=prod; path=/; SameSite=None; secure; HttpOnly
      - stsservicecookie=ests; path=/; SameSite=None; secure; HttpOnly
      strict-transport-security:
      - max-age=31536000; includeSubDomains
      x-content-type-options:
      - nosniff
      x-ms-ests-server:
      - 2.1.9926.5 - WST ProdSlices
    status:
      code: 200
      message: OK
- request:
    body: null
    headers:
      Accept:
      - application/json
      Accept-Encoding:
      - gzip, deflate
      CommandName:
      - acr taskrun show
      Connection:
      - keep-alive
      ParameterSetName:
      - --name --taskrun-name --resource-group
      User-Agent:
      - python/3.7.6 (Windows-10-10.0.18362-SP0) msrest/0.6.10 msrest_azure/0.6.2
        azure-mgmt-containerregistry/3.0.0rc8 Azure-SDK-For-Python AZURECLI/2.0.80
      accept-language:
      - en-US
    method: GET
    uri: https://api-dogfood.resources.windows-int.net/subscriptions/00000000-0000-0000-0000-000000000000/resourceGroups/clitest.rg000001/providers/Microsoft.ContainerRegistry/registries/clireg000002/taskRuns/testTaskRun?api-version=2019-06-01-preview
  response:
    body:
      string: '{"type":"Microsoft.ContainerRegistry/registries/taskRuns","properties":{"provisioningState":"Succeeded","runRequest":{"type":"DockerBuildRequest","imageNames":["testtaskrun:v1"],"isPushEnabled":true,"noCache":false,"dockerFilePath":"Dockerfile","platform":{"os":"linux","architecture":"amd64"},"sourceLocation":"https://github.com/Azure-Samples/acr-build-helloworld-node.git","isArchiveEnabled":true},"runResult":{"type":"Microsoft.ContainerRegistry/registries/runs","properties":{"runId":"yd1","status":"Succeeded","lastUpdatedTime":"2020-01-17T01:16:15+00:00","runType":"QuickRun","createTime":"2020-01-17T01:15:46.6809011+00:00","startTime":"2020-01-17T01:15:47.1555629+00:00","finishTime":"2020-01-17T01:16:15.4582532+00:00","outputImages":[{"registry":"clireg000002.azurecr-test.io","repository":"testtaskrun","tag":"v1","digest":"sha256:0a0a8fa2530ea286e41c8d52943fa1b994b24f80c8c555bed6065d52d6b547cb"}],"platform":{"os":"linux","architecture":"amd64"},"agentConfiguration":{"cpu":2},"provisioningState":"Succeeded","isArchiveEnabled":true},"id":"/subscriptions/00000000-0000-0000-0000-000000000000/resourceGroups/clitest.rg000001/providers/Microsoft.ContainerRegistry/registries/clireg000002/runs/yd1","name":"yd1"}},"id":"/subscriptions/00000000-0000-0000-0000-000000000000/resourceGroups/clitest.rg000001/providers/Microsoft.ContainerRegistry/registries/clireg000002/taskRuns/testTaskRun","name":"testTaskRun","location":"WESTUS"}'
    headers:
      cache-control:
      - no-cache
      content-length:
      - '1582'
      content-type:
      - application/json; charset=utf-8
      date:
      - Fri, 17 Jan 2020 01:16:35 GMT
      expires:
      - '-1'
      pragma:
      - no-cache
      server:
      - nginx/1.15.10
      strict-transport-security:
      - max-age=31536000; includeSubDomains
      transfer-encoding:
      - chunked
      vary:
      - Accept-Encoding,Accept-Encoding
      x-content-type-options:
      - nosniff
    status:
      code: 200
      message: OK
- request:
    body: null
    headers:
      Accept:
      - '*/*'
      Accept-Charset:
      - utf-8
      Accept-Encoding:
      - gzip, deflate
      Connection:
      - keep-alive
      User-Agent:
      - python-requests/2.22.0
      return-client-request-id:
      - 'true'
      x-client-CPU:
      - x64
      x-client-OS:
      - win32
      x-client-SKU:
      - Python
      x-client-Ver:
      - 1.2.2
    method: GET
    uri: https://login.windows.net/common/discovery/instance?authorization_endpoint=https%3A%2F%2Flogin.windows-ppe.net%2Ff686d426-8d16-42db-81b7-ab578e110ccd%2Foauth2%2Fauthorize&api-version=1.0
  response:
    body:
      string: '{"tenant_discovery_endpoint":"https://login.windows-ppe.net/f686d426-8d16-42db-81b7-ab578e110ccd/.well-known/openid-configuration"}'
    headers:
      access-control-allow-methods:
      - GET, OPTIONS
      access-control-allow-origin:
      - '*'
      cache-control:
      - private, max-age=86400
      content-length:
      - '131'
      content-type:
      - application/json; charset=utf-8
      date:
      - Fri, 17 Jan 2020 01:16:35 GMT
      p3p:
      - CP="DSP CUR OTPi IND OTRi ONL FIN"
      set-cookie:
      - fpc=Am8H1incARFNhBCfHc_SuIE; expires=Sun, 16-Feb-2020 01:16:36 GMT; path=/;
        secure; HttpOnly; SameSite=None
      - esctx=AQABAAAAAABeAFzDwllzTYGDLh_qYbH8klyBBob7_5b56B1K_LsEAwfsZpQfnmA30w6uZBSstsfckDCXPKOQUmcxdVOlih7GTNBY7mvNn9fHlOH_tU31SV62d2sHXL7vGspWqD18FL40esQn8IJHM_o50xxowghUzD_OlZzea25hyRviJGu8jBECYWvAhRHafykOBXv-t5ggAA;
        domain=.login.windows.net; path=/; secure; HttpOnly; SameSite=None
      - x-ms-gateway-slice=prod; path=/; SameSite=None; secure; HttpOnly
      - stsservicecookie=ests; path=/; SameSite=None; secure; HttpOnly
      strict-transport-security:
      - max-age=31536000; includeSubDomains
      x-content-type-options:
      - nosniff
      x-ms-ests-server:
      - 2.1.9926.5 - WST ProdSlices
    status:
      code: 200
      message: OK
- request:
    body: null
    headers:
      Accept:
      - application/json
      Accept-Encoding:
      - gzip, deflate
      CommandName:
      - acr taskrun list
      Connection:
      - keep-alive
      ParameterSetName:
      - --name --resource-group
      User-Agent:
      - python/3.7.6 (Windows-10-10.0.18362-SP0) msrest/0.6.10 msrest_azure/0.6.2
        azure-mgmt-containerregistry/3.0.0rc8 Azure-SDK-For-Python AZURECLI/2.0.80
      accept-language:
      - en-US
    method: GET
    uri: https://api-dogfood.resources.windows-int.net/subscriptions/00000000-0000-0000-0000-000000000000/resourceGroups/clitest.rg000001/providers/Microsoft.ContainerRegistry/registries/clireg000002?api-version=2019-05-01
  response:
    body:
      string: '{"sku":{"name":"Standard","tier":"Standard"},"type":"Microsoft.ContainerRegistry/registries","id":"/subscriptions/00000000-0000-0000-0000-000000000000/resourceGroups/clitest.rg000001/providers/Microsoft.ContainerRegistry/registries/clireg000002","name":"clireg000002","location":"westus","tags":{},"properties":{"loginServer":"clireg000002.azurecr-test.io","creationDate":"2020-01-17T01:15:23.8371192Z","provisioningState":"Succeeded","adminUserEnabled":false,"policies":{"quarantinePolicy":{"status":"disabled"},"trustPolicy":{"type":"Notary","status":"disabled"},"retentionPolicy":{"days":7,"lastUpdatedTime":"2020-01-17T01:15:25.4133575+00:00","status":"disabled"}}}}'
    headers:
      cache-control:
      - no-cache
      content-length:
      - '753'
      content-type:
      - application/json; charset=utf-8
      date:
      - Fri, 17 Jan 2020 01:16:37 GMT
      expires:
      - '-1'
      pragma:
      - no-cache
      server:
      - Microsoft-HTTPAPI/2.0
      strict-transport-security:
      - max-age=31536000; includeSubDomains
      transfer-encoding:
      - chunked
      vary:
      - Accept-Encoding
      x-content-type-options:
      - nosniff
    status:
      code: 200
      message: OK
- request:
    body: null
    headers:
      Accept:
      - '*/*'
      Accept-Charset:
      - utf-8
      Accept-Encoding:
      - gzip, deflate
      Connection:
      - keep-alive
      User-Agent:
      - python-requests/2.22.0
      return-client-request-id:
      - 'true'
      x-client-CPU:
      - x64
      x-client-OS:
      - win32
      x-client-SKU:
      - Python
      x-client-Ver:
      - 1.2.2
    method: GET
    uri: https://login.windows.net/common/discovery/instance?authorization_endpoint=https%3A%2F%2Flogin.windows-ppe.net%2Ff686d426-8d16-42db-81b7-ab578e110ccd%2Foauth2%2Fauthorize&api-version=1.0
  response:
    body:
      string: '{"tenant_discovery_endpoint":"https://login.windows-ppe.net/f686d426-8d16-42db-81b7-ab578e110ccd/.well-known/openid-configuration"}'
    headers:
      access-control-allow-methods:
      - GET, OPTIONS
      access-control-allow-origin:
      - '*'
      cache-control:
      - private, max-age=86400
      content-length:
      - '131'
      content-type:
      - application/json; charset=utf-8
      date:
      - Fri, 17 Jan 2020 01:16:37 GMT
      p3p:
      - CP="DSP CUR OTPi IND OTRi ONL FIN"
      set-cookie:
      - fpc=AkeOM-0WvapNvaql2rXpW94; expires=Sun, 16-Feb-2020 01:16:37 GMT; path=/;
        secure; HttpOnly; SameSite=None
      - esctx=AQABAAAAAABeAFzDwllzTYGDLh_qYbH8ps0WLrYgtPXSVB2NN9t-QSHs_lgNM7SVwyuQ4Zvij1FIs1lb3qbfgcp1uTgMu8caGZBjYJMt6MMhqjpJqcHAqJlzD0ykjIAr56Vf4Etce9uho3zEc_aZLV0wJ9pc_eC4iyeqdxIH4qIRfYUMGm10mxCvGfeV17-s6gkWG12v0BQgAA;
        domain=.login.windows.net; path=/; secure; HttpOnly; SameSite=None
      - x-ms-gateway-slice=prod; path=/; SameSite=None; secure; HttpOnly
      - stsservicecookie=ests; path=/; SameSite=None; secure; HttpOnly
      strict-transport-security:
      - max-age=31536000; includeSubDomains
      x-content-type-options:
      - nosniff
      x-ms-ests-server:
      - 2.1.9926.5 - WST ProdSlices
    status:
      code: 200
      message: OK
- request:
    body: null
    headers:
      Accept:
      - application/json
      Accept-Encoding:
      - gzip, deflate
      CommandName:
      - acr taskrun list
      Connection:
      - keep-alive
      ParameterSetName:
      - --name --resource-group
      User-Agent:
      - python/3.7.6 (Windows-10-10.0.18362-SP0) msrest/0.6.10 msrest_azure/0.6.2
        azure-mgmt-containerregistry/3.0.0rc8 Azure-SDK-For-Python AZURECLI/2.0.80
      accept-language:
      - en-US
    method: GET
    uri: https://api-dogfood.resources.windows-int.net/subscriptions/00000000-0000-0000-0000-000000000000/resourceGroups/clitest.rg000001/providers/Microsoft.ContainerRegistry/registries/clireg000002/taskRuns?api-version=2019-06-01-preview
  response:
    body:
      string: '{"value":[{"type":"Microsoft.ContainerRegistry/registries/taskRuns","properties":{"provisioningState":"Succeeded","runRequest":{"type":"DockerBuildRequest","imageNames":["testtaskrun:v1"],"isPushEnabled":true,"noCache":false,"dockerFilePath":"Dockerfile","platform":{"os":"linux","architecture":"amd64"},"sourceLocation":"https://github.com/Azure-Samples/acr-build-helloworld-node.git","isArchiveEnabled":true},"runResult":{"type":"Microsoft.ContainerRegistry/registries/runs","properties":{"runId":"yd1","status":"Succeeded","lastUpdatedTime":"2020-01-17T01:16:15+00:00","runType":"QuickRun","createTime":"2020-01-17T01:15:46.6809011+00:00","startTime":"2020-01-17T01:15:47.1555629+00:00","finishTime":"2020-01-17T01:16:15.4582532+00:00","outputImages":[{"registry":"clireg000002.azurecr-test.io","repository":"testtaskrun","tag":"v1","digest":"sha256:0a0a8fa2530ea286e41c8d52943fa1b994b24f80c8c555bed6065d52d6b547cb"}],"platform":{"os":"linux","architecture":"amd64"},"agentConfiguration":{"cpu":2},"provisioningState":"Succeeded","isArchiveEnabled":true},"id":"/subscriptions/00000000-0000-0000-0000-000000000000/resourceGroups/clitest.rg000001/providers/Microsoft.ContainerRegistry/registries/clireg000002/runs/yd1","name":"yd1"}},"id":"/subscriptions/00000000-0000-0000-0000-000000000000/resourceGroups/clitest.rg000001/providers/Microsoft.ContainerRegistry/registries/clireg000002/taskRuns/testTaskRun","name":"testTaskRun","location":"WESTUS"}]}'
    headers:
      cache-control:
      - no-cache
      content-length:
      - '1594'
      content-type:
      - application/json; charset=utf-8
      date:
      - Fri, 17 Jan 2020 01:16:38 GMT
      expires:
      - '-1'
      pragma:
      - no-cache
      server:
      - nginx/1.15.10
      strict-transport-security:
      - max-age=31536000; includeSubDomains
      transfer-encoding:
      - chunked
      vary:
      - Accept-Encoding,Accept-Encoding
      x-content-type-options:
      - nosniff
    status:
      code: 200
      message: OK
- request:
    body: null
    headers:
      Accept:
      - '*/*'
      Accept-Charset:
      - utf-8
      Accept-Encoding:
      - gzip, deflate
      Connection:
      - keep-alive
      User-Agent:
      - python-requests/2.22.0
      return-client-request-id:
      - 'true'
      x-client-CPU:
      - x64
      x-client-OS:
      - win32
      x-client-SKU:
      - Python
      x-client-Ver:
      - 1.2.2
    method: GET
    uri: https://login.windows.net/common/discovery/instance?authorization_endpoint=https%3A%2F%2Flogin.windows-ppe.net%2Ff686d426-8d16-42db-81b7-ab578e110ccd%2Foauth2%2Fauthorize&api-version=1.0
  response:
    body:
      string: '{"tenant_discovery_endpoint":"https://login.windows-ppe.net/f686d426-8d16-42db-81b7-ab578e110ccd/.well-known/openid-configuration"}'
    headers:
      access-control-allow-methods:
      - GET, OPTIONS
      access-control-allow-origin:
      - '*'
      cache-control:
      - private, max-age=86400
      content-length:
      - '131'
      content-type:
      - application/json; charset=utf-8
      date:
      - Fri, 17 Jan 2020 01:16:38 GMT
      p3p:
      - CP="DSP CUR OTPi IND OTRi ONL FIN"
      set-cookie:
      - fpc=AuuXvTvHqbpMi0ZJucdNrrE; expires=Sun, 16-Feb-2020 01:16:39 GMT; path=/;
        secure; HttpOnly; SameSite=None
      - esctx=AQABAAAAAABeAFzDwllzTYGDLh_qYbH8y0u4Ypv8C95y6VdG3-l3hagcT72RLvUwSQ5Sdp_EKIU3eQ8pmNLszxZT53IwoCDlux1mI-I3giblY8yDwBiM_JdCR1UHoiWgod6IP43eIR6jUqSdr9Zi5_cp7nCzEgKlLqoyqIOil5aSwL8U4sf76wJdwZf9O_mXfstIyVOHqy4gAA;
        domain=.login.windows.net; path=/; secure; HttpOnly; SameSite=None
      - x-ms-gateway-slice=prod; path=/; SameSite=None; secure; HttpOnly
      - stsservicecookie=ests; path=/; SameSite=None; secure; HttpOnly
      strict-transport-security:
      - max-age=31536000; includeSubDomains
      x-content-type-options:
      - nosniff
      x-ms-ests-server:
      - 2.1.9926.5 - WST ProdSlices
    status:
      code: 200
      message: OK
- request:
    body: null
    headers:
      Accept:
      - application/json
      Accept-Encoding:
      - gzip, deflate
      CommandName:
      - acr taskrun delete
      Connection:
      - keep-alive
      ParameterSetName:
      - --name --taskrun-name --resource-group
      User-Agent:
      - python/3.7.6 (Windows-10-10.0.18362-SP0) msrest/0.6.10 msrest_azure/0.6.2
        azure-mgmt-containerregistry/3.0.0rc8 Azure-SDK-For-Python AZURECLI/2.0.80
      accept-language:
      - en-US
    method: GET
    uri: https://api-dogfood.resources.windows-int.net/subscriptions/00000000-0000-0000-0000-000000000000/resourceGroups/clitest.rg000001/providers/Microsoft.ContainerRegistry/registries/clireg000002?api-version=2019-05-01
  response:
    body:
      string: '{"sku":{"name":"Standard","tier":"Standard"},"type":"Microsoft.ContainerRegistry/registries","id":"/subscriptions/00000000-0000-0000-0000-000000000000/resourceGroups/clitest.rg000001/providers/Microsoft.ContainerRegistry/registries/clireg000002","name":"clireg000002","location":"westus","tags":{},"properties":{"loginServer":"clireg000002.azurecr-test.io","creationDate":"2020-01-17T01:15:23.8371192Z","provisioningState":"Succeeded","adminUserEnabled":false,"policies":{"quarantinePolicy":{"status":"disabled"},"trustPolicy":{"type":"Notary","status":"disabled"},"retentionPolicy":{"days":7,"lastUpdatedTime":"2020-01-17T01:15:25.4133575+00:00","status":"disabled"}}}}'
    headers:
      cache-control:
      - no-cache
      content-length:
      - '753'
      content-type:
      - application/json; charset=utf-8
      date:
      - Fri, 17 Jan 2020 01:16:40 GMT
      expires:
      - '-1'
      pragma:
      - no-cache
      server:
      - Microsoft-HTTPAPI/2.0
      strict-transport-security:
      - max-age=31536000; includeSubDomains
      transfer-encoding:
      - chunked
      vary:
      - Accept-Encoding
      x-content-type-options:
      - nosniff
    status:
      code: 200
      message: OK
- request:
    body: null
    headers:
      Accept:
      - '*/*'
      Accept-Charset:
      - utf-8
      Accept-Encoding:
      - gzip, deflate
      Connection:
      - keep-alive
      User-Agent:
      - python-requests/2.22.0
      return-client-request-id:
      - 'true'
      x-client-CPU:
      - x64
      x-client-OS:
      - win32
      x-client-SKU:
      - Python
      x-client-Ver:
      - 1.2.2
    method: GET
    uri: https://login.windows.net/common/discovery/instance?authorization_endpoint=https%3A%2F%2Flogin.windows-ppe.net%2Ff686d426-8d16-42db-81b7-ab578e110ccd%2Foauth2%2Fauthorize&api-version=1.0
  response:
    body:
      string: '{"tenant_discovery_endpoint":"https://login.windows-ppe.net/f686d426-8d16-42db-81b7-ab578e110ccd/.well-known/openid-configuration"}'
    headers:
      access-control-allow-methods:
      - GET, OPTIONS
      access-control-allow-origin:
      - '*'
      cache-control:
      - private, max-age=86400
      content-length:
      - '131'
      content-type:
      - application/json; charset=utf-8
      date:
      - Fri, 17 Jan 2020 01:16:40 GMT
      p3p:
      - CP="DSP CUR OTPi IND OTRi ONL FIN"
      set-cookie:
      - fpc=AvvOgq0BN1REkYRnrjnllqE; expires=Sun, 16-Feb-2020 01:16:40 GMT; path=/;
        secure; HttpOnly; SameSite=None
      - esctx=AQABAAAAAABeAFzDwllzTYGDLh_qYbH8CGIuff0mtIRVvSGFsi6O_8whzYryHm-JRJe42R-W201SNta4m4_CKWs-3cQM1Y4zvJ9vwbAv_XZbch0J6EcYyK-JrGb9dS2Kza4kLmPp4eMzS5Jd9U_iVgxs-gPwH-597GA4HO9fqfWrxJDeD8HXjS32j1qJIhIHJjC3leiOgysgAA;
        domain=.login.windows.net; path=/; secure; HttpOnly; SameSite=None
      - x-ms-gateway-slice=prod; path=/; SameSite=None; secure; HttpOnly
      - stsservicecookie=ests; path=/; SameSite=None; secure; HttpOnly
      strict-transport-security:
      - max-age=31536000; includeSubDomains
      x-content-type-options:
      - nosniff
      x-ms-ests-server:
      - 2.1.9926.5 - WST ProdSlices
    status:
      code: 200
      message: OK
- request:
    body: null
    headers:
      Accept:
      - application/json
      Accept-Encoding:
      - gzip, deflate
      CommandName:
      - acr taskrun delete
      Connection:
      - keep-alive
      Content-Length:
      - '0'
      ParameterSetName:
      - --name --taskrun-name --resource-group
      User-Agent:
      - python/3.7.6 (Windows-10-10.0.18362-SP0) msrest/0.6.10 msrest_azure/0.6.2
        azure-mgmt-containerregistry/3.0.0rc8 Azure-SDK-For-Python AZURECLI/2.0.80
      accept-language:
      - en-US
    method: DELETE
    uri: https://api-dogfood.resources.windows-int.net/subscriptions/00000000-0000-0000-0000-000000000000/resourceGroups/clitest.rg000001/providers/Microsoft.ContainerRegistry/registries/clireg000002/taskRuns/testTaskRun?api-version=2019-06-01-preview
  response:
    body:
      string: ''
    headers:
      cache-control:
      - no-cache
      content-length:
      - '0'
      date:
      - Fri, 17 Jan 2020 01:16:42 GMT
      expires:
      - '-1'
      pragma:
      - no-cache
      server:
      - nginx/1.15.10
      strict-transport-security:
      - max-age=31536000; includeSubDomains
      x-content-type-options:
      - nosniff
      x-ms-ratelimit-remaining-subscription-deletes:
      - '14999'
    status:
      code: 200
      message: OK
version: 1
