interactions:
- request:
    body: null
    headers:
      Accept:
      - application/json
      Accept-Encoding:
      - gzip, deflate
      CommandName:
      - acr create
      Connection:
      - keep-alive
      ParameterSetName:
      - --name --resource-group --sku
      User-Agent:
      - python/3.7.9 (Windows-10-10.0.19041-SP0) msrest/0.6.18 msrest_azure/0.6.3
        azure-mgmt-resource/10.3.0 Azure-SDK-For-Python AZURECLI/2.16.0
      accept-language:
      - en-US
    method: GET
    uri: https://management.azure.com/subscriptions/00000000-0000-0000-0000-000000000000/resourcegroups/clitest.rg000001?api-version=2020-10-01
  response:
    body:
      string: '{"id":"/subscriptions/00000000-0000-0000-0000-000000000000/resourceGroups/clitest.rg000001","name":"clitest.rg000001","type":"Microsoft.Resources/resourceGroups","location":"westus","tags":{"product":"azurecli","cause":"automation","date":"2020-12-22T21:41:11Z"},"properties":{"provisioningState":"Succeeded"}}'
    headers:
      cache-control:
      - no-cache
      content-length:
      - '428'
      content-type:
      - application/json; charset=utf-8
      date:
      - Tue, 22 Dec 2020 21:41:12 GMT
      expires:
      - '-1'
      pragma:
      - no-cache
      strict-transport-security:
      - max-age=31536000; includeSubDomains
      vary:
      - Accept-Encoding
      x-content-type-options:
      - nosniff
    status:
      code: 200
      message: OK
- request:
    body: '{"location": "westus", "sku": {"name": "Premium"}, "properties": {"adminUserEnabled":
      false, "publicNetworkAccess": "Enabled", "networkRuleBypassOptions": "AzureServices"}}'
    headers:
      Accept:
      - application/json
      Accept-Encoding:
      - gzip, deflate
      CommandName:
      - acr create
      Connection:
      - keep-alive
      Content-Length:
      - '172'
      Content-Type:
      - application/json; charset=utf-8
      ParameterSetName:
      - --name --resource-group --sku
      User-Agent:
      - python/3.7.9 (Windows-10-10.0.19041-SP0) msrest/0.6.18 msrest_azure/0.6.3
        azure-mgmt-containerregistry/3.0.0rc16 Azure-SDK-For-Python AZURECLI/2.16.0
      accept-language:
      - en-US
    method: PUT
    uri: https://management.azure.com/subscriptions/00000000-0000-0000-0000-000000000000/resourceGroups/clitest.rg000001/providers/Microsoft.ContainerRegistry/registries/testreg000002?api-version=2020-11-01-preview
  response:
    body:
      string: '{"sku":{"name":"Premium","tier":"Premium"},"type":"Microsoft.ContainerRegistry/registries","id":"/subscriptions/00000000-0000-0000-0000-000000000000/resourceGroups/clitest.rg000001/providers/Microsoft.ContainerRegistry/registries/testreg000002","name":"testreg000002","location":"westus","tags":{},"systemData":{"createdBy":"oladewal@microsoft.com","createdByType":"User","createdAt":"2020-12-22T21:41:14.8652885+00:00","lastModifiedBy":"oladewal@microsoft.com","lastModifiedByType":"User","lastModifiedAt":"2020-12-22T21:41:14.8652885+00:00"},"properties":{"loginServer":"testreg000002.azurecr.io","creationDate":"2020-12-22T21:41:14.8652885Z","provisioningState":"Succeeded","adminUserEnabled":false,"networkRuleSet":{"defaultAction":"Allow","virtualNetworkRules":[],"ipRules":[]},"policies":{"quarantinePolicy":{"status":"disabled"},"trustPolicy":{"type":"Notary","status":"disabled"},"retentionPolicy":{"days":7,"lastUpdatedTime":"2020-12-22T21:41:16.4137368+00:00","status":"disabled"}},"encryption":{"status":"disabled"},"dataEndpointEnabled":false,"dataEndpointHostNames":[],"privateEndpointConnections":[],"publicNetworkAccess":"Enabled","networkRuleBypassOptions":"AzureServices","zoneRedundancy":"Disabled"}}'
    headers:
      cache-control:
      - no-cache
      content-length:
      - '1298'
      content-type:
      - application/json; charset=utf-8
      date:
      - Tue, 22 Dec 2020 21:41:16 GMT
      expires:
      - '-1'
      pragma:
      - no-cache
      server:
      - Microsoft-HTTPAPI/2.0
      strict-transport-security:
      - max-age=31536000; includeSubDomains
      transfer-encoding:
      - chunked
      vary:
      - Accept-Encoding
      x-content-type-options:
      - nosniff
      x-ms-ratelimit-remaining-subscription-writes:
      - '1196'
    status:
      code: 200
      message: OK
- request:
    body: null
    headers:
      Accept:
      - application/json
      Accept-Encoding:
      - gzip, deflate
      CommandName:
      - acr show-endpoints
      Connection:
      - keep-alive
      ParameterSetName:
      - --name --resource-group
      User-Agent:
      - python/3.7.9 (Windows-10-10.0.19041-SP0) msrest/0.6.18 msrest_azure/0.6.3
        azure-mgmt-containerregistry/3.0.0rc16 Azure-SDK-For-Python AZURECLI/2.16.0
      accept-language:
      - en-US
    method: GET
    uri: https://management.azure.com/subscriptions/00000000-0000-0000-0000-000000000000/resourceGroups/clitest.rg000001/providers/Microsoft.ContainerRegistry/registries/testreg000002?api-version=2020-11-01-preview
  response:
    body:
      string: '{"sku":{"name":"Premium","tier":"Premium"},"type":"Microsoft.ContainerRegistry/registries","id":"/subscriptions/00000000-0000-0000-0000-000000000000/resourceGroups/clitest.rg000001/providers/Microsoft.ContainerRegistry/registries/testreg000002","name":"testreg000002","location":"westus","tags":{},"systemData":{"createdBy":"oladewal@microsoft.com","createdByType":"User","createdAt":"2020-12-22T21:41:14.8652885+00:00","lastModifiedBy":"oladewal@microsoft.com","lastModifiedByType":"User","lastModifiedAt":"2020-12-22T21:41:14.8652885+00:00"},"properties":{"loginServer":"testreg000002.azurecr.io","creationDate":"2020-12-22T21:41:14.8652885Z","provisioningState":"Succeeded","adminUserEnabled":false,"networkRuleSet":{"defaultAction":"Allow","virtualNetworkRules":[],"ipRules":[]},"policies":{"quarantinePolicy":{"status":"disabled"},"trustPolicy":{"type":"Notary","status":"disabled"},"retentionPolicy":{"days":7,"lastUpdatedTime":"2020-12-22T21:41:16.4137368+00:00","status":"disabled"}},"encryption":{"status":"disabled"},"dataEndpointEnabled":false,"dataEndpointHostNames":[],"privateEndpointConnections":[],"publicNetworkAccess":"Enabled","networkRuleBypassOptions":"AzureServices","zoneRedundancy":"Disabled"}}'
    headers:
      cache-control:
      - no-cache
      content-length:
      - '1298'
      content-type:
      - application/json; charset=utf-8
      date:
      - Tue, 22 Dec 2020 21:41:17 GMT
      expires:
      - '-1'
      pragma:
      - no-cache
      server:
      - Microsoft-HTTPAPI/2.0
      strict-transport-security:
      - max-age=31536000; includeSubDomains
      transfer-encoding:
      - chunked
      vary:
      - Accept-Encoding
      x-content-type-options:
      - nosniff
    status:
      code: 200
      message: OK
- request:
    body: null
    headers:
      Accept:
      - application/json
      Accept-Encoding:
      - gzip, deflate
      CommandName:
      - acr show-endpoints
      Connection:
      - keep-alive
      ParameterSetName:
      - --name --resource-group
      User-Agent:
      - python/3.7.9 (Windows-10-10.0.19041-SP0) msrest/0.6.18 msrest_azure/0.6.3
        azure-mgmt-containerregistry/3.0.0rc16 Azure-SDK-For-Python AZURECLI/2.16.0
      accept-language:
      - en-US
    method: GET
    uri: https://management.azure.com/subscriptions/00000000-0000-0000-0000-000000000000/resourceGroups/clitest.rg000001/providers/Microsoft.ContainerRegistry/registries/testreg000002/replications?api-version=2020-11-01-preview
  response:
    body:
      string: '{"value":[]}'
    headers:
      cache-control:
      - no-cache
      content-length:
      - '12'
      content-type:
      - application/json; charset=utf-8
      date:
      - Tue, 22 Dec 2020 21:41:18 GMT
      expires:
      - '-1'
      pragma:
      - no-cache
      server:
      - Microsoft-HTTPAPI/2.0
      strict-transport-security:
      - max-age=31536000; includeSubDomains
      transfer-encoding:
      - chunked
      vary:
      - Accept-Encoding
      x-content-type-options:
      - nosniff
    status:
      code: 200
      message: OK
- request:
    body: null
    headers:
      Accept:
      - application/json
      Accept-Encoding:
      - gzip, deflate
      CommandName:
      - acr update
      Connection:
      - keep-alive
      ParameterSetName:
      - --name --resource-group --data-endpoint-enabled
      User-Agent:
      - python/3.7.9 (Windows-10-10.0.19041-SP0) msrest/0.6.18 msrest_azure/0.6.3
        azure-mgmt-containerregistry/3.0.0rc16 Azure-SDK-For-Python AZURECLI/2.16.0
      accept-language:
      - en-US
    method: GET
    uri: https://management.azure.com/subscriptions/00000000-0000-0000-0000-000000000000/resourceGroups/clitest.rg000001/providers/Microsoft.ContainerRegistry/registries/testreg000002?api-version=2020-11-01-preview
  response:
    body:
      string: '{"sku":{"name":"Premium","tier":"Premium"},"type":"Microsoft.ContainerRegistry/registries","id":"/subscriptions/00000000-0000-0000-0000-000000000000/resourceGroups/clitest.rg000001/providers/Microsoft.ContainerRegistry/registries/testreg000002","name":"testreg000002","location":"westus","tags":{},"systemData":{"createdBy":"oladewal@microsoft.com","createdByType":"User","createdAt":"2020-12-22T21:41:14.8652885+00:00","lastModifiedBy":"oladewal@microsoft.com","lastModifiedByType":"User","lastModifiedAt":"2020-12-22T21:41:14.8652885+00:00"},"properties":{"loginServer":"testreg000002.azurecr.io","creationDate":"2020-12-22T21:41:14.8652885Z","provisioningState":"Succeeded","adminUserEnabled":false,"networkRuleSet":{"defaultAction":"Allow","virtualNetworkRules":[],"ipRules":[]},"policies":{"quarantinePolicy":{"status":"disabled"},"trustPolicy":{"type":"Notary","status":"disabled"},"retentionPolicy":{"days":7,"lastUpdatedTime":"2020-12-22T21:41:16.4137368+00:00","status":"disabled"}},"encryption":{"status":"disabled"},"dataEndpointEnabled":false,"dataEndpointHostNames":[],"privateEndpointConnections":[],"publicNetworkAccess":"Enabled","networkRuleBypassOptions":"AzureServices","zoneRedundancy":"Disabled"}}'
    headers:
      cache-control:
      - no-cache
      content-length:
      - '1298'
      content-type:
      - application/json; charset=utf-8
      date:
      - Tue, 22 Dec 2020 21:41:19 GMT
      expires:
      - '-1'
      pragma:
      - no-cache
      server:
      - Microsoft-HTTPAPI/2.0
      strict-transport-security:
      - max-age=31536000; includeSubDomains
      transfer-encoding:
      - chunked
      vary:
      - Accept-Encoding
      x-content-type-options:
      - nosniff
    status:
      code: 200
      message: OK
- request:
    body: '{"properties": {"dataEndpointEnabled": true, "networkRuleBypassOptions":
      "AzureServices"}}'
    headers:
      Accept:
      - application/json
      Accept-Encoding:
      - gzip, deflate
      CommandName:
      - acr update
      Connection:
      - keep-alive
      Content-Length:
      - '90'
      Content-Type:
      - application/json; charset=utf-8
      ParameterSetName:
      - --name --resource-group --data-endpoint-enabled
      User-Agent:
      - python/3.7.9 (Windows-10-10.0.19041-SP0) msrest/0.6.18 msrest_azure/0.6.3
        azure-mgmt-containerregistry/3.0.0rc16 Azure-SDK-For-Python AZURECLI/2.16.0
      accept-language:
      - en-US
    method: PATCH
    uri: https://management.azure.com/subscriptions/00000000-0000-0000-0000-000000000000/resourceGroups/clitest.rg000001/providers/Microsoft.ContainerRegistry/registries/testreg000002?api-version=2020-11-01-preview
  response:
    body:
      string: '{"sku":{"name":"Premium","tier":"Premium"},"type":"Microsoft.ContainerRegistry/registries","id":"/subscriptions/00000000-0000-0000-0000-000000000000/resourceGroups/clitest.rg000001/providers/Microsoft.ContainerRegistry/registries/testreg000002","name":"testreg000002","location":"westus","tags":{},"systemData":{"createdBy":"oladewal@microsoft.com","createdByType":"User","createdAt":"2020-12-22T21:41:14.8652885+00:00","lastModifiedBy":"oladewal@microsoft.com","lastModifiedByType":"User","lastModifiedAt":"2020-12-22T21:41:20.1642282+00:00"},"properties":{"loginServer":"testreg000002.azurecr.io","creationDate":"2020-12-22T21:41:14.8652885Z","provisioningState":"Succeeded","adminUserEnabled":false,"networkRuleSet":{"defaultAction":"Allow","virtualNetworkRules":[],"ipRules":[]},"policies":{"quarantinePolicy":{"status":"disabled"},"trustPolicy":{"type":"Notary","status":"disabled"},"retentionPolicy":{"days":7,"lastUpdatedTime":"2020-12-22T21:41:16.4137368+00:00","status":"disabled"}},"encryption":{"status":"disabled"},"dataEndpointEnabled":true,"dataEndpointHostNames":["testreg000002.westus.data.azurecr.io"],"privateEndpointConnections":[],"publicNetworkAccess":"Enabled","networkRuleBypassOptions":"AzureServices","zoneRedundancy":"Disabled"}}'
    headers:
      cache-control:
      - no-cache
      content-length:
      - '1342'
      content-type:
      - application/json; charset=utf-8
      date:
      - Tue, 22 Dec 2020 21:41:20 GMT
      expires:
      - '-1'
      pragma:
      - no-cache
      server:
      - Microsoft-HTTPAPI/2.0
      strict-transport-security:
      - max-age=31536000; includeSubDomains
      transfer-encoding:
      - chunked
      vary:
      - Accept-Encoding
      x-content-type-options:
      - nosniff
      x-ms-ratelimit-remaining-subscription-writes:
      - '1198'
    status:
      code: 200
      message: OK
- request:
    body: null
    headers:
      Accept:
      - application/json
      Accept-Encoding:
      - gzip, deflate
      CommandName:
      - acr show-endpoints
      Connection:
      - keep-alive
      ParameterSetName:
      - --name --resource-group
      User-Agent:
      - python/3.7.9 (Windows-10-10.0.19041-SP0) msrest/0.6.18 msrest_azure/0.6.3
        azure-mgmt-containerregistry/3.0.0rc16 Azure-SDK-For-Python AZURECLI/2.16.0
      accept-language:
      - en-US
    method: GET
    uri: https://management.azure.com/subscriptions/00000000-0000-0000-0000-000000000000/resourceGroups/clitest.rg000001/providers/Microsoft.ContainerRegistry/registries/testreg000002?api-version=2020-11-01-preview
  response:
    body:
      string: '{"sku":{"name":"Premium","tier":"Premium"},"type":"Microsoft.ContainerRegistry/registries","id":"/subscriptions/00000000-0000-0000-0000-000000000000/resourceGroups/clitest.rg000001/providers/Microsoft.ContainerRegistry/registries/testreg000002","name":"testreg000002","location":"westus","tags":{},"systemData":{"createdBy":"oladewal@microsoft.com","createdByType":"User","createdAt":"2020-12-22T21:41:14.8652885+00:00","lastModifiedBy":"oladewal@microsoft.com","lastModifiedByType":"User","lastModifiedAt":"2020-12-22T21:41:20.1642282+00:00"},"properties":{"loginServer":"testreg000002.azurecr.io","creationDate":"2020-12-22T21:41:14.8652885Z","provisioningState":"Succeeded","adminUserEnabled":false,"networkRuleSet":{"defaultAction":"Allow","virtualNetworkRules":[],"ipRules":[]},"policies":{"quarantinePolicy":{"status":"disabled"},"trustPolicy":{"type":"Notary","status":"disabled"},"retentionPolicy":{"days":7,"lastUpdatedTime":"2020-12-22T21:41:16.4137368+00:00","status":"disabled"}},"encryption":{"status":"disabled"},"dataEndpointEnabled":true,"dataEndpointHostNames":["testreg000002.westus.data.azurecr.io"],"privateEndpointConnections":[],"publicNetworkAccess":"Enabled","networkRuleBypassOptions":"AzureServices","zoneRedundancy":"Disabled"}}'
    headers:
      cache-control:
      - no-cache
      content-length:
      - '1342'
      content-type:
      - application/json; charset=utf-8
      date:
      - Tue, 22 Dec 2020 21:41:21 GMT
      expires:
      - '-1'
      pragma:
      - no-cache
      server:
      - Microsoft-HTTPAPI/2.0
      strict-transport-security:
      - max-age=31536000; includeSubDomains
      transfer-encoding:
      - chunked
      vary:
      - Accept-Encoding
      x-content-type-options:
      - nosniff
    status:
      code: 200
      message: OK
- request:
    body: null
    headers:
      Accept:
      - application/json
      Accept-Encoding:
      - gzip, deflate
      CommandName:
      - acr replication create
      Connection:
      - keep-alive
      ParameterSetName:
      - -r -l
      User-Agent:
      - python/3.7.9 (Windows-10-10.0.19041-SP0) msrest/0.6.18 msrest_azure/0.6.3
        azure-mgmt-resource/10.3.0 Azure-SDK-For-Python AZURECLI/2.16.0
      accept-language:
      - en-US
    method: GET
    uri: https://management.azure.com/subscriptions/00000000-0000-0000-0000-000000000000/resources?$filter=resourceType%20eq%20%27Microsoft.ContainerRegistry%2Fregistries%27&api-version=2020-10-01
  response:
    body:
      string: '{"value":[{"id":"/subscriptions/00000000-0000-0000-0000-000000000000/resourceGroups/clitest.rg2lp6xetj5hxnyxhrxm6567tctnyeot3unr7h6o5b23n5vks4gpngq2dmud4zsykin/providers/Microsoft.ContainerRegistry/registries/testregawdmsysb2nz7g","name":"testregawdmsysb2nz7g","type":"Microsoft.ContainerRegistry/registries","sku":{"name":"Premium","tier":"Premium"},"location":"westus","tags":{},"systemData":{"createdBy":"oladewal@microsoft.com","createdByType":"User","createdAt":"2020-12-17T18:54:48.5455748Z","lastModifiedBy":"oladewal@microsoft.com","lastModifiedByType":"User","lastModifiedAt":"2020-12-22T18:28:49.6015895Z"}},{"id":"/subscriptions/00000000-0000-0000-0000-000000000000/resourceGroups/clitest.rg000001/providers/Microsoft.ContainerRegistry/registries/testreg000002","name":"testreg000002","type":"Microsoft.ContainerRegistry/registries","sku":{"name":"Premium","tier":"Premium"},"location":"westus","tags":{},"systemData":{"createdBy":"oladewal@microsoft.com","createdByType":"User","createdAt":"2020-12-22T21:41:14.8652885Z","lastModifiedBy":"oladewal@microsoft.com","lastModifiedByType":"User","lastModifiedAt":"2020-12-22T21:41:14.8652885Z"}},{"id":"/subscriptions/00000000-0000-0000-0000-000000000000/resourceGroups/clitest.rg5aog35r7j6tmjp27y2ncz6ichsyauwr4hoz66olcgnpz64svqrp4mtkk5anyh52mh/providers/Microsoft.ContainerRegistry/registries/clireg25lwdnz2ajac6f","name":"clireg25lwdnz2ajac6f","type":"Microsoft.ContainerRegistry/registries","sku":{"name":"Standard","tier":"Standard"},"location":"westus","tags":{},"systemData":{"createdBy":"oladewal@microsoft.com","createdByType":"User","createdAt":"2020-12-03T21:45:10.3368354Z","lastModifiedBy":"oladewal@microsoft.com","lastModifiedByType":"User","lastModifiedAt":"2020-12-03T21:45:10.3368354Z"}},{"id":"/subscriptions/00000000-0000-0000-0000-000000000000/resourceGroups/clitest.rg5fk3fbtclodws5ly3nntmznlspejfzuj6zppar5ymy3jniod3ias2skjhnvkbcgd2/providers/Microsoft.ContainerRegistry/registries/cliregwzzbfdxcczwn23","name":"cliregwzzbfdxcczwn23","type":"Microsoft.ContainerRegistry/registries","sku":{"name":"Premium","tier":"Premium"},"location":"eastus","tags":{},"systemData":{"createdBy":"oladewal@microsoft.com","createdByType":"User","createdAt":"2020-12-22T21:37:23.7132486Z","lastModifiedBy":"oladewal@microsoft.com","lastModifiedByType":"User","lastModifiedAt":"2020-12-22T21:37:23.7132486Z"}},{"id":"/subscriptions/00000000-0000-0000-0000-000000000000/resourceGroups/clitest.rg5ywoow2sry4qodicue2aondeaejq3zzuhi4zmynojt4vjfnryt3spailwr7e4tpze/providers/Microsoft.ContainerRegistry/registries/testregvkupehdq4x5r7","name":"testregvkupehdq4x5r7","type":"Microsoft.ContainerRegistry/registries","sku":{"name":"Premium","tier":"Premium"},"location":"westus","identity":{"type":"UserAssigned","userAssignedIdentities":{"/subscriptions/00000000-0000-0000-0000-000000000000/resourcegroups/clitest.rg5ywoow2sry4qodicue2aondeaejq3zzuhi4zmynojt4vjfnryt3spailwr7e4tpze/providers/Microsoft.ManagedIdentity/userAssignedIdentities/testidentityad2wmk5h":{"principalId":"690c758d-8ef3-442b-b00f-4a54c38738fc","clientId":"bf294933-71fb-4ae1-8720-a36db218efa7"}}},"tags":{},"systemData":{"createdBy":"oladewal@microsoft.com","createdByType":"User","createdAt":"2020-12-22T21:40:34.7549711Z","lastModifiedBy":"oladewal@microsoft.com","lastModifiedByType":"User","lastModifiedAt":"2020-12-22T21:40:54.9173197Z"}},{"id":"/subscriptions/00000000-0000-0000-0000-000000000000/resourceGroups/clitest.rgbwdbjz6wapneibmxapyqbpjcwskxhd6hdwb7fxucsxwlieaa47gsjkgophk4gqdth/providers/Microsoft.ContainerRegistry/registries/testregyhhzomlbiiobqhljbm","name":"testregyhhzomlbiiobqhljbm","type":"Microsoft.ContainerRegistry/registries","sku":{"name":"Premium","tier":"Premium"},"location":"westus","tags":{},"systemData":{"createdBy":"oladewal@microsoft.com","createdByType":"User","createdAt":"2020-12-03T21:58:13.182583Z","lastModifiedBy":"oladewal@microsoft.com","lastModifiedByType":"User","lastModifiedAt":"2020-12-03T21:58:13.182583Z"}},{"id":"/subscriptions/00000000-0000-0000-0000-000000000000/resourceGroups/clitest.rgjaqvnb4tuhpzftnaz3fgqnkyjgxh7b4mx466q33hri4hhmrobjw7esg2vsebx3m5s/providers/Microsoft.ContainerRegistry/registries/testregxmrsaxtqf7bex","name":"testregxmrsaxtqf7bex","type":"Microsoft.ContainerRegistry/registries","sku":{"name":"Premium","tier":"Premium"},"location":"westus","tags":{},"systemData":{"createdBy":"oladewal@microsoft.com","createdByType":"User","createdAt":"2020-12-17T19:01:57.5098397Z","lastModifiedBy":"oladewal@microsoft.com","lastModifiedByType":"User","lastModifiedAt":"2020-12-17T19:01:57.5098397Z"}},{"id":"/subscriptions/00000000-0000-0000-0000-000000000000/resourceGroups/clitest.rgnjcxorot32tl2y7g6v55v3tba73ih3ykfpy7wp4t4egj4jcaz42kcg4bry5ma4gdk/providers/Microsoft.ContainerRegistry/registries/testreggepzse3ycdofj6em2h","name":"testreggepzse3ycdofj6em2h","type":"Microsoft.ContainerRegistry/registries","sku":{"name":"Premium","tier":"Premium"},"location":"westus","tags":{},"systemData":{"createdBy":"oladewal@microsoft.com","createdByType":"User","createdAt":"2020-12-03T21:45:10.3814195Z","lastModifiedBy":"oladewal@microsoft.com","lastModifiedByType":"User","lastModifiedAt":"2020-12-03T21:45:10.3814195Z"}},{"id":"/subscriptions/00000000-0000-0000-0000-000000000000/resourceGroups/clitest.rgpecxlhum4bl5kong3ietn5jkcd2akw33rmvxha4amos2ljpm7f74bgdo4p2ous3jb/providers/Microsoft.ContainerRegistry/registries/clireghtitbma6cergdo","name":"clireghtitbma6cergdo","type":"Microsoft.ContainerRegistry/registries","sku":{"name":"Premium","tier":"Premium"},"location":"westus","tags":{},"systemData":{"createdBy":"oladewal@microsoft.com","createdByType":"User","createdAt":"2020-12-17T19:01:45.9414106Z","lastModifiedBy":"oladewal@microsoft.com","lastModifiedByType":"User","lastModifiedAt":"2020-12-17T19:01:45.9414106Z"}},{"id":"/subscriptions/00000000-0000-0000-0000-000000000000/resourceGroups/ova-test/providers/Microsoft.ContainerRegistry/registries/ovatestanonpull","name":"ovatestanonpull","type":"Microsoft.ContainerRegistry/registries","sku":{"name":"Premium","tier":"Premium"},"location":"westus","tags":{}},{"id":"/subscriptions/00000000-0000-0000-0000-000000000000/resourceGroups/ova-test/providers/Microsoft.ContainerRegistry/registries/ovatestnonzr","name":"ovatestnonzr","type":"Microsoft.ContainerRegistry/registries","sku":{"name":"Premium","tier":"Premium"},"location":"centraluseuap","tags":{},"systemData":{"createdBy":"oladewal@microsoft.com","createdByType":"User","createdAt":"2020-11-30T06:57:26.2727349Z","lastModifiedBy":"oladewal@microsoft.com","lastModifiedByType":"User","lastModifiedAt":"2020-11-30T06:57:26.2727349Z"}},{"id":"/subscriptions/00000000-0000-0000-0000-000000000000/resourceGroups/ova-test/providers/Microsoft.ContainerRegistry/registries/ovaTestRegistry","name":"ovaTestRegistry","type":"Microsoft.ContainerRegistry/registries","sku":{"name":"Premium","tier":"Premium"},"location":"westus","tags":{}},{"id":"/subscriptions/00000000-0000-0000-0000-000000000000/resourceGroups/ova-test/providers/Microsoft.ContainerRegistry/registries/ovatestzoneredundant","name":"ovatestzoneredundant","type":"Microsoft.ContainerRegistry/registries","sku":{"name":"Premium","tier":"Premium"},"location":"eastus2euap","tags":{},"systemData":{"createdBy":"oladewal@microsoft.com","createdByType":"User","createdAt":"2020-11-30T06:56:13.7634117Z","lastModifiedBy":"oladewal@microsoft.com","lastModifiedByType":"User","lastModifiedAt":"2020-11-30T06:56:13.7634117Z"}},{"id":"/subscriptions/00000000-0000-0000-0000-000000000000/resourceGroups/ova-test/providers/Microsoft.ContainerRegistry/registries/tosinazenabledeus","name":"tosinazenabledeus","type":"Microsoft.ContainerRegistry/registries","sku":{"name":"Premium","tier":"Premium"},"location":"eastus","tags":{},"systemData":{"createdBy":"oladewal@microsoft.com","createdByType":"User","createdAt":"2020-12-08T03:05:33.2257591Z","lastModifiedBy":"oladewal@microsoft.com","lastModifiedByType":"User","lastModifiedAt":"2020-12-08T03:11:05.2281678Z"}},{"id":"/subscriptions/00000000-0000-0000-0000-000000000000/resourceGroups/ova-test/providers/Microsoft.ContainerRegistry/registries/tosinazenabledeus2","name":"tosinazenabledeus2","type":"Microsoft.ContainerRegistry/registries","sku":{"name":"Premium","tier":"Premium"},"location":"eastus2","tags":{},"systemData":{"createdBy":"oladewal@microsoft.com","createdByType":"User","createdAt":"2020-12-08T03:11:32.5032182Z","lastModifiedBy":"oladewal@microsoft.com","lastModifiedByType":"User","lastModifiedAt":"2020-12-08T03:11:32.5032182Z"}},{"id":"/subscriptions/00000000-0000-0000-0000-000000000000/resourceGroups/ova-test/providers/Microsoft.ContainerRegistry/registries/tosinazenabledwus2","name":"tosinazenabledwus2","type":"Microsoft.ContainerRegistry/registries","sku":{"name":"Premium","tier":"Premium"},"location":"westus2","tags":{},"systemData":{"createdBy":"oladewal@microsoft.com","createdByType":"User","createdAt":"2020-12-08T03:14:47.2890873Z","lastModifiedBy":"oladewal@microsoft.com","lastModifiedByType":"User","lastModifiedAt":"2020-12-08T03:14:47.2890873Z"}},{"id":"/subscriptions/00000000-0000-0000-0000-000000000000/resourceGroups/ova-test-canary/providers/Microsoft.ContainerRegistry/registries/tosincanaryregcus","name":"tosincanaryregcus","type":"Microsoft.ContainerRegistry/registries","sku":{"name":"Premium","tier":"Premium"},"location":"centraluseuap","tags":{}},{"id":"/subscriptions/00000000-0000-0000-0000-000000000000/resourceGroups/ova-test-canary/providers/Microsoft.ContainerRegistry/registries/tosintestazenabledcuseuap","name":"tosintestazenabledcuseuap","type":"Microsoft.ContainerRegistry/registries","sku":{"name":"Premium","tier":"Premium"},"location":"centraluseuap","tags":{},"systemData":{"createdBy":"oladewal@microsoft.com","createdByType":"User","createdAt":"2020-11-19T02:35:15.5448469Z","lastModifiedBy":"oladewal@microsoft.com","lastModifiedByType":"User","lastModifiedAt":"2020-11-19T02:35:38.9749709Z"}},{"id":"/subscriptions/00000000-0000-0000-0000-000000000000/resourceGroups/ova-test-canary/providers/Microsoft.ContainerRegistry/registries/tosintestazenabledcuseuap2","name":"tosintestazenabledcuseuap2","type":"Microsoft.ContainerRegistry/registries","sku":{"name":"Premium","tier":"Premium"},"location":"centraluseuap","tags":{},"systemData":{"createdBy":"oladewal@microsoft.com","createdByType":"User","createdAt":"2020-11-19T02:35:47.0583837Z","lastModifiedBy":"oladewal@microsoft.com","lastModifiedByType":"User","lastModifiedAt":"2020-11-19T02:35:47.0583837Z"}},{"id":"/subscriptions/00000000-0000-0000-0000-000000000000/resourceGroups/ova-test-canary/providers/Microsoft.ContainerRegistry/registries/tosintestazenabledeus2euap","name":"tosintestazenabledeus2euap","type":"Microsoft.ContainerRegistry/registries","sku":{"name":"Premium","tier":"Premium"},"location":"eastus2euap","tags":{},"systemData":{"createdBy":"oladewal@microsoft.com","createdByType":"User","createdAt":"2020-11-19T02:31:19.1210816Z","lastModifiedBy":"oladewal@microsoft.com","lastModifiedByType":"User","lastModifiedAt":"2020-11-19T02:31:19.1210816Z"}},{"id":"/subscriptions/00000000-0000-0000-0000-000000000000/resourceGroups/test-rg-2/providers/Microsoft.ContainerRegistry/registries/tosintestazenabled111220","name":"tosintestazenabled111220","type":"Microsoft.ContainerRegistry/registries","sku":{"name":"Premium","tier":"Premium"},"location":"eastus2euap","tags":{},"systemData":{"createdBy":"823c2ce1-e27b-4c37-9b6c-078a21dfe04d","createdByType":"Application","createdAt":"2020-11-13T01:04:01.4344554Z","lastModifiedBy":"823c2ce1-e27b-4c37-9b6c-078a21dfe04d","lastModifiedByType":"Application","lastModifiedAt":"2020-11-13T01:08:16.2067421Z"}}]}'
    headers:
      cache-control:
      - no-cache
      content-length:
      - '11781'
      content-type:
      - application/json; charset=utf-8
      date:
      - Tue, 22 Dec 2020 21:41:21 GMT
      expires:
      - '-1'
      pragma:
      - no-cache
      strict-transport-security:
      - max-age=31536000; includeSubDomains
      vary:
      - Accept-Encoding
      x-content-type-options:
      - nosniff
    status:
      code: 200
      message: OK
- request:
    body: null
    headers:
      Accept:
      - application/json
      Accept-Encoding:
      - gzip, deflate
      CommandName:
      - acr replication create
      Connection:
      - keep-alive
      ParameterSetName:
      - -r -l
      User-Agent:
      - python/3.7.9 (Windows-10-10.0.19041-SP0) msrest/0.6.18 msrest_azure/0.6.3
        azure-mgmt-containerregistry/3.0.0rc16 Azure-SDK-For-Python AZURECLI/2.16.0
      accept-language:
      - en-US
    method: GET
    uri: https://management.azure.com/subscriptions/00000000-0000-0000-0000-000000000000/resourceGroups/clitest.rg000001/providers/Microsoft.ContainerRegistry/registries/testreg000002?api-version=2020-11-01-preview
  response:
    body:
      string: '{"sku":{"name":"Premium","tier":"Premium"},"type":"Microsoft.ContainerRegistry/registries","id":"/subscriptions/00000000-0000-0000-0000-000000000000/resourceGroups/clitest.rg000001/providers/Microsoft.ContainerRegistry/registries/testreg000002","name":"testreg000002","location":"westus","tags":{},"systemData":{"createdBy":"oladewal@microsoft.com","createdByType":"User","createdAt":"2020-12-22T21:41:14.8652885+00:00","lastModifiedBy":"oladewal@microsoft.com","lastModifiedByType":"User","lastModifiedAt":"2020-12-22T21:41:20.1642282+00:00"},"properties":{"loginServer":"testreg000002.azurecr.io","creationDate":"2020-12-22T21:41:14.8652885Z","provisioningState":"Succeeded","adminUserEnabled":false,"networkRuleSet":{"defaultAction":"Allow","virtualNetworkRules":[],"ipRules":[]},"policies":{"quarantinePolicy":{"status":"disabled"},"trustPolicy":{"type":"Notary","status":"disabled"},"retentionPolicy":{"days":7,"lastUpdatedTime":"2020-12-22T21:41:16.4137368+00:00","status":"disabled"}},"encryption":{"status":"disabled"},"dataEndpointEnabled":true,"dataEndpointHostNames":["testreg000002.westus.data.azurecr.io"],"privateEndpointConnections":[],"publicNetworkAccess":"Enabled","networkRuleBypassOptions":"AzureServices","zoneRedundancy":"Disabled"}}'
    headers:
      cache-control:
      - no-cache
      content-length:
      - '1342'
      content-type:
      - application/json; charset=utf-8
      date:
      - Tue, 22 Dec 2020 21:41:21 GMT
      expires:
      - '-1'
      pragma:
      - no-cache
      server:
      - Microsoft-HTTPAPI/2.0
      strict-transport-security:
      - max-age=31536000; includeSubDomains
      transfer-encoding:
      - chunked
      vary:
      - Accept-Encoding
      x-content-type-options:
      - nosniff
    status:
      code: 200
      message: OK
- request:
    body: '{"location": "southcentralus"}'
    headers:
      Accept:
      - application/json
      Accept-Encoding:
      - gzip, deflate
      CommandName:
      - acr replication create
      Connection:
      - keep-alive
      Content-Length:
      - '30'
      Content-Type:
      - application/json; charset=utf-8
      ParameterSetName:
      - -r -l
      User-Agent:
      - python/3.7.9 (Windows-10-10.0.19041-SP0) msrest/0.6.18 msrest_azure/0.6.3
        azure-mgmt-containerregistry/3.0.0rc16 Azure-SDK-For-Python AZURECLI/2.16.0
      accept-language:
      - en-US
    method: PUT
    uri: https://management.azure.com/subscriptions/00000000-0000-0000-0000-000000000000/resourceGroups/clitest.rg000001/providers/Microsoft.ContainerRegistry/registries/testreg000002/replications/southcentralus?api-version=2020-11-01-preview
  response:
    body:
      string: '{"type":"Microsoft.ContainerRegistry/registries/replications","id":"/subscriptions/00000000-0000-0000-0000-000000000000/resourceGroups/clitest.rg000001/providers/Microsoft.ContainerRegistry/registries/testreg000002/replications/southcentralus","name":"southcentralus","location":"southcentralus","tags":{},"systemData":{"createdBy":"oladewal@microsoft.com","createdByType":"User","createdAt":"2020-12-22T21:41:24.2321368+00:00","lastModifiedBy":"oladewal@microsoft.com","lastModifiedByType":"User","lastModifiedAt":"2020-12-22T21:41:24.2321368+00:00"},"properties":{"provisioningState":"Creating","status":{"timestamp":"2020-12-22T21:41:25.2659515Z"},"regionEndpointEnabled":true,"zoneRedundancy":"Disabled"}}'
    headers:
      azure-asyncoperation:
      - https://management.azure.com/subscriptions/00000000-0000-0000-0000-000000000000/resourceGroups/clitest.rg000001/providers/Microsoft.ContainerRegistry/registries/testreg000002/replications/southcentralus/operationStatuses/replications-6e20424a-449e-11eb-959d-88e9fe656bb4?api-version=2020-11-01-preview
      cache-control:
      - no-cache
      content-length:
      - '775'
      content-type:
      - application/json; charset=utf-8
      date:
      - Tue, 22 Dec 2020 21:41:25 GMT
      expires:
      - '-1'
      pragma:
      - no-cache
      server:
      - Microsoft-HTTPAPI/2.0
      strict-transport-security:
      - max-age=31536000; includeSubDomains
      x-content-type-options:
      - nosniff
      x-ms-ratelimit-remaining-subscription-writes:
      - '1198'
    status:
      code: 201
      message: Created
- request:
    body: null
    headers:
      Accept:
      - application/json
      Accept-Encoding:
      - gzip, deflate
      CommandName:
      - acr replication create
      Connection:
      - keep-alive
      ParameterSetName:
      - -r -l
      User-Agent:
      - python/3.7.9 (Windows-10-10.0.19041-SP0) msrest/0.6.18 msrest_azure/0.6.3
        azure-mgmt-containerregistry/3.0.0rc16 Azure-SDK-For-Python AZURECLI/2.16.0
    method: GET
    uri: https://management.azure.com/subscriptions/00000000-0000-0000-0000-000000000000/resourceGroups/clitest.rg000001/providers/Microsoft.ContainerRegistry/registries/testreg000002/replications/southcentralus/operationStatuses/replications-6e20424a-449e-11eb-959d-88e9fe656bb4?api-version=2020-11-01-preview
  response:
    body:
      string: '{"status":"Succeeded"}'
    headers:
      azure-asyncoperation:
      - https://management.azure.com/subscriptions/00000000-0000-0000-0000-000000000000/resourceGroups/clitest.rg000001/providers/Microsoft.ContainerRegistry/registries/testreg000002/replications/southcentralus/operationStatuses/replications-6e20424a-449e-11eb-959d-88e9fe656bb4?api-version=2020-11-01-preview
      cache-control:
      - no-cache
      content-length:
      - '22'
      content-type:
      - application/json; charset=utf-8
      date:
      - Tue, 22 Dec 2020 21:41:36 GMT
      expires:
      - '-1'
      pragma:
      - no-cache
      server:
      - Microsoft-HTTPAPI/2.0
      strict-transport-security:
      - max-age=31536000; includeSubDomains
      transfer-encoding:
      - chunked
      vary:
      - Accept-Encoding
      x-content-type-options:
      - nosniff
    status:
      code: 200
      message: OK
- request:
    body: null
    headers:
      Accept:
      - application/json
      Accept-Encoding:
      - gzip, deflate
      CommandName:
      - acr replication create
      Connection:
      - keep-alive
      ParameterSetName:
      - -r -l
      User-Agent:
      - python/3.7.9 (Windows-10-10.0.19041-SP0) msrest/0.6.18 msrest_azure/0.6.3
        azure-mgmt-containerregistry/3.0.0rc16 Azure-SDK-For-Python AZURECLI/2.16.0
    method: GET
    uri: https://management.azure.com/subscriptions/00000000-0000-0000-0000-000000000000/resourceGroups/clitest.rg000001/providers/Microsoft.ContainerRegistry/registries/testreg000002/replications/southcentralus?api-version=2020-11-01-preview
  response:
    body:
      string: '{"type":"Microsoft.ContainerRegistry/registries/replications","id":"/subscriptions/00000000-0000-0000-0000-000000000000/resourceGroups/clitest.rg000001/providers/Microsoft.ContainerRegistry/registries/testreg000002/replications/southcentralus","name":"southcentralus","location":"southcentralus","tags":{},"systemData":{"createdBy":"oladewal@microsoft.com","createdByType":"User","createdAt":"2020-12-22T21:41:24.2321368+00:00","lastModifiedBy":"oladewal@microsoft.com","lastModifiedByType":"User","lastModifiedAt":"2020-12-22T21:41:24.2321368+00:00"},"properties":{"provisioningState":"Succeeded","status":{"displayStatus":"Syncing","timestamp":"2020-12-22T21:41:34.1353241Z"},"regionEndpointEnabled":true,"zoneRedundancy":"Disabled"}}'
    headers:
      cache-control:
      - no-cache
      content-length:
      - '802'
      content-type:
      - application/json; charset=utf-8
      date:
      - Tue, 22 Dec 2020 21:41:36 GMT
      expires:
      - '-1'
      pragma:
      - no-cache
      server:
      - Microsoft-HTTPAPI/2.0
      strict-transport-security:
      - max-age=31536000; includeSubDomains
      transfer-encoding:
      - chunked
      vary:
      - Accept-Encoding
      x-content-type-options:
      - nosniff
    status:
      code: 200
      message: OK
- request:
    body: null
    headers:
      Accept:
      - application/json
      Accept-Encoding:
      - gzip, deflate
      CommandName:
      - acr show-endpoints
      Connection:
      - keep-alive
      ParameterSetName:
      - --name --resource-group
      User-Agent:
      - python/3.7.9 (Windows-10-10.0.19041-SP0) msrest/0.6.18 msrest_azure/0.6.3
        azure-mgmt-containerregistry/3.0.0rc16 Azure-SDK-For-Python AZURECLI/2.16.0
      accept-language:
      - en-US
    method: GET
    uri: https://management.azure.com/subscriptions/00000000-0000-0000-0000-000000000000/resourceGroups/clitest.rg000001/providers/Microsoft.ContainerRegistry/registries/testreg000002?api-version=2020-11-01-preview
  response:
    body:
      string: '{"sku":{"name":"Premium","tier":"Premium"},"type":"Microsoft.ContainerRegistry/registries","id":"/subscriptions/00000000-0000-0000-0000-000000000000/resourceGroups/clitest.rg000001/providers/Microsoft.ContainerRegistry/registries/testreg000002","name":"testreg000002","location":"westus","tags":{},"systemData":{"createdBy":"oladewal@microsoft.com","createdByType":"User","createdAt":"2020-12-22T21:41:14.8652885+00:00","lastModifiedBy":"oladewal@microsoft.com","lastModifiedByType":"User","lastModifiedAt":"2020-12-22T21:41:20.1642282+00:00"},"properties":{"loginServer":"testreg000002.azurecr.io","creationDate":"2020-12-22T21:41:14.8652885Z","provisioningState":"Succeeded","adminUserEnabled":false,"networkRuleSet":{"defaultAction":"Allow","virtualNetworkRules":[],"ipRules":[]},"policies":{"quarantinePolicy":{"status":"disabled"},"trustPolicy":{"type":"Notary","status":"disabled"},"retentionPolicy":{"days":7,"lastUpdatedTime":"2020-12-22T21:41:16.4137368+00:00","status":"disabled"}},"encryption":{"status":"disabled"},"dataEndpointEnabled":true,"dataEndpointHostNames":["testreg000002.southcentralus.data.azurecr.io","testreg000002.westus.data.azurecr.io"],"privateEndpointConnections":[],"publicNetworkAccess":"Enabled","networkRuleBypassOptions":"AzureServices","zoneRedundancy":"Disabled"}}'
    headers:
      cache-control:
      - no-cache
      content-length:
      - '1396'
      content-type:
      - application/json; charset=utf-8
      date:
      - Tue, 22 Dec 2020 21:41:36 GMT
      expires:
      - '-1'
      pragma:
      - no-cache
      server:
      - Microsoft-HTTPAPI/2.0
      strict-transport-security:
      - max-age=31536000; includeSubDomains
      transfer-encoding:
      - chunked
      vary:
      - Accept-Encoding
      x-content-type-options:
      - nosniff
    status:
      code: 200
      message: OK
- request:
    body: null
    headers:
      Accept:
      - application/json
      Accept-Encoding:
      - gzip, deflate
      CommandName:
      - acr update
      Connection:
      - keep-alive
      ParameterSetName:
      - --name --resource-group --data-endpoint-enabled
      User-Agent:
      - python/3.7.9 (Windows-10-10.0.19041-SP0) msrest/0.6.18 msrest_azure/0.6.3
        azure-mgmt-containerregistry/3.0.0rc16 Azure-SDK-For-Python AZURECLI/2.16.0
      accept-language:
      - en-US
    method: GET
    uri: https://management.azure.com/subscriptions/00000000-0000-0000-0000-000000000000/resourceGroups/clitest.rg000001/providers/Microsoft.ContainerRegistry/registries/testreg000002?api-version=2020-11-01-preview
  response:
    body:
      string: '{"sku":{"name":"Premium","tier":"Premium"},"type":"Microsoft.ContainerRegistry/registries","id":"/subscriptions/00000000-0000-0000-0000-000000000000/resourceGroups/clitest.rg000001/providers/Microsoft.ContainerRegistry/registries/testreg000002","name":"testreg000002","location":"westus","tags":{},"systemData":{"createdBy":"oladewal@microsoft.com","createdByType":"User","createdAt":"2020-12-22T21:41:14.8652885+00:00","lastModifiedBy":"oladewal@microsoft.com","lastModifiedByType":"User","lastModifiedAt":"2020-12-22T21:41:20.1642282+00:00"},"properties":{"loginServer":"testreg000002.azurecr.io","creationDate":"2020-12-22T21:41:14.8652885Z","provisioningState":"Succeeded","adminUserEnabled":false,"networkRuleSet":{"defaultAction":"Allow","virtualNetworkRules":[],"ipRules":[]},"policies":{"quarantinePolicy":{"status":"disabled"},"trustPolicy":{"type":"Notary","status":"disabled"},"retentionPolicy":{"days":7,"lastUpdatedTime":"2020-12-22T21:41:16.4137368+00:00","status":"disabled"}},"encryption":{"status":"disabled"},"dataEndpointEnabled":true,"dataEndpointHostNames":["testreg000002.southcentralus.data.azurecr.io","testreg000002.westus.data.azurecr.io"],"privateEndpointConnections":[],"publicNetworkAccess":"Enabled","networkRuleBypassOptions":"AzureServices","zoneRedundancy":"Disabled"}}'
    headers:
      cache-control:
      - no-cache
      content-length:
      - '1396'
      content-type:
      - application/json; charset=utf-8
      date:
      - Tue, 22 Dec 2020 21:41:37 GMT
      expires:
      - '-1'
      pragma:
      - no-cache
      server:
      - Microsoft-HTTPAPI/2.0
      strict-transport-security:
      - max-age=31536000; includeSubDomains
      transfer-encoding:
      - chunked
      vary:
      - Accept-Encoding
      x-content-type-options:
      - nosniff
    status:
      code: 200
      message: OK
- request:
    body: '{"properties": {"dataEndpointEnabled": false, "networkRuleBypassOptions":
      "AzureServices"}}'
    headers:
      Accept:
      - application/json
      Accept-Encoding:
      - gzip, deflate
      CommandName:
      - acr update
      Connection:
      - keep-alive
      Content-Length:
      - '91'
      Content-Type:
      - application/json; charset=utf-8
      ParameterSetName:
      - --name --resource-group --data-endpoint-enabled
      User-Agent:
      - python/3.7.9 (Windows-10-10.0.19041-SP0) msrest/0.6.18 msrest_azure/0.6.3
        azure-mgmt-containerregistry/3.0.0rc16 Azure-SDK-For-Python AZURECLI/2.16.0
      accept-language:
      - en-US
    method: PATCH
    uri: https://management.azure.com/subscriptions/00000000-0000-0000-0000-000000000000/resourceGroups/clitest.rg000001/providers/Microsoft.ContainerRegistry/registries/testreg000002?api-version=2020-11-01-preview
  response:
    body:
      string: '{"sku":{"name":"Premium","tier":"Premium"},"type":"Microsoft.ContainerRegistry/registries","id":"/subscriptions/00000000-0000-0000-0000-000000000000/resourceGroups/clitest.rg000001/providers/Microsoft.ContainerRegistry/registries/testreg000002","name":"testreg000002","location":"westus","tags":{},"systemData":{"createdBy":"oladewal@microsoft.com","createdByType":"User","createdAt":"2020-12-22T21:41:14.8652885+00:00","lastModifiedBy":"oladewal@microsoft.com","lastModifiedByType":"User","lastModifiedAt":"2020-12-22T21:41:39.3389565+00:00"},"properties":{"loginServer":"testreg000002.azurecr.io","creationDate":"2020-12-22T21:41:14.8652885Z","provisioningState":"Succeeded","adminUserEnabled":false,"networkRuleSet":{"defaultAction":"Allow","virtualNetworkRules":[],"ipRules":[]},"policies":{"quarantinePolicy":{"status":"disabled"},"trustPolicy":{"type":"Notary","status":"disabled"},"retentionPolicy":{"days":7,"lastUpdatedTime":"2020-12-22T21:41:16.4137368+00:00","status":"disabled"}},"encryption":{"status":"disabled"},"dataEndpointEnabled":false,"dataEndpointHostNames":[],"privateEndpointConnections":[],"publicNetworkAccess":"Enabled","networkRuleBypassOptions":"AzureServices","zoneRedundancy":"Disabled"}}'
    headers:
      cache-control:
      - no-cache
      content-length:
      - '1298'
      content-type:
      - application/json; charset=utf-8
      date:
      - Tue, 22 Dec 2020 21:41:40 GMT
      expires:
      - '-1'
      pragma:
      - no-cache
      server:
      - Microsoft-HTTPAPI/2.0
      strict-transport-security:
      - max-age=31536000; includeSubDomains
      transfer-encoding:
      - chunked
      vary:
      - Accept-Encoding
      x-content-type-options:
      - nosniff
      x-ms-ratelimit-remaining-subscription-writes:
      - '1197'
    status:
      code: 200
      message: OK
- request:
    body: null
    headers:
      Accept:
      - application/json
      Accept-Encoding:
      - gzip, deflate
      CommandName:
      - acr show-endpoints
      Connection:
      - keep-alive
      ParameterSetName:
      - --name --resource-group
      User-Agent:
      - python/3.7.9 (Windows-10-10.0.19041-SP0) msrest/0.6.18 msrest_azure/0.6.3
        azure-mgmt-containerregistry/3.0.0rc16 Azure-SDK-For-Python AZURECLI/2.16.0
      accept-language:
      - en-US
    method: GET
    uri: https://management.azure.com/subscriptions/00000000-0000-0000-0000-000000000000/resourceGroups/clitest.rg000001/providers/Microsoft.ContainerRegistry/registries/testreg000002?api-version=2020-11-01-preview
  response:
    body:
      string: '{"sku":{"name":"Premium","tier":"Premium"},"type":"Microsoft.ContainerRegistry/registries","id":"/subscriptions/00000000-0000-0000-0000-000000000000/resourceGroups/clitest.rg000001/providers/Microsoft.ContainerRegistry/registries/testreg000002","name":"testreg000002","location":"westus","tags":{},"systemData":{"createdBy":"oladewal@microsoft.com","createdByType":"User","createdAt":"2020-12-22T21:41:14.8652885+00:00","lastModifiedBy":"oladewal@microsoft.com","lastModifiedByType":"User","lastModifiedAt":"2020-12-22T21:41:39.3389565+00:00"},"properties":{"loginServer":"testreg000002.azurecr.io","creationDate":"2020-12-22T21:41:14.8652885Z","provisioningState":"Succeeded","adminUserEnabled":false,"networkRuleSet":{"defaultAction":"Allow","virtualNetworkRules":[],"ipRules":[]},"policies":{"quarantinePolicy":{"status":"disabled"},"trustPolicy":{"type":"Notary","status":"disabled"},"retentionPolicy":{"days":7,"lastUpdatedTime":"2020-12-22T21:41:16.4137368+00:00","status":"disabled"}},"encryption":{"status":"disabled"},"dataEndpointEnabled":false,"dataEndpointHostNames":[],"privateEndpointConnections":[],"publicNetworkAccess":"Enabled","networkRuleBypassOptions":"AzureServices","zoneRedundancy":"Disabled"}}'
    headers:
      cache-control:
      - no-cache
      content-length:
      - '1298'
      content-type:
      - application/json; charset=utf-8
      date:
      - Tue, 22 Dec 2020 21:41:41 GMT
      expires:
      - '-1'
      pragma:
      - no-cache
      server:
      - Microsoft-HTTPAPI/2.0
      strict-transport-security:
      - max-age=31536000; includeSubDomains
      transfer-encoding:
      - chunked
      vary:
      - Accept-Encoding
      x-content-type-options:
      - nosniff
    status:
      code: 200
      message: OK
- request:
    body: null
    headers:
      Accept:
      - application/json
      Accept-Encoding:
      - gzip, deflate
      CommandName:
      - acr show-endpoints
      Connection:
      - keep-alive
      ParameterSetName:
      - --name --resource-group
      User-Agent:
      - python/3.7.9 (Windows-10-10.0.19041-SP0) msrest/0.6.18 msrest_azure/0.6.3
        azure-mgmt-containerregistry/3.0.0rc16 Azure-SDK-For-Python AZURECLI/2.16.0
      accept-language:
      - en-US
    method: GET
    uri: https://management.azure.com/subscriptions/00000000-0000-0000-0000-000000000000/resourceGroups/clitest.rg000001/providers/Microsoft.ContainerRegistry/registries/testreg000002/replications?api-version=2020-11-01-preview
  response:
    body:
      string: '{"value":[{"type":"Microsoft.ContainerRegistry/registries/replications","id":"/subscriptions/00000000-0000-0000-0000-000000000000/resourceGroups/clitest.rg000001/providers/Microsoft.ContainerRegistry/registries/testreg000002/replications/southcentralus","name":"southcentralus","location":"southcentralus","tags":{},"systemData":{"createdBy":"oladewal@microsoft.com","createdByType":"User","createdAt":"2020-12-22T21:41:24.2321368+00:00","lastModifiedBy":"oladewal@microsoft.com","lastModifiedByType":"User","lastModifiedAt":"2020-12-22T21:41:24.2321368+00:00"},"properties":{"provisioningState":"Succeeded","status":{"displayStatus":"Ready","timestamp":"2020-12-22T21:41:38.8353847Z"},"regionEndpointEnabled":true,"zoneRedundancy":"Disabled"}},{"type":"Microsoft.ContainerRegistry/registries/replications","id":"/subscriptions/00000000-0000-0000-0000-000000000000/resourceGroups/clitest.rg000001/providers/Microsoft.ContainerRegistry/registries/testreg000002/replications/westus","name":"westus","location":"westus","tags":{},"systemData":{"createdBy":"6a0ec4d3-30cb-4a83-91c0-ae56bc0e3d26","createdByType":"Application","createdAt":"2020-12-22T21:41:30.4747117+00:00","lastModifiedBy":"6a0ec4d3-30cb-4a83-91c0-ae56bc0e3d26","lastModifiedByType":"Application","lastModifiedAt":"2020-12-22T21:41:30.4747117+00:00"},"properties":{"provisioningState":"Succeeded","status":{"displayStatus":"Ready","timestamp":"2020-12-22T21:41:29.7967694Z"},"regionEndpointEnabled":true,"zoneRedundancy":"Disabled"}}]}'
    headers:
      cache-control:
      - no-cache
      content-length:
      - '1631'
      content-type:
      - application/json; charset=utf-8
      date:
      - Tue, 22 Dec 2020 21:41:42 GMT
      expires:
      - '-1'
      pragma:
      - no-cache
      server:
      - Microsoft-HTTPAPI/2.0
      strict-transport-security:
      - max-age=31536000; includeSubDomains
      transfer-encoding:
      - chunked
      vary:
      - Accept-Encoding
      x-content-type-options:
      - nosniff
    status:
      code: 200
      message: OK
version: 1
