interactions:
- request:
    body: null
    headers:
      Accept:
      - application/json
      Accept-Encoding:
      - gzip, deflate
      CommandName:
      - monitor log-analytics workspace create
      Connection:
      - keep-alive
      ParameterSetName:
      - -g -n
      User-Agent:
      - python/3.8.2 (Linux-4.19.104-microsoft-standard-x86_64-with-glibc2.29) msrest/0.6.18
        msrest_azure/0.6.3 azure-mgmt-resource/10.2.0 Azure-SDK-For-Python AZURECLI/2.12.0
      accept-language:
      - en-US
    method: GET
    uri: https://management.azure.com/subscriptions/00000000-0000-0000-0000-000000000000/resourcegroups/clitest.rg000001?api-version=2020-06-01
  response:
    body:
      string: '{"id":"/subscriptions/00000000-0000-0000-0000-000000000000/resourceGroups/clitest.rg000001","name":"clitest.rg000001","type":"Microsoft.Resources/resourceGroups","location":"westus","tags":{"product":"azurecli","cause":"automation","date":"2020-09-24T20:51:05Z"},"properties":{"provisioningState":"Succeeded"}}'
    headers:
      cache-control:
      - no-cache
      content-length:
      - '428'
      content-type:
      - application/json; charset=utf-8
      date:
      - Thu, 24 Sep 2020 20:51:12 GMT
      expires:
      - '-1'
      pragma:
      - no-cache
      strict-transport-security:
      - max-age=31536000; includeSubDomains
      vary:
      - Accept-Encoding
      x-content-type-options:
      - nosniff
    status:
      code: 200
      message: OK
- request:
    body: '{"location": "westus", "properties": {"sku": {"name": "PerGB2018"}, "retentionInDays":
      30, "workspaceCapping": {}}}'
    headers:
      Accept:
      - application/json
      Accept-Encoding:
      - gzip, deflate
      CommandName:
      - monitor log-analytics workspace create
      Connection:
      - keep-alive
      Content-Length:
      - '115'
      Content-Type:
      - application/json; charset=utf-8
      ParameterSetName:
      - -g -n
      User-Agent:
      - python/3.8.2 (Linux-4.19.104-microsoft-standard-x86_64-with-glibc2.29) msrest/0.6.18
        msrest_azure/0.6.3 azure-mgmt-loganalytics/0.7.0 Azure-SDK-For-Python AZURECLI/2.12.0
      accept-language:
      - en-US
    method: PUT
    uri: https://management.azure.com/subscriptions/00000000-0000-0000-0000-000000000000/resourcegroups/clitest.rg000001/providers/Microsoft.OperationalInsights/workspaces/wprkspace000003?api-version=2020-03-01-preview
  response:
    body:
      string: "{\r\n  \"properties\": {\r\n    \"source\": \"Azure\",\r\n    \"customerId\"\
        : \"85d4468c-1560-4f30-a6ab-e9d11ec3e627\",\r\n    \"provisioningState\":\
        \ \"Creating\",\r\n    \"sku\": {\r\n      \"name\": \"pergb2018\",\r\n  \
        \    \"maxCapacityReservationLevel\": 3000,\r\n      \"lastSkuUpdate\": \"\
        Thu, 24 Sep 2020 20:51:14 GMT\"\r\n    },\r\n    \"retentionInDays\": 30,\r\
        \n    \"features\": {\r\n      \"legacy\": 0,\r\n      \"searchVersion\":\
        \ 1,\r\n      \"enableLogAccessUsingOnlyResourcePermissions\": true\r\n  \
        \  },\r\n    \"workspaceCapping\": {\r\n      \"dailyQuotaGb\": -1.0,\r\n\
        \      \"quotaNextResetTime\": \"Fri, 25 Sep 2020 12:00:00 GMT\",\r\n    \
        \  \"dataIngestionStatus\": \"RespectQuota\"\r\n    },\r\n    \"publicNetworkAccessForIngestion\"\
        : \"Enabled\",\r\n    \"publicNetworkAccessForQuery\": \"Enabled\",\r\n  \
        \  \"createdDate\": \"Thu, 24 Sep 2020 20:51:14 GMT\",\r\n    \"modifiedDate\"\
        : \"Thu, 24 Sep 2020 20:51:14 GMT\"\r\n  },\r\n  \"id\": \"/subscriptions/00000000-0000-0000-0000-000000000000/resourcegroups/clitest.rg000001/providers/microsoft.operationalinsights/workspaces/wprkspace000003\"\
        ,\r\n  \"name\": \"wprkspace000003\",\r\n  \"type\": \"Microsoft.OperationalInsights/workspaces\"\
        ,\r\n  \"location\": \"westus\"\r\n}"
    headers:
      cache-control:
      - no-cache
      content-length:
      - '1177'
      content-type:
      - application/json
      date:
      - Thu, 24 Sep 2020 20:51:13 GMT
      pragma:
      - no-cache
      server:
      - Microsoft-IIS/10.0
      - Microsoft-IIS/10.0
      strict-transport-security:
      - max-age=31536000; includeSubDomains
      x-content-type-options:
      - nosniff
      x-ms-ratelimit-remaining-subscription-writes:
      - '1199'
      x-powered-by:
      - ASP.NET
      - ASP.NET
    status:
      code: 201
      message: Created
- request:
    body: null
    headers:
      Accept:
      - application/json
      Accept-Encoding:
      - gzip, deflate
      CommandName:
      - monitor log-analytics workspace create
      Connection:
      - keep-alive
      ParameterSetName:
      - -g -n
      User-Agent:
      - python/3.8.2 (Linux-4.19.104-microsoft-standard-x86_64-with-glibc2.29) msrest/0.6.18
        msrest_azure/0.6.3 azure-mgmt-loganalytics/0.7.0 Azure-SDK-For-Python AZURECLI/2.12.0
    method: GET
    uri: https://management.azure.com/subscriptions/00000000-0000-0000-0000-000000000000/resourcegroups/clitest.rg000001/providers/Microsoft.OperationalInsights/workspaces/wprkspace000003?api-version=2020-03-01-preview
  response:
    body:
      string: "{\r\n  \"properties\": {\r\n    \"source\": \"Azure\",\r\n    \"customerId\"\
        : \"85d4468c-1560-4f30-a6ab-e9d11ec3e627\",\r\n    \"provisioningState\":\
        \ \"Succeeded\",\r\n    \"sku\": {\r\n      \"name\": \"pergb2018\",\r\n \
        \     \"maxCapacityReservationLevel\": 3000,\r\n      \"lastSkuUpdate\": \"\
        Thu, 24 Sep 2020 20:51:14 GMT\"\r\n    },\r\n    \"retentionInDays\": 30,\r\
        \n    \"features\": {\r\n      \"legacy\": 0,\r\n      \"searchVersion\":\
        \ 1,\r\n      \"enableLogAccessUsingOnlyResourcePermissions\": true\r\n  \
        \  },\r\n    \"workspaceCapping\": {\r\n      \"dailyQuotaGb\": -1.0,\r\n\
        \      \"quotaNextResetTime\": \"Fri, 25 Sep 2020 12:00:00 GMT\",\r\n    \
        \  \"dataIngestionStatus\": \"RespectQuota\"\r\n    },\r\n    \"publicNetworkAccessForIngestion\"\
        : \"Enabled\",\r\n    \"publicNetworkAccessForQuery\": \"Enabled\",\r\n  \
        \  \"createdDate\": \"Thu, 24 Sep 2020 20:51:14 GMT\",\r\n    \"modifiedDate\"\
        : \"Thu, 24 Sep 2020 20:51:15 GMT\"\r\n  },\r\n  \"id\": \"/subscriptions/00000000-0000-0000-0000-000000000000/resourcegroups/clitest.rg000001/providers/microsoft.operationalinsights/workspaces/wprkspace000003\"\
        ,\r\n  \"name\": \"wprkspace000003\",\r\n  \"type\": \"Microsoft.OperationalInsights/workspaces\"\
        ,\r\n  \"location\": \"westus\"\r\n}"
    headers:
      cache-control:
      - no-cache
      content-length:
      - '1178'
      content-type:
      - application/json
      date:
      - Thu, 24 Sep 2020 20:51:44 GMT
      pragma:
      - no-cache
      server:
      - Microsoft-IIS/10.0
      - Microsoft-IIS/10.0
      strict-transport-security:
      - max-age=31536000; includeSubDomains
      transfer-encoding:
      - chunked
      vary:
      - Accept-Encoding
      x-content-type-options:
      - nosniff
      x-powered-by:
      - ASP.NET
      - ASP.NET
    status:
      code: 200
      message: OK
- request:
    body: null
    headers:
      Accept:
      - application/json
      Accept-Encoding:
      - gzip, deflate
      CommandName:
      - acr create
      Connection:
      - keep-alive
      ParameterSetName:
      - -n -g --sku --workspace
      User-Agent:
      - python/3.8.2 (Linux-4.19.104-microsoft-standard-x86_64-with-glibc2.29) msrest/0.6.18
        msrest_azure/0.6.3 azure-mgmt-resource/10.2.0 Azure-SDK-For-Python AZURECLI/2.12.0
      accept-language:
      - en-US
    method: GET
    uri: https://management.azure.com/subscriptions/00000000-0000-0000-0000-000000000000/resourcegroups/clitest.rg000001?api-version=2020-06-01
  response:
    body:
      string: '{"id":"/subscriptions/00000000-0000-0000-0000-000000000000/resourceGroups/clitest.rg000001","name":"clitest.rg000001","type":"Microsoft.Resources/resourceGroups","location":"westus","tags":{"product":"azurecli","cause":"automation","date":"2020-09-24T20:51:05Z"},"properties":{"provisioningState":"Succeeded"}}'
    headers:
      cache-control:
      - no-cache
      content-length:
      - '428'
      content-type:
      - application/json; charset=utf-8
      date:
      - Thu, 24 Sep 2020 20:51:46 GMT
      expires:
      - '-1'
      pragma:
      - no-cache
      strict-transport-security:
      - max-age=31536000; includeSubDomains
      vary:
      - Accept-Encoding
      x-content-type-options:
      - nosniff
    status:
      code: 200
      message: OK
- request:
    body: '{"location": "westus", "sku": {"name": "Basic"}, "properties": {"adminUserEnabled":
      false, "publicNetworkAccess": "Enabled"}}'
    headers:
      Accept:
      - application/json
      Accept-Encoding:
      - gzip, deflate
      CommandName:
      - acr create
      Connection:
      - keep-alive
      Content-Length:
      - '125'
      Content-Type:
      - application/json; charset=utf-8
      ParameterSetName:
      - -n -g --sku --workspace
      User-Agent:
      - python/3.8.2 (Linux-4.19.104-microsoft-standard-x86_64-with-glibc2.29) msrest/0.6.18
        msrest_azure/0.6.3 azure-mgmt-containerregistry/3.0.0rc15 Azure-SDK-For-Python
        AZURECLI/2.12.0
      accept-language:
      - en-US
    method: PUT
    uri: https://management.azure.com/subscriptions/00000000-0000-0000-0000-000000000000/resourceGroups/clitest.rg000001/providers/Microsoft.ContainerRegistry/registries/clireg000002?api-version=2019-12-01-preview
  response:
    body:
      string: '{"sku":{"name":"Basic","tier":"Basic"},"type":"Microsoft.ContainerRegistry/registries","id":"/subscriptions/00000000-0000-0000-0000-000000000000/resourceGroups/clitest.rg000001/providers/Microsoft.ContainerRegistry/registries/clireg000002","name":"clireg000002","location":"westus","tags":{},"systemData":{"createdBy":"savaradh@microsoft.com","createdByType":"User","createdAt":"2020-09-24T20:51:46.957167+00:00","lastModifiedBy":"savaradh@microsoft.com","lastModifiedByType":"User","lastModifiedAt":"2020-09-24T20:51:46.957167+00:00"},"properties":{"loginServer":"clireg000002.azurecr.io","creationDate":"2020-09-24T20:51:46.957167Z","provisioningState":"Succeeded","adminUserEnabled":false,"policies":{"quarantinePolicy":{"status":"disabled"},"trustPolicy":{"type":"Notary","status":"disabled"},"retentionPolicy":{"days":7,"lastUpdatedTime":"2020-09-24T20:51:47.7459937+00:00","status":"disabled"}},"encryption":{"status":"disabled"},"dataEndpointEnabled":false,"dataEndpointHostNames":[],"privateEndpointConnections":[],"publicNetworkAccess":"Enabled"}}'
    headers:
      cache-control:
      - no-cache
      content-length:
      - '1139'
      content-type:
      - application/json; charset=utf-8
      date:
      - Thu, 24 Sep 2020 20:51:47 GMT
      expires:
      - '-1'
      pragma:
      - no-cache
      server:
      - Microsoft-HTTPAPI/2.0
      strict-transport-security:
      - max-age=31536000; includeSubDomains
      transfer-encoding:
      - chunked
      vary:
      - Accept-Encoding
      x-content-type-options:
      - nosniff
      x-ms-ratelimit-remaining-subscription-writes:
      - '1199'
    status:
      code: 200
      message: OK
- request:
    body: '{"properties": {"metrics": [{"category": "AllMetrics", "enabled": true,
      "retentionPolicy": {"enabled": true, "days": 0}}], "logs": [{"category": "ContainerRegistryRepositoryEvents",
      "enabled": true, "retentionPolicy": {"enabled": true, "days": 0}}, {"category":
      "ContainerRegistryLoginEvents", "enabled": true, "retentionPolicy": {"enabled":
      true, "days": 0}}], "workspaceId": "/subscriptions/00000000-0000-0000-0000-000000000000/resourceGroups/clitest.rg000001/providers/microsoft.OperationalInsights/workspaces/wprkspace000003"}}'
    headers:
      Accept:
      - application/json
      Accept-Encoding:
      - gzip, deflate
      CommandName:
      - acr create
      Connection:
      - keep-alive
      Content-Length:
      - '595'
      Content-Type:
      - application/json; charset=utf-8
      ParameterSetName:
      - -n -g --sku --workspace
      User-Agent:
      - python/3.8.2 (Linux-4.19.104-microsoft-standard-x86_64-with-glibc2.29) msrest/0.6.18
        msrest_azure/0.6.3 azure-mgmt-monitor/0.11.0 Azure-SDK-For-Python AZURECLI/2.12.0
      accept-language:
      - en-US
    method: PUT
    uri: https://management.azure.com/subscriptions/00000000-0000-0000-0000-000000000000/resourceGroups/clitest.rg000001/providers/Microsoft.ContainerRegistry/registries/clireg000002/providers/microsoft.insights/diagnosticSettings/clireg000002-diagnostic-settings?api-version=2017-05-01-preview
  response:
    body:
      string: '{"id":"/subscriptions/00000000-0000-0000-0000-000000000000/resourcegroups/clitest.rg000001/providers/microsoft.containerregistry/registries/clireg000002/providers/microsoft.insights/diagnosticSettings/clireg000002-diagnostic-settings","type":null,"name":"clireg000002-diagnostic-settings","location":null,"kind":null,"tags":null,"properties":{"storageAccountId":null,"serviceBusRuleId":null,"workspaceId":"/subscriptions/00000000-0000-0000-0000-000000000000/resourceGroups/clitest.rg000001/providers/microsoft.OperationalInsights/workspaces/wprkspace000003","eventHubAuthorizationRuleId":null,"eventHubName":null,"metrics":[{"timeGrain":"PT1M","category":"AllMetrics","enabled":true,"retentionPolicy":{"enabled":true,"days":0}}],"logs":[{"category":"ContainerRegistryRepositoryEvents","enabled":true,"retentionPolicy":{"enabled":true,"days":0}},{"category":"ContainerRegistryLoginEvents","enabled":true,"retentionPolicy":{"enabled":true,"days":0}}],"logAnalyticsDestinationType":null},"identity":null}'
    headers:
      cache-control:
      - no-cache
      content-length:
      - '1148'
      content-type:
      - application/json; charset=utf-8
      date:
      - Thu, 24 Sep 2020 20:51:49 GMT
      expires:
      - '-1'
      pragma:
      - no-cache
      server:
      - Microsoft-IIS/10.0
      strict-transport-security:
      - max-age=31536000; includeSubDomains
      transfer-encoding:
      - chunked
      vary:
      - Accept-Encoding
      x-content-type-options:
      - nosniff
      x-ms-ratelimit-remaining-subscription-resource-requests:
      - '149'
    status:
      code: 200
      message: OK
- request:
    body: null
    headers:
      Accept:
      - application/json
      Accept-Encoding:
      - gzip, deflate
      CommandName:
      - monitor diagnostic-settings show
      Connection:
      - keep-alive
      ParameterSetName:
      - -g --resource -n
      User-Agent:
      - python/3.8.2 (Linux-4.19.104-microsoft-standard-x86_64-with-glibc2.29) msrest/0.6.18
        msrest_azure/0.6.3 azure-mgmt-monitor/0.11.0 Azure-SDK-For-Python AZURECLI/2.12.0
      accept-language:
      - en-US
    method: GET
    uri: https://management.azure.com/subscriptions/00000000-0000-0000-0000-000000000000/resourceGroups/clitest.rg000001/providers/Microsoft.ContainerRegistry/registries/clireg000002/providers/microsoft.insights/diagnosticSettings/clireg000002-diagnostic-settings?api-version=2017-05-01-preview
  response:
    body:
      string: '{"id":"/subscriptions/00000000-0000-0000-0000-000000000000/resourcegroups/clitest.rg000001/providers/microsoft.containerregistry/registries/clireg000002/providers/microsoft.insights/diagnosticSettings/clireg000002-diagnostic-settings","type":null,"name":"clireg000002-diagnostic-settings","location":null,"kind":null,"tags":null,"properties":{"storageAccountId":null,"serviceBusRuleId":null,"workspaceId":"/subscriptions/00000000-0000-0000-0000-000000000000/resourceGroups/clitest.rg000001/providers/microsoft.OperationalInsights/workspaces/wprkspace000003","eventHubAuthorizationRuleId":null,"eventHubName":null,"metrics":[{"category":"AllMetrics","enabled":true,"retentionPolicy":{"enabled":true,"days":0}}],"logs":[{"category":"ContainerRegistryRepositoryEvents","enabled":true,"retentionPolicy":{"enabled":true,"days":0}},{"category":"ContainerRegistryLoginEvents","enabled":true,"retentionPolicy":{"enabled":true,"days":0}}],"logAnalyticsDestinationType":null},"identity":null}'
    headers:
      cache-control:
      - no-cache
      content-length:
      - '1129'
      content-type:
      - application/json; charset=utf-8
      date:
      - Thu, 24 Sep 2020 20:51:50 GMT
      expires:
      - '-1'
      pragma:
      - no-cache
      server:
      - Microsoft-IIS/10.0
      strict-transport-security:
      - max-age=31536000; includeSubDomains
      transfer-encoding:
      - chunked
      vary:
      - Accept-Encoding
      x-content-type-options:
      - nosniff
    status:
      code: 200
      message: OK
version: 1
