interactions:
- request:
    body: '{"location": "westus", "sku": {"name": "Standard"}, "properties": {"adminUserEnabled":
      false, "anonymousPullEnabled": false}}'
    headers:
      Accept:
      - application/json
      Accept-Encoding:
      - gzip, deflate
      CommandName:
      - acr create
      Connection:
      - keep-alive
      Content-Length:
      - '125'
      Content-Type:
      - application/json
      ParameterSetName:
      - -n -g -l --sku
      User-Agent:
      - AZURECLI/2.44.1 azsdk-python-azure-mgmt-containerregistry/10.0.0 Python/3.10.9
        (Linux-5.15.0-1031-azure-x86_64-with-glibc2.31) VSTS_7b238909-6802-4b65-b90d-184bca47f458_build_220_0
    method: PUT
    uri: https://management.azure.com/subscriptions/00000000-0000-0000-0000-000000000000/resourceGroups/clitest.rg000001/providers/Microsoft.ContainerRegistry/registries/clireg000002?api-version=2022-02-01-preview
  response:
    body:
      string: '{"sku":{"name":"Standard","tier":"Standard"},"type":"Microsoft.ContainerRegistry/registries","id":"/subscriptions/00000000-0000-0000-0000-000000000000/resourceGroups/clitest.rg000001/providers/Microsoft.ContainerRegistry/registries/clireg000002","name":"clireg000002","location":"westus","tags":{},"systemData":{"createdBy":"azureclilivetest@azuresdkteam.onmicrosoft.com","createdByType":"User","createdAt":"2023-01-28T16:41:13.5774351+00:00","lastModifiedBy":"azureclilivetest@azuresdkteam.onmicrosoft.com","lastModifiedByType":"User","lastModifiedAt":"2023-01-28T16:41:13.5774351+00:00"},"properties":{"loginServer":"clireg000002.azurecr.io","creationDate":"2023-01-28T16:41:13.5774351Z","provisioningState":"Creating","adminUserEnabled":false,"policies":{"quarantinePolicy":{"status":"disabled"},"trustPolicy":{"type":"Notary","status":"disabled"},"retentionPolicy":{"days":7,"lastUpdatedTime":"2023-01-28T16:41:20.35918+00:00","status":"disabled"},"exportPolicy":{"status":"enabled"},"azureADAuthenticationAsArmPolicy":{"status":"enabled"},"softDeletePolicy":{"retentionDays":7,"lastUpdatedTime":"2023-01-28T16:41:20.35918+00:00","status":"disabled"}},"encryption":{"status":"disabled"},"dataEndpointEnabled":false,"dataEndpointHostNames":[],"privateEndpointConnections":[],"publicNetworkAccess":"Enabled","networkRuleBypassOptions":"AzureServices","zoneRedundancy":"Disabled","anonymousPullEnabled":false}}'
    headers:
      api-supported-versions:
      - 2022-02-01-preview
      azure-asyncoperation:
      - https://management.azure.com/subscriptions/00000000-0000-0000-0000-000000000000/resourceGroups/clitest.rg000001/providers/Microsoft.ContainerRegistry/registries/clireg000002/operationStatuses/registries-927f16b1-9f2a-11ed-87ef-7de60b70f8b6?api-version=2022-02-01-preview
      cache-control:
      - no-cache
      content-length:
      - '1411'
      content-type:
      - application/json; charset=utf-8
      date:
      - Sat, 28 Jan 2023 16:41:20 GMT
      expires:
      - '-1'
      pragma:
      - no-cache
      server:
      - Microsoft-HTTPAPI/2.0
      strict-transport-security:
      - max-age=31536000; includeSubDomains
      x-content-type-options:
      - nosniff
      x-ms-ratelimit-remaining-subscription-writes:
      - '1195'
    status:
      code: 201
      message: Created
- request:
    body: null
    headers:
      Accept:
      - '*/*'
      Accept-Encoding:
      - gzip, deflate
      CommandName:
      - acr create
      Connection:
      - keep-alive
      ParameterSetName:
      - -n -g -l --sku
      User-Agent:
      - AZURECLI/2.44.1 azsdk-python-azure-mgmt-containerregistry/10.0.0 Python/3.10.9
        (Linux-5.15.0-1031-azure-x86_64-with-glibc2.31) VSTS_7b238909-6802-4b65-b90d-184bca47f458_build_220_0
    method: GET
    uri: https://management.azure.com/subscriptions/00000000-0000-0000-0000-000000000000/resourceGroups/clitest.rg000001/providers/Microsoft.ContainerRegistry/registries/clireg000002/operationStatuses/registries-927f16b1-9f2a-11ed-87ef-7de60b70f8b6?api-version=2022-02-01-preview
  response:
    body:
      string: '{"status":"Succeeded"}'
    headers:
      api-supported-versions:
      - 2022-02-01-preview
      azure-asyncoperation:
      - https://management.azure.com/subscriptions/00000000-0000-0000-0000-000000000000/resourceGroups/clitest.rg000001/providers/Microsoft.ContainerRegistry/registries/clireg000002/operationStatuses/registries-927f16b1-9f2a-11ed-87ef-7de60b70f8b6?api-version=2022-02-01-preview
      cache-control:
      - no-cache
      content-length:
      - '22'
      content-type:
      - application/json; charset=utf-8
      date:
      - Sat, 28 Jan 2023 16:41:30 GMT
      expires:
      - '-1'
      pragma:
      - no-cache
      server:
      - Microsoft-HTTPAPI/2.0
      strict-transport-security:
      - max-age=31536000; includeSubDomains
      transfer-encoding:
      - chunked
      vary:
      - Accept-Encoding
      x-content-type-options:
      - nosniff
    status:
      code: 200
      message: OK
- request:
    body: null
    headers:
      Accept:
      - '*/*'
      Accept-Encoding:
      - gzip, deflate
      CommandName:
      - acr create
      Connection:
      - keep-alive
      ParameterSetName:
      - -n -g -l --sku
      User-Agent:
      - AZURECLI/2.44.1 azsdk-python-azure-mgmt-containerregistry/10.0.0 Python/3.10.9
        (Linux-5.15.0-1031-azure-x86_64-with-glibc2.31) VSTS_7b238909-6802-4b65-b90d-184bca47f458_build_220_0
    method: GET
    uri: https://management.azure.com/subscriptions/00000000-0000-0000-0000-000000000000/resourceGroups/clitest.rg000001/providers/Microsoft.ContainerRegistry/registries/clireg000002?api-version=2022-02-01-preview
  response:
    body:
      string: '{"sku":{"name":"Standard","tier":"Standard"},"type":"Microsoft.ContainerRegistry/registries","id":"/subscriptions/00000000-0000-0000-0000-000000000000/resourceGroups/clitest.rg000001/providers/Microsoft.ContainerRegistry/registries/clireg000002","name":"clireg000002","location":"westus","tags":{},"systemData":{"createdBy":"azureclilivetest@azuresdkteam.onmicrosoft.com","createdByType":"User","createdAt":"2023-01-28T16:41:13.5774351+00:00","lastModifiedBy":"azureclilivetest@azuresdkteam.onmicrosoft.com","lastModifiedByType":"User","lastModifiedAt":"2023-01-28T16:41:13.5774351+00:00"},"properties":{"loginServer":"clireg000002.azurecr.io","creationDate":"2023-01-28T16:41:13.5774351Z","provisioningState":"Succeeded","adminUserEnabled":false,"policies":{"quarantinePolicy":{"status":"disabled"},"trustPolicy":{"type":"Notary","status":"disabled"},"retentionPolicy":{"days":7,"lastUpdatedTime":"2023-01-28T16:41:20.35918+00:00","status":"disabled"},"exportPolicy":{"status":"enabled"},"azureADAuthenticationAsArmPolicy":{"status":"enabled"},"softDeletePolicy":{"retentionDays":7,"lastUpdatedTime":"2023-01-28T16:41:20.35918+00:00","status":"disabled"}},"encryption":{"status":"disabled"},"dataEndpointEnabled":false,"dataEndpointHostNames":[],"privateEndpointConnections":[],"publicNetworkAccess":"Enabled","networkRuleBypassOptions":"AzureServices","zoneRedundancy":"Disabled","anonymousPullEnabled":false}}'
    headers:
      api-supported-versions:
      - 2022-02-01-preview
      cache-control:
      - no-cache
      content-length:
      - '1412'
      content-type:
      - application/json; charset=utf-8
      date:
      - Sat, 28 Jan 2023 16:41:30 GMT
      expires:
      - '-1'
      pragma:
      - no-cache
      server:
      - Microsoft-HTTPAPI/2.0
      strict-transport-security:
      - max-age=31536000; includeSubDomains
      transfer-encoding:
      - chunked
      vary:
      - Accept-Encoding
      x-content-type-options:
      - nosniff
    status:
      code: 200
      message: OK
- request:
    body: null
    headers:
      Accept:
      - application/json
      Accept-Encoding:
      - gzip, deflate
      CommandName:
      - acr task create
      Connection:
      - keep-alive
      ParameterSetName:
      - -n -r --context --image -f --commit-trigger-enabled --pull-request-trigger-enabled
        --assign-identity
      User-Agent:
      - AZURECLI/2.44.1 azsdk-python-azure-mgmt-resource/22.0.0 Python/3.10.9 (Linux-5.15.0-1031-azure-x86_64-with-glibc2.31)
        VSTS_7b238909-6802-4b65-b90d-184bca47f458_build_220_0
    method: GET
    uri: https://management.azure.com/subscriptions/00000000-0000-0000-0000-000000000000/resources?$filter=resourceType%20eq%20%27Microsoft.ContainerRegistry%2Fregistries%27&api-version=2022-09-01
  response:
    body:
      string: '{"value":[{"id":"/subscriptions/00000000-0000-0000-0000-000000000000/resourceGroups/clitest.rgdmp6b4zdlgf2zghnf33wrzqy5hlxebaoge4vthqahtej7epha57dcadupk7gdbmc2/providers/Microsoft.ContainerRegistry/registries/clireg7vx33prql5yce3","name":"clireg7vx33prql5yce3","type":"Microsoft.ContainerRegistry/registries","sku":{"name":"Premium","tier":"Premium"},"location":"eastus","tags":{},"systemData":{"createdBy":"v-taoxuzeng@microsoft.com","createdByType":"User","createdAt":"2022-05-25T15:35:36.5820972Z","lastModifiedBy":"v-taoxuzeng@microsoft.com","lastModifiedByType":"User","lastModifiedAt":"2022-05-25T15:35:36.5820972Z"}},{"id":"/subscriptions/00000000-0000-0000-0000-000000000000/resourceGroups/clitest.rg000001/providers/Microsoft.ContainerRegistry/registries/clireg000002","name":"clireg000002","type":"Microsoft.ContainerRegistry/registries","sku":{"name":"Standard","tier":"Standard"},"location":"westus","tags":{},"systemData":{"createdBy":"azureclilivetest@azuresdkteam.onmicrosoft.com","createdByType":"User","createdAt":"2023-01-28T16:41:13.5774351Z","lastModifiedBy":"azureclilivetest@azuresdkteam.onmicrosoft.com","lastModifiedByType":"User","lastModifiedAt":"2023-01-28T16:41:13.5774351Z"}},{"id":"/subscriptions/00000000-0000-0000-0000-000000000000/resourceGroups/resourcegroupsamesub/providers/Microsoft.ContainerRegistry/registries/sourceregistrysamesubiouwf5plhofxvscotao","name":"sourceregistrysamesubiouwf5plhofxvscotao","type":"Microsoft.ContainerRegistry/registries","sku":{"name":"Standard","tier":"Standard"},"location":"westus","tags":{},"systemData":{"createdBy":"azureclilivetest@azuresdkteam.onmicrosoft.com","createdByType":"User","createdAt":"2023-01-28T16:27:28.089504Z","lastModifiedBy":"azureclilivetest@azuresdkteam.onmicrosoft.com","lastModifiedByType":"User","lastModifiedAt":"2023-01-28T16:27:28.089504Z"}},{"id":"/subscriptions/00000000-0000-0000-0000-000000000000/resourceGroups/resourcegroupsamesub/providers/Microsoft.ContainerRegistry/registries/sourceregistrysamesubojq2jfscrsdsut5ji6i","name":"sourceregistrysamesubojq2jfscrsdsut5ji6i","type":"Microsoft.ContainerRegistry/registries","sku":{"name":"Standard","tier":"Standard"},"location":"westus","tags":{},"systemData":{"createdBy":"azureclilivetest@azuresdkteam.onmicrosoft.com","createdByType":"User","createdAt":"2023-01-28T12:07:18.3589793Z","lastModifiedBy":"azureclilivetest@azuresdkteam.onmicrosoft.com","lastModifiedByType":"User","lastModifiedAt":"2023-01-28T12:07:18.3589793Z"}},{"id":"/subscriptions/00000000-0000-0000-0000-000000000000/resourceGroups/similar-bot/providers/Microsoft.ContainerRegistry/registries/similarbot","name":"similarbot","type":"Microsoft.ContainerRegistry/registries","sku":{"name":"Standard","tier":"Standard"},"location":"eastus","tags":{},"systemData":{"createdBy":"hanglei@microsoft.com","createdByType":"User","createdAt":"2022-12-27T10:03:56.9625259Z","lastModifiedBy":"hanglei@microsoft.com","lastModifiedByType":"User","lastModifiedAt":"2022-12-27T10:03:56.9625259Z"}}]}'
    headers:
      cache-control:
      - no-cache
      content-length:
      - '3010'
      content-type:
      - application/json; charset=utf-8
      date:
      - Sat, 28 Jan 2023 16:41:31 GMT
      expires:
      - '-1'
      pragma:
      - no-cache
      strict-transport-security:
      - max-age=31536000; includeSubDomains
      x-content-type-options:
      - nosniff
    status:
      code: 200
      message: OK
- request:
    body: null
    headers:
      Accept:
      - application/json
      Accept-Encoding:
      - gzip, deflate
      CommandName:
      - acr task create
      Connection:
      - keep-alive
      ParameterSetName:
      - -n -r --context --image -f --commit-trigger-enabled --pull-request-trigger-enabled
        --assign-identity
      User-Agent:
      - AZURECLI/2.44.1 azsdk-python-azure-mgmt-containerregistry/10.0.0 Python/3.10.9
        (Linux-5.15.0-1031-azure-x86_64-with-glibc2.31) VSTS_7b238909-6802-4b65-b90d-184bca47f458_build_220_0
    method: GET
    uri: https://management.azure.com/subscriptions/00000000-0000-0000-0000-000000000000/resourceGroups/clitest.rg000001/providers/Microsoft.ContainerRegistry/registries/clireg000002?api-version=2022-02-01-preview
  response:
    body:
      string: '{"sku":{"name":"Standard","tier":"Standard"},"type":"Microsoft.ContainerRegistry/registries","id":"/subscriptions/00000000-0000-0000-0000-000000000000/resourceGroups/clitest.rg000001/providers/Microsoft.ContainerRegistry/registries/clireg000002","name":"clireg000002","location":"westus","tags":{},"systemData":{"createdBy":"azureclilivetest@azuresdkteam.onmicrosoft.com","createdByType":"User","createdAt":"2023-01-28T16:41:13.5774351+00:00","lastModifiedBy":"azureclilivetest@azuresdkteam.onmicrosoft.com","lastModifiedByType":"User","lastModifiedAt":"2023-01-28T16:41:13.5774351+00:00"},"properties":{"loginServer":"clireg000002.azurecr.io","creationDate":"2023-01-28T16:41:13.5774351Z","provisioningState":"Succeeded","adminUserEnabled":false,"policies":{"quarantinePolicy":{"status":"disabled"},"trustPolicy":{"type":"Notary","status":"disabled"},"retentionPolicy":{"days":7,"lastUpdatedTime":"2023-01-28T16:41:20.35918+00:00","status":"disabled"},"exportPolicy":{"status":"enabled"},"azureADAuthenticationAsArmPolicy":{"status":"enabled"},"softDeletePolicy":{"retentionDays":7,"lastUpdatedTime":"2023-01-28T16:41:20.35918+00:00","status":"disabled"}},"encryption":{"status":"disabled"},"dataEndpointEnabled":false,"dataEndpointHostNames":[],"privateEndpointConnections":[],"publicNetworkAccess":"Enabled","networkRuleBypassOptions":"AzureServices","zoneRedundancy":"Disabled","anonymousPullEnabled":false}}'
    headers:
      api-supported-versions:
      - 2022-02-01-preview
      cache-control:
      - no-cache
      content-length:
      - '1412'
      content-type:
      - application/json; charset=utf-8
      date:
      - Sat, 28 Jan 2023 16:41:32 GMT
      expires:
      - '-1'
      pragma:
      - no-cache
      server:
      - Microsoft-HTTPAPI/2.0
      strict-transport-security:
      - max-age=31536000; includeSubDomains
      transfer-encoding:
      - chunked
      vary:
      - Accept-Encoding
      x-content-type-options:
      - nosniff
    status:
      code: 200
      message: OK
- request:
    body: '{"location": "westus", "identity": {"type": "SystemAssigned"}, "properties":
      {"status": "Enabled", "platform": {"os": "linux", "architecture": "amd64"},
      "agentConfiguration": {"cpu": 2}, "timeout": 3600, "step": {"type": "Docker",
      "contextPath": "https://github.com/SteveLasker/node-helloworld", "imageNames":
      ["testtask:v1"], "isPushEnabled": true, "noCache": false, "dockerFilePath":
      "Dockerfile", "arguments": []}, "trigger": {"baseImageTrigger": {"baseImageTriggerType":
      "Runtime", "updateTriggerPayloadType": "Default", "status": "Enabled", "name":
      "defaultBaseimageTriggerName"}}, "credentials": {}, "isSystemTask": false}}'
    headers:
      Accept:
      - application/json
      Accept-Encoding:
      - gzip, deflate
      CommandName:
      - acr task create
      Connection:
      - keep-alive
      Content-Length:
      - '629'
      Content-Type:
      - application/json
      ParameterSetName:
      - -n -r --context --image -f --commit-trigger-enabled --pull-request-trigger-enabled
        --assign-identity
      User-Agent:
      - AZURECLI/2.44.1 azsdk-python-azure-mgmt-containerregistry/10.0.0 Python/3.10.9
        (Linux-5.15.0-1031-azure-x86_64-with-glibc2.31) VSTS_7b238909-6802-4b65-b90d-184bca47f458_build_220_0
    method: PUT
    uri: https://management.azure.com/subscriptions/00000000-0000-0000-0000-000000000000/resourceGroups/clitest.rg000001/providers/Microsoft.ContainerRegistry/registries/clireg000002/tasks/testTask?api-version=2019-06-01-preview
  response:
    body:
      string: '{"type":"Microsoft.ContainerRegistry/registries/tasks","identity":{"principalId":"05242cee-704e-4d7a-918e-ed81a3350292","tenantId":"54826b22-38d6-4fb2-bad9-b7b93a3e9c5a","type":"SystemAssigned"},"properties":{"provisioningState":"Succeeded","creationDate":"2023-01-28T16:41:34.7263927+00:00","status":"Enabled","platform":{"os":"linux","architecture":"amd64"},"agentConfiguration":{"cpu":2},"timeout":3600,"step":{"type":"Docker","imageNames":["testtask:v1"],"isPushEnabled":true,"noCache":false,"dockerFilePath":"Dockerfile","arguments":[],"contextPath":"https://github.com/SteveLasker/node-helloworld"},"trigger":{"baseImageTrigger":{"baseImageTriggerType":"Runtime","updateTriggerPayloadType":"Default","status":"Enabled","name":"defaultBaseimageTriggerName"}},"isSystemTask":false},"id":"/subscriptions/00000000-0000-0000-0000-000000000000/resourceGroups/clitest.rg000001/providers/Microsoft.ContainerRegistry/registries/clireg000002/tasks/testTask","name":"testTask","location":"westus","systemData":{"createdBy":"azureclilivetest@azuresdkteam.onmicrosoft.com","createdByType":"User","createdAt":"2023-01-28T16:41:33.684379+00:00","lastModifiedBy":"azureclilivetest@azuresdkteam.onmicrosoft.com","lastModifiedByType":"User","lastModifiedAt":"2023-01-28T16:41:33.684379+00:00"}}'
    headers:
      cache-control:
      - no-cache
      content-length:
      - '1282'
      content-type:
      - application/json; charset=utf-8
      date:
      - Sat, 28 Jan 2023 16:41:35 GMT
      expires:
      - '-1'
      pragma:
      - no-cache
      strict-transport-security:
      - max-age=31536000; includeSubDomains
      transfer-encoding:
      - chunked
      vary:
      - Accept-Encoding
      x-content-type-options:
      - nosniff
      x-ms-ratelimit-remaining-subscription-writes:
      - '1197'
    status:
      code: 200
      message: OK
- request:
    body: null
    headers:
      Accept:
      - application/json
      Accept-Encoding:
      - gzip, deflate
      CommandName:
      - acr task create
      Connection:
      - keep-alive
      ParameterSetName:
      - -n -r --cmd -c
      User-Agent:
      - AZURECLI/2.44.1 azsdk-python-azure-mgmt-resource/22.0.0 Python/3.10.9 (Linux-5.15.0-1031-azure-x86_64-with-glibc2.31)
        VSTS_7b238909-6802-4b65-b90d-184bca47f458_build_220_0
    method: GET
    uri: https://management.azure.com/subscriptions/00000000-0000-0000-0000-000000000000/resources?$filter=resourceType%20eq%20%27Microsoft.ContainerRegistry%2Fregistries%27&api-version=2022-09-01
  response:
    body:
      string: '{"value":[{"id":"/subscriptions/00000000-0000-0000-0000-000000000000/resourceGroups/clitest.rgdmp6b4zdlgf2zghnf33wrzqy5hlxebaoge4vthqahtej7epha57dcadupk7gdbmc2/providers/Microsoft.ContainerRegistry/registries/clireg7vx33prql5yce3","name":"clireg7vx33prql5yce3","type":"Microsoft.ContainerRegistry/registries","sku":{"name":"Premium","tier":"Premium"},"location":"eastus","tags":{},"systemData":{"createdBy":"v-taoxuzeng@microsoft.com","createdByType":"User","createdAt":"2022-05-25T15:35:36.5820972Z","lastModifiedBy":"v-taoxuzeng@microsoft.com","lastModifiedByType":"User","lastModifiedAt":"2022-05-25T15:35:36.5820972Z"}},{"id":"/subscriptions/00000000-0000-0000-0000-000000000000/resourceGroups/clitest.rg000001/providers/Microsoft.ContainerRegistry/registries/clireg000002","name":"clireg000002","type":"Microsoft.ContainerRegistry/registries","sku":{"name":"Standard","tier":"Standard"},"location":"westus","tags":{},"systemData":{"createdBy":"azureclilivetest@azuresdkteam.onmicrosoft.com","createdByType":"User","createdAt":"2023-01-28T16:41:13.5774351Z","lastModifiedBy":"azureclilivetest@azuresdkteam.onmicrosoft.com","lastModifiedByType":"User","lastModifiedAt":"2023-01-28T16:41:13.5774351Z"}},{"id":"/subscriptions/00000000-0000-0000-0000-000000000000/resourceGroups/resourcegroupsamesub/providers/Microsoft.ContainerRegistry/registries/sourceregistrysamesubiouwf5plhofxvscotao","name":"sourceregistrysamesubiouwf5plhofxvscotao","type":"Microsoft.ContainerRegistry/registries","sku":{"name":"Standard","tier":"Standard"},"location":"westus","tags":{},"systemData":{"createdBy":"azureclilivetest@azuresdkteam.onmicrosoft.com","createdByType":"User","createdAt":"2023-01-28T16:27:28.089504Z","lastModifiedBy":"azureclilivetest@azuresdkteam.onmicrosoft.com","lastModifiedByType":"User","lastModifiedAt":"2023-01-28T16:27:28.089504Z"}},{"id":"/subscriptions/00000000-0000-0000-0000-000000000000/resourceGroups/resourcegroupsamesub/providers/Microsoft.ContainerRegistry/registries/sourceregistrysamesubojq2jfscrsdsut5ji6i","name":"sourceregistrysamesubojq2jfscrsdsut5ji6i","type":"Microsoft.ContainerRegistry/registries","sku":{"name":"Standard","tier":"Standard"},"location":"westus","tags":{},"systemData":{"createdBy":"azureclilivetest@azuresdkteam.onmicrosoft.com","createdByType":"User","createdAt":"2023-01-28T12:07:18.3589793Z","lastModifiedBy":"azureclilivetest@azuresdkteam.onmicrosoft.com","lastModifiedByType":"User","lastModifiedAt":"2023-01-28T12:07:18.3589793Z"}},{"id":"/subscriptions/00000000-0000-0000-0000-000000000000/resourceGroups/similar-bot/providers/Microsoft.ContainerRegistry/registries/similarbot","name":"similarbot","type":"Microsoft.ContainerRegistry/registries","sku":{"name":"Standard","tier":"Standard"},"location":"eastus","tags":{},"systemData":{"createdBy":"hanglei@microsoft.com","createdByType":"User","createdAt":"2022-12-27T10:03:56.9625259Z","lastModifiedBy":"hanglei@microsoft.com","lastModifiedByType":"User","lastModifiedAt":"2022-12-27T10:03:56.9625259Z"}}]}'
    headers:
      cache-control:
      - no-cache
      content-length:
      - '3010'
      content-type:
      - application/json; charset=utf-8
      date:
      - Sat, 28 Jan 2023 16:41:35 GMT
      expires:
      - '-1'
      pragma:
      - no-cache
      strict-transport-security:
      - max-age=31536000; includeSubDomains
      vary:
      - Accept-Encoding
      x-content-type-options:
      - nosniff
    status:
      code: 200
      message: OK
- request:
    body: null
    headers:
      Accept:
      - application/json
      Accept-Encoding:
      - gzip, deflate
      CommandName:
      - acr task create
      Connection:
      - keep-alive
      ParameterSetName:
      - -n -r --cmd -c
      User-Agent:
      - AZURECLI/2.44.1 azsdk-python-azure-mgmt-containerregistry/10.0.0 Python/3.10.9
        (Linux-5.15.0-1031-azure-x86_64-with-glibc2.31) VSTS_7b238909-6802-4b65-b90d-184bca47f458_build_220_0
    method: GET
    uri: https://management.azure.com/subscriptions/00000000-0000-0000-0000-000000000000/resourceGroups/clitest.rg000001/providers/Microsoft.ContainerRegistry/registries/clireg000002?api-version=2022-02-01-preview
  response:
    body:
      string: '{"sku":{"name":"Standard","tier":"Standard"},"type":"Microsoft.ContainerRegistry/registries","id":"/subscriptions/00000000-0000-0000-0000-000000000000/resourceGroups/clitest.rg000001/providers/Microsoft.ContainerRegistry/registries/clireg000002","name":"clireg000002","location":"westus","tags":{},"systemData":{"createdBy":"azureclilivetest@azuresdkteam.onmicrosoft.com","createdByType":"User","createdAt":"2023-01-28T16:41:13.5774351+00:00","lastModifiedBy":"azureclilivetest@azuresdkteam.onmicrosoft.com","lastModifiedByType":"User","lastModifiedAt":"2023-01-28T16:41:13.5774351+00:00"},"properties":{"loginServer":"clireg000002.azurecr.io","creationDate":"2023-01-28T16:41:13.5774351Z","provisioningState":"Succeeded","adminUserEnabled":false,"policies":{"quarantinePolicy":{"status":"disabled"},"trustPolicy":{"type":"Notary","status":"disabled"},"retentionPolicy":{"days":7,"lastUpdatedTime":"2023-01-28T16:41:20.35918+00:00","status":"disabled"},"exportPolicy":{"status":"enabled"},"azureADAuthenticationAsArmPolicy":{"status":"enabled"},"softDeletePolicy":{"retentionDays":7,"lastUpdatedTime":"2023-01-28T16:41:20.35918+00:00","status":"disabled"}},"encryption":{"status":"disabled"},"dataEndpointEnabled":false,"dataEndpointHostNames":[],"privateEndpointConnections":[],"publicNetworkAccess":"Enabled","networkRuleBypassOptions":"AzureServices","zoneRedundancy":"Disabled","anonymousPullEnabled":false}}'
    headers:
      api-supported-versions:
      - 2022-02-01-preview
      cache-control:
      - no-cache
      content-length:
      - '1412'
      content-type:
      - application/json; charset=utf-8
      date:
      - Sat, 28 Jan 2023 16:41:35 GMT
      expires:
      - '-1'
      pragma:
      - no-cache
      server:
      - Microsoft-HTTPAPI/2.0
      strict-transport-security:
      - max-age=31536000; includeSubDomains
      transfer-encoding:
      - chunked
      vary:
      - Accept-Encoding
      x-content-type-options:
      - nosniff
    status:
      code: 200
      message: OK
- request:
    body: '{"location": "westus", "properties": {"status": "Enabled", "platform":
      {"os": "linux", "architecture": "amd64"}, "agentConfiguration": {"cpu": 2},
      "timeout": 3600, "step": {"type": "EncodedTask", "encodedTaskContent": "dmVyc2lvbjogdjEuMS4wCnN0ZXBzOiAKICAtIGNtZDogYmFzaAogICAgZGlzYWJsZVdvcmtpbmdEaXJlY3RvcnlPdmVycmlkZTogdHJ1ZQogICAgdGltZW91dDogMzYwMAo=",
      "values": []}, "trigger": {"baseImageTrigger": {"baseImageTriggerType": "Runtime",
      "updateTriggerPayloadType": "Default", "status": "Enabled", "name": "defaultBaseimageTriggerName"}},
      "credentials": {}, "isSystemTask": false}}'
    headers:
      Accept:
      - application/json
      Accept-Encoding:
      - gzip, deflate
      CommandName:
      - acr task create
      Connection:
      - keep-alive
      Content-Length:
      - '580'
      Content-Type:
      - application/json
      ParameterSetName:
      - -n -r --cmd -c
      User-Agent:
      - AZURECLI/2.44.1 azsdk-python-azure-mgmt-containerregistry/10.0.0 Python/3.10.9
        (Linux-5.15.0-1031-azure-x86_64-with-glibc2.31) VSTS_7b238909-6802-4b65-b90d-184bca47f458_build_220_0
    method: PUT
    uri: https://management.azure.com/subscriptions/00000000-0000-0000-0000-000000000000/resourceGroups/clitest.rg000001/providers/Microsoft.ContainerRegistry/registries/clireg000002/tasks/contextlessTask?api-version=2019-06-01-preview
  response:
    body:
      string: '{"type":"Microsoft.ContainerRegistry/registries/tasks","properties":{"provisioningState":"Succeeded","creationDate":"2023-01-28T16:41:37.0906864+00:00","status":"Enabled","platform":{"os":"linux","architecture":"amd64"},"agentConfiguration":{"cpu":2},"timeout":3600,"step":{"type":"EncodedTask","encodedTaskContent":"dmVyc2lvbjogdjEuMS4wCnN0ZXBzOiAKICAtIGNtZDogYmFzaAogICAgZGlzYWJsZVdvcmtpbmdEaXJlY3RvcnlPdmVycmlkZTogdHJ1ZQogICAgdGltZW91dDogMzYwMAo=","values":[]},"trigger":{"baseImageTrigger":{"baseImageTriggerType":"Runtime","updateTriggerPayloadType":"Default","status":"Enabled","name":"defaultBaseimageTriggerName"}},"isSystemTask":false},"id":"/subscriptions/00000000-0000-0000-0000-000000000000/resourceGroups/clitest.rg000001/providers/Microsoft.ContainerRegistry/registries/clireg000002/tasks/contextlessTask","name":"contextlessTask","location":"westus","systemData":{"createdBy":"azureclilivetest@azuresdkteam.onmicrosoft.com","createdByType":"User","createdAt":"2023-01-28T16:41:36.7732978+00:00","lastModifiedBy":"azureclilivetest@azuresdkteam.onmicrosoft.com","lastModifiedByType":"User","lastModifiedAt":"2023-01-28T16:41:36.7732978+00:00"}}'
    headers:
      cache-control:
      - no-cache
      content-length:
      - '1157'
      content-type:
      - application/json; charset=utf-8
      date:
      - Sat, 28 Jan 2023 16:41:37 GMT
      expires:
      - '-1'
      pragma:
      - no-cache
      strict-transport-security:
      - max-age=31536000; includeSubDomains
      transfer-encoding:
      - chunked
      vary:
      - Accept-Encoding
      x-content-type-options:
      - nosniff
      x-ms-ratelimit-remaining-subscription-writes:
      - '1195'
    status:
      code: 200
      message: OK
- request:
    body: null
    headers:
      Accept:
      - application/json
      Accept-Encoding:
      - gzip, deflate
      CommandName:
      - acr task list
      Connection:
      - keep-alive
      ParameterSetName:
      - -r
      User-Agent:
      - AZURECLI/2.44.1 azsdk-python-azure-mgmt-resource/22.0.0 Python/3.10.9 (Linux-5.15.0-1031-azure-x86_64-with-glibc2.31)
        VSTS_7b238909-6802-4b65-b90d-184bca47f458_build_220_0
    method: GET
    uri: https://management.azure.com/subscriptions/00000000-0000-0000-0000-000000000000/resources?$filter=resourceType%20eq%20%27Microsoft.ContainerRegistry%2Fregistries%27&api-version=2022-09-01
  response:
    body:
      string: '{"value":[{"id":"/subscriptions/00000000-0000-0000-0000-000000000000/resourceGroups/clitest.rgdmp6b4zdlgf2zghnf33wrzqy5hlxebaoge4vthqahtej7epha57dcadupk7gdbmc2/providers/Microsoft.ContainerRegistry/registries/clireg7vx33prql5yce3","name":"clireg7vx33prql5yce3","type":"Microsoft.ContainerRegistry/registries","sku":{"name":"Premium","tier":"Premium"},"location":"eastus","tags":{},"systemData":{"createdBy":"v-taoxuzeng@microsoft.com","createdByType":"User","createdAt":"2022-05-25T15:35:36.5820972Z","lastModifiedBy":"v-taoxuzeng@microsoft.com","lastModifiedByType":"User","lastModifiedAt":"2022-05-25T15:35:36.5820972Z"}},{"id":"/subscriptions/00000000-0000-0000-0000-000000000000/resourceGroups/clitest.rg000001/providers/Microsoft.ContainerRegistry/registries/clireg000002","name":"clireg000002","type":"Microsoft.ContainerRegistry/registries","sku":{"name":"Standard","tier":"Standard"},"location":"westus","tags":{},"systemData":{"createdBy":"azureclilivetest@azuresdkteam.onmicrosoft.com","createdByType":"User","createdAt":"2023-01-28T16:41:13.5774351Z","lastModifiedBy":"azureclilivetest@azuresdkteam.onmicrosoft.com","lastModifiedByType":"User","lastModifiedAt":"2023-01-28T16:41:13.5774351Z"}},{"id":"/subscriptions/00000000-0000-0000-0000-000000000000/resourceGroups/resourcegroupsamesub/providers/Microsoft.ContainerRegistry/registries/sourceregistrysamesubiouwf5plhofxvscotao","name":"sourceregistrysamesubiouwf5plhofxvscotao","type":"Microsoft.ContainerRegistry/registries","sku":{"name":"Standard","tier":"Standard"},"location":"westus","tags":{},"systemData":{"createdBy":"azureclilivetest@azuresdkteam.onmicrosoft.com","createdByType":"User","createdAt":"2023-01-28T16:27:28.089504Z","lastModifiedBy":"azureclilivetest@azuresdkteam.onmicrosoft.com","lastModifiedByType":"User","lastModifiedAt":"2023-01-28T16:27:28.089504Z"}},{"id":"/subscriptions/00000000-0000-0000-0000-000000000000/resourceGroups/resourcegroupsamesub/providers/Microsoft.ContainerRegistry/registries/sourceregistrysamesubojq2jfscrsdsut5ji6i","name":"sourceregistrysamesubojq2jfscrsdsut5ji6i","type":"Microsoft.ContainerRegistry/registries","sku":{"name":"Standard","tier":"Standard"},"location":"westus","tags":{},"systemData":{"createdBy":"azureclilivetest@azuresdkteam.onmicrosoft.com","createdByType":"User","createdAt":"2023-01-28T12:07:18.3589793Z","lastModifiedBy":"azureclilivetest@azuresdkteam.onmicrosoft.com","lastModifiedByType":"User","lastModifiedAt":"2023-01-28T12:07:18.3589793Z"}},{"id":"/subscriptions/00000000-0000-0000-0000-000000000000/resourceGroups/similar-bot/providers/Microsoft.ContainerRegistry/registries/similarbot","name":"similarbot","type":"Microsoft.ContainerRegistry/registries","sku":{"name":"Standard","tier":"Standard"},"location":"eastus","tags":{},"systemData":{"createdBy":"hanglei@microsoft.com","createdByType":"User","createdAt":"2022-12-27T10:03:56.9625259Z","lastModifiedBy":"hanglei@microsoft.com","lastModifiedByType":"User","lastModifiedAt":"2022-12-27T10:03:56.9625259Z"}}]}'
    headers:
      cache-control:
      - no-cache
      content-length:
      - '3010'
      content-type:
      - application/json; charset=utf-8
      date:
      - Sat, 28 Jan 2023 16:41:36 GMT
      expires:
      - '-1'
      pragma:
      - no-cache
      strict-transport-security:
      - max-age=31536000; includeSubDomains
      vary:
      - Accept-Encoding
      x-content-type-options:
      - nosniff
    status:
      code: 200
      message: OK
- request:
    body: null
    headers:
      Accept:
      - application/json
      Accept-Encoding:
      - gzip, deflate
      CommandName:
      - acr task list
      Connection:
      - keep-alive
      ParameterSetName:
      - -r
      User-Agent:
      - AZURECLI/2.44.1 azsdk-python-azure-mgmt-containerregistry/10.0.0 Python/3.10.9
        (Linux-5.15.0-1031-azure-x86_64-with-glibc2.31) VSTS_7b238909-6802-4b65-b90d-184bca47f458_build_220_0
    method: GET
    uri: https://management.azure.com/subscriptions/00000000-0000-0000-0000-000000000000/resourceGroups/clitest.rg000001/providers/Microsoft.ContainerRegistry/registries/clireg000002?api-version=2022-02-01-preview
  response:
    body:
      string: '{"sku":{"name":"Standard","tier":"Standard"},"type":"Microsoft.ContainerRegistry/registries","id":"/subscriptions/00000000-0000-0000-0000-000000000000/resourceGroups/clitest.rg000001/providers/Microsoft.ContainerRegistry/registries/clireg000002","name":"clireg000002","location":"westus","tags":{},"systemData":{"createdBy":"azureclilivetest@azuresdkteam.onmicrosoft.com","createdByType":"User","createdAt":"2023-01-28T16:41:13.5774351+00:00","lastModifiedBy":"azureclilivetest@azuresdkteam.onmicrosoft.com","lastModifiedByType":"User","lastModifiedAt":"2023-01-28T16:41:13.5774351+00:00"},"properties":{"loginServer":"clireg000002.azurecr.io","creationDate":"2023-01-28T16:41:13.5774351Z","provisioningState":"Succeeded","adminUserEnabled":false,"policies":{"quarantinePolicy":{"status":"disabled"},"trustPolicy":{"type":"Notary","status":"disabled"},"retentionPolicy":{"days":7,"lastUpdatedTime":"2023-01-28T16:41:20.35918+00:00","status":"disabled"},"exportPolicy":{"status":"enabled"},"azureADAuthenticationAsArmPolicy":{"status":"enabled"},"softDeletePolicy":{"retentionDays":7,"lastUpdatedTime":"2023-01-28T16:41:20.35918+00:00","status":"disabled"}},"encryption":{"status":"disabled"},"dataEndpointEnabled":false,"dataEndpointHostNames":[],"privateEndpointConnections":[],"publicNetworkAccess":"Enabled","networkRuleBypassOptions":"AzureServices","zoneRedundancy":"Disabled","anonymousPullEnabled":false}}'
    headers:
      api-supported-versions:
      - 2022-02-01-preview
      cache-control:
      - no-cache
      content-length:
      - '1412'
      content-type:
      - application/json; charset=utf-8
      date:
      - Sat, 28 Jan 2023 16:41:37 GMT
      expires:
      - '-1'
      pragma:
      - no-cache
      server:
      - Microsoft-HTTPAPI/2.0
      strict-transport-security:
      - max-age=31536000; includeSubDomains
      transfer-encoding:
      - chunked
      vary:
      - Accept-Encoding
      x-content-type-options:
      - nosniff
    status:
      code: 200
      message: OK
- request:
    body: null
    headers:
      Accept:
      - application/json
      Accept-Encoding:
      - gzip, deflate
      CommandName:
      - acr task list
      Connection:
      - keep-alive
      ParameterSetName:
      - -r
      User-Agent:
      - AZURECLI/2.44.1 azsdk-python-azure-mgmt-containerregistry/10.0.0 Python/3.10.9
        (Linux-5.15.0-1031-azure-x86_64-with-glibc2.31) VSTS_7b238909-6802-4b65-b90d-184bca47f458_build_220_0
    method: GET
    uri: https://management.azure.com/subscriptions/00000000-0000-0000-0000-000000000000/resourceGroups/clitest.rg000001/providers/Microsoft.ContainerRegistry/registries/clireg000002/tasks?api-version=2019-06-01-preview
  response:
    body:
      string: '{"value":[{"type":"Microsoft.ContainerRegistry/registries/tasks","identity":{"principalId":"05242cee-704e-4d7a-918e-ed81a3350292","tenantId":"54826b22-38d6-4fb2-bad9-b7b93a3e9c5a","type":"SystemAssigned"},"properties":{"provisioningState":"Succeeded","creationDate":"2023-01-28T16:41:34.7263927+00:00","status":"Enabled","platform":{"os":"linux","architecture":"amd64"},"agentConfiguration":{"cpu":2},"timeout":3600,"step":{"type":"Docker","imageNames":["testtask:v1"],"isPushEnabled":true,"noCache":false,"dockerFilePath":"Dockerfile","arguments":[],"contextPath":"https://github.com/SteveLasker/node-helloworld"},"trigger":{"baseImageTrigger":{"baseImageTriggerType":"Runtime","updateTriggerPayloadType":"Default","status":"Enabled","name":"defaultBaseimageTriggerName"}},"isSystemTask":false},"id":"/subscriptions/00000000-0000-0000-0000-000000000000/resourceGroups/clitest.rg000001/providers/Microsoft.ContainerRegistry/registries/clireg000002/tasks/testTask","name":"testTask","location":"westus","systemData":{"createdBy":"azureclilivetest@azuresdkteam.onmicrosoft.com","createdByType":"User","createdAt":"2023-01-28T16:41:33.684379+00:00","lastModifiedBy":"azureclilivetest@azuresdkteam.onmicrosoft.com","lastModifiedByType":"User","lastModifiedAt":"2023-01-28T16:41:33.684379+00:00"}},{"type":"Microsoft.ContainerRegistry/registries/tasks","properties":{"provisioningState":"Succeeded","creationDate":"2023-01-28T16:41:37.0906864+00:00","status":"Enabled","platform":{"os":"linux","architecture":"amd64"},"agentConfiguration":{"cpu":2},"timeout":3600,"step":{"type":"EncodedTask","encodedTaskContent":"dmVyc2lvbjogdjEuMS4wCnN0ZXBzOiAKICAtIGNtZDogYmFzaAogICAgZGlzYWJsZVdvcmtpbmdEaXJlY3RvcnlPdmVycmlkZTogdHJ1ZQogICAgdGltZW91dDogMzYwMAo=","values":[]},"trigger":{"baseImageTrigger":{"baseImageTriggerType":"Runtime","updateTriggerPayloadType":"Default","status":"Enabled","name":"defaultBaseimageTriggerName"}},"isSystemTask":false},"id":"/subscriptions/00000000-0000-0000-0000-000000000000/resourceGroups/clitest.rg000001/providers/Microsoft.ContainerRegistry/registries/clireg000002/tasks/contextlessTask","name":"contextlessTask","location":"westus","systemData":{"createdBy":"azureclilivetest@azuresdkteam.onmicrosoft.com","createdByType":"User","createdAt":"2023-01-28T16:41:36.7732978+00:00","lastModifiedBy":"azureclilivetest@azuresdkteam.onmicrosoft.com","lastModifiedByType":"User","lastModifiedAt":"2023-01-28T16:41:36.7732978+00:00"}}]}'
    headers:
      cache-control:
      - no-cache
      content-length:
      - '2452'
      content-type:
      - application/json; charset=utf-8
      date:
      - Sat, 28 Jan 2023 16:41:38 GMT
      expires:
      - '-1'
      pragma:
      - no-cache
      strict-transport-security:
      - max-age=31536000; includeSubDomains
      transfer-encoding:
      - chunked
      vary:
      - Accept-Encoding
      x-content-type-options:
      - nosniff
    status:
      code: 200
      message: OK
- request:
    body: null
    headers:
      Accept:
      - application/json
      Accept-Encoding:
      - gzip, deflate
      CommandName:
      - acr task run
      Connection:
      - keep-alive
      ParameterSetName:
      - -n -r --no-logs
      User-Agent:
      - AZURECLI/2.44.1 azsdk-python-azure-mgmt-resource/22.0.0 Python/3.10.9 (Linux-5.15.0-1031-azure-x86_64-with-glibc2.31)
        VSTS_7b238909-6802-4b65-b90d-184bca47f458_build_220_0
    method: GET
    uri: https://management.azure.com/subscriptions/00000000-0000-0000-0000-000000000000/resources?$filter=resourceType%20eq%20%27Microsoft.ContainerRegistry%2Fregistries%27&api-version=2022-09-01
  response:
    body:
      string: '{"value":[{"id":"/subscriptions/00000000-0000-0000-0000-000000000000/resourceGroups/clitest.rgdmp6b4zdlgf2zghnf33wrzqy5hlxebaoge4vthqahtej7epha57dcadupk7gdbmc2/providers/Microsoft.ContainerRegistry/registries/clireg7vx33prql5yce3","name":"clireg7vx33prql5yce3","type":"Microsoft.ContainerRegistry/registries","sku":{"name":"Premium","tier":"Premium"},"location":"eastus","tags":{},"systemData":{"createdBy":"v-taoxuzeng@microsoft.com","createdByType":"User","createdAt":"2022-05-25T15:35:36.5820972Z","lastModifiedBy":"v-taoxuzeng@microsoft.com","lastModifiedByType":"User","lastModifiedAt":"2022-05-25T15:35:36.5820972Z"}},{"id":"/subscriptions/00000000-0000-0000-0000-000000000000/resourceGroups/clitest.rg000001/providers/Microsoft.ContainerRegistry/registries/clireg000002","name":"clireg000002","type":"Microsoft.ContainerRegistry/registries","sku":{"name":"Standard","tier":"Standard"},"location":"westus","tags":{},"systemData":{"createdBy":"azureclilivetest@azuresdkteam.onmicrosoft.com","createdByType":"User","createdAt":"2023-01-28T16:41:13.5774351Z","lastModifiedBy":"azureclilivetest@azuresdkteam.onmicrosoft.com","lastModifiedByType":"User","lastModifiedAt":"2023-01-28T16:41:13.5774351Z"}},{"id":"/subscriptions/00000000-0000-0000-0000-000000000000/resourceGroups/resourcegroupsamesub/providers/Microsoft.ContainerRegistry/registries/sourceregistrysamesubiouwf5plhofxvscotao","name":"sourceregistrysamesubiouwf5plhofxvscotao","type":"Microsoft.ContainerRegistry/registries","sku":{"name":"Standard","tier":"Standard"},"location":"westus","tags":{},"systemData":{"createdBy":"azureclilivetest@azuresdkteam.onmicrosoft.com","createdByType":"User","createdAt":"2023-01-28T16:27:28.089504Z","lastModifiedBy":"azureclilivetest@azuresdkteam.onmicrosoft.com","lastModifiedByType":"User","lastModifiedAt":"2023-01-28T16:27:28.089504Z"}},{"id":"/subscriptions/00000000-0000-0000-0000-000000000000/resourceGroups/resourcegroupsamesub/providers/Microsoft.ContainerRegistry/registries/sourceregistrysamesubojq2jfscrsdsut5ji6i","name":"sourceregistrysamesubojq2jfscrsdsut5ji6i","type":"Microsoft.ContainerRegistry/registries","sku":{"name":"Standard","tier":"Standard"},"location":"westus","tags":{},"systemData":{"createdBy":"azureclilivetest@azuresdkteam.onmicrosoft.com","createdByType":"User","createdAt":"2023-01-28T12:07:18.3589793Z","lastModifiedBy":"azureclilivetest@azuresdkteam.onmicrosoft.com","lastModifiedByType":"User","lastModifiedAt":"2023-01-28T12:07:18.3589793Z"}},{"id":"/subscriptions/00000000-0000-0000-0000-000000000000/resourceGroups/similar-bot/providers/Microsoft.ContainerRegistry/registries/similarbot","name":"similarbot","type":"Microsoft.ContainerRegistry/registries","sku":{"name":"Standard","tier":"Standard"},"location":"eastus","tags":{},"systemData":{"createdBy":"hanglei@microsoft.com","createdByType":"User","createdAt":"2022-12-27T10:03:56.9625259Z","lastModifiedBy":"hanglei@microsoft.com","lastModifiedByType":"User","lastModifiedAt":"2022-12-27T10:03:56.9625259Z"}}]}'
    headers:
      cache-control:
      - no-cache
      content-length:
      - '3010'
      content-type:
      - application/json; charset=utf-8
      date:
      - Sat, 28 Jan 2023 16:41:37 GMT
      expires:
      - '-1'
      pragma:
      - no-cache
      strict-transport-security:
      - max-age=31536000; includeSubDomains
      vary:
      - Accept-Encoding
      x-content-type-options:
      - nosniff
    status:
      code: 200
      message: OK
- request:
    body: null
    headers:
      Accept:
      - application/json
      Accept-Encoding:
      - gzip, deflate
      CommandName:
      - acr task run
      Connection:
      - keep-alive
      ParameterSetName:
      - -n -r --no-logs
      User-Agent:
      - AZURECLI/2.44.1 azsdk-python-azure-mgmt-containerregistry/10.0.0 Python/3.10.9
        (Linux-5.15.0-1031-azure-x86_64-with-glibc2.31) VSTS_7b238909-6802-4b65-b90d-184bca47f458_build_220_0
    method: GET
    uri: https://management.azure.com/subscriptions/00000000-0000-0000-0000-000000000000/resourceGroups/clitest.rg000001/providers/Microsoft.ContainerRegistry/registries/clireg000002?api-version=2022-02-01-preview
  response:
    body:
      string: '{"sku":{"name":"Standard","tier":"Standard"},"type":"Microsoft.ContainerRegistry/registries","id":"/subscriptions/00000000-0000-0000-0000-000000000000/resourceGroups/clitest.rg000001/providers/Microsoft.ContainerRegistry/registries/clireg000002","name":"clireg000002","location":"westus","tags":{},"systemData":{"createdBy":"azureclilivetest@azuresdkteam.onmicrosoft.com","createdByType":"User","createdAt":"2023-01-28T16:41:13.5774351+00:00","lastModifiedBy":"azureclilivetest@azuresdkteam.onmicrosoft.com","lastModifiedByType":"User","lastModifiedAt":"2023-01-28T16:41:13.5774351+00:00"},"properties":{"loginServer":"clireg000002.azurecr.io","creationDate":"2023-01-28T16:41:13.5774351Z","provisioningState":"Succeeded","adminUserEnabled":false,"policies":{"quarantinePolicy":{"status":"disabled"},"trustPolicy":{"type":"Notary","status":"disabled"},"retentionPolicy":{"days":7,"lastUpdatedTime":"2023-01-28T16:41:20.35918+00:00","status":"disabled"},"exportPolicy":{"status":"enabled"},"azureADAuthenticationAsArmPolicy":{"status":"enabled"},"softDeletePolicy":{"retentionDays":7,"lastUpdatedTime":"2023-01-28T16:41:20.35918+00:00","status":"disabled"}},"encryption":{"status":"disabled"},"dataEndpointEnabled":false,"dataEndpointHostNames":[],"privateEndpointConnections":[],"publicNetworkAccess":"Enabled","networkRuleBypassOptions":"AzureServices","zoneRedundancy":"Disabled","anonymousPullEnabled":false}}'
    headers:
      api-supported-versions:
      - 2022-02-01-preview
      cache-control:
      - no-cache
      content-length:
      - '1412'
      content-type:
      - application/json; charset=utf-8
      date:
      - Sat, 28 Jan 2023 16:41:38 GMT
      expires:
      - '-1'
      pragma:
      - no-cache
      server:
      - Microsoft-HTTPAPI/2.0
      strict-transport-security:
      - max-age=31536000; includeSubDomains
      transfer-encoding:
      - chunked
      vary:
      - Accept-Encoding
      x-content-type-options:
      - nosniff
    status:
      code: 200
      message: OK
- request:
    body: null
    headers:
      Accept:
      - application/json
      Accept-Encoding:
      - gzip, deflate
      CommandName:
      - acr task run
      Connection:
      - keep-alive
      Content-Length:
      - '0'
      ParameterSetName:
      - -n -r --no-logs
      User-Agent:
      - AZURECLI/2.44.1 azsdk-python-azure-mgmt-containerregistry/10.0.0 Python/3.10.9
        (Linux-5.15.0-1031-azure-x86_64-with-glibc2.31) VSTS_7b238909-6802-4b65-b90d-184bca47f458_build_220_0
    method: POST
    uri: https://management.azure.com/subscriptions/00000000-0000-0000-0000-000000000000/resourceGroups/clitest.rg000001/providers/Microsoft.ContainerRegistry/registries/clireg000002/tasks/contextlessTask/listDetails?api-version=2019-06-01-preview
  response:
    body:
      string: '{"type":"Microsoft.ContainerRegistry/registries/tasks","properties":{"provisioningState":"Succeeded","creationDate":"2023-01-28T16:41:37.0906864+00:00","status":"Enabled","platform":{"os":"linux","architecture":"amd64"},"agentConfiguration":{"cpu":2},"timeout":3600,"step":{"type":"EncodedTask","encodedTaskContent":"dmVyc2lvbjogdjEuMS4wCnN0ZXBzOiAKICAtIGNtZDogYmFzaAogICAgZGlzYWJsZVdvcmtpbmdEaXJlY3RvcnlPdmVycmlkZTogdHJ1ZQogICAgdGltZW91dDogMzYwMAo=","values":[]},"trigger":{"baseImageTrigger":{"baseImageTriggerType":"Runtime","updateTriggerPayloadType":"Default","status":"Enabled","name":"defaultBaseimageTriggerName"}},"isSystemTask":false},"id":"/subscriptions/00000000-0000-0000-0000-000000000000/resourceGroups/clitest.rg000001/providers/Microsoft.ContainerRegistry/registries/clireg000002/tasks/contextlessTask","name":"contextlessTask","location":"westus","systemData":{"createdBy":"azureclilivetest@azuresdkteam.onmicrosoft.com","createdByType":"User","createdAt":"2023-01-28T16:41:36.7732978+00:00","lastModifiedBy":"azureclilivetest@azuresdkteam.onmicrosoft.com","lastModifiedByType":"User","lastModifiedAt":"2023-01-28T16:41:36.7732978+00:00"}}'
    headers:
      cache-control:
      - no-cache
      content-length:
      - '1157'
      content-type:
      - application/json; charset=utf-8
      date:
      - Sat, 28 Jan 2023 16:41:39 GMT
      expires:
      - '-1'
      pragma:
      - no-cache
      strict-transport-security:
      - max-age=31536000; includeSubDomains
      transfer-encoding:
      - chunked
      vary:
      - Accept-Encoding
      x-content-type-options:
      - nosniff
      x-ms-ratelimit-remaining-subscription-writes:
      - '1199'
    status:
      code: 200
      message: OK
- request:
    body: '{"type": "TaskRunRequest", "isArchiveEnabled": false, "taskId": "/subscriptions/00000000-0000-0000-0000-000000000000/resourceGroups/clitest.rg000001/providers/Microsoft.ContainerRegistry/registries/clireg000002/tasks/contextlessTask",
      "overrideTaskStepProperties": {"arguments": [], "values": []}}'
    headers:
      Accept:
      - application/json
      Accept-Encoding:
      - gzip, deflate
      CommandName:
      - acr task run
      Connection:
      - keep-alive
      Content-Length:
      - '297'
      Content-Type:
      - application/json
      ParameterSetName:
      - -n -r --no-logs
      User-Agent:
      - AZURECLI/2.44.1 azsdk-python-azure-mgmt-containerregistry/10.0.0 Python/3.10.9
        (Linux-5.15.0-1031-azure-x86_64-with-glibc2.31) VSTS_7b238909-6802-4b65-b90d-184bca47f458_build_220_0
    method: POST
    uri: https://management.azure.com/subscriptions/00000000-0000-0000-0000-000000000000/resourceGroups/clitest.rg000001/providers/Microsoft.ContainerRegistry/registries/clireg000002/scheduleRun?api-version=2019-06-01-preview
  response:
    body:
      string: '{"type":"Microsoft.ContainerRegistry/registries/runs","properties":{"runId":"cf1","status":"Queued","lastUpdatedTime":"2023-01-28T16:41:40+00:00","provisioningState":"Succeeded","isArchiveEnabled":false},"id":"/subscriptions/00000000-0000-0000-0000-000000000000/resourceGroups/clitest.rg000001/providers/Microsoft.ContainerRegistry/registries/clireg000002/runs/cf1","name":"cf1","systemData":{"lastModifiedBy":"azureclilivetest@azuresdkteam.onmicrosoft.com","lastModifiedByType":"User","lastModifiedAt":"2023-01-28T16:41:39.9336358+00:00"}}'
    headers:
      cache-control:
      - no-cache
      content-length:
      - '540'
      content-type:
      - application/json; charset=utf-8
      date:
      - Sat, 28 Jan 2023 16:41:40 GMT
      expires:
      - '-1'
      pragma:
      - no-cache
      strict-transport-security:
      - max-age=31536000; includeSubDomains
      transfer-encoding:
      - chunked
      vary:
      - Accept-Encoding
      x-content-type-options:
      - nosniff
      x-ms-ratelimit-remaining-subscription-writes:
      - '1199'
    status:
      code: 200
      message: OK
- request:
    body: null
    headers:
      Accept:
      - application/json
      Accept-Encoding:
      - gzip, deflate
      CommandName:
      - acr task run
      Connection:
      - keep-alive
      ParameterSetName:
      - -n -r --no-logs
      User-Agent:
      - AZURECLI/2.44.1 azsdk-python-azure-mgmt-containerregistry/10.0.0 Python/3.10.9
        (Linux-5.15.0-1031-azure-x86_64-with-glibc2.31) VSTS_7b238909-6802-4b65-b90d-184bca47f458_build_220_0
    method: GET
    uri: https://management.azure.com/subscriptions/00000000-0000-0000-0000-000000000000/resourceGroups/clitest.rg000001/providers/Microsoft.ContainerRegistry/registries/clireg000002/runs/cf1?api-version=2019-06-01-preview
  response:
    body:
      string: '{"type":"Microsoft.ContainerRegistry/registries/runs","properties":{"runId":"cf1","status":"Queued","lastUpdatedTime":"2023-01-28T16:41:40+00:00","runType":"QuickRun","createTime":"2023-01-28T16:41:40.4180073+00:00","task":"contextlessTask","platform":{"os":"linux","architecture":"amd64"},"agentConfiguration":{"cpu":2},"provisioningState":"Succeeded","isArchiveEnabled":false},"id":"/subscriptions/00000000-0000-0000-0000-000000000000/resourceGroups/clitest.rg000001/providers/Microsoft.ContainerRegistry/registries/clireg000002/runs/cf1","name":"cf1","systemData":{"lastModifiedBy":"azureclilivetest@azuresdkteam.onmicrosoft.com","lastModifiedByType":"User","lastModifiedAt":"2023-01-28T16:41:39.9336358+00:00"}}'
    headers:
      cache-control:
      - no-cache
      content-length:
      - '715'
      content-type:
      - application/json; charset=utf-8
      date:
      - Sat, 28 Jan 2023 16:41:40 GMT
      expires:
      - '-1'
      pragma:
      - no-cache
      strict-transport-security:
      - max-age=31536000; includeSubDomains
      x-content-type-options:
      - nosniff
    status:
      code: 200
      message: OK
- request:
    body: null
    headers:
      Accept:
      - '*/*'
      Accept-Encoding:
      - gzip, deflate
      CommandName:
      - acr task run
      Connection:
      - keep-alive
      ParameterSetName:
      - -n -r --no-logs
      User-Agent:
      - AZURECLI/2.44.1 azsdk-python-azure-mgmt-containerregistry/10.0.0 Python/3.10.9
        (Linux-5.15.0-1031-azure-x86_64-with-glibc2.31) VSTS_7b238909-6802-4b65-b90d-184bca47f458_build_220_0
    method: GET
    uri: https://management.azure.com/subscriptions/00000000-0000-0000-0000-000000000000/resourceGroups/clitest.rg000001/providers/Microsoft.ContainerRegistry/registries/clireg000002/runs/cf1?api-version=2019-06-01-preview
  response:
    body:
      string: '{"type":"Microsoft.ContainerRegistry/registries/runs","properties":{"runId":"cf1","status":"Succeeded","lastUpdatedTime":"2023-01-28T16:41:46+00:00","runType":"QuickRun","createTime":"2023-01-28T16:41:40.4180073+00:00","startTime":"2023-01-28T16:41:41.1956492+00:00","finishTime":"2023-01-28T16:41:46.5839068+00:00","task":"contextlessTask","platform":{"os":"linux","architecture":"amd64"},"agentConfiguration":{"cpu":2},"provisioningState":"Succeeded","isArchiveEnabled":false},"id":"/subscriptions/00000000-0000-0000-0000-000000000000/resourceGroups/clitest.rg000001/providers/Microsoft.ContainerRegistry/registries/clireg000002/runs/cf1","name":"cf1","systemData":{"lastModifiedBy":"azureclilivetest@azuresdkteam.onmicrosoft.com","lastModifiedByType":"User","lastModifiedAt":"2023-01-28T16:41:39.9336358+00:00"}}'
    headers:
      cache-control:
      - no-cache
      content-length:
      - '815'
      content-type:
      - application/json; charset=utf-8
      date:
      - Sat, 28 Jan 2023 16:42:10 GMT
      expires:
      - '-1'
      pragma:
      - no-cache
      strict-transport-security:
      - max-age=31536000; includeSubDomains
      x-content-type-options:
      - nosniff
    status:
      code: 200
      message: OK
- request:
    body: null
    headers:
      Accept:
      - application/json
      Accept-Encoding:
      - gzip, deflate
      CommandName:
      - acr task run
      Connection:
      - keep-alive
      ParameterSetName:
      - -n -r --no-logs
      User-Agent:
      - AZURECLI/2.44.1 azsdk-python-azure-mgmt-resource/22.0.0 Python/3.10.9 (Linux-5.15.0-1031-azure-x86_64-with-glibc2.31)
        VSTS_7b238909-6802-4b65-b90d-184bca47f458_build_220_0
    method: GET
    uri: https://management.azure.com/subscriptions/00000000-0000-0000-0000-000000000000/resources?$filter=resourceType%20eq%20%27Microsoft.ContainerRegistry%2Fregistries%27&api-version=2022-09-01
  response:
    body:
      string: '{"value":[{"id":"/subscriptions/00000000-0000-0000-0000-000000000000/resourceGroups/clitest.rgdmp6b4zdlgf2zghnf33wrzqy5hlxebaoge4vthqahtej7epha57dcadupk7gdbmc2/providers/Microsoft.ContainerRegistry/registries/clireg7vx33prql5yce3","name":"clireg7vx33prql5yce3","type":"Microsoft.ContainerRegistry/registries","sku":{"name":"Premium","tier":"Premium"},"location":"eastus","tags":{},"systemData":{"createdBy":"v-taoxuzeng@microsoft.com","createdByType":"User","createdAt":"2022-05-25T15:35:36.5820972Z","lastModifiedBy":"v-taoxuzeng@microsoft.com","lastModifiedByType":"User","lastModifiedAt":"2022-05-25T15:35:36.5820972Z"}},{"id":"/subscriptions/00000000-0000-0000-0000-000000000000/resourceGroups/clitest.rg000001/providers/Microsoft.ContainerRegistry/registries/clireg000002","name":"clireg000002","type":"Microsoft.ContainerRegistry/registries","sku":{"name":"Standard","tier":"Standard"},"location":"westus","tags":{},"systemData":{"createdBy":"azureclilivetest@azuresdkteam.onmicrosoft.com","createdByType":"User","createdAt":"2023-01-28T16:41:13.5774351Z","lastModifiedBy":"azureclilivetest@azuresdkteam.onmicrosoft.com","lastModifiedByType":"User","lastModifiedAt":"2023-01-28T16:41:13.5774351Z"}},{"id":"/subscriptions/00000000-0000-0000-0000-000000000000/resourceGroups/resourcegroupsamesub/providers/Microsoft.ContainerRegistry/registries/sourceregistrysamesubiouwf5plhofxvscotao","name":"sourceregistrysamesubiouwf5plhofxvscotao","type":"Microsoft.ContainerRegistry/registries","sku":{"name":"Standard","tier":"Standard"},"location":"westus","tags":{},"systemData":{"createdBy":"azureclilivetest@azuresdkteam.onmicrosoft.com","createdByType":"User","createdAt":"2023-01-28T16:27:28.089504Z","lastModifiedBy":"azureclilivetest@azuresdkteam.onmicrosoft.com","lastModifiedByType":"User","lastModifiedAt":"2023-01-28T16:27:28.089504Z"}},{"id":"/subscriptions/00000000-0000-0000-0000-000000000000/resourceGroups/resourcegroupsamesub/providers/Microsoft.ContainerRegistry/registries/sourceregistrysamesubojq2jfscrsdsut5ji6i","name":"sourceregistrysamesubojq2jfscrsdsut5ji6i","type":"Microsoft.ContainerRegistry/registries","sku":{"name":"Standard","tier":"Standard"},"location":"westus","tags":{},"systemData":{"createdBy":"azureclilivetest@azuresdkteam.onmicrosoft.com","createdByType":"User","createdAt":"2023-01-28T12:07:18.3589793Z","lastModifiedBy":"azureclilivetest@azuresdkteam.onmicrosoft.com","lastModifiedByType":"User","lastModifiedAt":"2023-01-28T12:07:18.3589793Z"}},{"id":"/subscriptions/00000000-0000-0000-0000-000000000000/resourceGroups/similar-bot/providers/Microsoft.ContainerRegistry/registries/similarbot","name":"similarbot","type":"Microsoft.ContainerRegistry/registries","sku":{"name":"Standard","tier":"Standard"},"location":"eastus","tags":{},"systemData":{"createdBy":"hanglei@microsoft.com","createdByType":"User","createdAt":"2022-12-27T10:03:56.9625259Z","lastModifiedBy":"hanglei@microsoft.com","lastModifiedByType":"User","lastModifiedAt":"2022-12-27T10:03:56.9625259Z"}}]}'
    headers:
      cache-control:
      - no-cache
      content-length:
      - '3010'
      content-type:
      - application/json; charset=utf-8
      date:
      - Sat, 28 Jan 2023 16:42:11 GMT
      expires:
      - '-1'
      pragma:
      - no-cache
      strict-transport-security:
      - max-age=31536000; includeSubDomains
      vary:
      - Accept-Encoding
      x-content-type-options:
      - nosniff
    status:
      code: 200
      message: OK
- request:
    body: null
    headers:
      Accept:
      - application/json
      Accept-Encoding:
      - gzip, deflate
      CommandName:
      - acr task run
      Connection:
      - keep-alive
      ParameterSetName:
      - -n -r --no-logs
      User-Agent:
      - AZURECLI/2.44.1 azsdk-python-azure-mgmt-containerregistry/10.0.0 Python/3.10.9
        (Linux-5.15.0-1031-azure-x86_64-with-glibc2.31) VSTS_7b238909-6802-4b65-b90d-184bca47f458_build_220_0
    method: GET
    uri: https://management.azure.com/subscriptions/00000000-0000-0000-0000-000000000000/resourceGroups/clitest.rg000001/providers/Microsoft.ContainerRegistry/registries/clireg000002?api-version=2022-02-01-preview
  response:
    body:
      string: '{"sku":{"name":"Standard","tier":"Standard"},"type":"Microsoft.ContainerRegistry/registries","id":"/subscriptions/00000000-0000-0000-0000-000000000000/resourceGroups/clitest.rg000001/providers/Microsoft.ContainerRegistry/registries/clireg000002","name":"clireg000002","location":"westus","tags":{},"systemData":{"createdBy":"azureclilivetest@azuresdkteam.onmicrosoft.com","createdByType":"User","createdAt":"2023-01-28T16:41:13.5774351+00:00","lastModifiedBy":"azureclilivetest@azuresdkteam.onmicrosoft.com","lastModifiedByType":"User","lastModifiedAt":"2023-01-28T16:41:13.5774351+00:00"},"properties":{"loginServer":"clireg000002.azurecr.io","creationDate":"2023-01-28T16:41:13.5774351Z","provisioningState":"Succeeded","adminUserEnabled":false,"policies":{"quarantinePolicy":{"status":"disabled"},"trustPolicy":{"type":"Notary","status":"disabled"},"retentionPolicy":{"days":7,"lastUpdatedTime":"2023-01-28T16:41:20.35918+00:00","status":"disabled"},"exportPolicy":{"status":"enabled"},"azureADAuthenticationAsArmPolicy":{"status":"enabled"},"softDeletePolicy":{"retentionDays":7,"lastUpdatedTime":"2023-01-28T16:41:20.35918+00:00","status":"disabled"}},"encryption":{"status":"disabled"},"dataEndpointEnabled":false,"dataEndpointHostNames":[],"privateEndpointConnections":[],"publicNetworkAccess":"Enabled","networkRuleBypassOptions":"AzureServices","zoneRedundancy":"Disabled","anonymousPullEnabled":false}}'
    headers:
      api-supported-versions:
      - 2022-02-01-preview
      cache-control:
      - no-cache
      content-length:
      - '1412'
      content-type:
      - application/json; charset=utf-8
      date:
      - Sat, 28 Jan 2023 16:42:11 GMT
      expires:
      - '-1'
      pragma:
      - no-cache
      server:
      - Microsoft-HTTPAPI/2.0
      strict-transport-security:
      - max-age=31536000; includeSubDomains
      transfer-encoding:
      - chunked
      vary:
      - Accept-Encoding
      x-content-type-options:
      - nosniff
    status:
      code: 200
      message: OK
- request:
    body: null
    headers:
      Accept:
      - application/json
      Accept-Encoding:
      - gzip, deflate
      CommandName:
      - acr task run
      Connection:
      - keep-alive
      Content-Length:
      - '0'
      ParameterSetName:
      - -n -r --no-logs
      User-Agent:
      - AZURECLI/2.44.1 azsdk-python-azure-mgmt-containerregistry/10.0.0 Python/3.10.9
        (Linux-5.15.0-1031-azure-x86_64-with-glibc2.31) VSTS_7b238909-6802-4b65-b90d-184bca47f458_build_220_0
    method: POST
    uri: https://management.azure.com/subscriptions/00000000-0000-0000-0000-000000000000/resourceGroups/clitest.rg000001/providers/Microsoft.ContainerRegistry/registries/clireg000002/tasks/testTask/listDetails?api-version=2019-06-01-preview
  response:
    body:
      string: '{"type":"Microsoft.ContainerRegistry/registries/tasks","identity":{"principalId":"05242cee-704e-4d7a-918e-ed81a3350292","tenantId":"54826b22-38d6-4fb2-bad9-b7b93a3e9c5a","type":"SystemAssigned"},"properties":{"provisioningState":"Succeeded","creationDate":"2023-01-28T16:41:34.7263927+00:00","status":"Enabled","platform":{"os":"linux","architecture":"amd64"},"agentConfiguration":{"cpu":2},"timeout":3600,"step":{"type":"Docker","imageNames":["testtask:v1"],"isPushEnabled":true,"noCache":false,"dockerFilePath":"Dockerfile","arguments":[],"contextPath":"https://github.com/SteveLasker/node-helloworld"},"trigger":{"baseImageTrigger":{"baseImageTriggerType":"Runtime","updateTriggerPayloadType":"Default","status":"Enabled","name":"defaultBaseimageTriggerName"}},"isSystemTask":false},"id":"/subscriptions/00000000-0000-0000-0000-000000000000/resourceGroups/clitest.rg000001/providers/Microsoft.ContainerRegistry/registries/clireg000002/tasks/testTask","name":"testTask","location":"westus","systemData":{"createdBy":"azureclilivetest@azuresdkteam.onmicrosoft.com","createdByType":"User","createdAt":"2023-01-28T16:41:33.684379+00:00","lastModifiedBy":"azureclilivetest@azuresdkteam.onmicrosoft.com","lastModifiedByType":"User","lastModifiedAt":"2023-01-28T16:41:33.684379+00:00"}}'
    headers:
      cache-control:
      - no-cache
      content-length:
      - '1282'
      content-type:
      - application/json; charset=utf-8
      date:
      - Sat, 28 Jan 2023 16:42:12 GMT
      expires:
      - '-1'
      pragma:
      - no-cache
      strict-transport-security:
      - max-age=31536000; includeSubDomains
      transfer-encoding:
      - chunked
      vary:
      - Accept-Encoding
      x-content-type-options:
      - nosniff
      x-ms-ratelimit-remaining-subscription-writes:
      - '1197'
    status:
      code: 200
      message: OK
- request:
    body: '{"type": "TaskRunRequest", "isArchiveEnabled": false, "taskId": "/subscriptions/00000000-0000-0000-0000-000000000000/resourceGroups/clitest.rg000001/providers/Microsoft.ContainerRegistry/registries/clireg000002/tasks/testTask",
      "overrideTaskStepProperties": {"arguments": [], "values": []}}'
    headers:
      Accept:
      - application/json
      Accept-Encoding:
      - gzip, deflate
      CommandName:
      - acr task run
      Connection:
      - keep-alive
      Content-Length:
      - '290'
      Content-Type:
      - application/json
      ParameterSetName:
      - -n -r --no-logs
      User-Agent:
      - AZURECLI/2.44.1 azsdk-python-azure-mgmt-containerregistry/10.0.0 Python/3.10.9
        (Linux-5.15.0-1031-azure-x86_64-with-glibc2.31) VSTS_7b238909-6802-4b65-b90d-184bca47f458_build_220_0
    method: POST
    uri: https://management.azure.com/subscriptions/00000000-0000-0000-0000-000000000000/resourceGroups/clitest.rg000001/providers/Microsoft.ContainerRegistry/registries/clireg000002/scheduleRun?api-version=2019-06-01-preview
  response:
    body:
      string: '{"type":"Microsoft.ContainerRegistry/registries/runs","properties":{"runId":"cf2","status":"Queued","lastUpdatedTime":"2023-01-28T16:42:13+00:00","provisioningState":"Succeeded","isArchiveEnabled":false},"id":"/subscriptions/00000000-0000-0000-0000-000000000000/resourceGroups/clitest.rg000001/providers/Microsoft.ContainerRegistry/registries/clireg000002/runs/cf2","name":"cf2","systemData":{"lastModifiedBy":"azureclilivetest@azuresdkteam.onmicrosoft.com","lastModifiedByType":"User","lastModifiedAt":"2023-01-28T16:42:12.8238402+00:00"}}'
    headers:
      cache-control:
      - no-cache
      content-length:
      - '540'
      content-type:
      - application/json; charset=utf-8
      date:
      - Sat, 28 Jan 2023 16:42:12 GMT
      expires:
      - '-1'
      pragma:
      - no-cache
      strict-transport-security:
      - max-age=31536000; includeSubDomains
      transfer-encoding:
      - chunked
      vary:
      - Accept-Encoding
      x-content-type-options:
      - nosniff
      x-ms-ratelimit-remaining-subscription-writes:
      - '1198'
    status:
      code: 200
      message: OK
- request:
    body: null
    headers:
      Accept:
      - application/json
      Accept-Encoding:
      - gzip, deflate
      CommandName:
      - acr task run
      Connection:
      - keep-alive
      ParameterSetName:
      - -n -r --no-logs
      User-Agent:
      - AZURECLI/2.44.1 azsdk-python-azure-mgmt-containerregistry/10.0.0 Python/3.10.9
        (Linux-5.15.0-1031-azure-x86_64-with-glibc2.31) VSTS_7b238909-6802-4b65-b90d-184bca47f458_build_220_0
    method: GET
    uri: https://management.azure.com/subscriptions/00000000-0000-0000-0000-000000000000/resourceGroups/clitest.rg000001/providers/Microsoft.ContainerRegistry/registries/clireg000002/runs/cf2?api-version=2019-06-01-preview
  response:
    body:
      string: '{"type":"Microsoft.ContainerRegistry/registries/runs","properties":{"runId":"cf2","status":"Queued","lastUpdatedTime":"2023-01-28T16:42:13+00:00","runType":"QuickRun","createTime":"2023-01-28T16:42:13.1977008+00:00","task":"testTask","platform":{"os":"linux","architecture":"amd64"},"agentConfiguration":{"cpu":2},"provisioningState":"Succeeded","isArchiveEnabled":false},"id":"/subscriptions/00000000-0000-0000-0000-000000000000/resourceGroups/clitest.rg000001/providers/Microsoft.ContainerRegistry/registries/clireg000002/runs/cf2","name":"cf2","systemData":{"lastModifiedBy":"azureclilivetest@azuresdkteam.onmicrosoft.com","lastModifiedByType":"User","lastModifiedAt":"2023-01-28T16:42:12.8238402+00:00"}}'
    headers:
      cache-control:
      - no-cache
      content-length:
      - '708'
      content-type:
      - application/json; charset=utf-8
      date:
      - Sat, 28 Jan 2023 16:42:13 GMT
      expires:
      - '-1'
      pragma:
      - no-cache
      strict-transport-security:
      - max-age=31536000; includeSubDomains
      transfer-encoding:
      - chunked
      vary:
      - Accept-Encoding
      x-content-type-options:
      - nosniff
    status:
      code: 200
      message: OK
- request:
    body: null
    headers:
      Accept:
      - '*/*'
      Accept-Encoding:
      - gzip, deflate
      CommandName:
      - acr task run
      Connection:
      - keep-alive
      ParameterSetName:
      - -n -r --no-logs
      User-Agent:
      - AZURECLI/2.44.1 azsdk-python-azure-mgmt-containerregistry/10.0.0 Python/3.10.9
        (Linux-5.15.0-1031-azure-x86_64-with-glibc2.31) VSTS_7b238909-6802-4b65-b90d-184bca47f458_build_220_0
    method: GET
    uri: https://management.azure.com/subscriptions/00000000-0000-0000-0000-000000000000/resourceGroups/clitest.rg000001/providers/Microsoft.ContainerRegistry/registries/clireg000002/runs/cf2?api-version=2019-06-01-preview
  response:
    body:
      string: '{"type":"Microsoft.ContainerRegistry/registries/runs","properties":{"runId":"cf2","status":"Running","lastUpdatedTime":"2023-01-28T16:42:13+00:00","runType":"QuickRun","createTime":"2023-01-28T16:42:13.1977008+00:00","startTime":"2023-01-28T16:42:13.9524983+00:00","task":"testTask","platform":{"os":"linux","architecture":"amd64"},"agentConfiguration":{"cpu":2},"provisioningState":"Succeeded","isArchiveEnabled":false},"id":"/subscriptions/00000000-0000-0000-0000-000000000000/resourceGroups/clitest.rg000001/providers/Microsoft.ContainerRegistry/registries/clireg000002/runs/cf2","name":"cf2","systemData":{"lastModifiedBy":"azureclilivetest@azuresdkteam.onmicrosoft.com","lastModifiedByType":"User","lastModifiedAt":"2023-01-28T16:42:12.8238402+00:00"}}'
    headers:
      cache-control:
      - no-cache
      content-length:
      - '757'
      content-type:
      - application/json; charset=utf-8
      date:
      - Sat, 28 Jan 2023 16:42:43 GMT
      expires:
      - '-1'
      pragma:
      - no-cache
      strict-transport-security:
      - max-age=31536000; includeSubDomains
      transfer-encoding:
      - chunked
      vary:
      - Accept-Encoding
      x-content-type-options:
      - nosniff
    status:
      code: 200
      message: OK
- request:
    body: null
    headers:
      Accept:
      - '*/*'
      Accept-Encoding:
      - gzip, deflate
      CommandName:
      - acr task run
      Connection:
      - keep-alive
      ParameterSetName:
      - -n -r --no-logs
      User-Agent:
      - AZURECLI/2.44.1 azsdk-python-azure-mgmt-containerregistry/10.0.0 Python/3.10.9
        (Linux-5.15.0-1031-azure-x86_64-with-glibc2.31) VSTS_7b238909-6802-4b65-b90d-184bca47f458_build_220_0
    method: GET
    uri: https://management.azure.com/subscriptions/00000000-0000-0000-0000-000000000000/resourceGroups/clitest.rg000001/providers/Microsoft.ContainerRegistry/registries/clireg000002/runs/cf2?api-version=2019-06-01-preview
  response:
    body:
      string: '{"type":"Microsoft.ContainerRegistry/registries/runs","properties":{"runId":"cf2","status":"Running","lastUpdatedTime":"2023-01-28T16:42:13+00:00","runType":"QuickRun","createTime":"2023-01-28T16:42:13.1977008+00:00","startTime":"2023-01-28T16:42:13.9524983+00:00","task":"testTask","platform":{"os":"linux","architecture":"amd64"},"agentConfiguration":{"cpu":2},"provisioningState":"Succeeded","isArchiveEnabled":false},"id":"/subscriptions/00000000-0000-0000-0000-000000000000/resourceGroups/clitest.rg000001/providers/Microsoft.ContainerRegistry/registries/clireg000002/runs/cf2","name":"cf2","systemData":{"lastModifiedBy":"azureclilivetest@azuresdkteam.onmicrosoft.com","lastModifiedByType":"User","lastModifiedAt":"2023-01-28T16:42:12.8238402+00:00"}}'
    headers:
      cache-control:
      - no-cache
      content-length:
      - '757'
      content-type:
      - application/json; charset=utf-8
      date:
      - Sat, 28 Jan 2023 16:43:14 GMT
      expires:
      - '-1'
      pragma:
      - no-cache
      strict-transport-security:
      - max-age=31536000; includeSubDomains
      transfer-encoding:
      - chunked
      vary:
      - Accept-Encoding
      x-content-type-options:
      - nosniff
    status:
      code: 200
      message: OK
- request:
    body: null
    headers:
      Accept:
      - '*/*'
      Accept-Encoding:
      - gzip, deflate
      CommandName:
      - acr task run
      Connection:
      - keep-alive
      ParameterSetName:
      - -n -r --no-logs
      User-Agent:
      - AZURECLI/2.44.1 azsdk-python-azure-mgmt-containerregistry/10.0.0 Python/3.10.9
        (Linux-5.15.0-1031-azure-x86_64-with-glibc2.31) VSTS_7b238909-6802-4b65-b90d-184bca47f458_build_220_0
    method: GET
    uri: https://management.azure.com/subscriptions/00000000-0000-0000-0000-000000000000/resourceGroups/clitest.rg000001/providers/Microsoft.ContainerRegistry/registries/clireg000002/runs/cf2?api-version=2019-06-01-preview
  response:
    body:
      string: '{"type":"Microsoft.ContainerRegistry/registries/runs","properties":{"runId":"cf2","status":"Succeeded","lastUpdatedTime":"2023-01-28T16:43:16+00:00","runType":"QuickRun","createTime":"2023-01-28T16:42:13.1977008+00:00","startTime":"2023-01-28T16:42:13.9524983+00:00","finishTime":"2023-01-28T16:43:16.9009226+00:00","outputImages":[{"registry":"clireg000002.azurecr.io","repository":"testtask","tag":"v1","digest":"sha256:269fa1394cbe387a7356740f3c35d7be276fabb26206c9045687a2a337246eb4"}],"task":"testTask","platform":{"os":"linux","architecture":"amd64"},"agentConfiguration":{"cpu":2},"provisioningState":"Succeeded","isArchiveEnabled":false},"id":"/subscriptions/00000000-0000-0000-0000-000000000000/resourceGroups/clitest.rg000001/providers/Microsoft.ContainerRegistry/registries/clireg000002/runs/cf2","name":"cf2","systemData":{"lastModifiedBy":"azureclilivetest@azuresdkteam.onmicrosoft.com","lastModifiedByType":"User","lastModifiedAt":"2023-01-28T16:42:12.8238402+00:00"}}'
    headers:
      cache-control:
      - no-cache
      content-length:
      - '982'
      content-type:
      - application/json; charset=utf-8
      date:
      - Sat, 28 Jan 2023 16:43:44 GMT
      expires:
      - '-1'
      pragma:
      - no-cache
      strict-transport-security:
      - max-age=31536000; includeSubDomains
      transfer-encoding:
      - chunked
      vary:
      - Accept-Encoding
      x-content-type-options:
      - nosniff
    status:
      code: 200
      message: OK
- request:
    body: null
    headers:
      Accept:
      - application/json
      Accept-Encoding:
      - gzip, deflate
      CommandName:
      - acr task list-runs
      Connection:
      - keep-alive
      ParameterSetName:
      - -n -r
      User-Agent:
      - AZURECLI/2.44.1 azsdk-python-azure-mgmt-resource/22.0.0 Python/3.10.9 (Linux-5.15.0-1031-azure-x86_64-with-glibc2.31)
        VSTS_7b238909-6802-4b65-b90d-184bca47f458_build_220_0
    method: GET
    uri: https://management.azure.com/subscriptions/00000000-0000-0000-0000-000000000000/resources?$filter=resourceType%20eq%20%27Microsoft.ContainerRegistry%2Fregistries%27&api-version=2022-09-01
  response:
    body:
      string: '{"value":[{"id":"/subscriptions/00000000-0000-0000-0000-000000000000/resourceGroups/clitest.rgdmp6b4zdlgf2zghnf33wrzqy5hlxebaoge4vthqahtej7epha57dcadupk7gdbmc2/providers/Microsoft.ContainerRegistry/registries/clireg7vx33prql5yce3","name":"clireg7vx33prql5yce3","type":"Microsoft.ContainerRegistry/registries","sku":{"name":"Premium","tier":"Premium"},"location":"eastus","tags":{},"systemData":{"createdBy":"v-taoxuzeng@microsoft.com","createdByType":"User","createdAt":"2022-05-25T15:35:36.5820972Z","lastModifiedBy":"v-taoxuzeng@microsoft.com","lastModifiedByType":"User","lastModifiedAt":"2022-05-25T15:35:36.5820972Z"}},{"id":"/subscriptions/00000000-0000-0000-0000-000000000000/resourceGroups/clitest.rg000001/providers/Microsoft.ContainerRegistry/registries/clireg000002","name":"clireg000002","type":"Microsoft.ContainerRegistry/registries","sku":{"name":"Standard","tier":"Standard"},"location":"westus","tags":{},"systemData":{"createdBy":"azureclilivetest@azuresdkteam.onmicrosoft.com","createdByType":"User","createdAt":"2023-01-28T16:41:13.5774351Z","lastModifiedBy":"azureclilivetest@azuresdkteam.onmicrosoft.com","lastModifiedByType":"User","lastModifiedAt":"2023-01-28T16:41:13.5774351Z"}},{"id":"/subscriptions/00000000-0000-0000-0000-000000000000/resourceGroups/resourcegroupsamesub/providers/Microsoft.ContainerRegistry/registries/sourceregistrysamesubiouwf5plhofxvscotao","name":"sourceregistrysamesubiouwf5plhofxvscotao","type":"Microsoft.ContainerRegistry/registries","sku":{"name":"Standard","tier":"Standard"},"location":"westus","tags":{},"systemData":{"createdBy":"azureclilivetest@azuresdkteam.onmicrosoft.com","createdByType":"User","createdAt":"2023-01-28T16:27:28.089504Z","lastModifiedBy":"azureclilivetest@azuresdkteam.onmicrosoft.com","lastModifiedByType":"User","lastModifiedAt":"2023-01-28T16:27:28.089504Z"}},{"id":"/subscriptions/00000000-0000-0000-0000-000000000000/resourceGroups/resourcegroupsamesub/providers/Microsoft.ContainerRegistry/registries/sourceregistrysamesubojq2jfscrsdsut5ji6i","name":"sourceregistrysamesubojq2jfscrsdsut5ji6i","type":"Microsoft.ContainerRegistry/registries","sku":{"name":"Standard","tier":"Standard"},"location":"westus","tags":{},"systemData":{"createdBy":"azureclilivetest@azuresdkteam.onmicrosoft.com","createdByType":"User","createdAt":"2023-01-28T12:07:18.3589793Z","lastModifiedBy":"azureclilivetest@azuresdkteam.onmicrosoft.com","lastModifiedByType":"User","lastModifiedAt":"2023-01-28T12:07:18.3589793Z"}},{"id":"/subscriptions/00000000-0000-0000-0000-000000000000/resourceGroups/similar-bot/providers/Microsoft.ContainerRegistry/registries/similarbot","name":"similarbot","type":"Microsoft.ContainerRegistry/registries","sku":{"name":"Standard","tier":"Standard"},"location":"eastus","tags":{},"systemData":{"createdBy":"hanglei@microsoft.com","createdByType":"User","createdAt":"2022-12-27T10:03:56.9625259Z","lastModifiedBy":"hanglei@microsoft.com","lastModifiedByType":"User","lastModifiedAt":"2022-12-27T10:03:56.9625259Z"}}]}'
    headers:
      cache-control:
      - no-cache
      content-length:
      - '3010'
      content-type:
      - application/json; charset=utf-8
      date:
      - Sat, 28 Jan 2023 16:43:44 GMT
      expires:
      - '-1'
      pragma:
      - no-cache
      strict-transport-security:
      - max-age=31536000; includeSubDomains
      vary:
      - Accept-Encoding
      x-content-type-options:
      - nosniff
    status:
      code: 200
      message: OK
- request:
    body: null
    headers:
      Accept:
      - application/json
      Accept-Encoding:
      - gzip, deflate
      CommandName:
      - acr task list-runs
      Connection:
      - keep-alive
      ParameterSetName:
      - -n -r
      User-Agent:
      - AZURECLI/2.44.1 azsdk-python-azure-mgmt-containerregistry/10.0.0 Python/3.10.9
        (Linux-5.15.0-1031-azure-x86_64-with-glibc2.31) VSTS_7b238909-6802-4b65-b90d-184bca47f458_build_220_0
    method: GET
    uri: https://management.azure.com/subscriptions/00000000-0000-0000-0000-000000000000/resourceGroups/clitest.rg000001/providers/Microsoft.ContainerRegistry/registries/clireg000002?api-version=2022-02-01-preview
  response:
    body:
      string: '{"sku":{"name":"Standard","tier":"Standard"},"type":"Microsoft.ContainerRegistry/registries","id":"/subscriptions/00000000-0000-0000-0000-000000000000/resourceGroups/clitest.rg000001/providers/Microsoft.ContainerRegistry/registries/clireg000002","name":"clireg000002","location":"westus","tags":{},"systemData":{"createdBy":"azureclilivetest@azuresdkteam.onmicrosoft.com","createdByType":"User","createdAt":"2023-01-28T16:41:13.5774351+00:00","lastModifiedBy":"azureclilivetest@azuresdkteam.onmicrosoft.com","lastModifiedByType":"User","lastModifiedAt":"2023-01-28T16:41:13.5774351+00:00"},"properties":{"loginServer":"clireg000002.azurecr.io","creationDate":"2023-01-28T16:41:13.5774351Z","provisioningState":"Succeeded","adminUserEnabled":false,"policies":{"quarantinePolicy":{"status":"disabled"},"trustPolicy":{"type":"Notary","status":"disabled"},"retentionPolicy":{"days":7,"lastUpdatedTime":"2023-01-28T16:41:20.35918+00:00","status":"disabled"},"exportPolicy":{"status":"enabled"},"azureADAuthenticationAsArmPolicy":{"status":"enabled"},"softDeletePolicy":{"retentionDays":7,"lastUpdatedTime":"2023-01-28T16:41:20.35918+00:00","status":"disabled"}},"encryption":{"status":"disabled"},"dataEndpointEnabled":false,"dataEndpointHostNames":[],"privateEndpointConnections":[],"publicNetworkAccess":"Enabled","networkRuleBypassOptions":"AzureServices","zoneRedundancy":"Disabled","anonymousPullEnabled":false}}'
    headers:
      api-supported-versions:
      - 2022-02-01-preview
      cache-control:
      - no-cache
      content-length:
      - '1412'
      content-type:
      - application/json; charset=utf-8
      date:
      - Sat, 28 Jan 2023 16:43:45 GMT
      expires:
      - '-1'
      pragma:
      - no-cache
      server:
      - Microsoft-HTTPAPI/2.0
      strict-transport-security:
      - max-age=31536000; includeSubDomains
      transfer-encoding:
      - chunked
      vary:
      - Accept-Encoding
      x-content-type-options:
      - nosniff
    status:
      code: 200
      message: OK
- request:
    body: null
    headers:
      Accept:
      - application/json
      Accept-Encoding:
      - gzip, deflate
      CommandName:
      - acr task list-runs
      Connection:
      - keep-alive
      ParameterSetName:
      - -n -r
      User-Agent:
      - AZURECLI/2.44.1 azsdk-python-azure-mgmt-containerregistry/10.0.0 Python/3.10.9
        (Linux-5.15.0-1031-azure-x86_64-with-glibc2.31) VSTS_7b238909-6802-4b65-b90d-184bca47f458_build_220_0
    method: GET
    uri: https://management.azure.com/subscriptions/00000000-0000-0000-0000-000000000000/resourceGroups/clitest.rg000001/providers/Microsoft.ContainerRegistry/registries/clireg000002/runs?api-version=2019-06-01-preview&$filter=TaskName%20eq%20%27testTask%27&$top=15
  response:
    body:
      string: '{"value":[{"type":"Microsoft.ContainerRegistry/registries/runs","properties":{"runId":"cf2","status":"Succeeded","lastUpdatedTime":"2023-01-28T16:43:16+00:00","runType":"QuickRun","createTime":"2023-01-28T16:42:13.1977008+00:00","startTime":"2023-01-28T16:42:13.9524983+00:00","finishTime":"2023-01-28T16:43:16.9009226+00:00","outputImages":[{"registry":"clireg000002.azurecr.io","repository":"testtask","tag":"v1","digest":"sha256:269fa1394cbe387a7356740f3c35d7be276fabb26206c9045687a2a337246eb4"}],"task":"testTask","platform":{"os":"linux","architecture":"amd64"},"agentConfiguration":{"cpu":2},"provisioningState":"Succeeded","isArchiveEnabled":false},"id":"/subscriptions/00000000-0000-0000-0000-000000000000/resourceGroups/clitest.rg000001/providers/Microsoft.ContainerRegistry/registries/clireg000002/runs/cf2","name":"cf2","systemData":{"lastModifiedBy":"azureclilivetest@azuresdkteam.onmicrosoft.com","lastModifiedByType":"User","lastModifiedAt":"2023-01-28T16:42:12.8238402+00:00"}}]}'
    headers:
      cache-control:
      - no-cache
      content-length:
      - '994'
      content-type:
      - application/json; charset=utf-8
      date:
      - Sat, 28 Jan 2023 16:43:45 GMT
      expires:
      - '-1'
      pragma:
      - no-cache
      strict-transport-security:
      - max-age=31536000; includeSubDomains
      transfer-encoding:
      - chunked
      vary:
      - Accept-Encoding
      x-content-type-options:
      - nosniff
    status:
      code: 200
      message: OK
- request:
    body: null
    headers:
      Accept:
      - application/json
      Accept-Encoding:
      - gzip, deflate
      CommandName:
      - acr task show
      Connection:
      - keep-alive
      ParameterSetName:
      - -n -r
      User-Agent:
      - AZURECLI/2.44.1 azsdk-python-azure-mgmt-resource/22.0.0 Python/3.10.9 (Linux-5.15.0-1031-azure-x86_64-with-glibc2.31)
        VSTS_7b238909-6802-4b65-b90d-184bca47f458_build_220_0
    method: GET
    uri: https://management.azure.com/subscriptions/00000000-0000-0000-0000-000000000000/resources?$filter=resourceType%20eq%20%27Microsoft.ContainerRegistry%2Fregistries%27&api-version=2022-09-01
  response:
    body:
      string: '{"value":[{"id":"/subscriptions/00000000-0000-0000-0000-000000000000/resourceGroups/clitest.rgdmp6b4zdlgf2zghnf33wrzqy5hlxebaoge4vthqahtej7epha57dcadupk7gdbmc2/providers/Microsoft.ContainerRegistry/registries/clireg7vx33prql5yce3","name":"clireg7vx33prql5yce3","type":"Microsoft.ContainerRegistry/registries","sku":{"name":"Premium","tier":"Premium"},"location":"eastus","tags":{},"systemData":{"createdBy":"v-taoxuzeng@microsoft.com","createdByType":"User","createdAt":"2022-05-25T15:35:36.5820972Z","lastModifiedBy":"v-taoxuzeng@microsoft.com","lastModifiedByType":"User","lastModifiedAt":"2022-05-25T15:35:36.5820972Z"}},{"id":"/subscriptions/00000000-0000-0000-0000-000000000000/resourceGroups/clitest.rg000001/providers/Microsoft.ContainerRegistry/registries/clireg000002","name":"clireg000002","type":"Microsoft.ContainerRegistry/registries","sku":{"name":"Standard","tier":"Standard"},"location":"westus","tags":{},"systemData":{"createdBy":"azureclilivetest@azuresdkteam.onmicrosoft.com","createdByType":"User","createdAt":"2023-01-28T16:41:13.5774351Z","lastModifiedBy":"azureclilivetest@azuresdkteam.onmicrosoft.com","lastModifiedByType":"User","lastModifiedAt":"2023-01-28T16:41:13.5774351Z"}},{"id":"/subscriptions/00000000-0000-0000-0000-000000000000/resourceGroups/resourcegroupsamesub/providers/Microsoft.ContainerRegistry/registries/sourceregistrysamesubiouwf5plhofxvscotao","name":"sourceregistrysamesubiouwf5plhofxvscotao","type":"Microsoft.ContainerRegistry/registries","sku":{"name":"Standard","tier":"Standard"},"location":"westus","tags":{},"systemData":{"createdBy":"azureclilivetest@azuresdkteam.onmicrosoft.com","createdByType":"User","createdAt":"2023-01-28T16:27:28.089504Z","lastModifiedBy":"azureclilivetest@azuresdkteam.onmicrosoft.com","lastModifiedByType":"User","lastModifiedAt":"2023-01-28T16:27:28.089504Z"}},{"id":"/subscriptions/00000000-0000-0000-0000-000000000000/resourceGroups/resourcegroupsamesub/providers/Microsoft.ContainerRegistry/registries/sourceregistrysamesubojq2jfscrsdsut5ji6i","name":"sourceregistrysamesubojq2jfscrsdsut5ji6i","type":"Microsoft.ContainerRegistry/registries","sku":{"name":"Standard","tier":"Standard"},"location":"westus","tags":{},"systemData":{"createdBy":"azureclilivetest@azuresdkteam.onmicrosoft.com","createdByType":"User","createdAt":"2023-01-28T12:07:18.3589793Z","lastModifiedBy":"azureclilivetest@azuresdkteam.onmicrosoft.com","lastModifiedByType":"User","lastModifiedAt":"2023-01-28T12:07:18.3589793Z"}},{"id":"/subscriptions/00000000-0000-0000-0000-000000000000/resourceGroups/similar-bot/providers/Microsoft.ContainerRegistry/registries/similarbot","name":"similarbot","type":"Microsoft.ContainerRegistry/registries","sku":{"name":"Standard","tier":"Standard"},"location":"eastus","tags":{},"systemData":{"createdBy":"hanglei@microsoft.com","createdByType":"User","createdAt":"2022-12-27T10:03:56.9625259Z","lastModifiedBy":"hanglei@microsoft.com","lastModifiedByType":"User","lastModifiedAt":"2022-12-27T10:03:56.9625259Z"}}]}'
    headers:
      cache-control:
      - no-cache
      connection:
      - close
      content-length:
      - '3010'
      content-type:
      - application/json; charset=utf-8
      date:
      - Sat, 28 Jan 2023 16:43:46 GMT
      expires:
      - '-1'
      pragma:
      - no-cache
      strict-transport-security:
      - max-age=31536000; includeSubDomains
      vary:
      - Accept-Encoding
      x-content-type-options:
      - nosniff
    status:
      code: 200
      message: OK
- request:
    body: null
    headers:
      Accept:
      - application/json
      Accept-Encoding:
      - gzip, deflate
      CommandName:
      - acr task show
      Connection:
      - keep-alive
      ParameterSetName:
      - -n -r
      User-Agent:
      - AZURECLI/2.44.1 azsdk-python-azure-mgmt-containerregistry/10.0.0 Python/3.10.9
        (Linux-5.15.0-1031-azure-x86_64-with-glibc2.31) VSTS_7b238909-6802-4b65-b90d-184bca47f458_build_220_0
    method: GET
    uri: https://management.azure.com/subscriptions/00000000-0000-0000-0000-000000000000/resourceGroups/clitest.rg000001/providers/Microsoft.ContainerRegistry/registries/clireg000002?api-version=2022-02-01-preview
  response:
    body:
      string: '{"sku":{"name":"Standard","tier":"Standard"},"type":"Microsoft.ContainerRegistry/registries","id":"/subscriptions/00000000-0000-0000-0000-000000000000/resourceGroups/clitest.rg000001/providers/Microsoft.ContainerRegistry/registries/clireg000002","name":"clireg000002","location":"westus","tags":{},"systemData":{"createdBy":"azureclilivetest@azuresdkteam.onmicrosoft.com","createdByType":"User","createdAt":"2023-01-28T16:41:13.5774351+00:00","lastModifiedBy":"azureclilivetest@azuresdkteam.onmicrosoft.com","lastModifiedByType":"User","lastModifiedAt":"2023-01-28T16:41:13.5774351+00:00"},"properties":{"loginServer":"clireg000002.azurecr.io","creationDate":"2023-01-28T16:41:13.5774351Z","provisioningState":"Succeeded","adminUserEnabled":false,"policies":{"quarantinePolicy":{"status":"disabled"},"trustPolicy":{"type":"Notary","status":"disabled"},"retentionPolicy":{"days":7,"lastUpdatedTime":"2023-01-28T16:41:20.35918+00:00","status":"disabled"},"exportPolicy":{"status":"enabled"},"azureADAuthenticationAsArmPolicy":{"status":"enabled"},"softDeletePolicy":{"retentionDays":7,"lastUpdatedTime":"2023-01-28T16:41:20.35918+00:00","status":"disabled"}},"encryption":{"status":"disabled"},"dataEndpointEnabled":false,"dataEndpointHostNames":[],"privateEndpointConnections":[],"publicNetworkAccess":"Enabled","networkRuleBypassOptions":"AzureServices","zoneRedundancy":"Disabled","anonymousPullEnabled":false}}'
    headers:
      api-supported-versions:
      - 2022-02-01-preview
      cache-control:
      - no-cache
      content-length:
      - '1412'
      content-type:
      - application/json; charset=utf-8
      date:
      - Sat, 28 Jan 2023 16:43:46 GMT
      expires:
      - '-1'
      pragma:
      - no-cache
      server:
      - Microsoft-HTTPAPI/2.0
      strict-transport-security:
      - max-age=31536000; includeSubDomains
      transfer-encoding:
      - chunked
      vary:
      - Accept-Encoding
      x-content-type-options:
      - nosniff
    status:
      code: 200
      message: OK
- request:
    body: null
    headers:
      Accept:
      - application/json
      Accept-Encoding:
      - gzip, deflate
      CommandName:
      - acr task show
      Connection:
      - keep-alive
      ParameterSetName:
      - -n -r
      User-Agent:
      - AZURECLI/2.44.1 azsdk-python-azure-mgmt-containerregistry/10.0.0 Python/3.10.9
        (Linux-5.15.0-1031-azure-x86_64-with-glibc2.31) VSTS_7b238909-6802-4b65-b90d-184bca47f458_build_220_0
    method: GET
    uri: https://management.azure.com/subscriptions/00000000-0000-0000-0000-000000000000/resourceGroups/clitest.rg000001/providers/Microsoft.ContainerRegistry/registries/clireg000002/tasks/testTask?api-version=2019-06-01-preview
  response:
    body:
      string: '{"type":"Microsoft.ContainerRegistry/registries/tasks","identity":{"principalId":"05242cee-704e-4d7a-918e-ed81a3350292","tenantId":"54826b22-38d6-4fb2-bad9-b7b93a3e9c5a","type":"SystemAssigned"},"properties":{"provisioningState":"Succeeded","creationDate":"2023-01-28T16:41:34.7263927+00:00","status":"Enabled","platform":{"os":"linux","architecture":"amd64"},"agentConfiguration":{"cpu":2},"timeout":3600,"step":{"type":"Docker","imageNames":["testtask:v1"],"isPushEnabled":true,"noCache":false,"dockerFilePath":"Dockerfile","arguments":[],"baseImageDependencies":[{"type":"Runtime","registry":"registry.hub.docker.com","repository":"library/node","tag":"9","digest":"sha256:cddc729ef8326f7e8966c246ba2e87bad4c15365494ff3d681fa6f022cdab041"}],"contextPath":"https://github.com/SteveLasker/node-helloworld"},"trigger":{"baseImageTrigger":{"baseImageTriggerType":"Runtime","updateTriggerPayloadType":"Default","status":"Enabled","name":"defaultBaseimageTriggerName"}},"isSystemTask":false},"id":"/subscriptions/00000000-0000-0000-0000-000000000000/resourceGroups/clitest.rg000001/providers/Microsoft.ContainerRegistry/registries/clireg000002/tasks/testTask","name":"testTask","location":"westus","systemData":{"createdBy":"azureclilivetest@azuresdkteam.onmicrosoft.com","createdByType":"User","createdAt":"2023-01-28T16:41:33.684379+00:00","lastModifiedBy":"azureclilivetest@azuresdkteam.onmicrosoft.com","lastModifiedByType":"User","lastModifiedAt":"2023-01-28T16:41:33.684379+00:00"}}'
    headers:
      cache-control:
      - no-cache
      content-length:
      - '1485'
      content-type:
      - application/json; charset=utf-8
      date:
      - Sat, 28 Jan 2023 16:43:47 GMT
      expires:
      - '-1'
      pragma:
      - no-cache
      strict-transport-security:
      - max-age=31536000; includeSubDomains
      transfer-encoding:
      - chunked
      vary:
      - Accept-Encoding
      x-content-type-options:
      - nosniff
    status:
      code: 200
      message: OK
- request:
    body: null
    headers:
      Accept:
      - application/json
      Accept-Encoding:
      - gzip, deflate
      CommandName:
      - acr task update
      Connection:
      - keep-alive
      ParameterSetName:
      - -n -r --platform
      User-Agent:
      - AZURECLI/2.44.1 azsdk-python-azure-mgmt-resource/22.0.0 Python/3.10.9 (Linux-5.15.0-1031-azure-x86_64-with-glibc2.31)
        VSTS_7b238909-6802-4b65-b90d-184bca47f458_build_220_0
    method: GET
    uri: https://management.azure.com/subscriptions/00000000-0000-0000-0000-000000000000/resources?$filter=resourceType%20eq%20%27Microsoft.ContainerRegistry%2Fregistries%27&api-version=2022-09-01
  response:
    body:
      string: '{"value":[{"id":"/subscriptions/00000000-0000-0000-0000-000000000000/resourceGroups/clitest.rgdmp6b4zdlgf2zghnf33wrzqy5hlxebaoge4vthqahtej7epha57dcadupk7gdbmc2/providers/Microsoft.ContainerRegistry/registries/clireg7vx33prql5yce3","name":"clireg7vx33prql5yce3","type":"Microsoft.ContainerRegistry/registries","sku":{"name":"Premium","tier":"Premium"},"location":"eastus","tags":{},"systemData":{"createdBy":"v-taoxuzeng@microsoft.com","createdByType":"User","createdAt":"2022-05-25T15:35:36.5820972Z","lastModifiedBy":"v-taoxuzeng@microsoft.com","lastModifiedByType":"User","lastModifiedAt":"2022-05-25T15:35:36.5820972Z"}},{"id":"/subscriptions/00000000-0000-0000-0000-000000000000/resourceGroups/clitest.rg000001/providers/Microsoft.ContainerRegistry/registries/clireg000002","name":"clireg000002","type":"Microsoft.ContainerRegistry/registries","sku":{"name":"Standard","tier":"Standard"},"location":"westus","tags":{},"systemData":{"createdBy":"azureclilivetest@azuresdkteam.onmicrosoft.com","createdByType":"User","createdAt":"2023-01-28T16:41:13.5774351Z","lastModifiedBy":"azureclilivetest@azuresdkteam.onmicrosoft.com","lastModifiedByType":"User","lastModifiedAt":"2023-01-28T16:41:13.5774351Z"}},{"id":"/subscriptions/00000000-0000-0000-0000-000000000000/resourceGroups/resourcegroupsamesub/providers/Microsoft.ContainerRegistry/registries/sourceregistrysamesubiouwf5plhofxvscotao","name":"sourceregistrysamesubiouwf5plhofxvscotao","type":"Microsoft.ContainerRegistry/registries","sku":{"name":"Standard","tier":"Standard"},"location":"westus","tags":{},"systemData":{"createdBy":"azureclilivetest@azuresdkteam.onmicrosoft.com","createdByType":"User","createdAt":"2023-01-28T16:27:28.089504Z","lastModifiedBy":"azureclilivetest@azuresdkteam.onmicrosoft.com","lastModifiedByType":"User","lastModifiedAt":"2023-01-28T16:27:28.089504Z"}},{"id":"/subscriptions/00000000-0000-0000-0000-000000000000/resourceGroups/resourcegroupsamesub/providers/Microsoft.ContainerRegistry/registries/sourceregistrysamesubojq2jfscrsdsut5ji6i","name":"sourceregistrysamesubojq2jfscrsdsut5ji6i","type":"Microsoft.ContainerRegistry/registries","sku":{"name":"Standard","tier":"Standard"},"location":"westus","tags":{},"systemData":{"createdBy":"azureclilivetest@azuresdkteam.onmicrosoft.com","createdByType":"User","createdAt":"2023-01-28T12:07:18.3589793Z","lastModifiedBy":"azureclilivetest@azuresdkteam.onmicrosoft.com","lastModifiedByType":"User","lastModifiedAt":"2023-01-28T12:07:18.3589793Z"}},{"id":"/subscriptions/00000000-0000-0000-0000-000000000000/resourceGroups/similar-bot/providers/Microsoft.ContainerRegistry/registries/similarbot","name":"similarbot","type":"Microsoft.ContainerRegistry/registries","sku":{"name":"Standard","tier":"Standard"},"location":"eastus","tags":{},"systemData":{"createdBy":"hanglei@microsoft.com","createdByType":"User","createdAt":"2022-12-27T10:03:56.9625259Z","lastModifiedBy":"hanglei@microsoft.com","lastModifiedByType":"User","lastModifiedAt":"2022-12-27T10:03:56.9625259Z"}}]}'
    headers:
      cache-control:
      - no-cache
      content-length:
      - '3010'
      content-type:
      - application/json; charset=utf-8
      date:
      - Sat, 28 Jan 2023 16:43:46 GMT
      expires:
      - '-1'
      pragma:
      - no-cache
      strict-transport-security:
      - max-age=31536000; includeSubDomains
      vary:
      - Accept-Encoding
      x-content-type-options:
      - nosniff
    status:
      code: 200
      message: OK
- request:
    body: null
    headers:
      Accept:
      - application/json
      Accept-Encoding:
      - gzip, deflate
      CommandName:
      - acr task update
      Connection:
      - keep-alive
      ParameterSetName:
      - -n -r --platform
      User-Agent:
      - AZURECLI/2.44.1 azsdk-python-azure-mgmt-containerregistry/10.0.0 Python/3.10.9
        (Linux-5.15.0-1031-azure-x86_64-with-glibc2.31) VSTS_7b238909-6802-4b65-b90d-184bca47f458_build_220_0
    method: GET
    uri: https://management.azure.com/subscriptions/00000000-0000-0000-0000-000000000000/resourceGroups/clitest.rg000001/providers/Microsoft.ContainerRegistry/registries/clireg000002?api-version=2022-02-01-preview
  response:
    body:
      string: '{"sku":{"name":"Standard","tier":"Standard"},"type":"Microsoft.ContainerRegistry/registries","id":"/subscriptions/00000000-0000-0000-0000-000000000000/resourceGroups/clitest.rg000001/providers/Microsoft.ContainerRegistry/registries/clireg000002","name":"clireg000002","location":"westus","tags":{},"systemData":{"createdBy":"azureclilivetest@azuresdkteam.onmicrosoft.com","createdByType":"User","createdAt":"2023-01-28T16:41:13.5774351+00:00","lastModifiedBy":"azureclilivetest@azuresdkteam.onmicrosoft.com","lastModifiedByType":"User","lastModifiedAt":"2023-01-28T16:41:13.5774351+00:00"},"properties":{"loginServer":"clireg000002.azurecr.io","creationDate":"2023-01-28T16:41:13.5774351Z","provisioningState":"Succeeded","adminUserEnabled":false,"policies":{"quarantinePolicy":{"status":"disabled"},"trustPolicy":{"type":"Notary","status":"disabled"},"retentionPolicy":{"days":7,"lastUpdatedTime":"2023-01-28T16:41:20.35918+00:00","status":"disabled"},"exportPolicy":{"status":"enabled"},"azureADAuthenticationAsArmPolicy":{"status":"enabled"},"softDeletePolicy":{"retentionDays":7,"lastUpdatedTime":"2023-01-28T16:41:20.35918+00:00","status":"disabled"}},"encryption":{"status":"disabled"},"dataEndpointEnabled":false,"dataEndpointHostNames":[],"privateEndpointConnections":[],"publicNetworkAccess":"Enabled","networkRuleBypassOptions":"AzureServices","zoneRedundancy":"Disabled","anonymousPullEnabled":false}}'
    headers:
      api-supported-versions:
      - 2022-02-01-preview
      cache-control:
      - no-cache
      content-length:
      - '1412'
      content-type:
      - application/json; charset=utf-8
      date:
      - Sat, 28 Jan 2023 16:43:47 GMT
      expires:
      - '-1'
      pragma:
      - no-cache
      server:
      - Microsoft-HTTPAPI/2.0
      strict-transport-security:
      - max-age=31536000; includeSubDomains
      transfer-encoding:
      - chunked
      vary:
      - Accept-Encoding
      x-content-type-options:
      - nosniff
    status:
      code: 200
      message: OK
- request:
    body: null
    headers:
      Accept:
      - application/json
      Accept-Encoding:
      - gzip, deflate
      CommandName:
      - acr task update
      Connection:
      - keep-alive
      Content-Length:
      - '0'
      ParameterSetName:
      - -n -r --platform
      User-Agent:
      - AZURECLI/2.44.1 azsdk-python-azure-mgmt-containerregistry/10.0.0 Python/3.10.9
        (Linux-5.15.0-1031-azure-x86_64-with-glibc2.31) VSTS_7b238909-6802-4b65-b90d-184bca47f458_build_220_0
    method: POST
    uri: https://management.azure.com/subscriptions/00000000-0000-0000-0000-000000000000/resourceGroups/clitest.rg000001/providers/Microsoft.ContainerRegistry/registries/clireg000002/tasks/testTask/listDetails?api-version=2019-06-01-preview
  response:
    body:
      string: '{"type":"Microsoft.ContainerRegistry/registries/tasks","identity":{"principalId":"05242cee-704e-4d7a-918e-ed81a3350292","tenantId":"54826b22-38d6-4fb2-bad9-b7b93a3e9c5a","type":"SystemAssigned"},"properties":{"provisioningState":"Succeeded","creationDate":"2023-01-28T16:41:34.7263927+00:00","status":"Enabled","platform":{"os":"linux","architecture":"amd64"},"agentConfiguration":{"cpu":2},"timeout":3600,"step":{"type":"Docker","imageNames":["testtask:v1"],"isPushEnabled":true,"noCache":false,"dockerFilePath":"Dockerfile","arguments":[],"baseImageDependencies":[{"type":"Runtime","registry":"registry.hub.docker.com","repository":"library/node","tag":"9","digest":"sha256:cddc729ef8326f7e8966c246ba2e87bad4c15365494ff3d681fa6f022cdab041"}],"contextPath":"https://github.com/SteveLasker/node-helloworld"},"trigger":{"baseImageTrigger":{"baseImageTriggerType":"Runtime","updateTriggerPayloadType":"Default","status":"Enabled","name":"defaultBaseimageTriggerName"}},"isSystemTask":false},"id":"/subscriptions/00000000-0000-0000-0000-000000000000/resourceGroups/clitest.rg000001/providers/Microsoft.ContainerRegistry/registries/clireg000002/tasks/testTask","name":"testTask","location":"westus","systemData":{"createdBy":"azureclilivetest@azuresdkteam.onmicrosoft.com","createdByType":"User","createdAt":"2023-01-28T16:41:33.684379+00:00","lastModifiedBy":"azureclilivetest@azuresdkteam.onmicrosoft.com","lastModifiedByType":"User","lastModifiedAt":"2023-01-28T16:41:33.684379+00:00"}}'
    headers:
      cache-control:
      - no-cache
      content-length:
      - '1485'
      content-type:
      - application/json; charset=utf-8
      date:
      - Sat, 28 Jan 2023 16:43:48 GMT
      expires:
      - '-1'
      pragma:
      - no-cache
      strict-transport-security:
      - max-age=31536000; includeSubDomains
      transfer-encoding:
      - chunked
      vary:
      - Accept-Encoding
      x-content-type-options:
      - nosniff
      x-ms-ratelimit-remaining-subscription-writes:
      - '1199'
    status:
      code: 200
      message: OK
- request:
    body: '{"properties": {"platform": {"os": "linux", "architecture": "arm"}, "agentConfiguration":
      {}, "step": {"type": "Docker", "contextPath": "https://github.com/SteveLasker/node-helloworld",
      "isPushEnabled": true}, "trigger": {"baseImageTrigger": {"name": "defaultBaseimageTriggerName"}},
      "credentials": {}}}'
    headers:
      Accept:
      - application/json
      Accept-Encoding:
      - gzip, deflate
      CommandName:
      - acr task update
      Connection:
      - keep-alive
      Content-Length:
      - '303'
      Content-Type:
      - application/json
      ParameterSetName:
      - -n -r --platform
      User-Agent:
      - AZURECLI/2.44.1 azsdk-python-azure-mgmt-containerregistry/10.0.0 Python/3.10.9
        (Linux-5.15.0-1031-azure-x86_64-with-glibc2.31) VSTS_7b238909-6802-4b65-b90d-184bca47f458_build_220_0
    method: PATCH
    uri: https://management.azure.com/subscriptions/00000000-0000-0000-0000-000000000000/resourceGroups/clitest.rg000001/providers/Microsoft.ContainerRegistry/registries/clireg000002/tasks/testTask?api-version=2019-06-01-preview
  response:
    body:
      string: '{"type":"Microsoft.ContainerRegistry/registries/tasks","identity":{"principalId":"05242cee-704e-4d7a-918e-ed81a3350292","tenantId":"54826b22-38d6-4fb2-bad9-b7b93a3e9c5a","type":"SystemAssigned"},"properties":{"provisioningState":"Succeeded","creationDate":"2023-01-28T16:41:34.7263927+00:00","status":"Enabled","platform":{"os":"linux","architecture":"arm"},"agentConfiguration":{"cpu":2},"timeout":3600,"step":{"type":"Docker","imageNames":["testtask:v1"],"isPushEnabled":true,"noCache":false,"dockerFilePath":"Dockerfile","arguments":[],"baseImageDependencies":[{"type":"Runtime","registry":"registry.hub.docker.com","repository":"library/node","tag":"9","digest":"sha256:cddc729ef8326f7e8966c246ba2e87bad4c15365494ff3d681fa6f022cdab041"}],"contextPath":"https://github.com/SteveLasker/node-helloworld"},"trigger":{"baseImageTrigger":{"baseImageTriggerType":"Runtime","updateTriggerPayloadType":"Default","status":"Enabled","name":"defaultBaseimageTriggerName"}},"isSystemTask":false},"id":"/subscriptions/00000000-0000-0000-0000-000000000000/resourceGroups/clitest.rg000001/providers/Microsoft.ContainerRegistry/registries/clireg000002/tasks/testTask","name":"testTask","location":"westus","systemData":{"createdBy":"azureclilivetest@azuresdkteam.onmicrosoft.com","createdByType":"User","createdAt":"2023-01-28T16:41:33.684379+00:00","lastModifiedBy":"azureclilivetest@azuresdkteam.onmicrosoft.com","lastModifiedByType":"User","lastModifiedAt":"2023-01-28T16:43:49.2164628+00:00"}}'
    headers:
      cache-control:
      - no-cache
      content-length:
      - '1484'
      content-type:
      - application/json; charset=utf-8
      date:
      - Sat, 28 Jan 2023 16:43:48 GMT
      expires:
      - '-1'
      pragma:
      - no-cache
      strict-transport-security:
      - max-age=31536000; includeSubDomains
      transfer-encoding:
      - chunked
      vary:
      - Accept-Encoding
      x-content-type-options:
      - nosniff
      x-ms-ratelimit-remaining-subscription-writes:
      - '1199'
    status:
      code: 200
      message: OK
- request:
    body: null
    headers:
      Accept:
      - application/json
      Accept-Encoding:
      - gzip, deflate
      CommandName:
      - acr task update-run
      Connection:
      - keep-alive
      ParameterSetName:
      - -r --run-id --no-archive
      User-Agent:
      - AZURECLI/2.44.1 azsdk-python-azure-mgmt-resource/22.0.0 Python/3.10.9 (Linux-5.15.0-1031-azure-x86_64-with-glibc2.31)
        VSTS_7b238909-6802-4b65-b90d-184bca47f458_build_220_0
    method: GET
    uri: https://management.azure.com/subscriptions/00000000-0000-0000-0000-000000000000/resources?$filter=resourceType%20eq%20%27Microsoft.ContainerRegistry%2Fregistries%27&api-version=2022-09-01
  response:
    body:
      string: '{"value":[{"id":"/subscriptions/00000000-0000-0000-0000-000000000000/resourceGroups/clitest.rgdmp6b4zdlgf2zghnf33wrzqy5hlxebaoge4vthqahtej7epha57dcadupk7gdbmc2/providers/Microsoft.ContainerRegistry/registries/clireg7vx33prql5yce3","name":"clireg7vx33prql5yce3","type":"Microsoft.ContainerRegistry/registries","sku":{"name":"Premium","tier":"Premium"},"location":"eastus","tags":{},"systemData":{"createdBy":"v-taoxuzeng@microsoft.com","createdByType":"User","createdAt":"2022-05-25T15:35:36.5820972Z","lastModifiedBy":"v-taoxuzeng@microsoft.com","lastModifiedByType":"User","lastModifiedAt":"2022-05-25T15:35:36.5820972Z"}},{"id":"/subscriptions/00000000-0000-0000-0000-000000000000/resourceGroups/clitest.rg000001/providers/Microsoft.ContainerRegistry/registries/clireg000002","name":"clireg000002","type":"Microsoft.ContainerRegistry/registries","sku":{"name":"Standard","tier":"Standard"},"location":"westus","tags":{},"systemData":{"createdBy":"azureclilivetest@azuresdkteam.onmicrosoft.com","createdByType":"User","createdAt":"2023-01-28T16:41:13.5774351Z","lastModifiedBy":"azureclilivetest@azuresdkteam.onmicrosoft.com","lastModifiedByType":"User","lastModifiedAt":"2023-01-28T16:41:13.5774351Z"}},{"id":"/subscriptions/00000000-0000-0000-0000-000000000000/resourceGroups/resourcegroupsamesub/providers/Microsoft.ContainerRegistry/registries/sourceregistrysamesubiouwf5plhofxvscotao","name":"sourceregistrysamesubiouwf5plhofxvscotao","type":"Microsoft.ContainerRegistry/registries","sku":{"name":"Standard","tier":"Standard"},"location":"westus","tags":{},"systemData":{"createdBy":"azureclilivetest@azuresdkteam.onmicrosoft.com","createdByType":"User","createdAt":"2023-01-28T16:27:28.089504Z","lastModifiedBy":"azureclilivetest@azuresdkteam.onmicrosoft.com","lastModifiedByType":"User","lastModifiedAt":"2023-01-28T16:27:28.089504Z"}},{"id":"/subscriptions/00000000-0000-0000-0000-000000000000/resourceGroups/resourcegroupsamesub/providers/Microsoft.ContainerRegistry/registries/sourceregistrysamesubojq2jfscrsdsut5ji6i","name":"sourceregistrysamesubojq2jfscrsdsut5ji6i","type":"Microsoft.ContainerRegistry/registries","sku":{"name":"Standard","tier":"Standard"},"location":"westus","tags":{},"systemData":{"createdBy":"azureclilivetest@azuresdkteam.onmicrosoft.com","createdByType":"User","createdAt":"2023-01-28T12:07:18.3589793Z","lastModifiedBy":"azureclilivetest@azuresdkteam.onmicrosoft.com","lastModifiedByType":"User","lastModifiedAt":"2023-01-28T12:07:18.3589793Z"}},{"id":"/subscriptions/00000000-0000-0000-0000-000000000000/resourceGroups/similar-bot/providers/Microsoft.ContainerRegistry/registries/similarbot","name":"similarbot","type":"Microsoft.ContainerRegistry/registries","sku":{"name":"Standard","tier":"Standard"},"location":"eastus","tags":{},"systemData":{"createdBy":"hanglei@microsoft.com","createdByType":"User","createdAt":"2022-12-27T10:03:56.9625259Z","lastModifiedBy":"hanglei@microsoft.com","lastModifiedByType":"User","lastModifiedAt":"2022-12-27T10:03:56.9625259Z"}}]}'
    headers:
      cache-control:
      - no-cache
      content-length:
      - '3010'
      content-type:
      - application/json; charset=utf-8
      date:
      - Sat, 28 Jan 2023 16:43:49 GMT
      expires:
      - '-1'
      pragma:
      - no-cache
      strict-transport-security:
      - max-age=31536000; includeSubDomains
      x-content-type-options:
      - nosniff
    status:
      code: 200
      message: OK
- request:
    body: null
    headers:
      Accept:
      - application/json
      Accept-Encoding:
      - gzip, deflate
      CommandName:
      - acr task update-run
      Connection:
      - keep-alive
      ParameterSetName:
      - -r --run-id --no-archive
      User-Agent:
      - AZURECLI/2.44.1 azsdk-python-azure-mgmt-containerregistry/10.0.0 Python/3.10.9
        (Linux-5.15.0-1031-azure-x86_64-with-glibc2.31) VSTS_7b238909-6802-4b65-b90d-184bca47f458_build_220_0
    method: GET
    uri: https://management.azure.com/subscriptions/00000000-0000-0000-0000-000000000000/resourceGroups/clitest.rg000001/providers/Microsoft.ContainerRegistry/registries/clireg000002?api-version=2022-02-01-preview
  response:
    body:
      string: '{"sku":{"name":"Standard","tier":"Standard"},"type":"Microsoft.ContainerRegistry/registries","id":"/subscriptions/00000000-0000-0000-0000-000000000000/resourceGroups/clitest.rg000001/providers/Microsoft.ContainerRegistry/registries/clireg000002","name":"clireg000002","location":"westus","tags":{},"systemData":{"createdBy":"azureclilivetest@azuresdkteam.onmicrosoft.com","createdByType":"User","createdAt":"2023-01-28T16:41:13.5774351+00:00","lastModifiedBy":"azureclilivetest@azuresdkteam.onmicrosoft.com","lastModifiedByType":"User","lastModifiedAt":"2023-01-28T16:41:13.5774351+00:00"},"properties":{"loginServer":"clireg000002.azurecr.io","creationDate":"2023-01-28T16:41:13.5774351Z","provisioningState":"Succeeded","adminUserEnabled":false,"policies":{"quarantinePolicy":{"status":"disabled"},"trustPolicy":{"type":"Notary","status":"disabled"},"retentionPolicy":{"days":7,"lastUpdatedTime":"2023-01-28T16:41:20.35918+00:00","status":"disabled"},"exportPolicy":{"status":"enabled"},"azureADAuthenticationAsArmPolicy":{"status":"enabled"},"softDeletePolicy":{"retentionDays":7,"lastUpdatedTime":"2023-01-28T16:41:20.35918+00:00","status":"disabled"}},"encryption":{"status":"disabled"},"dataEndpointEnabled":false,"dataEndpointHostNames":[],"privateEndpointConnections":[],"publicNetworkAccess":"Enabled","networkRuleBypassOptions":"AzureServices","zoneRedundancy":"Disabled","anonymousPullEnabled":false}}'
    headers:
      api-supported-versions:
      - 2022-02-01-preview
      cache-control:
      - no-cache
      content-length:
      - '1412'
      content-type:
      - application/json; charset=utf-8
      date:
      - Sat, 28 Jan 2023 16:43:49 GMT
      expires:
      - '-1'
      pragma:
      - no-cache
      server:
      - Microsoft-HTTPAPI/2.0
      strict-transport-security:
      - max-age=31536000; includeSubDomains
      transfer-encoding:
      - chunked
      vary:
      - Accept-Encoding
      x-content-type-options:
      - nosniff
    status:
      code: 200
      message: OK
- request:
    body: '{"isArchiveEnabled": true}'
    headers:
      Accept:
      - application/json
      Accept-Encoding:
      - gzip, deflate
      CommandName:
      - acr task update-run
      Connection:
      - keep-alive
      Content-Length:
      - '26'
      Content-Type:
      - application/json
      ParameterSetName:
      - -r --run-id --no-archive
      User-Agent:
      - AZURECLI/2.44.1 azsdk-python-azure-mgmt-containerregistry/10.0.0 Python/3.10.9
        (Linux-5.15.0-1031-azure-x86_64-with-glibc2.31) VSTS_7b238909-6802-4b65-b90d-184bca47f458_build_220_0
    method: PATCH
    uri: https://management.azure.com/subscriptions/00000000-0000-0000-0000-000000000000/resourceGroups/clitest.rg000001/providers/Microsoft.ContainerRegistry/registries/clireg000002/runs/cf2?api-version=2019-06-01-preview
  response:
    body:
      string: '{"type":"Microsoft.ContainerRegistry/registries/runs","properties":{"runId":"cf2","status":"Succeeded","lastUpdatedTime":"2023-01-28T16:43:50+00:00","runType":"QuickRun","createTime":"2023-01-28T16:42:13.1977008+00:00","startTime":"2023-01-28T16:42:13.9524983+00:00","finishTime":"2023-01-28T16:43:16.9009226+00:00","outputImages":[{"registry":"clireg000002.azurecr.io","repository":"testtask","tag":"v1","digest":"sha256:269fa1394cbe387a7356740f3c35d7be276fabb26206c9045687a2a337246eb4"}],"task":"testTask","platform":{"os":"linux","architecture":"amd64"},"agentConfiguration":{"cpu":2},"provisioningState":"Succeeded","isArchiveEnabled":true},"id":"/subscriptions/00000000-0000-0000-0000-000000000000/resourceGroups/clitest.rg000001/providers/Microsoft.ContainerRegistry/registries/clireg000002/runs/cf2","name":"cf2","systemData":{"createdBy":"azureclilivetest@azuresdkteam.onmicrosoft.com","createdByType":"User","createdAt":"2023-01-28T16:43:50.130556+00:00","lastModifiedBy":"azureclilivetest@azuresdkteam.onmicrosoft.com","lastModifiedByType":"User","lastModifiedAt":"2023-01-28T16:43:50.130556+00:00"}}'
    headers:
      cache-control:
      - no-cache
      content-length:
      - '1110'
      content-type:
      - application/json; charset=utf-8
      date:
      - Sat, 28 Jan 2023 16:43:49 GMT
      expires:
      - '-1'
      pragma:
      - no-cache
      strict-transport-security:
      - max-age=31536000; includeSubDomains
      transfer-encoding:
      - chunked
      vary:
      - Accept-Encoding
      x-content-type-options:
      - nosniff
      x-ms-ratelimit-remaining-subscription-writes:
      - '1198'
    status:
      code: 200
      message: OK
- request:
    body: null
    headers:
      Accept:
      - application/json
      Accept-Encoding:
      - gzip, deflate
      CommandName:
      - acr task credential add
      Connection:
      - keep-alive
      ParameterSetName:
      - -n -r --login-server -u -p --use-identity
      User-Agent:
      - AZURECLI/2.44.1 azsdk-python-azure-mgmt-resource/22.0.0 Python/3.10.9 (Linux-5.15.0-1031-azure-x86_64-with-glibc2.31)
        VSTS_7b238909-6802-4b65-b90d-184bca47f458_build_220_0
    method: GET
    uri: https://management.azure.com/subscriptions/00000000-0000-0000-0000-000000000000/resources?$filter=resourceType%20eq%20%27Microsoft.ContainerRegistry%2Fregistries%27&api-version=2022-09-01
  response:
    body:
      string: '{"value":[{"id":"/subscriptions/00000000-0000-0000-0000-000000000000/resourceGroups/clitest.rgdmp6b4zdlgf2zghnf33wrzqy5hlxebaoge4vthqahtej7epha57dcadupk7gdbmc2/providers/Microsoft.ContainerRegistry/registries/clireg7vx33prql5yce3","name":"clireg7vx33prql5yce3","type":"Microsoft.ContainerRegistry/registries","sku":{"name":"Premium","tier":"Premium"},"location":"eastus","tags":{},"systemData":{"createdBy":"v-taoxuzeng@microsoft.com","createdByType":"User","createdAt":"2022-05-25T15:35:36.5820972Z","lastModifiedBy":"v-taoxuzeng@microsoft.com","lastModifiedByType":"User","lastModifiedAt":"2022-05-25T15:35:36.5820972Z"}},{"id":"/subscriptions/00000000-0000-0000-0000-000000000000/resourceGroups/clitest.rg000001/providers/Microsoft.ContainerRegistry/registries/clireg000002","name":"clireg000002","type":"Microsoft.ContainerRegistry/registries","sku":{"name":"Standard","tier":"Standard"},"location":"westus","tags":{},"systemData":{"createdBy":"azureclilivetest@azuresdkteam.onmicrosoft.com","createdByType":"User","createdAt":"2023-01-28T16:41:13.5774351Z","lastModifiedBy":"azureclilivetest@azuresdkteam.onmicrosoft.com","lastModifiedByType":"User","lastModifiedAt":"2023-01-28T16:41:13.5774351Z"}},{"id":"/subscriptions/00000000-0000-0000-0000-000000000000/resourceGroups/resourcegroupsamesub/providers/Microsoft.ContainerRegistry/registries/sourceregistrysamesubiouwf5plhofxvscotao","name":"sourceregistrysamesubiouwf5plhofxvscotao","type":"Microsoft.ContainerRegistry/registries","sku":{"name":"Standard","tier":"Standard"},"location":"westus","tags":{},"systemData":{"createdBy":"azureclilivetest@azuresdkteam.onmicrosoft.com","createdByType":"User","createdAt":"2023-01-28T16:27:28.089504Z","lastModifiedBy":"azureclilivetest@azuresdkteam.onmicrosoft.com","lastModifiedByType":"User","lastModifiedAt":"2023-01-28T16:27:28.089504Z"}},{"id":"/subscriptions/00000000-0000-0000-0000-000000000000/resourceGroups/resourcegroupsamesub/providers/Microsoft.ContainerRegistry/registries/sourceregistrysamesubojq2jfscrsdsut5ji6i","name":"sourceregistrysamesubojq2jfscrsdsut5ji6i","type":"Microsoft.ContainerRegistry/registries","sku":{"name":"Standard","tier":"Standard"},"location":"westus","tags":{},"systemData":{"createdBy":"azureclilivetest@azuresdkteam.onmicrosoft.com","createdByType":"User","createdAt":"2023-01-28T12:07:18.3589793Z","lastModifiedBy":"azureclilivetest@azuresdkteam.onmicrosoft.com","lastModifiedByType":"User","lastModifiedAt":"2023-01-28T12:07:18.3589793Z"}},{"id":"/subscriptions/00000000-0000-0000-0000-000000000000/resourceGroups/similar-bot/providers/Microsoft.ContainerRegistry/registries/similarbot","name":"similarbot","type":"Microsoft.ContainerRegistry/registries","sku":{"name":"Standard","tier":"Standard"},"location":"eastus","tags":{},"systemData":{"createdBy":"hanglei@microsoft.com","createdByType":"User","createdAt":"2022-12-27T10:03:56.9625259Z","lastModifiedBy":"hanglei@microsoft.com","lastModifiedByType":"User","lastModifiedAt":"2022-12-27T10:03:56.9625259Z"}}]}'
    headers:
      cache-control:
      - no-cache
      content-length:
      - '3010'
      content-type:
      - application/json; charset=utf-8
      date:
      - Sat, 28 Jan 2023 16:43:50 GMT
      expires:
      - '-1'
      pragma:
      - no-cache
      strict-transport-security:
      - max-age=31536000; includeSubDomains
      vary:
      - Accept-Encoding
      x-content-type-options:
      - nosniff
    status:
      code: 200
      message: OK
- request:
    body: null
    headers:
      Accept:
      - application/json
      Accept-Encoding:
      - gzip, deflate
      CommandName:
      - acr task credential add
      Connection:
      - keep-alive
      ParameterSetName:
      - -n -r --login-server -u -p --use-identity
      User-Agent:
      - AZURECLI/2.44.1 azsdk-python-azure-mgmt-containerregistry/10.0.0 Python/3.10.9
        (Linux-5.15.0-1031-azure-x86_64-with-glibc2.31) VSTS_7b238909-6802-4b65-b90d-184bca47f458_build_220_0
    method: GET
    uri: https://management.azure.com/subscriptions/00000000-0000-0000-0000-000000000000/resourceGroups/clitest.rg000001/providers/Microsoft.ContainerRegistry/registries/clireg000002?api-version=2022-02-01-preview
  response:
    body:
      string: '{"sku":{"name":"Standard","tier":"Standard"},"type":"Microsoft.ContainerRegistry/registries","id":"/subscriptions/00000000-0000-0000-0000-000000000000/resourceGroups/clitest.rg000001/providers/Microsoft.ContainerRegistry/registries/clireg000002","name":"clireg000002","location":"westus","tags":{},"systemData":{"createdBy":"azureclilivetest@azuresdkteam.onmicrosoft.com","createdByType":"User","createdAt":"2023-01-28T16:41:13.5774351+00:00","lastModifiedBy":"azureclilivetest@azuresdkteam.onmicrosoft.com","lastModifiedByType":"User","lastModifiedAt":"2023-01-28T16:41:13.5774351+00:00"},"properties":{"loginServer":"clireg000002.azurecr.io","creationDate":"2023-01-28T16:41:13.5774351Z","provisioningState":"Succeeded","adminUserEnabled":false,"policies":{"quarantinePolicy":{"status":"disabled"},"trustPolicy":{"type":"Notary","status":"disabled"},"retentionPolicy":{"days":7,"lastUpdatedTime":"2023-01-28T16:41:20.35918+00:00","status":"disabled"},"exportPolicy":{"status":"enabled"},"azureADAuthenticationAsArmPolicy":{"status":"enabled"},"softDeletePolicy":{"retentionDays":7,"lastUpdatedTime":"2023-01-28T16:41:20.35918+00:00","status":"disabled"}},"encryption":{"status":"disabled"},"dataEndpointEnabled":false,"dataEndpointHostNames":[],"privateEndpointConnections":[],"publicNetworkAccess":"Enabled","networkRuleBypassOptions":"AzureServices","zoneRedundancy":"Disabled","anonymousPullEnabled":false}}'
    headers:
      api-supported-versions:
      - 2022-02-01-preview
      cache-control:
      - no-cache
      content-length:
      - '1412'
      content-type:
      - application/json; charset=utf-8
      date:
      - Sat, 28 Jan 2023 16:43:50 GMT
      expires:
      - '-1'
      pragma:
      - no-cache
      server:
      - Microsoft-HTTPAPI/2.0
      strict-transport-security:
      - max-age=31536000; includeSubDomains
      transfer-encoding:
      - chunked
      vary:
      - Accept-Encoding
      x-content-type-options:
      - nosniff
    status:
      code: 200
      message: OK
- request:
    body: null
    headers:
      Accept:
      - application/json
      Accept-Encoding:
      - gzip, deflate
      CommandName:
      - acr task credential add
      Connection:
      - keep-alive
      Content-Length:
      - '0'
      ParameterSetName:
      - -n -r --login-server -u -p --use-identity
      User-Agent:
      - AZURECLI/2.44.1 azsdk-python-azure-mgmt-containerregistry/10.0.0 Python/3.10.9
        (Linux-5.15.0-1031-azure-x86_64-with-glibc2.31) VSTS_7b238909-6802-4b65-b90d-184bca47f458_build_220_0
    method: POST
    uri: https://management.azure.com/subscriptions/00000000-0000-0000-0000-000000000000/resourceGroups/clitest.rg000001/providers/Microsoft.ContainerRegistry/registries/clireg000002/tasks/testTask/listDetails?api-version=2019-06-01-preview
  response:
    body:
      string: '{"type":"Microsoft.ContainerRegistry/registries/tasks","identity":{"principalId":"05242cee-704e-4d7a-918e-ed81a3350292","tenantId":"54826b22-38d6-4fb2-bad9-b7b93a3e9c5a","type":"SystemAssigned"},"properties":{"provisioningState":"Succeeded","creationDate":"2023-01-28T16:41:34.7263927+00:00","status":"Enabled","platform":{"os":"linux","architecture":"arm"},"agentConfiguration":{"cpu":2},"timeout":3600,"step":{"type":"Docker","imageNames":["testtask:v1"],"isPushEnabled":true,"noCache":false,"dockerFilePath":"Dockerfile","arguments":[],"baseImageDependencies":[{"type":"Runtime","registry":"registry.hub.docker.com","repository":"library/node","tag":"9","digest":"sha256:cddc729ef8326f7e8966c246ba2e87bad4c15365494ff3d681fa6f022cdab041"}],"contextPath":"https://github.com/SteveLasker/node-helloworld"},"trigger":{"baseImageTrigger":{"baseImageTriggerType":"Runtime","updateTriggerPayloadType":"Default","status":"Enabled","name":"defaultBaseimageTriggerName"}},"isSystemTask":false},"id":"/subscriptions/00000000-0000-0000-0000-000000000000/resourceGroups/clitest.rg000001/providers/Microsoft.ContainerRegistry/registries/clireg000002/tasks/testTask","name":"testTask","location":"westus","systemData":{"createdBy":"azureclilivetest@azuresdkteam.onmicrosoft.com","createdByType":"User","createdAt":"2023-01-28T16:41:33.684379+00:00","lastModifiedBy":"azureclilivetest@azuresdkteam.onmicrosoft.com","lastModifiedByType":"User","lastModifiedAt":"2023-01-28T16:43:49.2164628+00:00"}}'
    headers:
      cache-control:
      - no-cache
      content-length:
      - '1484'
      content-type:
      - application/json; charset=utf-8
      date:
      - Sat, 28 Jan 2023 16:43:51 GMT
      expires:
      - '-1'
      pragma:
      - no-cache
      strict-transport-security:
      - max-age=31536000; includeSubDomains
      transfer-encoding:
      - chunked
      vary:
      - Accept-Encoding
      x-content-type-options:
      - nosniff
      x-ms-ratelimit-remaining-subscription-writes:
      - '1199'
    status:
      code: 200
      message: OK
- request:
    body: '{"properties": {"credentials": {"customRegistries": {"test.acr.com": {"userName":
      {"value": "testuser", "type": "Opaque"}, "password": {"value": "random", "type":
      "Opaque"}, "identity": "[system]"}}}}}'
    headers:
      Accept:
      - application/json
      Accept-Encoding:
      - gzip, deflate
      CommandName:
      - acr task credential add
      Connection:
      - keep-alive
      Content-Length:
      - '201'
      Content-Type:
      - application/json
      ParameterSetName:
      - -n -r --login-server -u -p --use-identity
      User-Agent:
      - AZURECLI/2.44.1 azsdk-python-azure-mgmt-containerregistry/10.0.0 Python/3.10.9
        (Linux-5.15.0-1031-azure-x86_64-with-glibc2.31) VSTS_7b238909-6802-4b65-b90d-184bca47f458_build_220_0
    method: PATCH
    uri: https://management.azure.com/subscriptions/00000000-0000-0000-0000-000000000000/resourceGroups/clitest.rg000001/providers/Microsoft.ContainerRegistry/registries/clireg000002/tasks/testTask?api-version=2019-06-01-preview
  response:
    body:
      string: '{"type":"Microsoft.ContainerRegistry/registries/tasks","identity":{"principalId":"05242cee-704e-4d7a-918e-ed81a3350292","tenantId":"54826b22-38d6-4fb2-bad9-b7b93a3e9c5a","type":"SystemAssigned"},"properties":{"provisioningState":"Succeeded","creationDate":"2023-01-28T16:41:34.7263927+00:00","status":"Enabled","platform":{"os":"linux","architecture":"arm"},"agentConfiguration":{"cpu":2},"timeout":3600,"step":{"type":"Docker","imageNames":["testtask:v1"],"isPushEnabled":true,"noCache":false,"dockerFilePath":"Dockerfile","arguments":[],"baseImageDependencies":[{"type":"Runtime","registry":"registry.hub.docker.com","repository":"library/node","tag":"9","digest":"sha256:cddc729ef8326f7e8966c246ba2e87bad4c15365494ff3d681fa6f022cdab041"}],"contextPath":"https://github.com/SteveLasker/node-helloworld"},"trigger":{"baseImageTrigger":{"baseImageTriggerType":"Runtime","updateTriggerPayloadType":"Default","status":"Enabled","name":"defaultBaseimageTriggerName"}},"credentials":{"customRegistries":{"test.acr.com":null}},"isSystemTask":false},"id":"/subscriptions/00000000-0000-0000-0000-000000000000/resourceGroups/clitest.rg000001/providers/Microsoft.ContainerRegistry/registries/clireg000002/tasks/testTask","name":"testTask","location":"westus","systemData":{"createdBy":"azureclilivetest@azuresdkteam.onmicrosoft.com","createdByType":"User","createdAt":"2023-01-28T16:41:33.684379+00:00","lastModifiedBy":"azureclilivetest@azuresdkteam.onmicrosoft.com","lastModifiedByType":"User","lastModifiedAt":"2023-01-28T16:43:51.9509002+00:00"}}'
    headers:
      cache-control:
      - no-cache
      content-length:
      - '1541'
      content-type:
      - application/json; charset=utf-8
      date:
      - Sat, 28 Jan 2023 16:43:51 GMT
      expires:
      - '-1'
      pragma:
      - no-cache
      strict-transport-security:
      - max-age=31536000; includeSubDomains
      transfer-encoding:
      - chunked
      vary:
      - Accept-Encoding
      x-content-type-options:
      - nosniff
      x-ms-ratelimit-remaining-subscription-writes:
      - '1198'
    status:
      code: 200
      message: OK
- request:
    body: null
    headers:
      Accept:
      - application/json
      Accept-Encoding:
      - gzip, deflate
      CommandName:
      - acr task credential update
      Connection:
      - keep-alive
      ParameterSetName:
      - -n -r --login-server -u -p
      User-Agent:
      - AZURECLI/2.44.1 azsdk-python-azure-mgmt-resource/22.0.0 Python/3.10.9 (Linux-5.15.0-1031-azure-x86_64-with-glibc2.31)
        VSTS_7b238909-6802-4b65-b90d-184bca47f458_build_220_0
    method: GET
    uri: https://management.azure.com/subscriptions/00000000-0000-0000-0000-000000000000/resources?$filter=resourceType%20eq%20%27Microsoft.ContainerRegistry%2Fregistries%27&api-version=2022-09-01
  response:
    body:
      string: '{"value":[{"id":"/subscriptions/00000000-0000-0000-0000-000000000000/resourceGroups/clitest.rgdmp6b4zdlgf2zghnf33wrzqy5hlxebaoge4vthqahtej7epha57dcadupk7gdbmc2/providers/Microsoft.ContainerRegistry/registries/clireg7vx33prql5yce3","name":"clireg7vx33prql5yce3","type":"Microsoft.ContainerRegistry/registries","sku":{"name":"Premium","tier":"Premium"},"location":"eastus","tags":{},"systemData":{"createdBy":"v-taoxuzeng@microsoft.com","createdByType":"User","createdAt":"2022-05-25T15:35:36.5820972Z","lastModifiedBy":"v-taoxuzeng@microsoft.com","lastModifiedByType":"User","lastModifiedAt":"2022-05-25T15:35:36.5820972Z"}},{"id":"/subscriptions/00000000-0000-0000-0000-000000000000/resourceGroups/clitest.rg000001/providers/Microsoft.ContainerRegistry/registries/clireg000002","name":"clireg000002","type":"Microsoft.ContainerRegistry/registries","sku":{"name":"Standard","tier":"Standard"},"location":"westus","tags":{},"systemData":{"createdBy":"azureclilivetest@azuresdkteam.onmicrosoft.com","createdByType":"User","createdAt":"2023-01-28T16:41:13.5774351Z","lastModifiedBy":"azureclilivetest@azuresdkteam.onmicrosoft.com","lastModifiedByType":"User","lastModifiedAt":"2023-01-28T16:41:13.5774351Z"}},{"id":"/subscriptions/00000000-0000-0000-0000-000000000000/resourceGroups/resourcegroupsamesub/providers/Microsoft.ContainerRegistry/registries/sourceregistrysamesubiouwf5plhofxvscotao","name":"sourceregistrysamesubiouwf5plhofxvscotao","type":"Microsoft.ContainerRegistry/registries","sku":{"name":"Standard","tier":"Standard"},"location":"westus","tags":{},"systemData":{"createdBy":"azureclilivetest@azuresdkteam.onmicrosoft.com","createdByType":"User","createdAt":"2023-01-28T16:27:28.089504Z","lastModifiedBy":"azureclilivetest@azuresdkteam.onmicrosoft.com","lastModifiedByType":"User","lastModifiedAt":"2023-01-28T16:27:28.089504Z"}},{"id":"/subscriptions/00000000-0000-0000-0000-000000000000/resourceGroups/resourcegroupsamesub/providers/Microsoft.ContainerRegistry/registries/sourceregistrysamesubojq2jfscrsdsut5ji6i","name":"sourceregistrysamesubojq2jfscrsdsut5ji6i","type":"Microsoft.ContainerRegistry/registries","sku":{"name":"Standard","tier":"Standard"},"location":"westus","tags":{},"systemData":{"createdBy":"azureclilivetest@azuresdkteam.onmicrosoft.com","createdByType":"User","createdAt":"2023-01-28T12:07:18.3589793Z","lastModifiedBy":"azureclilivetest@azuresdkteam.onmicrosoft.com","lastModifiedByType":"User","lastModifiedAt":"2023-01-28T12:07:18.3589793Z"}},{"id":"/subscriptions/00000000-0000-0000-0000-000000000000/resourceGroups/similar-bot/providers/Microsoft.ContainerRegistry/registries/similarbot","name":"similarbot","type":"Microsoft.ContainerRegistry/registries","sku":{"name":"Standard","tier":"Standard"},"location":"eastus","tags":{},"systemData":{"createdBy":"hanglei@microsoft.com","createdByType":"User","createdAt":"2022-12-27T10:03:56.9625259Z","lastModifiedBy":"hanglei@microsoft.com","lastModifiedByType":"User","lastModifiedAt":"2022-12-27T10:03:56.9625259Z"}}]}'
    headers:
      cache-control:
      - no-cache
      content-length:
      - '3010'
      content-type:
      - application/json; charset=utf-8
      date:
      - Sat, 28 Jan 2023 16:43:52 GMT
      expires:
      - '-1'
      pragma:
      - no-cache
      strict-transport-security:
      - max-age=31536000; includeSubDomains
      vary:
      - Accept-Encoding
      x-content-type-options:
      - nosniff
    status:
      code: 200
      message: OK
- request:
    body: null
    headers:
      Accept:
      - application/json
      Accept-Encoding:
      - gzip, deflate
      CommandName:
      - acr task credential update
      Connection:
      - keep-alive
      ParameterSetName:
      - -n -r --login-server -u -p
      User-Agent:
      - AZURECLI/2.44.1 azsdk-python-azure-mgmt-containerregistry/10.0.0 Python/3.10.9
        (Linux-5.15.0-1031-azure-x86_64-with-glibc2.31) VSTS_7b238909-6802-4b65-b90d-184bca47f458_build_220_0
    method: GET
    uri: https://management.azure.com/subscriptions/00000000-0000-0000-0000-000000000000/resourceGroups/clitest.rg000001/providers/Microsoft.ContainerRegistry/registries/clireg000002?api-version=2022-02-01-preview
  response:
    body:
      string: '{"sku":{"name":"Standard","tier":"Standard"},"type":"Microsoft.ContainerRegistry/registries","id":"/subscriptions/00000000-0000-0000-0000-000000000000/resourceGroups/clitest.rg000001/providers/Microsoft.ContainerRegistry/registries/clireg000002","name":"clireg000002","location":"westus","tags":{},"systemData":{"createdBy":"azureclilivetest@azuresdkteam.onmicrosoft.com","createdByType":"User","createdAt":"2023-01-28T16:41:13.5774351+00:00","lastModifiedBy":"azureclilivetest@azuresdkteam.onmicrosoft.com","lastModifiedByType":"User","lastModifiedAt":"2023-01-28T16:41:13.5774351+00:00"},"properties":{"loginServer":"clireg000002.azurecr.io","creationDate":"2023-01-28T16:41:13.5774351Z","provisioningState":"Succeeded","adminUserEnabled":false,"policies":{"quarantinePolicy":{"status":"disabled"},"trustPolicy":{"type":"Notary","status":"disabled"},"retentionPolicy":{"days":7,"lastUpdatedTime":"2023-01-28T16:41:20.35918+00:00","status":"disabled"},"exportPolicy":{"status":"enabled"},"azureADAuthenticationAsArmPolicy":{"status":"enabled"},"softDeletePolicy":{"retentionDays":7,"lastUpdatedTime":"2023-01-28T16:41:20.35918+00:00","status":"disabled"}},"encryption":{"status":"disabled"},"dataEndpointEnabled":false,"dataEndpointHostNames":[],"privateEndpointConnections":[],"publicNetworkAccess":"Enabled","networkRuleBypassOptions":"AzureServices","zoneRedundancy":"Disabled","anonymousPullEnabled":false}}'
    headers:
      api-supported-versions:
      - 2022-02-01-preview
      cache-control:
      - no-cache
      content-length:
      - '1412'
      content-type:
      - application/json; charset=utf-8
      date:
      - Sat, 28 Jan 2023 16:43:51 GMT
      expires:
      - '-1'
      pragma:
      - no-cache
      server:
      - Microsoft-HTTPAPI/2.0
      strict-transport-security:
      - max-age=31536000; includeSubDomains
      transfer-encoding:
      - chunked
      vary:
      - Accept-Encoding
      x-content-type-options:
      - nosniff
    status:
      code: 200
      message: OK
- request:
    body: null
    headers:
      Accept:
      - application/json
      Accept-Encoding:
      - gzip, deflate
      CommandName:
      - acr task credential update
      Connection:
      - keep-alive
      Content-Length:
      - '0'
      ParameterSetName:
      - -n -r --login-server -u -p
      User-Agent:
      - AZURECLI/2.44.1 azsdk-python-azure-mgmt-containerregistry/10.0.0 Python/3.10.9
        (Linux-5.15.0-1031-azure-x86_64-with-glibc2.31) VSTS_7b238909-6802-4b65-b90d-184bca47f458_build_220_0
    method: POST
    uri: https://management.azure.com/subscriptions/00000000-0000-0000-0000-000000000000/resourceGroups/clitest.rg000001/providers/Microsoft.ContainerRegistry/registries/clireg000002/tasks/testTask/listDetails?api-version=2019-06-01-preview
  response:
    body:
      string: '{"type":"Microsoft.ContainerRegistry/registries/tasks","identity":{"principalId":"05242cee-704e-4d7a-918e-ed81a3350292","tenantId":"54826b22-38d6-4fb2-bad9-b7b93a3e9c5a","type":"SystemAssigned"},"properties":{"provisioningState":"Succeeded","creationDate":"2023-01-28T16:41:34.7263927+00:00","status":"Enabled","platform":{"os":"linux","architecture":"arm"},"agentConfiguration":{"cpu":2},"timeout":3600,"step":{"type":"Docker","imageNames":["testtask:v1"],"isPushEnabled":true,"noCache":false,"dockerFilePath":"Dockerfile","arguments":[],"baseImageDependencies":[{"type":"Runtime","registry":"registry.hub.docker.com","repository":"library/node","tag":"9","digest":"sha256:cddc729ef8326f7e8966c246ba2e87bad4c15365494ff3d681fa6f022cdab041"}],"contextPath":"https://github.com/SteveLasker/node-helloworld"},"trigger":{"baseImageTrigger":{"baseImageTriggerType":"Runtime","updateTriggerPayloadType":"Default","status":"Enabled","name":"defaultBaseimageTriggerName"}},"credentials":{"customRegistries":{"test.acr.com":{"userName":{"value":"testuser","type":"Opaque"},"password":{"value":"random","type":"Opaque"},"identity":"[system]"}}},"isSystemTask":false},"id":"/subscriptions/00000000-0000-0000-0000-000000000000/resourceGroups/clitest.rg000001/providers/Microsoft.ContainerRegistry/registries/clireg000002/tasks/testTask","name":"testTask","location":"westus","systemData":{"createdBy":"azureclilivetest@azuresdkteam.onmicrosoft.com","createdByType":"User","createdAt":"2023-01-28T16:41:33.684379+00:00","lastModifiedBy":"azureclilivetest@azuresdkteam.onmicrosoft.com","lastModifiedByType":"User","lastModifiedAt":"2023-01-28T16:43:51.9509002+00:00"}}'
    headers:
      cache-control:
      - no-cache
      content-length:
      - '1654'
      content-type:
      - application/json; charset=utf-8
      date:
      - Sat, 28 Jan 2023 16:43:52 GMT
      expires:
      - '-1'
      pragma:
      - no-cache
      strict-transport-security:
      - max-age=31536000; includeSubDomains
      transfer-encoding:
      - chunked
      vary:
      - Accept-Encoding
      x-content-type-options:
      - nosniff
      x-ms-ratelimit-remaining-subscription-writes:
      - '1199'
    status:
      code: 200
      message: OK
- request:
    body: '{"properties": {"credentials": {"customRegistries": {"test.acr.com": {"userName":
      {"value": "testuser", "type": "Opaque"}, "password": {"value": "random", "type":
      "Opaque"}}}}}}'
    headers:
      Accept:
      - application/json
      Accept-Encoding:
      - gzip, deflate
      CommandName:
      - acr task credential update
      Connection:
      - keep-alive
      Content-Length:
      - '177'
      Content-Type:
      - application/json
      ParameterSetName:
      - -n -r --login-server -u -p
      User-Agent:
      - AZURECLI/2.44.1 azsdk-python-azure-mgmt-containerregistry/10.0.0 Python/3.10.9
        (Linux-5.15.0-1031-azure-x86_64-with-glibc2.31) VSTS_7b238909-6802-4b65-b90d-184bca47f458_build_220_0
    method: PATCH
    uri: https://management.azure.com/subscriptions/00000000-0000-0000-0000-000000000000/resourceGroups/clitest.rg000001/providers/Microsoft.ContainerRegistry/registries/clireg000002/tasks/testTask?api-version=2019-06-01-preview
  response:
    body:
      string: '{"type":"Microsoft.ContainerRegistry/registries/tasks","identity":{"principalId":"05242cee-704e-4d7a-918e-ed81a3350292","tenantId":"54826b22-38d6-4fb2-bad9-b7b93a3e9c5a","type":"SystemAssigned"},"properties":{"provisioningState":"Succeeded","creationDate":"2023-01-28T16:41:34.7263927+00:00","status":"Enabled","platform":{"os":"linux","architecture":"arm"},"agentConfiguration":{"cpu":2},"timeout":3600,"step":{"type":"Docker","imageNames":["testtask:v1"],"isPushEnabled":true,"noCache":false,"dockerFilePath":"Dockerfile","arguments":[],"baseImageDependencies":[{"type":"Runtime","registry":"registry.hub.docker.com","repository":"library/node","tag":"9","digest":"sha256:cddc729ef8326f7e8966c246ba2e87bad4c15365494ff3d681fa6f022cdab041"}],"contextPath":"https://github.com/SteveLasker/node-helloworld"},"trigger":{"baseImageTrigger":{"baseImageTriggerType":"Runtime","updateTriggerPayloadType":"Default","status":"Enabled","name":"defaultBaseimageTriggerName"}},"credentials":{"customRegistries":{"test.acr.com":null}},"isSystemTask":false},"id":"/subscriptions/00000000-0000-0000-0000-000000000000/resourceGroups/clitest.rg000001/providers/Microsoft.ContainerRegistry/registries/clireg000002/tasks/testTask","name":"testTask","location":"westus","systemData":{"createdBy":"azureclilivetest@azuresdkteam.onmicrosoft.com","createdByType":"User","createdAt":"2023-01-28T16:41:33.684379+00:00","lastModifiedBy":"azureclilivetest@azuresdkteam.onmicrosoft.com","lastModifiedByType":"User","lastModifiedAt":"2023-01-28T16:43:53.2990109+00:00"}}'
    headers:
      cache-control:
      - no-cache
      content-length:
      - '1541'
      content-type:
      - application/json; charset=utf-8
      date:
      - Sat, 28 Jan 2023 16:43:53 GMT
      expires:
      - '-1'
      pragma:
      - no-cache
      strict-transport-security:
      - max-age=31536000; includeSubDomains
      transfer-encoding:
      - chunked
      vary:
      - Accept-Encoding
      x-content-type-options:
      - nosniff
      x-ms-ratelimit-remaining-subscription-writes:
      - '1197'
    status:
      code: 200
      message: OK
- request:
    body: null
    headers:
      Accept:
      - application/json
      Accept-Encoding:
      - gzip, deflate
      CommandName:
      - acr task delete
      Connection:
      - keep-alive
      ParameterSetName:
      - -n -r -y
      User-Agent:
      - AZURECLI/2.44.1 azsdk-python-azure-mgmt-resource/22.0.0 Python/3.10.9 (Linux-5.15.0-1031-azure-x86_64-with-glibc2.31)
        VSTS_7b238909-6802-4b65-b90d-184bca47f458_build_220_0
    method: GET
    uri: https://management.azure.com/subscriptions/00000000-0000-0000-0000-000000000000/resources?$filter=resourceType%20eq%20%27Microsoft.ContainerRegistry%2Fregistries%27&api-version=2022-09-01
  response:
    body:
      string: '{"value":[{"id":"/subscriptions/00000000-0000-0000-0000-000000000000/resourceGroups/clitest.rgdmp6b4zdlgf2zghnf33wrzqy5hlxebaoge4vthqahtej7epha57dcadupk7gdbmc2/providers/Microsoft.ContainerRegistry/registries/clireg7vx33prql5yce3","name":"clireg7vx33prql5yce3","type":"Microsoft.ContainerRegistry/registries","sku":{"name":"Premium","tier":"Premium"},"location":"eastus","tags":{},"systemData":{"createdBy":"v-taoxuzeng@microsoft.com","createdByType":"User","createdAt":"2022-05-25T15:35:36.5820972Z","lastModifiedBy":"v-taoxuzeng@microsoft.com","lastModifiedByType":"User","lastModifiedAt":"2022-05-25T15:35:36.5820972Z"}},{"id":"/subscriptions/00000000-0000-0000-0000-000000000000/resourceGroups/clitest.rg000001/providers/Microsoft.ContainerRegistry/registries/clireg000002","name":"clireg000002","type":"Microsoft.ContainerRegistry/registries","sku":{"name":"Standard","tier":"Standard"},"location":"westus","tags":{},"systemData":{"createdBy":"azureclilivetest@azuresdkteam.onmicrosoft.com","createdByType":"User","createdAt":"2023-01-28T16:41:13.5774351Z","lastModifiedBy":"azureclilivetest@azuresdkteam.onmicrosoft.com","lastModifiedByType":"User","lastModifiedAt":"2023-01-28T16:41:13.5774351Z"}},{"id":"/subscriptions/00000000-0000-0000-0000-000000000000/resourceGroups/resourcegroupsamesub/providers/Microsoft.ContainerRegistry/registries/sourceregistrysamesubiouwf5plhofxvscotao","name":"sourceregistrysamesubiouwf5plhofxvscotao","type":"Microsoft.ContainerRegistry/registries","sku":{"name":"Standard","tier":"Standard"},"location":"westus","tags":{},"systemData":{"createdBy":"azureclilivetest@azuresdkteam.onmicrosoft.com","createdByType":"User","createdAt":"2023-01-28T16:27:28.089504Z","lastModifiedBy":"azureclilivetest@azuresdkteam.onmicrosoft.com","lastModifiedByType":"User","lastModifiedAt":"2023-01-28T16:27:28.089504Z"}},{"id":"/subscriptions/00000000-0000-0000-0000-000000000000/resourceGroups/resourcegroupsamesub/providers/Microsoft.ContainerRegistry/registries/sourceregistrysamesubojq2jfscrsdsut5ji6i","name":"sourceregistrysamesubojq2jfscrsdsut5ji6i","type":"Microsoft.ContainerRegistry/registries","sku":{"name":"Standard","tier":"Standard"},"location":"westus","tags":{},"systemData":{"createdBy":"azureclilivetest@azuresdkteam.onmicrosoft.com","createdByType":"User","createdAt":"2023-01-28T12:07:18.3589793Z","lastModifiedBy":"azureclilivetest@azuresdkteam.onmicrosoft.com","lastModifiedByType":"User","lastModifiedAt":"2023-01-28T12:07:18.3589793Z"}},{"id":"/subscriptions/00000000-0000-0000-0000-000000000000/resourceGroups/similar-bot/providers/Microsoft.ContainerRegistry/registries/similarbot","name":"similarbot","type":"Microsoft.ContainerRegistry/registries","sku":{"name":"Standard","tier":"Standard"},"location":"eastus","tags":{},"systemData":{"createdBy":"hanglei@microsoft.com","createdByType":"User","createdAt":"2022-12-27T10:03:56.9625259Z","lastModifiedBy":"hanglei@microsoft.com","lastModifiedByType":"User","lastModifiedAt":"2022-12-27T10:03:56.9625259Z"}}]}'
    headers:
      cache-control:
      - no-cache
      content-length:
      - '3010'
      content-type:
      - application/json; charset=utf-8
      date:
      - Sat, 28 Jan 2023 16:43:53 GMT
      expires:
      - '-1'
      pragma:
      - no-cache
      strict-transport-security:
      - max-age=31536000; includeSubDomains
      vary:
      - Accept-Encoding
      x-content-type-options:
      - nosniff
    status:
      code: 200
      message: OK
- request:
    body: null
    headers:
      Accept:
      - application/json
      Accept-Encoding:
      - gzip, deflate
      CommandName:
      - acr task delete
      Connection:
      - keep-alive
      ParameterSetName:
      - -n -r -y
      User-Agent:
      - AZURECLI/2.44.1 azsdk-python-azure-mgmt-containerregistry/10.0.0 Python/3.10.9
        (Linux-5.15.0-1031-azure-x86_64-with-glibc2.31) VSTS_7b238909-6802-4b65-b90d-184bca47f458_build_220_0
    method: GET
    uri: https://management.azure.com/subscriptions/00000000-0000-0000-0000-000000000000/resourceGroups/clitest.rg000001/providers/Microsoft.ContainerRegistry/registries/clireg000002?api-version=2022-02-01-preview
  response:
    body:
      string: '{"sku":{"name":"Standard","tier":"Standard"},"type":"Microsoft.ContainerRegistry/registries","id":"/subscriptions/00000000-0000-0000-0000-000000000000/resourceGroups/clitest.rg000001/providers/Microsoft.ContainerRegistry/registries/clireg000002","name":"clireg000002","location":"westus","tags":{},"systemData":{"createdBy":"azureclilivetest@azuresdkteam.onmicrosoft.com","createdByType":"User","createdAt":"2023-01-28T16:41:13.5774351+00:00","lastModifiedBy":"azureclilivetest@azuresdkteam.onmicrosoft.com","lastModifiedByType":"User","lastModifiedAt":"2023-01-28T16:41:13.5774351+00:00"},"properties":{"loginServer":"clireg000002.azurecr.io","creationDate":"2023-01-28T16:41:13.5774351Z","provisioningState":"Succeeded","adminUserEnabled":false,"policies":{"quarantinePolicy":{"status":"disabled"},"trustPolicy":{"type":"Notary","status":"disabled"},"retentionPolicy":{"days":7,"lastUpdatedTime":"2023-01-28T16:41:20.35918+00:00","status":"disabled"},"exportPolicy":{"status":"enabled"},"azureADAuthenticationAsArmPolicy":{"status":"enabled"},"softDeletePolicy":{"retentionDays":7,"lastUpdatedTime":"2023-01-28T16:41:20.35918+00:00","status":"disabled"}},"encryption":{"status":"disabled"},"dataEndpointEnabled":false,"dataEndpointHostNames":[],"privateEndpointConnections":[],"publicNetworkAccess":"Enabled","networkRuleBypassOptions":"AzureServices","zoneRedundancy":"Disabled","anonymousPullEnabled":false}}'
    headers:
      api-supported-versions:
      - 2022-02-01-preview
      cache-control:
      - no-cache
      content-length:
      - '1412'
      content-type:
      - application/json; charset=utf-8
      date:
      - Sat, 28 Jan 2023 16:43:53 GMT
      expires:
      - '-1'
      pragma:
      - no-cache
      server:
      - Microsoft-HTTPAPI/2.0
      strict-transport-security:
      - max-age=31536000; includeSubDomains
      transfer-encoding:
      - chunked
      vary:
      - Accept-Encoding
      x-content-type-options:
      - nosniff
    status:
      code: 200
      message: OK
- request:
    body: null
    headers:
      Accept:
      - application/json
      Accept-Encoding:
      - gzip, deflate
      CommandName:
      - acr task delete
      Connection:
      - keep-alive
      Content-Length:
      - '0'
      ParameterSetName:
      - -n -r -y
      User-Agent:
      - AZURECLI/2.44.1 azsdk-python-azure-mgmt-containerregistry/10.0.0 Python/3.10.9
        (Linux-5.15.0-1031-azure-x86_64-with-glibc2.31) VSTS_7b238909-6802-4b65-b90d-184bca47f458_build_220_0
    method: DELETE
    uri: https://management.azure.com/subscriptions/00000000-0000-0000-0000-000000000000/resourceGroups/clitest.rg000001/providers/Microsoft.ContainerRegistry/registries/clireg000002/tasks/testTask?api-version=2019-06-01-preview
  response:
    body:
      string: ''
    headers:
      cache-control:
      - no-cache
      content-length:
      - '0'
      date:
      - Sat, 28 Jan 2023 16:43:55 GMT
      expires:
      - '-1'
      pragma:
      - no-cache
      strict-transport-security:
      - max-age=31536000; includeSubDomains
      x-content-type-options:
      - nosniff
      x-ms-ratelimit-remaining-subscription-deletes:
      - '14998'
    status:
      code: 200
      message: OK
- request:
    body: null
    headers:
      Accept:
      - '*/*'
      Accept-Encoding:
      - gzip, deflate
      CommandName:
      - acr delete
      Connection:
      - keep-alive
      Content-Length:
      - '0'
      ParameterSetName:
      - -n -g -y
      User-Agent:
      - AZURECLI/2.44.1 azsdk-python-azure-mgmt-containerregistry/10.0.0 Python/3.10.9
        (Linux-5.15.0-1031-azure-x86_64-with-glibc2.31) VSTS_7b238909-6802-4b65-b90d-184bca47f458_build_220_0
    method: DELETE
    uri: https://management.azure.com/subscriptions/00000000-0000-0000-0000-000000000000/resourceGroups/clitest.rg000001/providers/Microsoft.ContainerRegistry/registries/clireg000002?api-version=2022-02-01-preview
  response:
    body:
      string: ''
    headers:
      api-supported-versions:
      - 2022-02-01-preview
      cache-control:
      - no-cache
      content-length:
      - '0'
      date:
      - Sat, 28 Jan 2023 16:44:00 GMT
      expires:
      - '-1'
      pragma:
      - no-cache
      server:
      - Microsoft-HTTPAPI/2.0
      strict-transport-security:
      - max-age=31536000; includeSubDomains
      x-content-type-options:
      - nosniff
      x-ms-ratelimit-remaining-subscription-deletes:
      - '14998'
    status:
      code: 200
      message: OK
version: 1
