interactions:
- request:
    body: null
    headers:
      Accept:
      - application/json
      Accept-Encoding:
      - gzip, deflate
      CommandName:
      - acr create
      Connection:
      - keep-alive
      ParameterSetName:
      - --name --resource-group --sku
      User-Agent:
      - AZURECLI/2.45.0 azsdk-python-azure-mgmt-resource/21.1.0b1 Python/3.9.13 (Windows-10-10.0.22621-SP0)
    method: GET
    uri: https://management.azure.com/subscriptions/00000000-0000-0000-0000-000000000000/resourcegroups/clitest.rg000001?api-version=2021-04-01
  response:
    body:
      string: '{"id":"/subscriptions/00000000-0000-0000-0000-000000000000/resourceGroups/clitest.rg000001","name":"clitest.rg000001","type":"Microsoft.Resources/resourceGroups","location":"westus","tags":{"product":"azurecli","cause":"automation","date":"2023-02-10T09:17:31Z"},"properties":{"provisioningState":"Succeeded"}}'
    headers:
      cache-control:
      - no-cache
      content-length:
      - '310'
      content-type:
      - application/json; charset=utf-8
      date:
      - Fri, 10 Feb 2023 09:17:34 GMT
      expires:
      - '-1'
      pragma:
      - no-cache
      strict-transport-security:
      - max-age=31536000; includeSubDomains
      vary:
      - Accept-Encoding
      x-content-type-options:
      - nosniff
    status:
      code: 200
      message: OK
- request:
    body: '{"location": "westus", "sku": {"name": "Premium"}, "properties": {"adminUserEnabled":
      false, "anonymousPullEnabled": false}}'
    headers:
      Accept:
      - application/json
      Accept-Encoding:
      - gzip, deflate
      CommandName:
      - acr create
      Connection:
      - keep-alive
      Content-Length:
      - '124'
      Content-Type:
      - application/json
      ParameterSetName:
      - --name --resource-group --sku
      User-Agent:
      - AZURECLI/2.45.0 azsdk-python-azure-mgmt-containerregistry/10.0.0 Python/3.9.13
        (Windows-10-10.0.22621-SP0)
    method: PUT
    uri: https://management.azure.com/subscriptions/00000000-0000-0000-0000-000000000000/resourceGroups/clitest.rg000001/providers/Microsoft.ContainerRegistry/registries/testreg000004?api-version=2022-02-01-preview
  response:
    body:
      string: '{"sku":{"name":"Premium","tier":"Premium"},"type":"Microsoft.ContainerRegistry/registries","id":"/subscriptions/00000000-0000-0000-0000-000000000000/resourceGroups/clitest.rg000001/providers/Microsoft.ContainerRegistry/registries/testreg000004","name":"testreg000004","location":"westus","tags":{},"systemData":{"createdBy":"zhuyan@microsoft.com","createdByType":"User","createdAt":"2023-02-10T09:17:37.944634+00:00","lastModifiedBy":"zhuyan@microsoft.com","lastModifiedByType":"User","lastModifiedAt":"2023-02-10T09:17:37.944634+00:00"},"properties":{"loginServer":"testreg000004.azurecr.io","creationDate":"2023-02-10T09:17:37.944634Z","provisioningState":"Creating","adminUserEnabled":false,"networkRuleSet":{"defaultAction":"Allow","ipRules":[]},"policies":{"quarantinePolicy":{"status":"disabled"},"trustPolicy":{"type":"Notary","status":"disabled"},"retentionPolicy":{"days":7,"lastUpdatedTime":"2023-02-10T09:17:50.1338976+00:00","status":"disabled"},"exportPolicy":{"status":"enabled"},"azureADAuthenticationAsArmPolicy":{"status":"enabled"},"softDeletePolicy":{"retentionDays":7,"lastUpdatedTime":"2023-02-10T09:17:50.1338976+00:00","status":"disabled"}},"encryption":{"status":"disabled"},"dataEndpointEnabled":false,"dataEndpointHostNames":[],"privateEndpointConnections":[],"publicNetworkAccess":"Enabled","networkRuleBypassOptions":"AzureServices","zoneRedundancy":"Disabled","anonymousPullEnabled":false}}'
    headers:
      api-supported-versions:
      - 2022-02-01-preview
      azure-asyncoperation:
      - https://management.azure.com/subscriptions/00000000-0000-0000-0000-000000000000/resourceGroups/clitest.rg000001/providers/Microsoft.ContainerRegistry/registries/testreg000004/operationStatuses/registries-c10a4e60-a923-11ed-9878-c01803b31d95?api-version=2022-02-01-preview
      cache-control:
      - no-cache
      content-length:
      - '1419'
      content-type:
      - application/json; charset=utf-8
      date:
      - Fri, 10 Feb 2023 09:17:50 GMT
      expires:
      - '-1'
      pragma:
      - no-cache
      server:
      - Microsoft-HTTPAPI/2.0
      strict-transport-security:
      - max-age=31536000; includeSubDomains
      x-content-type-options:
      - nosniff
      x-ms-ratelimit-remaining-subscription-writes:
      - '1196'
    status:
      code: 201
      message: Created
- request:
    body: null
    headers:
      Accept:
      - '*/*'
      Accept-Encoding:
      - gzip, deflate
      CommandName:
      - acr create
      Connection:
      - keep-alive
      ParameterSetName:
      - --name --resource-group --sku
      User-Agent:
      - AZURECLI/2.45.0 azsdk-python-azure-mgmt-containerregistry/10.0.0 Python/3.9.13
        (Windows-10-10.0.22621-SP0)
    method: GET
    uri: https://management.azure.com/subscriptions/00000000-0000-0000-0000-000000000000/resourceGroups/clitest.rg000001/providers/Microsoft.ContainerRegistry/registries/testreg000004/operationStatuses/registries-c10a4e60-a923-11ed-9878-c01803b31d95?api-version=2022-02-01-preview
  response:
    body:
      string: '{"status":"Succeeded"}'
    headers:
      api-supported-versions:
      - 2022-02-01-preview
      azure-asyncoperation:
      - https://management.azure.com/subscriptions/00000000-0000-0000-0000-000000000000/resourceGroups/clitest.rg000001/providers/Microsoft.ContainerRegistry/registries/testreg000004/operationStatuses/registries-c10a4e60-a923-11ed-9878-c01803b31d95?api-version=2022-02-01-preview
      cache-control:
      - no-cache
      content-length:
      - '22'
      content-type:
      - application/json; charset=utf-8
      date:
      - Fri, 10 Feb 2023 09:18:01 GMT
      expires:
      - '-1'
      pragma:
      - no-cache
      server:
      - Microsoft-HTTPAPI/2.0
      strict-transport-security:
      - max-age=31536000; includeSubDomains
      transfer-encoding:
      - chunked
      vary:
      - Accept-Encoding
      x-content-type-options:
      - nosniff
    status:
      code: 200
      message: OK
- request:
    body: null
    headers:
      Accept:
      - '*/*'
      Accept-Encoding:
      - gzip, deflate
      CommandName:
      - acr create
      Connection:
      - keep-alive
      ParameterSetName:
      - --name --resource-group --sku
      User-Agent:
      - AZURECLI/2.45.0 azsdk-python-azure-mgmt-containerregistry/10.0.0 Python/3.9.13
        (Windows-10-10.0.22621-SP0)
    method: GET
    uri: https://management.azure.com/subscriptions/00000000-0000-0000-0000-000000000000/resourceGroups/clitest.rg000001/providers/Microsoft.ContainerRegistry/registries/testreg000004?api-version=2022-02-01-preview
  response:
    body:
      string: '{"sku":{"name":"Premium","tier":"Premium"},"type":"Microsoft.ContainerRegistry/registries","id":"/subscriptions/00000000-0000-0000-0000-000000000000/resourceGroups/clitest.rg000001/providers/Microsoft.ContainerRegistry/registries/testreg000004","name":"testreg000004","location":"westus","tags":{},"systemData":{"createdBy":"zhuyan@microsoft.com","createdByType":"User","createdAt":"2023-02-10T09:17:37.944634+00:00","lastModifiedBy":"zhuyan@microsoft.com","lastModifiedByType":"User","lastModifiedAt":"2023-02-10T09:17:37.944634+00:00"},"properties":{"loginServer":"testreg000004.azurecr.io","creationDate":"2023-02-10T09:17:37.944634Z","provisioningState":"Succeeded","adminUserEnabled":false,"networkRuleSet":{"defaultAction":"Allow","ipRules":[]},"policies":{"quarantinePolicy":{"status":"disabled"},"trustPolicy":{"type":"Notary","status":"disabled"},"retentionPolicy":{"days":7,"lastUpdatedTime":"2023-02-10T09:17:50.1338976+00:00","status":"disabled"},"exportPolicy":{"status":"enabled"},"azureADAuthenticationAsArmPolicy":{"status":"enabled"},"softDeletePolicy":{"retentionDays":7,"lastUpdatedTime":"2023-02-10T09:17:50.1338976+00:00","status":"disabled"}},"encryption":{"status":"disabled"},"dataEndpointEnabled":false,"dataEndpointHostNames":[],"privateEndpointConnections":[],"publicNetworkAccess":"Enabled","networkRuleBypassOptions":"AzureServices","zoneRedundancy":"Disabled","anonymousPullEnabled":false}}'
    headers:
      api-supported-versions:
      - 2022-02-01-preview
      cache-control:
      - no-cache
      content-length:
      - '1420'
      content-type:
      - application/json; charset=utf-8
      date:
      - Fri, 10 Feb 2023 09:18:01 GMT
      expires:
      - '-1'
      pragma:
      - no-cache
      server:
      - Microsoft-HTTPAPI/2.0
      strict-transport-security:
      - max-age=31536000; includeSubDomains
      transfer-encoding:
      - chunked
      vary:
      - Accept-Encoding
      x-content-type-options:
      - nosniff
    status:
      code: 200
      message: OK
- request:
    body: null
    headers:
      Accept:
      - application/json
      Accept-Encoding:
      - gzip, deflate
      CommandName:
      - identity create
      Connection:
      - keep-alive
      ParameterSetName:
      - --name -g
      User-Agent:
      - AZURECLI/2.45.0 azsdk-python-azure-mgmt-resource/21.1.0b1 Python/3.9.13 (Windows-10-10.0.22621-SP0)
    method: GET
    uri: https://management.azure.com/subscriptions/00000000-0000-0000-0000-000000000000/resourcegroups/clitest.rg000001?api-version=2021-04-01
  response:
    body:
      string: '{"id":"/subscriptions/00000000-0000-0000-0000-000000000000/resourceGroups/clitest.rg000001","name":"clitest.rg000001","type":"Microsoft.Resources/resourceGroups","location":"westus","tags":{"product":"azurecli","cause":"automation","date":"2023-02-10T09:17:31Z"},"properties":{"provisioningState":"Succeeded"}}'
    headers:
      cache-control:
      - no-cache
      content-length:
      - '310'
      content-type:
      - application/json; charset=utf-8
      date:
      - Fri, 10 Feb 2023 09:18:02 GMT
      expires:
      - '-1'
      pragma:
      - no-cache
      strict-transport-security:
      - max-age=31536000; includeSubDomains
      vary:
      - Accept-Encoding
      x-content-type-options:
      - nosniff
    status:
      code: 200
      message: OK
- request:
    body: '{"location": "westus"}'
    headers:
      Accept:
      - application/json
      Accept-Encoding:
      - gzip, deflate
      CommandName:
      - identity create
      Connection:
      - keep-alive
      Content-Length:
      - '22'
      Content-Type:
      - application/json
      ParameterSetName:
      - --name -g
      User-Agent:
      - AZURECLI/2.45.0 azsdk-python-azure-mgmt-msi/7.0.0 Python/3.9.13 (Windows-10-10.0.22621-SP0)
    method: PUT
    uri: https://management.azure.com/subscriptions/00000000-0000-0000-0000-000000000000/resourceGroups/clitest.rg000001/providers/Microsoft.ManagedIdentity/userAssignedIdentities/testidentity000002?api-version=2023-01-31
  response:
    body:
      string: '{"id":"/subscriptions/00000000-0000-0000-0000-000000000000/resourcegroups/clitest.rg000001/providers/Microsoft.ManagedIdentity/userAssignedIdentities/testidentity000002","name":"testidentity000002","type":"Microsoft.ManagedIdentity/userAssignedIdentities","location":"westus","tags":{},"properties":{"tenantId":"54826b22-38d6-4fb2-bad9-b7b93a3e9c5a","principalId":"2dcff6ee-4753-4bfa-a4f5-e8bf0002a72b","clientId":"f990b675-18f1-4c67-b5a3-6bfca223e51c"}}'
    headers:
      cache-control:
      - no-cache
      content-length:
      - '454'
      content-type:
      - application/json; charset=utf-8
      date:
      - Fri, 10 Feb 2023 09:18:10 GMT
      expires:
      - '-1'
      location:
      - /subscriptions/00000000-0000-0000-0000-000000000000/resourcegroups/clitest.rg000001/providers/Microsoft.ManagedIdentity/userAssignedIdentities/testidentity000002
      pragma:
      - no-cache
      strict-transport-security:
      - max-age=31536000; includeSubDomains
      x-content-type-options:
      - nosniff
      x-ms-ratelimit-remaining-subscription-writes:
      - '1194'
    status:
      code: 201
      message: Created
- request:
    body: null
    headers:
      Accept:
      - application/json
      Accept-Encoding:
      - gzip, deflate
      CommandName:
      - identity create
      Connection:
      - keep-alive
      ParameterSetName:
      - --name -g
      User-Agent:
      - AZURECLI/2.45.0 azsdk-python-azure-mgmt-resource/21.1.0b1 Python/3.9.13 (Windows-10-10.0.22621-SP0)
    method: GET
    uri: https://management.azure.com/subscriptions/00000000-0000-0000-0000-000000000000/resourcegroups/clitest.rg000001?api-version=2021-04-01
  response:
    body:
      string: '{"id":"/subscriptions/00000000-0000-0000-0000-000000000000/resourceGroups/clitest.rg000001","name":"clitest.rg000001","type":"Microsoft.Resources/resourceGroups","location":"westus","tags":{"product":"azurecli","cause":"automation","date":"2023-02-10T09:17:31Z"},"properties":{"provisioningState":"Succeeded"}}'
    headers:
      cache-control:
      - no-cache
      content-length:
      - '310'
      content-type:
      - application/json; charset=utf-8
      date:
      - Fri, 10 Feb 2023 09:18:09 GMT
      expires:
      - '-1'
      pragma:
      - no-cache
      strict-transport-security:
      - max-age=31536000; includeSubDomains
      vary:
      - Accept-Encoding
      x-content-type-options:
      - nosniff
    status:
      code: 200
      message: OK
- request:
    body: '{"location": "westus"}'
    headers:
      Accept:
      - application/json
      Accept-Encoding:
      - gzip, deflate
      CommandName:
      - identity create
      Connection:
      - keep-alive
      Content-Length:
      - '22'
      Content-Type:
      - application/json
      ParameterSetName:
      - --name -g
      User-Agent:
      - AZURECLI/2.45.0 azsdk-python-azure-mgmt-msi/7.0.0 Python/3.9.13 (Windows-10-10.0.22621-SP0)
    method: PUT
    uri: https://management.azure.com/subscriptions/00000000-0000-0000-0000-000000000000/resourceGroups/clitest.rg000001/providers/Microsoft.ManagedIdentity/userAssignedIdentities/testidentity2000003?api-version=2023-01-31
  response:
    body:
      string: '{"id":"/subscriptions/00000000-0000-0000-0000-000000000000/resourcegroups/clitest.rg000001/providers/Microsoft.ManagedIdentity/userAssignedIdentities/testidentity2000003","name":"testidentity2000003","type":"Microsoft.ManagedIdentity/userAssignedIdentities","location":"westus","tags":{},"properties":{"tenantId":"54826b22-38d6-4fb2-bad9-b7b93a3e9c5a","principalId":"25f341b5-c30a-40af-a209-b4cda8b5100c","clientId":"df14e598-890a-40f4-bb7a-440a782a0b4b"}}'
    headers:
      cache-control:
      - no-cache
      content-length:
      - '456'
      content-type:
      - application/json; charset=utf-8
      date:
      - Fri, 10 Feb 2023 09:18:17 GMT
      expires:
      - '-1'
      location:
      - /subscriptions/00000000-0000-0000-0000-000000000000/resourcegroups/clitest.rg000001/providers/Microsoft.ManagedIdentity/userAssignedIdentities/testidentity2000003
      pragma:
      - no-cache
      strict-transport-security:
      - max-age=31536000; includeSubDomains
      x-content-type-options:
      - nosniff
      x-ms-ratelimit-remaining-subscription-writes:
      - '1194'
    status:
      code: 201
      message: Created
- request:
    body: null
    headers:
      Accept:
      - application/json
      Accept-Encoding:
      - gzip, deflate
      CommandName:
      - acr identity assign
      Connection:
      - keep-alive
      ParameterSetName:
      - --name --identities
      User-Agent:
      - AZURECLI/2.45.0 azsdk-python-azure-mgmt-resource/21.1.0b1 Python/3.9.13 (Windows-10-10.0.22621-SP0)
    method: GET
    uri: https://management.azure.com/subscriptions/00000000-0000-0000-0000-000000000000/resources?$filter=resourceType%20eq%20%27Microsoft.ContainerRegistry%2Fregistries%27&api-version=2021-04-01
  response:
    body:
      string: '{"value":[{"id":"/subscriptions/00000000-0000-0000-0000-000000000000/resourceGroups/clitest.rg000001/providers/Microsoft.ContainerRegistry/registries/testreg000004","name":"testreg000004","type":"Microsoft.ContainerRegistry/registries","sku":{"name":"Premium","tier":"Premium"},"location":"westus","tags":{},"systemData":{"createdBy":"zhuyan@microsoft.com","createdByType":"User","createdAt":"2023-02-10T09:17:37.944634Z","lastModifiedBy":"zhuyan@microsoft.com","lastModifiedByType":"User","lastModifiedAt":"2023-02-10T09:17:37.944634Z"}},{"id":"/subscriptions/00000000-0000-0000-0000-000000000000/resourceGroups/clitest.rgdmp6b4zdlgf2zghnf33wrzqy5hlxebaoge4vthqahtej7epha57dcadupk7gdbmc2/providers/Microsoft.ContainerRegistry/registries/clireg7vx33prql5yce3","name":"clireg7vx33prql5yce3","type":"Microsoft.ContainerRegistry/registries","sku":{"name":"Premium","tier":"Premium"},"location":"eastus","tags":{},"systemData":{"createdBy":"v-taoxuzeng@microsoft.com","createdByType":"User","createdAt":"2022-05-25T15:35:36.5820972Z","lastModifiedBy":"v-taoxuzeng@microsoft.com","lastModifiedByType":"User","lastModifiedAt":"2022-05-25T15:35:36.5820972Z"}},{"id":"/subscriptions/00000000-0000-0000-0000-000000000000/resourceGroups/clitest.rggbohz3svmhnbgak7qrf4cvpjfzzq7x47dgqyvt23ufxu5qe343cg3gbkchq5s4qnc/providers/Microsoft.ContainerRegistry/registries/testregmcp5zfoahj45w","name":"testregmcp5zfoahj45w","type":"Microsoft.ContainerRegistry/registries","sku":{"name":"Premium","tier":"Premium"},"location":"westus","identity":{"type":"UserAssigned","userAssignedIdentities":{"/subscriptions/00000000-0000-0000-0000-000000000000/resourcegroups/clitest.rggbohz3svmhnbgak7qrf4cvpjfzzq7x47dgqyvt23ufxu5qe343cg3gbkchq5s4qnc/providers/Microsoft.ManagedIdentity/userAssignedIdentities/testidentitytcpevcwi":{"principalId":"80e75049-cf8b-4b64-b725-d3e89dd09281","clientId":"b2ef4eb0-4e22-4b0c-b9d6-dd64ac20c1d2"}}},"tags":{},"systemData":{"createdBy":"zhuyan@microsoft.com","createdByType":"User","createdAt":"2023-02-10T09:16:14.3832771Z","lastModifiedBy":"zhuyan@microsoft.com","lastModifiedByType":"User","lastModifiedAt":"2023-02-10T09:16:55.2330554Z"}},{"id":"/subscriptions/00000000-0000-0000-0000-000000000000/resourceGroups/resourcegroupsamesub/providers/Microsoft.ContainerRegistry/registries/sourceregistrysamesubq6krouw5rweqpjxubyv","name":"sourceregistrysamesubq6krouw5rweqpjxubyv","type":"Microsoft.ContainerRegistry/registries","sku":{"name":"Standard","tier":"Standard"},"location":"westus","tags":{},"systemData":{"lastModifiedBy":"azureclilivetest@azuresdkteam.onmicrosoft.com","lastModifiedByType":"User","lastModifiedAt":"2023-02-09T15:10:23.4254031Z"}},{"id":"/subscriptions/00000000-0000-0000-0000-000000000000/resourceGroups/similar-bot/providers/Microsoft.ContainerRegistry/registries/similarbot","name":"similarbot","type":"Microsoft.ContainerRegistry/registries","sku":{"name":"Standard","tier":"Standard"},"location":"eastus","tags":{},"systemData":{"createdBy":"hanglei@microsoft.com","createdByType":"User","createdAt":"2022-12-27T10:03:56.9625259Z","lastModifiedBy":"hanglei@microsoft.com","lastModifiedByType":"User","lastModifiedAt":"2022-12-27T10:03:56.9625259Z"}}]}'
    headers:
      cache-control:
      - no-cache
      content-length:
      - '3189'
      content-type:
      - application/json; charset=utf-8
      date:
      - Fri, 10 Feb 2023 09:18:17 GMT
      expires:
      - '-1'
      pragma:
      - no-cache
      strict-transport-security:
      - max-age=31536000; includeSubDomains
      vary:
      - Accept-Encoding
      x-content-type-options:
      - nosniff
    status:
      code: 200
      message: OK
- request:
    body: null
    headers:
      Accept:
      - application/json
      Accept-Encoding:
      - gzip, deflate
      CommandName:
      - acr identity assign
      Connection:
      - keep-alive
      ParameterSetName:
      - --name --identities
      User-Agent:
      - AZURECLI/2.45.0 azsdk-python-azure-mgmt-containerregistry/10.0.0 Python/3.9.13
        (Windows-10-10.0.22621-SP0)
    method: GET
    uri: https://management.azure.com/subscriptions/00000000-0000-0000-0000-000000000000/resourceGroups/clitest.rg000001/providers/Microsoft.ContainerRegistry/registries/testreg000004?api-version=2022-02-01-preview
  response:
    body:
      string: '{"sku":{"name":"Premium","tier":"Premium"},"type":"Microsoft.ContainerRegistry/registries","id":"/subscriptions/00000000-0000-0000-0000-000000000000/resourceGroups/clitest.rg000001/providers/Microsoft.ContainerRegistry/registries/testreg000004","name":"testreg000004","location":"westus","tags":{},"systemData":{"createdBy":"zhuyan@microsoft.com","createdByType":"User","createdAt":"2023-02-10T09:17:37.944634+00:00","lastModifiedBy":"zhuyan@microsoft.com","lastModifiedByType":"User","lastModifiedAt":"2023-02-10T09:17:37.944634+00:00"},"properties":{"loginServer":"testreg000004.azurecr.io","creationDate":"2023-02-10T09:17:37.944634Z","provisioningState":"Succeeded","adminUserEnabled":false,"networkRuleSet":{"defaultAction":"Allow","ipRules":[]},"policies":{"quarantinePolicy":{"status":"disabled"},"trustPolicy":{"type":"Notary","status":"disabled"},"retentionPolicy":{"days":7,"lastUpdatedTime":"2023-02-10T09:17:50.1338976+00:00","status":"disabled"},"exportPolicy":{"status":"enabled"},"azureADAuthenticationAsArmPolicy":{"status":"enabled"},"softDeletePolicy":{"retentionDays":7,"lastUpdatedTime":"2023-02-10T09:17:50.1338976+00:00","status":"disabled"}},"encryption":{"status":"disabled"},"dataEndpointEnabled":false,"dataEndpointHostNames":[],"privateEndpointConnections":[],"publicNetworkAccess":"Enabled","networkRuleBypassOptions":"AzureServices","zoneRedundancy":"Disabled","anonymousPullEnabled":false}}'
    headers:
      api-supported-versions:
      - 2022-02-01-preview
      cache-control:
      - no-cache
      content-length:
      - '1420'
      content-type:
      - application/json; charset=utf-8
      date:
      - Fri, 10 Feb 2023 09:18:18 GMT
      expires:
      - '-1'
      pragma:
      - no-cache
      server:
      - Microsoft-HTTPAPI/2.0
      strict-transport-security:
      - max-age=31536000; includeSubDomains
      transfer-encoding:
      - chunked
      vary:
      - Accept-Encoding
      x-content-type-options:
      - nosniff
    status:
      code: 200
      message: OK
- request:
    body: '{"location": "westus", "tags": {}, "sku": {"name": "Premium"}, "identity":
      {"type": "SystemAssigned, UserAssigned", "userAssignedIdentities": {"/subscriptions/00000000-0000-0000-0000-000000000000/resourcegroups/clitest.rg000001/providers/Microsoft.ManagedIdentity/userAssignedIdentities/testidentity000002":
      {}}}, "properties": {"adminUserEnabled": false, "networkRuleSet": {"defaultAction":
      "Allow", "ipRules": []}, "policies": {"quarantinePolicy": {"status": "disabled"},
      "trustPolicy": {"type": "Notary", "status": "disabled"}, "retentionPolicy":
      {"days": 7, "status": "disabled"}, "exportPolicy": {"status": "enabled"}, "azureADAuthenticationAsArmPolicy":
      {"status": "enabled"}, "softDeletePolicy": {"retentionDays": 7, "status": "disabled"}},
      "encryption": {"status": "disabled"}, "dataEndpointEnabled": false, "publicNetworkAccess":
      "Enabled", "networkRuleBypassOptions": "AzureServices", "zoneRedundancy": "Disabled",
      "anonymousPullEnabled": false}}'
    headers:
      Accept:
      - application/json
      Accept-Encoding:
      - gzip, deflate
      CommandName:
      - acr identity assign
      Connection:
      - keep-alive
      Content-Length:
      - '956'
      Content-Type:
      - application/json
      ParameterSetName:
      - --name --identities
      User-Agent:
      - AZURECLI/2.45.0 azsdk-python-azure-mgmt-containerregistry/10.0.0 Python/3.9.13
        (Windows-10-10.0.22621-SP0)
    method: PATCH
    uri: https://management.azure.com/subscriptions/00000000-0000-0000-0000-000000000000/resourceGroups/clitest.rg000001/providers/Microsoft.ContainerRegistry/registries/testreg000004?api-version=2022-02-01-preview
  response:
    body:
      string: '{"sku":{"name":"Premium","tier":"Premium"},"type":"Microsoft.ContainerRegistry/registries","id":"/subscriptions/00000000-0000-0000-0000-000000000000/resourceGroups/clitest.rg000001/providers/Microsoft.ContainerRegistry/registries/testreg000004","name":"testreg000004","location":"westus","tags":{},"systemData":{"createdBy":"zhuyan@microsoft.com","createdByType":"User","createdAt":"2023-02-10T09:17:37.944634+00:00","lastModifiedBy":"zhuyan@microsoft.com","lastModifiedByType":"User","lastModifiedAt":"2023-02-10T09:18:21.1783736+00:00"},"properties":{"loginServer":"testreg000004.azurecr.io","creationDate":"2023-02-10T09:17:37.944634Z","provisioningState":"Updating","adminUserEnabled":false,"networkRuleSet":{"defaultAction":"Allow","ipRules":[]},"policies":{"quarantinePolicy":{"status":"disabled"},"trustPolicy":{"type":"Notary","status":"disabled"},"retentionPolicy":{"days":7,"lastUpdatedTime":"2023-02-10T09:18:22.1881447+00:00","status":"disabled"},"exportPolicy":{"status":"enabled"},"azureADAuthenticationAsArmPolicy":{"status":"enabled"},"softDeletePolicy":{"retentionDays":7,"lastUpdatedTime":"2023-02-10T09:18:22.1881447+00:00","status":"disabled"}},"encryption":{"status":"disabled"},"dataEndpointEnabled":false,"dataEndpointHostNames":[],"privateEndpointConnections":[],"publicNetworkAccess":"Enabled","networkRuleBypassOptions":"AzureServices","zoneRedundancy":"Disabled","anonymousPullEnabled":false}}'
    headers:
      api-supported-versions:
      - 2022-02-01-preview
      azure-asyncoperation:
      - https://management.azure.com/subscriptions/00000000-0000-0000-0000-000000000000/resourceGroups/clitest.rg000001/providers/Microsoft.ContainerRegistry/registries/testreg000004/operationStatuses/registries-da9af471-a923-11ed-b55b-c01803b31d95?api-version=2022-02-01-preview
      cache-control:
      - no-cache
      content-length:
      - '1420'
      content-type:
      - application/json; charset=utf-8
      date:
      - Fri, 10 Feb 2023 09:18:24 GMT
      expires:
      - '-1'
      pragma:
      - no-cache
      server:
      - Microsoft-HTTPAPI/2.0
      strict-transport-security:
      - max-age=31536000; includeSubDomains
      x-content-type-options:
      - nosniff
      x-ms-ratelimit-remaining-subscription-writes:
      - '1198'
    status:
      code: 201
      message: Created
- request:
    body: null
    headers:
      Accept:
      - '*/*'
      Accept-Encoding:
      - gzip, deflate
      CommandName:
      - acr identity assign
      Connection:
      - keep-alive
      ParameterSetName:
      - --name --identities
      User-Agent:
      - AZURECLI/2.45.0 azsdk-python-azure-mgmt-containerregistry/10.0.0 Python/3.9.13
        (Windows-10-10.0.22621-SP0)
    method: GET
    uri: https://management.azure.com/subscriptions/00000000-0000-0000-0000-000000000000/resourceGroups/clitest.rg000001/providers/Microsoft.ContainerRegistry/registries/testreg000004/operationStatuses/registries-da9af471-a923-11ed-b55b-c01803b31d95?api-version=2022-02-01-preview
  response:
    body:
      string: '{"status":"Succeeded"}'
    headers:
      api-supported-versions:
      - 2022-02-01-preview
      azure-asyncoperation:
      - https://management.azure.com/subscriptions/00000000-0000-0000-0000-000000000000/resourceGroups/clitest.rg000001/providers/Microsoft.ContainerRegistry/registries/testreg000004/operationStatuses/registries-da9af471-a923-11ed-b55b-c01803b31d95?api-version=2022-02-01-preview
      cache-control:
      - no-cache
      content-length:
      - '22'
      content-type:
      - application/json; charset=utf-8
      date:
      - Fri, 10 Feb 2023 09:18:35 GMT
      expires:
      - '-1'
      pragma:
      - no-cache
      server:
      - Microsoft-HTTPAPI/2.0
      strict-transport-security:
      - max-age=31536000; includeSubDomains
      transfer-encoding:
      - chunked
      vary:
      - Accept-Encoding
      x-content-type-options:
      - nosniff
    status:
      code: 200
      message: OK
- request:
    body: null
    headers:
      Accept:
      - '*/*'
      Accept-Encoding:
      - gzip, deflate
      CommandName:
      - acr identity assign
      Connection:
      - keep-alive
      ParameterSetName:
      - --name --identities
      User-Agent:
      - AZURECLI/2.45.0 azsdk-python-azure-mgmt-containerregistry/10.0.0 Python/3.9.13
        (Windows-10-10.0.22621-SP0)
    method: GET
    uri: https://management.azure.com/subscriptions/00000000-0000-0000-0000-000000000000/resourceGroups/clitest.rg000001/providers/Microsoft.ContainerRegistry/registries/testreg000004?api-version=2022-02-01-preview
  response:
    body:
      string: '{"sku":{"name":"Premium","tier":"Premium"},"type":"Microsoft.ContainerRegistry/registries","identity":{"principalId":"67b90457-5612-4298-a106-a9a1351969c8","tenantId":"54826b22-38d6-4fb2-bad9-b7b93a3e9c5a","type":"systemAssigned,
        userAssigned","userAssignedIdentities":{"/subscriptions/00000000-0000-0000-0000-000000000000/resourcegroups/clitest.rg000001/providers/Microsoft.ManagedIdentity/userAssignedIdentities/testidentity000002":{"principalId":"2dcff6ee-4753-4bfa-a4f5-e8bf0002a72b","clientId":"f990b675-18f1-4c67-b5a3-6bfca223e51c"}}},"id":"/subscriptions/00000000-0000-0000-0000-000000000000/resourceGroups/clitest.rg000001/providers/Microsoft.ContainerRegistry/registries/testreg000004","name":"testreg000004","location":"westus","tags":{},"systemData":{"createdBy":"zhuyan@microsoft.com","createdByType":"User","createdAt":"2023-02-10T09:17:37.944634+00:00","lastModifiedBy":"zhuyan@microsoft.com","lastModifiedByType":"User","lastModifiedAt":"2023-02-10T09:18:21.1783736+00:00"},"properties":{"loginServer":"testreg000004.azurecr.io","creationDate":"2023-02-10T09:17:37.944634Z","provisioningState":"Succeeded","adminUserEnabled":false,"networkRuleSet":{"defaultAction":"Allow","ipRules":[]},"policies":{"quarantinePolicy":{"status":"disabled"},"trustPolicy":{"type":"Notary","status":"disabled"},"retentionPolicy":{"days":7,"lastUpdatedTime":"2023-02-10T09:18:22.1881447+00:00","status":"disabled"},"exportPolicy":{"status":"enabled"},"azureADAuthenticationAsArmPolicy":{"status":"enabled"},"softDeletePolicy":{"retentionDays":7,"lastUpdatedTime":"2023-02-10T09:18:22.1881447+00:00","status":"disabled"}},"encryption":{"status":"disabled"},"dataEndpointEnabled":false,"dataEndpointHostNames":[],"privateEndpointConnections":[],"publicNetworkAccess":"Enabled","networkRuleBypassOptions":"AzureServices","zoneRedundancy":"Disabled","anonymousPullEnabled":false}}'
    headers:
      api-supported-versions:
      - 2022-02-01-preview
      cache-control:
      - no-cache
      content-length:
      - '1871'
      content-type:
      - application/json; charset=utf-8
      date:
      - Fri, 10 Feb 2023 09:18:35 GMT
      expires:
      - '-1'
      pragma:
      - no-cache
      server:
      - Microsoft-HTTPAPI/2.0
      strict-transport-security:
      - max-age=31536000; includeSubDomains
      transfer-encoding:
      - chunked
      vary:
      - Accept-Encoding
      x-content-type-options:
      - nosniff
    status:
      code: 200
      message: OK
- request:
    body: null
    headers:
      Accept:
      - application/json
      Accept-Encoding:
      - gzip, deflate
      CommandName:
      - acr identity show
      Connection:
      - keep-alive
      ParameterSetName:
      - --name
      User-Agent:
      - AZURECLI/2.45.0 azsdk-python-azure-mgmt-resource/21.1.0b1 Python/3.9.13 (Windows-10-10.0.22621-SP0)
    method: GET
    uri: https://management.azure.com/subscriptions/00000000-0000-0000-0000-000000000000/resources?$filter=resourceType%20eq%20%27Microsoft.ContainerRegistry%2Fregistries%27&api-version=2021-04-01
  response:
    body:
      string: '{"value":[{"id":"/subscriptions/00000000-0000-0000-0000-000000000000/resourceGroups/clitest.rg000001/providers/Microsoft.ContainerRegistry/registries/testreg000004","name":"testreg000004","type":"Microsoft.ContainerRegistry/registries","sku":{"name":"Premium","tier":"Premium"},"location":"westus","tags":{},"systemData":{"createdBy":"zhuyan@microsoft.com","createdByType":"User","createdAt":"2023-02-10T09:17:37.944634Z","lastModifiedBy":"zhuyan@microsoft.com","lastModifiedByType":"User","lastModifiedAt":"2023-02-10T09:18:21.1783736Z"}},{"id":"/subscriptions/00000000-0000-0000-0000-000000000000/resourceGroups/clitest.rgdmp6b4zdlgf2zghnf33wrzqy5hlxebaoge4vthqahtej7epha57dcadupk7gdbmc2/providers/Microsoft.ContainerRegistry/registries/clireg7vx33prql5yce3","name":"clireg7vx33prql5yce3","type":"Microsoft.ContainerRegistry/registries","sku":{"name":"Premium","tier":"Premium"},"location":"eastus","tags":{},"systemData":{"createdBy":"v-taoxuzeng@microsoft.com","createdByType":"User","createdAt":"2022-05-25T15:35:36.5820972Z","lastModifiedBy":"v-taoxuzeng@microsoft.com","lastModifiedByType":"User","lastModifiedAt":"2022-05-25T15:35:36.5820972Z"}},{"id":"/subscriptions/00000000-0000-0000-0000-000000000000/resourceGroups/clitest.rggbohz3svmhnbgak7qrf4cvpjfzzq7x47dgqyvt23ufxu5qe343cg3gbkchq5s4qnc/providers/Microsoft.ContainerRegistry/registries/testregmcp5zfoahj45w","name":"testregmcp5zfoahj45w","type":"Microsoft.ContainerRegistry/registries","sku":{"name":"Premium","tier":"Premium"},"location":"westus","identity":{"type":"UserAssigned","userAssignedIdentities":{"/subscriptions/00000000-0000-0000-0000-000000000000/resourcegroups/clitest.rggbohz3svmhnbgak7qrf4cvpjfzzq7x47dgqyvt23ufxu5qe343cg3gbkchq5s4qnc/providers/Microsoft.ManagedIdentity/userAssignedIdentities/testidentitytcpevcwi":{"principalId":"80e75049-cf8b-4b64-b725-d3e89dd09281","clientId":"b2ef4eb0-4e22-4b0c-b9d6-dd64ac20c1d2"}}},"tags":{},"systemData":{"createdBy":"zhuyan@microsoft.com","createdByType":"User","createdAt":"2023-02-10T09:16:14.3832771Z","lastModifiedBy":"zhuyan@microsoft.com","lastModifiedByType":"User","lastModifiedAt":"2023-02-10T09:16:55.2330554Z"}},{"id":"/subscriptions/00000000-0000-0000-0000-000000000000/resourceGroups/resourcegroupsamesub/providers/Microsoft.ContainerRegistry/registries/sourceregistrysamesubq6krouw5rweqpjxubyv","name":"sourceregistrysamesubq6krouw5rweqpjxubyv","type":"Microsoft.ContainerRegistry/registries","sku":{"name":"Standard","tier":"Standard"},"location":"westus","tags":{},"systemData":{"lastModifiedBy":"azureclilivetest@azuresdkteam.onmicrosoft.com","lastModifiedByType":"User","lastModifiedAt":"2023-02-09T15:10:23.4254031Z"}},{"id":"/subscriptions/00000000-0000-0000-0000-000000000000/resourceGroups/similar-bot/providers/Microsoft.ContainerRegistry/registries/similarbot","name":"similarbot","type":"Microsoft.ContainerRegistry/registries","sku":{"name":"Standard","tier":"Standard"},"location":"eastus","tags":{},"systemData":{"createdBy":"hanglei@microsoft.com","createdByType":"User","createdAt":"2022-12-27T10:03:56.9625259Z","lastModifiedBy":"hanglei@microsoft.com","lastModifiedByType":"User","lastModifiedAt":"2022-12-27T10:03:56.9625259Z"}}]}'
    headers:
      cache-control:
      - no-cache
      content-length:
      - '3190'
      content-type:
      - application/json; charset=utf-8
      date:
      - Fri, 10 Feb 2023 09:18:36 GMT
      expires:
      - '-1'
      pragma:
      - no-cache
      strict-transport-security:
      - max-age=31536000; includeSubDomains
      vary:
      - Accept-Encoding
      x-content-type-options:
      - nosniff
    status:
      code: 200
      message: OK
- request:
    body: null
    headers:
      Accept:
      - application/json
      Accept-Encoding:
      - gzip, deflate
      CommandName:
      - acr identity show
      Connection:
      - keep-alive
      ParameterSetName:
      - --name
      User-Agent:
      - AZURECLI/2.45.0 azsdk-python-azure-mgmt-containerregistry/10.0.0 Python/3.9.13
        (Windows-10-10.0.22621-SP0)
    method: GET
    uri: https://management.azure.com/subscriptions/00000000-0000-0000-0000-000000000000/resourceGroups/clitest.rg000001/providers/Microsoft.ContainerRegistry/registries/testreg000004?api-version=2022-02-01-preview
  response:
    body:
      string: '{"sku":{"name":"Premium","tier":"Premium"},"type":"Microsoft.ContainerRegistry/registries","identity":{"principalId":"67b90457-5612-4298-a106-a9a1351969c8","tenantId":"54826b22-38d6-4fb2-bad9-b7b93a3e9c5a","type":"systemAssigned,
        userAssigned","userAssignedIdentities":{"/subscriptions/00000000-0000-0000-0000-000000000000/resourcegroups/clitest.rg000001/providers/Microsoft.ManagedIdentity/userAssignedIdentities/testidentity000002":{"principalId":"2dcff6ee-4753-4bfa-a4f5-e8bf0002a72b","clientId":"f990b675-18f1-4c67-b5a3-6bfca223e51c"}}},"id":"/subscriptions/00000000-0000-0000-0000-000000000000/resourceGroups/clitest.rg000001/providers/Microsoft.ContainerRegistry/registries/testreg000004","name":"testreg000004","location":"westus","tags":{},"systemData":{"createdBy":"zhuyan@microsoft.com","createdByType":"User","createdAt":"2023-02-10T09:17:37.944634+00:00","lastModifiedBy":"zhuyan@microsoft.com","lastModifiedByType":"User","lastModifiedAt":"2023-02-10T09:18:21.1783736+00:00"},"properties":{"loginServer":"testreg000004.azurecr.io","creationDate":"2023-02-10T09:17:37.944634Z","provisioningState":"Succeeded","adminUserEnabled":false,"networkRuleSet":{"defaultAction":"Allow","ipRules":[]},"policies":{"quarantinePolicy":{"status":"disabled"},"trustPolicy":{"type":"Notary","status":"disabled"},"retentionPolicy":{"days":7,"lastUpdatedTime":"2023-02-10T09:18:22.1881447+00:00","status":"disabled"},"exportPolicy":{"status":"enabled"},"azureADAuthenticationAsArmPolicy":{"status":"enabled"},"softDeletePolicy":{"retentionDays":7,"lastUpdatedTime":"2023-02-10T09:18:22.1881447+00:00","status":"disabled"}},"encryption":{"status":"disabled"},"dataEndpointEnabled":false,"dataEndpointHostNames":[],"privateEndpointConnections":[],"publicNetworkAccess":"Enabled","networkRuleBypassOptions":"AzureServices","zoneRedundancy":"Disabled","anonymousPullEnabled":false}}'
    headers:
      api-supported-versions:
      - 2022-02-01-preview
      cache-control:
      - no-cache
      content-length:
      - '1871'
      content-type:
      - application/json; charset=utf-8
      date:
      - Fri, 10 Feb 2023 09:18:37 GMT
      expires:
      - '-1'
      pragma:
      - no-cache
      server:
      - Microsoft-HTTPAPI/2.0
      strict-transport-security:
      - max-age=31536000; includeSubDomains
      transfer-encoding:
      - chunked
      vary:
      - Accept-Encoding
      x-content-type-options:
      - nosniff
    status:
      code: 200
      message: OK
- request:
    body: null
    headers:
      Accept:
      - application/json
      Accept-Encoding:
      - gzip, deflate
      CommandName:
      - acr identity remove
      Connection:
      - keep-alive
      ParameterSetName:
      - --name --identities
      User-Agent:
      - AZURECLI/2.45.0 azsdk-python-azure-mgmt-resource/21.1.0b1 Python/3.9.13 (Windows-10-10.0.22621-SP0)
    method: GET
    uri: https://management.azure.com/subscriptions/00000000-0000-0000-0000-000000000000/resources?$filter=resourceType%20eq%20%27Microsoft.ContainerRegistry%2Fregistries%27&api-version=2021-04-01
  response:
    body:
      string: '{"value":[{"id":"/subscriptions/00000000-0000-0000-0000-000000000000/resourceGroups/clitest.rg000001/providers/Microsoft.ContainerRegistry/registries/testreg000004","name":"testreg000004","type":"Microsoft.ContainerRegistry/registries","sku":{"name":"Premium","tier":"Premium"},"location":"westus","identity":{"principalId":"67b90457-5612-4298-a106-a9a1351969c8","tenantId":"54826b22-38d6-4fb2-bad9-b7b93a3e9c5a","type":"SystemAssigned,
        UserAssigned","userAssignedIdentities":{"/subscriptions/00000000-0000-0000-0000-000000000000/resourcegroups/clitest.rg000001/providers/Microsoft.ManagedIdentity/userAssignedIdentities/testidentity000002":{"principalId":"2dcff6ee-4753-4bfa-a4f5-e8bf0002a72b","clientId":"f990b675-18f1-4c67-b5a3-6bfca223e51c"}}},"tags":{},"systemData":{"createdBy":"zhuyan@microsoft.com","createdByType":"User","createdAt":"2023-02-10T09:17:37.944634Z","lastModifiedBy":"zhuyan@microsoft.com","lastModifiedByType":"User","lastModifiedAt":"2023-02-10T09:18:21.1783736Z"}},{"id":"/subscriptions/00000000-0000-0000-0000-000000000000/resourceGroups/clitest.rgdmp6b4zdlgf2zghnf33wrzqy5hlxebaoge4vthqahtej7epha57dcadupk7gdbmc2/providers/Microsoft.ContainerRegistry/registries/clireg7vx33prql5yce3","name":"clireg7vx33prql5yce3","type":"Microsoft.ContainerRegistry/registries","sku":{"name":"Premium","tier":"Premium"},"location":"eastus","tags":{},"systemData":{"createdBy":"v-taoxuzeng@microsoft.com","createdByType":"User","createdAt":"2022-05-25T15:35:36.5820972Z","lastModifiedBy":"v-taoxuzeng@microsoft.com","lastModifiedByType":"User","lastModifiedAt":"2022-05-25T15:35:36.5820972Z"}},{"id":"/subscriptions/00000000-0000-0000-0000-000000000000/resourceGroups/clitest.rggbohz3svmhnbgak7qrf4cvpjfzzq7x47dgqyvt23ufxu5qe343cg3gbkchq5s4qnc/providers/Microsoft.ContainerRegistry/registries/testregmcp5zfoahj45w","name":"testregmcp5zfoahj45w","type":"Microsoft.ContainerRegistry/registries","sku":{"name":"Premium","tier":"Premium"},"location":"westus","identity":{"type":"UserAssigned","userAssignedIdentities":{"/subscriptions/00000000-0000-0000-0000-000000000000/resourcegroups/clitest.rggbohz3svmhnbgak7qrf4cvpjfzzq7x47dgqyvt23ufxu5qe343cg3gbkchq5s4qnc/providers/Microsoft.ManagedIdentity/userAssignedIdentities/testidentitytcpevcwi":{"principalId":"80e75049-cf8b-4b64-b725-d3e89dd09281","clientId":"b2ef4eb0-4e22-4b0c-b9d6-dd64ac20c1d2"}}},"tags":{},"systemData":{"createdBy":"zhuyan@microsoft.com","createdByType":"User","createdAt":"2023-02-10T09:16:14.3832771Z","lastModifiedBy":"zhuyan@microsoft.com","lastModifiedByType":"User","lastModifiedAt":"2023-02-10T09:16:55.2330554Z"}},{"id":"/subscriptions/00000000-0000-0000-0000-000000000000/resourceGroups/resourcegroupsamesub/providers/Microsoft.ContainerRegistry/registries/sourceregistrysamesubq6krouw5rweqpjxubyv","name":"sourceregistrysamesubq6krouw5rweqpjxubyv","type":"Microsoft.ContainerRegistry/registries","sku":{"name":"Standard","tier":"Standard"},"location":"westus","tags":{},"systemData":{"lastModifiedBy":"azureclilivetest@azuresdkteam.onmicrosoft.com","lastModifiedByType":"User","lastModifiedAt":"2023-02-09T15:10:23.4254031Z"}},{"id":"/subscriptions/00000000-0000-0000-0000-000000000000/resourceGroups/similar-bot/providers/Microsoft.ContainerRegistry/registries/similarbot","name":"similarbot","type":"Microsoft.ContainerRegistry/registries","sku":{"name":"Standard","tier":"Standard"},"location":"eastus","tags":{},"systemData":{"createdBy":"hanglei@microsoft.com","createdByType":"User","createdAt":"2022-12-27T10:03:56.9625259Z","lastModifiedBy":"hanglei@microsoft.com","lastModifiedByType":"User","lastModifiedAt":"2022-12-27T10:03:56.9625259Z"}}]}'
    headers:
      cache-control:
      - no-cache
      content-length:
      - '3640'
      content-type:
      - application/json; charset=utf-8
      date:
      - Fri, 10 Feb 2023 09:18:48 GMT
      expires:
      - '-1'
      pragma:
      - no-cache
      strict-transport-security:
      - max-age=31536000; includeSubDomains
      vary:
      - Accept-Encoding
      x-content-type-options:
      - nosniff
    status:
      code: 200
      message: OK
- request:
    body: null
    headers:
      Accept:
      - application/json
      Accept-Encoding:
      - gzip, deflate
      CommandName:
      - acr identity remove
      Connection:
      - keep-alive
      ParameterSetName:
      - --name --identities
      User-Agent:
      - AZURECLI/2.45.0 azsdk-python-azure-mgmt-containerregistry/10.0.0 Python/3.9.13
        (Windows-10-10.0.22621-SP0)
    method: GET
    uri: https://management.azure.com/subscriptions/00000000-0000-0000-0000-000000000000/resourceGroups/clitest.rg000001/providers/Microsoft.ContainerRegistry/registries/testreg000004?api-version=2022-02-01-preview
  response:
    body:
      string: '{"sku":{"name":"Premium","tier":"Premium"},"type":"Microsoft.ContainerRegistry/registries","identity":{"principalId":"67b90457-5612-4298-a106-a9a1351969c8","tenantId":"54826b22-38d6-4fb2-bad9-b7b93a3e9c5a","type":"systemAssigned,
        userAssigned","userAssignedIdentities":{"/subscriptions/00000000-0000-0000-0000-000000000000/resourcegroups/clitest.rg000001/providers/Microsoft.ManagedIdentity/userAssignedIdentities/testidentity000002":{"principalId":"2dcff6ee-4753-4bfa-a4f5-e8bf0002a72b","clientId":"f990b675-18f1-4c67-b5a3-6bfca223e51c"}}},"id":"/subscriptions/00000000-0000-0000-0000-000000000000/resourceGroups/clitest.rg000001/providers/Microsoft.ContainerRegistry/registries/testreg000004","name":"testreg000004","location":"westus","tags":{},"systemData":{"createdBy":"zhuyan@microsoft.com","createdByType":"User","createdAt":"2023-02-10T09:17:37.944634+00:00","lastModifiedBy":"zhuyan@microsoft.com","lastModifiedByType":"User","lastModifiedAt":"2023-02-10T09:18:21.1783736+00:00"},"properties":{"loginServer":"testreg000004.azurecr.io","creationDate":"2023-02-10T09:17:37.944634Z","provisioningState":"Succeeded","adminUserEnabled":false,"networkRuleSet":{"defaultAction":"Allow","ipRules":[]},"policies":{"quarantinePolicy":{"status":"disabled"},"trustPolicy":{"type":"Notary","status":"disabled"},"retentionPolicy":{"days":7,"lastUpdatedTime":"2023-02-10T09:18:22.1881447+00:00","status":"disabled"},"exportPolicy":{"status":"enabled"},"azureADAuthenticationAsArmPolicy":{"status":"enabled"},"softDeletePolicy":{"retentionDays":7,"lastUpdatedTime":"2023-02-10T09:18:22.1881447+00:00","status":"disabled"}},"encryption":{"status":"disabled"},"dataEndpointEnabled":false,"dataEndpointHostNames":[],"privateEndpointConnections":[],"publicNetworkAccess":"Enabled","networkRuleBypassOptions":"AzureServices","zoneRedundancy":"Disabled","anonymousPullEnabled":false}}'
    headers:
      api-supported-versions:
      - 2022-02-01-preview
      cache-control:
      - no-cache
      content-length:
      - '1871'
      content-type:
      - application/json; charset=utf-8
      date:
      - Fri, 10 Feb 2023 09:18:50 GMT
      expires:
      - '-1'
      pragma:
      - no-cache
      server:
      - Microsoft-HTTPAPI/2.0
      strict-transport-security:
      - max-age=31536000; includeSubDomains
      transfer-encoding:
      - chunked
      vary:
      - Accept-Encoding
      x-content-type-options:
      - nosniff
    status:
      code: 200
      message: OK
- request:
    body: '{"location": "westus", "tags": {}, "sku": {"name": "Premium"}, "identity":
      {"type": "None"}, "properties": {"adminUserEnabled": false, "networkRuleSet":
      {"defaultAction": "Allow", "ipRules": []}, "policies": {"quarantinePolicy":
      {"status": "disabled"}, "trustPolicy": {"type": "Notary", "status": "disabled"},
      "retentionPolicy": {"days": 7, "status": "disabled"}, "exportPolicy": {"status":
      "enabled"}, "azureADAuthenticationAsArmPolicy": {"status": "enabled"}, "softDeletePolicy":
      {"retentionDays": 7, "status": "disabled"}}, "encryption": {"status": "disabled"},
      "dataEndpointEnabled": false, "publicNetworkAccess": "Enabled", "networkRuleBypassOptions":
      "AzureServices", "zoneRedundancy": "Disabled", "anonymousPullEnabled": false}}'
    headers:
      Accept:
      - application/json
      Accept-Encoding:
      - gzip, deflate
      CommandName:
      - acr identity remove
      Connection:
      - keep-alive
      Content-Length:
      - '735'
      Content-Type:
      - application/json
      ParameterSetName:
      - --name --identities
      User-Agent:
      - AZURECLI/2.45.0 azsdk-python-azure-mgmt-containerregistry/10.0.0 Python/3.9.13
        (Windows-10-10.0.22621-SP0)
    method: PUT
    uri: https://management.azure.com/subscriptions/00000000-0000-0000-0000-000000000000/resourceGroups/clitest.rg000001/providers/Microsoft.ContainerRegistry/registries/testreg000004?api-version=2022-02-01-preview
  response:
    body:
      string: '{"sku":{"name":"Premium","tier":"Premium"},"type":"Microsoft.ContainerRegistry/registries","identity":{"principalId":"67b90457-5612-4298-a106-a9a1351969c8","tenantId":"54826b22-38d6-4fb2-bad9-b7b93a3e9c5a","type":"systemAssigned,
        userAssigned","userAssignedIdentities":{"/subscriptions/00000000-0000-0000-0000-000000000000/resourcegroups/clitest.rg000001/providers/Microsoft.ManagedIdentity/userAssignedIdentities/testidentity000002":{"principalId":"2dcff6ee-4753-4bfa-a4f5-e8bf0002a72b","clientId":"f990b675-18f1-4c67-b5a3-6bfca223e51c"}}},"id":"/subscriptions/00000000-0000-0000-0000-000000000000/resourceGroups/clitest.rg000001/providers/Microsoft.ContainerRegistry/registries/testreg000004","name":"testreg000004","location":"westus","tags":{},"systemData":{"createdBy":"zhuyan@microsoft.com","createdByType":"User","createdAt":"2023-02-10T09:17:37.944634+00:00","lastModifiedBy":"zhuyan@microsoft.com","lastModifiedByType":"User","lastModifiedAt":"2023-02-10T09:18:51.5243864+00:00"},"properties":{"loginServer":"testreg000004.azurecr.io","creationDate":"2023-02-10T09:17:37.944634Z","provisioningState":"Updating","adminUserEnabled":false,"networkRuleSet":{"defaultAction":"Allow","ipRules":[]},"policies":{"quarantinePolicy":{"status":"disabled"},"trustPolicy":{"type":"Notary","status":"disabled"},"retentionPolicy":{"days":7,"lastUpdatedTime":"2023-02-10T09:18:53.0218354+00:00","status":"disabled"},"exportPolicy":{"status":"enabled"},"azureADAuthenticationAsArmPolicy":{"status":"enabled"},"softDeletePolicy":{"retentionDays":7,"lastUpdatedTime":"2023-02-10T09:18:53.0218354+00:00","status":"disabled"}},"encryption":{"status":"disabled"},"dataEndpointEnabled":false,"dataEndpointHostNames":[],"privateEndpointConnections":[],"publicNetworkAccess":"Enabled","networkRuleBypassOptions":"AzureServices","zoneRedundancy":"Disabled","anonymousPullEnabled":false}}'
    headers:
      api-supported-versions:
      - 2022-02-01-preview
      azure-asyncoperation:
      - https://management.azure.com/subscriptions/00000000-0000-0000-0000-000000000000/resourceGroups/clitest.rg000001/providers/Microsoft.ContainerRegistry/registries/testreg000004/operationStatuses/registries-ed17285d-a923-11ed-8bd6-c01803b31d95?api-version=2022-02-01-preview
      cache-control:
      - no-cache
      content-length:
      - '1870'
      content-type:
      - application/json; charset=utf-8
      date:
      - Fri, 10 Feb 2023 09:18:53 GMT
      expires:
      - '-1'
      pragma:
      - no-cache
      server:
      - Microsoft-HTTPAPI/2.0
      strict-transport-security:
      - max-age=31536000; includeSubDomains
      x-content-type-options:
      - nosniff
      x-ms-ratelimit-remaining-subscription-writes:
      - '1193'
    status:
      code: 201
      message: Created
- request:
    body: null
    headers:
      Accept:
      - '*/*'
      Accept-Encoding:
      - gzip, deflate
      CommandName:
      - acr identity remove
      Connection:
      - keep-alive
      ParameterSetName:
      - --name --identities
      User-Agent:
      - AZURECLI/2.45.0 azsdk-python-azure-mgmt-containerregistry/10.0.0 Python/3.9.13
        (Windows-10-10.0.22621-SP0)
    method: GET
    uri: https://management.azure.com/subscriptions/00000000-0000-0000-0000-000000000000/resourceGroups/clitest.rg000001/providers/Microsoft.ContainerRegistry/registries/testreg000004/operationStatuses/registries-ed17285d-a923-11ed-8bd6-c01803b31d95?api-version=2022-02-01-preview
  response:
    body:
      string: '{"status":"Succeeded"}'
    headers:
      api-supported-versions:
      - 2022-02-01-preview
      azure-asyncoperation:
      - https://management.azure.com/subscriptions/00000000-0000-0000-0000-000000000000/resourceGroups/clitest.rg000001/providers/Microsoft.ContainerRegistry/registries/testreg000004/operationStatuses/registries-ed17285d-a923-11ed-8bd6-c01803b31d95?api-version=2022-02-01-preview
      cache-control:
      - no-cache
      content-length:
      - '22'
      content-type:
      - application/json; charset=utf-8
      date:
      - Fri, 10 Feb 2023 09:19:05 GMT
      expires:
      - '-1'
      pragma:
      - no-cache
      server:
      - Microsoft-HTTPAPI/2.0
      strict-transport-security:
      - max-age=31536000; includeSubDomains
      transfer-encoding:
      - chunked
      vary:
      - Accept-Encoding
      x-content-type-options:
      - nosniff
    status:
      code: 200
      message: OK
- request:
    body: null
    headers:
      Accept:
      - '*/*'
      Accept-Encoding:
      - gzip, deflate
      CommandName:
      - acr identity remove
      Connection:
      - keep-alive
      ParameterSetName:
      - --name --identities
      User-Agent:
      - AZURECLI/2.45.0 azsdk-python-azure-mgmt-containerregistry/10.0.0 Python/3.9.13
        (Windows-10-10.0.22621-SP0)
    method: GET
    uri: https://management.azure.com/subscriptions/00000000-0000-0000-0000-000000000000/resourceGroups/clitest.rg000001/providers/Microsoft.ContainerRegistry/registries/testreg000004?api-version=2022-02-01-preview
  response:
    body:
      string: '{"sku":{"name":"Premium","tier":"Premium"},"type":"Microsoft.ContainerRegistry/registries","id":"/subscriptions/00000000-0000-0000-0000-000000000000/resourceGroups/clitest.rg000001/providers/Microsoft.ContainerRegistry/registries/testreg000004","name":"testreg000004","location":"westus","tags":{},"systemData":{"createdBy":"zhuyan@microsoft.com","createdByType":"User","createdAt":"2023-02-10T09:17:37.944634+00:00","lastModifiedBy":"zhuyan@microsoft.com","lastModifiedByType":"User","lastModifiedAt":"2023-02-10T09:18:51.5243864+00:00"},"properties":{"loginServer":"testreg000004.azurecr.io","creationDate":"2023-02-10T09:17:37.944634Z","provisioningState":"Succeeded","adminUserEnabled":false,"networkRuleSet":{"defaultAction":"Allow","ipRules":[]},"policies":{"quarantinePolicy":{"status":"disabled"},"trustPolicy":{"type":"Notary","status":"disabled"},"retentionPolicy":{"days":7,"lastUpdatedTime":"2023-02-10T09:18:53.0218354+00:00","status":"disabled"},"exportPolicy":{"status":"enabled"},"azureADAuthenticationAsArmPolicy":{"status":"enabled"},"softDeletePolicy":{"retentionDays":7,"lastUpdatedTime":"2023-02-10T09:18:53.0218354+00:00","status":"disabled"}},"encryption":{"status":"disabled"},"dataEndpointEnabled":false,"dataEndpointHostNames":[],"privateEndpointConnections":[],"publicNetworkAccess":"Enabled","networkRuleBypassOptions":"AzureServices","zoneRedundancy":"Disabled","anonymousPullEnabled":false}}'
    headers:
      api-supported-versions:
      - 2022-02-01-preview
      cache-control:
      - no-cache
      content-length:
      - '1421'
      content-type:
      - application/json; charset=utf-8
      date:
      - Fri, 10 Feb 2023 09:19:05 GMT
      expires:
      - '-1'
      pragma:
      - no-cache
      server:
      - Microsoft-HTTPAPI/2.0
      strict-transport-security:
      - max-age=31536000; includeSubDomains
      transfer-encoding:
      - chunked
      vary:
      - Accept-Encoding
      x-content-type-options:
      - nosniff
    status:
      code: 200
      message: OK
- request:
    body: null
    headers:
      Accept:
      - application/json
      Accept-Encoding:
      - gzip, deflate
      CommandName:
      - acr identity assign
      Connection:
      - keep-alive
      ParameterSetName:
      - --name --identities
      User-Agent:
      - AZURECLI/2.45.0 azsdk-python-azure-mgmt-resource/21.1.0b1 Python/3.9.13 (Windows-10-10.0.22621-SP0)
    method: GET
    uri: https://management.azure.com/subscriptions/00000000-0000-0000-0000-000000000000/resources?$filter=resourceType%20eq%20%27Microsoft.ContainerRegistry%2Fregistries%27&api-version=2021-04-01
  response:
    body:
      string: '{"value":[{"id":"/subscriptions/00000000-0000-0000-0000-000000000000/resourceGroups/clitest.rg000001/providers/Microsoft.ContainerRegistry/registries/testreg000004","name":"testreg000004","type":"Microsoft.ContainerRegistry/registries","sku":{"name":"Premium","tier":"Premium"},"location":"westus","identity":{"principalId":"67b90457-5612-4298-a106-a9a1351969c8","tenantId":"54826b22-38d6-4fb2-bad9-b7b93a3e9c5a","type":"SystemAssigned,
        UserAssigned","userAssignedIdentities":{"/subscriptions/00000000-0000-0000-0000-000000000000/resourcegroups/clitest.rg000001/providers/Microsoft.ManagedIdentity/userAssignedIdentities/testidentity000002":{"principalId":"2dcff6ee-4753-4bfa-a4f5-e8bf0002a72b","clientId":"f990b675-18f1-4c67-b5a3-6bfca223e51c"}}},"tags":{},"systemData":{"createdBy":"zhuyan@microsoft.com","createdByType":"User","createdAt":"2023-02-10T09:17:37.944634Z","lastModifiedBy":"zhuyan@microsoft.com","lastModifiedByType":"User","lastModifiedAt":"2023-02-10T09:18:51.5243864Z"}},{"id":"/subscriptions/00000000-0000-0000-0000-000000000000/resourceGroups/clitest.rgdmp6b4zdlgf2zghnf33wrzqy5hlxebaoge4vthqahtej7epha57dcadupk7gdbmc2/providers/Microsoft.ContainerRegistry/registries/clireg7vx33prql5yce3","name":"clireg7vx33prql5yce3","type":"Microsoft.ContainerRegistry/registries","sku":{"name":"Premium","tier":"Premium"},"location":"eastus","tags":{},"systemData":{"createdBy":"v-taoxuzeng@microsoft.com","createdByType":"User","createdAt":"2022-05-25T15:35:36.5820972Z","lastModifiedBy":"v-taoxuzeng@microsoft.com","lastModifiedByType":"User","lastModifiedAt":"2022-05-25T15:35:36.5820972Z"}},{"id":"/subscriptions/00000000-0000-0000-0000-000000000000/resourceGroups/clitest.rggbohz3svmhnbgak7qrf4cvpjfzzq7x47dgqyvt23ufxu5qe343cg3gbkchq5s4qnc/providers/Microsoft.ContainerRegistry/registries/testregmcp5zfoahj45w","name":"testregmcp5zfoahj45w","type":"Microsoft.ContainerRegistry/registries","sku":{"name":"Premium","tier":"Premium"},"location":"westus","identity":{"type":"UserAssigned","userAssignedIdentities":{"/subscriptions/00000000-0000-0000-0000-000000000000/resourcegroups/clitest.rggbohz3svmhnbgak7qrf4cvpjfzzq7x47dgqyvt23ufxu5qe343cg3gbkchq5s4qnc/providers/Microsoft.ManagedIdentity/userAssignedIdentities/testidentitytcpevcwi":{"principalId":"80e75049-cf8b-4b64-b725-d3e89dd09281","clientId":"b2ef4eb0-4e22-4b0c-b9d6-dd64ac20c1d2"}}},"tags":{},"systemData":{"createdBy":"zhuyan@microsoft.com","createdByType":"User","createdAt":"2023-02-10T09:16:14.3832771Z","lastModifiedBy":"zhuyan@microsoft.com","lastModifiedByType":"User","lastModifiedAt":"2023-02-10T09:16:55.2330554Z"}},{"id":"/subscriptions/00000000-0000-0000-0000-000000000000/resourceGroups/resourcegroupsamesub/providers/Microsoft.ContainerRegistry/registries/sourceregistrysamesubq6krouw5rweqpjxubyv","name":"sourceregistrysamesubq6krouw5rweqpjxubyv","type":"Microsoft.ContainerRegistry/registries","sku":{"name":"Standard","tier":"Standard"},"location":"westus","tags":{},"systemData":{"lastModifiedBy":"azureclilivetest@azuresdkteam.onmicrosoft.com","lastModifiedByType":"User","lastModifiedAt":"2023-02-09T15:10:23.4254031Z"}},{"id":"/subscriptions/00000000-0000-0000-0000-000000000000/resourceGroups/similar-bot/providers/Microsoft.ContainerRegistry/registries/similarbot","name":"similarbot","type":"Microsoft.ContainerRegistry/registries","sku":{"name":"Standard","tier":"Standard"},"location":"eastus","tags":{},"systemData":{"createdBy":"hanglei@microsoft.com","createdByType":"User","createdAt":"2022-12-27T10:03:56.9625259Z","lastModifiedBy":"hanglei@microsoft.com","lastModifiedByType":"User","lastModifiedAt":"2022-12-27T10:03:56.9625259Z"}}]}'
    headers:
      cache-control:
      - no-cache
      connection:
      - close
      content-length:
      - '3640'
      content-type:
      - application/json; charset=utf-8
      date:
      - Fri, 10 Feb 2023 09:19:06 GMT
      expires:
      - '-1'
      pragma:
      - no-cache
      strict-transport-security:
      - max-age=31536000; includeSubDomains
      vary:
      - Accept-Encoding
      x-content-type-options:
      - nosniff
    status:
      code: 200
      message: OK
- request:
    body: null
    headers:
      Accept:
      - application/json
      Accept-Encoding:
      - gzip, deflate
      CommandName:
      - acr identity assign
      Connection:
      - keep-alive
      ParameterSetName:
      - --name --identities
      User-Agent:
      - AZURECLI/2.45.0 azsdk-python-azure-mgmt-containerregistry/10.0.0 Python/3.9.13
        (Windows-10-10.0.22621-SP0)
    method: GET
    uri: https://management.azure.com/subscriptions/00000000-0000-0000-0000-000000000000/resourceGroups/clitest.rg000001/providers/Microsoft.ContainerRegistry/registries/testreg000004?api-version=2022-02-01-preview
  response:
    body:
      string: '{"sku":{"name":"Premium","tier":"Premium"},"type":"Microsoft.ContainerRegistry/registries","id":"/subscriptions/00000000-0000-0000-0000-000000000000/resourceGroups/clitest.rg000001/providers/Microsoft.ContainerRegistry/registries/testreg000004","name":"testreg000004","location":"westus","tags":{},"systemData":{"createdBy":"zhuyan@microsoft.com","createdByType":"User","createdAt":"2023-02-10T09:17:37.944634+00:00","lastModifiedBy":"zhuyan@microsoft.com","lastModifiedByType":"User","lastModifiedAt":"2023-02-10T09:18:51.5243864+00:00"},"properties":{"loginServer":"testreg000004.azurecr.io","creationDate":"2023-02-10T09:17:37.944634Z","provisioningState":"Succeeded","adminUserEnabled":false,"networkRuleSet":{"defaultAction":"Allow","ipRules":[]},"policies":{"quarantinePolicy":{"status":"disabled"},"trustPolicy":{"type":"Notary","status":"disabled"},"retentionPolicy":{"days":7,"lastUpdatedTime":"2023-02-10T09:18:53.0218354+00:00","status":"disabled"},"exportPolicy":{"status":"enabled"},"azureADAuthenticationAsArmPolicy":{"status":"enabled"},"softDeletePolicy":{"retentionDays":7,"lastUpdatedTime":"2023-02-10T09:18:53.0218354+00:00","status":"disabled"}},"encryption":{"status":"disabled"},"dataEndpointEnabled":false,"dataEndpointHostNames":[],"privateEndpointConnections":[],"publicNetworkAccess":"Enabled","networkRuleBypassOptions":"AzureServices","zoneRedundancy":"Disabled","anonymousPullEnabled":false}}'
    headers:
      api-supported-versions:
      - 2022-02-01-preview
      cache-control:
      - no-cache
      content-length:
      - '1421'
      content-type:
      - application/json; charset=utf-8
      date:
      - Fri, 10 Feb 2023 09:19:07 GMT
      expires:
      - '-1'
      pragma:
      - no-cache
      server:
      - Microsoft-HTTPAPI/2.0
      strict-transport-security:
      - max-age=31536000; includeSubDomains
      transfer-encoding:
      - chunked
      vary:
      - Accept-Encoding
      x-content-type-options:
      - nosniff
    status:
      code: 200
      message: OK
- request:
    body: '{"location": "westus", "tags": {}, "sku": {"name": "Premium"}, "identity":
      {"type": "SystemAssigned"}, "properties": {"adminUserEnabled": false, "networkRuleSet":
      {"defaultAction": "Allow", "ipRules": []}, "policies": {"quarantinePolicy":
      {"status": "disabled"}, "trustPolicy": {"type": "Notary", "status": "disabled"},
      "retentionPolicy": {"days": 7, "status": "disabled"}, "exportPolicy": {"status":
      "enabled"}, "azureADAuthenticationAsArmPolicy": {"status": "enabled"}, "softDeletePolicy":
      {"retentionDays": 7, "status": "disabled"}}, "encryption": {"status": "disabled"},
      "dataEndpointEnabled": false, "publicNetworkAccess": "Enabled", "networkRuleBypassOptions":
      "AzureServices", "zoneRedundancy": "Disabled", "anonymousPullEnabled": false}}'
    headers:
      Accept:
      - application/json
      Accept-Encoding:
      - gzip, deflate
      CommandName:
      - acr identity assign
      Connection:
      - keep-alive
      Content-Length:
      - '745'
      Content-Type:
      - application/json
      ParameterSetName:
      - --name --identities
      User-Agent:
      - AZURECLI/2.45.0 azsdk-python-azure-mgmt-containerregistry/10.0.0 Python/3.9.13
        (Windows-10-10.0.22621-SP0)
    method: PATCH
    uri: https://management.azure.com/subscriptions/00000000-0000-0000-0000-000000000000/resourceGroups/clitest.rg000001/providers/Microsoft.ContainerRegistry/registries/testreg000004?api-version=2022-02-01-preview
  response:
    body:
      string: '{"sku":{"name":"Premium","tier":"Premium"},"type":"Microsoft.ContainerRegistry/registries","id":"/subscriptions/00000000-0000-0000-0000-000000000000/resourceGroups/clitest.rg000001/providers/Microsoft.ContainerRegistry/registries/testreg000004","name":"testreg000004","location":"westus","tags":{},"systemData":{"createdBy":"zhuyan@microsoft.com","createdByType":"User","createdAt":"2023-02-10T09:17:37.944634+00:00","lastModifiedBy":"zhuyan@microsoft.com","lastModifiedByType":"User","lastModifiedAt":"2023-02-10T09:19:09.5734866+00:00"},"properties":{"loginServer":"testreg000004.azurecr.io","creationDate":"2023-02-10T09:17:37.944634Z","provisioningState":"Updating","adminUserEnabled":false,"networkRuleSet":{"defaultAction":"Allow","ipRules":[]},"policies":{"quarantinePolicy":{"status":"disabled"},"trustPolicy":{"type":"Notary","status":"disabled"},"retentionPolicy":{"days":7,"lastUpdatedTime":"2023-02-10T09:19:10.4532798+00:00","status":"disabled"},"exportPolicy":{"status":"enabled"},"azureADAuthenticationAsArmPolicy":{"status":"enabled"},"softDeletePolicy":{"retentionDays":7,"lastUpdatedTime":"2023-02-10T09:19:10.4532798+00:00","status":"disabled"}},"encryption":{"status":"disabled"},"dataEndpointEnabled":false,"dataEndpointHostNames":[],"privateEndpointConnections":[],"publicNetworkAccess":"Enabled","networkRuleBypassOptions":"AzureServices","zoneRedundancy":"Disabled","anonymousPullEnabled":false}}'
    headers:
      api-supported-versions:
      - 2022-02-01-preview
      azure-asyncoperation:
      - https://management.azure.com/subscriptions/00000000-0000-0000-0000-000000000000/resourceGroups/clitest.rg000001/providers/Microsoft.ContainerRegistry/registries/testreg000004/operationStatuses/registries-f7bb6448-a923-11ed-b93f-c01803b31d95?api-version=2022-02-01-preview
      cache-control:
      - no-cache
      content-length:
      - '1420'
      content-type:
      - application/json; charset=utf-8
      date:
      - Fri, 10 Feb 2023 09:19:12 GMT
      expires:
      - '-1'
      pragma:
      - no-cache
      server:
      - Microsoft-HTTPAPI/2.0
      strict-transport-security:
      - max-age=31536000; includeSubDomains
      x-content-type-options:
      - nosniff
      x-ms-ratelimit-remaining-subscription-writes:
      - '1196'
    status:
      code: 201
      message: Created
- request:
    body: null
    headers:
      Accept:
      - '*/*'
      Accept-Encoding:
      - gzip, deflate
      CommandName:
      - acr identity assign
      Connection:
      - keep-alive
      ParameterSetName:
      - --name --identities
      User-Agent:
      - AZURECLI/2.45.0 azsdk-python-azure-mgmt-containerregistry/10.0.0 Python/3.9.13
        (Windows-10-10.0.22621-SP0)
    method: GET
    uri: https://management.azure.com/subscriptions/00000000-0000-0000-0000-000000000000/resourceGroups/clitest.rg000001/providers/Microsoft.ContainerRegistry/registries/testreg000004/operationStatuses/registries-f7bb6448-a923-11ed-b93f-c01803b31d95?api-version=2022-02-01-preview
  response:
    body:
      string: '{"status":"Succeeded"}'
    headers:
      api-supported-versions:
      - 2022-02-01-preview
      azure-asyncoperation:
      - https://management.azure.com/subscriptions/00000000-0000-0000-0000-000000000000/resourceGroups/clitest.rg000001/providers/Microsoft.ContainerRegistry/registries/testreg000004/operationStatuses/registries-f7bb6448-a923-11ed-b93f-c01803b31d95?api-version=2022-02-01-preview
      cache-control:
      - no-cache
      content-length:
      - '22'
      content-type:
      - application/json; charset=utf-8
      date:
      - Fri, 10 Feb 2023 09:19:22 GMT
      expires:
      - '-1'
      pragma:
      - no-cache
      server:
      - Microsoft-HTTPAPI/2.0
      strict-transport-security:
      - max-age=31536000; includeSubDomains
      transfer-encoding:
      - chunked
      vary:
      - Accept-Encoding
      x-content-type-options:
      - nosniff
    status:
      code: 200
      message: OK
- request:
    body: null
    headers:
      Accept:
      - '*/*'
      Accept-Encoding:
      - gzip, deflate
      CommandName:
      - acr identity assign
      Connection:
      - keep-alive
      ParameterSetName:
      - --name --identities
      User-Agent:
      - AZURECLI/2.45.0 azsdk-python-azure-mgmt-containerregistry/10.0.0 Python/3.9.13
        (Windows-10-10.0.22621-SP0)
    method: GET
    uri: https://management.azure.com/subscriptions/00000000-0000-0000-0000-000000000000/resourceGroups/clitest.rg000001/providers/Microsoft.ContainerRegistry/registries/testreg000004?api-version=2022-02-01-preview
  response:
    body:
      string: '{"sku":{"name":"Premium","tier":"Premium"},"type":"Microsoft.ContainerRegistry/registries","identity":{"principalId":"62c98753-14eb-4b47-bc5e-6adcfe59430d","tenantId":"54826b22-38d6-4fb2-bad9-b7b93a3e9c5a","type":"systemAssigned"},"id":"/subscriptions/00000000-0000-0000-0000-000000000000/resourceGroups/clitest.rg000001/providers/Microsoft.ContainerRegistry/registries/testreg000004","name":"testreg000004","location":"westus","tags":{},"systemData":{"createdBy":"zhuyan@microsoft.com","createdByType":"User","createdAt":"2023-02-10T09:17:37.944634+00:00","lastModifiedBy":"zhuyan@microsoft.com","lastModifiedByType":"User","lastModifiedAt":"2023-02-10T09:19:09.5734866+00:00"},"properties":{"loginServer":"testreg000004.azurecr.io","creationDate":"2023-02-10T09:17:37.944634Z","provisioningState":"Succeeded","adminUserEnabled":false,"networkRuleSet":{"defaultAction":"Allow","ipRules":[]},"policies":{"quarantinePolicy":{"status":"disabled"},"trustPolicy":{"type":"Notary","status":"disabled"},"retentionPolicy":{"days":7,"lastUpdatedTime":"2023-02-10T09:19:10.4532798+00:00","status":"disabled"},"exportPolicy":{"status":"enabled"},"azureADAuthenticationAsArmPolicy":{"status":"enabled"},"softDeletePolicy":{"retentionDays":7,"lastUpdatedTime":"2023-02-10T09:19:10.4532798+00:00","status":"disabled"}},"encryption":{"status":"disabled"},"dataEndpointEnabled":false,"dataEndpointHostNames":[],"privateEndpointConnections":[],"publicNetworkAccess":"Enabled","networkRuleBypassOptions":"AzureServices","zoneRedundancy":"Disabled","anonymousPullEnabled":false}}'
    headers:
      api-supported-versions:
      - 2022-02-01-preview
      cache-control:
      - no-cache
      content-length:
      - '1561'
      content-type:
      - application/json; charset=utf-8
      date:
      - Fri, 10 Feb 2023 09:19:23 GMT
      expires:
      - '-1'
      pragma:
      - no-cache
      server:
      - Microsoft-HTTPAPI/2.0
      strict-transport-security:
      - max-age=31536000; includeSubDomains
      transfer-encoding:
      - chunked
      vary:
      - Accept-Encoding
      x-content-type-options:
      - nosniff
    status:
      code: 200
      message: OK
- request:
    body: null
    headers:
      Accept:
      - application/json
      Accept-Encoding:
      - gzip, deflate
      CommandName:
      - acr identity remove
      Connection:
      - keep-alive
      ParameterSetName:
      - --name --identities
      User-Agent:
      - AZURECLI/2.45.0 azsdk-python-azure-mgmt-resource/21.1.0b1 Python/3.9.13 (Windows-10-10.0.22621-SP0)
    method: GET
    uri: https://management.azure.com/subscriptions/00000000-0000-0000-0000-000000000000/resources?$filter=resourceType%20eq%20%27Microsoft.ContainerRegistry%2Fregistries%27&api-version=2021-04-01
  response:
    body:
      string: '{"value":[{"id":"/subscriptions/00000000-0000-0000-0000-000000000000/resourceGroups/clitest.rg000001/providers/Microsoft.ContainerRegistry/registries/testreg000004","name":"testreg000004","type":"Microsoft.ContainerRegistry/registries","sku":{"name":"Premium","tier":"Premium"},"location":"westus","identity":{"principalId":"62c98753-14eb-4b47-bc5e-6adcfe59430d","tenantId":"54826b22-38d6-4fb2-bad9-b7b93a3e9c5a","type":"SystemAssigned"},"tags":{},"systemData":{"createdBy":"zhuyan@microsoft.com","createdByType":"User","createdAt":"2023-02-10T09:17:37.944634Z","lastModifiedBy":"zhuyan@microsoft.com","lastModifiedByType":"User","lastModifiedAt":"2023-02-10T09:19:09.5734866Z"}},{"id":"/subscriptions/00000000-0000-0000-0000-000000000000/resourceGroups/clitest.rgdmp6b4zdlgf2zghnf33wrzqy5hlxebaoge4vthqahtej7epha57dcadupk7gdbmc2/providers/Microsoft.ContainerRegistry/registries/clireg7vx33prql5yce3","name":"clireg7vx33prql5yce3","type":"Microsoft.ContainerRegistry/registries","sku":{"name":"Premium","tier":"Premium"},"location":"eastus","tags":{},"systemData":{"createdBy":"v-taoxuzeng@microsoft.com","createdByType":"User","createdAt":"2022-05-25T15:35:36.5820972Z","lastModifiedBy":"v-taoxuzeng@microsoft.com","lastModifiedByType":"User","lastModifiedAt":"2022-05-25T15:35:36.5820972Z"}},{"id":"/subscriptions/00000000-0000-0000-0000-000000000000/resourceGroups/resourcegroupsamesub/providers/Microsoft.ContainerRegistry/registries/sourceregistrysamesubq6krouw5rweqpjxubyv","name":"sourceregistrysamesubq6krouw5rweqpjxubyv","type":"Microsoft.ContainerRegistry/registries","sku":{"name":"Standard","tier":"Standard"},"location":"westus","tags":{},"systemData":{"lastModifiedBy":"azureclilivetest@azuresdkteam.onmicrosoft.com","lastModifiedByType":"User","lastModifiedAt":"2023-02-09T15:10:23.4254031Z"}},{"id":"/subscriptions/00000000-0000-0000-0000-000000000000/resourceGroups/similar-bot/providers/Microsoft.ContainerRegistry/registries/similarbot","name":"similarbot","type":"Microsoft.ContainerRegistry/registries","sku":{"name":"Standard","tier":"Standard"},"location":"eastus","tags":{},"systemData":{"createdBy":"hanglei@microsoft.com","createdByType":"User","createdAt":"2022-12-27T10:03:56.9625259Z","lastModifiedBy":"hanglei@microsoft.com","lastModifiedByType":"User","lastModifiedAt":"2022-12-27T10:03:56.9625259Z"}}]}'
    headers:
      cache-control:
      - no-cache
      content-length:
      - '2334'
      content-type:
      - application/json; charset=utf-8
      date:
      - Fri, 10 Feb 2023 09:19:34 GMT
      expires:
      - '-1'
      pragma:
      - no-cache
      strict-transport-security:
      - max-age=31536000; includeSubDomains
      vary:
      - Accept-Encoding
      x-content-type-options:
      - nosniff
    status:
      code: 200
      message: OK
- request:
    body: null
    headers:
      Accept:
      - application/json
      Accept-Encoding:
      - gzip, deflate
      CommandName:
      - acr identity remove
      Connection:
      - keep-alive
      ParameterSetName:
      - --name --identities
      User-Agent:
      - AZURECLI/2.45.0 azsdk-python-azure-mgmt-containerregistry/10.0.0 Python/3.9.13
        (Windows-10-10.0.22621-SP0)
    method: GET
    uri: https://management.azure.com/subscriptions/00000000-0000-0000-0000-000000000000/resourceGroups/clitest.rg000001/providers/Microsoft.ContainerRegistry/registries/testreg000004?api-version=2022-02-01-preview
  response:
    body:
      string: '{"sku":{"name":"Premium","tier":"Premium"},"type":"Microsoft.ContainerRegistry/registries","identity":{"principalId":"62c98753-14eb-4b47-bc5e-6adcfe59430d","tenantId":"54826b22-38d6-4fb2-bad9-b7b93a3e9c5a","type":"systemAssigned"},"id":"/subscriptions/00000000-0000-0000-0000-000000000000/resourceGroups/clitest.rg000001/providers/Microsoft.ContainerRegistry/registries/testreg000004","name":"testreg000004","location":"westus","tags":{},"systemData":{"createdBy":"zhuyan@microsoft.com","createdByType":"User","createdAt":"2023-02-10T09:17:37.944634+00:00","lastModifiedBy":"zhuyan@microsoft.com","lastModifiedByType":"User","lastModifiedAt":"2023-02-10T09:19:09.5734866+00:00"},"properties":{"loginServer":"testreg000004.azurecr.io","creationDate":"2023-02-10T09:17:37.944634Z","provisioningState":"Succeeded","adminUserEnabled":false,"networkRuleSet":{"defaultAction":"Allow","ipRules":[]},"policies":{"quarantinePolicy":{"status":"disabled"},"trustPolicy":{"type":"Notary","status":"disabled"},"retentionPolicy":{"days":7,"lastUpdatedTime":"2023-02-10T09:19:10.4532798+00:00","status":"disabled"},"exportPolicy":{"status":"enabled"},"azureADAuthenticationAsArmPolicy":{"status":"enabled"},"softDeletePolicy":{"retentionDays":7,"lastUpdatedTime":"2023-02-10T09:19:10.4532798+00:00","status":"disabled"}},"encryption":{"status":"disabled"},"dataEndpointEnabled":false,"dataEndpointHostNames":[],"privateEndpointConnections":[],"publicNetworkAccess":"Enabled","networkRuleBypassOptions":"AzureServices","zoneRedundancy":"Disabled","anonymousPullEnabled":false}}'
    headers:
      api-supported-versions:
      - 2022-02-01-preview
      cache-control:
      - no-cache
      content-length:
      - '1561'
      content-type:
      - application/json; charset=utf-8
      date:
      - Fri, 10 Feb 2023 09:19:34 GMT
      expires:
      - '-1'
      pragma:
      - no-cache
      server:
      - Microsoft-HTTPAPI/2.0
      strict-transport-security:
      - max-age=31536000; includeSubDomains
      transfer-encoding:
      - chunked
      vary:
      - Accept-Encoding
      x-content-type-options:
      - nosniff
    status:
      code: 200
      message: OK
- request:
    body: '{"location": "westus", "tags": {}, "sku": {"name": "Premium"}, "identity":
      {"type": "None"}, "properties": {"adminUserEnabled": false, "networkRuleSet":
      {"defaultAction": "Allow", "ipRules": []}, "policies": {"quarantinePolicy":
      {"status": "disabled"}, "trustPolicy": {"type": "Notary", "status": "disabled"},
      "retentionPolicy": {"days": 7, "status": "disabled"}, "exportPolicy": {"status":
      "enabled"}, "azureADAuthenticationAsArmPolicy": {"status": "enabled"}, "softDeletePolicy":
      {"retentionDays": 7, "status": "disabled"}}, "encryption": {"status": "disabled"},
      "dataEndpointEnabled": false, "publicNetworkAccess": "Enabled", "networkRuleBypassOptions":
      "AzureServices", "zoneRedundancy": "Disabled", "anonymousPullEnabled": false}}'
    headers:
      Accept:
      - application/json
      Accept-Encoding:
      - gzip, deflate
      CommandName:
      - acr identity remove
      Connection:
      - keep-alive
      Content-Length:
      - '735'
      Content-Type:
      - application/json
      ParameterSetName:
      - --name --identities
      User-Agent:
      - AZURECLI/2.45.0 azsdk-python-azure-mgmt-containerregistry/10.0.0 Python/3.9.13
        (Windows-10-10.0.22621-SP0)
    method: PUT
    uri: https://management.azure.com/subscriptions/00000000-0000-0000-0000-000000000000/resourceGroups/clitest.rg000001/providers/Microsoft.ContainerRegistry/registries/testreg000004?api-version=2022-02-01-preview
  response:
    body:
      string: '{"sku":{"name":"Premium","tier":"Premium"},"type":"Microsoft.ContainerRegistry/registries","identity":{"principalId":"62c98753-14eb-4b47-bc5e-6adcfe59430d","tenantId":"54826b22-38d6-4fb2-bad9-b7b93a3e9c5a","type":"systemAssigned"},"id":"/subscriptions/00000000-0000-0000-0000-000000000000/resourceGroups/clitest.rg000001/providers/Microsoft.ContainerRegistry/registries/testreg000004","name":"testreg000004","location":"westus","tags":{},"systemData":{"createdBy":"zhuyan@microsoft.com","createdByType":"User","createdAt":"2023-02-10T09:17:37.944634+00:00","lastModifiedBy":"zhuyan@microsoft.com","lastModifiedByType":"User","lastModifiedAt":"2023-02-10T09:19:36.0684252+00:00"},"properties":{"loginServer":"testreg000004.azurecr.io","creationDate":"2023-02-10T09:17:37.944634Z","provisioningState":"Updating","adminUserEnabled":false,"networkRuleSet":{"defaultAction":"Allow","ipRules":[]},"policies":{"quarantinePolicy":{"status":"disabled"},"trustPolicy":{"type":"Notary","status":"disabled"},"retentionPolicy":{"days":7,"lastUpdatedTime":"2023-02-10T09:19:38.0696091+00:00","status":"disabled"},"exportPolicy":{"status":"enabled"},"azureADAuthenticationAsArmPolicy":{"status":"enabled"},"softDeletePolicy":{"retentionDays":7,"lastUpdatedTime":"2023-02-10T09:19:38.0696091+00:00","status":"disabled"}},"encryption":{"status":"disabled"},"dataEndpointEnabled":false,"dataEndpointHostNames":[],"privateEndpointConnections":[],"publicNetworkAccess":"Enabled","networkRuleBypassOptions":"AzureServices","zoneRedundancy":"Disabled","anonymousPullEnabled":false}}'
    headers:
      api-supported-versions:
      - 2022-02-01-preview
      azure-asyncoperation:
      - https://management.azure.com/subscriptions/00000000-0000-0000-0000-000000000000/resourceGroups/clitest.rg000001/providers/Microsoft.ContainerRegistry/registries/testreg000004/operationStatuses/registries-08547656-a924-11ed-aac1-c01803b31d95?api-version=2022-02-01-preview
      cache-control:
      - no-cache
      content-length:
      - '1560'
      content-type:
      - application/json; charset=utf-8
      date:
      - Fri, 10 Feb 2023 09:19:39 GMT
      expires:
      - '-1'
      pragma:
      - no-cache
      server:
      - Microsoft-HTTPAPI/2.0
      strict-transport-security:
      - max-age=31536000; includeSubDomains
      x-content-type-options:
      - nosniff
      x-ms-ratelimit-remaining-subscription-writes:
      - '1193'
    status:
      code: 201
      message: Created
- request:
    body: null
    headers:
      Accept:
      - '*/*'
      Accept-Encoding:
      - gzip, deflate
      CommandName:
      - acr identity remove
      Connection:
      - keep-alive
      ParameterSetName:
      - --name --identities
      User-Agent:
      - AZURECLI/2.45.0 azsdk-python-azure-mgmt-containerregistry/10.0.0 Python/3.9.13
        (Windows-10-10.0.22621-SP0)
    method: GET
    uri: https://management.azure.com/subscriptions/00000000-0000-0000-0000-000000000000/resourceGroups/clitest.rg000001/providers/Microsoft.ContainerRegistry/registries/testreg000004/operationStatuses/registries-08547656-a924-11ed-aac1-c01803b31d95?api-version=2022-02-01-preview
  response:
    body:
      string: '{"status":"Succeeded"}'
    headers:
      api-supported-versions:
      - 2022-02-01-preview
      azure-asyncoperation:
      - https://management.azure.com/subscriptions/00000000-0000-0000-0000-000000000000/resourceGroups/clitest.rg000001/providers/Microsoft.ContainerRegistry/registries/testreg000004/operationStatuses/registries-08547656-a924-11ed-aac1-c01803b31d95?api-version=2022-02-01-preview
      cache-control:
      - no-cache
      content-length:
      - '22'
      content-type:
      - application/json; charset=utf-8
      date:
      - Fri, 10 Feb 2023 09:19:49 GMT
      expires:
      - '-1'
      pragma:
      - no-cache
      server:
      - Microsoft-HTTPAPI/2.0
      strict-transport-security:
      - max-age=31536000; includeSubDomains
      transfer-encoding:
      - chunked
      vary:
      - Accept-Encoding
      x-content-type-options:
      - nosniff
    status:
      code: 200
      message: OK
- request:
    body: null
    headers:
      Accept:
      - '*/*'
      Accept-Encoding:
      - gzip, deflate
      CommandName:
      - acr identity remove
      Connection:
      - keep-alive
      ParameterSetName:
      - --name --identities
      User-Agent:
      - AZURECLI/2.45.0 azsdk-python-azure-mgmt-containerregistry/10.0.0 Python/3.9.13
        (Windows-10-10.0.22621-SP0)
    method: GET
    uri: https://management.azure.com/subscriptions/00000000-0000-0000-0000-000000000000/resourceGroups/clitest.rg000001/providers/Microsoft.ContainerRegistry/registries/testreg000004?api-version=2022-02-01-preview
  response:
    body:
      string: '{"sku":{"name":"Premium","tier":"Premium"},"type":"Microsoft.ContainerRegistry/registries","id":"/subscriptions/00000000-0000-0000-0000-000000000000/resourceGroups/clitest.rg000001/providers/Microsoft.ContainerRegistry/registries/testreg000004","name":"testreg000004","location":"westus","tags":{},"systemData":{"createdBy":"zhuyan@microsoft.com","createdByType":"User","createdAt":"2023-02-10T09:17:37.944634+00:00","lastModifiedBy":"zhuyan@microsoft.com","lastModifiedByType":"User","lastModifiedAt":"2023-02-10T09:19:36.0684252+00:00"},"properties":{"loginServer":"testreg000004.azurecr.io","creationDate":"2023-02-10T09:17:37.944634Z","provisioningState":"Succeeded","adminUserEnabled":false,"networkRuleSet":{"defaultAction":"Allow","ipRules":[]},"policies":{"quarantinePolicy":{"status":"disabled"},"trustPolicy":{"type":"Notary","status":"disabled"},"retentionPolicy":{"days":7,"lastUpdatedTime":"2023-02-10T09:19:38.0696091+00:00","status":"disabled"},"exportPolicy":{"status":"enabled"},"azureADAuthenticationAsArmPolicy":{"status":"enabled"},"softDeletePolicy":{"retentionDays":7,"lastUpdatedTime":"2023-02-10T09:19:38.0696091+00:00","status":"disabled"}},"encryption":{"status":"disabled"},"dataEndpointEnabled":false,"dataEndpointHostNames":[],"privateEndpointConnections":[],"publicNetworkAccess":"Enabled","networkRuleBypassOptions":"AzureServices","zoneRedundancy":"Disabled","anonymousPullEnabled":false}}'
    headers:
      api-supported-versions:
      - 2022-02-01-preview
      cache-control:
      - no-cache
      content-length:
      - '1421'
      content-type:
      - application/json; charset=utf-8
      date:
      - Fri, 10 Feb 2023 09:19:50 GMT
      expires:
      - '-1'
      pragma:
      - no-cache
      server:
      - Microsoft-HTTPAPI/2.0
      strict-transport-security:
      - max-age=31536000; includeSubDomains
      transfer-encoding:
      - chunked
      vary:
      - Accept-Encoding
      x-content-type-options:
      - nosniff
    status:
      code: 200
      message: OK
- request:
    body: null
    headers:
      Accept:
      - application/json
      Accept-Encoding:
      - gzip, deflate
      CommandName:
      - acr identity assign
      Connection:
      - keep-alive
      ParameterSetName:
      - --name --identities
      User-Agent:
      - AZURECLI/2.45.0 azsdk-python-azure-mgmt-resource/21.1.0b1 Python/3.9.13 (Windows-10-10.0.22621-SP0)
    method: GET
    uri: https://management.azure.com/subscriptions/00000000-0000-0000-0000-000000000000/resources?$filter=resourceType%20eq%20%27Microsoft.ContainerRegistry%2Fregistries%27&api-version=2021-04-01
  response:
    body:
      string: '{"value":[{"id":"/subscriptions/00000000-0000-0000-0000-000000000000/resourceGroups/clitest.rg000001/providers/Microsoft.ContainerRegistry/registries/testreg000004","name":"testreg000004","type":"Microsoft.ContainerRegistry/registries","sku":{"name":"Premium","tier":"Premium"},"location":"westus","identity":{"principalId":"62c98753-14eb-4b47-bc5e-6adcfe59430d","tenantId":"54826b22-38d6-4fb2-bad9-b7b93a3e9c5a","type":"SystemAssigned"},"tags":{},"systemData":{"createdBy":"zhuyan@microsoft.com","createdByType":"User","createdAt":"2023-02-10T09:17:37.944634Z","lastModifiedBy":"zhuyan@microsoft.com","lastModifiedByType":"User","lastModifiedAt":"2023-02-10T09:19:36.0684252Z"}},{"id":"/subscriptions/00000000-0000-0000-0000-000000000000/resourceGroups/clitest.rgdmp6b4zdlgf2zghnf33wrzqy5hlxebaoge4vthqahtej7epha57dcadupk7gdbmc2/providers/Microsoft.ContainerRegistry/registries/clireg7vx33prql5yce3","name":"clireg7vx33prql5yce3","type":"Microsoft.ContainerRegistry/registries","sku":{"name":"Premium","tier":"Premium"},"location":"eastus","tags":{},"systemData":{"createdBy":"v-taoxuzeng@microsoft.com","createdByType":"User","createdAt":"2022-05-25T15:35:36.5820972Z","lastModifiedBy":"v-taoxuzeng@microsoft.com","lastModifiedByType":"User","lastModifiedAt":"2022-05-25T15:35:36.5820972Z"}},{"id":"/subscriptions/00000000-0000-0000-0000-000000000000/resourceGroups/resourcegroupsamesub/providers/Microsoft.ContainerRegistry/registries/sourceregistrysamesubq6krouw5rweqpjxubyv","name":"sourceregistrysamesubq6krouw5rweqpjxubyv","type":"Microsoft.ContainerRegistry/registries","sku":{"name":"Standard","tier":"Standard"},"location":"westus","tags":{},"systemData":{"lastModifiedBy":"azureclilivetest@azuresdkteam.onmicrosoft.com","lastModifiedByType":"User","lastModifiedAt":"2023-02-09T15:10:23.4254031Z"}},{"id":"/subscriptions/00000000-0000-0000-0000-000000000000/resourceGroups/similar-bot/providers/Microsoft.ContainerRegistry/registries/similarbot","name":"similarbot","type":"Microsoft.ContainerRegistry/registries","sku":{"name":"Standard","tier":"Standard"},"location":"eastus","tags":{},"systemData":{"createdBy":"hanglei@microsoft.com","createdByType":"User","createdAt":"2022-12-27T10:03:56.9625259Z","lastModifiedBy":"hanglei@microsoft.com","lastModifiedByType":"User","lastModifiedAt":"2022-12-27T10:03:56.9625259Z"}}]}'
    headers:
      cache-control:
      - no-cache
      content-length:
      - '2334'
      content-type:
      - application/json; charset=utf-8
      date:
      - Fri, 10 Feb 2023 09:19:51 GMT
      expires:
      - '-1'
      pragma:
      - no-cache
      strict-transport-security:
      - max-age=31536000; includeSubDomains
      vary:
      - Accept-Encoding
      x-content-type-options:
      - nosniff
    status:
      code: 200
      message: OK
- request:
    body: null
    headers:
      Accept:
      - application/json
      Accept-Encoding:
      - gzip, deflate
      CommandName:
      - acr identity assign
      Connection:
      - keep-alive
      ParameterSetName:
      - --name --identities
      User-Agent:
      - AZURECLI/2.45.0 azsdk-python-azure-mgmt-containerregistry/10.0.0 Python/3.9.13
        (Windows-10-10.0.22621-SP0)
    method: GET
    uri: https://management.azure.com/subscriptions/00000000-0000-0000-0000-000000000000/resourceGroups/clitest.rg000001/providers/Microsoft.ContainerRegistry/registries/testreg000004?api-version=2022-02-01-preview
  response:
    body:
      string: '{"sku":{"name":"Premium","tier":"Premium"},"type":"Microsoft.ContainerRegistry/registries","id":"/subscriptions/00000000-0000-0000-0000-000000000000/resourceGroups/clitest.rg000001/providers/Microsoft.ContainerRegistry/registries/testreg000004","name":"testreg000004","location":"westus","tags":{},"systemData":{"createdBy":"zhuyan@microsoft.com","createdByType":"User","createdAt":"2023-02-10T09:17:37.944634+00:00","lastModifiedBy":"zhuyan@microsoft.com","lastModifiedByType":"User","lastModifiedAt":"2023-02-10T09:19:36.0684252+00:00"},"properties":{"loginServer":"testreg000004.azurecr.io","creationDate":"2023-02-10T09:17:37.944634Z","provisioningState":"Succeeded","adminUserEnabled":false,"networkRuleSet":{"defaultAction":"Allow","ipRules":[]},"policies":{"quarantinePolicy":{"status":"disabled"},"trustPolicy":{"type":"Notary","status":"disabled"},"retentionPolicy":{"days":7,"lastUpdatedTime":"2023-02-10T09:19:38.0696091+00:00","status":"disabled"},"exportPolicy":{"status":"enabled"},"azureADAuthenticationAsArmPolicy":{"status":"enabled"},"softDeletePolicy":{"retentionDays":7,"lastUpdatedTime":"2023-02-10T09:19:38.0696091+00:00","status":"disabled"}},"encryption":{"status":"disabled"},"dataEndpointEnabled":false,"dataEndpointHostNames":[],"privateEndpointConnections":[],"publicNetworkAccess":"Enabled","networkRuleBypassOptions":"AzureServices","zoneRedundancy":"Disabled","anonymousPullEnabled":false}}'
    headers:
      api-supported-versions:
      - 2022-02-01-preview
      cache-control:
      - no-cache
      content-length:
      - '1421'
      content-type:
      - application/json; charset=utf-8
      date:
      - Fri, 10 Feb 2023 09:19:52 GMT
      expires:
      - '-1'
      pragma:
      - no-cache
      server:
      - Microsoft-HTTPAPI/2.0
      strict-transport-security:
      - max-age=31536000; includeSubDomains
      transfer-encoding:
      - chunked
      vary:
      - Accept-Encoding
      x-content-type-options:
      - nosniff
    status:
      code: 200
      message: OK
- request:
    body: '{"location": "westus", "tags": {}, "sku": {"name": "Premium"}, "identity":
      {"type": "UserAssigned", "userAssignedIdentities": {"/subscriptions/00000000-0000-0000-0000-000000000000/resourcegroups/clitest.rg000001/providers/Microsoft.ManagedIdentity/userAssignedIdentities/testidentity000002":
      {}}}, "properties": {"adminUserEnabled": false, "networkRuleSet": {"defaultAction":
      "Allow", "ipRules": []}, "policies": {"quarantinePolicy": {"status": "disabled"},
      "trustPolicy": {"type": "Notary", "status": "disabled"}, "retentionPolicy":
      {"days": 7, "status": "disabled"}, "exportPolicy": {"status": "enabled"}, "azureADAuthenticationAsArmPolicy":
      {"status": "enabled"}, "softDeletePolicy": {"retentionDays": 7, "status": "disabled"}},
      "encryption": {"status": "disabled"}, "dataEndpointEnabled": false, "publicNetworkAccess":
      "Enabled", "networkRuleBypassOptions": "AzureServices", "zoneRedundancy": "Disabled",
      "anonymousPullEnabled": false}}'
    headers:
      Accept:
      - application/json
      Accept-Encoding:
      - gzip, deflate
      CommandName:
      - acr identity assign
      Connection:
      - keep-alive
      Content-Length:
      - '940'
      Content-Type:
      - application/json
      ParameterSetName:
      - --name --identities
      User-Agent:
      - AZURECLI/2.45.0 azsdk-python-azure-mgmt-containerregistry/10.0.0 Python/3.9.13
        (Windows-10-10.0.22621-SP0)
    method: PATCH
    uri: https://management.azure.com/subscriptions/00000000-0000-0000-0000-000000000000/resourceGroups/clitest.rg000001/providers/Microsoft.ContainerRegistry/registries/testreg000004?api-version=2022-02-01-preview
  response:
    body:
      string: '{"sku":{"name":"Premium","tier":"Premium"},"type":"Microsoft.ContainerRegistry/registries","id":"/subscriptions/00000000-0000-0000-0000-000000000000/resourceGroups/clitest.rg000001/providers/Microsoft.ContainerRegistry/registries/testreg000004","name":"testreg000004","location":"westus","tags":{},"systemData":{"createdBy":"zhuyan@microsoft.com","createdByType":"User","createdAt":"2023-02-10T09:17:37.944634+00:00","lastModifiedBy":"zhuyan@microsoft.com","lastModifiedByType":"User","lastModifiedAt":"2023-02-10T09:19:55.4350401+00:00"},"properties":{"loginServer":"testreg000004.azurecr.io","creationDate":"2023-02-10T09:17:37.944634Z","provisioningState":"Updating","adminUserEnabled":false,"networkRuleSet":{"defaultAction":"Allow","ipRules":[]},"policies":{"quarantinePolicy":{"status":"disabled"},"trustPolicy":{"type":"Notary","status":"disabled"},"retentionPolicy":{"days":7,"lastUpdatedTime":"2023-02-10T09:19:56.2789211+00:00","status":"disabled"},"exportPolicy":{"status":"enabled"},"azureADAuthenticationAsArmPolicy":{"status":"enabled"},"softDeletePolicy":{"retentionDays":7,"lastUpdatedTime":"2023-02-10T09:19:56.2789211+00:00","status":"disabled"}},"encryption":{"status":"disabled"},"dataEndpointEnabled":false,"dataEndpointHostNames":[],"privateEndpointConnections":[],"publicNetworkAccess":"Enabled","networkRuleBypassOptions":"AzureServices","zoneRedundancy":"Disabled","anonymousPullEnabled":false}}'
    headers:
      api-supported-versions:
      - 2022-02-01-preview
      azure-asyncoperation:
      - https://management.azure.com/subscriptions/00000000-0000-0000-0000-000000000000/resourceGroups/clitest.rg000001/providers/Microsoft.ContainerRegistry/registries/testreg000004/operationStatuses/registries-129fa843-a924-11ed-9535-c01803b31d95?api-version=2022-02-01-preview
      cache-control:
      - no-cache
      content-length:
      - '1420'
      content-type:
      - application/json; charset=utf-8
      date:
      - Fri, 10 Feb 2023 09:19:57 GMT
      expires:
      - '-1'
      pragma:
      - no-cache
      server:
      - Microsoft-HTTPAPI/2.0
      strict-transport-security:
      - max-age=31536000; includeSubDomains
      x-content-type-options:
      - nosniff
      x-ms-ratelimit-remaining-subscription-writes:
      - '1197'
    status:
      code: 201
      message: Created
- request:
    body: null
    headers:
      Accept:
      - '*/*'
      Accept-Encoding:
      - gzip, deflate
      CommandName:
      - acr identity assign
      Connection:
      - keep-alive
      ParameterSetName:
      - --name --identities
      User-Agent:
      - AZURECLI/2.45.0 azsdk-python-azure-mgmt-containerregistry/10.0.0 Python/3.9.13
        (Windows-10-10.0.22621-SP0)
    method: GET
    uri: https://management.azure.com/subscriptions/00000000-0000-0000-0000-000000000000/resourceGroups/clitest.rg000001/providers/Microsoft.ContainerRegistry/registries/testreg000004/operationStatuses/registries-129fa843-a924-11ed-9535-c01803b31d95?api-version=2022-02-01-preview
  response:
    body:
      string: '{"status":"Succeeded"}'
    headers:
      api-supported-versions:
      - 2022-02-01-preview
      azure-asyncoperation:
      - https://management.azure.com/subscriptions/00000000-0000-0000-0000-000000000000/resourceGroups/clitest.rg000001/providers/Microsoft.ContainerRegistry/registries/testreg000004/operationStatuses/registries-129fa843-a924-11ed-9535-c01803b31d95?api-version=2022-02-01-preview
      cache-control:
      - no-cache
      content-length:
      - '22'
      content-type:
      - application/json; charset=utf-8
      date:
      - Fri, 10 Feb 2023 09:20:07 GMT
      expires:
      - '-1'
      pragma:
      - no-cache
      server:
      - Microsoft-HTTPAPI/2.0
      strict-transport-security:
      - max-age=31536000; includeSubDomains
      transfer-encoding:
      - chunked
      vary:
      - Accept-Encoding
      x-content-type-options:
      - nosniff
    status:
      code: 200
      message: OK
- request:
    body: null
    headers:
      Accept:
      - '*/*'
      Accept-Encoding:
      - gzip, deflate
      CommandName:
      - acr identity assign
      Connection:
      - keep-alive
      ParameterSetName:
      - --name --identities
      User-Agent:
      - AZURECLI/2.45.0 azsdk-python-azure-mgmt-containerregistry/10.0.0 Python/3.9.13
        (Windows-10-10.0.22621-SP0)
    method: GET
    uri: https://management.azure.com/subscriptions/00000000-0000-0000-0000-000000000000/resourceGroups/clitest.rg000001/providers/Microsoft.ContainerRegistry/registries/testreg000004?api-version=2022-02-01-preview
  response:
    body:
      string: '{"sku":{"name":"Premium","tier":"Premium"},"type":"Microsoft.ContainerRegistry/registries","identity":{"type":"userAssigned","userAssignedIdentities":{"/subscriptions/00000000-0000-0000-0000-000000000000/resourcegroups/clitest.rg000001/providers/Microsoft.ManagedIdentity/userAssignedIdentities/testidentity000002":{"principalId":"2dcff6ee-4753-4bfa-a4f5-e8bf0002a72b","clientId":"f990b675-18f1-4c67-b5a3-6bfca223e51c"}}},"id":"/subscriptions/00000000-0000-0000-0000-000000000000/resourceGroups/clitest.rg000001/providers/Microsoft.ContainerRegistry/registries/testreg000004","name":"testreg000004","location":"westus","tags":{},"systemData":{"createdBy":"zhuyan@microsoft.com","createdByType":"User","createdAt":"2023-02-10T09:17:37.944634+00:00","lastModifiedBy":"zhuyan@microsoft.com","lastModifiedByType":"User","lastModifiedAt":"2023-02-10T09:19:55.4350401+00:00"},"properties":{"loginServer":"testreg000004.azurecr.io","creationDate":"2023-02-10T09:17:37.944634Z","provisioningState":"Succeeded","adminUserEnabled":false,"networkRuleSet":{"defaultAction":"Allow","ipRules":[]},"policies":{"quarantinePolicy":{"status":"disabled"},"trustPolicy":{"type":"Notary","status":"disabled"},"retentionPolicy":{"days":7,"lastUpdatedTime":"2023-02-10T09:19:56.2789211+00:00","status":"disabled"},"exportPolicy":{"status":"enabled"},"azureADAuthenticationAsArmPolicy":{"status":"enabled"},"softDeletePolicy":{"retentionDays":7,"lastUpdatedTime":"2023-02-10T09:19:56.2789211+00:00","status":"disabled"}},"encryption":{"status":"disabled"},"dataEndpointEnabled":false,"dataEndpointHostNames":[],"privateEndpointConnections":[],"publicNetworkAccess":"Enabled","networkRuleBypassOptions":"AzureServices","zoneRedundancy":"Disabled","anonymousPullEnabled":false}}'
    headers:
      api-supported-versions:
      - 2022-02-01-preview
      cache-control:
      - no-cache
      content-length:
      - '1752'
      content-type:
      - application/json; charset=utf-8
      date:
      - Fri, 10 Feb 2023 09:20:08 GMT
      expires:
      - '-1'
      pragma:
      - no-cache
      server:
      - Microsoft-HTTPAPI/2.0
      strict-transport-security:
      - max-age=31536000; includeSubDomains
      transfer-encoding:
      - chunked
      vary:
      - Accept-Encoding
      x-content-type-options:
      - nosniff
    status:
      code: 200
      message: OK
- request:
    body: null
    headers:
      Accept:
      - application/json
      Accept-Encoding:
      - gzip, deflate
      CommandName:
      - acr identity remove
      Connection:
      - keep-alive
      ParameterSetName:
      - --name --identities
      User-Agent:
      - AZURECLI/2.45.0 azsdk-python-azure-mgmt-resource/21.1.0b1 Python/3.9.13 (Windows-10-10.0.22621-SP0)
    method: GET
    uri: https://management.azure.com/subscriptions/00000000-0000-0000-0000-000000000000/resources?$filter=resourceType%20eq%20%27Microsoft.ContainerRegistry%2Fregistries%27&api-version=2021-04-01
  response:
    body:
      string: '{"value":[{"id":"/subscriptions/00000000-0000-0000-0000-000000000000/resourceGroups/clitest.rg000001/providers/Microsoft.ContainerRegistry/registries/testreg000004","name":"testreg000004","type":"Microsoft.ContainerRegistry/registries","sku":{"name":"Premium","tier":"Premium"},"location":"westus","identity":{"type":"UserAssigned","userAssignedIdentities":{"/subscriptions/00000000-0000-0000-0000-000000000000/resourcegroups/clitest.rg000001/providers/Microsoft.ManagedIdentity/userAssignedIdentities/testidentity000002":{"principalId":"2dcff6ee-4753-4bfa-a4f5-e8bf0002a72b","clientId":"f990b675-18f1-4c67-b5a3-6bfca223e51c"}}},"tags":{},"systemData":{"createdBy":"zhuyan@microsoft.com","createdByType":"User","createdAt":"2023-02-10T09:17:37.944634Z","lastModifiedBy":"zhuyan@microsoft.com","lastModifiedByType":"User","lastModifiedAt":"2023-02-10T09:19:55.4350401Z"}},{"id":"/subscriptions/00000000-0000-0000-0000-000000000000/resourceGroups/clitest.rgdmp6b4zdlgf2zghnf33wrzqy5hlxebaoge4vthqahtej7epha57dcadupk7gdbmc2/providers/Microsoft.ContainerRegistry/registries/clireg7vx33prql5yce3","name":"clireg7vx33prql5yce3","type":"Microsoft.ContainerRegistry/registries","sku":{"name":"Premium","tier":"Premium"},"location":"eastus","tags":{},"systemData":{"createdBy":"v-taoxuzeng@microsoft.com","createdByType":"User","createdAt":"2022-05-25T15:35:36.5820972Z","lastModifiedBy":"v-taoxuzeng@microsoft.com","lastModifiedByType":"User","lastModifiedAt":"2022-05-25T15:35:36.5820972Z"}},{"id":"/subscriptions/00000000-0000-0000-0000-000000000000/resourceGroups/resourcegroupsamesub/providers/Microsoft.ContainerRegistry/registries/sourceregistrysamesubq6krouw5rweqpjxubyv","name":"sourceregistrysamesubq6krouw5rweqpjxubyv","type":"Microsoft.ContainerRegistry/registries","sku":{"name":"Standard","tier":"Standard"},"location":"westus","tags":{},"systemData":{"lastModifiedBy":"azureclilivetest@azuresdkteam.onmicrosoft.com","lastModifiedByType":"User","lastModifiedAt":"2023-02-09T15:10:23.4254031Z"}},{"id":"/subscriptions/00000000-0000-0000-0000-000000000000/resourceGroups/similar-bot/providers/Microsoft.ContainerRegistry/registries/similarbot","name":"similarbot","type":"Microsoft.ContainerRegistry/registries","sku":{"name":"Standard","tier":"Standard"},"location":"eastus","tags":{},"systemData":{"createdBy":"hanglei@microsoft.com","createdByType":"User","createdAt":"2022-12-27T10:03:56.9625259Z","lastModifiedBy":"hanglei@microsoft.com","lastModifiedByType":"User","lastModifiedAt":"2022-12-27T10:03:56.9625259Z"}}]}'
    headers:
      cache-control:
      - no-cache
      content-length:
      - '2525'
      content-type:
      - application/json; charset=utf-8
      date:
      - Fri, 10 Feb 2023 09:20:19 GMT
      expires:
      - '-1'
      pragma:
      - no-cache
      strict-transport-security:
      - max-age=31536000; includeSubDomains
      vary:
      - Accept-Encoding
      x-content-type-options:
      - nosniff
    status:
      code: 200
      message: OK
- request:
    body: null
    headers:
      Accept:
      - application/json
      Accept-Encoding:
      - gzip, deflate
      CommandName:
      - acr identity remove
      Connection:
      - keep-alive
      ParameterSetName:
      - --name --identities
      User-Agent:
      - AZURECLI/2.45.0 azsdk-python-azure-mgmt-containerregistry/10.0.0 Python/3.9.13
        (Windows-10-10.0.22621-SP0)
    method: GET
    uri: https://management.azure.com/subscriptions/00000000-0000-0000-0000-000000000000/resourceGroups/clitest.rg000001/providers/Microsoft.ContainerRegistry/registries/testreg000004?api-version=2022-02-01-preview
  response:
    body:
      string: '{"sku":{"name":"Premium","tier":"Premium"},"type":"Microsoft.ContainerRegistry/registries","identity":{"type":"userAssigned","userAssignedIdentities":{"/subscriptions/00000000-0000-0000-0000-000000000000/resourcegroups/clitest.rg000001/providers/Microsoft.ManagedIdentity/userAssignedIdentities/testidentity000002":{"principalId":"2dcff6ee-4753-4bfa-a4f5-e8bf0002a72b","clientId":"f990b675-18f1-4c67-b5a3-6bfca223e51c"}}},"id":"/subscriptions/00000000-0000-0000-0000-000000000000/resourceGroups/clitest.rg000001/providers/Microsoft.ContainerRegistry/registries/testreg000004","name":"testreg000004","location":"westus","tags":{},"systemData":{"createdBy":"zhuyan@microsoft.com","createdByType":"User","createdAt":"2023-02-10T09:17:37.944634+00:00","lastModifiedBy":"zhuyan@microsoft.com","lastModifiedByType":"User","lastModifiedAt":"2023-02-10T09:19:55.4350401+00:00"},"properties":{"loginServer":"testreg000004.azurecr.io","creationDate":"2023-02-10T09:17:37.944634Z","provisioningState":"Succeeded","adminUserEnabled":false,"networkRuleSet":{"defaultAction":"Allow","ipRules":[]},"policies":{"quarantinePolicy":{"status":"disabled"},"trustPolicy":{"type":"Notary","status":"disabled"},"retentionPolicy":{"days":7,"lastUpdatedTime":"2023-02-10T09:19:56.2789211+00:00","status":"disabled"},"exportPolicy":{"status":"enabled"},"azureADAuthenticationAsArmPolicy":{"status":"enabled"},"softDeletePolicy":{"retentionDays":7,"lastUpdatedTime":"2023-02-10T09:19:56.2789211+00:00","status":"disabled"}},"encryption":{"status":"disabled"},"dataEndpointEnabled":false,"dataEndpointHostNames":[],"privateEndpointConnections":[],"publicNetworkAccess":"Enabled","networkRuleBypassOptions":"AzureServices","zoneRedundancy":"Disabled","anonymousPullEnabled":false}}'
    headers:
      api-supported-versions:
      - 2022-02-01-preview
      cache-control:
      - no-cache
      content-length:
      - '1752'
      content-type:
      - application/json; charset=utf-8
      date:
      - Fri, 10 Feb 2023 09:20:20 GMT
      expires:
      - '-1'
      pragma:
      - no-cache
      server:
      - Microsoft-HTTPAPI/2.0
      strict-transport-security:
      - max-age=31536000; includeSubDomains
      transfer-encoding:
      - chunked
      vary:
      - Accept-Encoding
      x-content-type-options:
      - nosniff
    status:
      code: 200
      message: OK
- request:
    body: '{"location": "westus", "tags": {}, "sku": {"name": "Premium"}, "identity":
      {"type": "None"}, "properties": {"adminUserEnabled": false, "networkRuleSet":
      {"defaultAction": "Allow", "ipRules": []}, "policies": {"quarantinePolicy":
      {"status": "disabled"}, "trustPolicy": {"type": "Notary", "status": "disabled"},
      "retentionPolicy": {"days": 7, "status": "disabled"}, "exportPolicy": {"status":
      "enabled"}, "azureADAuthenticationAsArmPolicy": {"status": "enabled"}, "softDeletePolicy":
      {"retentionDays": 7, "status": "disabled"}}, "encryption": {"status": "disabled"},
      "dataEndpointEnabled": false, "publicNetworkAccess": "Enabled", "networkRuleBypassOptions":
      "AzureServices", "zoneRedundancy": "Disabled", "anonymousPullEnabled": false}}'
    headers:
      Accept:
      - application/json
      Accept-Encoding:
      - gzip, deflate
      CommandName:
      - acr identity remove
      Connection:
      - keep-alive
      Content-Length:
      - '735'
      Content-Type:
      - application/json
      ParameterSetName:
      - --name --identities
      User-Agent:
      - AZURECLI/2.45.0 azsdk-python-azure-mgmt-containerregistry/10.0.0 Python/3.9.13
        (Windows-10-10.0.22621-SP0)
    method: PUT
    uri: https://management.azure.com/subscriptions/00000000-0000-0000-0000-000000000000/resourceGroups/clitest.rg000001/providers/Microsoft.ContainerRegistry/registries/testreg000004?api-version=2022-02-01-preview
  response:
    body:
      string: '{"sku":{"name":"Premium","tier":"Premium"},"type":"Microsoft.ContainerRegistry/registries","identity":{"type":"userAssigned","userAssignedIdentities":{"/subscriptions/00000000-0000-0000-0000-000000000000/resourcegroups/clitest.rg000001/providers/Microsoft.ManagedIdentity/userAssignedIdentities/testidentity000002":{"principalId":"2dcff6ee-4753-4bfa-a4f5-e8bf0002a72b","clientId":"f990b675-18f1-4c67-b5a3-6bfca223e51c"}}},"id":"/subscriptions/00000000-0000-0000-0000-000000000000/resourceGroups/clitest.rg000001/providers/Microsoft.ContainerRegistry/registries/testreg000004","name":"testreg000004","location":"westus","tags":{},"systemData":{"createdBy":"zhuyan@microsoft.com","createdByType":"User","createdAt":"2023-02-10T09:17:37.944634+00:00","lastModifiedBy":"zhuyan@microsoft.com","lastModifiedByType":"User","lastModifiedAt":"2023-02-10T09:20:21.8354523+00:00"},"properties":{"loginServer":"testreg000004.azurecr.io","creationDate":"2023-02-10T09:17:37.944634Z","provisioningState":"Updating","adminUserEnabled":false,"networkRuleSet":{"defaultAction":"Allow","ipRules":[]},"policies":{"quarantinePolicy":{"status":"disabled"},"trustPolicy":{"type":"Notary","status":"disabled"},"retentionPolicy":{"days":7,"lastUpdatedTime":"2023-02-10T09:20:23.4689194+00:00","status":"disabled"},"exportPolicy":{"status":"enabled"},"azureADAuthenticationAsArmPolicy":{"status":"enabled"},"softDeletePolicy":{"retentionDays":7,"lastUpdatedTime":"2023-02-10T09:20:23.4689194+00:00","status":"disabled"}},"encryption":{"status":"disabled"},"dataEndpointEnabled":false,"dataEndpointHostNames":[],"privateEndpointConnections":[],"publicNetworkAccess":"Enabled","networkRuleBypassOptions":"AzureServices","zoneRedundancy":"Disabled","anonymousPullEnabled":false}}'
    headers:
      api-supported-versions:
      - 2022-02-01-preview
      azure-asyncoperation:
      - https://management.azure.com/subscriptions/00000000-0000-0000-0000-000000000000/resourceGroups/clitest.rg000001/providers/Microsoft.ContainerRegistry/registries/testreg000004/operationStatuses/registries-23333900-a924-11ed-9bbf-c01803b31d95?api-version=2022-02-01-preview
      cache-control:
      - no-cache
      content-length:
      - '1751'
      content-type:
      - application/json; charset=utf-8
      date:
      - Fri, 10 Feb 2023 09:20:26 GMT
      expires:
      - '-1'
      pragma:
      - no-cache
      server:
      - Microsoft-HTTPAPI/2.0
      strict-transport-security:
      - max-age=31536000; includeSubDomains
      x-content-type-options:
      - nosniff
      x-ms-ratelimit-remaining-subscription-writes:
      - '1199'
    status:
      code: 201
      message: Created
- request:
    body: null
    headers:
      Accept:
      - '*/*'
      Accept-Encoding:
      - gzip, deflate
      CommandName:
      - acr identity remove
      Connection:
      - keep-alive
      ParameterSetName:
      - --name --identities
      User-Agent:
      - AZURECLI/2.45.0 azsdk-python-azure-mgmt-containerregistry/10.0.0 Python/3.9.13
        (Windows-10-10.0.22621-SP0)
    method: GET
    uri: https://management.azure.com/subscriptions/00000000-0000-0000-0000-000000000000/resourceGroups/clitest.rg000001/providers/Microsoft.ContainerRegistry/registries/testreg000004/operationStatuses/registries-23333900-a924-11ed-9bbf-c01803b31d95?api-version=2022-02-01-preview
  response:
    body:
      string: '{"status":"Succeeded"}'
    headers:
      api-supported-versions:
      - 2022-02-01-preview
      azure-asyncoperation:
      - https://management.azure.com/subscriptions/00000000-0000-0000-0000-000000000000/resourceGroups/clitest.rg000001/providers/Microsoft.ContainerRegistry/registries/testreg000004/operationStatuses/registries-23333900-a924-11ed-9bbf-c01803b31d95?api-version=2022-02-01-preview
      cache-control:
      - no-cache
      content-length:
      - '22'
      content-type:
      - application/json; charset=utf-8
      date:
      - Fri, 10 Feb 2023 09:20:37 GMT
      expires:
      - '-1'
      pragma:
      - no-cache
      server:
      - Microsoft-HTTPAPI/2.0
      strict-transport-security:
      - max-age=31536000; includeSubDomains
      transfer-encoding:
      - chunked
      vary:
      - Accept-Encoding
      x-content-type-options:
      - nosniff
    status:
      code: 200
      message: OK
- request:
    body: null
    headers:
      Accept:
      - '*/*'
      Accept-Encoding:
      - gzip, deflate
      CommandName:
      - acr identity remove
      Connection:
      - keep-alive
      ParameterSetName:
      - --name --identities
      User-Agent:
      - AZURECLI/2.45.0 azsdk-python-azure-mgmt-containerregistry/10.0.0 Python/3.9.13
        (Windows-10-10.0.22621-SP0)
    method: GET
    uri: https://management.azure.com/subscriptions/00000000-0000-0000-0000-000000000000/resourceGroups/clitest.rg000001/providers/Microsoft.ContainerRegistry/registries/testreg000004?api-version=2022-02-01-preview
  response:
    body:
      string: '{"sku":{"name":"Premium","tier":"Premium"},"type":"Microsoft.ContainerRegistry/registries","id":"/subscriptions/00000000-0000-0000-0000-000000000000/resourceGroups/clitest.rg000001/providers/Microsoft.ContainerRegistry/registries/testreg000004","name":"testreg000004","location":"westus","tags":{},"systemData":{"createdBy":"zhuyan@microsoft.com","createdByType":"User","createdAt":"2023-02-10T09:17:37.944634+00:00","lastModifiedBy":"zhuyan@microsoft.com","lastModifiedByType":"User","lastModifiedAt":"2023-02-10T09:20:21.8354523+00:00"},"properties":{"loginServer":"testreg000004.azurecr.io","creationDate":"2023-02-10T09:17:37.944634Z","provisioningState":"Succeeded","adminUserEnabled":false,"networkRuleSet":{"defaultAction":"Allow","ipRules":[]},"policies":{"quarantinePolicy":{"status":"disabled"},"trustPolicy":{"type":"Notary","status":"disabled"},"retentionPolicy":{"days":7,"lastUpdatedTime":"2023-02-10T09:20:23.4689194+00:00","status":"disabled"},"exportPolicy":{"status":"enabled"},"azureADAuthenticationAsArmPolicy":{"status":"enabled"},"softDeletePolicy":{"retentionDays":7,"lastUpdatedTime":"2023-02-10T09:20:23.4689194+00:00","status":"disabled"}},"encryption":{"status":"disabled"},"dataEndpointEnabled":false,"dataEndpointHostNames":[],"privateEndpointConnections":[],"publicNetworkAccess":"Enabled","networkRuleBypassOptions":"AzureServices","zoneRedundancy":"Disabled","anonymousPullEnabled":false}}'
    headers:
      api-supported-versions:
      - 2022-02-01-preview
      cache-control:
      - no-cache
      content-length:
      - '1421'
      content-type:
      - application/json; charset=utf-8
      date:
      - Fri, 10 Feb 2023 09:20:37 GMT
      expires:
      - '-1'
      pragma:
      - no-cache
      server:
      - Microsoft-HTTPAPI/2.0
      strict-transport-security:
      - max-age=31536000; includeSubDomains
      transfer-encoding:
      - chunked
      vary:
      - Accept-Encoding
      x-content-type-options:
      - nosniff
    status:
      code: 200
      message: OK
- request:
    body: null
    headers:
      Accept:
      - application/json
      Accept-Encoding:
      - gzip, deflate
      CommandName:
      - acr identity assign
      Connection:
      - keep-alive
      ParameterSetName:
      - --name --identities
      User-Agent:
      - AZURECLI/2.45.0 azsdk-python-azure-mgmt-resource/21.1.0b1 Python/3.9.13 (Windows-10-10.0.22621-SP0)
    method: GET
    uri: https://management.azure.com/subscriptions/00000000-0000-0000-0000-000000000000/resources?$filter=resourceType%20eq%20%27Microsoft.ContainerRegistry%2Fregistries%27&api-version=2021-04-01
  response:
    body:
      string: '{"value":[{"id":"/subscriptions/00000000-0000-0000-0000-000000000000/resourceGroups/clitest.rg000001/providers/Microsoft.ContainerRegistry/registries/testreg000004","name":"testreg000004","type":"Microsoft.ContainerRegistry/registries","sku":{"name":"Premium","tier":"Premium"},"location":"westus","identity":{"type":"UserAssigned","userAssignedIdentities":{"/subscriptions/00000000-0000-0000-0000-000000000000/resourcegroups/clitest.rg000001/providers/Microsoft.ManagedIdentity/userAssignedIdentities/testidentity000002":{"principalId":"2dcff6ee-4753-4bfa-a4f5-e8bf0002a72b","clientId":"f990b675-18f1-4c67-b5a3-6bfca223e51c"}}},"tags":{},"systemData":{"createdBy":"zhuyan@microsoft.com","createdByType":"User","createdAt":"2023-02-10T09:17:37.944634Z","lastModifiedBy":"zhuyan@microsoft.com","lastModifiedByType":"User","lastModifiedAt":"2023-02-10T09:20:21.8354523Z"}},{"id":"/subscriptions/00000000-0000-0000-0000-000000000000/resourceGroups/clitest.rgdmp6b4zdlgf2zghnf33wrzqy5hlxebaoge4vthqahtej7epha57dcadupk7gdbmc2/providers/Microsoft.ContainerRegistry/registries/clireg7vx33prql5yce3","name":"clireg7vx33prql5yce3","type":"Microsoft.ContainerRegistry/registries","sku":{"name":"Premium","tier":"Premium"},"location":"eastus","tags":{},"systemData":{"createdBy":"v-taoxuzeng@microsoft.com","createdByType":"User","createdAt":"2022-05-25T15:35:36.5820972Z","lastModifiedBy":"v-taoxuzeng@microsoft.com","lastModifiedByType":"User","lastModifiedAt":"2022-05-25T15:35:36.5820972Z"}},{"id":"/subscriptions/00000000-0000-0000-0000-000000000000/resourceGroups/resourcegroupsamesub/providers/Microsoft.ContainerRegistry/registries/sourceregistrysamesubq6krouw5rweqpjxubyv","name":"sourceregistrysamesubq6krouw5rweqpjxubyv","type":"Microsoft.ContainerRegistry/registries","sku":{"name":"Standard","tier":"Standard"},"location":"westus","tags":{},"systemData":{"lastModifiedBy":"azureclilivetest@azuresdkteam.onmicrosoft.com","lastModifiedByType":"User","lastModifiedAt":"2023-02-09T15:10:23.4254031Z"}},{"id":"/subscriptions/00000000-0000-0000-0000-000000000000/resourceGroups/similar-bot/providers/Microsoft.ContainerRegistry/registries/similarbot","name":"similarbot","type":"Microsoft.ContainerRegistry/registries","sku":{"name":"Standard","tier":"Standard"},"location":"eastus","tags":{},"systemData":{"createdBy":"hanglei@microsoft.com","createdByType":"User","createdAt":"2022-12-27T10:03:56.9625259Z","lastModifiedBy":"hanglei@microsoft.com","lastModifiedByType":"User","lastModifiedAt":"2022-12-27T10:03:56.9625259Z"}}]}'
    headers:
      cache-control:
      - no-cache
      content-length:
      - '2525'
      content-type:
      - application/json; charset=utf-8
      date:
      - Fri, 10 Feb 2023 09:20:38 GMT
      expires:
      - '-1'
      pragma:
      - no-cache
      strict-transport-security:
      - max-age=31536000; includeSubDomains
      vary:
      - Accept-Encoding
      x-content-type-options:
      - nosniff
    status:
      code: 200
      message: OK
- request:
    body: null
    headers:
      Accept:
      - application/json
      Accept-Encoding:
      - gzip, deflate
      CommandName:
      - acr identity assign
      Connection:
      - keep-alive
      ParameterSetName:
      - --name --identities
      User-Agent:
      - AZURECLI/2.45.0 azsdk-python-azure-mgmt-containerregistry/10.0.0 Python/3.9.13
        (Windows-10-10.0.22621-SP0)
    method: GET
    uri: https://management.azure.com/subscriptions/00000000-0000-0000-0000-000000000000/resourceGroups/clitest.rg000001/providers/Microsoft.ContainerRegistry/registries/testreg000004?api-version=2022-02-01-preview
  response:
    body:
      string: '{"sku":{"name":"Premium","tier":"Premium"},"type":"Microsoft.ContainerRegistry/registries","id":"/subscriptions/00000000-0000-0000-0000-000000000000/resourceGroups/clitest.rg000001/providers/Microsoft.ContainerRegistry/registries/testreg000004","name":"testreg000004","location":"westus","tags":{},"systemData":{"createdBy":"zhuyan@microsoft.com","createdByType":"User","createdAt":"2023-02-10T09:17:37.944634+00:00","lastModifiedBy":"zhuyan@microsoft.com","lastModifiedByType":"User","lastModifiedAt":"2023-02-10T09:20:21.8354523+00:00"},"properties":{"loginServer":"testreg000004.azurecr.io","creationDate":"2023-02-10T09:17:37.944634Z","provisioningState":"Succeeded","adminUserEnabled":false,"networkRuleSet":{"defaultAction":"Allow","ipRules":[]},"policies":{"quarantinePolicy":{"status":"disabled"},"trustPolicy":{"type":"Notary","status":"disabled"},"retentionPolicy":{"days":7,"lastUpdatedTime":"2023-02-10T09:20:23.4689194+00:00","status":"disabled"},"exportPolicy":{"status":"enabled"},"azureADAuthenticationAsArmPolicy":{"status":"enabled"},"softDeletePolicy":{"retentionDays":7,"lastUpdatedTime":"2023-02-10T09:20:23.4689194+00:00","status":"disabled"}},"encryption":{"status":"disabled"},"dataEndpointEnabled":false,"dataEndpointHostNames":[],"privateEndpointConnections":[],"publicNetworkAccess":"Enabled","networkRuleBypassOptions":"AzureServices","zoneRedundancy":"Disabled","anonymousPullEnabled":false}}'
    headers:
      api-supported-versions:
      - 2022-02-01-preview
      cache-control:
      - no-cache
      content-length:
      - '1421'
      content-type:
      - application/json; charset=utf-8
      date:
      - Fri, 10 Feb 2023 09:20:40 GMT
      expires:
      - '-1'
      pragma:
      - no-cache
      server:
      - Microsoft-HTTPAPI/2.0
      strict-transport-security:
      - max-age=31536000; includeSubDomains
      transfer-encoding:
      - chunked
      vary:
      - Accept-Encoding
      x-content-type-options:
      - nosniff
    status:
      code: 200
      message: OK
- request:
    body: '{"location": "westus", "tags": {}, "sku": {"name": "Premium"}, "identity":
      {"type": "SystemAssigned, UserAssigned", "userAssignedIdentities": {"/subscriptions/00000000-0000-0000-0000-000000000000/resourcegroups/clitest.rg000001/providers/Microsoft.ManagedIdentity/userAssignedIdentities/testidentity000002":
      {}}}, "properties": {"adminUserEnabled": false, "networkRuleSet": {"defaultAction":
      "Allow", "ipRules": []}, "policies": {"quarantinePolicy": {"status": "disabled"},
      "trustPolicy": {"type": "Notary", "status": "disabled"}, "retentionPolicy":
      {"days": 7, "status": "disabled"}, "exportPolicy": {"status": "enabled"}, "azureADAuthenticationAsArmPolicy":
      {"status": "enabled"}, "softDeletePolicy": {"retentionDays": 7, "status": "disabled"}},
      "encryption": {"status": "disabled"}, "dataEndpointEnabled": false, "publicNetworkAccess":
      "Enabled", "networkRuleBypassOptions": "AzureServices", "zoneRedundancy": "Disabled",
      "anonymousPullEnabled": false}}'
    headers:
      Accept:
      - application/json
      Accept-Encoding:
      - gzip, deflate
      CommandName:
      - acr identity assign
      Connection:
      - keep-alive
      Content-Length:
      - '956'
      Content-Type:
      - application/json
      ParameterSetName:
      - --name --identities
      User-Agent:
      - AZURECLI/2.45.0 azsdk-python-azure-mgmt-containerregistry/10.0.0 Python/3.9.13
        (Windows-10-10.0.22621-SP0)
    method: PATCH
    uri: https://management.azure.com/subscriptions/00000000-0000-0000-0000-000000000000/resourceGroups/clitest.rg000001/providers/Microsoft.ContainerRegistry/registries/testreg000004?api-version=2022-02-01-preview
  response:
    body:
      string: '{"sku":{"name":"Premium","tier":"Premium"},"type":"Microsoft.ContainerRegistry/registries","id":"/subscriptions/00000000-0000-0000-0000-000000000000/resourceGroups/clitest.rg000001/providers/Microsoft.ContainerRegistry/registries/testreg000004","name":"testreg000004","location":"westus","tags":{},"systemData":{"createdBy":"zhuyan@microsoft.com","createdByType":"User","createdAt":"2023-02-10T09:17:37.944634+00:00","lastModifiedBy":"zhuyan@microsoft.com","lastModifiedByType":"User","lastModifiedAt":"2023-02-10T09:20:43.4508+00:00"},"properties":{"loginServer":"testreg000004.azurecr.io","creationDate":"2023-02-10T09:17:37.944634Z","provisioningState":"Updating","adminUserEnabled":false,"networkRuleSet":{"defaultAction":"Allow","ipRules":[]},"policies":{"quarantinePolicy":{"status":"disabled"},"trustPolicy":{"type":"Notary","status":"disabled"},"retentionPolicy":{"days":7,"lastUpdatedTime":"2023-02-10T09:20:44.4204209+00:00","status":"disabled"},"exportPolicy":{"status":"enabled"},"azureADAuthenticationAsArmPolicy":{"status":"enabled"},"softDeletePolicy":{"retentionDays":7,"lastUpdatedTime":"2023-02-10T09:20:44.4204209+00:00","status":"disabled"}},"encryption":{"status":"disabled"},"dataEndpointEnabled":false,"dataEndpointHostNames":[],"privateEndpointConnections":[],"publicNetworkAccess":"Enabled","networkRuleBypassOptions":"AzureServices","zoneRedundancy":"Disabled","anonymousPullEnabled":false}}'
    headers:
      api-supported-versions:
      - 2022-02-01-preview
      azure-asyncoperation:
      - https://management.azure.com/subscriptions/00000000-0000-0000-0000-000000000000/resourceGroups/clitest.rg000001/providers/Microsoft.ContainerRegistry/registries/testreg000004/operationStatuses/registries-2e6da4ef-a924-11ed-9934-c01803b31d95?api-version=2022-02-01-preview
      cache-control:
      - no-cache
      content-length:
      - '1417'
      content-type:
      - application/json; charset=utf-8
      date:
      - Fri, 10 Feb 2023 09:20:46 GMT
      expires:
      - '-1'
      pragma:
      - no-cache
      server:
      - Microsoft-HTTPAPI/2.0
      strict-transport-security:
      - max-age=31536000; includeSubDomains
      x-content-type-options:
      - nosniff
      x-ms-ratelimit-remaining-subscription-writes:
      - '1198'
    status:
      code: 201
      message: Created
- request:
    body: null
    headers:
      Accept:
      - '*/*'
      Accept-Encoding:
      - gzip, deflate
      CommandName:
      - acr identity assign
      Connection:
      - keep-alive
      ParameterSetName:
      - --name --identities
      User-Agent:
      - AZURECLI/2.45.0 azsdk-python-azure-mgmt-containerregistry/10.0.0 Python/3.9.13
        (Windows-10-10.0.22621-SP0)
    method: GET
    uri: https://management.azure.com/subscriptions/00000000-0000-0000-0000-000000000000/resourceGroups/clitest.rg000001/providers/Microsoft.ContainerRegistry/registries/testreg000004/operationStatuses/registries-2e6da4ef-a924-11ed-9934-c01803b31d95?api-version=2022-02-01-preview
  response:
    body:
      string: '{"status":"Succeeded"}'
    headers:
      api-supported-versions:
      - 2022-02-01-preview
      azure-asyncoperation:
      - https://management.azure.com/subscriptions/00000000-0000-0000-0000-000000000000/resourceGroups/clitest.rg000001/providers/Microsoft.ContainerRegistry/registries/testreg000004/operationStatuses/registries-2e6da4ef-a924-11ed-9934-c01803b31d95?api-version=2022-02-01-preview
      cache-control:
      - no-cache
      content-length:
      - '22'
      content-type:
      - application/json; charset=utf-8
      date:
      - Fri, 10 Feb 2023 09:20:56 GMT
      expires:
      - '-1'
      pragma:
      - no-cache
      server:
      - Microsoft-HTTPAPI/2.0
      strict-transport-security:
      - max-age=31536000; includeSubDomains
      transfer-encoding:
      - chunked
      vary:
      - Accept-Encoding
      x-content-type-options:
      - nosniff
    status:
      code: 200
      message: OK
- request:
    body: null
    headers:
      Accept:
      - '*/*'
      Accept-Encoding:
      - gzip, deflate
      CommandName:
      - acr identity assign
      Connection:
      - keep-alive
      ParameterSetName:
      - --name --identities
      User-Agent:
      - AZURECLI/2.45.0 azsdk-python-azure-mgmt-containerregistry/10.0.0 Python/3.9.13
        (Windows-10-10.0.22621-SP0)
    method: GET
    uri: https://management.azure.com/subscriptions/00000000-0000-0000-0000-000000000000/resourceGroups/clitest.rg000001/providers/Microsoft.ContainerRegistry/registries/testreg000004?api-version=2022-02-01-preview
  response:
    body:
      string: '{"sku":{"name":"Premium","tier":"Premium"},"type":"Microsoft.ContainerRegistry/registries","identity":{"principalId":"391ffb09-02d0-465c-8aaf-5f74fbff4d63","tenantId":"54826b22-38d6-4fb2-bad9-b7b93a3e9c5a","type":"systemAssigned,
        userAssigned","userAssignedIdentities":{"/subscriptions/00000000-0000-0000-0000-000000000000/resourcegroups/clitest.rg000001/providers/Microsoft.ManagedIdentity/userAssignedIdentities/testidentity000002":{"principalId":"2dcff6ee-4753-4bfa-a4f5-e8bf0002a72b","clientId":"f990b675-18f1-4c67-b5a3-6bfca223e51c"}}},"id":"/subscriptions/00000000-0000-0000-0000-000000000000/resourceGroups/clitest.rg000001/providers/Microsoft.ContainerRegistry/registries/testreg000004","name":"testreg000004","location":"westus","tags":{},"systemData":{"createdBy":"zhuyan@microsoft.com","createdByType":"User","createdAt":"2023-02-10T09:17:37.944634+00:00","lastModifiedBy":"zhuyan@microsoft.com","lastModifiedByType":"User","lastModifiedAt":"2023-02-10T09:20:43.4508+00:00"},"properties":{"loginServer":"testreg000004.azurecr.io","creationDate":"2023-02-10T09:17:37.944634Z","provisioningState":"Succeeded","adminUserEnabled":false,"networkRuleSet":{"defaultAction":"Allow","ipRules":[]},"policies":{"quarantinePolicy":{"status":"disabled"},"trustPolicy":{"type":"Notary","status":"disabled"},"retentionPolicy":{"days":7,"lastUpdatedTime":"2023-02-10T09:20:44.4204209+00:00","status":"disabled"},"exportPolicy":{"status":"enabled"},"azureADAuthenticationAsArmPolicy":{"status":"enabled"},"softDeletePolicy":{"retentionDays":7,"lastUpdatedTime":"2023-02-10T09:20:44.4204209+00:00","status":"disabled"}},"encryption":{"status":"disabled"},"dataEndpointEnabled":false,"dataEndpointHostNames":[],"privateEndpointConnections":[],"publicNetworkAccess":"Enabled","networkRuleBypassOptions":"AzureServices","zoneRedundancy":"Disabled","anonymousPullEnabled":false}}'
    headers:
      api-supported-versions:
      - 2022-02-01-preview
      cache-control:
      - no-cache
      content-length:
      - '1868'
      content-type:
      - application/json; charset=utf-8
      date:
      - Fri, 10 Feb 2023 09:20:57 GMT
      expires:
      - '-1'
      pragma:
      - no-cache
      server:
      - Microsoft-HTTPAPI/2.0
      strict-transport-security:
      - max-age=31536000; includeSubDomains
      transfer-encoding:
      - chunked
      vary:
      - Accept-Encoding
      x-content-type-options:
      - nosniff
    status:
      code: 200
      message: OK
- request:
    body: null
    headers:
      Accept:
      - application/json
      Accept-Encoding:
      - gzip, deflate
      CommandName:
      - acr identity assign
      Connection:
      - keep-alive
      ParameterSetName:
      - --name --identities
      User-Agent:
      - AZURECLI/2.45.0 azsdk-python-azure-mgmt-resource/21.1.0b1 Python/3.9.13 (Windows-10-10.0.22621-SP0)
    method: GET
    uri: https://management.azure.com/subscriptions/00000000-0000-0000-0000-000000000000/resources?$filter=resourceType%20eq%20%27Microsoft.ContainerRegistry%2Fregistries%27&api-version=2021-04-01
  response:
    body:
      string: '{"value":[{"id":"/subscriptions/00000000-0000-0000-0000-000000000000/resourceGroups/clitest.rg000001/providers/Microsoft.ContainerRegistry/registries/testreg000004","name":"testreg000004","type":"Microsoft.ContainerRegistry/registries","sku":{"name":"Premium","tier":"Premium"},"location":"westus","identity":{"principalId":"391ffb09-02d0-465c-8aaf-5f74fbff4d63","tenantId":"54826b22-38d6-4fb2-bad9-b7b93a3e9c5a","type":"SystemAssigned,
        UserAssigned","userAssignedIdentities":{"/subscriptions/00000000-0000-0000-0000-000000000000/resourcegroups/clitest.rg000001/providers/Microsoft.ManagedIdentity/userAssignedIdentities/testidentity000002":{"principalId":"2dcff6ee-4753-4bfa-a4f5-e8bf0002a72b","clientId":"f990b675-18f1-4c67-b5a3-6bfca223e51c"}}},"tags":{},"systemData":{"createdBy":"zhuyan@microsoft.com","createdByType":"User","createdAt":"2023-02-10T09:17:37.944634Z","lastModifiedBy":"zhuyan@microsoft.com","lastModifiedByType":"User","lastModifiedAt":"2023-02-10T09:20:43.4508Z"}},{"id":"/subscriptions/00000000-0000-0000-0000-000000000000/resourceGroups/clitest.rgdmp6b4zdlgf2zghnf33wrzqy5hlxebaoge4vthqahtej7epha57dcadupk7gdbmc2/providers/Microsoft.ContainerRegistry/registries/clireg7vx33prql5yce3","name":"clireg7vx33prql5yce3","type":"Microsoft.ContainerRegistry/registries","sku":{"name":"Premium","tier":"Premium"},"location":"eastus","tags":{},"systemData":{"createdBy":"v-taoxuzeng@microsoft.com","createdByType":"User","createdAt":"2022-05-25T15:35:36.5820972Z","lastModifiedBy":"v-taoxuzeng@microsoft.com","lastModifiedByType":"User","lastModifiedAt":"2022-05-25T15:35:36.5820972Z"}},{"id":"/subscriptions/00000000-0000-0000-0000-000000000000/resourceGroups/resourcegroupsamesub/providers/Microsoft.ContainerRegistry/registries/sourceregistrysamesubq6krouw5rweqpjxubyv","name":"sourceregistrysamesubq6krouw5rweqpjxubyv","type":"Microsoft.ContainerRegistry/registries","sku":{"name":"Standard","tier":"Standard"},"location":"westus","tags":{},"systemData":{"lastModifiedBy":"azureclilivetest@azuresdkteam.onmicrosoft.com","lastModifiedByType":"User","lastModifiedAt":"2023-02-09T15:10:23.4254031Z"}},{"id":"/subscriptions/00000000-0000-0000-0000-000000000000/resourceGroups/similar-bot/providers/Microsoft.ContainerRegistry/registries/similarbot","name":"similarbot","type":"Microsoft.ContainerRegistry/registries","sku":{"name":"Standard","tier":"Standard"},"location":"eastus","tags":{},"systemData":{"createdBy":"hanglei@microsoft.com","createdByType":"User","createdAt":"2022-12-27T10:03:56.9625259Z","lastModifiedBy":"hanglei@microsoft.com","lastModifiedByType":"User","lastModifiedAt":"2022-12-27T10:03:56.9625259Z"}}]}'
    headers:
      cache-control:
      - no-cache
      content-length:
      - '2641'
      content-type:
      - application/json; charset=utf-8
      date:
      - Fri, 10 Feb 2023 09:21:08 GMT
      expires:
      - '-1'
      pragma:
      - no-cache
      strict-transport-security:
      - max-age=31536000; includeSubDomains
      vary:
      - Accept-Encoding
      x-content-type-options:
      - nosniff
    status:
      code: 200
      message: OK
- request:
    body: null
    headers:
      Accept:
      - application/json
      Accept-Encoding:
      - gzip, deflate
      CommandName:
      - acr identity assign
      Connection:
      - keep-alive
      ParameterSetName:
      - --name --identities
      User-Agent:
      - AZURECLI/2.45.0 azsdk-python-azure-mgmt-containerregistry/10.0.0 Python/3.9.13
        (Windows-10-10.0.22621-SP0)
    method: GET
    uri: https://management.azure.com/subscriptions/00000000-0000-0000-0000-000000000000/resourceGroups/clitest.rg000001/providers/Microsoft.ContainerRegistry/registries/testreg000004?api-version=2022-02-01-preview
  response:
    body:
      string: '{"sku":{"name":"Premium","tier":"Premium"},"type":"Microsoft.ContainerRegistry/registries","identity":{"principalId":"391ffb09-02d0-465c-8aaf-5f74fbff4d63","tenantId":"54826b22-38d6-4fb2-bad9-b7b93a3e9c5a","type":"systemAssigned,
        userAssigned","userAssignedIdentities":{"/subscriptions/00000000-0000-0000-0000-000000000000/resourcegroups/clitest.rg000001/providers/Microsoft.ManagedIdentity/userAssignedIdentities/testidentity000002":{"principalId":"2dcff6ee-4753-4bfa-a4f5-e8bf0002a72b","clientId":"f990b675-18f1-4c67-b5a3-6bfca223e51c"}}},"id":"/subscriptions/00000000-0000-0000-0000-000000000000/resourceGroups/clitest.rg000001/providers/Microsoft.ContainerRegistry/registries/testreg000004","name":"testreg000004","location":"westus","tags":{},"systemData":{"createdBy":"zhuyan@microsoft.com","createdByType":"User","createdAt":"2023-02-10T09:17:37.944634+00:00","lastModifiedBy":"zhuyan@microsoft.com","lastModifiedByType":"User","lastModifiedAt":"2023-02-10T09:20:43.4508+00:00"},"properties":{"loginServer":"testreg000004.azurecr.io","creationDate":"2023-02-10T09:17:37.944634Z","provisioningState":"Succeeded","adminUserEnabled":false,"networkRuleSet":{"defaultAction":"Allow","ipRules":[]},"policies":{"quarantinePolicy":{"status":"disabled"},"trustPolicy":{"type":"Notary","status":"disabled"},"retentionPolicy":{"days":7,"lastUpdatedTime":"2023-02-10T09:20:44.4204209+00:00","status":"disabled"},"exportPolicy":{"status":"enabled"},"azureADAuthenticationAsArmPolicy":{"status":"enabled"},"softDeletePolicy":{"retentionDays":7,"lastUpdatedTime":"2023-02-10T09:20:44.4204209+00:00","status":"disabled"}},"encryption":{"status":"disabled"},"dataEndpointEnabled":false,"dataEndpointHostNames":[],"privateEndpointConnections":[],"publicNetworkAccess":"Enabled","networkRuleBypassOptions":"AzureServices","zoneRedundancy":"Disabled","anonymousPullEnabled":false}}'
    headers:
      api-supported-versions:
      - 2022-02-01-preview
      cache-control:
      - no-cache
      content-length:
      - '1868'
      content-type:
      - application/json; charset=utf-8
      date:
      - Fri, 10 Feb 2023 09:21:09 GMT
      expires:
      - '-1'
      pragma:
      - no-cache
      server:
      - Microsoft-HTTPAPI/2.0
      strict-transport-security:
      - max-age=31536000; includeSubDomains
      transfer-encoding:
      - chunked
      vary:
      - Accept-Encoding
      x-content-type-options:
      - nosniff
    status:
      code: 200
      message: OK
- request:
    body: '{"location": "westus", "tags": {}, "sku": {"name": "Premium"}, "identity":
      {"principalId": "391ffb09-02d0-465c-8aaf-5f74fbff4d63", "tenantId": "54826b22-38d6-4fb2-bad9-b7b93a3e9c5a",
      "type": "SystemAssigned, UserAssigned", "userAssignedIdentities": {"/subscriptions/00000000-0000-0000-0000-000000000000/resourcegroups/clitest.rg000001/providers/Microsoft.ManagedIdentity/userAssignedIdentities/testidentity000002":
      {"principalId": "2dcff6ee-4753-4bfa-a4f5-e8bf0002a72b", "clientId": "f990b675-18f1-4c67-b5a3-6bfca223e51c"},
      "/subscriptions/00000000-0000-0000-0000-000000000000/resourcegroups/clitest.rg000001/providers/Microsoft.ManagedIdentity/userAssignedIdentities/testidentity2000003":
      {}}}, "properties": {"adminUserEnabled": false, "networkRuleSet": {"defaultAction":
      "Allow", "ipRules": []}, "policies": {"quarantinePolicy": {"status": "disabled"},
      "trustPolicy": {"type": "Notary", "status": "disabled"}, "retentionPolicy":
      {"days": 7, "status": "disabled"}, "exportPolicy": {"status": "enabled"}, "azureADAuthenticationAsArmPolicy":
      {"status": "enabled"}, "softDeletePolicy": {"retentionDays": 7, "status": "disabled"}},
      "encryption": {"status": "disabled"}, "dataEndpointEnabled": false, "publicNetworkAccess":
      "Enabled", "networkRuleBypassOptions": "AzureServices", "zoneRedundancy": "Disabled",
      "anonymousPullEnabled": false}}'
    headers:
      Accept:
      - application/json
      Accept-Encoding:
      - gzip, deflate
      CommandName:
      - acr identity assign
      Connection:
      - keep-alive
      Content-Length:
      - '1338'
      Content-Type:
      - application/json
      ParameterSetName:
      - --name --identities
      User-Agent:
      - AZURECLI/2.45.0 azsdk-python-azure-mgmt-containerregistry/10.0.0 Python/3.9.13
        (Windows-10-10.0.22621-SP0)
    method: PATCH
    uri: https://management.azure.com/subscriptions/00000000-0000-0000-0000-000000000000/resourceGroups/clitest.rg000001/providers/Microsoft.ContainerRegistry/registries/testreg000004?api-version=2022-02-01-preview
  response:
    body:
      string: '{"sku":{"name":"Premium","tier":"Premium"},"type":"Microsoft.ContainerRegistry/registries","identity":{"principalId":"391ffb09-02d0-465c-8aaf-5f74fbff4d63","tenantId":"54826b22-38d6-4fb2-bad9-b7b93a3e9c5a","type":"systemAssigned,
        userAssigned","userAssignedIdentities":{"/subscriptions/00000000-0000-0000-0000-000000000000/resourcegroups/clitest.rg000001/providers/Microsoft.ManagedIdentity/userAssignedIdentities/testidentity000002":{"principalId":"2dcff6ee-4753-4bfa-a4f5-e8bf0002a72b","clientId":"f990b675-18f1-4c67-b5a3-6bfca223e51c"}}},"id":"/subscriptions/00000000-0000-0000-0000-000000000000/resourceGroups/clitest.rg000001/providers/Microsoft.ContainerRegistry/registries/testreg000004","name":"testreg000004","location":"westus","tags":{},"systemData":{"createdBy":"zhuyan@microsoft.com","createdByType":"User","createdAt":"2023-02-10T09:17:37.944634+00:00","lastModifiedBy":"zhuyan@microsoft.com","lastModifiedByType":"User","lastModifiedAt":"2023-02-10T09:21:11.5079801+00:00"},"properties":{"loginServer":"testreg000004.azurecr.io","creationDate":"2023-02-10T09:17:37.944634Z","provisioningState":"Updating","adminUserEnabled":false,"networkRuleSet":{"defaultAction":"Allow","ipRules":[]},"policies":{"quarantinePolicy":{"status":"disabled"},"trustPolicy":{"type":"Notary","status":"disabled"},"retentionPolicy":{"days":7,"lastUpdatedTime":"2023-02-10T09:21:12.5439051+00:00","status":"disabled"},"exportPolicy":{"status":"enabled"},"azureADAuthenticationAsArmPolicy":{"status":"enabled"},"softDeletePolicy":{"retentionDays":7,"lastUpdatedTime":"2023-02-10T09:21:12.5439051+00:00","status":"disabled"}},"encryption":{"status":"disabled"},"dataEndpointEnabled":false,"dataEndpointHostNames":[],"privateEndpointConnections":[],"publicNetworkAccess":"Enabled","networkRuleBypassOptions":"AzureServices","zoneRedundancy":"Disabled","anonymousPullEnabled":false}}'
    headers:
      api-supported-versions:
      - 2022-02-01-preview
      azure-asyncoperation:
      - https://management.azure.com/subscriptions/00000000-0000-0000-0000-000000000000/resourceGroups/clitest.rg000001/providers/Microsoft.ContainerRegistry/registries/testreg000004/operationStatuses/registries-4032ad7f-a924-11ed-9d26-c01803b31d95?api-version=2022-02-01-preview
      cache-control:
      - no-cache
      content-length:
      - '1870'
      content-type:
      - application/json; charset=utf-8
      date:
      - Fri, 10 Feb 2023 09:21:15 GMT
      expires:
      - '-1'
      pragma:
      - no-cache
      server:
      - Microsoft-HTTPAPI/2.0
      strict-transport-security:
      - max-age=31536000; includeSubDomains
      x-content-type-options:
      - nosniff
      x-ms-ratelimit-remaining-subscription-writes:
      - '1199'
    status:
      code: 201
      message: Created
- request:
    body: null
    headers:
      Accept:
      - '*/*'
      Accept-Encoding:
      - gzip, deflate
      CommandName:
      - acr identity assign
      Connection:
      - keep-alive
      ParameterSetName:
      - --name --identities
      User-Agent:
      - AZURECLI/2.45.0 azsdk-python-azure-mgmt-containerregistry/10.0.0 Python/3.9.13
        (Windows-10-10.0.22621-SP0)
    method: GET
    uri: https://management.azure.com/subscriptions/00000000-0000-0000-0000-000000000000/resourceGroups/clitest.rg000001/providers/Microsoft.ContainerRegistry/registries/testreg000004/operationStatuses/registries-4032ad7f-a924-11ed-9d26-c01803b31d95?api-version=2022-02-01-preview
  response:
    body:
      string: '{"status":"Succeeded"}'
    headers:
      api-supported-versions:
      - 2022-02-01-preview
      azure-asyncoperation:
      - https://management.azure.com/subscriptions/00000000-0000-0000-0000-000000000000/resourceGroups/clitest.rg000001/providers/Microsoft.ContainerRegistry/registries/testreg000004/operationStatuses/registries-4032ad7f-a924-11ed-9d26-c01803b31d95?api-version=2022-02-01-preview
      cache-control:
      - no-cache
      content-length:
      - '22'
      content-type:
      - application/json; charset=utf-8
      date:
      - Fri, 10 Feb 2023 09:21:25 GMT
      expires:
      - '-1'
      pragma:
      - no-cache
      server:
      - Microsoft-HTTPAPI/2.0
      strict-transport-security:
      - max-age=31536000; includeSubDomains
      transfer-encoding:
      - chunked
      vary:
      - Accept-Encoding
      x-content-type-options:
      - nosniff
    status:
      code: 200
      message: OK
- request:
    body: null
    headers:
      Accept:
      - '*/*'
      Accept-Encoding:
      - gzip, deflate
      CommandName:
      - acr identity assign
      Connection:
      - keep-alive
      ParameterSetName:
      - --name --identities
      User-Agent:
      - AZURECLI/2.45.0 azsdk-python-azure-mgmt-containerregistry/10.0.0 Python/3.9.13
        (Windows-10-10.0.22621-SP0)
    method: GET
    uri: https://management.azure.com/subscriptions/00000000-0000-0000-0000-000000000000/resourceGroups/clitest.rg000001/providers/Microsoft.ContainerRegistry/registries/testreg000004?api-version=2022-02-01-preview
  response:
    body:
      string: '{"sku":{"name":"Premium","tier":"Premium"},"type":"Microsoft.ContainerRegistry/registries","identity":{"principalId":"391ffb09-02d0-465c-8aaf-5f74fbff4d63","tenantId":"54826b22-38d6-4fb2-bad9-b7b93a3e9c5a","type":"systemAssigned,
        userAssigned","userAssignedIdentities":{"/subscriptions/00000000-0000-0000-0000-000000000000/resourcegroups/clitest.rg000001/providers/Microsoft.ManagedIdentity/userAssignedIdentities/testidentity000002":{"principalId":"2dcff6ee-4753-4bfa-a4f5-e8bf0002a72b","clientId":"f990b675-18f1-4c67-b5a3-6bfca223e51c"},"/subscriptions/00000000-0000-0000-0000-000000000000/resourcegroups/clitest.rg000001/providers/Microsoft.ManagedIdentity/userAssignedIdentities/testidentity2000003":{"principalId":"25f341b5-c30a-40af-a209-b4cda8b5100c","clientId":"df14e598-890a-40f4-bb7a-440a782a0b4b"}}},"id":"/subscriptions/00000000-0000-0000-0000-000000000000/resourceGroups/clitest.rg000001/providers/Microsoft.ContainerRegistry/registries/testreg000004","name":"testreg000004","location":"westus","tags":{},"systemData":{"createdBy":"zhuyan@microsoft.com","createdByType":"User","createdAt":"2023-02-10T09:17:37.944634+00:00","lastModifiedBy":"zhuyan@microsoft.com","lastModifiedByType":"User","lastModifiedAt":"2023-02-10T09:21:11.5079801+00:00"},"properties":{"loginServer":"testreg000004.azurecr.io","creationDate":"2023-02-10T09:17:37.944634Z","provisioningState":"Succeeded","adminUserEnabled":false,"networkRuleSet":{"defaultAction":"Allow","ipRules":[]},"policies":{"quarantinePolicy":{"status":"disabled"},"trustPolicy":{"type":"Notary","status":"disabled"},"retentionPolicy":{"days":7,"lastUpdatedTime":"2023-02-10T09:21:12.5439051+00:00","status":"disabled"},"exportPolicy":{"status":"enabled"},"azureADAuthenticationAsArmPolicy":{"status":"enabled"},"softDeletePolicy":{"retentionDays":7,"lastUpdatedTime":"2023-02-10T09:21:12.5439051+00:00","status":"disabled"}},"encryption":{"status":"disabled"},"dataEndpointEnabled":false,"dataEndpointHostNames":[],"privateEndpointConnections":[],"publicNetworkAccess":"Enabled","networkRuleBypassOptions":"AzureServices","zoneRedundancy":"Disabled","anonymousPullEnabled":false}}'
    headers:
      api-supported-versions:
      - 2022-02-01-preview
      cache-control:
      - no-cache
      content-length:
      - '2141'
      content-type:
      - application/json; charset=utf-8
      date:
      - Fri, 10 Feb 2023 09:21:25 GMT
      expires:
      - '-1'
      pragma:
      - no-cache
      server:
      - Microsoft-HTTPAPI/2.0
      strict-transport-security:
      - max-age=31536000; includeSubDomains
      transfer-encoding:
      - chunked
      vary:
      - Accept-Encoding
      x-content-type-options:
      - nosniff
    status:
      code: 200
      message: OK
- request:
    body: null
    headers:
      Accept:
      - application/json
      Accept-Encoding:
      - gzip, deflate
      CommandName:
      - acr identity remove
      Connection:
      - keep-alive
      ParameterSetName:
      - --name --identities
      User-Agent:
      - AZURECLI/2.45.0 azsdk-python-azure-mgmt-resource/21.1.0b1 Python/3.9.13 (Windows-10-10.0.22621-SP0)
    method: GET
    uri: https://management.azure.com/subscriptions/00000000-0000-0000-0000-000000000000/resources?$filter=resourceType%20eq%20%27Microsoft.ContainerRegistry%2Fregistries%27&api-version=2021-04-01
  response:
    body:
      string: '{"value":[{"id":"/subscriptions/00000000-0000-0000-0000-000000000000/resourceGroups/clitest.rg000001/providers/Microsoft.ContainerRegistry/registries/testreg000004","name":"testreg000004","type":"Microsoft.ContainerRegistry/registries","sku":{"name":"Premium","tier":"Premium"},"location":"westus","identity":{"principalId":"391ffb09-02d0-465c-8aaf-5f74fbff4d63","tenantId":"54826b22-38d6-4fb2-bad9-b7b93a3e9c5a","type":"SystemAssigned,
        UserAssigned","userAssignedIdentities":{"/subscriptions/00000000-0000-0000-0000-000000000000/resourcegroups/clitest.rg000001/providers/Microsoft.ManagedIdentity/userAssignedIdentities/testidentity000002":{"principalId":"2dcff6ee-4753-4bfa-a4f5-e8bf0002a72b","clientId":"f990b675-18f1-4c67-b5a3-6bfca223e51c"},"/subscriptions/00000000-0000-0000-0000-000000000000/resourcegroups/clitest.rg000001/providers/Microsoft.ManagedIdentity/userAssignedIdentities/testidentity2000003":{"principalId":"25f341b5-c30a-40af-a209-b4cda8b5100c","clientId":"df14e598-890a-40f4-bb7a-440a782a0b4b"}}},"tags":{},"systemData":{"createdBy":"zhuyan@microsoft.com","createdByType":"User","createdAt":"2023-02-10T09:17:37.944634Z","lastModifiedBy":"zhuyan@microsoft.com","lastModifiedByType":"User","lastModifiedAt":"2023-02-10T09:21:11.5079801Z"}},{"id":"/subscriptions/00000000-0000-0000-0000-000000000000/resourceGroups/clitest.rgdmp6b4zdlgf2zghnf33wrzqy5hlxebaoge4vthqahtej7epha57dcadupk7gdbmc2/providers/Microsoft.ContainerRegistry/registries/clireg7vx33prql5yce3","name":"clireg7vx33prql5yce3","type":"Microsoft.ContainerRegistry/registries","sku":{"name":"Premium","tier":"Premium"},"location":"eastus","tags":{},"systemData":{"createdBy":"v-taoxuzeng@microsoft.com","createdByType":"User","createdAt":"2022-05-25T15:35:36.5820972Z","lastModifiedBy":"v-taoxuzeng@microsoft.com","lastModifiedByType":"User","lastModifiedAt":"2022-05-25T15:35:36.5820972Z"}},{"id":"/subscriptions/00000000-0000-0000-0000-000000000000/resourceGroups/resourcegroupsamesub/providers/Microsoft.ContainerRegistry/registries/sourceregistrysamesubq6krouw5rweqpjxubyv","name":"sourceregistrysamesubq6krouw5rweqpjxubyv","type":"Microsoft.ContainerRegistry/registries","sku":{"name":"Standard","tier":"Standard"},"location":"westus","tags":{},"systemData":{"lastModifiedBy":"azureclilivetest@azuresdkteam.onmicrosoft.com","lastModifiedByType":"User","lastModifiedAt":"2023-02-09T15:10:23.4254031Z"}},{"id":"/subscriptions/00000000-0000-0000-0000-000000000000/resourceGroups/similar-bot/providers/Microsoft.ContainerRegistry/registries/similarbot","name":"similarbot","type":"Microsoft.ContainerRegistry/registries","sku":{"name":"Standard","tier":"Standard"},"location":"eastus","tags":{},"systemData":{"createdBy":"hanglei@microsoft.com","createdByType":"User","createdAt":"2022-12-27T10:03:56.9625259Z","lastModifiedBy":"hanglei@microsoft.com","lastModifiedByType":"User","lastModifiedAt":"2022-12-27T10:03:56.9625259Z"}}]}'
    headers:
      cache-control:
      - no-cache
      content-length:
      - '2914'
      content-type:
      - application/json; charset=utf-8
      date:
      - Fri, 10 Feb 2023 09:21:36 GMT
      expires:
      - '-1'
      pragma:
      - no-cache
      strict-transport-security:
      - max-age=31536000; includeSubDomains
      vary:
      - Accept-Encoding
      x-content-type-options:
      - nosniff
    status:
      code: 200
      message: OK
- request:
    body: null
    headers:
      Accept:
      - application/json
      Accept-Encoding:
      - gzip, deflate
      CommandName:
      - acr identity remove
      Connection:
      - keep-alive
      ParameterSetName:
      - --name --identities
      User-Agent:
      - AZURECLI/2.45.0 azsdk-python-azure-mgmt-containerregistry/10.0.0 Python/3.9.13
        (Windows-10-10.0.22621-SP0)
    method: GET
    uri: https://management.azure.com/subscriptions/00000000-0000-0000-0000-000000000000/resourceGroups/clitest.rg000001/providers/Microsoft.ContainerRegistry/registries/testreg000004?api-version=2022-02-01-preview
  response:
    body:
      string: '{"sku":{"name":"Premium","tier":"Premium"},"type":"Microsoft.ContainerRegistry/registries","identity":{"principalId":"391ffb09-02d0-465c-8aaf-5f74fbff4d63","tenantId":"54826b22-38d6-4fb2-bad9-b7b93a3e9c5a","type":"systemAssigned,
        userAssigned","userAssignedIdentities":{"/subscriptions/00000000-0000-0000-0000-000000000000/resourcegroups/clitest.rg000001/providers/Microsoft.ManagedIdentity/userAssignedIdentities/testidentity000002":{"principalId":"2dcff6ee-4753-4bfa-a4f5-e8bf0002a72b","clientId":"f990b675-18f1-4c67-b5a3-6bfca223e51c"},"/subscriptions/00000000-0000-0000-0000-000000000000/resourcegroups/clitest.rg000001/providers/Microsoft.ManagedIdentity/userAssignedIdentities/testidentity2000003":{"principalId":"25f341b5-c30a-40af-a209-b4cda8b5100c","clientId":"df14e598-890a-40f4-bb7a-440a782a0b4b"}}},"id":"/subscriptions/00000000-0000-0000-0000-000000000000/resourceGroups/clitest.rg000001/providers/Microsoft.ContainerRegistry/registries/testreg000004","name":"testreg000004","location":"westus","tags":{},"systemData":{"createdBy":"zhuyan@microsoft.com","createdByType":"User","createdAt":"2023-02-10T09:17:37.944634+00:00","lastModifiedBy":"zhuyan@microsoft.com","lastModifiedByType":"User","lastModifiedAt":"2023-02-10T09:21:11.5079801+00:00"},"properties":{"loginServer":"testreg000004.azurecr.io","creationDate":"2023-02-10T09:17:37.944634Z","provisioningState":"Succeeded","adminUserEnabled":false,"networkRuleSet":{"defaultAction":"Allow","ipRules":[]},"policies":{"quarantinePolicy":{"status":"disabled"},"trustPolicy":{"type":"Notary","status":"disabled"},"retentionPolicy":{"days":7,"lastUpdatedTime":"2023-02-10T09:21:12.5439051+00:00","status":"disabled"},"exportPolicy":{"status":"enabled"},"azureADAuthenticationAsArmPolicy":{"status":"enabled"},"softDeletePolicy":{"retentionDays":7,"lastUpdatedTime":"2023-02-10T09:21:12.5439051+00:00","status":"disabled"}},"encryption":{"status":"disabled"},"dataEndpointEnabled":false,"dataEndpointHostNames":[],"privateEndpointConnections":[],"publicNetworkAccess":"Enabled","networkRuleBypassOptions":"AzureServices","zoneRedundancy":"Disabled","anonymousPullEnabled":false}}'
    headers:
      api-supported-versions:
      - 2022-02-01-preview
      cache-control:
      - no-cache
      content-length:
      - '2141'
      content-type:
      - application/json; charset=utf-8
      date:
      - Fri, 10 Feb 2023 09:21:38 GMT
      expires:
      - '-1'
      pragma:
      - no-cache
      server:
      - Microsoft-HTTPAPI/2.0
      strict-transport-security:
      - max-age=31536000; includeSubDomains
      transfer-encoding:
      - chunked
      vary:
      - Accept-Encoding
      x-content-type-options:
      - nosniff
    status:
      code: 200
      message: OK
- request:
    body: '{"location": "westus", "tags": {}, "sku": {"name": "Premium"}, "identity":
      {"principalId": "391ffb09-02d0-465c-8aaf-5f74fbff4d63", "tenantId": "54826b22-38d6-4fb2-bad9-b7b93a3e9c5a",
      "type": "systemAssigned, userAssigned", "userAssignedIdentities": {"/subscriptions/00000000-0000-0000-0000-000000000000/resourcegroups/clitest.rg000001/providers/Microsoft.ManagedIdentity/userAssignedIdentities/testidentity000002":
      {"principalId": "2dcff6ee-4753-4bfa-a4f5-e8bf0002a72b", "clientId": "f990b675-18f1-4c67-b5a3-6bfca223e51c"}}},
      "properties": {"adminUserEnabled": false, "networkRuleSet": {"defaultAction":
      "Allow", "ipRules": []}, "policies": {"quarantinePolicy": {"status": "disabled"},
      "trustPolicy": {"type": "Notary", "status": "disabled"}, "retentionPolicy":
      {"days": 7, "status": "disabled"}, "exportPolicy": {"status": "enabled"}, "azureADAuthenticationAsArmPolicy":
      {"status": "enabled"}, "softDeletePolicy": {"retentionDays": 7, "status": "disabled"}},
      "encryption": {"status": "disabled"}, "dataEndpointEnabled": false, "publicNetworkAccess":
      "Enabled", "networkRuleBypassOptions": "AzureServices", "zoneRedundancy": "Disabled",
      "anonymousPullEnabled": false}}'
    headers:
      Accept:
      - application/json
      Accept-Encoding:
      - gzip, deflate
      CommandName:
      - acr identity remove
      Connection:
      - keep-alive
      Content-Length:
      - '1168'
      Content-Type:
      - application/json
      ParameterSetName:
      - --name --identities
      User-Agent:
      - AZURECLI/2.45.0 azsdk-python-azure-mgmt-containerregistry/10.0.0 Python/3.9.13
        (Windows-10-10.0.22621-SP0)
    method: PUT
    uri: https://management.azure.com/subscriptions/00000000-0000-0000-0000-000000000000/resourceGroups/clitest.rg000001/providers/Microsoft.ContainerRegistry/registries/testreg000004?api-version=2022-02-01-preview
  response:
    body:
      string: '{"sku":{"name":"Premium","tier":"Premium"},"type":"Microsoft.ContainerRegistry/registries","identity":{"principalId":"391ffb09-02d0-465c-8aaf-5f74fbff4d63","tenantId":"54826b22-38d6-4fb2-bad9-b7b93a3e9c5a","type":"systemAssigned,
        userAssigned","userAssignedIdentities":{"/subscriptions/00000000-0000-0000-0000-000000000000/resourcegroups/clitest.rg000001/providers/Microsoft.ManagedIdentity/userAssignedIdentities/testidentity000002":{"principalId":"2dcff6ee-4753-4bfa-a4f5-e8bf0002a72b","clientId":"f990b675-18f1-4c67-b5a3-6bfca223e51c"},"/subscriptions/00000000-0000-0000-0000-000000000000/resourcegroups/clitest.rg000001/providers/Microsoft.ManagedIdentity/userAssignedIdentities/testidentity2000003":{"principalId":"25f341b5-c30a-40af-a209-b4cda8b5100c","clientId":"df14e598-890a-40f4-bb7a-440a782a0b4b"}}},"id":"/subscriptions/00000000-0000-0000-0000-000000000000/resourceGroups/clitest.rg000001/providers/Microsoft.ContainerRegistry/registries/testreg000004","name":"testreg000004","location":"westus","tags":{},"systemData":{"createdBy":"zhuyan@microsoft.com","createdByType":"User","createdAt":"2023-02-10T09:17:37.944634+00:00","lastModifiedBy":"zhuyan@microsoft.com","lastModifiedByType":"User","lastModifiedAt":"2023-02-10T09:21:40.1182731+00:00"},"properties":{"loginServer":"testreg000004.azurecr.io","creationDate":"2023-02-10T09:17:37.944634Z","provisioningState":"Updating","adminUserEnabled":false,"networkRuleSet":{"defaultAction":"Allow","ipRules":[]},"policies":{"quarantinePolicy":{"status":"disabled"},"trustPolicy":{"type":"Notary","status":"disabled"},"retentionPolicy":{"days":7,"lastUpdatedTime":"2023-02-10T09:21:41.8270966+00:00","status":"disabled"},"exportPolicy":{"status":"enabled"},"azureADAuthenticationAsArmPolicy":{"status":"enabled"},"softDeletePolicy":{"retentionDays":7,"lastUpdatedTime":"2023-02-10T09:21:41.8270966+00:00","status":"disabled"}},"encryption":{"status":"disabled"},"dataEndpointEnabled":false,"dataEndpointHostNames":[],"privateEndpointConnections":[],"publicNetworkAccess":"Enabled","networkRuleBypassOptions":"AzureServices","zoneRedundancy":"Disabled","anonymousPullEnabled":false}}'
    headers:
      api-supported-versions:
      - 2022-02-01-preview
      azure-asyncoperation:
      - https://management.azure.com/subscriptions/00000000-0000-0000-0000-000000000000/resourceGroups/clitest.rg000001/providers/Microsoft.ContainerRegistry/registries/testreg000004/operationStatuses/registries-5181a02f-a924-11ed-87a2-c01803b31d95?api-version=2022-02-01-preview
      cache-control:
      - no-cache
      content-length:
      - '2140'
      content-type:
      - application/json; charset=utf-8
      date:
      - Fri, 10 Feb 2023 09:21:44 GMT
      expires:
      - '-1'
      pragma:
      - no-cache
      server:
      - Microsoft-HTTPAPI/2.0
      strict-transport-security:
      - max-age=31536000; includeSubDomains
      x-content-type-options:
      - nosniff
      x-ms-ratelimit-remaining-subscription-writes:
      - '1197'
    status:
      code: 201
      message: Created
- request:
    body: null
    headers:
      Accept:
      - '*/*'
      Accept-Encoding:
      - gzip, deflate
      CommandName:
      - acr identity remove
      Connection:
      - keep-alive
      ParameterSetName:
      - --name --identities
      User-Agent:
      - AZURECLI/2.45.0 azsdk-python-azure-mgmt-containerregistry/10.0.0 Python/3.9.13
        (Windows-10-10.0.22621-SP0)
    method: GET
    uri: https://management.azure.com/subscriptions/00000000-0000-0000-0000-000000000000/resourceGroups/clitest.rg000001/providers/Microsoft.ContainerRegistry/registries/testreg000004/operationStatuses/registries-5181a02f-a924-11ed-87a2-c01803b31d95?api-version=2022-02-01-preview
  response:
    body:
      string: '{"status":"Succeeded"}'
    headers:
      api-supported-versions:
      - 2022-02-01-preview
      azure-asyncoperation:
      - https://management.azure.com/subscriptions/00000000-0000-0000-0000-000000000000/resourceGroups/clitest.rg000001/providers/Microsoft.ContainerRegistry/registries/testreg000004/operationStatuses/registries-5181a02f-a924-11ed-87a2-c01803b31d95?api-version=2022-02-01-preview
      cache-control:
      - no-cache
      content-length:
      - '22'
      content-type:
      - application/json; charset=utf-8
      date:
      - Fri, 10 Feb 2023 09:21:54 GMT
      expires:
      - '-1'
      pragma:
      - no-cache
      server:
      - Microsoft-HTTPAPI/2.0
      strict-transport-security:
      - max-age=31536000; includeSubDomains
      transfer-encoding:
      - chunked
      vary:
      - Accept-Encoding
      x-content-type-options:
      - nosniff
    status:
      code: 200
      message: OK
- request:
    body: null
    headers:
      Accept:
      - '*/*'
      Accept-Encoding:
      - gzip, deflate
      CommandName:
      - acr identity remove
      Connection:
      - keep-alive
      ParameterSetName:
      - --name --identities
      User-Agent:
      - AZURECLI/2.45.0 azsdk-python-azure-mgmt-containerregistry/10.0.0 Python/3.9.13
        (Windows-10-10.0.22621-SP0)
    method: GET
    uri: https://management.azure.com/subscriptions/00000000-0000-0000-0000-000000000000/resourceGroups/clitest.rg000001/providers/Microsoft.ContainerRegistry/registries/testreg000004?api-version=2022-02-01-preview
  response:
    body:
      string: '{"sku":{"name":"Premium","tier":"Premium"},"type":"Microsoft.ContainerRegistry/registries","identity":{"principalId":"391ffb09-02d0-465c-8aaf-5f74fbff4d63","tenantId":"54826b22-38d6-4fb2-bad9-b7b93a3e9c5a","type":"systemAssigned,
        userAssigned","userAssignedIdentities":{"/subscriptions/00000000-0000-0000-0000-000000000000/resourcegroups/clitest.rg000001/providers/Microsoft.ManagedIdentity/userAssignedIdentities/testidentity000002":{"principalId":"2dcff6ee-4753-4bfa-a4f5-e8bf0002a72b","clientId":"f990b675-18f1-4c67-b5a3-6bfca223e51c"}}},"id":"/subscriptions/00000000-0000-0000-0000-000000000000/resourceGroups/clitest.rg000001/providers/Microsoft.ContainerRegistry/registries/testreg000004","name":"testreg000004","location":"westus","tags":{},"systemData":{"createdBy":"zhuyan@microsoft.com","createdByType":"User","createdAt":"2023-02-10T09:17:37.944634+00:00","lastModifiedBy":"zhuyan@microsoft.com","lastModifiedByType":"User","lastModifiedAt":"2023-02-10T09:21:40.1182731+00:00"},"properties":{"loginServer":"testreg000004.azurecr.io","creationDate":"2023-02-10T09:17:37.944634Z","provisioningState":"Succeeded","adminUserEnabled":false,"networkRuleSet":{"defaultAction":"Allow","ipRules":[]},"policies":{"quarantinePolicy":{"status":"disabled"},"trustPolicy":{"type":"Notary","status":"disabled"},"retentionPolicy":{"days":7,"lastUpdatedTime":"2023-02-10T09:21:41.8270966+00:00","status":"disabled"},"exportPolicy":{"status":"enabled"},"azureADAuthenticationAsArmPolicy":{"status":"enabled"},"softDeletePolicy":{"retentionDays":7,"lastUpdatedTime":"2023-02-10T09:21:41.8270966+00:00","status":"disabled"}},"encryption":{"status":"disabled"},"dataEndpointEnabled":false,"dataEndpointHostNames":[],"privateEndpointConnections":[],"publicNetworkAccess":"Enabled","networkRuleBypassOptions":"AzureServices","zoneRedundancy":"Disabled","anonymousPullEnabled":false}}'
    headers:
      api-supported-versions:
      - 2022-02-01-preview
      cache-control:
      - no-cache
      content-length:
      - '1871'
      content-type:
      - application/json; charset=utf-8
      date:
      - Fri, 10 Feb 2023 09:21:55 GMT
      expires:
      - '-1'
      pragma:
      - no-cache
      server:
      - Microsoft-HTTPAPI/2.0
      strict-transport-security:
      - max-age=31536000; includeSubDomains
      transfer-encoding:
      - chunked
      vary:
      - Accept-Encoding
      x-content-type-options:
      - nosniff
    status:
      code: 200
      message: OK
- request:
    body: null
    headers:
      Accept:
      - application/json
      Accept-Encoding:
      - gzip, deflate
      CommandName:
      - acr identity remove
      Connection:
      - keep-alive
      ParameterSetName:
      - --name --identities
      User-Agent:
      - AZURECLI/2.45.0 azsdk-python-azure-mgmt-resource/21.1.0b1 Python/3.9.13 (Windows-10-10.0.22621-SP0)
    method: GET
    uri: https://management.azure.com/subscriptions/00000000-0000-0000-0000-000000000000/resources?$filter=resourceType%20eq%20%27Microsoft.ContainerRegistry%2Fregistries%27&api-version=2021-04-01
  response:
    body:
      string: '{"value":[{"id":"/subscriptions/00000000-0000-0000-0000-000000000000/resourceGroups/clitest.rg000001/providers/Microsoft.ContainerRegistry/registries/testreg000004","name":"testreg000004","type":"Microsoft.ContainerRegistry/registries","sku":{"name":"Premium","tier":"Premium"},"location":"westus","identity":{"principalId":"391ffb09-02d0-465c-8aaf-5f74fbff4d63","tenantId":"54826b22-38d6-4fb2-bad9-b7b93a3e9c5a","type":"SystemAssigned,
        UserAssigned","userAssignedIdentities":{"/subscriptions/00000000-0000-0000-0000-000000000000/resourcegroups/clitest.rg000001/providers/Microsoft.ManagedIdentity/userAssignedIdentities/testidentity000002":{"principalId":"2dcff6ee-4753-4bfa-a4f5-e8bf0002a72b","clientId":"f990b675-18f1-4c67-b5a3-6bfca223e51c"},"/subscriptions/00000000-0000-0000-0000-000000000000/resourcegroups/clitest.rg000001/providers/Microsoft.ManagedIdentity/userAssignedIdentities/testidentity2000003":{"principalId":"25f341b5-c30a-40af-a209-b4cda8b5100c","clientId":"df14e598-890a-40f4-bb7a-440a782a0b4b"}}},"tags":{},"systemData":{"createdBy":"zhuyan@microsoft.com","createdByType":"User","createdAt":"2023-02-10T09:17:37.944634Z","lastModifiedBy":"zhuyan@microsoft.com","lastModifiedByType":"User","lastModifiedAt":"2023-02-10T09:21:40.1182731Z"}},{"id":"/subscriptions/00000000-0000-0000-0000-000000000000/resourceGroups/clitest.rgdmp6b4zdlgf2zghnf33wrzqy5hlxebaoge4vthqahtej7epha57dcadupk7gdbmc2/providers/Microsoft.ContainerRegistry/registries/clireg7vx33prql5yce3","name":"clireg7vx33prql5yce3","type":"Microsoft.ContainerRegistry/registries","sku":{"name":"Premium","tier":"Premium"},"location":"eastus","tags":{},"systemData":{"createdBy":"v-taoxuzeng@microsoft.com","createdByType":"User","createdAt":"2022-05-25T15:35:36.5820972Z","lastModifiedBy":"v-taoxuzeng@microsoft.com","lastModifiedByType":"User","lastModifiedAt":"2022-05-25T15:35:36.5820972Z"}},{"id":"/subscriptions/00000000-0000-0000-0000-000000000000/resourceGroups/resourcegroupsamesub/providers/Microsoft.ContainerRegistry/registries/sourceregistrysamesubq6krouw5rweqpjxubyv","name":"sourceregistrysamesubq6krouw5rweqpjxubyv","type":"Microsoft.ContainerRegistry/registries","sku":{"name":"Standard","tier":"Standard"},"location":"westus","tags":{},"systemData":{"lastModifiedBy":"azureclilivetest@azuresdkteam.onmicrosoft.com","lastModifiedByType":"User","lastModifiedAt":"2023-02-09T15:10:23.4254031Z"}},{"id":"/subscriptions/00000000-0000-0000-0000-000000000000/resourceGroups/similar-bot/providers/Microsoft.ContainerRegistry/registries/similarbot","name":"similarbot","type":"Microsoft.ContainerRegistry/registries","sku":{"name":"Standard","tier":"Standard"},"location":"eastus","tags":{},"systemData":{"createdBy":"hanglei@microsoft.com","createdByType":"User","createdAt":"2022-12-27T10:03:56.9625259Z","lastModifiedBy":"hanglei@microsoft.com","lastModifiedByType":"User","lastModifiedAt":"2022-12-27T10:03:56.9625259Z"}}]}'
    headers:
      cache-control:
      - no-cache
      content-length:
      - '2914'
      content-type:
      - application/json; charset=utf-8
      date:
      - Fri, 10 Feb 2023 09:21:55 GMT
      expires:
      - '-1'
      pragma:
      - no-cache
      strict-transport-security:
      - max-age=31536000; includeSubDomains
      vary:
      - Accept-Encoding
      x-content-type-options:
      - nosniff
    status:
      code: 200
      message: OK
- request:
    body: null
    headers:
      Accept:
      - application/json
      Accept-Encoding:
      - gzip, deflate
      CommandName:
      - acr identity remove
      Connection:
      - keep-alive
      ParameterSetName:
      - --name --identities
      User-Agent:
      - AZURECLI/2.45.0 azsdk-python-azure-mgmt-containerregistry/10.0.0 Python/3.9.13
        (Windows-10-10.0.22621-SP0)
    method: GET
    uri: https://management.azure.com/subscriptions/00000000-0000-0000-0000-000000000000/resourceGroups/clitest.rg000001/providers/Microsoft.ContainerRegistry/registries/testreg000004?api-version=2022-02-01-preview
  response:
    body:
      string: '{"sku":{"name":"Premium","tier":"Premium"},"type":"Microsoft.ContainerRegistry/registries","identity":{"principalId":"391ffb09-02d0-465c-8aaf-5f74fbff4d63","tenantId":"54826b22-38d6-4fb2-bad9-b7b93a3e9c5a","type":"systemAssigned,
        userAssigned","userAssignedIdentities":{"/subscriptions/00000000-0000-0000-0000-000000000000/resourcegroups/clitest.rg000001/providers/Microsoft.ManagedIdentity/userAssignedIdentities/testidentity000002":{"principalId":"2dcff6ee-4753-4bfa-a4f5-e8bf0002a72b","clientId":"f990b675-18f1-4c67-b5a3-6bfca223e51c"}}},"id":"/subscriptions/00000000-0000-0000-0000-000000000000/resourceGroups/clitest.rg000001/providers/Microsoft.ContainerRegistry/registries/testreg000004","name":"testreg000004","location":"westus","tags":{},"systemData":{"createdBy":"zhuyan@microsoft.com","createdByType":"User","createdAt":"2023-02-10T09:17:37.944634+00:00","lastModifiedBy":"zhuyan@microsoft.com","lastModifiedByType":"User","lastModifiedAt":"2023-02-10T09:21:40.1182731+00:00"},"properties":{"loginServer":"testreg000004.azurecr.io","creationDate":"2023-02-10T09:17:37.944634Z","provisioningState":"Succeeded","adminUserEnabled":false,"networkRuleSet":{"defaultAction":"Allow","ipRules":[]},"policies":{"quarantinePolicy":{"status":"disabled"},"trustPolicy":{"type":"Notary","status":"disabled"},"retentionPolicy":{"days":7,"lastUpdatedTime":"2023-02-10T09:21:41.8270966+00:00","status":"disabled"},"exportPolicy":{"status":"enabled"},"azureADAuthenticationAsArmPolicy":{"status":"enabled"},"softDeletePolicy":{"retentionDays":7,"lastUpdatedTime":"2023-02-10T09:21:41.8270966+00:00","status":"disabled"}},"encryption":{"status":"disabled"},"dataEndpointEnabled":false,"dataEndpointHostNames":[],"privateEndpointConnections":[],"publicNetworkAccess":"Enabled","networkRuleBypassOptions":"AzureServices","zoneRedundancy":"Disabled","anonymousPullEnabled":false}}'
    headers:
      api-supported-versions:
      - 2022-02-01-preview
      cache-control:
      - no-cache
      content-length:
      - '1871'
      content-type:
      - application/json; charset=utf-8
      date:
      - Fri, 10 Feb 2023 09:21:58 GMT
      expires:
      - '-1'
      pragma:
      - no-cache
      server:
      - Microsoft-HTTPAPI/2.0
      strict-transport-security:
      - max-age=31536000; includeSubDomains
      transfer-encoding:
      - chunked
      vary:
      - Accept-Encoding
      x-content-type-options:
      - nosniff
    status:
      code: 200
      message: OK
- request:
    body: '{"location": "westus", "tags": {}, "sku": {"name": "Premium"}, "identity":
      {"principalId": "391ffb09-02d0-465c-8aaf-5f74fbff4d63", "tenantId": "54826b22-38d6-4fb2-bad9-b7b93a3e9c5a",
      "type": "SystemAssigned"}, "properties": {"adminUserEnabled": false, "networkRuleSet":
      {"defaultAction": "Allow", "ipRules": []}, "policies": {"quarantinePolicy":
      {"status": "disabled"}, "trustPolicy": {"type": "Notary", "status": "disabled"},
      "retentionPolicy": {"days": 7, "status": "disabled"}, "exportPolicy": {"status":
      "enabled"}, "azureADAuthenticationAsArmPolicy": {"status": "enabled"}, "softDeletePolicy":
      {"retentionDays": 7, "status": "disabled"}}, "encryption": {"status": "disabled"},
      "dataEndpointEnabled": false, "publicNetworkAccess": "Enabled", "networkRuleBypassOptions":
      "AzureServices", "zoneRedundancy": "Disabled", "anonymousPullEnabled": false}}'
    headers:
      Accept:
      - application/json
      Accept-Encoding:
      - gzip, deflate
      CommandName:
      - acr identity remove
      Connection:
      - keep-alive
      Content-Length:
      - '852'
      Content-Type:
      - application/json
      ParameterSetName:
      - --name --identities
      User-Agent:
      - AZURECLI/2.45.0 azsdk-python-azure-mgmt-containerregistry/10.0.0 Python/3.9.13
        (Windows-10-10.0.22621-SP0)
    method: PUT
    uri: https://management.azure.com/subscriptions/00000000-0000-0000-0000-000000000000/resourceGroups/clitest.rg000001/providers/Microsoft.ContainerRegistry/registries/testreg000004?api-version=2022-02-01-preview
  response:
    body:
      string: '{"sku":{"name":"Premium","tier":"Premium"},"type":"Microsoft.ContainerRegistry/registries","identity":{"principalId":"391ffb09-02d0-465c-8aaf-5f74fbff4d63","tenantId":"54826b22-38d6-4fb2-bad9-b7b93a3e9c5a","type":"systemAssigned,
        userAssigned","userAssignedIdentities":{"/subscriptions/00000000-0000-0000-0000-000000000000/resourcegroups/clitest.rg000001/providers/Microsoft.ManagedIdentity/userAssignedIdentities/testidentity000002":{"principalId":"2dcff6ee-4753-4bfa-a4f5-e8bf0002a72b","clientId":"f990b675-18f1-4c67-b5a3-6bfca223e51c"}}},"id":"/subscriptions/00000000-0000-0000-0000-000000000000/resourceGroups/clitest.rg000001/providers/Microsoft.ContainerRegistry/registries/testreg000004","name":"testreg000004","location":"westus","tags":{},"systemData":{"createdBy":"zhuyan@microsoft.com","createdByType":"User","createdAt":"2023-02-10T09:17:37.944634+00:00","lastModifiedBy":"zhuyan@microsoft.com","lastModifiedByType":"User","lastModifiedAt":"2023-02-10T09:21:58.6640698+00:00"},"properties":{"loginServer":"testreg000004.azurecr.io","creationDate":"2023-02-10T09:17:37.944634Z","provisioningState":"Updating","adminUserEnabled":false,"networkRuleSet":{"defaultAction":"Allow","ipRules":[]},"policies":{"quarantinePolicy":{"status":"disabled"},"trustPolicy":{"type":"Notary","status":"disabled"},"retentionPolicy":{"days":7,"lastUpdatedTime":"2023-02-10T09:22:00.6233176+00:00","status":"disabled"},"exportPolicy":{"status":"enabled"},"azureADAuthenticationAsArmPolicy":{"status":"enabled"},"softDeletePolicy":{"retentionDays":7,"lastUpdatedTime":"2023-02-10T09:22:00.6233176+00:00","status":"disabled"}},"encryption":{"status":"disabled"},"dataEndpointEnabled":false,"dataEndpointHostNames":[],"privateEndpointConnections":[],"publicNetworkAccess":"Enabled","networkRuleBypassOptions":"AzureServices","zoneRedundancy":"Disabled","anonymousPullEnabled":false}}'
    headers:
      api-supported-versions:
      - 2022-02-01-preview
      azure-asyncoperation:
      - https://management.azure.com/subscriptions/00000000-0000-0000-0000-000000000000/resourceGroups/clitest.rg000001/providers/Microsoft.ContainerRegistry/registries/testreg000004/operationStatuses/registries-5ceb7d6d-a924-11ed-aee7-c01803b31d95?api-version=2022-02-01-preview
      cache-control:
      - no-cache
      content-length:
      - '1870'
      content-type:
      - application/json; charset=utf-8
      date:
      - Fri, 10 Feb 2023 09:22:03 GMT
      expires:
      - '-1'
      pragma:
      - no-cache
      server:
      - Microsoft-HTTPAPI/2.0
      strict-transport-security:
      - max-age=31536000; includeSubDomains
      x-content-type-options:
      - nosniff
      x-ms-ratelimit-remaining-subscription-writes:
      - '1198'
    status:
      code: 201
      message: Created
- request:
    body: null
    headers:
      Accept:
      - '*/*'
      Accept-Encoding:
      - gzip, deflate
      CommandName:
      - acr identity remove
      Connection:
      - keep-alive
      ParameterSetName:
      - --name --identities
      User-Agent:
      - AZURECLI/2.45.0 azsdk-python-azure-mgmt-containerregistry/10.0.0 Python/3.9.13
        (Windows-10-10.0.22621-SP0)
    method: GET
    uri: https://management.azure.com/subscriptions/00000000-0000-0000-0000-000000000000/resourceGroups/clitest.rg000001/providers/Microsoft.ContainerRegistry/registries/testreg000004/operationStatuses/registries-5ceb7d6d-a924-11ed-aee7-c01803b31d95?api-version=2022-02-01-preview
  response:
    body:
      string: '{"status":"Succeeded"}'
    headers:
      api-supported-versions:
      - 2022-02-01-preview
      azure-asyncoperation:
      - https://management.azure.com/subscriptions/00000000-0000-0000-0000-000000000000/resourceGroups/clitest.rg000001/providers/Microsoft.ContainerRegistry/registries/testreg000004/operationStatuses/registries-5ceb7d6d-a924-11ed-aee7-c01803b31d95?api-version=2022-02-01-preview
      cache-control:
      - no-cache
      content-length:
      - '22'
      content-type:
      - application/json; charset=utf-8
      date:
      - Fri, 10 Feb 2023 09:22:13 GMT
      expires:
      - '-1'
      pragma:
      - no-cache
      server:
      - Microsoft-HTTPAPI/2.0
      strict-transport-security:
      - max-age=31536000; includeSubDomains
      transfer-encoding:
      - chunked
      vary:
      - Accept-Encoding
      x-content-type-options:
      - nosniff
    status:
      code: 200
      message: OK
- request:
    body: null
    headers:
      Accept:
      - '*/*'
      Accept-Encoding:
      - gzip, deflate
      CommandName:
      - acr identity remove
      Connection:
      - keep-alive
      ParameterSetName:
      - --name --identities
      User-Agent:
      - AZURECLI/2.45.0 azsdk-python-azure-mgmt-containerregistry/10.0.0 Python/3.9.13
        (Windows-10-10.0.22621-SP0)
    method: GET
    uri: https://management.azure.com/subscriptions/00000000-0000-0000-0000-000000000000/resourceGroups/clitest.rg000001/providers/Microsoft.ContainerRegistry/registries/testreg000004?api-version=2022-02-01-preview
  response:
    body:
      string: '{"sku":{"name":"Premium","tier":"Premium"},"type":"Microsoft.ContainerRegistry/registries","identity":{"principalId":"391ffb09-02d0-465c-8aaf-5f74fbff4d63","tenantId":"54826b22-38d6-4fb2-bad9-b7b93a3e9c5a","type":"systemAssigned"},"id":"/subscriptions/00000000-0000-0000-0000-000000000000/resourceGroups/clitest.rg000001/providers/Microsoft.ContainerRegistry/registries/testreg000004","name":"testreg000004","location":"westus","tags":{},"systemData":{"createdBy":"zhuyan@microsoft.com","createdByType":"User","createdAt":"2023-02-10T09:17:37.944634+00:00","lastModifiedBy":"zhuyan@microsoft.com","lastModifiedByType":"User","lastModifiedAt":"2023-02-10T09:21:58.6640698+00:00"},"properties":{"loginServer":"testreg000004.azurecr.io","creationDate":"2023-02-10T09:17:37.944634Z","provisioningState":"Succeeded","adminUserEnabled":false,"networkRuleSet":{"defaultAction":"Allow","ipRules":[]},"policies":{"quarantinePolicy":{"status":"disabled"},"trustPolicy":{"type":"Notary","status":"disabled"},"retentionPolicy":{"days":7,"lastUpdatedTime":"2023-02-10T09:22:00.6233176+00:00","status":"disabled"},"exportPolicy":{"status":"enabled"},"azureADAuthenticationAsArmPolicy":{"status":"enabled"},"softDeletePolicy":{"retentionDays":7,"lastUpdatedTime":"2023-02-10T09:22:00.6233176+00:00","status":"disabled"}},"encryption":{"status":"disabled"},"dataEndpointEnabled":false,"dataEndpointHostNames":[],"privateEndpointConnections":[],"publicNetworkAccess":"Enabled","networkRuleBypassOptions":"AzureServices","zoneRedundancy":"Disabled","anonymousPullEnabled":false}}'
    headers:
      api-supported-versions:
      - 2022-02-01-preview
      cache-control:
      - no-cache
      content-length:
      - '1561'
      content-type:
      - application/json; charset=utf-8
      date:
      - Fri, 10 Feb 2023 09:22:14 GMT
      expires:
      - '-1'
      pragma:
      - no-cache
      server:
      - Microsoft-HTTPAPI/2.0
      strict-transport-security:
      - max-age=31536000; includeSubDomains
      transfer-encoding:
      - chunked
      vary:
      - Accept-Encoding
      x-content-type-options:
      - nosniff
    status:
      code: 200
      message: OK
- request:
    body: null
    headers:
      Accept:
      - application/json
      Accept-Encoding:
      - gzip, deflate
      CommandName:
      - acr identity remove
      Connection:
      - keep-alive
      ParameterSetName:
      - --name --identities
      User-Agent:
      - AZURECLI/2.45.0 azsdk-python-azure-mgmt-resource/21.1.0b1 Python/3.9.13 (Windows-10-10.0.22621-SP0)
    method: GET
    uri: https://management.azure.com/subscriptions/00000000-0000-0000-0000-000000000000/resources?$filter=resourceType%20eq%20%27Microsoft.ContainerRegistry%2Fregistries%27&api-version=2021-04-01
  response:
    body:
      string: '{"value":[{"id":"/subscriptions/00000000-0000-0000-0000-000000000000/resourceGroups/clitest.rg000001/providers/Microsoft.ContainerRegistry/registries/testreg000004","name":"testreg000004","type":"Microsoft.ContainerRegistry/registries","sku":{"name":"Premium","tier":"Premium"},"location":"westus","identity":{"principalId":"391ffb09-02d0-465c-8aaf-5f74fbff4d63","tenantId":"54826b22-38d6-4fb2-bad9-b7b93a3e9c5a","type":"SystemAssigned,
        UserAssigned","userAssignedIdentities":{"/subscriptions/00000000-0000-0000-0000-000000000000/resourcegroups/clitest.rg000001/providers/Microsoft.ManagedIdentity/userAssignedIdentities/testidentity000002":{"principalId":"2dcff6ee-4753-4bfa-a4f5-e8bf0002a72b","clientId":"f990b675-18f1-4c67-b5a3-6bfca223e51c"}}},"tags":{},"systemData":{"createdBy":"zhuyan@microsoft.com","createdByType":"User","createdAt":"2023-02-10T09:17:37.944634Z","lastModifiedBy":"zhuyan@microsoft.com","lastModifiedByType":"User","lastModifiedAt":"2023-02-10T09:21:58.6640698Z"}},{"id":"/subscriptions/00000000-0000-0000-0000-000000000000/resourceGroups/clitest.rgdmp6b4zdlgf2zghnf33wrzqy5hlxebaoge4vthqahtej7epha57dcadupk7gdbmc2/providers/Microsoft.ContainerRegistry/registries/clireg7vx33prql5yce3","name":"clireg7vx33prql5yce3","type":"Microsoft.ContainerRegistry/registries","sku":{"name":"Premium","tier":"Premium"},"location":"eastus","tags":{},"systemData":{"createdBy":"v-taoxuzeng@microsoft.com","createdByType":"User","createdAt":"2022-05-25T15:35:36.5820972Z","lastModifiedBy":"v-taoxuzeng@microsoft.com","lastModifiedByType":"User","lastModifiedAt":"2022-05-25T15:35:36.5820972Z"}},{"id":"/subscriptions/00000000-0000-0000-0000-000000000000/resourceGroups/resourcegroupsamesub/providers/Microsoft.ContainerRegistry/registries/sourceregistrysamesubq6krouw5rweqpjxubyv","name":"sourceregistrysamesubq6krouw5rweqpjxubyv","type":"Microsoft.ContainerRegistry/registries","sku":{"name":"Standard","tier":"Standard"},"location":"westus","tags":{},"systemData":{"lastModifiedBy":"azureclilivetest@azuresdkteam.onmicrosoft.com","lastModifiedByType":"User","lastModifiedAt":"2023-02-09T15:10:23.4254031Z"}},{"id":"/subscriptions/00000000-0000-0000-0000-000000000000/resourceGroups/similar-bot/providers/Microsoft.ContainerRegistry/registries/similarbot","name":"similarbot","type":"Microsoft.ContainerRegistry/registries","sku":{"name":"Standard","tier":"Standard"},"location":"eastus","tags":{},"systemData":{"createdBy":"hanglei@microsoft.com","createdByType":"User","createdAt":"2022-12-27T10:03:56.9625259Z","lastModifiedBy":"hanglei@microsoft.com","lastModifiedByType":"User","lastModifiedAt":"2022-12-27T10:03:56.9625259Z"}}]}'
    headers:
      cache-control:
      - no-cache
      content-length:
      - '2644'
      content-type:
      - application/json; charset=utf-8
      date:
      - Fri, 10 Feb 2023 09:22:15 GMT
      expires:
      - '-1'
      pragma:
      - no-cache
      strict-transport-security:
      - max-age=31536000; includeSubDomains
      vary:
      - Accept-Encoding
      x-content-type-options:
      - nosniff
    status:
      code: 200
      message: OK
- request:
    body: null
    headers:
      Accept:
      - application/json
      Accept-Encoding:
      - gzip, deflate
      CommandName:
      - acr identity remove
      Connection:
      - keep-alive
      ParameterSetName:
      - --name --identities
      User-Agent:
      - AZURECLI/2.45.0 azsdk-python-azure-mgmt-containerregistry/10.0.0 Python/3.9.13
        (Windows-10-10.0.22621-SP0)
    method: GET
    uri: https://management.azure.com/subscriptions/00000000-0000-0000-0000-000000000000/resourceGroups/clitest.rg000001/providers/Microsoft.ContainerRegistry/registries/testreg000004?api-version=2022-02-01-preview
  response:
    body:
      string: '{"sku":{"name":"Premium","tier":"Premium"},"type":"Microsoft.ContainerRegistry/registries","identity":{"principalId":"391ffb09-02d0-465c-8aaf-5f74fbff4d63","tenantId":"54826b22-38d6-4fb2-bad9-b7b93a3e9c5a","type":"systemAssigned"},"id":"/subscriptions/00000000-0000-0000-0000-000000000000/resourceGroups/clitest.rg000001/providers/Microsoft.ContainerRegistry/registries/testreg000004","name":"testreg000004","location":"westus","tags":{},"systemData":{"createdBy":"zhuyan@microsoft.com","createdByType":"User","createdAt":"2023-02-10T09:17:37.944634+00:00","lastModifiedBy":"zhuyan@microsoft.com","lastModifiedByType":"User","lastModifiedAt":"2023-02-10T09:21:58.6640698+00:00"},"properties":{"loginServer":"testreg000004.azurecr.io","creationDate":"2023-02-10T09:17:37.944634Z","provisioningState":"Succeeded","adminUserEnabled":false,"networkRuleSet":{"defaultAction":"Allow","ipRules":[]},"policies":{"quarantinePolicy":{"status":"disabled"},"trustPolicy":{"type":"Notary","status":"disabled"},"retentionPolicy":{"days":7,"lastUpdatedTime":"2023-02-10T09:22:00.6233176+00:00","status":"disabled"},"exportPolicy":{"status":"enabled"},"azureADAuthenticationAsArmPolicy":{"status":"enabled"},"softDeletePolicy":{"retentionDays":7,"lastUpdatedTime":"2023-02-10T09:22:00.6233176+00:00","status":"disabled"}},"encryption":{"status":"disabled"},"dataEndpointEnabled":false,"dataEndpointHostNames":[],"privateEndpointConnections":[],"publicNetworkAccess":"Enabled","networkRuleBypassOptions":"AzureServices","zoneRedundancy":"Disabled","anonymousPullEnabled":false}}'
    headers:
      api-supported-versions:
      - 2022-02-01-preview
      cache-control:
      - no-cache
      content-length:
      - '1561'
      content-type:
      - application/json; charset=utf-8
      date:
      - Fri, 10 Feb 2023 09:22:16 GMT
      expires:
      - '-1'
      pragma:
      - no-cache
      server:
      - Microsoft-HTTPAPI/2.0
      strict-transport-security:
      - max-age=31536000; includeSubDomains
      transfer-encoding:
      - chunked
      vary:
      - Accept-Encoding
      x-content-type-options:
      - nosniff
    status:
      code: 200
      message: OK
- request:
    body: '{"location": "westus", "tags": {}, "sku": {"name": "Premium"}, "identity":
      {"type": "None"}, "properties": {"adminUserEnabled": false, "networkRuleSet":
      {"defaultAction": "Allow", "ipRules": []}, "policies": {"quarantinePolicy":
      {"status": "disabled"}, "trustPolicy": {"type": "Notary", "status": "disabled"},
      "retentionPolicy": {"days": 7, "status": "disabled"}, "exportPolicy": {"status":
      "enabled"}, "azureADAuthenticationAsArmPolicy": {"status": "enabled"}, "softDeletePolicy":
      {"retentionDays": 7, "status": "disabled"}}, "encryption": {"status": "disabled"},
      "dataEndpointEnabled": false, "publicNetworkAccess": "Enabled", "networkRuleBypassOptions":
      "AzureServices", "zoneRedundancy": "Disabled", "anonymousPullEnabled": false}}'
    headers:
      Accept:
      - application/json
      Accept-Encoding:
      - gzip, deflate
      CommandName:
      - acr identity remove
      Connection:
      - keep-alive
      Content-Length:
      - '735'
      Content-Type:
      - application/json
      ParameterSetName:
      - --name --identities
      User-Agent:
      - AZURECLI/2.45.0 azsdk-python-azure-mgmt-containerregistry/10.0.0 Python/3.9.13
        (Windows-10-10.0.22621-SP0)
    method: PUT
    uri: https://management.azure.com/subscriptions/00000000-0000-0000-0000-000000000000/resourceGroups/clitest.rg000001/providers/Microsoft.ContainerRegistry/registries/testreg000004?api-version=2022-02-01-preview
  response:
    body:
      string: '{"sku":{"name":"Premium","tier":"Premium"},"type":"Microsoft.ContainerRegistry/registries","identity":{"principalId":"391ffb09-02d0-465c-8aaf-5f74fbff4d63","tenantId":"54826b22-38d6-4fb2-bad9-b7b93a3e9c5a","type":"systemAssigned"},"id":"/subscriptions/00000000-0000-0000-0000-000000000000/resourceGroups/clitest.rg000001/providers/Microsoft.ContainerRegistry/registries/testreg000004","name":"testreg000004","location":"westus","tags":{},"systemData":{"createdBy":"zhuyan@microsoft.com","createdByType":"User","createdAt":"2023-02-10T09:17:37.944634+00:00","lastModifiedBy":"zhuyan@microsoft.com","lastModifiedByType":"User","lastModifiedAt":"2023-02-10T09:22:17.7524297+00:00"},"properties":{"loginServer":"testreg000004.azurecr.io","creationDate":"2023-02-10T09:17:37.944634Z","provisioningState":"Updating","adminUserEnabled":false,"networkRuleSet":{"defaultAction":"Allow","ipRules":[]},"policies":{"quarantinePolicy":{"status":"disabled"},"trustPolicy":{"type":"Notary","status":"disabled"},"retentionPolicy":{"days":7,"lastUpdatedTime":"2023-02-10T09:22:19.6423453+00:00","status":"disabled"},"exportPolicy":{"status":"enabled"},"azureADAuthenticationAsArmPolicy":{"status":"enabled"},"softDeletePolicy":{"retentionDays":7,"lastUpdatedTime":"2023-02-10T09:22:19.6423453+00:00","status":"disabled"}},"encryption":{"status":"disabled"},"dataEndpointEnabled":false,"dataEndpointHostNames":[],"privateEndpointConnections":[],"publicNetworkAccess":"Enabled","networkRuleBypassOptions":"AzureServices","zoneRedundancy":"Disabled","anonymousPullEnabled":false}}'
    headers:
      api-supported-versions:
      - 2022-02-01-preview
      azure-asyncoperation:
      - https://management.azure.com/subscriptions/00000000-0000-0000-0000-000000000000/resourceGroups/clitest.rg000001/providers/Microsoft.ContainerRegistry/registries/testreg000004/operationStatuses/registries-68574812-a924-11ed-aec6-c01803b31d95?api-version=2022-02-01-preview
      cache-control:
      - no-cache
      content-length:
      - '1560'
      content-type:
      - application/json; charset=utf-8
      date:
      - Fri, 10 Feb 2023 09:22:22 GMT
      expires:
      - '-1'
      pragma:
      - no-cache
      server:
      - Microsoft-HTTPAPI/2.0
      strict-transport-security:
      - max-age=31536000; includeSubDomains
      x-content-type-options:
      - nosniff
      x-ms-ratelimit-remaining-subscription-writes:
      - '1195'
    status:
      code: 201
      message: Created
- request:
    body: null
    headers:
      Accept:
      - '*/*'
      Accept-Encoding:
      - gzip, deflate
      CommandName:
      - acr identity remove
      Connection:
      - keep-alive
      ParameterSetName:
      - --name --identities
      User-Agent:
      - AZURECLI/2.45.0 azsdk-python-azure-mgmt-containerregistry/10.0.0 Python/3.9.13
        (Windows-10-10.0.22621-SP0)
    method: GET
    uri: https://management.azure.com/subscriptions/00000000-0000-0000-0000-000000000000/resourceGroups/clitest.rg000001/providers/Microsoft.ContainerRegistry/registries/testreg000004/operationStatuses/registries-68574812-a924-11ed-aec6-c01803b31d95?api-version=2022-02-01-preview
  response:
    body:
      string: '{"status":"Succeeded"}'
    headers:
      api-supported-versions:
      - 2022-02-01-preview
      azure-asyncoperation:
      - https://management.azure.com/subscriptions/00000000-0000-0000-0000-000000000000/resourceGroups/clitest.rg000001/providers/Microsoft.ContainerRegistry/registries/testreg000004/operationStatuses/registries-68574812-a924-11ed-aec6-c01803b31d95?api-version=2022-02-01-preview
      cache-control:
      - no-cache
      content-length:
      - '22'
      content-type:
      - application/json; charset=utf-8
      date:
      - Fri, 10 Feb 2023 09:22:32 GMT
      expires:
      - '-1'
      pragma:
      - no-cache
      server:
      - Microsoft-HTTPAPI/2.0
      strict-transport-security:
      - max-age=31536000; includeSubDomains
      transfer-encoding:
      - chunked
      vary:
      - Accept-Encoding
      x-content-type-options:
      - nosniff
    status:
      code: 200
      message: OK
- request:
    body: null
    headers:
      Accept:
      - '*/*'
      Accept-Encoding:
      - gzip, deflate
      CommandName:
      - acr identity remove
      Connection:
      - keep-alive
      ParameterSetName:
      - --name --identities
      User-Agent:
      - AZURECLI/2.45.0 azsdk-python-azure-mgmt-containerregistry/10.0.0 Python/3.9.13
        (Windows-10-10.0.22621-SP0)
    method: GET
    uri: https://management.azure.com/subscriptions/00000000-0000-0000-0000-000000000000/resourceGroups/clitest.rg000001/providers/Microsoft.ContainerRegistry/registries/testreg000004?api-version=2022-02-01-preview
  response:
    body:
      string: '{"sku":{"name":"Premium","tier":"Premium"},"type":"Microsoft.ContainerRegistry/registries","id":"/subscriptions/00000000-0000-0000-0000-000000000000/resourceGroups/clitest.rg000001/providers/Microsoft.ContainerRegistry/registries/testreg000004","name":"testreg000004","location":"westus","tags":{},"systemData":{"createdBy":"zhuyan@microsoft.com","createdByType":"User","createdAt":"2023-02-10T09:17:37.944634+00:00","lastModifiedBy":"zhuyan@microsoft.com","lastModifiedByType":"User","lastModifiedAt":"2023-02-10T09:22:17.7524297+00:00"},"properties":{"loginServer":"testreg000004.azurecr.io","creationDate":"2023-02-10T09:17:37.944634Z","provisioningState":"Succeeded","adminUserEnabled":false,"networkRuleSet":{"defaultAction":"Allow","ipRules":[]},"policies":{"quarantinePolicy":{"status":"disabled"},"trustPolicy":{"type":"Notary","status":"disabled"},"retentionPolicy":{"days":7,"lastUpdatedTime":"2023-02-10T09:22:19.6423453+00:00","status":"disabled"},"exportPolicy":{"status":"enabled"},"azureADAuthenticationAsArmPolicy":{"status":"enabled"},"softDeletePolicy":{"retentionDays":7,"lastUpdatedTime":"2023-02-10T09:22:19.6423453+00:00","status":"disabled"}},"encryption":{"status":"disabled"},"dataEndpointEnabled":false,"dataEndpointHostNames":[],"privateEndpointConnections":[],"publicNetworkAccess":"Enabled","networkRuleBypassOptions":"AzureServices","zoneRedundancy":"Disabled","anonymousPullEnabled":false}}'
    headers:
      api-supported-versions:
      - 2022-02-01-preview
      cache-control:
      - no-cache
      content-length:
      - '1421'
      content-type:
      - application/json; charset=utf-8
      date:
      - Fri, 10 Feb 2023 09:22:32 GMT
      expires:
      - '-1'
      pragma:
      - no-cache
      server:
      - Microsoft-HTTPAPI/2.0
      strict-transport-security:
      - max-age=31536000; includeSubDomains
      transfer-encoding:
      - chunked
      vary:
      - Accept-Encoding
      x-content-type-options:
      - nosniff
    status:
      code: 200
      message: OK
version: 1
