interactions:
- request:
    body: '{"tags": {"use": "az-test"}, "location": "westus"}'
    headers:
      Accept: [application/json]
      Accept-Encoding: ['gzip, deflate']
      CommandName: [group create]
      Connection: [keep-alive]
      Content-Length: ['50']
      Content-Type: [application/json; charset=utf-8]
      User-Agent: [python/3.5.3 (Windows-10-10.0.16299-SP0) requests/2.18.4 msrest/0.4.25
          msrest_azure/0.4.20 resourcemanagementclient/1.2.1 Azure-SDK-For-Python
          AZURECLI/2.0.26]
      accept-language: [en-US]
    method: PUT
    uri: https://management.azure.com/subscriptions/00000000-0000-0000-0000-000000000000/resourcegroups/clitest.rg000001?api-version=2017-05-10
  response:
    body: {string: '{"id":"/subscriptions/00000000-0000-0000-0000-000000000000/resourceGroups/clitest.rg000001","name":"clitest.rg000001","location":"westus","tags":{"use":"az-test"},"properties":{"provisioningState":"Succeeded"}}'}
    headers:
      cache-control: [no-cache]
      content-length: ['328']
      content-type: [application/json; charset=utf-8]
      date: ['Sun, 21 Jan 2018 16:28:10 GMT']
      expires: ['-1']
      pragma: [no-cache]
      strict-transport-security: [max-age=31536000; includeSubDomains]
      x-ms-ratelimit-remaining-subscription-writes: ['1199']
    status: {code: 201, message: Created}
- request:
    body: '{"location": "westus", "properties": {"administratorLoginPassword": "SecretPassword123",
      "administratorLogin": "admin123"}}'
    headers:
      Accept: [application/json]
      Accept-Encoding: ['gzip, deflate']
      CommandName: [sql server create]
      Connection: [keep-alive]
      Content-Length: ['123']
      Content-Type: [application/json; charset=utf-8]
      User-Agent: [python/3.5.3 (Windows-10-10.0.16299-SP0) requests/2.18.4 msrest/0.4.25
          msrest_azure/0.4.20 azure-mgmt-sql/0.8.5 Azure-SDK-For-Python AZURECLI/2.0.26]
      accept-language: [en-US]
    method: PUT
    uri: https://management.azure.com/subscriptions/00000000-0000-0000-0000-000000000000/resourceGroups/clitest.rg000001/providers/Microsoft.Sql/servers/clitestserver000002?api-version=2015-05-01-preview
  response:
    body: {string: '{"operation":"UpsertLogicalServer","startTime":"2018-01-21T16:28:13.283Z"}'}
    headers:
      azure-asyncoperation: ['https://management.azure.com/subscriptions/00000000-0000-0000-0000-000000000000/resourceGroups/clitest.rg000001/providers/Microsoft.Sql/locations/westus/serverAzureAsyncOperation/f3ab7337-1226-4673-984a-144c9fa5f192?api-version=2015-05-01-preview']
      cache-control: [no-cache]
      content-length: ['74']
      content-type: [application/json; charset=utf-8]
      date: ['Sun, 21 Jan 2018 16:28:13 GMT']
      expires: ['-1']
      location: ['https://management.azure.com/subscriptions/00000000-0000-0000-0000-000000000000/resourceGroups/clitest.rg000001/providers/Microsoft.Sql/locations/westus/serverOperationResults/f3ab7337-1226-4673-984a-144c9fa5f192?api-version=2015-05-01-preview']
      pragma: [no-cache]
      server: [Microsoft-HTTPAPI/2.0]
      strict-transport-security: [max-age=31536000; includeSubDomains]
      x-ms-ratelimit-remaining-subscription-writes: ['1199']
    status: {code: 202, message: Accepted}
- request:
    body: null
    headers:
      Accept: [application/json]
      Accept-Encoding: ['gzip, deflate']
      CommandName: [sql server create]
      Connection: [keep-alive]
      Content-Type: [application/json; charset=utf-8]
      User-Agent: [python/3.5.3 (Windows-10-10.0.16299-SP0) requests/2.18.4 msrest/0.4.25
          msrest_azure/0.4.20 azure-mgmt-sql/0.8.5 Azure-SDK-For-Python AZURECLI/2.0.26]
      accept-language: [en-US]
    method: GET
    uri: https://management.azure.com/subscriptions/00000000-0000-0000-0000-000000000000/resourceGroups/clitest.rg000001/providers/Microsoft.Sql/locations/westus/serverAzureAsyncOperation/f3ab7337-1226-4673-984a-144c9fa5f192?api-version=2015-05-01-preview
  response:
    body: {string: '{"name":"f3ab7337-1226-4673-984a-144c9fa5f192","status":"InProgress","startTime":"2018-01-21T16:28:13.283Z"}'}
    headers:
      cache-control: [no-cache]
      content-length: ['108']
      content-type: [application/json; charset=utf-8]
      date: ['Sun, 21 Jan 2018 16:28:14 GMT']
      expires: ['-1']
      pragma: [no-cache]
      server: [Microsoft-HTTPAPI/2.0]
      strict-transport-security: [max-age=31536000; includeSubDomains]
      transfer-encoding: [chunked]
      vary: [Accept-Encoding]
    status: {code: 200, message: OK}
- request:
    body: null
    headers:
      Accept: [application/json]
      Accept-Encoding: ['gzip, deflate']
      CommandName: [sql server create]
      Connection: [keep-alive]
      Content-Type: [application/json; charset=utf-8]
      User-Agent: [python/3.5.3 (Windows-10-10.0.16299-SP0) requests/2.18.4 msrest/0.4.25
          msrest_azure/0.4.20 azure-mgmt-sql/0.8.5 Azure-SDK-For-Python AZURECLI/2.0.26]
      accept-language: [en-US]
    method: GET
    uri: https://management.azure.com/subscriptions/00000000-0000-0000-0000-000000000000/resourceGroups/clitest.rg000001/providers/Microsoft.Sql/locations/westus/serverAzureAsyncOperation/f3ab7337-1226-4673-984a-144c9fa5f192?api-version=2015-05-01-preview
  response:
    body: {string: '{"name":"f3ab7337-1226-4673-984a-144c9fa5f192","status":"InProgress","startTime":"2018-01-21T16:28:13.283Z"}'}
    headers:
      cache-control: [no-cache]
      content-length: ['108']
      content-type: [application/json; charset=utf-8]
      date: ['Sun, 21 Jan 2018 16:28:15 GMT']
      expires: ['-1']
      pragma: [no-cache]
      server: [Microsoft-HTTPAPI/2.0]
      strict-transport-security: [max-age=31536000; includeSubDomains]
      transfer-encoding: [chunked]
      vary: [Accept-Encoding]
    status: {code: 200, message: OK}
- request:
    body: null
    headers:
      Accept: [application/json]
      Accept-Encoding: ['gzip, deflate']
      CommandName: [sql server create]
      Connection: [keep-alive]
      Content-Type: [application/json; charset=utf-8]
      User-Agent: [python/3.5.3 (Windows-10-10.0.16299-SP0) requests/2.18.4 msrest/0.4.25
          msrest_azure/0.4.20 azure-mgmt-sql/0.8.5 Azure-SDK-For-Python AZURECLI/2.0.26]
      accept-language: [en-US]
    method: GET
    uri: https://management.azure.com/subscriptions/00000000-0000-0000-0000-000000000000/resourceGroups/clitest.rg000001/providers/Microsoft.Sql/locations/westus/serverAzureAsyncOperation/f3ab7337-1226-4673-984a-144c9fa5f192?api-version=2015-05-01-preview
  response:
    body: {string: '{"name":"f3ab7337-1226-4673-984a-144c9fa5f192","status":"InProgress","startTime":"2018-01-21T16:28:13.283Z"}'}
    headers:
      cache-control: [no-cache]
      content-length: ['108']
      content-type: [application/json; charset=utf-8]
      date: ['Sun, 21 Jan 2018 16:28:16 GMT']
      expires: ['-1']
      pragma: [no-cache]
      server: [Microsoft-HTTPAPI/2.0]
      strict-transport-security: [max-age=31536000; includeSubDomains]
      transfer-encoding: [chunked]
      vary: [Accept-Encoding]
    status: {code: 200, message: OK}
- request:
    body: null
    headers:
      Accept: [application/json]
      Accept-Encoding: ['gzip, deflate']
      CommandName: [sql server create]
      Connection: [keep-alive]
      Content-Type: [application/json; charset=utf-8]
      User-Agent: [python/3.5.3 (Windows-10-10.0.16299-SP0) requests/2.18.4 msrest/0.4.25
          msrest_azure/0.4.20 azure-mgmt-sql/0.8.5 Azure-SDK-For-Python AZURECLI/2.0.26]
      accept-language: [en-US]
    method: GET
    uri: https://management.azure.com/subscriptions/00000000-0000-0000-0000-000000000000/resourceGroups/clitest.rg000001/providers/Microsoft.Sql/locations/westus/serverAzureAsyncOperation/f3ab7337-1226-4673-984a-144c9fa5f192?api-version=2015-05-01-preview
  response:
    body: {string: '{"name":"f3ab7337-1226-4673-984a-144c9fa5f192","status":"InProgress","startTime":"2018-01-21T16:28:13.283Z"}'}
    headers:
      cache-control: [no-cache]
      content-length: ['108']
      content-type: [application/json; charset=utf-8]
      date: ['Sun, 21 Jan 2018 16:28:37 GMT']
      expires: ['-1']
      pragma: [no-cache]
      server: [Microsoft-HTTPAPI/2.0]
      strict-transport-security: [max-age=31536000; includeSubDomains]
      transfer-encoding: [chunked]
      vary: [Accept-Encoding]
    status: {code: 200, message: OK}
- request:
    body: null
    headers:
      Accept: [application/json]
      Accept-Encoding: ['gzip, deflate']
      CommandName: [sql server create]
      Connection: [keep-alive]
      Content-Type: [application/json; charset=utf-8]
      User-Agent: [python/3.5.3 (Windows-10-10.0.16299-SP0) requests/2.18.4 msrest/0.4.25
          msrest_azure/0.4.20 azure-mgmt-sql/0.8.5 Azure-SDK-For-Python AZURECLI/2.0.26]
      accept-language: [en-US]
    method: GET
    uri: https://management.azure.com/subscriptions/00000000-0000-0000-0000-000000000000/resourceGroups/clitest.rg000001/providers/Microsoft.Sql/locations/westus/serverAzureAsyncOperation/f3ab7337-1226-4673-984a-144c9fa5f192?api-version=2015-05-01-preview
  response:
    body: {string: '{"name":"f3ab7337-1226-4673-984a-144c9fa5f192","status":"Succeeded","startTime":"2018-01-21T16:28:13.283Z"}'}
    headers:
      cache-control: [no-cache]
      content-length: ['107']
      content-type: [application/json; charset=utf-8]
      date: ['Sun, 21 Jan 2018 16:28:57 GMT']
      expires: ['-1']
      pragma: [no-cache]
      server: [Microsoft-HTTPAPI/2.0]
      strict-transport-security: [max-age=31536000; includeSubDomains]
      transfer-encoding: [chunked]
      vary: [Accept-Encoding]
    status: {code: 200, message: OK}
- request:
    body: null
    headers:
      Accept: [application/json]
      Accept-Encoding: ['gzip, deflate']
      CommandName: [sql server create]
      Connection: [keep-alive]
      Content-Type: [application/json; charset=utf-8]
      User-Agent: [python/3.5.3 (Windows-10-10.0.16299-SP0) requests/2.18.4 msrest/0.4.25
          msrest_azure/0.4.20 azure-mgmt-sql/0.8.5 Azure-SDK-For-Python AZURECLI/2.0.26]
      accept-language: [en-US]
    method: GET
    uri: https://management.azure.com/subscriptions/00000000-0000-0000-0000-000000000000/resourceGroups/clitest.rg000001/providers/Microsoft.Sql/servers/clitestserver000002?api-version=2015-05-01-preview
  response:
    body: {string: '{"kind":"v12.0","properties":{"administratorLogin":"admin123","version":"12.0","state":"Ready","fullyQualifiedDomainName":"clitestserver000002.database.windows.net"},"location":"westus","id":"/subscriptions/00000000-0000-0000-0000-000000000000/resourceGroups/clitest.rg000001/providers/Microsoft.Sql/servers/clitestserver000002","name":"clitestserver000002","type":"Microsoft.Sql/servers"}'}
    headers:
      cache-control: [no-cache]
      content-length: ['580']
      content-type: [application/json; charset=utf-8]
      date: ['Sun, 21 Jan 2018 16:28:58 GMT']
      expires: ['-1']
      pragma: [no-cache]
      server: [Microsoft-HTTPAPI/2.0]
      strict-transport-security: [max-age=31536000; includeSubDomains]
      transfer-encoding: [chunked]
      vary: [Accept-Encoding]
    status: {code: 200, message: OK}
- request:
    body: null
    headers:
      Accept: [application/json]
      Accept-Encoding: ['gzip, deflate']
      CommandName: [sql db create]
      Connection: [keep-alive]
      Content-Type: [application/json; charset=utf-8]
      User-Agent: [python/3.5.3 (Windows-10-10.0.16299-SP0) requests/2.18.4 msrest/0.4.25
          msrest_azure/0.4.20 azure-mgmt-sql/0.8.5 Azure-SDK-For-Python AZURECLI/2.0.26]
      accept-language: [en-US]
    method: GET
    uri: https://management.azure.com/subscriptions/00000000-0000-0000-0000-000000000000/resourceGroups/clitest.rg000001/providers/Microsoft.Sql/servers/clitestserver000002?api-version=2015-05-01-preview
  response:
    body: {string: '{"kind":"v12.0","properties":{"administratorLogin":"admin123","version":"12.0","state":"Ready","fullyQualifiedDomainName":"clitestserver000002.database.windows.net"},"location":"westus","id":"/subscriptions/00000000-0000-0000-0000-000000000000/resourceGroups/clitest.rg000001/providers/Microsoft.Sql/servers/clitestserver000002","name":"clitestserver000002","type":"Microsoft.Sql/servers"}'}
    headers:
      cache-control: [no-cache]
      content-length: ['580']
      content-type: [application/json; charset=utf-8]
      date: ['Sun, 21 Jan 2018 16:29:00 GMT']
      expires: ['-1']
      pragma: [no-cache]
      server: [Microsoft-HTTPAPI/2.0]
      strict-transport-security: [max-age=31536000; includeSubDomains]
      transfer-encoding: [chunked]
      vary: [Accept-Encoding]
    status: {code: 200, message: OK}
- request:
    body: '{"location": "westus"}'
    headers:
      Accept: [application/json]
      Accept-Encoding: ['gzip, deflate']
      CommandName: [sql db create]
      Connection: [keep-alive]
      Content-Length: ['22']
      Content-Type: [application/json; charset=utf-8]
      User-Agent: [python/3.5.3 (Windows-10-10.0.16299-SP0) requests/2.18.4 msrest/0.4.25
          msrest_azure/0.4.20 azure-mgmt-sql/0.8.5 Azure-SDK-For-Python AZURECLI/2.0.26]
      accept-language: [en-US]
    method: PUT
    uri: https://management.azure.com/subscriptions/00000000-0000-0000-0000-000000000000/resourceGroups/clitest.rg000001/providers/Microsoft.Sql/servers/clitestserver000002/databases/cliautomationdb01?api-version=2014-04-01
  response:
    body: {string: '{"operation":"CreateLogicalDatabase","startTime":"\/Date(1516552142021+0000)\/"}'}
    headers:
      azure-asyncoperation: ['https://management.azure.com/subscriptions/00000000-0000-0000-0000-000000000000/resourceGroups/clitest.rg000001/providers/Microsoft.Sql/servers/clitestserver000002/databases/cliautomationdb01/azureAsyncOperation/4b26f831-8709-451d-9e39-c8cc8f947911?api-version=2014-04-01-Preview']
      cache-control: ['no-store, no-cache']
      content-length: ['80']
      content-type: [application/json; odata=minimalmetadata; streaming=true; charset=utf-8]
      dataserviceversion: [3.0;]
      date: ['Sun, 21 Jan 2018 16:29:02 GMT']
      location: ['https://management.azure.com/subscriptions/00000000-0000-0000-0000-000000000000/resourceGroups/clitest.rg000001/providers/Microsoft.Sql/servers/clitestserver000002/databases/cliautomationdb01/operationResults/4b26f831-8709-451d-9e39-c8cc8f947911?api-version=2014-04-01-Preview']
      preference-applied: [return-content]
      server: [Microsoft-HTTPAPI/2.0]
      strict-transport-security: [max-age=31536000; includeSubDomains]
      x-content-type-options: [nosniff]
      x-ms-ratelimit-remaining-subscription-writes: ['1199']
    status: {code: 202, message: Accepted}
- request:
    body: null
    headers:
      Accept: [application/json]
      Accept-Encoding: ['gzip, deflate']
      CommandName: [sql db create]
      Connection: [keep-alive]
      Content-Type: [application/json; charset=utf-8]
      User-Agent: [python/3.5.3 (Windows-10-10.0.16299-SP0) requests/2.18.4 msrest/0.4.25
          msrest_azure/0.4.20 azure-mgmt-sql/0.8.5 Azure-SDK-For-Python AZURECLI/2.0.26]
      accept-language: [en-US]
    method: GET
    uri: https://management.azure.com/subscriptions/00000000-0000-0000-0000-000000000000/resourceGroups/clitest.rg000001/providers/Microsoft.Sql/servers/clitestserver000002/databases/cliautomationdb01/azureAsyncOperation/4b26f831-8709-451d-9e39-c8cc8f947911?api-version=2014-04-01-Preview
  response:
    body: {string: '{"operationId":"4b26f831-8709-451d-9e39-c8cc8f947911","status":"InProgress","error":null}'}
    headers:
      azure-asyncoperation: ['https://management.azure.com/subscriptions/00000000-0000-0000-0000-000000000000/resourceGroups/clitest.rg000001/providers/Microsoft.Sql/servers/clitestserver000002/databases/cliautomationdb01/azureAsyncOperation/4b26f831-8709-451d-9e39-c8cc8f947911?api-version=2014-04-01-Preview']
      cache-control: ['no-store, no-cache']
      content-length: ['89']
      content-type: [application/json; odata=minimalmetadata; streaming=true; charset=utf-8]
      dataserviceversion: [3.0;]
      date: ['Sun, 21 Jan 2018 16:29:32 GMT']
      server: [Microsoft-HTTPAPI/2.0]
      strict-transport-security: [max-age=31536000; includeSubDomains]
      transfer-encoding: [chunked]
      vary: [Accept-Encoding]
      x-content-type-options: [nosniff]
    status: {code: 200, message: OK}
- request:
    body: null
    headers:
      Accept: [application/json]
      Accept-Encoding: ['gzip, deflate']
      CommandName: [sql db create]
      Connection: [keep-alive]
      Content-Type: [application/json; charset=utf-8]
      User-Agent: [python/3.5.3 (Windows-10-10.0.16299-SP0) requests/2.18.4 msrest/0.4.25
          msrest_azure/0.4.20 azure-mgmt-sql/0.8.5 Azure-SDK-For-Python AZURECLI/2.0.26]
      accept-language: [en-US]
    method: GET
    uri: https://management.azure.com/subscriptions/00000000-0000-0000-0000-000000000000/resourceGroups/clitest.rg000001/providers/Microsoft.Sql/servers/clitestserver000002/databases/cliautomationdb01/azureAsyncOperation/4b26f831-8709-451d-9e39-c8cc8f947911?api-version=2014-04-01-Preview
  response:
    body: {string: '{"operationId":"4b26f831-8709-451d-9e39-c8cc8f947911","status":"Succeeded","error":null}'}
    headers:
      azure-asyncoperation: ['https://management.azure.com/subscriptions/00000000-0000-0000-0000-000000000000/resourceGroups/clitest.rg000001/providers/Microsoft.Sql/servers/clitestserver000002/databases/cliautomationdb01/azureAsyncOperation/4b26f831-8709-451d-9e39-c8cc8f947911?api-version=2014-04-01-Preview']
      cache-control: ['no-store, no-cache']
      content-length: ['88']
      content-type: [application/json; odata=minimalmetadata; streaming=true; charset=utf-8]
      dataserviceversion: [3.0;]
      date: ['Sun, 21 Jan 2018 16:30:02 GMT']
      server: [Microsoft-HTTPAPI/2.0]
      strict-transport-security: [max-age=31536000; includeSubDomains]
      transfer-encoding: [chunked]
      vary: [Accept-Encoding]
      x-content-type-options: [nosniff]
    status: {code: 200, message: OK}
- request:
    body: null
    headers:
      Accept: [application/json]
      Accept-Encoding: ['gzip, deflate']
      CommandName: [sql db create]
      Connection: [keep-alive]
      Content-Type: [application/json; charset=utf-8]
      User-Agent: [python/3.5.3 (Windows-10-10.0.16299-SP0) requests/2.18.4 msrest/0.4.25
          msrest_azure/0.4.20 azure-mgmt-sql/0.8.5 Azure-SDK-For-Python AZURECLI/2.0.26]
      accept-language: [en-US]
    method: GET
    uri: https://management.azure.com/subscriptions/00000000-0000-0000-0000-000000000000/resourceGroups/clitest.rg000001/providers/Microsoft.Sql/servers/clitestserver000002/databases/cliautomationdb01?api-version=2014-04-01
  response:
    body: {string: '{"id":"/subscriptions/00000000-0000-0000-0000-000000000000/resourceGroups/clitest.rg000001/providers/Microsoft.Sql/servers/clitestserver000002/databases/cliautomationdb01","name":"cliautomationdb01","type":"Microsoft.Sql/servers/databases","location":"West
        US","kind":"v12.0,user","properties":{"databaseId":"0309dced-0912-4799-a44f-0cefab0f64da","edition":"Standard","status":"Online","serviceLevelObjective":"S0","collation":"SQL_Latin1_General_CP1_CI_AS","maxSizeBytes":"268435456000","creationDate":"2018-01-21T16:29:02.27Z","currentServiceObjectiveId":"f1173c43-91bd-4aaa-973c-54e79e15235b","requestedServiceObjectiveId":"f1173c43-91bd-4aaa-973c-54e79e15235b","requestedServiceObjectiveName":"S0","sampleName":null,"defaultSecondaryLocation":"East
        US","earliestRestoreDate":"2018-01-21T16:59:37.28Z","elasticPoolName":null,"containmentState":2,"readScale":"Disabled","failoverGroupId":null,"zoneRedundant":false,"isUpgradeRequested":false}}'}
    headers:
      cache-control: ['no-store, no-cache']
      content-length: ['1048']
      content-type: [application/json; odata=minimalmetadata; streaming=true; charset=utf-8]
      dataserviceversion: [3.0;]
      date: ['Sun, 21 Jan 2018 16:30:03 GMT']
      server: [Microsoft-HTTPAPI/2.0]
      strict-transport-security: [max-age=31536000; includeSubDomains]
      transfer-encoding: [chunked]
      vary: [Accept-Encoding]
      x-content-type-options: [nosniff]
    status: {code: 200, message: OK}
- request:
    body: null
    headers:
      Accept: [application/json]
      Accept-Encoding: ['gzip, deflate']
      CommandName: [sql db list]
      Connection: [keep-alive]
      Content-Type: [application/json; charset=utf-8]
      User-Agent: [python/3.5.3 (Windows-10-10.0.16299-SP0) requests/2.18.4 msrest/0.4.25
          msrest_azure/0.4.20 azure-mgmt-sql/0.8.5 Azure-SDK-For-Python AZURECLI/2.0.26]
      accept-language: [en-US]
    method: GET
    uri: https://management.azure.com/subscriptions/00000000-0000-0000-0000-000000000000/resourceGroups/clitest.rg000001/providers/Microsoft.Sql/servers/clitestserver000002/databases?api-version=2014-04-01
  response:
    body: {string: '{"value":[{"id":"/subscriptions/00000000-0000-0000-0000-000000000000/resourceGroups/clitest.rg000001/providers/Microsoft.Sql/servers/clitestserver000002/databases/cliautomationdb01","name":"cliautomationdb01","type":"Microsoft.Sql/servers/databases","location":"West
        US","kind":"v12.0,user","properties":{"databaseId":"0309dced-0912-4799-a44f-0cefab0f64da","edition":"Standard","status":"Online","serviceLevelObjective":"S0","collation":"SQL_Latin1_General_CP1_CI_AS","maxSizeBytes":"268435456000","creationDate":"2018-01-21T16:29:02.27Z","currentServiceObjectiveId":"f1173c43-91bd-4aaa-973c-54e79e15235b","requestedServiceObjectiveId":"f1173c43-91bd-4aaa-973c-54e79e15235b","requestedServiceObjectiveName":"S0","sampleName":null,"defaultSecondaryLocation":"East
        US","earliestRestoreDate":"2018-01-21T16:59:37.28Z","elasticPoolName":null,"containmentState":2,"readScale":"Disabled","failoverGroupId":null,"zoneRedundant":false,"isUpgradeRequested":false}},{"id":"/subscriptions/00000000-0000-0000-0000-000000000000/resourceGroups/clitest.rg000001/providers/Microsoft.Sql/servers/clitestserver000002/databases/master","name":"master","type":"Microsoft.Sql/servers/databases","location":"West
        US","kind":"v12.0,system","properties":{"databaseId":"5eae6745-6bf5-4109-ab74-ed796ccabc31","edition":"System","status":"Online","serviceLevelObjective":"System2","collation":"SQL_Latin1_General_CP1_CI_AS","maxSizeBytes":"32212254720","creationDate":"2018-01-21T16:28:15.033Z","currentServiceObjectiveId":"620323bf-2879-4807-b30d-c2e6d7b3b3aa","requestedServiceObjectiveId":"620323bf-2879-4807-b30d-c2e6d7b3b3aa","requestedServiceObjectiveName":"System2","sampleName":null,"defaultSecondaryLocation":"East
        US","earliestRestoreDate":null,"elasticPoolName":null,"containmentState":2,"readScale":"Disabled","failoverGroupId":null,"zoneRedundant":false,"isUpgradeRequested":false}}]}'}
    headers:
      cache-control: ['no-store, no-cache']
      content-length: ['2076']
      content-type: [application/json; odata=minimalmetadata; streaming=true; charset=utf-8]
      dataserviceversion: [3.0;]
      date: ['Sun, 21 Jan 2018 16:30:05 GMT']
      server: [Microsoft-HTTPAPI/2.0]
      strict-transport-security: [max-age=31536000; includeSubDomains]
      transfer-encoding: [chunked]
      vary: [Accept-Encoding]
      x-content-type-options: [nosniff]
    status: {code: 200, message: OK}
- request:
    body: null
    headers:
      Accept: [application/json]
      Accept-Encoding: ['gzip, deflate']
      CommandName: [sql db list-usages]
      Connection: [keep-alive]
      Content-Type: [application/json; charset=utf-8]
      User-Agent: [python/3.5.3 (Windows-10-10.0.16299-SP0) requests/2.18.4 msrest/0.4.25
          msrest_azure/0.4.20 azure-mgmt-sql/0.8.5 Azure-SDK-For-Python AZURECLI/2.0.26]
      accept-language: [en-US]
    method: GET
    uri: https://management.azure.com/subscriptions/00000000-0000-0000-0000-000000000000/resourceGroups/clitest.rg000001/providers/Microsoft.Sql/servers/clitestserver000002/databases/cliautomationdb01/usages?api-version=2014-04-01
  response:
    body: {string: '{"value":[{"name":"database_size","resourceName":"cliautomationdb01","displayName":"Database
        Size","currentValue":4194304.0,"limit":268435456000.0,"unit":"Bytes","nextResetTime":null}]}'}
    headers:
      cache-control: ['no-store, no-cache']
      content-length: ['185']
      content-type: [application/json; odata=minimalmetadata; streaming=true; charset=utf-8]
      dataserviceversion: [3.0;]
      date: ['Sun, 21 Jan 2018 16:30:07 GMT']
      server: [Microsoft-HTTPAPI/2.0]
      strict-transport-security: [max-age=31536000; includeSubDomains]
      transfer-encoding: [chunked]
      vary: [Accept-Encoding]
      x-content-type-options: [nosniff]
    status: {code: 200, message: OK}
- request:
    body: null
    headers:
      Accept: [application/json]
      Accept-Encoding: ['gzip, deflate']
      CommandName: [sql db show]
      Connection: [keep-alive]
      Content-Type: [application/json; charset=utf-8]
      User-Agent: [python/3.5.3 (Windows-10-10.0.16299-SP0) requests/2.18.4 msrest/0.4.25
          msrest_azure/0.4.20 azure-mgmt-sql/0.8.5 Azure-SDK-For-Python AZURECLI/2.0.26]
      accept-language: [en-US]
    method: GET
    uri: https://management.azure.com/subscriptions/00000000-0000-0000-0000-000000000000/resourceGroups/clitest.rg000001/providers/Microsoft.Sql/servers/clitestserver000002/databases/cliautomationdb01?api-version=2014-04-01
  response:
    body: {string: '{"id":"/subscriptions/00000000-0000-0000-0000-000000000000/resourceGroups/clitest.rg000001/providers/Microsoft.Sql/servers/clitestserver000002/databases/cliautomationdb01","name":"cliautomationdb01","type":"Microsoft.Sql/servers/databases","location":"West
        US","kind":"v12.0,user","properties":{"databaseId":"0309dced-0912-4799-a44f-0cefab0f64da","edition":"Standard","status":"Online","serviceLevelObjective":"S0","collation":"SQL_Latin1_General_CP1_CI_AS","maxSizeBytes":"268435456000","creationDate":"2018-01-21T16:29:02.27Z","currentServiceObjectiveId":"f1173c43-91bd-4aaa-973c-54e79e15235b","requestedServiceObjectiveId":"f1173c43-91bd-4aaa-973c-54e79e15235b","requestedServiceObjectiveName":"S0","sampleName":null,"defaultSecondaryLocation":"East
        US","earliestRestoreDate":"2018-01-21T16:59:37.28Z","elasticPoolName":null,"containmentState":2,"readScale":"Disabled","failoverGroupId":null,"zoneRedundant":false,"isUpgradeRequested":false}}'}
    headers:
      cache-control: ['no-store, no-cache']
      content-length: ['1048']
      content-type: [application/json; odata=minimalmetadata; streaming=true; charset=utf-8]
      dataserviceversion: [3.0;]
      date: ['Sun, 21 Jan 2018 16:30:07 GMT']
      server: [Microsoft-HTTPAPI/2.0]
      strict-transport-security: [max-age=31536000; includeSubDomains]
      transfer-encoding: [chunked]
      vary: [Accept-Encoding]
      x-content-type-options: [nosniff]
    status: {code: 200, message: OK}
- request:
    body: null
    headers:
      Accept: [application/json]
      Accept-Encoding: ['gzip, deflate']
      CommandName: [sql db show]
      Connection: [keep-alive]
      Content-Type: [application/json; charset=utf-8]
      User-Agent: [python/3.5.3 (Windows-10-10.0.16299-SP0) requests/2.18.4 msrest/0.4.25
          msrest_azure/0.4.20 azure-mgmt-sql/0.8.5 Azure-SDK-For-Python AZURECLI/2.0.26]
      accept-language: [en-US]
    method: GET
    uri: https://management.azure.com/subscriptions/00000000-0000-0000-0000-000000000000/resourceGroups/clitest.rg000001/providers/Microsoft.Sql/servers/clitestserver000002/databases/cliautomationdb01?api-version=2014-04-01
  response:
    body: {string: '{"id":"/subscriptions/00000000-0000-0000-0000-000000000000/resourceGroups/clitest.rg000001/providers/Microsoft.Sql/servers/clitestserver000002/databases/cliautomationdb01","name":"cliautomationdb01","type":"Microsoft.Sql/servers/databases","location":"West
        US","kind":"v12.0,user","properties":{"databaseId":"0309dced-0912-4799-a44f-0cefab0f64da","edition":"Standard","status":"Online","serviceLevelObjective":"S0","collation":"SQL_Latin1_General_CP1_CI_AS","maxSizeBytes":"268435456000","creationDate":"2018-01-21T16:29:02.27Z","currentServiceObjectiveId":"f1173c43-91bd-4aaa-973c-54e79e15235b","requestedServiceObjectiveId":"f1173c43-91bd-4aaa-973c-54e79e15235b","requestedServiceObjectiveName":"S0","sampleName":null,"defaultSecondaryLocation":"East
        US","earliestRestoreDate":"2018-01-21T16:59:37.28Z","elasticPoolName":null,"containmentState":2,"readScale":"Disabled","failoverGroupId":null,"zoneRedundant":false,"isUpgradeRequested":false}}'}
    headers:
      cache-control: ['no-store, no-cache']
      content-length: ['1048']
      content-type: [application/json; odata=minimalmetadata; streaming=true; charset=utf-8]
      dataserviceversion: [3.0;]
      date: ['Sun, 21 Jan 2018 16:30:08 GMT']
      server: [Microsoft-HTTPAPI/2.0]
      strict-transport-security: [max-age=31536000; includeSubDomains]
      transfer-encoding: [chunked]
      vary: [Accept-Encoding]
      x-content-type-options: [nosniff]
    status: {code: 200, message: OK}
- request:
    body: null
    headers:
      Accept: [application/json]
      Accept-Encoding: ['gzip, deflate']
      CommandName: [sql db update]
      Connection: [keep-alive]
      Content-Type: [application/json; charset=utf-8]
      User-Agent: [python/3.5.3 (Windows-10-10.0.16299-SP0) requests/2.18.4 msrest/0.4.25
          msrest_azure/0.4.20 azure-mgmt-sql/0.8.5 Azure-SDK-For-Python AZURECLI/2.0.26]
      accept-language: [en-US]
    method: GET
    uri: https://management.azure.com/subscriptions/00000000-0000-0000-0000-000000000000/resourceGroups/clitest.rg000001/providers/Microsoft.Sql/servers/clitestserver000002/databases/cliautomationdb01?api-version=2014-04-01
  response:
    body: {string: '{"id":"/subscriptions/00000000-0000-0000-0000-000000000000/resourceGroups/clitest.rg000001/providers/Microsoft.Sql/servers/clitestserver000002/databases/cliautomationdb01","name":"cliautomationdb01","type":"Microsoft.Sql/servers/databases","location":"West
        US","kind":"v12.0,user","properties":{"databaseId":"0309dced-0912-4799-a44f-0cefab0f64da","edition":"Standard","status":"Online","serviceLevelObjective":"S0","collation":"SQL_Latin1_General_CP1_CI_AS","maxSizeBytes":"268435456000","creationDate":"2018-01-21T16:29:02.27Z","currentServiceObjectiveId":"f1173c43-91bd-4aaa-973c-54e79e15235b","requestedServiceObjectiveId":"f1173c43-91bd-4aaa-973c-54e79e15235b","requestedServiceObjectiveName":"S0","sampleName":null,"defaultSecondaryLocation":"East
        US","earliestRestoreDate":"2018-01-21T16:59:37.28Z","elasticPoolName":null,"containmentState":2,"readScale":"Disabled","failoverGroupId":null,"zoneRedundant":false,"isUpgradeRequested":false}}'}
    headers:
      cache-control: ['no-store, no-cache']
      content-length: ['1048']
      content-type: [application/json; odata=minimalmetadata; streaming=true; charset=utf-8]
      dataserviceversion: [3.0;]
      date: ['Sun, 21 Jan 2018 16:30:10 GMT']
      server: [Microsoft-HTTPAPI/2.0]
      strict-transport-security: [max-age=31536000; includeSubDomains]
      transfer-encoding: [chunked]
      vary: [Accept-Encoding]
      x-content-type-options: [nosniff]
    status: {code: 200, message: OK}
- request:
    body: '{"tags": {"key1": "value1"}, "location": "West US", "properties": {"maxSizeBytes":
      "10737418240", "zoneRedundant": false, "collation": "SQL_Latin1_General_CP1_CI_AS",
      "readScale": "Disabled", "requestedServiceObjectiveName": "S1"}}'
    headers:
      Accept: [application/json]
      Accept-Encoding: ['gzip, deflate']
      CommandName: [sql db update]
      Connection: [keep-alive]
      Content-Length: ['231']
      Content-Type: [application/json; charset=utf-8]
      User-Agent: [python/3.5.3 (Windows-10-10.0.16299-SP0) requests/2.18.4 msrest/0.4.25
          msrest_azure/0.4.20 azure-mgmt-sql/0.8.5 Azure-SDK-For-Python AZURECLI/2.0.26]
      accept-language: [en-US]
    method: PUT
    uri: https://management.azure.com/subscriptions/00000000-0000-0000-0000-000000000000/resourceGroups/clitest.rg000001/providers/Microsoft.Sql/servers/clitestserver000002/databases/cliautomationdb01?api-version=2014-04-01
  response:
    body: {string: '{"operation":"AlterDatabaseOperation","startTime":"\/Date(1516552212587+0000)\/"}'}
    headers:
      azure-asyncoperation: ['https://management.azure.com/subscriptions/00000000-0000-0000-0000-000000000000/resourceGroups/clitest.rg000001/providers/Microsoft.Sql/servers/clitestserver000002/databases/cliautomationdb01/azureAsyncOperation/5f0bc1af-3306-4549-9c69-165a673e66fc?api-version=2014-04-01-Preview']
      cache-control: ['no-store, no-cache']
      content-length: ['81']
      content-type: [application/json; odata=minimalmetadata; streaming=true; charset=utf-8]
      dataserviceversion: [3.0;]
      date: ['Sun, 21 Jan 2018 16:30:13 GMT']
      location: ['https://management.azure.com/subscriptions/00000000-0000-0000-0000-000000000000/resourceGroups/clitest.rg000001/providers/Microsoft.Sql/servers/clitestserver000002/databases/cliautomationdb01/operationResults/5f0bc1af-3306-4549-9c69-165a673e66fc?api-version=2014-04-01-Preview']
      preference-applied: [return-content]
      server: [Microsoft-HTTPAPI/2.0]
      strict-transport-security: [max-age=31536000; includeSubDomains]
      x-content-type-options: [nosniff]
      x-ms-ratelimit-remaining-subscription-writes: ['1199']
    status: {code: 202, message: Accepted}
- request:
    body: null
    headers:
      Accept: [application/json]
      Accept-Encoding: ['gzip, deflate']
      CommandName: [sql db update]
      Connection: [keep-alive]
      Content-Type: [application/json; charset=utf-8]
      User-Agent: [python/3.5.3 (Windows-10-10.0.16299-SP0) requests/2.18.4 msrest/0.4.25
          msrest_azure/0.4.20 azure-mgmt-sql/0.8.5 Azure-SDK-For-Python AZURECLI/2.0.26]
      accept-language: [en-US]
    method: GET
    uri: https://management.azure.com/subscriptions/00000000-0000-0000-0000-000000000000/resourceGroups/clitest.rg000001/providers/Microsoft.Sql/servers/clitestserver000002/databases/cliautomationdb01/azureAsyncOperation/5f0bc1af-3306-4549-9c69-165a673e66fc?api-version=2014-04-01-Preview
  response:
    body: {string: '{"operationId":"5f0bc1af-3306-4549-9c69-165a673e66fc","status":"Succeeded","error":null}'}
    headers:
      azure-asyncoperation: ['https://management.azure.com/subscriptions/00000000-0000-0000-0000-000000000000/resourceGroups/clitest.rg000001/providers/Microsoft.Sql/servers/clitestserver000002/databases/cliautomationdb01/azureAsyncOperation/5f0bc1af-3306-4549-9c69-165a673e66fc?api-version=2014-04-01-Preview']
      cache-control: ['no-store, no-cache']
      content-length: ['88']
      content-type: [application/json; odata=minimalmetadata; streaming=true; charset=utf-8]
      dataserviceversion: [3.0;]
      date: ['Sun, 21 Jan 2018 16:30:43 GMT']
      server: [Microsoft-HTTPAPI/2.0]
      strict-transport-security: [max-age=31536000; includeSubDomains]
      transfer-encoding: [chunked]
      vary: [Accept-Encoding]
      x-content-type-options: [nosniff]
    status: {code: 200, message: OK}
- request:
    body: null
    headers:
      Accept: [application/json]
      Accept-Encoding: ['gzip, deflate']
      CommandName: [sql db update]
      Connection: [keep-alive]
      Content-Type: [application/json; charset=utf-8]
      User-Agent: [python/3.5.3 (Windows-10-10.0.16299-SP0) requests/2.18.4 msrest/0.4.25
          msrest_azure/0.4.20 azure-mgmt-sql/0.8.5 Azure-SDK-For-Python AZURECLI/2.0.26]
      accept-language: [en-US]
    method: GET
    uri: https://management.azure.com/subscriptions/00000000-0000-0000-0000-000000000000/resourceGroups/clitest.rg000001/providers/Microsoft.Sql/servers/clitestserver000002/databases/cliautomationdb01?api-version=2014-04-01
  response:
    body: {string: '{"tags":{"key1":"value1"},"id":"/subscriptions/00000000-0000-0000-0000-000000000000/resourceGroups/clitest.rg000001/providers/Microsoft.Sql/servers/clitestserver000002/databases/cliautomationdb01","name":"cliautomationdb01","type":"Microsoft.Sql/servers/databases","location":"West
        US","kind":"v12.0,user","properties":{"databaseId":"0309dced-0912-4799-a44f-0cefab0f64da","edition":"Standard","status":"Online","serviceLevelObjective":"S1","collation":"SQL_Latin1_General_CP1_CI_AS","maxSizeBytes":"10737418240","creationDate":"2018-01-21T16:29:02.27Z","currentServiceObjectiveId":"1b1ebd4d-d903-4baa-97f9-4ea675f5e928","requestedServiceObjectiveId":"1b1ebd4d-d903-4baa-97f9-4ea675f5e928","requestedServiceObjectiveName":"S1","sampleName":null,"defaultSecondaryLocation":"East
        US","earliestRestoreDate":"2018-01-21T16:59:37.28Z","elasticPoolName":null,"containmentState":2,"readScale":"Disabled","failoverGroupId":null,"zoneRedundant":false,"isUpgradeRequested":false}}'}
    headers:
      cache-control: ['no-store, no-cache']
      content-length: ['1072']
      content-type: [application/json; odata=minimalmetadata; streaming=true; charset=utf-8]
      dataserviceversion: [3.0;]
      date: ['Sun, 21 Jan 2018 16:30:43 GMT']
      server: [Microsoft-HTTPAPI/2.0]
      strict-transport-security: [max-age=31536000; includeSubDomains]
      transfer-encoding: [chunked]
      vary: [Accept-Encoding]
      x-content-type-options: [nosniff]
    status: {code: 200, message: OK}
- request:
    body: null
    headers:
      Accept: [application/json]
      Accept-Encoding: ['gzip, deflate']
      CommandName: [sql db update]
      Connection: [keep-alive]
      Content-Type: [application/json; charset=utf-8]
      User-Agent: [python/3.5.3 (Windows-10-10.0.16299-SP0) requests/2.18.4 msrest/0.4.25
          msrest_azure/0.4.20 azure-mgmt-sql/0.8.5 Azure-SDK-For-Python AZURECLI/2.0.26]
      accept-language: [en-US]
    method: GET
    uri: https://management.azure.com/subscriptions/00000000-0000-0000-0000-000000000000/resourceGroups/clitest.rg000001/providers/Microsoft.Sql/servers/clitestserver000002/databases/cliautomationdb01?api-version=2014-04-01
  response:
    body: {string: '{"tags":{"key1":"value1"},"id":"/subscriptions/00000000-0000-0000-0000-000000000000/resourceGroups/clitest.rg000001/providers/Microsoft.Sql/servers/clitestserver000002/databases/cliautomationdb01","name":"cliautomationdb01","type":"Microsoft.Sql/servers/databases","location":"West
        US","kind":"v12.0,user","properties":{"databaseId":"0309dced-0912-4799-a44f-0cefab0f64da","edition":"Standard","status":"Online","serviceLevelObjective":"S1","collation":"SQL_Latin1_General_CP1_CI_AS","maxSizeBytes":"10737418240","creationDate":"2018-01-21T16:29:02.27Z","currentServiceObjectiveId":"1b1ebd4d-d903-4baa-97f9-4ea675f5e928","requestedServiceObjectiveId":"1b1ebd4d-d903-4baa-97f9-4ea675f5e928","requestedServiceObjectiveName":"S1","sampleName":null,"defaultSecondaryLocation":"East
        US","earliestRestoreDate":"2018-01-21T16:59:37.28Z","elasticPoolName":null,"containmentState":2,"readScale":"Disabled","failoverGroupId":null,"zoneRedundant":false,"isUpgradeRequested":false}}'}
    headers:
      cache-control: ['no-store, no-cache']
      content-length: ['1072']
      content-type: [application/json; odata=minimalmetadata; streaming=true; charset=utf-8]
      dataserviceversion: [3.0;]
      date: ['Sun, 21 Jan 2018 16:30:45 GMT']
      server: [Microsoft-HTTPAPI/2.0]
      strict-transport-security: [max-age=31536000; includeSubDomains]
      transfer-encoding: [chunked]
      vary: [Accept-Encoding]
      x-content-type-options: [nosniff]
    status: {code: 200, message: OK}
- request:
    body: '{"tags": {"key2": "value2", "key1": "value1"}, "location": "West US", "properties":
      {"maxSizeBytes": "10737418240", "zoneRedundant": false, "collation": "SQL_Latin1_General_CP1_CI_AS",
      "readScale": "Disabled"}}'
    headers:
      Accept: [application/json]
      Accept-Encoding: ['gzip, deflate']
      CommandName: [sql db update]
      Connection: [keep-alive]
      Content-Length: ['210']
      Content-Type: [application/json; charset=utf-8]
      User-Agent: [python/3.5.3 (Windows-10-10.0.16299-SP0) requests/2.18.4 msrest/0.4.25
          msrest_azure/0.4.20 azure-mgmt-sql/0.8.5 Azure-SDK-For-Python AZURECLI/2.0.26]
      accept-language: [en-US]
    method: PUT
    uri: https://management.azure.com/subscriptions/00000000-0000-0000-0000-000000000000/resourceGroups/clitest.rg000001/providers/Microsoft.Sql/servers/clitestserver000002/databases/cliautomationdb01?api-version=2014-04-01
  response:
    body: {string: '{"operation":"AlterDatabaseOperation","startTime":"\/Date(1516552270399+0000)\/"}'}
    headers:
      azure-asyncoperation: ['https://management.azure.com/subscriptions/00000000-0000-0000-0000-000000000000/resourceGroups/clitest.rg000001/providers/Microsoft.Sql/servers/clitestserver000002/databases/cliautomationdb01/azureAsyncOperation/6fb3226c-1283-42b8-9ccd-6713b0471699?api-version=2014-04-01-Preview']
      cache-control: ['no-store, no-cache']
      content-length: ['81']
      content-type: [application/json; odata=minimalmetadata; streaming=true; charset=utf-8]
      dataserviceversion: [3.0;]
      date: ['Sun, 21 Jan 2018 16:31:08 GMT']
      location: ['https://management.azure.com/subscriptions/00000000-0000-0000-0000-000000000000/resourceGroups/clitest.rg000001/providers/Microsoft.Sql/servers/clitestserver000002/databases/cliautomationdb01/operationResults/6fb3226c-1283-42b8-9ccd-6713b0471699?api-version=2014-04-01-Preview']
      preference-applied: [return-content]
      server: [Microsoft-HTTPAPI/2.0]
      strict-transport-security: [max-age=31536000; includeSubDomains]
      x-content-type-options: [nosniff]
      x-ms-ratelimit-remaining-subscription-writes: ['1199']
    status: {code: 202, message: Accepted}
- request:
    body: null
    headers:
      Accept: [application/json]
      Accept-Encoding: ['gzip, deflate']
      CommandName: [sql db update]
      Connection: [keep-alive]
      Content-Type: [application/json; charset=utf-8]
      User-Agent: [python/3.5.3 (Windows-10-10.0.16299-SP0) requests/2.18.4 msrest/0.4.25
          msrest_azure/0.4.20 azure-mgmt-sql/0.8.5 Azure-SDK-For-Python AZURECLI/2.0.26]
      accept-language: [en-US]
    method: GET
    uri: https://management.azure.com/subscriptions/00000000-0000-0000-0000-000000000000/resourceGroups/clitest.rg000001/providers/Microsoft.Sql/servers/clitestserver000002/databases/cliautomationdb01/azureAsyncOperation/6fb3226c-1283-42b8-9ccd-6713b0471699?api-version=2014-04-01-Preview
  response:
    body: {string: '{"operationId":"6fb3226c-1283-42b8-9ccd-6713b0471699","status":"Succeeded","error":null}'}
    headers:
      azure-asyncoperation: ['https://management.azure.com/subscriptions/00000000-0000-0000-0000-000000000000/resourceGroups/clitest.rg000001/providers/Microsoft.Sql/servers/clitestserver000002/databases/cliautomationdb01/azureAsyncOperation/6fb3226c-1283-42b8-9ccd-6713b0471699?api-version=2014-04-01-Preview']
      cache-control: ['no-store, no-cache']
      content-length: ['88']
      content-type: [application/json; odata=minimalmetadata; streaming=true; charset=utf-8]
      dataserviceversion: [3.0;]
      date: ['Sun, 21 Jan 2018 16:31:39 GMT']
      server: [Microsoft-HTTPAPI/2.0]
      strict-transport-security: [max-age=31536000; includeSubDomains]
      transfer-encoding: [chunked]
      vary: [Accept-Encoding]
      x-content-type-options: [nosniff]
    status: {code: 200, message: OK}
- request:
    body: null
    headers:
      Accept: [application/json]
      Accept-Encoding: ['gzip, deflate']
      CommandName: [sql db update]
      Connection: [keep-alive]
      Content-Type: [application/json; charset=utf-8]
      User-Agent: [python/3.5.3 (Windows-10-10.0.16299-SP0) requests/2.18.4 msrest/0.4.25
          msrest_azure/0.4.20 azure-mgmt-sql/0.8.5 Azure-SDK-For-Python AZURECLI/2.0.26]
      accept-language: [en-US]
    method: GET
    uri: https://management.azure.com/subscriptions/00000000-0000-0000-0000-000000000000/resourceGroups/clitest.rg000001/providers/Microsoft.Sql/servers/clitestserver000002/databases/cliautomationdb01?api-version=2014-04-01
  response:
    body: {string: '{"tags":{"key2":"value2","key1":"value1"},"id":"/subscriptions/00000000-0000-0000-0000-000000000000/resourceGroups/clitest.rg000001/providers/Microsoft.Sql/servers/clitestserver000002/databases/cliautomationdb01","name":"cliautomationdb01","type":"Microsoft.Sql/servers/databases","location":"West
        US","kind":"v12.0,user","properties":{"databaseId":"0309dced-0912-4799-a44f-0cefab0f64da","edition":"Standard","status":"Online","serviceLevelObjective":"S1","collation":"SQL_Latin1_General_CP1_CI_AS","maxSizeBytes":"10737418240","creationDate":"2018-01-21T16:29:02.27Z","currentServiceObjectiveId":"1b1ebd4d-d903-4baa-97f9-4ea675f5e928","requestedServiceObjectiveId":"1b1ebd4d-d903-4baa-97f9-4ea675f5e928","requestedServiceObjectiveName":"S1","sampleName":null,"defaultSecondaryLocation":"East
        US","earliestRestoreDate":"2018-01-21T16:59:37.28Z","elasticPoolName":null,"containmentState":2,"readScale":"Disabled","failoverGroupId":null,"zoneRedundant":false,"isUpgradeRequested":false}}'}
    headers:
      cache-control: ['no-store, no-cache']
      content-length: ['1088']
      content-type: [application/json; odata=minimalmetadata; streaming=true; charset=utf-8]
      dataserviceversion: [3.0;]
      date: ['Sun, 21 Jan 2018 16:31:39 GMT']
      server: [Microsoft-HTTPAPI/2.0]
      strict-transport-security: [max-age=31536000; includeSubDomains]
      transfer-encoding: [chunked]
      vary: [Accept-Encoding]
      x-content-type-options: [nosniff]
    status: {code: 200, message: OK}
- request:
    body: 'b''b\''{"id": "/subscriptions/00000000-0000-0000-0000-000000000000/resourceGroups/clitest.rg000001/providers/Microsoft.Sql/servers/clitestserver000002/databases/cliautomationdb02"}\'''''
    headers:
      Accept: [application/json]
      Accept-Encoding: ['gzip, deflate']
      CommandName: [sql db rename]
      Connection: [keep-alive]
      Content-Length: ['276']
      Content-Type: [application/json; charset=utf-8]
      User-Agent: [python/3.5.3 (Windows-10-10.0.16299-SP0) requests/2.18.4 msrest/0.4.25
          msrest_azure/0.4.20 azure-mgmt-sql/0.8.5 Azure-SDK-For-Python AZURECLI/2.0.26]
      accept-language: [en-US]
    method: POST
    uri: https://management.azure.com/subscriptions/00000000-0000-0000-0000-000000000000/resourceGroups/clitest.rg000001/providers/Microsoft.Sql/servers/clitestserver000002/databases/cliautomationdb01/move?api-version=2017-03-01-preview
  response:
    body: {string: ''}
    headers:
      cache-control: [no-cache]
      content-length: ['0']
      date: ['Sun, 21 Jan 2018 16:31:51 GMT']
      expires: ['-1']
      pragma: [no-cache]
      server: [Microsoft-HTTPAPI/2.0]
      strict-transport-security: [max-age=31536000; includeSubDomains]
      x-ms-ratelimit-remaining-subscription-writes: ['1199']
    status: {code: 200, message: OK}
- request:
    body: null
    headers:
      Accept: [application/json]
      Accept-Encoding: ['gzip, deflate']
      CommandName: [sql db rename]
      Connection: [keep-alive]
      Content-Type: [application/json; charset=utf-8]
      User-Agent: [python/3.5.3 (Windows-10-10.0.16299-SP0) requests/2.18.4 msrest/0.4.25
          msrest_azure/0.4.20 azure-mgmt-sql/0.8.5 Azure-SDK-For-Python AZURECLI/2.0.26]
      accept-language: [en-US]
    method: GET
    uri: https://management.azure.com/subscriptions/00000000-0000-0000-0000-000000000000/resourceGroups/clitest.rg000001/providers/Microsoft.Sql/servers/clitestserver000002/databases/cliautomationdb02?api-version=2014-04-01
  response:
    body: {string: '{"tags":{"key2":"value2","key1":"value1"},"id":"/subscriptions/00000000-0000-0000-0000-000000000000/resourceGroups/clitest.rg000001/providers/Microsoft.Sql/servers/clitestserver000002/databases/cliautomationdb02","name":"cliautomationdb02","type":"Microsoft.Sql/servers/databases","location":"West
        US","kind":"v12.0,user","properties":{"databaseId":"0309dced-0912-4799-a44f-0cefab0f64da","edition":"Standard","status":"Online","serviceLevelObjective":"S1","collation":"SQL_Latin1_General_CP1_CI_AS","maxSizeBytes":"10737418240","creationDate":"2018-01-21T16:29:02.27Z","currentServiceObjectiveId":"1b1ebd4d-d903-4baa-97f9-4ea675f5e928","requestedServiceObjectiveId":"1b1ebd4d-d903-4baa-97f9-4ea675f5e928","requestedServiceObjectiveName":"S1","sampleName":null,"defaultSecondaryLocation":"East
        US","earliestRestoreDate":"2018-01-21T16:59:37.28Z","elasticPoolName":null,"containmentState":2,"readScale":"Disabled","failoverGroupId":null,"zoneRedundant":false,"isUpgradeRequested":false}}'}
    headers:
      cache-control: ['no-store, no-cache']
      content-length: ['1088']
      content-type: [application/json; odata=minimalmetadata; streaming=true; charset=utf-8]
      dataserviceversion: [3.0;]
      date: ['Sun, 21 Jan 2018 16:31:51 GMT']
      server: [Microsoft-HTTPAPI/2.0]
      strict-transport-security: [max-age=31536000; includeSubDomains]
      transfer-encoding: [chunked]
      vary: [Accept-Encoding]
      x-content-type-options: [nosniff]
    status: {code: 200, message: OK}
- request:
    body: 'b''b\''{"id": "/subscriptions/00000000-0000-0000-0000-000000000000/resourceGroups/clitest.rg000001/providers/Microsoft.Sql/servers/clitestserver000002/databases/cliautomationdb03"}\'''''
    headers:
      Accept: [application/json]
      Accept-Encoding: ['gzip, deflate']
      CommandName: [sql db rename]
      Connection: [keep-alive]
      Content-Length: ['276']
      Content-Type: [application/json; charset=utf-8]
      User-Agent: [python/3.5.3 (Windows-10-10.0.16299-SP0) requests/2.18.4 msrest/0.4.25
          msrest_azure/0.4.20 azure-mgmt-sql/0.8.5 Azure-SDK-For-Python AZURECLI/2.0.26]
      accept-language: [en-US]
    method: POST
    uri: https://management.azure.com/subscriptions/00000000-0000-0000-0000-000000000000/resourceGroups/clitest.rg000001/providers/Microsoft.Sql/servers/clitestserver000002/databases/cliautomationdb02/move?api-version=2017-03-01-preview
  response:
    body: {string: ''}
    headers:
      cache-control: [no-cache]
      content-length: ['0']
      date: ['Sun, 21 Jan 2018 16:31:59 GMT']
      expires: ['-1']
      pragma: [no-cache]
      server: [Microsoft-HTTPAPI/2.0]
      strict-transport-security: [max-age=31536000; includeSubDomains]
      x-ms-ratelimit-remaining-subscription-writes: ['1199']
    status: {code: 200, message: OK}
- request:
    body: null
    headers:
      Accept: [application/json]
      Accept-Encoding: ['gzip, deflate']
      CommandName: [sql db rename]
      Connection: [keep-alive]
      Content-Type: [application/json; charset=utf-8]
      User-Agent: [python/3.5.3 (Windows-10-10.0.16299-SP0) requests/2.18.4 msrest/0.4.25
          msrest_azure/0.4.20 azure-mgmt-sql/0.8.5 Azure-SDK-For-Python AZURECLI/2.0.26]
      accept-language: [en-US]
    method: GET
    uri: https://management.azure.com/subscriptions/00000000-0000-0000-0000-000000000000/resourceGroups/clitest.rg000001/providers/Microsoft.Sql/servers/clitestserver000002/databases/cliautomationdb03?api-version=2014-04-01
  response:
    body: {string: '{"tags":{"key2":"value2","key1":"value1"},"id":"/subscriptions/00000000-0000-0000-0000-000000000000/resourceGroups/clitest.rg000001/providers/Microsoft.Sql/servers/clitestserver000002/databases/cliautomationdb03","name":"cliautomationdb03","type":"Microsoft.Sql/servers/databases","location":"West
        US","kind":"v12.0,user","properties":{"databaseId":"0309dced-0912-4799-a44f-0cefab0f64da","edition":"Standard","status":"Online","serviceLevelObjective":"S1","collation":"SQL_Latin1_General_CP1_CI_AS","maxSizeBytes":"10737418240","creationDate":"2018-01-21T16:29:02.27Z","currentServiceObjectiveId":"1b1ebd4d-d903-4baa-97f9-4ea675f5e928","requestedServiceObjectiveId":"1b1ebd4d-d903-4baa-97f9-4ea675f5e928","requestedServiceObjectiveName":"S1","sampleName":null,"defaultSecondaryLocation":"East
        US","earliestRestoreDate":"2018-01-21T16:59:37.28Z","elasticPoolName":null,"containmentState":2,"readScale":"Disabled","failoverGroupId":null,"zoneRedundant":false,"isUpgradeRequested":false}}'}
    headers:
      cache-control: ['no-store, no-cache']
      content-length: ['1088']
      content-type: [application/json; odata=minimalmetadata; streaming=true; charset=utf-8]
      dataserviceversion: [3.0;]
      date: ['Sun, 21 Jan 2018 16:31:59 GMT']
      server: [Microsoft-HTTPAPI/2.0]
      strict-transport-security: [max-age=31536000; includeSubDomains]
      transfer-encoding: [chunked]
      vary: [Accept-Encoding]
      x-content-type-options: [nosniff]
    status: {code: 200, message: OK}
- request:
    body: null
    headers:
      Accept: [application/json]
      Accept-Encoding: ['gzip, deflate']
      CommandName: [sql db delete]
      Connection: [keep-alive]
      Content-Length: ['0']
      Content-Type: [application/json; charset=utf-8]
      User-Agent: [python/3.5.3 (Windows-10-10.0.16299-SP0) requests/2.18.4 msrest/0.4.25
          msrest_azure/0.4.20 azure-mgmt-sql/0.8.5 Azure-SDK-For-Python AZURECLI/2.0.26]
      accept-language: [en-US]
    method: DELETE
    uri: https://management.azure.com/subscriptions/00000000-0000-0000-0000-000000000000/resourceGroups/clitest.rg000001/providers/Microsoft.Sql/servers/clitestserver000002/databases/cliautomationdb03?api-version=2014-04-01
  response:
    body: {string: ''}
    headers:
      cache-control: ['no-store, no-cache']
      content-length: ['0']
      content-type: [application/xml; charset=utf-8]
      dataserviceversion: [1.0;]
      date: ['Sun, 21 Jan 2018 16:32:03 GMT']
      server: [Microsoft-HTTPAPI/2.0]
      strict-transport-security: [max-age=31536000; includeSubDomains]
      x-content-type-options: [nosniff]
      x-ms-ratelimit-remaining-subscription-writes: ['1199']
    status: {code: 200, message: OK}
- request:
    body: null
    headers:
      Accept: [application/json]
      Accept-Encoding: ['gzip, deflate']
      CommandName: [sql db delete]
      Connection: [keep-alive]
      Content-Length: ['0']
      Content-Type: [application/json; charset=utf-8]
      User-Agent: [python/3.5.3 (Windows-10-10.0.16299-SP0) requests/2.18.4 msrest/0.4.25
          msrest_azure/0.4.20 azure-mgmt-sql/0.8.5 Azure-SDK-For-Python AZURECLI/2.0.26]
      accept-language: [en-US]
    method: DELETE
    uri: https://management.azure.com/subscriptions/00000000-0000-0000-0000-000000000000/resourceGroups/clitest.rg000001/providers/Microsoft.Sql/servers/clitestserver000002/databases/cliautomationdb03?api-version=2014-04-01
  response:
    body: {string: ''}
    headers:
      cache-control: [no-cache]
      date: ['Sun, 21 Jan 2018 16:32:04 GMT']
      expires: ['-1']
      pragma: [no-cache]
      strict-transport-security: [max-age=31536000; includeSubDomains]
      x-ms-ratelimit-remaining-subscription-writes: ['1199']
    status: {code: 204, message: No Content}
- request:
    body: null
    headers:
      Accept: [application/json]
      Accept-Encoding: ['gzip, deflate']
      CommandName: [group delete]
      Connection: [keep-alive]
      Content-Length: ['0']
      Content-Type: [application/json; charset=utf-8]
      User-Agent: [python/3.5.3 (Windows-10-10.0.16299-SP0) requests/2.18.4 msrest/0.4.25
          msrest_azure/0.4.20 resourcemanagementclient/1.2.1 Azure-SDK-For-Python
          AZURECLI/2.0.26]
      accept-language: [en-US]
    method: DELETE
    uri: https://management.azure.com/subscriptions/00000000-0000-0000-0000-000000000000/resourcegroups/clitest.rg000001?api-version=2017-05-10
  response:
    body: {string: ''}
    headers:
      cache-control: [no-cache]
      content-length: ['0']
      date: ['Sun, 21 Jan 2018 16:32:06 GMT']
      expires: ['-1']
      location: ['https://management.azure.com/subscriptions/00000000-0000-0000-0000-000000000000/operationresults/eyJqb2JJZCI6IlJFU09VUkNFR1JPVVBERUxFVElPTkpPQi1DTElURVNUOjJFUkdJTkVLQjdYNEM3UERYU09JNzNQWFRNTDRXRzJFMzZaUFNQT3w2QjdERjQ1NzgyMDUyOTg4LVdFU1RVUyIsImpvYkxvY2F0aW9uIjoid2VzdHVzIn0?api-version=2017-05-10']
      pragma: [no-cache]
      strict-transport-security: [max-age=31536000; includeSubDomains]
      x-ms-ratelimit-remaining-subscription-writes: ['1199']
    status: {code: 202, message: Accepted}
version: 1
