interactions:
- request:
    body: '{"location": "westus", "tags": {"product": "azurecli", "cause": "automation",
      "date": "2018-08-02T23:43:03Z"}}'
    headers:
      Accept: [application/json]
      Accept-Encoding: ['gzip, deflate']
      CommandName: [group create]
      Connection: [keep-alive]
      Content-Length: ['110']
      Content-Type: [application/json; charset=utf-8]
      User-Agent: [python/3.6.3 (Windows-10-10.0.17134-SP0) requests/2.19.1 msrest/0.5.4
          msrest_azure/0.4.34 resourcemanagementclient/2.0.0 Azure-SDK-For-Python
          AZURECLI/2.0.44]
      accept-language: [en-US]
    method: PUT
    uri: https://management.azure.com/subscriptions/00000000-0000-0000-0000-000000000000/resourcegroups/clitest.rg000001?api-version=2018-05-01
  response:
    body: {string: '{"id":"/subscriptions/00000000-0000-0000-0000-000000000000/resourceGroups/clitest.rg000001","name":"clitest.rg000001","location":"westus","tags":{"product":"azurecli","cause":"automation","date":"2018-08-02T23:43:03Z"},"properties":{"provisioningState":"Succeeded"}}'}
    headers:
      cache-control: [no-cache]
      content-length: ['384']
      content-type: [application/json; charset=utf-8]
      date: ['Thu, 02 Aug 2018 23:43:06 GMT']
      expires: ['-1']
      pragma: [no-cache]
      strict-transport-security: [max-age=31536000; includeSubDomains]
      x-content-type-options: [nosniff]
      x-ms-ratelimit-remaining-subscription-writes: ['1199']
    status: {code: 201, message: Created}
- request:
    body: '{"location": "westus", "tags": {"product": "azurecli", "cause": "automation",
      "date": "2018-08-02T23:43:07Z"}}'
    headers:
      Accept: [application/json]
      Accept-Encoding: ['gzip, deflate']
      CommandName: [group create]
      Connection: [keep-alive]
      Content-Length: ['110']
      Content-Type: [application/json; charset=utf-8]
      User-Agent: [python/3.6.3 (Windows-10-10.0.17134-SP0) requests/2.19.1 msrest/0.5.4
          msrest_azure/0.4.34 resourcemanagementclient/2.0.0 Azure-SDK-For-Python
          AZURECLI/2.0.44]
      accept-language: [en-US]
    method: PUT
    uri: https://management.azure.com/subscriptions/00000000-0000-0000-0000-000000000000/resourcegroups/clitest.rg000002?api-version=2018-05-01
  response:
    body: {string: '{"id":"/subscriptions/00000000-0000-0000-0000-000000000000/resourceGroups/clitest.rg000002","name":"clitest.rg000002","location":"westus","tags":{"product":"azurecli","cause":"automation","date":"2018-08-02T23:43:07Z"},"properties":{"provisioningState":"Succeeded"}}'}
    headers:
      cache-control: [no-cache]
      content-length: ['384']
      content-type: [application/json; charset=utf-8]
      date: ['Thu, 02 Aug 2018 23:43:08 GMT']
      expires: ['-1']
      pragma: [no-cache]
      strict-transport-security: [max-age=31536000; includeSubDomains]
      x-content-type-options: [nosniff]
      x-ms-ratelimit-remaining-subscription-writes: ['1199']
    status: {code: 201, message: Created}
- request:
    body: '{"location": "westus", "properties": {"administratorLogin": "admin123",
      "administratorLoginPassword": "SecretPassword123"}}'
    headers:
      Accept: [application/json]
      Accept-Encoding: ['gzip, deflate']
      CommandName: [sql server create]
      Connection: [keep-alive]
      Content-Length: ['123']
      Content-Type: [application/json; charset=utf-8]
      User-Agent: [python/3.6.3 (Windows-10-10.0.17134-SP0) requests/2.19.1 msrest/0.5.4
          msrest_azure/0.4.34 azure-mgmt-sql/0.9.1 Azure-SDK-For-Python AZURECLI/2.0.44]
      accept-language: [en-US]
    method: PUT
    uri: https://management.azure.com/subscriptions/00000000-0000-0000-0000-000000000000/resourceGroups/clitest.rg000001/providers/Microsoft.Sql/servers/clitestserver000003?api-version=2015-05-01-preview
  response:
    body: {string: '{"operation":"UpsertLogicalServer","startTime":"2018-08-02T23:43:09.603Z"}'}
    headers:
      azure-asyncoperation: ['https://management.azure.com/subscriptions/00000000-0000-0000-0000-000000000000/resourceGroups/clitest.rg000001/providers/Microsoft.Sql/locations/westus/serverAzureAsyncOperation/7075ba29-654c-44e5-bc8b-f3448409cfd5?api-version=2015-05-01-preview']
      cache-control: [no-cache]
      content-length: ['74']
      content-type: [application/json; charset=utf-8]
      date: ['Thu, 02 Aug 2018 23:43:08 GMT']
      expires: ['-1']
      location: ['https://management.azure.com/subscriptions/00000000-0000-0000-0000-000000000000/resourceGroups/clitest.rg000001/providers/Microsoft.Sql/locations/westus/serverOperationResults/7075ba29-654c-44e5-bc8b-f3448409cfd5?api-version=2015-05-01-preview']
      pragma: [no-cache]
      server: [Microsoft-HTTPAPI/2.0]
      strict-transport-security: [max-age=31536000; includeSubDomains]
      x-content-type-options: [nosniff]
      x-ms-ratelimit-remaining-subscription-writes: ['1199']
    status: {code: 202, message: Accepted}
- request:
    body: null
    headers:
      Accept: [application/json]
      Accept-Encoding: ['gzip, deflate']
      CommandName: [sql server create]
      Connection: [keep-alive]
      User-Agent: [python/3.6.3 (Windows-10-10.0.17134-SP0) requests/2.19.1 msrest/0.5.4
          msrest_azure/0.4.34 azure-mgmt-sql/0.9.1 Azure-SDK-For-Python AZURECLI/2.0.44]
    method: GET
    uri: https://management.azure.com/subscriptions/00000000-0000-0000-0000-000000000000/resourceGroups/clitest.rg000001/providers/Microsoft.Sql/locations/westus/serverAzureAsyncOperation/7075ba29-654c-44e5-bc8b-f3448409cfd5?api-version=2015-05-01-preview
  response:
    body: {string: '{"name":"7075ba29-654c-44e5-bc8b-f3448409cfd5","status":"InProgress","startTime":"2018-08-02T23:43:09.603Z"}'}
    headers:
      cache-control: [no-cache]
      content-length: ['108']
      content-type: [application/json; charset=utf-8]
      date: ['Thu, 02 Aug 2018 23:43:10 GMT']
      expires: ['-1']
      pragma: [no-cache]
      server: [Microsoft-HTTPAPI/2.0]
      strict-transport-security: [max-age=31536000; includeSubDomains]
      transfer-encoding: [chunked]
      vary: [Accept-Encoding]
      x-content-type-options: [nosniff]
    status: {code: 200, message: OK}
- request:
    body: null
    headers:
      Accept: [application/json]
      Accept-Encoding: ['gzip, deflate']
      CommandName: [sql server create]
      Connection: [keep-alive]
      User-Agent: [python/3.6.3 (Windows-10-10.0.17134-SP0) requests/2.19.1 msrest/0.5.4
          msrest_azure/0.4.34 azure-mgmt-sql/0.9.1 Azure-SDK-For-Python AZURECLI/2.0.44]
    method: GET
    uri: https://management.azure.com/subscriptions/00000000-0000-0000-0000-000000000000/resourceGroups/clitest.rg000001/providers/Microsoft.Sql/locations/westus/serverAzureAsyncOperation/7075ba29-654c-44e5-bc8b-f3448409cfd5?api-version=2015-05-01-preview
  response:
    body: {string: '{"name":"7075ba29-654c-44e5-bc8b-f3448409cfd5","status":"InProgress","startTime":"2018-08-02T23:43:09.603Z"}'}
    headers:
      cache-control: [no-cache]
      content-length: ['108']
      content-type: [application/json; charset=utf-8]
      date: ['Thu, 02 Aug 2018 23:43:12 GMT']
      expires: ['-1']
      pragma: [no-cache]
      server: [Microsoft-HTTPAPI/2.0]
      strict-transport-security: [max-age=31536000; includeSubDomains]
      transfer-encoding: [chunked]
      vary: [Accept-Encoding]
      x-content-type-options: [nosniff]
    status: {code: 200, message: OK}
- request:
    body: null
    headers:
      Accept: [application/json]
      Accept-Encoding: ['gzip, deflate']
      CommandName: [sql server create]
      Connection: [keep-alive]
      User-Agent: [python/3.6.3 (Windows-10-10.0.17134-SP0) requests/2.19.1 msrest/0.5.4
          msrest_azure/0.4.34 azure-mgmt-sql/0.9.1 Azure-SDK-For-Python AZURECLI/2.0.44]
    method: GET
    uri: https://management.azure.com/subscriptions/00000000-0000-0000-0000-000000000000/resourceGroups/clitest.rg000001/providers/Microsoft.Sql/locations/westus/serverAzureAsyncOperation/7075ba29-654c-44e5-bc8b-f3448409cfd5?api-version=2015-05-01-preview
  response:
    body: {string: '{"name":"7075ba29-654c-44e5-bc8b-f3448409cfd5","status":"InProgress","startTime":"2018-08-02T23:43:09.603Z"}'}
    headers:
      cache-control: [no-cache]
      content-length: ['108']
      content-type: [application/json; charset=utf-8]
      date: ['Thu, 02 Aug 2018 23:43:12 GMT']
      expires: ['-1']
      pragma: [no-cache]
      server: [Microsoft-HTTPAPI/2.0]
      strict-transport-security: [max-age=31536000; includeSubDomains]
      transfer-encoding: [chunked]
      vary: [Accept-Encoding]
      x-content-type-options: [nosniff]
    status: {code: 200, message: OK}
- request:
    body: null
    headers:
      Accept: [application/json]
      Accept-Encoding: ['gzip, deflate']
      CommandName: [sql server create]
      Connection: [keep-alive]
      User-Agent: [python/3.6.3 (Windows-10-10.0.17134-SP0) requests/2.19.1 msrest/0.5.4
          msrest_azure/0.4.34 azure-mgmt-sql/0.9.1 Azure-SDK-For-Python AZURECLI/2.0.44]
    method: GET
    uri: https://management.azure.com/subscriptions/00000000-0000-0000-0000-000000000000/resourceGroups/clitest.rg000001/providers/Microsoft.Sql/locations/westus/serverAzureAsyncOperation/7075ba29-654c-44e5-bc8b-f3448409cfd5?api-version=2015-05-01-preview
  response:
    body: {string: '{"name":"7075ba29-654c-44e5-bc8b-f3448409cfd5","status":"InProgress","startTime":"2018-08-02T23:43:09.603Z"}'}
    headers:
      cache-control: [no-cache]
      content-length: ['108']
      content-type: [application/json; charset=utf-8]
      date: ['Thu, 02 Aug 2018 23:43:14 GMT']
      expires: ['-1']
      pragma: [no-cache]
      server: [Microsoft-HTTPAPI/2.0]
      strict-transport-security: [max-age=31536000; includeSubDomains]
      transfer-encoding: [chunked]
      vary: [Accept-Encoding]
      x-content-type-options: [nosniff]
    status: {code: 200, message: OK}
- request:
    body: null
    headers:
      Accept: [application/json]
      Accept-Encoding: ['gzip, deflate']
      CommandName: [sql server create]
      Connection: [keep-alive]
      User-Agent: [python/3.6.3 (Windows-10-10.0.17134-SP0) requests/2.19.1 msrest/0.5.4
          msrest_azure/0.4.34 azure-mgmt-sql/0.9.1 Azure-SDK-For-Python AZURECLI/2.0.44]
    method: GET
    uri: https://management.azure.com/subscriptions/00000000-0000-0000-0000-000000000000/resourceGroups/clitest.rg000001/providers/Microsoft.Sql/locations/westus/serverAzureAsyncOperation/7075ba29-654c-44e5-bc8b-f3448409cfd5?api-version=2015-05-01-preview
  response:
    body: {string: '{"name":"7075ba29-654c-44e5-bc8b-f3448409cfd5","status":"InProgress","startTime":"2018-08-02T23:43:09.603Z"}'}
    headers:
      cache-control: [no-cache]
      content-length: ['108']
      content-type: [application/json; charset=utf-8]
      date: ['Thu, 02 Aug 2018 23:43:34 GMT']
      expires: ['-1']
      pragma: [no-cache]
      server: [Microsoft-HTTPAPI/2.0]
      strict-transport-security: [max-age=31536000; includeSubDomains]
      transfer-encoding: [chunked]
      vary: [Accept-Encoding]
      x-content-type-options: [nosniff]
    status: {code: 200, message: OK}
- request:
    body: null
    headers:
      Accept: [application/json]
      Accept-Encoding: ['gzip, deflate']
      CommandName: [sql server create]
      Connection: [keep-alive]
      User-Agent: [python/3.6.3 (Windows-10-10.0.17134-SP0) requests/2.19.1 msrest/0.5.4
          msrest_azure/0.4.34 azure-mgmt-sql/0.9.1 Azure-SDK-For-Python AZURECLI/2.0.44]
    method: GET
    uri: https://management.azure.com/subscriptions/00000000-0000-0000-0000-000000000000/resourceGroups/clitest.rg000001/providers/Microsoft.Sql/locations/westus/serverAzureAsyncOperation/7075ba29-654c-44e5-bc8b-f3448409cfd5?api-version=2015-05-01-preview
  response:
    body: {string: '{"name":"7075ba29-654c-44e5-bc8b-f3448409cfd5","status":"Succeeded","startTime":"2018-08-02T23:43:09.603Z"}'}
    headers:
      cache-control: [no-cache]
      content-length: ['107']
      content-type: [application/json; charset=utf-8]
      date: ['Thu, 02 Aug 2018 23:43:55 GMT']
      expires: ['-1']
      pragma: [no-cache]
      server: [Microsoft-HTTPAPI/2.0]
      strict-transport-security: [max-age=31536000; includeSubDomains]
      transfer-encoding: [chunked]
      vary: [Accept-Encoding]
      x-content-type-options: [nosniff]
    status: {code: 200, message: OK}
- request:
    body: null
    headers:
      Accept: [application/json]
      Accept-Encoding: ['gzip, deflate']
      CommandName: [sql server create]
      Connection: [keep-alive]
      User-Agent: [python/3.6.3 (Windows-10-10.0.17134-SP0) requests/2.19.1 msrest/0.5.4
          msrest_azure/0.4.34 azure-mgmt-sql/0.9.1 Azure-SDK-For-Python AZURECLI/2.0.44]
    method: GET
    uri: https://management.azure.com/subscriptions/00000000-0000-0000-0000-000000000000/resourceGroups/clitest.rg000001/providers/Microsoft.Sql/servers/clitestserver000003?api-version=2015-05-01-preview
  response:
    body: {string: '{"kind":"v12.0","properties":{"administratorLogin":"admin123","version":"12.0","state":"Ready","fullyQualifiedDomainName":"clitestserver000003.database.windows.net"},"location":"westus","id":"/subscriptions/00000000-0000-0000-0000-000000000000/resourceGroups/clitest.rg000001/providers/Microsoft.Sql/servers/clitestserver000003","name":"clitestserver000003","type":"Microsoft.Sql/servers"}'}
    headers:
      cache-control: [no-cache]
      content-length: ['580']
      content-type: [application/json; charset=utf-8]
      date: ['Thu, 02 Aug 2018 23:43:55 GMT']
      expires: ['-1']
      pragma: [no-cache]
      server: [Microsoft-HTTPAPI/2.0]
      strict-transport-security: [max-age=31536000; includeSubDomains]
      transfer-encoding: [chunked]
      vary: [Accept-Encoding]
      x-content-type-options: [nosniff]
    status: {code: 200, message: OK}
- request:
    body: '{"location": "eastus", "properties": {"administratorLogin": "admin123",
      "administratorLoginPassword": "SecretPassword123"}}'
    headers:
      Accept: [application/json]
      Accept-Encoding: ['gzip, deflate']
      CommandName: [sql server create]
      Connection: [keep-alive]
      Content-Length: ['123']
      Content-Type: [application/json; charset=utf-8]
      User-Agent: [python/3.6.3 (Windows-10-10.0.17134-SP0) requests/2.19.1 msrest/0.5.4
          msrest_azure/0.4.34 azure-mgmt-sql/0.9.1 Azure-SDK-For-Python AZURECLI/2.0.44]
      accept-language: [en-US]
    method: PUT
    uri: https://management.azure.com/subscriptions/00000000-0000-0000-0000-000000000000/resourceGroups/clitest.rg000002/providers/Microsoft.Sql/servers/clitestserver000004?api-version=2015-05-01-preview
  response:
    body: {string: '{"operation":"UpsertLogicalServer","startTime":"2018-08-02T23:43:58.217Z"}'}
    headers:
      azure-asyncoperation: ['https://management.azure.com/subscriptions/00000000-0000-0000-0000-000000000000/resourceGroups/clitest.rg000002/providers/Microsoft.Sql/locations/eastus/serverAzureAsyncOperation/a2f634b4-42f5-4639-8897-8aa38b5556c7?api-version=2015-05-01-preview']
      cache-control: [no-cache]
      content-length: ['74']
      content-type: [application/json; charset=utf-8]
      date: ['Thu, 02 Aug 2018 23:43:57 GMT']
      expires: ['-1']
      location: ['https://management.azure.com/subscriptions/00000000-0000-0000-0000-000000000000/resourceGroups/clitest.rg000002/providers/Microsoft.Sql/locations/eastus/serverOperationResults/a2f634b4-42f5-4639-8897-8aa38b5556c7?api-version=2015-05-01-preview']
      pragma: [no-cache]
      server: [Microsoft-HTTPAPI/2.0]
      strict-transport-security: [max-age=31536000; includeSubDomains]
      x-content-type-options: [nosniff]
      x-ms-ratelimit-remaining-subscription-writes: ['1199']
    status: {code: 202, message: Accepted}
- request:
    body: null
    headers:
      Accept: [application/json]
      Accept-Encoding: ['gzip, deflate']
      CommandName: [sql server create]
      Connection: [keep-alive]
      User-Agent: [python/3.6.3 (Windows-10-10.0.17134-SP0) requests/2.19.1 msrest/0.5.4
          msrest_azure/0.4.34 azure-mgmt-sql/0.9.1 Azure-SDK-For-Python AZURECLI/2.0.44]
    method: GET
    uri: https://management.azure.com/subscriptions/00000000-0000-0000-0000-000000000000/resourceGroups/clitest.rg000002/providers/Microsoft.Sql/locations/eastus/serverAzureAsyncOperation/a2f634b4-42f5-4639-8897-8aa38b5556c7?api-version=2015-05-01-preview
  response:
    body: {string: '{"name":"a2f634b4-42f5-4639-8897-8aa38b5556c7","status":"InProgress","startTime":"2018-08-02T23:43:58.217Z"}'}
    headers:
      cache-control: [no-cache]
      content-length: ['108']
      content-type: [application/json; charset=utf-8]
      date: ['Thu, 02 Aug 2018 23:43:59 GMT']
      expires: ['-1']
      pragma: [no-cache]
      server: [Microsoft-HTTPAPI/2.0]
      strict-transport-security: [max-age=31536000; includeSubDomains]
      transfer-encoding: [chunked]
      vary: [Accept-Encoding]
      x-content-type-options: [nosniff]
    status: {code: 200, message: OK}
- request:
    body: null
    headers:
      Accept: [application/json]
      Accept-Encoding: ['gzip, deflate']
      CommandName: [sql server create]
      Connection: [keep-alive]
      User-Agent: [python/3.6.3 (Windows-10-10.0.17134-SP0) requests/2.19.1 msrest/0.5.4
          msrest_azure/0.4.34 azure-mgmt-sql/0.9.1 Azure-SDK-For-Python AZURECLI/2.0.44]
    method: GET
    uri: https://management.azure.com/subscriptions/00000000-0000-0000-0000-000000000000/resourceGroups/clitest.rg000002/providers/Microsoft.Sql/locations/eastus/serverAzureAsyncOperation/a2f634b4-42f5-4639-8897-8aa38b5556c7?api-version=2015-05-01-preview
  response:
    body: {string: '{"name":"a2f634b4-42f5-4639-8897-8aa38b5556c7","status":"InProgress","startTime":"2018-08-02T23:43:58.217Z"}'}
    headers:
      cache-control: [no-cache]
      content-length: ['108']
      content-type: [application/json; charset=utf-8]
      date: ['Thu, 02 Aug 2018 23:44:00 GMT']
      expires: ['-1']
      pragma: [no-cache]
      server: [Microsoft-HTTPAPI/2.0]
      strict-transport-security: [max-age=31536000; includeSubDomains]
      transfer-encoding: [chunked]
      vary: [Accept-Encoding]
      x-content-type-options: [nosniff]
    status: {code: 200, message: OK}
- request:
    body: null
    headers:
      Accept: [application/json]
      Accept-Encoding: ['gzip, deflate']
      CommandName: [sql server create]
      Connection: [keep-alive]
      User-Agent: [python/3.6.3 (Windows-10-10.0.17134-SP0) requests/2.19.1 msrest/0.5.4
          msrest_azure/0.4.34 azure-mgmt-sql/0.9.1 Azure-SDK-For-Python AZURECLI/2.0.44]
    method: GET
    uri: https://management.azure.com/subscriptions/00000000-0000-0000-0000-000000000000/resourceGroups/clitest.rg000002/providers/Microsoft.Sql/locations/eastus/serverAzureAsyncOperation/a2f634b4-42f5-4639-8897-8aa38b5556c7?api-version=2015-05-01-preview
  response:
    body: {string: '{"name":"a2f634b4-42f5-4639-8897-8aa38b5556c7","status":"InProgress","startTime":"2018-08-02T23:43:58.217Z"}'}
    headers:
      cache-control: [no-cache]
      content-length: ['108']
      content-type: [application/json; charset=utf-8]
      date: ['Thu, 02 Aug 2018 23:44:02 GMT']
      expires: ['-1']
      pragma: [no-cache]
      server: [Microsoft-HTTPAPI/2.0]
      strict-transport-security: [max-age=31536000; includeSubDomains]
      transfer-encoding: [chunked]
      vary: [Accept-Encoding]
      x-content-type-options: [nosniff]
    status: {code: 200, message: OK}
- request:
    body: null
    headers:
      Accept: [application/json]
      Accept-Encoding: ['gzip, deflate']
      CommandName: [sql server create]
      Connection: [keep-alive]
      User-Agent: [python/3.6.3 (Windows-10-10.0.17134-SP0) requests/2.19.1 msrest/0.5.4
          msrest_azure/0.4.34 azure-mgmt-sql/0.9.1 Azure-SDK-For-Python AZURECLI/2.0.44]
    method: GET
    uri: https://management.azure.com/subscriptions/00000000-0000-0000-0000-000000000000/resourceGroups/clitest.rg000002/providers/Microsoft.Sql/locations/eastus/serverAzureAsyncOperation/a2f634b4-42f5-4639-8897-8aa38b5556c7?api-version=2015-05-01-preview
  response:
    body: {string: '{"name":"a2f634b4-42f5-4639-8897-8aa38b5556c7","status":"InProgress","startTime":"2018-08-02T23:43:58.217Z"}'}
    headers:
      cache-control: [no-cache]
      content-length: ['108']
      content-type: [application/json; charset=utf-8]
      date: ['Thu, 02 Aug 2018 23:44:03 GMT']
      expires: ['-1']
      pragma: [no-cache]
      server: [Microsoft-HTTPAPI/2.0]
      strict-transport-security: [max-age=31536000; includeSubDomains]
      transfer-encoding: [chunked]
      vary: [Accept-Encoding]
      x-content-type-options: [nosniff]
    status: {code: 200, message: OK}
- request:
    body: null
    headers:
      Accept: [application/json]
      Accept-Encoding: ['gzip, deflate']
      CommandName: [sql server create]
      Connection: [keep-alive]
      User-Agent: [python/3.6.3 (Windows-10-10.0.17134-SP0) requests/2.19.1 msrest/0.5.4
          msrest_azure/0.4.34 azure-mgmt-sql/0.9.1 Azure-SDK-For-Python AZURECLI/2.0.44]
    method: GET
    uri: https://management.azure.com/subscriptions/00000000-0000-0000-0000-000000000000/resourceGroups/clitest.rg000002/providers/Microsoft.Sql/locations/eastus/serverAzureAsyncOperation/a2f634b4-42f5-4639-8897-8aa38b5556c7?api-version=2015-05-01-preview
  response:
    body: {string: '{"name":"a2f634b4-42f5-4639-8897-8aa38b5556c7","status":"InProgress","startTime":"2018-08-02T23:43:58.217Z"}'}
    headers:
      cache-control: [no-cache]
      content-length: ['108']
      content-type: [application/json; charset=utf-8]
      date: ['Thu, 02 Aug 2018 23:44:24 GMT']
      expires: ['-1']
      pragma: [no-cache]
      server: [Microsoft-HTTPAPI/2.0]
      strict-transport-security: [max-age=31536000; includeSubDomains]
      transfer-encoding: [chunked]
      vary: [Accept-Encoding]
      x-content-type-options: [nosniff]
    status: {code: 200, message: OK}
- request:
    body: null
    headers:
      Accept: [application/json]
      Accept-Encoding: ['gzip, deflate']
      CommandName: [sql server create]
      Connection: [keep-alive]
      User-Agent: [python/3.6.3 (Windows-10-10.0.17134-SP0) requests/2.19.1 msrest/0.5.4
          msrest_azure/0.4.34 azure-mgmt-sql/0.9.1 Azure-SDK-For-Python AZURECLI/2.0.44]
    method: GET
    uri: https://management.azure.com/subscriptions/00000000-0000-0000-0000-000000000000/resourceGroups/clitest.rg000002/providers/Microsoft.Sql/locations/eastus/serverAzureAsyncOperation/a2f634b4-42f5-4639-8897-8aa38b5556c7?api-version=2015-05-01-preview
  response:
    body: {string: '{"name":"a2f634b4-42f5-4639-8897-8aa38b5556c7","status":"Succeeded","startTime":"2018-08-02T23:43:58.217Z"}'}
    headers:
      cache-control: [no-cache]
      content-length: ['107']
      content-type: [application/json; charset=utf-8]
      date: ['Thu, 02 Aug 2018 23:44:45 GMT']
      expires: ['-1']
      pragma: [no-cache]
      server: [Microsoft-HTTPAPI/2.0]
      strict-transport-security: [max-age=31536000; includeSubDomains]
      transfer-encoding: [chunked]
      vary: [Accept-Encoding]
      x-content-type-options: [nosniff]
    status: {code: 200, message: OK}
- request:
    body: null
    headers:
      Accept: [application/json]
      Accept-Encoding: ['gzip, deflate']
      CommandName: [sql server create]
      Connection: [keep-alive]
      User-Agent: [python/3.6.3 (Windows-10-10.0.17134-SP0) requests/2.19.1 msrest/0.5.4
          msrest_azure/0.4.34 azure-mgmt-sql/0.9.1 Azure-SDK-For-Python AZURECLI/2.0.44]
    method: GET
    uri: https://management.azure.com/subscriptions/00000000-0000-0000-0000-000000000000/resourceGroups/clitest.rg000002/providers/Microsoft.Sql/servers/clitestserver000004?api-version=2015-05-01-preview
  response:
    body: {string: '{"kind":"v12.0","properties":{"administratorLogin":"admin123","version":"12.0","state":"Ready","fullyQualifiedDomainName":"clitestserver000004.database.windows.net"},"location":"eastus","id":"/subscriptions/00000000-0000-0000-0000-000000000000/resourceGroups/clitest.rg000002/providers/Microsoft.Sql/servers/clitestserver000004","name":"clitestserver000004","type":"Microsoft.Sql/servers"}'}
    headers:
      cache-control: [no-cache]
      content-length: ['580']
      content-type: [application/json; charset=utf-8]
      date: ['Thu, 02 Aug 2018 23:44:45 GMT']
      expires: ['-1']
      pragma: [no-cache]
      server: [Microsoft-HTTPAPI/2.0]
      strict-transport-security: [max-age=31536000; includeSubDomains]
      transfer-encoding: [chunked]
      vary: [Accept-Encoding]
      x-content-type-options: [nosniff]
    status: {code: 200, message: OK}
- request:
    body: null
    headers:
      Accept: [application/json]
      Accept-Encoding: ['gzip, deflate']
      CommandName: [sql db create]
      Connection: [keep-alive]
      Content-Type: [application/json; charset=utf-8]
      User-Agent: [python/3.6.3 (Windows-10-10.0.17134-SP0) requests/2.19.1 msrest/0.5.4
          msrest_azure/0.4.34 azure-mgmt-sql/0.9.1 Azure-SDK-For-Python AZURECLI/2.0.44]
      accept-language: [en-US]
    method: GET
    uri: https://management.azure.com/subscriptions/00000000-0000-0000-0000-000000000000/resourceGroups/clitest.rg000001/providers/Microsoft.Sql/servers/clitestserver000003?api-version=2015-05-01-preview
  response:
    body: {string: '{"kind":"v12.0","properties":{"administratorLogin":"admin123","version":"12.0","state":"Ready","fullyQualifiedDomainName":"clitestserver000003.database.windows.net"},"location":"westus","id":"/subscriptions/00000000-0000-0000-0000-000000000000/resourceGroups/clitest.rg000001/providers/Microsoft.Sql/servers/clitestserver000003","name":"clitestserver000003","type":"Microsoft.Sql/servers"}'}
    headers:
      cache-control: [no-cache]
      content-length: ['580']
      content-type: [application/json; charset=utf-8]
      date: ['Thu, 02 Aug 2018 23:44:46 GMT']
      expires: ['-1']
      pragma: [no-cache]
      server: [Microsoft-HTTPAPI/2.0]
      strict-transport-security: [max-age=31536000; includeSubDomains]
      transfer-encoding: [chunked]
      vary: [Accept-Encoding]
      x-content-type-options: [nosniff]
    status: {code: 200, message: OK}
- request:
    body: '{"location": "westus"}'
    headers:
      Accept: [application/json]
      Accept-Encoding: ['gzip, deflate']
      CommandName: [sql db create]
      Connection: [keep-alive]
      Content-Length: ['22']
      Content-Type: [application/json; charset=utf-8]
      User-Agent: [python/3.6.3 (Windows-10-10.0.17134-SP0) requests/2.19.1 msrest/0.5.4
          msrest_azure/0.4.34 azure-mgmt-sql/0.9.1 Azure-SDK-For-Python AZURECLI/2.0.44]
      accept-language: [en-US]
    method: PUT
    uri: https://management.azure.com/subscriptions/00000000-0000-0000-0000-000000000000/resourceGroups/clitest.rg000001/providers/Microsoft.Sql/servers/clitestserver000003/databases/db1?api-version=2017-10-01-preview
  response:
    body: {string: '{"operation":"CreateLogicalDatabase","startTime":"2018-08-02T23:44:48.097Z"}'}
    headers:
      azure-asyncoperation: ['https://management.azure.com/subscriptions/00000000-0000-0000-0000-000000000000/resourceGroups/clitest.rg000001/providers/Microsoft.Sql/locations/westus/databaseAzureAsyncOperation/b8a70322-4301-40cc-a1f1-142953404a45?api-version=2017-10-01-preview']
      cache-control: [no-cache]
      content-length: ['76']
      content-type: [application/json; charset=utf-8]
      date: ['Thu, 02 Aug 2018 23:44:47 GMT']
      expires: ['-1']
      location: ['https://management.azure.com/subscriptions/00000000-0000-0000-0000-000000000000/resourceGroups/clitest.rg000001/providers/Microsoft.Sql/locations/westus/databaseOperationResults/b8a70322-4301-40cc-a1f1-142953404a45?api-version=2017-10-01-preview']
      pragma: [no-cache]
      server: [Microsoft-HTTPAPI/2.0]
      strict-transport-security: [max-age=31536000; includeSubDomains]
      x-content-type-options: [nosniff]
      x-ms-ratelimit-remaining-subscription-writes: ['1198']
    status: {code: 202, message: Accepted}
- request:
    body: null
    headers:
      Accept: [application/json]
      Accept-Encoding: ['gzip, deflate']
      CommandName: [sql db create]
      Connection: [keep-alive]
      User-Agent: [python/3.6.3 (Windows-10-10.0.17134-SP0) requests/2.19.1 msrest/0.5.4
          msrest_azure/0.4.34 azure-mgmt-sql/0.9.1 Azure-SDK-For-Python AZURECLI/2.0.44]
    method: GET
    uri: https://management.azure.com/subscriptions/00000000-0000-0000-0000-000000000000/resourceGroups/clitest.rg000001/providers/Microsoft.Sql/locations/westus/databaseAzureAsyncOperation/b8a70322-4301-40cc-a1f1-142953404a45?api-version=2017-10-01-preview
  response:
    body: {string: '{"name":"b8a70322-4301-40cc-a1f1-142953404a45","status":"InProgress","startTime":"2018-08-02T23:44:48.097Z"}'}
    headers:
      cache-control: [no-cache]
      content-length: ['108']
      content-type: [application/json; charset=utf-8]
      date: ['Thu, 02 Aug 2018 23:45:02 GMT']
      expires: ['-1']
      pragma: [no-cache]
      server: [Microsoft-HTTPAPI/2.0]
      strict-transport-security: [max-age=31536000; includeSubDomains]
      transfer-encoding: [chunked]
      vary: [Accept-Encoding]
      x-content-type-options: [nosniff]
    status: {code: 200, message: OK}
- request:
    body: null
    headers:
      Accept: [application/json]
      Accept-Encoding: ['gzip, deflate']
      CommandName: [sql db create]
      Connection: [keep-alive]
      User-Agent: [python/3.6.3 (Windows-10-10.0.17134-SP0) requests/2.19.1 msrest/0.5.4
          msrest_azure/0.4.34 azure-mgmt-sql/0.9.1 Azure-SDK-For-Python AZURECLI/2.0.44]
    method: GET
    uri: https://management.azure.com/subscriptions/00000000-0000-0000-0000-000000000000/resourceGroups/clitest.rg000001/providers/Microsoft.Sql/locations/westus/databaseAzureAsyncOperation/b8a70322-4301-40cc-a1f1-142953404a45?api-version=2017-10-01-preview
  response:
    body: {string: '{"name":"b8a70322-4301-40cc-a1f1-142953404a45","status":"InProgress","startTime":"2018-08-02T23:44:48.097Z"}'}
    headers:
      cache-control: [no-cache]
      content-length: ['108']
      content-type: [application/json; charset=utf-8]
      date: ['Thu, 02 Aug 2018 23:45:18 GMT']
      expires: ['-1']
      pragma: [no-cache]
      server: [Microsoft-HTTPAPI/2.0]
      strict-transport-security: [max-age=31536000; includeSubDomains]
      transfer-encoding: [chunked]
      vary: [Accept-Encoding]
      x-content-type-options: [nosniff]
    status: {code: 200, message: OK}
- request:
    body: null
    headers:
      Accept: [application/json]
      Accept-Encoding: ['gzip, deflate']
      CommandName: [sql db create]
      Connection: [keep-alive]
      User-Agent: [python/3.6.3 (Windows-10-10.0.17134-SP0) requests/2.19.1 msrest/0.5.4
          msrest_azure/0.4.34 azure-mgmt-sql/0.9.1 Azure-SDK-For-Python AZURECLI/2.0.44]
    method: GET
    uri: https://management.azure.com/subscriptions/00000000-0000-0000-0000-000000000000/resourceGroups/clitest.rg000001/providers/Microsoft.Sql/locations/westus/databaseAzureAsyncOperation/b8a70322-4301-40cc-a1f1-142953404a45?api-version=2017-10-01-preview
  response:
    body: {string: '{"name":"b8a70322-4301-40cc-a1f1-142953404a45","status":"Succeeded","startTime":"2018-08-02T23:44:48.097Z"}'}
    headers:
      cache-control: [no-cache]
      content-length: ['107']
      content-type: [application/json; charset=utf-8]
      date: ['Thu, 02 Aug 2018 23:45:33 GMT']
      expires: ['-1']
      pragma: [no-cache]
      server: [Microsoft-HTTPAPI/2.0]
      strict-transport-security: [max-age=31536000; includeSubDomains]
      transfer-encoding: [chunked]
      vary: [Accept-Encoding]
      x-content-type-options: [nosniff]
    status: {code: 200, message: OK}
- request:
    body: null
    headers:
      Accept: [application/json]
      Accept-Encoding: ['gzip, deflate']
      CommandName: [sql db create]
      Connection: [keep-alive]
      User-Agent: [python/3.6.3 (Windows-10-10.0.17134-SP0) requests/2.19.1 msrest/0.5.4
          msrest_azure/0.4.34 azure-mgmt-sql/0.9.1 Azure-SDK-For-Python AZURECLI/2.0.44]
    method: GET
    uri: https://management.azure.com/subscriptions/00000000-0000-0000-0000-000000000000/resourceGroups/clitest.rg000001/providers/Microsoft.Sql/servers/clitestserver000003/databases/db1?api-version=2017-10-01-preview
  response:
    body: {string: '{"sku":{"name":"Standard","tier":"Standard","capacity":10},"kind":"v12.0,user","properties":{"collation":"SQL_Latin1_General_CP1_CI_AS","maxSizeBytes":268435456000,"status":"Online","databaseId":"ce19e140-44c2-44bf-8698-3b6562e38efd","creationDate":"2018-08-02T23:45:27.177Z","currentServiceObjectiveName":"S0","requestedServiceObjectiveName":"S0","defaultSecondaryLocation":"eastus","catalogCollation":"SQL_Latin1_General_CP1_CI_AS","zoneRedundant":false,"earliestRestoreDate":"2018-08-03T00:15:27.177Z","readScale":"Disabled","currentSku":{"name":"Standard","tier":"Standard","capacity":10}},"location":"westus","id":"/subscriptions/00000000-0000-0000-0000-000000000000/resourceGroups/clitest.rg000001/providers/Microsoft.Sql/servers/clitestserver000003/databases/db1","name":"db1","type":"Microsoft.Sql/servers/databases"}'}
    headers:
      cache-control: [no-cache]
      content-length: ['928']
      content-type: [application/json; charset=utf-8]
      date: ['Thu, 02 Aug 2018 23:45:33 GMT']
      expires: ['-1']
      pragma: [no-cache]
      server: [Microsoft-HTTPAPI/2.0]
      strict-transport-security: [max-age=31536000; includeSubDomains]
      transfer-encoding: [chunked]
      vary: [Accept-Encoding]
      x-content-type-options: [nosniff]
    status: {code: 200, message: OK}
- request:
    body: 'b''b\''{"properties": {"readWriteEndpoint": {"failoverPolicy": "Automatic",
      "failoverWithDataLossGracePeriodMinutes": 120}, "readOnlyEndpoint": {"failoverPolicy":
      "Disabled"}, "partnerServers": [{"id": "/subscriptions/00000000-0000-0000-0000-000000000000/resourceGroups/clitest.rg000002/providers/Microsoft.Sql/servers/clitestserver000004"}],
      "databases": []}}\'''''
    headers:
      Accept: [application/json]
      Accept-Encoding: ['gzip, deflate']
      CommandName: [sql failover-group create]
      Connection: [keep-alive]
      Content-Length: ['456']
      Content-Type: [application/json; charset=utf-8]
      User-Agent: [python/3.6.3 (Windows-10-10.0.17134-SP0) requests/2.19.1 msrest/0.5.4
          msrest_azure/0.4.34 azure-mgmt-sql/0.9.1 Azure-SDK-For-Python AZURECLI/2.0.44]
      accept-language: [en-US]
    method: PUT
    uri: https://management.azure.com/subscriptions/00000000-0000-0000-0000-000000000000/resourceGroups/clitest.rg000001/providers/Microsoft.Sql/servers/clitestserver000003/failoverGroups/fgclitest1069?api-version=2015-05-01-preview
  response:
    body: {string: '{"operation":"CreateFailoverGroup","startTime":"2018-08-02T23:45:36.223Z"}'}
    headers:
      azure-asyncoperation: ['https://management.azure.com/subscriptions/00000000-0000-0000-0000-000000000000/providers/Microsoft.Sql/locations/westus/failoverGroupAzureAsyncOperation/b14df8e2-fa83-46e5-b90a-0aa20d9b86d5?api-version=2015-05-01-preview']
      cache-control: [no-cache]
      content-length: ['74']
      content-type: [application/json; charset=utf-8]
      date: ['Thu, 02 Aug 2018 23:45:36 GMT']
      expires: ['-1']
      location: ['https://management.azure.com/subscriptions/00000000-0000-0000-0000-000000000000/providers/Microsoft.Sql/locations/westus/failoverGroupOperationResults/b14df8e2-fa83-46e5-b90a-0aa20d9b86d5?api-version=2015-05-01-preview']
      pragma: [no-cache]
      server: [Microsoft-HTTPAPI/2.0]
      strict-transport-security: [max-age=31536000; includeSubDomains]
      x-content-type-options: [nosniff]
      x-ms-ratelimit-remaining-subscription-writes: ['1199']
    status: {code: 202, message: Accepted}
- request:
    body: null
    headers:
      Accept: [application/json]
      Accept-Encoding: ['gzip, deflate']
      CommandName: [sql failover-group create]
      Connection: [keep-alive]
      User-Agent: [python/3.6.3 (Windows-10-10.0.17134-SP0) requests/2.19.1 msrest/0.5.4
          msrest_azure/0.4.34 azure-mgmt-sql/0.9.1 Azure-SDK-For-Python AZURECLI/2.0.44]
    method: GET
    uri: https://management.azure.com/subscriptions/00000000-0000-0000-0000-000000000000/providers/Microsoft.Sql/locations/westus/failoverGroupAzureAsyncOperation/b14df8e2-fa83-46e5-b90a-0aa20d9b86d5?api-version=2015-05-01-preview
  response:
    body: {string: '{"name":"b14df8e2-fa83-46e5-b90a-0aa20d9b86d5","status":"InProgress","startTime":"2018-08-02T23:45:36.223Z"}'}
    headers:
      cache-control: [no-cache]
      content-length: ['108']
      content-type: [application/json; charset=utf-8]
      date: ['Thu, 02 Aug 2018 23:45:47 GMT']
      expires: ['-1']
      pragma: [no-cache]
      server: [Microsoft-HTTPAPI/2.0]
      strict-transport-security: [max-age=31536000; includeSubDomains]
      transfer-encoding: [chunked]
      vary: [Accept-Encoding]
      x-content-type-options: [nosniff]
    status: {code: 200, message: OK}
- request:
    body: null
    headers:
      Accept: [application/json]
      Accept-Encoding: ['gzip, deflate']
      CommandName: [sql failover-group create]
      Connection: [keep-alive]
      User-Agent: [python/3.6.3 (Windows-10-10.0.17134-SP0) requests/2.19.1 msrest/0.5.4
          msrest_azure/0.4.34 azure-mgmt-sql/0.9.1 Azure-SDK-For-Python AZURECLI/2.0.44]
    method: GET
    uri: https://management.azure.com/subscriptions/00000000-0000-0000-0000-000000000000/providers/Microsoft.Sql/locations/westus/failoverGroupAzureAsyncOperation/b14df8e2-fa83-46e5-b90a-0aa20d9b86d5?api-version=2015-05-01-preview
  response:
    body: {string: '{"name":"b14df8e2-fa83-46e5-b90a-0aa20d9b86d5","status":"Succeeded","startTime":"2018-08-02T23:45:36.223Z"}'}
    headers:
      cache-control: [no-cache]
      content-length: ['107']
      content-type: [application/json; charset=utf-8]
      date: ['Thu, 02 Aug 2018 23:45:57 GMT']
      expires: ['-1']
      pragma: [no-cache]
      server: [Microsoft-HTTPAPI/2.0]
      strict-transport-security: [max-age=31536000; includeSubDomains]
      transfer-encoding: [chunked]
      vary: [Accept-Encoding]
      x-content-type-options: [nosniff]
    status: {code: 200, message: OK}
- request:
    body: null
    headers:
      Accept: [application/json]
      Accept-Encoding: ['gzip, deflate']
      CommandName: [sql failover-group create]
      Connection: [keep-alive]
      User-Agent: [python/3.6.3 (Windows-10-10.0.17134-SP0) requests/2.19.1 msrest/0.5.4
          msrest_azure/0.4.34 azure-mgmt-sql/0.9.1 Azure-SDK-For-Python AZURECLI/2.0.44]
    method: GET
    uri: https://management.azure.com/subscriptions/00000000-0000-0000-0000-000000000000/resourceGroups/clitest.rg000001/providers/Microsoft.Sql/servers/clitestserver000003/failoverGroups/fgclitest1069?api-version=2015-05-01-preview
  response:
    body: {string: '{"location":"West US","properties":{"readWriteEndpoint":{"failoverPolicy":"Automatic","failoverWithDataLossGracePeriodMinutes":120},"readOnlyEndpoint":{"failoverPolicy":"Disabled"},"replicationRole":"Primary","replicationState":"CATCH_UP","partnerServers":[{"id":"/subscriptions/00000000-0000-0000-0000-000000000000/resourceGroups/clitest.rg000002/providers/Microsoft.Sql/servers/clitestserver000004","location":"East
        US","replicationRole":"Secondary"}],"databases":[]},"id":"/subscriptions/00000000-0000-0000-0000-000000000000/resourceGroups/clitest.rg000001/providers/Microsoft.Sql/servers/clitestserver000003/failoverGroups/fgclitest1069","name":"fgclitest1069","type":"Microsoft.Sql/servers/failoverGroups"}'}
    headers:
      cache-control: [no-cache]
      content-length: ['917']
      content-type: [application/json; charset=utf-8]
      date: ['Thu, 02 Aug 2018 23:45:57 GMT']
      expires: ['-1']
      pragma: [no-cache]
      server: [Microsoft-HTTPAPI/2.0]
      strict-transport-security: [max-age=31536000; includeSubDomains]
      transfer-encoding: [chunked]
      vary: [Accept-Encoding]
      x-content-type-options: [nosniff]
    status: {code: 200, message: OK}
- request:
    body: null
    headers:
      Accept: [application/json]
      Accept-Encoding: ['gzip, deflate']
      CommandName: [sql failover-group list]
      Connection: [keep-alive]
      Content-Type: [application/json; charset=utf-8]
      User-Agent: [python/3.6.3 (Windows-10-10.0.17134-SP0) requests/2.19.1 msrest/0.5.4
          msrest_azure/0.4.34 azure-mgmt-sql/0.9.1 Azure-SDK-For-Python AZURECLI/2.0.44]
      accept-language: [en-US]
    method: GET
    uri: https://management.azure.com/subscriptions/00000000-0000-0000-0000-000000000000/resourceGroups/clitest.rg000001/providers/Microsoft.Sql/servers/clitestserver000003/failoverGroups?api-version=2015-05-01-preview
  response:
    body: {string: '{"value":[{"location":"West US","properties":{"readWriteEndpoint":{"failoverPolicy":"Automatic","failoverWithDataLossGracePeriodMinutes":120},"readOnlyEndpoint":{"failoverPolicy":"Disabled"},"replicationRole":"Primary","replicationState":"CATCH_UP","partnerServers":[{"id":"/subscriptions/00000000-0000-0000-0000-000000000000/resourceGroups/clitest.rg000002/providers/Microsoft.Sql/servers/clitestserver000004","location":"East
        US","replicationRole":"Secondary"}],"databases":[]},"id":"/subscriptions/00000000-0000-0000-0000-000000000000/resourceGroups/clitest.rg000001/providers/Microsoft.Sql/servers/clitestserver000003/failoverGroups/fgclitest1069","name":"fgclitest1069","type":"Microsoft.Sql/servers/failoverGroups"}]}'}
    headers:
      cache-control: [no-cache]
      content-length: ['929']
      content-type: [application/json; charset=utf-8]
      date: ['Thu, 02 Aug 2018 23:45:58 GMT']
      expires: ['-1']
      pragma: [no-cache]
      server: [Microsoft-HTTPAPI/2.0]
      strict-transport-security: [max-age=31536000; includeSubDomains]
      transfer-encoding: [chunked]
      vary: [Accept-Encoding]
      x-content-type-options: [nosniff]
    status: {code: 200, message: OK}
- request:
    body: null
    headers:
      Accept: [application/json]
      Accept-Encoding: ['gzip, deflate']
      CommandName: [sql failover-group show]
      Connection: [keep-alive]
      Content-Type: [application/json; charset=utf-8]
      User-Agent: [python/3.6.3 (Windows-10-10.0.17134-SP0) requests/2.19.1 msrest/0.5.4
          msrest_azure/0.4.34 azure-mgmt-sql/0.9.1 Azure-SDK-For-Python AZURECLI/2.0.44]
      accept-language: [en-US]
    method: GET
    uri: https://management.azure.com/subscriptions/00000000-0000-0000-0000-000000000000/resourceGroups/clitest.rg000002/providers/Microsoft.Sql/servers/clitestserver000004/failoverGroups/fgclitest1069?api-version=2015-05-01-preview
  response:
    body: {string: '{"location":"East US","properties":{"readWriteEndpoint":{"failoverPolicy":"Automatic","failoverWithDataLossGracePeriodMinutes":120},"readOnlyEndpoint":{"failoverPolicy":"Disabled"},"replicationRole":"Secondary","replicationState":"CATCH_UP","partnerServers":[{"id":"/subscriptions/00000000-0000-0000-0000-000000000000/resourceGroups/clitest.rg000001/providers/Microsoft.Sql/servers/clitestserver000003","location":"West
        US","replicationRole":"Primary"}],"databases":[]},"id":"/subscriptions/00000000-0000-0000-0000-000000000000/resourceGroups/clitest.rg000002/providers/Microsoft.Sql/servers/clitestserver000004/failoverGroups/fgclitest1069","name":"fgclitest1069","type":"Microsoft.Sql/servers/failoverGroups"}'}
    headers:
      cache-control: [no-cache]
      content-length: ['917']
      content-type: [application/json; charset=utf-8]
      date: ['Thu, 02 Aug 2018 23:45:58 GMT']
      expires: ['-1']
      pragma: [no-cache]
      server: [Microsoft-HTTPAPI/2.0]
      strict-transport-security: [max-age=31536000; includeSubDomains]
      transfer-encoding: [chunked]
      vary: [Accept-Encoding]
      x-content-type-options: [nosniff]
    status: {code: 200, message: OK}
- request:
    body: null
    headers:
      Accept: [application/json]
      Accept-Encoding: ['gzip, deflate']
      CommandName: [sql failover-group update]
      Connection: [keep-alive]
      Content-Type: [application/json; charset=utf-8]
      User-Agent: [python/3.6.3 (Windows-10-10.0.17134-SP0) requests/2.19.1 msrest/0.5.4
          msrest_azure/0.4.34 azure-mgmt-sql/0.9.1 Azure-SDK-For-Python AZURECLI/2.0.44]
      accept-language: [en-US]
    method: GET
    uri: https://management.azure.com/subscriptions/00000000-0000-0000-0000-000000000000/resourceGroups/clitest.rg000001/providers/Microsoft.Sql/servers/clitestserver000003/failoverGroups/fgclitest1069?api-version=2015-05-01-preview
  response:
    body: {string: '{"location":"West US","properties":{"readWriteEndpoint":{"failoverPolicy":"Automatic","failoverWithDataLossGracePeriodMinutes":120},"readOnlyEndpoint":{"failoverPolicy":"Disabled"},"replicationRole":"Primary","replicationState":"CATCH_UP","partnerServers":[{"id":"/subscriptions/00000000-0000-0000-0000-000000000000/resourceGroups/clitest.rg000002/providers/Microsoft.Sql/servers/clitestserver000004","location":"East
        US","replicationRole":"Secondary"}],"databases":[]},"id":"/subscriptions/00000000-0000-0000-0000-000000000000/resourceGroups/clitest.rg000001/providers/Microsoft.Sql/servers/clitestserver000003/failoverGroups/fgclitest1069","name":"fgclitest1069","type":"Microsoft.Sql/servers/failoverGroups"}'}
    headers:
      cache-control: [no-cache]
      content-length: ['917']
      content-type: [application/json; charset=utf-8]
      date: ['Thu, 02 Aug 2018 23:46:00 GMT']
      expires: ['-1']
      pragma: [no-cache]
      server: [Microsoft-HTTPAPI/2.0]
      strict-transport-security: [max-age=31536000; includeSubDomains]
      transfer-encoding: [chunked]
      vary: [Accept-Encoding]
      x-content-type-options: [nosniff]
    status: {code: 200, message: OK}
- request:
    body: 'b''b\''b\\\''b\\\\\\\''{"properties": {"readWriteEndpoint": {"failoverPolicy":
      "Automatic", "failoverWithDataLossGracePeriodMinutes": 180}, "readOnlyEndpoint":
      {"failoverPolicy": "Disabled"}, "partnerServers": [{"id": "/subscriptions/00000000-0000-0000-0000-000000000000/resourceGroups/clitest.rg000002/providers/Microsoft.Sql/servers/clitestserver000004"}],
      "databases": ["/subscriptions/00000000-0000-0000-0000-000000000000/resourcegroups/clitest.rg000001/providers/microsoft.sql/servers/clitestserver000003/databases/db1"]}}\\\\\\\''\\\''\'''''
    headers:
      Accept: [application/json]
      Accept-Encoding: ['gzip, deflate']
      CommandName: [sql failover-group update]
      Connection: [keep-alive]
      Content-Length: ['710']
      Content-Type: [application/json; charset=utf-8]
      User-Agent: [python/3.6.3 (Windows-10-10.0.17134-SP0) requests/2.19.1 msrest/0.5.4
          msrest_azure/0.4.34 azure-mgmt-sql/0.9.1 Azure-SDK-For-Python AZURECLI/2.0.44]
      accept-language: [en-US]
    method: PUT
    uri: https://management.azure.com/subscriptions/00000000-0000-0000-0000-000000000000/resourceGroups/clitest.rg000001/providers/Microsoft.Sql/servers/clitestserver000003/failoverGroups/fgclitest1069?api-version=2015-05-01-preview
  response:
    body: {string: '{"operation":"UpdateFailoverGroup","startTime":"2018-08-02T23:46:01.07Z"}'}
    headers:
      azure-asyncoperation: ['https://management.azure.com/subscriptions/00000000-0000-0000-0000-000000000000/providers/Microsoft.Sql/locations/westus/failoverGroupAzureAsyncOperation/d583f4e2-ac9c-4a36-94ac-ea41a5c29959?api-version=2015-05-01-preview']
      cache-control: [no-cache]
      content-length: ['73']
      content-type: [application/json; charset=utf-8]
      date: ['Thu, 02 Aug 2018 23:46:01 GMT']
      expires: ['-1']
      location: ['https://management.azure.com/subscriptions/00000000-0000-0000-0000-000000000000/providers/Microsoft.Sql/locations/westus/failoverGroupOperationResults/d583f4e2-ac9c-4a36-94ac-ea41a5c29959?api-version=2015-05-01-preview']
      pragma: [no-cache]
      server: [Microsoft-HTTPAPI/2.0]
      strict-transport-security: [max-age=31536000; includeSubDomains]
      x-content-type-options: [nosniff]
      x-ms-ratelimit-remaining-subscription-writes: ['1199']
    status: {code: 202, message: Accepted}
- request:
    body: null
    headers:
      Accept: [application/json]
      Accept-Encoding: ['gzip, deflate']
      CommandName: [sql failover-group update]
      Connection: [keep-alive]
      User-Agent: [python/3.6.3 (Windows-10-10.0.17134-SP0) requests/2.19.1 msrest/0.5.4
          msrest_azure/0.4.34 azure-mgmt-sql/0.9.1 Azure-SDK-For-Python AZURECLI/2.0.44]
    method: GET
    uri: https://management.azure.com/subscriptions/00000000-0000-0000-0000-000000000000/providers/Microsoft.Sql/locations/westus/failoverGroupAzureAsyncOperation/d583f4e2-ac9c-4a36-94ac-ea41a5c29959?api-version=2015-05-01-preview
  response:
    body: {string: '{"name":"d583f4e2-ac9c-4a36-94ac-ea41a5c29959","status":"InProgress","startTime":"2018-08-02T23:46:01.07Z"}'}
    headers:
      cache-control: [no-cache]
      content-length: ['107']
      content-type: [application/json; charset=utf-8]
      date: ['Thu, 02 Aug 2018 23:46:11 GMT']
      expires: ['-1']
      pragma: [no-cache]
      server: [Microsoft-HTTPAPI/2.0]
      strict-transport-security: [max-age=31536000; includeSubDomains]
      transfer-encoding: [chunked]
      vary: [Accept-Encoding]
      x-content-type-options: [nosniff]
    status: {code: 200, message: OK}
- request:
    body: null
    headers:
      Accept: [application/json]
      Accept-Encoding: ['gzip, deflate']
      CommandName: [sql failover-group update]
      Connection: [keep-alive]
      User-Agent: [python/3.6.3 (Windows-10-10.0.17134-SP0) requests/2.19.1 msrest/0.5.4
          msrest_azure/0.4.34 azure-mgmt-sql/0.9.1 Azure-SDK-For-Python AZURECLI/2.0.44]
    method: GET
    uri: https://management.azure.com/subscriptions/00000000-0000-0000-0000-000000000000/providers/Microsoft.Sql/locations/westus/failoverGroupAzureAsyncOperation/d583f4e2-ac9c-4a36-94ac-ea41a5c29959?api-version=2015-05-01-preview
  response:
    body: {string: '{"name":"d583f4e2-ac9c-4a36-94ac-ea41a5c29959","status":"InProgress","startTime":"2018-08-02T23:46:01.07Z"}'}
    headers:
      cache-control: [no-cache]
      content-length: ['107']
      content-type: [application/json; charset=utf-8]
      date: ['Thu, 02 Aug 2018 23:46:22 GMT']
      expires: ['-1']
      pragma: [no-cache]
      server: [Microsoft-HTTPAPI/2.0]
      strict-transport-security: [max-age=31536000; includeSubDomains]
      transfer-encoding: [chunked]
      vary: [Accept-Encoding]
      x-content-type-options: [nosniff]
    status: {code: 200, message: OK}
- request:
    body: null
    headers:
      Accept: [application/json]
      Accept-Encoding: ['gzip, deflate']
      CommandName: [sql failover-group update]
      Connection: [keep-alive]
      User-Agent: [python/3.6.3 (Windows-10-10.0.17134-SP0) requests/2.19.1 msrest/0.5.4
          msrest_azure/0.4.34 azure-mgmt-sql/0.9.1 Azure-SDK-For-Python AZURECLI/2.0.44]
    method: GET
    uri: https://management.azure.com/subscriptions/00000000-0000-0000-0000-000000000000/providers/Microsoft.Sql/locations/westus/failoverGroupAzureAsyncOperation/d583f4e2-ac9c-4a36-94ac-ea41a5c29959?api-version=2015-05-01-preview
  response:
    body: {string: '{"name":"d583f4e2-ac9c-4a36-94ac-ea41a5c29959","status":"InProgress","startTime":"2018-08-02T23:46:01.07Z"}'}
    headers:
      cache-control: [no-cache]
      content-length: ['107']
      content-type: [application/json; charset=utf-8]
      date: ['Thu, 02 Aug 2018 23:46:33 GMT']
      expires: ['-1']
      pragma: [no-cache]
      server: [Microsoft-HTTPAPI/2.0]
      strict-transport-security: [max-age=31536000; includeSubDomains]
      transfer-encoding: [chunked]
      vary: [Accept-Encoding]
      x-content-type-options: [nosniff]
    status: {code: 200, message: OK}
- request:
    body: null
    headers:
      Accept: [application/json]
      Accept-Encoding: ['gzip, deflate']
      CommandName: [sql failover-group update]
      Connection: [keep-alive]
      User-Agent: [python/3.6.3 (Windows-10-10.0.17134-SP0) requests/2.19.1 msrest/0.5.4
          msrest_azure/0.4.34 azure-mgmt-sql/0.9.1 Azure-SDK-For-Python AZURECLI/2.0.44]
    method: GET
    uri: https://management.azure.com/subscriptions/00000000-0000-0000-0000-000000000000/providers/Microsoft.Sql/locations/westus/failoverGroupAzureAsyncOperation/d583f4e2-ac9c-4a36-94ac-ea41a5c29959?api-version=2015-05-01-preview
  response:
    body: {string: '{"name":"d583f4e2-ac9c-4a36-94ac-ea41a5c29959","status":"InProgress","startTime":"2018-08-02T23:46:01.07Z"}'}
    headers:
      cache-control: [no-cache]
      content-length: ['107']
      content-type: [application/json; charset=utf-8]
      date: ['Thu, 02 Aug 2018 23:46:42 GMT']
      expires: ['-1']
      pragma: [no-cache]
      server: [Microsoft-HTTPAPI/2.0]
      strict-transport-security: [max-age=31536000; includeSubDomains]
      transfer-encoding: [chunked]
      vary: [Accept-Encoding]
      x-content-type-options: [nosniff]
    status: {code: 200, message: OK}
- request:
    body: null
    headers:
      Accept: [application/json]
      Accept-Encoding: ['gzip, deflate']
      CommandName: [sql failover-group update]
      Connection: [keep-alive]
      User-Agent: [python/3.6.3 (Windows-10-10.0.17134-SP0) requests/2.19.1 msrest/0.5.4
          msrest_azure/0.4.34 azure-mgmt-sql/0.9.1 Azure-SDK-For-Python AZURECLI/2.0.44]
    method: GET
    uri: https://management.azure.com/subscriptions/00000000-0000-0000-0000-000000000000/providers/Microsoft.Sql/locations/westus/failoverGroupAzureAsyncOperation/d583f4e2-ac9c-4a36-94ac-ea41a5c29959?api-version=2015-05-01-preview
  response:
    body: {string: '{"name":"d583f4e2-ac9c-4a36-94ac-ea41a5c29959","status":"InProgress","startTime":"2018-08-02T23:46:01.07Z"}'}
    headers:
      cache-control: [no-cache]
      content-length: ['107']
      content-type: [application/json; charset=utf-8]
      date: ['Thu, 02 Aug 2018 23:46:53 GMT']
      expires: ['-1']
      pragma: [no-cache]
      server: [Microsoft-HTTPAPI/2.0]
      strict-transport-security: [max-age=31536000; includeSubDomains]
      transfer-encoding: [chunked]
      vary: [Accept-Encoding]
      x-content-type-options: [nosniff]
    status: {code: 200, message: OK}
- request:
    body: null
    headers:
      Accept: [application/json]
      Accept-Encoding: ['gzip, deflate']
      CommandName: [sql failover-group update]
      Connection: [keep-alive]
      User-Agent: [python/3.6.3 (Windows-10-10.0.17134-SP0) requests/2.19.1 msrest/0.5.4
          msrest_azure/0.4.34 azure-mgmt-sql/0.9.1 Azure-SDK-For-Python AZURECLI/2.0.44]
    method: GET
    uri: https://management.azure.com/subscriptions/00000000-0000-0000-0000-000000000000/providers/Microsoft.Sql/locations/westus/failoverGroupAzureAsyncOperation/d583f4e2-ac9c-4a36-94ac-ea41a5c29959?api-version=2015-05-01-preview
  response:
    body: {string: '{"name":"d583f4e2-ac9c-4a36-94ac-ea41a5c29959","status":"InProgress","startTime":"2018-08-02T23:46:01.07Z"}'}
    headers:
      cache-control: [no-cache]
      content-length: ['107']
      content-type: [application/json; charset=utf-8]
      date: ['Thu, 02 Aug 2018 23:47:03 GMT']
      expires: ['-1']
      pragma: [no-cache]
      server: [Microsoft-HTTPAPI/2.0]
      strict-transport-security: [max-age=31536000; includeSubDomains]
      transfer-encoding: [chunked]
      vary: [Accept-Encoding]
      x-content-type-options: [nosniff]
    status: {code: 200, message: OK}
- request:
    body: null
    headers:
      Accept: [application/json]
      Accept-Encoding: ['gzip, deflate']
      CommandName: [sql failover-group update]
      Connection: [keep-alive]
      User-Agent: [python/3.6.3 (Windows-10-10.0.17134-SP0) requests/2.19.1 msrest/0.5.4
          msrest_azure/0.4.34 azure-mgmt-sql/0.9.1 Azure-SDK-For-Python AZURECLI/2.0.44]
    method: GET
    uri: https://management.azure.com/subscriptions/00000000-0000-0000-0000-000000000000/providers/Microsoft.Sql/locations/westus/failoverGroupAzureAsyncOperation/d583f4e2-ac9c-4a36-94ac-ea41a5c29959?api-version=2015-05-01-preview
  response:
    body: {string: '{"name":"d583f4e2-ac9c-4a36-94ac-ea41a5c29959","status":"InProgress","startTime":"2018-08-02T23:46:01.07Z"}'}
    headers:
      cache-control: [no-cache]
      content-length: ['107']
      content-type: [application/json; charset=utf-8]
      date: ['Thu, 02 Aug 2018 23:47:15 GMT']
      expires: ['-1']
      pragma: [no-cache]
      server: [Microsoft-HTTPAPI/2.0]
      strict-transport-security: [max-age=31536000; includeSubDomains]
      transfer-encoding: [chunked]
      vary: [Accept-Encoding]
      x-content-type-options: [nosniff]
    status: {code: 200, message: OK}
- request:
    body: null
    headers:
      Accept: [application/json]
      Accept-Encoding: ['gzip, deflate']
      CommandName: [sql failover-group update]
      Connection: [keep-alive]
      User-Agent: [python/3.6.3 (Windows-10-10.0.17134-SP0) requests/2.19.1 msrest/0.5.4
          msrest_azure/0.4.34 azure-mgmt-sql/0.9.1 Azure-SDK-For-Python AZURECLI/2.0.44]
    method: GET
    uri: https://management.azure.com/subscriptions/00000000-0000-0000-0000-000000000000/providers/Microsoft.Sql/locations/westus/failoverGroupAzureAsyncOperation/d583f4e2-ac9c-4a36-94ac-ea41a5c29959?api-version=2015-05-01-preview
  response:
    body: {string: '{"name":"d583f4e2-ac9c-4a36-94ac-ea41a5c29959","status":"Succeeded","startTime":"2018-08-02T23:46:01.07Z"}'}
    headers:
      cache-control: [no-cache]
      content-length: ['106']
      content-type: [application/json; charset=utf-8]
      date: ['Thu, 02 Aug 2018 23:47:31 GMT']
      expires: ['-1']
      pragma: [no-cache]
      server: [Microsoft-HTTPAPI/2.0]
      strict-transport-security: [max-age=31536000; includeSubDomains]
      transfer-encoding: [chunked]
      vary: [Accept-Encoding]
      x-content-type-options: [nosniff]
    status: {code: 200, message: OK}
- request:
    body: null
    headers:
      Accept: [application/json]
      Accept-Encoding: ['gzip, deflate']
      CommandName: [sql failover-group update]
      Connection: [keep-alive]
      User-Agent: [python/3.6.3 (Windows-10-10.0.17134-SP0) requests/2.19.1 msrest/0.5.4
          msrest_azure/0.4.34 azure-mgmt-sql/0.9.1 Azure-SDK-For-Python AZURECLI/2.0.44]
    method: GET
    uri: https://management.azure.com/subscriptions/00000000-0000-0000-0000-000000000000/resourceGroups/clitest.rg000001/providers/Microsoft.Sql/servers/clitestserver000003/failoverGroups/fgclitest1069?api-version=2015-05-01-preview
  response:
    body: {string: '{"location":"West US","properties":{"readWriteEndpoint":{"failoverPolicy":"Automatic","failoverWithDataLossGracePeriodMinutes":180},"readOnlyEndpoint":{"failoverPolicy":"Disabled"},"replicationRole":"Primary","replicationState":"CATCH_UP","partnerServers":[{"id":"/subscriptions/00000000-0000-0000-0000-000000000000/resourceGroups/clitest.rg000002/providers/Microsoft.Sql/servers/clitestserver000004","location":"East
        US","replicationRole":"Secondary"}],"databases":["/subscriptions/00000000-0000-0000-0000-000000000000/resourceGroups/clitest.rg000001/providers/Microsoft.Sql/servers/clitestserver000003/databases/db1"]},"id":"/subscriptions/00000000-0000-0000-0000-000000000000/resourceGroups/clitest.rg000001/providers/Microsoft.Sql/servers/clitestserver000003/failoverGroups/fgclitest1069","name":"fgclitest1069","type":"Microsoft.Sql/servers/failoverGroups"}'}
    headers:
      cache-control: [no-cache]
      content-length: ['1171']
      content-type: [application/json; charset=utf-8]
      date: ['Thu, 02 Aug 2018 23:47:31 GMT']
      expires: ['-1']
      pragma: [no-cache]
      server: [Microsoft-HTTPAPI/2.0]
      strict-transport-security: [max-age=31536000; includeSubDomains]
      transfer-encoding: [chunked]
      vary: [Accept-Encoding]
      x-content-type-options: [nosniff]
    status: {code: 200, message: OK}
- request:
    body: null
    headers:
      Accept: [application/json]
      Accept-Encoding: ['gzip, deflate']
      CommandName: [sql failover-group show]
      Connection: [keep-alive]
      Content-Type: [application/json; charset=utf-8]
      User-Agent: [python/3.6.3 (Windows-10-10.0.17134-SP0) requests/2.19.1 msrest/0.5.4
          msrest_azure/0.4.34 azure-mgmt-sql/0.9.1 Azure-SDK-For-Python AZURECLI/2.0.44]
      accept-language: [en-US]
    method: GET
    uri: https://management.azure.com/subscriptions/00000000-0000-0000-0000-000000000000/resourceGroups/clitest.rg000002/providers/Microsoft.Sql/servers/clitestserver000004/failoverGroups/fgclitest1069?api-version=2015-05-01-preview
  response:
    body: {string: '{"location":"East US","properties":{"readWriteEndpoint":{"failoverPolicy":"Automatic","failoverWithDataLossGracePeriodMinutes":180},"readOnlyEndpoint":{"failoverPolicy":"Disabled"},"replicationRole":"Secondary","replicationState":"CATCH_UP","partnerServers":[{"id":"/subscriptions/00000000-0000-0000-0000-000000000000/resourceGroups/clitest.rg000001/providers/Microsoft.Sql/servers/clitestserver000003","location":"West
        US","replicationRole":"Primary"}],"databases":["/subscriptions/00000000-0000-0000-0000-000000000000/resourceGroups/clitest.rg000002/providers/Microsoft.Sql/servers/clitestserver000004/databases/db1"]},"id":"/subscriptions/00000000-0000-0000-0000-000000000000/resourceGroups/clitest.rg000002/providers/Microsoft.Sql/servers/clitestserver000004/failoverGroups/fgclitest1069","name":"fgclitest1069","type":"Microsoft.Sql/servers/failoverGroups"}'}
    headers:
      cache-control: [no-cache]
      content-length: ['1171']
      content-type: [application/json; charset=utf-8]
      date: ['Thu, 02 Aug 2018 23:47:33 GMT']
      expires: ['-1']
      pragma: [no-cache]
      server: [Microsoft-HTTPAPI/2.0]
      strict-transport-security: [max-age=31536000; includeSubDomains]
      transfer-encoding: [chunked]
      vary: [Accept-Encoding]
      x-content-type-options: [nosniff]
    status: {code: 200, message: OK}
- request:
    body: null
    headers:
      Accept: [application/json]
      Accept-Encoding: ['gzip, deflate']
      CommandName: [sql db list]
      Connection: [keep-alive]
      Content-Type: [application/json; charset=utf-8]
      User-Agent: [python/3.6.3 (Windows-10-10.0.17134-SP0) requests/2.19.1 msrest/0.5.4
          msrest_azure/0.4.34 azure-mgmt-sql/0.9.1 Azure-SDK-For-Python AZURECLI/2.0.44]
      accept-language: [en-US]
    method: GET
    uri: https://management.azure.com/subscriptions/00000000-0000-0000-0000-000000000000/resourceGroups/clitest.rg000002/providers/Microsoft.Sql/servers/clitestserver000004/databases?api-version=2017-10-01-preview
  response:
    body: {string: '{"value":[{"sku":{"name":"Standard","tier":"Standard","capacity":10},"kind":"v12.0,user","properties":{"collation":"SQL_Latin1_General_CP1_CI_AS","maxSizeBytes":268435456000,"status":"Online","databaseId":"a627a39f-1b57-4dcb-bbdc-1dc0b4934084","creationDate":"2018-08-02T23:47:18.897Z","currentServiceObjectiveName":"S0","requestedServiceObjectiveName":"S0","defaultSecondaryLocation":"westus","failoverGroupId":"/subscriptions/00000000-0000-0000-0000-000000000000/resourceGroups/clitest.rg000002/providers/Microsoft.Sql/servers/clitestserver000004/failoverGroups/fgclitest1069","catalogCollation":"SQL_Latin1_General_CP1_CI_AS","zoneRedundant":false,"earliestRestoreDate":"2018-08-03T00:17:18.897Z","readScale":"Disabled","currentSku":{"name":"Standard","tier":"Standard","capacity":10}},"location":"eastus","id":"/subscriptions/00000000-0000-0000-0000-000000000000/resourceGroups/clitest.rg000002/providers/Microsoft.Sql/servers/clitestserver000004/databases/db1","name":"db1","type":"Microsoft.Sql/servers/databases"},{"sku":{"name":"System","tier":"System","capacity":0},"kind":"v12.0,system","managedBy":"/subscriptions/00000000-0000-0000-0000-000000000000/resourceGroups/clitest.rg000002/providers/Microsoft.Sql/servers/clitestserver000004","properties":{"collation":"SQL_Latin1_General_CP1_CI_AS","maxSizeBytes":32212254720,"status":"Online","databaseId":"0751c776-7ac6-4725-b83e-81918381f15a","creationDate":"2018-08-02T23:44:36.963Z","currentServiceObjectiveName":"System2","requestedServiceObjectiveName":"System2","defaultSecondaryLocation":"westus","catalogCollation":"SQL_Latin1_General_CP1_CI_AS","zoneRedundant":false,"readScale":"Disabled","currentSku":{"name":"System","tier":"System","capacity":0}},"location":"eastus","id":"/subscriptions/00000000-0000-0000-0000-000000000000/resourceGroups/clitest.rg000002/providers/Microsoft.Sql/servers/clitestserver000004/databases/master","name":"master","type":"Microsoft.Sql/servers/databases"}]}'}
    headers:
      cache-control: [no-cache]
      content-length: ['2368']
      content-type: [application/json; charset=utf-8]
      date: ['Thu, 02 Aug 2018 23:47:33 GMT']
      expires: ['-1']
      pragma: [no-cache]
      server: [Microsoft-HTTPAPI/2.0]
      strict-transport-security: [max-age=31536000; includeSubDomains]
      transfer-encoding: [chunked]
      vary: [Accept-Encoding]
      x-content-type-options: [nosniff]
    status: {code: 200, message: OK}
- request:
    body: null
    headers:
      Accept: [application/json]
      Accept-Encoding: ['gzip, deflate']
      CommandName: [sql failover-group set-primary]
      Connection: [keep-alive]
      Content-Type: [application/json; charset=utf-8]
      User-Agent: [python/3.6.3 (Windows-10-10.0.17134-SP0) requests/2.19.1 msrest/0.5.4
          msrest_azure/0.4.34 azure-mgmt-sql/0.9.1 Azure-SDK-For-Python AZURECLI/2.0.44]
      accept-language: [en-US]
    method: GET
    uri: https://management.azure.com/subscriptions/00000000-0000-0000-0000-000000000000/resourceGroups/clitest.rg000002/providers/Microsoft.Sql/servers/clitestserver000004/failoverGroups/fgclitest1069?api-version=2015-05-01-preview
  response:
    body: {string: '{"location":"East US","properties":{"readWriteEndpoint":{"failoverPolicy":"Automatic","failoverWithDataLossGracePeriodMinutes":180},"readOnlyEndpoint":{"failoverPolicy":"Disabled"},"replicationRole":"Secondary","replicationState":"CATCH_UP","partnerServers":[{"id":"/subscriptions/00000000-0000-0000-0000-000000000000/resourceGroups/clitest.rg000001/providers/Microsoft.Sql/servers/clitestserver000003","location":"West
        US","replicationRole":"Primary"}],"databases":["/subscriptions/00000000-0000-0000-0000-000000000000/resourceGroups/clitest.rg000002/providers/Microsoft.Sql/servers/clitestserver000004/databases/db1"]},"id":"/subscriptions/00000000-0000-0000-0000-000000000000/resourceGroups/clitest.rg000002/providers/Microsoft.Sql/servers/clitestserver000004/failoverGroups/fgclitest1069","name":"fgclitest1069","type":"Microsoft.Sql/servers/failoverGroups"}'}
    headers:
      cache-control: [no-cache]
      content-length: ['1171']
      content-type: [application/json; charset=utf-8]
      date: ['Thu, 02 Aug 2018 23:47:34 GMT']
      expires: ['-1']
      pragma: [no-cache]
      server: [Microsoft-HTTPAPI/2.0]
      strict-transport-security: [max-age=31536000; includeSubDomains]
      transfer-encoding: [chunked]
      vary: [Accept-Encoding]
      x-content-type-options: [nosniff]
    status: {code: 200, message: OK}
- request:
    body: null
    headers:
      Accept: [application/json]
      Accept-Encoding: ['gzip, deflate']
      CommandName: [sql failover-group set-primary]
      Connection: [keep-alive]
      Content-Length: ['0']
      Content-Type: [application/json; charset=utf-8]
      User-Agent: [python/3.6.3 (Windows-10-10.0.17134-SP0) requests/2.19.1 msrest/0.5.4
          msrest_azure/0.4.34 azure-mgmt-sql/0.9.1 Azure-SDK-For-Python AZURECLI/2.0.44]
      accept-language: [en-US]
    method: POST
    uri: https://management.azure.com/subscriptions/00000000-0000-0000-0000-000000000000/resourceGroups/clitest.rg000002/providers/Microsoft.Sql/servers/clitestserver000004/failoverGroups/fgclitest1069/failover?api-version=2015-05-01-preview
  response:
    body: {string: '{"operation":"FailoverFailoverGroup","startTime":"2018-08-02T23:47:35.123Z"}'}
    headers:
      azure-asyncoperation: ['https://management.azure.com/subscriptions/00000000-0000-0000-0000-000000000000/providers/Microsoft.Sql/locations/eastus/failoverGroupAzureAsyncOperation/0caf0382-e514-4e62-8ab1-e10a162eea87?api-version=2015-05-01-preview']
      cache-control: [no-cache]
      content-length: ['76']
      content-type: [application/json; charset=utf-8]
      date: ['Thu, 02 Aug 2018 23:47:35 GMT']
      expires: ['-1']
      location: ['https://management.azure.com/subscriptions/00000000-0000-0000-0000-000000000000/providers/Microsoft.Sql/locations/eastus/failoverGroupOperationResults/0caf0382-e514-4e62-8ab1-e10a162eea87?api-version=2015-05-01-preview']
      pragma: [no-cache]
      server: [Microsoft-HTTPAPI/2.0]
      strict-transport-security: [max-age=31536000; includeSubDomains]
      x-content-type-options: [nosniff]
      x-ms-ratelimit-remaining-subscription-writes: ['1198']
    status: {code: 202, message: Accepted}
- request:
    body: null
    headers:
      Accept: [application/json]
      Accept-Encoding: ['gzip, deflate']
      CommandName: [sql failover-group set-primary]
      Connection: [keep-alive]
      User-Agent: [python/3.6.3 (Windows-10-10.0.17134-SP0) requests/2.19.1 msrest/0.5.4
          msrest_azure/0.4.34 azure-mgmt-sql/0.9.1 Azure-SDK-For-Python AZURECLI/2.0.44]
    method: GET
    uri: https://management.azure.com/subscriptions/00000000-0000-0000-0000-000000000000/providers/Microsoft.Sql/locations/eastus/failoverGroupAzureAsyncOperation/0caf0382-e514-4e62-8ab1-e10a162eea87?api-version=2015-05-01-preview
  response:
    body: {string: '{"name":"0caf0382-e514-4e62-8ab1-e10a162eea87","status":"InProgress","startTime":"2018-08-02T23:47:35.123Z"}'}
    headers:
      cache-control: [no-cache]
      content-length: ['108']
      content-type: [application/json; charset=utf-8]
      date: ['Thu, 02 Aug 2018 23:47:44 GMT']
      expires: ['-1']
      pragma: [no-cache]
      server: [Microsoft-HTTPAPI/2.0]
      strict-transport-security: [max-age=31536000; includeSubDomains]
      transfer-encoding: [chunked]
      vary: [Accept-Encoding]
      x-content-type-options: [nosniff]
    status: {code: 200, message: OK}
- request:
    body: null
    headers:
      Accept: [application/json]
      Accept-Encoding: ['gzip, deflate']
      CommandName: [sql failover-group set-primary]
      Connection: [keep-alive]
      User-Agent: [python/3.6.3 (Windows-10-10.0.17134-SP0) requests/2.19.1 msrest/0.5.4
          msrest_azure/0.4.34 azure-mgmt-sql/0.9.1 Azure-SDK-For-Python AZURECLI/2.0.44]
    method: GET
    uri: https://management.azure.com/subscriptions/00000000-0000-0000-0000-000000000000/providers/Microsoft.Sql/locations/eastus/failoverGroupAzureAsyncOperation/0caf0382-e514-4e62-8ab1-e10a162eea87?api-version=2015-05-01-preview
  response:
    body: {string: '{"name":"0caf0382-e514-4e62-8ab1-e10a162eea87","status":"InProgress","startTime":"2018-08-02T23:47:35.123Z"}'}
    headers:
      cache-control: [no-cache]
      content-length: ['108']
      content-type: [application/json; charset=utf-8]
      date: ['Thu, 02 Aug 2018 23:47:55 GMT']
      expires: ['-1']
      pragma: [no-cache]
      server: [Microsoft-HTTPAPI/2.0]
      strict-transport-security: [max-age=31536000; includeSubDomains]
      transfer-encoding: [chunked]
      vary: [Accept-Encoding]
      x-content-type-options: [nosniff]
    status: {code: 200, message: OK}
- request:
    body: null
    headers:
      Accept: [application/json]
      Accept-Encoding: ['gzip, deflate']
      CommandName: [sql failover-group set-primary]
      Connection: [keep-alive]
      User-Agent: [python/3.6.3 (Windows-10-10.0.17134-SP0) requests/2.19.1 msrest/0.5.4
          msrest_azure/0.4.34 azure-mgmt-sql/0.9.1 Azure-SDK-For-Python AZURECLI/2.0.44]
    method: GET
    uri: https://management.azure.com/subscriptions/00000000-0000-0000-0000-000000000000/providers/Microsoft.Sql/locations/eastus/failoverGroupAzureAsyncOperation/0caf0382-e514-4e62-8ab1-e10a162eea87?api-version=2015-05-01-preview
  response:
    body: {string: '{"name":"0caf0382-e514-4e62-8ab1-e10a162eea87","status":"InProgress","startTime":"2018-08-02T23:47:35.123Z"}'}
    headers:
      cache-control: [no-cache]
      content-length: ['108']
      content-type: [application/json; charset=utf-8]
      date: ['Thu, 02 Aug 2018 23:48:06 GMT']
      expires: ['-1']
      pragma: [no-cache]
      server: [Microsoft-HTTPAPI/2.0]
      strict-transport-security: [max-age=31536000; includeSubDomains]
      transfer-encoding: [chunked]
      vary: [Accept-Encoding]
      x-content-type-options: [nosniff]
    status: {code: 200, message: OK}
- request:
    body: null
    headers:
      Accept: [application/json]
      Accept-Encoding: ['gzip, deflate']
      CommandName: [sql failover-group set-primary]
      Connection: [keep-alive]
      User-Agent: [python/3.6.3 (Windows-10-10.0.17134-SP0) requests/2.19.1 msrest/0.5.4
          msrest_azure/0.4.34 azure-mgmt-sql/0.9.1 Azure-SDK-For-Python AZURECLI/2.0.44]
    method: GET
    uri: https://management.azure.com/subscriptions/00000000-0000-0000-0000-000000000000/providers/Microsoft.Sql/locations/eastus/failoverGroupAzureAsyncOperation/0caf0382-e514-4e62-8ab1-e10a162eea87?api-version=2015-05-01-preview
  response:
    body: {string: '{"name":"0caf0382-e514-4e62-8ab1-e10a162eea87","status":"InProgress","startTime":"2018-08-02T23:47:35.123Z"}'}
    headers:
      cache-control: [no-cache]
      content-length: ['108']
      content-type: [application/json; charset=utf-8]
      date: ['Thu, 02 Aug 2018 23:48:16 GMT']
      expires: ['-1']
      pragma: [no-cache]
      server: [Microsoft-HTTPAPI/2.0]
      strict-transport-security: [max-age=31536000; includeSubDomains]
      transfer-encoding: [chunked]
      vary: [Accept-Encoding]
      x-content-type-options: [nosniff]
    status: {code: 200, message: OK}
- request:
    body: null
    headers:
      Accept: [application/json]
      Accept-Encoding: ['gzip, deflate']
      CommandName: [sql failover-group set-primary]
      Connection: [keep-alive]
      User-Agent: [python/3.6.3 (Windows-10-10.0.17134-SP0) requests/2.19.1 msrest/0.5.4
          msrest_azure/0.4.34 azure-mgmt-sql/0.9.1 Azure-SDK-For-Python AZURECLI/2.0.44]
    method: GET
    uri: https://management.azure.com/subscriptions/00000000-0000-0000-0000-000000000000/providers/Microsoft.Sql/locations/eastus/failoverGroupAzureAsyncOperation/0caf0382-e514-4e62-8ab1-e10a162eea87?api-version=2015-05-01-preview
  response:
    body: {string: '{"name":"0caf0382-e514-4e62-8ab1-e10a162eea87","status":"Succeeded","startTime":"2018-08-02T23:47:35.123Z"}'}
    headers:
      cache-control: [no-cache]
      content-length: ['107']
      content-type: [application/json; charset=utf-8]
      date: ['Thu, 02 Aug 2018 23:48:26 GMT']
      expires: ['-1']
      pragma: [no-cache]
      server: [Microsoft-HTTPAPI/2.0]
      strict-transport-security: [max-age=31536000; includeSubDomains]
      transfer-encoding: [chunked]
      vary: [Accept-Encoding]
      x-content-type-options: [nosniff]
    status: {code: 200, message: OK}
- request:
    body: null
    headers:
      Accept: [application/json]
      Accept-Encoding: ['gzip, deflate']
      CommandName: [sql failover-group show]
      Connection: [keep-alive]
      Content-Type: [application/json; charset=utf-8]
      User-Agent: [python/3.6.3 (Windows-10-10.0.17134-SP0) requests/2.19.1 msrest/0.5.4
          msrest_azure/0.4.34 azure-mgmt-sql/0.9.1 Azure-SDK-For-Python AZURECLI/2.0.44]
      accept-language: [en-US]
    method: GET
    uri: https://management.azure.com/subscriptions/00000000-0000-0000-0000-000000000000/resourceGroups/clitest.rg000002/providers/Microsoft.Sql/servers/clitestserver000004/failoverGroups/fgclitest1069?api-version=2015-05-01-preview
  response:
    body: {string: '{"location":"East US","properties":{"readWriteEndpoint":{"failoverPolicy":"Automatic","failoverWithDataLossGracePeriodMinutes":180},"readOnlyEndpoint":{"failoverPolicy":"Disabled"},"replicationRole":"Primary","replicationState":"CATCH_UP","partnerServers":[{"id":"/subscriptions/00000000-0000-0000-0000-000000000000/resourceGroups/clitest.rg000001/providers/Microsoft.Sql/servers/clitestserver000003","location":"West
        US","replicationRole":"Secondary"}],"databases":["/subscriptions/00000000-0000-0000-0000-000000000000/resourceGroups/clitest.rg000002/providers/Microsoft.Sql/servers/clitestserver000004/databases/db1"]},"id":"/subscriptions/00000000-0000-0000-0000-000000000000/resourceGroups/clitest.rg000002/providers/Microsoft.Sql/servers/clitestserver000004/failoverGroups/fgclitest1069","name":"fgclitest1069","type":"Microsoft.Sql/servers/failoverGroups"}'}
    headers:
      cache-control: [no-cache]
      content-length: ['1171']
      content-type: [application/json; charset=utf-8]
      date: ['Thu, 02 Aug 2018 23:48:58 GMT']
      expires: ['-1']
      pragma: [no-cache]
      server: [Microsoft-HTTPAPI/2.0]
      strict-transport-security: [max-age=31536000; includeSubDomains]
      transfer-encoding: [chunked]
      vary: [Accept-Encoding]
      x-content-type-options: [nosniff]
    status: {code: 200, message: OK}
- request:
    body: null
    headers:
      Accept: [application/json]
      Accept-Encoding: ['gzip, deflate']
      CommandName: [sql failover-group show]
      Connection: [keep-alive]
      Content-Type: [application/json; charset=utf-8]
      User-Agent: [python/3.6.3 (Windows-10-10.0.17134-SP0) requests/2.19.1 msrest/0.5.4
          msrest_azure/0.4.34 azure-mgmt-sql/0.9.1 Azure-SDK-For-Python AZURECLI/2.0.44]
      accept-language: [en-US]
    method: GET
    uri: https://management.azure.com/subscriptions/00000000-0000-0000-0000-000000000000/resourceGroups/clitest.rg000001/providers/Microsoft.Sql/servers/clitestserver000003/failoverGroups/fgclitest1069?api-version=2015-05-01-preview
  response:
    body: {string: '{"location":"West US","properties":{"readWriteEndpoint":{"failoverPolicy":"Automatic","failoverWithDataLossGracePeriodMinutes":180},"readOnlyEndpoint":{"failoverPolicy":"Disabled"},"replicationRole":"Secondary","replicationState":"CATCH_UP","partnerServers":[{"id":"/subscriptions/00000000-0000-0000-0000-000000000000/resourceGroups/clitest.rg000002/providers/Microsoft.Sql/servers/clitestserver000004","location":"East
        US","replicationRole":"Primary"}],"databases":["/subscriptions/00000000-0000-0000-0000-000000000000/resourceGroups/clitest.rg000001/providers/Microsoft.Sql/servers/clitestserver000003/databases/db1"]},"id":"/subscriptions/00000000-0000-0000-0000-000000000000/resourceGroups/clitest.rg000001/providers/Microsoft.Sql/servers/clitestserver000003/failoverGroups/fgclitest1069","name":"fgclitest1069","type":"Microsoft.Sql/servers/failoverGroups"}'}
    headers:
      cache-control: [no-cache]
      content-length: ['1171']
      content-type: [application/json; charset=utf-8]
      date: ['Thu, 02 Aug 2018 23:48:58 GMT']
      expires: ['-1']
      pragma: [no-cache]
      server: [Microsoft-HTTPAPI/2.0]
      strict-transport-security: [max-age=31536000; includeSubDomains]
      transfer-encoding: [chunked]
      vary: [Accept-Encoding]
      x-content-type-options: [nosniff]
    status: {code: 200, message: OK}
- request:
    body: null
    headers:
      Accept: [application/json]
      Accept-Encoding: ['gzip, deflate']
      CommandName: [sql failover-group set-primary]
      Connection: [keep-alive]
      Content-Type: [application/json; charset=utf-8]
      User-Agent: [python/3.6.3 (Windows-10-10.0.17134-SP0) requests/2.19.1 msrest/0.5.4
          msrest_azure/0.4.34 azure-mgmt-sql/0.9.1 Azure-SDK-For-Python AZURECLI/2.0.44]
      accept-language: [en-US]
    method: GET
    uri: https://management.azure.com/subscriptions/00000000-0000-0000-0000-000000000000/resourceGroups/clitest.rg000001/providers/Microsoft.Sql/servers/clitestserver000003/failoverGroups/fgclitest1069?api-version=2015-05-01-preview
  response:
    body: {string: '{"location":"West US","properties":{"readWriteEndpoint":{"failoverPolicy":"Automatic","failoverWithDataLossGracePeriodMinutes":180},"readOnlyEndpoint":{"failoverPolicy":"Disabled"},"replicationRole":"Secondary","replicationState":"CATCH_UP","partnerServers":[{"id":"/subscriptions/00000000-0000-0000-0000-000000000000/resourceGroups/clitest.rg000002/providers/Microsoft.Sql/servers/clitestserver000004","location":"East
        US","replicationRole":"Primary"}],"databases":["/subscriptions/00000000-0000-0000-0000-000000000000/resourceGroups/clitest.rg000001/providers/Microsoft.Sql/servers/clitestserver000003/databases/db1"]},"id":"/subscriptions/00000000-0000-0000-0000-000000000000/resourceGroups/clitest.rg000001/providers/Microsoft.Sql/servers/clitestserver000003/failoverGroups/fgclitest1069","name":"fgclitest1069","type":"Microsoft.Sql/servers/failoverGroups"}'}
    headers:
      cache-control: [no-cache]
      content-length: ['1171']
      content-type: [application/json; charset=utf-8]
      date: ['Thu, 02 Aug 2018 23:48:58 GMT']
      expires: ['-1']
      pragma: [no-cache]
      server: [Microsoft-HTTPAPI/2.0]
      strict-transport-security: [max-age=31536000; includeSubDomains]
      transfer-encoding: [chunked]
      vary: [Accept-Encoding]
      x-content-type-options: [nosniff]
    status: {code: 200, message: OK}
- request:
    body: null
    headers:
      Accept: [application/json]
      Accept-Encoding: ['gzip, deflate']
      CommandName: [sql failover-group set-primary]
      Connection: [keep-alive]
      Content-Length: ['0']
      Content-Type: [application/json; charset=utf-8]
      User-Agent: [python/3.6.3 (Windows-10-10.0.17134-SP0) requests/2.19.1 msrest/0.5.4
          msrest_azure/0.4.34 azure-mgmt-sql/0.9.1 Azure-SDK-For-Python AZURECLI/2.0.44]
      accept-language: [en-US]
    method: POST
    uri: https://management.azure.com/subscriptions/00000000-0000-0000-0000-000000000000/resourceGroups/clitest.rg000001/providers/Microsoft.Sql/servers/clitestserver000003/failoverGroups/fgclitest1069/failover?api-version=2015-05-01-preview
  response:
    body: {string: '{"operation":"FailoverFailoverGroup","startTime":"2018-08-02T23:49:00.053Z"}'}
    headers:
      azure-asyncoperation: ['https://management.azure.com/subscriptions/00000000-0000-0000-0000-000000000000/providers/Microsoft.Sql/locations/westus/failoverGroupAzureAsyncOperation/d3ba358a-cfb0-4025-9176-d0ec72acbbae?api-version=2015-05-01-preview']
      cache-control: [no-cache]
      content-length: ['76']
      content-type: [application/json; charset=utf-8]
      date: ['Thu, 02 Aug 2018 23:48:59 GMT']
      expires: ['-1']
      location: ['https://management.azure.com/subscriptions/00000000-0000-0000-0000-000000000000/providers/Microsoft.Sql/locations/westus/failoverGroupOperationResults/d3ba358a-cfb0-4025-9176-d0ec72acbbae?api-version=2015-05-01-preview']
      pragma: [no-cache]
      server: [Microsoft-HTTPAPI/2.0]
      strict-transport-security: [max-age=31536000; includeSubDomains]
      x-content-type-options: [nosniff]
      x-ms-ratelimit-remaining-subscription-writes: ['1199']
    status: {code: 202, message: Accepted}
- request:
    body: null
    headers:
      Accept: [application/json]
      Accept-Encoding: ['gzip, deflate']
      CommandName: [sql failover-group set-primary]
      Connection: [keep-alive]
      User-Agent: [python/3.6.3 (Windows-10-10.0.17134-SP0) requests/2.19.1 msrest/0.5.4
          msrest_azure/0.4.34 azure-mgmt-sql/0.9.1 Azure-SDK-For-Python AZURECLI/2.0.44]
    method: GET
    uri: https://management.azure.com/subscriptions/00000000-0000-0000-0000-000000000000/providers/Microsoft.Sql/locations/westus/failoverGroupAzureAsyncOperation/d3ba358a-cfb0-4025-9176-d0ec72acbbae?api-version=2015-05-01-preview
  response:
    body: {string: '{"name":"d3ba358a-cfb0-4025-9176-d0ec72acbbae","status":"InProgress","startTime":"2018-08-02T23:49:00.053Z"}'}
    headers:
      cache-control: [no-cache]
      content-length: ['108']
      content-type: [application/json; charset=utf-8]
      date: ['Thu, 02 Aug 2018 23:49:10 GMT']
      expires: ['-1']
      pragma: [no-cache]
      server: [Microsoft-HTTPAPI/2.0]
      strict-transport-security: [max-age=31536000; includeSubDomains]
      transfer-encoding: [chunked]
      vary: [Accept-Encoding]
      x-content-type-options: [nosniff]
    status: {code: 200, message: OK}
- request:
    body: null
    headers:
      Accept: [application/json]
      Accept-Encoding: ['gzip, deflate']
      CommandName: [sql failover-group set-primary]
      Connection: [keep-alive]
      User-Agent: [python/3.6.3 (Windows-10-10.0.17134-SP0) requests/2.19.1 msrest/0.5.4
          msrest_azure/0.4.34 azure-mgmt-sql/0.9.1 Azure-SDK-For-Python AZURECLI/2.0.44]
    method: GET
    uri: https://management.azure.com/subscriptions/00000000-0000-0000-0000-000000000000/providers/Microsoft.Sql/locations/westus/failoverGroupAzureAsyncOperation/d3ba358a-cfb0-4025-9176-d0ec72acbbae?api-version=2015-05-01-preview
  response:
    body: {string: '{"name":"d3ba358a-cfb0-4025-9176-d0ec72acbbae","status":"InProgress","startTime":"2018-08-02T23:49:00.053Z"}'}
    headers:
      cache-control: [no-cache]
      content-length: ['108']
      content-type: [application/json; charset=utf-8]
      date: ['Thu, 02 Aug 2018 23:49:20 GMT']
      expires: ['-1']
      pragma: [no-cache]
      server: [Microsoft-HTTPAPI/2.0]
      strict-transport-security: [max-age=31536000; includeSubDomains]
      transfer-encoding: [chunked]
      vary: [Accept-Encoding]
      x-content-type-options: [nosniff]
    status: {code: 200, message: OK}
- request:
    body: null
    headers:
      Accept: [application/json]
      Accept-Encoding: ['gzip, deflate']
      CommandName: [sql failover-group set-primary]
      Connection: [keep-alive]
      User-Agent: [python/3.6.3 (Windows-10-10.0.17134-SP0) requests/2.19.1 msrest/0.5.4
          msrest_azure/0.4.34 azure-mgmt-sql/0.9.1 Azure-SDK-For-Python AZURECLI/2.0.44]
    method: GET
    uri: https://management.azure.com/subscriptions/00000000-0000-0000-0000-000000000000/providers/Microsoft.Sql/locations/westus/failoverGroupAzureAsyncOperation/d3ba358a-cfb0-4025-9176-d0ec72acbbae?api-version=2015-05-01-preview
  response:
    body: {string: '{"name":"d3ba358a-cfb0-4025-9176-d0ec72acbbae","status":"InProgress","startTime":"2018-08-02T23:49:00.053Z"}'}
    headers:
      cache-control: [no-cache]
      content-length: ['108']
      content-type: [application/json; charset=utf-8]
      date: ['Thu, 02 Aug 2018 23:49:30 GMT']
      expires: ['-1']
      pragma: [no-cache]
      server: [Microsoft-HTTPAPI/2.0]
      strict-transport-security: [max-age=31536000; includeSubDomains]
      transfer-encoding: [chunked]
      vary: [Accept-Encoding]
      x-content-type-options: [nosniff]
    status: {code: 200, message: OK}
- request:
    body: null
    headers:
      Accept: [application/json]
      Accept-Encoding: ['gzip, deflate']
      CommandName: [sql failover-group set-primary]
      Connection: [keep-alive]
      User-Agent: [python/3.6.3 (Windows-10-10.0.17134-SP0) requests/2.19.1 msrest/0.5.4
          msrest_azure/0.4.34 azure-mgmt-sql/0.9.1 Azure-SDK-For-Python AZURECLI/2.0.44]
    method: GET
    uri: https://management.azure.com/subscriptions/00000000-0000-0000-0000-000000000000/providers/Microsoft.Sql/locations/westus/failoverGroupAzureAsyncOperation/d3ba358a-cfb0-4025-9176-d0ec72acbbae?api-version=2015-05-01-preview
  response:
    body: {string: '{"name":"d3ba358a-cfb0-4025-9176-d0ec72acbbae","status":"InProgress","startTime":"2018-08-02T23:49:00.053Z"}'}
    headers:
      cache-control: [no-cache]
      content-length: ['108']
      content-type: [application/json; charset=utf-8]
      date: ['Thu, 02 Aug 2018 23:49:40 GMT']
      expires: ['-1']
      pragma: [no-cache]
      server: [Microsoft-HTTPAPI/2.0]
      strict-transport-security: [max-age=31536000; includeSubDomains]
      transfer-encoding: [chunked]
      vary: [Accept-Encoding]
      x-content-type-options: [nosniff]
    status: {code: 200, message: OK}
- request:
    body: null
    headers:
      Accept: [application/json]
      Accept-Encoding: ['gzip, deflate']
      CommandName: [sql failover-group set-primary]
      Connection: [keep-alive]
      User-Agent: [python/3.6.3 (Windows-10-10.0.17134-SP0) requests/2.19.1 msrest/0.5.4
          msrest_azure/0.4.34 azure-mgmt-sql/0.9.1 Azure-SDK-For-Python AZURECLI/2.0.44]
    method: GET
    uri: https://management.azure.com/subscriptions/00000000-0000-0000-0000-000000000000/providers/Microsoft.Sql/locations/westus/failoverGroupAzureAsyncOperation/d3ba358a-cfb0-4025-9176-d0ec72acbbae?api-version=2015-05-01-preview
  response:
    body: {string: '{"name":"d3ba358a-cfb0-4025-9176-d0ec72acbbae","status":"Succeeded","startTime":"2018-08-02T23:49:00.053Z"}'}
    headers:
      cache-control: [no-cache]
      content-length: ['107']
      content-type: [application/json; charset=utf-8]
      date: ['Thu, 02 Aug 2018 23:49:51 GMT']
      expires: ['-1']
      pragma: [no-cache]
      server: [Microsoft-HTTPAPI/2.0]
      strict-transport-security: [max-age=31536000; includeSubDomains]
      transfer-encoding: [chunked]
      vary: [Accept-Encoding]
      x-content-type-options: [nosniff]
    status: {code: 200, message: OK}
- request:
    body: null
    headers:
      Accept: [application/json]
      Accept-Encoding: ['gzip, deflate']
      CommandName: [sql failover-group show]
      Connection: [keep-alive]
      Content-Type: [application/json; charset=utf-8]
      User-Agent: [python/3.6.3 (Windows-10-10.0.17134-SP0) requests/2.19.1 msrest/0.5.4
          msrest_azure/0.4.34 azure-mgmt-sql/0.9.1 Azure-SDK-For-Python AZURECLI/2.0.44]
      accept-language: [en-US]
    method: GET
    uri: https://management.azure.com/subscriptions/00000000-0000-0000-0000-000000000000/resourceGroups/clitest.rg000002/providers/Microsoft.Sql/servers/clitestserver000004/failoverGroups/fgclitest1069?api-version=2015-05-01-preview
  response:
    body: {string: '{"location":"East US","properties":{"readWriteEndpoint":{"failoverPolicy":"Automatic","failoverWithDataLossGracePeriodMinutes":180},"readOnlyEndpoint":{"failoverPolicy":"Disabled"},"replicationRole":"Secondary","replicationState":"CATCH_UP","partnerServers":[{"id":"/subscriptions/00000000-0000-0000-0000-000000000000/resourceGroups/clitest.rg000001/providers/Microsoft.Sql/servers/clitestserver000003","location":"West
        US","replicationRole":"Primary"}],"databases":["/subscriptions/00000000-0000-0000-0000-000000000000/resourceGroups/clitest.rg000002/providers/Microsoft.Sql/servers/clitestserver000004/databases/db1"]},"id":"/subscriptions/00000000-0000-0000-0000-000000000000/resourceGroups/clitest.rg000002/providers/Microsoft.Sql/servers/clitestserver000004/failoverGroups/fgclitest1069","name":"fgclitest1069","type":"Microsoft.Sql/servers/failoverGroups"}'}
    headers:
      cache-control: [no-cache]
      content-length: ['1171']
      content-type: [application/json; charset=utf-8]
      date: ['Thu, 02 Aug 2018 23:50:23 GMT']
      expires: ['-1']
      pragma: [no-cache]
      server: [Microsoft-HTTPAPI/2.0]
      strict-transport-security: [max-age=31536000; includeSubDomains]
      transfer-encoding: [chunked]
      vary: [Accept-Encoding]
      x-content-type-options: [nosniff]
    status: {code: 200, message: OK}
- request:
    body: null
    headers:
      Accept: [application/json]
      Accept-Encoding: ['gzip, deflate']
      CommandName: [sql failover-group show]
      Connection: [keep-alive]
      Content-Type: [application/json; charset=utf-8]
      User-Agent: [python/3.6.3 (Windows-10-10.0.17134-SP0) requests/2.19.1 msrest/0.5.4
          msrest_azure/0.4.34 azure-mgmt-sql/0.9.1 Azure-SDK-For-Python AZURECLI/2.0.44]
      accept-language: [en-US]
    method: GET
    uri: https://management.azure.com/subscriptions/00000000-0000-0000-0000-000000000000/resourceGroups/clitest.rg000001/providers/Microsoft.Sql/servers/clitestserver000003/failoverGroups/fgclitest1069?api-version=2015-05-01-preview
  response:
    body: {string: '{"location":"West US","properties":{"readWriteEndpoint":{"failoverPolicy":"Automatic","failoverWithDataLossGracePeriodMinutes":180},"readOnlyEndpoint":{"failoverPolicy":"Disabled"},"replicationRole":"Primary","replicationState":"CATCH_UP","partnerServers":[{"id":"/subscriptions/00000000-0000-0000-0000-000000000000/resourceGroups/clitest.rg000002/providers/Microsoft.Sql/servers/clitestserver000004","location":"East
        US","replicationRole":"Secondary"}],"databases":["/subscriptions/00000000-0000-0000-0000-000000000000/resourceGroups/clitest.rg000001/providers/Microsoft.Sql/servers/clitestserver000003/databases/db1"]},"id":"/subscriptions/00000000-0000-0000-0000-000000000000/resourceGroups/clitest.rg000001/providers/Microsoft.Sql/servers/clitestserver000003/failoverGroups/fgclitest1069","name":"fgclitest1069","type":"Microsoft.Sql/servers/failoverGroups"}'}
    headers:
      cache-control: [no-cache]
      content-length: ['1171']
      content-type: [application/json; charset=utf-8]
      date: ['Thu, 02 Aug 2018 23:50:23 GMT']
      expires: ['-1']
      pragma: [no-cache]
      server: [Microsoft-HTTPAPI/2.0]
      strict-transport-security: [max-age=31536000; includeSubDomains]
      transfer-encoding: [chunked]
      vary: [Accept-Encoding]
      x-content-type-options: [nosniff]
    status: {code: 200, message: OK}
- request:
    body: null
    headers:
      Accept: [application/json]
      Accept-Encoding: ['gzip, deflate']
      CommandName: [sql failover-group update]
      Connection: [keep-alive]
      Content-Type: [application/json; charset=utf-8]
      User-Agent: [python/3.6.3 (Windows-10-10.0.17134-SP0) requests/2.19.1 msrest/0.5.4
          msrest_azure/0.4.34 azure-mgmt-sql/0.9.1 Azure-SDK-For-Python AZURECLI/2.0.44]
      accept-language: [en-US]
    method: GET
    uri: https://management.azure.com/subscriptions/00000000-0000-0000-0000-000000000000/resourceGroups/clitest.rg000001/providers/Microsoft.Sql/servers/clitestserver000003/failoverGroups/fgclitest1069?api-version=2015-05-01-preview
  response:
    body: {string: '{"location":"West US","properties":{"readWriteEndpoint":{"failoverPolicy":"Automatic","failoverWithDataLossGracePeriodMinutes":180},"readOnlyEndpoint":{"failoverPolicy":"Disabled"},"replicationRole":"Primary","replicationState":"CATCH_UP","partnerServers":[{"id":"/subscriptions/00000000-0000-0000-0000-000000000000/resourceGroups/clitest.rg000002/providers/Microsoft.Sql/servers/clitestserver000004","location":"East
        US","replicationRole":"Secondary"}],"databases":["/subscriptions/00000000-0000-0000-0000-000000000000/resourceGroups/clitest.rg000001/providers/Microsoft.Sql/servers/clitestserver000003/databases/db1"]},"id":"/subscriptions/00000000-0000-0000-0000-000000000000/resourceGroups/clitest.rg000001/providers/Microsoft.Sql/servers/clitestserver000003/failoverGroups/fgclitest1069","name":"fgclitest1069","type":"Microsoft.Sql/servers/failoverGroups"}'}
    headers:
      cache-control: [no-cache]
      content-length: ['1171']
      content-type: [application/json; charset=utf-8]
      date: ['Thu, 02 Aug 2018 23:50:23 GMT']
      expires: ['-1']
      pragma: [no-cache]
      server: [Microsoft-HTTPAPI/2.0]
      strict-transport-security: [max-age=31536000; includeSubDomains]
      transfer-encoding: [chunked]
      vary: [Accept-Encoding]
      x-content-type-options: [nosniff]
    status: {code: 200, message: OK}
- request:
    body: 'b''b\''{"properties": {"readWriteEndpoint": {"failoverPolicy": "Automatic",
      "failoverWithDataLossGracePeriodMinutes": 180}, "readOnlyEndpoint": {"failoverPolicy":
      "Disabled"}, "partnerServers": [{"id": "/subscriptions/00000000-0000-0000-0000-000000000000/resourceGroups/clitest.rg000002/providers/Microsoft.Sql/servers/clitestserver000004"}],
      "databases": []}}\'''''
    headers:
      Accept: [application/json]
      Accept-Encoding: ['gzip, deflate']
      CommandName: [sql failover-group update]
      Connection: [keep-alive]
      Content-Length: ['456']
      Content-Type: [application/json; charset=utf-8]
      User-Agent: [python/3.6.3 (Windows-10-10.0.17134-SP0) requests/2.19.1 msrest/0.5.4
          msrest_azure/0.4.34 azure-mgmt-sql/0.9.1 Azure-SDK-For-Python AZURECLI/2.0.44]
      accept-language: [en-US]
    method: PUT
    uri: https://management.azure.com/subscriptions/00000000-0000-0000-0000-000000000000/resourceGroups/clitest.rg000001/providers/Microsoft.Sql/servers/clitestserver000003/failoverGroups/fgclitest1069?api-version=2015-05-01-preview
  response:
    body: {string: '{"operation":"UpdateFailoverGroup","startTime":"2018-08-02T23:50:25.303Z"}'}
    headers:
      azure-asyncoperation: ['https://management.azure.com/subscriptions/00000000-0000-0000-0000-000000000000/providers/Microsoft.Sql/locations/westus/failoverGroupAzureAsyncOperation/591662ea-90bf-4267-b317-59a160797fdd?api-version=2015-05-01-preview']
      cache-control: [no-cache]
      content-length: ['74']
      content-type: [application/json; charset=utf-8]
      date: ['Thu, 02 Aug 2018 23:50:26 GMT']
      expires: ['-1']
      location: ['https://management.azure.com/subscriptions/00000000-0000-0000-0000-000000000000/providers/Microsoft.Sql/locations/westus/failoverGroupOperationResults/591662ea-90bf-4267-b317-59a160797fdd?api-version=2015-05-01-preview']
      pragma: [no-cache]
      server: [Microsoft-HTTPAPI/2.0]
      strict-transport-security: [max-age=31536000; includeSubDomains]
      x-content-type-options: [nosniff]
      x-ms-ratelimit-remaining-subscription-writes: ['1199']
    status: {code: 202, message: Accepted}
- request:
    body: null
    headers:
      Accept: [application/json]
      Accept-Encoding: ['gzip, deflate']
      CommandName: [sql failover-group update]
      Connection: [keep-alive]
      User-Agent: [python/3.6.3 (Windows-10-10.0.17134-SP0) requests/2.19.1 msrest/0.5.4
          msrest_azure/0.4.34 azure-mgmt-sql/0.9.1 Azure-SDK-For-Python AZURECLI/2.0.44]
    method: GET
    uri: https://management.azure.com/subscriptions/00000000-0000-0000-0000-000000000000/providers/Microsoft.Sql/locations/westus/failoverGroupAzureAsyncOperation/591662ea-90bf-4267-b317-59a160797fdd?api-version=2015-05-01-preview
  response:
    body: {string: '{"name":"591662ea-90bf-4267-b317-59a160797fdd","status":"InProgress","startTime":"2018-08-02T23:50:25.303Z"}'}
    headers:
      cache-control: [no-cache]
      content-length: ['108']
      content-type: [application/json; charset=utf-8]
      date: ['Thu, 02 Aug 2018 23:50:35 GMT']
      expires: ['-1']
      pragma: [no-cache]
      server: [Microsoft-HTTPAPI/2.0]
      strict-transport-security: [max-age=31536000; includeSubDomains]
      transfer-encoding: [chunked]
      vary: [Accept-Encoding]
      x-content-type-options: [nosniff]
    status: {code: 200, message: OK}
- request:
    body: null
    headers:
      Accept: [application/json]
      Accept-Encoding: ['gzip, deflate']
      CommandName: [sql failover-group update]
      Connection: [keep-alive]
      User-Agent: [python/3.6.3 (Windows-10-10.0.17134-SP0) requests/2.19.1 msrest/0.5.4
          msrest_azure/0.4.34 azure-mgmt-sql/0.9.1 Azure-SDK-For-Python AZURECLI/2.0.44]
    method: GET
    uri: https://management.azure.com/subscriptions/00000000-0000-0000-0000-000000000000/providers/Microsoft.Sql/locations/westus/failoverGroupAzureAsyncOperation/591662ea-90bf-4267-b317-59a160797fdd?api-version=2015-05-01-preview
  response:
    body: {string: '{"name":"591662ea-90bf-4267-b317-59a160797fdd","status":"InProgress","startTime":"2018-08-02T23:50:25.303Z"}'}
    headers:
      cache-control: [no-cache]
      content-length: ['108']
      content-type: [application/json; charset=utf-8]
      date: ['Thu, 02 Aug 2018 23:50:46 GMT']
      expires: ['-1']
      pragma: [no-cache]
      server: [Microsoft-HTTPAPI/2.0]
      strict-transport-security: [max-age=31536000; includeSubDomains]
      transfer-encoding: [chunked]
      vary: [Accept-Encoding]
      x-content-type-options: [nosniff]
    status: {code: 200, message: OK}
- request:
    body: null
    headers:
      Accept: [application/json]
      Accept-Encoding: ['gzip, deflate']
      CommandName: [sql failover-group update]
      Connection: [keep-alive]
      User-Agent: [python/3.6.3 (Windows-10-10.0.17134-SP0) requests/2.19.1 msrest/0.5.4
          msrest_azure/0.4.34 azure-mgmt-sql/0.9.1 Azure-SDK-For-Python AZURECLI/2.0.44]
    method: GET
    uri: https://management.azure.com/subscriptions/00000000-0000-0000-0000-000000000000/providers/Microsoft.Sql/locations/westus/failoverGroupAzureAsyncOperation/591662ea-90bf-4267-b317-59a160797fdd?api-version=2015-05-01-preview
  response:
    body: {string: '{"name":"591662ea-90bf-4267-b317-59a160797fdd","status":"Succeeded","startTime":"2018-08-02T23:50:25.303Z"}'}
    headers:
      cache-control: [no-cache]
      content-length: ['107']
      content-type: [application/json; charset=utf-8]
      date: ['Thu, 02 Aug 2018 23:50:57 GMT']
      expires: ['-1']
      pragma: [no-cache]
      server: [Microsoft-HTTPAPI/2.0]
      strict-transport-security: [max-age=31536000; includeSubDomains]
      transfer-encoding: [chunked]
      vary: [Accept-Encoding]
      x-content-type-options: [nosniff]
    status: {code: 200, message: OK}
- request:
    body: null
    headers:
      Accept: [application/json]
      Accept-Encoding: ['gzip, deflate']
      CommandName: [sql failover-group update]
      Connection: [keep-alive]
      User-Agent: [python/3.6.3 (Windows-10-10.0.17134-SP0) requests/2.19.1 msrest/0.5.4
          msrest_azure/0.4.34 azure-mgmt-sql/0.9.1 Azure-SDK-For-Python AZURECLI/2.0.44]
    method: GET
    uri: https://management.azure.com/subscriptions/00000000-0000-0000-0000-000000000000/resourceGroups/clitest.rg000001/providers/Microsoft.Sql/servers/clitestserver000003/failoverGroups/fgclitest1069?api-version=2015-05-01-preview
  response:
    body: {string: '{"location":"West US","properties":{"readWriteEndpoint":{"failoverPolicy":"Automatic","failoverWithDataLossGracePeriodMinutes":180},"readOnlyEndpoint":{"failoverPolicy":"Disabled"},"replicationRole":"Primary","replicationState":"CATCH_UP","partnerServers":[{"id":"/subscriptions/00000000-0000-0000-0000-000000000000/resourceGroups/clitest.rg000002/providers/Microsoft.Sql/servers/clitestserver000004","location":"East
        US","replicationRole":"Secondary"}],"databases":[]},"id":"/subscriptions/00000000-0000-0000-0000-000000000000/resourceGroups/clitest.rg000001/providers/Microsoft.Sql/servers/clitestserver000003/failoverGroups/fgclitest1069","name":"fgclitest1069","type":"Microsoft.Sql/servers/failoverGroups"}'}
    headers:
      cache-control: [no-cache]
      content-length: ['917']
      content-type: [application/json; charset=utf-8]
      date: ['Thu, 02 Aug 2018 23:50:57 GMT']
      expires: ['-1']
      pragma: [no-cache]
      server: [Microsoft-HTTPAPI/2.0]
      strict-transport-security: [max-age=31536000; includeSubDomains]
      transfer-encoding: [chunked]
      vary: [Accept-Encoding]
      x-content-type-options: [nosniff]
    status: {code: 200, message: OK}
- request:
    body: null
    headers:
      Accept: [application/json]
      Accept-Encoding: ['gzip, deflate']
      CommandName: [sql db show]
      Connection: [keep-alive]
      Content-Type: [application/json; charset=utf-8]
      User-Agent: [python/3.6.3 (Windows-10-10.0.17134-SP0) requests/2.19.1 msrest/0.5.4
          msrest_azure/0.4.34 azure-mgmt-sql/0.9.1 Azure-SDK-For-Python AZURECLI/2.0.44]
      accept-language: [en-US]
    method: GET
    uri: https://management.azure.com/subscriptions/00000000-0000-0000-0000-000000000000/resourceGroups/clitest.rg000002/providers/Microsoft.Sql/servers/clitestserver000004/databases/db1?api-version=2017-10-01-preview
  response:
    body: {string: '{"sku":{"name":"Standard","tier":"Standard","capacity":10},"kind":"v12.0,user","properties":{"collation":"SQL_Latin1_General_CP1_CI_AS","maxSizeBytes":268435456000,"status":"Online","databaseId":"a627a39f-1b57-4dcb-bbdc-1dc0b4934084","creationDate":"2018-08-02T23:47:18.897Z","currentServiceObjectiveName":"S0","requestedServiceObjectiveName":"S0","defaultSecondaryLocation":"westus","catalogCollation":"SQL_Latin1_General_CP1_CI_AS","zoneRedundant":false,"earliestRestoreDate":"2018-08-03T00:17:18.897Z","readScale":"Disabled","currentSku":{"name":"Standard","tier":"Standard","capacity":10}},"location":"eastus","id":"/subscriptions/00000000-0000-0000-0000-000000000000/resourceGroups/clitest.rg000002/providers/Microsoft.Sql/servers/clitestserver000004/databases/db1","name":"db1","type":"Microsoft.Sql/servers/databases"}'}
    headers:
      cache-control: [no-cache]
      content-length: ['928']
      content-type: [application/json; charset=utf-8]
      date: ['Thu, 02 Aug 2018 23:50:58 GMT']
      expires: ['-1']
      pragma: [no-cache]
      server: [Microsoft-HTTPAPI/2.0]
      strict-transport-security: [max-age=31536000; includeSubDomains]
      transfer-encoding: [chunked]
      vary: [Accept-Encoding]
      x-content-type-options: [nosniff]
    status: {code: 200, message: OK}
- request:
    body: null
    headers:
      Accept: [application/json]
      Accept-Encoding: ['gzip, deflate']
      CommandName: [sql failover-group delete]
      Connection: [keep-alive]
      Content-Length: ['0']
      Content-Type: [application/json; charset=utf-8]
      User-Agent: [python/3.6.3 (Windows-10-10.0.17134-SP0) requests/2.19.1 msrest/0.5.4
          msrest_azure/0.4.34 azure-mgmt-sql/0.9.1 Azure-SDK-For-Python AZURECLI/2.0.44]
      accept-language: [en-US]
    method: DELETE
    uri: https://management.azure.com/subscriptions/00000000-0000-0000-0000-000000000000/resourceGroups/clitest.rg000001/providers/Microsoft.Sql/servers/clitestserver000003/failoverGroups/fgclitest1069?api-version=2015-05-01-preview
  response:
    body: {string: '{"operation":"DropFailoverGroup","startTime":"2018-08-02T23:51:00.037Z"}'}
    headers:
      azure-asyncoperation: ['https://management.azure.com/subscriptions/00000000-0000-0000-0000-000000000000/providers/Microsoft.Sql/locations/westus/failoverGroupAzureAsyncOperation/8a61b318-ac25-413a-8dd1-502776944957?api-version=2015-05-01-preview']
      cache-control: [no-cache]
      content-length: ['72']
      content-type: [application/json; charset=utf-8]
      date: ['Thu, 02 Aug 2018 23:51:01 GMT']
      expires: ['-1']
      location: ['https://management.azure.com/subscriptions/00000000-0000-0000-0000-000000000000/providers/Microsoft.Sql/locations/westus/failoverGroupOperationResults/8a61b318-ac25-413a-8dd1-502776944957?api-version=2015-05-01-preview']
      pragma: [no-cache]
      server: [Microsoft-HTTPAPI/2.0]
      strict-transport-security: [max-age=31536000; includeSubDomains]
      x-content-type-options: [nosniff]
      x-ms-ratelimit-remaining-subscription-deletes: ['14999']
    status: {code: 202, message: Accepted}
- request:
    body: null
    headers:
      Accept: [application/json]
      Accept-Encoding: ['gzip, deflate']
      CommandName: [sql failover-group delete]
      Connection: [keep-alive]
      User-Agent: [python/3.6.3 (Windows-10-10.0.17134-SP0) requests/2.19.1 msrest/0.5.4
          msrest_azure/0.4.34 azure-mgmt-sql/0.9.1 Azure-SDK-For-Python AZURECLI/2.0.44]
    method: GET
    uri: https://management.azure.com/subscriptions/00000000-0000-0000-0000-000000000000/providers/Microsoft.Sql/locations/westus/failoverGroupAzureAsyncOperation/8a61b318-ac25-413a-8dd1-502776944957?api-version=2015-05-01-preview
  response:
    body: {string: '{"name":"8a61b318-ac25-413a-8dd1-502776944957","status":"InProgress","startTime":"2018-08-02T23:51:00.037Z"}'}
    headers:
      cache-control: [no-cache]
      content-length: ['108']
      content-type: [application/json; charset=utf-8]
      date: ['Thu, 02 Aug 2018 23:51:11 GMT']
      expires: ['-1']
      pragma: [no-cache]
      server: [Microsoft-HTTPAPI/2.0]
      strict-transport-security: [max-age=31536000; includeSubDomains]
      transfer-encoding: [chunked]
      vary: [Accept-Encoding]
      x-content-type-options: [nosniff]
    status: {code: 200, message: OK}
- request:
    body: null
    headers:
      Accept: [application/json]
      Accept-Encoding: ['gzip, deflate']
      CommandName: [sql failover-group delete]
      Connection: [keep-alive]
      User-Agent: [python/3.6.3 (Windows-10-10.0.17134-SP0) requests/2.19.1 msrest/0.5.4
          msrest_azure/0.4.34 azure-mgmt-sql/0.9.1 Azure-SDK-For-Python AZURECLI/2.0.44]
    method: GET
    uri: https://management.azure.com/subscriptions/00000000-0000-0000-0000-000000000000/providers/Microsoft.Sql/locations/westus/failoverGroupAzureAsyncOperation/8a61b318-ac25-413a-8dd1-502776944957?api-version=2015-05-01-preview
  response:
    body: {string: '{"name":"8a61b318-ac25-413a-8dd1-502776944957","status":"Succeeded","startTime":"2018-08-02T23:51:00.037Z"}'}
    headers:
      cache-control: [no-cache]
      content-length: ['107']
      content-type: [application/json; charset=utf-8]
      date: ['Thu, 02 Aug 2018 23:51:21 GMT']
      expires: ['-1']
      pragma: [no-cache]
      server: [Microsoft-HTTPAPI/2.0]
      strict-transport-security: [max-age=31536000; includeSubDomains]
      transfer-encoding: [chunked]
      vary: [Accept-Encoding]
      x-content-type-options: [nosniff]
    status: {code: 200, message: OK}
- request:
    body: null
    headers:
      Accept: [application/json]
      Accept-Encoding: ['gzip, deflate']
      CommandName: [sql failover-group list]
      Connection: [keep-alive]
      Content-Type: [application/json; charset=utf-8]
      User-Agent: [python/3.6.3 (Windows-10-10.0.17134-SP0) requests/2.19.1 msrest/0.5.4
          msrest_azure/0.4.34 azure-mgmt-sql/0.9.1 Azure-SDK-For-Python AZURECLI/2.0.44]
      accept-language: [en-US]
    method: GET
    uri: https://management.azure.com/subscriptions/00000000-0000-0000-0000-000000000000/resourceGroups/clitest.rg000001/providers/Microsoft.Sql/servers/clitestserver000003/failoverGroups?api-version=2015-05-01-preview
  response:
    body: {string: '{"value":[]}'}
    headers:
      cache-control: [no-cache]
      content-length: ['12']
      content-type: [application/json; charset=utf-8]
      date: ['Thu, 02 Aug 2018 23:51:22 GMT']
      expires: ['-1']
      pragma: [no-cache]
      server: [Microsoft-HTTPAPI/2.0]
      strict-transport-security: [max-age=31536000; includeSubDomains]
      transfer-encoding: [chunked]
      vary: [Accept-Encoding]
      x-content-type-options: [nosniff]
    status: {code: 200, message: OK}
- request:
    body: null
    headers:
      Accept: [application/json]
      Accept-Encoding: ['gzip, deflate']
      CommandName: [sql failover-group list]
      Connection: [keep-alive]
      Content-Type: [application/json; charset=utf-8]
      User-Agent: [python/3.6.3 (Windows-10-10.0.17134-SP0) requests/2.19.1 msrest/0.5.4
          msrest_azure/0.4.34 azure-mgmt-sql/0.9.1 Azure-SDK-For-Python AZURECLI/2.0.44]
      accept-language: [en-US]
    method: GET
    uri: https://management.azure.com/subscriptions/00000000-0000-0000-0000-000000000000/resourceGroups/clitest.rg000002/providers/Microsoft.Sql/servers/clitestserver000004/failoverGroups?api-version=2015-05-01-preview
  response:
    body: {string: '{"value":[]}'}
    headers:
      cache-control: [no-cache]
      content-length: ['12']
      content-type: [application/json; charset=utf-8]
      date: ['Thu, 02 Aug 2018 23:51:23 GMT']
      expires: ['-1']
      pragma: [no-cache]
      server: [Microsoft-HTTPAPI/2.0]
      strict-transport-security: [max-age=31536000; includeSubDomains]
      transfer-encoding: [chunked]
      vary: [Accept-Encoding]
      x-content-type-options: [nosniff]
    status: {code: 200, message: OK}
- request:
    body: null
    headers:
      Accept: [application/json]
      Accept-Encoding: ['gzip, deflate']
      CommandName: [group delete]
      Connection: [keep-alive]
      Content-Length: ['0']
      Content-Type: [application/json; charset=utf-8]
      User-Agent: [python/3.6.3 (Windows-10-10.0.17134-SP0) requests/2.19.1 msrest/0.5.4
          msrest_azure/0.4.34 resourcemanagementclient/2.0.0 Azure-SDK-For-Python
          AZURECLI/2.0.44]
      accept-language: [en-US]
    method: DELETE
    uri: https://management.azure.com/subscriptions/00000000-0000-0000-0000-000000000000/resourcegroups/clitest.rg000002?api-version=2018-05-01
  response:
    body: {string: ''}
    headers:
      cache-control: [no-cache]
      content-length: ['0']
      date: ['Thu, 02 Aug 2018 23:51:23 GMT']
      expires: ['-1']
      location: ['https://management.azure.com/subscriptions/00000000-0000-0000-0000-000000000000/operationresults/eyJqb2JJZCI6IlJFU09VUkNFR1JPVVBERUxFVElPTkpPQi1DTElURVNUOjJFUkdINVBDQVVBVEZKQ1Q1T1pVS1dLNEw2SjdFTlJESkZaT1gzMnw0NkQyRjg4NTk1REQzN0E1LVdFU1RVUyIsImpvYkxvY2F0aW9uIjoid2VzdHVzIn0?api-version=2018-05-01']
      pragma: [no-cache]
      strict-transport-security: [max-age=31536000; includeSubDomains]
      x-content-type-options: [nosniff]
      x-ms-ratelimit-remaining-subscription-deletes: ['14999']
    status: {code: 202, message: Accepted}
- request:
    body: null
    headers:
      Accept: [application/json]
      Accept-Encoding: ['gzip, deflate']
      CommandName: [group delete]
      Connection: [keep-alive]
      Content-Length: ['0']
      Content-Type: [application/json; charset=utf-8]
      User-Agent: [python/3.6.3 (Windows-10-10.0.17134-SP0) requests/2.19.1 msrest/0.5.4
          msrest_azure/0.4.34 resourcemanagementclient/2.0.0 Azure-SDK-For-Python
          AZURECLI/2.0.44]
      accept-language: [en-US]
    method: DELETE
    uri: https://management.azure.com/subscriptions/00000000-0000-0000-0000-000000000000/resourcegroups/clitest.rg000001?api-version=2018-05-01
  response:
    body: {string: ''}
    headers:
      cache-control: [no-cache]
      content-length: ['0']
      date: ['Thu, 02 Aug 2018 23:51:24 GMT']
      expires: ['-1']
      location: ['https://management.azure.com/subscriptions/00000000-0000-0000-0000-000000000000/operationresults/eyJqb2JJZCI6IlJFU09VUkNFR1JPVVBERUxFVElPTkpPQi1DTElURVNUOjJFUkdZTEJDVTJDQUJKUkRYVlRUQk5FU0pHWVNQNlNUUzRLUUZJTnxGMkYyREMwRkQxM0EyQTkzLVdFU1RVUyIsImpvYkxvY2F0aW9uIjoid2VzdHVzIn0?api-version=2018-05-01']
      pragma: [no-cache]
      strict-transport-security: [max-age=31536000; includeSubDomains]
      x-content-type-options: [nosniff]
      x-ms-ratelimit-remaining-subscription-deletes: ['14999']
    status: {code: 202, message: Accepted}
version: 1
