interactions:
- request:
    body: '{"tags": {"cause": "automation", "product": "azurecli", "date": "2018-04-30T22:57:23Z"},
      "location": "westus"}'
    headers:
      Accept: [application/json]
      Accept-Encoding: ['gzip, deflate']
      CommandName: [group create]
      Connection: [keep-alive]
      Content-Length: ['110']
      Content-Type: [application/json; charset=utf-8]
      User-Agent: [python/3.5.3 (Windows-10-10.0.16299-SP0) requests/2.18.4 msrest/0.4.28
          msrest_azure/0.4.28 resourcemanagementclient/1.2.1 Azure-SDK-For-Python
          AZURECLI/2.0.32]
      accept-language: [en-US]
    method: PUT
    uri: https://management.azure.com/subscriptions/00000000-0000-0000-0000-000000000000/resourcegroups/clitest.rg000001?api-version=2017-05-10
  response:
    body: {string: '{"id":"/subscriptions/00000000-0000-0000-0000-000000000000/resourceGroups/clitest.rg000001","name":"clitest.rg000001","location":"westus","tags":{"cause":"automation","product":"azurecli","date":"2018-04-30T22:57:23Z"},"properties":{"provisioningState":"Succeeded"}}'}
    headers:
      cache-control: [no-cache]
      content-length: ['384']
      content-type: [application/json; charset=utf-8]
      date: ['Mon, 30 Apr 2018 22:57:25 GMT']
      expires: ['-1']
      pragma: [no-cache]
      strict-transport-security: [max-age=31536000; includeSubDomains]
      x-content-type-options: [nosniff]
      x-ms-ratelimit-remaining-subscription-writes: ['1197']
    status: {code: 201, message: Created}
- request:
    body: '{"location": "westus", "properties": {"administratorLogin": "admin123",
      "administratorLoginPassword": "SecretPassword123"}}'
    headers:
      Accept: [application/json]
      Accept-Encoding: ['gzip, deflate']
      CommandName: [sql server create]
      Connection: [keep-alive]
      Content-Length: ['123']
      Content-Type: [application/json; charset=utf-8]
      User-Agent: [python/3.5.3 (Windows-10-10.0.16299-SP0) requests/2.18.4 msrest/0.4.28
          msrest_azure/0.4.28 azure-mgmt-sql/0.9.0 Azure-SDK-For-Python AZURECLI/2.0.32]
      accept-language: [en-US]
    method: PUT
    uri: https://management.azure.com/subscriptions/00000000-0000-0000-0000-000000000000/resourceGroups/clitest.rg000001/providers/Microsoft.Sql/servers/clitestserver000002?api-version=2015-05-01-preview
  response:
    body: {string: '{"operation":"UpsertLogicalServer","startTime":"2018-04-30T22:57:26.363Z"}'}
    headers:
      azure-asyncoperation: ['https://management.azure.com/subscriptions/00000000-0000-0000-0000-000000000000/resourceGroups/clitest.rg000001/providers/Microsoft.Sql/locations/westus/serverAzureAsyncOperation/830ba2d1-7716-4360-81c3-87592cd4d89f?api-version=2015-05-01-preview']
      cache-control: [no-cache]
      content-length: ['74']
      content-type: [application/json; charset=utf-8]
      date: ['Mon, 30 Apr 2018 22:57:26 GMT']
      expires: ['-1']
      location: ['https://management.azure.com/subscriptions/00000000-0000-0000-0000-000000000000/resourceGroups/clitest.rg000001/providers/Microsoft.Sql/locations/westus/serverOperationResults/830ba2d1-7716-4360-81c3-87592cd4d89f?api-version=2015-05-01-preview']
      pragma: [no-cache]
      server: [Microsoft-HTTPAPI/2.0]
      strict-transport-security: [max-age=31536000; includeSubDomains]
      x-content-type-options: [nosniff]
      x-ms-ratelimit-remaining-subscription-writes: ['1197']
    status: {code: 202, message: Accepted}
- request:
    body: null
    headers:
      Accept: [application/json]
      Accept-Encoding: ['gzip, deflate']
      CommandName: [sql server create]
      Connection: [keep-alive]
      User-Agent: [python/3.5.3 (Windows-10-10.0.16299-SP0) requests/2.18.4 msrest/0.4.28
          msrest_azure/0.4.28 azure-mgmt-sql/0.9.0 Azure-SDK-For-Python AZURECLI/2.0.32]
    method: GET
    uri: https://management.azure.com/subscriptions/00000000-0000-0000-0000-000000000000/resourceGroups/clitest.rg000001/providers/Microsoft.Sql/locations/westus/serverAzureAsyncOperation/830ba2d1-7716-4360-81c3-87592cd4d89f?api-version=2015-05-01-preview
  response:
    body: {string: '{"name":"830ba2d1-7716-4360-81c3-87592cd4d89f","status":"InProgress","startTime":"2018-04-30T22:57:26.363Z"}'}
    headers:
      cache-control: [no-cache]
      content-length: ['108']
      content-type: [application/json; charset=utf-8]
      date: ['Mon, 30 Apr 2018 22:57:27 GMT']
      expires: ['-1']
      pragma: [no-cache]
      server: [Microsoft-HTTPAPI/2.0]
      strict-transport-security: [max-age=31536000; includeSubDomains]
      transfer-encoding: [chunked]
      vary: [Accept-Encoding]
      x-content-type-options: [nosniff]
    status: {code: 200, message: OK}
- request:
    body: null
    headers:
      Accept: [application/json]
      Accept-Encoding: ['gzip, deflate']
      CommandName: [sql server create]
      Connection: [keep-alive]
      User-Agent: [python/3.5.3 (Windows-10-10.0.16299-SP0) requests/2.18.4 msrest/0.4.28
          msrest_azure/0.4.28 azure-mgmt-sql/0.9.0 Azure-SDK-For-Python AZURECLI/2.0.32]
    method: GET
    uri: https://management.azure.com/subscriptions/00000000-0000-0000-0000-000000000000/resourceGroups/clitest.rg000001/providers/Microsoft.Sql/locations/westus/serverAzureAsyncOperation/830ba2d1-7716-4360-81c3-87592cd4d89f?api-version=2015-05-01-preview
  response:
    body: {string: '{"name":"830ba2d1-7716-4360-81c3-87592cd4d89f","status":"InProgress","startTime":"2018-04-30T22:57:26.363Z"}'}
    headers:
      cache-control: [no-cache]
      content-length: ['108']
      content-type: [application/json; charset=utf-8]
      date: ['Mon, 30 Apr 2018 22:57:28 GMT']
      expires: ['-1']
      pragma: [no-cache]
      server: [Microsoft-HTTPAPI/2.0]
      strict-transport-security: [max-age=31536000; includeSubDomains]
      transfer-encoding: [chunked]
      vary: [Accept-Encoding]
      x-content-type-options: [nosniff]
    status: {code: 200, message: OK}
- request:
    body: null
    headers:
      Accept: [application/json]
      Accept-Encoding: ['gzip, deflate']
      CommandName: [sql server create]
      Connection: [keep-alive]
      User-Agent: [python/3.5.3 (Windows-10-10.0.16299-SP0) requests/2.18.4 msrest/0.4.28
          msrest_azure/0.4.28 azure-mgmt-sql/0.9.0 Azure-SDK-For-Python AZURECLI/2.0.32]
    method: GET
    uri: https://management.azure.com/subscriptions/00000000-0000-0000-0000-000000000000/resourceGroups/clitest.rg000001/providers/Microsoft.Sql/locations/westus/serverAzureAsyncOperation/830ba2d1-7716-4360-81c3-87592cd4d89f?api-version=2015-05-01-preview
  response:
    body: {string: '{"name":"830ba2d1-7716-4360-81c3-87592cd4d89f","status":"InProgress","startTime":"2018-04-30T22:57:26.363Z"}'}
    headers:
      cache-control: [no-cache]
      content-length: ['108']
      content-type: [application/json; charset=utf-8]
      date: ['Mon, 30 Apr 2018 22:57:29 GMT']
      expires: ['-1']
      pragma: [no-cache]
      server: [Microsoft-HTTPAPI/2.0]
      strict-transport-security: [max-age=31536000; includeSubDomains]
      transfer-encoding: [chunked]
      vary: [Accept-Encoding]
      x-content-type-options: [nosniff]
    status: {code: 200, message: OK}
- request:
    body: null
    headers:
      Accept: [application/json]
      Accept-Encoding: ['gzip, deflate']
      CommandName: [sql server create]
      Connection: [keep-alive]
      User-Agent: [python/3.5.3 (Windows-10-10.0.16299-SP0) requests/2.18.4 msrest/0.4.28
          msrest_azure/0.4.28 azure-mgmt-sql/0.9.0 Azure-SDK-For-Python AZURECLI/2.0.32]
    method: GET
    uri: https://management.azure.com/subscriptions/00000000-0000-0000-0000-000000000000/resourceGroups/clitest.rg000001/providers/Microsoft.Sql/locations/westus/serverAzureAsyncOperation/830ba2d1-7716-4360-81c3-87592cd4d89f?api-version=2015-05-01-preview
  response:
    body: {string: '{"name":"830ba2d1-7716-4360-81c3-87592cd4d89f","status":"InProgress","startTime":"2018-04-30T22:57:26.363Z"}'}
    headers:
      cache-control: [no-cache]
      content-length: ['108']
      content-type: [application/json; charset=utf-8]
      date: ['Mon, 30 Apr 2018 22:57:31 GMT']
      expires: ['-1']
      pragma: [no-cache]
      server: [Microsoft-HTTPAPI/2.0]
      strict-transport-security: [max-age=31536000; includeSubDomains]
      transfer-encoding: [chunked]
      vary: [Accept-Encoding]
      x-content-type-options: [nosniff]
    status: {code: 200, message: OK}
- request:
    body: null
    headers:
      Accept: [application/json]
      Accept-Encoding: ['gzip, deflate']
      CommandName: [sql server create]
      Connection: [keep-alive]
      User-Agent: [python/3.5.3 (Windows-10-10.0.16299-SP0) requests/2.18.4 msrest/0.4.28
          msrest_azure/0.4.28 azure-mgmt-sql/0.9.0 Azure-SDK-For-Python AZURECLI/2.0.32]
    method: GET
    uri: https://management.azure.com/subscriptions/00000000-0000-0000-0000-000000000000/resourceGroups/clitest.rg000001/providers/Microsoft.Sql/locations/westus/serverAzureAsyncOperation/830ba2d1-7716-4360-81c3-87592cd4d89f?api-version=2015-05-01-preview
  response:
    body: {string: '{"name":"830ba2d1-7716-4360-81c3-87592cd4d89f","status":"InProgress","startTime":"2018-04-30T22:57:26.363Z"}'}
    headers:
      cache-control: [no-cache]
      content-length: ['108']
      content-type: [application/json; charset=utf-8]
      date: ['Mon, 30 Apr 2018 22:57:51 GMT']
      expires: ['-1']
      pragma: [no-cache]
      server: [Microsoft-HTTPAPI/2.0]
      strict-transport-security: [max-age=31536000; includeSubDomains]
      transfer-encoding: [chunked]
      vary: [Accept-Encoding]
      x-content-type-options: [nosniff]
    status: {code: 200, message: OK}
- request:
    body: null
    headers:
      Accept: [application/json]
      Accept-Encoding: ['gzip, deflate']
      CommandName: [sql server create]
      Connection: [keep-alive]
      User-Agent: [python/3.5.3 (Windows-10-10.0.16299-SP0) requests/2.18.4 msrest/0.4.28
          msrest_azure/0.4.28 azure-mgmt-sql/0.9.0 Azure-SDK-For-Python AZURECLI/2.0.32]
    method: GET
    uri: https://management.azure.com/subscriptions/00000000-0000-0000-0000-000000000000/resourceGroups/clitest.rg000001/providers/Microsoft.Sql/locations/westus/serverAzureAsyncOperation/830ba2d1-7716-4360-81c3-87592cd4d89f?api-version=2015-05-01-preview
  response:
    body: {string: '{"name":"830ba2d1-7716-4360-81c3-87592cd4d89f","status":"Succeeded","startTime":"2018-04-30T22:57:26.363Z"}'}
    headers:
      cache-control: [no-cache]
      content-length: ['107']
      content-type: [application/json; charset=utf-8]
      date: ['Mon, 30 Apr 2018 22:58:12 GMT']
      expires: ['-1']
      pragma: [no-cache]
      server: [Microsoft-HTTPAPI/2.0]
      strict-transport-security: [max-age=31536000; includeSubDomains]
      transfer-encoding: [chunked]
      vary: [Accept-Encoding]
      x-content-type-options: [nosniff]
    status: {code: 200, message: OK}
- request:
    body: null
    headers:
      Accept: [application/json]
      Accept-Encoding: ['gzip, deflate']
      CommandName: [sql server create]
      Connection: [keep-alive]
      User-Agent: [python/3.5.3 (Windows-10-10.0.16299-SP0) requests/2.18.4 msrest/0.4.28
          msrest_azure/0.4.28 azure-mgmt-sql/0.9.0 Azure-SDK-For-Python AZURECLI/2.0.32]
    method: GET
    uri: https://management.azure.com/subscriptions/00000000-0000-0000-0000-000000000000/resourceGroups/clitest.rg000001/providers/Microsoft.Sql/servers/clitestserver000002?api-version=2015-05-01-preview
  response:
    body: {string: '{"kind":"v12.0","properties":{"administratorLogin":"admin123","version":"12.0","state":"Ready","fullyQualifiedDomainName":"clitestserver000002.database.windows.net"},"location":"westus","id":"/subscriptions/00000000-0000-0000-0000-000000000000/resourceGroups/clitest.rg000001/providers/Microsoft.Sql/servers/clitestserver000002","name":"clitestserver000002","type":"Microsoft.Sql/servers"}'}
    headers:
      cache-control: [no-cache]
      content-length: ['580']
      content-type: [application/json; charset=utf-8]
      date: ['Mon, 30 Apr 2018 22:58:12 GMT']
      expires: ['-1']
      pragma: [no-cache]
      server: [Microsoft-HTTPAPI/2.0]
      strict-transport-security: [max-age=31536000; includeSubDomains]
      transfer-encoding: [chunked]
      vary: [Accept-Encoding]
      x-content-type-options: [nosniff]
    status: {code: 200, message: OK}
- request:
    body: null
    headers:
      Accept: [application/json]
      Accept-Encoding: ['gzip, deflate']
      CommandName: [sql db create]
      Connection: [keep-alive]
      Content-Type: [application/json; charset=utf-8]
      User-Agent: [python/3.5.3 (Windows-10-10.0.16299-SP0) requests/2.18.4 msrest/0.4.28
          msrest_azure/0.4.28 azure-mgmt-sql/0.9.0 Azure-SDK-For-Python AZURECLI/2.0.32]
      accept-language: [en-US]
    method: GET
    uri: https://management.azure.com/subscriptions/00000000-0000-0000-0000-000000000000/resourceGroups/clitest.rg000001/providers/Microsoft.Sql/servers/clitestserver000002?api-version=2015-05-01-preview
  response:
    body: {string: '{"kind":"v12.0","properties":{"administratorLogin":"admin123","version":"12.0","state":"Ready","fullyQualifiedDomainName":"clitestserver000002.database.windows.net"},"location":"westus","id":"/subscriptions/00000000-0000-0000-0000-000000000000/resourceGroups/clitest.rg000001/providers/Microsoft.Sql/servers/clitestserver000002","name":"clitestserver000002","type":"Microsoft.Sql/servers"}'}
    headers:
      cache-control: [no-cache]
      content-length: ['580']
      content-type: [application/json; charset=utf-8]
      date: ['Mon, 30 Apr 2018 22:58:13 GMT']
      expires: ['-1']
      pragma: [no-cache]
      server: [Microsoft-HTTPAPI/2.0]
      strict-transport-security: [max-age=31536000; includeSubDomains]
      transfer-encoding: [chunked]
      vary: [Accept-Encoding]
      x-content-type-options: [nosniff]
    status: {code: 200, message: OK}
- request:
    body: '{"location": "westus"}'
    headers:
      Accept: [application/json]
      Accept-Encoding: ['gzip, deflate']
      CommandName: [sql db create]
      Connection: [keep-alive]
      Content-Length: ['22']
      Content-Type: [application/json; charset=utf-8]
      User-Agent: [python/3.5.3 (Windows-10-10.0.16299-SP0) requests/2.18.4 msrest/0.4.28
          msrest_azure/0.4.28 azure-mgmt-sql/0.9.0 Azure-SDK-For-Python AZURECLI/2.0.32]
      accept-language: [en-US]
    method: PUT
    uri: https://management.azure.com/subscriptions/00000000-0000-0000-0000-000000000000/resourceGroups/clitest.rg000001/providers/Microsoft.Sql/servers/clitestserver000002/databases/sqltdedb000003?api-version=2017-10-01-preview
  response:
    body: {string: '{"operation":"CreateLogicalDatabase","startTime":"2018-04-30T22:58:15.31Z"}'}
    headers:
      azure-asyncoperation: ['https://management.azure.com/subscriptions/00000000-0000-0000-0000-000000000000/resourceGroups/clitest.rg000001/providers/Microsoft.Sql/locations/westus/databaseAzureAsyncOperation/373ccb8c-c06c-410c-9b31-5181c3f0f3cc?api-version=2017-10-01-preview']
      cache-control: [no-cache]
      content-length: ['75']
      content-type: [application/json; charset=utf-8]
      date: ['Mon, 30 Apr 2018 22:58:14 GMT']
      expires: ['-1']
      location: ['https://management.azure.com/subscriptions/00000000-0000-0000-0000-000000000000/resourceGroups/clitest.rg000001/providers/Microsoft.Sql/locations/westus/databaseOperationResults/373ccb8c-c06c-410c-9b31-5181c3f0f3cc?api-version=2017-10-01-preview']
      pragma: [no-cache]
      server: [Microsoft-HTTPAPI/2.0]
      strict-transport-security: [max-age=31536000; includeSubDomains]
      x-content-type-options: [nosniff]
      x-ms-ratelimit-remaining-subscription-writes: ['1199']
    status: {code: 202, message: Accepted}
- request:
    body: null
    headers:
      Accept: [application/json]
      Accept-Encoding: ['gzip, deflate']
      CommandName: [sql db create]
      Connection: [keep-alive]
      User-Agent: [python/3.5.3 (Windows-10-10.0.16299-SP0) requests/2.18.4 msrest/0.4.28
          msrest_azure/0.4.28 azure-mgmt-sql/0.9.0 Azure-SDK-For-Python AZURECLI/2.0.32]
    method: GET
    uri: https://management.azure.com/subscriptions/00000000-0000-0000-0000-000000000000/resourceGroups/clitest.rg000001/providers/Microsoft.Sql/locations/westus/databaseAzureAsyncOperation/373ccb8c-c06c-410c-9b31-5181c3f0f3cc?api-version=2017-10-01-preview
  response:
    body: {string: '{"name":"373ccb8c-c06c-410c-9b31-5181c3f0f3cc","status":"InProgress","startTime":"2018-04-30T22:58:15.31Z"}'}
    headers:
      cache-control: [no-cache]
      content-length: ['107']
      content-type: [application/json; charset=utf-8]
      date: ['Mon, 30 Apr 2018 22:58:29 GMT']
      expires: ['-1']
      pragma: [no-cache]
      server: [Microsoft-HTTPAPI/2.0]
      strict-transport-security: [max-age=31536000; includeSubDomains]
      transfer-encoding: [chunked]
      vary: [Accept-Encoding]
      x-content-type-options: [nosniff]
    status: {code: 200, message: OK}
- request:
    body: null
    headers:
      Accept: [application/json]
      Accept-Encoding: ['gzip, deflate']
      CommandName: [sql db create]
      Connection: [keep-alive]
      User-Agent: [python/3.5.3 (Windows-10-10.0.16299-SP0) requests/2.18.4 msrest/0.4.28
          msrest_azure/0.4.28 azure-mgmt-sql/0.9.0 Azure-SDK-For-Python AZURECLI/2.0.32]
    method: GET
    uri: https://management.azure.com/subscriptions/00000000-0000-0000-0000-000000000000/resourceGroups/clitest.rg000001/providers/Microsoft.Sql/locations/westus/databaseAzureAsyncOperation/373ccb8c-c06c-410c-9b31-5181c3f0f3cc?api-version=2017-10-01-preview
  response:
    body: {string: '{"name":"373ccb8c-c06c-410c-9b31-5181c3f0f3cc","status":"InProgress","startTime":"2018-04-30T22:58:15.31Z"}'}
    headers:
      cache-control: [no-cache]
      content-length: ['107']
      content-type: [application/json; charset=utf-8]
      date: ['Mon, 30 Apr 2018 22:58:45 GMT']
      expires: ['-1']
      pragma: [no-cache]
      server: [Microsoft-HTTPAPI/2.0]
      strict-transport-security: [max-age=31536000; includeSubDomains]
      transfer-encoding: [chunked]
      vary: [Accept-Encoding]
      x-content-type-options: [nosniff]
    status: {code: 200, message: OK}
- request:
    body: null
    headers:
      Accept: [application/json]
      Accept-Encoding: ['gzip, deflate']
      CommandName: [sql db create]
      Connection: [keep-alive]
      User-Agent: [python/3.5.3 (Windows-10-10.0.16299-SP0) requests/2.18.4 msrest/0.4.28
          msrest_azure/0.4.28 azure-mgmt-sql/0.9.0 Azure-SDK-For-Python AZURECLI/2.0.32]
    method: GET
    uri: https://management.azure.com/subscriptions/00000000-0000-0000-0000-000000000000/resourceGroups/clitest.rg000001/providers/Microsoft.Sql/locations/westus/databaseAzureAsyncOperation/373ccb8c-c06c-410c-9b31-5181c3f0f3cc?api-version=2017-10-01-preview
  response:
    body: {string: '{"name":"373ccb8c-c06c-410c-9b31-5181c3f0f3cc","status":"Succeeded","startTime":"2018-04-30T22:58:15.31Z"}'}
    headers:
      cache-control: [no-cache]
      content-length: ['106']
      content-type: [application/json; charset=utf-8]
      date: ['Mon, 30 Apr 2018 22:59:01 GMT']
      expires: ['-1']
      pragma: [no-cache]
      server: [Microsoft-HTTPAPI/2.0]
      strict-transport-security: [max-age=31536000; includeSubDomains]
      transfer-encoding: [chunked]
      vary: [Accept-Encoding]
      x-content-type-options: [nosniff]
    status: {code: 200, message: OK}
- request:
    body: null
    headers:
      Accept: [application/json]
      Accept-Encoding: ['gzip, deflate']
      CommandName: [sql db create]
      Connection: [keep-alive]
      User-Agent: [python/3.5.3 (Windows-10-10.0.16299-SP0) requests/2.18.4 msrest/0.4.28
          msrest_azure/0.4.28 azure-mgmt-sql/0.9.0 Azure-SDK-For-Python AZURECLI/2.0.32]
    method: GET
    uri: https://management.azure.com/subscriptions/00000000-0000-0000-0000-000000000000/resourceGroups/clitest.rg000001/providers/Microsoft.Sql/servers/clitestserver000002/databases/sqltdedb000003?api-version=2017-10-01-preview
  response:
    body: {string: '{"sku":{"name":"Standard","tier":"Standard","capacity":10},"kind":"v12.0,user","properties":{"collation":"SQL_Latin1_General_CP1_CI_AS","maxSizeBytes":268435456000,"status":"Online","databaseId":"f7d1fe2a-f053-4c08-9164-475a634669a6","creationDate":"2018-04-30T22:58:15.56Z","currentServiceObjectiveName":"S0","requestedServiceObjectiveName":"S0","defaultSecondaryLocation":"East
        US","catalogCollation":"SQL_Latin1_General_CP1_CI_AS","zoneRedundant":false,"earliestRestoreDate":"2018-04-30T23:28:56.733Z","readScale":"Disabled","currentSku":{"name":"Standard","tier":"Standard","capacity":10}},"location":"westus","id":"/subscriptions/00000000-0000-0000-0000-000000000000/resourceGroups/clitest.rg000001/providers/Microsoft.Sql/servers/clitestserver000002/databases/sqltdedb000003","name":"sqltdedb000003","type":"Microsoft.Sql/servers/databases"}'}
    headers:
      cache-control: [no-cache]
      content-length: ['962']
      content-type: [application/json; charset=utf-8]
      date: ['Mon, 30 Apr 2018 22:59:01 GMT']
      expires: ['-1']
      pragma: [no-cache]
      server: [Microsoft-HTTPAPI/2.0]
      strict-transport-security: [max-age=31536000; includeSubDomains]
      transfer-encoding: [chunked]
      vary: [Accept-Encoding]
      x-content-type-options: [nosniff]
    status: {code: 200, message: OK}
- request:
    body: null
    headers:
      Accept: [application/json]
      Accept-Encoding: ['gzip, deflate']
      CommandName: [sql db tde show]
      Connection: [keep-alive]
      Content-Type: [application/json; charset=utf-8]
      User-Agent: [python/3.5.3 (Windows-10-10.0.16299-SP0) requests/2.18.4 msrest/0.4.28
          msrest_azure/0.4.28 azure-mgmt-sql/0.9.0 Azure-SDK-For-Python AZURECLI/2.0.32]
      accept-language: [en-US]
    method: GET
    uri: https://management.azure.com/subscriptions/00000000-0000-0000-0000-000000000000/resourceGroups/clitest.rg000001/providers/Microsoft.Sql/servers/clitestserver000002/databases/sqltdedb000003/transparentDataEncryption/current?api-version=2014-04-01
  response:
    body: {string: '{"name":"current","location":"West US","id":"/subscriptions/00000000-0000-0000-0000-000000000000/resourceGroups/clitest.rg000001/providers/Microsoft.Sql/servers/clitestserver000002/databases/sqltdedb000003/transparentDataEncryption/current","type":"Microsoft.Sql/servers/databases/transparentDataEncryption","properties":{"status":"Enabled"}}'}
    headers:
      cache-control: ['no-store, no-cache']
      content-length: ['451']
      content-type: [application/json; odata=minimalmetadata; streaming=true; charset=utf-8]
      dataserviceversion: [3.0;]
      date: ['Mon, 30 Apr 2018 22:59:03 GMT']
      server: [Microsoft-HTTPAPI/2.0]
      strict-transport-security: [max-age=31536000; includeSubDomains]
      transfer-encoding: [chunked]
      vary: [Accept-Encoding]
      x-content-type-options: [nosniff]
    status: {code: 200, message: OK}
- request:
    body: null
    headers:
      Accept: [application/json]
      Accept-Encoding: ['gzip, deflate']
      CommandName: [sql db tde list-activity]
      Connection: [keep-alive]
      Content-Type: [application/json; charset=utf-8]
      User-Agent: [python/3.5.3 (Windows-10-10.0.16299-SP0) requests/2.18.4 msrest/0.4.28
          msrest_azure/0.4.28 azure-mgmt-sql/0.9.0 Azure-SDK-For-Python AZURECLI/2.0.32]
      accept-language: [en-US]
    method: GET
    uri: https://management.azure.com/subscriptions/00000000-0000-0000-0000-000000000000/resourceGroups/clitest.rg000001/providers/Microsoft.Sql/servers/clitestserver000002/databases/sqltdedb000003/transparentDataEncryption/current/operationResults?api-version=2014-04-01
  response:
    body: {string: '{"value":[{"properties":{"status":"Encrypting","percentComplete":100},"name":"current","location":"West
        US","id":"/subscriptions/00000000-0000-0000-0000-000000000000/resourceGroups/clitest.rg000001/providers/Microsoft.Sql/servers/clitestserver000002/databases/sqltdedb000003/transparentDataEncryption/current/operationResults/current","type":"Microsoft.Sql/servers/databases/transparentDataEncryption/operationResults"}]}'}
    headers:
      cache-control: ['no-store, no-cache']
      content-length: ['530']
      content-type: [application/json; odata=minimalmetadata; streaming=true; charset=utf-8]
      dataserviceversion: [3.0;]
      date: ['Mon, 30 Apr 2018 22:59:04 GMT']
      server: [Microsoft-HTTPAPI/2.0]
      strict-transport-security: [max-age=31536000; includeSubDomains]
      transfer-encoding: [chunked]
      vary: [Accept-Encoding]
      x-content-type-options: [nosniff]
    status: {code: 200, message: OK}
- request:
    body: null
    headers:
      Accept: [application/json]
      Accept-Encoding: ['gzip, deflate']
      CommandName: [sql db tde list-activity]
      Connection: [keep-alive]
      Content-Type: [application/json; charset=utf-8]
      User-Agent: [python/3.5.3 (Windows-10-10.0.16299-SP0) requests/2.18.4 msrest/0.4.28
          msrest_azure/0.4.28 azure-mgmt-sql/0.9.0 Azure-SDK-For-Python AZURECLI/2.0.32]
      accept-language: [en-US]
    method: GET
    uri: https://management.azure.com/subscriptions/00000000-0000-0000-0000-000000000000/resourceGroups/clitest.rg000001/providers/Microsoft.Sql/servers/clitestserver000002/databases/sqltdedb000003/transparentDataEncryption/current/operationResults?api-version=2014-04-01
  response:
    body: {string: '{"value":[]}'}
    headers:
      cache-control: ['no-store, no-cache']
      content-length: ['12']
      content-type: [application/json; odata=minimalmetadata; streaming=true; charset=utf-8]
      dataserviceversion: [3.0;]
      date: ['Mon, 30 Apr 2018 22:59:15 GMT']
      server: [Microsoft-HTTPAPI/2.0]
      strict-transport-security: [max-age=31536000; includeSubDomains]
      transfer-encoding: [chunked]
      vary: [Accept-Encoding]
      x-content-type-options: [nosniff]
    status: {code: 200, message: OK}
- request:
    body: '{"properties": {"status": "Disabled"}}'
    headers:
      Accept: [application/json]
      Accept-Encoding: ['gzip, deflate']
      CommandName: [sql db tde set]
      Connection: [keep-alive]
      Content-Length: ['38']
      Content-Type: [application/json; charset=utf-8]
      User-Agent: [python/3.5.3 (Windows-10-10.0.16299-SP0) requests/2.18.4 msrest/0.4.28
          msrest_azure/0.4.28 azure-mgmt-sql/0.9.0 Azure-SDK-For-Python AZURECLI/2.0.32]
      accept-language: [en-US]
    method: PUT
    uri: https://management.azure.com/subscriptions/00000000-0000-0000-0000-000000000000/resourceGroups/clitest.rg000001/providers/Microsoft.Sql/servers/clitestserver000002/databases/sqltdedb000003/transparentDataEncryption/current?api-version=2014-04-01
  response:
    body: {string: '{"name":"current","location":null,"id":"/subscriptions/00000000-0000-0000-0000-000000000000/resourceGroups/clitest.rg000001/providers/Microsoft.Sql/servers/clitestserver000002/databases/sqltdedb000003/transparentDataEncryption/current","type":"Microsoft.Sql/servers/databases/transparentDataEncryption","properties":{"status":"Disabled"}}'}
    headers:
      cache-control: ['no-store, no-cache']
      content-length: ['447']
      content-type: [application/json; odata=minimalmetadata; streaming=true; charset=utf-8]
      dataserviceversion: [3.0;]
      date: ['Mon, 30 Apr 2018 22:59:26 GMT']
      preference-applied: [return-content]
      server: [Microsoft-HTTPAPI/2.0]
      strict-transport-security: [max-age=31536000; includeSubDomains]
      transfer-encoding: [chunked]
      vary: [Accept-Encoding]
      x-content-type-options: [nosniff]
      x-ms-ratelimit-remaining-subscription-writes: ['1199']
    status: {code: 200, message: OK}
- request:
    body: null
    headers:
      Accept: [application/json]
      Accept-Encoding: ['gzip, deflate']
      CommandName: [sql db tde list-activity]
      Connection: [keep-alive]
      Content-Type: [application/json; charset=utf-8]
      User-Agent: [python/3.5.3 (Windows-10-10.0.16299-SP0) requests/2.18.4 msrest/0.4.28
          msrest_azure/0.4.28 azure-mgmt-sql/0.9.0 Azure-SDK-For-Python AZURECLI/2.0.32]
      accept-language: [en-US]
    method: GET
    uri: https://management.azure.com/subscriptions/00000000-0000-0000-0000-000000000000/resourceGroups/clitest.rg000001/providers/Microsoft.Sql/servers/clitestserver000002/databases/sqltdedb000003/transparentDataEncryption/current/operationResults?api-version=2014-04-01
  response:
    body: {string: '{"value":[{"properties":{"status":"Decrypting","percentComplete":100},"name":"current","location":"West
        US","id":"/subscriptions/00000000-0000-0000-0000-000000000000/resourceGroups/clitest.rg000001/providers/Microsoft.Sql/servers/clitestserver000002/databases/sqltdedb000003/transparentDataEncryption/current/operationResults/current","type":"Microsoft.Sql/servers/databases/transparentDataEncryption/operationResults"}]}'}
    headers:
      cache-control: ['no-store, no-cache']
      content-length: ['530']
      content-type: [application/json; odata=minimalmetadata; streaming=true; charset=utf-8]
      dataserviceversion: [3.0;]
      date: ['Mon, 30 Apr 2018 22:59:27 GMT']
      server: [Microsoft-HTTPAPI/2.0]
      strict-transport-security: [max-age=31536000; includeSubDomains]
      transfer-encoding: [chunked]
      vary: [Accept-Encoding]
      x-content-type-options: [nosniff]
    status: {code: 200, message: OK}
- request:
    body: null
    headers:
      Accept: [application/json]
      Accept-Encoding: ['gzip, deflate']
      CommandName: [sql db tde list-activity]
      Connection: [keep-alive]
      Content-Type: [application/json; charset=utf-8]
      User-Agent: [python/3.5.3 (Windows-10-10.0.16299-SP0) requests/2.18.4 msrest/0.4.28
          msrest_azure/0.4.28 azure-mgmt-sql/0.9.0 Azure-SDK-For-Python AZURECLI/2.0.32]
      accept-language: [en-US]
    method: GET
    uri: https://management.azure.com/subscriptions/00000000-0000-0000-0000-000000000000/resourceGroups/clitest.rg000001/providers/Microsoft.Sql/servers/clitestserver000002/databases/sqltdedb000003/transparentDataEncryption/current/operationResults?api-version=2014-04-01
  response:
    body: {string: '{"value":[]}'}
    headers:
      cache-control: ['no-store, no-cache']
      content-length: ['12']
      content-type: [application/json; odata=minimalmetadata; streaming=true; charset=utf-8]
      dataserviceversion: [3.0;]
      date: ['Mon, 30 Apr 2018 22:59:38 GMT']
      server: [Microsoft-HTTPAPI/2.0]
      strict-transport-security: [max-age=31536000; includeSubDomains]
      transfer-encoding: [chunked]
      vary: [Accept-Encoding]
      x-content-type-options: [nosniff]
    status: {code: 200, message: OK}
- request:
    body: null
    headers:
      Accept: [application/json]
      Accept-Encoding: ['gzip, deflate']
      CommandName: [sql db tde show]
      Connection: [keep-alive]
      Content-Type: [application/json; charset=utf-8]
      User-Agent: [python/3.5.3 (Windows-10-10.0.16299-SP0) requests/2.18.4 msrest/0.4.28
          msrest_azure/0.4.28 azure-mgmt-sql/0.9.0 Azure-SDK-For-Python AZURECLI/2.0.32]
      accept-language: [en-US]
    method: GET
    uri: https://management.azure.com/subscriptions/00000000-0000-0000-0000-000000000000/resourceGroups/clitest.rg000001/providers/Microsoft.Sql/servers/clitestserver000002/databases/sqltdedb000003/transparentDataEncryption/current?api-version=2014-04-01
  response:
    body: {string: '{"name":"current","location":"West US","id":"/subscriptions/00000000-0000-0000-0000-000000000000/resourceGroups/clitest.rg000001/providers/Microsoft.Sql/servers/clitestserver000002/databases/sqltdedb000003/transparentDataEncryption/current","type":"Microsoft.Sql/servers/databases/transparentDataEncryption","properties":{"status":"Disabled"}}'}
    headers:
      cache-control: ['no-store, no-cache']
      content-length: ['452']
      content-type: [application/json; odata=minimalmetadata; streaming=true; charset=utf-8]
      dataserviceversion: [3.0;]
      date: ['Mon, 30 Apr 2018 22:59:48 GMT']
      server: [Microsoft-HTTPAPI/2.0]
      strict-transport-security: [max-age=31536000; includeSubDomains]
      transfer-encoding: [chunked]
      vary: [Accept-Encoding]
      x-content-type-options: [nosniff]
    status: {code: 200, message: OK}
- request:
    body: '{"properties": {"status": "Enabled"}}'
    headers:
      Accept: [application/json]
      Accept-Encoding: ['gzip, deflate']
      CommandName: [sql db tde set]
      Connection: [keep-alive]
      Content-Length: ['37']
      Content-Type: [application/json; charset=utf-8]
      User-Agent: [python/3.5.3 (Windows-10-10.0.16299-SP0) requests/2.18.4 msrest/0.4.28
          msrest_azure/0.4.28 azure-mgmt-sql/0.9.0 Azure-SDK-For-Python AZURECLI/2.0.32]
      accept-language: [en-US]
    method: PUT
    uri: https://management.azure.com/subscriptions/00000000-0000-0000-0000-000000000000/resourceGroups/clitest.rg000001/providers/Microsoft.Sql/servers/clitestserver000002/databases/sqltdedb000003/transparentDataEncryption/current?api-version=2014-04-01
  response:
    body: {string: '{"name":"current","location":null,"id":"/subscriptions/00000000-0000-0000-0000-000000000000/resourceGroups/clitest.rg000001/providers/Microsoft.Sql/servers/clitestserver000002/databases/sqltdedb000003/transparentDataEncryption/current","type":"Microsoft.Sql/servers/databases/transparentDataEncryption","properties":{"status":"Enabled"}}'}
    headers:
      cache-control: ['no-store, no-cache']
      content-length: ['446']
      content-type: [application/json; odata=minimalmetadata; streaming=true; charset=utf-8]
      dataserviceversion: [3.0;]
      date: ['Mon, 30 Apr 2018 22:59:50 GMT']
      preference-applied: [return-content]
      server: [Microsoft-HTTPAPI/2.0]
      strict-transport-security: [max-age=31536000; includeSubDomains]
      transfer-encoding: [chunked]
      vary: [Accept-Encoding]
      x-content-type-options: [nosniff]
      x-ms-ratelimit-remaining-subscription-writes: ['1199']
    status: {code: 200, message: OK}
- request:
    body: null
    headers:
      Accept: [application/json]
      Accept-Encoding: ['gzip, deflate']
      CommandName: [sql db tde list-activity]
      Connection: [keep-alive]
      Content-Type: [application/json; charset=utf-8]
      User-Agent: [python/3.5.3 (Windows-10-10.0.16299-SP0) requests/2.18.4 msrest/0.4.28
          msrest_azure/0.4.28 azure-mgmt-sql/0.9.0 Azure-SDK-For-Python AZURECLI/2.0.32]
      accept-language: [en-US]
    method: GET
    uri: https://management.azure.com/subscriptions/00000000-0000-0000-0000-000000000000/resourceGroups/clitest.rg000001/providers/Microsoft.Sql/servers/clitestserver000002/databases/sqltdedb000003/transparentDataEncryption/current/operationResults?api-version=2014-04-01
  response:
    body: {string: '{"value":[{"properties":{"status":"Encrypting","percentComplete":100},"name":"current","location":"West
        US","id":"/subscriptions/00000000-0000-0000-0000-000000000000/resourceGroups/clitest.rg000001/providers/Microsoft.Sql/servers/clitestserver000002/databases/sqltdedb000003/transparentDataEncryption/current/operationResults/current","type":"Microsoft.Sql/servers/databases/transparentDataEncryption/operationResults"}]}'}
    headers:
      cache-control: ['no-store, no-cache']
      content-length: ['530']
      content-type: [application/json; odata=minimalmetadata; streaming=true; charset=utf-8]
      dataserviceversion: [3.0;]
      date: ['Mon, 30 Apr 2018 22:59:51 GMT']
      server: [Microsoft-HTTPAPI/2.0]
      strict-transport-security: [max-age=31536000; includeSubDomains]
      transfer-encoding: [chunked]
      vary: [Accept-Encoding]
      x-content-type-options: [nosniff]
    status: {code: 200, message: OK}
- request:
    body: null
    headers:
      Accept: [application/json]
      Accept-Encoding: ['gzip, deflate']
      CommandName: [sql db tde list-activity]
      Connection: [keep-alive]
      Content-Type: [application/json; charset=utf-8]
      User-Agent: [python/3.5.3 (Windows-10-10.0.16299-SP0) requests/2.18.4 msrest/0.4.28
          msrest_azure/0.4.28 azure-mgmt-sql/0.9.0 Azure-SDK-For-Python AZURECLI/2.0.32]
      accept-language: [en-US]
    method: GET
    uri: https://management.azure.com/subscriptions/00000000-0000-0000-0000-000000000000/resourceGroups/clitest.rg000001/providers/Microsoft.Sql/servers/clitestserver000002/databases/sqltdedb000003/transparentDataEncryption/current/operationResults?api-version=2014-04-01
  response:
    body: {string: '{"value":[]}'}
    headers:
      cache-control: ['no-store, no-cache']
      content-length: ['12']
      content-type: [application/json; odata=minimalmetadata; streaming=true; charset=utf-8]
      dataserviceversion: [3.0;]
      date: ['Mon, 30 Apr 2018 23:00:02 GMT']
      server: [Microsoft-HTTPAPI/2.0]
      strict-transport-security: [max-age=31536000; includeSubDomains]
      transfer-encoding: [chunked]
      vary: [Accept-Encoding]
      x-content-type-options: [nosniff]
    status: {code: 200, message: OK}
- request:
    body: null
    headers:
      Accept: [application/json]
      Accept-Encoding: ['gzip, deflate']
      CommandName: [sql db tde show]
      Connection: [keep-alive]
      Content-Type: [application/json; charset=utf-8]
      User-Agent: [python/3.5.3 (Windows-10-10.0.16299-SP0) requests/2.18.4 msrest/0.4.28
          msrest_azure/0.4.28 azure-mgmt-sql/0.9.0 Azure-SDK-For-Python AZURECLI/2.0.32]
      accept-language: [en-US]
    method: GET
    uri: https://management.azure.com/subscriptions/00000000-0000-0000-0000-000000000000/resourceGroups/clitest.rg000001/providers/Microsoft.Sql/servers/clitestserver000002/databases/sqltdedb000003/transparentDataEncryption/current?api-version=2014-04-01
  response:
    body: {string: '{"name":"current","location":"West US","id":"/subscriptions/00000000-0000-0000-0000-000000000000/resourceGroups/clitest.rg000001/providers/Microsoft.Sql/servers/clitestserver000002/databases/sqltdedb000003/transparentDataEncryption/current","type":"Microsoft.Sql/servers/databases/transparentDataEncryption","properties":{"status":"Enabled"}}'}
    headers:
      cache-control: ['no-store, no-cache']
      content-length: ['451']
      content-type: [application/json; odata=minimalmetadata; streaming=true; charset=utf-8]
      dataserviceversion: [3.0;]
      date: ['Mon, 30 Apr 2018 23:00:13 GMT']
      server: [Microsoft-HTTPAPI/2.0]
      strict-transport-security: [max-age=31536000; includeSubDomains]
      transfer-encoding: [chunked]
      vary: [Accept-Encoding]
      x-content-type-options: [nosniff]
    status: {code: 200, message: OK}
- request:
    body: null
    headers:
      Accept: [application/json]
      Accept-Encoding: ['gzip, deflate']
      CommandName: [group delete]
      Connection: [keep-alive]
      Content-Length: ['0']
      Content-Type: [application/json; charset=utf-8]
      User-Agent: [python/3.5.3 (Windows-10-10.0.16299-SP0) requests/2.18.4 msrest/0.4.28
          msrest_azure/0.4.28 resourcemanagementclient/1.2.1 Azure-SDK-For-Python
          AZURECLI/2.0.32]
      accept-language: [en-US]
    method: DELETE
    uri: https://management.azure.com/subscriptions/00000000-0000-0000-0000-000000000000/resourcegroups/clitest.rg000001?api-version=2017-05-10
  response:
    body: {string: ''}
    headers:
      cache-control: [no-cache]
      content-length: ['0']
      date: ['Mon, 30 Apr 2018 23:00:13 GMT']
      expires: ['-1']
      location: ['https://management.azure.com/subscriptions/00000000-0000-0000-0000-000000000000/operationresults/eyJqb2JJZCI6IlJFU09VUkNFR1JPVVBERUxFVElPTkpPQi1DTElURVNUOjJFUkdYSUJRTlIyWUVXNFlEVlZLQlRTN0I1VUM1MlRKNUVTR0I2SnxCQjNGODA3OTJDRThGRDc4LVdFU1RVUyIsImpvYkxvY2F0aW9uIjoid2VzdHVzIn0?api-version=2017-05-10']
      pragma: [no-cache]
      strict-transport-security: [max-age=31536000; includeSubDomains]
      x-content-type-options: [nosniff]
      x-ms-ratelimit-remaining-subscription-writes: ['1197']
    status: {code: 202, message: Accepted}
version: 1
