interactions:
- request:
    body: '{"tags": {"use": "az-test"}, "location": "westus"}'
    headers:
      Accept: [application/json]
      Accept-Encoding: ['gzip, deflate']
      CommandName: [group create]
      Connection: [keep-alive]
      Content-Length: ['50']
      Content-Type: [application/json; charset=utf-8]
      User-Agent: [python/3.5.3 (Windows-10-10.0.16299-SP0) requests/2.18.4 msrest/0.4.25
          msrest_azure/0.4.20 resourcemanagementclient/1.2.1 Azure-SDK-For-Python
          AZURECLI/2.0.26]
      accept-language: [en-US]
    method: PUT
    uri: https://management.azure.com/subscriptions/00000000-0000-0000-0000-000000000000/resourcegroups/clitest.rg000001?api-version=2017-05-10
  response:
    body: {string: '{"id":"/subscriptions/00000000-0000-0000-0000-000000000000/resourceGroups/clitest.rg000001","name":"clitest.rg000001","location":"westus","tags":{"use":"az-test"},"properties":{"provisioningState":"Succeeded"}}'}
    headers:
      cache-control: [no-cache]
      content-length: ['328']
      content-type: [application/json; charset=utf-8]
      date: ['Sun, 21 Jan 2018 17:20:46 GMT']
      expires: ['-1']
      pragma: [no-cache]
      strict-transport-security: [max-age=31536000; includeSubDomains]
      x-ms-ratelimit-remaining-subscription-writes: ['1198']
    status: {code: 201, message: Created}
- request:
    body: '{"properties": {"administratorLoginPassword": "SecretPassword123", "administratorLogin":
      "admin123"}, "location": "westus"}'
    headers:
      Accept: [application/json]
      Accept-Encoding: ['gzip, deflate']
      CommandName: [sql server create]
      Connection: [keep-alive]
      Content-Length: ['123']
      Content-Type: [application/json; charset=utf-8]
      User-Agent: [python/3.5.3 (Windows-10-10.0.16299-SP0) requests/2.18.4 msrest/0.4.25
          msrest_azure/0.4.20 azure-mgmt-sql/0.8.5 Azure-SDK-For-Python AZURECLI/2.0.26]
      accept-language: [en-US]
    method: PUT
    uri: https://management.azure.com/subscriptions/00000000-0000-0000-0000-000000000000/resourceGroups/clitest.rg000001/providers/Microsoft.Sql/servers/clitestserver000002?api-version=2015-05-01-preview
  response:
    body: {string: '{"operation":"UpsertLogicalServer","startTime":"2018-01-21T17:20:48.26Z"}'}
    headers:
      azure-asyncoperation: ['https://management.azure.com/subscriptions/00000000-0000-0000-0000-000000000000/resourceGroups/clitest.rg000001/providers/Microsoft.Sql/locations/westus/serverAzureAsyncOperation/a9eba42e-b2de-445d-a3cc-c9e6e5a36cc6?api-version=2015-05-01-preview']
      cache-control: [no-cache]
      content-length: ['73']
      content-type: [application/json; charset=utf-8]
      date: ['Sun, 21 Jan 2018 17:20:47 GMT']
      expires: ['-1']
      location: ['https://management.azure.com/subscriptions/00000000-0000-0000-0000-000000000000/resourceGroups/clitest.rg000001/providers/Microsoft.Sql/locations/westus/serverOperationResults/a9eba42e-b2de-445d-a3cc-c9e6e5a36cc6?api-version=2015-05-01-preview']
      pragma: [no-cache]
      server: [Microsoft-HTTPAPI/2.0]
      strict-transport-security: [max-age=31536000; includeSubDomains]
      x-ms-ratelimit-remaining-subscription-writes: ['1198']
    status: {code: 202, message: Accepted}
- request:
    body: null
    headers:
      Accept: [application/json]
      Accept-Encoding: ['gzip, deflate']
      CommandName: [sql server create]
      Connection: [keep-alive]
      Content-Type: [application/json; charset=utf-8]
      User-Agent: [python/3.5.3 (Windows-10-10.0.16299-SP0) requests/2.18.4 msrest/0.4.25
          msrest_azure/0.4.20 azure-mgmt-sql/0.8.5 Azure-SDK-For-Python AZURECLI/2.0.26]
      accept-language: [en-US]
    method: GET
    uri: https://management.azure.com/subscriptions/00000000-0000-0000-0000-000000000000/resourceGroups/clitest.rg000001/providers/Microsoft.Sql/locations/westus/serverAzureAsyncOperation/a9eba42e-b2de-445d-a3cc-c9e6e5a36cc6?api-version=2015-05-01-preview
  response:
    body: {string: '{"name":"a9eba42e-b2de-445d-a3cc-c9e6e5a36cc6","status":"InProgress","startTime":"2018-01-21T17:20:48.26Z"}'}
    headers:
      cache-control: [no-cache]
      content-length: ['107']
      content-type: [application/json; charset=utf-8]
      date: ['Sun, 21 Jan 2018 17:20:49 GMT']
      expires: ['-1']
      pragma: [no-cache]
      server: [Microsoft-HTTPAPI/2.0]
      strict-transport-security: [max-age=31536000; includeSubDomains]
      transfer-encoding: [chunked]
      vary: [Accept-Encoding]
    status: {code: 200, message: OK}
- request:
    body: null
    headers:
      Accept: [application/json]
      Accept-Encoding: ['gzip, deflate']
      CommandName: [sql server create]
      Connection: [keep-alive]
      Content-Type: [application/json; charset=utf-8]
      User-Agent: [python/3.5.3 (Windows-10-10.0.16299-SP0) requests/2.18.4 msrest/0.4.25
          msrest_azure/0.4.20 azure-mgmt-sql/0.8.5 Azure-SDK-For-Python AZURECLI/2.0.26]
      accept-language: [en-US]
    method: GET
    uri: https://management.azure.com/subscriptions/00000000-0000-0000-0000-000000000000/resourceGroups/clitest.rg000001/providers/Microsoft.Sql/locations/westus/serverAzureAsyncOperation/a9eba42e-b2de-445d-a3cc-c9e6e5a36cc6?api-version=2015-05-01-preview
  response:
    body: {string: '{"name":"a9eba42e-b2de-445d-a3cc-c9e6e5a36cc6","status":"InProgress","startTime":"2018-01-21T17:20:48.26Z"}'}
    headers:
      cache-control: [no-cache]
      content-length: ['107']
      content-type: [application/json; charset=utf-8]
      date: ['Sun, 21 Jan 2018 17:20:50 GMT']
      expires: ['-1']
      pragma: [no-cache]
      server: [Microsoft-HTTPAPI/2.0]
      strict-transport-security: [max-age=31536000; includeSubDomains]
      transfer-encoding: [chunked]
      vary: [Accept-Encoding]
    status: {code: 200, message: OK}
- request:
    body: null
    headers:
      Accept: [application/json]
      Accept-Encoding: ['gzip, deflate']
      CommandName: [sql server create]
      Connection: [keep-alive]
      Content-Type: [application/json; charset=utf-8]
      User-Agent: [python/3.5.3 (Windows-10-10.0.16299-SP0) requests/2.18.4 msrest/0.4.25
          msrest_azure/0.4.20 azure-mgmt-sql/0.8.5 Azure-SDK-For-Python AZURECLI/2.0.26]
      accept-language: [en-US]
    method: GET
    uri: https://management.azure.com/subscriptions/00000000-0000-0000-0000-000000000000/resourceGroups/clitest.rg000001/providers/Microsoft.Sql/locations/westus/serverAzureAsyncOperation/a9eba42e-b2de-445d-a3cc-c9e6e5a36cc6?api-version=2015-05-01-preview
  response:
    body: {string: '{"name":"a9eba42e-b2de-445d-a3cc-c9e6e5a36cc6","status":"InProgress","startTime":"2018-01-21T17:20:48.26Z"}'}
    headers:
      cache-control: [no-cache]
      content-length: ['107']
      content-type: [application/json; charset=utf-8]
      date: ['Sun, 21 Jan 2018 17:20:51 GMT']
      expires: ['-1']
      pragma: [no-cache]
      server: [Microsoft-HTTPAPI/2.0]
      strict-transport-security: [max-age=31536000; includeSubDomains]
      transfer-encoding: [chunked]
      vary: [Accept-Encoding]
    status: {code: 200, message: OK}
- request:
    body: null
    headers:
      Accept: [application/json]
      Accept-Encoding: ['gzip, deflate']
      CommandName: [sql server create]
      Connection: [keep-alive]
      Content-Type: [application/json; charset=utf-8]
      User-Agent: [python/3.5.3 (Windows-10-10.0.16299-SP0) requests/2.18.4 msrest/0.4.25
          msrest_azure/0.4.20 azure-mgmt-sql/0.8.5 Azure-SDK-For-Python AZURECLI/2.0.26]
      accept-language: [en-US]
    method: GET
    uri: https://management.azure.com/subscriptions/00000000-0000-0000-0000-000000000000/resourceGroups/clitest.rg000001/providers/Microsoft.Sql/locations/westus/serverAzureAsyncOperation/a9eba42e-b2de-445d-a3cc-c9e6e5a36cc6?api-version=2015-05-01-preview
  response:
    body: {string: '{"name":"a9eba42e-b2de-445d-a3cc-c9e6e5a36cc6","status":"InProgress","startTime":"2018-01-21T17:20:48.26Z"}'}
    headers:
      cache-control: [no-cache]
      content-length: ['107']
      content-type: [application/json; charset=utf-8]
      date: ['Sun, 21 Jan 2018 17:20:52 GMT']
      expires: ['-1']
      pragma: [no-cache]
      server: [Microsoft-HTTPAPI/2.0]
      strict-transport-security: [max-age=31536000; includeSubDomains]
      transfer-encoding: [chunked]
      vary: [Accept-Encoding]
    status: {code: 200, message: OK}
- request:
    body: null
    headers:
      Accept: [application/json]
      Accept-Encoding: ['gzip, deflate']
      CommandName: [sql server create]
      Connection: [keep-alive]
      Content-Type: [application/json; charset=utf-8]
      User-Agent: [python/3.5.3 (Windows-10-10.0.16299-SP0) requests/2.18.4 msrest/0.4.25
          msrest_azure/0.4.20 azure-mgmt-sql/0.8.5 Azure-SDK-For-Python AZURECLI/2.0.26]
      accept-language: [en-US]
    method: GET
    uri: https://management.azure.com/subscriptions/00000000-0000-0000-0000-000000000000/resourceGroups/clitest.rg000001/providers/Microsoft.Sql/locations/westus/serverAzureAsyncOperation/a9eba42e-b2de-445d-a3cc-c9e6e5a36cc6?api-version=2015-05-01-preview
  response:
    body: {string: '{"name":"a9eba42e-b2de-445d-a3cc-c9e6e5a36cc6","status":"InProgress","startTime":"2018-01-21T17:20:48.26Z"}'}
    headers:
      cache-control: [no-cache]
      content-length: ['107']
      content-type: [application/json; charset=utf-8]
      date: ['Sun, 21 Jan 2018 17:21:12 GMT']
      expires: ['-1']
      pragma: [no-cache]
      server: [Microsoft-HTTPAPI/2.0]
      strict-transport-security: [max-age=31536000; includeSubDomains]
      transfer-encoding: [chunked]
      vary: [Accept-Encoding]
    status: {code: 200, message: OK}
- request:
    body: null
    headers:
      Accept: [application/json]
      Accept-Encoding: ['gzip, deflate']
      CommandName: [sql server create]
      Connection: [keep-alive]
      Content-Type: [application/json; charset=utf-8]
      User-Agent: [python/3.5.3 (Windows-10-10.0.16299-SP0) requests/2.18.4 msrest/0.4.25
          msrest_azure/0.4.20 azure-mgmt-sql/0.8.5 Azure-SDK-For-Python AZURECLI/2.0.26]
      accept-language: [en-US]
    method: GET
    uri: https://management.azure.com/subscriptions/00000000-0000-0000-0000-000000000000/resourceGroups/clitest.rg000001/providers/Microsoft.Sql/locations/westus/serverAzureAsyncOperation/a9eba42e-b2de-445d-a3cc-c9e6e5a36cc6?api-version=2015-05-01-preview
  response:
    body: {string: '{"name":"a9eba42e-b2de-445d-a3cc-c9e6e5a36cc6","status":"Succeeded","startTime":"2018-01-21T17:20:48.26Z"}'}
    headers:
      cache-control: [no-cache]
      content-length: ['106']
      content-type: [application/json; charset=utf-8]
      date: ['Sun, 21 Jan 2018 17:21:33 GMT']
      expires: ['-1']
      pragma: [no-cache]
      server: [Microsoft-HTTPAPI/2.0]
      strict-transport-security: [max-age=31536000; includeSubDomains]
      transfer-encoding: [chunked]
      vary: [Accept-Encoding]
    status: {code: 200, message: OK}
- request:
    body: null
    headers:
      Accept: [application/json]
      Accept-Encoding: ['gzip, deflate']
      CommandName: [sql server create]
      Connection: [keep-alive]
      Content-Type: [application/json; charset=utf-8]
      User-Agent: [python/3.5.3 (Windows-10-10.0.16299-SP0) requests/2.18.4 msrest/0.4.25
          msrest_azure/0.4.20 azure-mgmt-sql/0.8.5 Azure-SDK-For-Python AZURECLI/2.0.26]
      accept-language: [en-US]
    method: GET
    uri: https://management.azure.com/subscriptions/00000000-0000-0000-0000-000000000000/resourceGroups/clitest.rg000001/providers/Microsoft.Sql/servers/clitestserver000002?api-version=2015-05-01-preview
  response:
    body: {string: '{"kind":"v12.0","properties":{"administratorLogin":"admin123","version":"12.0","state":"Ready","fullyQualifiedDomainName":"clitestserver000002.database.windows.net"},"location":"westus","id":"/subscriptions/00000000-0000-0000-0000-000000000000/resourceGroups/clitest.rg000001/providers/Microsoft.Sql/servers/clitestserver000002","name":"clitestserver000002","type":"Microsoft.Sql/servers"}'}
    headers:
      cache-control: [no-cache]
      content-length: ['580']
      content-type: [application/json; charset=utf-8]
      date: ['Sun, 21 Jan 2018 17:21:34 GMT']
      expires: ['-1']
      pragma: [no-cache]
      server: [Microsoft-HTTPAPI/2.0]
      strict-transport-security: [max-age=31536000; includeSubDomains]
      transfer-encoding: [chunked]
      vary: [Accept-Encoding]
    status: {code: 200, message: OK}
- request:
    body: '{"properties": {"startIpAddress": "0.0.0.0", "endIpAddress": "255.255.255.255"}}'
    headers:
      Accept: [application/json]
      Accept-Encoding: ['gzip, deflate']
      CommandName: [sql server firewall-rule create]
      Connection: [keep-alive]
      Content-Length: ['80']
      Content-Type: [application/json; charset=utf-8]
      User-Agent: [python/3.5.3 (Windows-10-10.0.16299-SP0) requests/2.18.4 msrest/0.4.25
          msrest_azure/0.4.20 azure-mgmt-sql/0.8.5 Azure-SDK-For-Python AZURECLI/2.0.26]
      accept-language: [en-US]
    method: PUT
    uri: https://management.azure.com/subscriptions/00000000-0000-0000-0000-000000000000/resourceGroups/clitest.rg000001/providers/Microsoft.Sql/servers/clitestserver000002/firewallRules/rule1?api-version=2014-04-01
  response:
    body: {string: '{"id":"/subscriptions/00000000-0000-0000-0000-000000000000/resourceGroups/clitest.rg000001/providers/Microsoft.Sql/servers/clitestserver000002/firewallRules/rule1","name":"rule1","type":"Microsoft.Sql/servers/firewallRules","location":"West
        US","kind":"v12.0","properties":{"startIpAddress":"0.0.0.0","endIpAddress":"255.255.255.255"}}'}
    headers:
      cache-control: ['no-store, no-cache']
      content-length: ['438']
      content-type: [application/json; odata=minimalmetadata; streaming=true; charset=utf-8]
      dataserviceversion: [3.0;]
      date: ['Sun, 21 Jan 2018 17:21:36 GMT']
      preference-applied: [return-content]
      server: [Microsoft-HTTPAPI/2.0]
      strict-transport-security: [max-age=31536000; includeSubDomains]
      x-content-type-options: [nosniff]
      x-ms-ratelimit-remaining-subscription-writes: ['1199']
    status: {code: 201, message: Created}
- request:
    body: null
    headers:
      Accept: [application/json]
      Accept-Encoding: ['gzip, deflate']
      CommandName: [sql server firewall-rule show]
      Connection: [keep-alive]
      Content-Type: [application/json; charset=utf-8]
      User-Agent: [python/3.5.3 (Windows-10-10.0.16299-SP0) requests/2.18.4 msrest/0.4.25
          msrest_azure/0.4.20 azure-mgmt-sql/0.8.5 Azure-SDK-For-Python AZURECLI/2.0.26]
      accept-language: [en-US]
    method: GET
    uri: https://management.azure.com/subscriptions/00000000-0000-0000-0000-000000000000/resourceGroups/clitest.rg000001/providers/Microsoft.Sql/servers/clitestserver000002/firewallRules/rule1?api-version=2014-04-01
  response:
    body: {string: '{"id":"/subscriptions/00000000-0000-0000-0000-000000000000/resourceGroups/clitest.rg000001/providers/Microsoft.Sql/servers/clitestserver000002/firewallRules/rule1","name":"rule1","type":"Microsoft.Sql/servers/firewallRules","location":"West
        US","kind":"v12.0","properties":{"startIpAddress":"0.0.0.0","endIpAddress":"255.255.255.255"}}'}
    headers:
      cache-control: ['no-store, no-cache']
      content-length: ['438']
      content-type: [application/json; odata=minimalmetadata; streaming=true; charset=utf-8]
      dataserviceversion: [3.0;]
      date: ['Sun, 21 Jan 2018 17:21:37 GMT']
      server: [Microsoft-HTTPAPI/2.0]
      strict-transport-security: [max-age=31536000; includeSubDomains]
      transfer-encoding: [chunked]
      vary: [Accept-Encoding]
      x-content-type-options: [nosniff]
    status: {code: 200, message: OK}
- request:
    body: null
    headers:
      Accept: [application/json]
      Accept-Encoding: ['gzip, deflate']
      CommandName: [sql server firewall-rule show]
      Connection: [keep-alive]
      Content-Type: [application/json; charset=utf-8]
      User-Agent: [python/3.5.3 (Windows-10-10.0.16299-SP0) requests/2.18.4 msrest/0.4.25
          msrest_azure/0.4.20 azure-mgmt-sql/0.8.5 Azure-SDK-For-Python AZURECLI/2.0.26]
      accept-language: [en-US]
    method: GET
    uri: https://management.azure.com/subscriptions/00000000-0000-0000-0000-000000000000/resourceGroups/clitest.rg000001/providers/Microsoft.Sql/servers/clitestserver000002/firewallRules/rule1?api-version=2014-04-01
  response:
    body: {string: '{"id":"/subscriptions/00000000-0000-0000-0000-000000000000/resourceGroups/clitest.rg000001/providers/Microsoft.Sql/servers/clitestserver000002/firewallRules/rule1","name":"rule1","type":"Microsoft.Sql/servers/firewallRules","location":"West
        US","kind":"v12.0","properties":{"startIpAddress":"0.0.0.0","endIpAddress":"255.255.255.255"}}'}
    headers:
      cache-control: ['no-store, no-cache']
      content-length: ['438']
      content-type: [application/json; odata=minimalmetadata; streaming=true; charset=utf-8]
      dataserviceversion: [3.0;]
      date: ['Sun, 21 Jan 2018 17:21:37 GMT']
      server: [Microsoft-HTTPAPI/2.0]
      strict-transport-security: [max-age=31536000; includeSubDomains]
      transfer-encoding: [chunked]
      vary: [Accept-Encoding]
      x-content-type-options: [nosniff]
    status: {code: 200, message: OK}
- request:
    body: null
    headers:
      Accept: [application/json]
      Accept-Encoding: ['gzip, deflate']
      CommandName: [sql server firewall-rule update]
      Connection: [keep-alive]
      Content-Type: [application/json; charset=utf-8]
      User-Agent: [python/3.5.3 (Windows-10-10.0.16299-SP0) requests/2.18.4 msrest/0.4.25
          msrest_azure/0.4.20 azure-mgmt-sql/0.8.5 Azure-SDK-For-Python AZURECLI/2.0.26]
      accept-language: [en-US]
    method: GET
    uri: https://management.azure.com/subscriptions/00000000-0000-0000-0000-000000000000/resourceGroups/clitest.rg000001/providers/Microsoft.Sql/servers/clitestserver000002/firewallRules/rule1?api-version=2014-04-01
  response:
    body: {string: '{"id":"/subscriptions/00000000-0000-0000-0000-000000000000/resourceGroups/clitest.rg000001/providers/Microsoft.Sql/servers/clitestserver000002/firewallRules/rule1","name":"rule1","type":"Microsoft.Sql/servers/firewallRules","location":"West
        US","kind":"v12.0","properties":{"startIpAddress":"0.0.0.0","endIpAddress":"255.255.255.255"}}'}
    headers:
      cache-control: ['no-store, no-cache']
      content-length: ['438']
      content-type: [application/json; odata=minimalmetadata; streaming=true; charset=utf-8]
      dataserviceversion: [3.0;]
      date: ['Sun, 21 Jan 2018 17:21:38 GMT']
      server: [Microsoft-HTTPAPI/2.0]
      strict-transport-security: [max-age=31536000; includeSubDomains]
      transfer-encoding: [chunked]
      vary: [Accept-Encoding]
      x-content-type-options: [nosniff]
    status: {code: 200, message: OK}
- request:
    body: '{"properties": {"startIpAddress": "123.123.123.123", "endIpAddress": "123.123.123.124"}}'
    headers:
      Accept: [application/json]
      Accept-Encoding: ['gzip, deflate']
      CommandName: [sql server firewall-rule update]
      Connection: [keep-alive]
      Content-Length: ['88']
      Content-Type: [application/json; charset=utf-8]
      User-Agent: [python/3.5.3 (Windows-10-10.0.16299-SP0) requests/2.18.4 msrest/0.4.25
          msrest_azure/0.4.20 azure-mgmt-sql/0.8.5 Azure-SDK-For-Python AZURECLI/2.0.26]
      accept-language: [en-US]
    method: PUT
    uri: https://management.azure.com/subscriptions/00000000-0000-0000-0000-000000000000/resourceGroups/clitest.rg000001/providers/Microsoft.Sql/servers/clitestserver000002/firewallRules/rule1?api-version=2014-04-01
  response:
    body: {string: '{"id":"/subscriptions/00000000-0000-0000-0000-000000000000/resourceGroups/clitest.rg000001/providers/Microsoft.Sql/servers/clitestserver000002/firewallRules/rule1","name":"rule1","type":"Microsoft.Sql/servers/firewallRules","location":"West
        US","kind":"v12.0","properties":{"startIpAddress":"123.123.123.123","endIpAddress":"123.123.123.124"}}'}
    headers:
      cache-control: ['no-store, no-cache']
      content-length: ['446']
      content-type: [application/json; odata=minimalmetadata; streaming=true; charset=utf-8]
      dataserviceversion: [3.0;]
      date: ['Sun, 21 Jan 2018 17:21:39 GMT']
      preference-applied: [return-content]
      server: [Microsoft-HTTPAPI/2.0]
      strict-transport-security: [max-age=31536000; includeSubDomains]
      transfer-encoding: [chunked]
      vary: [Accept-Encoding]
      x-content-type-options: [nosniff]
      x-ms-ratelimit-remaining-subscription-writes: ['1196']
    status: {code: 200, message: OK}
- request:
    body: null
    headers:
      Accept: [application/json]
      Accept-Encoding: ['gzip, deflate']
      CommandName: [sql server firewall-rule update]
      Connection: [keep-alive]
      Content-Type: [application/json; charset=utf-8]
      User-Agent: [python/3.5.3 (Windows-10-10.0.16299-SP0) requests/2.18.4 msrest/0.4.25
          msrest_azure/0.4.20 azure-mgmt-sql/0.8.5 Azure-SDK-For-Python AZURECLI/2.0.26]
      accept-language: [en-US]
    method: GET
    uri: https://management.azure.com/subscriptions/00000000-0000-0000-0000-000000000000/resourceGroups/clitest.rg000001/providers/Microsoft.Sql/servers/clitestserver000002/firewallRules/rule1?api-version=2014-04-01
  response:
    body: {string: '{"id":"/subscriptions/00000000-0000-0000-0000-000000000000/resourceGroups/clitest.rg000001/providers/Microsoft.Sql/servers/clitestserver000002/firewallRules/rule1","name":"rule1","type":"Microsoft.Sql/servers/firewallRules","location":"West
        US","kind":"v12.0","properties":{"startIpAddress":"123.123.123.123","endIpAddress":"123.123.123.124"}}'}
    headers:
      cache-control: ['no-store, no-cache']
      content-length: ['446']
      content-type: [application/json; odata=minimalmetadata; streaming=true; charset=utf-8]
      dataserviceversion: [3.0;]
      date: ['Sun, 21 Jan 2018 17:21:39 GMT']
      server: [Microsoft-HTTPAPI/2.0]
      strict-transport-security: [max-age=31536000; includeSubDomains]
      transfer-encoding: [chunked]
      vary: [Accept-Encoding]
      x-content-type-options: [nosniff]
    status: {code: 200, message: OK}
- request:
    body: '{"properties": {"startIpAddress": "0.0.0.0", "endIpAddress": "123.123.123.124"}}'
    headers:
      Accept: [application/json]
      Accept-Encoding: ['gzip, deflate']
      CommandName: [sql server firewall-rule update]
      Connection: [keep-alive]
      Content-Length: ['80']
      Content-Type: [application/json; charset=utf-8]
      User-Agent: [python/3.5.3 (Windows-10-10.0.16299-SP0) requests/2.18.4 msrest/0.4.25
          msrest_azure/0.4.20 azure-mgmt-sql/0.8.5 Azure-SDK-For-Python AZURECLI/2.0.26]
      accept-language: [en-US]
    method: PUT
    uri: https://management.azure.com/subscriptions/00000000-0000-0000-0000-000000000000/resourceGroups/clitest.rg000001/providers/Microsoft.Sql/servers/clitestserver000002/firewallRules/rule1?api-version=2014-04-01
  response:
    body: {string: '{"id":"/subscriptions/00000000-0000-0000-0000-000000000000/resourceGroups/clitest.rg000001/providers/Microsoft.Sql/servers/clitestserver000002/firewallRules/rule1","name":"rule1","type":"Microsoft.Sql/servers/firewallRules","location":"West
        US","kind":"v12.0","properties":{"startIpAddress":"0.0.0.0","endIpAddress":"123.123.123.124"}}'}
    headers:
      cache-control: ['no-store, no-cache']
      content-length: ['438']
      content-type: [application/json; odata=minimalmetadata; streaming=true; charset=utf-8]
      dataserviceversion: [3.0;]
      date: ['Sun, 21 Jan 2018 17:21:41 GMT']
      preference-applied: [return-content]
      server: [Microsoft-HTTPAPI/2.0]
      strict-transport-security: [max-age=31536000; includeSubDomains]
      transfer-encoding: [chunked]
      vary: [Accept-Encoding]
      x-content-type-options: [nosniff]
      x-ms-ratelimit-remaining-subscription-writes: ['1196']
    status: {code: 200, message: OK}
- request:
    body: null
    headers:
      Accept: [application/json]
      Accept-Encoding: ['gzip, deflate']
      CommandName: [sql server firewall-rule update]
      Connection: [keep-alive]
      Content-Type: [application/json; charset=utf-8]
      User-Agent: [python/3.5.3 (Windows-10-10.0.16299-SP0) requests/2.18.4 msrest/0.4.25
          msrest_azure/0.4.20 azure-mgmt-sql/0.8.5 Azure-SDK-For-Python AZURECLI/2.0.26]
      accept-language: [en-US]
    method: GET
    uri: https://management.azure.com/subscriptions/00000000-0000-0000-0000-000000000000/resourceGroups/clitest.rg000001/providers/Microsoft.Sql/servers/clitestserver000002/firewallRules/rule1?api-version=2014-04-01
  response:
    body: {string: '{"id":"/subscriptions/00000000-0000-0000-0000-000000000000/resourceGroups/clitest.rg000001/providers/Microsoft.Sql/servers/clitestserver000002/firewallRules/rule1","name":"rule1","type":"Microsoft.Sql/servers/firewallRules","location":"West
        US","kind":"v12.0","properties":{"startIpAddress":"0.0.0.0","endIpAddress":"123.123.123.124"}}'}
    headers:
      cache-control: ['no-store, no-cache']
      content-length: ['438']
      content-type: [application/json; odata=minimalmetadata; streaming=true; charset=utf-8]
      dataserviceversion: [3.0;]
      date: ['Sun, 21 Jan 2018 17:21:42 GMT']
      server: [Microsoft-HTTPAPI/2.0]
      strict-transport-security: [max-age=31536000; includeSubDomains]
      transfer-encoding: [chunked]
      vary: [Accept-Encoding]
      x-content-type-options: [nosniff]
    status: {code: 200, message: OK}
- request:
    body: '{"properties": {"startIpAddress": "0.0.0.0", "endIpAddress": "255.255.255.255"}}'
    headers:
      Accept: [application/json]
      Accept-Encoding: ['gzip, deflate']
      CommandName: [sql server firewall-rule update]
      Connection: [keep-alive]
      Content-Length: ['80']
      Content-Type: [application/json; charset=utf-8]
      User-Agent: [python/3.5.3 (Windows-10-10.0.16299-SP0) requests/2.18.4 msrest/0.4.25
          msrest_azure/0.4.20 azure-mgmt-sql/0.8.5 Azure-SDK-For-Python AZURECLI/2.0.26]
      accept-language: [en-US]
    method: PUT
    uri: https://management.azure.com/subscriptions/00000000-0000-0000-0000-000000000000/resourceGroups/clitest.rg000001/providers/Microsoft.Sql/servers/clitestserver000002/firewallRules/rule1?api-version=2014-04-01
  response:
    body: {string: '{"id":"/subscriptions/00000000-0000-0000-0000-000000000000/resourceGroups/clitest.rg000001/providers/Microsoft.Sql/servers/clitestserver000002/firewallRules/rule1","name":"rule1","type":"Microsoft.Sql/servers/firewallRules","location":"West
        US","kind":"v12.0","properties":{"startIpAddress":"0.0.0.0","endIpAddress":"255.255.255.255"}}'}
    headers:
      cache-control: ['no-store, no-cache']
      content-length: ['438']
      content-type: [application/json; odata=minimalmetadata; streaming=true; charset=utf-8]
      dataserviceversion: [3.0;]
      date: ['Sun, 21 Jan 2018 17:21:43 GMT']
      preference-applied: [return-content]
      server: [Microsoft-HTTPAPI/2.0]
      strict-transport-security: [max-age=31536000; includeSubDomains]
      transfer-encoding: [chunked]
      vary: [Accept-Encoding]
      x-content-type-options: [nosniff]
      x-ms-ratelimit-remaining-subscription-writes: ['1198']
    status: {code: 200, message: OK}
- request:
    body: '{"properties": {"startIpAddress": "123.123.123.123", "endIpAddress": "123.123.123.124"}}'
    headers:
      Accept: [application/json]
      Accept-Encoding: ['gzip, deflate']
      CommandName: [sql server firewall-rule create]
      Connection: [keep-alive]
      Content-Length: ['88']
      Content-Type: [application/json; charset=utf-8]
      User-Agent: [python/3.5.3 (Windows-10-10.0.16299-SP0) requests/2.18.4 msrest/0.4.25
          msrest_azure/0.4.20 azure-mgmt-sql/0.8.5 Azure-SDK-For-Python AZURECLI/2.0.26]
      accept-language: [en-US]
    method: PUT
    uri: https://management.azure.com/subscriptions/00000000-0000-0000-0000-000000000000/resourceGroups/clitest.rg000001/providers/Microsoft.Sql/servers/clitestserver000002/firewallRules/rule2?api-version=2014-04-01
  response:
    body: {string: '{"id":"/subscriptions/00000000-0000-0000-0000-000000000000/resourceGroups/clitest.rg000001/providers/Microsoft.Sql/servers/clitestserver000002/firewallRules/rule2","name":"rule2","type":"Microsoft.Sql/servers/firewallRules","location":"West
        US","kind":"v12.0","properties":{"startIpAddress":"123.123.123.123","endIpAddress":"123.123.123.124"}}'}
    headers:
      cache-control: ['no-store, no-cache']
      content-length: ['446']
      content-type: [application/json; odata=minimalmetadata; streaming=true; charset=utf-8]
      dataserviceversion: [3.0;]
      date: ['Sun, 21 Jan 2018 17:21:45 GMT']
      preference-applied: [return-content]
      server: [Microsoft-HTTPAPI/2.0]
      strict-transport-security: [max-age=31536000; includeSubDomains]
      x-content-type-options: [nosniff]
      x-ms-ratelimit-remaining-subscription-writes: ['1199']
    status: {code: 201, message: Created}
- request:
    body: null
    headers:
      Accept: [application/json]
      Accept-Encoding: ['gzip, deflate']
      CommandName: [sql server firewall-rule list]
      Connection: [keep-alive]
      Content-Type: [application/json; charset=utf-8]
      User-Agent: [python/3.5.3 (Windows-10-10.0.16299-SP0) requests/2.18.4 msrest/0.4.25
          msrest_azure/0.4.20 azure-mgmt-sql/0.8.5 Azure-SDK-For-Python AZURECLI/2.0.26]
      accept-language: [en-US]
    method: GET
    uri: https://management.azure.com/subscriptions/00000000-0000-0000-0000-000000000000/resourceGroups/clitest.rg000001/providers/Microsoft.Sql/servers/clitestserver000002/firewallRules?api-version=2014-04-01
  response:
    body: {string: '{"value":[{"id":"/subscriptions/00000000-0000-0000-0000-000000000000/resourceGroups/clitest.rg000001/providers/Microsoft.Sql/servers/clitestserver000002/firewallRules/rule1","name":"rule1","type":"Microsoft.Sql/servers/firewallRules","location":"West
        US","kind":"v12.0","properties":{"startIpAddress":"0.0.0.0","endIpAddress":"255.255.255.255"}},{"id":"/subscriptions/00000000-0000-0000-0000-000000000000/resourceGroups/clitest.rg000001/providers/Microsoft.Sql/servers/clitestserver000002/firewallRules/rule2","name":"rule2","type":"Microsoft.Sql/servers/firewallRules","location":"West
        US","kind":"v12.0","properties":{"startIpAddress":"123.123.123.123","endIpAddress":"123.123.123.124"}}]}'}
    headers:
      cache-control: ['no-store, no-cache']
      content-length: ['897']
      content-type: [application/json; odata=minimalmetadata; streaming=true; charset=utf-8]
      dataserviceversion: [3.0;]
      date: ['Sun, 21 Jan 2018 17:21:46 GMT']
      server: [Microsoft-HTTPAPI/2.0]
      strict-transport-security: [max-age=31536000; includeSubDomains]
      transfer-encoding: [chunked]
      vary: [Accept-Encoding]
      x-content-type-options: [nosniff]
    status: {code: 200, message: OK}
- request:
    body: null
    headers:
      Accept: [application/json]
      Accept-Encoding: ['gzip, deflate']
      CommandName: [sql server firewall-rule delete]
      Connection: [keep-alive]
      Content-Length: ['0']
      Content-Type: [application/json; charset=utf-8]
      User-Agent: [python/3.5.3 (Windows-10-10.0.16299-SP0) requests/2.18.4 msrest/0.4.25
          msrest_azure/0.4.20 azure-mgmt-sql/0.8.5 Azure-SDK-For-Python AZURECLI/2.0.26]
      accept-language: [en-US]
    method: DELETE
    uri: https://management.azure.com/subscriptions/00000000-0000-0000-0000-000000000000/resourceGroups/clitest.rg000001/providers/Microsoft.Sql/servers/clitestserver000002/firewallRules/rule1?api-version=2014-04-01
  response:
    body: {string: ''}
    headers:
      cache-control: ['no-store, no-cache']
      content-length: ['0']
      content-type: [application/xml; charset=utf-8]
      dataserviceversion: [1.0;]
      date: ['Sun, 21 Jan 2018 17:21:47 GMT']
      server: [Microsoft-HTTPAPI/2.0]
      strict-transport-security: [max-age=31536000; includeSubDomains]
      x-content-type-options: [nosniff]
      x-ms-ratelimit-remaining-subscription-writes: ['1199']
    status: {code: 200, message: OK}
- request:
    body: null
    headers:
      Accept: [application/json]
      Accept-Encoding: ['gzip, deflate']
      CommandName: [sql server firewall-rule list]
      Connection: [keep-alive]
      Content-Type: [application/json; charset=utf-8]
      User-Agent: [python/3.5.3 (Windows-10-10.0.16299-SP0) requests/2.18.4 msrest/0.4.25
          msrest_azure/0.4.20 azure-mgmt-sql/0.8.5 Azure-SDK-For-Python AZURECLI/2.0.26]
      accept-language: [en-US]
    method: GET
    uri: https://management.azure.com/subscriptions/00000000-0000-0000-0000-000000000000/resourceGroups/clitest.rg000001/providers/Microsoft.Sql/servers/clitestserver000002/firewallRules?api-version=2014-04-01
  response:
    body: {string: '{"value":[{"id":"/subscriptions/00000000-0000-0000-0000-000000000000/resourceGroups/clitest.rg000001/providers/Microsoft.Sql/servers/clitestserver000002/firewallRules/rule2","name":"rule2","type":"Microsoft.Sql/servers/firewallRules","location":"West
        US","kind":"v12.0","properties":{"startIpAddress":"123.123.123.123","endIpAddress":"123.123.123.124"}}]}'}
    headers:
      cache-control: ['no-store, no-cache']
      content-length: ['458']
      content-type: [application/json; odata=minimalmetadata; streaming=true; charset=utf-8]
      dataserviceversion: [3.0;]
      date: ['Sun, 21 Jan 2018 17:21:48 GMT']
      server: [Microsoft-HTTPAPI/2.0]
      strict-transport-security: [max-age=31536000; includeSubDomains]
      transfer-encoding: [chunked]
      vary: [Accept-Encoding]
      x-content-type-options: [nosniff]
    status: {code: 200, message: OK}
- request:
    body: null
    headers:
      Accept: [application/json]
      Accept-Encoding: ['gzip, deflate']
      CommandName: [sql server firewall-rule delete]
      Connection: [keep-alive]
      Content-Length: ['0']
      Content-Type: [application/json; charset=utf-8]
      User-Agent: [python/3.5.3 (Windows-10-10.0.16299-SP0) requests/2.18.4 msrest/0.4.25
          msrest_azure/0.4.20 azure-mgmt-sql/0.8.5 Azure-SDK-For-Python AZURECLI/2.0.26]
      accept-language: [en-US]
    method: DELETE
    uri: https://management.azure.com/subscriptions/00000000-0000-0000-0000-000000000000/resourceGroups/clitest.rg000001/providers/Microsoft.Sql/servers/clitestserver000002/firewallRules/rule2?api-version=2014-04-01
  response:
    body: {string: ''}
    headers:
      cache-control: ['no-store, no-cache']
      content-length: ['0']
      content-type: [application/xml; charset=utf-8]
      dataserviceversion: [1.0;]
      date: ['Sun, 21 Jan 2018 17:21:48 GMT']
      server: [Microsoft-HTTPAPI/2.0]
      strict-transport-security: [max-age=31536000; includeSubDomains]
      x-content-type-options: [nosniff]
      x-ms-ratelimit-remaining-subscription-writes: ['1198']
    status: {code: 200, message: OK}
- request:
    body: null
    headers:
      Accept: [application/json]
      Accept-Encoding: ['gzip, deflate']
      CommandName: [sql server firewall-rule list]
      Connection: [keep-alive]
      Content-Type: [application/json; charset=utf-8]
      User-Agent: [python/3.5.3 (Windows-10-10.0.16299-SP0) requests/2.18.4 msrest/0.4.25
          msrest_azure/0.4.20 azure-mgmt-sql/0.8.5 Azure-SDK-For-Python AZURECLI/2.0.26]
      accept-language: [en-US]
    method: GET
    uri: https://management.azure.com/subscriptions/00000000-0000-0000-0000-000000000000/resourceGroups/clitest.rg000001/providers/Microsoft.Sql/servers/clitestserver000002/firewallRules?api-version=2014-04-01
  response:
    body: {string: '{"value":[]}'}
    headers:
      cache-control: ['no-store, no-cache']
      content-length: ['12']
      content-type: [application/json; odata=minimalmetadata; streaming=true; charset=utf-8]
      dataserviceversion: [3.0;]
      date: ['Sun, 21 Jan 2018 17:21:49 GMT']
      server: [Microsoft-HTTPAPI/2.0]
      strict-transport-security: [max-age=31536000; includeSubDomains]
      transfer-encoding: [chunked]
      vary: [Accept-Encoding]
      x-content-type-options: [nosniff]
    status: {code: 200, message: OK}
- request:
    body: null
    headers:
      Accept: [application/json]
      Accept-Encoding: ['gzip, deflate']
      CommandName: [group delete]
      Connection: [keep-alive]
      Content-Length: ['0']
      Content-Type: [application/json; charset=utf-8]
      User-Agent: [python/3.5.3 (Windows-10-10.0.16299-SP0) requests/2.18.4 msrest/0.4.25
          msrest_azure/0.4.20 resourcemanagementclient/1.2.1 Azure-SDK-For-Python
          AZURECLI/2.0.26]
      accept-language: [en-US]
    method: DELETE
    uri: https://management.azure.com/subscriptions/00000000-0000-0000-0000-000000000000/resourcegroups/clitest.rg000001?api-version=2017-05-10
  response:
    body: {string: ''}
    headers:
      cache-control: [no-cache]
      content-length: ['0']
      date: ['Sun, 21 Jan 2018 17:21:50 GMT']
      expires: ['-1']
      location: ['https://management.azure.com/subscriptions/00000000-0000-0000-0000-000000000000/operationresults/eyJqb2JJZCI6IlJFU09VUkNFR1JPVVBERUxFVElPTkpPQi1DTElURVNUOjJFUkdVNElZVVpJR1pGQVRTUDNOM0lPWlUzR1g1SFU2RzNIVU03RXxBQzREQzRFREU1QTdBQjNBLVdFU1RVUyIsImpvYkxvY2F0aW9uIjoid2VzdHVzIn0?api-version=2017-05-10']
      pragma: [no-cache]
      strict-transport-security: [max-age=31536000; includeSubDomains]
      x-ms-ratelimit-remaining-subscription-writes: ['1199']
    status: {code: 202, message: Accepted}
version: 1
