interactions:
- request:
    body: '{"location": "westus", "tags": {"use": "az-test"}}'
    headers:
      Accept: [application/json]
      Accept-Encoding: ['gzip, deflate']
      CommandName: [group create]
      Connection: [keep-alive]
      Content-Length: ['50']
      Content-Type: [application/json; charset=utf-8]
      User-Agent: [python/3.5.3 (Windows-10-10.0.16299-SP0) requests/2.18.4 msrest/0.4.19
          msrest_azure/0.4.17 resourcemanagementclient/1.2.1 Azure-SDK-For-Python
          AZURECLI/2.0.22]
      accept-language: [en-US]
    method: PUT
    uri: https://management.azure.com/subscriptions/00000000-0000-0000-0000-000000000000/resourcegroups/clitest.rg000001?api-version=2017-05-10
  response:
    body: {string: '{"id":"/subscriptions/00000000-0000-0000-0000-000000000000/resourceGroups/clitest.rg000001","name":"clitest.rg000001","location":"westus","tags":{"use":"az-test"},"properties":{"provisioningState":"Succeeded"}}'}
    headers:
      cache-control: [no-cache]
      content-length: ['328']
      content-type: [application/json; charset=utf-8]
      date: ['Mon, 11 Dec 2017 20:00:11 GMT']
      expires: ['-1']
      pragma: [no-cache]
      strict-transport-security: [max-age=31536000; includeSubDomains]
      x-ms-ratelimit-remaining-subscription-writes: ['1199']
    status: {code: 201, message: Created}
- request:
    body: '{"location": "westus", "sku": {"name": "Standard_LRS"}, "kind": "Storage",
      "properties": {"supportsHttpsTrafficOnly": false}}'
    headers:
      Accept: [application/json]
      Accept-Encoding: ['gzip, deflate']
      CommandName: [storage account create]
      Connection: [keep-alive]
      Content-Length: ['125']
      Content-Type: [application/json; charset=utf-8]
      User-Agent: [python/3.5.3 (Windows-10-10.0.16299-SP0) requests/2.18.4 msrest/0.4.19
          msrest_azure/0.4.17 storagemanagementclient/1.4.0 Azure-SDK-For-Python AZURECLI/2.0.22]
      accept-language: [en-US]
    method: PUT
    uri: https://management.azure.com/subscriptions/00000000-0000-0000-0000-000000000000/resourceGroups/clitest.rg000001/providers/Microsoft.Storage/storageAccounts/clitest000002?api-version=2017-06-01
  response:
    body: {string: ''}
    headers:
      cache-control: [no-cache]
      content-length: ['0']
      date: ['Mon, 11 Dec 2017 20:00:18 GMT']
      expires: ['-1']
      location: ['https://management.azure.com/subscriptions/00000000-0000-0000-0000-000000000000/providers/Microsoft.Storage/locations/westus/asyncoperations/dc0dea4d-e189-4215-b24d-e813e0f3bbe7?monitor=true&api-version=2017-06-01']
      pragma: [no-cache]
      server: [Microsoft-Azure-Storage-Resource-Provider/1.0, Microsoft-HTTPAPI/2.0]
      strict-transport-security: [max-age=31536000; includeSubDomains]
      x-ms-ratelimit-remaining-subscription-writes: ['1198']
    status: {code: 202, message: Accepted}
- request:
    body: null
    headers:
      Accept: [application/json]
      Accept-Encoding: ['gzip, deflate']
      CommandName: [storage account create]
      Connection: [keep-alive]
      Content-Type: [application/json; charset=utf-8]
      User-Agent: [python/3.5.3 (Windows-10-10.0.16299-SP0) requests/2.18.4 msrest/0.4.19
          msrest_azure/0.4.17 storagemanagementclient/1.4.0 Azure-SDK-For-Python AZURECLI/2.0.22]
      accept-language: [en-US]
    method: GET
    uri: https://management.azure.com/subscriptions/00000000-0000-0000-0000-000000000000/providers/Microsoft.Storage/locations/westus/asyncoperations/dc0dea4d-e189-4215-b24d-e813e0f3bbe7?monitor=true&api-version=2017-06-01
  response:
    body: {string: '{"id":"/subscriptions/00000000-0000-0000-0000-000000000000/resourceGroups/clitest.rg000001/providers/Microsoft.Storage/storageAccounts/clitest000002","kind":"Storage","location":"westus","name":"clitest000002","properties":{"creationTime":"2017-12-11T20:00:19.0871908Z","encryption":{"keySource":"Microsoft.Storage","services":{"blob":{"enabled":true,"lastEnabledTime":"2017-12-11T20:00:19.0901913Z"},"file":{"enabled":true,"lastEnabledTime":"2017-12-11T20:00:19.0901913Z"}}},"networkAcls":{"bypass":"AzureServices","defaultAction":"Allow","ipRules":[],"virtualNetworkRules":[]},"primaryEndpoints":{"blob":"https://clitest000002.blob.core.windows.net/","file":"https://clitest000002.file.core.windows.net/","queue":"https://clitest000002.queue.core.windows.net/","table":"https://clitest000002.table.core.windows.net/"},"primaryLocation":"westus","provisioningState":"Succeeded","statusOfPrimary":"available","supportsHttpsTrafficOnly":false},"sku":{"name":"Standard_LRS","tier":"Standard"},"tags":{},"type":"Microsoft.Storage/storageAccounts"}

        '}
    headers:
      cache-control: [no-cache]
      content-length: ['1170']
      content-type: [application/json]
      date: ['Mon, 11 Dec 2017 20:00:42 GMT']
      expires: ['-1']
      pragma: [no-cache]
      server: [Microsoft-Azure-Storage-Resource-Provider/1.0, Microsoft-HTTPAPI/2.0]
      strict-transport-security: [max-age=31536000; includeSubDomains]
      transfer-encoding: [chunked]
      vary: [Accept-Encoding]
    status: {code: 200, message: OK}
- request:
    body: null
    headers:
      Accept: [application/json]
      Accept-Encoding: ['gzip, deflate']
      CommandName: [storage account keys list]
      Connection: [keep-alive]
      Content-Length: ['0']
      Content-Type: [application/json; charset=utf-8]
      User-Agent: [python/3.5.3 (Windows-10-10.0.16299-SP0) requests/2.18.4 msrest/0.4.19
          msrest_azure/0.4.17 storagemanagementclient/1.4.0 Azure-SDK-For-Python AZURECLI/2.0.22]
      accept-language: [en-US]
    method: POST
    uri: https://management.azure.com/subscriptions/00000000-0000-0000-0000-000000000000/resourceGroups/clitest.rg000001/providers/Microsoft.Storage/storageAccounts/clitest000002/listKeys?api-version=2017-06-01
  response:
    body: {string: '{"keys":[{"keyName":"key1","permissions":"Full","value":"dcWY5ixDI1zN6JQS04jrWdVJmfT2R55d0lGMOcwgFLU5GxF42e7OII/ayBviNBZcn8W7kU9GgtWN7sAnnWUlZQ=="},{"keyName":"key2","permissions":"Full","value":"hQ4ABweMsDbgKCQrielcXp94ubklB70oWIEU5TfiX7hc6pzhNHbrtwJj7QB1jlfjDYySy5tC4mFmJ6tTCfYlDQ=="}]}

        '}
    headers:
      cache-control: [no-cache]
      content-length: ['289']
      content-type: [application/json]
      date: ['Mon, 11 Dec 2017 20:00:43 GMT']
      expires: ['-1']
      pragma: [no-cache]
      server: [Microsoft-Azure-Storage-Resource-Provider/1.0, Microsoft-HTTPAPI/2.0]
      strict-transport-security: [max-age=31536000; includeSubDomains]
      transfer-encoding: [chunked]
      vary: [Accept-Encoding]
      x-ms-ratelimit-remaining-subscription-writes: ['1198']
    status: {code: 200, message: OK}
- request:
    body: 'b''{"name": "clireg000003", "type": "Microsoft.ContainerRegistry/registries"}'''
    headers:
      Accept: [application/json]
      Accept-Encoding: ['gzip, deflate']
      CommandName: [acr create]
      Connection: [keep-alive]
      Content-Length: ['82']
      Content-Type: [application/json; charset=utf-8]
      User-Agent: [python/3.5.3 (Windows-10-10.0.16299-SP0) requests/2.18.4 msrest/0.4.19
          msrest_azure/0.4.17 containerregistrymanagementclient/1.0.1 Azure-SDK-For-Python
          AZURECLI/2.0.22]
      accept-language: [en-US]
    method: POST
    uri: https://management.azure.com/subscriptions/00000000-0000-0000-0000-000000000000/providers/Microsoft.ContainerRegistry/checkNameAvailability?api-version=2017-10-01
  response:
    body: {string: '{"nameAvailable":true}'}
    headers:
      cache-control: [no-cache]
      content-length: ['22']
      content-type: [application/json; charset=utf-8]
      date: ['Mon, 11 Dec 2017 20:00:49 GMT']
      expires: ['-1']
      pragma: [no-cache]
      server: [Microsoft-HTTPAPI/2.0]
      strict-transport-security: [max-age=31536000; includeSubDomains]
      transfer-encoding: [chunked]
      vary: [Accept-Encoding]
    status: {code: 200, message: OK}
- request:
    body: '{"name": "clireg7ddylrjbweih200050", "type": "Microsoft.Storage/storageAccounts"}'
    headers:
      Accept: [application/json]
      Accept-Encoding: ['gzip, deflate']
      CommandName: [acr create]
      Connection: [keep-alive]
      Content-Length: ['81']
      Content-Type: [application/json; charset=utf-8]
      User-Agent: [python/3.5.3 (Windows-10-10.0.16299-SP0) requests/2.18.4 msrest/0.4.19
          msrest_azure/0.4.17 storagemanagementclient/1.4.0 Azure-SDK-For-Python AZURECLI/2.0.22]
      accept-language: [en-US]
    method: POST
    uri: https://management.azure.com/subscriptions/00000000-0000-0000-0000-000000000000/providers/Microsoft.Storage/checkNameAvailability?api-version=2017-06-01
  response:
    body: {string: '{"nameAvailable":true}

        '}
    headers:
      cache-control: [no-cache]
      content-length: ['23']
      content-type: [application/json]
      date: ['Mon, 11 Dec 2017 20:00:55 GMT']
      expires: ['-1']
      pragma: [no-cache]
      server: [Microsoft-Azure-Storage-Resource-Provider/1.0, Microsoft-HTTPAPI/2.0]
      strict-transport-security: [max-age=31536000; includeSubDomains]
      transfer-encoding: [chunked]
      vary: [Accept-Encoding]
    status: {code: 200, message: OK}
- request:
    body: 'b''{"properties": {"parameters": {"storageAccountName": {"value": "clireg7ddylrjbweih200050"},
      "registryLocation": {"value": "westus"}, "registrySku": {"value": "Classic"},
      "registryName": {"value": "clireg000003"}, "adminUserEnabled": {"value": false}},
      "mode": "Incremental", "template": {"$schema": "https://schema.management.azure.com/schemas/2015-01-01/deploymentTemplate.json#",
      "parameters": {"storageAccountName": {"metadata": {"description": "The name
      of the storage account used by the container registry."}, "type": "string"},
      "adminUserEnabled": {"metadata": {"description": "The value that indicates whether
      the admin user is enabled."}, "type": "bool", "defaultValue": false}, "registryLocation":
      {"metadata": {"description": "The location of the container registry. This cannot
      be changed after the resource is created."}, "type": "string"}, "registryName":
      {"metadata": {"description": "The name of the container registry."}, "type":
      "string"}, "registryApiVersion": {"metadata": {"description": "The API version
      of the container registry."}, "type": "string", "defaultValue": "2017-10-01"},
      "registrySku": {"metadata": {"description": "The SKU of the container registry."},
      "type": "string", "defaultValue": "Classic"}}, "resources": [{"type": "Microsoft.Storage/storageAccounts",
      "sku": {"name": "Standard_LRS"}, "name": "[parameters(\''storageAccountName\'')]",
      "kind": "Storage", "tags": {"containerregistry": "[parameters(\''registryName\'')]"},
      "location": "[parameters(\''registryLocation\'')]", "apiVersion": "2016-12-01",
      "properties": {"encryption": {"keySource": "Microsoft.Storage", "services":
      {"blob": {"enabled": true}}}}}, {"sku": {"name": "[parameters(\''registrySku\'')]"},
      "name": "[parameters(\''registryName\'')]", "type": "Microsoft.ContainerRegistry/registries",
      "location": "[parameters(\''registryLocation\'')]", "apiVersion": "[parameters(\''registryApiVersion\'')]",
      "dependsOn": ["[resourceId(\''Microsoft.Storage/storageAccounts\'', parameters(\''storageAccountName\''))]"],
      "properties": {"adminUserEnabled": "[parameters(\''adminUserEnabled\'')]", "storageAccount":
      {"id": "[resourceId(\''Microsoft.Storage/storageAccounts\'', parameters(\''storageAccountName\''))]"}}}],
      "contentVersion": "1.0.0.0"}}}'''
    headers:
      Accept: [application/json]
      Accept-Encoding: ['gzip, deflate']
      CommandName: [acr create]
      Connection: [keep-alive]
      Content-Length: ['2206']
      Content-Type: [application/json; charset=utf-8]
      User-Agent: [python/3.5.3 (Windows-10-10.0.16299-SP0) requests/2.18.4 msrest/0.4.19
          msrest_azure/0.4.17 resourcemanagementclient/1.2.1 Azure-SDK-For-Python
          AZURECLI/2.0.22]
      accept-language: [en-US]
    method: PUT
    uri: https://management.azure.com/subscriptions/00000000-0000-0000-0000-000000000000/resourcegroups/clitest.rg000001/providers/Microsoft.Resources/deployments/mock-deployment?api-version=2017-05-10
  response:
    body: {string: '{"id":"/subscriptions/00000000-0000-0000-0000-000000000000/resourceGroups/clitest.rg000001/providers/Microsoft.Resources/deployments/Microsoft.ContainerRegistry","name":"Microsoft.ContainerRegistry","properties":{"templateHash":"7460971895038066642","parameters":{"storageAccountName":{"type":"String","value":"clireg7ddylrjbweih200050"},"adminUserEnabled":{"type":"Bool","value":false},"registryLocation":{"type":"String","value":"westus"},"registryName":{"type":"String","value":"clireg000003"},"registryApiVersion":{"type":"String","value":"2017-10-01"},"registrySku":{"type":"String","value":"Classic"}},"mode":"Incremental","provisioningState":"Accepted","timestamp":"2017-12-11T20:01:14.3427771Z","duration":"PT5.5653654S","correlationId":"4a982053-cf90-46a9-8f6e-a7f34e369cd0","providers":[{"namespace":"Microsoft.Storage","resourceTypes":[{"resourceType":"storageAccounts","locations":["westus"]}]},{"namespace":"Microsoft.ContainerRegistry","resourceTypes":[{"resourceType":"registries","locations":["westus"]}]}],"dependencies":[{"dependsOn":[{"id":"/subscriptions/00000000-0000-0000-0000-000000000000/resourceGroups/clitest.rg000001/providers/Microsoft.Storage/storageAccounts/clireg7ddylrjbweih200050","resourceType":"Microsoft.Storage/storageAccounts","resourceName":"clireg7ddylrjbweih200050"}],"id":"/subscriptions/00000000-0000-0000-0000-000000000000/resourceGroups/clitest.rg000001/providers/Microsoft.ContainerRegistry/registries/clireg000003","resourceType":"Microsoft.ContainerRegistry/registries","resourceName":"clireg000003"}]}}'}
    headers:
      azure-asyncoperation: ['https://management.azure.com/subscriptions/00000000-0000-0000-0000-000000000000/resourcegroups/clitest.rg000001/providers/Microsoft.Resources/deployments/Microsoft.ContainerRegistry/operationStatuses/08586885844167002238?api-version=2017-05-10']
      cache-control: [no-cache]
      content-length: ['1752']
      content-type: [application/json; charset=utf-8]
      date: ['Mon, 11 Dec 2017 20:01:14 GMT']
      expires: ['-1']
      pragma: [no-cache]
      strict-transport-security: [max-age=31536000; includeSubDomains]
      x-ms-ratelimit-remaining-subscription-writes: ['1196']
    status: {code: 201, message: Created}
- request:
    body: null
    headers:
      Accept: [application/json]
      Accept-Encoding: ['gzip, deflate']
      CommandName: [acr create]
      Connection: [keep-alive]
      Content-Type: [application/json; charset=utf-8]
      User-Agent: [python/3.5.3 (Windows-10-10.0.16299-SP0) requests/2.18.4 msrest/0.4.19
          msrest_azure/0.4.17 resourcemanagementclient/1.2.1 Azure-SDK-For-Python
          AZURECLI/2.0.22]
      accept-language: [en-US]
    method: GET
    uri: https://management.azure.com/subscriptions/00000000-0000-0000-0000-000000000000/resourcegroups/clitest.rg000001/providers/Microsoft.Resources/deployments/mock-deployment/operationStatuses/08586885844167002238?api-version=2017-05-10
  response:
    body: {string: '{"status":"Running"}'}
    headers:
      cache-control: [no-cache]
      content-length: ['20']
      content-type: [application/json; charset=utf-8]
      date: ['Mon, 11 Dec 2017 20:01:56 GMT']
      expires: ['-1']
      pragma: [no-cache]
      strict-transport-security: [max-age=31536000; includeSubDomains]
      vary: [Accept-Encoding]
    status: {code: 200, message: OK}
- request:
    body: null
    headers:
      Accept: [application/json]
      Accept-Encoding: ['gzip, deflate']
      CommandName: [acr create]
      Connection: [keep-alive]
      Content-Type: [application/json; charset=utf-8]
      User-Agent: [python/3.5.3 (Windows-10-10.0.16299-SP0) requests/2.18.4 msrest/0.4.19
          msrest_azure/0.4.17 resourcemanagementclient/1.2.1 Azure-SDK-For-Python
          AZURECLI/2.0.22]
      accept-language: [en-US]
    method: GET
    uri: https://management.azure.com/subscriptions/00000000-0000-0000-0000-000000000000/resourcegroups/clitest.rg000001/providers/Microsoft.Resources/deployments/mock-deployment/operationStatuses/08586885844167002238?api-version=2017-05-10
  response:
    body: {string: '{"status":"Succeeded"}'}
    headers:
      cache-control: [no-cache]
      content-length: ['22']
      content-type: [application/json; charset=utf-8]
      date: ['Mon, 11 Dec 2017 20:02:31 GMT']
      expires: ['-1']
      pragma: [no-cache]
      strict-transport-security: [max-age=31536000; includeSubDomains]
      vary: [Accept-Encoding]
    status: {code: 200, message: OK}
- request:
    body: null
    headers:
      Accept: [application/json]
      Accept-Encoding: ['gzip, deflate']
      CommandName: [acr create]
      Connection: [keep-alive]
      Content-Type: [application/json; charset=utf-8]
      User-Agent: [python/3.5.3 (Windows-10-10.0.16299-SP0) requests/2.18.4 msrest/0.4.19
          msrest_azure/0.4.17 resourcemanagementclient/1.2.1 Azure-SDK-For-Python
          AZURECLI/2.0.22]
      accept-language: [en-US]
    method: GET
    uri: https://management.azure.com/subscriptions/00000000-0000-0000-0000-000000000000/resourcegroups/clitest.rg000001/providers/Microsoft.Resources/deployments/mock-deployment?api-version=2017-05-10
  response:
    body: {string: '{"id":"/subscriptions/00000000-0000-0000-0000-000000000000/resourceGroups/clitest.rg000001/providers/Microsoft.Resources/deployments/Microsoft.ContainerRegistry","name":"Microsoft.ContainerRegistry","properties":{"templateHash":"7460971895038066642","parameters":{"storageAccountName":{"type":"String","value":"clireg7ddylrjbweih200050"},"adminUserEnabled":{"type":"Bool","value":false},"registryLocation":{"type":"String","value":"westus"},"registryName":{"type":"String","value":"clireg000003"},"registryApiVersion":{"type":"String","value":"2017-10-01"},"registrySku":{"type":"String","value":"Classic"}},"mode":"Incremental","provisioningState":"Succeeded","timestamp":"2017-12-11T20:02:18.4657247Z","duration":"PT1M9.688313S","correlationId":"4a982053-cf90-46a9-8f6e-a7f34e369cd0","providers":[{"namespace":"Microsoft.Storage","resourceTypes":[{"resourceType":"storageAccounts","locations":["westus"]}]},{"namespace":"Microsoft.ContainerRegistry","resourceTypes":[{"resourceType":"registries","locations":["westus"]}]}],"dependencies":[{"dependsOn":[{"id":"/subscriptions/00000000-0000-0000-0000-000000000000/resourceGroups/clitest.rg000001/providers/Microsoft.Storage/storageAccounts/clireg7ddylrjbweih200050","resourceType":"Microsoft.Storage/storageAccounts","resourceName":"clireg7ddylrjbweih200050"}],"id":"/subscriptions/00000000-0000-0000-0000-000000000000/resourceGroups/clitest.rg000001/providers/Microsoft.ContainerRegistry/registries/clireg000003","resourceType":"Microsoft.ContainerRegistry/registries","resourceName":"clireg000003"}],"outputResources":[{"id":"/subscriptions/00000000-0000-0000-0000-000000000000/resourceGroups/clitest.rg000001/providers/Microsoft.ContainerRegistry/registries/clireg000003"},{"id":"/subscriptions/00000000-0000-0000-0000-000000000000/resourceGroups/clitest.rg000001/providers/Microsoft.Storage/storageAccounts/clireg7ddylrjbweih200050"}]}}'}
    headers:
      cache-control: [no-cache]
      content-length: ['2217']
      content-type: [application/json; charset=utf-8]
      date: ['Mon, 11 Dec 2017 20:02:37 GMT']
      expires: ['-1']
      pragma: [no-cache]
      strict-transport-security: [max-age=31536000; includeSubDomains]
      vary: [Accept-Encoding]
    status: {code: 200, message: OK}
- request:
    body: null
    headers:
      Accept: [application/json]
      Accept-Encoding: ['gzip, deflate']
      CommandName: [acr create]
      Connection: [keep-alive]
      Content-Type: [application/json; charset=utf-8]
      User-Agent: [python/3.5.3 (Windows-10-10.0.16299-SP0) requests/2.18.4 msrest/0.4.19
          msrest_azure/0.4.17 containerregistrymanagementclient/1.0.1 Azure-SDK-For-Python
          AZURECLI/2.0.22]
      accept-language: [en-US]
    method: GET
    uri: https://management.azure.com/subscriptions/00000000-0000-0000-0000-000000000000/resourceGroups/clitest.rg000001/providers/Microsoft.ContainerRegistry/registries/clireg000003?api-version=2017-10-01
  response:
    body: {string: '{"sku":{"name":"Classic","tier":"Classic"},"type":"Microsoft.ContainerRegistry/registries","id":"/subscriptions/00000000-0000-0000-0000-000000000000/resourceGroups/clitest.rg000001/providers/Microsoft.ContainerRegistry/registries/clireg000003","name":"clireg000003","location":"westus","tags":{},"properties":{"loginServer":"clireg000003.azurecr.io","creationDate":"2017-12-11T20:02:12.2932984Z","provisioningState":"Succeeded","adminUserEnabled":false,"storageAccount":{"id":"/subscriptions/00000000-0000-0000-0000-000000000000/resourceGroups/clitest.rg000001/providers/Microsoft.Storage/storageAccounts/clireg7ddylrjbweih200050"}}}'}
    headers:
      cache-control: [no-cache]
      content-length: ['775']
      content-type: [application/json; charset=utf-8]
      date: ['Mon, 11 Dec 2017 20:02:49 GMT']
      expires: ['-1']
      pragma: [no-cache]
      server: [Microsoft-HTTPAPI/2.0]
      strict-transport-security: [max-age=31536000; includeSubDomains]
      transfer-encoding: [chunked]
      vary: [Accept-Encoding]
    status: {code: 200, message: OK}
- request:
    body: 'b''{"name": "clireg000003", "type": "Microsoft.ContainerRegistry/registries"}'''
    headers:
      Accept: [application/json]
      Accept-Encoding: ['gzip, deflate']
      CommandName: [acr check-name]
      Connection: [keep-alive]
      Content-Length: ['82']
      Content-Type: [application/json; charset=utf-8]
      User-Agent: [python/3.5.3 (Windows-10-10.0.16299-SP0) requests/2.18.4 msrest/0.4.19
          msrest_azure/0.4.17 containerregistrymanagementclient/1.0.1 Azure-SDK-For-Python
          AZURECLI/2.0.22]
      accept-language: [en-US]
    method: POST
    uri: https://management.azure.com/subscriptions/00000000-0000-0000-0000-000000000000/providers/Microsoft.ContainerRegistry/checkNameAvailability?api-version=2017-10-01
  response:
    body: {string: '{"nameAvailable":false,"reason":"AlreadyExists","message":"The
        registry clireg000003 is already in use."}'}
    headers:
      cache-control: [no-cache]
      content-length: ['113']
      content-type: [application/json; charset=utf-8]
      date: ['Mon, 11 Dec 2017 20:02:57 GMT']
      expires: ['-1']
      pragma: [no-cache]
      server: [Microsoft-HTTPAPI/2.0]
      strict-transport-security: [max-age=31536000; includeSubDomains]
      transfer-encoding: [chunked]
      vary: [Accept-Encoding]
    status: {code: 200, message: OK}
- request:
    body: null
    headers:
      Accept: [application/json]
      Accept-Encoding: ['gzip, deflate']
      CommandName: [acr list]
      Connection: [keep-alive]
      Content-Type: [application/json; charset=utf-8]
      User-Agent: [python/3.5.3 (Windows-10-10.0.16299-SP0) requests/2.18.4 msrest/0.4.19
          msrest_azure/0.4.17 containerregistrymanagementclient/1.0.1 Azure-SDK-For-Python
          AZURECLI/2.0.22]
      accept-language: [en-US]
    method: GET
    uri: https://management.azure.com/subscriptions/00000000-0000-0000-0000-000000000000/resourceGroups/clitest.rg000001/providers/Microsoft.ContainerRegistry/registries?api-version=2017-10-01
  response:
    body: {string: '{"value":[{"sku":{"name":"Classic","tier":"Classic"},"type":"Microsoft.ContainerRegistry/registries","id":"/subscriptions/00000000-0000-0000-0000-000000000000/resourceGroups/clitest.rg000001/providers/Microsoft.ContainerRegistry/registries/clireg000003","name":"clireg000003","location":"westus","tags":{},"properties":{"loginServer":"clireg000003.azurecr.io","creationDate":"2017-12-11T20:02:12.2932984Z","provisioningState":"Succeeded","adminUserEnabled":false,"storageAccount":{"id":"/subscriptions/00000000-0000-0000-0000-000000000000/resourceGroups/clitest.rg000001/providers/Microsoft.Storage/storageAccounts/clireg7ddylrjbweih200050"}}}]}'}
    headers:
      cache-control: [no-cache]
      content-length: ['787']
      content-type: [application/json; charset=utf-8]
      date: ['Mon, 11 Dec 2017 20:03:02 GMT']
      expires: ['-1']
      pragma: [no-cache]
      server: [Microsoft-HTTPAPI/2.0]
      strict-transport-security: [max-age=31536000; includeSubDomains]
      transfer-encoding: [chunked]
      vary: [Accept-Encoding]
    status: {code: 200, message: OK}
- request:
    body: null
    headers:
      Accept: [application/json]
      Accept-Encoding: ['gzip, deflate']
      CommandName: [acr show]
      Connection: [keep-alive]
      Content-Type: [application/json; charset=utf-8]
      User-Agent: [python/3.5.3 (Windows-10-10.0.16299-SP0) requests/2.18.4 msrest/0.4.19
          msrest_azure/0.4.17 containerregistrymanagementclient/1.0.1 Azure-SDK-For-Python
          AZURECLI/2.0.22]
      accept-language: [en-US]
    method: GET
    uri: https://management.azure.com/subscriptions/00000000-0000-0000-0000-000000000000/resourceGroups/clitest.rg000001/providers/Microsoft.ContainerRegistry/registries/clireg000003?api-version=2017-10-01
  response:
    body: {string: '{"sku":{"name":"Classic","tier":"Classic"},"type":"Microsoft.ContainerRegistry/registries","id":"/subscriptions/00000000-0000-0000-0000-000000000000/resourceGroups/clitest.rg000001/providers/Microsoft.ContainerRegistry/registries/clireg000003","name":"clireg000003","location":"westus","tags":{},"properties":{"loginServer":"clireg000003.azurecr.io","creationDate":"2017-12-11T20:02:12.2932984Z","provisioningState":"Succeeded","adminUserEnabled":false,"storageAccount":{"id":"/subscriptions/00000000-0000-0000-0000-000000000000/resourceGroups/clitest.rg000001/providers/Microsoft.Storage/storageAccounts/clireg7ddylrjbweih200050"}}}'}
    headers:
      cache-control: [no-cache]
      content-length: ['775']
      content-type: [application/json; charset=utf-8]
      date: ['Mon, 11 Dec 2017 20:03:08 GMT']
      expires: ['-1']
      pragma: [no-cache]
      server: [Microsoft-HTTPAPI/2.0]
      strict-transport-security: [max-age=31536000; includeSubDomains]
      transfer-encoding: [chunked]
      vary: [Accept-Encoding]
    status: {code: 200, message: OK}
- request:
    body: null
    headers:
      Accept: [application/json]
      Accept-Encoding: ['gzip, deflate']
      CommandName: [acr update]
      Connection: [keep-alive]
      Content-Type: [application/json; charset=utf-8]
      User-Agent: [python/3.5.3 (Windows-10-10.0.16299-SP0) requests/2.18.4 msrest/0.4.19
          msrest_azure/0.4.17 containerregistrymanagementclient/1.0.1 Azure-SDK-For-Python
          AZURECLI/2.0.22]
      accept-language: [en-US]
    method: GET
    uri: https://management.azure.com/subscriptions/00000000-0000-0000-0000-000000000000/resourceGroups/clitest.rg000001/providers/Microsoft.ContainerRegistry/registries/clireg000003?api-version=2017-10-01
  response:
    body: {string: '{"sku":{"name":"Classic","tier":"Classic"},"type":"Microsoft.ContainerRegistry/registries","id":"/subscriptions/00000000-0000-0000-0000-000000000000/resourceGroups/clitest.rg000001/providers/Microsoft.ContainerRegistry/registries/clireg000003","name":"clireg000003","location":"westus","tags":{},"properties":{"loginServer":"clireg000003.azurecr.io","creationDate":"2017-12-11T20:02:12.2932984Z","provisioningState":"Succeeded","adminUserEnabled":false,"storageAccount":{"id":"/subscriptions/00000000-0000-0000-0000-000000000000/resourceGroups/clitest.rg000001/providers/Microsoft.Storage/storageAccounts/clireg7ddylrjbweih200050"}}}'}
    headers:
      cache-control: [no-cache]
      content-length: ['775']
      content-type: [application/json; charset=utf-8]
      date: ['Mon, 11 Dec 2017 20:03:14 GMT']
      expires: ['-1']
      pragma: [no-cache]
      server: [Microsoft-HTTPAPI/2.0]
      strict-transport-security: [max-age=31536000; includeSubDomains]
      transfer-encoding: [chunked]
      vary: [Accept-Encoding]
    status: {code: 200, message: OK}
- request:
    body: '{"properties": {"adminUserEnabled": true}, "tags": {"foo": "bar", "cat":
      ""}}'
    headers:
      Accept: [application/json]
      Accept-Encoding: ['gzip, deflate']
      CommandName: [acr update]
      Connection: [keep-alive]
      Content-Length: ['77']
      Content-Type: [application/json; charset=utf-8]
      User-Agent: [python/3.5.3 (Windows-10-10.0.16299-SP0) requests/2.18.4 msrest/0.4.19
          msrest_azure/0.4.17 containerregistrymanagementclient/1.0.1 Azure-SDK-For-Python
          AZURECLI/2.0.22]
      accept-language: [en-US]
    method: PATCH
    uri: https://management.azure.com/subscriptions/00000000-0000-0000-0000-000000000000/resourceGroups/clitest.rg000001/providers/Microsoft.ContainerRegistry/registries/clireg000003?api-version=2017-10-01
  response:
    body: {string: '{"sku":{"name":"Classic","tier":"Classic"},"type":"Microsoft.ContainerRegistry/registries","id":"/subscriptions/00000000-0000-0000-0000-000000000000/resourceGroups/clitest.rg000001/providers/Microsoft.ContainerRegistry/registries/clireg000003","name":"clireg000003","location":"westus","tags":{"foo":"bar","cat":""},"properties":{"loginServer":"clireg000003.azurecr.io","creationDate":"2017-12-11T20:02:12.2932984Z","provisioningState":"Succeeded","adminUserEnabled":true,"storageAccount":{"id":"/subscriptions/00000000-0000-0000-0000-000000000000/resourceGroups/clitest.rg000001/providers/Microsoft.Storage/storageAccounts/clireg7ddylrjbweih200050"}}}'}
    headers:
      cache-control: [no-cache]
      content-length: ['794']
      content-type: [application/json; charset=utf-8]
      date: ['Mon, 11 Dec 2017 20:03:27 GMT']
      expires: ['-1']
      pragma: [no-cache]
      server: [Microsoft-HTTPAPI/2.0]
      strict-transport-security: [max-age=31536000; includeSubDomains]
      transfer-encoding: [chunked]
      vary: [Accept-Encoding]
      x-ms-ratelimit-remaining-subscription-writes: ['1199']
    status: {code: 200, message: OK}
- request:
    body: null
    headers:
      Accept: [application/json]
      Accept-Encoding: ['gzip, deflate']
      CommandName: [acr credential show]
      Connection: [keep-alive]
      Content-Type: [application/json; charset=utf-8]
      User-Agent: [python/3.5.3 (Windows-10-10.0.16299-SP0) requests/2.18.4 msrest/0.4.19
          msrest_azure/0.4.17 containerregistrymanagementclient/1.0.1 Azure-SDK-For-Python
          AZURECLI/2.0.22]
      accept-language: [en-US]
    method: GET
    uri: https://management.azure.com/subscriptions/00000000-0000-0000-0000-000000000000/resourceGroups/clitest.rg000001/providers/Microsoft.ContainerRegistry/registries/clireg000003?api-version=2017-10-01
  response:
    body: {string: '{"sku":{"name":"Classic","tier":"Classic"},"type":"Microsoft.ContainerRegistry/registries","id":"/subscriptions/00000000-0000-0000-0000-000000000000/resourceGroups/clitest.rg000001/providers/Microsoft.ContainerRegistry/registries/clireg000003","name":"clireg000003","location":"westus","tags":{"foo":"bar","cat":""},"properties":{"loginServer":"clireg000003.azurecr.io","creationDate":"2017-12-11T20:02:12.2932984Z","provisioningState":"Succeeded","adminUserEnabled":true,"storageAccount":{"id":"/subscriptions/00000000-0000-0000-0000-000000000000/resourceGroups/clitest.rg000001/providers/Microsoft.Storage/storageAccounts/clireg7ddylrjbweih200050"}}}'}
    headers:
      cache-control: [no-cache]
      content-length: ['794']
      content-type: [application/json; charset=utf-8]
      date: ['Mon, 11 Dec 2017 20:03:33 GMT']
      expires: ['-1']
      pragma: [no-cache]
      server: [Microsoft-HTTPAPI/2.0]
      strict-transport-security: [max-age=31536000; includeSubDomains]
      transfer-encoding: [chunked]
      vary: [Accept-Encoding]
    status: {code: 200, message: OK}
- request:
    body: null
    headers:
      Accept: [application/json]
      Accept-Encoding: ['gzip, deflate']
      CommandName: [acr credential show]
      Connection: [keep-alive]
      Content-Length: ['0']
      Content-Type: [application/json; charset=utf-8]
      User-Agent: [python/3.5.3 (Windows-10-10.0.16299-SP0) requests/2.18.4 msrest/0.4.19
          msrest_azure/0.4.17 containerregistrymanagementclient/1.0.1 Azure-SDK-For-Python
          AZURECLI/2.0.22]
      accept-language: [en-US]
    method: POST
    uri: https://management.azure.com/subscriptions/00000000-0000-0000-0000-000000000000/resourceGroups/clitest.rg000001/providers/Microsoft.ContainerRegistry/registries/clireg000003/listCredentials?api-version=2017-10-01
  response:
    body: {string: '{"username":"clireg000003","passwords":[{"name":"password","value":"rMOA7sxmmOZd/e3eT5MOwXS25dTBCqaG"},{"name":"password2","value":"jNZqjKidLZ=tdLyBJ1hsT9qegDYpa1Ca"}]}'}
    headers:
      cache-control: [no-cache]
      content-length: ['176']
      content-type: [application/json; charset=utf-8]
      date: ['Mon, 11 Dec 2017 20:03:39 GMT']
      expires: ['-1']
      pragma: [no-cache]
      server: [Microsoft-HTTPAPI/2.0]
      strict-transport-security: [max-age=31536000; includeSubDomains]
      transfer-encoding: [chunked]
      vary: [Accept-Encoding]
      x-ms-ratelimit-remaining-subscription-writes: ['1198']
    status: {code: 200, message: OK}
- request:
    body: null
    headers:
      Accept: [application/json]
      Accept-Encoding: ['gzip, deflate']
      CommandName: [acr credential renew]
      Connection: [keep-alive]
      Content-Type: [application/json; charset=utf-8]
      User-Agent: [python/3.5.3 (Windows-10-10.0.16299-SP0) requests/2.18.4 msrest/0.4.19
          msrest_azure/0.4.17 containerregistrymanagementclient/1.0.1 Azure-SDK-For-Python
          AZURECLI/2.0.22]
      accept-language: [en-US]
    method: GET
    uri: https://management.azure.com/subscriptions/00000000-0000-0000-0000-000000000000/resourceGroups/clitest.rg000001/providers/Microsoft.ContainerRegistry/registries/clireg000003?api-version=2017-10-01
  response:
    body: {string: '{"sku":{"name":"Classic","tier":"Classic"},"type":"Microsoft.ContainerRegistry/registries","id":"/subscriptions/00000000-0000-0000-0000-000000000000/resourceGroups/clitest.rg000001/providers/Microsoft.ContainerRegistry/registries/clireg000003","name":"clireg000003","location":"westus","tags":{"foo":"bar","cat":""},"properties":{"loginServer":"clireg000003.azurecr.io","creationDate":"2017-12-11T20:02:12.2932984Z","provisioningState":"Succeeded","adminUserEnabled":true,"storageAccount":{"id":"/subscriptions/00000000-0000-0000-0000-000000000000/resourceGroups/clitest.rg000001/providers/Microsoft.Storage/storageAccounts/clireg7ddylrjbweih200050"}}}'}
    headers:
      cache-control: [no-cache]
      content-length: ['794']
      content-type: [application/json; charset=utf-8]
      date: ['Mon, 11 Dec 2017 20:03:45 GMT']
      expires: ['-1']
      pragma: [no-cache]
      server: [Microsoft-HTTPAPI/2.0]
      strict-transport-security: [max-age=31536000; includeSubDomains]
      transfer-encoding: [chunked]
      vary: [Accept-Encoding]
    status: {code: 200, message: OK}
- request:
    body: '{"name": "password"}'
    headers:
      Accept: [application/json]
      Accept-Encoding: ['gzip, deflate']
      CommandName: [acr credential renew]
      Connection: [keep-alive]
      Content-Length: ['20']
      Content-Type: [application/json; charset=utf-8]
      User-Agent: [python/3.5.3 (Windows-10-10.0.16299-SP0) requests/2.18.4 msrest/0.4.19
          msrest_azure/0.4.17 containerregistrymanagementclient/1.0.1 Azure-SDK-For-Python
          AZURECLI/2.0.22]
      accept-language: [en-US]
    method: POST
    uri: https://management.azure.com/subscriptions/00000000-0000-0000-0000-000000000000/resourceGroups/clitest.rg000001/providers/Microsoft.ContainerRegistry/registries/clireg000003/regenerateCredential?api-version=2017-10-01
  response:
    body: {string: '{"username":"clireg000003","passwords":[{"name":"password","value":"cWy4te1Zo0NpTkbskQXClCrvF6f99+0U"},{"name":"password2","value":"jNZqjKidLZ=tdLyBJ1hsT9qegDYpa1Ca"}]}'}
    headers:
      cache-control: [no-cache]
      content-length: ['176']
      content-type: [application/json; charset=utf-8]
      date: ['Mon, 11 Dec 2017 20:03:51 GMT']
      expires: ['-1']
      pragma: [no-cache]
      server: [Microsoft-HTTPAPI/2.0]
      strict-transport-security: [max-age=31536000; includeSubDomains]
      transfer-encoding: [chunked]
      vary: [Accept-Encoding]
      x-ms-ratelimit-remaining-subscription-writes: ['1198']
    status: {code: 200, message: OK}
- request:
    body: null
    headers:
      Accept: [application/json]
      Accept-Encoding: ['gzip, deflate']
      CommandName: [acr credential renew]
      Connection: [keep-alive]
      Content-Type: [application/json; charset=utf-8]
      User-Agent: [python/3.5.3 (Windows-10-10.0.16299-SP0) requests/2.18.4 msrest/0.4.19
          msrest_azure/0.4.17 containerregistrymanagementclient/1.0.1 Azure-SDK-For-Python
          AZURECLI/2.0.22]
      accept-language: [en-US]
    method: GET
    uri: https://management.azure.com/subscriptions/00000000-0000-0000-0000-000000000000/resourceGroups/clitest.rg000001/providers/Microsoft.ContainerRegistry/registries/clireg000003?api-version=2017-10-01
  response:
    body: {string: '{"sku":{"name":"Classic","tier":"Classic"},"type":"Microsoft.ContainerRegistry/registries","id":"/subscriptions/00000000-0000-0000-0000-000000000000/resourceGroups/clitest.rg000001/providers/Microsoft.ContainerRegistry/registries/clireg000003","name":"clireg000003","location":"westus","tags":{"foo":"bar","cat":""},"properties":{"loginServer":"clireg000003.azurecr.io","creationDate":"2017-12-11T20:02:12.2932984Z","provisioningState":"Succeeded","adminUserEnabled":true,"storageAccount":{"id":"/subscriptions/00000000-0000-0000-0000-000000000000/resourceGroups/clitest.rg000001/providers/Microsoft.Storage/storageAccounts/clireg7ddylrjbweih200050"}}}'}
    headers:
      cache-control: [no-cache]
      content-length: ['794']
      content-type: [application/json; charset=utf-8]
      date: ['Mon, 11 Dec 2017 20:03:57 GMT']
      expires: ['-1']
      pragma: [no-cache]
      server: [Microsoft-HTTPAPI/2.0]
      strict-transport-security: [max-age=31536000; includeSubDomains]
      transfer-encoding: [chunked]
      vary: [Accept-Encoding]
    status: {code: 200, message: OK}
- request:
    body: '{"name": "password2"}'
    headers:
      Accept: [application/json]
      Accept-Encoding: ['gzip, deflate']
      CommandName: [acr credential renew]
      Connection: [keep-alive]
      Content-Length: ['21']
      Content-Type: [application/json; charset=utf-8]
      User-Agent: [python/3.5.3 (Windows-10-10.0.16299-SP0) requests/2.18.4 msrest/0.4.19
          msrest_azure/0.4.17 containerregistrymanagementclient/1.0.1 Azure-SDK-For-Python
          AZURECLI/2.0.22]
      accept-language: [en-US]
    method: POST
    uri: https://management.azure.com/subscriptions/00000000-0000-0000-0000-000000000000/resourceGroups/clitest.rg000001/providers/Microsoft.ContainerRegistry/registries/clireg000003/regenerateCredential?api-version=2017-10-01
  response:
    body: {string: '{"username":"clireg000003","passwords":[{"name":"password","value":"cWy4te1Zo0NpTkbskQXClCrvF6f99+0U"},{"name":"password2","value":"CszUuCbO+q7RmkWSIMzwxQ9bHoUd3zgs"}]}'}
    headers:
      cache-control: [no-cache]
      content-length: ['176']
      content-type: [application/json; charset=utf-8]
      date: ['Mon, 11 Dec 2017 20:04:08 GMT']
      expires: ['-1']
      pragma: [no-cache]
      server: [Microsoft-HTTPAPI/2.0]
      strict-transport-security: [max-age=31536000; includeSubDomains]
      transfer-encoding: [chunked]
      vary: [Accept-Encoding]
      x-ms-ratelimit-remaining-subscription-writes: ['1198']
    status: {code: 200, message: OK}
- request:
    body: null
    headers:
      Accept: [application/json]
      Accept-Encoding: ['gzip, deflate']
      CommandName: [acr update]
      Connection: [keep-alive]
      Content-Type: [application/json; charset=utf-8]
      User-Agent: [python/3.5.3 (Windows-10-10.0.16299-SP0) requests/2.18.4 msrest/0.4.19
          msrest_azure/0.4.17 resourcemanagementclient/1.2.1 Azure-SDK-For-Python
          AZURECLI/2.0.22]
      accept-language: [en-US]
    method: GET
    uri: https://management.azure.com/subscriptions/00000000-0000-0000-0000-000000000000/resources?api-version=2017-05-10&$filter=resourceType%20eq%20%27Microsoft.Storage%2FstorageAccounts%27
  response:
    body: {string: '{"value":[{"id":"/subscriptions/00000000-0000-0000-0000-000000000000/resourceGroups/anu-abc/providers/Microsoft.Storage/storageAccounts/anustg234","name":"anustg234","type":"Microsoft.Storage/storageAccounts","sku":{"name":"Standard_GRS","tier":"Standard"},"kind":"Storage","location":"eastasia","tags":{}},{"id":"/subscriptions/00000000-0000-0000-0000-000000000000/resourceGroups/cliautomation/providers/Microsoft.Storage/storageAccounts/acliautomationlab2987","name":"acliautomationlab2987","type":"Microsoft.Storage/storageAccounts","sku":{"name":"Standard_LRS","tier":"Standard"},"kind":"Storage","location":"westus","tags":{"hidden-DevTestLabs-LabUId":"9f45d4bf-7e01-4684-9438-37c712728db1"}},{"id":"/subscriptions/00000000-0000-0000-0000-000000000000/resourceGroups/cliautomation01/providers/Microsoft.Storage/storageAccounts/acliautomationlab2281","name":"acliautomationlab2281","type":"Microsoft.Storage/storageAccounts","sku":{"name":"Standard_LRS","tier":"Standard"},"kind":"Storage","location":"westus","tags":{"hidden-DevTestLabs-LabUId":"72f1b266-2a21-4f0a-af01-934c93c72e6e"}},{"id":"/subscriptions/00000000-0000-0000-0000-000000000000/resourceGroups/cliautomation016zx7ulhvrc7ng6fcdst72y2t2fgbvbyueykqnw4d76aq4gyxd267voh5nixs/providers/Microsoft.Storage/storageAccounts/acliautomationlab8049","name":"acliautomationlab8049","type":"Microsoft.Storage/storageAccounts","sku":{"name":"Standard_LRS","tier":"Standard"},"kind":"Storage","location":"westus","tags":{"hidden-DevTestLabs-LabUId":"909a5513-261d-4cd4-a8dd-19a18a866f77"}},{"id":"/subscriptions/00000000-0000-0000-0000-000000000000/resourceGroups/cliautomation01p5mb65te4noiwqbh7ni3sggmdrhbawq2atk5mc6elgdat5qkg6fuguonzmvj/providers/Microsoft.Storage/storageAccounts/acliautomationlab9396","name":"acliautomationlab9396","type":"Microsoft.Storage/storageAccounts","sku":{"name":"Standard_LRS","tier":"Standard"},"kind":"Storage","location":"westus","tags":{"hidden-DevTestLabs-LabUId":"ba56a262-8f28-4665-86d9-18a308784945"}},{"id":"/subscriptions/00000000-0000-0000-0000-000000000000/resourceGroups/cliautomationr7zmwrv545myosbhrhgmvyxvh473lloj24vcvwx5xuabi7hadxngt4sg7cbfxm/providers/Microsoft.Storage/storageAccounts/acliautomationlab4621","name":"acliautomationlab4621","type":"Microsoft.Storage/storageAccounts","sku":{"name":"Standard_LRS","tier":"Standard"},"kind":"Storage","location":"westus","tags":{"hidden-DevTestLabs-LabUId":"3acb626c-e8a0-431d-bd15-47d2472c013f"}},{"id":"/subscriptions/00000000-0000-0000-0000-000000000000/resourceGroups/cliautomationyl5duneg4gkn25csd2rd4lbm2yjjq5n33z24jxikgchafi3xnfgokwxtsor56r/providers/Microsoft.Storage/storageAccounts/acliautomationlab1231","name":"acliautomationlab1231","type":"Microsoft.Storage/storageAccounts","sku":{"name":"Standard_LRS","tier":"Standard"},"kind":"Storage","location":"westus","tags":{"hidden-DevTestLabs-LabUId":"f500a48c-e003-403a-b50a-903a96f6d226"}},{"id":"/subscriptions/00000000-0000-0000-0000-000000000000/resourceGroups/clitest.rg000001/providers/Microsoft.Storage/storageAccounts/clireg7ddylrjbweih200050","name":"clireg7ddylrjbweih200050","type":"Microsoft.Storage/storageAccounts","sku":{"name":"Standard_LRS","tier":"Standard"},"kind":"Storage","location":"westus","tags":{"containerregistry":"clireg000003"}},{"id":"/subscriptions/00000000-0000-0000-0000-000000000000/resourceGroups/clitest.rg000001/providers/Microsoft.Storage/storageAccounts/clitest000002","name":"clitest000002","type":"Microsoft.Storage/storageAccounts","sku":{"name":"Standard_LRS","tier":"Standard"},"kind":"Storage","location":"westus","tags":{}},{"id":"/subscriptions/00000000-0000-0000-0000-000000000000/resourceGroups/javacsmrg6d811210d/providers/Microsoft.Storage/storageAccounts/acb66602fff9489d8ed2","name":"acb66602fff9489d8ed2","type":"Microsoft.Storage/storageAccounts","sku":{"name":"Standard_GRS","tier":"Standard"},"kind":"Storage","location":"westus","tags":{}},{"id":"/subscriptions/00000000-0000-0000-0000-000000000000/resourceGroups/javacsmrg8678/providers/Microsoft.Storage/storageAccounts/stg24699","name":"stg24699","type":"Microsoft.Storage/storageAccounts","sku":{"name":"Standard_GRS","tier":"Standard"},"kind":"Storage","location":"eastus","tags":{}},{"id":"/subscriptions/00000000-0000-0000-0000-000000000000/resourceGroups/javacsmrg8678/providers/Microsoft.Storage/storageAccounts/stg7343","name":"stg7343","type":"Microsoft.Storage/storageAccounts","sku":{"name":"Standard_GRS","tier":"Standard"},"kind":"Storage","location":"eastus","tags":{}},{"id":"/subscriptions/00000000-0000-0000-0000-000000000000/resourceGroups/javacsmrgb8e901876/providers/Microsoft.Storage/storageAccounts/1efeae3d8f2d4dbf8101","name":"1efeae3d8f2d4dbf8101","type":"Microsoft.Storage/storageAccounts","sku":{"name":"Standard_GRS","tier":"Standard"},"kind":"Storage","location":"westus","tags":{}},{"id":"/subscriptions/00000000-0000-0000-0000-000000000000/resourceGroups/rg9de67119f7/providers/Microsoft.Storage/storageAccounts/st3ea29977a4","name":"st3ea29977a4","type":"Microsoft.Storage/storageAccounts","sku":{"name":"Standard_GRS","tier":"Standard"},"kind":"Storage","location":"eastus","tags":{}},{"id":"/subscriptions/00000000-0000-0000-0000-000000000000/resourceGroups/rgcomvad814855116a9864/providers/Microsoft.Storage/storageAccounts/stgvm32735dbab87839ad","name":"stgvm32735dbab87839ad","type":"Microsoft.Storage/storageAccounts","sku":{"name":"Standard_GRS","tier":"Standard"},"kind":"Storage","location":"eastus","tags":{}},{"id":"/subscriptions/00000000-0000-0000-0000-000000000000/resourceGroups/rged92722916/providers/Microsoft.Storage/storageAccounts/st39055055d8","name":"st39055055d8","type":"Microsoft.Storage/storageAccounts","sku":{"name":"Standard_GRS","tier":"Standard"},"kind":"Storage","location":"eastus","tags":{}},{"id":"/subscriptions/00000000-0000-0000-0000-000000000000/resourceGroups/sdk-test/providers/Microsoft.Storage/storageAccounts/sdkteststor","name":"sdkteststor","type":"Microsoft.Storage/storageAccounts","sku":{"name":"Premium_LRS","tier":"Premium"},"kind":"Storage","location":"westus","tags":{}},{"id":"/subscriptions/00000000-0000-0000-0000-000000000000/resourceGroups/vm368466group/providers/Microsoft.Storage/storageAccounts/stgvm36846654431730ca","name":"stgvm36846654431730ca","type":"Microsoft.Storage/storageAccounts","sku":{"name":"Standard_GRS","tier":"Standard"},"kind":"Storage","location":"eastus","tags":{}},{"id":"/subscriptions/00000000-0000-0000-0000-000000000000/resourceGroups/wilx-group/providers/Microsoft.Storage/storageAccounts/awilxdevlab9274","name":"awilxdevlab9274","type":"Microsoft.Storage/storageAccounts","sku":{"name":"Standard_LRS","tier":"Standard"},"kind":"Storage","location":"eastus","tags":{"hidden-DevTestLabs-LabUId":"3f487f2b-f13a-422f-a05c-761b17b0200d"}}]}'}
    headers:
      cache-control: [no-cache]
      content-length: ['6929']
      content-type: [application/json; charset=utf-8]
      date: ['Mon, 11 Dec 2017 20:04:14 GMT']
      expires: ['-1']
      pragma: [no-cache]
      strict-transport-security: [max-age=31536000; includeSubDomains]
      vary: [Accept-Encoding]
    status: {code: 200, message: OK}
- request:
    body: null
    headers:
      Accept: [application/json]
      Accept-Encoding: ['gzip, deflate']
      CommandName: [acr update]
      Connection: [keep-alive]
      Content-Type: [application/json; charset=utf-8]
      User-Agent: [python/3.5.3 (Windows-10-10.0.16299-SP0) requests/2.18.4 msrest/0.4.19
          msrest_azure/0.4.17 containerregistrymanagementclient/1.0.1 Azure-SDK-For-Python
          AZURECLI/2.0.22]
      accept-language: [en-US]
    method: GET
    uri: https://management.azure.com/subscriptions/00000000-0000-0000-0000-000000000000/resourceGroups/clitest.rg000001/providers/Microsoft.ContainerRegistry/registries/clireg000003?api-version=2017-10-01
  response:
    body: {string: '{"sku":{"name":"Classic","tier":"Classic"},"type":"Microsoft.ContainerRegistry/registries","id":"/subscriptions/00000000-0000-0000-0000-000000000000/resourceGroups/clitest.rg000001/providers/Microsoft.ContainerRegistry/registries/clireg000003","name":"clireg000003","location":"westus","tags":{"foo":"bar","cat":""},"properties":{"loginServer":"clireg000003.azurecr.io","creationDate":"2017-12-11T20:02:12.2932984Z","provisioningState":"Succeeded","adminUserEnabled":true,"storageAccount":{"id":"/subscriptions/00000000-0000-0000-0000-000000000000/resourceGroups/clitest.rg000001/providers/Microsoft.Storage/storageAccounts/clireg7ddylrjbweih200050"}}}'}
    headers:
      cache-control: [no-cache]
      content-length: ['794']
      content-type: [application/json; charset=utf-8]
      date: ['Mon, 11 Dec 2017 20:04:20 GMT']
      expires: ['-1']
      pragma: [no-cache]
      server: [Microsoft-HTTPAPI/2.0]
      strict-transport-security: [max-age=31536000; includeSubDomains]
      transfer-encoding: [chunked]
      vary: [Accept-Encoding]
    status: {code: 200, message: OK}
- request:
    body: 'b''b\''{"properties": {"storageAccount": {"id": "/subscriptions/00000000-0000-0000-0000-000000000000/resourceGroups/clitest.rg000001/providers/Microsoft.Storage/storageAccounts/clitest000002"}}}\'''''
    headers:
      Accept: [application/json]
      Accept-Encoding: ['gzip, deflate']
      CommandName: [acr update]
      Connection: [keep-alive]
      Content-Length: ['257']
      Content-Type: [application/json; charset=utf-8]
      User-Agent: [python/3.5.3 (Windows-10-10.0.16299-SP0) requests/2.18.4 msrest/0.4.19
          msrest_azure/0.4.17 containerregistrymanagementclient/1.0.1 Azure-SDK-For-Python
          AZURECLI/2.0.22]
      accept-language: [en-US]
    method: PATCH
    uri: https://management.azure.com/subscriptions/00000000-0000-0000-0000-000000000000/resourceGroups/clitest.rg000001/providers/Microsoft.ContainerRegistry/registries/clireg000003?api-version=2017-10-01
  response:
    body: {string: '{"sku":{"name":"Classic","tier":"Classic"},"type":"Microsoft.ContainerRegistry/registries","id":"/subscriptions/00000000-0000-0000-0000-000000000000/resourceGroups/clitest.rg000001/providers/Microsoft.ContainerRegistry/registries/clireg000003","name":"clireg000003","location":"westus","tags":{"foo":"bar","cat":""},"properties":{"loginServer":"clireg000003.azurecr.io","creationDate":"2017-12-11T20:02:12.2932984Z","provisioningState":"Succeeded","adminUserEnabled":true,"storageAccount":{"id":"/subscriptions/00000000-0000-0000-0000-000000000000/resourceGroups/clitest.rg000001/providers/Microsoft.Storage/storageAccounts/clitest000002"}}}'}
    headers:
      cache-control: [no-cache]
      content-length: ['794']
      content-type: [application/json; charset=utf-8]
      date: ['Mon, 11 Dec 2017 20:04:41 GMT']
      expires: ['-1']
      pragma: [no-cache]
      server: [Microsoft-HTTPAPI/2.0]
      strict-transport-security: [max-age=31536000; includeSubDomains]
      transfer-encoding: [chunked]
      vary: [Accept-Encoding]
      x-ms-ratelimit-remaining-subscription-writes: ['1198']
    status: {code: 200, message: OK}
- request:
    body: null
    headers:
      Accept: [application/json]
      Accept-Encoding: ['gzip, deflate']
      CommandName: [acr delete]
      Connection: [keep-alive]
      Content-Length: ['0']
      Content-Type: [application/json; charset=utf-8]
      User-Agent: [python/3.5.3 (Windows-10-10.0.16299-SP0) requests/2.18.4 msrest/0.4.19
          msrest_azure/0.4.17 containerregistrymanagementclient/1.0.1 Azure-SDK-For-Python
          AZURECLI/2.0.22]
      accept-language: [en-US]
    method: DELETE
    uri: https://management.azure.com/subscriptions/00000000-0000-0000-0000-000000000000/resourceGroups/clitest.rg000001/providers/Microsoft.ContainerRegistry/registries/clireg000003?api-version=2017-10-01
  response:
    body: {string: ''}
    headers:
      cache-control: [no-cache]
      content-length: ['0']
      date: ['Mon, 11 Dec 2017 20:04:46 GMT']
      expires: ['-1']
      pragma: [no-cache]
      server: [Microsoft-HTTPAPI/2.0]
      strict-transport-security: [max-age=31536000; includeSubDomains]
      x-ms-ratelimit-remaining-subscription-writes: ['1193']
    status: {code: 200, message: OK}
- request:
    body: null
    headers:
      Accept: [application/json]
      Accept-Encoding: ['gzip, deflate']
      CommandName: [group delete]
      Connection: [keep-alive]
      Content-Length: ['0']
      Content-Type: [application/json; charset=utf-8]
      User-Agent: [python/3.5.3 (Windows-10-10.0.16299-SP0) requests/2.18.4 msrest/0.4.19
          msrest_azure/0.4.17 resourcemanagementclient/1.2.1 Azure-SDK-For-Python
          AZURECLI/2.0.22]
      accept-language: [en-US]
    method: DELETE
    uri: https://management.azure.com/subscriptions/00000000-0000-0000-0000-000000000000/resourcegroups/clitest.rg000001?api-version=2017-05-10
  response:
    body: {string: ''}
    headers:
      cache-control: [no-cache]
      content-length: ['0']
      date: ['Mon, 11 Dec 2017 20:04:52 GMT']
      expires: ['-1']
      location: ['https://management.azure.com/subscriptions/00000000-0000-0000-0000-000000000000/operationresults/eyJqb2JJZCI6IlJFU09VUkNFR1JPVVBERUxFVElPTkpPQi1DTElURVNUOjJFUkdLN1pJRU1BTE9WWEg0M05USk9LMjU2R0JUVlhGN1dFU0tJQnxDNTM4QTVCNTQ1QjQ4N0MwLVdFU1RVUyIsImpvYkxvY2F0aW9uIjoid2VzdHVzIn0?api-version=2017-05-10']
      pragma: [no-cache]
      strict-transport-security: [max-age=31536000; includeSubDomains]
      x-ms-ratelimit-remaining-subscription-writes: ['1197']
    status: {code: 202, message: Accepted}
version: 1
