interactions:
- request:
    body: '{"location": "westus", "tags": {"use": "az-test"}}'
    headers:
      Accept: [application/json]
      Accept-Encoding: ['gzip, deflate']
      CommandName: [group create]
      Connection: [keep-alive]
      Content-Length: ['50']
      Content-Type: [application/json; charset=utf-8]
      User-Agent: [python/3.5.3 (Windows-10-10.0.16299-SP0) requests/2.18.4 msrest/0.4.22
          msrest_azure/0.4.19 resourcemanagementclient/1.2.1 Azure-SDK-For-Python
          AZURECLI/2.0.24]
      accept-language: [en-US]
    method: PUT
    uri: https://management.azure.com/subscriptions/00000000-0000-0000-0000-000000000000/resourcegroups/clitest.rg000001?api-version=2017-05-10
  response:
    body: {string: '{"id":"/subscriptions/00000000-0000-0000-0000-000000000000/resourceGroups/clitest.rg000001","name":"clitest.rg000001","location":"westus","tags":{"use":"az-test"},"properties":{"provisioningState":"Succeeded"}}'}
    headers:
      cache-control: [no-cache]
      content-length: ['328']
      content-type: [application/json; charset=utf-8]
      date: ['Tue, 19 Dec 2017 04:24:48 GMT']
      expires: ['-1']
      pragma: [no-cache]
      strict-transport-security: [max-age=31536000; includeSubDomains]
      x-ms-ratelimit-remaining-subscription-writes: ['1174']
    status: {code: 201, message: Created}
- request:
    body: '{"location": "westus", "properties": {"supportsHttpsTrafficOnly": false},
      "sku": {"name": "Standard_LRS"}, "kind": "Storage"}'
    headers:
      Accept: [application/json]
      Accept-Encoding: ['gzip, deflate']
      CommandName: [storage account create]
      Connection: [keep-alive]
      Content-Length: ['125']
      Content-Type: [application/json; charset=utf-8]
      User-Agent: [python/3.5.3 (Windows-10-10.0.16299-SP0) requests/2.18.4 msrest/0.4.22
          msrest_azure/0.4.19 azure-mgmt-storage/1.5.0 Azure-SDK-For-Python AZURECLI/2.0.24]
      accept-language: [en-US]
    method: PUT
    uri: https://management.azure.com/subscriptions/00000000-0000-0000-0000-000000000000/resourceGroups/clitest.rg000001/providers/Microsoft.Storage/storageAccounts/clitest000002?api-version=2017-10-01
  response:
    body: {string: ''}
    headers:
      cache-control: [no-cache]
      content-length: ['0']
      date: ['Tue, 19 Dec 2017 04:24:50 GMT']
      expires: ['-1']
      location: ['https://management.azure.com/subscriptions/00000000-0000-0000-0000-000000000000/providers/Microsoft.Storage/locations/westus/asyncoperations/10d6298a-35c0-493d-9440-f31745a82844?monitor=true&api-version=2017-10-01']
      pragma: [no-cache]
      server: [Microsoft-Azure-Storage-Resource-Provider/1.0, Microsoft-HTTPAPI/2.0]
      strict-transport-security: [max-age=31536000; includeSubDomains]
      x-ms-ratelimit-remaining-subscription-writes: ['1197']
    status: {code: 202, message: Accepted}
- request:
    body: null
    headers:
      Accept: [application/json]
      Accept-Encoding: ['gzip, deflate']
      CommandName: [storage account create]
      Connection: [keep-alive]
      Content-Type: [application/json; charset=utf-8]
      User-Agent: [python/3.5.3 (Windows-10-10.0.16299-SP0) requests/2.18.4 msrest/0.4.22
          msrest_azure/0.4.19 azure-mgmt-storage/1.5.0 Azure-SDK-For-Python AZURECLI/2.0.24]
      accept-language: [en-US]
    method: GET
    uri: https://management.azure.com/subscriptions/00000000-0000-0000-0000-000000000000/providers/Microsoft.Storage/locations/westus/asyncoperations/10d6298a-35c0-493d-9440-f31745a82844?monitor=true&api-version=2017-10-01
  response:
    body: {string: '{"id":"/subscriptions/00000000-0000-0000-0000-000000000000/resourceGroups/clitest.rg000001/providers/Microsoft.Storage/storageAccounts/clitest000002","kind":"Storage","location":"westus","name":"clitest000002","properties":{"creationTime":"2017-12-19T04:24:50.3506150Z","encryption":{"keySource":"Microsoft.Storage","services":{"blob":{"enabled":true,"lastEnabledTime":"2017-12-19T04:24:50.3535618Z"},"file":{"enabled":true,"lastEnabledTime":"2017-12-19T04:24:50.3535618Z"}}},"networkAcls":{"bypass":"AzureServices","defaultAction":"Allow","ipRules":[],"virtualNetworkRules":[]},"primaryEndpoints":{"blob":"https://clitest000002.blob.core.windows.net/","file":"https://clitest000002.file.core.windows.net/","queue":"https://clitest000002.queue.core.windows.net/","table":"https://clitest000002.table.core.windows.net/"},"primaryLocation":"westus","provisioningState":"Succeeded","statusOfPrimary":"available","supportsHttpsTrafficOnly":false},"sku":{"name":"Standard_LRS","tier":"Standard"},"tags":{},"type":"Microsoft.Storage/storageAccounts"}

        '}
    headers:
      cache-control: [no-cache]
      content-length: ['1170']
      content-type: [application/json]
      date: ['Tue, 19 Dec 2017 04:25:06 GMT']
      expires: ['-1']
      pragma: [no-cache]
      server: [Microsoft-Azure-Storage-Resource-Provider/1.0, Microsoft-HTTPAPI/2.0]
      strict-transport-security: [max-age=31536000; includeSubDomains]
      transfer-encoding: [chunked]
      vary: [Accept-Encoding]
    status: {code: 200, message: OK}
- request:
    body: null
    headers:
      Accept: [application/json]
      Accept-Encoding: ['gzip, deflate']
      CommandName: [storage account keys list]
      Connection: [keep-alive]
      Content-Length: ['0']
      Content-Type: [application/json; charset=utf-8]
      User-Agent: [python/3.5.3 (Windows-10-10.0.16299-SP0) requests/2.18.4 msrest/0.4.22
          msrest_azure/0.4.19 azure-mgmt-storage/1.5.0 Azure-SDK-For-Python AZURECLI/2.0.24]
      accept-language: [en-US]
    method: POST
    uri: https://management.azure.com/subscriptions/00000000-0000-0000-0000-000000000000/resourceGroups/clitest.rg000001/providers/Microsoft.Storage/storageAccounts/clitest000002/listKeys?api-version=2017-10-01
  response:
    body: {string: '{"keys":[{"keyName":"key1","permissions":"Full","value":"coGt5COp+Fyd2+UcYUtWZbLR5WoeVW91pPkTY2AsDZ6/WzsG++NU1Q4Mf/msIxwDN+5m7D3AwWrO/Mah4Xjyng=="},{"keyName":"key2","permissions":"Full","value":"sgBxqd1DwdVA5cVQHooRCf4II2CljE3TvjqkEThsN1bv/0wXg28RvcuBGjE1cYym+Y59EsPNYzmQkk4Ie4KCTA=="}]}

        '}
    headers:
      cache-control: [no-cache]
      content-length: ['289']
      content-type: [application/json]
      date: ['Tue, 19 Dec 2017 04:25:08 GMT']
      expires: ['-1']
      pragma: [no-cache]
      server: [Microsoft-Azure-Storage-Resource-Provider/1.0, Microsoft-HTTPAPI/2.0]
      strict-transport-security: [max-age=31536000; includeSubDomains]
      transfer-encoding: [chunked]
      vary: [Accept-Encoding]
      x-ms-ratelimit-remaining-subscription-writes: ['1175']
    status: {code: 200, message: OK}
- request:
    body: null
    headers:
      Accept: [application/json]
      Accept-Encoding: ['gzip, deflate']
      CommandName: [storage account keys list]
      Connection: [keep-alive]
      Content-Length: ['0']
      Content-Type: [application/json; charset=utf-8]
      User-Agent: [python/3.5.3 (Windows-10-10.0.16299-SP0) requests/2.18.4 msrest/0.4.22
          msrest_azure/0.4.19 azure-mgmt-storage/1.5.0 Azure-SDK-For-Python AZURECLI/2.0.24]
      accept-language: [en-US]
    method: POST
    uri: https://management.azure.com/subscriptions/00000000-0000-0000-0000-000000000000/resourceGroups/clitest.rg000001/providers/Microsoft.Storage/storageAccounts/clitest000002/listKeys?api-version=2017-10-01
  response:
    body: {string: '{"keys":[{"keyName":"key1","permissions":"Full","value":"coGt5COp+Fyd2+UcYUtWZbLR5WoeVW91pPkTY2AsDZ6/WzsG++NU1Q4Mf/msIxwDN+5m7D3AwWrO/Mah4Xjyng=="},{"keyName":"key2","permissions":"Full","value":"sgBxqd1DwdVA5cVQHooRCf4II2CljE3TvjqkEThsN1bv/0wXg28RvcuBGjE1cYym+Y59EsPNYzmQkk4Ie4KCTA=="}]}

        '}
    headers:
      cache-control: [no-cache]
      content-length: ['289']
      content-type: [application/json]
      date: ['Tue, 19 Dec 2017 04:25:09 GMT']
      expires: ['-1']
      pragma: [no-cache]
      server: [Microsoft-Azure-Storage-Resource-Provider/1.0, Microsoft-HTTPAPI/2.0]
      strict-transport-security: [max-age=31536000; includeSubDomains]
      transfer-encoding: [chunked]
      vary: [Accept-Encoding]
      x-ms-ratelimit-remaining-subscription-writes: ['1195']
    status: {code: 200, message: OK}
- request:
    body: null
    headers:
      Connection: [keep-alive]
      Content-Length: ['0']
      User-Agent: [Azure-Storage/0.37.1-0.37.1 (Python CPython 3.5.3; Windows 10)
          AZURECLI/2.0.24]
      x-ms-date: ['Tue, 19 Dec 2017 04:25:13 GMT']
      x-ms-version: ['2017-04-17']
    method: PUT
    uri: https://clitest000002.blob.core.windows.net/cont000004?restype=container
  response:
    body: {string: ''}
    headers:
      date: ['Tue, 19 Dec 2017 04:25:09 GMT']
      etag: ['"0x8D546987E1BEA6F"']
      last-modified: ['Tue, 19 Dec 2017 04:25:10 GMT']
      server: [Windows-Azure-Blob/1.0 Microsoft-HTTPAPI/2.0]
      transfer-encoding: [chunked]
      x-ms-version: ['2017-04-17']
    status: {code: 201, message: Created}
- request:
    body: null
    headers:
      Connection: [keep-alive]
      User-Agent: [Azure-Storage/0.37.1-0.37.1 (Python CPython 3.5.3; Windows 10)
          AZURECLI/2.0.24]
      x-ms-date: ['Tue, 19 Dec 2017 04:25:14 GMT']
      x-ms-version: ['2017-04-17']
    method: HEAD
    uri: https://clitest000002.blob.core.windows.net/cont000004/blob000003
  response:
    body: {string: ''}
    headers:
      date: ['Tue, 19 Dec 2017 04:25:10 GMT']
      server: [Windows-Azure-Blob/1.0 Microsoft-HTTPAPI/2.0]
      transfer-encoding: [chunked]
      x-ms-version: ['2017-04-17']
    status: {code: 404, message: The specified blob does not exist.}
- request:
    body: '!!! The request body has been omitted from the recording because its size
      4194304 is larger than 128KB. !!!'
    headers:
      Connection: [keep-alive]
      Content-Length: ['4194304']
      User-Agent: [Azure-Storage/0.37.1-0.37.1 (Python CPython 3.5.3; Windows 10)
          AZURECLI/2.0.24]
      x-ms-blob-type: [BlockBlob]
      x-ms-date: ['Tue, 19 Dec 2017 04:25:14 GMT']
      x-ms-version: ['2017-04-17']
    method: PUT
    uri: https://clitest000002.blob.core.windows.net/cont000004/blob000003
  response:
    body: {string: ''}
    headers:
      content-md5: [tc+p1sj+vWGPkawoQ9UKHA==]
      date: ['Tue, 19 Dec 2017 04:25:18 GMT']
      etag: ['"0x8D5469882FE3DB7"']
      last-modified: ['Tue, 19 Dec 2017 04:25:18 GMT']
      server: [Windows-Azure-Blob/1.0 Microsoft-HTTPAPI/2.0]
      transfer-encoding: [chunked]
      x-ms-request-server-encrypted: ['true']
      x-ms-version: ['2017-04-17']
    status: {code: 201, message: Created}
- request:
    body: null
    headers:
      Connection: [keep-alive]
      User-Agent: [Azure-Storage/0.37.1-0.37.1 (Python CPython 3.5.3; Windows 10)
          AZURECLI/2.0.24]
      x-ms-date: ['Tue, 19 Dec 2017 04:25:23 GMT']
      x-ms-version: ['2017-04-17']
    method: HEAD
    uri: https://clitest000002.blob.core.windows.net/cont000004/blob000003
  response:
    body: {string: ''}
    headers:
      accept-ranges: [bytes]
      content-length: ['4194304']
      content-md5: [tc+p1sj+vWGPkawoQ9UKHA==]
      content-type: [application/octet-stream]
      date: ['Tue, 19 Dec 2017 04:25:20 GMT']
      etag: ['"0x8D5469882FE3DB7"']
      last-modified: ['Tue, 19 Dec 2017 04:25:18 GMT']
      server: [Windows-Azure-Blob/1.0 Microsoft-HTTPAPI/2.0]
      x-ms-blob-type: [BlockBlob]
      x-ms-lease-state: [available]
      x-ms-lease-status: [unlocked]
      x-ms-server-encrypted: ['true']
      x-ms-version: ['2017-04-17']
    status: {code: 200, message: OK}
- request:
    body: null
    headers:
      Connection: [keep-alive]
      User-Agent: [Azure-Storage/0.37.1-0.37.1 (Python CPython 3.5.3; Windows 10)
          AZURECLI/2.0.24]
      x-ms-date: ['Tue, 19 Dec 2017 04:25:24 GMT']
      x-ms-version: ['2017-04-17']
    method: GET
    uri: https://clitest000002.blob.core.windows.net/cont000004?comp=list&maxresults=1&restype=container
  response:
    body: {string: "\uFEFF<?xml version=\"1.0\" encoding=\"utf-8\"?><EnumerationResults\
        \ ServiceEndpoint=\"https://clitest000002.blob.core.windows.net/\" ContainerName=\"\
        cont000004\"><MaxResults>1</MaxResults><Blobs><Blob><Name>blob000003</Name><Properties><Last-Modified>Tue,\
        \ 19 Dec 2017 04:25:18 GMT</Last-Modified><Etag>0x8D5469882FE3DB7</Etag><Content-Length>4194304</Content-Length><Content-Type>application/octet-stream</Content-Type><Content-Encoding\
        \ /><Content-Language /><Content-MD5>tc+p1sj+vWGPkawoQ9UKHA==</Content-MD5><Cache-Control\
        \ /><Content-Disposition /><BlobType>BlockBlob</BlobType><LeaseStatus>unlocked</LeaseStatus><LeaseState>available</LeaseState><ServerEncrypted>true</ServerEncrypted></Properties></Blob></Blobs><NextMarker\
        \ /></EnumerationResults>"}
    headers:
      content-type: [application/xml]
      date: ['Tue, 19 Dec 2017 04:25:21 GMT']
      server: [Windows-Azure-Blob/1.0 Microsoft-HTTPAPI/2.0]
      transfer-encoding: [chunked]
      x-ms-version: ['2017-04-17']
    status: {code: 200, message: OK}
- request:
    body: null
    headers:
      Connection: [keep-alive]
      User-Agent: [Azure-Storage/0.37.1-0.37.1 (Python CPython 3.5.3; Windows 10)
          AZURECLI/2.0.24]
      x-ms-date: ['Tue, 19 Dec 2017 04:25:24 GMT']
      x-ms-version: ['2017-04-17']
    method: HEAD
    uri: https://clitest000002.blob.core.windows.net/cont000004/blob000003
  response:
    body: {string: ''}
    headers:
      accept-ranges: [bytes]
      content-length: ['4194304']
      content-md5: [tc+p1sj+vWGPkawoQ9UKHA==]
      content-type: [application/octet-stream]
      date: ['Tue, 19 Dec 2017 04:25:21 GMT']
      etag: ['"0x8D5469882FE3DB7"']
      last-modified: ['Tue, 19 Dec 2017 04:25:18 GMT']
      server: [Windows-Azure-Blob/1.0 Microsoft-HTTPAPI/2.0]
      x-ms-blob-type: [BlockBlob]
      x-ms-lease-state: [available]
      x-ms-lease-status: [unlocked]
      x-ms-server-encrypted: ['true']
      x-ms-version: ['2017-04-17']
    status: {code: 200, message: OK}
- request:
    body: null
    headers:
      Connection: [keep-alive]
      User-Agent: [Azure-Storage/0.37.1-0.37.1 (Python CPython 3.5.3; Windows 10)
          AZURECLI/2.0.24]
      x-ms-date: ['Tue, 19 Dec 2017 04:25:25 GMT']
      x-ms-version: ['2017-04-17']
    method: HEAD
    uri: https://clitest000002.blob.core.windows.net/cont000004/blob000003
  response:
    body: {string: ''}
    headers:
      accept-ranges: [bytes]
      content-length: ['4194304']
      content-md5: [tc+p1sj+vWGPkawoQ9UKHA==]
      content-type: [application/octet-stream]
      date: ['Tue, 19 Dec 2017 04:25:20 GMT']
      etag: ['"0x8D5469882FE3DB7"']
      last-modified: ['Tue, 19 Dec 2017 04:25:18 GMT']
      server: [Windows-Azure-Blob/1.0 Microsoft-HTTPAPI/2.0]
      x-ms-blob-type: [BlockBlob]
      x-ms-lease-state: [available]
      x-ms-lease-status: [unlocked]
      x-ms-server-encrypted: ['true']
      x-ms-version: ['2017-04-17']
    status: {code: 200, message: OK}
- request:
    body: null
    headers:
      Connection: [keep-alive]
      Content-Length: ['0']
      User-Agent: [Azure-Storage/0.37.1-0.37.1 (Python CPython 3.5.3; Windows 10)
          AZURECLI/2.0.24]
      x-ms-blob-content-md5: [tc+p1sj+vWGPkawoQ9UKHA==]
      x-ms-blob-content-type: [application/test-content]
      x-ms-date: ['Tue, 19 Dec 2017 04:25:25 GMT']
      x-ms-version: ['2017-04-17']
    method: PUT
    uri: https://clitest000002.blob.core.windows.net/cont000004/blob000003?comp=properties
  response:
    body: {string: ''}
    headers:
      date: ['Tue, 19 Dec 2017 04:25:21 GMT']
      etag: ['"0x8D54698849D1B5C"']
      last-modified: ['Tue, 19 Dec 2017 04:25:21 GMT']
      server: [Windows-Azure-Blob/1.0 Microsoft-HTTPAPI/2.0]
      transfer-encoding: [chunked]
      x-ms-version: ['2017-04-17']
    status: {code: 200, message: OK}
- request:
    body: null
    headers:
      Connection: [keep-alive]
      User-Agent: [Azure-Storage/0.37.1-0.37.1 (Python CPython 3.5.3; Windows 10)
          AZURECLI/2.0.24]
      x-ms-date: ['Tue, 19 Dec 2017 04:25:26 GMT']
      x-ms-version: ['2017-04-17']
    method: HEAD
    uri: https://clitest000002.blob.core.windows.net/cont000004/blob000003
  response:
    body: {string: ''}
    headers:
      accept-ranges: [bytes]
      content-length: ['4194304']
      content-md5: [tc+p1sj+vWGPkawoQ9UKHA==]
      content-type: [application/test-content]
      date: ['Tue, 19 Dec 2017 04:25:22 GMT']
      etag: ['"0x8D54698849D1B5C"']
      last-modified: ['Tue, 19 Dec 2017 04:25:21 GMT']
      server: [Windows-Azure-Blob/1.0 Microsoft-HTTPAPI/2.0]
      x-ms-blob-type: [BlockBlob]
      x-ms-lease-state: [available]
      x-ms-lease-status: [unlocked]
      x-ms-server-encrypted: ['true']
      x-ms-version: ['2017-04-17']
    status: {code: 200, message: OK}
- request:
    body: null
    headers:
      Connection: [keep-alive]
      User-Agent: [Azure-Storage/0.37.1-0.37.1 (Python CPython 3.5.3; Windows 10)
          AZURECLI/2.0.24]
      x-ms-date: ['Tue, 19 Dec 2017 04:25:26 GMT']
      x-ms-version: ['2017-04-17']
    method: GET
    uri: https://clitest000002.blob.core.windows.net/?comp=properties&restype=service
  response:
    body: {string: "\uFEFF<?xml version=\"1.0\" encoding=\"utf-8\"?><StorageServiceProperties><Logging><Version>1.0</Version><Read>false</Read><Write>false</Write><Delete>false</Delete><RetentionPolicy><Enabled>false</Enabled></RetentionPolicy></Logging><HourMetrics><Version>1.0</Version><Enabled>true</Enabled><IncludeAPIs>true</IncludeAPIs><RetentionPolicy><Enabled>true</Enabled><Days>7</Days></RetentionPolicy></HourMetrics><MinuteMetrics><Version>1.0</Version><Enabled>false</Enabled><RetentionPolicy><Enabled>false</Enabled></RetentionPolicy></MinuteMetrics><Cors\
        \ /></StorageServiceProperties>"}
    headers:
      content-type: [application/xml]
      date: ['Tue, 19 Dec 2017 04:25:22 GMT']
      server: [Windows-Azure-Blob/1.0 Microsoft-HTTPAPI/2.0]
      transfer-encoding: [chunked]
      x-ms-version: ['2017-04-17']
    status: {code: 200, message: OK}
- request:
    body: null
    headers:
      Connection: [keep-alive]
      User-Agent: [Azure-Storage/0.37.1-0.37.1 (Python CPython 3.5.3; Windows 10)
          AZURECLI/2.0.24]
      x-ms-date: ['Tue, 19 Dec 2017 04:25:26 GMT']
      x-ms-range: [bytes=0-33554431]
      x-ms-version: ['2017-04-17']
    method: GET
    uri: https://clitest000002.blob.core.windows.net/cont000004/blob000003
  response:
    body: {string: '!!! The response body has been omitted from the recording because
        it is larger than 128 KB. It will be replaced with blank content of 4194304
        bytes while replay. <CTRL-REPLACE>4194304'}
    headers:
      accept-ranges: [bytes]
      content-length: ['4194304']
      content-range: [bytes 0-4194303/4194304]
      content-type: [application/test-content]
      date: ['Tue, 19 Dec 2017 04:25:22 GMT']
      etag: ['"0x8D54698849D1B5C"']
      last-modified: ['Tue, 19 Dec 2017 04:25:21 GMT']
      server: [Windows-Azure-Blob/1.0 Microsoft-HTTPAPI/2.0]
      x-ms-blob-content-md5: [tc+p1sj+vWGPkawoQ9UKHA==]
      x-ms-blob-type: [BlockBlob]
      x-ms-lease-state: [available]
      x-ms-lease-status: [unlocked]
      x-ms-server-encrypted: ['true']
      x-ms-version: ['2017-04-17']
    status: {code: 206, message: Partial Content}
- request:
    body: null
    headers:
      Accept: [application/json]
      Accept-Encoding: ['gzip, deflate']
      CommandName: [group delete]
      Connection: [keep-alive]
      Content-Length: ['0']
      Content-Type: [application/json; charset=utf-8]
      User-Agent: [python/3.5.3 (Windows-10-10.0.16299-SP0) requests/2.18.4 msrest/0.4.22
          msrest_azure/0.4.19 resourcemanagementclient/1.2.1 Azure-SDK-For-Python
          AZURECLI/2.0.24]
      accept-language: [en-US]
    method: DELETE
    uri: https://management.azure.com/subscriptions/00000000-0000-0000-0000-000000000000/resourcegroups/clitest.rg000001?api-version=2017-05-10
  response:
    body: {string: ''}
    headers:
      cache-control: [no-cache]
      content-length: ['0']
      date: ['Tue, 19 Dec 2017 04:25:25 GMT']
      expires: ['-1']
      location: ['https://management.azure.com/subscriptions/00000000-0000-0000-0000-000000000000/operationresults/eyJqb2JJZCI6IlJFU09VUkNFR1JPVVBERUxFVElPTkpPQi1DTElURVNUOjJFUkdMMkFNU082TVEzUUhRNjM2NVBQSTVaTE1NSDI0NkJPSUFSMnxBODY0REY3MTJBNEU5ODA2LVdFU1RVUyIsImpvYkxvY2F0aW9uIjoid2VzdHVzIn0?api-version=2017-05-10']
      pragma: [no-cache]
      strict-transport-security: [max-age=31536000; includeSubDomains]
      x-ms-ratelimit-remaining-subscription-writes: ['1185']
    status: {code: 202, message: Accepted}
version: 1
