interactions:
- request:
    body: !!python/unicode '{"location": "westus", "tags": {"use": "az-test"}}'
    headers:
      Accept: [application/json]
      Accept-Encoding: ['gzip, deflate']
      CommandName: [group create]
      Connection: [keep-alive]
      Content-Length: ['50']
      Content-Type: [application/json; charset=utf-8]
      User-Agent: [python/2.7.13 (Darwin-16.7.0-x86_64-i386-64bit) requests/2.9.1
          msrest/0.4.14 msrest_azure/0.4.13 resourcemanagementclient/1.1.0 Azure-SDK-For-Python
          AZURECLI/2.0.13+dev]
      accept-language: [en-US]
    method: PUT
    uri: https://management.azure.com/subscriptions/00000000-0000-0000-0000-000000000000/resourcegroups/clitest.rg000001?api-version=2017-05-10
  response:
    body: {string: !!python/unicode '{"id":"/subscriptions/00000000-0000-0000-0000-000000000000/resourceGroups/clitest.rg000001","name":"clitest.rg000001","location":"westus","tags":{"use":"az-test"},"properties":{"provisioningState":"Succeeded"}}'}
    headers:
      cache-control: [no-cache]
      content-length: ['328']
      content-type: [application/json; charset=utf-8]
      date: ['Tue, 29 Aug 2017 18:52:37 GMT']
      expires: ['-1']
      pragma: [no-cache]
      strict-transport-security: [max-age=31536000; includeSubDomains]
      x-ms-ratelimit-remaining-subscription-writes: ['1190']
    status: {code: 201, message: Created}
- request:
    body: !!python/unicode '{"sku": {"name": "Standard_LRS"}, "kind": "Storage", "properties":
      {"supportsHttpsTrafficOnly": false, "networkAcls": {"defaultAction": "Allow",
      "bypass": "AzureServices"}}, "location": "westus"}'
    headers:
      Accept: [application/json]
      Accept-Encoding: ['gzip, deflate']
      CommandName: [storage account create]
      Connection: [keep-alive]
      Content-Length: ['195']
      Content-Type: [application/json; charset=utf-8]
      User-Agent: [python/2.7.13 (Darwin-16.7.0-x86_64-i386-64bit) requests/2.9.1
          msrest/0.4.14 msrest_azure/0.4.13 storagemanagementclient/1.2.0 Azure-SDK-For-Python
          AZURECLI/2.0.13+dev]
      accept-language: [en-US]
    method: PUT
    uri: https://management.azure.com/subscriptions/00000000-0000-0000-0000-000000000000/resourceGroups/clitest.rg000001/providers/Microsoft.Storage/storageAccounts/clitest000002?api-version=2017-06-01
  response:
    body: {string: !!python/unicode ''}
    headers:
      cache-control: [no-cache]
      content-length: ['0']
      date: ['Tue, 29 Aug 2017 18:52:38 GMT']
      expires: ['-1']
      location: ['https://management.azure.com/subscriptions/00000000-0000-0000-0000-000000000000/providers/Microsoft.Storage/operations/1daf31a4-92ae-4751-ab3f-b8c42f82d949?monitor=true&api-version=2017-06-01']
      pragma: [no-cache]
      server: [Microsoft-Azure-Storage-Resource-Provider/1.0, Microsoft-HTTPAPI/2.0]
      strict-transport-security: [max-age=31536000; includeSubDomains]
      x-ms-ratelimit-remaining-subscription-writes: ['1193']
    status: {code: 202, message: Accepted}
- request:
    body: null
    headers:
      Accept: [application/json]
      Accept-Encoding: ['gzip, deflate']
      CommandName: [storage account create]
      Connection: [keep-alive]
      Content-Type: [application/json; charset=utf-8]
      User-Agent: [python/2.7.13 (Darwin-16.7.0-x86_64-i386-64bit) requests/2.9.1
          msrest/0.4.14 msrest_azure/0.4.13 storagemanagementclient/1.2.0 Azure-SDK-For-Python
          AZURECLI/2.0.13+dev]
      accept-language: [en-US]
    method: GET
    uri: https://management.azure.com/subscriptions/00000000-0000-0000-0000-000000000000/providers/Microsoft.Storage/operations/1daf31a4-92ae-4751-ab3f-b8c42f82d949?monitor=true&api-version=2017-06-01
  response:
    body: {string: !!python/unicode '{"id":"/subscriptions/00000000-0000-0000-0000-000000000000/resourceGroups/clitest.rg000001/providers/Microsoft.Storage/storageAccounts/clitest000002","kind":"Storage","location":"westus","name":"clitest000002","properties":{"creationTime":"2017-08-29T18:52:39.1315179Z","networkAcls":{"bypass":"AzureServices","defaultAction":"Allow","ipRules":[],"virtualNetworkRules":[]},"primaryEndpoints":{"blob":"https://clitest000002.blob.core.windows.net/","file":"https://clitest000002.file.core.windows.net/","queue":"https://clitest000002.queue.core.windows.net/","table":"https://clitest000002.table.core.windows.net/"},"primaryLocation":"westus","provisioningState":"Succeeded","statusOfPrimary":"available","supportsHttpsTrafficOnly":false},"sku":{"name":"Standard_LRS","tier":"Standard"},"tags":{},"type":"Microsoft.Storage/storageAccounts"}

'}
    headers:
      cache-control: [no-cache]
      content-length: ['964']
      content-type: [application/json]
      date: ['Tue, 29 Aug 2017 18:52:56 GMT']
      expires: ['-1']
      pragma: [no-cache]
      server: [Microsoft-Azure-Storage-Resource-Provider/1.0, Microsoft-HTTPAPI/2.0]
      strict-transport-security: [max-age=31536000; includeSubDomains]
      transfer-encoding: [chunked]
      vary: [Accept-Encoding]
    status: {code: 200, message: OK}
- request:
    body: null
    headers:
      Accept: [application/json]
      Accept-Encoding: ['gzip, deflate']
      CommandName: [storage account keys list]
      Connection: [keep-alive]
      Content-Length: ['0']
      Content-Type: [application/json; charset=utf-8]
      User-Agent: [python/2.7.13 (Darwin-16.7.0-x86_64-i386-64bit) requests/2.9.1
          msrest/0.4.14 msrest_azure/0.4.13 storagemanagementclient/1.2.0 Azure-SDK-For-Python
          AZURECLI/2.0.13+dev]
      accept-language: [en-US]
    method: POST
    uri: https://management.azure.com/subscriptions/00000000-0000-0000-0000-000000000000/resourceGroups/clitest.rg000001/providers/Microsoft.Storage/storageAccounts/clitest000002/listKeys?api-version=2017-06-01
  response:
    body: {string: !!python/unicode '{"keys":[{"keyName":"key1","permissions":"Full","value":"KSfpKGTsV/jL367GDiXbTiGWOKzErEb+47TujElUAvnmxQr3qWk6R4ATBcOlB328otvx+jQo2AowCi4dp9X6wg=="},{"keyName":"key2","permissions":"Full","value":"4m1sSC6rpeOs0EkvL+RIJ+NWbMU6aFN/T8B6NUb3PUS+W5v42ZVt0xPF8h3bcq5MV4t4s31MszksEPvj0dxDhw=="}]}

'}
    headers:
      cache-control: [no-cache]
      content-length: ['289']
      content-type: [application/json]
      date: ['Tue, 29 Aug 2017 18:52:57 GMT']
      expires: ['-1']
      pragma: [no-cache]
      server: [Microsoft-Azure-Storage-Resource-Provider/1.0, Microsoft-HTTPAPI/2.0]
      strict-transport-security: [max-age=31536000; includeSubDomains]
      transfer-encoding: [chunked]
      vary: [Accept-Encoding]
      x-ms-ratelimit-remaining-subscription-writes: ['1192']
    status: {code: 200, message: OK}
- request:
    body: null
    headers:
      Accept: [application/json]
      Accept-Encoding: ['gzip, deflate']
      CommandName: [storage account keys list]
      Connection: [keep-alive]
      Content-Length: ['0']
      Content-Type: [application/json; charset=utf-8]
      User-Agent: [python/2.7.13 (Darwin-16.7.0-x86_64-i386-64bit) requests/2.9.1
          msrest/0.4.14 msrest_azure/0.4.13 storagemanagementclient/1.2.0 Azure-SDK-For-Python
          AZURECLI/2.0.13+dev]
      accept-language: [en-US]
    method: POST
    uri: https://management.azure.com/subscriptions/00000000-0000-0000-0000-000000000000/resourceGroups/clitest.rg000001/providers/Microsoft.Storage/storageAccounts/clitest000002/listKeys?api-version=2017-06-01
  response:
    body: {string: !!python/unicode '{"keys":[{"keyName":"key1","permissions":"Full","value":"KSfpKGTsV/jL367GDiXbTiGWOKzErEb+47TujElUAvnmxQr3qWk6R4ATBcOlB328otvx+jQo2AowCi4dp9X6wg=="},{"keyName":"key2","permissions":"Full","value":"4m1sSC6rpeOs0EkvL+RIJ+NWbMU6aFN/T8B6NUb3PUS+W5v42ZVt0xPF8h3bcq5MV4t4s31MszksEPvj0dxDhw=="}]}

'}
    headers:
      cache-control: [no-cache]
      content-length: ['289']
      content-type: [application/json]
      date: ['Tue, 29 Aug 2017 18:52:57 GMT']
      expires: ['-1']
      pragma: [no-cache]
      server: [Microsoft-Azure-Storage-Resource-Provider/1.0, Microsoft-HTTPAPI/2.0]
      strict-transport-security: [max-age=31536000; includeSubDomains]
      transfer-encoding: [chunked]
      vary: [Accept-Encoding]
      x-ms-ratelimit-remaining-subscription-writes: ['1192']
    status: {code: 200, message: OK}
- request:
    body: null
    headers:
      Connection: [keep-alive]
      Content-Length: ['0']
      User-Agent: [Azure-Storage/0.36.0 (Python CPython 2.7.13; Darwin 16.7.0) AZURECLI/2.0.13+dev]
      x-ms-date: ['Tue, 29 Aug 2017 18:52:58 GMT']
      x-ms-version: ['2017-04-17']
    method: PUT
    uri: https://clitest000002.blob.core.windows.net/cont000003?restype=container
  response:
    body: {string: !!python/unicode ''}
    headers:
      date: ['Tue, 29 Aug 2017 18:52:57 GMT']
      etag: ['"0x8D4EF0F2A811095"']
      last-modified: ['Tue, 29 Aug 2017 18:52:58 GMT']
      server: [Windows-Azure-Blob/1.0 Microsoft-HTTPAPI/2.0]
      transfer-encoding: [chunked]
      x-ms-version: ['2017-04-17']
    status: {code: 201, message: Created}
- request:
    body: null
    headers:
      Connection: [keep-alive]
      User-Agent: [Azure-Storage/0.36.0 (Python CPython 2.7.13; Darwin 16.7.0) AZURECLI/2.0.13+dev]
      x-ms-date: ['Tue, 29 Aug 2017 18:52:58 GMT']
      x-ms-version: ['2017-04-17']
    method: GET
    uri: https://clitest000002.blob.core.windows.net/cont000003?restype=container
  response:
    body: {string: !!python/unicode ''}
    headers:
      date: ['Tue, 29 Aug 2017 18:52:58 GMT']
      etag: ['"0x8D4EF0F2A811095"']
      last-modified: ['Tue, 29 Aug 2017 18:52:58 GMT']
      server: [Windows-Azure-Blob/1.0 Microsoft-HTTPAPI/2.0]
      transfer-encoding: [chunked]
      x-ms-lease-state: [available]
      x-ms-lease-status: [unlocked]
      x-ms-version: ['2017-04-17']
    status: {code: 200, message: OK}
- request:
    body: null
    headers:
      Connection: [keep-alive]
      User-Agent: [Azure-Storage/0.36.0 (Python CPython 2.7.13; Darwin 16.7.0) AZURECLI/2.0.13+dev]
      x-ms-date: ['Tue, 29 Aug 2017 18:52:58 GMT']
      x-ms-version: ['2017-04-17']
    method: GET
    uri: https://clitest000002.blob.core.windows.net/cont000003?comp=acl&restype=container
  response:
    body: {string: "\uFEFF<?xml version=\"1.0\" encoding=\"utf-8\"?><SignedIdentifiers
        />"}
    headers:
      content-type: [application/xml]
      date: ['Tue, 29 Aug 2017 18:52:58 GMT']
      etag: ['"0x8D4EF0F2A811095"']
      last-modified: ['Tue, 29 Aug 2017 18:52:58 GMT']
      server: [Windows-Azure-Blob/1.0 Microsoft-HTTPAPI/2.0]
      transfer-encoding: [chunked]
      x-ms-version: ['2017-04-17']
    status: {code: 200, message: OK}
- request:
    body: !!python/unicode '<?xml version=''1.0'' encoding=''utf-8''?>

      <SignedIdentifiers />'
    headers:
      Connection: [keep-alive]
      Content-Length: ['60']
      User-Agent: [Azure-Storage/0.36.0 (Python CPython 2.7.13; Darwin 16.7.0) AZURECLI/2.0.13+dev]
      x-ms-blob-public-access: [blob]
      x-ms-date: ['Tue, 29 Aug 2017 18:52:59 GMT']
      x-ms-version: ['2017-04-17']
    method: PUT
    uri: https://clitest000002.blob.core.windows.net/cont000003?comp=acl&restype=container
  response:
    body: {string: !!python/unicode ''}
    headers:
      date: ['Tue, 29 Aug 2017 18:52:59 GMT']
      etag: ['"0x8D4EF0F2B041655"']
      last-modified: ['Tue, 29 Aug 2017 18:52:59 GMT']
      server: [Windows-Azure-Blob/1.0 Microsoft-HTTPAPI/2.0]
      transfer-encoding: [chunked]
      x-ms-version: ['2017-04-17']
    status: {code: 200, message: OK}
- request:
    body: null
    headers:
      Connection: [keep-alive]
      User-Agent: [Azure-Storage/0.36.0 (Python CPython 2.7.13; Darwin 16.7.0) AZURECLI/2.0.13+dev]
      x-ms-date: ['Tue, 29 Aug 2017 18:52:59 GMT']
      x-ms-version: ['2017-04-17']
    method: GET
    uri: https://clitest000002.blob.core.windows.net/cont000003?comp=acl&restype=container
  response:
    body: {string: "\uFEFF<?xml version=\"1.0\" encoding=\"utf-8\"?><SignedIdentifiers
        />"}
    headers:
      content-type: [application/xml]
      date: ['Tue, 29 Aug 2017 18:52:58 GMT']
      etag: ['"0x8D4EF0F2B041655"']
      last-modified: ['Tue, 29 Aug 2017 18:52:59 GMT']
      server: [Windows-Azure-Blob/1.0 Microsoft-HTTPAPI/2.0]
      transfer-encoding: [chunked]
      x-ms-blob-public-access: [blob]
      x-ms-version: ['2017-04-17']
    status: {code: 200, message: OK}
- request:
    body: null
    headers:
      Connection: [keep-alive]
      User-Agent: [Azure-Storage/0.36.0 (Python CPython 2.7.13; Darwin 16.7.0) AZURECLI/2.0.13+dev]
      x-ms-date: ['Tue, 29 Aug 2017 18:52:59 GMT']
      x-ms-version: ['2017-04-17']
    method: GET
    uri: https://clitest000002.blob.core.windows.net/cont000003?comp=acl&restype=container
  response:
    body: {string: "\uFEFF<?xml version=\"1.0\" encoding=\"utf-8\"?><SignedIdentifiers
        />"}
    headers:
      content-type: [application/xml]
      date: ['Tue, 29 Aug 2017 18:53:00 GMT']
      etag: ['"0x8D4EF0F2B041655"']
      last-modified: ['Tue, 29 Aug 2017 18:52:59 GMT']
      server: [Windows-Azure-Blob/1.0 Microsoft-HTTPAPI/2.0]
      transfer-encoding: [chunked]
      x-ms-blob-public-access: [blob]
      x-ms-version: ['2017-04-17']
    status: {code: 200, message: OK}
- request:
    body: !!python/unicode '<?xml version=''1.0'' encoding=''utf-8''?>

      <SignedIdentifiers />'
    headers:
      Connection: [keep-alive]
      Content-Length: ['60']
      User-Agent: [Azure-Storage/0.36.0 (Python CPython 2.7.13; Darwin 16.7.0) AZURECLI/2.0.13+dev]
      x-ms-date: ['Tue, 29 Aug 2017 18:52:59 GMT']
      x-ms-version: ['2017-04-17']
    method: PUT
    uri: https://clitest000002.blob.core.windows.net/cont000003?comp=acl&restype=container
  response:
    body: {string: !!python/unicode ''}
    headers:
      date: ['Tue, 29 Aug 2017 18:52:58 GMT']
      etag: ['"0x8D4EF0F2B480DA0"']
      last-modified: ['Tue, 29 Aug 2017 18:52:59 GMT']
      server: [Windows-Azure-Blob/1.0 Microsoft-HTTPAPI/2.0]
      transfer-encoding: [chunked]
      x-ms-version: ['2017-04-17']
    status: {code: 200, message: OK}
- request:
    body: null
    headers:
      Connection: [keep-alive]
      User-Agent: [Azure-Storage/0.36.0 (Python CPython 2.7.13; Darwin 16.7.0) AZURECLI/2.0.13+dev]
      x-ms-date: ['Tue, 29 Aug 2017 18:52:59 GMT']
      x-ms-version: ['2017-04-17']
    method: GET
    uri: https://clitest000002.blob.core.windows.net/cont000003?comp=acl&restype=container
  response:
    body: {string: "\uFEFF<?xml version=\"1.0\" encoding=\"utf-8\"?><SignedIdentifiers
        />"}
    headers:
      content-type: [application/xml]
      date: ['Tue, 29 Aug 2017 18:52:58 GMT']
      etag: ['"0x8D4EF0F2B480DA0"']
      last-modified: ['Tue, 29 Aug 2017 18:52:59 GMT']
      server: [Windows-Azure-Blob/1.0 Microsoft-HTTPAPI/2.0]
      transfer-encoding: [chunked]
      x-ms-version: ['2017-04-17']
    status: {code: 200, message: OK}
- request:
    body: null
    headers:
      Connection: [keep-alive]
      User-Agent: [Azure-Storage/0.36.0 (Python CPython 2.7.13; Darwin 16.7.0) AZURECLI/2.0.13+dev]
      x-ms-date: ['Tue, 29 Aug 2017 18:52:59 GMT']
      x-ms-version: ['2017-04-17']
    method: GET
    uri: https://clitest000002.blob.core.windows.net/cont000003?restype=container
  response:
    body: {string: !!python/unicode ''}
    headers:
      date: ['Tue, 29 Aug 2017 18:52:59 GMT']
      etag: ['"0x8D4EF0F2B480DA0"']
      last-modified: ['Tue, 29 Aug 2017 18:52:59 GMT']
      server: [Windows-Azure-Blob/1.0 Microsoft-HTTPAPI/2.0]
      transfer-encoding: [chunked]
      x-ms-lease-state: [available]
      x-ms-lease-status: [unlocked]
      x-ms-version: ['2017-04-17']
    status: {code: 200, message: OK}
- request:
    body: null
    headers:
      Connection: [keep-alive]
      User-Agent: [Azure-Storage/0.36.0 (Python CPython 2.7.13; Darwin 16.7.0) AZURECLI/2.0.13+dev]
      x-ms-date: ['Tue, 29 Aug 2017 18:52:59 GMT']
      x-ms-version: ['2017-04-17']
    method: GET
    uri: https://clitest000002.blob.core.windows.net/?comp=list
  response:
    body: {string: "\uFEFF<?xml version=\"1.0\" encoding=\"utf-8\"?><EnumerationResults
        ServiceEndpoint=\"https://clitest000002.blob.core.windows.net/\"><Containers><Container><Name>cont000003</Name><Properties><Last-Modified>Tue,
        29 Aug 2017 18:52:59 GMT</Last-Modified><Etag>\"0x8D4EF0F2B480DA0\"</Etag><LeaseStatus>unlocked</LeaseStatus><LeaseState>available</LeaseState></Properties></Container></Containers><NextMarker
        /></EnumerationResults>"}
    headers:
      content-type: [application/xml]
      date: ['Tue, 29 Aug 2017 18:52:59 GMT']
      server: [Windows-Azure-Blob/1.0 Microsoft-HTTPAPI/2.0]
      transfer-encoding: [chunked]
      x-ms-version: ['2017-04-17']
    status: {code: 200, message: OK}
- request:
    body: null
    headers:
      Connection: [keep-alive]
      Content-Length: ['0']
      User-Agent: [Azure-Storage/0.36.0 (Python CPython 2.7.13; Darwin 16.7.0) AZURECLI/2.0.13+dev]
      x-ms-date: ['Tue, 29 Aug 2017 18:53:00 GMT']
      x-ms-meta-foo: [bar]
      x-ms-meta-moo: [bak]
      x-ms-version: ['2017-04-17']
    method: PUT
    uri: https://clitest000002.blob.core.windows.net/cont000003?comp=metadata&restype=container
  response:
    body: {string: !!python/unicode ''}
    headers:
      date: ['Tue, 29 Aug 2017 18:53:00 GMT']
      etag: ['"0x8D4EF0F2BAA1B8B"']
      last-modified: ['Tue, 29 Aug 2017 18:53:00 GMT']
      server: [Windows-Azure-Blob/1.0 Microsoft-HTTPAPI/2.0]
      transfer-encoding: [chunked]
      x-ms-version: ['2017-04-17']
    status: {code: 200, message: OK}
- request:
    body: null
    headers:
      Connection: [keep-alive]
      User-Agent: [Azure-Storage/0.36.0 (Python CPython 2.7.13; Darwin 16.7.0) AZURECLI/2.0.13+dev]
      x-ms-date: ['Tue, 29 Aug 2017 18:53:00 GMT']
      x-ms-version: ['2017-04-17']
    method: GET
    uri: https://clitest000002.blob.core.windows.net/cont000003?comp=metadata&restype=container
  response:
    body: {string: !!python/unicode ''}
    headers:
      date: ['Tue, 29 Aug 2017 18:53:00 GMT']
      etag: ['"0x8D4EF0F2BAA1B8B"']
      last-modified: ['Tue, 29 Aug 2017 18:53:00 GMT']
      server: [Windows-Azure-Blob/1.0 Microsoft-HTTPAPI/2.0]
      transfer-encoding: [chunked]
      x-ms-meta-foo: [bar]
      x-ms-meta-moo: [bak]
      x-ms-version: ['2017-04-17']
    status: {code: 200, message: OK}
- request:
    body: null
    headers:
      Connection: [keep-alive]
      Content-Length: ['0']
      User-Agent: [Azure-Storage/0.36.0 (Python CPython 2.7.13; Darwin 16.7.0) AZURECLI/2.0.13+dev]
      x-ms-date: ['Tue, 29 Aug 2017 18:53:00 GMT']
      x-ms-version: ['2017-04-17']
    method: PUT
    uri: https://clitest000002.blob.core.windows.net/cont000003?comp=metadata&restype=container
  response:
    body: {string: !!python/unicode ''}
    headers:
      date: ['Tue, 29 Aug 2017 18:52:59 GMT']
      etag: ['"0x8D4EF0F2BDC5B45"']
      last-modified: ['Tue, 29 Aug 2017 18:53:00 GMT']
      server: [Windows-Azure-Blob/1.0 Microsoft-HTTPAPI/2.0]
      transfer-encoding: [chunked]
      x-ms-version: ['2017-04-17']
    status: {code: 200, message: OK}
- request:
    body: null
    headers:
      Connection: [keep-alive]
      User-Agent: [Azure-Storage/0.36.0 (Python CPython 2.7.13; Darwin 16.7.0) AZURECLI/2.0.13+dev]
      x-ms-date: ['Tue, 29 Aug 2017 18:53:00 GMT']
      x-ms-version: ['2017-04-17']
    method: GET
    uri: https://clitest000002.blob.core.windows.net/cont000003?comp=metadata&restype=container
  response:
    body: {string: !!python/unicode ''}
    headers:
      date: ['Tue, 29 Aug 2017 18:53:00 GMT']
      etag: ['"0x8D4EF0F2BDC5B45"']
      last-modified: ['Tue, 29 Aug 2017 18:53:00 GMT']
      server: [Windows-Azure-Blob/1.0 Microsoft-HTTPAPI/2.0]
      transfer-encoding: [chunked]
      x-ms-version: ['2017-04-17']
    status: {code: 200, message: OK}
- request:
    body: null
    headers:
      Connection: [keep-alive]
      Content-Length: ['0']
      If-Modified-Since: ['Fri, 01 Apr 2016 12:00:00 GMT']
      User-Agent: [Azure-Storage/0.36.0 (Python CPython 2.7.13; Darwin 16.7.0) AZURECLI/2.0.13+dev]
      x-ms-date: ['Tue, 29 Aug 2017 18:53:00 GMT']
      x-ms-lease-action: [acquire]
      x-ms-lease-duration: ['60']
      x-ms-proposed-lease-id: [abcdabcd-abcd-abcd-abcd-abcdabcdabcd]
      x-ms-version: ['2017-04-17']
    method: PUT
    uri: https://clitest000002.blob.core.windows.net/cont000003?comp=lease&restype=container
  response:
    body: {string: !!python/unicode ''}
    headers:
      date: ['Tue, 29 Aug 2017 18:53:00 GMT']
      etag: ['"0x8D4EF0F2BDC5B45"']
      last-modified: ['Tue, 29 Aug 2017 18:53:00 GMT']
      server: [Windows-Azure-Blob/1.0 Microsoft-HTTPAPI/2.0]
      transfer-encoding: [chunked]
      x-ms-lease-id: [abcdabcd-abcd-abcd-abcd-abcdabcdabcd]
      x-ms-version: ['2017-04-17']
    status: {code: 201, message: Created}
- request:
    body: null
    headers:
      Connection: [keep-alive]
      User-Agent: [Azure-Storage/0.36.0 (Python CPython 2.7.13; Darwin 16.7.0) AZURECLI/2.0.13+dev]
      x-ms-date: ['Tue, 29 Aug 2017 18:53:00 GMT']
      x-ms-version: ['2017-04-17']
    method: GET
    uri: https://clitest000002.blob.core.windows.net/cont000003?restype=container
  response:
    body: {string: !!python/unicode ''}
    headers:
      date: ['Tue, 29 Aug 2017 18:53:00 GMT']
      etag: ['"0x8D4EF0F2BDC5B45"']
      last-modified: ['Tue, 29 Aug 2017 18:53:00 GMT']
      server: [Windows-Azure-Blob/1.0 Microsoft-HTTPAPI/2.0]
      transfer-encoding: [chunked]
      x-ms-lease-duration: [fixed]
      x-ms-lease-state: [leased]
      x-ms-lease-status: [locked]
      x-ms-version: ['2017-04-17']
    status: {code: 200, message: OK}
- request:
    body: null
    headers:
      Connection: [keep-alive]
      Content-Length: ['0']
      User-Agent: [Azure-Storage/0.36.0 (Python CPython 2.7.13; Darwin 16.7.0) AZURECLI/2.0.13+dev]
      x-ms-date: ['Tue, 29 Aug 2017 18:53:01 GMT']
      x-ms-lease-action: [change]
      x-ms-lease-id: [abcdabcd-abcd-abcd-abcd-abcdabcdabcd]
      x-ms-proposed-lease-id: [dcbadcba-dcba-dcba-dcba-dcbadcbadcba]
      x-ms-version: ['2017-04-17']
    method: PUT
    uri: https://clitest000002.blob.core.windows.net/cont000003?comp=lease&restype=container
  response:
    body: {string: !!python/unicode ''}
    headers:
      date: ['Tue, 29 Aug 2017 18:53:01 GMT']
      etag: ['"0x8D4EF0F2BDC5B45"']
      last-modified: ['Tue, 29 Aug 2017 18:53:00 GMT']
      server: [Windows-Azure-Blob/1.0 Microsoft-HTTPAPI/2.0]
      transfer-encoding: [chunked]
      x-ms-lease-id: [dcbadcba-dcba-dcba-dcba-dcbadcbadcba]
      x-ms-version: ['2017-04-17']
    status: {code: 200, message: OK}
- request:
    body: null
    headers:
      Connection: [keep-alive]
      Content-Length: ['0']
      User-Agent: [Azure-Storage/0.36.0 (Python CPython 2.7.13; Darwin 16.7.0) AZURECLI/2.0.13+dev]
      x-ms-date: ['Tue, 29 Aug 2017 18:53:01 GMT']
      x-ms-lease-action: [renew]
      x-ms-lease-id: [dcbadcba-dcba-dcba-dcba-dcbadcbadcba]
      x-ms-version: ['2017-04-17']
    method: PUT
    uri: https://clitest000002.blob.core.windows.net/cont000003?comp=lease&restype=container
  response:
    body: {string: !!python/unicode ''}
    headers:
      date: ['Tue, 29 Aug 2017 18:53:00 GMT']
      etag: ['"0x8D4EF0F2BDC5B45"']
      last-modified: ['Tue, 29 Aug 2017 18:53:00 GMT']
      server: [Windows-Azure-Blob/1.0 Microsoft-HTTPAPI/2.0]
      transfer-encoding: [chunked]
      x-ms-lease-id: [dcbadcba-dcba-dcba-dcba-dcbadcbadcba]
      x-ms-version: ['2017-04-17']
    status: {code: 200, message: OK}
- request:
    body: null
    headers:
      Connection: [keep-alive]
      User-Agent: [Azure-Storage/0.36.0 (Python CPython 2.7.13; Darwin 16.7.0) AZURECLI/2.0.13+dev]
      x-ms-date: ['Tue, 29 Aug 2017 18:53:01 GMT']
      x-ms-version: ['2017-04-17']
    method: GET
    uri: https://clitest000002.blob.core.windows.net/cont000003?restype=container
  response:
    body: {string: !!python/unicode ''}
    headers:
      date: ['Tue, 29 Aug 2017 18:53:00 GMT']
      etag: ['"0x8D4EF0F2BDC5B45"']
      last-modified: ['Tue, 29 Aug 2017 18:53:00 GMT']
      server: [Windows-Azure-Blob/1.0 Microsoft-HTTPAPI/2.0]
      transfer-encoding: [chunked]
      x-ms-lease-duration: [fixed]
      x-ms-lease-state: [leased]
      x-ms-lease-status: [locked]
      x-ms-version: ['2017-04-17']
    status: {code: 200, message: OK}
- request:
    body: null
    headers:
      Connection: [keep-alive]
      Content-Length: ['0']
      User-Agent: [Azure-Storage/0.36.0 (Python CPython 2.7.13; Darwin 16.7.0) AZURECLI/2.0.13+dev]
      x-ms-date: ['Tue, 29 Aug 2017 18:53:01 GMT']
      x-ms-lease-action: [break]
      x-ms-lease-break-period: ['30']
      x-ms-version: ['2017-04-17']
    method: PUT
    uri: https://clitest000002.blob.core.windows.net/cont000003?comp=lease&restype=container
  response:
    body: {string: !!python/unicode ''}
    headers:
      date: ['Tue, 29 Aug 2017 18:53:01 GMT']
      etag: ['"0x8D4EF0F2BDC5B45"']
      last-modified: ['Tue, 29 Aug 2017 18:53:00 GMT']
      server: [Windows-Azure-Blob/1.0 Microsoft-HTTPAPI/2.0]
      transfer-encoding: [chunked]
      x-ms-lease-time: ['30']
      x-ms-version: ['2017-04-17']
    status: {code: 202, message: Accepted}
- request:
    body: null
    headers:
      Connection: [keep-alive]
      User-Agent: [Azure-Storage/0.36.0 (Python CPython 2.7.13; Darwin 16.7.0) AZURECLI/2.0.13+dev]
      x-ms-date: ['Tue, 29 Aug 2017 18:53:01 GMT']
      x-ms-version: ['2017-04-17']
    method: GET
    uri: https://clitest000002.blob.core.windows.net/cont000003?restype=container
  response:
    body: {string: !!python/unicode ''}
    headers:
      date: ['Tue, 29 Aug 2017 18:53:01 GMT']
      etag: ['"0x8D4EF0F2BDC5B45"']
      last-modified: ['Tue, 29 Aug 2017 18:53:00 GMT']
      server: [Windows-Azure-Blob/1.0 Microsoft-HTTPAPI/2.0]
      transfer-encoding: [chunked]
      x-ms-lease-state: [breaking]
      x-ms-lease-status: [locked]
      x-ms-version: ['2017-04-17']
    status: {code: 200, message: OK}
- request:
    body: null
    headers:
      Connection: [keep-alive]
      Content-Length: ['0']
      User-Agent: [Azure-Storage/0.36.0 (Python CPython 2.7.13; Darwin 16.7.0) AZURECLI/2.0.13+dev]
      x-ms-date: ['Tue, 29 Aug 2017 18:53:02 GMT']
      x-ms-lease-action: [release]
      x-ms-lease-id: [dcbadcba-dcba-dcba-dcba-dcbadcbadcba]
      x-ms-version: ['2017-04-17']
    method: PUT
    uri: https://clitest000002.blob.core.windows.net/cont000003?comp=lease&restype=container
  response:
    body: {string: !!python/unicode ''}
    headers:
      date: ['Tue, 29 Aug 2017 18:53:01 GMT']
      etag: ['"0x8D4EF0F2BDC5B45"']
      last-modified: ['Tue, 29 Aug 2017 18:53:00 GMT']
      server: [Windows-Azure-Blob/1.0 Microsoft-HTTPAPI/2.0]
      transfer-encoding: [chunked]
      x-ms-version: ['2017-04-17']
    status: {code: 200, message: OK}
- request:
    body: null
    headers:
      Connection: [keep-alive]
      User-Agent: [Azure-Storage/0.36.0 (Python CPython 2.7.13; Darwin 16.7.0) AZURECLI/2.0.13+dev]
      x-ms-date: ['Tue, 29 Aug 2017 18:53:02 GMT']
      x-ms-version: ['2017-04-17']
    method: GET
    uri: https://clitest000002.blob.core.windows.net/cont000003?restype=container
  response:
    body: {string: !!python/unicode ''}
    headers:
      date: ['Tue, 29 Aug 2017 18:53:01 GMT']
      etag: ['"0x8D4EF0F2BDC5B45"']
      last-modified: ['Tue, 29 Aug 2017 18:53:00 GMT']
      server: [Windows-Azure-Blob/1.0 Microsoft-HTTPAPI/2.0]
      transfer-encoding: [chunked]
      x-ms-lease-state: [available]
      x-ms-lease-status: [unlocked]
      x-ms-version: ['2017-04-17']
    status: {code: 200, message: OK}
- request:
    body: null
    headers:
      Connection: [keep-alive]
      Content-Length: ['0']
      User-Agent: [Azure-Storage/0.36.0 (Python CPython 2.7.13; Darwin 16.7.0) AZURECLI/2.0.13+dev]
      x-ms-date: ['Tue, 29 Aug 2017 18:53:02 GMT']
      x-ms-version: ['2017-04-17']
    method: DELETE
    uri: https://clitest000002.blob.core.windows.net/cont000003?restype=container
  response:
    body: {string: !!python/unicode ''}
    headers:
      date: ['Tue, 29 Aug 2017 18:53:03 GMT']
      server: [Windows-Azure-Blob/1.0 Microsoft-HTTPAPI/2.0]
      transfer-encoding: [chunked]
      x-ms-version: ['2017-04-17']
    status: {code: 202, message: Accepted}
- request:
    body: null
    headers:
      Connection: [keep-alive]
      User-Agent: [Azure-Storage/0.36.0 (Python CPython 2.7.13; Darwin 16.7.0) AZURECLI/2.0.13+dev]
      x-ms-date: ['Tue, 29 Aug 2017 18:53:02 GMT']
      x-ms-version: ['2017-04-17']
    method: GET
    uri: https://clitest000002.blob.core.windows.net/cont000003?restype=container
  response:
    body: {string: "\uFEFF<?xml version=\"1.0\" encoding=\"utf-8\"?><Error><Code>ContainerNotFound</Code><Message>The
        specified container does not exist.\nRequestId:782daa89-001e-0037-46f8-2041ad000000\nTime:2017-08-29T18:53:02.6141938Z</Message></Error>"}
    headers:
      content-length: ['225']
      content-type: [application/xml]
      date: ['Tue, 29 Aug 2017 18:53:02 GMT']
      server: [Windows-Azure-Blob/1.0 Microsoft-HTTPAPI/2.0]
      x-ms-version: ['2017-04-17']
    status: {code: 404, message: The specified container does not exist.}
- request:
    body: null
    headers:
      Accept: [application/json]
      Accept-Encoding: ['gzip, deflate']
      CommandName: [group delete]
      Connection: [keep-alive]
      Content-Length: ['0']
      Content-Type: [application/json; charset=utf-8]
      User-Agent: [python/2.7.13 (Darwin-16.7.0-x86_64-i386-64bit) requests/2.9.1
          msrest/0.4.14 msrest_azure/0.4.13 resourcemanagementclient/1.1.0 Azure-SDK-For-Python
          AZURECLI/2.0.13+dev]
      accept-language: [en-US]
    method: DELETE
    uri: https://management.azure.com/subscriptions/00000000-0000-0000-0000-000000000000/resourcegroups/clitest.rg000001?api-version=2017-05-10
  response:
    body: {string: !!python/unicode ''}
    headers:
      cache-control: [no-cache]
      content-length: ['0']
      date: ['Tue, 29 Aug 2017 18:53:02 GMT']
      expires: ['-1']
      location: ['https://management.azure.com/subscriptions/00000000-0000-0000-0000-000000000000/operationresults/eyJqb2JJZCI6IlJFU09VUkNFR1JPVVBERUxFVElPTkpPQi1DTElURVNUOjJFUkdIWU5HV1dMSEZZSjNCR05PSExTQVNDVVJSUFkzWkFVNUlWVXw5RTY3Q0NERjEyRjcwOTUzLVdFU1RVUyIsImpvYkxvY2F0aW9uIjoid2VzdHVzIn0?api-version=2017-05-10']
      pragma: [no-cache]
      strict-transport-security: [max-age=31536000; includeSubDomains]
      x-ms-ratelimit-remaining-subscription-writes: ['1190']
    status: {code: 202, message: Accepted}
version: 1
