interactions:
- request:
    body: '{"location": "westus", "tags": {"use": "az-test"}}'
    headers:
      Accept: [application/json]
      Accept-Encoding: ['gzip, deflate']
      CommandName: [group create]
      Connection: [keep-alive]
      Content-Length: ['50']
      Content-Type: [application/json; charset=utf-8]
      User-Agent: [python/3.6.2 (Darwin-16.7.0-x86_64-i386-64bit) requests/2.9.1 msrest/0.4.14
          msrest_azure/0.4.14 resourcemanagementclient/1.2.0rc2 Azure-SDK-For-Python
          AZURECLI/2.0.16+dev]
      accept-language: [en-US]
    method: PUT
    uri: https://management.azure.com/subscriptions/00000000-0000-0000-0000-000000000000/resourcegroups/clitest.rg000001?api-version=2017-05-10
  response:
    body: {string: '{"id":"/subscriptions/00000000-0000-0000-0000-000000000000/resourceGroups/clitest.rg000001","name":"clitest.rg000001","location":"westus","tags":{"use":"az-test"},"properties":{"provisioningState":"Succeeded"}}'}
    headers:
      cache-control: [no-cache]
      content-length: ['328']
      content-type: [application/json; charset=utf-8]
      date: ['Wed, 20 Sep 2017 18:51:21 GMT']
      expires: ['-1']
      pragma: [no-cache]
      strict-transport-security: [max-age=31536000; includeSubDomains]
      x-ms-ratelimit-remaining-subscription-writes: ['1199']
    status: {code: 201, message: Created}
- request:
    body: '{"sku": {"name": "Standard_LRS"}, "kind": "Storage", "location": "westus",
      "properties": {"supportsHttpsTrafficOnly": false}}'
    headers:
      Accept: [application/json]
      Accept-Encoding: ['gzip, deflate']
      CommandName: [storage account create]
      Connection: [keep-alive]
      Content-Length: ['125']
      Content-Type: [application/json; charset=utf-8]
      User-Agent: [python/3.6.2 (Darwin-16.7.0-x86_64-i386-64bit) requests/2.9.1 msrest/0.4.14
          msrest_azure/0.4.14 storagemanagementclient/1.2.0 Azure-SDK-For-Python AZURECLI/2.0.16+dev]
      accept-language: [en-US]
    method: PUT
    uri: https://management.azure.com/subscriptions/00000000-0000-0000-0000-000000000000/resourceGroups/clitest.rg000001/providers/Microsoft.Storage/storageAccounts/clitest000002?api-version=2017-06-01
  response:
    body: {string: ''}
    headers:
      cache-control: [no-cache]
      content-length: ['0']
      date: ['Wed, 20 Sep 2017 18:51:22 GMT']
      expires: ['-1']
      location: ['https://management.azure.com/subscriptions/00000000-0000-0000-0000-000000000000/providers/Microsoft.Storage/locations/westus/asyncoperations/e2058909-02fc-455d-bb8c-5e6323a70338?monitor=true&api-version=2017-06-01']
      pragma: [no-cache]
      server: [Microsoft-Azure-Storage-Resource-Provider/1.0, Microsoft-HTTPAPI/2.0]
      strict-transport-security: [max-age=31536000; includeSubDomains]
      x-ms-ratelimit-remaining-subscription-writes: ['1196']
    status: {code: 202, message: Accepted}
- request:
    body: null
    headers:
      Accept: [application/json]
      Accept-Encoding: ['gzip, deflate']
      CommandName: [storage account create]
      Connection: [keep-alive]
      Content-Type: [application/json; charset=utf-8]
      User-Agent: [python/3.6.2 (Darwin-16.7.0-x86_64-i386-64bit) requests/2.9.1 msrest/0.4.14
          msrest_azure/0.4.14 storagemanagementclient/1.2.0 Azure-SDK-For-Python AZURECLI/2.0.16+dev]
      accept-language: [en-US]
    method: GET
    uri: https://management.azure.com/subscriptions/00000000-0000-0000-0000-000000000000/providers/Microsoft.Storage/locations/westus/asyncoperations/e2058909-02fc-455d-bb8c-5e6323a70338?monitor=true&api-version=2017-06-01
  response:
    body: {string: '{"id":"/subscriptions/00000000-0000-0000-0000-000000000000/resourceGroups/clitest.rg000001/providers/Microsoft.Storage/storageAccounts/clitest000002","kind":"Storage","location":"westus","name":"clitest000002","properties":{"creationTime":"2017-09-20T18:51:22.5430251Z","networkAcls":{"bypass":"AzureServices","defaultAction":"Allow","ipRules":[],"virtualNetworkRules":[]},"primaryEndpoints":{"blob":"https://clitest000002.blob.core.windows.net/","file":"https://clitest000002.file.core.windows.net/","queue":"https://clitest000002.queue.core.windows.net/","table":"https://clitest000002.table.core.windows.net/"},"primaryLocation":"westus","provisioningState":"Succeeded","statusOfPrimary":"available","supportsHttpsTrafficOnly":false},"sku":{"name":"Standard_LRS","tier":"Standard"},"tags":{},"type":"Microsoft.Storage/storageAccounts"}

'}
    headers:
      cache-control: [no-cache]
      content-length: ['964']
      content-type: [application/json]
      date: ['Wed, 20 Sep 2017 18:51:39 GMT']
      expires: ['-1']
      pragma: [no-cache]
      server: [Microsoft-Azure-Storage-Resource-Provider/1.0, Microsoft-HTTPAPI/2.0]
      strict-transport-security: [max-age=31536000; includeSubDomains]
      transfer-encoding: [chunked]
      vary: [Accept-Encoding]
    status: {code: 200, message: OK}
- request:
    body: null
    headers:
      Accept: [application/json]
      Accept-Encoding: ['gzip, deflate']
      CommandName: [storage account keys list]
      Connection: [keep-alive]
      Content-Length: ['0']
      Content-Type: [application/json; charset=utf-8]
      User-Agent: [python/3.6.2 (Darwin-16.7.0-x86_64-i386-64bit) requests/2.9.1 msrest/0.4.14
          msrest_azure/0.4.14 storagemanagementclient/1.2.0 Azure-SDK-For-Python AZURECLI/2.0.16+dev]
      accept-language: [en-US]
    method: POST
    uri: https://management.azure.com/subscriptions/00000000-0000-0000-0000-000000000000/resourceGroups/clitest.rg000001/providers/Microsoft.Storage/storageAccounts/clitest000002/listKeys?api-version=2017-06-01
  response:
    body: {string: '{"keys":[{"keyName":"key1","permissions":"Full","value":"ocxPAHt6SmYC9JLb3Usmd3SqBdLLpZxjQ2RaIEMVoAx1X634g3rjepw9qg/5aolHBL4NQtG2FiB+mzGhJuW6HQ=="},{"keyName":"key2","permissions":"Full","value":"rFW5m2iDUfYrJqzYpP7I56wZWATi+6+X+DQGrdr/jXFfYWBz24SsJhDqhQKckOLtm7USxaIQUgVW9QPhIoUM/g=="}]}

'}
    headers:
      cache-control: [no-cache]
      content-length: ['289']
      content-type: [application/json]
      date: ['Wed, 20 Sep 2017 18:51:40 GMT']
      expires: ['-1']
      pragma: [no-cache]
      server: [Microsoft-Azure-Storage-Resource-Provider/1.0, Microsoft-HTTPAPI/2.0]
      strict-transport-security: [max-age=31536000; includeSubDomains]
      transfer-encoding: [chunked]
      vary: [Accept-Encoding]
      x-ms-ratelimit-remaining-subscription-writes: ['1190']
    status: {code: 200, message: OK}
- request:
    body: null
    headers:
      Accept: [application/json]
      Accept-Encoding: ['gzip, deflate']
      CommandName: [storage account keys list]
      Connection: [keep-alive]
      Content-Length: ['0']
      Content-Type: [application/json; charset=utf-8]
      User-Agent: [python/3.6.2 (Darwin-16.7.0-x86_64-i386-64bit) requests/2.9.1 msrest/0.4.14
          msrest_azure/0.4.14 storagemanagementclient/1.2.0 Azure-SDK-For-Python AZURECLI/2.0.16+dev]
      accept-language: [en-US]
    method: POST
    uri: https://management.azure.com/subscriptions/00000000-0000-0000-0000-000000000000/resourceGroups/clitest.rg000001/providers/Microsoft.Storage/storageAccounts/clitest000002/listKeys?api-version=2017-06-01
  response:
    body: {string: '{"keys":[{"keyName":"key1","permissions":"Full","value":"ocxPAHt6SmYC9JLb3Usmd3SqBdLLpZxjQ2RaIEMVoAx1X634g3rjepw9qg/5aolHBL4NQtG2FiB+mzGhJuW6HQ=="},{"keyName":"key2","permissions":"Full","value":"rFW5m2iDUfYrJqzYpP7I56wZWATi+6+X+DQGrdr/jXFfYWBz24SsJhDqhQKckOLtm7USxaIQUgVW9QPhIoUM/g=="}]}

'}
    headers:
      cache-control: [no-cache]
      content-length: ['289']
      content-type: [application/json]
      date: ['Wed, 20 Sep 2017 18:51:40 GMT']
      expires: ['-1']
      pragma: [no-cache]
      server: [Microsoft-Azure-Storage-Resource-Provider/1.0, Microsoft-HTTPAPI/2.0]
      strict-transport-security: [max-age=31536000; includeSubDomains]
      transfer-encoding: [chunked]
      vary: [Accept-Encoding]
      x-ms-ratelimit-remaining-subscription-writes: ['1189']
    status: {code: 200, message: OK}
- request:
    body: null
    headers:
      Connection: [keep-alive]
      Content-Length: ['0']
      User-Agent: [Azure-Storage/0.36.0 (Python CPython 3.6.2; Darwin 16.7.0) AZURECLI/2.0.16+dev]
      x-ms-date: ['Wed, 20 Sep 2017 18:51:41 GMT']
      x-ms-version: ['2017-04-17']
    method: PUT
    uri: https://clitest000002.blob.core.windows.net/cont000004?restype=container
  response:
    body: {string: ''}
    headers:
      date: ['Wed, 20 Sep 2017 18:51:42 GMT']
      etag: ['"0x8D50058A2EBDFFC"']
      last-modified: ['Wed, 20 Sep 2017 18:51:43 GMT']
      server: [Windows-Azure-Blob/1.0 Microsoft-HTTPAPI/2.0]
      transfer-encoding: [chunked]
      x-ms-version: ['2017-04-17']
    status: {code: 201, message: Created}
- request:
    body: null
    headers:
      Connection: [keep-alive]
      User-Agent: [Azure-Storage/0.36.0 (Python CPython 3.6.2; Darwin 16.7.0) AZURECLI/2.0.16+dev]
      x-ms-date: ['Wed, 20 Sep 2017 18:51:43 GMT']
      x-ms-version: ['2017-04-17']
    method: HEAD
    uri: https://clitest000002.blob.core.windows.net/cont000004/blob000003
  response:
    body: {string: ''}
    headers:
      date: ['Wed, 20 Sep 2017 18:51:42 GMT']
      server: [Windows-Azure-Blob/1.0 Microsoft-HTTPAPI/2.0]
      transfer-encoding: [chunked]
      x-ms-version: ['2017-04-17']
    status: {code: 404, message: The specified blob does not exist.}
- request:
    body: '!!! The request body has been omitted from the recording because its size
      4194304 is larger than 128KB. !!!'
    headers:
      Connection: [keep-alive]
      Content-Length: ['4194304']
      User-Agent: [Azure-Storage/0.36.0 (Python CPython 3.6.2; Darwin 16.7.0) AZURECLI/2.0.16+dev]
      x-ms-blob-type: [BlockBlob]
      x-ms-date: ['Wed, 20 Sep 2017 18:51:43 GMT']
      x-ms-version: ['2017-04-17']
    method: PUT
    uri: https://clitest000002.blob.core.windows.net/cont000004/blob000003
  response:
    body: {string: ''}
    headers:
      content-md5: [tc+p1sj+vWGPkawoQ9UKHA==]
      date: ['Wed, 20 Sep 2017 18:51:43 GMT']
      etag: ['"0x8D50058A307AF3B"']
      last-modified: ['Wed, 20 Sep 2017 18:51:43 GMT']
      server: [Windows-Azure-Blob/1.0 Microsoft-HTTPAPI/2.0]
      transfer-encoding: [chunked]
      x-ms-request-server-encrypted: ['false']
      x-ms-version: ['2017-04-17']
    status: {code: 201, message: Created}
- request:
    body: null
    headers:
      Connection: [keep-alive]
      User-Agent: [Azure-Storage/0.36.0 (Python CPython 3.6.2; Darwin 16.7.0) AZURECLI/2.0.16+dev]
      x-ms-date: ['Wed, 20 Sep 2017 18:51:44 GMT']
      x-ms-version: ['2017-04-17']
    method: HEAD
    uri: https://clitest000002.blob.core.windows.net/cont000004/blob000003
  response:
    body: {string: ''}
    headers:
      accept-ranges: [bytes]
      content-length: ['4194304']
      content-md5: [tc+p1sj+vWGPkawoQ9UKHA==]
      content-type: [application/octet-stream]
      date: ['Wed, 20 Sep 2017 18:51:43 GMT']
      etag: ['"0x8D50058A307AF3B"']
      last-modified: ['Wed, 20 Sep 2017 18:51:43 GMT']
      server: [Windows-Azure-Blob/1.0 Microsoft-HTTPAPI/2.0]
      x-ms-blob-type: [BlockBlob]
      x-ms-lease-state: [available]
      x-ms-lease-status: [unlocked]
      x-ms-server-encrypted: ['false']
      x-ms-version: ['2017-04-17']
    status: {code: 200, message: OK}
- request:
    body: null
    headers:
      Connection: [keep-alive]
      User-Agent: [Azure-Storage/0.36.0 (Python CPython 3.6.2; Darwin 16.7.0) AZURECLI/2.0.16+dev]
      x-ms-date: ['Wed, 20 Sep 2017 18:51:44 GMT']
      x-ms-version: ['2017-04-17']
    method: GET
    uri: https://clitest000002.blob.core.windows.net/cont000004?restype=container&comp=list&maxresults=1
  response:
    body: {string: "\uFEFF<?xml version=\"1.0\" encoding=\"utf-8\"?><EnumerationResults
        ServiceEndpoint=\"https://clitest000002.blob.core.windows.net/\" ContainerName=\"cont000004\"><MaxResults>1</MaxResults><Blobs><Blob><Name>blob000003</Name><Properties><Last-Modified>Wed,
        20 Sep 2017 18:51:43 GMT</Last-Modified><Etag>0x8D50058A307AF3B</Etag><Content-Length>4194304</Content-Length><Content-Type>application/octet-stream</Content-Type><Content-Encoding
        /><Content-Language /><Content-MD5>tc+p1sj+vWGPkawoQ9UKHA==</Content-MD5><Cache-Control
        /><Content-Disposition /><BlobType>BlockBlob</BlobType><LeaseStatus>unlocked</LeaseStatus><LeaseState>available</LeaseState><ServerEncrypted>false</ServerEncrypted></Properties></Blob></Blobs><NextMarker
        /></EnumerationResults>"}
    headers:
      content-type: [application/xml]
      date: ['Wed, 20 Sep 2017 18:51:43 GMT']
      server: [Windows-Azure-Blob/1.0 Microsoft-HTTPAPI/2.0]
      transfer-encoding: [chunked]
      x-ms-version: ['2017-04-17']
    status: {code: 200, message: OK}
- request:
    body: null
    headers:
      Connection: [keep-alive]
      User-Agent: [Azure-Storage/0.36.0 (Python CPython 3.6.2; Darwin 16.7.0) AZURECLI/2.0.16+dev]
      x-ms-date: ['Wed, 20 Sep 2017 18:51:44 GMT']
      x-ms-version: ['2017-04-17']
    method: HEAD
    uri: https://clitest000002.blob.core.windows.net/cont000004/blob000003
  response:
    body: {string: ''}
    headers:
      accept-ranges: [bytes]
      content-length: ['4194304']
      content-md5: [tc+p1sj+vWGPkawoQ9UKHA==]
      content-type: [application/octet-stream]
      date: ['Wed, 20 Sep 2017 18:51:43 GMT']
      etag: ['"0x8D50058A307AF3B"']
      last-modified: ['Wed, 20 Sep 2017 18:51:43 GMT']
      server: [Windows-Azure-Blob/1.0 Microsoft-HTTPAPI/2.0]
      x-ms-blob-type: [BlockBlob]
      x-ms-lease-state: [available]
      x-ms-lease-status: [unlocked]
      x-ms-server-encrypted: ['false']
      x-ms-version: ['2017-04-17']
    status: {code: 200, message: OK}
- request:
    body: null
    headers:
      Connection: [keep-alive]
      User-Agent: [Azure-Storage/0.36.0 (Python CPython 3.6.2; Darwin 16.7.0) AZURECLI/2.0.16+dev]
      x-ms-date: ['Wed, 20 Sep 2017 18:51:44 GMT']
      x-ms-version: ['2017-04-17']
    method: HEAD
    uri: https://clitest000002.blob.core.windows.net/cont000004/blob000003
  response:
    body: {string: ''}
    headers:
      accept-ranges: [bytes]
      content-length: ['4194304']
      content-md5: [tc+p1sj+vWGPkawoQ9UKHA==]
      content-type: [application/octet-stream]
      date: ['Wed, 20 Sep 2017 18:51:43 GMT']
      etag: ['"0x8D50058A307AF3B"']
      last-modified: ['Wed, 20 Sep 2017 18:51:43 GMT']
      server: [Windows-Azure-Blob/1.0 Microsoft-HTTPAPI/2.0]
      x-ms-blob-type: [BlockBlob]
      x-ms-lease-state: [available]
      x-ms-lease-status: [unlocked]
      x-ms-server-encrypted: ['false']
      x-ms-version: ['2017-04-17']
    status: {code: 200, message: OK}
- request:
    body: null
    headers:
      Connection: [keep-alive]
      Content-Length: ['0']
      User-Agent: [Azure-Storage/0.36.0 (Python CPython 3.6.2; Darwin 16.7.0) AZURECLI/2.0.16+dev]
      x-ms-blob-content-md5: [tc+p1sj+vWGPkawoQ9UKHA==]
      x-ms-blob-content-type: [application/test-content]
      x-ms-date: ['Wed, 20 Sep 2017 18:51:44 GMT']
      x-ms-version: ['2017-04-17']
    method: PUT
    uri: https://clitest000002.blob.core.windows.net/cont000004/blob000003?comp=properties
  response:
    body: {string: ''}
    headers:
      date: ['Wed, 20 Sep 2017 18:51:44 GMT']
      etag: ['"0x8D50058A399D8F9"']
      last-modified: ['Wed, 20 Sep 2017 18:51:44 GMT']
      server: [Windows-Azure-Blob/1.0 Microsoft-HTTPAPI/2.0]
      transfer-encoding: [chunked]
      x-ms-version: ['2017-04-17']
    status: {code: 200, message: OK}
- request:
    body: null
    headers:
      Connection: [keep-alive]
      User-Agent: [Azure-Storage/0.36.0 (Python CPython 3.6.2; Darwin 16.7.0) AZURECLI/2.0.16+dev]
      x-ms-date: ['Wed, 20 Sep 2017 18:51:44 GMT']
      x-ms-version: ['2017-04-17']
    method: HEAD
    uri: https://clitest000002.blob.core.windows.net/cont000004/blob000003
  response:
    body: {string: ''}
    headers:
      accept-ranges: [bytes]
      content-length: ['4194304']
      content-md5: [tc+p1sj+vWGPkawoQ9UKHA==]
      content-type: [application/test-content]
      date: ['Wed, 20 Sep 2017 18:51:44 GMT']
      etag: ['"0x8D50058A399D8F9"']
      last-modified: ['Wed, 20 Sep 2017 18:51:44 GMT']
      server: [Windows-Azure-Blob/1.0 Microsoft-HTTPAPI/2.0]
      x-ms-blob-type: [BlockBlob]
      x-ms-lease-state: [available]
      x-ms-lease-status: [unlocked]
      x-ms-server-encrypted: ['false']
      x-ms-version: ['2017-04-17']
    status: {code: 200, message: OK}
- request:
    body: null
    headers:
      Connection: [keep-alive]
      User-Agent: [Azure-Storage/0.36.0 (Python CPython 3.6.2; Darwin 16.7.0) AZURECLI/2.0.16+dev]
      x-ms-date: ['Wed, 20 Sep 2017 18:51:45 GMT']
      x-ms-version: ['2017-04-17']
    method: GET
    uri: https://clitest000002.blob.core.windows.net/?restype=service&comp=properties
  response:
    body: {string: "\uFEFF<?xml version=\"1.0\" encoding=\"utf-8\"?><StorageServiceProperties><Logging><Version>1.0</Version><Read>false</Read><Write>false</Write><Delete>false</Delete><RetentionPolicy><Enabled>false</Enabled></RetentionPolicy></Logging><HourMetrics><Version>1.0</Version><Enabled>true</Enabled><IncludeAPIs>true</IncludeAPIs><RetentionPolicy><Enabled>true</Enabled><Days>7</Days></RetentionPolicy></HourMetrics><MinuteMetrics><Version>1.0</Version><Enabled>false</Enabled><RetentionPolicy><Enabled>false</Enabled></RetentionPolicy></MinuteMetrics><Cors
        /></StorageServiceProperties>"}
    headers:
      content-type: [application/xml]
      date: ['Wed, 20 Sep 2017 18:51:45 GMT']
      server: [Windows-Azure-Blob/1.0 Microsoft-HTTPAPI/2.0]
      transfer-encoding: [chunked]
      x-ms-version: ['2017-04-17']
    status: {code: 200, message: OK}
- request:
    body: null
    headers:
      Connection: [keep-alive]
      User-Agent: [Azure-Storage/0.36.0 (Python CPython 3.6.2; Darwin 16.7.0) AZURECLI/2.0.16+dev]
      x-ms-date: ['Wed, 20 Sep 2017 18:51:45 GMT']
      x-ms-range: [bytes=0-33554431]
      x-ms-version: ['2017-04-17']
    method: GET
    uri: https://clitest000002.blob.core.windows.net/cont000004/blob000003
  response:
    body: {string: '!!! The response body has been omitted from the recording because
        it is larger than 128 KB. It will be replaced with blank content of 4194304
        bytes while replay. <CTRL-REPLACE>4194304'}
    headers:
      accept-ranges: [bytes]
      content-length: ['4194304']
      content-range: [bytes 0-4194303/4194304]
      content-type: [application/test-content]
      date: ['Wed, 20 Sep 2017 18:51:45 GMT']
      etag: ['"0x8D50058A399D8F9"']
      last-modified: ['Wed, 20 Sep 2017 18:51:44 GMT']
      server: [Windows-Azure-Blob/1.0 Microsoft-HTTPAPI/2.0]
      x-ms-blob-content-md5: [tc+p1sj+vWGPkawoQ9UKHA==]
      x-ms-blob-type: [BlockBlob]
      x-ms-lease-state: [available]
      x-ms-lease-status: [unlocked]
      x-ms-server-encrypted: ['false']
      x-ms-version: ['2017-04-17']
    status: {code: 206, message: Partial Content}
- request:
    body: null
    headers:
      Accept: [application/json]
      Accept-Encoding: ['gzip, deflate']
      CommandName: [group delete]
      Connection: [keep-alive]
      Content-Length: ['0']
      Content-Type: [application/json; charset=utf-8]
      User-Agent: [python/3.6.2 (Darwin-16.7.0-x86_64-i386-64bit) requests/2.9.1 msrest/0.4.14
          msrest_azure/0.4.14 resourcemanagementclient/1.2.0rc2 Azure-SDK-For-Python
          AZURECLI/2.0.16+dev]
      accept-language: [en-US]
    method: DELETE
    uri: https://management.azure.com/subscriptions/00000000-0000-0000-0000-000000000000/resourcegroups/clitest.rg000001?api-version=2017-05-10
  response:
    body: {string: ''}
    headers:
      cache-control: [no-cache]
      content-length: ['0']
      date: ['Wed, 20 Sep 2017 18:51:46 GMT']
      expires: ['-1']
      location: ['https://management.azure.com/subscriptions/00000000-0000-0000-0000-000000000000/operationresults/eyJqb2JJZCI6IlJFU09VUkNFR1JPVVBERUxFVElPTkpPQi1DTElURVNUOjJFUkdLTkRJSDQ1VkhTUUY2Ulc3WFU0T0FMWVhMQTZNRUhJV1pVUHw5MjIwMjlCREFDNTI5RTczLVdFU1RVUyIsImpvYkxvY2F0aW9uIjoid2VzdHVzIn0?api-version=2017-05-10']
      pragma: [no-cache]
      strict-transport-security: [max-age=31536000; includeSubDomains]
      x-ms-ratelimit-remaining-subscription-writes: ['1189']
    status: {code: 202, message: Accepted}
version: 1
