interactions:
- request:
    body: !!python/unicode '{"location": "westus", "tags": {"use": "az-test"}}'
    headers:
      Accept: [application/json]
      Accept-Encoding: ['gzip, deflate']
      CommandName: [group create]
      Connection: [keep-alive]
      Content-Length: ['50']
      Content-Type: [application/json; charset=utf-8]
      User-Agent: [python/2.7.13 (Darwin-16.7.0-x86_64-i386-64bit) requests/2.9.1
          msrest/0.4.11 msrest_azure/0.4.11 resourcemanagementclient/1.1.0 Azure-SDK-For-Python
          AZURECLI/2.0.12+dev]
      accept-language: [en-US]
    method: PUT
    uri: https://management.azure.com/subscriptions/00000000-0000-0000-0000-000000000000/resourcegroups/clitest.rg000001?api-version=2017-05-10
  response:
    body: {string: !!python/unicode '{"id":"/subscriptions/00000000-0000-0000-0000-000000000000/resourceGroups/clitest.rg000001","name":"clitest.rg000001","location":"westus","tags":{"use":"az-test"},"properties":{"provisioningState":"Succeeded"}}'}
    headers:
      cache-control: [no-cache]
      content-length: ['328']
      content-type: [application/json; charset=utf-8]
      date: ['Tue, 01 Aug 2017 23:01:35 GMT']
      expires: ['-1']
      pragma: [no-cache]
      strict-transport-security: [max-age=31536000; includeSubDomains]
      x-ms-ratelimit-remaining-subscription-writes: ['1196']
    status: {code: 201, message: Created}
- request:
    body: !!python/unicode '{"sku": {"name": "Standard_LRS"}, "kind": "Storage", "location":
      "westus", "properties": {"supportsHttpsTrafficOnly": false}}'
    headers:
      Accept: [application/json]
      Accept-Encoding: ['gzip, deflate']
      CommandName: [storage account create]
      Connection: [keep-alive]
      Content-Length: ['125']
      Content-Type: [application/json; charset=utf-8]
      User-Agent: [python/2.7.13 (Darwin-16.7.0-x86_64-i386-64bit) requests/2.9.1
          msrest/0.4.11 msrest_azure/0.4.11 storagemanagementclient/1.2.0 Azure-SDK-For-Python
          AZURECLI/2.0.12+dev]
      accept-language: [en-US]
    method: PUT
    uri: https://management.azure.com/subscriptions/00000000-0000-0000-0000-000000000000/resourceGroups/clitest.rg000001/providers/Microsoft.Storage/storageAccounts/clitest000002?api-version=2017-06-01
  response:
    body: {string: !!python/unicode ''}
    headers:
      cache-control: [no-cache]
      content-length: ['0']
      date: ['Tue, 01 Aug 2017 23:01:37 GMT']
      expires: ['-1']
      location: ['https://management.azure.com/subscriptions/00000000-0000-0000-0000-000000000000/providers/Microsoft.Storage/operations/713ea99d-196d-4e87-b289-24146803cf6d?monitor=true&api-version=2017-06-01']
      pragma: [no-cache]
      server: [Microsoft-Azure-Storage-Resource-Provider/1.0, Microsoft-HTTPAPI/2.0]
      strict-transport-security: [max-age=31536000; includeSubDomains]
      x-ms-ratelimit-remaining-subscription-writes: ['1198']
    status: {code: 202, message: Accepted}
- request:
    body: null
    headers:
      Accept: [application/json]
      Accept-Encoding: ['gzip, deflate']
      CommandName: [storage account create]
      Connection: [keep-alive]
      Content-Type: [application/json; charset=utf-8]
      User-Agent: [python/2.7.13 (Darwin-16.7.0-x86_64-i386-64bit) requests/2.9.1
          msrest/0.4.11 msrest_azure/0.4.11 storagemanagementclient/1.2.0 Azure-SDK-For-Python
          AZURECLI/2.0.12+dev]
      accept-language: [en-US]
    method: GET
    uri: https://management.azure.com/subscriptions/00000000-0000-0000-0000-000000000000/providers/Microsoft.Storage/operations/713ea99d-196d-4e87-b289-24146803cf6d?monitor=true&api-version=2017-06-01
  response:
    body: {string: !!python/unicode '{"id":"/subscriptions/00000000-0000-0000-0000-000000000000/resourceGroups/clitest.rg000001/providers/Microsoft.Storage/storageAccounts/clitest000002","kind":"Storage","location":"westus","name":"clitest000002","properties":{"creationTime":"2017-08-01T23:01:37.1030232Z","primaryEndpoints":{"blob":"https://clitest000002.blob.core.windows.net/","file":"https://clitest000002.file.core.windows.net/","queue":"https://clitest000002.queue.core.windows.net/","table":"https://clitest000002.table.core.windows.net/"},"primaryLocation":"westus","provisioningState":"Succeeded","statusOfPrimary":"available","supportsHttpsTrafficOnly":false},"sku":{"name":"Standard_LRS","tier":"Standard"},"tags":{},"type":"Microsoft.Storage/storageAccounts"}

'}
    headers:
      cache-control: [no-cache]
      content-length: ['861']
      content-type: [application/json]
      date: ['Tue, 01 Aug 2017 23:01:54 GMT']
      expires: ['-1']
      pragma: [no-cache]
      server: [Microsoft-Azure-Storage-Resource-Provider/1.0, Microsoft-HTTPAPI/2.0]
      strict-transport-security: [max-age=31536000; includeSubDomains]
      transfer-encoding: [chunked]
      vary: [Accept-Encoding]
    status: {code: 200, message: OK}
- request:
    body: null
    headers:
      Accept: [application/json]
      Accept-Encoding: ['gzip, deflate']
      CommandName: [storage account keys list]
      Connection: [keep-alive]
      Content-Length: ['0']
      Content-Type: [application/json; charset=utf-8]
      User-Agent: [python/2.7.13 (Darwin-16.7.0-x86_64-i386-64bit) requests/2.9.1
          msrest/0.4.11 msrest_azure/0.4.11 storagemanagementclient/1.2.0 Azure-SDK-For-Python
          AZURECLI/2.0.12+dev]
      accept-language: [en-US]
    method: POST
    uri: https://management.azure.com/subscriptions/00000000-0000-0000-0000-000000000000/resourceGroups/clitest.rg000001/providers/Microsoft.Storage/storageAccounts/clitest000002/listKeys?api-version=2017-06-01
  response:
    body: {string: !!python/unicode '{"keys":[{"keyName":"key1","permissions":"Full","value":"vt41NDlvKLhQaU4oCWuJ7nfFYDuzA0MC90E15iqbmLV5B1Khy45yVsTPwhzg70c1OwR7yRlNxbN59cXLe14ouQ=="},{"keyName":"key2","permissions":"Full","value":"wzTLeoXujrf5G1zGwgOa1YWGSqKmjCUiBMER3dxQ6wOliVY9jIJtImc763XkLvyTK1HVnp+sDVVas8RLC1E0GQ=="}]}

'}
    headers:
      cache-control: [no-cache]
      content-length: ['289']
      content-type: [application/json]
      date: ['Tue, 01 Aug 2017 23:01:56 GMT']
      expires: ['-1']
      pragma: [no-cache]
      server: [Microsoft-Azure-Storage-Resource-Provider/1.0, Microsoft-HTTPAPI/2.0]
      strict-transport-security: [max-age=31536000; includeSubDomains]
      transfer-encoding: [chunked]
      vary: [Accept-Encoding]
      x-ms-ratelimit-remaining-subscription-writes: ['1191']
    status: {code: 200, message: OK}
- request:
    body: null
    headers:
      Accept: [application/json]
      Accept-Encoding: ['gzip, deflate']
      CommandName: [storage account keys list]
      Connection: [keep-alive]
      Content-Length: ['0']
      Content-Type: [application/json; charset=utf-8]
      User-Agent: [python/2.7.13 (Darwin-16.7.0-x86_64-i386-64bit) requests/2.9.1
          msrest/0.4.11 msrest_azure/0.4.11 storagemanagementclient/1.2.0 Azure-SDK-For-Python
          AZURECLI/2.0.12+dev]
      accept-language: [en-US]
    method: POST
    uri: https://management.azure.com/subscriptions/00000000-0000-0000-0000-000000000000/resourceGroups/clitest.rg000001/providers/Microsoft.Storage/storageAccounts/clitest000002/listKeys?api-version=2017-06-01
  response:
    body: {string: !!python/unicode '{"keys":[{"keyName":"key1","permissions":"Full","value":"vt41NDlvKLhQaU4oCWuJ7nfFYDuzA0MC90E15iqbmLV5B1Khy45yVsTPwhzg70c1OwR7yRlNxbN59cXLe14ouQ=="},{"keyName":"key2","permissions":"Full","value":"wzTLeoXujrf5G1zGwgOa1YWGSqKmjCUiBMER3dxQ6wOliVY9jIJtImc763XkLvyTK1HVnp+sDVVas8RLC1E0GQ=="}]}

'}
    headers:
      cache-control: [no-cache]
      content-length: ['289']
      content-type: [application/json]
      date: ['Tue, 01 Aug 2017 23:01:55 GMT']
      expires: ['-1']
      pragma: [no-cache]
      server: [Microsoft-Azure-Storage-Resource-Provider/1.0, Microsoft-HTTPAPI/2.0]
      strict-transport-security: [max-age=31536000; includeSubDomains]
      transfer-encoding: [chunked]
      vary: [Accept-Encoding]
      x-ms-ratelimit-remaining-subscription-writes: ['1190']
    status: {code: 200, message: OK}
- request:
    body: null
    headers:
      Connection: [keep-alive]
      Content-Length: ['0']
      User-Agent: [Azure-Storage/0.34.0 (Python CPython 2.7.13; Darwin 16.7.0) AZURECLI/2.0.12+dev]
      x-ms-date: ['Tue, 01 Aug 2017 23:01:56 GMT']
      x-ms-version: ['2016-05-31']
    method: PUT
    uri: https://clitest000002.blob.core.windows.net/cont000003?restype=container
  response:
    body: {string: !!python/unicode ''}
    headers:
      date: ['Tue, 01 Aug 2017 23:01:55 GMT']
      etag: ['"0x8D4D9314E805088"']
      last-modified: ['Tue, 01 Aug 2017 23:01:55 GMT']
      server: [Windows-Azure-Blob/1.0 Microsoft-HTTPAPI/2.0]
      transfer-encoding: [chunked]
      x-ms-version: ['2016-05-31']
    status: {code: 201, message: Created}
- request:
    body: null
    headers:
      Connection: [keep-alive]
      User-Agent: [Azure-Storage/0.34.0 (Python CPython 2.7.13; Darwin 16.7.0) AZURECLI/2.0.12+dev]
      x-ms-date: ['Tue, 01 Aug 2017 23:01:56 GMT']
      x-ms-version: ['2016-05-31']
    method: GET
    uri: https://clitest000002.blob.core.windows.net/cont000003?restype=container
  response:
    body: {string: !!python/unicode ''}
    headers:
      date: ['Tue, 01 Aug 2017 23:01:55 GMT']
      etag: ['"0x8D4D9314E805088"']
      last-modified: ['Tue, 01 Aug 2017 23:01:55 GMT']
      server: [Windows-Azure-Blob/1.0 Microsoft-HTTPAPI/2.0]
      transfer-encoding: [chunked]
      x-ms-lease-state: [available]
      x-ms-lease-status: [unlocked]
      x-ms-version: ['2016-05-31']
    status: {code: 200, message: OK}
- request:
    body: null
    headers:
      Connection: [keep-alive]
      User-Agent: [Azure-Storage/0.34.0 (Python CPython 2.7.13; Darwin 16.7.0) AZURECLI/2.0.12+dev]
      x-ms-date: ['Tue, 01 Aug 2017 23:01:56 GMT']
      x-ms-version: ['2016-05-31']
    method: GET
    uri: https://clitest000002.blob.core.windows.net/cont000003?comp=acl&restype=container
  response:
    body: {string: "\uFEFF<?xml version=\"1.0\" encoding=\"utf-8\"?><SignedIdentifiers
        />"}
    headers:
      content-type: [application/xml]
      date: ['Tue, 01 Aug 2017 23:01:56 GMT']
      etag: ['"0x8D4D9314E805088"']
      last-modified: ['Tue, 01 Aug 2017 23:01:55 GMT']
      server: [Windows-Azure-Blob/1.0 Microsoft-HTTPAPI/2.0]
      transfer-encoding: [chunked]
      x-ms-version: ['2016-05-31']
    status: {code: 200, message: OK}
- request:
    body: !!python/unicode '<?xml version=''1.0'' encoding=''utf-8''?>

      <SignedIdentifiers />'
    headers:
      Connection: [keep-alive]
      Content-Length: ['60']
      User-Agent: [Azure-Storage/0.34.0 (Python CPython 2.7.13; Darwin 16.7.0) AZURECLI/2.0.12+dev]
      x-ms-blob-public-access: [blob]
      x-ms-date: ['Tue, 01 Aug 2017 23:01:57 GMT']
      x-ms-version: ['2016-05-31']
    method: PUT
    uri: https://clitest000002.blob.core.windows.net/cont000003?comp=acl&restype=container
  response:
    body: {string: !!python/unicode ''}
    headers:
      date: ['Tue, 01 Aug 2017 23:01:55 GMT']
      etag: ['"0x8D4D9314E9069CA"']
      last-modified: ['Tue, 01 Aug 2017 23:01:56 GMT']
      server: [Windows-Azure-Blob/1.0 Microsoft-HTTPAPI/2.0]
      transfer-encoding: [chunked]
      x-ms-version: ['2016-05-31']
    status: {code: 200, message: OK}
- request:
    body: null
    headers:
      Connection: [keep-alive]
      User-Agent: [Azure-Storage/0.34.0 (Python CPython 2.7.13; Darwin 16.7.0) AZURECLI/2.0.12+dev]
      x-ms-date: ['Tue, 01 Aug 2017 23:01:57 GMT']
      x-ms-version: ['2016-05-31']
    method: GET
    uri: https://clitest000002.blob.core.windows.net/cont000003?comp=acl&restype=container
  response:
    body: {string: "\uFEFF<?xml version=\"1.0\" encoding=\"utf-8\"?><SignedIdentifiers
        />"}
    headers:
      content-type: [application/xml]
      date: ['Tue, 01 Aug 2017 23:01:56 GMT']
      etag: ['"0x8D4D9314E9069CA"']
      last-modified: ['Tue, 01 Aug 2017 23:01:56 GMT']
      server: [Windows-Azure-Blob/1.0 Microsoft-HTTPAPI/2.0]
      transfer-encoding: [chunked]
      x-ms-blob-public-access: [blob]
      x-ms-version: ['2016-05-31']
    status: {code: 200, message: OK}
- request:
    body: null
    headers:
      Connection: [keep-alive]
      User-Agent: [Azure-Storage/0.34.0 (Python CPython 2.7.13; Darwin 16.7.0) AZURECLI/2.0.12+dev]
      x-ms-date: ['Tue, 01 Aug 2017 23:01:57 GMT']
      x-ms-version: ['2016-05-31']
    method: GET
    uri: https://clitest000002.blob.core.windows.net/cont000003?comp=acl&restype=container
  response:
    body: {string: "\uFEFF<?xml version=\"1.0\" encoding=\"utf-8\"?><SignedIdentifiers
        />"}
    headers:
      content-type: [application/xml]
      date: ['Tue, 01 Aug 2017 23:01:57 GMT']
      etag: ['"0x8D4D9314E9069CA"']
      last-modified: ['Tue, 01 Aug 2017 23:01:56 GMT']
      server: [Windows-Azure-Blob/1.0 Microsoft-HTTPAPI/2.0]
      transfer-encoding: [chunked]
      x-ms-blob-public-access: [blob]
      x-ms-version: ['2016-05-31']
    status: {code: 200, message: OK}
- request:
    body: !!python/unicode '<?xml version=''1.0'' encoding=''utf-8''?>

      <SignedIdentifiers />'
    headers:
      Connection: [keep-alive]
      Content-Length: ['60']
      User-Agent: [Azure-Storage/0.34.0 (Python CPython 2.7.13; Darwin 16.7.0) AZURECLI/2.0.12+dev]
      x-ms-date: ['Tue, 01 Aug 2017 23:01:57 GMT']
      x-ms-version: ['2016-05-31']
    method: PUT
    uri: https://clitest000002.blob.core.windows.net/cont000003?comp=acl&restype=container
  response:
    body: {string: !!python/unicode ''}
    headers:
      date: ['Tue, 01 Aug 2017 23:01:57 GMT']
      etag: ['"0x8D4D9314ECF0443"']
      last-modified: ['Tue, 01 Aug 2017 23:01:56 GMT']
      server: [Windows-Azure-Blob/1.0 Microsoft-HTTPAPI/2.0]
      transfer-encoding: [chunked]
      x-ms-version: ['2016-05-31']
    status: {code: 200, message: OK}
- request:
    body: null
    headers:
      Connection: [keep-alive]
      User-Agent: [Azure-Storage/0.34.0 (Python CPython 2.7.13; Darwin 16.7.0) AZURECLI/2.0.12+dev]
      x-ms-date: ['Tue, 01 Aug 2017 23:01:57 GMT']
      x-ms-version: ['2016-05-31']
    method: GET
    uri: https://clitest000002.blob.core.windows.net/cont000003?comp=acl&restype=container
  response:
    body: {string: "\uFEFF<?xml version=\"1.0\" encoding=\"utf-8\"?><SignedIdentifiers
        />"}
    headers:
      content-type: [application/xml]
      date: ['Tue, 01 Aug 2017 23:01:57 GMT']
      etag: ['"0x8D4D9314ECF0443"']
      last-modified: ['Tue, 01 Aug 2017 23:01:56 GMT']
      server: [Windows-Azure-Blob/1.0 Microsoft-HTTPAPI/2.0]
      transfer-encoding: [chunked]
      x-ms-version: ['2016-05-31']
    status: {code: 200, message: OK}
- request:
    body: null
    headers:
      Connection: [keep-alive]
      User-Agent: [Azure-Storage/0.34.0 (Python CPython 2.7.13; Darwin 16.7.0) AZURECLI/2.0.12+dev]
      x-ms-date: ['Tue, 01 Aug 2017 23:01:57 GMT']
      x-ms-version: ['2016-05-31']
    method: GET
    uri: https://clitest000002.blob.core.windows.net/cont000003?restype=container
  response:
    body: {string: !!python/unicode ''}
    headers:
      date: ['Tue, 01 Aug 2017 23:01:57 GMT']
      etag: ['"0x8D4D9314ECF0443"']
      last-modified: ['Tue, 01 Aug 2017 23:01:56 GMT']
      server: [Windows-Azure-Blob/1.0 Microsoft-HTTPAPI/2.0]
      transfer-encoding: [chunked]
      x-ms-lease-state: [available]
      x-ms-lease-status: [unlocked]
      x-ms-version: ['2016-05-31']
    status: {code: 200, message: OK}
- request:
    body: null
    headers:
      Connection: [keep-alive]
      User-Agent: [Azure-Storage/0.34.0 (Python CPython 2.7.13; Darwin 16.7.0) AZURECLI/2.0.12+dev]
      x-ms-date: ['Tue, 01 Aug 2017 23:01:57 GMT']
      x-ms-version: ['2016-05-31']
    method: GET
    uri: https://clitest000002.blob.core.windows.net/?comp=list
  response:
    body: {string: "\uFEFF<?xml version=\"1.0\" encoding=\"utf-8\"?><EnumerationResults
        ServiceEndpoint=\"https://clitest000002.blob.core.windows.net/\"><Containers><Container><Name>cont000003</Name><Properties><Last-Modified>Tue,
        01 Aug 2017 23:01:56 GMT</Last-Modified><Etag>\"0x8D4D9314ECF0443\"</Etag><LeaseStatus>unlocked</LeaseStatus><LeaseState>available</LeaseState></Properties></Container></Containers><NextMarker
        /></EnumerationResults>"}
    headers:
      content-type: [application/xml]
      date: ['Tue, 01 Aug 2017 23:01:56 GMT']
      server: [Windows-Azure-Blob/1.0 Microsoft-HTTPAPI/2.0]
      transfer-encoding: [chunked]
      x-ms-version: ['2016-05-31']
    status: {code: 200, message: OK}
- request:
    body: null
    headers:
      Connection: [keep-alive]
      Content-Length: ['0']
      User-Agent: [Azure-Storage/0.34.0 (Python CPython 2.7.13; Darwin 16.7.0) AZURECLI/2.0.12+dev]
      x-ms-date: ['Tue, 01 Aug 2017 23:01:58 GMT']
      x-ms-meta-foo: [bar]
      x-ms-meta-moo: [bak]
      x-ms-version: ['2016-05-31']
    method: PUT
    uri: https://clitest000002.blob.core.windows.net/cont000003?comp=metadata&restype=container
  response:
    body: {string: !!python/unicode ''}
    headers:
      date: ['Tue, 01 Aug 2017 23:01:57 GMT']
      etag: ['"0x8D4D9314F296907"']
      last-modified: ['Tue, 01 Aug 2017 23:01:57 GMT']
      server: [Windows-Azure-Blob/1.0 Microsoft-HTTPAPI/2.0]
      transfer-encoding: [chunked]
      x-ms-version: ['2016-05-31']
    status: {code: 200, message: OK}
- request:
    body: null
    headers:
      Connection: [keep-alive]
      User-Agent: [Azure-Storage/0.34.0 (Python CPython 2.7.13; Darwin 16.7.0) AZURECLI/2.0.12+dev]
      x-ms-date: ['Tue, 01 Aug 2017 23:01:58 GMT']
      x-ms-version: ['2016-05-31']
    method: GET
    uri: https://clitest000002.blob.core.windows.net/cont000003?comp=metadata&restype=container
  response:
    body: {string: !!python/unicode ''}
    headers:
      date: ['Tue, 01 Aug 2017 23:01:57 GMT']
      etag: ['"0x8D4D9314F296907"']
      last-modified: ['Tue, 01 Aug 2017 23:01:57 GMT']
      server: [Windows-Azure-Blob/1.0 Microsoft-HTTPAPI/2.0]
      transfer-encoding: [chunked]
      x-ms-meta-foo: [bar]
      x-ms-meta-moo: [bak]
      x-ms-version: ['2016-05-31']
    status: {code: 200, message: OK}
- request:
    body: null
    headers:
      Connection: [keep-alive]
      Content-Length: ['0']
      User-Agent: [Azure-Storage/0.34.0 (Python CPython 2.7.13; Darwin 16.7.0) AZURECLI/2.0.12+dev]
      x-ms-date: ['Tue, 01 Aug 2017 23:01:58 GMT']
      x-ms-version: ['2016-05-31']
    method: PUT
    uri: https://clitest000002.blob.core.windows.net/cont000003?comp=metadata&restype=container
  response:
    body: {string: !!python/unicode ''}
    headers:
      date: ['Tue, 01 Aug 2017 23:01:57 GMT']
      etag: ['"0x8D4D9314F5B3015"']
      last-modified: ['Tue, 01 Aug 2017 23:01:57 GMT']
      server: [Windows-Azure-Blob/1.0 Microsoft-HTTPAPI/2.0]
      transfer-encoding: [chunked]
      x-ms-version: ['2016-05-31']
    status: {code: 200, message: OK}
- request:
    body: null
    headers:
      Connection: [keep-alive]
      User-Agent: [Azure-Storage/0.34.0 (Python CPython 2.7.13; Darwin 16.7.0) AZURECLI/2.0.12+dev]
      x-ms-date: ['Tue, 01 Aug 2017 23:01:58 GMT']
      x-ms-version: ['2016-05-31']
    method: GET
    uri: https://clitest000002.blob.core.windows.net/cont000003?comp=metadata&restype=container
  response:
    body: {string: !!python/unicode ''}
    headers:
      date: ['Tue, 01 Aug 2017 23:01:57 GMT']
      etag: ['"0x8D4D9314F5B3015"']
      last-modified: ['Tue, 01 Aug 2017 23:01:57 GMT']
      server: [Windows-Azure-Blob/1.0 Microsoft-HTTPAPI/2.0]
      transfer-encoding: [chunked]
      x-ms-version: ['2016-05-31']
    status: {code: 200, message: OK}
- request:
    body: null
    headers:
      Connection: [keep-alive]
      Content-Length: ['0']
      If-Modified-Since: ['Fri, 01 Apr 2016 12:00:00 GMT']
      User-Agent: [Azure-Storage/0.34.0 (Python CPython 2.7.13; Darwin 16.7.0) AZURECLI/2.0.12+dev]
      x-ms-date: ['Tue, 01 Aug 2017 23:01:58 GMT']
      x-ms-lease-action: [acquire]
      x-ms-lease-duration: ['60']
      x-ms-proposed-lease-id: [abcdabcd-abcd-abcd-abcd-abcdabcdabcd]
      x-ms-version: ['2016-05-31']
    method: PUT
    uri: https://clitest000002.blob.core.windows.net/cont000003?comp=lease&restype=container
  response:
    body: {string: !!python/unicode ''}
    headers:
      date: ['Tue, 01 Aug 2017 23:01:57 GMT']
      etag: ['"0x8D4D9314F5B3015"']
      last-modified: ['Tue, 01 Aug 2017 23:01:57 GMT']
      server: [Windows-Azure-Blob/1.0 Microsoft-HTTPAPI/2.0]
      transfer-encoding: [chunked]
      x-ms-lease-id: [abcdabcd-abcd-abcd-abcd-abcdabcdabcd]
      x-ms-version: ['2016-05-31']
    status: {code: 201, message: Created}
- request:
    body: null
    headers:
      Connection: [keep-alive]
      User-Agent: [Azure-Storage/0.34.0 (Python CPython 2.7.13; Darwin 16.7.0) AZURECLI/2.0.12+dev]
      x-ms-date: ['Tue, 01 Aug 2017 23:01:58 GMT']
      x-ms-version: ['2016-05-31']
    method: GET
    uri: https://clitest000002.blob.core.windows.net/cont000003?restype=container
  response:
    body: {string: !!python/unicode ''}
    headers:
      date: ['Tue, 01 Aug 2017 23:01:58 GMT']
      etag: ['"0x8D4D9314F5B3015"']
      last-modified: ['Tue, 01 Aug 2017 23:01:57 GMT']
      server: [Windows-Azure-Blob/1.0 Microsoft-HTTPAPI/2.0]
      transfer-encoding: [chunked]
      x-ms-lease-duration: [fixed]
      x-ms-lease-state: [leased]
      x-ms-lease-status: [locked]
      x-ms-version: ['2016-05-31']
    status: {code: 200, message: OK}
- request:
    body: null
    headers:
      Connection: [keep-alive]
      Content-Length: ['0']
      User-Agent: [Azure-Storage/0.34.0 (Python CPython 2.7.13; Darwin 16.7.0) AZURECLI/2.0.12+dev]
      x-ms-date: ['Tue, 01 Aug 2017 23:01:59 GMT']
      x-ms-lease-action: [change]
      x-ms-lease-id: [abcdabcd-abcd-abcd-abcd-abcdabcdabcd]
      x-ms-proposed-lease-id: [dcbadcba-dcba-dcba-dcba-dcbadcbadcba]
      x-ms-version: ['2016-05-31']
    method: PUT
    uri: https://clitest000002.blob.core.windows.net/cont000003?comp=lease&restype=container
  response:
    body: {string: !!python/unicode ''}
    headers:
      date: ['Tue, 01 Aug 2017 23:01:59 GMT']
      etag: ['"0x8D4D9314F5B3015"']
      last-modified: ['Tue, 01 Aug 2017 23:01:57 GMT']
      server: [Windows-Azure-Blob/1.0 Microsoft-HTTPAPI/2.0]
      transfer-encoding: [chunked]
      x-ms-lease-id: [dcbadcba-dcba-dcba-dcba-dcbadcbadcba]
      x-ms-version: ['2016-05-31']
    status: {code: 200, message: OK}
- request:
    body: null
    headers:
      Connection: [keep-alive]
      Content-Length: ['0']
      User-Agent: [Azure-Storage/0.34.0 (Python CPython 2.7.13; Darwin 16.7.0) AZURECLI/2.0.12+dev]
      x-ms-date: ['Tue, 01 Aug 2017 23:01:59 GMT']
      x-ms-lease-action: [renew]
      x-ms-lease-id: [dcbadcba-dcba-dcba-dcba-dcbadcbadcba]
      x-ms-version: ['2016-05-31']
    method: PUT
    uri: https://clitest000002.blob.core.windows.net/cont000003?comp=lease&restype=container
  response:
    body: {string: !!python/unicode ''}
    headers:
      date: ['Tue, 01 Aug 2017 23:01:58 GMT']
      etag: ['"0x8D4D9314F5B3015"']
      last-modified: ['Tue, 01 Aug 2017 23:01:57 GMT']
      server: [Windows-Azure-Blob/1.0 Microsoft-HTTPAPI/2.0]
      transfer-encoding: [chunked]
      x-ms-lease-id: [dcbadcba-dcba-dcba-dcba-dcbadcbadcba]
      x-ms-version: ['2016-05-31']
    status: {code: 200, message: OK}
- request:
    body: null
    headers:
      Connection: [keep-alive]
      User-Agent: [Azure-Storage/0.34.0 (Python CPython 2.7.13; Darwin 16.7.0) AZURECLI/2.0.12+dev]
      x-ms-date: ['Tue, 01 Aug 2017 23:01:59 GMT']
      x-ms-version: ['2016-05-31']
    method: GET
    uri: https://clitest000002.blob.core.windows.net/cont000003?restype=container
  response:
    body: {string: !!python/unicode ''}
    headers:
      date: ['Tue, 01 Aug 2017 23:01:58 GMT']
      etag: ['"0x8D4D9314F5B3015"']
      last-modified: ['Tue, 01 Aug 2017 23:01:57 GMT']
      server: [Windows-Azure-Blob/1.0 Microsoft-HTTPAPI/2.0]
      transfer-encoding: [chunked]
      x-ms-lease-duration: [fixed]
      x-ms-lease-state: [leased]
      x-ms-lease-status: [locked]
      x-ms-version: ['2016-05-31']
    status: {code: 200, message: OK}
- request:
    body: null
    headers:
      Connection: [keep-alive]
      Content-Length: ['0']
      User-Agent: [Azure-Storage/0.34.0 (Python CPython 2.7.13; Darwin 16.7.0) AZURECLI/2.0.12+dev]
      x-ms-date: ['Tue, 01 Aug 2017 23:01:59 GMT']
      x-ms-lease-action: [break]
      x-ms-lease-break-period: ['30']
      x-ms-version: ['2016-05-31']
    method: PUT
    uri: https://clitest000002.blob.core.windows.net/cont000003?comp=lease&restype=container
  response:
    body: {string: !!python/unicode ''}
    headers:
      date: ['Tue, 01 Aug 2017 23:01:58 GMT']
      etag: ['"0x8D4D9314F5B3015"']
      last-modified: ['Tue, 01 Aug 2017 23:01:57 GMT']
      server: [Windows-Azure-Blob/1.0 Microsoft-HTTPAPI/2.0]
      transfer-encoding: [chunked]
      x-ms-lease-time: ['30']
      x-ms-version: ['2016-05-31']
    status: {code: 202, message: Accepted}
- request:
    body: null
    headers:
      Connection: [keep-alive]
      User-Agent: [Azure-Storage/0.34.0 (Python CPython 2.7.13; Darwin 16.7.0) AZURECLI/2.0.12+dev]
      x-ms-date: ['Tue, 01 Aug 2017 23:01:59 GMT']
      x-ms-version: ['2016-05-31']
    method: GET
    uri: https://clitest000002.blob.core.windows.net/cont000003?restype=container
  response:
    body: {string: !!python/unicode ''}
    headers:
      date: ['Tue, 01 Aug 2017 23:01:58 GMT']
      etag: ['"0x8D4D9314F5B3015"']
      last-modified: ['Tue, 01 Aug 2017 23:01:57 GMT']
      server: [Windows-Azure-Blob/1.0 Microsoft-HTTPAPI/2.0]
      transfer-encoding: [chunked]
      x-ms-lease-state: [breaking]
      x-ms-lease-status: [locked]
      x-ms-version: ['2016-05-31']
    status: {code: 200, message: OK}
- request:
    body: null
    headers:
      Connection: [keep-alive]
      Content-Length: ['0']
      User-Agent: [Azure-Storage/0.34.0 (Python CPython 2.7.13; Darwin 16.7.0) AZURECLI/2.0.12+dev]
      x-ms-date: ['Tue, 01 Aug 2017 23:01:59 GMT']
      x-ms-lease-action: [release]
      x-ms-lease-id: [dcbadcba-dcba-dcba-dcba-dcbadcbadcba]
      x-ms-version: ['2016-05-31']
    method: PUT
    uri: https://clitest000002.blob.core.windows.net/cont000003?comp=lease&restype=container
  response:
    body: {string: !!python/unicode ''}
    headers:
      date: ['Tue, 01 Aug 2017 23:01:59 GMT']
      etag: ['"0x8D4D9314F5B3015"']
      last-modified: ['Tue, 01 Aug 2017 23:01:57 GMT']
      server: [Windows-Azure-Blob/1.0 Microsoft-HTTPAPI/2.0]
      transfer-encoding: [chunked]
      x-ms-version: ['2016-05-31']
    status: {code: 200, message: OK}
- request:
    body: null
    headers:
      Connection: [keep-alive]
      User-Agent: [Azure-Storage/0.34.0 (Python CPython 2.7.13; Darwin 16.7.0) AZURECLI/2.0.12+dev]
      x-ms-date: ['Tue, 01 Aug 2017 23:01:59 GMT']
      x-ms-version: ['2016-05-31']
    method: GET
    uri: https://clitest000002.blob.core.windows.net/cont000003?restype=container
  response:
    body: {string: !!python/unicode ''}
    headers:
      date: ['Tue, 01 Aug 2017 23:01:59 GMT']
      etag: ['"0x8D4D9314F5B3015"']
      last-modified: ['Tue, 01 Aug 2017 23:01:57 GMT']
      server: [Windows-Azure-Blob/1.0 Microsoft-HTTPAPI/2.0]
      transfer-encoding: [chunked]
      x-ms-lease-state: [available]
      x-ms-lease-status: [unlocked]
      x-ms-version: ['2016-05-31']
    status: {code: 200, message: OK}
- request:
    body: null
    headers:
      Connection: [keep-alive]
      Content-Length: ['0']
      User-Agent: [Azure-Storage/0.34.0 (Python CPython 2.7.13; Darwin 16.7.0) AZURECLI/2.0.12+dev]
      x-ms-date: ['Tue, 01 Aug 2017 23:02:00 GMT']
      x-ms-version: ['2016-05-31']
    method: DELETE
    uri: https://clitest000002.blob.core.windows.net/cont000003?restype=container
  response:
    body: {string: !!python/unicode ''}
    headers:
      date: ['Tue, 01 Aug 2017 23:01:58 GMT']
      server: [Windows-Azure-Blob/1.0 Microsoft-HTTPAPI/2.0]
      transfer-encoding: [chunked]
      x-ms-version: ['2016-05-31']
    status: {code: 202, message: Accepted}
- request:
    body: null
    headers:
      Connection: [keep-alive]
      User-Agent: [Azure-Storage/0.34.0 (Python CPython 2.7.13; Darwin 16.7.0) AZURECLI/2.0.12+dev]
      x-ms-date: ['Tue, 01 Aug 2017 23:02:00 GMT']
      x-ms-version: ['2016-05-31']
    method: GET
    uri: https://clitest000002.blob.core.windows.net/cont000003?restype=container
  response:
    body: {string: "\uFEFF<?xml version=\"1.0\" encoding=\"utf-8\"?><Error><Code>ContainerNotFound</Code><Message>The
        specified container does not exist.\nRequestId:99b318ef-0001-00dd-1c1a-0bfb65000000\nTime:2017-08-01T23:02:00.1407049Z</Message></Error>"}
    headers:
      content-length: ['225']
      content-type: [application/xml]
      date: ['Tue, 01 Aug 2017 23:01:59 GMT']
      server: [Windows-Azure-Blob/1.0 Microsoft-HTTPAPI/2.0]
      x-ms-version: ['2016-05-31']
    status: {code: 404, message: The specified container does not exist.}
- request:
    body: null
    headers:
      Accept: [application/json]
      Accept-Encoding: ['gzip, deflate']
      CommandName: [group delete]
      Connection: [keep-alive]
      Content-Length: ['0']
      Content-Type: [application/json; charset=utf-8]
      User-Agent: [python/2.7.13 (Darwin-16.7.0-x86_64-i386-64bit) requests/2.9.1
          msrest/0.4.11 msrest_azure/0.4.11 resourcemanagementclient/1.1.0 Azure-SDK-For-Python
          AZURECLI/2.0.12+dev]
      accept-language: [en-US]
    method: DELETE
    uri: https://management.azure.com/subscriptions/00000000-0000-0000-0000-000000000000/resourcegroups/clitest.rg000001?api-version=2017-05-10
  response:
    body: {string: !!python/unicode ''}
    headers:
      cache-control: [no-cache]
      content-length: ['0']
      date: ['Tue, 01 Aug 2017 23:02:01 GMT']
      expires: ['-1']
      location: ['https://management.azure.com/subscriptions/00000000-0000-0000-0000-000000000000/operationresults/eyJqb2JJZCI6IlJFU09VUkNFR1JPVVBERUxFVElPTkpPQi1DTElURVNUOjJFUkc2NzZZVUFKNU1IVDM2TENGVDc3V1c2TldMQkw3UFdXWVFENHxCMkJFN0I4M0YzMEVGQTExLVdFU1RVUyIsImpvYkxvY2F0aW9uIjoid2VzdHVzIn0?api-version=2017-05-10']
      pragma: [no-cache]
      strict-transport-security: [max-age=31536000; includeSubDomains]
      x-ms-ratelimit-remaining-subscription-writes: ['1193']
    status: {code: 202, message: Accepted}
version: 1
