interactions:
- request:
    body: '{"location": "westus", "tags": {"product": "azurecli", "cause": "automation",
      "date": "2018-06-12T18:20:47Z"}}'
    headers:
      Accept: [application/json]
      Accept-Encoding: ['gzip, deflate']
      CommandName: [group create]
      Connection: [keep-alive]
      Content-Length: ['110']
      Content-Type: [application/json; charset=utf-8]
      User-Agent: [python/3.6.4 (Windows-10-10.0.17134-SP0) requests/2.18.4 msrest/0.4.29
          msrest_azure/0.4.29 resourcemanagementclient/1.2.1 Azure-SDK-For-Python
          AZURECLI/2.0.37]
      accept-language: [en-US]
    method: PUT
    uri: https://management.azure.com/subscriptions/00000000-0000-0000-0000-000000000000/resourcegroups/clitest.rg000001?api-version=2018-05-01
  response:
    body: {string: '{"id":"/subscriptions/00000000-0000-0000-0000-000000000000/resourceGroups/clitest.rg000001","name":"clitest.rg000001","location":"westus","tags":{"product":"azurecli","cause":"automation","date":"2018-06-12T18:20:47Z"},"properties":{"provisioningState":"Succeeded"}}'}
    headers:
      cache-control: [no-cache]
      content-length: ['384']
      content-type: [application/json; charset=utf-8]
      date: ['Tue, 12 Jun 2018 18:20:48 GMT']
      expires: ['-1']
      pragma: [no-cache]
      strict-transport-security: [max-age=31536000; includeSubDomains]
      x-content-type-options: [nosniff]
      x-ms-ratelimit-remaining-subscription-writes: ['1199']
    status: {code: 201, message: Created}
- request:
    body: '{"location": "westus", "tags": {"product": "azurecli", "cause": "automation",
      "date": "2018-06-12T18:20:48Z"}}'
    headers:
      Accept: [application/json]
      Accept-Encoding: ['gzip, deflate']
      CommandName: [group create]
      Connection: [keep-alive]
      Content-Length: ['110']
      Content-Type: [application/json; charset=utf-8]
      User-Agent: [python/3.6.4 (Windows-10-10.0.17134-SP0) requests/2.18.4 msrest/0.4.29
          msrest_azure/0.4.29 resourcemanagementclient/1.2.1 Azure-SDK-For-Python
          AZURECLI/2.0.37]
      accept-language: [en-US]
    method: PUT
    uri: https://management.azure.com/subscriptions/00000000-0000-0000-0000-000000000000/resourcegroups/clitest.rg000002?api-version=2018-05-01
  response:
    body: {string: '{"id":"/subscriptions/00000000-0000-0000-0000-000000000000/resourceGroups/clitest.rg000002","name":"clitest.rg000002","location":"westus","tags":{"product":"azurecli","cause":"automation","date":"2018-06-12T18:20:48Z"},"properties":{"provisioningState":"Succeeded"}}'}
    headers:
      cache-control: [no-cache]
      content-length: ['384']
      content-type: [application/json; charset=utf-8]
      date: ['Tue, 12 Jun 2018 18:20:48 GMT']
      expires: ['-1']
      pragma: [no-cache]
      strict-transport-security: [max-age=31536000; includeSubDomains]
      x-content-type-options: [nosniff]
      x-ms-ratelimit-remaining-subscription-writes: ['1199']
    status: {code: 201, message: Created}
- request:
    body: '{"location": "global", "sku": {"name": "S0"}}'
    headers:
      Accept: [application/json]
      Accept-Encoding: ['gzip, deflate']
      CommandName: [maps account create]
      Connection: [keep-alive]
      Content-Length: ['45']
      Content-Type: [application/json; charset=utf-8]
      User-Agent: [python/3.6.4 (Windows-10-10.0.17134-SP0) requests/2.18.4 msrest/0.4.29
          msrest_azure/0.4.29 azure-mgmt-maps/0.1.0 Azure-SDK-For-Python AZURECLI/2.0.37]
      accept-language: [en-US]
    method: PUT
    uri: https://management.azure.com/subscriptions/00000000-0000-0000-0000-000000000000/resourceGroups/clitest.rg000001/providers/Microsoft.Maps/accounts/cli-000005?api-version=2018-05-01
  response:
    body: {string: "{\r\n  \"id\": \"/subscriptions/00000000-0000-0000-0000-000000000000/resourceGroups/clitest.rg000001/providers/Microsoft.Maps/accounts/cli-000005\"\
        ,\r\n  \"name\": \"cli-000005\",\r\n  \"type\": \"Microsoft.Maps/accounts\"\
        ,\r\n  \"location\": \"global\",\r\n  \"sku\": {\r\n    \"name\": \"S0\",\r\
        \n    \"tier\": \"Standard\"\r\n  }\r\n}"}
    headers:
      cache-control: [no-cache]
      content-length: ['372']
      content-type: [application/json; charset=utf-8]
      date: ['Tue, 12 Jun 2018 18:20:53 GMT']
      expires: ['-1']
      pragma: [no-cache]
      server: [Microsoft-HTTPAPI/2.0]
      strict-transport-security: [max-age=31536000; includeSubDomains]
      x-content-type-options: [nosniff]
      x-ms-ratelimit-remaining-subscription-writes: ['1199']
    status: {code: 201, message: Created}
- request:
    body: '{"location": "global", "sku": {"name": "S0"}}'
    headers:
      Accept: [application/json]
      Accept-Encoding: ['gzip, deflate']
      CommandName: [maps account create]
      Connection: [keep-alive]
      Content-Length: ['45']
      Content-Type: [application/json; charset=utf-8]
      User-Agent: [python/3.6.4 (Windows-10-10.0.17134-SP0) requests/2.18.4 msrest/0.4.29
          msrest_azure/0.4.29 azure-mgmt-maps/0.1.0 Azure-SDK-For-Python AZURECLI/2.0.37]
      accept-language: [en-US]
    method: PUT
    uri: https://management.azure.com/subscriptions/00000000-0000-0000-0000-000000000000/resourceGroups/clitest.rg000001/providers/Microsoft.Maps/accounts/cli-000005?api-version=2018-05-01
  response:
    body: {string: "{\r\n  \"id\": \"/subscriptions/00000000-0000-0000-0000-000000000000/resourceGroups/clitest.rg000001/providers/Microsoft.Maps/accounts/cli-000005\"\
        ,\r\n  \"name\": \"cli-000005\",\r\n  \"type\": \"Microsoft.Maps/accounts\"\
        ,\r\n  \"location\": \"global\",\r\n  \"sku\": {\r\n    \"name\": \"S0\",\r\
        \n    \"tier\": \"Standard\"\r\n  }\r\n}"}
    headers:
      cache-control: [no-cache]
      content-length: ['372']
      content-type: [application/json; charset=utf-8]
      date: ['Tue, 12 Jun 2018 18:20:54 GMT']
      expires: ['-1']
      pragma: [no-cache]
      server: [Microsoft-HTTPAPI/2.0]
      strict-transport-security: [max-age=31536000; includeSubDomains]
      transfer-encoding: [chunked]
      vary: [Accept-Encoding]
      x-content-type-options: [nosniff]
      x-ms-ratelimit-remaining-subscription-writes: ['1199']
    status: {code: 200, message: OK}
- request:
    body: null
    headers:
      Accept: [application/json]
      Accept-Encoding: ['gzip, deflate']
      CommandName: [maps account update]
      Connection: [keep-alive]
      Content-Type: [application/json; charset=utf-8]
      User-Agent: [python/3.6.4 (Windows-10-10.0.17134-SP0) requests/2.18.4 msrest/0.4.29
          msrest_azure/0.4.29 azure-mgmt-maps/0.1.0 Azure-SDK-For-Python AZURECLI/2.0.37]
      accept-language: [en-US]
    method: GET
    uri: https://management.azure.com/subscriptions/00000000-0000-0000-0000-000000000000/resourceGroups/clitest.rg000001/providers/Microsoft.Maps/accounts/cli-000005?api-version=2018-05-01
  response:
    body: {string: "{\r\n  \"id\": \"/subscriptions/00000000-0000-0000-0000-000000000000/resourceGroups/clitest.rg000001/providers/Microsoft.Maps/accounts/cli-000005\"\
        ,\r\n  \"name\": \"cli-000005\",\r\n  \"type\": \"Microsoft.Maps/accounts\"\
        ,\r\n  \"location\": \"global\",\r\n  \"sku\": {\r\n    \"name\": \"S0\",\r\
        \n    \"tier\": \"Standard\"\r\n  }\r\n}"}
    headers:
      cache-control: [no-cache]
      content-length: ['372']
      content-type: [application/json; charset=utf-8]
      date: ['Tue, 12 Jun 2018 18:20:54 GMT']
      expires: ['-1']
      pragma: [no-cache]
      server: [Microsoft-HTTPAPI/2.0]
      strict-transport-security: [max-age=31536000; includeSubDomains]
      transfer-encoding: [chunked]
      vary: [Accept-Encoding]
      x-content-type-options: [nosniff]
    status: {code: 200, message: OK}
- request:
    body: 'b''b\''{"location": "global", "tags": {"key-000003": "val-000004"}, "sku":
      {"name": "S0"}}\'''''
    headers:
      Accept: [application/json]
      Accept-Encoding: ['gzip, deflate']
      CommandName: [maps account update]
      Connection: [keep-alive]
      Content-Length: ['83']
      Content-Type: [application/json; charset=utf-8]
      User-Agent: [python/3.6.4 (Windows-10-10.0.17134-SP0) requests/2.18.4 msrest/0.4.29
          msrest_azure/0.4.29 azure-mgmt-maps/0.1.0 Azure-SDK-For-Python AZURECLI/2.0.37]
      accept-language: [en-US]
    method: PUT
    uri: https://management.azure.com/subscriptions/00000000-0000-0000-0000-000000000000/resourceGroups/clitest.rg000001/providers/Microsoft.Maps/accounts/cli-000005?api-version=2018-05-01
  response:
    body: {string: "{\r\n  \"id\": \"/subscriptions/00000000-0000-0000-0000-000000000000/resourceGroups/clitest.rg000001/providers/Microsoft.Maps/accounts/cli-000005\"\
        ,\r\n  \"name\": \"cli-000005\",\r\n  \"type\": \"Microsoft.Maps/accounts\"\
        ,\r\n  \"location\": \"global\",\r\n  \"tags\": {\r\n    \"key-000003\": \"\
        val-000004\"\r\n  },\r\n  \"sku\": {\r\n    \"name\": \"S0\",\r\n    \"tier\"\
        : \"Standard\"\r\n  }\r\n}"}
    headers:
      cache-control: [no-cache]
      content-length: ['423']
      content-type: [application/json; charset=utf-8]
      date: ['Tue, 12 Jun 2018 18:20:56 GMT']
      expires: ['-1']
      pragma: [no-cache]
      server: [Microsoft-HTTPAPI/2.0]
      strict-transport-security: [max-age=31536000; includeSubDomains]
      transfer-encoding: [chunked]
      vary: [Accept-Encoding]
      x-content-type-options: [nosniff]
      x-ms-ratelimit-remaining-subscription-writes: ['1199']
    status: {code: 200, message: OK}
- request:
    body: null
    headers:
      Accept: [application/json]
      Accept-Encoding: ['gzip, deflate']
      CommandName: [maps account show]
      Connection: [keep-alive]
      Content-Type: [application/json; charset=utf-8]
      User-Agent: [python/3.6.4 (Windows-10-10.0.17134-SP0) requests/2.18.4 msrest/0.4.29
          msrest_azure/0.4.29 azure-mgmt-maps/0.1.0 Azure-SDK-For-Python AZURECLI/2.0.37]
      accept-language: [en-US]
    method: GET
    uri: https://management.azure.com/subscriptions/00000000-0000-0000-0000-000000000000/resourceGroups/clitest.rg000001/providers/Microsoft.Maps/accounts/cli-000005?api-version=2018-05-01
  response:
    body: {string: "{\r\n  \"id\": \"/subscriptions/00000000-0000-0000-0000-000000000000/resourceGroups/clitest.rg000001/providers/Microsoft.Maps/accounts/cli-000005\"\
        ,\r\n  \"name\": \"cli-000005\",\r\n  \"type\": \"Microsoft.Maps/accounts\"\
        ,\r\n  \"location\": \"global\",\r\n  \"tags\": {\r\n    \"key-000003\": \"\
        val-000004\"\r\n  },\r\n  \"sku\": {\r\n    \"name\": \"S0\",\r\n    \"tier\"\
        : \"Standard\"\r\n  }\r\n}"}
    headers:
      cache-control: [no-cache]
      content-length: ['423']
      content-type: [application/json; charset=utf-8]
      date: ['Tue, 12 Jun 2018 18:20:56 GMT']
      expires: ['-1']
      pragma: [no-cache]
      server: [Microsoft-HTTPAPI/2.0]
      strict-transport-security: [max-age=31536000; includeSubDomains]
      transfer-encoding: [chunked]
      vary: [Accept-Encoding]
      x-content-type-options: [nosniff]
    status: {code: 200, message: OK}
- request:
    body: null
    headers:
      Accept: [application/json]
      Accept-Encoding: ['gzip, deflate']
      CommandName: [maps account show]
      Connection: [keep-alive]
      Content-Type: [application/json; charset=utf-8]
      User-Agent: [python/3.6.4 (Windows-10-10.0.17134-SP0) requests/2.18.4 msrest/0.4.29
          msrest_azure/0.4.29 azure-mgmt-maps/0.1.0 Azure-SDK-For-Python AZURECLI/2.0.37]
      accept-language: [en-US]
    method: GET
    uri: https://management.azure.com/subscriptions/00000000-0000-0000-0000-000000000000/resourceGroups/clitest.rg000001/providers/Microsoft.Maps/accounts/cli-000005?api-version=2018-05-01
  response:
    body: {string: "{\r\n  \"id\": \"/subscriptions/00000000-0000-0000-0000-000000000000/resourceGroups/clitest.rg000001/providers/Microsoft.Maps/accounts/cli-000005\"\
        ,\r\n  \"name\": \"cli-000005\",\r\n  \"type\": \"Microsoft.Maps/accounts\"\
        ,\r\n  \"location\": \"global\",\r\n  \"tags\": {\r\n    \"key-000003\": \"\
        val-000004\"\r\n  },\r\n  \"sku\": {\r\n    \"name\": \"S0\",\r\n    \"tier\"\
        : \"Standard\"\r\n  }\r\n}"}
    headers:
      cache-control: [no-cache]
      content-length: ['423']
      content-type: [application/json; charset=utf-8]
      date: ['Tue, 12 Jun 2018 18:20:57 GMT']
      expires: ['-1']
      pragma: [no-cache]
      server: [Microsoft-HTTPAPI/2.0]
      strict-transport-security: [max-age=31536000; includeSubDomains]
      transfer-encoding: [chunked]
      vary: [Accept-Encoding]
      x-content-type-options: [nosniff]
    status: {code: 200, message: OK}
- request:
    body: null
    headers:
      Accept: [application/json]
      Accept-Encoding: ['gzip, deflate']
      CommandName: [maps account list]
      Connection: [keep-alive]
      Content-Type: [application/json; charset=utf-8]
      User-Agent: [python/3.6.4 (Windows-10-10.0.17134-SP0) requests/2.18.4 msrest/0.4.29
          msrest_azure/0.4.29 azure-mgmt-maps/0.1.0 Azure-SDK-For-Python AZURECLI/2.0.37]
      accept-language: [en-US]
    method: GET
    uri: https://management.azure.com/subscriptions/00000000-0000-0000-0000-000000000000/resourceGroups/clitest.rg000001/providers/Microsoft.Maps/accounts?api-version=2018-05-01
  response:
    body: {string: "{\r\n  \"value\": [\r\n    {\r\n      \"id\": \"/subscriptions/00000000-0000-0000-0000-000000000000/resourceGroups/clitest.rg000001/providers/Microsoft.Maps/accounts/cli-000005\"\
        ,\r\n      \"name\": \"cli-000005\",\r\n      \"type\": \"Microsoft.Maps/accounts\"\
        ,\r\n      \"location\": \"global\",\r\n      \"tags\": {\r\n        \"key-000003\"\
        : \"val-000004\"\r\n      },\r\n      \"sku\": {\r\n        \"name\": \"S0\"\
        ,\r\n        \"tier\": \"Standard\"\r\n      }\r\n    }\r\n  ]\r\n}"}
    headers:
      cache-control: [no-cache]
      content-length: ['500']
      content-type: [application/json; charset=utf-8]
      date: ['Tue, 12 Jun 2018 18:20:58 GMT']
      expires: ['-1']
      pragma: [no-cache]
      server: [Microsoft-HTTPAPI/2.0]
      strict-transport-security: [max-age=31536000; includeSubDomains]
      transfer-encoding: [chunked]
      vary: [Accept-Encoding]
      x-content-type-options: [nosniff]
    status: {code: 200, message: OK}
- request:
    body: '{"location": "global", "sku": {"name": "S0"}}'
    headers:
      Accept: [application/json]
      Accept-Encoding: ['gzip, deflate']
      CommandName: [maps account create]
      Connection: [keep-alive]
      Content-Length: ['45']
      Content-Type: [application/json; charset=utf-8]
      User-Agent: [python/3.6.4 (Windows-10-10.0.17134-SP0) requests/2.18.4 msrest/0.4.29
          msrest_azure/0.4.29 azure-mgmt-maps/0.1.0 Azure-SDK-For-Python AZURECLI/2.0.37]
      accept-language: [en-US]
    method: PUT
    uri: https://management.azure.com/subscriptions/00000000-0000-0000-0000-000000000000/resourceGroups/clitest.rg000002/providers/Microsoft.Maps/accounts/cli-000006?api-version=2018-05-01
  response:
    body: {string: "{\r\n  \"id\": \"/subscriptions/00000000-0000-0000-0000-000000000000/resourceGroups/clitest.rg000002/providers/Microsoft.Maps/accounts/cli-000006\"\
        ,\r\n  \"name\": \"cli-000006\",\r\n  \"type\": \"Microsoft.Maps/accounts\"\
        ,\r\n  \"location\": \"global\",\r\n  \"sku\": {\r\n    \"name\": \"S0\",\r\
        \n    \"tier\": \"Standard\"\r\n  }\r\n}"}
    headers:
      cache-control: [no-cache]
      content-length: ['372']
      content-type: [application/json; charset=utf-8]
      date: ['Tue, 12 Jun 2018 18:21:00 GMT']
      expires: ['-1']
      pragma: [no-cache]
      server: [Microsoft-HTTPAPI/2.0]
      strict-transport-security: [max-age=31536000; includeSubDomains]
      x-content-type-options: [nosniff]
      x-ms-ratelimit-remaining-subscription-writes: ['1199']
    status: {code: 201, message: Created}
- request:
    body: '{"location": "global", "sku": {"name": "S0"}}'
    headers:
      Accept: [application/json]
      Accept-Encoding: ['gzip, deflate']
      CommandName: [maps account create]
      Connection: [keep-alive]
      Content-Length: ['45']
      Content-Type: [application/json; charset=utf-8]
      User-Agent: [python/3.6.4 (Windows-10-10.0.17134-SP0) requests/2.18.4 msrest/0.4.29
          msrest_azure/0.4.29 azure-mgmt-maps/0.1.0 Azure-SDK-For-Python AZURECLI/2.0.37]
      accept-language: [en-US]
    method: PUT
    uri: https://management.azure.com/subscriptions/00000000-0000-0000-0000-000000000000/resourceGroups/clitest.rg000001/providers/Microsoft.Maps/accounts/cli-000007?api-version=2018-05-01
  response:
    body: {string: "{\r\n  \"id\": \"/subscriptions/00000000-0000-0000-0000-000000000000/resourceGroups/clitest.rg000001/providers/Microsoft.Maps/accounts/cli-000007\"\
        ,\r\n  \"name\": \"cli-000007\",\r\n  \"type\": \"Microsoft.Maps/accounts\"\
        ,\r\n  \"location\": \"global\",\r\n  \"sku\": {\r\n    \"name\": \"S0\",\r\
        \n    \"tier\": \"Standard\"\r\n  }\r\n}"}
    headers:
      cache-control: [no-cache]
      content-length: ['372']
      content-type: [application/json; charset=utf-8]
      date: ['Tue, 12 Jun 2018 18:21:02 GMT']
      expires: ['-1']
      pragma: [no-cache]
      server: [Microsoft-HTTPAPI/2.0]
      strict-transport-security: [max-age=31536000; includeSubDomains]
      x-content-type-options: [nosniff]
      x-ms-ratelimit-remaining-subscription-writes: ['1199']
    status: {code: 201, message: Created}
- request:
    body: null
    headers:
      Accept: [application/json]
      Accept-Encoding: ['gzip, deflate']
      CommandName: [maps account list]
      Connection: [keep-alive]
      Content-Type: [application/json; charset=utf-8]
      User-Agent: [python/3.6.4 (Windows-10-10.0.17134-SP0) requests/2.18.4 msrest/0.4.29
          msrest_azure/0.4.29 azure-mgmt-maps/0.1.0 Azure-SDK-For-Python AZURECLI/2.0.37]
      accept-language: [en-US]
    method: GET
    uri: https://management.azure.com/subscriptions/00000000-0000-0000-0000-000000000000/resourceGroups/clitest.rg000001/providers/Microsoft.Maps/accounts?api-version=2018-05-01
  response:
    body: {string: "{\r\n  \"value\": [\r\n    {\r\n      \"id\": \"/subscriptions/00000000-0000-0000-0000-000000000000/resourceGroups/clitest.rg000001/providers/Microsoft.Maps/accounts/cli-000007\"\
        ,\r\n      \"name\": \"cli-000007\",\r\n      \"type\": \"Microsoft.Maps/accounts\"\
        ,\r\n      \"location\": \"global\",\r\n      \"sku\": {\r\n        \"name\"\
        : \"S0\",\r\n        \"tier\": \"Standard\"\r\n      }\r\n    },\r\n    {\r\
        \n      \"id\": \"/subscriptions/00000000-0000-0000-0000-000000000000/resourceGroups/clitest.rg000001/providers/Microsoft.Maps/accounts/cli-000005\"\
        ,\r\n      \"name\": \"cli-000005\",\r\n      \"type\": \"Microsoft.Maps/accounts\"\
        ,\r\n      \"location\": \"global\",\r\n      \"tags\": {\r\n        \"key-000003\"\
        : \"val-000004\"\r\n      },\r\n      \"sku\": {\r\n        \"name\": \"S0\"\
        ,\r\n        \"tier\": \"Standard\"\r\n      }\r\n    }\r\n  ]\r\n}"}
    headers:
      cache-control: [no-cache]
      content-length: ['915']
      content-type: [application/json; charset=utf-8]
      date: ['Tue, 12 Jun 2018 18:21:03 GMT']
      expires: ['-1']
      pragma: [no-cache]
      server: [Microsoft-HTTPAPI/2.0]
      strict-transport-security: [max-age=31536000; includeSubDomains]
      transfer-encoding: [chunked]
      vary: [Accept-Encoding]
      x-content-type-options: [nosniff]
    status: {code: 200, message: OK}
- request:
    body: null
    headers:
      Accept: [application/json]
      Accept-Encoding: ['gzip, deflate']
      CommandName: [maps account list]
      Connection: [keep-alive]
      Content-Type: [application/json; charset=utf-8]
      User-Agent: [python/3.6.4 (Windows-10-10.0.17134-SP0) requests/2.18.4 msrest/0.4.29
          msrest_azure/0.4.29 azure-mgmt-maps/0.1.0 Azure-SDK-For-Python AZURECLI/2.0.37]
      accept-language: [en-US]
    method: GET
    uri: https://management.azure.com/subscriptions/00000000-0000-0000-0000-000000000000/resourceGroups/clitest.rg000002/providers/Microsoft.Maps/accounts?api-version=2018-05-01
  response:
    body: {string: "{\r\n  \"value\": [\r\n    {\r\n      \"id\": \"/subscriptions/00000000-0000-0000-0000-000000000000/resourceGroups/clitest.rg000002/providers/Microsoft.Maps/accounts/cli-000006\"\
        ,\r\n      \"name\": \"cli-000006\",\r\n      \"type\": \"Microsoft.Maps/accounts\"\
        ,\r\n      \"location\": \"global\",\r\n      \"sku\": {\r\n        \"name\"\
        : \"S0\",\r\n        \"tier\": \"Standard\"\r\n      }\r\n    }\r\n  ]\r\n\
        }"}
    headers:
      cache-control: [no-cache]
      content-length: ['437']
      content-type: [application/json; charset=utf-8]
      date: ['Tue, 12 Jun 2018 18:21:04 GMT']
      expires: ['-1']
      pragma: [no-cache]
      server: [Microsoft-HTTPAPI/2.0]
      strict-transport-security: [max-age=31536000; includeSubDomains]
      transfer-encoding: [chunked]
      vary: [Accept-Encoding]
      x-content-type-options: [nosniff]
    status: {code: 200, message: OK}
- request:
    body: null
    headers:
      Accept: [application/json]
      Accept-Encoding: ['gzip, deflate']
      CommandName: [maps account keys list]
      Connection: [keep-alive]
      Content-Length: ['0']
      Content-Type: [application/json; charset=utf-8]
      User-Agent: [python/3.6.4 (Windows-10-10.0.17134-SP0) requests/2.18.4 msrest/0.4.29
          msrest_azure/0.4.29 azure-mgmt-maps/0.1.0 Azure-SDK-For-Python AZURECLI/2.0.37]
      accept-language: [en-US]
    method: POST
    uri: https://management.azure.com/subscriptions/00000000-0000-0000-0000-000000000000/resourceGroups/clitest.rg000001/providers/Microsoft.Maps/accounts/cli-000005/listKeys?api-version=2018-05-01
  response:
    body: {string: "{\r\n  \"id\": \"/subscriptions/00000000-0000-0000-0000-000000000000/resourceGroups/clitest.rg000001/providers/Microsoft.Maps/accounts/cli-000005\"\
        ,\r\n  \"primaryKey\": \"2zi7dWxLN4d8GWAbe8adfTsFuocD5jrxy0ceV3gyH6k\",\r\n\
        \  \"secondaryKey\": \"8hHhx0iLBLj_8yF8P2nrySCUzfZC_vRGUd45qBfPaGk\",\r\n\
        \  \"primaryKeyLastUpdated\": \"2018-06-12T18:20:51.438263Z\",\r\n  \"secondaryKeyLastUpdated\"\
        : \"2018-06-12T18:20:51.438263Z\"\r\n}"}
    headers:
      cache-control: [no-cache]
      content-length: ['463']
      content-type: [application/json; charset=utf-8]
      date: ['Tue, 12 Jun 2018 18:21:04 GMT']
      expires: ['-1']
      pragma: [no-cache]
      server: [Microsoft-HTTPAPI/2.0]
      strict-transport-security: [max-age=31536000; includeSubDomains]
      transfer-encoding: [chunked]
      vary: [Accept-Encoding]
      x-content-type-options: [nosniff]
      x-ms-ratelimit-remaining-subscription-writes: ['1199']
    status: {code: 200, message: OK}
- request:
    body: '{"keyType": "primary"}'
    headers:
      Accept: [application/json]
      Accept-Encoding: ['gzip, deflate']
      CommandName: [maps account keys renew]
      Connection: [keep-alive]
      Content-Length: ['22']
      Content-Type: [application/json; charset=utf-8]
      User-Agent: [python/3.6.4 (Windows-10-10.0.17134-SP0) requests/2.18.4 msrest/0.4.29
          msrest_azure/0.4.29 azure-mgmt-maps/0.1.0 Azure-SDK-For-Python AZURECLI/2.0.37]
      accept-language: [en-US]
    method: POST
    uri: https://management.azure.com/subscriptions/00000000-0000-0000-0000-000000000000/resourceGroups/clitest.rg000001/providers/Microsoft.Maps/accounts/cli-000005/regenerateKey?api-version=2018-05-01
  response:
    body: {string: "{\r\n  \"id\": \"/subscriptions/00000000-0000-0000-0000-000000000000/resourceGroups/clitest.rg000001/providers/Microsoft.Maps/accounts/cli-000005\"\
        ,\r\n  \"primaryKey\": \"O-KLUjZA9g-1fIjj0hhssFQ-ouOBmMOQk2lQdZifJ60\",\r\n\
        \  \"secondaryKey\": \"8hHhx0iLBLj_8yF8P2nrySCUzfZC_vRGUd45qBfPaGk\",\r\n\
        \  \"primaryKeyLastUpdated\": \"2018-06-12T18:21:06.1159049Z\",\r\n  \"secondaryKeyLastUpdated\"\
        : \"2018-06-12T18:20:51.438263Z\"\r\n}"}
    headers:
      cache-control: [no-cache]
      content-length: ['464']
      content-type: [application/json; charset=utf-8]
      date: ['Tue, 12 Jun 2018 18:21:06 GMT']
      expires: ['-1']
      pragma: [no-cache]
      server: [Microsoft-HTTPAPI/2.0]
      strict-transport-security: [max-age=31536000; includeSubDomains]
      transfer-encoding: [chunked]
      vary: [Accept-Encoding]
      x-content-type-options: [nosniff]
      x-ms-ratelimit-remaining-subscription-writes: ['1199']
    status: {code: 200, message: OK}
- request:
    body: '{"keyType": "secondary"}'
    headers:
      Accept: [application/json]
      Accept-Encoding: ['gzip, deflate']
      CommandName: [maps account keys renew]
      Connection: [keep-alive]
      Content-Length: ['24']
      Content-Type: [application/json; charset=utf-8]
      User-Agent: [python/3.6.4 (Windows-10-10.0.17134-SP0) requests/2.18.4 msrest/0.4.29
          msrest_azure/0.4.29 azure-mgmt-maps/0.1.0 Azure-SDK-For-Python AZURECLI/2.0.37]
      accept-language: [en-US]
    method: POST
    uri: https://management.azure.com/subscriptions/00000000-0000-0000-0000-000000000000/resourceGroups/clitest.rg000001/providers/Microsoft.Maps/accounts/cli-000005/regenerateKey?api-version=2018-05-01
  response:
    body: {string: "{\r\n  \"id\": \"/subscriptions/00000000-0000-0000-0000-000000000000/resourceGroups/clitest.rg000001/providers/Microsoft.Maps/accounts/cli-000005\"\
        ,\r\n  \"primaryKey\": \"O-KLUjZA9g-1fIjj0hhssFQ-ouOBmMOQk2lQdZifJ60\",\r\n\
        \  \"secondaryKey\": \"X0trXCMjKtXRWoUlmXAgmdn2xWEXR9nJFN3aHoEjXsM\",\r\n\
        \  \"primaryKeyLastUpdated\": \"2018-06-12T18:21:06.1159049Z\",\r\n  \"secondaryKeyLastUpdated\"\
        : \"2018-06-12T18:21:07.3591266Z\"\r\n}"}
    headers:
      cache-control: [no-cache]
      content-length: ['465']
      content-type: [application/json; charset=utf-8]
      date: ['Tue, 12 Jun 2018 18:21:07 GMT']
      expires: ['-1']
      pragma: [no-cache]
      server: [Microsoft-HTTPAPI/2.0]
      strict-transport-security: [max-age=31536000; includeSubDomains]
      transfer-encoding: [chunked]
      vary: [Accept-Encoding]
      x-content-type-options: [nosniff]
      x-ms-ratelimit-remaining-subscription-writes: ['1199']
    status: {code: 200, message: OK}
- request:
    body: null
    headers:
      Accept: [application/json]
      Accept-Encoding: ['gzip, deflate']
      CommandName: [maps account delete]
      Connection: [keep-alive]
      Content-Length: ['0']
      Content-Type: [application/json; charset=utf-8]
      User-Agent: [python/3.6.4 (Windows-10-10.0.17134-SP0) requests/2.18.4 msrest/0.4.29
          msrest_azure/0.4.29 azure-mgmt-maps/0.1.0 Azure-SDK-For-Python AZURECLI/2.0.37]
      accept-language: [en-US]
    method: DELETE
    uri: https://management.azure.com/subscriptions/00000000-0000-0000-0000-000000000000/resourceGroups/clitest.rg000001/providers/Microsoft.Maps/accounts/cli-000005?api-version=2018-05-01
  response:
    body: {string: ''}
    headers:
      cache-control: [no-cache]
      content-length: ['0']
      date: ['Tue, 12 Jun 2018 18:21:22 GMT']
      expires: ['-1']
      pragma: [no-cache]
      server: [Microsoft-HTTPAPI/2.0]
      strict-transport-security: [max-age=31536000; includeSubDomains]
      x-content-type-options: [nosniff]
      x-ms-ratelimit-remaining-subscription-deletes: ['14999']
    status: {code: 200, message: OK}
- request:
    body: null
    headers:
      Accept: [application/json]
      Accept-Encoding: ['gzip, deflate']
      CommandName: [maps account list]
      Connection: [keep-alive]
      Content-Type: [application/json; charset=utf-8]
      User-Agent: [python/3.6.4 (Windows-10-10.0.17134-SP0) requests/2.18.4 msrest/0.4.29
          msrest_azure/0.4.29 azure-mgmt-maps/0.1.0 Azure-SDK-For-Python AZURECLI/2.0.37]
      accept-language: [en-US]
    method: GET
    uri: https://management.azure.com/subscriptions/00000000-0000-0000-0000-000000000000/resourceGroups/clitest.rg000001/providers/Microsoft.Maps/accounts?api-version=2018-05-01
  response:
    body: {string: "{\r\n  \"value\": [\r\n    {\r\n      \"id\": \"/subscriptions/00000000-0000-0000-0000-000000000000/resourceGroups/clitest.rg000001/providers/Microsoft.Maps/accounts/cli-000007\"\
        ,\r\n      \"name\": \"cli-000007\",\r\n      \"type\": \"Microsoft.Maps/accounts\"\
        ,\r\n      \"location\": \"global\",\r\n      \"sku\": {\r\n        \"name\"\
        : \"S0\",\r\n        \"tier\": \"Standard\"\r\n      }\r\n    }\r\n  ]\r\n\
        }"}
    headers:
      cache-control: [no-cache]
      content-length: ['437']
      content-type: [application/json; charset=utf-8]
      date: ['Tue, 12 Jun 2018 18:21:24 GMT']
      expires: ['-1']
      pragma: [no-cache]
      server: [Microsoft-HTTPAPI/2.0]
      strict-transport-security: [max-age=31536000; includeSubDomains]
      transfer-encoding: [chunked]
      vary: [Accept-Encoding]
      x-content-type-options: [nosniff]
    status: {code: 200, message: OK}
- request:
    body: null
    headers:
      Accept: [application/json]
      Accept-Encoding: ['gzip, deflate']
      CommandName: [maps account delete]
      Connection: [keep-alive]
      Content-Length: ['0']
      Content-Type: [application/json; charset=utf-8]
      User-Agent: [python/3.6.4 (Windows-10-10.0.17134-SP0) requests/2.18.4 msrest/0.4.29
          msrest_azure/0.4.29 azure-mgmt-maps/0.1.0 Azure-SDK-For-Python AZURECLI/2.0.37]
      accept-language: [en-US]
    method: DELETE
    uri: https://management.azure.com/subscriptions/00000000-0000-0000-0000-000000000000/resourceGroups/clitest.rg000002/providers/Microsoft.Maps/accounts/cli-000006?api-version=2018-05-01
  response:
    body: {string: ''}
    headers:
      cache-control: [no-cache]
      content-length: ['0']
      date: ['Tue, 12 Jun 2018 18:21:26 GMT']
      expires: ['-1']
      pragma: [no-cache]
      server: [Microsoft-HTTPAPI/2.0]
      strict-transport-security: [max-age=31536000; includeSubDomains]
      x-content-type-options: [nosniff]
      x-ms-ratelimit-remaining-subscription-deletes: ['14999']
    status: {code: 200, message: OK}
- request:
    body: null
    headers:
      Accept: [application/json]
      Accept-Encoding: ['gzip, deflate']
      CommandName: [maps account delete]
      Connection: [keep-alive]
      Content-Length: ['0']
      Content-Type: [application/json; charset=utf-8]
      User-Agent: [python/3.6.4 (Windows-10-10.0.17134-SP0) requests/2.18.4 msrest/0.4.29
          msrest_azure/0.4.29 azure-mgmt-maps/0.1.0 Azure-SDK-For-Python AZURECLI/2.0.37]
      accept-language: [en-US]
    method: DELETE
    uri: https://management.azure.com/subscriptions/00000000-0000-0000-0000-000000000000/resourceGroups/clitest.rg000001/providers/Microsoft.Maps/accounts/cli-000007?api-version=2018-05-01
  response:
    body: {string: ''}
    headers:
      cache-control: [no-cache]
      content-length: ['0']
      date: ['Tue, 12 Jun 2018 18:21:27 GMT']
      expires: ['-1']
      pragma: [no-cache]
      server: [Microsoft-HTTPAPI/2.0]
      strict-transport-security: [max-age=31536000; includeSubDomains]
      x-content-type-options: [nosniff]
      x-ms-ratelimit-remaining-subscription-deletes: ['14999']
    status: {code: 200, message: OK}
- request:
    body: null
    headers:
      Accept: [application/json]
      Accept-Encoding: ['gzip, deflate']
      CommandName: [maps account list]
      Connection: [keep-alive]
      Content-Type: [application/json; charset=utf-8]
      User-Agent: [python/3.6.4 (Windows-10-10.0.17134-SP0) requests/2.18.4 msrest/0.4.29
          msrest_azure/0.4.29 azure-mgmt-maps/0.1.0 Azure-SDK-For-Python AZURECLI/2.0.37]
      accept-language: [en-US]
    method: GET
    uri: https://management.azure.com/subscriptions/00000000-0000-0000-0000-000000000000/resourceGroups/clitest.rg000001/providers/Microsoft.Maps/accounts?api-version=2018-05-01
  response:
    body: {string: "{\r\n  \"value\": []\r\n}"}
    headers:
      cache-control: [no-cache]
      content-length: ['19']
      content-type: [application/json; charset=utf-8]
      date: ['Tue, 12 Jun 2018 18:21:28 GMT']
      expires: ['-1']
      pragma: [no-cache]
      server: [Microsoft-HTTPAPI/2.0]
      strict-transport-security: [max-age=31536000; includeSubDomains]
      transfer-encoding: [chunked]
      vary: [Accept-Encoding]
      x-content-type-options: [nosniff]
    status: {code: 200, message: OK}
- request:
    body: null
    headers:
      Accept: [application/json]
      Accept-Encoding: ['gzip, deflate']
      CommandName: [maps account list]
      Connection: [keep-alive]
      Content-Type: [application/json; charset=utf-8]
      User-Agent: [python/3.6.4 (Windows-10-10.0.17134-SP0) requests/2.18.4 msrest/0.4.29
          msrest_azure/0.4.29 azure-mgmt-maps/0.1.0 Azure-SDK-For-Python AZURECLI/2.0.37]
      accept-language: [en-US]
    method: GET
    uri: https://management.azure.com/subscriptions/00000000-0000-0000-0000-000000000000/resourceGroups/clitest.rg000002/providers/Microsoft.Maps/accounts?api-version=2018-05-01
  response:
    body: {string: "{\r\n  \"value\": []\r\n}"}
    headers:
      cache-control: [no-cache]
      content-length: ['19']
      content-type: [application/json; charset=utf-8]
      date: ['Tue, 12 Jun 2018 18:21:29 GMT']
      expires: ['-1']
      pragma: [no-cache]
      server: [Microsoft-HTTPAPI/2.0]
      strict-transport-security: [max-age=31536000; includeSubDomains]
      transfer-encoding: [chunked]
      vary: [Accept-Encoding]
      x-content-type-options: [nosniff]
    status: {code: 200, message: OK}
- request:
    body: null
    headers:
      Accept: [application/json]
      Accept-Encoding: ['gzip, deflate']
      CommandName: [group delete]
      Connection: [keep-alive]
      Content-Length: ['0']
      Content-Type: [application/json; charset=utf-8]
      User-Agent: [python/3.6.4 (Windows-10-10.0.17134-SP0) requests/2.18.4 msrest/0.4.29
          msrest_azure/0.4.29 resourcemanagementclient/1.2.1 Azure-SDK-For-Python
          AZURECLI/2.0.37]
      accept-language: [en-US]
    method: DELETE
    uri: https://management.azure.com/subscriptions/00000000-0000-0000-0000-000000000000/resourcegroups/clitest.rg000002?api-version=2018-05-01
  response:
    body: {string: ''}
    headers:
      cache-control: [no-cache]
      content-length: ['0']
      date: ['Tue, 12 Jun 2018 18:21:30 GMT']
      expires: ['-1']
      location: ['https://management.azure.com/subscriptions/00000000-0000-0000-0000-000000000000/operationresults/eyJqb2JJZCI6IlJFU09VUkNFR1JPVVBERUxFVElPTkpPQi1DTElURVNUOjJFUkdWRUZLV0RXQ1FSRlBNSklNUDUzNkFNRkoyUTRBQjJJTkFSVXwyMEU5MkY3OTI1MTJFRDFDLVdFU1RVUyIsImpvYkxvY2F0aW9uIjoid2VzdHVzIn0?api-version=2018-05-01']
      pragma: [no-cache]
      strict-transport-security: [max-age=31536000; includeSubDomains]
      x-content-type-options: [nosniff]
      x-ms-ratelimit-remaining-subscription-deletes: ['14999']
    status: {code: 202, message: Accepted}
- request:
    body: null
    headers:
      Accept: [application/json]
      Accept-Encoding: ['gzip, deflate']
      CommandName: [group delete]
      Connection: [keep-alive]
      Content-Length: ['0']
      Content-Type: [application/json; charset=utf-8]
      User-Agent: [python/3.6.4 (Windows-10-10.0.17134-SP0) requests/2.18.4 msrest/0.4.29
          msrest_azure/0.4.29 resourcemanagementclient/1.2.1 Azure-SDK-For-Python
          AZURECLI/2.0.37]
      accept-language: [en-US]
    method: DELETE
    uri: https://management.azure.com/subscriptions/00000000-0000-0000-0000-000000000000/resourcegroups/clitest.rg000001?api-version=2018-05-01
  response:
    body: {string: ''}
    headers:
      cache-control: [no-cache]
      content-length: ['0']
      date: ['Tue, 12 Jun 2018 18:21:30 GMT']
      expires: ['-1']
      location: ['https://management.azure.com/subscriptions/00000000-0000-0000-0000-000000000000/operationresults/eyJqb2JJZCI6IlJFU09VUkNFR1JPVVBERUxFVElPTkpPQi1DTElURVNUOjJFUkdKN0pMSkxWNks1S1hBMlgzTDNYRVA0NVM0SkZVNjYzWkFTRXwyNUExNDJGQzVBNzI3RDcxLVdFU1RVUyIsImpvYkxvY2F0aW9uIjoid2VzdHVzIn0?api-version=2018-05-01']
      pragma: [no-cache]
      strict-transport-security: [max-age=31536000; includeSubDomains]
      x-content-type-options: [nosniff]
      x-ms-ratelimit-remaining-subscription-deletes: ['14999']
    status: {code: 202, message: Accepted}
version: 1
