interactions:
- request:
    body: '{"location": "westus", "tags": {"date": "2018-05-15T23:22:22Z", "product":
      "azurecli", "cause": "automation"}}'
    headers:
      Accept: [application/json]
      Accept-Encoding: ['gzip, deflate']
      CommandName: [group create]
      Connection: [keep-alive]
      Content-Length: ['110']
      Content-Type: [application/json; charset=utf-8]
      User-Agent: [python/3.5.2 (Windows-10-10.0.16299-SP0) requests/2.18.4 msrest/0.4.29
          msrest_azure/0.4.29 resourcemanagementclient/1.2.1 Azure-SDK-For-Python
          AZURECLI/2.0.33]
      accept-language: [en-US]
    method: PUT
    uri: https://management.azure.com/subscriptions/00000000-0000-0000-0000-000000000000/resourcegroups/local_gateway_scenario000001?api-version=2016-02-01
  response:
    body: {string: '{"id":"/subscriptions/00000000-0000-0000-0000-000000000000/resourceGroups/local_gateway_scenario000001","name":"local_gateway_scenario000001","location":"westus","tags":{"date":"2018-05-15T23:22:22Z","product":"azurecli","cause":"automation"},"properties":{"provisioningState":"Succeeded"}}'}
    headers:
      cache-control: [no-cache]
      content-length: ['384']
      content-type: [application/json; charset=utf-8]
      date: ['Tue, 15 May 2018 23:22:23 GMT']
      expires: ['-1']
      pragma: [no-cache]
      strict-transport-security: [max-age=31536000; includeSubDomains]
      x-content-type-options: [nosniff]
      x-ms-ratelimit-remaining-subscription-writes: ['1196']
    status: {code: 201, message: Created}
- request:
    body: null
    headers:
      Accept: [application/json]
      Accept-Encoding: ['gzip, deflate']
      CommandName: [network local-gateway create]
      Connection: [keep-alive]
      Content-Type: [application/json; charset=utf-8]
      User-Agent: [python/3.5.2 (Windows-10-10.0.16299-SP0) requests/2.18.4 msrest/0.4.29
          msrest_azure/0.4.29 resourcemanagementclient/1.2.1 Azure-SDK-For-Python
          AZURECLI/2.0.33]
      accept-language: [en-US]
    method: GET
    uri: https://management.azure.com/subscriptions/00000000-0000-0000-0000-000000000000/resourcegroups/local_gateway_scenario000001?api-version=2016-02-01
  response:
    body: {string: '{"id":"/subscriptions/00000000-0000-0000-0000-000000000000/resourceGroups/local_gateway_scenario000001","name":"local_gateway_scenario000001","location":"westus","tags":{"date":"2018-05-15T23:22:22Z","product":"azurecli","cause":"automation"},"properties":{"provisioningState":"Succeeded"}}'}
    headers:
      cache-control: [no-cache]
      content-length: ['384']
      content-type: [application/json; charset=utf-8]
      date: ['Tue, 15 May 2018 23:22:24 GMT']
      expires: ['-1']
      pragma: [no-cache]
      strict-transport-security: [max-age=31536000; includeSubDomains]
      vary: [Accept-Encoding]
      x-content-type-options: [nosniff]
    status: {code: 200, message: OK}
- request:
    body: '{"location": "westus", "properties": {"localNetworkAddressSpace": {"addressPrefixes":
      []}, "gatewayIpAddress": "10.1.1.1"}}'
    headers:
      Accept: [application/json]
      Accept-Encoding: ['gzip, deflate']
      CommandName: [network local-gateway create]
      Connection: [keep-alive]
      Content-Length: ['123']
      Content-Type: [application/json; charset=utf-8]
      User-Agent: [python/3.5.2 (Windows-10-10.0.16299-SP0) requests/2.18.4 msrest/0.4.29
          msrest_azure/0.4.29 networkmanagementclient/2.0.0rc2 Azure-SDK-For-Python
          AZURECLI/2.0.33]
      accept-language: [en-US]
    method: PUT
    uri: https://management.azure.com/subscriptions/00000000-0000-0000-0000-000000000000/resourceGroups/local_gateway_scenario000001/providers/Microsoft.Network/localNetworkGateways/lgw1?api-version=2015-06-15
  response:
    body: {string: "{\r\n  \"name\": \"lgw1\",\r\n  \"id\": \"/subscriptions/00000000-0000-0000-0000-000000000000/resourceGroups/local_gateway_scenario000001/providers/Microsoft.Network/localNetworkGateways/lgw1\"\
        ,\r\n  \"etag\": \"W/\\\"d9b479fa-29fa-4f9e-9f8f-c8bed47702b8\\\"\",\r\n \
        \ \"type\": \"Microsoft.Network/localNetworkGateways\",\r\n  \"location\"\
        : \"westus\",\r\n  \"properties\": {\r\n    \"provisioningState\": \"Updating\"\
        ,\r\n    \"resourceGuid\": \"adf5c5bb-a78c-4f90-9f87-2078f3bb1431\",\r\n \
        \   \"localNetworkAddressSpace\": {\r\n      \"addressPrefixes\": []\r\n \
        \   },\r\n    \"gatewayIpAddress\": \"10.1.1.1\"\r\n  }\r\n}"}
    headers:
      azure-asyncoperation: ['https://management.azure.com/subscriptions/00000000-0000-0000-0000-000000000000/providers/Microsoft.Network/locations/westus/operations/b76f96e1-18c6-4043-878a-655516cd9b54?api-version=2015-06-15']
      cache-control: [no-cache]
      content-length: ['598']
      content-type: [application/json; charset=utf-8]
      date: ['Tue, 15 May 2018 23:22:24 GMT']
      expires: ['-1']
      pragma: [no-cache]
      server: [Microsoft-HTTPAPI/2.0, Microsoft-HTTPAPI/2.0]
      strict-transport-security: [max-age=31536000; includeSubDomains]
      x-content-type-options: [nosniff]
      x-ms-ratelimit-remaining-subscription-writes: ['1198']
    status: {code: 201, message: Created}
- request:
    body: null
    headers:
      Accept: [application/json]
      Accept-Encoding: ['gzip, deflate']
      CommandName: [network local-gateway create]
      Connection: [keep-alive]
      User-Agent: [python/3.5.2 (Windows-10-10.0.16299-SP0) requests/2.18.4 msrest/0.4.29
          msrest_azure/0.4.29 networkmanagementclient/2.0.0rc2 Azure-SDK-For-Python
          AZURECLI/2.0.33]
    method: GET
    uri: https://management.azure.com/subscriptions/00000000-0000-0000-0000-000000000000/providers/Microsoft.Network/locations/westus/operations/b76f96e1-18c6-4043-878a-655516cd9b54?api-version=2015-06-15
  response:
    body: {string: "{\r\n  \"status\": \"Succeeded\"\r\n}"}
    headers:
      cache-control: [no-cache]
      content-length: ['29']
      content-type: [application/json; charset=utf-8]
      date: ['Tue, 15 May 2018 23:22:35 GMT']
      expires: ['-1']
      pragma: [no-cache]
      server: [Microsoft-HTTPAPI/2.0, Microsoft-HTTPAPI/2.0]
      strict-transport-security: [max-age=31536000; includeSubDomains]
      transfer-encoding: [chunked]
      vary: [Accept-Encoding]
      x-content-type-options: [nosniff]
    status: {code: 200, message: OK}
- request:
    body: null
    headers:
      Accept: [application/json]
      Accept-Encoding: ['gzip, deflate']
      CommandName: [network local-gateway create]
      Connection: [keep-alive]
      User-Agent: [python/3.5.2 (Windows-10-10.0.16299-SP0) requests/2.18.4 msrest/0.4.29
          msrest_azure/0.4.29 networkmanagementclient/2.0.0rc2 Azure-SDK-For-Python
          AZURECLI/2.0.33]
    method: GET
    uri: https://management.azure.com/subscriptions/00000000-0000-0000-0000-000000000000/resourceGroups/local_gateway_scenario000001/providers/Microsoft.Network/localNetworkGateways/lgw1?api-version=2015-06-15
  response:
    body: {string: "{\r\n  \"name\": \"lgw1\",\r\n  \"id\": \"/subscriptions/00000000-0000-0000-0000-000000000000/resourceGroups/local_gateway_scenario000001/providers/Microsoft.Network/localNetworkGateways/lgw1\"\
        ,\r\n  \"etag\": \"W/\\\"6d2d3280-64fe-4405-a1ec-d0de7dd87e9f\\\"\",\r\n \
        \ \"type\": \"Microsoft.Network/localNetworkGateways\",\r\n  \"location\"\
        : \"westus\",\r\n  \"properties\": {\r\n    \"provisioningState\": \"Succeeded\"\
        ,\r\n    \"resourceGuid\": \"adf5c5bb-a78c-4f90-9f87-2078f3bb1431\",\r\n \
        \   \"localNetworkAddressSpace\": {\r\n      \"addressPrefixes\": []\r\n \
        \   },\r\n    \"gatewayIpAddress\": \"10.1.1.1\"\r\n  }\r\n}"}
    headers:
      cache-control: [no-cache]
      content-length: ['599']
      content-type: [application/json; charset=utf-8]
      date: ['Tue, 15 May 2018 23:22:36 GMT']
      etag: [W/"6d2d3280-64fe-4405-a1ec-d0de7dd87e9f"]
      expires: ['-1']
      pragma: [no-cache]
      server: [Microsoft-HTTPAPI/2.0, Microsoft-HTTPAPI/2.0]
      strict-transport-security: [max-age=31536000; includeSubDomains]
      transfer-encoding: [chunked]
      vary: [Accept-Encoding]
      x-content-type-options: [nosniff]
    status: {code: 200, message: OK}
- request:
    body: null
    headers:
      Accept: [application/json]
      Accept-Encoding: ['gzip, deflate']
      CommandName: [network local-gateway show]
      Connection: [keep-alive]
      Content-Type: [application/json; charset=utf-8]
      User-Agent: [python/3.5.2 (Windows-10-10.0.16299-SP0) requests/2.18.4 msrest/0.4.29
          msrest_azure/0.4.29 networkmanagementclient/2.0.0rc2 Azure-SDK-For-Python
          AZURECLI/2.0.33]
      accept-language: [en-US]
    method: GET
    uri: https://management.azure.com/subscriptions/00000000-0000-0000-0000-000000000000/resourceGroups/local_gateway_scenario000001/providers/Microsoft.Network/localNetworkGateways/lgw1?api-version=2015-06-15
  response:
    body: {string: "{\r\n  \"name\": \"lgw1\",\r\n  \"id\": \"/subscriptions/00000000-0000-0000-0000-000000000000/resourceGroups/local_gateway_scenario000001/providers/Microsoft.Network/localNetworkGateways/lgw1\"\
        ,\r\n  \"etag\": \"W/\\\"6d2d3280-64fe-4405-a1ec-d0de7dd87e9f\\\"\",\r\n \
        \ \"type\": \"Microsoft.Network/localNetworkGateways\",\r\n  \"location\"\
        : \"westus\",\r\n  \"properties\": {\r\n    \"provisioningState\": \"Succeeded\"\
        ,\r\n    \"resourceGuid\": \"adf5c5bb-a78c-4f90-9f87-2078f3bb1431\",\r\n \
        \   \"localNetworkAddressSpace\": {\r\n      \"addressPrefixes\": []\r\n \
        \   },\r\n    \"gatewayIpAddress\": \"10.1.1.1\"\r\n  }\r\n}"}
    headers:
      cache-control: [no-cache]
      content-length: ['599']
      content-type: [application/json; charset=utf-8]
      date: ['Tue, 15 May 2018 23:22:36 GMT']
      etag: [W/"6d2d3280-64fe-4405-a1ec-d0de7dd87e9f"]
      expires: ['-1']
      pragma: [no-cache]
      server: [Microsoft-HTTPAPI/2.0, Microsoft-HTTPAPI/2.0]
      strict-transport-security: [max-age=31536000; includeSubDomains]
      transfer-encoding: [chunked]
      vary: [Accept-Encoding]
      x-content-type-options: [nosniff]
    status: {code: 200, message: OK}
- request:
    body: null
    headers:
      Accept: [application/json]
      Accept-Encoding: ['gzip, deflate']
      CommandName: [network local-gateway create]
      Connection: [keep-alive]
      Content-Type: [application/json; charset=utf-8]
      User-Agent: [python/3.5.2 (Windows-10-10.0.16299-SP0) requests/2.18.4 msrest/0.4.29
          msrest_azure/0.4.29 resourcemanagementclient/1.2.1 Azure-SDK-For-Python
          AZURECLI/2.0.33]
      accept-language: [en-US]
    method: GET
    uri: https://management.azure.com/subscriptions/00000000-0000-0000-0000-000000000000/resourcegroups/local_gateway_scenario000001?api-version=2016-02-01
  response:
    body: {string: '{"id":"/subscriptions/00000000-0000-0000-0000-000000000000/resourceGroups/local_gateway_scenario000001","name":"local_gateway_scenario000001","location":"westus","tags":{"date":"2018-05-15T23:22:22Z","product":"azurecli","cause":"automation"},"properties":{"provisioningState":"Succeeded"}}'}
    headers:
      cache-control: [no-cache]
      content-length: ['384']
      content-type: [application/json; charset=utf-8]
      date: ['Tue, 15 May 2018 23:22:37 GMT']
      expires: ['-1']
      pragma: [no-cache]
      strict-transport-security: [max-age=31536000; includeSubDomains]
      vary: [Accept-Encoding]
      x-content-type-options: [nosniff]
    status: {code: 200, message: OK}
- request:
    body: '{"location": "westus", "properties": {"localNetworkAddressSpace": {"addressPrefixes":
      ["10.0.1.0/24"]}, "gatewayIpAddress": "10.1.1.2"}}'
    headers:
      Accept: [application/json]
      Accept-Encoding: ['gzip, deflate']
      CommandName: [network local-gateway create]
      Connection: [keep-alive]
      Content-Length: ['136']
      Content-Type: [application/json; charset=utf-8]
      User-Agent: [python/3.5.2 (Windows-10-10.0.16299-SP0) requests/2.18.4 msrest/0.4.29
          msrest_azure/0.4.29 networkmanagementclient/2.0.0rc2 Azure-SDK-For-Python
          AZURECLI/2.0.33]
      accept-language: [en-US]
    method: PUT
    uri: https://management.azure.com/subscriptions/00000000-0000-0000-0000-000000000000/resourceGroups/local_gateway_scenario000001/providers/Microsoft.Network/localNetworkGateways/lgw2?api-version=2015-06-15
  response:
    body: {string: "{\r\n  \"name\": \"lgw2\",\r\n  \"id\": \"/subscriptions/00000000-0000-0000-0000-000000000000/resourceGroups/local_gateway_scenario000001/providers/Microsoft.Network/localNetworkGateways/lgw2\"\
        ,\r\n  \"etag\": \"W/\\\"1b956211-0a6c-48b5-8bb3-ff7c23ca4c16\\\"\",\r\n \
        \ \"type\": \"Microsoft.Network/localNetworkGateways\",\r\n  \"location\"\
        : \"westus\",\r\n  \"properties\": {\r\n    \"provisioningState\": \"Updating\"\
        ,\r\n    \"resourceGuid\": \"b2f0ee6f-d98f-4ed0-b254-b6bcf53ae81d\",\r\n \
        \   \"localNetworkAddressSpace\": {\r\n      \"addressPrefixes\": [\r\n  \
        \      \"10.0.1.0/24\"\r\n      ]\r\n    },\r\n    \"gatewayIpAddress\": \"\
        10.1.1.2\"\r\n  }\r\n}"}
    headers:
      azure-asyncoperation: ['https://management.azure.com/subscriptions/00000000-0000-0000-0000-000000000000/providers/Microsoft.Network/locations/westus/operations/97f5d974-6a25-496e-b1b2-5a8071319363?api-version=2015-06-15']
      cache-control: [no-cache]
      content-length: ['629']
      content-type: [application/json; charset=utf-8]
      date: ['Tue, 15 May 2018 23:22:37 GMT']
      expires: ['-1']
      pragma: [no-cache]
      server: [Microsoft-HTTPAPI/2.0, Microsoft-HTTPAPI/2.0]
      strict-transport-security: [max-age=31536000; includeSubDomains]
      x-content-type-options: [nosniff]
      x-ms-ratelimit-remaining-subscription-writes: ['1199']
    status: {code: 201, message: Created}
- request:
    body: null
    headers:
      Accept: [application/json]
      Accept-Encoding: ['gzip, deflate']
      CommandName: [network local-gateway create]
      Connection: [keep-alive]
      User-Agent: [python/3.5.2 (Windows-10-10.0.16299-SP0) requests/2.18.4 msrest/0.4.29
          msrest_azure/0.4.29 networkmanagementclient/2.0.0rc2 Azure-SDK-For-Python
          AZURECLI/2.0.33]
    method: GET
    uri: https://management.azure.com/subscriptions/00000000-0000-0000-0000-000000000000/providers/Microsoft.Network/locations/westus/operations/97f5d974-6a25-496e-b1b2-5a8071319363?api-version=2015-06-15
  response:
    body: {string: "{\r\n  \"status\": \"Succeeded\"\r\n}"}
    headers:
      cache-control: [no-cache]
      content-length: ['29']
      content-type: [application/json; charset=utf-8]
      date: ['Tue, 15 May 2018 23:22:48 GMT']
      expires: ['-1']
      pragma: [no-cache]
      server: [Microsoft-HTTPAPI/2.0, Microsoft-HTTPAPI/2.0]
      strict-transport-security: [max-age=31536000; includeSubDomains]
      transfer-encoding: [chunked]
      vary: [Accept-Encoding]
      x-content-type-options: [nosniff]
    status: {code: 200, message: OK}
- request:
    body: null
    headers:
      Accept: [application/json]
      Accept-Encoding: ['gzip, deflate']
      CommandName: [network local-gateway create]
      Connection: [keep-alive]
      User-Agent: [python/3.5.2 (Windows-10-10.0.16299-SP0) requests/2.18.4 msrest/0.4.29
          msrest_azure/0.4.29 networkmanagementclient/2.0.0rc2 Azure-SDK-For-Python
          AZURECLI/2.0.33]
    method: GET
    uri: https://management.azure.com/subscriptions/00000000-0000-0000-0000-000000000000/resourceGroups/local_gateway_scenario000001/providers/Microsoft.Network/localNetworkGateways/lgw2?api-version=2015-06-15
  response:
    body: {string: "{\r\n  \"name\": \"lgw2\",\r\n  \"id\": \"/subscriptions/00000000-0000-0000-0000-000000000000/resourceGroups/local_gateway_scenario000001/providers/Microsoft.Network/localNetworkGateways/lgw2\"\
        ,\r\n  \"etag\": \"W/\\\"4009d18d-522d-4858-9e84-629c9031959e\\\"\",\r\n \
        \ \"type\": \"Microsoft.Network/localNetworkGateways\",\r\n  \"location\"\
        : \"westus\",\r\n  \"properties\": {\r\n    \"provisioningState\": \"Succeeded\"\
        ,\r\n    \"resourceGuid\": \"b2f0ee6f-d98f-4ed0-b254-b6bcf53ae81d\",\r\n \
        \   \"localNetworkAddressSpace\": {\r\n      \"addressPrefixes\": [\r\n  \
        \      \"10.0.1.0/24\"\r\n      ]\r\n    },\r\n    \"gatewayIpAddress\": \"\
        10.1.1.2\"\r\n  }\r\n}"}
    headers:
      cache-control: [no-cache]
      content-length: ['630']
      content-type: [application/json; charset=utf-8]
      date: ['Tue, 15 May 2018 23:22:48 GMT']
      etag: [W/"4009d18d-522d-4858-9e84-629c9031959e"]
      expires: ['-1']
      pragma: [no-cache]
      server: [Microsoft-HTTPAPI/2.0, Microsoft-HTTPAPI/2.0]
      strict-transport-security: [max-age=31536000; includeSubDomains]
      transfer-encoding: [chunked]
      vary: [Accept-Encoding]
      x-content-type-options: [nosniff]
    status: {code: 200, message: OK}
- request:
    body: null
    headers:
      Accept: [application/json]
      Accept-Encoding: ['gzip, deflate']
      CommandName: [network local-gateway list]
      Connection: [keep-alive]
      Content-Type: [application/json; charset=utf-8]
      User-Agent: [python/3.5.2 (Windows-10-10.0.16299-SP0) requests/2.18.4 msrest/0.4.29
          msrest_azure/0.4.29 networkmanagementclient/2.0.0rc2 Azure-SDK-For-Python
          AZURECLI/2.0.33]
      accept-language: [en-US]
    method: GET
    uri: https://management.azure.com/subscriptions/00000000-0000-0000-0000-000000000000/resourceGroups/local_gateway_scenario000001/providers/Microsoft.Network/localNetworkGateways?api-version=2015-06-15
  response:
    body: {string: "{\r\n  \"value\": [\r\n    {\r\n      \"name\": \"lgw1\",\r\n\
        \      \"id\": \"/subscriptions/00000000-0000-0000-0000-000000000000/resourceGroups/local_gateway_scenario000001/providers/Microsoft.Network/localNetworkGateways/lgw1\"\
        ,\r\n      \"etag\": \"W/\\\"6d2d3280-64fe-4405-a1ec-d0de7dd87e9f\\\"\",\r\
        \n      \"type\": \"Microsoft.Network/localNetworkGateways\",\r\n      \"\
        location\": \"westus\",\r\n      \"properties\": {\r\n        \"provisioningState\"\
        : \"Succeeded\",\r\n        \"resourceGuid\": \"adf5c5bb-a78c-4f90-9f87-2078f3bb1431\"\
        ,\r\n        \"localNetworkAddressSpace\": {\r\n          \"addressPrefixes\"\
        : []\r\n        },\r\n        \"gatewayIpAddress\": \"10.1.1.1\"\r\n     \
        \ }\r\n    },\r\n    {\r\n      \"name\": \"lgw2\",\r\n      \"id\": \"/subscriptions/00000000-0000-0000-0000-000000000000/resourceGroups/local_gateway_scenario000001/providers/Microsoft.Network/localNetworkGateways/lgw2\"\
        ,\r\n      \"etag\": \"W/\\\"4009d18d-522d-4858-9e84-629c9031959e\\\"\",\r\
        \n      \"type\": \"Microsoft.Network/localNetworkGateways\",\r\n      \"\
        location\": \"westus\",\r\n      \"properties\": {\r\n        \"provisioningState\"\
        : \"Succeeded\",\r\n        \"resourceGuid\": \"b2f0ee6f-d98f-4ed0-b254-b6bcf53ae81d\"\
        ,\r\n        \"localNetworkAddressSpace\": {\r\n          \"addressPrefixes\"\
        : [\r\n            \"10.0.1.0/24\"\r\n          ]\r\n        },\r\n      \
        \  \"gatewayIpAddress\": \"10.1.1.2\"\r\n      }\r\n    }\r\n  ]\r\n}"}
    headers:
      cache-control: [no-cache]
      content-length: ['1385']
      content-type: [application/json; charset=utf-8]
      date: ['Tue, 15 May 2018 23:22:50 GMT']
      expires: ['-1']
      pragma: [no-cache]
      server: [Microsoft-HTTPAPI/2.0, Microsoft-HTTPAPI/2.0]
      strict-transport-security: [max-age=31536000; includeSubDomains]
      transfer-encoding: [chunked]
      vary: [Accept-Encoding]
      x-content-type-options: [nosniff]
    status: {code: 200, message: OK}
- request:
    body: null
    headers:
      Accept: [application/json]
      Accept-Encoding: ['gzip, deflate']
      CommandName: [network local-gateway delete]
      Connection: [keep-alive]
      Content-Length: ['0']
      Content-Type: [application/json; charset=utf-8]
      User-Agent: [python/3.5.2 (Windows-10-10.0.16299-SP0) requests/2.18.4 msrest/0.4.29
          msrest_azure/0.4.29 networkmanagementclient/2.0.0rc2 Azure-SDK-For-Python
          AZURECLI/2.0.33]
      accept-language: [en-US]
    method: DELETE
    uri: https://management.azure.com/subscriptions/00000000-0000-0000-0000-000000000000/resourceGroups/local_gateway_scenario000001/providers/Microsoft.Network/localNetworkGateways/lgw1?api-version=2015-06-15
  response:
    body: {string: ''}
    headers:
      azure-asyncoperation: ['https://management.azure.com/subscriptions/00000000-0000-0000-0000-000000000000/providers/Microsoft.Network/locations/westus/operations/58df0629-3b3e-47e6-aba7-76083d7a2398?api-version=2015-06-15']
      cache-control: [no-cache]
      content-length: ['0']
      date: ['Tue, 15 May 2018 23:22:50 GMT']
      expires: ['-1']
      location: ['https://management.azure.com/subscriptions/00000000-0000-0000-0000-000000000000/providers/Microsoft.Network/locations/westus/operationResults/58df0629-3b3e-47e6-aba7-76083d7a2398?api-version=2015-06-15']
      pragma: [no-cache]
      server: [Microsoft-HTTPAPI/2.0, Microsoft-HTTPAPI/2.0]
      strict-transport-security: [max-age=31536000; includeSubDomains]
      x-content-type-options: [nosniff]
      x-ms-ratelimit-remaining-subscription-deletes: ['14999']
    status: {code: 202, message: Accepted}
- request:
    body: null
    headers:
      Accept: [application/json]
      Accept-Encoding: ['gzip, deflate']
      CommandName: [network local-gateway delete]
      Connection: [keep-alive]
      User-Agent: [python/3.5.2 (Windows-10-10.0.16299-SP0) requests/2.18.4 msrest/0.4.29
          msrest_azure/0.4.29 networkmanagementclient/2.0.0rc2 Azure-SDK-For-Python
          AZURECLI/2.0.33]
    method: GET
    uri: https://management.azure.com/subscriptions/00000000-0000-0000-0000-000000000000/providers/Microsoft.Network/locations/westus/operations/58df0629-3b3e-47e6-aba7-76083d7a2398?api-version=2015-06-15
  response:
    body: {string: "{\r\n  \"status\": \"Succeeded\"\r\n}"}
    headers:
      cache-control: [no-cache]
      content-length: ['29']
      content-type: [application/json; charset=utf-8]
      date: ['Tue, 15 May 2018 23:23:00 GMT']
      expires: ['-1']
      pragma: [no-cache]
      server: [Microsoft-HTTPAPI/2.0, Microsoft-HTTPAPI/2.0]
      strict-transport-security: [max-age=31536000; includeSubDomains]
      transfer-encoding: [chunked]
      vary: [Accept-Encoding]
      x-content-type-options: [nosniff]
    status: {code: 200, message: OK}
- request:
    body: null
    headers:
      Accept: [application/json]
      Accept-Encoding: ['gzip, deflate']
      CommandName: [network local-gateway list]
      Connection: [keep-alive]
      Content-Type: [application/json; charset=utf-8]
      User-Agent: [python/3.5.2 (Windows-10-10.0.16299-SP0) requests/2.18.4 msrest/0.4.29
          msrest_azure/0.4.29 networkmanagementclient/2.0.0rc2 Azure-SDK-For-Python
          AZURECLI/2.0.33]
      accept-language: [en-US]
    method: GET
    uri: https://management.azure.com/subscriptions/00000000-0000-0000-0000-000000000000/resourceGroups/local_gateway_scenario000001/providers/Microsoft.Network/localNetworkGateways?api-version=2015-06-15
  response:
    body: {string: "{\r\n  \"value\": [\r\n    {\r\n      \"name\": \"lgw2\",\r\n\
        \      \"id\": \"/subscriptions/00000000-0000-0000-0000-000000000000/resourceGroups/local_gateway_scenario000001/providers/Microsoft.Network/localNetworkGateways/lgw2\"\
        ,\r\n      \"etag\": \"W/\\\"4009d18d-522d-4858-9e84-629c9031959e\\\"\",\r\
        \n      \"type\": \"Microsoft.Network/localNetworkGateways\",\r\n      \"\
        location\": \"westus\",\r\n      \"properties\": {\r\n        \"provisioningState\"\
        : \"Succeeded\",\r\n        \"resourceGuid\": \"b2f0ee6f-d98f-4ed0-b254-b6bcf53ae81d\"\
        ,\r\n        \"localNetworkAddressSpace\": {\r\n          \"addressPrefixes\"\
        : [\r\n            \"10.0.1.0/24\"\r\n          ]\r\n        },\r\n      \
        \  \"gatewayIpAddress\": \"10.1.1.2\"\r\n      }\r\n    }\r\n  ]\r\n}"}
    headers:
      cache-control: [no-cache]
      content-length: ['723']
      content-type: [application/json; charset=utf-8]
      date: ['Tue, 15 May 2018 23:23:01 GMT']
      expires: ['-1']
      pragma: [no-cache]
      server: [Microsoft-HTTPAPI/2.0, Microsoft-HTTPAPI/2.0]
      strict-transport-security: [max-age=31536000; includeSubDomains]
      transfer-encoding: [chunked]
      vary: [Accept-Encoding]
      x-content-type-options: [nosniff]
    status: {code: 200, message: OK}
- request:
    body: null
    headers:
      Accept: [application/json]
      Accept-Encoding: ['gzip, deflate']
      CommandName: [group delete]
      Connection: [keep-alive]
      Content-Length: ['0']
      Content-Type: [application/json; charset=utf-8]
      User-Agent: [python/3.5.2 (Windows-10-10.0.16299-SP0) requests/2.18.4 msrest/0.4.29
          msrest_azure/0.4.29 resourcemanagementclient/1.2.1 Azure-SDK-For-Python
          AZURECLI/2.0.33]
      accept-language: [en-US]
    method: DELETE
    uri: https://management.azure.com/subscriptions/00000000-0000-0000-0000-000000000000/resourcegroups/local_gateway_scenario000001?api-version=2016-02-01
  response:
    body: {string: ''}
    headers:
      cache-control: [no-cache]
      content-length: ['0']
      date: ['Tue, 15 May 2018 23:23:02 GMT']
      expires: ['-1']
      location: ['https://management.azure.com/subscriptions/00000000-0000-0000-0000-000000000000/operationresults/eyJqb2JJZCI6IlJFU09VUkNFR1JPVVBERUxFVElPTkpPQi1MT0NBTDo1RkdBVEVXQVk6NUZTQ0VOQVJJT05WMk1SQ1FQWTJQVkg1MlVYRERIWnxBNzBEQTU5QjU1NDg4MjAxLVdFU1RVUyIsImpvYkxvY2F0aW9uIjoid2VzdHVzIn0?api-version=2016-02-01']
      pragma: [no-cache]
      strict-transport-security: [max-age=31536000; includeSubDomains]
      x-content-type-options: [nosniff]
      x-ms-ratelimit-remaining-subscription-deletes: ['14997']
    status: {code: 202, message: Accepted}
version: 1
