interactions:
- request:
    body: '{"location": "westus", "tags": {"date": "2018-05-15T22:38:23Z", "product":
      "azurecli", "cause": "automation"}}'
    headers:
      Accept: [application/json]
      Accept-Encoding: ['gzip, deflate']
      CommandName: [group create]
      Connection: [keep-alive]
      Content-Length: ['110']
      Content-Type: [application/json; charset=utf-8]
      User-Agent: [python/3.5.2 (Windows-10-10.0.16299-SP0) requests/2.18.4 msrest/0.4.29
          msrest_azure/0.4.29 resourcemanagementclient/1.2.1 Azure-SDK-For-Python
          AZURECLI/2.0.33]
      accept-language: [en-US]
    method: PUT
    uri: https://management.azure.com/subscriptions/00000000-0000-0000-0000-000000000000/resourcegroups/cli_subnet_set_test000001?api-version=2016-02-01
  response:
    body: {string: '{"id":"/subscriptions/00000000-0000-0000-0000-000000000000/resourceGroups/cli_subnet_set_test000001","name":"cli_subnet_set_test000001","location":"westus","tags":{"date":"2018-05-15T22:38:23Z","product":"azurecli","cause":"automation"},"properties":{"provisioningState":"Succeeded"}}'}
    headers:
      cache-control: [no-cache]
      content-length: ['384']
      content-type: [application/json; charset=utf-8]
      date: ['Tue, 15 May 2018 22:38:22 GMT']
      expires: ['-1']
      pragma: [no-cache]
      strict-transport-security: [max-age=31536000; includeSubDomains]
      x-content-type-options: [nosniff]
      x-ms-ratelimit-remaining-subscription-writes: ['1196']
    status: {code: 201, message: Created}
- request:
    body: null
    headers:
      Accept: [application/json]
      Accept-Encoding: ['gzip, deflate']
      CommandName: [network vnet create]
      Connection: [keep-alive]
      Content-Type: [application/json; charset=utf-8]
      User-Agent: [python/3.5.2 (Windows-10-10.0.16299-SP0) requests/2.18.4 msrest/0.4.29
          msrest_azure/0.4.29 resourcemanagementclient/1.2.1 Azure-SDK-For-Python
          AZURECLI/2.0.33]
      accept-language: [en-US]
    method: GET
    uri: https://management.azure.com/subscriptions/00000000-0000-0000-0000-000000000000/resourcegroups/cli_subnet_set_test000001?api-version=2016-02-01
  response:
    body: {string: '{"id":"/subscriptions/00000000-0000-0000-0000-000000000000/resourceGroups/cli_subnet_set_test000001","name":"cli_subnet_set_test000001","location":"westus","tags":{"date":"2018-05-15T22:38:23Z","product":"azurecli","cause":"automation"},"properties":{"provisioningState":"Succeeded"}}'}
    headers:
      cache-control: [no-cache]
      content-length: ['384']
      content-type: [application/json; charset=utf-8]
      date: ['Tue, 15 May 2018 22:38:26 GMT']
      expires: ['-1']
      pragma: [no-cache]
      strict-transport-security: [max-age=31536000; includeSubDomains]
      vary: [Accept-Encoding]
      x-content-type-options: [nosniff]
    status: {code: 200, message: OK}
- request:
    body: '{"location": "westus", "tags": {}, "properties": {"dhcpOptions": {}, "subnets":
      [{"name": "default", "properties": {"addressPrefix": "123.0.0.0/24"}}], "addressSpace":
      {"addressPrefixes": ["123.0.0.0/16"]}}}'
    headers:
      Accept: [application/json]
      Accept-Encoding: ['gzip, deflate']
      CommandName: [network vnet create]
      Connection: [keep-alive]
      Content-Length: ['207']
      Content-Type: [application/json; charset=utf-8]
      User-Agent: [python/3.5.2 (Windows-10-10.0.16299-SP0) requests/2.18.4 msrest/0.4.29
          msrest_azure/0.4.29 networkmanagementclient/2.0.0rc2 Azure-SDK-For-Python
          AZURECLI/2.0.33]
      accept-language: [en-US]
    method: PUT
    uri: https://management.azure.com/subscriptions/00000000-0000-0000-0000-000000000000/resourceGroups/cli_subnet_set_test000001/providers/Microsoft.Network/virtualNetworks/vnet1?api-version=2015-06-15
  response:
    body: {string: "{\r\n  \"name\": \"vnet1\",\r\n  \"id\": \"/subscriptions/00000000-0000-0000-0000-000000000000/resourceGroups/cli_subnet_set_test000001/providers/Microsoft.Network/virtualNetworks/vnet1\"\
        ,\r\n  \"etag\": \"W/\\\"c3114790-cf8e-48dc-9e00-1517a0534692\\\"\",\r\n \
        \ \"type\": \"Microsoft.Network/virtualNetworks\",\r\n  \"location\": \"westus\"\
        ,\r\n  \"tags\": {},\r\n  \"properties\": {\r\n    \"provisioningState\":\
        \ \"Updating\",\r\n    \"resourceGuid\": \"4f1fef3c-113e-4695-a941-185e65987db8\"\
        ,\r\n    \"addressSpace\": {\r\n      \"addressPrefixes\": [\r\n        \"\
        123.0.0.0/16\"\r\n      ]\r\n    },\r\n    \"dhcpOptions\": {\r\n      \"\
        dnsServers\": []\r\n    },\r\n    \"subnets\": [\r\n      {\r\n        \"\
        name\": \"default\",\r\n        \"id\": \"/subscriptions/00000000-0000-0000-0000-000000000000/resourceGroups/cli_subnet_set_test000001/providers/Microsoft.Network/virtualNetworks/vnet1/subnets/default\"\
        ,\r\n        \"etag\": \"W/\\\"c3114790-cf8e-48dc-9e00-1517a0534692\\\"\"\
        ,\r\n        \"properties\": {\r\n          \"provisioningState\": \"Updating\"\
        ,\r\n          \"addressPrefix\": \"123.0.0.0/24\"\r\n        }\r\n      }\r\
        \n    ]\r\n  }\r\n}"}
    headers:
      azure-asyncoperation: ['https://management.azure.com/subscriptions/00000000-0000-0000-0000-000000000000/providers/Microsoft.Network/locations/westus/operations/99195106-8610-472c-a9bd-c8dc5360b7b6?api-version=2015-06-15']
      cache-control: [no-cache]
      content-length: ['1127']
      content-type: [application/json; charset=utf-8]
      date: ['Tue, 15 May 2018 22:38:27 GMT']
      expires: ['-1']
      pragma: [no-cache]
      server: [Microsoft-HTTPAPI/2.0, Microsoft-HTTPAPI/2.0]
      strict-transport-security: [max-age=31536000; includeSubDomains]
      x-content-type-options: [nosniff]
      x-ms-ratelimit-remaining-subscription-writes: ['1198']
    status: {code: 201, message: Created}
- request:
    body: null
    headers:
      Accept: [application/json]
      Accept-Encoding: ['gzip, deflate']
      CommandName: [network vnet create]
      Connection: [keep-alive]
      User-Agent: [python/3.5.2 (Windows-10-10.0.16299-SP0) requests/2.18.4 msrest/0.4.29
          msrest_azure/0.4.29 networkmanagementclient/2.0.0rc2 Azure-SDK-For-Python
          AZURECLI/2.0.33]
    method: GET
    uri: https://management.azure.com/subscriptions/00000000-0000-0000-0000-000000000000/providers/Microsoft.Network/locations/westus/operations/99195106-8610-472c-a9bd-c8dc5360b7b6?api-version=2015-06-15
  response:
    body: {string: "{\r\n  \"status\": \"InProgress\"\r\n}"}
    headers:
      cache-control: [no-cache]
      content-length: ['30']
      content-type: [application/json; charset=utf-8]
      date: ['Tue, 15 May 2018 22:38:30 GMT']
      expires: ['-1']
      pragma: [no-cache]
      server: [Microsoft-HTTPAPI/2.0, Microsoft-HTTPAPI/2.0]
      strict-transport-security: [max-age=31536000; includeSubDomains]
      transfer-encoding: [chunked]
      vary: [Accept-Encoding]
      x-content-type-options: [nosniff]
    status: {code: 200, message: OK}
- request:
    body: null
    headers:
      Accept: [application/json]
      Accept-Encoding: ['gzip, deflate']
      CommandName: [network vnet create]
      Connection: [keep-alive]
      User-Agent: [python/3.5.2 (Windows-10-10.0.16299-SP0) requests/2.18.4 msrest/0.4.29
          msrest_azure/0.4.29 networkmanagementclient/2.0.0rc2 Azure-SDK-For-Python
          AZURECLI/2.0.33]
    method: GET
    uri: https://management.azure.com/subscriptions/00000000-0000-0000-0000-000000000000/providers/Microsoft.Network/locations/westus/operations/99195106-8610-472c-a9bd-c8dc5360b7b6?api-version=2015-06-15
  response:
    body: {string: "{\r\n  \"status\": \"Succeeded\"\r\n}"}
    headers:
      cache-control: [no-cache]
      content-length: ['29']
      content-type: [application/json; charset=utf-8]
      date: ['Tue, 15 May 2018 22:38:41 GMT']
      expires: ['-1']
      pragma: [no-cache]
      server: [Microsoft-HTTPAPI/2.0, Microsoft-HTTPAPI/2.0]
      strict-transport-security: [max-age=31536000; includeSubDomains]
      transfer-encoding: [chunked]
      vary: [Accept-Encoding]
      x-content-type-options: [nosniff]
    status: {code: 200, message: OK}
- request:
    body: null
    headers:
      Accept: [application/json]
      Accept-Encoding: ['gzip, deflate']
      CommandName: [network vnet create]
      Connection: [keep-alive]
      User-Agent: [python/3.5.2 (Windows-10-10.0.16299-SP0) requests/2.18.4 msrest/0.4.29
          msrest_azure/0.4.29 networkmanagementclient/2.0.0rc2 Azure-SDK-For-Python
          AZURECLI/2.0.33]
    method: GET
    uri: https://management.azure.com/subscriptions/00000000-0000-0000-0000-000000000000/resourceGroups/cli_subnet_set_test000001/providers/Microsoft.Network/virtualNetworks/vnet1?api-version=2015-06-15
  response:
    body: {string: "{\r\n  \"name\": \"vnet1\",\r\n  \"id\": \"/subscriptions/00000000-0000-0000-0000-000000000000/resourceGroups/cli_subnet_set_test000001/providers/Microsoft.Network/virtualNetworks/vnet1\"\
        ,\r\n  \"etag\": \"W/\\\"b2f7ae18-3376-43fc-b44d-6f441917f21f\\\"\",\r\n \
        \ \"type\": \"Microsoft.Network/virtualNetworks\",\r\n  \"location\": \"westus\"\
        ,\r\n  \"tags\": {},\r\n  \"properties\": {\r\n    \"provisioningState\":\
        \ \"Succeeded\",\r\n    \"resourceGuid\": \"4f1fef3c-113e-4695-a941-185e65987db8\"\
        ,\r\n    \"addressSpace\": {\r\n      \"addressPrefixes\": [\r\n        \"\
        123.0.0.0/16\"\r\n      ]\r\n    },\r\n    \"dhcpOptions\": {\r\n      \"\
        dnsServers\": []\r\n    },\r\n    \"subnets\": [\r\n      {\r\n        \"\
        name\": \"default\",\r\n        \"id\": \"/subscriptions/00000000-0000-0000-0000-000000000000/resourceGroups/cli_subnet_set_test000001/providers/Microsoft.Network/virtualNetworks/vnet1/subnets/default\"\
        ,\r\n        \"etag\": \"W/\\\"b2f7ae18-3376-43fc-b44d-6f441917f21f\\\"\"\
        ,\r\n        \"properties\": {\r\n          \"provisioningState\": \"Succeeded\"\
        ,\r\n          \"addressPrefix\": \"123.0.0.0/24\"\r\n        }\r\n      }\r\
        \n    ]\r\n  }\r\n}"}
    headers:
      cache-control: [no-cache]
      content-length: ['1129']
      content-type: [application/json; charset=utf-8]
      date: ['Tue, 15 May 2018 22:38:41 GMT']
      etag: [W/"b2f7ae18-3376-43fc-b44d-6f441917f21f"]
      expires: ['-1']
      pragma: [no-cache]
      server: [Microsoft-HTTPAPI/2.0, Microsoft-HTTPAPI/2.0]
      strict-transport-security: [max-age=31536000; includeSubDomains]
      transfer-encoding: [chunked]
      vary: [Accept-Encoding]
      x-content-type-options: [nosniff]
    status: {code: 200, message: OK}
- request:
    body: null
    headers:
      Accept: [application/json]
      Accept-Encoding: ['gzip, deflate']
      CommandName: [network nsg create]
      Connection: [keep-alive]
      Content-Type: [application/json; charset=utf-8]
      User-Agent: [python/3.5.2 (Windows-10-10.0.16299-SP0) requests/2.18.4 msrest/0.4.29
          msrest_azure/0.4.29 resourcemanagementclient/1.2.1 Azure-SDK-For-Python
          AZURECLI/2.0.33]
      accept-language: [en-US]
    method: GET
    uri: https://management.azure.com/subscriptions/00000000-0000-0000-0000-000000000000/resourcegroups/cli_subnet_set_test000001?api-version=2016-02-01
  response:
    body: {string: '{"id":"/subscriptions/00000000-0000-0000-0000-000000000000/resourceGroups/cli_subnet_set_test000001","name":"cli_subnet_set_test000001","location":"westus","tags":{"date":"2018-05-15T22:38:23Z","product":"azurecli","cause":"automation"},"properties":{"provisioningState":"Succeeded"}}'}
    headers:
      cache-control: [no-cache]
      content-length: ['384']
      content-type: [application/json; charset=utf-8]
      date: ['Tue, 15 May 2018 22:38:40 GMT']
      expires: ['-1']
      pragma: [no-cache]
      strict-transport-security: [max-age=31536000; includeSubDomains]
      vary: [Accept-Encoding]
      x-content-type-options: [nosniff]
    status: {code: 200, message: OK}
- request:
    body: '{"location": "westus"}'
    headers:
      Accept: [application/json]
      Accept-Encoding: ['gzip, deflate']
      CommandName: [network nsg create]
      Connection: [keep-alive]
      Content-Length: ['22']
      Content-Type: [application/json; charset=utf-8]
      User-Agent: [python/3.5.2 (Windows-10-10.0.16299-SP0) requests/2.18.4 msrest/0.4.29
          msrest_azure/0.4.29 networkmanagementclient/2.0.0rc2 Azure-SDK-For-Python
          AZURECLI/2.0.33]
      accept-language: [en-US]
    method: PUT
    uri: https://management.azure.com/subscriptions/00000000-0000-0000-0000-000000000000/resourceGroups/cli_subnet_set_test000001/providers/Microsoft.Network/networkSecurityGroups/test-vnet-nsg?api-version=2015-06-15
  response:
    body: {string: "{\r\n  \"name\": \"test-vnet-nsg\",\r\n  \"id\": \"/subscriptions/00000000-0000-0000-0000-000000000000/resourceGroups/cli_subnet_set_test000001/providers/Microsoft.Network/networkSecurityGroups/test-vnet-nsg\"\
        ,\r\n  \"etag\": \"W/\\\"f2cceda2-d5ce-4366-b0a5-ac93cef298f5\\\"\",\r\n \
        \ \"type\": \"Microsoft.Network/networkSecurityGroups\",\r\n  \"location\"\
        : \"westus\",\r\n  \"properties\": {\r\n    \"provisioningState\": \"Updating\"\
        ,\r\n    \"resourceGuid\": \"3eb6c317-7af0-42ca-914d-f0d75acc7baa\",\r\n \
        \   \"securityRules\": [],\r\n    \"defaultSecurityRules\": [\r\n      {\r\
        \n        \"name\": \"AllowVnetInBound\",\r\n        \"id\": \"/subscriptions/00000000-0000-0000-0000-000000000000/resourceGroups/cli_subnet_set_test000001/providers/Microsoft.Network/networkSecurityGroups/test-vnet-nsg/defaultSecurityRules/AllowVnetInBound\"\
        ,\r\n        \"etag\": \"W/\\\"f2cceda2-d5ce-4366-b0a5-ac93cef298f5\\\"\"\
        ,\r\n        \"properties\": {\r\n          \"provisioningState\": \"Updating\"\
        ,\r\n          \"description\": \"Allow inbound traffic from all VMs in VNET\"\
        ,\r\n          \"protocol\": \"*\",\r\n          \"sourcePortRange\": \"*\"\
        ,\r\n          \"destinationPortRange\": \"*\",\r\n          \"sourceAddressPrefix\"\
        : \"VirtualNetwork\",\r\n          \"destinationAddressPrefix\": \"VirtualNetwork\"\
        ,\r\n          \"access\": \"Allow\",\r\n          \"priority\": 65000,\r\n\
        \          \"direction\": \"Inbound\"\r\n        }\r\n      },\r\n      {\r\
        \n        \"name\": \"AllowAzureLoadBalancerInBound\",\r\n        \"id\":\
        \ \"/subscriptions/00000000-0000-0000-0000-000000000000/resourceGroups/cli_subnet_set_test000001/providers/Microsoft.Network/networkSecurityGroups/test-vnet-nsg/defaultSecurityRules/AllowAzureLoadBalancerInBound\"\
        ,\r\n        \"etag\": \"W/\\\"f2cceda2-d5ce-4366-b0a5-ac93cef298f5\\\"\"\
        ,\r\n        \"properties\": {\r\n          \"provisioningState\": \"Updating\"\
        ,\r\n          \"description\": \"Allow inbound traffic from azure load balancer\"\
        ,\r\n          \"protocol\": \"*\",\r\n          \"sourcePortRange\": \"*\"\
        ,\r\n          \"destinationPortRange\": \"*\",\r\n          \"sourceAddressPrefix\"\
        : \"AzureLoadBalancer\",\r\n          \"destinationAddressPrefix\": \"*\"\
        ,\r\n          \"access\": \"Allow\",\r\n          \"priority\": 65001,\r\n\
        \          \"direction\": \"Inbound\"\r\n        }\r\n      },\r\n      {\r\
        \n        \"name\": \"DenyAllInBound\",\r\n        \"id\": \"/subscriptions/00000000-0000-0000-0000-000000000000/resourceGroups/cli_subnet_set_test000001/providers/Microsoft.Network/networkSecurityGroups/test-vnet-nsg/defaultSecurityRules/DenyAllInBound\"\
        ,\r\n        \"etag\": \"W/\\\"f2cceda2-d5ce-4366-b0a5-ac93cef298f5\\\"\"\
        ,\r\n        \"properties\": {\r\n          \"provisioningState\": \"Updating\"\
        ,\r\n          \"description\": \"Deny all inbound traffic\",\r\n        \
        \  \"protocol\": \"*\",\r\n          \"sourcePortRange\": \"*\",\r\n     \
        \     \"destinationPortRange\": \"*\",\r\n          \"sourceAddressPrefix\"\
        : \"*\",\r\n          \"destinationAddressPrefix\": \"*\",\r\n          \"\
        access\": \"Deny\",\r\n          \"priority\": 65500,\r\n          \"direction\"\
        : \"Inbound\"\r\n        }\r\n      },\r\n      {\r\n        \"name\": \"\
        AllowVnetOutBound\",\r\n        \"id\": \"/subscriptions/00000000-0000-0000-0000-000000000000/resourceGroups/cli_subnet_set_test000001/providers/Microsoft.Network/networkSecurityGroups/test-vnet-nsg/defaultSecurityRules/AllowVnetOutBound\"\
        ,\r\n        \"etag\": \"W/\\\"f2cceda2-d5ce-4366-b0a5-ac93cef298f5\\\"\"\
        ,\r\n        \"properties\": {\r\n          \"provisioningState\": \"Updating\"\
        ,\r\n          \"description\": \"Allow outbound traffic from all VMs to all\
        \ VMs in VNET\",\r\n          \"protocol\": \"*\",\r\n          \"sourcePortRange\"\
        : \"*\",\r\n          \"destinationPortRange\": \"*\",\r\n          \"sourceAddressPrefix\"\
        : \"VirtualNetwork\",\r\n          \"destinationAddressPrefix\": \"VirtualNetwork\"\
        ,\r\n          \"access\": \"Allow\",\r\n          \"priority\": 65000,\r\n\
        \          \"direction\": \"Outbound\"\r\n        }\r\n      },\r\n      {\r\
        \n        \"name\": \"AllowInternetOutBound\",\r\n        \"id\": \"/subscriptions/00000000-0000-0000-0000-000000000000/resourceGroups/cli_subnet_set_test000001/providers/Microsoft.Network/networkSecurityGroups/test-vnet-nsg/defaultSecurityRules/AllowInternetOutBound\"\
        ,\r\n        \"etag\": \"W/\\\"f2cceda2-d5ce-4366-b0a5-ac93cef298f5\\\"\"\
        ,\r\n        \"properties\": {\r\n          \"provisioningState\": \"Updating\"\
        ,\r\n          \"description\": \"Allow outbound traffic from all VMs to Internet\"\
        ,\r\n          \"protocol\": \"*\",\r\n          \"sourcePortRange\": \"*\"\
        ,\r\n          \"destinationPortRange\": \"*\",\r\n          \"sourceAddressPrefix\"\
        : \"*\",\r\n          \"destinationAddressPrefix\": \"Internet\",\r\n    \
        \      \"access\": \"Allow\",\r\n          \"priority\": 65001,\r\n      \
        \    \"direction\": \"Outbound\"\r\n        }\r\n      },\r\n      {\r\n \
        \       \"name\": \"DenyAllOutBound\",\r\n        \"id\": \"/subscriptions/00000000-0000-0000-0000-000000000000/resourceGroups/cli_subnet_set_test000001/providers/Microsoft.Network/networkSecurityGroups/test-vnet-nsg/defaultSecurityRules/DenyAllOutBound\"\
        ,\r\n        \"etag\": \"W/\\\"f2cceda2-d5ce-4366-b0a5-ac93cef298f5\\\"\"\
        ,\r\n        \"properties\": {\r\n          \"provisioningState\": \"Updating\"\
        ,\r\n          \"description\": \"Deny all outbound traffic\",\r\n       \
        \   \"protocol\": \"*\",\r\n          \"sourcePortRange\": \"*\",\r\n    \
        \      \"destinationPortRange\": \"*\",\r\n          \"sourceAddressPrefix\"\
        : \"*\",\r\n          \"destinationAddressPrefix\": \"*\",\r\n          \"\
        access\": \"Deny\",\r\n          \"priority\": 65500,\r\n          \"direction\"\
        : \"Outbound\"\r\n        }\r\n      }\r\n    ]\r\n  }\r\n}"}
    headers:
      azure-asyncoperation: ['https://management.azure.com/subscriptions/00000000-0000-0000-0000-000000000000/providers/Microsoft.Network/locations/westus/operations/f9e003dc-f785-46ad-9c41-e289bd19743b?api-version=2015-06-15']
      cache-control: [no-cache]
      content-length: ['5551']
      content-type: [application/json; charset=utf-8]
      date: ['Tue, 15 May 2018 22:38:42 GMT']
      expires: ['-1']
      pragma: [no-cache]
      server: [Microsoft-HTTPAPI/2.0, Microsoft-HTTPAPI/2.0]
      strict-transport-security: [max-age=31536000; includeSubDomains]
      x-content-type-options: [nosniff]
      x-ms-ratelimit-remaining-subscription-writes: ['1198']
    status: {code: 201, message: Created}
- request:
    body: null
    headers:
      Accept: [application/json]
      Accept-Encoding: ['gzip, deflate']
      CommandName: [network nsg create]
      Connection: [keep-alive]
      User-Agent: [python/3.5.2 (Windows-10-10.0.16299-SP0) requests/2.18.4 msrest/0.4.29
          msrest_azure/0.4.29 networkmanagementclient/2.0.0rc2 Azure-SDK-For-Python
          AZURECLI/2.0.33]
    method: GET
    uri: https://management.azure.com/subscriptions/00000000-0000-0000-0000-000000000000/providers/Microsoft.Network/locations/westus/operations/f9e003dc-f785-46ad-9c41-e289bd19743b?api-version=2015-06-15
  response:
    body: {string: "{\r\n  \"status\": \"Succeeded\"\r\n}"}
    headers:
      cache-control: [no-cache]
      content-length: ['29']
      content-type: [application/json; charset=utf-8]
      date: ['Tue, 15 May 2018 22:38:52 GMT']
      expires: ['-1']
      pragma: [no-cache]
      server: [Microsoft-HTTPAPI/2.0, Microsoft-HTTPAPI/2.0]
      strict-transport-security: [max-age=31536000; includeSubDomains]
      transfer-encoding: [chunked]
      vary: [Accept-Encoding]
      x-content-type-options: [nosniff]
    status: {code: 200, message: OK}
- request:
    body: null
    headers:
      Accept: [application/json]
      Accept-Encoding: ['gzip, deflate']
      CommandName: [network nsg create]
      Connection: [keep-alive]
      User-Agent: [python/3.5.2 (Windows-10-10.0.16299-SP0) requests/2.18.4 msrest/0.4.29
          msrest_azure/0.4.29 networkmanagementclient/2.0.0rc2 Azure-SDK-For-Python
          AZURECLI/2.0.33]
    method: GET
    uri: https://management.azure.com/subscriptions/00000000-0000-0000-0000-000000000000/resourceGroups/cli_subnet_set_test000001/providers/Microsoft.Network/networkSecurityGroups/test-vnet-nsg?api-version=2015-06-15
  response:
    body: {string: "{\r\n  \"name\": \"test-vnet-nsg\",\r\n  \"id\": \"/subscriptions/00000000-0000-0000-0000-000000000000/resourceGroups/cli_subnet_set_test000001/providers/Microsoft.Network/networkSecurityGroups/test-vnet-nsg\"\
        ,\r\n  \"etag\": \"W/\\\"8ae173c6-18ff-4fa0-952f-f455fc0104ea\\\"\",\r\n \
        \ \"type\": \"Microsoft.Network/networkSecurityGroups\",\r\n  \"location\"\
        : \"westus\",\r\n  \"properties\": {\r\n    \"provisioningState\": \"Succeeded\"\
        ,\r\n    \"resourceGuid\": \"3eb6c317-7af0-42ca-914d-f0d75acc7baa\",\r\n \
        \   \"securityRules\": [],\r\n    \"defaultSecurityRules\": [\r\n      {\r\
        \n        \"name\": \"AllowVnetInBound\",\r\n        \"id\": \"/subscriptions/00000000-0000-0000-0000-000000000000/resourceGroups/cli_subnet_set_test000001/providers/Microsoft.Network/networkSecurityGroups/test-vnet-nsg/defaultSecurityRules/AllowVnetInBound\"\
        ,\r\n        \"etag\": \"W/\\\"8ae173c6-18ff-4fa0-952f-f455fc0104ea\\\"\"\
        ,\r\n        \"properties\": {\r\n          \"provisioningState\": \"Succeeded\"\
        ,\r\n          \"description\": \"Allow inbound traffic from all VMs in VNET\"\
        ,\r\n          \"protocol\": \"*\",\r\n          \"sourcePortRange\": \"*\"\
        ,\r\n          \"destinationPortRange\": \"*\",\r\n          \"sourceAddressPrefix\"\
        : \"VirtualNetwork\",\r\n          \"destinationAddressPrefix\": \"VirtualNetwork\"\
        ,\r\n          \"access\": \"Allow\",\r\n          \"priority\": 65000,\r\n\
        \          \"direction\": \"Inbound\"\r\n        }\r\n      },\r\n      {\r\
        \n        \"name\": \"AllowAzureLoadBalancerInBound\",\r\n        \"id\":\
        \ \"/subscriptions/00000000-0000-0000-0000-000000000000/resourceGroups/cli_subnet_set_test000001/providers/Microsoft.Network/networkSecurityGroups/test-vnet-nsg/defaultSecurityRules/AllowAzureLoadBalancerInBound\"\
        ,\r\n        \"etag\": \"W/\\\"8ae173c6-18ff-4fa0-952f-f455fc0104ea\\\"\"\
        ,\r\n        \"properties\": {\r\n          \"provisioningState\": \"Succeeded\"\
        ,\r\n          \"description\": \"Allow inbound traffic from azure load balancer\"\
        ,\r\n          \"protocol\": \"*\",\r\n          \"sourcePortRange\": \"*\"\
        ,\r\n          \"destinationPortRange\": \"*\",\r\n          \"sourceAddressPrefix\"\
        : \"AzureLoadBalancer\",\r\n          \"destinationAddressPrefix\": \"*\"\
        ,\r\n          \"access\": \"Allow\",\r\n          \"priority\": 65001,\r\n\
        \          \"direction\": \"Inbound\"\r\n        }\r\n      },\r\n      {\r\
        \n        \"name\": \"DenyAllInBound\",\r\n        \"id\": \"/subscriptions/00000000-0000-0000-0000-000000000000/resourceGroups/cli_subnet_set_test000001/providers/Microsoft.Network/networkSecurityGroups/test-vnet-nsg/defaultSecurityRules/DenyAllInBound\"\
        ,\r\n        \"etag\": \"W/\\\"8ae173c6-18ff-4fa0-952f-f455fc0104ea\\\"\"\
        ,\r\n        \"properties\": {\r\n          \"provisioningState\": \"Succeeded\"\
        ,\r\n          \"description\": \"Deny all inbound traffic\",\r\n        \
        \  \"protocol\": \"*\",\r\n          \"sourcePortRange\": \"*\",\r\n     \
        \     \"destinationPortRange\": \"*\",\r\n          \"sourceAddressPrefix\"\
        : \"*\",\r\n          \"destinationAddressPrefix\": \"*\",\r\n          \"\
        access\": \"Deny\",\r\n          \"priority\": 65500,\r\n          \"direction\"\
        : \"Inbound\"\r\n        }\r\n      },\r\n      {\r\n        \"name\": \"\
        AllowVnetOutBound\",\r\n        \"id\": \"/subscriptions/00000000-0000-0000-0000-000000000000/resourceGroups/cli_subnet_set_test000001/providers/Microsoft.Network/networkSecurityGroups/test-vnet-nsg/defaultSecurityRules/AllowVnetOutBound\"\
        ,\r\n        \"etag\": \"W/\\\"8ae173c6-18ff-4fa0-952f-f455fc0104ea\\\"\"\
        ,\r\n        \"properties\": {\r\n          \"provisioningState\": \"Succeeded\"\
        ,\r\n          \"description\": \"Allow outbound traffic from all VMs to all\
        \ VMs in VNET\",\r\n          \"protocol\": \"*\",\r\n          \"sourcePortRange\"\
        : \"*\",\r\n          \"destinationPortRange\": \"*\",\r\n          \"sourceAddressPrefix\"\
        : \"VirtualNetwork\",\r\n          \"destinationAddressPrefix\": \"VirtualNetwork\"\
        ,\r\n          \"access\": \"Allow\",\r\n          \"priority\": 65000,\r\n\
        \          \"direction\": \"Outbound\"\r\n        }\r\n      },\r\n      {\r\
        \n        \"name\": \"AllowInternetOutBound\",\r\n        \"id\": \"/subscriptions/00000000-0000-0000-0000-000000000000/resourceGroups/cli_subnet_set_test000001/providers/Microsoft.Network/networkSecurityGroups/test-vnet-nsg/defaultSecurityRules/AllowInternetOutBound\"\
        ,\r\n        \"etag\": \"W/\\\"8ae173c6-18ff-4fa0-952f-f455fc0104ea\\\"\"\
        ,\r\n        \"properties\": {\r\n          \"provisioningState\": \"Succeeded\"\
        ,\r\n          \"description\": \"Allow outbound traffic from all VMs to Internet\"\
        ,\r\n          \"protocol\": \"*\",\r\n          \"sourcePortRange\": \"*\"\
        ,\r\n          \"destinationPortRange\": \"*\",\r\n          \"sourceAddressPrefix\"\
        : \"*\",\r\n          \"destinationAddressPrefix\": \"Internet\",\r\n    \
        \      \"access\": \"Allow\",\r\n          \"priority\": 65001,\r\n      \
        \    \"direction\": \"Outbound\"\r\n        }\r\n      },\r\n      {\r\n \
        \       \"name\": \"DenyAllOutBound\",\r\n        \"id\": \"/subscriptions/00000000-0000-0000-0000-000000000000/resourceGroups/cli_subnet_set_test000001/providers/Microsoft.Network/networkSecurityGroups/test-vnet-nsg/defaultSecurityRules/DenyAllOutBound\"\
        ,\r\n        \"etag\": \"W/\\\"8ae173c6-18ff-4fa0-952f-f455fc0104ea\\\"\"\
        ,\r\n        \"properties\": {\r\n          \"provisioningState\": \"Succeeded\"\
        ,\r\n          \"description\": \"Deny all outbound traffic\",\r\n       \
        \   \"protocol\": \"*\",\r\n          \"sourcePortRange\": \"*\",\r\n    \
        \      \"destinationPortRange\": \"*\",\r\n          \"sourceAddressPrefix\"\
        : \"*\",\r\n          \"destinationAddressPrefix\": \"*\",\r\n          \"\
        access\": \"Deny\",\r\n          \"priority\": 65500,\r\n          \"direction\"\
        : \"Outbound\"\r\n        }\r\n      }\r\n    ]\r\n  }\r\n}"}
    headers:
      cache-control: [no-cache]
      content-length: ['5558']
      content-type: [application/json; charset=utf-8]
      date: ['Tue, 15 May 2018 22:38:52 GMT']
      etag: [W/"8ae173c6-18ff-4fa0-952f-f455fc0104ea"]
      expires: ['-1']
      pragma: [no-cache]
      server: [Microsoft-HTTPAPI/2.0, Microsoft-HTTPAPI/2.0]
      strict-transport-security: [max-age=31536000; includeSubDomains]
      transfer-encoding: [chunked]
      vary: [Accept-Encoding]
      x-content-type-options: [nosniff]
    status: {code: 200, message: OK}
- request:
    body: null
    headers:
      Accept: [application/json]
      Accept-Encoding: ['gzip, deflate']
      CommandName: [network vnet subnet update]
      Connection: [keep-alive]
      Content-Type: [application/json; charset=utf-8]
      User-Agent: [python/3.5.2 (Windows-10-10.0.16299-SP0) requests/2.18.4 msrest/0.4.29
          msrest_azure/0.4.29 networkmanagementclient/2.0.0rc2 Azure-SDK-For-Python
          AZURECLI/2.0.33]
      accept-language: [en-US]
    method: GET
    uri: https://management.azure.com/subscriptions/00000000-0000-0000-0000-000000000000/resourceGroups/cli_subnet_set_test000001/providers/Microsoft.Network/virtualnetworks/vnet1/subnets/default?api-version=2015-06-15
  response:
    body: {string: "{\r\n  \"name\": \"default\",\r\n  \"id\": \"/subscriptions/00000000-0000-0000-0000-000000000000/resourceGroups/cli_subnet_set_test000001/providers/Microsoft.Network/virtualNetworks/vnet1/subnets/default\"\
        ,\r\n  \"etag\": \"W/\\\"b2f7ae18-3376-43fc-b44d-6f441917f21f\\\"\",\r\n \
        \ \"properties\": {\r\n    \"provisioningState\": \"Succeeded\",\r\n    \"\
        addressPrefix\": \"123.0.0.0/24\"\r\n  }\r\n}"}
    headers:
      cache-control: [no-cache]
      content-length: ['404']
      content-type: [application/json; charset=utf-8]
      date: ['Tue, 15 May 2018 22:38:53 GMT']
      etag: [W/"b2f7ae18-3376-43fc-b44d-6f441917f21f"]
      expires: ['-1']
      pragma: [no-cache]
      server: [Microsoft-HTTPAPI/2.0, Microsoft-HTTPAPI/2.0]
      strict-transport-security: [max-age=31536000; includeSubDomains]
      transfer-encoding: [chunked]
      vary: [Accept-Encoding]
      x-content-type-options: [nosniff]
    status: {code: 200, message: OK}
- request:
    body: 'b''{"name": "default", "properties": {"networkSecurityGroup": {"id": "/subscriptions/00000000-0000-0000-0000-000000000000/resourceGroups/cli_subnet_set_test000001/providers/Microsoft.Network/networkSecurityGroups/test-vnet-nsg"},
      "provisioningState": "Succeeded", "addressPrefix": "123.0.5.0/24"}, "etag":
      "W/\\"b2f7ae18-3376-43fc-b44d-6f441917f21f\\"", "id": "/subscriptions/00000000-0000-0000-0000-000000000000/resourceGroups/cli_subnet_set_test000001/providers/Microsoft.Network/virtualNetworks/vnet1/subnets/default"}'''
    headers:
      Accept: [application/json]
      Accept-Encoding: ['gzip, deflate']
      CommandName: [network vnet subnet update]
      Connection: [keep-alive]
      Content-Length: ['616']
      Content-Type: [application/json; charset=utf-8]
      User-Agent: [python/3.5.2 (Windows-10-10.0.16299-SP0) requests/2.18.4 msrest/0.4.29
          msrest_azure/0.4.29 networkmanagementclient/2.0.0rc2 Azure-SDK-For-Python
          AZURECLI/2.0.33]
      accept-language: [en-US]
    method: PUT
    uri: https://management.azure.com/subscriptions/00000000-0000-0000-0000-000000000000/resourceGroups/cli_subnet_set_test000001/providers/Microsoft.Network/virtualnetworks/vnet1/subnets/default?api-version=2015-06-15
  response:
    body: {string: "{\r\n  \"name\": \"default\",\r\n  \"id\": \"/subscriptions/00000000-0000-0000-0000-000000000000/resourceGroups/cli_subnet_set_test000001/providers/Microsoft.Network/virtualNetworks/vnet1/subnets/default\"\
        ,\r\n  \"etag\": \"W/\\\"be8c0d70-8efc-4bd9-8402-958c203b9027\\\"\",\r\n \
        \ \"properties\": {\r\n    \"provisioningState\": \"Updating\",\r\n    \"\
        addressPrefix\": \"123.0.5.0/24\",\r\n    \"networkSecurityGroup\": {\r\n\
        \      \"id\": \"/subscriptions/00000000-0000-0000-0000-000000000000/resourceGroups/cli_subnet_set_test000001/providers/Microsoft.Network/networkSecurityGroups/test-vnet-nsg\"\
        \r\n    }\r\n  }\r\n}"}
    headers:
      azure-asyncoperation: ['https://management.azure.com/subscriptions/00000000-0000-0000-0000-000000000000/providers/Microsoft.Network/locations/westus/operations/75f93255-3ceb-4658-8433-c6410cda7b61?api-version=2015-06-15']
      cache-control: [no-cache]
      content-length: ['664']
      content-type: [application/json; charset=utf-8]
      date: ['Tue, 15 May 2018 22:38:53 GMT']
      expires: ['-1']
      pragma: [no-cache]
      server: [Microsoft-HTTPAPI/2.0, Microsoft-HTTPAPI/2.0]
      strict-transport-security: [max-age=31536000; includeSubDomains]
      transfer-encoding: [chunked]
      vary: [Accept-Encoding]
      x-content-type-options: [nosniff]
      x-ms-ratelimit-remaining-subscription-writes: ['1199']
    status: {code: 200, message: OK}
- request:
    body: null
    headers:
      Accept: [application/json]
      Accept-Encoding: ['gzip, deflate']
      CommandName: [network vnet subnet update]
      Connection: [keep-alive]
      User-Agent: [python/3.5.2 (Windows-10-10.0.16299-SP0) requests/2.18.4 msrest/0.4.29
          msrest_azure/0.4.29 networkmanagementclient/2.0.0rc2 Azure-SDK-For-Python
          AZURECLI/2.0.33]
    method: GET
    uri: https://management.azure.com/subscriptions/00000000-0000-0000-0000-000000000000/providers/Microsoft.Network/locations/westus/operations/75f93255-3ceb-4658-8433-c6410cda7b61?api-version=2015-06-15
  response:
    body: {string: "{\r\n  \"status\": \"Succeeded\"\r\n}"}
    headers:
      cache-control: [no-cache]
      content-length: ['29']
      content-type: [application/json; charset=utf-8]
      date: ['Tue, 15 May 2018 22:38:56 GMT']
      expires: ['-1']
      pragma: [no-cache]
      server: [Microsoft-HTTPAPI/2.0, Microsoft-HTTPAPI/2.0]
      strict-transport-security: [max-age=31536000; includeSubDomains]
      transfer-encoding: [chunked]
      vary: [Accept-Encoding]
      x-content-type-options: [nosniff]
    status: {code: 200, message: OK}
- request:
    body: null
    headers:
      Accept: [application/json]
      Accept-Encoding: ['gzip, deflate']
      CommandName: [network vnet subnet update]
      Connection: [keep-alive]
      User-Agent: [python/3.5.2 (Windows-10-10.0.16299-SP0) requests/2.18.4 msrest/0.4.29
          msrest_azure/0.4.29 networkmanagementclient/2.0.0rc2 Azure-SDK-For-Python
          AZURECLI/2.0.33]
    method: GET
    uri: https://management.azure.com/subscriptions/00000000-0000-0000-0000-000000000000/resourceGroups/cli_subnet_set_test000001/providers/Microsoft.Network/virtualnetworks/vnet1/subnets/default?api-version=2015-06-15
  response:
    body: {string: "{\r\n  \"name\": \"default\",\r\n  \"id\": \"/subscriptions/00000000-0000-0000-0000-000000000000/resourceGroups/cli_subnet_set_test000001/providers/Microsoft.Network/virtualNetworks/vnet1/subnets/default\"\
        ,\r\n  \"etag\": \"W/\\\"be217433-43cf-41f6-a54b-dd8cbd96b466\\\"\",\r\n \
        \ \"properties\": {\r\n    \"provisioningState\": \"Succeeded\",\r\n    \"\
        addressPrefix\": \"123.0.5.0/24\",\r\n    \"networkSecurityGroup\": {\r\n\
        \      \"id\": \"/subscriptions/00000000-0000-0000-0000-000000000000/resourceGroups/cli_subnet_set_test000001/providers/Microsoft.Network/networkSecurityGroups/test-vnet-nsg\"\
        \r\n    }\r\n  }\r\n}"}
    headers:
      cache-control: [no-cache]
      content-length: ['665']
      content-type: [application/json; charset=utf-8]
      date: ['Tue, 15 May 2018 22:38:56 GMT']
      etag: [W/"be217433-43cf-41f6-a54b-dd8cbd96b466"]
      expires: ['-1']
      pragma: [no-cache]
      server: [Microsoft-HTTPAPI/2.0, Microsoft-HTTPAPI/2.0]
      strict-transport-security: [max-age=31536000; includeSubDomains]
      transfer-encoding: [chunked]
      vary: [Accept-Encoding]
      x-content-type-options: [nosniff]
    status: {code: 200, message: OK}
- request:
    body: null
    headers:
      Accept: [application/json]
      Accept-Encoding: ['gzip, deflate']
      CommandName: [network vnet subnet update]
      Connection: [keep-alive]
      Content-Type: [application/json; charset=utf-8]
      User-Agent: [python/3.5.2 (Windows-10-10.0.16299-SP0) requests/2.18.4 msrest/0.4.29
          msrest_azure/0.4.29 networkmanagementclient/2.0.0rc2 Azure-SDK-For-Python
          AZURECLI/2.0.33]
      accept-language: [en-US]
    method: GET
    uri: https://management.azure.com/subscriptions/00000000-0000-0000-0000-000000000000/resourceGroups/cli_subnet_set_test000001/providers/Microsoft.Network/virtualnetworks/vnet1/subnets/default?api-version=2015-06-15
  response:
    body: {string: "{\r\n  \"name\": \"default\",\r\n  \"id\": \"/subscriptions/00000000-0000-0000-0000-000000000000/resourceGroups/cli_subnet_set_test000001/providers/Microsoft.Network/virtualNetworks/vnet1/subnets/default\"\
        ,\r\n  \"etag\": \"W/\\\"be217433-43cf-41f6-a54b-dd8cbd96b466\\\"\",\r\n \
        \ \"properties\": {\r\n    \"provisioningState\": \"Succeeded\",\r\n    \"\
        addressPrefix\": \"123.0.5.0/24\",\r\n    \"networkSecurityGroup\": {\r\n\
        \      \"id\": \"/subscriptions/00000000-0000-0000-0000-000000000000/resourceGroups/cli_subnet_set_test000001/providers/Microsoft.Network/networkSecurityGroups/test-vnet-nsg\"\
        \r\n    }\r\n  }\r\n}"}
    headers:
      cache-control: [no-cache]
      content-length: ['665']
      content-type: [application/json; charset=utf-8]
      date: ['Tue, 15 May 2018 22:38:58 GMT']
      etag: [W/"be217433-43cf-41f6-a54b-dd8cbd96b466"]
      expires: ['-1']
      pragma: [no-cache]
      server: [Microsoft-HTTPAPI/2.0, Microsoft-HTTPAPI/2.0]
      strict-transport-security: [max-age=31536000; includeSubDomains]
      transfer-encoding: [chunked]
      vary: [Accept-Encoding]
      x-content-type-options: [nosniff]
    status: {code: 200, message: OK}
- request:
    body: 'b''{"name": "default", "properties": {"networkSecurityGroup": {"id": "/subscriptions/00000000-0000-0000-0000-000000000000/resourceGroups/cli_subnet_set_test000001/providers/Microsoft.Network/networkSecurityGroups/test-vnet-nsg"},
      "provisioningState": "Succeeded", "addressPrefix": "123.0.0.0/24"}, "etag":
      "W/\\"be217433-43cf-41f6-a54b-dd8cbd96b466\\"", "id": "/subscriptions/00000000-0000-0000-0000-000000000000/resourceGroups/cli_subnet_set_test000001/providers/Microsoft.Network/virtualNetworks/vnet1/subnets/default"}'''
    headers:
      Accept: [application/json]
      Accept-Encoding: ['gzip, deflate']
      CommandName: [network vnet subnet update]
      Connection: [keep-alive]
      Content-Length: ['616']
      Content-Type: [application/json; charset=utf-8]
      User-Agent: [python/3.5.2 (Windows-10-10.0.16299-SP0) requests/2.18.4 msrest/0.4.29
          msrest_azure/0.4.29 networkmanagementclient/2.0.0rc2 Azure-SDK-For-Python
          AZURECLI/2.0.33]
      accept-language: [en-US]
    method: PUT
    uri: https://management.azure.com/subscriptions/00000000-0000-0000-0000-000000000000/resourceGroups/cli_subnet_set_test000001/providers/Microsoft.Network/virtualnetworks/vnet1/subnets/default?api-version=2015-06-15
  response:
    body: {string: "{\r\n  \"name\": \"default\",\r\n  \"id\": \"/subscriptions/00000000-0000-0000-0000-000000000000/resourceGroups/cli_subnet_set_test000001/providers/Microsoft.Network/virtualNetworks/vnet1/subnets/default\"\
        ,\r\n  \"etag\": \"W/\\\"9815cf2f-dd63-4157-813d-f5b7001b82b4\\\"\",\r\n \
        \ \"properties\": {\r\n    \"provisioningState\": \"Updating\",\r\n    \"\
        addressPrefix\": \"123.0.0.0/24\",\r\n    \"networkSecurityGroup\": {\r\n\
        \      \"id\": \"/subscriptions/00000000-0000-0000-0000-000000000000/resourceGroups/cli_subnet_set_test000001/providers/Microsoft.Network/networkSecurityGroups/test-vnet-nsg\"\
        \r\n    }\r\n  }\r\n}"}
    headers:
      azure-asyncoperation: ['https://management.azure.com/subscriptions/00000000-0000-0000-0000-000000000000/providers/Microsoft.Network/locations/westus/operations/b21c1477-4276-4bb1-baef-7be52b2f9598?api-version=2015-06-15']
      cache-control: [no-cache]
      content-length: ['664']
      content-type: [application/json; charset=utf-8]
      date: ['Tue, 15 May 2018 22:38:58 GMT']
      expires: ['-1']
      pragma: [no-cache]
      server: [Microsoft-HTTPAPI/2.0, Microsoft-HTTPAPI/2.0]
      strict-transport-security: [max-age=31536000; includeSubDomains]
      transfer-encoding: [chunked]
      vary: [Accept-Encoding]
      x-content-type-options: [nosniff]
      x-ms-ratelimit-remaining-subscription-writes: ['1197']
    status: {code: 200, message: OK}
- request:
    body: null
    headers:
      Accept: [application/json]
      Accept-Encoding: ['gzip, deflate']
      CommandName: [network vnet subnet update]
      Connection: [keep-alive]
      User-Agent: [python/3.5.2 (Windows-10-10.0.16299-SP0) requests/2.18.4 msrest/0.4.29
          msrest_azure/0.4.29 networkmanagementclient/2.0.0rc2 Azure-SDK-For-Python
          AZURECLI/2.0.33]
    method: GET
    uri: https://management.azure.com/subscriptions/00000000-0000-0000-0000-000000000000/providers/Microsoft.Network/locations/westus/operations/b21c1477-4276-4bb1-baef-7be52b2f9598?api-version=2015-06-15
  response:
    body: {string: "{\r\n  \"status\": \"Succeeded\"\r\n}"}
    headers:
      cache-control: [no-cache]
      content-length: ['29']
      content-type: [application/json; charset=utf-8]
      date: ['Tue, 15 May 2018 22:39:00 GMT']
      expires: ['-1']
      pragma: [no-cache]
      server: [Microsoft-HTTPAPI/2.0, Microsoft-HTTPAPI/2.0]
      strict-transport-security: [max-age=31536000; includeSubDomains]
      transfer-encoding: [chunked]
      vary: [Accept-Encoding]
      x-content-type-options: [nosniff]
    status: {code: 200, message: OK}
- request:
    body: null
    headers:
      Accept: [application/json]
      Accept-Encoding: ['gzip, deflate']
      CommandName: [network vnet subnet update]
      Connection: [keep-alive]
      User-Agent: [python/3.5.2 (Windows-10-10.0.16299-SP0) requests/2.18.4 msrest/0.4.29
          msrest_azure/0.4.29 networkmanagementclient/2.0.0rc2 Azure-SDK-For-Python
          AZURECLI/2.0.33]
    method: GET
    uri: https://management.azure.com/subscriptions/00000000-0000-0000-0000-000000000000/resourceGroups/cli_subnet_set_test000001/providers/Microsoft.Network/virtualnetworks/vnet1/subnets/default?api-version=2015-06-15
  response:
    body: {string: "{\r\n  \"name\": \"default\",\r\n  \"id\": \"/subscriptions/00000000-0000-0000-0000-000000000000/resourceGroups/cli_subnet_set_test000001/providers/Microsoft.Network/virtualNetworks/vnet1/subnets/default\"\
        ,\r\n  \"etag\": \"W/\\\"0a1104d3-846a-47ed-999c-14c29c7fde59\\\"\",\r\n \
        \ \"properties\": {\r\n    \"provisioningState\": \"Succeeded\",\r\n    \"\
        addressPrefix\": \"123.0.0.0/24\",\r\n    \"networkSecurityGroup\": {\r\n\
        \      \"id\": \"/subscriptions/00000000-0000-0000-0000-000000000000/resourceGroups/cli_subnet_set_test000001/providers/Microsoft.Network/networkSecurityGroups/test-vnet-nsg\"\
        \r\n    }\r\n  }\r\n}"}
    headers:
      cache-control: [no-cache]
      content-length: ['665']
      content-type: [application/json; charset=utf-8]
      date: ['Tue, 15 May 2018 22:39:01 GMT']
      etag: [W/"0a1104d3-846a-47ed-999c-14c29c7fde59"]
      expires: ['-1']
      pragma: [no-cache]
      server: [Microsoft-HTTPAPI/2.0, Microsoft-HTTPAPI/2.0]
      strict-transport-security: [max-age=31536000; includeSubDomains]
      transfer-encoding: [chunked]
      vary: [Accept-Encoding]
      x-content-type-options: [nosniff]
    status: {code: 200, message: OK}
- request:
    body: null
    headers:
      Accept: [application/json]
      Accept-Encoding: ['gzip, deflate']
      CommandName: [network vnet subnet update]
      Connection: [keep-alive]
      Content-Type: [application/json; charset=utf-8]
      User-Agent: [python/3.5.2 (Windows-10-10.0.16299-SP0) requests/2.18.4 msrest/0.4.29
          msrest_azure/0.4.29 networkmanagementclient/2.0.0rc2 Azure-SDK-For-Python
          AZURECLI/2.0.33]
      accept-language: [en-US]
    method: GET
    uri: https://management.azure.com/subscriptions/00000000-0000-0000-0000-000000000000/resourceGroups/cli_subnet_set_test000001/providers/Microsoft.Network/virtualnetworks/vnet1/subnets/default?api-version=2015-06-15
  response:
    body: {string: "{\r\n  \"name\": \"default\",\r\n  \"id\": \"/subscriptions/00000000-0000-0000-0000-000000000000/resourceGroups/cli_subnet_set_test000001/providers/Microsoft.Network/virtualNetworks/vnet1/subnets/default\"\
        ,\r\n  \"etag\": \"W/\\\"0a1104d3-846a-47ed-999c-14c29c7fde59\\\"\",\r\n \
        \ \"properties\": {\r\n    \"provisioningState\": \"Succeeded\",\r\n    \"\
        addressPrefix\": \"123.0.0.0/24\",\r\n    \"networkSecurityGroup\": {\r\n\
        \      \"id\": \"/subscriptions/00000000-0000-0000-0000-000000000000/resourceGroups/cli_subnet_set_test000001/providers/Microsoft.Network/networkSecurityGroups/test-vnet-nsg\"\
        \r\n    }\r\n  }\r\n}"}
    headers:
      cache-control: [no-cache]
      content-length: ['665']
      content-type: [application/json; charset=utf-8]
      date: ['Tue, 15 May 2018 22:39:02 GMT']
      etag: [W/"0a1104d3-846a-47ed-999c-14c29c7fde59"]
      expires: ['-1']
      pragma: [no-cache]
      server: [Microsoft-HTTPAPI/2.0, Microsoft-HTTPAPI/2.0]
      strict-transport-security: [max-age=31536000; includeSubDomains]
      transfer-encoding: [chunked]
      vary: [Accept-Encoding]
      x-content-type-options: [nosniff]
    status: {code: 200, message: OK}
- request:
    body: 'b''{"name": "default", "properties": {"provisioningState": "Succeeded",
      "addressPrefix": "123.0.5.0/24"}, "etag": "W/\\"0a1104d3-846a-47ed-999c-14c29c7fde59\\"",
      "id": "/subscriptions/00000000-0000-0000-0000-000000000000/resourceGroups/cli_subnet_set_test000001/providers/Microsoft.Network/virtualNetworks/vnet1/subnets/default"}'''
    headers:
      Accept: [application/json]
      Accept-Encoding: ['gzip, deflate']
      CommandName: [network vnet subnet update]
      Connection: [keep-alive]
      Content-Length: ['374']
      Content-Type: [application/json; charset=utf-8]
      User-Agent: [python/3.5.2 (Windows-10-10.0.16299-SP0) requests/2.18.4 msrest/0.4.29
          msrest_azure/0.4.29 networkmanagementclient/2.0.0rc2 Azure-SDK-For-Python
          AZURECLI/2.0.33]
      accept-language: [en-US]
    method: PUT
    uri: https://management.azure.com/subscriptions/00000000-0000-0000-0000-000000000000/resourceGroups/cli_subnet_set_test000001/providers/Microsoft.Network/virtualnetworks/vnet1/subnets/default?api-version=2015-06-15
  response:
    body: {string: "{\r\n  \"name\": \"default\",\r\n  \"id\": \"/subscriptions/00000000-0000-0000-0000-000000000000/resourceGroups/cli_subnet_set_test000001/providers/Microsoft.Network/virtualNetworks/vnet1/subnets/default\"\
        ,\r\n  \"etag\": \"W/\\\"0b734491-e451-45d3-afc2-f1aab5eb0d3a\\\"\",\r\n \
        \ \"properties\": {\r\n    \"provisioningState\": \"Updating\",\r\n    \"\
        addressPrefix\": \"123.0.5.0/24\"\r\n  }\r\n}"}
    headers:
      azure-asyncoperation: ['https://management.azure.com/subscriptions/00000000-0000-0000-0000-000000000000/providers/Microsoft.Network/locations/westus/operations/9ffd8cc1-18da-4520-a7b5-eebc55a40382?api-version=2015-06-15']
      cache-control: [no-cache]
      content-length: ['403']
      content-type: [application/json; charset=utf-8]
      date: ['Tue, 15 May 2018 22:39:03 GMT']
      expires: ['-1']
      pragma: [no-cache]
      server: [Microsoft-HTTPAPI/2.0, Microsoft-HTTPAPI/2.0]
      strict-transport-security: [max-age=31536000; includeSubDomains]
      transfer-encoding: [chunked]
      vary: [Accept-Encoding]
      x-content-type-options: [nosniff]
      x-ms-ratelimit-remaining-subscription-writes: ['1196']
    status: {code: 200, message: OK}
- request:
    body: null
    headers:
      Accept: [application/json]
      Accept-Encoding: ['gzip, deflate']
      CommandName: [network vnet subnet update]
      Connection: [keep-alive]
      User-Agent: [python/3.5.2 (Windows-10-10.0.16299-SP0) requests/2.18.4 msrest/0.4.29
          msrest_azure/0.4.29 networkmanagementclient/2.0.0rc2 Azure-SDK-For-Python
          AZURECLI/2.0.33]
    method: GET
    uri: https://management.azure.com/subscriptions/00000000-0000-0000-0000-000000000000/providers/Microsoft.Network/locations/westus/operations/9ffd8cc1-18da-4520-a7b5-eebc55a40382?api-version=2015-06-15
  response:
    body: {string: "{\r\n  \"status\": \"InProgress\"\r\n}"}
    headers:
      cache-control: [no-cache]
      content-length: ['30']
      content-type: [application/json; charset=utf-8]
      date: ['Tue, 15 May 2018 22:39:05 GMT']
      expires: ['-1']
      pragma: [no-cache]
      server: [Microsoft-HTTPAPI/2.0, Microsoft-HTTPAPI/2.0]
      strict-transport-security: [max-age=31536000; includeSubDomains]
      transfer-encoding: [chunked]
      vary: [Accept-Encoding]
      x-content-type-options: [nosniff]
    status: {code: 200, message: OK}
- request:
    body: null
    headers:
      Accept: [application/json]
      Accept-Encoding: ['gzip, deflate']
      CommandName: [network vnet subnet update]
      Connection: [keep-alive]
      User-Agent: [python/3.5.2 (Windows-10-10.0.16299-SP0) requests/2.18.4 msrest/0.4.29
          msrest_azure/0.4.29 networkmanagementclient/2.0.0rc2 Azure-SDK-For-Python
          AZURECLI/2.0.33]
    method: GET
    uri: https://management.azure.com/subscriptions/00000000-0000-0000-0000-000000000000/providers/Microsoft.Network/locations/westus/operations/9ffd8cc1-18da-4520-a7b5-eebc55a40382?api-version=2015-06-15
  response:
    body: {string: "{\r\n  \"status\": \"Succeeded\"\r\n}"}
    headers:
      cache-control: [no-cache]
      content-length: ['29']
      content-type: [application/json; charset=utf-8]
      date: ['Tue, 15 May 2018 22:39:15 GMT']
      expires: ['-1']
      pragma: [no-cache]
      server: [Microsoft-HTTPAPI/2.0, Microsoft-HTTPAPI/2.0]
      strict-transport-security: [max-age=31536000; includeSubDomains]
      transfer-encoding: [chunked]
      vary: [Accept-Encoding]
      x-content-type-options: [nosniff]
    status: {code: 200, message: OK}
- request:
    body: null
    headers:
      Accept: [application/json]
      Accept-Encoding: ['gzip, deflate']
      CommandName: [network vnet subnet update]
      Connection: [keep-alive]
      User-Agent: [python/3.5.2 (Windows-10-10.0.16299-SP0) requests/2.18.4 msrest/0.4.29
          msrest_azure/0.4.29 networkmanagementclient/2.0.0rc2 Azure-SDK-For-Python
          AZURECLI/2.0.33]
    method: GET
    uri: https://management.azure.com/subscriptions/00000000-0000-0000-0000-000000000000/resourceGroups/cli_subnet_set_test000001/providers/Microsoft.Network/virtualnetworks/vnet1/subnets/default?api-version=2015-06-15
  response:
    body: {string: "{\r\n  \"name\": \"default\",\r\n  \"id\": \"/subscriptions/00000000-0000-0000-0000-000000000000/resourceGroups/cli_subnet_set_test000001/providers/Microsoft.Network/virtualNetworks/vnet1/subnets/default\"\
        ,\r\n  \"etag\": \"W/\\\"dea88c7e-c5d7-4afd-ac8d-fb094de2242e\\\"\",\r\n \
        \ \"properties\": {\r\n    \"provisioningState\": \"Succeeded\",\r\n    \"\
        addressPrefix\": \"123.0.5.0/24\"\r\n  }\r\n}"}
    headers:
      cache-control: [no-cache]
      content-length: ['404']
      content-type: [application/json; charset=utf-8]
      date: ['Tue, 15 May 2018 22:39:16 GMT']
      etag: [W/"dea88c7e-c5d7-4afd-ac8d-fb094de2242e"]
      expires: ['-1']
      pragma: [no-cache]
      server: [Microsoft-HTTPAPI/2.0, Microsoft-HTTPAPI/2.0]
      strict-transport-security: [max-age=31536000; includeSubDomains]
      transfer-encoding: [chunked]
      vary: [Accept-Encoding]
      x-content-type-options: [nosniff]
    status: {code: 200, message: OK}
- request:
    body: null
    headers:
      Accept: [application/json]
      Accept-Encoding: ['gzip, deflate']
      CommandName: [network vnet delete]
      Connection: [keep-alive]
      Content-Length: ['0']
      Content-Type: [application/json; charset=utf-8]
      User-Agent: [python/3.5.2 (Windows-10-10.0.16299-SP0) requests/2.18.4 msrest/0.4.29
          msrest_azure/0.4.29 networkmanagementclient/2.0.0rc2 Azure-SDK-For-Python
          AZURECLI/2.0.33]
      accept-language: [en-US]
    method: DELETE
    uri: https://management.azure.com/subscriptions/00000000-0000-0000-0000-000000000000/resourceGroups/cli_subnet_set_test000001/providers/Microsoft.Network/virtualNetworks/vnet1?api-version=2015-06-15
  response:
    body: {string: ''}
    headers:
      azure-asyncoperation: ['https://management.azure.com/subscriptions/00000000-0000-0000-0000-000000000000/providers/Microsoft.Network/locations/westus/operations/1843a9d7-6ed8-4961-ad77-cf0f7bd5f269?api-version=2015-06-15']
      cache-control: [no-cache]
      content-length: ['0']
      date: ['Tue, 15 May 2018 22:39:17 GMT']
      expires: ['-1']
      location: ['https://management.azure.com/subscriptions/00000000-0000-0000-0000-000000000000/providers/Microsoft.Network/locations/westus/operationResults/1843a9d7-6ed8-4961-ad77-cf0f7bd5f269?api-version=2015-06-15']
      pragma: [no-cache]
      server: [Microsoft-HTTPAPI/2.0, Microsoft-HTTPAPI/2.0]
      strict-transport-security: [max-age=31536000; includeSubDomains]
      x-content-type-options: [nosniff]
      x-ms-ratelimit-remaining-subscription-deletes: ['14999']
    status: {code: 202, message: Accepted}
- request:
    body: null
    headers:
      Accept: [application/json]
      Accept-Encoding: ['gzip, deflate']
      CommandName: [network vnet delete]
      Connection: [keep-alive]
      User-Agent: [python/3.5.2 (Windows-10-10.0.16299-SP0) requests/2.18.4 msrest/0.4.29
          msrest_azure/0.4.29 networkmanagementclient/2.0.0rc2 Azure-SDK-For-Python
          AZURECLI/2.0.33]
    method: GET
    uri: https://management.azure.com/subscriptions/00000000-0000-0000-0000-000000000000/providers/Microsoft.Network/locations/westus/operations/1843a9d7-6ed8-4961-ad77-cf0f7bd5f269?api-version=2015-06-15
  response:
    body: {string: "{\r\n  \"status\": \"InProgress\"\r\n}"}
    headers:
      cache-control: [no-cache]
      content-length: ['30']
      content-type: [application/json; charset=utf-8]
      date: ['Tue, 15 May 2018 22:39:27 GMT']
      expires: ['-1']
      pragma: [no-cache]
      server: [Microsoft-HTTPAPI/2.0, Microsoft-HTTPAPI/2.0]
      strict-transport-security: [max-age=31536000; includeSubDomains]
      transfer-encoding: [chunked]
      vary: [Accept-Encoding]
      x-content-type-options: [nosniff]
    status: {code: 200, message: OK}
- request:
    body: null
    headers:
      Accept: [application/json]
      Accept-Encoding: ['gzip, deflate']
      CommandName: [network vnet delete]
      Connection: [keep-alive]
      User-Agent: [python/3.5.2 (Windows-10-10.0.16299-SP0) requests/2.18.4 msrest/0.4.29
          msrest_azure/0.4.29 networkmanagementclient/2.0.0rc2 Azure-SDK-For-Python
          AZURECLI/2.0.33]
    method: GET
    uri: https://management.azure.com/subscriptions/00000000-0000-0000-0000-000000000000/providers/Microsoft.Network/locations/westus/operations/1843a9d7-6ed8-4961-ad77-cf0f7bd5f269?api-version=2015-06-15
  response:
    body: {string: "{\r\n  \"status\": \"InProgress\"\r\n}"}
    headers:
      cache-control: [no-cache]
      content-length: ['30']
      content-type: [application/json; charset=utf-8]
      date: ['Tue, 15 May 2018 22:39:38 GMT']
      expires: ['-1']
      pragma: [no-cache]
      server: [Microsoft-HTTPAPI/2.0, Microsoft-HTTPAPI/2.0]
      strict-transport-security: [max-age=31536000; includeSubDomains]
      transfer-encoding: [chunked]
      vary: [Accept-Encoding]
      x-content-type-options: [nosniff]
    status: {code: 200, message: OK}
- request:
    body: null
    headers:
      Accept: [application/json]
      Accept-Encoding: ['gzip, deflate']
      CommandName: [network vnet delete]
      Connection: [keep-alive]
      User-Agent: [python/3.5.2 (Windows-10-10.0.16299-SP0) requests/2.18.4 msrest/0.4.29
          msrest_azure/0.4.29 networkmanagementclient/2.0.0rc2 Azure-SDK-For-Python
          AZURECLI/2.0.33]
    method: GET
    uri: https://management.azure.com/subscriptions/00000000-0000-0000-0000-000000000000/providers/Microsoft.Network/locations/westus/operations/1843a9d7-6ed8-4961-ad77-cf0f7bd5f269?api-version=2015-06-15
  response:
    body: {string: "{\r\n  \"status\": \"InProgress\"\r\n}"}
    headers:
      cache-control: [no-cache]
      content-length: ['30']
      content-type: [application/json; charset=utf-8]
      date: ['Tue, 15 May 2018 22:39:47 GMT']
      expires: ['-1']
      pragma: [no-cache]
      server: [Microsoft-HTTPAPI/2.0, Microsoft-HTTPAPI/2.0]
      strict-transport-security: [max-age=31536000; includeSubDomains]
      transfer-encoding: [chunked]
      vary: [Accept-Encoding]
      x-content-type-options: [nosniff]
    status: {code: 200, message: OK}
- request:
    body: null
    headers:
      Accept: [application/json]
      Accept-Encoding: ['gzip, deflate']
      CommandName: [network vnet delete]
      Connection: [keep-alive]
      User-Agent: [python/3.5.2 (Windows-10-10.0.16299-SP0) requests/2.18.4 msrest/0.4.29
          msrest_azure/0.4.29 networkmanagementclient/2.0.0rc2 Azure-SDK-For-Python
          AZURECLI/2.0.33]
    method: GET
    uri: https://management.azure.com/subscriptions/00000000-0000-0000-0000-000000000000/providers/Microsoft.Network/locations/westus/operations/1843a9d7-6ed8-4961-ad77-cf0f7bd5f269?api-version=2015-06-15
  response:
    body: {string: "{\r\n  \"status\": \"Succeeded\"\r\n}"}
    headers:
      cache-control: [no-cache]
      content-length: ['29']
      content-type: [application/json; charset=utf-8]
      date: ['Tue, 15 May 2018 22:39:57 GMT']
      expires: ['-1']
      pragma: [no-cache]
      server: [Microsoft-HTTPAPI/2.0, Microsoft-HTTPAPI/2.0]
      strict-transport-security: [max-age=31536000; includeSubDomains]
      transfer-encoding: [chunked]
      vary: [Accept-Encoding]
      x-content-type-options: [nosniff]
    status: {code: 200, message: OK}
- request:
    body: null
    headers:
      Accept: [application/json]
      Accept-Encoding: ['gzip, deflate']
      CommandName: [network nsg delete]
      Connection: [keep-alive]
      Content-Length: ['0']
      Content-Type: [application/json; charset=utf-8]
      User-Agent: [python/3.5.2 (Windows-10-10.0.16299-SP0) requests/2.18.4 msrest/0.4.29
          msrest_azure/0.4.29 networkmanagementclient/2.0.0rc2 Azure-SDK-For-Python
          AZURECLI/2.0.33]
      accept-language: [en-US]
    method: DELETE
    uri: https://management.azure.com/subscriptions/00000000-0000-0000-0000-000000000000/resourceGroups/cli_subnet_set_test000001/providers/Microsoft.Network/networkSecurityGroups/test-vnet-nsg?api-version=2015-06-15
  response:
    body: {string: ''}
    headers:
      azure-asyncoperation: ['https://management.azure.com/subscriptions/00000000-0000-0000-0000-000000000000/providers/Microsoft.Network/locations/westus/operations/b2a1cf72-e964-42f2-9b31-25c0aedfce63?api-version=2015-06-15']
      cache-control: [no-cache]
      content-length: ['0']
      date: ['Tue, 15 May 2018 22:39:58 GMT']
      expires: ['-1']
      location: ['https://management.azure.com/subscriptions/00000000-0000-0000-0000-000000000000/providers/Microsoft.Network/locations/westus/operationResults/b2a1cf72-e964-42f2-9b31-25c0aedfce63?api-version=2015-06-15']
      pragma: [no-cache]
      server: [Microsoft-HTTPAPI/2.0, Microsoft-HTTPAPI/2.0]
      strict-transport-security: [max-age=31536000; includeSubDomains]
      x-content-type-options: [nosniff]
      x-ms-ratelimit-remaining-subscription-deletes: ['14999']
    status: {code: 202, message: Accepted}
- request:
    body: null
    headers:
      Accept: [application/json]
      Accept-Encoding: ['gzip, deflate']
      CommandName: [network nsg delete]
      Connection: [keep-alive]
      User-Agent: [python/3.5.2 (Windows-10-10.0.16299-SP0) requests/2.18.4 msrest/0.4.29
          msrest_azure/0.4.29 networkmanagementclient/2.0.0rc2 Azure-SDK-For-Python
          AZURECLI/2.0.33]
    method: GET
    uri: https://management.azure.com/subscriptions/00000000-0000-0000-0000-000000000000/providers/Microsoft.Network/locations/westus/operations/b2a1cf72-e964-42f2-9b31-25c0aedfce63?api-version=2015-06-15
  response:
    body: {string: "{\r\n  \"status\": \"Succeeded\"\r\n}"}
    headers:
      cache-control: [no-cache]
      content-length: ['29']
      content-type: [application/json; charset=utf-8]
      date: ['Tue, 15 May 2018 22:40:09 GMT']
      expires: ['-1']
      pragma: [no-cache]
      server: [Microsoft-HTTPAPI/2.0, Microsoft-HTTPAPI/2.0]
      strict-transport-security: [max-age=31536000; includeSubDomains]
      transfer-encoding: [chunked]
      vary: [Accept-Encoding]
      x-content-type-options: [nosniff]
    status: {code: 200, message: OK}
- request:
    body: null
    headers:
      Accept: [application/json]
      Accept-Encoding: ['gzip, deflate']
      CommandName: [group delete]
      Connection: [keep-alive]
      Content-Length: ['0']
      Content-Type: [application/json; charset=utf-8]
      User-Agent: [python/3.5.2 (Windows-10-10.0.16299-SP0) requests/2.18.4 msrest/0.4.29
          msrest_azure/0.4.29 resourcemanagementclient/1.2.1 Azure-SDK-For-Python
          AZURECLI/2.0.33]
      accept-language: [en-US]
    method: DELETE
    uri: https://management.azure.com/subscriptions/00000000-0000-0000-0000-000000000000/resourcegroups/cli_subnet_set_test000001?api-version=2016-02-01
  response:
    body: {string: ''}
    headers:
      cache-control: [no-cache]
      content-length: ['0']
      date: ['Tue, 15 May 2018 22:40:11 GMT']
      expires: ['-1']
      location: ['https://management.azure.com/subscriptions/00000000-0000-0000-0000-000000000000/operationresults/eyJqb2JJZCI6IlJFU09VUkNFR1JPVVBERUxFVElPTkpPQi1DTEk6NUZTVUJORVQ6NUZTRVQ6NUZURVNUUFBKRUVVVE1BSE9JRDU0UUpTU1g3Wnw2NEI2NDI4NjY0NDA2REYwLVdFU1RVUyIsImpvYkxvY2F0aW9uIjoid2VzdHVzIn0?api-version=2016-02-01']
      pragma: [no-cache]
      strict-transport-security: [max-age=31536000; includeSubDomains]
      x-content-type-options: [nosniff]
      x-ms-ratelimit-remaining-subscription-deletes: ['14997']
    status: {code: 202, message: Accepted}
version: 1
