interactions:
- request:
    body: '{"location": "eastus2", "tags": {"product": "azurecli", "cause": "automation",
      "date": "2019-05-07T20:28:42Z"}}'
    headers:
      Accept:
      - application/json
      Accept-Encoding:
      - gzip, deflate
      CommandName:
      - group create
      Connection:
      - keep-alive
      Content-Length:
      - '111'
      Content-Type:
      - application/json; charset=utf-8
      ParameterSetName:
      - --location --name --tag
      User-Agent:
      - python/3.7.3 (Windows-10-10.0.17763-SP0) msrest/0.6.6 msrest_azure/0.6.0 resourcemanagementclient/2.1.0
        Azure-SDK-For-Python AZURECLI/2.0.64
      accept-language:
      - en-US
    method: PUT
    uri: https://management.azure.com/subscriptions/00000000-0000-0000-0000-000000000000/resourcegroups/clitest.rg000001?api-version=2018-05-01
  response:
    body:
      string: '{"id":"/subscriptions/00000000-0000-0000-0000-000000000000/resourceGroups/clitest.rg000001","name":"clitest.rg000001","location":"eastus2","tags":{"product":"azurecli","cause":"automation","date":"2019-05-07T20:28:42Z"},"properties":{"provisioningState":"Succeeded"}}'
    headers:
      cache-control:
      - no-cache
      content-length:
      - '385'
      content-type:
      - application/json; charset=utf-8
      date:
      - Tue, 07 May 2019 20:28:45 GMT
      expires:
      - '-1'
      pragma:
      - no-cache
      strict-transport-security:
      - max-age=31536000; includeSubDomains
      x-content-type-options:
      - nosniff
      x-ms-ratelimit-remaining-subscription-writes:
      - '1199'
    status:
      code: 201
      message: Created
- request:
    body: null
    headers:
      Accept:
      - application/json
      Accept-Encoding:
      - gzip, deflate
      CommandName:
      - network public-ip create
      Connection:
      - keep-alive
      ParameterSetName:
      - -g -n --allocation-method --sku
      User-Agent:
      - python/3.7.3 (Windows-10-10.0.17763-SP0) msrest/0.6.6 msrest_azure/0.6.0 resourcemanagementclient/2.1.0
        Azure-SDK-For-Python AZURECLI/2.0.64
      accept-language:
      - en-US
    method: GET
    uri: https://management.azure.com/subscriptions/00000000-0000-0000-0000-000000000000/resourcegroups/clitest.rg000001?api-version=2018-05-01
  response:
    body:
      string: '{"id":"/subscriptions/00000000-0000-0000-0000-000000000000/resourceGroups/clitest.rg000001","name":"clitest.rg000001","location":"eastus2","tags":{"product":"azurecli","cause":"automation","date":"2019-05-07T20:28:42Z"},"properties":{"provisioningState":"Succeeded"}}'
    headers:
      cache-control:
      - no-cache
      content-length:
      - '385'
      content-type:
      - application/json; charset=utf-8
      date:
      - Tue, 07 May 2019 20:28:47 GMT
      expires:
      - '-1'
      pragma:
      - no-cache
      strict-transport-security:
      - max-age=31536000; includeSubDomains
      vary:
      - Accept-Encoding
      x-content-type-options:
      - nosniff
    status:
      code: 200
      message: OK
- request:
    body: '{"location": "eastus2", "sku": {"name": "Standard"}, "properties": {"publicIPAllocationMethod":
      "Static", "publicIPAddressVersion": "IPv4", "idleTimeoutInMinutes": 4}}'
    headers:
      Accept:
      - application/json
      Accept-Encoding:
      - gzip, deflate
      CommandName:
      - network public-ip create
      Connection:
      - keep-alive
      Content-Length:
      - '167'
      Content-Type:
      - application/json; charset=utf-8
      ParameterSetName:
      - -g -n --allocation-method --sku
      User-Agent:
      - python/3.7.3 (Windows-10-10.0.17763-SP0) msrest/0.6.6 msrest_azure/0.6.0 networkmanagementclient/2.7.0
        Azure-SDK-For-Python AZURECLI/2.0.64
      accept-language:
      - en-US
    method: PUT
    uri: https://management.azure.com/subscriptions/00000000-0000-0000-0000-000000000000/resourceGroups/clitest.rg000001/providers/Microsoft.Network/publicIPAddresses/pip?api-version=2019-02-01
  response:
    body:
      string: "{\r\n  \"name\": \"pip\",\r\n  \"id\": \"/subscriptions/00000000-0000-0000-0000-000000000000/resourceGroups/clitest.rg000001/providers/Microsoft.Network/publicIPAddresses/pip\",\r\n
        \ \"etag\": \"W/\\\"bacfafea-0511-4f49-91ab-14329f695df8\\\"\",\r\n  \"location\":
        \"eastus2\",\r\n  \"properties\": {\r\n    \"provisioningState\": \"Updating\",\r\n
        \   \"resourceGuid\": \"a785ebd1-1e56-4649-8b9b-137e02b18299\",\r\n    \"publicIPAddressVersion\":
        \"IPv4\",\r\n    \"publicIPAllocationMethod\": \"Static\",\r\n    \"idleTimeoutInMinutes\":
        4,\r\n    \"ipTags\": []\r\n  },\r\n  \"type\": \"Microsoft.Network/publicIPAddresses\",\r\n
        \ \"sku\": {\r\n    \"name\": \"Standard\",\r\n    \"tier\": \"Regional\"\r\n
        \ }\r\n}"
    headers:
      azure-asyncoperation:
      - https://management.azure.com/subscriptions/00000000-0000-0000-0000-000000000000/providers/Microsoft.Network/locations/eastus2/operations/77d57a9b-bc4d-440c-b395-20665c9f2366?api-version=2019-02-01
      cache-control:
      - no-cache
      content-length:
      - '682'
      content-type:
      - application/json; charset=utf-8
      date:
      - Tue, 07 May 2019 20:28:49 GMT
      expires:
      - '-1'
      pragma:
      - no-cache
      server:
      - Microsoft-HTTPAPI/2.0
      - Microsoft-HTTPAPI/2.0
      strict-transport-security:
      - max-age=31536000; includeSubDomains
      x-content-type-options:
      - nosniff
      x-ms-ratelimit-remaining-subscription-writes:
      - '1199'
    status:
      code: 201
      message: Created
- request:
    body: null
    headers:
      Accept:
      - application/json
      Accept-Encoding:
      - gzip, deflate
      CommandName:
      - network public-ip create
      Connection:
      - keep-alive
      ParameterSetName:
      - -g -n --allocation-method --sku
      User-Agent:
      - python/3.7.3 (Windows-10-10.0.17763-SP0) msrest/0.6.6 msrest_azure/0.6.0 networkmanagementclient/2.7.0
        Azure-SDK-For-Python AZURECLI/2.0.64
    method: GET
    uri: https://management.azure.com/subscriptions/00000000-0000-0000-0000-000000000000/providers/Microsoft.Network/locations/eastus2/operations/77d57a9b-bc4d-440c-b395-20665c9f2366?api-version=2019-02-01
  response:
    body:
      string: "{\r\n  \"status\": \"Succeeded\"\r\n}"
    headers:
      cache-control:
      - no-cache
      content-length:
      - '29'
      content-type:
      - application/json; charset=utf-8
      date:
      - Tue, 07 May 2019 20:28:50 GMT
      expires:
      - '-1'
      pragma:
      - no-cache
      server:
      - Microsoft-HTTPAPI/2.0
      - Microsoft-HTTPAPI/2.0
      strict-transport-security:
      - max-age=31536000; includeSubDomains
      transfer-encoding:
      - chunked
      vary:
      - Accept-Encoding
      x-content-type-options:
      - nosniff
    status:
      code: 200
      message: OK
- request:
    body: null
    headers:
      Accept:
      - application/json
      Accept-Encoding:
      - gzip, deflate
      CommandName:
      - network public-ip create
      Connection:
      - keep-alive
      ParameterSetName:
      - -g -n --allocation-method --sku
      User-Agent:
      - python/3.7.3 (Windows-10-10.0.17763-SP0) msrest/0.6.6 msrest_azure/0.6.0 networkmanagementclient/2.7.0
        Azure-SDK-For-Python AZURECLI/2.0.64
    method: GET
    uri: https://management.azure.com/subscriptions/00000000-0000-0000-0000-000000000000/resourceGroups/clitest.rg000001/providers/Microsoft.Network/publicIPAddresses/pip?api-version=2019-02-01
  response:
    body:
      string: "{\r\n  \"name\": \"pip\",\r\n  \"id\": \"/subscriptions/00000000-0000-0000-0000-000000000000/resourceGroups/clitest.rg000001/providers/Microsoft.Network/publicIPAddresses/pip\",\r\n
        \ \"etag\": \"W/\\\"07b98a22-06ff-4450-8923-610625f2f332\\\"\",\r\n  \"location\":
        \"eastus2\",\r\n  \"properties\": {\r\n    \"provisioningState\": \"Succeeded\",\r\n
        \   \"resourceGuid\": \"a785ebd1-1e56-4649-8b9b-137e02b18299\",\r\n    \"ipAddress\":
        \"52.167.187.229\",\r\n    \"publicIPAddressVersion\": \"IPv4\",\r\n    \"publicIPAllocationMethod\":
        \"Static\",\r\n    \"idleTimeoutInMinutes\": 4,\r\n    \"ipTags\": []\r\n
        \ },\r\n  \"type\": \"Microsoft.Network/publicIPAddresses\",\r\n  \"sku\":
        {\r\n    \"name\": \"Standard\",\r\n    \"tier\": \"Regional\"\r\n  }\r\n}"
    headers:
      cache-control:
      - no-cache
      content-length:
      - '719'
      content-type:
      - application/json; charset=utf-8
      date:
      - Tue, 07 May 2019 20:28:55 GMT
      etag:
      - W/"07b98a22-06ff-4450-8923-610625f2f332"
      expires:
      - '-1'
      pragma:
      - no-cache
      server:
      - Microsoft-HTTPAPI/2.0
      - Microsoft-HTTPAPI/2.0
      strict-transport-security:
      - max-age=31536000; includeSubDomains
      transfer-encoding:
      - chunked
      vary:
      - Accept-Encoding
      x-content-type-options:
      - nosniff
    status:
      code: 200
      message: OK
- request:
    body: null
    headers:
      Accept:
      - application/json
      Accept-Encoding:
      - gzip, deflate
      CommandName:
      - network public-ip prefix create
      Connection:
      - keep-alive
      ParameterSetName:
      - -g -n --length
      User-Agent:
      - python/3.7.3 (Windows-10-10.0.17763-SP0) msrest/0.6.6 msrest_azure/0.6.0 resourcemanagementclient/2.1.0
        Azure-SDK-For-Python AZURECLI/2.0.64
      accept-language:
      - en-US
    method: GET
    uri: https://management.azure.com/subscriptions/00000000-0000-0000-0000-000000000000/resourcegroups/clitest.rg000001?api-version=2018-05-01
  response:
    body:
      string: '{"id":"/subscriptions/00000000-0000-0000-0000-000000000000/resourceGroups/clitest.rg000001","name":"clitest.rg000001","location":"eastus2","tags":{"product":"azurecli","cause":"automation","date":"2019-05-07T20:28:42Z"},"properties":{"provisioningState":"Succeeded"}}'
    headers:
      cache-control:
      - no-cache
      content-length:
      - '385'
      content-type:
      - application/json; charset=utf-8
      date:
      - Tue, 07 May 2019 20:28:52 GMT
      expires:
      - '-1'
      pragma:
      - no-cache
      strict-transport-security:
      - max-age=31536000; includeSubDomains
      vary:
      - Accept-Encoding
      x-content-type-options:
      - nosniff
    status:
      code: 200
      message: OK
- request:
    body: '{"location": "eastus2", "sku": {"name": "Standard"}, "properties": {"prefixLength":
      31}}'
    headers:
      Accept:
      - application/json
      Accept-Encoding:
      - gzip, deflate
      CommandName:
      - network public-ip prefix create
      Connection:
      - keep-alive
      Content-Length:
      - '88'
      Content-Type:
      - application/json; charset=utf-8
      ParameterSetName:
      - -g -n --length
      User-Agent:
      - python/3.7.3 (Windows-10-10.0.17763-SP0) msrest/0.6.6 msrest_azure/0.6.0 networkmanagementclient/2.7.0
        Azure-SDK-For-Python AZURECLI/2.0.64
      accept-language:
      - en-US
    method: PUT
    uri: https://management.azure.com/subscriptions/00000000-0000-0000-0000-000000000000/resourceGroups/clitest.rg000001/providers/Microsoft.Network/publicIPPrefixes/prefix?api-version=2019-02-01
  response:
    body:
      string: "{\r\n  \"name\": \"prefix\",\r\n  \"id\": \"/subscriptions/00000000-0000-0000-0000-000000000000/resourceGroups/clitest.rg000001/providers/Microsoft.Network/publicIPPrefixes/prefix\",\r\n
        \ \"etag\": \"W/\\\"cc3b86b8-2b4b-4fce-86b0-3d8dbabcad78\\\"\",\r\n  \"type\":
        \"Microsoft.Network/publicIPPrefixes\",\r\n  \"location\": \"eastus2\",\r\n
        \ \"properties\": {\r\n    \"provisioningState\": \"Updating\",\r\n    \"resourceGuid\":
        \"0e4bc9f5-9f44-4cea-a1e4-360b6a6d1342\",\r\n    \"prefixLength\": 31,\r\n
        \   \"publicIPAddressVersion\": \"IPv4\",\r\n    \"ipTags\": []\r\n  },\r\n
        \ \"sku\": {\r\n    \"name\": \"Standard\",\r\n    \"tier\": \"Regional\"\r\n
        \ }\r\n}"
    headers:
      azure-asyncoperation:
      - https://management.azure.com/subscriptions/00000000-0000-0000-0000-000000000000/providers/Microsoft.Network/locations/eastus2/operations/efdf0973-e410-4d04-b0b7-10803c2686f0?api-version=2019-02-01
      cache-control:
      - no-cache
      content-length:
      - '636'
      content-type:
      - application/json; charset=utf-8
      date:
      - Tue, 07 May 2019 20:28:55 GMT
      expires:
      - '-1'
      pragma:
      - no-cache
      server:
      - Microsoft-HTTPAPI/2.0
      - Microsoft-HTTPAPI/2.0
      strict-transport-security:
      - max-age=31536000; includeSubDomains
      x-content-type-options:
      - nosniff
      x-ms-ratelimit-remaining-subscription-writes:
      - '1199'
    status:
      code: 201
      message: Created
- request:
    body: null
    headers:
      Accept:
      - application/json
      Accept-Encoding:
      - gzip, deflate
      CommandName:
      - network public-ip prefix create
      Connection:
      - keep-alive
      ParameterSetName:
      - -g -n --length
      User-Agent:
      - python/3.7.3 (Windows-10-10.0.17763-SP0) msrest/0.6.6 msrest_azure/0.6.0 networkmanagementclient/2.7.0
        Azure-SDK-For-Python AZURECLI/2.0.64
    method: GET
    uri: https://management.azure.com/subscriptions/00000000-0000-0000-0000-000000000000/providers/Microsoft.Network/locations/eastus2/operations/efdf0973-e410-4d04-b0b7-10803c2686f0?api-version=2019-02-01
  response:
    body:
      string: "{\r\n  \"status\": \"Succeeded\"\r\n}"
    headers:
      cache-control:
      - no-cache
      content-length:
      - '29'
      content-type:
      - application/json; charset=utf-8
      date:
      - Tue, 07 May 2019 20:28:59 GMT
      expires:
      - '-1'
      pragma:
      - no-cache
      server:
      - Microsoft-HTTPAPI/2.0
      - Microsoft-HTTPAPI/2.0
      strict-transport-security:
      - max-age=31536000; includeSubDomains
      transfer-encoding:
      - chunked
      vary:
      - Accept-Encoding
      x-content-type-options:
      - nosniff
    status:
      code: 200
      message: OK
- request:
    body: null
    headers:
      Accept:
      - application/json
      Accept-Encoding:
      - gzip, deflate
      CommandName:
      - network public-ip prefix create
      Connection:
      - keep-alive
      ParameterSetName:
      - -g -n --length
      User-Agent:
      - python/3.7.3 (Windows-10-10.0.17763-SP0) msrest/0.6.6 msrest_azure/0.6.0 networkmanagementclient/2.7.0
        Azure-SDK-For-Python AZURECLI/2.0.64
    method: GET
    uri: https://management.azure.com/subscriptions/00000000-0000-0000-0000-000000000000/resourceGroups/clitest.rg000001/providers/Microsoft.Network/publicIPPrefixes/prefix?api-version=2019-02-01
  response:
    body:
      string: "{\r\n  \"name\": \"prefix\",\r\n  \"id\": \"/subscriptions/00000000-0000-0000-0000-000000000000/resourceGroups/clitest.rg000001/providers/Microsoft.Network/publicIPPrefixes/prefix\",\r\n
        \ \"etag\": \"W/\\\"264e8d70-122d-4317-867e-6ffe727d403a\\\"\",\r\n  \"type\":
        \"Microsoft.Network/publicIPPrefixes\",\r\n  \"location\": \"eastus2\",\r\n
        \ \"properties\": {\r\n    \"provisioningState\": \"Succeeded\",\r\n    \"resourceGuid\":
        \"0e4bc9f5-9f44-4cea-a1e4-360b6a6d1342\",\r\n    \"prefixLength\": 31,\r\n
        \   \"publicIPAddressVersion\": \"IPv4\",\r\n    \"ipPrefix\": \"52.167.188.166/31\",\r\n
        \   \"ipTags\": []\r\n  },\r\n  \"sku\": {\r\n    \"name\": \"Standard\",\r\n
        \   \"tier\": \"Regional\"\r\n  }\r\n}"
    headers:
      cache-control:
      - no-cache
      content-length:
      - '675'
      content-type:
      - application/json; charset=utf-8
      date:
      - Tue, 07 May 2019 20:29:00 GMT
      etag:
      - W/"264e8d70-122d-4317-867e-6ffe727d403a"
      expires:
      - '-1'
      pragma:
      - no-cache
      server:
      - Microsoft-HTTPAPI/2.0
      - Microsoft-HTTPAPI/2.0
      strict-transport-security:
      - max-age=31536000; includeSubDomains
      transfer-encoding:
      - chunked
      vary:
      - Accept-Encoding
      x-content-type-options:
      - nosniff
    status:
      code: 200
      message: OK
- request:
    body: 'b''{"location": "eastus2", "sku": {"name": "Standard"}, "properties": {"idleTimeoutInMinutes":
      4, "publicIpAddresses": [{"id": "/subscriptions/00000000-0000-0000-0000-000000000000/resourceGroups/clitest.rg000001/providers/Microsoft.Network/publicIPAddresses/pip"}],
      "publicIpPrefixes": [{"id": "/subscriptions/00000000-0000-0000-0000-000000000000/resourceGroups/clitest.rg000001/providers/Microsoft.Network/publicIPPrefixes/prefix"}]}}'''
    headers:
      Accept:
      - application/json
      Accept-Encoding:
      - gzip, deflate
      CommandName:
      - network nat-gateway create
      Connection:
      - keep-alive
      Content-Length:
      - '550'
      Content-Type:
      - application/json; charset=utf-8
      ParameterSetName:
      - --resource-group --name --location --public-ip-addresses --public-ip-prefixes
        --idle-timeout
      User-Agent:
      - python/3.7.3 (Windows-10-10.0.17763-SP0) msrest/0.6.6 msrest_azure/0.6.0 networkmanagementclient/2.7.0
        Azure-SDK-For-Python AZURECLI/2.0.64
      accept-language:
      - en-US
    method: PUT
    uri: https://management.azure.com/subscriptions/00000000-0000-0000-0000-000000000000/resourceGroups/clitest.rg000001/providers/Microsoft.Network/natGateways/ng1?api-version=2019-02-01
  response:
    body:
      string: "{\r\n  \"name\": \"ng1\",\r\n  \"id\": \"/subscriptions/00000000-0000-0000-0000-000000000000/resourceGroups/clitest.rg000001/providers/Microsoft.Network/natGateways/ng1\",\r\n
        \ \"etag\": \"W/\\\"c2586da4-4cc8-4bd7-a2f1-3bf98b0d37e4\\\"\",\r\n  \"type\":
        \"Microsoft.Network/natGateways\",\r\n  \"location\": \"eastus2\",\r\n  \"properties\":
        {\r\n    \"provisioningState\": \"Updating\",\r\n    \"idleTimeoutInMinutes\":
        4,\r\n    \"publicIpAddresses\": [\r\n      {\r\n        \"id\": \"/subscriptions/00000000-0000-0000-0000-000000000000/resourceGroups/clitest.rg000001/providers/Microsoft.Network/publicIPAddresses/pip\"\r\n
        \     }\r\n    ],\r\n    \"publicIpPrefixes\": [\r\n      {\r\n        \"id\":
        \"/subscriptions/00000000-0000-0000-0000-000000000000/resourceGroups/clitest.rg000001/providers/Microsoft.Network/publicIPPrefixes/prefix\"\r\n
        \     }\r\n    ]\r\n  },\r\n  \"sku\": {\r\n    \"name\": \"Standard\",\r\n
        \   \"tier\": \"Regional\"\r\n  }\r\n}"
    headers:
      azure-asyncoperation:
      - https://management.azure.com/subscriptions/00000000-0000-0000-0000-000000000000/providers/Microsoft.Network/locations/eastus2/operations/d895b1de-be8d-4fb2-84e7-18a0a504db03?api-version=2019-02-01
      cache-control:
      - no-cache
      content-length:
      - '1037'
      content-type:
      - application/json; charset=utf-8
      date:
      - Tue, 07 May 2019 20:29:02 GMT
      expires:
      - '-1'
      pragma:
      - no-cache
      server:
      - Microsoft-HTTPAPI/2.0
      - Microsoft-HTTPAPI/2.0
      strict-transport-security:
      - max-age=31536000; includeSubDomains
      x-content-type-options:
      - nosniff
      x-ms-ratelimit-remaining-subscription-writes:
      - '1199'
    status:
      code: 201
      message: Created
- request:
    body: null
    headers:
      Accept:
      - application/json
      Accept-Encoding:
      - gzip, deflate
      CommandName:
      - network nat-gateway create
      Connection:
      - keep-alive
      ParameterSetName:
      - --resource-group --name --location --public-ip-addresses --public-ip-prefixes
        --idle-timeout
      User-Agent:
      - python/3.7.3 (Windows-10-10.0.17763-SP0) msrest/0.6.6 msrest_azure/0.6.0 networkmanagementclient/2.7.0
        Azure-SDK-For-Python AZURECLI/2.0.64
    method: GET
    uri: https://management.azure.com/subscriptions/00000000-0000-0000-0000-000000000000/providers/Microsoft.Network/locations/eastus2/operations/d895b1de-be8d-4fb2-84e7-18a0a504db03?api-version=2019-02-01
  response:
    body:
      string: "{\r\n  \"status\": \"Succeeded\"\r\n}"
    headers:
      cache-control:
      - no-cache
      content-length:
      - '29'
      content-type:
      - application/json; charset=utf-8
      date:
      - Tue, 07 May 2019 20:29:13 GMT
      expires:
      - '-1'
      pragma:
      - no-cache
      server:
      - Microsoft-HTTPAPI/2.0
      - Microsoft-HTTPAPI/2.0
      strict-transport-security:
      - max-age=31536000; includeSubDomains
      transfer-encoding:
      - chunked
      vary:
      - Accept-Encoding
      x-content-type-options:
      - nosniff
    status:
      code: 200
      message: OK
- request:
    body: null
    headers:
      Accept:
      - application/json
      Accept-Encoding:
      - gzip, deflate
      CommandName:
      - network nat-gateway create
      Connection:
      - keep-alive
      ParameterSetName:
      - --resource-group --name --location --public-ip-addresses --public-ip-prefixes
        --idle-timeout
      User-Agent:
      - python/3.7.3 (Windows-10-10.0.17763-SP0) msrest/0.6.6 msrest_azure/0.6.0 networkmanagementclient/2.7.0
        Azure-SDK-For-Python AZURECLI/2.0.64
    method: GET
    uri: https://management.azure.com/subscriptions/00000000-0000-0000-0000-000000000000/resourceGroups/clitest.rg000001/providers/Microsoft.Network/natGateways/ng1?api-version=2019-02-01
  response:
    body:
      string: "{\r\n  \"name\": \"ng1\",\r\n  \"id\": \"/subscriptions/00000000-0000-0000-0000-000000000000/resourceGroups/clitest.rg000001/providers/Microsoft.Network/natGateways/ng1\",\r\n
        \ \"etag\": \"W/\\\"15941f75-3193-4d1d-af0c-8487bf751772\\\"\",\r\n  \"type\":
        \"Microsoft.Network/natGateways\",\r\n  \"location\": \"eastus2\",\r\n  \"properties\":
        {\r\n    \"provisioningState\": \"Succeeded\",\r\n    \"idleTimeoutInMinutes\":
        4,\r\n    \"publicIpAddresses\": [\r\n      {\r\n        \"id\": \"/subscriptions/00000000-0000-0000-0000-000000000000/resourceGroups/clitest.rg000001/providers/Microsoft.Network/publicIPAddresses/pip\"\r\n
        \     }\r\n    ],\r\n    \"publicIpPrefixes\": [\r\n      {\r\n        \"id\":
        \"/subscriptions/00000000-0000-0000-0000-000000000000/resourceGroups/clitest.rg000001/providers/Microsoft.Network/publicIPPrefixes/prefix\"\r\n
        \     }\r\n    ]\r\n  },\r\n  \"sku\": {\r\n    \"name\": \"Standard\",\r\n
        \   \"tier\": \"Regional\"\r\n  }\r\n}"
    headers:
      cache-control:
      - no-cache
      content-length:
      - '1038'
      content-type:
      - application/json; charset=utf-8
      date:
      - Tue, 07 May 2019 20:29:15 GMT
      etag:
      - W/"15941f75-3193-4d1d-af0c-8487bf751772"
      expires:
      - '-1'
      pragma:
      - no-cache
      server:
      - Microsoft-HTTPAPI/2.0
      - Microsoft-HTTPAPI/2.0
      strict-transport-security:
      - max-age=31536000; includeSubDomains
      transfer-encoding:
      - chunked
      vary:
      - Accept-Encoding
      x-content-type-options:
      - nosniff
    status:
      code: 200
      message: OK
- request:
    body: null
    headers:
      Accept:
      - application/json
      Accept-Encoding:
      - gzip, deflate
      CommandName:
      - network nat-gateway update
      Connection:
      - keep-alive
      ParameterSetName:
      - -g --name --idle-timeout
      User-Agent:
      - python/3.7.3 (Windows-10-10.0.17763-SP0) msrest/0.6.6 msrest_azure/0.6.0 networkmanagementclient/2.7.0
        Azure-SDK-For-Python AZURECLI/2.0.64
      accept-language:
      - en-US
    method: GET
    uri: https://management.azure.com/subscriptions/00000000-0000-0000-0000-000000000000/resourceGroups/clitest.rg000001/providers/Microsoft.Network/natGateways/ng1?api-version=2019-02-01
  response:
    body:
      string: "{\r\n  \"name\": \"ng1\",\r\n  \"id\": \"/subscriptions/00000000-0000-0000-0000-000000000000/resourceGroups/clitest.rg000001/providers/Microsoft.Network/natGateways/ng1\",\r\n
        \ \"etag\": \"W/\\\"15941f75-3193-4d1d-af0c-8487bf751772\\\"\",\r\n  \"type\":
        \"Microsoft.Network/natGateways\",\r\n  \"location\": \"eastus2\",\r\n  \"properties\":
        {\r\n    \"provisioningState\": \"Succeeded\",\r\n    \"idleTimeoutInMinutes\":
        4,\r\n    \"publicIpAddresses\": [\r\n      {\r\n        \"id\": \"/subscriptions/00000000-0000-0000-0000-000000000000/resourceGroups/clitest.rg000001/providers/Microsoft.Network/publicIPAddresses/pip\"\r\n
        \     }\r\n    ],\r\n    \"publicIpPrefixes\": [\r\n      {\r\n        \"id\":
        \"/subscriptions/00000000-0000-0000-0000-000000000000/resourceGroups/clitest.rg000001/providers/Microsoft.Network/publicIPPrefixes/prefix\"\r\n
        \     }\r\n    ]\r\n  },\r\n  \"sku\": {\r\n    \"name\": \"Standard\",\r\n
        \   \"tier\": \"Regional\"\r\n  }\r\n}"
    headers:
      cache-control:
      - no-cache
      content-length:
      - '1038'
      content-type:
      - application/json; charset=utf-8
      date:
      - Tue, 07 May 2019 20:29:17 GMT
      etag:
      - W/"15941f75-3193-4d1d-af0c-8487bf751772"
      expires:
      - '-1'
      pragma:
      - no-cache
      server:
      - Microsoft-HTTPAPI/2.0
      - Microsoft-HTTPAPI/2.0
      strict-transport-security:
      - max-age=31536000; includeSubDomains
      transfer-encoding:
      - chunked
      vary:
      - Accept-Encoding
      x-content-type-options:
      - nosniff
    status:
      code: 200
      message: OK
- request:
    body: 'b''{"id": "/subscriptions/00000000-0000-0000-0000-000000000000/resourceGroups/clitest.rg000001/providers/Microsoft.Network/natGateways/ng1",
      "location": "eastus2", "sku": {"name": "Standard"}, "properties": {"idleTimeoutInMinutes":
      5, "publicIpAddresses": [{"id": "/subscriptions/00000000-0000-0000-0000-000000000000/resourceGroups/clitest.rg000001/providers/Microsoft.Network/publicIPAddresses/pip"}],
      "publicIpPrefixes": [], "provisioningState": "Succeeded"}, "etag": "W/\\"15941f75-3193-4d1d-af0c-8487bf751772\\""}'''
    headers:
      Accept:
      - application/json
      Accept-Encoding:
      - gzip, deflate
      CommandName:
      - network nat-gateway update
      Connection:
      - keep-alive
      Content-Length:
      - '630'
      Content-Type:
      - application/json; charset=utf-8
      ParameterSetName:
      - -g --name --idle-timeout
      User-Agent:
      - python/3.7.3 (Windows-10-10.0.17763-SP0) msrest/0.6.6 msrest_azure/0.6.0 networkmanagementclient/2.7.0
        Azure-SDK-For-Python AZURECLI/2.0.64
      accept-language:
      - en-US
    method: PUT
    uri: https://management.azure.com/subscriptions/00000000-0000-0000-0000-000000000000/resourceGroups/clitest.rg000001/providers/Microsoft.Network/natGateways/ng1?api-version=2019-02-01
  response:
    body:
      string: "{\r\n  \"name\": \"ng1\",\r\n  \"id\": \"/subscriptions/00000000-0000-0000-0000-000000000000/resourceGroups/clitest.rg000001/providers/Microsoft.Network/natGateways/ng1\",\r\n
        \ \"etag\": \"W/\\\"905a4278-f374-4053-9338-f4fa577d1aa7\\\"\",\r\n  \"type\":
        \"Microsoft.Network/natGateways\",\r\n  \"location\": \"eastus2\",\r\n  \"properties\":
        {\r\n    \"provisioningState\": \"Updating\",\r\n    \"idleTimeoutInMinutes\":
        5,\r\n    \"publicIpAddresses\": [\r\n      {\r\n        \"id\": \"/subscriptions/00000000-0000-0000-0000-000000000000/resourceGroups/clitest.rg000001/providers/Microsoft.Network/publicIPAddresses/pip\"\r\n
        \     }\r\n    ]\r\n  },\r\n  \"sku\": {\r\n    \"name\": \"Standard\",\r\n
        \   \"tier\": \"Regional\"\r\n  }\r\n}"
    headers:
      azure-asyncoperation:
      - https://management.azure.com/subscriptions/00000000-0000-0000-0000-000000000000/providers/Microsoft.Network/locations/eastus2/operations/897d90e2-7a97-4f1e-ae83-09e19c30e011?api-version=2019-02-01
      cache-control:
      - no-cache
      content-length:
      - '772'
      content-type:
      - application/json; charset=utf-8
      date:
      - Tue, 07 May 2019 20:29:18 GMT
      expires:
      - '-1'
      pragma:
      - no-cache
      server:
      - Microsoft-HTTPAPI/2.0
      - Microsoft-HTTPAPI/2.0
      strict-transport-security:
      - max-age=31536000; includeSubDomains
      transfer-encoding:
      - chunked
      vary:
      - Accept-Encoding
      x-content-type-options:
      - nosniff
      x-ms-ratelimit-remaining-subscription-writes:
      - '1198'
    status:
      code: 200
      message: OK
- request:
    body: null
    headers:
      Accept:
      - application/json
      Accept-Encoding:
      - gzip, deflate
      CommandName:
      - network nat-gateway update
      Connection:
      - keep-alive
      ParameterSetName:
      - -g --name --idle-timeout
      User-Agent:
      - python/3.7.3 (Windows-10-10.0.17763-SP0) msrest/0.6.6 msrest_azure/0.6.0 networkmanagementclient/2.7.0
        Azure-SDK-For-Python AZURECLI/2.0.64
    method: GET
    uri: https://management.azure.com/subscriptions/00000000-0000-0000-0000-000000000000/providers/Microsoft.Network/locations/eastus2/operations/897d90e2-7a97-4f1e-ae83-09e19c30e011?api-version=2019-02-01
  response:
    body:
      string: "{\r\n  \"status\": \"Succeeded\"\r\n}"
    headers:
      cache-control:
      - no-cache
      content-length:
      - '29'
      content-type:
      - application/json; charset=utf-8
      date:
      - Tue, 07 May 2019 20:29:30 GMT
      expires:
      - '-1'
      pragma:
      - no-cache
      server:
      - Microsoft-HTTPAPI/2.0
      - Microsoft-HTTPAPI/2.0
      strict-transport-security:
      - max-age=31536000; includeSubDomains
      transfer-encoding:
      - chunked
      vary:
      - Accept-Encoding
      x-content-type-options:
      - nosniff
    status:
      code: 200
      message: OK
- request:
    body: null
    headers:
      Accept:
      - application/json
      Accept-Encoding:
      - gzip, deflate
      CommandName:
      - network nat-gateway update
      Connection:
      - keep-alive
      ParameterSetName:
      - -g --name --idle-timeout
      User-Agent:
      - python/3.7.3 (Windows-10-10.0.17763-SP0) msrest/0.6.6 msrest_azure/0.6.0 networkmanagementclient/2.7.0
        Azure-SDK-For-Python AZURECLI/2.0.64
    method: GET
    uri: https://management.azure.com/subscriptions/00000000-0000-0000-0000-000000000000/resourceGroups/clitest.rg000001/providers/Microsoft.Network/natGateways/ng1?api-version=2019-02-01
  response:
    body:
      string: "{\r\n  \"name\": \"ng1\",\r\n  \"id\": \"/subscriptions/00000000-0000-0000-0000-000000000000/resourceGroups/clitest.rg000001/providers/Microsoft.Network/natGateways/ng1\",\r\n
        \ \"etag\": \"W/\\\"18572f94-bea8-4c4f-9c84-83ccc2fad08c\\\"\",\r\n  \"type\":
        \"Microsoft.Network/natGateways\",\r\n  \"location\": \"eastus2\",\r\n  \"properties\":
        {\r\n    \"provisioningState\": \"Succeeded\",\r\n    \"idleTimeoutInMinutes\":
        5,\r\n    \"publicIpAddresses\": [\r\n      {\r\n        \"id\": \"/subscriptions/00000000-0000-0000-0000-000000000000/resourceGroups/clitest.rg000001/providers/Microsoft.Network/publicIPAddresses/pip\"\r\n
        \     }\r\n    ]\r\n  },\r\n  \"sku\": {\r\n    \"name\": \"Standard\",\r\n
        \   \"tier\": \"Regional\"\r\n  }\r\n}"
    headers:
      cache-control:
      - no-cache
      content-length:
      - '773'
      content-type:
      - application/json; charset=utf-8
      date:
      - Tue, 07 May 2019 20:29:31 GMT
      etag:
      - W/"18572f94-bea8-4c4f-9c84-83ccc2fad08c"
      expires:
      - '-1'
      pragma:
      - no-cache
      server:
      - Microsoft-HTTPAPI/2.0
      - Microsoft-HTTPAPI/2.0
      strict-transport-security:
      - max-age=31536000; includeSubDomains
      transfer-encoding:
      - chunked
      vary:
      - Accept-Encoding
      x-content-type-options:
      - nosniff
    status:
      code: 200
      message: OK
- request:
    body: null
    headers:
      Accept:
      - application/json
      Accept-Encoding:
      - gzip, deflate
      CommandName:
      - network nat-gateway list
      Connection:
      - keep-alive
      ParameterSetName:
      - -g
      User-Agent:
      - python/3.7.3 (Windows-10-10.0.17763-SP0) msrest/0.6.6 msrest_azure/0.6.0 networkmanagementclient/2.7.0
        Azure-SDK-For-Python AZURECLI/2.0.64
      accept-language:
      - en-US
    method: GET
    uri: https://management.azure.com/subscriptions/00000000-0000-0000-0000-000000000000/resourceGroups/clitest.rg000001/providers/Microsoft.Network/natGateways?api-version=2019-02-01
  response:
    body:
      string: "{\r\n  \"value\": [\r\n    {\r\n      \"name\": \"ng1\",\r\n      \"id\":
        \"/subscriptions/00000000-0000-0000-0000-000000000000/resourceGroups/clitest.rg000001/providers/Microsoft.Network/natGateways/ng1\",\r\n
        \     \"etag\": \"W/\\\"18572f94-bea8-4c4f-9c84-83ccc2fad08c\\\"\",\r\n      \"type\":
        \"Microsoft.Network/natGateways\",\r\n      \"location\": \"eastus2\",\r\n
        \     \"properties\": {\r\n        \"provisioningState\": \"Succeeded\",\r\n
        \       \"idleTimeoutInMinutes\": 5,\r\n        \"publicIpAddresses\": [\r\n
        \         {\r\n            \"id\": \"/subscriptions/00000000-0000-0000-0000-000000000000/resourceGroups/clitest.rg000001/providers/Microsoft.Network/publicIPAddresses/pip\"\r\n
        \         }\r\n        ]\r\n      },\r\n      \"sku\": {\r\n        \"name\":
        \"Standard\",\r\n        \"tier\": \"Regional\"\r\n      }\r\n    }\r\n  ]\r\n}"
    headers:
      cache-control:
      - no-cache
      content-length:
      - '878'
      content-type:
      - application/json; charset=utf-8
      date:
      - Tue, 07 May 2019 20:29:31 GMT
      expires:
      - '-1'
      pragma:
      - no-cache
      server:
      - Microsoft-HTTPAPI/2.0
      - Microsoft-HTTPAPI/2.0
      strict-transport-security:
      - max-age=31536000; includeSubDomains
      transfer-encoding:
      - chunked
      vary:
      - Accept-Encoding
      x-content-type-options:
      - nosniff
    status:
      code: 200
      message: OK
- request:
    body: null
    headers:
      Accept:
      - application/json
      Accept-Encoding:
      - gzip, deflate
      CommandName:
      - network nat-gateway show
      Connection:
      - keep-alive
      ParameterSetName:
      - --resource-group --name
      User-Agent:
      - python/3.7.3 (Windows-10-10.0.17763-SP0) msrest/0.6.6 msrest_azure/0.6.0 networkmanagementclient/2.7.0
        Azure-SDK-For-Python AZURECLI/2.0.64
      accept-language:
      - en-US
    method: GET
    uri: https://management.azure.com/subscriptions/00000000-0000-0000-0000-000000000000/resourceGroups/clitest.rg000001/providers/Microsoft.Network/natGateways/ng1?api-version=2019-02-01
  response:
    body:
      string: "{\r\n  \"name\": \"ng1\",\r\n  \"id\": \"/subscriptions/00000000-0000-0000-0000-000000000000/resourceGroups/clitest.rg000001/providers/Microsoft.Network/natGateways/ng1\",\r\n
        \ \"etag\": \"W/\\\"18572f94-bea8-4c4f-9c84-83ccc2fad08c\\\"\",\r\n  \"type\":
        \"Microsoft.Network/natGateways\",\r\n  \"location\": \"eastus2\",\r\n  \"properties\":
        {\r\n    \"provisioningState\": \"Succeeded\",\r\n    \"idleTimeoutInMinutes\":
        5,\r\n    \"publicIpAddresses\": [\r\n      {\r\n        \"id\": \"/subscriptions/00000000-0000-0000-0000-000000000000/resourceGroups/clitest.rg000001/providers/Microsoft.Network/publicIPAddresses/pip\"\r\n
        \     }\r\n    ]\r\n  },\r\n  \"sku\": {\r\n    \"name\": \"Standard\",\r\n
        \   \"tier\": \"Regional\"\r\n  }\r\n}"
    headers:
      cache-control:
      - no-cache
      content-length:
      - '773'
      content-type:
      - application/json; charset=utf-8
      date:
      - Tue, 07 May 2019 20:29:33 GMT
      etag:
      - W/"18572f94-bea8-4c4f-9c84-83ccc2fad08c"
      expires:
      - '-1'
      pragma:
      - no-cache
      server:
      - Microsoft-HTTPAPI/2.0
      - Microsoft-HTTPAPI/2.0
      strict-transport-security:
      - max-age=31536000; includeSubDomains
      transfer-encoding:
      - chunked
      vary:
      - Accept-Encoding
      x-content-type-options:
      - nosniff
    status:
      code: 200
      message: OK
- request:
    body: null
    headers:
      Accept:
      - application/json
      Accept-Encoding:
      - gzip, deflate
      CommandName:
      - network nat-gateway delete
      Connection:
      - keep-alive
      Content-Length:
      - '0'
      ParameterSetName:
      - --resource-group --name
      User-Agent:
      - python/3.7.3 (Windows-10-10.0.17763-SP0) msrest/0.6.6 msrest_azure/0.6.0 networkmanagementclient/2.7.0
        Azure-SDK-For-Python AZURECLI/2.0.64
      accept-language:
      - en-US
    method: DELETE
    uri: https://management.azure.com/subscriptions/00000000-0000-0000-0000-000000000000/resourceGroups/clitest.rg000001/providers/Microsoft.Network/natGateways/ng1?api-version=2019-02-01
  response:
    body:
      string: ''
    headers:
      azure-asyncoperation:
      - https://management.azure.com/subscriptions/00000000-0000-0000-0000-000000000000/providers/Microsoft.Network/locations/eastus2/operations/b1f5de30-ce51-465a-9e40-f121954d9f9a?api-version=2019-02-01
      cache-control:
      - no-cache
      content-length:
      - '0'
      date:
      - Tue, 07 May 2019 20:29:34 GMT
      expires:
      - '-1'
      location:
      - https://management.azure.com/subscriptions/00000000-0000-0000-0000-000000000000/providers/Microsoft.Network/locations/eastus2/operationResults/b1f5de30-ce51-465a-9e40-f121954d9f9a?api-version=2019-02-01
      pragma:
      - no-cache
      server:
      - Microsoft-HTTPAPI/2.0
      - Microsoft-HTTPAPI/2.0
      strict-transport-security:
      - max-age=31536000; includeSubDomains
      x-content-type-options:
      - nosniff
      x-ms-ratelimit-remaining-subscription-deletes:
      - '14999'
    status:
      code: 202
      message: Accepted
- request:
    body: null
    headers:
      Accept:
      - application/json
      Accept-Encoding:
      - gzip, deflate
      CommandName:
      - network nat-gateway delete
      Connection:
      - keep-alive
      ParameterSetName:
      - --resource-group --name
      User-Agent:
      - python/3.7.3 (Windows-10-10.0.17763-SP0) msrest/0.6.6 msrest_azure/0.6.0 networkmanagementclient/2.7.0
        Azure-SDK-For-Python AZURECLI/2.0.64
    method: GET
    uri: https://management.azure.com/subscriptions/00000000-0000-0000-0000-000000000000/providers/Microsoft.Network/locations/eastus2/operations/b1f5de30-ce51-465a-9e40-f121954d9f9a?api-version=2019-02-01
  response:
    body:
      string: "{\r\n  \"status\": \"Succeeded\"\r\n}"
    headers:
      cache-control:
      - no-cache
      content-length:
      - '29'
      content-type:
      - application/json; charset=utf-8
      date:
      - Tue, 07 May 2019 20:29:45 GMT
      expires:
      - '-1'
      pragma:
      - no-cache
      server:
      - Microsoft-HTTPAPI/2.0
      - Microsoft-HTTPAPI/2.0
      strict-transport-security:
      - max-age=31536000; includeSubDomains
      transfer-encoding:
      - chunked
      vary:
      - Accept-Encoding
      x-content-type-options:
      - nosniff
    status:
      code: 200
      message: OK
- request:
    body: null
    headers:
      Accept:
      - application/json
      Accept-Encoding:
      - gzip, deflate
      CommandName:
      - group delete
      Connection:
      - keep-alive
      Content-Length:
      - '0'
      ParameterSetName:
      - --name --yes --no-wait
      User-Agent:
      - python/3.7.3 (Windows-10-10.0.17763-SP0) msrest/0.6.6 msrest_azure/0.6.0 resourcemanagementclient/2.1.0
        Azure-SDK-For-Python AZURECLI/2.0.64
      accept-language:
      - en-US
    method: DELETE
    uri: https://management.azure.com/subscriptions/00000000-0000-0000-0000-000000000000/resourcegroups/clitest.rg000001?api-version=2018-05-01
  response:
    body:
      string: ''
    headers:
      cache-control:
      - no-cache
      content-length:
      - '0'
      date:
      - Tue, 07 May 2019 20:29:47 GMT
      expires:
      - '-1'
      location:
      - https://management.azure.com/subscriptions/00000000-0000-0000-0000-000000000000/operationresults/eyJqb2JJZCI6IlJFU09VUkNFR1JPVVBERUxFVElPTkpPQi1DTElURVNUOjJFUkc3NUZST0xNT0dPWkVXWEY1M1lZWUNFRDIzWExVS08zWk9QV3wwN0U4QzQwRTdEOUQ1OUMyLUVBU1RVUzIiLCJqb2JMb2NhdGlvbiI6ImVhc3R1czIifQ?api-version=2018-05-01
      pragma:
      - no-cache
      strict-transport-security:
      - max-age=31536000; includeSubDomains
      x-content-type-options:
      - nosniff
      x-ms-ratelimit-remaining-subscription-deletes:
      - '14998'
    status:
      code: 202
      message: Accepted
version: 1
