interactions:
- request:
    body: '{"location": "westus", "tags": {"product": "azurecli", "cause": "automation",
      "date": "2018-06-29T20:46:06Z"}}'
    headers:
      Accept: [application/json]
      Accept-Encoding: ['gzip, deflate']
      CommandName: [group create]
      Connection: [keep-alive]
      Content-Length: ['110']
      Content-Type: [application/json; charset=utf-8]
      User-Agent: [python/3.6.5 (Darwin-17.6.0-x86_64-i386-64bit) requests/2.19.1
          msrest/0.5.1 msrest_azure/0.4.33 resourcemanagementclient/2.0.0rc2 Azure-SDK-For-Python
          AZURECLI/2.0.41]
      accept-language: [en-US]
    method: PUT
    uri: https://management.azure.com/subscriptions/00000000-0000-0000-0000-000000000000/resourcegroups/cli_test_keyvault_sa000001?api-version=2018-05-01
  response:
    body: {string: '{"id":"/subscriptions/00000000-0000-0000-0000-000000000000/resourceGroups/cli_test_keyvault_sa000001","name":"cli_test_keyvault_sa000001","location":"westus","tags":{"product":"azurecli","cause":"automation","date":"2018-06-29T20:46:06Z"},"properties":{"provisioningState":"Succeeded"}}'}
    headers:
      cache-control: [no-cache]
      content-length: ['384']
      content-type: [application/json; charset=utf-8]
      date: ['Fri, 29 Jun 2018 20:46:08 GMT']
      expires: ['-1']
      pragma: [no-cache]
      strict-transport-security: [max-age=31536000; includeSubDomains]
      x-content-type-options: [nosniff]
      x-ms-ratelimit-remaining-subscription-writes: ['1199']
    status: {code: 201, message: Created}
- request:
    body: null
    headers:
      Accept: [application/json]
      Accept-Encoding: ['gzip, deflate']
      Connection: [keep-alive]
      Content-Type: [application/json; charset=utf-8]
      User-Agent: [python/3.6.5 (Darwin-17.6.0-x86_64-i386-64bit) requests/2.19.1
          msrest/0.5.1 msrest_azure/0.4.33 azure-graphrbac/0.40.0 Azure-SDK-For-Python]
      accept-language: [en-US]
    method: GET
    uri: https://graph.windows.net/00000000-0000-0000-0000-000000000000/me?api-version=1.6
  response:
    body: {string: '{"odata.metadata":"https://graph.windows.net/00000000-0000-0000-0000-000000000000/$metadata#directoryObjects/Microsoft.DirectoryServices.User/@Element","odata.type":"Microsoft.DirectoryServices.User","objectType":"User","objectId":"cdf4ba39-6a56-45be-a72a-13ec9cdfee91","deletionTimestamp":null,"accountEnabled":true,"ageGroup":null,"assignedLicenses":[{"disabledPlans":[],"skuId":"488ba24a-39a9-4473-8ee5-19291e71b002"},{"disabledPlans":[],"skuId":"b05e124f-c7cc-45a0-a6aa-8cf78c946968"},{"disabledPlans":["0b03f40b-c404-40c3-8651-2aceb74365fa","b650d915-9886-424b-a08d-633cede56f57","e95bec33-7c88-4a70-8e19-b10bd9d0c014","5dbe027f-2339-4123-9542-606e4d348a72","fe71d6c3-a2ea-4499-9778-da042bf08063","fafd7243-e5c1-4a3a-9e40-495efcb1d3c3"],"skuId":"ea126fc5-a19e-42e2-a731-da9d437bffcf"},{"disabledPlans":[],"skuId":"c7df2760-2c81-4ef7-b578-5b5392b571df"},{"disabledPlans":[],"skuId":"c5928f49-12ba-48f7-ada3-0d743a3601d5"},{"disabledPlans":["e95bec33-7c88-4a70-8e19-b10bd9d0c014","5dbe027f-2339-4123-9542-606e4d348a72"],"skuId":"f82a60b8-1ee3-4cfb-a4fe-1c6a53c2656c"},{"disabledPlans":[],"skuId":"d3b4fe1f-9992-4930-8acb-ca6ec609365e"},{"disabledPlans":[],"skuId":"c52ea49f-fe5d-4e95-93ba-1de91d380f89"}],"assignedPlans":[{"assignedTimestamp":"2018-04-24T04:36:41Z","capabilityStatus":"Enabled","service":"SharePoint","servicePlanId":"fe71d6c3-a2ea-4499-9778-da042bf08063"},{"assignedTimestamp":"2018-04-24T04:36:41Z","capabilityStatus":"Enabled","service":"SharePoint","servicePlanId":"2bdbaf8f-738f-4ac7-9234-3c3ee2ce7d0f"},{"assignedTimestamp":"2018-04-24T04:36:41Z","capabilityStatus":"Deleted","service":"SharePoint","servicePlanId":"2125cfd7-2110-4567-83c4-c1cd5275163d"},{"assignedTimestamp":"2018-04-24T04:36:41Z","capabilityStatus":"Enabled","service":"SharePoint","servicePlanId":"da792a53-cbc0-4184-a10d-e544dd34b3c1"},{"assignedTimestamp":"2018-04-24T04:36:41Z","capabilityStatus":"Deleted","service":"SharePoint","servicePlanId":"c4048e79-4474-4c74-ba9b-c31ff225e511"},{"assignedTimestamp":"2018-04-24T04:36:41Z","capabilityStatus":"Enabled","service":"SharePoint","servicePlanId":"e95bec33-7c88-4a70-8e19-b10bd9d0c014"},{"assignedTimestamp":"2018-04-24T04:36:41Z","capabilityStatus":"Enabled","service":"SharePoint","servicePlanId":"5dbe027f-2339-4123-9542-606e4d348a72"},{"assignedTimestamp":"2018-03-18T01:43:17Z","capabilityStatus":"Enabled","service":"MicrosoftOffice","servicePlanId":"fafd7243-e5c1-4a3a-9e40-495efcb1d3c3"},{"assignedTimestamp":"2018-03-17T11:08:11Z","capabilityStatus":"Enabled","service":"WindowsDefenderATP","servicePlanId":"871d91ec-ec1a-452b-a83f-bd76c7d770ef"},{"assignedTimestamp":"2018-03-17T11:08:11Z","capabilityStatus":"Enabled","service":"AzureAdvancedThreatAnalytics","servicePlanId":"14ab5db5-e6c4-4b20-b4bc-13e36fd2227f"},{"assignedTimestamp":"2018-03-17T11:08:11Z","capabilityStatus":"Enabled","service":"Windows","servicePlanId":"e7c91390-7625-45be-94e0-e16907e03118"},{"assignedTimestamp":"2018-01-09T10:23:23Z","capabilityStatus":"Enabled","service":"ProjectWorkManagement","servicePlanId":"b737dad2-2f6c-4c65-90e3-ca563267e8b9"},{"assignedTimestamp":"2018-01-01T00:45:04Z","capabilityStatus":"Enabled","service":"AADPremiumService","servicePlanId":"41781fb2-bc02-4b7c-bd55-b576c07bb09d"},{"assignedTimestamp":"2018-01-01T00:45:04Z","capabilityStatus":"Enabled","service":"MultiFactorService","servicePlanId":"8a256a2b-b617-496d-b51b-e76466e88db0"},{"assignedTimestamp":"2017-12-31T09:05:59Z","capabilityStatus":"Deleted","service":"Adallom","servicePlanId":"932ad362-64a8-4783-9106-97849a1a30b9"},{"assignedTimestamp":"2017-12-16T12:54:56Z","capabilityStatus":"Enabled","service":"To-Do","servicePlanId":"3fb82609-8c27-4f7b-bd51-30634711ee67"},{"assignedTimestamp":"2017-12-16T12:54:56Z","capabilityStatus":"Enabled","service":"RMSOnline","servicePlanId":"5689bec4-755d-4753-8b61-40975025187c"},{"assignedTimestamp":"2017-12-16T12:54:56Z","capabilityStatus":"Enabled","service":"Adallom","servicePlanId":"2e2ddb96-6af9-4b1d-a3f0-d6ecfd22edb2"},{"assignedTimestamp":"2017-01-26T01:41:01Z","capabilityStatus":"Enabled","service":"Adallom","servicePlanId":"8c098270-9dd4-4350-9b30-ba4703f3b36b"},{"assignedTimestamp":"2017-10-07T03:10:17Z","capabilityStatus":"Enabled","service":"Netbreeze","servicePlanId":"03acaee3-9492-4f40-aed4-bcb6b32981b6"},{"assignedTimestamp":"2017-10-07T03:10:17Z","capabilityStatus":"Enabled","service":"RMSOnline","servicePlanId":"bea4c11e-220a-4e6d-8eb8-8ea15d019f90"},{"assignedTimestamp":"2017-10-07T03:10:17Z","capabilityStatus":"Enabled","service":"RMSOnline","servicePlanId":"6c57d4b6-3b23-47a5-9bc9-69f17b4947b3"},{"assignedTimestamp":"2017-10-07T03:10:17Z","capabilityStatus":"Enabled","service":"CRM","servicePlanId":"d56f3deb-50d8-465a-bedb-f079817ccac1"},{"assignedTimestamp":"2017-07-06T17:55:21Z","capabilityStatus":"Enabled","service":"MicrosoftCommunicationsOnline","servicePlanId":"4828c8ec-dc2e-4779-b502-87ac9ce28ab7"},{"assignedTimestamp":"2017-07-06T17:55:21Z","capabilityStatus":"Enabled","service":"MicrosoftCommunicationsOnline","servicePlanId":"3e26ee1f-8a5f-4d52-aee2-b81ce45c8f40"},{"assignedTimestamp":"2017-07-06T17:55:20Z","capabilityStatus":"Enabled","service":"TeamspaceAPI","servicePlanId":"57ff2da0-773e-42df-b2af-ffb7a2317929"},{"assignedTimestamp":"2017-07-06T17:55:20Z","capabilityStatus":"Deleted","service":"ProcessSimple","servicePlanId":"76846ad7-7776-4c40-a281-a386362dd1b9"},{"assignedTimestamp":"2017-07-06T17:55:20Z","capabilityStatus":"Deleted","service":"PowerAppsService","servicePlanId":"c68f8d98-5534-41c8-bf36-22fa496fa792"},{"assignedTimestamp":"2017-07-06T17:55:20Z","capabilityStatus":"Enabled","service":"YammerEnterprise","servicePlanId":"7547a3fe-08ee-4ccb-b430-5077c5041653"},{"assignedTimestamp":"2017-07-06T17:55:20Z","capabilityStatus":"Enabled","service":"Sway","servicePlanId":"a23b959c-7ce8-4e57-9140-b90eb88a9e97"},{"assignedTimestamp":"2017-07-06T17:55:20Z","capabilityStatus":"Enabled","service":"MicrosoftCommunicationsOnline","servicePlanId":"0feaeb32-d00e-4d66-bd5a-43b5b83db82c"},{"assignedTimestamp":"2017-07-06T17:55:20Z","capabilityStatus":"Enabled","service":"Deskless","servicePlanId":"8c7d2df8-86f0-4902-b2ed-a0458298f3b3"},{"assignedTimestamp":"2017-07-06T17:55:20Z","capabilityStatus":"Deleted","service":"MicrosoftStream","servicePlanId":"9e700747-8b1d-45e5-ab8d-ef187ceec156"},{"assignedTimestamp":"2017-07-06T17:55:20Z","capabilityStatus":"Enabled","service":"exchange","servicePlanId":"efb87545-963c-4e0d-99df-69c6916d9eb0"},{"assignedTimestamp":"2017-07-06T17:55:20Z","capabilityStatus":"Enabled","service":"MicrosoftOffice","servicePlanId":"43de0ff5-c92c-492b-9116-175376d08c38"},{"assignedTimestamp":"2017-07-06T17:55:20Z","capabilityStatus":"Deleted","service":"OfficeForms","servicePlanId":"2789c901-c14e-48ab-a76a-be334d9d793a"},{"assignedTimestamp":"2017-07-06T17:55:19Z","capabilityStatus":"Enabled","service":"OfficeForms","servicePlanId":"e212cbc7-0961-4c40-9825-01117710dcb1"},{"assignedTimestamp":"2017-07-06T17:55:19Z","capabilityStatus":"Enabled","service":"OfficeForms","servicePlanId":"159f4cd6-e380-449f-a816-af1a9ef76344"},{"assignedTimestamp":"2017-06-11T11:19:06Z","capabilityStatus":"Enabled","service":"MicrosoftStream","servicePlanId":"6c6042f5-6f01-4d67-b8c1-eb99d36eed3e"},{"assignedTimestamp":"2017-06-11T11:19:06Z","capabilityStatus":"Enabled","service":"AADPremiumService","servicePlanId":"eec0eb4f-6444-4f95-aba0-50c24d67f998"},{"assignedTimestamp":"2017-06-11T11:19:06Z","capabilityStatus":"Enabled","service":"SCO","servicePlanId":"c1ec4a95-1f05-45b3-a911-aa3fa01094f5"},{"assignedTimestamp":"2017-05-13T02:29:46Z","capabilityStatus":"Enabled","service":"exchange","servicePlanId":"8e0c0a52-6a6c-4d40-8370-dd62790dcd70"},{"assignedTimestamp":"2017-01-26T01:41:01Z","capabilityStatus":"Enabled","service":"exchange","servicePlanId":"9f431833-0334-42de-a7dc-70aa40db46db"},{"assignedTimestamp":"2017-01-26T01:41:01Z","capabilityStatus":"Enabled","service":"PowerBI","servicePlanId":"70d33638-9c74-4d01-bfd3-562de28bd4ba"},{"assignedTimestamp":"2017-01-26T01:41:01Z","capabilityStatus":"Enabled","service":"exchange","servicePlanId":"4de31727-a228-4ec3-a5bf-8e45b5ca48cc"},{"assignedTimestamp":"2017-01-26T01:41:01Z","capabilityStatus":"Deleted","service":"AzureAnalysis","servicePlanId":"2049e525-b859-401b-b2a0-e0a31c4b1fe4"},{"assignedTimestamp":"2017-01-26T01:41:01Z","capabilityStatus":"Enabled","service":"exchange","servicePlanId":"34c0d7a0-a70f-4668-9238-47f9fc208882"},{"assignedTimestamp":"2016-12-19T04:25:33Z","capabilityStatus":"Deleted","service":"PowerBI","servicePlanId":"fc0a60aa-feee-4746-a0e3-aecfe81a38dd"},{"assignedTimestamp":"2016-11-19T14:33:33Z","capabilityStatus":"Enabled","service":"PowerAppsService","servicePlanId":"9c0dab89-a30c-4117-86e7-97bda240acd2"},{"assignedTimestamp":"2016-11-19T14:33:33Z","capabilityStatus":"Enabled","service":"ProcessSimple","servicePlanId":"07699545-9485-468e-95b6-2fca3738be01"},{"assignedTimestamp":"2012-10-17T12:12:58Z","capabilityStatus":"Enabled","service":"MicrosoftOffice","servicePlanId":"663a804f-1c30-4ff0-9915-9db84f0d1cea"},{"assignedTimestamp":"2015-07-30T05:29:29Z","capabilityStatus":"Enabled","service":"MicrosoftCommunicationsOnline","servicePlanId":"5a10155d-f5c1-411a-a8ec-e99aae125390"},{"assignedTimestamp":"2015-07-30T05:29:29Z","capabilityStatus":"Deleted","service":"MicrosoftCommunicationsOnline","servicePlanId":"27216c54-caf8-4d0d-97e2-517afb5c08f6"}],"city":"REDMOND","companyName":"MICROSOFT","consentProvidedForMinor":null,"country":null,"createdDateTime":null,"creationType":null,"department":"Azure
        and Web COGS 1010 US","dirSyncEnabled":true,"displayName":"Troy Dai","employeeId":null,"facsimileTelephoneNumber":null,"givenName":"Troy","immutableId":"461912","isCompromised":null,"jobTitle":"SENIOR
        SOFTWARE ENGINEER","lastDirSyncTime":"2018-05-05T00:05:41Z","legalAgeGroupClassification":null,"mail":"trdai@microsoft.com","mailNickname":"trdai","mobile":null,"onPremisesDistinguishedName":"CN=Troy
        Dai,OU=UserAccounts,DC=redmond,DC=corp,DC=microsoft,DC=com","onPremisesSecurityIdentifier":"S-1-5-21-2127521184-1604012920-1887927527-7314606","otherMails":[],"passwordPolicies":"DisablePasswordExpiration","passwordProfile":null,"physicalDeliveryOfficeName":"18/2250FL","postalCode":null,"preferredLanguage":null,"provisionedPlans":[{"capabilityStatus":"Deleted","provisioningStatus":"Success","service":"SharePoint"},{"capabilityStatus":"Enabled","provisioningStatus":"Success","service":"SharePoint"},{"capabilityStatus":"Enabled","provisioningStatus":"Success","service":"SharePoint"},{"capabilityStatus":"Deleted","provisioningStatus":"Success","service":"SharePoint"},{"capabilityStatus":"Enabled","provisioningStatus":"Success","service":"SharePoint"},{"capabilityStatus":"Enabled","provisioningStatus":"Success","service":"SharePoint"},{"capabilityStatus":"Enabled","provisioningStatus":"Success","service":"SharePoint"},{"capabilityStatus":"Enabled","provisioningStatus":"Success","service":"Netbreeze"},{"capabilityStatus":"Enabled","provisioningStatus":"Success","service":"CRM"},{"capabilityStatus":"Enabled","provisioningStatus":"Success","service":"MicrosoftCommunicationsOnline"},{"capabilityStatus":"Enabled","provisioningStatus":"Success","service":"MicrosoftCommunicationsOnline"},{"capabilityStatus":"Enabled","provisioningStatus":"Success","service":"MicrosoftCommunicationsOnline"},{"capabilityStatus":"Enabled","provisioningStatus":"Success","service":"exchange"},{"capabilityStatus":"Enabled","provisioningStatus":"Success","service":"exchange"},{"capabilityStatus":"Enabled","provisioningStatus":"Success","service":"exchange"},{"capabilityStatus":"Enabled","provisioningStatus":"Success","service":"exchange"},{"capabilityStatus":"Enabled","provisioningStatus":"Success","service":"exchange"},{"capabilityStatus":"Enabled","provisioningStatus":"Success","service":"MicrosoftOffice"},{"capabilityStatus":"Enabled","provisioningStatus":"Success","service":"MicrosoftOffice"},{"capabilityStatus":"Enabled","provisioningStatus":"Success","service":"MicrosoftCommunicationsOnline"},{"capabilityStatus":"Deleted","provisioningStatus":"Success","service":"MicrosoftCommunicationsOnline"},{"capabilityStatus":"Enabled","provisioningStatus":"Success","service":"MicrosoftOffice"}],"provisioningErrors":[],"proxyAddresses":["X500:/O=Nokia/OU=HUB/cn=Recipients/cn=trdai","X500:/o=SDF/ou=Exchange
        Administrative Group (FYDIBOHF23SPDLT)/cn=Recipients/cn=sdflabs.com-51490-Troy
        Dai","X500:/o=microsoft/ou=First Administrative Group/cn=Recipients/cn=trdai","X500:/o=microsoft/ou=External
        (FYDIBOHF25SPDLT)/cn=Recipients/cn=a84f62fabe9b4550aaeda1239b1a98a0","X500:/o=microsoft/ou=Exchange
        Administrative Group (FYDIBOHF23SPDLT)/cn=Recipients/cn=trdai","X500:/o=SDF/ou=Exchange
        Administrative Group (FYDIBOHF23SPDLT)/cn=Recipients/cn=trdaif6bab3c01c","X500:/o=SDF/ou=Exchange
        Administrative Group (FYDIBOHF23SPDLT)/cn=Recipients/cn=51490-trdai_7c9c85843c","X500:/o=SDF/ou=Exchange
        Administrative Group (FYDIBOHF23SPDLT)/cn=Recipients/cn=51490-trdai_1ff209dd2f","X500:/o=MSNBC/ou=Servers/cn=Recipients/cn=trdai","X500:/o=ExchangeLabs/ou=Exchange
        Administrative Group (FYDIBOHF23SPDLT)/cn=Recipients/cn=trdai8d49b0283b","X500:/o=ExchangeLabs/ou=Exchange
        Administrative Group (FYDIBOHF23SPDLT)/cn=Recipients/cn=microsoft.onmicrosoft.com-55760-Troy
        Dai","smtp:trdai@064d.mgd.microsoft.com","X500:/o=MMS/ou=Exchange Administrative
        Group (FYDIBOHF23SPDLT)/cn=Recipients/cn=Troy Dai0deb72db-4e3f-41b7-b53f-0e30c68d0958","SMTP:trdai@microsoft.com","x500:/o=microsoft/ou=Exchange
        Administrative Group (FYDIBOHF23SPDLT)/cn=Recipients/cn=Troy Dai","smtp:trdai@service.microsoft.com"],"refreshTokensValidFromDateTime":"2018-05-04T23:30:21Z","showInAddressList":true,"signInNames":[],"sipProxyAddress":"trdai@microsoft.com","state":null,"streetAddress":null,"surname":"Dai","telephoneNumber":"+1
        (425) 7062263","thumbnailPhoto@odata.mediaContentType":"image/Jpeg","usageLocation":"US","userIdentities":[],"userPrincipalName":"trdai@microsoft.com","userType":null,"extension_18e31482d3fb4a8ea958aa96b662f508_SupervisorInd":"N","extension_18e31482d3fb4a8ea958aa96b662f508_ProfitCenterCode":"P10130001","extension_18e31482d3fb4a8ea958aa96b662f508_PositionNumber":"90107203","extension_18e31482d3fb4a8ea958aa96b662f508_CostCenterCode":"10130001","extension_18e31482d3fb4a8ea958aa96b662f508_BuildingName":"18","extension_18e31482d3fb4a8ea958aa96b662f508_BuildingID":"17","extension_18e31482d3fb4a8ea958aa96b662f508_ReportsToPersonnelNbr":"186027","extension_18e31482d3fb4a8ea958aa96b662f508_ReportsToFullName":"Diwan,
        Mayuri","extension_18e31482d3fb4a8ea958aa96b662f508_ReportsToEmailName":"MAYURID","extension_18e31482d3fb4a8ea958aa96b662f508_AddressLine1":"1
        Microsoft Way","extension_18e31482d3fb4a8ea958aa96b662f508_CityName":"REDMOND","extension_18e31482d3fb4a8ea958aa96b662f508_CompanyCode":"1010","extension_18e31482d3fb4a8ea958aa96b662f508_CountryShortCode":"US","extension_18e31482d3fb4a8ea958aa96b662f508_LocationAreaCode":"US","extension_18e31482d3fb4a8ea958aa96b662f508_PersonnelNumber":"461912","extension_18e31482d3fb4a8ea958aa96b662f508_StateProvinceCode":"WA","extension_18e31482d3fb4a8ea958aa96b662f508_ZipCode":"98052"}'}
    headers:
      access-control-allow-origin: ['*']
      cache-control: [no-cache]
      content-length: ['15213']
      content-type: [application/json; odata=minimalmetadata; streaming=true; charset=utf-8]
      dataserviceversion: [3.0;]
      date: ['Fri, 29 Jun 2018 20:46:09 GMT']
      duration: ['666905']
      expires: ['-1']
      ocp-aad-diagnostics-server-name: [TJe6MFynSFyAmJNhaN8aNaZ14HLvl6p1KI20CCDX1+8=]
      ocp-aad-session-key: [-5eD3monSaruTn7bKx8qG0wkKCQ2uoK_kKGIG8_C71N94kZloHlcPdzCkEd-1PuPYbg2PBNwv2XRflmkL4xrFOpUXEaH-xuyXy4SsUg9FoavP4aAmaOy_w-yIE4QQycV.bUhT6U_5QOUunHUviFPLsTraoBUyqrpmkIyE6TQM5bQ]
      pragma: [no-cache]
      request-id: [857d5256-29a4-4edd-88c4-8845ae816507]
      server: [Microsoft-IIS/10.0]
      strict-transport-security: [max-age=31536000; includeSubDomains]
      x-aspnet-version: [4.0.30319]
      x-content-type-options: [nosniff]
      x-ms-dirapi-data-contract-version: ['1.6']
      x-powered-by: [ASP.NET, ASP.NET]
    status: {code: 200, message: OK}
- request:
    body: '{"location": "westus", "properties": {"tenantId": "72f988bf-86f1-41af-91ab-2d7cd011db47",
      "sku": {"family": "A", "name": "premium"}, "accessPolicies": [{"tenantId": "72f988bf-86f1-41af-91ab-2d7cd011db47",
      "objectId": "cdf4ba39-6a56-45be-a72a-13ec9cdfee91", "permissions": {"keys":
      ["get", "create", "delete", "list", "update", "import", "backup", "restore",
      "recover"], "secrets": ["get", "list", "set", "delete", "backup", "restore",
      "recover"], "certificates": ["get", "list", "delete", "create", "import", "update",
      "managecontacts", "getissuers", "listissuers", "setissuers", "deleteissuers",
      "manageissuers", "recover"], "storage": ["get", "list", "delete", "set", "update",
      "regeneratekey", "setsas", "listsas", "getsas", "deletesas"]}}]}}'
    headers:
      Accept: [application/json]
      Accept-Encoding: ['gzip, deflate']
      CommandName: [keyvault create]
      Connection: [keep-alive]
      Content-Length: ['745']
      Content-Type: [application/json; charset=utf-8]
      User-Agent: [python/3.6.5 (Darwin-17.6.0-x86_64-i386-64bit) requests/2.19.1
          msrest/0.5.1 msrest_azure/0.4.33 azure-mgmt-keyvault/1.0.0 Azure-SDK-For-Python
          AZURECLI/2.0.41]
      accept-language: [en-US]
    method: PUT
    uri: https://management.azure.com/subscriptions/00000000-0000-0000-0000-000000000000/resourceGroups/cli_test_keyvault_sa000001/providers/Microsoft.KeyVault/vaults/cli-test-keyvault-000002?api-version=2018-02-14
  response:
    body: {string: '{"id":"/subscriptions/00000000-0000-0000-0000-000000000000/resourceGroups/cli_test_keyvault_sa000001/providers/Microsoft.KeyVault/vaults/cli-test-keyvault-000002","name":"cli-test-keyvault-000002","type":"Microsoft.KeyVault/vaults","location":"westus","tags":{},"properties":{"sku":{"family":"A","name":"premium"},"tenantId":"72f988bf-86f1-41af-91ab-2d7cd011db47","accessPolicies":[{"tenantId":"72f988bf-86f1-41af-91ab-2d7cd011db47","objectId":"cdf4ba39-6a56-45be-a72a-13ec9cdfee91","permissions":{"keys":["get","create","delete","list","update","import","backup","restore","recover"],"secrets":["get","list","set","delete","backup","restore","recover"],"certificates":["get","list","delete","create","import","update","managecontacts","getissuers","listissuers","setissuers","deleteissuers","manageissuers","recover"],"storage":["get","list","delete","set","update","regeneratekey","setsas","listsas","getsas","deletesas"]}}],"enabledForDeployment":false,"vaultUri":"https://cli-test-keyvault-000002.vault.azure.net","provisioningState":"RegisteringDns"}}'}
    headers:
      cache-control: [no-cache]
      content-length: ['1105']
      content-type: [application/json; charset=utf-8]
      date: ['Fri, 29 Jun 2018 20:46:12 GMT']
      expires: ['-1']
      pragma: [no-cache]
      server: [Microsoft-IIS/10.0]
      strict-transport-security: [max-age=31536000; includeSubDomains]
      transfer-encoding: [chunked]
      vary: [Accept-Encoding]
      x-aspnet-version: [4.0.30319]
      x-content-type-options: [nosniff]
      x-ms-keyvault-service-version: [1.0.0.220]
      x-ms-ratelimit-remaining-subscription-writes: ['1199']
      x-powered-by: [ASP.NET]
    status: {code: 200, message: OK}
- request:
    body: null
    headers:
      Accept: [application/json]
      Accept-Encoding: ['gzip, deflate']
      CommandName: [keyvault create]
      Connection: [keep-alive]
      User-Agent: [python/3.6.5 (Darwin-17.6.0-x86_64-i386-64bit) requests/2.19.1
          msrest/0.5.1 msrest_azure/0.4.33 azure-mgmt-keyvault/1.0.0 Azure-SDK-For-Python
          AZURECLI/2.0.41]
    method: GET
    uri: https://management.azure.com/subscriptions/00000000-0000-0000-0000-000000000000/resourceGroups/cli_test_keyvault_sa000001/providers/Microsoft.KeyVault/vaults/cli-test-keyvault-000002?api-version=2018-02-14
  response:
    body: {string: '{"id":"/subscriptions/00000000-0000-0000-0000-000000000000/resourceGroups/cli_test_keyvault_sa000001/providers/Microsoft.KeyVault/vaults/cli-test-keyvault-000002","name":"cli-test-keyvault-000002","type":"Microsoft.KeyVault/vaults","location":"westus","tags":{},"properties":{"sku":{"family":"A","name":"premium"},"tenantId":"72f988bf-86f1-41af-91ab-2d7cd011db47","accessPolicies":[{"tenantId":"72f988bf-86f1-41af-91ab-2d7cd011db47","objectId":"cdf4ba39-6a56-45be-a72a-13ec9cdfee91","permissions":{"keys":["get","create","delete","list","update","import","backup","restore","recover"],"secrets":["get","list","set","delete","backup","restore","recover"],"certificates":["get","list","delete","create","import","update","managecontacts","getissuers","listissuers","setissuers","deleteissuers","manageissuers","recover"],"storage":["get","list","delete","set","update","regeneratekey","setsas","listsas","getsas","deletesas"]}}],"enabledForDeployment":false,"vaultUri":"https://cli-test-keyvault-000002.vault.azure.net/","provisioningState":"Succeeded"}}'}
    headers:
      cache-control: [no-cache]
      content-length: ['1101']
      content-type: [application/json; charset=utf-8]
      date: ['Fri, 29 Jun 2018 20:46:43 GMT']
      expires: ['-1']
      pragma: [no-cache]
      server: [Microsoft-IIS/10.0]
      strict-transport-security: [max-age=31536000; includeSubDomains]
      transfer-encoding: [chunked]
      vary: [Accept-Encoding]
      x-aspnet-version: [4.0.30319]
      x-content-type-options: [nosniff]
      x-ms-keyvault-service-version: [1.0.0.220]
      x-powered-by: [ASP.NET]
    status: {code: 200, message: OK}
- request:
    body: null
    headers:
      Accept: [application/json]
      Accept-Encoding: ['gzip, deflate']
      CommandName: [storage account create]
      Connection: [keep-alive]
      Content-Type: [application/json; charset=utf-8]
      User-Agent: [python/3.6.5 (Darwin-17.6.0-x86_64-i386-64bit) requests/2.19.1
          msrest/0.5.1 msrest_azure/0.4.33 resourcemanagementclient/2.0.0rc2 Azure-SDK-For-Python
          AZURECLI/2.0.41]
      accept-language: [en-US]
    method: GET
    uri: https://management.azure.com/subscriptions/00000000-0000-0000-0000-000000000000/resourcegroups/cli_test_keyvault_sa000001?api-version=2018-05-01
  response:
    body: {string: '{"id":"/subscriptions/00000000-0000-0000-0000-000000000000/resourceGroups/cli_test_keyvault_sa000001","name":"cli_test_keyvault_sa000001","location":"westus","tags":{"product":"azurecli","cause":"automation","date":"2018-06-29T20:46:06Z"},"properties":{"provisioningState":"Succeeded"}}'}
    headers:
      cache-control: [no-cache]
      content-length: ['384']
      content-type: [application/json; charset=utf-8]
      date: ['Fri, 29 Jun 2018 20:46:43 GMT']
      expires: ['-1']
      pragma: [no-cache]
      strict-transport-security: [max-age=31536000; includeSubDomains]
      vary: [Accept-Encoding]
      x-content-type-options: [nosniff]
    status: {code: 200, message: OK}
- request:
    body: '{"sku": {"name": "Standard_RAGRS"}, "kind": "Storage", "location": "westus",
      "properties": {"supportsHttpsTrafficOnly": false}}'
    headers:
      Accept: [application/json]
      Accept-Encoding: ['gzip, deflate']
      CommandName: [storage account create]
      Connection: [keep-alive]
      Content-Length: ['127']
      Content-Type: [application/json; charset=utf-8]
      User-Agent: [python/3.6.5 (Darwin-17.6.0-x86_64-i386-64bit) requests/2.19.1
          msrest/0.5.1 msrest_azure/0.4.33 azure-mgmt-storage/1.5.0 Azure-SDK-For-Python
          AZURECLI/2.0.41]
      accept-language: [en-US]
    method: PUT
    uri: https://management.azure.com/subscriptions/00000000-0000-0000-0000-000000000000/resourceGroups/cli_test_keyvault_sa000001/providers/Microsoft.Storage/storageAccounts/clitestkvsa0000001?api-version=2017-10-01
  response:
    body: {string: ''}
    headers:
      cache-control: [no-cache]
      content-length: ['0']
      content-type: [text/plain; charset=utf-8]
      date: ['Fri, 29 Jun 2018 20:46:49 GMT']
      expires: ['-1']
      location: ['https://management.azure.com/subscriptions/00000000-0000-0000-0000-000000000000/providers/Microsoft.Storage/locations/westus/asyncoperations/93e6d887-be0f-4907-9b07-6361241b8120?monitor=true&api-version=2017-10-01']
      pragma: [no-cache]
      server: ['Microsoft-Azure-Storage-Resource-Provider/1.0,Microsoft-HTTPAPI/2.0
          Microsoft-HTTPAPI/2.0']
      strict-transport-security: [max-age=31536000; includeSubDomains]
      x-content-type-options: [nosniff]
      x-ms-ratelimit-remaining-subscription-writes: ['1199']
    status: {code: 202, message: Accepted}
- request:
    body: null
    headers:
      Accept: [application/json]
      Accept-Encoding: ['gzip, deflate']
      CommandName: [storage account create]
      Connection: [keep-alive]
      Content-Type: [application/json; charset=utf-8]
      User-Agent: [python/3.6.5 (Darwin-17.6.0-x86_64-i386-64bit) requests/2.19.1
          msrest/0.5.1 msrest_azure/0.4.33 azure-mgmt-storage/1.5.0 Azure-SDK-For-Python
          AZURECLI/2.0.41]
      accept-language: [en-US]
    method: GET
    uri: https://management.azure.com/subscriptions/00000000-0000-0000-0000-000000000000/providers/Microsoft.Storage/locations/westus/asyncoperations/93e6d887-be0f-4907-9b07-6361241b8120?monitor=true&api-version=2017-10-01
  response:
    body: {string: ''}
    headers:
      cache-control: [no-cache]
      content-length: ['0']
      content-type: [text/plain; charset=utf-8]
      date: ['Fri, 29 Jun 2018 20:47:06 GMT']
      expires: ['-1']
      location: ['https://management.azure.com/subscriptions/00000000-0000-0000-0000-000000000000/providers/Microsoft.Storage/locations/westus/asyncoperations/93e6d887-be0f-4907-9b07-6361241b8120?monitor=true&api-version=2017-10-01']
      pragma: [no-cache]
      server: ['Microsoft-Azure-Storage-Resource-Provider/1.0,Microsoft-HTTPAPI/2.0
          Microsoft-HTTPAPI/2.0']
      strict-transport-security: [max-age=31536000; includeSubDomains]
      x-content-type-options: [nosniff]
    status: {code: 202, message: Accepted}
- request:
    body: null
    headers:
      Accept: [application/json]
      Accept-Encoding: ['gzip, deflate']
      CommandName: [storage account create]
      Connection: [keep-alive]
      Content-Type: [application/json; charset=utf-8]
      User-Agent: [python/3.6.5 (Darwin-17.6.0-x86_64-i386-64bit) requests/2.19.1
          msrest/0.5.1 msrest_azure/0.4.33 azure-mgmt-storage/1.5.0 Azure-SDK-For-Python
          AZURECLI/2.0.41]
      accept-language: [en-US]
    method: GET
    uri: https://management.azure.com/subscriptions/00000000-0000-0000-0000-000000000000/providers/Microsoft.Storage/locations/westus/asyncoperations/93e6d887-be0f-4907-9b07-6361241b8120?monitor=true&api-version=2017-10-01
  response:
    body: {string: ''}
    headers:
      cache-control: [no-cache]
      content-length: ['0']
      content-type: [text/plain; charset=utf-8]
      date: ['Fri, 29 Jun 2018 20:47:23 GMT']
      expires: ['-1']
      location: ['https://management.azure.com/subscriptions/00000000-0000-0000-0000-000000000000/providers/Microsoft.Storage/locations/westus/asyncoperations/93e6d887-be0f-4907-9b07-6361241b8120?monitor=true&api-version=2017-10-01']
      pragma: [no-cache]
      server: ['Microsoft-Azure-Storage-Resource-Provider/1.0,Microsoft-HTTPAPI/2.0
          Microsoft-HTTPAPI/2.0']
      strict-transport-security: [max-age=31536000; includeSubDomains]
      x-content-type-options: [nosniff]
    status: {code: 202, message: Accepted}
- request:
    body: null
    headers:
      Accept: [application/json]
      Accept-Encoding: ['gzip, deflate']
      CommandName: [storage account create]
      Connection: [keep-alive]
      Content-Type: [application/json; charset=utf-8]
      User-Agent: [python/3.6.5 (Darwin-17.6.0-x86_64-i386-64bit) requests/2.19.1
          msrest/0.5.1 msrest_azure/0.4.33 azure-mgmt-storage/1.5.0 Azure-SDK-For-Python
          AZURECLI/2.0.41]
      accept-language: [en-US]
    method: GET
    uri: https://management.azure.com/subscriptions/00000000-0000-0000-0000-000000000000/providers/Microsoft.Storage/locations/westus/asyncoperations/93e6d887-be0f-4907-9b07-6361241b8120?monitor=true&api-version=2017-10-01
  response:
    body: {string: '{"sku":{"name":"Standard_RAGRS","tier":"Standard"},"kind":"Storage","id":"/subscriptions/00000000-0000-0000-0000-000000000000/resourceGroups/cli_test_keyvault_sa000001/providers/Microsoft.Storage/storageAccounts/clitestkvsa0000001","name":"clitestkvsa0000001","type":"Microsoft.Storage/storageAccounts","location":"westus","tags":{},"properties":{"networkAcls":{"bypass":"AzureServices","virtualNetworkRules":[],"ipRules":[],"defaultAction":"Allow"},"trustedDirectories":["72f988bf-86f1-41af-91ab-2d7cd011db47"],"supportsHttpsTrafficOnly":false,"encryption":{"services":{"file":{"enabled":true,"lastEnabledTime":"2018-06-29T20:46:49.1952580Z"},"blob":{"enabled":true,"lastEnabledTime":"2018-06-29T20:46:49.1952580Z"}},"keySource":"Microsoft.Storage"},"provisioningState":"Succeeded","creationTime":"2018-06-29T20:46:49.0076490Z","primaryEndpoints":{"blob":"https://clitestkvsa0000001.blob.core.windows.net/","queue":"https://clitestkvsa0000001.queue.core.windows.net/","table":"https://clitestkvsa0000001.table.core.windows.net/","file":"https://clitestkvsa0000001.file.core.windows.net/"},"primaryLocation":"westus","statusOfPrimary":"available","secondaryLocation":"eastus","statusOfSecondary":"available","secondaryEndpoints":{"blob":"https://clitestkvsa0000001-secondary.blob.core.windows.net/","queue":"https://clitestkvsa0000001-secondary.queue.core.windows.net/","table":"https://clitestkvsa0000001-secondary.table.core.windows.net/"}}}'}
    headers:
      cache-control: [no-cache]
      content-length: ['1492']
      content-type: [application/json]
      date: ['Fri, 29 Jun 2018 20:47:41 GMT']
      expires: ['-1']
      pragma: [no-cache]
      server: ['Microsoft-Azure-Storage-Resource-Provider/1.0,Microsoft-HTTPAPI/2.0
          Microsoft-HTTPAPI/2.0']
      strict-transport-security: [max-age=31536000; includeSubDomains]
      transfer-encoding: [chunked]
      vary: [Accept-Encoding]
      x-content-type-options: [nosniff]
    status: {code: 200, message: OK}
- request:
    body: null
    headers:
      Accept: [application/json]
      Accept-Encoding: ['gzip, deflate']
      CommandName: [role assignment create]
      Connection: [keep-alive]
      Content-Type: [application/json; charset=utf-8]
      User-Agent: [python/3.6.5 (Darwin-17.6.0-x86_64-i386-64bit) requests/2.19.1
          msrest/0.5.1 msrest_azure/0.4.33 azure-mgmt-authorization/0.40.0 Azure-SDK-For-Python
          AZURECLI/2.0.41]
      accept-language: [en-US]
    method: GET
    uri: https://management.azure.com/subscriptions/00000000-0000-0000-0000-000000000000/resourceGroups/cli_test_keyvault_sa000001/providers/Microsoft.Storage/storageAccounts/clitestkvsa0000001/providers/Microsoft.Authorization/roleDefinitions?$filter=roleName%20eq%20%27Storage%20Account%20Key%20Operator%20Service%20Role%27&api-version=2018-01-01-preview
  response:
    body: {string: '{"value":[{"properties":{"roleName":"Storage Account Key Operator
        Service Role","type":"BuiltInRole","description":"Storage Account Key Operators
        are allowed to list and regenerate keys on Storage Accounts","assignableScopes":["/"],"permissions":[{"actions":["Microsoft.Storage/storageAccounts/listkeys/action","Microsoft.Storage/storageAccounts/regeneratekey/action"],"notActions":[],"dataActions":[],"notDataActions":[]}],"createdOn":"2017-04-13T18:26:11.5770570Z","updatedOn":"2017-04-13T20:57:14.5990198Z","createdBy":null,"updatedBy":null},"id":"/subscriptions/00000000-0000-0000-0000-000000000000/providers/Microsoft.Authorization/roleDefinitions/81a9662b-bebf-436f-a333-f67b29880f12","type":"Microsoft.Authorization/roleDefinitions","name":"81a9662b-bebf-436f-a333-f67b29880f12"}]}'}
    headers:
      cache-control: [no-cache]
      content-length: ['788']
      content-type: [application/json; charset=utf-8]
      date: ['Fri, 29 Jun 2018 20:47:42 GMT']
      expires: ['-1']
      pragma: [no-cache]
      server: [Microsoft-IIS/10.0]
      set-cookie: [x-ms-gateway-slice=productionb; path=/; secure; HttpOnly]
      strict-transport-security: [max-age=31536000; includeSubDomains]
      transfer-encoding: [chunked]
      vary: [Accept-Encoding]
      x-content-type-options: [nosniff]
      x-ms-request-charge: ['1']
      x-powered-by: [ASP.NET]
    status: {code: 200, message: OK}
- request:
    body: null
    headers:
      Accept: [application/json]
      Accept-Encoding: ['gzip, deflate']
      CommandName: [role assignment create]
      Connection: [keep-alive]
      Content-Type: [application/json; charset=utf-8]
      User-Agent: [python/3.6.5 (Darwin-17.6.0-x86_64-i386-64bit) requests/2.19.1
          msrest/0.5.1 msrest_azure/0.4.33 azure-graphrbac/0.40.0 Azure-SDK-For-Python
          AZURECLI/2.0.41]
      accept-language: [en-US]
    method: GET
    uri: https://graph.windows.net/00000000-0000-0000-0000-000000000000/servicePrincipals?$filter=servicePrincipalNames%2Fany%28c%3Ac%20eq%20%27cfa8b339-82a2-471a-a3c9-0fc0be7a4093%27%29&api-version=1.6
  response:
    body: {string: '{"odata.metadata":"https://graph.windows.net/00000000-0000-0000-0000-000000000000/$metadata#directoryObjects/Microsoft.DirectoryServices.ServicePrincipal","value":[{"odata.type":"Microsoft.DirectoryServices.ServicePrincipal","objectType":"ServicePrincipal","objectId":"93c27d83-f79b-4cb2-8dd4-4aa716542e74","deletionTimestamp":null,"accountEnabled":true,"addIns":[],"alternativeNames":[],"appDisplayName":"Azure
        Key Vault","appId":"cfa8b339-82a2-471a-a3c9-0fc0be7a4093","appOwnerTenantId":"f8cdef31-a31e-4b4a-93e4-5f571e91255a","appRoleAssignmentRequired":false,"appRoles":[],"displayName":"Azure
        Key Vault","errorUrl":null,"homepage":null,"keyCredentials":[],"logoutUrl":null,"oauth2Permissions":[{"adminConsentDescription":"Allow
        the application full access to the Azure Key Vault service on behalf of the
        signed-in user","adminConsentDisplayName":"Have full access to the Azure Key
        Vault service","id":"f53da476-18e3-4152-8e01-aec403e6edc0","isEnabled":true,"type":"User","userConsentDescription":"Allow
        the application full access to the Azure Key Vault service on your behalf","userConsentDisplayName":"Have
        full access to the Azure Key Vault service","value":"user_impersonation"}],"passwordCredentials":[],"preferredTokenSigningKeyThumbprint":null,"publisherName":null,"replyUrls":[],"samlMetadataUrl":null,"servicePrincipalNames":["https://vault.azure.net","AzureKeyVault","cfa8b339-82a2-471a-a3c9-0fc0be7a4093"],"servicePrincipalType":"Application","signInAudience":"AzureADMultipleOrgs","tags":[],"tokenEncryptionKeyId":null}]}'}
    headers:
      access-control-allow-origin: ['*']
      cache-control: [no-cache]
      content-length: ['1537']
      content-type: [application/json; odata=minimalmetadata; streaming=true; charset=utf-8]
      dataserviceversion: [3.0;]
      date: ['Fri, 29 Jun 2018 20:47:43 GMT']
      duration: ['652314']
      expires: ['-1']
      ocp-aad-diagnostics-server-name: [HsKElesTxiLgdPMB0FbOxcZnfgWfQ52qrxu3V/VUL9s=]
      ocp-aad-session-key: [eCYxWSpYtCbdOTqcASBkJnRGSB1CRWBU6ybGP0Ws4G3IEz7TDN305nItmtYmpus2uoKAkHmh-z5BI1H8emrjP2w4XMtWZVFAA_QcbbuloXeEE5QPgFJDnu2Wo3sWL1fa.rnQ69Ueatgvt623Iqxj11_Z_hLgzmDvWyNNVF818uIA]
      pragma: [no-cache]
      request-id: [0239f945-df60-47b5-bf48-306a409cb5b5]
      server: [Microsoft-IIS/10.0]
      strict-transport-security: [max-age=31536000; includeSubDomains]
      x-aspnet-version: [4.0.30319]
      x-content-type-options: [nosniff]
      x-ms-dirapi-data-contract-version: ['1.6']
      x-powered-by: [ASP.NET, ASP.NET]
    status: {code: 200, message: OK}
- request:
    body: '{"properties": {"roleDefinitionId": "/subscriptions/00000000-0000-0000-0000-000000000000/providers/Microsoft.Authorization/roleDefinitions/81a9662b-bebf-436f-a333-f67b29880f12",
      "principalId": "93c27d83-f79b-4cb2-8dd4-4aa716542e74"}}'
    headers:
      Accept: [application/json]
      Accept-Encoding: ['gzip, deflate']
      CommandName: [role assignment create]
      Connection: [keep-alive]
      Content-Length: ['233']
      Content-Type: [application/json; charset=utf-8]
      User-Agent: [python/3.6.5 (Darwin-17.6.0-x86_64-i386-64bit) requests/2.19.1
          msrest/0.5.1 msrest_azure/0.4.33 azure-mgmt-authorization/0.40.0 Azure-SDK-For-Python
          AZURECLI/2.0.41]
      accept-language: [en-US]
    method: PUT
    uri: https://management.azure.com/subscriptions/00000000-0000-0000-0000-000000000000/resourceGroups/cli_test_keyvault_sa000001/providers/Microsoft.Storage/storageAccounts/clitestkvsa0000001/providers/Microsoft.Authorization/roleAssignments/6ac75160-b195-47fc-acda-104577e4d9d2?api-version=2018-01-01-preview
  response:
    body: {string: '{"properties":{"roleDefinitionId":"/subscriptions/00000000-0000-0000-0000-000000000000/providers/Microsoft.Authorization/roleDefinitions/81a9662b-bebf-436f-a333-f67b29880f12","principalId":"93c27d83-f79b-4cb2-8dd4-4aa716542e74","principalType":"ServicePrincipal","scope":"/subscriptions/00000000-0000-0000-0000-000000000000/resourceGroups/cli_test_keyvault_sa000001/providers/Microsoft.Storage/storageAccounts/clitestkvsa0000001","createdOn":"2018-06-29T20:47:44.4178399Z","updatedOn":"2018-06-29T20:47:44.4178399Z","createdBy":null,"updatedBy":"cdf4ba39-6a56-45be-a72a-13ec9cdfee91"},"id":"/subscriptions/00000000-0000-0000-0000-000000000000/resourceGroups/cli_test_keyvault_sa000001/providers/Microsoft.Storage/storageAccounts/clitestkvsa0000001/providers/Microsoft.Authorization/roleAssignments/6ac75160-b195-47fc-acda-104577e4d9d2","type":"Microsoft.Authorization/roleAssignments","name":"6ac75160-b195-47fc-acda-104577e4d9d2"}'}
    headers:
      cache-control: [no-cache]
      content-length: ['1029']
      content-type: [application/json; charset=utf-8]
      date: ['Fri, 29 Jun 2018 20:47:46 GMT']
      expires: ['-1']
      pragma: [no-cache]
      server: [Microsoft-IIS/10.0]
      set-cookie: [x-ms-gateway-slice=productionb; path=/; secure; HttpOnly]
      strict-transport-security: [max-age=31536000; includeSubDomains]
      x-content-type-options: [nosniff]
      x-ms-ratelimit-remaining-subscription-writes: ['1199']
      x-ms-request-charge: ['4']
      x-powered-by: [ASP.NET]
    status: {code: 201, message: Created}
- request:
    body: ''
    headers:
      Accept: [application/json]
      Accept-Encoding: ['gzip, deflate']
      Connection: [keep-alive]
      Content-Length: [0]
      Content-Type: [application/json; charset=utf-8]
      User-Agent: [python/3.6.5 (Darwin-17.6.0-x86_64-i386-64bit) requests/2.19.1
          msrest/0.5.1 msrest_azure/0.4.33 azure-keyvault/1.0.0 Azure-SDK-For-Python]
      accept-language: [en-US]
    method: PUT
    uri: https://cli-test-keyvault-000002.vault.azure.net/storage/clitestkvsa0000001?api-version=7.0
  response:
    body: {string: ''}
    headers:
      cache-control: [no-cache]
      content-length: ['0']
      date: ['Fri, 29 Jun 2018 20:47:48 GMT']
      expires: ['-1']
      pragma: [no-cache]
      server: [Microsoft-IIS/10.0]
      strict-transport-security: [max-age=31536000;includeSubDomains]
      www-authenticate: ['Bearer authorization="https://login.windows.net/72f988bf-86f1-41af-91ab-2d7cd011db47",
          resource="https://vault.azure.net"']
      x-aspnet-version: [4.0.30319]
      x-content-type-options: [nosniff]
      x-ms-keyvault-network-info: [addr=167.220.100.108;act_addr_fam=InterNetwork;]
      x-ms-keyvault-region: [westus]
      x-ms-keyvault-service-version: [1.0.0.852]
      x-powered-by: [ASP.NET]
    status: {code: 401, message: Unauthorized}
- request:
    body: 'b''{"resourceId": "/subscriptions/00000000-0000-0000-0000-000000000000/resourceGroups/cli_test_keyvault_sa000001/providers/Microsoft.Storage/storageAccounts/clitestkvsa0000001",
      "activeKeyName": "key1", "autoRegenerateKey": true, "regenerationPeriod": "P90D",
      "attributes": {"enabled": true}}'''
    headers:
      Accept: [application/json]
      Accept-Encoding: ['gzip, deflate']
      Connection: [keep-alive]
      Content-Length: ['338']
      Content-Type: [application/json; charset=utf-8]
      User-Agent: [python/3.6.5 (Darwin-17.6.0-x86_64-i386-64bit) requests/2.19.1
          msrest/0.5.1 msrest_azure/0.4.33 azure-keyvault/1.0.0 Azure-SDK-For-Python]
      accept-language: [en-US]
    method: PUT
    uri: https://cli-test-keyvault-000002.vault.azure.net/storage/clitestkvsa0000001?api-version=7.0
  response:
    body: {string: '{"id":"https://cli-test-keyvault-000002.vault.azure.net/storage/clitestkvsa0000001","resourceId":"/subscriptions/00000000-0000-0000-0000-000000000000/resourceGroups/cli_test_keyvault_sa000001/providers/Microsoft.Storage/storageAccounts/clitestkvsa0000001","activeKeyName":"key1","autoRegenerateKey":true,"regenerationPeriod":"P90D","attributes":{"enabled":true,"created":1530305274,"updated":1530305274,"recoveryLevel":"Purgeable"}}'}
    headers:
      cache-control: [no-cache]
      content-length: ['481']
      content-type: [application/json; charset=utf-8]
      date: ['Fri, 29 Jun 2018 20:47:53 GMT']
      expires: ['-1']
      pragma: [no-cache]
      server: [Microsoft-IIS/10.0]
      strict-transport-security: [max-age=31536000;includeSubDomains]
      x-aspnet-version: [4.0.30319]
      x-content-type-options: [nosniff]
      x-ms-keyvault-network-info: [addr=167.220.100.108;act_addr_fam=InterNetwork;]
      x-ms-keyvault-region: [westus]
      x-ms-keyvault-service-version: [1.0.0.852]
      x-powered-by: [ASP.NET]
    status: {code: 200, message: OK}
- request:
    body: '{"templateUri": "se=2020-01-01&sp=rwdlacup&spr=https&sv=2017-07-29&ss=bqtf&srt=sco&sig=AA/g6eLmr7SOYFBKsMyy6VibIhKpbS5gQLnPd5AGDJE%3D",
      "sasType": "account", "validityPeriod": "PT4H", "attributes": {"enabled": true}}'
    headers:
      Accept: [application/json]
      Accept-Encoding: ['gzip, deflate']
      Connection: [keep-alive]
      Content-Length: ['216']
      Content-Type: [application/json; charset=utf-8]
      User-Agent: [python/3.6.5 (Darwin-17.6.0-x86_64-i386-64bit) requests/2.19.1
          msrest/0.5.1 msrest_azure/0.4.33 azure-keyvault/1.0.0 Azure-SDK-For-Python]
      accept-language: [en-US]
    method: PUT
    uri: https://cli-test-keyvault-000002.vault.azure.net/storage/clitestkvsa0000001/sas/allacctaccess?api-version=7.0
  response:
    body: {string: '{"id":"https://cli-test-keyvault-000002.vault.azure.net/storage/clitestkvsa0000001/sas/allacctaccess","sid":"https://cli-test-keyvault-000002.vault.azure.net/secrets/clitestkvsa0000001-allacctaccess","templateUri":"se=2020-01-01&sp=rwdlacup&spr=https&sv=2017-07-29&ss=bqtf&srt=sco&sig=AA/g6eLmr7SOYFBKsMyy6VibIhKpbS5gQLnPd5AGDJE%3D","sasType":"account","validityPeriod":"PT4H","attributes":{"enabled":true,"created":1530305275,"updated":1530305275,"recoveryLevel":"Purgeable"}}'}
    headers:
      cache-control: [no-cache]
      content-length: ['477']
      content-type: [application/json; charset=utf-8]
      date: ['Fri, 29 Jun 2018 20:47:54 GMT']
      expires: ['-1']
      pragma: [no-cache]
      server: [Microsoft-IIS/10.0]
      strict-transport-security: [max-age=31536000;includeSubDomains]
      x-aspnet-version: [4.0.30319]
      x-content-type-options: [nosniff]
      x-ms-keyvault-network-info: [addr=167.220.100.108;act_addr_fam=InterNetwork;]
      x-ms-keyvault-region: [westus]
      x-ms-keyvault-service-version: [1.0.0.852]
      x-powered-by: [ASP.NET]
    status: {code: 200, message: OK}
- request:
    body: null
    headers:
      Accept: [application/json]
      Accept-Encoding: ['gzip, deflate']
      Connection: [keep-alive]
      Content-Type: [application/json; charset=utf-8]
      User-Agent: [python/3.6.5 (Darwin-17.6.0-x86_64-i386-64bit) requests/2.19.1
          msrest/0.5.1 msrest_azure/0.4.33 azure-keyvault/1.0.0 Azure-SDK-For-Python]
      accept-language: [en-US]
    method: GET
    uri: https://cli-test-keyvault-000002.vault.azure.net/secrets/clitestkvsa0000001-allacctaccess/?api-version=7.0
  response:
    body: {string: '{"value":"?sv=2017-07-29&ss=bqtf&srt=sco&sp=rwdlacup&se=2018-06-30T00:47:55Z&spr=https&sig=ubyL80igIh%2FtZG8AekmKh12phYxC1KLL5%2FwoDZRXrYY%3D","contentType":"application/vnd.ms-sastoken-storage","id":"https://cli-test-keyvault-000002.vault.azure.net/secrets/clitestkvsa0000001-allacctaccess","managed":true,"attributes":{"enabled":true,"exp":1530319675,"recoveryLevel":"Purgeable"}}'}
    headers:
      cache-control: [no-cache]
      content-length: ['382']
      content-type: [application/json; charset=utf-8]
      date: ['Fri, 29 Jun 2018 20:47:55 GMT']
      expires: ['-1']
      pragma: [no-cache]
      server: [Microsoft-IIS/10.0]
      strict-transport-security: [max-age=31536000;includeSubDomains]
      x-aspnet-version: [4.0.30319]
      x-content-type-options: [nosniff]
      x-ms-keyvault-network-info: [addr=167.220.100.108;act_addr_fam=InterNetwork;]
      x-ms-keyvault-region: [westus]
      x-ms-keyvault-service-version: [1.0.0.852]
      x-powered-by: [ASP.NET]
    status: {code: 200, message: OK}
- request:
    body: null
    headers:
      Connection: [keep-alive]
      Content-Length: ['0']
      User-Agent: [Azure-Storage/1.1.0-1.1.0 (Python CPython 3.6.5; Darwin 17.6.0)
          AZURECLI/2.0.41]
      x-ms-date: ['Fri, 29 Jun 2018 20:47:55 GMT']
      x-ms-version: ['2017-07-29']
    method: PUT
    uri: https://clitestkvsa0000001.blob.core.windows.net/cont1?sv=2017-07-29&ss=bqtf&srt=sco&sp=rwdlacup&se=2018-06-30T00:47:55Z&spr=https&sig=ubyL80igIh%2FtZG8AekmKh12phYxC1KLL5%2FwoDZRXrYY%3D&restype=container
  response:
    body: {string: ''}
    headers:
      date: ['Fri, 29 Jun 2018 20:47:55 GMT']
      etag: ['"0x8D5DE01977E5EC1"']
      last-modified: ['Fri, 29 Jun 2018 20:47:56 GMT']
      server: [Windows-Azure-Blob/1.0 Microsoft-HTTPAPI/2.0]
      transfer-encoding: [chunked]
      x-ms-version: ['2017-07-29']
    status: {code: 201, message: Created}
- request:
    body: 'TestSecretTestSecretTestSecretTestSecret

'
    headers:
      Connection: [keep-alive]
      Content-Length: ['41']
      User-Agent: [Azure-Storage/1.1.0-1.1.0 (Python CPython 3.6.5; Darwin 17.6.0)
          AZURECLI/2.0.41]
      x-ms-blob-content-type: [text/plain]
      x-ms-blob-type: [BlockBlob]
      x-ms-date: ['Fri, 29 Jun 2018 20:47:56 GMT']
      x-ms-version: ['2017-07-29']
    method: PUT
    uri: https://clitestkvsa0000001.blob.core.windows.net/cont1/blob1?sv=2017-07-29&ss=bqtf&srt=sco&sp=rwdlacup&se=2018-06-30T00:47:55Z&spr=https&sig=ubyL80igIh%2FtZG8AekmKh12phYxC1KLL5%2FwoDZRXrYY%3D
  response:
    body: {string: ''}
    headers:
      content-md5: [A8g/tXsJaBMo6jXd7y1gig==]
      date: ['Fri, 29 Jun 2018 20:47:56 GMT']
      etag: ['"0x8D5DE0197B2E932"']
      last-modified: ['Fri, 29 Jun 2018 20:47:56 GMT']
      server: [Windows-Azure-Blob/1.0 Microsoft-HTTPAPI/2.0]
      transfer-encoding: [chunked]
      x-ms-request-server-encrypted: ['true']
      x-ms-version: ['2017-07-29']
    status: {code: 201, message: Created}
- request:
    body: null
    headers:
      Accept: [application/json]
      Accept-Encoding: ['gzip, deflate']
      CommandName: [storage blob url]
      Connection: [keep-alive]
      Content-Type: [application/json; charset=utf-8]
      User-Agent: [python/3.6.5 (Darwin-17.6.0-x86_64-i386-64bit) requests/2.19.1
          msrest/0.5.1 msrest_azure/0.4.33 azure-mgmt-storage/1.5.0 Azure-SDK-For-Python
          AZURECLI/2.0.41]
      accept-language: [en-US]
    method: GET
    uri: https://management.azure.com/subscriptions/00000000-0000-0000-0000-000000000000/providers/Microsoft.Storage/storageAccounts?api-version=2017-10-01
  response:
    body: {string: '{"value":[{"sku":{"name":"Standard_LRS","tier":"Standard"},"kind":"Storage","id":"/subscriptions/00000000-0000-0000-0000-000000000000/resourceGroups/adxlabrg106004/providers/Microsoft.Storage/storageAccounts/msdtlvm957323409","name":"msdtlvm957323409","type":"Microsoft.Storage/storageAccounts","location":"eastus","tags":{"hidden-DevTestLabs-LabId":"/subscriptions/00000000-0000-0000-0000-000000000000/resourcegroups/AdxLabRG106004/providers/Microsoft.DevTestLab/labs/AdxLab","hidden-DevTestLabs-LabUId":"72f8a614-88d3-40f2-bb03-7fbbb91d9f73"},"properties":{"networkAcls":{"bypass":"AzureServices","virtualNetworkRules":[],"ipRules":[],"defaultAction":"Allow"},"trustedDirectories":["72f988bf-86f1-41af-91ab-2d7cd011db47"],"supportsHttpsTrafficOnly":false,"encryption":{"services":{"file":{"enabled":true,"lastEnabledTime":"2018-01-10T17:37:11.3321082Z"},"blob":{"enabled":true,"lastEnabledTime":"2018-01-10T17:37:11.3321082Z"}},"keySource":"Microsoft.Storage"},"provisioningState":"Succeeded","creationTime":"2016-03-17T17:58:34.1356273Z","primaryEndpoints":{"blob":"https://msdtlvm957323409.blob.core.windows.net/","queue":"https://msdtlvm957323409.queue.core.windows.net/","table":"https://msdtlvm957323409.table.core.windows.net/","file":"https://msdtlvm957323409.file.core.windows.net/"},"primaryLocation":"eastus","statusOfPrimary":"available"}},{"sku":{"name":"Standard_LRS","tier":"Standard"},"kind":"Storage","id":"/subscriptions/00000000-0000-0000-0000-000000000000/resourceGroups/101/providers/Microsoft.Storage/storageAccounts/cj1011","name":"cj1011","type":"Microsoft.Storage/storageAccounts","location":"eastus","tags":{},"properties":{"networkAcls":{"bypass":"AzureServices","virtualNetworkRules":[],"ipRules":[],"defaultAction":"Allow"},"trustedDirectories":["72f988bf-86f1-41af-91ab-2d7cd011db47"],"supportsHttpsTrafficOnly":false,"encryption":{"services":{"file":{"enabled":true,"lastEnabledTime":"2018-01-10T17:37:11.3321082Z"},"blob":{"enabled":true,"lastEnabledTime":"2018-01-10T17:37:11.3321082Z"}},"keySource":"Microsoft.Storage"},"provisioningState":"Succeeded","creationTime":"2017-06-26T20:40:06.3007802Z","primaryEndpoints":{"blob":"https://cj1011.blob.core.windows.net/","queue":"https://cj1011.queue.core.windows.net/","table":"https://cj1011.table.core.windows.net/","file":"https://cj1011.file.core.windows.net/"},"primaryLocation":"eastus","statusOfPrimary":"available"}},{"sku":{"name":"Standard_LRS","tier":"Standard"},"kind":"Storage","id":"/subscriptions/00000000-0000-0000-0000-000000000000/resourceGroups/adxlabrg106004/providers/Microsoft.Storage/storageAccounts/msdtlvm1880945737","name":"msdtlvm1880945737","type":"Microsoft.Storage/storageAccounts","location":"eastus","tags":{"hidden-DevTestLabs-LabId":"/subscriptions/00000000-0000-0000-0000-000000000000/resourcegroups/AdxLabRG106004/providers/Microsoft.DevTestLab/labs/AdxLab","hidden-DevTestLabs-LabUId":"72f8a614-88d3-40f2-bb03-7fbbb91d9f73"},"properties":{"networkAcls":{"bypass":"AzureServices","virtualNetworkRules":[],"ipRules":[],"defaultAction":"Allow"},"trustedDirectories":["72f988bf-86f1-41af-91ab-2d7cd011db47"],"supportsHttpsTrafficOnly":false,"encryption":{"services":{"file":{"enabled":true,"lastEnabledTime":"2018-01-10T17:37:11.3321082Z"},"blob":{"enabled":true,"lastEnabledTime":"2018-01-10T17:37:11.3321082Z"}},"keySource":"Microsoft.Storage"},"provisioningState":"Succeeded","creationTime":"2016-03-17T17:58:34.1216371Z","primaryEndpoints":{"blob":"https://msdtlvm1880945737.blob.core.windows.net/","queue":"https://msdtlvm1880945737.queue.core.windows.net/","table":"https://msdtlvm1880945737.table.core.windows.net/","file":"https://msdtlvm1880945737.file.core.windows.net/"},"primaryLocation":"eastus","statusOfPrimary":"available"}},{"sku":{"name":"Standard_GRS","tier":"Standard"},"kind":"Storage","id":"/subscriptions/00000000-0000-0000-0000-000000000000/resourceGroups/azure-python-cli-prod/providers/Microsoft.Storage/storageAccounts/azurecliprodinsight","name":"azurecliprodinsight","type":"Microsoft.Storage/storageAccounts","location":"eastus","tags":{},"properties":{"networkAcls":{"bypass":"AzureServices","virtualNetworkRules":[],"ipRules":[],"defaultAction":"Allow"},"trustedDirectories":["72f988bf-86f1-41af-91ab-2d7cd011db47"],"supportsHttpsTrafficOnly":false,"encryption":{"services":{"file":{"enabled":true,"lastEnabledTime":"2018-01-10T17:37:11.3164879Z"},"blob":{"enabled":true,"lastEnabledTime":"2018-01-10T17:37:11.3164879Z"}},"keySource":"Microsoft.Storage"},"provisioningState":"Succeeded","creationTime":"2017-01-18T21:37:07.9083113Z","primaryEndpoints":{"blob":"https://azurecliprodinsight.blob.core.windows.net/","queue":"https://azurecliprodinsight.queue.core.windows.net/","table":"https://azurecliprodinsight.table.core.windows.net/","file":"https://azurecliprodinsight.file.core.windows.net/"},"primaryLocation":"eastus","statusOfPrimary":"available","secondaryLocation":"westus","statusOfSecondary":"available"}},{"sku":{"name":"Standard_RAGRS","tier":"Standard"},"kind":"Storage","id":"/subscriptions/00000000-0000-0000-0000-000000000000/resourceGroups/trdaitest/providers/Microsoft.Storage/storageAccounts/trdaitesttesttest","name":"trdaitesttesttest","type":"Microsoft.Storage/storageAccounts","location":"westus","tags":{},"properties":{"networkAcls":{"bypass":"AzureServices","virtualNetworkRules":[],"ipRules":[],"defaultAction":"Allow"},"trustedDirectories":["72f988bf-86f1-41af-91ab-2d7cd011db47"],"supportsHttpsTrafficOnly":false,"encryption":{"services":{"file":{"enabled":true,"lastEnabledTime":"2018-06-29T20:43:45.2823107Z"},"blob":{"enabled":true,"lastEnabledTime":"2018-06-29T20:43:45.2823107Z"}},"keySource":"Microsoft.Storage"},"provisioningState":"Succeeded","creationTime":"2018-06-29T20:43:45.0635733Z","primaryEndpoints":{"blob":"https://trdaitesttesttest.blob.core.windows.net/","queue":"https://trdaitesttesttest.queue.core.windows.net/","table":"https://trdaitesttesttest.table.core.windows.net/","file":"https://trdaitesttesttest.file.core.windows.net/"},"primaryLocation":"westus","statusOfPrimary":"available","secondaryLocation":"eastus","statusOfSecondary":"available","secondaryEndpoints":{"blob":"https://trdaitesttesttest-secondary.blob.core.windows.net/","queue":"https://trdaitesttesttest-secondary.queue.core.windows.net/","table":"https://trdaitesttesttest-secondary.table.core.windows.net/"}}},{"sku":{"name":"Standard_LRS","tier":"Standard"},"kind":"Storage","id":"/subscriptions/00000000-0000-0000-0000-000000000000/resourceGroups/azuresdkci/providers/Microsoft.Storage/storageAccounts/azuresdkci7574","name":"azuresdkci7574","type":"Microsoft.Storage/storageAccounts","location":"westus","tags":{},"properties":{"networkAcls":{"bypass":"AzureServices","virtualNetworkRules":[],"ipRules":[],"defaultAction":"Allow"},"trustedDirectories":["72f988bf-86f1-41af-91ab-2d7cd011db47"],"supportsHttpsTrafficOnly":false,"encryption":{"services":{"file":{"enabled":true,"lastEnabledTime":"2018-01-10T17:37:12.1710401Z"},"blob":{"enabled":true,"lastEnabledTime":"2018-01-10T17:37:12.1710401Z"}},"keySource":"Microsoft.Storage"},"provisioningState":"Succeeded","creationTime":"2016-07-22T23:00:28.2683245Z","primaryEndpoints":{"blob":"https://azuresdkci7574.blob.core.windows.net/","queue":"https://azuresdkci7574.queue.core.windows.net/","table":"https://azuresdkci7574.table.core.windows.net/","file":"https://azuresdkci7574.file.core.windows.net/"},"primaryLocation":"westus","statusOfPrimary":"available"}},{"sku":{"name":"Standard_LRS","tier":"Standard"},"kind":"Storage","id":"/subscriptions/00000000-0000-0000-0000-000000000000/resourceGroups/adxsnapshots/providers/Microsoft.Storage/storageAccounts/adxsnapshotsbackup","name":"adxsnapshotsbackup","type":"Microsoft.Storage/storageAccounts","location":"westus","tags":{},"properties":{"networkAcls":{"bypass":"AzureServices","virtualNetworkRules":[],"ipRules":[],"defaultAction":"Allow"},"trustedDirectories":["72f988bf-86f1-41af-91ab-2d7cd011db47"],"supportsHttpsTrafficOnly":false,"encryption":{"services":{"file":{"enabled":true,"lastEnabledTime":"2018-01-10T17:37:12.1084817Z"},"blob":{"enabled":true,"lastEnabledTime":"2018-01-10T17:37:12.1084817Z"}},"keySource":"Microsoft.Storage"},"provisioningState":"Succeeded","creationTime":"2016-03-10T02:22:43.4294765Z","primaryEndpoints":{"blob":"https://adxsnapshotsbackup.blob.core.windows.net/","queue":"https://adxsnapshotsbackup.queue.core.windows.net/","table":"https://adxsnapshotsbackup.table.core.windows.net/","file":"https://adxsnapshotsbackup.file.core.windows.net/"},"primaryLocation":"westus","statusOfPrimary":"available"}},{"sku":{"name":"Standard_LRS","tier":"Standard"},"kind":"Storage","id":"/subscriptions/00000000-0000-0000-0000-000000000000/resourceGroups/transit2automation/providers/Microsoft.Storage/storageAccounts/transit2automation","name":"transit2automation","type":"Microsoft.Storage/storageAccounts","location":"westus","tags":{},"properties":{"networkAcls":{"bypass":"AzureServices","virtualNetworkRules":[],"ipRules":[],"defaultAction":"Allow"},"trustedDirectories":["72f988bf-86f1-41af-91ab-2d7cd011db47"],"supportsHttpsTrafficOnly":false,"encryption":{"services":{"file":{"enabled":true,"lastEnabledTime":"2018-01-10T17:37:12.2491526Z"},"blob":{"enabled":true,"lastEnabledTime":"2018-01-10T17:37:12.2491526Z"}},"keySource":"Microsoft.Storage"},"provisioningState":"Succeeded","creationTime":"2017-09-28T04:58:22.4139511Z","primaryEndpoints":{"blob":"https://transit2automation.blob.core.windows.net/","queue":"https://transit2automation.queue.core.windows.net/","table":"https://transit2automation.table.core.windows.net/","file":"https://transit2automation.file.core.windows.net/"},"primaryLocation":"westus","statusOfPrimary":"available"}},{"sku":{"name":"Standard_LRS","tier":"Standard"},"kind":"Storage","id":"/subscriptions/00000000-0000-0000-0000-000000000000/resourceGroups/ektest/providers/Microsoft.Storage/storageAccounts/ektest3547","name":"ektest3547","type":"Microsoft.Storage/storageAccounts","location":"westus","tags":{},"properties":{"networkAcls":{"bypass":"AzureServices","virtualNetworkRules":[],"ipRules":[],"defaultAction":"Allow"},"trustedDirectories":["72f988bf-86f1-41af-91ab-2d7cd011db47"],"supportsHttpsTrafficOnly":false,"encryption":{"services":{"file":{"enabled":true,"lastEnabledTime":"2018-01-10T17:37:12.2022353Z"},"blob":{"enabled":true,"lastEnabledTime":"2018-01-10T17:37:12.2022353Z"}},"keySource":"Microsoft.Storage"},"provisioningState":"Succeeded","creationTime":"2016-07-11T17:43:14.0099029Z","primaryEndpoints":{"blob":"https://ektest3547.blob.core.windows.net/","queue":"https://ektest3547.queue.core.windows.net/","table":"https://ektest3547.table.core.windows.net/","file":"https://ektest3547.file.core.windows.net/"},"primaryLocation":"westus","statusOfPrimary":"available"}},{"sku":{"name":"Premium_LRS","tier":"Premium"},"kind":"Storage","id":"/subscriptions/00000000-0000-0000-0000-000000000000/resourceGroups/azure-cli-dev1/providers/Microsoft.Storage/storageAccounts/azureclidev19806","name":"azureclidev19806","type":"Microsoft.Storage/storageAccounts","location":"westus","tags":{},"properties":{"networkAcls":{"bypass":"AzureServices","virtualNetworkRules":[],"ipRules":[],"defaultAction":"Allow"},"trustedDirectories":["72f988bf-86f1-41af-91ab-2d7cd011db47"],"supportsHttpsTrafficOnly":false,"encryption":{"services":{"file":{"enabled":true,"lastEnabledTime":"2018-01-10T17:37:12.1084817Z"},"blob":{"enabled":true,"lastEnabledTime":"2018-01-10T17:37:12.1084817Z"}},"keySource":"Microsoft.Storage"},"provisioningState":"Succeeded","creationTime":"2016-07-26T22:16:09.5343373Z","primaryEndpoints":{"blob":"https://azureclidev19806.blob.core.windows.net/"},"primaryLocation":"westus","statusOfPrimary":"available"}},{"identity":{"principalId":"18408a32-0f4a-4bdc-ae45-cf21175db603","tenantId":"72f988bf-86f1-41af-91ab-2d7cd011db47","type":"SystemAssigned"},"sku":{"name":"Standard_LRS","tier":"Standard"},"kind":"Storage","id":"/subscriptions/00000000-0000-0000-0000-000000000000/resourceGroups/azure-cli-prod/providers/Microsoft.Storage/storageAccounts/azureclitemp","name":"azureclitemp","type":"Microsoft.Storage/storageAccounts","location":"westus","tags":{},"properties":{"networkAcls":{"bypass":"AzureServices","virtualNetworkRules":[],"ipRules":[],"defaultAction":"Allow"},"trustedDirectories":["72f988bf-86f1-41af-91ab-2d7cd011db47"],"supportsHttpsTrafficOnly":false,"encryption":{"services":{"file":{"enabled":true,"lastEnabledTime":"2018-03-21T17:31:53.8930624Z"},"blob":{"enabled":true,"lastEnabledTime":"2018-03-21T17:31:53.8930624Z"}},"keySource":"Microsoft.Storage"},"provisioningState":"Succeeded","creationTime":"2018-03-21T17:31:53.8353991Z","primaryEndpoints":{"blob":"https://azureclitemp.blob.core.windows.net/","queue":"https://azureclitemp.queue.core.windows.net/","table":"https://azureclitemp.table.core.windows.net/","file":"https://azureclitemp.file.core.windows.net/"},"primaryLocation":"westus","statusOfPrimary":"available"}},{"sku":{"name":"Premium_LRS","tier":"Premium"},"kind":"Storage","id":"/subscriptions/00000000-0000-0000-0000-000000000000/resourceGroups/azuresdk-ci5/providers/Microsoft.Storage/storageAccounts/azuresdkci53619","name":"azuresdkci53619","type":"Microsoft.Storage/storageAccounts","location":"westus","tags":{},"properties":{"networkAcls":{"bypass":"AzureServices","virtualNetworkRules":[],"ipRules":[],"defaultAction":"Allow"},"trustedDirectories":["72f988bf-86f1-41af-91ab-2d7cd011db47"],"supportsHttpsTrafficOnly":false,"encryption":{"services":{"file":{"enabled":true,"lastEnabledTime":"2018-01-10T17:37:12.1710401Z"},"blob":{"enabled":true,"lastEnabledTime":"2018-01-10T17:37:12.1710401Z"}},"keySource":"Microsoft.Storage"},"provisioningState":"Succeeded","creationTime":"2016-02-17T19:43:51.332508Z","primaryEndpoints":{"blob":"https://azuresdkci53619.blob.core.windows.net/"},"primaryLocation":"westus","statusOfPrimary":"available"}},{"sku":{"name":"Standard_LRS","tier":"Standard"},"kind":"Storage","id":"/subscriptions/00000000-0000-0000-0000-000000000000/resourceGroups/GitHubPosting/providers/Microsoft.Storage/storageAccounts/githubpostingstorage","name":"githubpostingstorage","type":"Microsoft.Storage/storageAccounts","location":"westus","tags":{"ms-resource-usage":"azure-cloud-shell"},"properties":{"networkAcls":{"bypass":"AzureServices","virtualNetworkRules":[],"ipRules":[],"defaultAction":"Allow"},"trustedDirectories":["72f988bf-86f1-41af-91ab-2d7cd011db47"],"supportsHttpsTrafficOnly":false,"encryption":{"services":{"file":{"enabled":true,"lastEnabledTime":"2018-06-21T18:58:11.9979881Z"},"blob":{"enabled":true,"lastEnabledTime":"2018-06-21T18:58:11.9979881Z"}},"keySource":"Microsoft.Storage"},"provisioningState":"Succeeded","creationTime":"2018-06-21T18:58:11.6698770Z","primaryEndpoints":{"blob":"https://githubpostingstorage.blob.core.windows.net/","queue":"https://githubpostingstorage.queue.core.windows.net/","table":"https://githubpostingstorage.table.core.windows.net/","file":"https://githubpostingstorage.file.core.windows.net/"},"primaryLocation":"westus","statusOfPrimary":"available"}},{"sku":{"name":"Standard_RAGRS","tier":"Standard"},"kind":"Storage","id":"/subscriptions/00000000-0000-0000-0000-000000000000/resourceGroups/gh-proxy-prod/providers/Microsoft.Storage/storageAccounts/ghproxyprod","name":"ghproxyprod","type":"Microsoft.Storage/storageAccounts","location":"westus","tags":{},"properties":{"networkAcls":{"bypass":"AzureServices","virtualNetworkRules":[],"ipRules":[],"defaultAction":"Allow"},"trustedDirectories":["72f988bf-86f1-41af-91ab-2d7cd011db47"],"supportsHttpsTrafficOnly":false,"encryption":{"services":{"file":{"enabled":true,"lastEnabledTime":"2018-01-10T17:37:12.2022353Z"},"blob":{"enabled":true,"lastEnabledTime":"2018-01-10T17:37:12.2022353Z"}},"keySource":"Microsoft.Storage"},"provisioningState":"Succeeded","creationTime":"2016-01-20T06:35:13.7617387Z","primaryEndpoints":{"blob":"https://ghproxyprod.blob.core.windows.net/","queue":"https://ghproxyprod.queue.core.windows.net/","table":"https://ghproxyprod.table.core.windows.net/","file":"https://ghproxyprod.file.core.windows.net/"},"primaryLocation":"westus","statusOfPrimary":"available","secondaryLocation":"eastus","statusOfSecondary":"available","secondaryEndpoints":{"blob":"https://ghproxyprod-secondary.blob.core.windows.net/","queue":"https://ghproxyprod-secondary.queue.core.windows.net/","table":"https://ghproxyprod-secondary.table.core.windows.net/"}}},{"sku":{"name":"Standard_LRS","tier":"Standard"},"kind":"Storage","id":"/subscriptions/00000000-0000-0000-0000-000000000000/resourceGroups/azure-ps-prod/providers/Microsoft.Storage/storageAccounts/azposhtelemetry","name":"azposhtelemetry","type":"Microsoft.Storage/storageAccounts","location":"westus","tags":{},"properties":{"networkAcls":{"bypass":"AzureServices","virtualNetworkRules":[],"ipRules":[],"defaultAction":"Allow"},"trustedDirectories":["72f988bf-86f1-41af-91ab-2d7cd011db47"],"supportsHttpsTrafficOnly":false,"encryption":{"services":{"file":{"enabled":true,"lastEnabledTime":"2018-01-10T17:37:12.1084817Z"},"blob":{"enabled":true,"lastEnabledTime":"2018-01-10T17:37:12.1084817Z"}},"keySource":"Microsoft.Storage"},"provisioningState":"Succeeded","creationTime":"2016-03-07T21:55:03.1935502Z","primaryEndpoints":{"blob":"https://azposhtelemetry.blob.core.windows.net/","queue":"https://azposhtelemetry.queue.core.windows.net/","table":"https://azposhtelemetry.table.core.windows.net/","file":"https://azposhtelemetry.file.core.windows.net/"},"primaryLocation":"westus","statusOfPrimary":"available"}},{"sku":{"name":"Standard_LRS","tier":"Standard"},"kind":"Storage","id":"/subscriptions/00000000-0000-0000-0000-000000000000/resourceGroups/javabenchmark/providers/Microsoft.Storage/storageAccounts/javabenchmarkdiag565","name":"javabenchmarkdiag565","type":"Microsoft.Storage/storageAccounts","location":"westus","tags":{},"properties":{"networkAcls":{"bypass":"AzureServices","virtualNetworkRules":[],"ipRules":[],"defaultAction":"Allow"},"trustedDirectories":["72f988bf-86f1-41af-91ab-2d7cd011db47"],"supportsHttpsTrafficOnly":false,"encryption":{"services":{"file":{"enabled":true,"lastEnabledTime":"2018-01-10T17:37:12.2178640Z"},"blob":{"enabled":true,"lastEnabledTime":"2018-01-10T17:37:12.2178640Z"}},"keySource":"Microsoft.Storage"},"provisioningState":"Succeeded","creationTime":"2017-08-08T01:08:52.7288618Z","primaryEndpoints":{"blob":"https://javabenchmarkdiag565.blob.core.windows.net/","queue":"https://javabenchmarkdiag565.queue.core.windows.net/","table":"https://javabenchmarkdiag565.table.core.windows.net/","file":"https://javabenchmarkdiag565.file.core.windows.net/"},"primaryLocation":"westus","statusOfPrimary":"available"}},{"sku":{"name":"Standard_LRS","tier":"Standard"},"kind":"Storage","id":"/subscriptions/00000000-0000-0000-0000-000000000000/resourceGroups/lmazuel-docker-machine-sdk/providers/Microsoft.Storage/storageAccounts/vhds5pk5udv84d74cg1fnwqn","name":"vhds5pk5udv84d74cg1fnwqn","type":"Microsoft.Storage/storageAccounts","location":"westus","tags":{},"properties":{"networkAcls":{"bypass":"AzureServices","virtualNetworkRules":[],"ipRules":[],"defaultAction":"Allow"},"trustedDirectories":["72f988bf-86f1-41af-91ab-2d7cd011db47"],"supportsHttpsTrafficOnly":false,"encryption":{"services":{"file":{"enabled":true,"lastEnabledTime":"2018-05-25T16:09:28.9623805Z"},"blob":{"enabled":true,"lastEnabledTime":"2018-05-25T16:09:28.9623805Z"}},"keySource":"Microsoft.Storage"},"provisioningState":"Succeeded","creationTime":"2018-05-25T16:09:28.8842822Z","primaryEndpoints":{"blob":"https://vhds5pk5udv84d74cg1fnwqn.blob.core.windows.net/","queue":"https://vhds5pk5udv84d74cg1fnwqn.queue.core.windows.net/","table":"https://vhds5pk5udv84d74cg1fnwqn.table.core.windows.net/","file":"https://vhds5pk5udv84d74cg1fnwqn.file.core.windows.net/"},"primaryLocation":"westus","statusOfPrimary":"available"}},{"sku":{"name":"Standard_LRS","tier":"Standard"},"kind":"Storage","id":"/subscriptions/00000000-0000-0000-0000-000000000000/resourceGroups/lmazuel-docker-machine/providers/Microsoft.Storage/storageAccounts/vhds21by7pqucdwu1uu1mo4t","name":"vhds21by7pqucdwu1uu1mo4t","type":"Microsoft.Storage/storageAccounts","location":"westus","tags":{},"properties":{"networkAcls":{"bypass":"AzureServices","virtualNetworkRules":[],"ipRules":[],"defaultAction":"Allow"},"trustedDirectories":["72f988bf-86f1-41af-91ab-2d7cd011db47"],"supportsHttpsTrafficOnly":false,"encryption":{"services":{"file":{"enabled":true,"lastEnabledTime":"2018-05-07T23:22:01.5825554Z"},"blob":{"enabled":true,"lastEnabledTime":"2018-05-07T23:22:01.5825554Z"}},"keySource":"Microsoft.Storage"},"provisioningState":"Succeeded","creationTime":"2018-05-07T23:22:01.4893314Z","primaryEndpoints":{"blob":"https://vhds21by7pqucdwu1uu1mo4t.blob.core.windows.net/","queue":"https://vhds21by7pqucdwu1uu1mo4t.queue.core.windows.net/","table":"https://vhds21by7pqucdwu1uu1mo4t.table.core.windows.net/","file":"https://vhds21by7pqucdwu1uu1mo4t.file.core.windows.net/"},"primaryLocation":"westus","statusOfPrimary":"available"}},{"sku":{"name":"Standard_GRS","tier":"Standard"},"kind":"Storage","id":"/subscriptions/00000000-0000-0000-0000-000000000000/resourceGroups/azure-cli-prod/providers/Microsoft.Storage/storageAccounts/azurecliprod","name":"azurecliprod","type":"Microsoft.Storage/storageAccounts","location":"westus","tags":{},"properties":{"networkAcls":{"bypass":"AzureServices","virtualNetworkRules":[],"ipRules":[],"defaultAction":"Allow"},"trustedDirectories":["72f988bf-86f1-41af-91ab-2d7cd011db47"],"supportsHttpsTrafficOnly":false,"encryption":{"services":{"file":{"enabled":true,"lastEnabledTime":"2018-01-10T17:37:12.1397608Z"},"blob":{"enabled":true,"lastEnabledTime":"2018-01-10T17:37:12.1397608Z"}},"keySource":"Microsoft.Storage"},"provisioningState":"Succeeded","creationTime":"2016-09-23T15:07:06.4309511Z","primaryEndpoints":{"blob":"https://azurecliprod.blob.core.windows.net/","queue":"https://azurecliprod.queue.core.windows.net/","table":"https://azurecliprod.table.core.windows.net/","file":"https://azurecliprod.file.core.windows.net/"},"primaryLocation":"westus","statusOfPrimary":"available","secondaryLocation":"eastus","statusOfSecondary":"available"}},{"sku":{"name":"Standard_RAGRS","tier":"Standard"},"kind":"Storage","id":"/subscriptions/00000000-0000-0000-0000-000000000000/resourceGroups/azureclu/providers/Microsoft.Storage/storageAccounts/azurecludrops","name":"azurecludrops","type":"Microsoft.Storage/storageAccounts","location":"westus","tags":{},"properties":{"networkAcls":{"bypass":"AzureServices","virtualNetworkRules":[],"ipRules":[],"defaultAction":"Allow"},"trustedDirectories":["72f988bf-86f1-41af-91ab-2d7cd011db47"],"supportsHttpsTrafficOnly":false,"encryption":{"services":{"file":{"enabled":true,"lastEnabledTime":"2018-01-10T17:37:12.1397608Z"},"blob":{"enabled":true,"lastEnabledTime":"2018-01-10T17:37:12.1397608Z"}},"keySource":"Microsoft.Storage"},"provisioningState":"Succeeded","creationTime":"2015-12-17T23:55:45.3436671Z","primaryEndpoints":{"blob":"https://azurecludrops.blob.core.windows.net/","queue":"https://azurecludrops.queue.core.windows.net/","table":"https://azurecludrops.table.core.windows.net/","file":"https://azurecludrops.file.core.windows.net/"},"primaryLocation":"westus","statusOfPrimary":"available","secondaryLocation":"eastus","statusOfSecondary":"available","secondaryEndpoints":{"blob":"https://azurecludrops-secondary.blob.core.windows.net/","queue":"https://azurecludrops-secondary.queue.core.windows.net/","table":"https://azurecludrops-secondary.table.core.windows.net/"}}},{"sku":{"name":"Standard_LRS","tier":"Standard"},"kind":"Storage","id":"/subscriptions/00000000-0000-0000-0000-000000000000/resourceGroups/poshazureshare/providers/Microsoft.Storage/storageAccounts/poshazureshare","name":"poshazureshare","type":"Microsoft.Storage/storageAccounts","location":"westus","tags":{},"properties":{"networkAcls":{"bypass":"AzureServices","virtualNetworkRules":[],"ipRules":[],"defaultAction":"Allow"},"trustedDirectories":["72f988bf-86f1-41af-91ab-2d7cd011db47"],"supportsHttpsTrafficOnly":false,"encryption":{"services":{"file":{"enabled":true,"lastEnabledTime":"2018-03-28T18:34:20.4405246Z"},"blob":{"enabled":true,"lastEnabledTime":"2018-03-28T18:34:20.4405246Z"}},"keySource":"Microsoft.Storage"},"provisioningState":"Succeeded","creationTime":"2018-03-28T18:34:20.3936467Z","primaryEndpoints":{"blob":"https://poshazureshare.blob.core.windows.net/","queue":"https://poshazureshare.queue.core.windows.net/","table":"https://poshazureshare.table.core.windows.net/","file":"https://poshazureshare.file.core.windows.net/"},"primaryLocation":"westus","statusOfPrimary":"available"}},{"sku":{"name":"Standard_GRS","tier":"Standard"},"kind":"Storage","id":"/subscriptions/00000000-0000-0000-0000-000000000000/resourceGroups/azure-cli-prod/providers/Microsoft.Storage/storageAccounts/azurepythoncliinsights","name":"azurepythoncliinsights","type":"Microsoft.Storage/storageAccounts","location":"westus","tags":{},"properties":{"networkAcls":{"bypass":"AzureServices","virtualNetworkRules":[],"ipRules":[],"defaultAction":"Allow"},"trustedDirectories":["72f988bf-86f1-41af-91ab-2d7cd011db47"],"supportsHttpsTrafficOnly":false,"encryption":{"services":{"file":{"enabled":true,"lastEnabledTime":"2018-01-10T17:37:12.1553801Z"},"blob":{"enabled":true,"lastEnabledTime":"2018-01-10T17:37:12.1553801Z"}},"keySource":"Microsoft.Storage"},"provisioningState":"Succeeded","creationTime":"2017-01-16T19:59:34.5431422Z","primaryEndpoints":{"blob":"https://azurepythoncliinsights.blob.core.windows.net/","queue":"https://azurepythoncliinsights.queue.core.windows.net/","table":"https://azurepythoncliinsights.table.core.windows.net/","file":"https://azurepythoncliinsights.file.core.windows.net/"},"primaryLocation":"westus","statusOfPrimary":"available","secondaryLocation":"eastus","statusOfSecondary":"available"}},{"sku":{"name":"Standard_GRS","tier":"Standard"},"kind":"Storage","id":"/subscriptions/00000000-0000-0000-0000-000000000000/resourceGroups/azuresdktools/providers/Microsoft.Storage/storageAccounts/azuresdktools","name":"azuresdktools","type":"Microsoft.Storage/storageAccounts","location":"westus","tags":{},"properties":{"networkAcls":{"bypass":"AzureServices","virtualNetworkRules":[],"ipRules":[],"defaultAction":"Allow"},"trustedDirectories":["72f988bf-86f1-41af-91ab-2d7cd011db47"],"supportsHttpsTrafficOnly":false,"encryption":{"services":{"file":{"enabled":true,"lastEnabledTime":"2018-02-27T02:34:58.3363660Z"},"blob":{"enabled":true,"lastEnabledTime":"2018-02-27T02:34:58.3363660Z"}},"keySource":"Microsoft.Storage"},"provisioningState":"Succeeded","creationTime":"2018-02-27T02:34:58.2894916Z","primaryEndpoints":{"blob":"https://azuresdktools.blob.core.windows.net/","queue":"https://azuresdktools.queue.core.windows.net/","table":"https://azuresdktools.table.core.windows.net/","file":"https://azuresdktools.file.core.windows.net/"},"primaryLocation":"westus","statusOfPrimary":"available","secondaryLocation":"eastus","statusOfSecondary":"available"}},{"sku":{"name":"Standard_LRS","tier":"Standard"},"kind":"Storage","id":"/subscriptions/00000000-0000-0000-0000-000000000000/resourceGroups/azuresdk-ci5/providers/Microsoft.Storage/storageAccounts/azuresdkci54433","name":"azuresdkci54433","type":"Microsoft.Storage/storageAccounts","location":"westus","tags":{},"properties":{"networkAcls":{"bypass":"AzureServices","virtualNetworkRules":[],"ipRules":[],"defaultAction":"Allow"},"trustedDirectories":["72f988bf-86f1-41af-91ab-2d7cd011db47"],"supportsHttpsTrafficOnly":false,"encryption":{"services":{"file":{"enabled":true,"lastEnabledTime":"2018-01-10T17:37:12.1710401Z"},"blob":{"enabled":true,"lastEnabledTime":"2018-01-10T17:37:12.1710401Z"}},"keySource":"Microsoft.Storage"},"provisioningState":"Succeeded","creationTime":"2016-02-17T19:43:53.2358273Z","primaryEndpoints":{"blob":"https://azuresdkci54433.blob.core.windows.net/","queue":"https://azuresdkci54433.queue.core.windows.net/","table":"https://azuresdkci54433.table.core.windows.net/","file":"https://azuresdkci54433.file.core.windows.net/"},"primaryLocation":"westus","statusOfPrimary":"available"}},{"sku":{"name":"Standard_LRS","tier":"Standard"},"kind":"Storage","id":"/subscriptions/00000000-0000-0000-0000-000000000000/resourceGroups/golang/providers/Microsoft.Storage/storageAccounts/golanga01tests","name":"golanga01tests","type":"Microsoft.Storage/storageAccounts","location":"westus","tags":{},"properties":{"networkAcls":{"bypass":"AzureServices","virtualNetworkRules":[],"ipRules":[],"defaultAction":"Allow"},"trustedDirectories":["72f988bf-86f1-41af-91ab-2d7cd011db47"],"supportsHttpsTrafficOnly":false,"encryption":{"services":{"file":{"enabled":true,"lastEnabledTime":"2018-02-23T23:50:33.6992581Z"},"blob":{"enabled":true,"lastEnabledTime":"2018-02-23T23:50:33.6992581Z"}},"keySource":"Microsoft.Storage"},"provisioningState":"Succeeded","creationTime":"2018-02-23T23:50:33.6523974Z","primaryEndpoints":{"blob":"https://golanga01tests.blob.core.windows.net/","queue":"https://golanga01tests.queue.core.windows.net/","table":"https://golanga01tests.table.core.windows.net/","file":"https://golanga01tests.file.core.windows.net/"},"primaryLocation":"westus","statusOfPrimary":"available"}},{"sku":{"name":"Standard_LRS","tier":"Standard"},"kind":"Storage","id":"/subscriptions/00000000-0000-0000-0000-000000000000/resourceGroups/cloud-shell-storage-westus/providers/Microsoft.Storage/storageAccounts/cs46b0854605f21x477exba4","name":"cs46b0854605f21x477exba4","type":"Microsoft.Storage/storageAccounts","location":"westus","tags":{"ms-resource-usage":"azure-cloud-shell"},"properties":{"networkAcls":{"bypass":"AzureServices","virtualNetworkRules":[],"ipRules":[],"defaultAction":"Allow"},"trustedDirectories":["72f988bf-86f1-41af-91ab-2d7cd011db47"],"supportsHttpsTrafficOnly":false,"encryption":{"services":{"file":{"enabled":true,"lastEnabledTime":"2018-01-10T17:37:12.1866080Z"},"blob":{"enabled":true,"lastEnabledTime":"2018-01-10T17:37:12.1866080Z"}},"keySource":"Microsoft.Storage"},"provisioningState":"Succeeded","creationTime":"2017-11-02T20:33:35.7744277Z","primaryEndpoints":{"blob":"https://cs46b0854605f21x477exba4.blob.core.windows.net/","queue":"https://cs46b0854605f21x477exba4.queue.core.windows.net/","table":"https://cs46b0854605f21x477exba4.table.core.windows.net/","file":"https://cs46b0854605f21x477exba4.file.core.windows.net/"},"primaryLocation":"westus","statusOfPrimary":"available"}},{"sku":{"name":"Standard_RAGRS","tier":"Standard"},"kind":"Storage","id":"/subscriptions/00000000-0000-0000-0000-000000000000/resourceGroups/cli_test_keyvault_sa000001/providers/Microsoft.Storage/storageAccounts/clitestkvsa0000001","name":"clitestkvsa0000001","type":"Microsoft.Storage/storageAccounts","location":"westus","tags":{},"properties":{"networkAcls":{"bypass":"AzureServices","virtualNetworkRules":[],"ipRules":[],"defaultAction":"Allow"},"trustedDirectories":["72f988bf-86f1-41af-91ab-2d7cd011db47"],"supportsHttpsTrafficOnly":false,"encryption":{"services":{"file":{"enabled":true,"lastEnabledTime":"2018-06-29T20:46:49.1952580Z"},"blob":{"enabled":true,"lastEnabledTime":"2018-06-29T20:46:49.1952580Z"}},"keySource":"Microsoft.Storage"},"provisioningState":"Succeeded","creationTime":"2018-06-29T20:46:49.0076490Z","primaryEndpoints":{"blob":"https://clitestkvsa0000001.blob.core.windows.net/","queue":"https://clitestkvsa0000001.queue.core.windows.net/","table":"https://clitestkvsa0000001.table.core.windows.net/","file":"https://clitestkvsa0000001.file.core.windows.net/"},"primaryLocation":"westus","statusOfPrimary":"available","secondaryLocation":"eastus","statusOfSecondary":"available","secondaryEndpoints":{"blob":"https://clitestkvsa0000001-secondary.blob.core.windows.net/","queue":"https://clitestkvsa0000001-secondary.queue.core.windows.net/","table":"https://clitestkvsa0000001-secondary.table.core.windows.net/"}}},{"sku":{"name":"Standard_LRS","tier":"Standard"},"kind":"Storage","id":"/subscriptions/00000000-0000-0000-0000-000000000000/resourceGroups/adxtools/providers/Microsoft.Storage/storageAccounts/adxtools","name":"adxtools","type":"Microsoft.Storage/storageAccounts","location":"westus","tags":{},"properties":{"networkAcls":{"bypass":"AzureServices","virtualNetworkRules":[],"ipRules":[],"defaultAction":"Allow"},"trustedDirectories":["72f988bf-86f1-41af-91ab-2d7cd011db47"],"supportsHttpsTrafficOnly":false,"encryption":{"services":{"file":{"enabled":true,"lastEnabledTime":"2018-02-27T00:33:12.1897334Z"},"blob":{"enabled":true,"lastEnabledTime":"2018-02-27T00:33:12.1897334Z"}},"keySource":"Microsoft.Storage"},"provisioningState":"Succeeded","creationTime":"2018-02-27T00:33:12.1272115Z","primaryEndpoints":{"blob":"https://adxtools.blob.core.windows.net/","queue":"https://adxtools.queue.core.windows.net/","table":"https://adxtools.table.core.windows.net/","file":"https://adxtools.file.core.windows.net/"},"primaryLocation":"westus","statusOfPrimary":"available"}},{"sku":{"name":"Standard_GRS","tier":"Standard"},"kind":"Storage","id":"/subscriptions/00000000-0000-0000-0000-000000000000/resourceGroups/sdkbenchmark/providers/Microsoft.Storage/storageAccounts/sdkbenchmark","name":"sdkbenchmark","type":"Microsoft.Storage/storageAccounts","location":"westus","tags":{},"properties":{"networkAcls":{"bypass":"AzureServices","virtualNetworkRules":[],"ipRules":[],"defaultAction":"Allow"},"trustedDirectories":["72f988bf-86f1-41af-91ab-2d7cd011db47"],"supportsHttpsTrafficOnly":false,"encryption":{"services":{"file":{"enabled":true,"lastEnabledTime":"2018-03-27T08:50:00.2231643Z"},"blob":{"enabled":true,"lastEnabledTime":"2018-03-27T08:50:00.2231643Z"}},"keySource":"Microsoft.Storage"},"provisioningState":"Succeeded","creationTime":"2017-07-20T23:57:29.1930063Z","primaryEndpoints":{"blob":"https://sdkbenchmark.blob.core.windows.net/","queue":"https://sdkbenchmark.queue.core.windows.net/","table":"https://sdkbenchmark.table.core.windows.net/","file":"https://sdkbenchmark.file.core.windows.net/"},"primaryLocation":"westus","statusOfPrimary":"available","secondaryLocation":"eastus","statusOfSecondary":"available"}},{"sku":{"name":"Standard_LRS","tier":"Standard"},"kind":"Storage","id":"/subscriptions/00000000-0000-0000-0000-000000000000/resourceGroups/swaggertosdk-hub/providers/Microsoft.Storage/storageAccounts/swaggertosdkhub","name":"swaggertosdkhub","type":"Microsoft.Storage/storageAccounts","location":"westus","tags":{},"properties":{"networkAcls":{"bypass":"AzureServices","virtualNetworkRules":[],"ipRules":[],"defaultAction":"Allow"},"trustedDirectories":["72f988bf-86f1-41af-91ab-2d7cd011db47"],"supportsHttpsTrafficOnly":false,"encryption":{"services":{"file":{"enabled":true,"lastEnabledTime":"2018-05-07T21:27:11.3115839Z"},"blob":{"enabled":true,"lastEnabledTime":"2018-05-07T21:27:11.3115839Z"}},"keySource":"Microsoft.Storage"},"provisioningState":"Succeeded","creationTime":"2018-05-07T21:27:11.2490824Z","primaryEndpoints":{"blob":"https://swaggertosdkhub.blob.core.windows.net/","queue":"https://swaggertosdkhub.queue.core.windows.net/","table":"https://swaggertosdkhub.table.core.windows.net/","file":"https://swaggertosdkhub.file.core.windows.net/"},"primaryLocation":"westus","statusOfPrimary":"available"}},{"sku":{"name":"Standard_LRS","tier":"Standard"},"kind":"Storage","id":"/subscriptions/00000000-0000-0000-0000-000000000000/resourceGroups/azure-ps-drops/providers/Microsoft.Storage/storageAccounts/azposhstackdrop","name":"azposhstackdrop","type":"Microsoft.Storage/storageAccounts","location":"westus","tags":{},"properties":{"networkAcls":{"bypass":"AzureServices","virtualNetworkRules":[],"ipRules":[],"defaultAction":"Allow"},"trustedDirectories":["72f988bf-86f1-41af-91ab-2d7cd011db47"],"supportsHttpsTrafficOnly":false,"encryption":{"services":{"file":{"enabled":true,"lastEnabledTime":"2018-01-20T01:00:18.3427106Z"},"blob":{"enabled":true,"lastEnabledTime":"2018-01-20T01:00:18.3427106Z"}},"keySource":"Microsoft.Storage"},"provisioningState":"Succeeded","creationTime":"2018-01-20T01:00:18.2801771Z","primaryEndpoints":{"blob":"https://azposhstackdrop.blob.core.windows.net/","queue":"https://azposhstackdrop.queue.core.windows.net/","table":"https://azposhstackdrop.table.core.windows.net/","file":"https://azposhstackdrop.file.core.windows.net/"},"primaryLocation":"westus","statusOfPrimary":"available"}},{"sku":{"name":"Standard_LRS","tier":"Standard"},"kind":"Storage","id":"/subscriptions/00000000-0000-0000-0000-000000000000/resourceGroups/default-storage-westus/providers/Microsoft.Storage/storageAccounts/eduardkstorage","name":"eduardkstorage","type":"Microsoft.Storage/storageAccounts","location":"westus","tags":{},"properties":{"networkAcls":{"bypass":"AzureServices","virtualNetworkRules":[],"ipRules":[],"defaultAction":"Allow"},"trustedDirectories":["72f988bf-86f1-41af-91ab-2d7cd011db47"],"supportsHttpsTrafficOnly":false,"encryption":{"services":{"file":{"enabled":true,"lastEnabledTime":"2018-01-10T17:37:12.2022353Z"},"blob":{"enabled":true,"lastEnabledTime":"2018-01-10T17:37:12.2022353Z"}},"keySource":"Microsoft.Storage"},"provisioningState":"Succeeded","creationTime":"2016-06-13T23:41:17.7726069Z","primaryEndpoints":{"blob":"https://eduardkstorage.blob.core.windows.net/","queue":"https://eduardkstorage.queue.core.windows.net/","table":"https://eduardkstorage.table.core.windows.net/","file":"https://eduardkstorage.file.core.windows.net/"},"primaryLocation":"westus","statusOfPrimary":"available"}},{"sku":{"name":"Standard_LRS","tier":"Standard"},"kind":"Storage","id":"/subscriptions/00000000-0000-0000-0000-000000000000/resourceGroups/graph-test/providers/Microsoft.Storage/storageAccounts/graphtestb80f","name":"graphtestb80f","type":"Microsoft.Storage/storageAccounts","location":"southcentralus","tags":{},"properties":{"networkAcls":{"bypass":"AzureServices","virtualNetworkRules":[],"ipRules":[],"defaultAction":"Allow"},"trustedDirectories":["72f988bf-86f1-41af-91ab-2d7cd011db47"],"supportsHttpsTrafficOnly":false,"encryption":{"services":{"file":{"enabled":true,"lastEnabledTime":"2018-01-10T17:37:10.5707640Z"},"blob":{"enabled":true,"lastEnabledTime":"2018-01-10T17:37:10.5707640Z"}},"keySource":"Microsoft.Storage"},"provisioningState":"Succeeded","creationTime":"2017-10-17T18:13:22.4315456Z","primaryEndpoints":{"blob":"https://graphtestb80f.blob.core.windows.net/","queue":"https://graphtestb80f.queue.core.windows.net/","table":"https://graphtestb80f.table.core.windows.net/","file":"https://graphtestb80f.file.core.windows.net/"},"primaryLocation":"southcentralus","statusOfPrimary":"available"}},{"sku":{"name":"Standard_GRS","tier":"Standard"},"kind":"Storage","id":"/subscriptions/00000000-0000-0000-0000-000000000000/resourceGroups/storagetodelete2345/providers/Microsoft.Storage/storageAccounts/storagetodelete2345","name":"storagetodelete2345","type":"Microsoft.Storage/storageAccounts","location":"southcentralus","tags":{},"properties":{"networkAcls":{"bypass":"AzureServices","virtualNetworkRules":[],"ipRules":[],"defaultAction":"Allow"},"trustedDirectories":["72f988bf-86f1-41af-91ab-2d7cd011db47"],"supportsHttpsTrafficOnly":false,"encryption":{"services":{"file":{"enabled":true,"lastEnabledTime":"2018-01-10T17:37:10.5707640Z"},"blob":{"enabled":true,"lastEnabledTime":"2018-01-10T17:37:10.5707640Z"}},"keySource":"Microsoft.Storage"},"provisioningState":"Succeeded","creationTime":"2017-08-25T19:00:30.7965358Z","primaryEndpoints":{"blob":"https://storagetodelete2345.blob.core.windows.net/","queue":"https://storagetodelete2345.queue.core.windows.net/","table":"https://storagetodelete2345.table.core.windows.net/","file":"https://storagetodelete2345.file.core.windows.net/"},"primaryLocation":"southcentralus","statusOfPrimary":"available","secondaryLocation":"northcentralus","statusOfSecondary":"available"}},{"sku":{"name":"Standard_LRS","tier":"Standard"},"kind":"Storage","id":"/subscriptions/00000000-0000-0000-0000-000000000000/resourceGroups/azure-cli-prod/providers/Microsoft.Storage/storageAccounts/azurecliextensi95bc","name":"azurecliextensi95bc","type":"Microsoft.Storage/storageAccounts","location":"southcentralus","tags":{},"properties":{"networkAcls":{"bypass":"AzureServices","virtualNetworkRules":[],"ipRules":[],"defaultAction":"Allow"},"trustedDirectories":["72f988bf-86f1-41af-91ab-2d7cd011db47"],"supportsHttpsTrafficOnly":false,"encryption":{"services":{"file":{"enabled":true,"lastEnabledTime":"2018-02-12T02:37:17.6707854Z"},"blob":{"enabled":true,"lastEnabledTime":"2018-02-12T02:37:17.6707854Z"}},"keySource":"Microsoft.Storage"},"provisioningState":"Succeeded","creationTime":"2018-02-12T02:37:17.6395845Z","primaryEndpoints":{"blob":"https://azurecliextensi95bc.blob.core.windows.net/","queue":"https://azurecliextensi95bc.queue.core.windows.net/","table":"https://azurecliextensi95bc.table.core.windows.net/","file":"https://azurecliextensi95bc.file.core.windows.net/"},"primaryLocation":"southcentralus","statusOfPrimary":"available"}},{"sku":{"name":"Standard_LRS","tier":"Standard"},"kind":"StorageV2","id":"/subscriptions/00000000-0000-0000-0000-000000000000/resourceGroups/azure-cli-prod/providers/Microsoft.Storage/storageAccounts/azureclistage","name":"azureclistage","type":"Microsoft.Storage/storageAccounts","location":"southcentralus","tags":{"Team":"Azure
        CLI","Contact":"trdai@microsoft.com"},"properties":{"networkAcls":{"bypass":"AzureServices","virtualNetworkRules":[],"ipRules":[],"defaultAction":"Allow"},"trustedDirectories":["72f988bf-86f1-41af-91ab-2d7cd011db47"],"supportsHttpsTrafficOnly":true,"encryption":{"services":{"file":{"enabled":true,"lastEnabledTime":"2018-06-21T16:24:24.2284114Z"},"blob":{"enabled":true,"lastEnabledTime":"2018-06-21T16:24:24.2284114Z"}},"keySource":"Microsoft.Storage"},"accessTier":"Hot","provisioningState":"Succeeded","creationTime":"2018-06-21T16:24:24.1346584Z","primaryEndpoints":{"blob":"https://azureclistage.blob.core.windows.net/","queue":"https://azureclistage.queue.core.windows.net/","table":"https://azureclistage.table.core.windows.net/","file":"https://azureclistage.file.core.windows.net/"},"primaryLocation":"southcentralus","statusOfPrimary":"available"}},{"sku":{"name":"Standard_LRS","tier":"Standard"},"kind":"Storage","id":"/subscriptions/00000000-0000-0000-0000-000000000000/resourceGroups/azure-cli-prod/providers/Microsoft.Storage/storageAccounts/azurecliextensionsync","name":"azurecliextensionsync","type":"Microsoft.Storage/storageAccounts","location":"southcentralus","tags":{},"properties":{"networkAcls":{"bypass":"AzureServices","virtualNetworkRules":[],"ipRules":[],"defaultAction":"Allow"},"trustedDirectories":["72f988bf-86f1-41af-91ab-2d7cd011db47"],"supportsHttpsTrafficOnly":false,"encryption":{"services":{"file":{"enabled":true,"lastEnabledTime":"2018-01-10T17:37:10.5707640Z"},"blob":{"enabled":true,"lastEnabledTime":"2018-01-10T17:37:10.5707640Z"}},"keySource":"Microsoft.Storage"},"provisioningState":"Succeeded","creationTime":"2017-10-13T23:31:57.1551541Z","primaryEndpoints":{"blob":"https://azurecliextensionsync.blob.core.windows.net/","queue":"https://azurecliextensionsync.queue.core.windows.net/","table":"https://azurecliextensionsync.table.core.windows.net/","file":"https://azurecliextensionsync.file.core.windows.net/"},"primaryLocation":"southcentralus","statusOfPrimary":"available"}},{"sku":{"name":"Standard_LRS","tier":"Standard"},"kind":"BlobStorage","id":"/subscriptions/00000000-0000-0000-0000-000000000000/resourceGroups/adx-automation-a01/providers/Microsoft.Storage/storageAccounts/a01tools","name":"a01tools","type":"Microsoft.Storage/storageAccounts","location":"southcentralus","tags":{},"properties":{"networkAcls":{"bypass":"AzureServices","virtualNetworkRules":[],"ipRules":[],"defaultAction":"Allow"},"trustedDirectories":["72f988bf-86f1-41af-91ab-2d7cd011db47"],"supportsHttpsTrafficOnly":true,"encryption":{"services":{"file":{"enabled":true,"lastEnabledTime":"2018-02-14T08:06:16.1663332Z"},"blob":{"enabled":true,"lastEnabledTime":"2018-02-14T08:06:16.1663332Z"}},"keySource":"Microsoft.Storage"},"accessTier":"Hot","provisioningState":"Succeeded","creationTime":"2018-02-14T08:06:16.1194781Z","primaryEndpoints":{"blob":"https://a01tools.blob.core.windows.net/","table":"https://a01tools.table.core.windows.net/"},"primaryLocation":"southcentralus","statusOfPrimary":"available"}},{"sku":{"name":"Standard_RAGRS","tier":"Standard"},"kind":"Storage","id":"/subscriptions/00000000-0000-0000-0000-000000000000/resourceGroups/azure-cli-automation/providers/Microsoft.Storage/storageAccounts/azureclia01log","name":"azureclia01log","type":"Microsoft.Storage/storageAccounts","location":"southcentralus","tags":{"system":"a01"},"properties":{"networkAcls":{"bypass":"AzureServices","virtualNetworkRules":[],"ipRules":[],"defaultAction":"Allow"},"trustedDirectories":["72f988bf-86f1-41af-91ab-2d7cd011db47"],"supportsHttpsTrafficOnly":false,"encryption":{"services":{"file":{"enabled":true,"lastEnabledTime":"2018-01-10T17:37:10.5551420Z"},"blob":{"enabled":true,"lastEnabledTime":"2018-01-10T17:37:10.5551420Z"}},"keySource":"Microsoft.Storage"},"provisioningState":"Succeeded","creationTime":"2018-01-02T22:16:39.5575524Z","primaryEndpoints":{"blob":"https://azureclia01log.blob.core.windows.net/","queue":"https://azureclia01log.queue.core.windows.net/","table":"https://azureclia01log.table.core.windows.net/","file":"https://azureclia01log.file.core.windows.net/"},"primaryLocation":"southcentralus","statusOfPrimary":"available","secondaryLocation":"northcentralus","statusOfSecondary":"available","secondaryEndpoints":{"blob":"https://azureclia01log-secondary.blob.core.windows.net/","queue":"https://azureclia01log-secondary.queue.core.windows.net/","table":"https://azureclia01log-secondary.table.core.windows.net/"}}},{"sku":{"name":"Premium_LRS","tier":"Premium"},"kind":"Storage","id":"/subscriptions/00000000-0000-0000-0000-000000000000/resourceGroups/azure_sdk_infrastructure/providers/Microsoft.Storage/storageAccounts/azuresdkjenkinsstore","name":"azuresdkjenkinsstore","type":"Microsoft.Storage/storageAccounts","location":"centralus","tags":{},"properties":{"networkAcls":{"bypass":"AzureServices","virtualNetworkRules":[],"ipRules":[],"defaultAction":"Allow"},"trustedDirectories":["72f988bf-86f1-41af-91ab-2d7cd011db47"],"supportsHttpsTrafficOnly":false,"encryption":{"services":{"file":{"enabled":true,"lastEnabledTime":"2018-01-10T17:37:12.4781365Z"},"blob":{"enabled":true,"lastEnabledTime":"2018-01-10T17:37:12.4781365Z"}},"keySource":"Microsoft.Storage"},"provisioningState":"Succeeded","creationTime":"2017-03-20T15:42:30.6067141Z","primaryEndpoints":{"blob":"https://azuresdkjenkinsstore.blob.core.windows.net/"},"primaryLocation":"centralus","statusOfPrimary":"available"}},{"sku":{"name":"Premium_LRS","tier":"Premium"},"kind":"Storage","id":"/subscriptions/00000000-0000-0000-0000-000000000000/resourceGroups/azure_sdk_infrastructure/providers/Microsoft.Storage/storageAccounts/azuresdkcivm01store","name":"azuresdkcivm01store","type":"Microsoft.Storage/storageAccounts","location":"centralus","tags":{},"properties":{"networkAcls":{"bypass":"AzureServices","virtualNetworkRules":[],"ipRules":[],"defaultAction":"Allow"},"trustedDirectories":["72f988bf-86f1-41af-91ab-2d7cd011db47"],"supportsHttpsTrafficOnly":false,"encryption":{"services":{"file":{"enabled":true,"lastEnabledTime":"2018-01-10T17:37:12.4312693Z"},"blob":{"enabled":true,"lastEnabledTime":"2018-01-10T17:37:12.4312693Z"}},"keySource":"Microsoft.Storage"},"provisioningState":"Succeeded","creationTime":"2017-03-20T15:02:00.1500148Z","primaryEndpoints":{"blob":"https://azuresdkcivm01store.blob.core.windows.net/"},"primaryLocation":"centralus","statusOfPrimary":"available"}},{"sku":{"name":"Standard_RAGRS","tier":"Standard"},"kind":"BlobStorage","id":"/subscriptions/00000000-0000-0000-0000-000000000000/resourceGroups/pythoncliinsightsprod/providers/Microsoft.Storage/storageAccounts/pythoncliinsightsprod","name":"pythoncliinsightsprod","type":"Microsoft.Storage/storageAccounts","location":"centralus","tags":{},"properties":{"networkAcls":{"bypass":"AzureServices","virtualNetworkRules":[],"ipRules":[],"defaultAction":"Allow"},"trustedDirectories":["72f988bf-86f1-41af-91ab-2d7cd011db47"],"supportsHttpsTrafficOnly":false,"encryption":{"services":{"file":{"enabled":true,"lastEnabledTime":"2018-01-10T17:37:12.4781365Z"},"blob":{"enabled":true,"lastEnabledTime":"2018-01-10T17:37:12.4781365Z"}},"keySource":"Microsoft.Storage"},"accessTier":"Cool","provisioningState":"Succeeded","creationTime":"2016-09-15T16:54:36.4300442Z","primaryEndpoints":{"blob":"https://pythoncliinsightsprod.blob.core.windows.net/","table":"https://pythoncliinsightsprod.table.core.windows.net/"},"primaryLocation":"centralus","statusOfPrimary":"available","secondaryLocation":"eastus2","statusOfSecondary":"available","secondaryEndpoints":{"blob":"https://pythoncliinsightsprod-secondary.blob.core.windows.net/","table":"https://pythoncliinsightsprod-secondary.table.core.windows.net/"}}},{"sku":{"name":"Standard_LRS","tier":"Standard"},"kind":"Storage","id":"/subscriptions/00000000-0000-0000-0000-000000000000/resourceGroups/azure_sdk_infrastructure/providers/Microsoft.Storage/storageAccounts/azuresdkinfrajenkinsdiag","name":"azuresdkinfrajenkinsdiag","type":"Microsoft.Storage/storageAccounts","location":"centralus","tags":{},"properties":{"networkAcls":{"bypass":"AzureServices","virtualNetworkRules":[],"ipRules":[],"defaultAction":"Allow"},"trustedDirectories":["72f988bf-86f1-41af-91ab-2d7cd011db47"],"supportsHttpsTrafficOnly":false,"encryption":{"services":{"file":{"enabled":true,"lastEnabledTime":"2018-01-10T17:37:12.4468496Z"},"blob":{"enabled":true,"lastEnabledTime":"2018-01-10T17:37:12.4468496Z"}},"keySource":"Microsoft.Storage"},"provisioningState":"Succeeded","creationTime":"2017-03-16T15:52:59.5432346Z","primaryEndpoints":{"blob":"https://azuresdkinfrajenkinsdiag.blob.core.windows.net/","queue":"https://azuresdkinfrajenkinsdiag.queue.core.windows.net/","table":"https://azuresdkinfrajenkinsdiag.table.core.windows.net/","file":"https://azuresdkinfrajenkinsdiag.file.core.windows.net/"},"primaryLocation":"centralus","statusOfPrimary":"available"}},{"sku":{"name":"Standard_RAGRS","tier":"Standard"},"kind":"Storage","id":"/subscriptions/00000000-0000-0000-0000-000000000000/resourceGroups/azure_sdk_infrastructure/providers/Microsoft.Storage/storageAccounts/azuresdkinfrastructur460","name":"azuresdkinfrastructur460","type":"Microsoft.Storage/storageAccounts","location":"centralus","tags":{},"properties":{"networkAcls":{"bypass":"AzureServices","virtualNetworkRules":[],"ipRules":[],"defaultAction":"Allow"},"trustedDirectories":["72f988bf-86f1-41af-91ab-2d7cd011db47"],"supportsHttpsTrafficOnly":false,"encryption":{"services":{"file":{"enabled":true,"lastEnabledTime":"2018-01-10T17:37:12.4625095Z"},"blob":{"enabled":true,"lastEnabledTime":"2018-01-10T17:37:12.4625095Z"}},"keySource":"Microsoft.Storage"},"provisioningState":"Succeeded","creationTime":"2016-10-11T23:31:04.1652342Z","primaryEndpoints":{"blob":"https://azuresdkinfrastructur460.blob.core.windows.net/","queue":"https://azuresdkinfrastructur460.queue.core.windows.net/","table":"https://azuresdkinfrastructur460.table.core.windows.net/","file":"https://azuresdkinfrastructur460.file.core.windows.net/"},"primaryLocation":"centralus","statusOfPrimary":"available","secondaryLocation":"eastus2","statusOfSecondary":"available","secondaryEndpoints":{"blob":"https://azuresdkinfrastructur460-secondary.blob.core.windows.net/","queue":"https://azuresdkinfrastructur460-secondary.queue.core.windows.net/","table":"https://azuresdkinfrastructur460-secondary.table.core.windows.net/"}}},{"sku":{"name":"Standard_RAGRS","tier":"Standard"},"kind":"Storage","id":"/subscriptions/00000000-0000-0000-0000-000000000000/resourceGroups/azure_sdk_infrastructure/providers/Microsoft.Storage/storageAccounts/azuresdkinfrajobstore1","name":"azuresdkinfrajobstore1","type":"Microsoft.Storage/storageAccounts","location":"centralus","tags":{},"properties":{"networkAcls":{"bypass":"AzureServices","virtualNetworkRules":[],"ipRules":[],"defaultAction":"Allow"},"trustedDirectories":["72f988bf-86f1-41af-91ab-2d7cd011db47"],"supportsHttpsTrafficOnly":false,"encryption":{"services":{"file":{"enabled":true,"lastEnabledTime":"2018-01-10T17:37:12.4468496Z"},"blob":{"enabled":true,"lastEnabledTime":"2018-01-10T17:37:12.4468496Z"}},"keySource":"Microsoft.Storage"},"provisioningState":"Succeeded","creationTime":"2016-10-19T17:41:16.9537643Z","primaryEndpoints":{"blob":"https://azuresdkinfrajobstore1.blob.core.windows.net/","queue":"https://azuresdkinfrajobstore1.queue.core.windows.net/","table":"https://azuresdkinfrajobstore1.table.core.windows.net/","file":"https://azuresdkinfrajobstore1.file.core.windows.net/"},"primaryLocation":"centralus","statusOfPrimary":"available","secondaryLocation":"eastus2","statusOfSecondary":"available","secondaryEndpoints":{"blob":"https://azuresdkinfrajobstore1-secondary.blob.core.windows.net/","queue":"https://azuresdkinfrajobstore1-secondary.queue.core.windows.net/","table":"https://azuresdkinfrajobstore1-secondary.table.core.windows.net/"}}},{"sku":{"name":"Standard_RAGRS","tier":"Standard"},"kind":"Storage","id":"/subscriptions/00000000-0000-0000-0000-000000000000/resourceGroups/adx-automation-a01/providers/Microsoft.Storage/storageAccounts/adxautomation","name":"adxautomation","type":"Microsoft.Storage/storageAccounts","location":"centralus","tags":{},"properties":{"networkAcls":{"bypass":"AzureServices","virtualNetworkRules":[],"ipRules":[],"defaultAction":"Allow"},"trustedDirectories":["72f988bf-86f1-41af-91ab-2d7cd011db47"],"supportsHttpsTrafficOnly":false,"encryption":{"services":{"file":{"enabled":true,"lastEnabledTime":"2018-03-09T23:04:25.0809838Z"},"blob":{"enabled":true,"lastEnabledTime":"2018-03-09T23:04:25.0809838Z"}},"keySource":"Microsoft.Storage"},"provisioningState":"Succeeded","creationTime":"2018-03-09T23:04:25.0028407Z","primaryEndpoints":{"blob":"https://adxautomation.blob.core.windows.net/","queue":"https://adxautomation.queue.core.windows.net/","table":"https://adxautomation.table.core.windows.net/","file":"https://adxautomation.file.core.windows.net/"},"primaryLocation":"centralus","statusOfPrimary":"available","secondaryLocation":"eastus2","statusOfSecondary":"available","secondaryEndpoints":{"blob":"https://adxautomation-secondary.blob.core.windows.net/","queue":"https://adxautomation-secondary.queue.core.windows.net/","table":"https://adxautomation-secondary.table.core.windows.net/"}}},{"sku":{"name":"Premium_LRS","tier":"Premium"},"kind":"Storage","id":"/subscriptions/00000000-0000-0000-0000-000000000000/resourceGroups/azure_sdk_infrastructure/providers/Microsoft.Storage/storageAccounts/azuresdkcistore","name":"azuresdkcistore","type":"Microsoft.Storage/storageAccounts","location":"centralus","tags":{},"properties":{"networkAcls":{"bypass":"AzureServices","virtualNetworkRules":[],"ipRules":[],"defaultAction":"Allow"},"trustedDirectories":["72f988bf-86f1-41af-91ab-2d7cd011db47"],"supportsHttpsTrafficOnly":false,"encryption":{"services":{"file":{"enabled":true,"lastEnabledTime":"2018-01-10T17:37:12.4312693Z"},"blob":{"enabled":true,"lastEnabledTime":"2018-01-10T17:37:12.4312693Z"}},"keySource":"Microsoft.Storage"},"provisioningState":"Succeeded","creationTime":"2017-03-24T02:24:00.7855002Z","primaryEndpoints":{"blob":"https://azuresdkcistore.blob.core.windows.net/"},"primaryLocation":"centralus","statusOfPrimary":"available"}},{"sku":{"name":"Standard_LRS","tier":"Standard"},"kind":"BlobStorage","id":"/subscriptions/00000000-0000-0000-0000-000000000000/resourceGroups/AutoRestCIDashboard/providers/Microsoft.Storage/storageAccounts/autorestci","name":"autorestci","type":"Microsoft.Storage/storageAccounts","location":"centralus","tags":{},"properties":{"networkAcls":{"bypass":"AzureServices","virtualNetworkRules":[],"ipRules":[],"defaultAction":"Allow"},"trustedDirectories":["72f988bf-86f1-41af-91ab-2d7cd011db47"],"supportsHttpsTrafficOnly":false,"encryption":{"services":{"file":{"enabled":true,"lastEnabledTime":"2018-04-11T16:49:11.6299226Z"},"blob":{"enabled":true,"lastEnabledTime":"2018-04-11T16:49:11.6299226Z"}},"keySource":"Microsoft.Storage"},"accessTier":"Cool","provisioningState":"Succeeded","creationTime":"2018-04-11T16:49:11.5675388Z","primaryEndpoints":{"blob":"https://autorestci.blob.core.windows.net/","table":"https://autorestci.table.core.windows.net/"},"primaryLocation":"centralus","statusOfPrimary":"available"}},{"identity":{"principalId":"422645fe-79e1-4f87-b218-7f4b65b02338","tenantId":"72f988bf-86f1-41af-91ab-2d7cd011db47","type":"SystemAssigned"},"sku":{"name":"Standard_LRS","tier":"Standard"},"kind":"Storage","id":"/subscriptions/00000000-0000-0000-0000-000000000000/resourceGroups/az-devex-mirrorcat/providers/Microsoft.Storage/storageAccounts/mirrorcat","name":"mirrorcat","type":"Microsoft.Storage/storageAccounts","location":"westus2","tags":{},"properties":{"networkAcls":{"bypass":"AzureServices","virtualNetworkRules":[],"ipRules":[],"defaultAction":"Allow"},"trustedDirectories":["72f988bf-86f1-41af-91ab-2d7cd011db47"],"supportsHttpsTrafficOnly":false,"encryption":{"services":{"file":{"enabled":true,"lastEnabledTime":"2018-03-12T17:18:13.2974611Z"},"blob":{"enabled":true,"lastEnabledTime":"2018-03-12T17:18:13.2974611Z"}},"keySource":"Microsoft.Storage"},"provisioningState":"Succeeded","creationTime":"2018-03-12T17:18:13.2662147Z","primaryEndpoints":{"blob":"https://mirrorcat.blob.core.windows.net/","queue":"https://mirrorcat.queue.core.windows.net/","table":"https://mirrorcat.table.core.windows.net/","file":"https://mirrorcat.file.core.windows.net/"},"primaryLocation":"westus2","statusOfPrimary":"available"}},{"sku":{"name":"Standard_LRS","tier":"Standard"},"kind":"Storage","id":"/subscriptions/00000000-0000-0000-0000-000000000000/resourceGroups/azure-python-sdk-tests/providers/Microsoft.Storage/storageAccounts/pysdktest","name":"pysdktest","type":"Microsoft.Storage/storageAccounts","location":"westus2","tags":{},"properties":{"networkAcls":{"bypass":"AzureServices","virtualNetworkRules":[],"ipRules":[],"defaultAction":"Allow"},"trustedDirectories":["72f988bf-86f1-41af-91ab-2d7cd011db47"],"supportsHttpsTrafficOnly":false,"encryption":{"services":{"file":{"enabled":true,"lastEnabledTime":"2017-11-15T09:23:28.5202311Z"},"blob":{"enabled":true,"lastEnabledTime":"2017-11-15T09:23:28.5202311Z"}},"keySource":"Microsoft.Storage"},"provisioningState":"Succeeded","creationTime":"2017-10-09T16:56:28.7828002Z","primaryEndpoints":{"blob":"https://pysdktest.blob.core.windows.net/","queue":"https://pysdktest.queue.core.windows.net/","table":"https://pysdktest.table.core.windows.net/","file":"https://pysdktest.file.core.windows.net/"},"primaryLocation":"westus2","statusOfPrimary":"available"}}]}'}
    headers:
      cache-control: [no-cache]
      content-length: ['59126']
      content-type: [application/json; charset=utf-8]
      date: ['Fri, 29 Jun 2018 20:47:56 GMT']
      expires: ['-1']
      pragma: [no-cache]
      strict-transport-security: [max-age=31536000; includeSubDomains]
      vary: [Accept-Encoding]
      x-content-type-options: [nosniff]
      x-ms-original-request-ids: [2aa1bfd3-a06f-4860-beec-92c83f95065f, 8061f0b0-583a-4b52-b318-2bc2f5186541,
        c83d49ac-a665-4e69-83bd-814e84a53657, 7cad34f6-571e-48b7-ac45-fc18f48b0e70,
        36fabb6d-c7bb-4fab-bc64-7189a94d6f68]
    status: {code: 200, message: OK}
- request:
    body: null
    headers:
      Accept: [application/json]
      Accept-Encoding: ['gzip, deflate']
      CommandName: [storage blob url]
      Connection: [keep-alive]
      Content-Length: ['0']
      Content-Type: [application/json; charset=utf-8]
      User-Agent: [python/3.6.5 (Darwin-17.6.0-x86_64-i386-64bit) requests/2.19.1
          msrest/0.5.1 msrest_azure/0.4.33 azure-mgmt-storage/1.5.0 Azure-SDK-For-Python
          AZURECLI/2.0.41]
      accept-language: [en-US]
    method: POST
    uri: https://management.azure.com/subscriptions/00000000-0000-0000-0000-000000000000/resourceGroups/cli_test_keyvault_sa000001/providers/Microsoft.Storage/storageAccounts/clitestkvsa0000001/listKeys?api-version=2017-10-01
  response:
    body: {string: '{"keys":[{"keyName":"key1","value":"QaLqPe1Z8kQ5610CqXZERPkkL7S9EqES5X85Qjhx4EXUKPGGbFdcGrF2CAs/tZEjH6gAv+6yhD5BYvBpuxDnng==","permissions":"FULL"},{"keyName":"key2","value":"43aeclUkybA5aSpqi1jnF3ME7ozN/68ysjVVBA5ncyi32rWHFnWP8OzXDNnD6wy3IrWvn51uFaYrd2DV0M/Wow==","permissions":"FULL"}]}'}
    headers:
      cache-control: [no-cache]
      content-length: ['288']
      content-type: [application/json]
      date: ['Fri, 29 Jun 2018 20:47:57 GMT']
      expires: ['-1']
      pragma: [no-cache]
      server: ['Microsoft-Azure-Storage-Resource-Provider/1.0,Microsoft-HTTPAPI/2.0
          Microsoft-HTTPAPI/2.0']
      strict-transport-security: [max-age=31536000; includeSubDomains]
      transfer-encoding: [chunked]
      vary: [Accept-Encoding]
      x-content-type-options: [nosniff]
      x-ms-ratelimit-remaining-subscription-writes: ['1199']
    status: {code: 200, message: OK}
- request:
    body: '{"templateUri": "https://clitestkvsa0000001.blob.core.windows.net/cont1/blob1?sp=r&sv=2017-07-29&sr=b&sig=ivQ3xmC%2BEt9TQMnjjPWWDLaFrgxZRJmrrE9PK1Oc9DU%3D",
      "sasType": "service", "validityPeriod": "P1D", "attributes": {"enabled": true}}'
    headers:
      Accept: [application/json]
      Accept-Encoding: ['gzip, deflate']
      Connection: [keep-alive]
      Content-Length: ['236']
      Content-Type: [application/json; charset=utf-8]
      User-Agent: [python/3.6.5 (Darwin-17.6.0-x86_64-i386-64bit) requests/2.19.1
          msrest/0.5.1 msrest_azure/0.4.33 azure-keyvault/1.0.0 Azure-SDK-For-Python]
      accept-language: [en-US]
    method: PUT
    uri: https://cli-test-keyvault-000002.vault.azure.net/storage/clitestkvsa0000001/sas/blob1r?api-version=7.0
  response:
    body: {string: '{"id":"https://cli-test-keyvault-000002.vault.azure.net/storage/clitestkvsa0000001/sas/blob1r","sid":"https://cli-test-keyvault-000002.vault.azure.net/secrets/clitestkvsa0000001-blob1r","templateUri":"https://clitestkvsa0000001.blob.core.windows.net/cont1/blob1?sp=r&sv=2017-07-29&sr=b&sig=ivQ3xmC%2BEt9TQMnjjPWWDLaFrgxZRJmrrE9PK1Oc9DU%3D","sasType":"service","validityPeriod":"P1D","attributes":{"enabled":true,"created":1530305278,"updated":1530305278,"recoveryLevel":"Purgeable"}}'}
    headers:
      cache-control: [no-cache]
      content-length: ['483']
      content-type: [application/json; charset=utf-8]
      date: ['Fri, 29 Jun 2018 20:47:57 GMT']
      expires: ['-1']
      pragma: [no-cache]
      server: [Microsoft-IIS/10.0]
      strict-transport-security: [max-age=31536000;includeSubDomains]
      x-aspnet-version: [4.0.30319]
      x-content-type-options: [nosniff]
      x-ms-keyvault-network-info: [addr=167.220.100.108;act_addr_fam=InterNetwork;]
      x-ms-keyvault-region: [westus]
      x-ms-keyvault-service-version: [1.0.0.852]
      x-powered-by: [ASP.NET]
    status: {code: 200, message: OK}
- request:
    body: null
    headers:
      Accept: [application/json]
      Accept-Encoding: ['gzip, deflate']
      Connection: [keep-alive]
      Content-Type: [application/json; charset=utf-8]
      User-Agent: [python/3.6.5 (Darwin-17.6.0-x86_64-i386-64bit) requests/2.19.1
          msrest/0.5.1 msrest_azure/0.4.33 azure-keyvault/1.0.0 Azure-SDK-For-Python]
      accept-language: [en-US]
    method: GET
    uri: https://cli-test-keyvault-000002.vault.azure.net/secrets/clitestkvsa0000001-blob1r/?api-version=7.0
  response:
    body: {string: '{"value":"?sv=2017-07-29&sr=b&sp=r&se=2018-06-30T20%3A47%3A58Z&sig=uD5Ehb3U%2FDAOu%2B5CRZC7YyIiO1uYcdhh4HpPDV4q2V4%3D","contentType":"application/vnd.ms-sastoken-storage","id":"https://cli-test-keyvault-000002.vault.azure.net/secrets/clitestkvsa0000001-blob1r","managed":true,"attributes":{"enabled":true,"exp":1530391678,"recoveryLevel":"Purgeable"}}'}
    headers:
      cache-control: [no-cache]
      content-length: ['351']
      content-type: [application/json; charset=utf-8]
      date: ['Fri, 29 Jun 2018 20:47:57 GMT']
      expires: ['-1']
      pragma: [no-cache]
      server: [Microsoft-IIS/10.0]
      strict-transport-security: [max-age=31536000;includeSubDomains]
      x-aspnet-version: [4.0.30319]
      x-content-type-options: [nosniff]
      x-ms-keyvault-network-info: [addr=167.220.100.108;act_addr_fam=InterNetwork;]
      x-ms-keyvault-region: [westus]
      x-ms-keyvault-service-version: [1.0.0.852]
      x-powered-by: [ASP.NET]
    status: {code: 200, message: OK}
- request:
    body: null
    headers:
      Connection: [keep-alive]
      User-Agent: [Azure-Storage/1.1.0-1.1.0 (Python CPython 3.6.5; Darwin 17.6.0)
          AZURECLI/2.0.41]
      x-ms-date: ['Fri, 29 Jun 2018 20:47:58 GMT']
      x-ms-version: ['2017-07-29']
    method: HEAD
    uri: https://clitestkvsa0000001.blob.core.windows.net/cont1/blob1?sv=2017-07-29&sr=b&sp=r&se=2018-06-30T20%3A47%3A58Z&sig=uD5Ehb3U%2FDAOu%2B5CRZC7YyIiO1uYcdhh4HpPDV4q2V4%3D
  response:
    body: {string: ''}
    headers:
      accept-ranges: [bytes]
      content-length: ['41']
      content-md5: [A8g/tXsJaBMo6jXd7y1gig==]
      content-type: [text/plain]
      date: ['Fri, 29 Jun 2018 20:47:58 GMT']
      etag: ['"0x8D5DE0197B2E932"']
      last-modified: ['Fri, 29 Jun 2018 20:47:56 GMT']
      server: [Windows-Azure-Blob/1.0 Microsoft-HTTPAPI/2.0]
      x-ms-blob-type: [BlockBlob]
      x-ms-lease-state: [available]
      x-ms-lease-status: [unlocked]
      x-ms-server-encrypted: ['true']
      x-ms-version: ['2017-07-29']
    status: {code: 200, message: OK}
- request:
    body: '{"keyName": "key1"}'
    headers:
      Accept: [application/json]
      Accept-Encoding: ['gzip, deflate']
      Connection: [keep-alive]
      Content-Length: ['19']
      Content-Type: [application/json; charset=utf-8]
      User-Agent: [python/3.6.5 (Darwin-17.6.0-x86_64-i386-64bit) requests/2.19.1
          msrest/0.5.1 msrest_azure/0.4.33 azure-keyvault/1.0.0 Azure-SDK-For-Python]
      accept-language: [en-US]
    method: POST
    uri: https://cli-test-keyvault-000002.vault.azure.net/storage/clitestkvsa0000001/regeneratekey?api-version=7.0
  response:
    body: {string: '{"id":"https://cli-test-keyvault-000002.vault.azure.net/storage/clitestkvsa0000001","resourceId":"/subscriptions/00000000-0000-0000-0000-000000000000/resourceGroups/cli_test_keyvault_sa000001/providers/Microsoft.Storage/storageAccounts/clitestkvsa0000001","activeKeyName":"key1","autoRegenerateKey":true,"regenerationPeriod":"P90D","attributes":{"enabled":true,"created":1530305281,"updated":1530305281,"recoveryLevel":"Purgeable"}}'}
    headers:
      cache-control: [no-cache]
      content-length: ['481']
      content-type: [application/json; charset=utf-8]
      date: ['Fri, 29 Jun 2018 20:48:00 GMT']
      expires: ['-1']
      pragma: [no-cache]
      server: [Microsoft-IIS/10.0]
      strict-transport-security: [max-age=31536000;includeSubDomains]
      x-aspnet-version: [4.0.30319]
      x-content-type-options: [nosniff]
      x-ms-keyvault-network-info: [addr=167.220.100.108;act_addr_fam=InterNetwork;]
      x-ms-keyvault-region: [westus]
      x-ms-keyvault-service-version: [1.0.0.852]
      x-powered-by: [ASP.NET]
    status: {code: 200, message: OK}
- request:
    body: null
    headers:
      Accept: [application/json]
      Accept-Encoding: ['gzip, deflate']
      Connection: [keep-alive]
      Content-Type: [application/json; charset=utf-8]
      User-Agent: [python/3.6.5 (Darwin-17.6.0-x86_64-i386-64bit) requests/2.19.1
          msrest/0.5.1 msrest_azure/0.4.33 azure-keyvault/1.0.0 Azure-SDK-For-Python]
      accept-language: [en-US]
    method: GET
    uri: https://cli-test-keyvault-000002.vault.azure.net/secrets/clitestkvsa0000001-blob1r/?api-version=7.0
  response:
    body: {string: '{"value":"?sv=2017-07-29&sr=b&sp=r&se=2018-06-30T20%3A48%3A02Z&sig=Ojs1Go45eWe9iouGGhNx6L2WtPLGtfqeicTaizs8j1o%3D","contentType":"application/vnd.ms-sastoken-storage","id":"https://cli-test-keyvault-000002.vault.azure.net/secrets/clitestkvsa0000001-blob1r","managed":true,"attributes":{"enabled":true,"exp":1530391682,"recoveryLevel":"Purgeable"}}'}
    headers:
      cache-control: [no-cache]
      content-length: ['347']
      content-type: [application/json; charset=utf-8]
      date: ['Fri, 29 Jun 2018 20:48:01 GMT']
      expires: ['-1']
      pragma: [no-cache]
      server: [Microsoft-IIS/10.0]
      strict-transport-security: [max-age=31536000;includeSubDomains]
      x-aspnet-version: [4.0.30319]
      x-content-type-options: [nosniff]
      x-ms-keyvault-network-info: [addr=167.220.100.108;act_addr_fam=InterNetwork;]
      x-ms-keyvault-region: [westus]
      x-ms-keyvault-service-version: [1.0.0.852]
      x-powered-by: [ASP.NET]
    status: {code: 200, message: OK}
- request:
    body: null
    headers:
      Connection: [keep-alive]
      User-Agent: [Azure-Storage/1.1.0-1.1.0 (Python CPython 3.6.5; Darwin 17.6.0)
          AZURECLI/2.0.41]
      x-ms-date: ['Fri, 29 Jun 2018 20:48:02 GMT']
      x-ms-version: ['2017-07-29']
    method: HEAD
    uri: https://clitestkvsa0000001.blob.core.windows.net/cont1/blob1?sv=2017-07-29&sr=b&sp=r&se=2018-06-30T20%3A48%3A02Z&sig=Ojs1Go45eWe9iouGGhNx6L2WtPLGtfqeicTaizs8j1o%3D
  response:
    body: {string: ''}
    headers:
      accept-ranges: [bytes]
      content-length: ['41']
      content-md5: [A8g/tXsJaBMo6jXd7y1gig==]
      content-type: [text/plain]
      date: ['Fri, 29 Jun 2018 20:48:01 GMT']
      etag: ['"0x8D5DE0197B2E932"']
      last-modified: ['Fri, 29 Jun 2018 20:47:56 GMT']
      server: [Windows-Azure-Blob/1.0 Microsoft-HTTPAPI/2.0]
      x-ms-blob-type: [BlockBlob]
      x-ms-lease-state: [available]
      x-ms-lease-status: [unlocked]
      x-ms-server-encrypted: ['true']
      x-ms-version: ['2017-07-29']
    status: {code: 200, message: OK}
- request:
    body: null
    headers:
      Accept: [application/json]
      Accept-Encoding: ['gzip, deflate']
      Connection: [keep-alive]
      Content-Type: [application/json; charset=utf-8]
      User-Agent: [python/3.6.5 (Darwin-17.6.0-x86_64-i386-64bit) requests/2.19.1
          msrest/0.5.1 msrest_azure/0.4.33 azure-keyvault/1.0.0 Azure-SDK-For-Python]
      accept-language: [en-US]
    method: GET
    uri: https://cli-test-keyvault-000002.vault.azure.net/storage/clitestkvsa0000001/sas?api-version=7.0
  response:
    body: {string: '{"value":[{"id":"https://cli-test-keyvault-000002.vault.azure.net/storage/clitestkvsa0000001/sas/allacctaccess","sid":"https://cli-test-keyvault-000002.vault.azure.net/secrets/clitestkvsa0000001-allacctaccess","attributes":{"enabled":true,"created":1530305275,"updated":1530305275,"recoveryLevel":"Purgeable"}},{"id":"https://cli-test-keyvault-000002.vault.azure.net/storage/clitestkvsa0000001/sas/blob1r","sid":"https://cli-test-keyvault-000002.vault.azure.net/secrets/clitestkvsa0000001-blob1r","attributes":{"enabled":true,"created":1530305278,"updated":1530305278,"recoveryLevel":"Purgeable"}}],"nextLink":null}'}
    headers:
      cache-control: [no-cache]
      content-length: ['615']
      content-type: [application/json; charset=utf-8]
      date: ['Fri, 29 Jun 2018 20:48:02 GMT']
      expires: ['-1']
      pragma: [no-cache]
      server: [Microsoft-IIS/10.0]
      strict-transport-security: [max-age=31536000;includeSubDomains]
      x-aspnet-version: [4.0.30319]
      x-content-type-options: [nosniff]
      x-ms-keyvault-network-info: [addr=167.220.100.108;act_addr_fam=InterNetwork;]
      x-ms-keyvault-region: [westus]
      x-ms-keyvault-service-version: [1.0.0.852]
      x-powered-by: [ASP.NET]
    status: {code: 200, message: OK}
- request:
    body: null
    headers:
      Accept: [application/json]
      Accept-Encoding: ['gzip, deflate']
      Connection: [keep-alive]
      Content-Type: [application/json; charset=utf-8]
      User-Agent: [python/3.6.5 (Darwin-17.6.0-x86_64-i386-64bit) requests/2.19.1
          msrest/0.5.1 msrest_azure/0.4.33 azure-keyvault/1.0.0 Azure-SDK-For-Python]
      accept-language: [en-US]
    method: GET
    uri: https://cli-test-keyvault-000002.vault.azure.net/storage/clitestkvsa0000001/sas/blob1r?api-version=7.0
  response:
    body: {string: '{"id":"https://cli-test-keyvault-000002.vault.azure.net/storage/clitestkvsa0000001/sas/blob1r","sid":"https://cli-test-keyvault-000002.vault.azure.net/secrets/clitestkvsa0000001-blob1r","templateUri":"https://clitestkvsa0000001.blob.core.windows.net/cont1/blob1?sp=r&sv=2017-07-29&sr=b&sig=ivQ3xmC%2BEt9TQMnjjPWWDLaFrgxZRJmrrE9PK1Oc9DU%3D","sasType":"service","validityPeriod":"P1D","attributes":{"enabled":true,"created":1530305278,"updated":1530305278,"recoveryLevel":"Purgeable"}}'}
    headers:
      cache-control: [no-cache]
      content-length: ['483']
      content-type: [application/json; charset=utf-8]
      date: ['Fri, 29 Jun 2018 20:48:02 GMT']
      expires: ['-1']
      pragma: [no-cache]
      server: [Microsoft-IIS/10.0]
      strict-transport-security: [max-age=31536000;includeSubDomains]
      x-aspnet-version: [4.0.30319]
      x-content-type-options: [nosniff]
      x-ms-keyvault-network-info: [addr=167.220.100.108;act_addr_fam=InterNetwork;]
      x-ms-keyvault-region: [westus]
      x-ms-keyvault-service-version: [1.0.0.852]
      x-powered-by: [ASP.NET]
    status: {code: 200, message: OK}
- request:
    body: null
    headers:
      Accept: [application/json]
      Accept-Encoding: ['gzip, deflate']
      Connection: [keep-alive]
      Content-Type: [application/json; charset=utf-8]
      User-Agent: [python/3.6.5 (Darwin-17.6.0-x86_64-i386-64bit) requests/2.19.1
          msrest/0.5.1 msrest_azure/0.4.33 azure-keyvault/1.0.0 Azure-SDK-For-Python]
      accept-language: [en-US]
    method: GET
    uri: https://cli-test-keyvault-000002.vault.azure.net/storage/clitestkvsa0000001/sas/allacctaccess?api-version=7.0
  response:
    body: {string: '{"id":"https://cli-test-keyvault-000002.vault.azure.net/storage/clitestkvsa0000001/sas/allacctaccess","sid":"https://cli-test-keyvault-000002.vault.azure.net/secrets/clitestkvsa0000001-allacctaccess","templateUri":"se=2020-01-01&sp=rwdlacup&spr=https&sv=2017-07-29&ss=bqtf&srt=sco&sig=AA/g6eLmr7SOYFBKsMyy6VibIhKpbS5gQLnPd5AGDJE%3D","sasType":"account","validityPeriod":"PT4H","attributes":{"enabled":true,"created":1530305275,"updated":1530305275,"recoveryLevel":"Purgeable"}}'}
    headers:
      cache-control: [no-cache]
      content-length: ['477']
      content-type: [application/json; charset=utf-8]
      date: ['Fri, 29 Jun 2018 20:48:03 GMT']
      expires: ['-1']
      pragma: [no-cache]
      server: [Microsoft-IIS/10.0]
      strict-transport-security: [max-age=31536000;includeSubDomains]
      x-aspnet-version: [4.0.30319]
      x-content-type-options: [nosniff]
      x-ms-keyvault-network-info: [addr=167.220.100.108;act_addr_fam=InterNetwork;]
      x-ms-keyvault-region: [westus]
      x-ms-keyvault-service-version: [1.0.0.852]
      x-powered-by: [ASP.NET]
    status: {code: 200, message: OK}
- request:
    body: null
    headers:
      Accept: [application/json]
      Accept-Encoding: ['gzip, deflate']
      Connection: [keep-alive]
      Content-Length: ['0']
      Content-Type: [application/json; charset=utf-8]
      User-Agent: [python/3.6.5 (Darwin-17.6.0-x86_64-i386-64bit) requests/2.19.1
          msrest/0.5.1 msrest_azure/0.4.33 azure-keyvault/1.0.0 Azure-SDK-For-Python]
      accept-language: [en-US]
    method: DELETE
    uri: https://cli-test-keyvault-000002.vault.azure.net/storage/clitestkvsa0000001/sas/blob1r?api-version=7.0
  response:
    body: {string: '{"id":"https://cli-test-keyvault-000002.vault.azure.net/storage/clitestkvsa0000001/sas/blob1r","sid":"https://cli-test-keyvault-000002.vault.azure.net/secrets/clitestkvsa0000001-blob1r","templateUri":"https://clitestkvsa0000001.blob.core.windows.net/cont1/blob1?sp=r&sv=2017-07-29&sr=b&sig=ivQ3xmC%2BEt9TQMnjjPWWDLaFrgxZRJmrrE9PK1Oc9DU%3D","sasType":"service","validityPeriod":"P1D","attributes":{"enabled":true,"created":1530305278,"updated":1530305278,"recoveryLevel":"Purgeable"}}'}
    headers:
      cache-control: [no-cache]
      content-length: ['483']
      content-type: [application/json; charset=utf-8]
      date: ['Fri, 29 Jun 2018 20:48:04 GMT']
      expires: ['-1']
      pragma: [no-cache]
      server: [Microsoft-IIS/10.0]
      strict-transport-security: [max-age=31536000;includeSubDomains]
      x-aspnet-version: [4.0.30319]
      x-content-type-options: [nosniff]
      x-ms-keyvault-network-info: [addr=167.220.100.108;act_addr_fam=InterNetwork;]
      x-ms-keyvault-region: [westus]
      x-ms-keyvault-service-version: [1.0.0.852]
      x-powered-by: [ASP.NET]
    status: {code: 200, message: OK}
- request:
    body: null
    headers:
      Accept: [application/json]
      Accept-Encoding: ['gzip, deflate']
      Connection: [keep-alive]
      Content-Length: ['0']
      Content-Type: [application/json; charset=utf-8]
      User-Agent: [python/3.6.5 (Darwin-17.6.0-x86_64-i386-64bit) requests/2.19.1
          msrest/0.5.1 msrest_azure/0.4.33 azure-keyvault/1.0.0 Azure-SDK-For-Python]
      accept-language: [en-US]
    method: DELETE
    uri: https://cli-test-keyvault-000002.vault.azure.net/storage/clitestkvsa0000001/sas/allacctaccess?api-version=7.0
  response:
    body: {string: '{"id":"https://cli-test-keyvault-000002.vault.azure.net/storage/clitestkvsa0000001/sas/allacctaccess","sid":"https://cli-test-keyvault-000002.vault.azure.net/secrets/clitestkvsa0000001-allacctaccess","templateUri":"se=2020-01-01&sp=rwdlacup&spr=https&sv=2017-07-29&ss=bqtf&srt=sco&sig=AA/g6eLmr7SOYFBKsMyy6VibIhKpbS5gQLnPd5AGDJE%3D","sasType":"account","validityPeriod":"PT4H","attributes":{"enabled":true,"created":1530305275,"updated":1530305275,"recoveryLevel":"Purgeable"}}'}
    headers:
      cache-control: [no-cache]
      content-length: ['477']
      content-type: [application/json; charset=utf-8]
      date: ['Fri, 29 Jun 2018 20:48:04 GMT']
      expires: ['-1']
      pragma: [no-cache]
      server: [Microsoft-IIS/10.0]
      strict-transport-security: [max-age=31536000;includeSubDomains]
      x-aspnet-version: [4.0.30319]
      x-content-type-options: [nosniff]
      x-ms-keyvault-network-info: [addr=167.220.100.108;act_addr_fam=InterNetwork;]
      x-ms-keyvault-region: [westus]
      x-ms-keyvault-service-version: [1.0.0.852]
      x-powered-by: [ASP.NET]
    status: {code: 200, message: OK}
- request:
    body: null
    headers:
      Accept: [application/json]
      Accept-Encoding: ['gzip, deflate']
      Connection: [keep-alive]
      Content-Type: [application/json; charset=utf-8]
      User-Agent: [python/3.6.5 (Darwin-17.6.0-x86_64-i386-64bit) requests/2.19.1
          msrest/0.5.1 msrest_azure/0.4.33 azure-keyvault/1.0.0 Azure-SDK-For-Python]
      accept-language: [en-US]
    method: GET
    uri: https://cli-test-keyvault-000002.vault.azure.net/storage/clitestkvsa0000001/sas?api-version=7.0
  response:
    body: {string: '{"value":[],"nextLink":null}'}
    headers:
      cache-control: [no-cache]
      content-length: ['28']
      content-type: [application/json; charset=utf-8]
      date: ['Fri, 29 Jun 2018 20:48:04 GMT']
      expires: ['-1']
      pragma: [no-cache]
      server: [Microsoft-IIS/10.0]
      strict-transport-security: [max-age=31536000;includeSubDomains]
      x-aspnet-version: [4.0.30319]
      x-content-type-options: [nosniff]
      x-ms-keyvault-network-info: [addr=167.220.100.108;act_addr_fam=InterNetwork;]
      x-ms-keyvault-region: [westus]
      x-ms-keyvault-service-version: [1.0.0.852]
      x-powered-by: [ASP.NET]
    status: {code: 200, message: OK}
- request:
    body: null
    headers:
      Accept: [application/json]
      Accept-Encoding: ['gzip, deflate']
      Connection: [keep-alive]
      Content-Type: [application/json; charset=utf-8]
      User-Agent: [python/3.6.5 (Darwin-17.6.0-x86_64-i386-64bit) requests/2.19.1
          msrest/0.5.1 msrest_azure/0.4.33 azure-keyvault/1.0.0 Azure-SDK-For-Python]
      accept-language: [en-US]
    method: GET
    uri: https://cli-test-keyvault-000002.vault.azure.net/secrets?api-version=7.0
  response:
    body: {string: '{"value":[],"nextLink":null}'}
    headers:
      cache-control: [no-cache]
      content-length: ['28']
      content-type: [application/json; charset=utf-8]
      date: ['Fri, 29 Jun 2018 20:48:05 GMT']
      expires: ['-1']
      pragma: [no-cache]
      server: [Microsoft-IIS/10.0]
      strict-transport-security: [max-age=31536000;includeSubDomains]
      x-aspnet-version: [4.0.30319]
      x-content-type-options: [nosniff]
      x-ms-keyvault-network-info: [addr=167.220.100.108;act_addr_fam=InterNetwork;]
      x-ms-keyvault-region: [westus]
      x-ms-keyvault-service-version: [1.0.0.852]
      x-powered-by: [ASP.NET]
    status: {code: 200, message: OK}
- request:
    body: null
    headers:
      Accept: [application/json]
      Accept-Encoding: ['gzip, deflate']
      Connection: [keep-alive]
      Content-Type: [application/json; charset=utf-8]
      User-Agent: [python/3.6.5 (Darwin-17.6.0-x86_64-i386-64bit) requests/2.19.1
          msrest/0.5.1 msrest_azure/0.4.33 azure-keyvault/1.0.0 Azure-SDK-For-Python]
      accept-language: [en-US]
    method: GET
    uri: https://cli-test-keyvault-000002.vault.azure.net/storage?api-version=7.0
  response:
    body: {string: '{"value":[{"id":"https://cli-test-keyvault-000002.vault.azure.net/storage/clitestkvsa0000001","resourceId":"/subscriptions/00000000-0000-0000-0000-000000000000/resourceGroups/cli_test_keyvault_sa000001/providers/Microsoft.Storage/storageAccounts/clitestkvsa0000001","attributes":{"enabled":true,"created":1530305281,"updated":1530305281,"recoveryLevel":"Purgeable"}}],"nextLink":null}'}
    headers:
      cache-control: [no-cache]
      content-length: ['433']
      content-type: [application/json; charset=utf-8]
      date: ['Fri, 29 Jun 2018 20:48:05 GMT']
      expires: ['-1']
      pragma: [no-cache]
      server: [Microsoft-IIS/10.0]
      strict-transport-security: [max-age=31536000;includeSubDomains]
      x-aspnet-version: [4.0.30319]
      x-content-type-options: [nosniff]
      x-ms-keyvault-network-info: [addr=167.220.100.108;act_addr_fam=InterNetwork;]
      x-ms-keyvault-region: [westus]
      x-ms-keyvault-service-version: [1.0.0.852]
      x-powered-by: [ASP.NET]
    status: {code: 200, message: OK}
- request:
    body: null
    headers:
      Accept: [application/json]
      Accept-Encoding: ['gzip, deflate']
      Connection: [keep-alive]
      Content-Type: [application/json; charset=utf-8]
      User-Agent: [python/3.6.5 (Darwin-17.6.0-x86_64-i386-64bit) requests/2.19.1
          msrest/0.5.1 msrest_azure/0.4.33 azure-keyvault/1.0.0 Azure-SDK-For-Python]
      accept-language: [en-US]
    method: GET
    uri: https://cli-test-keyvault-000002.vault.azure.net/storage/clitestkvsa0000001?api-version=7.0
  response:
    body: {string: '{"id":"https://cli-test-keyvault-000002.vault.azure.net/storage/clitestkvsa0000001","resourceId":"/subscriptions/00000000-0000-0000-0000-000000000000/resourceGroups/cli_test_keyvault_sa000001/providers/Microsoft.Storage/storageAccounts/clitestkvsa0000001","activeKeyName":"key1","autoRegenerateKey":true,"regenerationPeriod":"P90D","attributes":{"enabled":true,"created":1530305281,"updated":1530305281,"recoveryLevel":"Purgeable"}}'}
    headers:
      cache-control: [no-cache]
      content-length: ['481']
      content-type: [application/json; charset=utf-8]
      date: ['Fri, 29 Jun 2018 20:48:06 GMT']
      expires: ['-1']
      pragma: [no-cache]
      server: [Microsoft-IIS/10.0]
      strict-transport-security: [max-age=31536000;includeSubDomains]
      x-aspnet-version: [4.0.30319]
      x-content-type-options: [nosniff]
      x-ms-keyvault-network-info: [addr=167.220.100.108;act_addr_fam=InterNetwork;]
      x-ms-keyvault-region: [westus]
      x-ms-keyvault-service-version: [1.0.0.852]
      x-powered-by: [ASP.NET]
    status: {code: 200, message: OK}
- request:
    body: null
    headers:
      Accept: [application/json]
      Accept-Encoding: ['gzip, deflate']
      Connection: [keep-alive]
      Content-Type: [application/json; charset=utf-8]
      User-Agent: [python/3.6.5 (Darwin-17.6.0-x86_64-i386-64bit) requests/2.19.1
          msrest/0.5.1 msrest_azure/0.4.33 azure-keyvault/1.0.0 Azure-SDK-For-Python]
      accept-language: [en-US]
    method: GET
    uri: https://cli-test-keyvault-000002.vault.azure.net/storage/clitestkvsa0000001?api-version=7.0
  response:
    body: {string: '{"id":"https://cli-test-keyvault-000002.vault.azure.net/storage/clitestkvsa0000001","resourceId":"/subscriptions/00000000-0000-0000-0000-000000000000/resourceGroups/cli_test_keyvault_sa000001/providers/Microsoft.Storage/storageAccounts/clitestkvsa0000001","activeKeyName":"key1","autoRegenerateKey":true,"regenerationPeriod":"P90D","attributes":{"enabled":true,"created":1530305281,"updated":1530305281,"recoveryLevel":"Purgeable"}}'}
    headers:
      cache-control: [no-cache]
      content-length: ['481']
      content-type: [application/json; charset=utf-8]
      date: ['Fri, 29 Jun 2018 20:48:06 GMT']
      expires: ['-1']
      pragma: [no-cache]
      server: [Microsoft-IIS/10.0]
      strict-transport-security: [max-age=31536000;includeSubDomains]
      x-aspnet-version: [4.0.30319]
      x-content-type-options: [nosniff]
      x-ms-keyvault-network-info: [addr=167.220.100.108;act_addr_fam=InterNetwork;]
      x-ms-keyvault-region: [westus]
      x-ms-keyvault-service-version: [1.0.0.852]
      x-powered-by: [ASP.NET]
    status: {code: 200, message: OK}
- request:
    body: null
    headers:
      Accept: [application/json]
      Accept-Encoding: ['gzip, deflate']
      Connection: [keep-alive]
      Content-Length: ['0']
      Content-Type: [application/json; charset=utf-8]
      User-Agent: [python/3.6.5 (Darwin-17.6.0-x86_64-i386-64bit) requests/2.19.1
          msrest/0.5.1 msrest_azure/0.4.33 azure-keyvault/1.0.0 Azure-SDK-For-Python]
      accept-language: [en-US]
    method: DELETE
    uri: https://cli-test-keyvault-000002.vault.azure.net/storage/clitestkvsa0000001?api-version=7.0
  response:
    body: {string: '{"id":"https://cli-test-keyvault-000002.vault.azure.net/storage/clitestkvsa0000001","resourceId":"/subscriptions/00000000-0000-0000-0000-000000000000/resourceGroups/cli_test_keyvault_sa000001/providers/Microsoft.Storage/storageAccounts/clitestkvsa0000001","activeKeyName":"key1","autoRegenerateKey":true,"regenerationPeriod":"P90D","attributes":{"enabled":true,"created":1530305281,"updated":1530305281,"recoveryLevel":"Purgeable"}}'}
    headers:
      cache-control: [no-cache]
      content-length: ['481']
      content-type: [application/json; charset=utf-8]
      date: ['Fri, 29 Jun 2018 20:48:06 GMT']
      expires: ['-1']
      pragma: [no-cache]
      server: [Microsoft-IIS/10.0]
      strict-transport-security: [max-age=31536000;includeSubDomains]
      x-aspnet-version: [4.0.30319]
      x-content-type-options: [nosniff]
      x-ms-keyvault-network-info: [addr=167.220.100.108;act_addr_fam=InterNetwork;]
      x-ms-keyvault-region: [westus]
      x-ms-keyvault-service-version: [1.0.0.852]
      x-powered-by: [ASP.NET]
    status: {code: 200, message: OK}
- request:
    body: null
    headers:
      Accept: [application/json]
      Accept-Encoding: ['gzip, deflate']
      Connection: [keep-alive]
      Content-Type: [application/json; charset=utf-8]
      User-Agent: [python/3.6.5 (Darwin-17.6.0-x86_64-i386-64bit) requests/2.19.1
          msrest/0.5.1 msrest_azure/0.4.33 azure-keyvault/1.0.0 Azure-SDK-For-Python]
      accept-language: [en-US]
    method: GET
    uri: https://cli-test-keyvault-000002.vault.azure.net/storage?api-version=7.0
  response:
    body: {string: '{"value":[],"nextLink":null}'}
    headers:
      cache-control: [no-cache]
      content-length: ['28']
      content-type: [application/json; charset=utf-8]
      date: ['Fri, 29 Jun 2018 20:48:06 GMT']
      expires: ['-1']
      pragma: [no-cache]
      server: [Microsoft-IIS/10.0]
      strict-transport-security: [max-age=31536000;includeSubDomains]
      x-aspnet-version: [4.0.30319]
      x-content-type-options: [nosniff]
      x-ms-keyvault-network-info: [addr=167.220.100.108;act_addr_fam=InterNetwork;]
      x-ms-keyvault-region: [westus]
      x-ms-keyvault-service-version: [1.0.0.852]
      x-powered-by: [ASP.NET]
    status: {code: 200, message: OK}
- request:
    body: null
    headers:
      Accept: [application/json]
      Accept-Encoding: ['gzip, deflate']
      CommandName: [group delete]
      Connection: [keep-alive]
      Content-Length: ['0']
      Content-Type: [application/json; charset=utf-8]
      User-Agent: [python/3.6.5 (Darwin-17.6.0-x86_64-i386-64bit) requests/2.19.1
          msrest/0.5.1 msrest_azure/0.4.33 resourcemanagementclient/2.0.0rc2 Azure-SDK-For-Python
          AZURECLI/2.0.41]
      accept-language: [en-US]
    method: DELETE
    uri: https://management.azure.com/subscriptions/00000000-0000-0000-0000-000000000000/resourcegroups/cli_test_keyvault_sa000001?api-version=2018-05-01
  response:
    body: {string: ''}
    headers:
      cache-control: [no-cache]
      content-length: ['0']
      date: ['Fri, 29 Jun 2018 20:48:07 GMT']
      expires: ['-1']
      location: ['https://management.azure.com/subscriptions/00000000-0000-0000-0000-000000000000/operationresults/eyJqb2JJZCI6IlJFU09VUkNFR1JPVVBERUxFVElPTkpPQi1DTEk6NUZURVNUOjVGS0VZVkFVTFQ6NUZTQVhCUUdBTE1NQkRBSDYyN1hPQkJCR3w3QjM3RTQ5Q0I2NkFDN0I2LVdFU1RVUyIsImpvYkxvY2F0aW9uIjoid2VzdHVzIn0?api-version=2018-05-01']
      pragma: [no-cache]
      strict-transport-security: [max-age=31536000; includeSubDomains]
      x-content-type-options: [nosniff]
      x-ms-ratelimit-remaining-subscription-deletes: ['14999']
    status: {code: 202, message: Accepted}
version: 1
