interactions:
- request:
    body: '{"location": "westus", "tags": {"product": "azurecli", "cause": "automation",
      "date": "2018-04-06T01:17:43Z"}}'
    headers:
      Accept: [application/json]
      Accept-Encoding: ['gzip, deflate']
      CommandName: [group create]
      Connection: [keep-alive]
      Content-Length: ['110']
      Content-Type: [application/json; charset=utf-8]
      User-Agent: [python/3.6.2 (Windows-10-10.0.16299-SP0) requests/2.18.4 msrest/0.4.26
          msrest_azure/0.4.25 resourcemanagementclient/1.2.1 Azure-SDK-For-Python
          AZURECLI/2.0.31]
      accept-language: [en-US]
    method: PUT
    uri: https://management.azure.com/subscriptions/00000000-0000-0000-0000-000000000000/resourcegroups/cli_test_keyvault_key000001?api-version=2017-05-10
  response:
    body: {string: '{"id":"/subscriptions/00000000-0000-0000-0000-000000000000/resourceGroups/cli_test_keyvault_key000001","name":"cli_test_keyvault_key000001","location":"westus","tags":{"product":"azurecli","cause":"automation","date":"2018-04-06T01:17:43Z"},"properties":{"provisioningState":"Succeeded"}}'}
    headers:
      cache-control: [no-cache]
      content-length: ['384']
      content-type: [application/json; charset=utf-8]
      date: ['Fri, 06 Apr 2018 01:17:45 GMT']
      expires: ['-1']
      pragma: [no-cache]
      strict-transport-security: [max-age=31536000; includeSubDomains]
      x-content-type-options: [nosniff]
      x-ms-ratelimit-remaining-subscription-writes: ['1199']
    status: {code: 201, message: Created}
- request:
    body: null
    headers:
      Accept: [application/json]
      Accept-Encoding: ['gzip, deflate']
      Connection: [keep-alive]
      Content-Type: [application/json; charset=utf-8]
      User-Agent: [python/3.6.2 (Windows-10-10.0.16299-SP0) requests/2.18.4 msrest/0.4.26
          msrest_azure/0.4.25 azure-graphrbac/0.40.0 Azure-SDK-For-Python]
      accept-language: [en-US]
    method: GET
    uri: https://graph.windows.net/00000000-0000-0000-0000-000000000000/me?api-version=1.6
  response:
    body: {string: '{"odata.metadata":"https://graph.windows.net/00000000-0000-0000-0000-000000000000/$metadata#directoryObjects/Microsoft.DirectoryServices.User/@Element","odata.type":"Microsoft.DirectoryServices.User","objectType":"User","objectId":"6ff0a69b-8c04-4618-873e-4a1ee85e5296","deletionTimestamp":null,"accountEnabled":true,"ageGroup":null,"assignedLicenses":[{"disabledPlans":[],"skuId":"488ba24a-39a9-4473-8ee5-19291e71b002"},{"disabledPlans":[],"skuId":"b05e124f-c7cc-45a0-a6aa-8cf78c946968"},{"disabledPlans":["0b03f40b-c404-40c3-8651-2aceb74365fa","b650d915-9886-424b-a08d-633cede56f57","e95bec33-7c88-4a70-8e19-b10bd9d0c014","5dbe027f-2339-4123-9542-606e4d348a72","fe71d6c3-a2ea-4499-9778-da042bf08063","fafd7243-e5c1-4a3a-9e40-495efcb1d3c3"],"skuId":"ea126fc5-a19e-42e2-a731-da9d437bffcf"},{"disabledPlans":[],"skuId":"c7df2760-2c81-4ef7-b578-5b5392b571df"},{"disabledPlans":[],"skuId":"c5928f49-12ba-48f7-ada3-0d743a3601d5"},{"disabledPlans":["e95bec33-7c88-4a70-8e19-b10bd9d0c014","5dbe027f-2339-4123-9542-606e4d348a72"],"skuId":"f82a60b8-1ee3-4cfb-a4fe-1c6a53c2656c"},{"disabledPlans":[],"skuId":"d3b4fe1f-9992-4930-8acb-ca6ec609365e"},{"disabledPlans":[],"skuId":"c52ea49f-fe5d-4e95-93ba-1de91d380f89"}],"assignedPlans":[{"assignedTimestamp":"2018-03-17T22:50:44Z","capabilityStatus":"Enabled","service":"SharePoint","servicePlanId":"fe71d6c3-a2ea-4499-9778-da042bf08063"},{"assignedTimestamp":"2018-03-17T22:50:44Z","capabilityStatus":"Enabled","service":"SharePoint","servicePlanId":"e95bec33-7c88-4a70-8e19-b10bd9d0c014"},{"assignedTimestamp":"2018-03-17T22:50:44Z","capabilityStatus":"Enabled","service":"SharePoint","servicePlanId":"5dbe027f-2339-4123-9542-606e4d348a72"},{"assignedTimestamp":"2018-03-17T22:50:44Z","capabilityStatus":"Enabled","service":"MicrosoftOffice","servicePlanId":"fafd7243-e5c1-4a3a-9e40-495efcb1d3c3"},{"assignedTimestamp":"2018-03-17T05:59:32Z","capabilityStatus":"Enabled","service":"WindowsDefenderATP","servicePlanId":"871d91ec-ec1a-452b-a83f-bd76c7d770ef"},{"assignedTimestamp":"2018-03-17T05:59:32Z","capabilityStatus":"Enabled","service":"AzureAdvancedThreatAnalytics","servicePlanId":"14ab5db5-e6c4-4b20-b4bc-13e36fd2227f"},{"assignedTimestamp":"2018-03-17T05:59:32Z","capabilityStatus":"Enabled","service":"Windows","servicePlanId":"e7c91390-7625-45be-94e0-e16907e03118"},{"assignedTimestamp":"2018-01-09T10:41:20Z","capabilityStatus":"Enabled","service":"ProjectWorkManagement","servicePlanId":"b737dad2-2f6c-4c65-90e3-ca563267e8b9"},{"assignedTimestamp":"2017-12-31T22:19:35Z","capabilityStatus":"Enabled","service":"AADPremiumService","servicePlanId":"41781fb2-bc02-4b7c-bd55-b576c07bb09d"},{"assignedTimestamp":"2017-12-31T22:19:35Z","capabilityStatus":"Enabled","service":"MultiFactorService","servicePlanId":"8a256a2b-b617-496d-b51b-e76466e88db0"},{"assignedTimestamp":"2017-12-31T05:12:40Z","capabilityStatus":"Deleted","service":"Adallom","servicePlanId":"932ad362-64a8-4783-9106-97849a1a30b9"},{"assignedTimestamp":"2017-12-17T05:58:58Z","capabilityStatus":"Enabled","service":"SharePoint","servicePlanId":"2bdbaf8f-738f-4ac7-9234-3c3ee2ce7d0f"},{"assignedTimestamp":"2017-12-17T05:58:58Z","capabilityStatus":"Enabled","service":"SharePoint","servicePlanId":"da792a53-cbc0-4184-a10d-e544dd34b3c1"},{"assignedTimestamp":"2017-12-17T05:58:58Z","capabilityStatus":"Enabled","service":"To-Do","servicePlanId":"3fb82609-8c27-4f7b-bd51-30634711ee67"},{"assignedTimestamp":"2017-12-17T05:58:58Z","capabilityStatus":"Enabled","service":"RMSOnline","servicePlanId":"5689bec4-755d-4753-8b61-40975025187c"},{"assignedTimestamp":"2017-12-17T05:58:58Z","capabilityStatus":"Enabled","service":"Adallom","servicePlanId":"2e2ddb96-6af9-4b1d-a3f0-d6ecfd22edb2"},{"assignedTimestamp":"2017-01-26T06:07:42Z","capabilityStatus":"Enabled","service":"Adallom","servicePlanId":"8c098270-9dd4-4350-9b30-ba4703f3b36b"},{"assignedTimestamp":"2017-10-07T00:35:04Z","capabilityStatus":"Enabled","service":"Netbreeze","servicePlanId":"03acaee3-9492-4f40-aed4-bcb6b32981b6"},{"assignedTimestamp":"2017-10-07T00:35:04Z","capabilityStatus":"Enabled","service":"RMSOnline","servicePlanId":"bea4c11e-220a-4e6d-8eb8-8ea15d019f90"},{"assignedTimestamp":"2017-10-07T00:35:04Z","capabilityStatus":"Enabled","service":"RMSOnline","servicePlanId":"6c57d4b6-3b23-47a5-9bc9-69f17b4947b3"},{"assignedTimestamp":"2017-10-07T00:35:04Z","capabilityStatus":"Enabled","service":"CRM","servicePlanId":"d56f3deb-50d8-465a-bedb-f079817ccac1"},{"assignedTimestamp":"2017-07-06T20:16:37Z","capabilityStatus":"Enabled","service":"MicrosoftCommunicationsOnline","servicePlanId":"4828c8ec-dc2e-4779-b502-87ac9ce28ab7"},{"assignedTimestamp":"2017-07-06T20:16:37Z","capabilityStatus":"Enabled","service":"MicrosoftCommunicationsOnline","servicePlanId":"3e26ee1f-8a5f-4d52-aee2-b81ce45c8f40"},{"assignedTimestamp":"2017-07-06T20:16:36Z","capabilityStatus":"Enabled","service":"TeamspaceAPI","servicePlanId":"57ff2da0-773e-42df-b2af-ffb7a2317929"},{"assignedTimestamp":"2017-07-06T20:16:36Z","capabilityStatus":"Deleted","service":"ProcessSimple","servicePlanId":"76846ad7-7776-4c40-a281-a386362dd1b9"},{"assignedTimestamp":"2017-07-06T20:16:36Z","capabilityStatus":"Deleted","service":"PowerAppsService","servicePlanId":"c68f8d98-5534-41c8-bf36-22fa496fa792"},{"assignedTimestamp":"2017-07-06T20:16:36Z","capabilityStatus":"Enabled","service":"YammerEnterprise","servicePlanId":"7547a3fe-08ee-4ccb-b430-5077c5041653"},{"assignedTimestamp":"2017-07-06T20:16:36Z","capabilityStatus":"Enabled","service":"Sway","servicePlanId":"a23b959c-7ce8-4e57-9140-b90eb88a9e97"},{"assignedTimestamp":"2017-07-06T20:16:36Z","capabilityStatus":"Enabled","service":"MicrosoftCommunicationsOnline","servicePlanId":"0feaeb32-d00e-4d66-bd5a-43b5b83db82c"},{"assignedTimestamp":"2017-07-06T20:16:36Z","capabilityStatus":"Enabled","service":"Deskless","servicePlanId":"8c7d2df8-86f0-4902-b2ed-a0458298f3b3"},{"assignedTimestamp":"2017-07-06T20:16:36Z","capabilityStatus":"Deleted","service":"MicrosoftStream","servicePlanId":"9e700747-8b1d-45e5-ab8d-ef187ceec156"},{"assignedTimestamp":"2017-07-06T20:16:36Z","capabilityStatus":"Enabled","service":"exchange","servicePlanId":"efb87545-963c-4e0d-99df-69c6916d9eb0"},{"assignedTimestamp":"2017-07-06T20:16:36Z","capabilityStatus":"Enabled","service":"MicrosoftOffice","servicePlanId":"43de0ff5-c92c-492b-9116-175376d08c38"},{"assignedTimestamp":"2017-07-06T20:16:36Z","capabilityStatus":"Deleted","service":"OfficeForms","servicePlanId":"2789c901-c14e-48ab-a76a-be334d9d793a"},{"assignedTimestamp":"2017-07-06T20:16:35Z","capabilityStatus":"Enabled","service":"OfficeForms","servicePlanId":"e212cbc7-0961-4c40-9825-01117710dcb1"},{"assignedTimestamp":"2017-07-06T20:16:35Z","capabilityStatus":"Enabled","service":"OfficeForms","servicePlanId":"159f4cd6-e380-449f-a816-af1a9ef76344"},{"assignedTimestamp":"2017-06-12T01:37:17Z","capabilityStatus":"Enabled","service":"MicrosoftStream","servicePlanId":"6c6042f5-6f01-4d67-b8c1-eb99d36eed3e"},{"assignedTimestamp":"2017-06-12T01:37:17Z","capabilityStatus":"Enabled","service":"AADPremiumService","servicePlanId":"eec0eb4f-6444-4f95-aba0-50c24d67f998"},{"assignedTimestamp":"2017-06-12T01:37:17Z","capabilityStatus":"Enabled","service":"SCO","servicePlanId":"c1ec4a95-1f05-45b3-a911-aa3fa01094f5"},{"assignedTimestamp":"2017-05-13T00:29:58Z","capabilityStatus":"Enabled","service":"exchange","servicePlanId":"8e0c0a52-6a6c-4d40-8370-dd62790dcd70"},{"assignedTimestamp":"2017-01-26T06:07:42Z","capabilityStatus":"Enabled","service":"exchange","servicePlanId":"9f431833-0334-42de-a7dc-70aa40db46db"},{"assignedTimestamp":"2017-01-26T06:07:42Z","capabilityStatus":"Enabled","service":"PowerBI","servicePlanId":"70d33638-9c74-4d01-bfd3-562de28bd4ba"},{"assignedTimestamp":"2017-01-26T06:07:42Z","capabilityStatus":"Enabled","service":"exchange","servicePlanId":"4de31727-a228-4ec3-a5bf-8e45b5ca48cc"},{"assignedTimestamp":"2017-01-26T06:07:42Z","capabilityStatus":"Deleted","service":"SharePoint","servicePlanId":"c4048e79-4474-4c74-ba9b-c31ff225e511"},{"assignedTimestamp":"2017-01-26T06:07:42Z","capabilityStatus":"Deleted","service":"AzureAnalysis","servicePlanId":"2049e525-b859-401b-b2a0-e0a31c4b1fe4"},{"assignedTimestamp":"2017-01-26T06:07:42Z","capabilityStatus":"Enabled","service":"exchange","servicePlanId":"34c0d7a0-a70f-4668-9238-47f9fc208882"},{"assignedTimestamp":"2016-12-19T03:37:31Z","capabilityStatus":"Deleted","service":"PowerBI","servicePlanId":"fc0a60aa-feee-4746-a0e3-aecfe81a38dd"},{"assignedTimestamp":"2016-12-19T03:37:31Z","capabilityStatus":"Deleted","service":"SharePoint","servicePlanId":"2125cfd7-2110-4567-83c4-c1cd5275163d"},{"assignedTimestamp":"2016-11-18T19:22:29Z","capabilityStatus":"Enabled","service":"PowerAppsService","servicePlanId":"9c0dab89-a30c-4117-86e7-97bda240acd2"},{"assignedTimestamp":"2016-11-18T19:22:29Z","capabilityStatus":"Enabled","service":"ProcessSimple","servicePlanId":"07699545-9485-468e-95b6-2fca3738be01"},{"assignedTimestamp":"2012-10-30T00:30:38Z","capabilityStatus":"Enabled","service":"MicrosoftOffice","servicePlanId":"663a804f-1c30-4ff0-9915-9db84f0d1cea"},{"assignedTimestamp":"2015-07-30T05:48:04Z","capabilityStatus":"Enabled","service":"MicrosoftCommunicationsOnline","servicePlanId":"5a10155d-f5c1-411a-a8ec-e99aae125390"},{"assignedTimestamp":"2015-07-30T05:48:04Z","capabilityStatus":"Deleted","service":"MicrosoftCommunicationsOnline","servicePlanId":"27216c54-caf8-4d0d-97e2-517afb5c08f6"}],"city":"REDMOND","companyName":"MICROSOFT","consentProvidedForMinor":null,"country":null,"creationType":null,"department":"Azure
        Key Vault ENG","dirSyncEnabled":true,"displayName":"Scott Schaab","employeeId":null,"facsimileTelephoneNumber":null,"givenName":"Scott","immutableId":"267213","isCompromised":null,"jobTitle":"SENIOR
        SOFTWARE ENGINEER","lastDirSyncTime":"2018-04-02T20:59:55Z","legalAgeGroupClassification":null,"mail":"sschaab@microsoft.com","mailNickname":"sschaab","mobile":null,"onPremisesDistinguishedName":null,"onPremisesSecurityIdentifier":"S-1-5-21-2127521184-1604012920-1887927527-2412997","otherMails":[],"passwordPolicies":"DisablePasswordExpiration","passwordProfile":null,"physicalDeliveryOfficeName":"27/2560","postalCode":null,"preferredLanguage":null,"provisionedPlans":[{"capabilityStatus":"Enabled","provisioningStatus":"Success","service":"SharePoint"},{"capabilityStatus":"Enabled","provisioningStatus":"Success","service":"SharePoint"},{"capabilityStatus":"Enabled","provisioningStatus":"Success","service":"SharePoint"},{"capabilityStatus":"Enabled","provisioningStatus":"Success","service":"SharePoint"},{"capabilityStatus":"Enabled","provisioningStatus":"Success","service":"SharePoint"},{"capabilityStatus":"Enabled","provisioningStatus":"Success","service":"Netbreeze"},{"capabilityStatus":"Enabled","provisioningStatus":"Success","service":"CRM"},{"capabilityStatus":"Enabled","provisioningStatus":"Success","service":"MicrosoftCommunicationsOnline"},{"capabilityStatus":"Enabled","provisioningStatus":"Success","service":"MicrosoftCommunicationsOnline"},{"capabilityStatus":"Enabled","provisioningStatus":"Success","service":"MicrosoftCommunicationsOnline"},{"capabilityStatus":"Enabled","provisioningStatus":"Success","service":"exchange"},{"capabilityStatus":"Enabled","provisioningStatus":"Success","service":"exchange"},{"capabilityStatus":"Deleted","provisioningStatus":"Success","service":"SharePoint"},{"capabilityStatus":"Enabled","provisioningStatus":"Success","service":"exchange"},{"capabilityStatus":"Enabled","provisioningStatus":"Success","service":"exchange"},{"capabilityStatus":"Enabled","provisioningStatus":"Success","service":"exchange"},{"capabilityStatus":"Deleted","provisioningStatus":"Success","service":"SharePoint"},{"capabilityStatus":"Enabled","provisioningStatus":"Success","service":"MicrosoftOffice"},{"capabilityStatus":"Enabled","provisioningStatus":"Success","service":"MicrosoftOffice"},{"capabilityStatus":"Enabled","provisioningStatus":"Success","service":"MicrosoftCommunicationsOnline"},{"capabilityStatus":"Deleted","provisioningStatus":"Success","service":"MicrosoftCommunicationsOnline"},{"capabilityStatus":"Enabled","provisioningStatus":"Success","service":"MicrosoftOffice"}],"provisioningErrors":[],"proxyAddresses":["X500:/O=Nokia/OU=HUB/cn=Recipients/cn=sschaab","X500:/O=microsoft/ou=External
        (FYDIBOHF25SPDLT)/cn=Recipients/cn=944cb790112943169ec88996419db2be","X500:/o=SDF/ou=Exchange
        Administrative Group (FYDIBOHF23SPDLT)/cn=Recipients/cn=sdflabs.com-51490-Scott
        Schaabdfa2a918","X500:/o=microsoft/ou=First Administrative Group/cn=Recipients/cn=sschaab","X500:/o=microsoft/ou=Exchange
        Administrative Group (FYDIBOHF23SPDLT)/cn=Recipients/cn=Scott Schaab","X500:/o=SDF/ou=Exchange
        Administrative Group (FYDIBOHF23SPDLT)/cn=Recipients/cn=sschaab_microsoft.comd412b5bf","X500:/o=SDF/ou=Exchange
        Administrative Group (FYDIBOHF23SPDLT)/cn=Recipients/cn=sdflabs.com-51490-Scott
        Schaab","X500:/o=SDF/ou=Exchange Administrative Group (FYDIBOHF23SPDLT)/cn=Recipients/cn=51490-sschaab_73c949efde","X500:/o=MSNBC/ou=Servers/cn=Recipients/cn=sschaab","X500:/o=ExchangeLabs/ou=Exchange
        Administrative Group (FYDIBOHF23SPDLT)/cn=Recipients/cn=sschaab93f6f89e09","X500:/o=ExchangeLabs/ou=Exchange
        Administrative Group (FYDIBOHF23SPDLT)/cn=Recipients/cn=microsoft.onmicrosoft.com-55760-Scott
        Schaab","X500:/O=microsoft/OU=northamerica/cn=Recipients/cn=sschaab","X500:/o=MMS/ou=Exchange
        Administrative Group (FYDIBOHF23SPDLT)/cn=Recipients/cn=Scott Schaab65cf6002-c6c1-4ed7-b2d3-2b2104a6be0f","SMTP:sschaab@microsoft.com","smtp:sschaab@Service.microsoft.com"],"refreshTokensValidFromDateTime":"2018-04-02T20:24:03Z","showInAddressList":true,"signInNames":[],"sipProxyAddress":"sschaab@microsoft.com","state":null,"streetAddress":null,"surname":"Schaab","telephoneNumber":"+1
        (425) 7055948","thumbnailPhoto@odata.mediaContentType":"image/Jpeg","usageLocation":"US","userIdentities":[],"userPrincipalName":"sschaab@microsoft.com","userType":null,"extension_18e31482d3fb4a8ea958aa96b662f508_SupervisorInd":"N","extension_18e31482d3fb4a8ea958aa96b662f508_ProfitCenterCode":"P10161081","extension_18e31482d3fb4a8ea958aa96b662f508_CostCenterCode":"10161081","extension_18e31482d3fb4a8ea958aa96b662f508_ReportsToPersonnelNbr":"86712","extension_18e31482d3fb4a8ea958aa96b662f508_ReportsToFullName":"Randall,
        Richard J.","extension_18e31482d3fb4a8ea958aa96b662f508_ReportsToEmailName":"RRANDALL","extension_18e31482d3fb4a8ea958aa96b662f508_PositionNumber":"91386158","extension_18e31482d3fb4a8ea958aa96b662f508_BuildingName":"27","extension_18e31482d3fb4a8ea958aa96b662f508_BuildingID":"25","extension_18e31482d3fb4a8ea958aa96b662f508_AddressLine1":"1
        Microsoft Way","extension_18e31482d3fb4a8ea958aa96b662f508_CityName":"REDMOND","extension_18e31482d3fb4a8ea958aa96b662f508_CompanyCode":"1010","extension_18e31482d3fb4a8ea958aa96b662f508_CountryShortCode":"US","extension_18e31482d3fb4a8ea958aa96b662f508_LocationAreaCode":"US","extension_18e31482d3fb4a8ea958aa96b662f508_PersonnelNumber":"267213","extension_18e31482d3fb4a8ea958aa96b662f508_StateProvinceCode":"WA","extension_18e31482d3fb4a8ea958aa96b662f508_ZipCode":"98052"}'}
    headers:
      access-control-allow-origin: ['*']
      cache-control: [no-cache]
      content-length: ['15130']
      content-type: [application/json; odata=minimalmetadata; streaming=true; charset=utf-8]
      dataserviceversion: [3.0;]
      date: ['Fri, 06 Apr 2018 01:17:47 GMT']
      duration: ['1936486']
      expires: ['-1']
      ocp-aad-diagnostics-server-name: [QTtqXiqlbK38MKoHygdeMelmni9UCmqd6AUny7qFE4g=]
      ocp-aad-session-key: [taz7IeRU65dSu3r-Pv2Ibzqg6keNDxSjJW8yLLLURVUkjHh_mGxnTMf4A68nOw0WO2lMshChvPY9VzQGQSZuPa2MCS8GDJXvmcKV6mUlFfaY_ukl-UrtMMmlztEJtp2N.sHpyO6o7V5ny0gg_LHaB17nj5rCiJkeDe-L487TtOBE]
      pragma: [no-cache]
      request-id: [9b5df8a6-a146-42b9-a0c3-e05be6411f75]
      strict-transport-security: [max-age=31536000; includeSubDomains]
      x-aspnet-version: [4.0.30319]
      x-content-type-options: [nosniff]
      x-ms-dirapi-data-contract-version: ['1.6']
      x-powered-by: [ASP.NET]
    status: {code: 200, message: OK}
- request:
    body: '{"location": "westus", "properties": {"tenantId": "72f988bf-86f1-41af-91ab-2d7cd011db47",
      "sku": {"family": "A", "name": "premium"}, "accessPolicies": [{"tenantId": "72f988bf-86f1-41af-91ab-2d7cd011db47",
      "objectId": "6ff0a69b-8c04-4618-873e-4a1ee85e5296", "permissions": {"keys":
      ["get", "create", "delete", "list", "update", "import", "backup", "restore",
      "recover"], "secrets": ["get", "list", "set", "delete", "backup", "restore",
      "recover"], "certificates": ["get", "list", "delete", "create", "import", "update",
      "managecontacts", "getissuers", "listissuers", "setissuers", "deleteissuers",
      "manageissuers", "recover"], "storage": ["get", "list", "delete", "set", "update",
      "regeneratekey", "setsas", "listsas", "getsas", "deletesas"]}}]}}'
    headers:
      Accept: [application/json]
      Accept-Encoding: ['gzip, deflate']
      CommandName: [keyvault create]
      Connection: [keep-alive]
      Content-Length: ['745']
      Content-Type: [application/json; charset=utf-8]
      User-Agent: [python/3.6.2 (Windows-10-10.0.16299-SP0) requests/2.18.4 msrest/0.4.26
          msrest_azure/0.4.25 azure-mgmt-keyvault/1.0.0b1 Azure-SDK-For-Python AZURECLI/2.0.31]
      accept-language: [en-US]
    method: PUT
    uri: https://management.azure.com/subscriptions/00000000-0000-0000-0000-000000000000/resourceGroups/cli_test_keyvault_key000001/providers/Microsoft.KeyVault/vaults/cli-test-keyvault-000002?api-version=2018-02-14-preview
  response:
    body: {string: '{"id":"/subscriptions/00000000-0000-0000-0000-000000000000/resourceGroups/cli_test_keyvault_key000001/providers/Microsoft.KeyVault/vaults/cli-test-keyvault-000002","name":"cli-test-keyvault-000002","type":"Microsoft.KeyVault/vaults","location":"westus","tags":{},"properties":{"sku":{"family":"A","name":"premium"},"tenantId":"72f988bf-86f1-41af-91ab-2d7cd011db47","accessPolicies":[{"tenantId":"72f988bf-86f1-41af-91ab-2d7cd011db47","objectId":"6ff0a69b-8c04-4618-873e-4a1ee85e5296","permissions":{"keys":["get","create","delete","list","update","import","backup","restore","recover"],"secrets":["get","list","set","delete","backup","restore","recover"],"certificates":["get","list","delete","create","import","update","managecontacts","getissuers","listissuers","setissuers","deleteissuers","manageissuers","recover"],"storage":["get","list","delete","set","update","regeneratekey","setsas","listsas","getsas","deletesas"]}}],"enabledForDeployment":false,"vaultUri":"https://cli-test-keyvault-000002.vault.azure.net","provisioningState":"RegisteringDns"}}'}
    headers:
      cache-control: [no-cache]
      content-length: ['1105']
      content-type: [application/json; charset=utf-8]
      date: ['Fri, 06 Apr 2018 01:17:48 GMT']
      expires: ['-1']
      pragma: [no-cache]
      server: [Microsoft-IIS/8.5]
      strict-transport-security: [max-age=31536000; includeSubDomains]
      transfer-encoding: [chunked]
      vary: [Accept-Encoding]
      x-aspnet-version: [4.0.30319]
      x-content-type-options: [nosniff]
      x-ms-keyvault-service-version: [1.0.0.213]
      x-ms-ratelimit-remaining-subscription-writes: ['1198']
      x-powered-by: [ASP.NET]
    status: {code: 200, message: OK}
- request:
    body: null
    headers:
      Accept: [application/json]
      Accept-Encoding: ['gzip, deflate']
      CommandName: [keyvault create]
      Connection: [keep-alive]
      User-Agent: [python/3.6.2 (Windows-10-10.0.16299-SP0) requests/2.18.4 msrest/0.4.26
          msrest_azure/0.4.25 azure-mgmt-keyvault/1.0.0b1 Azure-SDK-For-Python AZURECLI/2.0.31]
    method: GET
    uri: https://management.azure.com/subscriptions/00000000-0000-0000-0000-000000000000/resourceGroups/cli_test_keyvault_key000001/providers/Microsoft.KeyVault/vaults/cli-test-keyvault-000002?api-version=2018-02-14-preview
  response:
    body: {string: '{"id":"/subscriptions/00000000-0000-0000-0000-000000000000/resourceGroups/cli_test_keyvault_key000001/providers/Microsoft.KeyVault/vaults/cli-test-keyvault-000002","name":"cli-test-keyvault-000002","type":"Microsoft.KeyVault/vaults","location":"westus","tags":{},"properties":{"sku":{"family":"A","name":"premium"},"tenantId":"72f988bf-86f1-41af-91ab-2d7cd011db47","accessPolicies":[{"tenantId":"72f988bf-86f1-41af-91ab-2d7cd011db47","objectId":"6ff0a69b-8c04-4618-873e-4a1ee85e5296","permissions":{"keys":["get","create","delete","list","update","import","backup","restore","recover"],"secrets":["get","list","set","delete","backup","restore","recover"],"certificates":["get","list","delete","create","import","update","managecontacts","getissuers","listissuers","setissuers","deleteissuers","manageissuers","recover"],"storage":["get","list","delete","set","update","regeneratekey","setsas","listsas","getsas","deletesas"]}}],"enabledForDeployment":false,"vaultUri":"https://cli-test-keyvault-000002.vault.azure.net/","provisioningState":"Succeeded"}}'}
    headers:
      cache-control: [no-cache]
      content-length: ['1101']
      content-type: [application/json; charset=utf-8]
      date: ['Fri, 06 Apr 2018 01:18:19 GMT']
      expires: ['-1']
      pragma: [no-cache]
      server: [Microsoft-IIS/8.5]
      strict-transport-security: [max-age=31536000; includeSubDomains]
      transfer-encoding: [chunked]
      vary: [Accept-Encoding]
      x-aspnet-version: [4.0.30319]
      x-content-type-options: [nosniff]
      x-ms-keyvault-service-version: [1.0.0.213]
      x-powered-by: [ASP.NET]
    status: {code: 200, message: OK}
- request:
    body: ''
    headers:
      Accept: [application/json]
      Accept-Encoding: ['gzip, deflate']
      Connection: [keep-alive]
      Content-Length: [0]
      Content-Type: [application/json; charset=utf-8]
      User-Agent: [python/3.6.2 (Windows-10-10.0.16299-SP0) requests/2.18.4 msrest/0.4.26
          msrest_azure/0.4.25 azure-keyvault/1.0.0b1 Azure-SDK-For-Python]
      accept-language: [en-US]
    method: GET
    uri: https://cli-test-keyvault-000002.vault.azure.net/keys?api-version=7.0-preview
  response:
    body: {string: ''}
    headers:
      cache-control: [no-cache]
      content-length: ['0']
      date: ['Fri, 06 Apr 2018 01:18:31 GMT']
      expires: ['-1']
      pragma: [no-cache]
      server: [Microsoft-IIS/8.5]
      strict-transport-security: [max-age=31536000;includeSubDomains]
      www-authenticate: ['Bearer authorization="https://login.windows.net/72f988bf-86f1-41af-91ab-2d7cd011db47",
          resource="https://vault.azure.net"']
      x-aspnet-version: [4.0.30319]
      x-content-type-options: [nosniff]
      x-ms-keyvault-network-info: [addr=167.220.0.218;act_addr_fam=InterNetwork;]
      x-ms-keyvault-region: [westus]
      x-ms-keyvault-service-version: [1.0.0.844]
      x-powered-by: [ASP.NET]
    status: {code: 401, message: Unauthorized}
- request:
    body: ''
    headers:
      Accept: [application/json]
      Accept-Encoding: ['gzip, deflate']
      Connection: [keep-alive]
      Content-Length: [0]
      Content-Type: [application/json; charset=utf-8]
      User-Agent: [python/3.6.2 (Windows-10-10.0.16299-SP0) requests/2.18.4 msrest/0.4.26
          msrest_azure/0.4.25 azure-keyvault/1.0.0b1 Azure-SDK-For-Python]
      accept-language: [en-US]
    method: GET
    uri: https://cli-test-keyvault-000002.vault.azure.net/keys?api-version=7.0-preview
  response:
    body: {string: '{"value":null,"nextLink":null}'}
    headers:
      cache-control: [no-cache]
      content-length: ['30']
      content-type: [application/json; charset=utf-8]
      date: ['Fri, 06 Apr 2018 01:18:32 GMT']
      expires: ['-1']
      pragma: [no-cache]
      server: [Microsoft-IIS/8.5]
      strict-transport-security: [max-age=31536000;includeSubDomains]
      x-aspnet-version: [4.0.30319]
      x-content-type-options: [nosniff]
      x-ms-keyvault-network-info: [addr=167.220.0.218;act_addr_fam=InterNetwork;]
      x-ms-keyvault-region: [westus]
      x-ms-keyvault-service-version: [1.0.0.844]
      x-powered-by: [ASP.NET]
    status: {code: 200, message: OK}
- request:
    body: '{"kty": "RSA", "attributes": {"enabled": true}}'
    headers:
      Accept: [application/json]
      Accept-Encoding: ['gzip, deflate']
      Connection: [keep-alive]
      Content-Length: ['47']
      Content-Type: [application/json; charset=utf-8]
      User-Agent: [python/3.6.2 (Windows-10-10.0.16299-SP0) requests/2.18.4 msrest/0.4.26
          msrest_azure/0.4.25 azure-keyvault/1.0.0b1 Azure-SDK-For-Python]
      accept-language: [en-US]
    method: POST
    uri: https://cli-test-keyvault-000002.vault.azure.net/keys/key1/create?api-version=7.0-preview
  response:
    body: {string: '{"key":{"kid":"https://cli-test-keyvault-000002.vault.azure.net/keys/key1/e9a9f31b3b4f4a809cb5ac0a74d4d45d","kty":"RSA","key_ops":["encrypt","decrypt","sign","verify","wrapKey","unwrapKey"],"n":"uIz4vg1tlHGVvV-7ZXw0eiKwLA0D7ktyahHuTcN-KVxmEACfG-9ldxGv1FpdNq1xkwYRtj-VKDLsprNwbAtEIwi4-bAMd28lD5-KxyRjlirrVzxBaWs7AiAqG0J0kcTnXHuppVNDXG7Ti7SvCBHe62Iv3z9hNKSrSr8UWDZZaw3yb-VsY-QH7k3ElJ2OI5CeYS9taycwvH5Ptdv5bv4b2bJxEVR7FBul-kH_4P42Khyuynk_Wbx1znqeEZJBKqjKj7QpRghw1MEWFSawfhASkDWuyY_Yai2FmMgQTSeC17HAOCpwvBfdJ3RGoAr5wxpxLvTHJpguuASadLJgkeMlvw","e":"AQAB"},"attributes":{"enabled":true,"created":1522977513,"updated":1522977513,"recoveryLevel":"Purgeable"}}'}
    headers:
      cache-control: [no-cache]
      content-length: ['651']
      content-type: [application/json; charset=utf-8]
      date: ['Fri, 06 Apr 2018 01:18:33 GMT']
      expires: ['-1']
      pragma: [no-cache]
      server: [Microsoft-IIS/8.5]
      strict-transport-security: [max-age=31536000;includeSubDomains]
      x-aspnet-version: [4.0.30319]
      x-content-type-options: [nosniff]
      x-ms-keyvault-network-info: [addr=167.220.0.218;act_addr_fam=InterNetwork;]
      x-ms-keyvault-region: [westus]
      x-ms-keyvault-service-version: [1.0.0.844]
      x-powered-by: [ASP.NET]
    status: {code: 200, message: OK}
- request:
    body: null
    headers:
      Accept: [application/json]
      Accept-Encoding: ['gzip, deflate']
      Connection: [keep-alive]
      Content-Type: [application/json; charset=utf-8]
      User-Agent: [python/3.6.2 (Windows-10-10.0.16299-SP0) requests/2.18.4 msrest/0.4.26
          msrest_azure/0.4.25 azure-keyvault/1.0.0b1 Azure-SDK-For-Python]
      accept-language: [en-US]
    method: GET
    uri: https://cli-test-keyvault-000002.vault.azure.net/keys?api-version=7.0-preview
  response:
    body: {string: '{"value":[{"kid":"https://cli-test-keyvault-000002.vault.azure.net/keys/key1","attributes":{"enabled":true,"created":1522977513,"updated":1522977513,"recoveryLevel":"Purgeable"}}],"nextLink":null}'}
    headers:
      cache-control: [no-cache]
      content-length: ['196']
      content-type: [application/json; charset=utf-8]
      date: ['Fri, 06 Apr 2018 01:18:33 GMT']
      expires: ['-1']
      pragma: [no-cache]
      server: [Microsoft-IIS/8.5]
      strict-transport-security: [max-age=31536000;includeSubDomains]
      x-aspnet-version: [4.0.30319]
      x-content-type-options: [nosniff]
      x-ms-keyvault-network-info: [addr=167.220.0.218;act_addr_fam=InterNetwork;]
      x-ms-keyvault-region: [westus]
      x-ms-keyvault-service-version: [1.0.0.844]
      x-powered-by: [ASP.NET]
    status: {code: 200, message: OK}
- request:
    body: '{"kty": "RSA", "key_ops": ["encrypt", "decrypt"], "attributes": {"enabled":
      false}, "tags": {"test": "foo"}}'
    headers:
      Accept: [application/json]
      Accept-Encoding: ['gzip, deflate']
      Connection: [keep-alive]
      Content-Length: ['108']
      Content-Type: [application/json; charset=utf-8]
      User-Agent: [python/3.6.2 (Windows-10-10.0.16299-SP0) requests/2.18.4 msrest/0.4.26
          msrest_azure/0.4.25 azure-keyvault/1.0.0b1 Azure-SDK-For-Python]
      accept-language: [en-US]
    method: POST
    uri: https://cli-test-keyvault-000002.vault.azure.net/keys/key1/create?api-version=7.0-preview
  response:
    body: {string: '{"key":{"kid":"https://cli-test-keyvault-000002.vault.azure.net/keys/key1/bd7dfc577bd14a20b25279c0da38600d","kty":"RSA","key_ops":["encrypt","decrypt"],"n":"58KyUIFSADFL2wXGVpgIoyDc5HX6o0V4c4IWT7700kQOdBob5KcTvbuiYAK131zdvbmeRlvXPI97d-CsH-u3XPQx27cYb6jpHJEKN-26c_DwBuxrsyLXkW4CHGPom-dI1_bCLqm77geusBAoLx-SE9Ml2LEm6z9ofQGPwD8LGoBIYfc54veeWhb6QiXb5uvJJxULbAthB9RCYweKaJq7F-SWsksRNjurHUtzeEOBRtj3EgDiIJl-B-1w9AcuJANRvUdNQDvpd1I5ubdRgOhLBxK-jpOWdXDGHrejhkSkrJhAoSTTu8OdYrJeLsjWnneQP2ZwP976_3_-yAXIu2sbmQ","e":"AQAB"},"attributes":{"enabled":false,"created":1522977514,"updated":1522977514,"recoveryLevel":"Purgeable"},"tags":{"test":"foo"}}'}
    headers:
      cache-control: [no-cache]
      content-length: ['636']
      content-type: [application/json; charset=utf-8]
      date: ['Fri, 06 Apr 2018 01:18:34 GMT']
      expires: ['-1']
      pragma: [no-cache]
      server: [Microsoft-IIS/8.5]
      strict-transport-security: [max-age=31536000;includeSubDomains]
      x-aspnet-version: [4.0.30319]
      x-content-type-options: [nosniff]
      x-ms-keyvault-network-info: [addr=167.220.0.218;act_addr_fam=InterNetwork;]
      x-ms-keyvault-region: [westus]
      x-ms-keyvault-service-version: [1.0.0.844]
      x-powered-by: [ASP.NET]
    status: {code: 200, message: OK}
- request:
    body: null
    headers:
      Accept: [application/json]
      Accept-Encoding: ['gzip, deflate']
      Connection: [keep-alive]
      Content-Type: [application/json; charset=utf-8]
      User-Agent: [python/3.6.2 (Windows-10-10.0.16299-SP0) requests/2.18.4 msrest/0.4.26
          msrest_azure/0.4.25 azure-keyvault/1.0.0b1 Azure-SDK-For-Python]
      accept-language: [en-US]
    method: GET
    uri: https://cli-test-keyvault-000002.vault.azure.net/keys/key1/versions?api-version=7.0-preview
  response:
    body: {string: '{"value":[{"kid":"https://cli-test-keyvault-000002.vault.azure.net/keys/key1/bd7dfc577bd14a20b25279c0da38600d","attributes":{"enabled":false,"created":1522977514,"updated":1522977514,"recoveryLevel":"Purgeable"},"tags":{"test":"foo"}},{"kid":"https://cli-test-keyvault-000002.vault.azure.net/keys/key1/e9a9f31b3b4f4a809cb5ac0a74d4d45d","attributes":{"enabled":true,"created":1522977513,"updated":1522977513,"recoveryLevel":"Purgeable"}}],"nextLink":null}'}
    headers:
      cache-control: [no-cache]
      content-length: ['454']
      content-type: [application/json; charset=utf-8]
      date: ['Fri, 06 Apr 2018 01:18:35 GMT']
      expires: ['-1']
      pragma: [no-cache]
      server: [Microsoft-IIS/8.5]
      strict-transport-security: [max-age=31536000;includeSubDomains]
      x-aspnet-version: [4.0.30319]
      x-content-type-options: [nosniff]
      x-ms-keyvault-network-info: [addr=167.220.0.218;act_addr_fam=InterNetwork;]
      x-ms-keyvault-region: [westus]
      x-ms-keyvault-service-version: [1.0.0.844]
      x-powered-by: [ASP.NET]
    status: {code: 200, message: OK}
- request:
    body: null
    headers:
      Accept: [application/json]
      Accept-Encoding: ['gzip, deflate']
      Connection: [keep-alive]
      Content-Type: [application/json; charset=utf-8]
      User-Agent: [python/3.6.2 (Windows-10-10.0.16299-SP0) requests/2.18.4 msrest/0.4.26
          msrest_azure/0.4.25 azure-keyvault/1.0.0b1 Azure-SDK-For-Python]
      accept-language: [en-US]
    method: GET
    uri: https://cli-test-keyvault-000002.vault.azure.net/keys/key1/?api-version=7.0-preview
  response:
    body: {string: '{"key":{"kid":"https://cli-test-keyvault-000002.vault.azure.net/keys/key1/bd7dfc577bd14a20b25279c0da38600d","kty":"RSA","key_ops":["encrypt","decrypt"],"n":"58KyUIFSADFL2wXGVpgIoyDc5HX6o0V4c4IWT7700kQOdBob5KcTvbuiYAK131zdvbmeRlvXPI97d-CsH-u3XPQx27cYb6jpHJEKN-26c_DwBuxrsyLXkW4CHGPom-dI1_bCLqm77geusBAoLx-SE9Ml2LEm6z9ofQGPwD8LGoBIYfc54veeWhb6QiXb5uvJJxULbAthB9RCYweKaJq7F-SWsksRNjurHUtzeEOBRtj3EgDiIJl-B-1w9AcuJANRvUdNQDvpd1I5ubdRgOhLBxK-jpOWdXDGHrejhkSkrJhAoSTTu8OdYrJeLsjWnneQP2ZwP976_3_-yAXIu2sbmQ","e":"AQAB"},"attributes":{"enabled":false,"created":1522977514,"updated":1522977514,"recoveryLevel":"Purgeable"},"tags":{"test":"foo"}}'}
    headers:
      cache-control: [no-cache]
      content-length: ['636']
      content-type: [application/json; charset=utf-8]
      date: ['Fri, 06 Apr 2018 01:18:35 GMT']
      expires: ['-1']
      pragma: [no-cache]
      server: [Microsoft-IIS/8.5]
      strict-transport-security: [max-age=31536000;includeSubDomains]
      x-aspnet-version: [4.0.30319]
      x-content-type-options: [nosniff]
      x-ms-keyvault-network-info: [addr=167.220.0.218;act_addr_fam=InterNetwork;]
      x-ms-keyvault-region: [westus]
      x-ms-keyvault-service-version: [1.0.0.844]
      x-powered-by: [ASP.NET]
    status: {code: 200, message: OK}
- request:
    body: null
    headers:
      Accept: [application/json]
      Accept-Encoding: ['gzip, deflate']
      Connection: [keep-alive]
      Content-Type: [application/json; charset=utf-8]
      User-Agent: [python/3.6.2 (Windows-10-10.0.16299-SP0) requests/2.18.4 msrest/0.4.26
          msrest_azure/0.4.25 azure-keyvault/1.0.0b1 Azure-SDK-For-Python]
      accept-language: [en-US]
    method: GET
    uri: https://cli-test-keyvault-000002.vault.azure.net/keys/key1/e9a9f31b3b4f4a809cb5ac0a74d4d45d?api-version=7.0-preview
  response:
    body: {string: '{"key":{"kid":"https://cli-test-keyvault-000002.vault.azure.net/keys/key1/e9a9f31b3b4f4a809cb5ac0a74d4d45d","kty":"RSA","key_ops":["encrypt","decrypt","sign","verify","wrapKey","unwrapKey"],"n":"uIz4vg1tlHGVvV-7ZXw0eiKwLA0D7ktyahHuTcN-KVxmEACfG-9ldxGv1FpdNq1xkwYRtj-VKDLsprNwbAtEIwi4-bAMd28lD5-KxyRjlirrVzxBaWs7AiAqG0J0kcTnXHuppVNDXG7Ti7SvCBHe62Iv3z9hNKSrSr8UWDZZaw3yb-VsY-QH7k3ElJ2OI5CeYS9taycwvH5Ptdv5bv4b2bJxEVR7FBul-kH_4P42Khyuynk_Wbx1znqeEZJBKqjKj7QpRghw1MEWFSawfhASkDWuyY_Yai2FmMgQTSeC17HAOCpwvBfdJ3RGoAr5wxpxLvTHJpguuASadLJgkeMlvw","e":"AQAB"},"attributes":{"enabled":true,"created":1522977513,"updated":1522977513,"recoveryLevel":"Purgeable"}}'}
    headers:
      cache-control: [no-cache]
      content-length: ['651']
      content-type: [application/json; charset=utf-8]
      date: ['Fri, 06 Apr 2018 01:18:36 GMT']
      expires: ['-1']
      pragma: [no-cache]
      server: [Microsoft-IIS/8.5]
      strict-transport-security: [max-age=31536000;includeSubDomains]
      x-aspnet-version: [4.0.30319]
      x-content-type-options: [nosniff]
      x-ms-keyvault-network-info: [addr=167.220.0.218;act_addr_fam=InterNetwork;]
      x-ms-keyvault-region: [westus]
      x-ms-keyvault-service-version: [1.0.0.844]
      x-powered-by: [ASP.NET]
    status: {code: 200, message: OK}
- request:
    body: '{"attributes": {"enabled": true}}'
    headers:
      Accept: [application/json]
      Accept-Encoding: ['gzip, deflate']
      Connection: [keep-alive]
      Content-Length: ['33']
      Content-Type: [application/json; charset=utf-8]
      User-Agent: [python/3.6.2 (Windows-10-10.0.16299-SP0) requests/2.18.4 msrest/0.4.26
          msrest_azure/0.4.25 azure-keyvault/1.0.0b1 Azure-SDK-For-Python]
      accept-language: [en-US]
    method: PATCH
    uri: https://cli-test-keyvault-000002.vault.azure.net/keys/key1/?api-version=7.0-preview
  response:
    body: {string: '{"key":{"kid":"https://cli-test-keyvault-000002.vault.azure.net/keys/key1/bd7dfc577bd14a20b25279c0da38600d","kty":"RSA","key_ops":["encrypt","decrypt"],"n":"58KyUIFSADFL2wXGVpgIoyDc5HX6o0V4c4IWT7700kQOdBob5KcTvbuiYAK131zdvbmeRlvXPI97d-CsH-u3XPQx27cYb6jpHJEKN-26c_DwBuxrsyLXkW4CHGPom-dI1_bCLqm77geusBAoLx-SE9Ml2LEm6z9ofQGPwD8LGoBIYfc54veeWhb6QiXb5uvJJxULbAthB9RCYweKaJq7F-SWsksRNjurHUtzeEOBRtj3EgDiIJl-B-1w9AcuJANRvUdNQDvpd1I5ubdRgOhLBxK-jpOWdXDGHrejhkSkrJhAoSTTu8OdYrJeLsjWnneQP2ZwP976_3_-yAXIu2sbmQ","e":"AQAB"},"attributes":{"enabled":true,"created":1522977514,"updated":1522977517,"recoveryLevel":"Purgeable"},"tags":{"test":"foo"}}'}
    headers:
      cache-control: [no-cache]
      content-length: ['635']
      content-type: [application/json; charset=utf-8]
      date: ['Fri, 06 Apr 2018 01:18:36 GMT']
      expires: ['-1']
      pragma: [no-cache]
      server: [Microsoft-IIS/8.5]
      strict-transport-security: [max-age=31536000;includeSubDomains]
      x-aspnet-version: [4.0.30319]
      x-content-type-options: [nosniff]
      x-ms-keyvault-network-info: [addr=167.220.0.218;act_addr_fam=InterNetwork;]
      x-ms-keyvault-region: [westus]
      x-ms-keyvault-service-version: [1.0.0.844]
      x-powered-by: [ASP.NET]
    status: {code: 200, message: OK}
- request:
    body: null
    headers:
      Accept: [application/json]
      Accept-Encoding: ['gzip, deflate']
      Connection: [keep-alive]
      Content-Length: ['0']
      Content-Type: [application/json; charset=utf-8]
      User-Agent: [python/3.6.2 (Windows-10-10.0.16299-SP0) requests/2.18.4 msrest/0.4.26
          msrest_azure/0.4.25 azure-keyvault/1.0.0b1 Azure-SDK-For-Python]
      accept-language: [en-US]
    method: POST
    uri: https://cli-test-keyvault-000002.vault.azure.net/keys/key1/backup?api-version=7.0-preview
  response:
    body: {string: '{"value":"JkF6dXJlS2V5VmF1bHRLZXlCYWNrdXBWMS5taWNyb3NvZnQuY29tZXlKcmFXUWlPaUkwTXpnMVlqQTNZaTFrTlRRM0xUUXlaVFV0WVdVNVpTMDJNVEJrWXpNNVpHWmhaamdpTENKaGJHY2lPaUpTVTBFdFQwRkZVQ0lzSW1WdVl5STZJa0V4TWpoRFFrTXRTRk15TlRZaWZRLmhRbjVBV0lBRWlPTkRwV2ktakpNZS00eEFRQ1JPRmlwZmhjVVBtenB2eGQ3UmJ3ZEthRnZrazdTRTRTYnpTWlRJZ0ZkNHdtcTdmY2U3WHpnZ3dxeGd1enlyb0NlVXU3M1lINWV3SU9XMXRDRWQwZlVwc1hjN3hOQkZHREVYZWFudDdTZUhReGNSUnVwaVdVcnpOUzlMTENranBwbUJMc3B0MmRFaEZyUExRbGVFU3FhVFM4X3JwNFZ0WkM1allna1MyNEZQT1Y4TXJGUWV0NWJlcUltSWY0bTVRcjhBX0pOSjBoRmxDT1NsZ3FJLXdzTU1TWUN1c0NSa1QwVlVGMG1IZU0wSTJ0WUhGTnlkTkZ2UVJaaFp1NWtRVmhZV0xveE9DTWFJd2tRemtSRFh5Um80a2pKSGdDSXJleWhraVVhaExlTE1PVWNMMjBjNW5wTXRqYm12dy5XRjlxTVJ2SUg4MmdLNDNYZUlvbHpBLkhyOTlDaE9LeEVDN0xiYy1YSXhIeW9ZSDVudmFvcUNRZ1hkbnlFU2FJSGFYR213Vlo4VHBuY3JJTzNDanhSVGl2YWJSbG0xVzNEZzBnbktEMnlZQkxXeXZwMEVJVkFJY2JKYk9WMHJBU09EbGpUNGFScmpDVlNJaE5CQzNaRGF6eFhwNXc4Z0ZKVm4tN3dvRFczcHJDbWdrbHNmMmM1RTRDU1Z0cmt3eGhVMXdka19vTnVsVHRYWnRKT3RienM4ZFFEcmEtUk9lTmExTmI5ZWVHbnpnazF0OHREUDFWbV9uXy11RWRxNC1ZU1NJa1Y1NEpaaXBtb3kxVVk4bGxXU0h4eFNmYWNaTWFpb1d5cjBTNFN1b2JhWUlhb0IyT1FpOFVFWFM3djRuVzBxRUJCYVFVREpaeTZNdUNNbXd5LU5NcS1ZWm1zdVBHLUluQ1BPOU5uRFF2dlVUTUt3WDBKeng0bEt0STBCYTVqUmVfVVZodlNSTVdqdE15SmhLVU5YOEp3SG5ORXZmaEZaX00yemlfQm1pWldYTGx0OFQ5QVpQQy1rQWVZbHFkcXludk0yYVhhOXR5b2psSVdJR1hWR29weGxTQ3NwWnNDemkxYmVycnRIbGFITEJpTkpBWW11aEU5cUtWTDRGV0szSmswQjFYTm9Na2lsTFNWQmN5WVZfcDVkUmdxMkJDZGNST2puZnpBLWZSTlN3NlVwZjRScmtlWlFXWGpNV1M4ZkFiN0Q2eHBSR0hWZ3JvMHJMQUh0UjhjTjRGeUVTajFZTjQ0U3hDOHl0NzlfNW82elFmM2pzNnBMQ2pxVEhXWEJVVnZROWtzRzVzaTJTM0xZMWpEOUxqMEZOZXhUNWdLLWltUlpfeERiRmJMTUNDcWVIR3FDVC1DV2ZtSDV5OEhFd3U1R1VJZm1fQ3hSVHdXbTZjOV9MOUpyNEJsVGxadzVHN3ozUXliV095YWpDR0tDcDBMN1Y2ejJkNVBDRzdGNkplV0NYVVZOaGsxVThiYjg2SnlXVkFjMi1HZTAxcXNxSTFQNElRT2FpWXg0Q2xHVkhrY1dIczlEVVJsUXJhbmlaMHdaR0p3S1VYNklhcTh2X1V4RnFkQ3kxalZ1ZDdwd2FwQ3hOaEo2X1pUbDdXdUs4X1AyWVlUY2lGVVByZ05ZYzc3My1tdEJ5Nm42UkxTWmVUM3ZMNEpnNDd0X3NLMHN0bVdCeUNOcGZXOXVaQTlDYVRFS1p4alFtSmxVRHpnd2VuQmtIMGxwQzV2ZEt6c052WWFsYUxDbG9BdHFHUURvcmZsRHBGLUpVNjdTQTFBaFNwa1FGYWhnelQtTFoyTUowM1FiYnp5Vy03cEZNMEI4c2RSaERoaDJDQjE5RnVjdms4WjZvbDg3d3h6ZVF5UWx1OWF1UHM3ZGE2Q0ZBMm5WSG5HbGwwcDlLQ0Nmc2FKRWRnTDJYYUo4TkF6WDhTMVBqNTFjdGc2OWltbzhzb0htRW52RjZSck1lSDg1eDNjM3dQa2dIaXFFZ1ozT21SNUF2QU04YzRtR3pRWEdoN09YWWQtOGt2N0xHY1YtWUh2d2szbEJ5NnN2akp4SmxxejZZYVFOTU9tUjh5bjJaZFY5bm84ZlhaNkM1ZEVqT0YyU205Q2w4Wmk3Vno2S3VicEs3dFlfWUJHX2g4b09qNjBzM0ZEbnhGQ3JHc2txbFdYLVR0UzFEbzlGUVU0LWJiNS1WM3VDc19ScjBUS1FWUHB2a1FMRlpUZjdvSW96dmhaSFdJdG5TVk5yb2E4OEZWOFdKejdhMTNRWnZMVEhpTkJCbnJ1c3BpZnU1eFRCNzZYVm1DQXpKblNXb3RIR0wyZG1vZmc5WjlZSU9ZNXF3aGl2elNwUF9XN3M3Umx1ZzlBMzVmT1JjN0hSWF8yeHItZGEzNE5FOER3TjVTRmVDRVU2Y1BsVGN1ci16R2ZvUGxRNDNPbTZVM2huMy1EV2VCVkRhanJWSC1rUzUyQUZIb3otSVhYSExBOW5DQm9tZDNrakxVTmNmMXFHVHFWSWRveGZhNEc1d3JjenpucTMtVl9oRXh5TEY2anR2YVhPelpVMmVVOVFiUkMwN3F2WXE4WjZPTHI4NjA0bEx4eDNIbnpqQ1NfOTZXZHpjLXFZSzFDb1dQZUNzVGVucEtXeHAwZTVybXhXYzNBcldZSGlxS3A2T3hwM2FWd3MzTWNGRW5neW5ScGhrNnI5WGF2ODNvdUQ0TFB5YjRZTGZGTWVFYVpUYjZFck5zNEpRdHdMcjNsS05Xajl1NDdMc2k2ak9oT2ZtUkJzMnpKc1dKSk9xNC14ZUUtR1JZbzlXYWxYdnZHbW5yUHA5Vk9UMHBxdjZFeXNuSzNSLXBGZHNrMHNheXNFWFRGVHBLWENVZjJucTV5RmlCdjVCbkdNaUtSbHZRU1lBMVlDZVRuaHlqeVVxV2h4ZG42TWZ4VF9UT2x6am8tNGlQNklGYW9zVDRIdHVOQW41b0RJbzl1LWdLaFBnOHpFYkRkSy00aFAweFdkYUFJYndYT0JKMUg2TDFmd3YwaE1sd0xnYzVPMUlyTERpZnJabzhUUEkxLWh3dGpBVWNvdU5uektyNVdJRjlfVDlmMzR3VFZYSE9LelNlaHQ3T09BaF85c1F6RFN6YUJGbWNQQmpxMkFQNGduWThSSDZNT1JmaXBKU3dCemR3cVBmNWNMV1BlVHg3VWpBby1WNXRKUk4weGtsUTZOWVRTZGMwdmpSWW8tWmw4em04NmJJNFkzZFhmNUJvWldsQWV4dzJFS1BxRjRQclBNWVdzVFF5RFhHbUlHWFVVcjBBS1dTYWttYWRXYzdsZlFRNWVIUlVxcERPZlNfcHdZNUtTMENkVDIwWjI2eU9fM192aWJ4Nk52bVlsWjRWU3Y0NmZFWmFWQ0hoelFfRFRIUDdUUGNmaFdxdklRYzVVOVRvREJnaVdNU0QxdFRHczljbDM1WFZQQ2tZZnloMlFhdGxXN1lmT1VicjFYakRqdmpGaVNUQ0FuMEhNOXRMLTBxcGRyZTU5d1REUndEVExxdGNGVDZYUDF4TXZoWk9FSzVPbzZlTnZCYWRyRHM0WF9JcmJQTFoyMDZ4dVA0NWpNMFhBX0pldVpPaF9EMF9XazBJbTJDbHZ3YkEzcXlQMmpYVlRSWkZtWWlnd1d5NnhGZDdQbHZVd21qQk96c0tETmNwQWZoSFdOMjVJeTNQdWJnRFdVSWFHOWpXMFlxakh5a3VmajhweEpQU3JwZHRfTnlPeEZjTHpmdzNaeG5ldWpCZ0k3Vks2cGRldVdycHNUNGpqTjFId0lPWVBBRmdqWGwxcU1ETklZblhqTWVCcGlEbmVLajhLRzhfZDZZX2VhZXktRXM5UXhZaWhGTjA4bHluUnN2RlF6bTlwYWxPREtUd3V2MExwOTZzdXhiRUlMd3E3RWE1T1dzeFlUcEVCWE1lX1VxaXV6eXl6cnAweFA1UmhFRFFmN05FbGtmUlhWSjUzZ1hxT3MyTFpzSG5PRHFadnpFMko3blZiZ1k1SFlyUVowOWRhaGdTTnplMHhpSW4tVFZlY09iYmxfUXBVMmV6MVpxNmVXYXpuOWJUVzhjOUFRSjJqajRZeUozZ2hvQXJsdEtFTmV0MkZhc0xHV1htZVFGeUhEVXItblMxd3ZONDdCdjZEZHB4VzZqUE5rYUVGS0RVYnE1cWRaVm0zUk00eDZhVmtGRWlTU2NfVGN5NXRYSFVqbjRwMDVOWjdyZWdIeFdHSlVEbzdsRTdPMjVEa2JtQUlfemNzMWF3QmJlRTd0bm5rbUNuaEdUNm1qOUF3WlhLLWtTWklZVjlFWmo1YmZTVHMyR2VERXNMNmRVVkFoejMxeEt6Tkl1cXR2X0tqZmRyczA5RGVyTVkyZUoyOU9XWEZ5REhxQmRhbmp1UU5BbnJrMXlGYm1EdEoxYTBIUXNoUEtCQW5JeUZacVc3YjcwTXNGd09lMTBSMllaNkV6YWNwTWlPNERWNGpIQzBHZTBVV3M1cEljM2p0azVtS0hpMVdTcll5VlZYTTE4T2Jhc1dYbXNMaEdKbjdBaFR6THlVMXFtVEd0eGtObGFKUFpOeVRjTDVvUUJGSmpjR1dOZ0hHU2VRRjhMN01WaThBT0dIYlYzbzV6UFVpMHpvT0xHaTYyRTRNemhyV2hURkFFdUJJN1kyb2tYSllrNm5PVmtPWThOT0g5WW56OTVqZGdqSWZhSnRFRG1iV1U0aVpDZ1dvaGNXNVQ2aXAxb1FaT0FqeE9ha1BaQWx2bTBMMGVjSmU0ZGw2TTNtblpzbkk0M2ZkMGJTRVNhMk1GbzNDRW1SN1YwbmJobnpvTUtGMVo4dTFFXzBiUDZQTEtCVlpFVTJJWmtiX181V0x2aDFyNlZ0eFNsd3ZObm9ZTkVxMGhzT2VOeEF5NmduNFVHZ0s3elltb3A1TUg0TnpXN2RKOEhORldhbzJfOHBPSlYwZ2xCUk44VTNXR0kxZVlDc2xJclFrc0U4OEpzakpSTEJrek9mZXVlWnRUYjBBME1fNktTdmlYX09CTUZROEUzcjJBaFV2M3FsQVR0SWN0bzZDWVF5Z1UzY1I4VEF1RGVoRzNMcGJFMVN5eVBfV0tPWDZCbnJkTkNBTVJMU3liczFGbDdFeTVHa2dXb2lPNkd0Z0Mwd3U4ZVEtXzM3VWQ0b2gyR25SRDJJX3paTC1iNmE5VTQ3RzdpY0V2cTVLOXlMbTZwT0NyZngtNkdpbm9Oak50RFFGenZXOWlLRS01RlMzeVo4NWhOVXYzNFh5T2JtYm9DZk02ajhobkdoYko5ODdxc1JjSTVSbm9JV1J3Vl9OeUo1VUVpaFBuMkhGcFE3N0txSElyMEdmMDZtRnFJbjVRNWxxZjI1ZElyMldpM2VjWWZ6ZGx0NmZhcFlqd0JQRGx5Q2JpN1hNeEZCRmVJRmFyOUg4OTNWanZnM2lFOXdpX05LTTVvaDdmTHVqdjRPdGMtUzhWRXBLX1NfeHVrSUZuZVlranRqNUVxT04wd3c5bm5ac1drWldZb09lcko2MkIzMlBBSDJONnotVnNETzB1WVRFXzQ0SEdtOW1XZEdVNHZPZThtUkYwNGtUWEZyVkt4azExVTZTa01UYVBiTWpiYnZKUGQ2ZTlXd3h6eG56Vzc3dWVjMm5UckV6QmVnaHc1d0l0dHQyMk9NVEdMbHhvTmZSUkxtRnpPelpWSnNvLXN5NEFtY1RIaUxYY1RQdnJXSVVCQXAwNVJNMXRJWlExRWV6OXhFZEtoU0J5cGEzWXJGemUtNGZfWDVaZmU5Y1MyeDlETlpfZHdsQnBFR0gxYlljWjJVckN3T3BzOTJFRFJqODVpY0c1TThaRUxIN2ZOYTJhZVB4Vkc3RWZYRXpqekpOMGtCX1AxaldJQlZwWDJJNFd6c1F2aGpMYVMxUHo4YkJwVEhweE9kZ2w3c3kxSHIyTTBlRWJEVTh0WGpEM3ZPNkJocjdmTVJ5UVQ2N3NsQUpIWU9LV2d4TjNRaHptZ20tcmN0VGNzSHB3WDRnTDVVZGhBWW9qRXJLb0lMOFcyZ0NUSWJKMHBLM21SZ3h4V2ZoWHBPNFBSMl84b3c3dXRHLV93aXNfb09tMEJ5YUVDLVdhRWgyOWZOcVpUbVg1RG1QZGVsaUtiRE5NS2dELXZPcG9kUkpPcFJ3SVdubThGM2V5Y1dyeHdZVjdzQmgxeFM5OXUza0hCanRuS2NneGRscXdiSFVOVS1lNFp6RWlyaEtkVHdlcGd4dUtHNXY2T2V1MjA0RWE2WDNnckU2QjB1YUsybzR6WWtRcXNlMm5aUXVabmE0a2R2YWl5LV92eU44LVVlX1dPa1RrV2xZYkpSR3ZncGJrSUlXM2JscXJzanNnSThNcmRXcnl4WVAxdkVJbk1YVHlnVmV4RlUxX0I0ZUpGcmtpc1lXZTZZZUVDd1pMWjlEYkp2VjkyYUNNa0Z4aVdGMEEtN0ZBdFZoeXZhWXFFX29aUzVJdE9oTXBkTklra0lVSkFWcVRDUHJJcDNjRk53aE14RkltNzFOY25wQTJmeWdHRlNMRHBPSmU4UXdEYVp3NmVnWmVSSmlJRncydGRYRlY2amJEZlpVSXJNR0YyYkRVcXI4ZlpsQkxpMHh4SFRVMjZseS12aFFFbW53SjJzaU50dVBOYjhRSVdMS2E1TDBtY1RpaXNIZ09oNnB2UWV1NS02NGJPY0FxWWQzQXNQUWFFX2FNQzBJX2tKUDJ5aldGWHduZHdhb0ZmWWZtWVNBWWtkT2M1MlJoRU9Gb1RzRTF6WFVTUHFBLTNKd3FCaGp5cm1PMjNBbVhERHhvVUVhWjhOTDdZbkUxNzVCRVExUnpxaUE3OVdldW9CNzBvejY1dGQ3Y0poeUtJNzRoNWhqeVpSX0VzQTBhM01SeXFsbWZpaUNpYkV1QWtfMW1zY0h5OWNabkpuWEdzbGU2UWRxTVJaYkhVd1JheTlNMExVclgzR21WaXkwQWUzWE5XRFNIV1lUckNyLUJiVk82N2dfX05PVnZsNkxpc3VQdGFxdl80dkNDd2NkMFBmd2FpdXdra1d3aC1hb0VDV2ZEcXVOUGxsRTY3MG91Yl9zcEd4bkhTUlVDMlBEOFFDaEprMmRVR3RTYlh1dkZZbUZCOE5hWHg0RGJHOTNxYnNmSTg5eEkteGw5QnktREtoLXIwaUlmQUpRbDg0aThnN2ZDLUx3eHUzS0FUaUVsY2czYmlrUkkzLWFkTDZwTkRvV3ZZdkE1UlduVXdnM0hSUmg4ZUt5V0lTMGRXTGV3WGlMTWUzeHFPM3c2aHkxa3YwUFlIQkZIMkpqUzBKRWJ4NjdaMVhzaDBEVWFfSG00b2FFU0U5OUhGOG5zRk5KOGJSa2p6Q0dJcDRZcVI5Q0lmeUtpaXBPalVIUS1fd0VKT0tNSlhHNzVzQjktaDRMTks0UXNyZ1d2dmNuekRKV21hRGd6THItTmcxNmZDTm9NZEpERkF2RGJWOVJJUTFlTndaTWZaT2lGdWpjMTNIc2VZdUxWM1JjeFpZRllETVBoMTZDdW1LU01YRjYwTy1CZDRDc3hhWFhlQzNmR3phYnM0UW15TDJqaHFTZDRpV2s1V25tX2Y4WW1HQlFYU2xqelN6YmxqalhtVFlkbGRFRC1MZW13cmIzSDVGQWtHMXBaYlJBSFpDYWtTYW9nbDNvanNUTmxVNll6VklRcTRHWTJ3S2xXLVIxalQwdzVLYmJEOHB4R1JRREpaRVFDVXF3dVh3dWNMdWpCSTZPRzA4Tks1VTBhUUtwMWVyNV96LVZoSkxMN0d4bm1fbUdPOW9JTFhNTjhrSzlPdlZVaTJKQ2pMTXhUdzRac0taa016MGlvSHozZURLVDhfY2Jwb3Fjd0VNWFYwbXRNNGRWeTRzLWVPWTBQZTJiN1JDdlItNnE1ZFhLczhCZkRnNnFONkpXV0FiLUc3Y2I2dUpLaUcxeDVJZUt2NDkwWmpObW1mZFk2WDBCaFpPMlZEbjJKYzBaQjdlSHlUNEJNcmNiVjdNRk5WemVZclJsd0NJWjQ3NXo2VjFXeHBTcnBDZkpoZnBNWkZTUUFDWm93R1JJRjlzcmRzTU1MTWJ6Rl9YbDlWV3g4U1U2RllNNExLWjZ2Q0pCaWxSQnAteTRvQndGV2xwc3liQVRTTDB2dlB5bnNwNXhmVUhZS2lmNFlNVG1hXzBYOTVQVlBhc3B4dFN0OGh6T3FmZ0dyUjRHcUhiMXdCLWhHbG5kN3FHY3VXRkJiSEJGcTJmUWVWdmUxdEZySjdab1RzRkFic2p3bWFQSEhlaVRBUV9Gdndtem9xcWZyWUVMWWhQNVFIQVN0SlNyUDVuY2ZaR3JDUjM5Y0g0S2xVSHRlOC1EcmlJQTZ5M053QW9WZm5ZbC01NTVpaHp2Vnl4R3ZrbjJRbzQ2MWhYc21xN3JUTFQxZFNVUFpkbnh6Q3ZyV2N0NENudm10ajlpNXBYZjI0b2gzRU5fTThTQ2gwSE9TWGFwWTVtVXBpNzdpQmZlLWRLYkZMeGYyWmQzYWMyNnI4SkdxNnBTdFg4NWJnTnhnRUttbXctenV1cHdFOFQzNk1XTUxwY2NqQnlFR2JxWTcyYkZHZEFaSVZ1MEY5LVh4RGJia3RXUFluaGRNR2ZTSmFzXzV5bnJkNXdDak9mWGlvcGpIQVRPVVdXZk9wamdvS0pwcWpQTnMxZ2w1MzBfZkNvcXIwVExQd01NU0xmTWxUOF9ra1FfM2JIWXNXLVhyMzNZQmVYWHpzd095aDNaS3NYN1B0bmhKeU9OalJqTnpUQVJzeEhCVS1UZ2lBcHczVjhpQkVoZTJZTFI5WlhKMnBndUNCX0oxcXhJUDZpRFhuMXFFMGpPWHZJUnlQUTNjQkZUV3FvREY4OEc1cTR0dXc0UjV1M0RoV3lRcTlST01pVV9rWElucUF3UEhhdVgyLWczN19pTzVWa1ZYUnplZUlKQ2lFQXRjeEw1eERvTDREZ2oxUXlidU1BNTRDS0dISTJUd09YZVB1cVBPbGFQUUhSUlJVbzctNTF6aWdYdldjZEMzWHBPSkJPRjdETnMxY003dWVTN25iTk15UlA1Z2d5R0l3SlUyR0lzM0JsVFlHWWFiaXVUMUI0M2Q0Y0RXbEtURVlqbnlDU0FDNE5ZMlRTUklxbnNOMldpMF9IeUpPSkZJRm5HQkNBVW14QUZ3YVhadUNxTmt2aXVVVkF2MUc2TlJIYkNrVng2RW91eTJNcWVxWWQwanV3ZkJIY00wMlAyQzBuVWFWNnJsZG41Rl9tUkwwNHRQclV0ZzdCbHdxanNpNjBUV01XYmRlNWJlZUhLYzM0VlJJVVJLVTRQY3Y2NktYdHhFclFNaXBzNnA2LS0yRDZtVld5VkZ2X1lsd1Rfcm9wa0dKZ19Ia1YzTDhKaWp1eWl2SEFlMkpOZWVaZ3k0c2t3QVRTU2JJZG9zb3V0V0JkbWpEalBYblJkRTlmYV9STTM5R3M1dGt2Y2FhOTJjang1RFJUc1Mybk9RdjVmeEFsaDBxVzNyakc4QjM3TDZZcm5tU0pwaDg2OXB3UXJTSkozSHpYZXBtelhPYjVwNVg2T3JhUXNBbFF6M3RFQmFiUlo2bFdBNENfcFlCMkxaelFwU1JaMlF3RGNwb2JTeWp5M3R0enJncHI0Mk01Z3NBLWpGNFdGM2s5RU11SXd4WHp4ZmlxY0pobHdxdWlfWmZwek5YeEgxMlRmdGkteTlzTE8xTkJjRXg4NFhKUUR2UWRhYnpyVDU5eExsVmxBLS02c1ZJQzhGS0hLMnNoVlhtNTc4dUJMQnhSV3ZVUHZUbnZYSlVlWktPUFBJcWZWeDlJMll1T0FZVHBtQ2VLdmdjeG1jdEpwVnNvRUxGQllZbTBhWnVxLWtJUjJSNjJ6Tno1TkVpdWJCOWxJZFE5WkdrcGRCaFlPRzlkZzhfSENtajZpMFp6c3l0ZXlxa0Fqc3RMNlA2UTVQaDdESG9UeTNqTHRIR1BqUHczYjFyV2NtMHhWeGtqWUtBQm9JTUdHWS1pdDVKME1YSlBNZkZmUFFvSExuaHJxa0dnZmIyTzJDY0wwaWlJV2xaR29Bd1hYeTFQUzlLbHVGY1FyNlF0ek9ob29KbU1WRWdFT3ZjdnlBODNqdnlTM05jUFMzNmZ0VjRpVFdyYnpVSm10Zjg0UF9YSTZOZkhQd1NGYldWV0lTcEh3VUVvX2FZeXJkUGRSNmdlbEd5TkpqOXpoM3BMNkV0cklJQ0RTSGRxM3N0Q3FIWGV0RGc1VmZfcUxacDhYQUc2ajZCSlVHMVV1RzgwU2d2RGFkZDBSSVliUWYxd1ZpR2NScE0tWEVGUF8zRC05Q3lXcTd4NHpPaU5scXV6Z2JTMXliNUgyZGhWS2JqMHlXZWZGMG9jcWl1NWNWcThxMGZQaWxIaGJ0d3daZ0Y0R3Q3Y3N3bmtSWHZSNk45enBjbjUteUlDZ0J3TDZVMXhCdmo5QXpiUnVRN05ad3lkcVM5d3ZOWFBma0Nld3ZrbVJ4c0hyWVBaX0luS2Q0LVZpbUcwZ3pUYUFjSldzM3FvWmJwcTRiMnVFSnJ6WEZKc0tTaVVfelJESVZCTDdlVWt5eHNFSDVUWjBFVXVodkVtbjVOdlJGYXV1N25UNXN1NW1fZ04wbTJDN0FPOXhBaklFVml3dlB0WGlZRS01M2pzSjBjSXNBOXN2LS1mMzRBNkxUYmdBZ1YxTmdTcXB5UDZscVpZTlZISmlHMjJwR3pOOXl4SlQtR0VOUG54VEJTVlY1VDU2WUJBbnFKeUdaWkhfWG5OTjBBYV9pSXUxUEk0VVR6c1hFUUU3NGdSbmlzMUU1RVQ5MlNJdURFOVh0LTh1OU5ScHhQcUUtVWIwVUF5ZHM5c1ZUOTdsZG1obTJWRUdKRGFnZjA5b202VHh4eEZ1bDJMWGNSSGdvRkp4dkxtTWhoYWh6QXdHbmpnSmJLaDZpc1B4SjVuUElZWWtpTzZRVGl0amQ5bkFlN2FSeDFDMnVQV21VcU9WQlVxTUJBUkdzdm1uWDF5NXhWd1R6dFBxclV3aVJhRFUwRG5zSlZpdktZcVRQWmZKbGJ6akdFdzlyYnZCZVNGZUtuQUd0N1VoX1hnc0o4MEdyX2JBWjZpeFd5X3doM0ExV0hNcDdmTTdQRWZyRU0yMU1NWWZfZXpaM2RNM0h0QW5BS05naXdSRTQtbTFoRnlyMVg1aWJPcVJXSHlQX0ZRc2lENEZfUE1WUERDbnBfbXlvVVc1b1dyd1N3S2U0aWY3VWVIWENqU1pDX0hKdGNOZWtveERBX1VZNnVTZy1NUEtwYXlVOGZ3VkwtYmlJbUZrOEtsSm45cmJTZGJSLXUtOFBWd0YtTDRlSGhTbXlXYmxNUzc5eFpKM1FpRjVLWTcyNGNzRzkyclk3VGFoQUNYTVNFaW53bG51M2k2RHBPQmhmTGJkWDdDWjdKWXhwcEZpNEJHWkdDRWZyanRoZGxKRlRNYWZsenJCZThPcHN6R1VMdGRVRzR5VjdKbWZ6Sjloak1GeFJxOW1pRlRRRlp4clJTU1pOa19LWWFIdEp0Um9vazlsQXBpMlNWYkdwY0NPTmJjNHlEMlhwenhQOGtkTjFiSE1GZmU1RVNKRzRsdXJkWXRHWGtCQ0xoQ2pqN2pvQ1FwS2tiOG9CSXRIUGNTUWItMFRDUFJ4cWFWOHU1M0QtNklIeUk1a3hsbFpzNFFfaVMzeEoyeEFNcGVrc1Q2bXJzQzdVbXZ5SmJMVk9TZ2FjZVZwWHBjSlFXQUFXY3BBQUVzQnlyTUs3VVNJUVowQ256eUNNRU9XQi1rN3hiSEttbDNfVEFyTk92c3huOGV1bzJRaVk2ajRxZzBWTWdxeUQyR0xxaUV3U2Q1WU9iLUpvakN3X2ZaZVhJWWtMLVFMUDczZnBOUlExNHlNTGRJNGpuUEFVOW1YRTVxT2VwVzBROFREZUNiZ2F1aXhxTEhjcVVTX0ROdGF3RFBYWGgwTmwzVFZzZmNQaXpNdU5uWXJGcGdYeTRqRldhSlpPSU4zb0Q1OXp0T1FsZU9xaFdvMmxOMHUzWDBGZFZmOVp6MXprNUg4X0VyeGd5bzlSemhvVmFiRkNKbS1XeXpZWEp1dEEwdDVpQlhRSFZ3dGRod01YemlYVFprZ3dTTjBDc0pnd2xWb3BvUzlaelNGYnNUTHdsNlpsdVU4SVVZUFBlOGV2YWs1RGFjNVFPZkp3RzFvcFo1eGFjRTVvUXBIYnlzbmV5M3QxV25pdWd5M0xfcGk0Z090dThzb0d3bnRaYWsxTnJoSk5VM3hpM1lqYzMzaDBqaGVKLXlvM1lIUEJyOEcySFlJNFA4MVBTTlFoQy1aa3dGMDA3WnlleHV5OUNJQ2ZzRkVzVHVUZGNLWDYwalhLdUVEeGtYaXN2ckpWRHNkWmNOTG9uemx6SEx4RlNVdmlNQW1hM1J3b19taHFhSF9ra292bWxiSTRPRW9Fb21TS1lhS0wzaURqTUFaOG9qV3ZvcHpTQkpqNFB2bERHbFVSQzNTNXk1T2lYbUNHZDA0LWVvMzBKRWtTUlZ5R3hNWUxiN2VBS2VyajRiSVA5eFI2RUZ4TmRTV1Q3ZlRkQ3pOWWNuTTJFWmVTTGhMdXh4RzBkcGx0aFgyVVNYMndyYk1jMlFFZHVRXzE0TEVmMlJNNWtSYi1QNGxmN0hYZ0ZYTHVLc0paNUdrUWNXLUdXcW1XTkl3VGtGLW5yRENfclg2TmY3TlBjNlJLT2FSb2pLcHp6b2hvQ014eW5CRkxRSnhnSElJdmxEOWNIODc4ejk5N2J6Z182c3pzQ2s4NTNpSHRkX0lTWWZDRzdUM1EtVU1qXzh3ZzRhV3hod2JDMVdSQW1pcGtiMk1fM0lObkk2Vm9xZXNlRU1iV0ZseDZDU29fM2ZqQlFsWExBd0JJY0poRGMtaVVjTFRKREhyUWhUdDVDV3VCUGlYcE10MDZhREFZYXExckZTeTJhOW9odC5EeWJFODR5OWhObDAxaWJDZFhRTXln"}'}
    headers:
      cache-control: [no-cache]
      content-length: ['13280']
      content-type: [application/json; charset=utf-8]
      date: ['Fri, 06 Apr 2018 01:18:37 GMT']
      expires: ['-1']
      pragma: [no-cache]
      server: [Microsoft-IIS/8.5]
      strict-transport-security: [max-age=31536000;includeSubDomains]
      x-aspnet-version: [4.0.30319]
      x-content-type-options: [nosniff]
      x-ms-keyvault-network-info: [addr=167.220.0.218;act_addr_fam=InterNetwork;]
      x-ms-keyvault-region: [westus]
      x-ms-keyvault-service-version: [1.0.0.844]
      x-powered-by: [ASP.NET]
    status: {code: 200, message: OK}
- request:
    body: null
    headers:
      Accept: [application/json]
      Accept-Encoding: ['gzip, deflate']
      Connection: [keep-alive]
      Content-Length: ['0']
      Content-Type: [application/json; charset=utf-8]
      User-Agent: [python/3.6.2 (Windows-10-10.0.16299-SP0) requests/2.18.4 msrest/0.4.26
          msrest_azure/0.4.25 azure-keyvault/1.0.0b1 Azure-SDK-For-Python]
      accept-language: [en-US]
    method: DELETE
    uri: https://cli-test-keyvault-000002.vault.azure.net/keys/key1?api-version=7.0-preview
  response:
    body: {string: '{"key":{"kid":"https://cli-test-keyvault-000002.vault.azure.net/keys/key1/bd7dfc577bd14a20b25279c0da38600d","kty":"RSA","key_ops":["encrypt","decrypt"],"n":"58KyUIFSADFL2wXGVpgIoyDc5HX6o0V4c4IWT7700kQOdBob5KcTvbuiYAK131zdvbmeRlvXPI97d-CsH-u3XPQx27cYb6jpHJEKN-26c_DwBuxrsyLXkW4CHGPom-dI1_bCLqm77geusBAoLx-SE9Ml2LEm6z9ofQGPwD8LGoBIYfc54veeWhb6QiXb5uvJJxULbAthB9RCYweKaJq7F-SWsksRNjurHUtzeEOBRtj3EgDiIJl-B-1w9AcuJANRvUdNQDvpd1I5ubdRgOhLBxK-jpOWdXDGHrejhkSkrJhAoSTTu8OdYrJeLsjWnneQP2ZwP976_3_-yAXIu2sbmQ","e":"AQAB"},"attributes":{"enabled":true,"created":1522977514,"updated":1522977517,"recoveryLevel":"Purgeable"},"tags":{"test":"foo"}}'}
    headers:
      cache-control: [no-cache]
      content-length: ['635']
      content-type: [application/json; charset=utf-8]
      date: ['Fri, 06 Apr 2018 01:18:37 GMT']
      expires: ['-1']
      pragma: [no-cache]
      server: [Microsoft-IIS/8.5]
      strict-transport-security: [max-age=31536000;includeSubDomains]
      x-aspnet-version: [4.0.30319]
      x-content-type-options: [nosniff]
      x-ms-keyvault-network-info: [addr=167.220.0.218;act_addr_fam=InterNetwork;]
      x-ms-keyvault-region: [westus]
      x-ms-keyvault-service-version: [1.0.0.844]
      x-powered-by: [ASP.NET]
    status: {code: 200, message: OK}
- request:
    body: null
    headers:
      Accept: [application/json]
      Accept-Encoding: ['gzip, deflate']
      Connection: [keep-alive]
      Content-Type: [application/json; charset=utf-8]
      User-Agent: [python/3.6.2 (Windows-10-10.0.16299-SP0) requests/2.18.4 msrest/0.4.26
          msrest_azure/0.4.25 azure-keyvault/1.0.0b1 Azure-SDK-For-Python]
      accept-language: [en-US]
    method: GET
    uri: https://cli-test-keyvault-000002.vault.azure.net/keys?api-version=7.0-preview
  response:
    body: {string: '{"value":[],"nextLink":null}'}
    headers:
      cache-control: [no-cache]
      content-length: ['28']
      content-type: [application/json; charset=utf-8]
      date: ['Fri, 06 Apr 2018 01:18:38 GMT']
      expires: ['-1']
      pragma: [no-cache]
      server: [Microsoft-IIS/8.5]
      strict-transport-security: [max-age=31536000;includeSubDomains]
      x-aspnet-version: [4.0.30319]
      x-content-type-options: [nosniff]
      x-ms-keyvault-network-info: [addr=167.220.0.218;act_addr_fam=InterNetwork;]
      x-ms-keyvault-region: [westus]
      x-ms-keyvault-service-version: [1.0.0.844]
      x-powered-by: [ASP.NET]
    status: {code: 200, message: OK}
- request:
    body: '{"value": "JkF6dXJlS2V5VmF1bHRLZXlCYWNrdXBWMS5taWNyb3NvZnQuY29tZXlKcmFXUWlPaUkwTXpnMVlqQTNZaTFrTlRRM0xUUXlaVFV0WVdVNVpTMDJNVEJrWXpNNVpHWmhaamdpTENKaGJHY2lPaUpTVTBFdFQwRkZVQ0lzSW1WdVl5STZJa0V4TWpoRFFrTXRTRk15TlRZaWZRLmhRbjVBV0lBRWlPTkRwV2ktakpNZS00eEFRQ1JPRmlwZmhjVVBtenB2eGQ3UmJ3ZEthRnZrazdTRTRTYnpTWlRJZ0ZkNHdtcTdmY2U3WHpnZ3dxeGd1enlyb0NlVXU3M1lINWV3SU9XMXRDRWQwZlVwc1hjN3hOQkZHREVYZWFudDdTZUhReGNSUnVwaVdVcnpOUzlMTENranBwbUJMc3B0MmRFaEZyUExRbGVFU3FhVFM4X3JwNFZ0WkM1allna1MyNEZQT1Y4TXJGUWV0NWJlcUltSWY0bTVRcjhBX0pOSjBoRmxDT1NsZ3FJLXdzTU1TWUN1c0NSa1QwVlVGMG1IZU0wSTJ0WUhGTnlkTkZ2UVJaaFp1NWtRVmhZV0xveE9DTWFJd2tRemtSRFh5Um80a2pKSGdDSXJleWhraVVhaExlTE1PVWNMMjBjNW5wTXRqYm12dy5XRjlxTVJ2SUg4MmdLNDNYZUlvbHpBLkhyOTlDaE9LeEVDN0xiYy1YSXhIeW9ZSDVudmFvcUNRZ1hkbnlFU2FJSGFYR213Vlo4VHBuY3JJTzNDanhSVGl2YWJSbG0xVzNEZzBnbktEMnlZQkxXeXZwMEVJVkFJY2JKYk9WMHJBU09EbGpUNGFScmpDVlNJaE5CQzNaRGF6eFhwNXc4Z0ZKVm4tN3dvRFczcHJDbWdrbHNmMmM1RTRDU1Z0cmt3eGhVMXdka19vTnVsVHRYWnRKT3RienM4ZFFEcmEtUk9lTmExTmI5ZWVHbnpnazF0OHREUDFWbV9uXy11RWRxNC1ZU1NJa1Y1NEpaaXBtb3kxVVk4bGxXU0h4eFNmYWNaTWFpb1d5cjBTNFN1b2JhWUlhb0IyT1FpOFVFWFM3djRuVzBxRUJCYVFVREpaeTZNdUNNbXd5LU5NcS1ZWm1zdVBHLUluQ1BPOU5uRFF2dlVUTUt3WDBKeng0bEt0STBCYTVqUmVfVVZodlNSTVdqdE15SmhLVU5YOEp3SG5ORXZmaEZaX00yemlfQm1pWldYTGx0OFQ5QVpQQy1rQWVZbHFkcXludk0yYVhhOXR5b2psSVdJR1hWR29weGxTQ3NwWnNDemkxYmVycnRIbGFITEJpTkpBWW11aEU5cUtWTDRGV0szSmswQjFYTm9Na2lsTFNWQmN5WVZfcDVkUmdxMkJDZGNST2puZnpBLWZSTlN3NlVwZjRScmtlWlFXWGpNV1M4ZkFiN0Q2eHBSR0hWZ3JvMHJMQUh0UjhjTjRGeUVTajFZTjQ0U3hDOHl0NzlfNW82elFmM2pzNnBMQ2pxVEhXWEJVVnZROWtzRzVzaTJTM0xZMWpEOUxqMEZOZXhUNWdLLWltUlpfeERiRmJMTUNDcWVIR3FDVC1DV2ZtSDV5OEhFd3U1R1VJZm1fQ3hSVHdXbTZjOV9MOUpyNEJsVGxadzVHN3ozUXliV095YWpDR0tDcDBMN1Y2ejJkNVBDRzdGNkplV0NYVVZOaGsxVThiYjg2SnlXVkFjMi1HZTAxcXNxSTFQNElRT2FpWXg0Q2xHVkhrY1dIczlEVVJsUXJhbmlaMHdaR0p3S1VYNklhcTh2X1V4RnFkQ3kxalZ1ZDdwd2FwQ3hOaEo2X1pUbDdXdUs4X1AyWVlUY2lGVVByZ05ZYzc3My1tdEJ5Nm42UkxTWmVUM3ZMNEpnNDd0X3NLMHN0bVdCeUNOcGZXOXVaQTlDYVRFS1p4alFtSmxVRHpnd2VuQmtIMGxwQzV2ZEt6c052WWFsYUxDbG9BdHFHUURvcmZsRHBGLUpVNjdTQTFBaFNwa1FGYWhnelQtTFoyTUowM1FiYnp5Vy03cEZNMEI4c2RSaERoaDJDQjE5RnVjdms4WjZvbDg3d3h6ZVF5UWx1OWF1UHM3ZGE2Q0ZBMm5WSG5HbGwwcDlLQ0Nmc2FKRWRnTDJYYUo4TkF6WDhTMVBqNTFjdGc2OWltbzhzb0htRW52RjZSck1lSDg1eDNjM3dQa2dIaXFFZ1ozT21SNUF2QU04YzRtR3pRWEdoN09YWWQtOGt2N0xHY1YtWUh2d2szbEJ5NnN2akp4SmxxejZZYVFOTU9tUjh5bjJaZFY5bm84ZlhaNkM1ZEVqT0YyU205Q2w4Wmk3Vno2S3VicEs3dFlfWUJHX2g4b09qNjBzM0ZEbnhGQ3JHc2txbFdYLVR0UzFEbzlGUVU0LWJiNS1WM3VDc19ScjBUS1FWUHB2a1FMRlpUZjdvSW96dmhaSFdJdG5TVk5yb2E4OEZWOFdKejdhMTNRWnZMVEhpTkJCbnJ1c3BpZnU1eFRCNzZYVm1DQXpKblNXb3RIR0wyZG1vZmc5WjlZSU9ZNXF3aGl2elNwUF9XN3M3Umx1ZzlBMzVmT1JjN0hSWF8yeHItZGEzNE5FOER3TjVTRmVDRVU2Y1BsVGN1ci16R2ZvUGxRNDNPbTZVM2huMy1EV2VCVkRhanJWSC1rUzUyQUZIb3otSVhYSExBOW5DQm9tZDNrakxVTmNmMXFHVHFWSWRveGZhNEc1d3JjenpucTMtVl9oRXh5TEY2anR2YVhPelpVMmVVOVFiUkMwN3F2WXE4WjZPTHI4NjA0bEx4eDNIbnpqQ1NfOTZXZHpjLXFZSzFDb1dQZUNzVGVucEtXeHAwZTVybXhXYzNBcldZSGlxS3A2T3hwM2FWd3MzTWNGRW5neW5ScGhrNnI5WGF2ODNvdUQ0TFB5YjRZTGZGTWVFYVpUYjZFck5zNEpRdHdMcjNsS05Xajl1NDdMc2k2ak9oT2ZtUkJzMnpKc1dKSk9xNC14ZUUtR1JZbzlXYWxYdnZHbW5yUHA5Vk9UMHBxdjZFeXNuSzNSLXBGZHNrMHNheXNFWFRGVHBLWENVZjJucTV5RmlCdjVCbkdNaUtSbHZRU1lBMVlDZVRuaHlqeVVxV2h4ZG42TWZ4VF9UT2x6am8tNGlQNklGYW9zVDRIdHVOQW41b0RJbzl1LWdLaFBnOHpFYkRkSy00aFAweFdkYUFJYndYT0JKMUg2TDFmd3YwaE1sd0xnYzVPMUlyTERpZnJabzhUUEkxLWh3dGpBVWNvdU5uektyNVdJRjlfVDlmMzR3VFZYSE9LelNlaHQ3T09BaF85c1F6RFN6YUJGbWNQQmpxMkFQNGduWThSSDZNT1JmaXBKU3dCemR3cVBmNWNMV1BlVHg3VWpBby1WNXRKUk4weGtsUTZOWVRTZGMwdmpSWW8tWmw4em04NmJJNFkzZFhmNUJvWldsQWV4dzJFS1BxRjRQclBNWVdzVFF5RFhHbUlHWFVVcjBBS1dTYWttYWRXYzdsZlFRNWVIUlVxcERPZlNfcHdZNUtTMENkVDIwWjI2eU9fM192aWJ4Nk52bVlsWjRWU3Y0NmZFWmFWQ0hoelFfRFRIUDdUUGNmaFdxdklRYzVVOVRvREJnaVdNU0QxdFRHczljbDM1WFZQQ2tZZnloMlFhdGxXN1lmT1VicjFYakRqdmpGaVNUQ0FuMEhNOXRMLTBxcGRyZTU5d1REUndEVExxdGNGVDZYUDF4TXZoWk9FSzVPbzZlTnZCYWRyRHM0WF9JcmJQTFoyMDZ4dVA0NWpNMFhBX0pldVpPaF9EMF9XazBJbTJDbHZ3YkEzcXlQMmpYVlRSWkZtWWlnd1d5NnhGZDdQbHZVd21qQk96c0tETmNwQWZoSFdOMjVJeTNQdWJnRFdVSWFHOWpXMFlxakh5a3VmajhweEpQU3JwZHRfTnlPeEZjTHpmdzNaeG5ldWpCZ0k3Vks2cGRldVdycHNUNGpqTjFId0lPWVBBRmdqWGwxcU1ETklZblhqTWVCcGlEbmVLajhLRzhfZDZZX2VhZXktRXM5UXhZaWhGTjA4bHluUnN2RlF6bTlwYWxPREtUd3V2MExwOTZzdXhiRUlMd3E3RWE1T1dzeFlUcEVCWE1lX1VxaXV6eXl6cnAweFA1UmhFRFFmN05FbGtmUlhWSjUzZ1hxT3MyTFpzSG5PRHFadnpFMko3blZiZ1k1SFlyUVowOWRhaGdTTnplMHhpSW4tVFZlY09iYmxfUXBVMmV6MVpxNmVXYXpuOWJUVzhjOUFRSjJqajRZeUozZ2hvQXJsdEtFTmV0MkZhc0xHV1htZVFGeUhEVXItblMxd3ZONDdCdjZEZHB4VzZqUE5rYUVGS0RVYnE1cWRaVm0zUk00eDZhVmtGRWlTU2NfVGN5NXRYSFVqbjRwMDVOWjdyZWdIeFdHSlVEbzdsRTdPMjVEa2JtQUlfemNzMWF3QmJlRTd0bm5rbUNuaEdUNm1qOUF3WlhLLWtTWklZVjlFWmo1YmZTVHMyR2VERXNMNmRVVkFoejMxeEt6Tkl1cXR2X0tqZmRyczA5RGVyTVkyZUoyOU9XWEZ5REhxQmRhbmp1UU5BbnJrMXlGYm1EdEoxYTBIUXNoUEtCQW5JeUZacVc3YjcwTXNGd09lMTBSMllaNkV6YWNwTWlPNERWNGpIQzBHZTBVV3M1cEljM2p0azVtS0hpMVdTcll5VlZYTTE4T2Jhc1dYbXNMaEdKbjdBaFR6THlVMXFtVEd0eGtObGFKUFpOeVRjTDVvUUJGSmpjR1dOZ0hHU2VRRjhMN01WaThBT0dIYlYzbzV6UFVpMHpvT0xHaTYyRTRNemhyV2hURkFFdUJJN1kyb2tYSllrNm5PVmtPWThOT0g5WW56OTVqZGdqSWZhSnRFRG1iV1U0aVpDZ1dvaGNXNVQ2aXAxb1FaT0FqeE9ha1BaQWx2bTBMMGVjSmU0ZGw2TTNtblpzbkk0M2ZkMGJTRVNhMk1GbzNDRW1SN1YwbmJobnpvTUtGMVo4dTFFXzBiUDZQTEtCVlpFVTJJWmtiX181V0x2aDFyNlZ0eFNsd3ZObm9ZTkVxMGhzT2VOeEF5NmduNFVHZ0s3elltb3A1TUg0TnpXN2RKOEhORldhbzJfOHBPSlYwZ2xCUk44VTNXR0kxZVlDc2xJclFrc0U4OEpzakpSTEJrek9mZXVlWnRUYjBBME1fNktTdmlYX09CTUZROEUzcjJBaFV2M3FsQVR0SWN0bzZDWVF5Z1UzY1I4VEF1RGVoRzNMcGJFMVN5eVBfV0tPWDZCbnJkTkNBTVJMU3liczFGbDdFeTVHa2dXb2lPNkd0Z0Mwd3U4ZVEtXzM3VWQ0b2gyR25SRDJJX3paTC1iNmE5VTQ3RzdpY0V2cTVLOXlMbTZwT0NyZngtNkdpbm9Oak50RFFGenZXOWlLRS01RlMzeVo4NWhOVXYzNFh5T2JtYm9DZk02ajhobkdoYko5ODdxc1JjSTVSbm9JV1J3Vl9OeUo1VUVpaFBuMkhGcFE3N0txSElyMEdmMDZtRnFJbjVRNWxxZjI1ZElyMldpM2VjWWZ6ZGx0NmZhcFlqd0JQRGx5Q2JpN1hNeEZCRmVJRmFyOUg4OTNWanZnM2lFOXdpX05LTTVvaDdmTHVqdjRPdGMtUzhWRXBLX1NfeHVrSUZuZVlranRqNUVxT04wd3c5bm5ac1drWldZb09lcko2MkIzMlBBSDJONnotVnNETzB1WVRFXzQ0SEdtOW1XZEdVNHZPZThtUkYwNGtUWEZyVkt4azExVTZTa01UYVBiTWpiYnZKUGQ2ZTlXd3h6eG56Vzc3dWVjMm5UckV6QmVnaHc1d0l0dHQyMk9NVEdMbHhvTmZSUkxtRnpPelpWSnNvLXN5NEFtY1RIaUxYY1RQdnJXSVVCQXAwNVJNMXRJWlExRWV6OXhFZEtoU0J5cGEzWXJGemUtNGZfWDVaZmU5Y1MyeDlETlpfZHdsQnBFR0gxYlljWjJVckN3T3BzOTJFRFJqODVpY0c1TThaRUxIN2ZOYTJhZVB4Vkc3RWZYRXpqekpOMGtCX1AxaldJQlZwWDJJNFd6c1F2aGpMYVMxUHo4YkJwVEhweE9kZ2w3c3kxSHIyTTBlRWJEVTh0WGpEM3ZPNkJocjdmTVJ5UVQ2N3NsQUpIWU9LV2d4TjNRaHptZ20tcmN0VGNzSHB3WDRnTDVVZGhBWW9qRXJLb0lMOFcyZ0NUSWJKMHBLM21SZ3h4V2ZoWHBPNFBSMl84b3c3dXRHLV93aXNfb09tMEJ5YUVDLVdhRWgyOWZOcVpUbVg1RG1QZGVsaUtiRE5NS2dELXZPcG9kUkpPcFJ3SVdubThGM2V5Y1dyeHdZVjdzQmgxeFM5OXUza0hCanRuS2NneGRscXdiSFVOVS1lNFp6RWlyaEtkVHdlcGd4dUtHNXY2T2V1MjA0RWE2WDNnckU2QjB1YUsybzR6WWtRcXNlMm5aUXVabmE0a2R2YWl5LV92eU44LVVlX1dPa1RrV2xZYkpSR3ZncGJrSUlXM2JscXJzanNnSThNcmRXcnl4WVAxdkVJbk1YVHlnVmV4RlUxX0I0ZUpGcmtpc1lXZTZZZUVDd1pMWjlEYkp2VjkyYUNNa0Z4aVdGMEEtN0ZBdFZoeXZhWXFFX29aUzVJdE9oTXBkTklra0lVSkFWcVRDUHJJcDNjRk53aE14RkltNzFOY25wQTJmeWdHRlNMRHBPSmU4UXdEYVp3NmVnWmVSSmlJRncydGRYRlY2amJEZlpVSXJNR0YyYkRVcXI4ZlpsQkxpMHh4SFRVMjZseS12aFFFbW53SjJzaU50dVBOYjhRSVdMS2E1TDBtY1RpaXNIZ09oNnB2UWV1NS02NGJPY0FxWWQzQXNQUWFFX2FNQzBJX2tKUDJ5aldGWHduZHdhb0ZmWWZtWVNBWWtkT2M1MlJoRU9Gb1RzRTF6WFVTUHFBLTNKd3FCaGp5cm1PMjNBbVhERHhvVUVhWjhOTDdZbkUxNzVCRVExUnpxaUE3OVdldW9CNzBvejY1dGQ3Y0poeUtJNzRoNWhqeVpSX0VzQTBhM01SeXFsbWZpaUNpYkV1QWtfMW1zY0h5OWNabkpuWEdzbGU2UWRxTVJaYkhVd1JheTlNMExVclgzR21WaXkwQWUzWE5XRFNIV1lUckNyLUJiVk82N2dfX05PVnZsNkxpc3VQdGFxdl80dkNDd2NkMFBmd2FpdXdra1d3aC1hb0VDV2ZEcXVOUGxsRTY3MG91Yl9zcEd4bkhTUlVDMlBEOFFDaEprMmRVR3RTYlh1dkZZbUZCOE5hWHg0RGJHOTNxYnNmSTg5eEkteGw5QnktREtoLXIwaUlmQUpRbDg0aThnN2ZDLUx3eHUzS0FUaUVsY2czYmlrUkkzLWFkTDZwTkRvV3ZZdkE1UlduVXdnM0hSUmg4ZUt5V0lTMGRXTGV3WGlMTWUzeHFPM3c2aHkxa3YwUFlIQkZIMkpqUzBKRWJ4NjdaMVhzaDBEVWFfSG00b2FFU0U5OUhGOG5zRk5KOGJSa2p6Q0dJcDRZcVI5Q0lmeUtpaXBPalVIUS1fd0VKT0tNSlhHNzVzQjktaDRMTks0UXNyZ1d2dmNuekRKV21hRGd6THItTmcxNmZDTm9NZEpERkF2RGJWOVJJUTFlTndaTWZaT2lGdWpjMTNIc2VZdUxWM1JjeFpZRllETVBoMTZDdW1LU01YRjYwTy1CZDRDc3hhWFhlQzNmR3phYnM0UW15TDJqaHFTZDRpV2s1V25tX2Y4WW1HQlFYU2xqelN6YmxqalhtVFlkbGRFRC1MZW13cmIzSDVGQWtHMXBaYlJBSFpDYWtTYW9nbDNvanNUTmxVNll6VklRcTRHWTJ3S2xXLVIxalQwdzVLYmJEOHB4R1JRREpaRVFDVXF3dVh3dWNMdWpCSTZPRzA4Tks1VTBhUUtwMWVyNV96LVZoSkxMN0d4bm1fbUdPOW9JTFhNTjhrSzlPdlZVaTJKQ2pMTXhUdzRac0taa016MGlvSHozZURLVDhfY2Jwb3Fjd0VNWFYwbXRNNGRWeTRzLWVPWTBQZTJiN1JDdlItNnE1ZFhLczhCZkRnNnFONkpXV0FiLUc3Y2I2dUpLaUcxeDVJZUt2NDkwWmpObW1mZFk2WDBCaFpPMlZEbjJKYzBaQjdlSHlUNEJNcmNiVjdNRk5WemVZclJsd0NJWjQ3NXo2VjFXeHBTcnBDZkpoZnBNWkZTUUFDWm93R1JJRjlzcmRzTU1MTWJ6Rl9YbDlWV3g4U1U2RllNNExLWjZ2Q0pCaWxSQnAteTRvQndGV2xwc3liQVRTTDB2dlB5bnNwNXhmVUhZS2lmNFlNVG1hXzBYOTVQVlBhc3B4dFN0OGh6T3FmZ0dyUjRHcUhiMXdCLWhHbG5kN3FHY3VXRkJiSEJGcTJmUWVWdmUxdEZySjdab1RzRkFic2p3bWFQSEhlaVRBUV9Gdndtem9xcWZyWUVMWWhQNVFIQVN0SlNyUDVuY2ZaR3JDUjM5Y0g0S2xVSHRlOC1EcmlJQTZ5M053QW9WZm5ZbC01NTVpaHp2Vnl4R3ZrbjJRbzQ2MWhYc21xN3JUTFQxZFNVUFpkbnh6Q3ZyV2N0NENudm10ajlpNXBYZjI0b2gzRU5fTThTQ2gwSE9TWGFwWTVtVXBpNzdpQmZlLWRLYkZMeGYyWmQzYWMyNnI4SkdxNnBTdFg4NWJnTnhnRUttbXctenV1cHdFOFQzNk1XTUxwY2NqQnlFR2JxWTcyYkZHZEFaSVZ1MEY5LVh4RGJia3RXUFluaGRNR2ZTSmFzXzV5bnJkNXdDak9mWGlvcGpIQVRPVVdXZk9wamdvS0pwcWpQTnMxZ2w1MzBfZkNvcXIwVExQd01NU0xmTWxUOF9ra1FfM2JIWXNXLVhyMzNZQmVYWHpzd095aDNaS3NYN1B0bmhKeU9OalJqTnpUQVJzeEhCVS1UZ2lBcHczVjhpQkVoZTJZTFI5WlhKMnBndUNCX0oxcXhJUDZpRFhuMXFFMGpPWHZJUnlQUTNjQkZUV3FvREY4OEc1cTR0dXc0UjV1M0RoV3lRcTlST01pVV9rWElucUF3UEhhdVgyLWczN19pTzVWa1ZYUnplZUlKQ2lFQXRjeEw1eERvTDREZ2oxUXlidU1BNTRDS0dISTJUd09YZVB1cVBPbGFQUUhSUlJVbzctNTF6aWdYdldjZEMzWHBPSkJPRjdETnMxY003dWVTN25iTk15UlA1Z2d5R0l3SlUyR0lzM0JsVFlHWWFiaXVUMUI0M2Q0Y0RXbEtURVlqbnlDU0FDNE5ZMlRTUklxbnNOMldpMF9IeUpPSkZJRm5HQkNBVW14QUZ3YVhadUNxTmt2aXVVVkF2MUc2TlJIYkNrVng2RW91eTJNcWVxWWQwanV3ZkJIY00wMlAyQzBuVWFWNnJsZG41Rl9tUkwwNHRQclV0ZzdCbHdxanNpNjBUV01XYmRlNWJlZUhLYzM0VlJJVVJLVTRQY3Y2NktYdHhFclFNaXBzNnA2LS0yRDZtVld5VkZ2X1lsd1Rfcm9wa0dKZ19Ia1YzTDhKaWp1eWl2SEFlMkpOZWVaZ3k0c2t3QVRTU2JJZG9zb3V0V0JkbWpEalBYblJkRTlmYV9STTM5R3M1dGt2Y2FhOTJjang1RFJUc1Mybk9RdjVmeEFsaDBxVzNyakc4QjM3TDZZcm5tU0pwaDg2OXB3UXJTSkozSHpYZXBtelhPYjVwNVg2T3JhUXNBbFF6M3RFQmFiUlo2bFdBNENfcFlCMkxaelFwU1JaMlF3RGNwb2JTeWp5M3R0enJncHI0Mk01Z3NBLWpGNFdGM2s5RU11SXd4WHp4ZmlxY0pobHdxdWlfWmZwek5YeEgxMlRmdGkteTlzTE8xTkJjRXg4NFhKUUR2UWRhYnpyVDU5eExsVmxBLS02c1ZJQzhGS0hLMnNoVlhtNTc4dUJMQnhSV3ZVUHZUbnZYSlVlWktPUFBJcWZWeDlJMll1T0FZVHBtQ2VLdmdjeG1jdEpwVnNvRUxGQllZbTBhWnVxLWtJUjJSNjJ6Tno1TkVpdWJCOWxJZFE5WkdrcGRCaFlPRzlkZzhfSENtajZpMFp6c3l0ZXlxa0Fqc3RMNlA2UTVQaDdESG9UeTNqTHRIR1BqUHczYjFyV2NtMHhWeGtqWUtBQm9JTUdHWS1pdDVKME1YSlBNZkZmUFFvSExuaHJxa0dnZmIyTzJDY0wwaWlJV2xaR29Bd1hYeTFQUzlLbHVGY1FyNlF0ek9ob29KbU1WRWdFT3ZjdnlBODNqdnlTM05jUFMzNmZ0VjRpVFdyYnpVSm10Zjg0UF9YSTZOZkhQd1NGYldWV0lTcEh3VUVvX2FZeXJkUGRSNmdlbEd5TkpqOXpoM3BMNkV0cklJQ0RTSGRxM3N0Q3FIWGV0RGc1VmZfcUxacDhYQUc2ajZCSlVHMVV1RzgwU2d2RGFkZDBSSVliUWYxd1ZpR2NScE0tWEVGUF8zRC05Q3lXcTd4NHpPaU5scXV6Z2JTMXliNUgyZGhWS2JqMHlXZWZGMG9jcWl1NWNWcThxMGZQaWxIaGJ0d3daZ0Y0R3Q3Y3N3bmtSWHZSNk45enBjbjUteUlDZ0J3TDZVMXhCdmo5QXpiUnVRN05ad3lkcVM5d3ZOWFBma0Nld3ZrbVJ4c0hyWVBaX0luS2Q0LVZpbUcwZ3pUYUFjSldzM3FvWmJwcTRiMnVFSnJ6WEZKc0tTaVVfelJESVZCTDdlVWt5eHNFSDVUWjBFVXVodkVtbjVOdlJGYXV1N25UNXN1NW1fZ04wbTJDN0FPOXhBaklFVml3dlB0WGlZRS01M2pzSjBjSXNBOXN2LS1mMzRBNkxUYmdBZ1YxTmdTcXB5UDZscVpZTlZISmlHMjJwR3pOOXl4SlQtR0VOUG54VEJTVlY1VDU2WUJBbnFKeUdaWkhfWG5OTjBBYV9pSXUxUEk0VVR6c1hFUUU3NGdSbmlzMUU1RVQ5MlNJdURFOVh0LTh1OU5ScHhQcUUtVWIwVUF5ZHM5c1ZUOTdsZG1obTJWRUdKRGFnZjA5b202VHh4eEZ1bDJMWGNSSGdvRkp4dkxtTWhoYWh6QXdHbmpnSmJLaDZpc1B4SjVuUElZWWtpTzZRVGl0amQ5bkFlN2FSeDFDMnVQV21VcU9WQlVxTUJBUkdzdm1uWDF5NXhWd1R6dFBxclV3aVJhRFUwRG5zSlZpdktZcVRQWmZKbGJ6akdFdzlyYnZCZVNGZUtuQUd0N1VoX1hnc0o4MEdyX2JBWjZpeFd5X3doM0ExV0hNcDdmTTdQRWZyRU0yMU1NWWZfZXpaM2RNM0h0QW5BS05naXdSRTQtbTFoRnlyMVg1aWJPcVJXSHlQX0ZRc2lENEZfUE1WUERDbnBfbXlvVVc1b1dyd1N3S2U0aWY3VWVIWENqU1pDX0hKdGNOZWtveERBX1VZNnVTZy1NUEtwYXlVOGZ3VkwtYmlJbUZrOEtsSm45cmJTZGJSLXUtOFBWd0YtTDRlSGhTbXlXYmxNUzc5eFpKM1FpRjVLWTcyNGNzRzkyclk3VGFoQUNYTVNFaW53bG51M2k2RHBPQmhmTGJkWDdDWjdKWXhwcEZpNEJHWkdDRWZyanRoZGxKRlRNYWZsenJCZThPcHN6R1VMdGRVRzR5VjdKbWZ6Sjloak1GeFJxOW1pRlRRRlp4clJTU1pOa19LWWFIdEp0Um9vazlsQXBpMlNWYkdwY0NPTmJjNHlEMlhwenhQOGtkTjFiSE1GZmU1RVNKRzRsdXJkWXRHWGtCQ0xoQ2pqN2pvQ1FwS2tiOG9CSXRIUGNTUWItMFRDUFJ4cWFWOHU1M0QtNklIeUk1a3hsbFpzNFFfaVMzeEoyeEFNcGVrc1Q2bXJzQzdVbXZ5SmJMVk9TZ2FjZVZwWHBjSlFXQUFXY3BBQUVzQnlyTUs3VVNJUVowQ256eUNNRU9XQi1rN3hiSEttbDNfVEFyTk92c3huOGV1bzJRaVk2ajRxZzBWTWdxeUQyR0xxaUV3U2Q1WU9iLUpvakN3X2ZaZVhJWWtMLVFMUDczZnBOUlExNHlNTGRJNGpuUEFVOW1YRTVxT2VwVzBROFREZUNiZ2F1aXhxTEhjcVVTX0ROdGF3RFBYWGgwTmwzVFZzZmNQaXpNdU5uWXJGcGdYeTRqRldhSlpPSU4zb0Q1OXp0T1FsZU9xaFdvMmxOMHUzWDBGZFZmOVp6MXprNUg4X0VyeGd5bzlSemhvVmFiRkNKbS1XeXpZWEp1dEEwdDVpQlhRSFZ3dGRod01YemlYVFprZ3dTTjBDc0pnd2xWb3BvUzlaelNGYnNUTHdsNlpsdVU4SVVZUFBlOGV2YWs1RGFjNVFPZkp3RzFvcFo1eGFjRTVvUXBIYnlzbmV5M3QxV25pdWd5M0xfcGk0Z090dThzb0d3bnRaYWsxTnJoSk5VM3hpM1lqYzMzaDBqaGVKLXlvM1lIUEJyOEcySFlJNFA4MVBTTlFoQy1aa3dGMDA3WnlleHV5OUNJQ2ZzRkVzVHVUZGNLWDYwalhLdUVEeGtYaXN2ckpWRHNkWmNOTG9uemx6SEx4RlNVdmlNQW1hM1J3b19taHFhSF9ra292bWxiSTRPRW9Fb21TS1lhS0wzaURqTUFaOG9qV3ZvcHpTQkpqNFB2bERHbFVSQzNTNXk1T2lYbUNHZDA0LWVvMzBKRWtTUlZ5R3hNWUxiN2VBS2VyajRiSVA5eFI2RUZ4TmRTV1Q3ZlRkQ3pOWWNuTTJFWmVTTGhMdXh4RzBkcGx0aFgyVVNYMndyYk1jMlFFZHVRXzE0TEVmMlJNNWtSYi1QNGxmN0hYZ0ZYTHVLc0paNUdrUWNXLUdXcW1XTkl3VGtGLW5yRENfclg2TmY3TlBjNlJLT2FSb2pLcHp6b2hvQ014eW5CRkxRSnhnSElJdmxEOWNIODc4ejk5N2J6Z182c3pzQ2s4NTNpSHRkX0lTWWZDRzdUM1EtVU1qXzh3ZzRhV3hod2JDMVdSQW1pcGtiMk1fM0lObkk2Vm9xZXNlRU1iV0ZseDZDU29fM2ZqQlFsWExBd0JJY0poRGMtaVVjTFRKREhyUWhUdDVDV3VCUGlYcE10MDZhREFZYXExckZTeTJhOW9odC5EeWJFODR5OWhObDAxaWJDZFhRTXln"}'
    headers:
      Accept: [application/json]
      Accept-Encoding: ['gzip, deflate']
      Connection: [keep-alive]
      Content-Length: ['13281']
      Content-Type: [application/json; charset=utf-8]
      User-Agent: [python/3.6.2 (Windows-10-10.0.16299-SP0) requests/2.18.4 msrest/0.4.26
          msrest_azure/0.4.25 azure-keyvault/1.0.0b1 Azure-SDK-For-Python]
      accept-language: [en-US]
    method: POST
    uri: https://cli-test-keyvault-000002.vault.azure.net/keys/restore?api-version=7.0-preview
  response:
    body: {string: '{"key":{"kid":"https://cli-test-keyvault-000002.vault.azure.net/keys/key1/bd7dfc577bd14a20b25279c0da38600d","kty":"RSA","key_ops":["encrypt","decrypt"],"n":"58KyUIFSADFL2wXGVpgIoyDc5HX6o0V4c4IWT7700kQOdBob5KcTvbuiYAK131zdvbmeRlvXPI97d-CsH-u3XPQx27cYb6jpHJEKN-26c_DwBuxrsyLXkW4CHGPom-dI1_bCLqm77geusBAoLx-SE9Ml2LEm6z9ofQGPwD8LGoBIYfc54veeWhb6QiXb5uvJJxULbAthB9RCYweKaJq7F-SWsksRNjurHUtzeEOBRtj3EgDiIJl-B-1w9AcuJANRvUdNQDvpd1I5ubdRgOhLBxK-jpOWdXDGHrejhkSkrJhAoSTTu8OdYrJeLsjWnneQP2ZwP976_3_-yAXIu2sbmQ","e":"AQAB"},"attributes":{"enabled":true,"created":1522977514,"updated":1522977517,"recoveryLevel":"Purgeable"},"tags":{"test":"foo"}}'}
    headers:
      cache-control: [no-cache]
      content-length: ['635']
      content-type: [application/json; charset=utf-8]
      date: ['Fri, 06 Apr 2018 01:18:39 GMT']
      expires: ['-1']
      pragma: [no-cache]
      server: [Microsoft-IIS/8.5]
      strict-transport-security: [max-age=31536000;includeSubDomains]
      x-aspnet-version: [4.0.30319]
      x-content-type-options: [nosniff]
      x-ms-keyvault-network-info: [addr=167.220.0.218;act_addr_fam=InterNetwork;]
      x-ms-keyvault-region: [westus]
      x-ms-keyvault-service-version: [1.0.0.844]
      x-powered-by: [ASP.NET]
    status: {code: 200, message: OK}
- request:
    body: null
    headers:
      Accept: [application/json]
      Accept-Encoding: ['gzip, deflate']
      Connection: [keep-alive]
      Content-Type: [application/json; charset=utf-8]
      User-Agent: [python/3.6.2 (Windows-10-10.0.16299-SP0) requests/2.18.4 msrest/0.4.26
          msrest_azure/0.4.25 azure-keyvault/1.0.0b1 Azure-SDK-For-Python]
      accept-language: [en-US]
    method: GET
    uri: https://cli-test-keyvault-000002.vault.azure.net/keys/key1/versions?api-version=7.0-preview
  response:
    body: {string: '{"value":[{"kid":"https://cli-test-keyvault-000002.vault.azure.net/keys/key1/bd7dfc577bd14a20b25279c0da38600d","attributes":{"enabled":true,"created":1522977514,"updated":1522977517,"recoveryLevel":"Purgeable"},"tags":{"test":"foo"}},{"kid":"https://cli-test-keyvault-000002.vault.azure.net/keys/key1/e9a9f31b3b4f4a809cb5ac0a74d4d45d","attributes":{"enabled":true,"created":1522977513,"updated":1522977513,"recoveryLevel":"Purgeable"}}],"nextLink":null}'}
    headers:
      cache-control: [no-cache]
      content-length: ['453']
      content-type: [application/json; charset=utf-8]
      date: ['Fri, 06 Apr 2018 01:18:40 GMT']
      expires: ['-1']
      pragma: [no-cache]
      server: [Microsoft-IIS/8.5]
      strict-transport-security: [max-age=31536000;includeSubDomains]
      x-aspnet-version: [4.0.30319]
      x-content-type-options: [nosniff]
      x-ms-keyvault-network-info: [addr=167.220.0.218;act_addr_fam=InterNetwork;]
      x-ms-keyvault-region: [westus]
      x-ms-keyvault-service-version: [1.0.0.844]
      x-powered-by: [ASP.NET]
    status: {code: 200, message: OK}
- request:
    body: '{"Hsm": false, "key": {"kty": "RSA", "n": "AM1NAXrGowNPjl4x_2zKPXSjH--EDC2EDtFJYUKIrr9eRlBPh72nilzS3jnrg5jUqtqPlQ07COgMq-N3N7yPyXdH3FOYFWpi3pMQ5oHZOMmZAWRzpVBWgnUXsOwpUyCk33lvRKFXgn7vs5ZKRqDj5LKLUqnPZlrUthm5ztprwS-1",
      "e": "AQAB", "d": "aY2BCD3ejBI4MWflWmq0pCZGgh_THwe5kpL2xX1-0vdGkX4CXVkpg0YLaZ4T_9y_pzWRPccvchcpvP6LkpAe1R_jsmfP8QedT2yDTf4T-mE1hyl4D5zyObHjQ-g6uUMT6FpeTgoSkcU90PK-lF31igCitfVgeSNIC7Fq-9ZywWE",
      "dp": "OWxWym28y_4zUTOnaqxaUh3MLmR8M36lAhWZeWo1fcanHjD5GMB9yXSxSwH8wsiQg85EuGC7SMwwzMj49wF-tQ",
      "dq": "ALrLoROF51P2590NuLe_9fIk52xGn4y8gJy4RnBOS_kZK8vovLIVvQTIYeb-qlBaGR7K8YugnoKBTZpkjbhnVUk",
      "qi": "AM5DzFUUIHcmr3ei8K_Zob3s77aBWvQASGEsxuSNBf0Euh1raEEYLK5fZBoLzRL2SD2hRgmptcltLcZJ7zs59hM",
      "p": "APLv_Xe805-80_tsAX4jFYH6Dj-Rpqlenjq1nER6NMhtJpGG67focXb6A3cntR4_WRinHefdBqbvJ1Swyb7lcD0",
      "q": "ANhW82o27OBdW0x-m5r5Eoa6kW8flyFv6p2zrRrO3bNlSHKkCMDOXPGNWL6gSp-iz-Z3f6gQJr1Y0gDHYe99_Nk"},
      "attributes": {"enabled": true}}'
    headers:
      Accept: [application/json]
      Accept-Encoding: ['gzip, deflate']
      Connection: [keep-alive]
      Content-Length: ['926']
      Content-Type: [application/json; charset=utf-8]
      User-Agent: [python/3.6.2 (Windows-10-10.0.16299-SP0) requests/2.18.4 msrest/0.4.26
          msrest_azure/0.4.25 azure-keyvault/1.0.0b1 Azure-SDK-For-Python]
      accept-language: [en-US]
    method: PUT
    uri: https://cli-test-keyvault-000002.vault.azure.net/keys/import-key-plain?api-version=7.0-preview
  response:
    body: {string: '{"key":{"kid":"https://cli-test-keyvault-000002.vault.azure.net/keys/import-key-plain/a1b246a8d29046aaa5bd7a705711647e","kty":"RSA","key_ops":["encrypt","decrypt","sign","verify","wrapKey","unwrapKey"],"n":"AM1NAXrGowNPjl4x_2zKPXSjH--EDC2EDtFJYUKIrr9eRlBPh72nilzS3jnrg5jUqtqPlQ07COgMq-N3N7yPyXdH3FOYFWpi3pMQ5oHZOMmZAWRzpVBWgnUXsOwpUyCk33lvRKFXgn7vs5ZKRqDj5LKLUqnPZlrUthm5ztprwS-1","e":"AQAB"},"attributes":{"enabled":true,"created":1522977521,"updated":1522977521,"recoveryLevel":"Purgeable"}}'}
    headers:
      cache-control: [no-cache]
      content-length: ['493']
      content-type: [application/json; charset=utf-8]
      date: ['Fri, 06 Apr 2018 01:18:41 GMT']
      expires: ['-1']
      pragma: [no-cache]
      server: [Microsoft-IIS/8.5]
      strict-transport-security: [max-age=31536000;includeSubDomains]
      x-aspnet-version: [4.0.30319]
      x-content-type-options: [nosniff]
      x-ms-keyvault-network-info: [addr=167.220.0.218;act_addr_fam=InterNetwork;]
      x-ms-keyvault-region: [westus]
      x-ms-keyvault-service-version: [1.0.0.844]
      x-powered-by: [ASP.NET]
    status: {code: 200, message: OK}
- request:
    body: '{"Hsm": false, "key": {"kty": "RSA", "n": "AKpB7z0jIj6FOUZyyNr-xFuTL3x3Dmy_0CaPN6ploCgm2mhRt80DS6ySglgkFLT9qLwdWa9f4KZe5jvjV2PluC38wDLfj66kdaAAytS12Q2a7Fb4Uzd1kKFFA5xsLurUWo8BEvrjjBrrZAnplu941ykA4REse2xE5Q_GG8Snx7SOmJMfGAcIU7LhS1pnL5-BL3ixkAcDF2X8EIpdajTC3GbFRmZaTZLn6SxtATuezBE6OvddCt6tgiLPN5ocpWOngo6gHlbV_UIuZbeDM_IH11eXLAzNrO8POC9Lc_P1aWgvK0KoMgdere89CzDjyAhJDg5kPFiJ0nwHKuycNkKDuaE",
      "e": "AQAB", "d": "U8ohMChjSPuNpXMGEGjDQAIeo5WAHtsDWIaxMYXUHQ6J_D8DQrz1eBeeWDxhiHUxnmqfYaTAzX_0tNJ8hqheTRuPhzno310GmljpeWeJS53L5D1PzwJnzEZHsaq4KE-bxbcUnS5xHCpuUEaKRo5k7UQGf8oxb6Y0SOAJeG3N5bhdgwQP7CiLFktZ_I1Y18teLBjAQbY53sGwTRTVOTcPRGXHDfxo_MVFNU4J6Lk_rr996-J6eO-m0e8mJDloPJ22lS3rNu50Uz4Bki59HDlrQ2SIuNPTtKK1sNccQ4kpogAw46zjk0mR8Q-Xsu82ocNvWE-z7_-4bRsTnw8sRpQ0xQ",
      "dp": "ANsen1THZ3WXk3X6og7pi1nWuFhesWF6LxApnlo2bDA3EIJQ5TjGMLUfUR45-zEkotPQ9865KUA9X73uf4GAXdMEiEzDrvpf7wkqIFx8UYLAEIclPmtyBoS6plzBmum4b4c34MUI9LVBbdjyomEkZUtBc9nudBg875w51lyoPjZz",
      "dq": "L2a7wSmjthwVpZODP4P_2a4Fnw0qt31NF25340qmcWcvgVVtyvpzXHkuRFFcsF3C-9bYfMSa8g6locSbW_2FniFVZXuomxnh7IJLEZWdRdsVzjCUdxeBHWRx1ATV0cYfO_QsJBVyYWX3Ckyh7su9Lld6izBlhK6tu_VxKelXREM",
      "qi": "AJThs8HPMV2J2NX7UjjkBQJ-ZwK5c_9gQzCFLtCnvjqX4qughFu21Kol8v55qThLcmKlxpjfojQOyisMIJxCcGsY0Il4pH2LCIA5YRgn12wUX_iaR5XBqFDXWYFh22mmZ-2ILwj-advBzZfslC8b7XpWb4Nylfm2AcgYs75BXhCJ",
      "p": "AOK-ubu5LtLwQpq3gS40NYwvblm1AmwDDtsw7IdE07BRjo8rcmtMxzF2ro2oHy99gP15DEyHil0VqWP9tbre_DfW4XeLuzH12AL6zc-3K0BDmPy8sVrpy-RXJQLn-e8gIssQ4kgs0341NwsMkHLS4zkCVjdQThauNPsWKlTGH9KL",
      "q": "AMA5dNKjhUNVzgBuIw5CrcxLU6vV5FpKrosa7yA-gLi6LFSKTmrdVI5SEOjqE6NW8FPLSaMIcEHLoEQWMdgQX3tNb-1C7Y7Hcw53RecT5L7qqEdyfYwkLucDK-7vMMhqFavQSiNZhcmLpFGbCSGHhBiYVleEtTvNKIO3qGxDPwYD"},
      "attributes": {"enabled": true}}'
    headers:
      Accept: [application/json]
      Accept-Encoding: ['gzip, deflate']
      Connection: [keep-alive]
      Content-Length: ['1693']
      Content-Type: [application/json; charset=utf-8]
      User-Agent: [python/3.6.2 (Windows-10-10.0.16299-SP0) requests/2.18.4 msrest/0.4.26
          msrest_azure/0.4.25 azure-keyvault/1.0.0b1 Azure-SDK-For-Python]
      accept-language: [en-US]
    method: PUT
    uri: https://cli-test-keyvault-000002.vault.azure.net/keys/import-key-encrypted?api-version=7.0-preview
  response:
    body: {string: '{"key":{"kid":"https://cli-test-keyvault-000002.vault.azure.net/keys/import-key-encrypted/aa783a503da24866aa472584a91fcc6c","kty":"RSA","key_ops":["encrypt","decrypt","sign","verify","wrapKey","unwrapKey"],"n":"AKpB7z0jIj6FOUZyyNr-xFuTL3x3Dmy_0CaPN6ploCgm2mhRt80DS6ySglgkFLT9qLwdWa9f4KZe5jvjV2PluC38wDLfj66kdaAAytS12Q2a7Fb4Uzd1kKFFA5xsLurUWo8BEvrjjBrrZAnplu941ykA4REse2xE5Q_GG8Snx7SOmJMfGAcIU7LhS1pnL5-BL3ixkAcDF2X8EIpdajTC3GbFRmZaTZLn6SxtATuezBE6OvddCt6tgiLPN5ocpWOngo6gHlbV_UIuZbeDM_IH11eXLAzNrO8POC9Lc_P1aWgvK0KoMgdere89CzDjyAhJDg5kPFiJ0nwHKuycNkKDuaE","e":"AQAB"},"attributes":{"enabled":true,"created":1522977521,"updated":1522977521,"recoveryLevel":"Purgeable"}}'}
    headers:
      cache-control: [no-cache]
      content-length: ['668']
      content-type: [application/json; charset=utf-8]
      date: ['Fri, 06 Apr 2018 01:18:41 GMT']
      expires: ['-1']
      pragma: [no-cache]
      server: [Microsoft-IIS/8.5]
      strict-transport-security: [max-age=31536000;includeSubDomains]
      x-aspnet-version: [4.0.30319]
      x-content-type-options: [nosniff]
      x-ms-keyvault-network-info: [addr=167.220.0.218;act_addr_fam=InterNetwork;]
      x-ms-keyvault-region: [westus]
      x-ms-keyvault-service-version: [1.0.0.844]
      x-powered-by: [ASP.NET]
    status: {code: 200, message: OK}
- request:
    body: null
    headers:
      Accept: [application/json]
      Accept-Encoding: ['gzip, deflate']
      CommandName: [group delete]
      Connection: [keep-alive]
      Content-Length: ['0']
      Content-Type: [application/json; charset=utf-8]
      User-Agent: [python/3.6.2 (Windows-10-10.0.16299-SP0) requests/2.18.4 msrest/0.4.26
          msrest_azure/0.4.25 resourcemanagementclient/1.2.1 Azure-SDK-For-Python
          AZURECLI/2.0.31]
      accept-language: [en-US]
    method: DELETE
    uri: https://management.azure.com/subscriptions/00000000-0000-0000-0000-000000000000/resourcegroups/cli_test_keyvault_key000001?api-version=2017-05-10
  response:
    body: {string: ''}
    headers:
      cache-control: [no-cache]
      content-length: ['0']
      date: ['Fri, 06 Apr 2018 01:18:42 GMT']
      expires: ['-1']
      location: ['https://management.azure.com/subscriptions/00000000-0000-0000-0000-000000000000/operationresults/eyJqb2JJZCI6IlJFU09VUkNFR1JPVVBERUxFVElPTkpPQi1DTEk6NUZURVNUOjVGS0VZVkFVTFQ6NUZLRVkzQzY2Skw0UEVMMzY1NkFaVjNJSnxERTVFNjdGMzZCQjVEMDk0LVdFU1RVUyIsImpvYkxvY2F0aW9uIjoid2VzdHVzIn0?api-version=2017-05-10']
      pragma: [no-cache]
      strict-transport-security: [max-age=31536000; includeSubDomains]
      x-content-type-options: [nosniff]
      x-ms-ratelimit-remaining-subscription-writes: ['1199']
    status: {code: 202, message: Accepted}
version: 1
