interactions:
- request:
    body: '{"location": "northeurope", "tags": {"product": "azurecli", "cause": "automation",
      "date": "2018-08-28T19:14:35Z"}}'
    headers:
      Accept: [application/json]
      Accept-Encoding: ['gzip, deflate']
      CommandName: [group create]
      Connection: [keep-alive]
      Content-Length: ['115']
      Content-Type: [application/json; charset=utf-8]
      User-Agent: [python/3.6.5 (Windows-10-10.0.17134-SP0) requests/2.19.1 msrest/0.5.4
          msrest_azure/0.4.34 resourcemanagementclient/2.0.0 Azure-SDK-For-Python
          AZURECLI/2.0.45]
      accept-language: [en-US]
    method: PUT
    uri: https://management.azure.com/subscriptions/00000000-0000-0000-0000-000000000000/resourcegroups/clitest.rg000001?api-version=2018-05-01
  response:
    body: {string: '{"id":"/subscriptions/00000000-0000-0000-0000-000000000000/resourceGroups/clitest.rg000001","name":"clitest.rg000001","location":"northeurope","tags":{"product":"azurecli","cause":"automation","date":"2018-08-28T19:14:35Z"},"properties":{"provisioningState":"Succeeded"}}'}
    headers:
      cache-control: [no-cache]
      content-length: ['389']
      content-type: [application/json; charset=utf-8]
      date: ['Tue, 28 Aug 2018 19:14:38 GMT']
      expires: ['-1']
      pragma: [no-cache]
      strict-transport-security: [max-age=31536000; includeSubDomains]
      x-content-type-options: [nosniff]
      x-ms-ratelimit-remaining-subscription-writes: ['1199']
    status: {code: 201, message: Created}
- request:
    body: '{"sku": {"name": "Standard_LRS"}, "kind": "Storage", "location": "northeurope",
      "properties": {"supportsHttpsTrafficOnly": false, "isHnsEnabled": false}}'
    headers:
      Accept: [application/json]
      Accept-Encoding: ['gzip, deflate']
      CommandName: [storage account create]
      Connection: [keep-alive]
      Content-Length: ['153']
      Content-Type: [application/json; charset=utf-8]
      User-Agent: [python/3.6.5 (Windows-10-10.0.17134-SP0) requests/2.19.1 msrest/0.5.4
          msrest_azure/0.4.34 azure-mgmt-storage/2.0.0rc4 Azure-SDK-For-Python AZURECLI/2.0.45]
      accept-language: [en-US]
    method: PUT
    uri: https://management.azure.com/subscriptions/00000000-0000-0000-0000-000000000000/resourceGroups/clitest.rg000001/providers/Microsoft.Storage/storageAccounts/clibatchteststorage1?api-version=2018-03-01-preview
  response:
    body: {string: ''}
    headers:
      cache-control: [no-cache]
      content-length: ['0']
      content-type: [text/plain; charset=utf-8]
      date: ['Tue, 28 Aug 2018 19:14:41 GMT']
      expires: ['-1']
      location: ['https://management.azure.com/subscriptions/00000000-0000-0000-0000-000000000000/providers/Microsoft.Storage/locations/northeurope/asyncoperations/adb0284d-e90a-4c2d-b063-c8454e419781?monitor=true&api-version=2018-03-01-preview']
      pragma: [no-cache]
      server: ['Microsoft-Azure-Storage-Resource-Provider/1.0,Microsoft-HTTPAPI/2.0
          Microsoft-HTTPAPI/2.0']
      strict-transport-security: [max-age=31536000; includeSubDomains]
      x-content-type-options: [nosniff]
      x-ms-ratelimit-remaining-subscription-writes: ['1197']
    status: {code: 202, message: Accepted}
- request:
    body: null
    headers:
      Accept: [application/json]
      Accept-Encoding: ['gzip, deflate']
      CommandName: [storage account create]
      Connection: [keep-alive]
      User-Agent: [python/3.6.5 (Windows-10-10.0.17134-SP0) requests/2.19.1 msrest/0.5.4
          msrest_azure/0.4.34 azure-mgmt-storage/2.0.0rc4 Azure-SDK-For-Python AZURECLI/2.0.45]
    method: GET
    uri: https://management.azure.com/subscriptions/00000000-0000-0000-0000-000000000000/providers/Microsoft.Storage/locations/northeurope/asyncoperations/adb0284d-e90a-4c2d-b063-c8454e419781?monitor=true&api-version=2018-03-01-preview
  response:
    body: {string: ''}
    headers:
      cache-control: [no-cache]
      content-length: ['0']
      content-type: [text/plain; charset=utf-8]
      date: ['Tue, 28 Aug 2018 19:14:59 GMT']
      expires: ['-1']
      location: ['https://management.azure.com/subscriptions/00000000-0000-0000-0000-000000000000/providers/Microsoft.Storage/locations/northeurope/asyncoperations/adb0284d-e90a-4c2d-b063-c8454e419781?monitor=true&api-version=2018-03-01-preview']
      pragma: [no-cache]
      server: ['Microsoft-Azure-Storage-Resource-Provider/1.0,Microsoft-HTTPAPI/2.0
          Microsoft-HTTPAPI/2.0']
      strict-transport-security: [max-age=31536000; includeSubDomains]
      x-content-type-options: [nosniff]
    status: {code: 202, message: Accepted}
- request:
    body: null
    headers:
      Accept: [application/json]
      Accept-Encoding: ['gzip, deflate']
      CommandName: [storage account create]
      Connection: [keep-alive]
      User-Agent: [python/3.6.5 (Windows-10-10.0.17134-SP0) requests/2.19.1 msrest/0.5.4
          msrest_azure/0.4.34 azure-mgmt-storage/2.0.0rc4 Azure-SDK-For-Python AZURECLI/2.0.45]
    method: GET
    uri: https://management.azure.com/subscriptions/00000000-0000-0000-0000-000000000000/providers/Microsoft.Storage/locations/northeurope/asyncoperations/adb0284d-e90a-4c2d-b063-c8454e419781?monitor=true&api-version=2018-03-01-preview
  response:
    body: {string: '{"sku":{"name":"Standard_LRS","tier":"Standard"},"kind":"Storage","id":"/subscriptions/00000000-0000-0000-0000-000000000000/resourceGroups/clitest.rg000001/providers/Microsoft.Storage/storageAccounts/clibatchteststorage1","name":"clibatchteststorage1","type":"Microsoft.Storage/storageAccounts","location":"northeurope","tags":{},"properties":{"isHnsEnabled":false,"networkAcls":{"bypass":"AzureServices","virtualNetworkRules":[],"ipRules":[],"defaultAction":"Allow"},"trustedDirectories":["72f988bf-86f1-41af-91ab-2d7cd011db47"],"supportsHttpsTrafficOnly":false,"encryption":{"services":{"file":{"enabled":true,"lastEnabledTime":"2018-08-28T19:14:41.9524678Z"},"blob":{"enabled":true,"lastEnabledTime":"2018-08-28T19:14:41.9524678Z"}},"keySource":"Microsoft.Storage"},"provisioningState":"Succeeded","creationTime":"2018-08-28T19:14:41.8118411Z","primaryEndpoints":{"blob":"https://clibatchteststorage1.blob.core.windows.net/","queue":"https://clibatchteststorage1.queue.core.windows.net/","table":"https://clibatchteststorage1.table.core.windows.net/","file":"https://clibatchteststorage1.file.core.windows.net/"},"primaryLocation":"northeurope","statusOfPrimary":"available"}}'}
    headers:
      cache-control: [no-cache]
      content-length: ['1238']
      content-type: [application/json]
      date: ['Tue, 28 Aug 2018 19:15:17 GMT']
      expires: ['-1']
      pragma: [no-cache]
      server: ['Microsoft-Azure-Storage-Resource-Provider/1.0,Microsoft-HTTPAPI/2.0
          Microsoft-HTTPAPI/2.0']
      strict-transport-security: [max-age=31536000; includeSubDomains]
      transfer-encoding: [chunked]
      vary: [Accept-Encoding]
      x-content-type-options: [nosniff]
    status: {code: 200, message: OK}
- request:
    body: '{"location": "northeurope"}'
    headers:
      Accept: [application/json]
      Accept-Encoding: ['gzip, deflate']
      CommandName: [batch account create]
      Connection: [keep-alive]
      Content-Length: ['27']
      Content-Type: [application/json; charset=utf-8]
      User-Agent: [python/3.6.5 (Windows-10-10.0.17134-SP0) requests/2.19.1 msrest/0.5.4
          msrest_azure/0.4.34 azure-mgmt-batch/5.0.1 Azure-SDK-For-Python AZURECLI/2.0.45]
      accept-language: [en-US]
    method: PUT
    uri: https://management.azure.com/subscriptions/00000000-0000-0000-0000-000000000000/resourceGroups/clitest.rg000001/providers/Microsoft.Batch/batchAccounts/clibatchtest1?api-version=2017-09-01
  response:
    body: {string: ''}
    headers:
      cache-control: [no-cache]
      content-length: ['0']
      date: ['Tue, 28 Aug 2018 19:15:22 GMT']
      expires: ['-1']
      location: ['https://management.azure.com/subscriptions/00000000-0000-0000-0000-000000000000/resourceGroups/clitest.rg000001/providers/Microsoft.Batch/batchAccounts/clibatchtest1/operationResults/32c846e1-1ec4-42e7-bddc-a43e9c8732e7?api-version=2017-09-01']
      pragma: [no-cache]
      server: [Microsoft-HTTPAPI/2.0]
      strict-transport-security: [max-age=31536000; includeSubDomains]
      x-content-type-options: [nosniff]
      x-ms-ratelimit-remaining-subscription-writes: ['1198']
    status: {code: 202, message: Accepted}
- request:
    body: null
    headers:
      Accept: [application/json]
      Accept-Encoding: ['gzip, deflate']
      CommandName: [batch account create]
      Connection: [keep-alive]
      Content-Type: [application/json; charset=utf-8]
      User-Agent: [python/3.6.5 (Windows-10-10.0.17134-SP0) requests/2.19.1 msrest/0.5.4
          msrest_azure/0.4.34 azure-mgmt-batch/5.0.1 Azure-SDK-For-Python AZURECLI/2.0.45]
      accept-language: [en-US]
    method: GET
    uri: https://management.azure.com/subscriptions/00000000-0000-0000-0000-000000000000/resourceGroups/clitest.rg000001/providers/Microsoft.Batch/batchAccounts/clibatchtest1/operationResults/32c846e1-1ec4-42e7-bddc-a43e9c8732e7?api-version=2017-09-01
  response:
    body: {string: '{"id":"/subscriptions/00000000-0000-0000-0000-000000000000/resourceGroups/clitest.rg000001/providers/Microsoft.Batch/batchAccounts/clibatchtest1","name":"clibatchtest1","type":"Microsoft.Batch/batchAccounts","location":"northeurope","properties":{"accountEndpoint":"clibatchtest1.northeurope.batch.azure.com","provisioningState":"Succeeded","dedicatedCoreQuota":20,"lowPriorityCoreQuota":100,"poolQuota":100,"activeJobAndJobScheduleQuota":300,"poolAllocationMode":"BatchService"}}'}
    headers:
      cache-control: [no-cache]
      content-length: ['539']
      content-type: [application/json; charset=utf-8]
      date: ['Tue, 28 Aug 2018 19:15:37 GMT']
      etag: ['"0x8D60D1AA3596EF1"']
      expires: ['-1']
      last-modified: ['Tue, 28 Aug 2018 19:15:38 GMT']
      pragma: [no-cache]
      server: [Microsoft-HTTPAPI/2.0]
      strict-transport-security: [max-age=31536000; includeSubDomains]
      transfer-encoding: [chunked]
      vary: [Accept-Encoding]
      x-content-type-options: [nosniff]
    status: {code: 200, message: OK}
- request:
    body: null
    headers:
      Accept: [application/json]
      Accept-Encoding: ['gzip, deflate']
      CommandName: [batch account set]
      Connection: [keep-alive]
      Content-Type: [application/json; charset=utf-8]
      User-Agent: [python/3.6.5 (Windows-10-10.0.17134-SP0) requests/2.19.1 msrest/0.5.4
          msrest_azure/0.4.34 azure-mgmt-storage/2.0.0rc4 Azure-SDK-For-Python AZURECLI/2.0.45]
      accept-language: [en-US]
    method: GET
    uri: https://management.azure.com/subscriptions/00000000-0000-0000-0000-000000000000/resourceGroups/clitest.rg000001/providers/Microsoft.Storage/storageAccounts/clibatchteststorage1?api-version=2018-03-01-preview
  response:
    body: {string: '{"sku":{"name":"Standard_LRS","tier":"Standard"},"kind":"Storage","id":"/subscriptions/00000000-0000-0000-0000-000000000000/resourceGroups/clitest.rg000001/providers/Microsoft.Storage/storageAccounts/clibatchteststorage1","name":"clibatchteststorage1","type":"Microsoft.Storage/storageAccounts","location":"northeurope","tags":{},"properties":{"isHnsEnabled":false,"networkAcls":{"bypass":"AzureServices","virtualNetworkRules":[],"ipRules":[],"defaultAction":"Allow"},"trustedDirectories":["72f988bf-86f1-41af-91ab-2d7cd011db47"],"supportsHttpsTrafficOnly":false,"encryption":{"services":{"file":{"enabled":true,"lastEnabledTime":"2018-08-28T19:14:41.9524678Z"},"blob":{"enabled":true,"lastEnabledTime":"2018-08-28T19:14:41.9524678Z"}},"keySource":"Microsoft.Storage"},"provisioningState":"Succeeded","creationTime":"2018-08-28T19:14:41.8118411Z","primaryEndpoints":{"blob":"https://clibatchteststorage1.blob.core.windows.net/","queue":"https://clibatchteststorage1.queue.core.windows.net/","table":"https://clibatchteststorage1.table.core.windows.net/","file":"https://clibatchteststorage1.file.core.windows.net/"},"primaryLocation":"northeurope","statusOfPrimary":"available"}}'}
    headers:
      cache-control: [no-cache]
      content-length: ['1238']
      content-type: [application/json]
      date: ['Tue, 28 Aug 2018 19:17:18 GMT']
      expires: ['-1']
      pragma: [no-cache]
      server: ['Microsoft-Azure-Storage-Resource-Provider/1.0,Microsoft-HTTPAPI/2.0
          Microsoft-HTTPAPI/2.0']
      strict-transport-security: [max-age=31536000; includeSubDomains]
      transfer-encoding: [chunked]
      vary: [Accept-Encoding]
      x-content-type-options: [nosniff]
    status: {code: 200, message: OK}
- request:
    body: 'b''{"properties": {"autoStorage": {"storageAccountId": "/subscriptions/00000000-0000-0000-0000-000000000000/resourceGroups/clitest.rg000001/providers/Microsoft.Storage/storageAccounts/clibatchteststorage1"}}}'''
    headers:
      Accept: [application/json]
      Accept-Encoding: ['gzip, deflate']
      CommandName: [batch account set]
      Connection: [keep-alive]
      Content-Length: ['264']
      Content-Type: [application/json; charset=utf-8]
      User-Agent: [python/3.6.5 (Windows-10-10.0.17134-SP0) requests/2.19.1 msrest/0.5.4
          msrest_azure/0.4.34 azure-mgmt-batch/5.0.1 Azure-SDK-For-Python AZURECLI/2.0.45]
      accept-language: [en-US]
    method: PATCH
    uri: https://management.azure.com/subscriptions/00000000-0000-0000-0000-000000000000/resourceGroups/clitest.rg000001/providers/Microsoft.Batch/batchAccounts/clibatchtest1?api-version=2017-09-01
  response:
    body: {string: '{"id":"/subscriptions/00000000-0000-0000-0000-000000000000/resourceGroups/clitest.rg000001/providers/Microsoft.Batch/batchAccounts/clibatchtest1","name":"clibatchtest1","type":"Microsoft.Batch/batchAccounts","location":"northeurope","properties":{"accountEndpoint":"clibatchtest1.northeurope.batch.azure.com","provisioningState":"Succeeded","dedicatedCoreQuota":20,"lowPriorityCoreQuota":100,"poolQuota":100,"activeJobAndJobScheduleQuota":300,"autoStorage":{"storageAccountId":"/subscriptions/00000000-0000-0000-0000-000000000000/resourceGroups/clitest.rg000001/providers/Microsoft.Storage/storageAccounts/clibatchteststorage1","lastKeySync":"2018-08-28T19:17:19.9555252Z"},"poolAllocationMode":"BatchService"}}'}
    headers:
      cache-control: [no-cache]
      content-length: ['829']
      content-type: [application/json; charset=utf-8]
      date: ['Tue, 28 Aug 2018 19:17:20 GMT']
      etag: ['"0x8D60D1AE01B71BB"']
      expires: ['-1']
      last-modified: ['Tue, 28 Aug 2018 19:17:19 GMT']
      pragma: [no-cache]
      server: [Microsoft-HTTPAPI/2.0]
      strict-transport-security: [max-age=31536000; includeSubDomains]
      transfer-encoding: [chunked]
      vary: [Accept-Encoding]
      x-content-type-options: [nosniff]
      x-ms-ratelimit-remaining-subscription-writes: ['1199']
    status: {code: 200, message: OK}
- request:
    body: null
    headers:
      Accept: [application/json]
      Accept-Encoding: ['gzip, deflate']
      CommandName: [batch account show]
      Connection: [keep-alive]
      Content-Type: [application/json; charset=utf-8]
      User-Agent: [python/3.6.5 (Windows-10-10.0.17134-SP0) requests/2.19.1 msrest/0.5.4
          msrest_azure/0.4.34 azure-mgmt-batch/5.0.1 Azure-SDK-For-Python AZURECLI/2.0.45]
      accept-language: [en-US]
    method: GET
    uri: https://management.azure.com/subscriptions/00000000-0000-0000-0000-000000000000/resourceGroups/clitest.rg000001/providers/Microsoft.Batch/batchAccounts/clibatchtest1?api-version=2017-09-01
  response:
    body: {string: '{"id":"/subscriptions/00000000-0000-0000-0000-000000000000/resourceGroups/clitest.rg000001/providers/Microsoft.Batch/batchAccounts/clibatchtest1","name":"clibatchtest1","type":"Microsoft.Batch/batchAccounts","location":"northeurope","properties":{"accountEndpoint":"clibatchtest1.northeurope.batch.azure.com","provisioningState":"Succeeded","dedicatedCoreQuota":20,"lowPriorityCoreQuota":100,"poolQuota":100,"activeJobAndJobScheduleQuota":300,"autoStorage":{"storageAccountId":"/subscriptions/00000000-0000-0000-0000-000000000000/resourceGroups/clitest.rg000001/providers/Microsoft.Storage/storageAccounts/clibatchteststorage1","lastKeySync":"2018-08-28T19:17:19.9555252Z"},"poolAllocationMode":"BatchService"}}'}
    headers:
      cache-control: [no-cache]
      content-length: ['829']
      content-type: [application/json; charset=utf-8]
      date: ['Tue, 28 Aug 2018 19:17:19 GMT']
      etag: ['"0x8D60D1AE01916B4"']
      expires: ['-1']
      last-modified: ['Tue, 28 Aug 2018 19:17:19 GMT']
      pragma: [no-cache]
      server: [Microsoft-HTTPAPI/2.0]
      strict-transport-security: [max-age=31536000; includeSubDomains]
      transfer-encoding: [chunked]
      vary: [Accept-Encoding]
      x-content-type-options: [nosniff]
    status: {code: 200, message: OK}
- request:
    body: null
    headers:
      Accept: [application/json]
      Accept-Encoding: ['gzip, deflate']
      CommandName: [batch account autostorage-keys sync]
      Connection: [keep-alive]
      Content-Length: ['0']
      Content-Type: [application/json; charset=utf-8]
      User-Agent: [python/3.6.5 (Windows-10-10.0.17134-SP0) requests/2.19.1 msrest/0.5.4
          msrest_azure/0.4.34 azure-mgmt-batch/5.0.1 Azure-SDK-For-Python AZURECLI/2.0.45]
      accept-language: [en-US]
    method: POST
    uri: https://management.azure.com/subscriptions/00000000-0000-0000-0000-000000000000/resourceGroups/clitest.rg000001/providers/Microsoft.Batch/batchAccounts/clibatchtest1/syncAutoStorageKeys?api-version=2017-09-01
  response:
    body: {string: ''}
    headers:
      cache-control: [no-cache]
      date: ['Tue, 28 Aug 2018 19:17:22 GMT']
      expires: ['-1']
      pragma: [no-cache]
      server: [Microsoft-HTTPAPI/2.0]
      strict-transport-security: [max-age=31536000; includeSubDomains]
      x-content-type-options: [nosniff]
      x-ms-ratelimit-remaining-subscription-writes: ['1195']
    status: {code: 204, message: No Content}
- request:
    body: null
    headers:
      Accept: [application/json]
      Accept-Encoding: ['gzip, deflate']
      CommandName: [batch account keys list]
      Connection: [keep-alive]
      Content-Length: ['0']
      Content-Type: [application/json; charset=utf-8]
      User-Agent: [python/3.6.5 (Windows-10-10.0.17134-SP0) requests/2.19.1 msrest/0.5.4
          msrest_azure/0.4.34 azure-mgmt-batch/5.0.1 Azure-SDK-For-Python AZURECLI/2.0.45]
      accept-language: [en-US]
    method: POST
    uri: https://management.azure.com/subscriptions/00000000-0000-0000-0000-000000000000/resourceGroups/clitest.rg000001/providers/Microsoft.Batch/batchAccounts/clibatchtest1/listKeys?api-version=2017-09-01
  response:
    body: {string: '{"accountName":"clibatchtest1","primary":"87PaupuTO7PPNsiYUq1IzoqWu4GL8kUFW7bkx+L6L08VnwgAvP85I0YtPAvEVH0haQMurtQ3kBzpH/Hi3NV5ww==","secondary":"K1QVYt/s0Qeu87PKPNKz/pDo2N6OTeaSZgrv5zvDyKc5siULWdtcj7R7FtGuGpH09ra/op+S8GUasrbwBflMCw=="}'}
    headers:
      cache-control: [no-cache]
      content-length: ['235']
      content-type: [application/json; charset=utf-8]
      date: ['Tue, 28 Aug 2018 19:17:22 GMT']
      expires: ['-1']
      pragma: [no-cache]
      server: [Microsoft-HTTPAPI/2.0]
      strict-transport-security: [max-age=31536000; includeSubDomains]
      transfer-encoding: [chunked]
      vary: [Accept-Encoding]
      x-content-type-options: [nosniff]
      x-ms-ratelimit-remaining-subscription-writes: ['1197']
    status: {code: 200, message: OK}
- request:
    body: '{"keyName": "Primary"}'
    headers:
      Accept: [application/json]
      Accept-Encoding: ['gzip, deflate']
      CommandName: [batch account keys renew]
      Connection: [keep-alive]
      Content-Length: ['22']
      Content-Type: [application/json; charset=utf-8]
      User-Agent: [python/3.6.5 (Windows-10-10.0.17134-SP0) requests/2.19.1 msrest/0.5.4
          msrest_azure/0.4.34 azure-mgmt-batch/5.0.1 Azure-SDK-For-Python AZURECLI/2.0.45]
      accept-language: [en-US]
    method: POST
    uri: https://management.azure.com/subscriptions/00000000-0000-0000-0000-000000000000/resourceGroups/clitest.rg000001/providers/Microsoft.Batch/batchAccounts/clibatchtest1/regenerateKeys?api-version=2017-09-01
  response:
    body: {string: '{"accountName":"clibatchtest1","primary":"ouMojGv6/wt9x44urbXUbOFR80URIe2H7/FPpJRyjbeF7b2h83hnSTsdWReUcO8VzbzOGFKRXfwaf1GGKRAZEA==","secondary":"K1QVYt/s0Qeu87PKPNKz/pDo2N6OTeaSZgrv5zvDyKc5siULWdtcj7R7FtGuGpH09ra/op+S8GUasrbwBflMCw=="}'}
    headers:
      cache-control: [no-cache]
      content-length: ['235']
      content-type: [application/json; charset=utf-8]
      date: ['Tue, 28 Aug 2018 19:17:23 GMT']
      expires: ['-1']
      pragma: [no-cache]
      server: [Microsoft-HTTPAPI/2.0]
      strict-transport-security: [max-age=31536000; includeSubDomains]
      transfer-encoding: [chunked]
      vary: [Accept-Encoding]
      x-content-type-options: [nosniff]
      x-ms-ratelimit-remaining-subscription-writes: ['1198']
    status: {code: 200, message: OK}
- request:
    body: null
    headers:
      Accept: [application/json]
      Accept-Encoding: ['gzip, deflate']
      CommandName: [batch account login]
      Connection: [keep-alive]
      Content-Type: [application/json; charset=utf-8]
      User-Agent: [python/3.6.5 (Windows-10-10.0.17134-SP0) requests/2.19.1 msrest/0.5.4
          msrest_azure/0.4.34 azure-mgmt-batch/5.0.1 Azure-SDK-For-Python AZURECLI/2.0.45]
      accept-language: [en-US]
    method: GET
    uri: https://management.azure.com/subscriptions/00000000-0000-0000-0000-000000000000/resourceGroups/clitest.rg000001/providers/Microsoft.Batch/batchAccounts/clibatchtest1?api-version=2017-09-01
  response:
    body: {string: '{"id":"/subscriptions/00000000-0000-0000-0000-000000000000/resourceGroups/clitest.rg000001/providers/Microsoft.Batch/batchAccounts/clibatchtest1","name":"clibatchtest1","type":"Microsoft.Batch/batchAccounts","location":"northeurope","properties":{"accountEndpoint":"clibatchtest1.northeurope.batch.azure.com","provisioningState":"Succeeded","dedicatedCoreQuota":20,"lowPriorityCoreQuota":100,"poolQuota":100,"activeJobAndJobScheduleQuota":300,"autoStorage":{"storageAccountId":"/subscriptions/00000000-0000-0000-0000-000000000000/resourceGroups/clitest.rg000001/providers/Microsoft.Storage/storageAccounts/clibatchteststorage1","lastKeySync":"2018-08-28T19:17:22.0716223Z"},"poolAllocationMode":"BatchService"}}'}
    headers:
      cache-control: [no-cache]
      content-length: ['829']
      content-type: [application/json; charset=utf-8]
      date: ['Tue, 28 Aug 2018 19:17:24 GMT']
      etag: ['"0x8D60D1AE26A03EE"']
      expires: ['-1']
      last-modified: ['Tue, 28 Aug 2018 19:17:23 GMT']
      pragma: [no-cache]
      server: [Microsoft-HTTPAPI/2.0]
      strict-transport-security: [max-age=31536000; includeSubDomains]
      transfer-encoding: [chunked]
      vary: [Accept-Encoding]
      x-content-type-options: [nosniff]
    status: {code: 200, message: OK}
- request:
    body: null
    headers:
      Accept: [application/json]
      Accept-Encoding: ['gzip, deflate']
      CommandName: [batch account login]
      Connection: [keep-alive]
      Content-Type: [application/json; charset=utf-8]
      User-Agent: [python/3.6.5 (Windows-10-10.0.17134-SP0) requests/2.19.1 msrest/0.5.4
          msrest_azure/0.4.34 azure-mgmt-batch/5.0.1 Azure-SDK-For-Python AZURECLI/2.0.45]
      accept-language: [en-US]
    method: GET
    uri: https://management.azure.com/subscriptions/00000000-0000-0000-0000-000000000000/resourceGroups/clitest.rg000001/providers/Microsoft.Batch/batchAccounts/clibatchtest1?api-version=2017-09-01
  response:
    body: {string: '{"id":"/subscriptions/00000000-0000-0000-0000-000000000000/resourceGroups/clitest.rg000001/providers/Microsoft.Batch/batchAccounts/clibatchtest1","name":"clibatchtest1","type":"Microsoft.Batch/batchAccounts","location":"northeurope","properties":{"accountEndpoint":"clibatchtest1.northeurope.batch.azure.com","provisioningState":"Succeeded","dedicatedCoreQuota":20,"lowPriorityCoreQuota":100,"poolQuota":100,"activeJobAndJobScheduleQuota":300,"autoStorage":{"storageAccountId":"/subscriptions/00000000-0000-0000-0000-000000000000/resourceGroups/clitest.rg000001/providers/Microsoft.Storage/storageAccounts/clibatchteststorage1","lastKeySync":"2018-08-28T19:17:22.0716223Z"},"poolAllocationMode":"BatchService"}}'}
    headers:
      cache-control: [no-cache]
      content-length: ['829']
      content-type: [application/json; charset=utf-8]
      date: ['Tue, 28 Aug 2018 19:17:25 GMT']
      etag: ['"0x8D60D1AE26A03EE"']
      expires: ['-1']
      last-modified: ['Tue, 28 Aug 2018 19:17:23 GMT']
      pragma: [no-cache]
      server: [Microsoft-HTTPAPI/2.0]
      strict-transport-security: [max-age=31536000; includeSubDomains]
      transfer-encoding: [chunked]
      vary: [Accept-Encoding]
      x-content-type-options: [nosniff]
    status: {code: 200, message: OK}
- request:
    body: null
    headers:
      Accept: [application/json]
      Accept-Encoding: ['gzip, deflate']
      CommandName: [batch account login]
      Connection: [keep-alive]
      Content-Length: ['0']
      Content-Type: [application/json; charset=utf-8]
      User-Agent: [python/3.6.5 (Windows-10-10.0.17134-SP0) requests/2.19.1 msrest/0.5.4
          msrest_azure/0.4.34 azure-mgmt-batch/5.0.1 Azure-SDK-For-Python AZURECLI/2.0.45]
      accept-language: [en-US]
    method: POST
    uri: https://management.azure.com/subscriptions/00000000-0000-0000-0000-000000000000/resourceGroups/clitest.rg000001/providers/Microsoft.Batch/batchAccounts/clibatchtest1/listKeys?api-version=2017-09-01
  response:
    body: {string: '{"accountName":"clibatchtest1","primary":"ouMojGv6/wt9x44urbXUbOFR80URIe2H7/FPpJRyjbeF7b2h83hnSTsdWReUcO8VzbzOGFKRXfwaf1GGKRAZEA==","secondary":"K1QVYt/s0Qeu87PKPNKz/pDo2N6OTeaSZgrv5zvDyKc5siULWdtcj7R7FtGuGpH09ra/op+S8GUasrbwBflMCw=="}'}
    headers:
      cache-control: [no-cache]
      content-length: ['235']
      content-type: [application/json; charset=utf-8]
      date: ['Tue, 28 Aug 2018 19:17:25 GMT']
      expires: ['-1']
      pragma: [no-cache]
      server: [Microsoft-HTTPAPI/2.0]
      strict-transport-security: [max-age=31536000; includeSubDomains]
      transfer-encoding: [chunked]
      vary: [Accept-Encoding]
      x-content-type-options: [nosniff]
      x-ms-ratelimit-remaining-subscription-writes: ['1197']
    status: {code: 200, message: OK}
- request:
    body: null
    headers:
      Accept: [application/json]
      Accept-Encoding: ['gzip, deflate']
      CommandName: [batch account delete]
      Connection: [keep-alive]
      Content-Length: ['0']
      Content-Type: [application/json; charset=utf-8]
      User-Agent: [python/3.6.5 (Windows-10-10.0.17134-SP0) requests/2.19.1 msrest/0.5.4
          msrest_azure/0.4.34 azure-mgmt-batch/5.0.1 Azure-SDK-For-Python AZURECLI/2.0.45]
      accept-language: [en-US]
    method: DELETE
    uri: https://management.azure.com/subscriptions/00000000-0000-0000-0000-000000000000/resourceGroups/clitest.rg000001/providers/Microsoft.Batch/batchAccounts/clibatchtest1?api-version=2017-09-01
  response:
    body: {string: ''}
    headers:
      cache-control: [no-cache]
      content-length: ['0']
      date: ['Tue, 28 Aug 2018 19:17:27 GMT']
      expires: ['-1']
      location: ['https://management.azure.com/subscriptions/00000000-0000-0000-0000-000000000000/resourceGroups/clitest.rg000001/providers/Microsoft.Batch/batchAccounts/clibatchtest1/operationResults/7ad6747f-386f-4e6d-8898-bdfe6baebe24?api-version=2017-09-01']
      pragma: [no-cache]
      server: [Microsoft-HTTPAPI/2.0]
      strict-transport-security: [max-age=31536000; includeSubDomains]
      x-content-type-options: [nosniff]
      x-ms-ratelimit-remaining-subscription-deletes: ['14998']
    status: {code: 202, message: Accepted}
- request:
    body: null
    headers:
      Accept: [application/json]
      Accept-Encoding: ['gzip, deflate']
      CommandName: [batch account delete]
      Connection: [keep-alive]
      Content-Type: [application/json; charset=utf-8]
      User-Agent: [python/3.6.5 (Windows-10-10.0.17134-SP0) requests/2.19.1 msrest/0.5.4
          msrest_azure/0.4.34 azure-mgmt-batch/5.0.1 Azure-SDK-For-Python AZURECLI/2.0.45]
      accept-language: [en-US]
    method: GET
    uri: https://management.azure.com/subscriptions/00000000-0000-0000-0000-000000000000/resourceGroups/clitest.rg000001/providers/Microsoft.Batch/batchAccounts/clibatchtest1/operationResults/7ad6747f-386f-4e6d-8898-bdfe6baebe24?api-version=2017-09-01
  response:
    body: {string: ''}
    headers:
      cache-control: [no-cache]
      content-length: ['0']
      date: ['Tue, 28 Aug 2018 19:17:44 GMT']
      expires: ['-1']
      pragma: [no-cache]
      server: [Microsoft-HTTPAPI/2.0]
      strict-transport-security: [max-age=31536000; includeSubDomains]
      x-content-type-options: [nosniff]
    status: {code: 200, message: OK}
- request:
    body: null
    headers:
      Accept: [application/json]
      Accept-Encoding: ['gzip, deflate']
      CommandName: [batch account list]
      Connection: [keep-alive]
      Content-Type: [application/json; charset=utf-8]
      User-Agent: [python/3.6.5 (Windows-10-10.0.17134-SP0) requests/2.19.1 msrest/0.5.4
          msrest_azure/0.4.34 azure-mgmt-batch/5.0.1 Azure-SDK-For-Python AZURECLI/2.0.45]
      accept-language: [en-US]
    method: GET
    uri: https://management.azure.com/subscriptions/00000000-0000-0000-0000-000000000000/resourceGroups/clitest.rg000001/providers/Microsoft.Batch/batchAccounts?api-version=2017-09-01
  response:
    body: {string: '{"value":[]}'}
    headers:
      cache-control: [no-cache]
      content-length: ['12']
      content-type: [application/json; charset=utf-8]
      date: ['Tue, 28 Aug 2018 19:17:46 GMT']
      expires: ['-1']
      pragma: [no-cache]
      server: [Microsoft-HTTPAPI/2.0]
      strict-transport-security: [max-age=31536000; includeSubDomains]
      transfer-encoding: [chunked]
      vary: [Accept-Encoding]
      x-content-type-options: [nosniff]
    status: {code: 200, message: OK}
- request:
    body: null
    headers:
      Accept: [application/json]
      Accept-Encoding: ['gzip, deflate']
      CommandName: [batch location quotas show]
      Connection: [keep-alive]
      Content-Type: [application/json; charset=utf-8]
      User-Agent: [python/3.6.5 (Windows-10-10.0.17134-SP0) requests/2.19.1 msrest/0.5.4
          msrest_azure/0.4.34 azure-mgmt-batch/5.0.1 Azure-SDK-For-Python AZURECLI/2.0.45]
      accept-language: [en-US]
    method: GET
    uri: https://management.azure.com/subscriptions/00000000-0000-0000-0000-000000000000/providers/Microsoft.Batch/locations/northeurope/quotas?api-version=2017-09-01
  response:
    body: {string: '{"accountQuota":1}'}
    headers:
      cache-control: [no-cache]
      content-length: ['18']
      content-type: [application/json; charset=utf-8]
      date: ['Tue, 28 Aug 2018 19:17:47 GMT']
      expires: ['-1']
      pragma: [no-cache]
      server: [Microsoft-HTTPAPI/2.0]
      strict-transport-security: [max-age=31536000; includeSubDomains]
      transfer-encoding: [chunked]
      vary: [Accept-Encoding]
      x-content-type-options: [nosniff]
    status: {code: 200, message: OK}
- request:
    body: null
    headers:
      Accept: [application/json]
      Accept-Encoding: ['gzip, deflate']
      CommandName: [group delete]
      Connection: [keep-alive]
      Content-Length: ['0']
      Content-Type: [application/json; charset=utf-8]
      User-Agent: [python/3.6.5 (Windows-10-10.0.17134-SP0) requests/2.19.1 msrest/0.5.4
          msrest_azure/0.4.34 resourcemanagementclient/2.0.0 Azure-SDK-For-Python
          AZURECLI/2.0.45]
      accept-language: [en-US]
    method: DELETE
    uri: https://management.azure.com/subscriptions/00000000-0000-0000-0000-000000000000/resourcegroups/clitest.rg000001?api-version=2018-05-01
  response:
    body: {string: ''}
    headers:
      cache-control: [no-cache]
      content-length: ['0']
      date: ['Tue, 28 Aug 2018 19:17:50 GMT']
      expires: ['-1']
      location: ['https://management.azure.com/subscriptions/00000000-0000-0000-0000-000000000000/operationresults/eyJqb2JJZCI6IlJFU09VUkNFR1JPVVBERUxFVElPTkpPQi1DTElURVNUOjJFUkc2WUM0S1g3WVBWQzdHS1Q2S0M1TTdQNlFURENPNVZWN01WV3wyMTNBRkY0MTZGMUQyOUJGLU5PUlRIRVVST1BFIiwiam9iTG9jYXRpb24iOiJub3J0aGV1cm9wZSJ9?api-version=2018-05-01']
      pragma: [no-cache]
      strict-transport-security: [max-age=31536000; includeSubDomains]
      x-content-type-options: [nosniff]
      x-ms-ratelimit-remaining-subscription-deletes: ['14999']
    status: {code: 202, message: Accepted}
version: 1
