interactions:
- request:
    body: '{"tags": {"product": "azurecli", "date": "2019-03-24T01:20:57Z", "cause":
      "automation"}, "location": "eastus2"}'
    headers:
      Accept:
      - application/json
      Accept-Encoding:
      - gzip, deflate
      CommandName:
      - group create
      Connection:
      - keep-alive
      Content-Length:
      - '111'
      Content-Type:
      - application/json; charset=utf-8
      ParameterSetName:
      - --location --name --tag
      User-Agent:
      - python/3.5.4 (Windows-10-10.0.17763-SP0) msrest/0.6.4 msrest_azure/0.6.0 resourcemanagementclient/2.1.0
        Azure-SDK-For-Python AZURECLI/2.0.60
      accept-language:
      - en-US
    method: PUT
    uri: https://management.azure.com/subscriptions/00000000-0000-0000-0000-000000000000/resourcegroups/cli_test_disk_zones000001?api-version=2018-05-01
  response:
    body:
      string: '{"id":"/subscriptions/00000000-0000-0000-0000-000000000000/resourceGroups/cli_test_disk_zones000001","name":"cli_test_disk_zones000001","location":"eastus2","tags":{"product":"azurecli","date":"2019-03-24T01:20:57Z","cause":"automation"},"properties":{"provisioningState":"Succeeded"}}'
    headers:
      cache-control:
      - no-cache
      content-length:
      - '385'
      content-type:
      - application/json; charset=utf-8
      date:
      - Sun, 24 Mar 2019 01:21:00 GMT
      expires:
      - '-1'
      pragma:
      - no-cache
      strict-transport-security:
      - max-age=31536000; includeSubDomains
      x-content-type-options:
      - nosniff
      x-ms-ratelimit-remaining-subscription-writes:
      - '1199'
    status:
      code: 201
      message: Created
- request:
    body: null
    headers:
      Accept:
      - application/json
      Accept-Encoding:
      - gzip, deflate
      CommandName:
      - disk create
      Connection:
      - keep-alive
      ParameterSetName:
      - -g -n --size-gb --zone
      User-Agent:
      - python/3.5.4 (Windows-10-10.0.17763-SP0) msrest/0.6.4 msrest_azure/0.6.0 resourcemanagementclient/2.1.0
        Azure-SDK-For-Python AZURECLI/2.0.60
      accept-language:
      - en-US
    method: GET
    uri: https://management.azure.com/subscriptions/00000000-0000-0000-0000-000000000000/resourcegroups/cli_test_disk_zones000001?api-version=2018-05-01
  response:
    body:
      string: '{"id":"/subscriptions/00000000-0000-0000-0000-000000000000/resourceGroups/cli_test_disk_zones000001","name":"cli_test_disk_zones000001","location":"eastus2","tags":{"product":"azurecli","date":"2019-03-24T01:20:57Z","cause":"automation"},"properties":{"provisioningState":"Succeeded"}}'
    headers:
      cache-control:
      - no-cache
      content-length:
      - '385'
      content-type:
      - application/json; charset=utf-8
      date:
      - Sun, 24 Mar 2019 01:21:02 GMT
      expires:
      - '-1'
      pragma:
      - no-cache
      strict-transport-security:
      - max-age=31536000; includeSubDomains
      vary:
      - Accept-Encoding
      x-content-type-options:
      - nosniff
    status:
      code: 200
      message: OK
- request:
    body: '{"sku": {"name": "Premium_LRS"}, "properties": {"creationData": {"createOption":
      "Empty"}, "diskSizeGB": 1}, "tags": {}, "zones": ["2"], "location": "eastus2"}'
    headers:
      Accept:
      - application/json
      Accept-Encoding:
      - gzip, deflate
      CommandName:
      - disk create
      Connection:
      - keep-alive
      Content-Length:
      - '159'
      Content-Type:
      - application/json; charset=utf-8
      ParameterSetName:
      - -g -n --size-gb --zone
      User-Agent:
      - python/3.5.4 (Windows-10-10.0.17763-SP0) msrest/0.6.4 msrest_azure/0.6.0 computemanagementclient/4.4.0
        Azure-SDK-For-Python AZURECLI/2.0.60
      accept-language:
      - en-US
    method: PUT
    uri: https://management.azure.com/subscriptions/00000000-0000-0000-0000-000000000000/resourceGroups/cli_test_disk_zones000001/providers/Microsoft.Compute/disks/disk123?api-version=2018-09-30
  response:
    body:
      string: "{\r\n  \"zones\": [\r\n    \"2\"\r\n  ],\r\n  \"sku\": {\r\n    \"name\":
        \"Premium_LRS\"\r\n  },\r\n  \"properties\": {\r\n    \"creationData\": {\r\n
        \     \"createOption\": \"Empty\"\r\n    },\r\n    \"diskSizeGB\": 1,\r\n
        \   \"provisioningState\": \"Updating\",\r\n    \"isArmResource\": true\r\n
        \ },\r\n  \"location\": \"eastus2\",\r\n  \"tags\": {},\r\n  \"name\": \"disk123\"\r\n}"
    headers:
      azure-asyncoperation:
      - https://management.azure.com/subscriptions/00000000-0000-0000-0000-000000000000/providers/Microsoft.Compute/locations/eastus2/DiskOperations/40898cfb-ebea-4c92-8f78-eef51e7e5ccc?api-version=2018-09-30
      cache-control:
      - no-cache
      content-length:
      - '314'
      content-type:
      - application/json; charset=utf-8
      date:
      - Sun, 24 Mar 2019 01:21:04 GMT
      expires:
      - '-1'
      location:
      - https://management.azure.com/subscriptions/00000000-0000-0000-0000-000000000000/providers/Microsoft.Compute/locations/eastus2/DiskOperations/40898cfb-ebea-4c92-8f78-eef51e7e5ccc?monitor=true&api-version=2018-09-30
      pragma:
      - no-cache
      server:
      - Microsoft-HTTPAPI/2.0
      - Microsoft-HTTPAPI/2.0
      strict-transport-security:
      - max-age=31536000; includeSubDomains
      x-content-type-options:
      - nosniff
      x-ms-ratelimit-remaining-resource:
      - Microsoft.Compute/CreateUpdateDisks3Min;999,Microsoft.Compute/CreateUpdateDisks30Min;7995
      x-ms-ratelimit-remaining-subscription-writes:
      - '1199'
    status:
      code: 202
      message: Accepted
- request:
    body: null
    headers:
      Accept:
      - application/json
      Accept-Encoding:
      - gzip, deflate
      CommandName:
      - disk create
      Connection:
      - keep-alive
      ParameterSetName:
      - -g -n --size-gb --zone
      User-Agent:
      - python/3.5.4 (Windows-10-10.0.17763-SP0) msrest/0.6.4 msrest_azure/0.6.0 computemanagementclient/4.4.0
        Azure-SDK-For-Python AZURECLI/2.0.60
    method: GET
    uri: https://management.azure.com/subscriptions/00000000-0000-0000-0000-000000000000/providers/Microsoft.Compute/locations/eastus2/DiskOperations/40898cfb-ebea-4c92-8f78-eef51e7e5ccc?api-version=2018-09-30
  response:
    body:
      string: "{\r\n  \"startTime\": \"2019-03-24T01:21:04.7322084+00:00\",\r\n  \"endTime\":
        \"2019-03-24T01:21:04.9353395+00:00\",\r\n  \"status\": \"Succeeded\",\r\n
        \ \"properties\": {\r\n    \"output\": {\"zones\":[\"2\"],\"sku\":{\"name\":\"Premium_LRS\",\"tier\":\"Premium\"},\"properties\":{\"creationData\":{\"createOption\":\"Empty\"},\"diskSizeGB\":1,\"diskIOPSReadWrite\":120,\"diskMBpsReadWrite\":25,\"timeCreated\":\"2019-03-24T01:21:04.7322084+00:00\",\"provisioningState\":\"Succeeded\",\"diskState\":\"Unattached\"},\"type\":\"Microsoft.Compute/disks\",\"location\":\"eastus2\",\"tags\":{},\"id\":\"/subscriptions/00000000-0000-0000-0000-000000000000/resourceGroups/cli_test_disk_zones000001/providers/Microsoft.Compute/disks/disk123\",\"name\":\"disk123\"}\r\n
        \ },\r\n  \"name\": \"40898cfb-ebea-4c92-8f78-eef51e7e5ccc\"\r\n}"
    headers:
      cache-control:
      - no-cache
      content-length:
      - '783'
      content-type:
      - application/json; charset=utf-8
      date:
      - Sun, 24 Mar 2019 01:21:35 GMT
      expires:
      - '-1'
      pragma:
      - no-cache
      server:
      - Microsoft-HTTPAPI/2.0
      - Microsoft-HTTPAPI/2.0
      strict-transport-security:
      - max-age=31536000; includeSubDomains
      transfer-encoding:
      - chunked
      vary:
      - Accept-Encoding
      x-content-type-options:
      - nosniff
      x-ms-ratelimit-remaining-resource:
      - Microsoft.Compute/GetOperation3Min;49994,Microsoft.Compute/GetOperation30Min;399983
    status:
      code: 200
      message: OK
- request:
    body: null
    headers:
      Accept:
      - application/json
      Accept-Encoding:
      - gzip, deflate
      CommandName:
      - disk create
      Connection:
      - keep-alive
      ParameterSetName:
      - -g -n --size-gb --zone
      User-Agent:
      - python/3.5.4 (Windows-10-10.0.17763-SP0) msrest/0.6.4 msrest_azure/0.6.0 computemanagementclient/4.4.0
        Azure-SDK-For-Python AZURECLI/2.0.60
    method: GET
    uri: https://management.azure.com/subscriptions/00000000-0000-0000-0000-000000000000/resourceGroups/cli_test_disk_zones000001/providers/Microsoft.Compute/disks/disk123?api-version=2018-09-30
  response:
    body:
      string: "{\r\n  \"zones\": [\r\n    \"2\"\r\n  ],\r\n  \"sku\": {\r\n    \"name\":
        \"Premium_LRS\",\r\n    \"tier\": \"Premium\"\r\n  },\r\n  \"properties\":
        {\r\n    \"creationData\": {\r\n      \"createOption\": \"Empty\"\r\n    },\r\n
        \   \"diskSizeGB\": 1,\r\n    \"diskIOPSReadWrite\": 120,\r\n    \"diskMBpsReadWrite\":
        25,\r\n    \"timeCreated\": \"2019-03-24T01:21:04.7322084+00:00\",\r\n    \"provisioningState\":
        \"Succeeded\",\r\n    \"diskState\": \"Unattached\"\r\n  },\r\n  \"type\":
        \"Microsoft.Compute/disks\",\r\n  \"location\": \"eastus2\",\r\n  \"tags\":
        {},\r\n  \"id\": \"/subscriptions/00000000-0000-0000-0000-000000000000/resourceGroups/cli_test_disk_zones000001/providers/Microsoft.Compute/disks/disk123\",\r\n
        \ \"name\": \"disk123\"\r\n}"
    headers:
      cache-control:
      - no-cache
      content-length:
      - '696'
      content-type:
      - application/json; charset=utf-8
      date:
      - Sun, 24 Mar 2019 01:21:35 GMT
      expires:
      - '-1'
      pragma:
      - no-cache
      server:
      - Microsoft-HTTPAPI/2.0
      - Microsoft-HTTPAPI/2.0
      strict-transport-security:
      - max-age=31536000; includeSubDomains
      transfer-encoding:
      - chunked
      vary:
      - Accept-Encoding
      x-content-type-options:
      - nosniff
      x-ms-ratelimit-remaining-resource:
      - Microsoft.Compute/LowCostGet3Min;4995,Microsoft.Compute/LowCostGet30Min;39981
    status:
      code: 200
      message: OK
- request:
    body: null
    headers:
      Accept:
      - application/json
      Accept-Encoding:
      - gzip, deflate
      CommandName:
      - disk show
      Connection:
      - keep-alive
      ParameterSetName:
      - -g -n
      User-Agent:
      - python/3.5.4 (Windows-10-10.0.17763-SP0) msrest/0.6.4 msrest_azure/0.6.0 computemanagementclient/4.4.0
        Azure-SDK-For-Python AZURECLI/2.0.60
      accept-language:
      - en-US
    method: GET
    uri: https://management.azure.com/subscriptions/00000000-0000-0000-0000-000000000000/resourceGroups/cli_test_disk_zones000001/providers/Microsoft.Compute/disks/disk123?api-version=2018-09-30
  response:
    body:
      string: "{\r\n  \"zones\": [\r\n    \"2\"\r\n  ],\r\n  \"sku\": {\r\n    \"name\":
        \"Premium_LRS\",\r\n    \"tier\": \"Premium\"\r\n  },\r\n  \"properties\":
        {\r\n    \"creationData\": {\r\n      \"createOption\": \"Empty\"\r\n    },\r\n
        \   \"diskSizeGB\": 1,\r\n    \"diskIOPSReadWrite\": 120,\r\n    \"diskMBpsReadWrite\":
        25,\r\n    \"timeCreated\": \"2019-03-24T01:21:04.7322084+00:00\",\r\n    \"provisioningState\":
        \"Succeeded\",\r\n    \"diskState\": \"Unattached\"\r\n  },\r\n  \"type\":
        \"Microsoft.Compute/disks\",\r\n  \"location\": \"eastus2\",\r\n  \"tags\":
        {},\r\n  \"id\": \"/subscriptions/00000000-0000-0000-0000-000000000000/resourceGroups/cli_test_disk_zones000001/providers/Microsoft.Compute/disks/disk123\",\r\n
        \ \"name\": \"disk123\"\r\n}"
    headers:
      cache-control:
      - no-cache
      content-length:
      - '696'
      content-type:
      - application/json; charset=utf-8
      date:
      - Sun, 24 Mar 2019 01:21:37 GMT
      expires:
      - '-1'
      pragma:
      - no-cache
      server:
      - Microsoft-HTTPAPI/2.0
      - Microsoft-HTTPAPI/2.0
      strict-transport-security:
      - max-age=31536000; includeSubDomains
      transfer-encoding:
      - chunked
      vary:
      - Accept-Encoding
      x-content-type-options:
      - nosniff
      x-ms-ratelimit-remaining-resource:
      - Microsoft.Compute/LowCostGet3Min;4994,Microsoft.Compute/LowCostGet30Min;39980
    status:
      code: 200
      message: OK
- request:
    body: null
    headers:
      Accept:
      - application/json
      Accept-Encoding:
      - gzip, deflate
      CommandName:
      - disk show
      Connection:
      - keep-alive
      ParameterSetName:
      - -g -n -o
      User-Agent:
      - python/3.5.4 (Windows-10-10.0.17763-SP0) msrest/0.6.4 msrest_azure/0.6.0 computemanagementclient/4.4.0
        Azure-SDK-For-Python AZURECLI/2.0.60
      accept-language:
      - en-US
    method: GET
    uri: https://management.azure.com/subscriptions/00000000-0000-0000-0000-000000000000/resourceGroups/cli_test_disk_zones000001/providers/Microsoft.Compute/disks/disk123?api-version=2018-09-30
  response:
    body:
      string: "{\r\n  \"zones\": [\r\n    \"2\"\r\n  ],\r\n  \"sku\": {\r\n    \"name\":
        \"Premium_LRS\",\r\n    \"tier\": \"Premium\"\r\n  },\r\n  \"properties\":
        {\r\n    \"creationData\": {\r\n      \"createOption\": \"Empty\"\r\n    },\r\n
        \   \"diskSizeGB\": 1,\r\n    \"diskIOPSReadWrite\": 120,\r\n    \"diskMBpsReadWrite\":
        25,\r\n    \"timeCreated\": \"2019-03-24T01:21:04.7322084+00:00\",\r\n    \"provisioningState\":
        \"Succeeded\",\r\n    \"diskState\": \"Unattached\"\r\n  },\r\n  \"type\":
        \"Microsoft.Compute/disks\",\r\n  \"location\": \"eastus2\",\r\n  \"tags\":
        {},\r\n  \"id\": \"/subscriptions/00000000-0000-0000-0000-000000000000/resourceGroups/cli_test_disk_zones000001/providers/Microsoft.Compute/disks/disk123\",\r\n
        \ \"name\": \"disk123\"\r\n}"
    headers:
      cache-control:
      - no-cache
      content-length:
      - '696'
      content-type:
      - application/json; charset=utf-8
      date:
      - Sun, 24 Mar 2019 01:21:39 GMT
      expires:
      - '-1'
      pragma:
      - no-cache
      server:
      - Microsoft-HTTPAPI/2.0
      - Microsoft-HTTPAPI/2.0
      strict-transport-security:
      - max-age=31536000; includeSubDomains
      transfer-encoding:
      - chunked
      vary:
      - Accept-Encoding
      x-content-type-options:
      - nosniff
      x-ms-ratelimit-remaining-resource:
      - Microsoft.Compute/LowCostGet3Min;4993,Microsoft.Compute/LowCostGet30Min;39979
    status:
      code: 200
      message: OK
- request:
    body: null
    headers:
      Accept:
      - application/json
      Accept-Encoding:
      - gzip, deflate
      CommandName:
      - disk list
      Connection:
      - keep-alive
      ParameterSetName:
      - -g -o
      User-Agent:
      - python/3.5.4 (Windows-10-10.0.17763-SP0) msrest/0.6.4 msrest_azure/0.6.0 computemanagementclient/4.4.0
        Azure-SDK-For-Python AZURECLI/2.0.60
      accept-language:
      - en-US
    method: GET
    uri: https://management.azure.com/subscriptions/00000000-0000-0000-0000-000000000000/resourceGroups/cli_test_disk_zones000001/providers/Microsoft.Compute/disks?api-version=2018-09-30
  response:
    body:
      string: "{\r\n  \"value\": [\r\n    {\r\n      \"zones\": [\r\n        \"2\"\r\n
        \     ],\r\n      \"sku\": {\r\n        \"name\": \"Premium_LRS\",\r\n        \"tier\":
        \"Premium\"\r\n      },\r\n      \"properties\": {\r\n        \"creationData\":
        {\r\n          \"createOption\": \"Empty\"\r\n        },\r\n        \"diskSizeGB\":
        1,\r\n        \"diskIOPSReadWrite\": 120,\r\n        \"diskMBpsReadWrite\":
        25,\r\n        \"timeCreated\": \"2019-03-24T01:21:04.7322084+00:00\",\r\n
        \       \"provisioningState\": \"Succeeded\",\r\n        \"diskState\": \"Unattached\"\r\n
        \     },\r\n      \"type\": \"Microsoft.Compute/disks\",\r\n      \"location\":
        \"eastus2\",\r\n      \"tags\": {},\r\n      \"id\": \"/subscriptions/00000000-0000-0000-0000-000000000000/resourceGroups/cli_test_disk_zones000001/providers/Microsoft.Compute/disks/disk123\",\r\n
        \     \"name\": \"disk123\"\r\n    }\r\n  ]\r\n}"
    headers:
      cache-control:
      - no-cache
      content-length:
      - '821'
      content-type:
      - application/json; charset=utf-8
      date:
      - Sun, 24 Mar 2019 01:21:39 GMT
      expires:
      - '-1'
      pragma:
      - no-cache
      server:
      - Microsoft-HTTPAPI/2.0
      - Microsoft-HTTPAPI/2.0
      strict-transport-security:
      - max-age=31536000; includeSubDomains
      transfer-encoding:
      - chunked
      vary:
      - Accept-Encoding
      x-content-type-options:
      - nosniff
      x-ms-ratelimit-remaining-resource:
      - Microsoft.Compute/HighCostGet3Min;239,Microsoft.Compute/HighCostGet30Min;1919
    status:
      code: 200
      message: OK
- request:
    body: null
    headers:
      Accept:
      - application/json
      Accept-Encoding:
      - gzip, deflate
      CommandName:
      - group delete
      Connection:
      - keep-alive
      Content-Length:
      - '0'
      ParameterSetName:
      - --name --yes --no-wait
      User-Agent:
      - python/3.5.4 (Windows-10-10.0.17763-SP0) msrest/0.6.4 msrest_azure/0.6.0 resourcemanagementclient/2.1.0
        Azure-SDK-For-Python AZURECLI/2.0.60
      accept-language:
      - en-US
    method: DELETE
    uri: https://management.azure.com/subscriptions/00000000-0000-0000-0000-000000000000/resourcegroups/cli_test_disk_zones000001?api-version=2018-05-01
  response:
    body:
      string: ''
    headers:
      cache-control:
      - no-cache
      content-length:
      - '0'
      date:
      - Sun, 24 Mar 2019 01:21:42 GMT
      expires:
      - '-1'
      location:
      - https://management.azure.com/subscriptions/00000000-0000-0000-0000-000000000000/operationresults/eyJqb2JJZCI6IlJFU09VUkNFR1JPVVBERUxFVElPTkpPQi1DTEk6NUZURVNUOjVGRElTSzo1RlpPTkVTQlFTVE5QNENQMjUzTkY1M0hQWVRGWnxDNUYwMzcwNjY0MUQyNUQ2LUVBU1RVUzIiLCJqb2JMb2NhdGlvbiI6ImVhc3R1czIifQ?api-version=2018-05-01
      pragma:
      - no-cache
      strict-transport-security:
      - max-age=31536000; includeSubDomains
      x-content-type-options:
      - nosniff
      x-ms-ratelimit-remaining-subscription-deletes:
      - '14999'
    status:
      code: 202
      message: Accepted
version: 1
