interactions:
- request:
    body: '{"tags": {"use": "az-test"}, "location": "westcentralus"}'
    headers:
      Accept: [application/json]
      Accept-Encoding: ['gzip, deflate']
      CommandName: [group create]
      Connection: [keep-alive]
      Content-Length: ['57']
      Content-Type: [application/json; charset=utf-8]
      User-Agent: [python/3.5.3 (Windows-10-10.0.16299-SP0) requests/2.18.4 msrest/0.4.27
          msrest_azure/0.4.22 resourcemanagementclient/1.2.1 Azure-SDK-For-Python
          AZURECLI/2.0.29]
      accept-language: [en-US]
    method: PUT
    uri: https://management.azure.com/subscriptions/00000000-0000-0000-0000-000000000000/resourcegroups/clitest.rg000001?api-version=2017-05-10
  response:
    body: {string: '{"id":"/subscriptions/00000000-0000-0000-0000-000000000000/resourceGroups/clitest.rg000001","name":"clitest.rg000001","location":"westcentralus","tags":{"use":"az-test"},"properties":{"provisioningState":"Succeeded"}}'}
    headers:
      cache-control: [no-cache]
      content-length: ['225']
      content-type: [application/json; charset=utf-8]
      date: ['Mon, 12 Mar 2018 21:08:24 GMT']
      expires: ['-1']
      pragma: [no-cache]
      strict-transport-security: [max-age=31536000; includeSubDomains]
      x-content-type-options: [nosniff]
      x-ms-ratelimit-remaining-subscription-writes: ['1196']
    status: {code: 201, message: Created}
- request:
    body: null
    headers:
      Accept: [application/json]
      Accept-Encoding: ['gzip, deflate']
      CommandName: [identity create]
      Connection: [keep-alive]
      Content-Type: [application/json; charset=utf-8]
      User-Agent: [python/3.5.3 (Windows-10-10.0.16299-SP0) requests/2.18.4 msrest/0.4.27
          msrest_azure/0.4.22 resourcemanagementclient/1.2.1 Azure-SDK-For-Python
          AZURECLI/2.0.29]
      accept-language: [en-US]
    method: GET
    uri: https://management.azure.com/subscriptions/00000000-0000-0000-0000-000000000000/resourcegroups/clitest.rg000001?api-version=2017-05-10
  response:
    body: {string: '{"id":"/subscriptions/00000000-0000-0000-0000-000000000000/resourceGroups/clitest.rg000001","name":"clitest.rg000001","location":"westcentralus","tags":{"use":"az-test"},"properties":{"provisioningState":"Succeeded"}}'}
    headers:
      cache-control: [no-cache]
      content-length: ['225']
      content-type: [application/json; charset=utf-8]
      date: ['Mon, 12 Mar 2018 21:08:26 GMT']
      expires: ['-1']
      pragma: [no-cache]
      strict-transport-security: [max-age=31536000; includeSubDomains]
      vary: [Accept-Encoding]
      x-content-type-options: [nosniff]
    status: {code: 200, message: OK}
- request:
    body: '{"location": "westcentralus"}'
    headers:
      Accept: [application/json]
      Accept-Encoding: ['gzip, deflate']
      CommandName: [identity create]
      Connection: [keep-alive]
      Content-Length: ['29']
      Content-Type: [application/json; charset=utf-8]
      User-Agent: [python/3.5.3 (Windows-10-10.0.16299-SP0) requests/2.18.4 msrest/0.4.27
          msrest_azure/0.4.22 azure-mgmt-msi/0.1.0 Azure-SDK-For-Python AZURECLI/2.0.29]
      accept-language: [en-US]
    method: PUT
    uri: https://management.azure.com/subscriptions/00000000-0000-0000-0000-000000000000/resourceGroups/clitest.rg000001/providers/Microsoft.ManagedIdentity/userAssignedIdentities/id1?api-version=2015-08-31-preview
  response:
    body: {string: '{"id":"/subscriptions/00000000-0000-0000-0000-000000000000/resourcegroups/clitest.rg000001/providers/Microsoft.ManagedIdentity/userAssignedIdentities/id1","name":"id1","type":"Microsoft.ManagedIdentity/userAssignedIdentities","location":"westcentralus","tags":{},"properties":{"tenantId":"54826b22-38d6-4fb2-bad9-b7b93a3e9c5a","principalId":"09e480ee-0654-4a33-b5a5-ad7f414a5810","clientId":"7514c8b0-1d1c-4acf-b875-a0401fa706d9","clientSecretUrl":"https://control-westcentralus.identity.azure.net/subscriptions/00000000-0000-0000-0000-000000000000/resourcegroups/clitest.rg000001/providers/Microsoft.ManagedIdentity/userAssignedIdentities/id1/credentials?tid=54826b22-38d6-4fb2-bad9-b7b93a3e9c5a&oid=09e480ee-0654-4a33-b5a5-ad7f414a5810&aid=7514c8b0-1d1c-4acf-b875-a0401fa706d9"}}'}
    headers:
      cache-control: [no-cache]
      content-length: ['789']
      content-type: [application/json; charset=utf-8]
      date: ['Mon, 12 Mar 2018 21:08:29 GMT']
      expires: ['-1']
      location: [/subscriptions/00000000-0000-0000-0000-000000000000/resourcegroups/clitest.rg000001/providers/Microsoft.ManagedIdentity/userAssignedIdentities/id1]
      pragma: [no-cache]
      server: [Microsoft-HTTPAPI/2.0]
      strict-transport-security: [max-age=31536000; includeSubDomains]
      x-content-type-options: [nosniff]
      x-ms-ratelimit-remaining-subscription-writes: ['1191']
    status: {code: 201, message: Created}
- request:
    body: null
    headers:
      Accept: [application/json]
      Accept-Encoding: ['gzip, deflate']
      CommandName: [identity create]
      Connection: [keep-alive]
      Content-Type: [application/json; charset=utf-8]
      User-Agent: [python/3.5.3 (Windows-10-10.0.16299-SP0) requests/2.18.4 msrest/0.4.27
          msrest_azure/0.4.22 resourcemanagementclient/1.2.1 Azure-SDK-For-Python
          AZURECLI/2.0.29]
      accept-language: [en-US]
    method: GET
    uri: https://management.azure.com/subscriptions/00000000-0000-0000-0000-000000000000/resourcegroups/clitest.rg000001?api-version=2017-05-10
  response:
    body: {string: '{"id":"/subscriptions/00000000-0000-0000-0000-000000000000/resourceGroups/clitest.rg000001","name":"clitest.rg000001","location":"westcentralus","tags":{"use":"az-test"},"properties":{"provisioningState":"Succeeded"}}'}
    headers:
      cache-control: [no-cache]
      content-length: ['225']
      content-type: [application/json; charset=utf-8]
      date: ['Mon, 12 Mar 2018 21:08:28 GMT']
      expires: ['-1']
      pragma: [no-cache]
      strict-transport-security: [max-age=31536000; includeSubDomains]
      vary: [Accept-Encoding]
      x-content-type-options: [nosniff]
    status: {code: 200, message: OK}
- request:
    body: '{"location": "westcentralus"}'
    headers:
      Accept: [application/json]
      Accept-Encoding: ['gzip, deflate']
      CommandName: [identity create]
      Connection: [keep-alive]
      Content-Length: ['29']
      Content-Type: [application/json; charset=utf-8]
      User-Agent: [python/3.5.3 (Windows-10-10.0.16299-SP0) requests/2.18.4 msrest/0.4.27
          msrest_azure/0.4.22 azure-mgmt-msi/0.1.0 Azure-SDK-For-Python AZURECLI/2.0.29]
      accept-language: [en-US]
    method: PUT
    uri: https://management.azure.com/subscriptions/00000000-0000-0000-0000-000000000000/resourceGroups/clitest.rg000001/providers/Microsoft.ManagedIdentity/userAssignedIdentities/id2?api-version=2015-08-31-preview
  response:
    body: {string: '{"id":"/subscriptions/00000000-0000-0000-0000-000000000000/resourcegroups/clitest.rg000001/providers/Microsoft.ManagedIdentity/userAssignedIdentities/id2","name":"id2","type":"Microsoft.ManagedIdentity/userAssignedIdentities","location":"westcentralus","tags":{},"properties":{"tenantId":"54826b22-38d6-4fb2-bad9-b7b93a3e9c5a","principalId":"50b52dad-f9f8-4677-8259-0e613fbe7a09","clientId":"4cf0f6e9-dc16-4b13-8622-354098059731","clientSecretUrl":"https://control-westcentralus.identity.azure.net/subscriptions/00000000-0000-0000-0000-000000000000/resourcegroups/clitest.rg000001/providers/Microsoft.ManagedIdentity/userAssignedIdentities/id2/credentials?tid=54826b22-38d6-4fb2-bad9-b7b93a3e9c5a&oid=50b52dad-f9f8-4677-8259-0e613fbe7a09&aid=4cf0f6e9-dc16-4b13-8622-354098059731"}}'}
    headers:
      cache-control: [no-cache]
      content-length: ['789']
      content-type: [application/json; charset=utf-8]
      date: ['Mon, 12 Mar 2018 21:08:30 GMT']
      expires: ['-1']
      location: [/subscriptions/00000000-0000-0000-0000-000000000000/resourcegroups/clitest.rg000001/providers/Microsoft.ManagedIdentity/userAssignedIdentities/id2]
      pragma: [no-cache]
      server: [Microsoft-HTTPAPI/2.0]
      strict-transport-security: [max-age=31536000; includeSubDomains]
      x-content-type-options: [nosniff]
      x-ms-ratelimit-remaining-subscription-writes: ['1195']
    status: {code: 201, message: Created}
- request:
    body: null
    headers:
      Accept: [application/json]
      Accept-Encoding: ['gzip, deflate']
      CommandName: [vmss create]
      Connection: [keep-alive]
      Content-Type: [application/json; charset=utf-8]
      User-Agent: [python/3.5.3 (Windows-10-10.0.16299-SP0) requests/2.18.4 msrest/0.4.27
          msrest_azure/0.4.22 resourcemanagementclient/1.2.1 Azure-SDK-For-Python
          AZURECLI/2.0.29]
      accept-language: [en-US]
    method: GET
    uri: https://management.azure.com/subscriptions/00000000-0000-0000-0000-000000000000/resourcegroups/clitest.rg000001?api-version=2017-05-10
  response:
    body: {string: '{"id":"/subscriptions/00000000-0000-0000-0000-000000000000/resourceGroups/clitest.rg000001","name":"clitest.rg000001","location":"westcentralus","tags":{"use":"az-test"},"properties":{"provisioningState":"Succeeded"}}'}
    headers:
      cache-control: [no-cache]
      content-length: ['225']
      content-type: [application/json; charset=utf-8]
      date: ['Mon, 12 Mar 2018 21:08:31 GMT']
      expires: ['-1']
      pragma: [no-cache]
      strict-transport-security: [max-age=31536000; includeSubDomains]
      vary: [Accept-Encoding]
      x-content-type-options: [nosniff]
    status: {code: 200, message: OK}
- request:
    body: null
    headers:
      Accept: ['*/*']
      Accept-Encoding: ['gzip, deflate']
      Connection: [keep-alive]
      User-Agent: [python-requests/2.18.4]
    method: GET
    uri: https://raw.githubusercontent.com/Azure/azure-rest-api-specs/master/arm-compute/quickstart-templates/aliases.json
  response:
    body: {string: "{\n  \"$schema\":\"http://schema.management.azure.com/schemas/2015-01-01/deploymentTemplate.json\"\
        ,\n  \"contentVersion\":\"1.0.0.0\",\n  \"parameters\":{},\n  \"variables\"\
        :{},\n  \"resources\":[],\n\n  \"outputs\":{\n    \"aliases\":{\n      \"\
        type\":\"object\",\n      \"value\":{\n\n        \"Linux\":{\n          \"\
        CentOS\":{\n            \"publisher\":\"OpenLogic\",\n            \"offer\"\
        :\"CentOS\",\n            \"sku\":\"7.3\",\n            \"version\":\"latest\"\
        \n          },\n          \"CoreOS\":{\n            \"publisher\":\"CoreOS\"\
        ,\n            \"offer\":\"CoreOS\",\n            \"sku\":\"Stable\",\n  \
        \          \"version\":\"latest\"\n          },\n          \"Debian\":{\n\
        \            \"publisher\":\"credativ\",\n            \"offer\":\"Debian\"\
        ,\n            \"sku\":\"8\",\n            \"version\":\"latest\"\n      \
        \    },\n          \"openSUSE-Leap\": {\n            \"publisher\":\"SUSE\"\
        ,\n            \"offer\":\"openSUSE-Leap\",\n            \"sku\":\"42.2\"\
        ,\n            \"version\": \"latest\"\n          },\n          \"RHEL\":{\n\
        \            \"publisher\":\"RedHat\",\n            \"offer\":\"RHEL\",\n\
        \            \"sku\":\"7.3\",\n            \"version\":\"latest\"\n      \
        \    },\n          \"SLES\":{\n            \"publisher\":\"SUSE\",\n     \
        \       \"offer\":\"SLES\",\n            \"sku\":\"12-SP2\",\n           \
        \ \"version\":\"latest\"\n          },\n          \"UbuntuLTS\":{\n      \
        \      \"publisher\":\"Canonical\",\n            \"offer\":\"UbuntuServer\"\
        ,\n            \"sku\":\"16.04-LTS\",\n            \"version\":\"latest\"\n\
        \          }\n        },\n\n        \"Windows\":{\n          \"Win2016Datacenter\"\
        :{\n            \"publisher\":\"MicrosoftWindowsServer\",\n            \"\
        offer\":\"WindowsServer\",\n            \"sku\":\"2016-Datacenter\",\n   \
        \         \"version\":\"latest\"\n          },\n          \"Win2012R2Datacenter\"\
        :{\n            \"publisher\":\"MicrosoftWindowsServer\",\n            \"\
        offer\":\"WindowsServer\",\n            \"sku\":\"2012-R2-Datacenter\",\n\
        \            \"version\":\"latest\"\n          },\n          \"Win2012Datacenter\"\
        :{\n            \"publisher\":\"MicrosoftWindowsServer\",\n            \"\
        offer\":\"WindowsServer\",\n            \"sku\":\"2012-Datacenter\",\n   \
        \         \"version\":\"latest\"\n          },\n          \"Win2008R2SP1\"\
        :{\n            \"publisher\":\"MicrosoftWindowsServer\",\n            \"\
        offer\":\"WindowsServer\",\n            \"sku\":\"2008-R2-SP1\",\n       \
        \     \"version\":\"latest\"\n          }\n        }\n      }\n    }\n  }\n\
        }\n"}
    headers:
      accept-ranges: [bytes]
      access-control-allow-origin: ['*']
      cache-control: [max-age=300]
      connection: [keep-alive]
      content-length: ['2235']
      content-security-policy: [default-src 'none'; style-src 'unsafe-inline'; sandbox]
      content-type: [text/plain; charset=utf-8]
      date: ['Mon, 12 Mar 2018 21:08:32 GMT']
      etag: ['"d6824855d13e27c5258a680eb60f635d088fd05e"']
      expires: ['Mon, 12 Mar 2018 21:13:32 GMT']
      source-age: ['0']
      strict-transport-security: [max-age=31536000]
      vary: ['Authorization,Accept-Encoding']
      via: [1.1 varnish]
      x-cache: [MISS]
      x-cache-hits: ['0']
      x-content-type-options: [nosniff]
      x-fastly-request-id: [7bc69623cea5efda9622ffd18217ebf7f1377e53]
      x-frame-options: [deny]
      x-geo-block-list: ['']
      x-github-request-id: ['C5B2:6113:3B46087:3E7AD64:5AA6EC50']
      x-served-by: [cache-sea1033-SEA]
      x-timer: ['S1520888912.186107,VS0,VE23']
      x-xss-protection: [1; mode=block]
    status: {code: 200, message: OK}
- request:
    body: null
    headers:
      Accept: [application/json]
      Accept-Encoding: ['gzip, deflate']
      CommandName: [vmss create]
      Connection: [keep-alive]
      Content-Type: [application/json; charset=utf-8]
      User-Agent: [python/3.5.3 (Windows-10-10.0.16299-SP0) requests/2.18.4 msrest/0.4.27
          msrest_azure/0.4.22 networkmanagementclient/2.0.0rc1 Azure-SDK-For-Python
          AZURECLI/2.0.29]
      accept-language: [en-US]
    method: GET
    uri: https://management.azure.com/subscriptions/00000000-0000-0000-0000-000000000000/resourceGroups/clitest.rg000001/providers/Microsoft.Network/virtualNetworks?api-version=2018-01-01
  response:
    body: {string: '{"value":[]}'}
    headers:
      cache-control: [no-cache]
      content-length: ['12']
      content-type: [application/json; charset=utf-8]
      date: ['Mon, 12 Mar 2018 21:08:31 GMT']
      expires: ['-1']
      pragma: [no-cache]
      strict-transport-security: [max-age=31536000; includeSubDomains]
      vary: [Accept-Encoding]
      x-content-type-options: [nosniff]
    status: {code: 200, message: OK}
- request:
    body: null
    headers:
      Accept: [application/json]
      Accept-Encoding: ['gzip, deflate']
      CommandName: [vmss create]
      Connection: [keep-alive]
      Content-Type: [application/json; charset=utf-8]
      User-Agent: [python/3.5.3 (Windows-10-10.0.16299-SP0) requests/2.18.4 msrest/0.4.27
          msrest_azure/0.4.22 azure-mgmt-authorization/0.40.0 Azure-SDK-For-Python
          AZURECLI/2.0.29]
      accept-language: [en-US]
    method: GET
    uri: https://management.azure.com/subscriptions/00000000-0000-0000-0000-000000000000/resourceGroups/clitest.rg000001/providers/Microsoft.Authorization/roleDefinitions?api-version=2018-01-01-preview&$filter=roleName%20eq%20%27reader%27
  response:
    body: {string: '{"value":[{"properties":{"roleName":"Reader","type":"BuiltInRole","description":"Lets
        you view everything, but not make any changes.","assignableScopes":["/"],"permissions":[{"actions":["*/read"],"notActions":[],"dataActions":[],"notDataActions":[]}],"createdOn":"0001-01-01T08:00:00.0000000Z","updatedOn":"2018-01-30T18:08:25.4031403Z","createdBy":null,"updatedBy":null},"id":"/subscriptions/00000000-0000-0000-0000-000000000000/providers/Microsoft.Authorization/roleDefinitions/acdd72a7-3385-48ef-bd42-f606fba81ae7","type":"Microsoft.Authorization/roleDefinitions","name":"acdd72a7-3385-48ef-bd42-f606fba81ae7"}]}'}
    headers:
      cache-control: [no-cache]
      content-length: ['615']
      content-type: [application/json; charset=utf-8]
      date: ['Mon, 12 Mar 2018 21:08:32 GMT']
      expires: ['-1']
      pragma: [no-cache]
      server: [Microsoft-IIS/10.0]
      set-cookie: [x-ms-gateway-slice=productionb; path=/; secure; HttpOnly]
      strict-transport-security: [max-age=31536000; includeSubDomains]
      transfer-encoding: [chunked]
      vary: [Accept-Encoding]
      x-content-type-options: [nosniff]
      x-ms-request-charge: ['1']
      x-powered-by: [ASP.NET]
    status: {code: 200, message: OK}
- request:
    body: 'b''{"properties": {"template": {"outputs": {"VMSS": {"value": "[reference(resourceId(\''Microsoft.Compute/virtualMachineScaleSets\'',
      \''vmss1\''),providers(\''Microsoft.Compute\'', \''virtualMachineScaleSets\'').apiVersions[0])]",
      "type": "object"}}, "parameters": {}, "variables": {}, "$schema": "https://schema.management.azure.com/schemas/2015-01-01/deploymentTemplate.json#",
      "resources": [{"apiVersion": "2015-06-15", "dependsOn": [], "tags": {}, "location":
      "westcentralus", "properties": {"subnets": [{"properties": {"addressPrefix":
      "10.0.0.0/24"}, "name": "vmss1Subnet"}], "addressSpace": {"addressPrefixes":
      ["10.0.0.0/16"]}}, "type": "Microsoft.Network/virtualNetworks", "name": "vmss1VNET"},
      {"apiVersion": "2018-01-01", "dependsOn": [], "sku": {"name": "Basic"}, "tags":
      {}, "location": "westcentralus", "properties": {"publicIPAllocationMethod":
      "Dynamic"}, "type": "Microsoft.Network/publicIPAddresses", "name": "vmss1LBPublicIP"},
      {"apiVersion": "2018-01-01", "dependsOn": ["Microsoft.Network/virtualNetworks/vmss1VNET",
      "Microsoft.Network/publicIpAddresses/vmss1LBPublicIP"], "sku": {"name": "Basic"},
      "tags": {}, "location": "westcentralus", "properties": {"backendAddressPools":
      [{"name": "vmss1LBBEPool"}], "frontendIPConfigurations": [{"properties": {"publicIPAddress":
      {"id": "/subscriptions/00000000-0000-0000-0000-000000000000/resourceGroups/clitest.rg000001/providers/Microsoft.Network/publicIPAddresses/vmss1LBPublicIP"}},
      "name": "loadBalancerFrontEnd"}], "inboundNatPools": [{"properties": {"frontendIPConfiguration":
      {"id": "[concat(resourceId(\''Microsoft.Network/loadBalancers\'', \''vmss1LB\''),
      \''/frontendIPConfigurations/\'', \''loadBalancerFrontEnd\'')]"}, "frontendPortRangeStart":
      "50000", "frontendPortRangeEnd": "50119", "backendPort": 22, "protocol": "tcp"},
      "name": "vmss1LBNatPool"}]}, "type": "Microsoft.Network/loadBalancers", "name":
      "vmss1LB"}, {"apiVersion": "2015-07-01", "dependsOn": ["Microsoft.Compute/virtualMachineScaleSets/vmss1"],
      "properties": {"roleDefinitionId": "/subscriptions/00000000-0000-0000-0000-000000000000/providers/Microsoft.Authorization/roleDefinitions/acdd72a7-3385-48ef-bd42-f606fba81ae7",
      "scope": "/subscriptions/00000000-0000-0000-0000-000000000000/resourceGroups/clitest.rg000001",
      "principalId": "[reference(\''/subscriptions/00000000-0000-0000-0000-000000000000/resourceGroups/clitest.rg000001/providers/Microsoft.Compute/virtualMachineScaleSets/vmss1/providers/Microsoft.ManagedIdentity/Identities/default\'',
      \''2015-08-31-PREVIEW\'').principalId]"}, "type": "Microsoft.Authorization/roleAssignments",
      "name": "d897fcc0-8de2-4172-ad5c-81314542ac14"}, {"apiVersion": "2017-12-01",
      "type": "Microsoft.Compute/virtualMachineScaleSets", "dependsOn": ["Microsoft.Network/virtualNetworks/vmss1VNET",
      "Microsoft.Network/loadBalancers/vmss1LB"], "sku": {"capacity": 1, "name": "Standard_D1_v2"},
      "tags": {}, "location": "westcentralus", "properties": {"singlePlacementGroup":
      true, "overprovision": true, "upgradePolicy": {"mode": "manual"}, "virtualMachineProfile":
      {"networkProfile": {"networkInterfaceConfigurations": [{"properties": {"ipConfigurations":
      [{"properties": {"loadBalancerInboundNatPools": [{"id": "/subscriptions/00000000-0000-0000-0000-000000000000/resourceGroups/clitest.rg000001/providers/Microsoft.Network/loadBalancers/vmss1LB/inboundNatPools/vmss1LBNatPool"}],
      "loadBalancerBackendAddressPools": [{"id": "/subscriptions/00000000-0000-0000-0000-000000000000/resourceGroups/clitest.rg000001/providers/Microsoft.Network/loadBalancers/vmss1LB/backendAddressPools/vmss1LBBEPool"}],
      "subnet": {"id": "/subscriptions/00000000-0000-0000-0000-000000000000/resourceGroups/clitest.rg000001/providers/Microsoft.Network/virtualNetworks/vmss1VNET/subnets/vmss1Subnet"}},
      "name": "vmss12822IPConfig"}], "primary": "true"}, "name": "vmss12822Nic"}]},
      "extensionProfile": {"extensions": [{"properties": {"publisher": "Microsoft.ManagedIdentity",
      "settings": {"port": 50342}, "typeHandlerVersion": "1.0", "type": "ManagedIdentityExtensionForLinux",
      "autoUpgradeMinorVersion": true}, "name": "ManagedIdentityExtensionForLinux"}]},
      "osProfile": {"computerNamePrefix": "vmss12822", "linuxConfiguration": {"disablePasswordAuthentication":
      true, "ssh": {"publicKeys": [{"keyData": "ssh-rsa AAAAB3NzaC1yc2EAAAADAQABAAABAQCaQ1KLeMgSuB7YfE9J8CIFBgyXuaUTjh2mcJL8F8PKS+ad3czClma99lDBSmXaIrdPcdyn/A5RfauijgTKPNbC64FgnbtNjTWjyb4NSJyXKP9BlbGqvz8xxO+CPOTvNe7GOPi9l0pZZLq8uXB1D4G6h54BBaEqpLIWGNDusllfRyy2Z9zIOCSuVmpss+zq1nWmiB3mrDTm36DO1jQFnOaytYYBrluulJ6fAn6vHI3vW/mDugwCb5KzT0hcKT2UeuM75odM/OS8I4YneDxdCz0Gu456o4izTHchGXWZURxJlSUD1znIMMJDJmxHbD+bhnfcZ8Xu5KxNDPhUCTYeN/oH
      yugangw@YUGANGW1\\n", "path": "/home/ubuntuadmin/.ssh/authorized_keys"}]}},
      "adminUsername": "ubuntuadmin"}, "storageProfile": {"osDisk": {"caching": "ReadWrite",
      "createOption": "FromImage", "managedDisk": {"storageAccountType": null}}, "imageReference":
      {"publisher": "Canonical", "version": "latest", "sku": "16.04-LTS", "offer":
      "UbuntuServer"}}}}, "identity": {"identityIds": ["/subscriptions/00000000-0000-0000-0000-000000000000/resourceGroups/clitest.rg000001/providers/Microsoft.ManagedIdentity/userAssignedIdentities/id1"],
      "type": "SystemAssigned,UserAssigned"}, "name": "vmss1"}], "contentVersion":
      "1.0.0.0"}, "parameters": {}, "mode": "Incremental"}}'''
    headers:
      Accept: [application/json]
      Accept-Encoding: ['gzip, deflate']
      CommandName: [vmss create]
      Connection: [keep-alive]
      Content-Length: ['5286']
      Content-Type: [application/json; charset=utf-8]
      User-Agent: [python/3.5.3 (Windows-10-10.0.16299-SP0) requests/2.18.4 msrest/0.4.27
          msrest_azure/0.4.22 resourcemanagementclient/1.2.1 Azure-SDK-For-Python
          AZURECLI/2.0.29]
      accept-language: [en-US]
    method: PUT
    uri: https://management.azure.com/subscriptions/00000000-0000-0000-0000-000000000000/resourcegroups/clitest.rg000001/providers/Microsoft.Resources/deployments/mock-deployment?api-version=2017-05-10
  response:
    body: {string: '{"id":"/subscriptions/00000000-0000-0000-0000-000000000000/resourceGroups/clitest.rg000001/providers/Microsoft.Resources/deployments/vmss_deploy_92tayXbSaQEanwOILSiyzzvRX63wBoHk","name":"vmss_deploy_92tayXbSaQEanwOILSiyzzvRX63wBoHk","properties":{"templateHash":"16771340088591909654","parameters":{},"mode":"Incremental","provisioningState":"Accepted","timestamp":"2018-03-12T21:08:34.5958372Z","duration":"PT0.5876583S","correlationId":"89c5cd99-5156-4db4-88e1-ca47f9d7b369","providers":[{"namespace":"Microsoft.Network","resourceTypes":[{"resourceType":"virtualNetworks","locations":["westcentralus"]},{"resourceType":"publicIPAddresses","locations":["westcentralus"]},{"resourceType":"loadBalancers","locations":["westcentralus"]}]},{"namespace":"Microsoft.Authorization","resourceTypes":[{"resourceType":"roleAssignments","locations":[null]}]},{"namespace":"Microsoft.Compute","resourceTypes":[{"resourceType":"virtualMachineScaleSets","locations":["westcentralus"]}]}],"dependencies":[{"dependsOn":[{"id":"/subscriptions/00000000-0000-0000-0000-000000000000/resourceGroups/clitest.rg000001/providers/Microsoft.Network/virtualNetworks/vmss1VNET","resourceType":"Microsoft.Network/virtualNetworks","resourceName":"vmss1VNET"},{"id":"/subscriptions/00000000-0000-0000-0000-000000000000/resourceGroups/clitest.rg000001/providers/Microsoft.Network/publicIPAddresses/vmss1LBPublicIP","resourceType":"Microsoft.Network/publicIPAddresses","resourceName":"vmss1LBPublicIP"}],"id":"/subscriptions/00000000-0000-0000-0000-000000000000/resourceGroups/clitest.rg000001/providers/Microsoft.Network/loadBalancers/vmss1LB","resourceType":"Microsoft.Network/loadBalancers","resourceName":"vmss1LB"},{"dependsOn":[{"id":"/subscriptions/00000000-0000-0000-0000-000000000000/resourceGroups/clitest.rg000001/providers/Microsoft.Compute/virtualMachineScaleSets/vmss1","resourceType":"Microsoft.Compute/virtualMachineScaleSets","resourceName":"vmss1"},{"id":"/subscriptions/00000000-0000-0000-0000-000000000000/resourceGroups/clitest.rg000001/providers/Microsoft.Compute/virtualMachineScaleSets/vmss1/providers/Microsoft.ManagedIdentity/Identities/default","resourceType":"Microsoft.Compute/virtualMachineScaleSets/providers/Identities","resourceName":"vmss1/Microsoft.ManagedIdentity/default","apiVersion":"2015-08-31-PREVIEW"}],"id":"/subscriptions/00000000-0000-0000-0000-000000000000/resourceGroups/clitest.rg000001/providers/Microsoft.Authorization/roleAssignments/d897fcc0-8de2-4172-ad5c-81314542ac14","resourceType":"Microsoft.Authorization/roleAssignments","resourceName":"d897fcc0-8de2-4172-ad5c-81314542ac14"},{"dependsOn":[{"id":"/subscriptions/00000000-0000-0000-0000-000000000000/resourceGroups/clitest.rg000001/providers/Microsoft.Network/virtualNetworks/vmss1VNET","resourceType":"Microsoft.Network/virtualNetworks","resourceName":"vmss1VNET"},{"id":"/subscriptions/00000000-0000-0000-0000-000000000000/resourceGroups/clitest.rg000001/providers/Microsoft.Network/loadBalancers/vmss1LB","resourceType":"Microsoft.Network/loadBalancers","resourceName":"vmss1LB"}],"id":"/subscriptions/00000000-0000-0000-0000-000000000000/resourceGroups/clitest.rg000001/providers/Microsoft.Compute/virtualMachineScaleSets/vmss1","resourceType":"Microsoft.Compute/virtualMachineScaleSets","resourceName":"vmss1"}]}}'}
    headers:
      azure-asyncoperation: ['https://management.azure.com/subscriptions/00000000-0000-0000-0000-000000000000/resourcegroups/clitest.rg000001/providers/Microsoft.Resources/deployments/vmss_deploy_92tayXbSaQEanwOILSiyzzvRX63wBoHk/operationStatuses/08586807179714694552?api-version=2017-05-10']
      cache-control: [no-cache]
      content-length: ['3334']
      content-type: [application/json; charset=utf-8]
      date: ['Mon, 12 Mar 2018 21:08:34 GMT']
      expires: ['-1']
      pragma: [no-cache]
      strict-transport-security: [max-age=31536000; includeSubDomains]
      x-content-type-options: [nosniff]
      x-ms-ratelimit-remaining-subscription-writes: ['1188']
    status: {code: 201, message: Created}
- request:
    body: null
    headers:
      Accept: [application/json]
      Accept-Encoding: ['gzip, deflate']
      CommandName: [vmss create]
      Connection: [keep-alive]
      Content-Type: [application/json; charset=utf-8]
      User-Agent: [python/3.5.3 (Windows-10-10.0.16299-SP0) requests/2.18.4 msrest/0.4.27
          msrest_azure/0.4.22 resourcemanagementclient/1.2.1 Azure-SDK-For-Python
          AZURECLI/2.0.29]
      accept-language: [en-US]
    method: GET
    uri: https://management.azure.com/subscriptions/00000000-0000-0000-0000-000000000000/resourcegroups/clitest.rg000001/providers/Microsoft.Resources/deployments/mock-deployment/operationStatuses/08586807179714694552?api-version=2017-05-10
  response:
    body: {string: '{"status":"Running"}'}
    headers:
      cache-control: [no-cache]
      content-length: ['20']
      content-type: [application/json; charset=utf-8]
      date: ['Mon, 12 Mar 2018 21:09:04 GMT']
      expires: ['-1']
      pragma: [no-cache]
      strict-transport-security: [max-age=31536000; includeSubDomains]
      vary: [Accept-Encoding]
      x-content-type-options: [nosniff]
    status: {code: 200, message: OK}
- request:
    body: null
    headers:
      Accept: [application/json]
      Accept-Encoding: ['gzip, deflate']
      CommandName: [vmss create]
      Connection: [keep-alive]
      Content-Type: [application/json; charset=utf-8]
      User-Agent: [python/3.5.3 (Windows-10-10.0.16299-SP0) requests/2.18.4 msrest/0.4.27
          msrest_azure/0.4.22 resourcemanagementclient/1.2.1 Azure-SDK-For-Python
          AZURECLI/2.0.29]
      accept-language: [en-US]
    method: GET
    uri: https://management.azure.com/subscriptions/00000000-0000-0000-0000-000000000000/resourcegroups/clitest.rg000001/providers/Microsoft.Resources/deployments/mock-deployment/operationStatuses/08586807179714694552?api-version=2017-05-10
  response:
    body: {string: '{"status":"Running"}'}
    headers:
      cache-control: [no-cache]
      content-length: ['20']
      content-type: [application/json; charset=utf-8]
      date: ['Mon, 12 Mar 2018 21:09:35 GMT']
      expires: ['-1']
      pragma: [no-cache]
      strict-transport-security: [max-age=31536000; includeSubDomains]
      vary: [Accept-Encoding]
      x-content-type-options: [nosniff]
    status: {code: 200, message: OK}
- request:
    body: null
    headers:
      Accept: [application/json]
      Accept-Encoding: ['gzip, deflate']
      CommandName: [vmss create]
      Connection: [keep-alive]
      Content-Type: [application/json; charset=utf-8]
      User-Agent: [python/3.5.3 (Windows-10-10.0.16299-SP0) requests/2.18.4 msrest/0.4.27
          msrest_azure/0.4.22 resourcemanagementclient/1.2.1 Azure-SDK-For-Python
          AZURECLI/2.0.29]
      accept-language: [en-US]
    method: GET
    uri: https://management.azure.com/subscriptions/00000000-0000-0000-0000-000000000000/resourcegroups/clitest.rg000001/providers/Microsoft.Resources/deployments/mock-deployment/operationStatuses/08586807179714694552?api-version=2017-05-10
  response:
    body: {string: '{"status":"Running"}'}
    headers:
      cache-control: [no-cache]
      content-length: ['20']
      content-type: [application/json; charset=utf-8]
      date: ['Mon, 12 Mar 2018 21:10:05 GMT']
      expires: ['-1']
      pragma: [no-cache]
      strict-transport-security: [max-age=31536000; includeSubDomains]
      vary: [Accept-Encoding]
      x-content-type-options: [nosniff]
    status: {code: 200, message: OK}
- request:
    body: null
    headers:
      Accept: [application/json]
      Accept-Encoding: ['gzip, deflate']
      CommandName: [vmss create]
      Connection: [keep-alive]
      Content-Type: [application/json; charset=utf-8]
      User-Agent: [python/3.5.3 (Windows-10-10.0.16299-SP0) requests/2.18.4 msrest/0.4.27
          msrest_azure/0.4.22 resourcemanagementclient/1.2.1 Azure-SDK-For-Python
          AZURECLI/2.0.29]
      accept-language: [en-US]
    method: GET
    uri: https://management.azure.com/subscriptions/00000000-0000-0000-0000-000000000000/resourcegroups/clitest.rg000001/providers/Microsoft.Resources/deployments/mock-deployment/operationStatuses/08586807179714694552?api-version=2017-05-10
  response:
    body: {string: '{"status":"Running"}'}
    headers:
      cache-control: [no-cache]
      content-length: ['20']
      content-type: [application/json; charset=utf-8]
      date: ['Mon, 12 Mar 2018 21:10:35 GMT']
      expires: ['-1']
      pragma: [no-cache]
      strict-transport-security: [max-age=31536000; includeSubDomains]
      vary: [Accept-Encoding]
      x-content-type-options: [nosniff]
    status: {code: 200, message: OK}
- request:
    body: null
    headers:
      Accept: [application/json]
      Accept-Encoding: ['gzip, deflate']
      CommandName: [vmss create]
      Connection: [keep-alive]
      Content-Type: [application/json; charset=utf-8]
      User-Agent: [python/3.5.3 (Windows-10-10.0.16299-SP0) requests/2.18.4 msrest/0.4.27
          msrest_azure/0.4.22 resourcemanagementclient/1.2.1 Azure-SDK-For-Python
          AZURECLI/2.0.29]
      accept-language: [en-US]
    method: GET
    uri: https://management.azure.com/subscriptions/00000000-0000-0000-0000-000000000000/resourcegroups/clitest.rg000001/providers/Microsoft.Resources/deployments/mock-deployment/operationStatuses/08586807179714694552?api-version=2017-05-10
  response:
    body: {string: '{"status":"Running"}'}
    headers:
      cache-control: [no-cache]
      content-length: ['20']
      content-type: [application/json; charset=utf-8]
      date: ['Mon, 12 Mar 2018 21:11:05 GMT']
      expires: ['-1']
      pragma: [no-cache]
      strict-transport-security: [max-age=31536000; includeSubDomains]
      vary: [Accept-Encoding]
      x-content-type-options: [nosniff]
    status: {code: 200, message: OK}
- request:
    body: null
    headers:
      Accept: [application/json]
      Accept-Encoding: ['gzip, deflate']
      CommandName: [vmss create]
      Connection: [keep-alive]
      Content-Type: [application/json; charset=utf-8]
      User-Agent: [python/3.5.3 (Windows-10-10.0.16299-SP0) requests/2.18.4 msrest/0.4.27
          msrest_azure/0.4.22 resourcemanagementclient/1.2.1 Azure-SDK-For-Python
          AZURECLI/2.0.29]
      accept-language: [en-US]
    method: GET
    uri: https://management.azure.com/subscriptions/00000000-0000-0000-0000-000000000000/resourcegroups/clitest.rg000001/providers/Microsoft.Resources/deployments/mock-deployment/operationStatuses/08586807179714694552?api-version=2017-05-10
  response:
    body: {string: '{"status":"Succeeded"}'}
    headers:
      cache-control: [no-cache]
      content-length: ['22']
      content-type: [application/json; charset=utf-8]
      date: ['Mon, 12 Mar 2018 21:11:36 GMT']
      expires: ['-1']
      pragma: [no-cache]
      strict-transport-security: [max-age=31536000; includeSubDomains]
      vary: [Accept-Encoding]
      x-content-type-options: [nosniff]
    status: {code: 200, message: OK}
- request:
    body: null
    headers:
      Accept: [application/json]
      Accept-Encoding: ['gzip, deflate']
      CommandName: [vmss create]
      Connection: [keep-alive]
      Content-Type: [application/json; charset=utf-8]
      User-Agent: [python/3.5.3 (Windows-10-10.0.16299-SP0) requests/2.18.4 msrest/0.4.27
          msrest_azure/0.4.22 resourcemanagementclient/1.2.1 Azure-SDK-For-Python
          AZURECLI/2.0.29]
      accept-language: [en-US]
    method: GET
    uri: https://management.azure.com/subscriptions/00000000-0000-0000-0000-000000000000/resourcegroups/clitest.rg000001/providers/Microsoft.Resources/deployments/mock-deployment?api-version=2017-05-10
  response:
    body: {string: '{"id":"/subscriptions/00000000-0000-0000-0000-000000000000/resourceGroups/clitest.rg000001/providers/Microsoft.Resources/deployments/vmss_deploy_92tayXbSaQEanwOILSiyzzvRX63wBoHk","name":"vmss_deploy_92tayXbSaQEanwOILSiyzzvRX63wBoHk","properties":{"templateHash":"16771340088591909654","parameters":{},"mode":"Incremental","provisioningState":"Succeeded","timestamp":"2018-03-12T21:11:28.9011822Z","duration":"PT2M54.8930033S","correlationId":"89c5cd99-5156-4db4-88e1-ca47f9d7b369","providers":[{"namespace":"Microsoft.Network","resourceTypes":[{"resourceType":"virtualNetworks","locations":["westcentralus"]},{"resourceType":"publicIPAddresses","locations":["westcentralus"]},{"resourceType":"loadBalancers","locations":["westcentralus"]}]},{"namespace":"Microsoft.Authorization","resourceTypes":[{"resourceType":"roleAssignments","locations":[null]}]},{"namespace":"Microsoft.Compute","resourceTypes":[{"resourceType":"virtualMachineScaleSets","locations":["westcentralus"]}]}],"dependencies":[{"dependsOn":[{"id":"/subscriptions/00000000-0000-0000-0000-000000000000/resourceGroups/clitest.rg000001/providers/Microsoft.Network/virtualNetworks/vmss1VNET","resourceType":"Microsoft.Network/virtualNetworks","resourceName":"vmss1VNET"},{"id":"/subscriptions/00000000-0000-0000-0000-000000000000/resourceGroups/clitest.rg000001/providers/Microsoft.Network/publicIPAddresses/vmss1LBPublicIP","resourceType":"Microsoft.Network/publicIPAddresses","resourceName":"vmss1LBPublicIP"}],"id":"/subscriptions/00000000-0000-0000-0000-000000000000/resourceGroups/clitest.rg000001/providers/Microsoft.Network/loadBalancers/vmss1LB","resourceType":"Microsoft.Network/loadBalancers","resourceName":"vmss1LB"},{"dependsOn":[{"id":"/subscriptions/00000000-0000-0000-0000-000000000000/resourceGroups/clitest.rg000001/providers/Microsoft.Compute/virtualMachineScaleSets/vmss1","resourceType":"Microsoft.Compute/virtualMachineScaleSets","resourceName":"vmss1"},{"id":"/subscriptions/00000000-0000-0000-0000-000000000000/resourceGroups/clitest.rg000001/providers/Microsoft.Compute/virtualMachineScaleSets/vmss1/providers/Microsoft.ManagedIdentity/Identities/default","resourceType":"Microsoft.Compute/virtualMachineScaleSets/providers/Identities","resourceName":"vmss1/Microsoft.ManagedIdentity/default","apiVersion":"2015-08-31-PREVIEW"}],"id":"/subscriptions/00000000-0000-0000-0000-000000000000/resourceGroups/clitest.rg000001/providers/Microsoft.Authorization/roleAssignments/d897fcc0-8de2-4172-ad5c-81314542ac14","resourceType":"Microsoft.Authorization/roleAssignments","resourceName":"d897fcc0-8de2-4172-ad5c-81314542ac14"},{"dependsOn":[{"id":"/subscriptions/00000000-0000-0000-0000-000000000000/resourceGroups/clitest.rg000001/providers/Microsoft.Network/virtualNetworks/vmss1VNET","resourceType":"Microsoft.Network/virtualNetworks","resourceName":"vmss1VNET"},{"id":"/subscriptions/00000000-0000-0000-0000-000000000000/resourceGroups/clitest.rg000001/providers/Microsoft.Network/loadBalancers/vmss1LB","resourceType":"Microsoft.Network/loadBalancers","resourceName":"vmss1LB"}],"id":"/subscriptions/00000000-0000-0000-0000-000000000000/resourceGroups/clitest.rg000001/providers/Microsoft.Compute/virtualMachineScaleSets/vmss1","resourceType":"Microsoft.Compute/virtualMachineScaleSets","resourceName":"vmss1"}],"outputs":{"vmss":{"type":"Object","value":{"singlePlacementGroup":true,"upgradePolicy":{"mode":"Manual","automaticOSUpgrade":false},"virtualMachineProfile":{"osProfile":{"computerNamePrefix":"vmss12822","adminUsername":"ubuntuadmin","linuxConfiguration":{"disablePasswordAuthentication":true,"ssh":{"publicKeys":[{"path":"/home/ubuntuadmin/.ssh/authorized_keys","keyData":"ssh-rsa
        AAAAB3NzaC1yc2EAAAADAQABAAABAQCaQ1KLeMgSuB7YfE9J8CIFBgyXuaUTjh2mcJL8F8PKS+ad3czClma99lDBSmXaIrdPcdyn/A5RfauijgTKPNbC64FgnbtNjTWjyb4NSJyXKP9BlbGqvz8xxO+CPOTvNe7GOPi9l0pZZLq8uXB1D4G6h54BBaEqpLIWGNDusllfRyy2Z9zIOCSuVmpss+zq1nWmiB3mrDTm36DO1jQFnOaytYYBrluulJ6fAn6vHI3vW/mDugwCb5KzT0hcKT2UeuM75odM/OS8I4YneDxdCz0Gu456o4izTHchGXWZURxJlSUD1znIMMJDJmxHbD+bhnfcZ8Xu5KxNDPhUCTYeN/oH
        yugangw@YUGANGW1\n"}]}},"secrets":[]},"storageProfile":{"osDisk":{"createOption":"FromImage","caching":"ReadWrite","managedDisk":{"storageAccountType":"Standard_LRS"}},"imageReference":{"publisher":"Canonical","offer":"UbuntuServer","sku":"16.04-LTS","version":"latest"}},"networkProfile":{"networkInterfaceConfigurations":[{"name":"vmss12822Nic","properties":{"primary":true,"enableAcceleratedNetworking":false,"dnsSettings":{"dnsServers":[]},"enableIPForwarding":false,"ipConfigurations":[{"name":"vmss12822IPConfig","properties":{"subnet":{"id":"/subscriptions/00000000-0000-0000-0000-000000000000/resourceGroups/clitest.rg000001/providers/Microsoft.Network/virtualNetworks/vmss1VNET/subnets/vmss1Subnet"},"privateIPAddressVersion":"IPv4","loadBalancerBackendAddressPools":[{"id":"/subscriptions/00000000-0000-0000-0000-000000000000/resourceGroups/clitest.rg000001/providers/Microsoft.Network/loadBalancers/vmss1LB/backendAddressPools/vmss1LBBEPool"}],"loadBalancerInboundNatPools":[{"id":"/subscriptions/00000000-0000-0000-0000-000000000000/resourceGroups/clitest.rg000001/providers/Microsoft.Network/loadBalancers/vmss1LB/inboundNatPools/vmss1LBNatPool"}]}}]}}]},"extensionProfile":{"extensions":[{"properties":{"publisher":"Microsoft.ManagedIdentity","type":"ManagedIdentityExtensionForLinux","typeHandlerVersion":"1.0","autoUpgradeMinorVersion":true,"settings":{"port":50342}},"name":"ManagedIdentityExtensionForLinux"}]}},"provisioningState":"Succeeded","overprovision":true,"uniqueId":"2fe213a4-725c-4acf-8bb2-591f70f94b96"}}},"outputResources":[{"id":"/subscriptions/00000000-0000-0000-0000-000000000000/resourceGroups/clitest.rg000001/providers/Microsoft.Authorization/roleAssignments/d897fcc0-8de2-4172-ad5c-81314542ac14"},{"id":"/subscriptions/00000000-0000-0000-0000-000000000000/resourceGroups/clitest.rg000001/providers/Microsoft.Compute/virtualMachineScaleSets/vmss1"},{"id":"/subscriptions/00000000-0000-0000-0000-000000000000/resourceGroups/clitest.rg000001/providers/Microsoft.Network/loadBalancers/vmss1LB"},{"id":"/subscriptions/00000000-0000-0000-0000-000000000000/resourceGroups/clitest.rg000001/providers/Microsoft.Network/publicIPAddresses/vmss1LBPublicIP"},{"id":"/subscriptions/00000000-0000-0000-0000-000000000000/resourceGroups/clitest.rg000001/providers/Microsoft.Network/virtualNetworks/vmss1VNET"}]}}'}
    headers:
      cache-control: [no-cache]
      content-length: ['6457']
      content-type: [application/json; charset=utf-8]
      date: ['Mon, 12 Mar 2018 21:11:37 GMT']
      expires: ['-1']
      pragma: [no-cache]
      strict-transport-security: [max-age=31536000; includeSubDomains]
      vary: [Accept-Encoding]
      x-content-type-options: [nosniff]
    status: {code: 200, message: OK}
- request:
    body: null
    headers:
      Accept: [application/json]
      Accept-Encoding: ['gzip, deflate']
      CommandName: [vmss create]
      Connection: [keep-alive]
      Content-Type: [application/json; charset=utf-8]
      User-Agent: [python/3.5.3 (Windows-10-10.0.16299-SP0) requests/2.18.4 msrest/0.4.27
          msrest_azure/0.4.22 computemanagementclient/3.1.0rc3 Azure-SDK-For-Python
          AZURECLI/2.0.29]
      accept-language: [en-US]
    method: GET
    uri: https://management.azure.com/subscriptions/00000000-0000-0000-0000-000000000000/resourceGroups/clitest.rg000001/providers/Microsoft.Compute/virtualMachineScaleSets/vmss1?api-version=2017-12-01
  response:
    body: {string: "{\r\n  \"sku\": {\r\n    \"name\": \"Standard_D1_v2\",\r\n   \
        \ \"tier\": \"Standard\",\r\n    \"capacity\": 1\r\n  },\r\n  \"properties\"\
        : {\r\n    \"singlePlacementGroup\": true,\r\n    \"upgradePolicy\": {\r\n\
        \      \"mode\": \"Manual\",\r\n      \"automaticOSUpgrade\": false\r\n  \
        \  },\r\n    \"virtualMachineProfile\": {\r\n      \"osProfile\": {\r\n  \
        \      \"computerNamePrefix\": \"vmss12822\",\r\n        \"adminUsername\"\
        : \"ubuntuadmin\",\r\n        \"linuxConfiguration\": {\r\n          \"disablePasswordAuthentication\"\
        : true,\r\n          \"ssh\": {\r\n            \"publicKeys\": [\r\n     \
        \         {\r\n                \"path\": \"/home/ubuntuadmin/.ssh/authorized_keys\"\
        ,\r\n                \"keyData\": \"ssh-rsa AAAAB3NzaC1yc2EAAAADAQABAAABAQCaQ1KLeMgSuB7YfE9J8CIFBgyXuaUTjh2mcJL8F8PKS+ad3czClma99lDBSmXaIrdPcdyn/A5RfauijgTKPNbC64FgnbtNjTWjyb4NSJyXKP9BlbGqvz8xxO+CPOTvNe7GOPi9l0pZZLq8uXB1D4G6h54BBaEqpLIWGNDusllfRyy2Z9zIOCSuVmpss+zq1nWmiB3mrDTm36DO1jQFnOaytYYBrluulJ6fAn6vHI3vW/mDugwCb5KzT0hcKT2UeuM75odM/OS8I4YneDxdCz0Gu456o4izTHchGXWZURxJlSUD1znIMMJDJmxHbD+bhnfcZ8Xu5KxNDPhUCTYeN/oH\
        \ yugangw@YUGANGW1\\n\"\r\n              }\r\n            ]\r\n          }\r\
        \n        },\r\n        \"secrets\": []\r\n      },\r\n      \"storageProfile\"\
        : {\r\n        \"osDisk\": {\r\n          \"createOption\": \"FromImage\"\
        ,\r\n          \"caching\": \"ReadWrite\",\r\n          \"managedDisk\": {\r\
        \n            \"storageAccountType\": \"Standard_LRS\"\r\n          }\r\n\
        \        },\r\n        \"imageReference\": {\r\n          \"publisher\": \"\
        Canonical\",\r\n          \"offer\": \"UbuntuServer\",\r\n          \"sku\"\
        : \"16.04-LTS\",\r\n          \"version\": \"latest\"\r\n        }\r\n   \
        \   },\r\n      \"networkProfile\": {\"networkInterfaceConfigurations\":[{\"\
        name\":\"vmss12822Nic\",\"properties\":{\"primary\":true,\"enableAcceleratedNetworking\"\
        :false,\"dnsSettings\":{\"dnsServers\":[]},\"enableIPForwarding\":false,\"\
        ipConfigurations\":[{\"name\":\"vmss12822IPConfig\",\"properties\":{\"subnet\"\
        :{\"id\":\"/subscriptions/00000000-0000-0000-0000-000000000000/resourceGroups/clitest.rg000001/providers/Microsoft.Network/virtualNetworks/vmss1VNET/subnets/vmss1Subnet\"\
        },\"privateIPAddressVersion\":\"IPv4\",\"loadBalancerBackendAddressPools\"\
        :[{\"id\":\"/subscriptions/00000000-0000-0000-0000-000000000000/resourceGroups/clitest.rg000001/providers/Microsoft.Network/loadBalancers/vmss1LB/backendAddressPools/vmss1LBBEPool\"\
        }],\"loadBalancerInboundNatPools\":[{\"id\":\"/subscriptions/00000000-0000-0000-0000-000000000000/resourceGroups/clitest.rg000001/providers/Microsoft.Network/loadBalancers/vmss1LB/inboundNatPools/vmss1LBNatPool\"\
        }]}}]}}]},\r\n      \"extensionProfile\": {\r\n        \"extensions\": [\r\
        \n          {\r\n            \"properties\": {\r\n              \"publisher\"\
        : \"Microsoft.ManagedIdentity\",\r\n              \"type\": \"ManagedIdentityExtensionForLinux\"\
        ,\r\n              \"typeHandlerVersion\": \"1.0\",\r\n              \"autoUpgradeMinorVersion\"\
        : true,\r\n              \"settings\": {\"port\":50342}\r\n            },\r\
        \n            \"name\": \"ManagedIdentityExtensionForLinux\"\r\n         \
        \ }\r\n        ]\r\n      }\r\n    },\r\n    \"provisioningState\": \"Succeeded\"\
        ,\r\n    \"overprovision\": true,\r\n    \"uniqueId\": \"2fe213a4-725c-4acf-8bb2-591f70f94b96\"\
        \r\n  },\r\n  \"type\": \"Microsoft.Compute/virtualMachineScaleSets\",\r\n\
        \  \"location\": \"westcentralus\",\r\n  \"tags\": {},\r\n  \"identity\":\
        \ {\r\n    \"type\": \"SystemAssigned, UserAssigned\",\r\n    \"principalId\"\
        : \"2dacae0e-8e0f-4c6f-8c1d-90684e113454\",\r\n    \"tenantId\": \"54826b22-38d6-4fb2-bad9-b7b93a3e9c5a\"\
        ,\r\n    \"identityIds\": [\r\n      \"/subscriptions/00000000-0000-0000-0000-000000000000/resourceGroups/clitest.rg000001/providers/Microsoft.ManagedIdentity/userAssignedIdentities/id1\"\
        \r\n    ]\r\n  },\r\n  \"id\": \"/subscriptions/00000000-0000-0000-0000-000000000000/resourceGroups/clitest.rg000001/providers/Microsoft.Compute/virtualMachineScaleSets/vmss1\"\
        ,\r\n  \"name\": \"vmss1\"\r\n}"}
    headers:
      cache-control: [no-cache]
      content-length: ['3688']
      content-type: [application/json; charset=utf-8]
      date: ['Mon, 12 Mar 2018 21:11:38 GMT']
      expires: ['-1']
      pragma: [no-cache]
      server: [Microsoft-HTTPAPI/2.0, Microsoft-HTTPAPI/2.0]
      strict-transport-security: [max-age=31536000; includeSubDomains]
      transfer-encoding: [chunked]
      vary: [Accept-Encoding]
      x-content-type-options: [nosniff]
      x-ms-ratelimit-remaining-resource: ['Microsoft.Compute/GetVMScaleSet3Min;193,Microsoft.Compute/GetVMScaleSet30Min;993']
    status: {code: 200, message: OK}
- request:
    body: null
    headers:
      Accept: [application/json]
      Accept-Encoding: ['gzip, deflate']
      CommandName: [vmss identity show]
      Connection: [keep-alive]
      Content-Type: [application/json; charset=utf-8]
      User-Agent: [python/3.5.3 (Windows-10-10.0.16299-SP0) requests/2.18.4 msrest/0.4.27
          msrest_azure/0.4.22 computemanagementclient/3.1.0rc3 Azure-SDK-For-Python
          AZURECLI/2.0.29]
      accept-language: [en-US]
    method: GET
    uri: https://management.azure.com/subscriptions/00000000-0000-0000-0000-000000000000/resourceGroups/clitest.rg000001/providers/Microsoft.Compute/virtualMachineScaleSets/vmss1?api-version=2017-12-01
  response:
    body: {string: "{\r\n  \"sku\": {\r\n    \"name\": \"Standard_D1_v2\",\r\n   \
        \ \"tier\": \"Standard\",\r\n    \"capacity\": 1\r\n  },\r\n  \"properties\"\
        : {\r\n    \"singlePlacementGroup\": true,\r\n    \"upgradePolicy\": {\r\n\
        \      \"mode\": \"Manual\",\r\n      \"automaticOSUpgrade\": false\r\n  \
        \  },\r\n    \"virtualMachineProfile\": {\r\n      \"osProfile\": {\r\n  \
        \      \"computerNamePrefix\": \"vmss12822\",\r\n        \"adminUsername\"\
        : \"ubuntuadmin\",\r\n        \"linuxConfiguration\": {\r\n          \"disablePasswordAuthentication\"\
        : true,\r\n          \"ssh\": {\r\n            \"publicKeys\": [\r\n     \
        \         {\r\n                \"path\": \"/home/ubuntuadmin/.ssh/authorized_keys\"\
        ,\r\n                \"keyData\": \"ssh-rsa AAAAB3NzaC1yc2EAAAADAQABAAABAQCaQ1KLeMgSuB7YfE9J8CIFBgyXuaUTjh2mcJL8F8PKS+ad3czClma99lDBSmXaIrdPcdyn/A5RfauijgTKPNbC64FgnbtNjTWjyb4NSJyXKP9BlbGqvz8xxO+CPOTvNe7GOPi9l0pZZLq8uXB1D4G6h54BBaEqpLIWGNDusllfRyy2Z9zIOCSuVmpss+zq1nWmiB3mrDTm36DO1jQFnOaytYYBrluulJ6fAn6vHI3vW/mDugwCb5KzT0hcKT2UeuM75odM/OS8I4YneDxdCz0Gu456o4izTHchGXWZURxJlSUD1znIMMJDJmxHbD+bhnfcZ8Xu5KxNDPhUCTYeN/oH\
        \ yugangw@YUGANGW1\\n\"\r\n              }\r\n            ]\r\n          }\r\
        \n        },\r\n        \"secrets\": []\r\n      },\r\n      \"storageProfile\"\
        : {\r\n        \"osDisk\": {\r\n          \"createOption\": \"FromImage\"\
        ,\r\n          \"caching\": \"ReadWrite\",\r\n          \"managedDisk\": {\r\
        \n            \"storageAccountType\": \"Standard_LRS\"\r\n          }\r\n\
        \        },\r\n        \"imageReference\": {\r\n          \"publisher\": \"\
        Canonical\",\r\n          \"offer\": \"UbuntuServer\",\r\n          \"sku\"\
        : \"16.04-LTS\",\r\n          \"version\": \"latest\"\r\n        }\r\n   \
        \   },\r\n      \"networkProfile\": {\"networkInterfaceConfigurations\":[{\"\
        name\":\"vmss12822Nic\",\"properties\":{\"primary\":true,\"enableAcceleratedNetworking\"\
        :false,\"dnsSettings\":{\"dnsServers\":[]},\"enableIPForwarding\":false,\"\
        ipConfigurations\":[{\"name\":\"vmss12822IPConfig\",\"properties\":{\"subnet\"\
        :{\"id\":\"/subscriptions/00000000-0000-0000-0000-000000000000/resourceGroups/clitest.rg000001/providers/Microsoft.Network/virtualNetworks/vmss1VNET/subnets/vmss1Subnet\"\
        },\"privateIPAddressVersion\":\"IPv4\",\"loadBalancerBackendAddressPools\"\
        :[{\"id\":\"/subscriptions/00000000-0000-0000-0000-000000000000/resourceGroups/clitest.rg000001/providers/Microsoft.Network/loadBalancers/vmss1LB/backendAddressPools/vmss1LBBEPool\"\
        }],\"loadBalancerInboundNatPools\":[{\"id\":\"/subscriptions/00000000-0000-0000-0000-000000000000/resourceGroups/clitest.rg000001/providers/Microsoft.Network/loadBalancers/vmss1LB/inboundNatPools/vmss1LBNatPool\"\
        }]}}]}}]},\r\n      \"extensionProfile\": {\r\n        \"extensions\": [\r\
        \n          {\r\n            \"properties\": {\r\n              \"publisher\"\
        : \"Microsoft.ManagedIdentity\",\r\n              \"type\": \"ManagedIdentityExtensionForLinux\"\
        ,\r\n              \"typeHandlerVersion\": \"1.0\",\r\n              \"autoUpgradeMinorVersion\"\
        : true,\r\n              \"settings\": {\"port\":50342}\r\n            },\r\
        \n            \"name\": \"ManagedIdentityExtensionForLinux\"\r\n         \
        \ }\r\n        ]\r\n      }\r\n    },\r\n    \"provisioningState\": \"Succeeded\"\
        ,\r\n    \"overprovision\": true,\r\n    \"uniqueId\": \"2fe213a4-725c-4acf-8bb2-591f70f94b96\"\
        \r\n  },\r\n  \"type\": \"Microsoft.Compute/virtualMachineScaleSets\",\r\n\
        \  \"location\": \"westcentralus\",\r\n  \"tags\": {},\r\n  \"identity\":\
        \ {\r\n    \"type\": \"SystemAssigned, UserAssigned\",\r\n    \"principalId\"\
        : \"2dacae0e-8e0f-4c6f-8c1d-90684e113454\",\r\n    \"tenantId\": \"54826b22-38d6-4fb2-bad9-b7b93a3e9c5a\"\
        ,\r\n    \"identityIds\": [\r\n      \"/subscriptions/00000000-0000-0000-0000-000000000000/resourceGroups/clitest.rg000001/providers/Microsoft.ManagedIdentity/userAssignedIdentities/id1\"\
        \r\n    ]\r\n  },\r\n  \"id\": \"/subscriptions/00000000-0000-0000-0000-000000000000/resourceGroups/clitest.rg000001/providers/Microsoft.Compute/virtualMachineScaleSets/vmss1\"\
        ,\r\n  \"name\": \"vmss1\"\r\n}"}
    headers:
      cache-control: [no-cache]
      content-length: ['3688']
      content-type: [application/json; charset=utf-8]
      date: ['Mon, 12 Mar 2018 21:11:38 GMT']
      expires: ['-1']
      pragma: [no-cache]
      server: [Microsoft-HTTPAPI/2.0, Microsoft-HTTPAPI/2.0]
      strict-transport-security: [max-age=31536000; includeSubDomains]
      transfer-encoding: [chunked]
      vary: [Accept-Encoding]
      x-content-type-options: [nosniff]
      x-ms-ratelimit-remaining-resource: ['Microsoft.Compute/GetVMScaleSet3Min;191,Microsoft.Compute/GetVMScaleSet30Min;991']
    status: {code: 200, message: OK}
- request:
    body: null
    headers:
      Accept: [application/json]
      Accept-Encoding: ['gzip, deflate']
      CommandName: [vmss identity assign]
      Connection: [keep-alive]
      Content-Type: [application/json; charset=utf-8]
      User-Agent: [python/3.5.3 (Windows-10-10.0.16299-SP0) requests/2.18.4 msrest/0.4.27
          msrest_azure/0.4.22 computemanagementclient/3.1.0rc3 Azure-SDK-For-Python
          AZURECLI/2.0.29]
      accept-language: [en-US]
    method: GET
    uri: https://management.azure.com/subscriptions/00000000-0000-0000-0000-000000000000/resourceGroups/clitest.rg000001/providers/Microsoft.Compute/virtualMachineScaleSets/vmss1?api-version=2017-12-01
  response:
    body: {string: "{\r\n  \"sku\": {\r\n    \"name\": \"Standard_D1_v2\",\r\n   \
        \ \"tier\": \"Standard\",\r\n    \"capacity\": 1\r\n  },\r\n  \"properties\"\
        : {\r\n    \"singlePlacementGroup\": true,\r\n    \"upgradePolicy\": {\r\n\
        \      \"mode\": \"Manual\",\r\n      \"automaticOSUpgrade\": false\r\n  \
        \  },\r\n    \"virtualMachineProfile\": {\r\n      \"osProfile\": {\r\n  \
        \      \"computerNamePrefix\": \"vmss12822\",\r\n        \"adminUsername\"\
        : \"ubuntuadmin\",\r\n        \"linuxConfiguration\": {\r\n          \"disablePasswordAuthentication\"\
        : true,\r\n          \"ssh\": {\r\n            \"publicKeys\": [\r\n     \
        \         {\r\n                \"path\": \"/home/ubuntuadmin/.ssh/authorized_keys\"\
        ,\r\n                \"keyData\": \"ssh-rsa AAAAB3NzaC1yc2EAAAADAQABAAABAQCaQ1KLeMgSuB7YfE9J8CIFBgyXuaUTjh2mcJL8F8PKS+ad3czClma99lDBSmXaIrdPcdyn/A5RfauijgTKPNbC64FgnbtNjTWjyb4NSJyXKP9BlbGqvz8xxO+CPOTvNe7GOPi9l0pZZLq8uXB1D4G6h54BBaEqpLIWGNDusllfRyy2Z9zIOCSuVmpss+zq1nWmiB3mrDTm36DO1jQFnOaytYYBrluulJ6fAn6vHI3vW/mDugwCb5KzT0hcKT2UeuM75odM/OS8I4YneDxdCz0Gu456o4izTHchGXWZURxJlSUD1znIMMJDJmxHbD+bhnfcZ8Xu5KxNDPhUCTYeN/oH\
        \ yugangw@YUGANGW1\\n\"\r\n              }\r\n            ]\r\n          }\r\
        \n        },\r\n        \"secrets\": []\r\n      },\r\n      \"storageProfile\"\
        : {\r\n        \"osDisk\": {\r\n          \"createOption\": \"FromImage\"\
        ,\r\n          \"caching\": \"ReadWrite\",\r\n          \"managedDisk\": {\r\
        \n            \"storageAccountType\": \"Standard_LRS\"\r\n          }\r\n\
        \        },\r\n        \"imageReference\": {\r\n          \"publisher\": \"\
        Canonical\",\r\n          \"offer\": \"UbuntuServer\",\r\n          \"sku\"\
        : \"16.04-LTS\",\r\n          \"version\": \"latest\"\r\n        }\r\n   \
        \   },\r\n      \"networkProfile\": {\"networkInterfaceConfigurations\":[{\"\
        name\":\"vmss12822Nic\",\"properties\":{\"primary\":true,\"enableAcceleratedNetworking\"\
        :false,\"dnsSettings\":{\"dnsServers\":[]},\"enableIPForwarding\":false,\"\
        ipConfigurations\":[{\"name\":\"vmss12822IPConfig\",\"properties\":{\"subnet\"\
        :{\"id\":\"/subscriptions/00000000-0000-0000-0000-000000000000/resourceGroups/clitest.rg000001/providers/Microsoft.Network/virtualNetworks/vmss1VNET/subnets/vmss1Subnet\"\
        },\"privateIPAddressVersion\":\"IPv4\",\"loadBalancerBackendAddressPools\"\
        :[{\"id\":\"/subscriptions/00000000-0000-0000-0000-000000000000/resourceGroups/clitest.rg000001/providers/Microsoft.Network/loadBalancers/vmss1LB/backendAddressPools/vmss1LBBEPool\"\
        }],\"loadBalancerInboundNatPools\":[{\"id\":\"/subscriptions/00000000-0000-0000-0000-000000000000/resourceGroups/clitest.rg000001/providers/Microsoft.Network/loadBalancers/vmss1LB/inboundNatPools/vmss1LBNatPool\"\
        }]}}]}}]},\r\n      \"extensionProfile\": {\r\n        \"extensions\": [\r\
        \n          {\r\n            \"properties\": {\r\n              \"publisher\"\
        : \"Microsoft.ManagedIdentity\",\r\n              \"type\": \"ManagedIdentityExtensionForLinux\"\
        ,\r\n              \"typeHandlerVersion\": \"1.0\",\r\n              \"autoUpgradeMinorVersion\"\
        : true,\r\n              \"settings\": {\"port\":50342}\r\n            },\r\
        \n            \"name\": \"ManagedIdentityExtensionForLinux\"\r\n         \
        \ }\r\n        ]\r\n      }\r\n    },\r\n    \"provisioningState\": \"Succeeded\"\
        ,\r\n    \"overprovision\": true,\r\n    \"uniqueId\": \"2fe213a4-725c-4acf-8bb2-591f70f94b96\"\
        \r\n  },\r\n  \"type\": \"Microsoft.Compute/virtualMachineScaleSets\",\r\n\
        \  \"location\": \"westcentralus\",\r\n  \"tags\": {},\r\n  \"identity\":\
        \ {\r\n    \"type\": \"SystemAssigned, UserAssigned\",\r\n    \"principalId\"\
        : \"2dacae0e-8e0f-4c6f-8c1d-90684e113454\",\r\n    \"tenantId\": \"54826b22-38d6-4fb2-bad9-b7b93a3e9c5a\"\
        ,\r\n    \"identityIds\": [\r\n      \"/subscriptions/00000000-0000-0000-0000-000000000000/resourceGroups/clitest.rg000001/providers/Microsoft.ManagedIdentity/userAssignedIdentities/id1\"\
        \r\n    ]\r\n  },\r\n  \"id\": \"/subscriptions/00000000-0000-0000-0000-000000000000/resourceGroups/clitest.rg000001/providers/Microsoft.Compute/virtualMachineScaleSets/vmss1\"\
        ,\r\n  \"name\": \"vmss1\"\r\n}"}
    headers:
      cache-control: [no-cache]
      content-length: ['3688']
      content-type: [application/json; charset=utf-8]
      date: ['Mon, 12 Mar 2018 21:11:38 GMT']
      expires: ['-1']
      pragma: [no-cache]
      server: [Microsoft-HTTPAPI/2.0, Microsoft-HTTPAPI/2.0]
      strict-transport-security: [max-age=31536000; includeSubDomains]
      transfer-encoding: [chunked]
      vary: [Accept-Encoding]
      x-content-type-options: [nosniff]
      x-ms-ratelimit-remaining-resource: ['Microsoft.Compute/GetVMScaleSet3Min;190,Microsoft.Compute/GetVMScaleSet30Min;990']
    status: {code: 200, message: OK}
- request:
    body: 'b''{"sku": {"tier": "Standard", "capacity": 1, "name": "Standard_D1_v2"},
      "tags": {}, "location": "westcentralus", "properties": {"singlePlacementGroup":
      true, "overprovision": true, "upgradePolicy": {"mode": "Manual", "automaticOSUpgrade":
      false}, "virtualMachineProfile": {"networkProfile": {"networkInterfaceConfigurations":
      [{"properties": {"primary": true, "dnsSettings": {"dnsServers": []}, "enableIPForwarding":
      false, "ipConfigurations": [{"properties": {"loadBalancerInboundNatPools": [{"id":
      "/subscriptions/00000000-0000-0000-0000-000000000000/resourceGroups/clitest.rg000001/providers/Microsoft.Network/loadBalancers/vmss1LB/inboundNatPools/vmss1LBNatPool"}],
      "privateIPAddressVersion": "IPv4", "loadBalancerBackendAddressPools": [{"id":
      "/subscriptions/00000000-0000-0000-0000-000000000000/resourceGroups/clitest.rg000001/providers/Microsoft.Network/loadBalancers/vmss1LB/backendAddressPools/vmss1LBBEPool"}],
      "subnet": {"id": "/subscriptions/00000000-0000-0000-0000-000000000000/resourceGroups/clitest.rg000001/providers/Microsoft.Network/virtualNetworks/vmss1VNET/subnets/vmss1Subnet"}},
      "name": "vmss12822IPConfig"}], "enableAcceleratedNetworking": false}, "name":
      "vmss12822Nic"}]}, "extensionProfile": {"extensions": [{"properties": {"publisher":
      "Microsoft.ManagedIdentity", "settings": {"port": 50342}, "typeHandlerVersion":
      "1.0", "type": "ManagedIdentityExtensionForLinux", "autoUpgradeMinorVersion":
      true}, "name": "ManagedIdentityExtensionForLinux"}]}, "osProfile": {"computerNamePrefix":
      "vmss12822", "linuxConfiguration": {"disablePasswordAuthentication": true, "ssh":
      {"publicKeys": [{"keyData": "ssh-rsa AAAAB3NzaC1yc2EAAAADAQABAAABAQCaQ1KLeMgSuB7YfE9J8CIFBgyXuaUTjh2mcJL8F8PKS+ad3czClma99lDBSmXaIrdPcdyn/A5RfauijgTKPNbC64FgnbtNjTWjyb4NSJyXKP9BlbGqvz8xxO+CPOTvNe7GOPi9l0pZZLq8uXB1D4G6h54BBaEqpLIWGNDusllfRyy2Z9zIOCSuVmpss+zq1nWmiB3mrDTm36DO1jQFnOaytYYBrluulJ6fAn6vHI3vW/mDugwCb5KzT0hcKT2UeuM75odM/OS8I4YneDxdCz0Gu456o4izTHchGXWZURxJlSUD1znIMMJDJmxHbD+bhnfcZ8Xu5KxNDPhUCTYeN/oH
      yugangw@YUGANGW1\\n", "path": "/home/ubuntuadmin/.ssh/authorized_keys"}]}},
      "secrets": [], "adminUsername": "ubuntuadmin"}, "storageProfile": {"osDisk":
      {"caching": "ReadWrite", "createOption": "FromImage", "managedDisk": {"storageAccountType":
      "Standard_LRS"}}, "imageReference": {"publisher": "Canonical", "offer": "UbuntuServer",
      "sku": "16.04-LTS", "version": "latest"}}}}, "identity": {"identityIds": ["/subscriptions/00000000-0000-0000-0000-000000000000/resourceGroups/clitest.rg000001/providers/Microsoft.ManagedIdentity/userAssignedIdentities/id2",
      "/subscriptions/00000000-0000-0000-0000-000000000000/resourceGroups/clitest.rg000001/providers/Microsoft.ManagedIdentity/userAssignedIdentities/id1"],
      "type": "SystemAssigned, UserAssigned"}}'''
    headers:
      Accept: [application/json]
      Accept-Encoding: ['gzip, deflate']
      CommandName: [vmss identity assign]
      Connection: [keep-alive]
      Content-Length: ['2769']
      Content-Type: [application/json; charset=utf-8]
      User-Agent: [python/3.5.3 (Windows-10-10.0.16299-SP0) requests/2.18.4 msrest/0.4.27
          msrest_azure/0.4.22 computemanagementclient/3.1.0rc3 Azure-SDK-For-Python
          AZURECLI/2.0.29]
      accept-language: [en-US]
    method: PUT
    uri: https://management.azure.com/subscriptions/00000000-0000-0000-0000-000000000000/resourceGroups/clitest.rg000001/providers/Microsoft.Compute/virtualMachineScaleSets/vmss1?api-version=2017-12-01
  response:
    body: {string: "{\r\n  \"sku\": {\r\n    \"name\": \"Standard_D1_v2\",\r\n   \
        \ \"tier\": \"Standard\",\r\n    \"capacity\": 1\r\n  },\r\n  \"properties\"\
        : {\r\n    \"singlePlacementGroup\": true,\r\n    \"upgradePolicy\": {\r\n\
        \      \"mode\": \"Manual\",\r\n      \"automaticOSUpgrade\": false\r\n  \
        \  },\r\n    \"virtualMachineProfile\": {\r\n      \"osProfile\": {\r\n  \
        \      \"computerNamePrefix\": \"vmss12822\",\r\n        \"adminUsername\"\
        : \"ubuntuadmin\",\r\n        \"linuxConfiguration\": {\r\n          \"disablePasswordAuthentication\"\
        : true,\r\n          \"ssh\": {\r\n            \"publicKeys\": [\r\n     \
        \         {\r\n                \"path\": \"/home/ubuntuadmin/.ssh/authorized_keys\"\
        ,\r\n                \"keyData\": \"ssh-rsa AAAAB3NzaC1yc2EAAAADAQABAAABAQCaQ1KLeMgSuB7YfE9J8CIFBgyXuaUTjh2mcJL8F8PKS+ad3czClma99lDBSmXaIrdPcdyn/A5RfauijgTKPNbC64FgnbtNjTWjyb4NSJyXKP9BlbGqvz8xxO+CPOTvNe7GOPi9l0pZZLq8uXB1D4G6h54BBaEqpLIWGNDusllfRyy2Z9zIOCSuVmpss+zq1nWmiB3mrDTm36DO1jQFnOaytYYBrluulJ6fAn6vHI3vW/mDugwCb5KzT0hcKT2UeuM75odM/OS8I4YneDxdCz0Gu456o4izTHchGXWZURxJlSUD1znIMMJDJmxHbD+bhnfcZ8Xu5KxNDPhUCTYeN/oH\
        \ yugangw@YUGANGW1\\n\"\r\n              }\r\n            ]\r\n          }\r\
        \n        },\r\n        \"secrets\": []\r\n      },\r\n      \"storageProfile\"\
        : {\r\n        \"osDisk\": {\r\n          \"createOption\": \"FromImage\"\
        ,\r\n          \"caching\": \"ReadWrite\",\r\n          \"managedDisk\": {\r\
        \n            \"storageAccountType\": \"Standard_LRS\"\r\n          }\r\n\
        \        },\r\n        \"imageReference\": {\r\n          \"publisher\": \"\
        Canonical\",\r\n          \"offer\": \"UbuntuServer\",\r\n          \"sku\"\
        : \"16.04-LTS\",\r\n          \"version\": \"latest\"\r\n        }\r\n   \
        \   },\r\n      \"networkProfile\": {\"networkInterfaceConfigurations\":[{\"\
        name\":\"vmss12822Nic\",\"properties\":{\"primary\":true,\"enableAcceleratedNetworking\"\
        :false,\"dnsSettings\":{\"dnsServers\":[]},\"enableIPForwarding\":false,\"\
        ipConfigurations\":[{\"name\":\"vmss12822IPConfig\",\"properties\":{\"subnet\"\
        :{\"id\":\"/subscriptions/00000000-0000-0000-0000-000000000000/resourceGroups/clitest.rg000001/providers/Microsoft.Network/virtualNetworks/vmss1VNET/subnets/vmss1Subnet\"\
        },\"privateIPAddressVersion\":\"IPv4\",\"loadBalancerBackendAddressPools\"\
        :[{\"id\":\"/subscriptions/00000000-0000-0000-0000-000000000000/resourceGroups/clitest.rg000001/providers/Microsoft.Network/loadBalancers/vmss1LB/backendAddressPools/vmss1LBBEPool\"\
        }],\"loadBalancerInboundNatPools\":[{\"id\":\"/subscriptions/00000000-0000-0000-0000-000000000000/resourceGroups/clitest.rg000001/providers/Microsoft.Network/loadBalancers/vmss1LB/inboundNatPools/vmss1LBNatPool\"\
        }]}}]}}]},\r\n      \"extensionProfile\": {\r\n        \"extensions\": [\r\
        \n          {\r\n            \"properties\": {\r\n              \"publisher\"\
        : \"Microsoft.ManagedIdentity\",\r\n              \"type\": \"ManagedIdentityExtensionForLinux\"\
        ,\r\n              \"typeHandlerVersion\": \"1.0\",\r\n              \"autoUpgradeMinorVersion\"\
        : true,\r\n              \"settings\": {\"port\":50342}\r\n            },\r\
        \n            \"name\": \"ManagedIdentityExtensionForLinux\"\r\n         \
        \ }\r\n        ]\r\n      }\r\n    },\r\n    \"provisioningState\": \"Updating\"\
        ,\r\n    \"overprovision\": true,\r\n    \"uniqueId\": \"2fe213a4-725c-4acf-8bb2-591f70f94b96\"\
        \r\n  },\r\n  \"type\": \"Microsoft.Compute/virtualMachineScaleSets\",\r\n\
        \  \"location\": \"westcentralus\",\r\n  \"tags\": {},\r\n  \"identity\":\
        \ {\r\n    \"type\": \"SystemAssigned, UserAssigned\",\r\n    \"principalId\"\
        : \"2dacae0e-8e0f-4c6f-8c1d-90684e113454\",\r\n    \"tenantId\": \"54826b22-38d6-4fb2-bad9-b7b93a3e9c5a\"\
        ,\r\n    \"identityIds\": [\r\n      \"/subscriptions/00000000-0000-0000-0000-000000000000/resourceGroups/clitest.rg000001/providers/Microsoft.ManagedIdentity/userAssignedIdentities/id2\"\
        ,\r\n      \"/subscriptions/00000000-0000-0000-0000-000000000000/resourceGroups/clitest.rg000001/providers/Microsoft.ManagedIdentity/userAssignedIdentities/id1\"\
        \r\n    ]\r\n  },\r\n  \"id\": \"/subscriptions/00000000-0000-0000-0000-000000000000/resourceGroups/clitest.rg000001/providers/Microsoft.Compute/virtualMachineScaleSets/vmss1\"\
        ,\r\n  \"name\": \"vmss1\"\r\n}"}
    headers:
      azure-asyncoperation: ['https://management.azure.com/subscriptions/00000000-0000-0000-0000-000000000000/providers/Microsoft.Compute/locations/westcentralus/operations/c98fb988-35db-4cd7-8b7b-b60b52d64162?api-version=2017-12-01']
      cache-control: [no-cache]
      content-length: ['3848']
      content-type: [application/json; charset=utf-8]
      date: ['Mon, 12 Mar 2018 21:11:40 GMT']
      expires: ['-1']
      pragma: [no-cache]
      server: [Microsoft-HTTPAPI/2.0, Microsoft-HTTPAPI/2.0]
      strict-transport-security: [max-age=31536000; includeSubDomains]
      transfer-encoding: [chunked]
      vary: [Accept-Encoding]
      x-content-type-options: [nosniff]
      x-ms-ratelimit-remaining-resource: ['Microsoft.Compute/CreateVMScaleSet3Min;39,Microsoft.Compute/CreateVMScaleSet30Min;198,Microsoft.Compute/VmssQueuedVMOperations;4800']
      x-ms-ratelimit-remaining-subscription-writes: ['1191']
      x-ms-request-charge: ['0']
    status: {code: 200, message: OK}
- request:
    body: null
    headers:
      Accept: [application/json]
      Accept-Encoding: ['gzip, deflate']
      CommandName: [vmss identity assign]
      Connection: [keep-alive]
      User-Agent: [python/3.5.3 (Windows-10-10.0.16299-SP0) requests/2.18.4 msrest/0.4.27
          msrest_azure/0.4.22 computemanagementclient/3.1.0rc3 Azure-SDK-For-Python
          AZURECLI/2.0.29]
    method: GET
    uri: https://management.azure.com/subscriptions/00000000-0000-0000-0000-000000000000/providers/Microsoft.Compute/locations/westcentralus/operations/c98fb988-35db-4cd7-8b7b-b60b52d64162?api-version=2017-12-01
  response:
    body: {string: "{\r\n  \"startTime\": \"2018-03-12T21:11:39.8223101+00:00\",\r\
        \n  \"status\": \"InProgress\",\r\n  \"name\": \"c98fb988-35db-4cd7-8b7b-b60b52d64162\"\
        \r\n}"}
    headers:
      cache-control: [no-cache]
      content-length: ['134']
      content-type: [application/json; charset=utf-8]
      date: ['Mon, 12 Mar 2018 21:12:17 GMT']
      expires: ['-1']
      pragma: [no-cache]
      server: [Microsoft-HTTPAPI/2.0, Microsoft-HTTPAPI/2.0]
      strict-transport-security: [max-age=31536000; includeSubDomains]
      transfer-encoding: [chunked]
      vary: [Accept-Encoding]
      x-content-type-options: [nosniff]
      x-ms-ratelimit-remaining-resource: ['Microsoft.Compute/GetOperation3Min;11982,Microsoft.Compute/GetOperation30Min;23906']
    status: {code: 200, message: OK}
- request:
    body: null
    headers:
      Accept: [application/json]
      Accept-Encoding: ['gzip, deflate']
      CommandName: [vmss identity assign]
      Connection: [keep-alive]
      User-Agent: [python/3.5.3 (Windows-10-10.0.16299-SP0) requests/2.18.4 msrest/0.4.27
          msrest_azure/0.4.22 computemanagementclient/3.1.0rc3 Azure-SDK-For-Python
          AZURECLI/2.0.29]
    method: GET
    uri: https://management.azure.com/subscriptions/00000000-0000-0000-0000-000000000000/providers/Microsoft.Compute/locations/westcentralus/operations/c98fb988-35db-4cd7-8b7b-b60b52d64162?api-version=2017-12-01
  response:
    body: {string: "{\r\n  \"startTime\": \"2018-03-12T21:11:39.8223101+00:00\",\r\
        \n  \"status\": \"InProgress\",\r\n  \"name\": \"c98fb988-35db-4cd7-8b7b-b60b52d64162\"\
        \r\n}"}
    headers:
      cache-control: [no-cache]
      content-length: ['134']
      content-type: [application/json; charset=utf-8]
      date: ['Mon, 12 Mar 2018 21:12:47 GMT']
      expires: ['-1']
      pragma: [no-cache]
      server: [Microsoft-HTTPAPI/2.0, Microsoft-HTTPAPI/2.0]
      strict-transport-security: [max-age=31536000; includeSubDomains]
      transfer-encoding: [chunked]
      vary: [Accept-Encoding]
      x-content-type-options: [nosniff]
      x-ms-ratelimit-remaining-resource: ['Microsoft.Compute/GetOperation3Min;11982,Microsoft.Compute/GetOperation30Min;23903']
    status: {code: 200, message: OK}
- request:
    body: null
    headers:
      Accept: [application/json]
      Accept-Encoding: ['gzip, deflate']
      CommandName: [vmss identity assign]
      Connection: [keep-alive]
      User-Agent: [python/3.5.3 (Windows-10-10.0.16299-SP0) requests/2.18.4 msrest/0.4.27
          msrest_azure/0.4.22 computemanagementclient/3.1.0rc3 Azure-SDK-For-Python
          AZURECLI/2.0.29]
    method: GET
    uri: https://management.azure.com/subscriptions/00000000-0000-0000-0000-000000000000/providers/Microsoft.Compute/locations/westcentralus/operations/c98fb988-35db-4cd7-8b7b-b60b52d64162?api-version=2017-12-01
  response:
    body: {string: "{\r\n  \"startTime\": \"2018-03-12T21:11:39.8223101+00:00\",\r\
        \n  \"status\": \"InProgress\",\r\n  \"name\": \"c98fb988-35db-4cd7-8b7b-b60b52d64162\"\
        \r\n}"}
    headers:
      cache-control: [no-cache]
      content-length: ['134']
      content-type: [application/json; charset=utf-8]
      date: ['Mon, 12 Mar 2018 21:13:19 GMT']
      expires: ['-1']
      pragma: [no-cache]
      server: [Microsoft-HTTPAPI/2.0, Microsoft-HTTPAPI/2.0]
      strict-transport-security: [max-age=31536000; includeSubDomains]
      transfer-encoding: [chunked]
      vary: [Accept-Encoding]
      x-content-type-options: [nosniff]
      x-ms-ratelimit-remaining-resource: ['Microsoft.Compute/GetOperation3Min;11983,Microsoft.Compute/GetOperation30Min;23900']
    status: {code: 200, message: OK}
- request:
    body: null
    headers:
      Accept: [application/json]
      Accept-Encoding: ['gzip, deflate']
      CommandName: [vmss identity assign]
      Connection: [keep-alive]
      User-Agent: [python/3.5.3 (Windows-10-10.0.16299-SP0) requests/2.18.4 msrest/0.4.27
          msrest_azure/0.4.22 computemanagementclient/3.1.0rc3 Azure-SDK-For-Python
          AZURECLI/2.0.29]
    method: GET
    uri: https://management.azure.com/subscriptions/00000000-0000-0000-0000-000000000000/providers/Microsoft.Compute/locations/westcentralus/operations/c98fb988-35db-4cd7-8b7b-b60b52d64162?api-version=2017-12-01
  response:
    body: {string: "{\r\n  \"startTime\": \"2018-03-12T21:11:39.8223101+00:00\",\r\
        \n  \"endTime\": \"2018-03-12T21:13:45.4786617+00:00\",\r\n  \"status\": \"\
        Succeeded\",\r\n  \"name\": \"c98fb988-35db-4cd7-8b7b-b60b52d64162\"\r\n}"}
    headers:
      cache-control: [no-cache]
      content-length: ['184']
      content-type: [application/json; charset=utf-8]
      date: ['Mon, 12 Mar 2018 21:13:50 GMT']
      expires: ['-1']
      pragma: [no-cache]
      server: [Microsoft-HTTPAPI/2.0, Microsoft-HTTPAPI/2.0]
      strict-transport-security: [max-age=31536000; includeSubDomains]
      transfer-encoding: [chunked]
      vary: [Accept-Encoding]
      x-content-type-options: [nosniff]
      x-ms-ratelimit-remaining-resource: ['Microsoft.Compute/GetOperation3Min;11984,Microsoft.Compute/GetOperation30Min;23897']
    status: {code: 200, message: OK}
- request:
    body: null
    headers:
      Accept: [application/json]
      Accept-Encoding: ['gzip, deflate']
      CommandName: [vmss identity assign]
      Connection: [keep-alive]
      User-Agent: [python/3.5.3 (Windows-10-10.0.16299-SP0) requests/2.18.4 msrest/0.4.27
          msrest_azure/0.4.22 computemanagementclient/3.1.0rc3 Azure-SDK-For-Python
          AZURECLI/2.0.29]
    method: GET
    uri: https://management.azure.com/subscriptions/00000000-0000-0000-0000-000000000000/resourceGroups/clitest.rg000001/providers/Microsoft.Compute/virtualMachineScaleSets/vmss1?api-version=2017-12-01
  response:
    body: {string: "{\r\n  \"sku\": {\r\n    \"name\": \"Standard_D1_v2\",\r\n   \
        \ \"tier\": \"Standard\",\r\n    \"capacity\": 1\r\n  },\r\n  \"properties\"\
        : {\r\n    \"singlePlacementGroup\": true,\r\n    \"upgradePolicy\": {\r\n\
        \      \"mode\": \"Manual\",\r\n      \"automaticOSUpgrade\": false\r\n  \
        \  },\r\n    \"virtualMachineProfile\": {\r\n      \"osProfile\": {\r\n  \
        \      \"computerNamePrefix\": \"vmss12822\",\r\n        \"adminUsername\"\
        : \"ubuntuadmin\",\r\n        \"linuxConfiguration\": {\r\n          \"disablePasswordAuthentication\"\
        : true,\r\n          \"ssh\": {\r\n            \"publicKeys\": [\r\n     \
        \         {\r\n                \"path\": \"/home/ubuntuadmin/.ssh/authorized_keys\"\
        ,\r\n                \"keyData\": \"ssh-rsa AAAAB3NzaC1yc2EAAAADAQABAAABAQCaQ1KLeMgSuB7YfE9J8CIFBgyXuaUTjh2mcJL8F8PKS+ad3czClma99lDBSmXaIrdPcdyn/A5RfauijgTKPNbC64FgnbtNjTWjyb4NSJyXKP9BlbGqvz8xxO+CPOTvNe7GOPi9l0pZZLq8uXB1D4G6h54BBaEqpLIWGNDusllfRyy2Z9zIOCSuVmpss+zq1nWmiB3mrDTm36DO1jQFnOaytYYBrluulJ6fAn6vHI3vW/mDugwCb5KzT0hcKT2UeuM75odM/OS8I4YneDxdCz0Gu456o4izTHchGXWZURxJlSUD1znIMMJDJmxHbD+bhnfcZ8Xu5KxNDPhUCTYeN/oH\
        \ yugangw@YUGANGW1\\n\"\r\n              }\r\n            ]\r\n          }\r\
        \n        },\r\n        \"secrets\": []\r\n      },\r\n      \"storageProfile\"\
        : {\r\n        \"osDisk\": {\r\n          \"createOption\": \"FromImage\"\
        ,\r\n          \"caching\": \"ReadWrite\",\r\n          \"managedDisk\": {\r\
        \n            \"storageAccountType\": \"Standard_LRS\"\r\n          }\r\n\
        \        },\r\n        \"imageReference\": {\r\n          \"publisher\": \"\
        Canonical\",\r\n          \"offer\": \"UbuntuServer\",\r\n          \"sku\"\
        : \"16.04-LTS\",\r\n          \"version\": \"latest\"\r\n        }\r\n   \
        \   },\r\n      \"networkProfile\": {\"networkInterfaceConfigurations\":[{\"\
        name\":\"vmss12822Nic\",\"properties\":{\"primary\":true,\"enableAcceleratedNetworking\"\
        :false,\"dnsSettings\":{\"dnsServers\":[]},\"enableIPForwarding\":false,\"\
        ipConfigurations\":[{\"name\":\"vmss12822IPConfig\",\"properties\":{\"subnet\"\
        :{\"id\":\"/subscriptions/00000000-0000-0000-0000-000000000000/resourceGroups/clitest.rg000001/providers/Microsoft.Network/virtualNetworks/vmss1VNET/subnets/vmss1Subnet\"\
        },\"privateIPAddressVersion\":\"IPv4\",\"loadBalancerBackendAddressPools\"\
        :[{\"id\":\"/subscriptions/00000000-0000-0000-0000-000000000000/resourceGroups/clitest.rg000001/providers/Microsoft.Network/loadBalancers/vmss1LB/backendAddressPools/vmss1LBBEPool\"\
        }],\"loadBalancerInboundNatPools\":[{\"id\":\"/subscriptions/00000000-0000-0000-0000-000000000000/resourceGroups/clitest.rg000001/providers/Microsoft.Network/loadBalancers/vmss1LB/inboundNatPools/vmss1LBNatPool\"\
        }]}}]}}]},\r\n      \"extensionProfile\": {\r\n        \"extensions\": [\r\
        \n          {\r\n            \"properties\": {\r\n              \"publisher\"\
        : \"Microsoft.ManagedIdentity\",\r\n              \"type\": \"ManagedIdentityExtensionForLinux\"\
        ,\r\n              \"typeHandlerVersion\": \"1.0\",\r\n              \"autoUpgradeMinorVersion\"\
        : true,\r\n              \"settings\": {\"port\":50342}\r\n            },\r\
        \n            \"name\": \"ManagedIdentityExtensionForLinux\"\r\n         \
        \ }\r\n        ]\r\n      }\r\n    },\r\n    \"provisioningState\": \"Succeeded\"\
        ,\r\n    \"overprovision\": true,\r\n    \"uniqueId\": \"2fe213a4-725c-4acf-8bb2-591f70f94b96\"\
        \r\n  },\r\n  \"type\": \"Microsoft.Compute/virtualMachineScaleSets\",\r\n\
        \  \"location\": \"westcentralus\",\r\n  \"tags\": {},\r\n  \"identity\":\
        \ {\r\n    \"type\": \"SystemAssigned, UserAssigned\",\r\n    \"principalId\"\
        : \"2dacae0e-8e0f-4c6f-8c1d-90684e113454\",\r\n    \"tenantId\": \"54826b22-38d6-4fb2-bad9-b7b93a3e9c5a\"\
        ,\r\n    \"identityIds\": [\r\n      \"/subscriptions/00000000-0000-0000-0000-000000000000/resourceGroups/clitest.rg000001/providers/Microsoft.ManagedIdentity/userAssignedIdentities/id2\"\
        ,\r\n      \"/subscriptions/00000000-0000-0000-0000-000000000000/resourceGroups/clitest.rg000001/providers/Microsoft.ManagedIdentity/userAssignedIdentities/id1\"\
        \r\n    ]\r\n  },\r\n  \"id\": \"/subscriptions/00000000-0000-0000-0000-000000000000/resourceGroups/clitest.rg000001/providers/Microsoft.Compute/virtualMachineScaleSets/vmss1\"\
        ,\r\n  \"name\": \"vmss1\"\r\n}"}
    headers:
      cache-control: [no-cache]
      content-length: ['3849']
      content-type: [application/json; charset=utf-8]
      date: ['Mon, 12 Mar 2018 21:13:49 GMT']
      expires: ['-1']
      pragma: [no-cache]
      server: [Microsoft-HTTPAPI/2.0, Microsoft-HTTPAPI/2.0]
      strict-transport-security: [max-age=31536000; includeSubDomains]
      transfer-encoding: [chunked]
      vary: [Accept-Encoding]
      x-content-type-options: [nosniff]
      x-ms-ratelimit-remaining-resource: ['Microsoft.Compute/GetVMScaleSet3Min;184,Microsoft.Compute/GetVMScaleSet30Min;984']
    status: {code: 200, message: OK}
- request:
    body: null
    headers:
      Accept: [application/json]
      Accept-Encoding: ['gzip, deflate']
      CommandName: [vmss identity assign]
      Connection: [keep-alive]
      Content-Type: [application/json; charset=utf-8]
      User-Agent: [python/3.5.3 (Windows-10-10.0.16299-SP0) requests/2.18.4 msrest/0.4.27
          msrest_azure/0.4.22 computemanagementclient/3.1.0rc3 Azure-SDK-For-Python
          AZURECLI/2.0.29]
      accept-language: [en-US]
    method: GET
    uri: https://management.azure.com/subscriptions/00000000-0000-0000-0000-000000000000/resourceGroups/clitest.rg000001/providers/Microsoft.Compute/virtualMachineScaleSets/vmss1?api-version=2017-12-01
  response:
    body: {string: "{\r\n  \"sku\": {\r\n    \"name\": \"Standard_D1_v2\",\r\n   \
        \ \"tier\": \"Standard\",\r\n    \"capacity\": 1\r\n  },\r\n  \"properties\"\
        : {\r\n    \"singlePlacementGroup\": true,\r\n    \"upgradePolicy\": {\r\n\
        \      \"mode\": \"Manual\",\r\n      \"automaticOSUpgrade\": false\r\n  \
        \  },\r\n    \"virtualMachineProfile\": {\r\n      \"osProfile\": {\r\n  \
        \      \"computerNamePrefix\": \"vmss12822\",\r\n        \"adminUsername\"\
        : \"ubuntuadmin\",\r\n        \"linuxConfiguration\": {\r\n          \"disablePasswordAuthentication\"\
        : true,\r\n          \"ssh\": {\r\n            \"publicKeys\": [\r\n     \
        \         {\r\n                \"path\": \"/home/ubuntuadmin/.ssh/authorized_keys\"\
        ,\r\n                \"keyData\": \"ssh-rsa AAAAB3NzaC1yc2EAAAADAQABAAABAQCaQ1KLeMgSuB7YfE9J8CIFBgyXuaUTjh2mcJL8F8PKS+ad3czClma99lDBSmXaIrdPcdyn/A5RfauijgTKPNbC64FgnbtNjTWjyb4NSJyXKP9BlbGqvz8xxO+CPOTvNe7GOPi9l0pZZLq8uXB1D4G6h54BBaEqpLIWGNDusllfRyy2Z9zIOCSuVmpss+zq1nWmiB3mrDTm36DO1jQFnOaytYYBrluulJ6fAn6vHI3vW/mDugwCb5KzT0hcKT2UeuM75odM/OS8I4YneDxdCz0Gu456o4izTHchGXWZURxJlSUD1znIMMJDJmxHbD+bhnfcZ8Xu5KxNDPhUCTYeN/oH\
        \ yugangw@YUGANGW1\\n\"\r\n              }\r\n            ]\r\n          }\r\
        \n        },\r\n        \"secrets\": []\r\n      },\r\n      \"storageProfile\"\
        : {\r\n        \"osDisk\": {\r\n          \"createOption\": \"FromImage\"\
        ,\r\n          \"caching\": \"ReadWrite\",\r\n          \"managedDisk\": {\r\
        \n            \"storageAccountType\": \"Standard_LRS\"\r\n          }\r\n\
        \        },\r\n        \"imageReference\": {\r\n          \"publisher\": \"\
        Canonical\",\r\n          \"offer\": \"UbuntuServer\",\r\n          \"sku\"\
        : \"16.04-LTS\",\r\n          \"version\": \"latest\"\r\n        }\r\n   \
        \   },\r\n      \"networkProfile\": {\"networkInterfaceConfigurations\":[{\"\
        name\":\"vmss12822Nic\",\"properties\":{\"primary\":true,\"enableAcceleratedNetworking\"\
        :false,\"dnsSettings\":{\"dnsServers\":[]},\"enableIPForwarding\":false,\"\
        ipConfigurations\":[{\"name\":\"vmss12822IPConfig\",\"properties\":{\"subnet\"\
        :{\"id\":\"/subscriptions/00000000-0000-0000-0000-000000000000/resourceGroups/clitest.rg000001/providers/Microsoft.Network/virtualNetworks/vmss1VNET/subnets/vmss1Subnet\"\
        },\"privateIPAddressVersion\":\"IPv4\",\"loadBalancerBackendAddressPools\"\
        :[{\"id\":\"/subscriptions/00000000-0000-0000-0000-000000000000/resourceGroups/clitest.rg000001/providers/Microsoft.Network/loadBalancers/vmss1LB/backendAddressPools/vmss1LBBEPool\"\
        }],\"loadBalancerInboundNatPools\":[{\"id\":\"/subscriptions/00000000-0000-0000-0000-000000000000/resourceGroups/clitest.rg000001/providers/Microsoft.Network/loadBalancers/vmss1LB/inboundNatPools/vmss1LBNatPool\"\
        }]}}]}}]},\r\n      \"extensionProfile\": {\r\n        \"extensions\": [\r\
        \n          {\r\n            \"properties\": {\r\n              \"publisher\"\
        : \"Microsoft.ManagedIdentity\",\r\n              \"type\": \"ManagedIdentityExtensionForLinux\"\
        ,\r\n              \"typeHandlerVersion\": \"1.0\",\r\n              \"autoUpgradeMinorVersion\"\
        : true,\r\n              \"settings\": {\"port\":50342}\r\n            },\r\
        \n            \"name\": \"ManagedIdentityExtensionForLinux\"\r\n         \
        \ }\r\n        ]\r\n      }\r\n    },\r\n    \"provisioningState\": \"Succeeded\"\
        ,\r\n    \"overprovision\": true,\r\n    \"uniqueId\": \"2fe213a4-725c-4acf-8bb2-591f70f94b96\"\
        \r\n  },\r\n  \"type\": \"Microsoft.Compute/virtualMachineScaleSets\",\r\n\
        \  \"location\": \"westcentralus\",\r\n  \"tags\": {},\r\n  \"identity\":\
        \ {\r\n    \"type\": \"SystemAssigned, UserAssigned\",\r\n    \"principalId\"\
        : \"2dacae0e-8e0f-4c6f-8c1d-90684e113454\",\r\n    \"tenantId\": \"54826b22-38d6-4fb2-bad9-b7b93a3e9c5a\"\
        ,\r\n    \"identityIds\": [\r\n      \"/subscriptions/00000000-0000-0000-0000-000000000000/resourceGroups/clitest.rg000001/providers/Microsoft.ManagedIdentity/userAssignedIdentities/id2\"\
        ,\r\n      \"/subscriptions/00000000-0000-0000-0000-000000000000/resourceGroups/clitest.rg000001/providers/Microsoft.ManagedIdentity/userAssignedIdentities/id1\"\
        \r\n    ]\r\n  },\r\n  \"id\": \"/subscriptions/00000000-0000-0000-0000-000000000000/resourceGroups/clitest.rg000001/providers/Microsoft.Compute/virtualMachineScaleSets/vmss1\"\
        ,\r\n  \"name\": \"vmss1\"\r\n}"}
    headers:
      cache-control: [no-cache]
      content-length: ['3849']
      content-type: [application/json; charset=utf-8]
      date: ['Mon, 12 Mar 2018 21:13:51 GMT']
      expires: ['-1']
      pragma: [no-cache]
      server: [Microsoft-HTTPAPI/2.0, Microsoft-HTTPAPI/2.0]
      strict-transport-security: [max-age=31536000; includeSubDomains]
      transfer-encoding: [chunked]
      vary: [Accept-Encoding]
      x-content-type-options: [nosniff]
      x-ms-ratelimit-remaining-resource: ['Microsoft.Compute/GetVMScaleSet3Min;183,Microsoft.Compute/GetVMScaleSet30Min;983']
    status: {code: 200, message: OK}
- request:
    body: 'b''{"sku": {"tier": "Standard", "capacity": 1, "name": "Standard_D1_v2"},
      "tags": {}, "location": "westcentralus", "properties": {"singlePlacementGroup":
      true, "overprovision": true, "upgradePolicy": {"mode": "Manual", "automaticOSUpgrade":
      false}, "virtualMachineProfile": {"networkProfile": {"networkInterfaceConfigurations":
      [{"properties": {"primary": true, "dnsSettings": {"dnsServers": []}, "enableIPForwarding":
      false, "ipConfigurations": [{"properties": {"loadBalancerInboundNatPools": [{"id":
      "/subscriptions/00000000-0000-0000-0000-000000000000/resourceGroups/clitest.rg000001/providers/Microsoft.Network/loadBalancers/vmss1LB/inboundNatPools/vmss1LBNatPool"}],
      "privateIPAddressVersion": "IPv4", "loadBalancerBackendAddressPools": [{"id":
      "/subscriptions/00000000-0000-0000-0000-000000000000/resourceGroups/clitest.rg000001/providers/Microsoft.Network/loadBalancers/vmss1LB/backendAddressPools/vmss1LBBEPool"}],
      "subnet": {"id": "/subscriptions/00000000-0000-0000-0000-000000000000/resourceGroups/clitest.rg000001/providers/Microsoft.Network/virtualNetworks/vmss1VNET/subnets/vmss1Subnet"}},
      "name": "vmss12822IPConfig"}], "enableAcceleratedNetworking": false}, "name":
      "vmss12822Nic"}]}, "extensionProfile": {"extensions": [{"properties": {"publisher":
      "Microsoft.ManagedIdentity", "settings": {"port": 50342}, "typeHandlerVersion":
      "1.0", "type": "ManagedIdentityExtensionForLinux", "autoUpgradeMinorVersion":
      true}, "name": "ManagedIdentityExtensionForLinux"}]}, "osProfile": {"computerNamePrefix":
      "vmss12822", "linuxConfiguration": {"disablePasswordAuthentication": true, "ssh":
      {"publicKeys": [{"keyData": "ssh-rsa AAAAB3NzaC1yc2EAAAADAQABAAABAQCaQ1KLeMgSuB7YfE9J8CIFBgyXuaUTjh2mcJL8F8PKS+ad3czClma99lDBSmXaIrdPcdyn/A5RfauijgTKPNbC64FgnbtNjTWjyb4NSJyXKP9BlbGqvz8xxO+CPOTvNe7GOPi9l0pZZLq8uXB1D4G6h54BBaEqpLIWGNDusllfRyy2Z9zIOCSuVmpss+zq1nWmiB3mrDTm36DO1jQFnOaytYYBrluulJ6fAn6vHI3vW/mDugwCb5KzT0hcKT2UeuM75odM/OS8I4YneDxdCz0Gu456o4izTHchGXWZURxJlSUD1znIMMJDJmxHbD+bhnfcZ8Xu5KxNDPhUCTYeN/oH
      yugangw@YUGANGW1\\n", "path": "/home/ubuntuadmin/.ssh/authorized_keys"}]}},
      "secrets": [], "adminUsername": "ubuntuadmin"}, "storageProfile": {"osDisk":
      {"caching": "ReadWrite", "createOption": "FromImage", "managedDisk": {"storageAccountType":
      "Standard_LRS"}}, "imageReference": {"publisher": "Canonical", "offer": "UbuntuServer",
      "sku": "16.04-LTS", "version": "latest"}}}}, "identity": {"identityIds": ["/subscriptions/00000000-0000-0000-0000-000000000000/resourceGroups/clitest.rg000001/providers/Microsoft.ManagedIdentity/userAssignedIdentities/id2",
      "/subscriptions/00000000-0000-0000-0000-000000000000/resourceGroups/clitest.rg000001/providers/Microsoft.ManagedIdentity/userAssignedIdentities/id1"],
      "type": "SystemAssigned, UserAssigned"}}'''
    headers:
      Accept: [application/json]
      Accept-Encoding: ['gzip, deflate']
      CommandName: [vmss identity assign]
      Connection: [keep-alive]
      Content-Length: ['2769']
      Content-Type: [application/json; charset=utf-8]
      User-Agent: [python/3.5.3 (Windows-10-10.0.16299-SP0) requests/2.18.4 msrest/0.4.27
          msrest_azure/0.4.22 computemanagementclient/3.1.0rc3 Azure-SDK-For-Python
          AZURECLI/2.0.29]
      accept-language: [en-US]
    method: PUT
    uri: https://management.azure.com/subscriptions/00000000-0000-0000-0000-000000000000/resourceGroups/clitest.rg000001/providers/Microsoft.Compute/virtualMachineScaleSets/vmss1?api-version=2017-12-01
  response:
    body: {string: "{\r\n  \"sku\": {\r\n    \"name\": \"Standard_D1_v2\",\r\n   \
        \ \"tier\": \"Standard\",\r\n    \"capacity\": 1\r\n  },\r\n  \"properties\"\
        : {\r\n    \"singlePlacementGroup\": true,\r\n    \"upgradePolicy\": {\r\n\
        \      \"mode\": \"Manual\",\r\n      \"automaticOSUpgrade\": false\r\n  \
        \  },\r\n    \"virtualMachineProfile\": {\r\n      \"osProfile\": {\r\n  \
        \      \"computerNamePrefix\": \"vmss12822\",\r\n        \"adminUsername\"\
        : \"ubuntuadmin\",\r\n        \"linuxConfiguration\": {\r\n          \"disablePasswordAuthentication\"\
        : true,\r\n          \"ssh\": {\r\n            \"publicKeys\": [\r\n     \
        \         {\r\n                \"path\": \"/home/ubuntuadmin/.ssh/authorized_keys\"\
        ,\r\n                \"keyData\": \"ssh-rsa AAAAB3NzaC1yc2EAAAADAQABAAABAQCaQ1KLeMgSuB7YfE9J8CIFBgyXuaUTjh2mcJL8F8PKS+ad3czClma99lDBSmXaIrdPcdyn/A5RfauijgTKPNbC64FgnbtNjTWjyb4NSJyXKP9BlbGqvz8xxO+CPOTvNe7GOPi9l0pZZLq8uXB1D4G6h54BBaEqpLIWGNDusllfRyy2Z9zIOCSuVmpss+zq1nWmiB3mrDTm36DO1jQFnOaytYYBrluulJ6fAn6vHI3vW/mDugwCb5KzT0hcKT2UeuM75odM/OS8I4YneDxdCz0Gu456o4izTHchGXWZURxJlSUD1znIMMJDJmxHbD+bhnfcZ8Xu5KxNDPhUCTYeN/oH\
        \ yugangw@YUGANGW1\\n\"\r\n              }\r\n            ]\r\n          }\r\
        \n        },\r\n        \"secrets\": []\r\n      },\r\n      \"storageProfile\"\
        : {\r\n        \"osDisk\": {\r\n          \"createOption\": \"FromImage\"\
        ,\r\n          \"caching\": \"ReadWrite\",\r\n          \"managedDisk\": {\r\
        \n            \"storageAccountType\": \"Standard_LRS\"\r\n          }\r\n\
        \        },\r\n        \"imageReference\": {\r\n          \"publisher\": \"\
        Canonical\",\r\n          \"offer\": \"UbuntuServer\",\r\n          \"sku\"\
        : \"16.04-LTS\",\r\n          \"version\": \"latest\"\r\n        }\r\n   \
        \   },\r\n      \"networkProfile\": {\"networkInterfaceConfigurations\":[{\"\
        name\":\"vmss12822Nic\",\"properties\":{\"primary\":true,\"enableAcceleratedNetworking\"\
        :false,\"dnsSettings\":{\"dnsServers\":[]},\"enableIPForwarding\":false,\"\
        ipConfigurations\":[{\"name\":\"vmss12822IPConfig\",\"properties\":{\"subnet\"\
        :{\"id\":\"/subscriptions/00000000-0000-0000-0000-000000000000/resourceGroups/clitest.rg000001/providers/Microsoft.Network/virtualNetworks/vmss1VNET/subnets/vmss1Subnet\"\
        },\"privateIPAddressVersion\":\"IPv4\",\"loadBalancerBackendAddressPools\"\
        :[{\"id\":\"/subscriptions/00000000-0000-0000-0000-000000000000/resourceGroups/clitest.rg000001/providers/Microsoft.Network/loadBalancers/vmss1LB/backendAddressPools/vmss1LBBEPool\"\
        }],\"loadBalancerInboundNatPools\":[{\"id\":\"/subscriptions/00000000-0000-0000-0000-000000000000/resourceGroups/clitest.rg000001/providers/Microsoft.Network/loadBalancers/vmss1LB/inboundNatPools/vmss1LBNatPool\"\
        }]}}]}}]},\r\n      \"extensionProfile\": {\r\n        \"extensions\": [\r\
        \n          {\r\n            \"properties\": {\r\n              \"publisher\"\
        : \"Microsoft.ManagedIdentity\",\r\n              \"type\": \"ManagedIdentityExtensionForLinux\"\
        ,\r\n              \"typeHandlerVersion\": \"1.0\",\r\n              \"autoUpgradeMinorVersion\"\
        : true,\r\n              \"settings\": {\"port\":50342}\r\n            },\r\
        \n            \"name\": \"ManagedIdentityExtensionForLinux\"\r\n         \
        \ }\r\n        ]\r\n      }\r\n    },\r\n    \"provisioningState\": \"Updating\"\
        ,\r\n    \"overprovision\": true,\r\n    \"uniqueId\": \"2fe213a4-725c-4acf-8bb2-591f70f94b96\"\
        \r\n  },\r\n  \"type\": \"Microsoft.Compute/virtualMachineScaleSets\",\r\n\
        \  \"location\": \"westcentralus\",\r\n  \"tags\": {},\r\n  \"identity\":\
        \ {\r\n    \"type\": \"SystemAssigned, UserAssigned\",\r\n    \"principalId\"\
        : \"2dacae0e-8e0f-4c6f-8c1d-90684e113454\",\r\n    \"tenantId\": \"54826b22-38d6-4fb2-bad9-b7b93a3e9c5a\"\
        ,\r\n    \"identityIds\": [\r\n      \"/subscriptions/00000000-0000-0000-0000-000000000000/resourceGroups/clitest.rg000001/providers/Microsoft.ManagedIdentity/userAssignedIdentities/id2\"\
        ,\r\n      \"/subscriptions/00000000-0000-0000-0000-000000000000/resourceGroups/clitest.rg000001/providers/Microsoft.ManagedIdentity/userAssignedIdentities/id1\"\
        \r\n    ]\r\n  },\r\n  \"id\": \"/subscriptions/00000000-0000-0000-0000-000000000000/resourceGroups/clitest.rg000001/providers/Microsoft.Compute/virtualMachineScaleSets/vmss1\"\
        ,\r\n  \"name\": \"vmss1\"\r\n}"}
    headers:
      azure-asyncoperation: ['https://management.azure.com/subscriptions/00000000-0000-0000-0000-000000000000/providers/Microsoft.Compute/locations/westcentralus/operations/1bc273ef-2908-4e9e-ae26-e2919916f40e?api-version=2017-12-01']
      cache-control: [no-cache]
      content-length: ['3848']
      content-type: [application/json; charset=utf-8]
      date: ['Mon, 12 Mar 2018 21:13:55 GMT']
      expires: ['-1']
      pragma: [no-cache]
      server: [Microsoft-HTTPAPI/2.0, Microsoft-HTTPAPI/2.0]
      strict-transport-security: [max-age=31536000; includeSubDomains]
      transfer-encoding: [chunked]
      vary: [Accept-Encoding]
      x-content-type-options: [nosniff]
      x-ms-ratelimit-remaining-resource: ['Microsoft.Compute/CreateVMScaleSet3Min;38,Microsoft.Compute/CreateVMScaleSet30Min;197,Microsoft.Compute/VmssQueuedVMOperations;4800']
      x-ms-ratelimit-remaining-subscription-writes: ['1187']
      x-ms-request-charge: ['0']
    status: {code: 200, message: OK}
- request:
    body: null
    headers:
      Accept: [application/json]
      Accept-Encoding: ['gzip, deflate']
      CommandName: [vmss identity assign]
      Connection: [keep-alive]
      User-Agent: [python/3.5.3 (Windows-10-10.0.16299-SP0) requests/2.18.4 msrest/0.4.27
          msrest_azure/0.4.22 computemanagementclient/3.1.0rc3 Azure-SDK-For-Python
          AZURECLI/2.0.29]
    method: GET
    uri: https://management.azure.com/subscriptions/00000000-0000-0000-0000-000000000000/providers/Microsoft.Compute/locations/westcentralus/operations/1bc273ef-2908-4e9e-ae26-e2919916f40e?api-version=2017-12-01
  response:
    body: {string: "{\r\n  \"startTime\": \"2018-03-12T21:13:56.2286686+00:00\",\r\
        \n  \"endTime\": \"2018-03-12T21:13:56.5255125+00:00\",\r\n  \"status\": \"\
        Succeeded\",\r\n  \"name\": \"1bc273ef-2908-4e9e-ae26-e2919916f40e\"\r\n}"}
    headers:
      cache-control: [no-cache]
      content-length: ['184']
      content-type: [application/json; charset=utf-8]
      date: ['Mon, 12 Mar 2018 21:14:26 GMT']
      expires: ['-1']
      pragma: [no-cache]
      server: [Microsoft-HTTPAPI/2.0, Microsoft-HTTPAPI/2.0]
      strict-transport-security: [max-age=31536000; includeSubDomains]
      transfer-encoding: [chunked]
      vary: [Accept-Encoding]
      x-content-type-options: [nosniff]
      x-ms-ratelimit-remaining-resource: ['Microsoft.Compute/GetOperation3Min;11985,Microsoft.Compute/GetOperation30Min;23895']
    status: {code: 200, message: OK}
- request:
    body: null
    headers:
      Accept: [application/json]
      Accept-Encoding: ['gzip, deflate']
      CommandName: [vmss identity assign]
      Connection: [keep-alive]
      User-Agent: [python/3.5.3 (Windows-10-10.0.16299-SP0) requests/2.18.4 msrest/0.4.27
          msrest_azure/0.4.22 computemanagementclient/3.1.0rc3 Azure-SDK-For-Python
          AZURECLI/2.0.29]
    method: GET
    uri: https://management.azure.com/subscriptions/00000000-0000-0000-0000-000000000000/resourceGroups/clitest.rg000001/providers/Microsoft.Compute/virtualMachineScaleSets/vmss1?api-version=2017-12-01
  response:
    body: {string: "{\r\n  \"sku\": {\r\n    \"name\": \"Standard_D1_v2\",\r\n   \
        \ \"tier\": \"Standard\",\r\n    \"capacity\": 1\r\n  },\r\n  \"properties\"\
        : {\r\n    \"singlePlacementGroup\": true,\r\n    \"upgradePolicy\": {\r\n\
        \      \"mode\": \"Manual\",\r\n      \"automaticOSUpgrade\": false\r\n  \
        \  },\r\n    \"virtualMachineProfile\": {\r\n      \"osProfile\": {\r\n  \
        \      \"computerNamePrefix\": \"vmss12822\",\r\n        \"adminUsername\"\
        : \"ubuntuadmin\",\r\n        \"linuxConfiguration\": {\r\n          \"disablePasswordAuthentication\"\
        : true,\r\n          \"ssh\": {\r\n            \"publicKeys\": [\r\n     \
        \         {\r\n                \"path\": \"/home/ubuntuadmin/.ssh/authorized_keys\"\
        ,\r\n                \"keyData\": \"ssh-rsa AAAAB3NzaC1yc2EAAAADAQABAAABAQCaQ1KLeMgSuB7YfE9J8CIFBgyXuaUTjh2mcJL8F8PKS+ad3czClma99lDBSmXaIrdPcdyn/A5RfauijgTKPNbC64FgnbtNjTWjyb4NSJyXKP9BlbGqvz8xxO+CPOTvNe7GOPi9l0pZZLq8uXB1D4G6h54BBaEqpLIWGNDusllfRyy2Z9zIOCSuVmpss+zq1nWmiB3mrDTm36DO1jQFnOaytYYBrluulJ6fAn6vHI3vW/mDugwCb5KzT0hcKT2UeuM75odM/OS8I4YneDxdCz0Gu456o4izTHchGXWZURxJlSUD1znIMMJDJmxHbD+bhnfcZ8Xu5KxNDPhUCTYeN/oH\
        \ yugangw@YUGANGW1\\n\"\r\n              }\r\n            ]\r\n          }\r\
        \n        },\r\n        \"secrets\": []\r\n      },\r\n      \"storageProfile\"\
        : {\r\n        \"osDisk\": {\r\n          \"createOption\": \"FromImage\"\
        ,\r\n          \"caching\": \"ReadWrite\",\r\n          \"managedDisk\": {\r\
        \n            \"storageAccountType\": \"Standard_LRS\"\r\n          }\r\n\
        \        },\r\n        \"imageReference\": {\r\n          \"publisher\": \"\
        Canonical\",\r\n          \"offer\": \"UbuntuServer\",\r\n          \"sku\"\
        : \"16.04-LTS\",\r\n          \"version\": \"latest\"\r\n        }\r\n   \
        \   },\r\n      \"networkProfile\": {\"networkInterfaceConfigurations\":[{\"\
        name\":\"vmss12822Nic\",\"properties\":{\"primary\":true,\"enableAcceleratedNetworking\"\
        :false,\"dnsSettings\":{\"dnsServers\":[]},\"enableIPForwarding\":false,\"\
        ipConfigurations\":[{\"name\":\"vmss12822IPConfig\",\"properties\":{\"subnet\"\
        :{\"id\":\"/subscriptions/00000000-0000-0000-0000-000000000000/resourceGroups/clitest.rg000001/providers/Microsoft.Network/virtualNetworks/vmss1VNET/subnets/vmss1Subnet\"\
        },\"privateIPAddressVersion\":\"IPv4\",\"loadBalancerBackendAddressPools\"\
        :[{\"id\":\"/subscriptions/00000000-0000-0000-0000-000000000000/resourceGroups/clitest.rg000001/providers/Microsoft.Network/loadBalancers/vmss1LB/backendAddressPools/vmss1LBBEPool\"\
        }],\"loadBalancerInboundNatPools\":[{\"id\":\"/subscriptions/00000000-0000-0000-0000-000000000000/resourceGroups/clitest.rg000001/providers/Microsoft.Network/loadBalancers/vmss1LB/inboundNatPools/vmss1LBNatPool\"\
        }]}}]}}]},\r\n      \"extensionProfile\": {\r\n        \"extensions\": [\r\
        \n          {\r\n            \"properties\": {\r\n              \"publisher\"\
        : \"Microsoft.ManagedIdentity\",\r\n              \"type\": \"ManagedIdentityExtensionForLinux\"\
        ,\r\n              \"typeHandlerVersion\": \"1.0\",\r\n              \"autoUpgradeMinorVersion\"\
        : true,\r\n              \"settings\": {\"port\":50342}\r\n            },\r\
        \n            \"name\": \"ManagedIdentityExtensionForLinux\"\r\n         \
        \ }\r\n        ]\r\n      }\r\n    },\r\n    \"provisioningState\": \"Succeeded\"\
        ,\r\n    \"overprovision\": true,\r\n    \"uniqueId\": \"2fe213a4-725c-4acf-8bb2-591f70f94b96\"\
        \r\n  },\r\n  \"type\": \"Microsoft.Compute/virtualMachineScaleSets\",\r\n\
        \  \"location\": \"westcentralus\",\r\n  \"tags\": {},\r\n  \"identity\":\
        \ {\r\n    \"type\": \"SystemAssigned, UserAssigned\",\r\n    \"principalId\"\
        : \"2dacae0e-8e0f-4c6f-8c1d-90684e113454\",\r\n    \"tenantId\": \"54826b22-38d6-4fb2-bad9-b7b93a3e9c5a\"\
        ,\r\n    \"identityIds\": [\r\n      \"/subscriptions/00000000-0000-0000-0000-000000000000/resourceGroups/clitest.rg000001/providers/Microsoft.ManagedIdentity/userAssignedIdentities/id2\"\
        ,\r\n      \"/subscriptions/00000000-0000-0000-0000-000000000000/resourceGroups/clitest.rg000001/providers/Microsoft.ManagedIdentity/userAssignedIdentities/id1\"\
        \r\n    ]\r\n  },\r\n  \"id\": \"/subscriptions/00000000-0000-0000-0000-000000000000/resourceGroups/clitest.rg000001/providers/Microsoft.Compute/virtualMachineScaleSets/vmss1\"\
        ,\r\n  \"name\": \"vmss1\"\r\n}"}
    headers:
      cache-control: [no-cache]
      content-length: ['3849']
      content-type: [application/json; charset=utf-8]
      date: ['Mon, 12 Mar 2018 21:14:26 GMT']
      expires: ['-1']
      pragma: [no-cache]
      server: [Microsoft-HTTPAPI/2.0, Microsoft-HTTPAPI/2.0]
      strict-transport-security: [max-age=31536000; includeSubDomains]
      transfer-encoding: [chunked]
      vary: [Accept-Encoding]
      x-content-type-options: [nosniff]
      x-ms-ratelimit-remaining-resource: ['Microsoft.Compute/GetVMScaleSet3Min;179,Microsoft.Compute/GetVMScaleSet30Min;977']
    status: {code: 200, message: OK}
- request:
    body: null
    headers:
      Accept: [application/json]
      Accept-Encoding: ['gzip, deflate']
      CommandName: [vmss identity show]
      Connection: [keep-alive]
      Content-Type: [application/json; charset=utf-8]
      User-Agent: [python/3.5.3 (Windows-10-10.0.16299-SP0) requests/2.18.4 msrest/0.4.27
          msrest_azure/0.4.22 computemanagementclient/3.1.0rc3 Azure-SDK-For-Python
          AZURECLI/2.0.29]
      accept-language: [en-US]
    method: GET
    uri: https://management.azure.com/subscriptions/00000000-0000-0000-0000-000000000000/resourceGroups/clitest.rg000001/providers/Microsoft.Compute/virtualMachineScaleSets/vmss1?api-version=2017-12-01
  response:
    body: {string: "{\r\n  \"sku\": {\r\n    \"name\": \"Standard_D1_v2\",\r\n   \
        \ \"tier\": \"Standard\",\r\n    \"capacity\": 1\r\n  },\r\n  \"properties\"\
        : {\r\n    \"singlePlacementGroup\": true,\r\n    \"upgradePolicy\": {\r\n\
        \      \"mode\": \"Manual\",\r\n      \"automaticOSUpgrade\": false\r\n  \
        \  },\r\n    \"virtualMachineProfile\": {\r\n      \"osProfile\": {\r\n  \
        \      \"computerNamePrefix\": \"vmss12822\",\r\n        \"adminUsername\"\
        : \"ubuntuadmin\",\r\n        \"linuxConfiguration\": {\r\n          \"disablePasswordAuthentication\"\
        : true,\r\n          \"ssh\": {\r\n            \"publicKeys\": [\r\n     \
        \         {\r\n                \"path\": \"/home/ubuntuadmin/.ssh/authorized_keys\"\
        ,\r\n                \"keyData\": \"ssh-rsa AAAAB3NzaC1yc2EAAAADAQABAAABAQCaQ1KLeMgSuB7YfE9J8CIFBgyXuaUTjh2mcJL8F8PKS+ad3czClma99lDBSmXaIrdPcdyn/A5RfauijgTKPNbC64FgnbtNjTWjyb4NSJyXKP9BlbGqvz8xxO+CPOTvNe7GOPi9l0pZZLq8uXB1D4G6h54BBaEqpLIWGNDusllfRyy2Z9zIOCSuVmpss+zq1nWmiB3mrDTm36DO1jQFnOaytYYBrluulJ6fAn6vHI3vW/mDugwCb5KzT0hcKT2UeuM75odM/OS8I4YneDxdCz0Gu456o4izTHchGXWZURxJlSUD1znIMMJDJmxHbD+bhnfcZ8Xu5KxNDPhUCTYeN/oH\
        \ yugangw@YUGANGW1\\n\"\r\n              }\r\n            ]\r\n          }\r\
        \n        },\r\n        \"secrets\": []\r\n      },\r\n      \"storageProfile\"\
        : {\r\n        \"osDisk\": {\r\n          \"createOption\": \"FromImage\"\
        ,\r\n          \"caching\": \"ReadWrite\",\r\n          \"managedDisk\": {\r\
        \n            \"storageAccountType\": \"Standard_LRS\"\r\n          }\r\n\
        \        },\r\n        \"imageReference\": {\r\n          \"publisher\": \"\
        Canonical\",\r\n          \"offer\": \"UbuntuServer\",\r\n          \"sku\"\
        : \"16.04-LTS\",\r\n          \"version\": \"latest\"\r\n        }\r\n   \
        \   },\r\n      \"networkProfile\": {\"networkInterfaceConfigurations\":[{\"\
        name\":\"vmss12822Nic\",\"properties\":{\"primary\":true,\"enableAcceleratedNetworking\"\
        :false,\"dnsSettings\":{\"dnsServers\":[]},\"enableIPForwarding\":false,\"\
        ipConfigurations\":[{\"name\":\"vmss12822IPConfig\",\"properties\":{\"subnet\"\
        :{\"id\":\"/subscriptions/00000000-0000-0000-0000-000000000000/resourceGroups/clitest.rg000001/providers/Microsoft.Network/virtualNetworks/vmss1VNET/subnets/vmss1Subnet\"\
        },\"privateIPAddressVersion\":\"IPv4\",\"loadBalancerBackendAddressPools\"\
        :[{\"id\":\"/subscriptions/00000000-0000-0000-0000-000000000000/resourceGroups/clitest.rg000001/providers/Microsoft.Network/loadBalancers/vmss1LB/backendAddressPools/vmss1LBBEPool\"\
        }],\"loadBalancerInboundNatPools\":[{\"id\":\"/subscriptions/00000000-0000-0000-0000-000000000000/resourceGroups/clitest.rg000001/providers/Microsoft.Network/loadBalancers/vmss1LB/inboundNatPools/vmss1LBNatPool\"\
        }]}}]}}]},\r\n      \"extensionProfile\": {\r\n        \"extensions\": [\r\
        \n          {\r\n            \"properties\": {\r\n              \"publisher\"\
        : \"Microsoft.ManagedIdentity\",\r\n              \"type\": \"ManagedIdentityExtensionForLinux\"\
        ,\r\n              \"typeHandlerVersion\": \"1.0\",\r\n              \"autoUpgradeMinorVersion\"\
        : true,\r\n              \"settings\": {\"port\":50342}\r\n            },\r\
        \n            \"name\": \"ManagedIdentityExtensionForLinux\"\r\n         \
        \ }\r\n        ]\r\n      }\r\n    },\r\n    \"provisioningState\": \"Succeeded\"\
        ,\r\n    \"overprovision\": true,\r\n    \"uniqueId\": \"2fe213a4-725c-4acf-8bb2-591f70f94b96\"\
        \r\n  },\r\n  \"type\": \"Microsoft.Compute/virtualMachineScaleSets\",\r\n\
        \  \"location\": \"westcentralus\",\r\n  \"tags\": {},\r\n  \"identity\":\
        \ {\r\n    \"type\": \"SystemAssigned, UserAssigned\",\r\n    \"principalId\"\
        : \"2dacae0e-8e0f-4c6f-8c1d-90684e113454\",\r\n    \"tenantId\": \"54826b22-38d6-4fb2-bad9-b7b93a3e9c5a\"\
        ,\r\n    \"identityIds\": [\r\n      \"/subscriptions/00000000-0000-0000-0000-000000000000/resourceGroups/clitest.rg000001/providers/Microsoft.ManagedIdentity/userAssignedIdentities/id2\"\
        ,\r\n      \"/subscriptions/00000000-0000-0000-0000-000000000000/resourceGroups/clitest.rg000001/providers/Microsoft.ManagedIdentity/userAssignedIdentities/id1\"\
        \r\n    ]\r\n  },\r\n  \"id\": \"/subscriptions/00000000-0000-0000-0000-000000000000/resourceGroups/clitest.rg000001/providers/Microsoft.Compute/virtualMachineScaleSets/vmss1\"\
        ,\r\n  \"name\": \"vmss1\"\r\n}"}
    headers:
      cache-control: [no-cache]
      content-length: ['3849']
      content-type: [application/json; charset=utf-8]
      date: ['Mon, 12 Mar 2018 21:14:27 GMT']
      expires: ['-1']
      pragma: [no-cache]
      server: [Microsoft-HTTPAPI/2.0, Microsoft-HTTPAPI/2.0]
      strict-transport-security: [max-age=31536000; includeSubDomains]
      transfer-encoding: [chunked]
      vary: [Accept-Encoding]
      x-content-type-options: [nosniff]
      x-ms-ratelimit-remaining-resource: ['Microsoft.Compute/GetVMScaleSet3Min;178,Microsoft.Compute/GetVMScaleSet30Min;976']
    status: {code: 200, message: OK}
- request:
    body: '{"instanceIds": ["*"]}'
    headers:
      Accept: [application/json]
      Accept-Encoding: ['gzip, deflate']
      CommandName: [vmss update-instances]
      Connection: [keep-alive]
      Content-Length: ['22']
      Content-Type: [application/json; charset=utf-8]
      User-Agent: [python/3.5.3 (Windows-10-10.0.16299-SP0) requests/2.18.4 msrest/0.4.27
          msrest_azure/0.4.22 computemanagementclient/3.1.0rc3 Azure-SDK-For-Python
          AZURECLI/2.0.29]
      accept-language: [en-US]
    method: POST
    uri: https://management.azure.com/subscriptions/00000000-0000-0000-0000-000000000000/resourceGroups/clitest.rg000001/providers/Microsoft.Compute/virtualMachineScaleSets/vmss1/manualupgrade?api-version=2017-12-01
  response:
    body: {string: ''}
    headers:
      azure-asyncoperation: ['https://management.azure.com/subscriptions/00000000-0000-0000-0000-000000000000/providers/Microsoft.Compute/locations/westcentralus/operations/b383b2d2-355e-4c34-af5b-3217505ee1a4?api-version=2017-12-01']
      cache-control: [no-cache]
      content-length: ['0']
      date: ['Mon, 12 Mar 2018 21:14:28 GMT']
      expires: ['-1']
      location: ['https://management.azure.com/subscriptions/00000000-0000-0000-0000-000000000000/providers/Microsoft.Compute/locations/westcentralus/operations/b383b2d2-355e-4c34-af5b-3217505ee1a4?monitor=true&api-version=2017-12-01']
      pragma: [no-cache]
      server: [Microsoft-HTTPAPI/2.0, Microsoft-HTTPAPI/2.0]
      strict-transport-security: [max-age=31536000; includeSubDomains]
      x-content-type-options: [nosniff]
      x-ms-ratelimit-remaining-resource: ['Microsoft.Compute/VMScaleSetActions3Min;239,Microsoft.Compute/VMScaleSetActions30Min;1199,Microsoft.Compute/VMScaleSetBatchedVMRequests5Min;1199,Microsoft.Compute/VmssQueuedVMOperations;4799']
      x-ms-ratelimit-remaining-subscription-writes: ['1190']
      x-ms-request-charge: ['1']
    status: {code: 202, message: Accepted}
- request:
    body: null
    headers:
      Accept: [application/json]
      Accept-Encoding: ['gzip, deflate']
      CommandName: [vmss update-instances]
      Connection: [keep-alive]
      User-Agent: [python/3.5.3 (Windows-10-10.0.16299-SP0) requests/2.18.4 msrest/0.4.27
          msrest_azure/0.4.22 computemanagementclient/3.1.0rc3 Azure-SDK-For-Python
          AZURECLI/2.0.29]
    method: GET
    uri: https://management.azure.com/subscriptions/00000000-0000-0000-0000-000000000000/providers/Microsoft.Compute/locations/westcentralus/operations/b383b2d2-355e-4c34-af5b-3217505ee1a4?api-version=2017-12-01
  response:
    body: {string: "{\r\n  \"startTime\": \"2018-03-12T21:14:28.5880569+00:00\",\r\
        \n  \"endTime\": \"2018-03-12T21:14:36.3849387+00:00\",\r\n  \"status\": \"\
        Succeeded\",\r\n  \"name\": \"b383b2d2-355e-4c34-af5b-3217505ee1a4\"\r\n}"}
    headers:
      cache-control: [no-cache]
      content-length: ['184']
      content-type: [application/json; charset=utf-8]
      date: ['Mon, 12 Mar 2018 21:14:58 GMT']
      expires: ['-1']
      pragma: [no-cache]
      server: [Microsoft-HTTPAPI/2.0, Microsoft-HTTPAPI/2.0]
      strict-transport-security: [max-age=31536000; includeSubDomains]
      transfer-encoding: [chunked]
      vary: [Accept-Encoding]
      x-content-type-options: [nosniff]
      x-ms-ratelimit-remaining-resource: ['Microsoft.Compute/GetOperation3Min;11985,Microsoft.Compute/GetOperation30Min;23893']
    status: {code: 200, message: OK}
- request:
    body: null
    headers:
      Accept: [application/json]
      Accept-Encoding: ['gzip, deflate']
      CommandName: [vmss remove-identity]
      Connection: [keep-alive]
      Content-Type: [application/json; charset=utf-8]
      User-Agent: [python/3.5.3 (Windows-10-10.0.16299-SP0) requests/2.18.4 msrest/0.4.27
          msrest_azure/0.4.22 computemanagementclient/3.1.0rc3 Azure-SDK-For-Python
          AZURECLI/2.0.29]
      accept-language: [en-US]
    method: GET
    uri: https://management.azure.com/subscriptions/00000000-0000-0000-0000-000000000000/resourceGroups/clitest.rg000001/providers/Microsoft.Compute/virtualMachineScaleSets/vmss1?api-version=2017-12-01
  response:
    body: {string: "{\r\n  \"sku\": {\r\n    \"name\": \"Standard_D1_v2\",\r\n   \
        \ \"tier\": \"Standard\",\r\n    \"capacity\": 1\r\n  },\r\n  \"properties\"\
        : {\r\n    \"singlePlacementGroup\": true,\r\n    \"upgradePolicy\": {\r\n\
        \      \"mode\": \"Manual\",\r\n      \"automaticOSUpgrade\": false\r\n  \
        \  },\r\n    \"virtualMachineProfile\": {\r\n      \"osProfile\": {\r\n  \
        \      \"computerNamePrefix\": \"vmss12822\",\r\n        \"adminUsername\"\
        : \"ubuntuadmin\",\r\n        \"linuxConfiguration\": {\r\n          \"disablePasswordAuthentication\"\
        : true,\r\n          \"ssh\": {\r\n            \"publicKeys\": [\r\n     \
        \         {\r\n                \"path\": \"/home/ubuntuadmin/.ssh/authorized_keys\"\
        ,\r\n                \"keyData\": \"ssh-rsa AAAAB3NzaC1yc2EAAAADAQABAAABAQCaQ1KLeMgSuB7YfE9J8CIFBgyXuaUTjh2mcJL8F8PKS+ad3czClma99lDBSmXaIrdPcdyn/A5RfauijgTKPNbC64FgnbtNjTWjyb4NSJyXKP9BlbGqvz8xxO+CPOTvNe7GOPi9l0pZZLq8uXB1D4G6h54BBaEqpLIWGNDusllfRyy2Z9zIOCSuVmpss+zq1nWmiB3mrDTm36DO1jQFnOaytYYBrluulJ6fAn6vHI3vW/mDugwCb5KzT0hcKT2UeuM75odM/OS8I4YneDxdCz0Gu456o4izTHchGXWZURxJlSUD1znIMMJDJmxHbD+bhnfcZ8Xu5KxNDPhUCTYeN/oH\
        \ yugangw@YUGANGW1\\n\"\r\n              }\r\n            ]\r\n          }\r\
        \n        },\r\n        \"secrets\": []\r\n      },\r\n      \"storageProfile\"\
        : {\r\n        \"osDisk\": {\r\n          \"createOption\": \"FromImage\"\
        ,\r\n          \"caching\": \"ReadWrite\",\r\n          \"managedDisk\": {\r\
        \n            \"storageAccountType\": \"Standard_LRS\"\r\n          }\r\n\
        \        },\r\n        \"imageReference\": {\r\n          \"publisher\": \"\
        Canonical\",\r\n          \"offer\": \"UbuntuServer\",\r\n          \"sku\"\
        : \"16.04-LTS\",\r\n          \"version\": \"latest\"\r\n        }\r\n   \
        \   },\r\n      \"networkProfile\": {\"networkInterfaceConfigurations\":[{\"\
        name\":\"vmss12822Nic\",\"properties\":{\"primary\":true,\"enableAcceleratedNetworking\"\
        :false,\"dnsSettings\":{\"dnsServers\":[]},\"enableIPForwarding\":false,\"\
        ipConfigurations\":[{\"name\":\"vmss12822IPConfig\",\"properties\":{\"subnet\"\
        :{\"id\":\"/subscriptions/00000000-0000-0000-0000-000000000000/resourceGroups/clitest.rg000001/providers/Microsoft.Network/virtualNetworks/vmss1VNET/subnets/vmss1Subnet\"\
        },\"privateIPAddressVersion\":\"IPv4\",\"loadBalancerBackendAddressPools\"\
        :[{\"id\":\"/subscriptions/00000000-0000-0000-0000-000000000000/resourceGroups/clitest.rg000001/providers/Microsoft.Network/loadBalancers/vmss1LB/backendAddressPools/vmss1LBBEPool\"\
        }],\"loadBalancerInboundNatPools\":[{\"id\":\"/subscriptions/00000000-0000-0000-0000-000000000000/resourceGroups/clitest.rg000001/providers/Microsoft.Network/loadBalancers/vmss1LB/inboundNatPools/vmss1LBNatPool\"\
        }]}}]}}]},\r\n      \"extensionProfile\": {\r\n        \"extensions\": [\r\
        \n          {\r\n            \"properties\": {\r\n              \"publisher\"\
        : \"Microsoft.ManagedIdentity\",\r\n              \"type\": \"ManagedIdentityExtensionForLinux\"\
        ,\r\n              \"typeHandlerVersion\": \"1.0\",\r\n              \"autoUpgradeMinorVersion\"\
        : true,\r\n              \"settings\": {\"port\":50342}\r\n            },\r\
        \n            \"name\": \"ManagedIdentityExtensionForLinux\"\r\n         \
        \ }\r\n        ]\r\n      }\r\n    },\r\n    \"provisioningState\": \"Succeeded\"\
        ,\r\n    \"overprovision\": true,\r\n    \"uniqueId\": \"2fe213a4-725c-4acf-8bb2-591f70f94b96\"\
        \r\n  },\r\n  \"type\": \"Microsoft.Compute/virtualMachineScaleSets\",\r\n\
        \  \"location\": \"westcentralus\",\r\n  \"tags\": {},\r\n  \"identity\":\
        \ {\r\n    \"type\": \"SystemAssigned, UserAssigned\",\r\n    \"principalId\"\
        : \"2dacae0e-8e0f-4c6f-8c1d-90684e113454\",\r\n    \"tenantId\": \"54826b22-38d6-4fb2-bad9-b7b93a3e9c5a\"\
        ,\r\n    \"identityIds\": [\r\n      \"/subscriptions/00000000-0000-0000-0000-000000000000/resourceGroups/clitest.rg000001/providers/Microsoft.ManagedIdentity/userAssignedIdentities/id2\"\
        ,\r\n      \"/subscriptions/00000000-0000-0000-0000-000000000000/resourceGroups/clitest.rg000001/providers/Microsoft.ManagedIdentity/userAssignedIdentities/id1\"\
        \r\n    ]\r\n  },\r\n  \"id\": \"/subscriptions/00000000-0000-0000-0000-000000000000/resourceGroups/clitest.rg000001/providers/Microsoft.Compute/virtualMachineScaleSets/vmss1\"\
        ,\r\n  \"name\": \"vmss1\"\r\n}"}
    headers:
      cache-control: [no-cache]
      content-length: ['3849']
      content-type: [application/json; charset=utf-8]
      date: ['Mon, 12 Mar 2018 21:14:59 GMT']
      expires: ['-1']
      pragma: [no-cache]
      server: [Microsoft-HTTPAPI/2.0, Microsoft-HTTPAPI/2.0]
      strict-transport-security: [max-age=31536000; includeSubDomains]
      transfer-encoding: [chunked]
      vary: [Accept-Encoding]
      x-content-type-options: [nosniff]
      x-ms-ratelimit-remaining-resource: ['Microsoft.Compute/GetVMScaleSet3Min;185,Microsoft.Compute/GetVMScaleSet30Min;975']
    status: {code: 200, message: OK}
- request:
    body: 'b''{"sku": {"tier": "Standard", "capacity": 1, "name": "Standard_D1_v2"},
      "tags": {}, "location": "westcentralus", "properties": {"singlePlacementGroup":
      true, "overprovision": true, "upgradePolicy": {"mode": "Manual", "automaticOSUpgrade":
      false}, "virtualMachineProfile": {"networkProfile": {"networkInterfaceConfigurations":
      [{"properties": {"primary": true, "dnsSettings": {"dnsServers": []}, "enableIPForwarding":
      false, "ipConfigurations": [{"properties": {"loadBalancerInboundNatPools": [{"id":
      "/subscriptions/00000000-0000-0000-0000-000000000000/resourceGroups/clitest.rg000001/providers/Microsoft.Network/loadBalancers/vmss1LB/inboundNatPools/vmss1LBNatPool"}],
      "privateIPAddressVersion": "IPv4", "loadBalancerBackendAddressPools": [{"id":
      "/subscriptions/00000000-0000-0000-0000-000000000000/resourceGroups/clitest.rg000001/providers/Microsoft.Network/loadBalancers/vmss1LB/backendAddressPools/vmss1LBBEPool"}],
      "subnet": {"id": "/subscriptions/00000000-0000-0000-0000-000000000000/resourceGroups/clitest.rg000001/providers/Microsoft.Network/virtualNetworks/vmss1VNET/subnets/vmss1Subnet"}},
      "name": "vmss12822IPConfig"}], "enableAcceleratedNetworking": false}, "name":
      "vmss12822Nic"}]}, "extensionProfile": {"extensions": [{"properties": {"publisher":
      "Microsoft.ManagedIdentity", "settings": {"port": 50342}, "typeHandlerVersion":
      "1.0", "type": "ManagedIdentityExtensionForLinux", "autoUpgradeMinorVersion":
      true}, "name": "ManagedIdentityExtensionForLinux"}]}, "osProfile": {"computerNamePrefix":
      "vmss12822", "linuxConfiguration": {"disablePasswordAuthentication": true, "ssh":
      {"publicKeys": [{"keyData": "ssh-rsa AAAAB3NzaC1yc2EAAAADAQABAAABAQCaQ1KLeMgSuB7YfE9J8CIFBgyXuaUTjh2mcJL8F8PKS+ad3czClma99lDBSmXaIrdPcdyn/A5RfauijgTKPNbC64FgnbtNjTWjyb4NSJyXKP9BlbGqvz8xxO+CPOTvNe7GOPi9l0pZZLq8uXB1D4G6h54BBaEqpLIWGNDusllfRyy2Z9zIOCSuVmpss+zq1nWmiB3mrDTm36DO1jQFnOaytYYBrluulJ6fAn6vHI3vW/mDugwCb5KzT0hcKT2UeuM75odM/OS8I4YneDxdCz0Gu456o4izTHchGXWZURxJlSUD1znIMMJDJmxHbD+bhnfcZ8Xu5KxNDPhUCTYeN/oH
      yugangw@YUGANGW1\\n", "path": "/home/ubuntuadmin/.ssh/authorized_keys"}]}},
      "secrets": [], "adminUsername": "ubuntuadmin"}, "storageProfile": {"osDisk":
      {"caching": "ReadWrite", "createOption": "FromImage", "managedDisk": {"storageAccountType":
      "Standard_LRS"}}, "imageReference": {"publisher": "Canonical", "offer": "UbuntuServer",
      "sku": "16.04-LTS", "version": "latest"}}}}, "identity": {"identityIds": ["/subscriptions/00000000-0000-0000-0000-000000000000/resourcegroups/clitest.rg000001/providers/microsoft.managedidentity/userassignedidentities/id2"],
      "type": "SystemAssigned, UserAssigned"}}'''
    headers:
      Accept: [application/json]
      Accept-Encoding: ['gzip, deflate']
      CommandName: [vmss remove-identity]
      Connection: [keep-alive]
      Content-Length: ['2615']
      Content-Type: [application/json; charset=utf-8]
      User-Agent: [python/3.5.3 (Windows-10-10.0.16299-SP0) requests/2.18.4 msrest/0.4.27
          msrest_azure/0.4.22 computemanagementclient/3.1.0rc3 Azure-SDK-For-Python
          AZURECLI/2.0.29]
      accept-language: [en-US]
    method: PUT
    uri: https://management.azure.com/subscriptions/00000000-0000-0000-0000-000000000000/resourceGroups/clitest.rg000001/providers/Microsoft.Compute/virtualMachineScaleSets/vmss1?api-version=2017-12-01
  response:
    body: {string: "{\r\n  \"sku\": {\r\n    \"name\": \"Standard_D1_v2\",\r\n   \
        \ \"tier\": \"Standard\",\r\n    \"capacity\": 1\r\n  },\r\n  \"properties\"\
        : {\r\n    \"singlePlacementGroup\": true,\r\n    \"upgradePolicy\": {\r\n\
        \      \"mode\": \"Manual\",\r\n      \"automaticOSUpgrade\": false\r\n  \
        \  },\r\n    \"virtualMachineProfile\": {\r\n      \"osProfile\": {\r\n  \
        \      \"computerNamePrefix\": \"vmss12822\",\r\n        \"adminUsername\"\
        : \"ubuntuadmin\",\r\n        \"linuxConfiguration\": {\r\n          \"disablePasswordAuthentication\"\
        : true,\r\n          \"ssh\": {\r\n            \"publicKeys\": [\r\n     \
        \         {\r\n                \"path\": \"/home/ubuntuadmin/.ssh/authorized_keys\"\
        ,\r\n                \"keyData\": \"ssh-rsa AAAAB3NzaC1yc2EAAAADAQABAAABAQCaQ1KLeMgSuB7YfE9J8CIFBgyXuaUTjh2mcJL8F8PKS+ad3czClma99lDBSmXaIrdPcdyn/A5RfauijgTKPNbC64FgnbtNjTWjyb4NSJyXKP9BlbGqvz8xxO+CPOTvNe7GOPi9l0pZZLq8uXB1D4G6h54BBaEqpLIWGNDusllfRyy2Z9zIOCSuVmpss+zq1nWmiB3mrDTm36DO1jQFnOaytYYBrluulJ6fAn6vHI3vW/mDugwCb5KzT0hcKT2UeuM75odM/OS8I4YneDxdCz0Gu456o4izTHchGXWZURxJlSUD1znIMMJDJmxHbD+bhnfcZ8Xu5KxNDPhUCTYeN/oH\
        \ yugangw@YUGANGW1\\n\"\r\n              }\r\n            ]\r\n          }\r\
        \n        },\r\n        \"secrets\": []\r\n      },\r\n      \"storageProfile\"\
        : {\r\n        \"osDisk\": {\r\n          \"createOption\": \"FromImage\"\
        ,\r\n          \"caching\": \"ReadWrite\",\r\n          \"managedDisk\": {\r\
        \n            \"storageAccountType\": \"Standard_LRS\"\r\n          }\r\n\
        \        },\r\n        \"imageReference\": {\r\n          \"publisher\": \"\
        Canonical\",\r\n          \"offer\": \"UbuntuServer\",\r\n          \"sku\"\
        : \"16.04-LTS\",\r\n          \"version\": \"latest\"\r\n        }\r\n   \
        \   },\r\n      \"networkProfile\": {\"networkInterfaceConfigurations\":[{\"\
        name\":\"vmss12822Nic\",\"properties\":{\"primary\":true,\"enableAcceleratedNetworking\"\
        :false,\"dnsSettings\":{\"dnsServers\":[]},\"enableIPForwarding\":false,\"\
        ipConfigurations\":[{\"name\":\"vmss12822IPConfig\",\"properties\":{\"subnet\"\
        :{\"id\":\"/subscriptions/00000000-0000-0000-0000-000000000000/resourceGroups/clitest.rg000001/providers/Microsoft.Network/virtualNetworks/vmss1VNET/subnets/vmss1Subnet\"\
        },\"privateIPAddressVersion\":\"IPv4\",\"loadBalancerBackendAddressPools\"\
        :[{\"id\":\"/subscriptions/00000000-0000-0000-0000-000000000000/resourceGroups/clitest.rg000001/providers/Microsoft.Network/loadBalancers/vmss1LB/backendAddressPools/vmss1LBBEPool\"\
        }],\"loadBalancerInboundNatPools\":[{\"id\":\"/subscriptions/00000000-0000-0000-0000-000000000000/resourceGroups/clitest.rg000001/providers/Microsoft.Network/loadBalancers/vmss1LB/inboundNatPools/vmss1LBNatPool\"\
        }]}}]}}]},\r\n      \"extensionProfile\": {\r\n        \"extensions\": [\r\
        \n          {\r\n            \"properties\": {\r\n              \"publisher\"\
        : \"Microsoft.ManagedIdentity\",\r\n              \"type\": \"ManagedIdentityExtensionForLinux\"\
        ,\r\n              \"typeHandlerVersion\": \"1.0\",\r\n              \"autoUpgradeMinorVersion\"\
        : true,\r\n              \"settings\": {\"port\":50342}\r\n            },\r\
        \n            \"name\": \"ManagedIdentityExtensionForLinux\"\r\n         \
        \ }\r\n        ]\r\n      }\r\n    },\r\n    \"provisioningState\": \"Updating\"\
        ,\r\n    \"overprovision\": true,\r\n    \"uniqueId\": \"2fe213a4-725c-4acf-8bb2-591f70f94b96\"\
        \r\n  },\r\n  \"type\": \"Microsoft.Compute/virtualMachineScaleSets\",\r\n\
        \  \"location\": \"westcentralus\",\r\n  \"tags\": {},\r\n  \"identity\":\
        \ {\r\n    \"type\": \"SystemAssigned, UserAssigned\",\r\n    \"principalId\"\
        : \"2dacae0e-8e0f-4c6f-8c1d-90684e113454\",\r\n    \"tenantId\": \"54826b22-38d6-4fb2-bad9-b7b93a3e9c5a\"\
        ,\r\n    \"identityIds\": [\r\n      \"/subscriptions/00000000-0000-0000-0000-000000000000/resourcegroups/clitest.rg000001/providers/microsoft.managedidentity/userassignedidentities/id2\"\
        \r\n    ]\r\n  },\r\n  \"id\": \"/subscriptions/00000000-0000-0000-0000-000000000000/resourceGroups/clitest.rg000001/providers/Microsoft.Compute/virtualMachineScaleSets/vmss1\"\
        ,\r\n  \"name\": \"vmss1\"\r\n}"}
    headers:
      azure-asyncoperation: ['https://management.azure.com/subscriptions/00000000-0000-0000-0000-000000000000/providers/Microsoft.Compute/locations/westcentralus/operations/e8d9dc3e-9a41-4969-bdde-ea3248a76fac?api-version=2017-12-01']
      cache-control: [no-cache]
      content-length: ['3687']
      content-type: [application/json; charset=utf-8]
      date: ['Mon, 12 Mar 2018 21:15:00 GMT']
      expires: ['-1']
      pragma: [no-cache]
      server: [Microsoft-HTTPAPI/2.0, Microsoft-HTTPAPI/2.0]
      strict-transport-security: [max-age=31536000; includeSubDomains]
      transfer-encoding: [chunked]
      vary: [Accept-Encoding]
      x-content-type-options: [nosniff]
      x-ms-ratelimit-remaining-resource: ['Microsoft.Compute/CreateVMScaleSet3Min;38,Microsoft.Compute/CreateVMScaleSet30Min;196,Microsoft.Compute/VmssQueuedVMOperations;4800']
      x-ms-ratelimit-remaining-subscription-writes: ['1185']
      x-ms-request-charge: ['0']
    status: {code: 200, message: OK}
- request:
    body: null
    headers:
      Accept: [application/json]
      Accept-Encoding: ['gzip, deflate']
      CommandName: [vmss remove-identity]
      Connection: [keep-alive]
      User-Agent: [python/3.5.3 (Windows-10-10.0.16299-SP0) requests/2.18.4 msrest/0.4.27
          msrest_azure/0.4.22 computemanagementclient/3.1.0rc3 Azure-SDK-For-Python
          AZURECLI/2.0.29]
    method: GET
    uri: https://management.azure.com/subscriptions/00000000-0000-0000-0000-000000000000/providers/Microsoft.Compute/locations/westcentralus/operations/e8d9dc3e-9a41-4969-bdde-ea3248a76fac?api-version=2017-12-01
  response:
    body: {string: "{\r\n  \"startTime\": \"2018-03-12T21:15:00.9787236+00:00\",\r\
        \n  \"endTime\": \"2018-03-12T21:15:02.0568344+00:00\",\r\n  \"status\": \"\
        Succeeded\",\r\n  \"name\": \"e8d9dc3e-9a41-4969-bdde-ea3248a76fac\"\r\n}"}
    headers:
      cache-control: [no-cache]
      content-length: ['184']
      content-type: [application/json; charset=utf-8]
      date: ['Mon, 12 Mar 2018 21:15:31 GMT']
      expires: ['-1']
      pragma: [no-cache]
      server: [Microsoft-HTTPAPI/2.0, Microsoft-HTTPAPI/2.0]
      strict-transport-security: [max-age=31536000; includeSubDomains]
      transfer-encoding: [chunked]
      vary: [Accept-Encoding]
      x-content-type-options: [nosniff]
      x-ms-ratelimit-remaining-resource: ['Microsoft.Compute/GetOperation3Min;11989,Microsoft.Compute/GetOperation30Min;23937']
    status: {code: 200, message: OK}
- request:
    body: null
    headers:
      Accept: [application/json]
      Accept-Encoding: ['gzip, deflate']
      CommandName: [vmss remove-identity]
      Connection: [keep-alive]
      User-Agent: [python/3.5.3 (Windows-10-10.0.16299-SP0) requests/2.18.4 msrest/0.4.27
          msrest_azure/0.4.22 computemanagementclient/3.1.0rc3 Azure-SDK-For-Python
          AZURECLI/2.0.29]
    method: GET
    uri: https://management.azure.com/subscriptions/00000000-0000-0000-0000-000000000000/resourceGroups/clitest.rg000001/providers/Microsoft.Compute/virtualMachineScaleSets/vmss1?api-version=2017-12-01
  response:
    body: {string: "{\r\n  \"sku\": {\r\n    \"name\": \"Standard_D1_v2\",\r\n   \
        \ \"tier\": \"Standard\",\r\n    \"capacity\": 1\r\n  },\r\n  \"properties\"\
        : {\r\n    \"singlePlacementGroup\": true,\r\n    \"upgradePolicy\": {\r\n\
        \      \"mode\": \"Manual\",\r\n      \"automaticOSUpgrade\": false\r\n  \
        \  },\r\n    \"virtualMachineProfile\": {\r\n      \"osProfile\": {\r\n  \
        \      \"computerNamePrefix\": \"vmss12822\",\r\n        \"adminUsername\"\
        : \"ubuntuadmin\",\r\n        \"linuxConfiguration\": {\r\n          \"disablePasswordAuthentication\"\
        : true,\r\n          \"ssh\": {\r\n            \"publicKeys\": [\r\n     \
        \         {\r\n                \"path\": \"/home/ubuntuadmin/.ssh/authorized_keys\"\
        ,\r\n                \"keyData\": \"ssh-rsa AAAAB3NzaC1yc2EAAAADAQABAAABAQCaQ1KLeMgSuB7YfE9J8CIFBgyXuaUTjh2mcJL8F8PKS+ad3czClma99lDBSmXaIrdPcdyn/A5RfauijgTKPNbC64FgnbtNjTWjyb4NSJyXKP9BlbGqvz8xxO+CPOTvNe7GOPi9l0pZZLq8uXB1D4G6h54BBaEqpLIWGNDusllfRyy2Z9zIOCSuVmpss+zq1nWmiB3mrDTm36DO1jQFnOaytYYBrluulJ6fAn6vHI3vW/mDugwCb5KzT0hcKT2UeuM75odM/OS8I4YneDxdCz0Gu456o4izTHchGXWZURxJlSUD1znIMMJDJmxHbD+bhnfcZ8Xu5KxNDPhUCTYeN/oH\
        \ yugangw@YUGANGW1\\n\"\r\n              }\r\n            ]\r\n          }\r\
        \n        },\r\n        \"secrets\": []\r\n      },\r\n      \"storageProfile\"\
        : {\r\n        \"osDisk\": {\r\n          \"createOption\": \"FromImage\"\
        ,\r\n          \"caching\": \"ReadWrite\",\r\n          \"managedDisk\": {\r\
        \n            \"storageAccountType\": \"Standard_LRS\"\r\n          }\r\n\
        \        },\r\n        \"imageReference\": {\r\n          \"publisher\": \"\
        Canonical\",\r\n          \"offer\": \"UbuntuServer\",\r\n          \"sku\"\
        : \"16.04-LTS\",\r\n          \"version\": \"latest\"\r\n        }\r\n   \
        \   },\r\n      \"networkProfile\": {\"networkInterfaceConfigurations\":[{\"\
        name\":\"vmss12822Nic\",\"properties\":{\"primary\":true,\"enableAcceleratedNetworking\"\
        :false,\"dnsSettings\":{\"dnsServers\":[]},\"enableIPForwarding\":false,\"\
        ipConfigurations\":[{\"name\":\"vmss12822IPConfig\",\"properties\":{\"subnet\"\
        :{\"id\":\"/subscriptions/00000000-0000-0000-0000-000000000000/resourceGroups/clitest.rg000001/providers/Microsoft.Network/virtualNetworks/vmss1VNET/subnets/vmss1Subnet\"\
        },\"privateIPAddressVersion\":\"IPv4\",\"loadBalancerBackendAddressPools\"\
        :[{\"id\":\"/subscriptions/00000000-0000-0000-0000-000000000000/resourceGroups/clitest.rg000001/providers/Microsoft.Network/loadBalancers/vmss1LB/backendAddressPools/vmss1LBBEPool\"\
        }],\"loadBalancerInboundNatPools\":[{\"id\":\"/subscriptions/00000000-0000-0000-0000-000000000000/resourceGroups/clitest.rg000001/providers/Microsoft.Network/loadBalancers/vmss1LB/inboundNatPools/vmss1LBNatPool\"\
        }]}}]}}]},\r\n      \"extensionProfile\": {\r\n        \"extensions\": [\r\
        \n          {\r\n            \"properties\": {\r\n              \"publisher\"\
        : \"Microsoft.ManagedIdentity\",\r\n              \"type\": \"ManagedIdentityExtensionForLinux\"\
        ,\r\n              \"typeHandlerVersion\": \"1.0\",\r\n              \"autoUpgradeMinorVersion\"\
        : true,\r\n              \"settings\": {\"port\":50342}\r\n            },\r\
        \n            \"name\": \"ManagedIdentityExtensionForLinux\"\r\n         \
        \ }\r\n        ]\r\n      }\r\n    },\r\n    \"provisioningState\": \"Succeeded\"\
        ,\r\n    \"overprovision\": true,\r\n    \"uniqueId\": \"2fe213a4-725c-4acf-8bb2-591f70f94b96\"\
        \r\n  },\r\n  \"type\": \"Microsoft.Compute/virtualMachineScaleSets\",\r\n\
        \  \"location\": \"westcentralus\",\r\n  \"tags\": {},\r\n  \"identity\":\
        \ {\r\n    \"type\": \"SystemAssigned, UserAssigned\",\r\n    \"principalId\"\
        : \"2dacae0e-8e0f-4c6f-8c1d-90684e113454\",\r\n    \"tenantId\": \"54826b22-38d6-4fb2-bad9-b7b93a3e9c5a\"\
        ,\r\n    \"identityIds\": [\r\n      \"/subscriptions/00000000-0000-0000-0000-000000000000/resourcegroups/clitest.rg000001/providers/microsoft.managedidentity/userassignedidentities/id2\"\
        \r\n    ]\r\n  },\r\n  \"id\": \"/subscriptions/00000000-0000-0000-0000-000000000000/resourceGroups/clitest.rg000001/providers/Microsoft.Compute/virtualMachineScaleSets/vmss1\"\
        ,\r\n  \"name\": \"vmss1\"\r\n}"}
    headers:
      cache-control: [no-cache]
      content-length: ['3688']
      content-type: [application/json; charset=utf-8]
      date: ['Mon, 12 Mar 2018 21:15:31 GMT']
      expires: ['-1']
      pragma: [no-cache]
      server: [Microsoft-HTTPAPI/2.0, Microsoft-HTTPAPI/2.0]
      strict-transport-security: [max-age=31536000; includeSubDomains]
      transfer-encoding: [chunked]
      vary: [Accept-Encoding]
      x-content-type-options: [nosniff]
      x-ms-ratelimit-remaining-resource: ['Microsoft.Compute/GetVMScaleSet3Min;179,Microsoft.Compute/GetVMScaleSet30Min;969']
    status: {code: 200, message: OK}
- request:
    body: null
    headers:
      Accept: [application/json]
      Accept-Encoding: ['gzip, deflate']
      CommandName: [vmss show]
      Connection: [keep-alive]
      Content-Type: [application/json; charset=utf-8]
      User-Agent: [python/3.5.3 (Windows-10-10.0.16299-SP0) requests/2.18.4 msrest/0.4.27
          msrest_azure/0.4.22 computemanagementclient/3.1.0rc3 Azure-SDK-For-Python
          AZURECLI/2.0.29]
      accept-language: [en-US]
    method: GET
    uri: https://management.azure.com/subscriptions/00000000-0000-0000-0000-000000000000/resourceGroups/clitest.rg000001/providers/Microsoft.Compute/virtualMachineScaleSets/vmss1?api-version=2017-12-01
  response:
    body: {string: "{\r\n  \"sku\": {\r\n    \"name\": \"Standard_D1_v2\",\r\n   \
        \ \"tier\": \"Standard\",\r\n    \"capacity\": 1\r\n  },\r\n  \"properties\"\
        : {\r\n    \"singlePlacementGroup\": true,\r\n    \"upgradePolicy\": {\r\n\
        \      \"mode\": \"Manual\",\r\n      \"automaticOSUpgrade\": false\r\n  \
        \  },\r\n    \"virtualMachineProfile\": {\r\n      \"osProfile\": {\r\n  \
        \      \"computerNamePrefix\": \"vmss12822\",\r\n        \"adminUsername\"\
        : \"ubuntuadmin\",\r\n        \"linuxConfiguration\": {\r\n          \"disablePasswordAuthentication\"\
        : true,\r\n          \"ssh\": {\r\n            \"publicKeys\": [\r\n     \
        \         {\r\n                \"path\": \"/home/ubuntuadmin/.ssh/authorized_keys\"\
        ,\r\n                \"keyData\": \"ssh-rsa AAAAB3NzaC1yc2EAAAADAQABAAABAQCaQ1KLeMgSuB7YfE9J8CIFBgyXuaUTjh2mcJL8F8PKS+ad3czClma99lDBSmXaIrdPcdyn/A5RfauijgTKPNbC64FgnbtNjTWjyb4NSJyXKP9BlbGqvz8xxO+CPOTvNe7GOPi9l0pZZLq8uXB1D4G6h54BBaEqpLIWGNDusllfRyy2Z9zIOCSuVmpss+zq1nWmiB3mrDTm36DO1jQFnOaytYYBrluulJ6fAn6vHI3vW/mDugwCb5KzT0hcKT2UeuM75odM/OS8I4YneDxdCz0Gu456o4izTHchGXWZURxJlSUD1znIMMJDJmxHbD+bhnfcZ8Xu5KxNDPhUCTYeN/oH\
        \ yugangw@YUGANGW1\\n\"\r\n              }\r\n            ]\r\n          }\r\
        \n        },\r\n        \"secrets\": []\r\n      },\r\n      \"storageProfile\"\
        : {\r\n        \"osDisk\": {\r\n          \"createOption\": \"FromImage\"\
        ,\r\n          \"caching\": \"ReadWrite\",\r\n          \"managedDisk\": {\r\
        \n            \"storageAccountType\": \"Standard_LRS\"\r\n          }\r\n\
        \        },\r\n        \"imageReference\": {\r\n          \"publisher\": \"\
        Canonical\",\r\n          \"offer\": \"UbuntuServer\",\r\n          \"sku\"\
        : \"16.04-LTS\",\r\n          \"version\": \"latest\"\r\n        }\r\n   \
        \   },\r\n      \"networkProfile\": {\"networkInterfaceConfigurations\":[{\"\
        name\":\"vmss12822Nic\",\"properties\":{\"primary\":true,\"enableAcceleratedNetworking\"\
        :false,\"dnsSettings\":{\"dnsServers\":[]},\"enableIPForwarding\":false,\"\
        ipConfigurations\":[{\"name\":\"vmss12822IPConfig\",\"properties\":{\"subnet\"\
        :{\"id\":\"/subscriptions/00000000-0000-0000-0000-000000000000/resourceGroups/clitest.rg000001/providers/Microsoft.Network/virtualNetworks/vmss1VNET/subnets/vmss1Subnet\"\
        },\"privateIPAddressVersion\":\"IPv4\",\"loadBalancerBackendAddressPools\"\
        :[{\"id\":\"/subscriptions/00000000-0000-0000-0000-000000000000/resourceGroups/clitest.rg000001/providers/Microsoft.Network/loadBalancers/vmss1LB/backendAddressPools/vmss1LBBEPool\"\
        }],\"loadBalancerInboundNatPools\":[{\"id\":\"/subscriptions/00000000-0000-0000-0000-000000000000/resourceGroups/clitest.rg000001/providers/Microsoft.Network/loadBalancers/vmss1LB/inboundNatPools/vmss1LBNatPool\"\
        }]}}]}}]},\r\n      \"extensionProfile\": {\r\n        \"extensions\": [\r\
        \n          {\r\n            \"properties\": {\r\n              \"publisher\"\
        : \"Microsoft.ManagedIdentity\",\r\n              \"type\": \"ManagedIdentityExtensionForLinux\"\
        ,\r\n              \"typeHandlerVersion\": \"1.0\",\r\n              \"autoUpgradeMinorVersion\"\
        : true,\r\n              \"settings\": {\"port\":50342}\r\n            },\r\
        \n            \"name\": \"ManagedIdentityExtensionForLinux\"\r\n         \
        \ }\r\n        ]\r\n      }\r\n    },\r\n    \"provisioningState\": \"Succeeded\"\
        ,\r\n    \"overprovision\": true,\r\n    \"uniqueId\": \"2fe213a4-725c-4acf-8bb2-591f70f94b96\"\
        \r\n  },\r\n  \"type\": \"Microsoft.Compute/virtualMachineScaleSets\",\r\n\
        \  \"location\": \"westcentralus\",\r\n  \"tags\": {},\r\n  \"identity\":\
        \ {\r\n    \"type\": \"SystemAssigned, UserAssigned\",\r\n    \"principalId\"\
        : \"2dacae0e-8e0f-4c6f-8c1d-90684e113454\",\r\n    \"tenantId\": \"54826b22-38d6-4fb2-bad9-b7b93a3e9c5a\"\
        ,\r\n    \"identityIds\": [\r\n      \"/subscriptions/00000000-0000-0000-0000-000000000000/resourcegroups/clitest.rg000001/providers/microsoft.managedidentity/userassignedidentities/id2\"\
        \r\n    ]\r\n  },\r\n  \"id\": \"/subscriptions/00000000-0000-0000-0000-000000000000/resourceGroups/clitest.rg000001/providers/Microsoft.Compute/virtualMachineScaleSets/vmss1\"\
        ,\r\n  \"name\": \"vmss1\"\r\n}"}
    headers:
      cache-control: [no-cache]
      content-length: ['3688']
      content-type: [application/json; charset=utf-8]
      date: ['Mon, 12 Mar 2018 21:15:32 GMT']
      expires: ['-1']
      pragma: [no-cache]
      server: [Microsoft-HTTPAPI/2.0, Microsoft-HTTPAPI/2.0]
      strict-transport-security: [max-age=31536000; includeSubDomains]
      transfer-encoding: [chunked]
      vary: [Accept-Encoding]
      x-content-type-options: [nosniff]
      x-ms-ratelimit-remaining-resource: ['Microsoft.Compute/GetVMScaleSet3Min;178,Microsoft.Compute/GetVMScaleSet30Min;968']
    status: {code: 200, message: OK}
- request:
    body: null
    headers:
      Accept: [application/json]
      Accept-Encoding: ['gzip, deflate']
      CommandName: [vmss remove-identity]
      Connection: [keep-alive]
      Content-Type: [application/json; charset=utf-8]
      User-Agent: [python/3.5.3 (Windows-10-10.0.16299-SP0) requests/2.18.4 msrest/0.4.27
          msrest_azure/0.4.22 computemanagementclient/3.1.0rc3 Azure-SDK-For-Python
          AZURECLI/2.0.29]
      accept-language: [en-US]
    method: GET
    uri: https://management.azure.com/subscriptions/00000000-0000-0000-0000-000000000000/resourceGroups/clitest.rg000001/providers/Microsoft.Compute/virtualMachineScaleSets/vmss1?api-version=2017-12-01
  response:
    body: {string: "{\r\n  \"sku\": {\r\n    \"name\": \"Standard_D1_v2\",\r\n   \
        \ \"tier\": \"Standard\",\r\n    \"capacity\": 1\r\n  },\r\n  \"properties\"\
        : {\r\n    \"singlePlacementGroup\": true,\r\n    \"upgradePolicy\": {\r\n\
        \      \"mode\": \"Manual\",\r\n      \"automaticOSUpgrade\": false\r\n  \
        \  },\r\n    \"virtualMachineProfile\": {\r\n      \"osProfile\": {\r\n  \
        \      \"computerNamePrefix\": \"vmss12822\",\r\n        \"adminUsername\"\
        : \"ubuntuadmin\",\r\n        \"linuxConfiguration\": {\r\n          \"disablePasswordAuthentication\"\
        : true,\r\n          \"ssh\": {\r\n            \"publicKeys\": [\r\n     \
        \         {\r\n                \"path\": \"/home/ubuntuadmin/.ssh/authorized_keys\"\
        ,\r\n                \"keyData\": \"ssh-rsa AAAAB3NzaC1yc2EAAAADAQABAAABAQCaQ1KLeMgSuB7YfE9J8CIFBgyXuaUTjh2mcJL8F8PKS+ad3czClma99lDBSmXaIrdPcdyn/A5RfauijgTKPNbC64FgnbtNjTWjyb4NSJyXKP9BlbGqvz8xxO+CPOTvNe7GOPi9l0pZZLq8uXB1D4G6h54BBaEqpLIWGNDusllfRyy2Z9zIOCSuVmpss+zq1nWmiB3mrDTm36DO1jQFnOaytYYBrluulJ6fAn6vHI3vW/mDugwCb5KzT0hcKT2UeuM75odM/OS8I4YneDxdCz0Gu456o4izTHchGXWZURxJlSUD1znIMMJDJmxHbD+bhnfcZ8Xu5KxNDPhUCTYeN/oH\
        \ yugangw@YUGANGW1\\n\"\r\n              }\r\n            ]\r\n          }\r\
        \n        },\r\n        \"secrets\": []\r\n      },\r\n      \"storageProfile\"\
        : {\r\n        \"osDisk\": {\r\n          \"createOption\": \"FromImage\"\
        ,\r\n          \"caching\": \"ReadWrite\",\r\n          \"managedDisk\": {\r\
        \n            \"storageAccountType\": \"Standard_LRS\"\r\n          }\r\n\
        \        },\r\n        \"imageReference\": {\r\n          \"publisher\": \"\
        Canonical\",\r\n          \"offer\": \"UbuntuServer\",\r\n          \"sku\"\
        : \"16.04-LTS\",\r\n          \"version\": \"latest\"\r\n        }\r\n   \
        \   },\r\n      \"networkProfile\": {\"networkInterfaceConfigurations\":[{\"\
        name\":\"vmss12822Nic\",\"properties\":{\"primary\":true,\"enableAcceleratedNetworking\"\
        :false,\"dnsSettings\":{\"dnsServers\":[]},\"enableIPForwarding\":false,\"\
        ipConfigurations\":[{\"name\":\"vmss12822IPConfig\",\"properties\":{\"subnet\"\
        :{\"id\":\"/subscriptions/00000000-0000-0000-0000-000000000000/resourceGroups/clitest.rg000001/providers/Microsoft.Network/virtualNetworks/vmss1VNET/subnets/vmss1Subnet\"\
        },\"privateIPAddressVersion\":\"IPv4\",\"loadBalancerBackendAddressPools\"\
        :[{\"id\":\"/subscriptions/00000000-0000-0000-0000-000000000000/resourceGroups/clitest.rg000001/providers/Microsoft.Network/loadBalancers/vmss1LB/backendAddressPools/vmss1LBBEPool\"\
        }],\"loadBalancerInboundNatPools\":[{\"id\":\"/subscriptions/00000000-0000-0000-0000-000000000000/resourceGroups/clitest.rg000001/providers/Microsoft.Network/loadBalancers/vmss1LB/inboundNatPools/vmss1LBNatPool\"\
        }]}}]}}]},\r\n      \"extensionProfile\": {\r\n        \"extensions\": [\r\
        \n          {\r\n            \"properties\": {\r\n              \"publisher\"\
        : \"Microsoft.ManagedIdentity\",\r\n              \"type\": \"ManagedIdentityExtensionForLinux\"\
        ,\r\n              \"typeHandlerVersion\": \"1.0\",\r\n              \"autoUpgradeMinorVersion\"\
        : true,\r\n              \"settings\": {\"port\":50342}\r\n            },\r\
        \n            \"name\": \"ManagedIdentityExtensionForLinux\"\r\n         \
        \ }\r\n        ]\r\n      }\r\n    },\r\n    \"provisioningState\": \"Succeeded\"\
        ,\r\n    \"overprovision\": true,\r\n    \"uniqueId\": \"2fe213a4-725c-4acf-8bb2-591f70f94b96\"\
        \r\n  },\r\n  \"type\": \"Microsoft.Compute/virtualMachineScaleSets\",\r\n\
        \  \"location\": \"westcentralus\",\r\n  \"tags\": {},\r\n  \"identity\":\
        \ {\r\n    \"type\": \"SystemAssigned, UserAssigned\",\r\n    \"principalId\"\
        : \"2dacae0e-8e0f-4c6f-8c1d-90684e113454\",\r\n    \"tenantId\": \"54826b22-38d6-4fb2-bad9-b7b93a3e9c5a\"\
        ,\r\n    \"identityIds\": [\r\n      \"/subscriptions/00000000-0000-0000-0000-000000000000/resourcegroups/clitest.rg000001/providers/microsoft.managedidentity/userassignedidentities/id2\"\
        \r\n    ]\r\n  },\r\n  \"id\": \"/subscriptions/00000000-0000-0000-0000-000000000000/resourceGroups/clitest.rg000001/providers/Microsoft.Compute/virtualMachineScaleSets/vmss1\"\
        ,\r\n  \"name\": \"vmss1\"\r\n}"}
    headers:
      cache-control: [no-cache]
      content-length: ['3688']
      content-type: [application/json; charset=utf-8]
      date: ['Mon, 12 Mar 2018 21:15:32 GMT']
      expires: ['-1']
      pragma: [no-cache]
      server: [Microsoft-HTTPAPI/2.0, Microsoft-HTTPAPI/2.0]
      strict-transport-security: [max-age=31536000; includeSubDomains]
      transfer-encoding: [chunked]
      vary: [Accept-Encoding]
      x-content-type-options: [nosniff]
      x-ms-ratelimit-remaining-resource: ['Microsoft.Compute/GetVMScaleSet3Min;177,Microsoft.Compute/GetVMScaleSet30Min;967']
    status: {code: 200, message: OK}
- request:
    body: 'b''{"sku": {"tier": "Standard", "capacity": 1, "name": "Standard_D1_v2"},
      "tags": {}, "location": "westcentralus", "properties": {"singlePlacementGroup":
      true, "overprovision": true, "upgradePolicy": {"mode": "Manual", "automaticOSUpgrade":
      false}, "virtualMachineProfile": {"networkProfile": {"networkInterfaceConfigurations":
      [{"properties": {"primary": true, "dnsSettings": {"dnsServers": []}, "enableIPForwarding":
      false, "ipConfigurations": [{"properties": {"loadBalancerInboundNatPools": [{"id":
      "/subscriptions/00000000-0000-0000-0000-000000000000/resourceGroups/clitest.rg000001/providers/Microsoft.Network/loadBalancers/vmss1LB/inboundNatPools/vmss1LBNatPool"}],
      "privateIPAddressVersion": "IPv4", "loadBalancerBackendAddressPools": [{"id":
      "/subscriptions/00000000-0000-0000-0000-000000000000/resourceGroups/clitest.rg000001/providers/Microsoft.Network/loadBalancers/vmss1LB/backendAddressPools/vmss1LBBEPool"}],
      "subnet": {"id": "/subscriptions/00000000-0000-0000-0000-000000000000/resourceGroups/clitest.rg000001/providers/Microsoft.Network/virtualNetworks/vmss1VNET/subnets/vmss1Subnet"}},
      "name": "vmss12822IPConfig"}], "enableAcceleratedNetworking": false}, "name":
      "vmss12822Nic"}]}, "extensionProfile": {"extensions": [{"properties": {"publisher":
      "Microsoft.ManagedIdentity", "settings": {"port": 50342}, "typeHandlerVersion":
      "1.0", "type": "ManagedIdentityExtensionForLinux", "autoUpgradeMinorVersion":
      true}, "name": "ManagedIdentityExtensionForLinux"}]}, "osProfile": {"computerNamePrefix":
      "vmss12822", "linuxConfiguration": {"disablePasswordAuthentication": true, "ssh":
      {"publicKeys": [{"keyData": "ssh-rsa AAAAB3NzaC1yc2EAAAADAQABAAABAQCaQ1KLeMgSuB7YfE9J8CIFBgyXuaUTjh2mcJL8F8PKS+ad3czClma99lDBSmXaIrdPcdyn/A5RfauijgTKPNbC64FgnbtNjTWjyb4NSJyXKP9BlbGqvz8xxO+CPOTvNe7GOPi9l0pZZLq8uXB1D4G6h54BBaEqpLIWGNDusllfRyy2Z9zIOCSuVmpss+zq1nWmiB3mrDTm36DO1jQFnOaytYYBrluulJ6fAn6vHI3vW/mDugwCb5KzT0hcKT2UeuM75odM/OS8I4YneDxdCz0Gu456o4izTHchGXWZURxJlSUD1znIMMJDJmxHbD+bhnfcZ8Xu5KxNDPhUCTYeN/oH
      yugangw@YUGANGW1\\n", "path": "/home/ubuntuadmin/.ssh/authorized_keys"}]}},
      "secrets": [], "adminUsername": "ubuntuadmin"}, "storageProfile": {"osDisk":
      {"caching": "ReadWrite", "createOption": "FromImage", "managedDisk": {"storageAccountType":
      "Standard_LRS"}}, "imageReference": {"publisher": "Canonical", "offer": "UbuntuServer",
      "sku": "16.04-LTS", "version": "latest"}}}}, "identity": {"type": "SystemAssigned"}}'''
    headers:
      Accept: [application/json]
      Accept-Encoding: ['gzip, deflate']
      CommandName: [vmss remove-identity]
      Connection: [keep-alive]
      Content-Length: ['2430']
      Content-Type: [application/json; charset=utf-8]
      User-Agent: [python/3.5.3 (Windows-10-10.0.16299-SP0) requests/2.18.4 msrest/0.4.27
          msrest_azure/0.4.22 computemanagementclient/3.1.0rc3 Azure-SDK-For-Python
          AZURECLI/2.0.29]
      accept-language: [en-US]
    method: PUT
    uri: https://management.azure.com/subscriptions/00000000-0000-0000-0000-000000000000/resourceGroups/clitest.rg000001/providers/Microsoft.Compute/virtualMachineScaleSets/vmss1?api-version=2017-12-01
  response:
    body: {string: "{\r\n  \"sku\": {\r\n    \"name\": \"Standard_D1_v2\",\r\n   \
        \ \"tier\": \"Standard\",\r\n    \"capacity\": 1\r\n  },\r\n  \"properties\"\
        : {\r\n    \"singlePlacementGroup\": true,\r\n    \"upgradePolicy\": {\r\n\
        \      \"mode\": \"Manual\",\r\n      \"automaticOSUpgrade\": false\r\n  \
        \  },\r\n    \"virtualMachineProfile\": {\r\n      \"osProfile\": {\r\n  \
        \      \"computerNamePrefix\": \"vmss12822\",\r\n        \"adminUsername\"\
        : \"ubuntuadmin\",\r\n        \"linuxConfiguration\": {\r\n          \"disablePasswordAuthentication\"\
        : true,\r\n          \"ssh\": {\r\n            \"publicKeys\": [\r\n     \
        \         {\r\n                \"path\": \"/home/ubuntuadmin/.ssh/authorized_keys\"\
        ,\r\n                \"keyData\": \"ssh-rsa AAAAB3NzaC1yc2EAAAADAQABAAABAQCaQ1KLeMgSuB7YfE9J8CIFBgyXuaUTjh2mcJL8F8PKS+ad3czClma99lDBSmXaIrdPcdyn/A5RfauijgTKPNbC64FgnbtNjTWjyb4NSJyXKP9BlbGqvz8xxO+CPOTvNe7GOPi9l0pZZLq8uXB1D4G6h54BBaEqpLIWGNDusllfRyy2Z9zIOCSuVmpss+zq1nWmiB3mrDTm36DO1jQFnOaytYYBrluulJ6fAn6vHI3vW/mDugwCb5KzT0hcKT2UeuM75odM/OS8I4YneDxdCz0Gu456o4izTHchGXWZURxJlSUD1znIMMJDJmxHbD+bhnfcZ8Xu5KxNDPhUCTYeN/oH\
        \ yugangw@YUGANGW1\\n\"\r\n              }\r\n            ]\r\n          }\r\
        \n        },\r\n        \"secrets\": []\r\n      },\r\n      \"storageProfile\"\
        : {\r\n        \"osDisk\": {\r\n          \"createOption\": \"FromImage\"\
        ,\r\n          \"caching\": \"ReadWrite\",\r\n          \"managedDisk\": {\r\
        \n            \"storageAccountType\": \"Standard_LRS\"\r\n          }\r\n\
        \        },\r\n        \"imageReference\": {\r\n          \"publisher\": \"\
        Canonical\",\r\n          \"offer\": \"UbuntuServer\",\r\n          \"sku\"\
        : \"16.04-LTS\",\r\n          \"version\": \"latest\"\r\n        }\r\n   \
        \   },\r\n      \"networkProfile\": {\"networkInterfaceConfigurations\":[{\"\
        name\":\"vmss12822Nic\",\"properties\":{\"primary\":true,\"enableAcceleratedNetworking\"\
        :false,\"dnsSettings\":{\"dnsServers\":[]},\"enableIPForwarding\":false,\"\
        ipConfigurations\":[{\"name\":\"vmss12822IPConfig\",\"properties\":{\"subnet\"\
        :{\"id\":\"/subscriptions/00000000-0000-0000-0000-000000000000/resourceGroups/clitest.rg000001/providers/Microsoft.Network/virtualNetworks/vmss1VNET/subnets/vmss1Subnet\"\
        },\"privateIPAddressVersion\":\"IPv4\",\"loadBalancerBackendAddressPools\"\
        :[{\"id\":\"/subscriptions/00000000-0000-0000-0000-000000000000/resourceGroups/clitest.rg000001/providers/Microsoft.Network/loadBalancers/vmss1LB/backendAddressPools/vmss1LBBEPool\"\
        }],\"loadBalancerInboundNatPools\":[{\"id\":\"/subscriptions/00000000-0000-0000-0000-000000000000/resourceGroups/clitest.rg000001/providers/Microsoft.Network/loadBalancers/vmss1LB/inboundNatPools/vmss1LBNatPool\"\
        }]}}]}}]},\r\n      \"extensionProfile\": {\r\n        \"extensions\": [\r\
        \n          {\r\n            \"properties\": {\r\n              \"publisher\"\
        : \"Microsoft.ManagedIdentity\",\r\n              \"type\": \"ManagedIdentityExtensionForLinux\"\
        ,\r\n              \"typeHandlerVersion\": \"1.0\",\r\n              \"autoUpgradeMinorVersion\"\
        : true,\r\n              \"settings\": {\"port\":50342}\r\n            },\r\
        \n            \"name\": \"ManagedIdentityExtensionForLinux\"\r\n         \
        \ }\r\n        ]\r\n      }\r\n    },\r\n    \"provisioningState\": \"Updating\"\
        ,\r\n    \"overprovision\": true,\r\n    \"uniqueId\": \"2fe213a4-725c-4acf-8bb2-591f70f94b96\"\
        \r\n  },\r\n  \"type\": \"Microsoft.Compute/virtualMachineScaleSets\",\r\n\
        \  \"location\": \"westcentralus\",\r\n  \"tags\": {},\r\n  \"identity\":\
        \ {\r\n    \"type\": \"SystemAssigned\",\r\n    \"principalId\": \"2dacae0e-8e0f-4c6f-8c1d-90684e113454\"\
        ,\r\n    \"tenantId\": \"54826b22-38d6-4fb2-bad9-b7b93a3e9c5a\"\r\n  },\r\n\
        \  \"id\": \"/subscriptions/00000000-0000-0000-0000-000000000000/resourceGroups/clitest.rg000001/providers/Microsoft.Compute/virtualMachineScaleSets/vmss1\"\
        ,\r\n  \"name\": \"vmss1\"\r\n}"}
    headers:
      azure-asyncoperation: ['https://management.azure.com/subscriptions/00000000-0000-0000-0000-000000000000/providers/Microsoft.Compute/locations/westcentralus/operations/a3eb9971-5fa7-4b77-ac97-025e98357a13?api-version=2017-12-01']
      cache-control: [no-cache]
      content-length: ['3483']
      content-type: [application/json; charset=utf-8]
      date: ['Mon, 12 Mar 2018 21:15:33 GMT']
      expires: ['-1']
      pragma: [no-cache]
      server: [Microsoft-HTTPAPI/2.0, Microsoft-HTTPAPI/2.0]
      strict-transport-security: [max-age=31536000; includeSubDomains]
      transfer-encoding: [chunked]
      vary: [Accept-Encoding]
      x-content-type-options: [nosniff]
      x-ms-ratelimit-remaining-resource: ['Microsoft.Compute/CreateVMScaleSet3Min;37,Microsoft.Compute/CreateVMScaleSet30Min;195,Microsoft.Compute/VmssQueuedVMOperations;4800']
      x-ms-ratelimit-remaining-subscription-writes: ['1190']
      x-ms-request-charge: ['0']
    status: {code: 200, message: OK}
- request:
    body: null
    headers:
      Accept: [application/json]
      Accept-Encoding: ['gzip, deflate']
      CommandName: [vmss remove-identity]
      Connection: [keep-alive]
      User-Agent: [python/3.5.3 (Windows-10-10.0.16299-SP0) requests/2.18.4 msrest/0.4.27
          msrest_azure/0.4.22 computemanagementclient/3.1.0rc3 Azure-SDK-For-Python
          AZURECLI/2.0.29]
    method: GET
    uri: https://management.azure.com/subscriptions/00000000-0000-0000-0000-000000000000/providers/Microsoft.Compute/locations/westcentralus/operations/a3eb9971-5fa7-4b77-ac97-025e98357a13?api-version=2017-12-01
  response:
    body: {string: "{\r\n  \"startTime\": \"2018-03-12T21:15:33.6818917+00:00\",\r\
        \n  \"endTime\": \"2018-03-12T21:15:34.6037826+00:00\",\r\n  \"status\": \"\
        Succeeded\",\r\n  \"name\": \"a3eb9971-5fa7-4b77-ac97-025e98357a13\"\r\n}"}
    headers:
      cache-control: [no-cache]
      content-length: ['184']
      content-type: [application/json; charset=utf-8]
      date: ['Mon, 12 Mar 2018 21:16:03 GMT']
      expires: ['-1']
      pragma: [no-cache]
      server: [Microsoft-HTTPAPI/2.0, Microsoft-HTTPAPI/2.0]
      strict-transport-security: [max-age=31536000; includeSubDomains]
      transfer-encoding: [chunked]
      vary: [Accept-Encoding]
      x-content-type-options: [nosniff]
      x-ms-ratelimit-remaining-resource: ['Microsoft.Compute/GetOperation3Min;11990,Microsoft.Compute/GetOperation30Min;23935']
    status: {code: 200, message: OK}
- request:
    body: null
    headers:
      Accept: [application/json]
      Accept-Encoding: ['gzip, deflate']
      CommandName: [vmss remove-identity]
      Connection: [keep-alive]
      User-Agent: [python/3.5.3 (Windows-10-10.0.16299-SP0) requests/2.18.4 msrest/0.4.27
          msrest_azure/0.4.22 computemanagementclient/3.1.0rc3 Azure-SDK-For-Python
          AZURECLI/2.0.29]
    method: GET
    uri: https://management.azure.com/subscriptions/00000000-0000-0000-0000-000000000000/resourceGroups/clitest.rg000001/providers/Microsoft.Compute/virtualMachineScaleSets/vmss1?api-version=2017-12-01
  response:
    body: {string: "{\r\n  \"sku\": {\r\n    \"name\": \"Standard_D1_v2\",\r\n   \
        \ \"tier\": \"Standard\",\r\n    \"capacity\": 1\r\n  },\r\n  \"properties\"\
        : {\r\n    \"singlePlacementGroup\": true,\r\n    \"upgradePolicy\": {\r\n\
        \      \"mode\": \"Manual\",\r\n      \"automaticOSUpgrade\": false\r\n  \
        \  },\r\n    \"virtualMachineProfile\": {\r\n      \"osProfile\": {\r\n  \
        \      \"computerNamePrefix\": \"vmss12822\",\r\n        \"adminUsername\"\
        : \"ubuntuadmin\",\r\n        \"linuxConfiguration\": {\r\n          \"disablePasswordAuthentication\"\
        : true,\r\n          \"ssh\": {\r\n            \"publicKeys\": [\r\n     \
        \         {\r\n                \"path\": \"/home/ubuntuadmin/.ssh/authorized_keys\"\
        ,\r\n                \"keyData\": \"ssh-rsa AAAAB3NzaC1yc2EAAAADAQABAAABAQCaQ1KLeMgSuB7YfE9J8CIFBgyXuaUTjh2mcJL8F8PKS+ad3czClma99lDBSmXaIrdPcdyn/A5RfauijgTKPNbC64FgnbtNjTWjyb4NSJyXKP9BlbGqvz8xxO+CPOTvNe7GOPi9l0pZZLq8uXB1D4G6h54BBaEqpLIWGNDusllfRyy2Z9zIOCSuVmpss+zq1nWmiB3mrDTm36DO1jQFnOaytYYBrluulJ6fAn6vHI3vW/mDugwCb5KzT0hcKT2UeuM75odM/OS8I4YneDxdCz0Gu456o4izTHchGXWZURxJlSUD1znIMMJDJmxHbD+bhnfcZ8Xu5KxNDPhUCTYeN/oH\
        \ yugangw@YUGANGW1\\n\"\r\n              }\r\n            ]\r\n          }\r\
        \n        },\r\n        \"secrets\": []\r\n      },\r\n      \"storageProfile\"\
        : {\r\n        \"osDisk\": {\r\n          \"createOption\": \"FromImage\"\
        ,\r\n          \"caching\": \"ReadWrite\",\r\n          \"managedDisk\": {\r\
        \n            \"storageAccountType\": \"Standard_LRS\"\r\n          }\r\n\
        \        },\r\n        \"imageReference\": {\r\n          \"publisher\": \"\
        Canonical\",\r\n          \"offer\": \"UbuntuServer\",\r\n          \"sku\"\
        : \"16.04-LTS\",\r\n          \"version\": \"latest\"\r\n        }\r\n   \
        \   },\r\n      \"networkProfile\": {\"networkInterfaceConfigurations\":[{\"\
        name\":\"vmss12822Nic\",\"properties\":{\"primary\":true,\"enableAcceleratedNetworking\"\
        :false,\"dnsSettings\":{\"dnsServers\":[]},\"enableIPForwarding\":false,\"\
        ipConfigurations\":[{\"name\":\"vmss12822IPConfig\",\"properties\":{\"subnet\"\
        :{\"id\":\"/subscriptions/00000000-0000-0000-0000-000000000000/resourceGroups/clitest.rg000001/providers/Microsoft.Network/virtualNetworks/vmss1VNET/subnets/vmss1Subnet\"\
        },\"privateIPAddressVersion\":\"IPv4\",\"loadBalancerBackendAddressPools\"\
        :[{\"id\":\"/subscriptions/00000000-0000-0000-0000-000000000000/resourceGroups/clitest.rg000001/providers/Microsoft.Network/loadBalancers/vmss1LB/backendAddressPools/vmss1LBBEPool\"\
        }],\"loadBalancerInboundNatPools\":[{\"id\":\"/subscriptions/00000000-0000-0000-0000-000000000000/resourceGroups/clitest.rg000001/providers/Microsoft.Network/loadBalancers/vmss1LB/inboundNatPools/vmss1LBNatPool\"\
        }]}}]}}]},\r\n      \"extensionProfile\": {\r\n        \"extensions\": [\r\
        \n          {\r\n            \"properties\": {\r\n              \"publisher\"\
        : \"Microsoft.ManagedIdentity\",\r\n              \"type\": \"ManagedIdentityExtensionForLinux\"\
        ,\r\n              \"typeHandlerVersion\": \"1.0\",\r\n              \"autoUpgradeMinorVersion\"\
        : true,\r\n              \"settings\": {\"port\":50342}\r\n            },\r\
        \n            \"name\": \"ManagedIdentityExtensionForLinux\"\r\n         \
        \ }\r\n        ]\r\n      }\r\n    },\r\n    \"provisioningState\": \"Succeeded\"\
        ,\r\n    \"overprovision\": true,\r\n    \"uniqueId\": \"2fe213a4-725c-4acf-8bb2-591f70f94b96\"\
        \r\n  },\r\n  \"type\": \"Microsoft.Compute/virtualMachineScaleSets\",\r\n\
        \  \"location\": \"westcentralus\",\r\n  \"tags\": {},\r\n  \"identity\":\
        \ {\r\n    \"type\": \"SystemAssigned\",\r\n    \"principalId\": \"2dacae0e-8e0f-4c6f-8c1d-90684e113454\"\
        ,\r\n    \"tenantId\": \"54826b22-38d6-4fb2-bad9-b7b93a3e9c5a\"\r\n  },\r\n\
        \  \"id\": \"/subscriptions/00000000-0000-0000-0000-000000000000/resourceGroups/clitest.rg000001/providers/Microsoft.Compute/virtualMachineScaleSets/vmss1\"\
        ,\r\n  \"name\": \"vmss1\"\r\n}"}
    headers:
      cache-control: [no-cache]
      content-length: ['3484']
      content-type: [application/json; charset=utf-8]
      date: ['Mon, 12 Mar 2018 21:16:04 GMT']
      expires: ['-1']
      pragma: [no-cache]
      server: [Microsoft-HTTPAPI/2.0, Microsoft-HTTPAPI/2.0]
      strict-transport-security: [max-age=31536000; includeSubDomains]
      transfer-encoding: [chunked]
      vary: [Accept-Encoding]
      x-content-type-options: [nosniff]
      x-ms-ratelimit-remaining-resource: ['Microsoft.Compute/GetVMScaleSet3Min;171,Microsoft.Compute/GetVMScaleSet30Min;961']
    status: {code: 200, message: OK}
- request:
    body: null
    headers:
      Accept: [application/json]
      Accept-Encoding: ['gzip, deflate']
      CommandName: [vmss identity show]
      Connection: [keep-alive]
      Content-Type: [application/json; charset=utf-8]
      User-Agent: [python/3.5.3 (Windows-10-10.0.16299-SP0) requests/2.18.4 msrest/0.4.27
          msrest_azure/0.4.22 computemanagementclient/3.1.0rc3 Azure-SDK-For-Python
          AZURECLI/2.0.29]
      accept-language: [en-US]
    method: GET
    uri: https://management.azure.com/subscriptions/00000000-0000-0000-0000-000000000000/resourceGroups/clitest.rg000001/providers/Microsoft.Compute/virtualMachineScaleSets/vmss1?api-version=2017-12-01
  response:
    body: {string: "{\r\n  \"sku\": {\r\n    \"name\": \"Standard_D1_v2\",\r\n   \
        \ \"tier\": \"Standard\",\r\n    \"capacity\": 1\r\n  },\r\n  \"properties\"\
        : {\r\n    \"singlePlacementGroup\": true,\r\n    \"upgradePolicy\": {\r\n\
        \      \"mode\": \"Manual\",\r\n      \"automaticOSUpgrade\": false\r\n  \
        \  },\r\n    \"virtualMachineProfile\": {\r\n      \"osProfile\": {\r\n  \
        \      \"computerNamePrefix\": \"vmss12822\",\r\n        \"adminUsername\"\
        : \"ubuntuadmin\",\r\n        \"linuxConfiguration\": {\r\n          \"disablePasswordAuthentication\"\
        : true,\r\n          \"ssh\": {\r\n            \"publicKeys\": [\r\n     \
        \         {\r\n                \"path\": \"/home/ubuntuadmin/.ssh/authorized_keys\"\
        ,\r\n                \"keyData\": \"ssh-rsa AAAAB3NzaC1yc2EAAAADAQABAAABAQCaQ1KLeMgSuB7YfE9J8CIFBgyXuaUTjh2mcJL8F8PKS+ad3czClma99lDBSmXaIrdPcdyn/A5RfauijgTKPNbC64FgnbtNjTWjyb4NSJyXKP9BlbGqvz8xxO+CPOTvNe7GOPi9l0pZZLq8uXB1D4G6h54BBaEqpLIWGNDusllfRyy2Z9zIOCSuVmpss+zq1nWmiB3mrDTm36DO1jQFnOaytYYBrluulJ6fAn6vHI3vW/mDugwCb5KzT0hcKT2UeuM75odM/OS8I4YneDxdCz0Gu456o4izTHchGXWZURxJlSUD1znIMMJDJmxHbD+bhnfcZ8Xu5KxNDPhUCTYeN/oH\
        \ yugangw@YUGANGW1\\n\"\r\n              }\r\n            ]\r\n          }\r\
        \n        },\r\n        \"secrets\": []\r\n      },\r\n      \"storageProfile\"\
        : {\r\n        \"osDisk\": {\r\n          \"createOption\": \"FromImage\"\
        ,\r\n          \"caching\": \"ReadWrite\",\r\n          \"managedDisk\": {\r\
        \n            \"storageAccountType\": \"Standard_LRS\"\r\n          }\r\n\
        \        },\r\n        \"imageReference\": {\r\n          \"publisher\": \"\
        Canonical\",\r\n          \"offer\": \"UbuntuServer\",\r\n          \"sku\"\
        : \"16.04-LTS\",\r\n          \"version\": \"latest\"\r\n        }\r\n   \
        \   },\r\n      \"networkProfile\": {\"networkInterfaceConfigurations\":[{\"\
        name\":\"vmss12822Nic\",\"properties\":{\"primary\":true,\"enableAcceleratedNetworking\"\
        :false,\"dnsSettings\":{\"dnsServers\":[]},\"enableIPForwarding\":false,\"\
        ipConfigurations\":[{\"name\":\"vmss12822IPConfig\",\"properties\":{\"subnet\"\
        :{\"id\":\"/subscriptions/00000000-0000-0000-0000-000000000000/resourceGroups/clitest.rg000001/providers/Microsoft.Network/virtualNetworks/vmss1VNET/subnets/vmss1Subnet\"\
        },\"privateIPAddressVersion\":\"IPv4\",\"loadBalancerBackendAddressPools\"\
        :[{\"id\":\"/subscriptions/00000000-0000-0000-0000-000000000000/resourceGroups/clitest.rg000001/providers/Microsoft.Network/loadBalancers/vmss1LB/backendAddressPools/vmss1LBBEPool\"\
        }],\"loadBalancerInboundNatPools\":[{\"id\":\"/subscriptions/00000000-0000-0000-0000-000000000000/resourceGroups/clitest.rg000001/providers/Microsoft.Network/loadBalancers/vmss1LB/inboundNatPools/vmss1LBNatPool\"\
        }]}}]}}]},\r\n      \"extensionProfile\": {\r\n        \"extensions\": [\r\
        \n          {\r\n            \"properties\": {\r\n              \"publisher\"\
        : \"Microsoft.ManagedIdentity\",\r\n              \"type\": \"ManagedIdentityExtensionForLinux\"\
        ,\r\n              \"typeHandlerVersion\": \"1.0\",\r\n              \"autoUpgradeMinorVersion\"\
        : true,\r\n              \"settings\": {\"port\":50342}\r\n            },\r\
        \n            \"name\": \"ManagedIdentityExtensionForLinux\"\r\n         \
        \ }\r\n        ]\r\n      }\r\n    },\r\n    \"provisioningState\": \"Succeeded\"\
        ,\r\n    \"overprovision\": true,\r\n    \"uniqueId\": \"2fe213a4-725c-4acf-8bb2-591f70f94b96\"\
        \r\n  },\r\n  \"type\": \"Microsoft.Compute/virtualMachineScaleSets\",\r\n\
        \  \"location\": \"westcentralus\",\r\n  \"tags\": {},\r\n  \"identity\":\
        \ {\r\n    \"type\": \"SystemAssigned\",\r\n    \"principalId\": \"2dacae0e-8e0f-4c6f-8c1d-90684e113454\"\
        ,\r\n    \"tenantId\": \"54826b22-38d6-4fb2-bad9-b7b93a3e9c5a\"\r\n  },\r\n\
        \  \"id\": \"/subscriptions/00000000-0000-0000-0000-000000000000/resourceGroups/clitest.rg000001/providers/Microsoft.Compute/virtualMachineScaleSets/vmss1\"\
        ,\r\n  \"name\": \"vmss1\"\r\n}"}
    headers:
      cache-control: [no-cache]
      content-length: ['3484']
      content-type: [application/json; charset=utf-8]
      date: ['Mon, 12 Mar 2018 21:16:04 GMT']
      expires: ['-1']
      pragma: [no-cache]
      server: [Microsoft-HTTPAPI/2.0, Microsoft-HTTPAPI/2.0]
      strict-transport-security: [max-age=31536000; includeSubDomains]
      transfer-encoding: [chunked]
      vary: [Accept-Encoding]
      x-content-type-options: [nosniff]
      x-ms-ratelimit-remaining-resource: ['Microsoft.Compute/GetVMScaleSet3Min;170,Microsoft.Compute/GetVMScaleSet30Min;960']
    status: {code: 200, message: OK}
- request:
    body: null
    headers:
      Accept: [application/json]
      Accept-Encoding: ['gzip, deflate']
      CommandName: [group delete]
      Connection: [keep-alive]
      Content-Length: ['0']
      Content-Type: [application/json; charset=utf-8]
      User-Agent: [python/3.5.3 (Windows-10-10.0.16299-SP0) requests/2.18.4 msrest/0.4.27
          msrest_azure/0.4.22 resourcemanagementclient/1.2.1 Azure-SDK-For-Python
          AZURECLI/2.0.29]
      accept-language: [en-US]
    method: DELETE
    uri: https://management.azure.com/subscriptions/00000000-0000-0000-0000-000000000000/resourcegroups/clitest.rg000001?api-version=2017-05-10
  response:
    body: {string: ''}
    headers:
      cache-control: [no-cache]
      content-length: ['0']
      date: ['Mon, 12 Mar 2018 21:16:06 GMT']
      expires: ['-1']
      location: ['https://management.azure.com/subscriptions/00000000-0000-0000-0000-000000000000/operationresults/eyJqb2JJZCI6IlJFU09VUkNFR1JPVVBERUxFVElPTkpPQi1DTElURVNUOjJFUkc3T0tSSUdDQzMyLVdFU1RDRU5UUkFMVVMiLCJqb2JMb2NhdGlvbiI6Indlc3RjZW50cmFsdXMifQ?api-version=2017-05-10']
      pragma: [no-cache]
      strict-transport-security: [max-age=31536000; includeSubDomains]
      x-content-type-options: [nosniff]
      x-ms-ratelimit-remaining-subscription-writes: ['1196']
    status: {code: 202, message: Accepted}
version: 1
