interactions:
- request:
    body: '{"location": "westus", "tags": {"product": "azurecli", "cause": "automation",
      "date": "2018-03-30T21:07:04Z"}}'
    headers:
      Accept: [application/json]
      Accept-Encoding: ['gzip, deflate']
      CommandName: [group create]
      Connection: [keep-alive]
      Content-Length: ['110']
      Content-Type: [application/json; charset=utf-8]
      User-Agent: [python/3.6.1 (Windows-10-10.0.16299-SP0) requests/2.18.4 msrest/0.4.27
          msrest_azure/0.4.25 resourcemanagementclient/1.2.1 Azure-SDK-For-Python
          AZURECLI/2.0.31]
      accept-language: [en-US]
    method: PUT
    uri: https://management.azure.com/subscriptions/00000000-0000-0000-0000-000000000000/resourcegroups/cli_test_vm_run_command_w_params000001?api-version=2018-05-01
  response:
    body: {string: '{"id":"/subscriptions/00000000-0000-0000-0000-000000000000/resourceGroups/cli_test_vm_run_command_w_params000001","name":"cli_test_vm_run_command_w_params000001","location":"westus","tags":{"product":"azurecli","cause":"automation","date":"2018-03-30T21:07:04Z"},"properties":{"provisioningState":"Succeeded"}}'}
    headers:
      cache-control: [no-cache]
      content-length: ['384']
      content-type: [application/json; charset=utf-8]
      date: ['Fri, 30 Mar 2018 21:07:06 GMT']
      expires: ['-1']
      pragma: [no-cache]
      strict-transport-security: [max-age=31536000; includeSubDomains]
      x-content-type-options: [nosniff]
      x-ms-ratelimit-remaining-subscription-writes: ['1190']
    status: {code: 201, message: Created}
- request:
    body: null
    headers:
      Accept: [application/json]
      Accept-Encoding: ['gzip, deflate']
      CommandName: [vm create]
      Connection: [keep-alive]
      Content-Type: [application/json; charset=utf-8]
      User-Agent: [python/3.6.1 (Windows-10-10.0.16299-SP0) requests/2.18.4 msrest/0.4.27
          msrest_azure/0.4.25 resourcemanagementclient/1.2.1 Azure-SDK-For-Python
          AZURECLI/2.0.31]
      accept-language: [en-US]
    method: GET
    uri: https://management.azure.com/subscriptions/00000000-0000-0000-0000-000000000000/resourcegroups/cli_test_vm_run_command_w_params000001?api-version=2018-05-01
  response:
    body: {string: '{"id":"/subscriptions/00000000-0000-0000-0000-000000000000/resourceGroups/cli_test_vm_run_command_w_params000001","name":"cli_test_vm_run_command_w_params000001","location":"westus","tags":{"product":"azurecli","cause":"automation","date":"2018-03-30T21:07:04Z"},"properties":{"provisioningState":"Succeeded"}}'}
    headers:
      cache-control: [no-cache]
      content-length: ['384']
      content-type: [application/json; charset=utf-8]
      date: ['Fri, 30 Mar 2018 21:07:05 GMT']
      expires: ['-1']
      pragma: [no-cache]
      strict-transport-security: [max-age=31536000; includeSubDomains]
      vary: [Accept-Encoding]
      x-content-type-options: [nosniff]
    status: {code: 200, message: OK}
- request:
    body: null
    headers:
      Accept: ['*/*']
      Accept-Encoding: ['gzip, deflate']
      Connection: [keep-alive]
      User-Agent: [python-requests/2.18.4]
    method: GET
    uri: https://raw.githubusercontent.com/Azure/azure-rest-api-specs/master/arm-compute/quickstart-templates/aliases.json
  response:
    body: {string: "{\n  \"$schema\":\"http://schema.management.azure.com/schemas/2015-01-01/deploymentTemplate.json\"\
        ,\n  \"contentVersion\":\"1.0.0.0\",\n  \"parameters\":{},\n  \"variables\"\
        :{},\n  \"resources\":[],\n\n  \"outputs\":{\n    \"aliases\":{\n      \"\
        type\":\"object\",\n      \"value\":{\n\n        \"Linux\":{\n          \"\
        CentOS\":{\n            \"publisher\":\"OpenLogic\",\n            \"offer\"\
        :\"CentOS\",\n            \"sku\":\"7.3\",\n            \"version\":\"latest\"\
        \n          },\n          \"CoreOS\":{\n            \"publisher\":\"CoreOS\"\
        ,\n            \"offer\":\"CoreOS\",\n            \"sku\":\"Stable\",\n  \
        \          \"version\":\"latest\"\n          },\n          \"Debian\":{\n\
        \            \"publisher\":\"credativ\",\n            \"offer\":\"Debian\"\
        ,\n            \"sku\":\"8\",\n            \"version\":\"latest\"\n      \
        \    },\n          \"openSUSE-Leap\": {\n            \"publisher\":\"SUSE\"\
        ,\n            \"offer\":\"openSUSE-Leap\",\n            \"sku\":\"42.3\"\
        ,\n            \"version\": \"latest\"\n          },\n          \"RHEL\":{\n\
        \            \"publisher\":\"RedHat\",\n            \"offer\":\"RHEL\",\n\
        \            \"sku\":\"7.3\",\n            \"version\":\"latest\"\n      \
        \    },\n          \"SLES\":{\n            \"publisher\":\"SUSE\",\n     \
        \       \"offer\":\"SLES\",\n            \"sku\":\"12-SP2\",\n           \
        \ \"version\":\"latest\"\n          },\n          \"UbuntuLTS\":{\n      \
        \      \"publisher\":\"Canonical\",\n            \"offer\":\"UbuntuServer\"\
        ,\n            \"sku\":\"16.04-LTS\",\n            \"version\":\"latest\"\n\
        \          }\n        },\n\n        \"Windows\":{\n          \"Win2016Datacenter\"\
        :{\n            \"publisher\":\"MicrosoftWindowsServer\",\n            \"\
        offer\":\"WindowsServer\",\n            \"sku\":\"2016-Datacenter\",\n   \
        \         \"version\":\"latest\"\n          },\n          \"Win2012R2Datacenter\"\
        :{\n            \"publisher\":\"MicrosoftWindowsServer\",\n            \"\
        offer\":\"WindowsServer\",\n            \"sku\":\"2012-R2-Datacenter\",\n\
        \            \"version\":\"latest\"\n          },\n          \"Win2012Datacenter\"\
        :{\n            \"publisher\":\"MicrosoftWindowsServer\",\n            \"\
        offer\":\"WindowsServer\",\n            \"sku\":\"2012-Datacenter\",\n   \
        \         \"version\":\"latest\"\n          },\n          \"Win2008R2SP1\"\
        :{\n            \"publisher\":\"MicrosoftWindowsServer\",\n            \"\
        offer\":\"WindowsServer\",\n            \"sku\":\"2008-R2-SP1\",\n       \
        \     \"version\":\"latest\"\n          }\n        }\n      }\n    }\n  }\n\
        }\n"}
    headers:
      accept-ranges: [bytes]
      access-control-allow-origin: ['*']
      cache-control: [max-age=300]
      connection: [keep-alive]
      content-length: ['2235']
      content-security-policy: [default-src 'none'; style-src 'unsafe-inline'; sandbox]
      content-type: [text/plain; charset=utf-8]
      date: ['Fri, 30 Mar 2018 21:07:07 GMT']
      etag: ['"60d07919b4224266adafb81340896eea100dc887"']
      expires: ['Fri, 30 Mar 2018 21:12:07 GMT']
      source-age: ['138']
      strict-transport-security: [max-age=31536000]
      vary: ['Authorization,Accept-Encoding']
      via: [1.1 varnish]
      x-cache: [HIT]
      x-cache-hits: ['1']
      x-content-type-options: [nosniff]
      x-fastly-request-id: [80b7358b410477f14614ddd3c12033859f55968d]
      x-frame-options: [deny]
      x-geo-block-list: ['']
      x-github-request-id: ['AA60:21622:12EFC1:14295F:5ABEA671']
      x-served-by: [cache-dfw18628-DFW]
      x-timer: ['S1522444027.128683,VS0,VE1']
      x-xss-protection: [1; mode=block]
    status: {code: 200, message: OK}
- request:
    body: null
    headers:
      Accept: [application/json]
      Accept-Encoding: ['gzip, deflate']
      CommandName: [vm create]
      Connection: [keep-alive]
      Content-Type: [application/json; charset=utf-8]
      User-Agent: [python/3.6.1 (Windows-10-10.0.16299-SP0) requests/2.18.4 msrest/0.4.27
          msrest_azure/0.4.25 networkmanagementclient/2.0.0rc1 Azure-SDK-For-Python
          AZURECLI/2.0.31]
      accept-language: [en-US]
    method: GET
    uri: https://management.azure.com/subscriptions/00000000-0000-0000-0000-000000000000/resourceGroups/cli_test_vm_run_command_w_params000001/providers/Microsoft.Network/virtualNetworks?api-version=2018-01-01
  response:
    body: {string: '{"value":[]}'}
    headers:
      cache-control: [no-cache]
      content-length: ['12']
      content-type: [application/json; charset=utf-8]
      date: ['Fri, 30 Mar 2018 21:07:07 GMT']
      expires: ['-1']
      pragma: [no-cache]
      strict-transport-security: [max-age=31536000; includeSubDomains]
      vary: [Accept-Encoding]
      x-content-type-options: [nosniff]
    status: {code: 200, message: OK}
- request:
    body: 'b''{"properties": {"template": {"$schema": "https://schema.management.azure.com/schemas/2015-01-01/deploymentTemplate.json#",
      "contentVersion": "1.0.0.0", "parameters": {"adminPassword": {"type": "securestring",
      "metadata": {"description": "Secure adminPassword"}}}, "variables": {}, "resources":
      [{"name": "test-run-command-vm2VNET", "type": "Microsoft.Network/virtualNetworks",
      "location": "westus", "apiVersion": "2015-06-15", "dependsOn": [], "tags": {},
      "properties": {"addressSpace": {"addressPrefixes": ["10.0.0.0/16"]}, "subnets":
      [{"name": "test-run-command-vm2Subnet", "properties": {"addressPrefix": "10.0.0.0/24"}}]}},
      {"type": "Microsoft.Network/networkSecurityGroups", "name": "test-run-command-vm2NSG",
      "apiVersion": "2015-06-15", "location": "westus", "tags": {}, "dependsOn": [],
      "properties": {"securityRules": [{"name": "default-allow-ssh", "properties":
      {"protocol": "Tcp", "sourcePortRange": "*", "destinationPortRange": "22", "sourceAddressPrefix":
      "*", "destinationAddressPrefix": "*", "access": "Allow", "priority": 1000, "direction":
      "Inbound"}}]}}, {"apiVersion": "2018-01-01", "type": "Microsoft.Network/publicIPAddresses",
      "name": "test-run-command-vm2PublicIP", "location": "westus", "tags": {}, "dependsOn":
      [], "properties": {"publicIPAllocationMethod": null}}, {"apiVersion": "2015-06-15",
      "type": "Microsoft.Network/networkInterfaces", "name": "test-run-command-vm2VMNic",
      "location": "westus", "tags": {}, "dependsOn": ["Microsoft.Network/virtualNetworks/test-run-command-vm2VNET",
      "Microsoft.Network/networkSecurityGroups/test-run-command-vm2NSG", "Microsoft.Network/publicIpAddresses/test-run-command-vm2PublicIP"],
      "properties": {"ipConfigurations": [{"name": "ipconfigtest-run-command-vm2",
      "properties": {"privateIPAllocationMethod": "Dynamic", "subnet": {"id": "/subscriptions/00000000-0000-0000-0000-000000000000/resourceGroups/cli_test_vm_run_command_w_params000001/providers/Microsoft.Network/virtualNetworks/test-run-command-vm2VNET/subnets/test-run-command-vm2Subnet"},
      "publicIPAddress": {"id": "/subscriptions/00000000-0000-0000-0000-000000000000/resourceGroups/cli_test_vm_run_command_w_params000001/providers/Microsoft.Network/publicIPAddresses/test-run-command-vm2PublicIP"}}}],
      "networkSecurityGroup": {"id": "/subscriptions/00000000-0000-0000-0000-000000000000/resourceGroups/cli_test_vm_run_command_w_params000001/providers/Microsoft.Network/networkSecurityGroups/test-run-command-vm2NSG"}}},
      {"apiVersion": "2017-12-01", "type": "Microsoft.Compute/virtualMachines", "name":
      "test-run-command-vm2", "location": "westus", "tags": {}, "dependsOn": ["Microsoft.Network/networkInterfaces/test-run-command-vm2VMNic"],
      "properties": {"hardwareProfile": {"vmSize": "Standard_DS1_v2"}, "networkProfile":
      {"networkInterfaces": [{"id": "/subscriptions/00000000-0000-0000-0000-000000000000/resourceGroups/cli_test_vm_run_command_w_params000001/providers/Microsoft.Network/networkInterfaces/test-run-command-vm2VMNic"}]},
      "storageProfile": {"osDisk": {"createOption": "fromImage", "name": null, "caching":
      "ReadWrite", "managedDisk": {"storageAccountType": null}}, "imageReference":
      {"publisher": "credativ", "offer": "Debian", "sku": "8", "version": "latest"}},
      "osProfile": {"computerName": "test-run-command-vm2", "adminUsername": "clitest1",
      "adminPassword": "[parameters(\''adminPassword\'')]"}}}], "outputs": {}}, "parameters":
      {"adminPassword": {"value": "Test12345678!!"}}, "mode": "Incremental"}}'''
    headers:
      Accept: [application/json]
      Accept-Encoding: ['gzip, deflate']
      CommandName: [vm create]
      Connection: [keep-alive]
      Content-Length: ['3587']
      Content-Type: [application/json; charset=utf-8]
      User-Agent: [python/3.6.1 (Windows-10-10.0.16299-SP0) requests/2.18.4 msrest/0.4.27
          msrest_azure/0.4.25 resourcemanagementclient/1.2.1 Azure-SDK-For-Python
          AZURECLI/2.0.31]
      accept-language: [en-US]
    method: PUT
    uri: https://management.azure.com/subscriptions/00000000-0000-0000-0000-000000000000/resourcegroups/cli_test_vm_run_command_w_params000001/providers/Microsoft.Resources/deployments/mock-deployment?api-version=2018-05-01
  response:
    body: {string: '{"id":"/subscriptions/00000000-0000-0000-0000-000000000000/resourceGroups/cli_test_vm_run_command_w_params000001/providers/Microsoft.Resources/deployments/vm_deploy_nfeTdqfJ268wlmv8uyKqmjWrMHtFxcf4","name":"vm_deploy_nfeTdqfJ268wlmv8uyKqmjWrMHtFxcf4","properties":{"templateHash":"17191430568379894483","parameters":{"adminPassword":{"type":"SecureString"}},"mode":"Incremental","provisioningState":"Accepted","timestamp":"2018-03-30T21:07:09.9676421Z","duration":"PT0.7964629S","correlationId":"6b04b71e-7f34-462a-8c2d-e2f228448565","providers":[{"namespace":"Microsoft.Network","resourceTypes":[{"resourceType":"virtualNetworks","locations":["westus"]},{"resourceType":"networkSecurityGroups","locations":["westus"]},{"resourceType":"publicIPAddresses","locations":["westus"]},{"resourceType":"networkInterfaces","locations":["westus"]}]},{"namespace":"Microsoft.Compute","resourceTypes":[{"resourceType":"virtualMachines","locations":["westus"]}]}],"dependencies":[{"dependsOn":[{"id":"/subscriptions/00000000-0000-0000-0000-000000000000/resourceGroups/cli_test_vm_run_command_w_params000001/providers/Microsoft.Network/virtualNetworks/test-run-command-vm2VNET","resourceType":"Microsoft.Network/virtualNetworks","resourceName":"test-run-command-vm2VNET"},{"id":"/subscriptions/00000000-0000-0000-0000-000000000000/resourceGroups/cli_test_vm_run_command_w_params000001/providers/Microsoft.Network/networkSecurityGroups/test-run-command-vm2NSG","resourceType":"Microsoft.Network/networkSecurityGroups","resourceName":"test-run-command-vm2NSG"},{"id":"/subscriptions/00000000-0000-0000-0000-000000000000/resourceGroups/cli_test_vm_run_command_w_params000001/providers/Microsoft.Network/publicIPAddresses/test-run-command-vm2PublicIP","resourceType":"Microsoft.Network/publicIPAddresses","resourceName":"test-run-command-vm2PublicIP"}],"id":"/subscriptions/00000000-0000-0000-0000-000000000000/resourceGroups/cli_test_vm_run_command_w_params000001/providers/Microsoft.Network/networkInterfaces/test-run-command-vm2VMNic","resourceType":"Microsoft.Network/networkInterfaces","resourceName":"test-run-command-vm2VMNic"},{"dependsOn":[{"id":"/subscriptions/00000000-0000-0000-0000-000000000000/resourceGroups/cli_test_vm_run_command_w_params000001/providers/Microsoft.Network/networkInterfaces/test-run-command-vm2VMNic","resourceType":"Microsoft.Network/networkInterfaces","resourceName":"test-run-command-vm2VMNic"}],"id":"/subscriptions/00000000-0000-0000-0000-000000000000/resourceGroups/cli_test_vm_run_command_w_params000001/providers/Microsoft.Compute/virtualMachines/test-run-command-vm2","resourceType":"Microsoft.Compute/virtualMachines","resourceName":"test-run-command-vm2"}]}}'}
    headers:
      azure-asyncoperation: ['https://management.azure.com/subscriptions/00000000-0000-0000-0000-000000000000/resourcegroups/cli_test_vm_run_command_w_params000001/providers/Microsoft.Resources/deployments/vm_deploy_nfeTdqfJ268wlmv8uyKqmjWrMHtFxcf4/operationStatuses/08586791628563064461?api-version=2018-05-01']
      cache-control: [no-cache]
      content-length: ['2945']
      content-type: [application/json; charset=utf-8]
      date: ['Fri, 30 Mar 2018 21:07:09 GMT']
      expires: ['-1']
      pragma: [no-cache]
      strict-transport-security: [max-age=31536000; includeSubDomains]
      x-content-type-options: [nosniff]
      x-ms-ratelimit-remaining-subscription-writes: ['1188']
    status: {code: 201, message: Created}
- request:
    body: null
    headers:
      Accept: [application/json]
      Accept-Encoding: ['gzip, deflate']
      CommandName: [vm create]
      Connection: [keep-alive]
      Content-Type: [application/json; charset=utf-8]
      User-Agent: [python/3.6.1 (Windows-10-10.0.16299-SP0) requests/2.18.4 msrest/0.4.27
          msrest_azure/0.4.25 resourcemanagementclient/1.2.1 Azure-SDK-For-Python
          AZURECLI/2.0.31]
      accept-language: [en-US]
    method: GET
    uri: https://management.azure.com/subscriptions/00000000-0000-0000-0000-000000000000/resourcegroups/cli_test_vm_run_command_w_params000001/providers/Microsoft.Resources/deployments/mock-deployment/operationStatuses/08586791628563064461?api-version=2018-05-01
  response:
    body: {string: '{"status":"Running"}'}
    headers:
      cache-control: [no-cache]
      content-length: ['20']
      content-type: [application/json; charset=utf-8]
      date: ['Fri, 30 Mar 2018 21:07:40 GMT']
      expires: ['-1']
      pragma: [no-cache]
      strict-transport-security: [max-age=31536000; includeSubDomains]
      vary: [Accept-Encoding]
      x-content-type-options: [nosniff]
    status: {code: 200, message: OK}
- request:
    body: null
    headers:
      Accept: [application/json]
      Accept-Encoding: ['gzip, deflate']
      CommandName: [vm create]
      Connection: [keep-alive]
      Content-Type: [application/json; charset=utf-8]
      User-Agent: [python/3.6.1 (Windows-10-10.0.16299-SP0) requests/2.18.4 msrest/0.4.27
          msrest_azure/0.4.25 resourcemanagementclient/1.2.1 Azure-SDK-For-Python
          AZURECLI/2.0.31]
      accept-language: [en-US]
    method: GET
    uri: https://management.azure.com/subscriptions/00000000-0000-0000-0000-000000000000/resourcegroups/cli_test_vm_run_command_w_params000001/providers/Microsoft.Resources/deployments/mock-deployment/operationStatuses/08586791628563064461?api-version=2018-05-01
  response:
    body: {string: '{"status":"Running"}'}
    headers:
      cache-control: [no-cache]
      content-length: ['20']
      content-type: [application/json; charset=utf-8]
      date: ['Fri, 30 Mar 2018 21:08:11 GMT']
      expires: ['-1']
      pragma: [no-cache]
      strict-transport-security: [max-age=31536000; includeSubDomains]
      vary: [Accept-Encoding]
      x-content-type-options: [nosniff]
    status: {code: 200, message: OK}
- request:
    body: null
    headers:
      Accept: [application/json]
      Accept-Encoding: ['gzip, deflate']
      CommandName: [vm create]
      Connection: [keep-alive]
      Content-Type: [application/json; charset=utf-8]
      User-Agent: [python/3.6.1 (Windows-10-10.0.16299-SP0) requests/2.18.4 msrest/0.4.27
          msrest_azure/0.4.25 resourcemanagementclient/1.2.1 Azure-SDK-For-Python
          AZURECLI/2.0.31]
      accept-language: [en-US]
    method: GET
    uri: https://management.azure.com/subscriptions/00000000-0000-0000-0000-000000000000/resourcegroups/cli_test_vm_run_command_w_params000001/providers/Microsoft.Resources/deployments/mock-deployment/operationStatuses/08586791628563064461?api-version=2018-05-01
  response:
    body: {string: '{"status":"Running"}'}
    headers:
      cache-control: [no-cache]
      content-length: ['20']
      content-type: [application/json; charset=utf-8]
      date: ['Fri, 30 Mar 2018 21:08:41 GMT']
      expires: ['-1']
      pragma: [no-cache]
      strict-transport-security: [max-age=31536000; includeSubDomains]
      vary: [Accept-Encoding]
      x-content-type-options: [nosniff]
    status: {code: 200, message: OK}
- request:
    body: null
    headers:
      Accept: [application/json]
      Accept-Encoding: ['gzip, deflate']
      CommandName: [vm create]
      Connection: [keep-alive]
      Content-Type: [application/json; charset=utf-8]
      User-Agent: [python/3.6.1 (Windows-10-10.0.16299-SP0) requests/2.18.4 msrest/0.4.27
          msrest_azure/0.4.25 resourcemanagementclient/1.2.1 Azure-SDK-For-Python
          AZURECLI/2.0.31]
      accept-language: [en-US]
    method: GET
    uri: https://management.azure.com/subscriptions/00000000-0000-0000-0000-000000000000/resourcegroups/cli_test_vm_run_command_w_params000001/providers/Microsoft.Resources/deployments/mock-deployment/operationStatuses/08586791628563064461?api-version=2018-05-01
  response:
    body: {string: '{"status":"Running"}'}
    headers:
      cache-control: [no-cache]
      content-length: ['20']
      content-type: [application/json; charset=utf-8]
      date: ['Fri, 30 Mar 2018 21:09:12 GMT']
      expires: ['-1']
      pragma: [no-cache]
      strict-transport-security: [max-age=31536000; includeSubDomains]
      vary: [Accept-Encoding]
      x-content-type-options: [nosniff]
    status: {code: 200, message: OK}
- request:
    body: null
    headers:
      Accept: [application/json]
      Accept-Encoding: ['gzip, deflate']
      CommandName: [vm create]
      Connection: [keep-alive]
      Content-Type: [application/json; charset=utf-8]
      User-Agent: [python/3.6.1 (Windows-10-10.0.16299-SP0) requests/2.18.4 msrest/0.4.27
          msrest_azure/0.4.25 resourcemanagementclient/1.2.1 Azure-SDK-For-Python
          AZURECLI/2.0.31]
      accept-language: [en-US]
    method: GET
    uri: https://management.azure.com/subscriptions/00000000-0000-0000-0000-000000000000/resourcegroups/cli_test_vm_run_command_w_params000001/providers/Microsoft.Resources/deployments/mock-deployment/operationStatuses/08586791628563064461?api-version=2018-05-01
  response:
    body: {string: '{"status":"Succeeded"}'}
    headers:
      cache-control: [no-cache]
      content-length: ['22']
      content-type: [application/json; charset=utf-8]
      date: ['Fri, 30 Mar 2018 21:09:43 GMT']
      expires: ['-1']
      pragma: [no-cache]
      strict-transport-security: [max-age=31536000; includeSubDomains]
      vary: [Accept-Encoding]
      x-content-type-options: [nosniff]
    status: {code: 200, message: OK}
- request:
    body: null
    headers:
      Accept: [application/json]
      Accept-Encoding: ['gzip, deflate']
      CommandName: [vm create]
      Connection: [keep-alive]
      Content-Type: [application/json; charset=utf-8]
      User-Agent: [python/3.6.1 (Windows-10-10.0.16299-SP0) requests/2.18.4 msrest/0.4.27
          msrest_azure/0.4.25 resourcemanagementclient/1.2.1 Azure-SDK-For-Python
          AZURECLI/2.0.31]
      accept-language: [en-US]
    method: GET
    uri: https://management.azure.com/subscriptions/00000000-0000-0000-0000-000000000000/resourcegroups/cli_test_vm_run_command_w_params000001/providers/Microsoft.Resources/deployments/mock-deployment?api-version=2018-05-01
  response:
    body: {string: '{"id":"/subscriptions/00000000-0000-0000-0000-000000000000/resourceGroups/cli_test_vm_run_command_w_params000001/providers/Microsoft.Resources/deployments/vm_deploy_nfeTdqfJ268wlmv8uyKqmjWrMHtFxcf4","name":"vm_deploy_nfeTdqfJ268wlmv8uyKqmjWrMHtFxcf4","properties":{"templateHash":"17191430568379894483","parameters":{"adminPassword":{"type":"SecureString"}},"mode":"Incremental","provisioningState":"Succeeded","timestamp":"2018-03-30T21:09:28.7060767Z","duration":"PT2M19.5348975S","correlationId":"6b04b71e-7f34-462a-8c2d-e2f228448565","providers":[{"namespace":"Microsoft.Network","resourceTypes":[{"resourceType":"virtualNetworks","locations":["westus"]},{"resourceType":"networkSecurityGroups","locations":["westus"]},{"resourceType":"publicIPAddresses","locations":["westus"]},{"resourceType":"networkInterfaces","locations":["westus"]}]},{"namespace":"Microsoft.Compute","resourceTypes":[{"resourceType":"virtualMachines","locations":["westus"]}]}],"dependencies":[{"dependsOn":[{"id":"/subscriptions/00000000-0000-0000-0000-000000000000/resourceGroups/cli_test_vm_run_command_w_params000001/providers/Microsoft.Network/virtualNetworks/test-run-command-vm2VNET","resourceType":"Microsoft.Network/virtualNetworks","resourceName":"test-run-command-vm2VNET"},{"id":"/subscriptions/00000000-0000-0000-0000-000000000000/resourceGroups/cli_test_vm_run_command_w_params000001/providers/Microsoft.Network/networkSecurityGroups/test-run-command-vm2NSG","resourceType":"Microsoft.Network/networkSecurityGroups","resourceName":"test-run-command-vm2NSG"},{"id":"/subscriptions/00000000-0000-0000-0000-000000000000/resourceGroups/cli_test_vm_run_command_w_params000001/providers/Microsoft.Network/publicIPAddresses/test-run-command-vm2PublicIP","resourceType":"Microsoft.Network/publicIPAddresses","resourceName":"test-run-command-vm2PublicIP"}],"id":"/subscriptions/00000000-0000-0000-0000-000000000000/resourceGroups/cli_test_vm_run_command_w_params000001/providers/Microsoft.Network/networkInterfaces/test-run-command-vm2VMNic","resourceType":"Microsoft.Network/networkInterfaces","resourceName":"test-run-command-vm2VMNic"},{"dependsOn":[{"id":"/subscriptions/00000000-0000-0000-0000-000000000000/resourceGroups/cli_test_vm_run_command_w_params000001/providers/Microsoft.Network/networkInterfaces/test-run-command-vm2VMNic","resourceType":"Microsoft.Network/networkInterfaces","resourceName":"test-run-command-vm2VMNic"}],"id":"/subscriptions/00000000-0000-0000-0000-000000000000/resourceGroups/cli_test_vm_run_command_w_params000001/providers/Microsoft.Compute/virtualMachines/test-run-command-vm2","resourceType":"Microsoft.Compute/virtualMachines","resourceName":"test-run-command-vm2"}],"outputs":{},"outputResources":[{"id":"/subscriptions/00000000-0000-0000-0000-000000000000/resourceGroups/cli_test_vm_run_command_w_params000001/providers/Microsoft.Compute/virtualMachines/test-run-command-vm2"},{"id":"/subscriptions/00000000-0000-0000-0000-000000000000/resourceGroups/cli_test_vm_run_command_w_params000001/providers/Microsoft.Network/networkInterfaces/test-run-command-vm2VMNic"},{"id":"/subscriptions/00000000-0000-0000-0000-000000000000/resourceGroups/cli_test_vm_run_command_w_params000001/providers/Microsoft.Network/networkSecurityGroups/test-run-command-vm2NSG"},{"id":"/subscriptions/00000000-0000-0000-0000-000000000000/resourceGroups/cli_test_vm_run_command_w_params000001/providers/Microsoft.Network/publicIPAddresses/test-run-command-vm2PublicIP"},{"id":"/subscriptions/00000000-0000-0000-0000-000000000000/resourceGroups/cli_test_vm_run_command_w_params000001/providers/Microsoft.Network/virtualNetworks/test-run-command-vm2VNET"}]}}'}
    headers:
      cache-control: [no-cache]
      content-length: ['4097']
      content-type: [application/json; charset=utf-8]
      date: ['Fri, 30 Mar 2018 21:09:44 GMT']
      expires: ['-1']
      pragma: [no-cache]
      strict-transport-security: [max-age=31536000; includeSubDomains]
      vary: [Accept-Encoding]
      x-content-type-options: [nosniff]
    status: {code: 200, message: OK}
- request:
    body: null
    headers:
      Accept: [application/json]
      Accept-Encoding: ['gzip, deflate']
      CommandName: [vm create]
      Connection: [keep-alive]
      Content-Type: [application/json; charset=utf-8]
      User-Agent: [python/3.6.1 (Windows-10-10.0.16299-SP0) requests/2.18.4 msrest/0.4.27
          msrest_azure/0.4.25 computemanagementclient/4.0.0rc1 Azure-SDK-For-Python
          AZURECLI/2.0.31]
      accept-language: [en-US]
    method: GET
    uri: https://management.azure.com/subscriptions/00000000-0000-0000-0000-000000000000/resourceGroups/cli_test_vm_run_command_w_params000001/providers/Microsoft.Compute/virtualMachines/test-run-command-vm2?$expand=instanceView&api-version=2017-12-01
  response:
    body: {string: "{\r\n  \"properties\": {\r\n    \"vmId\": \"66452400-52a8-4420-9985-22cb309828be\"\
        ,\r\n    \"hardwareProfile\": {\r\n      \"vmSize\": \"Standard_DS1_v2\"\r\
        \n    },\r\n    \"storageProfile\": {\r\n      \"imageReference\": {\r\n \
        \       \"publisher\": \"credativ\",\r\n        \"offer\": \"Debian\",\r\n\
        \        \"sku\": \"8\",\r\n        \"version\": \"latest\"\r\n      },\r\n\
        \      \"osDisk\": {\r\n        \"osType\": \"Linux\",\r\n        \"name\"\
        : \"test-run-command-vm2_OsDisk_1_1212daecbbc046c38183db92b6d26d67\",\r\n\
        \        \"createOption\": \"FromImage\",\r\n        \"caching\": \"ReadWrite\"\
        ,\r\n        \"managedDisk\": {\r\n          \"storageAccountType\": \"Premium_LRS\"\
        ,\r\n          \"id\": \"/subscriptions/00000000-0000-0000-0000-000000000000/resourceGroups/cli_test_vm_run_command_w_params000001/providers/Microsoft.Compute/disks/test-run-command-vm2_OsDisk_1_1212daecbbc046c38183db92b6d26d67\"\
        \r\n        },\r\n        \"diskSizeGB\": 30\r\n      },\r\n      \"dataDisks\"\
        : []\r\n    },\r\n    \"osProfile\": {\r\n      \"computerName\": \"test-run-command-vm2\"\
        ,\r\n      \"adminUsername\": \"clitest1\",\r\n      \"linuxConfiguration\"\
        : {\r\n        \"disablePasswordAuthentication\": false\r\n      },\r\n  \
        \    \"secrets\": []\r\n    },\r\n    \"networkProfile\": {\"networkInterfaces\"\
        :[{\"id\":\"/subscriptions/00000000-0000-0000-0000-000000000000/resourceGroups/cli_test_vm_run_command_w_params000001/providers/Microsoft.Network/networkInterfaces/test-run-command-vm2VMNic\"\
        }]},\r\n    \"provisioningState\": \"Succeeded\",\r\n    \"instanceView\"\
        : {\r\n      \"computerName\": \"test-run-command-vm2\",\r\n      \"osName\"\
        : \"debian\",\r\n      \"osVersion\": \"8.10\",\r\n      \"vmAgent\": {\r\n\
        \        \"vmAgentVersion\": \"2.2.25\",\r\n        \"statuses\": [\r\n  \
        \        {\r\n            \"code\": \"ProvisioningState/succeeded\",\r\n \
        \           \"level\": \"Info\",\r\n            \"displayStatus\": \"Ready\"\
        ,\r\n            \"message\": \"Guest Agent is running\",\r\n            \"\
        time\": \"2018-03-30T21:09:43+00:00\"\r\n          }\r\n        ],\r\n   \
        \     \"extensionHandlers\": []\r\n      },\r\n      \"disks\": [\r\n    \
        \    {\r\n          \"name\": \"test-run-command-vm2_OsDisk_1_1212daecbbc046c38183db92b6d26d67\"\
        ,\r\n          \"statuses\": [\r\n            {\r\n              \"code\"\
        : \"ProvisioningState/succeeded\",\r\n              \"level\": \"Info\",\r\
        \n              \"displayStatus\": \"Provisioning succeeded\",\r\n       \
        \       \"time\": \"2018-03-30T21:07:39.3928788+00:00\"\r\n            }\r\
        \n          ]\r\n        }\r\n      ],\r\n      \"statuses\": [\r\n      \
        \  {\r\n          \"code\": \"ProvisioningState/succeeded\",\r\n         \
        \ \"level\": \"Info\",\r\n          \"displayStatus\": \"Provisioning succeeded\"\
        ,\r\n          \"time\": \"2018-03-30T21:09:12.129277+00:00\"\r\n        },\r\
        \n        {\r\n          \"code\": \"PowerState/running\",\r\n          \"\
        level\": \"Info\",\r\n          \"displayStatus\": \"VM running\"\r\n    \
        \    }\r\n      ]\r\n    }\r\n  },\r\n  \"type\": \"Microsoft.Compute/virtualMachines\"\
        ,\r\n  \"location\": \"westus\",\r\n  \"tags\": {},\r\n  \"id\": \"/subscriptions/00000000-0000-0000-0000-000000000000/resourceGroups/cli_test_vm_run_command_w_params000001/providers/Microsoft.Compute/virtualMachines/test-run-command-vm2\"\
        ,\r\n  \"name\": \"test-run-command-vm2\"\r\n}"}
    headers:
      cache-control: [no-cache]
      content-length: ['3102']
      content-type: [application/json; charset=utf-8]
      date: ['Fri, 30 Mar 2018 21:09:44 GMT']
      expires: ['-1']
      pragma: [no-cache]
      server: [Microsoft-HTTPAPI/2.0, Microsoft-HTTPAPI/2.0]
      strict-transport-security: [max-age=31536000; includeSubDomains]
      transfer-encoding: [chunked]
      vary: [Accept-Encoding]
      x-content-type-options: [nosniff]
      x-ms-ratelimit-remaining-resource: ['Microsoft.Compute/LowCostGet3Min;4165,Microsoft.Compute/LowCostGet30Min;33291']
    status: {code: 200, message: OK}
- request:
    body: null
    headers:
      Accept: [application/json]
      Accept-Encoding: ['gzip, deflate']
      CommandName: [vm create]
      Connection: [keep-alive]
      Content-Type: [application/json; charset=utf-8]
      User-Agent: [python/3.6.1 (Windows-10-10.0.16299-SP0) requests/2.18.4 msrest/0.4.27
          msrest_azure/0.4.25 networkmanagementclient/2.0.0rc1 Azure-SDK-For-Python
          AZURECLI/2.0.31]
      accept-language: [en-US]
    method: GET
    uri: https://management.azure.com/subscriptions/00000000-0000-0000-0000-000000000000/resourceGroups/cli_test_vm_run_command_w_params000001/providers/Microsoft.Network/networkInterfaces/test-run-command-vm2VMNic?api-version=2018-01-01
  response:
    body: {string: "{\r\n  \"name\": \"test-run-command-vm2VMNic\",\r\n  \"id\": \"\
        /subscriptions/00000000-0000-0000-0000-000000000000/resourceGroups/cli_test_vm_run_command_w_params000001/providers/Microsoft.Network/networkInterfaces/test-run-command-vm2VMNic\"\
        ,\r\n  \"etag\": \"W/\\\"79ac8ce6-b533-4e3c-84f1-92e6bf050349\\\"\",\r\n \
        \ \"location\": \"westus\",\r\n  \"tags\": {},\r\n  \"properties\": {\r\n\
        \    \"provisioningState\": \"Succeeded\",\r\n    \"resourceGuid\": \"02789352-fd8b-4eff-bf46-089d99da4349\"\
        ,\r\n    \"ipConfigurations\": [\r\n      {\r\n        \"name\": \"ipconfigtest-run-command-vm2\"\
        ,\r\n        \"id\": \"/subscriptions/00000000-0000-0000-0000-000000000000/resourceGroups/cli_test_vm_run_command_w_params000001/providers/Microsoft.Network/networkInterfaces/test-run-command-vm2VMNic/ipConfigurations/ipconfigtest-run-command-vm2\"\
        ,\r\n        \"etag\": \"W/\\\"79ac8ce6-b533-4e3c-84f1-92e6bf050349\\\"\"\
        ,\r\n        \"properties\": {\r\n          \"provisioningState\": \"Succeeded\"\
        ,\r\n          \"privateIPAddress\": \"10.0.0.4\",\r\n          \"privateIPAllocationMethod\"\
        : \"Dynamic\",\r\n          \"publicIPAddress\": {\r\n            \"id\":\
        \ \"/subscriptions/00000000-0000-0000-0000-000000000000/resourceGroups/cli_test_vm_run_command_w_params000001/providers/Microsoft.Network/publicIPAddresses/test-run-command-vm2PublicIP\"\
        \r\n          },\r\n          \"subnet\": {\r\n            \"id\": \"/subscriptions/00000000-0000-0000-0000-000000000000/resourceGroups/cli_test_vm_run_command_w_params000001/providers/Microsoft.Network/virtualNetworks/test-run-command-vm2VNET/subnets/test-run-command-vm2Subnet\"\
        \r\n          },\r\n          \"primary\": true,\r\n          \"privateIPAddressVersion\"\
        : \"IPv4\"\r\n        }\r\n      }\r\n    ],\r\n    \"dnsSettings\": {\r\n\
        \      \"dnsServers\": [],\r\n      \"appliedDnsServers\": [],\r\n      \"\
        internalDomainNameSuffix\": \"yjudxlyuscoe5bk1bpqo1x5vqb.dx.internal.cloudapp.net\"\
        \r\n    },\r\n    \"macAddress\": \"00-0D-3A-30-0E-51\",\r\n    \"enableAcceleratedNetworking\"\
        : false,\r\n    \"enableIPForwarding\": false,\r\n    \"networkSecurityGroup\"\
        : {\r\n      \"id\": \"/subscriptions/00000000-0000-0000-0000-000000000000/resourceGroups/cli_test_vm_run_command_w_params000001/providers/Microsoft.Network/networkSecurityGroups/test-run-command-vm2NSG\"\
        \r\n    },\r\n    \"primary\": true,\r\n    \"virtualMachine\": {\r\n    \
        \  \"id\": \"/subscriptions/00000000-0000-0000-0000-000000000000/resourceGroups/cli_test_vm_run_command_w_params000001/providers/Microsoft.Compute/virtualMachines/test-run-command-vm2\"\
        \r\n    },\r\n    \"virtualNetworkTapProvisioningState\": \"NotProvisioned\"\
        \r\n  },\r\n  \"type\": \"Microsoft.Network/networkInterfaces\"\r\n}"}
    headers:
      cache-control: [no-cache]
      content-length: ['2726']
      content-type: [application/json; charset=utf-8]
      date: ['Fri, 30 Mar 2018 21:09:45 GMT']
      etag: [W/"79ac8ce6-b533-4e3c-84f1-92e6bf050349"]
      expires: ['-1']
      pragma: [no-cache]
      server: [Microsoft-HTTPAPI/2.0, Microsoft-HTTPAPI/2.0]
      strict-transport-security: [max-age=31536000; includeSubDomains]
      transfer-encoding: [chunked]
      vary: [Accept-Encoding]
      x-content-type-options: [nosniff]
    status: {code: 200, message: OK}
- request:
    body: null
    headers:
      Accept: [application/json]
      Accept-Encoding: ['gzip, deflate']
      CommandName: [vm create]
      Connection: [keep-alive]
      Content-Type: [application/json; charset=utf-8]
      User-Agent: [python/3.6.1 (Windows-10-10.0.16299-SP0) requests/2.18.4 msrest/0.4.27
          msrest_azure/0.4.25 networkmanagementclient/2.0.0rc1 Azure-SDK-For-Python
          AZURECLI/2.0.31]
      accept-language: [en-US]
    method: GET
    uri: https://management.azure.com/subscriptions/00000000-0000-0000-0000-000000000000/resourceGroups/cli_test_vm_run_command_w_params000001/providers/Microsoft.Network/publicIPAddresses/test-run-command-vm2PublicIP?api-version=2018-01-01
  response:
    body: {string: "{\r\n  \"name\": \"test-run-command-vm2PublicIP\",\r\n  \"id\"\
        : \"/subscriptions/00000000-0000-0000-0000-000000000000/resourceGroups/cli_test_vm_run_command_w_params000001/providers/Microsoft.Network/publicIPAddresses/test-run-command-vm2PublicIP\"\
        ,\r\n  \"etag\": \"W/\\\"211a6630-c737-4a20-b83e-031c5f56ea2e\\\"\",\r\n \
        \ \"location\": \"westus\",\r\n  \"tags\": {},\r\n  \"properties\": {\r\n\
        \    \"provisioningState\": \"Succeeded\",\r\n    \"resourceGuid\": \"095fc4af-9aca-4ea4-8868-8917e102cad7\"\
        ,\r\n    \"ipAddress\": \"13.88.13.242\",\r\n    \"publicIPAddressVersion\"\
        : \"IPv4\",\r\n    \"publicIPAllocationMethod\": \"Dynamic\",\r\n    \"idleTimeoutInMinutes\"\
        : 4,\r\n    \"ipTags\": [],\r\n    \"ipConfiguration\": {\r\n      \"id\"\
        : \"/subscriptions/00000000-0000-0000-0000-000000000000/resourceGroups/cli_test_vm_run_command_w_params000001/providers/Microsoft.Network/networkInterfaces/test-run-command-vm2VMNic/ipConfigurations/ipconfigtest-run-command-vm2\"\
        \r\n    }\r\n  },\r\n  \"type\": \"Microsoft.Network/publicIPAddresses\",\r\
        \n  \"sku\": {\r\n    \"name\": \"Basic\",\r\n    \"tier\": \"Regional\"\r\
        \n  }\r\n}"}
    headers:
      cache-control: [no-cache]
      content-length: ['1089']
      content-type: [application/json; charset=utf-8]
      date: ['Fri, 30 Mar 2018 21:09:46 GMT']
      etag: [W/"211a6630-c737-4a20-b83e-031c5f56ea2e"]
      expires: ['-1']
      pragma: [no-cache]
      server: [Microsoft-HTTPAPI/2.0, Microsoft-HTTPAPI/2.0]
      strict-transport-security: [max-age=31536000; includeSubDomains]
      transfer-encoding: [chunked]
      vary: [Accept-Encoding]
      x-content-type-options: [nosniff]
    status: {code: 200, message: OK}
- request:
    body: '{"commandId": "RunShellScript", "script": ["echo $0 $1"], "parameters":
      [{"name": "arg1", "value": "hello"}, {"name": "arg2", "value": "world"}]}'
    headers:
      Accept: [application/json]
      Accept-Encoding: ['gzip, deflate']
      CommandName: [vm run-command invoke]
      Connection: [keep-alive]
      Content-Length: ['145']
      Content-Type: [application/json; charset=utf-8]
      User-Agent: [python/3.6.1 (Windows-10-10.0.16299-SP0) requests/2.18.4 msrest/0.4.27
          msrest_azure/0.4.25 computemanagementclient/4.0.0rc1 Azure-SDK-For-Python
          AZURECLI/2.0.31]
      accept-language: [en-US]
    method: POST
    uri: https://management.azure.com/subscriptions/00000000-0000-0000-0000-000000000000/resourceGroups/cli_test_vm_run_command_w_params000001/providers/Microsoft.Compute/virtualMachines/test-run-command-vm2/runCommand?api-version=2017-12-01
  response:
    body: {string: ''}
    headers:
      azure-asyncoperation: ['https://management.azure.com/subscriptions/00000000-0000-0000-0000-000000000000/providers/Microsoft.Compute/locations/westus/operations/3c450ac0-2326-41aa-ad96-74d2728971aa?api-version=2017-12-01']
      cache-control: [no-cache]
      content-length: ['0']
      date: ['Fri, 30 Mar 2018 21:09:46 GMT']
      expires: ['-1']
      location: ['https://management.azure.com/subscriptions/00000000-0000-0000-0000-000000000000/providers/Microsoft.Compute/locations/westus/operations/3c450ac0-2326-41aa-ad96-74d2728971aa?monitor=true&api-version=2017-12-01']
      pragma: [no-cache]
      server: [Microsoft-HTTPAPI/2.0, Microsoft-HTTPAPI/2.0]
      strict-transport-security: [max-age=31536000; includeSubDomains]
      x-content-type-options: [nosniff]
      x-ms-ratelimit-remaining-resource: ['Microsoft.Compute/UpdateVM3Min;238,Microsoft.Compute/UpdateVM30Min;1189']
      x-ms-ratelimit-remaining-subscription-writes: ['1193']
    status: {code: 202, message: Accepted}
- request:
    body: null
    headers:
      Accept: [application/json]
      Accept-Encoding: ['gzip, deflate']
      CommandName: [vm run-command invoke]
      Connection: [keep-alive]
      User-Agent: [python/3.6.1 (Windows-10-10.0.16299-SP0) requests/2.18.4 msrest/0.4.27
          msrest_azure/0.4.25 computemanagementclient/4.0.0rc1 Azure-SDK-For-Python
          AZURECLI/2.0.31]
    method: GET
    uri: https://management.azure.com/subscriptions/00000000-0000-0000-0000-000000000000/providers/Microsoft.Compute/locations/westus/operations/3c450ac0-2326-41aa-ad96-74d2728971aa?api-version=2017-12-01
  response:
    body: {string: "{\r\n  \"startTime\": \"2018-03-30T21:09:47.3170292+00:00\",\r\
        \n  \"endTime\": \"2018-03-30T21:10:08.754716+00:00\",\r\n  \"status\": \"\
        Succeeded\",\r\n  \"properties\": {\r\n    \"output\": [\r\n  {\r\n    \"\
        code\": \"ProvisioningState/succeeded\",\r\n    \"level\": \"Info\",\r\n \
        \   \"displayStatus\": \"Provisioning succeeded\",\r\n    \"message\": \"\
        Enable succeeded: \\n[stdout]\\n/var/lib/waagent/run-command/download/0/script.sh\
        \ hello\\n\\n[stderr]\\n\"\r\n  }\r\n]\r\n  },\r\n  \"name\": \"3c450ac0-2326-41aa-ad96-74d2728971aa\"\
        \r\n}"}
    headers:
      cache-control: [no-cache]
      content-length: ['470']
      content-type: [application/json; charset=utf-8]
      date: ['Fri, 30 Mar 2018 21:10:17 GMT']
      expires: ['-1']
      pragma: [no-cache]
      server: [Microsoft-HTTPAPI/2.0, Microsoft-HTTPAPI/2.0]
      strict-transport-security: [max-age=31536000; includeSubDomains]
      transfer-encoding: [chunked]
      vary: [Accept-Encoding]
      x-content-type-options: [nosniff]
      x-ms-ratelimit-remaining-resource: ['Microsoft.Compute/GetOperation3Min;14888,Microsoft.Compute/GetOperation30Min;29266']
    status: {code: 200, message: OK}
- request:
    body: null
    headers:
      Accept: [application/json]
      Accept-Encoding: ['gzip, deflate']
      CommandName: [group delete]
      Connection: [keep-alive]
      Content-Length: ['0']
      Content-Type: [application/json; charset=utf-8]
      User-Agent: [python/3.6.1 (Windows-10-10.0.16299-SP0) requests/2.18.4 msrest/0.4.27
          msrest_azure/0.4.25 resourcemanagementclient/1.2.1 Azure-SDK-For-Python
          AZURECLI/2.0.31]
      accept-language: [en-US]
    method: DELETE
    uri: https://management.azure.com/subscriptions/00000000-0000-0000-0000-000000000000/resourcegroups/cli_test_vm_run_command_w_params000001?api-version=2018-05-01
  response:
    body: {string: ''}
    headers:
      cache-control: [no-cache]
      content-length: ['0']
      date: ['Fri, 30 Mar 2018 21:10:19 GMT']
      expires: ['-1']
      location: ['https://management.azure.com/subscriptions/00000000-0000-0000-0000-000000000000/operationresults/eyJqb2JJZCI6IlJFU09VUkNFR1JPVVBERUxFVElPTkpPQi1DTEk6NUZURVNUOjVGVk06NUZSVU46NUZDT01NQU5EOjVGVzo1RlBBUkFNUzRNVXxGRUE4RDdFOUU0RjZCODNBLVdFU1RVUyIsImpvYkxvY2F0aW9uIjoid2VzdHVzIn0?api-version=2018-05-01']
      pragma: [no-cache]
      strict-transport-security: [max-age=31536000; includeSubDomains]
      x-content-type-options: [nosniff]
      x-ms-ratelimit-remaining-subscription-writes: ['1192']
    status: {code: 202, message: Accepted}
version: 1
