interactions:
- request:
    body: '{"location": "eastus2", "tags": {"use": "az-test"}}'
    headers:
      Accept: [application/json]
      Accept-Encoding: ['gzip, deflate']
      CommandName: [group create]
      Connection: [keep-alive]
      Content-Length: ['51']
      Content-Type: [application/json; charset=utf-8]
      User-Agent: [python/3.5.3 (Windows-10-10.0.16299-SP0) requests/2.18.4 msrest/0.4.23
          msrest_azure/0.4.19 resourcemanagementclient/1.2.1 Azure-SDK-For-Python
          AZURECLI/2.0.25]
      accept-language: [en-US]
    method: PUT
    uri: https://management.azure.com/subscriptions/00000000-0000-0000-0000-000000000000/resourcegroups/cli_test_vmss_zones000001?api-version=2017-05-10
  response:
    body: {string: '{"id":"/subscriptions/00000000-0000-0000-0000-000000000000/resourceGroups/cli_test_vmss_zones000001","name":"cli_test_vmss_zones000001","location":"eastus2","tags":{"use":"az-test"},"properties":{"provisioningState":"Succeeded"}}'}
    headers:
      cache-control: [no-cache]
      content-length: ['329']
      content-type: [application/json; charset=utf-8]
      date: ['Wed, 10 Jan 2018 19:29:04 GMT']
      expires: ['-1']
      pragma: [no-cache]
      strict-transport-security: [max-age=31536000; includeSubDomains]
      x-ms-ratelimit-remaining-subscription-writes: ['1199']
    status: {code: 201, message: Created}
- request:
    body: null
    headers:
      Accept: [application/json]
      Accept-Encoding: ['gzip, deflate']
      CommandName: [vmss create]
      Connection: [keep-alive]
      Content-Type: [application/json; charset=utf-8]
      User-Agent: [python/3.5.3 (Windows-10-10.0.16299-SP0) requests/2.18.4 msrest/0.4.23
          msrest_azure/0.4.19 resourcemanagementclient/1.2.1 Azure-SDK-For-Python
          AZURECLI/2.0.25]
      accept-language: [en-US]
    method: GET
    uri: https://management.azure.com/subscriptions/00000000-0000-0000-0000-000000000000/resourcegroups/cli_test_vmss_zones000001?api-version=2017-05-10
  response:
    body: {string: '{"id":"/subscriptions/00000000-0000-0000-0000-000000000000/resourceGroups/cli_test_vmss_zones000001","name":"cli_test_vmss_zones000001","location":"eastus2","tags":{"use":"az-test"},"properties":{"provisioningState":"Succeeded"}}'}
    headers:
      cache-control: [no-cache]
      content-length: ['329']
      content-type: [application/json; charset=utf-8]
      date: ['Wed, 10 Jan 2018 19:29:04 GMT']
      expires: ['-1']
      pragma: [no-cache]
      strict-transport-security: [max-age=31536000; includeSubDomains]
      vary: [Accept-Encoding]
    status: {code: 200, message: OK}
- request:
    body: null
    headers:
      Connection: [close]
      Host: [raw.githubusercontent.com]
      User-Agent: [Python-urllib/3.5]
    method: GET
    uri: https://raw.githubusercontent.com/Azure/azure-rest-api-specs/master/arm-compute/quickstart-templates/aliases.json
  response:
    body: {string: "{\n  \"$schema\":\"http://schema.management.azure.com/schemas/2015-01-01/deploymentTemplate.json\"\
        ,\n  \"contentVersion\":\"1.0.0.0\",\n  \"parameters\":{},\n  \"variables\"\
        :{},\n  \"resources\":[],\n\n  \"outputs\":{\n    \"aliases\":{\n      \"\
        type\":\"object\",\n      \"value\":{\n\n        \"Linux\":{\n          \"\
        CentOS\":{\n            \"publisher\":\"OpenLogic\",\n            \"offer\"\
        :\"CentOS\",\n            \"sku\":\"7.3\",\n            \"version\":\"latest\"\
        \n          },\n          \"CoreOS\":{\n            \"publisher\":\"CoreOS\"\
        ,\n            \"offer\":\"CoreOS\",\n            \"sku\":\"Stable\",\n  \
        \          \"version\":\"latest\"\n          },\n          \"Debian\":{\n\
        \            \"publisher\":\"credativ\",\n            \"offer\":\"Debian\"\
        ,\n            \"sku\":\"8\",\n            \"version\":\"latest\"\n      \
        \    },\n          \"openSUSE-Leap\": {\n            \"publisher\":\"SUSE\"\
        ,\n            \"offer\":\"openSUSE-Leap\",\n            \"sku\":\"42.2\"\
        ,\n            \"version\": \"latest\"\n          },\n          \"RHEL\":{\n\
        \            \"publisher\":\"RedHat\",\n            \"offer\":\"RHEL\",\n\
        \            \"sku\":\"7.3\",\n            \"version\":\"latest\"\n      \
        \    },\n          \"SLES\":{\n            \"publisher\":\"SUSE\",\n     \
        \       \"offer\":\"SLES\",\n            \"sku\":\"12-SP2\",\n           \
        \ \"version\":\"latest\"\n          },\n          \"UbuntuLTS\":{\n      \
        \      \"publisher\":\"Canonical\",\n            \"offer\":\"UbuntuServer\"\
        ,\n            \"sku\":\"16.04-LTS\",\n            \"version\":\"latest\"\n\
        \          }\n        },\n\n        \"Windows\":{\n          \"Win2016Datacenter\"\
        :{\n            \"publisher\":\"MicrosoftWindowsServer\",\n            \"\
        offer\":\"WindowsServer\",\n            \"sku\":\"2016-Datacenter\",\n   \
        \         \"version\":\"latest\"\n          },\n          \"Win2012R2Datacenter\"\
        :{\n            \"publisher\":\"MicrosoftWindowsServer\",\n            \"\
        offer\":\"WindowsServer\",\n            \"sku\":\"2012-R2-Datacenter\",\n\
        \            \"version\":\"latest\"\n          },\n          \"Win2012Datacenter\"\
        :{\n            \"publisher\":\"MicrosoftWindowsServer\",\n            \"\
        offer\":\"WindowsServer\",\n            \"sku\":\"2012-Datacenter\",\n   \
        \         \"version\":\"latest\"\n          },\n          \"Win2008R2SP1\"\
        :{\n            \"publisher\":\"MicrosoftWindowsServer\",\n            \"\
        offer\":\"WindowsServer\",\n            \"sku\":\"2008-R2-SP1\",\n       \
        \     \"version\":\"latest\"\n          }\n        }\n      }\n    }\n  }\n\
        }\n"}
    headers:
      accept-ranges: [bytes]
      access-control-allow-origin: ['*']
      cache-control: [max-age=300]
      connection: [close]
      content-length: ['2235']
      content-security-policy: [default-src 'none'; style-src 'unsafe-inline'; sandbox]
      content-type: [text/plain; charset=utf-8]
      date: ['Wed, 10 Jan 2018 19:29:06 GMT']
      etag: ['"d6824855d13e27c5258a680eb60f635d088fd05e"']
      expires: ['Wed, 10 Jan 2018 19:34:06 GMT']
      source-age: ['39']
      strict-transport-security: [max-age=31536000]
      vary: ['Authorization,Accept-Encoding']
      via: [1.1 varnish]
      x-cache: [HIT]
      x-cache-hits: ['1']
      x-content-type-options: [nosniff]
      x-fastly-request-id: [44a606693bd14a90454462a882bbcd7dbed51974]
      x-frame-options: [deny]
      x-geo-block-list: ['']
      x-github-request-id: ['8280:2D6E8:20C13:22385:5A56695B']
      x-served-by: [cache-mdw17325-MDW]
      x-timer: ['S1515612547.631637,VS0,VE1']
      x-xss-protection: [1; mode=block]
    status: {code: 200, message: OK}
- request:
    body: null
    headers:
      Accept: [application/json]
      Accept-Encoding: ['gzip, deflate']
      CommandName: [vmss create]
      Connection: [keep-alive]
      Content-Type: [application/json; charset=utf-8]
      User-Agent: [python/3.5.3 (Windows-10-10.0.16299-SP0) requests/2.18.4 msrest/0.4.23
          msrest_azure/0.4.19 networkmanagementclient/1.7.0 Azure-SDK-For-Python AZURECLI/2.0.25]
      accept-language: [en-US]
    method: GET
    uri: https://management.azure.com/subscriptions/00000000-0000-0000-0000-000000000000/resourceGroups/cli_test_vmss_zones000001/providers/Microsoft.Network/virtualNetworks?api-version=2017-11-01
  response:
    body: {string: '{"value":[]}'}
    headers:
      cache-control: [no-cache]
      content-length: ['12']
      content-type: [application/json; charset=utf-8]
      date: ['Wed, 10 Jan 2018 19:29:06 GMT']
      expires: ['-1']
      pragma: [no-cache]
      strict-transport-security: [max-age=31536000; includeSubDomains]
      vary: [Accept-Encoding]
    status: {code: 200, message: OK}
- request:
    body: 'b''{"properties": {"mode": "Incremental", "parameters": {}, "template":
      {"contentVersion": "1.0.0.0", "$schema": "https://schema.management.azure.com/schemas/2015-01-01/deploymentTemplate.json#",
      "parameters": {}, "outputs": {"VMSS": {"value": "[reference(resourceId(\''Microsoft.Compute/virtualMachineScaleSets\'',
      \''vmss123\''),providers(\''Microsoft.Compute\'', \''virtualMachineScaleSets\'').apiVersions[0])]",
      "type": "object"}}, "variables": {}, "resources": [{"apiVersion": "2015-06-15",
      "properties": {"addressSpace": {"addressPrefixes": ["10.0.0.0/16"]}, "subnets":
      [{"name": "vmss123Subnet", "properties": {"addressPrefix": "10.0.0.0/24"}}]},
      "dependsOn": [], "tags": {}, "type": "Microsoft.Network/virtualNetworks", "name":
      "vmss123VNET", "location": "eastus2"}, {"apiVersion": "2017-11-01", "properties":
      {"publicIPAllocationMethod": "Static"}, "dependsOn": [], "tags": {}, "type":
      "Microsoft.Network/publicIPAddresses", "name": "vmss123LBPublicIP", "sku": {"name":
      "Standard"}, "location": "eastus2"}, {"apiVersion": "2017-11-01", "properties":
      {"frontendIPConfigurations": [{"name": "loadBalancerFrontEnd", "properties":
      {"publicIPAddress": {"id": "/subscriptions/00000000-0000-0000-0000-000000000000/resourceGroups/cli_test_vmss_zones000001/providers/Microsoft.Network/publicIPAddresses/vmss123LBPublicIP"}}}],
      "loadBalancingRules": [{"name": "LBRule", "properties": {"frontendPort": 80,
      "frontendIPConfiguration": {"id": "[concat(resourceId(\''Microsoft.Network/loadBalancers\'',
      \''vmss123LB\''), \''/frontendIPConfigurations/\'', \''loadBalancerFrontEnd\'')]"},
      "idleTimeoutInMinutes": 5, "protocol": "tcp", "enableFloatingIP": false, "backendPort":
      80, "backendAddressPool": {"id": "[concat(resourceId(\''Microsoft.Network/loadBalancers\'',
      \''vmss123LB\''), \''/backendAddressPools/\'', \''vmss123LBBEPool\'')]"}}}],
      "backendAddressPools": [{"name": "vmss123LBBEPool"}], "inboundNatPools": [{"name":
      "vmss123LBNatPool", "properties": {"frontendPortRangeEnd": "50119", "protocol":
      "tcp", "frontendPortRangeStart": "50000", "backendPort": 22, "frontendIPConfiguration":
      {"id": "[concat(resourceId(\''Microsoft.Network/loadBalancers\'', \''vmss123LB\''),
      \''/frontendIPConfigurations/\'', \''loadBalancerFrontEnd\'')]"}}}]}, "dependsOn":
      ["Microsoft.Network/virtualNetworks/vmss123VNET", "Microsoft.Network/publicIpAddresses/vmss123LBPublicIP"],
      "tags": {}, "type": "Microsoft.Network/loadBalancers", "name": "vmss123LB",
      "sku": {"name": "Standard"}, "location": "eastus2"}, {"apiVersion": "2015-06-15",
      "properties": {"securityRules": [{"name": "default-allow-ssh", "properties":
      {"priority": 1000, "sourcePortRange": "*", "access": "Allow", "destinationAddressPrefix":
      "*", "direction": "Inbound", "sourceAddressPrefix": "*", "protocol": "Tcp",
      "destinationPortRange": "22"}}]}, "dependsOn": [], "tags": {}, "type": "Microsoft.Network/networkSecurityGroups",
      "name": "vmss123NSG", "location": "eastus2"}, {"apiVersion": "2017-12-01", "sku":
      {"name": "Standard_D1_v2", "capacity": 2}, "dependsOn": ["Microsoft.Network/virtualNetworks/vmss123VNET",
      "Microsoft.Network/loadBalancers/vmss123LB", "Microsoft.Network/networkSecurityGroups/vmss123NSG"],
      "tags": {}, "type": "Microsoft.Compute/virtualMachineScaleSets", "name": "vmss123",
      "properties": {"overprovision": true, "singlePlacementGroup": true, "upgradePolicy":
      {"mode": "manual"}, "virtualMachineProfile": {"osProfile": {"computerNamePrefix":
      "vmss1b74a", "adminUsername": "clitester", "adminPassword": "PasswordPassword1!"},
      "networkProfile": {"networkInterfaceConfigurations": [{"name": "vmss1b74aNic",
      "properties": {"ipConfigurations": [{"name": "vmss1b74aIPConfig", "properties":
      {"loadBalancerBackendAddressPools": [{"id": "/subscriptions/00000000-0000-0000-0000-000000000000/resourceGroups/cli_test_vmss_zones000001/providers/Microsoft.Network/loadBalancers/vmss123LB/backendAddressPools/vmss123LBBEPool"}],
      "subnet": {"id": "/subscriptions/00000000-0000-0000-0000-000000000000/resourceGroups/cli_test_vmss_zones000001/providers/Microsoft.Network/virtualNetworks/vmss123VNET/subnets/vmss123Subnet"},
      "loadBalancerInboundNatPools": [{"id": "/subscriptions/00000000-0000-0000-0000-000000000000/resourceGroups/cli_test_vmss_zones000001/providers/Microsoft.Network/loadBalancers/vmss123LB/inboundNatPools/vmss123LBNatPool"}]}}],
      "primary": "true", "networkSecurityGroup": {"id": "[resourceId(\''Microsoft.Network/networkSecurityGroups\'',
      \''vmss123NSG\'')]"}}}]}, "storageProfile": {"osDisk": {"managedDisk": {"storageAccountType":
      null}, "createOption": "FromImage", "caching": "ReadWrite"}, "imageReference":
      {"sku": "8", "publisher": "credativ", "version": "latest", "offer": "Debian"}}}},
      "location": "eastus2", "zones": ["1", "2", "3"]}]}}}'''
    headers:
      Accept: [application/json]
      Accept-Encoding: ['gzip, deflate']
      CommandName: [vmss create]
      Connection: [keep-alive]
      Content-Length: ['4849']
      Content-Type: [application/json; charset=utf-8]
      User-Agent: [python/3.5.3 (Windows-10-10.0.16299-SP0) requests/2.18.4 msrest/0.4.23
          msrest_azure/0.4.19 resourcemanagementclient/1.2.1 Azure-SDK-For-Python
          AZURECLI/2.0.25]
      accept-language: [en-US]
    method: PUT
    uri: https://management.azure.com/subscriptions/00000000-0000-0000-0000-000000000000/resourcegroups/cli_test_vmss_zones000001/providers/Microsoft.Resources/deployments/mock-deployment?api-version=2017-05-10
  response:
    body: {string: '{"id":"/subscriptions/00000000-0000-0000-0000-000000000000/resourceGroups/cli_test_vmss_zones000001/providers/Microsoft.Resources/deployments/vmss_deploy_VNxF2JKpr2onoLqblqhZL1y8b0j584hm","name":"vmss_deploy_VNxF2JKpr2onoLqblqhZL1y8b0j584hm","properties":{"templateHash":"10720674975894451155","parameters":{},"mode":"Incremental","provisioningState":"Accepted","timestamp":"2018-01-10T19:29:10.1419935Z","duration":"PT1.130049S","correlationId":"3f6662f9-203b-4a7b-8c54-6118106b5c2d","providers":[{"namespace":"Microsoft.Network","resourceTypes":[{"resourceType":"virtualNetworks","locations":["eastus2"]},{"resourceType":"publicIPAddresses","locations":["eastus2"]},{"resourceType":"loadBalancers","locations":["eastus2"]},{"resourceType":"networkSecurityGroups","locations":["eastus2"]}]},{"namespace":"Microsoft.Compute","resourceTypes":[{"resourceType":"virtualMachineScaleSets","locations":["eastus2"]}]}],"dependencies":[{"dependsOn":[{"id":"/subscriptions/00000000-0000-0000-0000-000000000000/resourceGroups/cli_test_vmss_zones000001/providers/Microsoft.Network/virtualNetworks/vmss123VNET","resourceType":"Microsoft.Network/virtualNetworks","resourceName":"vmss123VNET"},{"id":"/subscriptions/00000000-0000-0000-0000-000000000000/resourceGroups/cli_test_vmss_zones000001/providers/Microsoft.Network/publicIPAddresses/vmss123LBPublicIP","resourceType":"Microsoft.Network/publicIPAddresses","resourceName":"vmss123LBPublicIP"}],"id":"/subscriptions/00000000-0000-0000-0000-000000000000/resourceGroups/cli_test_vmss_zones000001/providers/Microsoft.Network/loadBalancers/vmss123LB","resourceType":"Microsoft.Network/loadBalancers","resourceName":"vmss123LB"},{"dependsOn":[{"id":"/subscriptions/00000000-0000-0000-0000-000000000000/resourceGroups/cli_test_vmss_zones000001/providers/Microsoft.Network/virtualNetworks/vmss123VNET","resourceType":"Microsoft.Network/virtualNetworks","resourceName":"vmss123VNET"},{"id":"/subscriptions/00000000-0000-0000-0000-000000000000/resourceGroups/cli_test_vmss_zones000001/providers/Microsoft.Network/loadBalancers/vmss123LB","resourceType":"Microsoft.Network/loadBalancers","resourceName":"vmss123LB"},{"id":"/subscriptions/00000000-0000-0000-0000-000000000000/resourceGroups/cli_test_vmss_zones000001/providers/Microsoft.Network/networkSecurityGroups/vmss123NSG","resourceType":"Microsoft.Network/networkSecurityGroups","resourceName":"vmss123NSG"}],"id":"/subscriptions/00000000-0000-0000-0000-000000000000/resourceGroups/cli_test_vmss_zones000001/providers/Microsoft.Compute/virtualMachineScaleSets/vmss123","resourceType":"Microsoft.Compute/virtualMachineScaleSets","resourceName":"vmss123"}]}}'}
    headers:
      azure-asyncoperation: ['https://management.azure.com/subscriptions/00000000-0000-0000-0000-000000000000/resourcegroups/cli_test_vmss_zones000001/providers/Microsoft.Resources/deployments/vmss_deploy_VNxF2JKpr2onoLqblqhZL1y8b0j584hm/operationStatuses/08586859943364656874?api-version=2017-05-10']
      cache-control: [no-cache]
      content-length: ['3042']
      content-type: [application/json; charset=utf-8]
      date: ['Wed, 10 Jan 2018 19:29:10 GMT']
      expires: ['-1']
      pragma: [no-cache]
      strict-transport-security: [max-age=31536000; includeSubDomains]
      x-ms-ratelimit-remaining-subscription-writes: ['1199']
    status: {code: 201, message: Created}
- request:
    body: null
    headers:
      Accept: [application/json]
      Accept-Encoding: ['gzip, deflate']
      CommandName: [vmss create]
      Connection: [keep-alive]
      Content-Type: [application/json; charset=utf-8]
      User-Agent: [python/3.5.3 (Windows-10-10.0.16299-SP0) requests/2.18.4 msrest/0.4.23
          msrest_azure/0.4.19 resourcemanagementclient/1.2.1 Azure-SDK-For-Python
          AZURECLI/2.0.25]
      accept-language: [en-US]
    method: GET
    uri: https://management.azure.com/subscriptions/00000000-0000-0000-0000-000000000000/resourcegroups/cli_test_vmss_zones000001/providers/Microsoft.Resources/deployments/mock-deployment/operationStatuses/08586859943364656874?api-version=2017-05-10
  response:
    body: {string: '{"status":"Running"}'}
    headers:
      cache-control: [no-cache]
      content-length: ['20']
      content-type: [application/json; charset=utf-8]
      date: ['Wed, 10 Jan 2018 19:29:40 GMT']
      expires: ['-1']
      pragma: [no-cache]
      strict-transport-security: [max-age=31536000; includeSubDomains]
      vary: [Accept-Encoding]
    status: {code: 200, message: OK}
- request:
    body: null
    headers:
      Accept: [application/json]
      Accept-Encoding: ['gzip, deflate']
      CommandName: [vmss create]
      Connection: [keep-alive]
      Content-Type: [application/json; charset=utf-8]
      User-Agent: [python/3.5.3 (Windows-10-10.0.16299-SP0) requests/2.18.4 msrest/0.4.23
          msrest_azure/0.4.19 resourcemanagementclient/1.2.1 Azure-SDK-For-Python
          AZURECLI/2.0.25]
      accept-language: [en-US]
    method: GET
    uri: https://management.azure.com/subscriptions/00000000-0000-0000-0000-000000000000/resourcegroups/cli_test_vmss_zones000001/providers/Microsoft.Resources/deployments/mock-deployment/operationStatuses/08586859943364656874?api-version=2017-05-10
  response:
    body: {string: '{"status":"Running"}'}
    headers:
      cache-control: [no-cache]
      content-length: ['20']
      content-type: [application/json; charset=utf-8]
      date: ['Wed, 10 Jan 2018 19:30:12 GMT']
      expires: ['-1']
      pragma: [no-cache]
      strict-transport-security: [max-age=31536000; includeSubDomains]
      vary: [Accept-Encoding]
    status: {code: 200, message: OK}
- request:
    body: null
    headers:
      Accept: [application/json]
      Accept-Encoding: ['gzip, deflate']
      CommandName: [vmss create]
      Connection: [keep-alive]
      Content-Type: [application/json; charset=utf-8]
      User-Agent: [python/3.5.3 (Windows-10-10.0.16299-SP0) requests/2.18.4 msrest/0.4.23
          msrest_azure/0.4.19 resourcemanagementclient/1.2.1 Azure-SDK-For-Python
          AZURECLI/2.0.25]
      accept-language: [en-US]
    method: GET
    uri: https://management.azure.com/subscriptions/00000000-0000-0000-0000-000000000000/resourcegroups/cli_test_vmss_zones000001/providers/Microsoft.Resources/deployments/mock-deployment/operationStatuses/08586859943364656874?api-version=2017-05-10
  response:
    body: {string: '{"status":"Running"}'}
    headers:
      cache-control: [no-cache]
      content-length: ['20']
      content-type: [application/json; charset=utf-8]
      date: ['Wed, 10 Jan 2018 19:30:43 GMT']
      expires: ['-1']
      pragma: [no-cache]
      strict-transport-security: [max-age=31536000; includeSubDomains]
      vary: [Accept-Encoding]
    status: {code: 200, message: OK}
- request:
    body: null
    headers:
      Accept: [application/json]
      Accept-Encoding: ['gzip, deflate']
      CommandName: [vmss create]
      Connection: [keep-alive]
      Content-Type: [application/json; charset=utf-8]
      User-Agent: [python/3.5.3 (Windows-10-10.0.16299-SP0) requests/2.18.4 msrest/0.4.23
          msrest_azure/0.4.19 resourcemanagementclient/1.2.1 Azure-SDK-For-Python
          AZURECLI/2.0.25]
      accept-language: [en-US]
    method: GET
    uri: https://management.azure.com/subscriptions/00000000-0000-0000-0000-000000000000/resourcegroups/cli_test_vmss_zones000001/providers/Microsoft.Resources/deployments/mock-deployment/operationStatuses/08586859943364656874?api-version=2017-05-10
  response:
    body: {string: '{"status":"Running"}'}
    headers:
      cache-control: [no-cache]
      content-length: ['20']
      content-type: [application/json; charset=utf-8]
      date: ['Wed, 10 Jan 2018 19:31:15 GMT']
      expires: ['-1']
      pragma: [no-cache]
      strict-transport-security: [max-age=31536000; includeSubDomains]
      vary: [Accept-Encoding]
    status: {code: 200, message: OK}
- request:
    body: null
    headers:
      Accept: [application/json]
      Accept-Encoding: ['gzip, deflate']
      CommandName: [vmss create]
      Connection: [keep-alive]
      Content-Type: [application/json; charset=utf-8]
      User-Agent: [python/3.5.3 (Windows-10-10.0.16299-SP0) requests/2.18.4 msrest/0.4.23
          msrest_azure/0.4.19 resourcemanagementclient/1.2.1 Azure-SDK-For-Python
          AZURECLI/2.0.25]
      accept-language: [en-US]
    method: GET
    uri: https://management.azure.com/subscriptions/00000000-0000-0000-0000-000000000000/resourcegroups/cli_test_vmss_zones000001/providers/Microsoft.Resources/deployments/mock-deployment/operationStatuses/08586859943364656874?api-version=2017-05-10
  response:
    body: {string: '{"status":"Running"}'}
    headers:
      cache-control: [no-cache]
      content-length: ['20']
      content-type: [application/json; charset=utf-8]
      date: ['Wed, 10 Jan 2018 19:31:45 GMT']
      expires: ['-1']
      pragma: [no-cache]
      strict-transport-security: [max-age=31536000; includeSubDomains]
      vary: [Accept-Encoding]
    status: {code: 200, message: OK}
- request:
    body: null
    headers:
      Accept: [application/json]
      Accept-Encoding: ['gzip, deflate']
      CommandName: [vmss create]
      Connection: [keep-alive]
      Content-Type: [application/json; charset=utf-8]
      User-Agent: [python/3.5.3 (Windows-10-10.0.16299-SP0) requests/2.18.4 msrest/0.4.23
          msrest_azure/0.4.19 resourcemanagementclient/1.2.1 Azure-SDK-For-Python
          AZURECLI/2.0.25]
      accept-language: [en-US]
    method: GET
    uri: https://management.azure.com/subscriptions/00000000-0000-0000-0000-000000000000/resourcegroups/cli_test_vmss_zones000001/providers/Microsoft.Resources/deployments/mock-deployment/operationStatuses/08586859943364656874?api-version=2017-05-10
  response:
    body: {string: '{"status":"Running"}'}
    headers:
      cache-control: [no-cache]
      content-length: ['20']
      content-type: [application/json; charset=utf-8]
      date: ['Wed, 10 Jan 2018 19:32:17 GMT']
      expires: ['-1']
      pragma: [no-cache]
      strict-transport-security: [max-age=31536000; includeSubDomains]
      vary: [Accept-Encoding]
    status: {code: 200, message: OK}
- request:
    body: null
    headers:
      Accept: [application/json]
      Accept-Encoding: ['gzip, deflate']
      CommandName: [vmss create]
      Connection: [keep-alive]
      Content-Type: [application/json; charset=utf-8]
      User-Agent: [python/3.5.3 (Windows-10-10.0.16299-SP0) requests/2.18.4 msrest/0.4.23
          msrest_azure/0.4.19 resourcemanagementclient/1.2.1 Azure-SDK-For-Python
          AZURECLI/2.0.25]
      accept-language: [en-US]
    method: GET
    uri: https://management.azure.com/subscriptions/00000000-0000-0000-0000-000000000000/resourcegroups/cli_test_vmss_zones000001/providers/Microsoft.Resources/deployments/mock-deployment/operationStatuses/08586859943364656874?api-version=2017-05-10
  response:
    body: {string: '{"status":"Running"}'}
    headers:
      cache-control: [no-cache]
      content-length: ['20']
      content-type: [application/json; charset=utf-8]
      date: ['Wed, 10 Jan 2018 19:32:47 GMT']
      expires: ['-1']
      pragma: [no-cache]
      strict-transport-security: [max-age=31536000; includeSubDomains]
      vary: [Accept-Encoding]
    status: {code: 200, message: OK}
- request:
    body: null
    headers:
      Accept: [application/json]
      Accept-Encoding: ['gzip, deflate']
      CommandName: [vmss create]
      Connection: [keep-alive]
      Content-Type: [application/json; charset=utf-8]
      User-Agent: [python/3.5.3 (Windows-10-10.0.16299-SP0) requests/2.18.4 msrest/0.4.23
          msrest_azure/0.4.19 resourcemanagementclient/1.2.1 Azure-SDK-For-Python
          AZURECLI/2.0.25]
      accept-language: [en-US]
    method: GET
    uri: https://management.azure.com/subscriptions/00000000-0000-0000-0000-000000000000/resourcegroups/cli_test_vmss_zones000001/providers/Microsoft.Resources/deployments/mock-deployment/operationStatuses/08586859943364656874?api-version=2017-05-10
  response:
    body: {string: '{"status":"Running"}'}
    headers:
      cache-control: [no-cache]
      content-length: ['20']
      content-type: [application/json; charset=utf-8]
      date: ['Wed, 10 Jan 2018 19:33:18 GMT']
      expires: ['-1']
      pragma: [no-cache]
      strict-transport-security: [max-age=31536000; includeSubDomains]
      vary: [Accept-Encoding]
    status: {code: 200, message: OK}
- request:
    body: null
    headers:
      Accept: [application/json]
      Accept-Encoding: ['gzip, deflate']
      CommandName: [vmss create]
      Connection: [keep-alive]
      Content-Type: [application/json; charset=utf-8]
      User-Agent: [python/3.5.3 (Windows-10-10.0.16299-SP0) requests/2.18.4 msrest/0.4.23
          msrest_azure/0.4.19 resourcemanagementclient/1.2.1 Azure-SDK-For-Python
          AZURECLI/2.0.25]
      accept-language: [en-US]
    method: GET
    uri: https://management.azure.com/subscriptions/00000000-0000-0000-0000-000000000000/resourcegroups/cli_test_vmss_zones000001/providers/Microsoft.Resources/deployments/mock-deployment/operationStatuses/08586859943364656874?api-version=2017-05-10
  response:
    body: {string: '{"status":"Succeeded"}'}
    headers:
      cache-control: [no-cache]
      content-length: ['22']
      content-type: [application/json; charset=utf-8]
      date: ['Wed, 10 Jan 2018 19:33:48 GMT']
      expires: ['-1']
      pragma: [no-cache]
      strict-transport-security: [max-age=31536000; includeSubDomains]
      vary: [Accept-Encoding]
    status: {code: 200, message: OK}
- request:
    body: null
    headers:
      Accept: [application/json]
      Accept-Encoding: ['gzip, deflate']
      CommandName: [vmss create]
      Connection: [keep-alive]
      Content-Type: [application/json; charset=utf-8]
      User-Agent: [python/3.5.3 (Windows-10-10.0.16299-SP0) requests/2.18.4 msrest/0.4.23
          msrest_azure/0.4.19 resourcemanagementclient/1.2.1 Azure-SDK-For-Python
          AZURECLI/2.0.25]
      accept-language: [en-US]
    method: GET
    uri: https://management.azure.com/subscriptions/00000000-0000-0000-0000-000000000000/resourcegroups/cli_test_vmss_zones000001/providers/Microsoft.Resources/deployments/mock-deployment?api-version=2017-05-10
  response:
    body: {string: '{"id":"/subscriptions/00000000-0000-0000-0000-000000000000/resourceGroups/cli_test_vmss_zones000001/providers/Microsoft.Resources/deployments/vmss_deploy_VNxF2JKpr2onoLqblqhZL1y8b0j584hm","name":"vmss_deploy_VNxF2JKpr2onoLqblqhZL1y8b0j584hm","properties":{"templateHash":"10720674975894451155","parameters":{},"mode":"Incremental","provisioningState":"Succeeded","timestamp":"2018-01-10T19:33:18.3452676Z","duration":"PT4M9.3333231S","correlationId":"3f6662f9-203b-4a7b-8c54-6118106b5c2d","providers":[{"namespace":"Microsoft.Network","resourceTypes":[{"resourceType":"virtualNetworks","locations":["eastus2"]},{"resourceType":"publicIPAddresses","locations":["eastus2"]},{"resourceType":"loadBalancers","locations":["eastus2"]},{"resourceType":"networkSecurityGroups","locations":["eastus2"]}]},{"namespace":"Microsoft.Compute","resourceTypes":[{"resourceType":"virtualMachineScaleSets","locations":["eastus2"]}]}],"dependencies":[{"dependsOn":[{"id":"/subscriptions/00000000-0000-0000-0000-000000000000/resourceGroups/cli_test_vmss_zones000001/providers/Microsoft.Network/virtualNetworks/vmss123VNET","resourceType":"Microsoft.Network/virtualNetworks","resourceName":"vmss123VNET"},{"id":"/subscriptions/00000000-0000-0000-0000-000000000000/resourceGroups/cli_test_vmss_zones000001/providers/Microsoft.Network/publicIPAddresses/vmss123LBPublicIP","resourceType":"Microsoft.Network/publicIPAddresses","resourceName":"vmss123LBPublicIP"}],"id":"/subscriptions/00000000-0000-0000-0000-000000000000/resourceGroups/cli_test_vmss_zones000001/providers/Microsoft.Network/loadBalancers/vmss123LB","resourceType":"Microsoft.Network/loadBalancers","resourceName":"vmss123LB"},{"dependsOn":[{"id":"/subscriptions/00000000-0000-0000-0000-000000000000/resourceGroups/cli_test_vmss_zones000001/providers/Microsoft.Network/virtualNetworks/vmss123VNET","resourceType":"Microsoft.Network/virtualNetworks","resourceName":"vmss123VNET"},{"id":"/subscriptions/00000000-0000-0000-0000-000000000000/resourceGroups/cli_test_vmss_zones000001/providers/Microsoft.Network/loadBalancers/vmss123LB","resourceType":"Microsoft.Network/loadBalancers","resourceName":"vmss123LB"},{"id":"/subscriptions/00000000-0000-0000-0000-000000000000/resourceGroups/cli_test_vmss_zones000001/providers/Microsoft.Network/networkSecurityGroups/vmss123NSG","resourceType":"Microsoft.Network/networkSecurityGroups","resourceName":"vmss123NSG"}],"id":"/subscriptions/00000000-0000-0000-0000-000000000000/resourceGroups/cli_test_vmss_zones000001/providers/Microsoft.Compute/virtualMachineScaleSets/vmss123","resourceType":"Microsoft.Compute/virtualMachineScaleSets","resourceName":"vmss123"}],"outputs":{"vmss":{"type":"Object","value":{"singlePlacementGroup":true,"upgradePolicy":{"mode":"Manual","automaticOSUpgrade":false},"virtualMachineProfile":{"osProfile":{"computerNamePrefix":"vmss1b74a","adminUsername":"clitester","linuxConfiguration":{"disablePasswordAuthentication":false},"secrets":[]},"storageProfile":{"osDisk":{"createOption":"FromImage","caching":"ReadWrite","managedDisk":{"storageAccountType":"Standard_LRS"}},"imageReference":{"publisher":"credativ","offer":"Debian","sku":"8","version":"latest"}},"networkProfile":{"networkInterfaceConfigurations":[{"name":"vmss1b74aNic","properties":{"primary":true,"enableAcceleratedNetworking":false,"networkSecurityGroup":{"id":"/subscriptions/00000000-0000-0000-0000-000000000000/resourceGroups/cli_test_vmss_zones000001/providers/Microsoft.Network/networkSecurityGroups/vmss123NSG"},"dnsSettings":{"dnsServers":[]},"enableIPForwarding":false,"ipConfigurations":[{"name":"vmss1b74aIPConfig","properties":{"subnet":{"id":"/subscriptions/00000000-0000-0000-0000-000000000000/resourceGroups/cli_test_vmss_zones000001/providers/Microsoft.Network/virtualNetworks/vmss123VNET/subnets/vmss123Subnet"},"privateIPAddressVersion":"IPv4","loadBalancerBackendAddressPools":[{"id":"/subscriptions/00000000-0000-0000-0000-000000000000/resourceGroups/cli_test_vmss_zones000001/providers/Microsoft.Network/loadBalancers/vmss123LB/backendAddressPools/vmss123LBBEPool"}],"loadBalancerInboundNatPools":[{"id":"/subscriptions/00000000-0000-0000-0000-000000000000/resourceGroups/cli_test_vmss_zones000001/providers/Microsoft.Network/loadBalancers/vmss123LB/inboundNatPools/vmss123LBNatPool"}]}}]}}]}},"provisioningState":"Succeeded","overprovision":true,"uniqueId":"1d80c2d4-e135-41e7-bdbf-65ab90271837","zoneBalance":false}}},"outputResources":[{"id":"/subscriptions/00000000-0000-0000-0000-000000000000/resourceGroups/cli_test_vmss_zones000001/providers/Microsoft.Compute/virtualMachineScaleSets/vmss123"},{"id":"/subscriptions/00000000-0000-0000-0000-000000000000/resourceGroups/cli_test_vmss_zones000001/providers/Microsoft.Network/loadBalancers/vmss123LB"},{"id":"/subscriptions/00000000-0000-0000-0000-000000000000/resourceGroups/cli_test_vmss_zones000001/providers/Microsoft.Network/networkSecurityGroups/vmss123NSG"},{"id":"/subscriptions/00000000-0000-0000-0000-000000000000/resourceGroups/cli_test_vmss_zones000001/providers/Microsoft.Network/publicIPAddresses/vmss123LBPublicIP"},{"id":"/subscriptions/00000000-0000-0000-0000-000000000000/resourceGroups/cli_test_vmss_zones000001/providers/Microsoft.Network/virtualNetworks/vmss123VNET"}]}}'}
    headers:
      cache-control: [no-cache]
      content-length: ['6093']
      content-type: [application/json; charset=utf-8]
      date: ['Wed, 10 Jan 2018 19:33:49 GMT']
      expires: ['-1']
      pragma: [no-cache]
      strict-transport-security: [max-age=31536000; includeSubDomains]
      vary: [Accept-Encoding]
    status: {code: 200, message: OK}
- request:
    body: null
    headers:
      Accept: [application/json]
      Accept-Encoding: ['gzip, deflate']
      CommandName: [vmss show]
      Connection: [keep-alive]
      Content-Type: [application/json; charset=utf-8]
      User-Agent: [python/3.5.3 (Windows-10-10.0.16299-SP0) requests/2.18.4 msrest/0.4.23
          msrest_azure/0.4.19 computemanagementclient/3.1.0rc2 Azure-SDK-For-Python
          AZURECLI/2.0.25]
      accept-language: [en-US]
    method: GET
    uri: https://management.azure.com/subscriptions/00000000-0000-0000-0000-000000000000/resourceGroups/cli_test_vmss_zones000001/providers/Microsoft.Compute/virtualMachineScaleSets/vmss123?api-version=2017-12-01
  response:
    body: {string: "{\r\n  \"sku\": {\r\n    \"name\": \"Standard_D1_v2\",\r\n   \
        \ \"tier\": \"Standard\",\r\n    \"capacity\": 2\r\n  },\r\n  \"properties\"\
        : {\r\n    \"singlePlacementGroup\": true,\r\n    \"upgradePolicy\": {\r\n\
        \      \"mode\": \"Manual\",\r\n      \"automaticOSUpgrade\": false\r\n  \
        \  },\r\n    \"virtualMachineProfile\": {\r\n      \"osProfile\": {\r\n  \
        \      \"computerNamePrefix\": \"vmss1b74a\",\r\n        \"adminUsername\"\
        : \"clitester\",\r\n        \"linuxConfiguration\": {\r\n          \"disablePasswordAuthentication\"\
        : false\r\n        },\r\n        \"secrets\": []\r\n      },\r\n      \"storageProfile\"\
        : {\r\n        \"osDisk\": {\r\n          \"createOption\": \"FromImage\"\
        ,\r\n          \"caching\": \"ReadWrite\",\r\n          \"managedDisk\": {\r\
        \n            \"storageAccountType\": \"Standard_LRS\"\r\n          }\r\n\
        \        },\r\n        \"imageReference\": {\r\n          \"publisher\": \"\
        credativ\",\r\n          \"offer\": \"Debian\",\r\n          \"sku\": \"8\"\
        ,\r\n          \"version\": \"latest\"\r\n        }\r\n      },\r\n      \"\
        networkProfile\": {\"networkInterfaceConfigurations\":[{\"name\":\"vmss1b74aNic\"\
        ,\"properties\":{\"primary\":true,\"enableAcceleratedNetworking\":false,\"\
        networkSecurityGroup\":{\"id\":\"/subscriptions/00000000-0000-0000-0000-000000000000/resourceGroups/cli_test_vmss_zones000001/providers/Microsoft.Network/networkSecurityGroups/vmss123NSG\"\
        },\"dnsSettings\":{\"dnsServers\":[]},\"enableIPForwarding\":false,\"ipConfigurations\"\
        :[{\"name\":\"vmss1b74aIPConfig\",\"properties\":{\"subnet\":{\"id\":\"/subscriptions/00000000-0000-0000-0000-000000000000/resourceGroups/cli_test_vmss_zones000001/providers/Microsoft.Network/virtualNetworks/vmss123VNET/subnets/vmss123Subnet\"\
        },\"privateIPAddressVersion\":\"IPv4\",\"loadBalancerBackendAddressPools\"\
        :[{\"id\":\"/subscriptions/00000000-0000-0000-0000-000000000000/resourceGroups/cli_test_vmss_zones000001/providers/Microsoft.Network/loadBalancers/vmss123LB/backendAddressPools/vmss123LBBEPool\"\
        }],\"loadBalancerInboundNatPools\":[{\"id\":\"/subscriptions/00000000-0000-0000-0000-000000000000/resourceGroups/cli_test_vmss_zones000001/providers/Microsoft.Network/loadBalancers/vmss123LB/inboundNatPools/vmss123LBNatPool\"\
        }]}}]}}]}\r\n    },\r\n    \"provisioningState\": \"Succeeded\",\r\n    \"\
        overprovision\": true,\r\n    \"uniqueId\": \"1d80c2d4-e135-41e7-bdbf-65ab90271837\"\
        ,\r\n    \"zoneBalance\": false\r\n  },\r\n  \"zones\": [\r\n    \"1\",\r\n\
        \    \"2\",\r\n    \"3\"\r\n  ],\r\n  \"type\": \"Microsoft.Compute/virtualMachineScaleSets\"\
        ,\r\n  \"location\": \"eastus2\",\r\n  \"tags\": {},\r\n  \"id\": \"/subscriptions/00000000-0000-0000-0000-000000000000/resourceGroups/cli_test_vmss_zones000001/providers/Microsoft.Compute/virtualMachineScaleSets/vmss123\"\
        ,\r\n  \"name\": \"vmss123\"\r\n}"}
    headers:
      cache-control: [no-cache]
      content-length: ['2779']
      content-type: [application/json; charset=utf-8]
      date: ['Wed, 10 Jan 2018 19:33:51 GMT']
      expires: ['-1']
      pragma: [no-cache]
      server: [Microsoft-HTTPAPI/2.0, Microsoft-HTTPAPI/2.0]
      strict-transport-security: [max-age=31536000; includeSubDomains]
      transfer-encoding: [chunked]
      vary: [Accept-Encoding]
      x-ms-ratelimit-remaining-resource: ['Microsoft.Compute/GetVMScaleSet3Min;194,Microsoft.Compute/GetVMScaleSet30Min;975']
    status: {code: 200, message: OK}
- request:
    body: null
    headers:
      Accept: [application/json]
      Accept-Encoding: ['gzip, deflate']
      CommandName: [vmss show]
      Connection: [keep-alive]
      Content-Type: [application/json; charset=utf-8]
      User-Agent: [python/3.5.3 (Windows-10-10.0.16299-SP0) requests/2.18.4 msrest/0.4.23
          msrest_azure/0.4.19 computemanagementclient/3.1.0rc2 Azure-SDK-For-Python
          AZURECLI/2.0.25]
      accept-language: [en-US]
    method: GET
    uri: https://management.azure.com/subscriptions/00000000-0000-0000-0000-000000000000/resourceGroups/cli_test_vmss_zones000001/providers/Microsoft.Compute/virtualMachineScaleSets/vmss123?api-version=2017-12-01
  response:
    body: {string: "{\r\n  \"sku\": {\r\n    \"name\": \"Standard_D1_v2\",\r\n   \
        \ \"tier\": \"Standard\",\r\n    \"capacity\": 2\r\n  },\r\n  \"properties\"\
        : {\r\n    \"singlePlacementGroup\": true,\r\n    \"upgradePolicy\": {\r\n\
        \      \"mode\": \"Manual\",\r\n      \"automaticOSUpgrade\": false\r\n  \
        \  },\r\n    \"virtualMachineProfile\": {\r\n      \"osProfile\": {\r\n  \
        \      \"computerNamePrefix\": \"vmss1b74a\",\r\n        \"adminUsername\"\
        : \"clitester\",\r\n        \"linuxConfiguration\": {\r\n          \"disablePasswordAuthentication\"\
        : false\r\n        },\r\n        \"secrets\": []\r\n      },\r\n      \"storageProfile\"\
        : {\r\n        \"osDisk\": {\r\n          \"createOption\": \"FromImage\"\
        ,\r\n          \"caching\": \"ReadWrite\",\r\n          \"managedDisk\": {\r\
        \n            \"storageAccountType\": \"Standard_LRS\"\r\n          }\r\n\
        \        },\r\n        \"imageReference\": {\r\n          \"publisher\": \"\
        credativ\",\r\n          \"offer\": \"Debian\",\r\n          \"sku\": \"8\"\
        ,\r\n          \"version\": \"latest\"\r\n        }\r\n      },\r\n      \"\
        networkProfile\": {\"networkInterfaceConfigurations\":[{\"name\":\"vmss1b74aNic\"\
        ,\"properties\":{\"primary\":true,\"enableAcceleratedNetworking\":false,\"\
        networkSecurityGroup\":{\"id\":\"/subscriptions/00000000-0000-0000-0000-000000000000/resourceGroups/cli_test_vmss_zones000001/providers/Microsoft.Network/networkSecurityGroups/vmss123NSG\"\
        },\"dnsSettings\":{\"dnsServers\":[]},\"enableIPForwarding\":false,\"ipConfigurations\"\
        :[{\"name\":\"vmss1b74aIPConfig\",\"properties\":{\"subnet\":{\"id\":\"/subscriptions/00000000-0000-0000-0000-000000000000/resourceGroups/cli_test_vmss_zones000001/providers/Microsoft.Network/virtualNetworks/vmss123VNET/subnets/vmss123Subnet\"\
        },\"privateIPAddressVersion\":\"IPv4\",\"loadBalancerBackendAddressPools\"\
        :[{\"id\":\"/subscriptions/00000000-0000-0000-0000-000000000000/resourceGroups/cli_test_vmss_zones000001/providers/Microsoft.Network/loadBalancers/vmss123LB/backendAddressPools/vmss123LBBEPool\"\
        }],\"loadBalancerInboundNatPools\":[{\"id\":\"/subscriptions/00000000-0000-0000-0000-000000000000/resourceGroups/cli_test_vmss_zones000001/providers/Microsoft.Network/loadBalancers/vmss123LB/inboundNatPools/vmss123LBNatPool\"\
        }]}}]}}]}\r\n    },\r\n    \"provisioningState\": \"Succeeded\",\r\n    \"\
        overprovision\": true,\r\n    \"uniqueId\": \"1d80c2d4-e135-41e7-bdbf-65ab90271837\"\
        ,\r\n    \"zoneBalance\": false\r\n  },\r\n  \"zones\": [\r\n    \"1\",\r\n\
        \    \"2\",\r\n    \"3\"\r\n  ],\r\n  \"type\": \"Microsoft.Compute/virtualMachineScaleSets\"\
        ,\r\n  \"location\": \"eastus2\",\r\n  \"tags\": {},\r\n  \"id\": \"/subscriptions/00000000-0000-0000-0000-000000000000/resourceGroups/cli_test_vmss_zones000001/providers/Microsoft.Compute/virtualMachineScaleSets/vmss123\"\
        ,\r\n  \"name\": \"vmss123\"\r\n}"}
    headers:
      cache-control: [no-cache]
      content-length: ['2779']
      content-type: [application/json; charset=utf-8]
      date: ['Wed, 10 Jan 2018 19:33:51 GMT']
      expires: ['-1']
      pragma: [no-cache]
      server: [Microsoft-HTTPAPI/2.0, Microsoft-HTTPAPI/2.0]
      strict-transport-security: [max-age=31536000; includeSubDomains]
      transfer-encoding: [chunked]
      vary: [Accept-Encoding]
      x-ms-ratelimit-remaining-resource: ['Microsoft.Compute/GetVMScaleSet3Min;193,Microsoft.Compute/GetVMScaleSet30Min;974']
    status: {code: 200, message: OK}
- request:
    body: null
    headers:
      Accept: [application/json]
      Accept-Encoding: ['gzip, deflate']
      CommandName: [network lb list]
      Connection: [keep-alive]
      Content-Type: [application/json; charset=utf-8]
      User-Agent: [python/3.5.3 (Windows-10-10.0.16299-SP0) requests/2.18.4 msrest/0.4.23
          msrest_azure/0.4.19 networkmanagementclient/1.7.0 Azure-SDK-For-Python AZURECLI/2.0.25]
      accept-language: [en-US]
    method: GET
    uri: https://management.azure.com/subscriptions/00000000-0000-0000-0000-000000000000/resourceGroups/cli_test_vmss_zones000001/providers/Microsoft.Network/loadBalancers?api-version=2017-11-01
  response:
    body: {string: "{\r\n  \"value\": [\r\n    {\r\n      \"name\": \"vmss123LB\"\
        ,\r\n      \"id\": \"/subscriptions/00000000-0000-0000-0000-000000000000/resourceGroups/cli_test_vmss_zones000001/providers/Microsoft.Network/loadBalancers/vmss123LB\"\
        ,\r\n      \"etag\": \"W/\\\"35ddc592-627c-4e7c-bc7f-6e50ca6bc03b\\\"\",\r\
        \n      \"type\": \"Microsoft.Network/loadBalancers\",\r\n      \"location\"\
        : \"eastus2\",\r\n      \"tags\": {},\r\n      \"properties\": {\r\n     \
        \   \"provisioningState\": \"Succeeded\",\r\n        \"resourceGuid\": \"\
        ddd81d1d-a9be-4fc0-be09-e683120134ec\",\r\n        \"frontendIPConfigurations\"\
        : [\r\n          {\r\n            \"name\": \"loadBalancerFrontEnd\",\r\n\
        \            \"id\": \"/subscriptions/00000000-0000-0000-0000-000000000000/resourceGroups/cli_test_vmss_zones000001/providers/Microsoft.Network/loadBalancers/vmss123LB/frontendIPConfigurations/loadBalancerFrontEnd\"\
        ,\r\n            \"etag\": \"W/\\\"35ddc592-627c-4e7c-bc7f-6e50ca6bc03b\\\"\
        \",\r\n            \"properties\": {\r\n              \"provisioningState\"\
        : \"Succeeded\",\r\n              \"privateIPAllocationMethod\": \"Dynamic\"\
        ,\r\n              \"publicIPAddress\": {\r\n                \"id\": \"/subscriptions/00000000-0000-0000-0000-000000000000/resourceGroups/cli_test_vmss_zones000001/providers/Microsoft.Network/publicIPAddresses/vmss123LBPublicIP\"\
        \r\n              },\r\n              \"loadBalancingRules\": [\r\n      \
        \          {\r\n                  \"id\": \"/subscriptions/00000000-0000-0000-0000-000000000000/resourceGroups/cli_test_vmss_zones000001/providers/Microsoft.Network/loadBalancers/vmss123LB/loadBalancingRules/LBRule\"\
        \r\n                }\r\n              ],\r\n              \"inboundNatRules\"\
        : [\r\n                {\r\n                  \"id\": \"/subscriptions/00000000-0000-0000-0000-000000000000/resourceGroups/cli_test_vmss_zones000001/providers/Microsoft.Network/loadBalancers/vmss123LB/inboundNatRules/vmss123LBNatPool.0\"\
        \r\n                },\r\n                {\r\n                  \"id\": \"\
        /subscriptions/00000000-0000-0000-0000-000000000000/resourceGroups/cli_test_vmss_zones000001/providers/Microsoft.Network/loadBalancers/vmss123LB/inboundNatRules/vmss123LBNatPool.2\"\
        \r\n                },\r\n                {\r\n                  \"id\": \"\
        /subscriptions/00000000-0000-0000-0000-000000000000/resourceGroups/cli_test_vmss_zones000001/providers/Microsoft.Network/loadBalancers/vmss123LB/inboundNatRules/vmss123LBNatPool.3\"\
        \r\n                },\r\n                {\r\n                  \"id\": \"\
        /subscriptions/00000000-0000-0000-0000-000000000000/resourceGroups/cli_test_vmss_zones000001/providers/Microsoft.Network/loadBalancers/vmss123LB/inboundNatRules/vmss123LBNatPool.4\"\
        \r\n                }\r\n              ],\r\n              \"inboundNatPools\"\
        : [\r\n                {\r\n                  \"id\": \"/subscriptions/00000000-0000-0000-0000-000000000000/resourceGroups/cli_test_vmss_zones000001/providers/Microsoft.Network/loadBalancers/vmss123LB/inboundNatPools/vmss123LBNatPool\"\
        \r\n                }\r\n              ]\r\n            }\r\n          }\r\
        \n        ],\r\n        \"backendAddressPools\": [\r\n          {\r\n    \
        \        \"name\": \"vmss123LBBEPool\",\r\n            \"id\": \"/subscriptions/00000000-0000-0000-0000-000000000000/resourceGroups/cli_test_vmss_zones000001/providers/Microsoft.Network/loadBalancers/vmss123LB/backendAddressPools/vmss123LBBEPool\"\
        ,\r\n            \"etag\": \"W/\\\"35ddc592-627c-4e7c-bc7f-6e50ca6bc03b\\\"\
        \",\r\n            \"properties\": {\r\n              \"provisioningState\"\
        : \"Succeeded\",\r\n              \"backendIPConfigurations\": [\r\n     \
        \           {\r\n                  \"id\": \"/subscriptions/00000000-0000-0000-0000-000000000000/resourceGroups/cli_test_vmss_zones000001/providers/Microsoft.Compute/virtualMachineScaleSets/vmss123/virtualMachines/0/networkInterfaces/vmss1b74aNic/ipConfigurations/vmss1b74aIPConfig\"\
        \r\n                },\r\n                {\r\n                  \"id\": \"\
        /subscriptions/00000000-0000-0000-0000-000000000000/resourceGroups/cli_test_vmss_zones000001/providers/Microsoft.Compute/virtualMachineScaleSets/vmss123/virtualMachines/2/networkInterfaces/vmss1b74aNic/ipConfigurations/vmss1b74aIPConfig\"\
        \r\n                },\r\n                {\r\n                  \"id\": \"\
        /subscriptions/00000000-0000-0000-0000-000000000000/resourceGroups/cli_test_vmss_zones000001/providers/Microsoft.Compute/virtualMachineScaleSets/vmss123/virtualMachines/3/networkInterfaces/vmss1b74aNic/ipConfigurations/vmss1b74aIPConfig\"\
        \r\n                },\r\n                {\r\n                  \"id\": \"\
        /subscriptions/00000000-0000-0000-0000-000000000000/resourceGroups/cli_test_vmss_zones000001/providers/Microsoft.Compute/virtualMachineScaleSets/vmss123/virtualMachines/4/networkInterfaces/vmss1b74aNic/ipConfigurations/vmss1b74aIPConfig\"\
        \r\n                }\r\n              ],\r\n              \"loadBalancingRules\"\
        : [\r\n                {\r\n                  \"id\": \"/subscriptions/00000000-0000-0000-0000-000000000000/resourceGroups/cli_test_vmss_zones000001/providers/Microsoft.Network/loadBalancers/vmss123LB/loadBalancingRules/LBRule\"\
        \r\n                }\r\n              ]\r\n            }\r\n          }\r\
        \n        ],\r\n        \"loadBalancingRules\": [\r\n          {\r\n     \
        \       \"name\": \"LBRule\",\r\n            \"id\": \"/subscriptions/00000000-0000-0000-0000-000000000000/resourceGroups/cli_test_vmss_zones000001/providers/Microsoft.Network/loadBalancers/vmss123LB/loadBalancingRules/LBRule\"\
        ,\r\n            \"etag\": \"W/\\\"35ddc592-627c-4e7c-bc7f-6e50ca6bc03b\\\"\
        \",\r\n            \"properties\": {\r\n              \"provisioningState\"\
        : \"Succeeded\",\r\n              \"frontendIPConfiguration\": {\r\n     \
        \           \"id\": \"/subscriptions/00000000-0000-0000-0000-000000000000/resourceGroups/cli_test_vmss_zones000001/providers/Microsoft.Network/loadBalancers/vmss123LB/frontendIPConfigurations/loadBalancerFrontEnd\"\
        \r\n              },\r\n              \"frontendPort\": 80,\r\n          \
        \    \"backendPort\": 80,\r\n              \"enableFloatingIP\": false,\r\n\
        \              \"idleTimeoutInMinutes\": 5,\r\n              \"protocol\"\
        : \"Tcp\",\r\n              \"loadDistribution\": \"Default\",\r\n       \
        \       \"disableOutboundSnat\": false,\r\n              \"backendAddressPool\"\
        : {\r\n                \"id\": \"/subscriptions/00000000-0000-0000-0000-000000000000/resourceGroups/cli_test_vmss_zones000001/providers/Microsoft.Network/loadBalancers/vmss123LB/backendAddressPools/vmss123LBBEPool\"\
        \r\n              }\r\n            }\r\n          }\r\n        ],\r\n    \
        \    \"probes\": [],\r\n        \"inboundNatRules\": [\r\n          {\r\n\
        \            \"name\": \"vmss123LBNatPool.0\",\r\n            \"id\": \"/subscriptions/00000000-0000-0000-0000-000000000000/resourceGroups/cli_test_vmss_zones000001/providers/Microsoft.Network/loadBalancers/vmss123LB/inboundNatRules/vmss123LBNatPool.0\"\
        ,\r\n            \"etag\": \"W/\\\"35ddc592-627c-4e7c-bc7f-6e50ca6bc03b\\\"\
        \",\r\n            \"properties\": {\r\n              \"provisioningState\"\
        : \"Succeeded\",\r\n              \"frontendIPConfiguration\": {\r\n     \
        \           \"id\": \"/subscriptions/00000000-0000-0000-0000-000000000000/resourceGroups/cli_test_vmss_zones000001/providers/Microsoft.Network/loadBalancers/vmss123LB/frontendIPConfigurations/loadBalancerFrontEnd\"\
        \r\n              },\r\n              \"frontendPort\": 50000,\r\n       \
        \       \"backendPort\": 22,\r\n              \"enableFloatingIP\": false,\r\
        \n              \"idleTimeoutInMinutes\": 4,\r\n              \"protocol\"\
        : \"Tcp\",\r\n              \"backendIPConfiguration\": {\r\n            \
        \    \"id\": \"/subscriptions/00000000-0000-0000-0000-000000000000/resourceGroups/cli_test_vmss_zones000001/providers/Microsoft.Compute/virtualMachineScaleSets/vmss123/virtualMachines/0/networkInterfaces/vmss1b74aNic/ipConfigurations/vmss1b74aIPConfig\"\
        \r\n              }\r\n            }\r\n          },\r\n          {\r\n  \
        \          \"name\": \"vmss123LBNatPool.2\",\r\n            \"id\": \"/subscriptions/00000000-0000-0000-0000-000000000000/resourceGroups/cli_test_vmss_zones000001/providers/Microsoft.Network/loadBalancers/vmss123LB/inboundNatRules/vmss123LBNatPool.2\"\
        ,\r\n            \"etag\": \"W/\\\"35ddc592-627c-4e7c-bc7f-6e50ca6bc03b\\\"\
        \",\r\n            \"properties\": {\r\n              \"provisioningState\"\
        : \"Succeeded\",\r\n              \"frontendIPConfiguration\": {\r\n     \
        \           \"id\": \"/subscriptions/00000000-0000-0000-0000-000000000000/resourceGroups/cli_test_vmss_zones000001/providers/Microsoft.Network/loadBalancers/vmss123LB/frontendIPConfigurations/loadBalancerFrontEnd\"\
        \r\n              },\r\n              \"frontendPort\": 50002,\r\n       \
        \       \"backendPort\": 22,\r\n              \"enableFloatingIP\": false,\r\
        \n              \"idleTimeoutInMinutes\": 4,\r\n              \"protocol\"\
        : \"Tcp\",\r\n              \"backendIPConfiguration\": {\r\n            \
        \    \"id\": \"/subscriptions/00000000-0000-0000-0000-000000000000/resourceGroups/cli_test_vmss_zones000001/providers/Microsoft.Compute/virtualMachineScaleSets/vmss123/virtualMachines/2/networkInterfaces/vmss1b74aNic/ipConfigurations/vmss1b74aIPConfig\"\
        \r\n              }\r\n            }\r\n          },\r\n          {\r\n  \
        \          \"name\": \"vmss123LBNatPool.3\",\r\n            \"id\": \"/subscriptions/00000000-0000-0000-0000-000000000000/resourceGroups/cli_test_vmss_zones000001/providers/Microsoft.Network/loadBalancers/vmss123LB/inboundNatRules/vmss123LBNatPool.3\"\
        ,\r\n            \"etag\": \"W/\\\"35ddc592-627c-4e7c-bc7f-6e50ca6bc03b\\\"\
        \",\r\n            \"properties\": {\r\n              \"provisioningState\"\
        : \"Succeeded\",\r\n              \"frontendIPConfiguration\": {\r\n     \
        \           \"id\": \"/subscriptions/00000000-0000-0000-0000-000000000000/resourceGroups/cli_test_vmss_zones000001/providers/Microsoft.Network/loadBalancers/vmss123LB/frontendIPConfigurations/loadBalancerFrontEnd\"\
        \r\n              },\r\n              \"frontendPort\": 50003,\r\n       \
        \       \"backendPort\": 22,\r\n              \"enableFloatingIP\": false,\r\
        \n              \"idleTimeoutInMinutes\": 4,\r\n              \"protocol\"\
        : \"Tcp\",\r\n              \"backendIPConfiguration\": {\r\n            \
        \    \"id\": \"/subscriptions/00000000-0000-0000-0000-000000000000/resourceGroups/cli_test_vmss_zones000001/providers/Microsoft.Compute/virtualMachineScaleSets/vmss123/virtualMachines/3/networkInterfaces/vmss1b74aNic/ipConfigurations/vmss1b74aIPConfig\"\
        \r\n              }\r\n            }\r\n          },\r\n          {\r\n  \
        \          \"name\": \"vmss123LBNatPool.4\",\r\n            \"id\": \"/subscriptions/00000000-0000-0000-0000-000000000000/resourceGroups/cli_test_vmss_zones000001/providers/Microsoft.Network/loadBalancers/vmss123LB/inboundNatRules/vmss123LBNatPool.4\"\
        ,\r\n            \"etag\": \"W/\\\"35ddc592-627c-4e7c-bc7f-6e50ca6bc03b\\\"\
        \",\r\n            \"properties\": {\r\n              \"provisioningState\"\
        : \"Succeeded\",\r\n              \"frontendIPConfiguration\": {\r\n     \
        \           \"id\": \"/subscriptions/00000000-0000-0000-0000-000000000000/resourceGroups/cli_test_vmss_zones000001/providers/Microsoft.Network/loadBalancers/vmss123LB/frontendIPConfigurations/loadBalancerFrontEnd\"\
        \r\n              },\r\n              \"frontendPort\": 50004,\r\n       \
        \       \"backendPort\": 22,\r\n              \"enableFloatingIP\": false,\r\
        \n              \"idleTimeoutInMinutes\": 4,\r\n              \"protocol\"\
        : \"Tcp\",\r\n              \"backendIPConfiguration\": {\r\n            \
        \    \"id\": \"/subscriptions/00000000-0000-0000-0000-000000000000/resourceGroups/cli_test_vmss_zones000001/providers/Microsoft.Compute/virtualMachineScaleSets/vmss123/virtualMachines/4/networkInterfaces/vmss1b74aNic/ipConfigurations/vmss1b74aIPConfig\"\
        \r\n              }\r\n            }\r\n          }\r\n        ],\r\n    \
        \    \"outboundNatRules\": [],\r\n        \"inboundNatPools\": [\r\n     \
        \     {\r\n            \"name\": \"vmss123LBNatPool\",\r\n            \"id\"\
        : \"/subscriptions/00000000-0000-0000-0000-000000000000/resourceGroups/cli_test_vmss_zones000001/providers/Microsoft.Network/loadBalancers/vmss123LB/inboundNatPools/vmss123LBNatPool\"\
        ,\r\n            \"etag\": \"W/\\\"35ddc592-627c-4e7c-bc7f-6e50ca6bc03b\\\"\
        \",\r\n            \"properties\": {\r\n              \"provisioningState\"\
        : \"Succeeded\",\r\n              \"frontendPortRangeStart\": 50000,\r\n \
        \             \"frontendPortRangeEnd\": 50119,\r\n              \"backendPort\"\
        : 22,\r\n              \"protocol\": \"Tcp\",\r\n              \"idleTimeoutInMinutes\"\
        : 4,\r\n              \"enableFloatingIP\": false,\r\n              \"frontendIPConfiguration\"\
        : {\r\n                \"id\": \"/subscriptions/00000000-0000-0000-0000-000000000000/resourceGroups/cli_test_vmss_zones000001/providers/Microsoft.Network/loadBalancers/vmss123LB/frontendIPConfigurations/loadBalancerFrontEnd\"\
        \r\n              }\r\n            }\r\n          }\r\n        ]\r\n     \
        \ },\r\n      \"sku\": {\r\n        \"name\": \"Standard\"\r\n      }\r\n\
        \    }\r\n  ]\r\n}"}
    headers:
      cache-control: [no-cache]
      content-length: ['13881']
      content-type: [application/json; charset=utf-8]
      date: ['Wed, 10 Jan 2018 19:33:51 GMT']
      expires: ['-1']
      pragma: [no-cache]
      server: [Microsoft-HTTPAPI/2.0, Microsoft-HTTPAPI/2.0]
      strict-transport-security: [max-age=31536000; includeSubDomains]
      transfer-encoding: [chunked]
      vary: [Accept-Encoding]
    status: {code: 200, message: OK}
- request:
    body: null
    headers:
      Accept: [application/json]
      Accept-Encoding: ['gzip, deflate']
      CommandName: [network public-ip list]
      Connection: [keep-alive]
      Content-Type: [application/json; charset=utf-8]
      User-Agent: [python/3.5.3 (Windows-10-10.0.16299-SP0) requests/2.18.4 msrest/0.4.23
          msrest_azure/0.4.19 networkmanagementclient/1.7.0 Azure-SDK-For-Python AZURECLI/2.0.25]
      accept-language: [en-US]
    method: GET
    uri: https://management.azure.com/subscriptions/00000000-0000-0000-0000-000000000000/resourceGroups/cli_test_vmss_zones000001/providers/Microsoft.Network/publicIPAddresses?api-version=2017-11-01
  response:
    body: {string: "{\r\n  \"value\": [\r\n    {\r\n      \"name\": \"vmss123LBPublicIP\"\
        ,\r\n      \"id\": \"/subscriptions/00000000-0000-0000-0000-000000000000/resourceGroups/cli_test_vmss_zones000001/providers/Microsoft.Network/publicIPAddresses/vmss123LBPublicIP\"\
        ,\r\n      \"etag\": \"W/\\\"75ca73c9-97b2-474f-96f9-fc9aa35a2643\\\"\",\r\
        \n      \"location\": \"eastus2\",\r\n      \"tags\": {},\r\n      \"properties\"\
        : {\r\n        \"provisioningState\": \"Succeeded\",\r\n        \"resourceGuid\"\
        : \"c23eee4d-4072-4064-8702-5655090c4977\",\r\n        \"ipAddress\": \"40.67.159.141\"\
        ,\r\n        \"publicIPAddressVersion\": \"IPv4\",\r\n        \"publicIPAllocationMethod\"\
        : \"Static\",\r\n        \"idleTimeoutInMinutes\": 4,\r\n        \"ipTags\"\
        : [],\r\n        \"ipConfiguration\": {\r\n          \"id\": \"/subscriptions/00000000-0000-0000-0000-000000000000/resourceGroups/cli_test_vmss_zones000001/providers/Microsoft.Network/loadBalancers/vmss123LB/frontendIPConfigurations/loadBalancerFrontEnd\"\
        \r\n        }\r\n      },\r\n      \"type\": \"Microsoft.Network/publicIPAddresses\"\
        ,\r\n      \"sku\": {\r\n        \"name\": \"Standard\"\r\n      }\r\n   \
        \ }\r\n  ]\r\n}"}
    headers:
      cache-control: [no-cache]
      content-length: ['1143']
      content-type: [application/json; charset=utf-8]
      date: ['Wed, 10 Jan 2018 19:33:51 GMT']
      expires: ['-1']
      pragma: [no-cache]
      server: [Microsoft-HTTPAPI/2.0, Microsoft-HTTPAPI/2.0]
      strict-transport-security: [max-age=31536000; includeSubDomains]
      transfer-encoding: [chunked]
      vary: [Accept-Encoding]
    status: {code: 200, message: OK}
- request:
    body: null
    headers:
      Accept: [application/json]
      Accept-Encoding: ['gzip, deflate']
      CommandName: [group delete]
      Connection: [keep-alive]
      Content-Length: ['0']
      Content-Type: [application/json; charset=utf-8]
      User-Agent: [python/3.5.3 (Windows-10-10.0.16299-SP0) requests/2.18.4 msrest/0.4.23
          msrest_azure/0.4.19 resourcemanagementclient/1.2.1 Azure-SDK-For-Python
          AZURECLI/2.0.25]
      accept-language: [en-US]
    method: DELETE
    uri: https://management.azure.com/subscriptions/00000000-0000-0000-0000-000000000000/resourcegroups/cli_test_vmss_zones000001?api-version=2017-05-10
  response:
    body: {string: ''}
    headers:
      cache-control: [no-cache]
      content-length: ['0']
      date: ['Wed, 10 Jan 2018 19:33:53 GMT']
      expires: ['-1']
      location: ['https://management.azure.com/subscriptions/00000000-0000-0000-0000-000000000000/operationresults/eyJqb2JJZCI6IlJFU09VUkNFR1JPVVBERUxFVElPTkpPQi1DTEk6NUZURVNUOjVGVk1TUzo1RlpPTkVTSzY1RDY2M1ZRTTZZT0hUWTJOSE9KWHwxODc2RkQxMTMxODY4OTNGLUVBU1RVUzIiLCJqb2JMb2NhdGlvbiI6ImVhc3R1czIifQ?api-version=2017-05-10']
      pragma: [no-cache]
      strict-transport-security: [max-age=31536000; includeSubDomains]
      x-ms-ratelimit-remaining-subscription-writes: ['1198']
    status: {code: 202, message: Accepted}
version: 1
