interactions:
- request:
    body: '{"location": "westus", "tags": {"use": "az-test"}}'
    headers:
      Accept: [application/json]
      Accept-Encoding: ['gzip, deflate']
      CommandName: [group create]
      Connection: [keep-alive]
      Content-Length: ['50']
      Content-Type: [application/json; charset=utf-8]
      User-Agent: [python/3.5.3 (Windows-10-10.0.16299-SP0) requests/2.18.4 msrest/0.4.22
          msrest_azure/0.4.19 resourcemanagementclient/1.2.1 Azure-SDK-For-Python
          AZURECLI/2.0.24]
      accept-language: [en-US]
    method: PUT
    uri: https://management.azure.com/subscriptions/00000000-0000-0000-0000-000000000000/resourcegroups/cli_test_vmss_create_existing_ids000001?api-version=2017-05-10
  response:
    body: {string: '{"id":"/subscriptions/00000000-0000-0000-0000-000000000000/resourceGroups/cli_test_vmss_create_existing_ids000001","name":"cli_test_vmss_create_existing_ids000001","location":"westus","tags":{"use":"az-test"},"properties":{"provisioningState":"Succeeded"}}'}
    headers:
      cache-control: [no-cache]
      content-length: ['328']
      content-type: [application/json; charset=utf-8]
      date: ['Tue, 19 Dec 2017 04:28:12 GMT']
      expires: ['-1']
      pragma: [no-cache]
      strict-transport-security: [max-age=31536000; includeSubDomains]
      x-ms-ratelimit-remaining-subscription-writes: ['1188']
    status: {code: 201, message: Created}
- request:
    body: null
    headers:
      Accept: [application/json]
      Accept-Encoding: ['gzip, deflate']
      CommandName: [network vnet create]
      Connection: [keep-alive]
      Content-Type: [application/json; charset=utf-8]
      User-Agent: [python/3.5.3 (Windows-10-10.0.16299-SP0) requests/2.18.4 msrest/0.4.22
          msrest_azure/0.4.19 resourcemanagementclient/1.2.1 Azure-SDK-For-Python
          AZURECLI/2.0.24]
      accept-language: [en-US]
    method: GET
    uri: https://management.azure.com/subscriptions/00000000-0000-0000-0000-000000000000/resourcegroups/cli_test_vmss_create_existing_ids000001?api-version=2017-05-10
  response:
    body: {string: '{"id":"/subscriptions/00000000-0000-0000-0000-000000000000/resourceGroups/cli_test_vmss_create_existing_ids000001","name":"cli_test_vmss_create_existing_ids000001","location":"westus","tags":{"use":"az-test"},"properties":{"provisioningState":"Succeeded"}}'}
    headers:
      cache-control: [no-cache]
      content-length: ['328']
      content-type: [application/json; charset=utf-8]
      date: ['Tue, 19 Dec 2017 04:28:13 GMT']
      expires: ['-1']
      pragma: [no-cache]
      strict-transport-security: [max-age=31536000; includeSubDomains]
      vary: [Accept-Encoding]
    status: {code: 200, message: OK}
- request:
    body: '{"tags": {}, "properties": {"dhcpOptions": {}, "addressSpace": {"addressPrefixes":
      ["10.0.0.0/16"]}, "subnets": [{"name": "vrfsubnet", "properties": {"addressPrefix":
      "10.0.0.0/24"}}]}, "location": "westus"}'
    headers:
      Accept: [application/json]
      Accept-Encoding: ['gzip, deflate']
      CommandName: [network vnet create]
      Connection: [keep-alive]
      Content-Length: ['207']
      Content-Type: [application/json; charset=utf-8]
      User-Agent: [python/3.5.3 (Windows-10-10.0.16299-SP0) requests/2.18.4 msrest/0.4.22
          msrest_azure/0.4.19 networkmanagementclient/1.7.0 Azure-SDK-For-Python AZURECLI/2.0.24]
      accept-language: [en-US]
    method: PUT
    uri: https://management.azure.com/subscriptions/00000000-0000-0000-0000-000000000000/resourceGroups/cli_test_vmss_create_existing_ids000001/providers/Microsoft.Network/virtualNetworks/vrfvnet?api-version=2017-11-01
  response:
    body: {string: "{\r\n  \"name\": \"vrfvnet\",\r\n  \"id\": \"/subscriptions/00000000-0000-0000-0000-000000000000/resourceGroups/cli_test_vmss_create_existing_ids000001/providers/Microsoft.Network/virtualNetworks/vrfvnet\"\
        ,\r\n  \"etag\": \"W/\\\"ea87ca4c-697e-45e3-a25f-8cbbe2a1e6a4\\\"\",\r\n \
        \ \"type\": \"Microsoft.Network/virtualNetworks\",\r\n  \"location\": \"westus\"\
        ,\r\n  \"tags\": {},\r\n  \"properties\": {\r\n    \"provisioningState\":\
        \ \"Updating\",\r\n    \"resourceGuid\": \"fa680000-0fe8-4fbb-882f-9986007af5f5\"\
        ,\r\n    \"addressSpace\": {\r\n      \"addressPrefixes\": [\r\n        \"\
        10.0.0.0/16\"\r\n      ]\r\n    },\r\n    \"dhcpOptions\": {\r\n      \"dnsServers\"\
        : []\r\n    },\r\n    \"subnets\": [\r\n      {\r\n        \"name\": \"vrfsubnet\"\
        ,\r\n        \"id\": \"/subscriptions/00000000-0000-0000-0000-000000000000/resourceGroups/cli_test_vmss_create_existing_ids000001/providers/Microsoft.Network/virtualNetworks/vrfvnet/subnets/vrfsubnet\"\
        ,\r\n        \"etag\": \"W/\\\"ea87ca4c-697e-45e3-a25f-8cbbe2a1e6a4\\\"\"\
        ,\r\n        \"properties\": {\r\n          \"provisioningState\": \"Updating\"\
        ,\r\n          \"addressPrefix\": \"10.0.0.0/24\"\r\n        }\r\n      }\r\
        \n    ],\r\n    \"virtualNetworkPeerings\": [],\r\n    \"enableDdosProtection\"\
        : false,\r\n    \"enableVmProtection\": false\r\n  }\r\n}"}
    headers:
      azure-asyncoperation: ['https://management.azure.com/subscriptions/00000000-0000-0000-0000-000000000000/providers/Microsoft.Network/locations/westus/operations/3b67ff30-0482-47ae-998a-acfebc937396?api-version=2017-11-01']
      cache-control: [no-cache]
      content-length: ['1240']
      content-type: [application/json; charset=utf-8]
      date: ['Tue, 19 Dec 2017 04:28:14 GMT']
      expires: ['-1']
      pragma: [no-cache]
      server: [Microsoft-HTTPAPI/2.0, Microsoft-HTTPAPI/2.0]
      strict-transport-security: [max-age=31536000; includeSubDomains]
      x-ms-ratelimit-remaining-subscription-writes: ['1179']
    status: {code: 201, message: Created}
- request:
    body: null
    headers:
      Accept: [application/json]
      Accept-Encoding: ['gzip, deflate']
      CommandName: [network vnet create]
      Connection: [keep-alive]
      Content-Type: [application/json; charset=utf-8]
      User-Agent: [python/3.5.3 (Windows-10-10.0.16299-SP0) requests/2.18.4 msrest/0.4.22
          msrest_azure/0.4.19 networkmanagementclient/1.7.0 Azure-SDK-For-Python AZURECLI/2.0.24]
      accept-language: [en-US]
    method: GET
    uri: https://management.azure.com/subscriptions/00000000-0000-0000-0000-000000000000/providers/Microsoft.Network/locations/westus/operations/3b67ff30-0482-47ae-998a-acfebc937396?api-version=2017-11-01
  response:
    body: {string: "{\r\n  \"status\": \"Succeeded\"\r\n}"}
    headers:
      cache-control: [no-cache]
      content-length: ['29']
      content-type: [application/json; charset=utf-8]
      date: ['Tue, 19 Dec 2017 04:28:18 GMT']
      expires: ['-1']
      pragma: [no-cache]
      server: [Microsoft-HTTPAPI/2.0, Microsoft-HTTPAPI/2.0]
      strict-transport-security: [max-age=31536000; includeSubDomains]
      transfer-encoding: [chunked]
      vary: [Accept-Encoding]
    status: {code: 200, message: OK}
- request:
    body: null
    headers:
      Accept: [application/json]
      Accept-Encoding: ['gzip, deflate']
      CommandName: [network vnet create]
      Connection: [keep-alive]
      Content-Type: [application/json; charset=utf-8]
      User-Agent: [python/3.5.3 (Windows-10-10.0.16299-SP0) requests/2.18.4 msrest/0.4.22
          msrest_azure/0.4.19 networkmanagementclient/1.7.0 Azure-SDK-For-Python AZURECLI/2.0.24]
      accept-language: [en-US]
    method: GET
    uri: https://management.azure.com/subscriptions/00000000-0000-0000-0000-000000000000/resourceGroups/cli_test_vmss_create_existing_ids000001/providers/Microsoft.Network/virtualNetworks/vrfvnet?api-version=2017-11-01
  response:
    body: {string: "{\r\n  \"name\": \"vrfvnet\",\r\n  \"id\": \"/subscriptions/00000000-0000-0000-0000-000000000000/resourceGroups/cli_test_vmss_create_existing_ids000001/providers/Microsoft.Network/virtualNetworks/vrfvnet\"\
        ,\r\n  \"etag\": \"W/\\\"3dd1c038-ee17-45c9-b48d-e7ae292caf01\\\"\",\r\n \
        \ \"type\": \"Microsoft.Network/virtualNetworks\",\r\n  \"location\": \"westus\"\
        ,\r\n  \"tags\": {},\r\n  \"properties\": {\r\n    \"provisioningState\":\
        \ \"Succeeded\",\r\n    \"resourceGuid\": \"fa680000-0fe8-4fbb-882f-9986007af5f5\"\
        ,\r\n    \"addressSpace\": {\r\n      \"addressPrefixes\": [\r\n        \"\
        10.0.0.0/16\"\r\n      ]\r\n    },\r\n    \"dhcpOptions\": {\r\n      \"dnsServers\"\
        : []\r\n    },\r\n    \"subnets\": [\r\n      {\r\n        \"name\": \"vrfsubnet\"\
        ,\r\n        \"id\": \"/subscriptions/00000000-0000-0000-0000-000000000000/resourceGroups/cli_test_vmss_create_existing_ids000001/providers/Microsoft.Network/virtualNetworks/vrfvnet/subnets/vrfsubnet\"\
        ,\r\n        \"etag\": \"W/\\\"3dd1c038-ee17-45c9-b48d-e7ae292caf01\\\"\"\
        ,\r\n        \"properties\": {\r\n          \"provisioningState\": \"Succeeded\"\
        ,\r\n          \"addressPrefix\": \"10.0.0.0/24\"\r\n        }\r\n      }\r\
        \n    ],\r\n    \"virtualNetworkPeerings\": [],\r\n    \"enableDdosProtection\"\
        : false,\r\n    \"enableVmProtection\": false\r\n  }\r\n}"}
    headers:
      cache-control: [no-cache]
      content-length: ['1242']
      content-type: [application/json; charset=utf-8]
      date: ['Tue, 19 Dec 2017 04:28:18 GMT']
      etag: [W/"3dd1c038-ee17-45c9-b48d-e7ae292caf01"]
      expires: ['-1']
      pragma: [no-cache]
      server: [Microsoft-HTTPAPI/2.0, Microsoft-HTTPAPI/2.0]
      strict-transport-security: [max-age=31536000; includeSubDomains]
      transfer-encoding: [chunked]
      vary: [Accept-Encoding]
    status: {code: 200, message: OK}
- request:
    body: null
    headers:
      Accept: [application/json]
      Accept-Encoding: ['gzip, deflate']
      CommandName: [network lb create]
      Connection: [keep-alive]
      Content-Type: [application/json; charset=utf-8]
      User-Agent: [python/3.5.3 (Windows-10-10.0.16299-SP0) requests/2.18.4 msrest/0.4.22
          msrest_azure/0.4.19 resourcemanagementclient/1.2.1 Azure-SDK-For-Python
          AZURECLI/2.0.24]
      accept-language: [en-US]
    method: GET
    uri: https://management.azure.com/subscriptions/00000000-0000-0000-0000-000000000000/resourcegroups/cli_test_vmss_create_existing_ids000001?api-version=2017-05-10
  response:
    body: {string: '{"id":"/subscriptions/00000000-0000-0000-0000-000000000000/resourceGroups/cli_test_vmss_create_existing_ids000001","name":"cli_test_vmss_create_existing_ids000001","location":"westus","tags":{"use":"az-test"},"properties":{"provisioningState":"Succeeded"}}'}
    headers:
      cache-control: [no-cache]
      content-length: ['328']
      content-type: [application/json; charset=utf-8]
      date: ['Tue, 19 Dec 2017 04:28:19 GMT']
      expires: ['-1']
      pragma: [no-cache]
      strict-transport-security: [max-age=31536000; includeSubDomains]
      vary: [Accept-Encoding]
    status: {code: 200, message: OK}
- request:
    body: null
    headers:
      Accept: [application/json]
      Accept-Encoding: ['gzip, deflate']
      CommandName: [network lb create]
      Connection: [keep-alive]
      Content-Type: [application/json; charset=utf-8]
      User-Agent: [python/3.5.3 (Windows-10-10.0.16299-SP0) requests/2.18.4 msrest/0.4.22
          msrest_azure/0.4.19 resourcemanagementclient/1.2.1 Azure-SDK-For-Python
          AZURECLI/2.0.24]
      accept-language: [en-US]
    method: GET
    uri: https://management.azure.com/subscriptions/00000000-0000-0000-0000-000000000000/resources?$filter=resourceGroup%20eq%20%27cli_test_vmss_create_existing_ids000001%27%20and%20name%20eq%20%27None%27%20and%20resourceType%20eq%20%27Microsoft.Network%2FpublicIPAddresses%27&api-version=2017-05-10
  response:
    body: {string: '{"value":[]}'}
    headers:
      cache-control: [no-cache]
      content-length: ['12']
      content-type: [application/json; charset=utf-8]
      date: ['Tue, 19 Dec 2017 04:28:19 GMT']
      expires: ['-1']
      pragma: [no-cache]
      strict-transport-security: [max-age=31536000; includeSubDomains]
      vary: [Accept-Encoding]
    status: {code: 200, message: OK}
- request:
    body: 'b''{"properties": {"template": {"$schema": "https://schema.management.azure.com/schemas/2015-01-01/deploymentTemplate.json#",
      "outputs": {"loadBalancer": {"value": "[reference(\''vrflb\'')]", "type": "object"}},
      "parameters": {}, "resources": [{"sku": {"name": "Basic"}, "dependsOn": [],
      "type": "Microsoft.Network/publicIPAddresses", "location": "westus", "apiVersion":
      "2017-11-01", "name": "PublicIPvrflb", "properties": {"publicIPAllocationMethod":
      "Dynamic"}, "tags": {}}, {"sku": {"name": "Basic"}, "dependsOn": ["Microsoft.Network/publicIpAddresses/PublicIPvrflb"],
      "type": "Microsoft.Network/loadBalancers", "location": "westus", "apiVersion":
      "2017-11-01", "name": "vrflb", "properties": {"backendAddressPools": [{"name":
      "mybepool"}], "frontendIPConfigurations": [{"name": "LoadBalancerFrontEnd",
      "properties": {"publicIPAddress": {"id": "/subscriptions/00000000-0000-0000-0000-000000000000/resourceGroups/cli_test_vmss_create_existing_ids000001/providers/Microsoft.Network/publicIPAddresses/PublicIPvrflb"}}}]},
      "tags": {}}], "variables": {}, "contentVersion": "1.0.0.0"}, "parameters": {},
      "mode": "Incremental"}}'''
    headers:
      Accept: [application/json]
      Accept-Encoding: ['gzip, deflate']
      CommandName: [network lb create]
      Connection: [keep-alive]
      Content-Length: ['1154']
      Content-Type: [application/json; charset=utf-8]
      User-Agent: [python/3.5.3 (Windows-10-10.0.16299-SP0) requests/2.18.4 msrest/0.4.22
          msrest_azure/0.4.19 resourcemanagementclient/1.2.1 Azure-SDK-For-Python
          AZURECLI/2.0.24]
      accept-language: [en-US]
    method: PUT
    uri: https://management.azure.com/subscriptions/00000000-0000-0000-0000-000000000000/resourcegroups/cli_test_vmss_create_existing_ids000001/providers/Microsoft.Resources/deployments/mock-deployment?api-version=2017-05-10
  response:
    body: {string: '{"id":"/subscriptions/00000000-0000-0000-0000-000000000000/resourceGroups/cli_test_vmss_create_existing_ids000001/providers/Microsoft.Resources/deployments/lb_deploy_EPpdzRmJ23PXfyirRDEu3DvYUX1XhB9a","name":"lb_deploy_EPpdzRmJ23PXfyirRDEu3DvYUX1XhB9a","properties":{"templateHash":"8525878946963380124","parameters":{},"mode":"Incremental","provisioningState":"Accepted","timestamp":"2017-12-19T04:28:22.1942457Z","duration":"PT0.5999794S","correlationId":"5aeebd8e-43a9-4d6c-aa7d-51b8914ee0b5","providers":[{"namespace":"Microsoft.Network","resourceTypes":[{"resourceType":"publicIPAddresses","locations":["westus"]},{"resourceType":"loadBalancers","locations":["westus"]}]}],"dependencies":[{"dependsOn":[{"id":"/subscriptions/00000000-0000-0000-0000-000000000000/resourceGroups/cli_test_vmss_create_existing_ids000001/providers/Microsoft.Network/publicIPAddresses/PublicIPvrflb","resourceType":"Microsoft.Network/publicIPAddresses","resourceName":"PublicIPvrflb"}],"id":"/subscriptions/00000000-0000-0000-0000-000000000000/resourceGroups/cli_test_vmss_create_existing_ids000001/providers/Microsoft.Network/loadBalancers/vrflb","resourceType":"Microsoft.Network/loadBalancers","resourceName":"vrflb"}]}}'}
    headers:
      azure-asyncoperation: ['https://management.azure.com/subscriptions/00000000-0000-0000-0000-000000000000/resourcegroups/cli_test_vmss_create_existing_ids000001/providers/Microsoft.Resources/deployments/lb_deploy_EPpdzRmJ23PXfyirRDEu3DvYUX1XhB9a/operationStatuses/08586879491838833472?api-version=2017-05-10']
      cache-control: [no-cache]
      content-length: ['1313']
      content-type: [application/json; charset=utf-8]
      date: ['Tue, 19 Dec 2017 04:28:22 GMT']
      expires: ['-1']
      pragma: [no-cache]
      strict-transport-security: [max-age=31536000; includeSubDomains]
      x-ms-ratelimit-remaining-subscription-writes: ['1196']
    status: {code: 201, message: Created}
- request:
    body: null
    headers:
      Accept: [application/json]
      Accept-Encoding: ['gzip, deflate']
      CommandName: [network lb create]
      Connection: [keep-alive]
      Content-Type: [application/json; charset=utf-8]
      User-Agent: [python/3.5.3 (Windows-10-10.0.16299-SP0) requests/2.18.4 msrest/0.4.22
          msrest_azure/0.4.19 resourcemanagementclient/1.2.1 Azure-SDK-For-Python
          AZURECLI/2.0.24]
      accept-language: [en-US]
    method: GET
    uri: https://management.azure.com/subscriptions/00000000-0000-0000-0000-000000000000/resourcegroups/cli_test_vmss_create_existing_ids000001/providers/Microsoft.Resources/deployments/mock-deployment/operationStatuses/08586879491838833472?api-version=2017-05-10
  response:
    body: {string: '{"status":"Succeeded"}'}
    headers:
      cache-control: [no-cache]
      content-length: ['22']
      content-type: [application/json; charset=utf-8]
      date: ['Tue, 19 Dec 2017 04:28:52 GMT']
      expires: ['-1']
      pragma: [no-cache]
      strict-transport-security: [max-age=31536000; includeSubDomains]
      vary: [Accept-Encoding]
    status: {code: 200, message: OK}
- request:
    body: null
    headers:
      Accept: [application/json]
      Accept-Encoding: ['gzip, deflate']
      CommandName: [network lb create]
      Connection: [keep-alive]
      Content-Type: [application/json; charset=utf-8]
      User-Agent: [python/3.5.3 (Windows-10-10.0.16299-SP0) requests/2.18.4 msrest/0.4.22
          msrest_azure/0.4.19 resourcemanagementclient/1.2.1 Azure-SDK-For-Python
          AZURECLI/2.0.24]
      accept-language: [en-US]
    method: GET
    uri: https://management.azure.com/subscriptions/00000000-0000-0000-0000-000000000000/resourcegroups/cli_test_vmss_create_existing_ids000001/providers/Microsoft.Resources/deployments/mock-deployment?api-version=2017-05-10
  response:
    body: {string: '{"id":"/subscriptions/00000000-0000-0000-0000-000000000000/resourceGroups/cli_test_vmss_create_existing_ids000001/providers/Microsoft.Resources/deployments/lb_deploy_EPpdzRmJ23PXfyirRDEu3DvYUX1XhB9a","name":"lb_deploy_EPpdzRmJ23PXfyirRDEu3DvYUX1XhB9a","properties":{"templateHash":"8525878946963380124","parameters":{},"mode":"Incremental","provisioningState":"Succeeded","timestamp":"2017-12-19T04:28:39.083638Z","duration":"PT17.4893717S","correlationId":"5aeebd8e-43a9-4d6c-aa7d-51b8914ee0b5","providers":[{"namespace":"Microsoft.Network","resourceTypes":[{"resourceType":"publicIPAddresses","locations":["westus"]},{"resourceType":"loadBalancers","locations":["westus"]}]}],"dependencies":[{"dependsOn":[{"id":"/subscriptions/00000000-0000-0000-0000-000000000000/resourceGroups/cli_test_vmss_create_existing_ids000001/providers/Microsoft.Network/publicIPAddresses/PublicIPvrflb","resourceType":"Microsoft.Network/publicIPAddresses","resourceName":"PublicIPvrflb"}],"id":"/subscriptions/00000000-0000-0000-0000-000000000000/resourceGroups/cli_test_vmss_create_existing_ids000001/providers/Microsoft.Network/loadBalancers/vrflb","resourceType":"Microsoft.Network/loadBalancers","resourceName":"vrflb"}],"outputs":{"loadBalancer":{"type":"Object","value":{"provisioningState":"Succeeded","resourceGuid":"24237226-b491-4fe1-9b64-bedf3161c4b9","frontendIPConfigurations":[{"name":"LoadBalancerFrontEnd","id":"/subscriptions/00000000-0000-0000-0000-000000000000/resourceGroups/cli_test_vmss_create_existing_ids000001/providers/Microsoft.Network/loadBalancers/vrflb/frontendIPConfigurations/LoadBalancerFrontEnd","etag":"W/\"62fc01cc-cb9a-4ac8-b8f2-551643fe994d\"","properties":{"provisioningState":"Succeeded","privateIPAllocationMethod":"Dynamic","publicIPAddress":{"id":"/subscriptions/00000000-0000-0000-0000-000000000000/resourceGroups/cli_test_vmss_create_existing_ids000001/providers/Microsoft.Network/publicIPAddresses/PublicIPvrflb"}}}],"backendAddressPools":[{"name":"mybepool","id":"/subscriptions/00000000-0000-0000-0000-000000000000/resourceGroups/cli_test_vmss_create_existing_ids000001/providers/Microsoft.Network/loadBalancers/vrflb/backendAddressPools/mybepool","etag":"W/\"62fc01cc-cb9a-4ac8-b8f2-551643fe994d\"","properties":{"provisioningState":"Succeeded"}}],"loadBalancingRules":[],"probes":[],"inboundNatRules":[],"outboundNatRules":[],"inboundNatPools":[]}}},"outputResources":[{"id":"/subscriptions/00000000-0000-0000-0000-000000000000/resourceGroups/cli_test_vmss_create_existing_ids000001/providers/Microsoft.Network/loadBalancers/vrflb"},{"id":"/subscriptions/00000000-0000-0000-0000-000000000000/resourceGroups/cli_test_vmss_create_existing_ids000001/providers/Microsoft.Network/publicIPAddresses/PublicIPvrflb"}]}}'}
    headers:
      cache-control: [no-cache]
      content-length: ['3029']
      content-type: [application/json; charset=utf-8]
      date: ['Tue, 19 Dec 2017 04:28:52 GMT']
      expires: ['-1']
      pragma: [no-cache]
      strict-transport-security: [max-age=31536000; includeSubDomains]
      vary: [Accept-Encoding]
    status: {code: 200, message: OK}
- request:
    body: null
    headers:
      Accept: [application/json]
      Accept-Encoding: ['gzip, deflate']
      CommandName: [network lb create]
      Connection: [keep-alive]
      Content-Type: [application/json; charset=utf-8]
      User-Agent: [python/3.5.3 (Windows-10-10.0.16299-SP0) requests/2.18.4 msrest/0.4.22
          msrest_azure/0.4.19 subscriptionclient/1.2.1 Azure-SDK-For-Python AZURECLI/2.0.24]
      accept-language: [en-US]
    method: GET
    uri: https://management.azure.com/subscriptions/00000000-0000-0000-0000-000000000000/locations?api-version=2016-06-01
  response:
    body: {string: '{"value":[{"id":"/subscriptions/00000000-0000-0000-0000-000000000000/locations/eastasia","name":"eastasia","displayName":"East
        Asia","longitude":"114.188","latitude":"22.267"},{"id":"/subscriptions/00000000-0000-0000-0000-000000000000/locations/southeastasia","name":"southeastasia","displayName":"Southeast
        Asia","longitude":"103.833","latitude":"1.283"},{"id":"/subscriptions/00000000-0000-0000-0000-000000000000/locations/centralus","name":"centralus","displayName":"Central
        US","longitude":"-93.6208","latitude":"41.5908"},{"id":"/subscriptions/00000000-0000-0000-0000-000000000000/locations/eastus","name":"eastus","displayName":"East
        US","longitude":"-79.8164","latitude":"37.3719"},{"id":"/subscriptions/00000000-0000-0000-0000-000000000000/locations/eastus2","name":"eastus2","displayName":"East
        US 2","longitude":"-78.3889","latitude":"36.6681"},{"id":"/subscriptions/00000000-0000-0000-0000-000000000000/locations/westus","name":"westus","displayName":"West
        US","longitude":"-122.417","latitude":"37.783"},{"id":"/subscriptions/00000000-0000-0000-0000-000000000000/locations/northcentralus","name":"northcentralus","displayName":"North
        Central US","longitude":"-87.6278","latitude":"41.8819"},{"id":"/subscriptions/00000000-0000-0000-0000-000000000000/locations/southcentralus","name":"southcentralus","displayName":"South
        Central US","longitude":"-98.5","latitude":"29.4167"},{"id":"/subscriptions/00000000-0000-0000-0000-000000000000/locations/northeurope","name":"northeurope","displayName":"North
        Europe","longitude":"-6.2597","latitude":"53.3478"},{"id":"/subscriptions/00000000-0000-0000-0000-000000000000/locations/westeurope","name":"westeurope","displayName":"West
        Europe","longitude":"4.9","latitude":"52.3667"},{"id":"/subscriptions/00000000-0000-0000-0000-000000000000/locations/japanwest","name":"japanwest","displayName":"Japan
        West","longitude":"135.5022","latitude":"34.6939"},{"id":"/subscriptions/00000000-0000-0000-0000-000000000000/locations/japaneast","name":"japaneast","displayName":"Japan
        East","longitude":"139.77","latitude":"35.68"},{"id":"/subscriptions/00000000-0000-0000-0000-000000000000/locations/brazilsouth","name":"brazilsouth","displayName":"Brazil
        South","longitude":"-46.633","latitude":"-23.55"},{"id":"/subscriptions/00000000-0000-0000-0000-000000000000/locations/australiaeast","name":"australiaeast","displayName":"Australia
        East","longitude":"151.2094","latitude":"-33.86"},{"id":"/subscriptions/00000000-0000-0000-0000-000000000000/locations/australiasoutheast","name":"australiasoutheast","displayName":"Australia
        Southeast","longitude":"144.9631","latitude":"-37.8136"},{"id":"/subscriptions/00000000-0000-0000-0000-000000000000/locations/southindia","name":"southindia","displayName":"South
        India","longitude":"80.1636","latitude":"12.9822"},{"id":"/subscriptions/00000000-0000-0000-0000-000000000000/locations/centralindia","name":"centralindia","displayName":"Central
        India","longitude":"73.9197","latitude":"18.5822"},{"id":"/subscriptions/00000000-0000-0000-0000-000000000000/locations/westindia","name":"westindia","displayName":"West
        India","longitude":"72.868","latitude":"19.088"},{"id":"/subscriptions/00000000-0000-0000-0000-000000000000/locations/canadacentral","name":"canadacentral","displayName":"Canada
        Central","longitude":"-79.383","latitude":"43.653"},{"id":"/subscriptions/00000000-0000-0000-0000-000000000000/locations/canadaeast","name":"canadaeast","displayName":"Canada
        East","longitude":"-71.217","latitude":"46.817"},{"id":"/subscriptions/00000000-0000-0000-0000-000000000000/locations/uksouth","name":"uksouth","displayName":"UK
        South","longitude":"-0.799","latitude":"50.941"},{"id":"/subscriptions/00000000-0000-0000-0000-000000000000/locations/ukwest","name":"ukwest","displayName":"UK
        West","longitude":"-3.084","latitude":"53.427"},{"id":"/subscriptions/00000000-0000-0000-0000-000000000000/locations/westcentralus","name":"westcentralus","displayName":"West
        Central US","longitude":"-110.234","latitude":"40.890"},{"id":"/subscriptions/00000000-0000-0000-0000-000000000000/locations/westus2","name":"westus2","displayName":"West
        US 2","longitude":"-119.852","latitude":"47.233"},{"id":"/subscriptions/00000000-0000-0000-0000-000000000000/locations/koreacentral","name":"koreacentral","displayName":"Korea
        Central","longitude":"126.9780","latitude":"37.5665"},{"id":"/subscriptions/00000000-0000-0000-0000-000000000000/locations/koreasouth","name":"koreasouth","displayName":"Korea
        South","longitude":"129.0756","latitude":"35.1796"}]}'}
    headers:
      cache-control: [no-cache]
      content-length: ['4523']
      content-type: [application/json; charset=utf-8]
      date: ['Tue, 19 Dec 2017 04:28:54 GMT']
      expires: ['-1']
      pragma: [no-cache]
      strict-transport-security: [max-age=31536000; includeSubDomains]
      vary: [Accept-Encoding]
    status: {code: 200, message: OK}
- request:
    body: null
    headers:
      Connection: [close]
      Host: [raw.githubusercontent.com]
      User-Agent: [Python-urllib/3.5]
    method: GET
    uri: https://raw.githubusercontent.com/Azure/azure-rest-api-specs/master/arm-compute/quickstart-templates/aliases.json
  response:
    body: {string: "{\n  \"$schema\":\"http://schema.management.azure.com/schemas/2015-01-01/deploymentTemplate.json\"\
        ,\n  \"contentVersion\":\"1.0.0.0\",\n  \"parameters\":{},\n  \"variables\"\
        :{},\n  \"resources\":[],\n\n  \"outputs\":{\n    \"aliases\":{\n      \"\
        type\":\"object\",\n      \"value\":{\n\n        \"Linux\":{\n          \"\
        CentOS\":{\n            \"publisher\":\"OpenLogic\",\n            \"offer\"\
        :\"CentOS\",\n            \"sku\":\"7.3\",\n            \"version\":\"latest\"\
        \n          },\n          \"CoreOS\":{\n            \"publisher\":\"CoreOS\"\
        ,\n            \"offer\":\"CoreOS\",\n            \"sku\":\"Stable\",\n  \
        \          \"version\":\"latest\"\n          },\n          \"Debian\":{\n\
        \            \"publisher\":\"credativ\",\n            \"offer\":\"Debian\"\
        ,\n            \"sku\":\"8\",\n            \"version\":\"latest\"\n      \
        \    },\n          \"openSUSE-Leap\": {\n            \"publisher\":\"SUSE\"\
        ,\n            \"offer\":\"openSUSE-Leap\",\n            \"sku\":\"42.2\"\
        ,\n            \"version\": \"latest\"\n          },\n          \"RHEL\":{\n\
        \            \"publisher\":\"RedHat\",\n            \"offer\":\"RHEL\",\n\
        \            \"sku\":\"7.3\",\n            \"version\":\"latest\"\n      \
        \    },\n          \"SLES\":{\n            \"publisher\":\"SUSE\",\n     \
        \       \"offer\":\"SLES\",\n            \"sku\":\"12-SP2\",\n           \
        \ \"version\":\"latest\"\n          },\n          \"UbuntuLTS\":{\n      \
        \      \"publisher\":\"Canonical\",\n            \"offer\":\"UbuntuServer\"\
        ,\n            \"sku\":\"16.04-LTS\",\n            \"version\":\"latest\"\n\
        \          }\n        },\n\n        \"Windows\":{\n          \"Win2016Datacenter\"\
        :{\n            \"publisher\":\"MicrosoftWindowsServer\",\n            \"\
        offer\":\"WindowsServer\",\n            \"sku\":\"2016-Datacenter\",\n   \
        \         \"version\":\"latest\"\n          },\n          \"Win2012R2Datacenter\"\
        :{\n            \"publisher\":\"MicrosoftWindowsServer\",\n            \"\
        offer\":\"WindowsServer\",\n            \"sku\":\"2012-R2-Datacenter\",\n\
        \            \"version\":\"latest\"\n          },\n          \"Win2012Datacenter\"\
        :{\n            \"publisher\":\"MicrosoftWindowsServer\",\n            \"\
        offer\":\"WindowsServer\",\n            \"sku\":\"2012-Datacenter\",\n   \
        \         \"version\":\"latest\"\n          },\n          \"Win2008R2SP1\"\
        :{\n            \"publisher\":\"MicrosoftWindowsServer\",\n            \"\
        offer\":\"WindowsServer\",\n            \"sku\":\"2008-R2-SP1\",\n       \
        \     \"version\":\"latest\"\n          }\n        }\n      }\n    }\n  }\n\
        }\n"}
    headers:
      accept-ranges: [bytes]
      access-control-allow-origin: ['*']
      cache-control: [max-age=300]
      connection: [close]
      content-length: ['2235']
      content-security-policy: [default-src 'none'; style-src 'unsafe-inline'; sandbox]
      content-type: [text/plain; charset=utf-8]
      date: ['Tue, 19 Dec 2017 04:28:55 GMT']
      etag: ['"d6824855d13e27c5258a680eb60f635d088fd05e"']
      expires: ['Tue, 19 Dec 2017 04:33:55 GMT']
      source-age: ['100']
      strict-transport-security: [max-age=31536000]
      vary: ['Authorization,Accept-Encoding']
      via: [1.1 varnish]
      x-cache: [HIT]
      x-cache-hits: ['1']
      x-content-type-options: [nosniff]
      x-fastly-request-id: [7c8fff289edea16ee0869247a1f9709a7fdcb317]
      x-frame-options: [deny]
      x-geo-block-list: ['']
      x-github-request-id: ['132C:5F8A:BD505:C8D2E:5A389524']
      x-served-by: [cache-sea1041-SEA]
      x-timer: ['S1513657736.826575,VS0,VE1']
      x-xss-protection: [1; mode=block]
    status: {code: 200, message: OK}
- request:
    body: null
    headers:
      Accept: [application/json]
      Accept-Encoding: ['gzip, deflate']
      CommandName: [vmss create]
      Connection: [keep-alive]
      Content-Type: [application/json; charset=utf-8]
      User-Agent: [python/3.5.3 (Windows-10-10.0.16299-SP0) requests/2.18.4 msrest/0.4.22
          msrest_azure/0.4.19 resourcemanagementclient/1.2.1 Azure-SDK-For-Python
          AZURECLI/2.0.24]
      accept-language: [en-US]
    method: GET
    uri: https://management.azure.com/subscriptions/00000000-0000-0000-0000-000000000000/providers/Microsoft.Network?api-version=2017-05-10
  response:
    body: {string: '{"id":"/subscriptions/00000000-0000-0000-0000-000000000000/providers/Microsoft.Network","namespace":"Microsoft.Network","authorizations":[{"applicationId":"2cf9eb86-36b5-49dc-86ae-9a63135dfa8c","roleDefinitionId":"13ba9ab4-19f0-4804-adc4-14ece36cc7a1"},{"applicationId":"7c33bfcb-8d33-48d6-8e60-dc6404003489","roleDefinitionId":"ad6261e4-fa9a-4642-aa5f-104f1b67e9e3"},{"applicationId":"1e3e4475-288f-4018-a376-df66fd7fac5f","roleDefinitionId":"1d538b69-3d87-4e56-8ff8-25786fd48261"},{"applicationId":"a0be0c72-870e-46f0-9c49-c98333a996f7","roleDefinitionId":"7ce22727-ffce-45a9-930c-ddb2e56fa131"}],"resourceTypes":[{"resourceType":"virtualNetworks","locations":["West
        US","East US","North Europe","West Europe","East Asia","Southeast Asia","North
        Central US","South Central US","Central US","East US 2","Japan East","Japan
        West","Brazil South","Australia East","Australia Southeast","Central India","South
        India","West India","Canada Central","Canada East","West Central US","West
        US 2","UK West","UK South","Korea Central","Korea South","Central US EUAP","East
        US 2 EUAP"],"apiVersions":["2017-11-01","2017-10-01","2017-09-01","2017-08-01","2017-06-01","2017-04-01","2017-03-01","2016-12-01","2016-11-01","2016-10-01","2016-09-01","2016-08-01","2016-07-01","2016-06-01","2016-03-30","2015-06-15","2015-05-01-preview","2014-12-01-preview"],"apiProfiles":[{"profileVersion":"2017-03-09-profile","apiVersion":"2015-06-15"}],"capabilities":"CrossResourceGroupResourceMove,
        CrossSubscriptionResourceMove"},{"resourceType":"publicIPAddresses","locations":["West
        US","East US","East Asia","Southeast Asia","North Central US","South Central
        US","Japan East","Japan West","Brazil South","Australia East","Australia Southeast","Central
        India","South India","West India","Canada Central","Canada East","West Central
        US","West US 2","UK West","UK South","Korea Central","Korea South","North
        Europe","West Europe","Central US","East US 2","Central US EUAP","East US
        2 EUAP"],"apiVersions":["2017-11-01","2017-10-01","2017-09-01","2017-08-01","2017-06-01","2017-04-01","2017-03-01","2016-12-01","2016-11-01","2016-10-01","2016-09-01","2016-08-01","2016-07-01","2016-06-01","2016-03-30","2015-06-15","2015-05-01-preview","2014-12-01-preview"],"apiProfiles":[{"profileVersion":"2017-03-09-profile","apiVersion":"2015-06-15"}],"zoneMappings":[{"location":"East
        US 2","zones":["1","2","3"]},{"location":"Central US","zones":["1","2","3"]},{"location":"West
        Europe","zones":["1","2","3"]},{"location":"East US 2 EUAP","zones":["1","2","3"]},{"location":"Central
        US EUAP","zones":["1","2"]}],"capabilities":"CrossResourceGroupResourceMove,
        CrossSubscriptionResourceMove"},{"resourceType":"networkInterfaces","locations":["West
        US","East US","North Europe","West Europe","East Asia","Southeast Asia","North
        Central US","South Central US","Central US","East US 2","Japan East","Japan
        West","Brazil South","Australia East","Australia Southeast","Central India","South
        India","West India","Canada Central","Canada East","West Central US","West
        US 2","UK West","UK South","Korea Central","Korea South","Central US EUAP","East
        US 2 EUAP"],"apiVersions":["2017-11-01","2017-10-01","2017-09-01","2017-08-01","2017-06-01","2017-04-01","2017-03-01","2016-12-01","2016-11-01","2016-10-01","2016-09-01","2016-08-01","2016-07-01","2016-06-01","2016-03-30","2015-06-15","2015-05-01-preview","2014-12-01-preview"],"apiProfiles":[{"profileVersion":"2017-03-09-profile","apiVersion":"2015-06-15"}],"capabilities":"CrossResourceGroupResourceMove,
        CrossSubscriptionResourceMove"},{"resourceType":"loadBalancers","locations":["West
        US","East US","North Europe","West Europe","East Asia","Southeast Asia","North
        Central US","South Central US","Central US","East US 2","Japan East","Japan
        West","Brazil South","Australia East","Australia Southeast","Central India","South
        India","West India","Canada Central","Canada East","West Central US","West
        US 2","UK West","UK South","Korea Central","Korea South","Central US EUAP","East
        US 2 EUAP"],"apiVersions":["2017-11-01","2017-10-01","2017-09-01","2017-08-01","2017-06-01","2017-04-01","2017-03-01","2016-12-01","2016-11-01","2016-10-01","2016-09-01","2016-08-01","2016-07-01","2016-06-01","2016-03-30","2015-06-15","2015-05-01-preview","2014-12-01-preview"],"apiProfiles":[{"profileVersion":"2017-03-09-profile","apiVersion":"2015-06-15"}],"capabilities":"CrossResourceGroupResourceMove,
        CrossSubscriptionResourceMove"},{"resourceType":"networkSecurityGroups","locations":["West
        US","East US","North Europe","West Europe","East Asia","Southeast Asia","North
        Central US","South Central US","Central US","East US 2","Japan East","Japan
        West","Brazil South","Australia East","Australia Southeast","Central India","South
        India","West India","Canada Central","Canada East","West Central US","West
        US 2","UK West","UK South","Korea Central","Korea South","Central US EUAP","East
        US 2 EUAP"],"apiVersions":["2017-11-01","2017-10-01","2017-09-01","2017-08-01","2017-06-01","2017-04-01","2017-03-01","2016-12-01","2016-11-01","2016-10-01","2016-09-01","2016-08-01","2016-07-01","2016-06-01","2016-03-30","2015-06-15","2015-05-01-preview","2014-12-01-preview"],"apiProfiles":[{"profileVersion":"2017-03-09-profile","apiVersion":"2015-06-15"}],"capabilities":"CrossResourceGroupResourceMove,
        CrossSubscriptionResourceMove"},{"resourceType":"applicationSecurityGroups","locations":["West
        US","East US","North Europe","West Europe","East Asia","Southeast Asia","North
        Central US","South Central US","Central US","East US 2","Japan East","Japan
        West","Brazil South","Australia East","Australia Southeast","Central India","South
        India","West India","Canada Central","Canada East","West Central US","West
        US 2","UK West","UK South","Korea Central","Korea South","Central US EUAP","East
        US 2 EUAP"],"apiVersions":["2017-11-01","2017-10-01","2017-09-01"],"apiProfiles":[{"profileVersion":"2017-03-09-profile","apiVersion":"2017-09-01"}],"capabilities":"CrossResourceGroupResourceMove,
        CrossSubscriptionResourceMove"},{"resourceType":"routeTables","locations":["West
        US","East US","North Europe","West Europe","East Asia","Southeast Asia","North
        Central US","South Central US","Central US","East US 2","Japan East","Japan
        West","Brazil South","Australia East","Australia Southeast","Central India","South
        India","West India","Canada Central","Canada East","West Central US","West
        US 2","UK West","UK South","Korea Central","Korea South","Central US EUAP","East
        US 2 EUAP"],"apiVersions":["2017-11-01","2017-10-01","2017-09-01","2017-08-01","2017-06-01","2017-04-01","2017-03-01","2016-12-01","2016-11-01","2016-10-01","2016-09-01","2016-08-01","2016-07-01","2016-06-01","2016-03-30","2015-06-15","2015-05-01-preview","2014-12-01-preview"],"apiProfiles":[{"profileVersion":"2017-03-09-profile","apiVersion":"2015-06-15"}],"capabilities":"CrossResourceGroupResourceMove,
        CrossSubscriptionResourceMove"},{"resourceType":"networkWatchers","locations":["West
        US","East US","North Europe","West Europe","East Asia","Southeast Asia","North
        Central US","South Central US","Central US","East US 2","Japan East","Japan
        West","Brazil South","Australia East","Australia Southeast","Central India","South
        India","West India","Canada Central","Canada East","West Central US","West
        US 2","UK West","UK South","Korea Central","Korea South","Central US EUAP","East
        US 2 EUAP"],"apiVersions":["2017-11-01","2017-10-01","2017-09-01","2017-08-01","2017-06-01","2017-04-01","2017-03-01","2016-12-01","2016-11-01","2016-10-01","2016-09-01","2016-08-01","2016-07-01","2016-06-01","2016-03-30"],"capabilities":"CrossResourceGroupResourceMove,
        CrossSubscriptionResourceMove"},{"resourceType":"networkWatchers/connectionMonitors","locations":["West
        US","East US","North Europe","West Europe","East Asia","Southeast Asia","North
        Central US","South Central US","Central US","East US 2","Japan East","Japan
        West","Brazil South","Australia East","Australia Southeast","Central India","South
        India","West India","Canada Central","Canada East","West Central US","West
        US 2","UK West","UK South","Korea Central","Korea South","Central US EUAP","East
        US 2 EUAP"],"apiVersions":["2017-11-01","2017-10-01","2017-09-01"]},{"resourceType":"virtualNetworkGateways","locations":["West
        US","East US","North Europe","West Europe","East Asia","Southeast Asia","North
        Central US","South Central US","Central US","East US 2","Japan East","Japan
        West","Brazil South","Australia East","Australia Southeast","Central India","South
        India","West India","Canada Central","Canada East","West Central US","West
        US 2","UK West","UK South","Korea Central","Korea South","Central US EUAP","East
        US 2 EUAP"],"apiVersions":["2017-11-01","2017-10-01","2017-09-01","2017-08-01","2017-06-01","2017-04-01","2017-03-01","2016-12-01","2016-11-01","2016-10-01","2016-09-01","2016-08-01","2016-07-01","2016-06-01","2016-03-30","2015-06-15","2015-05-01-preview","2014-12-01-preview"],"apiProfiles":[{"profileVersion":"2017-03-09-profile","apiVersion":"2015-06-15"}],"capabilities":"CrossResourceGroupResourceMove,
        CrossSubscriptionResourceMove"},{"resourceType":"localNetworkGateways","locations":["West
        US","East US","North Europe","West Europe","East Asia","Southeast Asia","North
        Central US","South Central US","Central US","East US 2","Japan East","Japan
        West","Brazil South","Australia East","Australia Southeast","Central India","South
        India","West India","Canada Central","Canada East","West Central US","West
        US 2","UK West","UK South","Korea Central","Korea South","Central US EUAP","East
        US 2 EUAP"],"apiVersions":["2017-11-01","2017-10-01","2017-09-01","2017-08-01","2017-06-01","2017-04-01","2017-03-01","2016-12-01","2016-11-01","2016-10-01","2016-09-01","2016-08-01","2016-07-01","2016-06-01","2016-03-30","2015-06-15","2015-05-01-preview","2014-12-01-preview"],"apiProfiles":[{"profileVersion":"2017-03-09-profile","apiVersion":"2015-06-15"}],"capabilities":"CrossResourceGroupResourceMove,
        CrossSubscriptionResourceMove"},{"resourceType":"connections","locations":["West
        US","East US","North Europe","West Europe","East Asia","Southeast Asia","North
        Central US","South Central US","Central US","East US 2","Japan East","Japan
        West","Brazil South","Australia East","Australia Southeast","Central India","South
        India","West India","Canada Central","Canada East","West Central US","West
        US 2","UK West","UK South","Korea Central","Korea South","Central US EUAP","East
        US 2 EUAP"],"apiVersions":["2017-11-01","2017-10-01","2017-09-01","2017-08-01","2017-06-01","2017-04-01","2017-03-01","2016-12-01","2016-11-01","2016-10-01","2016-09-01","2016-08-01","2016-07-01","2016-06-01","2016-03-30","2015-06-15","2015-05-01-preview","2014-12-01-preview"],"apiProfiles":[{"profileVersion":"2017-03-09-profile","apiVersion":"2015-06-15"}],"capabilities":"CrossResourceGroupResourceMove,
        CrossSubscriptionResourceMove"},{"resourceType":"applicationGateways","locations":["West
        US","East US","North Europe","West Europe","East Asia","Southeast Asia","North
        Central US","South Central US","Central US","East US 2","Japan East","Japan
        West","Brazil South","Australia East","Australia Southeast","Central India","South
        India","West India","Canada Central","Canada East","West Central US","West
        US 2","UK West","UK South","Korea Central","Korea South","Central US EUAP","East
        US 2 EUAP"],"apiVersions":["2017-11-01","2017-10-01","2017-09-01","2017-08-01","2017-06-01","2017-04-01","2017-03-01","2016-12-01","2016-11-01","2016-10-01","2016-09-01","2016-08-01","2016-07-01","2016-06-01","2016-03-30","2015-06-15","2015-05-01-preview","2014-12-01-preview"],"capabilities":"SystemAssignedResourceIdentity"},{"resourceType":"locations","locations":[],"apiVersions":["2017-11-01","2017-10-01","2017-09-01","2017-08-01","2017-06-01","2017-04-01","2017-03-01","2016-12-01","2016-11-01","2016-10-01","2016-09-01","2016-08-01","2016-07-01","2016-06-01","2016-03-30","2015-06-15","2015-05-01-preview","2014-12-01-preview"],"apiProfiles":[{"profileVersion":"2017-03-09-profile","apiVersion":"2015-06-15"}]},{"resourceType":"locations/operations","locations":[],"apiVersions":["2017-11-01","2017-10-01","2017-09-01","2017-08-01","2017-06-01","2017-04-01","2017-03-01","2016-12-01","2016-11-01","2016-10-01","2016-09-01","2016-08-01","2016-07-01","2016-06-01","2016-03-30","2015-06-15","2015-05-01-preview","2014-12-01-preview"],"apiProfiles":[{"profileVersion":"2017-03-09-profile","apiVersion":"2015-06-15"}]},{"resourceType":"locations/operationResults","locations":[],"apiVersions":["2017-11-01","2017-10-01","2017-09-01","2017-08-01","2017-06-01","2017-04-01","2017-03-01","2016-12-01","2016-11-01","2016-10-01","2016-09-01","2016-08-01","2016-07-01","2016-06-01","2016-03-30","2015-06-15","2015-05-01-preview","2014-12-01-preview"],"apiProfiles":[{"profileVersion":"2017-03-09-profile","apiVersion":"2015-06-15"}]},{"resourceType":"locations/CheckDnsNameAvailability","locations":["West
        US","East US","North Europe","West Europe","East Asia","Southeast Asia","North
        Central US","South Central US","Central US","East US 2","Japan East","Japan
        West","Brazil South","Australia East","Australia Southeast","Central India","South
        India","West India","Canada Central","Canada East","West Central US","West
        US 2","UK West","UK South","Korea Central","Korea South","Central US EUAP","East
        US 2 EUAP"],"apiVersions":["2017-11-01","2017-10-01","2017-09-01","2017-08-01","2017-06-01","2017-04-01","2017-03-01","2016-12-01","2016-11-01","2016-10-01","2016-09-01","2016-08-01","2016-07-01","2016-06-01","2016-03-30","2015-06-15","2015-05-01-preview","2014-12-01-preview"]},{"resourceType":"locations/usages","locations":["West
        US","East US","North Europe","West Europe","East Asia","Southeast Asia","North
        Central US","South Central US","Central US","East US 2","Japan East","Japan
        West","Brazil South","Australia East","Australia Southeast","Central India","South
        India","West India","Canada Central","Canada East","West Central US","West
        US 2","UK West","UK South","Korea Central","Korea South","Central US EUAP","East
        US 2 EUAP"],"apiVersions":["2017-11-01","2017-10-01","2017-09-01","2017-08-01","2017-06-01","2017-04-01","2017-03-01","2016-12-01","2016-11-01","2016-10-01","2016-09-01","2016-08-01","2016-07-01","2016-06-01","2016-03-30","2015-06-15","2015-05-01-preview","2014-12-01-preview"],"apiProfiles":[{"profileVersion":"2017-03-09-profile","apiVersion":"2015-06-15"}]},{"resourceType":"locations/virtualNetworkAvailableEndpointServices","locations":["West
        US","East US","North Europe","West Europe","East Asia","Southeast Asia","North
        Central US","South Central US","Central US","East US 2","Japan East","Japan
        West","Brazil South","Australia East","Australia Southeast","Central India","South
        India","West India","Canada Central","Canada East","West Central US","West
        US 2","UK West","UK South","Korea Central","Korea South","Central US EUAP","East
        US 2 EUAP"],"apiVersions":["2017-11-01","2017-10-01","2017-09-01","2017-08-01","2017-06-01","2017-04-01"]},{"resourceType":"operations","locations":[],"apiVersions":["2017-11-01","2017-10-01","2017-09-01","2017-08-01","2017-06-01","2017-04-01","2017-03-01","2016-12-01","2016-11-01","2016-10-01","2016-09-01","2016-08-01","2016-07-01","2016-06-01","2016-03-30","2015-06-15","2015-05-01-preview","2014-12-01-preview"]},{"resourceType":"dnszones","locations":["global"],"apiVersions":["2017-09-01","2016-04-01","2015-05-04-preview"],"apiProfiles":[{"profileVersion":"2017-03-09-profile","apiVersion":"2016-04-01"}],"capabilities":"CrossResourceGroupResourceMove,
        CrossSubscriptionResourceMove"},{"resourceType":"dnsOperationResults","locations":["global"],"apiVersions":["2017-09-01","2016-04-01"]},{"resourceType":"dnsOperationStatuses","locations":["global"],"apiVersions":["2017-09-01","2016-04-01"]},{"resourceType":"dnszones/A","locations":["global"],"apiVersions":["2017-09-01","2016-04-01","2015-05-04-preview"]},{"resourceType":"dnszones/AAAA","locations":["global"],"apiVersions":["2017-09-01","2016-04-01","2015-05-04-preview"]},{"resourceType":"dnszones/CNAME","locations":["global"],"apiVersions":["2017-09-01","2016-04-01","2015-05-04-preview"]},{"resourceType":"dnszones/PTR","locations":["global"],"apiVersions":["2017-09-01","2016-04-01","2015-05-04-preview"]},{"resourceType":"dnszones/MX","locations":["global"],"apiVersions":["2017-09-01","2016-04-01","2015-05-04-preview"]},{"resourceType":"dnszones/TXT","locations":["global"],"apiVersions":["2017-09-01","2016-04-01","2015-05-04-preview"]},{"resourceType":"dnszones/SRV","locations":["global"],"apiVersions":["2017-09-01","2016-04-01","2015-05-04-preview"]},{"resourceType":"dnszones/SOA","locations":["global"],"apiVersions":["2017-09-01","2016-04-01","2015-05-04-preview"]},{"resourceType":"dnszones/NS","locations":["global"],"apiVersions":["2017-09-01","2016-04-01","2015-05-04-preview"]},{"resourceType":"dnszones/CAA","locations":["global"],"apiVersions":["2017-09-01"]},{"resourceType":"dnszones/recordsets","locations":["global"],"apiVersions":["2017-09-01","2016-04-01","2015-05-04-preview"]},{"resourceType":"dnszones/all","locations":["global"],"apiVersions":["2017-09-01","2016-04-01","2015-05-04-preview"]},{"resourceType":"trafficmanagerprofiles","locations":["global"],"apiVersions":["2017-05-01","2017-03-01","2015-11-01","2015-04-28-preview"],"capabilities":"CrossResourceGroupResourceMove,
        CrossSubscriptionResourceMove"},{"resourceType":"checkTrafficManagerNameAvailability","locations":["global"],"apiVersions":["2017-05-01","2017-03-01","2015-11-01","2015-04-28-preview"]},{"resourceType":"trafficManagerUserMetricsKeys","locations":["global"],"apiVersions":["2017-09-01-preview"]},{"resourceType":"trafficManagerGeographicHierarchies","locations":["global"],"apiVersions":["2017-05-01","2017-03-01"]},{"resourceType":"expressRouteCircuits","locations":["West
        US","East US","North Europe","West Europe","East Asia","Southeast Asia","North
        Central US","South Central US","Central US","East US 2","Japan East","Japan
        West","Brazil South","Australia East","Australia Southeast","Central India","South
        India","West India","Canada Central","Canada East","West Central US","West
        US 2","UK West","UK South","Korea Central","Korea South","Central US EUAP","East
        US 2 EUAP"],"apiVersions":["2017-11-01","2017-10-01","2017-09-01","2017-08-01","2017-06-01","2017-04-01","2017-03-01","2016-12-01","2016-11-01","2016-10-01","2016-09-01","2016-08-01","2016-07-01","2016-06-01","2016-03-30","2015-06-15","2015-05-01-preview","2014-12-01-preview"],"capabilities":"None"},{"resourceType":"expressRouteServiceProviders","locations":[],"apiVersions":["2017-11-01","2017-10-01","2017-09-01","2017-08-01","2017-06-01","2017-04-01","2017-03-01","2016-12-01","2016-11-01","2016-10-01","2016-09-01","2016-08-01","2016-07-01","2016-06-01","2016-03-30","2015-06-15","2015-05-01-preview","2014-12-01-preview"]},{"resourceType":"applicationGatewayAvailableWafRuleSets","locations":[],"apiVersions":["2017-11-01","2017-10-01","2017-09-01","2017-08-01","2017-06-01","2017-04-01","2017-03-01"]},{"resourceType":"applicationGatewayAvailableSslOptions","locations":[],"apiVersions":["2017-11-01","2017-10-01","2017-09-01","2017-08-01","2017-06-01"]},{"resourceType":"routeFilters","locations":["West
        US","East US","North Europe","West Europe","East Asia","Southeast Asia","North
        Central US","South Central US","Central US","East US 2","Japan East","Japan
        West","Brazil South","Australia East","Australia Southeast","Central India","South
        India","West India","Canada Central","Canada East","West Central US","West
        US 2","UK West","UK South","Korea Central","Korea South","Central US EUAP","East
        US 2 EUAP"],"apiVersions":["2017-11-01","2017-10-01","2017-09-01","2017-08-01","2017-06-01","2017-04-01","2017-03-01","2016-12-01"],"capabilities":"None"},{"resourceType":"bgpServiceCommunities","locations":[],"apiVersions":["2017-11-01","2017-10-01","2017-09-01","2017-08-01","2017-06-01","2017-04-01","2017-03-01","2016-12-01"]}],"registrationState":"Registered"}'}
    headers:
      cache-control: [no-cache]
      content-length: ['19977']
      content-type: [application/json; charset=utf-8]
      date: ['Tue, 19 Dec 2017 04:28:55 GMT']
      expires: ['-1']
      pragma: [no-cache]
      strict-transport-security: [max-age=31536000; includeSubDomains]
      vary: [Accept-Encoding]
    status: {code: 200, message: OK}
- request:
    body: null
    headers:
      Accept: [application/json]
      Accept-Encoding: ['gzip, deflate']
      CommandName: [vmss create]
      Connection: [keep-alive]
      Content-Type: [application/json; charset=utf-8]
      User-Agent: [python/3.5.3 (Windows-10-10.0.16299-SP0) requests/2.18.4 msrest/0.4.22
          msrest_azure/0.4.19 resourcemanagementclient/1.2.1 Azure-SDK-For-Python
          AZURECLI/2.0.24]
      accept-language: [en-US]
    method: GET
    uri: https://management.azure.com/subscriptions/00000000-0000-0000-0000-000000000000/resourcegroups/cli_test_vmss_create_existing_ids000001/providers/Microsoft.Network/virtualNetworks/vrfvnet?api-version=2017-11-01
  response:
    body: {string: "{\r\n  \"name\": \"vrfvnet\",\r\n  \"id\": \"/subscriptions/00000000-0000-0000-0000-000000000000/resourceGroups/cli_test_vmss_create_existing_ids000001/providers/Microsoft.Network/virtualNetworks/vrfvnet\"\
        ,\r\n  \"etag\": \"W/\\\"3dd1c038-ee17-45c9-b48d-e7ae292caf01\\\"\",\r\n \
        \ \"type\": \"Microsoft.Network/virtualNetworks\",\r\n  \"location\": \"westus\"\
        ,\r\n  \"tags\": {},\r\n  \"properties\": {\r\n    \"provisioningState\":\
        \ \"Succeeded\",\r\n    \"resourceGuid\": \"fa680000-0fe8-4fbb-882f-9986007af5f5\"\
        ,\r\n    \"addressSpace\": {\r\n      \"addressPrefixes\": [\r\n        \"\
        10.0.0.0/16\"\r\n      ]\r\n    },\r\n    \"dhcpOptions\": {\r\n      \"dnsServers\"\
        : []\r\n    },\r\n    \"subnets\": [\r\n      {\r\n        \"name\": \"vrfsubnet\"\
        ,\r\n        \"id\": \"/subscriptions/00000000-0000-0000-0000-000000000000/resourceGroups/cli_test_vmss_create_existing_ids000001/providers/Microsoft.Network/virtualNetworks/vrfvnet/subnets/vrfsubnet\"\
        ,\r\n        \"etag\": \"W/\\\"3dd1c038-ee17-45c9-b48d-e7ae292caf01\\\"\"\
        ,\r\n        \"properties\": {\r\n          \"provisioningState\": \"Succeeded\"\
        ,\r\n          \"addressPrefix\": \"10.0.0.0/24\"\r\n        }\r\n      }\r\
        \n    ],\r\n    \"virtualNetworkPeerings\": [],\r\n    \"enableDdosProtection\"\
        : false,\r\n    \"enableVmProtection\": false\r\n  }\r\n}"}
    headers:
      cache-control: [no-cache]
      content-length: ['1242']
      content-type: [application/json; charset=utf-8]
      date: ['Tue, 19 Dec 2017 04:28:56 GMT']
      etag: [W/"3dd1c038-ee17-45c9-b48d-e7ae292caf01"]
      expires: ['-1']
      pragma: [no-cache]
      server: [Microsoft-HTTPAPI/2.0, Microsoft-HTTPAPI/2.0]
      strict-transport-security: [max-age=31536000; includeSubDomains]
      transfer-encoding: [chunked]
      vary: [Accept-Encoding]
    status: {code: 200, message: OK}
- request:
    body: null
    headers:
      Accept: [application/json]
      Accept-Encoding: ['gzip, deflate']
      CommandName: [vmss create]
      Connection: [keep-alive]
      Content-Type: [application/json; charset=utf-8]
      User-Agent: [python/3.5.3 (Windows-10-10.0.16299-SP0) requests/2.18.4 msrest/0.4.22
          msrest_azure/0.4.19 networkmanagementclient/1.7.0 Azure-SDK-For-Python AZURECLI/2.0.24]
      accept-language: [en-US]
    method: GET
    uri: https://management.azure.com/subscriptions/00000000-0000-0000-0000-000000000000/resourceGroups/cli_test_vmss_create_existing_ids000001/providers/Microsoft.Network/loadBalancers/vrflb?api-version=2017-11-01
  response:
    body: {string: "{\r\n  \"name\": \"vrflb\",\r\n  \"id\": \"/subscriptions/00000000-0000-0000-0000-000000000000/resourceGroups/cli_test_vmss_create_existing_ids000001/providers/Microsoft.Network/loadBalancers/vrflb\"\
        ,\r\n  \"etag\": \"W/\\\"62fc01cc-cb9a-4ac8-b8f2-551643fe994d\\\"\",\r\n \
        \ \"type\": \"Microsoft.Network/loadBalancers\",\r\n  \"location\": \"westus\"\
        ,\r\n  \"tags\": {},\r\n  \"properties\": {\r\n    \"provisioningState\":\
        \ \"Succeeded\",\r\n    \"resourceGuid\": \"24237226-b491-4fe1-9b64-bedf3161c4b9\"\
        ,\r\n    \"frontendIPConfigurations\": [\r\n      {\r\n        \"name\": \"\
        LoadBalancerFrontEnd\",\r\n        \"id\": \"/subscriptions/00000000-0000-0000-0000-000000000000/resourceGroups/cli_test_vmss_create_existing_ids000001/providers/Microsoft.Network/loadBalancers/vrflb/frontendIPConfigurations/LoadBalancerFrontEnd\"\
        ,\r\n        \"etag\": \"W/\\\"62fc01cc-cb9a-4ac8-b8f2-551643fe994d\\\"\"\
        ,\r\n        \"properties\": {\r\n          \"provisioningState\": \"Succeeded\"\
        ,\r\n          \"privateIPAllocationMethod\": \"Dynamic\",\r\n          \"\
        publicIPAddress\": {\r\n            \"id\": \"/subscriptions/00000000-0000-0000-0000-000000000000/resourceGroups/cli_test_vmss_create_existing_ids000001/providers/Microsoft.Network/publicIPAddresses/PublicIPvrflb\"\
        \r\n          }\r\n        }\r\n      }\r\n    ],\r\n    \"backendAddressPools\"\
        : [\r\n      {\r\n        \"name\": \"mybepool\",\r\n        \"id\": \"/subscriptions/00000000-0000-0000-0000-000000000000/resourceGroups/cli_test_vmss_create_existing_ids000001/providers/Microsoft.Network/loadBalancers/vrflb/backendAddressPools/mybepool\"\
        ,\r\n        \"etag\": \"W/\\\"62fc01cc-cb9a-4ac8-b8f2-551643fe994d\\\"\"\
        ,\r\n        \"properties\": {\r\n          \"provisioningState\": \"Succeeded\"\
        \r\n        }\r\n      }\r\n    ],\r\n    \"loadBalancingRules\": [],\r\n\
        \    \"probes\": [],\r\n    \"inboundNatRules\": [],\r\n    \"outboundNatRules\"\
        : [],\r\n    \"inboundNatPools\": []\r\n  },\r\n  \"sku\": {\r\n    \"name\"\
        : \"Basic\"\r\n  }\r\n}"}
    headers:
      cache-control: [no-cache]
      content-length: ['1954']
      content-type: [application/json; charset=utf-8]
      date: ['Tue, 19 Dec 2017 04:28:56 GMT']
      etag: [W/"62fc01cc-cb9a-4ac8-b8f2-551643fe994d"]
      expires: ['-1']
      pragma: [no-cache]
      server: [Microsoft-HTTPAPI/2.0, Microsoft-HTTPAPI/2.0]
      strict-transport-security: [max-age=31536000; includeSubDomains]
      transfer-encoding: [chunked]
      vary: [Accept-Encoding]
    status: {code: 200, message: OK}
- request:
    body: 'b''{"properties": {"template": {"$schema": "https://schema.management.azure.com/schemas/2015-01-01/deploymentTemplate.json#",
      "outputs": {"VMSS": {"value": "[reference(resourceId(\''Microsoft.Compute/virtualMachineScaleSets\'',
      \''vrfvmss\''),providers(\''Microsoft.Compute\'', \''virtualMachineScaleSets\'').apiVersions[0])]",
      "type": "object"}}, "parameters": {}, "resources": [{"copy": {"name": "storageLoop",
      "count": 5}, "type": "Microsoft.Storage/storageAccounts", "location": "westus",
      "apiVersion": "2015-06-15", "name": "[variables(\''storageAccountNames\'')[copyIndex()]]",
      "properties": {"accountType": "Standard_LRS"}, "tags": {}}, {"sku": {"capacity":
      2, "name": "Standard_A3"}, "dependsOn": ["storageLoop"], "type": "Microsoft.Compute/virtualMachineScaleSets",
      "location": "westus", "apiVersion": "2017-12-01", "name": "vrfvmss", "properties":
      {"virtualMachineProfile": {"networkProfile": {"networkInterfaceConfigurations":
      [{"name": "vrfvmc1a2Nic", "properties": {"ipConfigurations": [{"name": "vrfvmc1a2IPConfig",
      "properties": {"loadBalancerBackendAddressPools": [{"id": "/subscriptions/00000000-0000-0000-0000-000000000000/resourceGroups/cli_test_vmss_create_existing_ids000001/providers/Microsoft.Network/loadBalancers/vrflb/backendAddressPools/mybepool"}],
      "subnet": {"id": "/subscriptions/00000000-0000-0000-0000-000000000000/resourceGroups/cli_test_vmss_create_existing_ids000001/providers/Microsoft.Network/virtualNetworks/vrfvnet/subnets/vrfsubnet"}}}],
      "primary": "true"}}]}, "storageProfile": {"osDisk": {"caching": "ReadWrite",
      "name": "vrfosdisk", "createOption": "FromImage", "vhdContainers": "[variables(\''vhdContainers\'')]"},
      "imageReference": {"offer": "CentOS", "version": "latest", "sku": "7.3", "publisher":
      "OpenLogic"}}, "osProfile": {"linuxConfiguration": {"ssh": {"publicKeys": [{"keyData":
      "ssh-rsa AAAAB3NzaC1yc2EAAAADAQABAAACAQCbIg1guRHbI0lV11wWDt1r2cUdcNd27CJsg+SfgC7miZeubtwUhbsPdhMQsfDyhOWHq1+ZL0M+nJZV63d/1dhmhtgyOqejUwrPlzKhydsbrsdUor+JmNJDdW01v7BXHyuymT8G4s09jCasNOwiufbP/qp72ruu0bIA1nySsvlf9pCQAuFkAnVnf/rFhUlOkhtRpwcq8SUNY2zRHR/EKb/4NWY1JzR4sa3q2fWIJdrrX0DvLoa5g9bIEd4Df79ba7v+yiUBOS0zT2ll+z4g9izHK3EO5d8hL4jYxcjKs+wcslSYRWrascfscLgMlMGh0CdKeNTDjHpGPncaf3Z+FwwwjWeuiNBxv7bJo13/8B/098KlVDl4GZqsoBCEjPyJfV6hO0y/LkRGkk7oHWKgeWAfKtfLItRp00eZ4fcJNK9kCaSMmEugoZWcI7NGbZXzqFWqbpRI7NcDP9+WIQ+i9U5vqWsqd/zng4kbuAJ6UuKqIzB0upYrLShfQE3SAck8oaLhJqqq56VfDuASNpJKidV+zq27HfSBmbXnkR/5AK337dc3MXKJypoK/QPMLKUAP5XLPbs+NddJQV7EZXd29DLgp+fRIg3edpKdO7ZErWhv7d+3Kws+e1Y+ypmR2WIVSwVyBEUfgv2C8Ts9gnTF4pNcEY/S2aBicz5Ew2+jdyGNQQ==
      test@example.com\\n", "path": "/home/ubuntu/.ssh/authorized_keys"}]}, "disablePasswordAuthentication":
      true}, "adminUsername": "ubuntu", "computerNamePrefix": "vrfvmc1a2"}}, "singlePlacementGroup":
      true, "overprovision": true, "upgradePolicy": {"mode": "manual"}}, "tags": {}}],
      "variables": {"storageAccountNames": ["vrfvmc1a20", "vrfvmc1a21", "vrfvmc1a22",
      "vrfvmc1a23", "vrfvmc1a24"], "vhdContainers": ["[concat(\''https://\'', variables(\''storageAccountNames\'')[0],
      \''.blob.core.windows.net/vrfcontainer\'')]", "[concat(\''https://\'', variables(\''storageAccountNames\'')[1],
      \''.blob.core.windows.net/vrfcontainer\'')]", "[concat(\''https://\'', variables(\''storageAccountNames\'')[2],
      \''.blob.core.windows.net/vrfcontainer\'')]", "[concat(\''https://\'', variables(\''storageAccountNames\'')[3],
      \''.blob.core.windows.net/vrfcontainer\'')]", "[concat(\''https://\'', variables(\''storageAccountNames\'')[4],
      \''.blob.core.windows.net/vrfcontainer\'')]"]}, "contentVersion": "1.0.0.0"},
      "parameters": {}, "mode": "Incremental"}}'''
    headers:
      Accept: [application/json]
      Accept-Encoding: ['gzip, deflate']
      CommandName: [vmss create]
      Connection: [keep-alive]
      Content-Length: ['3581']
      Content-Type: [application/json; charset=utf-8]
      User-Agent: [python/3.5.3 (Windows-10-10.0.16299-SP0) requests/2.18.4 msrest/0.4.22
          msrest_azure/0.4.19 resourcemanagementclient/1.2.1 Azure-SDK-For-Python
          AZURECLI/2.0.24]
      accept-language: [en-US]
    method: PUT
    uri: https://management.azure.com/subscriptions/00000000-0000-0000-0000-000000000000/resourcegroups/cli_test_vmss_create_existing_ids000001/providers/Microsoft.Resources/deployments/mock-deployment?api-version=2017-05-10
  response:
    body: {string: '{"id":"/subscriptions/00000000-0000-0000-0000-000000000000/resourceGroups/cli_test_vmss_create_existing_ids000001/providers/Microsoft.Resources/deployments/vmss_deploy_pBYKGdXELYFYET6Nb67JaVgCmTjlY9q2","name":"vmss_deploy_pBYKGdXELYFYET6Nb67JaVgCmTjlY9q2","properties":{"templateHash":"8003310310734456293","parameters":{},"mode":"Incremental","provisioningState":"Accepted","timestamp":"2017-12-19T04:28:58.2645485Z","duration":"PT0.5024498S","correlationId":"cba97635-e6c4-4764-a838-f8975735d922","providers":[{"namespace":"Microsoft.Compute","resourceTypes":[{"resourceType":"virtualMachineScaleSets","locations":["westus"]}]},{"namespace":"Microsoft.Storage","resourceTypes":[{"resourceType":"storageAccounts","locations":["westus"]}]}],"dependencies":[{"dependsOn":[{"id":"/subscriptions/00000000-0000-0000-0000-000000000000/resourceGroups/cli_test_vmss_create_existing_ids000001/providers/Microsoft.Storage/storageAccounts/vrfvmc1a20","resourceType":"Microsoft.Storage/storageAccounts","resourceName":"vrfvmc1a20"},{"id":"/subscriptions/00000000-0000-0000-0000-000000000000/resourceGroups/cli_test_vmss_create_existing_ids000001/providers/Microsoft.Storage/storageAccounts/vrfvmc1a21","resourceType":"Microsoft.Storage/storageAccounts","resourceName":"vrfvmc1a21"},{"id":"/subscriptions/00000000-0000-0000-0000-000000000000/resourceGroups/cli_test_vmss_create_existing_ids000001/providers/Microsoft.Storage/storageAccounts/vrfvmc1a22","resourceType":"Microsoft.Storage/storageAccounts","resourceName":"vrfvmc1a22"},{"id":"/subscriptions/00000000-0000-0000-0000-000000000000/resourceGroups/cli_test_vmss_create_existing_ids000001/providers/Microsoft.Storage/storageAccounts/vrfvmc1a23","resourceType":"Microsoft.Storage/storageAccounts","resourceName":"vrfvmc1a23"},{"id":"/subscriptions/00000000-0000-0000-0000-000000000000/resourceGroups/cli_test_vmss_create_existing_ids000001/providers/Microsoft.Storage/storageAccounts/vrfvmc1a24","resourceType":"Microsoft.Storage/storageAccounts","resourceName":"vrfvmc1a24"}],"id":"/subscriptions/00000000-0000-0000-0000-000000000000/resourceGroups/cli_test_vmss_create_existing_ids000001/providers/Microsoft.Compute/virtualMachineScaleSets/vrfvmss","resourceType":"Microsoft.Compute/virtualMachineScaleSets","resourceName":"vrfvmss"}]}}'}
    headers:
      azure-asyncoperation: ['https://management.azure.com/subscriptions/00000000-0000-0000-0000-000000000000/resourcegroups/cli_test_vmss_create_existing_ids000001/providers/Microsoft.Resources/deployments/vmss_deploy_pBYKGdXELYFYET6Nb67JaVgCmTjlY9q2/operationStatuses/08586879491477155653?api-version=2017-05-10']
      cache-control: [no-cache]
      content-length: ['2535']
      content-type: [application/json; charset=utf-8]
      date: ['Tue, 19 Dec 2017 04:28:58 GMT']
      expires: ['-1']
      pragma: [no-cache]
      strict-transport-security: [max-age=31536000; includeSubDomains]
      x-ms-ratelimit-remaining-subscription-writes: ['1190']
    status: {code: 201, message: Created}
- request:
    body: null
    headers:
      Accept: [application/json]
      Accept-Encoding: ['gzip, deflate']
      CommandName: [vmss create]
      Connection: [keep-alive]
      Content-Type: [application/json; charset=utf-8]
      User-Agent: [python/3.5.3 (Windows-10-10.0.16299-SP0) requests/2.18.4 msrest/0.4.22
          msrest_azure/0.4.19 resourcemanagementclient/1.2.1 Azure-SDK-For-Python
          AZURECLI/2.0.24]
      accept-language: [en-US]
    method: GET
    uri: https://management.azure.com/subscriptions/00000000-0000-0000-0000-000000000000/resourcegroups/cli_test_vmss_create_existing_ids000001/providers/Microsoft.Resources/deployments/mock-deployment/operationStatuses/08586879491477155653?api-version=2017-05-10
  response:
    body: {string: '{"status":"Running"}'}
    headers:
      cache-control: [no-cache]
      content-length: ['20']
      content-type: [application/json; charset=utf-8]
      date: ['Tue, 19 Dec 2017 04:29:28 GMT']
      expires: ['-1']
      pragma: [no-cache]
      strict-transport-security: [max-age=31536000; includeSubDomains]
      vary: [Accept-Encoding]
    status: {code: 200, message: OK}
- request:
    body: null
    headers:
      Accept: [application/json]
      Accept-Encoding: ['gzip, deflate']
      CommandName: [vmss create]
      Connection: [keep-alive]
      Content-Type: [application/json; charset=utf-8]
      User-Agent: [python/3.5.3 (Windows-10-10.0.16299-SP0) requests/2.18.4 msrest/0.4.22
          msrest_azure/0.4.19 resourcemanagementclient/1.2.1 Azure-SDK-For-Python
          AZURECLI/2.0.24]
      accept-language: [en-US]
    method: GET
    uri: https://management.azure.com/subscriptions/00000000-0000-0000-0000-000000000000/resourcegroups/cli_test_vmss_create_existing_ids000001/providers/Microsoft.Resources/deployments/mock-deployment/operationStatuses/08586879491477155653?api-version=2017-05-10
  response:
    body: {string: '{"status":"Running"}'}
    headers:
      cache-control: [no-cache]
      content-length: ['20']
      content-type: [application/json; charset=utf-8]
      date: ['Tue, 19 Dec 2017 04:29:58 GMT']
      expires: ['-1']
      pragma: [no-cache]
      strict-transport-security: [max-age=31536000; includeSubDomains]
      vary: [Accept-Encoding]
    status: {code: 200, message: OK}
- request:
    body: null
    headers:
      Accept: [application/json]
      Accept-Encoding: ['gzip, deflate']
      CommandName: [vmss create]
      Connection: [keep-alive]
      Content-Type: [application/json; charset=utf-8]
      User-Agent: [python/3.5.3 (Windows-10-10.0.16299-SP0) requests/2.18.4 msrest/0.4.22
          msrest_azure/0.4.19 resourcemanagementclient/1.2.1 Azure-SDK-For-Python
          AZURECLI/2.0.24]
      accept-language: [en-US]
    method: GET
    uri: https://management.azure.com/subscriptions/00000000-0000-0000-0000-000000000000/resourcegroups/cli_test_vmss_create_existing_ids000001/providers/Microsoft.Resources/deployments/mock-deployment/operationStatuses/08586879491477155653?api-version=2017-05-10
  response:
    body: {string: '{"status":"Running"}'}
    headers:
      cache-control: [no-cache]
      content-length: ['20']
      content-type: [application/json; charset=utf-8]
      date: ['Tue, 19 Dec 2017 04:30:29 GMT']
      expires: ['-1']
      pragma: [no-cache]
      strict-transport-security: [max-age=31536000; includeSubDomains]
      vary: [Accept-Encoding]
    status: {code: 200, message: OK}
- request:
    body: null
    headers:
      Accept: [application/json]
      Accept-Encoding: ['gzip, deflate']
      CommandName: [vmss create]
      Connection: [keep-alive]
      Content-Type: [application/json; charset=utf-8]
      User-Agent: [python/3.5.3 (Windows-10-10.0.16299-SP0) requests/2.18.4 msrest/0.4.22
          msrest_azure/0.4.19 resourcemanagementclient/1.2.1 Azure-SDK-For-Python
          AZURECLI/2.0.24]
      accept-language: [en-US]
    method: GET
    uri: https://management.azure.com/subscriptions/00000000-0000-0000-0000-000000000000/resourcegroups/cli_test_vmss_create_existing_ids000001/providers/Microsoft.Resources/deployments/mock-deployment/operationStatuses/08586879491477155653?api-version=2017-05-10
  response:
    body: {string: '{"status":"Running"}'}
    headers:
      cache-control: [no-cache]
      content-length: ['20']
      content-type: [application/json; charset=utf-8]
      date: ['Tue, 19 Dec 2017 04:30:59 GMT']
      expires: ['-1']
      pragma: [no-cache]
      strict-transport-security: [max-age=31536000; includeSubDomains]
      vary: [Accept-Encoding]
    status: {code: 200, message: OK}
- request:
    body: null
    headers:
      Accept: [application/json]
      Accept-Encoding: ['gzip, deflate']
      CommandName: [vmss create]
      Connection: [keep-alive]
      Content-Type: [application/json; charset=utf-8]
      User-Agent: [python/3.5.3 (Windows-10-10.0.16299-SP0) requests/2.18.4 msrest/0.4.22
          msrest_azure/0.4.19 resourcemanagementclient/1.2.1 Azure-SDK-For-Python
          AZURECLI/2.0.24]
      accept-language: [en-US]
    method: GET
    uri: https://management.azure.com/subscriptions/00000000-0000-0000-0000-000000000000/resourcegroups/cli_test_vmss_create_existing_ids000001/providers/Microsoft.Resources/deployments/mock-deployment/operationStatuses/08586879491477155653?api-version=2017-05-10
  response:
    body: {string: '{"status":"Succeeded"}'}
    headers:
      cache-control: [no-cache]
      content-length: ['22']
      content-type: [application/json; charset=utf-8]
      date: ['Tue, 19 Dec 2017 04:31:30 GMT']
      expires: ['-1']
      pragma: [no-cache]
      strict-transport-security: [max-age=31536000; includeSubDomains]
      vary: [Accept-Encoding]
    status: {code: 200, message: OK}
- request:
    body: null
    headers:
      Accept: [application/json]
      Accept-Encoding: ['gzip, deflate']
      CommandName: [vmss create]
      Connection: [keep-alive]
      Content-Type: [application/json; charset=utf-8]
      User-Agent: [python/3.5.3 (Windows-10-10.0.16299-SP0) requests/2.18.4 msrest/0.4.22
          msrest_azure/0.4.19 resourcemanagementclient/1.2.1 Azure-SDK-For-Python
          AZURECLI/2.0.24]
      accept-language: [en-US]
    method: GET
    uri: https://management.azure.com/subscriptions/00000000-0000-0000-0000-000000000000/resourcegroups/cli_test_vmss_create_existing_ids000001/providers/Microsoft.Resources/deployments/mock-deployment?api-version=2017-05-10
  response:
    body: {string: '{"id":"/subscriptions/00000000-0000-0000-0000-000000000000/resourceGroups/cli_test_vmss_create_existing_ids000001/providers/Microsoft.Resources/deployments/vmss_deploy_pBYKGdXELYFYET6Nb67JaVgCmTjlY9q2","name":"vmss_deploy_pBYKGdXELYFYET6Nb67JaVgCmTjlY9q2","properties":{"templateHash":"8003310310734456293","parameters":{},"mode":"Incremental","provisioningState":"Succeeded","timestamp":"2017-12-19T04:31:14.8694319Z","duration":"PT2M17.1073332S","correlationId":"cba97635-e6c4-4764-a838-f8975735d922","providers":[{"namespace":"Microsoft.Compute","resourceTypes":[{"resourceType":"virtualMachineScaleSets","locations":["westus"]}]},{"namespace":"Microsoft.Storage","resourceTypes":[{"resourceType":"storageAccounts","locations":["westus"]}]}],"dependencies":[{"dependsOn":[{"id":"/subscriptions/00000000-0000-0000-0000-000000000000/resourceGroups/cli_test_vmss_create_existing_ids000001/providers/Microsoft.Storage/storageAccounts/vrfvmc1a20","resourceType":"Microsoft.Storage/storageAccounts","resourceName":"vrfvmc1a20"},{"id":"/subscriptions/00000000-0000-0000-0000-000000000000/resourceGroups/cli_test_vmss_create_existing_ids000001/providers/Microsoft.Storage/storageAccounts/vrfvmc1a21","resourceType":"Microsoft.Storage/storageAccounts","resourceName":"vrfvmc1a21"},{"id":"/subscriptions/00000000-0000-0000-0000-000000000000/resourceGroups/cli_test_vmss_create_existing_ids000001/providers/Microsoft.Storage/storageAccounts/vrfvmc1a22","resourceType":"Microsoft.Storage/storageAccounts","resourceName":"vrfvmc1a22"},{"id":"/subscriptions/00000000-0000-0000-0000-000000000000/resourceGroups/cli_test_vmss_create_existing_ids000001/providers/Microsoft.Storage/storageAccounts/vrfvmc1a23","resourceType":"Microsoft.Storage/storageAccounts","resourceName":"vrfvmc1a23"},{"id":"/subscriptions/00000000-0000-0000-0000-000000000000/resourceGroups/cli_test_vmss_create_existing_ids000001/providers/Microsoft.Storage/storageAccounts/vrfvmc1a24","resourceType":"Microsoft.Storage/storageAccounts","resourceName":"vrfvmc1a24"}],"id":"/subscriptions/00000000-0000-0000-0000-000000000000/resourceGroups/cli_test_vmss_create_existing_ids000001/providers/Microsoft.Compute/virtualMachineScaleSets/vrfvmss","resourceType":"Microsoft.Compute/virtualMachineScaleSets","resourceName":"vrfvmss"}],"outputs":{"vmss":{"type":"Object","value":{"singlePlacementGroup":true,"upgradePolicy":{"mode":"Manual","automaticOSUpgrade":false},"virtualMachineProfile":{"osProfile":{"computerNamePrefix":"vrfvmc1a2","adminUsername":"ubuntu","linuxConfiguration":{"disablePasswordAuthentication":true,"ssh":{"publicKeys":[{"path":"/home/ubuntu/.ssh/authorized_keys","keyData":"ssh-rsa
        AAAAB3NzaC1yc2EAAAADAQABAAACAQCbIg1guRHbI0lV11wWDt1r2cUdcNd27CJsg+SfgC7miZeubtwUhbsPdhMQsfDyhOWHq1+ZL0M+nJZV63d/1dhmhtgyOqejUwrPlzKhydsbrsdUor+JmNJDdW01v7BXHyuymT8G4s09jCasNOwiufbP/qp72ruu0bIA1nySsvlf9pCQAuFkAnVnf/rFhUlOkhtRpwcq8SUNY2zRHR/EKb/4NWY1JzR4sa3q2fWIJdrrX0DvLoa5g9bIEd4Df79ba7v+yiUBOS0zT2ll+z4g9izHK3EO5d8hL4jYxcjKs+wcslSYRWrascfscLgMlMGh0CdKeNTDjHpGPncaf3Z+FwwwjWeuiNBxv7bJo13/8B/098KlVDl4GZqsoBCEjPyJfV6hO0y/LkRGkk7oHWKgeWAfKtfLItRp00eZ4fcJNK9kCaSMmEugoZWcI7NGbZXzqFWqbpRI7NcDP9+WIQ+i9U5vqWsqd/zng4kbuAJ6UuKqIzB0upYrLShfQE3SAck8oaLhJqqq56VfDuASNpJKidV+zq27HfSBmbXnkR/5AK337dc3MXKJypoK/QPMLKUAP5XLPbs+NddJQV7EZXd29DLgp+fRIg3edpKdO7ZErWhv7d+3Kws+e1Y+ypmR2WIVSwVyBEUfgv2C8Ts9gnTF4pNcEY/S2aBicz5Ew2+jdyGNQQ==
        test@example.com\n"}]}},"secrets":[]},"storageProfile":{"osDisk":{"vhdContainers":["https://vrfvmc1a20.blob.core.windows.net/vrfcontainer","https://vrfvmc1a21.blob.core.windows.net/vrfcontainer","https://vrfvmc1a22.blob.core.windows.net/vrfcontainer","https://vrfvmc1a23.blob.core.windows.net/vrfcontainer","https://vrfvmc1a24.blob.core.windows.net/vrfcontainer"],"name":"vrfosdisk","createOption":"FromImage","caching":"ReadWrite"},"imageReference":{"publisher":"OpenLogic","offer":"CentOS","sku":"7.3","version":"latest"}},"networkProfile":{"networkInterfaceConfigurations":[{"name":"vrfvmc1a2Nic","properties":{"primary":true,"enableAcceleratedNetworking":false,"dnsSettings":{"dnsServers":[]},"enableIPForwarding":false,"ipConfigurations":[{"name":"vrfvmc1a2IPConfig","properties":{"subnet":{"id":"/subscriptions/00000000-0000-0000-0000-000000000000/resourceGroups/cli_test_vmss_create_existing_ids000001/providers/Microsoft.Network/virtualNetworks/vrfvnet/subnets/vrfsubnet"},"privateIPAddressVersion":"IPv4","loadBalancerBackendAddressPools":[{"id":"/subscriptions/00000000-0000-0000-0000-000000000000/resourceGroups/cli_test_vmss_create_existing_ids000001/providers/Microsoft.Network/loadBalancers/vrflb/backendAddressPools/mybepool"}]}}]}}]}},"provisioningState":"Succeeded","overprovision":true,"uniqueId":"a88e01ef-520f-4c7c-9d3c-664bb2764c46"}}},"outputResources":[{"id":"/subscriptions/00000000-0000-0000-0000-000000000000/resourceGroups/cli_test_vmss_create_existing_ids000001/providers/Microsoft.Compute/virtualMachineScaleSets/vrfvmss"},{"id":"/subscriptions/00000000-0000-0000-0000-000000000000/resourceGroups/cli_test_vmss_create_existing_ids000001/providers/Microsoft.Storage/storageAccounts/vrfvmc1a20"},{"id":"/subscriptions/00000000-0000-0000-0000-000000000000/resourceGroups/cli_test_vmss_create_existing_ids000001/providers/Microsoft.Storage/storageAccounts/vrfvmc1a21"},{"id":"/subscriptions/00000000-0000-0000-0000-000000000000/resourceGroups/cli_test_vmss_create_existing_ids000001/providers/Microsoft.Storage/storageAccounts/vrfvmc1a22"},{"id":"/subscriptions/00000000-0000-0000-0000-000000000000/resourceGroups/cli_test_vmss_create_existing_ids000001/providers/Microsoft.Storage/storageAccounts/vrfvmc1a23"},{"id":"/subscriptions/00000000-0000-0000-0000-000000000000/resourceGroups/cli_test_vmss_create_existing_ids000001/providers/Microsoft.Storage/storageAccounts/vrfvmc1a24"}]}}'}
    headers:
      cache-control: [no-cache]
      content-length: ['6324']
      content-type: [application/json; charset=utf-8]
      date: ['Tue, 19 Dec 2017 04:31:31 GMT']
      expires: ['-1']
      pragma: [no-cache]
      strict-transport-security: [max-age=31536000; includeSubDomains]
      vary: [Accept-Encoding]
    status: {code: 200, message: OK}
- request:
    body: null
    headers:
      Accept: [application/json]
      Accept-Encoding: ['gzip, deflate']
      CommandName: [vmss show]
      Connection: [keep-alive]
      Content-Type: [application/json; charset=utf-8]
      User-Agent: [python/3.5.3 (Windows-10-10.0.16299-SP0) requests/2.18.4 msrest/0.4.22
          msrest_azure/0.4.19 computemanagementclient/3.1.0rc2 Azure-SDK-For-Python
          AZURECLI/2.0.24]
      accept-language: [en-US]
    method: GET
    uri: https://management.azure.com/subscriptions/00000000-0000-0000-0000-000000000000/resourceGroups/cli_test_vmss_create_existing_ids000001/providers/Microsoft.Compute/virtualMachineScaleSets/vrfvmss?api-version=2017-12-01
  response:
    body: {string: "{\r\n  \"sku\": {\r\n    \"name\": \"Standard_A3\",\r\n    \"\
        tier\": \"Standard\",\r\n    \"capacity\": 2\r\n  },\r\n  \"properties\":\
        \ {\r\n    \"singlePlacementGroup\": true,\r\n    \"upgradePolicy\": {\r\n\
        \      \"mode\": \"Manual\",\r\n      \"automaticOSUpgrade\": false\r\n  \
        \  },\r\n    \"virtualMachineProfile\": {\r\n      \"osProfile\": {\r\n  \
        \      \"computerNamePrefix\": \"vrfvmc1a2\",\r\n        \"adminUsername\"\
        : \"ubuntu\",\r\n        \"linuxConfiguration\": {\r\n          \"disablePasswordAuthentication\"\
        : true,\r\n          \"ssh\": {\r\n            \"publicKeys\": [\r\n     \
        \         {\r\n                \"path\": \"/home/ubuntu/.ssh/authorized_keys\"\
        ,\r\n                \"keyData\": \"ssh-rsa AAAAB3NzaC1yc2EAAAADAQABAAACAQCbIg1guRHbI0lV11wWDt1r2cUdcNd27CJsg+SfgC7miZeubtwUhbsPdhMQsfDyhOWHq1+ZL0M+nJZV63d/1dhmhtgyOqejUwrPlzKhydsbrsdUor+JmNJDdW01v7BXHyuymT8G4s09jCasNOwiufbP/qp72ruu0bIA1nySsvlf9pCQAuFkAnVnf/rFhUlOkhtRpwcq8SUNY2zRHR/EKb/4NWY1JzR4sa3q2fWIJdrrX0DvLoa5g9bIEd4Df79ba7v+yiUBOS0zT2ll+z4g9izHK3EO5d8hL4jYxcjKs+wcslSYRWrascfscLgMlMGh0CdKeNTDjHpGPncaf3Z+FwwwjWeuiNBxv7bJo13/8B/098KlVDl4GZqsoBCEjPyJfV6hO0y/LkRGkk7oHWKgeWAfKtfLItRp00eZ4fcJNK9kCaSMmEugoZWcI7NGbZXzqFWqbpRI7NcDP9+WIQ+i9U5vqWsqd/zng4kbuAJ6UuKqIzB0upYrLShfQE3SAck8oaLhJqqq56VfDuASNpJKidV+zq27HfSBmbXnkR/5AK337dc3MXKJypoK/QPMLKUAP5XLPbs+NddJQV7EZXd29DLgp+fRIg3edpKdO7ZErWhv7d+3Kws+e1Y+ypmR2WIVSwVyBEUfgv2C8Ts9gnTF4pNcEY/S2aBicz5Ew2+jdyGNQQ==\
        \ test@example.com\\n\"\r\n              }\r\n            ]\r\n          }\r\
        \n        },\r\n        \"secrets\": []\r\n      },\r\n      \"storageProfile\"\
        : {\r\n        \"osDisk\": {\r\n          \"vhdContainers\": [\r\n       \
        \     \"https://vrfvmc1a20.blob.core.windows.net/vrfcontainer\",\r\n     \
        \       \"https://vrfvmc1a21.blob.core.windows.net/vrfcontainer\",\r\n   \
        \         \"https://vrfvmc1a22.blob.core.windows.net/vrfcontainer\",\r\n \
        \           \"https://vrfvmc1a23.blob.core.windows.net/vrfcontainer\",\r\n\
        \            \"https://vrfvmc1a24.blob.core.windows.net/vrfcontainer\"\r\n\
        \          ],\r\n          \"name\": \"vrfosdisk\",\r\n          \"createOption\"\
        : \"FromImage\",\r\n          \"caching\": \"ReadWrite\"\r\n        },\r\n\
        \        \"imageReference\": {\r\n          \"publisher\": \"OpenLogic\",\r\
        \n          \"offer\": \"CentOS\",\r\n          \"sku\": \"7.3\",\r\n    \
        \      \"version\": \"latest\"\r\n        }\r\n      },\r\n      \"networkProfile\"\
        : {\"networkInterfaceConfigurations\":[{\"name\":\"vrfvmc1a2Nic\",\"properties\"\
        :{\"primary\":true,\"enableAcceleratedNetworking\":false,\"dnsSettings\":{\"\
        dnsServers\":[]},\"enableIPForwarding\":false,\"ipConfigurations\":[{\"name\"\
        :\"vrfvmc1a2IPConfig\",\"properties\":{\"subnet\":{\"id\":\"/subscriptions/00000000-0000-0000-0000-000000000000/resourceGroups/cli_test_vmss_create_existing_ids000001/providers/Microsoft.Network/virtualNetworks/vrfvnet/subnets/vrfsubnet\"\
        },\"privateIPAddressVersion\":\"IPv4\",\"loadBalancerBackendAddressPools\"\
        :[{\"id\":\"/subscriptions/00000000-0000-0000-0000-000000000000/resourceGroups/cli_test_vmss_create_existing_ids000001/providers/Microsoft.Network/loadBalancers/vrflb/backendAddressPools/mybepool\"\
        }]}}]}}]}\r\n    },\r\n    \"provisioningState\": \"Succeeded\",\r\n    \"\
        overprovision\": true,\r\n    \"uniqueId\": \"a88e01ef-520f-4c7c-9d3c-664bb2764c46\"\
        \r\n  },\r\n  \"type\": \"Microsoft.Compute/virtualMachineScaleSets\",\r\n\
        \  \"location\": \"westus\",\r\n  \"tags\": {},\r\n  \"id\": \"/subscriptions/00000000-0000-0000-0000-000000000000/resourceGroups/cli_test_vmss_create_existing_ids000001/providers/Microsoft.Compute/virtualMachineScaleSets/vrfvmss\"\
        ,\r\n  \"name\": \"vrfvmss\"\r\n}"}
    headers:
      cache-control: [no-cache]
      content-length: ['3455']
      content-type: [application/json; charset=utf-8]
      date: ['Tue, 19 Dec 2017 04:31:32 GMT']
      expires: ['-1']
      pragma: [no-cache]
      server: [Microsoft-HTTPAPI/2.0, Microsoft-HTTPAPI/2.0]
      strict-transport-security: [max-age=31536000; includeSubDomains]
      transfer-encoding: [chunked]
      vary: [Accept-Encoding]
      x-ms-ratelimit-remaining-resource: ['Microsoft.Compute/GetVMScaleSet3Min;206,Microsoft.Compute/GetVMScaleSet30Min;1153']
    status: {code: 200, message: OK}
- request:
    body: null
    headers:
      Accept: [application/json]
      Accept-Encoding: ['gzip, deflate']
      CommandName: [network lb show]
      Connection: [keep-alive]
      Content-Type: [application/json; charset=utf-8]
      User-Agent: [python/3.5.3 (Windows-10-10.0.16299-SP0) requests/2.18.4 msrest/0.4.22
          msrest_azure/0.4.19 networkmanagementclient/1.7.0 Azure-SDK-For-Python AZURECLI/2.0.24]
      accept-language: [en-US]
    method: GET
    uri: https://management.azure.com/subscriptions/00000000-0000-0000-0000-000000000000/resourceGroups/cli_test_vmss_create_existing_ids000001/providers/Microsoft.Network/loadBalancers/vrflb?api-version=2017-11-01
  response:
    body: {string: "{\r\n  \"name\": \"vrflb\",\r\n  \"id\": \"/subscriptions/00000000-0000-0000-0000-000000000000/resourceGroups/cli_test_vmss_create_existing_ids000001/providers/Microsoft.Network/loadBalancers/vrflb\"\
        ,\r\n  \"etag\": \"W/\\\"26084cce-7702-407f-a357-405d7fee3d37\\\"\",\r\n \
        \ \"type\": \"Microsoft.Network/loadBalancers\",\r\n  \"location\": \"westus\"\
        ,\r\n  \"tags\": {},\r\n  \"properties\": {\r\n    \"provisioningState\":\
        \ \"Succeeded\",\r\n    \"resourceGuid\": \"24237226-b491-4fe1-9b64-bedf3161c4b9\"\
        ,\r\n    \"frontendIPConfigurations\": [\r\n      {\r\n        \"name\": \"\
        LoadBalancerFrontEnd\",\r\n        \"id\": \"/subscriptions/00000000-0000-0000-0000-000000000000/resourceGroups/cli_test_vmss_create_existing_ids000001/providers/Microsoft.Network/loadBalancers/vrflb/frontendIPConfigurations/LoadBalancerFrontEnd\"\
        ,\r\n        \"etag\": \"W/\\\"26084cce-7702-407f-a357-405d7fee3d37\\\"\"\
        ,\r\n        \"properties\": {\r\n          \"provisioningState\": \"Succeeded\"\
        ,\r\n          \"privateIPAllocationMethod\": \"Dynamic\",\r\n          \"\
        publicIPAddress\": {\r\n            \"id\": \"/subscriptions/00000000-0000-0000-0000-000000000000/resourceGroups/cli_test_vmss_create_existing_ids000001/providers/Microsoft.Network/publicIPAddresses/PublicIPvrflb\"\
        \r\n          }\r\n        }\r\n      }\r\n    ],\r\n    \"backendAddressPools\"\
        : [\r\n      {\r\n        \"name\": \"mybepool\",\r\n        \"id\": \"/subscriptions/00000000-0000-0000-0000-000000000000/resourceGroups/cli_test_vmss_create_existing_ids000001/providers/Microsoft.Network/loadBalancers/vrflb/backendAddressPools/mybepool\"\
        ,\r\n        \"etag\": \"W/\\\"26084cce-7702-407f-a357-405d7fee3d37\\\"\"\
        ,\r\n        \"properties\": {\r\n          \"provisioningState\": \"Succeeded\"\
        ,\r\n          \"backendIPConfigurations\": [\r\n            {\r\n       \
        \       \"id\": \"/subscriptions/00000000-0000-0000-0000-000000000000/resourceGroups/cli_test_vmss_create_existing_ids000001/providers/Microsoft.Compute/virtualMachineScaleSets/vrfvmss/virtualMachines/0/networkInterfaces/vrfvmc1a2Nic/ipConfigurations/vrfvmc1a2IPConfig\"\
        \r\n            },\r\n            {\r\n              \"id\": \"/subscriptions/00000000-0000-0000-0000-000000000000/resourceGroups/cli_test_vmss_create_existing_ids000001/providers/Microsoft.Compute/virtualMachineScaleSets/vrfvmss/virtualMachines/1/networkInterfaces/vrfvmc1a2Nic/ipConfigurations/vrfvmc1a2IPConfig\"\
        \r\n            },\r\n            {\r\n              \"id\": \"/subscriptions/00000000-0000-0000-0000-000000000000/resourceGroups/cli_test_vmss_create_existing_ids000001/providers/Microsoft.Compute/virtualMachineScaleSets/vrfvmss/virtualMachines/2/networkInterfaces/vrfvmc1a2Nic/ipConfigurations/vrfvmc1a2IPConfig\"\
        \r\n            },\r\n            {\r\n              \"id\": \"/subscriptions/00000000-0000-0000-0000-000000000000/resourceGroups/cli_test_vmss_create_existing_ids000001/providers/Microsoft.Compute/virtualMachineScaleSets/vrfvmss/virtualMachines/3/networkInterfaces/vrfvmc1a2Nic/ipConfigurations/vrfvmc1a2IPConfig\"\
        \r\n            }\r\n          ]\r\n        }\r\n      }\r\n    ],\r\n   \
        \ \"loadBalancingRules\": [],\r\n    \"probes\": [],\r\n    \"inboundNatRules\"\
        : [],\r\n    \"outboundNatRules\": [],\r\n    \"inboundNatPools\": []\r\n\
        \  },\r\n  \"sku\": {\r\n    \"name\": \"Basic\"\r\n  }\r\n}"}
    headers:
      cache-control: [no-cache]
      content-length: ['3371']
      content-type: [application/json; charset=utf-8]
      date: ['Tue, 19 Dec 2017 04:31:33 GMT']
      etag: [W/"26084cce-7702-407f-a357-405d7fee3d37"]
      expires: ['-1']
      pragma: [no-cache]
      server: [Microsoft-HTTPAPI/2.0, Microsoft-HTTPAPI/2.0]
      strict-transport-security: [max-age=31536000; includeSubDomains]
      transfer-encoding: [chunked]
      vary: [Accept-Encoding]
    status: {code: 200, message: OK}
- request:
    body: null
    headers:
      Accept: [application/json]
      Accept-Encoding: ['gzip, deflate']
      CommandName: [network vnet show]
      Connection: [keep-alive]
      Content-Type: [application/json; charset=utf-8]
      User-Agent: [python/3.5.3 (Windows-10-10.0.16299-SP0) requests/2.18.4 msrest/0.4.22
          msrest_azure/0.4.19 networkmanagementclient/1.7.0 Azure-SDK-For-Python AZURECLI/2.0.24]
      accept-language: [en-US]
    method: GET
    uri: https://management.azure.com/subscriptions/00000000-0000-0000-0000-000000000000/resourceGroups/cli_test_vmss_create_existing_ids000001/providers/Microsoft.Network/virtualNetworks/vrfvnet?api-version=2017-11-01
  response:
    body: {string: "{\r\n  \"name\": \"vrfvnet\",\r\n  \"id\": \"/subscriptions/00000000-0000-0000-0000-000000000000/resourceGroups/cli_test_vmss_create_existing_ids000001/providers/Microsoft.Network/virtualNetworks/vrfvnet\"\
        ,\r\n  \"etag\": \"W/\\\"40861028-22af-4ec0-bd22-9d1e05afeab2\\\"\",\r\n \
        \ \"type\": \"Microsoft.Network/virtualNetworks\",\r\n  \"location\": \"westus\"\
        ,\r\n  \"tags\": {},\r\n  \"properties\": {\r\n    \"provisioningState\":\
        \ \"Succeeded\",\r\n    \"resourceGuid\": \"fa680000-0fe8-4fbb-882f-9986007af5f5\"\
        ,\r\n    \"addressSpace\": {\r\n      \"addressPrefixes\": [\r\n        \"\
        10.0.0.0/16\"\r\n      ]\r\n    },\r\n    \"dhcpOptions\": {\r\n      \"dnsServers\"\
        : []\r\n    },\r\n    \"subnets\": [\r\n      {\r\n        \"name\": \"vrfsubnet\"\
        ,\r\n        \"id\": \"/subscriptions/00000000-0000-0000-0000-000000000000/resourceGroups/cli_test_vmss_create_existing_ids000001/providers/Microsoft.Network/virtualNetworks/vrfvnet/subnets/vrfsubnet\"\
        ,\r\n        \"etag\": \"W/\\\"40861028-22af-4ec0-bd22-9d1e05afeab2\\\"\"\
        ,\r\n        \"properties\": {\r\n          \"provisioningState\": \"Succeeded\"\
        ,\r\n          \"addressPrefix\": \"10.0.0.0/24\",\r\n          \"ipConfigurations\"\
        : [\r\n            {\r\n              \"id\": \"/subscriptions/00000000-0000-0000-0000-000000000000/resourceGroups/cli_test_vmss_create_existing_ids000001/providers/Microsoft.Compute/virtualMachineScaleSets/vrfvmss/virtualMachines/0/networkInterfaces/vrfvmc1a2Nic/ipConfigurations/vrfvmc1a2IPConfig\"\
        \r\n            },\r\n            {\r\n              \"id\": \"/subscriptions/00000000-0000-0000-0000-000000000000/resourceGroups/cli_test_vmss_create_existing_ids000001/providers/Microsoft.Compute/virtualMachineScaleSets/vrfvmss/virtualMachines/1/networkInterfaces/vrfvmc1a2Nic/ipConfigurations/vrfvmc1a2IPConfig\"\
        \r\n            },\r\n            {\r\n              \"id\": \"/subscriptions/00000000-0000-0000-0000-000000000000/resourceGroups/cli_test_vmss_create_existing_ids000001/providers/Microsoft.Compute/virtualMachineScaleSets/vrfvmss/virtualMachines/2/networkInterfaces/vrfvmc1a2Nic/ipConfigurations/vrfvmc1a2IPConfig\"\
        \r\n            },\r\n            {\r\n              \"id\": \"/subscriptions/00000000-0000-0000-0000-000000000000/resourceGroups/cli_test_vmss_create_existing_ids000001/providers/Microsoft.Compute/virtualMachineScaleSets/vrfvmss/virtualMachines/3/networkInterfaces/vrfvmc1a2Nic/ipConfigurations/vrfvmc1a2IPConfig\"\
        \r\n            }\r\n          ]\r\n        }\r\n      }\r\n    ],\r\n   \
        \ \"virtualNetworkPeerings\": [],\r\n    \"enableDdosProtection\": false,\r\
        \n    \"enableVmProtection\": false\r\n  }\r\n}"}
    headers:
      cache-control: [no-cache]
      content-length: ['2652']
      content-type: [application/json; charset=utf-8]
      date: ['Tue, 19 Dec 2017 04:31:34 GMT']
      etag: [W/"40861028-22af-4ec0-bd22-9d1e05afeab2"]
      expires: ['-1']
      pragma: [no-cache]
      server: [Microsoft-HTTPAPI/2.0, Microsoft-HTTPAPI/2.0]
      strict-transport-security: [max-age=31536000; includeSubDomains]
      transfer-encoding: [chunked]
      vary: [Accept-Encoding]
    status: {code: 200, message: OK}
- request:
    body: null
    headers:
      Accept: [application/json]
      Accept-Encoding: ['gzip, deflate']
      CommandName: [group delete]
      Connection: [keep-alive]
      Content-Length: ['0']
      Content-Type: [application/json; charset=utf-8]
      User-Agent: [python/3.5.3 (Windows-10-10.0.16299-SP0) requests/2.18.4 msrest/0.4.22
          msrest_azure/0.4.19 resourcemanagementclient/1.2.1 Azure-SDK-For-Python
          AZURECLI/2.0.24]
      accept-language: [en-US]
    method: DELETE
    uri: https://management.azure.com/subscriptions/00000000-0000-0000-0000-000000000000/resourcegroups/cli_test_vmss_create_existing_ids000001?api-version=2017-05-10
  response:
    body: {string: ''}
    headers:
      cache-control: [no-cache]
      content-length: ['0']
      date: ['Tue, 19 Dec 2017 04:31:35 GMT']
      expires: ['-1']
      location: ['https://management.azure.com/subscriptions/00000000-0000-0000-0000-000000000000/operationresults/eyJqb2JJZCI6IlJFU09VUkNFR1JPVVBERUxFVElPTkpPQi1DTEk6NUZURVNUOjVGVk1TUzo1RkNSRUFURTo1RkVYSVNUSU5HOjVGSURTSjJFV3xGM0NEOEMxNkJEQUVEQUQ0LVdFU1RVUyIsImpvYkxvY2F0aW9uIjoid2VzdHVzIn0?api-version=2017-05-10']
      pragma: [no-cache]
      strict-transport-security: [max-age=31536000; includeSubDomains]
      x-ms-ratelimit-remaining-subscription-writes: ['1185']
    status: {code: 202, message: Accepted}
version: 1
