interactions:
- request:
    body: '{"tags": {"date": "2018-07-15T05:23:08Z", "cause": "automation", "product":
      "azurecli"}, "location": "westus"}'
    headers:
      Accept: [application/json]
      Accept-Encoding: ['gzip, deflate']
      CommandName: [group create]
      Connection: [keep-alive]
      Content-Length: ['110']
      Content-Type: [application/json; charset=utf-8]
      User-Agent: [python/3.5.4 (Windows-10-10.0.17134-SP0) requests/2.19.1 msrest/0.5.1
          msrest_azure/0.4.34 resourcemanagementclient/2.0.0rc3 Azure-SDK-For-Python
          AZURECLI/2.0.43]
      accept-language: [en-US]
    method: PUT
    uri: https://management.azure.com/subscriptions/00000000-0000-0000-0000-000000000000/resourcegroups/clitest.rg000001?api-version=2018-05-01
  response:
    body: {string: '{"id":"/subscriptions/00000000-0000-0000-0000-000000000000/resourceGroups/clitest.rg000001","name":"clitest.rg000001","location":"westus","tags":{"date":"2018-07-15T05:23:08Z","cause":"automation","product":"azurecli"},"properties":{"provisioningState":"Succeeded"}}'}
    headers:
      cache-control: [no-cache]
      content-length: ['384']
      content-type: [application/json; charset=utf-8]
      date: ['Sun, 15 Jul 2018 05:23:13 GMT']
      expires: ['-1']
      pragma: [no-cache]
      strict-transport-security: [max-age=31536000; includeSubDomains]
      x-content-type-options: [nosniff]
      x-ms-ratelimit-remaining-subscription-writes: ['1198']
    status: {code: 201, message: Created}
- request:
    body: null
    headers:
      Accept: [application/json]
      Accept-Encoding: ['gzip, deflate']
      CommandName: [vm create]
      Connection: [keep-alive]
      Content-Type: [application/json; charset=utf-8]
      User-Agent: [python/3.5.4 (Windows-10-10.0.17134-SP0) requests/2.19.1 msrest/0.5.1
          msrest_azure/0.4.34 resourcemanagementclient/2.0.0rc3 Azure-SDK-For-Python
          AZURECLI/2.0.43]
      accept-language: [en-US]
    method: GET
    uri: https://management.azure.com/subscriptions/00000000-0000-0000-0000-000000000000/resourcegroups/clitest.rg000001?api-version=2018-05-01
  response:
    body: {string: '{"id":"/subscriptions/00000000-0000-0000-0000-000000000000/resourceGroups/clitest.rg000001","name":"clitest.rg000001","location":"westus","tags":{"date":"2018-07-15T05:23:08Z","cause":"automation","product":"azurecli"},"properties":{"provisioningState":"Succeeded"}}'}
    headers:
      cache-control: [no-cache]
      content-length: ['384']
      content-type: [application/json; charset=utf-8]
      date: ['Sun, 15 Jul 2018 05:23:15 GMT']
      expires: ['-1']
      pragma: [no-cache]
      strict-transport-security: [max-age=31536000; includeSubDomains]
      vary: [Accept-Encoding]
      x-content-type-options: [nosniff]
    status: {code: 200, message: OK}
- request:
    body: null
    headers:
      Accept: ['*/*']
      Accept-Encoding: ['gzip, deflate']
      Connection: [keep-alive]
      User-Agent: [python-requests/2.19.1]
    method: GET
    uri: https://raw.githubusercontent.com/Azure/azure-rest-api-specs/master/arm-compute/quickstart-templates/aliases.json
  response:
    body: {string: "{\n  \"$schema\":\"http://schema.management.azure.com/schemas/2015-01-01/deploymentTemplate.json\",\n
        \ \"contentVersion\":\"1.0.0.0\",\n  \"parameters\":{},\n  \"variables\":{},\n
        \ \"resources\":[],\n\n  \"outputs\":{\n    \"aliases\":{\n      \"type\":\"object\",\n
        \     \"value\":{\n\n        \"Linux\":{\n          \"CentOS\":{\n            \"publisher\":\"OpenLogic\",\n
        \           \"offer\":\"CentOS\",\n            \"sku\":\"7.3\",\n            \"version\":\"latest\"\n
        \         },\n          \"CoreOS\":{\n            \"publisher\":\"CoreOS\",\n
        \           \"offer\":\"CoreOS\",\n            \"sku\":\"Stable\",\n            \"version\":\"latest\"\n
        \         },\n          \"Debian\":{\n            \"publisher\":\"credativ\",\n
        \           \"offer\":\"Debian\",\n            \"sku\":\"8\",\n            \"version\":\"latest\"\n
        \         },\n          \"openSUSE-Leap\": {\n            \"publisher\":\"SUSE\",\n
        \           \"offer\":\"openSUSE-Leap\",\n            \"sku\":\"42.3\",\n
        \           \"version\": \"latest\"\n          },\n          \"RHEL\":{\n
        \           \"publisher\":\"RedHat\",\n            \"offer\":\"RHEL\",\n            \"sku\":\"7.3\",\n
        \           \"version\":\"latest\"\n          },\n          \"SLES\":{\n            \"publisher\":\"SUSE\",\n
        \           \"offer\":\"SLES\",\n            \"sku\":\"12-SP2\",\n            \"version\":\"latest\"\n
        \         },\n          \"UbuntuLTS\":{\n            \"publisher\":\"Canonical\",\n
        \           \"offer\":\"UbuntuServer\",\n            \"sku\":\"16.04-LTS\",\n
        \           \"version\":\"latest\"\n          }\n        },\n\n        \"Windows\":{\n
        \         \"Win2016Datacenter\":{\n            \"publisher\":\"MicrosoftWindowsServer\",\n
        \           \"offer\":\"WindowsServer\",\n            \"sku\":\"2016-Datacenter\",\n
        \           \"version\":\"latest\"\n          },\n          \"Win2012R2Datacenter\":{\n
        \           \"publisher\":\"MicrosoftWindowsServer\",\n            \"offer\":\"WindowsServer\",\n
        \           \"sku\":\"2012-R2-Datacenter\",\n            \"version\":\"latest\"\n
        \         },\n          \"Win2012Datacenter\":{\n            \"publisher\":\"MicrosoftWindowsServer\",\n
        \           \"offer\":\"WindowsServer\",\n            \"sku\":\"2012-Datacenter\",\n
        \           \"version\":\"latest\"\n          },\n          \"Win2008R2SP1\":{\n
        \           \"publisher\":\"MicrosoftWindowsServer\",\n            \"offer\":\"WindowsServer\",\n
        \           \"sku\":\"2008-R2-SP1\",\n            \"version\":\"latest\"\n
        \         }\n        }\n      }\n    }\n  }\n}\n"}
    headers:
      accept-ranges: [bytes]
      access-control-allow-origin: ['*']
      cache-control: [max-age=300]
      connection: [keep-alive]
      content-length: ['2235']
      content-security-policy: [default-src 'none'; style-src 'unsafe-inline'; sandbox]
      content-type: [text/plain; charset=utf-8]
      date: ['Sun, 15 Jul 2018 05:23:15 GMT']
      etag: ['"60d07919b4224266adafb81340896eea100dc887"']
      expires: ['Sun, 15 Jul 2018 05:28:15 GMT']
      source-age: ['206']
      strict-transport-security: [max-age=31536000]
      vary: ['Authorization,Accept-Encoding']
      via: [1.1 varnish]
      x-cache: [HIT]
      x-cache-hits: ['1']
      x-content-type-options: [nosniff]
      x-fastly-request-id: [583a408b6a5defb7114453a6281c75ee6a635f0d]
      x-frame-options: [deny]
      x-geo-block-list: ['']
      x-github-request-id: ['C8A0:5C5E:4539A77:48C94AA:5B4AD974']
      x-served-by: [cache-sea1048-SEA]
      x-timer: ['S1531632196.560996,VS0,VE1']
      x-xss-protection: [1; mode=block]
    status: {code: 200, message: OK}
- request:
    body: null
    headers:
      Accept: [application/json]
      Accept-Encoding: ['gzip, deflate']
      CommandName: [vm create]
      Connection: [keep-alive]
      Content-Type: [application/json; charset=utf-8]
      User-Agent: [python/3.5.4 (Windows-10-10.0.17134-SP0) requests/2.19.1 msrest/0.5.1
          msrest_azure/0.4.34 networkmanagementclient/2.0.0rc3 Azure-SDK-For-Python
          AZURECLI/2.0.43]
      accept-language: [en-US]
    method: GET
    uri: https://management.azure.com/subscriptions/00000000-0000-0000-0000-000000000000/resourceGroups/clitest.rg000001/providers/Microsoft.Network/virtualNetworks?api-version=2018-01-01
  response:
    body: {string: '{"value":[]}'}
    headers:
      cache-control: [no-cache]
      content-length: ['12']
      content-type: [application/json; charset=utf-8]
      date: ['Sun, 15 Jul 2018 05:23:15 GMT']
      expires: ['-1']
      pragma: [no-cache]
      strict-transport-security: [max-age=31536000; includeSubDomains]
      vary: [Accept-Encoding]
      x-content-type-options: [nosniff]
    status: {code: 200, message: OK}
- request:
    body: null
    headers:
      Accept: [application/json]
      Accept-Encoding: ['gzip, deflate']
      CommandName: [vm create]
      Connection: [keep-alive]
      Content-Type: [application/json; charset=utf-8]
      User-Agent: [python/3.5.4 (Windows-10-10.0.17134-SP0) requests/2.19.1 msrest/0.5.1
          msrest_azure/0.4.34 computemanagementclient/4.0.0rc3 Azure-SDK-For-Python
          AZURECLI/2.0.43]
      accept-language: [en-US]
    method: GET
    uri: https://management.azure.com/subscriptions/00000000-0000-0000-0000-000000000000/providers/Microsoft.Compute/locations/westus/vmSizes?api-version=2018-06-01
  response:
    body: {string: "{\r\n  \"value\": [\r\n    {\r\n      \"name\": \"Standard_B1ms\",\r\n
        \     \"numberOfCores\": 1,\r\n      \"osDiskSizeInMB\": 1047552,\r\n      \"resourceDiskSizeInMB\":
        4096,\r\n      \"memoryInMB\": 2048,\r\n      \"maxDataDiskCount\": 2\r\n
        \   },\r\n    {\r\n      \"name\": \"Standard_B1s\",\r\n      \"numberOfCores\":
        1,\r\n      \"osDiskSizeInMB\": 1047552,\r\n      \"resourceDiskSizeInMB\":
        2048,\r\n      \"memoryInMB\": 1024,\r\n      \"maxDataDiskCount\": 2\r\n
        \   },\r\n    {\r\n      \"name\": \"Standard_B2ms\",\r\n      \"numberOfCores\":
        2,\r\n      \"osDiskSizeInMB\": 1047552,\r\n      \"resourceDiskSizeInMB\":
        16384,\r\n      \"memoryInMB\": 8192,\r\n      \"maxDataDiskCount\": 4\r\n
        \   },\r\n    {\r\n      \"name\": \"Standard_B2s\",\r\n      \"numberOfCores\":
        2,\r\n      \"osDiskSizeInMB\": 1047552,\r\n      \"resourceDiskSizeInMB\":
        8192,\r\n      \"memoryInMB\": 4096,\r\n      \"maxDataDiskCount\": 4\r\n
        \   },\r\n    {\r\n      \"name\": \"Standard_B4ms\",\r\n      \"numberOfCores\":
        4,\r\n      \"osDiskSizeInMB\": 1047552,\r\n      \"resourceDiskSizeInMB\":
        32768,\r\n      \"memoryInMB\": 16384,\r\n      \"maxDataDiskCount\": 8\r\n
        \   },\r\n    {\r\n      \"name\": \"Standard_B8ms\",\r\n      \"numberOfCores\":
        8,\r\n      \"osDiskSizeInMB\": 1047552,\r\n      \"resourceDiskSizeInMB\":
        65536,\r\n      \"memoryInMB\": 32768,\r\n      \"maxDataDiskCount\": 16\r\n
        \   },\r\n    {\r\n      \"name\": \"Standard_DS1_v2\",\r\n      \"numberOfCores\":
        1,\r\n      \"osDiskSizeInMB\": 1047552,\r\n      \"resourceDiskSizeInMB\":
        7168,\r\n      \"memoryInMB\": 3584,\r\n      \"maxDataDiskCount\": 4\r\n
        \   },\r\n    {\r\n      \"name\": \"Standard_DS2_v2\",\r\n      \"numberOfCores\":
        2,\r\n      \"osDiskSizeInMB\": 1047552,\r\n      \"resourceDiskSizeInMB\":
        14336,\r\n      \"memoryInMB\": 7168,\r\n      \"maxDataDiskCount\": 8\r\n
        \   },\r\n    {\r\n      \"name\": \"Standard_DS3_v2\",\r\n      \"numberOfCores\":
        4,\r\n      \"osDiskSizeInMB\": 1047552,\r\n      \"resourceDiskSizeInMB\":
        28672,\r\n      \"memoryInMB\": 14336,\r\n      \"maxDataDiskCount\": 16\r\n
        \   },\r\n    {\r\n      \"name\": \"Standard_DS4_v2\",\r\n      \"numberOfCores\":
        8,\r\n      \"osDiskSizeInMB\": 1047552,\r\n      \"resourceDiskSizeInMB\":
        57344,\r\n      \"memoryInMB\": 28672,\r\n      \"maxDataDiskCount\": 32\r\n
        \   },\r\n    {\r\n      \"name\": \"Standard_DS5_v2\",\r\n      \"numberOfCores\":
        16,\r\n      \"osDiskSizeInMB\": 1047552,\r\n      \"resourceDiskSizeInMB\":
        114688,\r\n      \"memoryInMB\": 57344,\r\n      \"maxDataDiskCount\": 64\r\n
        \   },\r\n    {\r\n      \"name\": \"Standard_DS11-1_v2\",\r\n      \"numberOfCores\":
        2,\r\n      \"osDiskSizeInMB\": 1047552,\r\n      \"resourceDiskSizeInMB\":
        28672,\r\n      \"memoryInMB\": 14336,\r\n      \"maxDataDiskCount\": 8\r\n
        \   },\r\n    {\r\n      \"name\": \"Standard_DS11_v2\",\r\n      \"numberOfCores\":
        2,\r\n      \"osDiskSizeInMB\": 1047552,\r\n      \"resourceDiskSizeInMB\":
        28672,\r\n      \"memoryInMB\": 14336,\r\n      \"maxDataDiskCount\": 8\r\n
        \   },\r\n    {\r\n      \"name\": \"Standard_DS12-1_v2\",\r\n      \"numberOfCores\":
        4,\r\n      \"osDiskSizeInMB\": 1047552,\r\n      \"resourceDiskSizeInMB\":
        57344,\r\n      \"memoryInMB\": 28672,\r\n      \"maxDataDiskCount\": 16\r\n
        \   },\r\n    {\r\n      \"name\": \"Standard_DS12-2_v2\",\r\n      \"numberOfCores\":
        4,\r\n      \"osDiskSizeInMB\": 1047552,\r\n      \"resourceDiskSizeInMB\":
        57344,\r\n      \"memoryInMB\": 28672,\r\n      \"maxDataDiskCount\": 16\r\n
        \   },\r\n    {\r\n      \"name\": \"Standard_DS12_v2\",\r\n      \"numberOfCores\":
        4,\r\n      \"osDiskSizeInMB\": 1047552,\r\n      \"resourceDiskSizeInMB\":
        57344,\r\n      \"memoryInMB\": 28672,\r\n      \"maxDataDiskCount\": 16\r\n
        \   },\r\n    {\r\n      \"name\": \"Standard_DS13-2_v2\",\r\n      \"numberOfCores\":
        8,\r\n      \"osDiskSizeInMB\": 1047552,\r\n      \"resourceDiskSizeInMB\":
        114688,\r\n      \"memoryInMB\": 57344,\r\n      \"maxDataDiskCount\": 32\r\n
        \   },\r\n    {\r\n      \"name\": \"Standard_DS13-4_v2\",\r\n      \"numberOfCores\":
        8,\r\n      \"osDiskSizeInMB\": 1047552,\r\n      \"resourceDiskSizeInMB\":
        114688,\r\n      \"memoryInMB\": 57344,\r\n      \"maxDataDiskCount\": 32\r\n
        \   },\r\n    {\r\n      \"name\": \"Standard_DS13_v2\",\r\n      \"numberOfCores\":
        8,\r\n      \"osDiskSizeInMB\": 1047552,\r\n      \"resourceDiskSizeInMB\":
        114688,\r\n      \"memoryInMB\": 57344,\r\n      \"maxDataDiskCount\": 32\r\n
        \   },\r\n    {\r\n      \"name\": \"Standard_DS14-4_v2\",\r\n      \"numberOfCores\":
        16,\r\n      \"osDiskSizeInMB\": 1047552,\r\n      \"resourceDiskSizeInMB\":
        229376,\r\n      \"memoryInMB\": 114688,\r\n      \"maxDataDiskCount\": 64\r\n
        \   },\r\n    {\r\n      \"name\": \"Standard_DS14-8_v2\",\r\n      \"numberOfCores\":
        16,\r\n      \"osDiskSizeInMB\": 1047552,\r\n      \"resourceDiskSizeInMB\":
        229376,\r\n      \"memoryInMB\": 114688,\r\n      \"maxDataDiskCount\": 64\r\n
        \   },\r\n    {\r\n      \"name\": \"Standard_DS14_v2\",\r\n      \"numberOfCores\":
        16,\r\n      \"osDiskSizeInMB\": 1047552,\r\n      \"resourceDiskSizeInMB\":
        229376,\r\n      \"memoryInMB\": 114688,\r\n      \"maxDataDiskCount\": 64\r\n
        \   },\r\n    {\r\n      \"name\": \"Standard_DS15_v2\",\r\n      \"numberOfCores\":
        20,\r\n      \"osDiskSizeInMB\": 1047552,\r\n      \"resourceDiskSizeInMB\":
        286720,\r\n      \"memoryInMB\": 143360,\r\n      \"maxDataDiskCount\": 64\r\n
        \   },\r\n    {\r\n      \"name\": \"Standard_DS2_v2_Promo\",\r\n      \"numberOfCores\":
        2,\r\n      \"osDiskSizeInMB\": 1047552,\r\n      \"resourceDiskSizeInMB\":
        14336,\r\n      \"memoryInMB\": 7168,\r\n      \"maxDataDiskCount\": 8\r\n
        \   },\r\n    {\r\n      \"name\": \"Standard_DS3_v2_Promo\",\r\n      \"numberOfCores\":
        4,\r\n      \"osDiskSizeInMB\": 1047552,\r\n      \"resourceDiskSizeInMB\":
        28672,\r\n      \"memoryInMB\": 14336,\r\n      \"maxDataDiskCount\": 16\r\n
        \   },\r\n    {\r\n      \"name\": \"Standard_DS4_v2_Promo\",\r\n      \"numberOfCores\":
        8,\r\n      \"osDiskSizeInMB\": 1047552,\r\n      \"resourceDiskSizeInMB\":
        57344,\r\n      \"memoryInMB\": 28672,\r\n      \"maxDataDiskCount\": 32\r\n
        \   },\r\n    {\r\n      \"name\": \"Standard_DS5_v2_Promo\",\r\n      \"numberOfCores\":
        16,\r\n      \"osDiskSizeInMB\": 1047552,\r\n      \"resourceDiskSizeInMB\":
        114688,\r\n      \"memoryInMB\": 57344,\r\n      \"maxDataDiskCount\": 64\r\n
        \   },\r\n    {\r\n      \"name\": \"Standard_DS11_v2_Promo\",\r\n      \"numberOfCores\":
        2,\r\n      \"osDiskSizeInMB\": 1047552,\r\n      \"resourceDiskSizeInMB\":
        28672,\r\n      \"memoryInMB\": 14336,\r\n      \"maxDataDiskCount\": 8\r\n
        \   },\r\n    {\r\n      \"name\": \"Standard_DS12_v2_Promo\",\r\n      \"numberOfCores\":
        4,\r\n      \"osDiskSizeInMB\": 1047552,\r\n      \"resourceDiskSizeInMB\":
        57344,\r\n      \"memoryInMB\": 28672,\r\n      \"maxDataDiskCount\": 16\r\n
        \   },\r\n    {\r\n      \"name\": \"Standard_DS13_v2_Promo\",\r\n      \"numberOfCores\":
        8,\r\n      \"osDiskSizeInMB\": 1047552,\r\n      \"resourceDiskSizeInMB\":
        114688,\r\n      \"memoryInMB\": 57344,\r\n      \"maxDataDiskCount\": 32\r\n
        \   },\r\n    {\r\n      \"name\": \"Standard_DS14_v2_Promo\",\r\n      \"numberOfCores\":
        16,\r\n      \"osDiskSizeInMB\": 1047552,\r\n      \"resourceDiskSizeInMB\":
        229376,\r\n      \"memoryInMB\": 114688,\r\n      \"maxDataDiskCount\": 64\r\n
        \   },\r\n    {\r\n      \"name\": \"Standard_F1s\",\r\n      \"numberOfCores\":
        1,\r\n      \"osDiskSizeInMB\": 1047552,\r\n      \"resourceDiskSizeInMB\":
        4096,\r\n      \"memoryInMB\": 2048,\r\n      \"maxDataDiskCount\": 4\r\n
        \   },\r\n    {\r\n      \"name\": \"Standard_F2s\",\r\n      \"numberOfCores\":
        2,\r\n      \"osDiskSizeInMB\": 1047552,\r\n      \"resourceDiskSizeInMB\":
        8192,\r\n      \"memoryInMB\": 4096,\r\n      \"maxDataDiskCount\": 8\r\n
        \   },\r\n    {\r\n      \"name\": \"Standard_F4s\",\r\n      \"numberOfCores\":
        4,\r\n      \"osDiskSizeInMB\": 1047552,\r\n      \"resourceDiskSizeInMB\":
        16384,\r\n      \"memoryInMB\": 8192,\r\n      \"maxDataDiskCount\": 16\r\n
        \   },\r\n    {\r\n      \"name\": \"Standard_F8s\",\r\n      \"numberOfCores\":
        8,\r\n      \"osDiskSizeInMB\": 1047552,\r\n      \"resourceDiskSizeInMB\":
        32768,\r\n      \"memoryInMB\": 16384,\r\n      \"maxDataDiskCount\": 32\r\n
        \   },\r\n    {\r\n      \"name\": \"Standard_F16s\",\r\n      \"numberOfCores\":
        16,\r\n      \"osDiskSizeInMB\": 1047552,\r\n      \"resourceDiskSizeInMB\":
        65536,\r\n      \"memoryInMB\": 32768,\r\n      \"maxDataDiskCount\": 64\r\n
        \   },\r\n    {\r\n      \"name\": \"Standard_D2s_v3\",\r\n      \"numberOfCores\":
        2,\r\n      \"osDiskSizeInMB\": 1047552,\r\n      \"resourceDiskSizeInMB\":
        16384,\r\n      \"memoryInMB\": 8192,\r\n      \"maxDataDiskCount\": 4\r\n
        \   },\r\n    {\r\n      \"name\": \"Standard_D4s_v3\",\r\n      \"numberOfCores\":
        4,\r\n      \"osDiskSizeInMB\": 1047552,\r\n      \"resourceDiskSizeInMB\":
        32768,\r\n      \"memoryInMB\": 16384,\r\n      \"maxDataDiskCount\": 8\r\n
        \   },\r\n    {\r\n      \"name\": \"Standard_D8s_v3\",\r\n      \"numberOfCores\":
        8,\r\n      \"osDiskSizeInMB\": 1047552,\r\n      \"resourceDiskSizeInMB\":
        65536,\r\n      \"memoryInMB\": 32768,\r\n      \"maxDataDiskCount\": 16\r\n
        \   },\r\n    {\r\n      \"name\": \"Standard_D16s_v3\",\r\n      \"numberOfCores\":
        16,\r\n      \"osDiskSizeInMB\": 1047552,\r\n      \"resourceDiskSizeInMB\":
        131072,\r\n      \"memoryInMB\": 65536,\r\n      \"maxDataDiskCount\": 32\r\n
        \   },\r\n    {\r\n      \"name\": \"Standard_D32s_v3\",\r\n      \"numberOfCores\":
        32,\r\n      \"osDiskSizeInMB\": 1047552,\r\n      \"resourceDiskSizeInMB\":
        262144,\r\n      \"memoryInMB\": 131072,\r\n      \"maxDataDiskCount\": 32\r\n
        \   },\r\n    {\r\n      \"name\": \"Standard_A0\",\r\n      \"numberOfCores\":
        1,\r\n      \"osDiskSizeInMB\": 1047552,\r\n      \"resourceDiskSizeInMB\":
        20480,\r\n      \"memoryInMB\": 768,\r\n      \"maxDataDiskCount\": 1\r\n
        \   },\r\n    {\r\n      \"name\": \"Standard_A1\",\r\n      \"numberOfCores\":
        1,\r\n      \"osDiskSizeInMB\": 1047552,\r\n      \"resourceDiskSizeInMB\":
        71680,\r\n      \"memoryInMB\": 1792,\r\n      \"maxDataDiskCount\": 2\r\n
        \   },\r\n    {\r\n      \"name\": \"Standard_A2\",\r\n      \"numberOfCores\":
        2,\r\n      \"osDiskSizeInMB\": 1047552,\r\n      \"resourceDiskSizeInMB\":
        138240,\r\n      \"memoryInMB\": 3584,\r\n      \"maxDataDiskCount\": 4\r\n
        \   },\r\n    {\r\n      \"name\": \"Standard_A3\",\r\n      \"numberOfCores\":
        4,\r\n      \"osDiskSizeInMB\": 1047552,\r\n      \"resourceDiskSizeInMB\":
        291840,\r\n      \"memoryInMB\": 7168,\r\n      \"maxDataDiskCount\": 8\r\n
        \   },\r\n    {\r\n      \"name\": \"Standard_A5\",\r\n      \"numberOfCores\":
        2,\r\n      \"osDiskSizeInMB\": 1047552,\r\n      \"resourceDiskSizeInMB\":
        138240,\r\n      \"memoryInMB\": 14336,\r\n      \"maxDataDiskCount\": 4\r\n
        \   },\r\n    {\r\n      \"name\": \"Standard_A4\",\r\n      \"numberOfCores\":
        8,\r\n      \"osDiskSizeInMB\": 1047552,\r\n      \"resourceDiskSizeInMB\":
        619520,\r\n      \"memoryInMB\": 14336,\r\n      \"maxDataDiskCount\": 16\r\n
        \   },\r\n    {\r\n      \"name\": \"Standard_A6\",\r\n      \"numberOfCores\":
        4,\r\n      \"osDiskSizeInMB\": 1047552,\r\n      \"resourceDiskSizeInMB\":
        291840,\r\n      \"memoryInMB\": 28672,\r\n      \"maxDataDiskCount\": 8\r\n
        \   },\r\n    {\r\n      \"name\": \"Standard_A7\",\r\n      \"numberOfCores\":
        8,\r\n      \"osDiskSizeInMB\": 1047552,\r\n      \"resourceDiskSizeInMB\":
        619520,\r\n      \"memoryInMB\": 57344,\r\n      \"maxDataDiskCount\": 16\r\n
        \   },\r\n    {\r\n      \"name\": \"Basic_A0\",\r\n      \"numberOfCores\":
        1,\r\n      \"osDiskSizeInMB\": 1047552,\r\n      \"resourceDiskSizeInMB\":
        20480,\r\n      \"memoryInMB\": 768,\r\n      \"maxDataDiskCount\": 1\r\n
        \   },\r\n    {\r\n      \"name\": \"Basic_A1\",\r\n      \"numberOfCores\":
        1,\r\n      \"osDiskSizeInMB\": 1047552,\r\n      \"resourceDiskSizeInMB\":
        40960,\r\n      \"memoryInMB\": 1792,\r\n      \"maxDataDiskCount\": 2\r\n
        \   },\r\n    {\r\n      \"name\": \"Basic_A2\",\r\n      \"numberOfCores\":
        2,\r\n      \"osDiskSizeInMB\": 1047552,\r\n      \"resourceDiskSizeInMB\":
        61440,\r\n      \"memoryInMB\": 3584,\r\n      \"maxDataDiskCount\": 4\r\n
        \   },\r\n    {\r\n      \"name\": \"Basic_A3\",\r\n      \"numberOfCores\":
        4,\r\n      \"osDiskSizeInMB\": 1047552,\r\n      \"resourceDiskSizeInMB\":
        122880,\r\n      \"memoryInMB\": 7168,\r\n      \"maxDataDiskCount\": 8\r\n
        \   },\r\n    {\r\n      \"name\": \"Basic_A4\",\r\n      \"numberOfCores\":
        8,\r\n      \"osDiskSizeInMB\": 1047552,\r\n      \"resourceDiskSizeInMB\":
        245760,\r\n      \"memoryInMB\": 14336,\r\n      \"maxDataDiskCount\": 16\r\n
        \   },\r\n    {\r\n      \"name\": \"Standard_D1_v2\",\r\n      \"numberOfCores\":
        1,\r\n      \"osDiskSizeInMB\": 1047552,\r\n      \"resourceDiskSizeInMB\":
        51200,\r\n      \"memoryInMB\": 3584,\r\n      \"maxDataDiskCount\": 4\r\n
        \   },\r\n    {\r\n      \"name\": \"Standard_D2_v2\",\r\n      \"numberOfCores\":
        2,\r\n      \"osDiskSizeInMB\": 1047552,\r\n      \"resourceDiskSizeInMB\":
        102400,\r\n      \"memoryInMB\": 7168,\r\n      \"maxDataDiskCount\": 8\r\n
        \   },\r\n    {\r\n      \"name\": \"Standard_D3_v2\",\r\n      \"numberOfCores\":
        4,\r\n      \"osDiskSizeInMB\": 1047552,\r\n      \"resourceDiskSizeInMB\":
        204800,\r\n      \"memoryInMB\": 14336,\r\n      \"maxDataDiskCount\": 16\r\n
        \   },\r\n    {\r\n      \"name\": \"Standard_D4_v2\",\r\n      \"numberOfCores\":
        8,\r\n      \"osDiskSizeInMB\": 1047552,\r\n      \"resourceDiskSizeInMB\":
        409600,\r\n      \"memoryInMB\": 28672,\r\n      \"maxDataDiskCount\": 32\r\n
        \   },\r\n    {\r\n      \"name\": \"Standard_D5_v2\",\r\n      \"numberOfCores\":
        16,\r\n      \"osDiskSizeInMB\": 1047552,\r\n      \"resourceDiskSizeInMB\":
        819200,\r\n      \"memoryInMB\": 57344,\r\n      \"maxDataDiskCount\": 64\r\n
        \   },\r\n    {\r\n      \"name\": \"Standard_D11_v2\",\r\n      \"numberOfCores\":
        2,\r\n      \"osDiskSizeInMB\": 1047552,\r\n      \"resourceDiskSizeInMB\":
        102400,\r\n      \"memoryInMB\": 14336,\r\n      \"maxDataDiskCount\": 8\r\n
        \   },\r\n    {\r\n      \"name\": \"Standard_D12_v2\",\r\n      \"numberOfCores\":
        4,\r\n      \"osDiskSizeInMB\": 1047552,\r\n      \"resourceDiskSizeInMB\":
        204800,\r\n      \"memoryInMB\": 28672,\r\n      \"maxDataDiskCount\": 16\r\n
        \   },\r\n    {\r\n      \"name\": \"Standard_D13_v2\",\r\n      \"numberOfCores\":
        8,\r\n      \"osDiskSizeInMB\": 1047552,\r\n      \"resourceDiskSizeInMB\":
        409600,\r\n      \"memoryInMB\": 57344,\r\n      \"maxDataDiskCount\": 32\r\n
        \   },\r\n    {\r\n      \"name\": \"Standard_D14_v2\",\r\n      \"numberOfCores\":
        16,\r\n      \"osDiskSizeInMB\": 1047552,\r\n      \"resourceDiskSizeInMB\":
        819200,\r\n      \"memoryInMB\": 114688,\r\n      \"maxDataDiskCount\": 64\r\n
        \   },\r\n    {\r\n      \"name\": \"Standard_D15_v2\",\r\n      \"numberOfCores\":
        20,\r\n      \"osDiskSizeInMB\": 1047552,\r\n      \"resourceDiskSizeInMB\":
        286720,\r\n      \"memoryInMB\": 143360,\r\n      \"maxDataDiskCount\": 64\r\n
        \   },\r\n    {\r\n      \"name\": \"Standard_D2_v2_Promo\",\r\n      \"numberOfCores\":
        2,\r\n      \"osDiskSizeInMB\": 1047552,\r\n      \"resourceDiskSizeInMB\":
        102400,\r\n      \"memoryInMB\": 7168,\r\n      \"maxDataDiskCount\": 8\r\n
        \   },\r\n    {\r\n      \"name\": \"Standard_D3_v2_Promo\",\r\n      \"numberOfCores\":
        4,\r\n      \"osDiskSizeInMB\": 1047552,\r\n      \"resourceDiskSizeInMB\":
        204800,\r\n      \"memoryInMB\": 14336,\r\n      \"maxDataDiskCount\": 16\r\n
        \   },\r\n    {\r\n      \"name\": \"Standard_D4_v2_Promo\",\r\n      \"numberOfCores\":
        8,\r\n      \"osDiskSizeInMB\": 1047552,\r\n      \"resourceDiskSizeInMB\":
        409600,\r\n      \"memoryInMB\": 28672,\r\n      \"maxDataDiskCount\": 32\r\n
        \   },\r\n    {\r\n      \"name\": \"Standard_D5_v2_Promo\",\r\n      \"numberOfCores\":
        16,\r\n      \"osDiskSizeInMB\": 1047552,\r\n      \"resourceDiskSizeInMB\":
        819200,\r\n      \"memoryInMB\": 57344,\r\n      \"maxDataDiskCount\": 64\r\n
        \   },\r\n    {\r\n      \"name\": \"Standard_D11_v2_Promo\",\r\n      \"numberOfCores\":
        2,\r\n      \"osDiskSizeInMB\": 1047552,\r\n      \"resourceDiskSizeInMB\":
        102400,\r\n      \"memoryInMB\": 14336,\r\n      \"maxDataDiskCount\": 8\r\n
        \   },\r\n    {\r\n      \"name\": \"Standard_D12_v2_Promo\",\r\n      \"numberOfCores\":
        4,\r\n      \"osDiskSizeInMB\": 1047552,\r\n      \"resourceDiskSizeInMB\":
        204800,\r\n      \"memoryInMB\": 28672,\r\n      \"maxDataDiskCount\": 16\r\n
        \   },\r\n    {\r\n      \"name\": \"Standard_D13_v2_Promo\",\r\n      \"numberOfCores\":
        8,\r\n      \"osDiskSizeInMB\": 1047552,\r\n      \"resourceDiskSizeInMB\":
        409600,\r\n      \"memoryInMB\": 57344,\r\n      \"maxDataDiskCount\": 32\r\n
        \   },\r\n    {\r\n      \"name\": \"Standard_D14_v2_Promo\",\r\n      \"numberOfCores\":
        16,\r\n      \"osDiskSizeInMB\": 1047552,\r\n      \"resourceDiskSizeInMB\":
        819200,\r\n      \"memoryInMB\": 114688,\r\n      \"maxDataDiskCount\": 64\r\n
        \   },\r\n    {\r\n      \"name\": \"Standard_F1\",\r\n      \"numberOfCores\":
        1,\r\n      \"osDiskSizeInMB\": 1047552,\r\n      \"resourceDiskSizeInMB\":
        16384,\r\n      \"memoryInMB\": 2048,\r\n      \"maxDataDiskCount\": 4\r\n
        \   },\r\n    {\r\n      \"name\": \"Standard_F2\",\r\n      \"numberOfCores\":
        2,\r\n      \"osDiskSizeInMB\": 1047552,\r\n      \"resourceDiskSizeInMB\":
        32768,\r\n      \"memoryInMB\": 4096,\r\n      \"maxDataDiskCount\": 8\r\n
        \   },\r\n    {\r\n      \"name\": \"Standard_F4\",\r\n      \"numberOfCores\":
        4,\r\n      \"osDiskSizeInMB\": 1047552,\r\n      \"resourceDiskSizeInMB\":
        65536,\r\n      \"memoryInMB\": 8192,\r\n      \"maxDataDiskCount\": 16\r\n
        \   },\r\n    {\r\n      \"name\": \"Standard_F8\",\r\n      \"numberOfCores\":
        8,\r\n      \"osDiskSizeInMB\": 1047552,\r\n      \"resourceDiskSizeInMB\":
        131072,\r\n      \"memoryInMB\": 16384,\r\n      \"maxDataDiskCount\": 32\r\n
        \   },\r\n    {\r\n      \"name\": \"Standard_F16\",\r\n      \"numberOfCores\":
        16,\r\n      \"osDiskSizeInMB\": 1047552,\r\n      \"resourceDiskSizeInMB\":
        262144,\r\n      \"memoryInMB\": 32768,\r\n      \"maxDataDiskCount\": 64\r\n
        \   },\r\n    {\r\n      \"name\": \"Standard_A1_v2\",\r\n      \"numberOfCores\":
        1,\r\n      \"osDiskSizeInMB\": 1047552,\r\n      \"resourceDiskSizeInMB\":
        10240,\r\n      \"memoryInMB\": 2048,\r\n      \"maxDataDiskCount\": 2\r\n
        \   },\r\n    {\r\n      \"name\": \"Standard_A2m_v2\",\r\n      \"numberOfCores\":
        2,\r\n      \"osDiskSizeInMB\": 1047552,\r\n      \"resourceDiskSizeInMB\":
        20480,\r\n      \"memoryInMB\": 16384,\r\n      \"maxDataDiskCount\": 4\r\n
        \   },\r\n    {\r\n      \"name\": \"Standard_A2_v2\",\r\n      \"numberOfCores\":
        2,\r\n      \"osDiskSizeInMB\": 1047552,\r\n      \"resourceDiskSizeInMB\":
        20480,\r\n      \"memoryInMB\": 4096,\r\n      \"maxDataDiskCount\": 4\r\n
        \   },\r\n    {\r\n      \"name\": \"Standard_A4m_v2\",\r\n      \"numberOfCores\":
        4,\r\n      \"osDiskSizeInMB\": 1047552,\r\n      \"resourceDiskSizeInMB\":
        40960,\r\n      \"memoryInMB\": 32768,\r\n      \"maxDataDiskCount\": 8\r\n
        \   },\r\n    {\r\n      \"name\": \"Standard_A4_v2\",\r\n      \"numberOfCores\":
        4,\r\n      \"osDiskSizeInMB\": 1047552,\r\n      \"resourceDiskSizeInMB\":
        40960,\r\n      \"memoryInMB\": 8192,\r\n      \"maxDataDiskCount\": 8\r\n
        \   },\r\n    {\r\n      \"name\": \"Standard_A8m_v2\",\r\n      \"numberOfCores\":
        8,\r\n      \"osDiskSizeInMB\": 1047552,\r\n      \"resourceDiskSizeInMB\":
        81920,\r\n      \"memoryInMB\": 65536,\r\n      \"maxDataDiskCount\": 16\r\n
        \   },\r\n    {\r\n      \"name\": \"Standard_A8_v2\",\r\n      \"numberOfCores\":
        8,\r\n      \"osDiskSizeInMB\": 1047552,\r\n      \"resourceDiskSizeInMB\":
        81920,\r\n      \"memoryInMB\": 16384,\r\n      \"maxDataDiskCount\": 16\r\n
        \   },\r\n    {\r\n      \"name\": \"Standard_D2_v3\",\r\n      \"numberOfCores\":
        2,\r\n      \"osDiskSizeInMB\": 1047552,\r\n      \"resourceDiskSizeInMB\":
        51200,\r\n      \"memoryInMB\": 8192,\r\n      \"maxDataDiskCount\": 4\r\n
        \   },\r\n    {\r\n      \"name\": \"Standard_D4_v3\",\r\n      \"numberOfCores\":
        4,\r\n      \"osDiskSizeInMB\": 1047552,\r\n      \"resourceDiskSizeInMB\":
        102400,\r\n      \"memoryInMB\": 16384,\r\n      \"maxDataDiskCount\": 8\r\n
        \   },\r\n    {\r\n      \"name\": \"Standard_D8_v3\",\r\n      \"numberOfCores\":
        8,\r\n      \"osDiskSizeInMB\": 1047552,\r\n      \"resourceDiskSizeInMB\":
        204800,\r\n      \"memoryInMB\": 32768,\r\n      \"maxDataDiskCount\": 16\r\n
        \   },\r\n    {\r\n      \"name\": \"Standard_D16_v3\",\r\n      \"numberOfCores\":
        16,\r\n      \"osDiskSizeInMB\": 1047552,\r\n      \"resourceDiskSizeInMB\":
        409600,\r\n      \"memoryInMB\": 65636,\r\n      \"maxDataDiskCount\": 32\r\n
        \   },\r\n    {\r\n      \"name\": \"Standard_D32_v3\",\r\n      \"numberOfCores\":
        32,\r\n      \"osDiskSizeInMB\": 1047552,\r\n      \"resourceDiskSizeInMB\":
        819200,\r\n      \"memoryInMB\": 131072,\r\n      \"maxDataDiskCount\": 32\r\n
        \   },\r\n    {\r\n      \"name\": \"Standard_D1\",\r\n      \"numberOfCores\":
        1,\r\n      \"osDiskSizeInMB\": 1047552,\r\n      \"resourceDiskSizeInMB\":
        51200,\r\n      \"memoryInMB\": 3584,\r\n      \"maxDataDiskCount\": 4\r\n
        \   },\r\n    {\r\n      \"name\": \"Standard_D2\",\r\n      \"numberOfCores\":
        2,\r\n      \"osDiskSizeInMB\": 1047552,\r\n      \"resourceDiskSizeInMB\":
        102400,\r\n      \"memoryInMB\": 7168,\r\n      \"maxDataDiskCount\": 8\r\n
        \   },\r\n    {\r\n      \"name\": \"Standard_D3\",\r\n      \"numberOfCores\":
        4,\r\n      \"osDiskSizeInMB\": 1047552,\r\n      \"resourceDiskSizeInMB\":
        204800,\r\n      \"memoryInMB\": 14336,\r\n      \"maxDataDiskCount\": 16\r\n
        \   },\r\n    {\r\n      \"name\": \"Standard_D4\",\r\n      \"numberOfCores\":
        8,\r\n      \"osDiskSizeInMB\": 1047552,\r\n      \"resourceDiskSizeInMB\":
        409600,\r\n      \"memoryInMB\": 28672,\r\n      \"maxDataDiskCount\": 32\r\n
        \   },\r\n    {\r\n      \"name\": \"Standard_D11\",\r\n      \"numberOfCores\":
        2,\r\n      \"osDiskSizeInMB\": 1047552,\r\n      \"resourceDiskSizeInMB\":
        102400,\r\n      \"memoryInMB\": 14336,\r\n      \"maxDataDiskCount\": 8\r\n
        \   },\r\n    {\r\n      \"name\": \"Standard_D12\",\r\n      \"numberOfCores\":
        4,\r\n      \"osDiskSizeInMB\": 1047552,\r\n      \"resourceDiskSizeInMB\":
        204800,\r\n      \"memoryInMB\": 28672,\r\n      \"maxDataDiskCount\": 16\r\n
        \   },\r\n    {\r\n      \"name\": \"Standard_D13\",\r\n      \"numberOfCores\":
        8,\r\n      \"osDiskSizeInMB\": 1047552,\r\n      \"resourceDiskSizeInMB\":
        409600,\r\n      \"memoryInMB\": 57344,\r\n      \"maxDataDiskCount\": 32\r\n
        \   },\r\n    {\r\n      \"name\": \"Standard_D14\",\r\n      \"numberOfCores\":
        16,\r\n      \"osDiskSizeInMB\": 1047552,\r\n      \"resourceDiskSizeInMB\":
        819200,\r\n      \"memoryInMB\": 114688,\r\n      \"maxDataDiskCount\": 64\r\n
        \   },\r\n    {\r\n      \"name\": \"Standard_DS1\",\r\n      \"numberOfCores\":
        1,\r\n      \"osDiskSizeInMB\": 1047552,\r\n      \"resourceDiskSizeInMB\":
        7168,\r\n      \"memoryInMB\": 3584,\r\n      \"maxDataDiskCount\": 4\r\n
        \   },\r\n    {\r\n      \"name\": \"Standard_DS2\",\r\n      \"numberOfCores\":
        2,\r\n      \"osDiskSizeInMB\": 1047552,\r\n      \"resourceDiskSizeInMB\":
        14336,\r\n      \"memoryInMB\": 7168,\r\n      \"maxDataDiskCount\": 8\r\n
        \   },\r\n    {\r\n      \"name\": \"Standard_DS3\",\r\n      \"numberOfCores\":
        4,\r\n      \"osDiskSizeInMB\": 1047552,\r\n      \"resourceDiskSizeInMB\":
        28672,\r\n      \"memoryInMB\": 14336,\r\n      \"maxDataDiskCount\": 16\r\n
        \   },\r\n    {\r\n      \"name\": \"Standard_DS4\",\r\n      \"numberOfCores\":
        8,\r\n      \"osDiskSizeInMB\": 1047552,\r\n      \"resourceDiskSizeInMB\":
        57344,\r\n      \"memoryInMB\": 28672,\r\n      \"maxDataDiskCount\": 32\r\n
        \   },\r\n    {\r\n      \"name\": \"Standard_DS11\",\r\n      \"numberOfCores\":
        2,\r\n      \"osDiskSizeInMB\": 1047552,\r\n      \"resourceDiskSizeInMB\":
        28672,\r\n      \"memoryInMB\": 14336,\r\n      \"maxDataDiskCount\": 8\r\n
        \   },\r\n    {\r\n      \"name\": \"Standard_DS12\",\r\n      \"numberOfCores\":
        4,\r\n      \"osDiskSizeInMB\": 1047552,\r\n      \"resourceDiskSizeInMB\":
        57344,\r\n      \"memoryInMB\": 28672,\r\n      \"maxDataDiskCount\": 16\r\n
        \   },\r\n    {\r\n      \"name\": \"Standard_DS13\",\r\n      \"numberOfCores\":
        8,\r\n      \"osDiskSizeInMB\": 1047552,\r\n      \"resourceDiskSizeInMB\":
        114688,\r\n      \"memoryInMB\": 57344,\r\n      \"maxDataDiskCount\": 32\r\n
        \   },\r\n    {\r\n      \"name\": \"Standard_DS14\",\r\n      \"numberOfCores\":
        16,\r\n      \"osDiskSizeInMB\": 1047552,\r\n      \"resourceDiskSizeInMB\":
        229376,\r\n      \"memoryInMB\": 114688,\r\n      \"maxDataDiskCount\": 64\r\n
        \   },\r\n    {\r\n      \"name\": \"Standard_D64_v3\",\r\n      \"numberOfCores\":
        64,\r\n      \"osDiskSizeInMB\": 1047552,\r\n      \"resourceDiskSizeInMB\":
        1638400,\r\n      \"memoryInMB\": 262144,\r\n      \"maxDataDiskCount\": 32\r\n
        \   },\r\n    {\r\n      \"name\": \"Standard_D64s_v3\",\r\n      \"numberOfCores\":
        64,\r\n      \"osDiskSizeInMB\": 1047552,\r\n      \"resourceDiskSizeInMB\":
        524288,\r\n      \"memoryInMB\": 262144,\r\n      \"maxDataDiskCount\": 32\r\n
        \   },\r\n    {\r\n      \"name\": \"Standard_E2_v3\",\r\n      \"numberOfCores\":
        2,\r\n      \"osDiskSizeInMB\": 1047552,\r\n      \"resourceDiskSizeInMB\":
        51200,\r\n      \"memoryInMB\": 16384,\r\n      \"maxDataDiskCount\": 4\r\n
        \   },\r\n    {\r\n      \"name\": \"Standard_E4_v3\",\r\n      \"numberOfCores\":
        4,\r\n      \"osDiskSizeInMB\": 1047552,\r\n      \"resourceDiskSizeInMB\":
        102400,\r\n      \"memoryInMB\": 32768,\r\n      \"maxDataDiskCount\": 8\r\n
        \   },\r\n    {\r\n      \"name\": \"Standard_E8_v3\",\r\n      \"numberOfCores\":
        8,\r\n      \"osDiskSizeInMB\": 1047552,\r\n      \"resourceDiskSizeInMB\":
        204800,\r\n      \"memoryInMB\": 65536,\r\n      \"maxDataDiskCount\": 16\r\n
        \   },\r\n    {\r\n      \"name\": \"Standard_E16_v3\",\r\n      \"numberOfCores\":
        16,\r\n      \"osDiskSizeInMB\": 1047552,\r\n      \"resourceDiskSizeInMB\":
        409600,\r\n      \"memoryInMB\": 131072,\r\n      \"maxDataDiskCount\": 32\r\n
        \   },\r\n    {\r\n      \"name\": \"Standard_E20_v3\",\r\n      \"numberOfCores\":
        20,\r\n      \"osDiskSizeInMB\": 1047552,\r\n      \"resourceDiskSizeInMB\":
        512000,\r\n      \"memoryInMB\": 163840,\r\n      \"maxDataDiskCount\": 32\r\n
        \   },\r\n    {\r\n      \"name\": \"Standard_E32_v3\",\r\n      \"numberOfCores\":
        32,\r\n      \"osDiskSizeInMB\": 1047552,\r\n      \"resourceDiskSizeInMB\":
        819200,\r\n      \"memoryInMB\": 262144,\r\n      \"maxDataDiskCount\": 32\r\n
        \   },\r\n    {\r\n      \"name\": \"Standard_E64i_v3\",\r\n      \"numberOfCores\":
        64,\r\n      \"osDiskSizeInMB\": 1047552,\r\n      \"resourceDiskSizeInMB\":
        1638400,\r\n      \"memoryInMB\": 442368,\r\n      \"maxDataDiskCount\": 32\r\n
        \   },\r\n    {\r\n      \"name\": \"Standard_E64_v3\",\r\n      \"numberOfCores\":
        64,\r\n      \"osDiskSizeInMB\": 1047552,\r\n      \"resourceDiskSizeInMB\":
        1638400,\r\n      \"memoryInMB\": 442368,\r\n      \"maxDataDiskCount\": 32\r\n
        \   },\r\n    {\r\n      \"name\": \"Standard_E2s_v3\",\r\n      \"numberOfCores\":
        2,\r\n      \"osDiskSizeInMB\": 1047552,\r\n      \"resourceDiskSizeInMB\":
        32768,\r\n      \"memoryInMB\": 16384,\r\n      \"maxDataDiskCount\": 4\r\n
        \   },\r\n    {\r\n      \"name\": \"Standard_E4-2s_v3\",\r\n      \"numberOfCores\":
        4,\r\n      \"osDiskSizeInMB\": 1047552,\r\n      \"resourceDiskSizeInMB\":
        65536,\r\n      \"memoryInMB\": 32768,\r\n      \"maxDataDiskCount\": 8\r\n
        \   },\r\n    {\r\n      \"name\": \"Standard_E4s_v3\",\r\n      \"numberOfCores\":
        4,\r\n      \"osDiskSizeInMB\": 1047552,\r\n      \"resourceDiskSizeInMB\":
        65536,\r\n      \"memoryInMB\": 32768,\r\n      \"maxDataDiskCount\": 8\r\n
        \   },\r\n    {\r\n      \"name\": \"Standard_E8-2s_v3\",\r\n      \"numberOfCores\":
        8,\r\n      \"osDiskSizeInMB\": 1047552,\r\n      \"resourceDiskSizeInMB\":
        131072,\r\n      \"memoryInMB\": 65536,\r\n      \"maxDataDiskCount\": 16\r\n
        \   },\r\n    {\r\n      \"name\": \"Standard_E8-4s_v3\",\r\n      \"numberOfCores\":
        8,\r\n      \"osDiskSizeInMB\": 1047552,\r\n      \"resourceDiskSizeInMB\":
        131072,\r\n      \"memoryInMB\": 65536,\r\n      \"maxDataDiskCount\": 16\r\n
        \   },\r\n    {\r\n      \"name\": \"Standard_E8s_v3\",\r\n      \"numberOfCores\":
        8,\r\n      \"osDiskSizeInMB\": 1047552,\r\n      \"resourceDiskSizeInMB\":
        131072,\r\n      \"memoryInMB\": 65536,\r\n      \"maxDataDiskCount\": 16\r\n
        \   },\r\n    {\r\n      \"name\": \"Standard_E16-4s_v3\",\r\n      \"numberOfCores\":
        16,\r\n      \"osDiskSizeInMB\": 1047552,\r\n      \"resourceDiskSizeInMB\":
        262144,\r\n      \"memoryInMB\": 131072,\r\n      \"maxDataDiskCount\": 32\r\n
        \   },\r\n    {\r\n      \"name\": \"Standard_E16-8s_v3\",\r\n      \"numberOfCores\":
        16,\r\n      \"osDiskSizeInMB\": 1047552,\r\n      \"resourceDiskSizeInMB\":
        262144,\r\n      \"memoryInMB\": 131072,\r\n      \"maxDataDiskCount\": 32\r\n
        \   },\r\n    {\r\n      \"name\": \"Standard_E16s_v3\",\r\n      \"numberOfCores\":
        16,\r\n      \"osDiskSizeInMB\": 1047552,\r\n      \"resourceDiskSizeInMB\":
        262144,\r\n      \"memoryInMB\": 131072,\r\n      \"maxDataDiskCount\": 32\r\n
        \   },\r\n    {\r\n      \"name\": \"Standard_E20s_v3\",\r\n      \"numberOfCores\":
        20,\r\n      \"osDiskSizeInMB\": 1047552,\r\n      \"resourceDiskSizeInMB\":
        327680,\r\n      \"memoryInMB\": 163840,\r\n      \"maxDataDiskCount\": 32\r\n
        \   },\r\n    {\r\n      \"name\": \"Standard_E32-8s_v3\",\r\n      \"numberOfCores\":
        32,\r\n      \"osDiskSizeInMB\": 1047552,\r\n      \"resourceDiskSizeInMB\":
        524288,\r\n      \"memoryInMB\": 262144,\r\n      \"maxDataDiskCount\": 32\r\n
        \   },\r\n    {\r\n      \"name\": \"Standard_E32-16s_v3\",\r\n      \"numberOfCores\":
        32,\r\n      \"osDiskSizeInMB\": 1047552,\r\n      \"resourceDiskSizeInMB\":
        524288,\r\n      \"memoryInMB\": 262144,\r\n      \"maxDataDiskCount\": 32\r\n
        \   },\r\n    {\r\n      \"name\": \"Standard_E32s_v3\",\r\n      \"numberOfCores\":
        32,\r\n      \"osDiskSizeInMB\": 1047552,\r\n      \"resourceDiskSizeInMB\":
        524288,\r\n      \"memoryInMB\": 262144,\r\n      \"maxDataDiskCount\": 32\r\n
        \   },\r\n    {\r\n      \"name\": \"Standard_E64-16s_v3\",\r\n      \"numberOfCores\":
        64,\r\n      \"osDiskSizeInMB\": 1047552,\r\n      \"resourceDiskSizeInMB\":
        884736,\r\n      \"memoryInMB\": 442368,\r\n      \"maxDataDiskCount\": 32\r\n
        \   },\r\n    {\r\n      \"name\": \"Standard_E64-32s_v3\",\r\n      \"numberOfCores\":
        64,\r\n      \"osDiskSizeInMB\": 1047552,\r\n      \"resourceDiskSizeInMB\":
        884736,\r\n      \"memoryInMB\": 442368,\r\n      \"maxDataDiskCount\": 32\r\n
        \   },\r\n    {\r\n      \"name\": \"Standard_E64is_v3\",\r\n      \"numberOfCores\":
        64,\r\n      \"osDiskSizeInMB\": 1047552,\r\n      \"resourceDiskSizeInMB\":
        884736,\r\n      \"memoryInMB\": 442368,\r\n      \"maxDataDiskCount\": 32\r\n
        \   },\r\n    {\r\n      \"name\": \"Standard_E64s_v3\",\r\n      \"numberOfCores\":
        64,\r\n      \"osDiskSizeInMB\": 1047552,\r\n      \"resourceDiskSizeInMB\":
        884736,\r\n      \"memoryInMB\": 442368,\r\n      \"maxDataDiskCount\": 32\r\n
        \   },\r\n    {\r\n      \"name\": \"Standard_G1\",\r\n      \"numberOfCores\":
        2,\r\n      \"osDiskSizeInMB\": 1047552,\r\n      \"resourceDiskSizeInMB\":
        393216,\r\n      \"memoryInMB\": 28672,\r\n      \"maxDataDiskCount\": 8\r\n
        \   },\r\n    {\r\n      \"name\": \"Standard_G2\",\r\n      \"numberOfCores\":
        4,\r\n      \"osDiskSizeInMB\": 1047552,\r\n      \"resourceDiskSizeInMB\":
        786432,\r\n      \"memoryInMB\": 57344,\r\n      \"maxDataDiskCount\": 16\r\n
        \   },\r\n    {\r\n      \"name\": \"Standard_G3\",\r\n      \"numberOfCores\":
        8,\r\n      \"osDiskSizeInMB\": 1047552,\r\n      \"resourceDiskSizeInMB\":
        1572864,\r\n      \"memoryInMB\": 114688,\r\n      \"maxDataDiskCount\": 32\r\n
        \   },\r\n    {\r\n      \"name\": \"Standard_G4\",\r\n      \"numberOfCores\":
        16,\r\n      \"osDiskSizeInMB\": 1047552,\r\n      \"resourceDiskSizeInMB\":
        3145728,\r\n      \"memoryInMB\": 229376,\r\n      \"maxDataDiskCount\": 64\r\n
        \   },\r\n    {\r\n      \"name\": \"Standard_G5\",\r\n      \"numberOfCores\":
        32,\r\n      \"osDiskSizeInMB\": 1047552,\r\n      \"resourceDiskSizeInMB\":
        6291456,\r\n      \"memoryInMB\": 458752,\r\n      \"maxDataDiskCount\": 64\r\n
        \   },\r\n    {\r\n      \"name\": \"Standard_GS1\",\r\n      \"numberOfCores\":
        2,\r\n      \"osDiskSizeInMB\": 1047552,\r\n      \"resourceDiskSizeInMB\":
        57344,\r\n      \"memoryInMB\": 28672,\r\n      \"maxDataDiskCount\": 8\r\n
        \   },\r\n    {\r\n      \"name\": \"Standard_GS2\",\r\n      \"numberOfCores\":
        4,\r\n      \"osDiskSizeInMB\": 1047552,\r\n      \"resourceDiskSizeInMB\":
        114688,\r\n      \"memoryInMB\": 57344,\r\n      \"maxDataDiskCount\": 16\r\n
        \   },\r\n    {\r\n      \"name\": \"Standard_GS3\",\r\n      \"numberOfCores\":
        8,\r\n      \"osDiskSizeInMB\": 1047552,\r\n      \"resourceDiskSizeInMB\":
        229376,\r\n      \"memoryInMB\": 114688,\r\n      \"maxDataDiskCount\": 32\r\n
        \   },\r\n    {\r\n      \"name\": \"Standard_GS4\",\r\n      \"numberOfCores\":
        16,\r\n      \"osDiskSizeInMB\": 1047552,\r\n      \"resourceDiskSizeInMB\":
        458752,\r\n      \"memoryInMB\": 229376,\r\n      \"maxDataDiskCount\": 64\r\n
        \   },\r\n    {\r\n      \"name\": \"Standard_GS4-4\",\r\n      \"numberOfCores\":
        16,\r\n      \"osDiskSizeInMB\": 1047552,\r\n      \"resourceDiskSizeInMB\":
        458752,\r\n      \"memoryInMB\": 229376,\r\n      \"maxDataDiskCount\": 64\r\n
        \   },\r\n    {\r\n      \"name\": \"Standard_GS4-8\",\r\n      \"numberOfCores\":
        16,\r\n      \"osDiskSizeInMB\": 1047552,\r\n      \"resourceDiskSizeInMB\":
        458752,\r\n      \"memoryInMB\": 229376,\r\n      \"maxDataDiskCount\": 64\r\n
        \   },\r\n    {\r\n      \"name\": \"Standard_GS5\",\r\n      \"numberOfCores\":
        32,\r\n      \"osDiskSizeInMB\": 1047552,\r\n      \"resourceDiskSizeInMB\":
        917504,\r\n      \"memoryInMB\": 458752,\r\n      \"maxDataDiskCount\": 64\r\n
        \   },\r\n    {\r\n      \"name\": \"Standard_GS5-8\",\r\n      \"numberOfCores\":
        32,\r\n      \"osDiskSizeInMB\": 1047552,\r\n      \"resourceDiskSizeInMB\":
        917504,\r\n      \"memoryInMB\": 458752,\r\n      \"maxDataDiskCount\": 64\r\n
        \   },\r\n    {\r\n      \"name\": \"Standard_GS5-16\",\r\n      \"numberOfCores\":
        32,\r\n      \"osDiskSizeInMB\": 1047552,\r\n      \"resourceDiskSizeInMB\":
        917504,\r\n      \"memoryInMB\": 458752,\r\n      \"maxDataDiskCount\": 64\r\n
        \   },\r\n    {\r\n      \"name\": \"Standard_L4s\",\r\n      \"numberOfCores\":
        4,\r\n      \"osDiskSizeInMB\": 1047552,\r\n      \"resourceDiskSizeInMB\":
        694272,\r\n      \"memoryInMB\": 32768,\r\n      \"maxDataDiskCount\": 16\r\n
        \   },\r\n    {\r\n      \"name\": \"Standard_L8s\",\r\n      \"numberOfCores\":
        8,\r\n      \"osDiskSizeInMB\": 1047552,\r\n      \"resourceDiskSizeInMB\":
        1421312,\r\n      \"memoryInMB\": 65536,\r\n      \"maxDataDiskCount\": 32\r\n
        \   },\r\n    {\r\n      \"name\": \"Standard_L16s\",\r\n      \"numberOfCores\":
        16,\r\n      \"osDiskSizeInMB\": 1047552,\r\n      \"resourceDiskSizeInMB\":
        2874368,\r\n      \"memoryInMB\": 131072,\r\n      \"maxDataDiskCount\": 64\r\n
        \   },\r\n    {\r\n      \"name\": \"Standard_L32s\",\r\n      \"numberOfCores\":
        32,\r\n      \"osDiskSizeInMB\": 1047552,\r\n      \"resourceDiskSizeInMB\":
        5765120,\r\n      \"memoryInMB\": 262144,\r\n      \"maxDataDiskCount\": 64\r\n
        \   },\r\n    {\r\n      \"name\": \"Standard_A8\",\r\n      \"numberOfCores\":
        8,\r\n      \"osDiskSizeInMB\": 1047552,\r\n      \"resourceDiskSizeInMB\":
        391168,\r\n      \"memoryInMB\": 57344,\r\n      \"maxDataDiskCount\": 32\r\n
        \   },\r\n    {\r\n      \"name\": \"Standard_A9\",\r\n      \"numberOfCores\":
        16,\r\n      \"osDiskSizeInMB\": 1047552,\r\n      \"resourceDiskSizeInMB\":
        391168,\r\n      \"memoryInMB\": 114688,\r\n      \"maxDataDiskCount\": 64\r\n
        \   },\r\n    {\r\n      \"name\": \"Standard_A10\",\r\n      \"numberOfCores\":
        8,\r\n      \"osDiskSizeInMB\": 1047552,\r\n      \"resourceDiskSizeInMB\":
        391168,\r\n      \"memoryInMB\": 57344,\r\n      \"maxDataDiskCount\": 32\r\n
        \   },\r\n    {\r\n      \"name\": \"Standard_A11\",\r\n      \"numberOfCores\":
        16,\r\n      \"osDiskSizeInMB\": 1047552,\r\n      \"resourceDiskSizeInMB\":
        391168,\r\n      \"memoryInMB\": 114688,\r\n      \"maxDataDiskCount\": 64\r\n
        \   },\r\n    {\r\n      \"name\": \"Standard_H8\",\r\n      \"numberOfCores\":
        8,\r\n      \"osDiskSizeInMB\": 1047552,\r\n      \"resourceDiskSizeInMB\":
        1024000,\r\n      \"memoryInMB\": 57344,\r\n      \"maxDataDiskCount\": 32\r\n
        \   },\r\n    {\r\n      \"name\": \"Standard_H16\",\r\n      \"numberOfCores\":
        16,\r\n      \"osDiskSizeInMB\": 1047552,\r\n      \"resourceDiskSizeInMB\":
        2048000,\r\n      \"memoryInMB\": 114688,\r\n      \"maxDataDiskCount\": 64\r\n
        \   },\r\n    {\r\n      \"name\": \"Standard_H8m\",\r\n      \"numberOfCores\":
        8,\r\n      \"osDiskSizeInMB\": 1047552,\r\n      \"resourceDiskSizeInMB\":
        1024000,\r\n      \"memoryInMB\": 114688,\r\n      \"maxDataDiskCount\": 32\r\n
        \   },\r\n    {\r\n      \"name\": \"Standard_H16m\",\r\n      \"numberOfCores\":
        16,\r\n      \"osDiskSizeInMB\": 1047552,\r\n      \"resourceDiskSizeInMB\":
        2048000,\r\n      \"memoryInMB\": 229376,\r\n      \"maxDataDiskCount\": 64\r\n
        \   },\r\n    {\r\n      \"name\": \"Standard_H16r\",\r\n      \"numberOfCores\":
        16,\r\n      \"osDiskSizeInMB\": 1047552,\r\n      \"resourceDiskSizeInMB\":
        2048000,\r\n      \"memoryInMB\": 114688,\r\n      \"maxDataDiskCount\": 64\r\n
        \   },\r\n    {\r\n      \"name\": \"Standard_H16mr\",\r\n      \"numberOfCores\":
        16,\r\n      \"osDiskSizeInMB\": 1047552,\r\n      \"resourceDiskSizeInMB\":
        2048000,\r\n      \"memoryInMB\": 229376,\r\n      \"maxDataDiskCount\": 64\r\n
        \   },\r\n    {\r\n      \"name\": \"Standard_F2s_v2\",\r\n      \"numberOfCores\":
        2,\r\n      \"osDiskSizeInMB\": 1047552,\r\n      \"resourceDiskSizeInMB\":
        16384,\r\n      \"memoryInMB\": 4096,\r\n      \"maxDataDiskCount\": 4\r\n
        \   },\r\n    {\r\n      \"name\": \"Standard_F4s_v2\",\r\n      \"numberOfCores\":
        4,\r\n      \"osDiskSizeInMB\": 1047552,\r\n      \"resourceDiskSizeInMB\":
        32768,\r\n      \"memoryInMB\": 8192,\r\n      \"maxDataDiskCount\": 8\r\n
        \   },\r\n    {\r\n      \"name\": \"Standard_F8s_v2\",\r\n      \"numberOfCores\":
        8,\r\n      \"osDiskSizeInMB\": 1047552,\r\n      \"resourceDiskSizeInMB\":
        65536,\r\n      \"memoryInMB\": 16384,\r\n      \"maxDataDiskCount\": 16\r\n
        \   },\r\n    {\r\n      \"name\": \"Standard_F16s_v2\",\r\n      \"numberOfCores\":
        16,\r\n      \"osDiskSizeInMB\": 1047552,\r\n      \"resourceDiskSizeInMB\":
        131072,\r\n      \"memoryInMB\": 32768,\r\n      \"maxDataDiskCount\": 32\r\n
        \   },\r\n    {\r\n      \"name\": \"Standard_F32s_v2\",\r\n      \"numberOfCores\":
        32,\r\n      \"osDiskSizeInMB\": 1047552,\r\n      \"resourceDiskSizeInMB\":
        262144,\r\n      \"memoryInMB\": 65536,\r\n      \"maxDataDiskCount\": 32\r\n
        \   },\r\n    {\r\n      \"name\": \"Standard_F64s_v2\",\r\n      \"numberOfCores\":
        64,\r\n      \"osDiskSizeInMB\": 1047552,\r\n      \"resourceDiskSizeInMB\":
        524288,\r\n      \"memoryInMB\": 131072,\r\n      \"maxDataDiskCount\": 32\r\n
        \   },\r\n    {\r\n      \"name\": \"Standard_F72s_v2\",\r\n      \"numberOfCores\":
        72,\r\n      \"osDiskSizeInMB\": 1047552,\r\n      \"resourceDiskSizeInMB\":
        589824,\r\n      \"memoryInMB\": 147456,\r\n      \"maxDataDiskCount\": 32\r\n
        \   }\r\n  ]\r\n}"}
    headers:
      cache-control: [no-cache]
      content-length: ['34466']
      content-type: [application/json; charset=utf-8]
      date: ['Sun, 15 Jul 2018 05:23:16 GMT']
      expires: ['-1']
      pragma: [no-cache]
      server: [Microsoft-HTTPAPI/2.0, Microsoft-HTTPAPI/2.0]
      strict-transport-security: [max-age=31536000; includeSubDomains]
      transfer-encoding: [chunked]
      vary: [Accept-Encoding]
      x-content-type-options: [nosniff]
      x-ms-ratelimit-remaining-resource: [Microsoft.Compute/GetSubscriptionInfo3Min;479]
    status: {code: 200, message: OK}
- request:
    body: 'b''{"properties": {"template": {"contentVersion": "1.0.0.0", "outputs":
      {}, "variables": {}, "parameters": {}, "resources": [{"name": "vm1VNET", "tags":
      {}, "dependsOn": [], "type": "Microsoft.Network/virtualNetworks", "properties":
      {"addressSpace": {"addressPrefixes": ["10.0.0.0/16"]}, "subnets": [{"name":
      "vm1Subnet", "properties": {"addressPrefix": "10.0.0.0/24"}}]}, "location":
      "westus", "apiVersion": "2015-06-15"}, {"type": "Microsoft.Network/networkSecurityGroups",
      "tags": {}, "dependsOn": [], "name": "vm1NSG", "properties": {"securityRules":
      [{"name": "default-allow-ssh", "properties": {"access": "Allow", "direction":
      "Inbound", "destinationAddressPrefix": "*", "sourceAddressPrefix": "*", "protocol":
      "Tcp", "priority": 1000, "sourcePortRange": "*", "destinationPortRange": "22"}}]},
      "location": "westus", "apiVersion": "2015-06-15"}, {"name": "vm1PublicIP", "tags":
      {}, "dependsOn": [], "type": "Microsoft.Network/publicIPAddresses", "properties":
      {"publicIPAllocationMethod": null}, "location": "westus", "apiVersion": "2018-01-01"},
      {"name": "vm1VMNic", "tags": {}, "dependsOn": ["Microsoft.Network/virtualNetworks/vm1VNET",
      "Microsoft.Network/networkSecurityGroups/vm1NSG", "Microsoft.Network/publicIpAddresses/vm1PublicIP"],
      "type": "Microsoft.Network/networkInterfaces", "properties": {"ipConfigurations":
      [{"name": "ipconfigvm1", "properties": {"privateIPAllocationMethod": "Dynamic",
      "publicIPAddress": {"id": "/subscriptions/00000000-0000-0000-0000-000000000000/resourceGroups/clitest.rg000001/providers/Microsoft.Network/publicIPAddresses/vm1PublicIP"},
      "subnet": {"id": "/subscriptions/00000000-0000-0000-0000-000000000000/resourceGroups/clitest.rg000001/providers/Microsoft.Network/virtualNetworks/vm1VNET/subnets/vm1Subnet"}}}],
      "networkSecurityGroup": {"id": "/subscriptions/00000000-0000-0000-0000-000000000000/resourceGroups/clitest.rg000001/providers/Microsoft.Network/networkSecurityGroups/vm1NSG"},
      "enableAcceleratedNetworking": true}, "location": "westus", "apiVersion": "2016-09-01"},
      {"name": "vm1", "tags": {}, "dependsOn": ["Microsoft.Network/networkInterfaces/vm1VMNic"],
      "type": "Microsoft.Compute/virtualMachines", "properties": {"storageProfile":
      {"osDisk": {"name": null, "managedDisk": {"storageAccountType": null}, "caching":
      "ReadWrite", "createOption": "fromImage"}, "imageReference": {"version": "latest",
      "publisher": "Canonical", "offer": "UbuntuServer", "sku": "16.04-LTS"}}, "networkProfile":
      {"networkInterfaces": [{"id": "/subscriptions/00000000-0000-0000-0000-000000000000/resourceGroups/clitest.rg000001/providers/Microsoft.Network/networkInterfaces/vm1VMNic"}]},
      "hardwareProfile": {"vmSize": "Standard_DS4_v2"}, "osProfile": {"adminUsername":
      "clittester", "linuxConfiguration": {"disablePasswordAuthentication": true,
      "ssh": {"publicKeys": [{"keyData": "ssh-rsa AAAAB3NzaC1yc2EAAAABIwAAAQEA6ynxWeY589bvuJVjtobA+qIlWQwycoeRTYNyEUssLQdCWq7YRUxBhXZzf8O8qe8vz8JsxIgX2ynyn9mxNGAi16gDpkjM9jZ7ATfS4fnuugtx3khjbCOBUJ2A/5GcAwErCZwJ8aaRmuLaG26h9JJaP+amPCty6qXo3i6wnoE3PGy6UyDMr4mdPMT3K1IeWr71GiZ7lTEaBCDclFA628QE4VT0fuGcG/qnm6Q0cLZsyARtYCnTRZGyA+4aWTn/jDBlQY0cgH67nTtimUjkiS67Gd64xA/lri0ybb+ZzwGOxU3QysoYGvDl2TatYHjacS8h1la8qHVTe00Nj7K/NC/z3Q==
      yugangw2@YUGANGLP2\\n", "path": "/home/clittester/.ssh/authorized_keys"}]}},
      "computerName": "vm1"}}, "location": "westus", "apiVersion": "2018-06-01"}],
      "$schema": "https://schema.management.azure.com/schemas/2015-01-01/deploymentTemplate.json#"},
      "parameters": {}, "mode": "Incremental"}}'''
    headers:
      Accept: [application/json]
      Accept-Encoding: ['gzip, deflate']
      CommandName: [vm create]
      Connection: [keep-alive]
      Content-Length: ['3719']
      Content-Type: [application/json; charset=utf-8]
      User-Agent: [python/3.5.4 (Windows-10-10.0.17134-SP0) requests/2.19.1 msrest/0.5.1
          msrest_azure/0.4.34 resourcemanagementclient/2.0.0rc3 Azure-SDK-For-Python
          AZURECLI/2.0.43]
      accept-language: [en-US]
    method: PUT
    uri: https://management.azure.com/subscriptions/00000000-0000-0000-0000-000000000000/resourcegroups/clitest.rg000001/providers/Microsoft.Resources/deployments/mock-deployment?api-version=2018-05-01
  response:
    body: {string: '{"id":"/subscriptions/00000000-0000-0000-0000-000000000000/resourceGroups/clitest.rg000001/providers/Microsoft.Resources/deployments/vm_deploy_gsnEy5HeOkXga2aulRtLgJp1A0SapDBK","name":"vm_deploy_gsnEy5HeOkXga2aulRtLgJp1A0SapDBK","properties":{"templateHash":"5792782083069588281","parameters":{},"mode":"Incremental","provisioningState":"Accepted","timestamp":"2018-07-15T05:23:18.9667017Z","duration":"PT0.7664958S","correlationId":"6ec2254c-0f8d-4c03-8a71-0e39a3cdf440","providers":[{"namespace":"Microsoft.Network","resourceTypes":[{"resourceType":"virtualNetworks","locations":["westus"]},{"resourceType":"networkSecurityGroups","locations":["westus"]},{"resourceType":"publicIPAddresses","locations":["westus"]},{"resourceType":"networkInterfaces","locations":["westus"]}]},{"namespace":"Microsoft.Compute","resourceTypes":[{"resourceType":"virtualMachines","locations":["westus"]}]}],"dependencies":[{"dependsOn":[{"id":"/subscriptions/00000000-0000-0000-0000-000000000000/resourceGroups/clitest.rg000001/providers/Microsoft.Network/virtualNetworks/vm1VNET","resourceType":"Microsoft.Network/virtualNetworks","resourceName":"vm1VNET"},{"id":"/subscriptions/00000000-0000-0000-0000-000000000000/resourceGroups/clitest.rg000001/providers/Microsoft.Network/networkSecurityGroups/vm1NSG","resourceType":"Microsoft.Network/networkSecurityGroups","resourceName":"vm1NSG"},{"id":"/subscriptions/00000000-0000-0000-0000-000000000000/resourceGroups/clitest.rg000001/providers/Microsoft.Network/publicIPAddresses/vm1PublicIP","resourceType":"Microsoft.Network/publicIPAddresses","resourceName":"vm1PublicIP"}],"id":"/subscriptions/00000000-0000-0000-0000-000000000000/resourceGroups/clitest.rg000001/providers/Microsoft.Network/networkInterfaces/vm1VMNic","resourceType":"Microsoft.Network/networkInterfaces","resourceName":"vm1VMNic"},{"dependsOn":[{"id":"/subscriptions/00000000-0000-0000-0000-000000000000/resourceGroups/clitest.rg000001/providers/Microsoft.Network/networkInterfaces/vm1VMNic","resourceType":"Microsoft.Network/networkInterfaces","resourceName":"vm1VMNic"}],"id":"/subscriptions/00000000-0000-0000-0000-000000000000/resourceGroups/clitest.rg000001/providers/Microsoft.Compute/virtualMachines/vm1","resourceType":"Microsoft.Compute/virtualMachines","resourceName":"vm1"}]}}'}
    headers:
      azure-asyncoperation: ['https://management.azure.com/subscriptions/00000000-0000-0000-0000-000000000000/resourcegroups/clitest.rg000001/providers/Microsoft.Resources/deployments/vm_deploy_gsnEy5HeOkXga2aulRtLgJp1A0SapDBK/operationStatuses/08586699746872774221?api-version=2018-05-01']
      cache-control: [no-cache]
      content-length: ['2701']
      content-type: [application/json; charset=utf-8]
      date: ['Sun, 15 Jul 2018 05:23:18 GMT']
      expires: ['-1']
      pragma: [no-cache]
      strict-transport-security: [max-age=31536000; includeSubDomains]
      x-content-type-options: [nosniff]
      x-ms-ratelimit-remaining-subscription-writes: ['1199']
    status: {code: 201, message: Created}
- request:
    body: null
    headers:
      Accept: [application/json]
      Accept-Encoding: ['gzip, deflate']
      CommandName: [vm create]
      Connection: [keep-alive]
      User-Agent: [python/3.5.4 (Windows-10-10.0.17134-SP0) requests/2.19.1 msrest/0.5.1
          msrest_azure/0.4.34 resourcemanagementclient/2.0.0rc3 Azure-SDK-For-Python
          AZURECLI/2.0.43]
    method: GET
    uri: https://management.azure.com/subscriptions/00000000-0000-0000-0000-000000000000/resourcegroups/clitest.rg000001/providers/Microsoft.Resources/deployments/mock-deployment/operationStatuses/08586699746872774221?api-version=2018-05-01
  response:
    body: {string: '{"status":"Running"}'}
    headers:
      cache-control: [no-cache]
      content-length: ['20']
      content-type: [application/json; charset=utf-8]
      date: ['Sun, 15 Jul 2018 05:23:49 GMT']
      expires: ['-1']
      pragma: [no-cache]
      strict-transport-security: [max-age=31536000; includeSubDomains]
      vary: [Accept-Encoding]
      x-content-type-options: [nosniff]
    status: {code: 200, message: OK}
- request:
    body: null
    headers:
      Accept: [application/json]
      Accept-Encoding: ['gzip, deflate']
      CommandName: [vm create]
      Connection: [keep-alive]
      User-Agent: [python/3.5.4 (Windows-10-10.0.17134-SP0) requests/2.19.1 msrest/0.5.1
          msrest_azure/0.4.34 resourcemanagementclient/2.0.0rc3 Azure-SDK-For-Python
          AZURECLI/2.0.43]
    method: GET
    uri: https://management.azure.com/subscriptions/00000000-0000-0000-0000-000000000000/resourcegroups/clitest.rg000001/providers/Microsoft.Resources/deployments/mock-deployment/operationStatuses/08586699746872774221?api-version=2018-05-01
  response:
    body: {string: '{"status":"Running"}'}
    headers:
      cache-control: [no-cache]
      content-length: ['20']
      content-type: [application/json; charset=utf-8]
      date: ['Sun, 15 Jul 2018 05:24:19 GMT']
      expires: ['-1']
      pragma: [no-cache]
      strict-transport-security: [max-age=31536000; includeSubDomains]
      vary: [Accept-Encoding]
      x-content-type-options: [nosniff]
    status: {code: 200, message: OK}
- request:
    body: null
    headers:
      Accept: [application/json]
      Accept-Encoding: ['gzip, deflate']
      CommandName: [vm create]
      Connection: [keep-alive]
      User-Agent: [python/3.5.4 (Windows-10-10.0.17134-SP0) requests/2.19.1 msrest/0.5.1
          msrest_azure/0.4.34 resourcemanagementclient/2.0.0rc3 Azure-SDK-For-Python
          AZURECLI/2.0.43]
    method: GET
    uri: https://management.azure.com/subscriptions/00000000-0000-0000-0000-000000000000/resourcegroups/clitest.rg000001/providers/Microsoft.Resources/deployments/mock-deployment/operationStatuses/08586699746872774221?api-version=2018-05-01
  response:
    body: {string: '{"status":"Running"}'}
    headers:
      cache-control: [no-cache]
      content-length: ['20']
      content-type: [application/json; charset=utf-8]
      date: ['Sun, 15 Jul 2018 05:24:50 GMT']
      expires: ['-1']
      pragma: [no-cache]
      strict-transport-security: [max-age=31536000; includeSubDomains]
      vary: [Accept-Encoding]
      x-content-type-options: [nosniff]
    status: {code: 200, message: OK}
- request:
    body: null
    headers:
      Accept: [application/json]
      Accept-Encoding: ['gzip, deflate']
      CommandName: [vm create]
      Connection: [keep-alive]
      User-Agent: [python/3.5.4 (Windows-10-10.0.17134-SP0) requests/2.19.1 msrest/0.5.1
          msrest_azure/0.4.34 resourcemanagementclient/2.0.0rc3 Azure-SDK-For-Python
          AZURECLI/2.0.43]
    method: GET
    uri: https://management.azure.com/subscriptions/00000000-0000-0000-0000-000000000000/resourcegroups/clitest.rg000001/providers/Microsoft.Resources/deployments/mock-deployment/operationStatuses/08586699746872774221?api-version=2018-05-01
  response:
    body: {string: '{"status":"Succeeded"}'}
    headers:
      cache-control: [no-cache]
      content-length: ['22']
      content-type: [application/json; charset=utf-8]
      date: ['Sun, 15 Jul 2018 05:25:20 GMT']
      expires: ['-1']
      pragma: [no-cache]
      strict-transport-security: [max-age=31536000; includeSubDomains]
      vary: [Accept-Encoding]
      x-content-type-options: [nosniff]
    status: {code: 200, message: OK}
- request:
    body: null
    headers:
      Accept: [application/json]
      Accept-Encoding: ['gzip, deflate']
      CommandName: [vm create]
      Connection: [keep-alive]
      User-Agent: [python/3.5.4 (Windows-10-10.0.17134-SP0) requests/2.19.1 msrest/0.5.1
          msrest_azure/0.4.34 resourcemanagementclient/2.0.0rc3 Azure-SDK-For-Python
          AZURECLI/2.0.43]
    method: GET
    uri: https://management.azure.com/subscriptions/00000000-0000-0000-0000-000000000000/resourcegroups/clitest.rg000001/providers/Microsoft.Resources/deployments/mock-deployment?api-version=2018-05-01
  response:
    body: {string: '{"id":"/subscriptions/00000000-0000-0000-0000-000000000000/resourceGroups/clitest.rg000001/providers/Microsoft.Resources/deployments/vm_deploy_gsnEy5HeOkXga2aulRtLgJp1A0SapDBK","name":"vm_deploy_gsnEy5HeOkXga2aulRtLgJp1A0SapDBK","properties":{"templateHash":"5792782083069588281","parameters":{},"mode":"Incremental","provisioningState":"Succeeded","timestamp":"2018-07-15T05:25:01.6888441Z","duration":"PT1M43.4886382S","correlationId":"6ec2254c-0f8d-4c03-8a71-0e39a3cdf440","providers":[{"namespace":"Microsoft.Network","resourceTypes":[{"resourceType":"virtualNetworks","locations":["westus"]},{"resourceType":"networkSecurityGroups","locations":["westus"]},{"resourceType":"publicIPAddresses","locations":["westus"]},{"resourceType":"networkInterfaces","locations":["westus"]}]},{"namespace":"Microsoft.Compute","resourceTypes":[{"resourceType":"virtualMachines","locations":["westus"]}]}],"dependencies":[{"dependsOn":[{"id":"/subscriptions/00000000-0000-0000-0000-000000000000/resourceGroups/clitest.rg000001/providers/Microsoft.Network/virtualNetworks/vm1VNET","resourceType":"Microsoft.Network/virtualNetworks","resourceName":"vm1VNET"},{"id":"/subscriptions/00000000-0000-0000-0000-000000000000/resourceGroups/clitest.rg000001/providers/Microsoft.Network/networkSecurityGroups/vm1NSG","resourceType":"Microsoft.Network/networkSecurityGroups","resourceName":"vm1NSG"},{"id":"/subscriptions/00000000-0000-0000-0000-000000000000/resourceGroups/clitest.rg000001/providers/Microsoft.Network/publicIPAddresses/vm1PublicIP","resourceType":"Microsoft.Network/publicIPAddresses","resourceName":"vm1PublicIP"}],"id":"/subscriptions/00000000-0000-0000-0000-000000000000/resourceGroups/clitest.rg000001/providers/Microsoft.Network/networkInterfaces/vm1VMNic","resourceType":"Microsoft.Network/networkInterfaces","resourceName":"vm1VMNic"},{"dependsOn":[{"id":"/subscriptions/00000000-0000-0000-0000-000000000000/resourceGroups/clitest.rg000001/providers/Microsoft.Network/networkInterfaces/vm1VMNic","resourceType":"Microsoft.Network/networkInterfaces","resourceName":"vm1VMNic"}],"id":"/subscriptions/00000000-0000-0000-0000-000000000000/resourceGroups/clitest.rg000001/providers/Microsoft.Compute/virtualMachines/vm1","resourceType":"Microsoft.Compute/virtualMachines","resourceName":"vm1"}],"outputs":{},"outputResources":[{"id":"/subscriptions/00000000-0000-0000-0000-000000000000/resourceGroups/clitest.rg000001/providers/Microsoft.Compute/virtualMachines/vm1"},{"id":"/subscriptions/00000000-0000-0000-0000-000000000000/resourceGroups/clitest.rg000001/providers/Microsoft.Network/networkInterfaces/vm1VMNic"},{"id":"/subscriptions/00000000-0000-0000-0000-000000000000/resourceGroups/clitest.rg000001/providers/Microsoft.Network/networkSecurityGroups/vm1NSG"},{"id":"/subscriptions/00000000-0000-0000-0000-000000000000/resourceGroups/clitest.rg000001/providers/Microsoft.Network/publicIPAddresses/vm1PublicIP"},{"id":"/subscriptions/00000000-0000-0000-0000-000000000000/resourceGroups/clitest.rg000001/providers/Microsoft.Network/virtualNetworks/vm1VNET"}]}}'}
    headers:
      cache-control: [no-cache]
      content-length: ['3768']
      content-type: [application/json; charset=utf-8]
      date: ['Sun, 15 Jul 2018 05:25:20 GMT']
      expires: ['-1']
      pragma: [no-cache]
      strict-transport-security: [max-age=31536000; includeSubDomains]
      vary: [Accept-Encoding]
      x-content-type-options: [nosniff]
    status: {code: 200, message: OK}
- request:
    body: null
    headers:
      Accept: [application/json]
      Accept-Encoding: ['gzip, deflate']
      CommandName: [vm create]
      Connection: [keep-alive]
      Content-Type: [application/json; charset=utf-8]
      User-Agent: [python/3.5.4 (Windows-10-10.0.17134-SP0) requests/2.19.1 msrest/0.5.1
          msrest_azure/0.4.34 computemanagementclient/4.0.0rc3 Azure-SDK-For-Python
          AZURECLI/2.0.43]
      accept-language: [en-US]
    method: GET
    uri: https://management.azure.com/subscriptions/00000000-0000-0000-0000-000000000000/resourceGroups/clitest.rg000001/providers/Microsoft.Compute/virtualMachines/vm1?$expand=instanceView&api-version=2018-06-01
  response:
    body: {string: "{\r\n  \"properties\": {\r\n    \"vmId\": \"842703ff-4c47-4177-b84f-0b815f7f4327\",\r\n
        \   \"hardwareProfile\": {\r\n      \"vmSize\": \"Standard_DS4_v2\"\r\n    },\r\n
        \   \"storageProfile\": {\r\n      \"imageReference\": {\r\n        \"publisher\":
        \"Canonical\",\r\n        \"offer\": \"UbuntuServer\",\r\n        \"sku\":
        \"16.04-LTS\",\r\n        \"version\": \"latest\"\r\n      },\r\n      \"osDisk\":
        {\r\n        \"osType\": \"Linux\",\r\n        \"name\": \"vm1_OsDisk_1_70fe99ee34414d0ab92098edf71c913d\",\r\n
        \       \"createOption\": \"FromImage\",\r\n        \"caching\": \"ReadWrite\",\r\n
        \       \"managedDisk\": {\r\n          \"storageAccountType\": \"Premium_LRS\",\r\n
        \         \"id\": \"/subscriptions/00000000-0000-0000-0000-000000000000/resourceGroups/clitest.rg000001/providers/Microsoft.Compute/disks/vm1_OsDisk_1_70fe99ee34414d0ab92098edf71c913d\"\r\n
        \       },\r\n        \"diskSizeGB\": 30\r\n      },\r\n      \"dataDisks\":
        []\r\n    },\r\n    \"osProfile\": {\r\n      \"computerName\": \"vm1\",\r\n
        \     \"adminUsername\": \"clittester\",\r\n      \"linuxConfiguration\":
        {\r\n        \"disablePasswordAuthentication\": true,\r\n        \"ssh\":
        {\r\n          \"publicKeys\": [\r\n            {\r\n              \"path\":
        \"/home/clittester/.ssh/authorized_keys\",\r\n              \"keyData\": \"ssh-rsa
        AAAAB3NzaC1yc2EAAAABIwAAAQEA6ynxWeY589bvuJVjtobA+qIlWQwycoeRTYNyEUssLQdCWq7YRUxBhXZzf8O8qe8vz8JsxIgX2ynyn9mxNGAi16gDpkjM9jZ7ATfS4fnuugtx3khjbCOBUJ2A/5GcAwErCZwJ8aaRmuLaG26h9JJaP+amPCty6qXo3i6wnoE3PGy6UyDMr4mdPMT3K1IeWr71GiZ7lTEaBCDclFA628QE4VT0fuGcG/qnm6Q0cLZsyARtYCnTRZGyA+4aWTn/jDBlQY0cgH67nTtimUjkiS67Gd64xA/lri0ybb+ZzwGOxU3QysoYGvDl2TatYHjacS8h1la8qHVTe00Nj7K/NC/z3Q==
        yugangw2@YUGANGLP2\\n\"\r\n            }\r\n          ]\r\n        },\r\n
        \       \"provisionVMAgent\": true\r\n      },\r\n      \"secrets\": [],\r\n
        \     \"allowExtensionOperations\": true\r\n    },\r\n    \"networkProfile\":
        {\"networkInterfaces\":[{\"id\":\"/subscriptions/00000000-0000-0000-0000-000000000000/resourceGroups/clitest.rg000001/providers/Microsoft.Network/networkInterfaces/vm1VMNic\"}]},\r\n
        \   \"provisioningState\": \"Succeeded\",\r\n    \"instanceView\": {\r\n      \"computerName\":
        \"vm1\",\r\n      \"osName\": \"ubuntu\",\r\n      \"osVersion\": \"16.04\",\r\n
        \     \"vmAgent\": {\r\n        \"vmAgentVersion\": \"2.2.26\",\r\n        \"statuses\":
        [\r\n          {\r\n            \"code\": \"ProvisioningState/succeeded\",\r\n
        \           \"level\": \"Info\",\r\n            \"displayStatus\": \"Ready\",\r\n
        \           \"message\": \"Guest Agent is running\",\r\n            \"time\":
        \"2018-07-15T05:25:20+00:00\"\r\n          }\r\n        ],\r\n        \"extensionHandlers\":
        []\r\n      },\r\n      \"disks\": [\r\n        {\r\n          \"name\": \"vm1_OsDisk_1_70fe99ee34414d0ab92098edf71c913d\",\r\n
        \         \"statuses\": [\r\n            {\r\n              \"code\": \"ProvisioningState/succeeded\",\r\n
        \             \"level\": \"Info\",\r\n              \"displayStatus\": \"Provisioning
        succeeded\",\r\n              \"time\": \"2018-07-15T05:23:53.6864772+00:00\"\r\n
        \           }\r\n          ]\r\n        }\r\n      ],\r\n      \"statuses\":
        [\r\n        {\r\n          \"code\": \"ProvisioningState/succeeded\",\r\n
        \         \"level\": \"Info\",\r\n          \"displayStatus\": \"Provisioning
        succeeded\",\r\n          \"time\": \"2018-07-15T05:24:58.8663662+00:00\"\r\n
        \       },\r\n        {\r\n          \"code\": \"PowerState/running\",\r\n
        \         \"level\": \"Info\",\r\n          \"displayStatus\": \"VM running\"\r\n
        \       }\r\n      ]\r\n    }\r\n  },\r\n  \"type\": \"Microsoft.Compute/virtualMachines\",\r\n
        \ \"location\": \"westus\",\r\n  \"tags\": {},\r\n  \"id\": \"/subscriptions/00000000-0000-0000-0000-000000000000/resourceGroups/clitest.rg000001/providers/Microsoft.Compute/virtualMachines/vm1\",\r\n
        \ \"name\": \"vm1\"\r\n}"}
    headers:
      cache-control: [no-cache]
      content-length: ['3654']
      content-type: [application/json; charset=utf-8]
      date: ['Sun, 15 Jul 2018 05:25:22 GMT']
      expires: ['-1']
      pragma: [no-cache]
      server: [Microsoft-HTTPAPI/2.0, Microsoft-HTTPAPI/2.0]
      strict-transport-security: [max-age=31536000; includeSubDomains]
      transfer-encoding: [chunked]
      vary: [Accept-Encoding]
      x-content-type-options: [nosniff]
      x-ms-ratelimit-remaining-resource: ['Microsoft.Compute/LowCostGet3Min;4193,Microsoft.Compute/LowCostGet30Min;33559']
    status: {code: 200, message: OK}
- request:
    body: null
    headers:
      Accept: [application/json]
      Accept-Encoding: ['gzip, deflate']
      CommandName: [vm create]
      Connection: [keep-alive]
      Content-Type: [application/json; charset=utf-8]
      User-Agent: [python/3.5.4 (Windows-10-10.0.17134-SP0) requests/2.19.1 msrest/0.5.1
          msrest_azure/0.4.34 networkmanagementclient/2.0.0rc3 Azure-SDK-For-Python
          AZURECLI/2.0.43]
      accept-language: [en-US]
    method: GET
    uri: https://management.azure.com/subscriptions/00000000-0000-0000-0000-000000000000/resourceGroups/clitest.rg000001/providers/Microsoft.Network/networkInterfaces/vm1VMNic?api-version=2018-01-01
  response:
    body: {string: "{\r\n  \"name\": \"vm1VMNic\",\r\n  \"id\": \"/subscriptions/00000000-0000-0000-0000-000000000000/resourceGroups/clitest.rg000001/providers/Microsoft.Network/networkInterfaces/vm1VMNic\",\r\n
        \ \"etag\": \"W/\\\"979e782d-6dfe-4645-85ab-cad39825965a\\\"\",\r\n  \"location\":
        \"westus\",\r\n  \"tags\": {},\r\n  \"properties\": {\r\n    \"provisioningState\":
        \"Succeeded\",\r\n    \"resourceGuid\": \"b5ffb8c9-8285-4d02-919f-32ac869d9972\",\r\n
        \   \"ipConfigurations\": [\r\n      {\r\n        \"name\": \"ipconfigvm1\",\r\n
        \       \"id\": \"/subscriptions/00000000-0000-0000-0000-000000000000/resourceGroups/clitest.rg000001/providers/Microsoft.Network/networkInterfaces/vm1VMNic/ipConfigurations/ipconfigvm1\",\r\n
        \       \"etag\": \"W/\\\"979e782d-6dfe-4645-85ab-cad39825965a\\\"\",\r\n
        \       \"properties\": {\r\n          \"provisioningState\": \"Succeeded\",\r\n
        \         \"privateIPAddress\": \"10.0.0.4\",\r\n          \"privateIPAllocationMethod\":
        \"Dynamic\",\r\n          \"publicIPAddress\": {\r\n            \"id\": \"/subscriptions/00000000-0000-0000-0000-000000000000/resourceGroups/clitest.rg000001/providers/Microsoft.Network/publicIPAddresses/vm1PublicIP\"\r\n
        \         },\r\n          \"subnet\": {\r\n            \"id\": \"/subscriptions/00000000-0000-0000-0000-000000000000/resourceGroups/clitest.rg000001/providers/Microsoft.Network/virtualNetworks/vm1VNET/subnets/vm1Subnet\"\r\n
        \         },\r\n          \"primary\": true,\r\n          \"privateIPAddressVersion\":
        \"IPv4\",\r\n          \"isInUseWithService\": false\r\n        }\r\n      }\r\n
        \   ],\r\n    \"dnsSettings\": {\r\n      \"dnsServers\": [],\r\n      \"appliedDnsServers\":
        [],\r\n      \"internalDomainNameSuffix\": \"pbynexnmsqhu1mgcrveeodud5a.dx.internal.cloudapp.net\"\r\n
        \   },\r\n    \"macAddress\": \"00-0D-3A-3B-52-C9\",\r\n    \"enableAcceleratedNetworking\":
        true,\r\n    \"enableIPForwarding\": false,\r\n    \"networkSecurityGroup\":
        {\r\n      \"id\": \"/subscriptions/00000000-0000-0000-0000-000000000000/resourceGroups/clitest.rg000001/providers/Microsoft.Network/networkSecurityGroups/vm1NSG\"\r\n
        \   },\r\n    \"primary\": true,\r\n    \"virtualMachine\": {\r\n      \"id\":
        \"/subscriptions/00000000-0000-0000-0000-000000000000/resourceGroups/clitest.rg000001/providers/Microsoft.Compute/virtualMachines/vm1\"\r\n
        \   },\r\n    \"virtualNetworkTapProvisioningState\": \"NotProvisioned\"\r\n
        \ },\r\n  \"type\": \"Microsoft.Network/networkInterfaces\"\r\n}"}
    headers:
      cache-control: [no-cache]
      content-length: ['2595']
      content-type: [application/json; charset=utf-8]
      date: ['Sun, 15 Jul 2018 05:25:22 GMT']
      etag: [W/"979e782d-6dfe-4645-85ab-cad39825965a"]
      expires: ['-1']
      pragma: [no-cache]
      server: [Microsoft-HTTPAPI/2.0, Microsoft-HTTPAPI/2.0]
      strict-transport-security: [max-age=31536000; includeSubDomains]
      transfer-encoding: [chunked]
      vary: [Accept-Encoding]
      x-content-type-options: [nosniff]
    status: {code: 200, message: OK}
- request:
    body: null
    headers:
      Accept: [application/json]
      Accept-Encoding: ['gzip, deflate']
      CommandName: [vm create]
      Connection: [keep-alive]
      Content-Type: [application/json; charset=utf-8]
      User-Agent: [python/3.5.4 (Windows-10-10.0.17134-SP0) requests/2.19.1 msrest/0.5.1
          msrest_azure/0.4.34 networkmanagementclient/2.0.0rc3 Azure-SDK-For-Python
          AZURECLI/2.0.43]
      accept-language: [en-US]
    method: GET
    uri: https://management.azure.com/subscriptions/00000000-0000-0000-0000-000000000000/resourceGroups/clitest.rg000001/providers/Microsoft.Network/publicIPAddresses/vm1PublicIP?api-version=2018-01-01
  response:
    body: {string: "{\r\n  \"name\": \"vm1PublicIP\",\r\n  \"id\": \"/subscriptions/00000000-0000-0000-0000-000000000000/resourceGroups/clitest.rg000001/providers/Microsoft.Network/publicIPAddresses/vm1PublicIP\",\r\n
        \ \"etag\": \"W/\\\"6508307e-a2c0-4cf5-a8bc-9aebbf67a72e\\\"\",\r\n  \"location\":
        \"westus\",\r\n  \"tags\": {},\r\n  \"properties\": {\r\n    \"provisioningState\":
        \"Succeeded\",\r\n    \"resourceGuid\": \"e2ed9e3a-61f9-450c-a83e-cae14928285f\",\r\n
        \   \"ipAddress\": \"40.112.177.149\",\r\n    \"publicIPAddressVersion\":
        \"IPv4\",\r\n    \"publicIPAllocationMethod\": \"Dynamic\",\r\n    \"idleTimeoutInMinutes\":
        4,\r\n    \"ipTags\": [],\r\n    \"ipConfiguration\": {\r\n      \"id\": \"/subscriptions/00000000-0000-0000-0000-000000000000/resourceGroups/clitest.rg000001/providers/Microsoft.Network/networkInterfaces/vm1VMNic/ipConfigurations/ipconfigvm1\"\r\n
        \   }\r\n  },\r\n  \"type\": \"Microsoft.Network/publicIPAddresses\",\r\n
        \ \"sku\": {\r\n    \"name\": \"Basic\",\r\n    \"tier\": \"Regional\"\r\n
        \ }\r\n}"}
    headers:
      cache-control: [no-cache]
      content-length: ['1023']
      content-type: [application/json; charset=utf-8]
      date: ['Sun, 15 Jul 2018 05:25:23 GMT']
      etag: [W/"6508307e-a2c0-4cf5-a8bc-9aebbf67a72e"]
      expires: ['-1']
      pragma: [no-cache]
      server: [Microsoft-HTTPAPI/2.0, Microsoft-HTTPAPI/2.0]
      strict-transport-security: [max-age=31536000; includeSubDomains]
      transfer-encoding: [chunked]
      vary: [Accept-Encoding]
      x-content-type-options: [nosniff]
    status: {code: 200, message: OK}
- request:
    body: null
    headers:
      Accept: [application/json]
      Accept-Encoding: ['gzip, deflate']
      CommandName: [network nic show]
      Connection: [keep-alive]
      Content-Type: [application/json; charset=utf-8]
      User-Agent: [python/3.5.4 (Windows-10-10.0.17134-SP0) requests/2.19.1 msrest/0.5.1
          msrest_azure/0.4.34 networkmanagementclient/2.0.0rc3 Azure-SDK-For-Python
          AZURECLI/2.0.43]
      accept-language: [en-US]
    method: GET
    uri: https://management.azure.com/subscriptions/00000000-0000-0000-0000-000000000000/resourceGroups/clitest.rg000001/providers/Microsoft.Network/networkInterfaces/vm1vmnic?api-version=2018-02-01
  response:
    body: {string: "{\r\n  \"name\": \"vm1VMNic\",\r\n  \"id\": \"/subscriptions/00000000-0000-0000-0000-000000000000/resourceGroups/clitest.rg000001/providers/Microsoft.Network/networkInterfaces/vm1VMNic\",\r\n
        \ \"etag\": \"W/\\\"979e782d-6dfe-4645-85ab-cad39825965a\\\"\",\r\n  \"location\":
        \"westus\",\r\n  \"tags\": {},\r\n  \"properties\": {\r\n    \"provisioningState\":
        \"Succeeded\",\r\n    \"resourceGuid\": \"b5ffb8c9-8285-4d02-919f-32ac869d9972\",\r\n
        \   \"ipConfigurations\": [\r\n      {\r\n        \"name\": \"ipconfigvm1\",\r\n
        \       \"id\": \"/subscriptions/00000000-0000-0000-0000-000000000000/resourceGroups/clitest.rg000001/providers/Microsoft.Network/networkInterfaces/vm1VMNic/ipConfigurations/ipconfigvm1\",\r\n
        \       \"etag\": \"W/\\\"979e782d-6dfe-4645-85ab-cad39825965a\\\"\",\r\n
        \       \"properties\": {\r\n          \"provisioningState\": \"Succeeded\",\r\n
        \         \"privateIPAddress\": \"10.0.0.4\",\r\n          \"privateIPAllocationMethod\":
        \"Dynamic\",\r\n          \"publicIPAddress\": {\r\n            \"id\": \"/subscriptions/00000000-0000-0000-0000-000000000000/resourceGroups/clitest.rg000001/providers/Microsoft.Network/publicIPAddresses/vm1PublicIP\"\r\n
        \         },\r\n          \"subnet\": {\r\n            \"id\": \"/subscriptions/00000000-0000-0000-0000-000000000000/resourceGroups/clitest.rg000001/providers/Microsoft.Network/virtualNetworks/vm1VNET/subnets/vm1Subnet\"\r\n
        \         },\r\n          \"primary\": true,\r\n          \"privateIPAddressVersion\":
        \"IPv4\",\r\n          \"isInUseWithService\": false\r\n        }\r\n      }\r\n
        \   ],\r\n    \"dnsSettings\": {\r\n      \"dnsServers\": [],\r\n      \"appliedDnsServers\":
        [],\r\n      \"internalDomainNameSuffix\": \"pbynexnmsqhu1mgcrveeodud5a.dx.internal.cloudapp.net\"\r\n
        \   },\r\n    \"macAddress\": \"00-0D-3A-3B-52-C9\",\r\n    \"enableAcceleratedNetworking\":
        true,\r\n    \"enableIPForwarding\": false,\r\n    \"networkSecurityGroup\":
        {\r\n      \"id\": \"/subscriptions/00000000-0000-0000-0000-000000000000/resourceGroups/clitest.rg000001/providers/Microsoft.Network/networkSecurityGroups/vm1NSG\"\r\n
        \   },\r\n    \"primary\": true,\r\n    \"virtualMachine\": {\r\n      \"id\":
        \"/subscriptions/00000000-0000-0000-0000-000000000000/resourceGroups/clitest.rg000001/providers/Microsoft.Compute/virtualMachines/vm1\"\r\n
        \   },\r\n    \"virtualNetworkTapProvisioningState\": \"NotProvisioned\"\r\n
        \ },\r\n  \"type\": \"Microsoft.Network/networkInterfaces\"\r\n}"}
    headers:
      cache-control: [no-cache]
      content-length: ['2595']
      content-type: [application/json; charset=utf-8]
      date: ['Sun, 15 Jul 2018 05:25:24 GMT']
      etag: [W/"979e782d-6dfe-4645-85ab-cad39825965a"]
      expires: ['-1']
      pragma: [no-cache]
      server: [Microsoft-HTTPAPI/2.0, Microsoft-HTTPAPI/2.0]
      strict-transport-security: [max-age=31536000; includeSubDomains]
      transfer-encoding: [chunked]
      vary: [Accept-Encoding]
      x-content-type-options: [nosniff]
    status: {code: 200, message: OK}
- request:
    body: null
    headers:
      Accept: [application/json]
      Accept-Encoding: ['gzip, deflate']
      CommandName: [group delete]
      Connection: [keep-alive]
      Content-Length: ['0']
      Content-Type: [application/json; charset=utf-8]
      User-Agent: [python/3.5.4 (Windows-10-10.0.17134-SP0) requests/2.19.1 msrest/0.5.1
          msrest_azure/0.4.34 resourcemanagementclient/2.0.0rc3 Azure-SDK-For-Python
          AZURECLI/2.0.43]
      accept-language: [en-US]
    method: DELETE
    uri: https://management.azure.com/subscriptions/00000000-0000-0000-0000-000000000000/resourcegroups/clitest.rg000001?api-version=2018-05-01
  response:
    body: {string: ''}
    headers:
      cache-control: [no-cache]
      content-length: ['0']
      date: ['Sun, 15 Jul 2018 05:25:25 GMT']
      expires: ['-1']
      location: ['https://management.azure.com/subscriptions/00000000-0000-0000-0000-000000000000/operationresults/eyJqb2JJZCI6IlJFU09VUkNFR1JPVVBERUxFVElPTkpPQi1DTElURVNUOjJFUkdJWjZZM1lSSkNFT0FIVlhEUkk0WVk2T0xHNjM3TExSNElGNHwwQTg0NUM0RDYxNjIwOEFDLVdFU1RVUyIsImpvYkxvY2F0aW9uIjoid2VzdHVzIn0?api-version=2018-05-01']
      pragma: [no-cache]
      strict-transport-security: [max-age=31536000; includeSubDomains]
      x-content-type-options: [nosniff]
      x-ms-ratelimit-remaining-subscription-deletes: ['14999']
    status: {code: 202, message: Accepted}
version: 1
