interactions:
- request:
    body: '{"tags": {"date": "2018-07-15T01:39:49Z", "product": "azurecli", "cause":
      "automation"}, "location": "westus"}'
    headers:
      Accept: [application/json]
      Accept-Encoding: ['gzip, deflate']
      CommandName: [group create]
      Connection: [keep-alive]
      Content-Length: ['110']
      Content-Type: [application/json; charset=utf-8]
      User-Agent: [python/3.5.4 (Windows-10-10.0.17134-SP0) requests/2.19.1 msrest/0.5.1
          msrest_azure/0.4.34 resourcemanagementclient/2.0.0rc3 Azure-SDK-For-Python
          AZURECLI/2.0.43]
      accept-language: [en-US]
    method: PUT
    uri: https://management.azure.com/subscriptions/00000000-0000-0000-0000-000000000000/resourcegroups/cli_test_create_vm_custom_data000001?api-version=2018-05-01
  response:
    body: {string: '{"id":"/subscriptions/00000000-0000-0000-0000-000000000000/resourceGroups/cli_test_create_vm_custom_data000001","name":"cli_test_create_vm_custom_data000001","location":"westus","tags":{"date":"2018-07-15T01:39:49Z","product":"azurecli","cause":"automation"},"properties":{"provisioningState":"Succeeded"}}'}
    headers:
      cache-control: [no-cache]
      content-length: ['384']
      content-type: [application/json; charset=utf-8]
      date: ['Sun, 15 Jul 2018 01:39:54 GMT']
      expires: ['-1']
      pragma: [no-cache]
      strict-transport-security: [max-age=31536000; includeSubDomains]
      x-content-type-options: [nosniff]
      x-ms-ratelimit-remaining-subscription-writes: ['1199']
    status: {code: 201, message: Created}
- request:
    body: null
    headers:
      Accept: ['*/*']
      Accept-Encoding: ['gzip, deflate']
      Connection: [keep-alive]
      User-Agent: [python-requests/2.19.1]
    method: GET
    uri: https://raw.githubusercontent.com/Azure/azure-rest-api-specs/master/arm-compute/quickstart-templates/aliases.json
  response:
    body: {string: "{\n  \"$schema\":\"http://schema.management.azure.com/schemas/2015-01-01/deploymentTemplate.json\",\n
        \ \"contentVersion\":\"1.0.0.0\",\n  \"parameters\":{},\n  \"variables\":{},\n
        \ \"resources\":[],\n\n  \"outputs\":{\n    \"aliases\":{\n      \"type\":\"object\",\n
        \     \"value\":{\n\n        \"Linux\":{\n          \"CentOS\":{\n            \"publisher\":\"OpenLogic\",\n
        \           \"offer\":\"CentOS\",\n            \"sku\":\"7.3\",\n            \"version\":\"latest\"\n
        \         },\n          \"CoreOS\":{\n            \"publisher\":\"CoreOS\",\n
        \           \"offer\":\"CoreOS\",\n            \"sku\":\"Stable\",\n            \"version\":\"latest\"\n
        \         },\n          \"Debian\":{\n            \"publisher\":\"credativ\",\n
        \           \"offer\":\"Debian\",\n            \"sku\":\"8\",\n            \"version\":\"latest\"\n
        \         },\n          \"openSUSE-Leap\": {\n            \"publisher\":\"SUSE\",\n
        \           \"offer\":\"openSUSE-Leap\",\n            \"sku\":\"42.3\",\n
        \           \"version\": \"latest\"\n          },\n          \"RHEL\":{\n
        \           \"publisher\":\"RedHat\",\n            \"offer\":\"RHEL\",\n            \"sku\":\"7.3\",\n
        \           \"version\":\"latest\"\n          },\n          \"SLES\":{\n            \"publisher\":\"SUSE\",\n
        \           \"offer\":\"SLES\",\n            \"sku\":\"12-SP2\",\n            \"version\":\"latest\"\n
        \         },\n          \"UbuntuLTS\":{\n            \"publisher\":\"Canonical\",\n
        \           \"offer\":\"UbuntuServer\",\n            \"sku\":\"16.04-LTS\",\n
        \           \"version\":\"latest\"\n          }\n        },\n\n        \"Windows\":{\n
        \         \"Win2016Datacenter\":{\n            \"publisher\":\"MicrosoftWindowsServer\",\n
        \           \"offer\":\"WindowsServer\",\n            \"sku\":\"2016-Datacenter\",\n
        \           \"version\":\"latest\"\n          },\n          \"Win2012R2Datacenter\":{\n
        \           \"publisher\":\"MicrosoftWindowsServer\",\n            \"offer\":\"WindowsServer\",\n
        \           \"sku\":\"2012-R2-Datacenter\",\n            \"version\":\"latest\"\n
        \         },\n          \"Win2012Datacenter\":{\n            \"publisher\":\"MicrosoftWindowsServer\",\n
        \           \"offer\":\"WindowsServer\",\n            \"sku\":\"2012-Datacenter\",\n
        \           \"version\":\"latest\"\n          },\n          \"Win2008R2SP1\":{\n
        \           \"publisher\":\"MicrosoftWindowsServer\",\n            \"offer\":\"WindowsServer\",\n
        \           \"sku\":\"2008-R2-SP1\",\n            \"version\":\"latest\"\n
        \         }\n        }\n      }\n    }\n  }\n}\n"}
    headers:
      accept-ranges: [bytes]
      access-control-allow-origin: ['*']
      cache-control: [max-age=300]
      connection: [keep-alive]
      content-length: ['2235']
      content-security-policy: [default-src 'none'; style-src 'unsafe-inline'; sandbox]
      content-type: [text/plain; charset=utf-8]
      date: ['Sun, 15 Jul 2018 01:39:56 GMT']
      etag: ['"60d07919b4224266adafb81340896eea100dc887"']
      expires: ['Sun, 15 Jul 2018 01:44:56 GMT']
      source-age: ['0']
      strict-transport-security: [max-age=31536000]
      vary: ['Authorization,Accept-Encoding']
      via: [1.1 varnish]
      x-cache: [MISS]
      x-cache-hits: ['0']
      x-content-type-options: [nosniff]
      x-fastly-request-id: [371a6c25806d61835c25c710f347241616d2c0fc]
      x-frame-options: [deny]
      x-geo-block-list: ['']
      x-github-request-id: ['7F9E:5C5D:374F437:3A3AD4D:5B4AA5EC']
      x-served-by: [cache-sea1020-SEA]
      x-timer: ['S1531618796.284699,VS0,VE91']
      x-xss-protection: [1; mode=block]
    status: {code: 200, message: OK}
- request:
    body: null
    headers:
      Accept: [application/json]
      Accept-Encoding: ['gzip, deflate']
      CommandName: [vm create]
      Connection: [keep-alive]
      Content-Type: [application/json; charset=utf-8]
      User-Agent: [python/3.5.4 (Windows-10-10.0.17134-SP0) requests/2.19.1 msrest/0.5.1
          msrest_azure/0.4.34 networkmanagementclient/2.0.0rc3 Azure-SDK-For-Python
          AZURECLI/2.0.43]
      accept-language: [en-US]
    method: GET
    uri: https://management.azure.com/subscriptions/00000000-0000-0000-0000-000000000000/resourceGroups/cli_test_create_vm_custom_data000001/providers/Microsoft.Network/virtualNetworks?api-version=2018-01-01
  response:
    body: {string: '{"value":[]}'}
    headers:
      cache-control: [no-cache]
      content-length: ['12']
      content-type: [application/json; charset=utf-8]
      date: ['Sun, 15 Jul 2018 01:39:56 GMT']
      expires: ['-1']
      pragma: [no-cache]
      strict-transport-security: [max-age=31536000; includeSubDomains]
      vary: [Accept-Encoding]
      x-content-type-options: [nosniff]
    status: {code: 200, message: OK}
- request:
    body: 'b''{"properties": {"template": {"$schema": "https://schema.management.azure.com/schemas/2015-01-01/deploymentTemplate.json#",
      "parameters": {}, "outputs": {}, "resources": [{"tags": {}, "properties": {"addressSpace":
      {"addressPrefixes": ["10.0.0.0/16"]}, "subnets": [{"properties": {"addressPrefix":
      "10.0.0.0/24"}, "name": "vm-nameSubnet"}]}, "location": "westus", "name": "vm-nameVNET",
      "apiVersion": "2015-06-15", "dependsOn": [], "type": "Microsoft.Network/virtualNetworks"},
      {"tags": {}, "properties": {"securityRules": [{"properties": {"priority": 1000,
      "destinationPortRange": "22", "destinationAddressPrefix": "*", "access": "Allow",
      "sourceAddressPrefix": "*", "direction": "Inbound", "protocol": "Tcp", "sourcePortRange":
      "*"}, "name": "default-allow-ssh"}]}, "location": "westus", "name": "vm-nameNSG",
      "apiVersion": "2015-06-15", "dependsOn": [], "type": "Microsoft.Network/networkSecurityGroups"},
      {"tags": {}, "properties": {"publicIPAllocationMethod": null}, "location": "westus",
      "name": "vm-namePublicIP", "apiVersion": "2018-01-01", "dependsOn": [], "type":
      "Microsoft.Network/publicIPAddresses"}, {"tags": {}, "properties": {"networkSecurityGroup":
      {"id": "/subscriptions/00000000-0000-0000-0000-000000000000/resourceGroups/cli_test_create_vm_custom_data000001/providers/Microsoft.Network/networkSecurityGroups/vm-nameNSG"},
      "ipConfigurations": [{"properties": {"subnet": {"id": "/subscriptions/00000000-0000-0000-0000-000000000000/resourceGroups/cli_test_create_vm_custom_data000001/providers/Microsoft.Network/virtualNetworks/vm-nameVNET/subnets/vm-nameSubnet"},
      "publicIPAddress": {"id": "/subscriptions/00000000-0000-0000-0000-000000000000/resourceGroups/cli_test_create_vm_custom_data000001/providers/Microsoft.Network/publicIPAddresses/vm-namePublicIP"},
      "privateIPAllocationMethod": "Dynamic"}, "name": "ipconfigvm-name"}]}, "location":
      "westus", "name": "vm-nameVMNic", "apiVersion": "2015-06-15", "dependsOn": ["Microsoft.Network/virtualNetworks/vm-nameVNET",
      "Microsoft.Network/networkSecurityGroups/vm-nameNSG", "Microsoft.Network/publicIpAddresses/vm-namePublicIP"],
      "type": "Microsoft.Network/networkInterfaces"}, {"tags": {}, "properties": {"networkProfile":
      {"networkInterfaces": [{"id": "/subscriptions/00000000-0000-0000-0000-000000000000/resourceGroups/cli_test_create_vm_custom_data000001/providers/Microsoft.Network/networkInterfaces/vm-nameVMNic"}]},
      "osProfile": {"computerName": "vm-name", "customData": "I2Nsb3VkLWNvbmZpZwpob3N0bmFtZTogbXlWTWhvc3RuYW1l",
      "adminUsername": "ubuntu", "linuxConfiguration": {"ssh": {"publicKeys": [{"path":
      "/home/ubuntu/.ssh/authorized_keys", "keyData": "ssh-rsa AAAAB3NzaC1yc2EAAAADAQABAAACAQCbIg1guRHbI0lV11wWDt1r2cUdcNd27CJsg+SfgC7miZeubtwUhbsPdhMQsfDyhOWHq1+ZL0M+nJZV63d/1dhmhtgyOqejUwrPlzKhydsbrsdUor+JmNJDdW01v7BXHyuymT8G4s09jCasNOwiufbP/qp72ruu0bIA1nySsvlf9pCQAuFkAnVnf/rFhUlOkhtRpwcq8SUNY2zRHR/EKb/4NWY1JzR4sa3q2fWIJdrrX0DvLoa5g9bIEd4Df79ba7v+yiUBOS0zT2ll+z4g9izHK3EO5d8hL4jYxcjKs+wcslSYRWrascfscLgMlMGh0CdKeNTDjHpGPncaf3Z+FwwwjWeuiNBxv7bJo13/8B/098KlVDl4GZqsoBCEjPyJfV6hO0y/LkRGkk7oHWKgeWAfKtfLItRp00eZ4fcJNK9kCaSMmEugoZWcI7NGbZXzqFWqbpRI7NcDP9+WIQ+i9U5vqWsqd/zng4kbuAJ6UuKqIzB0upYrLShfQE3SAck8oaLhJqqq56VfDuASNpJKidV+zq27HfSBmbXnkR/5AK337dc3MXKJypoK/QPMLKUAP5XLPbs+NddJQV7EZXd29DLgp+fRIg3edpKdO7ZErWhv7d+3Kws+e1Y+ypmR2WIVSwVyBEUfgv2C8Ts9gnTF4pNcEY/S2aBicz5Ew2+jdyGNQQ==
      test@example.com\\n"}]}, "disablePasswordAuthentication": true}}, "hardwareProfile":
      {"vmSize": "Standard_DS1_v2"}, "storageProfile": {"osDisk": {"name": null, "caching":
      "ReadWrite", "managedDisk": {"storageAccountType": null}, "createOption": "fromImage"},
      "imageReference": {"publisher": "Canonical", "offer": "UbuntuServer", "version":
      "latest", "sku": "16.04-LTS"}}}, "location": "westus", "name": "vm-name", "apiVersion":
      "2018-06-01", "dependsOn": ["Microsoft.Network/networkInterfaces/vm-nameVMNic"],
      "type": "Microsoft.Compute/virtualMachines"}], "variables": {}, "contentVersion":
      "1.0.0.0"}, "parameters": {}, "mode": "Incremental"}}'''
    headers:
      Accept: [application/json]
      Accept-Encoding: ['gzip, deflate']
      CommandName: [vm create]
      Connection: [keep-alive]
      Content-Length: ['4150']
      Content-Type: [application/json; charset=utf-8]
      User-Agent: [python/3.5.4 (Windows-10-10.0.17134-SP0) requests/2.19.1 msrest/0.5.1
          msrest_azure/0.4.34 resourcemanagementclient/2.0.0rc3 Azure-SDK-For-Python
          AZURECLI/2.0.43]
      accept-language: [en-US]
    method: PUT
    uri: https://management.azure.com/subscriptions/00000000-0000-0000-0000-000000000000/resourcegroups/cli_test_create_vm_custom_data000001/providers/Microsoft.Resources/deployments/mock-deployment?api-version=2018-05-01
  response:
    body: {string: '{"id":"/subscriptions/00000000-0000-0000-0000-000000000000/resourceGroups/cli_test_create_vm_custom_data000001/providers/Microsoft.Resources/deployments/vm_deploy_dopGCtEatSI4CCOT2uzecJYezRIRSNwU","name":"vm_deploy_dopGCtEatSI4CCOT2uzecJYezRIRSNwU","properties":{"templateHash":"11477328332532110492","parameters":{},"mode":"Incremental","provisioningState":"Accepted","timestamp":"2018-07-15T01:39:59.1633369Z","duration":"PT0.7670308S","correlationId":"5640f887-5301-468e-af79-aa9ce8c513d3","providers":[{"namespace":"Microsoft.Network","resourceTypes":[{"resourceType":"virtualNetworks","locations":["westus"]},{"resourceType":"networkSecurityGroups","locations":["westus"]},{"resourceType":"publicIPAddresses","locations":["westus"]},{"resourceType":"networkInterfaces","locations":["westus"]}]},{"namespace":"Microsoft.Compute","resourceTypes":[{"resourceType":"virtualMachines","locations":["westus"]}]}],"dependencies":[{"dependsOn":[{"id":"/subscriptions/00000000-0000-0000-0000-000000000000/resourceGroups/cli_test_create_vm_custom_data000001/providers/Microsoft.Network/virtualNetworks/vm-nameVNET","resourceType":"Microsoft.Network/virtualNetworks","resourceName":"vm-nameVNET"},{"id":"/subscriptions/00000000-0000-0000-0000-000000000000/resourceGroups/cli_test_create_vm_custom_data000001/providers/Microsoft.Network/networkSecurityGroups/vm-nameNSG","resourceType":"Microsoft.Network/networkSecurityGroups","resourceName":"vm-nameNSG"},{"id":"/subscriptions/00000000-0000-0000-0000-000000000000/resourceGroups/cli_test_create_vm_custom_data000001/providers/Microsoft.Network/publicIPAddresses/vm-namePublicIP","resourceType":"Microsoft.Network/publicIPAddresses","resourceName":"vm-namePublicIP"}],"id":"/subscriptions/00000000-0000-0000-0000-000000000000/resourceGroups/cli_test_create_vm_custom_data000001/providers/Microsoft.Network/networkInterfaces/vm-nameVMNic","resourceType":"Microsoft.Network/networkInterfaces","resourceName":"vm-nameVMNic"},{"dependsOn":[{"id":"/subscriptions/00000000-0000-0000-0000-000000000000/resourceGroups/cli_test_create_vm_custom_data000001/providers/Microsoft.Network/networkInterfaces/vm-nameVMNic","resourceType":"Microsoft.Network/networkInterfaces","resourceName":"vm-nameVMNic"}],"id":"/subscriptions/00000000-0000-0000-0000-000000000000/resourceGroups/cli_test_create_vm_custom_data000001/providers/Microsoft.Compute/virtualMachines/vm-name","resourceType":"Microsoft.Compute/virtualMachines","resourceName":"vm-name"}]}}'}
    headers:
      azure-asyncoperation: ['https://management.azure.com/subscriptions/00000000-0000-0000-0000-000000000000/resourcegroups/cli_test_create_vm_custom_data000001/providers/Microsoft.Resources/deployments/vm_deploy_dopGCtEatSI4CCOT2uzecJYezRIRSNwU/operationStatuses/08586699880870813232?api-version=2018-05-01']
      cache-control: [no-cache]
      content-length: ['2750']
      content-type: [application/json; charset=utf-8]
      date: ['Sun, 15 Jul 2018 01:39:59 GMT']
      expires: ['-1']
      pragma: [no-cache]
      strict-transport-security: [max-age=31536000; includeSubDomains]
      x-content-type-options: [nosniff]
      x-ms-ratelimit-remaining-subscription-writes: ['1199']
    status: {code: 201, message: Created}
- request:
    body: null
    headers:
      Accept: [application/json]
      Accept-Encoding: ['gzip, deflate']
      CommandName: [vm create]
      Connection: [keep-alive]
      User-Agent: [python/3.5.4 (Windows-10-10.0.17134-SP0) requests/2.19.1 msrest/0.5.1
          msrest_azure/0.4.34 resourcemanagementclient/2.0.0rc3 Azure-SDK-For-Python
          AZURECLI/2.0.43]
    method: GET
    uri: https://management.azure.com/subscriptions/00000000-0000-0000-0000-000000000000/resourcegroups/cli_test_create_vm_custom_data000001/providers/Microsoft.Resources/deployments/mock-deployment/operationStatuses/08586699880870813232?api-version=2018-05-01
  response:
    body: {string: '{"status":"Running"}'}
    headers:
      cache-control: [no-cache]
      content-length: ['20']
      content-type: [application/json; charset=utf-8]
      date: ['Sun, 15 Jul 2018 01:40:29 GMT']
      expires: ['-1']
      pragma: [no-cache]
      strict-transport-security: [max-age=31536000; includeSubDomains]
      vary: [Accept-Encoding]
      x-content-type-options: [nosniff]
    status: {code: 200, message: OK}
- request:
    body: null
    headers:
      Accept: [application/json]
      Accept-Encoding: ['gzip, deflate']
      CommandName: [vm create]
      Connection: [keep-alive]
      User-Agent: [python/3.5.4 (Windows-10-10.0.17134-SP0) requests/2.19.1 msrest/0.5.1
          msrest_azure/0.4.34 resourcemanagementclient/2.0.0rc3 Azure-SDK-For-Python
          AZURECLI/2.0.43]
    method: GET
    uri: https://management.azure.com/subscriptions/00000000-0000-0000-0000-000000000000/resourcegroups/cli_test_create_vm_custom_data000001/providers/Microsoft.Resources/deployments/mock-deployment/operationStatuses/08586699880870813232?api-version=2018-05-01
  response:
    body: {string: '{"status":"Running"}'}
    headers:
      cache-control: [no-cache]
      content-length: ['20']
      content-type: [application/json; charset=utf-8]
      date: ['Sun, 15 Jul 2018 01:41:00 GMT']
      expires: ['-1']
      pragma: [no-cache]
      strict-transport-security: [max-age=31536000; includeSubDomains]
      vary: [Accept-Encoding]
      x-content-type-options: [nosniff]
    status: {code: 200, message: OK}
- request:
    body: null
    headers:
      Accept: [application/json]
      Accept-Encoding: ['gzip, deflate']
      CommandName: [vm create]
      Connection: [keep-alive]
      User-Agent: [python/3.5.4 (Windows-10-10.0.17134-SP0) requests/2.19.1 msrest/0.5.1
          msrest_azure/0.4.34 resourcemanagementclient/2.0.0rc3 Azure-SDK-For-Python
          AZURECLI/2.0.43]
    method: GET
    uri: https://management.azure.com/subscriptions/00000000-0000-0000-0000-000000000000/resourcegroups/cli_test_create_vm_custom_data000001/providers/Microsoft.Resources/deployments/mock-deployment/operationStatuses/08586699880870813232?api-version=2018-05-01
  response:
    body: {string: '{"status":"Running"}'}
    headers:
      cache-control: [no-cache]
      content-length: ['20']
      content-type: [application/json; charset=utf-8]
      date: ['Sun, 15 Jul 2018 01:41:30 GMT']
      expires: ['-1']
      pragma: [no-cache]
      strict-transport-security: [max-age=31536000; includeSubDomains]
      vary: [Accept-Encoding]
      x-content-type-options: [nosniff]
    status: {code: 200, message: OK}
- request:
    body: null
    headers:
      Accept: [application/json]
      Accept-Encoding: ['gzip, deflate']
      CommandName: [vm create]
      Connection: [keep-alive]
      User-Agent: [python/3.5.4 (Windows-10-10.0.17134-SP0) requests/2.19.1 msrest/0.5.1
          msrest_azure/0.4.34 resourcemanagementclient/2.0.0rc3 Azure-SDK-For-Python
          AZURECLI/2.0.43]
    method: GET
    uri: https://management.azure.com/subscriptions/00000000-0000-0000-0000-000000000000/resourcegroups/cli_test_create_vm_custom_data000001/providers/Microsoft.Resources/deployments/mock-deployment/operationStatuses/08586699880870813232?api-version=2018-05-01
  response:
    body: {string: '{"status":"Running"}'}
    headers:
      cache-control: [no-cache]
      content-length: ['20']
      content-type: [application/json; charset=utf-8]
      date: ['Sun, 15 Jul 2018 01:42:01 GMT']
      expires: ['-1']
      pragma: [no-cache]
      strict-transport-security: [max-age=31536000; includeSubDomains]
      vary: [Accept-Encoding]
      x-content-type-options: [nosniff]
    status: {code: 200, message: OK}
- request:
    body: null
    headers:
      Accept: [application/json]
      Accept-Encoding: ['gzip, deflate']
      CommandName: [vm create]
      Connection: [keep-alive]
      User-Agent: [python/3.5.4 (Windows-10-10.0.17134-SP0) requests/2.19.1 msrest/0.5.1
          msrest_azure/0.4.34 resourcemanagementclient/2.0.0rc3 Azure-SDK-For-Python
          AZURECLI/2.0.43]
    method: GET
    uri: https://management.azure.com/subscriptions/00000000-0000-0000-0000-000000000000/resourcegroups/cli_test_create_vm_custom_data000001/providers/Microsoft.Resources/deployments/mock-deployment/operationStatuses/08586699880870813232?api-version=2018-05-01
  response:
    body: {string: '{"status":"Succeeded"}'}
    headers:
      cache-control: [no-cache]
      content-length: ['22']
      content-type: [application/json; charset=utf-8]
      date: ['Sun, 15 Jul 2018 01:42:30 GMT']
      expires: ['-1']
      pragma: [no-cache]
      strict-transport-security: [max-age=31536000; includeSubDomains]
      vary: [Accept-Encoding]
      x-content-type-options: [nosniff]
    status: {code: 200, message: OK}
- request:
    body: null
    headers:
      Accept: [application/json]
      Accept-Encoding: ['gzip, deflate']
      CommandName: [vm create]
      Connection: [keep-alive]
      User-Agent: [python/3.5.4 (Windows-10-10.0.17134-SP0) requests/2.19.1 msrest/0.5.1
          msrest_azure/0.4.34 resourcemanagementclient/2.0.0rc3 Azure-SDK-For-Python
          AZURECLI/2.0.43]
    method: GET
    uri: https://management.azure.com/subscriptions/00000000-0000-0000-0000-000000000000/resourcegroups/cli_test_create_vm_custom_data000001/providers/Microsoft.Resources/deployments/mock-deployment?api-version=2018-05-01
  response:
    body: {string: '{"id":"/subscriptions/00000000-0000-0000-0000-000000000000/resourceGroups/cli_test_create_vm_custom_data000001/providers/Microsoft.Resources/deployments/vm_deploy_dopGCtEatSI4CCOT2uzecJYezRIRSNwU","name":"vm_deploy_dopGCtEatSI4CCOT2uzecJYezRIRSNwU","properties":{"templateHash":"11477328332532110492","parameters":{},"mode":"Incremental","provisioningState":"Succeeded","timestamp":"2018-07-15T01:42:04.7098214Z","duration":"PT2M6.3135153S","correlationId":"5640f887-5301-468e-af79-aa9ce8c513d3","providers":[{"namespace":"Microsoft.Network","resourceTypes":[{"resourceType":"virtualNetworks","locations":["westus"]},{"resourceType":"networkSecurityGroups","locations":["westus"]},{"resourceType":"publicIPAddresses","locations":["westus"]},{"resourceType":"networkInterfaces","locations":["westus"]}]},{"namespace":"Microsoft.Compute","resourceTypes":[{"resourceType":"virtualMachines","locations":["westus"]}]}],"dependencies":[{"dependsOn":[{"id":"/subscriptions/00000000-0000-0000-0000-000000000000/resourceGroups/cli_test_create_vm_custom_data000001/providers/Microsoft.Network/virtualNetworks/vm-nameVNET","resourceType":"Microsoft.Network/virtualNetworks","resourceName":"vm-nameVNET"},{"id":"/subscriptions/00000000-0000-0000-0000-000000000000/resourceGroups/cli_test_create_vm_custom_data000001/providers/Microsoft.Network/networkSecurityGroups/vm-nameNSG","resourceType":"Microsoft.Network/networkSecurityGroups","resourceName":"vm-nameNSG"},{"id":"/subscriptions/00000000-0000-0000-0000-000000000000/resourceGroups/cli_test_create_vm_custom_data000001/providers/Microsoft.Network/publicIPAddresses/vm-namePublicIP","resourceType":"Microsoft.Network/publicIPAddresses","resourceName":"vm-namePublicIP"}],"id":"/subscriptions/00000000-0000-0000-0000-000000000000/resourceGroups/cli_test_create_vm_custom_data000001/providers/Microsoft.Network/networkInterfaces/vm-nameVMNic","resourceType":"Microsoft.Network/networkInterfaces","resourceName":"vm-nameVMNic"},{"dependsOn":[{"id":"/subscriptions/00000000-0000-0000-0000-000000000000/resourceGroups/cli_test_create_vm_custom_data000001/providers/Microsoft.Network/networkInterfaces/vm-nameVMNic","resourceType":"Microsoft.Network/networkInterfaces","resourceName":"vm-nameVMNic"}],"id":"/subscriptions/00000000-0000-0000-0000-000000000000/resourceGroups/cli_test_create_vm_custom_data000001/providers/Microsoft.Compute/virtualMachines/vm-name","resourceType":"Microsoft.Compute/virtualMachines","resourceName":"vm-name"}],"outputs":{},"outputResources":[{"id":"/subscriptions/00000000-0000-0000-0000-000000000000/resourceGroups/cli_test_create_vm_custom_data000001/providers/Microsoft.Compute/virtualMachines/vm-name"},{"id":"/subscriptions/00000000-0000-0000-0000-000000000000/resourceGroups/cli_test_create_vm_custom_data000001/providers/Microsoft.Network/networkInterfaces/vm-nameVMNic"},{"id":"/subscriptions/00000000-0000-0000-0000-000000000000/resourceGroups/cli_test_create_vm_custom_data000001/providers/Microsoft.Network/networkSecurityGroups/vm-nameNSG"},{"id":"/subscriptions/00000000-0000-0000-0000-000000000000/resourceGroups/cli_test_create_vm_custom_data000001/providers/Microsoft.Network/publicIPAddresses/vm-namePublicIP"},{"id":"/subscriptions/00000000-0000-0000-0000-000000000000/resourceGroups/cli_test_create_vm_custom_data000001/providers/Microsoft.Network/virtualNetworks/vm-nameVNET"}]}}'}
    headers:
      cache-control: [no-cache]
      content-length: ['3836']
      content-type: [application/json; charset=utf-8]
      date: ['Sun, 15 Jul 2018 01:42:31 GMT']
      expires: ['-1']
      pragma: [no-cache]
      strict-transport-security: [max-age=31536000; includeSubDomains]
      vary: [Accept-Encoding]
      x-content-type-options: [nosniff]
    status: {code: 200, message: OK}
- request:
    body: null
    headers:
      Accept: [application/json]
      Accept-Encoding: ['gzip, deflate']
      CommandName: [vm create]
      Connection: [keep-alive]
      Content-Type: [application/json; charset=utf-8]
      User-Agent: [python/3.5.4 (Windows-10-10.0.17134-SP0) requests/2.19.1 msrest/0.5.1
          msrest_azure/0.4.34 computemanagementclient/4.0.0rc3 Azure-SDK-For-Python
          AZURECLI/2.0.43]
      accept-language: [en-US]
    method: GET
    uri: https://management.azure.com/subscriptions/00000000-0000-0000-0000-000000000000/resourceGroups/cli_test_create_vm_custom_data000001/providers/Microsoft.Compute/virtualMachines/vm-name?api-version=2018-06-01&$expand=instanceView
  response:
    body: {string: "{\r\n  \"properties\": {\r\n    \"vmId\": \"7b71b23b-a7b0-4b77-ac0b-f7ef784fd28e\",\r\n
        \   \"hardwareProfile\": {\r\n      \"vmSize\": \"Standard_DS1_v2\"\r\n    },\r\n
        \   \"storageProfile\": {\r\n      \"imageReference\": {\r\n        \"publisher\":
        \"Canonical\",\r\n        \"offer\": \"UbuntuServer\",\r\n        \"sku\":
        \"16.04-LTS\",\r\n        \"version\": \"latest\"\r\n      },\r\n      \"osDisk\":
        {\r\n        \"osType\": \"Linux\",\r\n        \"name\": \"vm-name_OsDisk_1_2e51f7fb98574cc8a4f220b33c09eaf8\",\r\n
        \       \"createOption\": \"FromImage\",\r\n        \"caching\": \"ReadWrite\",\r\n
        \       \"managedDisk\": {\r\n          \"storageAccountType\": \"Premium_LRS\",\r\n
        \         \"id\": \"/subscriptions/00000000-0000-0000-0000-000000000000/resourceGroups/cli_test_create_vm_custom_data000001/providers/Microsoft.Compute/disks/vm-name_OsDisk_1_2e51f7fb98574cc8a4f220b33c09eaf8\"\r\n
        \       },\r\n        \"diskSizeGB\": 30\r\n      },\r\n      \"dataDisks\":
        []\r\n    },\r\n    \"osProfile\": {\r\n      \"computerName\": \"vm-name\",\r\n
        \     \"adminUsername\": \"ubuntu\",\r\n      \"linuxConfiguration\": {\r\n
        \       \"disablePasswordAuthentication\": true,\r\n        \"ssh\": {\r\n
        \         \"publicKeys\": [\r\n            {\r\n              \"path\": \"/home/ubuntu/.ssh/authorized_keys\",\r\n
        \             \"keyData\": \"ssh-rsa AAAAB3NzaC1yc2EAAAADAQABAAACAQCbIg1guRHbI0lV11wWDt1r2cUdcNd27CJsg+SfgC7miZeubtwUhbsPdhMQsfDyhOWHq1+ZL0M+nJZV63d/1dhmhtgyOqejUwrPlzKhydsbrsdUor+JmNJDdW01v7BXHyuymT8G4s09jCasNOwiufbP/qp72ruu0bIA1nySsvlf9pCQAuFkAnVnf/rFhUlOkhtRpwcq8SUNY2zRHR/EKb/4NWY1JzR4sa3q2fWIJdrrX0DvLoa5g9bIEd4Df79ba7v+yiUBOS0zT2ll+z4g9izHK3EO5d8hL4jYxcjKs+wcslSYRWrascfscLgMlMGh0CdKeNTDjHpGPncaf3Z+FwwwjWeuiNBxv7bJo13/8B/098KlVDl4GZqsoBCEjPyJfV6hO0y/LkRGkk7oHWKgeWAfKtfLItRp00eZ4fcJNK9kCaSMmEugoZWcI7NGbZXzqFWqbpRI7NcDP9+WIQ+i9U5vqWsqd/zng4kbuAJ6UuKqIzB0upYrLShfQE3SAck8oaLhJqqq56VfDuASNpJKidV+zq27HfSBmbXnkR/5AK337dc3MXKJypoK/QPMLKUAP5XLPbs+NddJQV7EZXd29DLgp+fRIg3edpKdO7ZErWhv7d+3Kws+e1Y+ypmR2WIVSwVyBEUfgv2C8Ts9gnTF4pNcEY/S2aBicz5Ew2+jdyGNQQ==
        test@example.com\\n\"\r\n            }\r\n          ]\r\n        },\r\n        \"provisionVMAgent\":
        true\r\n      },\r\n      \"secrets\": [],\r\n      \"allowExtensionOperations\":
        true\r\n    },\r\n    \"networkProfile\": {\"networkInterfaces\":[{\"id\":\"/subscriptions/00000000-0000-0000-0000-000000000000/resourceGroups/cli_test_create_vm_custom_data000001/providers/Microsoft.Network/networkInterfaces/vm-nameVMNic\"}]},\r\n
        \   \"provisioningState\": \"Succeeded\",\r\n    \"instanceView\": {\r\n      \"computerName\":
        \"myVMhostname\",\r\n      \"osName\": \"ubuntu\",\r\n      \"osVersion\":
        \"16.04\",\r\n      \"vmAgent\": {\r\n        \"vmAgentVersion\": \"2.2.26\",\r\n
        \       \"statuses\": [\r\n          {\r\n            \"code\": \"ProvisioningState/succeeded\",\r\n
        \           \"level\": \"Info\",\r\n            \"displayStatus\": \"Ready\",\r\n
        \           \"message\": \"Guest Agent is running\",\r\n            \"time\":
        \"2018-07-15T01:42:30+00:00\"\r\n          }\r\n        ],\r\n        \"extensionHandlers\":
        []\r\n      },\r\n      \"disks\": [\r\n        {\r\n          \"name\": \"vm-name_OsDisk_1_2e51f7fb98574cc8a4f220b33c09eaf8\",\r\n
        \         \"statuses\": [\r\n            {\r\n              \"code\": \"ProvisioningState/succeeded\",\r\n
        \             \"level\": \"Info\",\r\n              \"displayStatus\": \"Provisioning
        succeeded\",\r\n              \"time\": \"2018-07-15T01:40:40.9299753+00:00\"\r\n
        \           }\r\n          ]\r\n        }\r\n      ],\r\n      \"statuses\":
        [\r\n        {\r\n          \"code\": \"ProvisioningState/succeeded\",\r\n
        \         \"level\": \"Info\",\r\n          \"displayStatus\": \"Provisioning
        succeeded\",\r\n          \"time\": \"2018-07-15T01:41:48.7955783+00:00\"\r\n
        \       },\r\n        {\r\n          \"code\": \"PowerState/running\",\r\n
        \         \"level\": \"Info\",\r\n          \"displayStatus\": \"VM running\"\r\n
        \       }\r\n      ]\r\n    }\r\n  },\r\n  \"type\": \"Microsoft.Compute/virtualMachines\",\r\n
        \ \"location\": \"westus\",\r\n  \"tags\": {},\r\n  \"id\": \"/subscriptions/00000000-0000-0000-0000-000000000000/resourceGroups/cli_test_create_vm_custom_data000001/providers/Microsoft.Compute/virtualMachines/vm-name\",\r\n
        \ \"name\": \"vm-name\"\r\n}"}
    headers:
      cache-control: [no-cache]
      content-length: ['4025']
      content-type: [application/json; charset=utf-8]
      date: ['Sun, 15 Jul 2018 01:42:32 GMT']
      expires: ['-1']
      pragma: [no-cache]
      server: [Microsoft-HTTPAPI/2.0, Microsoft-HTTPAPI/2.0]
      strict-transport-security: [max-age=31536000; includeSubDomains]
      transfer-encoding: [chunked]
      vary: [Accept-Encoding]
      x-content-type-options: [nosniff]
      x-ms-ratelimit-remaining-resource: ['Microsoft.Compute/LowCostGet3Min;4194,Microsoft.Compute/LowCostGet30Min;33525']
    status: {code: 200, message: OK}
- request:
    body: null
    headers:
      Accept: [application/json]
      Accept-Encoding: ['gzip, deflate']
      CommandName: [vm create]
      Connection: [keep-alive]
      Content-Type: [application/json; charset=utf-8]
      User-Agent: [python/3.5.4 (Windows-10-10.0.17134-SP0) requests/2.19.1 msrest/0.5.1
          msrest_azure/0.4.34 networkmanagementclient/2.0.0rc3 Azure-SDK-For-Python
          AZURECLI/2.0.43]
      accept-language: [en-US]
    method: GET
    uri: https://management.azure.com/subscriptions/00000000-0000-0000-0000-000000000000/resourceGroups/cli_test_create_vm_custom_data000001/providers/Microsoft.Network/networkInterfaces/vm-nameVMNic?api-version=2018-01-01
  response:
    body: {string: "{\r\n  \"name\": \"vm-nameVMNic\",\r\n  \"id\": \"/subscriptions/00000000-0000-0000-0000-000000000000/resourceGroups/cli_test_create_vm_custom_data000001/providers/Microsoft.Network/networkInterfaces/vm-nameVMNic\",\r\n
        \ \"etag\": \"W/\\\"e2314bb8-2221-4b01-86a2-9b689b865ab3\\\"\",\r\n  \"location\":
        \"westus\",\r\n  \"tags\": {},\r\n  \"properties\": {\r\n    \"provisioningState\":
        \"Succeeded\",\r\n    \"resourceGuid\": \"20f0c569-56b9-4a80-bf4a-edfe805b5028\",\r\n
        \   \"ipConfigurations\": [\r\n      {\r\n        \"name\": \"ipconfigvm-name\",\r\n
        \       \"id\": \"/subscriptions/00000000-0000-0000-0000-000000000000/resourceGroups/cli_test_create_vm_custom_data000001/providers/Microsoft.Network/networkInterfaces/vm-nameVMNic/ipConfigurations/ipconfigvm-name\",\r\n
        \       \"etag\": \"W/\\\"e2314bb8-2221-4b01-86a2-9b689b865ab3\\\"\",\r\n
        \       \"properties\": {\r\n          \"provisioningState\": \"Succeeded\",\r\n
        \         \"privateIPAddress\": \"10.0.0.4\",\r\n          \"privateIPAllocationMethod\":
        \"Dynamic\",\r\n          \"publicIPAddress\": {\r\n            \"id\": \"/subscriptions/00000000-0000-0000-0000-000000000000/resourceGroups/cli_test_create_vm_custom_data000001/providers/Microsoft.Network/publicIPAddresses/vm-namePublicIP\"\r\n
        \         },\r\n          \"subnet\": {\r\n            \"id\": \"/subscriptions/00000000-0000-0000-0000-000000000000/resourceGroups/cli_test_create_vm_custom_data000001/providers/Microsoft.Network/virtualNetworks/vm-nameVNET/subnets/vm-nameSubnet\"\r\n
        \         },\r\n          \"primary\": true,\r\n          \"privateIPAddressVersion\":
        \"IPv4\",\r\n          \"isInUseWithService\": false\r\n        }\r\n      }\r\n
        \   ],\r\n    \"dnsSettings\": {\r\n      \"dnsServers\": [],\r\n      \"appliedDnsServers\":
        [],\r\n      \"internalDomainNameSuffix\": \"ktldbv3hfwmehnhqui3rd2wkef.dx.internal.cloudapp.net\"\r\n
        \   },\r\n    \"macAddress\": \"00-0D-3A-3B-4D-E8\",\r\n    \"enableAcceleratedNetworking\":
        false,\r\n    \"enableIPForwarding\": false,\r\n    \"networkSecurityGroup\":
        {\r\n      \"id\": \"/subscriptions/00000000-0000-0000-0000-000000000000/resourceGroups/cli_test_create_vm_custom_data000001/providers/Microsoft.Network/networkSecurityGroups/vm-nameNSG\"\r\n
        \   },\r\n    \"primary\": true,\r\n    \"virtualMachine\": {\r\n      \"id\":
        \"/subscriptions/00000000-0000-0000-0000-000000000000/resourceGroups/cli_test_create_vm_custom_data000001/providers/Microsoft.Compute/virtualMachines/vm-name\"\r\n
        \   },\r\n    \"virtualNetworkTapProvisioningState\": \"NotProvisioned\"\r\n
        \ },\r\n  \"type\": \"Microsoft.Network/networkInterfaces\"\r\n}"}
    headers:
      cache-control: [no-cache]
      content-length: ['2636']
      content-type: [application/json; charset=utf-8]
      date: ['Sun, 15 Jul 2018 01:42:33 GMT']
      etag: [W/"e2314bb8-2221-4b01-86a2-9b689b865ab3"]
      expires: ['-1']
      pragma: [no-cache]
      server: [Microsoft-HTTPAPI/2.0, Microsoft-HTTPAPI/2.0]
      strict-transport-security: [max-age=31536000; includeSubDomains]
      transfer-encoding: [chunked]
      vary: [Accept-Encoding]
      x-content-type-options: [nosniff]
    status: {code: 200, message: OK}
- request:
    body: null
    headers:
      Accept: [application/json]
      Accept-Encoding: ['gzip, deflate']
      CommandName: [vm create]
      Connection: [keep-alive]
      Content-Type: [application/json; charset=utf-8]
      User-Agent: [python/3.5.4 (Windows-10-10.0.17134-SP0) requests/2.19.1 msrest/0.5.1
          msrest_azure/0.4.34 networkmanagementclient/2.0.0rc3 Azure-SDK-For-Python
          AZURECLI/2.0.43]
      accept-language: [en-US]
    method: GET
    uri: https://management.azure.com/subscriptions/00000000-0000-0000-0000-000000000000/resourceGroups/cli_test_create_vm_custom_data000001/providers/Microsoft.Network/publicIPAddresses/vm-namePublicIP?api-version=2018-01-01
  response:
    body: {string: "{\r\n  \"name\": \"vm-namePublicIP\",\r\n  \"id\": \"/subscriptions/00000000-0000-0000-0000-000000000000/resourceGroups/cli_test_create_vm_custom_data000001/providers/Microsoft.Network/publicIPAddresses/vm-namePublicIP\",\r\n
        \ \"etag\": \"W/\\\"69b37669-42ea-48e7-9e51-d8d46b635a10\\\"\",\r\n  \"location\":
        \"westus\",\r\n  \"tags\": {},\r\n  \"properties\": {\r\n    \"provisioningState\":
        \"Succeeded\",\r\n    \"resourceGuid\": \"9ae20a71-0e62-4ab5-a7fd-5d6f3c0f5d25\",\r\n
        \   \"ipAddress\": \"104.42.219.53\",\r\n    \"publicIPAddressVersion\": \"IPv4\",\r\n
        \   \"publicIPAllocationMethod\": \"Dynamic\",\r\n    \"idleTimeoutInMinutes\":
        4,\r\n    \"ipTags\": [],\r\n    \"ipConfiguration\": {\r\n      \"id\": \"/subscriptions/00000000-0000-0000-0000-000000000000/resourceGroups/cli_test_create_vm_custom_data000001/providers/Microsoft.Network/networkInterfaces/vm-nameVMNic/ipConfigurations/ipconfigvm-name\"\r\n
        \   }\r\n  },\r\n  \"type\": \"Microsoft.Network/publicIPAddresses\",\r\n
        \ \"sku\": {\r\n    \"name\": \"Basic\",\r\n    \"tier\": \"Regional\"\r\n
        \ }\r\n}"}
    headers:
      cache-control: [no-cache]
      content-length: ['1038']
      content-type: [application/json; charset=utf-8]
      date: ['Sun, 15 Jul 2018 01:42:33 GMT']
      etag: [W/"69b37669-42ea-48e7-9e51-d8d46b635a10"]
      expires: ['-1']
      pragma: [no-cache]
      server: [Microsoft-HTTPAPI/2.0, Microsoft-HTTPAPI/2.0]
      strict-transport-security: [max-age=31536000; includeSubDomains]
      transfer-encoding: [chunked]
      vary: [Accept-Encoding]
      x-content-type-options: [nosniff]
    status: {code: 200, message: OK}
- request:
    body: null
    headers:
      Accept: [application/json]
      Accept-Encoding: ['gzip, deflate']
      CommandName: [vm show]
      Connection: [keep-alive]
      Content-Type: [application/json; charset=utf-8]
      User-Agent: [python/3.5.4 (Windows-10-10.0.17134-SP0) requests/2.19.1 msrest/0.5.1
          msrest_azure/0.4.34 computemanagementclient/4.0.0rc3 Azure-SDK-For-Python
          AZURECLI/2.0.43]
      accept-language: [en-US]
    method: GET
    uri: https://management.azure.com/subscriptions/00000000-0000-0000-0000-000000000000/resourceGroups/cli_test_create_vm_custom_data000001/providers/Microsoft.Compute/virtualMachines/vm-name?api-version=2018-06-01
  response:
    body: {string: "{\r\n  \"properties\": {\r\n    \"vmId\": \"7b71b23b-a7b0-4b77-ac0b-f7ef784fd28e\",\r\n
        \   \"hardwareProfile\": {\r\n      \"vmSize\": \"Standard_DS1_v2\"\r\n    },\r\n
        \   \"storageProfile\": {\r\n      \"imageReference\": {\r\n        \"publisher\":
        \"Canonical\",\r\n        \"offer\": \"UbuntuServer\",\r\n        \"sku\":
        \"16.04-LTS\",\r\n        \"version\": \"latest\"\r\n      },\r\n      \"osDisk\":
        {\r\n        \"osType\": \"Linux\",\r\n        \"name\": \"vm-name_OsDisk_1_2e51f7fb98574cc8a4f220b33c09eaf8\",\r\n
        \       \"createOption\": \"FromImage\",\r\n        \"caching\": \"ReadWrite\",\r\n
        \       \"managedDisk\": {\r\n          \"storageAccountType\": \"Premium_LRS\",\r\n
        \         \"id\": \"/subscriptions/00000000-0000-0000-0000-000000000000/resourceGroups/cli_test_create_vm_custom_data000001/providers/Microsoft.Compute/disks/vm-name_OsDisk_1_2e51f7fb98574cc8a4f220b33c09eaf8\"\r\n
        \       },\r\n        \"diskSizeGB\": 30\r\n      },\r\n      \"dataDisks\":
        []\r\n    },\r\n    \"osProfile\": {\r\n      \"computerName\": \"vm-name\",\r\n
        \     \"adminUsername\": \"ubuntu\",\r\n      \"linuxConfiguration\": {\r\n
        \       \"disablePasswordAuthentication\": true,\r\n        \"ssh\": {\r\n
        \         \"publicKeys\": [\r\n            {\r\n              \"path\": \"/home/ubuntu/.ssh/authorized_keys\",\r\n
        \             \"keyData\": \"ssh-rsa AAAAB3NzaC1yc2EAAAADAQABAAACAQCbIg1guRHbI0lV11wWDt1r2cUdcNd27CJsg+SfgC7miZeubtwUhbsPdhMQsfDyhOWHq1+ZL0M+nJZV63d/1dhmhtgyOqejUwrPlzKhydsbrsdUor+JmNJDdW01v7BXHyuymT8G4s09jCasNOwiufbP/qp72ruu0bIA1nySsvlf9pCQAuFkAnVnf/rFhUlOkhtRpwcq8SUNY2zRHR/EKb/4NWY1JzR4sa3q2fWIJdrrX0DvLoa5g9bIEd4Df79ba7v+yiUBOS0zT2ll+z4g9izHK3EO5d8hL4jYxcjKs+wcslSYRWrascfscLgMlMGh0CdKeNTDjHpGPncaf3Z+FwwwjWeuiNBxv7bJo13/8B/098KlVDl4GZqsoBCEjPyJfV6hO0y/LkRGkk7oHWKgeWAfKtfLItRp00eZ4fcJNK9kCaSMmEugoZWcI7NGbZXzqFWqbpRI7NcDP9+WIQ+i9U5vqWsqd/zng4kbuAJ6UuKqIzB0upYrLShfQE3SAck8oaLhJqqq56VfDuASNpJKidV+zq27HfSBmbXnkR/5AK337dc3MXKJypoK/QPMLKUAP5XLPbs+NddJQV7EZXd29DLgp+fRIg3edpKdO7ZErWhv7d+3Kws+e1Y+ypmR2WIVSwVyBEUfgv2C8Ts9gnTF4pNcEY/S2aBicz5Ew2+jdyGNQQ==
        test@example.com\\n\"\r\n            }\r\n          ]\r\n        },\r\n        \"provisionVMAgent\":
        true\r\n      },\r\n      \"secrets\": [],\r\n      \"allowExtensionOperations\":
        true\r\n    },\r\n    \"networkProfile\": {\"networkInterfaces\":[{\"id\":\"/subscriptions/00000000-0000-0000-0000-000000000000/resourceGroups/cli_test_create_vm_custom_data000001/providers/Microsoft.Network/networkInterfaces/vm-nameVMNic\"}]},\r\n
        \   \"provisioningState\": \"Succeeded\"\r\n  },\r\n  \"type\": \"Microsoft.Compute/virtualMachines\",\r\n
        \ \"location\": \"westus\",\r\n  \"tags\": {},\r\n  \"id\": \"/subscriptions/00000000-0000-0000-0000-000000000000/resourceGroups/cli_test_create_vm_custom_data000001/providers/Microsoft.Compute/virtualMachines/vm-name\",\r\n
        \ \"name\": \"vm-name\"\r\n}"}
    headers:
      cache-control: [no-cache]
      content-length: ['2753']
      content-type: [application/json; charset=utf-8]
      date: ['Sun, 15 Jul 2018 01:42:44 GMT']
      expires: ['-1']
      pragma: [no-cache]
      server: [Microsoft-HTTPAPI/2.0, Microsoft-HTTPAPI/2.0]
      strict-transport-security: [max-age=31536000; includeSubDomains]
      transfer-encoding: [chunked]
      vary: [Accept-Encoding]
      x-content-type-options: [nosniff]
      x-ms-ratelimit-remaining-resource: ['Microsoft.Compute/LowCostGet3Min;4193,Microsoft.Compute/LowCostGet30Min;33524']
    status: {code: 200, message: OK}
- request:
    body: null
    headers:
      Accept: [application/json]
      Accept-Encoding: ['gzip, deflate']
      CommandName: [group delete]
      Connection: [keep-alive]
      Content-Length: ['0']
      Content-Type: [application/json; charset=utf-8]
      User-Agent: [python/3.5.4 (Windows-10-10.0.17134-SP0) requests/2.19.1 msrest/0.5.1
          msrest_azure/0.4.34 resourcemanagementclient/2.0.0rc3 Azure-SDK-For-Python
          AZURECLI/2.0.43]
      accept-language: [en-US]
    method: DELETE
    uri: https://management.azure.com/subscriptions/00000000-0000-0000-0000-000000000000/resourcegroups/cli_test_create_vm_custom_data000001?api-version=2018-05-01
  response:
    body: {string: ''}
    headers:
      cache-control: [no-cache]
      content-length: ['0']
      date: ['Sun, 15 Jul 2018 01:42:45 GMT']
      expires: ['-1']
      location: ['https://management.azure.com/subscriptions/00000000-0000-0000-0000-000000000000/operationresults/eyJqb2JJZCI6IlJFU09VUkNFR1JPVVBERUxFVElPTkpPQi1DTEk6NUZURVNUOjVGQ1JFQVRFOjVGVk06NUZDVVNUT006NUZEQVRBQk5ISVQyWXxDMjY4NjcwNUIyMDUwNDZGLVdFU1RVUyIsImpvYkxvY2F0aW9uIjoid2VzdHVzIn0?api-version=2018-05-01']
      pragma: [no-cache]
      strict-transport-security: [max-age=31536000; includeSubDomains]
      x-content-type-options: [nosniff]
      x-ms-ratelimit-remaining-subscription-deletes: ['14999']
    status: {code: 202, message: Accepted}
version: 1
