interactions:
- request:
    body: '{"location": "westus", "tags": {"cause": "automation", "date": "2019-03-27T22:03:34Z",
      "product": "azurecli"}}'
    headers:
      Accept:
      - application/json
      Accept-Encoding:
      - gzip, deflate
      CommandName:
      - group create
      Connection:
      - keep-alive
      Content-Length:
      - '110'
      Content-Type:
      - application/json; charset=utf-8
      ParameterSetName:
      - --location --name --tag
      User-Agent:
      - python/3.5.4 (Windows-10-10.0.17763-SP0) msrest/0.6.6 msrest_azure/0.6.0 resourcemanagementclient/2.1.0
        Azure-SDK-For-Python AZURECLI/2.0.60
      accept-language:
      - en-US
    method: PUT
    uri: https://management.azure.com/subscriptions/00000000-0000-0000-0000-000000000000/resourcegroups/cli_test_managed_disk000001?api-version=2018-05-01
  response:
    body:
      string: '{"id":"/subscriptions/00000000-0000-0000-0000-000000000000/resourceGroups/cli_test_managed_disk000001","name":"cli_test_managed_disk000001","location":"westus","tags":{"cause":"automation","date":"2019-03-27T22:03:34Z","product":"azurecli"},"properties":{"provisioningState":"Succeeded"}}'
    headers:
      cache-control:
      - no-cache
      content-length:
      - '384'
      content-type:
      - application/json; charset=utf-8
      date:
      - Wed, 27 Mar 2019 22:03:36 GMT
      expires:
      - '-1'
      pragma:
      - no-cache
      strict-transport-security:
      - max-age=31536000; includeSubDomains
      x-content-type-options:
      - nosniff
      x-ms-ratelimit-remaining-subscription-writes:
      - '1199'
    status:
      code: 201
      message: Created
- request:
    body: null
    headers:
      Accept:
      - application/json
      Accept-Encoding:
      - gzip, deflate
      CommandName:
      - disk create
      Connection:
      - keep-alive
      ParameterSetName:
      - -g -n --size-gb --tags
      User-Agent:
      - python/3.5.4 (Windows-10-10.0.17763-SP0) msrest/0.6.6 msrest_azure/0.6.0 resourcemanagementclient/2.1.0
        Azure-SDK-For-Python AZURECLI/2.0.60
      accept-language:
      - en-US
    method: GET
    uri: https://management.azure.com/subscriptions/00000000-0000-0000-0000-000000000000/resourcegroups/cli_test_managed_disk000001?api-version=2018-05-01
  response:
    body:
      string: '{"id":"/subscriptions/00000000-0000-0000-0000-000000000000/resourceGroups/cli_test_managed_disk000001","name":"cli_test_managed_disk000001","location":"westus","tags":{"cause":"automation","date":"2019-03-27T22:03:34Z","product":"azurecli"},"properties":{"provisioningState":"Succeeded"}}'
    headers:
      cache-control:
      - no-cache
      content-length:
      - '384'
      content-type:
      - application/json; charset=utf-8
      date:
      - Wed, 27 Mar 2019 22:03:37 GMT
      expires:
      - '-1'
      pragma:
      - no-cache
      strict-transport-security:
      - max-age=31536000; includeSubDomains
      vary:
      - Accept-Encoding
      x-content-type-options:
      - nosniff
    status:
      code: 200
      message: OK
- request:
    body: '{"location": "westus", "tags": {"tag1": "d1"}, "properties": {"diskSizeGB":
      1, "creationData": {"createOption": "Empty"}}, "sku": {"name": "Premium_LRS"}}'
    headers:
      Accept:
      - application/json
      Accept-Encoding:
      - gzip, deflate
      CommandName:
      - disk create
      Connection:
      - keep-alive
      Content-Length:
      - '154'
      Content-Type:
      - application/json; charset=utf-8
      ParameterSetName:
      - -g -n --size-gb --tags
      User-Agent:
      - python/3.5.4 (Windows-10-10.0.17763-SP0) msrest/0.6.6 msrest_azure/0.6.0 computemanagementclient/4.4.0
        Azure-SDK-For-Python AZURECLI/2.0.60
      accept-language:
      - en-US
    method: PUT
    uri: https://management.azure.com/subscriptions/00000000-0000-0000-0000-000000000000/resourceGroups/cli_test_managed_disk000001/providers/Microsoft.Compute/disks/d1?api-version=2018-09-30
  response:
    body:
      string: "{\r\n  \"sku\": {\r\n    \"name\": \"Premium_LRS\"\r\n  },\r\n  \"properties\":
        {\r\n    \"creationData\": {\r\n      \"createOption\": \"Empty\"\r\n    },\r\n
        \   \"diskSizeGB\": 1,\r\n    \"provisioningState\": \"Updating\",\r\n    \"isArmResource\":
        true\r\n  },\r\n  \"location\": \"westus\",\r\n  \"tags\": {\r\n    \"tag1\":
        \"d1\"\r\n  },\r\n  \"name\": \"d1\"\r\n}"
    headers:
      azure-asyncoperation:
      - https://management.azure.com/subscriptions/00000000-0000-0000-0000-000000000000/providers/Microsoft.Compute/locations/westus/DiskOperations/b5c14108-27c6-4d76-aa13-50bf8cdfc643?api-version=2018-09-30
      cache-control:
      - no-cache
      content-length:
      - '301'
      content-type:
      - application/json; charset=utf-8
      date:
      - Wed, 27 Mar 2019 22:03:38 GMT
      expires:
      - '-1'
      location:
      - https://management.azure.com/subscriptions/00000000-0000-0000-0000-000000000000/providers/Microsoft.Compute/locations/westus/DiskOperations/b5c14108-27c6-4d76-aa13-50bf8cdfc643?monitor=true&api-version=2018-09-30
      pragma:
      - no-cache
      server:
      - Microsoft-HTTPAPI/2.0
      - Microsoft-HTTPAPI/2.0
      strict-transport-security:
      - max-age=31536000; includeSubDomains
      x-content-type-options:
      - nosniff
      x-ms-ratelimit-remaining-resource:
      - Microsoft.Compute/CreateUpdateDisks3Min;999,Microsoft.Compute/CreateUpdateDisks30Min;7997
      x-ms-ratelimit-remaining-subscription-writes:
      - '1199'
    status:
      code: 202
      message: Accepted
- request:
    body: null
    headers:
      Accept:
      - application/json
      Accept-Encoding:
      - gzip, deflate
      CommandName:
      - disk create
      Connection:
      - keep-alive
      ParameterSetName:
      - -g -n --size-gb --tags
      User-Agent:
      - python/3.5.4 (Windows-10-10.0.17763-SP0) msrest/0.6.6 msrest_azure/0.6.0 computemanagementclient/4.4.0
        Azure-SDK-For-Python AZURECLI/2.0.60
    method: GET
    uri: https://management.azure.com/subscriptions/00000000-0000-0000-0000-000000000000/providers/Microsoft.Compute/locations/westus/DiskOperations/b5c14108-27c6-4d76-aa13-50bf8cdfc643?api-version=2018-09-30
  response:
    body:
      string: "{\r\n  \"startTime\": \"2019-03-27T22:03:38.5163481+00:00\",\r\n  \"endTime\":
        \"2019-03-27T22:03:38.7350975+00:00\",\r\n  \"status\": \"Succeeded\",\r\n
        \ \"properties\": {\r\n    \"output\": {\"sku\":{\"name\":\"Premium_LRS\",\"tier\":\"Premium\"},\"properties\":{\"creationData\":{\"createOption\":\"Empty\"},\"diskSizeGB\":1,\"diskIOPSReadWrite\":120,\"diskMBpsReadWrite\":25,\"timeCreated\":\"2019-03-27T22:03:38.5319554+00:00\",\"provisioningState\":\"Succeeded\",\"diskState\":\"Unattached\"},\"type\":\"Microsoft.Compute/disks\",\"location\":\"westus\",\"tags\":{\"tag1\":\"d1\"},\"id\":\"/subscriptions/00000000-0000-0000-0000-000000000000/resourceGroups/cli_test_managed_disk000001/providers/Microsoft.Compute/disks/d1\",\"name\":\"d1\"}\r\n
        \ },\r\n  \"name\": \"b5c14108-27c6-4d76-aa13-50bf8cdfc643\"\r\n}"
    headers:
      cache-control:
      - no-cache
      content-length:
      - '769'
      content-type:
      - application/json; charset=utf-8
      date:
      - Wed, 27 Mar 2019 22:04:08 GMT
      expires:
      - '-1'
      pragma:
      - no-cache
      server:
      - Microsoft-HTTPAPI/2.0
      - Microsoft-HTTPAPI/2.0
      strict-transport-security:
      - max-age=31536000; includeSubDomains
      transfer-encoding:
      - chunked
      vary:
      - Accept-Encoding
      x-content-type-options:
      - nosniff
      x-ms-ratelimit-remaining-resource:
      - Microsoft.Compute/GetOperation3Min;49998,Microsoft.Compute/GetOperation30Min;399980
    status:
      code: 200
      message: OK
- request:
    body: null
    headers:
      Accept:
      - application/json
      Accept-Encoding:
      - gzip, deflate
      CommandName:
      - disk create
      Connection:
      - keep-alive
      ParameterSetName:
      - -g -n --size-gb --tags
      User-Agent:
      - python/3.5.4 (Windows-10-10.0.17763-SP0) msrest/0.6.6 msrest_azure/0.6.0 computemanagementclient/4.4.0
        Azure-SDK-For-Python AZURECLI/2.0.60
    method: GET
    uri: https://management.azure.com/subscriptions/00000000-0000-0000-0000-000000000000/resourceGroups/cli_test_managed_disk000001/providers/Microsoft.Compute/disks/d1?api-version=2018-09-30
  response:
    body:
      string: "{\r\n  \"sku\": {\r\n    \"name\": \"Premium_LRS\",\r\n    \"tier\":
        \"Premium\"\r\n  },\r\n  \"properties\": {\r\n    \"creationData\": {\r\n
        \     \"createOption\": \"Empty\"\r\n    },\r\n    \"diskSizeGB\": 1,\r\n
        \   \"diskIOPSReadWrite\": 120,\r\n    \"diskMBpsReadWrite\": 25,\r\n    \"timeCreated\":
        \"2019-03-27T22:03:38.5319554+00:00\",\r\n    \"provisioningState\": \"Succeeded\",\r\n
        \   \"diskState\": \"Unattached\"\r\n  },\r\n  \"type\": \"Microsoft.Compute/disks\",\r\n
        \ \"location\": \"westus\",\r\n  \"tags\": {\r\n    \"tag1\": \"d1\"\r\n  },\r\n
        \ \"id\": \"/subscriptions/00000000-0000-0000-0000-000000000000/resourceGroups/cli_test_managed_disk000001/providers/Microsoft.Compute/disks/d1\",\r\n
        \ \"name\": \"d1\"\r\n}"
    headers:
      cache-control:
      - no-cache
      content-length:
      - '678'
      content-type:
      - application/json; charset=utf-8
      date:
      - Wed, 27 Mar 2019 22:04:08 GMT
      expires:
      - '-1'
      pragma:
      - no-cache
      server:
      - Microsoft-HTTPAPI/2.0
      - Microsoft-HTTPAPI/2.0
      strict-transport-security:
      - max-age=31536000; includeSubDomains
      transfer-encoding:
      - chunked
      vary:
      - Accept-Encoding
      x-content-type-options:
      - nosniff
      x-ms-ratelimit-remaining-resource:
      - Microsoft.Compute/LowCostGet3Min;4993,Microsoft.Compute/LowCostGet30Min;39972
    status:
      code: 200
      message: OK
- request:
    body: null
    headers:
      Accept:
      - application/json
      Accept-Encoding:
      - gzip, deflate
      CommandName:
      - disk update
      Connection:
      - keep-alive
      ParameterSetName:
      - -g -n --size-gb --sku
      User-Agent:
      - python/3.5.4 (Windows-10-10.0.17763-SP0) msrest/0.6.6 msrest_azure/0.6.0 computemanagementclient/4.4.0
        Azure-SDK-For-Python AZURECLI/2.0.60
      accept-language:
      - en-US
    method: GET
    uri: https://management.azure.com/subscriptions/00000000-0000-0000-0000-000000000000/resourceGroups/cli_test_managed_disk000001/providers/Microsoft.Compute/disks/d1?api-version=2018-09-30
  response:
    body:
      string: "{\r\n  \"sku\": {\r\n    \"name\": \"Premium_LRS\",\r\n    \"tier\":
        \"Premium\"\r\n  },\r\n  \"properties\": {\r\n    \"creationData\": {\r\n
        \     \"createOption\": \"Empty\"\r\n    },\r\n    \"diskSizeGB\": 1,\r\n
        \   \"diskIOPSReadWrite\": 120,\r\n    \"diskMBpsReadWrite\": 25,\r\n    \"timeCreated\":
        \"2019-03-27T22:03:38.5319554+00:00\",\r\n    \"provisioningState\": \"Succeeded\",\r\n
        \   \"diskState\": \"Unattached\"\r\n  },\r\n  \"type\": \"Microsoft.Compute/disks\",\r\n
        \ \"location\": \"westus\",\r\n  \"tags\": {\r\n    \"tag1\": \"d1\"\r\n  },\r\n
        \ \"id\": \"/subscriptions/00000000-0000-0000-0000-000000000000/resourceGroups/cli_test_managed_disk000001/providers/Microsoft.Compute/disks/d1\",\r\n
        \ \"name\": \"d1\"\r\n}"
    headers:
      cache-control:
      - no-cache
      content-length:
      - '678'
      content-type:
      - application/json; charset=utf-8
      date:
      - Wed, 27 Mar 2019 22:04:10 GMT
      expires:
      - '-1'
      pragma:
      - no-cache
      server:
      - Microsoft-HTTPAPI/2.0
      - Microsoft-HTTPAPI/2.0
      strict-transport-security:
      - max-age=31536000; includeSubDomains
      transfer-encoding:
      - chunked
      vary:
      - Accept-Encoding
      x-content-type-options:
      - nosniff
      x-ms-ratelimit-remaining-resource:
      - Microsoft.Compute/LowCostGet3Min;4992,Microsoft.Compute/LowCostGet30Min;39971
    status:
      code: 200
      message: OK
- request:
    body: '{"location": "westus", "tags": {"tag1": "d1"}, "properties": {"diskSizeGB":
      10, "creationData": {"createOption": "Empty"}, "diskMBpsReadWrite": 25, "diskIOPSReadWrite":
      120}, "sku": {"name": "Standard_LRS"}}'
    headers:
      Accept:
      - application/json
      Accept-Encoding:
      - gzip, deflate
      CommandName:
      - disk update
      Connection:
      - keep-alive
      Content-Length:
      - '207'
      Content-Type:
      - application/json; charset=utf-8
      ParameterSetName:
      - -g -n --size-gb --sku
      User-Agent:
      - python/3.5.4 (Windows-10-10.0.17763-SP0) msrest/0.6.6 msrest_azure/0.6.0 computemanagementclient/4.4.0
        Azure-SDK-For-Python AZURECLI/2.0.60
      accept-language:
      - en-US
    method: PUT
    uri: https://management.azure.com/subscriptions/00000000-0000-0000-0000-000000000000/resourceGroups/cli_test_managed_disk000001/providers/Microsoft.Compute/disks/d1?api-version=2018-09-30
  response:
    body:
      string: "{\r\n  \"sku\": {\r\n    \"name\": \"Standard_LRS\"\r\n  },\r\n  \"properties\":
        {\r\n    \"creationData\": {\r\n      \"createOption\": \"Empty\"\r\n    },\r\n
        \   \"diskSizeGB\": 10,\r\n    \"provisioningState\": \"Updating\",\r\n    \"isArmResource\":
        true\r\n  },\r\n  \"location\": \"westus\",\r\n  \"tags\": {\r\n    \"tag1\":
        \"d1\"\r\n  },\r\n  \"name\": \"d1\"\r\n}"
    headers:
      azure-asyncoperation:
      - https://management.azure.com/subscriptions/00000000-0000-0000-0000-000000000000/providers/Microsoft.Compute/locations/westus/DiskOperations/354cae66-6d2f-483c-aafd-7173af1725bb?api-version=2018-09-30
      cache-control:
      - no-cache
      content-length:
      - '303'
      content-type:
      - application/json; charset=utf-8
      date:
      - Wed, 27 Mar 2019 22:04:10 GMT
      expires:
      - '-1'
      location:
      - https://management.azure.com/subscriptions/00000000-0000-0000-0000-000000000000/providers/Microsoft.Compute/locations/westus/DiskOperations/354cae66-6d2f-483c-aafd-7173af1725bb?monitor=true&api-version=2018-09-30
      pragma:
      - no-cache
      server:
      - Microsoft-HTTPAPI/2.0
      - Microsoft-HTTPAPI/2.0
      strict-transport-security:
      - max-age=31536000; includeSubDomains
      x-content-type-options:
      - nosniff
      x-ms-ratelimit-remaining-resource:
      - Microsoft.Compute/CreateUpdateDisks3Min;998,Microsoft.Compute/CreateUpdateDisks30Min;7996
      x-ms-ratelimit-remaining-subscription-writes:
      - '1199'
    status:
      code: 202
      message: Accepted
- request:
    body: null
    headers:
      Accept:
      - application/json
      Accept-Encoding:
      - gzip, deflate
      CommandName:
      - disk update
      Connection:
      - keep-alive
      ParameterSetName:
      - -g -n --size-gb --sku
      User-Agent:
      - python/3.5.4 (Windows-10-10.0.17763-SP0) msrest/0.6.6 msrest_azure/0.6.0 computemanagementclient/4.4.0
        Azure-SDK-For-Python AZURECLI/2.0.60
    method: GET
    uri: https://management.azure.com/subscriptions/00000000-0000-0000-0000-000000000000/providers/Microsoft.Compute/locations/westus/DiskOperations/354cae66-6d2f-483c-aafd-7173af1725bb?api-version=2018-09-30
  response:
    body:
      string: "{\r\n  \"startTime\": \"2019-03-27T22:04:10.7577732+00:00\",\r\n  \"endTime\":
        \"2019-03-27T22:04:10.9140173+00:00\",\r\n  \"status\": \"Succeeded\",\r\n
        \ \"properties\": {\r\n    \"output\": {\"sku\":{\"name\":\"Standard_LRS\",\"tier\":\"Standard\"},\"properties\":{\"creationData\":{\"createOption\":\"Empty\"},\"diskSizeGB\":10,\"diskIOPSReadWrite\":500,\"diskMBpsReadWrite\":60,\"timeCreated\":\"2019-03-27T22:03:38.5319554+00:00\",\"provisioningState\":\"Succeeded\",\"diskState\":\"Unattached\"},\"type\":\"Microsoft.Compute/disks\",\"location\":\"westus\",\"tags\":{\"tag1\":\"d1\"},\"id\":\"/subscriptions/00000000-0000-0000-0000-000000000000/resourceGroups/cli_test_managed_disk000001/providers/Microsoft.Compute/disks/d1\",\"name\":\"d1\"}\r\n
        \ },\r\n  \"name\": \"354cae66-6d2f-483c-aafd-7173af1725bb\"\r\n}"
    headers:
      cache-control:
      - no-cache
      content-length:
      - '772'
      content-type:
      - application/json; charset=utf-8
      date:
      - Wed, 27 Mar 2019 22:04:40 GMT
      expires:
      - '-1'
      pragma:
      - no-cache
      server:
      - Microsoft-HTTPAPI/2.0
      - Microsoft-HTTPAPI/2.0
      strict-transport-security:
      - max-age=31536000; includeSubDomains
      transfer-encoding:
      - chunked
      vary:
      - Accept-Encoding
      x-content-type-options:
      - nosniff
      x-ms-ratelimit-remaining-resource:
      - Microsoft.Compute/GetOperation3Min;49996,Microsoft.Compute/GetOperation30Min;399978
    status:
      code: 200
      message: OK
- request:
    body: null
    headers:
      Accept:
      - application/json
      Accept-Encoding:
      - gzip, deflate
      CommandName:
      - disk update
      Connection:
      - keep-alive
      ParameterSetName:
      - -g -n --size-gb --sku
      User-Agent:
      - python/3.5.4 (Windows-10-10.0.17763-SP0) msrest/0.6.6 msrest_azure/0.6.0 computemanagementclient/4.4.0
        Azure-SDK-For-Python AZURECLI/2.0.60
    method: GET
    uri: https://management.azure.com/subscriptions/00000000-0000-0000-0000-000000000000/resourceGroups/cli_test_managed_disk000001/providers/Microsoft.Compute/disks/d1?api-version=2018-09-30
  response:
    body:
      string: "{\r\n  \"sku\": {\r\n    \"name\": \"Standard_LRS\",\r\n    \"tier\":
        \"Standard\"\r\n  },\r\n  \"properties\": {\r\n    \"creationData\": {\r\n
        \     \"createOption\": \"Empty\"\r\n    },\r\n    \"diskSizeGB\": 10,\r\n
        \   \"diskIOPSReadWrite\": 500,\r\n    \"diskMBpsReadWrite\": 60,\r\n    \"timeCreated\":
        \"2019-03-27T22:03:38.5319554+00:00\",\r\n    \"provisioningState\": \"Succeeded\",\r\n
        \   \"diskState\": \"Unattached\"\r\n  },\r\n  \"type\": \"Microsoft.Compute/disks\",\r\n
        \ \"location\": \"westus\",\r\n  \"tags\": {\r\n    \"tag1\": \"d1\"\r\n  },\r\n
        \ \"id\": \"/subscriptions/00000000-0000-0000-0000-000000000000/resourceGroups/cli_test_managed_disk000001/providers/Microsoft.Compute/disks/d1\",\r\n
        \ \"name\": \"d1\"\r\n}"
    headers:
      cache-control:
      - no-cache
      content-length:
      - '681'
      content-type:
      - application/json; charset=utf-8
      date:
      - Wed, 27 Mar 2019 22:04:41 GMT
      expires:
      - '-1'
      pragma:
      - no-cache
      server:
      - Microsoft-HTTPAPI/2.0
      - Microsoft-HTTPAPI/2.0
      strict-transport-security:
      - max-age=31536000; includeSubDomains
      transfer-encoding:
      - chunked
      vary:
      - Accept-Encoding
      x-content-type-options:
      - nosniff
      x-ms-ratelimit-remaining-resource:
      - Microsoft.Compute/LowCostGet3Min;4989,Microsoft.Compute/LowCostGet30Min;39966
    status:
      code: 200
      message: OK
- request:
    body: '{"access": "Read", "durationInSeconds": 10}'
    headers:
      Accept:
      - application/json
      Accept-Encoding:
      - gzip, deflate
      CommandName:
      - disk grant-access
      Connection:
      - keep-alive
      Content-Length:
      - '43'
      Content-Type:
      - application/json; charset=utf-8
      ParameterSetName:
      - -g -n --duration-in-seconds
      User-Agent:
      - python/3.5.4 (Windows-10-10.0.17763-SP0) msrest/0.6.6 msrest_azure/0.6.0 computemanagementclient/4.4.0
        Azure-SDK-For-Python AZURECLI/2.0.60
      accept-language:
      - en-US
    method: POST
    uri: https://management.azure.com/subscriptions/00000000-0000-0000-0000-000000000000/resourceGroups/cli_test_managed_disk000001/providers/Microsoft.Compute/disks/d1/beginGetAccess?api-version=2018-09-30
  response:
    body:
      string: ''
    headers:
      azure-asyncoperation:
      - https://management.azure.com/subscriptions/00000000-0000-0000-0000-000000000000/providers/Microsoft.Compute/locations/westus/DiskOperations/88a8bab6-d087-449e-a3b2-605629948bf6?api-version=2018-09-30
      cache-control:
      - no-cache
      content-length:
      - '0'
      date:
      - Wed, 27 Mar 2019 22:04:42 GMT
      expires:
      - '-1'
      location:
      - https://management.azure.com/subscriptions/00000000-0000-0000-0000-000000000000/providers/Microsoft.Compute/locations/westus/DiskOperations/88a8bab6-d087-449e-a3b2-605629948bf6?monitor=true&api-version=2018-09-30
      pragma:
      - no-cache
      server:
      - Microsoft-HTTPAPI/2.0
      - Microsoft-HTTPAPI/2.0
      strict-transport-security:
      - max-age=31536000; includeSubDomains
      x-content-type-options:
      - nosniff
      x-ms-ratelimit-remaining-resource:
      - Microsoft.Compute/HighCostDiskHydrate3Min;999,Microsoft.Compute/HighCostDiskHydrate30Min;7999
      x-ms-ratelimit-remaining-subscription-writes:
      - '1199'
    status:
      code: 202
      message: Accepted
- request:
    body: null
    headers:
      Accept:
      - application/json
      Accept-Encoding:
      - gzip, deflate
      CommandName:
      - disk grant-access
      Connection:
      - keep-alive
      ParameterSetName:
      - -g -n --duration-in-seconds
      User-Agent:
      - python/3.5.4 (Windows-10-10.0.17763-SP0) msrest/0.6.6 msrest_azure/0.6.0 computemanagementclient/4.4.0
        Azure-SDK-For-Python AZURECLI/2.0.60
    method: GET
    uri: https://management.azure.com/subscriptions/00000000-0000-0000-0000-000000000000/providers/Microsoft.Compute/locations/westus/DiskOperations/88a8bab6-d087-449e-a3b2-605629948bf6?api-version=2018-09-30
  response:
    body:
      string: "{\r\n  \"startTime\": \"2019-03-27T22:04:43.3698016+00:00\",\r\n  \"endTime\":
        \"2019-03-27T22:04:43.635434+00:00\",\r\n  \"status\": \"Succeeded\",\r\n
        \ \"properties\": {\r\n    \"output\": {\r\n  \"accessSAS\": \"https://md-2cbtxxc0n0fd.blob.core.windows.net/mkk423rwgclw/abcd?sv=2017-04-17&sr=b&si=6e644823-4cc4-463b-89a8-22158fdd0cb9&sig=65m3v83O7cpX%2BB4HoP5iXaX1ytcXyjJWiwlh%2FeEGpYc%3D\"\r\n}\r\n
        \ },\r\n  \"name\": \"88a8bab6-d087-449e-a3b2-605629948bf6\"\r\n}"
    headers:
      cache-control:
      - no-cache
      content-length:
      - '424'
      content-type:
      - application/json; charset=utf-8
      date:
      - Wed, 27 Mar 2019 22:05:13 GMT
      expires:
      - '-1'
      pragma:
      - no-cache
      server:
      - Microsoft-HTTPAPI/2.0
      - Microsoft-HTTPAPI/2.0
      strict-transport-security:
      - max-age=31536000; includeSubDomains
      transfer-encoding:
      - chunked
      vary:
      - Accept-Encoding
      x-content-type-options:
      - nosniff
      x-ms-ratelimit-remaining-resource:
      - Microsoft.Compute/GetOperation3Min;49994,Microsoft.Compute/GetOperation30Min;399976
    status:
      code: 200
      message: OK
- request:
    body: null
    headers:
      Accept:
      - application/json
      Accept-Encoding:
      - gzip, deflate
      CommandName:
      - disk grant-access
      Connection:
      - keep-alive
      ParameterSetName:
      - -g -n --duration-in-seconds
      User-Agent:
      - python/3.5.4 (Windows-10-10.0.17763-SP0) msrest/0.6.6 msrest_azure/0.6.0 computemanagementclient/4.4.0
        Azure-SDK-For-Python AZURECLI/2.0.60
    method: GET
    uri: https://management.azure.com/subscriptions/00000000-0000-0000-0000-000000000000/providers/Microsoft.Compute/locations/westus/DiskOperations/88a8bab6-d087-449e-a3b2-605629948bf6?monitor=true&api-version=2018-09-30
  response:
    body:
      string: "{\r\n  \"accessSAS\": \"https://md-2cbtxxc0n0fd.blob.core.windows.net/mkk423rwgclw/abcd?sv=2017-04-17&sr=b&si=6e644823-4cc4-463b-89a8-22158fdd0cb9&sig=65m3v83O7cpX%2BB4HoP5iXaX1ytcXyjJWiwlh%2FeEGpYc%3D\"\r\n}"
    headers:
      cache-control:
      - no-cache
      content-length:
      - '200'
      content-type:
      - application/json; charset=utf-8
      date:
      - Wed, 27 Mar 2019 22:05:13 GMT
      expires:
      - '-1'
      pragma:
      - no-cache
      server:
      - Microsoft-HTTPAPI/2.0
      - Microsoft-HTTPAPI/2.0
      strict-transport-security:
      - max-age=31536000; includeSubDomains
      transfer-encoding:
      - chunked
      vary:
      - Accept-Encoding
      x-content-type-options:
      - nosniff
      x-ms-ratelimit-remaining-resource:
      - Microsoft.Compute/GetOperation3Min;49993,Microsoft.Compute/GetOperation30Min;399975
    status:
      code: 200
      message: OK
- request:
    body: null
    headers:
      Accept:
      - application/json
      Accept-Encoding:
      - gzip, deflate
      CommandName:
      - disk create
      Connection:
      - keep-alive
      ParameterSetName:
      - -g -n --source
      User-Agent:
      - python/3.5.4 (Windows-10-10.0.17763-SP0) msrest/0.6.6 msrest_azure/0.6.0 resourcemanagementclient/2.1.0
        Azure-SDK-For-Python AZURECLI/2.0.60
      accept-language:
      - en-US
    method: GET
    uri: https://management.azure.com/subscriptions/00000000-0000-0000-0000-000000000000/resourcegroups/cli_test_managed_disk000001?api-version=2018-05-01
  response:
    body:
      string: '{"id":"/subscriptions/00000000-0000-0000-0000-000000000000/resourceGroups/cli_test_managed_disk000001","name":"cli_test_managed_disk000001","location":"westus","tags":{"cause":"automation","date":"2019-03-27T22:03:34Z","product":"azurecli"},"properties":{"provisioningState":"Succeeded"}}'
    headers:
      cache-control:
      - no-cache
      content-length:
      - '384'
      content-type:
      - application/json; charset=utf-8
      date:
      - Wed, 27 Mar 2019 22:05:13 GMT
      expires:
      - '-1'
      pragma:
      - no-cache
      strict-transport-security:
      - max-age=31536000; includeSubDomains
      vary:
      - Accept-Encoding
      x-content-type-options:
      - nosniff
    status:
      code: 200
      message: OK
- request:
    body: 'b''{"location": "westus", "properties": {"creationData": {"sourceResourceId":
      "/subscriptions/00000000-0000-0000-0000-000000000000/resourceGroups/cli_test_managed_disk000001/providers/Microsoft.Compute/disks/d1",
      "createOption": "Copy"}}, "sku": {"name": "Premium_LRS"}, "tags": {}}'''
    headers:
      Accept:
      - application/json
      Accept-Encoding:
      - gzip, deflate
      CommandName:
      - disk create
      Connection:
      - keep-alive
      Content-Length:
      - '327'
      Content-Type:
      - application/json; charset=utf-8
      ParameterSetName:
      - -g -n --source
      User-Agent:
      - python/3.5.4 (Windows-10-10.0.17763-SP0) msrest/0.6.6 msrest_azure/0.6.0 computemanagementclient/4.4.0
        Azure-SDK-For-Python AZURECLI/2.0.60
      accept-language:
      - en-US
    method: PUT
    uri: https://management.azure.com/subscriptions/00000000-0000-0000-0000-000000000000/resourceGroups/cli_test_managed_disk000001/providers/Microsoft.Compute/disks/d2?api-version=2018-09-30
  response:
    body:
      string: "{\r\n  \"sku\": {\r\n    \"name\": \"Premium_LRS\"\r\n  },\r\n  \"properties\":
        {\r\n    \"creationData\": {\r\n      \"createOption\": \"Copy\",\r\n      \"sourceResourceId\":
        \"/subscriptions/00000000-0000-0000-0000-000000000000/resourceGroups/cli_test_managed_disk000001/providers/Microsoft.Compute/disks/d1\"\r\n
        \   },\r\n    \"provisioningState\": \"Updating\",\r\n    \"isArmResource\":
        true\r\n  },\r\n  \"location\": \"westus\",\r\n  \"tags\": {},\r\n  \"name\":
        \"d2\"\r\n}"
    headers:
      azure-asyncoperation:
      - https://management.azure.com/subscriptions/00000000-0000-0000-0000-000000000000/providers/Microsoft.Compute/locations/westus/DiskOperations/99aab6ec-aaa7-40d8-8387-b648ab4d1d6e?api-version=2018-09-30
      cache-control:
      - no-cache
      content-length:
      - '466'
      content-type:
      - application/json; charset=utf-8
      date:
      - Wed, 27 Mar 2019 22:05:15 GMT
      expires:
      - '-1'
      location:
      - https://management.azure.com/subscriptions/00000000-0000-0000-0000-000000000000/providers/Microsoft.Compute/locations/westus/DiskOperations/99aab6ec-aaa7-40d8-8387-b648ab4d1d6e?monitor=true&api-version=2018-09-30
      pragma:
      - no-cache
      server:
      - Microsoft-HTTPAPI/2.0
      - Microsoft-HTTPAPI/2.0
      strict-transport-security:
      - max-age=31536000; includeSubDomains
      x-content-type-options:
      - nosniff
      x-ms-ratelimit-remaining-resource:
      - Microsoft.Compute/CreateUpdateDisks3Min;997,Microsoft.Compute/CreateUpdateDisks30Min;7995
      x-ms-ratelimit-remaining-subscription-writes:
      - '1199'
    status:
      code: 202
      message: Accepted
- request:
    body: null
    headers:
      Accept:
      - application/json
      Accept-Encoding:
      - gzip, deflate
      CommandName:
      - disk create
      Connection:
      - keep-alive
      ParameterSetName:
      - -g -n --source
      User-Agent:
      - python/3.5.4 (Windows-10-10.0.17763-SP0) msrest/0.6.6 msrest_azure/0.6.0 computemanagementclient/4.4.0
        Azure-SDK-For-Python AZURECLI/2.0.60
    method: GET
    uri: https://management.azure.com/subscriptions/00000000-0000-0000-0000-000000000000/providers/Microsoft.Compute/locations/westus/DiskOperations/99aab6ec-aaa7-40d8-8387-b648ab4d1d6e?api-version=2018-09-30
  response:
    body:
      string: "{\r\n  \"startTime\": \"2019-03-27T22:05:15.6254696+00:00\",\r\n  \"endTime\":
        \"2019-03-27T22:05:16.4067514+00:00\",\r\n  \"status\": \"Succeeded\",\r\n
        \ \"properties\": {\r\n    \"output\": {\"sku\":{\"name\":\"Premium_LRS\",\"tier\":\"Premium\"},\"properties\":{\"creationData\":{\"createOption\":\"Copy\",\"sourceResourceId\":\"/subscriptions/00000000-0000-0000-0000-000000000000/resourceGroups/cli_test_managed_disk000001/providers/Microsoft.Compute/disks/d1\"},\"diskSizeGB\":10,\"diskIOPSReadWrite\":120,\"diskMBpsReadWrite\":25,\"timeCreated\":\"2019-03-27T22:05:15.6254696+00:00\",\"provisioningState\":\"Succeeded\",\"diskState\":\"Unattached\"},\"type\":\"Microsoft.Compute/disks\",\"location\":\"westus\",\"tags\":{},\"id\":\"/subscriptions/00000000-0000-0000-0000-000000000000/resourceGroups/cli_test_managed_disk000001/providers/Microsoft.Compute/disks/d2\",\"name\":\"d2\"}\r\n
        \ },\r\n  \"name\": \"99aab6ec-aaa7-40d8-8387-b648ab4d1d6e\"\r\n}"
    headers:
      cache-control:
      - no-cache
      content-length:
      - '959'
      content-type:
      - application/json; charset=utf-8
      date:
      - Wed, 27 Mar 2019 22:05:45 GMT
      expires:
      - '-1'
      pragma:
      - no-cache
      server:
      - Microsoft-HTTPAPI/2.0
      - Microsoft-HTTPAPI/2.0
      strict-transport-security:
      - max-age=31536000; includeSubDomains
      transfer-encoding:
      - chunked
      vary:
      - Accept-Encoding
      x-content-type-options:
      - nosniff
      x-ms-ratelimit-remaining-resource:
      - Microsoft.Compute/GetOperation3Min;49991,Microsoft.Compute/GetOperation30Min;399973
    status:
      code: 200
      message: OK
- request:
    body: null
    headers:
      Accept:
      - application/json
      Accept-Encoding:
      - gzip, deflate
      CommandName:
      - disk create
      Connection:
      - keep-alive
      ParameterSetName:
      - -g -n --source
      User-Agent:
      - python/3.5.4 (Windows-10-10.0.17763-SP0) msrest/0.6.6 msrest_azure/0.6.0 computemanagementclient/4.4.0
        Azure-SDK-For-Python AZURECLI/2.0.60
    method: GET
    uri: https://management.azure.com/subscriptions/00000000-0000-0000-0000-000000000000/resourceGroups/cli_test_managed_disk000001/providers/Microsoft.Compute/disks/d2?api-version=2018-09-30
  response:
    body:
      string: "{\r\n  \"sku\": {\r\n    \"name\": \"Premium_LRS\",\r\n    \"tier\":
        \"Premium\"\r\n  },\r\n  \"properties\": {\r\n    \"creationData\": {\r\n
        \     \"createOption\": \"Copy\",\r\n      \"sourceResourceId\": \"/subscriptions/00000000-0000-0000-0000-000000000000/resourceGroups/cli_test_managed_disk000001/providers/Microsoft.Compute/disks/d1\"\r\n
        \   },\r\n    \"diskSizeGB\": 10,\r\n    \"diskIOPSReadWrite\": 120,\r\n    \"diskMBpsReadWrite\":
        25,\r\n    \"timeCreated\": \"2019-03-27T22:05:15.6254696+00:00\",\r\n    \"provisioningState\":
        \"Succeeded\",\r\n    \"diskState\": \"Unattached\"\r\n  },\r\n  \"type\":
        \"Microsoft.Compute/disks\",\r\n  \"location\": \"westus\",\r\n  \"tags\":
        {},\r\n  \"id\": \"/subscriptions/00000000-0000-0000-0000-000000000000/resourceGroups/cli_test_managed_disk000001/providers/Microsoft.Compute/disks/d2\",\r\n
        \ \"name\": \"d2\"\r\n}"
    headers:
      cache-control:
      - no-cache
      content-length:
      - '866'
      content-type:
      - application/json; charset=utf-8
      date:
      - Wed, 27 Mar 2019 22:05:46 GMT
      expires:
      - '-1'
      pragma:
      - no-cache
      server:
      - Microsoft-HTTPAPI/2.0
      - Microsoft-HTTPAPI/2.0
      strict-transport-security:
      - max-age=31536000; includeSubDomains
      transfer-encoding:
      - chunked
      vary:
      - Accept-Encoding
      x-content-type-options:
      - nosniff
      x-ms-ratelimit-remaining-resource:
      - Microsoft.Compute/LowCostGet3Min;4982,Microsoft.Compute/LowCostGet30Min;39959
    status:
      code: 200
      message: OK
- request:
    body: null
    headers:
      Accept:
      - application/json
      Accept-Encoding:
      - gzip, deflate
      CommandName:
      - snapshot create
      Connection:
      - keep-alive
      ParameterSetName:
      - -g -n --size-gb --sku --tags
      User-Agent:
      - python/3.5.4 (Windows-10-10.0.17763-SP0) msrest/0.6.6 msrest_azure/0.6.0 resourcemanagementclient/2.1.0
        Azure-SDK-For-Python AZURECLI/2.0.60
      accept-language:
      - en-US
    method: GET
    uri: https://management.azure.com/subscriptions/00000000-0000-0000-0000-000000000000/resourcegroups/cli_test_managed_disk000001?api-version=2018-05-01
  response:
    body:
      string: '{"id":"/subscriptions/00000000-0000-0000-0000-000000000000/resourceGroups/cli_test_managed_disk000001","name":"cli_test_managed_disk000001","location":"westus","tags":{"cause":"automation","date":"2019-03-27T22:03:34Z","product":"azurecli"},"properties":{"provisioningState":"Succeeded"}}'
    headers:
      cache-control:
      - no-cache
      content-length:
      - '384'
      content-type:
      - application/json; charset=utf-8
      date:
      - Wed, 27 Mar 2019 22:05:46 GMT
      expires:
      - '-1'
      pragma:
      - no-cache
      strict-transport-security:
      - max-age=31536000; includeSubDomains
      vary:
      - Accept-Encoding
      x-content-type-options:
      - nosniff
    status:
      code: 200
      message: OK
- request:
    body: '{"location": "westus", "tags": {"tag1": "s1"}, "sku": {"name": "Premium_LRS"},
      "properties": {"diskSizeGB": 1, "creationData": {"createOption": "Empty"}}}'
    headers:
      Accept:
      - application/json
      Accept-Encoding:
      - gzip, deflate
      CommandName:
      - snapshot create
      Connection:
      - keep-alive
      Content-Length:
      - '154'
      Content-Type:
      - application/json; charset=utf-8
      ParameterSetName:
      - -g -n --size-gb --sku --tags
      User-Agent:
      - python/3.5.4 (Windows-10-10.0.17763-SP0) msrest/0.6.6 msrest_azure/0.6.0 computemanagementclient/4.4.0
        Azure-SDK-For-Python AZURECLI/2.0.60
      accept-language:
      - en-US
    method: PUT
    uri: https://management.azure.com/subscriptions/00000000-0000-0000-0000-000000000000/resourceGroups/cli_test_managed_disk000001/providers/Microsoft.Compute/snapshots/s1?api-version=2018-09-30
  response:
    body:
      string: "{\r\n  \"sku\": {\r\n    \"name\": \"Premium_LRS\"\r\n  },\r\n  \"properties\":
        {\r\n    \"creationData\": {\r\n      \"createOption\": \"Empty\"\r\n    },\r\n
        \   \"diskSizeGB\": 1,\r\n    \"provisioningState\": \"Updating\",\r\n    \"isArmResource\":
        true\r\n  },\r\n  \"location\": \"westus\",\r\n  \"tags\": {\r\n    \"tag1\":
        \"s1\"\r\n  }\r\n}"
    headers:
      azure-asyncoperation:
      - https://management.azure.com/subscriptions/00000000-0000-0000-0000-000000000000/providers/Microsoft.Compute/locations/westus/DiskOperations/4f149281-6ac8-4755-892a-439c44e91da4?api-version=2018-09-30
      cache-control:
      - no-cache
      content-length:
      - '284'
      content-type:
      - application/json; charset=utf-8
      date:
      - Wed, 27 Mar 2019 22:05:47 GMT
      expires:
      - '-1'
      location:
      - https://management.azure.com/subscriptions/00000000-0000-0000-0000-000000000000/providers/Microsoft.Compute/locations/westus/DiskOperations/4f149281-6ac8-4755-892a-439c44e91da4?monitor=true&api-version=2018-09-30
      pragma:
      - no-cache
      server:
      - Microsoft-HTTPAPI/2.0
      - Microsoft-HTTPAPI/2.0
      strict-transport-security:
      - max-age=31536000; includeSubDomains
      x-content-type-options:
      - nosniff
      x-ms-ratelimit-remaining-resource:
      - Microsoft.Compute/HighCostSnapshotCreateHydrate3Min;239,Microsoft.Compute/HighCostSnapshotCreateHydrate30Min;1917
      x-ms-ratelimit-remaining-subscription-writes:
      - '1198'
    status:
      code: 202
      message: Accepted
- request:
    body: null
    headers:
      Accept:
      - application/json
      Accept-Encoding:
      - gzip, deflate
      CommandName:
      - snapshot create
      Connection:
      - keep-alive
      ParameterSetName:
      - -g -n --size-gb --sku --tags
      User-Agent:
      - python/3.5.4 (Windows-10-10.0.17763-SP0) msrest/0.6.6 msrest_azure/0.6.0 computemanagementclient/4.4.0
        Azure-SDK-For-Python AZURECLI/2.0.60
    method: GET
    uri: https://management.azure.com/subscriptions/00000000-0000-0000-0000-000000000000/providers/Microsoft.Compute/locations/westus/DiskOperations/4f149281-6ac8-4755-892a-439c44e91da4?api-version=2018-09-30
  response:
    body:
      string: "{\r\n  \"startTime\": \"2019-03-27T22:05:47.9722795+00:00\",\r\n  \"endTime\":
        \"2019-03-27T22:05:48.2222504+00:00\",\r\n  \"status\": \"Succeeded\",\r\n
        \ \"properties\": {\r\n    \"output\": {\"sku\":{\"name\":\"Premium_LRS\",\"tier\":\"Premium\"},\"properties\":{\"creationData\":{\"createOption\":\"Empty\"},\"diskSizeGB\":1,\"timeCreated\":\"2019-03-27T22:05:47.9722795+00:00\",\"provisioningState\":\"Succeeded\",\"diskState\":\"Unattached\"},\"type\":\"Microsoft.Compute/snapshots\",\"location\":\"westus\",\"tags\":{\"tag1\":\"s1\"},\"id\":\"/subscriptions/00000000-0000-0000-0000-000000000000/resourceGroups/cli_test_managed_disk000001/providers/Microsoft.Compute/snapshots/s1\",\"name\":\"s1\"}\r\n
        \ },\r\n  \"name\": \"4f149281-6ac8-4755-892a-439c44e91da4\"\r\n}"
    headers:
      cache-control:
      - no-cache
      content-length:
      - '730'
      content-type:
      - application/json; charset=utf-8
      date:
      - Wed, 27 Mar 2019 22:06:17 GMT
      expires:
      - '-1'
      pragma:
      - no-cache
      server:
      - Microsoft-HTTPAPI/2.0
      - Microsoft-HTTPAPI/2.0
      strict-transport-security:
      - max-age=31536000; includeSubDomains
      transfer-encoding:
      - chunked
      vary:
      - Accept-Encoding
      x-content-type-options:
      - nosniff
      x-ms-ratelimit-remaining-resource:
      - Microsoft.Compute/GetOperation3Min;49989,Microsoft.Compute/GetOperation30Min;399971
    status:
      code: 200
      message: OK
- request:
    body: null
    headers:
      Accept:
      - application/json
      Accept-Encoding:
      - gzip, deflate
      CommandName:
      - snapshot create
      Connection:
      - keep-alive
      ParameterSetName:
      - -g -n --size-gb --sku --tags
      User-Agent:
      - python/3.5.4 (Windows-10-10.0.17763-SP0) msrest/0.6.6 msrest_azure/0.6.0 computemanagementclient/4.4.0
        Azure-SDK-For-Python AZURECLI/2.0.60
    method: GET
    uri: https://management.azure.com/subscriptions/00000000-0000-0000-0000-000000000000/resourceGroups/cli_test_managed_disk000001/providers/Microsoft.Compute/snapshots/s1?api-version=2018-09-30
  response:
    body:
      string: "{\r\n  \"sku\": {\r\n    \"name\": \"Premium_LRS\",\r\n    \"tier\":
        \"Premium\"\r\n  },\r\n  \"properties\": {\r\n    \"creationData\": {\r\n
        \     \"createOption\": \"Empty\"\r\n    },\r\n    \"diskSizeGB\": 1,\r\n
        \   \"timeCreated\": \"2019-03-27T22:05:47.9722795+00:00\",\r\n    \"provisioningState\":
        \"Succeeded\",\r\n    \"diskState\": \"Unattached\"\r\n  },\r\n  \"type\":
        \"Microsoft.Compute/snapshots\",\r\n  \"location\": \"westus\",\r\n  \"tags\":
        {\r\n    \"tag1\": \"s1\"\r\n  },\r\n  \"id\": \"/subscriptions/00000000-0000-0000-0000-000000000000/resourceGroups/cli_test_managed_disk000001/providers/Microsoft.Compute/snapshots/s1\",\r\n
        \ \"name\": \"s1\"\r\n}"
    headers:
      cache-control:
      - no-cache
      content-length:
      - '625'
      content-type:
      - application/json; charset=utf-8
      date:
      - Wed, 27 Mar 2019 22:06:18 GMT
      expires:
      - '-1'
      pragma:
      - no-cache
      server:
      - Microsoft-HTTPAPI/2.0
      - Microsoft-HTTPAPI/2.0
      strict-transport-security:
      - max-age=31536000; includeSubDomains
      transfer-encoding:
      - chunked
      vary:
      - Accept-Encoding
      x-content-type-options:
      - nosniff
      x-ms-ratelimit-remaining-resource:
      - Microsoft.Compute/LowCostGet3Min;4978,Microsoft.Compute/LowCostGet30Min;39955
    status:
      code: 200
      message: OK
- request:
    body: null
    headers:
      Accept:
      - application/json
      Accept-Encoding:
      - gzip, deflate
      CommandName:
      - snapshot update
      Connection:
      - keep-alive
      ParameterSetName:
      - -g -n --sku
      User-Agent:
      - python/3.5.4 (Windows-10-10.0.17763-SP0) msrest/0.6.6 msrest_azure/0.6.0 computemanagementclient/4.4.0
        Azure-SDK-For-Python AZURECLI/2.0.60
      accept-language:
      - en-US
    method: GET
    uri: https://management.azure.com/subscriptions/00000000-0000-0000-0000-000000000000/resourceGroups/cli_test_managed_disk000001/providers/Microsoft.Compute/snapshots/s1?api-version=2018-09-30
  response:
    body:
      string: "{\r\n  \"sku\": {\r\n    \"name\": \"Premium_LRS\",\r\n    \"tier\":
        \"Premium\"\r\n  },\r\n  \"properties\": {\r\n    \"creationData\": {\r\n
        \     \"createOption\": \"Empty\"\r\n    },\r\n    \"diskSizeGB\": 1,\r\n
        \   \"timeCreated\": \"2019-03-27T22:05:47.9722795+00:00\",\r\n    \"provisioningState\":
        \"Succeeded\",\r\n    \"diskState\": \"Unattached\"\r\n  },\r\n  \"type\":
        \"Microsoft.Compute/snapshots\",\r\n  \"location\": \"westus\",\r\n  \"tags\":
        {\r\n    \"tag1\": \"s1\"\r\n  },\r\n  \"id\": \"/subscriptions/00000000-0000-0000-0000-000000000000/resourceGroups/cli_test_managed_disk000001/providers/Microsoft.Compute/snapshots/s1\",\r\n
        \ \"name\": \"s1\"\r\n}"
    headers:
      cache-control:
      - no-cache
      content-length:
      - '625'
      content-type:
      - application/json; charset=utf-8
      date:
      - Wed, 27 Mar 2019 22:06:19 GMT
      expires:
      - '-1'
      pragma:
      - no-cache
      server:
      - Microsoft-HTTPAPI/2.0
      - Microsoft-HTTPAPI/2.0
      strict-transport-security:
      - max-age=31536000; includeSubDomains
      transfer-encoding:
      - chunked
      vary:
      - Accept-Encoding
      x-content-type-options:
      - nosniff
      x-ms-ratelimit-remaining-resource:
      - Microsoft.Compute/LowCostGet3Min;4977,Microsoft.Compute/LowCostGet30Min;39954
    status:
      code: 200
      message: OK
- request:
    body: '{"location": "westus", "tags": {"tag1": "s1"}, "sku": {"name": "Standard_LRS"},
      "properties": {"diskSizeGB": 1, "creationData": {"createOption": "Empty"}}}'
    headers:
      Accept:
      - application/json
      Accept-Encoding:
      - gzip, deflate
      CommandName:
      - snapshot update
      Connection:
      - keep-alive
      Content-Length:
      - '155'
      Content-Type:
      - application/json; charset=utf-8
      ParameterSetName:
      - -g -n --sku
      User-Agent:
      - python/3.5.4 (Windows-10-10.0.17763-SP0) msrest/0.6.6 msrest_azure/0.6.0 computemanagementclient/4.4.0
        Azure-SDK-For-Python AZURECLI/2.0.60
      accept-language:
      - en-US
    method: PUT
    uri: https://management.azure.com/subscriptions/00000000-0000-0000-0000-000000000000/resourceGroups/cli_test_managed_disk000001/providers/Microsoft.Compute/snapshots/s1?api-version=2018-09-30
  response:
    body:
      string: "{\r\n  \"sku\": {\r\n    \"name\": \"Standard_LRS\"\r\n  },\r\n  \"properties\":
        {\r\n    \"creationData\": {\r\n      \"createOption\": \"Empty\"\r\n    },\r\n
        \   \"diskSizeGB\": 1,\r\n    \"provisioningState\": \"Updating\",\r\n    \"isArmResource\":
        true,\r\n    \"faultDomain\": 0\r\n  },\r\n  \"location\": \"westus\",\r\n
        \ \"tags\": {\r\n    \"tag1\": \"s1\"\r\n  }\r\n}"
    headers:
      azure-asyncoperation:
      - https://management.azure.com/subscriptions/00000000-0000-0000-0000-000000000000/providers/Microsoft.Compute/locations/westus/DiskOperations/dbd822c1-843d-4e93-bc5c-5f7193af48ca?api-version=2018-09-30
      cache-control:
      - no-cache
      content-length:
      - '308'
      content-type:
      - application/json; charset=utf-8
      date:
      - Wed, 27 Mar 2019 22:06:19 GMT
      expires:
      - '-1'
      location:
      - https://management.azure.com/subscriptions/00000000-0000-0000-0000-000000000000/providers/Microsoft.Compute/locations/westus/DiskOperations/dbd822c1-843d-4e93-bc5c-5f7193af48ca?monitor=true&api-version=2018-09-30
      pragma:
      - no-cache
      server:
      - Microsoft-HTTPAPI/2.0
      - Microsoft-HTTPAPI/2.0
      strict-transport-security:
      - max-age=31536000; includeSubDomains
      x-content-type-options:
      - nosniff
      x-ms-ratelimit-remaining-resource:
      - Microsoft.Compute/HighCostSnapshotCreateHydrate3Min;238,Microsoft.Compute/HighCostSnapshotCreateHydrate30Min;1916
      x-ms-ratelimit-remaining-subscription-writes:
      - '1199'
    status:
      code: 202
      message: Accepted
- request:
    body: null
    headers:
      Accept:
      - application/json
      Accept-Encoding:
      - gzip, deflate
      CommandName:
      - snapshot update
      Connection:
      - keep-alive
      ParameterSetName:
      - -g -n --sku
      User-Agent:
      - python/3.5.4 (Windows-10-10.0.17763-SP0) msrest/0.6.6 msrest_azure/0.6.0 computemanagementclient/4.4.0
        Azure-SDK-For-Python AZURECLI/2.0.60
    method: GET
    uri: https://management.azure.com/subscriptions/00000000-0000-0000-0000-000000000000/providers/Microsoft.Compute/locations/westus/DiskOperations/dbd822c1-843d-4e93-bc5c-5f7193af48ca?api-version=2018-09-30
  response:
    body:
      string: "{\r\n  \"startTime\": \"2019-03-27T22:06:20.2893284+00:00\",\r\n  \"endTime\":
        \"2019-03-27T22:06:20.8518347+00:00\",\r\n  \"status\": \"Succeeded\",\r\n
        \ \"properties\": {\r\n    \"output\": {\"sku\":{\"name\":\"Standard_LRS\",\"tier\":\"Standard\"},\"properties\":{\"creationData\":{\"createOption\":\"Empty\"},\"diskSizeGB\":1,\"timeCreated\":\"2019-03-27T22:05:47.9722795+00:00\",\"provisioningState\":\"Succeeded\",\"diskState\":\"Unattached\"},\"type\":\"Microsoft.Compute/snapshots\",\"location\":\"westus\",\"tags\":{\"tag1\":\"s1\"},\"id\":\"/subscriptions/00000000-0000-0000-0000-000000000000/resourceGroups/cli_test_managed_disk000001/providers/Microsoft.Compute/snapshots/s1\",\"name\":\"s1\"}\r\n
        \ },\r\n  \"name\": \"dbd822c1-843d-4e93-bc5c-5f7193af48ca\"\r\n}"
    headers:
      cache-control:
      - no-cache
      content-length:
      - '732'
      content-type:
      - application/json; charset=utf-8
      date:
      - Wed, 27 Mar 2019 22:06:50 GMT
      expires:
      - '-1'
      pragma:
      - no-cache
      server:
      - Microsoft-HTTPAPI/2.0
      - Microsoft-HTTPAPI/2.0
      strict-transport-security:
      - max-age=31536000; includeSubDomains
      transfer-encoding:
      - chunked
      vary:
      - Accept-Encoding
      x-content-type-options:
      - nosniff
      x-ms-ratelimit-remaining-resource:
      - Microsoft.Compute/GetOperation3Min;49988,Microsoft.Compute/GetOperation30Min;399969
    status:
      code: 200
      message: OK
- request:
    body: null
    headers:
      Accept:
      - application/json
      Accept-Encoding:
      - gzip, deflate
      CommandName:
      - snapshot update
      Connection:
      - keep-alive
      ParameterSetName:
      - -g -n --sku
      User-Agent:
      - python/3.5.4 (Windows-10-10.0.17763-SP0) msrest/0.6.6 msrest_azure/0.6.0 computemanagementclient/4.4.0
        Azure-SDK-For-Python AZURECLI/2.0.60
    method: GET
    uri: https://management.azure.com/subscriptions/00000000-0000-0000-0000-000000000000/resourceGroups/cli_test_managed_disk000001/providers/Microsoft.Compute/snapshots/s1?api-version=2018-09-30
  response:
    body:
      string: "{\r\n  \"sku\": {\r\n    \"name\": \"Standard_LRS\",\r\n    \"tier\":
        \"Standard\"\r\n  },\r\n  \"properties\": {\r\n    \"creationData\": {\r\n
        \     \"createOption\": \"Empty\"\r\n    },\r\n    \"diskSizeGB\": 1,\r\n
        \   \"timeCreated\": \"2019-03-27T22:05:47.9722795+00:00\",\r\n    \"provisioningState\":
        \"Succeeded\",\r\n    \"diskState\": \"Unattached\"\r\n  },\r\n  \"type\":
        \"Microsoft.Compute/snapshots\",\r\n  \"location\": \"westus\",\r\n  \"tags\":
        {\r\n    \"tag1\": \"s1\"\r\n  },\r\n  \"id\": \"/subscriptions/00000000-0000-0000-0000-000000000000/resourceGroups/cli_test_managed_disk000001/providers/Microsoft.Compute/snapshots/s1\",\r\n
        \ \"name\": \"s1\"\r\n}"
    headers:
      cache-control:
      - no-cache
      content-length:
      - '627'
      content-type:
      - application/json; charset=utf-8
      date:
      - Wed, 27 Mar 2019 22:06:50 GMT
      expires:
      - '-1'
      pragma:
      - no-cache
      server:
      - Microsoft-HTTPAPI/2.0
      - Microsoft-HTTPAPI/2.0
      strict-transport-security:
      - max-age=31536000; includeSubDomains
      transfer-encoding:
      - chunked
      vary:
      - Accept-Encoding
      x-content-type-options:
      - nosniff
      x-ms-ratelimit-remaining-resource:
      - Microsoft.Compute/LowCostGet3Min;4977,Microsoft.Compute/LowCostGet30Min;39951
    status:
      code: 200
      message: OK
- request:
    body: null
    headers:
      Accept:
      - application/json
      Accept-Encoding:
      - gzip, deflate
      CommandName:
      - snapshot create
      Connection:
      - keep-alive
      ParameterSetName:
      - -g -n --source --sku
      User-Agent:
      - python/3.5.4 (Windows-10-10.0.17763-SP0) msrest/0.6.6 msrest_azure/0.6.0 computemanagementclient/4.4.0
        Azure-SDK-For-Python AZURECLI/2.0.60
      accept-language:
      - en-US
    method: GET
    uri: https://management.azure.com/subscriptions/00000000-0000-0000-0000-000000000000/resourceGroups/cli_test_managed_disk000001/providers/Microsoft.Compute/snapshots/d1?api-version=2018-09-30
  response:
    body:
      string: '{"error":{"code":"ResourceNotFound","message":"The Resource ''Microsoft.Compute/snapshots/d1''
        under resource group ''cli_test_managed_disk000001'' was not found."}}'
    headers:
      cache-control:
      - no-cache
      content-length:
      - '209'
      content-type:
      - application/json; charset=utf-8
      date:
      - Wed, 27 Mar 2019 22:06:52 GMT
      expires:
      - '-1'
      pragma:
      - no-cache
      strict-transport-security:
      - max-age=31536000; includeSubDomains
      x-content-type-options:
      - nosniff
      x-ms-failure-cause:
      - gateway
    status:
      code: 404
      message: Not Found
- request:
    body: null
    headers:
      Accept:
      - application/json
      Accept-Encoding:
      - gzip, deflate
      CommandName:
      - snapshot create
      Connection:
      - keep-alive
      ParameterSetName:
      - -g -n --source --sku
      User-Agent:
      - python/3.5.4 (Windows-10-10.0.17763-SP0) msrest/0.6.6 msrest_azure/0.6.0 computemanagementclient/4.4.0
        Azure-SDK-For-Python AZURECLI/2.0.60
      accept-language:
      - en-US
    method: GET
    uri: https://management.azure.com/subscriptions/00000000-0000-0000-0000-000000000000/resourceGroups/cli_test_managed_disk000001/providers/Microsoft.Compute/disks/d1?api-version=2018-09-30
  response:
    body:
      string: "{\r\n  \"sku\": {\r\n    \"name\": \"Standard_LRS\",\r\n    \"tier\":
        \"Standard\"\r\n  },\r\n  \"properties\": {\r\n    \"creationData\": {\r\n
        \     \"createOption\": \"Empty\"\r\n    },\r\n    \"diskSizeGB\": 10,\r\n
        \   \"diskIOPSReadWrite\": 500,\r\n    \"diskMBpsReadWrite\": 60,\r\n    \"timeCreated\":
        \"2019-03-27T22:03:38.5319554+00:00\",\r\n    \"provisioningState\": \"Succeeded\",\r\n
        \   \"diskState\": \"ActiveSAS\"\r\n  },\r\n  \"type\": \"Microsoft.Compute/disks\",\r\n
        \ \"location\": \"westus\",\r\n  \"tags\": {\r\n    \"tag1\": \"d1\"\r\n  },\r\n
        \ \"id\": \"/subscriptions/00000000-0000-0000-0000-000000000000/resourceGroups/cli_test_managed_disk000001/providers/Microsoft.Compute/disks/d1\",\r\n
        \ \"name\": \"d1\"\r\n}"
    headers:
      cache-control:
      - no-cache
      content-length:
      - '680'
      content-type:
      - application/json; charset=utf-8
      date:
      - Wed, 27 Mar 2019 22:06:52 GMT
      expires:
      - '-1'
      pragma:
      - no-cache
      server:
      - Microsoft-HTTPAPI/2.0
      - Microsoft-HTTPAPI/2.0
      strict-transport-security:
      - max-age=31536000; includeSubDomains
      transfer-encoding:
      - chunked
      vary:
      - Accept-Encoding
      x-content-type-options:
      - nosniff
      x-ms-ratelimit-remaining-resource:
      - Microsoft.Compute/LowCostGet3Min;4976,Microsoft.Compute/LowCostGet30Min;39950
    status:
      code: 200
      message: OK
- request:
    body: null
    headers:
      Accept:
      - application/json
      Accept-Encoding:
      - gzip, deflate
      CommandName:
      - snapshot create
      Connection:
      - keep-alive
      ParameterSetName:
      - -g -n --source --sku
      User-Agent:
      - python/3.5.4 (Windows-10-10.0.17763-SP0) msrest/0.6.6 msrest_azure/0.6.0 resourcemanagementclient/2.1.0
        Azure-SDK-For-Python AZURECLI/2.0.60
      accept-language:
      - en-US
    method: GET
    uri: https://management.azure.com/subscriptions/00000000-0000-0000-0000-000000000000/resourcegroups/cli_test_managed_disk000001?api-version=2018-05-01
  response:
    body:
      string: '{"id":"/subscriptions/00000000-0000-0000-0000-000000000000/resourceGroups/cli_test_managed_disk000001","name":"cli_test_managed_disk000001","location":"westus","tags":{"cause":"automation","date":"2019-03-27T22:03:34Z","product":"azurecli"},"properties":{"provisioningState":"Succeeded"}}'
    headers:
      cache-control:
      - no-cache
      content-length:
      - '384'
      content-type:
      - application/json; charset=utf-8
      date:
      - Wed, 27 Mar 2019 22:06:52 GMT
      expires:
      - '-1'
      pragma:
      - no-cache
      strict-transport-security:
      - max-age=31536000; includeSubDomains
      vary:
      - Accept-Encoding
      x-content-type-options:
      - nosniff
    status:
      code: 200
      message: OK
- request:
    body: 'b''{"location": "westus", "properties": {"creationData": {"sourceResourceId":
      "/subscriptions/00000000-0000-0000-0000-000000000000/resourceGroups/cli_test_managed_disk000001/providers/Microsoft.Compute/disks/d1",
      "createOption": "Copy"}}, "sku": {"name": "Premium_LRS"}, "tags": {}}'''
    headers:
      Accept:
      - application/json
      Accept-Encoding:
      - gzip, deflate
      CommandName:
      - snapshot create
      Connection:
      - keep-alive
      Content-Length:
      - '327'
      Content-Type:
      - application/json; charset=utf-8
      ParameterSetName:
      - -g -n --source --sku
      User-Agent:
      - python/3.5.4 (Windows-10-10.0.17763-SP0) msrest/0.6.6 msrest_azure/0.6.0 computemanagementclient/4.4.0
        Azure-SDK-For-Python AZURECLI/2.0.60
      accept-language:
      - en-US
    method: PUT
    uri: https://management.azure.com/subscriptions/00000000-0000-0000-0000-000000000000/resourceGroups/cli_test_managed_disk000001/providers/Microsoft.Compute/snapshots/s2?api-version=2018-09-30
  response:
    body:
      string: "{\r\n  \"sku\": {\r\n    \"name\": \"Premium_LRS\"\r\n  },\r\n  \"properties\":
        {\r\n    \"creationData\": {\r\n      \"createOption\": \"Copy\",\r\n      \"sourceResourceId\":
        \"/subscriptions/00000000-0000-0000-0000-000000000000/resourceGroups/cli_test_managed_disk000001/providers/Microsoft.Compute/disks/d1\"\r\n
        \   },\r\n    \"provisioningState\": \"Updating\",\r\n    \"isArmResource\":
        true\r\n  },\r\n  \"location\": \"westus\",\r\n  \"tags\": {}\r\n}"
    headers:
      azure-asyncoperation:
      - https://management.azure.com/subscriptions/00000000-0000-0000-0000-000000000000/providers/Microsoft.Compute/locations/westus/DiskOperations/7004f863-2022-41dc-8101-004e31d87db4?api-version=2018-09-30
      cache-control:
      - no-cache
      content-length:
      - '449'
      content-type:
      - application/json; charset=utf-8
      date:
      - Wed, 27 Mar 2019 22:06:53 GMT
      expires:
      - '-1'
      location:
      - https://management.azure.com/subscriptions/00000000-0000-0000-0000-000000000000/providers/Microsoft.Compute/locations/westus/DiskOperations/7004f863-2022-41dc-8101-004e31d87db4?monitor=true&api-version=2018-09-30
      pragma:
      - no-cache
      server:
      - Microsoft-HTTPAPI/2.0
      - Microsoft-HTTPAPI/2.0
      strict-transport-security:
      - max-age=31536000; includeSubDomains
      x-content-type-options:
      - nosniff
      x-ms-ratelimit-remaining-resource:
      - Microsoft.Compute/HighCostSnapshotCreateHydrate3Min;237,Microsoft.Compute/HighCostSnapshotCreateHydrate30Min;1915
      x-ms-ratelimit-remaining-subscription-writes:
      - '1199'
    status:
      code: 202
      message: Accepted
- request:
    body: null
    headers:
      Accept:
      - application/json
      Accept-Encoding:
      - gzip, deflate
      CommandName:
      - snapshot create
      Connection:
      - keep-alive
      ParameterSetName:
      - -g -n --source --sku
      User-Agent:
      - python/3.5.4 (Windows-10-10.0.17763-SP0) msrest/0.6.6 msrest_azure/0.6.0 computemanagementclient/4.4.0
        Azure-SDK-For-Python AZURECLI/2.0.60
    method: GET
    uri: https://management.azure.com/subscriptions/00000000-0000-0000-0000-000000000000/providers/Microsoft.Compute/locations/westus/DiskOperations/7004f863-2022-41dc-8101-004e31d87db4?api-version=2018-09-30
  response:
    body:
      string: "{\r\n  \"startTime\": \"2019-03-27T22:06:54.0400596+00:00\",\r\n  \"endTime\":
        \"2019-03-27T22:06:54.5869707+00:00\",\r\n  \"status\": \"Succeeded\",\r\n
        \ \"properties\": {\r\n    \"output\": {\"sku\":{\"name\":\"Premium_LRS\",\"tier\":\"Premium\"},\"properties\":{\"creationData\":{\"createOption\":\"Copy\",\"sourceResourceId\":\"/subscriptions/00000000-0000-0000-0000-000000000000/resourceGroups/cli_test_managed_disk000001/providers/Microsoft.Compute/disks/d1\"},\"diskSizeGB\":10,\"timeCreated\":\"2019-03-27T22:06:54.0400596+00:00\",\"provisioningState\":\"Succeeded\",\"diskState\":\"Unattached\"},\"type\":\"Microsoft.Compute/snapshots\",\"location\":\"westus\",\"tags\":{},\"id\":\"/subscriptions/00000000-0000-0000-0000-000000000000/resourceGroups/cli_test_managed_disk000001/providers/Microsoft.Compute/snapshots/s2\",\"name\":\"s2\"}\r\n
        \ },\r\n  \"name\": \"7004f863-2022-41dc-8101-004e31d87db4\"\r\n}"
    headers:
      cache-control:
      - no-cache
      content-length:
      - '920'
      content-type:
      - application/json; charset=utf-8
      date:
      - Wed, 27 Mar 2019 22:07:24 GMT
      expires:
      - '-1'
      pragma:
      - no-cache
      server:
      - Microsoft-HTTPAPI/2.0
      - Microsoft-HTTPAPI/2.0
      strict-transport-security:
      - max-age=31536000; includeSubDomains
      transfer-encoding:
      - chunked
      vary:
      - Accept-Encoding
      x-content-type-options:
      - nosniff
      x-ms-ratelimit-remaining-resource:
      - Microsoft.Compute/GetOperation3Min;49988,Microsoft.Compute/GetOperation30Min;399967
    status:
      code: 200
      message: OK
- request:
    body: null
    headers:
      Accept:
      - application/json
      Accept-Encoding:
      - gzip, deflate
      CommandName:
      - snapshot create
      Connection:
      - keep-alive
      ParameterSetName:
      - -g -n --source --sku
      User-Agent:
      - python/3.5.4 (Windows-10-10.0.17763-SP0) msrest/0.6.6 msrest_azure/0.6.0 computemanagementclient/4.4.0
        Azure-SDK-For-Python AZURECLI/2.0.60
    method: GET
    uri: https://management.azure.com/subscriptions/00000000-0000-0000-0000-000000000000/resourceGroups/cli_test_managed_disk000001/providers/Microsoft.Compute/snapshots/s2?api-version=2018-09-30
  response:
    body:
      string: "{\r\n  \"sku\": {\r\n    \"name\": \"Premium_LRS\",\r\n    \"tier\":
        \"Premium\"\r\n  },\r\n  \"properties\": {\r\n    \"creationData\": {\r\n
        \     \"createOption\": \"Copy\",\r\n      \"sourceResourceId\": \"/subscriptions/00000000-0000-0000-0000-000000000000/resourceGroups/cli_test_managed_disk000001/providers/Microsoft.Compute/disks/d1\"\r\n
        \   },\r\n    \"diskSizeGB\": 10,\r\n    \"timeCreated\": \"2019-03-27T22:06:54.0400596+00:00\",\r\n
        \   \"provisioningState\": \"Succeeded\",\r\n    \"diskState\": \"Unattached\"\r\n
        \ },\r\n  \"type\": \"Microsoft.Compute/snapshots\",\r\n  \"location\": \"westus\",\r\n
        \ \"tags\": {},\r\n  \"id\": \"/subscriptions/00000000-0000-0000-0000-000000000000/resourceGroups/cli_test_managed_disk000001/providers/Microsoft.Compute/snapshots/s2\",\r\n
        \ \"name\": \"s2\"\r\n}"
    headers:
      cache-control:
      - no-cache
      content-length:
      - '813'
      content-type:
      - application/json; charset=utf-8
      date:
      - Wed, 27 Mar 2019 22:07:24 GMT
      expires:
      - '-1'
      pragma:
      - no-cache
      server:
      - Microsoft-HTTPAPI/2.0
      - Microsoft-HTTPAPI/2.0
      strict-transport-security:
      - max-age=31536000; includeSubDomains
      transfer-encoding:
      - chunked
      vary:
      - Accept-Encoding
      x-content-type-options:
      - nosniff
      x-ms-ratelimit-remaining-resource:
      - Microsoft.Compute/LowCostGet3Min;4979,Microsoft.Compute/LowCostGet30Min;39947
    status:
      code: 200
      message: OK
- request:
    body: null
    headers:
      Accept:
      - application/json
      Accept-Encoding:
      - gzip, deflate
      CommandName:
      - image create
      Connection:
      - keep-alive
      ParameterSetName:
      - -g -n --source --data-disk-sources --os-type --tags
      User-Agent:
      - python/3.5.4 (Windows-10-10.0.17763-SP0) msrest/0.6.6 msrest_azure/0.6.0 computemanagementclient/4.4.0
        Azure-SDK-For-Python AZURECLI/2.0.60
      accept-language:
      - en-US
    method: GET
    uri: https://management.azure.com/subscriptions/00000000-0000-0000-0000-000000000000/resourceGroups/cli_test_managed_disk000001/providers/Microsoft.Compute/virtualMachines/s1?api-version=2018-10-01
  response:
    body:
      string: '{"error":{"code":"ResourceNotFound","message":"The Resource ''Microsoft.Compute/virtualMachines/s1''
        under resource group ''cli_test_managed_disk000001'' was not found."}}'
    headers:
      cache-control:
      - no-cache
      content-length:
      - '215'
      content-type:
      - application/json; charset=utf-8
      date:
      - Wed, 27 Mar 2019 22:07:24 GMT
      expires:
      - '-1'
      pragma:
      - no-cache
      strict-transport-security:
      - max-age=31536000; includeSubDomains
      x-content-type-options:
      - nosniff
      x-ms-failure-cause:
      - gateway
    status:
      code: 404
      message: Not Found
- request:
    body: null
    headers:
      Accept:
      - application/json
      Accept-Encoding:
      - gzip, deflate
      CommandName:
      - image create
      Connection:
      - keep-alive
      ParameterSetName:
      - -g -n --source --data-disk-sources --os-type --tags
      User-Agent:
      - python/3.5.4 (Windows-10-10.0.17763-SP0) msrest/0.6.6 msrest_azure/0.6.0 computemanagementclient/4.4.0
        Azure-SDK-For-Python AZURECLI/2.0.60
      accept-language:
      - en-US
    method: GET
    uri: https://management.azure.com/subscriptions/00000000-0000-0000-0000-000000000000/resourceGroups/cli_test_managed_disk000001/providers/Microsoft.Compute/snapshots/s1?api-version=2018-09-30
  response:
    body:
      string: "{\r\n  \"sku\": {\r\n    \"name\": \"Standard_LRS\",\r\n    \"tier\":
        \"Standard\"\r\n  },\r\n  \"properties\": {\r\n    \"creationData\": {\r\n
        \     \"createOption\": \"Empty\"\r\n    },\r\n    \"diskSizeGB\": 1,\r\n
        \   \"timeCreated\": \"2019-03-27T22:05:47.9722795+00:00\",\r\n    \"provisioningState\":
        \"Succeeded\",\r\n    \"diskState\": \"Unattached\"\r\n  },\r\n  \"type\":
        \"Microsoft.Compute/snapshots\",\r\n  \"location\": \"westus\",\r\n  \"tags\":
        {\r\n    \"tag1\": \"s1\"\r\n  },\r\n  \"id\": \"/subscriptions/00000000-0000-0000-0000-000000000000/resourceGroups/cli_test_managed_disk000001/providers/Microsoft.Compute/snapshots/s1\",\r\n
        \ \"name\": \"s1\"\r\n}"
    headers:
      cache-control:
      - no-cache
      content-length:
      - '627'
      content-type:
      - application/json; charset=utf-8
      date:
      - Wed, 27 Mar 2019 22:07:25 GMT
      expires:
      - '-1'
      pragma:
      - no-cache
      server:
      - Microsoft-HTTPAPI/2.0
      - Microsoft-HTTPAPI/2.0
      strict-transport-security:
      - max-age=31536000; includeSubDomains
      transfer-encoding:
      - chunked
      vary:
      - Accept-Encoding
      x-content-type-options:
      - nosniff
      x-ms-ratelimit-remaining-resource:
      - Microsoft.Compute/LowCostGet3Min;4978,Microsoft.Compute/LowCostGet30Min;39946
    status:
      code: 200
      message: OK
- request:
    body: null
    headers:
      Accept:
      - application/json
      Accept-Encoding:
      - gzip, deflate
      CommandName:
      - image create
      Connection:
      - keep-alive
      ParameterSetName:
      - -g -n --source --data-disk-sources --os-type --tags
      User-Agent:
      - python/3.5.4 (Windows-10-10.0.17763-SP0) msrest/0.6.6 msrest_azure/0.6.0 computemanagementclient/4.4.0
        Azure-SDK-For-Python AZURECLI/2.0.60
      accept-language:
      - en-US
    method: GET
    uri: https://management.azure.com/subscriptions/00000000-0000-0000-0000-000000000000/resourceGroups/cli_test_managed_disk000001/providers/Microsoft.Compute/snapshots/d1?api-version=2018-09-30
  response:
    body:
      string: '{"error":{"code":"ResourceNotFound","message":"The Resource ''Microsoft.Compute/snapshots/d1''
        under resource group ''cli_test_managed_disk000001'' was not found."}}'
    headers:
      cache-control:
      - no-cache
      content-length:
      - '209'
      content-type:
      - application/json; charset=utf-8
      date:
      - Wed, 27 Mar 2019 22:07:25 GMT
      expires:
      - '-1'
      pragma:
      - no-cache
      strict-transport-security:
      - max-age=31536000; includeSubDomains
      x-content-type-options:
      - nosniff
      x-ms-failure-cause:
      - gateway
    status:
      code: 404
      message: Not Found
- request:
    body: null
    headers:
      Accept:
      - application/json
      Accept-Encoding:
      - gzip, deflate
      CommandName:
      - image create
      Connection:
      - keep-alive
      ParameterSetName:
      - -g -n --source --data-disk-sources --os-type --tags
      User-Agent:
      - python/3.5.4 (Windows-10-10.0.17763-SP0) msrest/0.6.6 msrest_azure/0.6.0 computemanagementclient/4.4.0
        Azure-SDK-For-Python AZURECLI/2.0.60
      accept-language:
      - en-US
    method: GET
    uri: https://management.azure.com/subscriptions/00000000-0000-0000-0000-000000000000/resourceGroups/cli_test_managed_disk000001/providers/Microsoft.Compute/disks/d1?api-version=2018-09-30
  response:
    body:
      string: "{\r\n  \"sku\": {\r\n    \"name\": \"Standard_LRS\",\r\n    \"tier\":
        \"Standard\"\r\n  },\r\n  \"properties\": {\r\n    \"creationData\": {\r\n
        \     \"createOption\": \"Empty\"\r\n    },\r\n    \"diskSizeGB\": 10,\r\n
        \   \"diskIOPSReadWrite\": 500,\r\n    \"diskMBpsReadWrite\": 60,\r\n    \"timeCreated\":
        \"2019-03-27T22:03:38.5319554+00:00\",\r\n    \"provisioningState\": \"Succeeded\",\r\n
        \   \"diskState\": \"ActiveSAS\"\r\n  },\r\n  \"type\": \"Microsoft.Compute/disks\",\r\n
        \ \"location\": \"westus\",\r\n  \"tags\": {\r\n    \"tag1\": \"d1\"\r\n  },\r\n
        \ \"id\": \"/subscriptions/00000000-0000-0000-0000-000000000000/resourceGroups/cli_test_managed_disk000001/providers/Microsoft.Compute/disks/d1\",\r\n
        \ \"name\": \"d1\"\r\n}"
    headers:
      cache-control:
      - no-cache
      content-length:
      - '680'
      content-type:
      - application/json; charset=utf-8
      date:
      - Wed, 27 Mar 2019 22:07:26 GMT
      expires:
      - '-1'
      pragma:
      - no-cache
      server:
      - Microsoft-HTTPAPI/2.0
      - Microsoft-HTTPAPI/2.0
      strict-transport-security:
      - max-age=31536000; includeSubDomains
      transfer-encoding:
      - chunked
      vary:
      - Accept-Encoding
      x-content-type-options:
      - nosniff
      x-ms-ratelimit-remaining-resource:
      - Microsoft.Compute/LowCostGet3Min;4977,Microsoft.Compute/LowCostGet30Min;39945
    status:
      code: 200
      message: OK
- request:
    body: null
    headers:
      Accept:
      - application/json
      Accept-Encoding:
      - gzip, deflate
      CommandName:
      - image create
      Connection:
      - keep-alive
      ParameterSetName:
      - -g -n --source --data-disk-sources --os-type --tags
      User-Agent:
      - python/3.5.4 (Windows-10-10.0.17763-SP0) msrest/0.6.6 msrest_azure/0.6.0 resourcemanagementclient/2.1.0
        Azure-SDK-For-Python AZURECLI/2.0.60
      accept-language:
      - en-US
    method: GET
    uri: https://management.azure.com/subscriptions/00000000-0000-0000-0000-000000000000/resourcegroups/cli_test_managed_disk000001?api-version=2018-05-01
  response:
    body:
      string: '{"id":"/subscriptions/00000000-0000-0000-0000-000000000000/resourceGroups/cli_test_managed_disk000001","name":"cli_test_managed_disk000001","location":"westus","tags":{"cause":"automation","date":"2019-03-27T22:03:34Z","product":"azurecli"},"properties":{"provisioningState":"Succeeded"}}'
    headers:
      cache-control:
      - no-cache
      content-length:
      - '384'
      content-type:
      - application/json; charset=utf-8
      date:
      - Wed, 27 Mar 2019 22:07:26 GMT
      expires:
      - '-1'
      pragma:
      - no-cache
      strict-transport-security:
      - max-age=31536000; includeSubDomains
      vary:
      - Accept-Encoding
      x-content-type-options:
      - nosniff
    status:
      code: 200
      message: OK
- request:
    body: 'b''{"location": "westus", "properties": {"storageProfile": {"dataDisks":
      [{"lun": 0, "snapshot": {"id": "/subscriptions/00000000-0000-0000-0000-000000000000/resourceGroups/cli_test_managed_disk000001/providers/Microsoft.Compute/snapshots/s2"}},
      {"managedDisk": {"id": "/subscriptions/00000000-0000-0000-0000-000000000000/resourceGroups/cli_test_managed_disk000001/providers/Microsoft.Compute/disks/d1"},
      "lun": 1}, {"managedDisk": {"id": "/subscriptions/00000000-0000-0000-0000-000000000000/resourceGroups/cli_test_managed_disk000001/providers/Microsoft.Compute/disks/d2"},
      "lun": 2}], "osDisk": {"osState": "Generalized", "snapshot": {"id": "/subscriptions/00000000-0000-0000-0000-000000000000/resourceGroups/cli_test_managed_disk000001/providers/Microsoft.Compute/snapshots/s1"},
      "osType": "Linux"}}}, "tags": {"tag1": "i1"}}'''
    headers:
      Accept:
      - application/json
      Accept-Encoding:
      - gzip, deflate
      CommandName:
      - image create
      Connection:
      - keep-alive
      Content-Length:
      - '1016'
      Content-Type:
      - application/json; charset=utf-8
      ParameterSetName:
      - -g -n --source --data-disk-sources --os-type --tags
      User-Agent:
      - python/3.5.4 (Windows-10-10.0.17763-SP0) msrest/0.6.6 msrest_azure/0.6.0 computemanagementclient/4.4.0
        Azure-SDK-For-Python AZURECLI/2.0.60
      accept-language:
      - en-US
    method: PUT
    uri: https://management.azure.com/subscriptions/00000000-0000-0000-0000-000000000000/resourceGroups/cli_test_managed_disk000001/providers/Microsoft.Compute/images/i1?api-version=2018-10-01
  response:
    body:
      string: "{\r\n  \"properties\": {\r\n    \"storageProfile\": {\r\n      \"osDisk\":
        {\r\n        \"osType\": \"Linux\",\r\n        \"osState\": \"Generalized\",\r\n
        \       \"snapshot\": {\r\n          \"id\": \"/subscriptions/00000000-0000-0000-0000-000000000000/resourceGroups/cli_test_managed_disk000001/providers/Microsoft.Compute/snapshots/s1\"\r\n
        \       },\r\n        \"caching\": \"None\",\r\n        \"storageAccountType\":
        \"Standard_LRS\"\r\n      },\r\n      \"dataDisks\": [\r\n        {\r\n          \"lun\":
        0,\r\n          \"snapshot\": {\r\n            \"id\": \"/subscriptions/00000000-0000-0000-0000-000000000000/resourceGroups/cli_test_managed_disk000001/providers/Microsoft.Compute/snapshots/s2\"\r\n
        \         },\r\n          \"caching\": \"None\",\r\n          \"storageAccountType\":
        \"Standard_LRS\"\r\n        },\r\n        {\r\n          \"lun\": 1,\r\n          \"managedDisk\":
        {\r\n            \"id\": \"/subscriptions/00000000-0000-0000-0000-000000000000/resourceGroups/cli_test_managed_disk000001/providers/Microsoft.Compute/disks/d1\"\r\n
        \         },\r\n          \"caching\": \"None\",\r\n          \"storageAccountType\":
        \"Standard_LRS\"\r\n        },\r\n        {\r\n          \"lun\": 2,\r\n          \"managedDisk\":
        {\r\n            \"id\": \"/subscriptions/00000000-0000-0000-0000-000000000000/resourceGroups/cli_test_managed_disk000001/providers/Microsoft.Compute/disks/d2\"\r\n
        \         },\r\n          \"caching\": \"None\",\r\n          \"storageAccountType\":
        \"Standard_LRS\"\r\n        }\r\n      ]\r\n    },\r\n    \"provisioningState\":
        \"Creating\"\r\n  },\r\n  \"type\": \"Microsoft.Compute/images\",\r\n  \"location\":
        \"westus\",\r\n  \"tags\": {\r\n    \"tag1\": \"i1\"\r\n  },\r\n  \"id\":
        \"/subscriptions/00000000-0000-0000-0000-000000000000/resourceGroups/cli_test_managed_disk000001/providers/Microsoft.Compute/images/i1\",\r\n
        \ \"name\": \"i1\"\r\n}"
    headers:
      azure-asyncnotification:
      - Enabled
      azure-asyncoperation:
      - https://management.azure.com/subscriptions/00000000-0000-0000-0000-000000000000/providers/Microsoft.Compute/locations/westus/operations/1834dfc8-95d2-4c6c-a6dd-904fb076116f?api-version=2018-10-01
      cache-control:
      - no-cache
      content-length:
      - '1939'
      content-type:
      - application/json; charset=utf-8
      date:
      - Wed, 27 Mar 2019 22:07:26 GMT
      expires:
      - '-1'
      pragma:
      - no-cache
      server:
      - Microsoft-HTTPAPI/2.0
      - Microsoft-HTTPAPI/2.0
      strict-transport-security:
      - max-age=31536000; includeSubDomains
      x-content-type-options:
      - nosniff
      x-ms-ratelimit-remaining-resource:
      - Microsoft.Compute/CreateImages3Min;39,Microsoft.Compute/CreateImages30Min;199
      x-ms-ratelimit-remaining-subscription-writes:
      - '1199'
    status:
      code: 201
      message: Created
- request:
    body: null
    headers:
      Accept:
      - application/json
      Accept-Encoding:
      - gzip, deflate
      CommandName:
      - image create
      Connection:
      - keep-alive
      ParameterSetName:
      - -g -n --source --data-disk-sources --os-type --tags
      User-Agent:
      - python/3.5.4 (Windows-10-10.0.17763-SP0) msrest/0.6.6 msrest_azure/0.6.0 computemanagementclient/4.4.0
        Azure-SDK-For-Python AZURECLI/2.0.60
    method: GET
    uri: https://management.azure.com/subscriptions/00000000-0000-0000-0000-000000000000/providers/Microsoft.Compute/locations/westus/operations/1834dfc8-95d2-4c6c-a6dd-904fb076116f?api-version=2018-10-01
  response:
    body:
      string: "{\r\n  \"startTime\": \"2019-03-27T22:07:27.2332413+00:00\",\r\n  \"endTime\":
        \"2019-03-27T22:07:52.561561+00:00\",\r\n  \"status\": \"Succeeded\",\r\n
        \ \"name\": \"1834dfc8-95d2-4c6c-a6dd-904fb076116f\"\r\n}"
    headers:
      cache-control:
      - no-cache
      content-length:
      - '183'
      content-type:
      - application/json; charset=utf-8
      date:
      - Wed, 27 Mar 2019 22:07:57 GMT
      expires:
      - '-1'
      pragma:
      - no-cache
      server:
      - Microsoft-HTTPAPI/2.0
      - Microsoft-HTTPAPI/2.0
      strict-transport-security:
      - max-age=31536000; includeSubDomains
      transfer-encoding:
      - chunked
      vary:
      - Accept-Encoding
      x-content-type-options:
      - nosniff
      x-ms-ratelimit-remaining-resource:
      - Microsoft.Compute/GetOperation3Min;14996,Microsoft.Compute/GetOperation30Min;29979
    status:
      code: 200
      message: OK
- request:
    body: null
    headers:
      Accept:
      - application/json
      Accept-Encoding:
      - gzip, deflate
      CommandName:
      - image create
      Connection:
      - keep-alive
      ParameterSetName:
      - -g -n --source --data-disk-sources --os-type --tags
      User-Agent:
      - python/3.5.4 (Windows-10-10.0.17763-SP0) msrest/0.6.6 msrest_azure/0.6.0 computemanagementclient/4.4.0
        Azure-SDK-For-Python AZURECLI/2.0.60
    method: GET
    uri: https://management.azure.com/subscriptions/00000000-0000-0000-0000-000000000000/resourceGroups/cli_test_managed_disk000001/providers/Microsoft.Compute/images/i1?api-version=2018-10-01
  response:
    body:
      string: "{\r\n  \"properties\": {\r\n    \"storageProfile\": {\r\n      \"osDisk\":
        {\r\n        \"osType\": \"Linux\",\r\n        \"osState\": \"Generalized\",\r\n
        \       \"diskSizeGB\": 1,\r\n        \"snapshot\": {\r\n          \"id\":
        \"/subscriptions/00000000-0000-0000-0000-000000000000/resourceGroups/cli_test_managed_disk000001/providers/Microsoft.Compute/snapshots/s1\"\r\n
        \       },\r\n        \"caching\": \"None\",\r\n        \"storageAccountType\":
        \"Standard_LRS\"\r\n      },\r\n      \"dataDisks\": [\r\n        {\r\n          \"lun\":
        0,\r\n          \"diskSizeGB\": 10,\r\n          \"snapshot\": {\r\n            \"id\":
        \"/subscriptions/00000000-0000-0000-0000-000000000000/resourceGroups/cli_test_managed_disk000001/providers/Microsoft.Compute/snapshots/s2\"\r\n
        \         },\r\n          \"caching\": \"None\",\r\n          \"storageAccountType\":
        \"Standard_LRS\"\r\n        },\r\n        {\r\n          \"lun\": 1,\r\n          \"diskSizeGB\":
        10,\r\n          \"managedDisk\": {\r\n            \"id\": \"/subscriptions/00000000-0000-0000-0000-000000000000/resourceGroups/cli_test_managed_disk000001/providers/Microsoft.Compute/disks/d1\"\r\n
        \         },\r\n          \"caching\": \"None\",\r\n          \"storageAccountType\":
        \"Standard_LRS\"\r\n        },\r\n        {\r\n          \"lun\": 2,\r\n          \"diskSizeGB\":
        10,\r\n          \"managedDisk\": {\r\n            \"id\": \"/subscriptions/00000000-0000-0000-0000-000000000000/resourceGroups/cli_test_managed_disk000001/providers/Microsoft.Compute/disks/d2\"\r\n
        \         },\r\n          \"caching\": \"None\",\r\n          \"storageAccountType\":
        \"Standard_LRS\"\r\n        }\r\n      ]\r\n    },\r\n    \"provisioningState\":
        \"Succeeded\"\r\n  },\r\n  \"type\": \"Microsoft.Compute/images\",\r\n  \"location\":
        \"westus\",\r\n  \"tags\": {\r\n    \"tag1\": \"i1\"\r\n  },\r\n  \"id\":
        \"/subscriptions/00000000-0000-0000-0000-000000000000/resourceGroups/cli_test_managed_disk000001/providers/Microsoft.Compute/images/i1\",\r\n
        \ \"name\": \"i1\"\r\n}"
    headers:
      cache-control:
      - no-cache
      content-length:
      - '2053'
      content-type:
      - application/json; charset=utf-8
      date:
      - Wed, 27 Mar 2019 22:07:57 GMT
      expires:
      - '-1'
      pragma:
      - no-cache
      server:
      - Microsoft-HTTPAPI/2.0
      - Microsoft-HTTPAPI/2.0
      strict-transport-security:
      - max-age=31536000; includeSubDomains
      transfer-encoding:
      - chunked
      vary:
      - Accept-Encoding
      x-content-type-options:
      - nosniff
      x-ms-ratelimit-remaining-resource:
      - Microsoft.Compute/GetImages3Min;357,Microsoft.Compute/GetImages30Min;1797
    status:
      code: 200
      message: OK
- request:
    body: null
    headers:
      Accept:
      - application/json
      Accept-Encoding:
      - gzip, deflate
      CommandName:
      - image create
      Connection:
      - keep-alive
      ParameterSetName:
      - -g -n --source --data-disk-sources --os-type --tags --storage-sku --os-disk-caching
      User-Agent:
      - python/3.5.4 (Windows-10-10.0.17763-SP0) msrest/0.6.6 msrest_azure/0.6.0 computemanagementclient/4.4.0
        Azure-SDK-For-Python AZURECLI/2.0.60
      accept-language:
      - en-US
    method: GET
    uri: https://management.azure.com/subscriptions/00000000-0000-0000-0000-000000000000/resourceGroups/cli_test_managed_disk000001/providers/Microsoft.Compute/virtualMachines/s1?api-version=2018-10-01
  response:
    body:
      string: '{"error":{"code":"ResourceNotFound","message":"The Resource ''Microsoft.Compute/virtualMachines/s1''
        under resource group ''cli_test_managed_disk000001'' was not found."}}'
    headers:
      cache-control:
      - no-cache
      content-length:
      - '215'
      content-type:
      - application/json; charset=utf-8
      date:
      - Wed, 27 Mar 2019 22:07:58 GMT
      expires:
      - '-1'
      pragma:
      - no-cache
      strict-transport-security:
      - max-age=31536000; includeSubDomains
      x-content-type-options:
      - nosniff
      x-ms-failure-cause:
      - gateway
    status:
      code: 404
      message: Not Found
- request:
    body: null
    headers:
      Accept:
      - application/json
      Accept-Encoding:
      - gzip, deflate
      CommandName:
      - image create
      Connection:
      - keep-alive
      ParameterSetName:
      - -g -n --source --data-disk-sources --os-type --tags --storage-sku --os-disk-caching
      User-Agent:
      - python/3.5.4 (Windows-10-10.0.17763-SP0) msrest/0.6.6 msrest_azure/0.6.0 computemanagementclient/4.4.0
        Azure-SDK-For-Python AZURECLI/2.0.60
      accept-language:
      - en-US
    method: GET
    uri: https://management.azure.com/subscriptions/00000000-0000-0000-0000-000000000000/resourceGroups/cli_test_managed_disk000001/providers/Microsoft.Compute/snapshots/s1?api-version=2018-09-30
  response:
    body:
      string: "{\r\n  \"sku\": {\r\n    \"name\": \"Standard_LRS\",\r\n    \"tier\":
        \"Standard\"\r\n  },\r\n  \"properties\": {\r\n    \"creationData\": {\r\n
        \     \"createOption\": \"Empty\"\r\n    },\r\n    \"diskSizeGB\": 1,\r\n
        \   \"timeCreated\": \"2019-03-27T22:05:47.9722795+00:00\",\r\n    \"provisioningState\":
        \"Succeeded\",\r\n    \"diskState\": \"Unattached\"\r\n  },\r\n  \"type\":
        \"Microsoft.Compute/snapshots\",\r\n  \"location\": \"westus\",\r\n  \"tags\":
        {\r\n    \"tag1\": \"s1\"\r\n  },\r\n  \"id\": \"/subscriptions/00000000-0000-0000-0000-000000000000/resourceGroups/cli_test_managed_disk000001/providers/Microsoft.Compute/snapshots/s1\",\r\n
        \ \"name\": \"s1\"\r\n}"
    headers:
      cache-control:
      - no-cache
      content-length:
      - '627'
      content-type:
      - application/json; charset=utf-8
      date:
      - Wed, 27 Mar 2019 22:07:59 GMT
      expires:
      - '-1'
      pragma:
      - no-cache
      server:
      - Microsoft-HTTPAPI/2.0
      - Microsoft-HTTPAPI/2.0
      strict-transport-security:
      - max-age=31536000; includeSubDomains
      transfer-encoding:
      - chunked
      vary:
      - Accept-Encoding
      x-content-type-options:
      - nosniff
      x-ms-ratelimit-remaining-resource:
      - Microsoft.Compute/LowCostGet3Min;4975,Microsoft.Compute/LowCostGet30Min;39940
    status:
      code: 200
      message: OK
- request:
    body: null
    headers:
      Accept:
      - application/json
      Accept-Encoding:
      - gzip, deflate
      CommandName:
      - image create
      Connection:
      - keep-alive
      ParameterSetName:
      - -g -n --source --data-disk-sources --os-type --tags --storage-sku --os-disk-caching
      User-Agent:
      - python/3.5.4 (Windows-10-10.0.17763-SP0) msrest/0.6.6 msrest_azure/0.6.0 computemanagementclient/4.4.0
        Azure-SDK-For-Python AZURECLI/2.0.60
      accept-language:
      - en-US
    method: GET
    uri: https://management.azure.com/subscriptions/00000000-0000-0000-0000-000000000000/resourceGroups/cli_test_managed_disk000001/providers/Microsoft.Compute/snapshots/d1?api-version=2018-09-30
  response:
    body:
      string: '{"error":{"code":"ResourceNotFound","message":"The Resource ''Microsoft.Compute/snapshots/d1''
        under resource group ''cli_test_managed_disk000001'' was not found."}}'
    headers:
      cache-control:
      - no-cache
      content-length:
      - '209'
      content-type:
      - application/json; charset=utf-8
      date:
      - Wed, 27 Mar 2019 22:07:59 GMT
      expires:
      - '-1'
      pragma:
      - no-cache
      strict-transport-security:
      - max-age=31536000; includeSubDomains
      x-content-type-options:
      - nosniff
      x-ms-failure-cause:
      - gateway
    status:
      code: 404
      message: Not Found
- request:
    body: null
    headers:
      Accept:
      - application/json
      Accept-Encoding:
      - gzip, deflate
      CommandName:
      - image create
      Connection:
      - keep-alive
      ParameterSetName:
      - -g -n --source --data-disk-sources --os-type --tags --storage-sku --os-disk-caching
      User-Agent:
      - python/3.5.4 (Windows-10-10.0.17763-SP0) msrest/0.6.6 msrest_azure/0.6.0 computemanagementclient/4.4.0
        Azure-SDK-For-Python AZURECLI/2.0.60
      accept-language:
      - en-US
    method: GET
    uri: https://management.azure.com/subscriptions/00000000-0000-0000-0000-000000000000/resourceGroups/cli_test_managed_disk000001/providers/Microsoft.Compute/disks/d1?api-version=2018-09-30
  response:
    body:
      string: "{\r\n  \"sku\": {\r\n    \"name\": \"Standard_LRS\",\r\n    \"tier\":
        \"Standard\"\r\n  },\r\n  \"properties\": {\r\n    \"creationData\": {\r\n
        \     \"createOption\": \"Empty\"\r\n    },\r\n    \"diskSizeGB\": 10,\r\n
        \   \"diskIOPSReadWrite\": 500,\r\n    \"diskMBpsReadWrite\": 60,\r\n    \"timeCreated\":
        \"2019-03-27T22:03:38.5319554+00:00\",\r\n    \"provisioningState\": \"Succeeded\",\r\n
        \   \"diskState\": \"ActiveSAS\"\r\n  },\r\n  \"type\": \"Microsoft.Compute/disks\",\r\n
        \ \"location\": \"westus\",\r\n  \"tags\": {\r\n    \"tag1\": \"d1\"\r\n  },\r\n
        \ \"id\": \"/subscriptions/00000000-0000-0000-0000-000000000000/resourceGroups/cli_test_managed_disk000001/providers/Microsoft.Compute/disks/d1\",\r\n
        \ \"name\": \"d1\"\r\n}"
    headers:
      cache-control:
      - no-cache
      content-length:
      - '680'
      content-type:
      - application/json; charset=utf-8
      date:
      - Wed, 27 Mar 2019 22:07:59 GMT
      expires:
      - '-1'
      pragma:
      - no-cache
      server:
      - Microsoft-HTTPAPI/2.0
      - Microsoft-HTTPAPI/2.0
      strict-transport-security:
      - max-age=31536000; includeSubDomains
      transfer-encoding:
      - chunked
      vary:
      - Accept-Encoding
      x-content-type-options:
      - nosniff
      x-ms-ratelimit-remaining-resource:
      - Microsoft.Compute/LowCostGet3Min;4974,Microsoft.Compute/LowCostGet30Min;39939
    status:
      code: 200
      message: OK
- request:
    body: null
    headers:
      Accept:
      - application/json
      Accept-Encoding:
      - gzip, deflate
      CommandName:
      - image create
      Connection:
      - keep-alive
      ParameterSetName:
      - -g -n --source --data-disk-sources --os-type --tags --storage-sku --os-disk-caching
      User-Agent:
      - python/3.5.4 (Windows-10-10.0.17763-SP0) msrest/0.6.6 msrest_azure/0.6.0 resourcemanagementclient/2.1.0
        Azure-SDK-For-Python AZURECLI/2.0.60
      accept-language:
      - en-US
    method: GET
    uri: https://management.azure.com/subscriptions/00000000-0000-0000-0000-000000000000/resourcegroups/cli_test_managed_disk000001?api-version=2018-05-01
  response:
    body:
      string: '{"id":"/subscriptions/00000000-0000-0000-0000-000000000000/resourceGroups/cli_test_managed_disk000001","name":"cli_test_managed_disk000001","location":"westus","tags":{"cause":"automation","date":"2019-03-27T22:03:34Z","product":"azurecli"},"properties":{"provisioningState":"Succeeded"}}'
    headers:
      cache-control:
      - no-cache
      content-length:
      - '384'
      content-type:
      - application/json; charset=utf-8
      date:
      - Wed, 27 Mar 2019 22:08:00 GMT
      expires:
      - '-1'
      pragma:
      - no-cache
      strict-transport-security:
      - max-age=31536000; includeSubDomains
      vary:
      - Accept-Encoding
      x-content-type-options:
      - nosniff
    status:
      code: 200
      message: OK
- request:
    body: 'b''{"location": "westus", "properties": {"storageProfile": {"dataDisks":
      [{"lun": 0, "snapshot": {"id": "/subscriptions/00000000-0000-0000-0000-000000000000/resourceGroups/cli_test_managed_disk000001/providers/Microsoft.Compute/snapshots/s2"}},
      {"managedDisk": {"id": "/subscriptions/00000000-0000-0000-0000-000000000000/resourceGroups/cli_test_managed_disk000001/providers/Microsoft.Compute/disks/d1"},
      "lun": 1}, {"managedDisk": {"id": "/subscriptions/00000000-0000-0000-0000-000000000000/resourceGroups/cli_test_managed_disk000001/providers/Microsoft.Compute/disks/d2"},
      "lun": 2}], "osDisk": {"osState": "Generalized", "storageAccountType": "Premium_LRS",
      "snapshot": {"id": "/subscriptions/00000000-0000-0000-0000-000000000000/resourceGroups/cli_test_managed_disk000001/providers/Microsoft.Compute/snapshots/s1"},
      "caching": "None", "osType": "Linux"}}}, "tags": {"tag1": "i1"}}'''
    headers:
      Accept:
      - application/json
      Accept-Encoding:
      - gzip, deflate
      CommandName:
      - image create
      Connection:
      - keep-alive
      Content-Length:
      - '1072'
      Content-Type:
      - application/json; charset=utf-8
      ParameterSetName:
      - -g -n --source --data-disk-sources --os-type --tags --storage-sku --os-disk-caching
      User-Agent:
      - python/3.5.4 (Windows-10-10.0.17763-SP0) msrest/0.6.6 msrest_azure/0.6.0 computemanagementclient/4.4.0
        Azure-SDK-For-Python AZURECLI/2.0.60
      accept-language:
      - en-US
    method: PUT
    uri: https://management.azure.com/subscriptions/00000000-0000-0000-0000-000000000000/resourceGroups/cli_test_managed_disk000001/providers/Microsoft.Compute/images/i2?api-version=2018-10-01
  response:
    body:
      string: "{\r\n  \"properties\": {\r\n    \"storageProfile\": {\r\n      \"osDisk\":
        {\r\n        \"osType\": \"Linux\",\r\n        \"osState\": \"Generalized\",\r\n
        \       \"snapshot\": {\r\n          \"id\": \"/subscriptions/00000000-0000-0000-0000-000000000000/resourceGroups/cli_test_managed_disk000001/providers/Microsoft.Compute/snapshots/s1\"\r\n
        \       },\r\n        \"caching\": \"None\",\r\n        \"storageAccountType\":
        \"Premium_LRS\"\r\n      },\r\n      \"dataDisks\": [\r\n        {\r\n          \"lun\":
        0,\r\n          \"snapshot\": {\r\n            \"id\": \"/subscriptions/00000000-0000-0000-0000-000000000000/resourceGroups/cli_test_managed_disk000001/providers/Microsoft.Compute/snapshots/s2\"\r\n
        \         },\r\n          \"caching\": \"None\",\r\n          \"storageAccountType\":
        \"Standard_LRS\"\r\n        },\r\n        {\r\n          \"lun\": 1,\r\n          \"managedDisk\":
        {\r\n            \"id\": \"/subscriptions/00000000-0000-0000-0000-000000000000/resourceGroups/cli_test_managed_disk000001/providers/Microsoft.Compute/disks/d1\"\r\n
        \         },\r\n          \"caching\": \"None\",\r\n          \"storageAccountType\":
        \"Standard_LRS\"\r\n        },\r\n        {\r\n          \"lun\": 2,\r\n          \"managedDisk\":
        {\r\n            \"id\": \"/subscriptions/00000000-0000-0000-0000-000000000000/resourceGroups/cli_test_managed_disk000001/providers/Microsoft.Compute/disks/d2\"\r\n
        \         },\r\n          \"caching\": \"None\",\r\n          \"storageAccountType\":
        \"Standard_LRS\"\r\n        }\r\n      ]\r\n    },\r\n    \"provisioningState\":
        \"Creating\"\r\n  },\r\n  \"type\": \"Microsoft.Compute/images\",\r\n  \"location\":
        \"westus\",\r\n  \"tags\": {\r\n    \"tag1\": \"i1\"\r\n  },\r\n  \"id\":
        \"/subscriptions/00000000-0000-0000-0000-000000000000/resourceGroups/cli_test_managed_disk000001/providers/Microsoft.Compute/images/i2\",\r\n
        \ \"name\": \"i2\"\r\n}"
    headers:
      azure-asyncnotification:
      - Enabled
      azure-asyncoperation:
      - https://management.azure.com/subscriptions/00000000-0000-0000-0000-000000000000/providers/Microsoft.Compute/locations/westus/operations/0930163e-1d33-42de-aec7-0da58e93d544?api-version=2018-10-01
      cache-control:
      - no-cache
      content-length:
      - '1938'
      content-type:
      - application/json; charset=utf-8
      date:
      - Wed, 27 Mar 2019 22:08:00 GMT
      expires:
      - '-1'
      pragma:
      - no-cache
      server:
      - Microsoft-HTTPAPI/2.0
      - Microsoft-HTTPAPI/2.0
      strict-transport-security:
      - max-age=31536000; includeSubDomains
      x-content-type-options:
      - nosniff
      x-ms-ratelimit-remaining-resource:
      - Microsoft.Compute/CreateImages3Min;38,Microsoft.Compute/CreateImages30Min;198
      x-ms-ratelimit-remaining-subscription-writes:
      - '1198'
    status:
      code: 201
      message: Created
- request:
    body: null
    headers:
      Accept:
      - application/json
      Accept-Encoding:
      - gzip, deflate
      CommandName:
      - image create
      Connection:
      - keep-alive
      ParameterSetName:
      - -g -n --source --data-disk-sources --os-type --tags --storage-sku --os-disk-caching
      User-Agent:
      - python/3.5.4 (Windows-10-10.0.17763-SP0) msrest/0.6.6 msrest_azure/0.6.0 computemanagementclient/4.4.0
        Azure-SDK-For-Python AZURECLI/2.0.60
    method: GET
    uri: https://management.azure.com/subscriptions/00000000-0000-0000-0000-000000000000/providers/Microsoft.Compute/locations/westus/operations/0930163e-1d33-42de-aec7-0da58e93d544?api-version=2018-10-01
  response:
    body:
      string: "{\r\n  \"startTime\": \"2019-03-27T22:08:00.7647555+00:00\",\r\n  \"endTime\":
        \"2019-03-27T22:08:05.8741605+00:00\",\r\n  \"status\": \"Succeeded\",\r\n
        \ \"name\": \"0930163e-1d33-42de-aec7-0da58e93d544\"\r\n}"
    headers:
      cache-control:
      - no-cache
      content-length:
      - '184'
      content-type:
      - application/json; charset=utf-8
      date:
      - Wed, 27 Mar 2019 22:08:31 GMT
      expires:
      - '-1'
      pragma:
      - no-cache
      server:
      - Microsoft-HTTPAPI/2.0
      - Microsoft-HTTPAPI/2.0
      strict-transport-security:
      - max-age=31536000; includeSubDomains
      transfer-encoding:
      - chunked
      vary:
      - Accept-Encoding
      x-content-type-options:
      - nosniff
      x-ms-ratelimit-remaining-resource:
      - Microsoft.Compute/GetOperation3Min;14994,Microsoft.Compute/GetOperation30Min;29977
    status:
      code: 200
      message: OK
- request:
    body: null
    headers:
      Accept:
      - application/json
      Accept-Encoding:
      - gzip, deflate
      CommandName:
      - image create
      Connection:
      - keep-alive
      ParameterSetName:
      - -g -n --source --data-disk-sources --os-type --tags --storage-sku --os-disk-caching
      User-Agent:
      - python/3.5.4 (Windows-10-10.0.17763-SP0) msrest/0.6.6 msrest_azure/0.6.0 computemanagementclient/4.4.0
        Azure-SDK-For-Python AZURECLI/2.0.60
    method: GET
    uri: https://management.azure.com/subscriptions/00000000-0000-0000-0000-000000000000/resourceGroups/cli_test_managed_disk000001/providers/Microsoft.Compute/images/i2?api-version=2018-10-01
  response:
    body:
      string: "{\r\n  \"properties\": {\r\n    \"storageProfile\": {\r\n      \"osDisk\":
        {\r\n        \"osType\": \"Linux\",\r\n        \"osState\": \"Generalized\",\r\n
        \       \"diskSizeGB\": 1,\r\n        \"snapshot\": {\r\n          \"id\":
        \"/subscriptions/00000000-0000-0000-0000-000000000000/resourceGroups/cli_test_managed_disk000001/providers/Microsoft.Compute/snapshots/s1\"\r\n
        \       },\r\n        \"caching\": \"None\",\r\n        \"storageAccountType\":
        \"Premium_LRS\"\r\n      },\r\n      \"dataDisks\": [\r\n        {\r\n          \"lun\":
        0,\r\n          \"diskSizeGB\": 10,\r\n          \"snapshot\": {\r\n            \"id\":
        \"/subscriptions/00000000-0000-0000-0000-000000000000/resourceGroups/cli_test_managed_disk000001/providers/Microsoft.Compute/snapshots/s2\"\r\n
        \         },\r\n          \"caching\": \"None\",\r\n          \"storageAccountType\":
        \"Standard_LRS\"\r\n        },\r\n        {\r\n          \"lun\": 1,\r\n          \"diskSizeGB\":
        10,\r\n          \"managedDisk\": {\r\n            \"id\": \"/subscriptions/00000000-0000-0000-0000-000000000000/resourceGroups/cli_test_managed_disk000001/providers/Microsoft.Compute/disks/d1\"\r\n
        \         },\r\n          \"caching\": \"None\",\r\n          \"storageAccountType\":
        \"Standard_LRS\"\r\n        },\r\n        {\r\n          \"lun\": 2,\r\n          \"diskSizeGB\":
        10,\r\n          \"managedDisk\": {\r\n            \"id\": \"/subscriptions/00000000-0000-0000-0000-000000000000/resourceGroups/cli_test_managed_disk000001/providers/Microsoft.Compute/disks/d2\"\r\n
        \         },\r\n          \"caching\": \"None\",\r\n          \"storageAccountType\":
        \"Standard_LRS\"\r\n        }\r\n      ]\r\n    },\r\n    \"provisioningState\":
        \"Succeeded\"\r\n  },\r\n  \"type\": \"Microsoft.Compute/images\",\r\n  \"location\":
        \"westus\",\r\n  \"tags\": {\r\n    \"tag1\": \"i1\"\r\n  },\r\n  \"id\":
        \"/subscriptions/00000000-0000-0000-0000-000000000000/resourceGroups/cli_test_managed_disk000001/providers/Microsoft.Compute/images/i2\",\r\n
        \ \"name\": \"i2\"\r\n}"
    headers:
      cache-control:
      - no-cache
      content-length:
      - '2052'
      content-type:
      - application/json; charset=utf-8
      date:
      - Wed, 27 Mar 2019 22:08:30 GMT
      expires:
      - '-1'
      pragma:
      - no-cache
      server:
      - Microsoft-HTTPAPI/2.0
      - Microsoft-HTTPAPI/2.0
      strict-transport-security:
      - max-age=31536000; includeSubDomains
      transfer-encoding:
      - chunked
      vary:
      - Accept-Encoding
      x-content-type-options:
      - nosniff
      x-ms-ratelimit-remaining-resource:
      - Microsoft.Compute/GetImages3Min;352,Microsoft.Compute/GetImages30Min;1792
    status:
      code: 200
      message: OK
- request:
    body: null
    headers:
      Accept:
      - application/json
      Accept-Encoding:
      - gzip, deflate
      CommandName:
      - image create
      Connection:
      - keep-alive
      ParameterSetName:
      - -g -n --source --data-disk-sources --os-type --tags --storage-sku --os-disk-caching
      User-Agent:
      - python/3.5.4 (Windows-10-10.0.17763-SP0) msrest/0.6.6 msrest_azure/0.6.0 computemanagementclient/4.4.0
        Azure-SDK-For-Python AZURECLI/2.0.60
      accept-language:
      - en-US
    method: GET
    uri: https://management.azure.com/subscriptions/00000000-0000-0000-0000-000000000000/resourceGroups/cli_test_managed_disk000001/providers/Microsoft.Compute/virtualMachines/s1?api-version=2018-10-01
  response:
    body:
      string: '{"error":{"code":"ResourceNotFound","message":"The Resource ''Microsoft.Compute/virtualMachines/s1''
        under resource group ''cli_test_managed_disk000001'' was not found."}}'
    headers:
      cache-control:
      - no-cache
      content-length:
      - '215'
      content-type:
      - application/json; charset=utf-8
      date:
      - Wed, 27 Mar 2019 22:08:31 GMT
      expires:
      - '-1'
      pragma:
      - no-cache
      strict-transport-security:
      - max-age=31536000; includeSubDomains
      x-content-type-options:
      - nosniff
      x-ms-failure-cause:
      - gateway
    status:
      code: 404
      message: Not Found
- request:
    body: null
    headers:
      Accept:
      - application/json
      Accept-Encoding:
      - gzip, deflate
      CommandName:
      - image create
      Connection:
      - keep-alive
      ParameterSetName:
      - -g -n --source --data-disk-sources --os-type --tags --storage-sku --os-disk-caching
      User-Agent:
      - python/3.5.4 (Windows-10-10.0.17763-SP0) msrest/0.6.6 msrest_azure/0.6.0 computemanagementclient/4.4.0
        Azure-SDK-For-Python AZURECLI/2.0.60
      accept-language:
      - en-US
    method: GET
    uri: https://management.azure.com/subscriptions/00000000-0000-0000-0000-000000000000/resourceGroups/cli_test_managed_disk000001/providers/Microsoft.Compute/snapshots/s1?api-version=2018-09-30
  response:
    body:
      string: "{\r\n  \"sku\": {\r\n    \"name\": \"Standard_LRS\",\r\n    \"tier\":
        \"Standard\"\r\n  },\r\n  \"properties\": {\r\n    \"creationData\": {\r\n
        \     \"createOption\": \"Empty\"\r\n    },\r\n    \"diskSizeGB\": 1,\r\n
        \   \"timeCreated\": \"2019-03-27T22:05:47.9722795+00:00\",\r\n    \"provisioningState\":
        \"Succeeded\",\r\n    \"diskState\": \"Unattached\"\r\n  },\r\n  \"type\":
        \"Microsoft.Compute/snapshots\",\r\n  \"location\": \"westus\",\r\n  \"tags\":
        {\r\n    \"tag1\": \"s1\"\r\n  },\r\n  \"id\": \"/subscriptions/00000000-0000-0000-0000-000000000000/resourceGroups/cli_test_managed_disk000001/providers/Microsoft.Compute/snapshots/s1\",\r\n
        \ \"name\": \"s1\"\r\n}"
    headers:
      cache-control:
      - no-cache
      content-length:
      - '627'
      content-type:
      - application/json; charset=utf-8
      date:
      - Wed, 27 Mar 2019 22:08:32 GMT
      expires:
      - '-1'
      pragma:
      - no-cache
      server:
      - Microsoft-HTTPAPI/2.0
      - Microsoft-HTTPAPI/2.0
      strict-transport-security:
      - max-age=31536000; includeSubDomains
      transfer-encoding:
      - chunked
      vary:
      - Accept-Encoding
      x-content-type-options:
      - nosniff
      x-ms-ratelimit-remaining-resource:
      - Microsoft.Compute/LowCostGet3Min;4975,Microsoft.Compute/LowCostGet30Min;39934
    status:
      code: 200
      message: OK
- request:
    body: null
    headers:
      Accept:
      - application/json
      Accept-Encoding:
      - gzip, deflate
      CommandName:
      - image create
      Connection:
      - keep-alive
      ParameterSetName:
      - -g -n --source --data-disk-sources --os-type --tags --storage-sku --os-disk-caching
      User-Agent:
      - python/3.5.4 (Windows-10-10.0.17763-SP0) msrest/0.6.6 msrest_azure/0.6.0 computemanagementclient/4.4.0
        Azure-SDK-For-Python AZURECLI/2.0.60
      accept-language:
      - en-US
    method: GET
    uri: https://management.azure.com/subscriptions/00000000-0000-0000-0000-000000000000/resourceGroups/cli_test_managed_disk000001/providers/Microsoft.Compute/snapshots/d1?api-version=2018-09-30
  response:
    body:
      string: '{"error":{"code":"ResourceNotFound","message":"The Resource ''Microsoft.Compute/snapshots/d1''
        under resource group ''cli_test_managed_disk000001'' was not found."}}'
    headers:
      cache-control:
      - no-cache
      content-length:
      - '209'
      content-type:
      - application/json; charset=utf-8
      date:
      - Wed, 27 Mar 2019 22:08:32 GMT
      expires:
      - '-1'
      pragma:
      - no-cache
      strict-transport-security:
      - max-age=31536000; includeSubDomains
      x-content-type-options:
      - nosniff
      x-ms-failure-cause:
      - gateway
    status:
      code: 404
      message: Not Found
- request:
    body: null
    headers:
      Accept:
      - application/json
      Accept-Encoding:
      - gzip, deflate
      CommandName:
      - image create
      Connection:
      - keep-alive
      ParameterSetName:
      - -g -n --source --data-disk-sources --os-type --tags --storage-sku --os-disk-caching
      User-Agent:
      - python/3.5.4 (Windows-10-10.0.17763-SP0) msrest/0.6.6 msrest_azure/0.6.0 computemanagementclient/4.4.0
        Azure-SDK-For-Python AZURECLI/2.0.60
      accept-language:
      - en-US
    method: GET
    uri: https://management.azure.com/subscriptions/00000000-0000-0000-0000-000000000000/resourceGroups/cli_test_managed_disk000001/providers/Microsoft.Compute/disks/d1?api-version=2018-09-30
  response:
    body:
      string: "{\r\n  \"sku\": {\r\n    \"name\": \"Standard_LRS\",\r\n    \"tier\":
        \"Standard\"\r\n  },\r\n  \"properties\": {\r\n    \"creationData\": {\r\n
        \     \"createOption\": \"Empty\"\r\n    },\r\n    \"diskSizeGB\": 10,\r\n
        \   \"diskIOPSReadWrite\": 500,\r\n    \"diskMBpsReadWrite\": 60,\r\n    \"timeCreated\":
        \"2019-03-27T22:03:38.5319554+00:00\",\r\n    \"provisioningState\": \"Succeeded\",\r\n
        \   \"diskState\": \"ActiveSAS\"\r\n  },\r\n  \"type\": \"Microsoft.Compute/disks\",\r\n
        \ \"location\": \"westus\",\r\n  \"tags\": {\r\n    \"tag1\": \"d1\"\r\n  },\r\n
        \ \"id\": \"/subscriptions/00000000-0000-0000-0000-000000000000/resourceGroups/cli_test_managed_disk000001/providers/Microsoft.Compute/disks/d1\",\r\n
        \ \"name\": \"d1\"\r\n}"
    headers:
      cache-control:
      - no-cache
      content-length:
      - '680'
      content-type:
      - application/json; charset=utf-8
      date:
      - Wed, 27 Mar 2019 22:08:33 GMT
      expires:
      - '-1'
      pragma:
      - no-cache
      server:
      - Microsoft-HTTPAPI/2.0
      - Microsoft-HTTPAPI/2.0
      strict-transport-security:
      - max-age=31536000; includeSubDomains
      transfer-encoding:
      - chunked
      vary:
      - Accept-Encoding
      x-content-type-options:
      - nosniff
      x-ms-ratelimit-remaining-resource:
      - Microsoft.Compute/LowCostGet3Min;4974,Microsoft.Compute/LowCostGet30Min;39933
    status:
      code: 200
      message: OK
- request:
    body: null
    headers:
      Accept:
      - application/json
      Accept-Encoding:
      - gzip, deflate
      CommandName:
      - image create
      Connection:
      - keep-alive
      ParameterSetName:
      - -g -n --source --data-disk-sources --os-type --tags --storage-sku --os-disk-caching
      User-Agent:
      - python/3.5.4 (Windows-10-10.0.17763-SP0) msrest/0.6.6 msrest_azure/0.6.0 resourcemanagementclient/2.1.0
        Azure-SDK-For-Python AZURECLI/2.0.60
      accept-language:
      - en-US
    method: GET
    uri: https://management.azure.com/subscriptions/00000000-0000-0000-0000-000000000000/resourcegroups/cli_test_managed_disk000001?api-version=2018-05-01
  response:
    body:
      string: '{"id":"/subscriptions/00000000-0000-0000-0000-000000000000/resourceGroups/cli_test_managed_disk000001","name":"cli_test_managed_disk000001","location":"westus","tags":{"cause":"automation","date":"2019-03-27T22:03:34Z","product":"azurecli"},"properties":{"provisioningState":"Succeeded"}}'
    headers:
      cache-control:
      - no-cache
      content-length:
      - '384'
      content-type:
      - application/json; charset=utf-8
      date:
      - Wed, 27 Mar 2019 22:08:32 GMT
      expires:
      - '-1'
      pragma:
      - no-cache
      strict-transport-security:
      - max-age=31536000; includeSubDomains
      vary:
      - Accept-Encoding
      x-content-type-options:
      - nosniff
    status:
      code: 200
      message: OK
- request:
    body: 'b''{"location": "westus", "properties": {"storageProfile": {"dataDisks":
      [{"lun": 0, "snapshot": {"id": "/subscriptions/00000000-0000-0000-0000-000000000000/resourceGroups/cli_test_managed_disk000001/providers/Microsoft.Compute/snapshots/s2"}},
      {"managedDisk": {"id": "/subscriptions/00000000-0000-0000-0000-000000000000/resourceGroups/cli_test_managed_disk000001/providers/Microsoft.Compute/disks/d1"},
      "lun": 1}, {"managedDisk": {"id": "/subscriptions/00000000-0000-0000-0000-000000000000/resourceGroups/cli_test_managed_disk000001/providers/Microsoft.Compute/disks/d2"},
      "lun": 2}], "osDisk": {"osState": "Generalized", "storageAccountType": "Standard_LRS",
      "snapshot": {"id": "/subscriptions/00000000-0000-0000-0000-000000000000/resourceGroups/cli_test_managed_disk000001/providers/Microsoft.Compute/snapshots/s1"},
      "caching": "ReadWrite", "osType": "Linux"}}}, "tags": {"tag1": "i1"}}'''
    headers:
      Accept:
      - application/json
      Accept-Encoding:
      - gzip, deflate
      CommandName:
      - image create
      Connection:
      - keep-alive
      Content-Length:
      - '1078'
      Content-Type:
      - application/json; charset=utf-8
      ParameterSetName:
      - -g -n --source --data-disk-sources --os-type --tags --storage-sku --os-disk-caching
      User-Agent:
      - python/3.5.4 (Windows-10-10.0.17763-SP0) msrest/0.6.6 msrest_azure/0.6.0 computemanagementclient/4.4.0
        Azure-SDK-For-Python AZURECLI/2.0.60
      accept-language:
      - en-US
    method: PUT
    uri: https://management.azure.com/subscriptions/00000000-0000-0000-0000-000000000000/resourceGroups/cli_test_managed_disk000001/providers/Microsoft.Compute/images/i3?api-version=2018-10-01
  response:
    body:
      string: "{\r\n  \"properties\": {\r\n    \"storageProfile\": {\r\n      \"osDisk\":
        {\r\n        \"osType\": \"Linux\",\r\n        \"osState\": \"Generalized\",\r\n
        \       \"snapshot\": {\r\n          \"id\": \"/subscriptions/00000000-0000-0000-0000-000000000000/resourceGroups/cli_test_managed_disk000001/providers/Microsoft.Compute/snapshots/s1\"\r\n
        \       },\r\n        \"caching\": \"ReadWrite\",\r\n        \"storageAccountType\":
        \"Standard_LRS\"\r\n      },\r\n      \"dataDisks\": [\r\n        {\r\n          \"lun\":
        0,\r\n          \"snapshot\": {\r\n            \"id\": \"/subscriptions/00000000-0000-0000-0000-000000000000/resourceGroups/cli_test_managed_disk000001/providers/Microsoft.Compute/snapshots/s2\"\r\n
        \         },\r\n          \"caching\": \"None\",\r\n          \"storageAccountType\":
        \"Standard_LRS\"\r\n        },\r\n        {\r\n          \"lun\": 1,\r\n          \"managedDisk\":
        {\r\n            \"id\": \"/subscriptions/00000000-0000-0000-0000-000000000000/resourceGroups/cli_test_managed_disk000001/providers/Microsoft.Compute/disks/d1\"\r\n
        \         },\r\n          \"caching\": \"None\",\r\n          \"storageAccountType\":
        \"Standard_LRS\"\r\n        },\r\n        {\r\n          \"lun\": 2,\r\n          \"managedDisk\":
        {\r\n            \"id\": \"/subscriptions/00000000-0000-0000-0000-000000000000/resourceGroups/cli_test_managed_disk000001/providers/Microsoft.Compute/disks/d2\"\r\n
        \         },\r\n          \"caching\": \"None\",\r\n          \"storageAccountType\":
        \"Standard_LRS\"\r\n        }\r\n      ]\r\n    },\r\n    \"provisioningState\":
        \"Creating\"\r\n  },\r\n  \"type\": \"Microsoft.Compute/images\",\r\n  \"location\":
        \"westus\",\r\n  \"tags\": {\r\n    \"tag1\": \"i1\"\r\n  },\r\n  \"id\":
        \"/subscriptions/00000000-0000-0000-0000-000000000000/resourceGroups/cli_test_managed_disk000001/providers/Microsoft.Compute/images/i3\",\r\n
        \ \"name\": \"i3\"\r\n}"
    headers:
      azure-asyncnotification:
      - Enabled
      azure-asyncoperation:
      - https://management.azure.com/subscriptions/00000000-0000-0000-0000-000000000000/providers/Microsoft.Compute/locations/westus/operations/1f01116b-9315-4690-94da-9bdf345662e7?api-version=2018-10-01
      cache-control:
      - no-cache
      content-length:
      - '1944'
      content-type:
      - application/json; charset=utf-8
      date:
      - Wed, 27 Mar 2019 22:08:34 GMT
      expires:
      - '-1'
      pragma:
      - no-cache
      server:
      - Microsoft-HTTPAPI/2.0
      - Microsoft-HTTPAPI/2.0
      strict-transport-security:
      - max-age=31536000; includeSubDomains
      x-content-type-options:
      - nosniff
      x-ms-ratelimit-remaining-resource:
      - Microsoft.Compute/CreateImages3Min;37,Microsoft.Compute/CreateImages30Min;197
      x-ms-ratelimit-remaining-subscription-writes:
      - '1198'
    status:
      code: 201
      message: Created
- request:
    body: null
    headers:
      Accept:
      - application/json
      Accept-Encoding:
      - gzip, deflate
      CommandName:
      - image create
      Connection:
      - keep-alive
      ParameterSetName:
      - -g -n --source --data-disk-sources --os-type --tags --storage-sku --os-disk-caching
      User-Agent:
      - python/3.5.4 (Windows-10-10.0.17763-SP0) msrest/0.6.6 msrest_azure/0.6.0 computemanagementclient/4.4.0
        Azure-SDK-For-Python AZURECLI/2.0.60
    method: GET
    uri: https://management.azure.com/subscriptions/00000000-0000-0000-0000-000000000000/providers/Microsoft.Compute/locations/westus/operations/1f01116b-9315-4690-94da-9bdf345662e7?api-version=2018-10-01
  response:
    body:
      string: "{\r\n  \"startTime\": \"2019-03-27T22:08:34.2336918+00:00\",\r\n  \"endTime\":
        \"2019-03-27T22:08:39.374361+00:00\",\r\n  \"status\": \"Succeeded\",\r\n
        \ \"name\": \"1f01116b-9315-4690-94da-9bdf345662e7\"\r\n}"
    headers:
      cache-control:
      - no-cache
      content-length:
      - '183'
      content-type:
      - application/json; charset=utf-8
      date:
      - Wed, 27 Mar 2019 22:09:04 GMT
      expires:
      - '-1'
      pragma:
      - no-cache
      server:
      - Microsoft-HTTPAPI/2.0
      - Microsoft-HTTPAPI/2.0
      strict-transport-security:
      - max-age=31536000; includeSubDomains
      transfer-encoding:
      - chunked
      vary:
      - Accept-Encoding
      x-content-type-options:
      - nosniff
      x-ms-ratelimit-remaining-resource:
      - Microsoft.Compute/GetOperation3Min;14992,Microsoft.Compute/GetOperation30Min;29975
    status:
      code: 200
      message: OK
- request:
    body: null
    headers:
      Accept:
      - application/json
      Accept-Encoding:
      - gzip, deflate
      CommandName:
      - image create
      Connection:
      - keep-alive
      ParameterSetName:
      - -g -n --source --data-disk-sources --os-type --tags --storage-sku --os-disk-caching
      User-Agent:
      - python/3.5.4 (Windows-10-10.0.17763-SP0) msrest/0.6.6 msrest_azure/0.6.0 computemanagementclient/4.4.0
        Azure-SDK-For-Python AZURECLI/2.0.60
    method: GET
    uri: https://management.azure.com/subscriptions/00000000-0000-0000-0000-000000000000/resourceGroups/cli_test_managed_disk000001/providers/Microsoft.Compute/images/i3?api-version=2018-10-01
  response:
    body:
      string: "{\r\n  \"properties\": {\r\n    \"storageProfile\": {\r\n      \"osDisk\":
        {\r\n        \"osType\": \"Linux\",\r\n        \"osState\": \"Generalized\",\r\n
        \       \"diskSizeGB\": 1,\r\n        \"snapshot\": {\r\n          \"id\":
        \"/subscriptions/00000000-0000-0000-0000-000000000000/resourceGroups/cli_test_managed_disk000001/providers/Microsoft.Compute/snapshots/s1\"\r\n
        \       },\r\n        \"caching\": \"ReadWrite\",\r\n        \"storageAccountType\":
        \"Standard_LRS\"\r\n      },\r\n      \"dataDisks\": [\r\n        {\r\n          \"lun\":
        0,\r\n          \"diskSizeGB\": 10,\r\n          \"snapshot\": {\r\n            \"id\":
        \"/subscriptions/00000000-0000-0000-0000-000000000000/resourceGroups/cli_test_managed_disk000001/providers/Microsoft.Compute/snapshots/s2\"\r\n
        \         },\r\n          \"caching\": \"None\",\r\n          \"storageAccountType\":
        \"Standard_LRS\"\r\n        },\r\n        {\r\n          \"lun\": 1,\r\n          \"diskSizeGB\":
        10,\r\n          \"managedDisk\": {\r\n            \"id\": \"/subscriptions/00000000-0000-0000-0000-000000000000/resourceGroups/cli_test_managed_disk000001/providers/Microsoft.Compute/disks/d1\"\r\n
        \         },\r\n          \"caching\": \"None\",\r\n          \"storageAccountType\":
        \"Standard_LRS\"\r\n        },\r\n        {\r\n          \"lun\": 2,\r\n          \"diskSizeGB\":
        10,\r\n          \"managedDisk\": {\r\n            \"id\": \"/subscriptions/00000000-0000-0000-0000-000000000000/resourceGroups/cli_test_managed_disk000001/providers/Microsoft.Compute/disks/d2\"\r\n
        \         },\r\n          \"caching\": \"None\",\r\n          \"storageAccountType\":
        \"Standard_LRS\"\r\n        }\r\n      ]\r\n    },\r\n    \"provisioningState\":
        \"Succeeded\"\r\n  },\r\n  \"type\": \"Microsoft.Compute/images\",\r\n  \"location\":
        \"westus\",\r\n  \"tags\": {\r\n    \"tag1\": \"i1\"\r\n  },\r\n  \"id\":
        \"/subscriptions/00000000-0000-0000-0000-000000000000/resourceGroups/cli_test_managed_disk000001/providers/Microsoft.Compute/images/i3\",\r\n
        \ \"name\": \"i3\"\r\n}"
    headers:
      cache-control:
      - no-cache
      content-length:
      - '2058'
      content-type:
      - application/json; charset=utf-8
      date:
      - Wed, 27 Mar 2019 22:09:04 GMT
      expires:
      - '-1'
      pragma:
      - no-cache
      server:
      - Microsoft-HTTPAPI/2.0
      - Microsoft-HTTPAPI/2.0
      strict-transport-security:
      - max-age=31536000; includeSubDomains
      transfer-encoding:
      - chunked
      vary:
      - Accept-Encoding
      x-content-type-options:
      - nosniff
      x-ms-ratelimit-remaining-resource:
      - Microsoft.Compute/GetImages3Min;348,Microsoft.Compute/GetImages30Min;1788
    status:
      code: 200
      message: OK
- request:
    body: null
    headers:
      Accept:
      - application/json
      Accept-Encoding:
      - gzip, deflate
      CommandName:
      - group delete
      Connection:
      - keep-alive
      Content-Length:
      - '0'
      ParameterSetName:
      - --name --yes --no-wait
      User-Agent:
      - python/3.5.4 (Windows-10-10.0.17763-SP0) msrest/0.6.6 msrest_azure/0.6.0 resourcemanagementclient/2.1.0
        Azure-SDK-For-Python AZURECLI/2.0.60
      accept-language:
      - en-US
    method: DELETE
    uri: https://management.azure.com/subscriptions/00000000-0000-0000-0000-000000000000/resourcegroups/cli_test_managed_disk000001?api-version=2018-05-01
  response:
    body:
      string: ''
    headers:
      cache-control:
      - no-cache
      content-length:
      - '0'
      date:
      - Wed, 27 Mar 2019 22:09:05 GMT
      expires:
      - '-1'
      location:
      - https://management.azure.com/subscriptions/00000000-0000-0000-0000-000000000000/operationresults/eyJqb2JJZCI6IlJFU09VUkNFR1JPVVBERUxFVElPTkpPQi1DTEk6NUZURVNUOjVGTUFOQUdFRDo1RkRJU0tUWTdSRUtFUFhPVTJMTDNQRjZRVHxBNjY1MDgxQkUxOUNFREY4LVdFU1RVUyIsImpvYkxvY2F0aW9uIjoid2VzdHVzIn0?api-version=2018-05-01
      pragma:
      - no-cache
      strict-transport-security:
      - max-age=31536000; includeSubDomains
      x-content-type-options:
      - nosniff
      x-ms-ratelimit-remaining-subscription-deletes:
      - '14999'
    status:
      code: 202
      message: Accepted
version: 1
