interactions:
- request:
    body: '{"location": "westus", "tags": {"product": "azurecli", "cause": "automation",
      "date": "2019-05-01T21:28:10Z"}}'
    headers:
      Accept:
      - application/json
      Accept-Encoding:
      - gzip, deflate
      CommandName:
      - group create
      Connection:
      - keep-alive
      Content-Length:
      - '110'
      Content-Type:
      - application/json; charset=utf-8
      ParameterSetName:
      - --location --name --tag
      User-Agent:
      - python/3.7.3 (Windows-10-10.0.17763-SP0) msrest/0.6.6 msrest_azure/0.6.0 resourcemanagementclient/2.1.0
        Azure-SDK-For-Python AZURECLI/2.0.63
      accept-language:
      - en-US
    method: PUT
    uri: https://management.azure.com/subscriptions/00000000-0000-0000-0000-000000000000/resourcegroups/cli_test_vm_custom_ip000001?api-version=2018-05-01
  response:
    body:
      string: '{"id":"/subscriptions/00000000-0000-0000-0000-000000000000/resourceGroups/cli_test_vm_custom_ip000001","name":"cli_test_vm_custom_ip000001","location":"westus","tags":{"product":"azurecli","cause":"automation","date":"2019-05-01T21:28:10Z"},"properties":{"provisioningState":"Succeeded"}}'
    headers:
      cache-control:
      - no-cache
      content-length:
      - '384'
      content-type:
      - application/json; charset=utf-8
      date:
      - Wed, 01 May 2019 21:28:11 GMT
      expires:
      - '-1'
      pragma:
      - no-cache
      strict-transport-security:
      - max-age=31536000; includeSubDomains
      x-content-type-options:
      - nosniff
      x-ms-ratelimit-remaining-subscription-writes:
      - '1189'
    status:
      code: 201
      message: Created
- request:
    body: null
    headers:
      Accept:
      - application/json
      Accept-Encoding:
      - gzip, deflate
      CommandName:
      - vm create
      Connection:
      - keep-alive
      ParameterSetName:
      - -n -g --image --admin-username --private-ip-address --public-ip-sku --public-ip-address-dns-name
        --generate-ssh-keys
      User-Agent:
      - python/3.7.3 (Windows-10-10.0.17763-SP0) msrest/0.6.6 msrest_azure/0.6.0 resourcemanagementclient/2.1.0
        Azure-SDK-For-Python AZURECLI/2.0.63
      accept-language:
      - en-US
    method: GET
    uri: https://management.azure.com/subscriptions/00000000-0000-0000-0000-000000000000/resourcegroups/cli_test_vm_custom_ip000001?api-version=2018-05-01
  response:
    body:
      string: '{"id":"/subscriptions/00000000-0000-0000-0000-000000000000/resourceGroups/cli_test_vm_custom_ip000001","name":"cli_test_vm_custom_ip000001","location":"westus","tags":{"product":"azurecli","cause":"automation","date":"2019-05-01T21:28:10Z"},"properties":{"provisioningState":"Succeeded"}}'
    headers:
      cache-control:
      - no-cache
      content-length:
      - '384'
      content-type:
      - application/json; charset=utf-8
      date:
      - Wed, 01 May 2019 21:28:12 GMT
      expires:
      - '-1'
      pragma:
      - no-cache
      strict-transport-security:
      - max-age=31536000; includeSubDomains
      vary:
      - Accept-Encoding
      x-content-type-options:
      - nosniff
    status:
      code: 200
      message: OK
- request:
    body: null
    headers:
      Accept:
      - '*/*'
      Accept-Encoding:
      - gzip, deflate
      Connection:
      - keep-alive
      User-Agent:
      - python-requests/2.21.0
    method: GET
    uri: https://raw.githubusercontent.com/Azure/azure-rest-api-specs/master/arm-compute/quickstart-templates/aliases.json
  response:
    body:
      string: "{\n  \"$schema\":\"http://schema.management.azure.com/schemas/2015-01-01/deploymentTemplate.json\",\n
        \ \"contentVersion\":\"1.0.0.0\",\n  \"parameters\":{},\n  \"variables\":{},\n
        \ \"resources\":[],\n\n  \"outputs\":{\n    \"aliases\":{\n      \"type\":\"object\",\n
        \     \"value\":{\n\n        \"Linux\":{\n          \"CentOS\":{\n            \"publisher\":\"OpenLogic\",\n
        \           \"offer\":\"CentOS\",\n            \"sku\":\"7.5\",\n            \"version\":\"latest\"\n
        \         },\n          \"CoreOS\":{\n            \"publisher\":\"CoreOS\",\n
        \           \"offer\":\"CoreOS\",\n            \"sku\":\"Stable\",\n            \"version\":\"latest\"\n
        \         },\n          \"Debian\":{\n            \"publisher\":\"credativ\",\n
        \           \"offer\":\"Debian\",\n            \"sku\":\"9\",\n            \"version\":\"latest\"\n
        \         },\n          \"openSUSE-Leap\": {\n            \"publisher\":\"SUSE\",\n
        \           \"offer\":\"openSUSE-Leap\",\n            \"sku\":\"42.3\",\n
        \           \"version\": \"latest\"\n          },\n          \"RHEL\":{\n
        \           \"publisher\":\"RedHat\",\n            \"offer\":\"RHEL\",\n            \"sku\":\"7-RAW\",\n
        \           \"version\":\"latest\"\n          },\n          \"SLES\":{\n            \"publisher\":\"SUSE\",\n
        \           \"offer\":\"SLES\",\n            \"sku\":\"15\",\n            \"version\":\"latest\"\n
        \         },\n          \"UbuntuLTS\":{\n            \"publisher\":\"Canonical\",\n
        \           \"offer\":\"UbuntuServer\",\n            \"sku\":\"18.04-LTS\",\n
        \           \"version\":\"latest\"\n          }\n        },\n\n        \"Windows\":{\n
        \         \"Win2019Datacenter\":{\n            \"publisher\":\"MicrosoftWindowsServer\",\n
        \           \"offer\":\"WindowsServer\",\n            \"sku\":\"2019-Datacenter\",\n
        \           \"version\":\"latest\"\n          },\n          \"Win2016Datacenter\":{\n
        \           \"publisher\":\"MicrosoftWindowsServer\",\n            \"offer\":\"WindowsServer\",\n
        \           \"sku\":\"2016-Datacenter\",\n            \"version\":\"latest\"\n
        \         },\n          \"Win2012R2Datacenter\":{\n            \"publisher\":\"MicrosoftWindowsServer\",\n
        \           \"offer\":\"WindowsServer\",\n            \"sku\":\"2012-R2-Datacenter\",\n
        \           \"version\":\"latest\"\n          },\n          \"Win2012Datacenter\":{\n
        \           \"publisher\":\"MicrosoftWindowsServer\",\n            \"offer\":\"WindowsServer\",\n
        \           \"sku\":\"2012-Datacenter\",\n            \"version\":\"latest\"\n
        \         },\n          \"Win2008R2SP1\":{\n            \"publisher\":\"MicrosoftWindowsServer\",\n
        \           \"offer\":\"WindowsServer\",\n            \"sku\":\"2008-R2-SP1\",\n
        \           \"version\":\"latest\"\n          }\n        }\n      }\n    }\n
        \ }\n}\n"
    headers:
      accept-ranges:
      - bytes
      access-control-allow-origin:
      - '*'
      cache-control:
      - max-age=300
      connection:
      - keep-alive
      content-length:
      - '2433'
      content-security-policy:
      - default-src 'none'; style-src 'unsafe-inline'; sandbox
      content-type:
      - text/plain; charset=utf-8
      date:
      - Wed, 01 May 2019 21:28:13 GMT
      etag:
      - '"f5944d69cdbfb4a2bb2ddda8c5f050bde5bbcb32"'
      expires:
      - Wed, 01 May 2019 21:33:13 GMT
      source-age:
      - '41'
      strict-transport-security:
      - max-age=31536000
      vary:
      - Authorization,Accept-Encoding
      via:
      - 1.1 varnish
      x-cache:
      - HIT
      x-cache-hits:
      - '1'
      x-content-type-options:
      - nosniff
      x-fastly-request-id:
      - 46aa754608b7468c02bb3fac96e5ca2dca84c847
      x-frame-options:
      - deny
      x-geo-block-list:
      - ''
      x-github-request-id:
      - E908:4A7D:B15A4:C8EA7:5CCA0F43
      x-served-by:
      - cache-sea1028-SEA
      x-timer:
      - S1556746093.300014,VS0,VE1
      x-xss-protection:
      - 1; mode=block
    status:
      code: 200
      message: OK
- request:
    body: null
    headers:
      Accept:
      - application/json
      Accept-Encoding:
      - gzip, deflate
      CommandName:
      - vm create
      Connection:
      - keep-alive
      ParameterSetName:
      - -n -g --image --admin-username --private-ip-address --public-ip-sku --public-ip-address-dns-name
        --generate-ssh-keys
      User-Agent:
      - python/3.7.3 (Windows-10-10.0.17763-SP0) msrest/0.6.6 msrest_azure/0.6.0 networkmanagementclient/2.7.0
        Azure-SDK-For-Python AZURECLI/2.0.63
      accept-language:
      - en-US
    method: GET
    uri: https://management.azure.com/subscriptions/00000000-0000-0000-0000-000000000000/resourceGroups/cli_test_vm_custom_ip000001/providers/Microsoft.Network/virtualNetworks?api-version=2018-01-01
  response:
    body:
      string: '{"value":[]}'
    headers:
      cache-control:
      - no-cache
      content-length:
      - '12'
      content-type:
      - application/json; charset=utf-8
      date:
      - Wed, 01 May 2019 21:28:14 GMT
      expires:
      - '-1'
      pragma:
      - no-cache
      strict-transport-security:
      - max-age=31536000; includeSubDomains
      vary:
      - Accept-Encoding
      x-content-type-options:
      - nosniff
    status:
      code: 200
      message: OK
- request:
    body: 'b''{"properties": {"template": {"$schema": "https://schema.management.azure.com/schemas/2015-01-01/deploymentTemplate.json#",
      "contentVersion": "1.0.0.0", "parameters": {}, "variables": {}, "resources":
      [{"name": "vrfvmzVNET", "type": "Microsoft.Network/virtualNetworks", "location":
      "westus", "apiVersion": "2015-06-15", "dependsOn": [], "tags": {}, "properties":
      {"addressSpace": {"addressPrefixes": ["10.0.0.0/16"]}, "subnets": [{"name":
      "vrfvmzSubnet", "properties": {"addressPrefix": "10.0.0.0/24"}}]}}, {"type":
      "Microsoft.Network/networkSecurityGroups", "name": "vrfvmzNSG", "apiVersion":
      "2015-06-15", "location": "westus", "tags": {}, "dependsOn": [], "properties":
      {"securityRules": [{"name": "default-allow-ssh", "properties": {"protocol":
      "Tcp", "sourcePortRange": "*", "destinationPortRange": "22", "sourceAddressPrefix":
      "*", "destinationAddressPrefix": "*", "access": "Allow", "priority": 1000, "direction":
      "Inbound"}}]}}, {"apiVersion": "2018-01-01", "type": "Microsoft.Network/publicIPAddresses",
      "name": "vrfvmzPublicIP", "location": "westus", "tags": {}, "dependsOn": [],
      "properties": {"publicIPAllocationMethod": "Static", "dnsSettings": {"domainNameLabel":
      "vrfmyvm00110011z"}}, "sku": {"name": "Standard"}}, {"apiVersion": "2015-06-15",
      "type": "Microsoft.Network/networkInterfaces", "name": "vrfvmzVMNic", "location":
      "westus", "tags": {}, "dependsOn": ["Microsoft.Network/virtualNetworks/vrfvmzVNET",
      "Microsoft.Network/networkSecurityGroups/vrfvmzNSG", "Microsoft.Network/publicIpAddresses/vrfvmzPublicIP"],
      "properties": {"ipConfigurations": [{"name": "ipconfigvrfvmz", "properties":
      {"privateIPAllocationMethod": "Static", "subnet": {"id": "/subscriptions/00000000-0000-0000-0000-000000000000/resourceGroups/cli_test_vm_custom_ip000001/providers/Microsoft.Network/virtualNetworks/vrfvmzVNET/subnets/vrfvmzSubnet"},
      "privateIPAddress": "10.0.0.5", "publicIPAddress": {"id": "/subscriptions/00000000-0000-0000-0000-000000000000/resourceGroups/cli_test_vm_custom_ip000001/providers/Microsoft.Network/publicIPAddresses/vrfvmzPublicIP"}}}],
      "networkSecurityGroup": {"id": "/subscriptions/00000000-0000-0000-0000-000000000000/resourceGroups/cli_test_vm_custom_ip000001/providers/Microsoft.Network/networkSecurityGroups/vrfvmzNSG"}}},
      {"apiVersion": "2019-03-01", "type": "Microsoft.Compute/virtualMachines", "name":
      "vrfvmz", "location": "westus", "tags": {}, "dependsOn": ["Microsoft.Network/networkInterfaces/vrfvmzVMNic"],
      "properties": {"hardwareProfile": {"vmSize": "Standard_DS1_v2"}, "networkProfile":
      {"networkInterfaces": [{"id": "/subscriptions/00000000-0000-0000-0000-000000000000/resourceGroups/cli_test_vm_custom_ip000001/providers/Microsoft.Network/networkInterfaces/vrfvmzVMNic"}]},
      "storageProfile": {"osDisk": {"createOption": "fromImage", "name": null, "caching":
      "ReadWrite", "managedDisk": {"storageAccountType": null}}, "imageReference":
      {"publisher": "SUSE", "offer": "openSUSE-Leap", "sku": "42.3", "version": "latest"}},
      "osProfile": {"computerName": "vrfvmz", "adminUsername": "user11", "linuxConfiguration":
      {"disablePasswordAuthentication": true, "ssh": {"publicKeys": [{"keyData": "ssh-rsa
      AAAAB3NzaC1yc2EAAAADAQABAAABAQC4xSa1bULpASwcksWn8m2P3e+Wl9YpJtrlcOhOTB5tNhXVmzdJUaufGLJE6Np/Bra+wF7ISfXcWM4Zo7WBiUerL6tgSh9qBISF5Glu/yH3eLCpCRKvNomlQGNTMuhrnDMiV2PuP0KAbiCdjF9ZrI1XQYIqiml0ftGMXz5VVKJA4rgUGPkn+M+jO2OoDg+JAuav6w+g3Tmq+oqk3ecGp9iXVnM66bKv3ud26dqCIpcutXvIspr3Vs5vjs8+XuckvkeouGci6TizWruWNi71wf4kh/E6zKV5kKs8oPMI0Gh315wf6Yn1hMyCYZjy7MeH+q90FzZ0YqeB2Xj5DoufLSDF",
      "path": "/home/user11/.ssh/authorized_keys"}]}}}}}], "outputs": {}}, "parameters":
      {}, "mode": "Incremental"}}'''
    headers:
      Accept:
      - application/json
      Accept-Encoding:
      - gzip, deflate
      CommandName:
      - vm create
      Connection:
      - keep-alive
      Content-Length:
      - '3815'
      Content-Type:
      - application/json; charset=utf-8
      ParameterSetName:
      - -n -g --image --admin-username --private-ip-address --public-ip-sku --public-ip-address-dns-name
        --generate-ssh-keys
      User-Agent:
      - python/3.7.3 (Windows-10-10.0.17763-SP0) msrest/0.6.6 msrest_azure/0.6.0 resourcemanagementclient/2.1.0
        Azure-SDK-For-Python AZURECLI/2.0.63
      accept-language:
      - en-US
    method: PUT
    uri: https://management.azure.com/subscriptions/00000000-0000-0000-0000-000000000000/resourcegroups/cli_test_vm_custom_ip000001/providers/Microsoft.Resources/deployments/mock-deployment?api-version=2018-05-01
  response:
    body:
      string: '{"id":"/subscriptions/00000000-0000-0000-0000-000000000000/resourceGroups/cli_test_vm_custom_ip000001/providers/Microsoft.Resources/deployments/vm_deploy_OUAtYPqXRo7XJjC3PDHX9mxff1Ut8d3v","name":"vm_deploy_OUAtYPqXRo7XJjC3PDHX9mxff1Ut8d3v","properties":{"templateHash":"16477091605554635342","parameters":{},"mode":"Incremental","provisioningState":"Accepted","timestamp":"2019-05-01T21:28:17.856068Z","duration":"PT1.1726303S","correlationId":"6cd3b562-b222-4d73-8e47-15c8898f6bdf","providers":[{"namespace":"Microsoft.Network","resourceTypes":[{"resourceType":"virtualNetworks","locations":["westus"]},{"resourceType":"networkSecurityGroups","locations":["westus"]},{"resourceType":"publicIPAddresses","locations":["westus"]},{"resourceType":"networkInterfaces","locations":["westus"]}]},{"namespace":"Microsoft.Compute","resourceTypes":[{"resourceType":"virtualMachines","locations":["westus"]}]}],"dependencies":[{"dependsOn":[{"id":"/subscriptions/00000000-0000-0000-0000-000000000000/resourceGroups/cli_test_vm_custom_ip000001/providers/Microsoft.Network/virtualNetworks/vrfvmzVNET","resourceType":"Microsoft.Network/virtualNetworks","resourceName":"vrfvmzVNET"},{"id":"/subscriptions/00000000-0000-0000-0000-000000000000/resourceGroups/cli_test_vm_custom_ip000001/providers/Microsoft.Network/networkSecurityGroups/vrfvmzNSG","resourceType":"Microsoft.Network/networkSecurityGroups","resourceName":"vrfvmzNSG"},{"id":"/subscriptions/00000000-0000-0000-0000-000000000000/resourceGroups/cli_test_vm_custom_ip000001/providers/Microsoft.Network/publicIPAddresses/vrfvmzPublicIP","resourceType":"Microsoft.Network/publicIPAddresses","resourceName":"vrfvmzPublicIP"}],"id":"/subscriptions/00000000-0000-0000-0000-000000000000/resourceGroups/cli_test_vm_custom_ip000001/providers/Microsoft.Network/networkInterfaces/vrfvmzVMNic","resourceType":"Microsoft.Network/networkInterfaces","resourceName":"vrfvmzVMNic"},{"dependsOn":[{"id":"/subscriptions/00000000-0000-0000-0000-000000000000/resourceGroups/cli_test_vm_custom_ip000001/providers/Microsoft.Network/networkInterfaces/vrfvmzVMNic","resourceType":"Microsoft.Network/networkInterfaces","resourceName":"vrfvmzVMNic"}],"id":"/subscriptions/00000000-0000-0000-0000-000000000000/resourceGroups/cli_test_vm_custom_ip000001/providers/Microsoft.Compute/virtualMachines/vrfvmz","resourceType":"Microsoft.Compute/virtualMachines","resourceName":"vrfvmz"}]}}'
    headers:
      azure-asyncoperation:
      - https://management.azure.com/subscriptions/00000000-0000-0000-0000-000000000000/resourcegroups/cli_test_vm_custom_ip000001/providers/Microsoft.Resources/deployments/vm_deploy_OUAtYPqXRo7XJjC3PDHX9mxff1Ut8d3v/operationStatuses/08586448607887941866?api-version=2018-05-01
      cache-control:
      - no-cache
      content-length:
      - '2737'
      content-type:
      - application/json; charset=utf-8
      date:
      - Wed, 01 May 2019 21:28:17 GMT
      expires:
      - '-1'
      pragma:
      - no-cache
      strict-transport-security:
      - max-age=31536000; includeSubDomains
      x-content-type-options:
      - nosniff
      x-ms-ratelimit-remaining-subscription-writes:
      - '1186'
    status:
      code: 201
      message: Created
- request:
    body: null
    headers:
      Accept:
      - application/json
      Accept-Encoding:
      - gzip, deflate
      CommandName:
      - vm create
      Connection:
      - keep-alive
      ParameterSetName:
      - -n -g --image --admin-username --private-ip-address --public-ip-sku --public-ip-address-dns-name
        --generate-ssh-keys
      User-Agent:
      - python/3.7.3 (Windows-10-10.0.17763-SP0) msrest/0.6.6 msrest_azure/0.6.0 resourcemanagementclient/2.1.0
        Azure-SDK-For-Python AZURECLI/2.0.63
    method: GET
    uri: https://management.azure.com/subscriptions/00000000-0000-0000-0000-000000000000/resourcegroups/cli_test_vm_custom_ip000001/providers/Microsoft.Resources/deployments/mock-deployment/operationStatuses/08586448607887941866?api-version=2018-05-01
  response:
    body:
      string: '{"status":"Running"}'
    headers:
      cache-control:
      - no-cache
      content-length:
      - '20'
      content-type:
      - application/json; charset=utf-8
      date:
      - Wed, 01 May 2019 21:28:48 GMT
      expires:
      - '-1'
      pragma:
      - no-cache
      strict-transport-security:
      - max-age=31536000; includeSubDomains
      vary:
      - Accept-Encoding
      x-content-type-options:
      - nosniff
    status:
      code: 200
      message: OK
- request:
    body: null
    headers:
      Accept:
      - application/json
      Accept-Encoding:
      - gzip, deflate
      CommandName:
      - vm create
      Connection:
      - keep-alive
      ParameterSetName:
      - -n -g --image --admin-username --private-ip-address --public-ip-sku --public-ip-address-dns-name
        --generate-ssh-keys
      User-Agent:
      - python/3.7.3 (Windows-10-10.0.17763-SP0) msrest/0.6.6 msrest_azure/0.6.0 resourcemanagementclient/2.1.0
        Azure-SDK-For-Python AZURECLI/2.0.63
    method: GET
    uri: https://management.azure.com/subscriptions/00000000-0000-0000-0000-000000000000/resourcegroups/cli_test_vm_custom_ip000001/providers/Microsoft.Resources/deployments/mock-deployment/operationStatuses/08586448607887941866?api-version=2018-05-01
  response:
    body:
      string: '{"status":"Running"}'
    headers:
      cache-control:
      - no-cache
      content-length:
      - '20'
      content-type:
      - application/json; charset=utf-8
      date:
      - Wed, 01 May 2019 21:29:19 GMT
      expires:
      - '-1'
      pragma:
      - no-cache
      strict-transport-security:
      - max-age=31536000; includeSubDomains
      vary:
      - Accept-Encoding
      x-content-type-options:
      - nosniff
    status:
      code: 200
      message: OK
- request:
    body: null
    headers:
      Accept:
      - application/json
      Accept-Encoding:
      - gzip, deflate
      CommandName:
      - vm create
      Connection:
      - keep-alive
      ParameterSetName:
      - -n -g --image --admin-username --private-ip-address --public-ip-sku --public-ip-address-dns-name
        --generate-ssh-keys
      User-Agent:
      - python/3.7.3 (Windows-10-10.0.17763-SP0) msrest/0.6.6 msrest_azure/0.6.0 resourcemanagementclient/2.1.0
        Azure-SDK-For-Python AZURECLI/2.0.63
    method: GET
    uri: https://management.azure.com/subscriptions/00000000-0000-0000-0000-000000000000/resourcegroups/cli_test_vm_custom_ip000001/providers/Microsoft.Resources/deployments/mock-deployment/operationStatuses/08586448607887941866?api-version=2018-05-01
  response:
    body:
      string: '{"status":"Running"}'
    headers:
      cache-control:
      - no-cache
      content-length:
      - '20'
      content-type:
      - application/json; charset=utf-8
      date:
      - Wed, 01 May 2019 21:29:49 GMT
      expires:
      - '-1'
      pragma:
      - no-cache
      strict-transport-security:
      - max-age=31536000; includeSubDomains
      vary:
      - Accept-Encoding
      x-content-type-options:
      - nosniff
    status:
      code: 200
      message: OK
- request:
    body: null
    headers:
      Accept:
      - application/json
      Accept-Encoding:
      - gzip, deflate
      CommandName:
      - vm create
      Connection:
      - keep-alive
      ParameterSetName:
      - -n -g --image --admin-username --private-ip-address --public-ip-sku --public-ip-address-dns-name
        --generate-ssh-keys
      User-Agent:
      - python/3.7.3 (Windows-10-10.0.17763-SP0) msrest/0.6.6 msrest_azure/0.6.0 resourcemanagementclient/2.1.0
        Azure-SDK-For-Python AZURECLI/2.0.63
    method: GET
    uri: https://management.azure.com/subscriptions/00000000-0000-0000-0000-000000000000/resourcegroups/cli_test_vm_custom_ip000001/providers/Microsoft.Resources/deployments/mock-deployment/operationStatuses/08586448607887941866?api-version=2018-05-01
  response:
    body:
      string: '{"status":"Running"}'
    headers:
      cache-control:
      - no-cache
      content-length:
      - '20'
      content-type:
      - application/json; charset=utf-8
      date:
      - Wed, 01 May 2019 21:30:20 GMT
      expires:
      - '-1'
      pragma:
      - no-cache
      strict-transport-security:
      - max-age=31536000; includeSubDomains
      vary:
      - Accept-Encoding
      x-content-type-options:
      - nosniff
    status:
      code: 200
      message: OK
- request:
    body: null
    headers:
      Accept:
      - application/json
      Accept-Encoding:
      - gzip, deflate
      CommandName:
      - vm create
      Connection:
      - keep-alive
      ParameterSetName:
      - -n -g --image --admin-username --private-ip-address --public-ip-sku --public-ip-address-dns-name
        --generate-ssh-keys
      User-Agent:
      - python/3.7.3 (Windows-10-10.0.17763-SP0) msrest/0.6.6 msrest_azure/0.6.0 resourcemanagementclient/2.1.0
        Azure-SDK-For-Python AZURECLI/2.0.63
    method: GET
    uri: https://management.azure.com/subscriptions/00000000-0000-0000-0000-000000000000/resourcegroups/cli_test_vm_custom_ip000001/providers/Microsoft.Resources/deployments/mock-deployment/operationStatuses/08586448607887941866?api-version=2018-05-01
  response:
    body:
      string: '{"status":"Running"}'
    headers:
      cache-control:
      - no-cache
      content-length:
      - '20'
      content-type:
      - application/json; charset=utf-8
      date:
      - Wed, 01 May 2019 21:30:51 GMT
      expires:
      - '-1'
      pragma:
      - no-cache
      strict-transport-security:
      - max-age=31536000; includeSubDomains
      vary:
      - Accept-Encoding
      x-content-type-options:
      - nosniff
    status:
      code: 200
      message: OK
- request:
    body: null
    headers:
      Accept:
      - application/json
      Accept-Encoding:
      - gzip, deflate
      CommandName:
      - vm create
      Connection:
      - keep-alive
      ParameterSetName:
      - -n -g --image --admin-username --private-ip-address --public-ip-sku --public-ip-address-dns-name
        --generate-ssh-keys
      User-Agent:
      - python/3.7.3 (Windows-10-10.0.17763-SP0) msrest/0.6.6 msrest_azure/0.6.0 resourcemanagementclient/2.1.0
        Azure-SDK-For-Python AZURECLI/2.0.63
    method: GET
    uri: https://management.azure.com/subscriptions/00000000-0000-0000-0000-000000000000/resourcegroups/cli_test_vm_custom_ip000001/providers/Microsoft.Resources/deployments/mock-deployment/operationStatuses/08586448607887941866?api-version=2018-05-01
  response:
    body:
      string: '{"status":"Succeeded"}'
    headers:
      cache-control:
      - no-cache
      content-length:
      - '22'
      content-type:
      - application/json; charset=utf-8
      date:
      - Wed, 01 May 2019 21:31:21 GMT
      expires:
      - '-1'
      pragma:
      - no-cache
      strict-transport-security:
      - max-age=31536000; includeSubDomains
      vary:
      - Accept-Encoding
      x-content-type-options:
      - nosniff
    status:
      code: 200
      message: OK
- request:
    body: null
    headers:
      Accept:
      - application/json
      Accept-Encoding:
      - gzip, deflate
      CommandName:
      - vm create
      Connection:
      - keep-alive
      ParameterSetName:
      - -n -g --image --admin-username --private-ip-address --public-ip-sku --public-ip-address-dns-name
        --generate-ssh-keys
      User-Agent:
      - python/3.7.3 (Windows-10-10.0.17763-SP0) msrest/0.6.6 msrest_azure/0.6.0 resourcemanagementclient/2.1.0
        Azure-SDK-For-Python AZURECLI/2.0.63
    method: GET
    uri: https://management.azure.com/subscriptions/00000000-0000-0000-0000-000000000000/resourcegroups/cli_test_vm_custom_ip000001/providers/Microsoft.Resources/deployments/mock-deployment?api-version=2018-05-01
  response:
    body:
      string: '{"id":"/subscriptions/00000000-0000-0000-0000-000000000000/resourceGroups/cli_test_vm_custom_ip000001/providers/Microsoft.Resources/deployments/vm_deploy_OUAtYPqXRo7XJjC3PDHX9mxff1Ut8d3v","name":"vm_deploy_OUAtYPqXRo7XJjC3PDHX9mxff1Ut8d3v","properties":{"templateHash":"16477091605554635342","parameters":{},"mode":"Incremental","provisioningState":"Succeeded","timestamp":"2019-05-01T21:31:20.895471Z","duration":"PT3M4.2120333S","correlationId":"6cd3b562-b222-4d73-8e47-15c8898f6bdf","providers":[{"namespace":"Microsoft.Network","resourceTypes":[{"resourceType":"virtualNetworks","locations":["westus"]},{"resourceType":"networkSecurityGroups","locations":["westus"]},{"resourceType":"publicIPAddresses","locations":["westus"]},{"resourceType":"networkInterfaces","locations":["westus"]}]},{"namespace":"Microsoft.Compute","resourceTypes":[{"resourceType":"virtualMachines","locations":["westus"]}]}],"dependencies":[{"dependsOn":[{"id":"/subscriptions/00000000-0000-0000-0000-000000000000/resourceGroups/cli_test_vm_custom_ip000001/providers/Microsoft.Network/virtualNetworks/vrfvmzVNET","resourceType":"Microsoft.Network/virtualNetworks","resourceName":"vrfvmzVNET"},{"id":"/subscriptions/00000000-0000-0000-0000-000000000000/resourceGroups/cli_test_vm_custom_ip000001/providers/Microsoft.Network/networkSecurityGroups/vrfvmzNSG","resourceType":"Microsoft.Network/networkSecurityGroups","resourceName":"vrfvmzNSG"},{"id":"/subscriptions/00000000-0000-0000-0000-000000000000/resourceGroups/cli_test_vm_custom_ip000001/providers/Microsoft.Network/publicIPAddresses/vrfvmzPublicIP","resourceType":"Microsoft.Network/publicIPAddresses","resourceName":"vrfvmzPublicIP"}],"id":"/subscriptions/00000000-0000-0000-0000-000000000000/resourceGroups/cli_test_vm_custom_ip000001/providers/Microsoft.Network/networkInterfaces/vrfvmzVMNic","resourceType":"Microsoft.Network/networkInterfaces","resourceName":"vrfvmzVMNic"},{"dependsOn":[{"id":"/subscriptions/00000000-0000-0000-0000-000000000000/resourceGroups/cli_test_vm_custom_ip000001/providers/Microsoft.Network/networkInterfaces/vrfvmzVMNic","resourceType":"Microsoft.Network/networkInterfaces","resourceName":"vrfvmzVMNic"}],"id":"/subscriptions/00000000-0000-0000-0000-000000000000/resourceGroups/cli_test_vm_custom_ip000001/providers/Microsoft.Compute/virtualMachines/vrfvmz","resourceType":"Microsoft.Compute/virtualMachines","resourceName":"vrfvmz"}],"outputs":{},"outputResources":[{"id":"/subscriptions/00000000-0000-0000-0000-000000000000/resourceGroups/cli_test_vm_custom_ip000001/providers/Microsoft.Compute/virtualMachines/vrfvmz"},{"id":"/subscriptions/00000000-0000-0000-0000-000000000000/resourceGroups/cli_test_vm_custom_ip000001/providers/Microsoft.Network/networkInterfaces/vrfvmzVMNic"},{"id":"/subscriptions/00000000-0000-0000-0000-000000000000/resourceGroups/cli_test_vm_custom_ip000001/providers/Microsoft.Network/networkSecurityGroups/vrfvmzNSG"},{"id":"/subscriptions/00000000-0000-0000-0000-000000000000/resourceGroups/cli_test_vm_custom_ip000001/providers/Microsoft.Network/publicIPAddresses/vrfvmzPublicIP"},{"id":"/subscriptions/00000000-0000-0000-0000-000000000000/resourceGroups/cli_test_vm_custom_ip000001/providers/Microsoft.Network/virtualNetworks/vrfvmzVNET"}]}}'
    headers:
      cache-control:
      - no-cache
      content-length:
      - '3818'
      content-type:
      - application/json; charset=utf-8
      date:
      - Wed, 01 May 2019 21:31:21 GMT
      expires:
      - '-1'
      pragma:
      - no-cache
      strict-transport-security:
      - max-age=31536000; includeSubDomains
      vary:
      - Accept-Encoding
      x-content-type-options:
      - nosniff
    status:
      code: 200
      message: OK
- request:
    body: null
    headers:
      Accept:
      - application/json
      Accept-Encoding:
      - gzip, deflate
      CommandName:
      - vm create
      Connection:
      - keep-alive
      ParameterSetName:
      - -n -g --image --admin-username --private-ip-address --public-ip-sku --public-ip-address-dns-name
        --generate-ssh-keys
      User-Agent:
      - python/3.7.3 (Windows-10-10.0.17763-SP0) msrest/0.6.6 msrest_azure/0.6.0 computemanagementclient/5.0.0
        Azure-SDK-For-Python AZURECLI/2.0.63
      accept-language:
      - en-US
    method: GET
    uri: https://management.azure.com/subscriptions/00000000-0000-0000-0000-000000000000/resourceGroups/cli_test_vm_custom_ip000001/providers/Microsoft.Compute/virtualMachines/vrfvmz?$expand=instanceView&api-version=2019-03-01
  response:
    body:
      string: "{\r\n  \"properties\": {\r\n    \"vmId\": \"db2cc862-fc14-4182-9619-d8e2f0430b8e\",\r\n
        \   \"hardwareProfile\": {\r\n      \"vmSize\": \"Standard_DS1_v2\"\r\n    },\r\n
        \   \"storageProfile\": {\r\n      \"imageReference\": {\r\n        \"publisher\":
        \"SUSE\",\r\n        \"offer\": \"openSUSE-Leap\",\r\n        \"sku\": \"42.3\",\r\n
        \       \"version\": \"latest\"\r\n      },\r\n      \"osDisk\": {\r\n        \"osType\":
        \"Linux\",\r\n        \"name\": \"vrfvmz_OsDisk_1_e6c15a4813bb474b8a8ce94c66db6f7f\",\r\n
        \       \"createOption\": \"FromImage\",\r\n        \"caching\": \"ReadWrite\",\r\n
        \       \"managedDisk\": {\r\n          \"storageAccountType\": \"Premium_LRS\",\r\n
        \         \"id\": \"/subscriptions/00000000-0000-0000-0000-000000000000/resourceGroups/cli_test_vm_custom_ip000001/providers/Microsoft.Compute/disks/vrfvmz_OsDisk_1_e6c15a4813bb474b8a8ce94c66db6f7f\"\r\n
        \       },\r\n        \"diskSizeGB\": 30\r\n      },\r\n      \"dataDisks\":
        []\r\n    },\r\n    \"osProfile\": {\r\n      \"computerName\": \"vrfvmz\",\r\n
        \     \"adminUsername\": \"user11\",\r\n      \"linuxConfiguration\": {\r\n
        \       \"disablePasswordAuthentication\": true,\r\n        \"ssh\": {\r\n
        \         \"publicKeys\": [\r\n            {\r\n              \"path\": \"/home/user11/.ssh/authorized_keys\",\r\n
        \             \"keyData\": \"ssh-rsa AAAAB3NzaC1yc2EAAAADAQABAAABAQC4xSa1bULpASwcksWn8m2P3e+Wl9YpJtrlcOhOTB5tNhXVmzdJUaufGLJE6Np/Bra+wF7ISfXcWM4Zo7WBiUerL6tgSh9qBISF5Glu/yH3eLCpCRKvNomlQGNTMuhrnDMiV2PuP0KAbiCdjF9ZrI1XQYIqiml0ftGMXz5VVKJA4rgUGPkn+M+jO2OoDg+JAuav6w+g3Tmq+oqk3ecGp9iXVnM66bKv3ud26dqCIpcutXvIspr3Vs5vjs8+XuckvkeouGci6TizWruWNi71wf4kh/E6zKV5kKs8oPMI0Gh315wf6Yn1hMyCYZjy7MeH+q90FzZ0YqeB2Xj5DoufLSDF\"\r\n
        \           }\r\n          ]\r\n        },\r\n        \"provisionVMAgent\":
        true\r\n      },\r\n      \"secrets\": [],\r\n      \"allowExtensionOperations\":
        true,\r\n      \"requireGuestProvisionSignal\": true\r\n    },\r\n    \"networkProfile\":
        {\"networkInterfaces\":[{\"id\":\"/subscriptions/00000000-0000-0000-0000-000000000000/resourceGroups/cli_test_vm_custom_ip000001/providers/Microsoft.Network/networkInterfaces/vrfvmzVMNic\"}]},\r\n
        \   \"provisioningState\": \"Succeeded\",\r\n    \"instanceView\": {\r\n      \"computerName\":
        \"vrfvmz\",\r\n      \"osName\": \"suse\",\r\n      \"osVersion\": \"42.3\",\r\n
        \     \"vmAgent\": {\r\n        \"vmAgentVersion\": \"2.2.18\",\r\n        \"statuses\":
        [\r\n          {\r\n            \"code\": \"ProvisioningState/succeeded\",\r\n
        \           \"level\": \"Info\",\r\n            \"displayStatus\": \"Ready\",\r\n
        \           \"message\": \"Guest Agent is running\",\r\n            \"time\":
        \"2019-05-01T21:31:20+00:00\"\r\n          }\r\n        ],\r\n        \"extensionHandlers\":
        []\r\n      },\r\n      \"disks\": [\r\n        {\r\n          \"name\": \"vrfvmz_OsDisk_1_e6c15a4813bb474b8a8ce94c66db6f7f\",\r\n
        \         \"statuses\": [\r\n            {\r\n              \"code\": \"ProvisioningState/succeeded\",\r\n
        \             \"level\": \"Info\",\r\n              \"displayStatus\": \"Provisioning
        succeeded\",\r\n              \"time\": \"2019-05-01T21:28:38.4270457+00:00\"\r\n
        \           }\r\n          ]\r\n        }\r\n      ],\r\n      \"statuses\":
        [\r\n        {\r\n          \"code\": \"ProvisioningState/succeeded\",\r\n
        \         \"level\": \"Info\",\r\n          \"displayStatus\": \"Provisioning
        succeeded\",\r\n          \"time\": \"2019-05-01T21:31:16.9427335+00:00\"\r\n
        \       },\r\n        {\r\n          \"code\": \"PowerState/running\",\r\n
        \         \"level\": \"Info\",\r\n          \"displayStatus\": \"VM running\"\r\n
        \       }\r\n      ]\r\n    }\r\n  },\r\n  \"type\": \"Microsoft.Compute/virtualMachines\",\r\n
        \ \"location\": \"westus\",\r\n  \"tags\": {},\r\n  \"id\": \"/subscriptions/00000000-0000-0000-0000-000000000000/resourceGroups/cli_test_vm_custom_ip000001/providers/Microsoft.Compute/virtualMachines/vrfvmz\",\r\n
        \ \"name\": \"vrfvmz\"\r\n}"
    headers:
      cache-control:
      - no-cache
      content-length:
      - '3681'
      content-type:
      - application/json; charset=utf-8
      date:
      - Wed, 01 May 2019 21:31:23 GMT
      expires:
      - '-1'
      pragma:
      - no-cache
      server:
      - Microsoft-HTTPAPI/2.0
      - Microsoft-HTTPAPI/2.0
      strict-transport-security:
      - max-age=31536000; includeSubDomains
      transfer-encoding:
      - chunked
      vary:
      - Accept-Encoding
      x-content-type-options:
      - nosniff
      x-ms-ratelimit-remaining-resource:
      - Microsoft.Compute/LowCostGet3Min;3988,Microsoft.Compute/LowCostGet30Min;31975
    status:
      code: 200
      message: OK
- request:
    body: null
    headers:
      Accept:
      - application/json
      Accept-Encoding:
      - gzip, deflate
      CommandName:
      - vm create
      Connection:
      - keep-alive
      ParameterSetName:
      - -n -g --image --admin-username --private-ip-address --public-ip-sku --public-ip-address-dns-name
        --generate-ssh-keys
      User-Agent:
      - python/3.7.3 (Windows-10-10.0.17763-SP0) msrest/0.6.6 msrest_azure/0.6.0 networkmanagementclient/2.7.0
        Azure-SDK-For-Python AZURECLI/2.0.63
      accept-language:
      - en-US
    method: GET
    uri: https://management.azure.com/subscriptions/00000000-0000-0000-0000-000000000000/resourceGroups/cli_test_vm_custom_ip000001/providers/Microsoft.Network/networkInterfaces/vrfvmzVMNic?api-version=2018-01-01
  response:
    body:
      string: "{\r\n  \"name\": \"vrfvmzVMNic\",\r\n  \"id\": \"/subscriptions/00000000-0000-0000-0000-000000000000/resourceGroups/cli_test_vm_custom_ip000001/providers/Microsoft.Network/networkInterfaces/vrfvmzVMNic\",\r\n
        \ \"etag\": \"W/\\\"34dead86-2d4b-49ad-b1f0-12692ac54848\\\"\",\r\n  \"location\":
        \"westus\",\r\n  \"tags\": {},\r\n  \"properties\": {\r\n    \"provisioningState\":
        \"Succeeded\",\r\n    \"resourceGuid\": \"955454f4-9ba8-428f-a1b5-3e054ce070e1\",\r\n
        \   \"ipConfigurations\": [\r\n      {\r\n        \"name\": \"ipconfigvrfvmz\",\r\n
        \       \"id\": \"/subscriptions/00000000-0000-0000-0000-000000000000/resourceGroups/cli_test_vm_custom_ip000001/providers/Microsoft.Network/networkInterfaces/vrfvmzVMNic/ipConfigurations/ipconfigvrfvmz\",\r\n
        \       \"etag\": \"W/\\\"34dead86-2d4b-49ad-b1f0-12692ac54848\\\"\",\r\n
        \       \"type\": \"Microsoft.Network/networkInterfaces/ipConfigurations\",\r\n
        \       \"properties\": {\r\n          \"provisioningState\": \"Succeeded\",\r\n
        \         \"privateIPAddress\": \"10.0.0.5\",\r\n          \"privateIPAllocationMethod\":
        \"Static\",\r\n          \"publicIPAddress\": {\r\n            \"id\": \"/subscriptions/00000000-0000-0000-0000-000000000000/resourceGroups/cli_test_vm_custom_ip000001/providers/Microsoft.Network/publicIPAddresses/vrfvmzPublicIP\"\r\n
        \         },\r\n          \"subnet\": {\r\n            \"id\": \"/subscriptions/00000000-0000-0000-0000-000000000000/resourceGroups/cli_test_vm_custom_ip000001/providers/Microsoft.Network/virtualNetworks/vrfvmzVNET/subnets/vrfvmzSubnet\"\r\n
        \         },\r\n          \"primary\": true,\r\n          \"privateIPAddressVersion\":
        \"IPv4\"\r\n        }\r\n      }\r\n    ],\r\n    \"dnsSettings\": {\r\n      \"dnsServers\":
        [],\r\n      \"appliedDnsServers\": [],\r\n      \"internalDomainNameSuffix\":
        \"2fe45n5ozm4u1nliqpcnqudgah.dx.internal.cloudapp.net\"\r\n    },\r\n    \"macAddress\":
        \"00-0D-3A-37-AF-AA\",\r\n    \"enableAcceleratedNetworking\": false,\r\n
        \   \"enableIPForwarding\": false,\r\n    \"networkSecurityGroup\": {\r\n
        \     \"id\": \"/subscriptions/00000000-0000-0000-0000-000000000000/resourceGroups/cli_test_vm_custom_ip000001/providers/Microsoft.Network/networkSecurityGroups/vrfvmzNSG\"\r\n
        \   },\r\n    \"primary\": true,\r\n    \"virtualMachine\": {\r\n      \"id\":
        \"/subscriptions/00000000-0000-0000-0000-000000000000/resourceGroups/cli_test_vm_custom_ip000001/providers/Microsoft.Compute/virtualMachines/vrfvmz\"\r\n
        \   }\r\n  },\r\n  \"type\": \"Microsoft.Network/networkInterfaces\"\r\n}"
    headers:
      cache-control:
      - no-cache
      content-length:
      - '2597'
      content-type:
      - application/json; charset=utf-8
      date:
      - Wed, 01 May 2019 21:31:24 GMT
      etag:
      - W/"34dead86-2d4b-49ad-b1f0-12692ac54848"
      expires:
      - '-1'
      pragma:
      - no-cache
      server:
      - Microsoft-HTTPAPI/2.0
      - Microsoft-HTTPAPI/2.0
      strict-transport-security:
      - max-age=31536000; includeSubDomains
      transfer-encoding:
      - chunked
      vary:
      - Accept-Encoding
      x-content-type-options:
      - nosniff
    status:
      code: 200
      message: OK
- request:
    body: null
    headers:
      Accept:
      - application/json
      Accept-Encoding:
      - gzip, deflate
      CommandName:
      - vm create
      Connection:
      - keep-alive
      ParameterSetName:
      - -n -g --image --admin-username --private-ip-address --public-ip-sku --public-ip-address-dns-name
        --generate-ssh-keys
      User-Agent:
      - python/3.7.3 (Windows-10-10.0.17763-SP0) msrest/0.6.6 msrest_azure/0.6.0 networkmanagementclient/2.7.0
        Azure-SDK-For-Python AZURECLI/2.0.63
      accept-language:
      - en-US
    method: GET
    uri: https://management.azure.com/subscriptions/00000000-0000-0000-0000-000000000000/resourceGroups/cli_test_vm_custom_ip000001/providers/Microsoft.Network/publicIPAddresses/vrfvmzPublicIP?api-version=2018-01-01
  response:
    body:
      string: "{\r\n  \"name\": \"vrfvmzPublicIP\",\r\n  \"id\": \"/subscriptions/00000000-0000-0000-0000-000000000000/resourceGroups/cli_test_vm_custom_ip000001/providers/Microsoft.Network/publicIPAddresses/vrfvmzPublicIP\",\r\n
        \ \"etag\": \"W/\\\"f241c8d4-9217-4fcd-8055-ab8af6f80ab9\\\"\",\r\n  \"location\":
        \"westus\",\r\n  \"tags\": {},\r\n  \"properties\": {\r\n    \"provisioningState\":
        \"Succeeded\",\r\n    \"resourceGuid\": \"9a187588-999a-4e98-a8da-5876d1753386\",\r\n
        \   \"ipAddress\": \"13.83.242.133\",\r\n    \"publicIPAddressVersion\": \"IPv4\",\r\n
        \   \"publicIPAllocationMethod\": \"Static\",\r\n    \"idleTimeoutInMinutes\":
        4,\r\n    \"dnsSettings\": {\r\n      \"domainNameLabel\": \"vrfmyvm00110011z\",\r\n
        \     \"fqdn\": \"vrfmyvm00110011z.westus.cloudapp.azure.com\"\r\n    },\r\n
        \   \"ipTags\": [],\r\n    \"ipConfiguration\": {\r\n      \"id\": \"/subscriptions/00000000-0000-0000-0000-000000000000/resourceGroups/cli_test_vm_custom_ip000001/providers/Microsoft.Network/networkInterfaces/vrfvmzVMNic/ipConfigurations/ipconfigvrfvmz\"\r\n
        \   }\r\n  },\r\n  \"type\": \"Microsoft.Network/publicIPAddresses\",\r\n
        \ \"sku\": {\r\n    \"name\": \"Standard\",\r\n    \"tier\": \"Regional\"\r\n
        \ }\r\n}"
    headers:
      cache-control:
      - no-cache
      content-length:
      - '1172'
      content-type:
      - application/json; charset=utf-8
      date:
      - Wed, 01 May 2019 21:31:24 GMT
      etag:
      - W/"f241c8d4-9217-4fcd-8055-ab8af6f80ab9"
      expires:
      - '-1'
      pragma:
      - no-cache
      server:
      - Microsoft-HTTPAPI/2.0
      - Microsoft-HTTPAPI/2.0
      strict-transport-security:
      - max-age=31536000; includeSubDomains
      transfer-encoding:
      - chunked
      vary:
      - Accept-Encoding
      x-content-type-options:
      - nosniff
    status:
      code: 200
      message: OK
- request:
    body: null
    headers:
      Accept:
      - application/json
      Accept-Encoding:
      - gzip, deflate
      CommandName:
      - network public-ip show
      Connection:
      - keep-alive
      ParameterSetName:
      - -n -g
      User-Agent:
      - python/3.7.3 (Windows-10-10.0.17763-SP0) msrest/0.6.6 msrest_azure/0.6.0 networkmanagementclient/2.7.0
        Azure-SDK-For-Python AZURECLI/2.0.63
      accept-language:
      - en-US
    method: GET
    uri: https://management.azure.com/subscriptions/00000000-0000-0000-0000-000000000000/resourceGroups/cli_test_vm_custom_ip000001/providers/Microsoft.Network/publicIPAddresses/vrfvmzPublicIP?api-version=2019-02-01
  response:
    body:
      string: "{\r\n  \"name\": \"vrfvmzPublicIP\",\r\n  \"id\": \"/subscriptions/00000000-0000-0000-0000-000000000000/resourceGroups/cli_test_vm_custom_ip000001/providers/Microsoft.Network/publicIPAddresses/vrfvmzPublicIP\",\r\n
        \ \"etag\": \"W/\\\"f241c8d4-9217-4fcd-8055-ab8af6f80ab9\\\"\",\r\n  \"location\":
        \"westus\",\r\n  \"tags\": {},\r\n  \"properties\": {\r\n    \"provisioningState\":
        \"Succeeded\",\r\n    \"resourceGuid\": \"9a187588-999a-4e98-a8da-5876d1753386\",\r\n
        \   \"ipAddress\": \"13.83.242.133\",\r\n    \"publicIPAddressVersion\": \"IPv4\",\r\n
        \   \"publicIPAllocationMethod\": \"Static\",\r\n    \"idleTimeoutInMinutes\":
        4,\r\n    \"dnsSettings\": {\r\n      \"domainNameLabel\": \"vrfmyvm00110011z\",\r\n
        \     \"fqdn\": \"vrfmyvm00110011z.westus.cloudapp.azure.com\"\r\n    },\r\n
        \   \"ipTags\": [],\r\n    \"ipConfiguration\": {\r\n      \"id\": \"/subscriptions/00000000-0000-0000-0000-000000000000/resourceGroups/cli_test_vm_custom_ip000001/providers/Microsoft.Network/networkInterfaces/vrfvmzVMNic/ipConfigurations/ipconfigvrfvmz\"\r\n
        \   }\r\n  },\r\n  \"type\": \"Microsoft.Network/publicIPAddresses\",\r\n
        \ \"sku\": {\r\n    \"name\": \"Standard\",\r\n    \"tier\": \"Regional\"\r\n
        \ }\r\n}"
    headers:
      cache-control:
      - no-cache
      content-length:
      - '1172'
      content-type:
      - application/json; charset=utf-8
      date:
      - Wed, 01 May 2019 21:31:25 GMT
      etag:
      - W/"f241c8d4-9217-4fcd-8055-ab8af6f80ab9"
      expires:
      - '-1'
      pragma:
      - no-cache
      server:
      - Microsoft-HTTPAPI/2.0
      - Microsoft-HTTPAPI/2.0
      strict-transport-security:
      - max-age=31536000; includeSubDomains
      transfer-encoding:
      - chunked
      vary:
      - Accept-Encoding
      x-content-type-options:
      - nosniff
    status:
      code: 200
      message: OK
- request:
    body: null
    headers:
      Accept:
      - application/json
      Accept-Encoding:
      - gzip, deflate
      CommandName:
      - network nic show
      Connection:
      - keep-alive
      ParameterSetName:
      - -n -g
      User-Agent:
      - python/3.7.3 (Windows-10-10.0.17763-SP0) msrest/0.6.6 msrest_azure/0.6.0 networkmanagementclient/2.7.0
        Azure-SDK-For-Python AZURECLI/2.0.63
      accept-language:
      - en-US
    method: GET
    uri: https://management.azure.com/subscriptions/00000000-0000-0000-0000-000000000000/resourceGroups/cli_test_vm_custom_ip000001/providers/Microsoft.Network/networkInterfaces/vrfvmzVMNic?api-version=2019-02-01
  response:
    body:
      string: "{\r\n  \"name\": \"vrfvmzVMNic\",\r\n  \"id\": \"/subscriptions/00000000-0000-0000-0000-000000000000/resourceGroups/cli_test_vm_custom_ip000001/providers/Microsoft.Network/networkInterfaces/vrfvmzVMNic\",\r\n
        \ \"etag\": \"W/\\\"34dead86-2d4b-49ad-b1f0-12692ac54848\\\"\",\r\n  \"location\":
        \"westus\",\r\n  \"tags\": {},\r\n  \"properties\": {\r\n    \"provisioningState\":
        \"Succeeded\",\r\n    \"resourceGuid\": \"955454f4-9ba8-428f-a1b5-3e054ce070e1\",\r\n
        \   \"ipConfigurations\": [\r\n      {\r\n        \"name\": \"ipconfigvrfvmz\",\r\n
        \       \"id\": \"/subscriptions/00000000-0000-0000-0000-000000000000/resourceGroups/cli_test_vm_custom_ip000001/providers/Microsoft.Network/networkInterfaces/vrfvmzVMNic/ipConfigurations/ipconfigvrfvmz\",\r\n
        \       \"etag\": \"W/\\\"34dead86-2d4b-49ad-b1f0-12692ac54848\\\"\",\r\n
        \       \"type\": \"Microsoft.Network/networkInterfaces/ipConfigurations\",\r\n
        \       \"properties\": {\r\n          \"provisioningState\": \"Succeeded\",\r\n
        \         \"privateIPAddress\": \"10.0.0.5\",\r\n          \"privateIPAllocationMethod\":
        \"Static\",\r\n          \"publicIPAddress\": {\r\n            \"id\": \"/subscriptions/00000000-0000-0000-0000-000000000000/resourceGroups/cli_test_vm_custom_ip000001/providers/Microsoft.Network/publicIPAddresses/vrfvmzPublicIP\"\r\n
        \         },\r\n          \"subnet\": {\r\n            \"id\": \"/subscriptions/00000000-0000-0000-0000-000000000000/resourceGroups/cli_test_vm_custom_ip000001/providers/Microsoft.Network/virtualNetworks/vrfvmzVNET/subnets/vrfvmzSubnet\"\r\n
        \         },\r\n          \"primary\": true,\r\n          \"privateIPAddressVersion\":
        \"IPv4\"\r\n        }\r\n      }\r\n    ],\r\n    \"dnsSettings\": {\r\n      \"dnsServers\":
        [],\r\n      \"appliedDnsServers\": [],\r\n      \"internalDomainNameSuffix\":
        \"2fe45n5ozm4u1nliqpcnqudgah.dx.internal.cloudapp.net\"\r\n    },\r\n    \"macAddress\":
        \"00-0D-3A-37-AF-AA\",\r\n    \"enableAcceleratedNetworking\": false,\r\n
        \   \"enableIPForwarding\": false,\r\n    \"networkSecurityGroup\": {\r\n
        \     \"id\": \"/subscriptions/00000000-0000-0000-0000-000000000000/resourceGroups/cli_test_vm_custom_ip000001/providers/Microsoft.Network/networkSecurityGroups/vrfvmzNSG\"\r\n
        \   },\r\n    \"primary\": true,\r\n    \"virtualMachine\": {\r\n      \"id\":
        \"/subscriptions/00000000-0000-0000-0000-000000000000/resourceGroups/cli_test_vm_custom_ip000001/providers/Microsoft.Compute/virtualMachines/vrfvmz\"\r\n
        \   },\r\n    \"hostedWorkloads\": [],\r\n    \"tapConfigurations\": []\r\n
        \ },\r\n  \"type\": \"Microsoft.Network/networkInterfaces\"\r\n}"
    headers:
      cache-control:
      - no-cache
      content-length:
      - '2655'
      content-type:
      - application/json; charset=utf-8
      date:
      - Wed, 01 May 2019 21:31:27 GMT
      etag:
      - W/"34dead86-2d4b-49ad-b1f0-12692ac54848"
      expires:
      - '-1'
      pragma:
      - no-cache
      server:
      - Microsoft-HTTPAPI/2.0
      - Microsoft-HTTPAPI/2.0
      strict-transport-security:
      - max-age=31536000; includeSubDomains
      transfer-encoding:
      - chunked
      vary:
      - Accept-Encoding
      x-content-type-options:
      - nosniff
    status:
      code: 200
      message: OK
- request:
    body: null
    headers:
      Accept:
      - application/json
      Accept-Encoding:
      - gzip, deflate
      CommandName:
      - vm create
      Connection:
      - keep-alive
      ParameterSetName:
      - -n -g --image --admin-username --generate-ssh-keys
      User-Agent:
      - python/3.7.3 (Windows-10-10.0.17763-SP0) msrest/0.6.6 msrest_azure/0.6.0 resourcemanagementclient/2.1.0
        Azure-SDK-For-Python AZURECLI/2.0.63
      accept-language:
      - en-US
    method: GET
    uri: https://management.azure.com/subscriptions/00000000-0000-0000-0000-000000000000/resourcegroups/cli_test_vm_custom_ip000001?api-version=2018-05-01
  response:
    body:
      string: '{"id":"/subscriptions/00000000-0000-0000-0000-000000000000/resourceGroups/cli_test_vm_custom_ip000001","name":"cli_test_vm_custom_ip000001","location":"westus","tags":{"product":"azurecli","cause":"automation","date":"2019-05-01T21:28:10Z"},"properties":{"provisioningState":"Succeeded"}}'
    headers:
      cache-control:
      - no-cache
      content-length:
      - '384'
      content-type:
      - application/json; charset=utf-8
      date:
      - Wed, 01 May 2019 21:31:28 GMT
      expires:
      - '-1'
      pragma:
      - no-cache
      strict-transport-security:
      - max-age=31536000; includeSubDomains
      vary:
      - Accept-Encoding
      x-content-type-options:
      - nosniff
    status:
      code: 200
      message: OK
- request:
    body: null
    headers:
      Accept:
      - '*/*'
      Accept-Encoding:
      - gzip, deflate
      Connection:
      - keep-alive
      User-Agent:
      - python-requests/2.21.0
    method: GET
    uri: https://raw.githubusercontent.com/Azure/azure-rest-api-specs/master/arm-compute/quickstart-templates/aliases.json
  response:
    body:
      string: "{\n  \"$schema\":\"http://schema.management.azure.com/schemas/2015-01-01/deploymentTemplate.json\",\n
        \ \"contentVersion\":\"1.0.0.0\",\n  \"parameters\":{},\n  \"variables\":{},\n
        \ \"resources\":[],\n\n  \"outputs\":{\n    \"aliases\":{\n      \"type\":\"object\",\n
        \     \"value\":{\n\n        \"Linux\":{\n          \"CentOS\":{\n            \"publisher\":\"OpenLogic\",\n
        \           \"offer\":\"CentOS\",\n            \"sku\":\"7.5\",\n            \"version\":\"latest\"\n
        \         },\n          \"CoreOS\":{\n            \"publisher\":\"CoreOS\",\n
        \           \"offer\":\"CoreOS\",\n            \"sku\":\"Stable\",\n            \"version\":\"latest\"\n
        \         },\n          \"Debian\":{\n            \"publisher\":\"credativ\",\n
        \           \"offer\":\"Debian\",\n            \"sku\":\"9\",\n            \"version\":\"latest\"\n
        \         },\n          \"openSUSE-Leap\": {\n            \"publisher\":\"SUSE\",\n
        \           \"offer\":\"openSUSE-Leap\",\n            \"sku\":\"42.3\",\n
        \           \"version\": \"latest\"\n          },\n          \"RHEL\":{\n
        \           \"publisher\":\"RedHat\",\n            \"offer\":\"RHEL\",\n            \"sku\":\"7-RAW\",\n
        \           \"version\":\"latest\"\n          },\n          \"SLES\":{\n            \"publisher\":\"SUSE\",\n
        \           \"offer\":\"SLES\",\n            \"sku\":\"15\",\n            \"version\":\"latest\"\n
        \         },\n          \"UbuntuLTS\":{\n            \"publisher\":\"Canonical\",\n
        \           \"offer\":\"UbuntuServer\",\n            \"sku\":\"18.04-LTS\",\n
        \           \"version\":\"latest\"\n          }\n        },\n\n        \"Windows\":{\n
        \         \"Win2019Datacenter\":{\n            \"publisher\":\"MicrosoftWindowsServer\",\n
        \           \"offer\":\"WindowsServer\",\n            \"sku\":\"2019-Datacenter\",\n
        \           \"version\":\"latest\"\n          },\n          \"Win2016Datacenter\":{\n
        \           \"publisher\":\"MicrosoftWindowsServer\",\n            \"offer\":\"WindowsServer\",\n
        \           \"sku\":\"2016-Datacenter\",\n            \"version\":\"latest\"\n
        \         },\n          \"Win2012R2Datacenter\":{\n            \"publisher\":\"MicrosoftWindowsServer\",\n
        \           \"offer\":\"WindowsServer\",\n            \"sku\":\"2012-R2-Datacenter\",\n
        \           \"version\":\"latest\"\n          },\n          \"Win2012Datacenter\":{\n
        \           \"publisher\":\"MicrosoftWindowsServer\",\n            \"offer\":\"WindowsServer\",\n
        \           \"sku\":\"2012-Datacenter\",\n            \"version\":\"latest\"\n
        \         },\n          \"Win2008R2SP1\":{\n            \"publisher\":\"MicrosoftWindowsServer\",\n
        \           \"offer\":\"WindowsServer\",\n            \"sku\":\"2008-R2-SP1\",\n
        \           \"version\":\"latest\"\n          }\n        }\n      }\n    }\n
        \ }\n}\n"
    headers:
      accept-ranges:
      - bytes
      access-control-allow-origin:
      - '*'
      cache-control:
      - max-age=300
      connection:
      - keep-alive
      content-length:
      - '2433'
      content-security-policy:
      - default-src 'none'; style-src 'unsafe-inline'; sandbox
      content-type:
      - text/plain; charset=utf-8
      date:
      - Wed, 01 May 2019 21:31:28 GMT
      etag:
      - '"f5944d69cdbfb4a2bb2ddda8c5f050bde5bbcb32"'
      expires:
      - Wed, 01 May 2019 21:36:28 GMT
      source-age:
      - '236'
      strict-transport-security:
      - max-age=31536000
      vary:
      - Authorization,Accept-Encoding
      via:
      - 1.1 varnish
      x-cache:
      - HIT
      x-cache-hits:
      - '1'
      x-content-type-options:
      - nosniff
      x-fastly-request-id:
      - 6295e27d8f3d5a69165a534d95762d6dd9b61edd
      x-frame-options:
      - deny
      x-geo-block-list:
      - ''
      x-github-request-id:
      - E908:4A7D:B15A4:C8EA7:5CCA0F43
      x-served-by:
      - cache-sea1025-SEA
      x-timer:
      - S1556746289.638049,VS0,VE1
      x-xss-protection:
      - 1; mode=block
    status:
      code: 200
      message: OK
- request:
    body: null
    headers:
      Accept:
      - application/json
      Accept-Encoding:
      - gzip, deflate
      CommandName:
      - vm create
      Connection:
      - keep-alive
      ParameterSetName:
      - -n -g --image --admin-username --generate-ssh-keys
      User-Agent:
      - python/3.7.3 (Windows-10-10.0.17763-SP0) msrest/0.6.6 msrest_azure/0.6.0 networkmanagementclient/2.7.0
        Azure-SDK-For-Python AZURECLI/2.0.63
      accept-language:
      - en-US
    method: GET
    uri: https://management.azure.com/subscriptions/00000000-0000-0000-0000-000000000000/resourceGroups/cli_test_vm_custom_ip000001/providers/Microsoft.Network/virtualNetworks?api-version=2018-01-01
  response:
    body:
      string: "{\r\n  \"value\": [\r\n    {\r\n      \"name\": \"vrfvmzVNET\",\r\n
        \     \"id\": \"/subscriptions/00000000-0000-0000-0000-000000000000/resourceGroups/cli_test_vm_custom_ip000001/providers/Microsoft.Network/virtualNetworks/vrfvmzVNET\",\r\n
        \     \"etag\": \"W/\\\"dba7a076-d9aa-4815-bb58-41e990c61eec\\\"\",\r\n      \"type\":
        \"Microsoft.Network/virtualNetworks\",\r\n      \"location\": \"westus\",\r\n
        \     \"tags\": {},\r\n      \"properties\": {\r\n        \"provisioningState\":
        \"Succeeded\",\r\n        \"resourceGuid\": \"b7ef49e1-cbee-4d3d-b568-83c4d8506607\",\r\n
        \       \"addressSpace\": {\r\n          \"addressPrefixes\": [\r\n            \"10.0.0.0/16\"\r\n
        \         ]\r\n        },\r\n        \"subnets\": [\r\n          {\r\n            \"name\":
        \"vrfvmzSubnet\",\r\n            \"id\": \"/subscriptions/00000000-0000-0000-0000-000000000000/resourceGroups/cli_test_vm_custom_ip000001/providers/Microsoft.Network/virtualNetworks/vrfvmzVNET/subnets/vrfvmzSubnet\",\r\n
        \           \"etag\": \"W/\\\"dba7a076-d9aa-4815-bb58-41e990c61eec\\\"\",\r\n
        \           \"properties\": {\r\n              \"provisioningState\": \"Succeeded\",\r\n
        \             \"addressPrefix\": \"10.0.0.0/24\",\r\n              \"networkSecurityGroup\":
        {\r\n                \"id\": \"/subscriptions/00000000-0000-0000-0000-000000000000/resourceGroups/cleanupservice/providers/Microsoft.Network/networkSecurityGroups/rg-cleanupservice-nsg2\"\r\n
        \             },\r\n              \"ipConfigurations\": [\r\n                {\r\n
        \                 \"id\": \"/subscriptions/00000000-0000-0000-0000-000000000000/resourceGroups/cli_test_vm_custom_ip000001/providers/Microsoft.Network/networkInterfaces/vrfvmzVMNic/ipConfigurations/ipconfigvrfvmz\"\r\n
        \               }\r\n              ]\r\n            },\r\n            \"type\":
        \"Microsoft.Network/virtualNetworks/subnets\"\r\n          }\r\n        ],\r\n
        \       \"virtualNetworkPeerings\": [],\r\n        \"enableDdosProtection\":
        false,\r\n        \"enableVmProtection\": false\r\n      }\r\n    }\r\n  ]\r\n}"
    headers:
      cache-control:
      - no-cache
      content-length:
      - '2010'
      content-type:
      - application/json; charset=utf-8
      date:
      - Wed, 01 May 2019 21:31:28 GMT
      expires:
      - '-1'
      pragma:
      - no-cache
      server:
      - Microsoft-HTTPAPI/2.0
      - Microsoft-HTTPAPI/2.0
      strict-transport-security:
      - max-age=31536000; includeSubDomains
      transfer-encoding:
      - chunked
      vary:
      - Accept-Encoding
      x-content-type-options:
      - nosniff
    status:
      code: 200
      message: OK
- request:
    body: 'b''{"properties": {"template": {"$schema": "https://schema.management.azure.com/schemas/2015-01-01/deploymentTemplate.json#",
      "contentVersion": "1.0.0.0", "parameters": {}, "variables": {}, "resources":
      [{"type": "Microsoft.Network/networkSecurityGroups", "name": "vrfvmz2NSG", "apiVersion":
      "2015-06-15", "location": "westus", "tags": {}, "dependsOn": [], "properties":
      {"securityRules": [{"name": "default-allow-ssh", "properties": {"protocol":
      "Tcp", "sourcePortRange": "*", "destinationPortRange": "22", "sourceAddressPrefix":
      "*", "destinationAddressPrefix": "*", "access": "Allow", "priority": 1000, "direction":
      "Inbound"}}]}}, {"apiVersion": "2018-01-01", "type": "Microsoft.Network/publicIPAddresses",
      "name": "vrfvmz2PublicIP", "location": "westus", "tags": {}, "dependsOn": [],
      "properties": {"publicIPAllocationMethod": null}}, {"apiVersion": "2015-06-15",
      "type": "Microsoft.Network/networkInterfaces", "name": "vrfvmz2VMNic", "location":
      "westus", "tags": {}, "dependsOn": ["Microsoft.Network/networkSecurityGroups/vrfvmz2NSG",
      "Microsoft.Network/publicIpAddresses/vrfvmz2PublicIP"], "properties": {"ipConfigurations":
      [{"name": "ipconfigvrfvmz2", "properties": {"privateIPAllocationMethod": "Dynamic",
      "subnet": {"id": "/subscriptions/00000000-0000-0000-0000-000000000000/resourceGroups/cli_test_vm_custom_ip000001/providers/Microsoft.Network/virtualNetworks/vrfvmzVNET/subnets/vrfvmzSubnet"},
      "publicIPAddress": {"id": "/subscriptions/00000000-0000-0000-0000-000000000000/resourceGroups/cli_test_vm_custom_ip000001/providers/Microsoft.Network/publicIPAddresses/vrfvmz2PublicIP"}}}],
      "networkSecurityGroup": {"id": "/subscriptions/00000000-0000-0000-0000-000000000000/resourceGroups/cli_test_vm_custom_ip000001/providers/Microsoft.Network/networkSecurityGroups/vrfvmz2NSG"}}},
      {"apiVersion": "2019-03-01", "type": "Microsoft.Compute/virtualMachines", "name":
      "vrfvmz2", "location": "westus", "tags": {}, "dependsOn": ["Microsoft.Network/networkInterfaces/vrfvmz2VMNic"],
      "properties": {"hardwareProfile": {"vmSize": "Standard_DS1_v2"}, "networkProfile":
      {"networkInterfaces": [{"id": "/subscriptions/00000000-0000-0000-0000-000000000000/resourceGroups/cli_test_vm_custom_ip000001/providers/Microsoft.Network/networkInterfaces/vrfvmz2VMNic"}]},
      "storageProfile": {"osDisk": {"createOption": "fromImage", "name": null, "caching":
      "ReadWrite", "managedDisk": {"storageAccountType": null}}, "imageReference":
      {"publisher": "SUSE", "offer": "openSUSE-Leap", "sku": "42.3", "version": "latest"}},
      "osProfile": {"computerName": "vrfvmz2", "adminUsername": "user11", "linuxConfiguration":
      {"disablePasswordAuthentication": true, "ssh": {"publicKeys": [{"keyData": "ssh-rsa
      AAAAB3NzaC1yc2EAAAADAQABAAABAQC4xSa1bULpASwcksWn8m2P3e+Wl9YpJtrlcOhOTB5tNhXVmzdJUaufGLJE6Np/Bra+wF7ISfXcWM4Zo7WBiUerL6tgSh9qBISF5Glu/yH3eLCpCRKvNomlQGNTMuhrnDMiV2PuP0KAbiCdjF9ZrI1XQYIqiml0ftGMXz5VVKJA4rgUGPkn+M+jO2OoDg+JAuav6w+g3Tmq+oqk3ecGp9iXVnM66bKv3ud26dqCIpcutXvIspr3Vs5vjs8+XuckvkeouGci6TizWruWNi71wf4kh/E6zKV5kKs8oPMI0Gh315wf6Yn1hMyCYZjy7MeH+q90FzZ0YqeB2Xj5DoufLSDF",
      "path": "/home/user11/.ssh/authorized_keys"}]}}}}}], "outputs": {}}, "parameters":
      {}, "mode": "Incremental"}}'''
    headers:
      Accept:
      - application/json
      Accept-Encoding:
      - gzip, deflate
      CommandName:
      - vm create
      Connection:
      - keep-alive
      Content-Length:
      - '3354'
      Content-Type:
      - application/json; charset=utf-8
      ParameterSetName:
      - -n -g --image --admin-username --generate-ssh-keys
      User-Agent:
      - python/3.7.3 (Windows-10-10.0.17763-SP0) msrest/0.6.6 msrest_azure/0.6.0 resourcemanagementclient/2.1.0
        Azure-SDK-For-Python AZURECLI/2.0.63
      accept-language:
      - en-US
    method: PUT
    uri: https://management.azure.com/subscriptions/00000000-0000-0000-0000-000000000000/resourcegroups/cli_test_vm_custom_ip000001/providers/Microsoft.Resources/deployments/mock-deployment?api-version=2018-05-01
  response:
    body:
      string: '{"id":"/subscriptions/00000000-0000-0000-0000-000000000000/resourceGroups/cli_test_vm_custom_ip000001/providers/Microsoft.Resources/deployments/vm_deploy_5iUOEcNu04JcTvswKleSoagmezG2Zg8M","name":"vm_deploy_5iUOEcNu04JcTvswKleSoagmezG2Zg8M","properties":{"templateHash":"16119106105717560652","parameters":{},"mode":"Incremental","provisioningState":"Accepted","timestamp":"2019-05-01T21:31:33.5397998Z","duration":"PT1.0947532S","correlationId":"97e10d3c-ed9e-4d7d-958e-6bfb8f3214ed","providers":[{"namespace":"Microsoft.Network","resourceTypes":[{"resourceType":"networkSecurityGroups","locations":["westus"]},{"resourceType":"publicIPAddresses","locations":["westus"]},{"resourceType":"networkInterfaces","locations":["westus"]}]},{"namespace":"Microsoft.Compute","resourceTypes":[{"resourceType":"virtualMachines","locations":["westus"]}]}],"dependencies":[{"dependsOn":[{"id":"/subscriptions/00000000-0000-0000-0000-000000000000/resourceGroups/cli_test_vm_custom_ip000001/providers/Microsoft.Network/networkSecurityGroups/vrfvmz2NSG","resourceType":"Microsoft.Network/networkSecurityGroups","resourceName":"vrfvmz2NSG"},{"id":"/subscriptions/00000000-0000-0000-0000-000000000000/resourceGroups/cli_test_vm_custom_ip000001/providers/Microsoft.Network/publicIPAddresses/vrfvmz2PublicIP","resourceType":"Microsoft.Network/publicIPAddresses","resourceName":"vrfvmz2PublicIP"}],"id":"/subscriptions/00000000-0000-0000-0000-000000000000/resourceGroups/cli_test_vm_custom_ip000001/providers/Microsoft.Network/networkInterfaces/vrfvmz2VMNic","resourceType":"Microsoft.Network/networkInterfaces","resourceName":"vrfvmz2VMNic"},{"dependsOn":[{"id":"/subscriptions/00000000-0000-0000-0000-000000000000/resourceGroups/cli_test_vm_custom_ip000001/providers/Microsoft.Network/networkInterfaces/vrfvmz2VMNic","resourceType":"Microsoft.Network/networkInterfaces","resourceName":"vrfvmz2VMNic"}],"id":"/subscriptions/00000000-0000-0000-0000-000000000000/resourceGroups/cli_test_vm_custom_ip000001/providers/Microsoft.Compute/virtualMachines/vrfvmz2","resourceType":"Microsoft.Compute/virtualMachines","resourceName":"vrfvmz2"}]}}'
    headers:
      azure-asyncoperation:
      - https://management.azure.com/subscriptions/00000000-0000-0000-0000-000000000000/resourcegroups/cli_test_vm_custom_ip000001/providers/Microsoft.Resources/deployments/vm_deploy_5iUOEcNu04JcTvswKleSoagmezG2Zg8M/operationStatuses/08586448605930325782?api-version=2018-05-01
      cache-control:
      - no-cache
      content-length:
      - '2404'
      content-type:
      - application/json; charset=utf-8
      date:
      - Wed, 01 May 2019 21:31:33 GMT
      expires:
      - '-1'
      pragma:
      - no-cache
      strict-transport-security:
      - max-age=31536000; includeSubDomains
      x-content-type-options:
      - nosniff
      x-ms-ratelimit-remaining-subscription-writes:
      - '1191'
    status:
      code: 201
      message: Created
- request:
    body: null
    headers:
      Accept:
      - application/json
      Accept-Encoding:
      - gzip, deflate
      CommandName:
      - vm create
      Connection:
      - keep-alive
      ParameterSetName:
      - -n -g --image --admin-username --generate-ssh-keys
      User-Agent:
      - python/3.7.3 (Windows-10-10.0.17763-SP0) msrest/0.6.6 msrest_azure/0.6.0 resourcemanagementclient/2.1.0
        Azure-SDK-For-Python AZURECLI/2.0.63
    method: GET
    uri: https://management.azure.com/subscriptions/00000000-0000-0000-0000-000000000000/resourcegroups/cli_test_vm_custom_ip000001/providers/Microsoft.Resources/deployments/mock-deployment/operationStatuses/08586448605930325782?api-version=2018-05-01
  response:
    body:
      string: '{"status":"Running"}'
    headers:
      cache-control:
      - no-cache
      content-length:
      - '20'
      content-type:
      - application/json; charset=utf-8
      date:
      - Wed, 01 May 2019 21:32:03 GMT
      expires:
      - '-1'
      pragma:
      - no-cache
      strict-transport-security:
      - max-age=31536000; includeSubDomains
      vary:
      - Accept-Encoding
      x-content-type-options:
      - nosniff
    status:
      code: 200
      message: OK
- request:
    body: null
    headers:
      Accept:
      - application/json
      Accept-Encoding:
      - gzip, deflate
      CommandName:
      - vm create
      Connection:
      - keep-alive
      ParameterSetName:
      - -n -g --image --admin-username --generate-ssh-keys
      User-Agent:
      - python/3.7.3 (Windows-10-10.0.17763-SP0) msrest/0.6.6 msrest_azure/0.6.0 resourcemanagementclient/2.1.0
        Azure-SDK-For-Python AZURECLI/2.0.63
    method: GET
    uri: https://management.azure.com/subscriptions/00000000-0000-0000-0000-000000000000/resourcegroups/cli_test_vm_custom_ip000001/providers/Microsoft.Resources/deployments/mock-deployment/operationStatuses/08586448605930325782?api-version=2018-05-01
  response:
    body:
      string: '{"status":"Running"}'
    headers:
      cache-control:
      - no-cache
      content-length:
      - '20'
      content-type:
      - application/json; charset=utf-8
      date:
      - Wed, 01 May 2019 21:32:34 GMT
      expires:
      - '-1'
      pragma:
      - no-cache
      strict-transport-security:
      - max-age=31536000; includeSubDomains
      vary:
      - Accept-Encoding
      x-content-type-options:
      - nosniff
    status:
      code: 200
      message: OK
- request:
    body: null
    headers:
      Accept:
      - application/json
      Accept-Encoding:
      - gzip, deflate
      CommandName:
      - vm create
      Connection:
      - keep-alive
      ParameterSetName:
      - -n -g --image --admin-username --generate-ssh-keys
      User-Agent:
      - python/3.7.3 (Windows-10-10.0.17763-SP0) msrest/0.6.6 msrest_azure/0.6.0 resourcemanagementclient/2.1.0
        Azure-SDK-For-Python AZURECLI/2.0.63
    method: GET
    uri: https://management.azure.com/subscriptions/00000000-0000-0000-0000-000000000000/resourcegroups/cli_test_vm_custom_ip000001/providers/Microsoft.Resources/deployments/mock-deployment/operationStatuses/08586448605930325782?api-version=2018-05-01
  response:
    body:
      string: '{"status":"Running"}'
    headers:
      cache-control:
      - no-cache
      content-length:
      - '20'
      content-type:
      - application/json; charset=utf-8
      date:
      - Wed, 01 May 2019 21:33:05 GMT
      expires:
      - '-1'
      pragma:
      - no-cache
      strict-transport-security:
      - max-age=31536000; includeSubDomains
      vary:
      - Accept-Encoding
      x-content-type-options:
      - nosniff
    status:
      code: 200
      message: OK
- request:
    body: null
    headers:
      Accept:
      - application/json
      Accept-Encoding:
      - gzip, deflate
      CommandName:
      - vm create
      Connection:
      - keep-alive
      ParameterSetName:
      - -n -g --image --admin-username --generate-ssh-keys
      User-Agent:
      - python/3.7.3 (Windows-10-10.0.17763-SP0) msrest/0.6.6 msrest_azure/0.6.0 resourcemanagementclient/2.1.0
        Azure-SDK-For-Python AZURECLI/2.0.63
    method: GET
    uri: https://management.azure.com/subscriptions/00000000-0000-0000-0000-000000000000/resourcegroups/cli_test_vm_custom_ip000001/providers/Microsoft.Resources/deployments/mock-deployment/operationStatuses/08586448605930325782?api-version=2018-05-01
  response:
    body:
      string: '{"status":"Running"}'
    headers:
      cache-control:
      - no-cache
      content-length:
      - '20'
      content-type:
      - application/json; charset=utf-8
      date:
      - Wed, 01 May 2019 21:33:35 GMT
      expires:
      - '-1'
      pragma:
      - no-cache
      strict-transport-security:
      - max-age=31536000; includeSubDomains
      vary:
      - Accept-Encoding
      x-content-type-options:
      - nosniff
    status:
      code: 200
      message: OK
- request:
    body: null
    headers:
      Accept:
      - application/json
      Accept-Encoding:
      - gzip, deflate
      CommandName:
      - vm create
      Connection:
      - keep-alive
      ParameterSetName:
      - -n -g --image --admin-username --generate-ssh-keys
      User-Agent:
      - python/3.7.3 (Windows-10-10.0.17763-SP0) msrest/0.6.6 msrest_azure/0.6.0 resourcemanagementclient/2.1.0
        Azure-SDK-For-Python AZURECLI/2.0.63
    method: GET
    uri: https://management.azure.com/subscriptions/00000000-0000-0000-0000-000000000000/resourcegroups/cli_test_vm_custom_ip000001/providers/Microsoft.Resources/deployments/mock-deployment/operationStatuses/08586448605930325782?api-version=2018-05-01
  response:
    body:
      string: '{"status":"Running"}'
    headers:
      cache-control:
      - no-cache
      content-length:
      - '20'
      content-type:
      - application/json; charset=utf-8
      date:
      - Wed, 01 May 2019 21:34:06 GMT
      expires:
      - '-1'
      pragma:
      - no-cache
      strict-transport-security:
      - max-age=31536000; includeSubDomains
      vary:
      - Accept-Encoding
      x-content-type-options:
      - nosniff
    status:
      code: 200
      message: OK
- request:
    body: null
    headers:
      Accept:
      - application/json
      Accept-Encoding:
      - gzip, deflate
      CommandName:
      - vm create
      Connection:
      - keep-alive
      ParameterSetName:
      - -n -g --image --admin-username --generate-ssh-keys
      User-Agent:
      - python/3.7.3 (Windows-10-10.0.17763-SP0) msrest/0.6.6 msrest_azure/0.6.0 resourcemanagementclient/2.1.0
        Azure-SDK-For-Python AZURECLI/2.0.63
    method: GET
    uri: https://management.azure.com/subscriptions/00000000-0000-0000-0000-000000000000/resourcegroups/cli_test_vm_custom_ip000001/providers/Microsoft.Resources/deployments/mock-deployment/operationStatuses/08586448605930325782?api-version=2018-05-01
  response:
    body:
      string: '{"status":"Succeeded"}'
    headers:
      cache-control:
      - no-cache
      content-length:
      - '22'
      content-type:
      - application/json; charset=utf-8
      date:
      - Wed, 01 May 2019 21:34:36 GMT
      expires:
      - '-1'
      pragma:
      - no-cache
      strict-transport-security:
      - max-age=31536000; includeSubDomains
      vary:
      - Accept-Encoding
      x-content-type-options:
      - nosniff
    status:
      code: 200
      message: OK
- request:
    body: null
    headers:
      Accept:
      - application/json
      Accept-Encoding:
      - gzip, deflate
      CommandName:
      - vm create
      Connection:
      - keep-alive
      ParameterSetName:
      - -n -g --image --admin-username --generate-ssh-keys
      User-Agent:
      - python/3.7.3 (Windows-10-10.0.17763-SP0) msrest/0.6.6 msrest_azure/0.6.0 resourcemanagementclient/2.1.0
        Azure-SDK-For-Python AZURECLI/2.0.63
    method: GET
    uri: https://management.azure.com/subscriptions/00000000-0000-0000-0000-000000000000/resourcegroups/cli_test_vm_custom_ip000001/providers/Microsoft.Resources/deployments/mock-deployment?api-version=2018-05-01
  response:
    body:
      string: '{"id":"/subscriptions/00000000-0000-0000-0000-000000000000/resourceGroups/cli_test_vm_custom_ip000001/providers/Microsoft.Resources/deployments/vm_deploy_5iUOEcNu04JcTvswKleSoagmezG2Zg8M","name":"vm_deploy_5iUOEcNu04JcTvswKleSoagmezG2Zg8M","properties":{"templateHash":"16119106105717560652","parameters":{},"mode":"Incremental","provisioningState":"Succeeded","timestamp":"2019-05-01T21:34:17.4844181Z","duration":"PT2M45.0393715S","correlationId":"97e10d3c-ed9e-4d7d-958e-6bfb8f3214ed","providers":[{"namespace":"Microsoft.Network","resourceTypes":[{"resourceType":"networkSecurityGroups","locations":["westus"]},{"resourceType":"publicIPAddresses","locations":["westus"]},{"resourceType":"networkInterfaces","locations":["westus"]}]},{"namespace":"Microsoft.Compute","resourceTypes":[{"resourceType":"virtualMachines","locations":["westus"]}]}],"dependencies":[{"dependsOn":[{"id":"/subscriptions/00000000-0000-0000-0000-000000000000/resourceGroups/cli_test_vm_custom_ip000001/providers/Microsoft.Network/networkSecurityGroups/vrfvmz2NSG","resourceType":"Microsoft.Network/networkSecurityGroups","resourceName":"vrfvmz2NSG"},{"id":"/subscriptions/00000000-0000-0000-0000-000000000000/resourceGroups/cli_test_vm_custom_ip000001/providers/Microsoft.Network/publicIPAddresses/vrfvmz2PublicIP","resourceType":"Microsoft.Network/publicIPAddresses","resourceName":"vrfvmz2PublicIP"}],"id":"/subscriptions/00000000-0000-0000-0000-000000000000/resourceGroups/cli_test_vm_custom_ip000001/providers/Microsoft.Network/networkInterfaces/vrfvmz2VMNic","resourceType":"Microsoft.Network/networkInterfaces","resourceName":"vrfvmz2VMNic"},{"dependsOn":[{"id":"/subscriptions/00000000-0000-0000-0000-000000000000/resourceGroups/cli_test_vm_custom_ip000001/providers/Microsoft.Network/networkInterfaces/vrfvmz2VMNic","resourceType":"Microsoft.Network/networkInterfaces","resourceName":"vrfvmz2VMNic"}],"id":"/subscriptions/00000000-0000-0000-0000-000000000000/resourceGroups/cli_test_vm_custom_ip000001/providers/Microsoft.Compute/virtualMachines/vrfvmz2","resourceType":"Microsoft.Compute/virtualMachines","resourceName":"vrfvmz2"}],"outputs":{},"outputResources":[{"id":"/subscriptions/00000000-0000-0000-0000-000000000000/resourceGroups/cli_test_vm_custom_ip000001/providers/Microsoft.Compute/virtualMachines/vrfvmz2"},{"id":"/subscriptions/00000000-0000-0000-0000-000000000000/resourceGroups/cli_test_vm_custom_ip000001/providers/Microsoft.Network/networkInterfaces/vrfvmz2VMNic"},{"id":"/subscriptions/00000000-0000-0000-0000-000000000000/resourceGroups/cli_test_vm_custom_ip000001/providers/Microsoft.Network/networkSecurityGroups/vrfvmz2NSG"},{"id":"/subscriptions/00000000-0000-0000-0000-000000000000/resourceGroups/cli_test_vm_custom_ip000001/providers/Microsoft.Network/publicIPAddresses/vrfvmz2PublicIP"}]}}'
    headers:
      cache-control:
      - no-cache
      content-length:
      - '3283'
      content-type:
      - application/json; charset=utf-8
      date:
      - Wed, 01 May 2019 21:34:37 GMT
      expires:
      - '-1'
      pragma:
      - no-cache
      strict-transport-security:
      - max-age=31536000; includeSubDomains
      vary:
      - Accept-Encoding
      x-content-type-options:
      - nosniff
    status:
      code: 200
      message: OK
- request:
    body: null
    headers:
      Accept:
      - application/json
      Accept-Encoding:
      - gzip, deflate
      CommandName:
      - vm create
      Connection:
      - keep-alive
      ParameterSetName:
      - -n -g --image --admin-username --generate-ssh-keys
      User-Agent:
      - python/3.7.3 (Windows-10-10.0.17763-SP0) msrest/0.6.6 msrest_azure/0.6.0 computemanagementclient/5.0.0
        Azure-SDK-For-Python AZURECLI/2.0.63
      accept-language:
      - en-US
    method: GET
    uri: https://management.azure.com/subscriptions/00000000-0000-0000-0000-000000000000/resourceGroups/cli_test_vm_custom_ip000001/providers/Microsoft.Compute/virtualMachines/vrfvmz2?$expand=instanceView&api-version=2019-03-01
  response:
    body:
      string: "{\r\n  \"properties\": {\r\n    \"vmId\": \"00708012-4def-4186-b520-b046a763a055\",\r\n
        \   \"hardwareProfile\": {\r\n      \"vmSize\": \"Standard_DS1_v2\"\r\n    },\r\n
        \   \"storageProfile\": {\r\n      \"imageReference\": {\r\n        \"publisher\":
        \"SUSE\",\r\n        \"offer\": \"openSUSE-Leap\",\r\n        \"sku\": \"42.3\",\r\n
        \       \"version\": \"latest\"\r\n      },\r\n      \"osDisk\": {\r\n        \"osType\":
        \"Linux\",\r\n        \"name\": \"vrfvmz2_OsDisk_1_90443f3a43504ba3850ca89ccffc8967\",\r\n
        \       \"createOption\": \"FromImage\",\r\n        \"caching\": \"ReadWrite\",\r\n
        \       \"managedDisk\": {\r\n          \"storageAccountType\": \"Premium_LRS\",\r\n
        \         \"id\": \"/subscriptions/00000000-0000-0000-0000-000000000000/resourceGroups/cli_test_vm_custom_ip000001/providers/Microsoft.Compute/disks/vrfvmz2_OsDisk_1_90443f3a43504ba3850ca89ccffc8967\"\r\n
        \       },\r\n        \"diskSizeGB\": 30\r\n      },\r\n      \"dataDisks\":
        []\r\n    },\r\n    \"osProfile\": {\r\n      \"computerName\": \"vrfvmz2\",\r\n
        \     \"adminUsername\": \"user11\",\r\n      \"linuxConfiguration\": {\r\n
        \       \"disablePasswordAuthentication\": true,\r\n        \"ssh\": {\r\n
        \         \"publicKeys\": [\r\n            {\r\n              \"path\": \"/home/user11/.ssh/authorized_keys\",\r\n
        \             \"keyData\": \"ssh-rsa AAAAB3NzaC1yc2EAAAADAQABAAABAQC4xSa1bULpASwcksWn8m2P3e+Wl9YpJtrlcOhOTB5tNhXVmzdJUaufGLJE6Np/Bra+wF7ISfXcWM4Zo7WBiUerL6tgSh9qBISF5Glu/yH3eLCpCRKvNomlQGNTMuhrnDMiV2PuP0KAbiCdjF9ZrI1XQYIqiml0ftGMXz5VVKJA4rgUGPkn+M+jO2OoDg+JAuav6w+g3Tmq+oqk3ecGp9iXVnM66bKv3ud26dqCIpcutXvIspr3Vs5vjs8+XuckvkeouGci6TizWruWNi71wf4kh/E6zKV5kKs8oPMI0Gh315wf6Yn1hMyCYZjy7MeH+q90FzZ0YqeB2Xj5DoufLSDF\"\r\n
        \           }\r\n          ]\r\n        },\r\n        \"provisionVMAgent\":
        true\r\n      },\r\n      \"secrets\": [],\r\n      \"allowExtensionOperations\":
        true,\r\n      \"requireGuestProvisionSignal\": true\r\n    },\r\n    \"networkProfile\":
        {\"networkInterfaces\":[{\"id\":\"/subscriptions/00000000-0000-0000-0000-000000000000/resourceGroups/cli_test_vm_custom_ip000001/providers/Microsoft.Network/networkInterfaces/vrfvmz2VMNic\"}]},\r\n
        \   \"provisioningState\": \"Succeeded\",\r\n    \"instanceView\": {\r\n      \"computerName\":
        \"vrfvmz2\",\r\n      \"osName\": \"suse\",\r\n      \"osVersion\": \"42.3\",\r\n
        \     \"vmAgent\": {\r\n        \"vmAgentVersion\": \"2.2.18\",\r\n        \"statuses\":
        [\r\n          {\r\n            \"code\": \"ProvisioningState/succeeded\",\r\n
        \           \"level\": \"Info\",\r\n            \"displayStatus\": \"Ready\",\r\n
        \           \"message\": \"Guest Agent is running\",\r\n            \"time\":
        \"2019-05-01T21:34:35+00:00\"\r\n          }\r\n        ],\r\n        \"extensionHandlers\":
        []\r\n      },\r\n      \"disks\": [\r\n        {\r\n          \"name\": \"vrfvmz2_OsDisk_1_90443f3a43504ba3850ca89ccffc8967\",\r\n
        \         \"statuses\": [\r\n            {\r\n              \"code\": \"ProvisioningState/succeeded\",\r\n
        \             \"level\": \"Info\",\r\n              \"displayStatus\": \"Provisioning
        succeeded\",\r\n              \"time\": \"2019-05-01T21:31:47.9114404+00:00\"\r\n
        \           }\r\n          ]\r\n        }\r\n      ],\r\n      \"statuses\":
        [\r\n        {\r\n          \"code\": \"ProvisioningState/succeeded\",\r\n
        \         \"level\": \"Info\",\r\n          \"displayStatus\": \"Provisioning
        succeeded\",\r\n          \"time\": \"2019-05-01T21:34:14.9114294+00:00\"\r\n
        \       },\r\n        {\r\n          \"code\": \"PowerState/running\",\r\n
        \         \"level\": \"Info\",\r\n          \"displayStatus\": \"VM running\"\r\n
        \       }\r\n      ]\r\n    }\r\n  },\r\n  \"type\": \"Microsoft.Compute/virtualMachines\",\r\n
        \ \"location\": \"westus\",\r\n  \"tags\": {},\r\n  \"id\": \"/subscriptions/00000000-0000-0000-0000-000000000000/resourceGroups/cli_test_vm_custom_ip000001/providers/Microsoft.Compute/virtualMachines/vrfvmz2\",\r\n
        \ \"name\": \"vrfvmz2\"\r\n}"
    headers:
      cache-control:
      - no-cache
      content-length:
      - '3689'
      content-type:
      - application/json; charset=utf-8
      date:
      - Wed, 01 May 2019 21:34:37 GMT
      expires:
      - '-1'
      pragma:
      - no-cache
      server:
      - Microsoft-HTTPAPI/2.0
      - Microsoft-HTTPAPI/2.0
      strict-transport-security:
      - max-age=31536000; includeSubDomains
      transfer-encoding:
      - chunked
      vary:
      - Accept-Encoding
      x-content-type-options:
      - nosniff
      x-ms-ratelimit-remaining-resource:
      - Microsoft.Compute/LowCostGet3Min;3983,Microsoft.Compute/LowCostGet30Min;31957
    status:
      code: 200
      message: OK
- request:
    body: null
    headers:
      Accept:
      - application/json
      Accept-Encoding:
      - gzip, deflate
      CommandName:
      - vm create
      Connection:
      - keep-alive
      ParameterSetName:
      - -n -g --image --admin-username --generate-ssh-keys
      User-Agent:
      - python/3.7.3 (Windows-10-10.0.17763-SP0) msrest/0.6.6 msrest_azure/0.6.0 networkmanagementclient/2.7.0
        Azure-SDK-For-Python AZURECLI/2.0.63
      accept-language:
      - en-US
    method: GET
    uri: https://management.azure.com/subscriptions/00000000-0000-0000-0000-000000000000/resourceGroups/cli_test_vm_custom_ip000001/providers/Microsoft.Network/networkInterfaces/vrfvmz2VMNic?api-version=2018-01-01
  response:
    body:
      string: "{\r\n  \"name\": \"vrfvmz2VMNic\",\r\n  \"id\": \"/subscriptions/00000000-0000-0000-0000-000000000000/resourceGroups/cli_test_vm_custom_ip000001/providers/Microsoft.Network/networkInterfaces/vrfvmz2VMNic\",\r\n
        \ \"etag\": \"W/\\\"49ddcb10-62f9-4f20-ad06-66075ddd69d7\\\"\",\r\n  \"location\":
        \"westus\",\r\n  \"tags\": {},\r\n  \"properties\": {\r\n    \"provisioningState\":
        \"Succeeded\",\r\n    \"resourceGuid\": \"ccf5c663-1bf5-42e8-8717-de917b86bf4b\",\r\n
        \   \"ipConfigurations\": [\r\n      {\r\n        \"name\": \"ipconfigvrfvmz2\",\r\n
        \       \"id\": \"/subscriptions/00000000-0000-0000-0000-000000000000/resourceGroups/cli_test_vm_custom_ip000001/providers/Microsoft.Network/networkInterfaces/vrfvmz2VMNic/ipConfigurations/ipconfigvrfvmz2\",\r\n
        \       \"etag\": \"W/\\\"49ddcb10-62f9-4f20-ad06-66075ddd69d7\\\"\",\r\n
        \       \"type\": \"Microsoft.Network/networkInterfaces/ipConfigurations\",\r\n
        \       \"properties\": {\r\n          \"provisioningState\": \"Succeeded\",\r\n
        \         \"privateIPAddress\": \"10.0.0.4\",\r\n          \"privateIPAllocationMethod\":
        \"Dynamic\",\r\n          \"publicIPAddress\": {\r\n            \"id\": \"/subscriptions/00000000-0000-0000-0000-000000000000/resourceGroups/cli_test_vm_custom_ip000001/providers/Microsoft.Network/publicIPAddresses/vrfvmz2PublicIP\"\r\n
        \         },\r\n          \"subnet\": {\r\n            \"id\": \"/subscriptions/00000000-0000-0000-0000-000000000000/resourceGroups/cli_test_vm_custom_ip000001/providers/Microsoft.Network/virtualNetworks/vrfvmzVNET/subnets/vrfvmzSubnet\"\r\n
        \         },\r\n          \"primary\": true,\r\n          \"privateIPAddressVersion\":
        \"IPv4\"\r\n        }\r\n      }\r\n    ],\r\n    \"dnsSettings\": {\r\n      \"dnsServers\":
        [],\r\n      \"appliedDnsServers\": [],\r\n      \"internalDomainNameSuffix\":
        \"2fe45n5ozm4u1nliqpcnqudgah.dx.internal.cloudapp.net\"\r\n    },\r\n    \"macAddress\":
        \"00-0D-3A-37-A9-99\",\r\n    \"enableAcceleratedNetworking\": false,\r\n
        \   \"enableIPForwarding\": false,\r\n    \"networkSecurityGroup\": {\r\n
        \     \"id\": \"/subscriptions/00000000-0000-0000-0000-000000000000/resourceGroups/cli_test_vm_custom_ip000001/providers/Microsoft.Network/networkSecurityGroups/vrfvmz2NSG\"\r\n
        \   },\r\n    \"primary\": true,\r\n    \"virtualMachine\": {\r\n      \"id\":
        \"/subscriptions/00000000-0000-0000-0000-000000000000/resourceGroups/cli_test_vm_custom_ip000001/providers/Microsoft.Compute/virtualMachines/vrfvmz2\"\r\n
        \   }\r\n  },\r\n  \"type\": \"Microsoft.Network/networkInterfaces\"\r\n}"
    headers:
      cache-control:
      - no-cache
      content-length:
      - '2606'
      content-type:
      - application/json; charset=utf-8
      date:
      - Wed, 01 May 2019 21:34:38 GMT
      etag:
      - W/"49ddcb10-62f9-4f20-ad06-66075ddd69d7"
      expires:
      - '-1'
      pragma:
      - no-cache
      server:
      - Microsoft-HTTPAPI/2.0
      - Microsoft-HTTPAPI/2.0
      strict-transport-security:
      - max-age=31536000; includeSubDomains
      transfer-encoding:
      - chunked
      vary:
      - Accept-Encoding
      x-content-type-options:
      - nosniff
    status:
      code: 200
      message: OK
- request:
    body: null
    headers:
      Accept:
      - application/json
      Accept-Encoding:
      - gzip, deflate
      CommandName:
      - vm create
      Connection:
      - keep-alive
      ParameterSetName:
      - -n -g --image --admin-username --generate-ssh-keys
      User-Agent:
      - python/3.7.3 (Windows-10-10.0.17763-SP0) msrest/0.6.6 msrest_azure/0.6.0 networkmanagementclient/2.7.0
        Azure-SDK-For-Python AZURECLI/2.0.63
      accept-language:
      - en-US
    method: GET
    uri: https://management.azure.com/subscriptions/00000000-0000-0000-0000-000000000000/resourceGroups/cli_test_vm_custom_ip000001/providers/Microsoft.Network/publicIPAddresses/vrfvmz2PublicIP?api-version=2018-01-01
  response:
    body:
      string: "{\r\n  \"name\": \"vrfvmz2PublicIP\",\r\n  \"id\": \"/subscriptions/00000000-0000-0000-0000-000000000000/resourceGroups/cli_test_vm_custom_ip000001/providers/Microsoft.Network/publicIPAddresses/vrfvmz2PublicIP\",\r\n
        \ \"etag\": \"W/\\\"b818b87a-4399-4971-9fe8-acf96e92fc88\\\"\",\r\n  \"location\":
        \"westus\",\r\n  \"tags\": {},\r\n  \"properties\": {\r\n    \"provisioningState\":
        \"Succeeded\",\r\n    \"resourceGuid\": \"1cb583cb-678d-42eb-93be-7842e2474100\",\r\n
        \   \"ipAddress\": \"13.91.90.148\",\r\n    \"publicIPAddressVersion\": \"IPv4\",\r\n
        \   \"publicIPAllocationMethod\": \"Dynamic\",\r\n    \"idleTimeoutInMinutes\":
        4,\r\n    \"ipTags\": [],\r\n    \"ipConfiguration\": {\r\n      \"id\": \"/subscriptions/00000000-0000-0000-0000-000000000000/resourceGroups/cli_test_vm_custom_ip000001/providers/Microsoft.Network/networkInterfaces/vrfvmz2VMNic/ipConfigurations/ipconfigvrfvmz2\"\r\n
        \   }\r\n  },\r\n  \"type\": \"Microsoft.Network/publicIPAddresses\",\r\n
        \ \"sku\": {\r\n    \"name\": \"Basic\",\r\n    \"tier\": \"Regional\"\r\n
        \ }\r\n}"
    headers:
      cache-control:
      - no-cache
      content-length:
      - '1037'
      content-type:
      - application/json; charset=utf-8
      date:
      - Wed, 01 May 2019 21:34:39 GMT
      etag:
      - W/"b818b87a-4399-4971-9fe8-acf96e92fc88"
      expires:
      - '-1'
      pragma:
      - no-cache
      server:
      - Microsoft-HTTPAPI/2.0
      - Microsoft-HTTPAPI/2.0
      strict-transport-security:
      - max-age=31536000; includeSubDomains
      transfer-encoding:
      - chunked
      vary:
      - Accept-Encoding
      x-content-type-options:
      - nosniff
    status:
      code: 200
      message: OK
- request:
    body: null
    headers:
      Accept:
      - application/json
      Accept-Encoding:
      - gzip, deflate
      CommandName:
      - network public-ip show
      Connection:
      - keep-alive
      ParameterSetName:
      - -n -g
      User-Agent:
      - python/3.7.3 (Windows-10-10.0.17763-SP0) msrest/0.6.6 msrest_azure/0.6.0 networkmanagementclient/2.7.0
        Azure-SDK-For-Python AZURECLI/2.0.63
      accept-language:
      - en-US
    method: GET
    uri: https://management.azure.com/subscriptions/00000000-0000-0000-0000-000000000000/resourceGroups/cli_test_vm_custom_ip000001/providers/Microsoft.Network/publicIPAddresses/vrfvmz2PublicIP?api-version=2019-02-01
  response:
    body:
      string: "{\r\n  \"name\": \"vrfvmz2PublicIP\",\r\n  \"id\": \"/subscriptions/00000000-0000-0000-0000-000000000000/resourceGroups/cli_test_vm_custom_ip000001/providers/Microsoft.Network/publicIPAddresses/vrfvmz2PublicIP\",\r\n
        \ \"etag\": \"W/\\\"b818b87a-4399-4971-9fe8-acf96e92fc88\\\"\",\r\n  \"location\":
        \"westus\",\r\n  \"tags\": {},\r\n  \"properties\": {\r\n    \"provisioningState\":
        \"Succeeded\",\r\n    \"resourceGuid\": \"1cb583cb-678d-42eb-93be-7842e2474100\",\r\n
        \   \"ipAddress\": \"13.91.90.148\",\r\n    \"publicIPAddressVersion\": \"IPv4\",\r\n
        \   \"publicIPAllocationMethod\": \"Dynamic\",\r\n    \"idleTimeoutInMinutes\":
        4,\r\n    \"ipTags\": [],\r\n    \"ipConfiguration\": {\r\n      \"id\": \"/subscriptions/00000000-0000-0000-0000-000000000000/resourceGroups/cli_test_vm_custom_ip000001/providers/Microsoft.Network/networkInterfaces/vrfvmz2VMNic/ipConfigurations/ipconfigvrfvmz2\"\r\n
        \   }\r\n  },\r\n  \"type\": \"Microsoft.Network/publicIPAddresses\",\r\n
        \ \"sku\": {\r\n    \"name\": \"Basic\",\r\n    \"tier\": \"Regional\"\r\n
        \ }\r\n}"
    headers:
      cache-control:
      - no-cache
      content-length:
      - '1037'
      content-type:
      - application/json; charset=utf-8
      date:
      - Wed, 01 May 2019 21:34:40 GMT
      etag:
      - W/"b818b87a-4399-4971-9fe8-acf96e92fc88"
      expires:
      - '-1'
      pragma:
      - no-cache
      server:
      - Microsoft-HTTPAPI/2.0
      - Microsoft-HTTPAPI/2.0
      strict-transport-security:
      - max-age=31536000; includeSubDomains
      transfer-encoding:
      - chunked
      vary:
      - Accept-Encoding
      x-content-type-options:
      - nosniff
    status:
      code: 200
      message: OK
- request:
    body: null
    headers:
      Accept:
      - application/json
      Accept-Encoding:
      - gzip, deflate
      CommandName:
      - group delete
      Connection:
      - keep-alive
      Content-Length:
      - '0'
      ParameterSetName:
      - --name --yes --no-wait
      User-Agent:
      - python/3.7.3 (Windows-10-10.0.17763-SP0) msrest/0.6.6 msrest_azure/0.6.0 resourcemanagementclient/2.1.0
        Azure-SDK-For-Python AZURECLI/2.0.63
      accept-language:
      - en-US
    method: DELETE
    uri: https://management.azure.com/subscriptions/00000000-0000-0000-0000-000000000000/resourcegroups/cli_test_vm_custom_ip000001?api-version=2018-05-01
  response:
    body:
      string: ''
    headers:
      cache-control:
      - no-cache
      content-length:
      - '0'
      date:
      - Wed, 01 May 2019 21:34:42 GMT
      expires:
      - '-1'
      location:
      - https://management.azure.com/subscriptions/00000000-0000-0000-0000-000000000000/operationresults/eyJqb2JJZCI6IlJFU09VUkNFR1JPVVBERUxFVElPTkpPQi1DTEk6NUZURVNUOjVGVk06NUZDVVNUT006NUZJUERYQkJZT0pIU1k1SUpZSVRMRXwzOTQzRjIwN0VFMjZDQTMxLVdFU1RVUyIsImpvYkxvY2F0aW9uIjoid2VzdHVzIn0?api-version=2018-05-01
      pragma:
      - no-cache
      strict-transport-security:
      - max-age=31536000; includeSubDomains
      x-content-type-options:
      - nosniff
      x-ms-ratelimit-remaining-subscription-deletes:
      - '14996'
    status:
      code: 202
      message: Accepted
version: 1
