interactions:
- request:
    body: '{"location": "westus", "tags": {"product": "azurecli", "cause": "automation",
      "date": "2019-02-15T20:48:30Z"}}'
    headers:
      Accept: [application/json]
      Accept-Encoding: ['gzip, deflate']
      CommandName: [group create]
      Connection: [keep-alive]
      Content-Length: ['110']
      Content-Type: [application/json; charset=utf-8]
      ParameterSetName: [--location --name --tag]
      User-Agent: [python/3.7.1 (Windows-10-10.0.17763-SP0) msrest/0.6.4 msrest_azure/0.6.0
          resourcemanagementclient/2.1.0 Azure-SDK-For-Python AZURECLI/2.0.59]
      accept-language: [en-US]
    method: PUT
    uri: https://management.azure.com/subscriptions/00000000-0000-0000-0000-000000000000/resourcegroups/cli_test_vmss_lb_sku000001?api-version=2018-05-01
  response:
    body: {string: '{"id":"/subscriptions/00000000-0000-0000-0000-000000000000/resourceGroups/cli_test_vmss_lb_sku000001","name":"cli_test_vmss_lb_sku000001","location":"westus","tags":{"product":"azurecli","cause":"automation","date":"2019-02-15T20:48:30Z"},"properties":{"provisioningState":"Succeeded"}}'}
    headers:
      cache-control: [no-cache]
      content-length: ['384']
      content-type: [application/json; charset=utf-8]
      date: ['Fri, 15 Feb 2019 20:48:30 GMT']
      expires: ['-1']
      pragma: [no-cache]
      strict-transport-security: [max-age=31536000; includeSubDomains]
      x-content-type-options: [nosniff]
      x-ms-ratelimit-remaining-subscription-writes: ['1197']
    status: {code: 201, message: Created}
- request:
    body: null
    headers:
      Accept: ['*/*']
      Accept-Encoding: ['gzip, deflate']
      Connection: [keep-alive]
      User-Agent: [python-requests/2.21.0]
    method: GET
    uri: https://raw.githubusercontent.com/Azure/azure-rest-api-specs/master/arm-compute/quickstart-templates/aliases.json
  response:
    body: {string: "{\n  \"$schema\":\"http://schema.management.azure.com/schemas/2015-01-01/deploymentTemplate.json\"\
        ,\n  \"contentVersion\":\"1.0.0.0\",\n  \"parameters\":{},\n  \"variables\"\
        :{},\n  \"resources\":[],\n\n  \"outputs\":{\n    \"aliases\":{\n      \"\
        type\":\"object\",\n      \"value\":{\n\n        \"Linux\":{\n          \"\
        CentOS\":{\n            \"publisher\":\"OpenLogic\",\n            \"offer\"\
        :\"CentOS\",\n            \"sku\":\"7.5\",\n            \"version\":\"latest\"\
        \n          },\n          \"CoreOS\":{\n            \"publisher\":\"CoreOS\"\
        ,\n            \"offer\":\"CoreOS\",\n            \"sku\":\"Stable\",\n  \
        \          \"version\":\"latest\"\n          },\n          \"Debian\":{\n\
        \            \"publisher\":\"credativ\",\n            \"offer\":\"Debian\"\
        ,\n            \"sku\":\"9\",\n            \"version\":\"latest\"\n      \
        \    },\n          \"openSUSE-Leap\": {\n            \"publisher\":\"SUSE\"\
        ,\n            \"offer\":\"openSUSE-Leap\",\n            \"sku\":\"42.3\"\
        ,\n            \"version\": \"latest\"\n          },\n          \"RHEL\":{\n\
        \            \"publisher\":\"RedHat\",\n            \"offer\":\"RHEL\",\n\
        \            \"sku\":\"7-RAW\",\n            \"version\":\"latest\"\n    \
        \      },\n          \"SLES\":{\n            \"publisher\":\"SUSE\",\n   \
        \         \"offer\":\"SLES\",\n            \"sku\":\"15\",\n            \"\
        version\":\"latest\"\n          },\n          \"UbuntuLTS\":{\n          \
        \  \"publisher\":\"Canonical\",\n            \"offer\":\"UbuntuServer\",\n\
        \            \"sku\":\"18.04-LTS\",\n            \"version\":\"latest\"\n\
        \          }\n        },\n\n        \"Windows\":{\n          \"Win2019Datacenter\"\
        :{\n            \"publisher\":\"MicrosoftWindowsServer\",\n            \"\
        offer\":\"WindowsServer\",\n            \"sku\":\"2019-Datacenter\",\n   \
        \         \"version\":\"latest\"\n          },\n          \"Win2016Datacenter\"\
        :{\n            \"publisher\":\"MicrosoftWindowsServer\",\n            \"\
        offer\":\"WindowsServer\",\n            \"sku\":\"2016-Datacenter\",\n   \
        \         \"version\":\"latest\"\n          },\n          \"Win2012R2Datacenter\"\
        :{\n            \"publisher\":\"MicrosoftWindowsServer\",\n            \"\
        offer\":\"WindowsServer\",\n            \"sku\":\"2012-R2-Datacenter\",\n\
        \            \"version\":\"latest\"\n          },\n          \"Win2012Datacenter\"\
        :{\n            \"publisher\":\"MicrosoftWindowsServer\",\n            \"\
        offer\":\"WindowsServer\",\n            \"sku\":\"2012-Datacenter\",\n   \
        \         \"version\":\"latest\"\n          },\n          \"Win2008R2SP1\"\
        :{\n            \"publisher\":\"MicrosoftWindowsServer\",\n            \"\
        offer\":\"WindowsServer\",\n            \"sku\":\"2008-R2-SP1\",\n       \
        \     \"version\":\"latest\"\n          }\n        }\n      }\n    }\n  }\n\
        }\n"}
    headers:
      accept-ranges: [bytes]
      access-control-allow-origin: ['*']
      cache-control: [max-age=300]
      connection: [keep-alive]
      content-length: ['2433']
      content-security-policy: [default-src 'none'; style-src 'unsafe-inline'; sandbox]
      content-type: [text/plain; charset=utf-8]
      date: ['Fri, 15 Feb 2019 20:48:31 GMT']
      etag: ['"f5944d69cdbfb4a2bb2ddda8c5f050bde5bbcb32"']
      expires: ['Fri, 15 Feb 2019 20:53:31 GMT']
      source-age: ['57']
      strict-transport-security: [max-age=31536000]
      vary: ['Authorization,Accept-Encoding']
      via: [1.1 varnish]
      x-cache: [HIT]
      x-cache-hits: ['1']
      x-content-type-options: [nosniff]
      x-fastly-request-id: [345d9fb4e693a7849555c035b88887cd86e8858b]
      x-frame-options: [deny]
      x-geo-block-list: ['']
      x-github-request-id: ['E214:942F:3E78E2:4100AE:5C672566']
      x-served-by: [cache-sea1048-SEA]
      x-timer: ['S1550263712.940795,VS0,VE0']
      x-xss-protection: [1; mode=block]
    status: {code: 200, message: OK}
- request:
    body: null
    headers:
      Accept: [application/json]
      Accept-Encoding: ['gzip, deflate']
      CommandName: [vmss create]
      Connection: [keep-alive]
      ParameterSetName: [-g -l -n --image --admin-username --admin-password]
      User-Agent: [python/3.7.1 (Windows-10-10.0.17763-SP0) msrest/0.6.4 msrest_azure/0.6.0
          networkmanagementclient/2.5.1 Azure-SDK-For-Python AZURECLI/2.0.59]
      accept-language: [en-US]
    method: GET
    uri: https://management.azure.com/subscriptions/00000000-0000-0000-0000-000000000000/resourceGroups/cli_test_vmss_lb_sku000001/providers/Microsoft.Network/virtualNetworks?api-version=2018-01-01
  response:
    body: {string: '{"value":[]}'}
    headers:
      cache-control: [no-cache]
      content-length: ['12']
      content-type: [application/json; charset=utf-8]
      date: ['Fri, 15 Feb 2019 20:48:31 GMT']
      expires: ['-1']
      pragma: [no-cache]
      strict-transport-security: [max-age=31536000; includeSubDomains]
      vary: [Accept-Encoding]
      x-content-type-options: [nosniff]
    status: {code: 200, message: OK}
- request:
    body: 'b''{"properties": {"template": {"$schema": "https://schema.management.azure.com/schemas/2015-01-01/deploymentTemplate.json#",
      "contentVersion": "1.0.0.0", "parameters": {"adminPassword": {"type": "securestring",
      "metadata": {"description": "Secure adminPassword"}}}, "variables": {}, "resources":
      [{"name": "vmss0VNET", "type": "Microsoft.Network/virtualNetworks", "location":
      "eastus2", "apiVersion": "2015-06-15", "dependsOn": [], "tags": {}, "properties":
      {"addressSpace": {"addressPrefixes": ["10.0.0.0/16"]}, "subnets": [{"name":
      "vmss0Subnet", "properties": {"addressPrefix": "10.0.0.0/24"}}]}}, {"apiVersion":
      "2018-01-01", "type": "Microsoft.Network/publicIPAddresses", "name": "vmss0LBPublicIP",
      "location": "eastus2", "tags": {}, "dependsOn": [], "properties": {"publicIPAllocationMethod":
      "Dynamic"}}, {"type": "Microsoft.Network/loadBalancers", "name": "vmss0LB",
      "location": "eastus2", "tags": {}, "apiVersion": "2018-01-01", "dependsOn":
      ["Microsoft.Network/virtualNetworks/vmss0VNET", "Microsoft.Network/publicIpAddresses/vmss0LBPublicIP"],
      "properties": {"backendAddressPools": [{"name": "vmss0LBBEPool"}], "inboundNatPools":
      [{"name": "vmss0LBNatPool", "properties": {"frontendIPConfiguration": {"id":
      "[concat(resourceId(\''Microsoft.Network/loadBalancers\'', \''vmss0LB\''), \''/frontendIPConfigurations/\'',
      \''loadBalancerFrontEnd\'')]"}, "protocol": "tcp", "frontendPortRangeStart":
      "50000", "frontendPortRangeEnd": "50119", "backendPort": 22}}], "frontendIPConfigurations":
      [{"name": "loadBalancerFrontEnd", "properties": {"publicIPAddress": {"id": "/subscriptions/00000000-0000-0000-0000-000000000000/resourceGroups/cli_test_vmss_lb_sku000001/providers/Microsoft.Network/publicIPAddresses/vmss0LBPublicIP"}}}]}},
      {"type": "Microsoft.Compute/virtualMachineScaleSets", "name": "vmss0", "location":
      "eastus2", "tags": {}, "apiVersion": "2018-10-01", "dependsOn": ["Microsoft.Network/virtualNetworks/vmss0VNET",
      "Microsoft.Network/loadBalancers/vmss0LB"], "sku": {"name": "Standard_DS1_v2",
      "capacity": 2}, "properties": {"overprovision": true, "upgradePolicy": {"mode":
      "manual"}, "virtualMachineProfile": {"storageProfile": {"osDisk": {"createOption":
      "FromImage", "caching": "ReadWrite", "managedDisk": {"storageAccountType": null}},
      "imageReference": {"publisher": "Canonical", "offer": "UbuntuServer", "sku":
      "18.04-LTS", "version": "latest"}}, "osProfile": {"computerNamePrefix": "vmss06157",
      "adminUsername": "admin123", "adminPassword": "[parameters(\''adminPassword\'')]"},
      "networkProfile": {"networkInterfaceConfigurations": [{"name": "vmss06157Nic",
      "properties": {"primary": "true", "ipConfigurations": [{"name": "vmss06157IPConfig",
      "properties": {"subnet": {"id": "/subscriptions/00000000-0000-0000-0000-000000000000/resourceGroups/cli_test_vmss_lb_sku000001/providers/Microsoft.Network/virtualNetworks/vmss0VNET/subnets/vmss0Subnet"},
      "loadBalancerBackendAddressPools": [{"id": "/subscriptions/00000000-0000-0000-0000-000000000000/resourceGroups/cli_test_vmss_lb_sku000001/providers/Microsoft.Network/loadBalancers/vmss0LB/backendAddressPools/vmss0LBBEPool"}],
      "loadBalancerInboundNatPools": [{"id": "/subscriptions/00000000-0000-0000-0000-000000000000/resourceGroups/cli_test_vmss_lb_sku000001/providers/Microsoft.Network/loadBalancers/vmss0LB/inboundNatPools/vmss0LBNatPool"}]}}]}}]}},
      "singlePlacementGroup": null}}], "outputs": {"VMSS": {"type": "object", "value":
      "[reference(resourceId(\''Microsoft.Compute/virtualMachineScaleSets\'', \''vmss0\''),providers(\''Microsoft.Compute\'',
      \''virtualMachineScaleSets\'').apiVersions[0])]"}}}, "parameters": {"adminPassword":
      {"value": "PasswordPassword1!"}}, "mode": "Incremental"}}'''
    headers:
      Accept: [application/json]
      Accept-Encoding: ['gzip, deflate']
      CommandName: [vmss create]
      Connection: [keep-alive]
      Content-Length: ['3824']
      Content-Type: [application/json; charset=utf-8]
      ParameterSetName: [-g -l -n --image --admin-username --admin-password]
      User-Agent: [python/3.7.1 (Windows-10-10.0.17763-SP0) msrest/0.6.4 msrest_azure/0.6.0
          resourcemanagementclient/2.1.0 Azure-SDK-For-Python AZURECLI/2.0.59]
      accept-language: [en-US]
    method: PUT
    uri: https://management.azure.com/subscriptions/00000000-0000-0000-0000-000000000000/resourcegroups/cli_test_vmss_lb_sku000001/providers/Microsoft.Resources/deployments/mock-deployment?api-version=2018-05-01
  response:
    body: {string: '{"id":"/subscriptions/00000000-0000-0000-0000-000000000000/resourceGroups/cli_test_vmss_lb_sku000001/providers/Microsoft.Resources/deployments/vmss_deploy_jlkfv5ldxZYqJGZaOOEvAy0vU5wSYfFv","name":"vmss_deploy_jlkfv5ldxZYqJGZaOOEvAy0vU5wSYfFv","properties":{"templateHash":"3964657680613625913","parameters":{"adminPassword":{"type":"SecureString"}},"mode":"Incremental","provisioningState":"Accepted","timestamp":"2019-02-15T20:48:35.3416218Z","duration":"PT1.3998107S","correlationId":"9d1fc7d9-6833-4c93-9f5a-c71bbe6b1d46","providers":[{"namespace":"Microsoft.Network","resourceTypes":[{"resourceType":"virtualNetworks","locations":["eastus2"]},{"resourceType":"publicIPAddresses","locations":["eastus2"]},{"resourceType":"loadBalancers","locations":["eastus2"]}]},{"namespace":"Microsoft.Compute","resourceTypes":[{"resourceType":"virtualMachineScaleSets","locations":["eastus2"]}]}],"dependencies":[{"dependsOn":[{"id":"/subscriptions/00000000-0000-0000-0000-000000000000/resourceGroups/cli_test_vmss_lb_sku000001/providers/Microsoft.Network/virtualNetworks/vmss0VNET","resourceType":"Microsoft.Network/virtualNetworks","resourceName":"vmss0VNET"},{"id":"/subscriptions/00000000-0000-0000-0000-000000000000/resourceGroups/cli_test_vmss_lb_sku000001/providers/Microsoft.Network/publicIPAddresses/vmss0LBPublicIP","resourceType":"Microsoft.Network/publicIPAddresses","resourceName":"vmss0LBPublicIP"}],"id":"/subscriptions/00000000-0000-0000-0000-000000000000/resourceGroups/cli_test_vmss_lb_sku000001/providers/Microsoft.Network/loadBalancers/vmss0LB","resourceType":"Microsoft.Network/loadBalancers","resourceName":"vmss0LB"},{"dependsOn":[{"id":"/subscriptions/00000000-0000-0000-0000-000000000000/resourceGroups/cli_test_vmss_lb_sku000001/providers/Microsoft.Network/virtualNetworks/vmss0VNET","resourceType":"Microsoft.Network/virtualNetworks","resourceName":"vmss0VNET"},{"id":"/subscriptions/00000000-0000-0000-0000-000000000000/resourceGroups/cli_test_vmss_lb_sku000001/providers/Microsoft.Network/loadBalancers/vmss0LB","resourceType":"Microsoft.Network/loadBalancers","resourceName":"vmss0LB"}],"id":"/subscriptions/00000000-0000-0000-0000-000000000000/resourceGroups/cli_test_vmss_lb_sku000001/providers/Microsoft.Compute/virtualMachineScaleSets/vmss0","resourceType":"Microsoft.Compute/virtualMachineScaleSets","resourceName":"vmss0"}]}}'}
    headers:
      azure-asyncoperation: ['https://management.azure.com/subscriptions/00000000-0000-0000-0000-000000000000/resourcegroups/cli_test_vmss_lb_sku000001/providers/Microsoft.Resources/deployments/vmss_deploy_jlkfv5ldxZYqJGZaOOEvAy0vU5wSYfFv/operationStatuses/08586513431715358149?api-version=2018-05-01']
      cache-control: [no-cache]
      content-length: ['2694']
      content-type: [application/json; charset=utf-8]
      date: ['Fri, 15 Feb 2019 20:48:35 GMT']
      expires: ['-1']
      pragma: [no-cache]
      strict-transport-security: [max-age=31536000; includeSubDomains]
      x-content-type-options: [nosniff]
      x-ms-ratelimit-remaining-subscription-writes: ['1199']
    status: {code: 201, message: Created}
- request:
    body: null
    headers:
      Accept: [application/json]
      Accept-Encoding: ['gzip, deflate']
      CommandName: [vmss create]
      Connection: [keep-alive]
      ParameterSetName: [-g -l -n --image --admin-username --admin-password]
      User-Agent: [python/3.7.1 (Windows-10-10.0.17763-SP0) msrest/0.6.4 msrest_azure/0.6.0
          resourcemanagementclient/2.1.0 Azure-SDK-For-Python AZURECLI/2.0.59]
    method: GET
    uri: https://management.azure.com/subscriptions/00000000-0000-0000-0000-000000000000/resourcegroups/cli_test_vmss_lb_sku000001/providers/Microsoft.Resources/deployments/mock-deployment/operationStatuses/08586513431715358149?api-version=2018-05-01
  response:
    body: {string: '{"status":"Running"}'}
    headers:
      cache-control: [no-cache]
      content-length: ['20']
      content-type: [application/json; charset=utf-8]
      date: ['Fri, 15 Feb 2019 20:49:05 GMT']
      expires: ['-1']
      pragma: [no-cache]
      strict-transport-security: [max-age=31536000; includeSubDomains]
      vary: [Accept-Encoding]
      x-content-type-options: [nosniff]
    status: {code: 200, message: OK}
- request:
    body: null
    headers:
      Accept: [application/json]
      Accept-Encoding: ['gzip, deflate']
      CommandName: [vmss create]
      Connection: [keep-alive]
      ParameterSetName: [-g -l -n --image --admin-username --admin-password]
      User-Agent: [python/3.7.1 (Windows-10-10.0.17763-SP0) msrest/0.6.4 msrest_azure/0.6.0
          resourcemanagementclient/2.1.0 Azure-SDK-For-Python AZURECLI/2.0.59]
    method: GET
    uri: https://management.azure.com/subscriptions/00000000-0000-0000-0000-000000000000/resourcegroups/cli_test_vmss_lb_sku000001/providers/Microsoft.Resources/deployments/mock-deployment/operationStatuses/08586513431715358149?api-version=2018-05-01
  response:
    body: {string: '{"status":"Running"}'}
    headers:
      cache-control: [no-cache]
      content-length: ['20']
      content-type: [application/json; charset=utf-8]
      date: ['Fri, 15 Feb 2019 20:49:35 GMT']
      expires: ['-1']
      pragma: [no-cache]
      strict-transport-security: [max-age=31536000; includeSubDomains]
      vary: [Accept-Encoding]
      x-content-type-options: [nosniff]
    status: {code: 200, message: OK}
- request:
    body: null
    headers:
      Accept: [application/json]
      Accept-Encoding: ['gzip, deflate']
      CommandName: [vmss create]
      Connection: [keep-alive]
      ParameterSetName: [-g -l -n --image --admin-username --admin-password]
      User-Agent: [python/3.7.1 (Windows-10-10.0.17763-SP0) msrest/0.6.4 msrest_azure/0.6.0
          resourcemanagementclient/2.1.0 Azure-SDK-For-Python AZURECLI/2.0.59]
    method: GET
    uri: https://management.azure.com/subscriptions/00000000-0000-0000-0000-000000000000/resourcegroups/cli_test_vmss_lb_sku000001/providers/Microsoft.Resources/deployments/mock-deployment/operationStatuses/08586513431715358149?api-version=2018-05-01
  response:
    body: {string: '{"status":"Running"}'}
    headers:
      cache-control: [no-cache]
      content-length: ['20']
      content-type: [application/json; charset=utf-8]
      date: ['Fri, 15 Feb 2019 20:50:05 GMT']
      expires: ['-1']
      pragma: [no-cache]
      strict-transport-security: [max-age=31536000; includeSubDomains]
      vary: [Accept-Encoding]
      x-content-type-options: [nosniff]
    status: {code: 200, message: OK}
- request:
    body: null
    headers:
      Accept: [application/json]
      Accept-Encoding: ['gzip, deflate']
      CommandName: [vmss create]
      Connection: [keep-alive]
      ParameterSetName: [-g -l -n --image --admin-username --admin-password]
      User-Agent: [python/3.7.1 (Windows-10-10.0.17763-SP0) msrest/0.6.4 msrest_azure/0.6.0
          resourcemanagementclient/2.1.0 Azure-SDK-For-Python AZURECLI/2.0.59]
    method: GET
    uri: https://management.azure.com/subscriptions/00000000-0000-0000-0000-000000000000/resourcegroups/cli_test_vmss_lb_sku000001/providers/Microsoft.Resources/deployments/mock-deployment/operationStatuses/08586513431715358149?api-version=2018-05-01
  response:
    body: {string: '{"status":"Running"}'}
    headers:
      cache-control: [no-cache]
      content-length: ['20']
      content-type: [application/json; charset=utf-8]
      date: ['Fri, 15 Feb 2019 20:50:36 GMT']
      expires: ['-1']
      pragma: [no-cache]
      strict-transport-security: [max-age=31536000; includeSubDomains]
      vary: [Accept-Encoding]
      x-content-type-options: [nosniff]
    status: {code: 200, message: OK}
- request:
    body: null
    headers:
      Accept: [application/json]
      Accept-Encoding: ['gzip, deflate']
      CommandName: [vmss create]
      Connection: [keep-alive]
      ParameterSetName: [-g -l -n --image --admin-username --admin-password]
      User-Agent: [python/3.7.1 (Windows-10-10.0.17763-SP0) msrest/0.6.4 msrest_azure/0.6.0
          resourcemanagementclient/2.1.0 Azure-SDK-For-Python AZURECLI/2.0.59]
    method: GET
    uri: https://management.azure.com/subscriptions/00000000-0000-0000-0000-000000000000/resourcegroups/cli_test_vmss_lb_sku000001/providers/Microsoft.Resources/deployments/mock-deployment/operationStatuses/08586513431715358149?api-version=2018-05-01
  response:
    body: {string: '{"status":"Succeeded"}'}
    headers:
      cache-control: [no-cache]
      content-length: ['22']
      content-type: [application/json; charset=utf-8]
      date: ['Fri, 15 Feb 2019 20:51:06 GMT']
      expires: ['-1']
      pragma: [no-cache]
      strict-transport-security: [max-age=31536000; includeSubDomains]
      vary: [Accept-Encoding]
      x-content-type-options: [nosniff]
    status: {code: 200, message: OK}
- request:
    body: null
    headers:
      Accept: [application/json]
      Accept-Encoding: ['gzip, deflate']
      CommandName: [vmss create]
      Connection: [keep-alive]
      ParameterSetName: [-g -l -n --image --admin-username --admin-password]
      User-Agent: [python/3.7.1 (Windows-10-10.0.17763-SP0) msrest/0.6.4 msrest_azure/0.6.0
          resourcemanagementclient/2.1.0 Azure-SDK-For-Python AZURECLI/2.0.59]
    method: GET
    uri: https://management.azure.com/subscriptions/00000000-0000-0000-0000-000000000000/resourcegroups/cli_test_vmss_lb_sku000001/providers/Microsoft.Resources/deployments/mock-deployment?api-version=2018-05-01
  response:
    body: {string: '{"id":"/subscriptions/00000000-0000-0000-0000-000000000000/resourceGroups/cli_test_vmss_lb_sku000001/providers/Microsoft.Resources/deployments/vmss_deploy_jlkfv5ldxZYqJGZaOOEvAy0vU5wSYfFv","name":"vmss_deploy_jlkfv5ldxZYqJGZaOOEvAy0vU5wSYfFv","properties":{"templateHash":"3964657680613625913","parameters":{"adminPassword":{"type":"SecureString"}},"mode":"Incremental","provisioningState":"Succeeded","timestamp":"2019-02-15T20:50:36.6178717Z","duration":"PT2M2.6760606S","correlationId":"9d1fc7d9-6833-4c93-9f5a-c71bbe6b1d46","providers":[{"namespace":"Microsoft.Network","resourceTypes":[{"resourceType":"virtualNetworks","locations":["eastus2"]},{"resourceType":"publicIPAddresses","locations":["eastus2"]},{"resourceType":"loadBalancers","locations":["eastus2"]}]},{"namespace":"Microsoft.Compute","resourceTypes":[{"resourceType":"virtualMachineScaleSets","locations":["eastus2"]}]}],"dependencies":[{"dependsOn":[{"id":"/subscriptions/00000000-0000-0000-0000-000000000000/resourceGroups/cli_test_vmss_lb_sku000001/providers/Microsoft.Network/virtualNetworks/vmss0VNET","resourceType":"Microsoft.Network/virtualNetworks","resourceName":"vmss0VNET"},{"id":"/subscriptions/00000000-0000-0000-0000-000000000000/resourceGroups/cli_test_vmss_lb_sku000001/providers/Microsoft.Network/publicIPAddresses/vmss0LBPublicIP","resourceType":"Microsoft.Network/publicIPAddresses","resourceName":"vmss0LBPublicIP"}],"id":"/subscriptions/00000000-0000-0000-0000-000000000000/resourceGroups/cli_test_vmss_lb_sku000001/providers/Microsoft.Network/loadBalancers/vmss0LB","resourceType":"Microsoft.Network/loadBalancers","resourceName":"vmss0LB"},{"dependsOn":[{"id":"/subscriptions/00000000-0000-0000-0000-000000000000/resourceGroups/cli_test_vmss_lb_sku000001/providers/Microsoft.Network/virtualNetworks/vmss0VNET","resourceType":"Microsoft.Network/virtualNetworks","resourceName":"vmss0VNET"},{"id":"/subscriptions/00000000-0000-0000-0000-000000000000/resourceGroups/cli_test_vmss_lb_sku000001/providers/Microsoft.Network/loadBalancers/vmss0LB","resourceType":"Microsoft.Network/loadBalancers","resourceName":"vmss0LB"}],"id":"/subscriptions/00000000-0000-0000-0000-000000000000/resourceGroups/cli_test_vmss_lb_sku000001/providers/Microsoft.Compute/virtualMachineScaleSets/vmss0","resourceType":"Microsoft.Compute/virtualMachineScaleSets","resourceName":"vmss0"}],"outputs":{"vmss":{"type":"Object","value":{"singlePlacementGroup":true,"upgradePolicy":{"mode":"Manual"},"virtualMachineProfile":{"osProfile":{"computerNamePrefix":"vmss06157","adminUsername":"admin123","linuxConfiguration":{"disablePasswordAuthentication":false,"provisionVMAgent":true},"secrets":[],"allowExtensionOperations":true,"requireGuestProvisionSignal":true},"storageProfile":{"osDisk":{"createOption":"FromImage","caching":"ReadWrite","managedDisk":{"storageAccountType":"Premium_LRS"}},"imageReference":{"publisher":"Canonical","offer":"UbuntuServer","sku":"18.04-LTS","version":"latest"}},"networkProfile":{"networkInterfaceConfigurations":[{"name":"vmss06157Nic","properties":{"primary":true,"enableAcceleratedNetworking":false,"dnsSettings":{"dnsServers":[]},"enableIPForwarding":false,"ipConfigurations":[{"name":"vmss06157IPConfig","properties":{"subnet":{"id":"/subscriptions/00000000-0000-0000-0000-000000000000/resourceGroups/cli_test_vmss_lb_sku000001/providers/Microsoft.Network/virtualNetworks/vmss0VNET/subnets/vmss0Subnet"},"privateIPAddressVersion":"IPv4","loadBalancerBackendAddressPools":[{"id":"/subscriptions/00000000-0000-0000-0000-000000000000/resourceGroups/cli_test_vmss_lb_sku000001/providers/Microsoft.Network/loadBalancers/vmss0LB/backendAddressPools/vmss0LBBEPool"}],"loadBalancerInboundNatPools":[{"id":"/subscriptions/00000000-0000-0000-0000-000000000000/resourceGroups/cli_test_vmss_lb_sku000001/providers/Microsoft.Network/loadBalancers/vmss0LB/inboundNatPools/vmss0LBNatPool"}]}}]}}]}},"provisioningState":"Succeeded","overprovision":true,"uniqueId":"21f5d410-3626-4dde-90ec-e99642dbe3c7"}}},"outputResources":[{"id":"/subscriptions/00000000-0000-0000-0000-000000000000/resourceGroups/cli_test_vmss_lb_sku000001/providers/Microsoft.Compute/virtualMachineScaleSets/vmss0"},{"id":"/subscriptions/00000000-0000-0000-0000-000000000000/resourceGroups/cli_test_vmss_lb_sku000001/providers/Microsoft.Network/loadBalancers/vmss0LB"},{"id":"/subscriptions/00000000-0000-0000-0000-000000000000/resourceGroups/cli_test_vmss_lb_sku000001/providers/Microsoft.Network/publicIPAddresses/vmss0LBPublicIP"},{"id":"/subscriptions/00000000-0000-0000-0000-000000000000/resourceGroups/cli_test_vmss_lb_sku000001/providers/Microsoft.Network/virtualNetworks/vmss0VNET"}]}}'}
    headers:
      cache-control: [no-cache]
      content-length: ['5332']
      content-type: [application/json; charset=utf-8]
      date: ['Fri, 15 Feb 2019 20:51:06 GMT']
      expires: ['-1']
      pragma: [no-cache]
      strict-transport-security: [max-age=31536000; includeSubDomains]
      vary: [Accept-Encoding]
      x-content-type-options: [nosniff]
    status: {code: 200, message: OK}
- request:
    body: null
    headers:
      Accept: [application/json]
      Accept-Encoding: ['gzip, deflate']
      CommandName: [network lb list]
      Connection: [keep-alive]
      ParameterSetName: [-g]
      User-Agent: [python/3.7.1 (Windows-10-10.0.17763-SP0) msrest/0.6.4 msrest_azure/0.6.0
          networkmanagementclient/2.5.1 Azure-SDK-For-Python AZURECLI/2.0.59]
      accept-language: [en-US]
    method: GET
    uri: https://management.azure.com/subscriptions/00000000-0000-0000-0000-000000000000/resourceGroups/cli_test_vmss_lb_sku000001/providers/Microsoft.Network/loadBalancers?api-version=2018-12-01
  response:
    body: {string: "{\r\n  \"value\": [\r\n    {\r\n      \"name\": \"vmss0LB\",\r\
        \n      \"id\": \"/subscriptions/00000000-0000-0000-0000-000000000000/resourceGroups/cli_test_vmss_lb_sku000001/providers/Microsoft.Network/loadBalancers/vmss0LB\"\
        ,\r\n      \"etag\": \"W/\\\"35119c74-a122-47b3-acb3-da550c22c9de\\\"\",\r\
        \n      \"type\": \"Microsoft.Network/loadBalancers\",\r\n      \"location\"\
        : \"eastus2\",\r\n      \"tags\": {},\r\n      \"properties\": {\r\n     \
        \   \"provisioningState\": \"Succeeded\",\r\n        \"resourceGuid\": \"\
        ebf38707-5512-4cce-bff4-ee52b3d25a10\",\r\n        \"frontendIPConfigurations\"\
        : [\r\n          {\r\n            \"name\": \"loadBalancerFrontEnd\",\r\n\
        \            \"id\": \"/subscriptions/00000000-0000-0000-0000-000000000000/resourceGroups/cli_test_vmss_lb_sku000001/providers/Microsoft.Network/loadBalancers/vmss0LB/frontendIPConfigurations/loadBalancerFrontEnd\"\
        ,\r\n            \"etag\": \"W/\\\"35119c74-a122-47b3-acb3-da550c22c9de\\\"\
        \",\r\n            \"type\": \"Microsoft.Network/loadBalancers/frontendIPConfigurations\"\
        ,\r\n            \"properties\": {\r\n              \"provisioningState\"\
        : \"Succeeded\",\r\n              \"privateIPAllocationMethod\": \"Dynamic\"\
        ,\r\n              \"publicIPAddress\": {\r\n                \"id\": \"/subscriptions/00000000-0000-0000-0000-000000000000/resourceGroups/cli_test_vmss_lb_sku000001/providers/Microsoft.Network/publicIPAddresses/vmss0LBPublicIP\"\
        \r\n              },\r\n              \"inboundNatRules\": [\r\n         \
        \       {\r\n                  \"id\": \"/subscriptions/00000000-0000-0000-0000-000000000000/resourceGroups/cli_test_vmss_lb_sku000001/providers/Microsoft.Network/loadBalancers/vmss0LB/inboundNatRules/vmss0LBNatPool.0\"\
        \r\n                },\r\n                {\r\n                  \"id\": \"\
        /subscriptions/00000000-0000-0000-0000-000000000000/resourceGroups/cli_test_vmss_lb_sku000001/providers/Microsoft.Network/loadBalancers/vmss0LB/inboundNatRules/vmss0LBNatPool.3\"\
        \r\n                }\r\n              ],\r\n              \"inboundNatPools\"\
        : [\r\n                {\r\n                  \"id\": \"/subscriptions/00000000-0000-0000-0000-000000000000/resourceGroups/cli_test_vmss_lb_sku000001/providers/Microsoft.Network/loadBalancers/vmss0LB/inboundNatPools/vmss0LBNatPool\"\
        \r\n                }\r\n              ]\r\n            }\r\n          }\r\
        \n        ],\r\n        \"backendAddressPools\": [\r\n          {\r\n    \
        \        \"name\": \"vmss0LBBEPool\",\r\n            \"id\": \"/subscriptions/00000000-0000-0000-0000-000000000000/resourceGroups/cli_test_vmss_lb_sku000001/providers/Microsoft.Network/loadBalancers/vmss0LB/backendAddressPools/vmss0LBBEPool\"\
        ,\r\n            \"etag\": \"W/\\\"35119c74-a122-47b3-acb3-da550c22c9de\\\"\
        \",\r\n            \"properties\": {\r\n              \"provisioningState\"\
        : \"Succeeded\",\r\n              \"backendIPConfigurations\": [\r\n     \
        \           {\r\n                  \"id\": \"/subscriptions/00000000-0000-0000-0000-000000000000/resourceGroups/cli_test_vmss_lb_sku000001/providers/Microsoft.Compute/virtualMachineScaleSets/vmss0/virtualMachines/0/networkInterfaces/vmss06157Nic/ipConfigurations/vmss06157IPConfig\"\
        \r\n                },\r\n                {\r\n                  \"id\": \"\
        /subscriptions/00000000-0000-0000-0000-000000000000/resourceGroups/cli_test_vmss_lb_sku000001/providers/Microsoft.Compute/virtualMachineScaleSets/vmss0/virtualMachines/3/networkInterfaces/vmss06157Nic/ipConfigurations/vmss06157IPConfig\"\
        \r\n                }\r\n              ]\r\n            },\r\n           \
        \ \"type\": \"Microsoft.Network/loadBalancers/backendAddressPools\"\r\n  \
        \        }\r\n        ],\r\n        \"loadBalancingRules\": [],\r\n      \
        \  \"probes\": [],\r\n        \"inboundNatRules\": [\r\n          {\r\n  \
        \          \"name\": \"vmss0LBNatPool.0\",\r\n            \"id\": \"/subscriptions/00000000-0000-0000-0000-000000000000/resourceGroups/cli_test_vmss_lb_sku000001/providers/Microsoft.Network/loadBalancers/vmss0LB/inboundNatRules/vmss0LBNatPool.0\"\
        ,\r\n            \"etag\": \"W/\\\"35119c74-a122-47b3-acb3-da550c22c9de\\\"\
        \",\r\n            \"type\": \"Microsoft.Network/loadBalancers/inboundNatRules\"\
        ,\r\n            \"properties\": {\r\n              \"provisioningState\"\
        : \"Succeeded\",\r\n              \"frontendIPConfiguration\": {\r\n     \
        \           \"id\": \"/subscriptions/00000000-0000-0000-0000-000000000000/resourceGroups/cli_test_vmss_lb_sku000001/providers/Microsoft.Network/loadBalancers/vmss0LB/frontendIPConfigurations/loadBalancerFrontEnd\"\
        \r\n              },\r\n              \"frontendPort\": 50000,\r\n       \
        \       \"backendPort\": 22,\r\n              \"enableFloatingIP\": false,\r\
        \n              \"idleTimeoutInMinutes\": 4,\r\n              \"protocol\"\
        : \"Tcp\",\r\n              \"enableDestinationServiceEndpoint\": false,\r\
        \n              \"enableTcpReset\": false,\r\n              \"allowBackendPortConflict\"\
        : false,\r\n              \"backendIPConfiguration\": {\r\n              \
        \  \"id\": \"/subscriptions/00000000-0000-0000-0000-000000000000/resourceGroups/cli_test_vmss_lb_sku000001/providers/Microsoft.Compute/virtualMachineScaleSets/vmss0/virtualMachines/0/networkInterfaces/vmss06157Nic/ipConfigurations/vmss06157IPConfig\"\
        \r\n              }\r\n            }\r\n          },\r\n          {\r\n  \
        \          \"name\": \"vmss0LBNatPool.3\",\r\n            \"id\": \"/subscriptions/00000000-0000-0000-0000-000000000000/resourceGroups/cli_test_vmss_lb_sku000001/providers/Microsoft.Network/loadBalancers/vmss0LB/inboundNatRules/vmss0LBNatPool.3\"\
        ,\r\n            \"etag\": \"W/\\\"35119c74-a122-47b3-acb3-da550c22c9de\\\"\
        \",\r\n            \"type\": \"Microsoft.Network/loadBalancers/inboundNatRules\"\
        ,\r\n            \"properties\": {\r\n              \"provisioningState\"\
        : \"Succeeded\",\r\n              \"frontendIPConfiguration\": {\r\n     \
        \           \"id\": \"/subscriptions/00000000-0000-0000-0000-000000000000/resourceGroups/cli_test_vmss_lb_sku000001/providers/Microsoft.Network/loadBalancers/vmss0LB/frontendIPConfigurations/loadBalancerFrontEnd\"\
        \r\n              },\r\n              \"frontendPort\": 50003,\r\n       \
        \       \"backendPort\": 22,\r\n              \"enableFloatingIP\": false,\r\
        \n              \"idleTimeoutInMinutes\": 4,\r\n              \"protocol\"\
        : \"Tcp\",\r\n              \"enableDestinationServiceEndpoint\": false,\r\
        \n              \"enableTcpReset\": false,\r\n              \"allowBackendPortConflict\"\
        : false,\r\n              \"backendIPConfiguration\": {\r\n              \
        \  \"id\": \"/subscriptions/00000000-0000-0000-0000-000000000000/resourceGroups/cli_test_vmss_lb_sku000001/providers/Microsoft.Compute/virtualMachineScaleSets/vmss0/virtualMachines/3/networkInterfaces/vmss06157Nic/ipConfigurations/vmss06157IPConfig\"\
        \r\n              }\r\n            }\r\n          }\r\n        ],\r\n    \
        \    \"inboundNatPools\": [\r\n          {\r\n            \"name\": \"vmss0LBNatPool\"\
        ,\r\n            \"id\": \"/subscriptions/00000000-0000-0000-0000-000000000000/resourceGroups/cli_test_vmss_lb_sku000001/providers/Microsoft.Network/loadBalancers/vmss0LB/inboundNatPools/vmss0LBNatPool\"\
        ,\r\n            \"etag\": \"W/\\\"35119c74-a122-47b3-acb3-da550c22c9de\\\"\
        \",\r\n            \"properties\": {\r\n              \"provisioningState\"\
        : \"Succeeded\",\r\n              \"frontendPortRangeStart\": 50000,\r\n \
        \             \"frontendPortRangeEnd\": 50119,\r\n              \"backendPort\"\
        : 22,\r\n              \"protocol\": \"Tcp\",\r\n              \"idleTimeoutInMinutes\"\
        : 4,\r\n              \"enableFloatingIP\": false,\r\n              \"enableDestinationServiceEndpoint\"\
        : false,\r\n              \"enableTcpReset\": false,\r\n              \"allowBackendPortConflict\"\
        : false,\r\n              \"frontendIPConfiguration\": {\r\n             \
        \   \"id\": \"/subscriptions/00000000-0000-0000-0000-000000000000/resourceGroups/cli_test_vmss_lb_sku000001/providers/Microsoft.Network/loadBalancers/vmss0LB/frontendIPConfigurations/loadBalancerFrontEnd\"\
        \r\n              }\r\n            },\r\n            \"type\": \"Microsoft.Network/loadBalancers/inboundNatPools\"\
        \r\n          }\r\n        ]\r\n      },\r\n      \"sku\": {\r\n        \"\
        name\": \"Basic\",\r\n        \"tier\": \"Regional\"\r\n      }\r\n    }\r\
        \n  ]\r\n}"}
    headers:
      cache-control: [no-cache]
      content-length: ['8517']
      content-type: [application/json; charset=utf-8]
      date: ['Fri, 15 Feb 2019 20:51:07 GMT']
      expires: ['-1']
      pragma: [no-cache]
      server: [Microsoft-HTTPAPI/2.0, Microsoft-HTTPAPI/2.0]
      strict-transport-security: [max-age=31536000; includeSubDomains]
      transfer-encoding: [chunked]
      vary: [Accept-Encoding]
      x-content-type-options: [nosniff]
    status: {code: 200, message: OK}
- request:
    body: null
    headers:
      Accept: [application/json]
      Accept-Encoding: ['gzip, deflate']
      CommandName: [network public-ip list]
      Connection: [keep-alive]
      ParameterSetName: [-g]
      User-Agent: [python/3.7.1 (Windows-10-10.0.17763-SP0) msrest/0.6.4 msrest_azure/0.6.0
          networkmanagementclient/2.5.1 Azure-SDK-For-Python AZURECLI/2.0.59]
      accept-language: [en-US]
    method: GET
    uri: https://management.azure.com/subscriptions/00000000-0000-0000-0000-000000000000/resourceGroups/cli_test_vmss_lb_sku000001/providers/Microsoft.Network/publicIPAddresses?api-version=2018-12-01
  response:
    body: {string: "{\r\n  \"value\": [\r\n    {\r\n      \"name\": \"vmss0LBPublicIP\"\
        ,\r\n      \"id\": \"/subscriptions/00000000-0000-0000-0000-000000000000/resourceGroups/cli_test_vmss_lb_sku000001/providers/Microsoft.Network/publicIPAddresses/vmss0LBPublicIP\"\
        ,\r\n      \"etag\": \"W/\\\"c3ffc69f-7710-4fb6-abb6-4bf78075d1a8\\\"\",\r\
        \n      \"location\": \"eastus2\",\r\n      \"tags\": {},\r\n      \"properties\"\
        : {\r\n        \"provisioningState\": \"Succeeded\",\r\n        \"resourceGuid\"\
        : \"890cb5e4-b36d-4e99-9395-c1a4648e01ae\",\r\n        \"ipAddress\": \"52.225.221.189\"\
        ,\r\n        \"publicIPAddressVersion\": \"IPv4\",\r\n        \"publicIPAllocationMethod\"\
        : \"Dynamic\",\r\n        \"idleTimeoutInMinutes\": 4,\r\n        \"ipTags\"\
        : [],\r\n        \"ipConfiguration\": {\r\n          \"id\": \"/subscriptions/00000000-0000-0000-0000-000000000000/resourceGroups/cli_test_vmss_lb_sku000001/providers/Microsoft.Network/loadBalancers/vmss0LB/frontendIPConfigurations/loadBalancerFrontEnd\"\
        \r\n        }\r\n      },\r\n      \"type\": \"Microsoft.Network/publicIPAddresses\"\
        ,\r\n      \"sku\": {\r\n        \"name\": \"Basic\",\r\n        \"tier\"\
        : \"Regional\"\r\n      }\r\n    }\r\n  ]\r\n}"}
    headers:
      cache-control: [no-cache]
      content-length: ['1165']
      content-type: [application/json; charset=utf-8]
      date: ['Fri, 15 Feb 2019 20:51:08 GMT']
      expires: ['-1']
      pragma: [no-cache]
      server: [Microsoft-HTTPAPI/2.0, Microsoft-HTTPAPI/2.0]
      strict-transport-security: [max-age=31536000; includeSubDomains]
      transfer-encoding: [chunked]
      vary: [Accept-Encoding]
      x-content-type-options: [nosniff]
    status: {code: 200, message: OK}
- request:
    body: null
    headers:
      Accept: ['*/*']
      Accept-Encoding: ['gzip, deflate']
      Connection: [keep-alive]
      User-Agent: [python-requests/2.21.0]
    method: GET
    uri: https://raw.githubusercontent.com/Azure/azure-rest-api-specs/master/arm-compute/quickstart-templates/aliases.json
  response:
    body: {string: "{\n  \"$schema\":\"http://schema.management.azure.com/schemas/2015-01-01/deploymentTemplate.json\"\
        ,\n  \"contentVersion\":\"1.0.0.0\",\n  \"parameters\":{},\n  \"variables\"\
        :{},\n  \"resources\":[],\n\n  \"outputs\":{\n    \"aliases\":{\n      \"\
        type\":\"object\",\n      \"value\":{\n\n        \"Linux\":{\n          \"\
        CentOS\":{\n            \"publisher\":\"OpenLogic\",\n            \"offer\"\
        :\"CentOS\",\n            \"sku\":\"7.5\",\n            \"version\":\"latest\"\
        \n          },\n          \"CoreOS\":{\n            \"publisher\":\"CoreOS\"\
        ,\n            \"offer\":\"CoreOS\",\n            \"sku\":\"Stable\",\n  \
        \          \"version\":\"latest\"\n          },\n          \"Debian\":{\n\
        \            \"publisher\":\"credativ\",\n            \"offer\":\"Debian\"\
        ,\n            \"sku\":\"9\",\n            \"version\":\"latest\"\n      \
        \    },\n          \"openSUSE-Leap\": {\n            \"publisher\":\"SUSE\"\
        ,\n            \"offer\":\"openSUSE-Leap\",\n            \"sku\":\"42.3\"\
        ,\n            \"version\": \"latest\"\n          },\n          \"RHEL\":{\n\
        \            \"publisher\":\"RedHat\",\n            \"offer\":\"RHEL\",\n\
        \            \"sku\":\"7-RAW\",\n            \"version\":\"latest\"\n    \
        \      },\n          \"SLES\":{\n            \"publisher\":\"SUSE\",\n   \
        \         \"offer\":\"SLES\",\n            \"sku\":\"15\",\n            \"\
        version\":\"latest\"\n          },\n          \"UbuntuLTS\":{\n          \
        \  \"publisher\":\"Canonical\",\n            \"offer\":\"UbuntuServer\",\n\
        \            \"sku\":\"18.04-LTS\",\n            \"version\":\"latest\"\n\
        \          }\n        },\n\n        \"Windows\":{\n          \"Win2019Datacenter\"\
        :{\n            \"publisher\":\"MicrosoftWindowsServer\",\n            \"\
        offer\":\"WindowsServer\",\n            \"sku\":\"2019-Datacenter\",\n   \
        \         \"version\":\"latest\"\n          },\n          \"Win2016Datacenter\"\
        :{\n            \"publisher\":\"MicrosoftWindowsServer\",\n            \"\
        offer\":\"WindowsServer\",\n            \"sku\":\"2016-Datacenter\",\n   \
        \         \"version\":\"latest\"\n          },\n          \"Win2012R2Datacenter\"\
        :{\n            \"publisher\":\"MicrosoftWindowsServer\",\n            \"\
        offer\":\"WindowsServer\",\n            \"sku\":\"2012-R2-Datacenter\",\n\
        \            \"version\":\"latest\"\n          },\n          \"Win2012Datacenter\"\
        :{\n            \"publisher\":\"MicrosoftWindowsServer\",\n            \"\
        offer\":\"WindowsServer\",\n            \"sku\":\"2012-Datacenter\",\n   \
        \         \"version\":\"latest\"\n          },\n          \"Win2008R2SP1\"\
        :{\n            \"publisher\":\"MicrosoftWindowsServer\",\n            \"\
        offer\":\"WindowsServer\",\n            \"sku\":\"2008-R2-SP1\",\n       \
        \     \"version\":\"latest\"\n          }\n        }\n      }\n    }\n  }\n\
        }\n"}
    headers:
      accept-ranges: [bytes]
      access-control-allow-origin: ['*']
      cache-control: [max-age=300]
      connection: [keep-alive]
      content-length: ['2433']
      content-security-policy: [default-src 'none'; style-src 'unsafe-inline'; sandbox]
      content-type: [text/plain; charset=utf-8]
      date: ['Fri, 15 Feb 2019 20:51:09 GMT']
      etag: ['"f5944d69cdbfb4a2bb2ddda8c5f050bde5bbcb32"']
      expires: ['Fri, 15 Feb 2019 20:56:09 GMT']
      source-age: ['26']
      strict-transport-security: [max-age=31536000]
      vary: ['Authorization,Accept-Encoding']
      via: [1.1 varnish]
      x-cache: [HIT]
      x-cache-hits: ['1']
      x-content-type-options: [nosniff]
      x-fastly-request-id: [ac280ac34056f52e54109252896bb2c741825e94]
      x-frame-options: [deny]
      x-geo-block-list: ['']
      x-github-request-id: ['4156:0CC8:1D616B:200357:5C672622']
      x-served-by: [cache-dfw18624-DFW]
      x-timer: ['S1550263869.365064,VS0,VE1']
      x-xss-protection: [1; mode=block]
    status: {code: 200, message: OK}
- request:
    body: null
    headers:
      Accept: [application/json]
      Accept-Encoding: ['gzip, deflate']
      CommandName: [vmss create]
      Connection: [keep-alive]
      ParameterSetName: [-g -l -n --lb --lb-sku --public-ip-address --image --admin-username
          --admin-password]
      User-Agent: [python/3.7.1 (Windows-10-10.0.17763-SP0) msrest/0.6.4 msrest_azure/0.6.0
          networkmanagementclient/2.5.1 Azure-SDK-For-Python AZURECLI/2.0.59]
      accept-language: [en-US]
    method: GET
    uri: https://management.azure.com/subscriptions/00000000-0000-0000-0000-000000000000/resourceGroups/cli_test_vmss_lb_sku000001/providers/Microsoft.Network/virtualNetworks?api-version=2018-01-01
  response:
    body: {string: "{\r\n  \"value\": [\r\n    {\r\n      \"name\": \"vmss0VNET\"\
        ,\r\n      \"id\": \"/subscriptions/00000000-0000-0000-0000-000000000000/resourceGroups/cli_test_vmss_lb_sku000001/providers/Microsoft.Network/virtualNetworks/vmss0VNET\"\
        ,\r\n      \"etag\": \"W/\\\"26ea8682-991d-4c36-bf78-130843579635\\\"\",\r\
        \n      \"type\": \"Microsoft.Network/virtualNetworks\",\r\n      \"location\"\
        : \"eastus2\",\r\n      \"tags\": {},\r\n      \"properties\": {\r\n     \
        \   \"provisioningState\": \"Succeeded\",\r\n        \"resourceGuid\": \"\
        00a7fddc-c546-432a-81cf-3848d1198da2\",\r\n        \"addressSpace\": {\r\n\
        \          \"addressPrefixes\": [\r\n            \"10.0.0.0/16\"\r\n     \
        \     ]\r\n        },\r\n        \"subnets\": [\r\n          {\r\n       \
        \     \"name\": \"vmss0Subnet\",\r\n            \"id\": \"/subscriptions/00000000-0000-0000-0000-000000000000/resourceGroups/cli_test_vmss_lb_sku000001/providers/Microsoft.Network/virtualNetworks/vmss0VNET/subnets/vmss0Subnet\"\
        ,\r\n            \"etag\": \"W/\\\"26ea8682-991d-4c36-bf78-130843579635\\\"\
        \",\r\n            \"properties\": {\r\n              \"provisioningState\"\
        : \"Succeeded\",\r\n              \"addressPrefix\": \"10.0.0.0/24\",\r\n\
        \              \"networkSecurityGroup\": {\r\n                \"id\": \"/subscriptions/00000000-0000-0000-0000-000000000000/resourceGroups/cleanupservice/providers/Microsoft.Network/networkSecurityGroups/rg-cleanupservice-nsg4\"\
        \r\n              },\r\n              \"ipConfigurations\": [\r\n        \
        \        {\r\n                  \"id\": \"/subscriptions/00000000-0000-0000-0000-000000000000/resourceGroups/cli_test_vmss_lb_sku000001/providers/Microsoft.Compute/virtualMachineScaleSets/vmss0/virtualMachines/0/networkInterfaces/vmss06157Nic/ipConfigurations/vmss06157IPConfig\"\
        \r\n                },\r\n                {\r\n                  \"id\": \"\
        /subscriptions/00000000-0000-0000-0000-000000000000/resourceGroups/cli_test_vmss_lb_sku000001/providers/Microsoft.Compute/virtualMachineScaleSets/vmss0/virtualMachines/3/networkInterfaces/vmss06157Nic/ipConfigurations/vmss06157IPConfig\"\
        \r\n                }\r\n              ]\r\n            },\r\n           \
        \ \"type\": \"Microsoft.Network/virtualNetworks/subnets\"\r\n          }\r\
        \n        ],\r\n        \"virtualNetworkPeerings\": [],\r\n        \"enableDdosProtection\"\
        : false,\r\n        \"enableVmProtection\": false\r\n      }\r\n    }\r\n\
        \  ]\r\n}"}
    headers:
      cache-control: [no-cache]
      content-length: ['2409']
      content-type: [application/json; charset=utf-8]
      date: ['Fri, 15 Feb 2019 20:51:09 GMT']
      expires: ['-1']
      pragma: [no-cache]
      server: [Microsoft-HTTPAPI/2.0, Microsoft-HTTPAPI/2.0]
      strict-transport-security: [max-age=31536000; includeSubDomains]
      transfer-encoding: [chunked]
      vary: [Accept-Encoding]
      x-content-type-options: [nosniff]
    status: {code: 200, message: OK}
- request:
    body: null
    headers:
      Accept: [application/json]
      Accept-Encoding: ['gzip, deflate']
      CommandName: [vmss create]
      Connection: [keep-alive]
      ParameterSetName: [-g -l -n --lb --lb-sku --public-ip-address --image --admin-username
          --admin-password]
      User-Agent: [python/3.7.1 (Windows-10-10.0.17763-SP0) msrest/0.6.4 msrest_azure/0.6.0
          networkmanagementclient/2.5.1 Azure-SDK-For-Python AZURECLI/2.0.59]
      accept-language: [en-US]
    method: GET
    uri: https://management.azure.com/subscriptions/00000000-0000-0000-0000-000000000000/resourceGroups/cli_test_vmss_lb_sku000001/providers/Microsoft.Network/loadBalancers/lb1?api-version=2018-01-01
  response:
    body: {string: '{"error":{"code":"ResourceNotFound","message":"The Resource ''Microsoft.Network/loadBalancers/lb1''
        under resource group ''cli_test_vmss_lb_sku000001'' was not found."}}'}
    headers:
      cache-control: [no-cache]
      content-length: ['214']
      content-type: [application/json; charset=utf-8]
      date: ['Fri, 15 Feb 2019 20:51:09 GMT']
      expires: ['-1']
      pragma: [no-cache]
      strict-transport-security: [max-age=31536000; includeSubDomains]
      x-content-type-options: [nosniff]
      x-ms-failure-cause: [gateway]
    status: {code: 404, message: Not Found}
- request:
    body: null
    headers:
      Accept: [application/json]
      Accept-Encoding: ['gzip, deflate']
      CommandName: [vmss create]
      Connection: [keep-alive]
      ParameterSetName: [-g -l -n --lb --lb-sku --public-ip-address --image --admin-username
          --admin-password]
      User-Agent: [python/3.7.1 (Windows-10-10.0.17763-SP0) msrest/0.6.4 msrest_azure/0.6.0
          resourcemanagementclient/2.1.0 Azure-SDK-For-Python AZURECLI/2.0.59]
      accept-language: [en-US]
    method: GET
    uri: https://management.azure.com/subscriptions/00000000-0000-0000-0000-000000000000/providers/Microsoft.Network?api-version=2018-05-01
  response:
    body: {string: '{"id":"/subscriptions/00000000-0000-0000-0000-000000000000/providers/Microsoft.Network","namespace":"Microsoft.Network","authorizations":[{"applicationId":"2cf9eb86-36b5-49dc-86ae-9a63135dfa8c","roleDefinitionId":"13ba9ab4-19f0-4804-adc4-14ece36cc7a1"},{"applicationId":"7c33bfcb-8d33-48d6-8e60-dc6404003489","roleDefinitionId":"ad6261e4-fa9a-4642-aa5f-104f1b67e9e3"},{"applicationId":"1e3e4475-288f-4018-a376-df66fd7fac5f","roleDefinitionId":"1d538b69-3d87-4e56-8ff8-25786fd48261"},{"applicationId":"a0be0c72-870e-46f0-9c49-c98333a996f7","roleDefinitionId":"7ce22727-ffce-45a9-930c-ddb2e56fa131"},{"applicationId":"486c78bf-a0f7-45f1-92fd-37215929e116","roleDefinitionId":"98a9e526-0a60-4c1f-a33a-ae46e1f8dc0d"},{"applicationId":"19947cfd-0303-466c-ac3c-fcc19a7a1570","roleDefinitionId":"d813ab6c-bfb7-413e-9462-005b21f0ce09"},{"applicationId":"341b7f3d-69b3-47f9-9ce7-5b7f4945fdbd","roleDefinitionId":"8141843c-c51c-4c1e-a5bf-0d351594b86c"}],"resourceTypes":[{"resourceType":"virtualNetworks","locations":["West
        US","East US","North Europe","West Europe","East Asia","Southeast Asia","North
        Central US","South Central US","Central US","East US 2","Japan East","Japan
        West","Brazil South","Australia East","Australia Southeast","Central India","South
        India","West India","Canada Central","Canada East","West Central US","West
        US 2","UK West","UK South","Korea Central","Korea South","France Central"],"apiVersions":["2018-12-01","2018-11-01","2018-10-01","2018-08-01","2018-07-01","2018-06-01","2018-05-01","2018-04-01","2018-03-01","2018-02-01","2018-01-01","2017-11-01","2017-10-01","2017-09-01","2017-08-01","2017-06-01","2017-04-01","2017-03-01","2016-12-01","2016-11-01","2016-10-01","2016-09-01","2016-08-01","2016-07-01","2016-06-01","2016-03-30","2015-06-15","2015-05-01-preview","2014-12-01-preview"],"defaultApiVersion":"2017-09-01","apiProfiles":[{"profileVersion":"2017-03-09-profile","apiVersion":"2015-06-15"},{"profileVersion":"2018-03-01-hybrid","apiVersion":"2017-10-01"}],"capabilities":"CrossResourceGroupResourceMove,
        CrossSubscriptionResourceMove"},{"resourceType":"natGateways","locations":["West
        US"],"apiVersions":["2018-12-01","2018-11-01"],"defaultApiVersion":"2018-11-01","capabilities":"CrossResourceGroupResourceMove,
        CrossSubscriptionResourceMove"},{"resourceType":"publicIPAddresses","locations":["West
        US","East US","North Europe","West Europe","East Asia","Southeast Asia","North
        Central US","South Central US","Central US","East US 2","Japan East","Japan
        West","Brazil South","Australia East","Australia Southeast","Central India","South
        India","West India","Canada Central","Canada East","West Central US","West
        US 2","UK West","UK South","Korea Central","Korea South","France Central"],"apiVersions":["2018-12-01","2018-11-01","2018-10-01","2018-08-01","2018-07-01","2018-06-01","2018-05-01","2018-04-01","2018-03-01","2018-02-01","2018-01-01","2017-11-01","2017-10-01","2017-09-01","2017-08-01","2017-06-01","2017-04-01","2017-03-01","2016-12-01","2016-11-01","2016-10-01","2016-09-01","2016-08-01","2016-07-01","2016-06-01","2016-03-30","2015-06-15","2015-05-01-preview","2014-12-01-preview"],"defaultApiVersion":"2017-09-01","apiProfiles":[{"profileVersion":"2017-03-09-profile","apiVersion":"2015-06-15"},{"profileVersion":"2018-03-01-hybrid","apiVersion":"2017-10-01"}],"zoneMappings":[{"location":"East
        US 2","zones":["1","2","3"]},{"location":"Central US","zones":["1","2","3"]},{"location":"West
        Europe","zones":["1","2","3"]},{"location":"France Central","zones":["1","2","3"]},{"location":"Southeast
        Asia","zones":["1","2","3"]},{"location":"West US 2","zones":["1","2","3"]},{"location":"North
        Europe","zones":["1","2","3"]},{"location":"East US","zones":["1","2","3"]},{"location":"UK
        South","zones":["1","2","3"]},{"location":"Japan East","zones":["1","2","3"]}],"capabilities":"CrossResourceGroupResourceMove,
        CrossSubscriptionResourceMove"},{"resourceType":"networkInterfaces","locations":["West
        US","East US","North Europe","West Europe","East Asia","Southeast Asia","North
        Central US","South Central US","Central US","East US 2","Japan East","Japan
        West","Brazil South","Australia East","Australia Southeast","Central India","South
        India","West India","Canada Central","Canada East","West Central US","West
        US 2","UK West","UK South","Korea Central","Korea South","France Central"],"apiVersions":["2018-12-01","2018-11-01","2018-10-01","2018-08-01","2018-07-01","2018-06-01","2018-05-01","2018-04-01","2018-03-01","2018-02-01","2018-01-01","2017-11-01","2017-10-01","2017-09-01","2017-08-01","2017-06-01","2017-04-01","2017-03-01","2016-12-01","2016-11-01","2016-10-01","2016-09-01","2016-08-01","2016-07-01","2016-06-01","2016-03-30","2015-06-15","2015-05-01-preview","2014-12-01-preview"],"defaultApiVersion":"2017-09-01","apiProfiles":[{"profileVersion":"2017-03-09-profile","apiVersion":"2015-06-15"},{"profileVersion":"2018-03-01-hybrid","apiVersion":"2017-10-01"}],"capabilities":"CrossResourceGroupResourceMove,
        CrossSubscriptionResourceMove"},{"resourceType":"interfaceEndpoints","locations":["West
        US","East US","North Europe","West Europe","East Asia","Southeast Asia","North
        Central US","South Central US","Central US","East US 2","Japan East","Japan
        West","Brazil South","Australia East","Australia Southeast","Central India","South
        India","West India","Canada Central","Canada East","West Central US","West
        US 2","UK West","UK South","Korea Central","Korea South","France Central"],"apiVersions":["2018-12-01","2018-11-01","2018-10-01","2018-08-01"],"defaultApiVersion":"2018-08-01","capabilities":"None"},{"resourceType":"loadBalancers","locations":["West
        US","East US","North Europe","West Europe","East Asia","Southeast Asia","North
        Central US","South Central US","Central US","East US 2","Japan East","Japan
        West","Brazil South","Australia East","Australia Southeast","Central India","South
        India","West India","Canada Central","Canada East","West Central US","West
        US 2","UK West","UK South","Korea Central","Korea South","France Central"],"apiVersions":["2018-12-01","2018-11-01","2018-10-01","2018-08-01","2018-07-01","2018-06-01","2018-05-01","2018-04-01","2018-03-01","2018-02-01","2018-01-01","2017-11-01","2017-10-01","2017-09-01","2017-08-01","2017-06-01","2017-04-01","2017-03-01","2016-12-01","2016-11-01","2016-10-01","2016-09-01","2016-08-01","2016-07-01","2016-06-01","2016-03-30","2015-06-15","2015-05-01-preview","2014-12-01-preview"],"defaultApiVersion":"2017-09-01","apiProfiles":[{"profileVersion":"2017-03-09-profile","apiVersion":"2015-06-15"},{"profileVersion":"2018-03-01-hybrid","apiVersion":"2017-10-01"}],"capabilities":"CrossResourceGroupResourceMove,
        CrossSubscriptionResourceMove"},{"resourceType":"networkSecurityGroups","locations":["West
        US","East US","North Europe","West Europe","East Asia","Southeast Asia","North
        Central US","South Central US","Central US","East US 2","Japan East","Japan
        West","Brazil South","Australia East","Australia Southeast","Central India","South
        India","West India","Canada Central","Canada East","West Central US","West
        US 2","UK West","UK South","Korea Central","Korea South","France Central"],"apiVersions":["2018-12-01","2018-11-01","2018-10-01","2018-08-01","2018-07-01","2018-06-01","2018-05-01","2018-04-01","2018-03-01","2018-02-01","2018-01-01","2017-11-01","2017-10-01","2017-09-01","2017-08-01","2017-06-01","2017-04-01","2017-03-01","2016-12-01","2016-11-01","2016-10-01","2016-09-01","2016-08-01","2016-07-01","2016-06-01","2016-03-30","2015-06-15","2015-05-01-preview","2014-12-01-preview"],"defaultApiVersion":"2017-09-01","apiProfiles":[{"profileVersion":"2017-03-09-profile","apiVersion":"2015-06-15"},{"profileVersion":"2018-03-01-hybrid","apiVersion":"2017-10-01"}],"capabilities":"CrossResourceGroupResourceMove,
        CrossSubscriptionResourceMove"},{"resourceType":"applicationSecurityGroups","locations":["West
        US","East US","North Europe","West Europe","East Asia","Southeast Asia","North
        Central US","South Central US","Central US","East US 2","Japan East","Japan
        West","Brazil South","Australia East","Australia Southeast","Central India","South
        India","West India","Canada Central","Canada East","West Central US","West
        US 2","UK West","UK South","Korea Central","Korea South","France Central"],"apiVersions":["2018-12-01","2018-11-01","2018-10-01","2018-08-01","2018-07-01","2018-06-01","2018-05-01","2018-04-01","2018-03-01","2018-02-01","2018-01-01","2017-11-01","2017-10-01","2017-09-01"],"defaultApiVersion":"2017-09-01","apiProfiles":[{"profileVersion":"2017-03-09-profile","apiVersion":"2017-09-01"},{"profileVersion":"2018-03-01-hybrid","apiVersion":"2017-10-01"}],"capabilities":"CrossResourceGroupResourceMove,
        CrossSubscriptionResourceMove"},{"resourceType":"serviceEndpointPolicies","locations":["West
        US","East US","North Europe","West Europe","East Asia","Southeast Asia","North
        Central US","South Central US","Central US","East US 2","Japan East","Japan
        West","Brazil South","Australia East","Australia Southeast","Central India","South
        India","West India","Canada Central","Canada East","West Central US","West
        US 2","UK West","UK South","Korea Central","Korea South","France Central"],"apiVersions":["2018-12-01","2018-11-01","2018-10-01","2018-08-01","2018-07-01","2018-06-01","2018-05-01","2018-04-01","2018-03-01","2018-02-01","2018-01-01"],"defaultApiVersion":"2018-01-01","capabilities":"CrossResourceGroupResourceMove,
        CrossSubscriptionResourceMove"},{"resourceType":"networkIntentPolicies","locations":["West
        US","East US","North Europe","West Europe","East Asia","Southeast Asia","North
        Central US","South Central US","Central US","East US 2","Japan East","Japan
        West","Brazil South","Australia East","Australia Southeast","Central India","South
        India","West India","Canada Central","Canada East","West Central US","West
        US 2","UK West","UK South","Korea Central","Korea South","France Central","France
        South"],"apiVersions":["2018-12-01","2018-11-01","2018-10-01","2018-08-01","2018-07-01","2018-06-01","2018-05-01","2018-04-01"],"defaultApiVersion":"2018-04-01","capabilities":"CrossResourceGroupResourceMove,
        CrossSubscriptionResourceMove"},{"resourceType":"routeTables","locations":["West
        US","East US","North Europe","West Europe","East Asia","Southeast Asia","North
        Central US","South Central US","Central US","East US 2","Japan East","Japan
        West","Brazil South","Australia East","Australia Southeast","Central India","South
        India","West India","Canada Central","Canada East","West Central US","West
        US 2","UK West","UK South","Korea Central","Korea South","France Central"],"apiVersions":["2018-12-01","2018-11-01","2018-10-01","2018-08-01","2018-07-01","2018-06-01","2018-05-01","2018-04-01","2018-03-01","2018-02-01","2018-01-01","2017-11-01","2017-10-01","2017-09-01","2017-08-01","2017-06-01","2017-04-01","2017-03-01","2016-12-01","2016-11-01","2016-10-01","2016-09-01","2016-08-01","2016-07-01","2016-06-01","2016-03-30","2015-06-15","2015-05-01-preview","2014-12-01-preview"],"defaultApiVersion":"2017-09-01","apiProfiles":[{"profileVersion":"2017-03-09-profile","apiVersion":"2015-06-15"},{"profileVersion":"2018-03-01-hybrid","apiVersion":"2017-10-01"}],"capabilities":"CrossResourceGroupResourceMove,
        CrossSubscriptionResourceMove"},{"resourceType":"publicIPPrefixes","locations":["West
        US","East US","North Europe","West Europe","East Asia","Southeast Asia","North
        Central US","South Central US","Central US","East US 2","Japan East","Japan
        West","Brazil South","Australia East","Australia Southeast","Central India","South
        India","West India","Canada Central","Canada East","West Central US","West
        US 2","UK West","UK South","Korea Central","Korea South","France Central"],"apiVersions":["2018-12-01","2018-11-01","2018-10-01","2018-08-01","2018-07-01"],"defaultApiVersion":"2018-07-01","zoneMappings":[{"location":"East
        US 2","zones":["1","2","3"]},{"location":"Central US","zones":["1","2","3"]},{"location":"West
        Europe","zones":["1","2","3"]},{"location":"France Central","zones":["1","2","3"]},{"location":"Southeast
        Asia","zones":["1","2","3"]},{"location":"West US 2","zones":["1","2","3"]},{"location":"North
        Europe","zones":["1","2","3"]},{"location":"East US","zones":["1","2","3"]},{"location":"UK
        South","zones":["1","2","3"]},{"location":"Japan East","zones":["1","2","3"]}],"capabilities":"CrossResourceGroupResourceMove,
        CrossSubscriptionResourceMove"},{"resourceType":"ddosCustomPolicies","locations":["West
        US","East US","North Europe","West Europe","East Asia","Southeast Asia","North
        Central US","South Central US","Central US","East US 2","Japan East","Japan
        West","Brazil South","Australia East","Australia Southeast","Central India","South
        India","West India","Canada Central","Canada East","West Central US","West
        US 2","UK West","UK South","Korea Central","Korea South","France Central"],"apiVersions":["2018-12-01","2018-11-01","2018-10-01"],"defaultApiVersion":"2018-10-01","capabilities":"CrossResourceGroupResourceMove,
        CrossSubscriptionResourceMove"},{"resourceType":"networkWatchers","locations":["West
        US","East US","North Europe","West Europe","East Asia","Southeast Asia","North
        Central US","South Central US","Central US","East US 2","Japan East","Japan
        West","Brazil South","Australia East","Australia Southeast","Central India","South
        India","West India","Canada Central","Canada East","West Central US","West
        US 2","UK West","UK South","Korea Central","Korea South","France Central"],"apiVersions":["2018-12-01","2018-11-01","2018-10-01","2018-08-01","2018-07-01","2018-06-01","2018-05-01","2018-04-01","2018-03-01","2018-02-01","2018-01-01","2017-11-01","2017-10-01","2017-09-01","2017-08-01","2017-06-01","2017-04-01","2017-03-01","2016-12-01","2016-11-01","2016-10-01","2016-09-01","2016-08-01","2016-07-01","2016-06-01","2016-03-30"],"defaultApiVersion":"2017-09-01","capabilities":"CrossResourceGroupResourceMove,
        CrossSubscriptionResourceMove"},{"resourceType":"networkWatchers/connectionMonitors","locations":["West
        US","East US","North Europe","West Europe","East Asia","Southeast Asia","North
        Central US","South Central US","Central US","East US 2","Japan East","Japan
        West","Brazil South","Australia East","Australia Southeast","Central India","South
        India","West India","Canada Central","Canada East","West Central US","West
        US 2","UK West","UK South","Korea Central","Korea South","France Central"],"apiVersions":["2018-12-01","2018-11-01","2018-10-01","2018-08-01","2018-07-01","2018-06-01","2018-05-01","2018-04-01","2018-03-01","2018-02-01","2018-01-01","2017-11-01","2017-10-01","2017-09-01"],"defaultApiVersion":"2017-09-01","capabilities":"CrossResourceGroupResourceMove,
        CrossSubscriptionResourceMove"},{"resourceType":"networkWatchers/lenses","locations":["West
        US","East US","North Europe","West Europe","East Asia","Southeast Asia","North
        Central US","South Central US","Central US","East US 2","Japan East","Japan
        West","Brazil South","Australia East","Australia Southeast","Central India","South
        India","West India","Canada Central","Canada East","West Central US","West
        US 2","UK West","UK South","Korea Central","Korea South","France Central"],"apiVersions":["2018-12-01","2018-11-01","2018-10-01","2018-08-01","2018-07-01","2018-06-01","2018-01-01","2017-11-01","2017-10-01","2017-09-01"],"defaultApiVersion":"2017-09-01","capabilities":"CrossResourceGroupResourceMove,
        CrossSubscriptionResourceMove"},{"resourceType":"networkWatchers/pingMeshes","locations":["West
        US","East US","North Europe","West Europe","East Asia","Southeast Asia","North
        Central US","South Central US","Central US","East US 2","Japan East","Japan
        West","Brazil South","Australia East","Australia Southeast","Central India","South
        India","West India","Canada Central","Canada East","West Central US","West
        US 2","UK West","UK South","Korea Central","Korea South","France Central"],"apiVersions":["2018-12-01","2018-11-01","2018-10-01","2018-08-01","2018-07-01","2018-06-01","2018-04-01","2018-03-01","2018-02-01","2018-01-01","2017-11-01","2017-10-01","2017-09-01"],"defaultApiVersion":"2017-09-01","capabilities":"CrossResourceGroupResourceMove,
        CrossSubscriptionResourceMove"},{"resourceType":"virtualNetworkGateways","locations":["West
        US","East US","North Europe","West Europe","East Asia","Southeast Asia","North
        Central US","South Central US","Central US","East US 2","Japan East","Japan
        West","Brazil South","Australia East","Australia Southeast","Central India","South
        India","West India","Canada Central","Canada East","West Central US","West
        US 2","UK West","UK South","Korea Central","Korea South","France Central"],"apiVersions":["2018-12-01","2018-11-01","2018-10-01","2018-08-01","2018-07-01","2018-06-01","2018-05-01","2018-04-01","2018-03-01","2018-02-01","2018-01-01","2017-11-01","2017-10-01","2017-09-01","2017-08-01","2017-06-01","2017-04-01","2017-03-01","2016-12-01","2016-11-01","2016-10-01","2016-09-01","2016-08-01","2016-07-01","2016-06-01","2016-03-30","2015-06-15","2015-05-01-preview","2014-12-01-preview"],"defaultApiVersion":"2017-09-01","apiProfiles":[{"profileVersion":"2017-03-09-profile","apiVersion":"2015-06-15"},{"profileVersion":"2018-03-01-hybrid","apiVersion":"2017-03-01"}],"capabilities":"CrossResourceGroupResourceMove,
        CrossSubscriptionResourceMove"},{"resourceType":"localNetworkGateways","locations":["West
        US","East US","North Europe","West Europe","East Asia","Southeast Asia","North
        Central US","South Central US","Central US","East US 2","Japan East","Japan
        West","Brazil South","Australia East","Australia Southeast","Central India","South
        India","West India","Canada Central","Canada East","West Central US","West
        US 2","UK West","UK South","Korea Central","Korea South","France Central"],"apiVersions":["2018-12-01","2018-11-01","2018-10-01","2018-08-01","2018-07-01","2018-06-01","2018-05-01","2018-04-01","2018-03-01","2018-02-01","2018-01-01","2017-11-01","2017-10-01","2017-09-01","2017-08-01","2017-06-01","2017-04-01","2017-03-01","2016-12-01","2016-11-01","2016-10-01","2016-09-01","2016-08-01","2016-07-01","2016-06-01","2016-03-30","2015-06-15","2015-05-01-preview","2014-12-01-preview"],"defaultApiVersion":"2017-09-01","apiProfiles":[{"profileVersion":"2017-03-09-profile","apiVersion":"2015-06-15"},{"profileVersion":"2018-03-01-hybrid","apiVersion":"2017-03-01"}],"capabilities":"CrossResourceGroupResourceMove,
        CrossSubscriptionResourceMove"},{"resourceType":"connections","locations":["West
        US","East US","North Europe","West Europe","East Asia","Southeast Asia","North
        Central US","South Central US","Central US","East US 2","Japan East","Japan
        West","Brazil South","Australia East","Australia Southeast","Central India","South
        India","West India","Canada Central","Canada East","West Central US","West
        US 2","UK West","UK South","Korea Central","Korea South","France Central"],"apiVersions":["2018-12-01","2018-11-01","2018-10-01","2018-08-01","2018-07-01","2018-06-01","2018-05-01","2018-04-01","2018-03-01","2018-02-01","2018-01-01","2017-11-01","2017-10-01","2017-09-01","2017-08-01","2017-06-01","2017-04-01","2017-03-01","2016-12-01","2016-11-01","2016-10-01","2016-09-01","2016-08-01","2016-07-01","2016-06-01","2016-03-30","2015-06-15","2015-05-01-preview","2014-12-01-preview"],"defaultApiVersion":"2017-09-01","apiProfiles":[{"profileVersion":"2017-03-09-profile","apiVersion":"2015-06-15"},{"profileVersion":"2018-03-01-hybrid","apiVersion":"2017-03-01"}],"capabilities":"CrossResourceGroupResourceMove,
        CrossSubscriptionResourceMove"},{"resourceType":"applicationGateways","locations":["West
        US","East US","North Europe","West Europe","East Asia","Southeast Asia","North
        Central US","South Central US","Central US","East US 2","Japan East","Japan
        West","Brazil South","Australia East","Australia Southeast","Central India","South
        India","West India","Canada Central","Canada East","West Central US","West
        US 2","UK West","UK South","Korea Central","Korea South","France Central"],"apiVersions":["2018-12-01","2018-11-01","2018-10-01","2018-08-01","2018-07-01","2018-06-01","2018-05-01","2018-04-01","2018-03-01","2018-02-01","2018-01-01","2017-11-01","2017-10-01","2017-09-01","2017-08-01","2017-06-01","2017-04-01","2017-03-01","2016-12-01","2016-11-01","2016-10-01","2016-09-01","2016-08-01","2016-07-01","2016-06-01","2016-03-30","2015-06-15","2015-05-01-preview","2014-12-01-preview"],"defaultApiVersion":"2017-09-01","zoneMappings":[{"location":"East
        US 2","zones":["1","2","3"]},{"location":"Central US","zones":["1","2","3"]},{"location":"West
        Europe","zones":["1","2","3"]},{"location":"France Central","zones":["1","2","3"]},{"location":"Southeast
        Asia","zones":["1","2","3"]},{"location":"West US 2","zones":["1","2","3"]},{"location":"North
        Europe","zones":["1","2","3"]},{"location":"East US","zones":["1","2","3"]},{"location":"UK
        South","zones":["1","2","3"]},{"location":"Japan East","zones":["1","2","3"]}],"capabilities":"None"},{"resourceType":"locations","locations":[],"apiVersions":["2018-12-01","2018-11-01","2018-10-01","2018-08-01","2018-07-01","2018-06-01","2018-05-01","2018-04-01","2018-03-01","2018-02-01","2018-01-01","2017-11-01","2017-10-01","2017-09-01","2017-08-01","2017-06-01","2017-04-01","2017-03-01","2016-12-01","2016-11-01","2016-10-01","2016-09-01","2016-08-01","2016-07-01","2016-06-01","2016-03-30","2015-06-15","2015-05-01-preview","2014-12-01-preview"],"apiProfiles":[{"profileVersion":"2017-03-09-profile","apiVersion":"2015-06-15"},{"profileVersion":"2018-03-01-hybrid","apiVersion":"2017-10-01"}]},{"resourceType":"locations/operations","locations":[],"apiVersions":["2018-12-01","2018-11-01","2018-10-01","2018-08-01","2018-07-01","2018-06-01","2018-05-01","2018-04-01","2018-03-01","2018-02-01","2018-01-01","2017-11-01","2017-10-01","2017-09-01","2017-08-01","2017-06-01","2017-04-01","2017-03-01","2016-12-01","2016-11-01","2016-10-01","2016-09-01","2016-08-01","2016-07-01","2016-06-01","2016-03-30","2015-06-15","2015-05-01-preview","2014-12-01-preview"],"apiProfiles":[{"profileVersion":"2017-03-09-profile","apiVersion":"2015-06-15"},{"profileVersion":"2018-03-01-hybrid","apiVersion":"2017-10-01"}]},{"resourceType":"locations/operationResults","locations":[],"apiVersions":["2018-12-01","2018-11-01","2018-10-01","2018-08-01","2018-07-01","2018-06-01","2018-05-01","2018-04-01","2018-03-01","2018-02-01","2018-01-01","2017-11-01","2017-10-01","2017-09-01","2017-08-01","2017-06-01","2017-04-01","2017-03-01","2016-12-01","2016-11-01","2016-10-01","2016-09-01","2016-08-01","2016-07-01","2016-06-01","2016-03-30","2015-06-15","2015-05-01-preview","2014-12-01-preview"],"apiProfiles":[{"profileVersion":"2017-03-09-profile","apiVersion":"2015-06-15"},{"profileVersion":"2018-03-01-hybrid","apiVersion":"2017-10-01"}]},{"resourceType":"locations/CheckDnsNameAvailability","locations":["West
        US","East US","North Europe","West Europe","East Asia","Southeast Asia","North
        Central US","South Central US","Central US","East US 2","Japan East","Japan
        West","Brazil South","Australia East","Australia Southeast","Central India","South
        India","West India","Canada Central","Canada East","West Central US","West
        US 2","UK West","UK South","Korea Central","Korea South","France Central"],"apiVersions":["2018-12-01","2018-11-01","2018-10-01","2018-08-01","2018-07-01","2018-06-01","2018-05-01","2018-04-01","2018-03-01","2018-02-01","2018-01-01","2017-11-01","2017-10-01","2017-09-01","2017-08-01","2017-06-01","2017-04-01","2017-03-01","2016-12-01","2016-11-01","2016-10-01","2016-09-01","2016-08-01","2016-07-01","2016-06-01","2016-03-30","2015-06-15","2015-05-01-preview","2014-12-01-preview"]},{"resourceType":"locations/usages","locations":["West
        US","East US","North Europe","West Europe","East Asia","Southeast Asia","North
        Central US","South Central US","Central US","East US 2","Japan East","Japan
        West","Brazil South","Australia East","Australia Southeast","Central India","South
        India","West India","Canada Central","Canada East","West Central US","West
        US 2","UK West","UK South","Korea Central","Korea South","France Central"],"apiVersions":["2018-12-01","2018-11-01","2018-10-01","2018-08-01","2018-07-01","2018-06-01","2018-05-01","2018-04-01","2018-03-01","2018-02-01","2018-01-01","2017-11-01","2017-10-01","2017-09-01","2017-08-01","2017-06-01","2017-04-01","2017-03-01","2016-12-01","2016-11-01","2016-10-01","2016-09-01","2016-08-01","2016-07-01","2016-06-01","2016-03-30","2015-06-15","2015-05-01-preview","2014-12-01-preview"],"apiProfiles":[{"profileVersion":"2017-03-09-profile","apiVersion":"2015-06-15"},{"profileVersion":"2018-03-01-hybrid","apiVersion":"2017-10-01"}]},{"resourceType":"locations/virtualNetworkAvailableEndpointServices","locations":["West
        US","East US","North Europe","West Europe","East Asia","Southeast Asia","North
        Central US","South Central US","Central US","East US 2","Japan East","Japan
        West","Brazil South","Australia East","Australia Southeast","Central India","South
        India","West India","Canada Central","Canada East","West Central US","West
        US 2","UK West","UK South","Korea Central","Korea South","France Central"],"apiVersions":["2018-12-01","2018-11-01","2018-10-01","2018-08-01","2018-07-01","2018-06-01","2018-05-01","2018-04-01","2018-03-01","2018-02-01","2018-01-01","2017-11-01","2017-10-01","2017-09-01","2017-08-01","2017-06-01","2017-04-01"]},{"resourceType":"locations/availableDelegations","locations":["West
        US","East US","North Europe","West Europe","East Asia","Southeast Asia","North
        Central US","South Central US","Central US","East US 2","Japan East","Japan
        West","Brazil South","Australia East","Australia Southeast","Central India","South
        India","West India","Canada Central","Canada East","West Central US","West
        US 2","UK West","UK South","Korea Central","Korea South","France Central"],"apiVersions":["2018-12-01","2018-11-01","2018-10-01","2018-08-01","2018-07-01","2018-06-01","2018-05-01","2018-04-01"]},{"resourceType":"locations/supportedVirtualMachineSizes","locations":["West
        US","East US","North Europe","West Europe","East Asia","Southeast Asia","North
        Central US","South Central US","Central US","East US 2","Japan East","Japan
        West","Brazil South","Australia East","Australia Southeast","Central India","South
        India","West India","Canada Central","Canada East","West Central US","West
        US 2","UK West","UK South","Korea Central","Korea South","France Central"],"apiVersions":["2018-12-01","2018-11-01","2018-10-01","2018-08-01","2018-07-01","2018-06-01","2018-05-01","2018-04-01"]},{"resourceType":"locations/checkAcceleratedNetworkingSupport","locations":["West
        US","East US","North Europe","West Europe","East Asia","Southeast Asia","North
        Central US","South Central US","Central US","East US 2","Japan East","Japan
        West","Brazil South","Australia East","Australia Southeast","Central India","South
        India","West India","Canada Central","Canada East","West Central US","West
        US 2","UK West","UK South","Korea Central","Korea South","France Central"],"apiVersions":["2018-12-01","2018-11-01","2018-10-01","2018-08-01","2018-07-01","2018-06-01","2018-05-01","2018-04-01"]},{"resourceType":"locations/validateResourceOwnership","locations":["West
        US","East US","North Europe","West Europe","East Asia","Southeast Asia","North
        Central US","South Central US","Central US","East US 2","Japan East","Japan
        West","Brazil South","Australia East","Australia Southeast","Central India","South
        India","West India","Canada Central","Canada East","West Central US","West
        US 2","UK West","UK South","Korea Central","Korea South","France Central"],"apiVersions":["2018-12-01","2018-11-01","2018-10-01","2018-08-01","2018-07-01","2018-06-01","2018-05-01","2018-04-01"]},{"resourceType":"locations/setResourceOwnership","locations":["West
        US","East US","North Europe","West Europe","East Asia","Southeast Asia","North
        Central US","South Central US","Central US","East US 2","Japan East","Japan
        West","Brazil South","Australia East","Australia Southeast","Central India","South
        India","West India","Canada Central","Canada East","West Central US","West
        US 2","UK West","UK South","Korea Central","Korea South","France Central"],"apiVersions":["2018-12-01","2018-11-01","2018-10-01","2018-08-01","2018-07-01","2018-06-01","2018-05-01","2018-04-01"]},{"resourceType":"locations/effectiveResourceOwnership","locations":["West
        US","East US","North Europe","West Europe","East Asia","Southeast Asia","North
        Central US","South Central US","Central US","East US 2","Japan East","Japan
        West","Brazil South","Australia East","Australia Southeast","Central India","South
        India","West India","Canada Central","Canada East","West Central US","West
        US 2","UK West","UK South","Korea Central","Korea South","France Central"],"apiVersions":["2018-12-01","2018-11-01","2018-10-01","2018-08-01","2018-07-01","2018-06-01","2018-05-01","2018-04-01"]},{"resourceType":"operations","locations":[],"apiVersions":["2018-12-01","2018-11-01","2018-10-01","2018-08-01","2018-07-01","2018-06-01","2018-05-01","2018-04-01","2018-03-01","2018-02-01","2018-01-01","2017-11-01","2017-10-01","2017-09-01","2017-08-01","2017-06-01","2017-04-01","2017-03-01","2016-12-01","2016-11-01","2016-10-01","2016-09-01","2016-08-01","2016-07-01","2016-06-01","2016-03-30","2015-06-15","2015-05-01-preview","2014-12-01-preview"]},{"resourceType":"privateDnsZones","locations":["global"],"apiVersions":["2018-09-01"],"defaultApiVersion":"2018-09-01","capabilities":"CrossResourceGroupResourceMove,
        CrossSubscriptionResourceMove"},{"resourceType":"privateDnsZones/virtualNetworkLinks","locations":["global"],"apiVersions":["2018-09-01"],"defaultApiVersion":"2018-09-01","capabilities":"CrossResourceGroupResourceMove,
        CrossSubscriptionResourceMove"},{"resourceType":"privateDnsOperationResults","locations":["global"],"apiVersions":["2018-09-01"],"defaultApiVersion":"2018-09-01"},{"resourceType":"privateDnsOperationStatuses","locations":["global"],"apiVersions":["2018-09-01"],"defaultApiVersion":"2018-09-01"},{"resourceType":"privateDnsZones/A","locations":["global"],"apiVersions":["2018-09-01"],"defaultApiVersion":"2018-09-01"},{"resourceType":"privateDnsZones/AAAA","locations":["global"],"apiVersions":["2018-09-01"],"defaultApiVersion":"2018-09-01"},{"resourceType":"privateDnsZones/CNAME","locations":["global"],"apiVersions":["2018-09-01"],"defaultApiVersion":"2018-09-01"},{"resourceType":"privateDnsZones/PTR","locations":["global"],"apiVersions":["2018-09-01"],"defaultApiVersion":"2018-09-01"},{"resourceType":"privateDnsZones/MX","locations":["global"],"apiVersions":["2018-09-01"],"defaultApiVersion":"2018-09-01"},{"resourceType":"privateDnsZones/TXT","locations":["global"],"apiVersions":["2018-09-01"],"defaultApiVersion":"2018-09-01"},{"resourceType":"privateDnsZones/SRV","locations":["global"],"apiVersions":["2018-09-01"],"defaultApiVersion":"2018-09-01"},{"resourceType":"privateDnsZones/SOA","locations":["global"],"apiVersions":["2018-09-01"],"defaultApiVersion":"2018-09-01"},{"resourceType":"privateDnsZones/all","locations":["global"],"apiVersions":["2018-09-01"],"defaultApiVersion":"2018-09-01"},{"resourceType":"trafficmanagerprofiles","locations":["global"],"apiVersions":["2018-08-01","2018-04-01","2018-03-01","2018-02-01","2017-05-01","2017-03-01","2015-11-01","2015-04-28-preview"],"defaultApiVersion":"2018-08-01","capabilities":"CrossResourceGroupResourceMove,
        CrossSubscriptionResourceMove"},{"resourceType":"trafficmanagerprofiles/heatMaps","locations":["global"],"apiVersions":["2018-08-01","2018-04-01","2018-03-01","2018-02-01","2017-09-01-preview"],"defaultApiVersion":"2018-08-01"},{"resourceType":"checkTrafficManagerNameAvailability","locations":["global"],"apiVersions":["2018-08-01","2018-04-01","2018-03-01","2018-02-01","2017-05-01","2017-03-01","2015-11-01","2015-04-28-preview"],"defaultApiVersion":"2018-08-01"},{"resourceType":"trafficManagerUserMetricsKeys","locations":["global"],"apiVersions":["2018-08-01","2018-04-01","2017-09-01-preview"],"defaultApiVersion":"2018-08-01"},{"resourceType":"trafficManagerGeographicHierarchies","locations":["global"],"apiVersions":["2018-08-01","2018-04-01","2018-03-01","2018-02-01","2017-05-01","2017-03-01"],"defaultApiVersion":"2018-08-01"},{"resourceType":"expressRouteCircuits","locations":["West
        US","East US","North Europe","West Europe","East Asia","Southeast Asia","North
        Central US","South Central US","Central US","East US 2","Japan East","Japan
        West","Brazil South","Australia East","Australia Southeast","Central India","South
        India","West India","Canada Central","Canada East","West Central US","West
        US 2","UK West","UK South","Korea Central","Korea South","France Central"],"apiVersions":["2018-12-01","2018-11-01","2018-10-01","2018-08-01","2018-07-01","2018-06-01","2018-05-01","2018-04-01","2018-03-01","2018-02-01","2018-01-01","2017-11-01","2017-10-01","2017-09-01","2017-08-01","2017-06-01","2017-04-01","2017-03-01","2016-12-01","2016-11-01","2016-10-01","2016-09-01","2016-08-01","2016-07-01","2016-06-01","2016-03-30","2015-06-15","2015-05-01-preview","2014-12-01-preview"],"defaultApiVersion":"2017-09-01","capabilities":"None"},{"resourceType":"expressRouteServiceProviders","locations":[],"apiVersions":["2018-12-01","2018-11-01","2018-10-01","2018-08-01","2018-07-01","2018-06-01","2018-05-01","2018-04-01","2018-03-01","2018-02-01","2018-01-01","2017-11-01","2017-10-01","2017-09-01","2017-08-01","2017-06-01","2017-04-01","2017-03-01","2016-12-01","2016-11-01","2016-10-01","2016-09-01","2016-08-01","2016-07-01","2016-06-01","2016-03-30","2015-06-15","2015-05-01-preview","2014-12-01-preview"]},{"resourceType":"applicationGatewayAvailableWafRuleSets","locations":[],"apiVersions":["2018-12-01","2018-11-01","2018-10-01","2018-08-01","2018-07-01","2018-06-01","2018-05-01","2018-04-01","2018-03-01","2018-02-01","2018-01-01","2017-11-01","2017-10-01","2017-09-01","2017-08-01","2017-06-01","2017-04-01","2017-03-01"]},{"resourceType":"applicationGatewayAvailableServerVariables","locations":[],"apiVersions":["2018-12-01","2018-11-01"]},{"resourceType":"applicationGatewayAvailableRequestHeaders","locations":[],"apiVersions":["2018-12-01","2018-11-01"]},{"resourceType":"applicationGatewayAvailableResponseHeaders","locations":[],"apiVersions":["2018-12-01","2018-11-01"]},{"resourceType":"applicationGatewayAvailableSslOptions","locations":[],"apiVersions":["2018-12-01","2018-11-01","2018-10-01","2018-08-01","2018-07-01","2018-06-01","2018-05-01","2018-04-01","2018-03-01","2018-02-01","2018-01-01","2017-11-01","2017-10-01","2017-09-01","2017-08-01","2017-06-01"]},{"resourceType":"routeFilters","locations":["West
        US","East US","North Europe","West Europe","East Asia","Southeast Asia","North
        Central US","South Central US","Central US","East US 2","Japan East","Japan
        West","Brazil South","Australia East","Australia Southeast","Central India","South
        India","West India","Canada Central","Canada East","West Central US","West
        US 2","UK West","UK South","Korea Central","Korea South","France Central"],"apiVersions":["2018-12-01","2018-11-01","2018-10-01","2018-08-01","2018-07-01","2018-06-01","2018-05-01","2018-04-01","2018-03-01","2018-02-01","2018-01-01","2017-11-01","2017-10-01","2017-09-01","2017-08-01","2017-06-01","2017-04-01","2017-03-01","2016-12-01"],"defaultApiVersion":"2016-12-01","capabilities":"None"},{"resourceType":"bgpServiceCommunities","locations":[],"apiVersions":["2018-12-01","2018-11-01","2018-10-01","2018-08-01","2018-07-01","2018-06-01","2018-05-01","2018-04-01","2018-03-01","2018-02-01","2018-01-01","2017-11-01","2017-10-01","2017-09-01","2017-08-01","2017-06-01","2017-04-01","2017-03-01","2016-12-01"]},{"resourceType":"virtualWans","locations":["West
        US","East US","North Europe","West Europe","East Asia","Southeast Asia","North
        Central US","South Central US","Central US","East US 2","Japan East","Japan
        West","Brazil South","Australia East","Australia Southeast","Central India","South
        India","West India","Canada Central","Canada East","West Central US","West
        US 2","UK West","UK South","Korea Central","Korea South","France Central"],"apiVersions":["2018-12-01","2018-11-01","2018-10-01","2018-08-01","2018-07-01","2018-06-01","2018-05-01","2018-04-01","2018-03-01","2018-02-01","2018-01-01","2017-11-01","2017-10-01","2017-09-01"],"defaultApiVersion":"2017-09-01","capabilities":"None"},{"resourceType":"vpnSites","locations":["West
        US","East US","North Europe","West Europe","East Asia","Southeast Asia","North
        Central US","South Central US","Central US","East US 2","Japan East","Japan
        West","Brazil South","Australia East","Australia Southeast","Central India","South
        India","West India","Canada Central","Canada East","West Central US","West
        US 2","UK West","UK South","Korea Central","Korea South","France Central"],"apiVersions":["2018-12-01","2018-11-01","2018-10-01","2018-08-01","2018-07-01","2018-06-01","2018-05-01","2018-04-01","2018-03-01","2018-02-01","2018-01-01","2017-11-01","2017-10-01","2017-09-01"],"defaultApiVersion":"2017-09-01","capabilities":"CrossResourceGroupResourceMove,
        CrossSubscriptionResourceMove"},{"resourceType":"virtualHubs","locations":["West
        US","East US","North Europe","West Europe","East Asia","Southeast Asia","North
        Central US","South Central US","Central US","East US 2","Japan East","Japan
        West","Brazil South","Australia East","Australia Southeast","Central India","South
        India","West India","Canada Central","Canada East","West Central US","West
        US 2","UK West","UK South","Korea Central","Korea South","France Central"],"apiVersions":["2018-12-01","2018-11-01","2018-10-01","2018-08-01","2018-07-01","2018-06-01","2018-05-01","2018-04-01","2018-03-01","2018-02-01","2018-01-01","2017-11-01","2017-10-01","2017-09-01"],"defaultApiVersion":"2017-11-01","capabilities":"None"},{"resourceType":"vpnGateways","locations":["West
        US","East US","North Europe","West Europe","East Asia","Southeast Asia","North
        Central US","South Central US","Central US","East US 2","Japan East","Japan
        West","Brazil South","Australia East","Australia Southeast","Central India","South
        India","West India","Canada Central","Canada East","West Central US","West
        US 2","UK West","UK South","Korea Central","Korea South","France Central"],"apiVersions":["2018-12-01","2018-11-01","2018-10-01","2018-08-01","2018-07-01","2018-06-01","2018-05-01","2018-04-01","2018-03-01","2018-02-01","2018-01-01","2017-11-01","2017-10-01","2017-09-01"],"defaultApiVersion":"2017-11-01","capabilities":"None"},{"resourceType":"azureFirewalls","locations":["West
        US","East US","North Europe","West Europe","East Asia","Southeast Asia","North
        Central US","South Central US","Central US","East US 2","Brazil South","Australia
        East","Australia Southeast","Central India","South India","West India","Canada
        Central","Canada East","West Central US","West US 2","UK West","UK South","France
        Central","Japan West","Japan East","Korea Central","Korea South"],"apiVersions":["2018-12-01","2018-11-01","2018-10-01","2018-08-01","2018-07-01","2018-06-01","2018-05-01","2018-04-01"],"defaultApiVersion":"2018-04-01","capabilities":"CrossResourceGroupResourceMove,
        CrossSubscriptionResourceMove"},{"resourceType":"azureFirewallFqdnTags","locations":[],"apiVersions":["2018-12-01","2018-11-01","2018-10-01","2018-08-01"]},{"resourceType":"virtualNetworkTaps","locations":["West
        US","East US","North Europe","West Europe","East Asia","Southeast Asia","North
        Central US","South Central US","Central US","East US 2","Japan East","Japan
        West","Brazil South","Australia East","Australia Southeast","Central India","South
        India","West India","Canada Central","Canada East","West Central US","West
        US 2","UK West","UK South","Korea Central","Korea South","France Central"],"apiVersions":["2018-12-01","2018-11-01","2018-10-01","2018-08-01"],"defaultApiVersion":"2018-08-01","capabilities":"None"},{"resourceType":"privateLinkServices","locations":["West
        Central US"],"apiVersions":["2018-12-01","2018-11-01","2018-10-01","2018-08-01"],"defaultApiVersion":"2018-08-01","capabilities":"None"},{"resourceType":"ddosProtectionPlans","locations":["West
        US","East US","North Europe","West Europe","East Asia","Southeast Asia","North
        Central US","South Central US","Central US","East US 2","Japan East","Japan
        West","Brazil South","Australia East","Australia Southeast","Central India","South
        India","West India","Canada Central","Canada East","West Central US","West
        US 2","UK West","UK South","Korea Central","Korea South","France Central"],"apiVersions":["2018-12-01","2018-11-01","2018-10-01","2018-08-01","2018-07-01","2018-06-01","2018-05-01","2018-04-01","2018-03-01","2018-02-01"],"defaultApiVersion":"2018-02-01","apiProfiles":[{"profileVersion":"2017-03-09-profile","apiVersion":"2018-02-01"}],"capabilities":"None"},{"resourceType":"networkProfiles","locations":["West
        US","East US","North Europe","West Europe","East Asia","Southeast Asia","North
        Central US","South Central US","Central US","East US 2","Japan East","Japan
        West","Brazil South","Australia East","Australia Southeast","Central India","South
        India","West India","Canada Central","Canada East","West Central US","West
        US 2","UK West","UK South","Korea Central","Korea South","France Central"],"apiVersions":["2018-12-01","2018-11-01","2018-10-01","2018-08-01","2018-07-01","2018-06-01","2018-05-01"],"defaultApiVersion":"2018-05-01","capabilities":"None"},{"resourceType":"frontdoorOperationResults","locations":["global"],"apiVersions":["2018-08-01"],"defaultApiVersion":"2018-08-01"},{"resourceType":"checkFrontdoorNameAvailability","locations":["global","Central
        US","East US","East US 2","North Central US","South Central US","West US","North
        Europe","West Europe","East Asia","Southeast Asia","Japan East","Japan West","Brazil
        South","Australia East","Australia Southeast"],"apiVersions":["2018-08-01"],"defaultApiVersion":"2018-08-01"},{"resourceType":"frontdoors","locations":["global","Central
        US","East US","East US 2","North Central US","South Central US","West US","North
        Europe","West Europe","East Asia","Southeast Asia","Japan East","Japan West","Brazil
        South","Australia East","Australia Southeast"],"apiVersions":["2018-12-01","2018-11-01","2018-10-01","2018-08-01"],"defaultApiVersion":"2018-08-01","capabilities":"CrossResourceGroupResourceMove,
        CrossSubscriptionResourceMove"},{"resourceType":"frontdoorWebApplicationFirewallPolicies","locations":["global","Central
        US","East US","East US 2","North Central US","South Central US","West US","North
        Europe","West Europe","East Asia","Southeast Asia","Japan East","Japan West","Brazil
        South","Australia East","Australia Southeast"],"apiVersions":["2018-08-01"],"defaultApiVersion":"2018-08-01","capabilities":"CrossResourceGroupResourceMove,
        CrossSubscriptionResourceMove"},{"resourceType":"webApplicationFirewallPolicies","locations":["global","Central
        US","East US","East US 2","North Central US","South Central US","West US","North
        Europe","West Europe","East Asia","Southeast Asia","Japan East","Japan West","Brazil
        South","Australia East","Australia Southeast"],"apiVersions":["2018-08-01"],"defaultApiVersion":"2018-08-01","capabilities":"CrossResourceGroupResourceMove,
        CrossSubscriptionResourceMove"},{"resourceType":"locations/bareMetalTenants","locations":["West
        US","East US","North Europe","West Europe","East Asia","Southeast Asia","North
        Central US","South Central US","Central US","East US 2","Japan East","Japan
        West","Brazil South","Australia East","Australia Southeast","Central India","South
        India","West India","Canada Central","Canada East","West Central US","West
        US 2","UK West","UK South","Korea Central","Korea South","France Central"],"apiVersions":["2018-12-01","2018-11-01","2018-10-01","2018-08-01","2018-07-01"]},{"resourceType":"dnszones","locations":["global"],"apiVersions":["2018-05-01","2018-03-01-preview","2017-10-01","2017-09-15-preview","2017-09-01","2016-04-01","2015-11-30","2015-11-15-preview","2015-05-04-preview"],"defaultApiVersion":"2016-04-01","apiProfiles":[{"profileVersion":"2017-03-09-profile","apiVersion":"2016-04-01"},{"profileVersion":"2018-03-01-hybrid","apiVersion":"2017-10-01"}],"capabilities":"CrossResourceGroupResourceMove,
        CrossSubscriptionResourceMove"},{"resourceType":"dnsOperationResults","locations":["global"],"apiVersions":["2018-05-01","2018-03-01-preview","2017-10-01","2017-09-15-preview","2017-09-01","2016-04-01","2015-11-30","2015-11-15-preview"],"defaultApiVersion":"2016-04-01"},{"resourceType":"dnsOperationStatuses","locations":["global"],"apiVersions":["2018-05-01","2018-03-01-preview","2017-10-01","2017-09-15-preview","2017-09-01","2016-04-01","2015-11-30","2015-11-15-preview"],"defaultApiVersion":"2016-04-01"},{"resourceType":"getDnsResourceReference","locations":["global"],"apiVersions":["2018-05-01"],"defaultApiVersion":"2018-05-01"},{"resourceType":"internalNotify","locations":["global"],"apiVersions":["2018-05-01"],"defaultApiVersion":"2018-05-01"},{"resourceType":"dnszones/A","locations":["global"],"apiVersions":["2018-05-01","2018-03-01-preview","2017-10-01","2017-09-15-preview","2017-09-01","2016-04-01","2015-11-30","2015-11-15-preview","2015-05-04-preview"],"defaultApiVersion":"2016-04-01"},{"resourceType":"dnszones/AAAA","locations":["global"],"apiVersions":["2018-05-01","2018-03-01-preview","2017-10-01","2017-09-15-preview","2017-09-01","2016-04-01","2015-11-30","2015-11-15-preview","2015-05-04-preview"],"defaultApiVersion":"2016-04-01"},{"resourceType":"dnszones/CNAME","locations":["global"],"apiVersions":["2018-05-01","2018-03-01-preview","2017-10-01","2017-09-15-preview","2017-09-01","2016-04-01","2015-11-30","2015-11-15-preview","2015-05-04-preview"],"defaultApiVersion":"2016-04-01"},{"resourceType":"dnszones/PTR","locations":["global"],"apiVersions":["2018-05-01","2018-03-01-preview","2017-10-01","2017-09-15-preview","2017-09-01","2016-04-01","2015-11-30","2015-11-15-preview","2015-05-04-preview"],"defaultApiVersion":"2016-04-01"},{"resourceType":"dnszones/MX","locations":["global"],"apiVersions":["2018-05-01","2018-03-01-preview","2017-10-01","2017-09-15-preview","2017-09-01","2016-04-01","2015-11-30","2015-11-15-preview","2015-05-04-preview"],"defaultApiVersion":"2016-04-01"},{"resourceType":"dnszones/TXT","locations":["global"],"apiVersions":["2018-05-01","2018-03-01-preview","2017-10-01","2017-09-15-preview","2017-09-01","2016-04-01","2015-11-30","2015-11-15-preview","2015-05-04-preview"],"defaultApiVersion":"2016-04-01"},{"resourceType":"dnszones/SRV","locations":["global"],"apiVersions":["2018-05-01","2018-03-01-preview","2017-10-01","2017-09-15-preview","2017-09-01","2016-04-01","2015-11-30","2015-11-15-preview","2015-05-04-preview"],"defaultApiVersion":"2016-04-01"},{"resourceType":"dnszones/SOA","locations":["global"],"apiVersions":["2018-05-01","2018-03-01-preview","2017-10-01","2017-09-15-preview","2017-09-01","2016-04-01","2015-11-30","2015-11-15-preview","2015-05-04-preview"],"defaultApiVersion":"2016-04-01"},{"resourceType":"dnszones/NS","locations":["global"],"apiVersions":["2018-05-01","2018-03-01-preview","2017-10-01","2017-09-15-preview","2017-09-01","2016-04-01","2015-11-30","2015-11-15-preview","2015-05-04-preview"],"defaultApiVersion":"2016-04-01"},{"resourceType":"dnszones/CAA","locations":["global"],"apiVersions":["2018-05-01","2018-03-01-preview","2017-10-01","2017-09-15-preview","2017-09-01"],"defaultApiVersion":"2017-09-01"},{"resourceType":"dnszones/recordsets","locations":["global"],"apiVersions":["2018-05-01","2018-03-01-preview","2017-10-01","2017-09-15-preview","2017-09-01","2016-04-01","2015-11-30","2015-11-15-preview","2015-05-04-preview"],"defaultApiVersion":"2016-04-01"},{"resourceType":"dnszones/all","locations":["global"],"apiVersions":["2018-05-01","2018-03-01-preview","2017-10-01","2017-09-15-preview","2017-09-01","2016-04-01","2015-11-30","2015-11-15-preview","2015-05-04-preview"],"defaultApiVersion":"2016-04-01"},{"resourceType":"expressRouteGateways","locations":["West
        US","East US","North Europe","West Europe","East Asia","Southeast Asia","North
        Central US","South Central US","Central US","East US 2","Japan East","Japan
        West","Brazil South","Australia East","Australia Southeast","Central India","South
        India","West India","Canada Central","Canada East","West Central US","West
        US 2","UK West","UK South","Korea Central","Korea South","France Central"],"apiVersions":["2018-12-01","2018-11-01","2018-10-01","2018-08-01"],"defaultApiVersion":"2018-08-01","capabilities":"None"}],"registrationState":"Registered"}'}
    headers:
      cache-control: [no-cache]
      content-length: ['48406']
      content-type: [application/json; charset=utf-8]
      date: ['Fri, 15 Feb 2019 20:51:09 GMT']
      expires: ['-1']
      pragma: [no-cache]
      strict-transport-security: [max-age=31536000; includeSubDomains]
      vary: [Accept-Encoding]
      x-content-type-options: [nosniff]
    status: {code: 200, message: OK}
- request:
    body: null
    headers:
      Accept: [application/json]
      Accept-Encoding: ['gzip, deflate']
      CommandName: [vmss create]
      Connection: [keep-alive]
      ParameterSetName: [-g -l -n --lb --lb-sku --public-ip-address --image --admin-username
          --admin-password]
      User-Agent: [python/3.7.1 (Windows-10-10.0.17763-SP0) msrest/0.6.4 msrest_azure/0.6.0
          resourcemanagementclient/2.1.0 Azure-SDK-For-Python AZURECLI/2.0.59]
      accept-language: [en-US]
    method: GET
    uri: https://management.azure.com/subscriptions/00000000-0000-0000-0000-000000000000/resourcegroups/cli_test_vmss_lb_sku000001/providers/Microsoft.Network/publicIPAddresses/pubip1?api-version=2018-12-01
  response:
    body: {string: '{"error":{"code":"ResourceNotFound","message":"The Resource ''Microsoft.Network/publicIPAddresses/pubip1''
        under resource group ''cli_test_vmss_lb_sku000001'' was not found."}}'}
    headers:
      cache-control: [no-cache]
      content-length: ['221']
      content-type: [application/json; charset=utf-8]
      date: ['Fri, 15 Feb 2019 20:51:10 GMT']
      expires: ['-1']
      pragma: [no-cache]
      strict-transport-security: [max-age=31536000; includeSubDomains]
      x-content-type-options: [nosniff]
      x-ms-failure-cause: [gateway]
    status: {code: 404, message: Not Found}
- request:
    body: 'b''{"properties": {"template": {"$schema": "https://schema.management.azure.com/schemas/2015-01-01/deploymentTemplate.json#",
      "contentVersion": "1.0.0.0", "parameters": {"adminPassword": {"type": "securestring",
      "metadata": {"description": "Secure adminPassword"}}}, "variables": {}, "resources":
      [{"apiVersion": "2018-01-01", "type": "Microsoft.Network/publicIPAddresses",
      "name": "pubip1", "location": "eastus2", "tags": {}, "dependsOn": [], "properties":
      {"publicIPAllocationMethod": "Static"}, "sku": {"name": "Standard"}}, {"type":
      "Microsoft.Network/loadBalancers", "name": "lb1", "location": "eastus2", "tags":
      {}, "apiVersion": "2018-01-01", "dependsOn": ["Microsoft.Network/publicIpAddresses/pubip1"],
      "properties": {"backendAddressPools": [{"name": "lb1BEPool"}], "inboundNatPools":
      [{"name": "lb1NatPool", "properties": {"frontendIPConfiguration": {"id": "[concat(resourceId(\''Microsoft.Network/loadBalancers\'',
      \''lb1\''), \''/frontendIPConfigurations/\'', \''loadBalancerFrontEnd\'')]"},
      "protocol": "tcp", "frontendPortRangeStart": "50000", "frontendPortRangeEnd":
      "50119", "backendPort": 22}}], "frontendIPConfigurations": [{"name": "loadBalancerFrontEnd",
      "properties": {"publicIPAddress": {"id": "/subscriptions/00000000-0000-0000-0000-000000000000/resourceGroups/cli_test_vmss_lb_sku000001/providers/Microsoft.Network/publicIPAddresses/pubip1"}}}],
      "loadBalancingRules": [{"name": "LBRule", "properties": {"frontendIPConfiguration":
      {"id": "[concat(resourceId(\''Microsoft.Network/loadBalancers\'', \''lb1\''),
      \''/frontendIPConfigurations/\'', \''loadBalancerFrontEnd\'')]"}, "backendAddressPool":
      {"id": "[concat(resourceId(\''Microsoft.Network/loadBalancers\'', \''lb1\''),
      \''/backendAddressPools/\'', \''lb1BEPool\'')]"}, "protocol": "tcp", "frontendPort":
      80, "backendPort": 80, "enableFloatingIP": false, "idleTimeoutInMinutes": 5}}]},
      "sku": {"name": "Standard"}}, {"type": "Microsoft.Network/networkSecurityGroups",
      "name": "vmss1NSG", "apiVersion": "2015-06-15", "location": "eastus2", "tags":
      {}, "dependsOn": [], "properties": {"securityRules": [{"name": "default-allow-ssh",
      "properties": {"protocol": "Tcp", "sourcePortRange": "*", "destinationPortRange":
      "22", "sourceAddressPrefix": "*", "destinationAddressPrefix": "*", "access":
      "Allow", "priority": 1000, "direction": "Inbound"}}]}}, {"type": "Microsoft.Compute/virtualMachineScaleSets",
      "name": "vmss1", "location": "eastus2", "tags": {}, "apiVersion": "2018-10-01",
      "dependsOn": ["Microsoft.Network/loadBalancers/lb1", "Microsoft.Network/networkSecurityGroups/vmss1NSG"],
      "sku": {"name": "Standard_DS1_v2", "capacity": 2}, "properties": {"overprovision":
      true, "upgradePolicy": {"mode": "manual"}, "virtualMachineProfile": {"storageProfile":
      {"osDisk": {"createOption": "FromImage", "caching": "ReadWrite", "managedDisk":
      {"storageAccountType": null}}, "imageReference": {"publisher": "Canonical",
      "offer": "UbuntuServer", "sku": "18.04-LTS", "version": "latest"}}, "osProfile":
      {"computerNamePrefix": "vmss18752", "adminUsername": "admin123", "adminPassword":
      "[parameters(\''adminPassword\'')]"}, "networkProfile": {"networkInterfaceConfigurations":
      [{"name": "vmss18752Nic", "properties": {"primary": "true", "ipConfigurations":
      [{"name": "vmss18752IPConfig", "properties": {"subnet": {"id": "/subscriptions/00000000-0000-0000-0000-000000000000/resourceGroups/cli_test_vmss_lb_sku000001/providers/Microsoft.Network/virtualNetworks/vmss0VNET/subnets/vmss0Subnet"},
      "loadBalancerBackendAddressPools": [{"id": "/subscriptions/00000000-0000-0000-0000-000000000000/resourceGroups/cli_test_vmss_lb_sku000001/providers/Microsoft.Network/loadBalancers/lb1/backendAddressPools/lb1BEPool"}],
      "loadBalancerInboundNatPools": [{"id": "/subscriptions/00000000-0000-0000-0000-000000000000/resourceGroups/cli_test_vmss_lb_sku000001/providers/Microsoft.Network/loadBalancers/lb1/inboundNatPools/lb1NatPool"}]}}],
      "networkSecurityGroup": {"id": "[resourceId(\''Microsoft.Network/networkSecurityGroups\'',
      \''vmss1NSG\'')]"}}}]}}, "singlePlacementGroup": null}}], "outputs": {"VMSS":
      {"type": "object", "value": "[reference(resourceId(\''Microsoft.Compute/virtualMachineScaleSets\'',
      \''vmss1\''),providers(\''Microsoft.Compute\'', \''virtualMachineScaleSets\'').apiVersions[0])]"}}},
      "parameters": {"adminPassword": {"value": "PasswordPassword1!"}}, "mode": "Incremental"}}'''
    headers:
      Accept: [application/json]
      Accept-Encoding: ['gzip, deflate']
      CommandName: [vmss create]
      Connection: [keep-alive]
      Content-Length: ['4466']
      Content-Type: [application/json; charset=utf-8]
      ParameterSetName: [-g -l -n --lb --lb-sku --public-ip-address --image --admin-username
          --admin-password]
      User-Agent: [python/3.7.1 (Windows-10-10.0.17763-SP0) msrest/0.6.4 msrest_azure/0.6.0
          resourcemanagementclient/2.1.0 Azure-SDK-For-Python AZURECLI/2.0.59]
      accept-language: [en-US]
    method: PUT
    uri: https://management.azure.com/subscriptions/00000000-0000-0000-0000-000000000000/resourcegroups/cli_test_vmss_lb_sku000001/providers/Microsoft.Resources/deployments/mock-deployment?api-version=2018-05-01
  response:
    body: {string: '{"id":"/subscriptions/00000000-0000-0000-0000-000000000000/resourceGroups/cli_test_vmss_lb_sku000001/providers/Microsoft.Resources/deployments/vmss_deploy_oW7735Pp7qr5o6B251LPwKoaY4YEO41C","name":"vmss_deploy_oW7735Pp7qr5o6B251LPwKoaY4YEO41C","properties":{"templateHash":"16037585135466873865","parameters":{"adminPassword":{"type":"SecureString"}},"mode":"Incremental","provisioningState":"Accepted","timestamp":"2019-02-15T20:51:14.2146421Z","duration":"PT1.5867404S","correlationId":"2780c8b4-f710-4c54-8ec5-6cb51949862d","providers":[{"namespace":"Microsoft.Network","resourceTypes":[{"resourceType":"publicIPAddresses","locations":["eastus2"]},{"resourceType":"loadBalancers","locations":["eastus2"]},{"resourceType":"networkSecurityGroups","locations":["eastus2"]}]},{"namespace":"Microsoft.Compute","resourceTypes":[{"resourceType":"virtualMachineScaleSets","locations":["eastus2"]}]}],"dependencies":[{"dependsOn":[{"id":"/subscriptions/00000000-0000-0000-0000-000000000000/resourceGroups/cli_test_vmss_lb_sku000001/providers/Microsoft.Network/publicIPAddresses/pubip1","resourceType":"Microsoft.Network/publicIPAddresses","resourceName":"pubip1"}],"id":"/subscriptions/00000000-0000-0000-0000-000000000000/resourceGroups/cli_test_vmss_lb_sku000001/providers/Microsoft.Network/loadBalancers/lb1","resourceType":"Microsoft.Network/loadBalancers","resourceName":"lb1"},{"dependsOn":[{"id":"/subscriptions/00000000-0000-0000-0000-000000000000/resourceGroups/cli_test_vmss_lb_sku000001/providers/Microsoft.Network/loadBalancers/lb1","resourceType":"Microsoft.Network/loadBalancers","resourceName":"lb1"},{"id":"/subscriptions/00000000-0000-0000-0000-000000000000/resourceGroups/cli_test_vmss_lb_sku000001/providers/Microsoft.Network/networkSecurityGroups/vmss1NSG","resourceType":"Microsoft.Network/networkSecurityGroups","resourceName":"vmss1NSG"}],"id":"/subscriptions/00000000-0000-0000-0000-000000000000/resourceGroups/cli_test_vmss_lb_sku000001/providers/Microsoft.Compute/virtualMachineScaleSets/vmss1","resourceType":"Microsoft.Compute/virtualMachineScaleSets","resourceName":"vmss1"}]}}'}
    headers:
      azure-asyncoperation: ['https://management.azure.com/subscriptions/00000000-0000-0000-0000-000000000000/resourcegroups/cli_test_vmss_lb_sku000001/providers/Microsoft.Resources/deployments/vmss_deploy_oW7735Pp7qr5o6B251LPwKoaY4YEO41C/operationStatuses/08586513430128497284?api-version=2018-05-01']
      cache-control: [no-cache]
      content-length: ['2393']
      content-type: [application/json; charset=utf-8]
      date: ['Fri, 15 Feb 2019 20:51:13 GMT']
      expires: ['-1']
      pragma: [no-cache]
      strict-transport-security: [max-age=31536000; includeSubDomains]
      x-content-type-options: [nosniff]
      x-ms-ratelimit-remaining-subscription-writes: ['1197']
    status: {code: 201, message: Created}
- request:
    body: null
    headers:
      Accept: [application/json]
      Accept-Encoding: ['gzip, deflate']
      CommandName: [vmss create]
      Connection: [keep-alive]
      ParameterSetName: [-g -l -n --lb --lb-sku --public-ip-address --image --admin-username
          --admin-password]
      User-Agent: [python/3.7.1 (Windows-10-10.0.17763-SP0) msrest/0.6.4 msrest_azure/0.6.0
          resourcemanagementclient/2.1.0 Azure-SDK-For-Python AZURECLI/2.0.59]
    method: GET
    uri: https://management.azure.com/subscriptions/00000000-0000-0000-0000-000000000000/resourcegroups/cli_test_vmss_lb_sku000001/providers/Microsoft.Resources/deployments/mock-deployment/operationStatuses/08586513430128497284?api-version=2018-05-01
  response:
    body: {string: '{"status":"Running"}'}
    headers:
      cache-control: [no-cache]
      content-length: ['20']
      content-type: [application/json; charset=utf-8]
      date: ['Fri, 15 Feb 2019 20:51:44 GMT']
      expires: ['-1']
      pragma: [no-cache]
      strict-transport-security: [max-age=31536000; includeSubDomains]
      vary: [Accept-Encoding]
      x-content-type-options: [nosniff]
    status: {code: 200, message: OK}
- request:
    body: null
    headers:
      Accept: [application/json]
      Accept-Encoding: ['gzip, deflate']
      CommandName: [vmss create]
      Connection: [keep-alive]
      ParameterSetName: [-g -l -n --lb --lb-sku --public-ip-address --image --admin-username
          --admin-password]
      User-Agent: [python/3.7.1 (Windows-10-10.0.17763-SP0) msrest/0.6.4 msrest_azure/0.6.0
          resourcemanagementclient/2.1.0 Azure-SDK-For-Python AZURECLI/2.0.59]
    method: GET
    uri: https://management.azure.com/subscriptions/00000000-0000-0000-0000-000000000000/resourcegroups/cli_test_vmss_lb_sku000001/providers/Microsoft.Resources/deployments/mock-deployment/operationStatuses/08586513430128497284?api-version=2018-05-01
  response:
    body: {string: '{"status":"Running"}'}
    headers:
      cache-control: [no-cache]
      content-length: ['20']
      content-type: [application/json; charset=utf-8]
      date: ['Fri, 15 Feb 2019 20:52:14 GMT']
      expires: ['-1']
      pragma: [no-cache]
      strict-transport-security: [max-age=31536000; includeSubDomains]
      vary: [Accept-Encoding]
      x-content-type-options: [nosniff]
    status: {code: 200, message: OK}
- request:
    body: null
    headers:
      Accept: [application/json]
      Accept-Encoding: ['gzip, deflate']
      CommandName: [vmss create]
      Connection: [keep-alive]
      ParameterSetName: [-g -l -n --lb --lb-sku --public-ip-address --image --admin-username
          --admin-password]
      User-Agent: [python/3.7.1 (Windows-10-10.0.17763-SP0) msrest/0.6.4 msrest_azure/0.6.0
          resourcemanagementclient/2.1.0 Azure-SDK-For-Python AZURECLI/2.0.59]
    method: GET
    uri: https://management.azure.com/subscriptions/00000000-0000-0000-0000-000000000000/resourcegroups/cli_test_vmss_lb_sku000001/providers/Microsoft.Resources/deployments/mock-deployment/operationStatuses/08586513430128497284?api-version=2018-05-01
  response:
    body: {string: '{"status":"Running"}'}
    headers:
      cache-control: [no-cache]
      content-length: ['20']
      content-type: [application/json; charset=utf-8]
      date: ['Fri, 15 Feb 2019 20:52:44 GMT']
      expires: ['-1']
      pragma: [no-cache]
      strict-transport-security: [max-age=31536000; includeSubDomains]
      vary: [Accept-Encoding]
      x-content-type-options: [nosniff]
    status: {code: 200, message: OK}
- request:
    body: null
    headers:
      Accept: [application/json]
      Accept-Encoding: ['gzip, deflate']
      CommandName: [vmss create]
      Connection: [keep-alive]
      ParameterSetName: [-g -l -n --lb --lb-sku --public-ip-address --image --admin-username
          --admin-password]
      User-Agent: [python/3.7.1 (Windows-10-10.0.17763-SP0) msrest/0.6.4 msrest_azure/0.6.0
          resourcemanagementclient/2.1.0 Azure-SDK-For-Python AZURECLI/2.0.59]
    method: GET
    uri: https://management.azure.com/subscriptions/00000000-0000-0000-0000-000000000000/resourcegroups/cli_test_vmss_lb_sku000001/providers/Microsoft.Resources/deployments/mock-deployment/operationStatuses/08586513430128497284?api-version=2018-05-01
  response:
    body: {string: '{"status":"Succeeded"}'}
    headers:
      cache-control: [no-cache]
      content-length: ['22']
      content-type: [application/json; charset=utf-8]
      date: ['Fri, 15 Feb 2019 20:53:15 GMT']
      expires: ['-1']
      pragma: [no-cache]
      strict-transport-security: [max-age=31536000; includeSubDomains]
      vary: [Accept-Encoding]
      x-content-type-options: [nosniff]
    status: {code: 200, message: OK}
- request:
    body: null
    headers:
      Accept: [application/json]
      Accept-Encoding: ['gzip, deflate']
      CommandName: [vmss create]
      Connection: [keep-alive]
      ParameterSetName: [-g -l -n --lb --lb-sku --public-ip-address --image --admin-username
          --admin-password]
      User-Agent: [python/3.7.1 (Windows-10-10.0.17763-SP0) msrest/0.6.4 msrest_azure/0.6.0
          resourcemanagementclient/2.1.0 Azure-SDK-For-Python AZURECLI/2.0.59]
    method: GET
    uri: https://management.azure.com/subscriptions/00000000-0000-0000-0000-000000000000/resourcegroups/cli_test_vmss_lb_sku000001/providers/Microsoft.Resources/deployments/mock-deployment?api-version=2018-05-01
  response:
    body: {string: '{"id":"/subscriptions/00000000-0000-0000-0000-000000000000/resourceGroups/cli_test_vmss_lb_sku000001/providers/Microsoft.Resources/deployments/vmss_deploy_oW7735Pp7qr5o6B251LPwKoaY4YEO41C","name":"vmss_deploy_oW7735Pp7qr5o6B251LPwKoaY4YEO41C","properties":{"templateHash":"16037585135466873865","parameters":{"adminPassword":{"type":"SecureString"}},"mode":"Incremental","provisioningState":"Succeeded","timestamp":"2019-02-15T20:53:14.6681505Z","duration":"PT2M2.0402488S","correlationId":"2780c8b4-f710-4c54-8ec5-6cb51949862d","providers":[{"namespace":"Microsoft.Network","resourceTypes":[{"resourceType":"publicIPAddresses","locations":["eastus2"]},{"resourceType":"loadBalancers","locations":["eastus2"]},{"resourceType":"networkSecurityGroups","locations":["eastus2"]}]},{"namespace":"Microsoft.Compute","resourceTypes":[{"resourceType":"virtualMachineScaleSets","locations":["eastus2"]}]}],"dependencies":[{"dependsOn":[{"id":"/subscriptions/00000000-0000-0000-0000-000000000000/resourceGroups/cli_test_vmss_lb_sku000001/providers/Microsoft.Network/publicIPAddresses/pubip1","resourceType":"Microsoft.Network/publicIPAddresses","resourceName":"pubip1"}],"id":"/subscriptions/00000000-0000-0000-0000-000000000000/resourceGroups/cli_test_vmss_lb_sku000001/providers/Microsoft.Network/loadBalancers/lb1","resourceType":"Microsoft.Network/loadBalancers","resourceName":"lb1"},{"dependsOn":[{"id":"/subscriptions/00000000-0000-0000-0000-000000000000/resourceGroups/cli_test_vmss_lb_sku000001/providers/Microsoft.Network/loadBalancers/lb1","resourceType":"Microsoft.Network/loadBalancers","resourceName":"lb1"},{"id":"/subscriptions/00000000-0000-0000-0000-000000000000/resourceGroups/cli_test_vmss_lb_sku000001/providers/Microsoft.Network/networkSecurityGroups/vmss1NSG","resourceType":"Microsoft.Network/networkSecurityGroups","resourceName":"vmss1NSG"}],"id":"/subscriptions/00000000-0000-0000-0000-000000000000/resourceGroups/cli_test_vmss_lb_sku000001/providers/Microsoft.Compute/virtualMachineScaleSets/vmss1","resourceType":"Microsoft.Compute/virtualMachineScaleSets","resourceName":"vmss1"}],"outputs":{"vmss":{"type":"Object","value":{"singlePlacementGroup":true,"upgradePolicy":{"mode":"Manual"},"virtualMachineProfile":{"osProfile":{"computerNamePrefix":"vmss18752","adminUsername":"admin123","linuxConfiguration":{"disablePasswordAuthentication":false,"provisionVMAgent":true},"secrets":[],"allowExtensionOperations":true,"requireGuestProvisionSignal":true},"storageProfile":{"osDisk":{"createOption":"FromImage","caching":"ReadWrite","managedDisk":{"storageAccountType":"Premium_LRS"}},"imageReference":{"publisher":"Canonical","offer":"UbuntuServer","sku":"18.04-LTS","version":"latest"}},"networkProfile":{"networkInterfaceConfigurations":[{"name":"vmss18752Nic","properties":{"primary":true,"enableAcceleratedNetworking":false,"networkSecurityGroup":{"id":"/subscriptions/00000000-0000-0000-0000-000000000000/resourceGroups/cli_test_vmss_lb_sku000001/providers/Microsoft.Network/networkSecurityGroups/vmss1NSG"},"dnsSettings":{"dnsServers":[]},"enableIPForwarding":false,"ipConfigurations":[{"name":"vmss18752IPConfig","properties":{"subnet":{"id":"/subscriptions/00000000-0000-0000-0000-000000000000/resourceGroups/cli_test_vmss_lb_sku000001/providers/Microsoft.Network/virtualNetworks/vmss0VNET/subnets/vmss0Subnet"},"privateIPAddressVersion":"IPv4","loadBalancerBackendAddressPools":[{"id":"/subscriptions/00000000-0000-0000-0000-000000000000/resourceGroups/cli_test_vmss_lb_sku000001/providers/Microsoft.Network/loadBalancers/lb1/backendAddressPools/lb1BEPool"}],"loadBalancerInboundNatPools":[{"id":"/subscriptions/00000000-0000-0000-0000-000000000000/resourceGroups/cli_test_vmss_lb_sku000001/providers/Microsoft.Network/loadBalancers/lb1/inboundNatPools/lb1NatPool"}]}}]}}]}},"provisioningState":"Succeeded","overprovision":true,"uniqueId":"9baceb58-5bc2-4dc9-a507-017a5c2954c7"}}},"outputResources":[{"id":"/subscriptions/00000000-0000-0000-0000-000000000000/resourceGroups/cli_test_vmss_lb_sku000001/providers/Microsoft.Compute/virtualMachineScaleSets/vmss1"},{"id":"/subscriptions/00000000-0000-0000-0000-000000000000/resourceGroups/cli_test_vmss_lb_sku000001/providers/Microsoft.Network/loadBalancers/lb1"},{"id":"/subscriptions/00000000-0000-0000-0000-000000000000/resourceGroups/cli_test_vmss_lb_sku000001/providers/Microsoft.Network/networkSecurityGroups/vmss1NSG"},{"id":"/subscriptions/00000000-0000-0000-0000-000000000000/resourceGroups/cli_test_vmss_lb_sku000001/providers/Microsoft.Network/publicIPAddresses/pubip1"}]}}'}
    headers:
      cache-control: [no-cache]
      content-length: ['5241']
      content-type: [application/json; charset=utf-8]
      date: ['Fri, 15 Feb 2019 20:53:15 GMT']
      expires: ['-1']
      pragma: [no-cache]
      strict-transport-security: [max-age=31536000; includeSubDomains]
      vary: [Accept-Encoding]
      x-content-type-options: [nosniff]
    status: {code: 200, message: OK}
- request:
    body: null
    headers:
      Accept: [application/json]
      Accept-Encoding: ['gzip, deflate']
      CommandName: [network lb show]
      Connection: [keep-alive]
      ParameterSetName: [-g -n]
      User-Agent: [python/3.7.1 (Windows-10-10.0.17763-SP0) msrest/0.6.4 msrest_azure/0.6.0
          networkmanagementclient/2.5.1 Azure-SDK-For-Python AZURECLI/2.0.59]
      accept-language: [en-US]
    method: GET
    uri: https://management.azure.com/subscriptions/00000000-0000-0000-0000-000000000000/resourceGroups/cli_test_vmss_lb_sku000001/providers/Microsoft.Network/loadBalancers/lb1?api-version=2018-12-01
  response:
    body: {string: "{\r\n  \"name\": \"lb1\",\r\n  \"id\": \"/subscriptions/00000000-0000-0000-0000-000000000000/resourceGroups/cli_test_vmss_lb_sku000001/providers/Microsoft.Network/loadBalancers/lb1\"\
        ,\r\n  \"etag\": \"W/\\\"762e267c-9387-4367-9bac-8b01157181f5\\\"\",\r\n \
        \ \"type\": \"Microsoft.Network/loadBalancers\",\r\n  \"location\": \"eastus2\"\
        ,\r\n  \"tags\": {},\r\n  \"properties\": {\r\n    \"provisioningState\":\
        \ \"Succeeded\",\r\n    \"resourceGuid\": \"8c004405-da3b-4b4e-9d6d-fba6278ec6f6\"\
        ,\r\n    \"frontendIPConfigurations\": [\r\n      {\r\n        \"name\": \"\
        loadBalancerFrontEnd\",\r\n        \"id\": \"/subscriptions/00000000-0000-0000-0000-000000000000/resourceGroups/cli_test_vmss_lb_sku000001/providers/Microsoft.Network/loadBalancers/lb1/frontendIPConfigurations/loadBalancerFrontEnd\"\
        ,\r\n        \"etag\": \"W/\\\"762e267c-9387-4367-9bac-8b01157181f5\\\"\"\
        ,\r\n        \"type\": \"Microsoft.Network/loadBalancers/frontendIPConfigurations\"\
        ,\r\n        \"properties\": {\r\n          \"provisioningState\": \"Succeeded\"\
        ,\r\n          \"privateIPAllocationMethod\": \"Dynamic\",\r\n          \"\
        publicIPAddress\": {\r\n            \"id\": \"/subscriptions/00000000-0000-0000-0000-000000000000/resourceGroups/cli_test_vmss_lb_sku000001/providers/Microsoft.Network/publicIPAddresses/pubip1\"\
        \r\n          },\r\n          \"loadBalancingRules\": [\r\n            {\r\
        \n              \"id\": \"/subscriptions/00000000-0000-0000-0000-000000000000/resourceGroups/cli_test_vmss_lb_sku000001/providers/Microsoft.Network/loadBalancers/lb1/loadBalancingRules/LBRule\"\
        \r\n            }\r\n          ],\r\n          \"inboundNatRules\": [\r\n\
        \            {\r\n              \"id\": \"/subscriptions/00000000-0000-0000-0000-000000000000/resourceGroups/cli_test_vmss_lb_sku000001/providers/Microsoft.Network/loadBalancers/lb1/inboundNatRules/lb1NatPool.0\"\
        \r\n            },\r\n            {\r\n              \"id\": \"/subscriptions/00000000-0000-0000-0000-000000000000/resourceGroups/cli_test_vmss_lb_sku000001/providers/Microsoft.Network/loadBalancers/lb1/inboundNatRules/lb1NatPool.1\"\
        \r\n            },\r\n            {\r\n              \"id\": \"/subscriptions/00000000-0000-0000-0000-000000000000/resourceGroups/cli_test_vmss_lb_sku000001/providers/Microsoft.Network/loadBalancers/lb1/inboundNatRules/lb1NatPool.2\"\
        \r\n            },\r\n            {\r\n              \"id\": \"/subscriptions/00000000-0000-0000-0000-000000000000/resourceGroups/cli_test_vmss_lb_sku000001/providers/Microsoft.Network/loadBalancers/lb1/inboundNatRules/lb1NatPool.3\"\
        \r\n            }\r\n          ],\r\n          \"inboundNatPools\": [\r\n\
        \            {\r\n              \"id\": \"/subscriptions/00000000-0000-0000-0000-000000000000/resourceGroups/cli_test_vmss_lb_sku000001/providers/Microsoft.Network/loadBalancers/lb1/inboundNatPools/lb1NatPool\"\
        \r\n            }\r\n          ]\r\n        }\r\n      }\r\n    ],\r\n   \
        \ \"backendAddressPools\": [\r\n      {\r\n        \"name\": \"lb1BEPool\"\
        ,\r\n        \"id\": \"/subscriptions/00000000-0000-0000-0000-000000000000/resourceGroups/cli_test_vmss_lb_sku000001/providers/Microsoft.Network/loadBalancers/lb1/backendAddressPools/lb1BEPool\"\
        ,\r\n        \"etag\": \"W/\\\"762e267c-9387-4367-9bac-8b01157181f5\\\"\"\
        ,\r\n        \"properties\": {\r\n          \"provisioningState\": \"Succeeded\"\
        ,\r\n          \"backendIPConfigurations\": [\r\n            {\r\n       \
        \       \"id\": \"/subscriptions/00000000-0000-0000-0000-000000000000/resourceGroups/cli_test_vmss_lb_sku000001/providers/Microsoft.Compute/virtualMachineScaleSets/vmss1/virtualMachines/0/networkInterfaces/vmss18752Nic/ipConfigurations/vmss18752IPConfig\"\
        \r\n            },\r\n            {\r\n              \"id\": \"/subscriptions/00000000-0000-0000-0000-000000000000/resourceGroups/cli_test_vmss_lb_sku000001/providers/Microsoft.Compute/virtualMachineScaleSets/vmss1/virtualMachines/1/networkInterfaces/vmss18752Nic/ipConfigurations/vmss18752IPConfig\"\
        \r\n            },\r\n            {\r\n              \"id\": \"/subscriptions/00000000-0000-0000-0000-000000000000/resourceGroups/cli_test_vmss_lb_sku000001/providers/Microsoft.Compute/virtualMachineScaleSets/vmss1/virtualMachines/2/networkInterfaces/vmss18752Nic/ipConfigurations/vmss18752IPConfig\"\
        \r\n            },\r\n            {\r\n              \"id\": \"/subscriptions/00000000-0000-0000-0000-000000000000/resourceGroups/cli_test_vmss_lb_sku000001/providers/Microsoft.Compute/virtualMachineScaleSets/vmss1/virtualMachines/3/networkInterfaces/vmss18752Nic/ipConfigurations/vmss18752IPConfig\"\
        \r\n            }\r\n          ],\r\n          \"loadBalancingRules\": [\r\
        \n            {\r\n              \"id\": \"/subscriptions/00000000-0000-0000-0000-000000000000/resourceGroups/cli_test_vmss_lb_sku000001/providers/Microsoft.Network/loadBalancers/lb1/loadBalancingRules/LBRule\"\
        \r\n            }\r\n          ]\r\n        },\r\n        \"type\": \"Microsoft.Network/loadBalancers/backendAddressPools\"\
        \r\n      }\r\n    ],\r\n    \"loadBalancingRules\": [\r\n      {\r\n    \
        \    \"name\": \"LBRule\",\r\n        \"id\": \"/subscriptions/00000000-0000-0000-0000-000000000000/resourceGroups/cli_test_vmss_lb_sku000001/providers/Microsoft.Network/loadBalancers/lb1/loadBalancingRules/LBRule\"\
        ,\r\n        \"etag\": \"W/\\\"762e267c-9387-4367-9bac-8b01157181f5\\\"\"\
        ,\r\n        \"type\": \"Microsoft.Network/loadBalancers/loadBalancingRules\"\
        ,\r\n        \"properties\": {\r\n          \"provisioningState\": \"Succeeded\"\
        ,\r\n          \"frontendIPConfiguration\": {\r\n            \"id\": \"/subscriptions/00000000-0000-0000-0000-000000000000/resourceGroups/cli_test_vmss_lb_sku000001/providers/Microsoft.Network/loadBalancers/lb1/frontendIPConfigurations/loadBalancerFrontEnd\"\
        \r\n          },\r\n          \"frontendPort\": 80,\r\n          \"backendPort\"\
        : 80,\r\n          \"enableFloatingIP\": false,\r\n          \"idleTimeoutInMinutes\"\
        : 5,\r\n          \"protocol\": \"Tcp\",\r\n          \"enableDestinationServiceEndpoint\"\
        : false,\r\n          \"enableTcpReset\": false,\r\n          \"allowBackendPortConflict\"\
        : false,\r\n          \"loadDistribution\": \"Default\",\r\n          \"disableOutboundSnat\"\
        : false,\r\n          \"backendAddressPool\": {\r\n            \"id\": \"\
        /subscriptions/00000000-0000-0000-0000-000000000000/resourceGroups/cli_test_vmss_lb_sku000001/providers/Microsoft.Network/loadBalancers/lb1/backendAddressPools/lb1BEPool\"\
        \r\n          }\r\n        }\r\n      }\r\n    ],\r\n    \"probes\": [],\r\
        \n    \"inboundNatRules\": [\r\n      {\r\n        \"name\": \"lb1NatPool.0\"\
        ,\r\n        \"id\": \"/subscriptions/00000000-0000-0000-0000-000000000000/resourceGroups/cli_test_vmss_lb_sku000001/providers/Microsoft.Network/loadBalancers/lb1/inboundNatRules/lb1NatPool.0\"\
        ,\r\n        \"etag\": \"W/\\\"762e267c-9387-4367-9bac-8b01157181f5\\\"\"\
        ,\r\n        \"type\": \"Microsoft.Network/loadBalancers/inboundNatRules\"\
        ,\r\n        \"properties\": {\r\n          \"provisioningState\": \"Succeeded\"\
        ,\r\n          \"frontendIPConfiguration\": {\r\n            \"id\": \"/subscriptions/00000000-0000-0000-0000-000000000000/resourceGroups/cli_test_vmss_lb_sku000001/providers/Microsoft.Network/loadBalancers/lb1/frontendIPConfigurations/loadBalancerFrontEnd\"\
        \r\n          },\r\n          \"frontendPort\": 50000,\r\n          \"backendPort\"\
        : 22,\r\n          \"enableFloatingIP\": false,\r\n          \"idleTimeoutInMinutes\"\
        : 4,\r\n          \"protocol\": \"Tcp\",\r\n          \"enableDestinationServiceEndpoint\"\
        : false,\r\n          \"enableTcpReset\": false,\r\n          \"allowBackendPortConflict\"\
        : false,\r\n          \"backendIPConfiguration\": {\r\n            \"id\"\
        : \"/subscriptions/00000000-0000-0000-0000-000000000000/resourceGroups/cli_test_vmss_lb_sku000001/providers/Microsoft.Compute/virtualMachineScaleSets/vmss1/virtualMachines/0/networkInterfaces/vmss18752Nic/ipConfigurations/vmss18752IPConfig\"\
        \r\n          }\r\n        }\r\n      },\r\n      {\r\n        \"name\": \"\
        lb1NatPool.1\",\r\n        \"id\": \"/subscriptions/00000000-0000-0000-0000-000000000000/resourceGroups/cli_test_vmss_lb_sku000001/providers/Microsoft.Network/loadBalancers/lb1/inboundNatRules/lb1NatPool.1\"\
        ,\r\n        \"etag\": \"W/\\\"762e267c-9387-4367-9bac-8b01157181f5\\\"\"\
        ,\r\n        \"type\": \"Microsoft.Network/loadBalancers/inboundNatRules\"\
        ,\r\n        \"properties\": {\r\n          \"provisioningState\": \"Succeeded\"\
        ,\r\n          \"frontendIPConfiguration\": {\r\n            \"id\": \"/subscriptions/00000000-0000-0000-0000-000000000000/resourceGroups/cli_test_vmss_lb_sku000001/providers/Microsoft.Network/loadBalancers/lb1/frontendIPConfigurations/loadBalancerFrontEnd\"\
        \r\n          },\r\n          \"frontendPort\": 50001,\r\n          \"backendPort\"\
        : 22,\r\n          \"enableFloatingIP\": false,\r\n          \"idleTimeoutInMinutes\"\
        : 4,\r\n          \"protocol\": \"Tcp\",\r\n          \"enableDestinationServiceEndpoint\"\
        : false,\r\n          \"enableTcpReset\": false,\r\n          \"allowBackendPortConflict\"\
        : false,\r\n          \"backendIPConfiguration\": {\r\n            \"id\"\
        : \"/subscriptions/00000000-0000-0000-0000-000000000000/resourceGroups/cli_test_vmss_lb_sku000001/providers/Microsoft.Compute/virtualMachineScaleSets/vmss1/virtualMachines/1/networkInterfaces/vmss18752Nic/ipConfigurations/vmss18752IPConfig\"\
        \r\n          }\r\n        }\r\n      },\r\n      {\r\n        \"name\": \"\
        lb1NatPool.2\",\r\n        \"id\": \"/subscriptions/00000000-0000-0000-0000-000000000000/resourceGroups/cli_test_vmss_lb_sku000001/providers/Microsoft.Network/loadBalancers/lb1/inboundNatRules/lb1NatPool.2\"\
        ,\r\n        \"etag\": \"W/\\\"762e267c-9387-4367-9bac-8b01157181f5\\\"\"\
        ,\r\n        \"type\": \"Microsoft.Network/loadBalancers/inboundNatRules\"\
        ,\r\n        \"properties\": {\r\n          \"provisioningState\": \"Succeeded\"\
        ,\r\n          \"frontendIPConfiguration\": {\r\n            \"id\": \"/subscriptions/00000000-0000-0000-0000-000000000000/resourceGroups/cli_test_vmss_lb_sku000001/providers/Microsoft.Network/loadBalancers/lb1/frontendIPConfigurations/loadBalancerFrontEnd\"\
        \r\n          },\r\n          \"frontendPort\": 50002,\r\n          \"backendPort\"\
        : 22,\r\n          \"enableFloatingIP\": false,\r\n          \"idleTimeoutInMinutes\"\
        : 4,\r\n          \"protocol\": \"Tcp\",\r\n          \"enableDestinationServiceEndpoint\"\
        : false,\r\n          \"enableTcpReset\": false,\r\n          \"allowBackendPortConflict\"\
        : false,\r\n          \"backendIPConfiguration\": {\r\n            \"id\"\
        : \"/subscriptions/00000000-0000-0000-0000-000000000000/resourceGroups/cli_test_vmss_lb_sku000001/providers/Microsoft.Compute/virtualMachineScaleSets/vmss1/virtualMachines/2/networkInterfaces/vmss18752Nic/ipConfigurations/vmss18752IPConfig\"\
        \r\n          }\r\n        }\r\n      },\r\n      {\r\n        \"name\": \"\
        lb1NatPool.3\",\r\n        \"id\": \"/subscriptions/00000000-0000-0000-0000-000000000000/resourceGroups/cli_test_vmss_lb_sku000001/providers/Microsoft.Network/loadBalancers/lb1/inboundNatRules/lb1NatPool.3\"\
        ,\r\n        \"etag\": \"W/\\\"762e267c-9387-4367-9bac-8b01157181f5\\\"\"\
        ,\r\n        \"type\": \"Microsoft.Network/loadBalancers/inboundNatRules\"\
        ,\r\n        \"properties\": {\r\n          \"provisioningState\": \"Succeeded\"\
        ,\r\n          \"frontendIPConfiguration\": {\r\n            \"id\": \"/subscriptions/00000000-0000-0000-0000-000000000000/resourceGroups/cli_test_vmss_lb_sku000001/providers/Microsoft.Network/loadBalancers/lb1/frontendIPConfigurations/loadBalancerFrontEnd\"\
        \r\n          },\r\n          \"frontendPort\": 50003,\r\n          \"backendPort\"\
        : 22,\r\n          \"enableFloatingIP\": false,\r\n          \"idleTimeoutInMinutes\"\
        : 4,\r\n          \"protocol\": \"Tcp\",\r\n          \"enableDestinationServiceEndpoint\"\
        : false,\r\n          \"enableTcpReset\": false,\r\n          \"allowBackendPortConflict\"\
        : false,\r\n          \"backendIPConfiguration\": {\r\n            \"id\"\
        : \"/subscriptions/00000000-0000-0000-0000-000000000000/resourceGroups/cli_test_vmss_lb_sku000001/providers/Microsoft.Compute/virtualMachineScaleSets/vmss1/virtualMachines/3/networkInterfaces/vmss18752Nic/ipConfigurations/vmss18752IPConfig\"\
        \r\n          }\r\n        }\r\n      }\r\n    ],\r\n    \"outboundRules\"\
        : [],\r\n    \"inboundNatPools\": [\r\n      {\r\n        \"name\": \"lb1NatPool\"\
        ,\r\n        \"id\": \"/subscriptions/00000000-0000-0000-0000-000000000000/resourceGroups/cli_test_vmss_lb_sku000001/providers/Microsoft.Network/loadBalancers/lb1/inboundNatPools/lb1NatPool\"\
        ,\r\n        \"etag\": \"W/\\\"762e267c-9387-4367-9bac-8b01157181f5\\\"\"\
        ,\r\n        \"properties\": {\r\n          \"provisioningState\": \"Succeeded\"\
        ,\r\n          \"frontendPortRangeStart\": 50000,\r\n          \"frontendPortRangeEnd\"\
        : 50119,\r\n          \"backendPort\": 22,\r\n          \"protocol\": \"Tcp\"\
        ,\r\n          \"idleTimeoutInMinutes\": 4,\r\n          \"enableFloatingIP\"\
        : false,\r\n          \"enableDestinationServiceEndpoint\": false,\r\n   \
        \       \"enableTcpReset\": false,\r\n          \"allowBackendPortConflict\"\
        : false,\r\n          \"frontendIPConfiguration\": {\r\n            \"id\"\
        : \"/subscriptions/00000000-0000-0000-0000-000000000000/resourceGroups/cli_test_vmss_lb_sku000001/providers/Microsoft.Network/loadBalancers/lb1/frontendIPConfigurations/loadBalancerFrontEnd\"\
        \r\n          }\r\n        },\r\n        \"type\": \"Microsoft.Network/loadBalancers/inboundNatPools\"\
        \r\n      }\r\n    ]\r\n  },\r\n  \"sku\": {\r\n    \"name\": \"Standard\"\
        ,\r\n    \"tier\": \"Regional\"\r\n  }\r\n}"}
    headers:
      cache-control: [no-cache]
      content-length: ['14159']
      content-type: [application/json; charset=utf-8]
      date: ['Fri, 15 Feb 2019 20:53:16 GMT']
      etag: [W/"762e267c-9387-4367-9bac-8b01157181f5"]
      expires: ['-1']
      pragma: [no-cache]
      server: [Microsoft-HTTPAPI/2.0, Microsoft-HTTPAPI/2.0]
      strict-transport-security: [max-age=31536000; includeSubDomains]
      transfer-encoding: [chunked]
      vary: [Accept-Encoding]
      x-content-type-options: [nosniff]
    status: {code: 200, message: OK}
- request:
    body: null
    headers:
      Accept: [application/json]
      Accept-Encoding: ['gzip, deflate']
      CommandName: [network public-ip show]
      Connection: [keep-alive]
      ParameterSetName: [-g -n]
      User-Agent: [python/3.7.1 (Windows-10-10.0.17763-SP0) msrest/0.6.4 msrest_azure/0.6.0
          networkmanagementclient/2.5.1 Azure-SDK-For-Python AZURECLI/2.0.59]
      accept-language: [en-US]
    method: GET
    uri: https://management.azure.com/subscriptions/00000000-0000-0000-0000-000000000000/resourceGroups/cli_test_vmss_lb_sku000001/providers/Microsoft.Network/publicIPAddresses/pubip1?api-version=2018-12-01
  response:
    body: {string: "{\r\n  \"name\": \"pubip1\",\r\n  \"id\": \"/subscriptions/00000000-0000-0000-0000-000000000000/resourceGroups/cli_test_vmss_lb_sku000001/providers/Microsoft.Network/publicIPAddresses/pubip1\"\
        ,\r\n  \"etag\": \"W/\\\"d7b19ced-6465-4817-88ab-b255640ddfec\\\"\",\r\n \
        \ \"location\": \"eastus2\",\r\n  \"tags\": {},\r\n  \"properties\": {\r\n\
        \    \"provisioningState\": \"Succeeded\",\r\n    \"resourceGuid\": \"3ae7aae4-2ecc-42b9-b72b-ff894870294f\"\
        ,\r\n    \"ipAddress\": \"20.36.253.150\",\r\n    \"publicIPAddressVersion\"\
        : \"IPv4\",\r\n    \"publicIPAllocationMethod\": \"Static\",\r\n    \"idleTimeoutInMinutes\"\
        : 4,\r\n    \"ipTags\": [],\r\n    \"ipConfiguration\": {\r\n      \"id\"\
        : \"/subscriptions/00000000-0000-0000-0000-000000000000/resourceGroups/cli_test_vmss_lb_sku000001/providers/Microsoft.Network/loadBalancers/lb1/frontendIPConfigurations/loadBalancerFrontEnd\"\
        \r\n    }\r\n  },\r\n  \"type\": \"Microsoft.Network/publicIPAddresses\",\r\
        \n  \"sku\": {\r\n    \"name\": \"Standard\",\r\n    \"tier\": \"Regional\"\
        \r\n  }\r\n}"}
    headers:
      cache-control: [no-cache]
      content-length: ['1023']
      content-type: [application/json; charset=utf-8]
      date: ['Fri, 15 Feb 2019 20:53:17 GMT']
      etag: [W/"d7b19ced-6465-4817-88ab-b255640ddfec"]
      expires: ['-1']
      pragma: [no-cache]
      server: [Microsoft-HTTPAPI/2.0, Microsoft-HTTPAPI/2.0]
      strict-transport-security: [max-age=31536000; includeSubDomains]
      transfer-encoding: [chunked]
      vary: [Accept-Encoding]
      x-content-type-options: [nosniff]
    status: {code: 200, message: OK}
- request:
    body: null
    headers:
      Accept: [application/json]
      Accept-Encoding: ['gzip, deflate']
      CommandName: [group delete]
      Connection: [keep-alive]
      Content-Length: ['0']
      ParameterSetName: [--name --yes --no-wait]
      User-Agent: [python/3.7.1 (Windows-10-10.0.17763-SP0) msrest/0.6.4 msrest_azure/0.6.0
          resourcemanagementclient/2.1.0 Azure-SDK-For-Python AZURECLI/2.0.59]
      accept-language: [en-US]
    method: DELETE
    uri: https://management.azure.com/subscriptions/00000000-0000-0000-0000-000000000000/resourcegroups/cli_test_vmss_lb_sku000001?api-version=2018-05-01
  response:
    body: {string: ''}
    headers:
      cache-control: [no-cache]
      content-length: ['0']
      date: ['Fri, 15 Feb 2019 20:53:17 GMT']
      expires: ['-1']
      location: ['https://management.azure.com/subscriptions/00000000-0000-0000-0000-000000000000/operationresults/eyJqb2JJZCI6IlJFU09VUkNFR1JPVVBERUxFVElPTkpPQi1DTEk6NUZURVNUOjVGVk1TUzo1RkxCOjVGU0tVUTNTRkNaT05NSkRGRUQ1UVZXNHwyNjFCQjRFRjcwRDU1NTNELVdFU1RVUyIsImpvYkxvY2F0aW9uIjoid2VzdHVzIn0?api-version=2018-05-01']
      pragma: [no-cache]
      strict-transport-security: [max-age=31536000; includeSubDomains]
      x-content-type-options: [nosniff]
      x-ms-ratelimit-remaining-subscription-deletes: ['14998']
    status: {code: 202, message: Accepted}
version: 1
