interactions:
- request:
    body: '{"location": "westus", "tags": {"product": "azurecli", "cause": "automation",
      "date": "2019-02-15T20:47:34Z"}}'
    headers:
      Accept: [application/json]
      Accept-Encoding: ['gzip, deflate']
      CommandName: [group create]
      Connection: [keep-alive]
      Content-Length: ['110']
      Content-Type: [application/json; charset=utf-8]
      ParameterSetName: [--location --name --tag]
      User-Agent: [python/3.7.1 (Windows-10-10.0.17763-SP0) msrest/0.6.4 msrest_azure/0.6.0
          resourcemanagementclient/2.1.0 Azure-SDK-For-Python AZURECLI/2.0.59]
      accept-language: [en-US]
    method: PUT
    uri: https://management.azure.com/subscriptions/00000000-0000-0000-0000-000000000000/resourcegroups/cli_test_vmss_vms000001?api-version=2018-05-01
  response:
    body: {string: '{"id":"/subscriptions/00000000-0000-0000-0000-000000000000/resourceGroups/cli_test_vmss_vms000001","name":"cli_test_vmss_vms000001","location":"westus","tags":{"product":"azurecli","cause":"automation","date":"2019-02-15T20:47:34Z"},"properties":{"provisioningState":"Succeeded"}}'}
    headers:
      cache-control: [no-cache]
      content-length: ['384']
      content-type: [application/json; charset=utf-8]
      date: ['Fri, 15 Feb 2019 20:47:34 GMT']
      expires: ['-1']
      pragma: [no-cache]
      strict-transport-security: [max-age=31536000; includeSubDomains]
      x-content-type-options: [nosniff]
      x-ms-ratelimit-remaining-subscription-writes: ['1199']
    status: {code: 201, message: Created}
- request:
    body: null
    headers:
      Accept: [application/json]
      Accept-Encoding: ['gzip, deflate']
      CommandName: [vmss create]
      Connection: [keep-alive]
      ParameterSetName: [-g -n --image --authentication-type --admin-username --admin-password
          --instance-count]
      User-Agent: [python/3.7.1 (Windows-10-10.0.17763-SP0) msrest/0.6.4 msrest_azure/0.6.0
          resourcemanagementclient/2.1.0 Azure-SDK-For-Python AZURECLI/2.0.59]
      accept-language: [en-US]
    method: GET
    uri: https://management.azure.com/subscriptions/00000000-0000-0000-0000-000000000000/resourcegroups/cli_test_vmss_vms000001?api-version=2018-05-01
  response:
    body: {string: '{"id":"/subscriptions/00000000-0000-0000-0000-000000000000/resourceGroups/cli_test_vmss_vms000001","name":"cli_test_vmss_vms000001","location":"westus","tags":{"product":"azurecli","cause":"automation","date":"2019-02-15T20:47:34Z"},"properties":{"provisioningState":"Succeeded"}}'}
    headers:
      cache-control: [no-cache]
      content-length: ['384']
      content-type: [application/json; charset=utf-8]
      date: ['Fri, 15 Feb 2019 20:47:35 GMT']
      expires: ['-1']
      pragma: [no-cache]
      strict-transport-security: [max-age=31536000; includeSubDomains]
      vary: [Accept-Encoding]
      x-content-type-options: [nosniff]
    status: {code: 200, message: OK}
- request:
    body: null
    headers:
      Accept: ['*/*']
      Accept-Encoding: ['gzip, deflate']
      Connection: [keep-alive]
      User-Agent: [python-requests/2.21.0]
    method: GET
    uri: https://raw.githubusercontent.com/Azure/azure-rest-api-specs/master/arm-compute/quickstart-templates/aliases.json
  response:
    body: {string: "{\n  \"$schema\":\"http://schema.management.azure.com/schemas/2015-01-01/deploymentTemplate.json\"\
        ,\n  \"contentVersion\":\"1.0.0.0\",\n  \"parameters\":{},\n  \"variables\"\
        :{},\n  \"resources\":[],\n\n  \"outputs\":{\n    \"aliases\":{\n      \"\
        type\":\"object\",\n      \"value\":{\n\n        \"Linux\":{\n          \"\
        CentOS\":{\n            \"publisher\":\"OpenLogic\",\n            \"offer\"\
        :\"CentOS\",\n            \"sku\":\"7.5\",\n            \"version\":\"latest\"\
        \n          },\n          \"CoreOS\":{\n            \"publisher\":\"CoreOS\"\
        ,\n            \"offer\":\"CoreOS\",\n            \"sku\":\"Stable\",\n  \
        \          \"version\":\"latest\"\n          },\n          \"Debian\":{\n\
        \            \"publisher\":\"credativ\",\n            \"offer\":\"Debian\"\
        ,\n            \"sku\":\"9\",\n            \"version\":\"latest\"\n      \
        \    },\n          \"openSUSE-Leap\": {\n            \"publisher\":\"SUSE\"\
        ,\n            \"offer\":\"openSUSE-Leap\",\n            \"sku\":\"42.3\"\
        ,\n            \"version\": \"latest\"\n          },\n          \"RHEL\":{\n\
        \            \"publisher\":\"RedHat\",\n            \"offer\":\"RHEL\",\n\
        \            \"sku\":\"7-RAW\",\n            \"version\":\"latest\"\n    \
        \      },\n          \"SLES\":{\n            \"publisher\":\"SUSE\",\n   \
        \         \"offer\":\"SLES\",\n            \"sku\":\"15\",\n            \"\
        version\":\"latest\"\n          },\n          \"UbuntuLTS\":{\n          \
        \  \"publisher\":\"Canonical\",\n            \"offer\":\"UbuntuServer\",\n\
        \            \"sku\":\"18.04-LTS\",\n            \"version\":\"latest\"\n\
        \          }\n        },\n\n        \"Windows\":{\n          \"Win2019Datacenter\"\
        :{\n            \"publisher\":\"MicrosoftWindowsServer\",\n            \"\
        offer\":\"WindowsServer\",\n            \"sku\":\"2019-Datacenter\",\n   \
        \         \"version\":\"latest\"\n          },\n          \"Win2016Datacenter\"\
        :{\n            \"publisher\":\"MicrosoftWindowsServer\",\n            \"\
        offer\":\"WindowsServer\",\n            \"sku\":\"2016-Datacenter\",\n   \
        \         \"version\":\"latest\"\n          },\n          \"Win2012R2Datacenter\"\
        :{\n            \"publisher\":\"MicrosoftWindowsServer\",\n            \"\
        offer\":\"WindowsServer\",\n            \"sku\":\"2012-R2-Datacenter\",\n\
        \            \"version\":\"latest\"\n          },\n          \"Win2012Datacenter\"\
        :{\n            \"publisher\":\"MicrosoftWindowsServer\",\n            \"\
        offer\":\"WindowsServer\",\n            \"sku\":\"2012-Datacenter\",\n   \
        \         \"version\":\"latest\"\n          },\n          \"Win2008R2SP1\"\
        :{\n            \"publisher\":\"MicrosoftWindowsServer\",\n            \"\
        offer\":\"WindowsServer\",\n            \"sku\":\"2008-R2-SP1\",\n       \
        \     \"version\":\"latest\"\n          }\n        }\n      }\n    }\n  }\n\
        }\n"}
    headers:
      accept-ranges: [bytes]
      access-control-allow-origin: ['*']
      cache-control: [max-age=300]
      connection: [keep-alive]
      content-length: ['2433']
      content-security-policy: [default-src 'none'; style-src 'unsafe-inline'; sandbox]
      content-type: [text/plain; charset=utf-8]
      date: ['Fri, 15 Feb 2019 20:47:36 GMT']
      etag: ['"f5944d69cdbfb4a2bb2ddda8c5f050bde5bbcb32"']
      expires: ['Fri, 15 Feb 2019 20:52:36 GMT']
      source-age: ['2']
      strict-transport-security: [max-age=31536000]
      vary: ['Authorization,Accept-Encoding']
      via: [1.1 varnish]
      x-cache: [HIT]
      x-cache-hits: ['1']
      x-content-type-options: [nosniff]
      x-fastly-request-id: [866dc69d14c85537a31244e8666663f2e5a5b5ef]
      x-frame-options: [deny]
      x-geo-block-list: ['']
      x-github-request-id: ['E214:942F:3E78E2:4100AE:5C672566']
      x-served-by: [cache-sea1026-SEA]
      x-timer: ['S1550263656.148638,VS0,VE1']
      x-xss-protection: [1; mode=block]
    status: {code: 200, message: OK}
- request:
    body: null
    headers:
      Accept: [application/json]
      Accept-Encoding: ['gzip, deflate']
      CommandName: [vmss create]
      Connection: [keep-alive]
      ParameterSetName: [-g -n --image --authentication-type --admin-username --admin-password
          --instance-count]
      User-Agent: [python/3.7.1 (Windows-10-10.0.17763-SP0) msrest/0.6.4 msrest_azure/0.6.0
          networkmanagementclient/2.5.1 Azure-SDK-For-Python AZURECLI/2.0.59]
      accept-language: [en-US]
    method: GET
    uri: https://management.azure.com/subscriptions/00000000-0000-0000-0000-000000000000/resourceGroups/cli_test_vmss_vms000001/providers/Microsoft.Network/virtualNetworks?api-version=2018-01-01
  response:
    body: {string: '{"value":[]}'}
    headers:
      cache-control: [no-cache]
      content-length: ['12']
      content-type: [application/json; charset=utf-8]
      date: ['Fri, 15 Feb 2019 20:47:35 GMT']
      expires: ['-1']
      pragma: [no-cache]
      strict-transport-security: [max-age=31536000; includeSubDomains]
      vary: [Accept-Encoding]
      x-content-type-options: [nosniff]
    status: {code: 200, message: OK}
- request:
    body: 'b''{"properties": {"template": {"$schema": "https://schema.management.azure.com/schemas/2015-01-01/deploymentTemplate.json#",
      "contentVersion": "1.0.0.0", "parameters": {"adminPassword": {"type": "securestring",
      "metadata": {"description": "Secure adminPassword"}}}, "variables": {}, "resources":
      [{"name": "vmss1VNET", "type": "Microsoft.Network/virtualNetworks", "location":
      "westus", "apiVersion": "2015-06-15", "dependsOn": [], "tags": {}, "properties":
      {"addressSpace": {"addressPrefixes": ["10.0.0.0/16"]}, "subnets": [{"name":
      "vmss1Subnet", "properties": {"addressPrefix": "10.0.0.0/24"}}]}}, {"apiVersion":
      "2018-01-01", "type": "Microsoft.Network/publicIPAddresses", "name": "vmss1LBPublicIP",
      "location": "westus", "tags": {}, "dependsOn": [], "properties": {"publicIPAllocationMethod":
      "Dynamic"}}, {"type": "Microsoft.Network/loadBalancers", "name": "vmss1LB",
      "location": "westus", "tags": {}, "apiVersion": "2018-01-01", "dependsOn": ["Microsoft.Network/virtualNetworks/vmss1VNET",
      "Microsoft.Network/publicIpAddresses/vmss1LBPublicIP"], "properties": {"backendAddressPools":
      [{"name": "vmss1LBBEPool"}], "inboundNatPools": [{"name": "vmss1LBNatPool",
      "properties": {"frontendIPConfiguration": {"id": "[concat(resourceId(\''Microsoft.Network/loadBalancers\'',
      \''vmss1LB\''), \''/frontendIPConfigurations/\'', \''loadBalancerFrontEnd\'')]"},
      "protocol": "tcp", "frontendPortRangeStart": "50000", "frontendPortRangeEnd":
      "50119", "backendPort": 22}}], "frontendIPConfigurations": [{"name": "loadBalancerFrontEnd",
      "properties": {"publicIPAddress": {"id": "/subscriptions/00000000-0000-0000-0000-000000000000/resourceGroups/cli_test_vmss_vms000001/providers/Microsoft.Network/publicIPAddresses/vmss1LBPublicIP"}}}]}},
      {"type": "Microsoft.Compute/virtualMachineScaleSets", "name": "vmss1", "location":
      "westus", "tags": {}, "apiVersion": "2018-10-01", "dependsOn": ["Microsoft.Network/virtualNetworks/vmss1VNET",
      "Microsoft.Network/loadBalancers/vmss1LB"], "sku": {"name": "Standard_DS1_v2",
      "capacity": 2}, "properties": {"overprovision": true, "upgradePolicy": {"mode":
      "manual"}, "virtualMachineProfile": {"storageProfile": {"osDisk": {"createOption":
      "FromImage", "caching": "ReadWrite", "managedDisk": {"storageAccountType": null}},
      "imageReference": {"publisher": "Canonical", "offer": "UbuntuServer", "sku":
      "18.04-LTS", "version": "latest"}}, "osProfile": {"computerNamePrefix": "vmss16098",
      "adminUsername": "admin123", "adminPassword": "[parameters(\''adminPassword\'')]"},
      "networkProfile": {"networkInterfaceConfigurations": [{"name": "vmss16098Nic",
      "properties": {"primary": "true", "ipConfigurations": [{"name": "vmss16098IPConfig",
      "properties": {"subnet": {"id": "/subscriptions/00000000-0000-0000-0000-000000000000/resourceGroups/cli_test_vmss_vms000001/providers/Microsoft.Network/virtualNetworks/vmss1VNET/subnets/vmss1Subnet"},
      "loadBalancerBackendAddressPools": [{"id": "/subscriptions/00000000-0000-0000-0000-000000000000/resourceGroups/cli_test_vmss_vms000001/providers/Microsoft.Network/loadBalancers/vmss1LB/backendAddressPools/vmss1LBBEPool"}],
      "loadBalancerInboundNatPools": [{"id": "/subscriptions/00000000-0000-0000-0000-000000000000/resourceGroups/cli_test_vmss_vms000001/providers/Microsoft.Network/loadBalancers/vmss1LB/inboundNatPools/vmss1LBNatPool"}]}}]}}]}},
      "singlePlacementGroup": null}}], "outputs": {"VMSS": {"type": "object", "value":
      "[reference(resourceId(\''Microsoft.Compute/virtualMachineScaleSets\'', \''vmss1\''),providers(\''Microsoft.Compute\'',
      \''virtualMachineScaleSets\'').apiVersions[0])]"}}}, "parameters": {"adminPassword":
      {"value": "TestTest12#$"}}, "mode": "Incremental"}}'''
    headers:
      Accept: [application/json]
      Accept-Encoding: ['gzip, deflate']
      CommandName: [vmss create]
      Connection: [keep-alive]
      Content-Length: ['3814']
      Content-Type: [application/json; charset=utf-8]
      ParameterSetName: [-g -n --image --authentication-type --admin-username --admin-password
          --instance-count]
      User-Agent: [python/3.7.1 (Windows-10-10.0.17763-SP0) msrest/0.6.4 msrest_azure/0.6.0
          resourcemanagementclient/2.1.0 Azure-SDK-For-Python AZURECLI/2.0.59]
      accept-language: [en-US]
    method: PUT
    uri: https://management.azure.com/subscriptions/00000000-0000-0000-0000-000000000000/resourcegroups/cli_test_vmss_vms000001/providers/Microsoft.Resources/deployments/mock-deployment?api-version=2018-05-01
  response:
    body: {string: '{"id":"/subscriptions/00000000-0000-0000-0000-000000000000/resourceGroups/cli_test_vmss_vms000001/providers/Microsoft.Resources/deployments/vmss_deploy_PGEBk8TQTzGzbsIiahA9P6OI3LrvZiFk","name":"vmss_deploy_PGEBk8TQTzGzbsIiahA9P6OI3LrvZiFk","properties":{"templateHash":"15134698685278421997","parameters":{"adminPassword":{"type":"SecureString"}},"mode":"Incremental","provisioningState":"Accepted","timestamp":"2019-02-15T20:47:39.0870962Z","duration":"PT1.0865728S","correlationId":"06dece8d-0b49-4537-b640-428526e19593","providers":[{"namespace":"Microsoft.Network","resourceTypes":[{"resourceType":"virtualNetworks","locations":["westus"]},{"resourceType":"publicIPAddresses","locations":["westus"]},{"resourceType":"loadBalancers","locations":["westus"]}]},{"namespace":"Microsoft.Compute","resourceTypes":[{"resourceType":"virtualMachineScaleSets","locations":["westus"]}]}],"dependencies":[{"dependsOn":[{"id":"/subscriptions/00000000-0000-0000-0000-000000000000/resourceGroups/cli_test_vmss_vms000001/providers/Microsoft.Network/virtualNetworks/vmss1VNET","resourceType":"Microsoft.Network/virtualNetworks","resourceName":"vmss1VNET"},{"id":"/subscriptions/00000000-0000-0000-0000-000000000000/resourceGroups/cli_test_vmss_vms000001/providers/Microsoft.Network/publicIPAddresses/vmss1LBPublicIP","resourceType":"Microsoft.Network/publicIPAddresses","resourceName":"vmss1LBPublicIP"}],"id":"/subscriptions/00000000-0000-0000-0000-000000000000/resourceGroups/cli_test_vmss_vms000001/providers/Microsoft.Network/loadBalancers/vmss1LB","resourceType":"Microsoft.Network/loadBalancers","resourceName":"vmss1LB"},{"dependsOn":[{"id":"/subscriptions/00000000-0000-0000-0000-000000000000/resourceGroups/cli_test_vmss_vms000001/providers/Microsoft.Network/virtualNetworks/vmss1VNET","resourceType":"Microsoft.Network/virtualNetworks","resourceName":"vmss1VNET"},{"id":"/subscriptions/00000000-0000-0000-0000-000000000000/resourceGroups/cli_test_vmss_vms000001/providers/Microsoft.Network/loadBalancers/vmss1LB","resourceType":"Microsoft.Network/loadBalancers","resourceName":"vmss1LB"}],"id":"/subscriptions/00000000-0000-0000-0000-000000000000/resourceGroups/cli_test_vmss_vms000001/providers/Microsoft.Compute/virtualMachineScaleSets/vmss1","resourceType":"Microsoft.Compute/virtualMachineScaleSets","resourceName":"vmss1"}]}}'}
    headers:
      azure-asyncoperation: ['https://management.azure.com/subscriptions/00000000-0000-0000-0000-000000000000/resourcegroups/cli_test_vmss_vms000001/providers/Microsoft.Resources/deployments/vmss_deploy_PGEBk8TQTzGzbsIiahA9P6OI3LrvZiFk/operationStatuses/08586513432274771070?api-version=2018-05-01']
      cache-control: [no-cache]
      content-length: ['2691']
      content-type: [application/json; charset=utf-8]
      date: ['Fri, 15 Feb 2019 20:47:39 GMT']
      expires: ['-1']
      pragma: [no-cache]
      strict-transport-security: [max-age=31536000; includeSubDomains]
      x-content-type-options: [nosniff]
      x-ms-ratelimit-remaining-subscription-writes: ['1199']
    status: {code: 201, message: Created}
- request:
    body: null
    headers:
      Accept: [application/json]
      Accept-Encoding: ['gzip, deflate']
      CommandName: [vmss create]
      Connection: [keep-alive]
      ParameterSetName: [-g -n --image --authentication-type --admin-username --admin-password
          --instance-count]
      User-Agent: [python/3.7.1 (Windows-10-10.0.17763-SP0) msrest/0.6.4 msrest_azure/0.6.0
          resourcemanagementclient/2.1.0 Azure-SDK-For-Python AZURECLI/2.0.59]
    method: GET
    uri: https://management.azure.com/subscriptions/00000000-0000-0000-0000-000000000000/resourcegroups/cli_test_vmss_vms000001/providers/Microsoft.Resources/deployments/mock-deployment/operationStatuses/08586513432274771070?api-version=2018-05-01
  response:
    body: {string: '{"status":"Running"}'}
    headers:
      cache-control: [no-cache]
      content-length: ['20']
      content-type: [application/json; charset=utf-8]
      date: ['Fri, 15 Feb 2019 20:48:08 GMT']
      expires: ['-1']
      pragma: [no-cache]
      strict-transport-security: [max-age=31536000; includeSubDomains]
      vary: [Accept-Encoding]
      x-content-type-options: [nosniff]
    status: {code: 200, message: OK}
- request:
    body: null
    headers:
      Accept: [application/json]
      Accept-Encoding: ['gzip, deflate']
      CommandName: [vmss create]
      Connection: [keep-alive]
      ParameterSetName: [-g -n --image --authentication-type --admin-username --admin-password
          --instance-count]
      User-Agent: [python/3.7.1 (Windows-10-10.0.17763-SP0) msrest/0.6.4 msrest_azure/0.6.0
          resourcemanagementclient/2.1.0 Azure-SDK-For-Python AZURECLI/2.0.59]
    method: GET
    uri: https://management.azure.com/subscriptions/00000000-0000-0000-0000-000000000000/resourcegroups/cli_test_vmss_vms000001/providers/Microsoft.Resources/deployments/mock-deployment/operationStatuses/08586513432274771070?api-version=2018-05-01
  response:
    body: {string: '{"status":"Running"}'}
    headers:
      cache-control: [no-cache]
      content-length: ['20']
      content-type: [application/json; charset=utf-8]
      date: ['Fri, 15 Feb 2019 20:48:39 GMT']
      expires: ['-1']
      pragma: [no-cache]
      strict-transport-security: [max-age=31536000; includeSubDomains]
      vary: [Accept-Encoding]
      x-content-type-options: [nosniff]
    status: {code: 200, message: OK}
- request:
    body: null
    headers:
      Accept: [application/json]
      Accept-Encoding: ['gzip, deflate']
      CommandName: [vmss create]
      Connection: [keep-alive]
      ParameterSetName: [-g -n --image --authentication-type --admin-username --admin-password
          --instance-count]
      User-Agent: [python/3.7.1 (Windows-10-10.0.17763-SP0) msrest/0.6.4 msrest_azure/0.6.0
          resourcemanagementclient/2.1.0 Azure-SDK-For-Python AZURECLI/2.0.59]
    method: GET
    uri: https://management.azure.com/subscriptions/00000000-0000-0000-0000-000000000000/resourcegroups/cli_test_vmss_vms000001/providers/Microsoft.Resources/deployments/mock-deployment/operationStatuses/08586513432274771070?api-version=2018-05-01
  response:
    body: {string: '{"status":"Running"}'}
    headers:
      cache-control: [no-cache]
      content-length: ['20']
      content-type: [application/json; charset=utf-8]
      date: ['Fri, 15 Feb 2019 20:49:09 GMT']
      expires: ['-1']
      pragma: [no-cache]
      strict-transport-security: [max-age=31536000; includeSubDomains]
      vary: [Accept-Encoding]
      x-content-type-options: [nosniff]
    status: {code: 200, message: OK}
- request:
    body: null
    headers:
      Accept: [application/json]
      Accept-Encoding: ['gzip, deflate']
      CommandName: [vmss create]
      Connection: [keep-alive]
      ParameterSetName: [-g -n --image --authentication-type --admin-username --admin-password
          --instance-count]
      User-Agent: [python/3.7.1 (Windows-10-10.0.17763-SP0) msrest/0.6.4 msrest_azure/0.6.0
          resourcemanagementclient/2.1.0 Azure-SDK-For-Python AZURECLI/2.0.59]
    method: GET
    uri: https://management.azure.com/subscriptions/00000000-0000-0000-0000-000000000000/resourcegroups/cli_test_vmss_vms000001/providers/Microsoft.Resources/deployments/mock-deployment/operationStatuses/08586513432274771070?api-version=2018-05-01
  response:
    body: {string: '{"status":"Succeeded"}'}
    headers:
      cache-control: [no-cache]
      content-length: ['22']
      content-type: [application/json; charset=utf-8]
      date: ['Fri, 15 Feb 2019 20:49:40 GMT']
      expires: ['-1']
      pragma: [no-cache]
      strict-transport-security: [max-age=31536000; includeSubDomains]
      vary: [Accept-Encoding]
      x-content-type-options: [nosniff]
    status: {code: 200, message: OK}
- request:
    body: null
    headers:
      Accept: [application/json]
      Accept-Encoding: ['gzip, deflate']
      CommandName: [vmss create]
      Connection: [keep-alive]
      ParameterSetName: [-g -n --image --authentication-type --admin-username --admin-password
          --instance-count]
      User-Agent: [python/3.7.1 (Windows-10-10.0.17763-SP0) msrest/0.6.4 msrest_azure/0.6.0
          resourcemanagementclient/2.1.0 Azure-SDK-For-Python AZURECLI/2.0.59]
    method: GET
    uri: https://management.azure.com/subscriptions/00000000-0000-0000-0000-000000000000/resourcegroups/cli_test_vmss_vms000001/providers/Microsoft.Resources/deployments/mock-deployment?api-version=2018-05-01
  response:
    body: {string: '{"id":"/subscriptions/00000000-0000-0000-0000-000000000000/resourceGroups/cli_test_vmss_vms000001/providers/Microsoft.Resources/deployments/vmss_deploy_PGEBk8TQTzGzbsIiahA9P6OI3LrvZiFk","name":"vmss_deploy_PGEBk8TQTzGzbsIiahA9P6OI3LrvZiFk","properties":{"templateHash":"15134698685278421997","parameters":{"adminPassword":{"type":"SecureString"}},"mode":"Incremental","provisioningState":"Succeeded","timestamp":"2019-02-15T20:49:35.7287715Z","duration":"PT1M57.7282481S","correlationId":"06dece8d-0b49-4537-b640-428526e19593","providers":[{"namespace":"Microsoft.Network","resourceTypes":[{"resourceType":"virtualNetworks","locations":["westus"]},{"resourceType":"publicIPAddresses","locations":["westus"]},{"resourceType":"loadBalancers","locations":["westus"]}]},{"namespace":"Microsoft.Compute","resourceTypes":[{"resourceType":"virtualMachineScaleSets","locations":["westus"]}]}],"dependencies":[{"dependsOn":[{"id":"/subscriptions/00000000-0000-0000-0000-000000000000/resourceGroups/cli_test_vmss_vms000001/providers/Microsoft.Network/virtualNetworks/vmss1VNET","resourceType":"Microsoft.Network/virtualNetworks","resourceName":"vmss1VNET"},{"id":"/subscriptions/00000000-0000-0000-0000-000000000000/resourceGroups/cli_test_vmss_vms000001/providers/Microsoft.Network/publicIPAddresses/vmss1LBPublicIP","resourceType":"Microsoft.Network/publicIPAddresses","resourceName":"vmss1LBPublicIP"}],"id":"/subscriptions/00000000-0000-0000-0000-000000000000/resourceGroups/cli_test_vmss_vms000001/providers/Microsoft.Network/loadBalancers/vmss1LB","resourceType":"Microsoft.Network/loadBalancers","resourceName":"vmss1LB"},{"dependsOn":[{"id":"/subscriptions/00000000-0000-0000-0000-000000000000/resourceGroups/cli_test_vmss_vms000001/providers/Microsoft.Network/virtualNetworks/vmss1VNET","resourceType":"Microsoft.Network/virtualNetworks","resourceName":"vmss1VNET"},{"id":"/subscriptions/00000000-0000-0000-0000-000000000000/resourceGroups/cli_test_vmss_vms000001/providers/Microsoft.Network/loadBalancers/vmss1LB","resourceType":"Microsoft.Network/loadBalancers","resourceName":"vmss1LB"}],"id":"/subscriptions/00000000-0000-0000-0000-000000000000/resourceGroups/cli_test_vmss_vms000001/providers/Microsoft.Compute/virtualMachineScaleSets/vmss1","resourceType":"Microsoft.Compute/virtualMachineScaleSets","resourceName":"vmss1"}],"outputs":{"vmss":{"type":"Object","value":{"singlePlacementGroup":true,"upgradePolicy":{"mode":"Manual"},"virtualMachineProfile":{"osProfile":{"computerNamePrefix":"vmss16098","adminUsername":"admin123","linuxConfiguration":{"disablePasswordAuthentication":false,"provisionVMAgent":true},"secrets":[],"allowExtensionOperations":true,"requireGuestProvisionSignal":true},"storageProfile":{"osDisk":{"createOption":"FromImage","caching":"ReadWrite","managedDisk":{"storageAccountType":"Premium_LRS"}},"imageReference":{"publisher":"Canonical","offer":"UbuntuServer","sku":"18.04-LTS","version":"latest"}},"networkProfile":{"networkInterfaceConfigurations":[{"name":"vmss16098Nic","properties":{"primary":true,"enableAcceleratedNetworking":false,"dnsSettings":{"dnsServers":[]},"enableIPForwarding":false,"ipConfigurations":[{"name":"vmss16098IPConfig","properties":{"subnet":{"id":"/subscriptions/00000000-0000-0000-0000-000000000000/resourceGroups/cli_test_vmss_vms000001/providers/Microsoft.Network/virtualNetworks/vmss1VNET/subnets/vmss1Subnet"},"privateIPAddressVersion":"IPv4","loadBalancerBackendAddressPools":[{"id":"/subscriptions/00000000-0000-0000-0000-000000000000/resourceGroups/cli_test_vmss_vms000001/providers/Microsoft.Network/loadBalancers/vmss1LB/backendAddressPools/vmss1LBBEPool"}],"loadBalancerInboundNatPools":[{"id":"/subscriptions/00000000-0000-0000-0000-000000000000/resourceGroups/cli_test_vmss_vms000001/providers/Microsoft.Network/loadBalancers/vmss1LB/inboundNatPools/vmss1LBNatPool"}]}}]}}]}},"provisioningState":"Succeeded","overprovision":true,"uniqueId":"1616d462-dd4c-4fba-824c-6f7775dc1792"}}},"outputResources":[{"id":"/subscriptions/00000000-0000-0000-0000-000000000000/resourceGroups/cli_test_vmss_vms000001/providers/Microsoft.Compute/virtualMachineScaleSets/vmss1"},{"id":"/subscriptions/00000000-0000-0000-0000-000000000000/resourceGroups/cli_test_vmss_vms000001/providers/Microsoft.Network/loadBalancers/vmss1LB"},{"id":"/subscriptions/00000000-0000-0000-0000-000000000000/resourceGroups/cli_test_vmss_vms000001/providers/Microsoft.Network/publicIPAddresses/vmss1LBPublicIP"},{"id":"/subscriptions/00000000-0000-0000-0000-000000000000/resourceGroups/cli_test_vmss_vms000001/providers/Microsoft.Network/virtualNetworks/vmss1VNET"}]}}'}
    headers:
      cache-control: [no-cache]
      content-length: ['5330']
      content-type: [application/json; charset=utf-8]
      date: ['Fri, 15 Feb 2019 20:49:39 GMT']
      expires: ['-1']
      pragma: [no-cache]
      strict-transport-security: [max-age=31536000; includeSubDomains]
      vary: [Accept-Encoding]
      x-content-type-options: [nosniff]
    status: {code: 200, message: OK}
- request:
    body: null
    headers:
      Accept: [application/json]
      Accept-Encoding: ['gzip, deflate']
      CommandName: [vmss list-instances]
      Connection: [keep-alive]
      ParameterSetName: [--resource-group --name]
      User-Agent: [python/3.7.1 (Windows-10-10.0.17763-SP0) msrest/0.6.4 msrest_azure/0.6.0
          computemanagementclient/4.4.0 Azure-SDK-For-Python AZURECLI/2.0.59]
      accept-language: [en-US]
    method: GET
    uri: https://management.azure.com/subscriptions/00000000-0000-0000-0000-000000000000/resourceGroups/cli_test_vmss_vms000001/providers/Microsoft.Compute/virtualMachineScaleSets/vmss1/virtualMachines?api-version=2018-10-01
  response:
    body: {string: "{\r\n  \"value\": [\r\n    {\r\n      \"instanceId\": \"2\",\r\
        \n      \"sku\": {\r\n        \"name\": \"Standard_DS1_v2\",\r\n        \"\
        tier\": \"Standard\"\r\n      },\r\n      \"properties\": {\r\n        \"\
        latestModelApplied\": true,\r\n        \"vmId\": \"1a37649f-84e5-4745-b350-3e421c6a4547\"\
        ,\r\n        \"hardwareProfile\": {},\r\n        \"storageProfile\": {\r\n\
        \          \"imageReference\": {\r\n            \"publisher\": \"Canonical\"\
        ,\r\n            \"offer\": \"UbuntuServer\",\r\n            \"sku\": \"18.04-LTS\"\
        ,\r\n            \"version\": \"18.04.201902121\"\r\n          },\r\n    \
        \      \"osDisk\": {\r\n            \"osType\": \"Linux\",\r\n           \
        \ \"name\": \"vmss1_vmss1_2_OsDisk_1_665e3f085a884f8198b0ba9634632f57\",\r\
        \n            \"createOption\": \"FromImage\",\r\n            \"caching\"\
        : \"ReadWrite\",\r\n            \"managedDisk\": {\r\n              \"storageAccountType\"\
        : \"Premium_LRS\",\r\n              \"id\": \"/subscriptions/00000000-0000-0000-0000-000000000000/resourceGroups/cli_test_vmss_vms000001/providers/Microsoft.Compute/disks/vmss1_vmss1_2_OsDisk_1_665e3f085a884f8198b0ba9634632f57\"\
        \r\n            },\r\n            \"diskSizeGB\": 30\r\n          },\r\n \
        \         \"dataDisks\": []\r\n        },\r\n        \"osProfile\": {\r\n\
        \          \"computerName\": \"vmss16098000002\",\r\n          \"adminUsername\"\
        : \"admin123\",\r\n          \"linuxConfiguration\": {\r\n            \"disablePasswordAuthentication\"\
        : false,\r\n            \"provisionVMAgent\": true\r\n          },\r\n   \
        \       \"secrets\": [],\r\n          \"allowExtensionOperations\": true,\r\
        \n          \"requireGuestProvisionSignal\": true\r\n        },\r\n      \
        \  \"networkProfile\": {\"networkInterfaces\":[{\"id\":\"/subscriptions/00000000-0000-0000-0000-000000000000/resourceGroups/cli_test_vmss_vms000001/providers/Microsoft.Compute/virtualMachineScaleSets/vmss1/virtualMachines/2/networkInterfaces/vmss16098Nic\"\
        }]},\r\n        \"provisioningState\": \"Succeeded\"\r\n      },\r\n     \
        \ \"type\": \"Microsoft.Compute/virtualMachineScaleSets/virtualMachines\"\
        ,\r\n      \"location\": \"westus\",\r\n      \"tags\": {},\r\n      \"id\"\
        : \"/subscriptions/00000000-0000-0000-0000-000000000000/resourceGroups/cli_test_vmss_vms000001/providers/Microsoft.Compute/virtualMachineScaleSets/vmss1/virtualMachines/2\"\
        ,\r\n      \"name\": \"vmss1_2\"\r\n    },\r\n    {\r\n      \"instanceId\"\
        : \"3\",\r\n      \"sku\": {\r\n        \"name\": \"Standard_DS1_v2\",\r\n\
        \        \"tier\": \"Standard\"\r\n      },\r\n      \"properties\": {\r\n\
        \        \"latestModelApplied\": true,\r\n        \"vmId\": \"68c333d8-cf8d-47ee-9cb8-ba43483cd1c4\"\
        ,\r\n        \"hardwareProfile\": {},\r\n        \"storageProfile\": {\r\n\
        \          \"imageReference\": {\r\n            \"publisher\": \"Canonical\"\
        ,\r\n            \"offer\": \"UbuntuServer\",\r\n            \"sku\": \"18.04-LTS\"\
        ,\r\n            \"version\": \"18.04.201902121\"\r\n          },\r\n    \
        \      \"osDisk\": {\r\n            \"osType\": \"Linux\",\r\n           \
        \ \"name\": \"vmss1_vmss1_3_OsDisk_1_b4e613b9596247f8bff275da2db09782\",\r\
        \n            \"createOption\": \"FromImage\",\r\n            \"caching\"\
        : \"ReadWrite\",\r\n            \"managedDisk\": {\r\n              \"storageAccountType\"\
        : \"Premium_LRS\",\r\n              \"id\": \"/subscriptions/00000000-0000-0000-0000-000000000000/resourceGroups/cli_test_vmss_vms000001/providers/Microsoft.Compute/disks/vmss1_vmss1_3_OsDisk_1_b4e613b9596247f8bff275da2db09782\"\
        \r\n            },\r\n            \"diskSizeGB\": 30\r\n          },\r\n \
        \         \"dataDisks\": []\r\n        },\r\n        \"osProfile\": {\r\n\
        \          \"computerName\": \"vmss16098000003\",\r\n          \"adminUsername\"\
        : \"admin123\",\r\n          \"linuxConfiguration\": {\r\n            \"disablePasswordAuthentication\"\
        : false,\r\n            \"provisionVMAgent\": true\r\n          },\r\n   \
        \       \"secrets\": [],\r\n          \"allowExtensionOperations\": true,\r\
        \n          \"requireGuestProvisionSignal\": true\r\n        },\r\n      \
        \  \"networkProfile\": {\"networkInterfaces\":[{\"id\":\"/subscriptions/00000000-0000-0000-0000-000000000000/resourceGroups/cli_test_vmss_vms000001/providers/Microsoft.Compute/virtualMachineScaleSets/vmss1/virtualMachines/3/networkInterfaces/vmss16098Nic\"\
        }]},\r\n        \"provisioningState\": \"Succeeded\"\r\n      },\r\n     \
        \ \"type\": \"Microsoft.Compute/virtualMachineScaleSets/virtualMachines\"\
        ,\r\n      \"location\": \"westus\",\r\n      \"tags\": {},\r\n      \"id\"\
        : \"/subscriptions/00000000-0000-0000-0000-000000000000/resourceGroups/cli_test_vmss_vms000001/providers/Microsoft.Compute/virtualMachineScaleSets/vmss1/virtualMachines/3\"\
        ,\r\n      \"name\": \"vmss1_3\"\r\n    }\r\n  ]\r\n}"}
    headers:
      cache-control: [no-cache]
      content-length: ['4590']
      content-type: [application/json; charset=utf-8]
      date: ['Fri, 15 Feb 2019 20:49:41 GMT']
      expires: ['-1']
      pragma: [no-cache]
      server: [Microsoft-HTTPAPI/2.0, Microsoft-HTTPAPI/2.0]
      strict-transport-security: [max-age=31536000; includeSubDomains]
      transfer-encoding: [chunked]
      vary: [Accept-Encoding]
      x-content-type-options: [nosniff]
      x-ms-ratelimit-remaining-resource: ['Microsoft.Compute/HighCostGetVMScaleSet3Min;164,Microsoft.Compute/HighCostGetVMScaleSet30Min;880,Microsoft.Compute/VMScaleSetVMViews3Min;4957']
      x-ms-request-charge: ['4']
    status: {code: 200, message: OK}
- request:
    body: null
    headers:
      Accept: [application/json]
      Accept-Encoding: ['gzip, deflate']
      CommandName: [vmss show]
      Connection: [keep-alive]
      ParameterSetName: [--resource-group --name --instance-id]
      User-Agent: [python/3.7.1 (Windows-10-10.0.17763-SP0) msrest/0.6.4 msrest_azure/0.6.0
          computemanagementclient/4.4.0 Azure-SDK-For-Python AZURECLI/2.0.59]
      accept-language: [en-US]
    method: GET
    uri: https://management.azure.com/subscriptions/00000000-0000-0000-0000-000000000000/resourceGroups/cli_test_vmss_vms000001/providers/Microsoft.Compute/virtualMachineScaleSets/vmss1/virtualmachines/2?api-version=2018-10-01
  response:
    body: {string: "{\r\n  \"instanceId\": \"2\",\r\n  \"sku\": {\r\n    \"name\"\
        : \"Standard_DS1_v2\",\r\n    \"tier\": \"Standard\"\r\n  },\r\n  \"properties\"\
        : {\r\n    \"latestModelApplied\": true,\r\n    \"vmId\": \"1a37649f-84e5-4745-b350-3e421c6a4547\"\
        ,\r\n    \"hardwareProfile\": {},\r\n    \"storageProfile\": {\r\n      \"\
        imageReference\": {\r\n        \"publisher\": \"Canonical\",\r\n        \"\
        offer\": \"UbuntuServer\",\r\n        \"sku\": \"18.04-LTS\",\r\n        \"\
        version\": \"18.04.201902121\"\r\n      },\r\n      \"osDisk\": {\r\n    \
        \    \"osType\": \"Linux\",\r\n        \"name\": \"vmss1_vmss1_2_OsDisk_1_665e3f085a884f8198b0ba9634632f57\"\
        ,\r\n        \"createOption\": \"FromImage\",\r\n        \"caching\": \"ReadWrite\"\
        ,\r\n        \"managedDisk\": {\r\n          \"storageAccountType\": \"Premium_LRS\"\
        ,\r\n          \"id\": \"/subscriptions/00000000-0000-0000-0000-000000000000/resourceGroups/cli_test_vmss_vms000001/providers/Microsoft.Compute/disks/vmss1_vmss1_2_OsDisk_1_665e3f085a884f8198b0ba9634632f57\"\
        \r\n        },\r\n        \"diskSizeGB\": 30\r\n      },\r\n      \"dataDisks\"\
        : []\r\n    },\r\n    \"osProfile\": {\r\n      \"computerName\": \"vmss16098000002\"\
        ,\r\n      \"adminUsername\": \"admin123\",\r\n      \"linuxConfiguration\"\
        : {\r\n        \"disablePasswordAuthentication\": false,\r\n        \"provisionVMAgent\"\
        : true\r\n      },\r\n      \"secrets\": [],\r\n      \"allowExtensionOperations\"\
        : true,\r\n      \"requireGuestProvisionSignal\": true\r\n    },\r\n    \"\
        networkProfile\": {\"networkInterfaces\":[{\"id\":\"/subscriptions/00000000-0000-0000-0000-000000000000/resourceGroups/cli_test_vmss_vms000001/providers/Microsoft.Compute/virtualMachineScaleSets/vmss1/virtualMachines/2/networkInterfaces/vmss16098Nic\"\
        }]},\r\n    \"provisioningState\": \"Succeeded\"\r\n  },\r\n  \"type\": \"\
        Microsoft.Compute/virtualMachineScaleSets/virtualMachines\",\r\n  \"location\"\
        : \"westus\",\r\n  \"tags\": {},\r\n  \"id\": \"/subscriptions/00000000-0000-0000-0000-000000000000/resourceGroups/cli_test_vmss_vms000001/providers/Microsoft.Compute/virtualMachineScaleSets/vmss1/virtualMachines/2\"\
        ,\r\n  \"name\": \"vmss1_2\"\r\n}"}
    headers:
      cache-control: [no-cache]
      content-length: ['2081']
      content-type: [application/json; charset=utf-8]
      date: ['Fri, 15 Feb 2019 20:49:41 GMT']
      expires: ['-1']
      pragma: [no-cache]
      server: [Microsoft-HTTPAPI/2.0, Microsoft-HTTPAPI/2.0]
      strict-transport-security: [max-age=31536000; includeSubDomains]
      transfer-encoding: [chunked]
      vary: [Accept-Encoding]
      x-content-type-options: [nosniff]
      x-ms-ratelimit-remaining-resource: ['Microsoft.Compute/GetVMScaleSetVM3Min;498,Microsoft.Compute/GetVMScaleSetVM30Min;2498,Microsoft.Compute/VMScaleSetVMViews3Min;4956']
      x-ms-request-charge: ['1']
    status: {code: 200, message: OK}
- request:
    body: null
    headers:
      Accept: [application/json]
      Accept-Encoding: ['gzip, deflate']
      CommandName: [vmss list-instance-connection-info]
      Connection: [keep-alive]
      ParameterSetName: [--resource-group --name]
      User-Agent: [python/3.7.1 (Windows-10-10.0.17763-SP0) msrest/0.6.4 msrest_azure/0.6.0
          computemanagementclient/4.4.0 Azure-SDK-For-Python AZURECLI/2.0.59]
      accept-language: [en-US]
    method: GET
    uri: https://management.azure.com/subscriptions/00000000-0000-0000-0000-000000000000/resourceGroups/cli_test_vmss_vms000001/providers/Microsoft.Compute/virtualMachineScaleSets/vmss1?api-version=2018-10-01
  response:
    body: {string: "{\r\n  \"sku\": {\r\n    \"name\": \"Standard_DS1_v2\",\r\n  \
        \  \"tier\": \"Standard\",\r\n    \"capacity\": 2\r\n  },\r\n  \"properties\"\
        : {\r\n    \"singlePlacementGroup\": true,\r\n    \"upgradePolicy\": {\r\n\
        \      \"mode\": \"Manual\"\r\n    },\r\n    \"virtualMachineProfile\": {\r\
        \n      \"osProfile\": {\r\n        \"computerNamePrefix\": \"vmss16098\"\
        ,\r\n        \"adminUsername\": \"admin123\",\r\n        \"linuxConfiguration\"\
        : {\r\n          \"disablePasswordAuthentication\": false,\r\n          \"\
        provisionVMAgent\": true\r\n        },\r\n        \"secrets\": [],\r\n   \
        \     \"allowExtensionOperations\": true,\r\n        \"requireGuestProvisionSignal\"\
        : true\r\n      },\r\n      \"storageProfile\": {\r\n        \"osDisk\": {\r\
        \n          \"createOption\": \"FromImage\",\r\n          \"caching\": \"\
        ReadWrite\",\r\n          \"managedDisk\": {\r\n            \"storageAccountType\"\
        : \"Premium_LRS\"\r\n          }\r\n        },\r\n        \"imageReference\"\
        : {\r\n          \"publisher\": \"Canonical\",\r\n          \"offer\": \"\
        UbuntuServer\",\r\n          \"sku\": \"18.04-LTS\",\r\n          \"version\"\
        : \"latest\"\r\n        }\r\n      },\r\n      \"networkProfile\": {\"networkInterfaceConfigurations\"\
        :[{\"name\":\"vmss16098Nic\",\"properties\":{\"primary\":true,\"enableAcceleratedNetworking\"\
        :false,\"dnsSettings\":{\"dnsServers\":[]},\"enableIPForwarding\":false,\"\
        ipConfigurations\":[{\"name\":\"vmss16098IPConfig\",\"properties\":{\"subnet\"\
        :{\"id\":\"/subscriptions/00000000-0000-0000-0000-000000000000/resourceGroups/cli_test_vmss_vms000001/providers/Microsoft.Network/virtualNetworks/vmss1VNET/subnets/vmss1Subnet\"\
        },\"privateIPAddressVersion\":\"IPv4\",\"loadBalancerBackendAddressPools\"\
        :[{\"id\":\"/subscriptions/00000000-0000-0000-0000-000000000000/resourceGroups/cli_test_vmss_vms000001/providers/Microsoft.Network/loadBalancers/vmss1LB/backendAddressPools/vmss1LBBEPool\"\
        }],\"loadBalancerInboundNatPools\":[{\"id\":\"/subscriptions/00000000-0000-0000-0000-000000000000/resourceGroups/cli_test_vmss_vms000001/providers/Microsoft.Network/loadBalancers/vmss1LB/inboundNatPools/vmss1LBNatPool\"\
        }]}}]}}]}\r\n    },\r\n    \"provisioningState\": \"Succeeded\",\r\n    \"\
        overprovision\": true,\r\n    \"uniqueId\": \"1616d462-dd4c-4fba-824c-6f7775dc1792\"\
        \r\n  },\r\n  \"type\": \"Microsoft.Compute/virtualMachineScaleSets\",\r\n\
        \  \"location\": \"westus\",\r\n  \"tags\": {},\r\n  \"id\": \"/subscriptions/00000000-0000-0000-0000-000000000000/resourceGroups/cli_test_vmss_vms000001/providers/Microsoft.Compute/virtualMachineScaleSets/vmss1\"\
        ,\r\n  \"name\": \"vmss1\"\r\n}"}
    headers:
      cache-control: [no-cache]
      content-length: ['2554']
      content-type: [application/json; charset=utf-8]
      date: ['Fri, 15 Feb 2019 20:49:42 GMT']
      expires: ['-1']
      pragma: [no-cache]
      server: [Microsoft-HTTPAPI/2.0, Microsoft-HTTPAPI/2.0]
      strict-transport-security: [max-age=31536000; includeSubDomains]
      transfer-encoding: [chunked]
      vary: [Accept-Encoding]
      x-content-type-options: [nosniff]
      x-ms-ratelimit-remaining-resource: ['Microsoft.Compute/GetVMScaleSet3Min;132,Microsoft.Compute/GetVMScaleSet30Min;1210']
    status: {code: 200, message: OK}
- request:
    body: null
    headers:
      Accept: [application/json]
      Accept-Encoding: ['gzip, deflate']
      CommandName: [vmss list-instance-connection-info]
      Connection: [keep-alive]
      ParameterSetName: [--resource-group --name]
      User-Agent: [python/3.7.1 (Windows-10-10.0.17763-SP0) msrest/0.6.4 msrest_azure/0.6.0
          networkmanagementclient/2.5.1 Azure-SDK-For-Python AZURECLI/2.0.59]
      accept-language: [en-US]
    method: GET
    uri: https://management.azure.com/subscriptions/00000000-0000-0000-0000-000000000000/resourceGroups/cli_test_vmss_vms000001/providers/Microsoft.Network/loadBalancers/vmss1LB?api-version=2018-12-01
  response:
    body: {string: "{\r\n  \"name\": \"vmss1LB\",\r\n  \"id\": \"/subscriptions/00000000-0000-0000-0000-000000000000/resourceGroups/cli_test_vmss_vms000001/providers/Microsoft.Network/loadBalancers/vmss1LB\"\
        ,\r\n  \"etag\": \"W/\\\"74b90465-39d9-45e3-b110-e8a5672bbe4a\\\"\",\r\n \
        \ \"type\": \"Microsoft.Network/loadBalancers\",\r\n  \"location\": \"westus\"\
        ,\r\n  \"tags\": {},\r\n  \"properties\": {\r\n    \"provisioningState\":\
        \ \"Succeeded\",\r\n    \"resourceGuid\": \"6fd26b67-fdb4-475f-a015-0d3222ad542f\"\
        ,\r\n    \"frontendIPConfigurations\": [\r\n      {\r\n        \"name\": \"\
        loadBalancerFrontEnd\",\r\n        \"id\": \"/subscriptions/00000000-0000-0000-0000-000000000000/resourceGroups/cli_test_vmss_vms000001/providers/Microsoft.Network/loadBalancers/vmss1LB/frontendIPConfigurations/loadBalancerFrontEnd\"\
        ,\r\n        \"etag\": \"W/\\\"74b90465-39d9-45e3-b110-e8a5672bbe4a\\\"\"\
        ,\r\n        \"type\": \"Microsoft.Network/loadBalancers/frontendIPConfigurations\"\
        ,\r\n        \"properties\": {\r\n          \"provisioningState\": \"Succeeded\"\
        ,\r\n          \"privateIPAllocationMethod\": \"Dynamic\",\r\n          \"\
        publicIPAddress\": {\r\n            \"id\": \"/subscriptions/00000000-0000-0000-0000-000000000000/resourceGroups/cli_test_vmss_vms000001/providers/Microsoft.Network/publicIPAddresses/vmss1LBPublicIP\"\
        \r\n          },\r\n          \"inboundNatRules\": [\r\n            {\r\n\
        \              \"id\": \"/subscriptions/00000000-0000-0000-0000-000000000000/resourceGroups/cli_test_vmss_vms000001/providers/Microsoft.Network/loadBalancers/vmss1LB/inboundNatRules/vmss1LBNatPool.0\"\
        \r\n            },\r\n            {\r\n              \"id\": \"/subscriptions/00000000-0000-0000-0000-000000000000/resourceGroups/cli_test_vmss_vms000001/providers/Microsoft.Network/loadBalancers/vmss1LB/inboundNatRules/vmss1LBNatPool.1\"\
        \r\n            },\r\n            {\r\n              \"id\": \"/subscriptions/00000000-0000-0000-0000-000000000000/resourceGroups/cli_test_vmss_vms000001/providers/Microsoft.Network/loadBalancers/vmss1LB/inboundNatRules/vmss1LBNatPool.2\"\
        \r\n            },\r\n            {\r\n              \"id\": \"/subscriptions/00000000-0000-0000-0000-000000000000/resourceGroups/cli_test_vmss_vms000001/providers/Microsoft.Network/loadBalancers/vmss1LB/inboundNatRules/vmss1LBNatPool.3\"\
        \r\n            }\r\n          ],\r\n          \"inboundNatPools\": [\r\n\
        \            {\r\n              \"id\": \"/subscriptions/00000000-0000-0000-0000-000000000000/resourceGroups/cli_test_vmss_vms000001/providers/Microsoft.Network/loadBalancers/vmss1LB/inboundNatPools/vmss1LBNatPool\"\
        \r\n            }\r\n          ]\r\n        }\r\n      }\r\n    ],\r\n   \
        \ \"backendAddressPools\": [\r\n      {\r\n        \"name\": \"vmss1LBBEPool\"\
        ,\r\n        \"id\": \"/subscriptions/00000000-0000-0000-0000-000000000000/resourceGroups/cli_test_vmss_vms000001/providers/Microsoft.Network/loadBalancers/vmss1LB/backendAddressPools/vmss1LBBEPool\"\
        ,\r\n        \"etag\": \"W/\\\"74b90465-39d9-45e3-b110-e8a5672bbe4a\\\"\"\
        ,\r\n        \"properties\": {\r\n          \"provisioningState\": \"Succeeded\"\
        ,\r\n          \"backendIPConfigurations\": [\r\n            {\r\n       \
        \       \"id\": \"/subscriptions/00000000-0000-0000-0000-000000000000/resourceGroups/cli_test_vmss_vms000001/providers/Microsoft.Compute/virtualMachineScaleSets/vmss1/virtualMachines/0/networkInterfaces/vmss16098Nic/ipConfigurations/vmss16098IPConfig\"\
        \r\n            },\r\n            {\r\n              \"id\": \"/subscriptions/00000000-0000-0000-0000-000000000000/resourceGroups/cli_test_vmss_vms000001/providers/Microsoft.Compute/virtualMachineScaleSets/vmss1/virtualMachines/1/networkInterfaces/vmss16098Nic/ipConfigurations/vmss16098IPConfig\"\
        \r\n            },\r\n            {\r\n              \"id\": \"/subscriptions/00000000-0000-0000-0000-000000000000/resourceGroups/cli_test_vmss_vms000001/providers/Microsoft.Compute/virtualMachineScaleSets/vmss1/virtualMachines/2/networkInterfaces/vmss16098Nic/ipConfigurations/vmss16098IPConfig\"\
        \r\n            },\r\n            {\r\n              \"id\": \"/subscriptions/00000000-0000-0000-0000-000000000000/resourceGroups/cli_test_vmss_vms000001/providers/Microsoft.Compute/virtualMachineScaleSets/vmss1/virtualMachines/3/networkInterfaces/vmss16098Nic/ipConfigurations/vmss16098IPConfig\"\
        \r\n            }\r\n          ]\r\n        },\r\n        \"type\": \"Microsoft.Network/loadBalancers/backendAddressPools\"\
        \r\n      }\r\n    ],\r\n    \"loadBalancingRules\": [],\r\n    \"probes\"\
        : [],\r\n    \"inboundNatRules\": [\r\n      {\r\n        \"name\": \"vmss1LBNatPool.0\"\
        ,\r\n        \"id\": \"/subscriptions/00000000-0000-0000-0000-000000000000/resourceGroups/cli_test_vmss_vms000001/providers/Microsoft.Network/loadBalancers/vmss1LB/inboundNatRules/vmss1LBNatPool.0\"\
        ,\r\n        \"etag\": \"W/\\\"74b90465-39d9-45e3-b110-e8a5672bbe4a\\\"\"\
        ,\r\n        \"type\": \"Microsoft.Network/loadBalancers/inboundNatRules\"\
        ,\r\n        \"properties\": {\r\n          \"provisioningState\": \"Succeeded\"\
        ,\r\n          \"frontendIPConfiguration\": {\r\n            \"id\": \"/subscriptions/00000000-0000-0000-0000-000000000000/resourceGroups/cli_test_vmss_vms000001/providers/Microsoft.Network/loadBalancers/vmss1LB/frontendIPConfigurations/loadBalancerFrontEnd\"\
        \r\n          },\r\n          \"frontendPort\": 50000,\r\n          \"backendPort\"\
        : 22,\r\n          \"enableFloatingIP\": false,\r\n          \"idleTimeoutInMinutes\"\
        : 4,\r\n          \"protocol\": \"Tcp\",\r\n          \"enableDestinationServiceEndpoint\"\
        : false,\r\n          \"enableTcpReset\": false,\r\n          \"allowBackendPortConflict\"\
        : false,\r\n          \"backendIPConfiguration\": {\r\n            \"id\"\
        : \"/subscriptions/00000000-0000-0000-0000-000000000000/resourceGroups/cli_test_vmss_vms000001/providers/Microsoft.Compute/virtualMachineScaleSets/vmss1/virtualMachines/0/networkInterfaces/vmss16098Nic/ipConfigurations/vmss16098IPConfig\"\
        \r\n          }\r\n        }\r\n      },\r\n      {\r\n        \"name\": \"\
        vmss1LBNatPool.1\",\r\n        \"id\": \"/subscriptions/00000000-0000-0000-0000-000000000000/resourceGroups/cli_test_vmss_vms000001/providers/Microsoft.Network/loadBalancers/vmss1LB/inboundNatRules/vmss1LBNatPool.1\"\
        ,\r\n        \"etag\": \"W/\\\"74b90465-39d9-45e3-b110-e8a5672bbe4a\\\"\"\
        ,\r\n        \"type\": \"Microsoft.Network/loadBalancers/inboundNatRules\"\
        ,\r\n        \"properties\": {\r\n          \"provisioningState\": \"Succeeded\"\
        ,\r\n          \"frontendIPConfiguration\": {\r\n            \"id\": \"/subscriptions/00000000-0000-0000-0000-000000000000/resourceGroups/cli_test_vmss_vms000001/providers/Microsoft.Network/loadBalancers/vmss1LB/frontendIPConfigurations/loadBalancerFrontEnd\"\
        \r\n          },\r\n          \"frontendPort\": 50001,\r\n          \"backendPort\"\
        : 22,\r\n          \"enableFloatingIP\": false,\r\n          \"idleTimeoutInMinutes\"\
        : 4,\r\n          \"protocol\": \"Tcp\",\r\n          \"enableDestinationServiceEndpoint\"\
        : false,\r\n          \"enableTcpReset\": false,\r\n          \"allowBackendPortConflict\"\
        : false,\r\n          \"backendIPConfiguration\": {\r\n            \"id\"\
        : \"/subscriptions/00000000-0000-0000-0000-000000000000/resourceGroups/cli_test_vmss_vms000001/providers/Microsoft.Compute/virtualMachineScaleSets/vmss1/virtualMachines/1/networkInterfaces/vmss16098Nic/ipConfigurations/vmss16098IPConfig\"\
        \r\n          }\r\n        }\r\n      },\r\n      {\r\n        \"name\": \"\
        vmss1LBNatPool.2\",\r\n        \"id\": \"/subscriptions/00000000-0000-0000-0000-000000000000/resourceGroups/cli_test_vmss_vms000001/providers/Microsoft.Network/loadBalancers/vmss1LB/inboundNatRules/vmss1LBNatPool.2\"\
        ,\r\n        \"etag\": \"W/\\\"74b90465-39d9-45e3-b110-e8a5672bbe4a\\\"\"\
        ,\r\n        \"type\": \"Microsoft.Network/loadBalancers/inboundNatRules\"\
        ,\r\n        \"properties\": {\r\n          \"provisioningState\": \"Succeeded\"\
        ,\r\n          \"frontendIPConfiguration\": {\r\n            \"id\": \"/subscriptions/00000000-0000-0000-0000-000000000000/resourceGroups/cli_test_vmss_vms000001/providers/Microsoft.Network/loadBalancers/vmss1LB/frontendIPConfigurations/loadBalancerFrontEnd\"\
        \r\n          },\r\n          \"frontendPort\": 50002,\r\n          \"backendPort\"\
        : 22,\r\n          \"enableFloatingIP\": false,\r\n          \"idleTimeoutInMinutes\"\
        : 4,\r\n          \"protocol\": \"Tcp\",\r\n          \"enableDestinationServiceEndpoint\"\
        : false,\r\n          \"enableTcpReset\": false,\r\n          \"allowBackendPortConflict\"\
        : false,\r\n          \"backendIPConfiguration\": {\r\n            \"id\"\
        : \"/subscriptions/00000000-0000-0000-0000-000000000000/resourceGroups/cli_test_vmss_vms000001/providers/Microsoft.Compute/virtualMachineScaleSets/vmss1/virtualMachines/2/networkInterfaces/vmss16098Nic/ipConfigurations/vmss16098IPConfig\"\
        \r\n          }\r\n        }\r\n      },\r\n      {\r\n        \"name\": \"\
        vmss1LBNatPool.3\",\r\n        \"id\": \"/subscriptions/00000000-0000-0000-0000-000000000000/resourceGroups/cli_test_vmss_vms000001/providers/Microsoft.Network/loadBalancers/vmss1LB/inboundNatRules/vmss1LBNatPool.3\"\
        ,\r\n        \"etag\": \"W/\\\"74b90465-39d9-45e3-b110-e8a5672bbe4a\\\"\"\
        ,\r\n        \"type\": \"Microsoft.Network/loadBalancers/inboundNatRules\"\
        ,\r\n        \"properties\": {\r\n          \"provisioningState\": \"Succeeded\"\
        ,\r\n          \"frontendIPConfiguration\": {\r\n            \"id\": \"/subscriptions/00000000-0000-0000-0000-000000000000/resourceGroups/cli_test_vmss_vms000001/providers/Microsoft.Network/loadBalancers/vmss1LB/frontendIPConfigurations/loadBalancerFrontEnd\"\
        \r\n          },\r\n          \"frontendPort\": 50003,\r\n          \"backendPort\"\
        : 22,\r\n          \"enableFloatingIP\": false,\r\n          \"idleTimeoutInMinutes\"\
        : 4,\r\n          \"protocol\": \"Tcp\",\r\n          \"enableDestinationServiceEndpoint\"\
        : false,\r\n          \"enableTcpReset\": false,\r\n          \"allowBackendPortConflict\"\
        : false,\r\n          \"backendIPConfiguration\": {\r\n            \"id\"\
        : \"/subscriptions/00000000-0000-0000-0000-000000000000/resourceGroups/cli_test_vmss_vms000001/providers/Microsoft.Compute/virtualMachineScaleSets/vmss1/virtualMachines/3/networkInterfaces/vmss16098Nic/ipConfigurations/vmss16098IPConfig\"\
        \r\n          }\r\n        }\r\n      }\r\n    ],\r\n    \"inboundNatPools\"\
        : [\r\n      {\r\n        \"name\": \"vmss1LBNatPool\",\r\n        \"id\"\
        : \"/subscriptions/00000000-0000-0000-0000-000000000000/resourceGroups/cli_test_vmss_vms000001/providers/Microsoft.Network/loadBalancers/vmss1LB/inboundNatPools/vmss1LBNatPool\"\
        ,\r\n        \"etag\": \"W/\\\"74b90465-39d9-45e3-b110-e8a5672bbe4a\\\"\"\
        ,\r\n        \"properties\": {\r\n          \"provisioningState\": \"Succeeded\"\
        ,\r\n          \"frontendPortRangeStart\": 50000,\r\n          \"frontendPortRangeEnd\"\
        : 50119,\r\n          \"backendPort\": 22,\r\n          \"protocol\": \"Tcp\"\
        ,\r\n          \"idleTimeoutInMinutes\": 4,\r\n          \"enableFloatingIP\"\
        : false,\r\n          \"enableDestinationServiceEndpoint\": false,\r\n   \
        \       \"enableTcpReset\": false,\r\n          \"allowBackendPortConflict\"\
        : false,\r\n          \"frontendIPConfiguration\": {\r\n            \"id\"\
        : \"/subscriptions/00000000-0000-0000-0000-000000000000/resourceGroups/cli_test_vmss_vms000001/providers/Microsoft.Network/loadBalancers/vmss1LB/frontendIPConfigurations/loadBalancerFrontEnd\"\
        \r\n          }\r\n        },\r\n        \"type\": \"Microsoft.Network/loadBalancers/inboundNatPools\"\
        \r\n      }\r\n    ]\r\n  },\r\n  \"sku\": {\r\n    \"name\": \"Basic\",\r\
        \n    \"tier\": \"Regional\"\r\n  }\r\n}"}
    headers:
      cache-control: [no-cache]
      content-length: ['12165']
      content-type: [application/json; charset=utf-8]
      date: ['Fri, 15 Feb 2019 20:49:42 GMT']
      etag: [W/"74b90465-39d9-45e3-b110-e8a5672bbe4a"]
      expires: ['-1']
      pragma: [no-cache]
      server: [Microsoft-HTTPAPI/2.0, Microsoft-HTTPAPI/2.0]
      strict-transport-security: [max-age=31536000; includeSubDomains]
      transfer-encoding: [chunked]
      vary: [Accept-Encoding]
      x-content-type-options: [nosniff]
    status: {code: 200, message: OK}
- request:
    body: null
    headers:
      Accept: [application/json]
      Accept-Encoding: ['gzip, deflate']
      CommandName: [vmss list-instance-connection-info]
      Connection: [keep-alive]
      ParameterSetName: [--resource-group --name]
      User-Agent: [python/3.7.1 (Windows-10-10.0.17763-SP0) msrest/0.6.4 msrest_azure/0.6.0
          networkmanagementclient/2.5.1 Azure-SDK-For-Python AZURECLI/2.0.59]
      accept-language: [en-US]
    method: GET
    uri: https://management.azure.com/subscriptions/00000000-0000-0000-0000-000000000000/resourceGroups/cli_test_vmss_vms000001/providers/Microsoft.Network/publicIPAddresses/vmss1LBPublicIP?api-version=2018-12-01
  response:
    body: {string: "{\r\n  \"name\": \"vmss1LBPublicIP\",\r\n  \"id\": \"/subscriptions/00000000-0000-0000-0000-000000000000/resourceGroups/cli_test_vmss_vms000001/providers/Microsoft.Network/publicIPAddresses/vmss1LBPublicIP\"\
        ,\r\n  \"etag\": \"W/\\\"0724aef1-7362-4602-9627-870fc23987f6\\\"\",\r\n \
        \ \"location\": \"westus\",\r\n  \"tags\": {},\r\n  \"properties\": {\r\n\
        \    \"provisioningState\": \"Succeeded\",\r\n    \"resourceGuid\": \"ec09b7e5-d4fb-4c7b-8427-d14a12422c07\"\
        ,\r\n    \"ipAddress\": \"13.93.139.13\",\r\n    \"publicIPAddressVersion\"\
        : \"IPv4\",\r\n    \"publicIPAllocationMethod\": \"Dynamic\",\r\n    \"idleTimeoutInMinutes\"\
        : 4,\r\n    \"ipTags\": [],\r\n    \"ipConfiguration\": {\r\n      \"id\"\
        : \"/subscriptions/00000000-0000-0000-0000-000000000000/resourceGroups/cli_test_vmss_vms000001/providers/Microsoft.Network/loadBalancers/vmss1LB/frontendIPConfigurations/loadBalancerFrontEnd\"\
        \r\n    }\r\n  },\r\n  \"type\": \"Microsoft.Network/publicIPAddresses\",\r\
        \n  \"sku\": {\r\n    \"name\": \"Basic\",\r\n    \"tier\": \"Regional\"\r\
        \n  }\r\n}"}
    headers:
      cache-control: [no-cache]
      content-length: ['1041']
      content-type: [application/json; charset=utf-8]
      date: ['Fri, 15 Feb 2019 20:49:42 GMT']
      etag: [W/"0724aef1-7362-4602-9627-870fc23987f6"]
      expires: ['-1']
      pragma: [no-cache]
      server: [Microsoft-HTTPAPI/2.0, Microsoft-HTTPAPI/2.0]
      strict-transport-security: [max-age=31536000; includeSubDomains]
      transfer-encoding: [chunked]
      vary: [Accept-Encoding]
      x-content-type-options: [nosniff]
    status: {code: 200, message: OK}
- request:
    body: null
    headers:
      Accept: [application/json]
      Accept-Encoding: ['gzip, deflate']
      CommandName: [vmss restart]
      Connection: [keep-alive]
      Content-Length: ['0']
      ParameterSetName: [--resource-group --name --instance-ids]
      User-Agent: [python/3.7.1 (Windows-10-10.0.17763-SP0) msrest/0.6.4 msrest_azure/0.6.0
          computemanagementclient/4.4.0 Azure-SDK-For-Python AZURECLI/2.0.59]
      accept-language: [en-US]
    method: POST
    uri: https://management.azure.com/subscriptions/00000000-0000-0000-0000-000000000000/resourceGroups/cli_test_vmss_vms000001/providers/Microsoft.Compute/virtualMachineScaleSets/vmss1/virtualmachines/%2A/restart?api-version=2018-10-01
  response:
    body: {string: ''}
    headers:
      azure-asyncoperation: ['https://management.azure.com/subscriptions/00000000-0000-0000-0000-000000000000/providers/Microsoft.Compute/locations/westus/operations/0ee0733f-1676-44b1-82f8-b52070558af2?api-version=2018-10-01']
      cache-control: [no-cache]
      content-length: ['0']
      date: ['Fri, 15 Feb 2019 20:49:42 GMT']
      expires: ['-1']
      location: ['https://management.azure.com/subscriptions/00000000-0000-0000-0000-000000000000/providers/Microsoft.Compute/locations/westus/operations/0ee0733f-1676-44b1-82f8-b52070558af2?monitor=true&api-version=2018-10-01']
      pragma: [no-cache]
      server: [Microsoft-HTTPAPI/2.0, Microsoft-HTTPAPI/2.0]
      strict-transport-security: [max-age=31536000; includeSubDomains]
      x-content-type-options: [nosniff]
      x-ms-ratelimit-remaining-resource: ['Microsoft.Compute/VMScaleSetActions3Min;239,Microsoft.Compute/VMScaleSetActions30Min;1199,Microsoft.Compute/VMScaleSetVMActions3Min;199,Microsoft.Compute/VMScaleSetVMActions30Min;999,Microsoft.Compute/VMScaleSetBatchedVMRequests5Min;1158,Microsoft.Compute/VmssQueuedVMOperations;4798']
      x-ms-ratelimit-remaining-subscription-writes: ['1199']
      x-ms-request-charge: ['2']
    status: {code: 202, message: Accepted}
- request:
    body: null
    headers:
      Accept: [application/json]
      Accept-Encoding: ['gzip, deflate']
      CommandName: [vmss restart]
      Connection: [keep-alive]
      ParameterSetName: [--resource-group --name --instance-ids]
      User-Agent: [python/3.7.1 (Windows-10-10.0.17763-SP0) msrest/0.6.4 msrest_azure/0.6.0
          computemanagementclient/4.4.0 Azure-SDK-For-Python AZURECLI/2.0.59]
    method: GET
    uri: https://management.azure.com/subscriptions/00000000-0000-0000-0000-000000000000/providers/Microsoft.Compute/locations/westus/operations/0ee0733f-1676-44b1-82f8-b52070558af2?api-version=2018-10-01
  response:
    body: {string: "{\r\n  \"startTime\": \"2019-02-15T20:49:43.7404699+00:00\",\r\
        \n  \"status\": \"InProgress\",\r\n  \"name\": \"0ee0733f-1676-44b1-82f8-b52070558af2\"\
        \r\n}"}
    headers:
      cache-control: [no-cache]
      content-length: ['134']
      content-type: [application/json; charset=utf-8]
      date: ['Fri, 15 Feb 2019 20:50:13 GMT']
      expires: ['-1']
      pragma: [no-cache]
      server: [Microsoft-HTTPAPI/2.0, Microsoft-HTTPAPI/2.0]
      strict-transport-security: [max-age=31536000; includeSubDomains]
      transfer-encoding: [chunked]
      vary: [Accept-Encoding]
      x-content-type-options: [nosniff]
      x-ms-ratelimit-remaining-resource: ['Microsoft.Compute/GetOperation3Min;14927,Microsoft.Compute/GetOperation30Min;29881']
    status: {code: 200, message: OK}
- request:
    body: null
    headers:
      Accept: [application/json]
      Accept-Encoding: ['gzip, deflate']
      CommandName: [vmss restart]
      Connection: [keep-alive]
      ParameterSetName: [--resource-group --name --instance-ids]
      User-Agent: [python/3.7.1 (Windows-10-10.0.17763-SP0) msrest/0.6.4 msrest_azure/0.6.0
          computemanagementclient/4.4.0 Azure-SDK-For-Python AZURECLI/2.0.59]
    method: GET
    uri: https://management.azure.com/subscriptions/00000000-0000-0000-0000-000000000000/providers/Microsoft.Compute/locations/westus/operations/0ee0733f-1676-44b1-82f8-b52070558af2?api-version=2018-10-01
  response:
    body: {string: "{\r\n  \"startTime\": \"2019-02-15T20:49:43.7404699+00:00\",\r\
        \n  \"status\": \"InProgress\",\r\n  \"name\": \"0ee0733f-1676-44b1-82f8-b52070558af2\"\
        \r\n}"}
    headers:
      cache-control: [no-cache]
      content-length: ['134']
      content-type: [application/json; charset=utf-8]
      date: ['Fri, 15 Feb 2019 20:50:43 GMT']
      expires: ['-1']
      pragma: [no-cache]
      server: [Microsoft-HTTPAPI/2.0, Microsoft-HTTPAPI/2.0]
      strict-transport-security: [max-age=31536000; includeSubDomains]
      transfer-encoding: [chunked]
      vary: [Accept-Encoding]
      x-content-type-options: [nosniff]
      x-ms-ratelimit-remaining-resource: ['Microsoft.Compute/GetOperation3Min;14931,Microsoft.Compute/GetOperation30Min;29871']
    status: {code: 200, message: OK}
- request:
    body: null
    headers:
      Accept: [application/json]
      Accept-Encoding: ['gzip, deflate']
      CommandName: [vmss restart]
      Connection: [keep-alive]
      ParameterSetName: [--resource-group --name --instance-ids]
      User-Agent: [python/3.7.1 (Windows-10-10.0.17763-SP0) msrest/0.6.4 msrest_azure/0.6.0
          computemanagementclient/4.4.0 Azure-SDK-For-Python AZURECLI/2.0.59]
    method: GET
    uri: https://management.azure.com/subscriptions/00000000-0000-0000-0000-000000000000/providers/Microsoft.Compute/locations/westus/operations/0ee0733f-1676-44b1-82f8-b52070558af2?api-version=2018-10-01
  response:
    body: {string: "{\r\n  \"startTime\": \"2019-02-15T20:49:43.7404699+00:00\",\r\
        \n  \"endTime\": \"2019-02-15T20:50:44.9752493+00:00\",\r\n  \"status\": \"\
        Succeeded\",\r\n  \"name\": \"0ee0733f-1676-44b1-82f8-b52070558af2\"\r\n}"}
    headers:
      cache-control: [no-cache]
      content-length: ['184']
      content-type: [application/json; charset=utf-8]
      date: ['Fri, 15 Feb 2019 20:51:13 GMT']
      expires: ['-1']
      pragma: [no-cache]
      server: [Microsoft-HTTPAPI/2.0, Microsoft-HTTPAPI/2.0]
      strict-transport-security: [max-age=31536000; includeSubDomains]
      transfer-encoding: [chunked]
      vary: [Accept-Encoding]
      x-content-type-options: [nosniff]
      x-ms-ratelimit-remaining-resource: ['Microsoft.Compute/GetOperation3Min;14932,Microsoft.Compute/GetOperation30Min;29857']
    status: {code: 200, message: OK}
- request:
    body: null
    headers:
      Accept: [application/json]
      Accept-Encoding: ['gzip, deflate']
      CommandName: [vmss get-instance-view]
      Connection: [keep-alive]
      ParameterSetName: [--resource-group --name --instance-id]
      User-Agent: [python/3.7.1 (Windows-10-10.0.17763-SP0) msrest/0.6.4 msrest_azure/0.6.0
          computemanagementclient/4.4.0 Azure-SDK-For-Python AZURECLI/2.0.59]
      accept-language: [en-US]
    method: GET
    uri: https://management.azure.com/subscriptions/00000000-0000-0000-0000-000000000000/resourceGroups/cli_test_vmss_vms000001/providers/Microsoft.Compute/virtualMachineScaleSets/vmss1/virtualmachines/2/instanceView?api-version=2018-10-01
  response:
    body: {string: "{\r\n  \"placementGroupId\": \"bed67215-9fb4-49a4-8fdc-41275a451501\"\
        ,\r\n  \"platformUpdateDomain\": 2,\r\n  \"platformFaultDomain\": 2,\r\n \
        \ \"computerName\": \"vmss16098000002\",\r\n  \"osName\": \"ubuntu\",\r\n\
        \  \"osVersion\": \"18.04\",\r\n  \"vmAgent\": {\r\n    \"vmAgentVersion\"\
        : \"2.2.36\",\r\n    \"statuses\": [\r\n      {\r\n        \"code\": \"ProvisioningState/succeeded\"\
        ,\r\n        \"level\": \"Info\",\r\n        \"displayStatus\": \"Ready\"\
        ,\r\n        \"message\": \"Guest Agent is running\",\r\n        \"time\"\
        : \"2019-02-15T20:51:15+00:00\"\r\n      }\r\n    ],\r\n    \"extensionHandlers\"\
        : []\r\n  },\r\n  \"disks\": [\r\n    {\r\n      \"name\": \"vmss1_vmss1_2_OsDisk_1_665e3f085a884f8198b0ba9634632f57\"\
        ,\r\n      \"statuses\": [\r\n        {\r\n          \"code\": \"ProvisioningState/succeeded\"\
        ,\r\n          \"level\": \"Info\",\r\n          \"displayStatus\": \"Provisioning\
        \ succeeded\",\r\n          \"time\": \"2019-02-15T20:48:17.0992545+00:00\"\
        \r\n        }\r\n      ]\r\n    }\r\n  ],\r\n  \"statuses\": [\r\n    {\r\n\
        \      \"code\": \"ProvisioningState/succeeded\",\r\n      \"level\": \"Info\"\
        ,\r\n      \"displayStatus\": \"Provisioning succeeded\",\r\n      \"time\"\
        : \"2019-02-15T20:50:04.5687134+00:00\"\r\n    },\r\n    {\r\n      \"code\"\
        : \"PowerState/running\",\r\n      \"level\": \"Info\",\r\n      \"displayStatus\"\
        : \"VM running\"\r\n    }\r\n  ]\r\n}"}
    headers:
      cache-control: [no-cache]
      content-length: ['1208']
      content-type: [application/json; charset=utf-8]
      date: ['Fri, 15 Feb 2019 20:51:14 GMT']
      expires: ['-1']
      pragma: [no-cache]
      server: [Microsoft-HTTPAPI/2.0, Microsoft-HTTPAPI/2.0]
      strict-transport-security: [max-age=31536000; includeSubDomains]
      transfer-encoding: [chunked]
      vary: [Accept-Encoding]
      x-content-type-options: [nosniff]
      x-ms-ratelimit-remaining-resource: ['Microsoft.Compute/GetVMScaleSetVM3Min;498,Microsoft.Compute/GetVMScaleSetVM30Min;2497,Microsoft.Compute/VMScaleSetVMViews3Min;4966']
      x-ms-request-charge: ['1']
    status: {code: 200, message: OK}
- request:
    body: null
    headers:
      Accept: [application/json]
      Accept-Encoding: ['gzip, deflate']
      CommandName: [vmss get-instance-view]
      Connection: [keep-alive]
      ParameterSetName: [--resource-group --name --instance-id]
      User-Agent: [python/3.7.1 (Windows-10-10.0.17763-SP0) msrest/0.6.4 msrest_azure/0.6.0
          computemanagementclient/4.4.0 Azure-SDK-For-Python AZURECLI/2.0.59]
      accept-language: [en-US]
    method: GET
    uri: https://management.azure.com/subscriptions/00000000-0000-0000-0000-000000000000/resourceGroups/cli_test_vmss_vms000001/providers/Microsoft.Compute/virtualMachineScaleSets/vmss1/virtualmachines/3/instanceView?api-version=2018-10-01
  response:
    body: {string: "{\r\n  \"placementGroupId\": \"bed67215-9fb4-49a4-8fdc-41275a451501\"\
        ,\r\n  \"platformUpdateDomain\": 3,\r\n  \"platformFaultDomain\": 3,\r\n \
        \ \"computerName\": \"vmss16098000003\",\r\n  \"osName\": \"ubuntu\",\r\n\
        \  \"osVersion\": \"18.04\",\r\n  \"vmAgent\": {\r\n    \"vmAgentVersion\"\
        : \"2.2.36\",\r\n    \"statuses\": [\r\n      {\r\n        \"code\": \"ProvisioningState/succeeded\"\
        ,\r\n        \"level\": \"Info\",\r\n        \"displayStatus\": \"Ready\"\
        ,\r\n        \"message\": \"Guest Agent is running\",\r\n        \"time\"\
        : \"2019-02-15T20:51:14+00:00\"\r\n      }\r\n    ],\r\n    \"extensionHandlers\"\
        : []\r\n  },\r\n  \"disks\": [\r\n    {\r\n      \"name\": \"vmss1_vmss1_3_OsDisk_1_b4e613b9596247f8bff275da2db09782\"\
        ,\r\n      \"statuses\": [\r\n        {\r\n          \"code\": \"ProvisioningState/succeeded\"\
        ,\r\n          \"level\": \"Info\",\r\n          \"displayStatus\": \"Provisioning\
        \ succeeded\",\r\n          \"time\": \"2019-02-15T20:48:17.0992545+00:00\"\
        \r\n        }\r\n      ]\r\n    }\r\n  ],\r\n  \"statuses\": [\r\n    {\r\n\
        \      \"code\": \"ProvisioningState/succeeded\",\r\n      \"level\": \"Info\"\
        ,\r\n      \"displayStatus\": \"Provisioning succeeded\",\r\n      \"time\"\
        : \"2019-02-15T20:50:07.5374898+00:00\"\r\n    },\r\n    {\r\n      \"code\"\
        : \"PowerState/running\",\r\n      \"level\": \"Info\",\r\n      \"displayStatus\"\
        : \"VM running\"\r\n    }\r\n  ]\r\n}"}
    headers:
      cache-control: [no-cache]
      content-length: ['1208']
      content-type: [application/json; charset=utf-8]
      date: ['Fri, 15 Feb 2019 20:51:15 GMT']
      expires: ['-1']
      pragma: [no-cache]
      server: [Microsoft-HTTPAPI/2.0, Microsoft-HTTPAPI/2.0]
      strict-transport-security: [max-age=31536000; includeSubDomains]
      transfer-encoding: [chunked]
      vary: [Accept-Encoding]
      x-content-type-options: [nosniff]
      x-ms-ratelimit-remaining-resource: ['Microsoft.Compute/GetVMScaleSetVM3Min;497,Microsoft.Compute/GetVMScaleSetVM30Min;2496,Microsoft.Compute/VMScaleSetVMViews3Min;4965']
      x-ms-request-charge: ['1']
    status: {code: 200, message: OK}
- request:
    body: null
    headers:
      Accept: [application/json]
      Accept-Encoding: ['gzip, deflate']
      CommandName: [vmss stop]
      Connection: [keep-alive]
      Content-Length: ['0']
      ParameterSetName: [--resource-group --name --instance-ids]
      User-Agent: [python/3.7.1 (Windows-10-10.0.17763-SP0) msrest/0.6.4 msrest_azure/0.6.0
          computemanagementclient/4.4.0 Azure-SDK-For-Python AZURECLI/2.0.59]
      accept-language: [en-US]
    method: POST
    uri: https://management.azure.com/subscriptions/00000000-0000-0000-0000-000000000000/resourceGroups/cli_test_vmss_vms000001/providers/Microsoft.Compute/virtualMachineScaleSets/vmss1/virtualmachines/%2A/poweroff?api-version=2018-10-01
  response:
    body: {string: ''}
    headers:
      azure-asyncoperation: ['https://management.azure.com/subscriptions/00000000-0000-0000-0000-000000000000/providers/Microsoft.Compute/locations/westus/operations/eaffbe07-1068-48e0-b9ad-03a4d0af9740?api-version=2018-10-01']
      cache-control: [no-cache]
      content-length: ['0']
      date: ['Fri, 15 Feb 2019 20:51:15 GMT']
      expires: ['-1']
      location: ['https://management.azure.com/subscriptions/00000000-0000-0000-0000-000000000000/providers/Microsoft.Compute/locations/westus/operations/eaffbe07-1068-48e0-b9ad-03a4d0af9740?monitor=true&api-version=2018-10-01']
      pragma: [no-cache]
      server: [Microsoft-HTTPAPI/2.0, Microsoft-HTTPAPI/2.0]
      strict-transport-security: [max-age=31536000; includeSubDomains]
      x-content-type-options: [nosniff]
      x-ms-ratelimit-remaining-resource: ['Microsoft.Compute/DeleteVMScaleSetVM3Min;239,Microsoft.Compute/DeleteVMScaleSetVM30Min;1199,Microsoft.Compute/VMScaleSetBatchedVMRequests5Min;1168,Microsoft.Compute/VmssQueuedVMOperations;4798']
      x-ms-ratelimit-remaining-subscription-writes: ['1198']
      x-ms-request-charge: ['2']
    status: {code: 202, message: Accepted}
- request:
    body: null
    headers:
      Accept: [application/json]
      Accept-Encoding: ['gzip, deflate']
      CommandName: [vmss stop]
      Connection: [keep-alive]
      ParameterSetName: [--resource-group --name --instance-ids]
      User-Agent: [python/3.7.1 (Windows-10-10.0.17763-SP0) msrest/0.6.4 msrest_azure/0.6.0
          computemanagementclient/4.4.0 Azure-SDK-For-Python AZURECLI/2.0.59]
    method: GET
    uri: https://management.azure.com/subscriptions/00000000-0000-0000-0000-000000000000/providers/Microsoft.Compute/locations/westus/operations/eaffbe07-1068-48e0-b9ad-03a4d0af9740?api-version=2018-10-01
  response:
    body: {string: "{\r\n  \"startTime\": \"2019-02-15T20:51:16.3348252+00:00\",\r\
        \n  \"endTime\": \"2019-02-15T20:51:27.6161117+00:00\",\r\n  \"status\": \"\
        Succeeded\",\r\n  \"name\": \"eaffbe07-1068-48e0-b9ad-03a4d0af9740\"\r\n}"}
    headers:
      cache-control: [no-cache]
      content-length: ['184']
      content-type: [application/json; charset=utf-8]
      date: ['Fri, 15 Feb 2019 20:51:45 GMT']
      expires: ['-1']
      pragma: [no-cache]
      server: [Microsoft-HTTPAPI/2.0, Microsoft-HTTPAPI/2.0]
      strict-transport-security: [max-age=31536000; includeSubDomains]
      transfer-encoding: [chunked]
      vary: [Accept-Encoding]
      x-content-type-options: [nosniff]
      x-ms-ratelimit-remaining-resource: ['Microsoft.Compute/GetOperation3Min;14932,Microsoft.Compute/GetOperation30Min;29845']
    status: {code: 200, message: OK}
- request:
    body: null
    headers:
      Accept: [application/json]
      Accept-Encoding: ['gzip, deflate']
      CommandName: [vmss get-instance-view]
      Connection: [keep-alive]
      ParameterSetName: [--resource-group --name --instance-id]
      User-Agent: [python/3.7.1 (Windows-10-10.0.17763-SP0) msrest/0.6.4 msrest_azure/0.6.0
          computemanagementclient/4.4.0 Azure-SDK-For-Python AZURECLI/2.0.59]
      accept-language: [en-US]
    method: GET
    uri: https://management.azure.com/subscriptions/00000000-0000-0000-0000-000000000000/resourceGroups/cli_test_vmss_vms000001/providers/Microsoft.Compute/virtualMachineScaleSets/vmss1/virtualmachines/2/instanceView?api-version=2018-10-01
  response:
    body: {string: "{\r\n  \"placementGroupId\": \"bed67215-9fb4-49a4-8fdc-41275a451501\"\
        ,\r\n  \"platformUpdateDomain\": 2,\r\n  \"platformFaultDomain\": 2,\r\n \
        \ \"computerName\": \"vmss16098000002\",\r\n  \"osName\": \"ubuntu\",\r\n\
        \  \"osVersion\": \"18.04\",\r\n  \"vmAgent\": {\r\n    \"vmAgentVersion\"\
        : \"2.2.36\",\r\n    \"statuses\": [\r\n      {\r\n        \"code\": \"ProvisioningState/succeeded\"\
        ,\r\n        \"level\": \"Info\",\r\n        \"displayStatus\": \"Ready\"\
        ,\r\n        \"message\": \"Guest Agent is running\",\r\n        \"time\"\
        : \"2019-02-15T20:51:18+00:00\"\r\n      }\r\n    ],\r\n    \"extensionHandlers\"\
        : []\r\n  },\r\n  \"disks\": [\r\n    {\r\n      \"name\": \"vmss1_vmss1_2_OsDisk_1_665e3f085a884f8198b0ba9634632f57\"\
        ,\r\n      \"statuses\": [\r\n        {\r\n          \"code\": \"ProvisioningState/succeeded\"\
        ,\r\n          \"level\": \"Info\",\r\n          \"displayStatus\": \"Provisioning\
        \ succeeded\",\r\n          \"time\": \"2019-02-15T20:48:17.0992545+00:00\"\
        \r\n        }\r\n      ]\r\n    }\r\n  ],\r\n  \"statuses\": [\r\n    {\r\n\
        \      \"code\": \"ProvisioningState/succeeded\",\r\n      \"level\": \"Info\"\
        ,\r\n      \"displayStatus\": \"Provisioning succeeded\",\r\n      \"time\"\
        : \"2019-02-15T20:51:27.5848619+00:00\"\r\n    },\r\n    {\r\n      \"code\"\
        : \"PowerState/stopped\",\r\n      \"level\": \"Info\",\r\n      \"displayStatus\"\
        : \"VM stopped\"\r\n    }\r\n  ]\r\n}"}
    headers:
      cache-control: [no-cache]
      content-length: ['1208']
      content-type: [application/json; charset=utf-8]
      date: ['Fri, 15 Feb 2019 20:51:47 GMT']
      expires: ['-1']
      pragma: [no-cache]
      server: [Microsoft-HTTPAPI/2.0, Microsoft-HTTPAPI/2.0]
      strict-transport-security: [max-age=31536000; includeSubDomains]
      transfer-encoding: [chunked]
      vary: [Accept-Encoding]
      x-content-type-options: [nosniff]
      x-ms-ratelimit-remaining-resource: ['Microsoft.Compute/GetVMScaleSetVM3Min;496,Microsoft.Compute/GetVMScaleSetVM30Min;2495,Microsoft.Compute/VMScaleSetVMViews3Min;4964']
      x-ms-request-charge: ['1']
    status: {code: 200, message: OK}
- request:
    body: null
    headers:
      Accept: [application/json]
      Accept-Encoding: ['gzip, deflate']
      CommandName: [vmss get-instance-view]
      Connection: [keep-alive]
      ParameterSetName: [--resource-group --name --instance-id]
      User-Agent: [python/3.7.1 (Windows-10-10.0.17763-SP0) msrest/0.6.4 msrest_azure/0.6.0
          computemanagementclient/4.4.0 Azure-SDK-For-Python AZURECLI/2.0.59]
      accept-language: [en-US]
    method: GET
    uri: https://management.azure.com/subscriptions/00000000-0000-0000-0000-000000000000/resourceGroups/cli_test_vmss_vms000001/providers/Microsoft.Compute/virtualMachineScaleSets/vmss1/virtualmachines/3/instanceView?api-version=2018-10-01
  response:
    body: {string: "{\r\n  \"placementGroupId\": \"bed67215-9fb4-49a4-8fdc-41275a451501\"\
        ,\r\n  \"platformUpdateDomain\": 3,\r\n  \"platformFaultDomain\": 3,\r\n \
        \ \"computerName\": \"vmss16098000003\",\r\n  \"osName\": \"ubuntu\",\r\n\
        \  \"osVersion\": \"18.04\",\r\n  \"vmAgent\": {\r\n    \"vmAgentVersion\"\
        : \"2.2.36\",\r\n    \"statuses\": [\r\n      {\r\n        \"code\": \"ProvisioningState/succeeded\"\
        ,\r\n        \"level\": \"Info\",\r\n        \"displayStatus\": \"Ready\"\
        ,\r\n        \"message\": \"Guest Agent is running\",\r\n        \"time\"\
        : \"2019-02-15T20:51:20+00:00\"\r\n      }\r\n    ],\r\n    \"extensionHandlers\"\
        : []\r\n  },\r\n  \"disks\": [\r\n    {\r\n      \"name\": \"vmss1_vmss1_3_OsDisk_1_b4e613b9596247f8bff275da2db09782\"\
        ,\r\n      \"statuses\": [\r\n        {\r\n          \"code\": \"ProvisioningState/succeeded\"\
        ,\r\n          \"level\": \"Info\",\r\n          \"displayStatus\": \"Provisioning\
        \ succeeded\",\r\n          \"time\": \"2019-02-15T20:48:17.0992545+00:00\"\
        \r\n        }\r\n      ]\r\n    }\r\n  ],\r\n  \"statuses\": [\r\n    {\r\n\
        \      \"code\": \"ProvisioningState/succeeded\",\r\n      \"level\": \"Info\"\
        ,\r\n      \"displayStatus\": \"Provisioning succeeded\",\r\n      \"time\"\
        : \"2019-02-15T20:51:27.5848619+00:00\"\r\n    },\r\n    {\r\n      \"code\"\
        : \"PowerState/stopped\",\r\n      \"level\": \"Info\",\r\n      \"displayStatus\"\
        : \"VM stopped\"\r\n    }\r\n  ]\r\n}"}
    headers:
      cache-control: [no-cache]
      content-length: ['1208']
      content-type: [application/json; charset=utf-8]
      date: ['Fri, 15 Feb 2019 20:51:47 GMT']
      expires: ['-1']
      pragma: [no-cache]
      server: [Microsoft-HTTPAPI/2.0, Microsoft-HTTPAPI/2.0]
      strict-transport-security: [max-age=31536000; includeSubDomains]
      transfer-encoding: [chunked]
      vary: [Accept-Encoding]
      x-content-type-options: [nosniff]
      x-ms-ratelimit-remaining-resource: ['Microsoft.Compute/GetVMScaleSetVM3Min;495,Microsoft.Compute/GetVMScaleSetVM30Min;2494,Microsoft.Compute/VMScaleSetVMViews3Min;4963']
      x-ms-request-charge: ['1']
    status: {code: 200, message: OK}
- request:
    body: null
    headers:
      Accept: [application/json]
      Accept-Encoding: ['gzip, deflate']
      CommandName: [vmss start]
      Connection: [keep-alive]
      Content-Length: ['0']
      ParameterSetName: [--resource-group --name --instance-ids]
      User-Agent: [python/3.7.1 (Windows-10-10.0.17763-SP0) msrest/0.6.4 msrest_azure/0.6.0
          computemanagementclient/4.4.0 Azure-SDK-For-Python AZURECLI/2.0.59]
      accept-language: [en-US]
    method: POST
    uri: https://management.azure.com/subscriptions/00000000-0000-0000-0000-000000000000/resourceGroups/cli_test_vmss_vms000001/providers/Microsoft.Compute/virtualMachineScaleSets/vmss1/virtualmachines/%2A/start?api-version=2018-10-01
  response:
    body: {string: ''}
    headers:
      azure-asyncoperation: ['https://management.azure.com/subscriptions/00000000-0000-0000-0000-000000000000/providers/Microsoft.Compute/locations/westus/operations/60631530-f88e-449d-89a9-59b3cd394821?api-version=2018-10-01']
      cache-control: [no-cache]
      content-length: ['0']
      date: ['Fri, 15 Feb 2019 20:51:48 GMT']
      expires: ['-1']
      location: ['https://management.azure.com/subscriptions/00000000-0000-0000-0000-000000000000/providers/Microsoft.Compute/locations/westus/operations/60631530-f88e-449d-89a9-59b3cd394821?monitor=true&api-version=2018-10-01']
      pragma: [no-cache]
      server: [Microsoft-HTTPAPI/2.0, Microsoft-HTTPAPI/2.0]
      strict-transport-security: [max-age=31536000; includeSubDomains]
      x-content-type-options: [nosniff]
      x-ms-ratelimit-remaining-resource: ['Microsoft.Compute/VMScaleSetActions3Min;238,Microsoft.Compute/VMScaleSetActions30Min;1198,Microsoft.Compute/VMScaleSetVMActions3Min;198,Microsoft.Compute/VMScaleSetVMActions30Min;998,Microsoft.Compute/VMScaleSetBatchedVMRequests5Min;1166,Microsoft.Compute/VmssQueuedVMOperations;4798']
      x-ms-ratelimit-remaining-subscription-writes: ['1199']
      x-ms-request-charge: ['2']
    status: {code: 202, message: Accepted}
- request:
    body: null
    headers:
      Accept: [application/json]
      Accept-Encoding: ['gzip, deflate']
      CommandName: [vmss start]
      Connection: [keep-alive]
      ParameterSetName: [--resource-group --name --instance-ids]
      User-Agent: [python/3.7.1 (Windows-10-10.0.17763-SP0) msrest/0.6.4 msrest_azure/0.6.0
          computemanagementclient/4.4.0 Azure-SDK-For-Python AZURECLI/2.0.59]
    method: GET
    uri: https://management.azure.com/subscriptions/00000000-0000-0000-0000-000000000000/providers/Microsoft.Compute/locations/westus/operations/60631530-f88e-449d-89a9-59b3cd394821?api-version=2018-10-01
  response:
    body: {string: "{\r\n  \"startTime\": \"2019-02-15T20:51:48.7256465+00:00\",\r\
        \n  \"endTime\": \"2019-02-15T20:51:54.866333+00:00\",\r\n  \"status\": \"\
        Succeeded\",\r\n  \"name\": \"60631530-f88e-449d-89a9-59b3cd394821\"\r\n}"}
    headers:
      cache-control: [no-cache]
      content-length: ['183']
      content-type: [application/json; charset=utf-8]
      date: ['Fri, 15 Feb 2019 20:52:18 GMT']
      expires: ['-1']
      pragma: [no-cache]
      server: [Microsoft-HTTPAPI/2.0, Microsoft-HTTPAPI/2.0]
      strict-transport-security: [max-age=31536000; includeSubDomains]
      transfer-encoding: [chunked]
      vary: [Accept-Encoding]
      x-content-type-options: [nosniff]
      x-ms-ratelimit-remaining-resource: ['Microsoft.Compute/GetOperation3Min;14935,Microsoft.Compute/GetOperation30Min;29832']
    status: {code: 200, message: OK}
- request:
    body: null
    headers:
      Accept: [application/json]
      Accept-Encoding: ['gzip, deflate']
      CommandName: [vmss get-instance-view]
      Connection: [keep-alive]
      ParameterSetName: [--resource-group --name --instance-id]
      User-Agent: [python/3.7.1 (Windows-10-10.0.17763-SP0) msrest/0.6.4 msrest_azure/0.6.0
          computemanagementclient/4.4.0 Azure-SDK-For-Python AZURECLI/2.0.59]
      accept-language: [en-US]
    method: GET
    uri: https://management.azure.com/subscriptions/00000000-0000-0000-0000-000000000000/resourceGroups/cli_test_vmss_vms000001/providers/Microsoft.Compute/virtualMachineScaleSets/vmss1/virtualmachines/2/instanceView?api-version=2018-10-01
  response:
    body: {string: "{\r\n  \"placementGroupId\": \"bed67215-9fb4-49a4-8fdc-41275a451501\"\
        ,\r\n  \"platformUpdateDomain\": 2,\r\n  \"platformFaultDomain\": 2,\r\n \
        \ \"computerName\": \"vmss16098000002\",\r\n  \"osName\": \"ubuntu\",\r\n\
        \  \"osVersion\": \"18.04\",\r\n  \"vmAgent\": {\r\n    \"vmAgentVersion\"\
        : \"2.2.36\",\r\n    \"statuses\": [\r\n      {\r\n        \"code\": \"ProvisioningState/succeeded\"\
        ,\r\n        \"level\": \"Info\",\r\n        \"displayStatus\": \"Ready\"\
        ,\r\n        \"message\": \"Guest Agent is running\",\r\n        \"time\"\
        : \"2019-02-15T20:51:18+00:00\"\r\n      }\r\n    ],\r\n    \"extensionHandlers\"\
        : []\r\n  },\r\n  \"disks\": [\r\n    {\r\n      \"name\": \"vmss1_vmss1_2_OsDisk_1_665e3f085a884f8198b0ba9634632f57\"\
        ,\r\n      \"statuses\": [\r\n        {\r\n          \"code\": \"ProvisioningState/succeeded\"\
        ,\r\n          \"level\": \"Info\",\r\n          \"displayStatus\": \"Provisioning\
        \ succeeded\",\r\n          \"time\": \"2019-02-15T20:48:17.0992545+00:00\"\
        \r\n        }\r\n      ]\r\n    }\r\n  ],\r\n  \"statuses\": [\r\n    {\r\n\
        \      \"code\": \"ProvisioningState/succeeded\",\r\n      \"level\": \"Info\"\
        ,\r\n      \"displayStatus\": \"Provisioning succeeded\",\r\n      \"time\"\
        : \"2019-02-15T20:51:52.9757088+00:00\"\r\n    },\r\n    {\r\n      \"code\"\
        : \"PowerState/running\",\r\n      \"level\": \"Info\",\r\n      \"displayStatus\"\
        : \"VM running\"\r\n    }\r\n  ]\r\n}"}
    headers:
      cache-control: [no-cache]
      content-length: ['1208']
      content-type: [application/json; charset=utf-8]
      date: ['Fri, 15 Feb 2019 20:52:19 GMT']
      expires: ['-1']
      pragma: [no-cache]
      server: [Microsoft-HTTPAPI/2.0, Microsoft-HTTPAPI/2.0]
      strict-transport-security: [max-age=31536000; includeSubDomains]
      transfer-encoding: [chunked]
      vary: [Accept-Encoding]
      x-content-type-options: [nosniff]
      x-ms-ratelimit-remaining-resource: ['Microsoft.Compute/GetVMScaleSetVM3Min;494,Microsoft.Compute/GetVMScaleSetVM30Min;2493,Microsoft.Compute/VMScaleSetVMViews3Min;4970']
      x-ms-request-charge: ['1']
    status: {code: 200, message: OK}
- request:
    body: null
    headers:
      Accept: [application/json]
      Accept-Encoding: ['gzip, deflate']
      CommandName: [vmss get-instance-view]
      Connection: [keep-alive]
      ParameterSetName: [--resource-group --name --instance-id]
      User-Agent: [python/3.7.1 (Windows-10-10.0.17763-SP0) msrest/0.6.4 msrest_azure/0.6.0
          computemanagementclient/4.4.0 Azure-SDK-For-Python AZURECLI/2.0.59]
      accept-language: [en-US]
    method: GET
    uri: https://management.azure.com/subscriptions/00000000-0000-0000-0000-000000000000/resourceGroups/cli_test_vmss_vms000001/providers/Microsoft.Compute/virtualMachineScaleSets/vmss1/virtualmachines/3/instanceView?api-version=2018-10-01
  response:
    body: {string: "{\r\n  \"placementGroupId\": \"bed67215-9fb4-49a4-8fdc-41275a451501\"\
        ,\r\n  \"platformUpdateDomain\": 3,\r\n  \"platformFaultDomain\": 3,\r\n \
        \ \"computerName\": \"vmss16098000003\",\r\n  \"osName\": \"ubuntu\",\r\n\
        \  \"osVersion\": \"18.04\",\r\n  \"vmAgent\": {\r\n    \"vmAgentVersion\"\
        : \"2.2.36\",\r\n    \"statuses\": [\r\n      {\r\n        \"code\": \"ProvisioningState/succeeded\"\
        ,\r\n        \"level\": \"Info\",\r\n        \"displayStatus\": \"Ready\"\
        ,\r\n        \"message\": \"Guest Agent is running\",\r\n        \"time\"\
        : \"2019-02-15T20:51:20+00:00\"\r\n      }\r\n    ],\r\n    \"extensionHandlers\"\
        : []\r\n  },\r\n  \"disks\": [\r\n    {\r\n      \"name\": \"vmss1_vmss1_3_OsDisk_1_b4e613b9596247f8bff275da2db09782\"\
        ,\r\n      \"statuses\": [\r\n        {\r\n          \"code\": \"ProvisioningState/succeeded\"\
        ,\r\n          \"level\": \"Info\",\r\n          \"displayStatus\": \"Provisioning\
        \ succeeded\",\r\n          \"time\": \"2019-02-15T20:48:17.0992545+00:00\"\
        \r\n        }\r\n      ]\r\n    }\r\n  ],\r\n  \"statuses\": [\r\n    {\r\n\
        \      \"code\": \"ProvisioningState/succeeded\",\r\n      \"level\": \"Info\"\
        ,\r\n      \"displayStatus\": \"Provisioning succeeded\",\r\n      \"time\"\
        : \"2019-02-15T20:51:54.8350727+00:00\"\r\n    },\r\n    {\r\n      \"code\"\
        : \"PowerState/running\",\r\n      \"level\": \"Info\",\r\n      \"displayStatus\"\
        : \"VM running\"\r\n    }\r\n  ]\r\n}"}
    headers:
      cache-control: [no-cache]
      content-length: ['1208']
      content-type: [application/json; charset=utf-8]
      date: ['Fri, 15 Feb 2019 20:52:20 GMT']
      expires: ['-1']
      pragma: [no-cache]
      server: [Microsoft-HTTPAPI/2.0, Microsoft-HTTPAPI/2.0]
      strict-transport-security: [max-age=31536000; includeSubDomains]
      transfer-encoding: [chunked]
      vary: [Accept-Encoding]
      x-content-type-options: [nosniff]
      x-ms-ratelimit-remaining-resource: ['Microsoft.Compute/GetVMScaleSetVM3Min;493,Microsoft.Compute/GetVMScaleSetVM30Min;2492,Microsoft.Compute/VMScaleSetVMViews3Min;4969']
      x-ms-request-charge: ['1']
    status: {code: 200, message: OK}
- request:
    body: null
    headers:
      Accept: [application/json]
      Accept-Encoding: ['gzip, deflate']
      CommandName: [vmss deallocate]
      Connection: [keep-alive]
      Content-Length: ['0']
      ParameterSetName: [--resource-group --name --instance-ids]
      User-Agent: [python/3.7.1 (Windows-10-10.0.17763-SP0) msrest/0.6.4 msrest_azure/0.6.0
          computemanagementclient/4.4.0 Azure-SDK-For-Python AZURECLI/2.0.59]
      accept-language: [en-US]
    method: POST
    uri: https://management.azure.com/subscriptions/00000000-0000-0000-0000-000000000000/resourceGroups/cli_test_vmss_vms000001/providers/Microsoft.Compute/virtualMachineScaleSets/vmss1/virtualmachines/%2A/deallocate?api-version=2018-10-01
  response:
    body: {string: ''}
    headers:
      azure-asyncoperation: ['https://management.azure.com/subscriptions/00000000-0000-0000-0000-000000000000/providers/Microsoft.Compute/locations/westus/operations/883c2d23-b11d-4baa-81d3-0440a7123854?api-version=2018-10-01']
      cache-control: [no-cache]
      content-length: ['0']
      date: ['Fri, 15 Feb 2019 20:52:20 GMT']
      expires: ['-1']
      location: ['https://management.azure.com/subscriptions/00000000-0000-0000-0000-000000000000/providers/Microsoft.Compute/locations/westus/operations/883c2d23-b11d-4baa-81d3-0440a7123854?monitor=true&api-version=2018-10-01']
      pragma: [no-cache]
      server: [Microsoft-HTTPAPI/2.0, Microsoft-HTTPAPI/2.0]
      strict-transport-security: [max-age=31536000; includeSubDomains]
      x-content-type-options: [nosniff]
      x-ms-ratelimit-remaining-resource: ['Microsoft.Compute/DeleteVMScaleSetVM3Min;238,Microsoft.Compute/DeleteVMScaleSetVM30Min;1198,Microsoft.Compute/VMScaleSetBatchedVMRequests5Min;1172,Microsoft.Compute/VmssQueuedVMOperations;4798']
      x-ms-ratelimit-remaining-subscription-writes: ['1199']
      x-ms-request-charge: ['2']
    status: {code: 202, message: Accepted}
- request:
    body: null
    headers:
      Accept: [application/json]
      Accept-Encoding: ['gzip, deflate']
      CommandName: [vmss deallocate]
      Connection: [keep-alive]
      ParameterSetName: [--resource-group --name --instance-ids]
      User-Agent: [python/3.7.1 (Windows-10-10.0.17763-SP0) msrest/0.6.4 msrest_azure/0.6.0
          computemanagementclient/4.4.0 Azure-SDK-For-Python AZURECLI/2.0.59]
    method: GET
    uri: https://management.azure.com/subscriptions/00000000-0000-0000-0000-000000000000/providers/Microsoft.Compute/locations/westus/operations/883c2d23-b11d-4baa-81d3-0440a7123854?api-version=2018-10-01
  response:
    body: {string: "{\r\n  \"startTime\": \"2019-02-15T20:52:21.1789852+00:00\",\r\
        \n  \"status\": \"InProgress\",\r\n  \"name\": \"883c2d23-b11d-4baa-81d3-0440a7123854\"\
        \r\n}"}
    headers:
      cache-control: [no-cache]
      content-length: ['134']
      content-type: [application/json; charset=utf-8]
      date: ['Fri, 15 Feb 2019 20:52:50 GMT']
      expires: ['-1']
      pragma: [no-cache]
      server: [Microsoft-HTTPAPI/2.0, Microsoft-HTTPAPI/2.0]
      strict-transport-security: [max-age=31536000; includeSubDomains]
      transfer-encoding: [chunked]
      vary: [Accept-Encoding]
      x-content-type-options: [nosniff]
      x-ms-ratelimit-remaining-resource: ['Microsoft.Compute/GetOperation3Min;14937,Microsoft.Compute/GetOperation30Min;29823']
    status: {code: 200, message: OK}
- request:
    body: null
    headers:
      Accept: [application/json]
      Accept-Encoding: ['gzip, deflate']
      CommandName: [vmss deallocate]
      Connection: [keep-alive]
      ParameterSetName: [--resource-group --name --instance-ids]
      User-Agent: [python/3.7.1 (Windows-10-10.0.17763-SP0) msrest/0.6.4 msrest_azure/0.6.0
          computemanagementclient/4.4.0 Azure-SDK-For-Python AZURECLI/2.0.59]
    method: GET
    uri: https://management.azure.com/subscriptions/00000000-0000-0000-0000-000000000000/providers/Microsoft.Compute/locations/westus/operations/883c2d23-b11d-4baa-81d3-0440a7123854?api-version=2018-10-01
  response:
    body: {string: "{\r\n  \"startTime\": \"2019-02-15T20:52:21.1789852+00:00\",\r\
        \n  \"endTime\": \"2019-02-15T20:53:12.9136937+00:00\",\r\n  \"status\": \"\
        Succeeded\",\r\n  \"name\": \"883c2d23-b11d-4baa-81d3-0440a7123854\"\r\n}"}
    headers:
      cache-control: [no-cache]
      content-length: ['184']
      content-type: [application/json; charset=utf-8]
      date: ['Fri, 15 Feb 2019 20:53:21 GMT']
      expires: ['-1']
      pragma: [no-cache]
      server: [Microsoft-HTTPAPI/2.0, Microsoft-HTTPAPI/2.0]
      strict-transport-security: [max-age=31536000; includeSubDomains]
      transfer-encoding: [chunked]
      vary: [Accept-Encoding]
      x-content-type-options: [nosniff]
      x-ms-ratelimit-remaining-resource: ['Microsoft.Compute/GetOperation3Min;14938,Microsoft.Compute/GetOperation30Min;29812']
    status: {code: 200, message: OK}
- request:
    body: null
    headers:
      Accept: [application/json]
      Accept-Encoding: ['gzip, deflate']
      CommandName: [vmss get-instance-view]
      Connection: [keep-alive]
      ParameterSetName: [--resource-group --name --instance-id]
      User-Agent: [python/3.7.1 (Windows-10-10.0.17763-SP0) msrest/0.6.4 msrest_azure/0.6.0
          computemanagementclient/4.4.0 Azure-SDK-For-Python AZURECLI/2.0.59]
      accept-language: [en-US]
    method: GET
    uri: https://management.azure.com/subscriptions/00000000-0000-0000-0000-000000000000/resourceGroups/cli_test_vmss_vms000001/providers/Microsoft.Compute/virtualMachineScaleSets/vmss1/virtualmachines/2/instanceView?api-version=2018-10-01
  response:
    body: {string: "{\r\n  \"placementGroupId\": \"bed67215-9fb4-49a4-8fdc-41275a451501\"\
        ,\r\n  \"platformUpdateDomain\": 2,\r\n  \"platformFaultDomain\": 2,\r\n \
        \ \"disks\": [\r\n    {\r\n      \"name\": \"vmss1_vmss1_2_OsDisk_1_665e3f085a884f8198b0ba9634632f57\"\
        ,\r\n      \"statuses\": [\r\n        {\r\n          \"code\": \"ProvisioningState/succeeded\"\
        ,\r\n          \"level\": \"Info\",\r\n          \"displayStatus\": \"Provisioning\
        \ succeeded\",\r\n          \"time\": \"2019-02-15T20:53:12.5855768+00:00\"\
        \r\n        }\r\n      ]\r\n    }\r\n  ],\r\n  \"statuses\": [\r\n    {\r\n\
        \      \"code\": \"ProvisioningState/succeeded\",\r\n      \"level\": \"Info\"\
        ,\r\n      \"displayStatus\": \"Provisioning succeeded\",\r\n      \"time\"\
        : \"2019-02-15T20:53:12.6168096+00:00\"\r\n    },\r\n    {\r\n      \"code\"\
        : \"PowerState/deallocated\",\r\n      \"level\": \"Info\",\r\n      \"displayStatus\"\
        : \"VM deallocated\"\r\n    }\r\n  ]\r\n}"}
    headers:
      cache-control: [no-cache]
      content-length: ['801']
      content-type: [application/json; charset=utf-8]
      date: ['Fri, 15 Feb 2019 20:53:22 GMT']
      expires: ['-1']
      pragma: [no-cache]
      server: [Microsoft-HTTPAPI/2.0, Microsoft-HTTPAPI/2.0]
      strict-transport-security: [max-age=31536000; includeSubDomains]
      transfer-encoding: [chunked]
      vary: [Accept-Encoding]
      x-content-type-options: [nosniff]
      x-ms-ratelimit-remaining-resource: ['Microsoft.Compute/GetVMScaleSetVM3Min;493,Microsoft.Compute/GetVMScaleSetVM30Min;2491,Microsoft.Compute/VMScaleSetVMViews3Min;4989']
      x-ms-request-charge: ['1']
    status: {code: 200, message: OK}
- request:
    body: null
    headers:
      Accept: [application/json]
      Accept-Encoding: ['gzip, deflate']
      CommandName: [vmss get-instance-view]
      Connection: [keep-alive]
      ParameterSetName: [--resource-group --name --instance-id]
      User-Agent: [python/3.7.1 (Windows-10-10.0.17763-SP0) msrest/0.6.4 msrest_azure/0.6.0
          computemanagementclient/4.4.0 Azure-SDK-For-Python AZURECLI/2.0.59]
      accept-language: [en-US]
    method: GET
    uri: https://management.azure.com/subscriptions/00000000-0000-0000-0000-000000000000/resourceGroups/cli_test_vmss_vms000001/providers/Microsoft.Compute/virtualMachineScaleSets/vmss1/virtualmachines/3/instanceView?api-version=2018-10-01
  response:
    body: {string: "{\r\n  \"placementGroupId\": \"bed67215-9fb4-49a4-8fdc-41275a451501\"\
        ,\r\n  \"platformUpdateDomain\": 3,\r\n  \"platformFaultDomain\": 3,\r\n \
        \ \"disks\": [\r\n    {\r\n      \"name\": \"vmss1_vmss1_3_OsDisk_1_b4e613b9596247f8bff275da2db09782\"\
        ,\r\n      \"statuses\": [\r\n        {\r\n          \"code\": \"ProvisioningState/succeeded\"\
        ,\r\n          \"level\": \"Info\",\r\n          \"displayStatus\": \"Provisioning\
        \ succeeded\",\r\n          \"time\": \"2019-02-15T20:53:12.8512073+00:00\"\
        \r\n        }\r\n      ]\r\n    }\r\n  ],\r\n  \"statuses\": [\r\n    {\r\n\
        \      \"code\": \"ProvisioningState/succeeded\",\r\n      \"level\": \"Info\"\
        ,\r\n      \"displayStatus\": \"Provisioning succeeded\",\r\n      \"time\"\
        : \"2019-02-15T20:53:12.8824439+00:00\"\r\n    },\r\n    {\r\n      \"code\"\
        : \"PowerState/deallocated\",\r\n      \"level\": \"Info\",\r\n      \"displayStatus\"\
        : \"VM deallocated\"\r\n    }\r\n  ]\r\n}"}
    headers:
      cache-control: [no-cache]
      content-length: ['801']
      content-type: [application/json; charset=utf-8]
      date: ['Fri, 15 Feb 2019 20:53:22 GMT']
      expires: ['-1']
      pragma: [no-cache]
      server: [Microsoft-HTTPAPI/2.0, Microsoft-HTTPAPI/2.0]
      strict-transport-security: [max-age=31536000; includeSubDomains]
      transfer-encoding: [chunked]
      vary: [Accept-Encoding]
      x-content-type-options: [nosniff]
      x-ms-ratelimit-remaining-resource: ['Microsoft.Compute/GetVMScaleSetVM3Min;492,Microsoft.Compute/GetVMScaleSetVM30Min;2490,Microsoft.Compute/VMScaleSetVMViews3Min;4988']
      x-ms-request-charge: ['1']
    status: {code: 200, message: OK}
- request:
    body: null
    headers:
      Accept: [application/json]
      Accept-Encoding: ['gzip, deflate']
      CommandName: [vmss delete-instances]
      Connection: [keep-alive]
      Content-Length: ['0']
      ParameterSetName: [--resource-group --name --instance-ids]
      User-Agent: [python/3.7.1 (Windows-10-10.0.17763-SP0) msrest/0.6.4 msrest_azure/0.6.0
          computemanagementclient/4.4.0 Azure-SDK-For-Python AZURECLI/2.0.59]
      accept-language: [en-US]
    method: DELETE
    uri: https://management.azure.com/subscriptions/00000000-0000-0000-0000-000000000000/resourceGroups/cli_test_vmss_vms000001/providers/Microsoft.Compute/virtualMachineScaleSets/vmss1/virtualmachines/%2A?api-version=2018-10-01
  response:
    body: {string: ''}
    headers:
      azure-asyncoperation: ['https://management.azure.com/subscriptions/00000000-0000-0000-0000-000000000000/providers/Microsoft.Compute/locations/westus/operations/974a1d2f-b43c-4473-875a-0d29622db0f1?api-version=2018-10-01']
      cache-control: [no-cache]
      content-length: ['0']
      date: ['Fri, 15 Feb 2019 20:53:22 GMT']
      expires: ['-1']
      location: ['https://management.azure.com/subscriptions/00000000-0000-0000-0000-000000000000/providers/Microsoft.Compute/locations/westus/operations/974a1d2f-b43c-4473-875a-0d29622db0f1?monitor=true&api-version=2018-10-01']
      pragma: [no-cache]
      server: [Microsoft-HTTPAPI/2.0, Microsoft-HTTPAPI/2.0]
      strict-transport-security: [max-age=31536000; includeSubDomains]
      x-content-type-options: [nosniff]
      x-ms-ratelimit-remaining-resource: ['Microsoft.Compute/DeleteVMScaleSetVM3Min;237,Microsoft.Compute/DeleteVMScaleSetVM30Min;1197,Microsoft.Compute/VMScaleSetBatchedVMRequests5Min;1178,Microsoft.Compute/VmssQueuedVMOperations;4798']
      x-ms-ratelimit-remaining-subscription-deletes: ['14999']
      x-ms-request-charge: ['2']
    status: {code: 202, message: Accepted}
- request:
    body: null
    headers:
      Accept: [application/json]
      Accept-Encoding: ['gzip, deflate']
      CommandName: [vmss delete-instances]
      Connection: [keep-alive]
      ParameterSetName: [--resource-group --name --instance-ids]
      User-Agent: [python/3.7.1 (Windows-10-10.0.17763-SP0) msrest/0.6.4 msrest_azure/0.6.0
          computemanagementclient/4.4.0 Azure-SDK-For-Python AZURECLI/2.0.59]
    method: GET
    uri: https://management.azure.com/subscriptions/00000000-0000-0000-0000-000000000000/providers/Microsoft.Compute/locations/westus/operations/974a1d2f-b43c-4473-875a-0d29622db0f1?api-version=2018-10-01
  response:
    body: {string: "{\r\n  \"startTime\": \"2019-02-15T20:53:23.6012735+00:00\",\r\
        \n  \"endTime\": \"2019-02-15T20:53:34.6325648+00:00\",\r\n  \"status\": \"\
        Succeeded\",\r\n  \"name\": \"974a1d2f-b43c-4473-875a-0d29622db0f1\"\r\n}"}
    headers:
      cache-control: [no-cache]
      content-length: ['184']
      content-type: [application/json; charset=utf-8]
      date: ['Fri, 15 Feb 2019 20:53:53 GMT']
      expires: ['-1']
      pragma: [no-cache]
      server: [Microsoft-HTTPAPI/2.0, Microsoft-HTTPAPI/2.0]
      strict-transport-security: [max-age=31536000; includeSubDomains]
      transfer-encoding: [chunked]
      vary: [Accept-Encoding]
      x-content-type-options: [nosniff]
      x-ms-ratelimit-remaining-resource: ['Microsoft.Compute/GetOperation3Min;14937,Microsoft.Compute/GetOperation30Min;29799']
    status: {code: 200, message: OK}
- request:
    body: null
    headers:
      Accept: [application/json]
      Accept-Encoding: ['gzip, deflate']
      CommandName: [vmss list-instances]
      Connection: [keep-alive]
      ParameterSetName: [--resource-group --name]
      User-Agent: [python/3.7.1 (Windows-10-10.0.17763-SP0) msrest/0.6.4 msrest_azure/0.6.0
          computemanagementclient/4.4.0 Azure-SDK-For-Python AZURECLI/2.0.59]
      accept-language: [en-US]
    method: GET
    uri: https://management.azure.com/subscriptions/00000000-0000-0000-0000-000000000000/resourceGroups/cli_test_vmss_vms000001/providers/Microsoft.Compute/virtualMachineScaleSets/vmss1/virtualMachines?api-version=2018-10-01
  response:
    body: {string: "{\r\n  \"value\": []\r\n}"}
    headers:
      cache-control: [no-cache]
      content-length: ['19']
      content-type: [application/json; charset=utf-8]
      date: ['Fri, 15 Feb 2019 20:53:54 GMT']
      expires: ['-1']
      pragma: [no-cache]
      server: [Microsoft-HTTPAPI/2.0, Microsoft-HTTPAPI/2.0]
      strict-transport-security: [max-age=31536000; includeSubDomains]
      transfer-encoding: [chunked]
      vary: [Accept-Encoding]
      x-content-type-options: [nosniff]
      x-ms-ratelimit-remaining-resource: ['Microsoft.Compute/HighCostGetVMScaleSet3Min;177,Microsoft.Compute/HighCostGetVMScaleSet30Min;873']
    status: {code: 200, message: OK}
- request:
    body: null
    headers:
      Accept: [application/json]
      Accept-Encoding: ['gzip, deflate']
      CommandName: [group delete]
      Connection: [keep-alive]
      Content-Length: ['0']
      ParameterSetName: [--name --yes --no-wait]
      User-Agent: [python/3.7.1 (Windows-10-10.0.17763-SP0) msrest/0.6.4 msrest_azure/0.6.0
          resourcemanagementclient/2.1.0 Azure-SDK-For-Python AZURECLI/2.0.59]
      accept-language: [en-US]
    method: DELETE
    uri: https://management.azure.com/subscriptions/00000000-0000-0000-0000-000000000000/resourcegroups/cli_test_vmss_vms000001?api-version=2018-05-01
  response:
    body: {string: ''}
    headers:
      cache-control: [no-cache]
      content-length: ['0']
      date: ['Fri, 15 Feb 2019 20:53:55 GMT']
      expires: ['-1']
      location: ['https://management.azure.com/subscriptions/00000000-0000-0000-0000-000000000000/operationresults/eyJqb2JJZCI6IlJFU09VUkNFR1JPVVBERUxFVElPTkpPQi1DTEk6NUZURVNUOjVGVk1TUzo1RlZNU1pDRk1JT0hGRldLVlBaTkJORFhEQjVNVnxDQzhDNUFGNEZGOTdDQ0YxLVdFU1RVUyIsImpvYkxvY2F0aW9uIjoid2VzdHVzIn0?api-version=2018-05-01']
      pragma: [no-cache]
      strict-transport-security: [max-age=31536000; includeSubDomains]
      x-content-type-options: [nosniff]
      x-ms-ratelimit-remaining-subscription-deletes: ['14999']
    status: {code: 202, message: Accepted}
version: 1
