interactions:
- request:
    body: '{"tags": {"cause": "automation", "product": "azurecli", "date": "2018-07-14T23:32:56Z"},
      "location": "westus"}'
    headers:
      Accept: [application/json]
      Accept-Encoding: ['gzip, deflate']
      CommandName: [group create]
      Connection: [keep-alive]
      Content-Length: ['110']
      Content-Type: [application/json; charset=utf-8]
      User-Agent: [python/3.5.4 (Windows-10-10.0.17134-SP0) requests/2.19.1 msrest/0.5.1
          msrest_azure/0.4.34 resourcemanagementclient/2.0.0rc3 Azure-SDK-For-Python
          AZURECLI/2.0.43]
      accept-language: [en-US]
    method: PUT
    uri: https://management.azure.com/subscriptions/00000000-0000-0000-0000-000000000000/resourcegroups/cli_test_vm_list_ip000001?api-version=2018-05-01
  response:
    body: {string: '{"id":"/subscriptions/00000000-0000-0000-0000-000000000000/resourceGroups/cli_test_vm_list_ip000001","name":"cli_test_vm_list_ip000001","location":"westus","tags":{"cause":"automation","product":"azurecli","date":"2018-07-14T23:32:56Z"},"properties":{"provisioningState":"Succeeded"}}'}
    headers:
      cache-control: [no-cache]
      content-length: ['384']
      content-type: [application/json; charset=utf-8]
      date: ['Sat, 14 Jul 2018 23:33:00 GMT']
      expires: ['-1']
      pragma: [no-cache]
      strict-transport-security: [max-age=31536000; includeSubDomains]
      x-content-type-options: [nosniff]
      x-ms-ratelimit-remaining-subscription-writes: ['1199']
    status: {code: 201, message: Created}
- request:
    body: null
    headers:
      Accept: [application/json]
      Accept-Encoding: ['gzip, deflate']
      CommandName: [vm list-ip-addresses]
      Connection: [keep-alive]
      Content-Type: [application/json; charset=utf-8]
      User-Agent: [python/3.5.4 (Windows-10-10.0.17134-SP0) requests/2.19.1 msrest/0.5.1
          msrest_azure/0.4.34 networkmanagementclient/2.0.0rc3 Azure-SDK-For-Python
          AZURECLI/2.0.43]
      accept-language: [en-US]
    method: GET
    uri: https://management.azure.com/subscriptions/00000000-0000-0000-0000-000000000000/providers/Microsoft.Network/publicIPAddresses?api-version=2018-02-01
  response:
    body: {string: '{"value":[{"name":"pubip1","id":"/subscriptions/00000000-0000-0000-0000-000000000000/resourceGroups/cli_test_vmss_lb_skucl77pvy2m6bog53em5xqxfdzdlxrzxbp6q5hx6s7hkuzrw4tb7eibh5/providers/Microsoft.Network/publicIPAddresses/pubip1","etag":"W/\"2b489697-9d55-448e-b1db-bb2d8cf4f2c6\"","location":"eastus2","tags":{},"properties":{"provisioningState":"Succeeded","resourceGuid":"1864b079-7e0d-4187-a1a1-fcd01b00063a","ipAddress":"20.36.252.87","publicIPAddressVersion":"IPv4","publicIPAllocationMethod":"Static","idleTimeoutInMinutes":4,"ipTags":[],"ipConfiguration":{"id":"/subscriptions/00000000-0000-0000-0000-000000000000/resourceGroups/cli_test_vmss_lb_skucl77pvy2m6bog53em5xqxfdzdlxrzxbp6q5hx6s7hkuzrw4tb7eibh5/providers/Microsoft.Network/loadBalancers/lb1/frontendIPConfigurations/loadBalancerFrontEnd"}},"type":"Microsoft.Network/publicIPAddresses","sku":{"name":"Standard","tier":"Regional"}},{"name":"vmss0LBPublicIP","id":"/subscriptions/00000000-0000-0000-0000-000000000000/resourceGroups/cli_test_vmss_lb_skucl77pvy2m6bog53em5xqxfdzdlxrzxbp6q5hx6s7hkuzrw4tb7eibh5/providers/Microsoft.Network/publicIPAddresses/vmss0LBPublicIP","etag":"W/\"7821d259-f034-44b1-9427-a882243f71d9\"","location":"eastus2","tags":{},"properties":{"provisioningState":"Succeeded","resourceGuid":"2925f645-ac37-4a48-b3e7-f54a0341783c","ipAddress":"104.46.125.98","publicIPAddressVersion":"IPv4","publicIPAllocationMethod":"Dynamic","idleTimeoutInMinutes":4,"ipTags":[],"ipConfiguration":{"id":"/subscriptions/00000000-0000-0000-0000-000000000000/resourceGroups/cli_test_vmss_lb_skucl77pvy2m6bog53em5xqxfdzdlxrzxbp6q5hx6s7hkuzrw4tb7eibh5/providers/Microsoft.Network/loadBalancers/vmss0LB/frontendIPConfigurations/loadBalancerFrontEnd"}},"type":"Microsoft.Network/publicIPAddresses","sku":{"name":"Basic","tier":"Regional"}},{"name":"mccancel01-ip","id":"/subscriptions/00000000-0000-0000-0000-000000000000/resourceGroups/mccancel01/providers/Microsoft.Network/publicIPAddresses/mccancel01-ip","etag":"W/\"5d8c8998-53dc-4932-bc71-6fe796148955\"","location":"westcentralus","properties":{"provisioningState":"Succeeded","resourceGuid":"d75f913a-3a68-443b-bf46-0cf8c0b0dca1","ipAddress":"13.78.143.136","publicIPAddressVersion":"IPv4","publicIPAllocationMethod":"Dynamic","idleTimeoutInMinutes":4,"dnsSettings":{"domainNameLabel":"mccancel01","fqdn":"mccancel01.westcentralus.cloudapp.azure.com"},"ipTags":[],"ipConfiguration":{"id":"/subscriptions/00000000-0000-0000-0000-000000000000/resourceGroups/mccancel01/providers/Microsoft.Network/networkInterfaces/mccancel01548/ipConfigurations/ipconfig1"}},"type":"Microsoft.Network/publicIPAddresses","sku":{"name":"Basic","tier":"Regional"}},{"name":"sr1PublicIP","id":"/subscriptions/00000000-0000-0000-0000-000000000000/resourceGroups/sr/providers/Microsoft.Network/publicIPAddresses/sr1PublicIP","etag":"W/\"2dd6e404-2ed5-45df-ac05-3c3a64554d0d\"","location":"westcentralus","tags":{},"properties":{"provisioningState":"Succeeded","resourceGuid":"873795a9-cd54-464a-bdd2-768a62c1838a","ipAddress":"52.161.157.131","publicIPAddressVersion":"IPv4","publicIPAllocationMethod":"Dynamic","idleTimeoutInMinutes":4,"ipTags":[],"ipConfiguration":{"id":"/subscriptions/00000000-0000-0000-0000-000000000000/resourceGroups/sr/providers/Microsoft.Network/networkInterfaces/sr1VMNic/ipConfigurations/ipconfigsr1"}},"type":"Microsoft.Network/publicIPAddresses","sku":{"name":"Basic","tier":"Regional"}},{"name":"e2e-1LBPublicIP","id":"/subscriptions/00000000-0000-0000-0000-000000000000/resourceGroups/e2e/providers/Microsoft.Network/publicIPAddresses/e2e-1LBPublicIP","etag":"W/\"00c142b2-1985-4efb-8941-48f6fb7e4bef\"","location":"centraluseuap","tags":{},"properties":{"provisioningState":"Succeeded","resourceGuid":"e53697f9-7047-4dd4-9cd5-4d425fa36045","ipAddress":"52.180.163.175","publicIPAddressVersion":"IPv4","publicIPAllocationMethod":"Dynamic","idleTimeoutInMinutes":4,"ipTags":[],"ipConfiguration":{"id":"/subscriptions/00000000-0000-0000-0000-000000000000/resourceGroups/e2e/providers/Microsoft.Network/loadBalancers/e2e-1LB/frontendIPConfigurations/loadBalancerFrontEnd"}},"type":"Microsoft.Network/publicIPAddresses","sku":{"name":"Basic","tier":"Regional"}}]}'}
    headers:
      cache-control: [no-cache]
      content-length: ['4192']
      content-type: [application/json; charset=utf-8]
      date: ['Sat, 14 Jul 2018 23:33:02 GMT']
      expires: ['-1']
      pragma: [no-cache]
      strict-transport-security: [max-age=31536000; includeSubDomains]
      vary: [Accept-Encoding]
      x-content-type-options: [nosniff]
      x-ms-original-request-ids: [993b77fb-b196-4c66-bdf9-25131add2843, c251b12c-a381-4179-8561-2a5481e562c9,
        f6e37b72-577e-431b-9041-13fc189db3b8]
    status: {code: 200, message: OK}
- request:
    body: null
    headers:
      Accept: [application/json]
      Accept-Encoding: ['gzip, deflate']
      CommandName: [vm list-ip-addresses]
      Connection: [keep-alive]
      Content-Type: [application/json; charset=utf-8]
      User-Agent: [python/3.5.4 (Windows-10-10.0.17134-SP0) requests/2.19.1 msrest/0.5.1
          msrest_azure/0.4.34 networkmanagementclient/2.0.0rc3 Azure-SDK-For-Python
          AZURECLI/2.0.43]
      accept-language: [en-US]
    method: GET
    uri: https://management.azure.com/subscriptions/00000000-0000-0000-0000-000000000000/providers/Microsoft.Network/networkInterfaces?api-version=2018-02-01
  response:
    body: {string: '{"value":[{"name":"nic198293c4c4f","id":"/subscriptions/00000000-0000-0000-0000-000000000000/resourceGroups/rg605582365a/providers/Microsoft.Network/networkInterfaces/nic198293c4c4f","etag":"W/\"e074bc24-574d-4375-9ad2-714c06ba22f1\"","location":"eastus","tags":{},"properties":{"provisioningState":"Succeeded","resourceGuid":"9211d87c-d012-41f3-84bc-d0218aad7824","ipConfigurations":[{"name":"primary","id":"/subscriptions/00000000-0000-0000-0000-000000000000/resourceGroups/rg605582365a/providers/Microsoft.Network/networkInterfaces/nic198293c4c4f/ipConfigurations/primary","etag":"W/\"e074bc24-574d-4375-9ad2-714c06ba22f1\"","properties":{"provisioningState":"Succeeded","privateIPAddress":"10.0.0.4","privateIPAllocationMethod":"Dynamic","subnet":{"id":"/subscriptions/00000000-0000-0000-0000-000000000000/resourceGroups/rg605582365a/providers/Microsoft.Network/virtualNetworks/nete9082831d8/subnets/subnet1"},"primary":true,"privateIPAddressVersion":"IPv4","isInUseWithService":false}}],"dnsSettings":{"dnsServers":[],"appliedDnsServers":[],"internalDomainNameSuffix":"5cwtb23sln2ejhd5veealzealg.bx.internal.cloudapp.net"},"macAddress":"00-0D-3A-18-0A-B8","enableAcceleratedNetworking":false,"enableIPForwarding":false,"primary":true,"virtualMachine":{"id":"/subscriptions/00000000-0000-0000-0000-000000000000/resourceGroups/rg605582365a/providers/Microsoft.Compute/virtualMachines/vmf494835888"},"virtualNetworkTapProvisioningState":"NotProvisioned"},"type":"Microsoft.Network/networkInterfaces"},{"name":"mccancel01548","id":"/subscriptions/00000000-0000-0000-0000-000000000000/resourceGroups/mccancel01/providers/Microsoft.Network/networkInterfaces/mccancel01548","etag":"W/\"be882c41-bda0-4fa0-83e3-79a450d45b06\"","location":"westcentralus","properties":{"provisioningState":"Succeeded","resourceGuid":"3ae81e53-fb6a-4c6f-a03e-c782303a309d","ipConfigurations":[{"name":"ipconfig1","id":"/subscriptions/00000000-0000-0000-0000-000000000000/resourceGroups/mccancel01/providers/Microsoft.Network/networkInterfaces/mccancel01548/ipConfigurations/ipconfig1","etag":"W/\"be882c41-bda0-4fa0-83e3-79a450d45b06\"","properties":{"provisioningState":"Succeeded","privateIPAddress":"172.18.0.4","privateIPAllocationMethod":"Dynamic","publicIPAddress":{"id":"/subscriptions/00000000-0000-0000-0000-000000000000/resourceGroups/mccancel01/providers/Microsoft.Network/publicIPAddresses/mccancel01-ip"},"subnet":{"id":"/subscriptions/00000000-0000-0000-0000-000000000000/resourceGroups/mccancel01/providers/Microsoft.Network/virtualNetworks/mccancel01-vnet/subnets/default"},"primary":true,"privateIPAddressVersion":"IPv4","isInUseWithService":false}}],"dnsSettings":{"dnsServers":[],"appliedDnsServers":[],"internalDomainNameSuffix":"fhowjzxjz3qefpncp3mwivbkna.yx.internal.cloudapp.net"},"macAddress":"00-0D-3A-F8-DE-C2","enableAcceleratedNetworking":false,"enableIPForwarding":false,"networkSecurityGroup":{"id":"/subscriptions/00000000-0000-0000-0000-000000000000/resourceGroups/mccancel01/providers/Microsoft.Network/networkSecurityGroups/mccancel01-nsg"},"primary":true,"virtualMachine":{"id":"/subscriptions/00000000-0000-0000-0000-000000000000/resourceGroups/mccancel01/providers/Microsoft.Compute/virtualMachines/mccancel01"},"virtualNetworkTapProvisioningState":"NotProvisioned"},"type":"Microsoft.Network/networkInterfaces"},{"name":"sr1VMNic","id":"/subscriptions/00000000-0000-0000-0000-000000000000/resourceGroups/sr/providers/Microsoft.Network/networkInterfaces/sr1VMNic","etag":"W/\"fd59ea9f-caf6-4162-a358-3c81b2536598\"","location":"westcentralus","tags":{},"properties":{"provisioningState":"Succeeded","resourceGuid":"59e790db-4ea7-498a-bbbe-05df6fae2a5a","ipConfigurations":[{"name":"ipconfigsr1","id":"/subscriptions/00000000-0000-0000-0000-000000000000/resourceGroups/sr/providers/Microsoft.Network/networkInterfaces/sr1VMNic/ipConfigurations/ipconfigsr1","etag":"W/\"fd59ea9f-caf6-4162-a358-3c81b2536598\"","properties":{"provisioningState":"Succeeded","privateIPAddress":"10.0.0.4","privateIPAllocationMethod":"Dynamic","publicIPAddress":{"id":"/subscriptions/00000000-0000-0000-0000-000000000000/resourceGroups/sr/providers/Microsoft.Network/publicIPAddresses/sr1PublicIP"},"subnet":{"id":"/subscriptions/00000000-0000-0000-0000-000000000000/resourceGroups/sr/providers/Microsoft.Network/virtualNetworks/sr1VNET/subnets/sr1Subnet"},"primary":true,"privateIPAddressVersion":"IPv4","isInUseWithService":false}}],"dnsSettings":{"dnsServers":[],"appliedDnsServers":[],"internalDomainNameSuffix":"12kd0paxznguvh1bwsrdjwdmog.yx.internal.cloudapp.net"},"macAddress":"00-0D-3A-F8-00-7C","enableAcceleratedNetworking":false,"enableIPForwarding":false,"networkSecurityGroup":{"id":"/subscriptions/00000000-0000-0000-0000-000000000000/resourceGroups/sr/providers/Microsoft.Network/networkSecurityGroups/sr1NSG"},"primary":true,"virtualMachine":{"id":"/subscriptions/00000000-0000-0000-0000-000000000000/resourceGroups/sr/providers/Microsoft.Compute/virtualMachines/sr1"},"virtualNetworkTapProvisioningState":"NotProvisioned"},"type":"Microsoft.Network/networkInterfaces"}]}'}
    headers:
      cache-control: [no-cache]
      content-length: ['5080']
      content-type: [application/json; charset=utf-8]
      date: ['Sat, 14 Jul 2018 23:33:03 GMT']
      expires: ['-1']
      pragma: [no-cache]
      strict-transport-security: [max-age=31536000; includeSubDomains]
      vary: [Accept-Encoding]
      x-content-type-options: [nosniff]
      x-ms-original-request-ids: [96dcb0d0-453a-4b00-ab33-3dff7ae4d2c2, c8cccaa9-61d8-408d-a42c-f7fc45f49709]
    status: {code: 200, message: OK}
- request:
    body: null
    headers:
      Accept: [application/json]
      Accept-Encoding: ['gzip, deflate']
      CommandName: [vm create]
      Connection: [keep-alive]
      Content-Type: [application/json; charset=utf-8]
      User-Agent: [python/3.5.4 (Windows-10-10.0.17134-SP0) requests/2.19.1 msrest/0.5.1
          msrest_azure/0.4.34 computemanagementclient/4.0.0rc3 Azure-SDK-For-Python
          AZURECLI/2.0.43]
      accept-language: [en-US]
    method: GET
    uri: https://management.azure.com/subscriptions/00000000-0000-0000-0000-000000000000/providers/Microsoft.Compute/locations/westus/publishers/Canonical/artifacttypes/vmimage/offers/UbuntuServer/skus/14.04.4-LTS/versions?api-version=2018-06-01&$orderby=name%20desc&$top=1
  response:
    body: {string: "[\r\n  {\r\n    \"location\": \"westus\",\r\n    \"name\": \"14.04.201805220\",\r\n
        \   \"id\": \"/Subscriptions/00000000-0000-0000-0000-000000000000/Providers/Microsoft.Compute/Locations/westus/Publishers/Canonical/ArtifactTypes/VMImage/Offers/UbuntuServer/Skus/14.04.4-LTS/Versions/14.04.201805220\"\r\n
        \ }\r\n]"}
    headers:
      cache-control: [no-cache]
      content-length: ['288']
      content-type: [application/json; charset=utf-8]
      date: ['Sat, 14 Jul 2018 23:33:05 GMT']
      expires: ['-1']
      pragma: [no-cache]
      server: [Microsoft-HTTPAPI/2.0, Microsoft-HTTPAPI/2.0]
      strict-transport-security: [max-age=31536000; includeSubDomains]
      transfer-encoding: [chunked]
      vary: [Accept-Encoding]
      x-content-type-options: [nosniff]
    status: {code: 200, message: OK}
- request:
    body: null
    headers:
      Accept: [application/json]
      Accept-Encoding: ['gzip, deflate']
      CommandName: [vm create]
      Connection: [keep-alive]
      Content-Type: [application/json; charset=utf-8]
      User-Agent: [python/3.5.4 (Windows-10-10.0.17134-SP0) requests/2.19.1 msrest/0.5.1
          msrest_azure/0.4.34 computemanagementclient/4.0.0rc3 Azure-SDK-For-Python
          AZURECLI/2.0.43]
      accept-language: [en-US]
    method: GET
    uri: https://management.azure.com/subscriptions/00000000-0000-0000-0000-000000000000/providers/Microsoft.Compute/locations/westus/publishers/Canonical/artifacttypes/vmimage/offers/UbuntuServer/skus/14.04.4-LTS/versions/14.04.201805220?api-version=2018-06-01
  response:
    body: {string: "{\r\n  \"properties\": {\r\n    \"osDiskImage\": {\r\n      \"operatingSystem\":
        \"Linux\"\r\n    },\r\n    \"dataDiskImages\": []\r\n  },\r\n  \"location\":
        \"westus\",\r\n  \"name\": \"14.04.201805220\",\r\n  \"id\": \"/Subscriptions/00000000-0000-0000-0000-000000000000/Providers/Microsoft.Compute/Locations/westus/Publishers/Canonical/ArtifactTypes/VMImage/Offers/UbuntuServer/Skus/14.04.4-LTS/Versions/14.04.201805220\"\r\n}"}
    headers:
      cache-control: [no-cache]
      content-length: ['387']
      content-type: [application/json; charset=utf-8]
      date: ['Sat, 14 Jul 2018 23:33:05 GMT']
      expires: ['-1']
      pragma: [no-cache]
      server: [Microsoft-HTTPAPI/2.0, Microsoft-HTTPAPI/2.0]
      strict-transport-security: [max-age=31536000; includeSubDomains]
      transfer-encoding: [chunked]
      vary: [Accept-Encoding]
      x-content-type-options: [nosniff]
    status: {code: 200, message: OK}
- request:
    body: null
    headers:
      Accept: [application/json]
      Accept-Encoding: ['gzip, deflate']
      CommandName: [vm create]
      Connection: [keep-alive]
      Content-Type: [application/json; charset=utf-8]
      User-Agent: [python/3.5.4 (Windows-10-10.0.17134-SP0) requests/2.19.1 msrest/0.5.1
          msrest_azure/0.4.34 networkmanagementclient/2.0.0rc3 Azure-SDK-For-Python
          AZURECLI/2.0.43]
      accept-language: [en-US]
    method: GET
    uri: https://management.azure.com/subscriptions/00000000-0000-0000-0000-000000000000/resourceGroups/cli_test_vm_list_ip000001/providers/Microsoft.Network/virtualNetworks?api-version=2018-01-01
  response:
    body: {string: '{"value":[]}'}
    headers:
      cache-control: [no-cache]
      content-length: ['12']
      content-type: [application/json; charset=utf-8]
      date: ['Sat, 14 Jul 2018 23:33:06 GMT']
      expires: ['-1']
      pragma: [no-cache]
      strict-transport-security: [max-age=31536000; includeSubDomains]
      vary: [Accept-Encoding]
      x-content-type-options: [nosniff]
    status: {code: 200, message: OK}
- request:
    body: 'b''{"properties": {"template": {"outputs": {}, "parameters": {"adminPassword":
      {"metadata": {"description": "Secure adminPassword"}, "type": "securestring"}},
      "resources": [{"apiVersion": "2015-06-15", "dependsOn": [], "properties": {"addressSpace":
      {"addressPrefixes": ["10.0.0.0/16"]}, "subnets": [{"properties": {"addressPrefix":
      "10.0.0.0/24"}, "name": "vm-with-public-ipSubnet"}]}, "location": "westus",
      "tags": {}, "type": "Microsoft.Network/virtualNetworks", "name": "vm-with-public-ipVNET"},
      {"apiVersion": "2015-06-15", "dependsOn": [], "properties": {"securityRules":
      [{"properties": {"protocol": "Tcp", "destinationAddressPrefix": "*", "direction":
      "Inbound", "destinationPortRange": "22", "sourceAddressPrefix": "*", "priority":
      1000, "sourcePortRange": "*", "access": "Allow"}, "name": "default-allow-ssh"}]},
      "location": "westus", "tags": {}, "type": "Microsoft.Network/networkSecurityGroups",
      "name": "vm-with-public-ipNSG"}, {"apiVersion": "2018-01-01", "dependsOn": [],
      "properties": {"publicIPAllocationMethod": "dynamic"}, "location": "westus",
      "tags": {}, "type": "Microsoft.Network/publicIPAddresses", "name": "vm-with-public-ipPublicIP"},
      {"apiVersion": "2015-06-15", "dependsOn": ["Microsoft.Network/virtualNetworks/vm-with-public-ipVNET",
      "Microsoft.Network/networkSecurityGroups/vm-with-public-ipNSG", "Microsoft.Network/publicIpAddresses/vm-with-public-ipPublicIP"],
      "properties": {"networkSecurityGroup": {"id": "/subscriptions/00000000-0000-0000-0000-000000000000/resourceGroups/cli_test_vm_list_ip000001/providers/Microsoft.Network/networkSecurityGroups/vm-with-public-ipNSG"},
      "ipConfigurations": [{"properties": {"subnet": {"id": "/subscriptions/00000000-0000-0000-0000-000000000000/resourceGroups/cli_test_vm_list_ip000001/providers/Microsoft.Network/virtualNetworks/vm-with-public-ipVNET/subnets/vm-with-public-ipSubnet"},
      "privateIPAllocationMethod": "Dynamic", "publicIPAddress": {"id": "/subscriptions/00000000-0000-0000-0000-000000000000/resourceGroups/cli_test_vm_list_ip000001/providers/Microsoft.Network/publicIPAddresses/vm-with-public-ipPublicIP"}},
      "name": "ipconfigvm-with-public-ip"}]}, "location": "westus", "tags": {}, "type":
      "Microsoft.Network/networkInterfaces", "name": "vm-with-public-ipVMNic"}, {"apiVersion":
      "2018-06-01", "dependsOn": ["Microsoft.Network/networkInterfaces/vm-with-public-ipVMNic"],
      "properties": {"networkProfile": {"networkInterfaces": [{"id": "/subscriptions/00000000-0000-0000-0000-000000000000/resourceGroups/cli_test_vm_list_ip000001/providers/Microsoft.Network/networkInterfaces/vm-with-public-ipVMNic"}]},
      "storageProfile": {"imageReference": {"offer": "UbuntuServer", "version": "latest",
      "sku": "14.04.4-LTS", "publisher": "Canonical"}, "osDisk": {"caching": "ReadWrite",
      "name": null, "managedDisk": {"storageAccountType": null}, "createOption": "fromImage"}},
      "hardwareProfile": {"vmSize": "Standard_DS1_v2"}, "osProfile": {"computerName":
      "vm-with-public-ip", "adminUsername": "ubuntu", "adminPassword": "[parameters(\''adminPassword\'')]"}},
      "location": "westus", "tags": {}, "type": "Microsoft.Compute/virtualMachines",
      "name": "vm-with-public-ip"}], "contentVersion": "1.0.0.0", "$schema": "https://schema.management.azure.com/schemas/2015-01-01/deploymentTemplate.json#",
      "variables": {}}, "parameters": {"adminPassword": {"value": "testPassword0"}},
      "mode": "Incremental"}}'''
    headers:
      Accept: [application/json]
      Accept-Encoding: ['gzip, deflate']
      CommandName: [vm create]
      Connection: [keep-alive]
      Content-Length: ['3555']
      Content-Type: [application/json; charset=utf-8]
      User-Agent: [python/3.5.4 (Windows-10-10.0.17134-SP0) requests/2.19.1 msrest/0.5.1
          msrest_azure/0.4.34 resourcemanagementclient/2.0.0rc3 Azure-SDK-For-Python
          AZURECLI/2.0.43]
      accept-language: [en-US]
    method: PUT
    uri: https://management.azure.com/subscriptions/00000000-0000-0000-0000-000000000000/resourcegroups/cli_test_vm_list_ip000001/providers/Microsoft.Resources/deployments/mock-deployment?api-version=2018-05-01
  response:
    body: {string: '{"id":"/subscriptions/00000000-0000-0000-0000-000000000000/resourceGroups/cli_test_vm_list_ip000001/providers/Microsoft.Resources/deployments/vm_deploy_GXISZC4Zofp3gPjlQXhElbKnkByFdXzD","name":"vm_deploy_GXISZC4Zofp3gPjlQXhElbKnkByFdXzD","properties":{"templateHash":"14807275096492040056","parameters":{"adminPassword":{"type":"SecureString"}},"mode":"Incremental","provisioningState":"Accepted","timestamp":"2018-07-14T23:33:09.2401044Z","duration":"PT0.8394601S","correlationId":"de0000f7-27d8-46dd-9f34-15d1c1770a32","providers":[{"namespace":"Microsoft.Network","resourceTypes":[{"resourceType":"virtualNetworks","locations":["westus"]},{"resourceType":"networkSecurityGroups","locations":["westus"]},{"resourceType":"publicIPAddresses","locations":["westus"]},{"resourceType":"networkInterfaces","locations":["westus"]}]},{"namespace":"Microsoft.Compute","resourceTypes":[{"resourceType":"virtualMachines","locations":["westus"]}]}],"dependencies":[{"dependsOn":[{"id":"/subscriptions/00000000-0000-0000-0000-000000000000/resourceGroups/cli_test_vm_list_ip000001/providers/Microsoft.Network/virtualNetworks/vm-with-public-ipVNET","resourceType":"Microsoft.Network/virtualNetworks","resourceName":"vm-with-public-ipVNET"},{"id":"/subscriptions/00000000-0000-0000-0000-000000000000/resourceGroups/cli_test_vm_list_ip000001/providers/Microsoft.Network/networkSecurityGroups/vm-with-public-ipNSG","resourceType":"Microsoft.Network/networkSecurityGroups","resourceName":"vm-with-public-ipNSG"},{"id":"/subscriptions/00000000-0000-0000-0000-000000000000/resourceGroups/cli_test_vm_list_ip000001/providers/Microsoft.Network/publicIPAddresses/vm-with-public-ipPublicIP","resourceType":"Microsoft.Network/publicIPAddresses","resourceName":"vm-with-public-ipPublicIP"}],"id":"/subscriptions/00000000-0000-0000-0000-000000000000/resourceGroups/cli_test_vm_list_ip000001/providers/Microsoft.Network/networkInterfaces/vm-with-public-ipVMNic","resourceType":"Microsoft.Network/networkInterfaces","resourceName":"vm-with-public-ipVMNic"},{"dependsOn":[{"id":"/subscriptions/00000000-0000-0000-0000-000000000000/resourceGroups/cli_test_vm_list_ip000001/providers/Microsoft.Network/networkInterfaces/vm-with-public-ipVMNic","resourceType":"Microsoft.Network/networkInterfaces","resourceName":"vm-with-public-ipVMNic"}],"id":"/subscriptions/00000000-0000-0000-0000-000000000000/resourceGroups/cli_test_vm_list_ip000001/providers/Microsoft.Compute/virtualMachines/vm-with-public-ip","resourceType":"Microsoft.Compute/virtualMachines","resourceName":"vm-with-public-ip"}]}}'}
    headers:
      azure-asyncoperation: ['https://management.azure.com/subscriptions/00000000-0000-0000-0000-000000000000/resourcegroups/cli_test_vm_list_ip000001/providers/Microsoft.Resources/deployments/vm_deploy_GXISZC4Zofp3gPjlQXhElbKnkByFdXzD/operationStatuses/08586699956970770121?api-version=2018-05-01']
      cache-control: [no-cache]
      content-length: ['2909']
      content-type: [application/json; charset=utf-8]
      date: ['Sat, 14 Jul 2018 23:33:08 GMT']
      expires: ['-1']
      pragma: [no-cache]
      strict-transport-security: [max-age=31536000; includeSubDomains]
      x-content-type-options: [nosniff]
      x-ms-ratelimit-remaining-subscription-writes: ['1198']
    status: {code: 201, message: Created}
- request:
    body: null
    headers:
      Accept: [application/json]
      Accept-Encoding: ['gzip, deflate']
      CommandName: [vm create]
      Connection: [keep-alive]
      User-Agent: [python/3.5.4 (Windows-10-10.0.17134-SP0) requests/2.19.1 msrest/0.5.1
          msrest_azure/0.4.34 resourcemanagementclient/2.0.0rc3 Azure-SDK-For-Python
          AZURECLI/2.0.43]
    method: GET
    uri: https://management.azure.com/subscriptions/00000000-0000-0000-0000-000000000000/resourcegroups/cli_test_vm_list_ip000001/providers/Microsoft.Resources/deployments/mock-deployment/operationStatuses/08586699956970770121?api-version=2018-05-01
  response:
    body: {string: '{"status":"Running"}'}
    headers:
      cache-control: [no-cache]
      content-length: ['20']
      content-type: [application/json; charset=utf-8]
      date: ['Sat, 14 Jul 2018 23:33:39 GMT']
      expires: ['-1']
      pragma: [no-cache]
      strict-transport-security: [max-age=31536000; includeSubDomains]
      vary: [Accept-Encoding]
      x-content-type-options: [nosniff]
    status: {code: 200, message: OK}
- request:
    body: null
    headers:
      Accept: [application/json]
      Accept-Encoding: ['gzip, deflate']
      CommandName: [vm create]
      Connection: [keep-alive]
      User-Agent: [python/3.5.4 (Windows-10-10.0.17134-SP0) requests/2.19.1 msrest/0.5.1
          msrest_azure/0.4.34 resourcemanagementclient/2.0.0rc3 Azure-SDK-For-Python
          AZURECLI/2.0.43]
    method: GET
    uri: https://management.azure.com/subscriptions/00000000-0000-0000-0000-000000000000/resourcegroups/cli_test_vm_list_ip000001/providers/Microsoft.Resources/deployments/mock-deployment/operationStatuses/08586699956970770121?api-version=2018-05-01
  response:
    body: {string: '{"status":"Running"}'}
    headers:
      cache-control: [no-cache]
      content-length: ['20']
      content-type: [application/json; charset=utf-8]
      date: ['Sat, 14 Jul 2018 23:34:09 GMT']
      expires: ['-1']
      pragma: [no-cache]
      strict-transport-security: [max-age=31536000; includeSubDomains]
      vary: [Accept-Encoding]
      x-content-type-options: [nosniff]
    status: {code: 200, message: OK}
- request:
    body: null
    headers:
      Accept: [application/json]
      Accept-Encoding: ['gzip, deflate']
      CommandName: [vm create]
      Connection: [keep-alive]
      User-Agent: [python/3.5.4 (Windows-10-10.0.17134-SP0) requests/2.19.1 msrest/0.5.1
          msrest_azure/0.4.34 resourcemanagementclient/2.0.0rc3 Azure-SDK-For-Python
          AZURECLI/2.0.43]
    method: GET
    uri: https://management.azure.com/subscriptions/00000000-0000-0000-0000-000000000000/resourcegroups/cli_test_vm_list_ip000001/providers/Microsoft.Resources/deployments/mock-deployment/operationStatuses/08586699956970770121?api-version=2018-05-01
  response:
    body: {string: '{"status":"Running"}'}
    headers:
      cache-control: [no-cache]
      content-length: ['20']
      content-type: [application/json; charset=utf-8]
      date: ['Sat, 14 Jul 2018 23:34:40 GMT']
      expires: ['-1']
      pragma: [no-cache]
      strict-transport-security: [max-age=31536000; includeSubDomains]
      vary: [Accept-Encoding]
      x-content-type-options: [nosniff]
    status: {code: 200, message: OK}
- request:
    body: null
    headers:
      Accept: [application/json]
      Accept-Encoding: ['gzip, deflate']
      CommandName: [vm create]
      Connection: [keep-alive]
      User-Agent: [python/3.5.4 (Windows-10-10.0.17134-SP0) requests/2.19.1 msrest/0.5.1
          msrest_azure/0.4.34 resourcemanagementclient/2.0.0rc3 Azure-SDK-For-Python
          AZURECLI/2.0.43]
    method: GET
    uri: https://management.azure.com/subscriptions/00000000-0000-0000-0000-000000000000/resourcegroups/cli_test_vm_list_ip000001/providers/Microsoft.Resources/deployments/mock-deployment/operationStatuses/08586699956970770121?api-version=2018-05-01
  response:
    body: {string: '{"status":"Succeeded"}'}
    headers:
      cache-control: [no-cache]
      content-length: ['22']
      content-type: [application/json; charset=utf-8]
      date: ['Sat, 14 Jul 2018 23:35:11 GMT']
      expires: ['-1']
      pragma: [no-cache]
      strict-transport-security: [max-age=31536000; includeSubDomains]
      vary: [Accept-Encoding]
      x-content-type-options: [nosniff]
    status: {code: 200, message: OK}
- request:
    body: null
    headers:
      Accept: [application/json]
      Accept-Encoding: ['gzip, deflate']
      CommandName: [vm create]
      Connection: [keep-alive]
      User-Agent: [python/3.5.4 (Windows-10-10.0.17134-SP0) requests/2.19.1 msrest/0.5.1
          msrest_azure/0.4.34 resourcemanagementclient/2.0.0rc3 Azure-SDK-For-Python
          AZURECLI/2.0.43]
    method: GET
    uri: https://management.azure.com/subscriptions/00000000-0000-0000-0000-000000000000/resourcegroups/cli_test_vm_list_ip000001/providers/Microsoft.Resources/deployments/mock-deployment?api-version=2018-05-01
  response:
    body: {string: '{"id":"/subscriptions/00000000-0000-0000-0000-000000000000/resourceGroups/cli_test_vm_list_ip000001/providers/Microsoft.Resources/deployments/vm_deploy_GXISZC4Zofp3gPjlQXhElbKnkByFdXzD","name":"vm_deploy_GXISZC4Zofp3gPjlQXhElbKnkByFdXzD","properties":{"templateHash":"14807275096492040056","parameters":{"adminPassword":{"type":"SecureString"}},"mode":"Incremental","provisioningState":"Succeeded","timestamp":"2018-07-14T23:35:00.9546526Z","duration":"PT1M52.5540083S","correlationId":"de0000f7-27d8-46dd-9f34-15d1c1770a32","providers":[{"namespace":"Microsoft.Network","resourceTypes":[{"resourceType":"virtualNetworks","locations":["westus"]},{"resourceType":"networkSecurityGroups","locations":["westus"]},{"resourceType":"publicIPAddresses","locations":["westus"]},{"resourceType":"networkInterfaces","locations":["westus"]}]},{"namespace":"Microsoft.Compute","resourceTypes":[{"resourceType":"virtualMachines","locations":["westus"]}]}],"dependencies":[{"dependsOn":[{"id":"/subscriptions/00000000-0000-0000-0000-000000000000/resourceGroups/cli_test_vm_list_ip000001/providers/Microsoft.Network/virtualNetworks/vm-with-public-ipVNET","resourceType":"Microsoft.Network/virtualNetworks","resourceName":"vm-with-public-ipVNET"},{"id":"/subscriptions/00000000-0000-0000-0000-000000000000/resourceGroups/cli_test_vm_list_ip000001/providers/Microsoft.Network/networkSecurityGroups/vm-with-public-ipNSG","resourceType":"Microsoft.Network/networkSecurityGroups","resourceName":"vm-with-public-ipNSG"},{"id":"/subscriptions/00000000-0000-0000-0000-000000000000/resourceGroups/cli_test_vm_list_ip000001/providers/Microsoft.Network/publicIPAddresses/vm-with-public-ipPublicIP","resourceType":"Microsoft.Network/publicIPAddresses","resourceName":"vm-with-public-ipPublicIP"}],"id":"/subscriptions/00000000-0000-0000-0000-000000000000/resourceGroups/cli_test_vm_list_ip000001/providers/Microsoft.Network/networkInterfaces/vm-with-public-ipVMNic","resourceType":"Microsoft.Network/networkInterfaces","resourceName":"vm-with-public-ipVMNic"},{"dependsOn":[{"id":"/subscriptions/00000000-0000-0000-0000-000000000000/resourceGroups/cli_test_vm_list_ip000001/providers/Microsoft.Network/networkInterfaces/vm-with-public-ipVMNic","resourceType":"Microsoft.Network/networkInterfaces","resourceName":"vm-with-public-ipVMNic"}],"id":"/subscriptions/00000000-0000-0000-0000-000000000000/resourceGroups/cli_test_vm_list_ip000001/providers/Microsoft.Compute/virtualMachines/vm-with-public-ip","resourceType":"Microsoft.Compute/virtualMachines","resourceName":"vm-with-public-ip"}],"outputs":{},"outputResources":[{"id":"/subscriptions/00000000-0000-0000-0000-000000000000/resourceGroups/cli_test_vm_list_ip000001/providers/Microsoft.Compute/virtualMachines/vm-with-public-ip"},{"id":"/subscriptions/00000000-0000-0000-0000-000000000000/resourceGroups/cli_test_vm_list_ip000001/providers/Microsoft.Network/networkInterfaces/vm-with-public-ipVMNic"},{"id":"/subscriptions/00000000-0000-0000-0000-000000000000/resourceGroups/cli_test_vm_list_ip000001/providers/Microsoft.Network/networkSecurityGroups/vm-with-public-ipNSG"},{"id":"/subscriptions/00000000-0000-0000-0000-000000000000/resourceGroups/cli_test_vm_list_ip000001/providers/Microsoft.Network/publicIPAddresses/vm-with-public-ipPublicIP"},{"id":"/subscriptions/00000000-0000-0000-0000-000000000000/resourceGroups/cli_test_vm_list_ip000001/providers/Microsoft.Network/virtualNetworks/vm-with-public-ipVNET"}]}}'}
    headers:
      cache-control: [no-cache]
      content-length: ['4046']
      content-type: [application/json; charset=utf-8]
      date: ['Sat, 14 Jul 2018 23:35:11 GMT']
      expires: ['-1']
      pragma: [no-cache]
      strict-transport-security: [max-age=31536000; includeSubDomains]
      vary: [Accept-Encoding]
      x-content-type-options: [nosniff]
    status: {code: 200, message: OK}
- request:
    body: null
    headers:
      Accept: [application/json]
      Accept-Encoding: ['gzip, deflate']
      CommandName: [vm create]
      Connection: [keep-alive]
      Content-Type: [application/json; charset=utf-8]
      User-Agent: [python/3.5.4 (Windows-10-10.0.17134-SP0) requests/2.19.1 msrest/0.5.1
          msrest_azure/0.4.34 computemanagementclient/4.0.0rc3 Azure-SDK-For-Python
          AZURECLI/2.0.43]
      accept-language: [en-US]
    method: GET
    uri: https://management.azure.com/subscriptions/00000000-0000-0000-0000-000000000000/resourceGroups/cli_test_vm_list_ip000001/providers/Microsoft.Compute/virtualMachines/vm-with-public-ip?api-version=2018-06-01&$expand=instanceView
  response:
    body: {string: "{\r\n  \"properties\": {\r\n    \"vmId\": \"8fc86e74-d8cf-4578-aa02-f1f3b5decb1f\",\r\n
        \   \"hardwareProfile\": {\r\n      \"vmSize\": \"Standard_DS1_v2\"\r\n    },\r\n
        \   \"storageProfile\": {\r\n      \"imageReference\": {\r\n        \"publisher\":
        \"Canonical\",\r\n        \"offer\": \"UbuntuServer\",\r\n        \"sku\":
        \"14.04.4-LTS\",\r\n        \"version\": \"latest\"\r\n      },\r\n      \"osDisk\":
        {\r\n        \"osType\": \"Linux\",\r\n        \"name\": \"vm-with-public-ip_OsDisk_1_35b6f34ef91b4af4bf47bc4f03c40b63\",\r\n
        \       \"createOption\": \"FromImage\",\r\n        \"caching\": \"ReadWrite\",\r\n
        \       \"managedDisk\": {\r\n          \"storageAccountType\": \"Premium_LRS\",\r\n
        \         \"id\": \"/subscriptions/00000000-0000-0000-0000-000000000000/resourceGroups/cli_test_vm_list_ip000001/providers/Microsoft.Compute/disks/vm-with-public-ip_OsDisk_1_35b6f34ef91b4af4bf47bc4f03c40b63\"\r\n
        \       },\r\n        \"diskSizeGB\": 30\r\n      },\r\n      \"dataDisks\":
        []\r\n    },\r\n    \"osProfile\": {\r\n      \"computerName\": \"vm-with-public-ip\",\r\n
        \     \"adminUsername\": \"ubuntu\",\r\n      \"linuxConfiguration\": {\r\n
        \       \"disablePasswordAuthentication\": false,\r\n        \"provisionVMAgent\":
        true\r\n      },\r\n      \"secrets\": [],\r\n      \"allowExtensionOperations\":
        true\r\n    },\r\n    \"networkProfile\": {\"networkInterfaces\":[{\"id\":\"/subscriptions/00000000-0000-0000-0000-000000000000/resourceGroups/cli_test_vm_list_ip000001/providers/Microsoft.Network/networkInterfaces/vm-with-public-ipVMNic\"}]},\r\n
        \   \"provisioningState\": \"Succeeded\",\r\n    \"instanceView\": {\r\n      \"computerName\":
        \"vm-with-public-ip\",\r\n      \"osName\": \"ubuntu\",\r\n      \"osVersion\":
        \"14.04\",\r\n      \"vmAgent\": {\r\n        \"vmAgentVersion\": \"2.2.26\",\r\n
        \       \"statuses\": [\r\n          {\r\n            \"code\": \"ProvisioningState/succeeded\",\r\n
        \           \"level\": \"Info\",\r\n            \"displayStatus\": \"Ready\",\r\n
        \           \"message\": \"Guest Agent is running\",\r\n            \"time\":
        \"2018-07-14T23:35:11+00:00\"\r\n          }\r\n        ],\r\n        \"extensionHandlers\":
        []\r\n      },\r\n      \"disks\": [\r\n        {\r\n          \"name\": \"vm-with-public-ip_OsDisk_1_35b6f34ef91b4af4bf47bc4f03c40b63\",\r\n
        \         \"statuses\": [\r\n            {\r\n              \"code\": \"ProvisioningState/succeeded\",\r\n
        \             \"level\": \"Info\",\r\n              \"displayStatus\": \"Provisioning
        succeeded\",\r\n              \"time\": \"2018-07-14T23:33:34.9877446+00:00\"\r\n
        \           }\r\n          ]\r\n        }\r\n      ],\r\n      \"statuses\":
        [\r\n        {\r\n          \"code\": \"ProvisioningState/succeeded\",\r\n
        \         \"level\": \"Info\",\r\n          \"displayStatus\": \"Provisioning
        succeeded\",\r\n          \"time\": \"2018-07-14T23:34:41.5765912+00:00\"\r\n
        \       },\r\n        {\r\n          \"code\": \"PowerState/running\",\r\n
        \         \"level\": \"Info\",\r\n          \"displayStatus\": \"VM running\"\r\n
        \       }\r\n      ]\r\n    }\r\n  },\r\n  \"type\": \"Microsoft.Compute/virtualMachines\",\r\n
        \ \"location\": \"westus\",\r\n  \"tags\": {},\r\n  \"id\": \"/subscriptions/00000000-0000-0000-0000-000000000000/resourceGroups/cli_test_vm_list_ip000001/providers/Microsoft.Compute/virtualMachines/vm-with-public-ip\",\r\n
        \ \"name\": \"vm-with-public-ip\"\r\n}"}
    headers:
      cache-control: [no-cache]
      content-length: ['3171']
      content-type: [application/json; charset=utf-8]
      date: ['Sat, 14 Jul 2018 23:35:12 GMT']
      expires: ['-1']
      pragma: [no-cache]
      server: [Microsoft-HTTPAPI/2.0, Microsoft-HTTPAPI/2.0]
      strict-transport-security: [max-age=31536000; includeSubDomains]
      transfer-encoding: [chunked]
      vary: [Accept-Encoding]
      x-content-type-options: [nosniff]
      x-ms-ratelimit-remaining-resource: ['Microsoft.Compute/LowCostGet3Min;4194,Microsoft.Compute/LowCostGet30Min;33555']
    status: {code: 200, message: OK}
- request:
    body: null
    headers:
      Accept: [application/json]
      Accept-Encoding: ['gzip, deflate']
      CommandName: [vm create]
      Connection: [keep-alive]
      Content-Type: [application/json; charset=utf-8]
      User-Agent: [python/3.5.4 (Windows-10-10.0.17134-SP0) requests/2.19.1 msrest/0.5.1
          msrest_azure/0.4.34 networkmanagementclient/2.0.0rc3 Azure-SDK-For-Python
          AZURECLI/2.0.43]
      accept-language: [en-US]
    method: GET
    uri: https://management.azure.com/subscriptions/00000000-0000-0000-0000-000000000000/resourceGroups/cli_test_vm_list_ip000001/providers/Microsoft.Network/networkInterfaces/vm-with-public-ipVMNic?api-version=2018-01-01
  response:
    body: {string: "{\r\n  \"name\": \"vm-with-public-ipVMNic\",\r\n  \"id\": \"/subscriptions/00000000-0000-0000-0000-000000000000/resourceGroups/cli_test_vm_list_ip000001/providers/Microsoft.Network/networkInterfaces/vm-with-public-ipVMNic\",\r\n
        \ \"etag\": \"W/\\\"8f2b0c89-ea3a-4d98-a7dc-7a78d7245da9\\\"\",\r\n  \"location\":
        \"westus\",\r\n  \"tags\": {},\r\n  \"properties\": {\r\n    \"provisioningState\":
        \"Succeeded\",\r\n    \"resourceGuid\": \"6361df79-9efc-4469-8a69-bf0de9f6b538\",\r\n
        \   \"ipConfigurations\": [\r\n      {\r\n        \"name\": \"ipconfigvm-with-public-ip\",\r\n
        \       \"id\": \"/subscriptions/00000000-0000-0000-0000-000000000000/resourceGroups/cli_test_vm_list_ip000001/providers/Microsoft.Network/networkInterfaces/vm-with-public-ipVMNic/ipConfigurations/ipconfigvm-with-public-ip\",\r\n
        \       \"etag\": \"W/\\\"8f2b0c89-ea3a-4d98-a7dc-7a78d7245da9\\\"\",\r\n
        \       \"properties\": {\r\n          \"provisioningState\": \"Succeeded\",\r\n
        \         \"privateIPAddress\": \"10.0.0.4\",\r\n          \"privateIPAllocationMethod\":
        \"Dynamic\",\r\n          \"publicIPAddress\": {\r\n            \"id\": \"/subscriptions/00000000-0000-0000-0000-000000000000/resourceGroups/cli_test_vm_list_ip000001/providers/Microsoft.Network/publicIPAddresses/vm-with-public-ipPublicIP\"\r\n
        \         },\r\n          \"subnet\": {\r\n            \"id\": \"/subscriptions/00000000-0000-0000-0000-000000000000/resourceGroups/cli_test_vm_list_ip000001/providers/Microsoft.Network/virtualNetworks/vm-with-public-ipVNET/subnets/vm-with-public-ipSubnet\"\r\n
        \         },\r\n          \"primary\": true,\r\n          \"privateIPAddressVersion\":
        \"IPv4\",\r\n          \"isInUseWithService\": false\r\n        }\r\n      }\r\n
        \   ],\r\n    \"dnsSettings\": {\r\n      \"dnsServers\": [],\r\n      \"appliedDnsServers\":
        [],\r\n      \"internalDomainNameSuffix\": \"b3btplov2f1u1c11gtscijxrjc.dx.internal.cloudapp.net\"\r\n
        \   },\r\n    \"macAddress\": \"00-0D-3A-37-33-CF\",\r\n    \"enableAcceleratedNetworking\":
        false,\r\n    \"enableIPForwarding\": false,\r\n    \"networkSecurityGroup\":
        {\r\n      \"id\": \"/subscriptions/00000000-0000-0000-0000-000000000000/resourceGroups/cli_test_vm_list_ip000001/providers/Microsoft.Network/networkSecurityGroups/vm-with-public-ipNSG\"\r\n
        \   },\r\n    \"primary\": true,\r\n    \"virtualMachine\": {\r\n      \"id\":
        \"/subscriptions/00000000-0000-0000-0000-000000000000/resourceGroups/cli_test_vm_list_ip000001/providers/Microsoft.Compute/virtualMachines/vm-with-public-ip\"\r\n
        \   },\r\n    \"virtualNetworkTapProvisioningState\": \"NotProvisioned\"\r\n
        \ },\r\n  \"type\": \"Microsoft.Network/networkInterfaces\"\r\n}"}
    headers:
      cache-control: [no-cache]
      content-length: ['2736']
      content-type: [application/json; charset=utf-8]
      date: ['Sat, 14 Jul 2018 23:35:14 GMT']
      etag: [W/"8f2b0c89-ea3a-4d98-a7dc-7a78d7245da9"]
      expires: ['-1']
      pragma: [no-cache]
      server: [Microsoft-HTTPAPI/2.0, Microsoft-HTTPAPI/2.0]
      strict-transport-security: [max-age=31536000; includeSubDomains]
      transfer-encoding: [chunked]
      vary: [Accept-Encoding]
      x-content-type-options: [nosniff]
    status: {code: 200, message: OK}
- request:
    body: null
    headers:
      Accept: [application/json]
      Accept-Encoding: ['gzip, deflate']
      CommandName: [vm create]
      Connection: [keep-alive]
      Content-Type: [application/json; charset=utf-8]
      User-Agent: [python/3.5.4 (Windows-10-10.0.17134-SP0) requests/2.19.1 msrest/0.5.1
          msrest_azure/0.4.34 networkmanagementclient/2.0.0rc3 Azure-SDK-For-Python
          AZURECLI/2.0.43]
      accept-language: [en-US]
    method: GET
    uri: https://management.azure.com/subscriptions/00000000-0000-0000-0000-000000000000/resourceGroups/cli_test_vm_list_ip000001/providers/Microsoft.Network/publicIPAddresses/vm-with-public-ipPublicIP?api-version=2018-01-01
  response:
    body: {string: "{\r\n  \"name\": \"vm-with-public-ipPublicIP\",\r\n  \"id\": \"/subscriptions/00000000-0000-0000-0000-000000000000/resourceGroups/cli_test_vm_list_ip000001/providers/Microsoft.Network/publicIPAddresses/vm-with-public-ipPublicIP\",\r\n
        \ \"etag\": \"W/\\\"7d6530f3-6126-4c59-93b8-e4b5b7d9c3e0\\\"\",\r\n  \"location\":
        \"westus\",\r\n  \"tags\": {},\r\n  \"properties\": {\r\n    \"provisioningState\":
        \"Succeeded\",\r\n    \"resourceGuid\": \"4a1fe274-0471-4aad-95a3-7c17aea8476e\",\r\n
        \   \"ipAddress\": \"104.42.114.26\",\r\n    \"publicIPAddressVersion\": \"IPv4\",\r\n
        \   \"publicIPAllocationMethod\": \"Dynamic\",\r\n    \"idleTimeoutInMinutes\":
        4,\r\n    \"ipTags\": [],\r\n    \"ipConfiguration\": {\r\n      \"id\": \"/subscriptions/00000000-0000-0000-0000-000000000000/resourceGroups/cli_test_vm_list_ip000001/providers/Microsoft.Network/networkInterfaces/vm-with-public-ipVMNic/ipConfigurations/ipconfigvm-with-public-ip\"\r\n
        \   }\r\n  },\r\n  \"type\": \"Microsoft.Network/publicIPAddresses\",\r\n
        \ \"sku\": {\r\n    \"name\": \"Basic\",\r\n    \"tier\": \"Regional\"\r\n
        \ }\r\n}"}
    headers:
      cache-control: [no-cache]
      content-length: ['1078']
      content-type: [application/json; charset=utf-8]
      date: ['Sat, 14 Jul 2018 23:35:13 GMT']
      etag: [W/"7d6530f3-6126-4c59-93b8-e4b5b7d9c3e0"]
      expires: ['-1']
      pragma: [no-cache]
      server: [Microsoft-HTTPAPI/2.0, Microsoft-HTTPAPI/2.0]
      strict-transport-security: [max-age=31536000; includeSubDomains]
      transfer-encoding: [chunked]
      vary: [Accept-Encoding]
      x-content-type-options: [nosniff]
    status: {code: 200, message: OK}
- request:
    body: null
    headers:
      Accept: [application/json]
      Accept-Encoding: ['gzip, deflate']
      CommandName: [vm show]
      Connection: [keep-alive]
      Content-Type: [application/json; charset=utf-8]
      User-Agent: [python/3.5.4 (Windows-10-10.0.17134-SP0) requests/2.19.1 msrest/0.5.1
          msrest_azure/0.4.34 computemanagementclient/4.0.0rc3 Azure-SDK-For-Python
          AZURECLI/2.0.43]
      accept-language: [en-US]
    method: GET
    uri: https://management.azure.com/subscriptions/00000000-0000-0000-0000-000000000000/resourceGroups/cli_test_vm_list_ip000001/providers/Microsoft.Compute/virtualMachines/vm-with-public-ip?api-version=2018-06-01&$expand=instanceView
  response:
    body: {string: "{\r\n  \"properties\": {\r\n    \"vmId\": \"8fc86e74-d8cf-4578-aa02-f1f3b5decb1f\",\r\n
        \   \"hardwareProfile\": {\r\n      \"vmSize\": \"Standard_DS1_v2\"\r\n    },\r\n
        \   \"storageProfile\": {\r\n      \"imageReference\": {\r\n        \"publisher\":
        \"Canonical\",\r\n        \"offer\": \"UbuntuServer\",\r\n        \"sku\":
        \"14.04.4-LTS\",\r\n        \"version\": \"latest\"\r\n      },\r\n      \"osDisk\":
        {\r\n        \"osType\": \"Linux\",\r\n        \"name\": \"vm-with-public-ip_OsDisk_1_35b6f34ef91b4af4bf47bc4f03c40b63\",\r\n
        \       \"createOption\": \"FromImage\",\r\n        \"caching\": \"ReadWrite\",\r\n
        \       \"managedDisk\": {\r\n          \"storageAccountType\": \"Premium_LRS\",\r\n
        \         \"id\": \"/subscriptions/00000000-0000-0000-0000-000000000000/resourceGroups/cli_test_vm_list_ip000001/providers/Microsoft.Compute/disks/vm-with-public-ip_OsDisk_1_35b6f34ef91b4af4bf47bc4f03c40b63\"\r\n
        \       },\r\n        \"diskSizeGB\": 30\r\n      },\r\n      \"dataDisks\":
        []\r\n    },\r\n    \"osProfile\": {\r\n      \"computerName\": \"vm-with-public-ip\",\r\n
        \     \"adminUsername\": \"ubuntu\",\r\n      \"linuxConfiguration\": {\r\n
        \       \"disablePasswordAuthentication\": false,\r\n        \"provisionVMAgent\":
        true\r\n      },\r\n      \"secrets\": [],\r\n      \"allowExtensionOperations\":
        true\r\n    },\r\n    \"networkProfile\": {\"networkInterfaces\":[{\"id\":\"/subscriptions/00000000-0000-0000-0000-000000000000/resourceGroups/cli_test_vm_list_ip000001/providers/Microsoft.Network/networkInterfaces/vm-with-public-ipVMNic\"}]},\r\n
        \   \"provisioningState\": \"Succeeded\",\r\n    \"instanceView\": {\r\n      \"computerName\":
        \"vm-with-public-ip\",\r\n      \"osName\": \"ubuntu\",\r\n      \"osVersion\":
        \"14.04\",\r\n      \"vmAgent\": {\r\n        \"vmAgentVersion\": \"2.2.26\",\r\n
        \       \"statuses\": [\r\n          {\r\n            \"code\": \"ProvisioningState/succeeded\",\r\n
        \           \"level\": \"Info\",\r\n            \"displayStatus\": \"Ready\",\r\n
        \           \"message\": \"Guest Agent is running\",\r\n            \"time\":
        \"2018-07-14T23:35:14+00:00\"\r\n          }\r\n        ],\r\n        \"extensionHandlers\":
        []\r\n      },\r\n      \"disks\": [\r\n        {\r\n          \"name\": \"vm-with-public-ip_OsDisk_1_35b6f34ef91b4af4bf47bc4f03c40b63\",\r\n
        \         \"statuses\": [\r\n            {\r\n              \"code\": \"ProvisioningState/succeeded\",\r\n
        \             \"level\": \"Info\",\r\n              \"displayStatus\": \"Provisioning
        succeeded\",\r\n              \"time\": \"2018-07-14T23:33:34.9877446+00:00\"\r\n
        \           }\r\n          ]\r\n        }\r\n      ],\r\n      \"statuses\":
        [\r\n        {\r\n          \"code\": \"ProvisioningState/succeeded\",\r\n
        \         \"level\": \"Info\",\r\n          \"displayStatus\": \"Provisioning
        succeeded\",\r\n          \"time\": \"2018-07-14T23:34:41.5765912+00:00\"\r\n
        \       },\r\n        {\r\n          \"code\": \"PowerState/running\",\r\n
        \         \"level\": \"Info\",\r\n          \"displayStatus\": \"VM running\"\r\n
        \       }\r\n      ]\r\n    }\r\n  },\r\n  \"type\": \"Microsoft.Compute/virtualMachines\",\r\n
        \ \"location\": \"westus\",\r\n  \"tags\": {},\r\n  \"id\": \"/subscriptions/00000000-0000-0000-0000-000000000000/resourceGroups/cli_test_vm_list_ip000001/providers/Microsoft.Compute/virtualMachines/vm-with-public-ip\",\r\n
        \ \"name\": \"vm-with-public-ip\"\r\n}"}
    headers:
      cache-control: [no-cache]
      content-length: ['3171']
      content-type: [application/json; charset=utf-8]
      date: ['Sat, 14 Jul 2018 23:35:24 GMT']
      expires: ['-1']
      pragma: [no-cache]
      server: [Microsoft-HTTPAPI/2.0, Microsoft-HTTPAPI/2.0]
      strict-transport-security: [max-age=31536000; includeSubDomains]
      transfer-encoding: [chunked]
      vary: [Accept-Encoding]
      x-content-type-options: [nosniff]
      x-ms-ratelimit-remaining-resource: ['Microsoft.Compute/LowCostGet3Min;4193,Microsoft.Compute/LowCostGet30Min;33554']
    status: {code: 200, message: OK}
- request:
    body: null
    headers:
      Accept: [application/json]
      Accept-Encoding: ['gzip, deflate']
      CommandName: [vm show]
      Connection: [keep-alive]
      Content-Type: [application/json; charset=utf-8]
      User-Agent: [python/3.5.4 (Windows-10-10.0.17134-SP0) requests/2.19.1 msrest/0.5.1
          msrest_azure/0.4.34 networkmanagementclient/2.0.0rc3 Azure-SDK-For-Python
          AZURECLI/2.0.43]
      accept-language: [en-US]
    method: GET
    uri: https://management.azure.com/subscriptions/00000000-0000-0000-0000-000000000000/resourceGroups/cli_test_vm_list_ip000001/providers/Microsoft.Network/networkInterfaces/vm-with-public-ipVMNic?api-version=2018-01-01
  response:
    body: {string: "{\r\n  \"name\": \"vm-with-public-ipVMNic\",\r\n  \"id\": \"/subscriptions/00000000-0000-0000-0000-000000000000/resourceGroups/cli_test_vm_list_ip000001/providers/Microsoft.Network/networkInterfaces/vm-with-public-ipVMNic\",\r\n
        \ \"etag\": \"W/\\\"8f2b0c89-ea3a-4d98-a7dc-7a78d7245da9\\\"\",\r\n  \"location\":
        \"westus\",\r\n  \"tags\": {},\r\n  \"properties\": {\r\n    \"provisioningState\":
        \"Succeeded\",\r\n    \"resourceGuid\": \"6361df79-9efc-4469-8a69-bf0de9f6b538\",\r\n
        \   \"ipConfigurations\": [\r\n      {\r\n        \"name\": \"ipconfigvm-with-public-ip\",\r\n
        \       \"id\": \"/subscriptions/00000000-0000-0000-0000-000000000000/resourceGroups/cli_test_vm_list_ip000001/providers/Microsoft.Network/networkInterfaces/vm-with-public-ipVMNic/ipConfigurations/ipconfigvm-with-public-ip\",\r\n
        \       \"etag\": \"W/\\\"8f2b0c89-ea3a-4d98-a7dc-7a78d7245da9\\\"\",\r\n
        \       \"properties\": {\r\n          \"provisioningState\": \"Succeeded\",\r\n
        \         \"privateIPAddress\": \"10.0.0.4\",\r\n          \"privateIPAllocationMethod\":
        \"Dynamic\",\r\n          \"publicIPAddress\": {\r\n            \"id\": \"/subscriptions/00000000-0000-0000-0000-000000000000/resourceGroups/cli_test_vm_list_ip000001/providers/Microsoft.Network/publicIPAddresses/vm-with-public-ipPublicIP\"\r\n
        \         },\r\n          \"subnet\": {\r\n            \"id\": \"/subscriptions/00000000-0000-0000-0000-000000000000/resourceGroups/cli_test_vm_list_ip000001/providers/Microsoft.Network/virtualNetworks/vm-with-public-ipVNET/subnets/vm-with-public-ipSubnet\"\r\n
        \         },\r\n          \"primary\": true,\r\n          \"privateIPAddressVersion\":
        \"IPv4\",\r\n          \"isInUseWithService\": false\r\n        }\r\n      }\r\n
        \   ],\r\n    \"dnsSettings\": {\r\n      \"dnsServers\": [],\r\n      \"appliedDnsServers\":
        [],\r\n      \"internalDomainNameSuffix\": \"b3btplov2f1u1c11gtscijxrjc.dx.internal.cloudapp.net\"\r\n
        \   },\r\n    \"macAddress\": \"00-0D-3A-37-33-CF\",\r\n    \"enableAcceleratedNetworking\":
        false,\r\n    \"enableIPForwarding\": false,\r\n    \"networkSecurityGroup\":
        {\r\n      \"id\": \"/subscriptions/00000000-0000-0000-0000-000000000000/resourceGroups/cli_test_vm_list_ip000001/providers/Microsoft.Network/networkSecurityGroups/vm-with-public-ipNSG\"\r\n
        \   },\r\n    \"primary\": true,\r\n    \"virtualMachine\": {\r\n      \"id\":
        \"/subscriptions/00000000-0000-0000-0000-000000000000/resourceGroups/cli_test_vm_list_ip000001/providers/Microsoft.Compute/virtualMachines/vm-with-public-ip\"\r\n
        \   },\r\n    \"virtualNetworkTapProvisioningState\": \"NotProvisioned\"\r\n
        \ },\r\n  \"type\": \"Microsoft.Network/networkInterfaces\"\r\n}"}
    headers:
      cache-control: [no-cache]
      content-length: ['2736']
      content-type: [application/json; charset=utf-8]
      date: ['Sat, 14 Jul 2018 23:35:25 GMT']
      etag: [W/"8f2b0c89-ea3a-4d98-a7dc-7a78d7245da9"]
      expires: ['-1']
      pragma: [no-cache]
      server: [Microsoft-HTTPAPI/2.0, Microsoft-HTTPAPI/2.0]
      strict-transport-security: [max-age=31536000; includeSubDomains]
      transfer-encoding: [chunked]
      vary: [Accept-Encoding]
      x-content-type-options: [nosniff]
    status: {code: 200, message: OK}
- request:
    body: null
    headers:
      Accept: [application/json]
      Accept-Encoding: ['gzip, deflate']
      CommandName: [vm show]
      Connection: [keep-alive]
      Content-Type: [application/json; charset=utf-8]
      User-Agent: [python/3.5.4 (Windows-10-10.0.17134-SP0) requests/2.19.1 msrest/0.5.1
          msrest_azure/0.4.34 networkmanagementclient/2.0.0rc3 Azure-SDK-For-Python
          AZURECLI/2.0.43]
      accept-language: [en-US]
    method: GET
    uri: https://management.azure.com/subscriptions/00000000-0000-0000-0000-000000000000/resourceGroups/cli_test_vm_list_ip000001/providers/Microsoft.Network/publicIPAddresses/vm-with-public-ipPublicIP?api-version=2018-01-01
  response:
    body: {string: "{\r\n  \"name\": \"vm-with-public-ipPublicIP\",\r\n  \"id\": \"/subscriptions/00000000-0000-0000-0000-000000000000/resourceGroups/cli_test_vm_list_ip000001/providers/Microsoft.Network/publicIPAddresses/vm-with-public-ipPublicIP\",\r\n
        \ \"etag\": \"W/\\\"7d6530f3-6126-4c59-93b8-e4b5b7d9c3e0\\\"\",\r\n  \"location\":
        \"westus\",\r\n  \"tags\": {},\r\n  \"properties\": {\r\n    \"provisioningState\":
        \"Succeeded\",\r\n    \"resourceGuid\": \"4a1fe274-0471-4aad-95a3-7c17aea8476e\",\r\n
        \   \"ipAddress\": \"104.42.114.26\",\r\n    \"publicIPAddressVersion\": \"IPv4\",\r\n
        \   \"publicIPAllocationMethod\": \"Dynamic\",\r\n    \"idleTimeoutInMinutes\":
        4,\r\n    \"ipTags\": [],\r\n    \"ipConfiguration\": {\r\n      \"id\": \"/subscriptions/00000000-0000-0000-0000-000000000000/resourceGroups/cli_test_vm_list_ip000001/providers/Microsoft.Network/networkInterfaces/vm-with-public-ipVMNic/ipConfigurations/ipconfigvm-with-public-ip\"\r\n
        \   }\r\n  },\r\n  \"type\": \"Microsoft.Network/publicIPAddresses\",\r\n
        \ \"sku\": {\r\n    \"name\": \"Basic\",\r\n    \"tier\": \"Regional\"\r\n
        \ }\r\n}"}
    headers:
      cache-control: [no-cache]
      content-length: ['1078']
      content-type: [application/json; charset=utf-8]
      date: ['Sat, 14 Jul 2018 23:35:26 GMT']
      etag: [W/"7d6530f3-6126-4c59-93b8-e4b5b7d9c3e0"]
      expires: ['-1']
      pragma: [no-cache]
      server: [Microsoft-HTTPAPI/2.0, Microsoft-HTTPAPI/2.0]
      strict-transport-security: [max-age=31536000; includeSubDomains]
      transfer-encoding: [chunked]
      vary: [Accept-Encoding]
      x-content-type-options: [nosniff]
    status: {code: 200, message: OK}
- request:
    body: null
    headers:
      Accept: [application/json]
      Accept-Encoding: ['gzip, deflate']
      CommandName: [vm list]
      Connection: [keep-alive]
      Content-Type: [application/json; charset=utf-8]
      User-Agent: [python/3.5.4 (Windows-10-10.0.17134-SP0) requests/2.19.1 msrest/0.5.1
          msrest_azure/0.4.34 computemanagementclient/4.0.0rc3 Azure-SDK-For-Python
          AZURECLI/2.0.43]
      accept-language: [en-US]
    method: GET
    uri: https://management.azure.com/subscriptions/00000000-0000-0000-0000-000000000000/resourceGroups/cli_test_vm_list_ip000001/providers/Microsoft.Compute/virtualMachines?api-version=2018-06-01
  response:
    body: {string: "{\r\n  \"value\": [\r\n    {\r\n      \"properties\": {\r\n        \"vmId\":
        \"8fc86e74-d8cf-4578-aa02-f1f3b5decb1f\",\r\n        \"hardwareProfile\":
        {\r\n          \"vmSize\": \"Standard_DS1_v2\"\r\n        },\r\n        \"storageProfile\":
        {\r\n          \"imageReference\": {\r\n            \"publisher\": \"Canonical\",\r\n
        \           \"offer\": \"UbuntuServer\",\r\n            \"sku\": \"14.04.4-LTS\",\r\n
        \           \"version\": \"latest\"\r\n          },\r\n          \"osDisk\":
        {\r\n            \"osType\": \"Linux\",\r\n            \"name\": \"vm-with-public-ip_OsDisk_1_35b6f34ef91b4af4bf47bc4f03c40b63\",\r\n
        \           \"createOption\": \"FromImage\",\r\n            \"caching\": \"ReadWrite\",\r\n
        \           \"managedDisk\": {\r\n              \"storageAccountType\": \"Premium_LRS\",\r\n
        \             \"id\": \"/subscriptions/00000000-0000-0000-0000-000000000000/resourceGroups/cli_test_vm_list_ip000001/providers/Microsoft.Compute/disks/vm-with-public-ip_OsDisk_1_35b6f34ef91b4af4bf47bc4f03c40b63\"\r\n
        \           },\r\n            \"diskSizeGB\": 30\r\n          },\r\n          \"dataDisks\":
        []\r\n        },\r\n        \"osProfile\": {\r\n          \"computerName\":
        \"vm-with-public-ip\",\r\n          \"adminUsername\": \"ubuntu\",\r\n          \"linuxConfiguration\":
        {\r\n            \"disablePasswordAuthentication\": false,\r\n            \"provisionVMAgent\":
        true\r\n          },\r\n          \"secrets\": [],\r\n          \"allowExtensionOperations\":
        true\r\n        },\r\n        \"networkProfile\": {\"networkInterfaces\":[{\"id\":\"/subscriptions/00000000-0000-0000-0000-000000000000/resourceGroups/cli_test_vm_list_ip000001/providers/Microsoft.Network/networkInterfaces/vm-with-public-ipVMNic\"}]},\r\n
        \       \"provisioningState\": \"Succeeded\"\r\n      },\r\n      \"type\":
        \"Microsoft.Compute/virtualMachines\",\r\n      \"location\": \"westus\",\r\n
        \     \"tags\": {},\r\n      \"id\": \"/subscriptions/00000000-0000-0000-0000-000000000000/resourceGroups/cli_test_vm_list_ip000001/providers/Microsoft.Compute/virtualMachines/vm-with-public-ip\",\r\n
        \     \"name\": \"vm-with-public-ip\"\r\n    }\r\n  ]\r\n}"}
    headers:
      cache-control: [no-cache]
      content-length: ['2089']
      content-type: [application/json; charset=utf-8]
      date: ['Sat, 14 Jul 2018 23:35:26 GMT']
      expires: ['-1']
      pragma: [no-cache]
      server: [Microsoft-HTTPAPI/2.0, Microsoft-HTTPAPI/2.0]
      strict-transport-security: [max-age=31536000; includeSubDomains]
      transfer-encoding: [chunked]
      vary: [Accept-Encoding]
      x-content-type-options: [nosniff]
      x-ms-ratelimit-remaining-resource: ['Microsoft.Compute/HighCostGet3Min;159,Microsoft.Compute/HighCostGet30Min;799']
    status: {code: 200, message: OK}
- request:
    body: null
    headers:
      Accept: [application/json]
      Accept-Encoding: ['gzip, deflate']
      CommandName: [vm list]
      Connection: [keep-alive]
      Content-Type: [application/json; charset=utf-8]
      User-Agent: [python/3.5.4 (Windows-10-10.0.17134-SP0) requests/2.19.1 msrest/0.5.1
          msrest_azure/0.4.34 computemanagementclient/4.0.0rc3 Azure-SDK-For-Python
          AZURECLI/2.0.43]
      accept-language: [en-US]
    method: GET
    uri: https://management.azure.com/subscriptions/00000000-0000-0000-0000-000000000000/resourceGroups/cli_test_vm_list_ip000001/providers/Microsoft.Compute/virtualMachines/vm-with-public-ip?api-version=2018-06-01&$expand=instanceView
  response:
    body: {string: "{\r\n  \"properties\": {\r\n    \"vmId\": \"8fc86e74-d8cf-4578-aa02-f1f3b5decb1f\",\r\n
        \   \"hardwareProfile\": {\r\n      \"vmSize\": \"Standard_DS1_v2\"\r\n    },\r\n
        \   \"storageProfile\": {\r\n      \"imageReference\": {\r\n        \"publisher\":
        \"Canonical\",\r\n        \"offer\": \"UbuntuServer\",\r\n        \"sku\":
        \"14.04.4-LTS\",\r\n        \"version\": \"latest\"\r\n      },\r\n      \"osDisk\":
        {\r\n        \"osType\": \"Linux\",\r\n        \"name\": \"vm-with-public-ip_OsDisk_1_35b6f34ef91b4af4bf47bc4f03c40b63\",\r\n
        \       \"createOption\": \"FromImage\",\r\n        \"caching\": \"ReadWrite\",\r\n
        \       \"managedDisk\": {\r\n          \"storageAccountType\": \"Premium_LRS\",\r\n
        \         \"id\": \"/subscriptions/00000000-0000-0000-0000-000000000000/resourceGroups/cli_test_vm_list_ip000001/providers/Microsoft.Compute/disks/vm-with-public-ip_OsDisk_1_35b6f34ef91b4af4bf47bc4f03c40b63\"\r\n
        \       },\r\n        \"diskSizeGB\": 30\r\n      },\r\n      \"dataDisks\":
        []\r\n    },\r\n    \"osProfile\": {\r\n      \"computerName\": \"vm-with-public-ip\",\r\n
        \     \"adminUsername\": \"ubuntu\",\r\n      \"linuxConfiguration\": {\r\n
        \       \"disablePasswordAuthentication\": false,\r\n        \"provisionVMAgent\":
        true\r\n      },\r\n      \"secrets\": [],\r\n      \"allowExtensionOperations\":
        true\r\n    },\r\n    \"networkProfile\": {\"networkInterfaces\":[{\"id\":\"/subscriptions/00000000-0000-0000-0000-000000000000/resourceGroups/cli_test_vm_list_ip000001/providers/Microsoft.Network/networkInterfaces/vm-with-public-ipVMNic\"}]},\r\n
        \   \"provisioningState\": \"Succeeded\",\r\n    \"instanceView\": {\r\n      \"computerName\":
        \"vm-with-public-ip\",\r\n      \"osName\": \"ubuntu\",\r\n      \"osVersion\":
        \"14.04\",\r\n      \"vmAgent\": {\r\n        \"vmAgentVersion\": \"2.2.26\",\r\n
        \       \"statuses\": [\r\n          {\r\n            \"code\": \"ProvisioningState/succeeded\",\r\n
        \           \"level\": \"Info\",\r\n            \"displayStatus\": \"Ready\",\r\n
        \           \"message\": \"Guest Agent is running\",\r\n            \"time\":
        \"2018-07-14T23:35:26+00:00\"\r\n          }\r\n        ],\r\n        \"extensionHandlers\":
        []\r\n      },\r\n      \"disks\": [\r\n        {\r\n          \"name\": \"vm-with-public-ip_OsDisk_1_35b6f34ef91b4af4bf47bc4f03c40b63\",\r\n
        \         \"statuses\": [\r\n            {\r\n              \"code\": \"ProvisioningState/succeeded\",\r\n
        \             \"level\": \"Info\",\r\n              \"displayStatus\": \"Provisioning
        succeeded\",\r\n              \"time\": \"2018-07-14T23:33:34.9877446+00:00\"\r\n
        \           }\r\n          ]\r\n        }\r\n      ],\r\n      \"statuses\":
        [\r\n        {\r\n          \"code\": \"ProvisioningState/succeeded\",\r\n
        \         \"level\": \"Info\",\r\n          \"displayStatus\": \"Provisioning
        succeeded\",\r\n          \"time\": \"2018-07-14T23:34:41.5765912+00:00\"\r\n
        \       },\r\n        {\r\n          \"code\": \"PowerState/running\",\r\n
        \         \"level\": \"Info\",\r\n          \"displayStatus\": \"VM running\"\r\n
        \       }\r\n      ]\r\n    }\r\n  },\r\n  \"type\": \"Microsoft.Compute/virtualMachines\",\r\n
        \ \"location\": \"westus\",\r\n  \"tags\": {},\r\n  \"id\": \"/subscriptions/00000000-0000-0000-0000-000000000000/resourceGroups/cli_test_vm_list_ip000001/providers/Microsoft.Compute/virtualMachines/vm-with-public-ip\",\r\n
        \ \"name\": \"vm-with-public-ip\"\r\n}"}
    headers:
      cache-control: [no-cache]
      content-length: ['3171']
      content-type: [application/json; charset=utf-8]
      date: ['Sat, 14 Jul 2018 23:35:36 GMT']
      expires: ['-1']
      pragma: [no-cache]
      server: [Microsoft-HTTPAPI/2.0, Microsoft-HTTPAPI/2.0]
      strict-transport-security: [max-age=31536000; includeSubDomains]
      transfer-encoding: [chunked]
      vary: [Accept-Encoding]
      x-content-type-options: [nosniff]
      x-ms-ratelimit-remaining-resource: ['Microsoft.Compute/LowCostGet3Min;4192,Microsoft.Compute/LowCostGet30Min;33553']
    status: {code: 200, message: OK}
- request:
    body: null
    headers:
      Accept: [application/json]
      Accept-Encoding: ['gzip, deflate']
      CommandName: [vm list]
      Connection: [keep-alive]
      Content-Type: [application/json; charset=utf-8]
      User-Agent: [python/3.5.4 (Windows-10-10.0.17134-SP0) requests/2.19.1 msrest/0.5.1
          msrest_azure/0.4.34 networkmanagementclient/2.0.0rc3 Azure-SDK-For-Python
          AZURECLI/2.0.43]
      accept-language: [en-US]
    method: GET
    uri: https://management.azure.com/subscriptions/00000000-0000-0000-0000-000000000000/resourceGroups/cli_test_vm_list_ip000001/providers/Microsoft.Network/networkInterfaces/vm-with-public-ipVMNic?api-version=2018-01-01
  response:
    body: {string: "{\r\n  \"name\": \"vm-with-public-ipVMNic\",\r\n  \"id\": \"/subscriptions/00000000-0000-0000-0000-000000000000/resourceGroups/cli_test_vm_list_ip000001/providers/Microsoft.Network/networkInterfaces/vm-with-public-ipVMNic\",\r\n
        \ \"etag\": \"W/\\\"8f2b0c89-ea3a-4d98-a7dc-7a78d7245da9\\\"\",\r\n  \"location\":
        \"westus\",\r\n  \"tags\": {},\r\n  \"properties\": {\r\n    \"provisioningState\":
        \"Succeeded\",\r\n    \"resourceGuid\": \"6361df79-9efc-4469-8a69-bf0de9f6b538\",\r\n
        \   \"ipConfigurations\": [\r\n      {\r\n        \"name\": \"ipconfigvm-with-public-ip\",\r\n
        \       \"id\": \"/subscriptions/00000000-0000-0000-0000-000000000000/resourceGroups/cli_test_vm_list_ip000001/providers/Microsoft.Network/networkInterfaces/vm-with-public-ipVMNic/ipConfigurations/ipconfigvm-with-public-ip\",\r\n
        \       \"etag\": \"W/\\\"8f2b0c89-ea3a-4d98-a7dc-7a78d7245da9\\\"\",\r\n
        \       \"properties\": {\r\n          \"provisioningState\": \"Succeeded\",\r\n
        \         \"privateIPAddress\": \"10.0.0.4\",\r\n          \"privateIPAllocationMethod\":
        \"Dynamic\",\r\n          \"publicIPAddress\": {\r\n            \"id\": \"/subscriptions/00000000-0000-0000-0000-000000000000/resourceGroups/cli_test_vm_list_ip000001/providers/Microsoft.Network/publicIPAddresses/vm-with-public-ipPublicIP\"\r\n
        \         },\r\n          \"subnet\": {\r\n            \"id\": \"/subscriptions/00000000-0000-0000-0000-000000000000/resourceGroups/cli_test_vm_list_ip000001/providers/Microsoft.Network/virtualNetworks/vm-with-public-ipVNET/subnets/vm-with-public-ipSubnet\"\r\n
        \         },\r\n          \"primary\": true,\r\n          \"privateIPAddressVersion\":
        \"IPv4\",\r\n          \"isInUseWithService\": false\r\n        }\r\n      }\r\n
        \   ],\r\n    \"dnsSettings\": {\r\n      \"dnsServers\": [],\r\n      \"appliedDnsServers\":
        [],\r\n      \"internalDomainNameSuffix\": \"b3btplov2f1u1c11gtscijxrjc.dx.internal.cloudapp.net\"\r\n
        \   },\r\n    \"macAddress\": \"00-0D-3A-37-33-CF\",\r\n    \"enableAcceleratedNetworking\":
        false,\r\n    \"enableIPForwarding\": false,\r\n    \"networkSecurityGroup\":
        {\r\n      \"id\": \"/subscriptions/00000000-0000-0000-0000-000000000000/resourceGroups/cli_test_vm_list_ip000001/providers/Microsoft.Network/networkSecurityGroups/vm-with-public-ipNSG\"\r\n
        \   },\r\n    \"primary\": true,\r\n    \"virtualMachine\": {\r\n      \"id\":
        \"/subscriptions/00000000-0000-0000-0000-000000000000/resourceGroups/cli_test_vm_list_ip000001/providers/Microsoft.Compute/virtualMachines/vm-with-public-ip\"\r\n
        \   },\r\n    \"virtualNetworkTapProvisioningState\": \"NotProvisioned\"\r\n
        \ },\r\n  \"type\": \"Microsoft.Network/networkInterfaces\"\r\n}"}
    headers:
      cache-control: [no-cache]
      content-length: ['2736']
      content-type: [application/json; charset=utf-8]
      date: ['Sat, 14 Jul 2018 23:35:37 GMT']
      etag: [W/"8f2b0c89-ea3a-4d98-a7dc-7a78d7245da9"]
      expires: ['-1']
      pragma: [no-cache]
      server: [Microsoft-HTTPAPI/2.0, Microsoft-HTTPAPI/2.0]
      strict-transport-security: [max-age=31536000; includeSubDomains]
      transfer-encoding: [chunked]
      vary: [Accept-Encoding]
      x-content-type-options: [nosniff]
    status: {code: 200, message: OK}
- request:
    body: null
    headers:
      Accept: [application/json]
      Accept-Encoding: ['gzip, deflate']
      CommandName: [vm list]
      Connection: [keep-alive]
      Content-Type: [application/json; charset=utf-8]
      User-Agent: [python/3.5.4 (Windows-10-10.0.17134-SP0) requests/2.19.1 msrest/0.5.1
          msrest_azure/0.4.34 networkmanagementclient/2.0.0rc3 Azure-SDK-For-Python
          AZURECLI/2.0.43]
      accept-language: [en-US]
    method: GET
    uri: https://management.azure.com/subscriptions/00000000-0000-0000-0000-000000000000/resourceGroups/cli_test_vm_list_ip000001/providers/Microsoft.Network/publicIPAddresses/vm-with-public-ipPublicIP?api-version=2018-01-01
  response:
    body: {string: "{\r\n  \"name\": \"vm-with-public-ipPublicIP\",\r\n  \"id\": \"/subscriptions/00000000-0000-0000-0000-000000000000/resourceGroups/cli_test_vm_list_ip000001/providers/Microsoft.Network/publicIPAddresses/vm-with-public-ipPublicIP\",\r\n
        \ \"etag\": \"W/\\\"7d6530f3-6126-4c59-93b8-e4b5b7d9c3e0\\\"\",\r\n  \"location\":
        \"westus\",\r\n  \"tags\": {},\r\n  \"properties\": {\r\n    \"provisioningState\":
        \"Succeeded\",\r\n    \"resourceGuid\": \"4a1fe274-0471-4aad-95a3-7c17aea8476e\",\r\n
        \   \"ipAddress\": \"104.42.114.26\",\r\n    \"publicIPAddressVersion\": \"IPv4\",\r\n
        \   \"publicIPAllocationMethod\": \"Dynamic\",\r\n    \"idleTimeoutInMinutes\":
        4,\r\n    \"ipTags\": [],\r\n    \"ipConfiguration\": {\r\n      \"id\": \"/subscriptions/00000000-0000-0000-0000-000000000000/resourceGroups/cli_test_vm_list_ip000001/providers/Microsoft.Network/networkInterfaces/vm-with-public-ipVMNic/ipConfigurations/ipconfigvm-with-public-ip\"\r\n
        \   }\r\n  },\r\n  \"type\": \"Microsoft.Network/publicIPAddresses\",\r\n
        \ \"sku\": {\r\n    \"name\": \"Basic\",\r\n    \"tier\": \"Regional\"\r\n
        \ }\r\n}"}
    headers:
      cache-control: [no-cache]
      content-length: ['1078']
      content-type: [application/json; charset=utf-8]
      date: ['Sat, 14 Jul 2018 23:35:38 GMT']
      etag: [W/"7d6530f3-6126-4c59-93b8-e4b5b7d9c3e0"]
      expires: ['-1']
      pragma: [no-cache]
      server: [Microsoft-HTTPAPI/2.0, Microsoft-HTTPAPI/2.0]
      strict-transport-security: [max-age=31536000; includeSubDomains]
      transfer-encoding: [chunked]
      vary: [Accept-Encoding]
      x-content-type-options: [nosniff]
    status: {code: 200, message: OK}
- request:
    body: null
    headers:
      Accept: [application/json]
      Accept-Encoding: ['gzip, deflate']
      CommandName: [vm list-vm-resize-options]
      Connection: [keep-alive]
      Content-Type: [application/json; charset=utf-8]
      User-Agent: [python/3.5.4 (Windows-10-10.0.17134-SP0) requests/2.19.1 msrest/0.5.1
          msrest_azure/0.4.34 computemanagementclient/4.0.0rc3 Azure-SDK-For-Python
          AZURECLI/2.0.43]
      accept-language: [en-US]
    method: GET
    uri: https://management.azure.com/subscriptions/00000000-0000-0000-0000-000000000000/resourceGroups/cli_test_vm_list_ip000001/providers/Microsoft.Compute/virtualMachines/vm-with-public-ip/vmSizes?api-version=2018-06-01
  response:
    body: {string: "{\r\n  \"value\": [\r\n    {\r\n      \"name\": \"Standard_B1ms\",\r\n
        \     \"numberOfCores\": 1,\r\n      \"osDiskSizeInMB\": 1047552,\r\n      \"resourceDiskSizeInMB\":
        4096,\r\n      \"memoryInMB\": 2048,\r\n      \"maxDataDiskCount\": 2\r\n
        \   },\r\n    {\r\n      \"name\": \"Standard_B1s\",\r\n      \"numberOfCores\":
        1,\r\n      \"osDiskSizeInMB\": 1047552,\r\n      \"resourceDiskSizeInMB\":
        2048,\r\n      \"memoryInMB\": 1024,\r\n      \"maxDataDiskCount\": 2\r\n
        \   },\r\n    {\r\n      \"name\": \"Standard_B2ms\",\r\n      \"numberOfCores\":
        2,\r\n      \"osDiskSizeInMB\": 1047552,\r\n      \"resourceDiskSizeInMB\":
        16384,\r\n      \"memoryInMB\": 8192,\r\n      \"maxDataDiskCount\": 4\r\n
        \   },\r\n    {\r\n      \"name\": \"Standard_B2s\",\r\n      \"numberOfCores\":
        2,\r\n      \"osDiskSizeInMB\": 1047552,\r\n      \"resourceDiskSizeInMB\":
        8192,\r\n      \"memoryInMB\": 4096,\r\n      \"maxDataDiskCount\": 4\r\n
        \   },\r\n    {\r\n      \"name\": \"Standard_B4ms\",\r\n      \"numberOfCores\":
        4,\r\n      \"osDiskSizeInMB\": 1047552,\r\n      \"resourceDiskSizeInMB\":
        32768,\r\n      \"memoryInMB\": 16384,\r\n      \"maxDataDiskCount\": 8\r\n
        \   },\r\n    {\r\n      \"name\": \"Standard_B8ms\",\r\n      \"numberOfCores\":
        8,\r\n      \"osDiskSizeInMB\": 1047552,\r\n      \"resourceDiskSizeInMB\":
        65536,\r\n      \"memoryInMB\": 32768,\r\n      \"maxDataDiskCount\": 16\r\n
        \   },\r\n    {\r\n      \"name\": \"Standard_A0\",\r\n      \"numberOfCores\":
        1,\r\n      \"osDiskSizeInMB\": 1047552,\r\n      \"resourceDiskSizeInMB\":
        20480,\r\n      \"memoryInMB\": 768,\r\n      \"maxDataDiskCount\": 1\r\n
        \   },\r\n    {\r\n      \"name\": \"Standard_A1\",\r\n      \"numberOfCores\":
        1,\r\n      \"osDiskSizeInMB\": 1047552,\r\n      \"resourceDiskSizeInMB\":
        71680,\r\n      \"memoryInMB\": 1792,\r\n      \"maxDataDiskCount\": 2\r\n
        \   },\r\n    {\r\n      \"name\": \"Standard_A2\",\r\n      \"numberOfCores\":
        2,\r\n      \"osDiskSizeInMB\": 1047552,\r\n      \"resourceDiskSizeInMB\":
        138240,\r\n      \"memoryInMB\": 3584,\r\n      \"maxDataDiskCount\": 4\r\n
        \   },\r\n    {\r\n      \"name\": \"Standard_A3\",\r\n      \"numberOfCores\":
        4,\r\n      \"osDiskSizeInMB\": 1047552,\r\n      \"resourceDiskSizeInMB\":
        291840,\r\n      \"memoryInMB\": 7168,\r\n      \"maxDataDiskCount\": 8\r\n
        \   },\r\n    {\r\n      \"name\": \"Standard_A5\",\r\n      \"numberOfCores\":
        2,\r\n      \"osDiskSizeInMB\": 1047552,\r\n      \"resourceDiskSizeInMB\":
        138240,\r\n      \"memoryInMB\": 14336,\r\n      \"maxDataDiskCount\": 4\r\n
        \   },\r\n    {\r\n      \"name\": \"Standard_A4\",\r\n      \"numberOfCores\":
        8,\r\n      \"osDiskSizeInMB\": 1047552,\r\n      \"resourceDiskSizeInMB\":
        619520,\r\n      \"memoryInMB\": 14336,\r\n      \"maxDataDiskCount\": 16\r\n
        \   },\r\n    {\r\n      \"name\": \"Standard_A6\",\r\n      \"numberOfCores\":
        4,\r\n      \"osDiskSizeInMB\": 1047552,\r\n      \"resourceDiskSizeInMB\":
        291840,\r\n      \"memoryInMB\": 28672,\r\n      \"maxDataDiskCount\": 8\r\n
        \   },\r\n    {\r\n      \"name\": \"Standard_A7\",\r\n      \"numberOfCores\":
        8,\r\n      \"osDiskSizeInMB\": 1047552,\r\n      \"resourceDiskSizeInMB\":
        619520,\r\n      \"memoryInMB\": 57344,\r\n      \"maxDataDiskCount\": 16\r\n
        \   },\r\n    {\r\n      \"name\": \"Basic_A0\",\r\n      \"numberOfCores\":
        1,\r\n      \"osDiskSizeInMB\": 1047552,\r\n      \"resourceDiskSizeInMB\":
        20480,\r\n      \"memoryInMB\": 768,\r\n      \"maxDataDiskCount\": 1\r\n
        \   },\r\n    {\r\n      \"name\": \"Basic_A1\",\r\n      \"numberOfCores\":
        1,\r\n      \"osDiskSizeInMB\": 1047552,\r\n      \"resourceDiskSizeInMB\":
        40960,\r\n      \"memoryInMB\": 1792,\r\n      \"maxDataDiskCount\": 2\r\n
        \   },\r\n    {\r\n      \"name\": \"Basic_A2\",\r\n      \"numberOfCores\":
        2,\r\n      \"osDiskSizeInMB\": 1047552,\r\n      \"resourceDiskSizeInMB\":
        61440,\r\n      \"memoryInMB\": 3584,\r\n      \"maxDataDiskCount\": 4\r\n
        \   },\r\n    {\r\n      \"name\": \"Basic_A3\",\r\n      \"numberOfCores\":
        4,\r\n      \"osDiskSizeInMB\": 1047552,\r\n      \"resourceDiskSizeInMB\":
        122880,\r\n      \"memoryInMB\": 7168,\r\n      \"maxDataDiskCount\": 8\r\n
        \   },\r\n    {\r\n      \"name\": \"Basic_A4\",\r\n      \"numberOfCores\":
        8,\r\n      \"osDiskSizeInMB\": 1047552,\r\n      \"resourceDiskSizeInMB\":
        245760,\r\n      \"memoryInMB\": 14336,\r\n      \"maxDataDiskCount\": 16\r\n
        \   },\r\n    {\r\n      \"name\": \"Standard_D1_v2\",\r\n      \"numberOfCores\":
        1,\r\n      \"osDiskSizeInMB\": 1047552,\r\n      \"resourceDiskSizeInMB\":
        51200,\r\n      \"memoryInMB\": 3584,\r\n      \"maxDataDiskCount\": 4\r\n
        \   },\r\n    {\r\n      \"name\": \"Standard_D2_v2\",\r\n      \"numberOfCores\":
        2,\r\n      \"osDiskSizeInMB\": 1047552,\r\n      \"resourceDiskSizeInMB\":
        102400,\r\n      \"memoryInMB\": 7168,\r\n      \"maxDataDiskCount\": 8\r\n
        \   },\r\n    {\r\n      \"name\": \"Standard_D3_v2\",\r\n      \"numberOfCores\":
        4,\r\n      \"osDiskSizeInMB\": 1047552,\r\n      \"resourceDiskSizeInMB\":
        204800,\r\n      \"memoryInMB\": 14336,\r\n      \"maxDataDiskCount\": 16\r\n
        \   },\r\n    {\r\n      \"name\": \"Standard_D4_v2\",\r\n      \"numberOfCores\":
        8,\r\n      \"osDiskSizeInMB\": 1047552,\r\n      \"resourceDiskSizeInMB\":
        409600,\r\n      \"memoryInMB\": 28672,\r\n      \"maxDataDiskCount\": 32\r\n
        \   },\r\n    {\r\n      \"name\": \"Standard_D5_v2\",\r\n      \"numberOfCores\":
        16,\r\n      \"osDiskSizeInMB\": 1047552,\r\n      \"resourceDiskSizeInMB\":
        819200,\r\n      \"memoryInMB\": 57344,\r\n      \"maxDataDiskCount\": 64\r\n
        \   },\r\n    {\r\n      \"name\": \"Standard_D11_v2\",\r\n      \"numberOfCores\":
        2,\r\n      \"osDiskSizeInMB\": 1047552,\r\n      \"resourceDiskSizeInMB\":
        102400,\r\n      \"memoryInMB\": 14336,\r\n      \"maxDataDiskCount\": 8\r\n
        \   },\r\n    {\r\n      \"name\": \"Standard_D12_v2\",\r\n      \"numberOfCores\":
        4,\r\n      \"osDiskSizeInMB\": 1047552,\r\n      \"resourceDiskSizeInMB\":
        204800,\r\n      \"memoryInMB\": 28672,\r\n      \"maxDataDiskCount\": 16\r\n
        \   },\r\n    {\r\n      \"name\": \"Standard_D13_v2\",\r\n      \"numberOfCores\":
        8,\r\n      \"osDiskSizeInMB\": 1047552,\r\n      \"resourceDiskSizeInMB\":
        409600,\r\n      \"memoryInMB\": 57344,\r\n      \"maxDataDiskCount\": 32\r\n
        \   },\r\n    {\r\n      \"name\": \"Standard_D14_v2\",\r\n      \"numberOfCores\":
        16,\r\n      \"osDiskSizeInMB\": 1047552,\r\n      \"resourceDiskSizeInMB\":
        819200,\r\n      \"memoryInMB\": 114688,\r\n      \"maxDataDiskCount\": 64\r\n
        \   },\r\n    {\r\n      \"name\": \"Standard_D15_v2\",\r\n      \"numberOfCores\":
        20,\r\n      \"osDiskSizeInMB\": 1047552,\r\n      \"resourceDiskSizeInMB\":
        286720,\r\n      \"memoryInMB\": 143360,\r\n      \"maxDataDiskCount\": 64\r\n
        \   },\r\n    {\r\n      \"name\": \"Standard_D2_v2_Promo\",\r\n      \"numberOfCores\":
        2,\r\n      \"osDiskSizeInMB\": 1047552,\r\n      \"resourceDiskSizeInMB\":
        102400,\r\n      \"memoryInMB\": 7168,\r\n      \"maxDataDiskCount\": 8\r\n
        \   },\r\n    {\r\n      \"name\": \"Standard_D3_v2_Promo\",\r\n      \"numberOfCores\":
        4,\r\n      \"osDiskSizeInMB\": 1047552,\r\n      \"resourceDiskSizeInMB\":
        204800,\r\n      \"memoryInMB\": 14336,\r\n      \"maxDataDiskCount\": 16\r\n
        \   },\r\n    {\r\n      \"name\": \"Standard_D4_v2_Promo\",\r\n      \"numberOfCores\":
        8,\r\n      \"osDiskSizeInMB\": 1047552,\r\n      \"resourceDiskSizeInMB\":
        409600,\r\n      \"memoryInMB\": 28672,\r\n      \"maxDataDiskCount\": 32\r\n
        \   },\r\n    {\r\n      \"name\": \"Standard_D5_v2_Promo\",\r\n      \"numberOfCores\":
        16,\r\n      \"osDiskSizeInMB\": 1047552,\r\n      \"resourceDiskSizeInMB\":
        819200,\r\n      \"memoryInMB\": 57344,\r\n      \"maxDataDiskCount\": 64\r\n
        \   },\r\n    {\r\n      \"name\": \"Standard_D11_v2_Promo\",\r\n      \"numberOfCores\":
        2,\r\n      \"osDiskSizeInMB\": 1047552,\r\n      \"resourceDiskSizeInMB\":
        102400,\r\n      \"memoryInMB\": 14336,\r\n      \"maxDataDiskCount\": 8\r\n
        \   },\r\n    {\r\n      \"name\": \"Standard_D12_v2_Promo\",\r\n      \"numberOfCores\":
        4,\r\n      \"osDiskSizeInMB\": 1047552,\r\n      \"resourceDiskSizeInMB\":
        204800,\r\n      \"memoryInMB\": 28672,\r\n      \"maxDataDiskCount\": 16\r\n
        \   },\r\n    {\r\n      \"name\": \"Standard_D13_v2_Promo\",\r\n      \"numberOfCores\":
        8,\r\n      \"osDiskSizeInMB\": 1047552,\r\n      \"resourceDiskSizeInMB\":
        409600,\r\n      \"memoryInMB\": 57344,\r\n      \"maxDataDiskCount\": 32\r\n
        \   },\r\n    {\r\n      \"name\": \"Standard_D14_v2_Promo\",\r\n      \"numberOfCores\":
        16,\r\n      \"osDiskSizeInMB\": 1047552,\r\n      \"resourceDiskSizeInMB\":
        819200,\r\n      \"memoryInMB\": 114688,\r\n      \"maxDataDiskCount\": 64\r\n
        \   },\r\n    {\r\n      \"name\": \"Standard_F1\",\r\n      \"numberOfCores\":
        1,\r\n      \"osDiskSizeInMB\": 1047552,\r\n      \"resourceDiskSizeInMB\":
        16384,\r\n      \"memoryInMB\": 2048,\r\n      \"maxDataDiskCount\": 4\r\n
        \   },\r\n    {\r\n      \"name\": \"Standard_F2\",\r\n      \"numberOfCores\":
        2,\r\n      \"osDiskSizeInMB\": 1047552,\r\n      \"resourceDiskSizeInMB\":
        32768,\r\n      \"memoryInMB\": 4096,\r\n      \"maxDataDiskCount\": 8\r\n
        \   },\r\n    {\r\n      \"name\": \"Standard_F4\",\r\n      \"numberOfCores\":
        4,\r\n      \"osDiskSizeInMB\": 1047552,\r\n      \"resourceDiskSizeInMB\":
        65536,\r\n      \"memoryInMB\": 8192,\r\n      \"maxDataDiskCount\": 16\r\n
        \   },\r\n    {\r\n      \"name\": \"Standard_F8\",\r\n      \"numberOfCores\":
        8,\r\n      \"osDiskSizeInMB\": 1047552,\r\n      \"resourceDiskSizeInMB\":
        131072,\r\n      \"memoryInMB\": 16384,\r\n      \"maxDataDiskCount\": 32\r\n
        \   },\r\n    {\r\n      \"name\": \"Standard_F16\",\r\n      \"numberOfCores\":
        16,\r\n      \"osDiskSizeInMB\": 1047552,\r\n      \"resourceDiskSizeInMB\":
        262144,\r\n      \"memoryInMB\": 32768,\r\n      \"maxDataDiskCount\": 64\r\n
        \   },\r\n    {\r\n      \"name\": \"Standard_DS1_v2\",\r\n      \"numberOfCores\":
        1,\r\n      \"osDiskSizeInMB\": 1047552,\r\n      \"resourceDiskSizeInMB\":
        7168,\r\n      \"memoryInMB\": 3584,\r\n      \"maxDataDiskCount\": 4\r\n
        \   },\r\n    {\r\n      \"name\": \"Standard_DS2_v2\",\r\n      \"numberOfCores\":
        2,\r\n      \"osDiskSizeInMB\": 1047552,\r\n      \"resourceDiskSizeInMB\":
        14336,\r\n      \"memoryInMB\": 7168,\r\n      \"maxDataDiskCount\": 8\r\n
        \   },\r\n    {\r\n      \"name\": \"Standard_DS3_v2\",\r\n      \"numberOfCores\":
        4,\r\n      \"osDiskSizeInMB\": 1047552,\r\n      \"resourceDiskSizeInMB\":
        28672,\r\n      \"memoryInMB\": 14336,\r\n      \"maxDataDiskCount\": 16\r\n
        \   },\r\n    {\r\n      \"name\": \"Standard_DS4_v2\",\r\n      \"numberOfCores\":
        8,\r\n      \"osDiskSizeInMB\": 1047552,\r\n      \"resourceDiskSizeInMB\":
        57344,\r\n      \"memoryInMB\": 28672,\r\n      \"maxDataDiskCount\": 32\r\n
        \   },\r\n    {\r\n      \"name\": \"Standard_DS5_v2\",\r\n      \"numberOfCores\":
        16,\r\n      \"osDiskSizeInMB\": 1047552,\r\n      \"resourceDiskSizeInMB\":
        114688,\r\n      \"memoryInMB\": 57344,\r\n      \"maxDataDiskCount\": 64\r\n
        \   },\r\n    {\r\n      \"name\": \"Standard_DS11-1_v2\",\r\n      \"numberOfCores\":
        2,\r\n      \"osDiskSizeInMB\": 1047552,\r\n      \"resourceDiskSizeInMB\":
        28672,\r\n      \"memoryInMB\": 14336,\r\n      \"maxDataDiskCount\": 8\r\n
        \   },\r\n    {\r\n      \"name\": \"Standard_DS11_v2\",\r\n      \"numberOfCores\":
        2,\r\n      \"osDiskSizeInMB\": 1047552,\r\n      \"resourceDiskSizeInMB\":
        28672,\r\n      \"memoryInMB\": 14336,\r\n      \"maxDataDiskCount\": 8\r\n
        \   },\r\n    {\r\n      \"name\": \"Standard_DS12-1_v2\",\r\n      \"numberOfCores\":
        4,\r\n      \"osDiskSizeInMB\": 1047552,\r\n      \"resourceDiskSizeInMB\":
        57344,\r\n      \"memoryInMB\": 28672,\r\n      \"maxDataDiskCount\": 16\r\n
        \   },\r\n    {\r\n      \"name\": \"Standard_DS12-2_v2\",\r\n      \"numberOfCores\":
        4,\r\n      \"osDiskSizeInMB\": 1047552,\r\n      \"resourceDiskSizeInMB\":
        57344,\r\n      \"memoryInMB\": 28672,\r\n      \"maxDataDiskCount\": 16\r\n
        \   },\r\n    {\r\n      \"name\": \"Standard_DS12_v2\",\r\n      \"numberOfCores\":
        4,\r\n      \"osDiskSizeInMB\": 1047552,\r\n      \"resourceDiskSizeInMB\":
        57344,\r\n      \"memoryInMB\": 28672,\r\n      \"maxDataDiskCount\": 16\r\n
        \   },\r\n    {\r\n      \"name\": \"Standard_DS13-2_v2\",\r\n      \"numberOfCores\":
        8,\r\n      \"osDiskSizeInMB\": 1047552,\r\n      \"resourceDiskSizeInMB\":
        114688,\r\n      \"memoryInMB\": 57344,\r\n      \"maxDataDiskCount\": 32\r\n
        \   },\r\n    {\r\n      \"name\": \"Standard_DS13-4_v2\",\r\n      \"numberOfCores\":
        8,\r\n      \"osDiskSizeInMB\": 1047552,\r\n      \"resourceDiskSizeInMB\":
        114688,\r\n      \"memoryInMB\": 57344,\r\n      \"maxDataDiskCount\": 32\r\n
        \   },\r\n    {\r\n      \"name\": \"Standard_DS13_v2\",\r\n      \"numberOfCores\":
        8,\r\n      \"osDiskSizeInMB\": 1047552,\r\n      \"resourceDiskSizeInMB\":
        114688,\r\n      \"memoryInMB\": 57344,\r\n      \"maxDataDiskCount\": 32\r\n
        \   },\r\n    {\r\n      \"name\": \"Standard_DS14-4_v2\",\r\n      \"numberOfCores\":
        16,\r\n      \"osDiskSizeInMB\": 1047552,\r\n      \"resourceDiskSizeInMB\":
        229376,\r\n      \"memoryInMB\": 114688,\r\n      \"maxDataDiskCount\": 64\r\n
        \   },\r\n    {\r\n      \"name\": \"Standard_DS14-8_v2\",\r\n      \"numberOfCores\":
        16,\r\n      \"osDiskSizeInMB\": 1047552,\r\n      \"resourceDiskSizeInMB\":
        229376,\r\n      \"memoryInMB\": 114688,\r\n      \"maxDataDiskCount\": 64\r\n
        \   },\r\n    {\r\n      \"name\": \"Standard_DS14_v2\",\r\n      \"numberOfCores\":
        16,\r\n      \"osDiskSizeInMB\": 1047552,\r\n      \"resourceDiskSizeInMB\":
        229376,\r\n      \"memoryInMB\": 114688,\r\n      \"maxDataDiskCount\": 64\r\n
        \   },\r\n    {\r\n      \"name\": \"Standard_DS15_v2\",\r\n      \"numberOfCores\":
        20,\r\n      \"osDiskSizeInMB\": 1047552,\r\n      \"resourceDiskSizeInMB\":
        286720,\r\n      \"memoryInMB\": 143360,\r\n      \"maxDataDiskCount\": 64\r\n
        \   },\r\n    {\r\n      \"name\": \"Standard_DS2_v2_Promo\",\r\n      \"numberOfCores\":
        2,\r\n      \"osDiskSizeInMB\": 1047552,\r\n      \"resourceDiskSizeInMB\":
        14336,\r\n      \"memoryInMB\": 7168,\r\n      \"maxDataDiskCount\": 8\r\n
        \   },\r\n    {\r\n      \"name\": \"Standard_DS3_v2_Promo\",\r\n      \"numberOfCores\":
        4,\r\n      \"osDiskSizeInMB\": 1047552,\r\n      \"resourceDiskSizeInMB\":
        28672,\r\n      \"memoryInMB\": 14336,\r\n      \"maxDataDiskCount\": 16\r\n
        \   },\r\n    {\r\n      \"name\": \"Standard_DS4_v2_Promo\",\r\n      \"numberOfCores\":
        8,\r\n      \"osDiskSizeInMB\": 1047552,\r\n      \"resourceDiskSizeInMB\":
        57344,\r\n      \"memoryInMB\": 28672,\r\n      \"maxDataDiskCount\": 32\r\n
        \   },\r\n    {\r\n      \"name\": \"Standard_DS5_v2_Promo\",\r\n      \"numberOfCores\":
        16,\r\n      \"osDiskSizeInMB\": 1047552,\r\n      \"resourceDiskSizeInMB\":
        114688,\r\n      \"memoryInMB\": 57344,\r\n      \"maxDataDiskCount\": 64\r\n
        \   },\r\n    {\r\n      \"name\": \"Standard_DS11_v2_Promo\",\r\n      \"numberOfCores\":
        2,\r\n      \"osDiskSizeInMB\": 1047552,\r\n      \"resourceDiskSizeInMB\":
        28672,\r\n      \"memoryInMB\": 14336,\r\n      \"maxDataDiskCount\": 8\r\n
        \   },\r\n    {\r\n      \"name\": \"Standard_DS12_v2_Promo\",\r\n      \"numberOfCores\":
        4,\r\n      \"osDiskSizeInMB\": 1047552,\r\n      \"resourceDiskSizeInMB\":
        57344,\r\n      \"memoryInMB\": 28672,\r\n      \"maxDataDiskCount\": 16\r\n
        \   },\r\n    {\r\n      \"name\": \"Standard_DS13_v2_Promo\",\r\n      \"numberOfCores\":
        8,\r\n      \"osDiskSizeInMB\": 1047552,\r\n      \"resourceDiskSizeInMB\":
        114688,\r\n      \"memoryInMB\": 57344,\r\n      \"maxDataDiskCount\": 32\r\n
        \   },\r\n    {\r\n      \"name\": \"Standard_DS14_v2_Promo\",\r\n      \"numberOfCores\":
        16,\r\n      \"osDiskSizeInMB\": 1047552,\r\n      \"resourceDiskSizeInMB\":
        229376,\r\n      \"memoryInMB\": 114688,\r\n      \"maxDataDiskCount\": 64\r\n
        \   },\r\n    {\r\n      \"name\": \"Standard_F1s\",\r\n      \"numberOfCores\":
        1,\r\n      \"osDiskSizeInMB\": 1047552,\r\n      \"resourceDiskSizeInMB\":
        4096,\r\n      \"memoryInMB\": 2048,\r\n      \"maxDataDiskCount\": 4\r\n
        \   },\r\n    {\r\n      \"name\": \"Standard_F2s\",\r\n      \"numberOfCores\":
        2,\r\n      \"osDiskSizeInMB\": 1047552,\r\n      \"resourceDiskSizeInMB\":
        8192,\r\n      \"memoryInMB\": 4096,\r\n      \"maxDataDiskCount\": 8\r\n
        \   },\r\n    {\r\n      \"name\": \"Standard_F4s\",\r\n      \"numberOfCores\":
        4,\r\n      \"osDiskSizeInMB\": 1047552,\r\n      \"resourceDiskSizeInMB\":
        16384,\r\n      \"memoryInMB\": 8192,\r\n      \"maxDataDiskCount\": 16\r\n
        \   },\r\n    {\r\n      \"name\": \"Standard_F8s\",\r\n      \"numberOfCores\":
        8,\r\n      \"osDiskSizeInMB\": 1047552,\r\n      \"resourceDiskSizeInMB\":
        32768,\r\n      \"memoryInMB\": 16384,\r\n      \"maxDataDiskCount\": 32\r\n
        \   },\r\n    {\r\n      \"name\": \"Standard_F16s\",\r\n      \"numberOfCores\":
        16,\r\n      \"osDiskSizeInMB\": 1047552,\r\n      \"resourceDiskSizeInMB\":
        65536,\r\n      \"memoryInMB\": 32768,\r\n      \"maxDataDiskCount\": 64\r\n
        \   },\r\n    {\r\n      \"name\": \"Standard_A1_v2\",\r\n      \"numberOfCores\":
        1,\r\n      \"osDiskSizeInMB\": 1047552,\r\n      \"resourceDiskSizeInMB\":
        10240,\r\n      \"memoryInMB\": 2048,\r\n      \"maxDataDiskCount\": 2\r\n
        \   },\r\n    {\r\n      \"name\": \"Standard_A2m_v2\",\r\n      \"numberOfCores\":
        2,\r\n      \"osDiskSizeInMB\": 1047552,\r\n      \"resourceDiskSizeInMB\":
        20480,\r\n      \"memoryInMB\": 16384,\r\n      \"maxDataDiskCount\": 4\r\n
        \   },\r\n    {\r\n      \"name\": \"Standard_A2_v2\",\r\n      \"numberOfCores\":
        2,\r\n      \"osDiskSizeInMB\": 1047552,\r\n      \"resourceDiskSizeInMB\":
        20480,\r\n      \"memoryInMB\": 4096,\r\n      \"maxDataDiskCount\": 4\r\n
        \   },\r\n    {\r\n      \"name\": \"Standard_A4m_v2\",\r\n      \"numberOfCores\":
        4,\r\n      \"osDiskSizeInMB\": 1047552,\r\n      \"resourceDiskSizeInMB\":
        40960,\r\n      \"memoryInMB\": 32768,\r\n      \"maxDataDiskCount\": 8\r\n
        \   },\r\n    {\r\n      \"name\": \"Standard_A4_v2\",\r\n      \"numberOfCores\":
        4,\r\n      \"osDiskSizeInMB\": 1047552,\r\n      \"resourceDiskSizeInMB\":
        40960,\r\n      \"memoryInMB\": 8192,\r\n      \"maxDataDiskCount\": 8\r\n
        \   },\r\n    {\r\n      \"name\": \"Standard_A8m_v2\",\r\n      \"numberOfCores\":
        8,\r\n      \"osDiskSizeInMB\": 1047552,\r\n      \"resourceDiskSizeInMB\":
        81920,\r\n      \"memoryInMB\": 65536,\r\n      \"maxDataDiskCount\": 16\r\n
        \   },\r\n    {\r\n      \"name\": \"Standard_A8_v2\",\r\n      \"numberOfCores\":
        8,\r\n      \"osDiskSizeInMB\": 1047552,\r\n      \"resourceDiskSizeInMB\":
        81920,\r\n      \"memoryInMB\": 16384,\r\n      \"maxDataDiskCount\": 16\r\n
        \   },\r\n    {\r\n      \"name\": \"Standard_D2_v3\",\r\n      \"numberOfCores\":
        2,\r\n      \"osDiskSizeInMB\": 1047552,\r\n      \"resourceDiskSizeInMB\":
        51200,\r\n      \"memoryInMB\": 8192,\r\n      \"maxDataDiskCount\": 4\r\n
        \   },\r\n    {\r\n      \"name\": \"Standard_D4_v3\",\r\n      \"numberOfCores\":
        4,\r\n      \"osDiskSizeInMB\": 1047552,\r\n      \"resourceDiskSizeInMB\":
        102400,\r\n      \"memoryInMB\": 16384,\r\n      \"maxDataDiskCount\": 8\r\n
        \   },\r\n    {\r\n      \"name\": \"Standard_D8_v3\",\r\n      \"numberOfCores\":
        8,\r\n      \"osDiskSizeInMB\": 1047552,\r\n      \"resourceDiskSizeInMB\":
        204800,\r\n      \"memoryInMB\": 32768,\r\n      \"maxDataDiskCount\": 16\r\n
        \   },\r\n    {\r\n      \"name\": \"Standard_D16_v3\",\r\n      \"numberOfCores\":
        16,\r\n      \"osDiskSizeInMB\": 1047552,\r\n      \"resourceDiskSizeInMB\":
        409600,\r\n      \"memoryInMB\": 65636,\r\n      \"maxDataDiskCount\": 32\r\n
        \   },\r\n    {\r\n      \"name\": \"Standard_D32_v3\",\r\n      \"numberOfCores\":
        32,\r\n      \"osDiskSizeInMB\": 1047552,\r\n      \"resourceDiskSizeInMB\":
        819200,\r\n      \"memoryInMB\": 131072,\r\n      \"maxDataDiskCount\": 32\r\n
        \   },\r\n    {\r\n      \"name\": \"Standard_D2s_v3\",\r\n      \"numberOfCores\":
        2,\r\n      \"osDiskSizeInMB\": 1047552,\r\n      \"resourceDiskSizeInMB\":
        16384,\r\n      \"memoryInMB\": 8192,\r\n      \"maxDataDiskCount\": 4\r\n
        \   },\r\n    {\r\n      \"name\": \"Standard_D4s_v3\",\r\n      \"numberOfCores\":
        4,\r\n      \"osDiskSizeInMB\": 1047552,\r\n      \"resourceDiskSizeInMB\":
        32768,\r\n      \"memoryInMB\": 16384,\r\n      \"maxDataDiskCount\": 8\r\n
        \   },\r\n    {\r\n      \"name\": \"Standard_D8s_v3\",\r\n      \"numberOfCores\":
        8,\r\n      \"osDiskSizeInMB\": 1047552,\r\n      \"resourceDiskSizeInMB\":
        65536,\r\n      \"memoryInMB\": 32768,\r\n      \"maxDataDiskCount\": 16\r\n
        \   },\r\n    {\r\n      \"name\": \"Standard_D16s_v3\",\r\n      \"numberOfCores\":
        16,\r\n      \"osDiskSizeInMB\": 1047552,\r\n      \"resourceDiskSizeInMB\":
        131072,\r\n      \"memoryInMB\": 65536,\r\n      \"maxDataDiskCount\": 32\r\n
        \   },\r\n    {\r\n      \"name\": \"Standard_D32s_v3\",\r\n      \"numberOfCores\":
        32,\r\n      \"osDiskSizeInMB\": 1047552,\r\n      \"resourceDiskSizeInMB\":
        262144,\r\n      \"memoryInMB\": 131072,\r\n      \"maxDataDiskCount\": 32\r\n
        \   }\r\n  ]\r\n}"}
    headers:
      cache-control: [no-cache]
      content-length: ['18350']
      content-type: [application/json; charset=utf-8]
      date: ['Sat, 14 Jul 2018 23:35:38 GMT']
      expires: ['-1']
      pragma: [no-cache]
      server: [Microsoft-HTTPAPI/2.0, Microsoft-HTTPAPI/2.0]
      strict-transport-security: [max-age=31536000; includeSubDomains]
      transfer-encoding: [chunked]
      vary: [Accept-Encoding]
      x-content-type-options: [nosniff]
      x-ms-ratelimit-remaining-resource: ['Microsoft.Compute/LowCostGet3Min;4191,Microsoft.Compute/LowCostGet30Min;33552']
    status: {code: 200, message: OK}
- request:
    body: null
    headers:
      Accept: [application/json]
      Accept-Encoding: ['gzip, deflate']
      CommandName: [vm list-ip-addresses]
      Connection: [keep-alive]
      Content-Type: [application/json; charset=utf-8]
      User-Agent: [python/3.5.4 (Windows-10-10.0.17134-SP0) requests/2.19.1 msrest/0.5.1
          msrest_azure/0.4.34 networkmanagementclient/2.0.0rc3 Azure-SDK-For-Python
          AZURECLI/2.0.43]
      accept-language: [en-US]
    method: GET
    uri: https://management.azure.com/subscriptions/00000000-0000-0000-0000-000000000000/providers/Microsoft.Network/publicIPAddresses?api-version=2018-02-01
  response:
    body: {string: '{"value":[{"name":"vm-with-public-ipPublicIP","id":"/subscriptions/00000000-0000-0000-0000-000000000000/resourceGroups/cli_test_vm_list_ip000001/providers/Microsoft.Network/publicIPAddresses/vm-with-public-ipPublicIP","etag":"W/\"7d6530f3-6126-4c59-93b8-e4b5b7d9c3e0\"","location":"westus","tags":{},"properties":{"provisioningState":"Succeeded","resourceGuid":"4a1fe274-0471-4aad-95a3-7c17aea8476e","ipAddress":"104.42.114.26","publicIPAddressVersion":"IPv4","publicIPAllocationMethod":"Dynamic","idleTimeoutInMinutes":4,"ipTags":[],"ipConfiguration":{"id":"/subscriptions/00000000-0000-0000-0000-000000000000/resourceGroups/cli_test_vm_list_ip000001/providers/Microsoft.Network/networkInterfaces/vm-with-public-ipVMNic/ipConfigurations/ipconfigvm-with-public-ip"}},"type":"Microsoft.Network/publicIPAddresses","sku":{"name":"Basic","tier":"Regional"}},{"name":"pubip1","id":"/subscriptions/00000000-0000-0000-0000-000000000000/resourceGroups/cli_test_vmss_lb_skucl77pvy2m6bog53em5xqxfdzdlxrzxbp6q5hx6s7hkuzrw4tb7eibh5/providers/Microsoft.Network/publicIPAddresses/pubip1","etag":"W/\"ad1bf9a7-5a3f-41a6-b5bc-522ba8c99fad\"","location":"eastus2","tags":{},"properties":{"provisioningState":"Succeeded","resourceGuid":"1864b079-7e0d-4187-a1a1-fcd01b00063a","ipAddress":"20.36.252.87","publicIPAddressVersion":"IPv4","publicIPAllocationMethod":"Static","idleTimeoutInMinutes":4,"ipTags":[],"ipConfiguration":{"id":"/subscriptions/00000000-0000-0000-0000-000000000000/resourceGroups/cli_test_vmss_lb_skucl77pvy2m6bog53em5xqxfdzdlxrzxbp6q5hx6s7hkuzrw4tb7eibh5/providers/Microsoft.Network/loadBalancers/lb1/frontendIPConfigurations/loadBalancerFrontEnd"}},"type":"Microsoft.Network/publicIPAddresses","sku":{"name":"Standard","tier":"Regional"}},{"name":"vmss0LBPublicIP","id":"/subscriptions/00000000-0000-0000-0000-000000000000/resourceGroups/cli_test_vmss_lb_skucl77pvy2m6bog53em5xqxfdzdlxrzxbp6q5hx6s7hkuzrw4tb7eibh5/providers/Microsoft.Network/publicIPAddresses/vmss0LBPublicIP","etag":"W/\"a9e771ac-5967-46f4-98b1-ad9db45f8b41\"","location":"eastus2","tags":{},"properties":{"provisioningState":"Succeeded","resourceGuid":"2925f645-ac37-4a48-b3e7-f54a0341783c","publicIPAddressVersion":"IPv4","publicIPAllocationMethod":"Dynamic","idleTimeoutInMinutes":4,"ipTags":[],"ipConfiguration":{"id":"/subscriptions/00000000-0000-0000-0000-000000000000/resourceGroups/cli_test_vmss_lb_skucl77pvy2m6bog53em5xqxfdzdlxrzxbp6q5hx6s7hkuzrw4tb7eibh5/providers/Microsoft.Network/loadBalancers/vmss0LB/frontendIPConfigurations/loadBalancerFrontEnd"}},"type":"Microsoft.Network/publicIPAddresses","sku":{"name":"Basic","tier":"Regional"}},{"name":"mccancel01-ip","id":"/subscriptions/00000000-0000-0000-0000-000000000000/resourceGroups/mccancel01/providers/Microsoft.Network/publicIPAddresses/mccancel01-ip","etag":"W/\"5d8c8998-53dc-4932-bc71-6fe796148955\"","location":"westcentralus","properties":{"provisioningState":"Succeeded","resourceGuid":"d75f913a-3a68-443b-bf46-0cf8c0b0dca1","ipAddress":"13.78.143.136","publicIPAddressVersion":"IPv4","publicIPAllocationMethod":"Dynamic","idleTimeoutInMinutes":4,"dnsSettings":{"domainNameLabel":"mccancel01","fqdn":"mccancel01.westcentralus.cloudapp.azure.com"},"ipTags":[],"ipConfiguration":{"id":"/subscriptions/00000000-0000-0000-0000-000000000000/resourceGroups/mccancel01/providers/Microsoft.Network/networkInterfaces/mccancel01548/ipConfigurations/ipconfig1"}},"type":"Microsoft.Network/publicIPAddresses","sku":{"name":"Basic","tier":"Regional"}},{"name":"sr1PublicIP","id":"/subscriptions/00000000-0000-0000-0000-000000000000/resourceGroups/sr/providers/Microsoft.Network/publicIPAddresses/sr1PublicIP","etag":"W/\"2dd6e404-2ed5-45df-ac05-3c3a64554d0d\"","location":"westcentralus","tags":{},"properties":{"provisioningState":"Succeeded","resourceGuid":"873795a9-cd54-464a-bdd2-768a62c1838a","ipAddress":"52.161.157.131","publicIPAddressVersion":"IPv4","publicIPAllocationMethod":"Dynamic","idleTimeoutInMinutes":4,"ipTags":[],"ipConfiguration":{"id":"/subscriptions/00000000-0000-0000-0000-000000000000/resourceGroups/sr/providers/Microsoft.Network/networkInterfaces/sr1VMNic/ipConfigurations/ipconfigsr1"}},"type":"Microsoft.Network/publicIPAddresses","sku":{"name":"Basic","tier":"Regional"}},{"name":"e2e-1LBPublicIP","id":"/subscriptions/00000000-0000-0000-0000-000000000000/resourceGroups/e2e/providers/Microsoft.Network/publicIPAddresses/e2e-1LBPublicIP","etag":"W/\"00c142b2-1985-4efb-8941-48f6fb7e4bef\"","location":"centraluseuap","tags":{},"properties":{"provisioningState":"Succeeded","resourceGuid":"e53697f9-7047-4dd4-9cd5-4d425fa36045","ipAddress":"52.180.163.175","publicIPAddressVersion":"IPv4","publicIPAllocationMethod":"Dynamic","idleTimeoutInMinutes":4,"ipTags":[],"ipConfiguration":{"id":"/subscriptions/00000000-0000-0000-0000-000000000000/resourceGroups/e2e/providers/Microsoft.Network/loadBalancers/e2e-1LB/frontendIPConfigurations/loadBalancerFrontEnd"}},"type":"Microsoft.Network/publicIPAddresses","sku":{"name":"Basic","tier":"Regional"}}]}'}
    headers:
      cache-control: [no-cache]
      content-length: ['5108']
      content-type: [application/json; charset=utf-8]
      date: ['Sat, 14 Jul 2018 23:35:40 GMT']
      expires: ['-1']
      pragma: [no-cache]
      strict-transport-security: [max-age=31536000; includeSubDomains]
      vary: [Accept-Encoding]
      x-content-type-options: [nosniff]
      x-ms-original-request-ids: [1f3d95ba-aa37-4efa-9b2a-9365a2f12262, 96c6d55e-7b41-48f2-85a0-49cefebf5abb,
        fde4a299-873a-42fc-b09b-c31fb0b1b4f7, 26f5d87f-423c-42c2-b362-7ca9f0358100]
    status: {code: 200, message: OK}
- request:
    body: null
    headers:
      Accept: [application/json]
      Accept-Encoding: ['gzip, deflate']
      CommandName: [vm list-ip-addresses]
      Connection: [keep-alive]
      Content-Type: [application/json; charset=utf-8]
      User-Agent: [python/3.5.4 (Windows-10-10.0.17134-SP0) requests/2.19.1 msrest/0.5.1
          msrest_azure/0.4.34 networkmanagementclient/2.0.0rc3 Azure-SDK-For-Python
          AZURECLI/2.0.43]
      accept-language: [en-US]
    method: GET
    uri: https://management.azure.com/subscriptions/00000000-0000-0000-0000-000000000000/providers/Microsoft.Network/networkInterfaces?api-version=2018-02-01
  response:
    body: {string: '{"value":[{"name":"vm-with-public-ipVMNic","id":"/subscriptions/00000000-0000-0000-0000-000000000000/resourceGroups/cli_test_vm_list_ip000001/providers/Microsoft.Network/networkInterfaces/vm-with-public-ipVMNic","etag":"W/\"8f2b0c89-ea3a-4d98-a7dc-7a78d7245da9\"","location":"westus","tags":{},"properties":{"provisioningState":"Succeeded","resourceGuid":"6361df79-9efc-4469-8a69-bf0de9f6b538","ipConfigurations":[{"name":"ipconfigvm-with-public-ip","id":"/subscriptions/00000000-0000-0000-0000-000000000000/resourceGroups/cli_test_vm_list_ip000001/providers/Microsoft.Network/networkInterfaces/vm-with-public-ipVMNic/ipConfigurations/ipconfigvm-with-public-ip","etag":"W/\"8f2b0c89-ea3a-4d98-a7dc-7a78d7245da9\"","properties":{"provisioningState":"Succeeded","privateIPAddress":"10.0.0.4","privateIPAllocationMethod":"Dynamic","publicIPAddress":{"id":"/subscriptions/00000000-0000-0000-0000-000000000000/resourceGroups/cli_test_vm_list_ip000001/providers/Microsoft.Network/publicIPAddresses/vm-with-public-ipPublicIP"},"subnet":{"id":"/subscriptions/00000000-0000-0000-0000-000000000000/resourceGroups/cli_test_vm_list_ip000001/providers/Microsoft.Network/virtualNetworks/vm-with-public-ipVNET/subnets/vm-with-public-ipSubnet"},"primary":true,"privateIPAddressVersion":"IPv4","isInUseWithService":false}}],"dnsSettings":{"dnsServers":[],"appliedDnsServers":[],"internalDomainNameSuffix":"b3btplov2f1u1c11gtscijxrjc.dx.internal.cloudapp.net"},"macAddress":"00-0D-3A-37-33-CF","enableAcceleratedNetworking":false,"enableIPForwarding":false,"networkSecurityGroup":{"id":"/subscriptions/00000000-0000-0000-0000-000000000000/resourceGroups/cli_test_vm_list_ip000001/providers/Microsoft.Network/networkSecurityGroups/vm-with-public-ipNSG"},"primary":true,"virtualMachine":{"id":"/subscriptions/00000000-0000-0000-0000-000000000000/resourceGroups/cli_test_vm_list_ip000001/providers/Microsoft.Compute/virtualMachines/vm-with-public-ip"},"virtualNetworkTapProvisioningState":"NotProvisioned"},"type":"Microsoft.Network/networkInterfaces"},{"name":"nic198293c4c4f","id":"/subscriptions/00000000-0000-0000-0000-000000000000/resourceGroups/rg605582365a/providers/Microsoft.Network/networkInterfaces/nic198293c4c4f","etag":"W/\"e074bc24-574d-4375-9ad2-714c06ba22f1\"","location":"eastus","tags":{},"properties":{"provisioningState":"Succeeded","resourceGuid":"9211d87c-d012-41f3-84bc-d0218aad7824","ipConfigurations":[{"name":"primary","id":"/subscriptions/00000000-0000-0000-0000-000000000000/resourceGroups/rg605582365a/providers/Microsoft.Network/networkInterfaces/nic198293c4c4f/ipConfigurations/primary","etag":"W/\"e074bc24-574d-4375-9ad2-714c06ba22f1\"","properties":{"provisioningState":"Succeeded","privateIPAddress":"10.0.0.4","privateIPAllocationMethod":"Dynamic","subnet":{"id":"/subscriptions/00000000-0000-0000-0000-000000000000/resourceGroups/rg605582365a/providers/Microsoft.Network/virtualNetworks/nete9082831d8/subnets/subnet1"},"primary":true,"privateIPAddressVersion":"IPv4","isInUseWithService":false}}],"dnsSettings":{"dnsServers":[],"appliedDnsServers":[],"internalDomainNameSuffix":"5cwtb23sln2ejhd5veealzealg.bx.internal.cloudapp.net"},"macAddress":"00-0D-3A-18-0A-B8","enableAcceleratedNetworking":false,"enableIPForwarding":false,"primary":true,"virtualMachine":{"id":"/subscriptions/00000000-0000-0000-0000-000000000000/resourceGroups/rg605582365a/providers/Microsoft.Compute/virtualMachines/vmf494835888"},"virtualNetworkTapProvisioningState":"NotProvisioned"},"type":"Microsoft.Network/networkInterfaces"},{"name":"mccancel01548","id":"/subscriptions/00000000-0000-0000-0000-000000000000/resourceGroups/mccancel01/providers/Microsoft.Network/networkInterfaces/mccancel01548","etag":"W/\"be882c41-bda0-4fa0-83e3-79a450d45b06\"","location":"westcentralus","properties":{"provisioningState":"Succeeded","resourceGuid":"3ae81e53-fb6a-4c6f-a03e-c782303a309d","ipConfigurations":[{"name":"ipconfig1","id":"/subscriptions/00000000-0000-0000-0000-000000000000/resourceGroups/mccancel01/providers/Microsoft.Network/networkInterfaces/mccancel01548/ipConfigurations/ipconfig1","etag":"W/\"be882c41-bda0-4fa0-83e3-79a450d45b06\"","properties":{"provisioningState":"Succeeded","privateIPAddress":"172.18.0.4","privateIPAllocationMethod":"Dynamic","publicIPAddress":{"id":"/subscriptions/00000000-0000-0000-0000-000000000000/resourceGroups/mccancel01/providers/Microsoft.Network/publicIPAddresses/mccancel01-ip"},"subnet":{"id":"/subscriptions/00000000-0000-0000-0000-000000000000/resourceGroups/mccancel01/providers/Microsoft.Network/virtualNetworks/mccancel01-vnet/subnets/default"},"primary":true,"privateIPAddressVersion":"IPv4","isInUseWithService":false}}],"dnsSettings":{"dnsServers":[],"appliedDnsServers":[],"internalDomainNameSuffix":"fhowjzxjz3qefpncp3mwivbkna.yx.internal.cloudapp.net"},"macAddress":"00-0D-3A-F8-DE-C2","enableAcceleratedNetworking":false,"enableIPForwarding":false,"networkSecurityGroup":{"id":"/subscriptions/00000000-0000-0000-0000-000000000000/resourceGroups/mccancel01/providers/Microsoft.Network/networkSecurityGroups/mccancel01-nsg"},"primary":true,"virtualMachine":{"id":"/subscriptions/00000000-0000-0000-0000-000000000000/resourceGroups/mccancel01/providers/Microsoft.Compute/virtualMachines/mccancel01"},"virtualNetworkTapProvisioningState":"NotProvisioned"},"type":"Microsoft.Network/networkInterfaces"},{"name":"sr1VMNic","id":"/subscriptions/00000000-0000-0000-0000-000000000000/resourceGroups/sr/providers/Microsoft.Network/networkInterfaces/sr1VMNic","etag":"W/\"fd59ea9f-caf6-4162-a358-3c81b2536598\"","location":"westcentralus","tags":{},"properties":{"provisioningState":"Succeeded","resourceGuid":"59e790db-4ea7-498a-bbbe-05df6fae2a5a","ipConfigurations":[{"name":"ipconfigsr1","id":"/subscriptions/00000000-0000-0000-0000-000000000000/resourceGroups/sr/providers/Microsoft.Network/networkInterfaces/sr1VMNic/ipConfigurations/ipconfigsr1","etag":"W/\"fd59ea9f-caf6-4162-a358-3c81b2536598\"","properties":{"provisioningState":"Succeeded","privateIPAddress":"10.0.0.4","privateIPAllocationMethod":"Dynamic","publicIPAddress":{"id":"/subscriptions/00000000-0000-0000-0000-000000000000/resourceGroups/sr/providers/Microsoft.Network/publicIPAddresses/sr1PublicIP"},"subnet":{"id":"/subscriptions/00000000-0000-0000-0000-000000000000/resourceGroups/sr/providers/Microsoft.Network/virtualNetworks/sr1VNET/subnets/sr1Subnet"},"primary":true,"privateIPAddressVersion":"IPv4","isInUseWithService":false}}],"dnsSettings":{"dnsServers":[],"appliedDnsServers":[],"internalDomainNameSuffix":"12kd0paxznguvh1bwsrdjwdmog.yx.internal.cloudapp.net"},"macAddress":"00-0D-3A-F8-00-7C","enableAcceleratedNetworking":false,"enableIPForwarding":false,"networkSecurityGroup":{"id":"/subscriptions/00000000-0000-0000-0000-000000000000/resourceGroups/sr/providers/Microsoft.Network/networkSecurityGroups/sr1NSG"},"primary":true,"virtualMachine":{"id":"/subscriptions/00000000-0000-0000-0000-000000000000/resourceGroups/sr/providers/Microsoft.Compute/virtualMachines/sr1"},"virtualNetworkTapProvisioningState":"NotProvisioned"},"type":"Microsoft.Network/networkInterfaces"}]}'}
    headers:
      cache-control: [no-cache]
      content-length: ['7402']
      content-type: [application/json; charset=utf-8]
      date: ['Sat, 14 Jul 2018 23:35:40 GMT']
      expires: ['-1']
      pragma: [no-cache]
      strict-transport-security: [max-age=31536000; includeSubDomains]
      vary: [Accept-Encoding]
      x-content-type-options: [nosniff]
      x-ms-original-request-ids: [69495956-0a9c-4c5a-ae40-550e56d1d08d, 7af945e8-e600-40c4-925a-a7bc857be5ee,
        a8680abe-5ce5-40f7-bf93-dc841e697a3b]
    status: {code: 200, message: OK}
- request:
    body: null
    headers:
      Accept: [application/json]
      Accept-Encoding: ['gzip, deflate']
      CommandName: [group delete]
      Connection: [keep-alive]
      Content-Length: ['0']
      Content-Type: [application/json; charset=utf-8]
      User-Agent: [python/3.5.4 (Windows-10-10.0.17134-SP0) requests/2.19.1 msrest/0.5.1
          msrest_azure/0.4.34 resourcemanagementclient/2.0.0rc3 Azure-SDK-For-Python
          AZURECLI/2.0.43]
      accept-language: [en-US]
    method: DELETE
    uri: https://management.azure.com/subscriptions/00000000-0000-0000-0000-000000000000/resourcegroups/cli_test_vm_list_ip000001?api-version=2018-05-01
  response:
    body: {string: ''}
    headers:
      cache-control: [no-cache]
      content-length: ['0']
      date: ['Sat, 14 Jul 2018 23:35:43 GMT']
      expires: ['-1']
      location: ['https://management.azure.com/subscriptions/00000000-0000-0000-0000-000000000000/operationresults/eyJqb2JJZCI6IlJFU09VUkNFR1JPVVBERUxFVElPTkpPQi1DTEk6NUZURVNUOjVGVk06NUZMSVNUOjVGSVBIRUFGNjdUSVU2R0oyQTdZU0NBQnw2QzMzMUQ4RkM1RTg0Q0QxLVdFU1RVUyIsImpvYkxvY2F0aW9uIjoid2VzdHVzIn0?api-version=2018-05-01']
      pragma: [no-cache]
      strict-transport-security: [max-age=31536000; includeSubDomains]
      x-content-type-options: [nosniff]
      x-ms-ratelimit-remaining-subscription-deletes: ['14999']
    status: {code: 202, message: Accepted}
version: 1
