interactions:
- request:
    body: '{"location": "westcentralus", "tags": {"product": "azurecli", "cause":
      "automation", "date": "2018-12-13T02:55:51Z"}}'
    headers:
      Accept: [application/json]
      Accept-Encoding: ['gzip, deflate']
      CommandName: [group create]
      Connection: [keep-alive]
      Content-Length: ['117']
      Content-Type: [application/json; charset=utf-8]
      ParameterSetName: [--location --name --tag]
      User-Agent: [python/3.6.5 (Darwin-18.0.0-x86_64-i386-64bit) msrest/0.6.0 msrest_azure/0.4.34
          resourcemanagementclient/2.0.0 Azure-SDK-For-Python AZURECLI/2.0.52]
      accept-language: [en-US]
    method: PUT
    uri: https://management.azure.com/subscriptions/00000000-0000-0000-0000-000000000000/resourcegroups/clitest.rg000001?api-version=2018-05-01
  response:
    body: {string: '{"id":"/subscriptions/00000000-0000-0000-0000-000000000000/resourceGroups/clitest.rg000001","name":"clitest.rg000001","location":"westcentralus","tags":{"product":"azurecli","cause":"automation","date":"2018-12-13T02:55:51Z"},"properties":{"provisioningState":"Succeeded"}}'}
    headers:
      cache-control: [no-cache]
      content-length: ['281']
      content-type: [application/json; charset=utf-8]
      date: ['Thu, 13 Dec 2018 02:55:52 GMT']
      expires: ['-1']
      pragma: [no-cache]
      strict-transport-security: [max-age=31536000; includeSubDomains]
      x-content-type-options: [nosniff]
      x-ms-ratelimit-remaining-subscription-writes: ['1198']
    status: {code: 201, message: Created}
- request:
    body: null
    headers:
      Accept: [application/json]
      Accept-Encoding: ['gzip, deflate']
      CommandName: [identity create]
      Connection: [keep-alive]
      Content-Type: [application/json; charset=utf-8]
      ParameterSetName: [-g -n]
      User-Agent: [python/3.6.5 (Darwin-18.0.0-x86_64-i386-64bit) msrest/0.6.0 msrest_azure/0.4.34
          resourcemanagementclient/2.0.0 Azure-SDK-For-Python AZURECLI/2.0.52]
      accept-language: [en-US]
    method: GET
    uri: https://management.azure.com/subscriptions/00000000-0000-0000-0000-000000000000/resourcegroups/clitest.rg000001?api-version=2018-05-01
  response:
    body: {string: '{"id":"/subscriptions/00000000-0000-0000-0000-000000000000/resourceGroups/clitest.rg000001","name":"clitest.rg000001","location":"westcentralus","tags":{"product":"azurecli","cause":"automation","date":"2018-12-13T02:55:51Z"},"properties":{"provisioningState":"Succeeded"}}'}
    headers:
      cache-control: [no-cache]
      content-length: ['281']
      content-type: [application/json; charset=utf-8]
      date: ['Thu, 13 Dec 2018 02:55:53 GMT']
      expires: ['-1']
      pragma: [no-cache]
      strict-transport-security: [max-age=31536000; includeSubDomains]
      vary: [Accept-Encoding]
      x-content-type-options: [nosniff]
    status: {code: 200, message: OK}
- request:
    body: '{"location": "westcentralus"}'
    headers:
      Accept: [application/json]
      Accept-Encoding: ['gzip, deflate']
      CommandName: [identity create]
      Connection: [keep-alive]
      Content-Length: ['29']
      Content-Type: [application/json; charset=utf-8]
      ParameterSetName: [-g -n]
      User-Agent: [python/3.6.5 (Darwin-18.0.0-x86_64-i386-64bit) msrest/0.6.0 msrest_azure/0.4.34
          azure-mgmt-msi/0.2.0 Azure-SDK-For-Python AZURECLI/2.0.52]
      accept-language: [en-US]
    method: PUT
    uri: https://management.azure.com/subscriptions/00000000-0000-0000-0000-000000000000/resourceGroups/clitest.rg000001/providers/Microsoft.ManagedIdentity/userAssignedIdentities/id1?api-version=2015-08-31-preview
  response:
    body: {string: '{"id":"/subscriptions/00000000-0000-0000-0000-000000000000/resourcegroups/clitest.rg000001/providers/Microsoft.ManagedIdentity/userAssignedIdentities/id1","name":"id1","type":"Microsoft.ManagedIdentity/userAssignedIdentities","location":"westcentralus","tags":{},"properties":{"tenantId":"72f988bf-86f1-41af-91ab-2d7cd011db47","principalId":"071e08c0-83ba-4f72-af5c-f52f7a8cf633","clientId":"d369019f-7892-459d-8638-40280c529764","clientSecretUrl":"https://control-westcentralus.identity.azure.net/subscriptions/00000000-0000-0000-0000-000000000000/resourcegroups/clitest.rg000001/providers/Microsoft.ManagedIdentity/userAssignedIdentities/id1/credentials?tid=72f988bf-86f1-41af-91ab-2d7cd011db47&oid=071e08c0-83ba-4f72-af5c-f52f7a8cf633&aid=d369019f-7892-459d-8638-40280c529764"}}'}
    headers:
      cache-control: [no-cache]
      content-length: ['789']
      content-type: [application/json; charset=utf-8]
      date: ['Thu, 13 Dec 2018 02:55:56 GMT']
      expires: ['-1']
      location: [/subscriptions/00000000-0000-0000-0000-000000000000/resourcegroups/clitest.rg000001/providers/Microsoft.ManagedIdentity/userAssignedIdentities/id1]
      pragma: [no-cache]
      server: [Microsoft-HTTPAPI/2.0]
      strict-transport-security: [max-age=31536000; includeSubDomains]
      x-content-type-options: [nosniff]
      x-ms-ratelimit-remaining-subscription-writes: ['1199']
    status: {code: 201, message: Created}
- request:
    body: null
    headers:
      Accept: [application/json]
      Accept-Encoding: ['gzip, deflate']
      CommandName: [identity create]
      Connection: [keep-alive]
      Content-Type: [application/json; charset=utf-8]
      ParameterSetName: [-g -n]
      User-Agent: [python/3.6.5 (Darwin-18.0.0-x86_64-i386-64bit) msrest/0.6.0 msrest_azure/0.4.34
          resourcemanagementclient/2.0.0 Azure-SDK-For-Python AZURECLI/2.0.52]
      accept-language: [en-US]
    method: GET
    uri: https://management.azure.com/subscriptions/00000000-0000-0000-0000-000000000000/resourcegroups/clitest.rg000001?api-version=2018-05-01
  response:
    body: {string: '{"id":"/subscriptions/00000000-0000-0000-0000-000000000000/resourceGroups/clitest.rg000001","name":"clitest.rg000001","location":"westcentralus","tags":{"product":"azurecli","cause":"automation","date":"2018-12-13T02:55:51Z"},"properties":{"provisioningState":"Succeeded"}}'}
    headers:
      cache-control: [no-cache]
      content-length: ['281']
      content-type: [application/json; charset=utf-8]
      date: ['Thu, 13 Dec 2018 02:55:56 GMT']
      expires: ['-1']
      pragma: [no-cache]
      strict-transport-security: [max-age=31536000; includeSubDomains]
      vary: [Accept-Encoding]
      x-content-type-options: [nosniff]
    status: {code: 200, message: OK}
- request:
    body: '{"location": "westcentralus"}'
    headers:
      Accept: [application/json]
      Accept-Encoding: ['gzip, deflate']
      CommandName: [identity create]
      Connection: [keep-alive]
      Content-Length: ['29']
      Content-Type: [application/json; charset=utf-8]
      ParameterSetName: [-g -n]
      User-Agent: [python/3.6.5 (Darwin-18.0.0-x86_64-i386-64bit) msrest/0.6.0 msrest_azure/0.4.34
          azure-mgmt-msi/0.2.0 Azure-SDK-For-Python AZURECLI/2.0.52]
      accept-language: [en-US]
    method: PUT
    uri: https://management.azure.com/subscriptions/00000000-0000-0000-0000-000000000000/resourceGroups/clitest.rg000001/providers/Microsoft.ManagedIdentity/userAssignedIdentities/id2?api-version=2015-08-31-preview
  response:
    body: {string: '{"id":"/subscriptions/00000000-0000-0000-0000-000000000000/resourcegroups/clitest.rg000001/providers/Microsoft.ManagedIdentity/userAssignedIdentities/id2","name":"id2","type":"Microsoft.ManagedIdentity/userAssignedIdentities","location":"westcentralus","tags":{},"properties":{"tenantId":"72f988bf-86f1-41af-91ab-2d7cd011db47","principalId":"6b357928-762f-4e46-9510-26c1438128b3","clientId":"2e9cd627-dc12-4580-b84e-3e25d0780509","clientSecretUrl":"https://control-westcentralus.identity.azure.net/subscriptions/00000000-0000-0000-0000-000000000000/resourcegroups/clitest.rg000001/providers/Microsoft.ManagedIdentity/userAssignedIdentities/id2/credentials?tid=72f988bf-86f1-41af-91ab-2d7cd011db47&oid=6b357928-762f-4e46-9510-26c1438128b3&aid=2e9cd627-dc12-4580-b84e-3e25d0780509"}}'}
    headers:
      cache-control: [no-cache]
      content-length: ['789']
      content-type: [application/json; charset=utf-8]
      date: ['Thu, 13 Dec 2018 02:55:58 GMT']
      expires: ['-1']
      location: [/subscriptions/00000000-0000-0000-0000-000000000000/resourcegroups/clitest.rg000001/providers/Microsoft.ManagedIdentity/userAssignedIdentities/id2]
      pragma: [no-cache]
      server: [Microsoft-HTTPAPI/2.0]
      strict-transport-security: [max-age=31536000; includeSubDomains]
      x-content-type-options: [nosniff]
      x-ms-ratelimit-remaining-subscription-writes: ['1199']
    status: {code: 201, message: Created}
- request:
    body: null
    headers:
      Accept: [application/json]
      Accept-Encoding: ['gzip, deflate']
      CommandName: [vmss create]
      Connection: [keep-alive]
      Content-Type: [application/json; charset=utf-8]
      ParameterSetName: [-g -n --image --assign-identity --role --scope --instance-count
          --generate-ssh-keys --admin-username]
      User-Agent: [python/3.6.5 (Darwin-18.0.0-x86_64-i386-64bit) msrest/0.6.0 msrest_azure/0.4.34
          resourcemanagementclient/2.0.0 Azure-SDK-For-Python AZURECLI/2.0.52]
      accept-language: [en-US]
    method: GET
    uri: https://management.azure.com/subscriptions/00000000-0000-0000-0000-000000000000/resourcegroups/clitest.rg000001?api-version=2018-05-01
  response:
    body: {string: '{"id":"/subscriptions/00000000-0000-0000-0000-000000000000/resourceGroups/clitest.rg000001","name":"clitest.rg000001","location":"westcentralus","tags":{"product":"azurecli","cause":"automation","date":"2018-12-13T02:55:51Z"},"properties":{"provisioningState":"Succeeded"}}'}
    headers:
      cache-control: [no-cache]
      content-length: ['281']
      content-type: [application/json; charset=utf-8]
      date: ['Thu, 13 Dec 2018 02:55:59 GMT']
      expires: ['-1']
      pragma: [no-cache]
      strict-transport-security: [max-age=31536000; includeSubDomains]
      vary: [Accept-Encoding]
      x-content-type-options: [nosniff]
    status: {code: 200, message: OK}
- request:
    body: null
    headers:
      Accept: ['*/*']
      Accept-Encoding: ['gzip, deflate']
      Connection: [keep-alive]
      User-Agent: [python-requests/2.20.1]
    method: GET
    uri: https://raw.githubusercontent.com/Azure/azure-rest-api-specs/master/arm-compute/quickstart-templates/aliases.json
  response:
    body: {string: "{\n  \"$schema\":\"http://schema.management.azure.com/schemas/2015-01-01/deploymentTemplate.json\"\
        ,\n  \"contentVersion\":\"1.0.0.0\",\n  \"parameters\":{},\n  \"variables\"\
        :{},\n  \"resources\":[],\n\n  \"outputs\":{\n    \"aliases\":{\n      \"\
        type\":\"object\",\n      \"value\":{\n\n        \"Linux\":{\n          \"\
        CentOS\":{\n            \"publisher\":\"OpenLogic\",\n            \"offer\"\
        :\"CentOS\",\n            \"sku\":\"7.5\",\n            \"version\":\"latest\"\
        \n          },\n          \"CoreOS\":{\n            \"publisher\":\"CoreOS\"\
        ,\n            \"offer\":\"CoreOS\",\n            \"sku\":\"Stable\",\n  \
        \          \"version\":\"latest\"\n          },\n          \"Debian\":{\n\
        \            \"publisher\":\"credativ\",\n            \"offer\":\"Debian\"\
        ,\n            \"sku\":\"8\",\n            \"version\":\"latest\"\n      \
        \    },\n          \"openSUSE-Leap\": {\n            \"publisher\":\"SUSE\"\
        ,\n            \"offer\":\"openSUSE-Leap\",\n            \"sku\":\"42.3\"\
        ,\n            \"version\": \"latest\"\n          },\n          \"RHEL\":{\n\
        \            \"publisher\":\"RedHat\",\n            \"offer\":\"RHEL\",\n\
        \            \"sku\":\"7-RAW\",\n            \"version\":\"latest\"\n    \
        \      },\n          \"SLES\":{\n            \"publisher\":\"SUSE\",\n   \
        \         \"offer\":\"SLES\",\n            \"sku\":\"12-SP2\",\n         \
        \   \"version\":\"latest\"\n          },\n          \"UbuntuLTS\":{\n    \
        \        \"publisher\":\"Canonical\",\n            \"offer\":\"UbuntuServer\"\
        ,\n            \"sku\":\"16.04-LTS\",\n            \"version\":\"latest\"\n\
        \          }\n        },\n\n        \"Windows\":{\n          \"Win2019Datacenter\"\
        :{\n            \"publisher\":\"MicrosoftWindowsServer\",\n            \"\
        offer\":\"WindowsServer\",\n            \"sku\":\"2019-Datacenter\",\n   \
        \         \"version\":\"latest\"\n          },\n          \"Win2016Datacenter\"\
        :{\n            \"publisher\":\"MicrosoftWindowsServer\",\n            \"\
        offer\":\"WindowsServer\",\n            \"sku\":\"2016-Datacenter\",\n   \
        \         \"version\":\"latest\"\n          },\n          \"Win2012R2Datacenter\"\
        :{\n            \"publisher\":\"MicrosoftWindowsServer\",\n            \"\
        offer\":\"WindowsServer\",\n            \"sku\":\"2012-R2-Datacenter\",\n\
        \            \"version\":\"latest\"\n          },\n          \"Win2012Datacenter\"\
        :{\n            \"publisher\":\"MicrosoftWindowsServer\",\n            \"\
        offer\":\"WindowsServer\",\n            \"sku\":\"2012-Datacenter\",\n   \
        \         \"version\":\"latest\"\n          },\n          \"Win2008R2SP1\"\
        :{\n            \"publisher\":\"MicrosoftWindowsServer\",\n            \"\
        offer\":\"WindowsServer\",\n            \"sku\":\"2008-R2-SP1\",\n       \
        \     \"version\":\"latest\"\n          }\n        }\n      }\n    }\n  }\n\
        }\n"}
    headers:
      accept-ranges: [bytes]
      access-control-allow-origin: ['*']
      cache-control: [max-age=300]
      connection: [keep-alive]
      content-length: ['2437']
      content-security-policy: [default-src 'none'; style-src 'unsafe-inline'; sandbox]
      content-type: [text/plain; charset=utf-8]
      date: ['Thu, 13 Dec 2018 02:56:00 GMT']
      etag: ['"2ee860c911c46b67cb1f166b940494787817547f"']
      expires: ['Thu, 13 Dec 2018 03:01:00 GMT']
      source-age: ['19']
      strict-transport-security: [max-age=31536000]
      vary: ['Authorization,Accept-Encoding']
      via: [1.1 varnish]
      x-cache: [HIT]
      x-cache-hits: ['1']
      x-content-type-options: [nosniff]
      x-fastly-request-id: [6fa02480b009fcf05f2ede30649758db29e74bdb]
      x-frame-options: [deny]
      x-geo-block-list: ['']
      x-github-request-id: ['0F8E:38F9:BC1D4:CE5CC:5C11CA29']
      x-served-by: [cache-dfw18647-DFW]
      x-timer: ['S1544669760.274463,VS0,VE1']
      x-xss-protection: [1; mode=block]
    status: {code: 200, message: OK}
- request:
    body: null
    headers:
      Accept: [application/json]
      Accept-Encoding: ['gzip, deflate']
      CommandName: [vmss create]
      Connection: [keep-alive]
      ParameterSetName: [-g -n --image --assign-identity --role --scope --instance-count
          --generate-ssh-keys --admin-username]
      User-Agent: [python/3.6.5 (Darwin-18.0.0-x86_64-i386-64bit) msrest/0.6.0 msrest_azure/0.4.34
          networkmanagementclient/2.4.0 Azure-SDK-For-Python AZURECLI/2.0.52]
      accept-language: [en-US]
    method: GET
    uri: https://management.azure.com/subscriptions/00000000-0000-0000-0000-000000000000/resourceGroups/clitest.rg000001/providers/Microsoft.Network/virtualNetworks?api-version=2018-01-01
  response:
    body: {string: '{"value":[]}'}
    headers:
      cache-control: [no-cache]
      content-length: ['12']
      content-type: [application/json; charset=utf-8]
      date: ['Thu, 13 Dec 2018 02:56:00 GMT']
      expires: ['-1']
      pragma: [no-cache]
      strict-transport-security: [max-age=31536000; includeSubDomains]
      vary: [Accept-Encoding]
      x-content-type-options: [nosniff]
    status: {code: 200, message: OK}
- request:
    body: null
    headers:
      Accept: [application/json]
      Accept-Encoding: ['gzip, deflate']
      CommandName: [vmss create]
      Connection: [keep-alive]
      Content-Type: [application/json; charset=utf-8]
      ParameterSetName: [-g -n --image --assign-identity --role --scope --instance-count
          --generate-ssh-keys --admin-username]
      User-Agent: [python/3.6.5 (Darwin-18.0.0-x86_64-i386-64bit) msrest/0.6.0 msrest_azure/0.4.34
          azure-mgmt-authorization/0.50.0 Azure-SDK-For-Python AZURECLI/2.0.52]
      accept-language: [en-US]
    method: GET
    uri: https://management.azure.com/subscriptions/00000000-0000-0000-0000-000000000000/resourceGroups/clitest.rg000001/providers/Microsoft.Authorization/roleDefinitions?$filter=roleName%20eq%20%27reader%27&api-version=2018-01-01-preview
  response:
    body: {string: '{"value":[{"properties":{"roleName":"Reader","type":"BuiltInRole","description":"Lets
        you view everything, but not make any changes.","assignableScopes":["/"],"permissions":[{"actions":["*/read"],"notActions":[],"dataActions":[],"notDataActions":[]}],"createdOn":"0001-01-01T08:00:00.0000000Z","updatedOn":"2018-01-30T18:08:25.4031403Z","createdBy":null,"updatedBy":null},"id":"/subscriptions/00000000-0000-0000-0000-000000000000/providers/Microsoft.Authorization/roleDefinitions/acdd72a7-3385-48ef-bd42-f606fba81ae7","type":"Microsoft.Authorization/roleDefinitions","name":"acdd72a7-3385-48ef-bd42-f606fba81ae7"}]}'}
    headers:
      cache-control: [no-cache]
      content-length: ['615']
      content-type: [application/json; charset=utf-8]
      date: ['Thu, 13 Dec 2018 02:56:00 GMT']
      expires: ['-1']
      pragma: [no-cache]
      server: [Microsoft-IIS/10.0]
      set-cookie: [x-ms-gateway-slice=productionb; path=/; secure; HttpOnly]
      strict-transport-security: [max-age=31536000; includeSubDomains]
      transfer-encoding: [chunked]
      vary: [Accept-Encoding]
      x-content-type-options: [nosniff]
      x-ms-request-charge: ['1']
    status: {code: 200, message: OK}
- request:
    body: 'b''{"properties": {"template": {"$schema": "https://schema.management.azure.com/schemas/2015-01-01/deploymentTemplate.json#",
      "contentVersion": "1.0.0.0", "parameters": {}, "variables": {}, "resources":
      [{"name": "vmss1VNET", "type": "Microsoft.Network/virtualNetworks", "location":
      "westcentralus", "apiVersion": "2015-06-15", "dependsOn": [], "tags": {}, "properties":
      {"addressSpace": {"addressPrefixes": ["10.0.0.0/16"]}, "subnets": [{"name":
      "vmss1Subnet", "properties": {"addressPrefix": "10.0.0.0/24"}}]}}, {"apiVersion":
      "2018-01-01", "type": "Microsoft.Network/publicIPAddresses", "name": "vmss1LBPublicIP",
      "location": "westcentralus", "tags": {}, "dependsOn": [], "properties": {"publicIPAllocationMethod":
      "Dynamic"}}, {"type": "Microsoft.Network/loadBalancers", "name": "vmss1LB",
      "location": "westcentralus", "tags": {}, "apiVersion": "2018-01-01", "dependsOn":
      ["Microsoft.Network/virtualNetworks/vmss1VNET", "Microsoft.Network/publicIpAddresses/vmss1LBPublicIP"],
      "properties": {"backendAddressPools": [{"name": "vmss1LBBEPool"}], "inboundNatPools":
      [{"name": "vmss1LBNatPool", "properties": {"frontendIPConfiguration": {"id":
      "[concat(resourceId(\''Microsoft.Network/loadBalancers\'', \''vmss1LB\''), \''/frontendIPConfigurations/\'',
      \''loadBalancerFrontEnd\'')]"}, "protocol": "tcp", "frontendPortRangeStart":
      "50000", "frontendPortRangeEnd": "50119", "backendPort": 22}}], "frontendIPConfigurations":
      [{"name": "loadBalancerFrontEnd", "properties": {"publicIPAddress": {"id": "/subscriptions/00000000-0000-0000-0000-000000000000/resourceGroups/clitest.rg000001/providers/Microsoft.Network/publicIPAddresses/vmss1LBPublicIP"}}}]}},
      {"name": "89ea9b2c-7356-426e-b908-2fb3f32c4097", "type": "Microsoft.Authorization/roleAssignments",
      "apiVersion": "2015-07-01", "dependsOn": ["Microsoft.Compute/virtualMachineScaleSets/vmss1"],
      "properties": {"roleDefinitionId": "/subscriptions/00000000-0000-0000-0000-000000000000/providers/Microsoft.Authorization/roleDefinitions/acdd72a7-3385-48ef-bd42-f606fba81ae7",
      "principalId": "[reference(\''/subscriptions/00000000-0000-0000-0000-000000000000/resourceGroups/clitest.rg000001/providers/Microsoft.Compute/virtualMachineScaleSets/vmss1/providers/Microsoft.ManagedIdentity/Identities/default\'',
      \''2015-08-31-PREVIEW\'').principalId]", "scope": "/subscriptions/00000000-0000-0000-0000-000000000000/resourceGroups/clitest.rg000001"}},
      {"type": "Microsoft.Compute/virtualMachineScaleSets", "name": "vmss1", "location":
      "westcentralus", "tags": {}, "apiVersion": "2018-10-01", "dependsOn": ["Microsoft.Network/virtualNetworks/vmss1VNET",
      "Microsoft.Network/loadBalancers/vmss1LB"], "sku": {"name": "Standard_DS1_v2",
      "capacity": 1}, "properties": {"overprovision": true, "upgradePolicy": {"mode":
      "manual"}, "virtualMachineProfile": {"storageProfile": {"osDisk": {"createOption":
      "FromImage", "caching": "ReadWrite", "managedDisk": {"storageAccountType": null}},
      "imageReference": {"publisher": "Canonical", "offer": "UbuntuServer", "sku":
      "16.04-LTS", "version": "latest"}}, "osProfile": {"computerNamePrefix": "vmss10cd6",
      "adminUsername": "ubuntuadmin", "linuxConfiguration": {"disablePasswordAuthentication":
      true, "ssh": {"publicKeys": [{"path": "/home/ubuntuadmin/.ssh/authorized_keys",
      "keyData": "ssh-rsa AAAAB3NzaC1yc2EAAAADAQABAAABAQCohExhkhhTIzPBXbjOPCmvaOnWm6BRAvuSXe6PWD1w4HEcsXTV7yoo3C6NPe6P3TCKHlzi7KnRzStqOftgK+SLx7gEW7/wAjnTHe2luP5Y8nNzMa8r5NifAGYvbHKa5qycpcuy4vsPp1RvjoH9N5y8lVQHcRUTfCrNMQNvTOcIFK56We9jeFNOXZxQE5dhPcaIQ7CMtcHqSKD7G5xHR2UqR4TK3xUTvdksTcInk6nCwuGiC3rL5b5S67fW61iBP35pBYPEXm0xWaekEBLrQv5en6BBX25+x4yVc9D9iQf/Dgh7HbFhPy+Rekye8KqExw/R0roVngORoVnBHucVX/L/"}]}}},
      "networkProfile": {"networkInterfaceConfigurations": [{"name": "vmss10cd6Nic",
      "properties": {"primary": "true", "ipConfigurations": [{"name": "vmss10cd6IPConfig",
      "properties": {"subnet": {"id": "/subscriptions/00000000-0000-0000-0000-000000000000/resourceGroups/clitest.rg000001/providers/Microsoft.Network/virtualNetworks/vmss1VNET/subnets/vmss1Subnet"},
      "loadBalancerBackendAddressPools": [{"id": "/subscriptions/00000000-0000-0000-0000-000000000000/resourceGroups/clitest.rg000001/providers/Microsoft.Network/loadBalancers/vmss1LB/backendAddressPools/vmss1LBBEPool"}],
      "loadBalancerInboundNatPools": [{"id": "/subscriptions/00000000-0000-0000-0000-000000000000/resourceGroups/clitest.rg000001/providers/Microsoft.Network/loadBalancers/vmss1LB/inboundNatPools/vmss1LBNatPool"}]}}]}}]}},
      "singlePlacementGroup": null}, "identity": {"type": "SystemAssigned,UserAssigned",
      "userAssignedIdentities": {"/subscriptions/00000000-0000-0000-0000-000000000000/resourceGroups/clitest.rg000001/providers/Microsoft.ManagedIdentity/userAssignedIdentities/id1":
      {}}}}], "outputs": {"VMSS": {"type": "object", "value": "[reference(resourceId(\''Microsoft.Compute/virtualMachineScaleSets\'',
      \''vmss1\''),providers(\''Microsoft.Compute\'', \''virtualMachineScaleSets\'').apiVersions[0])]"}}},
      "parameters": {}, "mode": "Incremental"}}'''
    headers:
      Accept: [application/json]
      Accept-Encoding: ['gzip, deflate']
      CommandName: [vmss create]
      Connection: [keep-alive]
      Content-Length: ['4954']
      Content-Type: [application/json; charset=utf-8]
      ParameterSetName: [-g -n --image --assign-identity --role --scope --instance-count
          --generate-ssh-keys --admin-username]
      User-Agent: [python/3.6.5 (Darwin-18.0.0-x86_64-i386-64bit) msrest/0.6.0 msrest_azure/0.4.34
          resourcemanagementclient/2.0.0 Azure-SDK-For-Python AZURECLI/2.0.52]
      accept-language: [en-US]
    method: PUT
    uri: https://management.azure.com/subscriptions/00000000-0000-0000-0000-000000000000/resourcegroups/clitest.rg000001/providers/Microsoft.Resources/deployments/mock-deployment?api-version=2018-05-01
  response:
    body: {string: '{"id":"/subscriptions/00000000-0000-0000-0000-000000000000/resourceGroups/clitest.rg000001/providers/Microsoft.Resources/deployments/vmss_deploy_RihPO1pPWKHZJNw3jfp5HjqvpAkEOKVn","name":"vmss_deploy_RihPO1pPWKHZJNw3jfp5HjqvpAkEOKVn","properties":{"templateHash":"17879636496214702721","parameters":{},"mode":"Incremental","provisioningState":"Accepted","timestamp":"2018-12-13T02:56:03.7362182Z","duration":"PT0.9786808S","correlationId":"53561f9a-5622-416f-960e-cb22d1b5da24","providers":[{"namespace":"Microsoft.Network","resourceTypes":[{"resourceType":"virtualNetworks","locations":["westcentralus"]},{"resourceType":"publicIPAddresses","locations":["westcentralus"]},{"resourceType":"loadBalancers","locations":["westcentralus"]}]},{"namespace":"Microsoft.Authorization","resourceTypes":[{"resourceType":"roleAssignments","locations":[null]}]},{"namespace":"Microsoft.Compute","resourceTypes":[{"resourceType":"virtualMachineScaleSets","locations":["westcentralus"]}]}],"dependencies":[{"dependsOn":[{"id":"/subscriptions/00000000-0000-0000-0000-000000000000/resourceGroups/clitest.rg000001/providers/Microsoft.Network/virtualNetworks/vmss1VNET","resourceType":"Microsoft.Network/virtualNetworks","resourceName":"vmss1VNET"},{"id":"/subscriptions/00000000-0000-0000-0000-000000000000/resourceGroups/clitest.rg000001/providers/Microsoft.Network/publicIPAddresses/vmss1LBPublicIP","resourceType":"Microsoft.Network/publicIPAddresses","resourceName":"vmss1LBPublicIP"}],"id":"/subscriptions/00000000-0000-0000-0000-000000000000/resourceGroups/clitest.rg000001/providers/Microsoft.Network/loadBalancers/vmss1LB","resourceType":"Microsoft.Network/loadBalancers","resourceName":"vmss1LB"},{"dependsOn":[{"id":"/subscriptions/00000000-0000-0000-0000-000000000000/resourceGroups/clitest.rg000001/providers/Microsoft.Compute/virtualMachineScaleSets/vmss1","resourceType":"Microsoft.Compute/virtualMachineScaleSets","resourceName":"vmss1"},{"id":"/subscriptions/00000000-0000-0000-0000-000000000000/resourceGroups/clitest.rg000001/providers/Microsoft.Compute/virtualMachineScaleSets/vmss1/providers/Microsoft.ManagedIdentity/Identities/default","resourceType":"Microsoft.Compute/virtualMachineScaleSets/providers/Identities","resourceName":"vmss1/Microsoft.ManagedIdentity/default","apiVersion":"2015-08-31-PREVIEW"}],"id":"/subscriptions/00000000-0000-0000-0000-000000000000/resourceGroups/clitest.rg000001/providers/Microsoft.Authorization/roleAssignments/89ea9b2c-7356-426e-b908-2fb3f32c4097","resourceType":"Microsoft.Authorization/roleAssignments","resourceName":"89ea9b2c-7356-426e-b908-2fb3f32c4097"},{"dependsOn":[{"id":"/subscriptions/00000000-0000-0000-0000-000000000000/resourceGroups/clitest.rg000001/providers/Microsoft.Network/virtualNetworks/vmss1VNET","resourceType":"Microsoft.Network/virtualNetworks","resourceName":"vmss1VNET"},{"id":"/subscriptions/00000000-0000-0000-0000-000000000000/resourceGroups/clitest.rg000001/providers/Microsoft.Network/loadBalancers/vmss1LB","resourceType":"Microsoft.Network/loadBalancers","resourceName":"vmss1LB"}],"id":"/subscriptions/00000000-0000-0000-0000-000000000000/resourceGroups/clitest.rg000001/providers/Microsoft.Compute/virtualMachineScaleSets/vmss1","resourceType":"Microsoft.Compute/virtualMachineScaleSets","resourceName":"vmss1"}]}}'}
    headers:
      azure-asyncoperation: ['https://management.azure.com/subscriptions/00000000-0000-0000-0000-000000000000/resourcegroups/clitest.rg000001/providers/Microsoft.Resources/deployments/vmss_deploy_RihPO1pPWKHZJNw3jfp5HjqvpAkEOKVn/operationStatuses/08586569371227200868?api-version=2018-05-01']
      cache-control: [no-cache]
      content-length: ['3334']
      content-type: [application/json; charset=utf-8]
      date: ['Thu, 13 Dec 2018 02:56:03 GMT']
      expires: ['-1']
      pragma: [no-cache]
      strict-transport-security: [max-age=31536000; includeSubDomains]
      x-content-type-options: [nosniff]
      x-ms-ratelimit-remaining-subscription-writes: ['1199']
    status: {code: 201, message: Created}
- request:
    body: null
    headers:
      Accept: [application/json]
      Accept-Encoding: ['gzip, deflate']
      CommandName: [vmss create]
      Connection: [keep-alive]
      ParameterSetName: [-g -n --image --assign-identity --role --scope --instance-count
          --generate-ssh-keys --admin-username]
      User-Agent: [python/3.6.5 (Darwin-18.0.0-x86_64-i386-64bit) msrest/0.6.0 msrest_azure/0.4.34
          resourcemanagementclient/2.0.0 Azure-SDK-For-Python AZURECLI/2.0.52]
    method: GET
    uri: https://management.azure.com/subscriptions/00000000-0000-0000-0000-000000000000/resourcegroups/clitest.rg000001/providers/Microsoft.Resources/deployments/mock-deployment/operationStatuses/08586569371227200868?api-version=2018-05-01
  response:
    body: {string: '{"status":"Running"}'}
    headers:
      cache-control: [no-cache]
      content-length: ['20']
      content-type: [application/json; charset=utf-8]
      date: ['Thu, 13 Dec 2018 02:56:33 GMT']
      expires: ['-1']
      pragma: [no-cache]
      strict-transport-security: [max-age=31536000; includeSubDomains]
      vary: [Accept-Encoding]
      x-content-type-options: [nosniff]
    status: {code: 200, message: OK}
- request:
    body: null
    headers:
      Accept: [application/json]
      Accept-Encoding: ['gzip, deflate']
      CommandName: [vmss create]
      Connection: [keep-alive]
      ParameterSetName: [-g -n --image --assign-identity --role --scope --instance-count
          --generate-ssh-keys --admin-username]
      User-Agent: [python/3.6.5 (Darwin-18.0.0-x86_64-i386-64bit) msrest/0.6.0 msrest_azure/0.4.34
          resourcemanagementclient/2.0.0 Azure-SDK-For-Python AZURECLI/2.0.52]
    method: GET
    uri: https://management.azure.com/subscriptions/00000000-0000-0000-0000-000000000000/resourcegroups/clitest.rg000001/providers/Microsoft.Resources/deployments/mock-deployment/operationStatuses/08586569371227200868?api-version=2018-05-01
  response:
    body: {string: '{"status":"Running"}'}
    headers:
      cache-control: [no-cache]
      content-length: ['20']
      content-type: [application/json; charset=utf-8]
      date: ['Thu, 13 Dec 2018 02:57:04 GMT']
      expires: ['-1']
      pragma: [no-cache]
      strict-transport-security: [max-age=31536000; includeSubDomains]
      vary: [Accept-Encoding]
      x-content-type-options: [nosniff]
    status: {code: 200, message: OK}
- request:
    body: null
    headers:
      Accept: [application/json]
      Accept-Encoding: ['gzip, deflate']
      CommandName: [vmss create]
      Connection: [keep-alive]
      ParameterSetName: [-g -n --image --assign-identity --role --scope --instance-count
          --generate-ssh-keys --admin-username]
      User-Agent: [python/3.6.5 (Darwin-18.0.0-x86_64-i386-64bit) msrest/0.6.0 msrest_azure/0.4.34
          resourcemanagementclient/2.0.0 Azure-SDK-For-Python AZURECLI/2.0.52]
    method: GET
    uri: https://management.azure.com/subscriptions/00000000-0000-0000-0000-000000000000/resourcegroups/clitest.rg000001/providers/Microsoft.Resources/deployments/mock-deployment/operationStatuses/08586569371227200868?api-version=2018-05-01
  response:
    body: {string: '{"status":"Running"}'}
    headers:
      cache-control: [no-cache]
      content-length: ['20']
      content-type: [application/json; charset=utf-8]
      date: ['Thu, 13 Dec 2018 02:57:35 GMT']
      expires: ['-1']
      pragma: [no-cache]
      strict-transport-security: [max-age=31536000; includeSubDomains]
      vary: [Accept-Encoding]
      x-content-type-options: [nosniff]
    status: {code: 200, message: OK}
- request:
    body: null
    headers:
      Accept: [application/json]
      Accept-Encoding: ['gzip, deflate']
      CommandName: [vmss create]
      Connection: [keep-alive]
      ParameterSetName: [-g -n --image --assign-identity --role --scope --instance-count
          --generate-ssh-keys --admin-username]
      User-Agent: [python/3.6.5 (Darwin-18.0.0-x86_64-i386-64bit) msrest/0.6.0 msrest_azure/0.4.34
          resourcemanagementclient/2.0.0 Azure-SDK-For-Python AZURECLI/2.0.52]
    method: GET
    uri: https://management.azure.com/subscriptions/00000000-0000-0000-0000-000000000000/resourcegroups/clitest.rg000001/providers/Microsoft.Resources/deployments/mock-deployment/operationStatuses/08586569371227200868?api-version=2018-05-01
  response:
    body: {string: '{"status":"Running"}'}
    headers:
      cache-control: [no-cache]
      content-length: ['20']
      content-type: [application/json; charset=utf-8]
      date: ['Thu, 13 Dec 2018 02:58:05 GMT']
      expires: ['-1']
      pragma: [no-cache]
      strict-transport-security: [max-age=31536000; includeSubDomains]
      vary: [Accept-Encoding]
      x-content-type-options: [nosniff]
    status: {code: 200, message: OK}
- request:
    body: null
    headers:
      Accept: [application/json]
      Accept-Encoding: ['gzip, deflate']
      CommandName: [vmss create]
      Connection: [keep-alive]
      ParameterSetName: [-g -n --image --assign-identity --role --scope --instance-count
          --generate-ssh-keys --admin-username]
      User-Agent: [python/3.6.5 (Darwin-18.0.0-x86_64-i386-64bit) msrest/0.6.0 msrest_azure/0.4.34
          resourcemanagementclient/2.0.0 Azure-SDK-For-Python AZURECLI/2.0.52]
    method: GET
    uri: https://management.azure.com/subscriptions/00000000-0000-0000-0000-000000000000/resourcegroups/clitest.rg000001/providers/Microsoft.Resources/deployments/mock-deployment/operationStatuses/08586569371227200868?api-version=2018-05-01
  response:
    body: {string: '{"status":"Succeeded"}'}
    headers:
      cache-control: [no-cache]
      content-length: ['22']
      content-type: [application/json; charset=utf-8]
      date: ['Thu, 13 Dec 2018 02:58:36 GMT']
      expires: ['-1']
      pragma: [no-cache]
      strict-transport-security: [max-age=31536000; includeSubDomains]
      vary: [Accept-Encoding]
      x-content-type-options: [nosniff]
    status: {code: 200, message: OK}
- request:
    body: null
    headers:
      Accept: [application/json]
      Accept-Encoding: ['gzip, deflate']
      CommandName: [vmss create]
      Connection: [keep-alive]
      ParameterSetName: [-g -n --image --assign-identity --role --scope --instance-count
          --generate-ssh-keys --admin-username]
      User-Agent: [python/3.6.5 (Darwin-18.0.0-x86_64-i386-64bit) msrest/0.6.0 msrest_azure/0.4.34
          resourcemanagementclient/2.0.0 Azure-SDK-For-Python AZURECLI/2.0.52]
    method: GET
    uri: https://management.azure.com/subscriptions/00000000-0000-0000-0000-000000000000/resourcegroups/clitest.rg000001/providers/Microsoft.Resources/deployments/mock-deployment?api-version=2018-05-01
  response:
    body: {string: '{"id":"/subscriptions/00000000-0000-0000-0000-000000000000/resourceGroups/clitest.rg000001/providers/Microsoft.Resources/deployments/vmss_deploy_RihPO1pPWKHZJNw3jfp5HjqvpAkEOKVn","name":"vmss_deploy_RihPO1pPWKHZJNw3jfp5HjqvpAkEOKVn","properties":{"templateHash":"17879636496214702721","parameters":{},"mode":"Incremental","provisioningState":"Succeeded","timestamp":"2018-12-13T02:58:25.5972506Z","duration":"PT2M22.8397132S","correlationId":"53561f9a-5622-416f-960e-cb22d1b5da24","providers":[{"namespace":"Microsoft.Network","resourceTypes":[{"resourceType":"virtualNetworks","locations":["westcentralus"]},{"resourceType":"publicIPAddresses","locations":["westcentralus"]},{"resourceType":"loadBalancers","locations":["westcentralus"]}]},{"namespace":"Microsoft.Authorization","resourceTypes":[{"resourceType":"roleAssignments","locations":[null]}]},{"namespace":"Microsoft.Compute","resourceTypes":[{"resourceType":"virtualMachineScaleSets","locations":["westcentralus"]}]}],"dependencies":[{"dependsOn":[{"id":"/subscriptions/00000000-0000-0000-0000-000000000000/resourceGroups/clitest.rg000001/providers/Microsoft.Network/virtualNetworks/vmss1VNET","resourceType":"Microsoft.Network/virtualNetworks","resourceName":"vmss1VNET"},{"id":"/subscriptions/00000000-0000-0000-0000-000000000000/resourceGroups/clitest.rg000001/providers/Microsoft.Network/publicIPAddresses/vmss1LBPublicIP","resourceType":"Microsoft.Network/publicIPAddresses","resourceName":"vmss1LBPublicIP"}],"id":"/subscriptions/00000000-0000-0000-0000-000000000000/resourceGroups/clitest.rg000001/providers/Microsoft.Network/loadBalancers/vmss1LB","resourceType":"Microsoft.Network/loadBalancers","resourceName":"vmss1LB"},{"dependsOn":[{"id":"/subscriptions/00000000-0000-0000-0000-000000000000/resourceGroups/clitest.rg000001/providers/Microsoft.Compute/virtualMachineScaleSets/vmss1","resourceType":"Microsoft.Compute/virtualMachineScaleSets","resourceName":"vmss1"},{"id":"/subscriptions/00000000-0000-0000-0000-000000000000/resourceGroups/clitest.rg000001/providers/Microsoft.Compute/virtualMachineScaleSets/vmss1/providers/Microsoft.ManagedIdentity/Identities/default","resourceType":"Microsoft.Compute/virtualMachineScaleSets/providers/Identities","resourceName":"vmss1/Microsoft.ManagedIdentity/default","apiVersion":"2015-08-31-PREVIEW"}],"id":"/subscriptions/00000000-0000-0000-0000-000000000000/resourceGroups/clitest.rg000001/providers/Microsoft.Authorization/roleAssignments/89ea9b2c-7356-426e-b908-2fb3f32c4097","resourceType":"Microsoft.Authorization/roleAssignments","resourceName":"89ea9b2c-7356-426e-b908-2fb3f32c4097"},{"dependsOn":[{"id":"/subscriptions/00000000-0000-0000-0000-000000000000/resourceGroups/clitest.rg000001/providers/Microsoft.Network/virtualNetworks/vmss1VNET","resourceType":"Microsoft.Network/virtualNetworks","resourceName":"vmss1VNET"},{"id":"/subscriptions/00000000-0000-0000-0000-000000000000/resourceGroups/clitest.rg000001/providers/Microsoft.Network/loadBalancers/vmss1LB","resourceType":"Microsoft.Network/loadBalancers","resourceName":"vmss1LB"}],"id":"/subscriptions/00000000-0000-0000-0000-000000000000/resourceGroups/clitest.rg000001/providers/Microsoft.Compute/virtualMachineScaleSets/vmss1","resourceType":"Microsoft.Compute/virtualMachineScaleSets","resourceName":"vmss1"}],"outputs":{"vmss":{"type":"Object","value":{"singlePlacementGroup":true,"upgradePolicy":{"mode":"Manual"},"virtualMachineProfile":{"osProfile":{"computerNamePrefix":"vmss10cd6","adminUsername":"ubuntuadmin","linuxConfiguration":{"disablePasswordAuthentication":true,"ssh":{"publicKeys":[{"path":"/home/ubuntuadmin/.ssh/authorized_keys","keyData":"ssh-rsa
        AAAAB3NzaC1yc2EAAAADAQABAAABAQCohExhkhhTIzPBXbjOPCmvaOnWm6BRAvuSXe6PWD1w4HEcsXTV7yoo3C6NPe6P3TCKHlzi7KnRzStqOftgK+SLx7gEW7/wAjnTHe2luP5Y8nNzMa8r5NifAGYvbHKa5qycpcuy4vsPp1RvjoH9N5y8lVQHcRUTfCrNMQNvTOcIFK56We9jeFNOXZxQE5dhPcaIQ7CMtcHqSKD7G5xHR2UqR4TK3xUTvdksTcInk6nCwuGiC3rL5b5S67fW61iBP35pBYPEXm0xWaekEBLrQv5en6BBX25+x4yVc9D9iQf/Dgh7HbFhPy+Rekye8KqExw/R0roVngORoVnBHucVX/L/"}]},"provisionVMAgent":true},"secrets":[],"allowExtensionOperations":true},"storageProfile":{"osDisk":{"createOption":"FromImage","caching":"ReadWrite","managedDisk":{"storageAccountType":"Premium_LRS"}},"imageReference":{"publisher":"Canonical","offer":"UbuntuServer","sku":"16.04-LTS","version":"latest"}},"networkProfile":{"networkInterfaceConfigurations":[{"name":"vmss10cd6Nic","properties":{"primary":true,"enableAcceleratedNetworking":false,"dnsSettings":{"dnsServers":[]},"enableIPForwarding":false,"ipConfigurations":[{"name":"vmss10cd6IPConfig","properties":{"subnet":{"id":"/subscriptions/00000000-0000-0000-0000-000000000000/resourceGroups/clitest.rg000001/providers/Microsoft.Network/virtualNetworks/vmss1VNET/subnets/vmss1Subnet"},"privateIPAddressVersion":"IPv4","loadBalancerBackendAddressPools":[{"id":"/subscriptions/00000000-0000-0000-0000-000000000000/resourceGroups/clitest.rg000001/providers/Microsoft.Network/loadBalancers/vmss1LB/backendAddressPools/vmss1LBBEPool"}],"loadBalancerInboundNatPools":[{"id":"/subscriptions/00000000-0000-0000-0000-000000000000/resourceGroups/clitest.rg000001/providers/Microsoft.Network/loadBalancers/vmss1LB/inboundNatPools/vmss1LBNatPool"}]}}]}}]}},"provisioningState":"Succeeded","overprovision":true,"uniqueId":"eb650e2c-c7da-4cdb-b013-712561887f97"}}},"outputResources":[{"id":"/subscriptions/00000000-0000-0000-0000-000000000000/resourceGroups/clitest.rg000001/providers/Microsoft.Authorization/roleAssignments/89ea9b2c-7356-426e-b908-2fb3f32c4097"},{"id":"/subscriptions/00000000-0000-0000-0000-000000000000/resourceGroups/clitest.rg000001/providers/Microsoft.Compute/virtualMachineScaleSets/vmss1"},{"id":"/subscriptions/00000000-0000-0000-0000-000000000000/resourceGroups/clitest.rg000001/providers/Microsoft.Network/loadBalancers/vmss1LB"},{"id":"/subscriptions/00000000-0000-0000-0000-000000000000/resourceGroups/clitest.rg000001/providers/Microsoft.Network/publicIPAddresses/vmss1LBPublicIP"},{"id":"/subscriptions/00000000-0000-0000-0000-000000000000/resourceGroups/clitest.rg000001/providers/Microsoft.Network/virtualNetworks/vmss1VNET"}]}}'}
    headers:
      cache-control: [no-cache]
      content-length: ['6205']
      content-type: [application/json; charset=utf-8]
      date: ['Thu, 13 Dec 2018 02:58:36 GMT']
      expires: ['-1']
      pragma: [no-cache]
      strict-transport-security: [max-age=31536000; includeSubDomains]
      vary: [Accept-Encoding]
      x-content-type-options: [nosniff]
    status: {code: 200, message: OK}
- request:
    body: null
    headers:
      Accept: [application/json]
      Accept-Encoding: ['gzip, deflate']
      CommandName: [vmss create]
      Connection: [keep-alive]
      ParameterSetName: [-g -n --image --assign-identity --role --scope --instance-count
          --generate-ssh-keys --admin-username]
      User-Agent: [python/3.6.5 (Darwin-18.0.0-x86_64-i386-64bit) msrest/0.6.0 msrest_azure/0.4.34
          computemanagementclient/4.3.1 Azure-SDK-For-Python AZURECLI/2.0.52]
      accept-language: [en-US]
    method: GET
    uri: https://management.azure.com/subscriptions/00000000-0000-0000-0000-000000000000/resourceGroups/clitest.rg000001/providers/Microsoft.Compute/virtualMachineScaleSets/vmss1?api-version=2018-10-01
  response:
    body: {string: "{\r\n  \"sku\": {\r\n    \"name\": \"Standard_DS1_v2\",\r\n  \
        \  \"tier\": \"Standard\",\r\n    \"capacity\": 1\r\n  },\r\n  \"properties\"\
        : {\r\n    \"singlePlacementGroup\": true,\r\n    \"upgradePolicy\": {\r\n\
        \      \"mode\": \"Manual\"\r\n    },\r\n    \"virtualMachineProfile\": {\r\
        \n      \"osProfile\": {\r\n        \"computerNamePrefix\": \"vmss10cd6\"\
        ,\r\n        \"adminUsername\": \"ubuntuadmin\",\r\n        \"linuxConfiguration\"\
        : {\r\n          \"disablePasswordAuthentication\": true,\r\n          \"\
        ssh\": {\r\n            \"publicKeys\": [\r\n              {\r\n         \
        \       \"path\": \"/home/ubuntuadmin/.ssh/authorized_keys\",\r\n        \
        \        \"keyData\": \"ssh-rsa AAAAB3NzaC1yc2EAAAADAQABAAABAQCohExhkhhTIzPBXbjOPCmvaOnWm6BRAvuSXe6PWD1w4HEcsXTV7yoo3C6NPe6P3TCKHlzi7KnRzStqOftgK+SLx7gEW7/wAjnTHe2luP5Y8nNzMa8r5NifAGYvbHKa5qycpcuy4vsPp1RvjoH9N5y8lVQHcRUTfCrNMQNvTOcIFK56We9jeFNOXZxQE5dhPcaIQ7CMtcHqSKD7G5xHR2UqR4TK3xUTvdksTcInk6nCwuGiC3rL5b5S67fW61iBP35pBYPEXm0xWaekEBLrQv5en6BBX25+x4yVc9D9iQf/Dgh7HbFhPy+Rekye8KqExw/R0roVngORoVnBHucVX/L/\"\
        \r\n              }\r\n            ]\r\n          },\r\n          \"provisionVMAgent\"\
        : true\r\n        },\r\n        \"secrets\": [],\r\n        \"allowExtensionOperations\"\
        : true\r\n      },\r\n      \"storageProfile\": {\r\n        \"osDisk\": {\r\
        \n          \"createOption\": \"FromImage\",\r\n          \"caching\": \"\
        ReadWrite\",\r\n          \"managedDisk\": {\r\n            \"storageAccountType\"\
        : \"Premium_LRS\"\r\n          }\r\n        },\r\n        \"imageReference\"\
        : {\r\n          \"publisher\": \"Canonical\",\r\n          \"offer\": \"\
        UbuntuServer\",\r\n          \"sku\": \"16.04-LTS\",\r\n          \"version\"\
        : \"latest\"\r\n        }\r\n      },\r\n      \"networkProfile\": {\"networkInterfaceConfigurations\"\
        :[{\"name\":\"vmss10cd6Nic\",\"properties\":{\"primary\":true,\"enableAcceleratedNetworking\"\
        :false,\"dnsSettings\":{\"dnsServers\":[]},\"enableIPForwarding\":false,\"\
        ipConfigurations\":[{\"name\":\"vmss10cd6IPConfig\",\"properties\":{\"subnet\"\
        :{\"id\":\"/subscriptions/00000000-0000-0000-0000-000000000000/resourceGroups/clitest.rg000001/providers/Microsoft.Network/virtualNetworks/vmss1VNET/subnets/vmss1Subnet\"\
        },\"privateIPAddressVersion\":\"IPv4\",\"loadBalancerBackendAddressPools\"\
        :[{\"id\":\"/subscriptions/00000000-0000-0000-0000-000000000000/resourceGroups/clitest.rg000001/providers/Microsoft.Network/loadBalancers/vmss1LB/backendAddressPools/vmss1LBBEPool\"\
        }],\"loadBalancerInboundNatPools\":[{\"id\":\"/subscriptions/00000000-0000-0000-0000-000000000000/resourceGroups/clitest.rg000001/providers/Microsoft.Network/loadBalancers/vmss1LB/inboundNatPools/vmss1LBNatPool\"\
        }]}}]}}]}\r\n    },\r\n    \"provisioningState\": \"Succeeded\",\r\n    \"\
        overprovision\": true,\r\n    \"uniqueId\": \"eb650e2c-c7da-4cdb-b013-712561887f97\"\
        \r\n  },\r\n  \"type\": \"Microsoft.Compute/virtualMachineScaleSets\",\r\n\
        \  \"location\": \"westcentralus\",\r\n  \"tags\": {},\r\n  \"identity\":\
        \ {\r\n    \"type\": \"SystemAssigned, UserAssigned\",\r\n    \"principalId\"\
        : \"08c2764c-4e6c-4660-a13e-f219c97b8820\",\r\n    \"tenantId\": \"72f988bf-86f1-41af-91ab-2d7cd011db47\"\
        ,\r\n    \"userAssignedIdentities\": {\r\n      \"/subscriptions/00000000-0000-0000-0000-000000000000/resourceGroups/clitest.rg000001/providers/Microsoft.ManagedIdentity/userAssignedIdentities/id1\"\
        : {\r\n        \"principalId\": \"071e08c0-83ba-4f72-af5c-f52f7a8cf633\",\r\
        \n        \"clientId\": \"d369019f-7892-459d-8638-40280c529764\"\r\n     \
        \ }\r\n    }\r\n  },\r\n  \"id\": \"/subscriptions/00000000-0000-0000-0000-000000000000/resourceGroups/clitest.rg000001/providers/Microsoft.Compute/virtualMachineScaleSets/vmss1\"\
        ,\r\n  \"name\": \"vmss1\"\r\n}"}
    headers:
      cache-control: [no-cache]
      content-length: ['3408']
      content-type: [application/json; charset=utf-8]
      date: ['Thu, 13 Dec 2018 02:58:37 GMT']
      expires: ['-1']
      pragma: [no-cache]
      server: [Microsoft-HTTPAPI/2.0, Microsoft-HTTPAPI/2.0]
      strict-transport-security: [max-age=31536000; includeSubDomains]
      transfer-encoding: [chunked]
      vary: [Accept-Encoding]
      x-content-type-options: [nosniff]
      x-ms-ratelimit-remaining-resource: ['Microsoft.Compute/GetVMScaleSet3Min;195,Microsoft.Compute/GetVMScaleSet30Min;1295']
    status: {code: 200, message: OK}
- request:
    body: null
    headers:
      Accept: [application/json]
      Accept-Encoding: ['gzip, deflate']
      CommandName: [vmss identity show]
      Connection: [keep-alive]
      ParameterSetName: [-g -n]
      User-Agent: [python/3.6.5 (Darwin-18.0.0-x86_64-i386-64bit) msrest/0.6.0 msrest_azure/0.4.34
          computemanagementclient/4.3.1 Azure-SDK-For-Python AZURECLI/2.0.52]
      accept-language: [en-US]
    method: GET
    uri: https://management.azure.com/subscriptions/00000000-0000-0000-0000-000000000000/resourceGroups/clitest.rg000001/providers/Microsoft.Compute/virtualMachineScaleSets/vmss1?api-version=2018-10-01
  response:
    body: {string: "{\r\n  \"sku\": {\r\n    \"name\": \"Standard_DS1_v2\",\r\n  \
        \  \"tier\": \"Standard\",\r\n    \"capacity\": 1\r\n  },\r\n  \"properties\"\
        : {\r\n    \"singlePlacementGroup\": true,\r\n    \"upgradePolicy\": {\r\n\
        \      \"mode\": \"Manual\"\r\n    },\r\n    \"virtualMachineProfile\": {\r\
        \n      \"osProfile\": {\r\n        \"computerNamePrefix\": \"vmss10cd6\"\
        ,\r\n        \"adminUsername\": \"ubuntuadmin\",\r\n        \"linuxConfiguration\"\
        : {\r\n          \"disablePasswordAuthentication\": true,\r\n          \"\
        ssh\": {\r\n            \"publicKeys\": [\r\n              {\r\n         \
        \       \"path\": \"/home/ubuntuadmin/.ssh/authorized_keys\",\r\n        \
        \        \"keyData\": \"ssh-rsa AAAAB3NzaC1yc2EAAAADAQABAAABAQCohExhkhhTIzPBXbjOPCmvaOnWm6BRAvuSXe6PWD1w4HEcsXTV7yoo3C6NPe6P3TCKHlzi7KnRzStqOftgK+SLx7gEW7/wAjnTHe2luP5Y8nNzMa8r5NifAGYvbHKa5qycpcuy4vsPp1RvjoH9N5y8lVQHcRUTfCrNMQNvTOcIFK56We9jeFNOXZxQE5dhPcaIQ7CMtcHqSKD7G5xHR2UqR4TK3xUTvdksTcInk6nCwuGiC3rL5b5S67fW61iBP35pBYPEXm0xWaekEBLrQv5en6BBX25+x4yVc9D9iQf/Dgh7HbFhPy+Rekye8KqExw/R0roVngORoVnBHucVX/L/\"\
        \r\n              }\r\n            ]\r\n          },\r\n          \"provisionVMAgent\"\
        : true\r\n        },\r\n        \"secrets\": [],\r\n        \"allowExtensionOperations\"\
        : true\r\n      },\r\n      \"storageProfile\": {\r\n        \"osDisk\": {\r\
        \n          \"createOption\": \"FromImage\",\r\n          \"caching\": \"\
        ReadWrite\",\r\n          \"managedDisk\": {\r\n            \"storageAccountType\"\
        : \"Premium_LRS\"\r\n          }\r\n        },\r\n        \"imageReference\"\
        : {\r\n          \"publisher\": \"Canonical\",\r\n          \"offer\": \"\
        UbuntuServer\",\r\n          \"sku\": \"16.04-LTS\",\r\n          \"version\"\
        : \"latest\"\r\n        }\r\n      },\r\n      \"networkProfile\": {\"networkInterfaceConfigurations\"\
        :[{\"name\":\"vmss10cd6Nic\",\"properties\":{\"primary\":true,\"enableAcceleratedNetworking\"\
        :false,\"dnsSettings\":{\"dnsServers\":[]},\"enableIPForwarding\":false,\"\
        ipConfigurations\":[{\"name\":\"vmss10cd6IPConfig\",\"properties\":{\"subnet\"\
        :{\"id\":\"/subscriptions/00000000-0000-0000-0000-000000000000/resourceGroups/clitest.rg000001/providers/Microsoft.Network/virtualNetworks/vmss1VNET/subnets/vmss1Subnet\"\
        },\"privateIPAddressVersion\":\"IPv4\",\"loadBalancerBackendAddressPools\"\
        :[{\"id\":\"/subscriptions/00000000-0000-0000-0000-000000000000/resourceGroups/clitest.rg000001/providers/Microsoft.Network/loadBalancers/vmss1LB/backendAddressPools/vmss1LBBEPool\"\
        }],\"loadBalancerInboundNatPools\":[{\"id\":\"/subscriptions/00000000-0000-0000-0000-000000000000/resourceGroups/clitest.rg000001/providers/Microsoft.Network/loadBalancers/vmss1LB/inboundNatPools/vmss1LBNatPool\"\
        }]}}]}}]}\r\n    },\r\n    \"provisioningState\": \"Succeeded\",\r\n    \"\
        overprovision\": true,\r\n    \"uniqueId\": \"eb650e2c-c7da-4cdb-b013-712561887f97\"\
        \r\n  },\r\n  \"type\": \"Microsoft.Compute/virtualMachineScaleSets\",\r\n\
        \  \"location\": \"westcentralus\",\r\n  \"tags\": {},\r\n  \"identity\":\
        \ {\r\n    \"type\": \"SystemAssigned, UserAssigned\",\r\n    \"principalId\"\
        : \"08c2764c-4e6c-4660-a13e-f219c97b8820\",\r\n    \"tenantId\": \"72f988bf-86f1-41af-91ab-2d7cd011db47\"\
        ,\r\n    \"userAssignedIdentities\": {\r\n      \"/subscriptions/00000000-0000-0000-0000-000000000000/resourceGroups/clitest.rg000001/providers/Microsoft.ManagedIdentity/userAssignedIdentities/id1\"\
        : {\r\n        \"principalId\": \"071e08c0-83ba-4f72-af5c-f52f7a8cf633\",\r\
        \n        \"clientId\": \"d369019f-7892-459d-8638-40280c529764\"\r\n     \
        \ }\r\n    }\r\n  },\r\n  \"id\": \"/subscriptions/00000000-0000-0000-0000-000000000000/resourceGroups/clitest.rg000001/providers/Microsoft.Compute/virtualMachineScaleSets/vmss1\"\
        ,\r\n  \"name\": \"vmss1\"\r\n}"}
    headers:
      cache-control: [no-cache]
      content-length: ['3408']
      content-type: [application/json; charset=utf-8]
      date: ['Thu, 13 Dec 2018 02:58:37 GMT']
      expires: ['-1']
      pragma: [no-cache]
      server: [Microsoft-HTTPAPI/2.0, Microsoft-HTTPAPI/2.0]
      strict-transport-security: [max-age=31536000; includeSubDomains]
      transfer-encoding: [chunked]
      vary: [Accept-Encoding]
      x-content-type-options: [nosniff]
      x-ms-ratelimit-remaining-resource: ['Microsoft.Compute/GetVMScaleSet3Min;194,Microsoft.Compute/GetVMScaleSet30Min;1294']
    status: {code: 200, message: OK}
- request:
    body: null
    headers:
      Accept: [application/json]
      Accept-Encoding: ['gzip, deflate']
      CommandName: [vmss identity assign]
      Connection: [keep-alive]
      ParameterSetName: [-g -n --identities]
      User-Agent: [python/3.6.5 (Darwin-18.0.0-x86_64-i386-64bit) msrest/0.6.0 msrest_azure/0.4.34
          computemanagementclient/4.3.1 Azure-SDK-For-Python AZURECLI/2.0.52]
      accept-language: [en-US]
    method: GET
    uri: https://management.azure.com/subscriptions/00000000-0000-0000-0000-000000000000/resourceGroups/clitest.rg000001/providers/Microsoft.Compute/virtualMachineScaleSets/vmss1?api-version=2018-10-01
  response:
    body: {string: "{\r\n  \"sku\": {\r\n    \"name\": \"Standard_DS1_v2\",\r\n  \
        \  \"tier\": \"Standard\",\r\n    \"capacity\": 1\r\n  },\r\n  \"properties\"\
        : {\r\n    \"singlePlacementGroup\": true,\r\n    \"upgradePolicy\": {\r\n\
        \      \"mode\": \"Manual\"\r\n    },\r\n    \"virtualMachineProfile\": {\r\
        \n      \"osProfile\": {\r\n        \"computerNamePrefix\": \"vmss10cd6\"\
        ,\r\n        \"adminUsername\": \"ubuntuadmin\",\r\n        \"linuxConfiguration\"\
        : {\r\n          \"disablePasswordAuthentication\": true,\r\n          \"\
        ssh\": {\r\n            \"publicKeys\": [\r\n              {\r\n         \
        \       \"path\": \"/home/ubuntuadmin/.ssh/authorized_keys\",\r\n        \
        \        \"keyData\": \"ssh-rsa AAAAB3NzaC1yc2EAAAADAQABAAABAQCohExhkhhTIzPBXbjOPCmvaOnWm6BRAvuSXe6PWD1w4HEcsXTV7yoo3C6NPe6P3TCKHlzi7KnRzStqOftgK+SLx7gEW7/wAjnTHe2luP5Y8nNzMa8r5NifAGYvbHKa5qycpcuy4vsPp1RvjoH9N5y8lVQHcRUTfCrNMQNvTOcIFK56We9jeFNOXZxQE5dhPcaIQ7CMtcHqSKD7G5xHR2UqR4TK3xUTvdksTcInk6nCwuGiC3rL5b5S67fW61iBP35pBYPEXm0xWaekEBLrQv5en6BBX25+x4yVc9D9iQf/Dgh7HbFhPy+Rekye8KqExw/R0roVngORoVnBHucVX/L/\"\
        \r\n              }\r\n            ]\r\n          },\r\n          \"provisionVMAgent\"\
        : true\r\n        },\r\n        \"secrets\": [],\r\n        \"allowExtensionOperations\"\
        : true\r\n      },\r\n      \"storageProfile\": {\r\n        \"osDisk\": {\r\
        \n          \"createOption\": \"FromImage\",\r\n          \"caching\": \"\
        ReadWrite\",\r\n          \"managedDisk\": {\r\n            \"storageAccountType\"\
        : \"Premium_LRS\"\r\n          }\r\n        },\r\n        \"imageReference\"\
        : {\r\n          \"publisher\": \"Canonical\",\r\n          \"offer\": \"\
        UbuntuServer\",\r\n          \"sku\": \"16.04-LTS\",\r\n          \"version\"\
        : \"latest\"\r\n        }\r\n      },\r\n      \"networkProfile\": {\"networkInterfaceConfigurations\"\
        :[{\"name\":\"vmss10cd6Nic\",\"properties\":{\"primary\":true,\"enableAcceleratedNetworking\"\
        :false,\"dnsSettings\":{\"dnsServers\":[]},\"enableIPForwarding\":false,\"\
        ipConfigurations\":[{\"name\":\"vmss10cd6IPConfig\",\"properties\":{\"subnet\"\
        :{\"id\":\"/subscriptions/00000000-0000-0000-0000-000000000000/resourceGroups/clitest.rg000001/providers/Microsoft.Network/virtualNetworks/vmss1VNET/subnets/vmss1Subnet\"\
        },\"privateIPAddressVersion\":\"IPv4\",\"loadBalancerBackendAddressPools\"\
        :[{\"id\":\"/subscriptions/00000000-0000-0000-0000-000000000000/resourceGroups/clitest.rg000001/providers/Microsoft.Network/loadBalancers/vmss1LB/backendAddressPools/vmss1LBBEPool\"\
        }],\"loadBalancerInboundNatPools\":[{\"id\":\"/subscriptions/00000000-0000-0000-0000-000000000000/resourceGroups/clitest.rg000001/providers/Microsoft.Network/loadBalancers/vmss1LB/inboundNatPools/vmss1LBNatPool\"\
        }]}}]}}]}\r\n    },\r\n    \"provisioningState\": \"Succeeded\",\r\n    \"\
        overprovision\": true,\r\n    \"uniqueId\": \"eb650e2c-c7da-4cdb-b013-712561887f97\"\
        \r\n  },\r\n  \"type\": \"Microsoft.Compute/virtualMachineScaleSets\",\r\n\
        \  \"location\": \"westcentralus\",\r\n  \"tags\": {},\r\n  \"identity\":\
        \ {\r\n    \"type\": \"SystemAssigned, UserAssigned\",\r\n    \"principalId\"\
        : \"08c2764c-4e6c-4660-a13e-f219c97b8820\",\r\n    \"tenantId\": \"72f988bf-86f1-41af-91ab-2d7cd011db47\"\
        ,\r\n    \"userAssignedIdentities\": {\r\n      \"/subscriptions/00000000-0000-0000-0000-000000000000/resourceGroups/clitest.rg000001/providers/Microsoft.ManagedIdentity/userAssignedIdentities/id1\"\
        : {\r\n        \"principalId\": \"071e08c0-83ba-4f72-af5c-f52f7a8cf633\",\r\
        \n        \"clientId\": \"d369019f-7892-459d-8638-40280c529764\"\r\n     \
        \ }\r\n    }\r\n  },\r\n  \"id\": \"/subscriptions/00000000-0000-0000-0000-000000000000/resourceGroups/clitest.rg000001/providers/Microsoft.Compute/virtualMachineScaleSets/vmss1\"\
        ,\r\n  \"name\": \"vmss1\"\r\n}"}
    headers:
      cache-control: [no-cache]
      content-length: ['3408']
      content-type: [application/json; charset=utf-8]
      date: ['Thu, 13 Dec 2018 02:58:38 GMT']
      expires: ['-1']
      pragma: [no-cache]
      server: [Microsoft-HTTPAPI/2.0, Microsoft-HTTPAPI/2.0]
      strict-transport-security: [max-age=31536000; includeSubDomains]
      transfer-encoding: [chunked]
      vary: [Accept-Encoding]
      x-content-type-options: [nosniff]
      x-ms-ratelimit-remaining-resource: ['Microsoft.Compute/GetVMScaleSet3Min;193,Microsoft.Compute/GetVMScaleSet30Min;1293']
    status: {code: 200, message: OK}
- request:
    body: 'b''{"identity": {"type": "SystemAssigned, UserAssigned", "userAssignedIdentities":
      {"/subscriptions/00000000-0000-0000-0000-000000000000/resourceGroups/clitest.rg000001/providers/Microsoft.ManagedIdentity/userAssignedIdentities/id2":
      {}}}}'''
    headers:
      Accept: [application/json]
      Accept-Encoding: ['gzip, deflate']
      CommandName: [vmss identity assign]
      Connection: [keep-alive]
      Content-Length: ['240']
      Content-Type: [application/json; charset=utf-8]
      ParameterSetName: [-g -n --identities]
      User-Agent: [python/3.6.5 (Darwin-18.0.0-x86_64-i386-64bit) msrest/0.6.0 msrest_azure/0.4.34
          computemanagementclient/4.3.1 Azure-SDK-For-Python AZURECLI/2.0.52]
      accept-language: [en-US]
    method: PATCH
    uri: https://management.azure.com/subscriptions/00000000-0000-0000-0000-000000000000/resourceGroups/clitest.rg000001/providers/Microsoft.Compute/virtualMachineScaleSets/vmss1?api-version=2018-10-01
  response:
    body: {string: "{\r\n  \"sku\": {\r\n    \"name\": \"Standard_DS1_v2\",\r\n  \
        \  \"tier\": \"Standard\",\r\n    \"capacity\": 1\r\n  },\r\n  \"properties\"\
        : {\r\n    \"singlePlacementGroup\": true,\r\n    \"upgradePolicy\": {\r\n\
        \      \"mode\": \"Manual\"\r\n    },\r\n    \"virtualMachineProfile\": {\r\
        \n      \"osProfile\": {\r\n        \"computerNamePrefix\": \"vmss10cd6\"\
        ,\r\n        \"adminUsername\": \"ubuntuadmin\",\r\n        \"linuxConfiguration\"\
        : {\r\n          \"disablePasswordAuthentication\": true,\r\n          \"\
        ssh\": {\r\n            \"publicKeys\": [\r\n              {\r\n         \
        \       \"path\": \"/home/ubuntuadmin/.ssh/authorized_keys\",\r\n        \
        \        \"keyData\": \"ssh-rsa AAAAB3NzaC1yc2EAAAADAQABAAABAQCohExhkhhTIzPBXbjOPCmvaOnWm6BRAvuSXe6PWD1w4HEcsXTV7yoo3C6NPe6P3TCKHlzi7KnRzStqOftgK+SLx7gEW7/wAjnTHe2luP5Y8nNzMa8r5NifAGYvbHKa5qycpcuy4vsPp1RvjoH9N5y8lVQHcRUTfCrNMQNvTOcIFK56We9jeFNOXZxQE5dhPcaIQ7CMtcHqSKD7G5xHR2UqR4TK3xUTvdksTcInk6nCwuGiC3rL5b5S67fW61iBP35pBYPEXm0xWaekEBLrQv5en6BBX25+x4yVc9D9iQf/Dgh7HbFhPy+Rekye8KqExw/R0roVngORoVnBHucVX/L/\"\
        \r\n              }\r\n            ]\r\n          },\r\n          \"provisionVMAgent\"\
        : true\r\n        },\r\n        \"secrets\": [],\r\n        \"allowExtensionOperations\"\
        : true\r\n      },\r\n      \"storageProfile\": {\r\n        \"osDisk\": {\r\
        \n          \"createOption\": \"FromImage\",\r\n          \"caching\": \"\
        ReadWrite\",\r\n          \"managedDisk\": {\r\n            \"storageAccountType\"\
        : \"Premium_LRS\"\r\n          }\r\n        },\r\n        \"imageReference\"\
        : {\r\n          \"publisher\": \"Canonical\",\r\n          \"offer\": \"\
        UbuntuServer\",\r\n          \"sku\": \"16.04-LTS\",\r\n          \"version\"\
        : \"latest\"\r\n        }\r\n      },\r\n      \"networkProfile\": {\"networkInterfaceConfigurations\"\
        :[{\"name\":\"vmss10cd6Nic\",\"properties\":{\"primary\":true,\"enableAcceleratedNetworking\"\
        :false,\"dnsSettings\":{\"dnsServers\":[]},\"enableIPForwarding\":false,\"\
        ipConfigurations\":[{\"name\":\"vmss10cd6IPConfig\",\"properties\":{\"subnet\"\
        :{\"id\":\"/subscriptions/00000000-0000-0000-0000-000000000000/resourceGroups/clitest.rg000001/providers/Microsoft.Network/virtualNetworks/vmss1VNET/subnets/vmss1Subnet\"\
        },\"privateIPAddressVersion\":\"IPv4\",\"loadBalancerBackendAddressPools\"\
        :[{\"id\":\"/subscriptions/00000000-0000-0000-0000-000000000000/resourceGroups/clitest.rg000001/providers/Microsoft.Network/loadBalancers/vmss1LB/backendAddressPools/vmss1LBBEPool\"\
        }],\"loadBalancerInboundNatPools\":[{\"id\":\"/subscriptions/00000000-0000-0000-0000-000000000000/resourceGroups/clitest.rg000001/providers/Microsoft.Network/loadBalancers/vmss1LB/inboundNatPools/vmss1LBNatPool\"\
        }]}}]}}]}\r\n    },\r\n    \"provisioningState\": \"Updating\",\r\n    \"\
        overprovision\": true,\r\n    \"uniqueId\": \"eb650e2c-c7da-4cdb-b013-712561887f97\"\
        \r\n  },\r\n  \"type\": \"Microsoft.Compute/virtualMachineScaleSets\",\r\n\
        \  \"location\": \"westcentralus\",\r\n  \"tags\": {},\r\n  \"identity\":\
        \ {\r\n    \"type\": \"SystemAssigned, UserAssigned\",\r\n    \"principalId\"\
        : \"08c2764c-4e6c-4660-a13e-f219c97b8820\",\r\n    \"tenantId\": \"72f988bf-86f1-41af-91ab-2d7cd011db47\"\
        ,\r\n    \"userAssignedIdentities\": {\r\n      \"/subscriptions/00000000-0000-0000-0000-000000000000/resourceGroups/clitest.rg000001/providers/Microsoft.ManagedIdentity/userAssignedIdentities/id1\"\
        : {},\r\n      \"/subscriptions/00000000-0000-0000-0000-000000000000/resourceGroups/clitest.rg000001/providers/Microsoft.ManagedIdentity/userAssignedIdentities/id2\"\
        : {}\r\n    }\r\n  },\r\n  \"id\": \"/subscriptions/00000000-0000-0000-0000-000000000000/resourceGroups/clitest.rg000001/providers/Microsoft.Compute/virtualMachineScaleSets/vmss1\"\
        ,\r\n  \"name\": \"vmss1\"\r\n}"}
    headers:
      azure-asyncnotification: [Enabled]
      azure-asyncoperation: ['https://management.azure.com/subscriptions/00000000-0000-0000-0000-000000000000/providers/Microsoft.Compute/locations/westcentralus/operations/c4e0412f-0305-446b-8136-9c1dfe672f17?api-version=2018-10-01']
      cache-control: [no-cache]
      content-length: ['3440']
      content-type: [application/json; charset=utf-8]
      date: ['Thu, 13 Dec 2018 02:58:40 GMT']
      expires: ['-1']
      pragma: [no-cache]
      server: [Microsoft-HTTPAPI/2.0, Microsoft-HTTPAPI/2.0]
      strict-transport-security: [max-age=31536000; includeSubDomains]
      transfer-encoding: [chunked]
      vary: [Accept-Encoding]
      x-content-type-options: [nosniff]
      x-ms-ratelimit-remaining-resource: ['Microsoft.Compute/VMScaleSetActions3Min;239,Microsoft.Compute/VMScaleSetActions30Min;1199,Microsoft.Compute/VmssQueuedVMOperations;4800']
      x-ms-ratelimit-remaining-subscription-writes: ['1198']
      x-ms-request-charge: ['0']
    status: {code: 200, message: OK}
- request:
    body: null
    headers:
      Accept: [application/json]
      Accept-Encoding: ['gzip, deflate']
      CommandName: [vmss identity assign]
      Connection: [keep-alive]
      ParameterSetName: [-g -n --identities]
      User-Agent: [python/3.6.5 (Darwin-18.0.0-x86_64-i386-64bit) msrest/0.6.0 msrest_azure/0.4.34
          computemanagementclient/4.3.1 Azure-SDK-For-Python AZURECLI/2.0.52]
    method: GET
    uri: https://management.azure.com/subscriptions/00000000-0000-0000-0000-000000000000/providers/Microsoft.Compute/locations/westcentralus/operations/c4e0412f-0305-446b-8136-9c1dfe672f17?api-version=2018-10-01
  response:
    body: {string: "{\r\n  \"startTime\": \"2018-12-13T02:58:40.4746314+00:00\",\r\
        \n  \"status\": \"InProgress\",\r\n  \"name\": \"c4e0412f-0305-446b-8136-9c1dfe672f17\"\
        \r\n}"}
    headers:
      cache-control: [no-cache]
      content-length: ['134']
      content-type: [application/json; charset=utf-8]
      date: ['Thu, 13 Dec 2018 02:58:50 GMT']
      expires: ['-1']
      pragma: [no-cache]
      server: [Microsoft-HTTPAPI/2.0, Microsoft-HTTPAPI/2.0]
      strict-transport-security: [max-age=31536000; includeSubDomains]
      transfer-encoding: [chunked]
      vary: [Accept-Encoding]
      x-content-type-options: [nosniff]
      x-ms-ratelimit-remaining-resource: ['Microsoft.Compute/GetOperation3Min;14995,Microsoft.Compute/GetOperation30Min;29995']
    status: {code: 200, message: OK}
- request:
    body: null
    headers:
      Accept: [application/json]
      Accept-Encoding: ['gzip, deflate']
      CommandName: [vmss identity assign]
      Connection: [keep-alive]
      ParameterSetName: [-g -n --identities]
      User-Agent: [python/3.6.5 (Darwin-18.0.0-x86_64-i386-64bit) msrest/0.6.0 msrest_azure/0.4.34
          computemanagementclient/4.3.1 Azure-SDK-For-Python AZURECLI/2.0.52]
    method: GET
    uri: https://management.azure.com/subscriptions/00000000-0000-0000-0000-000000000000/providers/Microsoft.Compute/locations/westcentralus/operations/c4e0412f-0305-446b-8136-9c1dfe672f17?api-version=2018-10-01
  response:
    body: {string: "{\r\n  \"startTime\": \"2018-12-13T02:58:40.4746314+00:00\",\r\
        \n  \"endTime\": \"2018-12-13T02:58:51.5683546+00:00\",\r\n  \"status\": \"\
        Succeeded\",\r\n  \"name\": \"c4e0412f-0305-446b-8136-9c1dfe672f17\"\r\n}"}
    headers:
      cache-control: [no-cache]
      content-length: ['184']
      content-type: [application/json; charset=utf-8]
      date: ['Thu, 13 Dec 2018 02:59:28 GMT']
      expires: ['-1']
      pragma: [no-cache]
      server: [Microsoft-HTTPAPI/2.0, Microsoft-HTTPAPI/2.0]
      strict-transport-security: [max-age=31536000; includeSubDomains]
      transfer-encoding: [chunked]
      vary: [Accept-Encoding]
      x-content-type-options: [nosniff]
      x-ms-ratelimit-remaining-resource: ['Microsoft.Compute/GetOperation3Min;14993,Microsoft.Compute/GetOperation30Min;29993']
    status: {code: 200, message: OK}
- request:
    body: null
    headers:
      Accept: [application/json]
      Accept-Encoding: ['gzip, deflate']
      CommandName: [vmss identity assign]
      Connection: [keep-alive]
      ParameterSetName: [-g -n --identities]
      User-Agent: [python/3.6.5 (Darwin-18.0.0-x86_64-i386-64bit) msrest/0.6.0 msrest_azure/0.4.34
          computemanagementclient/4.3.1 Azure-SDK-For-Python AZURECLI/2.0.52]
    method: GET
    uri: https://management.azure.com/subscriptions/00000000-0000-0000-0000-000000000000/resourceGroups/clitest.rg000001/providers/Microsoft.Compute/virtualMachineScaleSets/vmss1?api-version=2018-10-01
  response:
    body: {string: "{\r\n  \"sku\": {\r\n    \"name\": \"Standard_DS1_v2\",\r\n  \
        \  \"tier\": \"Standard\",\r\n    \"capacity\": 1\r\n  },\r\n  \"properties\"\
        : {\r\n    \"singlePlacementGroup\": true,\r\n    \"upgradePolicy\": {\r\n\
        \      \"mode\": \"Manual\"\r\n    },\r\n    \"virtualMachineProfile\": {\r\
        \n      \"osProfile\": {\r\n        \"computerNamePrefix\": \"vmss10cd6\"\
        ,\r\n        \"adminUsername\": \"ubuntuadmin\",\r\n        \"linuxConfiguration\"\
        : {\r\n          \"disablePasswordAuthentication\": true,\r\n          \"\
        ssh\": {\r\n            \"publicKeys\": [\r\n              {\r\n         \
        \       \"path\": \"/home/ubuntuadmin/.ssh/authorized_keys\",\r\n        \
        \        \"keyData\": \"ssh-rsa AAAAB3NzaC1yc2EAAAADAQABAAABAQCohExhkhhTIzPBXbjOPCmvaOnWm6BRAvuSXe6PWD1w4HEcsXTV7yoo3C6NPe6P3TCKHlzi7KnRzStqOftgK+SLx7gEW7/wAjnTHe2luP5Y8nNzMa8r5NifAGYvbHKa5qycpcuy4vsPp1RvjoH9N5y8lVQHcRUTfCrNMQNvTOcIFK56We9jeFNOXZxQE5dhPcaIQ7CMtcHqSKD7G5xHR2UqR4TK3xUTvdksTcInk6nCwuGiC3rL5b5S67fW61iBP35pBYPEXm0xWaekEBLrQv5en6BBX25+x4yVc9D9iQf/Dgh7HbFhPy+Rekye8KqExw/R0roVngORoVnBHucVX/L/\"\
        \r\n              }\r\n            ]\r\n          },\r\n          \"provisionVMAgent\"\
        : true\r\n        },\r\n        \"secrets\": [],\r\n        \"allowExtensionOperations\"\
        : true\r\n      },\r\n      \"storageProfile\": {\r\n        \"osDisk\": {\r\
        \n          \"createOption\": \"FromImage\",\r\n          \"caching\": \"\
        ReadWrite\",\r\n          \"managedDisk\": {\r\n            \"storageAccountType\"\
        : \"Premium_LRS\"\r\n          }\r\n        },\r\n        \"imageReference\"\
        : {\r\n          \"publisher\": \"Canonical\",\r\n          \"offer\": \"\
        UbuntuServer\",\r\n          \"sku\": \"16.04-LTS\",\r\n          \"version\"\
        : \"latest\"\r\n        }\r\n      },\r\n      \"networkProfile\": {\"networkInterfaceConfigurations\"\
        :[{\"name\":\"vmss10cd6Nic\",\"properties\":{\"primary\":true,\"enableAcceleratedNetworking\"\
        :false,\"dnsSettings\":{\"dnsServers\":[]},\"enableIPForwarding\":false,\"\
        ipConfigurations\":[{\"name\":\"vmss10cd6IPConfig\",\"properties\":{\"subnet\"\
        :{\"id\":\"/subscriptions/00000000-0000-0000-0000-000000000000/resourceGroups/clitest.rg000001/providers/Microsoft.Network/virtualNetworks/vmss1VNET/subnets/vmss1Subnet\"\
        },\"privateIPAddressVersion\":\"IPv4\",\"loadBalancerBackendAddressPools\"\
        :[{\"id\":\"/subscriptions/00000000-0000-0000-0000-000000000000/resourceGroups/clitest.rg000001/providers/Microsoft.Network/loadBalancers/vmss1LB/backendAddressPools/vmss1LBBEPool\"\
        }],\"loadBalancerInboundNatPools\":[{\"id\":\"/subscriptions/00000000-0000-0000-0000-000000000000/resourceGroups/clitest.rg000001/providers/Microsoft.Network/loadBalancers/vmss1LB/inboundNatPools/vmss1LBNatPool\"\
        }]}}]}}]}\r\n    },\r\n    \"provisioningState\": \"Succeeded\",\r\n    \"\
        overprovision\": true,\r\n    \"uniqueId\": \"eb650e2c-c7da-4cdb-b013-712561887f97\"\
        \r\n  },\r\n  \"type\": \"Microsoft.Compute/virtualMachineScaleSets\",\r\n\
        \  \"location\": \"westcentralus\",\r\n  \"tags\": {},\r\n  \"identity\":\
        \ {\r\n    \"type\": \"SystemAssigned, UserAssigned\",\r\n    \"principalId\"\
        : \"08c2764c-4e6c-4660-a13e-f219c97b8820\",\r\n    \"tenantId\": \"72f988bf-86f1-41af-91ab-2d7cd011db47\"\
        ,\r\n    \"userAssignedIdentities\": {\r\n      \"/subscriptions/00000000-0000-0000-0000-000000000000/resourceGroups/clitest.rg000001/providers/Microsoft.ManagedIdentity/userAssignedIdentities/id1\"\
        : {\r\n        \"principalId\": \"071e08c0-83ba-4f72-af5c-f52f7a8cf633\",\r\
        \n        \"clientId\": \"d369019f-7892-459d-8638-40280c529764\"\r\n     \
        \ },\r\n      \"/subscriptions/00000000-0000-0000-0000-000000000000/resourceGroups/clitest.rg000001/providers/Microsoft.ManagedIdentity/userAssignedIdentities/id2\"\
        : {\r\n        \"principalId\": \"6b357928-762f-4e46-9510-26c1438128b3\",\r\
        \n        \"clientId\": \"2e9cd627-dc12-4580-b84e-3e25d0780509\"\r\n     \
        \ }\r\n    }\r\n  },\r\n  \"id\": \"/subscriptions/00000000-0000-0000-0000-000000000000/resourceGroups/clitest.rg000001/providers/Microsoft.Compute/virtualMachineScaleSets/vmss1\"\
        ,\r\n  \"name\": \"vmss1\"\r\n}"}
    headers:
      cache-control: [no-cache]
      content-length: ['3705']
      content-type: [application/json; charset=utf-8]
      date: ['Thu, 13 Dec 2018 02:59:28 GMT']
      expires: ['-1']
      pragma: [no-cache]
      server: [Microsoft-HTTPAPI/2.0, Microsoft-HTTPAPI/2.0]
      strict-transport-security: [max-age=31536000; includeSubDomains]
      transfer-encoding: [chunked]
      vary: [Accept-Encoding]
      x-content-type-options: [nosniff]
      x-ms-ratelimit-remaining-resource: ['Microsoft.Compute/GetVMScaleSet3Min;185,Microsoft.Compute/GetVMScaleSet30Min;1285']
    status: {code: 200, message: OK}
- request:
    body: null
    headers:
      Accept: [application/json]
      Accept-Encoding: ['gzip, deflate']
      CommandName: [vmss identity assign]
      Connection: [keep-alive]
      ParameterSetName: [-g -n --identities]
      User-Agent: [python/3.6.5 (Darwin-18.0.0-x86_64-i386-64bit) msrest/0.6.0 msrest_azure/0.4.34
          computemanagementclient/4.3.1 Azure-SDK-For-Python AZURECLI/2.0.52]
      accept-language: [en-US]
    method: GET
    uri: https://management.azure.com/subscriptions/00000000-0000-0000-0000-000000000000/resourceGroups/clitest.rg000001/providers/Microsoft.Compute/virtualMachineScaleSets/vmss1?api-version=2018-10-01
  response:
    body: {string: "{\r\n  \"sku\": {\r\n    \"name\": \"Standard_DS1_v2\",\r\n  \
        \  \"tier\": \"Standard\",\r\n    \"capacity\": 1\r\n  },\r\n  \"properties\"\
        : {\r\n    \"singlePlacementGroup\": true,\r\n    \"upgradePolicy\": {\r\n\
        \      \"mode\": \"Manual\"\r\n    },\r\n    \"virtualMachineProfile\": {\r\
        \n      \"osProfile\": {\r\n        \"computerNamePrefix\": \"vmss10cd6\"\
        ,\r\n        \"adminUsername\": \"ubuntuadmin\",\r\n        \"linuxConfiguration\"\
        : {\r\n          \"disablePasswordAuthentication\": true,\r\n          \"\
        ssh\": {\r\n            \"publicKeys\": [\r\n              {\r\n         \
        \       \"path\": \"/home/ubuntuadmin/.ssh/authorized_keys\",\r\n        \
        \        \"keyData\": \"ssh-rsa AAAAB3NzaC1yc2EAAAADAQABAAABAQCohExhkhhTIzPBXbjOPCmvaOnWm6BRAvuSXe6PWD1w4HEcsXTV7yoo3C6NPe6P3TCKHlzi7KnRzStqOftgK+SLx7gEW7/wAjnTHe2luP5Y8nNzMa8r5NifAGYvbHKa5qycpcuy4vsPp1RvjoH9N5y8lVQHcRUTfCrNMQNvTOcIFK56We9jeFNOXZxQE5dhPcaIQ7CMtcHqSKD7G5xHR2UqR4TK3xUTvdksTcInk6nCwuGiC3rL5b5S67fW61iBP35pBYPEXm0xWaekEBLrQv5en6BBX25+x4yVc9D9iQf/Dgh7HbFhPy+Rekye8KqExw/R0roVngORoVnBHucVX/L/\"\
        \r\n              }\r\n            ]\r\n          },\r\n          \"provisionVMAgent\"\
        : true\r\n        },\r\n        \"secrets\": [],\r\n        \"allowExtensionOperations\"\
        : true\r\n      },\r\n      \"storageProfile\": {\r\n        \"osDisk\": {\r\
        \n          \"createOption\": \"FromImage\",\r\n          \"caching\": \"\
        ReadWrite\",\r\n          \"managedDisk\": {\r\n            \"storageAccountType\"\
        : \"Premium_LRS\"\r\n          }\r\n        },\r\n        \"imageReference\"\
        : {\r\n          \"publisher\": \"Canonical\",\r\n          \"offer\": \"\
        UbuntuServer\",\r\n          \"sku\": \"16.04-LTS\",\r\n          \"version\"\
        : \"latest\"\r\n        }\r\n      },\r\n      \"networkProfile\": {\"networkInterfaceConfigurations\"\
        :[{\"name\":\"vmss10cd6Nic\",\"properties\":{\"primary\":true,\"enableAcceleratedNetworking\"\
        :false,\"dnsSettings\":{\"dnsServers\":[]},\"enableIPForwarding\":false,\"\
        ipConfigurations\":[{\"name\":\"vmss10cd6IPConfig\",\"properties\":{\"subnet\"\
        :{\"id\":\"/subscriptions/00000000-0000-0000-0000-000000000000/resourceGroups/clitest.rg000001/providers/Microsoft.Network/virtualNetworks/vmss1VNET/subnets/vmss1Subnet\"\
        },\"privateIPAddressVersion\":\"IPv4\",\"loadBalancerBackendAddressPools\"\
        :[{\"id\":\"/subscriptions/00000000-0000-0000-0000-000000000000/resourceGroups/clitest.rg000001/providers/Microsoft.Network/loadBalancers/vmss1LB/backendAddressPools/vmss1LBBEPool\"\
        }],\"loadBalancerInboundNatPools\":[{\"id\":\"/subscriptions/00000000-0000-0000-0000-000000000000/resourceGroups/clitest.rg000001/providers/Microsoft.Network/loadBalancers/vmss1LB/inboundNatPools/vmss1LBNatPool\"\
        }]}}]}}]}\r\n    },\r\n    \"provisioningState\": \"Succeeded\",\r\n    \"\
        overprovision\": true,\r\n    \"uniqueId\": \"eb650e2c-c7da-4cdb-b013-712561887f97\"\
        \r\n  },\r\n  \"type\": \"Microsoft.Compute/virtualMachineScaleSets\",\r\n\
        \  \"location\": \"westcentralus\",\r\n  \"tags\": {},\r\n  \"identity\":\
        \ {\r\n    \"type\": \"SystemAssigned, UserAssigned\",\r\n    \"principalId\"\
        : \"08c2764c-4e6c-4660-a13e-f219c97b8820\",\r\n    \"tenantId\": \"72f988bf-86f1-41af-91ab-2d7cd011db47\"\
        ,\r\n    \"userAssignedIdentities\": {\r\n      \"/subscriptions/00000000-0000-0000-0000-000000000000/resourceGroups/clitest.rg000001/providers/Microsoft.ManagedIdentity/userAssignedIdentities/id1\"\
        : {\r\n        \"principalId\": \"071e08c0-83ba-4f72-af5c-f52f7a8cf633\",\r\
        \n        \"clientId\": \"d369019f-7892-459d-8638-40280c529764\"\r\n     \
        \ },\r\n      \"/subscriptions/00000000-0000-0000-0000-000000000000/resourceGroups/clitest.rg000001/providers/Microsoft.ManagedIdentity/userAssignedIdentities/id2\"\
        : {\r\n        \"principalId\": \"6b357928-762f-4e46-9510-26c1438128b3\",\r\
        \n        \"clientId\": \"2e9cd627-dc12-4580-b84e-3e25d0780509\"\r\n     \
        \ }\r\n    }\r\n  },\r\n  \"id\": \"/subscriptions/00000000-0000-0000-0000-000000000000/resourceGroups/clitest.rg000001/providers/Microsoft.Compute/virtualMachineScaleSets/vmss1\"\
        ,\r\n  \"name\": \"vmss1\"\r\n}"}
    headers:
      cache-control: [no-cache]
      content-length: ['3705']
      content-type: [application/json; charset=utf-8]
      date: ['Thu, 13 Dec 2018 02:59:29 GMT']
      expires: ['-1']
      pragma: [no-cache]
      server: [Microsoft-HTTPAPI/2.0, Microsoft-HTTPAPI/2.0]
      strict-transport-security: [max-age=31536000; includeSubDomains]
      transfer-encoding: [chunked]
      vary: [Accept-Encoding]
      x-content-type-options: [nosniff]
      x-ms-ratelimit-remaining-resource: ['Microsoft.Compute/GetVMScaleSet3Min;184,Microsoft.Compute/GetVMScaleSet30Min;1284']
    status: {code: 200, message: OK}
- request:
    body: null
    headers:
      Accept: [application/json]
      Accept-Encoding: ['gzip, deflate']
      CommandName: [vmss identity show]
      Connection: [keep-alive]
      ParameterSetName: [-g -n]
      User-Agent: [python/3.6.5 (Darwin-18.0.0-x86_64-i386-64bit) msrest/0.6.0 msrest_azure/0.4.34
          computemanagementclient/4.3.1 Azure-SDK-For-Python AZURECLI/2.0.52]
      accept-language: [en-US]
    method: GET
    uri: https://management.azure.com/subscriptions/00000000-0000-0000-0000-000000000000/resourceGroups/clitest.rg000001/providers/Microsoft.Compute/virtualMachineScaleSets/vmss1?api-version=2018-10-01
  response:
    body: {string: "{\r\n  \"sku\": {\r\n    \"name\": \"Standard_DS1_v2\",\r\n  \
        \  \"tier\": \"Standard\",\r\n    \"capacity\": 1\r\n  },\r\n  \"properties\"\
        : {\r\n    \"singlePlacementGroup\": true,\r\n    \"upgradePolicy\": {\r\n\
        \      \"mode\": \"Manual\"\r\n    },\r\n    \"virtualMachineProfile\": {\r\
        \n      \"osProfile\": {\r\n        \"computerNamePrefix\": \"vmss10cd6\"\
        ,\r\n        \"adminUsername\": \"ubuntuadmin\",\r\n        \"linuxConfiguration\"\
        : {\r\n          \"disablePasswordAuthentication\": true,\r\n          \"\
        ssh\": {\r\n            \"publicKeys\": [\r\n              {\r\n         \
        \       \"path\": \"/home/ubuntuadmin/.ssh/authorized_keys\",\r\n        \
        \        \"keyData\": \"ssh-rsa AAAAB3NzaC1yc2EAAAADAQABAAABAQCohExhkhhTIzPBXbjOPCmvaOnWm6BRAvuSXe6PWD1w4HEcsXTV7yoo3C6NPe6P3TCKHlzi7KnRzStqOftgK+SLx7gEW7/wAjnTHe2luP5Y8nNzMa8r5NifAGYvbHKa5qycpcuy4vsPp1RvjoH9N5y8lVQHcRUTfCrNMQNvTOcIFK56We9jeFNOXZxQE5dhPcaIQ7CMtcHqSKD7G5xHR2UqR4TK3xUTvdksTcInk6nCwuGiC3rL5b5S67fW61iBP35pBYPEXm0xWaekEBLrQv5en6BBX25+x4yVc9D9iQf/Dgh7HbFhPy+Rekye8KqExw/R0roVngORoVnBHucVX/L/\"\
        \r\n              }\r\n            ]\r\n          },\r\n          \"provisionVMAgent\"\
        : true\r\n        },\r\n        \"secrets\": [],\r\n        \"allowExtensionOperations\"\
        : true\r\n      },\r\n      \"storageProfile\": {\r\n        \"osDisk\": {\r\
        \n          \"createOption\": \"FromImage\",\r\n          \"caching\": \"\
        ReadWrite\",\r\n          \"managedDisk\": {\r\n            \"storageAccountType\"\
        : \"Premium_LRS\"\r\n          }\r\n        },\r\n        \"imageReference\"\
        : {\r\n          \"publisher\": \"Canonical\",\r\n          \"offer\": \"\
        UbuntuServer\",\r\n          \"sku\": \"16.04-LTS\",\r\n          \"version\"\
        : \"latest\"\r\n        }\r\n      },\r\n      \"networkProfile\": {\"networkInterfaceConfigurations\"\
        :[{\"name\":\"vmss10cd6Nic\",\"properties\":{\"primary\":true,\"enableAcceleratedNetworking\"\
        :false,\"dnsSettings\":{\"dnsServers\":[]},\"enableIPForwarding\":false,\"\
        ipConfigurations\":[{\"name\":\"vmss10cd6IPConfig\",\"properties\":{\"subnet\"\
        :{\"id\":\"/subscriptions/00000000-0000-0000-0000-000000000000/resourceGroups/clitest.rg000001/providers/Microsoft.Network/virtualNetworks/vmss1VNET/subnets/vmss1Subnet\"\
        },\"privateIPAddressVersion\":\"IPv4\",\"loadBalancerBackendAddressPools\"\
        :[{\"id\":\"/subscriptions/00000000-0000-0000-0000-000000000000/resourceGroups/clitest.rg000001/providers/Microsoft.Network/loadBalancers/vmss1LB/backendAddressPools/vmss1LBBEPool\"\
        }],\"loadBalancerInboundNatPools\":[{\"id\":\"/subscriptions/00000000-0000-0000-0000-000000000000/resourceGroups/clitest.rg000001/providers/Microsoft.Network/loadBalancers/vmss1LB/inboundNatPools/vmss1LBNatPool\"\
        }]}}]}}]}\r\n    },\r\n    \"provisioningState\": \"Succeeded\",\r\n    \"\
        overprovision\": true,\r\n    \"uniqueId\": \"eb650e2c-c7da-4cdb-b013-712561887f97\"\
        \r\n  },\r\n  \"type\": \"Microsoft.Compute/virtualMachineScaleSets\",\r\n\
        \  \"location\": \"westcentralus\",\r\n  \"tags\": {},\r\n  \"identity\":\
        \ {\r\n    \"type\": \"SystemAssigned, UserAssigned\",\r\n    \"principalId\"\
        : \"08c2764c-4e6c-4660-a13e-f219c97b8820\",\r\n    \"tenantId\": \"72f988bf-86f1-41af-91ab-2d7cd011db47\"\
        ,\r\n    \"userAssignedIdentities\": {\r\n      \"/subscriptions/00000000-0000-0000-0000-000000000000/resourceGroups/clitest.rg000001/providers/Microsoft.ManagedIdentity/userAssignedIdentities/id1\"\
        : {\r\n        \"principalId\": \"071e08c0-83ba-4f72-af5c-f52f7a8cf633\",\r\
        \n        \"clientId\": \"d369019f-7892-459d-8638-40280c529764\"\r\n     \
        \ },\r\n      \"/subscriptions/00000000-0000-0000-0000-000000000000/resourceGroups/clitest.rg000001/providers/Microsoft.ManagedIdentity/userAssignedIdentities/id2\"\
        : {\r\n        \"principalId\": \"6b357928-762f-4e46-9510-26c1438128b3\",\r\
        \n        \"clientId\": \"2e9cd627-dc12-4580-b84e-3e25d0780509\"\r\n     \
        \ }\r\n    }\r\n  },\r\n  \"id\": \"/subscriptions/00000000-0000-0000-0000-000000000000/resourceGroups/clitest.rg000001/providers/Microsoft.Compute/virtualMachineScaleSets/vmss1\"\
        ,\r\n  \"name\": \"vmss1\"\r\n}"}
    headers:
      cache-control: [no-cache]
      content-length: ['3705']
      content-type: [application/json; charset=utf-8]
      date: ['Thu, 13 Dec 2018 02:59:28 GMT']
      expires: ['-1']
      pragma: [no-cache]
      server: [Microsoft-HTTPAPI/2.0, Microsoft-HTTPAPI/2.0]
      strict-transport-security: [max-age=31536000; includeSubDomains]
      transfer-encoding: [chunked]
      vary: [Accept-Encoding]
      x-content-type-options: [nosniff]
      x-ms-ratelimit-remaining-resource: ['Microsoft.Compute/GetVMScaleSet3Min;183,Microsoft.Compute/GetVMScaleSet30Min;1283']
    status: {code: 200, message: OK}
- request:
    body: '{"instanceIds": ["*"]}'
    headers:
      Accept: [application/json]
      Accept-Encoding: ['gzip, deflate']
      CommandName: [vmss update-instances]
      Connection: [keep-alive]
      Content-Length: ['22']
      Content-Type: [application/json; charset=utf-8]
      ParameterSetName: [-g -n --instance-ids]
      User-Agent: [python/3.6.5 (Darwin-18.0.0-x86_64-i386-64bit) msrest/0.6.0 msrest_azure/0.4.34
          computemanagementclient/4.3.1 Azure-SDK-For-Python AZURECLI/2.0.52]
      accept-language: [en-US]
    method: POST
    uri: https://management.azure.com/subscriptions/00000000-0000-0000-0000-000000000000/resourceGroups/clitest.rg000001/providers/Microsoft.Compute/virtualMachineScaleSets/vmss1/manualupgrade?api-version=2018-10-01
  response:
    body: {string: ''}
    headers:
      azure-asyncoperation: ['https://management.azure.com/subscriptions/00000000-0000-0000-0000-000000000000/providers/Microsoft.Compute/locations/westcentralus/operations/7cddfbd4-2ec1-48e1-87f8-c52159f2a939?api-version=2018-10-01']
      cache-control: [no-cache]
      content-length: ['0']
      date: ['Thu, 13 Dec 2018 02:59:29 GMT']
      expires: ['-1']
      location: ['https://management.azure.com/subscriptions/00000000-0000-0000-0000-000000000000/providers/Microsoft.Compute/locations/westcentralus/operations/7cddfbd4-2ec1-48e1-87f8-c52159f2a939?monitor=true&api-version=2018-10-01']
      pragma: [no-cache]
      server: [Microsoft-HTTPAPI/2.0, Microsoft-HTTPAPI/2.0]
      strict-transport-security: [max-age=31536000; includeSubDomains]
      x-content-type-options: [nosniff]
      x-ms-ratelimit-remaining-resource: ['Microsoft.Compute/VMScaleSetActions3Min;238,Microsoft.Compute/VMScaleSetActions30Min;1198,Microsoft.Compute/VMScaleSetBatchedVMRequests5Min;1197,Microsoft.Compute/VmssQueuedVMOperations;4799']
      x-ms-ratelimit-remaining-subscription-writes: ['1199']
      x-ms-request-charge: ['1']
    status: {code: 202, message: Accepted}
- request:
    body: null
    headers:
      Accept: [application/json]
      Accept-Encoding: ['gzip, deflate']
      CommandName: [vmss update-instances]
      Connection: [keep-alive]
      ParameterSetName: [-g -n --instance-ids]
      User-Agent: [python/3.6.5 (Darwin-18.0.0-x86_64-i386-64bit) msrest/0.6.0 msrest_azure/0.4.34
          computemanagementclient/4.3.1 Azure-SDK-For-Python AZURECLI/2.0.52]
    method: GET
    uri: https://management.azure.com/subscriptions/00000000-0000-0000-0000-000000000000/providers/Microsoft.Compute/locations/westcentralus/operations/7cddfbd4-2ec1-48e1-87f8-c52159f2a939?api-version=2018-10-01
  response:
    body: {string: "{\r\n  \"startTime\": \"2018-12-13T02:59:30.6777576+00:00\",\r\
        \n  \"endTime\": \"2018-12-13T02:59:31.584001+00:00\",\r\n  \"status\": \"\
        Succeeded\",\r\n  \"name\": \"7cddfbd4-2ec1-48e1-87f8-c52159f2a939\"\r\n}"}
    headers:
      cache-control: [no-cache]
      content-length: ['183']
      content-type: [application/json; charset=utf-8]
      date: ['Thu, 13 Dec 2018 03:00:00 GMT']
      expires: ['-1']
      pragma: [no-cache]
      server: [Microsoft-HTTPAPI/2.0, Microsoft-HTTPAPI/2.0]
      strict-transport-security: [max-age=31536000; includeSubDomains]
      transfer-encoding: [chunked]
      vary: [Accept-Encoding]
      x-content-type-options: [nosniff]
      x-ms-ratelimit-remaining-resource: ['Microsoft.Compute/GetOperation3Min;14992,Microsoft.Compute/GetOperation30Min;29991']
    status: {code: 200, message: OK}
- request:
    body: null
    headers:
      Accept: [application/json]
      Accept-Encoding: ['gzip, deflate']
      CommandName: [vmss identity remove]
      Connection: [keep-alive]
      ParameterSetName: [-g -n --identities]
      User-Agent: [python/3.6.5 (Darwin-18.0.0-x86_64-i386-64bit) msrest/0.6.0 msrest_azure/0.4.34
          computemanagementclient/4.3.1 Azure-SDK-For-Python AZURECLI/2.0.52]
      accept-language: [en-US]
    method: GET
    uri: https://management.azure.com/subscriptions/00000000-0000-0000-0000-000000000000/resourceGroups/clitest.rg000001/providers/Microsoft.Compute/virtualMachineScaleSets/vmss1?api-version=2018-10-01
  response:
    body: {string: "{\r\n  \"sku\": {\r\n    \"name\": \"Standard_DS1_v2\",\r\n  \
        \  \"tier\": \"Standard\",\r\n    \"capacity\": 1\r\n  },\r\n  \"properties\"\
        : {\r\n    \"singlePlacementGroup\": true,\r\n    \"upgradePolicy\": {\r\n\
        \      \"mode\": \"Manual\"\r\n    },\r\n    \"virtualMachineProfile\": {\r\
        \n      \"osProfile\": {\r\n        \"computerNamePrefix\": \"vmss10cd6\"\
        ,\r\n        \"adminUsername\": \"ubuntuadmin\",\r\n        \"linuxConfiguration\"\
        : {\r\n          \"disablePasswordAuthentication\": true,\r\n          \"\
        ssh\": {\r\n            \"publicKeys\": [\r\n              {\r\n         \
        \       \"path\": \"/home/ubuntuadmin/.ssh/authorized_keys\",\r\n        \
        \        \"keyData\": \"ssh-rsa AAAAB3NzaC1yc2EAAAADAQABAAABAQCohExhkhhTIzPBXbjOPCmvaOnWm6BRAvuSXe6PWD1w4HEcsXTV7yoo3C6NPe6P3TCKHlzi7KnRzStqOftgK+SLx7gEW7/wAjnTHe2luP5Y8nNzMa8r5NifAGYvbHKa5qycpcuy4vsPp1RvjoH9N5y8lVQHcRUTfCrNMQNvTOcIFK56We9jeFNOXZxQE5dhPcaIQ7CMtcHqSKD7G5xHR2UqR4TK3xUTvdksTcInk6nCwuGiC3rL5b5S67fW61iBP35pBYPEXm0xWaekEBLrQv5en6BBX25+x4yVc9D9iQf/Dgh7HbFhPy+Rekye8KqExw/R0roVngORoVnBHucVX/L/\"\
        \r\n              }\r\n            ]\r\n          },\r\n          \"provisionVMAgent\"\
        : true\r\n        },\r\n        \"secrets\": [],\r\n        \"allowExtensionOperations\"\
        : true\r\n      },\r\n      \"storageProfile\": {\r\n        \"osDisk\": {\r\
        \n          \"createOption\": \"FromImage\",\r\n          \"caching\": \"\
        ReadWrite\",\r\n          \"managedDisk\": {\r\n            \"storageAccountType\"\
        : \"Premium_LRS\"\r\n          }\r\n        },\r\n        \"imageReference\"\
        : {\r\n          \"publisher\": \"Canonical\",\r\n          \"offer\": \"\
        UbuntuServer\",\r\n          \"sku\": \"16.04-LTS\",\r\n          \"version\"\
        : \"latest\"\r\n        }\r\n      },\r\n      \"networkProfile\": {\"networkInterfaceConfigurations\"\
        :[{\"name\":\"vmss10cd6Nic\",\"properties\":{\"primary\":true,\"enableAcceleratedNetworking\"\
        :false,\"dnsSettings\":{\"dnsServers\":[]},\"enableIPForwarding\":false,\"\
        ipConfigurations\":[{\"name\":\"vmss10cd6IPConfig\",\"properties\":{\"subnet\"\
        :{\"id\":\"/subscriptions/00000000-0000-0000-0000-000000000000/resourceGroups/clitest.rg000001/providers/Microsoft.Network/virtualNetworks/vmss1VNET/subnets/vmss1Subnet\"\
        },\"privateIPAddressVersion\":\"IPv4\",\"loadBalancerBackendAddressPools\"\
        :[{\"id\":\"/subscriptions/00000000-0000-0000-0000-000000000000/resourceGroups/clitest.rg000001/providers/Microsoft.Network/loadBalancers/vmss1LB/backendAddressPools/vmss1LBBEPool\"\
        }],\"loadBalancerInboundNatPools\":[{\"id\":\"/subscriptions/00000000-0000-0000-0000-000000000000/resourceGroups/clitest.rg000001/providers/Microsoft.Network/loadBalancers/vmss1LB/inboundNatPools/vmss1LBNatPool\"\
        }]}}]}}]}\r\n    },\r\n    \"provisioningState\": \"Succeeded\",\r\n    \"\
        overprovision\": true,\r\n    \"uniqueId\": \"eb650e2c-c7da-4cdb-b013-712561887f97\"\
        \r\n  },\r\n  \"type\": \"Microsoft.Compute/virtualMachineScaleSets\",\r\n\
        \  \"location\": \"westcentralus\",\r\n  \"tags\": {},\r\n  \"identity\":\
        \ {\r\n    \"type\": \"SystemAssigned, UserAssigned\",\r\n    \"principalId\"\
        : \"08c2764c-4e6c-4660-a13e-f219c97b8820\",\r\n    \"tenantId\": \"72f988bf-86f1-41af-91ab-2d7cd011db47\"\
        ,\r\n    \"userAssignedIdentities\": {\r\n      \"/subscriptions/00000000-0000-0000-0000-000000000000/resourceGroups/clitest.rg000001/providers/Microsoft.ManagedIdentity/userAssignedIdentities/id1\"\
        : {\r\n        \"principalId\": \"071e08c0-83ba-4f72-af5c-f52f7a8cf633\",\r\
        \n        \"clientId\": \"d369019f-7892-459d-8638-40280c529764\"\r\n     \
        \ },\r\n      \"/subscriptions/00000000-0000-0000-0000-000000000000/resourceGroups/clitest.rg000001/providers/Microsoft.ManagedIdentity/userAssignedIdentities/id2\"\
        : {\r\n        \"principalId\": \"6b357928-762f-4e46-9510-26c1438128b3\",\r\
        \n        \"clientId\": \"2e9cd627-dc12-4580-b84e-3e25d0780509\"\r\n     \
        \ }\r\n    }\r\n  },\r\n  \"id\": \"/subscriptions/00000000-0000-0000-0000-000000000000/resourceGroups/clitest.rg000001/providers/Microsoft.Compute/virtualMachineScaleSets/vmss1\"\
        ,\r\n  \"name\": \"vmss1\"\r\n}"}
    headers:
      cache-control: [no-cache]
      content-length: ['3705']
      content-type: [application/json; charset=utf-8]
      date: ['Thu, 13 Dec 2018 03:00:01 GMT']
      expires: ['-1']
      pragma: [no-cache]
      server: [Microsoft-HTTPAPI/2.0, Microsoft-HTTPAPI/2.0]
      strict-transport-security: [max-age=31536000; includeSubDomains]
      transfer-encoding: [chunked]
      vary: [Accept-Encoding]
      x-content-type-options: [nosniff]
      x-ms-ratelimit-remaining-resource: ['Microsoft.Compute/GetVMScaleSet3Min;183,Microsoft.Compute/GetVMScaleSet30Min;1282']
    status: {code: 200, message: OK}
- request:
    body: 'b''{"identity": {"type": "SystemAssigned, UserAssigned", "userAssignedIdentities":
      {"/subscriptions/00000000-0000-0000-0000-000000000000/resourcegroups/clitest.rg000001/providers/microsoft.managedidentity/userassignedidentities/id1":
      null}}}'''
    headers:
      Accept: [application/json]
      Accept-Encoding: ['gzip, deflate']
      CommandName: [vmss identity remove]
      Connection: [keep-alive]
      Content-Length: ['242']
      Content-Type: [application/json; charset=utf-8]
      ParameterSetName: [-g -n --identities]
      User-Agent: [python/3.6.5 (Darwin-18.0.0-x86_64-i386-64bit) msrest/0.6.0 msrest_azure/0.4.34
          computemanagementclient/4.3.1 Azure-SDK-For-Python AZURECLI/2.0.52]
      accept-language: [en-US]
    method: PATCH
    uri: https://management.azure.com/subscriptions/00000000-0000-0000-0000-000000000000/resourceGroups/clitest.rg000001/providers/Microsoft.Compute/virtualMachineScaleSets/vmss1?api-version=2018-10-01
  response:
    body: {string: "{\r\n  \"sku\": {\r\n    \"name\": \"Standard_DS1_v2\",\r\n  \
        \  \"tier\": \"Standard\",\r\n    \"capacity\": 1\r\n  },\r\n  \"properties\"\
        : {\r\n    \"singlePlacementGroup\": true,\r\n    \"upgradePolicy\": {\r\n\
        \      \"mode\": \"Manual\"\r\n    },\r\n    \"virtualMachineProfile\": {\r\
        \n      \"osProfile\": {\r\n        \"computerNamePrefix\": \"vmss10cd6\"\
        ,\r\n        \"adminUsername\": \"ubuntuadmin\",\r\n        \"linuxConfiguration\"\
        : {\r\n          \"disablePasswordAuthentication\": true,\r\n          \"\
        ssh\": {\r\n            \"publicKeys\": [\r\n              {\r\n         \
        \       \"path\": \"/home/ubuntuadmin/.ssh/authorized_keys\",\r\n        \
        \        \"keyData\": \"ssh-rsa AAAAB3NzaC1yc2EAAAADAQABAAABAQCohExhkhhTIzPBXbjOPCmvaOnWm6BRAvuSXe6PWD1w4HEcsXTV7yoo3C6NPe6P3TCKHlzi7KnRzStqOftgK+SLx7gEW7/wAjnTHe2luP5Y8nNzMa8r5NifAGYvbHKa5qycpcuy4vsPp1RvjoH9N5y8lVQHcRUTfCrNMQNvTOcIFK56We9jeFNOXZxQE5dhPcaIQ7CMtcHqSKD7G5xHR2UqR4TK3xUTvdksTcInk6nCwuGiC3rL5b5S67fW61iBP35pBYPEXm0xWaekEBLrQv5en6BBX25+x4yVc9D9iQf/Dgh7HbFhPy+Rekye8KqExw/R0roVngORoVnBHucVX/L/\"\
        \r\n              }\r\n            ]\r\n          },\r\n          \"provisionVMAgent\"\
        : true\r\n        },\r\n        \"secrets\": [],\r\n        \"allowExtensionOperations\"\
        : true\r\n      },\r\n      \"storageProfile\": {\r\n        \"osDisk\": {\r\
        \n          \"createOption\": \"FromImage\",\r\n          \"caching\": \"\
        ReadWrite\",\r\n          \"managedDisk\": {\r\n            \"storageAccountType\"\
        : \"Premium_LRS\"\r\n          }\r\n        },\r\n        \"imageReference\"\
        : {\r\n          \"publisher\": \"Canonical\",\r\n          \"offer\": \"\
        UbuntuServer\",\r\n          \"sku\": \"16.04-LTS\",\r\n          \"version\"\
        : \"latest\"\r\n        }\r\n      },\r\n      \"networkProfile\": {\"networkInterfaceConfigurations\"\
        :[{\"name\":\"vmss10cd6Nic\",\"properties\":{\"primary\":true,\"enableAcceleratedNetworking\"\
        :false,\"dnsSettings\":{\"dnsServers\":[]},\"enableIPForwarding\":false,\"\
        ipConfigurations\":[{\"name\":\"vmss10cd6IPConfig\",\"properties\":{\"subnet\"\
        :{\"id\":\"/subscriptions/00000000-0000-0000-0000-000000000000/resourceGroups/clitest.rg000001/providers/Microsoft.Network/virtualNetworks/vmss1VNET/subnets/vmss1Subnet\"\
        },\"privateIPAddressVersion\":\"IPv4\",\"loadBalancerBackendAddressPools\"\
        :[{\"id\":\"/subscriptions/00000000-0000-0000-0000-000000000000/resourceGroups/clitest.rg000001/providers/Microsoft.Network/loadBalancers/vmss1LB/backendAddressPools/vmss1LBBEPool\"\
        }],\"loadBalancerInboundNatPools\":[{\"id\":\"/subscriptions/00000000-0000-0000-0000-000000000000/resourceGroups/clitest.rg000001/providers/Microsoft.Network/loadBalancers/vmss1LB/inboundNatPools/vmss1LBNatPool\"\
        }]}}]}}]}\r\n    },\r\n    \"provisioningState\": \"Updating\",\r\n    \"\
        overprovision\": true,\r\n    \"uniqueId\": \"eb650e2c-c7da-4cdb-b013-712561887f97\"\
        \r\n  },\r\n  \"type\": \"Microsoft.Compute/virtualMachineScaleSets\",\r\n\
        \  \"location\": \"westcentralus\",\r\n  \"tags\": {},\r\n  \"identity\":\
        \ {\r\n    \"type\": \"SystemAssigned, UserAssigned\",\r\n    \"principalId\"\
        : \"08c2764c-4e6c-4660-a13e-f219c97b8820\",\r\n    \"tenantId\": \"72f988bf-86f1-41af-91ab-2d7cd011db47\"\
        ,\r\n    \"userAssignedIdentities\": {\r\n      \"/subscriptions/00000000-0000-0000-0000-000000000000/resourceGroups/clitest.rg000001/providers/Microsoft.ManagedIdentity/userAssignedIdentities/id2\"\
        : {}\r\n    }\r\n  },\r\n  \"id\": \"/subscriptions/00000000-0000-0000-0000-000000000000/resourceGroups/clitest.rg000001/providers/Microsoft.Compute/virtualMachineScaleSets/vmss1\"\
        ,\r\n  \"name\": \"vmss1\"\r\n}"}
    headers:
      azure-asyncnotification: [Enabled]
      azure-asyncoperation: ['https://management.azure.com/subscriptions/00000000-0000-0000-0000-000000000000/providers/Microsoft.Compute/locations/westcentralus/operations/dacb65da-ced3-4968-81ed-2e844200a987?api-version=2018-10-01']
      cache-control: [no-cache]
      content-length: ['3275']
      content-type: [application/json; charset=utf-8]
      date: ['Thu, 13 Dec 2018 03:00:04 GMT']
      expires: ['-1']
      pragma: [no-cache]
      server: [Microsoft-HTTPAPI/2.0, Microsoft-HTTPAPI/2.0]
      strict-transport-security: [max-age=31536000; includeSubDomains]
      transfer-encoding: [chunked]
      vary: [Accept-Encoding]
      x-content-type-options: [nosniff]
      x-ms-ratelimit-remaining-resource: ['Microsoft.Compute/VMScaleSetActions3Min;237,Microsoft.Compute/VMScaleSetActions30Min;1197,Microsoft.Compute/VmssQueuedVMOperations;4800']
      x-ms-ratelimit-remaining-subscription-writes: ['1199']
      x-ms-request-charge: ['0']
    status: {code: 200, message: OK}
- request:
    body: null
    headers:
      Accept: [application/json]
      Accept-Encoding: ['gzip, deflate']
      CommandName: [vmss identity remove]
      Connection: [keep-alive]
      ParameterSetName: [-g -n --identities]
      User-Agent: [python/3.6.5 (Darwin-18.0.0-x86_64-i386-64bit) msrest/0.6.0 msrest_azure/0.4.34
          computemanagementclient/4.3.1 Azure-SDK-For-Python AZURECLI/2.0.52]
    method: GET
    uri: https://management.azure.com/subscriptions/00000000-0000-0000-0000-000000000000/providers/Microsoft.Compute/locations/westcentralus/operations/dacb65da-ced3-4968-81ed-2e844200a987?api-version=2018-10-01
  response:
    body: {string: "{\r\n  \"startTime\": \"2018-12-13T03:00:03.9746321+00:00\",\r\
        \n  \"endTime\": \"2018-12-13T03:00:07.1621281+00:00\",\r\n  \"status\": \"\
        Succeeded\",\r\n  \"name\": \"dacb65da-ced3-4968-81ed-2e844200a987\"\r\n}"}
    headers:
      cache-control: [no-cache]
      content-length: ['184']
      content-type: [application/json; charset=utf-8]
      date: ['Thu, 13 Dec 2018 03:00:14 GMT']
      expires: ['-1']
      pragma: [no-cache]
      server: [Microsoft-HTTPAPI/2.0, Microsoft-HTTPAPI/2.0]
      strict-transport-security: [max-age=31536000; includeSubDomains]
      transfer-encoding: [chunked]
      vary: [Accept-Encoding]
      x-content-type-options: [nosniff]
      x-ms-ratelimit-remaining-resource: ['Microsoft.Compute/GetOperation3Min;14990,Microsoft.Compute/GetOperation30Min;29989']
    status: {code: 200, message: OK}
- request:
    body: null
    headers:
      Accept: [application/json]
      Accept-Encoding: ['gzip, deflate']
      CommandName: [vmss identity remove]
      Connection: [keep-alive]
      ParameterSetName: [-g -n --identities]
      User-Agent: [python/3.6.5 (Darwin-18.0.0-x86_64-i386-64bit) msrest/0.6.0 msrest_azure/0.4.34
          computemanagementclient/4.3.1 Azure-SDK-For-Python AZURECLI/2.0.52]
    method: GET
    uri: https://management.azure.com/subscriptions/00000000-0000-0000-0000-000000000000/resourceGroups/clitest.rg000001/providers/Microsoft.Compute/virtualMachineScaleSets/vmss1?api-version=2018-10-01
  response:
    body: {string: "{\r\n  \"sku\": {\r\n    \"name\": \"Standard_DS1_v2\",\r\n  \
        \  \"tier\": \"Standard\",\r\n    \"capacity\": 1\r\n  },\r\n  \"properties\"\
        : {\r\n    \"singlePlacementGroup\": true,\r\n    \"upgradePolicy\": {\r\n\
        \      \"mode\": \"Manual\"\r\n    },\r\n    \"virtualMachineProfile\": {\r\
        \n      \"osProfile\": {\r\n        \"computerNamePrefix\": \"vmss10cd6\"\
        ,\r\n        \"adminUsername\": \"ubuntuadmin\",\r\n        \"linuxConfiguration\"\
        : {\r\n          \"disablePasswordAuthentication\": true,\r\n          \"\
        ssh\": {\r\n            \"publicKeys\": [\r\n              {\r\n         \
        \       \"path\": \"/home/ubuntuadmin/.ssh/authorized_keys\",\r\n        \
        \        \"keyData\": \"ssh-rsa AAAAB3NzaC1yc2EAAAADAQABAAABAQCohExhkhhTIzPBXbjOPCmvaOnWm6BRAvuSXe6PWD1w4HEcsXTV7yoo3C6NPe6P3TCKHlzi7KnRzStqOftgK+SLx7gEW7/wAjnTHe2luP5Y8nNzMa8r5NifAGYvbHKa5qycpcuy4vsPp1RvjoH9N5y8lVQHcRUTfCrNMQNvTOcIFK56We9jeFNOXZxQE5dhPcaIQ7CMtcHqSKD7G5xHR2UqR4TK3xUTvdksTcInk6nCwuGiC3rL5b5S67fW61iBP35pBYPEXm0xWaekEBLrQv5en6BBX25+x4yVc9D9iQf/Dgh7HbFhPy+Rekye8KqExw/R0roVngORoVnBHucVX/L/\"\
        \r\n              }\r\n            ]\r\n          },\r\n          \"provisionVMAgent\"\
        : true\r\n        },\r\n        \"secrets\": [],\r\n        \"allowExtensionOperations\"\
        : true\r\n      },\r\n      \"storageProfile\": {\r\n        \"osDisk\": {\r\
        \n          \"createOption\": \"FromImage\",\r\n          \"caching\": \"\
        ReadWrite\",\r\n          \"managedDisk\": {\r\n            \"storageAccountType\"\
        : \"Premium_LRS\"\r\n          }\r\n        },\r\n        \"imageReference\"\
        : {\r\n          \"publisher\": \"Canonical\",\r\n          \"offer\": \"\
        UbuntuServer\",\r\n          \"sku\": \"16.04-LTS\",\r\n          \"version\"\
        : \"latest\"\r\n        }\r\n      },\r\n      \"networkProfile\": {\"networkInterfaceConfigurations\"\
        :[{\"name\":\"vmss10cd6Nic\",\"properties\":{\"primary\":true,\"enableAcceleratedNetworking\"\
        :false,\"dnsSettings\":{\"dnsServers\":[]},\"enableIPForwarding\":false,\"\
        ipConfigurations\":[{\"name\":\"vmss10cd6IPConfig\",\"properties\":{\"subnet\"\
        :{\"id\":\"/subscriptions/00000000-0000-0000-0000-000000000000/resourceGroups/clitest.rg000001/providers/Microsoft.Network/virtualNetworks/vmss1VNET/subnets/vmss1Subnet\"\
        },\"privateIPAddressVersion\":\"IPv4\",\"loadBalancerBackendAddressPools\"\
        :[{\"id\":\"/subscriptions/00000000-0000-0000-0000-000000000000/resourceGroups/clitest.rg000001/providers/Microsoft.Network/loadBalancers/vmss1LB/backendAddressPools/vmss1LBBEPool\"\
        }],\"loadBalancerInboundNatPools\":[{\"id\":\"/subscriptions/00000000-0000-0000-0000-000000000000/resourceGroups/clitest.rg000001/providers/Microsoft.Network/loadBalancers/vmss1LB/inboundNatPools/vmss1LBNatPool\"\
        }]}}]}}]}\r\n    },\r\n    \"provisioningState\": \"Succeeded\",\r\n    \"\
        overprovision\": true,\r\n    \"uniqueId\": \"eb650e2c-c7da-4cdb-b013-712561887f97\"\
        \r\n  },\r\n  \"type\": \"Microsoft.Compute/virtualMachineScaleSets\",\r\n\
        \  \"location\": \"westcentralus\",\r\n  \"tags\": {},\r\n  \"identity\":\
        \ {\r\n    \"type\": \"SystemAssigned, UserAssigned\",\r\n    \"principalId\"\
        : \"08c2764c-4e6c-4660-a13e-f219c97b8820\",\r\n    \"tenantId\": \"72f988bf-86f1-41af-91ab-2d7cd011db47\"\
        ,\r\n    \"userAssignedIdentities\": {\r\n      \"/subscriptions/00000000-0000-0000-0000-000000000000/resourceGroups/clitest.rg000001/providers/Microsoft.ManagedIdentity/userAssignedIdentities/id2\"\
        : {\r\n        \"principalId\": \"6b357928-762f-4e46-9510-26c1438128b3\",\r\
        \n        \"clientId\": \"2e9cd627-dc12-4580-b84e-3e25d0780509\"\r\n     \
        \ }\r\n    }\r\n  },\r\n  \"id\": \"/subscriptions/00000000-0000-0000-0000-000000000000/resourceGroups/clitest.rg000001/providers/Microsoft.Compute/virtualMachineScaleSets/vmss1\"\
        ,\r\n  \"name\": \"vmss1\"\r\n}"}
    headers:
      cache-control: [no-cache]
      content-length: ['3408']
      content-type: [application/json; charset=utf-8]
      date: ['Thu, 13 Dec 2018 03:00:14 GMT']
      expires: ['-1']
      pragma: [no-cache]
      server: [Microsoft-HTTPAPI/2.0, Microsoft-HTTPAPI/2.0]
      strict-transport-security: [max-age=31536000; includeSubDomains]
      transfer-encoding: [chunked]
      vary: [Accept-Encoding]
      x-content-type-options: [nosniff]
      x-ms-ratelimit-remaining-resource: ['Microsoft.Compute/GetVMScaleSet3Min;180,Microsoft.Compute/GetVMScaleSet30Min;1279']
    status: {code: 200, message: OK}
- request:
    body: null
    headers:
      Accept: [application/json]
      Accept-Encoding: ['gzip, deflate']
      CommandName: [vmss show]
      Connection: [keep-alive]
      ParameterSetName: [-g -n]
      User-Agent: [python/3.6.5 (Darwin-18.0.0-x86_64-i386-64bit) msrest/0.6.0 msrest_azure/0.4.34
          computemanagementclient/4.3.1 Azure-SDK-For-Python AZURECLI/2.0.52]
      accept-language: [en-US]
    method: GET
    uri: https://management.azure.com/subscriptions/00000000-0000-0000-0000-000000000000/resourceGroups/clitest.rg000001/providers/Microsoft.Compute/virtualMachineScaleSets/vmss1?api-version=2018-10-01
  response:
    body: {string: "{\r\n  \"sku\": {\r\n    \"name\": \"Standard_DS1_v2\",\r\n  \
        \  \"tier\": \"Standard\",\r\n    \"capacity\": 1\r\n  },\r\n  \"properties\"\
        : {\r\n    \"singlePlacementGroup\": true,\r\n    \"upgradePolicy\": {\r\n\
        \      \"mode\": \"Manual\"\r\n    },\r\n    \"virtualMachineProfile\": {\r\
        \n      \"osProfile\": {\r\n        \"computerNamePrefix\": \"vmss10cd6\"\
        ,\r\n        \"adminUsername\": \"ubuntuadmin\",\r\n        \"linuxConfiguration\"\
        : {\r\n          \"disablePasswordAuthentication\": true,\r\n          \"\
        ssh\": {\r\n            \"publicKeys\": [\r\n              {\r\n         \
        \       \"path\": \"/home/ubuntuadmin/.ssh/authorized_keys\",\r\n        \
        \        \"keyData\": \"ssh-rsa AAAAB3NzaC1yc2EAAAADAQABAAABAQCohExhkhhTIzPBXbjOPCmvaOnWm6BRAvuSXe6PWD1w4HEcsXTV7yoo3C6NPe6P3TCKHlzi7KnRzStqOftgK+SLx7gEW7/wAjnTHe2luP5Y8nNzMa8r5NifAGYvbHKa5qycpcuy4vsPp1RvjoH9N5y8lVQHcRUTfCrNMQNvTOcIFK56We9jeFNOXZxQE5dhPcaIQ7CMtcHqSKD7G5xHR2UqR4TK3xUTvdksTcInk6nCwuGiC3rL5b5S67fW61iBP35pBYPEXm0xWaekEBLrQv5en6BBX25+x4yVc9D9iQf/Dgh7HbFhPy+Rekye8KqExw/R0roVngORoVnBHucVX/L/\"\
        \r\n              }\r\n            ]\r\n          },\r\n          \"provisionVMAgent\"\
        : true\r\n        },\r\n        \"secrets\": [],\r\n        \"allowExtensionOperations\"\
        : true\r\n      },\r\n      \"storageProfile\": {\r\n        \"osDisk\": {\r\
        \n          \"createOption\": \"FromImage\",\r\n          \"caching\": \"\
        ReadWrite\",\r\n          \"managedDisk\": {\r\n            \"storageAccountType\"\
        : \"Premium_LRS\"\r\n          }\r\n        },\r\n        \"imageReference\"\
        : {\r\n          \"publisher\": \"Canonical\",\r\n          \"offer\": \"\
        UbuntuServer\",\r\n          \"sku\": \"16.04-LTS\",\r\n          \"version\"\
        : \"latest\"\r\n        }\r\n      },\r\n      \"networkProfile\": {\"networkInterfaceConfigurations\"\
        :[{\"name\":\"vmss10cd6Nic\",\"properties\":{\"primary\":true,\"enableAcceleratedNetworking\"\
        :false,\"dnsSettings\":{\"dnsServers\":[]},\"enableIPForwarding\":false,\"\
        ipConfigurations\":[{\"name\":\"vmss10cd6IPConfig\",\"properties\":{\"subnet\"\
        :{\"id\":\"/subscriptions/00000000-0000-0000-0000-000000000000/resourceGroups/clitest.rg000001/providers/Microsoft.Network/virtualNetworks/vmss1VNET/subnets/vmss1Subnet\"\
        },\"privateIPAddressVersion\":\"IPv4\",\"loadBalancerBackendAddressPools\"\
        :[{\"id\":\"/subscriptions/00000000-0000-0000-0000-000000000000/resourceGroups/clitest.rg000001/providers/Microsoft.Network/loadBalancers/vmss1LB/backendAddressPools/vmss1LBBEPool\"\
        }],\"loadBalancerInboundNatPools\":[{\"id\":\"/subscriptions/00000000-0000-0000-0000-000000000000/resourceGroups/clitest.rg000001/providers/Microsoft.Network/loadBalancers/vmss1LB/inboundNatPools/vmss1LBNatPool\"\
        }]}}]}}]}\r\n    },\r\n    \"provisioningState\": \"Succeeded\",\r\n    \"\
        overprovision\": true,\r\n    \"uniqueId\": \"eb650e2c-c7da-4cdb-b013-712561887f97\"\
        \r\n  },\r\n  \"type\": \"Microsoft.Compute/virtualMachineScaleSets\",\r\n\
        \  \"location\": \"westcentralus\",\r\n  \"tags\": {},\r\n  \"identity\":\
        \ {\r\n    \"type\": \"SystemAssigned, UserAssigned\",\r\n    \"principalId\"\
        : \"08c2764c-4e6c-4660-a13e-f219c97b8820\",\r\n    \"tenantId\": \"72f988bf-86f1-41af-91ab-2d7cd011db47\"\
        ,\r\n    \"userAssignedIdentities\": {\r\n      \"/subscriptions/00000000-0000-0000-0000-000000000000/resourceGroups/clitest.rg000001/providers/Microsoft.ManagedIdentity/userAssignedIdentities/id2\"\
        : {\r\n        \"principalId\": \"6b357928-762f-4e46-9510-26c1438128b3\",\r\
        \n        \"clientId\": \"2e9cd627-dc12-4580-b84e-3e25d0780509\"\r\n     \
        \ }\r\n    }\r\n  },\r\n  \"id\": \"/subscriptions/00000000-0000-0000-0000-000000000000/resourceGroups/clitest.rg000001/providers/Microsoft.Compute/virtualMachineScaleSets/vmss1\"\
        ,\r\n  \"name\": \"vmss1\"\r\n}"}
    headers:
      cache-control: [no-cache]
      content-length: ['3408']
      content-type: [application/json; charset=utf-8]
      date: ['Thu, 13 Dec 2018 03:00:15 GMT']
      expires: ['-1']
      pragma: [no-cache]
      server: [Microsoft-HTTPAPI/2.0, Microsoft-HTTPAPI/2.0]
      strict-transport-security: [max-age=31536000; includeSubDomains]
      transfer-encoding: [chunked]
      vary: [Accept-Encoding]
      x-content-type-options: [nosniff]
      x-ms-ratelimit-remaining-resource: ['Microsoft.Compute/GetVMScaleSet3Min;179,Microsoft.Compute/GetVMScaleSet30Min;1278']
    status: {code: 200, message: OK}
- request:
    body: null
    headers:
      Accept: [application/json]
      Accept-Encoding: ['gzip, deflate']
      CommandName: [vmss identity remove]
      Connection: [keep-alive]
      ParameterSetName: [-g -n --identities]
      User-Agent: [python/3.6.5 (Darwin-18.0.0-x86_64-i386-64bit) msrest/0.6.0 msrest_azure/0.4.34
          computemanagementclient/4.3.1 Azure-SDK-For-Python AZURECLI/2.0.52]
      accept-language: [en-US]
    method: GET
    uri: https://management.azure.com/subscriptions/00000000-0000-0000-0000-000000000000/resourceGroups/clitest.rg000001/providers/Microsoft.Compute/virtualMachineScaleSets/vmss1?api-version=2018-10-01
  response:
    body: {string: "{\r\n  \"sku\": {\r\n    \"name\": \"Standard_DS1_v2\",\r\n  \
        \  \"tier\": \"Standard\",\r\n    \"capacity\": 1\r\n  },\r\n  \"properties\"\
        : {\r\n    \"singlePlacementGroup\": true,\r\n    \"upgradePolicy\": {\r\n\
        \      \"mode\": \"Manual\"\r\n    },\r\n    \"virtualMachineProfile\": {\r\
        \n      \"osProfile\": {\r\n        \"computerNamePrefix\": \"vmss10cd6\"\
        ,\r\n        \"adminUsername\": \"ubuntuadmin\",\r\n        \"linuxConfiguration\"\
        : {\r\n          \"disablePasswordAuthentication\": true,\r\n          \"\
        ssh\": {\r\n            \"publicKeys\": [\r\n              {\r\n         \
        \       \"path\": \"/home/ubuntuadmin/.ssh/authorized_keys\",\r\n        \
        \        \"keyData\": \"ssh-rsa AAAAB3NzaC1yc2EAAAADAQABAAABAQCohExhkhhTIzPBXbjOPCmvaOnWm6BRAvuSXe6PWD1w4HEcsXTV7yoo3C6NPe6P3TCKHlzi7KnRzStqOftgK+SLx7gEW7/wAjnTHe2luP5Y8nNzMa8r5NifAGYvbHKa5qycpcuy4vsPp1RvjoH9N5y8lVQHcRUTfCrNMQNvTOcIFK56We9jeFNOXZxQE5dhPcaIQ7CMtcHqSKD7G5xHR2UqR4TK3xUTvdksTcInk6nCwuGiC3rL5b5S67fW61iBP35pBYPEXm0xWaekEBLrQv5en6BBX25+x4yVc9D9iQf/Dgh7HbFhPy+Rekye8KqExw/R0roVngORoVnBHucVX/L/\"\
        \r\n              }\r\n            ]\r\n          },\r\n          \"provisionVMAgent\"\
        : true\r\n        },\r\n        \"secrets\": [],\r\n        \"allowExtensionOperations\"\
        : true\r\n      },\r\n      \"storageProfile\": {\r\n        \"osDisk\": {\r\
        \n          \"createOption\": \"FromImage\",\r\n          \"caching\": \"\
        ReadWrite\",\r\n          \"managedDisk\": {\r\n            \"storageAccountType\"\
        : \"Premium_LRS\"\r\n          }\r\n        },\r\n        \"imageReference\"\
        : {\r\n          \"publisher\": \"Canonical\",\r\n          \"offer\": \"\
        UbuntuServer\",\r\n          \"sku\": \"16.04-LTS\",\r\n          \"version\"\
        : \"latest\"\r\n        }\r\n      },\r\n      \"networkProfile\": {\"networkInterfaceConfigurations\"\
        :[{\"name\":\"vmss10cd6Nic\",\"properties\":{\"primary\":true,\"enableAcceleratedNetworking\"\
        :false,\"dnsSettings\":{\"dnsServers\":[]},\"enableIPForwarding\":false,\"\
        ipConfigurations\":[{\"name\":\"vmss10cd6IPConfig\",\"properties\":{\"subnet\"\
        :{\"id\":\"/subscriptions/00000000-0000-0000-0000-000000000000/resourceGroups/clitest.rg000001/providers/Microsoft.Network/virtualNetworks/vmss1VNET/subnets/vmss1Subnet\"\
        },\"privateIPAddressVersion\":\"IPv4\",\"loadBalancerBackendAddressPools\"\
        :[{\"id\":\"/subscriptions/00000000-0000-0000-0000-000000000000/resourceGroups/clitest.rg000001/providers/Microsoft.Network/loadBalancers/vmss1LB/backendAddressPools/vmss1LBBEPool\"\
        }],\"loadBalancerInboundNatPools\":[{\"id\":\"/subscriptions/00000000-0000-0000-0000-000000000000/resourceGroups/clitest.rg000001/providers/Microsoft.Network/loadBalancers/vmss1LB/inboundNatPools/vmss1LBNatPool\"\
        }]}}]}}]}\r\n    },\r\n    \"provisioningState\": \"Succeeded\",\r\n    \"\
        overprovision\": true,\r\n    \"uniqueId\": \"eb650e2c-c7da-4cdb-b013-712561887f97\"\
        \r\n  },\r\n  \"type\": \"Microsoft.Compute/virtualMachineScaleSets\",\r\n\
        \  \"location\": \"westcentralus\",\r\n  \"tags\": {},\r\n  \"identity\":\
        \ {\r\n    \"type\": \"SystemAssigned, UserAssigned\",\r\n    \"principalId\"\
        : \"08c2764c-4e6c-4660-a13e-f219c97b8820\",\r\n    \"tenantId\": \"72f988bf-86f1-41af-91ab-2d7cd011db47\"\
        ,\r\n    \"userAssignedIdentities\": {\r\n      \"/subscriptions/00000000-0000-0000-0000-000000000000/resourceGroups/clitest.rg000001/providers/Microsoft.ManagedIdentity/userAssignedIdentities/id2\"\
        : {\r\n        \"principalId\": \"6b357928-762f-4e46-9510-26c1438128b3\",\r\
        \n        \"clientId\": \"2e9cd627-dc12-4580-b84e-3e25d0780509\"\r\n     \
        \ }\r\n    }\r\n  },\r\n  \"id\": \"/subscriptions/00000000-0000-0000-0000-000000000000/resourceGroups/clitest.rg000001/providers/Microsoft.Compute/virtualMachineScaleSets/vmss1\"\
        ,\r\n  \"name\": \"vmss1\"\r\n}"}
    headers:
      cache-control: [no-cache]
      content-length: ['3408']
      content-type: [application/json; charset=utf-8]
      date: ['Thu, 13 Dec 2018 03:00:16 GMT']
      expires: ['-1']
      pragma: [no-cache]
      server: [Microsoft-HTTPAPI/2.0, Microsoft-HTTPAPI/2.0]
      strict-transport-security: [max-age=31536000; includeSubDomains]
      transfer-encoding: [chunked]
      vary: [Accept-Encoding]
      x-content-type-options: [nosniff]
      x-ms-ratelimit-remaining-resource: ['Microsoft.Compute/GetVMScaleSet3Min;178,Microsoft.Compute/GetVMScaleSet30Min;1277']
    status: {code: 200, message: OK}
- request:
    body: '{"identity": {"type": "SystemAssigned"}}'
    headers:
      Accept: [application/json]
      Accept-Encoding: ['gzip, deflate']
      CommandName: [vmss identity remove]
      Connection: [keep-alive]
      Content-Length: ['40']
      Content-Type: [application/json; charset=utf-8]
      ParameterSetName: [-g -n --identities]
      User-Agent: [python/3.6.5 (Darwin-18.0.0-x86_64-i386-64bit) msrest/0.6.0 msrest_azure/0.4.34
          computemanagementclient/4.3.1 Azure-SDK-For-Python AZURECLI/2.0.52]
      accept-language: [en-US]
    method: PATCH
    uri: https://management.azure.com/subscriptions/00000000-0000-0000-0000-000000000000/resourceGroups/clitest.rg000001/providers/Microsoft.Compute/virtualMachineScaleSets/vmss1?api-version=2018-10-01
  response:
    body: {string: "{\r\n  \"sku\": {\r\n    \"name\": \"Standard_DS1_v2\",\r\n  \
        \  \"tier\": \"Standard\",\r\n    \"capacity\": 1\r\n  },\r\n  \"properties\"\
        : {\r\n    \"singlePlacementGroup\": true,\r\n    \"upgradePolicy\": {\r\n\
        \      \"mode\": \"Manual\"\r\n    },\r\n    \"virtualMachineProfile\": {\r\
        \n      \"osProfile\": {\r\n        \"computerNamePrefix\": \"vmss10cd6\"\
        ,\r\n        \"adminUsername\": \"ubuntuadmin\",\r\n        \"linuxConfiguration\"\
        : {\r\n          \"disablePasswordAuthentication\": true,\r\n          \"\
        ssh\": {\r\n            \"publicKeys\": [\r\n              {\r\n         \
        \       \"path\": \"/home/ubuntuadmin/.ssh/authorized_keys\",\r\n        \
        \        \"keyData\": \"ssh-rsa AAAAB3NzaC1yc2EAAAADAQABAAABAQCohExhkhhTIzPBXbjOPCmvaOnWm6BRAvuSXe6PWD1w4HEcsXTV7yoo3C6NPe6P3TCKHlzi7KnRzStqOftgK+SLx7gEW7/wAjnTHe2luP5Y8nNzMa8r5NifAGYvbHKa5qycpcuy4vsPp1RvjoH9N5y8lVQHcRUTfCrNMQNvTOcIFK56We9jeFNOXZxQE5dhPcaIQ7CMtcHqSKD7G5xHR2UqR4TK3xUTvdksTcInk6nCwuGiC3rL5b5S67fW61iBP35pBYPEXm0xWaekEBLrQv5en6BBX25+x4yVc9D9iQf/Dgh7HbFhPy+Rekye8KqExw/R0roVngORoVnBHucVX/L/\"\
        \r\n              }\r\n            ]\r\n          },\r\n          \"provisionVMAgent\"\
        : true\r\n        },\r\n        \"secrets\": [],\r\n        \"allowExtensionOperations\"\
        : true\r\n      },\r\n      \"storageProfile\": {\r\n        \"osDisk\": {\r\
        \n          \"createOption\": \"FromImage\",\r\n          \"caching\": \"\
        ReadWrite\",\r\n          \"managedDisk\": {\r\n            \"storageAccountType\"\
        : \"Premium_LRS\"\r\n          }\r\n        },\r\n        \"imageReference\"\
        : {\r\n          \"publisher\": \"Canonical\",\r\n          \"offer\": \"\
        UbuntuServer\",\r\n          \"sku\": \"16.04-LTS\",\r\n          \"version\"\
        : \"latest\"\r\n        }\r\n      },\r\n      \"networkProfile\": {\"networkInterfaceConfigurations\"\
        :[{\"name\":\"vmss10cd6Nic\",\"properties\":{\"primary\":true,\"enableAcceleratedNetworking\"\
        :false,\"dnsSettings\":{\"dnsServers\":[]},\"enableIPForwarding\":false,\"\
        ipConfigurations\":[{\"name\":\"vmss10cd6IPConfig\",\"properties\":{\"subnet\"\
        :{\"id\":\"/subscriptions/00000000-0000-0000-0000-000000000000/resourceGroups/clitest.rg000001/providers/Microsoft.Network/virtualNetworks/vmss1VNET/subnets/vmss1Subnet\"\
        },\"privateIPAddressVersion\":\"IPv4\",\"loadBalancerBackendAddressPools\"\
        :[{\"id\":\"/subscriptions/00000000-0000-0000-0000-000000000000/resourceGroups/clitest.rg000001/providers/Microsoft.Network/loadBalancers/vmss1LB/backendAddressPools/vmss1LBBEPool\"\
        }],\"loadBalancerInboundNatPools\":[{\"id\":\"/subscriptions/00000000-0000-0000-0000-000000000000/resourceGroups/clitest.rg000001/providers/Microsoft.Network/loadBalancers/vmss1LB/inboundNatPools/vmss1LBNatPool\"\
        }]}}]}}]}\r\n    },\r\n    \"provisioningState\": \"Updating\",\r\n    \"\
        overprovision\": true,\r\n    \"uniqueId\": \"eb650e2c-c7da-4cdb-b013-712561887f97\"\
        \r\n  },\r\n  \"type\": \"Microsoft.Compute/virtualMachineScaleSets\",\r\n\
        \  \"location\": \"westcentralus\",\r\n  \"tags\": {},\r\n  \"identity\":\
        \ {\r\n    \"type\": \"SystemAssigned\",\r\n    \"principalId\": \"08c2764c-4e6c-4660-a13e-f219c97b8820\"\
        ,\r\n    \"tenantId\": \"72f988bf-86f1-41af-91ab-2d7cd011db47\"\r\n  },\r\n\
        \  \"id\": \"/subscriptions/00000000-0000-0000-0000-000000000000/resourceGroups/clitest.rg000001/providers/Microsoft.Compute/virtualMachineScaleSets/vmss1\"\
        ,\r\n  \"name\": \"vmss1\"\r\n}"}
    headers:
      azure-asyncnotification: [Enabled]
      azure-asyncoperation: ['https://management.azure.com/subscriptions/00000000-0000-0000-0000-000000000000/providers/Microsoft.Compute/locations/westcentralus/operations/ad7b18a9-715f-4bd2-a1c0-1ad7a477a62a?api-version=2018-10-01']
      cache-control: [no-cache]
      content-length: ['3056']
      content-type: [application/json; charset=utf-8]
      date: ['Thu, 13 Dec 2018 03:00:18 GMT']
      expires: ['-1']
      pragma: [no-cache]
      server: [Microsoft-HTTPAPI/2.0, Microsoft-HTTPAPI/2.0]
      strict-transport-security: [max-age=31536000; includeSubDomains]
      transfer-encoding: [chunked]
      vary: [Accept-Encoding]
      x-content-type-options: [nosniff]
      x-ms-ratelimit-remaining-resource: ['Microsoft.Compute/VMScaleSetActions3Min;236,Microsoft.Compute/VMScaleSetActions30Min;1196,Microsoft.Compute/VmssQueuedVMOperations;4800']
      x-ms-ratelimit-remaining-subscription-writes: ['1199']
      x-ms-request-charge: ['0']
    status: {code: 200, message: OK}
- request:
    body: null
    headers:
      Accept: [application/json]
      Accept-Encoding: ['gzip, deflate']
      CommandName: [vmss identity remove]
      Connection: [keep-alive]
      ParameterSetName: [-g -n --identities]
      User-Agent: [python/3.6.5 (Darwin-18.0.0-x86_64-i386-64bit) msrest/0.6.0 msrest_azure/0.4.34
          computemanagementclient/4.3.1 Azure-SDK-For-Python AZURECLI/2.0.52]
    method: GET
    uri: https://management.azure.com/subscriptions/00000000-0000-0000-0000-000000000000/providers/Microsoft.Compute/locations/westcentralus/operations/ad7b18a9-715f-4bd2-a1c0-1ad7a477a62a?api-version=2018-10-01
  response:
    body: {string: "{\r\n  \"startTime\": \"2018-12-13T03:00:18.5683839+00:00\",\r\
        \n  \"endTime\": \"2018-12-13T03:00:22.2402656+00:00\",\r\n  \"status\": \"\
        Succeeded\",\r\n  \"name\": \"ad7b18a9-715f-4bd2-a1c0-1ad7a477a62a\"\r\n}"}
    headers:
      cache-control: [no-cache]
      content-length: ['184']
      content-type: [application/json; charset=utf-8]
      date: ['Thu, 13 Dec 2018 03:00:28 GMT']
      expires: ['-1']
      pragma: [no-cache]
      server: [Microsoft-HTTPAPI/2.0, Microsoft-HTTPAPI/2.0]
      strict-transport-security: [max-age=31536000; includeSubDomains]
      transfer-encoding: [chunked]
      vary: [Accept-Encoding]
      x-content-type-options: [nosniff]
      x-ms-ratelimit-remaining-resource: ['Microsoft.Compute/GetOperation3Min;14988,Microsoft.Compute/GetOperation30Min;29987']
    status: {code: 200, message: OK}
- request:
    body: null
    headers:
      Accept: [application/json]
      Accept-Encoding: ['gzip, deflate']
      CommandName: [vmss identity remove]
      Connection: [keep-alive]
      ParameterSetName: [-g -n --identities]
      User-Agent: [python/3.6.5 (Darwin-18.0.0-x86_64-i386-64bit) msrest/0.6.0 msrest_azure/0.4.34
          computemanagementclient/4.3.1 Azure-SDK-For-Python AZURECLI/2.0.52]
    method: GET
    uri: https://management.azure.com/subscriptions/00000000-0000-0000-0000-000000000000/resourceGroups/clitest.rg000001/providers/Microsoft.Compute/virtualMachineScaleSets/vmss1?api-version=2018-10-01
  response:
    body: {string: "{\r\n  \"sku\": {\r\n    \"name\": \"Standard_DS1_v2\",\r\n  \
        \  \"tier\": \"Standard\",\r\n    \"capacity\": 1\r\n  },\r\n  \"properties\"\
        : {\r\n    \"singlePlacementGroup\": true,\r\n    \"upgradePolicy\": {\r\n\
        \      \"mode\": \"Manual\"\r\n    },\r\n    \"virtualMachineProfile\": {\r\
        \n      \"osProfile\": {\r\n        \"computerNamePrefix\": \"vmss10cd6\"\
        ,\r\n        \"adminUsername\": \"ubuntuadmin\",\r\n        \"linuxConfiguration\"\
        : {\r\n          \"disablePasswordAuthentication\": true,\r\n          \"\
        ssh\": {\r\n            \"publicKeys\": [\r\n              {\r\n         \
        \       \"path\": \"/home/ubuntuadmin/.ssh/authorized_keys\",\r\n        \
        \        \"keyData\": \"ssh-rsa AAAAB3NzaC1yc2EAAAADAQABAAABAQCohExhkhhTIzPBXbjOPCmvaOnWm6BRAvuSXe6PWD1w4HEcsXTV7yoo3C6NPe6P3TCKHlzi7KnRzStqOftgK+SLx7gEW7/wAjnTHe2luP5Y8nNzMa8r5NifAGYvbHKa5qycpcuy4vsPp1RvjoH9N5y8lVQHcRUTfCrNMQNvTOcIFK56We9jeFNOXZxQE5dhPcaIQ7CMtcHqSKD7G5xHR2UqR4TK3xUTvdksTcInk6nCwuGiC3rL5b5S67fW61iBP35pBYPEXm0xWaekEBLrQv5en6BBX25+x4yVc9D9iQf/Dgh7HbFhPy+Rekye8KqExw/R0roVngORoVnBHucVX/L/\"\
        \r\n              }\r\n            ]\r\n          },\r\n          \"provisionVMAgent\"\
        : true\r\n        },\r\n        \"secrets\": [],\r\n        \"allowExtensionOperations\"\
        : true\r\n      },\r\n      \"storageProfile\": {\r\n        \"osDisk\": {\r\
        \n          \"createOption\": \"FromImage\",\r\n          \"caching\": \"\
        ReadWrite\",\r\n          \"managedDisk\": {\r\n            \"storageAccountType\"\
        : \"Premium_LRS\"\r\n          }\r\n        },\r\n        \"imageReference\"\
        : {\r\n          \"publisher\": \"Canonical\",\r\n          \"offer\": \"\
        UbuntuServer\",\r\n          \"sku\": \"16.04-LTS\",\r\n          \"version\"\
        : \"latest\"\r\n        }\r\n      },\r\n      \"networkProfile\": {\"networkInterfaceConfigurations\"\
        :[{\"name\":\"vmss10cd6Nic\",\"properties\":{\"primary\":true,\"enableAcceleratedNetworking\"\
        :false,\"dnsSettings\":{\"dnsServers\":[]},\"enableIPForwarding\":false,\"\
        ipConfigurations\":[{\"name\":\"vmss10cd6IPConfig\",\"properties\":{\"subnet\"\
        :{\"id\":\"/subscriptions/00000000-0000-0000-0000-000000000000/resourceGroups/clitest.rg000001/providers/Microsoft.Network/virtualNetworks/vmss1VNET/subnets/vmss1Subnet\"\
        },\"privateIPAddressVersion\":\"IPv4\",\"loadBalancerBackendAddressPools\"\
        :[{\"id\":\"/subscriptions/00000000-0000-0000-0000-000000000000/resourceGroups/clitest.rg000001/providers/Microsoft.Network/loadBalancers/vmss1LB/backendAddressPools/vmss1LBBEPool\"\
        }],\"loadBalancerInboundNatPools\":[{\"id\":\"/subscriptions/00000000-0000-0000-0000-000000000000/resourceGroups/clitest.rg000001/providers/Microsoft.Network/loadBalancers/vmss1LB/inboundNatPools/vmss1LBNatPool\"\
        }]}}]}}]}\r\n    },\r\n    \"provisioningState\": \"Succeeded\",\r\n    \"\
        overprovision\": true,\r\n    \"uniqueId\": \"eb650e2c-c7da-4cdb-b013-712561887f97\"\
        \r\n  },\r\n  \"type\": \"Microsoft.Compute/virtualMachineScaleSets\",\r\n\
        \  \"location\": \"westcentralus\",\r\n  \"tags\": {},\r\n  \"identity\":\
        \ {\r\n    \"type\": \"SystemAssigned\",\r\n    \"principalId\": \"08c2764c-4e6c-4660-a13e-f219c97b8820\"\
        ,\r\n    \"tenantId\": \"72f988bf-86f1-41af-91ab-2d7cd011db47\"\r\n  },\r\n\
        \  \"id\": \"/subscriptions/00000000-0000-0000-0000-000000000000/resourceGroups/clitest.rg000001/providers/Microsoft.Compute/virtualMachineScaleSets/vmss1\"\
        ,\r\n  \"name\": \"vmss1\"\r\n}"}
    headers:
      cache-control: [no-cache]
      content-length: ['3057']
      content-type: [application/json; charset=utf-8]
      date: ['Thu, 13 Dec 2018 03:00:28 GMT']
      expires: ['-1']
      pragma: [no-cache]
      server: [Microsoft-HTTPAPI/2.0, Microsoft-HTTPAPI/2.0]
      strict-transport-security: [max-age=31536000; includeSubDomains]
      transfer-encoding: [chunked]
      vary: [Accept-Encoding]
      x-content-type-options: [nosniff]
      x-ms-ratelimit-remaining-resource: ['Microsoft.Compute/GetVMScaleSet3Min;172,Microsoft.Compute/GetVMScaleSet30Min;1271']
    status: {code: 200, message: OK}
- request:
    body: null
    headers:
      Accept: [application/json]
      Accept-Encoding: ['gzip, deflate']
      CommandName: [vmss identity show]
      Connection: [keep-alive]
      ParameterSetName: [-g -n]
      User-Agent: [python/3.6.5 (Darwin-18.0.0-x86_64-i386-64bit) msrest/0.6.0 msrest_azure/0.4.34
          computemanagementclient/4.3.1 Azure-SDK-For-Python AZURECLI/2.0.52]
      accept-language: [en-US]
    method: GET
    uri: https://management.azure.com/subscriptions/00000000-0000-0000-0000-000000000000/resourceGroups/clitest.rg000001/providers/Microsoft.Compute/virtualMachineScaleSets/vmss1?api-version=2018-10-01
  response:
    body: {string: "{\r\n  \"sku\": {\r\n    \"name\": \"Standard_DS1_v2\",\r\n  \
        \  \"tier\": \"Standard\",\r\n    \"capacity\": 1\r\n  },\r\n  \"properties\"\
        : {\r\n    \"singlePlacementGroup\": true,\r\n    \"upgradePolicy\": {\r\n\
        \      \"mode\": \"Manual\"\r\n    },\r\n    \"virtualMachineProfile\": {\r\
        \n      \"osProfile\": {\r\n        \"computerNamePrefix\": \"vmss10cd6\"\
        ,\r\n        \"adminUsername\": \"ubuntuadmin\",\r\n        \"linuxConfiguration\"\
        : {\r\n          \"disablePasswordAuthentication\": true,\r\n          \"\
        ssh\": {\r\n            \"publicKeys\": [\r\n              {\r\n         \
        \       \"path\": \"/home/ubuntuadmin/.ssh/authorized_keys\",\r\n        \
        \        \"keyData\": \"ssh-rsa AAAAB3NzaC1yc2EAAAADAQABAAABAQCohExhkhhTIzPBXbjOPCmvaOnWm6BRAvuSXe6PWD1w4HEcsXTV7yoo3C6NPe6P3TCKHlzi7KnRzStqOftgK+SLx7gEW7/wAjnTHe2luP5Y8nNzMa8r5NifAGYvbHKa5qycpcuy4vsPp1RvjoH9N5y8lVQHcRUTfCrNMQNvTOcIFK56We9jeFNOXZxQE5dhPcaIQ7CMtcHqSKD7G5xHR2UqR4TK3xUTvdksTcInk6nCwuGiC3rL5b5S67fW61iBP35pBYPEXm0xWaekEBLrQv5en6BBX25+x4yVc9D9iQf/Dgh7HbFhPy+Rekye8KqExw/R0roVngORoVnBHucVX/L/\"\
        \r\n              }\r\n            ]\r\n          },\r\n          \"provisionVMAgent\"\
        : true\r\n        },\r\n        \"secrets\": [],\r\n        \"allowExtensionOperations\"\
        : true\r\n      },\r\n      \"storageProfile\": {\r\n        \"osDisk\": {\r\
        \n          \"createOption\": \"FromImage\",\r\n          \"caching\": \"\
        ReadWrite\",\r\n          \"managedDisk\": {\r\n            \"storageAccountType\"\
        : \"Premium_LRS\"\r\n          }\r\n        },\r\n        \"imageReference\"\
        : {\r\n          \"publisher\": \"Canonical\",\r\n          \"offer\": \"\
        UbuntuServer\",\r\n          \"sku\": \"16.04-LTS\",\r\n          \"version\"\
        : \"latest\"\r\n        }\r\n      },\r\n      \"networkProfile\": {\"networkInterfaceConfigurations\"\
        :[{\"name\":\"vmss10cd6Nic\",\"properties\":{\"primary\":true,\"enableAcceleratedNetworking\"\
        :false,\"dnsSettings\":{\"dnsServers\":[]},\"enableIPForwarding\":false,\"\
        ipConfigurations\":[{\"name\":\"vmss10cd6IPConfig\",\"properties\":{\"subnet\"\
        :{\"id\":\"/subscriptions/00000000-0000-0000-0000-000000000000/resourceGroups/clitest.rg000001/providers/Microsoft.Network/virtualNetworks/vmss1VNET/subnets/vmss1Subnet\"\
        },\"privateIPAddressVersion\":\"IPv4\",\"loadBalancerBackendAddressPools\"\
        :[{\"id\":\"/subscriptions/00000000-0000-0000-0000-000000000000/resourceGroups/clitest.rg000001/providers/Microsoft.Network/loadBalancers/vmss1LB/backendAddressPools/vmss1LBBEPool\"\
        }],\"loadBalancerInboundNatPools\":[{\"id\":\"/subscriptions/00000000-0000-0000-0000-000000000000/resourceGroups/clitest.rg000001/providers/Microsoft.Network/loadBalancers/vmss1LB/inboundNatPools/vmss1LBNatPool\"\
        }]}}]}}]}\r\n    },\r\n    \"provisioningState\": \"Succeeded\",\r\n    \"\
        overprovision\": true,\r\n    \"uniqueId\": \"eb650e2c-c7da-4cdb-b013-712561887f97\"\
        \r\n  },\r\n  \"type\": \"Microsoft.Compute/virtualMachineScaleSets\",\r\n\
        \  \"location\": \"westcentralus\",\r\n  \"tags\": {},\r\n  \"identity\":\
        \ {\r\n    \"type\": \"SystemAssigned\",\r\n    \"principalId\": \"08c2764c-4e6c-4660-a13e-f219c97b8820\"\
        ,\r\n    \"tenantId\": \"72f988bf-86f1-41af-91ab-2d7cd011db47\"\r\n  },\r\n\
        \  \"id\": \"/subscriptions/00000000-0000-0000-0000-000000000000/resourceGroups/clitest.rg000001/providers/Microsoft.Compute/virtualMachineScaleSets/vmss1\"\
        ,\r\n  \"name\": \"vmss1\"\r\n}"}
    headers:
      cache-control: [no-cache]
      content-length: ['3057']
      content-type: [application/json; charset=utf-8]
      date: ['Thu, 13 Dec 2018 03:00:30 GMT']
      expires: ['-1']
      pragma: [no-cache]
      server: [Microsoft-HTTPAPI/2.0, Microsoft-HTTPAPI/2.0]
      strict-transport-security: [max-age=31536000; includeSubDomains]
      transfer-encoding: [chunked]
      vary: [Accept-Encoding]
      x-content-type-options: [nosniff]
      x-ms-ratelimit-remaining-resource: ['Microsoft.Compute/GetVMScaleSet3Min;171,Microsoft.Compute/GetVMScaleSet30Min;1270']
    status: {code: 200, message: OK}
- request:
    body: null
    headers:
      Accept: [application/json]
      Accept-Encoding: ['gzip, deflate']
      CommandName: [group delete]
      Connection: [keep-alive]
      Content-Length: ['0']
      Content-Type: [application/json; charset=utf-8]
      ParameterSetName: [--name --yes --no-wait]
      User-Agent: [python/3.6.5 (Darwin-18.0.0-x86_64-i386-64bit) msrest/0.6.0 msrest_azure/0.4.34
          resourcemanagementclient/2.0.0 Azure-SDK-For-Python AZURECLI/2.0.52]
      accept-language: [en-US]
    method: DELETE
    uri: https://management.azure.com/subscriptions/00000000-0000-0000-0000-000000000000/resourcegroups/clitest.rg000001?api-version=2018-05-01
  response:
    body: {string: ''}
    headers:
      cache-control: [no-cache]
      content-length: ['0']
      date: ['Thu, 13 Dec 2018 03:00:30 GMT']
      expires: ['-1']
      location: ['https://management.azure.com/subscriptions/00000000-0000-0000-0000-000000000000/operationresults/eyJqb2JJZCI6IlJFU09VUkNFR1JPVVBERUxFVElPTkpPQi1DTElURVNUOjJFUkdaNktMVVJLSUJILVdFU1RDRU5UUkFMVVMiLCJqb2JMb2NhdGlvbiI6Indlc3RjZW50cmFsdXMifQ?api-version=2018-05-01']
      pragma: [no-cache]
      strict-transport-security: [max-age=31536000; includeSubDomains]
      x-content-type-options: [nosniff]
      x-ms-ratelimit-remaining-subscription-deletes: ['14999']
    status: {code: 202, message: Accepted}
version: 1
