interactions:
- request:
    body: '{"tags": {"cause": "automation", "date": "2018-10-01T18:31:01Z", "product":
      "azurecli"}, "location": "westus"}'
    headers:
      Accept: [application/json]
      Accept-Encoding: ['gzip, deflate']
      CommandName: [group create]
      Connection: [keep-alive]
      Content-Length: ['110']
      Content-Type: [application/json; charset=utf-8]
      User-Agent: [python/3.5.4 (Windows-10-10.0.17134-SP0) requests/2.19.1 msrest/0.5.5
          msrest_azure/0.4.34 resourcemanagementclient/2.0.0 Azure-SDK-For-Python
          AZURECLI/2.0.47]
      accept-language: [en-US]
    method: PUT
    uri: https://management.azure.com/subscriptions/00000000-0000-0000-0000-000000000000/resourcegroups/cli_test_vm_with_specialized_unmanaged_disk000001?api-version=2018-05-01
  response:
    body: {string: '{"id":"/subscriptions/00000000-0000-0000-0000-000000000000/resourceGroups/cli_test_vm_with_specialized_unmanaged_disk000001","name":"cli_test_vm_with_specialized_unmanaged_disk000001","location":"westus","tags":{"cause":"automation","date":"2018-10-01T18:31:01Z","product":"azurecli"},"properties":{"provisioningState":"Succeeded"}}'}
    headers:
      cache-control: [no-cache]
      content-length: ['384']
      content-type: [application/json; charset=utf-8]
      date: ['Mon, 01 Oct 2018 18:31:03 GMT']
      expires: ['-1']
      pragma: [no-cache]
      strict-transport-security: [max-age=31536000; includeSubDomains]
      x-content-type-options: [nosniff]
      x-ms-ratelimit-remaining-subscription-writes: ['1199']
    status: {code: 201, message: Created}
- request:
    body: null
    headers:
      Accept: [application/json]
      Accept-Encoding: ['gzip, deflate']
      CommandName: [vm create]
      Connection: [keep-alive]
      Content-Type: [application/json; charset=utf-8]
      User-Agent: [python/3.5.4 (Windows-10-10.0.17134-SP0) requests/2.19.1 msrest/0.5.5
          msrest_azure/0.4.34 resourcemanagementclient/2.0.0 Azure-SDK-For-Python
          AZURECLI/2.0.47]
      accept-language: [en-US]
    method: GET
    uri: https://management.azure.com/subscriptions/00000000-0000-0000-0000-000000000000/resourcegroups/cli_test_vm_with_specialized_unmanaged_disk000001?api-version=2018-05-01
  response:
    body: {string: '{"id":"/subscriptions/00000000-0000-0000-0000-000000000000/resourceGroups/cli_test_vm_with_specialized_unmanaged_disk000001","name":"cli_test_vm_with_specialized_unmanaged_disk000001","location":"westus","tags":{"cause":"automation","date":"2018-10-01T18:31:01Z","product":"azurecli"},"properties":{"provisioningState":"Succeeded"}}'}
    headers:
      cache-control: [no-cache]
      content-length: ['384']
      content-type: [application/json; charset=utf-8]
      date: ['Mon, 01 Oct 2018 18:31:03 GMT']
      expires: ['-1']
      pragma: [no-cache]
      strict-transport-security: [max-age=31536000; includeSubDomains]
      vary: [Accept-Encoding]
      x-content-type-options: [nosniff]
    status: {code: 200, message: OK}
- request:
    body: null
    headers:
      Accept: ['*/*']
      Accept-Encoding: ['gzip, deflate']
      Connection: [keep-alive]
      User-Agent: [python-requests/2.19.1]
    method: GET
    uri: https://raw.githubusercontent.com/Azure/azure-rest-api-specs/master/arm-compute/quickstart-templates/aliases.json
  response:
    body: {string: "{\n  \"$schema\":\"http://schema.management.azure.com/schemas/2015-01-01/deploymentTemplate.json\",\n
        \ \"contentVersion\":\"1.0.0.0\",\n  \"parameters\":{},\n  \"variables\":{},\n
        \ \"resources\":[],\n\n  \"outputs\":{\n    \"aliases\":{\n      \"type\":\"object\",\n
        \     \"value\":{\n\n        \"Linux\":{\n          \"CentOS\":{\n            \"publisher\":\"OpenLogic\",\n
        \           \"offer\":\"CentOS\",\n            \"sku\":\"7.3\",\n            \"version\":\"latest\"\n
        \         },\n          \"CoreOS\":{\n            \"publisher\":\"CoreOS\",\n
        \           \"offer\":\"CoreOS\",\n            \"sku\":\"Stable\",\n            \"version\":\"latest\"\n
        \         },\n          \"Debian\":{\n            \"publisher\":\"credativ\",\n
        \           \"offer\":\"Debian\",\n            \"sku\":\"8\",\n            \"version\":\"latest\"\n
        \         },\n          \"openSUSE-Leap\": {\n            \"publisher\":\"SUSE\",\n
        \           \"offer\":\"openSUSE-Leap\",\n            \"sku\":\"42.3\",\n
        \           \"version\": \"latest\"\n          },\n          \"RHEL\":{\n
        \           \"publisher\":\"RedHat\",\n            \"offer\":\"RHEL\",\n            \"sku\":\"7.3\",\n
        \           \"version\":\"latest\"\n          },\n          \"SLES\":{\n            \"publisher\":\"SUSE\",\n
        \           \"offer\":\"SLES\",\n            \"sku\":\"12-SP2\",\n            \"version\":\"latest\"\n
        \         },\n          \"UbuntuLTS\":{\n            \"publisher\":\"Canonical\",\n
        \           \"offer\":\"UbuntuServer\",\n            \"sku\":\"16.04-LTS\",\n
        \           \"version\":\"latest\"\n          }\n        },\n\n        \"Windows\":{\n
        \         \"Win2016Datacenter\":{\n            \"publisher\":\"MicrosoftWindowsServer\",\n
        \           \"offer\":\"WindowsServer\",\n            \"sku\":\"2016-Datacenter\",\n
        \           \"version\":\"latest\"\n          },\n          \"Win2012R2Datacenter\":{\n
        \           \"publisher\":\"MicrosoftWindowsServer\",\n            \"offer\":\"WindowsServer\",\n
        \           \"sku\":\"2012-R2-Datacenter\",\n            \"version\":\"latest\"\n
        \         },\n          \"Win2012Datacenter\":{\n            \"publisher\":\"MicrosoftWindowsServer\",\n
        \           \"offer\":\"WindowsServer\",\n            \"sku\":\"2012-Datacenter\",\n
        \           \"version\":\"latest\"\n          },\n          \"Win2008R2SP1\":{\n
        \           \"publisher\":\"MicrosoftWindowsServer\",\n            \"offer\":\"WindowsServer\",\n
        \           \"sku\":\"2008-R2-SP1\",\n            \"version\":\"latest\"\n
        \         }\n        }\n      }\n    }\n  }\n}\n"}
    headers:
      accept-ranges: [bytes]
      access-control-allow-origin: ['*']
      cache-control: [max-age=300]
      connection: [keep-alive]
      content-length: ['2235']
      content-security-policy: [default-src 'none'; style-src 'unsafe-inline'; sandbox]
      content-type: [text/plain; charset=utf-8]
      date: ['Mon, 01 Oct 2018 18:31:04 GMT']
      etag: ['"60d07919b4224266adafb81340896eea100dc887"']
      expires: ['Mon, 01 Oct 2018 18:36:04 GMT']
      source-age: ['245']
      strict-transport-security: [max-age=31536000]
      vary: ['Authorization,Accept-Encoding']
      via: [1.1 varnish]
      x-cache: [HIT]
      x-cache-hits: ['1']
      x-content-type-options: [nosniff]
      x-fastly-request-id: [4687c58ed51f04480ce10f150d05251a39dc0f90]
      x-frame-options: [deny]
      x-geo-block-list: ['']
      x-github-request-id: ['89FE:0179:B1DB92:C2D1DB:5BB266F3']
      x-served-by: [cache-dfw18635-DFW]
      x-timer: ['S1538418665.979026,VS0,VE1']
      x-xss-protection: [1; mode=block]
    status: {code: 200, message: OK}
- request:
    body: null
    headers:
      Accept: [application/json]
      Accept-Encoding: ['gzip, deflate']
      CommandName: [vm create]
      Connection: [keep-alive]
      Content-Type: [application/json; charset=utf-8]
      User-Agent: [python/3.5.4 (Windows-10-10.0.17134-SP0) requests/2.19.1 msrest/0.5.5
          msrest_azure/0.4.34 azure-mgmt-storage/2.0.0rc4 Azure-SDK-For-Python AZURECLI/2.0.47]
      accept-language: [en-US]
    method: GET
    uri: https://management.azure.com/subscriptions/00000000-0000-0000-0000-000000000000/resourceGroups/cli_test_vm_with_specialized_unmanaged_disk000001/providers/Microsoft.Storage/storageAccounts?api-version=2018-07-01
  response:
    body: {string: '{"value":[]}'}
    headers:
      cache-control: [no-cache]
      content-length: ['12']
      content-type: [application/json; charset=utf-8]
      date: ['Mon, 01 Oct 2018 18:31:05 GMT']
      expires: ['-1']
      pragma: [no-cache]
      strict-transport-security: [max-age=31536000; includeSubDomains]
      vary: [Accept-Encoding]
      x-content-type-options: [nosniff]
    status: {code: 200, message: OK}
- request:
    body: null
    headers:
      Accept: [application/json]
      Accept-Encoding: ['gzip, deflate']
      CommandName: [vm create]
      Connection: [keep-alive]
      User-Agent: [python/3.5.4 (Windows-10-10.0.17134-SP0) requests/2.19.1 msrest/0.5.5
          msrest_azure/0.4.34 networkmanagementclient/2.2.1 Azure-SDK-For-Python AZURECLI/2.0.47]
      accept-language: [en-US]
    method: GET
    uri: https://management.azure.com/subscriptions/00000000-0000-0000-0000-000000000000/resourceGroups/cli_test_vm_with_specialized_unmanaged_disk000001/providers/Microsoft.Network/virtualNetworks?api-version=2018-01-01
  response:
    body: {string: '{"value":[]}'}
    headers:
      cache-control: [no-cache]
      content-length: ['12']
      content-type: [application/json; charset=utf-8]
      date: ['Mon, 01 Oct 2018 18:31:05 GMT']
      expires: ['-1']
      pragma: [no-cache]
      strict-transport-security: [max-age=31536000; includeSubDomains]
      vary: [Accept-Encoding]
      x-content-type-options: [nosniff]
    status: {code: 200, message: OK}
- request:
    body: 'b''{"properties": {"mode": "Incremental", "parameters": {"adminPassword":
      {"value": "testPassword0"}}, "template": {"contentVersion": "1.0.0.0", "resources":
      [{"properties": {"accountType": "Premium_LRS"}, "dependsOn": [], "name": "vhdstorageaf77275e8ef4ad",
      "apiVersion": "2015-06-15", "tags": {}, "location": "westus", "type": "Microsoft.Storage/storageAccounts"},
      {"properties": {"subnets": [{"properties": {"addressPrefix": "10.0.0.0/24"},
      "name": "vm1Subnet"}], "addressSpace": {"addressPrefixes": ["10.0.0.0/16"]}},
      "dependsOn": [], "name": "vm1VNET", "apiVersion": "2015-06-15", "tags": {},
      "location": "westus", "type": "Microsoft.Network/virtualNetworks"}, {"properties":
      {"securityRules": [{"properties": {"protocol": "Tcp", "sourcePortRange": "*",
      "direction": "Inbound", "destinationAddressPrefix": "*", "access": "Allow",
      "priority": 1000, "destinationPortRange": "22", "sourceAddressPrefix": "*"},
      "name": "default-allow-ssh"}]}, "dependsOn": [], "name": "vm1NSG", "apiVersion":
      "2015-06-15", "tags": {}, "location": "westus", "type": "Microsoft.Network/networkSecurityGroups"},
      {"properties": {"publicIPAllocationMethod": null}, "dependsOn": [], "name":
      "vm1PublicIP", "apiVersion": "2018-01-01", "tags": {}, "location": "westus",
      "type": "Microsoft.Network/publicIPAddresses"}, {"properties": {"networkSecurityGroup":
      {"id": "/subscriptions/00000000-0000-0000-0000-000000000000/resourceGroups/cli_test_vm_with_specialized_unmanaged_disk000001/providers/Microsoft.Network/networkSecurityGroups/vm1NSG"},
      "ipConfigurations": [{"properties": {"privateIPAllocationMethod": "Dynamic",
      "publicIPAddress": {"id": "/subscriptions/00000000-0000-0000-0000-000000000000/resourceGroups/cli_test_vm_with_specialized_unmanaged_disk000001/providers/Microsoft.Network/publicIPAddresses/vm1PublicIP"},
      "subnet": {"id": "/subscriptions/00000000-0000-0000-0000-000000000000/resourceGroups/cli_test_vm_with_specialized_unmanaged_disk000001/providers/Microsoft.Network/virtualNetworks/vm1VNET/subnets/vm1Subnet"}},
      "name": "ipconfigvm1"}]}, "dependsOn": ["Microsoft.Network/virtualNetworks/vm1VNET",
      "Microsoft.Network/networkSecurityGroups/vm1NSG", "Microsoft.Network/publicIpAddresses/vm1PublicIP"],
      "name": "vm1VMNic", "apiVersion": "2015-06-15", "tags": {}, "location": "westus",
      "type": "Microsoft.Network/networkInterfaces"}, {"properties": {"osProfile":
      {"adminPassword": "[parameters(\''adminPassword\'')]", "adminUsername": "ubuntu",
      "computerName": "vm1"}, "storageProfile": {"osDisk": {"caching": "ReadWrite",
      "name": "osdisk_af77275e8e", "createOption": "fromImage", "vhd": {"uri": "https://vhdstorageaf77275e8ef4ad.blob.core.windows.net/vhds/osdisk_af77275e8e.vhd"}},
      "imageReference": {"publisher": "credativ", "version": "latest", "offer": "Debian",
      "sku": "8"}}, "networkProfile": {"networkInterfaces": [{"id": "/subscriptions/00000000-0000-0000-0000-000000000000/resourceGroups/cli_test_vm_with_specialized_unmanaged_disk000001/providers/Microsoft.Network/networkInterfaces/vm1VMNic"}]},
      "hardwareProfile": {"vmSize": "Standard_DS1_v2"}}, "dependsOn": ["Microsoft.Storage/storageAccounts/vhdstorageaf77275e8ef4ad",
      "Microsoft.Network/networkInterfaces/vm1VMNic"], "name": "vm1", "apiVersion":
      "2018-10-01", "tags": {}, "location": "westus", "type": "Microsoft.Compute/virtualMachines"}],
      "parameters": {"adminPassword": {"metadata": {"description": "Secure adminPassword"},
      "type": "securestring"}}, "$schema": "https://schema.management.azure.com/schemas/2015-01-01/deploymentTemplate.json#",
      "outputs": {}, "variables": {}}}}'''
    headers:
      Accept: [application/json]
      Accept-Encoding: ['gzip, deflate']
      CommandName: [vm create]
      Connection: [keep-alive]
      Content-Length: ['3636']
      Content-Type: [application/json; charset=utf-8]
      User-Agent: [python/3.5.4 (Windows-10-10.0.17134-SP0) requests/2.19.1 msrest/0.5.5
          msrest_azure/0.4.34 resourcemanagementclient/2.0.0 Azure-SDK-For-Python
          AZURECLI/2.0.47]
      accept-language: [en-US]
    method: PUT
    uri: https://management.azure.com/subscriptions/00000000-0000-0000-0000-000000000000/resourcegroups/cli_test_vm_with_specialized_unmanaged_disk000001/providers/Microsoft.Resources/deployments/mock-deployment?api-version=2018-05-01
  response:
    body: {string: '{"id":"/subscriptions/00000000-0000-0000-0000-000000000000/resourceGroups/cli_test_vm_with_specialized_unmanaged_disk000001/providers/Microsoft.Resources/deployments/vm_deploy_P7l8TydZTD2aceL0tueVHcEHfdgNuZsZ","name":"vm_deploy_P7l8TydZTD2aceL0tueVHcEHfdgNuZsZ","properties":{"templateHash":"1335666701771813329","parameters":{"adminPassword":{"type":"SecureString"}},"mode":"Incremental","provisioningState":"Accepted","timestamp":"2018-10-01T18:31:08.4107836Z","duration":"PT0.8058757S","correlationId":"86bde1e9-471f-44ef-8b56-2ad4dcc954a3","providers":[{"namespace":"Microsoft.Storage","resourceTypes":[{"resourceType":"storageAccounts","locations":["westus"]}]},{"namespace":"Microsoft.Network","resourceTypes":[{"resourceType":"virtualNetworks","locations":["westus"]},{"resourceType":"networkSecurityGroups","locations":["westus"]},{"resourceType":"publicIPAddresses","locations":["westus"]},{"resourceType":"networkInterfaces","locations":["westus"]}]},{"namespace":"Microsoft.Compute","resourceTypes":[{"resourceType":"virtualMachines","locations":["westus"]}]}],"dependencies":[{"dependsOn":[{"id":"/subscriptions/00000000-0000-0000-0000-000000000000/resourceGroups/cli_test_vm_with_specialized_unmanaged_disk000001/providers/Microsoft.Network/virtualNetworks/vm1VNET","resourceType":"Microsoft.Network/virtualNetworks","resourceName":"vm1VNET"},{"id":"/subscriptions/00000000-0000-0000-0000-000000000000/resourceGroups/cli_test_vm_with_specialized_unmanaged_disk000001/providers/Microsoft.Network/networkSecurityGroups/vm1NSG","resourceType":"Microsoft.Network/networkSecurityGroups","resourceName":"vm1NSG"},{"id":"/subscriptions/00000000-0000-0000-0000-000000000000/resourceGroups/cli_test_vm_with_specialized_unmanaged_disk000001/providers/Microsoft.Network/publicIPAddresses/vm1PublicIP","resourceType":"Microsoft.Network/publicIPAddresses","resourceName":"vm1PublicIP"}],"id":"/subscriptions/00000000-0000-0000-0000-000000000000/resourceGroups/cli_test_vm_with_specialized_unmanaged_disk000001/providers/Microsoft.Network/networkInterfaces/vm1VMNic","resourceType":"Microsoft.Network/networkInterfaces","resourceName":"vm1VMNic"},{"dependsOn":[{"id":"/subscriptions/00000000-0000-0000-0000-000000000000/resourceGroups/cli_test_vm_with_specialized_unmanaged_disk000001/providers/Microsoft.Storage/storageAccounts/vhdstorageaf77275e8ef4ad","resourceType":"Microsoft.Storage/storageAccounts","resourceName":"vhdstorageaf77275e8ef4ad"},{"id":"/subscriptions/00000000-0000-0000-0000-000000000000/resourceGroups/cli_test_vm_with_specialized_unmanaged_disk000001/providers/Microsoft.Network/networkInterfaces/vm1VMNic","resourceType":"Microsoft.Network/networkInterfaces","resourceName":"vm1VMNic"}],"id":"/subscriptions/00000000-0000-0000-0000-000000000000/resourceGroups/cli_test_vm_with_specialized_unmanaged_disk000001/providers/Microsoft.Compute/virtualMachines/vm1","resourceType":"Microsoft.Compute/virtualMachines","resourceName":"vm1"}]}}'}
    headers:
      azure-asyncoperation: ['https://management.azure.com/subscriptions/00000000-0000-0000-0000-000000000000/resourcegroups/cli_test_vm_with_specialized_unmanaged_disk000001/providers/Microsoft.Resources/deployments/vm_deploy_P7l8TydZTD2aceL0tueVHcEHfdgNuZsZ/operationStatuses/08586631882178727325?api-version=2018-05-01']
      cache-control: [no-cache]
      content-length: ['3164']
      content-type: [application/json; charset=utf-8]
      date: ['Mon, 01 Oct 2018 18:31:08 GMT']
      expires: ['-1']
      pragma: [no-cache]
      strict-transport-security: [max-age=31536000; includeSubDomains]
      x-content-type-options: [nosniff]
      x-ms-ratelimit-remaining-subscription-writes: ['1199']
    status: {code: 201, message: Created}
- request:
    body: null
    headers:
      Accept: [application/json]
      Accept-Encoding: ['gzip, deflate']
      CommandName: [vm create]
      Connection: [keep-alive]
      User-Agent: [python/3.5.4 (Windows-10-10.0.17134-SP0) requests/2.19.1 msrest/0.5.5
          msrest_azure/0.4.34 resourcemanagementclient/2.0.0 Azure-SDK-For-Python
          AZURECLI/2.0.47]
    method: GET
    uri: https://management.azure.com/subscriptions/00000000-0000-0000-0000-000000000000/resourcegroups/cli_test_vm_with_specialized_unmanaged_disk000001/providers/Microsoft.Resources/deployments/mock-deployment/operationStatuses/08586631882178727325?api-version=2018-05-01
  response:
    body: {string: '{"status":"Running"}'}
    headers:
      cache-control: [no-cache]
      content-length: ['20']
      content-type: [application/json; charset=utf-8]
      date: ['Mon, 01 Oct 2018 18:31:39 GMT']
      expires: ['-1']
      pragma: [no-cache]
      strict-transport-security: [max-age=31536000; includeSubDomains]
      vary: [Accept-Encoding]
      x-content-type-options: [nosniff]
    status: {code: 200, message: OK}
- request:
    body: null
    headers:
      Accept: [application/json]
      Accept-Encoding: ['gzip, deflate']
      CommandName: [vm create]
      Connection: [keep-alive]
      User-Agent: [python/3.5.4 (Windows-10-10.0.17134-SP0) requests/2.19.1 msrest/0.5.5
          msrest_azure/0.4.34 resourcemanagementclient/2.0.0 Azure-SDK-For-Python
          AZURECLI/2.0.47]
    method: GET
    uri: https://management.azure.com/subscriptions/00000000-0000-0000-0000-000000000000/resourcegroups/cli_test_vm_with_specialized_unmanaged_disk000001/providers/Microsoft.Resources/deployments/mock-deployment/operationStatuses/08586631882178727325?api-version=2018-05-01
  response:
    body: {string: '{"status":"Running"}'}
    headers:
      cache-control: [no-cache]
      content-length: ['20']
      content-type: [application/json; charset=utf-8]
      date: ['Mon, 01 Oct 2018 18:32:09 GMT']
      expires: ['-1']
      pragma: [no-cache]
      strict-transport-security: [max-age=31536000; includeSubDomains]
      vary: [Accept-Encoding]
      x-content-type-options: [nosniff]
    status: {code: 200, message: OK}
- request:
    body: null
    headers:
      Accept: [application/json]
      Accept-Encoding: ['gzip, deflate']
      CommandName: [vm create]
      Connection: [keep-alive]
      User-Agent: [python/3.5.4 (Windows-10-10.0.17134-SP0) requests/2.19.1 msrest/0.5.5
          msrest_azure/0.4.34 resourcemanagementclient/2.0.0 Azure-SDK-For-Python
          AZURECLI/2.0.47]
    method: GET
    uri: https://management.azure.com/subscriptions/00000000-0000-0000-0000-000000000000/resourcegroups/cli_test_vm_with_specialized_unmanaged_disk000001/providers/Microsoft.Resources/deployments/mock-deployment/operationStatuses/08586631882178727325?api-version=2018-05-01
  response:
    body: {string: '{"status":"Running"}'}
    headers:
      cache-control: [no-cache]
      content-length: ['20']
      content-type: [application/json; charset=utf-8]
      date: ['Mon, 01 Oct 2018 18:32:39 GMT']
      expires: ['-1']
      pragma: [no-cache]
      strict-transport-security: [max-age=31536000; includeSubDomains]
      vary: [Accept-Encoding]
      x-content-type-options: [nosniff]
    status: {code: 200, message: OK}
- request:
    body: null
    headers:
      Accept: [application/json]
      Accept-Encoding: ['gzip, deflate']
      CommandName: [vm create]
      Connection: [keep-alive]
      User-Agent: [python/3.5.4 (Windows-10-10.0.17134-SP0) requests/2.19.1 msrest/0.5.5
          msrest_azure/0.4.34 resourcemanagementclient/2.0.0 Azure-SDK-For-Python
          AZURECLI/2.0.47]
    method: GET
    uri: https://management.azure.com/subscriptions/00000000-0000-0000-0000-000000000000/resourcegroups/cli_test_vm_with_specialized_unmanaged_disk000001/providers/Microsoft.Resources/deployments/mock-deployment/operationStatuses/08586631882178727325?api-version=2018-05-01
  response:
    body: {string: '{"status":"Running"}'}
    headers:
      cache-control: [no-cache]
      content-length: ['20']
      content-type: [application/json; charset=utf-8]
      date: ['Mon, 01 Oct 2018 18:33:09 GMT']
      expires: ['-1']
      pragma: [no-cache]
      strict-transport-security: [max-age=31536000; includeSubDomains]
      vary: [Accept-Encoding]
      x-content-type-options: [nosniff]
    status: {code: 200, message: OK}
- request:
    body: null
    headers:
      Accept: [application/json]
      Accept-Encoding: ['gzip, deflate']
      CommandName: [vm create]
      Connection: [keep-alive]
      User-Agent: [python/3.5.4 (Windows-10-10.0.17134-SP0) requests/2.19.1 msrest/0.5.5
          msrest_azure/0.4.34 resourcemanagementclient/2.0.0 Azure-SDK-For-Python
          AZURECLI/2.0.47]
    method: GET
    uri: https://management.azure.com/subscriptions/00000000-0000-0000-0000-000000000000/resourcegroups/cli_test_vm_with_specialized_unmanaged_disk000001/providers/Microsoft.Resources/deployments/mock-deployment/operationStatuses/08586631882178727325?api-version=2018-05-01
  response:
    body: {string: '{"status":"Succeeded"}'}
    headers:
      cache-control: [no-cache]
      content-length: ['22']
      content-type: [application/json; charset=utf-8]
      date: ['Mon, 01 Oct 2018 18:33:40 GMT']
      expires: ['-1']
      pragma: [no-cache]
      strict-transport-security: [max-age=31536000; includeSubDomains]
      vary: [Accept-Encoding]
      x-content-type-options: [nosniff]
    status: {code: 200, message: OK}
- request:
    body: null
    headers:
      Accept: [application/json]
      Accept-Encoding: ['gzip, deflate']
      CommandName: [vm create]
      Connection: [keep-alive]
      User-Agent: [python/3.5.4 (Windows-10-10.0.17134-SP0) requests/2.19.1 msrest/0.5.5
          msrest_azure/0.4.34 resourcemanagementclient/2.0.0 Azure-SDK-For-Python
          AZURECLI/2.0.47]
    method: GET
    uri: https://management.azure.com/subscriptions/00000000-0000-0000-0000-000000000000/resourcegroups/cli_test_vm_with_specialized_unmanaged_disk000001/providers/Microsoft.Resources/deployments/mock-deployment?api-version=2018-05-01
  response:
    body: {string: '{"id":"/subscriptions/00000000-0000-0000-0000-000000000000/resourceGroups/cli_test_vm_with_specialized_unmanaged_disk000001/providers/Microsoft.Resources/deployments/vm_deploy_P7l8TydZTD2aceL0tueVHcEHfdgNuZsZ","name":"vm_deploy_P7l8TydZTD2aceL0tueVHcEHfdgNuZsZ","properties":{"templateHash":"1335666701771813329","parameters":{"adminPassword":{"type":"SecureString"}},"mode":"Incremental","provisioningState":"Succeeded","timestamp":"2018-10-01T18:33:13.2634394Z","duration":"PT2M5.6585315S","correlationId":"86bde1e9-471f-44ef-8b56-2ad4dcc954a3","providers":[{"namespace":"Microsoft.Storage","resourceTypes":[{"resourceType":"storageAccounts","locations":["westus"]}]},{"namespace":"Microsoft.Network","resourceTypes":[{"resourceType":"virtualNetworks","locations":["westus"]},{"resourceType":"networkSecurityGroups","locations":["westus"]},{"resourceType":"publicIPAddresses","locations":["westus"]},{"resourceType":"networkInterfaces","locations":["westus"]}]},{"namespace":"Microsoft.Compute","resourceTypes":[{"resourceType":"virtualMachines","locations":["westus"]}]}],"dependencies":[{"dependsOn":[{"id":"/subscriptions/00000000-0000-0000-0000-000000000000/resourceGroups/cli_test_vm_with_specialized_unmanaged_disk000001/providers/Microsoft.Network/virtualNetworks/vm1VNET","resourceType":"Microsoft.Network/virtualNetworks","resourceName":"vm1VNET"},{"id":"/subscriptions/00000000-0000-0000-0000-000000000000/resourceGroups/cli_test_vm_with_specialized_unmanaged_disk000001/providers/Microsoft.Network/networkSecurityGroups/vm1NSG","resourceType":"Microsoft.Network/networkSecurityGroups","resourceName":"vm1NSG"},{"id":"/subscriptions/00000000-0000-0000-0000-000000000000/resourceGroups/cli_test_vm_with_specialized_unmanaged_disk000001/providers/Microsoft.Network/publicIPAddresses/vm1PublicIP","resourceType":"Microsoft.Network/publicIPAddresses","resourceName":"vm1PublicIP"}],"id":"/subscriptions/00000000-0000-0000-0000-000000000000/resourceGroups/cli_test_vm_with_specialized_unmanaged_disk000001/providers/Microsoft.Network/networkInterfaces/vm1VMNic","resourceType":"Microsoft.Network/networkInterfaces","resourceName":"vm1VMNic"},{"dependsOn":[{"id":"/subscriptions/00000000-0000-0000-0000-000000000000/resourceGroups/cli_test_vm_with_specialized_unmanaged_disk000001/providers/Microsoft.Storage/storageAccounts/vhdstorageaf77275e8ef4ad","resourceType":"Microsoft.Storage/storageAccounts","resourceName":"vhdstorageaf77275e8ef4ad"},{"id":"/subscriptions/00000000-0000-0000-0000-000000000000/resourceGroups/cli_test_vm_with_specialized_unmanaged_disk000001/providers/Microsoft.Network/networkInterfaces/vm1VMNic","resourceType":"Microsoft.Network/networkInterfaces","resourceName":"vm1VMNic"}],"id":"/subscriptions/00000000-0000-0000-0000-000000000000/resourceGroups/cli_test_vm_with_specialized_unmanaged_disk000001/providers/Microsoft.Compute/virtualMachines/vm1","resourceType":"Microsoft.Compute/virtualMachines","resourceName":"vm1"}],"outputs":{},"outputResources":[{"id":"/subscriptions/00000000-0000-0000-0000-000000000000/resourceGroups/cli_test_vm_with_specialized_unmanaged_disk000001/providers/Microsoft.Compute/virtualMachines/vm1"},{"id":"/subscriptions/00000000-0000-0000-0000-000000000000/resourceGroups/cli_test_vm_with_specialized_unmanaged_disk000001/providers/Microsoft.Network/networkInterfaces/vm1VMNic"},{"id":"/subscriptions/00000000-0000-0000-0000-000000000000/resourceGroups/cli_test_vm_with_specialized_unmanaged_disk000001/providers/Microsoft.Network/networkSecurityGroups/vm1NSG"},{"id":"/subscriptions/00000000-0000-0000-0000-000000000000/resourceGroups/cli_test_vm_with_specialized_unmanaged_disk000001/providers/Microsoft.Network/publicIPAddresses/vm1PublicIP"},{"id":"/subscriptions/00000000-0000-0000-0000-000000000000/resourceGroups/cli_test_vm_with_specialized_unmanaged_disk000001/providers/Microsoft.Network/virtualNetworks/vm1VNET"},{"id":"/subscriptions/00000000-0000-0000-0000-000000000000/resourceGroups/cli_test_vm_with_specialized_unmanaged_disk000001/providers/Microsoft.Storage/storageAccounts/vhdstorageaf77275e8ef4ad"}]}}'}
    headers:
      cache-control: [no-cache]
      content-length: ['4451']
      content-type: [application/json; charset=utf-8]
      date: ['Mon, 01 Oct 2018 18:33:40 GMT']
      expires: ['-1']
      pragma: [no-cache]
      strict-transport-security: [max-age=31536000; includeSubDomains]
      vary: [Accept-Encoding]
      x-content-type-options: [nosniff]
    status: {code: 200, message: OK}
- request:
    body: null
    headers:
      Accept: [application/json]
      Accept-Encoding: ['gzip, deflate']
      CommandName: [vm create]
      Connection: [keep-alive]
      User-Agent: [python/3.5.4 (Windows-10-10.0.17134-SP0) requests/2.19.1 msrest/0.5.5
          msrest_azure/0.4.34 computemanagementclient/4.3.0 Azure-SDK-For-Python AZURECLI/2.0.47]
      accept-language: [en-US]
    method: GET
    uri: https://management.azure.com/subscriptions/00000000-0000-0000-0000-000000000000/resourceGroups/cli_test_vm_with_specialized_unmanaged_disk000001/providers/Microsoft.Compute/virtualMachines/vm1?api-version=2018-10-01&$expand=instanceView
  response:
    body: {string: "{\r\n  \"properties\": {\r\n    \"vmId\": \"05bb5350-d3e6-4433-af8f-d6aafaa145d4\",\r\n
        \   \"hardwareProfile\": {\r\n      \"vmSize\": \"Standard_DS1_v2\"\r\n    },\r\n
        \   \"storageProfile\": {\r\n      \"imageReference\": {\r\n        \"publisher\":
        \"credativ\",\r\n        \"offer\": \"Debian\",\r\n        \"sku\": \"8\",\r\n
        \       \"version\": \"latest\"\r\n      },\r\n      \"osDisk\": {\r\n        \"osType\":
        \"Linux\",\r\n        \"name\": \"osdisk_af77275e8e\",\r\n        \"createOption\":
        \"FromImage\",\r\n        \"vhd\": {\r\n          \"uri\": \"https://vhdstorageaf77275e8ef4ad.blob.core.windows.net/vhds/osdisk_af77275e8e.vhd\"\r\n
        \       },\r\n        \"caching\": \"ReadWrite\",\r\n        \"diskSizeGB\":
        30\r\n      },\r\n      \"dataDisks\": []\r\n    },\r\n    \"osProfile\":
        {\r\n      \"computerName\": \"vm1\",\r\n      \"adminUsername\": \"ubuntu\",\r\n
        \     \"linuxConfiguration\": {\r\n        \"disablePasswordAuthentication\":
        false,\r\n        \"provisionVMAgent\": true\r\n      },\r\n      \"secrets\":
        [],\r\n      \"allowExtensionOperations\": true\r\n    },\r\n    \"networkProfile\":
        {\"networkInterfaces\":[{\"id\":\"/subscriptions/00000000-0000-0000-0000-000000000000/resourceGroups/cli_test_vm_with_specialized_unmanaged_disk000001/providers/Microsoft.Network/networkInterfaces/vm1VMNic\"}]},\r\n
        \   \"provisioningState\": \"Succeeded\",\r\n    \"instanceView\": {\r\n      \"computerName\":
        \"vm1\",\r\n      \"osName\": \"debian\",\r\n      \"osVersion\": \"8.11\",\r\n
        \     \"vmAgent\": {\r\n        \"vmAgentVersion\": \"2.2.31\",\r\n        \"statuses\":
        [\r\n          {\r\n            \"code\": \"ProvisioningState/succeeded\",\r\n
        \           \"level\": \"Info\",\r\n            \"displayStatus\": \"Ready\",\r\n
        \           \"message\": \"Guest Agent is running\",\r\n            \"time\":
        \"2018-10-01T18:33:38+00:00\"\r\n          }\r\n        ],\r\n        \"extensionHandlers\":
        []\r\n      },\r\n      \"disks\": [\r\n        {\r\n          \"name\": \"osdisk_af77275e8e\",\r\n
        \         \"statuses\": [\r\n            {\r\n              \"code\": \"ProvisioningState/succeeded\",\r\n
        \             \"level\": \"Info\",\r\n              \"displayStatus\": \"Provisioning
        succeeded\",\r\n              \"time\": \"2018-10-01T18:31:45.4887421+00:00\"\r\n
        \           }\r\n          ]\r\n        }\r\n      ],\r\n      \"statuses\":
        [\r\n        {\r\n          \"code\": \"ProvisioningState/succeeded\",\r\n
        \         \"level\": \"Info\",\r\n          \"displayStatus\": \"Provisioning
        succeeded\",\r\n          \"time\": \"2018-10-01T18:33:03.4572518+00:00\"\r\n
        \       },\r\n        {\r\n          \"code\": \"PowerState/running\",\r\n
        \         \"level\": \"Info\",\r\n          \"displayStatus\": \"VM running\"\r\n
        \       }\r\n      ]\r\n    }\r\n  },\r\n  \"type\": \"Microsoft.Compute/virtualMachines\",\r\n
        \ \"location\": \"westus\",\r\n  \"tags\": {},\r\n  \"id\": \"/subscriptions/00000000-0000-0000-0000-000000000000/resourceGroups/cli_test_vm_with_specialized_unmanaged_disk000001/providers/Microsoft.Compute/virtualMachines/vm1\",\r\n
        \ \"name\": \"vm1\"\r\n}"}
    headers:
      cache-control: [no-cache]
      content-length: ['2789']
      content-type: [application/json; charset=utf-8]
      date: ['Mon, 01 Oct 2018 18:33:40 GMT']
      expires: ['-1']
      pragma: [no-cache]
      server: [Microsoft-HTTPAPI/2.0, Microsoft-HTTPAPI/2.0]
      strict-transport-security: [max-age=31536000; includeSubDomains]
      transfer-encoding: [chunked]
      vary: [Accept-Encoding]
      x-content-type-options: [nosniff]
      x-ms-ratelimit-remaining-resource: ['Microsoft.Compute/LowCostGet3Min;3965,Microsoft.Compute/LowCostGet30Min;31871']
    status: {code: 200, message: OK}
- request:
    body: null
    headers:
      Accept: [application/json]
      Accept-Encoding: ['gzip, deflate']
      CommandName: [vm create]
      Connection: [keep-alive]
      User-Agent: [python/3.5.4 (Windows-10-10.0.17134-SP0) requests/2.19.1 msrest/0.5.5
          msrest_azure/0.4.34 networkmanagementclient/2.2.1 Azure-SDK-For-Python AZURECLI/2.0.47]
      accept-language: [en-US]
    method: GET
    uri: https://management.azure.com/subscriptions/00000000-0000-0000-0000-000000000000/resourceGroups/cli_test_vm_with_specialized_unmanaged_disk000001/providers/Microsoft.Network/networkInterfaces/vm1VMNic?api-version=2018-01-01
  response:
    body: {string: "{\r\n  \"name\": \"vm1VMNic\",\r\n  \"id\": \"/subscriptions/00000000-0000-0000-0000-000000000000/resourceGroups/cli_test_vm_with_specialized_unmanaged_disk000001/providers/Microsoft.Network/networkInterfaces/vm1VMNic\",\r\n
        \ \"etag\": \"W/\\\"f2ac7452-f756-42f6-8326-6be5c6e184bd\\\"\",\r\n  \"location\":
        \"westus\",\r\n  \"tags\": {},\r\n  \"properties\": {\r\n    \"provisioningState\":
        \"Succeeded\",\r\n    \"resourceGuid\": \"f5336364-8798-433e-893f-32d778361095\",\r\n
        \   \"ipConfigurations\": [\r\n      {\r\n        \"name\": \"ipconfigvm1\",\r\n
        \       \"id\": \"/subscriptions/00000000-0000-0000-0000-000000000000/resourceGroups/cli_test_vm_with_specialized_unmanaged_disk000001/providers/Microsoft.Network/networkInterfaces/vm1VMNic/ipConfigurations/ipconfigvm1\",\r\n
        \       \"etag\": \"W/\\\"f2ac7452-f756-42f6-8326-6be5c6e184bd\\\"\",\r\n
        \       \"type\": \"Microsoft.Network/networkInterfaces/ipConfigurations\",\r\n
        \       \"properties\": {\r\n          \"provisioningState\": \"Succeeded\",\r\n
        \         \"privateIPAddress\": \"10.0.0.4\",\r\n          \"privateIPAllocationMethod\":
        \"Dynamic\",\r\n          \"publicIPAddress\": {\r\n            \"id\": \"/subscriptions/00000000-0000-0000-0000-000000000000/resourceGroups/cli_test_vm_with_specialized_unmanaged_disk000001/providers/Microsoft.Network/publicIPAddresses/vm1PublicIP\"\r\n
        \         },\r\n          \"subnet\": {\r\n            \"id\": \"/subscriptions/00000000-0000-0000-0000-000000000000/resourceGroups/cli_test_vm_with_specialized_unmanaged_disk000001/providers/Microsoft.Network/virtualNetworks/vm1VNET/subnets/vm1Subnet\"\r\n
        \         },\r\n          \"primary\": true,\r\n          \"privateIPAddressVersion\":
        \"IPv4\",\r\n          \"isInUseWithService\": false\r\n        }\r\n      }\r\n
        \   ],\r\n    \"dnsSettings\": {\r\n      \"dnsServers\": [],\r\n      \"appliedDnsServers\":
        [],\r\n      \"internalDomainNameSuffix\": \"swvgmkff2rketipwabqajmmhre.dx.internal.cloudapp.net\"\r\n
        \   },\r\n    \"macAddress\": \"00-0D-3A-59-A4-17\",\r\n    \"enableAcceleratedNetworking\":
        false,\r\n    \"enableIPForwarding\": false,\r\n    \"networkSecurityGroup\":
        {\r\n      \"id\": \"/subscriptions/00000000-0000-0000-0000-000000000000/resourceGroups/cli_test_vm_with_specialized_unmanaged_disk000001/providers/Microsoft.Network/networkSecurityGroups/vm1NSG\"\r\n
        \   },\r\n    \"primary\": true,\r\n    \"virtualMachine\": {\r\n      \"id\":
        \"/subscriptions/00000000-0000-0000-0000-000000000000/resourceGroups/cli_test_vm_with_specialized_unmanaged_disk000001/providers/Microsoft.Compute/virtualMachines/vm1\"\r\n
        \   }\r\n  },\r\n  \"type\": \"Microsoft.Network/networkInterfaces\"\r\n}"}
    headers:
      cache-control: [no-cache]
      content-length: ['2608']
      content-type: [application/json; charset=utf-8]
      date: ['Mon, 01 Oct 2018 18:33:41 GMT']
      etag: [W/"f2ac7452-f756-42f6-8326-6be5c6e184bd"]
      expires: ['-1']
      pragma: [no-cache]
      server: [Microsoft-HTTPAPI/2.0, Microsoft-HTTPAPI/2.0]
      strict-transport-security: [max-age=31536000; includeSubDomains]
      transfer-encoding: [chunked]
      vary: [Accept-Encoding]
      x-content-type-options: [nosniff]
    status: {code: 200, message: OK}
- request:
    body: null
    headers:
      Accept: [application/json]
      Accept-Encoding: ['gzip, deflate']
      CommandName: [vm create]
      Connection: [keep-alive]
      User-Agent: [python/3.5.4 (Windows-10-10.0.17134-SP0) requests/2.19.1 msrest/0.5.5
          msrest_azure/0.4.34 networkmanagementclient/2.2.1 Azure-SDK-For-Python AZURECLI/2.0.47]
      accept-language: [en-US]
    method: GET
    uri: https://management.azure.com/subscriptions/00000000-0000-0000-0000-000000000000/resourceGroups/cli_test_vm_with_specialized_unmanaged_disk000001/providers/Microsoft.Network/publicIPAddresses/vm1PublicIP?api-version=2018-01-01
  response:
    body: {string: "{\r\n  \"name\": \"vm1PublicIP\",\r\n  \"id\": \"/subscriptions/00000000-0000-0000-0000-000000000000/resourceGroups/cli_test_vm_with_specialized_unmanaged_disk000001/providers/Microsoft.Network/publicIPAddresses/vm1PublicIP\",\r\n
        \ \"etag\": \"W/\\\"11dccc2a-ecda-492f-b013-d180b7ed6c6b\\\"\",\r\n  \"location\":
        \"westus\",\r\n  \"tags\": {},\r\n  \"properties\": {\r\n    \"provisioningState\":
        \"Succeeded\",\r\n    \"resourceGuid\": \"ac7497f4-b377-4097-a5cd-a12f95b96000\",\r\n
        \   \"ipAddress\": \"40.112.135.119\",\r\n    \"publicIPAddressVersion\":
        \"IPv4\",\r\n    \"publicIPAllocationMethod\": \"Dynamic\",\r\n    \"idleTimeoutInMinutes\":
        4,\r\n    \"ipTags\": [],\r\n    \"ipConfiguration\": {\r\n      \"id\": \"/subscriptions/00000000-0000-0000-0000-000000000000/resourceGroups/cli_test_vm_with_specialized_unmanaged_disk000001/providers/Microsoft.Network/networkInterfaces/vm1VMNic/ipConfigurations/ipconfigvm1\"\r\n
        \   }\r\n  },\r\n  \"type\": \"Microsoft.Network/publicIPAddresses\",\r\n
        \ \"sku\": {\r\n    \"name\": \"Basic\",\r\n    \"tier\": \"Regional\"\r\n
        \ }\r\n}"}
    headers:
      cache-control: [no-cache]
      content-length: ['1023']
      content-type: [application/json; charset=utf-8]
      date: ['Mon, 01 Oct 2018 18:33:41 GMT']
      etag: [W/"11dccc2a-ecda-492f-b013-d180b7ed6c6b"]
      expires: ['-1']
      pragma: [no-cache]
      server: [Microsoft-HTTPAPI/2.0, Microsoft-HTTPAPI/2.0]
      strict-transport-security: [max-age=31536000; includeSubDomains]
      transfer-encoding: [chunked]
      vary: [Accept-Encoding]
      x-content-type-options: [nosniff]
    status: {code: 200, message: OK}
- request:
    body: null
    headers:
      Accept: [application/json]
      Accept-Encoding: ['gzip, deflate']
      CommandName: [vm show]
      Connection: [keep-alive]
      User-Agent: [python/3.5.4 (Windows-10-10.0.17134-SP0) requests/2.19.1 msrest/0.5.5
          msrest_azure/0.4.34 computemanagementclient/4.3.0 Azure-SDK-For-Python AZURECLI/2.0.47]
      accept-language: [en-US]
    method: GET
    uri: https://management.azure.com/subscriptions/00000000-0000-0000-0000-000000000000/resourceGroups/cli_test_vm_with_specialized_unmanaged_disk000001/providers/Microsoft.Compute/virtualMachines/vm1?api-version=2018-10-01
  response:
    body: {string: "{\r\n  \"properties\": {\r\n    \"vmId\": \"05bb5350-d3e6-4433-af8f-d6aafaa145d4\",\r\n
        \   \"hardwareProfile\": {\r\n      \"vmSize\": \"Standard_DS1_v2\"\r\n    },\r\n
        \   \"storageProfile\": {\r\n      \"imageReference\": {\r\n        \"publisher\":
        \"credativ\",\r\n        \"offer\": \"Debian\",\r\n        \"sku\": \"8\",\r\n
        \       \"version\": \"latest\"\r\n      },\r\n      \"osDisk\": {\r\n        \"osType\":
        \"Linux\",\r\n        \"name\": \"osdisk_af77275e8e\",\r\n        \"createOption\":
        \"FromImage\",\r\n        \"vhd\": {\r\n          \"uri\": \"https://vhdstorageaf77275e8ef4ad.blob.core.windows.net/vhds/osdisk_af77275e8e.vhd\"\r\n
        \       },\r\n        \"caching\": \"ReadWrite\",\r\n        \"diskSizeGB\":
        30\r\n      },\r\n      \"dataDisks\": []\r\n    },\r\n    \"osProfile\":
        {\r\n      \"computerName\": \"vm1\",\r\n      \"adminUsername\": \"ubuntu\",\r\n
        \     \"linuxConfiguration\": {\r\n        \"disablePasswordAuthentication\":
        false,\r\n        \"provisionVMAgent\": true\r\n      },\r\n      \"secrets\":
        [],\r\n      \"allowExtensionOperations\": true\r\n    },\r\n    \"networkProfile\":
        {\"networkInterfaces\":[{\"id\":\"/subscriptions/00000000-0000-0000-0000-000000000000/resourceGroups/cli_test_vm_with_specialized_unmanaged_disk000001/providers/Microsoft.Network/networkInterfaces/vm1VMNic\"}]},\r\n
        \   \"provisioningState\": \"Succeeded\"\r\n  },\r\n  \"type\": \"Microsoft.Compute/virtualMachines\",\r\n
        \ \"location\": \"westus\",\r\n  \"tags\": {},\r\n  \"id\": \"/subscriptions/00000000-0000-0000-0000-000000000000/resourceGroups/cli_test_vm_with_specialized_unmanaged_disk000001/providers/Microsoft.Compute/virtualMachines/vm1\",\r\n
        \ \"name\": \"vm1\"\r\n}"}
    headers:
      cache-control: [no-cache]
      content-length: ['1559']
      content-type: [application/json; charset=utf-8]
      date: ['Mon, 01 Oct 2018 18:33:53 GMT']
      expires: ['-1']
      pragma: [no-cache]
      server: [Microsoft-HTTPAPI/2.0, Microsoft-HTTPAPI/2.0]
      strict-transport-security: [max-age=31536000; includeSubDomains]
      transfer-encoding: [chunked]
      vary: [Accept-Encoding]
      x-content-type-options: [nosniff]
      x-ms-ratelimit-remaining-resource: ['Microsoft.Compute/LowCostGet3Min;3964,Microsoft.Compute/LowCostGet30Min;31870']
    status: {code: 200, message: OK}
- request:
    body: null
    headers:
      Accept: [application/json]
      Accept-Encoding: ['gzip, deflate']
      CommandName: [vm delete]
      Connection: [keep-alive]
      Content-Length: ['0']
      User-Agent: [python/3.5.4 (Windows-10-10.0.17134-SP0) requests/2.19.1 msrest/0.5.5
          msrest_azure/0.4.34 computemanagementclient/4.3.0 Azure-SDK-For-Python AZURECLI/2.0.47]
      accept-language: [en-US]
    method: DELETE
    uri: https://management.azure.com/subscriptions/00000000-0000-0000-0000-000000000000/resourceGroups/cli_test_vm_with_specialized_unmanaged_disk000001/providers/Microsoft.Compute/virtualMachines/vm1?api-version=2018-10-01
  response:
    body: {string: ''}
    headers:
      azure-asyncoperation: ['https://management.azure.com/subscriptions/00000000-0000-0000-0000-000000000000/providers/Microsoft.Compute/locations/westus/operations/b319e01b-bf86-448d-a53e-907c7e5751a6?api-version=2018-10-01']
      cache-control: [no-cache]
      content-length: ['0']
      date: ['Mon, 01 Oct 2018 18:33:53 GMT']
      expires: ['-1']
      location: ['https://management.azure.com/subscriptions/00000000-0000-0000-0000-000000000000/providers/Microsoft.Compute/locations/westus/operations/b319e01b-bf86-448d-a53e-907c7e5751a6?monitor=true&api-version=2018-10-01']
      pragma: [no-cache]
      server: [Microsoft-HTTPAPI/2.0, Microsoft-HTTPAPI/2.0]
      strict-transport-security: [max-age=31536000; includeSubDomains]
      x-content-type-options: [nosniff]
      x-ms-ratelimit-remaining-resource: ['Microsoft.Compute/DeleteVM3Min;239,Microsoft.Compute/DeleteVM30Min;1197']
      x-ms-ratelimit-remaining-subscription-deletes: ['14999']
    status: {code: 202, message: Accepted}
- request:
    body: null
    headers:
      Accept: [application/json]
      Accept-Encoding: ['gzip, deflate']
      CommandName: [vm delete]
      Connection: [keep-alive]
      User-Agent: [python/3.5.4 (Windows-10-10.0.17134-SP0) requests/2.19.1 msrest/0.5.5
          msrest_azure/0.4.34 computemanagementclient/4.3.0 Azure-SDK-For-Python AZURECLI/2.0.47]
    method: GET
    uri: https://management.azure.com/subscriptions/00000000-0000-0000-0000-000000000000/providers/Microsoft.Compute/locations/westus/operations/b319e01b-bf86-448d-a53e-907c7e5751a6?api-version=2018-10-01
  response:
    body: {string: "{\r\n  \"startTime\": \"2018-10-01T18:33:53.9642241+00:00\",\r\n
        \ \"status\": \"InProgress\",\r\n  \"name\": \"b319e01b-bf86-448d-a53e-907c7e5751a6\"\r\n}"}
    headers:
      cache-control: [no-cache]
      content-length: ['134']
      content-type: [application/json; charset=utf-8]
      date: ['Mon, 01 Oct 2018 18:34:04 GMT']
      expires: ['-1']
      pragma: [no-cache]
      server: [Microsoft-HTTPAPI/2.0, Microsoft-HTTPAPI/2.0]
      strict-transport-security: [max-age=31536000; includeSubDomains]
      transfer-encoding: [chunked]
      vary: [Accept-Encoding]
      x-content-type-options: [nosniff]
      x-ms-ratelimit-remaining-resource: ['Microsoft.Compute/GetOperation3Min;14932,Microsoft.Compute/GetOperation30Min;29814']
    status: {code: 200, message: OK}
- request:
    body: null
    headers:
      Accept: [application/json]
      Accept-Encoding: ['gzip, deflate']
      CommandName: [vm delete]
      Connection: [keep-alive]
      User-Agent: [python/3.5.4 (Windows-10-10.0.17134-SP0) requests/2.19.1 msrest/0.5.5
          msrest_azure/0.4.34 computemanagementclient/4.3.0 Azure-SDK-For-Python AZURECLI/2.0.47]
    method: GET
    uri: https://management.azure.com/subscriptions/00000000-0000-0000-0000-000000000000/providers/Microsoft.Compute/locations/westus/operations/b319e01b-bf86-448d-a53e-907c7e5751a6?api-version=2018-10-01
  response:
    body: {string: "{\r\n  \"startTime\": \"2018-10-01T18:33:53.9642241+00:00\",\r\n
        \ \"status\": \"InProgress\",\r\n  \"name\": \"b319e01b-bf86-448d-a53e-907c7e5751a6\"\r\n}"}
    headers:
      cache-control: [no-cache]
      content-length: ['134']
      content-type: [application/json; charset=utf-8]
      date: ['Mon, 01 Oct 2018 18:34:33 GMT']
      expires: ['-1']
      pragma: [no-cache]
      server: [Microsoft-HTTPAPI/2.0, Microsoft-HTTPAPI/2.0]
      strict-transport-security: [max-age=31536000; includeSubDomains]
      transfer-encoding: [chunked]
      vary: [Accept-Encoding]
      x-content-type-options: [nosniff]
      x-ms-ratelimit-remaining-resource: ['Microsoft.Compute/GetOperation3Min;14926,Microsoft.Compute/GetOperation30Min;29799']
    status: {code: 200, message: OK}
- request:
    body: null
    headers:
      Accept: [application/json]
      Accept-Encoding: ['gzip, deflate']
      CommandName: [vm delete]
      Connection: [keep-alive]
      User-Agent: [python/3.5.4 (Windows-10-10.0.17134-SP0) requests/2.19.1 msrest/0.5.5
          msrest_azure/0.4.34 computemanagementclient/4.3.0 Azure-SDK-For-Python AZURECLI/2.0.47]
    method: GET
    uri: https://management.azure.com/subscriptions/00000000-0000-0000-0000-000000000000/providers/Microsoft.Compute/locations/westus/operations/b319e01b-bf86-448d-a53e-907c7e5751a6?api-version=2018-10-01
  response:
    body: {string: "{\r\n  \"startTime\": \"2018-10-01T18:33:53.9642241+00:00\",\r\n
        \ \"status\": \"InProgress\",\r\n  \"name\": \"b319e01b-bf86-448d-a53e-907c7e5751a6\"\r\n}"}
    headers:
      cache-control: [no-cache]
      content-length: ['134']
      content-type: [application/json; charset=utf-8]
      date: ['Mon, 01 Oct 2018 18:35:04 GMT']
      expires: ['-1']
      pragma: [no-cache]
      server: [Microsoft-HTTPAPI/2.0, Microsoft-HTTPAPI/2.0]
      strict-transport-security: [max-age=31536000; includeSubDomains]
      transfer-encoding: [chunked]
      vary: [Accept-Encoding]
      x-content-type-options: [nosniff]
      x-ms-ratelimit-remaining-resource: ['Microsoft.Compute/GetOperation3Min;14926,Microsoft.Compute/GetOperation30Min;29785']
    status: {code: 200, message: OK}
- request:
    body: null
    headers:
      Accept: [application/json]
      Accept-Encoding: ['gzip, deflate']
      CommandName: [vm delete]
      Connection: [keep-alive]
      User-Agent: [python/3.5.4 (Windows-10-10.0.17134-SP0) requests/2.19.1 msrest/0.5.5
          msrest_azure/0.4.34 computemanagementclient/4.3.0 Azure-SDK-For-Python AZURECLI/2.0.47]
    method: GET
    uri: https://management.azure.com/subscriptions/00000000-0000-0000-0000-000000000000/providers/Microsoft.Compute/locations/westus/operations/b319e01b-bf86-448d-a53e-907c7e5751a6?api-version=2018-10-01
  response:
    body: {string: "{\r\n  \"startTime\": \"2018-10-01T18:33:53.9642241+00:00\",\r\n
        \ \"status\": \"InProgress\",\r\n  \"name\": \"b319e01b-bf86-448d-a53e-907c7e5751a6\"\r\n}"}
    headers:
      cache-control: [no-cache]
      content-length: ['134']
      content-type: [application/json; charset=utf-8]
      date: ['Mon, 01 Oct 2018 18:35:37 GMT']
      expires: ['-1']
      pragma: [no-cache]
      server: [Microsoft-HTTPAPI/2.0, Microsoft-HTTPAPI/2.0]
      strict-transport-security: [max-age=31536000; includeSubDomains]
      transfer-encoding: [chunked]
      vary: [Accept-Encoding]
      x-content-type-options: [nosniff]
      x-ms-ratelimit-remaining-resource: ['Microsoft.Compute/GetOperation3Min;14915,Microsoft.Compute/GetOperation30Min;29758']
    status: {code: 200, message: OK}
- request:
    body: null
    headers:
      Accept: [application/json]
      Accept-Encoding: ['gzip, deflate']
      CommandName: [vm delete]
      Connection: [keep-alive]
      User-Agent: [python/3.5.4 (Windows-10-10.0.17134-SP0) requests/2.19.1 msrest/0.5.5
          msrest_azure/0.4.34 computemanagementclient/4.3.0 Azure-SDK-For-Python AZURECLI/2.0.47]
    method: GET
    uri: https://management.azure.com/subscriptions/00000000-0000-0000-0000-000000000000/providers/Microsoft.Compute/locations/westus/operations/b319e01b-bf86-448d-a53e-907c7e5751a6?api-version=2018-10-01
  response:
    body: {string: "{\r\n  \"startTime\": \"2018-10-01T18:33:53.9642241+00:00\",\r\n
        \ \"status\": \"InProgress\",\r\n  \"name\": \"b319e01b-bf86-448d-a53e-907c7e5751a6\"\r\n}"}
    headers:
      cache-control: [no-cache]
      content-length: ['134']
      content-type: [application/json; charset=utf-8]
      date: ['Mon, 01 Oct 2018 18:36:10 GMT']
      expires: ['-1']
      pragma: [no-cache]
      server: [Microsoft-HTTPAPI/2.0, Microsoft-HTTPAPI/2.0]
      strict-transport-security: [max-age=31536000; includeSubDomains]
      transfer-encoding: [chunked]
      vary: [Accept-Encoding]
      x-content-type-options: [nosniff]
      x-ms-ratelimit-remaining-resource: ['Microsoft.Compute/GetOperation3Min;14907,Microsoft.Compute/GetOperation30Min;29736']
    status: {code: 200, message: OK}
- request:
    body: null
    headers:
      Accept: [application/json]
      Accept-Encoding: ['gzip, deflate']
      CommandName: [vm delete]
      Connection: [keep-alive]
      User-Agent: [python/3.5.4 (Windows-10-10.0.17134-SP0) requests/2.19.1 msrest/0.5.5
          msrest_azure/0.4.34 computemanagementclient/4.3.0 Azure-SDK-For-Python AZURECLI/2.0.47]
    method: GET
    uri: https://management.azure.com/subscriptions/00000000-0000-0000-0000-000000000000/providers/Microsoft.Compute/locations/westus/operations/b319e01b-bf86-448d-a53e-907c7e5751a6?api-version=2018-10-01
  response:
    body: {string: "{\r\n  \"startTime\": \"2018-10-01T18:33:53.9642241+00:00\",\r\n
        \ \"endTime\": \"2018-10-01T18:36:15.5049285+00:00\",\r\n  \"status\": \"Succeeded\",\r\n
        \ \"name\": \"b319e01b-bf86-448d-a53e-907c7e5751a6\"\r\n}"}
    headers:
      cache-control: [no-cache]
      content-length: ['184']
      content-type: [application/json; charset=utf-8]
      date: ['Mon, 01 Oct 2018 18:36:39 GMT']
      expires: ['-1']
      pragma: [no-cache]
      server: [Microsoft-HTTPAPI/2.0, Microsoft-HTTPAPI/2.0]
      strict-transport-security: [max-age=31536000; includeSubDomains]
      transfer-encoding: [chunked]
      vary: [Accept-Encoding]
      x-content-type-options: [nosniff]
      x-ms-ratelimit-remaining-resource: ['Microsoft.Compute/GetOperation3Min;14894,Microsoft.Compute/GetOperation30Min;29711']
    status: {code: 200, message: OK}
- request:
    body: null
    headers:
      Accept: [application/json]
      Accept-Encoding: ['gzip, deflate']
      CommandName: [vm create]
      Connection: [keep-alive]
      Content-Type: [application/json; charset=utf-8]
      User-Agent: [python/3.5.4 (Windows-10-10.0.17134-SP0) requests/2.19.1 msrest/0.5.5
          msrest_azure/0.4.34 resourcemanagementclient/2.0.0 Azure-SDK-For-Python
          AZURECLI/2.0.47]
      accept-language: [en-US]
    method: GET
    uri: https://management.azure.com/subscriptions/00000000-0000-0000-0000-000000000000/resourcegroups/cli_test_vm_with_specialized_unmanaged_disk000001?api-version=2018-05-01
  response:
    body: {string: '{"id":"/subscriptions/00000000-0000-0000-0000-000000000000/resourceGroups/cli_test_vm_with_specialized_unmanaged_disk000001","name":"cli_test_vm_with_specialized_unmanaged_disk000001","location":"westus","tags":{"cause":"automation","date":"2018-10-01T18:31:01Z","product":"azurecli"},"properties":{"provisioningState":"Succeeded"}}'}
    headers:
      cache-control: [no-cache]
      content-length: ['384']
      content-type: [application/json; charset=utf-8]
      date: ['Mon, 01 Oct 2018 18:36:40 GMT']
      expires: ['-1']
      pragma: [no-cache]
      strict-transport-security: [max-age=31536000; includeSubDomains]
      vary: [Accept-Encoding]
      x-content-type-options: [nosniff]
    status: {code: 200, message: OK}
- request:
    body: null
    headers:
      Accept: [application/json]
      Accept-Encoding: ['gzip, deflate']
      CommandName: [vm create]
      Connection: [keep-alive]
      User-Agent: [python/3.5.4 (Windows-10-10.0.17134-SP0) requests/2.19.1 msrest/0.5.5
          msrest_azure/0.4.34 networkmanagementclient/2.2.1 Azure-SDK-For-Python AZURECLI/2.0.47]
      accept-language: [en-US]
    method: GET
    uri: https://management.azure.com/subscriptions/00000000-0000-0000-0000-000000000000/resourceGroups/cli_test_vm_with_specialized_unmanaged_disk000001/providers/Microsoft.Network/virtualNetworks?api-version=2018-01-01
  response:
    body: {string: "{\r\n  \"value\": [\r\n    {\r\n      \"name\": \"vm1VNET\",\r\n
        \     \"id\": \"/subscriptions/00000000-0000-0000-0000-000000000000/resourceGroups/cli_test_vm_with_specialized_unmanaged_disk000001/providers/Microsoft.Network/virtualNetworks/vm1VNET\",\r\n
        \     \"etag\": \"W/\\\"24a2503d-0b1a-4ffa-9090-ba781647d31f\\\"\",\r\n      \"type\":
        \"Microsoft.Network/virtualNetworks\",\r\n      \"location\": \"westus\",\r\n
        \     \"tags\": {},\r\n      \"properties\": {\r\n        \"provisioningState\":
        \"Succeeded\",\r\n        \"resourceGuid\": \"2866aa95-e4a5-4954-a1f6-006004b1878c\",\r\n
        \       \"addressSpace\": {\r\n          \"addressPrefixes\": [\r\n            \"10.0.0.0/16\"\r\n
        \         ]\r\n        },\r\n        \"subnets\": [\r\n          {\r\n            \"name\":
        \"vm1Subnet\",\r\n            \"id\": \"/subscriptions/00000000-0000-0000-0000-000000000000/resourceGroups/cli_test_vm_with_specialized_unmanaged_disk000001/providers/Microsoft.Network/virtualNetworks/vm1VNET/subnets/vm1Subnet\",\r\n
        \           \"etag\": \"W/\\\"24a2503d-0b1a-4ffa-9090-ba781647d31f\\\"\",\r\n
        \           \"properties\": {\r\n              \"provisioningState\": \"Succeeded\",\r\n
        \             \"addressPrefix\": \"10.0.0.0/24\",\r\n              \"ipConfigurations\":
        [\r\n                {\r\n                  \"id\": \"/subscriptions/00000000-0000-0000-0000-000000000000/resourceGroups/cli_test_vm_with_specialized_unmanaged_disk000001/providers/Microsoft.Network/networkInterfaces/vm1VMNic/ipConfigurations/ipconfigvm1\"\r\n
        \               }\r\n              ]\r\n            },\r\n            \"type\":
        \"Microsoft.Network/virtualNetworks/subnets\"\r\n          }\r\n        ],\r\n
        \       \"virtualNetworkPeerings\": [],\r\n        \"enableDdosProtection\":
        false,\r\n        \"enableVmProtection\": false\r\n      }\r\n    }\r\n  ]\r\n}"}
    headers:
      cache-control: [no-cache]
      content-length: ['1750']
      content-type: [application/json; charset=utf-8]
      date: ['Mon, 01 Oct 2018 18:36:40 GMT']
      expires: ['-1']
      pragma: [no-cache]
      server: [Microsoft-HTTPAPI/2.0, Microsoft-HTTPAPI/2.0]
      strict-transport-security: [max-age=31536000; includeSubDomains]
      transfer-encoding: [chunked]
      vary: [Accept-Encoding]
      x-content-type-options: [nosniff]
    status: {code: 200, message: OK}
- request:
    body: 'b''{"properties": {"mode": "Incremental", "parameters": {}, "template":
      {"contentVersion": "1.0.0.0", "resources": [{"properties": {"securityRules":
      [{"properties": {"protocol": "Tcp", "sourcePortRange": "*", "direction": "Inbound",
      "destinationAddressPrefix": "*", "access": "Allow", "priority": 1000, "destinationPortRange":
      "22", "sourceAddressPrefix": "*"}, "name": "default-allow-ssh"}]}, "dependsOn":
      [], "name": "vm2NSG", "apiVersion": "2015-06-15", "tags": {}, "location": "westus",
      "type": "Microsoft.Network/networkSecurityGroups"}, {"properties": {"publicIPAllocationMethod":
      null}, "dependsOn": [], "name": "vm2PublicIP", "apiVersion": "2018-01-01", "tags":
      {}, "location": "westus", "type": "Microsoft.Network/publicIPAddresses"}, {"properties":
      {"networkSecurityGroup": {"id": "/subscriptions/00000000-0000-0000-0000-000000000000/resourceGroups/cli_test_vm_with_specialized_unmanaged_disk000001/providers/Microsoft.Network/networkSecurityGroups/vm2NSG"},
      "ipConfigurations": [{"properties": {"privateIPAllocationMethod": "Dynamic",
      "publicIPAddress": {"id": "/subscriptions/00000000-0000-0000-0000-000000000000/resourceGroups/cli_test_vm_with_specialized_unmanaged_disk000001/providers/Microsoft.Network/publicIPAddresses/vm2PublicIP"},
      "subnet": {"id": "/subscriptions/00000000-0000-0000-0000-000000000000/resourceGroups/cli_test_vm_with_specialized_unmanaged_disk000001/providers/Microsoft.Network/virtualNetworks/vm1VNET/subnets/vm1Subnet"}},
      "name": "ipconfigvm2"}]}, "dependsOn": ["Microsoft.Network/networkSecurityGroups/vm2NSG",
      "Microsoft.Network/publicIpAddresses/vm2PublicIP"], "name": "vm2VMNic", "apiVersion":
      "2015-06-15", "tags": {}, "location": "westus", "type": "Microsoft.Network/networkInterfaces"},
      {"properties": {"storageProfile": {"osDisk": {"name": "osdisk_af77275e8e", "createOption":
      "attach", "osType": "linux", "vhd": {"uri": "https://vhdstorageaf77275e8ef4ad.blob.core.windows.net/vhds/osdisk_af77275e8e.vhd"}}},
      "networkProfile": {"networkInterfaces": [{"id": "/subscriptions/00000000-0000-0000-0000-000000000000/resourceGroups/cli_test_vm_with_specialized_unmanaged_disk000001/providers/Microsoft.Network/networkInterfaces/vm2VMNic"}]},
      "hardwareProfile": {"vmSize": "Standard_DS1_v2"}}, "dependsOn": ["Microsoft.Network/networkInterfaces/vm2VMNic"],
      "name": "vm2", "apiVersion": "2018-10-01", "tags": {}, "location": "westus",
      "type": "Microsoft.Compute/virtualMachines"}], "parameters": {}, "$schema":
      "https://schema.management.azure.com/schemas/2015-01-01/deploymentTemplate.json#",
      "outputs": {}, "variables": {}}}}'''
    headers:
      Accept: [application/json]
      Accept-Encoding: ['gzip, deflate']
      CommandName: [vm create]
      Connection: [keep-alive]
      Content-Length: ['2665']
      Content-Type: [application/json; charset=utf-8]
      User-Agent: [python/3.5.4 (Windows-10-10.0.17134-SP0) requests/2.19.1 msrest/0.5.5
          msrest_azure/0.4.34 resourcemanagementclient/2.0.0 Azure-SDK-For-Python
          AZURECLI/2.0.47]
      accept-language: [en-US]
    method: PUT
    uri: https://management.azure.com/subscriptions/00000000-0000-0000-0000-000000000000/resourcegroups/cli_test_vm_with_specialized_unmanaged_disk000001/providers/Microsoft.Resources/deployments/mock-deployment?api-version=2018-05-01
  response:
    body: {string: '{"id":"/subscriptions/00000000-0000-0000-0000-000000000000/resourceGroups/cli_test_vm_with_specialized_unmanaged_disk000001/providers/Microsoft.Resources/deployments/vm_deploy_9YK56iy0u2BUGQ6m1WnfqjwcNWqNivw7","name":"vm_deploy_9YK56iy0u2BUGQ6m1WnfqjwcNWqNivw7","properties":{"templateHash":"2778231193240859530","parameters":{},"mode":"Incremental","provisioningState":"Accepted","timestamp":"2018-10-01T18:36:44.1193583Z","duration":"PT0.7287813S","correlationId":"ffb6596b-7eba-4d10-b78b-d79050ca1b43","providers":[{"namespace":"Microsoft.Network","resourceTypes":[{"resourceType":"networkSecurityGroups","locations":["westus"]},{"resourceType":"publicIPAddresses","locations":["westus"]},{"resourceType":"networkInterfaces","locations":["westus"]}]},{"namespace":"Microsoft.Compute","resourceTypes":[{"resourceType":"virtualMachines","locations":["westus"]}]}],"dependencies":[{"dependsOn":[{"id":"/subscriptions/00000000-0000-0000-0000-000000000000/resourceGroups/cli_test_vm_with_specialized_unmanaged_disk000001/providers/Microsoft.Network/networkSecurityGroups/vm2NSG","resourceType":"Microsoft.Network/networkSecurityGroups","resourceName":"vm2NSG"},{"id":"/subscriptions/00000000-0000-0000-0000-000000000000/resourceGroups/cli_test_vm_with_specialized_unmanaged_disk000001/providers/Microsoft.Network/publicIPAddresses/vm2PublicIP","resourceType":"Microsoft.Network/publicIPAddresses","resourceName":"vm2PublicIP"}],"id":"/subscriptions/00000000-0000-0000-0000-000000000000/resourceGroups/cli_test_vm_with_specialized_unmanaged_disk000001/providers/Microsoft.Network/networkInterfaces/vm2VMNic","resourceType":"Microsoft.Network/networkInterfaces","resourceName":"vm2VMNic"},{"dependsOn":[{"id":"/subscriptions/00000000-0000-0000-0000-000000000000/resourceGroups/cli_test_vm_with_specialized_unmanaged_disk000001/providers/Microsoft.Network/networkInterfaces/vm2VMNic","resourceType":"Microsoft.Network/networkInterfaces","resourceName":"vm2VMNic"}],"id":"/subscriptions/00000000-0000-0000-0000-000000000000/resourceGroups/cli_test_vm_with_specialized_unmanaged_disk000001/providers/Microsoft.Compute/virtualMachines/vm2","resourceType":"Microsoft.Compute/virtualMachines","resourceName":"vm2"}]}}'}
    headers:
      azure-asyncoperation: ['https://management.azure.com/subscriptions/00000000-0000-0000-0000-000000000000/resourcegroups/cli_test_vm_with_specialized_unmanaged_disk000001/providers/Microsoft.Resources/deployments/vm_deploy_9YK56iy0u2BUGQ6m1WnfqjwcNWqNivw7/operationStatuses/08586631878820870537?api-version=2018-05-01']
      cache-control: [no-cache]
      content-length: ['2363']
      content-type: [application/json; charset=utf-8]
      date: ['Mon, 01 Oct 2018 18:36:43 GMT']
      expires: ['-1']
      pragma: [no-cache]
      strict-transport-security: [max-age=31536000; includeSubDomains]
      x-content-type-options: [nosniff]
      x-ms-ratelimit-remaining-subscription-writes: ['1198']
    status: {code: 201, message: Created}
- request:
    body: null
    headers:
      Accept: [application/json]
      Accept-Encoding: ['gzip, deflate']
      CommandName: [vm create]
      Connection: [keep-alive]
      User-Agent: [python/3.5.4 (Windows-10-10.0.17134-SP0) requests/2.19.1 msrest/0.5.5
          msrest_azure/0.4.34 resourcemanagementclient/2.0.0 Azure-SDK-For-Python
          AZURECLI/2.0.47]
    method: GET
    uri: https://management.azure.com/subscriptions/00000000-0000-0000-0000-000000000000/resourcegroups/cli_test_vm_with_specialized_unmanaged_disk000001/providers/Microsoft.Resources/deployments/mock-deployment/operationStatuses/08586631878820870537?api-version=2018-05-01
  response:
    body: {string: '{"status":"Running"}'}
    headers:
      cache-control: [no-cache]
      content-length: ['20']
      content-type: [application/json; charset=utf-8]
      date: ['Mon, 01 Oct 2018 18:37:14 GMT']
      expires: ['-1']
      pragma: [no-cache]
      strict-transport-security: [max-age=31536000; includeSubDomains]
      vary: [Accept-Encoding]
      x-content-type-options: [nosniff]
    status: {code: 200, message: OK}
- request:
    body: null
    headers:
      Accept: [application/json]
      Accept-Encoding: ['gzip, deflate']
      CommandName: [vm create]
      Connection: [keep-alive]
      User-Agent: [python/3.5.4 (Windows-10-10.0.17134-SP0) requests/2.19.1 msrest/0.5.5
          msrest_azure/0.4.34 resourcemanagementclient/2.0.0 Azure-SDK-For-Python
          AZURECLI/2.0.47]
    method: GET
    uri: https://management.azure.com/subscriptions/00000000-0000-0000-0000-000000000000/resourcegroups/cli_test_vm_with_specialized_unmanaged_disk000001/providers/Microsoft.Resources/deployments/mock-deployment/operationStatuses/08586631878820870537?api-version=2018-05-01
  response:
    body: {string: '{"status":"Running"}'}
    headers:
      cache-control: [no-cache]
      content-length: ['20']
      content-type: [application/json; charset=utf-8]
      date: ['Mon, 01 Oct 2018 18:37:44 GMT']
      expires: ['-1']
      pragma: [no-cache]
      strict-transport-security: [max-age=31536000; includeSubDomains]
      vary: [Accept-Encoding]
      x-content-type-options: [nosniff]
    status: {code: 200, message: OK}
- request:
    body: null
    headers:
      Accept: [application/json]
      Accept-Encoding: ['gzip, deflate']
      CommandName: [vm create]
      Connection: [keep-alive]
      User-Agent: [python/3.5.4 (Windows-10-10.0.17134-SP0) requests/2.19.1 msrest/0.5.5
          msrest_azure/0.4.34 resourcemanagementclient/2.0.0 Azure-SDK-For-Python
          AZURECLI/2.0.47]
    method: GET
    uri: https://management.azure.com/subscriptions/00000000-0000-0000-0000-000000000000/resourcegroups/cli_test_vm_with_specialized_unmanaged_disk000001/providers/Microsoft.Resources/deployments/mock-deployment/operationStatuses/08586631878820870537?api-version=2018-05-01
  response:
    body: {string: '{"status":"Succeeded"}'}
    headers:
      cache-control: [no-cache]
      content-length: ['22']
      content-type: [application/json; charset=utf-8]
      date: ['Mon, 01 Oct 2018 18:38:14 GMT']
      expires: ['-1']
      pragma: [no-cache]
      strict-transport-security: [max-age=31536000; includeSubDomains]
      vary: [Accept-Encoding]
      x-content-type-options: [nosniff]
    status: {code: 200, message: OK}
- request:
    body: null
    headers:
      Accept: [application/json]
      Accept-Encoding: ['gzip, deflate']
      CommandName: [vm create]
      Connection: [keep-alive]
      User-Agent: [python/3.5.4 (Windows-10-10.0.17134-SP0) requests/2.19.1 msrest/0.5.5
          msrest_azure/0.4.34 resourcemanagementclient/2.0.0 Azure-SDK-For-Python
          AZURECLI/2.0.47]
    method: GET
    uri: https://management.azure.com/subscriptions/00000000-0000-0000-0000-000000000000/resourcegroups/cli_test_vm_with_specialized_unmanaged_disk000001/providers/Microsoft.Resources/deployments/mock-deployment?api-version=2018-05-01
  response:
    body: {string: '{"id":"/subscriptions/00000000-0000-0000-0000-000000000000/resourceGroups/cli_test_vm_with_specialized_unmanaged_disk000001/providers/Microsoft.Resources/deployments/vm_deploy_9YK56iy0u2BUGQ6m1WnfqjwcNWqNivw7","name":"vm_deploy_9YK56iy0u2BUGQ6m1WnfqjwcNWqNivw7","properties":{"templateHash":"2778231193240859530","parameters":{},"mode":"Incremental","provisioningState":"Succeeded","timestamp":"2018-10-01T18:37:55.6058612Z","duration":"PT1M12.2152842S","correlationId":"ffb6596b-7eba-4d10-b78b-d79050ca1b43","providers":[{"namespace":"Microsoft.Network","resourceTypes":[{"resourceType":"networkSecurityGroups","locations":["westus"]},{"resourceType":"publicIPAddresses","locations":["westus"]},{"resourceType":"networkInterfaces","locations":["westus"]}]},{"namespace":"Microsoft.Compute","resourceTypes":[{"resourceType":"virtualMachines","locations":["westus"]}]}],"dependencies":[{"dependsOn":[{"id":"/subscriptions/00000000-0000-0000-0000-000000000000/resourceGroups/cli_test_vm_with_specialized_unmanaged_disk000001/providers/Microsoft.Network/networkSecurityGroups/vm2NSG","resourceType":"Microsoft.Network/networkSecurityGroups","resourceName":"vm2NSG"},{"id":"/subscriptions/00000000-0000-0000-0000-000000000000/resourceGroups/cli_test_vm_with_specialized_unmanaged_disk000001/providers/Microsoft.Network/publicIPAddresses/vm2PublicIP","resourceType":"Microsoft.Network/publicIPAddresses","resourceName":"vm2PublicIP"}],"id":"/subscriptions/00000000-0000-0000-0000-000000000000/resourceGroups/cli_test_vm_with_specialized_unmanaged_disk000001/providers/Microsoft.Network/networkInterfaces/vm2VMNic","resourceType":"Microsoft.Network/networkInterfaces","resourceName":"vm2VMNic"},{"dependsOn":[{"id":"/subscriptions/00000000-0000-0000-0000-000000000000/resourceGroups/cli_test_vm_with_specialized_unmanaged_disk000001/providers/Microsoft.Network/networkInterfaces/vm2VMNic","resourceType":"Microsoft.Network/networkInterfaces","resourceName":"vm2VMNic"}],"id":"/subscriptions/00000000-0000-0000-0000-000000000000/resourceGroups/cli_test_vm_with_specialized_unmanaged_disk000001/providers/Microsoft.Compute/virtualMachines/vm2","resourceType":"Microsoft.Compute/virtualMachines","resourceName":"vm2"}],"outputs":{},"outputResources":[{"id":"/subscriptions/00000000-0000-0000-0000-000000000000/resourceGroups/cli_test_vm_with_specialized_unmanaged_disk000001/providers/Microsoft.Compute/virtualMachines/vm2"},{"id":"/subscriptions/00000000-0000-0000-0000-000000000000/resourceGroups/cli_test_vm_with_specialized_unmanaged_disk000001/providers/Microsoft.Network/networkInterfaces/vm2VMNic"},{"id":"/subscriptions/00000000-0000-0000-0000-000000000000/resourceGroups/cli_test_vm_with_specialized_unmanaged_disk000001/providers/Microsoft.Network/networkSecurityGroups/vm2NSG"},{"id":"/subscriptions/00000000-0000-0000-0000-000000000000/resourceGroups/cli_test_vm_with_specialized_unmanaged_disk000001/providers/Microsoft.Network/publicIPAddresses/vm2PublicIP"}]}}'}
    headers:
      cache-control: [no-cache]
      content-length: ['3226']
      content-type: [application/json; charset=utf-8]
      date: ['Mon, 01 Oct 2018 18:38:15 GMT']
      expires: ['-1']
      pragma: [no-cache]
      strict-transport-security: [max-age=31536000; includeSubDomains]
      vary: [Accept-Encoding]
      x-content-type-options: [nosniff]
    status: {code: 200, message: OK}
- request:
    body: null
    headers:
      Accept: [application/json]
      Accept-Encoding: ['gzip, deflate']
      CommandName: [vm create]
      Connection: [keep-alive]
      User-Agent: [python/3.5.4 (Windows-10-10.0.17134-SP0) requests/2.19.1 msrest/0.5.5
          msrest_azure/0.4.34 computemanagementclient/4.3.0 Azure-SDK-For-Python AZURECLI/2.0.47]
      accept-language: [en-US]
    method: GET
    uri: https://management.azure.com/subscriptions/00000000-0000-0000-0000-000000000000/resourceGroups/cli_test_vm_with_specialized_unmanaged_disk000001/providers/Microsoft.Compute/virtualMachines/vm2?api-version=2018-10-01&$expand=instanceView
  response:
    body: {string: "{\r\n  \"properties\": {\r\n    \"vmId\": \"fc2607f9-0cad-4941-910d-db3fac6ee850\",\r\n
        \   \"hardwareProfile\": {\r\n      \"vmSize\": \"Standard_DS1_v2\"\r\n    },\r\n
        \   \"storageProfile\": {\r\n      \"osDisk\": {\r\n        \"osType\": \"Linux\",\r\n
        \       \"name\": \"osdisk_af77275e8e\",\r\n        \"createOption\": \"Attach\",\r\n
        \       \"vhd\": {\r\n          \"uri\": \"https://vhdstorageaf77275e8ef4ad.blob.core.windows.net/vhds/osdisk_af77275e8e.vhd\"\r\n
        \       },\r\n        \"caching\": \"ReadWrite\",\r\n        \"diskSizeGB\":
        30\r\n      },\r\n      \"dataDisks\": []\r\n    },\r\n    \"networkProfile\":
        {\"networkInterfaces\":[{\"id\":\"/subscriptions/00000000-0000-0000-0000-000000000000/resourceGroups/cli_test_vm_with_specialized_unmanaged_disk000001/providers/Microsoft.Network/networkInterfaces/vm2VMNic\"}]},\r\n
        \   \"provisioningState\": \"Succeeded\",\r\n    \"instanceView\": {\r\n      \"vmAgent\":
        {\r\n        \"vmAgentVersion\": \"Unknown\",\r\n        \"statuses\": [\r\n
        \         {\r\n            \"code\": \"ProvisioningState/Unavailable\",\r\n
        \           \"level\": \"Warning\",\r\n            \"displayStatus\": \"Not
        Ready\",\r\n            \"message\": \"VM status blob is found but not yet
        populated.\",\r\n            \"time\": \"2018-10-01T18:38:16+00:00\"\r\n          }\r\n
        \       ]\r\n      },\r\n      \"disks\": [\r\n        {\r\n          \"name\":
        \"osdisk_af77275e8e\",\r\n          \"statuses\": [\r\n            {\r\n              \"code\":
        \"ProvisioningState/succeeded\",\r\n              \"level\": \"Info\",\r\n
        \             \"displayStatus\": \"Provisioning succeeded\",\r\n              \"time\":
        \"2018-10-01T18:37:08.7097958+00:00\"\r\n            }\r\n          ]\r\n
        \       }\r\n      ],\r\n      \"statuses\": [\r\n        {\r\n          \"code\":
        \"ProvisioningState/succeeded\",\r\n          \"level\": \"Info\",\r\n          \"displayStatus\":
        \"Provisioning succeeded\",\r\n          \"time\": \"2018-10-01T18:37:39.3689513+00:00\"\r\n
        \       },\r\n        {\r\n          \"code\": \"PowerState/running\",\r\n
        \         \"level\": \"Info\",\r\n          \"displayStatus\": \"VM running\"\r\n
        \       }\r\n      ]\r\n    }\r\n  },\r\n  \"type\": \"Microsoft.Compute/virtualMachines\",\r\n
        \ \"location\": \"westus\",\r\n  \"tags\": {},\r\n  \"id\": \"/subscriptions/00000000-0000-0000-0000-000000000000/resourceGroups/cli_test_vm_with_specialized_unmanaged_disk000001/providers/Microsoft.Compute/virtualMachines/vm2\",\r\n
        \ \"name\": \"vm2\"\r\n}"}
    headers:
      cache-control: [no-cache]
      content-length: ['2274']
      content-type: [application/json; charset=utf-8]
      date: ['Mon, 01 Oct 2018 18:38:15 GMT']
      expires: ['-1']
      pragma: [no-cache]
      server: [Microsoft-HTTPAPI/2.0, Microsoft-HTTPAPI/2.0]
      strict-transport-security: [max-age=31536000; includeSubDomains]
      transfer-encoding: [chunked]
      vary: [Accept-Encoding]
      x-content-type-options: [nosniff]
      x-ms-ratelimit-remaining-resource: ['Microsoft.Compute/LowCostGet3Min;3960,Microsoft.Compute/LowCostGet30Min;31821']
    status: {code: 200, message: OK}
- request:
    body: null
    headers:
      Accept: [application/json]
      Accept-Encoding: ['gzip, deflate']
      CommandName: [vm create]
      Connection: [keep-alive]
      User-Agent: [python/3.5.4 (Windows-10-10.0.17134-SP0) requests/2.19.1 msrest/0.5.5
          msrest_azure/0.4.34 networkmanagementclient/2.2.1 Azure-SDK-For-Python AZURECLI/2.0.47]
      accept-language: [en-US]
    method: GET
    uri: https://management.azure.com/subscriptions/00000000-0000-0000-0000-000000000000/resourceGroups/cli_test_vm_with_specialized_unmanaged_disk000001/providers/Microsoft.Network/networkInterfaces/vm2VMNic?api-version=2018-01-01
  response:
    body: {string: "{\r\n  \"name\": \"vm2VMNic\",\r\n  \"id\": \"/subscriptions/00000000-0000-0000-0000-000000000000/resourceGroups/cli_test_vm_with_specialized_unmanaged_disk000001/providers/Microsoft.Network/networkInterfaces/vm2VMNic\",\r\n
        \ \"etag\": \"W/\\\"587f2f86-c2f7-4c91-aeab-ee793ed66391\\\"\",\r\n  \"location\":
        \"westus\",\r\n  \"tags\": {},\r\n  \"properties\": {\r\n    \"provisioningState\":
        \"Succeeded\",\r\n    \"resourceGuid\": \"e9ca6427-5520-4d74-a9ef-04ec96207c93\",\r\n
        \   \"ipConfigurations\": [\r\n      {\r\n        \"name\": \"ipconfigvm2\",\r\n
        \       \"id\": \"/subscriptions/00000000-0000-0000-0000-000000000000/resourceGroups/cli_test_vm_with_specialized_unmanaged_disk000001/providers/Microsoft.Network/networkInterfaces/vm2VMNic/ipConfigurations/ipconfigvm2\",\r\n
        \       \"etag\": \"W/\\\"587f2f86-c2f7-4c91-aeab-ee793ed66391\\\"\",\r\n
        \       \"type\": \"Microsoft.Network/networkInterfaces/ipConfigurations\",\r\n
        \       \"properties\": {\r\n          \"provisioningState\": \"Succeeded\",\r\n
        \         \"privateIPAddress\": \"10.0.0.5\",\r\n          \"privateIPAllocationMethod\":
        \"Dynamic\",\r\n          \"publicIPAddress\": {\r\n            \"id\": \"/subscriptions/00000000-0000-0000-0000-000000000000/resourceGroups/cli_test_vm_with_specialized_unmanaged_disk000001/providers/Microsoft.Network/publicIPAddresses/vm2PublicIP\"\r\n
        \         },\r\n          \"subnet\": {\r\n            \"id\": \"/subscriptions/00000000-0000-0000-0000-000000000000/resourceGroups/cli_test_vm_with_specialized_unmanaged_disk000001/providers/Microsoft.Network/virtualNetworks/vm1VNET/subnets/vm1Subnet\"\r\n
        \         },\r\n          \"primary\": true,\r\n          \"privateIPAddressVersion\":
        \"IPv4\",\r\n          \"isInUseWithService\": false\r\n        }\r\n      }\r\n
        \   ],\r\n    \"dnsSettings\": {\r\n      \"dnsServers\": [],\r\n      \"appliedDnsServers\":
        [],\r\n      \"internalDomainNameSuffix\": \"swvgmkff2rketipwabqajmmhre.dx.internal.cloudapp.net\"\r\n
        \   },\r\n    \"macAddress\": \"00-0D-3A-58-FC-0A\",\r\n    \"enableAcceleratedNetworking\":
        false,\r\n    \"enableIPForwarding\": false,\r\n    \"networkSecurityGroup\":
        {\r\n      \"id\": \"/subscriptions/00000000-0000-0000-0000-000000000000/resourceGroups/cli_test_vm_with_specialized_unmanaged_disk000001/providers/Microsoft.Network/networkSecurityGroups/vm2NSG\"\r\n
        \   },\r\n    \"primary\": true,\r\n    \"virtualMachine\": {\r\n      \"id\":
        \"/subscriptions/00000000-0000-0000-0000-000000000000/resourceGroups/cli_test_vm_with_specialized_unmanaged_disk000001/providers/Microsoft.Compute/virtualMachines/vm2\"\r\n
        \   }\r\n  },\r\n  \"type\": \"Microsoft.Network/networkInterfaces\"\r\n}"}
    headers:
      cache-control: [no-cache]
      content-length: ['2608']
      content-type: [application/json; charset=utf-8]
      date: ['Mon, 01 Oct 2018 18:38:15 GMT']
      etag: [W/"587f2f86-c2f7-4c91-aeab-ee793ed66391"]
      expires: ['-1']
      pragma: [no-cache]
      server: [Microsoft-HTTPAPI/2.0, Microsoft-HTTPAPI/2.0]
      strict-transport-security: [max-age=31536000; includeSubDomains]
      transfer-encoding: [chunked]
      vary: [Accept-Encoding]
      x-content-type-options: [nosniff]
    status: {code: 200, message: OK}
- request:
    body: null
    headers:
      Accept: [application/json]
      Accept-Encoding: ['gzip, deflate']
      CommandName: [vm create]
      Connection: [keep-alive]
      User-Agent: [python/3.5.4 (Windows-10-10.0.17134-SP0) requests/2.19.1 msrest/0.5.5
          msrest_azure/0.4.34 networkmanagementclient/2.2.1 Azure-SDK-For-Python AZURECLI/2.0.47]
      accept-language: [en-US]
    method: GET
    uri: https://management.azure.com/subscriptions/00000000-0000-0000-0000-000000000000/resourceGroups/cli_test_vm_with_specialized_unmanaged_disk000001/providers/Microsoft.Network/publicIPAddresses/vm2PublicIP?api-version=2018-01-01
  response:
    body: {string: "{\r\n  \"name\": \"vm2PublicIP\",\r\n  \"id\": \"/subscriptions/00000000-0000-0000-0000-000000000000/resourceGroups/cli_test_vm_with_specialized_unmanaged_disk000001/providers/Microsoft.Network/publicIPAddresses/vm2PublicIP\",\r\n
        \ \"etag\": \"W/\\\"2deee4f3-8a30-4a75-9c61-b0f97e4f269c\\\"\",\r\n  \"location\":
        \"westus\",\r\n  \"tags\": {},\r\n  \"properties\": {\r\n    \"provisioningState\":
        \"Succeeded\",\r\n    \"resourceGuid\": \"b6693885-013c-4c33-8407-43d89abeb36e\",\r\n
        \   \"ipAddress\": \"104.42.156.138\",\r\n    \"publicIPAddressVersion\":
        \"IPv4\",\r\n    \"publicIPAllocationMethod\": \"Dynamic\",\r\n    \"idleTimeoutInMinutes\":
        4,\r\n    \"ipTags\": [],\r\n    \"ipConfiguration\": {\r\n      \"id\": \"/subscriptions/00000000-0000-0000-0000-000000000000/resourceGroups/cli_test_vm_with_specialized_unmanaged_disk000001/providers/Microsoft.Network/networkInterfaces/vm2VMNic/ipConfigurations/ipconfigvm2\"\r\n
        \   }\r\n  },\r\n  \"type\": \"Microsoft.Network/publicIPAddresses\",\r\n
        \ \"sku\": {\r\n    \"name\": \"Basic\",\r\n    \"tier\": \"Regional\"\r\n
        \ }\r\n}"}
    headers:
      cache-control: [no-cache]
      content-length: ['1023']
      content-type: [application/json; charset=utf-8]
      date: ['Mon, 01 Oct 2018 18:38:16 GMT']
      etag: [W/"2deee4f3-8a30-4a75-9c61-b0f97e4f269c"]
      expires: ['-1']
      pragma: [no-cache]
      server: [Microsoft-HTTPAPI/2.0, Microsoft-HTTPAPI/2.0]
      strict-transport-security: [max-age=31536000; includeSubDomains]
      transfer-encoding: [chunked]
      vary: [Accept-Encoding]
      x-content-type-options: [nosniff]
    status: {code: 200, message: OK}
- request:
    body: null
    headers:
      Accept: [application/json]
      Accept-Encoding: ['gzip, deflate']
      CommandName: [group delete]
      Connection: [keep-alive]
      Content-Length: ['0']
      Content-Type: [application/json; charset=utf-8]
      User-Agent: [python/3.5.4 (Windows-10-10.0.17134-SP0) requests/2.19.1 msrest/0.5.5
          msrest_azure/0.4.34 resourcemanagementclient/2.0.0 Azure-SDK-For-Python
          AZURECLI/2.0.47]
      accept-language: [en-US]
    method: DELETE
    uri: https://management.azure.com/subscriptions/00000000-0000-0000-0000-000000000000/resourcegroups/cli_test_vm_with_specialized_unmanaged_disk000001?api-version=2018-05-01
  response:
    body: {string: ''}
    headers:
      cache-control: [no-cache]
      content-length: ['0']
      date: ['Mon, 01 Oct 2018 18:38:17 GMT']
      expires: ['-1']
      location: ['https://management.azure.com/subscriptions/00000000-0000-0000-0000-000000000000/operationresults/eyJqb2JJZCI6IlJFU09VUkNFR1JPVVBERUxFVElPTkpPQi1DTEk6NUZURVNUOjVGVk06NUZXSVRIOjVGU1BFQ0lBTElaRUQ6NUZVTk1BTkFHRXxGMkQ1Q0REOTY5OUUwNzA3LVdFU1RVUyIsImpvYkxvY2F0aW9uIjoid2VzdHVzIn0?api-version=2018-05-01']
      pragma: [no-cache]
      strict-transport-security: [max-age=31536000; includeSubDomains]
      x-content-type-options: [nosniff]
      x-ms-ratelimit-remaining-subscription-deletes: ['14999']
    status: {code: 202, message: Accepted}
version: 1
