interactions:
- request:
    body: '{"location": "westus", "tags": {"use": "az-test"}}'
    headers:
      Accept: [application/json]
      Accept-Encoding: ['gzip, deflate']
      CommandName: [group create]
      Connection: [keep-alive]
      Content-Length: ['50']
      Content-Type: [application/json; charset=utf-8]
      User-Agent: [python/3.5.3 (Windows-10-10.0.16299-SP0) requests/2.18.4 msrest/0.4.22
          msrest_azure/0.4.19 resourcemanagementclient/1.2.1 Azure-SDK-For-Python
          AZURECLI/2.0.24]
      accept-language: [en-US]
    method: PUT
    uri: https://management.azure.com/subscriptions/00000000-0000-0000-0000-000000000000/resourcegroups/cli_test_managed_disk000001?api-version=2017-05-10
  response:
    body: {string: '{"id":"/subscriptions/00000000-0000-0000-0000-000000000000/resourceGroups/cli_test_managed_disk000001","name":"cli_test_managed_disk000001","location":"westus","tags":{"use":"az-test"},"properties":{"provisioningState":"Succeeded"}}'}
    headers:
      cache-control: [no-cache]
      content-length: ['328']
      content-type: [application/json; charset=utf-8]
      date: ['Tue, 19 Dec 2017 22:27:30 GMT']
      expires: ['-1']
      pragma: [no-cache]
      strict-transport-security: [max-age=31536000; includeSubDomains]
      x-ms-ratelimit-remaining-subscription-writes: ['1199']
    status: {code: 201, message: Created}
- request:
    body: null
    headers:
      Accept: [application/json]
      Accept-Encoding: ['gzip, deflate']
      CommandName: [disk create]
      Connection: [keep-alive]
      Content-Type: [application/json; charset=utf-8]
      User-Agent: [python/3.5.3 (Windows-10-10.0.16299-SP0) requests/2.18.4 msrest/0.4.22
          msrest_azure/0.4.19 resourcemanagementclient/1.2.1 Azure-SDK-For-Python
          AZURECLI/2.0.24]
      accept-language: [en-US]
    method: GET
    uri: https://management.azure.com/subscriptions/00000000-0000-0000-0000-000000000000/resourcegroups/cli_test_managed_disk000001?api-version=2017-05-10
  response:
    body: {string: '{"id":"/subscriptions/00000000-0000-0000-0000-000000000000/resourceGroups/cli_test_managed_disk000001","name":"cli_test_managed_disk000001","location":"westus","tags":{"use":"az-test"},"properties":{"provisioningState":"Succeeded"}}'}
    headers:
      cache-control: [no-cache]
      content-length: ['328']
      content-type: [application/json; charset=utf-8]
      date: ['Tue, 19 Dec 2017 22:27:31 GMT']
      expires: ['-1']
      pragma: [no-cache]
      strict-transport-security: [max-age=31536000; includeSubDomains]
      vary: [Accept-Encoding]
    status: {code: 200, message: OK}
- request:
    body: '{"location": "westus", "sku": {"name": "Premium_LRS"}, "tags": {"tag1":
      "d1"}, "properties": {"diskSizeGB": 1, "creationData": {"createOption": "Empty"}}}'
    headers:
      Accept: [application/json]
      Accept-Encoding: ['gzip, deflate']
      CommandName: [disk create]
      Connection: [keep-alive]
      Content-Length: ['154']
      Content-Type: [application/json; charset=utf-8]
      User-Agent: [python/3.5.3 (Windows-10-10.0.16299-SP0) requests/2.18.4 msrest/0.4.22
          msrest_azure/0.4.19 computemanagementclient/3.1.0rc2 Azure-SDK-For-Python
          AZURECLI/2.0.24]
      accept-language: [en-US]
    method: PUT
    uri: https://management.azure.com/subscriptions/00000000-0000-0000-0000-000000000000/resourceGroups/cli_test_managed_disk000001/providers/Microsoft.Compute/disks/d1?api-version=2017-03-30
  response:
    body: {string: "{\r\n  \"sku\": {\r\n    \"name\": \"Premium_LRS\"\r\n  },\r\n\
        \  \"properties\": {\r\n    \"creationData\": {\r\n      \"createOption\"\
        : \"Empty\"\r\n    },\r\n    \"diskSizeGB\": 1,\r\n    \"provisioningState\"\
        : \"Updating\",\r\n    \"isArmResource\": true\r\n  },\r\n  \"location\":\
        \ \"westus\",\r\n  \"tags\": {\r\n    \"tag1\": \"d1\"\r\n  },\r\n  \"name\"\
        : \"d1\"\r\n}"}
    headers:
      azure-asyncoperation: ['https://management.azure.com/subscriptions/00000000-0000-0000-0000-000000000000/providers/Microsoft.Compute/locations/westus/DiskOperations/9bb9e6b4-bdf7-45d8-90f8-bc152933d0d0?api-version=2017-03-30']
      cache-control: [no-cache]
      content-length: ['301']
      content-type: [application/json; charset=utf-8]
      date: ['Tue, 19 Dec 2017 22:27:32 GMT']
      expires: ['-1']
      location: ['https://management.azure.com/subscriptions/00000000-0000-0000-0000-000000000000/providers/Microsoft.Compute/locations/westus/DiskOperations/9bb9e6b4-bdf7-45d8-90f8-bc152933d0d0?monitor=true&api-version=2017-03-30']
      pragma: [no-cache]
      server: [Microsoft-HTTPAPI/2.0, Microsoft-HTTPAPI/2.0]
      strict-transport-security: [max-age=31536000; includeSubDomains]
      x-ms-ratelimit-remaining-resource: ['Microsoft.Compute/CreateUpdateDisks3Min;999,Microsoft.Compute/CreateUpdateDisks30Min;3995']
      x-ms-ratelimit-remaining-subscription-writes: ['1199']
    status: {code: 202, message: Accepted}
- request:
    body: null
    headers:
      Accept: [application/json]
      Accept-Encoding: ['gzip, deflate']
      CommandName: [disk create]
      Connection: [keep-alive]
      Content-Type: [application/json; charset=utf-8]
      User-Agent: [python/3.5.3 (Windows-10-10.0.16299-SP0) requests/2.18.4 msrest/0.4.22
          msrest_azure/0.4.19 computemanagementclient/3.1.0rc2 Azure-SDK-For-Python
          AZURECLI/2.0.24]
      accept-language: [en-US]
    method: GET
    uri: https://management.azure.com/subscriptions/00000000-0000-0000-0000-000000000000/providers/Microsoft.Compute/locations/westus/DiskOperations/9bb9e6b4-bdf7-45d8-90f8-bc152933d0d0?api-version=2017-03-30
  response:
    body: {string: "{\r\n  \"startTime\": \"2017-12-19T22:27:32.3872665+00:00\",\r\
        \n  \"endTime\": \"2017-12-19T22:27:32.5591427+00:00\",\r\n  \"status\": \"\
        Succeeded\",\r\n  \"properties\": {\r\n    \"output\": {\"sku\":{\"name\"\
        :\"Premium_LRS\",\"tier\":\"Premium\"},\"properties\":{\"creationData\":{\"\
        createOption\":\"Empty\"},\"diskSizeGB\":1,\"timeCreated\":\"2017-12-19T22:27:32.3872665+00:00\"\
        ,\"provisioningState\":\"Succeeded\",\"diskState\":\"Unattached\"},\"type\"\
        :\"Microsoft.Compute/disks\",\"location\":\"westus\",\"tags\":{\"tag1\":\"\
        d1\"},\"id\":\"/subscriptions/00000000-0000-0000-0000-000000000000/resourceGroups/cli_test_managed_disk000001/providers/Microsoft.Compute/disks/d1\"\
        ,\"name\":\"d1\"}\r\n  },\r\n  \"name\": \"9bb9e6b4-bdf7-45d8-90f8-bc152933d0d0\"\
        \r\n}"}
    headers:
      cache-control: [no-cache]
      content-length: ['722']
      content-type: [application/json; charset=utf-8]
      date: ['Tue, 19 Dec 2017 22:28:03 GMT']
      expires: ['-1']
      pragma: [no-cache]
      server: [Microsoft-HTTPAPI/2.0, Microsoft-HTTPAPI/2.0]
      strict-transport-security: [max-age=31536000; includeSubDomains]
      transfer-encoding: [chunked]
      vary: [Accept-Encoding]
      x-ms-ratelimit-remaining-resource: ['Microsoft.Compute/GetOperation3Min;49996,Microsoft.Compute/GetOperation30Min;249986']
    status: {code: 200, message: OK}
- request:
    body: null
    headers:
      Accept: [application/json]
      Accept-Encoding: ['gzip, deflate']
      CommandName: [disk create]
      Connection: [keep-alive]
      Content-Type: [application/json; charset=utf-8]
      User-Agent: [python/3.5.3 (Windows-10-10.0.16299-SP0) requests/2.18.4 msrest/0.4.22
          msrest_azure/0.4.19 computemanagementclient/3.1.0rc2 Azure-SDK-For-Python
          AZURECLI/2.0.24]
      accept-language: [en-US]
    method: GET
    uri: https://management.azure.com/subscriptions/00000000-0000-0000-0000-000000000000/resourceGroups/cli_test_managed_disk000001/providers/Microsoft.Compute/disks/d1?api-version=2017-03-30
  response:
    body: {string: "{\r\n  \"sku\": {\r\n    \"name\": \"Premium_LRS\",\r\n    \"\
        tier\": \"Premium\"\r\n  },\r\n  \"properties\": {\r\n    \"creationData\"\
        : {\r\n      \"createOption\": \"Empty\"\r\n    },\r\n    \"diskSizeGB\":\
        \ 1,\r\n    \"timeCreated\": \"2017-12-19T22:27:32.3872665+00:00\",\r\n  \
        \  \"provisioningState\": \"Succeeded\",\r\n    \"diskState\": \"Unattached\"\
        \r\n  },\r\n  \"type\": \"Microsoft.Compute/disks\",\r\n  \"location\": \"\
        westus\",\r\n  \"tags\": {\r\n    \"tag1\": \"d1\"\r\n  },\r\n  \"id\": \"\
        /subscriptions/00000000-0000-0000-0000-000000000000/resourceGroups/cli_test_managed_disk000001/providers/Microsoft.Compute/disks/d1\"\
        ,\r\n  \"name\": \"d1\"\r\n}"}
    headers:
      cache-control: [no-cache]
      content-length: ['617']
      content-type: [application/json; charset=utf-8]
      date: ['Tue, 19 Dec 2017 22:28:03 GMT']
      expires: ['-1']
      pragma: [no-cache]
      server: [Microsoft-HTTPAPI/2.0, Microsoft-HTTPAPI/2.0]
      strict-transport-security: [max-age=31536000; includeSubDomains]
      transfer-encoding: [chunked]
      vary: [Accept-Encoding]
      x-ms-ratelimit-remaining-resource: ['Microsoft.Compute/LowCostGet3Min;4995,Microsoft.Compute/LowCostGet30Min;19984']
    status: {code: 200, message: OK}
- request:
    body: null
    headers:
      Accept: [application/json]
      Accept-Encoding: ['gzip, deflate']
      CommandName: [disk update]
      Connection: [keep-alive]
      Content-Type: [application/json; charset=utf-8]
      User-Agent: [python/3.5.3 (Windows-10-10.0.16299-SP0) requests/2.18.4 msrest/0.4.22
          msrest_azure/0.4.19 computemanagementclient/3.1.0rc2 Azure-SDK-For-Python
          AZURECLI/2.0.24]
      accept-language: [en-US]
    method: GET
    uri: https://management.azure.com/subscriptions/00000000-0000-0000-0000-000000000000/resourceGroups/cli_test_managed_disk000001/providers/Microsoft.Compute/disks/d1?api-version=2017-03-30
  response:
    body: {string: "{\r\n  \"sku\": {\r\n    \"name\": \"Premium_LRS\",\r\n    \"\
        tier\": \"Premium\"\r\n  },\r\n  \"properties\": {\r\n    \"creationData\"\
        : {\r\n      \"createOption\": \"Empty\"\r\n    },\r\n    \"diskSizeGB\":\
        \ 1,\r\n    \"timeCreated\": \"2017-12-19T22:27:32.3872665+00:00\",\r\n  \
        \  \"provisioningState\": \"Succeeded\",\r\n    \"diskState\": \"Unattached\"\
        \r\n  },\r\n  \"type\": \"Microsoft.Compute/disks\",\r\n  \"location\": \"\
        westus\",\r\n  \"tags\": {\r\n    \"tag1\": \"d1\"\r\n  },\r\n  \"id\": \"\
        /subscriptions/00000000-0000-0000-0000-000000000000/resourceGroups/cli_test_managed_disk000001/providers/Microsoft.Compute/disks/d1\"\
        ,\r\n  \"name\": \"d1\"\r\n}"}
    headers:
      cache-control: [no-cache]
      content-length: ['617']
      content-type: [application/json; charset=utf-8]
      date: ['Tue, 19 Dec 2017 22:28:04 GMT']
      expires: ['-1']
      pragma: [no-cache]
      server: [Microsoft-HTTPAPI/2.0, Microsoft-HTTPAPI/2.0]
      strict-transport-security: [max-age=31536000; includeSubDomains]
      transfer-encoding: [chunked]
      vary: [Accept-Encoding]
      x-ms-ratelimit-remaining-resource: ['Microsoft.Compute/LowCostGet3Min;4994,Microsoft.Compute/LowCostGet30Min;19983']
    status: {code: 200, message: OK}
- request:
    body: '{"location": "westus", "sku": {"name": "Standard_LRS"}, "tags": {"tag1":
      "d1"}, "properties": {"diskSizeGB": 10, "creationData": {"createOption": "Empty"}}}'
    headers:
      Accept: [application/json]
      Accept-Encoding: ['gzip, deflate']
      CommandName: [disk update]
      Connection: [keep-alive]
      Content-Length: ['156']
      Content-Type: [application/json; charset=utf-8]
      User-Agent: [python/3.5.3 (Windows-10-10.0.16299-SP0) requests/2.18.4 msrest/0.4.22
          msrest_azure/0.4.19 computemanagementclient/3.1.0rc2 Azure-SDK-For-Python
          AZURECLI/2.0.24]
      accept-language: [en-US]
    method: PUT
    uri: https://management.azure.com/subscriptions/00000000-0000-0000-0000-000000000000/resourceGroups/cli_test_managed_disk000001/providers/Microsoft.Compute/disks/d1?api-version=2017-03-30
  response:
    body: {string: "{\r\n  \"sku\": {\r\n    \"name\": \"Standard_LRS\"\r\n  },\r\n\
        \  \"properties\": {\r\n    \"creationData\": {\r\n      \"createOption\"\
        : \"Empty\"\r\n    },\r\n    \"diskSizeGB\": 10,\r\n    \"provisioningState\"\
        : \"Updating\",\r\n    \"isArmResource\": true\r\n  },\r\n  \"location\":\
        \ \"westus\",\r\n  \"tags\": {\r\n    \"tag1\": \"d1\"\r\n  },\r\n  \"name\"\
        : \"d1\"\r\n}"}
    headers:
      azure-asyncoperation: ['https://management.azure.com/subscriptions/00000000-0000-0000-0000-000000000000/providers/Microsoft.Compute/locations/westus/DiskOperations/300365b4-c2ac-4c11-b055-5a3423a797cf?api-version=2017-03-30']
      cache-control: [no-cache]
      content-length: ['303']
      content-type: [application/json; charset=utf-8]
      date: ['Tue, 19 Dec 2017 22:28:05 GMT']
      expires: ['-1']
      location: ['https://management.azure.com/subscriptions/00000000-0000-0000-0000-000000000000/providers/Microsoft.Compute/locations/westus/DiskOperations/300365b4-c2ac-4c11-b055-5a3423a797cf?monitor=true&api-version=2017-03-30']
      pragma: [no-cache]
      server: [Microsoft-HTTPAPI/2.0, Microsoft-HTTPAPI/2.0]
      strict-transport-security: [max-age=31536000; includeSubDomains]
      x-ms-ratelimit-remaining-resource: ['Microsoft.Compute/CreateUpdateDisks3Min;998,Microsoft.Compute/CreateUpdateDisks30Min;3994']
      x-ms-ratelimit-remaining-subscription-writes: ['1199']
    status: {code: 202, message: Accepted}
- request:
    body: null
    headers:
      Accept: [application/json]
      Accept-Encoding: ['gzip, deflate']
      CommandName: [disk update]
      Connection: [keep-alive]
      Content-Type: [application/json; charset=utf-8]
      User-Agent: [python/3.5.3 (Windows-10-10.0.16299-SP0) requests/2.18.4 msrest/0.4.22
          msrest_azure/0.4.19 computemanagementclient/3.1.0rc2 Azure-SDK-For-Python
          AZURECLI/2.0.24]
      accept-language: [en-US]
    method: GET
    uri: https://management.azure.com/subscriptions/00000000-0000-0000-0000-000000000000/providers/Microsoft.Compute/locations/westus/DiskOperations/300365b4-c2ac-4c11-b055-5a3423a797cf?api-version=2017-03-30
  response:
    body: {string: "{\r\n  \"startTime\": \"2017-12-19T22:28:04.659116+00:00\",\r\n\
        \  \"endTime\": \"2017-12-19T22:28:04.8466033+00:00\",\r\n  \"status\": \"\
        Succeeded\",\r\n  \"properties\": {\r\n    \"output\": {\"sku\":{\"name\"\
        :\"Standard_LRS\",\"tier\":\"Standard\"},\"properties\":{\"creationData\"\
        :{\"createOption\":\"Empty\"},\"diskSizeGB\":10,\"timeCreated\":\"2017-12-19T22:27:32.3872665+00:00\"\
        ,\"provisioningState\":\"Succeeded\",\"diskState\":\"Unattached\"},\"type\"\
        :\"Microsoft.Compute/disks\",\"location\":\"westus\",\"tags\":{\"tag1\":\"\
        d1\"},\"id\":\"/subscriptions/00000000-0000-0000-0000-000000000000/resourceGroups/cli_test_managed_disk000001/providers/Microsoft.Compute/disks/d1\"\
        ,\"name\":\"d1\"}\r\n  },\r\n  \"name\": \"300365b4-c2ac-4c11-b055-5a3423a797cf\"\
        \r\n}"}
    headers:
      cache-control: [no-cache]
      content-length: ['724']
      content-type: [application/json; charset=utf-8]
      date: ['Tue, 19 Dec 2017 22:28:35 GMT']
      expires: ['-1']
      pragma: [no-cache]
      server: [Microsoft-HTTPAPI/2.0, Microsoft-HTTPAPI/2.0]
      strict-transport-security: [max-age=31536000; includeSubDomains]
      transfer-encoding: [chunked]
      vary: [Accept-Encoding]
      x-ms-ratelimit-remaining-resource: ['Microsoft.Compute/GetOperation3Min;49994,Microsoft.Compute/GetOperation30Min;249984']
    status: {code: 200, message: OK}
- request:
    body: null
    headers:
      Accept: [application/json]
      Accept-Encoding: ['gzip, deflate']
      CommandName: [disk update]
      Connection: [keep-alive]
      Content-Type: [application/json; charset=utf-8]
      User-Agent: [python/3.5.3 (Windows-10-10.0.16299-SP0) requests/2.18.4 msrest/0.4.22
          msrest_azure/0.4.19 computemanagementclient/3.1.0rc2 Azure-SDK-For-Python
          AZURECLI/2.0.24]
      accept-language: [en-US]
    method: GET
    uri: https://management.azure.com/subscriptions/00000000-0000-0000-0000-000000000000/resourceGroups/cli_test_managed_disk000001/providers/Microsoft.Compute/disks/d1?api-version=2017-03-30
  response:
    body: {string: "{\r\n  \"sku\": {\r\n    \"name\": \"Standard_LRS\",\r\n    \"\
        tier\": \"Standard\"\r\n  },\r\n  \"properties\": {\r\n    \"creationData\"\
        : {\r\n      \"createOption\": \"Empty\"\r\n    },\r\n    \"diskSizeGB\":\
        \ 10,\r\n    \"timeCreated\": \"2017-12-19T22:27:32.3872665+00:00\",\r\n \
        \   \"provisioningState\": \"Succeeded\",\r\n    \"diskState\": \"Unattached\"\
        \r\n  },\r\n  \"type\": \"Microsoft.Compute/disks\",\r\n  \"location\": \"\
        westus\",\r\n  \"tags\": {\r\n    \"tag1\": \"d1\"\r\n  },\r\n  \"id\": \"\
        /subscriptions/00000000-0000-0000-0000-000000000000/resourceGroups/cli_test_managed_disk000001/providers/Microsoft.Compute/disks/d1\"\
        ,\r\n  \"name\": \"d1\"\r\n}"}
    headers:
      cache-control: [no-cache]
      content-length: ['620']
      content-type: [application/json; charset=utf-8]
      date: ['Tue, 19 Dec 2017 22:28:36 GMT']
      expires: ['-1']
      pragma: [no-cache]
      server: [Microsoft-HTTPAPI/2.0, Microsoft-HTTPAPI/2.0]
      strict-transport-security: [max-age=31536000; includeSubDomains]
      transfer-encoding: [chunked]
      vary: [Accept-Encoding]
      x-ms-ratelimit-remaining-resource: ['Microsoft.Compute/LowCostGet3Min;4992,Microsoft.Compute/LowCostGet30Min;19981']
    status: {code: 200, message: OK}
- request:
    body: null
    headers:
      Accept: [application/json]
      Accept-Encoding: ['gzip, deflate']
      CommandName: [disk create]
      Connection: [keep-alive]
      Content-Type: [application/json; charset=utf-8]
      User-Agent: [python/3.5.3 (Windows-10-10.0.16299-SP0) requests/2.18.4 msrest/0.4.22
          msrest_azure/0.4.19 resourcemanagementclient/1.2.1 Azure-SDK-For-Python
          AZURECLI/2.0.24]
      accept-language: [en-US]
    method: GET
    uri: https://management.azure.com/subscriptions/00000000-0000-0000-0000-000000000000/resourcegroups/cli_test_managed_disk000001?api-version=2017-05-10
  response:
    body: {string: '{"id":"/subscriptions/00000000-0000-0000-0000-000000000000/resourceGroups/cli_test_managed_disk000001","name":"cli_test_managed_disk000001","location":"westus","tags":{"use":"az-test"},"properties":{"provisioningState":"Succeeded"}}'}
    headers:
      cache-control: [no-cache]
      content-length: ['328']
      content-type: [application/json; charset=utf-8]
      date: ['Tue, 19 Dec 2017 22:28:35 GMT']
      expires: ['-1']
      pragma: [no-cache]
      strict-transport-security: [max-age=31536000; includeSubDomains]
      vary: [Accept-Encoding]
    status: {code: 200, message: OK}
- request:
    body: 'b''{"location": "westus", "sku": {"name": "Premium_LRS"}, "tags": {}, "properties":
      {"creationData": {"createOption": "Copy", "sourceResourceId": "/subscriptions/00000000-0000-0000-0000-000000000000/resourceGroups/cli_test_managed_disk000001/providers/Microsoft.Compute/disks/d1"}}}'''
    headers:
      Accept: [application/json]
      Accept-Encoding: ['gzip, deflate']
      CommandName: [disk create]
      Connection: [keep-alive]
      Content-Length: ['327']
      Content-Type: [application/json; charset=utf-8]
      User-Agent: [python/3.5.3 (Windows-10-10.0.16299-SP0) requests/2.18.4 msrest/0.4.22
          msrest_azure/0.4.19 computemanagementclient/3.1.0rc2 Azure-SDK-For-Python
          AZURECLI/2.0.24]
      accept-language: [en-US]
    method: PUT
    uri: https://management.azure.com/subscriptions/00000000-0000-0000-0000-000000000000/resourceGroups/cli_test_managed_disk000001/providers/Microsoft.Compute/disks/d2?api-version=2017-03-30
  response:
    body: {string: "{\r\n  \"sku\": {\r\n    \"name\": \"Premium_LRS\"\r\n  },\r\n\
        \  \"properties\": {\r\n    \"creationData\": {\r\n      \"createOption\"\
        : \"Copy\",\r\n      \"sourceResourceId\": \"/subscriptions/00000000-0000-0000-0000-000000000000/resourceGroups/cli_test_managed_disk000001/providers/Microsoft.Compute/disks/d1\"\
        \r\n    },\r\n    \"provisioningState\": \"Updating\",\r\n    \"isArmResource\"\
        : true\r\n  },\r\n  \"location\": \"westus\",\r\n  \"tags\": {},\r\n  \"name\"\
        : \"d2\"\r\n}"}
    headers:
      azure-asyncoperation: ['https://management.azure.com/subscriptions/00000000-0000-0000-0000-000000000000/providers/Microsoft.Compute/locations/westus/DiskOperations/49cee3d7-4da6-4b42-8409-db5abe777301?api-version=2017-03-30']
      cache-control: [no-cache]
      content-length: ['466']
      content-type: [application/json; charset=utf-8]
      date: ['Tue, 19 Dec 2017 22:28:37 GMT']
      expires: ['-1']
      location: ['https://management.azure.com/subscriptions/00000000-0000-0000-0000-000000000000/providers/Microsoft.Compute/locations/westus/DiskOperations/49cee3d7-4da6-4b42-8409-db5abe777301?monitor=true&api-version=2017-03-30']
      pragma: [no-cache]
      server: [Microsoft-HTTPAPI/2.0, Microsoft-HTTPAPI/2.0]
      strict-transport-security: [max-age=31536000; includeSubDomains]
      x-ms-ratelimit-remaining-resource: ['Microsoft.Compute/CreateUpdateDisks3Min;997,Microsoft.Compute/CreateUpdateDisks30Min;3993']
      x-ms-ratelimit-remaining-subscription-writes: ['1198']
    status: {code: 202, message: Accepted}
- request:
    body: null
    headers:
      Accept: [application/json]
      Accept-Encoding: ['gzip, deflate']
      CommandName: [disk create]
      Connection: [keep-alive]
      Content-Type: [application/json; charset=utf-8]
      User-Agent: [python/3.5.3 (Windows-10-10.0.16299-SP0) requests/2.18.4 msrest/0.4.22
          msrest_azure/0.4.19 computemanagementclient/3.1.0rc2 Azure-SDK-For-Python
          AZURECLI/2.0.24]
      accept-language: [en-US]
    method: GET
    uri: https://management.azure.com/subscriptions/00000000-0000-0000-0000-000000000000/providers/Microsoft.Compute/locations/westus/DiskOperations/49cee3d7-4da6-4b42-8409-db5abe777301?api-version=2017-03-30
  response:
    body: {string: "{\r\n  \"startTime\": \"2017-12-19T22:28:37.3286588+00:00\",\r\
        \n  \"endTime\": \"2017-12-19T22:28:38.203662+00:00\",\r\n  \"status\": \"\
        Succeeded\",\r\n  \"properties\": {\r\n    \"output\": {\"sku\":{\"name\"\
        :\"Premium_LRS\",\"tier\":\"Premium\"},\"properties\":{\"creationData\":{\"\
        createOption\":\"Copy\",\"sourceResourceId\":\"/subscriptions/00000000-0000-0000-0000-000000000000/resourceGroups/cli_test_managed_disk000001/providers/Microsoft.Compute/disks/d1\"\
        },\"diskSizeGB\":10,\"timeCreated\":\"2017-12-19T22:28:37.3286588+00:00\"\
        ,\"provisioningState\":\"Succeeded\",\"diskState\":\"Unattached\"},\"type\"\
        :\"Microsoft.Compute/disks\",\"location\":\"westus\",\"tags\":{},\"id\":\"\
        /subscriptions/00000000-0000-0000-0000-000000000000/resourceGroups/cli_test_managed_disk000001/providers/Microsoft.Compute/disks/d2\"\
        ,\"name\":\"d2\"}\r\n  },\r\n  \"name\": \"49cee3d7-4da6-4b42-8409-db5abe777301\"\
        \r\n}"}
    headers:
      cache-control: [no-cache]
      content-length: ['911']
      content-type: [application/json; charset=utf-8]
      date: ['Tue, 19 Dec 2017 22:29:08 GMT']
      expires: ['-1']
      pragma: [no-cache]
      server: [Microsoft-HTTPAPI/2.0, Microsoft-HTTPAPI/2.0]
      strict-transport-security: [max-age=31536000; includeSubDomains]
      transfer-encoding: [chunked]
      vary: [Accept-Encoding]
      x-ms-ratelimit-remaining-resource: ['Microsoft.Compute/GetOperation3Min;49992,Microsoft.Compute/GetOperation30Min;249982']
    status: {code: 200, message: OK}
- request:
    body: null
    headers:
      Accept: [application/json]
      Accept-Encoding: ['gzip, deflate']
      CommandName: [disk create]
      Connection: [keep-alive]
      Content-Type: [application/json; charset=utf-8]
      User-Agent: [python/3.5.3 (Windows-10-10.0.16299-SP0) requests/2.18.4 msrest/0.4.22
          msrest_azure/0.4.19 computemanagementclient/3.1.0rc2 Azure-SDK-For-Python
          AZURECLI/2.0.24]
      accept-language: [en-US]
    method: GET
    uri: https://management.azure.com/subscriptions/00000000-0000-0000-0000-000000000000/resourceGroups/cli_test_managed_disk000001/providers/Microsoft.Compute/disks/d2?api-version=2017-03-30
  response:
    body: {string: "{\r\n  \"sku\": {\r\n    \"name\": \"Premium_LRS\",\r\n    \"\
        tier\": \"Premium\"\r\n  },\r\n  \"properties\": {\r\n    \"creationData\"\
        : {\r\n      \"createOption\": \"Copy\",\r\n      \"sourceResourceId\": \"\
        /subscriptions/00000000-0000-0000-0000-000000000000/resourceGroups/cli_test_managed_disk000001/providers/Microsoft.Compute/disks/d1\"\
        \r\n    },\r\n    \"diskSizeGB\": 10,\r\n    \"timeCreated\": \"2017-12-19T22:28:37.3286588+00:00\"\
        ,\r\n    \"provisioningState\": \"Succeeded\",\r\n    \"diskState\": \"Unattached\"\
        \r\n  },\r\n  \"type\": \"Microsoft.Compute/disks\",\r\n  \"location\": \"\
        westus\",\r\n  \"tags\": {},\r\n  \"id\": \"/subscriptions/00000000-0000-0000-0000-000000000000/resourceGroups/cli_test_managed_disk000001/providers/Microsoft.Compute/disks/d2\"\
        ,\r\n  \"name\": \"d2\"\r\n}"}
    headers:
      cache-control: [no-cache]
      content-length: ['805']
      content-type: [application/json; charset=utf-8]
      date: ['Tue, 19 Dec 2017 22:29:09 GMT']
      expires: ['-1']
      pragma: [no-cache]
      server: [Microsoft-HTTPAPI/2.0, Microsoft-HTTPAPI/2.0]
      strict-transport-security: [max-age=31536000; includeSubDomains]
      transfer-encoding: [chunked]
      vary: [Accept-Encoding]
      x-ms-ratelimit-remaining-resource: ['Microsoft.Compute/LowCostGet3Min;4990,Microsoft.Compute/LowCostGet30Min;19979']
    status: {code: 200, message: OK}
- request:
    body: null
    headers:
      Accept: [application/json]
      Accept-Encoding: ['gzip, deflate']
      CommandName: [snapshot create]
      Connection: [keep-alive]
      Content-Type: [application/json; charset=utf-8]
      User-Agent: [python/3.5.3 (Windows-10-10.0.16299-SP0) requests/2.18.4 msrest/0.4.22
          msrest_azure/0.4.19 resourcemanagementclient/1.2.1 Azure-SDK-For-Python
          AZURECLI/2.0.24]
      accept-language: [en-US]
    method: GET
    uri: https://management.azure.com/subscriptions/00000000-0000-0000-0000-000000000000/resourcegroups/cli_test_managed_disk000001?api-version=2017-05-10
  response:
    body: {string: '{"id":"/subscriptions/00000000-0000-0000-0000-000000000000/resourceGroups/cli_test_managed_disk000001","name":"cli_test_managed_disk000001","location":"westus","tags":{"use":"az-test"},"properties":{"provisioningState":"Succeeded"}}'}
    headers:
      cache-control: [no-cache]
      content-length: ['328']
      content-type: [application/json; charset=utf-8]
      date: ['Tue, 19 Dec 2017 22:29:10 GMT']
      expires: ['-1']
      pragma: [no-cache]
      strict-transport-security: [max-age=31536000; includeSubDomains]
      vary: [Accept-Encoding]
    status: {code: 200, message: OK}
- request:
    body: '{"location": "westus", "sku": {"name": "Premium_LRS"}, "tags": {"tag1":
      "s1"}, "properties": {"diskSizeGB": 1, "creationData": {"createOption": "Empty"}}}'
    headers:
      Accept: [application/json]
      Accept-Encoding: ['gzip, deflate']
      CommandName: [snapshot create]
      Connection: [keep-alive]
      Content-Length: ['154']
      Content-Type: [application/json; charset=utf-8]
      User-Agent: [python/3.5.3 (Windows-10-10.0.16299-SP0) requests/2.18.4 msrest/0.4.22
          msrest_azure/0.4.19 computemanagementclient/3.1.0rc2 Azure-SDK-For-Python
          AZURECLI/2.0.24]
      accept-language: [en-US]
    method: PUT
    uri: https://management.azure.com/subscriptions/00000000-0000-0000-0000-000000000000/resourceGroups/cli_test_managed_disk000001/providers/Microsoft.Compute/snapshots/s1?api-version=2017-03-30
  response:
    body: {string: "{\r\n  \"sku\": {\r\n    \"name\": \"Premium_LRS\"\r\n  },\r\n\
        \  \"properties\": {\r\n    \"creationData\": {\r\n      \"createOption\"\
        : \"Empty\"\r\n    },\r\n    \"diskSizeGB\": 1,\r\n    \"provisioningState\"\
        : \"Updating\",\r\n    \"isArmResource\": true\r\n  },\r\n  \"location\":\
        \ \"westus\",\r\n  \"tags\": {\r\n    \"tag1\": \"s1\"\r\n  }\r\n}"}
    headers:
      azure-asyncoperation: ['https://management.azure.com/subscriptions/00000000-0000-0000-0000-000000000000/providers/Microsoft.Compute/locations/westus/DiskOperations/27850fda-e1c8-4e37-8ff6-b2810070a71a?api-version=2017-03-30']
      cache-control: [no-cache]
      content-length: ['284']
      content-type: [application/json; charset=utf-8]
      date: ['Tue, 19 Dec 2017 22:29:11 GMT']
      expires: ['-1']
      location: ['https://management.azure.com/subscriptions/00000000-0000-0000-0000-000000000000/providers/Microsoft.Compute/locations/westus/DiskOperations/27850fda-e1c8-4e37-8ff6-b2810070a71a?monitor=true&api-version=2017-03-30']
      pragma: [no-cache]
      server: [Microsoft-HTTPAPI/2.0, Microsoft-HTTPAPI/2.0]
      strict-transport-security: [max-age=31536000; includeSubDomains]
      x-ms-ratelimit-remaining-resource: ['Microsoft.Compute/HighCostHydrate3Min;238,Microsoft.Compute/HighCostHydrate30Min;1198']
      x-ms-ratelimit-remaining-subscription-writes: ['1199']
    status: {code: 202, message: Accepted}
- request:
    body: null
    headers:
      Accept: [application/json]
      Accept-Encoding: ['gzip, deflate']
      CommandName: [snapshot create]
      Connection: [keep-alive]
      Content-Type: [application/json; charset=utf-8]
      User-Agent: [python/3.5.3 (Windows-10-10.0.16299-SP0) requests/2.18.4 msrest/0.4.22
          msrest_azure/0.4.19 computemanagementclient/3.1.0rc2 Azure-SDK-For-Python
          AZURECLI/2.0.24]
      accept-language: [en-US]
    method: GET
    uri: https://management.azure.com/subscriptions/00000000-0000-0000-0000-000000000000/providers/Microsoft.Compute/locations/westus/DiskOperations/27850fda-e1c8-4e37-8ff6-b2810070a71a?api-version=2017-03-30
  response:
    body: {string: "{\r\n  \"startTime\": \"2017-12-19T22:29:10.8783914+00:00\",\r\
        \n  \"endTime\": \"2017-12-19T22:29:11.1908831+00:00\",\r\n  \"status\": \"\
        Succeeded\",\r\n  \"properties\": {\r\n    \"output\": {\"sku\":{\"name\"\
        :\"Premium_LRS\",\"tier\":\"Premium\"},\"properties\":{\"creationData\":{\"\
        createOption\":\"Empty\"},\"diskSizeGB\":1,\"timeCreated\":\"2017-12-19T22:29:10.8783914+00:00\"\
        ,\"provisioningState\":\"Succeeded\",\"diskState\":\"Unattached\"},\"type\"\
        :\"Microsoft.Compute/snapshots\",\"location\":\"westus\",\"tags\":{\"tag1\"\
        :\"s1\"},\"id\":\"/subscriptions/00000000-0000-0000-0000-000000000000/resourceGroups/cli_test_managed_disk000001/providers/Microsoft.Compute/snapshots/s1\"\
        ,\"name\":\"s1\"}\r\n  },\r\n  \"name\": \"27850fda-e1c8-4e37-8ff6-b2810070a71a\"\
        \r\n}"}
    headers:
      cache-control: [no-cache]
      content-length: ['730']
      content-type: [application/json; charset=utf-8]
      date: ['Tue, 19 Dec 2017 22:29:41 GMT']
      expires: ['-1']
      pragma: [no-cache]
      server: [Microsoft-HTTPAPI/2.0, Microsoft-HTTPAPI/2.0]
      strict-transport-security: [max-age=31536000; includeSubDomains]
      transfer-encoding: [chunked]
      vary: [Accept-Encoding]
      x-ms-ratelimit-remaining-resource: ['Microsoft.Compute/GetOperation3Min;49991,Microsoft.Compute/GetOperation30Min;249980']
    status: {code: 200, message: OK}
- request:
    body: null
    headers:
      Accept: [application/json]
      Accept-Encoding: ['gzip, deflate']
      CommandName: [snapshot create]
      Connection: [keep-alive]
      Content-Type: [application/json; charset=utf-8]
      User-Agent: [python/3.5.3 (Windows-10-10.0.16299-SP0) requests/2.18.4 msrest/0.4.22
          msrest_azure/0.4.19 computemanagementclient/3.1.0rc2 Azure-SDK-For-Python
          AZURECLI/2.0.24]
      accept-language: [en-US]
    method: GET
    uri: https://management.azure.com/subscriptions/00000000-0000-0000-0000-000000000000/resourceGroups/cli_test_managed_disk000001/providers/Microsoft.Compute/snapshots/s1?api-version=2017-03-30
  response:
    body: {string: "{\r\n  \"sku\": {\r\n    \"name\": \"Premium_LRS\",\r\n    \"\
        tier\": \"Premium\"\r\n  },\r\n  \"properties\": {\r\n    \"creationData\"\
        : {\r\n      \"createOption\": \"Empty\"\r\n    },\r\n    \"diskSizeGB\":\
        \ 1,\r\n    \"timeCreated\": \"2017-12-19T22:29:10.8783914+00:00\",\r\n  \
        \  \"provisioningState\": \"Succeeded\",\r\n    \"diskState\": \"Unattached\"\
        \r\n  },\r\n  \"type\": \"Microsoft.Compute/snapshots\",\r\n  \"location\"\
        : \"westus\",\r\n  \"tags\": {\r\n    \"tag1\": \"s1\"\r\n  },\r\n  \"id\"\
        : \"/subscriptions/00000000-0000-0000-0000-000000000000/resourceGroups/cli_test_managed_disk000001/providers/Microsoft.Compute/snapshots/s1\"\
        ,\r\n  \"name\": \"s1\"\r\n}"}
    headers:
      cache-control: [no-cache]
      content-length: ['625']
      content-type: [application/json; charset=utf-8]
      date: ['Tue, 19 Dec 2017 22:29:42 GMT']
      expires: ['-1']
      pragma: [no-cache]
      server: [Microsoft-HTTPAPI/2.0, Microsoft-HTTPAPI/2.0]
      strict-transport-security: [max-age=31536000; includeSubDomains]
      transfer-encoding: [chunked]
      vary: [Accept-Encoding]
      x-ms-ratelimit-remaining-resource: ['Microsoft.Compute/LowCostGet3Min;4990,Microsoft.Compute/LowCostGet30Min;19977']
    status: {code: 200, message: OK}
- request:
    body: null
    headers:
      Accept: [application/json]
      Accept-Encoding: ['gzip, deflate']
      CommandName: [snapshot update]
      Connection: [keep-alive]
      Content-Type: [application/json; charset=utf-8]
      User-Agent: [python/3.5.3 (Windows-10-10.0.16299-SP0) requests/2.18.4 msrest/0.4.22
          msrest_azure/0.4.19 computemanagementclient/3.1.0rc2 Azure-SDK-For-Python
          AZURECLI/2.0.24]
      accept-language: [en-US]
    method: GET
    uri: https://management.azure.com/subscriptions/00000000-0000-0000-0000-000000000000/resourceGroups/cli_test_managed_disk000001/providers/Microsoft.Compute/snapshots/s1?api-version=2017-03-30
  response:
    body: {string: "{\r\n  \"sku\": {\r\n    \"name\": \"Premium_LRS\",\r\n    \"\
        tier\": \"Premium\"\r\n  },\r\n  \"properties\": {\r\n    \"creationData\"\
        : {\r\n      \"createOption\": \"Empty\"\r\n    },\r\n    \"diskSizeGB\":\
        \ 1,\r\n    \"timeCreated\": \"2017-12-19T22:29:10.8783914+00:00\",\r\n  \
        \  \"provisioningState\": \"Succeeded\",\r\n    \"diskState\": \"Unattached\"\
        \r\n  },\r\n  \"type\": \"Microsoft.Compute/snapshots\",\r\n  \"location\"\
        : \"westus\",\r\n  \"tags\": {\r\n    \"tag1\": \"s1\"\r\n  },\r\n  \"id\"\
        : \"/subscriptions/00000000-0000-0000-0000-000000000000/resourceGroups/cli_test_managed_disk000001/providers/Microsoft.Compute/snapshots/s1\"\
        ,\r\n  \"name\": \"s1\"\r\n}"}
    headers:
      cache-control: [no-cache]
      content-length: ['625']
      content-type: [application/json; charset=utf-8]
      date: ['Tue, 19 Dec 2017 22:29:43 GMT']
      expires: ['-1']
      pragma: [no-cache]
      server: [Microsoft-HTTPAPI/2.0, Microsoft-HTTPAPI/2.0]
      strict-transport-security: [max-age=31536000; includeSubDomains]
      transfer-encoding: [chunked]
      vary: [Accept-Encoding]
      x-ms-ratelimit-remaining-resource: ['Microsoft.Compute/LowCostGet3Min;4989,Microsoft.Compute/LowCostGet30Min;19976']
    status: {code: 200, message: OK}
- request:
    body: '{"location": "westus", "sku": {"name": "Standard_LRS"}, "tags": {"tag1":
      "s1"}, "properties": {"diskSizeGB": 1, "creationData": {"createOption": "Empty"}}}'
    headers:
      Accept: [application/json]
      Accept-Encoding: ['gzip, deflate']
      CommandName: [snapshot update]
      Connection: [keep-alive]
      Content-Length: ['155']
      Content-Type: [application/json; charset=utf-8]
      User-Agent: [python/3.5.3 (Windows-10-10.0.16299-SP0) requests/2.18.4 msrest/0.4.22
          msrest_azure/0.4.19 computemanagementclient/3.1.0rc2 Azure-SDK-For-Python
          AZURECLI/2.0.24]
      accept-language: [en-US]
    method: PUT
    uri: https://management.azure.com/subscriptions/00000000-0000-0000-0000-000000000000/resourceGroups/cli_test_managed_disk000001/providers/Microsoft.Compute/snapshots/s1?api-version=2017-03-30
  response:
    body: {string: "{\r\n  \"sku\": {\r\n    \"name\": \"Standard_LRS\"\r\n  },\r\n\
        \  \"properties\": {\r\n    \"creationData\": {\r\n      \"createOption\"\
        : \"Empty\"\r\n    },\r\n    \"diskSizeGB\": 1,\r\n    \"provisioningState\"\
        : \"Updating\",\r\n    \"isArmResource\": true,\r\n    \"faultDomain\": 0\r\
        \n  },\r\n  \"location\": \"westus\",\r\n  \"tags\": {\r\n    \"tag1\": \"\
        s1\"\r\n  }\r\n}"}
    headers:
      azure-asyncoperation: ['https://management.azure.com/subscriptions/00000000-0000-0000-0000-000000000000/providers/Microsoft.Compute/locations/westus/DiskOperations/e6eae8a0-a06f-4fec-a151-1ddb3d421a57?api-version=2017-03-30']
      cache-control: [no-cache]
      content-length: ['308']
      content-type: [application/json; charset=utf-8]
      date: ['Tue, 19 Dec 2017 22:29:44 GMT']
      expires: ['-1']
      location: ['https://management.azure.com/subscriptions/00000000-0000-0000-0000-000000000000/providers/Microsoft.Compute/locations/westus/DiskOperations/e6eae8a0-a06f-4fec-a151-1ddb3d421a57?monitor=true&api-version=2017-03-30']
      pragma: [no-cache]
      server: [Microsoft-HTTPAPI/2.0, Microsoft-HTTPAPI/2.0]
      strict-transport-security: [max-age=31536000; includeSubDomains]
      x-ms-ratelimit-remaining-resource: ['Microsoft.Compute/HighCostHydrate3Min;238,Microsoft.Compute/HighCostHydrate30Min;1197']
      x-ms-ratelimit-remaining-subscription-writes: ['1199']
    status: {code: 202, message: Accepted}
- request:
    body: null
    headers:
      Accept: [application/json]
      Accept-Encoding: ['gzip, deflate']
      CommandName: [snapshot update]
      Connection: [keep-alive]
      Content-Type: [application/json; charset=utf-8]
      User-Agent: [python/3.5.3 (Windows-10-10.0.16299-SP0) requests/2.18.4 msrest/0.4.22
          msrest_azure/0.4.19 computemanagementclient/3.1.0rc2 Azure-SDK-For-Python
          AZURECLI/2.0.24]
      accept-language: [en-US]
    method: GET
    uri: https://management.azure.com/subscriptions/00000000-0000-0000-0000-000000000000/providers/Microsoft.Compute/locations/westus/DiskOperations/e6eae8a0-a06f-4fec-a151-1ddb3d421a57?api-version=2017-03-30
  response:
    body: {string: "{\r\n  \"startTime\": \"2017-12-19T22:29:44.6159284+00:00\",\r\
        \n  \"endTime\": \"2017-12-19T22:29:45.3971606+00:00\",\r\n  \"status\": \"\
        Succeeded\",\r\n  \"properties\": {\r\n    \"output\": {\"sku\":{\"name\"\
        :\"Standard_LRS\",\"tier\":\"Standard\"},\"properties\":{\"creationData\"\
        :{\"createOption\":\"Empty\"},\"diskSizeGB\":1,\"timeCreated\":\"2017-12-19T22:29:10.8783914+00:00\"\
        ,\"provisioningState\":\"Succeeded\",\"diskState\":\"Unattached\"},\"type\"\
        :\"Microsoft.Compute/snapshots\",\"location\":\"westus\",\"tags\":{\"tag1\"\
        :\"s1\"},\"id\":\"/subscriptions/00000000-0000-0000-0000-000000000000/resourceGroups/cli_test_managed_disk000001/providers/Microsoft.Compute/snapshots/s1\"\
        ,\"name\":\"s1\"}\r\n  },\r\n  \"name\": \"e6eae8a0-a06f-4fec-a151-1ddb3d421a57\"\
        \r\n}"}
    headers:
      cache-control: [no-cache]
      content-length: ['732']
      content-type: [application/json; charset=utf-8]
      date: ['Tue, 19 Dec 2017 22:30:17 GMT']
      expires: ['-1']
      pragma: [no-cache]
      server: [Microsoft-HTTPAPI/2.0, Microsoft-HTTPAPI/2.0]
      strict-transport-security: [max-age=31536000; includeSubDomains]
      transfer-encoding: [chunked]
      vary: [Accept-Encoding]
      x-ms-ratelimit-remaining-resource: ['Microsoft.Compute/GetOperation3Min;49990,Microsoft.Compute/GetOperation30Min;249978']
    status: {code: 200, message: OK}
- request:
    body: null
    headers:
      Accept: [application/json]
      Accept-Encoding: ['gzip, deflate']
      CommandName: [snapshot update]
      Connection: [keep-alive]
      Content-Type: [application/json; charset=utf-8]
      User-Agent: [python/3.5.3 (Windows-10-10.0.16299-SP0) requests/2.18.4 msrest/0.4.22
          msrest_azure/0.4.19 computemanagementclient/3.1.0rc2 Azure-SDK-For-Python
          AZURECLI/2.0.24]
      accept-language: [en-US]
    method: GET
    uri: https://management.azure.com/subscriptions/00000000-0000-0000-0000-000000000000/resourceGroups/cli_test_managed_disk000001/providers/Microsoft.Compute/snapshots/s1?api-version=2017-03-30
  response:
    body: {string: "{\r\n  \"sku\": {\r\n    \"name\": \"Standard_LRS\",\r\n    \"\
        tier\": \"Standard\"\r\n  },\r\n  \"properties\": {\r\n    \"creationData\"\
        : {\r\n      \"createOption\": \"Empty\"\r\n    },\r\n    \"diskSizeGB\":\
        \ 1,\r\n    \"timeCreated\": \"2017-12-19T22:29:10.8783914+00:00\",\r\n  \
        \  \"provisioningState\": \"Succeeded\",\r\n    \"diskState\": \"Unattached\"\
        \r\n  },\r\n  \"type\": \"Microsoft.Compute/snapshots\",\r\n  \"location\"\
        : \"westus\",\r\n  \"tags\": {\r\n    \"tag1\": \"s1\"\r\n  },\r\n  \"id\"\
        : \"/subscriptions/00000000-0000-0000-0000-000000000000/resourceGroups/cli_test_managed_disk000001/providers/Microsoft.Compute/snapshots/s1\"\
        ,\r\n  \"name\": \"s1\"\r\n}"}
    headers:
      cache-control: [no-cache]
      content-length: ['627']
      content-type: [application/json; charset=utf-8]
      date: ['Tue, 19 Dec 2017 22:30:17 GMT']
      expires: ['-1']
      pragma: [no-cache]
      server: [Microsoft-HTTPAPI/2.0, Microsoft-HTTPAPI/2.0]
      strict-transport-security: [max-age=31536000; includeSubDomains]
      transfer-encoding: [chunked]
      vary: [Accept-Encoding]
      x-ms-ratelimit-remaining-resource: ['Microsoft.Compute/LowCostGet3Min;4988,Microsoft.Compute/LowCostGet30Min;19974']
    status: {code: 200, message: OK}
- request:
    body: null
    headers:
      Accept: [application/json]
      Accept-Encoding: ['gzip, deflate']
      CommandName: [snapshot create]
      Connection: [keep-alive]
      Content-Type: [application/json; charset=utf-8]
      User-Agent: [python/3.5.3 (Windows-10-10.0.16299-SP0) requests/2.18.4 msrest/0.4.22
          msrest_azure/0.4.19 computemanagementclient/3.1.0rc2 Azure-SDK-For-Python
          AZURECLI/2.0.24]
      accept-language: [en-US]
    method: GET
    uri: https://management.azure.com/subscriptions/00000000-0000-0000-0000-000000000000/resourceGroups/cli_test_managed_disk000001/providers/Microsoft.Compute/snapshots/d1?api-version=2017-03-30
  response:
    body: {string: '{"error":{"code":"ResourceNotFound","message":"The Resource ''Microsoft.Compute/snapshots/d1''
        under resource group ''cli_test_managed_disk000001'' was not found."}}'}
    headers:
      cache-control: [no-cache]
      content-length: ['209']
      content-type: [application/json; charset=utf-8]
      date: ['Tue, 19 Dec 2017 22:30:17 GMT']
      expires: ['-1']
      pragma: [no-cache]
      strict-transport-security: [max-age=31536000; includeSubDomains]
      x-ms-failure-cause: [gateway]
    status: {code: 404, message: Not Found}
- request:
    body: null
    headers:
      Accept: [application/json]
      Accept-Encoding: ['gzip, deflate']
      CommandName: [snapshot create]
      Connection: [keep-alive]
      Content-Type: [application/json; charset=utf-8]
      User-Agent: [python/3.5.3 (Windows-10-10.0.16299-SP0) requests/2.18.4 msrest/0.4.22
          msrest_azure/0.4.19 computemanagementclient/3.1.0rc2 Azure-SDK-For-Python
          AZURECLI/2.0.24]
      accept-language: [en-US]
    method: GET
    uri: https://management.azure.com/subscriptions/00000000-0000-0000-0000-000000000000/resourceGroups/cli_test_managed_disk000001/providers/Microsoft.Compute/disks/d1?api-version=2017-03-30
  response:
    body: {string: "{\r\n  \"sku\": {\r\n    \"name\": \"Standard_LRS\",\r\n    \"\
        tier\": \"Standard\"\r\n  },\r\n  \"properties\": {\r\n    \"creationData\"\
        : {\r\n      \"createOption\": \"Empty\"\r\n    },\r\n    \"diskSizeGB\":\
        \ 10,\r\n    \"timeCreated\": \"2017-12-19T22:27:32.3872665+00:00\",\r\n \
        \   \"provisioningState\": \"Succeeded\",\r\n    \"diskState\": \"Unattached\"\
        \r\n  },\r\n  \"type\": \"Microsoft.Compute/disks\",\r\n  \"location\": \"\
        westus\",\r\n  \"tags\": {\r\n    \"tag1\": \"d1\"\r\n  },\r\n  \"id\": \"\
        /subscriptions/00000000-0000-0000-0000-000000000000/resourceGroups/cli_test_managed_disk000001/providers/Microsoft.Compute/disks/d1\"\
        ,\r\n  \"name\": \"d1\"\r\n}"}
    headers:
      cache-control: [no-cache]
      content-length: ['620']
      content-type: [application/json; charset=utf-8]
      date: ['Tue, 19 Dec 2017 22:30:18 GMT']
      expires: ['-1']
      pragma: [no-cache]
      server: [Microsoft-HTTPAPI/2.0, Microsoft-HTTPAPI/2.0]
      strict-transport-security: [max-age=31536000; includeSubDomains]
      transfer-encoding: [chunked]
      vary: [Accept-Encoding]
      x-ms-ratelimit-remaining-resource: ['Microsoft.Compute/LowCostGet3Min;4987,Microsoft.Compute/LowCostGet30Min;19973']
    status: {code: 200, message: OK}
- request:
    body: null
    headers:
      Accept: [application/json]
      Accept-Encoding: ['gzip, deflate']
      CommandName: [snapshot create]
      Connection: [keep-alive]
      Content-Type: [application/json; charset=utf-8]
      User-Agent: [python/3.5.3 (Windows-10-10.0.16299-SP0) requests/2.18.4 msrest/0.4.22
          msrest_azure/0.4.19 resourcemanagementclient/1.2.1 Azure-SDK-For-Python
          AZURECLI/2.0.24]
      accept-language: [en-US]
    method: GET
    uri: https://management.azure.com/subscriptions/00000000-0000-0000-0000-000000000000/resourcegroups/cli_test_managed_disk000001?api-version=2017-05-10
  response:
    body: {string: '{"id":"/subscriptions/00000000-0000-0000-0000-000000000000/resourceGroups/cli_test_managed_disk000001","name":"cli_test_managed_disk000001","location":"westus","tags":{"use":"az-test"},"properties":{"provisioningState":"Succeeded"}}'}
    headers:
      cache-control: [no-cache]
      content-length: ['328']
      content-type: [application/json; charset=utf-8]
      date: ['Tue, 19 Dec 2017 22:30:19 GMT']
      expires: ['-1']
      pragma: [no-cache]
      strict-transport-security: [max-age=31536000; includeSubDomains]
      vary: [Accept-Encoding]
    status: {code: 200, message: OK}
- request:
    body: 'b''{"location": "westus", "sku": {"name": "Premium_LRS"}, "tags": {}, "properties":
      {"creationData": {"createOption": "Copy", "sourceResourceId": "/subscriptions/00000000-0000-0000-0000-000000000000/resourceGroups/cli_test_managed_disk000001/providers/Microsoft.Compute/disks/d1"}}}'''
    headers:
      Accept: [application/json]
      Accept-Encoding: ['gzip, deflate']
      CommandName: [snapshot create]
      Connection: [keep-alive]
      Content-Length: ['327']
      Content-Type: [application/json; charset=utf-8]
      User-Agent: [python/3.5.3 (Windows-10-10.0.16299-SP0) requests/2.18.4 msrest/0.4.22
          msrest_azure/0.4.19 computemanagementclient/3.1.0rc2 Azure-SDK-For-Python
          AZURECLI/2.0.24]
      accept-language: [en-US]
    method: PUT
    uri: https://management.azure.com/subscriptions/00000000-0000-0000-0000-000000000000/resourceGroups/cli_test_managed_disk000001/providers/Microsoft.Compute/snapshots/s2?api-version=2017-03-30
  response:
    body: {string: "{\r\n  \"sku\": {\r\n    \"name\": \"Premium_LRS\"\r\n  },\r\n\
        \  \"properties\": {\r\n    \"creationData\": {\r\n      \"createOption\"\
        : \"Copy\",\r\n      \"sourceResourceId\": \"/subscriptions/00000000-0000-0000-0000-000000000000/resourceGroups/cli_test_managed_disk000001/providers/Microsoft.Compute/disks/d1\"\
        \r\n    },\r\n    \"provisioningState\": \"Updating\",\r\n    \"isArmResource\"\
        : true\r\n  },\r\n  \"location\": \"westus\",\r\n  \"tags\": {}\r\n}"}
    headers:
      azure-asyncoperation: ['https://management.azure.com/subscriptions/00000000-0000-0000-0000-000000000000/providers/Microsoft.Compute/locations/westus/DiskOperations/14e30390-3073-4a04-8fd4-131102d2e14b?api-version=2017-03-30']
      cache-control: [no-cache]
      content-length: ['449']
      content-type: [application/json; charset=utf-8]
      date: ['Tue, 19 Dec 2017 22:30:20 GMT']
      expires: ['-1']
      location: ['https://management.azure.com/subscriptions/00000000-0000-0000-0000-000000000000/providers/Microsoft.Compute/locations/westus/DiskOperations/14e30390-3073-4a04-8fd4-131102d2e14b?monitor=true&api-version=2017-03-30']
      pragma: [no-cache]
      server: [Microsoft-HTTPAPI/2.0, Microsoft-HTTPAPI/2.0]
      strict-transport-security: [max-age=31536000; includeSubDomains]
      x-ms-ratelimit-remaining-resource: ['Microsoft.Compute/HighCostHydrate3Min;237,Microsoft.Compute/HighCostHydrate30Min;1196']
      x-ms-ratelimit-remaining-subscription-writes: ['1198']
    status: {code: 202, message: Accepted}
- request:
    body: null
    headers:
      Accept: [application/json]
      Accept-Encoding: ['gzip, deflate']
      CommandName: [snapshot create]
      Connection: [keep-alive]
      Content-Type: [application/json; charset=utf-8]
      User-Agent: [python/3.5.3 (Windows-10-10.0.16299-SP0) requests/2.18.4 msrest/0.4.22
          msrest_azure/0.4.19 computemanagementclient/3.1.0rc2 Azure-SDK-For-Python
          AZURECLI/2.0.24]
      accept-language: [en-US]
    method: GET
    uri: https://management.azure.com/subscriptions/00000000-0000-0000-0000-000000000000/providers/Microsoft.Compute/locations/westus/DiskOperations/14e30390-3073-4a04-8fd4-131102d2e14b?api-version=2017-03-30
  response:
    body: {string: "{\r\n  \"startTime\": \"2017-12-19T22:30:19.3916951+00:00\",\r\
        \n  \"endTime\": \"2017-12-19T22:30:19.9401801+00:00\",\r\n  \"status\": \"\
        Succeeded\",\r\n  \"properties\": {\r\n    \"output\": {\"sku\":{\"name\"\
        :\"Premium_LRS\",\"tier\":\"Premium\"},\"properties\":{\"creationData\":{\"\
        createOption\":\"Copy\",\"sourceResourceId\":\"/subscriptions/00000000-0000-0000-0000-000000000000/resourceGroups/cli_test_managed_disk000001/providers/Microsoft.Compute/disks/d1\"\
        },\"diskSizeGB\":10,\"timeCreated\":\"2017-12-19T22:30:19.3916951+00:00\"\
        ,\"provisioningState\":\"Succeeded\",\"diskState\":\"Unattached\"},\"type\"\
        :\"Microsoft.Compute/snapshots\",\"location\":\"westus\",\"tags\":{},\"id\"\
        :\"/subscriptions/00000000-0000-0000-0000-000000000000/resourceGroups/cli_test_managed_disk000001/providers/Microsoft.Compute/snapshots/s2\"\
        ,\"name\":\"s2\"}\r\n  },\r\n  \"name\": \"14e30390-3073-4a04-8fd4-131102d2e14b\"\
        \r\n}"}
    headers:
      cache-control: [no-cache]
      content-length: ['920']
      content-type: [application/json; charset=utf-8]
      date: ['Tue, 19 Dec 2017 22:30:50 GMT']
      expires: ['-1']
      pragma: [no-cache]
      server: [Microsoft-HTTPAPI/2.0, Microsoft-HTTPAPI/2.0]
      strict-transport-security: [max-age=31536000; includeSubDomains]
      transfer-encoding: [chunked]
      vary: [Accept-Encoding]
      x-ms-ratelimit-remaining-resource: ['Microsoft.Compute/GetOperation3Min;49989,Microsoft.Compute/GetOperation30Min;249976']
    status: {code: 200, message: OK}
- request:
    body: null
    headers:
      Accept: [application/json]
      Accept-Encoding: ['gzip, deflate']
      CommandName: [snapshot create]
      Connection: [keep-alive]
      Content-Type: [application/json; charset=utf-8]
      User-Agent: [python/3.5.3 (Windows-10-10.0.16299-SP0) requests/2.18.4 msrest/0.4.22
          msrest_azure/0.4.19 computemanagementclient/3.1.0rc2 Azure-SDK-For-Python
          AZURECLI/2.0.24]
      accept-language: [en-US]
    method: GET
    uri: https://management.azure.com/subscriptions/00000000-0000-0000-0000-000000000000/resourceGroups/cli_test_managed_disk000001/providers/Microsoft.Compute/snapshots/s2?api-version=2017-03-30
  response:
    body: {string: "{\r\n  \"sku\": {\r\n    \"name\": \"Premium_LRS\",\r\n    \"\
        tier\": \"Premium\"\r\n  },\r\n  \"properties\": {\r\n    \"creationData\"\
        : {\r\n      \"createOption\": \"Copy\",\r\n      \"sourceResourceId\": \"\
        /subscriptions/00000000-0000-0000-0000-000000000000/resourceGroups/cli_test_managed_disk000001/providers/Microsoft.Compute/disks/d1\"\
        \r\n    },\r\n    \"diskSizeGB\": 10,\r\n    \"timeCreated\": \"2017-12-19T22:30:19.3916951+00:00\"\
        ,\r\n    \"provisioningState\": \"Succeeded\",\r\n    \"diskState\": \"Unattached\"\
        \r\n  },\r\n  \"type\": \"Microsoft.Compute/snapshots\",\r\n  \"location\"\
        : \"westus\",\r\n  \"tags\": {},\r\n  \"id\": \"/subscriptions/00000000-0000-0000-0000-000000000000/resourceGroups/cli_test_managed_disk000001/providers/Microsoft.Compute/snapshots/s2\"\
        ,\r\n  \"name\": \"s2\"\r\n}"}
    headers:
      cache-control: [no-cache]
      content-length: ['813']
      content-type: [application/json; charset=utf-8]
      date: ['Tue, 19 Dec 2017 22:30:50 GMT']
      expires: ['-1']
      pragma: [no-cache]
      server: [Microsoft-HTTPAPI/2.0, Microsoft-HTTPAPI/2.0]
      strict-transport-security: [max-age=31536000; includeSubDomains]
      transfer-encoding: [chunked]
      vary: [Accept-Encoding]
      x-ms-ratelimit-remaining-resource: ['Microsoft.Compute/LowCostGet3Min;4986,Microsoft.Compute/LowCostGet30Min;19971']
    status: {code: 200, message: OK}
- request:
    body: null
    headers:
      Accept: [application/json]
      Accept-Encoding: ['gzip, deflate']
      CommandName: [image create]
      Connection: [keep-alive]
      Content-Type: [application/json; charset=utf-8]
      User-Agent: [python/3.5.3 (Windows-10-10.0.16299-SP0) requests/2.18.4 msrest/0.4.22
          msrest_azure/0.4.19 computemanagementclient/3.1.0rc2 Azure-SDK-For-Python
          AZURECLI/2.0.24]
      accept-language: [en-US]
    method: GET
    uri: https://management.azure.com/subscriptions/00000000-0000-0000-0000-000000000000/resourceGroups/cli_test_managed_disk000001/providers/Microsoft.Compute/virtualMachines/s1?api-version=2017-12-01
  response:
    body: {string: '{"error":{"code":"ResourceNotFound","message":"The Resource ''Microsoft.Compute/virtualMachines/s1''
        under resource group ''cli_test_managed_disk000001'' was not found."}}'}
    headers:
      cache-control: [no-cache]
      content-length: ['215']
      content-type: [application/json; charset=utf-8]
      date: ['Tue, 19 Dec 2017 22:30:50 GMT']
      expires: ['-1']
      pragma: [no-cache]
      strict-transport-security: [max-age=31536000; includeSubDomains]
      x-ms-failure-cause: [gateway]
    status: {code: 404, message: Not Found}
- request:
    body: null
    headers:
      Accept: [application/json]
      Accept-Encoding: ['gzip, deflate']
      CommandName: [image create]
      Connection: [keep-alive]
      Content-Type: [application/json; charset=utf-8]
      User-Agent: [python/3.5.3 (Windows-10-10.0.16299-SP0) requests/2.18.4 msrest/0.4.22
          msrest_azure/0.4.19 computemanagementclient/3.1.0rc2 Azure-SDK-For-Python
          AZURECLI/2.0.24]
      accept-language: [en-US]
    method: GET
    uri: https://management.azure.com/subscriptions/00000000-0000-0000-0000-000000000000/resourceGroups/cli_test_managed_disk000001/providers/Microsoft.Compute/snapshots/s1?api-version=2017-03-30
  response:
    body: {string: "{\r\n  \"sku\": {\r\n    \"name\": \"Standard_LRS\",\r\n    \"\
        tier\": \"Standard\"\r\n  },\r\n  \"properties\": {\r\n    \"creationData\"\
        : {\r\n      \"createOption\": \"Empty\"\r\n    },\r\n    \"diskSizeGB\":\
        \ 1,\r\n    \"timeCreated\": \"2017-12-19T22:29:10.8783914+00:00\",\r\n  \
        \  \"provisioningState\": \"Succeeded\",\r\n    \"diskState\": \"Unattached\"\
        \r\n  },\r\n  \"type\": \"Microsoft.Compute/snapshots\",\r\n  \"location\"\
        : \"westus\",\r\n  \"tags\": {\r\n    \"tag1\": \"s1\"\r\n  },\r\n  \"id\"\
        : \"/subscriptions/00000000-0000-0000-0000-000000000000/resourceGroups/cli_test_managed_disk000001/providers/Microsoft.Compute/snapshots/s1\"\
        ,\r\n  \"name\": \"s1\"\r\n}"}
    headers:
      cache-control: [no-cache]
      content-length: ['627']
      content-type: [application/json; charset=utf-8]
      date: ['Tue, 19 Dec 2017 22:30:51 GMT']
      expires: ['-1']
      pragma: [no-cache]
      server: [Microsoft-HTTPAPI/2.0, Microsoft-HTTPAPI/2.0]
      strict-transport-security: [max-age=31536000; includeSubDomains]
      transfer-encoding: [chunked]
      vary: [Accept-Encoding]
      x-ms-ratelimit-remaining-resource: ['Microsoft.Compute/LowCostGet3Min;4985,Microsoft.Compute/LowCostGet30Min;19970']
    status: {code: 200, message: OK}
- request:
    body: null
    headers:
      Accept: [application/json]
      Accept-Encoding: ['gzip, deflate']
      CommandName: [image create]
      Connection: [keep-alive]
      Content-Type: [application/json; charset=utf-8]
      User-Agent: [python/3.5.3 (Windows-10-10.0.16299-SP0) requests/2.18.4 msrest/0.4.22
          msrest_azure/0.4.19 computemanagementclient/3.1.0rc2 Azure-SDK-For-Python
          AZURECLI/2.0.24]
      accept-language: [en-US]
    method: GET
    uri: https://management.azure.com/subscriptions/00000000-0000-0000-0000-000000000000/resourceGroups/cli_test_managed_disk000001/providers/Microsoft.Compute/snapshots/d1?api-version=2017-03-30
  response:
    body: {string: '{"error":{"code":"ResourceNotFound","message":"The Resource ''Microsoft.Compute/snapshots/d1''
        under resource group ''cli_test_managed_disk000001'' was not found."}}'}
    headers:
      cache-control: [no-cache]
      content-length: ['209']
      content-type: [application/json; charset=utf-8]
      date: ['Tue, 19 Dec 2017 22:30:53 GMT']
      expires: ['-1']
      pragma: [no-cache]
      strict-transport-security: [max-age=31536000; includeSubDomains]
      x-ms-failure-cause: [gateway]
    status: {code: 404, message: Not Found}
- request:
    body: null
    headers:
      Accept: [application/json]
      Accept-Encoding: ['gzip, deflate']
      CommandName: [image create]
      Connection: [keep-alive]
      Content-Type: [application/json; charset=utf-8]
      User-Agent: [python/3.5.3 (Windows-10-10.0.16299-SP0) requests/2.18.4 msrest/0.4.22
          msrest_azure/0.4.19 computemanagementclient/3.1.0rc2 Azure-SDK-For-Python
          AZURECLI/2.0.24]
      accept-language: [en-US]
    method: GET
    uri: https://management.azure.com/subscriptions/00000000-0000-0000-0000-000000000000/resourceGroups/cli_test_managed_disk000001/providers/Microsoft.Compute/disks/d1?api-version=2017-03-30
  response:
    body: {string: "{\r\n  \"sku\": {\r\n    \"name\": \"Standard_LRS\",\r\n    \"\
        tier\": \"Standard\"\r\n  },\r\n  \"properties\": {\r\n    \"creationData\"\
        : {\r\n      \"createOption\": \"Empty\"\r\n    },\r\n    \"diskSizeGB\":\
        \ 10,\r\n    \"timeCreated\": \"2017-12-19T22:27:32.3872665+00:00\",\r\n \
        \   \"provisioningState\": \"Succeeded\",\r\n    \"diskState\": \"Unattached\"\
        \r\n  },\r\n  \"type\": \"Microsoft.Compute/disks\",\r\n  \"location\": \"\
        westus\",\r\n  \"tags\": {\r\n    \"tag1\": \"d1\"\r\n  },\r\n  \"id\": \"\
        /subscriptions/00000000-0000-0000-0000-000000000000/resourceGroups/cli_test_managed_disk000001/providers/Microsoft.Compute/disks/d1\"\
        ,\r\n  \"name\": \"d1\"\r\n}"}
    headers:
      cache-control: [no-cache]
      content-length: ['620']
      content-type: [application/json; charset=utf-8]
      date: ['Tue, 19 Dec 2017 22:30:53 GMT']
      expires: ['-1']
      pragma: [no-cache]
      server: [Microsoft-HTTPAPI/2.0, Microsoft-HTTPAPI/2.0]
      strict-transport-security: [max-age=31536000; includeSubDomains]
      transfer-encoding: [chunked]
      vary: [Accept-Encoding]
      x-ms-ratelimit-remaining-resource: ['Microsoft.Compute/LowCostGet3Min;4984,Microsoft.Compute/LowCostGet30Min;19969']
    status: {code: 200, message: OK}
- request:
    body: null
    headers:
      Accept: [application/json]
      Accept-Encoding: ['gzip, deflate']
      CommandName: [image create]
      Connection: [keep-alive]
      Content-Type: [application/json; charset=utf-8]
      User-Agent: [python/3.5.3 (Windows-10-10.0.16299-SP0) requests/2.18.4 msrest/0.4.22
          msrest_azure/0.4.19 resourcemanagementclient/1.2.1 Azure-SDK-For-Python
          AZURECLI/2.0.24]
      accept-language: [en-US]
    method: GET
    uri: https://management.azure.com/subscriptions/00000000-0000-0000-0000-000000000000/resourcegroups/cli_test_managed_disk000001?api-version=2017-05-10
  response:
    body: {string: '{"id":"/subscriptions/00000000-0000-0000-0000-000000000000/resourceGroups/cli_test_managed_disk000001","name":"cli_test_managed_disk000001","location":"westus","tags":{"use":"az-test"},"properties":{"provisioningState":"Succeeded"}}'}
    headers:
      cache-control: [no-cache]
      content-length: ['328']
      content-type: [application/json; charset=utf-8]
      date: ['Tue, 19 Dec 2017 22:30:54 GMT']
      expires: ['-1']
      pragma: [no-cache]
      strict-transport-security: [max-age=31536000; includeSubDomains]
      vary: [Accept-Encoding]
    status: {code: 200, message: OK}
- request:
    body: 'b''{"location": "westus", "tags": {"tag1": "i1"}, "properties": {"storageProfile":
      {"dataDisks": [{"snapshot": {"id": "/subscriptions/00000000-0000-0000-0000-000000000000/resourceGroups/cli_test_managed_disk000001/providers/Microsoft.Compute/snapshots/s2"},
      "lun": 0}, {"managedDisk": {"id": "/subscriptions/00000000-0000-0000-0000-000000000000/resourceGroups/cli_test_managed_disk000001/providers/Microsoft.Compute/disks/d1"},
      "lun": 1}, {"managedDisk": {"id": "/subscriptions/00000000-0000-0000-0000-000000000000/resourceGroups/cli_test_managed_disk000001/providers/Microsoft.Compute/disks/d2"},
      "lun": 2}], "osDisk": {"snapshot": {"id": "/subscriptions/00000000-0000-0000-0000-000000000000/resourceGroups/cli_test_managed_disk000001/providers/Microsoft.Compute/snapshots/s1"},
      "osState": "Generalized", "osType": "Linux"}}}}'''
    headers:
      Accept: [application/json]
      Accept-Encoding: ['gzip, deflate']
      CommandName: [image create]
      Connection: [keep-alive]
      Content-Length: ['1016']
      Content-Type: [application/json; charset=utf-8]
      User-Agent: [python/3.5.3 (Windows-10-10.0.16299-SP0) requests/2.18.4 msrest/0.4.22
          msrest_azure/0.4.19 computemanagementclient/3.1.0rc2 Azure-SDK-For-Python
          AZURECLI/2.0.24]
      accept-language: [en-US]
    method: PUT
    uri: https://management.azure.com/subscriptions/00000000-0000-0000-0000-000000000000/resourceGroups/cli_test_managed_disk000001/providers/Microsoft.Compute/images/i1?api-version=2017-12-01
  response:
    body: {string: "{\r\n  \"properties\": {\r\n    \"storageProfile\": {\r\n    \
        \  \"osDisk\": {\r\n        \"osType\": \"Linux\",\r\n        \"osState\"\
        : \"Generalized\",\r\n        \"snapshot\": {\r\n          \"id\": \"/subscriptions/00000000-0000-0000-0000-000000000000/resourceGroups/cli_test_managed_disk000001/providers/Microsoft.Compute/snapshots/s1\"\
        \r\n        },\r\n        \"caching\": \"None\"\r\n      },\r\n      \"dataDisks\"\
        : [\r\n        {\r\n          \"lun\": 0,\r\n          \"snapshot\": {\r\n\
        \            \"id\": \"/subscriptions/00000000-0000-0000-0000-000000000000/resourceGroups/cli_test_managed_disk000001/providers/Microsoft.Compute/snapshots/s2\"\
        \r\n          },\r\n          \"caching\": \"None\"\r\n        },\r\n    \
        \    {\r\n          \"lun\": 1,\r\n          \"managedDisk\": {\r\n      \
        \      \"id\": \"/subscriptions/00000000-0000-0000-0000-000000000000/resourceGroups/cli_test_managed_disk000001/providers/Microsoft.Compute/disks/d1\"\
        \r\n          },\r\n          \"caching\": \"None\"\r\n        },\r\n    \
        \    {\r\n          \"lun\": 2,\r\n          \"managedDisk\": {\r\n      \
        \      \"id\": \"/subscriptions/00000000-0000-0000-0000-000000000000/resourceGroups/cli_test_managed_disk000001/providers/Microsoft.Compute/disks/d2\"\
        \r\n          },\r\n          \"caching\": \"None\"\r\n        }\r\n     \
        \ ]\r\n    },\r\n    \"provisioningState\": \"Creating\"\r\n  },\r\n  \"type\"\
        : \"Microsoft.Compute/images\",\r\n  \"location\": \"westus\",\r\n  \"tags\"\
        : {\r\n    \"tag1\": \"i1\"\r\n  },\r\n  \"id\": \"/subscriptions/00000000-0000-0000-0000-000000000000/resourceGroups/cli_test_managed_disk000001/providers/Microsoft.Compute/images/i1\"\
        ,\r\n  \"name\": \"i1\"\r\n}"}
    headers:
      azure-asyncoperation: ['https://management.azure.com/subscriptions/00000000-0000-0000-0000-000000000000/providers/Microsoft.Compute/locations/westus/operations/2ecef9a2-9419-447c-b463-23a656e15719?api-version=2017-12-01']
      cache-control: [no-cache]
      content-length: ['1745']
      content-type: [application/json; charset=utf-8]
      date: ['Tue, 19 Dec 2017 22:30:55 GMT']
      expires: ['-1']
      pragma: [no-cache]
      server: [Microsoft-HTTPAPI/2.0, Microsoft-HTTPAPI/2.0]
      strict-transport-security: [max-age=31536000; includeSubDomains]
      x-ms-ratelimit-remaining-resource: ['Microsoft.Compute/CreateImages3Min;39,Microsoft.Compute/CreateImages30Min;199']
      x-ms-ratelimit-remaining-subscription-writes: ['1199']
    status: {code: 201, message: Created}
- request:
    body: null
    headers:
      Accept: [application/json]
      Accept-Encoding: ['gzip, deflate']
      CommandName: [image create]
      Connection: [keep-alive]
      Content-Type: [application/json; charset=utf-8]
      User-Agent: [python/3.5.3 (Windows-10-10.0.16299-SP0) requests/2.18.4 msrest/0.4.22
          msrest_azure/0.4.19 computemanagementclient/3.1.0rc2 Azure-SDK-For-Python
          AZURECLI/2.0.24]
      accept-language: [en-US]
    method: GET
    uri: https://management.azure.com/subscriptions/00000000-0000-0000-0000-000000000000/providers/Microsoft.Compute/locations/westus/operations/2ecef9a2-9419-447c-b463-23a656e15719?api-version=2017-12-01
  response:
    body: {string: "{\r\n  \"startTime\": \"2017-12-19T22:30:55.4938734+00:00\",\r\
        \n  \"endTime\": \"2017-12-19T22:31:00.9782328+00:00\",\r\n  \"status\": \"\
        Succeeded\",\r\n  \"name\": \"2ecef9a2-9419-447c-b463-23a656e15719\"\r\n}"}
    headers:
      cache-control: [no-cache]
      content-length: ['184']
      content-type: [application/json; charset=utf-8]
      date: ['Tue, 19 Dec 2017 22:31:26 GMT']
      expires: ['-1']
      pragma: [no-cache]
      server: [Microsoft-HTTPAPI/2.0, Microsoft-HTTPAPI/2.0]
      strict-transport-security: [max-age=31536000; includeSubDomains]
      transfer-encoding: [chunked]
      vary: [Accept-Encoding]
      x-ms-ratelimit-remaining-resource: ['Microsoft.Compute/GetOperation3Min;2158,Microsoft.Compute/GetOperation30Min;17998']
    status: {code: 200, message: OK}
- request:
    body: null
    headers:
      Accept: [application/json]
      Accept-Encoding: ['gzip, deflate']
      CommandName: [image create]
      Connection: [keep-alive]
      Content-Type: [application/json; charset=utf-8]
      User-Agent: [python/3.5.3 (Windows-10-10.0.16299-SP0) requests/2.18.4 msrest/0.4.22
          msrest_azure/0.4.19 computemanagementclient/3.1.0rc2 Azure-SDK-For-Python
          AZURECLI/2.0.24]
      accept-language: [en-US]
    method: GET
    uri: https://management.azure.com/subscriptions/00000000-0000-0000-0000-000000000000/resourceGroups/cli_test_managed_disk000001/providers/Microsoft.Compute/images/i1?api-version=2017-12-01
  response:
    body: {string: "{\r\n  \"properties\": {\r\n    \"storageProfile\": {\r\n    \
        \  \"osDisk\": {\r\n        \"osType\": \"Linux\",\r\n        \"osState\"\
        : \"Generalized\",\r\n        \"diskSizeGB\": 1,\r\n        \"snapshot\":\
        \ {\r\n          \"id\": \"/subscriptions/00000000-0000-0000-0000-000000000000/resourceGroups/cli_test_managed_disk000001/providers/Microsoft.Compute/snapshots/s1\"\
        \r\n        },\r\n        \"caching\": \"None\",\r\n        \"storageAccountType\"\
        : \"Standard_LRS\"\r\n      },\r\n      \"dataDisks\": [\r\n        {\r\n\
        \          \"lun\": 0,\r\n          \"diskSizeGB\": 10,\r\n          \"snapshot\"\
        : {\r\n            \"id\": \"/subscriptions/00000000-0000-0000-0000-000000000000/resourceGroups/cli_test_managed_disk000001/providers/Microsoft.Compute/snapshots/s2\"\
        \r\n          },\r\n          \"caching\": \"None\",\r\n          \"storageAccountType\"\
        : \"Standard_LRS\"\r\n        },\r\n        {\r\n          \"lun\": 1,\r\n\
        \          \"diskSizeGB\": 10,\r\n          \"managedDisk\": {\r\n       \
        \     \"id\": \"/subscriptions/00000000-0000-0000-0000-000000000000/resourceGroups/cli_test_managed_disk000001/providers/Microsoft.Compute/disks/d1\"\
        \r\n          },\r\n          \"caching\": \"None\",\r\n          \"storageAccountType\"\
        : \"Standard_LRS\"\r\n        },\r\n        {\r\n          \"lun\": 2,\r\n\
        \          \"diskSizeGB\": 10,\r\n          \"managedDisk\": {\r\n       \
        \     \"id\": \"/subscriptions/00000000-0000-0000-0000-000000000000/resourceGroups/cli_test_managed_disk000001/providers/Microsoft.Compute/disks/d2\"\
        \r\n          },\r\n          \"caching\": \"None\",\r\n          \"storageAccountType\"\
        : \"Standard_LRS\"\r\n        }\r\n      ]\r\n    },\r\n    \"provisioningState\"\
        : \"Succeeded\"\r\n  },\r\n  \"type\": \"Microsoft.Compute/images\",\r\n \
        \ \"location\": \"westus\",\r\n  \"tags\": {\r\n    \"tag1\": \"i1\"\r\n \
        \ },\r\n  \"id\": \"/subscriptions/00000000-0000-0000-0000-000000000000/resourceGroups/cli_test_managed_disk000001/providers/Microsoft.Compute/images/i1\"\
        ,\r\n  \"name\": \"i1\"\r\n}"}
    headers:
      cache-control: [no-cache]
      content-length: ['2053']
      content-type: [application/json; charset=utf-8]
      date: ['Tue, 19 Dec 2017 22:31:27 GMT']
      expires: ['-1']
      pragma: [no-cache]
      server: [Microsoft-HTTPAPI/2.0, Microsoft-HTTPAPI/2.0]
      strict-transport-security: [max-age=31536000; includeSubDomains]
      transfer-encoding: [chunked]
      vary: [Accept-Encoding]
      x-ms-ratelimit-remaining-resource: ['Microsoft.Compute/GetImages3Min;358,Microsoft.Compute/GetImages30Min;2498']
    status: {code: 200, message: OK}
- request:
    body: null
    headers:
      Accept: [application/json]
      Accept-Encoding: ['gzip, deflate']
      CommandName: [group delete]
      Connection: [keep-alive]
      Content-Length: ['0']
      Content-Type: [application/json; charset=utf-8]
      User-Agent: [python/3.5.3 (Windows-10-10.0.16299-SP0) requests/2.18.4 msrest/0.4.22
          msrest_azure/0.4.19 resourcemanagementclient/1.2.1 Azure-SDK-For-Python
          AZURECLI/2.0.24]
      accept-language: [en-US]
    method: DELETE
    uri: https://management.azure.com/subscriptions/00000000-0000-0000-0000-000000000000/resourcegroups/cli_test_managed_disk000001?api-version=2017-05-10
  response:
    body: {string: ''}
    headers:
      cache-control: [no-cache]
      content-length: ['0']
      date: ['Tue, 19 Dec 2017 22:31:28 GMT']
      expires: ['-1']
      location: ['https://management.azure.com/subscriptions/00000000-0000-0000-0000-000000000000/operationresults/eyJqb2JJZCI6IlJFU09VUkNFR1JPVVBERUxFVElPTkpPQi1DTEk6NUZURVNUOjVGTUFOQUdFRDo1RkRJU0tUSVhPNlRCVlcyR1NIS1RPSTZITnwxQjkxNzBEOEQyN0NFMTYyLVdFU1RVUyIsImpvYkxvY2F0aW9uIjoid2VzdHVzIn0?api-version=2017-05-10']
      pragma: [no-cache]
      strict-transport-security: [max-age=31536000; includeSubDomains]
      x-ms-ratelimit-remaining-subscription-writes: ['1198']
    status: {code: 202, message: Accepted}
version: 1
