interactions:
- request:
    body: '{"tags": {"date": "2018-07-15T00:14:26Z", "product": "azurecli", "cause":
      "automation"}, "location": "westus"}'
    headers:
      Accept: [application/json]
      Accept-Encoding: ['gzip, deflate']
      CommandName: [group create]
      Connection: [keep-alive]
      Content-Length: ['110']
      Content-Type: [application/json; charset=utf-8]
      User-Agent: [python/3.5.4 (Windows-10-10.0.17134-SP0) requests/2.19.1 msrest/0.5.1
          msrest_azure/0.4.34 resourcemanagementclient/2.0.0rc3 Azure-SDK-For-Python
          AZURECLI/2.0.43]
      accept-language: [en-US]
    method: PUT
    uri: https://management.azure.com/subscriptions/00000000-0000-0000-0000-000000000000/resourcegroups/cli_test_vmss_create_options000001?api-version=2018-05-01
  response:
    body: {string: '{"id":"/subscriptions/00000000-0000-0000-0000-000000000000/resourceGroups/cli_test_vmss_create_options000001","name":"cli_test_vmss_create_options000001","location":"westus","tags":{"date":"2018-07-15T00:14:26Z","product":"azurecli","cause":"automation"},"properties":{"provisioningState":"Succeeded"}}'}
    headers:
      cache-control: [no-cache]
      content-length: ['384']
      content-type: [application/json; charset=utf-8]
      date: ['Sun, 15 Jul 2018 00:14:33 GMT']
      expires: ['-1']
      pragma: [no-cache]
      strict-transport-security: [max-age=31536000; includeSubDomains]
      x-content-type-options: [nosniff]
      x-ms-ratelimit-remaining-subscription-writes: ['1197']
    status: {code: 201, message: Created}
- request:
    body: null
    headers:
      Accept: [application/json]
      Accept-Encoding: ['gzip, deflate']
      CommandName: [network public-ip create]
      Connection: [keep-alive]
      Content-Type: [application/json; charset=utf-8]
      User-Agent: [python/3.5.4 (Windows-10-10.0.17134-SP0) requests/2.19.1 msrest/0.5.1
          msrest_azure/0.4.34 resourcemanagementclient/2.0.0rc3 Azure-SDK-For-Python
          AZURECLI/2.0.43]
      accept-language: [en-US]
    method: GET
    uri: https://management.azure.com/subscriptions/00000000-0000-0000-0000-000000000000/resourcegroups/cli_test_vmss_create_options000001?api-version=2018-05-01
  response:
    body: {string: '{"id":"/subscriptions/00000000-0000-0000-0000-000000000000/resourceGroups/cli_test_vmss_create_options000001","name":"cli_test_vmss_create_options000001","location":"westus","tags":{"date":"2018-07-15T00:14:26Z","product":"azurecli","cause":"automation"},"properties":{"provisioningState":"Succeeded"}}'}
    headers:
      cache-control: [no-cache]
      content-length: ['384']
      content-type: [application/json; charset=utf-8]
      date: ['Sun, 15 Jul 2018 00:14:33 GMT']
      expires: ['-1']
      pragma: [no-cache]
      strict-transport-security: [max-age=31536000; includeSubDomains]
      vary: [Accept-Encoding]
      x-content-type-options: [nosniff]
    status: {code: 200, message: OK}
- request:
    body: '{"properties": {"publicIPAllocationMethod": "Dynamic", "idleTimeoutInMinutes":
      4, "publicIPAddressVersion": "IPv4"}, "sku": {"name": "Basic"}, "location":
      "westus"}'
    headers:
      Accept: [application/json]
      Accept-Encoding: ['gzip, deflate']
      CommandName: [network public-ip create]
      Connection: [keep-alive]
      Content-Length: ['164']
      Content-Type: [application/json; charset=utf-8]
      User-Agent: [python/3.5.4 (Windows-10-10.0.17134-SP0) requests/2.19.1 msrest/0.5.1
          msrest_azure/0.4.34 networkmanagementclient/2.0.0rc3 Azure-SDK-For-Python
          AZURECLI/2.0.43]
      accept-language: [en-US]
    method: PUT
    uri: https://management.azure.com/subscriptions/00000000-0000-0000-0000-000000000000/resourceGroups/cli_test_vmss_create_options000001/providers/Microsoft.Network/publicIPAddresses/vrfpubip?api-version=2018-02-01
  response:
    body: {string: "{\r\n  \"name\": \"vrfpubip\",\r\n  \"id\": \"/subscriptions/00000000-0000-0000-0000-000000000000/resourceGroups/cli_test_vmss_create_options000001/providers/Microsoft.Network/publicIPAddresses/vrfpubip\",\r\n
        \ \"etag\": \"W/\\\"6bb50308-687a-44c8-906b-252024481a9b\\\"\",\r\n  \"location\":
        \"westus\",\r\n  \"properties\": {\r\n    \"provisioningState\": \"Updating\",\r\n
        \   \"resourceGuid\": \"326d7d7e-f498-455a-87e3-242d7f451fdc\",\r\n    \"publicIPAddressVersion\":
        \"IPv4\",\r\n    \"publicIPAllocationMethod\": \"Dynamic\",\r\n    \"idleTimeoutInMinutes\":
        4,\r\n    \"ipTags\": []\r\n  },\r\n  \"type\": \"Microsoft.Network/publicIPAddresses\",\r\n
        \ \"sku\": {\r\n    \"name\": \"Basic\",\r\n    \"tier\": \"Regional\"\r\n
        \ }\r\n}"}
    headers:
      azure-asyncoperation: ['https://management.azure.com/subscriptions/00000000-0000-0000-0000-000000000000/providers/Microsoft.Network/locations/westus/operations/d7c9baaf-292b-4512-821f-cd23f7456f41?api-version=2018-02-01']
      cache-control: [no-cache]
      content-length: ['689']
      content-type: [application/json; charset=utf-8]
      date: ['Sun, 15 Jul 2018 00:14:36 GMT']
      expires: ['-1']
      pragma: [no-cache]
      server: [Microsoft-HTTPAPI/2.0, Microsoft-HTTPAPI/2.0]
      strict-transport-security: [max-age=31536000; includeSubDomains]
      x-content-type-options: [nosniff]
      x-ms-ratelimit-remaining-subscription-writes: ['1198']
    status: {code: 201, message: Created}
- request:
    body: null
    headers:
      Accept: [application/json]
      Accept-Encoding: ['gzip, deflate']
      CommandName: [network public-ip create]
      Connection: [keep-alive]
      User-Agent: [python/3.5.4 (Windows-10-10.0.17134-SP0) requests/2.19.1 msrest/0.5.1
          msrest_azure/0.4.34 networkmanagementclient/2.0.0rc3 Azure-SDK-For-Python
          AZURECLI/2.0.43]
    method: GET
    uri: https://management.azure.com/subscriptions/00000000-0000-0000-0000-000000000000/providers/Microsoft.Network/locations/westus/operations/d7c9baaf-292b-4512-821f-cd23f7456f41?api-version=2018-02-01
  response:
    body: {string: "{\r\n  \"status\": \"Succeeded\"\r\n}"}
    headers:
      cache-control: [no-cache]
      content-length: ['29']
      content-type: [application/json; charset=utf-8]
      date: ['Sun, 15 Jul 2018 00:14:40 GMT']
      expires: ['-1']
      pragma: [no-cache]
      server: [Microsoft-HTTPAPI/2.0, Microsoft-HTTPAPI/2.0]
      strict-transport-security: [max-age=31536000; includeSubDomains]
      transfer-encoding: [chunked]
      vary: [Accept-Encoding]
      x-content-type-options: [nosniff]
    status: {code: 200, message: OK}
- request:
    body: null
    headers:
      Accept: [application/json]
      Accept-Encoding: ['gzip, deflate']
      CommandName: [network public-ip create]
      Connection: [keep-alive]
      User-Agent: [python/3.5.4 (Windows-10-10.0.17134-SP0) requests/2.19.1 msrest/0.5.1
          msrest_azure/0.4.34 networkmanagementclient/2.0.0rc3 Azure-SDK-For-Python
          AZURECLI/2.0.43]
    method: GET
    uri: https://management.azure.com/subscriptions/00000000-0000-0000-0000-000000000000/resourceGroups/cli_test_vmss_create_options000001/providers/Microsoft.Network/publicIPAddresses/vrfpubip?api-version=2018-02-01
  response:
    body: {string: "{\r\n  \"name\": \"vrfpubip\",\r\n  \"id\": \"/subscriptions/00000000-0000-0000-0000-000000000000/resourceGroups/cli_test_vmss_create_options000001/providers/Microsoft.Network/publicIPAddresses/vrfpubip\",\r\n
        \ \"etag\": \"W/\\\"edc94701-8615-48bb-a2c2-82e45b90fc8d\\\"\",\r\n  \"location\":
        \"westus\",\r\n  \"properties\": {\r\n    \"provisioningState\": \"Succeeded\",\r\n
        \   \"resourceGuid\": \"326d7d7e-f498-455a-87e3-242d7f451fdc\",\r\n    \"publicIPAddressVersion\":
        \"IPv4\",\r\n    \"publicIPAllocationMethod\": \"Dynamic\",\r\n    \"idleTimeoutInMinutes\":
        4,\r\n    \"ipTags\": []\r\n  },\r\n  \"type\": \"Microsoft.Network/publicIPAddresses\",\r\n
        \ \"sku\": {\r\n    \"name\": \"Basic\",\r\n    \"tier\": \"Regional\"\r\n
        \ }\r\n}"}
    headers:
      cache-control: [no-cache]
      content-length: ['690']
      content-type: [application/json; charset=utf-8]
      date: ['Sun, 15 Jul 2018 00:14:40 GMT']
      etag: [W/"edc94701-8615-48bb-a2c2-82e45b90fc8d"]
      expires: ['-1']
      pragma: [no-cache]
      server: [Microsoft-HTTPAPI/2.0, Microsoft-HTTPAPI/2.0]
      strict-transport-security: [max-age=31536000; includeSubDomains]
      transfer-encoding: [chunked]
      vary: [Accept-Encoding]
      x-content-type-options: [nosniff]
    status: {code: 200, message: OK}
- request:
    body: null
    headers:
      Accept: ['*/*']
      Accept-Encoding: ['gzip, deflate']
      Connection: [keep-alive]
      User-Agent: [python-requests/2.19.1]
    method: GET
    uri: https://raw.githubusercontent.com/Azure/azure-rest-api-specs/master/arm-compute/quickstart-templates/aliases.json
  response:
    body: {string: "{\n  \"$schema\":\"http://schema.management.azure.com/schemas/2015-01-01/deploymentTemplate.json\",\n
        \ \"contentVersion\":\"1.0.0.0\",\n  \"parameters\":{},\n  \"variables\":{},\n
        \ \"resources\":[],\n\n  \"outputs\":{\n    \"aliases\":{\n      \"type\":\"object\",\n
        \     \"value\":{\n\n        \"Linux\":{\n          \"CentOS\":{\n            \"publisher\":\"OpenLogic\",\n
        \           \"offer\":\"CentOS\",\n            \"sku\":\"7.3\",\n            \"version\":\"latest\"\n
        \         },\n          \"CoreOS\":{\n            \"publisher\":\"CoreOS\",\n
        \           \"offer\":\"CoreOS\",\n            \"sku\":\"Stable\",\n            \"version\":\"latest\"\n
        \         },\n          \"Debian\":{\n            \"publisher\":\"credativ\",\n
        \           \"offer\":\"Debian\",\n            \"sku\":\"8\",\n            \"version\":\"latest\"\n
        \         },\n          \"openSUSE-Leap\": {\n            \"publisher\":\"SUSE\",\n
        \           \"offer\":\"openSUSE-Leap\",\n            \"sku\":\"42.3\",\n
        \           \"version\": \"latest\"\n          },\n          \"RHEL\":{\n
        \           \"publisher\":\"RedHat\",\n            \"offer\":\"RHEL\",\n            \"sku\":\"7.3\",\n
        \           \"version\":\"latest\"\n          },\n          \"SLES\":{\n            \"publisher\":\"SUSE\",\n
        \           \"offer\":\"SLES\",\n            \"sku\":\"12-SP2\",\n            \"version\":\"latest\"\n
        \         },\n          \"UbuntuLTS\":{\n            \"publisher\":\"Canonical\",\n
        \           \"offer\":\"UbuntuServer\",\n            \"sku\":\"16.04-LTS\",\n
        \           \"version\":\"latest\"\n          }\n        },\n\n        \"Windows\":{\n
        \         \"Win2016Datacenter\":{\n            \"publisher\":\"MicrosoftWindowsServer\",\n
        \           \"offer\":\"WindowsServer\",\n            \"sku\":\"2016-Datacenter\",\n
        \           \"version\":\"latest\"\n          },\n          \"Win2012R2Datacenter\":{\n
        \           \"publisher\":\"MicrosoftWindowsServer\",\n            \"offer\":\"WindowsServer\",\n
        \           \"sku\":\"2012-R2-Datacenter\",\n            \"version\":\"latest\"\n
        \         },\n          \"Win2012Datacenter\":{\n            \"publisher\":\"MicrosoftWindowsServer\",\n
        \           \"offer\":\"WindowsServer\",\n            \"sku\":\"2012-Datacenter\",\n
        \           \"version\":\"latest\"\n          },\n          \"Win2008R2SP1\":{\n
        \           \"publisher\":\"MicrosoftWindowsServer\",\n            \"offer\":\"WindowsServer\",\n
        \           \"sku\":\"2008-R2-SP1\",\n            \"version\":\"latest\"\n
        \         }\n        }\n      }\n    }\n  }\n}\n"}
    headers:
      accept-ranges: [bytes]
      access-control-allow-origin: ['*']
      cache-control: [max-age=300]
      connection: [keep-alive]
      content-length: ['2235']
      content-security-policy: [default-src 'none'; style-src 'unsafe-inline'; sandbox]
      content-type: [text/plain; charset=utf-8]
      date: ['Sun, 15 Jul 2018 00:14:42 GMT']
      etag: ['"60d07919b4224266adafb81340896eea100dc887"']
      expires: ['Sun, 15 Jul 2018 00:19:42 GMT']
      source-age: ['0']
      strict-transport-security: [max-age=31536000]
      vary: ['Authorization,Accept-Encoding']
      via: [1.1 varnish]
      x-cache: [MISS]
      x-cache-hits: ['0']
      x-content-type-options: [nosniff]
      x-fastly-request-id: [4e768fc77888e54d25688ea4ee9cc778c9fab476]
      x-frame-options: [deny]
      x-geo-block-list: ['']
      x-github-request-id: ['26DC:5C5D:3724F8A:3A0DEBD:5B4A91F1']
      x-served-by: [cache-sea1049-SEA]
      x-timer: ['S1531613682.298526,VS0,VE91']
      x-xss-protection: [1; mode=block]
    status: {code: 200, message: OK}
- request:
    body: null
    headers:
      Accept: [application/json]
      Accept-Encoding: ['gzip, deflate']
      CommandName: [vmss create]
      Connection: [keep-alive]
      Content-Type: [application/json; charset=utf-8]
      User-Agent: [python/3.5.4 (Windows-10-10.0.17134-SP0) requests/2.19.1 msrest/0.5.1
          msrest_azure/0.4.34 networkmanagementclient/2.0.0rc3 Azure-SDK-For-Python
          AZURECLI/2.0.43]
      accept-language: [en-US]
    method: GET
    uri: https://management.azure.com/subscriptions/00000000-0000-0000-0000-000000000000/resourceGroups/cli_test_vmss_create_options000001/providers/Microsoft.Network/virtualNetworks?api-version=2018-01-01
  response:
    body: {string: '{"value":[]}'}
    headers:
      cache-control: [no-cache]
      content-length: ['12']
      content-type: [application/json; charset=utf-8]
      date: ['Sun, 15 Jul 2018 00:14:42 GMT']
      expires: ['-1']
      pragma: [no-cache]
      strict-transport-security: [max-age=31536000; includeSubDomains]
      vary: [Accept-Encoding]
      x-content-type-options: [nosniff]
    status: {code: 200, message: OK}
- request:
    body: null
    headers:
      Accept: [application/json]
      Accept-Encoding: ['gzip, deflate']
      CommandName: [vmss create]
      Connection: [keep-alive]
      Content-Type: [application/json; charset=utf-8]
      User-Agent: [python/3.5.4 (Windows-10-10.0.17134-SP0) requests/2.19.1 msrest/0.5.1
          msrest_azure/0.4.34 resourcemanagementclient/2.0.0rc3 Azure-SDK-For-Python
          AZURECLI/2.0.43]
      accept-language: [en-US]
    method: GET
    uri: https://management.azure.com/subscriptions/00000000-0000-0000-0000-000000000000/providers/Microsoft.Network?api-version=2018-05-01
  response:
    body: {string: '{"id":"/subscriptions/00000000-0000-0000-0000-000000000000/providers/Microsoft.Network","namespace":"Microsoft.Network","authorizations":[{"applicationId":"2cf9eb86-36b5-49dc-86ae-9a63135dfa8c","roleDefinitionId":"13ba9ab4-19f0-4804-adc4-14ece36cc7a1"},{"applicationId":"7c33bfcb-8d33-48d6-8e60-dc6404003489","roleDefinitionId":"ad6261e4-fa9a-4642-aa5f-104f1b67e9e3"},{"applicationId":"1e3e4475-288f-4018-a376-df66fd7fac5f","roleDefinitionId":"1d538b69-3d87-4e56-8ff8-25786fd48261"},{"applicationId":"a0be0c72-870e-46f0-9c49-c98333a996f7","roleDefinitionId":"7ce22727-ffce-45a9-930c-ddb2e56fa131"},{"applicationId":"486c78bf-a0f7-45f1-92fd-37215929e116","roleDefinitionId":"98a9e526-0a60-4c1f-a33a-ae46e1f8dc0d"}],"resourceTypes":[{"resourceType":"virtualNetworks","locations":["West
        US","East US","North Europe","West Europe","East Asia","Southeast Asia","North
        Central US","South Central US","Central US","East US 2","Japan East","Japan
        West","Brazil South","Australia East","Australia Southeast","Central India","South
        India","West India","Canada Central","Canada East","West Central US","West
        US 2","UK West","UK South","Korea Central","Korea South","France Central","Central
        US EUAP","East US 2 EUAP"],"apiVersions":["2018-07-01","2018-06-01","2018-05-01","2018-04-01","2018-03-01","2018-02-01","2018-01-01","2017-11-01","2017-10-01","2017-09-01","2017-08-01","2017-06-01","2017-04-01","2017-03-01","2016-12-01","2016-11-01","2016-10-01","2016-09-01","2016-08-01","2016-07-01","2016-06-01","2016-03-30","2015-06-15","2015-05-01-preview","2014-12-01-preview"],"apiProfiles":[{"profileVersion":"2017-03-09-profile","apiVersion":"2015-06-15"},{"profileVersion":"2018-03-01-hybrid","apiVersion":"2017-10-01"}],"capabilities":"CrossResourceGroupResourceMove,
        CrossSubscriptionResourceMove"},{"resourceType":"publicIPAddresses","locations":["West
        US","East US","North Europe","West Europe","East Asia","Southeast Asia","North
        Central US","South Central US","Central US","East US 2","Japan East","Japan
        West","Brazil South","Australia East","Australia Southeast","Central India","South
        India","West India","Canada Central","Canada East","West Central US","West
        US 2","UK West","UK South","Korea Central","Korea South","France Central","Central
        US EUAP","East US 2 EUAP"],"apiVersions":["2018-07-01","2018-06-01","2018-05-01","2018-04-01","2018-03-01","2018-02-01","2018-01-01","2017-11-01","2017-10-01","2017-09-01","2017-08-01","2017-06-01","2017-04-01","2017-03-01","2016-12-01","2016-11-01","2016-10-01","2016-09-01","2016-08-01","2016-07-01","2016-06-01","2016-03-30","2015-06-15","2015-05-01-preview","2014-12-01-preview"],"apiProfiles":[{"profileVersion":"2017-03-09-profile","apiVersion":"2015-06-15"},{"profileVersion":"2018-03-01-hybrid","apiVersion":"2017-10-01"}],"zoneMappings":[{"location":"East
        US 2","zones":["1","2","3"]},{"location":"Central US","zones":["1","2","3"]},{"location":"West
        Europe","zones":["1","2","3"]},{"location":"East US 2 EUAP","zones":["1","2","3"]},{"location":"Central
        US EUAP","zones":["1","2"]},{"location":"France Central","zones":["1","2","3"]},{"location":"Southeast
        Asia","zones":["1","2","3"]},{"location":"West US 2","zones":["1","2","3"]}],"capabilities":"CrossResourceGroupResourceMove,
        CrossSubscriptionResourceMove"},{"resourceType":"networkInterfaces","locations":["West
        US","East US","North Europe","West Europe","East Asia","Southeast Asia","North
        Central US","South Central US","Central US","East US 2","Japan East","Japan
        West","Brazil South","Australia East","Australia Southeast","Central India","South
        India","West India","Canada Central","Canada East","West Central US","West
        US 2","UK West","UK South","Korea Central","Korea South","France Central","Central
        US EUAP","East US 2 EUAP"],"apiVersions":["2018-07-01","2018-06-01","2018-05-01","2018-04-01","2018-03-01","2018-02-01","2018-01-01","2017-11-01","2017-10-01","2017-09-01","2017-08-01","2017-06-01","2017-04-01","2017-03-01","2016-12-01","2016-11-01","2016-10-01","2016-09-01","2016-08-01","2016-07-01","2016-06-01","2016-03-30","2015-06-15","2015-05-01-preview","2014-12-01-preview"],"apiProfiles":[{"profileVersion":"2017-03-09-profile","apiVersion":"2015-06-15"},{"profileVersion":"2018-03-01-hybrid","apiVersion":"2017-10-01"}],"capabilities":"CrossResourceGroupResourceMove,
        CrossSubscriptionResourceMove"},{"resourceType":"loadBalancers","locations":["West
        US","East US","North Europe","West Europe","East Asia","Southeast Asia","North
        Central US","South Central US","Central US","East US 2","Japan East","Japan
        West","Brazil South","Australia East","Australia Southeast","Central India","South
        India","West India","Canada Central","Canada East","West Central US","West
        US 2","UK West","UK South","Korea Central","Korea South","France Central","Central
        US EUAP","East US 2 EUAP"],"apiVersions":["2018-07-01","2018-06-01","2018-05-01","2018-04-01","2018-03-01","2018-02-01","2018-01-01","2017-11-01","2017-10-01","2017-09-01","2017-08-01","2017-06-01","2017-04-01","2017-03-01","2016-12-01","2016-11-01","2016-10-01","2016-09-01","2016-08-01","2016-07-01","2016-06-01","2016-03-30","2015-06-15","2015-05-01-preview","2014-12-01-preview"],"apiProfiles":[{"profileVersion":"2017-03-09-profile","apiVersion":"2015-06-15"},{"profileVersion":"2018-03-01-hybrid","apiVersion":"2017-10-01"}],"capabilities":"CrossResourceGroupResourceMove,
        CrossSubscriptionResourceMove"},{"resourceType":"networkSecurityGroups","locations":["West
        US","East US","North Europe","West Europe","East Asia","Southeast Asia","North
        Central US","South Central US","Central US","East US 2","Japan East","Japan
        West","Brazil South","Australia East","Australia Southeast","Central India","South
        India","West India","Canada Central","Canada East","West Central US","West
        US 2","UK West","UK South","Korea Central","Korea South","France Central","Central
        US EUAP","East US 2 EUAP"],"apiVersions":["2018-07-01","2018-06-01","2018-05-01","2018-04-01","2018-03-01","2018-02-01","2018-01-01","2017-11-01","2017-10-01","2017-09-01","2017-08-01","2017-06-01","2017-04-01","2017-03-01","2016-12-01","2016-11-01","2016-10-01","2016-09-01","2016-08-01","2016-07-01","2016-06-01","2016-03-30","2015-06-15","2015-05-01-preview","2014-12-01-preview"],"apiProfiles":[{"profileVersion":"2017-03-09-profile","apiVersion":"2015-06-15"},{"profileVersion":"2018-03-01-hybrid","apiVersion":"2017-10-01"}],"capabilities":"CrossResourceGroupResourceMove,
        CrossSubscriptionResourceMove"},{"resourceType":"applicationSecurityGroups","locations":["West
        US","East US","North Europe","West Europe","East Asia","Southeast Asia","North
        Central US","South Central US","Central US","East US 2","Japan East","Japan
        West","Brazil South","Australia East","Australia Southeast","Central India","South
        India","West India","Canada Central","Canada East","West Central US","West
        US 2","UK West","UK South","Korea Central","Korea South","France Central","Central
        US EUAP","East US 2 EUAP"],"apiVersions":["2018-07-01","2018-06-01","2018-05-01","2018-04-01","2018-03-01","2018-02-01","2018-01-01","2017-11-01","2017-10-01","2017-09-01"],"apiProfiles":[{"profileVersion":"2017-03-09-profile","apiVersion":"2017-09-01"},{"profileVersion":"2018-03-01-hybrid","apiVersion":"2017-10-01"}],"capabilities":"CrossResourceGroupResourceMove,
        CrossSubscriptionResourceMove"},{"resourceType":"networkIntentPolicies","locations":["West
        US","East US","North Europe","West Europe","East Asia","Southeast Asia","North
        Central US","South Central US","Central US","East US 2","Japan East","Japan
        West","Brazil South","Australia East","Australia Southeast","Central India","South
        India","West India","Canada Central","Canada East","West Central US","West
        US 2","UK West","UK South","Korea Central","Korea South","France Central","France
        South","Central US EUAP","East US 2 EUAP"],"apiVersions":["2018-07-01","2018-06-01","2018-05-01","2018-04-01"],"capabilities":"CrossResourceGroupResourceMove,
        CrossSubscriptionResourceMove"},{"resourceType":"routeTables","locations":["West
        US","East US","North Europe","West Europe","East Asia","Southeast Asia","North
        Central US","South Central US","Central US","East US 2","Japan East","Japan
        West","Brazil South","Australia East","Australia Southeast","Central India","South
        India","West India","Canada Central","Canada East","West Central US","West
        US 2","UK West","UK South","Korea Central","Korea South","France Central","Central
        US EUAP","East US 2 EUAP"],"apiVersions":["2018-07-01","2018-06-01","2018-05-01","2018-04-01","2018-03-01","2018-02-01","2018-01-01","2017-11-01","2017-10-01","2017-09-01","2017-08-01","2017-06-01","2017-04-01","2017-03-01","2016-12-01","2016-11-01","2016-10-01","2016-09-01","2016-08-01","2016-07-01","2016-06-01","2016-03-30","2015-06-15","2015-05-01-preview","2014-12-01-preview"],"apiProfiles":[{"profileVersion":"2017-03-09-profile","apiVersion":"2015-06-15"},{"profileVersion":"2018-03-01-hybrid","apiVersion":"2017-10-01"}],"capabilities":"CrossResourceGroupResourceMove,
        CrossSubscriptionResourceMove"},{"resourceType":"publicIPPrefixes","locations":["West
        US","East US","North Europe","West Europe","East Asia","Southeast Asia","North
        Central US","South Central US","Central US","East US 2","Japan East","Japan
        West","Brazil South","Australia East","Australia Southeast","Central India","South
        India","West India","Canada Central","Canada East","West Central US","West
        US 2","UK West","UK South","Korea Central","Korea South","France Central","Central
        US EUAP","East US 2 EUAP"],"apiVersions":["2018-07-01"],"zoneMappings":[{"location":"East
        US 2","zones":["1","2","3"]},{"location":"Central US","zones":["1","2","3"]},{"location":"West
        Europe","zones":["1","2","3"]},{"location":"East US 2 EUAP","zones":["1","2","3"]},{"location":"Central
        US EUAP","zones":["1","2"]},{"location":"France Central","zones":["1","2","3"]},{"location":"Southeast
        Asia","zones":["1","2","3"]},{"location":"West US 2","zones":["1","2","3"]}],"capabilities":"CrossResourceGroupResourceMove,
        CrossSubscriptionResourceMove"},{"resourceType":"networkWatchers","locations":["West
        US","East US","North Europe","West Europe","East Asia","Southeast Asia","North
        Central US","South Central US","Central US","East US 2","Japan East","Japan
        West","Brazil South","Australia East","Australia Southeast","Central India","South
        India","West India","Canada Central","Canada East","West Central US","West
        US 2","UK West","UK South","Korea Central","Korea South","France Central","Central
        US EUAP","East US 2 EUAP"],"apiVersions":["2018-07-01","2018-06-01","2018-05-01","2018-04-01","2018-03-01","2018-02-01","2018-01-01","2017-11-01","2017-10-01","2017-09-01","2017-08-01","2017-06-01","2017-04-01","2017-03-01","2016-12-01","2016-11-01","2016-10-01","2016-09-01","2016-08-01","2016-07-01","2016-06-01","2016-03-30"],"capabilities":"CrossResourceGroupResourceMove,
        CrossSubscriptionResourceMove"},{"resourceType":"networkWatchers/connectionMonitors","locations":["West
        US","East US","North Europe","West Europe","East Asia","Southeast Asia","North
        Central US","South Central US","Central US","East US 2","Japan East","Japan
        West","Brazil South","Australia East","Australia Southeast","Central India","South
        India","West India","Canada Central","Canada East","West Central US","West
        US 2","UK West","UK South","Korea Central","Korea South","France Central","Central
        US EUAP","East US 2 EUAP"],"apiVersions":["2018-07-01","2018-06-01","2018-05-01","2018-04-01","2018-03-01","2018-02-01","2018-01-01","2017-11-01","2017-10-01","2017-09-01"],"capabilities":"CrossResourceGroupResourceMove,
        CrossSubscriptionResourceMove"},{"resourceType":"networkWatchers/lenses","locations":["West
        US","East US","North Europe","West Europe","East Asia","Southeast Asia","North
        Central US","South Central US","Central US","East US 2","Japan East","Japan
        West","Brazil South","Australia East","Australia Southeast","Central India","South
        India","West India","Canada Central","Canada East","West Central US","West
        US 2","UK West","UK South","Korea Central","Korea South","France Central","Central
        US EUAP","East US 2 EUAP"],"apiVersions":["2018-07-01","2018-06-01","2018-01-01","2017-11-01","2017-10-01","2017-09-01"],"capabilities":"CrossResourceGroupResourceMove,
        CrossSubscriptionResourceMove"},{"resourceType":"virtualNetworkGateways","locations":["West
        US","East US","North Europe","West Europe","East Asia","Southeast Asia","North
        Central US","South Central US","Central US","East US 2","Japan East","Japan
        West","Brazil South","Australia East","Australia Southeast","Central India","South
        India","West India","Canada Central","Canada East","West Central US","West
        US 2","UK West","UK South","Korea Central","Korea South","France Central","Central
        US EUAP","East US 2 EUAP"],"apiVersions":["2018-07-01","2018-06-01","2018-05-01","2018-04-01","2018-03-01","2018-02-01","2018-01-01","2017-11-01","2017-10-01","2017-09-01","2017-08-01","2017-06-01","2017-04-01","2017-03-01","2016-12-01","2016-11-01","2016-10-01","2016-09-01","2016-08-01","2016-07-01","2016-06-01","2016-03-30","2015-06-15","2015-05-01-preview","2014-12-01-preview"],"apiProfiles":[{"profileVersion":"2017-03-09-profile","apiVersion":"2015-06-15"},{"profileVersion":"2018-03-01-hybrid","apiVersion":"2017-03-01"}],"capabilities":"CrossResourceGroupResourceMove,
        CrossSubscriptionResourceMove"},{"resourceType":"localNetworkGateways","locations":["West
        US","East US","North Europe","West Europe","East Asia","Southeast Asia","North
        Central US","South Central US","Central US","East US 2","Japan East","Japan
        West","Brazil South","Australia East","Australia Southeast","Central India","South
        India","West India","Canada Central","Canada East","West Central US","West
        US 2","UK West","UK South","Korea Central","Korea South","France Central","Central
        US EUAP","East US 2 EUAP"],"apiVersions":["2018-07-01","2018-06-01","2018-05-01","2018-04-01","2018-03-01","2018-02-01","2018-01-01","2017-11-01","2017-10-01","2017-09-01","2017-08-01","2017-06-01","2017-04-01","2017-03-01","2016-12-01","2016-11-01","2016-10-01","2016-09-01","2016-08-01","2016-07-01","2016-06-01","2016-03-30","2015-06-15","2015-05-01-preview","2014-12-01-preview"],"apiProfiles":[{"profileVersion":"2017-03-09-profile","apiVersion":"2015-06-15"},{"profileVersion":"2018-03-01-hybrid","apiVersion":"2017-03-01"}],"capabilities":"CrossResourceGroupResourceMove,
        CrossSubscriptionResourceMove"},{"resourceType":"connections","locations":["West
        US","East US","North Europe","West Europe","East Asia","Southeast Asia","North
        Central US","South Central US","Central US","East US 2","Japan East","Japan
        West","Brazil South","Australia East","Australia Southeast","Central India","South
        India","West India","Canada Central","Canada East","West Central US","West
        US 2","UK West","UK South","Korea Central","Korea South","France Central","Central
        US EUAP","East US 2 EUAP"],"apiVersions":["2018-07-01","2018-06-01","2018-05-01","2018-04-01","2018-03-01","2018-02-01","2018-01-01","2017-11-01","2017-10-01","2017-09-01","2017-08-01","2017-06-01","2017-04-01","2017-03-01","2016-12-01","2016-11-01","2016-10-01","2016-09-01","2016-08-01","2016-07-01","2016-06-01","2016-03-30","2015-06-15","2015-05-01-preview","2014-12-01-preview"],"apiProfiles":[{"profileVersion":"2017-03-09-profile","apiVersion":"2015-06-15"},{"profileVersion":"2018-03-01-hybrid","apiVersion":"2017-03-01"}],"capabilities":"CrossResourceGroupResourceMove,
        CrossSubscriptionResourceMove"},{"resourceType":"applicationGateways","locations":["West
        US","East US","North Europe","West Europe","East Asia","Southeast Asia","North
        Central US","South Central US","Central US","East US 2","Japan East","Japan
        West","Brazil South","Australia East","Australia Southeast","Central India","South
        India","West India","Canada Central","Canada East","West Central US","West
        US 2","UK West","UK South","Korea Central","Korea South","France Central","Central
        US EUAP","East US 2 EUAP"],"apiVersions":["2018-07-01","2018-06-01","2018-05-01","2018-04-01","2018-03-01","2018-02-01","2018-01-01","2017-11-01","2017-10-01","2017-09-01","2017-08-01","2017-06-01","2017-04-01","2017-03-01","2016-12-01","2016-11-01","2016-10-01","2016-09-01","2016-08-01","2016-07-01","2016-06-01","2016-03-30","2015-06-15","2015-05-01-preview","2014-12-01-preview"],"capabilities":"None"},{"resourceType":"locations","locations":[],"apiVersions":["2018-07-01","2018-06-01","2018-05-01","2018-04-01","2018-03-01","2018-02-01","2018-01-01","2017-11-01","2017-10-01","2017-09-01","2017-08-01","2017-06-01","2017-04-01","2017-03-01","2016-12-01","2016-11-01","2016-10-01","2016-09-01","2016-08-01","2016-07-01","2016-06-01","2016-03-30","2015-06-15","2015-05-01-preview","2014-12-01-preview"],"apiProfiles":[{"profileVersion":"2017-03-09-profile","apiVersion":"2015-06-15"},{"profileVersion":"2018-03-01-hybrid","apiVersion":"2017-10-01"}]},{"resourceType":"locations/operations","locations":[],"apiVersions":["2018-07-01","2018-06-01","2018-05-01","2018-04-01","2018-03-01","2018-02-01","2018-01-01","2017-11-01","2017-10-01","2017-09-01","2017-08-01","2017-06-01","2017-04-01","2017-03-01","2016-12-01","2016-11-01","2016-10-01","2016-09-01","2016-08-01","2016-07-01","2016-06-01","2016-03-30","2015-06-15","2015-05-01-preview","2014-12-01-preview"],"apiProfiles":[{"profileVersion":"2017-03-09-profile","apiVersion":"2015-06-15"},{"profileVersion":"2018-03-01-hybrid","apiVersion":"2017-10-01"}]},{"resourceType":"locations/operationResults","locations":[],"apiVersions":["2018-07-01","2018-06-01","2018-05-01","2018-04-01","2018-03-01","2018-02-01","2018-01-01","2017-11-01","2017-10-01","2017-09-01","2017-08-01","2017-06-01","2017-04-01","2017-03-01","2016-12-01","2016-11-01","2016-10-01","2016-09-01","2016-08-01","2016-07-01","2016-06-01","2016-03-30","2015-06-15","2015-05-01-preview","2014-12-01-preview"],"apiProfiles":[{"profileVersion":"2017-03-09-profile","apiVersion":"2015-06-15"},{"profileVersion":"2018-03-01-hybrid","apiVersion":"2017-10-01"}]},{"resourceType":"locations/CheckDnsNameAvailability","locations":["West
        US","East US","North Europe","West Europe","East Asia","Southeast Asia","North
        Central US","South Central US","Central US","East US 2","Japan East","Japan
        West","Brazil South","Australia East","Australia Southeast","Central India","South
        India","West India","Canada Central","Canada East","West Central US","West
        US 2","UK West","UK South","Korea Central","Korea South","France Central","Central
        US EUAP","East US 2 EUAP"],"apiVersions":["2018-07-01","2018-06-01","2018-05-01","2018-04-01","2018-03-01","2018-02-01","2018-01-01","2017-11-01","2017-10-01","2017-09-01","2017-08-01","2017-06-01","2017-04-01","2017-03-01","2016-12-01","2016-11-01","2016-10-01","2016-09-01","2016-08-01","2016-07-01","2016-06-01","2016-03-30","2015-06-15","2015-05-01-preview","2014-12-01-preview"]},{"resourceType":"locations/usages","locations":["West
        US","East US","North Europe","West Europe","East Asia","Southeast Asia","North
        Central US","South Central US","Central US","East US 2","Japan East","Japan
        West","Brazil South","Australia East","Australia Southeast","Central India","South
        India","West India","Canada Central","Canada East","West Central US","West
        US 2","UK West","UK South","Korea Central","Korea South","France Central","Central
        US EUAP","East US 2 EUAP"],"apiVersions":["2018-07-01","2018-06-01","2018-05-01","2018-04-01","2018-03-01","2018-02-01","2018-01-01","2017-11-01","2017-10-01","2017-09-01","2017-08-01","2017-06-01","2017-04-01","2017-03-01","2016-12-01","2016-11-01","2016-10-01","2016-09-01","2016-08-01","2016-07-01","2016-06-01","2016-03-30","2015-06-15","2015-05-01-preview","2014-12-01-preview"],"apiProfiles":[{"profileVersion":"2017-03-09-profile","apiVersion":"2015-06-15"},{"profileVersion":"2018-03-01-hybrid","apiVersion":"2017-10-01"}]},{"resourceType":"locations/virtualNetworkAvailableEndpointServices","locations":["West
        US","East US","North Europe","West Europe","East Asia","Southeast Asia","North
        Central US","South Central US","Central US","East US 2","Japan East","Japan
        West","Brazil South","Australia East","Australia Southeast","Central India","South
        India","West India","Canada Central","Canada East","West Central US","West
        US 2","UK West","UK South","Korea Central","Korea South","France Central","Central
        US EUAP","East US 2 EUAP"],"apiVersions":["2018-07-01","2018-06-01","2018-05-01","2018-04-01","2018-03-01","2018-02-01","2018-01-01","2017-11-01","2017-10-01","2017-09-01","2017-08-01","2017-06-01","2017-04-01"]},{"resourceType":"locations/availableDelegations","locations":["West
        US","East US","North Europe","West Europe","East Asia","Southeast Asia","North
        Central US","South Central US","Central US","East US 2","Japan East","Japan
        West","Brazil South","Australia East","Australia Southeast","Central India","South
        India","West India","Canada Central","Canada East","West Central US","West
        US 2","UK West","UK South","Korea Central","Korea South","France Central","Central
        US EUAP","East US 2 EUAP"],"apiVersions":["2018-07-01","2018-06-01","2018-05-01","2018-04-01"]},{"resourceType":"locations/supportedVirtualMachineSizes","locations":["West
        US","East US","North Europe","West Europe","East Asia","Southeast Asia","North
        Central US","South Central US","Central US","East US 2","Japan East","Japan
        West","Brazil South","Australia East","Australia Southeast","Central India","South
        India","West India","Canada Central","Canada East","West Central US","West
        US 2","UK West","UK South","Korea Central","Korea South","France Central","Central
        US EUAP","East US 2 EUAP"],"apiVersions":["2018-07-01","2018-06-01","2018-05-01","2018-04-01"]},{"resourceType":"locations/checkAcceleratedNetworkingSupport","locations":["West
        US","East US","North Europe","West Europe","East Asia","Southeast Asia","North
        Central US","South Central US","Central US","East US 2","Japan East","Japan
        West","Brazil South","Australia East","Australia Southeast","Central India","South
        India","West India","Canada Central","Canada East","West Central US","West
        US 2","UK West","UK South","Korea Central","Korea South","France Central","Central
        US EUAP","East US 2 EUAP"],"apiVersions":["2018-07-01","2018-06-01","2018-05-01","2018-04-01"]},{"resourceType":"locations/validateResourceOwnership","locations":["West
        US","East US","North Europe","West Europe","East Asia","Southeast Asia","North
        Central US","South Central US","Central US","East US 2","Japan East","Japan
        West","Brazil South","Australia East","Australia Southeast","Central India","South
        India","West India","Canada Central","Canada East","West Central US","West
        US 2","UK West","UK South","Korea Central","Korea South","France Central","Central
        US EUAP","East US 2 EUAP"],"apiVersions":["2018-07-01","2018-06-01","2018-05-01","2018-04-01"]},{"resourceType":"locations/setResourceOwnership","locations":["West
        US","East US","North Europe","West Europe","East Asia","Southeast Asia","North
        Central US","South Central US","Central US","East US 2","Japan East","Japan
        West","Brazil South","Australia East","Australia Southeast","Central India","South
        India","West India","Canada Central","Canada East","West Central US","West
        US 2","UK West","UK South","Korea Central","Korea South","France Central","Central
        US EUAP","East US 2 EUAP"],"apiVersions":["2018-07-01","2018-06-01","2018-05-01","2018-04-01"]},{"resourceType":"locations/effectiveResourceOwnership","locations":["West
        US","East US","North Europe","West Europe","East Asia","Southeast Asia","North
        Central US","South Central US","Central US","East US 2","Japan East","Japan
        West","Brazil South","Australia East","Australia Southeast","Central India","South
        India","West India","Canada Central","Canada East","West Central US","West
        US 2","UK West","UK South","Korea Central","Korea South","France Central","Central
        US EUAP","East US 2 EUAP"],"apiVersions":["2018-07-01","2018-06-01","2018-05-01","2018-04-01"]},{"resourceType":"operations","locations":[],"apiVersions":["2018-07-01","2018-06-01","2018-05-01","2018-04-01","2018-03-01","2018-02-01","2018-01-01","2017-11-01","2017-10-01","2017-09-01","2017-08-01","2017-06-01","2017-04-01","2017-03-01","2016-12-01","2016-11-01","2016-10-01","2016-09-01","2016-08-01","2016-07-01","2016-06-01","2016-03-30","2015-06-15","2015-05-01-preview","2014-12-01-preview"]},{"resourceType":"dnszones","locations":["global"],"apiVersions":["2018-03-01-preview","2017-10-01","2017-09-15-preview","2017-09-01","2016-04-01","2015-05-04-preview"],"apiProfiles":[{"profileVersion":"2017-03-09-profile","apiVersion":"2016-04-01"},{"profileVersion":"2018-03-01-hybrid","apiVersion":"2017-10-01"}],"capabilities":"CrossResourceGroupResourceMove,
        CrossSubscriptionResourceMove"},{"resourceType":"dnsOperationResults","locations":["global"],"apiVersions":["2018-03-01-preview","2017-10-01","2017-09-15-preview","2017-09-01","2016-04-01"]},{"resourceType":"dnsOperationStatuses","locations":["global"],"apiVersions":["2018-03-01-preview","2017-10-01","2017-09-15-preview","2017-09-01","2016-04-01"]},{"resourceType":"dnszones/A","locations":["global"],"apiVersions":["2018-03-01-preview","2017-10-01","2017-09-15-preview","2017-09-01","2016-04-01","2015-05-04-preview"]},{"resourceType":"dnszones/AAAA","locations":["global"],"apiVersions":["2018-03-01-preview","2017-10-01","2017-09-15-preview","2017-09-01","2016-04-01","2015-05-04-preview"]},{"resourceType":"dnszones/CNAME","locations":["global"],"apiVersions":["2018-03-01-preview","2017-10-01","2017-09-15-preview","2017-09-01","2016-04-01","2015-05-04-preview"]},{"resourceType":"dnszones/PTR","locations":["global"],"apiVersions":["2018-03-01-preview","2017-10-01","2017-09-15-preview","2017-09-01","2016-04-01","2015-05-04-preview"]},{"resourceType":"dnszones/MX","locations":["global"],"apiVersions":["2018-03-01-preview","2017-10-01","2017-09-15-preview","2017-09-01","2016-04-01","2015-05-04-preview"]},{"resourceType":"dnszones/TXT","locations":["global"],"apiVersions":["2018-03-01-preview","2017-10-01","2017-09-15-preview","2017-09-01","2016-04-01","2015-05-04-preview"]},{"resourceType":"dnszones/SRV","locations":["global"],"apiVersions":["2018-03-01-preview","2017-10-01","2017-09-15-preview","2017-09-01","2016-04-01","2015-05-04-preview"]},{"resourceType":"dnszones/SOA","locations":["global"],"apiVersions":["2018-03-01-preview","2017-10-01","2017-09-15-preview","2017-09-01","2016-04-01","2015-05-04-preview"]},{"resourceType":"dnszones/NS","locations":["global"],"apiVersions":["2018-03-01-preview","2017-10-01","2017-09-15-preview","2017-09-01","2016-04-01","2015-05-04-preview"]},{"resourceType":"dnszones/CAA","locations":["global"],"apiVersions":["2018-03-01-preview","2017-10-01","2017-09-15-preview","2017-09-01"]},{"resourceType":"dnszones/recordsets","locations":["global"],"apiVersions":["2018-03-01-preview","2017-10-01","2017-09-15-preview","2017-09-01","2016-04-01","2015-05-04-preview"]},{"resourceType":"dnszones/all","locations":["global"],"apiVersions":["2018-03-01-preview","2017-10-01","2017-09-15-preview","2017-09-01","2016-04-01","2015-05-04-preview"]},{"resourceType":"trafficmanagerprofiles","locations":["global"],"apiVersions":["2018-04-01","2018-03-01","2018-02-01","2017-05-01","2017-03-01","2015-11-01","2015-04-28-preview"],"capabilities":"CrossResourceGroupResourceMove,
        CrossSubscriptionResourceMove"},{"resourceType":"trafficmanagerprofiles/heatMaps","locations":["global"],"apiVersions":["2018-04-01","2018-03-01","2018-02-01","2017-09-01-preview"]},{"resourceType":"checkTrafficManagerNameAvailability","locations":["global"],"apiVersions":["2018-04-01","2018-03-01","2018-02-01","2017-05-01","2017-03-01","2015-11-01","2015-04-28-preview"]},{"resourceType":"trafficManagerUserMetricsKeys","locations":["global"],"apiVersions":["2018-04-01","2017-09-01-preview"]},{"resourceType":"trafficManagerGeographicHierarchies","locations":["global"],"apiVersions":["2018-04-01","2018-03-01","2018-02-01","2017-05-01","2017-03-01"]},{"resourceType":"expressRouteCircuits","locations":["West
        US","East US","North Europe","West Europe","East Asia","Southeast Asia","North
        Central US","South Central US","Central US","East US 2","Japan East","Japan
        West","Brazil South","Australia East","Australia Southeast","Central India","South
        India","West India","Canada Central","Canada East","West Central US","West
        US 2","UK West","UK South","Korea Central","Korea South","France Central","Central
        US EUAP","East US 2 EUAP"],"apiVersions":["2018-07-01","2018-06-01","2018-05-01","2018-04-01","2018-03-01","2018-02-01","2018-01-01","2017-11-01","2017-10-01","2017-09-01","2017-08-01","2017-06-01","2017-04-01","2017-03-01","2016-12-01","2016-11-01","2016-10-01","2016-09-01","2016-08-01","2016-07-01","2016-06-01","2016-03-30","2015-06-15","2015-05-01-preview","2014-12-01-preview"],"capabilities":"None"},{"resourceType":"expressRouteServiceProviders","locations":[],"apiVersions":["2018-07-01","2018-06-01","2018-05-01","2018-04-01","2018-03-01","2018-02-01","2018-01-01","2017-11-01","2017-10-01","2017-09-01","2017-08-01","2017-06-01","2017-04-01","2017-03-01","2016-12-01","2016-11-01","2016-10-01","2016-09-01","2016-08-01","2016-07-01","2016-06-01","2016-03-30","2015-06-15","2015-05-01-preview","2014-12-01-preview"]},{"resourceType":"applicationGatewayAvailableWafRuleSets","locations":[],"apiVersions":["2018-07-01","2018-06-01","2018-05-01","2018-04-01","2018-03-01","2018-02-01","2018-01-01","2017-11-01","2017-10-01","2017-09-01","2017-08-01","2017-06-01","2017-04-01","2017-03-01"]},{"resourceType":"applicationGatewayAvailableSslOptions","locations":[],"apiVersions":["2018-07-01","2018-06-01","2018-05-01","2018-04-01","2018-03-01","2018-02-01","2018-01-01","2017-11-01","2017-10-01","2017-09-01","2017-08-01","2017-06-01"]},{"resourceType":"routeFilters","locations":["West
        US","East US","North Europe","West Europe","East Asia","Southeast Asia","North
        Central US","South Central US","Central US","East US 2","Japan East","Japan
        West","Brazil South","Australia East","Australia Southeast","Central India","South
        India","West India","Canada Central","Canada East","West Central US","West
        US 2","UK West","UK South","Korea Central","Korea South","France Central","Central
        US EUAP","East US 2 EUAP"],"apiVersions":["2018-07-01","2018-06-01","2018-05-01","2018-04-01","2018-03-01","2018-02-01","2018-01-01","2017-11-01","2017-10-01","2017-09-01","2017-08-01","2017-06-01","2017-04-01","2017-03-01","2016-12-01"],"capabilities":"None"},{"resourceType":"bgpServiceCommunities","locations":[],"apiVersions":["2018-07-01","2018-06-01","2018-05-01","2018-04-01","2018-03-01","2018-02-01","2018-01-01","2017-11-01","2017-10-01","2017-09-01","2017-08-01","2017-06-01","2017-04-01","2017-03-01","2016-12-01"]},{"resourceType":"expressRoutePorts","locations":["West
        US","East US","North Europe","West Europe","East Asia","Southeast Asia","North
        Central US","South Central US","Central US","East US 2","Japan East","Japan
        West","Brazil South","Australia East","Australia Southeast","Central India","South
        India","West India","Canada Central","Canada East","West Central US","West
        US 2","UK West","UK South","Korea Central","Korea South","France Central","Central
        US EUAP","East US 2 EUAP"],"apiVersions":["2018-07-01"],"capabilities":"None"},{"resourceType":"ddosProtectionPlans","locations":["West
        US","East US","North Europe","West Europe","East Asia","Southeast Asia","North
        Central US","South Central US","Central US","East US 2","Japan East","Japan
        West","Brazil South","Australia East","Australia Southeast","Central India","South
        India","West India","Canada Central","Canada East","West Central US","West
        US 2","UK West","UK South","Korea Central","Korea South","France Central","Central
        US EUAP","East US 2 EUAP"],"apiVersions":["2018-07-01","2018-06-01","2018-05-01","2018-04-01","2018-03-01","2018-02-01"],"apiProfiles":[{"profileVersion":"2017-03-09-profile","apiVersion":"2018-02-01"}],"capabilities":"None"},{"resourceType":"secureGateways","locations":["Central
        US EUAP","East US 2 EUAP"],"apiVersions":["2018-07-01","2018-06-01","2018-05-01","2018-04-01","2018-03-01","2018-02-01","2018-01-01","2017-11-01"],"capabilities":"CrossResourceGroupResourceMove,
        CrossSubscriptionResourceMove"},{"resourceType":"azureFirewalls","locations":["Central
        US EUAP","East US 2 EUAP"],"apiVersions":["2018-07-01","2018-06-01","2018-05-01","2018-04-01"],"capabilities":"CrossResourceGroupResourceMove,
        CrossSubscriptionResourceMove"},{"resourceType":"networkProfiles","locations":["Central
        US EUAP","East US 2 EUAP"],"apiVersions":["2018-07-01","2018-06-01","2018-05-01"],"capabilities":"None"}],"registrationState":"Registered"}'}
    headers:
      cache-control: [no-cache]
      content-length: ['32623']
      content-type: [application/json; charset=utf-8]
      date: ['Sun, 15 Jul 2018 00:14:43 GMT']
      expires: ['-1']
      pragma: [no-cache]
      strict-transport-security: [max-age=31536000; includeSubDomains]
      vary: [Accept-Encoding]
      x-content-type-options: [nosniff]
    status: {code: 200, message: OK}
- request:
    body: null
    headers:
      Accept: [application/json]
      Accept-Encoding: ['gzip, deflate']
      CommandName: [vmss create]
      Connection: [keep-alive]
      Content-Type: [application/json; charset=utf-8]
      User-Agent: [python/3.5.4 (Windows-10-10.0.17134-SP0) requests/2.19.1 msrest/0.5.1
          msrest_azure/0.4.34 resourcemanagementclient/2.0.0rc3 Azure-SDK-For-Python
          AZURECLI/2.0.43]
      accept-language: [en-US]
    method: GET
    uri: https://management.azure.com/subscriptions/00000000-0000-0000-0000-000000000000/resourcegroups/cli_test_vmss_create_options000001/providers/Microsoft.Network/publicIPAddresses/vrfpubip?api-version=2018-07-01
  response:
    body: {string: "{\r\n  \"name\": \"vrfpubip\",\r\n  \"id\": \"/subscriptions/00000000-0000-0000-0000-000000000000/resourceGroups/cli_test_vmss_create_options000001/providers/Microsoft.Network/publicIPAddresses/vrfpubip\",\r\n
        \ \"etag\": \"W/\\\"edc94701-8615-48bb-a2c2-82e45b90fc8d\\\"\",\r\n  \"location\":
        \"westus\",\r\n  \"properties\": {\r\n    \"provisioningState\": \"Succeeded\",\r\n
        \   \"resourceGuid\": \"326d7d7e-f498-455a-87e3-242d7f451fdc\",\r\n    \"publicIPAddressVersion\":
        \"IPv4\",\r\n    \"publicIPAllocationMethod\": \"Dynamic\",\r\n    \"idleTimeoutInMinutes\":
        4,\r\n    \"ipTags\": []\r\n  },\r\n  \"type\": \"Microsoft.Network/publicIPAddresses\",\r\n
        \ \"sku\": {\r\n    \"name\": \"Basic\",\r\n    \"tier\": \"Regional\"\r\n
        \ }\r\n}"}
    headers:
      cache-control: [no-cache]
      content-length: ['690']
      content-type: [application/json; charset=utf-8]
      date: ['Sun, 15 Jul 2018 00:14:43 GMT']
      etag: [W/"edc94701-8615-48bb-a2c2-82e45b90fc8d"]
      expires: ['-1']
      pragma: [no-cache]
      server: [Microsoft-HTTPAPI/2.0, Microsoft-HTTPAPI/2.0]
      strict-transport-security: [max-age=31536000; includeSubDomains]
      transfer-encoding: [chunked]
      vary: [Accept-Encoding]
      x-content-type-options: [nosniff]
    status: {code: 200, message: OK}
- request:
    body: null
    headers:
      Accept: [application/json]
      Accept-Encoding: ['gzip, deflate']
      CommandName: [vmss create]
      Connection: [keep-alive]
      Content-Type: [application/json; charset=utf-8]
      User-Agent: [python/3.5.4 (Windows-10-10.0.17134-SP0) requests/2.19.1 msrest/0.5.1
          msrest_azure/0.4.34 computemanagementclient/4.0.0rc3 Azure-SDK-For-Python
          AZURECLI/2.0.43]
      accept-language: [en-US]
    method: GET
    uri: https://management.azure.com/subscriptions/00000000-0000-0000-0000-000000000000/providers/Microsoft.Compute/locations/westus/vmSizes?api-version=2018-06-01
  response:
    body: {string: "{\r\n  \"value\": [\r\n    {\r\n      \"name\": \"Standard_B1ms\",\r\n
        \     \"numberOfCores\": 1,\r\n      \"osDiskSizeInMB\": 1047552,\r\n      \"resourceDiskSizeInMB\":
        4096,\r\n      \"memoryInMB\": 2048,\r\n      \"maxDataDiskCount\": 2\r\n
        \   },\r\n    {\r\n      \"name\": \"Standard_B1s\",\r\n      \"numberOfCores\":
        1,\r\n      \"osDiskSizeInMB\": 1047552,\r\n      \"resourceDiskSizeInMB\":
        2048,\r\n      \"memoryInMB\": 1024,\r\n      \"maxDataDiskCount\": 2\r\n
        \   },\r\n    {\r\n      \"name\": \"Standard_B2ms\",\r\n      \"numberOfCores\":
        2,\r\n      \"osDiskSizeInMB\": 1047552,\r\n      \"resourceDiskSizeInMB\":
        16384,\r\n      \"memoryInMB\": 8192,\r\n      \"maxDataDiskCount\": 4\r\n
        \   },\r\n    {\r\n      \"name\": \"Standard_B2s\",\r\n      \"numberOfCores\":
        2,\r\n      \"osDiskSizeInMB\": 1047552,\r\n      \"resourceDiskSizeInMB\":
        8192,\r\n      \"memoryInMB\": 4096,\r\n      \"maxDataDiskCount\": 4\r\n
        \   },\r\n    {\r\n      \"name\": \"Standard_B4ms\",\r\n      \"numberOfCores\":
        4,\r\n      \"osDiskSizeInMB\": 1047552,\r\n      \"resourceDiskSizeInMB\":
        32768,\r\n      \"memoryInMB\": 16384,\r\n      \"maxDataDiskCount\": 8\r\n
        \   },\r\n    {\r\n      \"name\": \"Standard_B8ms\",\r\n      \"numberOfCores\":
        8,\r\n      \"osDiskSizeInMB\": 1047552,\r\n      \"resourceDiskSizeInMB\":
        65536,\r\n      \"memoryInMB\": 32768,\r\n      \"maxDataDiskCount\": 16\r\n
        \   },\r\n    {\r\n      \"name\": \"Standard_DS1_v2\",\r\n      \"numberOfCores\":
        1,\r\n      \"osDiskSizeInMB\": 1047552,\r\n      \"resourceDiskSizeInMB\":
        7168,\r\n      \"memoryInMB\": 3584,\r\n      \"maxDataDiskCount\": 4\r\n
        \   },\r\n    {\r\n      \"name\": \"Standard_DS2_v2\",\r\n      \"numberOfCores\":
        2,\r\n      \"osDiskSizeInMB\": 1047552,\r\n      \"resourceDiskSizeInMB\":
        14336,\r\n      \"memoryInMB\": 7168,\r\n      \"maxDataDiskCount\": 8\r\n
        \   },\r\n    {\r\n      \"name\": \"Standard_DS3_v2\",\r\n      \"numberOfCores\":
        4,\r\n      \"osDiskSizeInMB\": 1047552,\r\n      \"resourceDiskSizeInMB\":
        28672,\r\n      \"memoryInMB\": 14336,\r\n      \"maxDataDiskCount\": 16\r\n
        \   },\r\n    {\r\n      \"name\": \"Standard_DS4_v2\",\r\n      \"numberOfCores\":
        8,\r\n      \"osDiskSizeInMB\": 1047552,\r\n      \"resourceDiskSizeInMB\":
        57344,\r\n      \"memoryInMB\": 28672,\r\n      \"maxDataDiskCount\": 32\r\n
        \   },\r\n    {\r\n      \"name\": \"Standard_DS5_v2\",\r\n      \"numberOfCores\":
        16,\r\n      \"osDiskSizeInMB\": 1047552,\r\n      \"resourceDiskSizeInMB\":
        114688,\r\n      \"memoryInMB\": 57344,\r\n      \"maxDataDiskCount\": 64\r\n
        \   },\r\n    {\r\n      \"name\": \"Standard_DS11-1_v2\",\r\n      \"numberOfCores\":
        2,\r\n      \"osDiskSizeInMB\": 1047552,\r\n      \"resourceDiskSizeInMB\":
        28672,\r\n      \"memoryInMB\": 14336,\r\n      \"maxDataDiskCount\": 8\r\n
        \   },\r\n    {\r\n      \"name\": \"Standard_DS11_v2\",\r\n      \"numberOfCores\":
        2,\r\n      \"osDiskSizeInMB\": 1047552,\r\n      \"resourceDiskSizeInMB\":
        28672,\r\n      \"memoryInMB\": 14336,\r\n      \"maxDataDiskCount\": 8\r\n
        \   },\r\n    {\r\n      \"name\": \"Standard_DS12-1_v2\",\r\n      \"numberOfCores\":
        4,\r\n      \"osDiskSizeInMB\": 1047552,\r\n      \"resourceDiskSizeInMB\":
        57344,\r\n      \"memoryInMB\": 28672,\r\n      \"maxDataDiskCount\": 16\r\n
        \   },\r\n    {\r\n      \"name\": \"Standard_DS12-2_v2\",\r\n      \"numberOfCores\":
        4,\r\n      \"osDiskSizeInMB\": 1047552,\r\n      \"resourceDiskSizeInMB\":
        57344,\r\n      \"memoryInMB\": 28672,\r\n      \"maxDataDiskCount\": 16\r\n
        \   },\r\n    {\r\n      \"name\": \"Standard_DS12_v2\",\r\n      \"numberOfCores\":
        4,\r\n      \"osDiskSizeInMB\": 1047552,\r\n      \"resourceDiskSizeInMB\":
        57344,\r\n      \"memoryInMB\": 28672,\r\n      \"maxDataDiskCount\": 16\r\n
        \   },\r\n    {\r\n      \"name\": \"Standard_DS13-2_v2\",\r\n      \"numberOfCores\":
        8,\r\n      \"osDiskSizeInMB\": 1047552,\r\n      \"resourceDiskSizeInMB\":
        114688,\r\n      \"memoryInMB\": 57344,\r\n      \"maxDataDiskCount\": 32\r\n
        \   },\r\n    {\r\n      \"name\": \"Standard_DS13-4_v2\",\r\n      \"numberOfCores\":
        8,\r\n      \"osDiskSizeInMB\": 1047552,\r\n      \"resourceDiskSizeInMB\":
        114688,\r\n      \"memoryInMB\": 57344,\r\n      \"maxDataDiskCount\": 32\r\n
        \   },\r\n    {\r\n      \"name\": \"Standard_DS13_v2\",\r\n      \"numberOfCores\":
        8,\r\n      \"osDiskSizeInMB\": 1047552,\r\n      \"resourceDiskSizeInMB\":
        114688,\r\n      \"memoryInMB\": 57344,\r\n      \"maxDataDiskCount\": 32\r\n
        \   },\r\n    {\r\n      \"name\": \"Standard_DS14-4_v2\",\r\n      \"numberOfCores\":
        16,\r\n      \"osDiskSizeInMB\": 1047552,\r\n      \"resourceDiskSizeInMB\":
        229376,\r\n      \"memoryInMB\": 114688,\r\n      \"maxDataDiskCount\": 64\r\n
        \   },\r\n    {\r\n      \"name\": \"Standard_DS14-8_v2\",\r\n      \"numberOfCores\":
        16,\r\n      \"osDiskSizeInMB\": 1047552,\r\n      \"resourceDiskSizeInMB\":
        229376,\r\n      \"memoryInMB\": 114688,\r\n      \"maxDataDiskCount\": 64\r\n
        \   },\r\n    {\r\n      \"name\": \"Standard_DS14_v2\",\r\n      \"numberOfCores\":
        16,\r\n      \"osDiskSizeInMB\": 1047552,\r\n      \"resourceDiskSizeInMB\":
        229376,\r\n      \"memoryInMB\": 114688,\r\n      \"maxDataDiskCount\": 64\r\n
        \   },\r\n    {\r\n      \"name\": \"Standard_DS15_v2\",\r\n      \"numberOfCores\":
        20,\r\n      \"osDiskSizeInMB\": 1047552,\r\n      \"resourceDiskSizeInMB\":
        286720,\r\n      \"memoryInMB\": 143360,\r\n      \"maxDataDiskCount\": 64\r\n
        \   },\r\n    {\r\n      \"name\": \"Standard_DS2_v2_Promo\",\r\n      \"numberOfCores\":
        2,\r\n      \"osDiskSizeInMB\": 1047552,\r\n      \"resourceDiskSizeInMB\":
        14336,\r\n      \"memoryInMB\": 7168,\r\n      \"maxDataDiskCount\": 8\r\n
        \   },\r\n    {\r\n      \"name\": \"Standard_DS3_v2_Promo\",\r\n      \"numberOfCores\":
        4,\r\n      \"osDiskSizeInMB\": 1047552,\r\n      \"resourceDiskSizeInMB\":
        28672,\r\n      \"memoryInMB\": 14336,\r\n      \"maxDataDiskCount\": 16\r\n
        \   },\r\n    {\r\n      \"name\": \"Standard_DS4_v2_Promo\",\r\n      \"numberOfCores\":
        8,\r\n      \"osDiskSizeInMB\": 1047552,\r\n      \"resourceDiskSizeInMB\":
        57344,\r\n      \"memoryInMB\": 28672,\r\n      \"maxDataDiskCount\": 32\r\n
        \   },\r\n    {\r\n      \"name\": \"Standard_DS5_v2_Promo\",\r\n      \"numberOfCores\":
        16,\r\n      \"osDiskSizeInMB\": 1047552,\r\n      \"resourceDiskSizeInMB\":
        114688,\r\n      \"memoryInMB\": 57344,\r\n      \"maxDataDiskCount\": 64\r\n
        \   },\r\n    {\r\n      \"name\": \"Standard_DS11_v2_Promo\",\r\n      \"numberOfCores\":
        2,\r\n      \"osDiskSizeInMB\": 1047552,\r\n      \"resourceDiskSizeInMB\":
        28672,\r\n      \"memoryInMB\": 14336,\r\n      \"maxDataDiskCount\": 8\r\n
        \   },\r\n    {\r\n      \"name\": \"Standard_DS12_v2_Promo\",\r\n      \"numberOfCores\":
        4,\r\n      \"osDiskSizeInMB\": 1047552,\r\n      \"resourceDiskSizeInMB\":
        57344,\r\n      \"memoryInMB\": 28672,\r\n      \"maxDataDiskCount\": 16\r\n
        \   },\r\n    {\r\n      \"name\": \"Standard_DS13_v2_Promo\",\r\n      \"numberOfCores\":
        8,\r\n      \"osDiskSizeInMB\": 1047552,\r\n      \"resourceDiskSizeInMB\":
        114688,\r\n      \"memoryInMB\": 57344,\r\n      \"maxDataDiskCount\": 32\r\n
        \   },\r\n    {\r\n      \"name\": \"Standard_DS14_v2_Promo\",\r\n      \"numberOfCores\":
        16,\r\n      \"osDiskSizeInMB\": 1047552,\r\n      \"resourceDiskSizeInMB\":
        229376,\r\n      \"memoryInMB\": 114688,\r\n      \"maxDataDiskCount\": 64\r\n
        \   },\r\n    {\r\n      \"name\": \"Standard_F1s\",\r\n      \"numberOfCores\":
        1,\r\n      \"osDiskSizeInMB\": 1047552,\r\n      \"resourceDiskSizeInMB\":
        4096,\r\n      \"memoryInMB\": 2048,\r\n      \"maxDataDiskCount\": 4\r\n
        \   },\r\n    {\r\n      \"name\": \"Standard_F2s\",\r\n      \"numberOfCores\":
        2,\r\n      \"osDiskSizeInMB\": 1047552,\r\n      \"resourceDiskSizeInMB\":
        8192,\r\n      \"memoryInMB\": 4096,\r\n      \"maxDataDiskCount\": 8\r\n
        \   },\r\n    {\r\n      \"name\": \"Standard_F4s\",\r\n      \"numberOfCores\":
        4,\r\n      \"osDiskSizeInMB\": 1047552,\r\n      \"resourceDiskSizeInMB\":
        16384,\r\n      \"memoryInMB\": 8192,\r\n      \"maxDataDiskCount\": 16\r\n
        \   },\r\n    {\r\n      \"name\": \"Standard_F8s\",\r\n      \"numberOfCores\":
        8,\r\n      \"osDiskSizeInMB\": 1047552,\r\n      \"resourceDiskSizeInMB\":
        32768,\r\n      \"memoryInMB\": 16384,\r\n      \"maxDataDiskCount\": 32\r\n
        \   },\r\n    {\r\n      \"name\": \"Standard_F16s\",\r\n      \"numberOfCores\":
        16,\r\n      \"osDiskSizeInMB\": 1047552,\r\n      \"resourceDiskSizeInMB\":
        65536,\r\n      \"memoryInMB\": 32768,\r\n      \"maxDataDiskCount\": 64\r\n
        \   },\r\n    {\r\n      \"name\": \"Standard_D2s_v3\",\r\n      \"numberOfCores\":
        2,\r\n      \"osDiskSizeInMB\": 1047552,\r\n      \"resourceDiskSizeInMB\":
        16384,\r\n      \"memoryInMB\": 8192,\r\n      \"maxDataDiskCount\": 4\r\n
        \   },\r\n    {\r\n      \"name\": \"Standard_D4s_v3\",\r\n      \"numberOfCores\":
        4,\r\n      \"osDiskSizeInMB\": 1047552,\r\n      \"resourceDiskSizeInMB\":
        32768,\r\n      \"memoryInMB\": 16384,\r\n      \"maxDataDiskCount\": 8\r\n
        \   },\r\n    {\r\n      \"name\": \"Standard_D8s_v3\",\r\n      \"numberOfCores\":
        8,\r\n      \"osDiskSizeInMB\": 1047552,\r\n      \"resourceDiskSizeInMB\":
        65536,\r\n      \"memoryInMB\": 32768,\r\n      \"maxDataDiskCount\": 16\r\n
        \   },\r\n    {\r\n      \"name\": \"Standard_D16s_v3\",\r\n      \"numberOfCores\":
        16,\r\n      \"osDiskSizeInMB\": 1047552,\r\n      \"resourceDiskSizeInMB\":
        131072,\r\n      \"memoryInMB\": 65536,\r\n      \"maxDataDiskCount\": 32\r\n
        \   },\r\n    {\r\n      \"name\": \"Standard_D32s_v3\",\r\n      \"numberOfCores\":
        32,\r\n      \"osDiskSizeInMB\": 1047552,\r\n      \"resourceDiskSizeInMB\":
        262144,\r\n      \"memoryInMB\": 131072,\r\n      \"maxDataDiskCount\": 32\r\n
        \   },\r\n    {\r\n      \"name\": \"Standard_A0\",\r\n      \"numberOfCores\":
        1,\r\n      \"osDiskSizeInMB\": 1047552,\r\n      \"resourceDiskSizeInMB\":
        20480,\r\n      \"memoryInMB\": 768,\r\n      \"maxDataDiskCount\": 1\r\n
        \   },\r\n    {\r\n      \"name\": \"Standard_A1\",\r\n      \"numberOfCores\":
        1,\r\n      \"osDiskSizeInMB\": 1047552,\r\n      \"resourceDiskSizeInMB\":
        71680,\r\n      \"memoryInMB\": 1792,\r\n      \"maxDataDiskCount\": 2\r\n
        \   },\r\n    {\r\n      \"name\": \"Standard_A2\",\r\n      \"numberOfCores\":
        2,\r\n      \"osDiskSizeInMB\": 1047552,\r\n      \"resourceDiskSizeInMB\":
        138240,\r\n      \"memoryInMB\": 3584,\r\n      \"maxDataDiskCount\": 4\r\n
        \   },\r\n    {\r\n      \"name\": \"Standard_A3\",\r\n      \"numberOfCores\":
        4,\r\n      \"osDiskSizeInMB\": 1047552,\r\n      \"resourceDiskSizeInMB\":
        291840,\r\n      \"memoryInMB\": 7168,\r\n      \"maxDataDiskCount\": 8\r\n
        \   },\r\n    {\r\n      \"name\": \"Standard_A5\",\r\n      \"numberOfCores\":
        2,\r\n      \"osDiskSizeInMB\": 1047552,\r\n      \"resourceDiskSizeInMB\":
        138240,\r\n      \"memoryInMB\": 14336,\r\n      \"maxDataDiskCount\": 4\r\n
        \   },\r\n    {\r\n      \"name\": \"Standard_A4\",\r\n      \"numberOfCores\":
        8,\r\n      \"osDiskSizeInMB\": 1047552,\r\n      \"resourceDiskSizeInMB\":
        619520,\r\n      \"memoryInMB\": 14336,\r\n      \"maxDataDiskCount\": 16\r\n
        \   },\r\n    {\r\n      \"name\": \"Standard_A6\",\r\n      \"numberOfCores\":
        4,\r\n      \"osDiskSizeInMB\": 1047552,\r\n      \"resourceDiskSizeInMB\":
        291840,\r\n      \"memoryInMB\": 28672,\r\n      \"maxDataDiskCount\": 8\r\n
        \   },\r\n    {\r\n      \"name\": \"Standard_A7\",\r\n      \"numberOfCores\":
        8,\r\n      \"osDiskSizeInMB\": 1047552,\r\n      \"resourceDiskSizeInMB\":
        619520,\r\n      \"memoryInMB\": 57344,\r\n      \"maxDataDiskCount\": 16\r\n
        \   },\r\n    {\r\n      \"name\": \"Basic_A0\",\r\n      \"numberOfCores\":
        1,\r\n      \"osDiskSizeInMB\": 1047552,\r\n      \"resourceDiskSizeInMB\":
        20480,\r\n      \"memoryInMB\": 768,\r\n      \"maxDataDiskCount\": 1\r\n
        \   },\r\n    {\r\n      \"name\": \"Basic_A1\",\r\n      \"numberOfCores\":
        1,\r\n      \"osDiskSizeInMB\": 1047552,\r\n      \"resourceDiskSizeInMB\":
        40960,\r\n      \"memoryInMB\": 1792,\r\n      \"maxDataDiskCount\": 2\r\n
        \   },\r\n    {\r\n      \"name\": \"Basic_A2\",\r\n      \"numberOfCores\":
        2,\r\n      \"osDiskSizeInMB\": 1047552,\r\n      \"resourceDiskSizeInMB\":
        61440,\r\n      \"memoryInMB\": 3584,\r\n      \"maxDataDiskCount\": 4\r\n
        \   },\r\n    {\r\n      \"name\": \"Basic_A3\",\r\n      \"numberOfCores\":
        4,\r\n      \"osDiskSizeInMB\": 1047552,\r\n      \"resourceDiskSizeInMB\":
        122880,\r\n      \"memoryInMB\": 7168,\r\n      \"maxDataDiskCount\": 8\r\n
        \   },\r\n    {\r\n      \"name\": \"Basic_A4\",\r\n      \"numberOfCores\":
        8,\r\n      \"osDiskSizeInMB\": 1047552,\r\n      \"resourceDiskSizeInMB\":
        245760,\r\n      \"memoryInMB\": 14336,\r\n      \"maxDataDiskCount\": 16\r\n
        \   },\r\n    {\r\n      \"name\": \"Standard_D1_v2\",\r\n      \"numberOfCores\":
        1,\r\n      \"osDiskSizeInMB\": 1047552,\r\n      \"resourceDiskSizeInMB\":
        51200,\r\n      \"memoryInMB\": 3584,\r\n      \"maxDataDiskCount\": 4\r\n
        \   },\r\n    {\r\n      \"name\": \"Standard_D2_v2\",\r\n      \"numberOfCores\":
        2,\r\n      \"osDiskSizeInMB\": 1047552,\r\n      \"resourceDiskSizeInMB\":
        102400,\r\n      \"memoryInMB\": 7168,\r\n      \"maxDataDiskCount\": 8\r\n
        \   },\r\n    {\r\n      \"name\": \"Standard_D3_v2\",\r\n      \"numberOfCores\":
        4,\r\n      \"osDiskSizeInMB\": 1047552,\r\n      \"resourceDiskSizeInMB\":
        204800,\r\n      \"memoryInMB\": 14336,\r\n      \"maxDataDiskCount\": 16\r\n
        \   },\r\n    {\r\n      \"name\": \"Standard_D4_v2\",\r\n      \"numberOfCores\":
        8,\r\n      \"osDiskSizeInMB\": 1047552,\r\n      \"resourceDiskSizeInMB\":
        409600,\r\n      \"memoryInMB\": 28672,\r\n      \"maxDataDiskCount\": 32\r\n
        \   },\r\n    {\r\n      \"name\": \"Standard_D5_v2\",\r\n      \"numberOfCores\":
        16,\r\n      \"osDiskSizeInMB\": 1047552,\r\n      \"resourceDiskSizeInMB\":
        819200,\r\n      \"memoryInMB\": 57344,\r\n      \"maxDataDiskCount\": 64\r\n
        \   },\r\n    {\r\n      \"name\": \"Standard_D11_v2\",\r\n      \"numberOfCores\":
        2,\r\n      \"osDiskSizeInMB\": 1047552,\r\n      \"resourceDiskSizeInMB\":
        102400,\r\n      \"memoryInMB\": 14336,\r\n      \"maxDataDiskCount\": 8\r\n
        \   },\r\n    {\r\n      \"name\": \"Standard_D12_v2\",\r\n      \"numberOfCores\":
        4,\r\n      \"osDiskSizeInMB\": 1047552,\r\n      \"resourceDiskSizeInMB\":
        204800,\r\n      \"memoryInMB\": 28672,\r\n      \"maxDataDiskCount\": 16\r\n
        \   },\r\n    {\r\n      \"name\": \"Standard_D13_v2\",\r\n      \"numberOfCores\":
        8,\r\n      \"osDiskSizeInMB\": 1047552,\r\n      \"resourceDiskSizeInMB\":
        409600,\r\n      \"memoryInMB\": 57344,\r\n      \"maxDataDiskCount\": 32\r\n
        \   },\r\n    {\r\n      \"name\": \"Standard_D14_v2\",\r\n      \"numberOfCores\":
        16,\r\n      \"osDiskSizeInMB\": 1047552,\r\n      \"resourceDiskSizeInMB\":
        819200,\r\n      \"memoryInMB\": 114688,\r\n      \"maxDataDiskCount\": 64\r\n
        \   },\r\n    {\r\n      \"name\": \"Standard_D15_v2\",\r\n      \"numberOfCores\":
        20,\r\n      \"osDiskSizeInMB\": 1047552,\r\n      \"resourceDiskSizeInMB\":
        286720,\r\n      \"memoryInMB\": 143360,\r\n      \"maxDataDiskCount\": 64\r\n
        \   },\r\n    {\r\n      \"name\": \"Standard_D2_v2_Promo\",\r\n      \"numberOfCores\":
        2,\r\n      \"osDiskSizeInMB\": 1047552,\r\n      \"resourceDiskSizeInMB\":
        102400,\r\n      \"memoryInMB\": 7168,\r\n      \"maxDataDiskCount\": 8\r\n
        \   },\r\n    {\r\n      \"name\": \"Standard_D3_v2_Promo\",\r\n      \"numberOfCores\":
        4,\r\n      \"osDiskSizeInMB\": 1047552,\r\n      \"resourceDiskSizeInMB\":
        204800,\r\n      \"memoryInMB\": 14336,\r\n      \"maxDataDiskCount\": 16\r\n
        \   },\r\n    {\r\n      \"name\": \"Standard_D4_v2_Promo\",\r\n      \"numberOfCores\":
        8,\r\n      \"osDiskSizeInMB\": 1047552,\r\n      \"resourceDiskSizeInMB\":
        409600,\r\n      \"memoryInMB\": 28672,\r\n      \"maxDataDiskCount\": 32\r\n
        \   },\r\n    {\r\n      \"name\": \"Standard_D5_v2_Promo\",\r\n      \"numberOfCores\":
        16,\r\n      \"osDiskSizeInMB\": 1047552,\r\n      \"resourceDiskSizeInMB\":
        819200,\r\n      \"memoryInMB\": 57344,\r\n      \"maxDataDiskCount\": 64\r\n
        \   },\r\n    {\r\n      \"name\": \"Standard_D11_v2_Promo\",\r\n      \"numberOfCores\":
        2,\r\n      \"osDiskSizeInMB\": 1047552,\r\n      \"resourceDiskSizeInMB\":
        102400,\r\n      \"memoryInMB\": 14336,\r\n      \"maxDataDiskCount\": 8\r\n
        \   },\r\n    {\r\n      \"name\": \"Standard_D12_v2_Promo\",\r\n      \"numberOfCores\":
        4,\r\n      \"osDiskSizeInMB\": 1047552,\r\n      \"resourceDiskSizeInMB\":
        204800,\r\n      \"memoryInMB\": 28672,\r\n      \"maxDataDiskCount\": 16\r\n
        \   },\r\n    {\r\n      \"name\": \"Standard_D13_v2_Promo\",\r\n      \"numberOfCores\":
        8,\r\n      \"osDiskSizeInMB\": 1047552,\r\n      \"resourceDiskSizeInMB\":
        409600,\r\n      \"memoryInMB\": 57344,\r\n      \"maxDataDiskCount\": 32\r\n
        \   },\r\n    {\r\n      \"name\": \"Standard_D14_v2_Promo\",\r\n      \"numberOfCores\":
        16,\r\n      \"osDiskSizeInMB\": 1047552,\r\n      \"resourceDiskSizeInMB\":
        819200,\r\n      \"memoryInMB\": 114688,\r\n      \"maxDataDiskCount\": 64\r\n
        \   },\r\n    {\r\n      \"name\": \"Standard_F1\",\r\n      \"numberOfCores\":
        1,\r\n      \"osDiskSizeInMB\": 1047552,\r\n      \"resourceDiskSizeInMB\":
        16384,\r\n      \"memoryInMB\": 2048,\r\n      \"maxDataDiskCount\": 4\r\n
        \   },\r\n    {\r\n      \"name\": \"Standard_F2\",\r\n      \"numberOfCores\":
        2,\r\n      \"osDiskSizeInMB\": 1047552,\r\n      \"resourceDiskSizeInMB\":
        32768,\r\n      \"memoryInMB\": 4096,\r\n      \"maxDataDiskCount\": 8\r\n
        \   },\r\n    {\r\n      \"name\": \"Standard_F4\",\r\n      \"numberOfCores\":
        4,\r\n      \"osDiskSizeInMB\": 1047552,\r\n      \"resourceDiskSizeInMB\":
        65536,\r\n      \"memoryInMB\": 8192,\r\n      \"maxDataDiskCount\": 16\r\n
        \   },\r\n    {\r\n      \"name\": \"Standard_F8\",\r\n      \"numberOfCores\":
        8,\r\n      \"osDiskSizeInMB\": 1047552,\r\n      \"resourceDiskSizeInMB\":
        131072,\r\n      \"memoryInMB\": 16384,\r\n      \"maxDataDiskCount\": 32\r\n
        \   },\r\n    {\r\n      \"name\": \"Standard_F16\",\r\n      \"numberOfCores\":
        16,\r\n      \"osDiskSizeInMB\": 1047552,\r\n      \"resourceDiskSizeInMB\":
        262144,\r\n      \"memoryInMB\": 32768,\r\n      \"maxDataDiskCount\": 64\r\n
        \   },\r\n    {\r\n      \"name\": \"Standard_A1_v2\",\r\n      \"numberOfCores\":
        1,\r\n      \"osDiskSizeInMB\": 1047552,\r\n      \"resourceDiskSizeInMB\":
        10240,\r\n      \"memoryInMB\": 2048,\r\n      \"maxDataDiskCount\": 2\r\n
        \   },\r\n    {\r\n      \"name\": \"Standard_A2m_v2\",\r\n      \"numberOfCores\":
        2,\r\n      \"osDiskSizeInMB\": 1047552,\r\n      \"resourceDiskSizeInMB\":
        20480,\r\n      \"memoryInMB\": 16384,\r\n      \"maxDataDiskCount\": 4\r\n
        \   },\r\n    {\r\n      \"name\": \"Standard_A2_v2\",\r\n      \"numberOfCores\":
        2,\r\n      \"osDiskSizeInMB\": 1047552,\r\n      \"resourceDiskSizeInMB\":
        20480,\r\n      \"memoryInMB\": 4096,\r\n      \"maxDataDiskCount\": 4\r\n
        \   },\r\n    {\r\n      \"name\": \"Standard_A4m_v2\",\r\n      \"numberOfCores\":
        4,\r\n      \"osDiskSizeInMB\": 1047552,\r\n      \"resourceDiskSizeInMB\":
        40960,\r\n      \"memoryInMB\": 32768,\r\n      \"maxDataDiskCount\": 8\r\n
        \   },\r\n    {\r\n      \"name\": \"Standard_A4_v2\",\r\n      \"numberOfCores\":
        4,\r\n      \"osDiskSizeInMB\": 1047552,\r\n      \"resourceDiskSizeInMB\":
        40960,\r\n      \"memoryInMB\": 8192,\r\n      \"maxDataDiskCount\": 8\r\n
        \   },\r\n    {\r\n      \"name\": \"Standard_A8m_v2\",\r\n      \"numberOfCores\":
        8,\r\n      \"osDiskSizeInMB\": 1047552,\r\n      \"resourceDiskSizeInMB\":
        81920,\r\n      \"memoryInMB\": 65536,\r\n      \"maxDataDiskCount\": 16\r\n
        \   },\r\n    {\r\n      \"name\": \"Standard_A8_v2\",\r\n      \"numberOfCores\":
        8,\r\n      \"osDiskSizeInMB\": 1047552,\r\n      \"resourceDiskSizeInMB\":
        81920,\r\n      \"memoryInMB\": 16384,\r\n      \"maxDataDiskCount\": 16\r\n
        \   },\r\n    {\r\n      \"name\": \"Standard_D2_v3\",\r\n      \"numberOfCores\":
        2,\r\n      \"osDiskSizeInMB\": 1047552,\r\n      \"resourceDiskSizeInMB\":
        51200,\r\n      \"memoryInMB\": 8192,\r\n      \"maxDataDiskCount\": 4\r\n
        \   },\r\n    {\r\n      \"name\": \"Standard_D4_v3\",\r\n      \"numberOfCores\":
        4,\r\n      \"osDiskSizeInMB\": 1047552,\r\n      \"resourceDiskSizeInMB\":
        102400,\r\n      \"memoryInMB\": 16384,\r\n      \"maxDataDiskCount\": 8\r\n
        \   },\r\n    {\r\n      \"name\": \"Standard_D8_v3\",\r\n      \"numberOfCores\":
        8,\r\n      \"osDiskSizeInMB\": 1047552,\r\n      \"resourceDiskSizeInMB\":
        204800,\r\n      \"memoryInMB\": 32768,\r\n      \"maxDataDiskCount\": 16\r\n
        \   },\r\n    {\r\n      \"name\": \"Standard_D16_v3\",\r\n      \"numberOfCores\":
        16,\r\n      \"osDiskSizeInMB\": 1047552,\r\n      \"resourceDiskSizeInMB\":
        409600,\r\n      \"memoryInMB\": 65636,\r\n      \"maxDataDiskCount\": 32\r\n
        \   },\r\n    {\r\n      \"name\": \"Standard_D32_v3\",\r\n      \"numberOfCores\":
        32,\r\n      \"osDiskSizeInMB\": 1047552,\r\n      \"resourceDiskSizeInMB\":
        819200,\r\n      \"memoryInMB\": 131072,\r\n      \"maxDataDiskCount\": 32\r\n
        \   },\r\n    {\r\n      \"name\": \"Standard_D1\",\r\n      \"numberOfCores\":
        1,\r\n      \"osDiskSizeInMB\": 1047552,\r\n      \"resourceDiskSizeInMB\":
        51200,\r\n      \"memoryInMB\": 3584,\r\n      \"maxDataDiskCount\": 4\r\n
        \   },\r\n    {\r\n      \"name\": \"Standard_D2\",\r\n      \"numberOfCores\":
        2,\r\n      \"osDiskSizeInMB\": 1047552,\r\n      \"resourceDiskSizeInMB\":
        102400,\r\n      \"memoryInMB\": 7168,\r\n      \"maxDataDiskCount\": 8\r\n
        \   },\r\n    {\r\n      \"name\": \"Standard_D3\",\r\n      \"numberOfCores\":
        4,\r\n      \"osDiskSizeInMB\": 1047552,\r\n      \"resourceDiskSizeInMB\":
        204800,\r\n      \"memoryInMB\": 14336,\r\n      \"maxDataDiskCount\": 16\r\n
        \   },\r\n    {\r\n      \"name\": \"Standard_D4\",\r\n      \"numberOfCores\":
        8,\r\n      \"osDiskSizeInMB\": 1047552,\r\n      \"resourceDiskSizeInMB\":
        409600,\r\n      \"memoryInMB\": 28672,\r\n      \"maxDataDiskCount\": 32\r\n
        \   },\r\n    {\r\n      \"name\": \"Standard_D11\",\r\n      \"numberOfCores\":
        2,\r\n      \"osDiskSizeInMB\": 1047552,\r\n      \"resourceDiskSizeInMB\":
        102400,\r\n      \"memoryInMB\": 14336,\r\n      \"maxDataDiskCount\": 8\r\n
        \   },\r\n    {\r\n      \"name\": \"Standard_D12\",\r\n      \"numberOfCores\":
        4,\r\n      \"osDiskSizeInMB\": 1047552,\r\n      \"resourceDiskSizeInMB\":
        204800,\r\n      \"memoryInMB\": 28672,\r\n      \"maxDataDiskCount\": 16\r\n
        \   },\r\n    {\r\n      \"name\": \"Standard_D13\",\r\n      \"numberOfCores\":
        8,\r\n      \"osDiskSizeInMB\": 1047552,\r\n      \"resourceDiskSizeInMB\":
        409600,\r\n      \"memoryInMB\": 57344,\r\n      \"maxDataDiskCount\": 32\r\n
        \   },\r\n    {\r\n      \"name\": \"Standard_D14\",\r\n      \"numberOfCores\":
        16,\r\n      \"osDiskSizeInMB\": 1047552,\r\n      \"resourceDiskSizeInMB\":
        819200,\r\n      \"memoryInMB\": 114688,\r\n      \"maxDataDiskCount\": 64\r\n
        \   },\r\n    {\r\n      \"name\": \"Standard_DS1\",\r\n      \"numberOfCores\":
        1,\r\n      \"osDiskSizeInMB\": 1047552,\r\n      \"resourceDiskSizeInMB\":
        7168,\r\n      \"memoryInMB\": 3584,\r\n      \"maxDataDiskCount\": 4\r\n
        \   },\r\n    {\r\n      \"name\": \"Standard_DS2\",\r\n      \"numberOfCores\":
        2,\r\n      \"osDiskSizeInMB\": 1047552,\r\n      \"resourceDiskSizeInMB\":
        14336,\r\n      \"memoryInMB\": 7168,\r\n      \"maxDataDiskCount\": 8\r\n
        \   },\r\n    {\r\n      \"name\": \"Standard_DS3\",\r\n      \"numberOfCores\":
        4,\r\n      \"osDiskSizeInMB\": 1047552,\r\n      \"resourceDiskSizeInMB\":
        28672,\r\n      \"memoryInMB\": 14336,\r\n      \"maxDataDiskCount\": 16\r\n
        \   },\r\n    {\r\n      \"name\": \"Standard_DS4\",\r\n      \"numberOfCores\":
        8,\r\n      \"osDiskSizeInMB\": 1047552,\r\n      \"resourceDiskSizeInMB\":
        57344,\r\n      \"memoryInMB\": 28672,\r\n      \"maxDataDiskCount\": 32\r\n
        \   },\r\n    {\r\n      \"name\": \"Standard_DS11\",\r\n      \"numberOfCores\":
        2,\r\n      \"osDiskSizeInMB\": 1047552,\r\n      \"resourceDiskSizeInMB\":
        28672,\r\n      \"memoryInMB\": 14336,\r\n      \"maxDataDiskCount\": 8\r\n
        \   },\r\n    {\r\n      \"name\": \"Standard_DS12\",\r\n      \"numberOfCores\":
        4,\r\n      \"osDiskSizeInMB\": 1047552,\r\n      \"resourceDiskSizeInMB\":
        57344,\r\n      \"memoryInMB\": 28672,\r\n      \"maxDataDiskCount\": 16\r\n
        \   },\r\n    {\r\n      \"name\": \"Standard_DS13\",\r\n      \"numberOfCores\":
        8,\r\n      \"osDiskSizeInMB\": 1047552,\r\n      \"resourceDiskSizeInMB\":
        114688,\r\n      \"memoryInMB\": 57344,\r\n      \"maxDataDiskCount\": 32\r\n
        \   },\r\n    {\r\n      \"name\": \"Standard_DS14\",\r\n      \"numberOfCores\":
        16,\r\n      \"osDiskSizeInMB\": 1047552,\r\n      \"resourceDiskSizeInMB\":
        229376,\r\n      \"memoryInMB\": 114688,\r\n      \"maxDataDiskCount\": 64\r\n
        \   },\r\n    {\r\n      \"name\": \"Standard_D64_v3\",\r\n      \"numberOfCores\":
        64,\r\n      \"osDiskSizeInMB\": 1047552,\r\n      \"resourceDiskSizeInMB\":
        1638400,\r\n      \"memoryInMB\": 262144,\r\n      \"maxDataDiskCount\": 32\r\n
        \   },\r\n    {\r\n      \"name\": \"Standard_D64s_v3\",\r\n      \"numberOfCores\":
        64,\r\n      \"osDiskSizeInMB\": 1047552,\r\n      \"resourceDiskSizeInMB\":
        524288,\r\n      \"memoryInMB\": 262144,\r\n      \"maxDataDiskCount\": 32\r\n
        \   },\r\n    {\r\n      \"name\": \"Standard_E2_v3\",\r\n      \"numberOfCores\":
        2,\r\n      \"osDiskSizeInMB\": 1047552,\r\n      \"resourceDiskSizeInMB\":
        51200,\r\n      \"memoryInMB\": 16384,\r\n      \"maxDataDiskCount\": 4\r\n
        \   },\r\n    {\r\n      \"name\": \"Standard_E4_v3\",\r\n      \"numberOfCores\":
        4,\r\n      \"osDiskSizeInMB\": 1047552,\r\n      \"resourceDiskSizeInMB\":
        102400,\r\n      \"memoryInMB\": 32768,\r\n      \"maxDataDiskCount\": 8\r\n
        \   },\r\n    {\r\n      \"name\": \"Standard_E8_v3\",\r\n      \"numberOfCores\":
        8,\r\n      \"osDiskSizeInMB\": 1047552,\r\n      \"resourceDiskSizeInMB\":
        204800,\r\n      \"memoryInMB\": 65536,\r\n      \"maxDataDiskCount\": 16\r\n
        \   },\r\n    {\r\n      \"name\": \"Standard_E16_v3\",\r\n      \"numberOfCores\":
        16,\r\n      \"osDiskSizeInMB\": 1047552,\r\n      \"resourceDiskSizeInMB\":
        409600,\r\n      \"memoryInMB\": 131072,\r\n      \"maxDataDiskCount\": 32\r\n
        \   },\r\n    {\r\n      \"name\": \"Standard_E20_v3\",\r\n      \"numberOfCores\":
        20,\r\n      \"osDiskSizeInMB\": 1047552,\r\n      \"resourceDiskSizeInMB\":
        512000,\r\n      \"memoryInMB\": 163840,\r\n      \"maxDataDiskCount\": 32\r\n
        \   },\r\n    {\r\n      \"name\": \"Standard_E32_v3\",\r\n      \"numberOfCores\":
        32,\r\n      \"osDiskSizeInMB\": 1047552,\r\n      \"resourceDiskSizeInMB\":
        819200,\r\n      \"memoryInMB\": 262144,\r\n      \"maxDataDiskCount\": 32\r\n
        \   },\r\n    {\r\n      \"name\": \"Standard_E64i_v3\",\r\n      \"numberOfCores\":
        64,\r\n      \"osDiskSizeInMB\": 1047552,\r\n      \"resourceDiskSizeInMB\":
        1638400,\r\n      \"memoryInMB\": 442368,\r\n      \"maxDataDiskCount\": 32\r\n
        \   },\r\n    {\r\n      \"name\": \"Standard_E64_v3\",\r\n      \"numberOfCores\":
        64,\r\n      \"osDiskSizeInMB\": 1047552,\r\n      \"resourceDiskSizeInMB\":
        1638400,\r\n      \"memoryInMB\": 442368,\r\n      \"maxDataDiskCount\": 32\r\n
        \   },\r\n    {\r\n      \"name\": \"Standard_E2s_v3\",\r\n      \"numberOfCores\":
        2,\r\n      \"osDiskSizeInMB\": 1047552,\r\n      \"resourceDiskSizeInMB\":
        32768,\r\n      \"memoryInMB\": 16384,\r\n      \"maxDataDiskCount\": 4\r\n
        \   },\r\n    {\r\n      \"name\": \"Standard_E4-2s_v3\",\r\n      \"numberOfCores\":
        4,\r\n      \"osDiskSizeInMB\": 1047552,\r\n      \"resourceDiskSizeInMB\":
        65536,\r\n      \"memoryInMB\": 32768,\r\n      \"maxDataDiskCount\": 8\r\n
        \   },\r\n    {\r\n      \"name\": \"Standard_E4s_v3\",\r\n      \"numberOfCores\":
        4,\r\n      \"osDiskSizeInMB\": 1047552,\r\n      \"resourceDiskSizeInMB\":
        65536,\r\n      \"memoryInMB\": 32768,\r\n      \"maxDataDiskCount\": 8\r\n
        \   },\r\n    {\r\n      \"name\": \"Standard_E8-2s_v3\",\r\n      \"numberOfCores\":
        8,\r\n      \"osDiskSizeInMB\": 1047552,\r\n      \"resourceDiskSizeInMB\":
        131072,\r\n      \"memoryInMB\": 65536,\r\n      \"maxDataDiskCount\": 16\r\n
        \   },\r\n    {\r\n      \"name\": \"Standard_E8-4s_v3\",\r\n      \"numberOfCores\":
        8,\r\n      \"osDiskSizeInMB\": 1047552,\r\n      \"resourceDiskSizeInMB\":
        131072,\r\n      \"memoryInMB\": 65536,\r\n      \"maxDataDiskCount\": 16\r\n
        \   },\r\n    {\r\n      \"name\": \"Standard_E8s_v3\",\r\n      \"numberOfCores\":
        8,\r\n      \"osDiskSizeInMB\": 1047552,\r\n      \"resourceDiskSizeInMB\":
        131072,\r\n      \"memoryInMB\": 65536,\r\n      \"maxDataDiskCount\": 16\r\n
        \   },\r\n    {\r\n      \"name\": \"Standard_E16-4s_v3\",\r\n      \"numberOfCores\":
        16,\r\n      \"osDiskSizeInMB\": 1047552,\r\n      \"resourceDiskSizeInMB\":
        262144,\r\n      \"memoryInMB\": 131072,\r\n      \"maxDataDiskCount\": 32\r\n
        \   },\r\n    {\r\n      \"name\": \"Standard_E16-8s_v3\",\r\n      \"numberOfCores\":
        16,\r\n      \"osDiskSizeInMB\": 1047552,\r\n      \"resourceDiskSizeInMB\":
        262144,\r\n      \"memoryInMB\": 131072,\r\n      \"maxDataDiskCount\": 32\r\n
        \   },\r\n    {\r\n      \"name\": \"Standard_E16s_v3\",\r\n      \"numberOfCores\":
        16,\r\n      \"osDiskSizeInMB\": 1047552,\r\n      \"resourceDiskSizeInMB\":
        262144,\r\n      \"memoryInMB\": 131072,\r\n      \"maxDataDiskCount\": 32\r\n
        \   },\r\n    {\r\n      \"name\": \"Standard_E20s_v3\",\r\n      \"numberOfCores\":
        20,\r\n      \"osDiskSizeInMB\": 1047552,\r\n      \"resourceDiskSizeInMB\":
        327680,\r\n      \"memoryInMB\": 163840,\r\n      \"maxDataDiskCount\": 32\r\n
        \   },\r\n    {\r\n      \"name\": \"Standard_E32-8s_v3\",\r\n      \"numberOfCores\":
        32,\r\n      \"osDiskSizeInMB\": 1047552,\r\n      \"resourceDiskSizeInMB\":
        524288,\r\n      \"memoryInMB\": 262144,\r\n      \"maxDataDiskCount\": 32\r\n
        \   },\r\n    {\r\n      \"name\": \"Standard_E32-16s_v3\",\r\n      \"numberOfCores\":
        32,\r\n      \"osDiskSizeInMB\": 1047552,\r\n      \"resourceDiskSizeInMB\":
        524288,\r\n      \"memoryInMB\": 262144,\r\n      \"maxDataDiskCount\": 32\r\n
        \   },\r\n    {\r\n      \"name\": \"Standard_E32s_v3\",\r\n      \"numberOfCores\":
        32,\r\n      \"osDiskSizeInMB\": 1047552,\r\n      \"resourceDiskSizeInMB\":
        524288,\r\n      \"memoryInMB\": 262144,\r\n      \"maxDataDiskCount\": 32\r\n
        \   },\r\n    {\r\n      \"name\": \"Standard_E64-16s_v3\",\r\n      \"numberOfCores\":
        64,\r\n      \"osDiskSizeInMB\": 1047552,\r\n      \"resourceDiskSizeInMB\":
        884736,\r\n      \"memoryInMB\": 442368,\r\n      \"maxDataDiskCount\": 32\r\n
        \   },\r\n    {\r\n      \"name\": \"Standard_E64-32s_v3\",\r\n      \"numberOfCores\":
        64,\r\n      \"osDiskSizeInMB\": 1047552,\r\n      \"resourceDiskSizeInMB\":
        884736,\r\n      \"memoryInMB\": 442368,\r\n      \"maxDataDiskCount\": 32\r\n
        \   },\r\n    {\r\n      \"name\": \"Standard_E64is_v3\",\r\n      \"numberOfCores\":
        64,\r\n      \"osDiskSizeInMB\": 1047552,\r\n      \"resourceDiskSizeInMB\":
        884736,\r\n      \"memoryInMB\": 442368,\r\n      \"maxDataDiskCount\": 32\r\n
        \   },\r\n    {\r\n      \"name\": \"Standard_E64s_v3\",\r\n      \"numberOfCores\":
        64,\r\n      \"osDiskSizeInMB\": 1047552,\r\n      \"resourceDiskSizeInMB\":
        884736,\r\n      \"memoryInMB\": 442368,\r\n      \"maxDataDiskCount\": 32\r\n
        \   },\r\n    {\r\n      \"name\": \"Standard_G1\",\r\n      \"numberOfCores\":
        2,\r\n      \"osDiskSizeInMB\": 1047552,\r\n      \"resourceDiskSizeInMB\":
        393216,\r\n      \"memoryInMB\": 28672,\r\n      \"maxDataDiskCount\": 8\r\n
        \   },\r\n    {\r\n      \"name\": \"Standard_G2\",\r\n      \"numberOfCores\":
        4,\r\n      \"osDiskSizeInMB\": 1047552,\r\n      \"resourceDiskSizeInMB\":
        786432,\r\n      \"memoryInMB\": 57344,\r\n      \"maxDataDiskCount\": 16\r\n
        \   },\r\n    {\r\n      \"name\": \"Standard_G3\",\r\n      \"numberOfCores\":
        8,\r\n      \"osDiskSizeInMB\": 1047552,\r\n      \"resourceDiskSizeInMB\":
        1572864,\r\n      \"memoryInMB\": 114688,\r\n      \"maxDataDiskCount\": 32\r\n
        \   },\r\n    {\r\n      \"name\": \"Standard_G4\",\r\n      \"numberOfCores\":
        16,\r\n      \"osDiskSizeInMB\": 1047552,\r\n      \"resourceDiskSizeInMB\":
        3145728,\r\n      \"memoryInMB\": 229376,\r\n      \"maxDataDiskCount\": 64\r\n
        \   },\r\n    {\r\n      \"name\": \"Standard_G5\",\r\n      \"numberOfCores\":
        32,\r\n      \"osDiskSizeInMB\": 1047552,\r\n      \"resourceDiskSizeInMB\":
        6291456,\r\n      \"memoryInMB\": 458752,\r\n      \"maxDataDiskCount\": 64\r\n
        \   },\r\n    {\r\n      \"name\": \"Standard_GS1\",\r\n      \"numberOfCores\":
        2,\r\n      \"osDiskSizeInMB\": 1047552,\r\n      \"resourceDiskSizeInMB\":
        57344,\r\n      \"memoryInMB\": 28672,\r\n      \"maxDataDiskCount\": 8\r\n
        \   },\r\n    {\r\n      \"name\": \"Standard_GS2\",\r\n      \"numberOfCores\":
        4,\r\n      \"osDiskSizeInMB\": 1047552,\r\n      \"resourceDiskSizeInMB\":
        114688,\r\n      \"memoryInMB\": 57344,\r\n      \"maxDataDiskCount\": 16\r\n
        \   },\r\n    {\r\n      \"name\": \"Standard_GS3\",\r\n      \"numberOfCores\":
        8,\r\n      \"osDiskSizeInMB\": 1047552,\r\n      \"resourceDiskSizeInMB\":
        229376,\r\n      \"memoryInMB\": 114688,\r\n      \"maxDataDiskCount\": 32\r\n
        \   },\r\n    {\r\n      \"name\": \"Standard_GS4\",\r\n      \"numberOfCores\":
        16,\r\n      \"osDiskSizeInMB\": 1047552,\r\n      \"resourceDiskSizeInMB\":
        458752,\r\n      \"memoryInMB\": 229376,\r\n      \"maxDataDiskCount\": 64\r\n
        \   },\r\n    {\r\n      \"name\": \"Standard_GS4-4\",\r\n      \"numberOfCores\":
        16,\r\n      \"osDiskSizeInMB\": 1047552,\r\n      \"resourceDiskSizeInMB\":
        458752,\r\n      \"memoryInMB\": 229376,\r\n      \"maxDataDiskCount\": 64\r\n
        \   },\r\n    {\r\n      \"name\": \"Standard_GS4-8\",\r\n      \"numberOfCores\":
        16,\r\n      \"osDiskSizeInMB\": 1047552,\r\n      \"resourceDiskSizeInMB\":
        458752,\r\n      \"memoryInMB\": 229376,\r\n      \"maxDataDiskCount\": 64\r\n
        \   },\r\n    {\r\n      \"name\": \"Standard_GS5\",\r\n      \"numberOfCores\":
        32,\r\n      \"osDiskSizeInMB\": 1047552,\r\n      \"resourceDiskSizeInMB\":
        917504,\r\n      \"memoryInMB\": 458752,\r\n      \"maxDataDiskCount\": 64\r\n
        \   },\r\n    {\r\n      \"name\": \"Standard_GS5-8\",\r\n      \"numberOfCores\":
        32,\r\n      \"osDiskSizeInMB\": 1047552,\r\n      \"resourceDiskSizeInMB\":
        917504,\r\n      \"memoryInMB\": 458752,\r\n      \"maxDataDiskCount\": 64\r\n
        \   },\r\n    {\r\n      \"name\": \"Standard_GS5-16\",\r\n      \"numberOfCores\":
        32,\r\n      \"osDiskSizeInMB\": 1047552,\r\n      \"resourceDiskSizeInMB\":
        917504,\r\n      \"memoryInMB\": 458752,\r\n      \"maxDataDiskCount\": 64\r\n
        \   },\r\n    {\r\n      \"name\": \"Standard_L4s\",\r\n      \"numberOfCores\":
        4,\r\n      \"osDiskSizeInMB\": 1047552,\r\n      \"resourceDiskSizeInMB\":
        694272,\r\n      \"memoryInMB\": 32768,\r\n      \"maxDataDiskCount\": 16\r\n
        \   },\r\n    {\r\n      \"name\": \"Standard_L8s\",\r\n      \"numberOfCores\":
        8,\r\n      \"osDiskSizeInMB\": 1047552,\r\n      \"resourceDiskSizeInMB\":
        1421312,\r\n      \"memoryInMB\": 65536,\r\n      \"maxDataDiskCount\": 32\r\n
        \   },\r\n    {\r\n      \"name\": \"Standard_L16s\",\r\n      \"numberOfCores\":
        16,\r\n      \"osDiskSizeInMB\": 1047552,\r\n      \"resourceDiskSizeInMB\":
        2874368,\r\n      \"memoryInMB\": 131072,\r\n      \"maxDataDiskCount\": 64\r\n
        \   },\r\n    {\r\n      \"name\": \"Standard_L32s\",\r\n      \"numberOfCores\":
        32,\r\n      \"osDiskSizeInMB\": 1047552,\r\n      \"resourceDiskSizeInMB\":
        5765120,\r\n      \"memoryInMB\": 262144,\r\n      \"maxDataDiskCount\": 64\r\n
        \   },\r\n    {\r\n      \"name\": \"Standard_A8\",\r\n      \"numberOfCores\":
        8,\r\n      \"osDiskSizeInMB\": 1047552,\r\n      \"resourceDiskSizeInMB\":
        391168,\r\n      \"memoryInMB\": 57344,\r\n      \"maxDataDiskCount\": 32\r\n
        \   },\r\n    {\r\n      \"name\": \"Standard_A9\",\r\n      \"numberOfCores\":
        16,\r\n      \"osDiskSizeInMB\": 1047552,\r\n      \"resourceDiskSizeInMB\":
        391168,\r\n      \"memoryInMB\": 114688,\r\n      \"maxDataDiskCount\": 64\r\n
        \   },\r\n    {\r\n      \"name\": \"Standard_A10\",\r\n      \"numberOfCores\":
        8,\r\n      \"osDiskSizeInMB\": 1047552,\r\n      \"resourceDiskSizeInMB\":
        391168,\r\n      \"memoryInMB\": 57344,\r\n      \"maxDataDiskCount\": 32\r\n
        \   },\r\n    {\r\n      \"name\": \"Standard_A11\",\r\n      \"numberOfCores\":
        16,\r\n      \"osDiskSizeInMB\": 1047552,\r\n      \"resourceDiskSizeInMB\":
        391168,\r\n      \"memoryInMB\": 114688,\r\n      \"maxDataDiskCount\": 64\r\n
        \   },\r\n    {\r\n      \"name\": \"Standard_H8\",\r\n      \"numberOfCores\":
        8,\r\n      \"osDiskSizeInMB\": 1047552,\r\n      \"resourceDiskSizeInMB\":
        1024000,\r\n      \"memoryInMB\": 57344,\r\n      \"maxDataDiskCount\": 32\r\n
        \   },\r\n    {\r\n      \"name\": \"Standard_H16\",\r\n      \"numberOfCores\":
        16,\r\n      \"osDiskSizeInMB\": 1047552,\r\n      \"resourceDiskSizeInMB\":
        2048000,\r\n      \"memoryInMB\": 114688,\r\n      \"maxDataDiskCount\": 64\r\n
        \   },\r\n    {\r\n      \"name\": \"Standard_H8m\",\r\n      \"numberOfCores\":
        8,\r\n      \"osDiskSizeInMB\": 1047552,\r\n      \"resourceDiskSizeInMB\":
        1024000,\r\n      \"memoryInMB\": 114688,\r\n      \"maxDataDiskCount\": 32\r\n
        \   },\r\n    {\r\n      \"name\": \"Standard_H16m\",\r\n      \"numberOfCores\":
        16,\r\n      \"osDiskSizeInMB\": 1047552,\r\n      \"resourceDiskSizeInMB\":
        2048000,\r\n      \"memoryInMB\": 229376,\r\n      \"maxDataDiskCount\": 64\r\n
        \   },\r\n    {\r\n      \"name\": \"Standard_H16r\",\r\n      \"numberOfCores\":
        16,\r\n      \"osDiskSizeInMB\": 1047552,\r\n      \"resourceDiskSizeInMB\":
        2048000,\r\n      \"memoryInMB\": 114688,\r\n      \"maxDataDiskCount\": 64\r\n
        \   },\r\n    {\r\n      \"name\": \"Standard_H16mr\",\r\n      \"numberOfCores\":
        16,\r\n      \"osDiskSizeInMB\": 1047552,\r\n      \"resourceDiskSizeInMB\":
        2048000,\r\n      \"memoryInMB\": 229376,\r\n      \"maxDataDiskCount\": 64\r\n
        \   },\r\n    {\r\n      \"name\": \"Standard_F2s_v2\",\r\n      \"numberOfCores\":
        2,\r\n      \"osDiskSizeInMB\": 1047552,\r\n      \"resourceDiskSizeInMB\":
        16384,\r\n      \"memoryInMB\": 4096,\r\n      \"maxDataDiskCount\": 4\r\n
        \   },\r\n    {\r\n      \"name\": \"Standard_F4s_v2\",\r\n      \"numberOfCores\":
        4,\r\n      \"osDiskSizeInMB\": 1047552,\r\n      \"resourceDiskSizeInMB\":
        32768,\r\n      \"memoryInMB\": 8192,\r\n      \"maxDataDiskCount\": 8\r\n
        \   },\r\n    {\r\n      \"name\": \"Standard_F8s_v2\",\r\n      \"numberOfCores\":
        8,\r\n      \"osDiskSizeInMB\": 1047552,\r\n      \"resourceDiskSizeInMB\":
        65536,\r\n      \"memoryInMB\": 16384,\r\n      \"maxDataDiskCount\": 16\r\n
        \   },\r\n    {\r\n      \"name\": \"Standard_F16s_v2\",\r\n      \"numberOfCores\":
        16,\r\n      \"osDiskSizeInMB\": 1047552,\r\n      \"resourceDiskSizeInMB\":
        131072,\r\n      \"memoryInMB\": 32768,\r\n      \"maxDataDiskCount\": 32\r\n
        \   },\r\n    {\r\n      \"name\": \"Standard_F32s_v2\",\r\n      \"numberOfCores\":
        32,\r\n      \"osDiskSizeInMB\": 1047552,\r\n      \"resourceDiskSizeInMB\":
        262144,\r\n      \"memoryInMB\": 65536,\r\n      \"maxDataDiskCount\": 32\r\n
        \   },\r\n    {\r\n      \"name\": \"Standard_F64s_v2\",\r\n      \"numberOfCores\":
        64,\r\n      \"osDiskSizeInMB\": 1047552,\r\n      \"resourceDiskSizeInMB\":
        524288,\r\n      \"memoryInMB\": 131072,\r\n      \"maxDataDiskCount\": 32\r\n
        \   },\r\n    {\r\n      \"name\": \"Standard_F72s_v2\",\r\n      \"numberOfCores\":
        72,\r\n      \"osDiskSizeInMB\": 1047552,\r\n      \"resourceDiskSizeInMB\":
        589824,\r\n      \"memoryInMB\": 147456,\r\n      \"maxDataDiskCount\": 32\r\n
        \   }\r\n  ]\r\n}"}
    headers:
      cache-control: [no-cache]
      content-length: ['34466']
      content-type: [application/json; charset=utf-8]
      date: ['Sun, 15 Jul 2018 00:14:44 GMT']
      expires: ['-1']
      pragma: [no-cache]
      server: [Microsoft-HTTPAPI/2.0, Microsoft-HTTPAPI/2.0]
      strict-transport-security: [max-age=31536000; includeSubDomains]
      transfer-encoding: [chunked]
      vary: [Accept-Encoding]
      x-content-type-options: [nosniff]
      x-ms-ratelimit-remaining-resource: [Microsoft.Compute/GetSubscriptionInfo3Min;479]
    status: {code: 200, message: OK}
- request:
    body: 'b''{"properties": {"parameters": {"adminPassword": {"value": "testPassword0"}},
      "mode": "Incremental", "template": {"variables": {}, "$schema": "https://schema.management.azure.com/schemas/2015-01-01/deploymentTemplate.json#",
      "resources": [{"properties": {"subnets": [{"properties": {"addressPrefix": "10.0.0.0/24"},
      "name": "vrfvmssSubnet"}], "addressSpace": {"addressPrefixes": ["10.0.0.0/16"]}},
      "name": "vrfvmssVNET", "apiVersion": "2015-06-15", "dependsOn": [], "tags":
      {}, "type": "Microsoft.Network/virtualNetworks", "location": "westus"}, {"properties":
      {"inboundNatPools": [{"properties": {"frontendPortRangeStart": "50000", "frontendIPConfiguration":
      {"id": "[concat(resourceId(\''Microsoft.Network/loadBalancers\'', \''vrfvmssLB\''),
      \''/frontendIPConfigurations/\'', \''loadBalancerFrontEnd\'')]"}, "backendPort":
      22, "frontendPortRangeEnd": "50119", "protocol": "tcp"}, "name": "vrfvmssLBNatPool"}],
      "backendAddressPools": [{"name": "vrfvmssLBBEPool"}], "frontendIPConfigurations":
      [{"properties": {"publicIPAddress": {"id": "/subscriptions/00000000-0000-0000-0000-000000000000/resourceGroups/cli_test_vmss_create_options000001/providers/Microsoft.Network/publicIPAddresses/vrfpubip"}},
      "name": "loadBalancerFrontEnd"}]}, "name": "vrfvmssLB", "apiVersion": "2018-01-01",
      "dependsOn": ["Microsoft.Network/virtualNetworks/vrfvmssVNET"], "tags": {},
      "type": "Microsoft.Network/loadBalancers", "location": "westus"}, {"properties":
      {"virtualMachineProfile": {"storageProfile": {"imageReference": {"publisher":
      "credativ", "version": "latest", "sku": "8", "offer": "Debian"}, "dataDisks":
      [{"managedDisk": {"storageAccountType": null}, "lun": 0, "createOption": "empty",
      "diskSizeGB": 1}], "osDisk": {"managedDisk": {"storageAccountType": null}, "createOption":
      "FromImage", "caching": "ReadWrite"}}, "osProfile": {"adminUsername": "myadmin",
      "computerNamePrefix": "vrfvm60b3", "adminPassword": "[parameters(\''adminPassword\'')]"},
      "networkProfile": {"networkInterfaceConfigurations": [{"properties": {"primary":
      "true", "ipConfigurations": [{"properties": {"loadBalancerBackendAddressPools":
      [{"id": "/subscriptions/00000000-0000-0000-0000-000000000000/resourceGroups/cli_test_vmss_create_options000001/providers/Microsoft.Network/loadBalancers/vrfvmssLB/backendAddressPools/vrfvmssLBBEPool"}],
      "loadBalancerInboundNatPools": [{"id": "/subscriptions/00000000-0000-0000-0000-000000000000/resourceGroups/cli_test_vmss_create_options000001/providers/Microsoft.Network/loadBalancers/vrfvmssLB/inboundNatPools/vrfvmssLBNatPool"}],
      "subnet": {"id": "/subscriptions/00000000-0000-0000-0000-000000000000/resourceGroups/cli_test_vmss_create_options000001/providers/Microsoft.Network/virtualNetworks/vrfvmssVNET/subnets/vrfvmssSubnet"}},
      "name": "vrfvm60b3IPConfig"}]}, "name": "vrfvm60b3Nic"}]}}, "singlePlacementGroup":
      null, "overprovision": false, "upgradePolicy": {"mode": "Automatic"}}, "name":
      "vrfvmss", "apiVersion": "2018-06-01", "sku": {"capacity": 2, "name": "Standard_D2_v2"},
      "dependsOn": ["Microsoft.Network/virtualNetworks/vrfvmssVNET", "Microsoft.Network/loadBalancers/vrfvmssLB"],
      "tags": {}, "type": "Microsoft.Compute/virtualMachineScaleSets", "location":
      "westus"}], "parameters": {"adminPassword": {"type": "securestring", "metadata":
      {"description": "Secure adminPassword"}}}, "contentVersion": "1.0.0.0", "outputs":
      {"VMSS": {"value": "[reference(resourceId(\''Microsoft.Compute/virtualMachineScaleSets\'',
      \''vrfvmss\''),providers(\''Microsoft.Compute\'', \''virtualMachineScaleSets\'').apiVersions[0])]",
      "type": "object"}}}}}'''
    headers:
      Accept: [application/json]
      Accept-Encoding: ['gzip, deflate']
      CommandName: [vmss create]
      Connection: [keep-alive]
      Content-Length: ['3678']
      Content-Type: [application/json; charset=utf-8]
      User-Agent: [python/3.5.4 (Windows-10-10.0.17134-SP0) requests/2.19.1 msrest/0.5.1
          msrest_azure/0.4.34 resourcemanagementclient/2.0.0rc3 Azure-SDK-For-Python
          AZURECLI/2.0.43]
      accept-language: [en-US]
    method: PUT
    uri: https://management.azure.com/subscriptions/00000000-0000-0000-0000-000000000000/resourcegroups/cli_test_vmss_create_options000001/providers/Microsoft.Resources/deployments/mock-deployment?api-version=2018-05-01
  response:
    body: {string: '{"id":"/subscriptions/00000000-0000-0000-0000-000000000000/resourceGroups/cli_test_vmss_create_options000001/providers/Microsoft.Resources/deployments/vmss_deploy_mXBijUA0BUxQZbbwbV55z1k6gvsF5tHz","name":"vmss_deploy_mXBijUA0BUxQZbbwbV55z1k6gvsF5tHz","properties":{"templateHash":"3465355382943005441","parameters":{"adminPassword":{"type":"SecureString"}},"mode":"Incremental","provisioningState":"Accepted","timestamp":"2018-07-15T00:14:47.0110904Z","duration":"PT0.8666708S","correlationId":"d410a6ee-8f79-4af2-95a2-31bb0e651e7d","providers":[{"namespace":"Microsoft.Network","resourceTypes":[{"resourceType":"virtualNetworks","locations":["westus"]},{"resourceType":"loadBalancers","locations":["westus"]}]},{"namespace":"Microsoft.Compute","resourceTypes":[{"resourceType":"virtualMachineScaleSets","locations":["westus"]}]}],"dependencies":[{"dependsOn":[{"id":"/subscriptions/00000000-0000-0000-0000-000000000000/resourceGroups/cli_test_vmss_create_options000001/providers/Microsoft.Network/virtualNetworks/vrfvmssVNET","resourceType":"Microsoft.Network/virtualNetworks","resourceName":"vrfvmssVNET"}],"id":"/subscriptions/00000000-0000-0000-0000-000000000000/resourceGroups/cli_test_vmss_create_options000001/providers/Microsoft.Network/loadBalancers/vrfvmssLB","resourceType":"Microsoft.Network/loadBalancers","resourceName":"vrfvmssLB"},{"dependsOn":[{"id":"/subscriptions/00000000-0000-0000-0000-000000000000/resourceGroups/cli_test_vmss_create_options000001/providers/Microsoft.Network/virtualNetworks/vrfvmssVNET","resourceType":"Microsoft.Network/virtualNetworks","resourceName":"vrfvmssVNET"},{"id":"/subscriptions/00000000-0000-0000-0000-000000000000/resourceGroups/cli_test_vmss_create_options000001/providers/Microsoft.Network/loadBalancers/vrfvmssLB","resourceType":"Microsoft.Network/loadBalancers","resourceName":"vrfvmssLB"}],"id":"/subscriptions/00000000-0000-0000-0000-000000000000/resourceGroups/cli_test_vmss_create_options000001/providers/Microsoft.Compute/virtualMachineScaleSets/vrfvmss","resourceType":"Microsoft.Compute/virtualMachineScaleSets","resourceName":"vrfvmss"}]}}'}
    headers:
      azure-asyncoperation: ['https://management.azure.com/subscriptions/00000000-0000-0000-0000-000000000000/resourcegroups/cli_test_vmss_create_options000001/providers/Microsoft.Resources/deployments/vmss_deploy_mXBijUA0BUxQZbbwbV55z1k6gvsF5tHz/operationStatuses/08586699931993332063?api-version=2018-05-01']
      cache-control: [no-cache]
      content-length: ['2350']
      content-type: [application/json; charset=utf-8]
      date: ['Sun, 15 Jul 2018 00:14:47 GMT']
      expires: ['-1']
      pragma: [no-cache]
      strict-transport-security: [max-age=31536000; includeSubDomains]
      x-content-type-options: [nosniff]
      x-ms-ratelimit-remaining-subscription-writes: ['1198']
    status: {code: 201, message: Created}
- request:
    body: null
    headers:
      Accept: [application/json]
      Accept-Encoding: ['gzip, deflate']
      CommandName: [vmss create]
      Connection: [keep-alive]
      User-Agent: [python/3.5.4 (Windows-10-10.0.17134-SP0) requests/2.19.1 msrest/0.5.1
          msrest_azure/0.4.34 resourcemanagementclient/2.0.0rc3 Azure-SDK-For-Python
          AZURECLI/2.0.43]
    method: GET
    uri: https://management.azure.com/subscriptions/00000000-0000-0000-0000-000000000000/resourcegroups/cli_test_vmss_create_options000001/providers/Microsoft.Resources/deployments/mock-deployment/operationStatuses/08586699931993332063?api-version=2018-05-01
  response:
    body: {string: '{"status":"Running"}'}
    headers:
      cache-control: [no-cache]
      content-length: ['20']
      content-type: [application/json; charset=utf-8]
      date: ['Sun, 15 Jul 2018 00:15:17 GMT']
      expires: ['-1']
      pragma: [no-cache]
      strict-transport-security: [max-age=31536000; includeSubDomains]
      vary: [Accept-Encoding]
      x-content-type-options: [nosniff]
    status: {code: 200, message: OK}
- request:
    body: null
    headers:
      Accept: [application/json]
      Accept-Encoding: ['gzip, deflate']
      CommandName: [vmss create]
      Connection: [keep-alive]
      User-Agent: [python/3.5.4 (Windows-10-10.0.17134-SP0) requests/2.19.1 msrest/0.5.1
          msrest_azure/0.4.34 resourcemanagementclient/2.0.0rc3 Azure-SDK-For-Python
          AZURECLI/2.0.43]
    method: GET
    uri: https://management.azure.com/subscriptions/00000000-0000-0000-0000-000000000000/resourcegroups/cli_test_vmss_create_options000001/providers/Microsoft.Resources/deployments/mock-deployment/operationStatuses/08586699931993332063?api-version=2018-05-01
  response:
    body: {string: '{"status":"Running"}'}
    headers:
      cache-control: [no-cache]
      content-length: ['20']
      content-type: [application/json; charset=utf-8]
      date: ['Sun, 15 Jul 2018 00:15:48 GMT']
      expires: ['-1']
      pragma: [no-cache]
      strict-transport-security: [max-age=31536000; includeSubDomains]
      vary: [Accept-Encoding]
      x-content-type-options: [nosniff]
    status: {code: 200, message: OK}
- request:
    body: null
    headers:
      Accept: [application/json]
      Accept-Encoding: ['gzip, deflate']
      CommandName: [vmss create]
      Connection: [keep-alive]
      User-Agent: [python/3.5.4 (Windows-10-10.0.17134-SP0) requests/2.19.1 msrest/0.5.1
          msrest_azure/0.4.34 resourcemanagementclient/2.0.0rc3 Azure-SDK-For-Python
          AZURECLI/2.0.43]
    method: GET
    uri: https://management.azure.com/subscriptions/00000000-0000-0000-0000-000000000000/resourcegroups/cli_test_vmss_create_options000001/providers/Microsoft.Resources/deployments/mock-deployment/operationStatuses/08586699931993332063?api-version=2018-05-01
  response:
    body: {string: '{"status":"Running"}'}
    headers:
      cache-control: [no-cache]
      content-length: ['20']
      content-type: [application/json; charset=utf-8]
      date: ['Sun, 15 Jul 2018 00:16:19 GMT']
      expires: ['-1']
      pragma: [no-cache]
      strict-transport-security: [max-age=31536000; includeSubDomains]
      vary: [Accept-Encoding]
      x-content-type-options: [nosniff]
    status: {code: 200, message: OK}
- request:
    body: null
    headers:
      Accept: [application/json]
      Accept-Encoding: ['gzip, deflate']
      CommandName: [vmss create]
      Connection: [keep-alive]
      User-Agent: [python/3.5.4 (Windows-10-10.0.17134-SP0) requests/2.19.1 msrest/0.5.1
          msrest_azure/0.4.34 resourcemanagementclient/2.0.0rc3 Azure-SDK-For-Python
          AZURECLI/2.0.43]
    method: GET
    uri: https://management.azure.com/subscriptions/00000000-0000-0000-0000-000000000000/resourcegroups/cli_test_vmss_create_options000001/providers/Microsoft.Resources/deployments/mock-deployment/operationStatuses/08586699931993332063?api-version=2018-05-01
  response:
    body: {string: '{"status":"Running"}'}
    headers:
      cache-control: [no-cache]
      content-length: ['20']
      content-type: [application/json; charset=utf-8]
      date: ['Sun, 15 Jul 2018 00:16:49 GMT']
      expires: ['-1']
      pragma: [no-cache]
      strict-transport-security: [max-age=31536000; includeSubDomains]
      vary: [Accept-Encoding]
      x-content-type-options: [nosniff]
    status: {code: 200, message: OK}
- request:
    body: null
    headers:
      Accept: [application/json]
      Accept-Encoding: ['gzip, deflate']
      CommandName: [vmss create]
      Connection: [keep-alive]
      User-Agent: [python/3.5.4 (Windows-10-10.0.17134-SP0) requests/2.19.1 msrest/0.5.1
          msrest_azure/0.4.34 resourcemanagementclient/2.0.0rc3 Azure-SDK-For-Python
          AZURECLI/2.0.43]
    method: GET
    uri: https://management.azure.com/subscriptions/00000000-0000-0000-0000-000000000000/resourcegroups/cli_test_vmss_create_options000001/providers/Microsoft.Resources/deployments/mock-deployment/operationStatuses/08586699931993332063?api-version=2018-05-01
  response:
    body: {string: '{"status":"Running"}'}
    headers:
      cache-control: [no-cache]
      content-length: ['20']
      content-type: [application/json; charset=utf-8]
      date: ['Sun, 15 Jul 2018 00:17:20 GMT']
      expires: ['-1']
      pragma: [no-cache]
      strict-transport-security: [max-age=31536000; includeSubDomains]
      vary: [Accept-Encoding]
      x-content-type-options: [nosniff]
    status: {code: 200, message: OK}
- request:
    body: null
    headers:
      Accept: [application/json]
      Accept-Encoding: ['gzip, deflate']
      CommandName: [vmss create]
      Connection: [keep-alive]
      User-Agent: [python/3.5.4 (Windows-10-10.0.17134-SP0) requests/2.19.1 msrest/0.5.1
          msrest_azure/0.4.34 resourcemanagementclient/2.0.0rc3 Azure-SDK-For-Python
          AZURECLI/2.0.43]
    method: GET
    uri: https://management.azure.com/subscriptions/00000000-0000-0000-0000-000000000000/resourcegroups/cli_test_vmss_create_options000001/providers/Microsoft.Resources/deployments/mock-deployment/operationStatuses/08586699931993332063?api-version=2018-05-01
  response:
    body: {string: '{"status":"Succeeded"}'}
    headers:
      cache-control: [no-cache]
      content-length: ['22']
      content-type: [application/json; charset=utf-8]
      date: ['Sun, 15 Jul 2018 00:17:51 GMT']
      expires: ['-1']
      pragma: [no-cache]
      strict-transport-security: [max-age=31536000; includeSubDomains]
      vary: [Accept-Encoding]
      x-content-type-options: [nosniff]
    status: {code: 200, message: OK}
- request:
    body: null
    headers:
      Accept: [application/json]
      Accept-Encoding: ['gzip, deflate']
      CommandName: [vmss create]
      Connection: [keep-alive]
      User-Agent: [python/3.5.4 (Windows-10-10.0.17134-SP0) requests/2.19.1 msrest/0.5.1
          msrest_azure/0.4.34 resourcemanagementclient/2.0.0rc3 Azure-SDK-For-Python
          AZURECLI/2.0.43]
    method: GET
    uri: https://management.azure.com/subscriptions/00000000-0000-0000-0000-000000000000/resourcegroups/cli_test_vmss_create_options000001/providers/Microsoft.Resources/deployments/mock-deployment?api-version=2018-05-01
  response:
    body: {string: '{"id":"/subscriptions/00000000-0000-0000-0000-000000000000/resourceGroups/cli_test_vmss_create_options000001/providers/Microsoft.Resources/deployments/vmss_deploy_mXBijUA0BUxQZbbwbV55z1k6gvsF5tHz","name":"vmss_deploy_mXBijUA0BUxQZbbwbV55z1k6gvsF5tHz","properties":{"templateHash":"3465355382943005441","parameters":{"adminPassword":{"type":"SecureString"}},"mode":"Incremental","provisioningState":"Succeeded","timestamp":"2018-07-15T00:17:31.0779474Z","duration":"PT2M44.9335278S","correlationId":"d410a6ee-8f79-4af2-95a2-31bb0e651e7d","providers":[{"namespace":"Microsoft.Network","resourceTypes":[{"resourceType":"virtualNetworks","locations":["westus"]},{"resourceType":"loadBalancers","locations":["westus"]}]},{"namespace":"Microsoft.Compute","resourceTypes":[{"resourceType":"virtualMachineScaleSets","locations":["westus"]}]}],"dependencies":[{"dependsOn":[{"id":"/subscriptions/00000000-0000-0000-0000-000000000000/resourceGroups/cli_test_vmss_create_options000001/providers/Microsoft.Network/virtualNetworks/vrfvmssVNET","resourceType":"Microsoft.Network/virtualNetworks","resourceName":"vrfvmssVNET"}],"id":"/subscriptions/00000000-0000-0000-0000-000000000000/resourceGroups/cli_test_vmss_create_options000001/providers/Microsoft.Network/loadBalancers/vrfvmssLB","resourceType":"Microsoft.Network/loadBalancers","resourceName":"vrfvmssLB"},{"dependsOn":[{"id":"/subscriptions/00000000-0000-0000-0000-000000000000/resourceGroups/cli_test_vmss_create_options000001/providers/Microsoft.Network/virtualNetworks/vrfvmssVNET","resourceType":"Microsoft.Network/virtualNetworks","resourceName":"vrfvmssVNET"},{"id":"/subscriptions/00000000-0000-0000-0000-000000000000/resourceGroups/cli_test_vmss_create_options000001/providers/Microsoft.Network/loadBalancers/vrfvmssLB","resourceType":"Microsoft.Network/loadBalancers","resourceName":"vrfvmssLB"}],"id":"/subscriptions/00000000-0000-0000-0000-000000000000/resourceGroups/cli_test_vmss_create_options000001/providers/Microsoft.Compute/virtualMachineScaleSets/vrfvmss","resourceType":"Microsoft.Compute/virtualMachineScaleSets","resourceName":"vrfvmss"}],"outputs":{"vmss":{"type":"Object","value":{"singlePlacementGroup":true,"upgradePolicy":{"mode":"Automatic","automaticOSUpgrade":false},"virtualMachineProfile":{"osProfile":{"computerNamePrefix":"vrfvm60b3","adminUsername":"myadmin","linuxConfiguration":{"disablePasswordAuthentication":false,"provisionVMAgent":true},"secrets":[],"allowExtensionOperations":true},"storageProfile":{"osDisk":{"createOption":"FromImage","caching":"ReadWrite","managedDisk":{"storageAccountType":"Standard_LRS"}},"imageReference":{"publisher":"credativ","offer":"Debian","sku":"8","version":"latest"},"dataDisks":[{"lun":0,"createOption":"Empty","caching":"None","managedDisk":{"storageAccountType":"Standard_LRS"},"diskSizeGB":1}]},"networkProfile":{"networkInterfaceConfigurations":[{"name":"vrfvm60b3Nic","properties":{"primary":true,"enableAcceleratedNetworking":false,"dnsSettings":{"dnsServers":[]},"enableIPForwarding":false,"ipConfigurations":[{"name":"vrfvm60b3IPConfig","properties":{"subnet":{"id":"/subscriptions/00000000-0000-0000-0000-000000000000/resourceGroups/cli_test_vmss_create_options000001/providers/Microsoft.Network/virtualNetworks/vrfvmssVNET/subnets/vrfvmssSubnet"},"privateIPAddressVersion":"IPv4","loadBalancerBackendAddressPools":[{"id":"/subscriptions/00000000-0000-0000-0000-000000000000/resourceGroups/cli_test_vmss_create_options000001/providers/Microsoft.Network/loadBalancers/vrfvmssLB/backendAddressPools/vrfvmssLBBEPool"}],"loadBalancerInboundNatPools":[{"id":"/subscriptions/00000000-0000-0000-0000-000000000000/resourceGroups/cli_test_vmss_create_options000001/providers/Microsoft.Network/loadBalancers/vrfvmssLB/inboundNatPools/vrfvmssLBNatPool"}]}}]}}]}},"provisioningState":"Succeeded","overprovision":false,"uniqueId":"b46f2bd8-dba5-4f6f-814d-28053c36516f"}}},"outputResources":[{"id":"/subscriptions/00000000-0000-0000-0000-000000000000/resourceGroups/cli_test_vmss_create_options000001/providers/Microsoft.Compute/virtualMachineScaleSets/vrfvmss"},{"id":"/subscriptions/00000000-0000-0000-0000-000000000000/resourceGroups/cli_test_vmss_create_options000001/providers/Microsoft.Network/loadBalancers/vrfvmssLB"},{"id":"/subscriptions/00000000-0000-0000-0000-000000000000/resourceGroups/cli_test_vmss_create_options000001/providers/Microsoft.Network/virtualNetworks/vrfvmssVNET"}]}}'}
    headers:
      cache-control: [no-cache]
      content-length: ['4905']
      content-type: [application/json; charset=utf-8]
      date: ['Sun, 15 Jul 2018 00:17:51 GMT']
      expires: ['-1']
      pragma: [no-cache]
      strict-transport-security: [max-age=31536000; includeSubDomains]
      vary: [Accept-Encoding]
      x-content-type-options: [nosniff]
    status: {code: 200, message: OK}
- request:
    body: null
    headers:
      Accept: [application/json]
      Accept-Encoding: ['gzip, deflate']
      CommandName: [network lb show]
      Connection: [keep-alive]
      Content-Type: [application/json; charset=utf-8]
      User-Agent: [python/3.5.4 (Windows-10-10.0.17134-SP0) requests/2.19.1 msrest/0.5.1
          msrest_azure/0.4.34 networkmanagementclient/2.0.0rc3 Azure-SDK-For-Python
          AZURECLI/2.0.43]
      accept-language: [en-US]
    method: GET
    uri: https://management.azure.com/subscriptions/00000000-0000-0000-0000-000000000000/resourceGroups/cli_test_vmss_create_options000001/providers/Microsoft.Network/loadBalancers/vrfvmsslb?api-version=2018-02-01
  response:
    body: {string: "{\r\n  \"name\": \"vrfvmssLB\",\r\n  \"id\": \"/subscriptions/00000000-0000-0000-0000-000000000000/resourceGroups/cli_test_vmss_create_options000001/providers/Microsoft.Network/loadBalancers/vrfvmssLB\",\r\n
        \ \"etag\": \"W/\\\"4a293793-8cde-496c-b9ef-549b378260d8\\\"\",\r\n  \"type\":
        \"Microsoft.Network/loadBalancers\",\r\n  \"location\": \"westus\",\r\n  \"tags\":
        {},\r\n  \"properties\": {\r\n    \"provisioningState\": \"Succeeded\",\r\n
        \   \"resourceGuid\": \"e24b18fd-f513-4bad-854c-482fdaf0ae6e\",\r\n    \"frontendIPConfigurations\":
        [\r\n      {\r\n        \"name\": \"loadBalancerFrontEnd\",\r\n        \"id\":
        \"/subscriptions/00000000-0000-0000-0000-000000000000/resourceGroups/cli_test_vmss_create_options000001/providers/Microsoft.Network/loadBalancers/vrfvmssLB/frontendIPConfigurations/loadBalancerFrontEnd\",\r\n
        \       \"etag\": \"W/\\\"4a293793-8cde-496c-b9ef-549b378260d8\\\"\",\r\n
        \       \"properties\": {\r\n          \"provisioningState\": \"Succeeded\",\r\n
        \         \"privateIPAllocationMethod\": \"Dynamic\",\r\n          \"publicIPAddress\":
        {\r\n            \"id\": \"/subscriptions/00000000-0000-0000-0000-000000000000/resourceGroups/cli_test_vmss_create_options000001/providers/Microsoft.Network/publicIPAddresses/vrfpubip\"\r\n
        \         },\r\n          \"inboundNatRules\": [\r\n            {\r\n              \"id\":
        \"/subscriptions/00000000-0000-0000-0000-000000000000/resourceGroups/cli_test_vmss_create_options000001/providers/Microsoft.Network/loadBalancers/vrfvmssLB/inboundNatRules/vrfvmssLBNatPool.0\"\r\n
        \           },\r\n            {\r\n              \"id\": \"/subscriptions/00000000-0000-0000-0000-000000000000/resourceGroups/cli_test_vmss_create_options000001/providers/Microsoft.Network/loadBalancers/vrfvmssLB/inboundNatRules/vrfvmssLBNatPool.1\"\r\n
        \           }\r\n          ],\r\n          \"inboundNatPools\": [\r\n            {\r\n
        \             \"id\": \"/subscriptions/00000000-0000-0000-0000-000000000000/resourceGroups/cli_test_vmss_create_options000001/providers/Microsoft.Network/loadBalancers/vrfvmssLB/inboundNatPools/vrfvmssLBNatPool\"\r\n
        \           }\r\n          ]\r\n        }\r\n      }\r\n    ],\r\n    \"backendAddressPools\":
        [\r\n      {\r\n        \"name\": \"vrfvmssLBBEPool\",\r\n        \"id\":
        \"/subscriptions/00000000-0000-0000-0000-000000000000/resourceGroups/cli_test_vmss_create_options000001/providers/Microsoft.Network/loadBalancers/vrfvmssLB/backendAddressPools/vrfvmssLBBEPool\",\r\n
        \       \"etag\": \"W/\\\"4a293793-8cde-496c-b9ef-549b378260d8\\\"\",\r\n
        \       \"properties\": {\r\n          \"provisioningState\": \"Succeeded\",\r\n
        \         \"backendIPConfigurations\": [\r\n            {\r\n              \"id\":
        \"/subscriptions/00000000-0000-0000-0000-000000000000/resourceGroups/cli_test_vmss_create_options000001/providers/Microsoft.Compute/virtualMachineScaleSets/vrfvmss/virtualMachines/0/networkInterfaces/vrfvm60b3Nic/ipConfigurations/vrfvm60b3IPConfig\"\r\n
        \           },\r\n            {\r\n              \"id\": \"/subscriptions/00000000-0000-0000-0000-000000000000/resourceGroups/cli_test_vmss_create_options000001/providers/Microsoft.Compute/virtualMachineScaleSets/vrfvmss/virtualMachines/1/networkInterfaces/vrfvm60b3Nic/ipConfigurations/vrfvm60b3IPConfig\"\r\n
        \           }\r\n          ]\r\n        }\r\n      }\r\n    ],\r\n    \"loadBalancingRules\":
        [],\r\n    \"probes\": [],\r\n    \"inboundNatRules\": [\r\n      {\r\n        \"name\":
        \"vrfvmssLBNatPool.0\",\r\n        \"id\": \"/subscriptions/00000000-0000-0000-0000-000000000000/resourceGroups/cli_test_vmss_create_options000001/providers/Microsoft.Network/loadBalancers/vrfvmssLB/inboundNatRules/vrfvmssLBNatPool.0\",\r\n
        \       \"etag\": \"W/\\\"4a293793-8cde-496c-b9ef-549b378260d8\\\"\",\r\n
        \       \"properties\": {\r\n          \"provisioningState\": \"Succeeded\",\r\n
        \         \"frontendIPConfiguration\": {\r\n            \"id\": \"/subscriptions/00000000-0000-0000-0000-000000000000/resourceGroups/cli_test_vmss_create_options000001/providers/Microsoft.Network/loadBalancers/vrfvmssLB/frontendIPConfigurations/loadBalancerFrontEnd\"\r\n
        \         },\r\n          \"frontendPort\": 50000,\r\n          \"backendPort\":
        22,\r\n          \"enableFloatingIP\": false,\r\n          \"idleTimeoutInMinutes\":
        4,\r\n          \"protocol\": \"Tcp\",\r\n          \"enableDestinationServiceEndpoint\":
        false,\r\n          \"backendIPConfiguration\": {\r\n            \"id\": \"/subscriptions/00000000-0000-0000-0000-000000000000/resourceGroups/cli_test_vmss_create_options000001/providers/Microsoft.Compute/virtualMachineScaleSets/vrfvmss/virtualMachines/0/networkInterfaces/vrfvm60b3Nic/ipConfigurations/vrfvm60b3IPConfig\"\r\n
        \         }\r\n        }\r\n      },\r\n      {\r\n        \"name\": \"vrfvmssLBNatPool.1\",\r\n
        \       \"id\": \"/subscriptions/00000000-0000-0000-0000-000000000000/resourceGroups/cli_test_vmss_create_options000001/providers/Microsoft.Network/loadBalancers/vrfvmssLB/inboundNatRules/vrfvmssLBNatPool.1\",\r\n
        \       \"etag\": \"W/\\\"4a293793-8cde-496c-b9ef-549b378260d8\\\"\",\r\n
        \       \"properties\": {\r\n          \"provisioningState\": \"Succeeded\",\r\n
        \         \"frontendIPConfiguration\": {\r\n            \"id\": \"/subscriptions/00000000-0000-0000-0000-000000000000/resourceGroups/cli_test_vmss_create_options000001/providers/Microsoft.Network/loadBalancers/vrfvmssLB/frontendIPConfigurations/loadBalancerFrontEnd\"\r\n
        \         },\r\n          \"frontendPort\": 50001,\r\n          \"backendPort\":
        22,\r\n          \"enableFloatingIP\": false,\r\n          \"idleTimeoutInMinutes\":
        4,\r\n          \"protocol\": \"Tcp\",\r\n          \"enableDestinationServiceEndpoint\":
        false,\r\n          \"backendIPConfiguration\": {\r\n            \"id\": \"/subscriptions/00000000-0000-0000-0000-000000000000/resourceGroups/cli_test_vmss_create_options000001/providers/Microsoft.Compute/virtualMachineScaleSets/vrfvmss/virtualMachines/1/networkInterfaces/vrfvm60b3Nic/ipConfigurations/vrfvm60b3IPConfig\"\r\n
        \         }\r\n        }\r\n      }\r\n    ],\r\n    \"inboundNatPools\":
        [\r\n      {\r\n        \"name\": \"vrfvmssLBNatPool\",\r\n        \"id\":
        \"/subscriptions/00000000-0000-0000-0000-000000000000/resourceGroups/cli_test_vmss_create_options000001/providers/Microsoft.Network/loadBalancers/vrfvmssLB/inboundNatPools/vrfvmssLBNatPool\",\r\n
        \       \"etag\": \"W/\\\"4a293793-8cde-496c-b9ef-549b378260d8\\\"\",\r\n
        \       \"properties\": {\r\n          \"provisioningState\": \"Succeeded\",\r\n
        \         \"frontendPortRangeStart\": 50000,\r\n          \"frontendPortRangeEnd\":
        50119,\r\n          \"backendPort\": 22,\r\n          \"protocol\": \"Tcp\",\r\n
        \         \"idleTimeoutInMinutes\": 4,\r\n          \"enableFloatingIP\":
        false,\r\n          \"enableDestinationServiceEndpoint\": false,\r\n          \"frontendIPConfiguration\":
        {\r\n            \"id\": \"/subscriptions/00000000-0000-0000-0000-000000000000/resourceGroups/cli_test_vmss_create_options000001/providers/Microsoft.Network/loadBalancers/vrfvmssLB/frontendIPConfigurations/loadBalancerFrontEnd\"\r\n
        \         }\r\n        }\r\n      }\r\n    ]\r\n  },\r\n  \"sku\": {\r\n    \"name\":
        \"Basic\",\r\n    \"tier\": \"Regional\"\r\n  }\r\n}"}
    headers:
      cache-control: [no-cache]
      content-length: ['7397']
      content-type: [application/json; charset=utf-8]
      date: ['Sun, 15 Jul 2018 00:17:52 GMT']
      etag: [W/"4a293793-8cde-496c-b9ef-549b378260d8"]
      expires: ['-1']
      pragma: [no-cache]
      server: [Microsoft-HTTPAPI/2.0, Microsoft-HTTPAPI/2.0]
      strict-transport-security: [max-age=31536000; includeSubDomains]
      transfer-encoding: [chunked]
      vary: [Accept-Encoding]
      x-content-type-options: [nosniff]
    status: {code: 200, message: OK}
- request:
    body: null
    headers:
      Accept: [application/json]
      Accept-Encoding: ['gzip, deflate']
      CommandName: [vmss show]
      Connection: [keep-alive]
      Content-Type: [application/json; charset=utf-8]
      User-Agent: [python/3.5.4 (Windows-10-10.0.17134-SP0) requests/2.19.1 msrest/0.5.1
          msrest_azure/0.4.34 computemanagementclient/4.0.0rc3 Azure-SDK-For-Python
          AZURECLI/2.0.43]
      accept-language: [en-US]
    method: GET
    uri: https://management.azure.com/subscriptions/00000000-0000-0000-0000-000000000000/resourceGroups/cli_test_vmss_create_options000001/providers/Microsoft.Compute/virtualMachineScaleSets/vrfvmss?api-version=2018-06-01
  response:
    body: {string: "{\r\n  \"sku\": {\r\n    \"name\": \"Standard_D2_v2\",\r\n    \"tier\":
        \"Standard\",\r\n    \"capacity\": 2\r\n  },\r\n  \"properties\": {\r\n    \"singlePlacementGroup\":
        true,\r\n    \"upgradePolicy\": {\r\n      \"mode\": \"Automatic\",\r\n      \"automaticOSUpgrade\":
        false\r\n    },\r\n    \"virtualMachineProfile\": {\r\n      \"osProfile\":
        {\r\n        \"computerNamePrefix\": \"vrfvm60b3\",\r\n        \"adminUsername\":
        \"myadmin\",\r\n        \"linuxConfiguration\": {\r\n          \"disablePasswordAuthentication\":
        false,\r\n          \"provisionVMAgent\": true\r\n        },\r\n        \"secrets\":
        [],\r\n        \"allowExtensionOperations\": true\r\n      },\r\n      \"storageProfile\":
        {\r\n        \"osDisk\": {\r\n          \"createOption\": \"FromImage\",\r\n
        \         \"caching\": \"ReadWrite\",\r\n          \"managedDisk\": {\r\n
        \           \"storageAccountType\": \"Standard_LRS\"\r\n          }\r\n        },\r\n
        \       \"imageReference\": {\r\n          \"publisher\": \"credativ\",\r\n
        \         \"offer\": \"Debian\",\r\n          \"sku\": \"8\",\r\n          \"version\":
        \"latest\"\r\n        },\r\n        \"dataDisks\": [\r\n          {\r\n            \"lun\":
        0,\r\n            \"createOption\": \"Empty\",\r\n            \"caching\":
        \"None\",\r\n            \"managedDisk\": {\r\n              \"storageAccountType\":
        \"Standard_LRS\"\r\n            },\r\n            \"diskSizeGB\": 1\r\n          }\r\n
        \       ]\r\n      },\r\n      \"networkProfile\": {\"networkInterfaceConfigurations\":[{\"name\":\"vrfvm60b3Nic\",\"properties\":{\"primary\":true,\"enableAcceleratedNetworking\":false,\"dnsSettings\":{\"dnsServers\":[]},\"enableIPForwarding\":false,\"ipConfigurations\":[{\"name\":\"vrfvm60b3IPConfig\",\"properties\":{\"subnet\":{\"id\":\"/subscriptions/00000000-0000-0000-0000-000000000000/resourceGroups/cli_test_vmss_create_options000001/providers/Microsoft.Network/virtualNetworks/vrfvmssVNET/subnets/vrfvmssSubnet\"},\"privateIPAddressVersion\":\"IPv4\",\"loadBalancerBackendAddressPools\":[{\"id\":\"/subscriptions/00000000-0000-0000-0000-000000000000/resourceGroups/cli_test_vmss_create_options000001/providers/Microsoft.Network/loadBalancers/vrfvmssLB/backendAddressPools/vrfvmssLBBEPool\"}],\"loadBalancerInboundNatPools\":[{\"id\":\"/subscriptions/00000000-0000-0000-0000-000000000000/resourceGroups/cli_test_vmss_create_options000001/providers/Microsoft.Network/loadBalancers/vrfvmssLB/inboundNatPools/vrfvmssLBNatPool\"}]}}]}}]}\r\n
        \   },\r\n    \"provisioningState\": \"Succeeded\",\r\n    \"overprovision\":
        false,\r\n    \"uniqueId\": \"b46f2bd8-dba5-4f6f-814d-28053c36516f\"\r\n  },\r\n
        \ \"type\": \"Microsoft.Compute/virtualMachineScaleSets\",\r\n  \"location\":
        \"westus\",\r\n  \"tags\": {},\r\n  \"id\": \"/subscriptions/00000000-0000-0000-0000-000000000000/resourceGroups/cli_test_vmss_create_options000001/providers/Microsoft.Compute/virtualMachineScaleSets/vrfvmss\",\r\n
        \ \"name\": \"vrfvmss\"\r\n}"}
    headers:
      cache-control: [no-cache]
      content-length: ['2830']
      content-type: [application/json; charset=utf-8]
      date: ['Sun, 15 Jul 2018 00:17:52 GMT']
      expires: ['-1']
      pragma: [no-cache]
      server: [Microsoft-HTTPAPI/2.0, Microsoft-HTTPAPI/2.0]
      strict-transport-security: [max-age=31536000; includeSubDomains]
      transfer-encoding: [chunked]
      vary: [Accept-Encoding]
      x-content-type-options: [nosniff]
      x-ms-ratelimit-remaining-resource: ['Microsoft.Compute/GetVMScaleSet3Min;190,Microsoft.Compute/GetVMScaleSet30Min;1473']
    status: {code: 200, message: OK}
- request:
    body: null
    headers:
      Accept: [application/json]
      Accept-Encoding: ['gzip, deflate']
      CommandName: [vmss list-instances]
      Connection: [keep-alive]
      Content-Type: [application/json; charset=utf-8]
      User-Agent: [python/3.5.4 (Windows-10-10.0.17134-SP0) requests/2.19.1 msrest/0.5.1
          msrest_azure/0.4.34 computemanagementclient/4.0.0rc3 Azure-SDK-For-Python
          AZURECLI/2.0.43]
      accept-language: [en-US]
    method: GET
    uri: https://management.azure.com/subscriptions/00000000-0000-0000-0000-000000000000/resourceGroups/cli_test_vmss_create_options000001/providers/Microsoft.Compute/virtualMachineScaleSets/vrfvmss/virtualMachines?api-version=2018-06-01
  response:
    body: {string: "{\r\n  \"value\": [\r\n    {\r\n      \"instanceId\": \"0\",\r\n
        \     \"sku\": {\r\n        \"name\": \"Standard_D2_v2\",\r\n        \"tier\":
        \"Standard\"\r\n      },\r\n      \"properties\": {\r\n        \"latestModelApplied\":
        true,\r\n        \"vmId\": \"9d2c574a-c3e7-480b-84d5-e1b506a5fab1\",\r\n        \"hardwareProfile\":
        {},\r\n        \"storageProfile\": {\r\n          \"imageReference\": {\r\n
        \           \"publisher\": \"credativ\",\r\n            \"offer\": \"Debian\",\r\n
        \           \"sku\": \"8\",\r\n            \"version\": \"8.0.201805160\"\r\n
        \         },\r\n          \"osDisk\": {\r\n            \"osType\": \"Linux\",\r\n
        \           \"name\": \"vrfvmss_vrfvmss_0_OsDisk_1_f15098d78c7b4cf9a8f502c5d3e3b087\",\r\n
        \           \"createOption\": \"FromImage\",\r\n            \"caching\": \"ReadWrite\",\r\n
        \           \"managedDisk\": {\r\n              \"storageAccountType\": \"Standard_LRS\",\r\n
        \             \"id\": \"/subscriptions/00000000-0000-0000-0000-000000000000/resourceGroups/cli_test_vmss_create_options000001/providers/Microsoft.Compute/disks/vrfvmss_vrfvmss_0_OsDisk_1_f15098d78c7b4cf9a8f502c5d3e3b087\"\r\n
        \           },\r\n            \"diskSizeGB\": 30\r\n          },\r\n          \"dataDisks\":
        [\r\n            {\r\n              \"lun\": 0,\r\n              \"name\":
        \"vrfvmss_vrfvmss_0_disk2_e560c57e7cde49eb86857fda8cc98291\",\r\n              \"createOption\":
        \"Empty\",\r\n              \"caching\": \"None\",\r\n              \"managedDisk\":
        {\r\n                \"storageAccountType\": \"Standard_LRS\",\r\n                \"id\":
        \"/subscriptions/00000000-0000-0000-0000-000000000000/resourceGroups/cli_test_vmss_create_options000001/providers/Microsoft.Compute/disks/vrfvmss_vrfvmss_0_disk2_e560c57e7cde49eb86857fda8cc98291\"\r\n
        \             },\r\n              \"diskSizeGB\": 1\r\n            }\r\n          ]\r\n
        \       },\r\n        \"osProfile\": {\r\n          \"computerName\": \"vrfvm60b3000000\",\r\n
        \         \"adminUsername\": \"myadmin\",\r\n          \"linuxConfiguration\":
        {\r\n            \"disablePasswordAuthentication\": false,\r\n            \"provisionVMAgent\":
        true\r\n          },\r\n          \"secrets\": [],\r\n          \"allowExtensionOperations\":
        true\r\n        },\r\n        \"networkProfile\": {\"networkInterfaces\":[{\"id\":\"/subscriptions/00000000-0000-0000-0000-000000000000/resourceGroups/cli_test_vmss_create_options000001/providers/Microsoft.Compute/virtualMachineScaleSets/vrfvmss/virtualMachines/0/networkInterfaces/vrfvm60b3Nic\"}]},\r\n
        \       \"provisioningState\": \"Succeeded\"\r\n      },\r\n      \"type\":
        \"Microsoft.Compute/virtualMachineScaleSets/virtualMachines\",\r\n      \"location\":
        \"westus\",\r\n      \"tags\": {},\r\n      \"id\": \"/subscriptions/00000000-0000-0000-0000-000000000000/resourceGroups/CLI_TEST_VMSS_CREATE_OPTIONSNWJAH24SD5NLMQWFGNWYDQAL5FBIZPJ2XTH7ZUTG5QZSTPZ/providers/Microsoft.Compute/virtualMachineScaleSets/vrfvmss/virtualMachines/0\",\r\n
        \     \"name\": \"vrfvmss_0\"\r\n    },\r\n    {\r\n      \"instanceId\":
        \"1\",\r\n      \"sku\": {\r\n        \"name\": \"Standard_D2_v2\",\r\n        \"tier\":
        \"Standard\"\r\n      },\r\n      \"properties\": {\r\n        \"latestModelApplied\":
        true,\r\n        \"vmId\": \"bb65cfe6-cec6-41f8-a95a-fa14b909087a\",\r\n        \"hardwareProfile\":
        {},\r\n        \"storageProfile\": {\r\n          \"imageReference\": {\r\n
        \           \"publisher\": \"credativ\",\r\n            \"offer\": \"Debian\",\r\n
        \           \"sku\": \"8\",\r\n            \"version\": \"8.0.201805160\"\r\n
        \         },\r\n          \"osDisk\": {\r\n            \"osType\": \"Linux\",\r\n
        \           \"name\": \"vrfvmss_vrfvmss_1_OsDisk_1_d204c5cf8254432e9dd3e38c50b17f8c\",\r\n
        \           \"createOption\": \"FromImage\",\r\n            \"caching\": \"ReadWrite\",\r\n
        \           \"managedDisk\": {\r\n              \"storageAccountType\": \"Standard_LRS\",\r\n
        \             \"id\": \"/subscriptions/00000000-0000-0000-0000-000000000000/resourceGroups/cli_test_vmss_create_options000001/providers/Microsoft.Compute/disks/vrfvmss_vrfvmss_1_OsDisk_1_d204c5cf8254432e9dd3e38c50b17f8c\"\r\n
        \           },\r\n            \"diskSizeGB\": 30\r\n          },\r\n          \"dataDisks\":
        [\r\n            {\r\n              \"lun\": 0,\r\n              \"name\":
        \"vrfvmss_vrfvmss_1_disk2_e38292139f074e8dadbaba7de8d8810f\",\r\n              \"createOption\":
        \"Empty\",\r\n              \"caching\": \"None\",\r\n              \"managedDisk\":
        {\r\n                \"storageAccountType\": \"Standard_LRS\",\r\n                \"id\":
        \"/subscriptions/00000000-0000-0000-0000-000000000000/resourceGroups/cli_test_vmss_create_options000001/providers/Microsoft.Compute/disks/vrfvmss_vrfvmss_1_disk2_e38292139f074e8dadbaba7de8d8810f\"\r\n
        \             },\r\n              \"diskSizeGB\": 1\r\n            }\r\n          ]\r\n
        \       },\r\n        \"osProfile\": {\r\n          \"computerName\": \"vrfvm60b3000001\",\r\n
        \         \"adminUsername\": \"myadmin\",\r\n          \"linuxConfiguration\":
        {\r\n            \"disablePasswordAuthentication\": false,\r\n            \"provisionVMAgent\":
        true\r\n          },\r\n          \"secrets\": [],\r\n          \"allowExtensionOperations\":
        true\r\n        },\r\n        \"networkProfile\": {\"networkInterfaces\":[{\"id\":\"/subscriptions/00000000-0000-0000-0000-000000000000/resourceGroups/cli_test_vmss_create_options000001/providers/Microsoft.Compute/virtualMachineScaleSets/vrfvmss/virtualMachines/1/networkInterfaces/vrfvm60b3Nic\"}]},\r\n
        \       \"provisioningState\": \"Succeeded\"\r\n      },\r\n      \"type\":
        \"Microsoft.Compute/virtualMachineScaleSets/virtualMachines\",\r\n      \"location\":
        \"westus\",\r\n      \"tags\": {},\r\n      \"id\": \"/subscriptions/00000000-0000-0000-0000-000000000000/resourceGroups/CLI_TEST_VMSS_CREATE_OPTIONSNWJAH24SD5NLMQWFGNWYDQAL5FBIZPJ2XTH7ZUTG5QZSTPZ/providers/Microsoft.Compute/virtualMachineScaleSets/vrfvmss/virtualMachines/1\",\r\n
        \     \"name\": \"vrfvmss_1\"\r\n    }\r\n  ]\r\n}"}
    headers:
      cache-control: [no-cache]
      content-length: ['5724']
      content-type: [application/json; charset=utf-8]
      date: ['Sun, 15 Jul 2018 00:17:53 GMT']
      expires: ['-1']
      pragma: [no-cache]
      server: [Microsoft-HTTPAPI/2.0, Microsoft-HTTPAPI/2.0]
      strict-transport-security: [max-age=31536000; includeSubDomains]
      transfer-encoding: [chunked]
      vary: [Accept-Encoding]
      x-content-type-options: [nosniff]
      x-ms-ratelimit-remaining-resource: ['Microsoft.Compute/HighCostGetVMScaleSet3Min;177,Microsoft.Compute/HighCostGetVMScaleSet30Min;893,Microsoft.Compute/VMScaleSetVMViews3Min;4994']
      x-ms-request-charge: ['2']
    status: {code: 200, message: OK}
- request:
    body: null
    headers:
      Accept: [application/json]
      Accept-Encoding: ['gzip, deflate']
      CommandName: [vmss show]
      Connection: [keep-alive]
      Content-Type: [application/json; charset=utf-8]
      User-Agent: [python/3.5.4 (Windows-10-10.0.17134-SP0) requests/2.19.1 msrest/0.5.1
          msrest_azure/0.4.34 computemanagementclient/4.0.0rc3 Azure-SDK-For-Python
          AZURECLI/2.0.43]
      accept-language: [en-US]
    method: GET
    uri: https://management.azure.com/subscriptions/00000000-0000-0000-0000-000000000000/resourceGroups/cli_test_vmss_create_options000001/providers/Microsoft.Compute/virtualMachineScaleSets/vrfvmss/virtualmachines/0?api-version=2018-06-01
  response:
    body: {string: "{\r\n  \"instanceId\": \"0\",\r\n  \"sku\": {\r\n    \"name\":
        \"Standard_D2_v2\",\r\n    \"tier\": \"Standard\"\r\n  },\r\n  \"properties\":
        {\r\n    \"latestModelApplied\": true,\r\n    \"vmId\": \"9d2c574a-c3e7-480b-84d5-e1b506a5fab1\",\r\n
        \   \"hardwareProfile\": {},\r\n    \"storageProfile\": {\r\n      \"imageReference\":
        {\r\n        \"publisher\": \"credativ\",\r\n        \"offer\": \"Debian\",\r\n
        \       \"sku\": \"8\",\r\n        \"version\": \"8.0.201805160\"\r\n      },\r\n
        \     \"osDisk\": {\r\n        \"osType\": \"Linux\",\r\n        \"name\":
        \"vrfvmss_vrfvmss_0_OsDisk_1_f15098d78c7b4cf9a8f502c5d3e3b087\",\r\n        \"createOption\":
        \"FromImage\",\r\n        \"caching\": \"ReadWrite\",\r\n        \"managedDisk\":
        {\r\n          \"storageAccountType\": \"Standard_LRS\",\r\n          \"id\":
        \"/subscriptions/00000000-0000-0000-0000-000000000000/resourceGroups/cli_test_vmss_create_options000001/providers/Microsoft.Compute/disks/vrfvmss_vrfvmss_0_OsDisk_1_f15098d78c7b4cf9a8f502c5d3e3b087\"\r\n
        \       },\r\n        \"diskSizeGB\": 30\r\n      },\r\n      \"dataDisks\":
        [\r\n        {\r\n          \"lun\": 0,\r\n          \"name\": \"vrfvmss_vrfvmss_0_disk2_e560c57e7cde49eb86857fda8cc98291\",\r\n
        \         \"createOption\": \"Empty\",\r\n          \"caching\": \"None\",\r\n
        \         \"managedDisk\": {\r\n            \"storageAccountType\": \"Standard_LRS\",\r\n
        \           \"id\": \"/subscriptions/00000000-0000-0000-0000-000000000000/resourceGroups/cli_test_vmss_create_options000001/providers/Microsoft.Compute/disks/vrfvmss_vrfvmss_0_disk2_e560c57e7cde49eb86857fda8cc98291\"\r\n
        \         },\r\n          \"diskSizeGB\": 1\r\n        }\r\n      ]\r\n    },\r\n
        \   \"osProfile\": {\r\n      \"computerName\": \"vrfvm60b3000000\",\r\n      \"adminUsername\":
        \"myadmin\",\r\n      \"linuxConfiguration\": {\r\n        \"disablePasswordAuthentication\":
        false,\r\n        \"provisionVMAgent\": true\r\n      },\r\n      \"secrets\":
        [],\r\n      \"allowExtensionOperations\": true\r\n    },\r\n    \"networkProfile\":
        {\"networkInterfaces\":[{\"id\":\"/subscriptions/00000000-0000-0000-0000-000000000000/resourceGroups/cli_test_vmss_create_options000001/providers/Microsoft.Compute/virtualMachineScaleSets/vrfvmss/virtualMachines/0/networkInterfaces/vrfvm60b3Nic\"}]},\r\n
        \   \"provisioningState\": \"Succeeded\"\r\n  },\r\n  \"type\": \"Microsoft.Compute/virtualMachineScaleSets/virtualMachines\",\r\n
        \ \"location\": \"westus\",\r\n  \"tags\": {},\r\n  \"id\": \"/subscriptions/00000000-0000-0000-0000-000000000000/resourceGroups/cli_test_vmss_create_options000001/providers/Microsoft.Compute/virtualMachineScaleSets/vrfvmss/virtualMachines/0\",\r\n
        \ \"name\": \"vrfvmss_0\"\r\n}"}
    headers:
      cache-control: [no-cache]
      content-length: ['2604']
      content-type: [application/json; charset=utf-8]
      date: ['Sun, 15 Jul 2018 00:17:54 GMT']
      expires: ['-1']
      pragma: [no-cache]
      server: [Microsoft-HTTPAPI/2.0, Microsoft-HTTPAPI/2.0]
      strict-transport-security: [max-age=31536000; includeSubDomains]
      transfer-encoding: [chunked]
      vary: [Accept-Encoding]
      x-content-type-options: [nosniff]
      x-ms-ratelimit-remaining-resource: ['Microsoft.Compute/GetVMScaleSetVM3Min;499,Microsoft.Compute/GetVMScaleSetVM30Min;2499,Microsoft.Compute/VMScaleSetVMViews3Min;4993']
      x-ms-request-charge: ['1']
    status: {code: 200, message: OK}
- request:
    body: null
    headers:
      Accept: [application/json]
      Accept-Encoding: ['gzip, deflate']
      CommandName: [vmss disk attach]
      Connection: [keep-alive]
      Content-Type: [application/json; charset=utf-8]
      User-Agent: [python/3.5.4 (Windows-10-10.0.17134-SP0) requests/2.19.1 msrest/0.5.1
          msrest_azure/0.4.34 computemanagementclient/4.0.0rc3 Azure-SDK-For-Python
          AZURECLI/2.0.43]
      accept-language: [en-US]
    method: GET
    uri: https://management.azure.com/subscriptions/00000000-0000-0000-0000-000000000000/resourceGroups/cli_test_vmss_create_options000001/providers/Microsoft.Compute/virtualMachineScaleSets/vrfvmss?api-version=2018-06-01
  response:
    body: {string: "{\r\n  \"sku\": {\r\n    \"name\": \"Standard_D2_v2\",\r\n    \"tier\":
        \"Standard\",\r\n    \"capacity\": 2\r\n  },\r\n  \"properties\": {\r\n    \"singlePlacementGroup\":
        true,\r\n    \"upgradePolicy\": {\r\n      \"mode\": \"Automatic\",\r\n      \"automaticOSUpgrade\":
        false\r\n    },\r\n    \"virtualMachineProfile\": {\r\n      \"osProfile\":
        {\r\n        \"computerNamePrefix\": \"vrfvm60b3\",\r\n        \"adminUsername\":
        \"myadmin\",\r\n        \"linuxConfiguration\": {\r\n          \"disablePasswordAuthentication\":
        false,\r\n          \"provisionVMAgent\": true\r\n        },\r\n        \"secrets\":
        [],\r\n        \"allowExtensionOperations\": true\r\n      },\r\n      \"storageProfile\":
        {\r\n        \"osDisk\": {\r\n          \"createOption\": \"FromImage\",\r\n
        \         \"caching\": \"ReadWrite\",\r\n          \"managedDisk\": {\r\n
        \           \"storageAccountType\": \"Standard_LRS\"\r\n          }\r\n        },\r\n
        \       \"imageReference\": {\r\n          \"publisher\": \"credativ\",\r\n
        \         \"offer\": \"Debian\",\r\n          \"sku\": \"8\",\r\n          \"version\":
        \"latest\"\r\n        },\r\n        \"dataDisks\": [\r\n          {\r\n            \"lun\":
        0,\r\n            \"createOption\": \"Empty\",\r\n            \"caching\":
        \"None\",\r\n            \"managedDisk\": {\r\n              \"storageAccountType\":
        \"Standard_LRS\"\r\n            },\r\n            \"diskSizeGB\": 1\r\n          }\r\n
        \       ]\r\n      },\r\n      \"networkProfile\": {\"networkInterfaceConfigurations\":[{\"name\":\"vrfvm60b3Nic\",\"properties\":{\"primary\":true,\"enableAcceleratedNetworking\":false,\"dnsSettings\":{\"dnsServers\":[]},\"enableIPForwarding\":false,\"ipConfigurations\":[{\"name\":\"vrfvm60b3IPConfig\",\"properties\":{\"subnet\":{\"id\":\"/subscriptions/00000000-0000-0000-0000-000000000000/resourceGroups/cli_test_vmss_create_options000001/providers/Microsoft.Network/virtualNetworks/vrfvmssVNET/subnets/vrfvmssSubnet\"},\"privateIPAddressVersion\":\"IPv4\",\"loadBalancerBackendAddressPools\":[{\"id\":\"/subscriptions/00000000-0000-0000-0000-000000000000/resourceGroups/cli_test_vmss_create_options000001/providers/Microsoft.Network/loadBalancers/vrfvmssLB/backendAddressPools/vrfvmssLBBEPool\"}],\"loadBalancerInboundNatPools\":[{\"id\":\"/subscriptions/00000000-0000-0000-0000-000000000000/resourceGroups/cli_test_vmss_create_options000001/providers/Microsoft.Network/loadBalancers/vrfvmssLB/inboundNatPools/vrfvmssLBNatPool\"}]}}]}}]}\r\n
        \   },\r\n    \"provisioningState\": \"Succeeded\",\r\n    \"overprovision\":
        false,\r\n    \"uniqueId\": \"b46f2bd8-dba5-4f6f-814d-28053c36516f\"\r\n  },\r\n
        \ \"type\": \"Microsoft.Compute/virtualMachineScaleSets\",\r\n  \"location\":
        \"westus\",\r\n  \"tags\": {},\r\n  \"id\": \"/subscriptions/00000000-0000-0000-0000-000000000000/resourceGroups/cli_test_vmss_create_options000001/providers/Microsoft.Compute/virtualMachineScaleSets/vrfvmss\",\r\n
        \ \"name\": \"vrfvmss\"\r\n}"}
    headers:
      cache-control: [no-cache]
      content-length: ['2830']
      content-type: [application/json; charset=utf-8]
      date: ['Sun, 15 Jul 2018 00:17:54 GMT']
      expires: ['-1']
      pragma: [no-cache]
      server: [Microsoft-HTTPAPI/2.0, Microsoft-HTTPAPI/2.0]
      strict-transport-security: [max-age=31536000; includeSubDomains]
      transfer-encoding: [chunked]
      vary: [Accept-Encoding]
      x-content-type-options: [nosniff]
      x-ms-ratelimit-remaining-resource: ['Microsoft.Compute/GetVMScaleSet3Min;189,Microsoft.Compute/GetVMScaleSet30Min;1472']
    status: {code: 200, message: OK}
- request:
    body: 'b''{"properties": {"singlePlacementGroup": true, "virtualMachineProfile":
      {"storageProfile": {"imageReference": {"sku": "8", "publisher": "credativ",
      "version": "latest", "offer": "Debian"}, "dataDisks": [{"managedDisk": {"storageAccountType":
      "Standard_LRS"}, "lun": 0, "diskSizeGB": 1, "createOption": "Empty", "caching":
      "None"}, {"lun": 1, "createOption": "Empty", "diskSizeGB": 3}], "osDisk": {"managedDisk":
      {"storageAccountType": "Standard_LRS"}, "createOption": "FromImage", "caching":
      "ReadWrite"}}, "osProfile": {"adminUsername": "myadmin", "computerNamePrefix":
      "vrfvm60b3", "linuxConfiguration": {"disablePasswordAuthentication": false,
      "provisionVMAgent": true}, "secrets": []}, "networkProfile": {"networkInterfaceConfigurations":
      [{"properties": {"primary": true, "enableIPForwarding": false, "enableAcceleratedNetworking":
      false, "dnsSettings": {"dnsServers": []}, "ipConfigurations": [{"properties":
      {"privateIPAddressVersion": "IPv4", "loadBalancerBackendAddressPools": [{"id":
      "/subscriptions/00000000-0000-0000-0000-000000000000/resourceGroups/cli_test_vmss_create_options000001/providers/Microsoft.Network/loadBalancers/vrfvmssLB/backendAddressPools/vrfvmssLBBEPool"}],
      "loadBalancerInboundNatPools": [{"id": "/subscriptions/00000000-0000-0000-0000-000000000000/resourceGroups/cli_test_vmss_create_options000001/providers/Microsoft.Network/loadBalancers/vrfvmssLB/inboundNatPools/vrfvmssLBNatPool"}],
      "subnet": {"id": "/subscriptions/00000000-0000-0000-0000-000000000000/resourceGroups/cli_test_vmss_create_options000001/providers/Microsoft.Network/virtualNetworks/vrfvmssVNET/subnets/vrfvmssSubnet"}},
      "name": "vrfvm60b3IPConfig"}]}, "name": "vrfvm60b3Nic"}]}}, "overprovision":
      false, "upgradePolicy": {"automaticOSUpgrade": false, "mode": "Automatic"}},
      "tags": {}, "sku": {"capacity": 2, "name": "Standard_D2_v2", "tier": "Standard"},
      "location": "westus"}'''
    headers:
      Accept: [application/json]
      Accept-Encoding: ['gzip, deflate']
      CommandName: [vmss disk attach]
      Connection: [keep-alive]
      Content-Length: ['2001']
      Content-Type: [application/json; charset=utf-8]
      User-Agent: [python/3.5.4 (Windows-10-10.0.17134-SP0) requests/2.19.1 msrest/0.5.1
          msrest_azure/0.4.34 computemanagementclient/4.0.0rc3 Azure-SDK-For-Python
          AZURECLI/2.0.43]
      accept-language: [en-US]
    method: PUT
    uri: https://management.azure.com/subscriptions/00000000-0000-0000-0000-000000000000/resourceGroups/cli_test_vmss_create_options000001/providers/Microsoft.Compute/virtualMachineScaleSets/vrfvmss?api-version=2018-06-01
  response:
    body: {string: "{\r\n  \"sku\": {\r\n    \"name\": \"Standard_D2_v2\",\r\n    \"tier\":
        \"Standard\",\r\n    \"capacity\": 2\r\n  },\r\n  \"properties\": {\r\n    \"singlePlacementGroup\":
        true,\r\n    \"upgradePolicy\": {\r\n      \"mode\": \"Automatic\",\r\n      \"automaticOSUpgrade\":
        false\r\n    },\r\n    \"virtualMachineProfile\": {\r\n      \"osProfile\":
        {\r\n        \"computerNamePrefix\": \"vrfvm60b3\",\r\n        \"adminUsername\":
        \"myadmin\",\r\n        \"linuxConfiguration\": {\r\n          \"disablePasswordAuthentication\":
        false,\r\n          \"provisionVMAgent\": true\r\n        },\r\n        \"secrets\":
        [],\r\n        \"allowExtensionOperations\": true\r\n      },\r\n      \"storageProfile\":
        {\r\n        \"osDisk\": {\r\n          \"createOption\": \"FromImage\",\r\n
        \         \"caching\": \"ReadWrite\",\r\n          \"managedDisk\": {\r\n
        \           \"storageAccountType\": \"Standard_LRS\"\r\n          }\r\n        },\r\n
        \       \"imageReference\": {\r\n          \"publisher\": \"credativ\",\r\n
        \         \"offer\": \"Debian\",\r\n          \"sku\": \"8\",\r\n          \"version\":
        \"latest\"\r\n        },\r\n        \"dataDisks\": [\r\n          {\r\n            \"lun\":
        0,\r\n            \"createOption\": \"Empty\",\r\n            \"caching\":
        \"None\",\r\n            \"managedDisk\": {\r\n              \"storageAccountType\":
        \"Standard_LRS\"\r\n            },\r\n            \"diskSizeGB\": 1\r\n          },\r\n
        \         {\r\n            \"lun\": 1,\r\n            \"createOption\": \"Empty\",\r\n
        \           \"caching\": \"None\",\r\n            \"managedDisk\": {\r\n              \"storageAccountType\":
        \"Standard_LRS\"\r\n            },\r\n            \"diskSizeGB\": 3\r\n          }\r\n
        \       ]\r\n      },\r\n      \"networkProfile\": {\"networkInterfaceConfigurations\":[{\"name\":\"vrfvm60b3Nic\",\"properties\":{\"primary\":true,\"enableAcceleratedNetworking\":false,\"dnsSettings\":{\"dnsServers\":[]},\"enableIPForwarding\":false,\"ipConfigurations\":[{\"name\":\"vrfvm60b3IPConfig\",\"properties\":{\"subnet\":{\"id\":\"/subscriptions/00000000-0000-0000-0000-000000000000/resourceGroups/cli_test_vmss_create_options000001/providers/Microsoft.Network/virtualNetworks/vrfvmssVNET/subnets/vrfvmssSubnet\"},\"privateIPAddressVersion\":\"IPv4\",\"loadBalancerBackendAddressPools\":[{\"id\":\"/subscriptions/00000000-0000-0000-0000-000000000000/resourceGroups/cli_test_vmss_create_options000001/providers/Microsoft.Network/loadBalancers/vrfvmssLB/backendAddressPools/vrfvmssLBBEPool\"}],\"loadBalancerInboundNatPools\":[{\"id\":\"/subscriptions/00000000-0000-0000-0000-000000000000/resourceGroups/cli_test_vmss_create_options000001/providers/Microsoft.Network/loadBalancers/vrfvmssLB/inboundNatPools/vrfvmssLBNatPool\"}]}}]}}]}\r\n
        \   },\r\n    \"provisioningState\": \"Updating\",\r\n    \"overprovision\":
        false,\r\n    \"uniqueId\": \"b46f2bd8-dba5-4f6f-814d-28053c36516f\"\r\n  },\r\n
        \ \"type\": \"Microsoft.Compute/virtualMachineScaleSets\",\r\n  \"location\":
        \"westus\",\r\n  \"tags\": {},\r\n  \"id\": \"/subscriptions/00000000-0000-0000-0000-000000000000/resourceGroups/cli_test_vmss_create_options000001/providers/Microsoft.Compute/virtualMachineScaleSets/vrfvmss\",\r\n
        \ \"name\": \"vrfvmss\"\r\n}"}
    headers:
      azure-asyncoperation: ['https://management.azure.com/subscriptions/00000000-0000-0000-0000-000000000000/providers/Microsoft.Compute/locations/westus/operations/70fe3952-1749-4e70-b281-37df2e7f9840?api-version=2018-06-01']
      cache-control: [no-cache]
      content-length: ['3076']
      content-type: [application/json; charset=utf-8]
      date: ['Sun, 15 Jul 2018 00:17:57 GMT']
      expires: ['-1']
      pragma: [no-cache]
      server: [Microsoft-HTTPAPI/2.0, Microsoft-HTTPAPI/2.0]
      strict-transport-security: [max-age=31536000; includeSubDomains]
      transfer-encoding: [chunked]
      vary: [Accept-Encoding]
      x-content-type-options: [nosniff]
      x-ms-ratelimit-remaining-resource: ['Microsoft.Compute/CreateVMScaleSet3Min;38,Microsoft.Compute/CreateVMScaleSet30Min;196,Microsoft.Compute/VMScaleSetBatchedVMRequests5Min;1194,Microsoft.Compute/VmssQueuedVMOperations;4798']
      x-ms-ratelimit-remaining-subscription-writes: ['1199']
      x-ms-request-charge: ['2']
    status: {code: 200, message: OK}
- request:
    body: null
    headers:
      Accept: [application/json]
      Accept-Encoding: ['gzip, deflate']
      CommandName: [vmss disk attach]
      Connection: [keep-alive]
      User-Agent: [python/3.5.4 (Windows-10-10.0.17134-SP0) requests/2.19.1 msrest/0.5.1
          msrest_azure/0.4.34 computemanagementclient/4.0.0rc3 Azure-SDK-For-Python
          AZURECLI/2.0.43]
    method: GET
    uri: https://management.azure.com/subscriptions/00000000-0000-0000-0000-000000000000/providers/Microsoft.Compute/locations/westus/operations/70fe3952-1749-4e70-b281-37df2e7f9840?api-version=2018-06-01
  response:
    body: {string: "{\r\n  \"startTime\": \"2018-07-15T00:17:57.7558212+00:00\",\r\n
        \ \"endTime\": \"2018-07-15T00:18:05.2548323+00:00\",\r\n  \"status\": \"Succeeded\",\r\n
        \ \"name\": \"70fe3952-1749-4e70-b281-37df2e7f9840\"\r\n}"}
    headers:
      cache-control: [no-cache]
      content-length: ['184']
      content-type: [application/json; charset=utf-8]
      date: ['Sun, 15 Jul 2018 00:18:08 GMT']
      expires: ['-1']
      pragma: [no-cache]
      server: [Microsoft-HTTPAPI/2.0, Microsoft-HTTPAPI/2.0]
      strict-transport-security: [max-age=31536000; includeSubDomains]
      transfer-encoding: [chunked]
      vary: [Accept-Encoding]
      x-content-type-options: [nosniff]
      x-ms-ratelimit-remaining-resource: ['Microsoft.Compute/GetOperation3Min;14985,Microsoft.Compute/GetOperation30Min;29864']
    status: {code: 200, message: OK}
- request:
    body: null
    headers:
      Accept: [application/json]
      Accept-Encoding: ['gzip, deflate']
      CommandName: [vmss disk attach]
      Connection: [keep-alive]
      User-Agent: [python/3.5.4 (Windows-10-10.0.17134-SP0) requests/2.19.1 msrest/0.5.1
          msrest_azure/0.4.34 computemanagementclient/4.0.0rc3 Azure-SDK-For-Python
          AZURECLI/2.0.43]
    method: GET
    uri: https://management.azure.com/subscriptions/00000000-0000-0000-0000-000000000000/resourceGroups/cli_test_vmss_create_options000001/providers/Microsoft.Compute/virtualMachineScaleSets/vrfvmss?api-version=2018-06-01
  response:
    body: {string: "{\r\n  \"sku\": {\r\n    \"name\": \"Standard_D2_v2\",\r\n    \"tier\":
        \"Standard\",\r\n    \"capacity\": 2\r\n  },\r\n  \"properties\": {\r\n    \"singlePlacementGroup\":
        true,\r\n    \"upgradePolicy\": {\r\n      \"mode\": \"Automatic\",\r\n      \"automaticOSUpgrade\":
        false\r\n    },\r\n    \"virtualMachineProfile\": {\r\n      \"osProfile\":
        {\r\n        \"computerNamePrefix\": \"vrfvm60b3\",\r\n        \"adminUsername\":
        \"myadmin\",\r\n        \"linuxConfiguration\": {\r\n          \"disablePasswordAuthentication\":
        false,\r\n          \"provisionVMAgent\": true\r\n        },\r\n        \"secrets\":
        [],\r\n        \"allowExtensionOperations\": true\r\n      },\r\n      \"storageProfile\":
        {\r\n        \"osDisk\": {\r\n          \"createOption\": \"FromImage\",\r\n
        \         \"caching\": \"ReadWrite\",\r\n          \"managedDisk\": {\r\n
        \           \"storageAccountType\": \"Standard_LRS\"\r\n          }\r\n        },\r\n
        \       \"imageReference\": {\r\n          \"publisher\": \"credativ\",\r\n
        \         \"offer\": \"Debian\",\r\n          \"sku\": \"8\",\r\n          \"version\":
        \"latest\"\r\n        },\r\n        \"dataDisks\": [\r\n          {\r\n            \"lun\":
        0,\r\n            \"createOption\": \"Empty\",\r\n            \"caching\":
        \"None\",\r\n            \"managedDisk\": {\r\n              \"storageAccountType\":
        \"Standard_LRS\"\r\n            },\r\n            \"diskSizeGB\": 1\r\n          },\r\n
        \         {\r\n            \"lun\": 1,\r\n            \"createOption\": \"Empty\",\r\n
        \           \"caching\": \"None\",\r\n            \"managedDisk\": {\r\n              \"storageAccountType\":
        \"Standard_LRS\"\r\n            },\r\n            \"diskSizeGB\": 3\r\n          }\r\n
        \       ]\r\n      },\r\n      \"networkProfile\": {\"networkInterfaceConfigurations\":[{\"name\":\"vrfvm60b3Nic\",\"properties\":{\"primary\":true,\"enableAcceleratedNetworking\":false,\"dnsSettings\":{\"dnsServers\":[]},\"enableIPForwarding\":false,\"ipConfigurations\":[{\"name\":\"vrfvm60b3IPConfig\",\"properties\":{\"subnet\":{\"id\":\"/subscriptions/00000000-0000-0000-0000-000000000000/resourceGroups/cli_test_vmss_create_options000001/providers/Microsoft.Network/virtualNetworks/vrfvmssVNET/subnets/vrfvmssSubnet\"},\"privateIPAddressVersion\":\"IPv4\",\"loadBalancerBackendAddressPools\":[{\"id\":\"/subscriptions/00000000-0000-0000-0000-000000000000/resourceGroups/cli_test_vmss_create_options000001/providers/Microsoft.Network/loadBalancers/vrfvmssLB/backendAddressPools/vrfvmssLBBEPool\"}],\"loadBalancerInboundNatPools\":[{\"id\":\"/subscriptions/00000000-0000-0000-0000-000000000000/resourceGroups/cli_test_vmss_create_options000001/providers/Microsoft.Network/loadBalancers/vrfvmssLB/inboundNatPools/vrfvmssLBNatPool\"}]}}]}}]}\r\n
        \   },\r\n    \"provisioningState\": \"Succeeded\",\r\n    \"overprovision\":
        false,\r\n    \"uniqueId\": \"b46f2bd8-dba5-4f6f-814d-28053c36516f\"\r\n  },\r\n
        \ \"type\": \"Microsoft.Compute/virtualMachineScaleSets\",\r\n  \"location\":
        \"westus\",\r\n  \"tags\": {},\r\n  \"id\": \"/subscriptions/00000000-0000-0000-0000-000000000000/resourceGroups/cli_test_vmss_create_options000001/providers/Microsoft.Compute/virtualMachineScaleSets/vrfvmss\",\r\n
        \ \"name\": \"vrfvmss\"\r\n}"}
    headers:
      cache-control: [no-cache]
      content-length: ['3077']
      content-type: [application/json; charset=utf-8]
      date: ['Sun, 15 Jul 2018 00:18:09 GMT']
      expires: ['-1']
      pragma: [no-cache]
      server: [Microsoft-HTTPAPI/2.0, Microsoft-HTTPAPI/2.0]
      strict-transport-security: [max-age=31536000; includeSubDomains]
      transfer-encoding: [chunked]
      vary: [Accept-Encoding]
      x-content-type-options: [nosniff]
      x-ms-ratelimit-remaining-resource: ['Microsoft.Compute/GetVMScaleSet3Min;187,Microsoft.Compute/GetVMScaleSet30Min;1470']
    status: {code: 200, message: OK}
- request:
    body: null
    headers:
      Accept: [application/json]
      Accept-Encoding: ['gzip, deflate']
      CommandName: [vmss show]
      Connection: [keep-alive]
      Content-Type: [application/json; charset=utf-8]
      User-Agent: [python/3.5.4 (Windows-10-10.0.17134-SP0) requests/2.19.1 msrest/0.5.1
          msrest_azure/0.4.34 computemanagementclient/4.0.0rc3 Azure-SDK-For-Python
          AZURECLI/2.0.43]
      accept-language: [en-US]
    method: GET
    uri: https://management.azure.com/subscriptions/00000000-0000-0000-0000-000000000000/resourceGroups/cli_test_vmss_create_options000001/providers/Microsoft.Compute/virtualMachineScaleSets/vrfvmss?api-version=2018-06-01
  response:
    body: {string: "{\r\n  \"sku\": {\r\n    \"name\": \"Standard_D2_v2\",\r\n    \"tier\":
        \"Standard\",\r\n    \"capacity\": 2\r\n  },\r\n  \"properties\": {\r\n    \"singlePlacementGroup\":
        true,\r\n    \"upgradePolicy\": {\r\n      \"mode\": \"Automatic\",\r\n      \"automaticOSUpgrade\":
        false\r\n    },\r\n    \"virtualMachineProfile\": {\r\n      \"osProfile\":
        {\r\n        \"computerNamePrefix\": \"vrfvm60b3\",\r\n        \"adminUsername\":
        \"myadmin\",\r\n        \"linuxConfiguration\": {\r\n          \"disablePasswordAuthentication\":
        false,\r\n          \"provisionVMAgent\": true\r\n        },\r\n        \"secrets\":
        [],\r\n        \"allowExtensionOperations\": true\r\n      },\r\n      \"storageProfile\":
        {\r\n        \"osDisk\": {\r\n          \"createOption\": \"FromImage\",\r\n
        \         \"caching\": \"ReadWrite\",\r\n          \"managedDisk\": {\r\n
        \           \"storageAccountType\": \"Standard_LRS\"\r\n          }\r\n        },\r\n
        \       \"imageReference\": {\r\n          \"publisher\": \"credativ\",\r\n
        \         \"offer\": \"Debian\",\r\n          \"sku\": \"8\",\r\n          \"version\":
        \"latest\"\r\n        },\r\n        \"dataDisks\": [\r\n          {\r\n            \"lun\":
        0,\r\n            \"createOption\": \"Empty\",\r\n            \"caching\":
        \"None\",\r\n            \"managedDisk\": {\r\n              \"storageAccountType\":
        \"Standard_LRS\"\r\n            },\r\n            \"diskSizeGB\": 1\r\n          },\r\n
        \         {\r\n            \"lun\": 1,\r\n            \"createOption\": \"Empty\",\r\n
        \           \"caching\": \"None\",\r\n            \"managedDisk\": {\r\n              \"storageAccountType\":
        \"Standard_LRS\"\r\n            },\r\n            \"diskSizeGB\": 3\r\n          }\r\n
        \       ]\r\n      },\r\n      \"networkProfile\": {\"networkInterfaceConfigurations\":[{\"name\":\"vrfvm60b3Nic\",\"properties\":{\"primary\":true,\"enableAcceleratedNetworking\":false,\"dnsSettings\":{\"dnsServers\":[]},\"enableIPForwarding\":false,\"ipConfigurations\":[{\"name\":\"vrfvm60b3IPConfig\",\"properties\":{\"subnet\":{\"id\":\"/subscriptions/00000000-0000-0000-0000-000000000000/resourceGroups/cli_test_vmss_create_options000001/providers/Microsoft.Network/virtualNetworks/vrfvmssVNET/subnets/vrfvmssSubnet\"},\"privateIPAddressVersion\":\"IPv4\",\"loadBalancerBackendAddressPools\":[{\"id\":\"/subscriptions/00000000-0000-0000-0000-000000000000/resourceGroups/cli_test_vmss_create_options000001/providers/Microsoft.Network/loadBalancers/vrfvmssLB/backendAddressPools/vrfvmssLBBEPool\"}],\"loadBalancerInboundNatPools\":[{\"id\":\"/subscriptions/00000000-0000-0000-0000-000000000000/resourceGroups/cli_test_vmss_create_options000001/providers/Microsoft.Network/loadBalancers/vrfvmssLB/inboundNatPools/vrfvmssLBNatPool\"}]}}]}}]}\r\n
        \   },\r\n    \"provisioningState\": \"Succeeded\",\r\n    \"overprovision\":
        false,\r\n    \"uniqueId\": \"b46f2bd8-dba5-4f6f-814d-28053c36516f\"\r\n  },\r\n
        \ \"type\": \"Microsoft.Compute/virtualMachineScaleSets\",\r\n  \"location\":
        \"westus\",\r\n  \"tags\": {},\r\n  \"id\": \"/subscriptions/00000000-0000-0000-0000-000000000000/resourceGroups/cli_test_vmss_create_options000001/providers/Microsoft.Compute/virtualMachineScaleSets/vrfvmss\",\r\n
        \ \"name\": \"vrfvmss\"\r\n}"}
    headers:
      cache-control: [no-cache]
      content-length: ['3077']
      content-type: [application/json; charset=utf-8]
      date: ['Sun, 15 Jul 2018 00:18:09 GMT']
      expires: ['-1']
      pragma: [no-cache]
      server: [Microsoft-HTTPAPI/2.0, Microsoft-HTTPAPI/2.0]
      strict-transport-security: [max-age=31536000; includeSubDomains]
      transfer-encoding: [chunked]
      vary: [Accept-Encoding]
      x-content-type-options: [nosniff]
      x-ms-ratelimit-remaining-resource: ['Microsoft.Compute/GetVMScaleSet3Min;186,Microsoft.Compute/GetVMScaleSet30Min;1469']
    status: {code: 200, message: OK}
- request:
    body: null
    headers:
      Accept: [application/json]
      Accept-Encoding: ['gzip, deflate']
      CommandName: [vmss disk detach]
      Connection: [keep-alive]
      Content-Type: [application/json; charset=utf-8]
      User-Agent: [python/3.5.4 (Windows-10-10.0.17134-SP0) requests/2.19.1 msrest/0.5.1
          msrest_azure/0.4.34 computemanagementclient/4.0.0rc3 Azure-SDK-For-Python
          AZURECLI/2.0.43]
      accept-language: [en-US]
    method: GET
    uri: https://management.azure.com/subscriptions/00000000-0000-0000-0000-000000000000/resourceGroups/cli_test_vmss_create_options000001/providers/Microsoft.Compute/virtualMachineScaleSets/vrfvmss?api-version=2018-06-01
  response:
    body: {string: "{\r\n  \"sku\": {\r\n    \"name\": \"Standard_D2_v2\",\r\n    \"tier\":
        \"Standard\",\r\n    \"capacity\": 2\r\n  },\r\n  \"properties\": {\r\n    \"singlePlacementGroup\":
        true,\r\n    \"upgradePolicy\": {\r\n      \"mode\": \"Automatic\",\r\n      \"automaticOSUpgrade\":
        false\r\n    },\r\n    \"virtualMachineProfile\": {\r\n      \"osProfile\":
        {\r\n        \"computerNamePrefix\": \"vrfvm60b3\",\r\n        \"adminUsername\":
        \"myadmin\",\r\n        \"linuxConfiguration\": {\r\n          \"disablePasswordAuthentication\":
        false,\r\n          \"provisionVMAgent\": true\r\n        },\r\n        \"secrets\":
        [],\r\n        \"allowExtensionOperations\": true\r\n      },\r\n      \"storageProfile\":
        {\r\n        \"osDisk\": {\r\n          \"createOption\": \"FromImage\",\r\n
        \         \"caching\": \"ReadWrite\",\r\n          \"managedDisk\": {\r\n
        \           \"storageAccountType\": \"Standard_LRS\"\r\n          }\r\n        },\r\n
        \       \"imageReference\": {\r\n          \"publisher\": \"credativ\",\r\n
        \         \"offer\": \"Debian\",\r\n          \"sku\": \"8\",\r\n          \"version\":
        \"latest\"\r\n        },\r\n        \"dataDisks\": [\r\n          {\r\n            \"lun\":
        0,\r\n            \"createOption\": \"Empty\",\r\n            \"caching\":
        \"None\",\r\n            \"managedDisk\": {\r\n              \"storageAccountType\":
        \"Standard_LRS\"\r\n            },\r\n            \"diskSizeGB\": 1\r\n          },\r\n
        \         {\r\n            \"lun\": 1,\r\n            \"createOption\": \"Empty\",\r\n
        \           \"caching\": \"None\",\r\n            \"managedDisk\": {\r\n              \"storageAccountType\":
        \"Standard_LRS\"\r\n            },\r\n            \"diskSizeGB\": 3\r\n          }\r\n
        \       ]\r\n      },\r\n      \"networkProfile\": {\"networkInterfaceConfigurations\":[{\"name\":\"vrfvm60b3Nic\",\"properties\":{\"primary\":true,\"enableAcceleratedNetworking\":false,\"dnsSettings\":{\"dnsServers\":[]},\"enableIPForwarding\":false,\"ipConfigurations\":[{\"name\":\"vrfvm60b3IPConfig\",\"properties\":{\"subnet\":{\"id\":\"/subscriptions/00000000-0000-0000-0000-000000000000/resourceGroups/cli_test_vmss_create_options000001/providers/Microsoft.Network/virtualNetworks/vrfvmssVNET/subnets/vrfvmssSubnet\"},\"privateIPAddressVersion\":\"IPv4\",\"loadBalancerBackendAddressPools\":[{\"id\":\"/subscriptions/00000000-0000-0000-0000-000000000000/resourceGroups/cli_test_vmss_create_options000001/providers/Microsoft.Network/loadBalancers/vrfvmssLB/backendAddressPools/vrfvmssLBBEPool\"}],\"loadBalancerInboundNatPools\":[{\"id\":\"/subscriptions/00000000-0000-0000-0000-000000000000/resourceGroups/cli_test_vmss_create_options000001/providers/Microsoft.Network/loadBalancers/vrfvmssLB/inboundNatPools/vrfvmssLBNatPool\"}]}}]}}]}\r\n
        \   },\r\n    \"provisioningState\": \"Succeeded\",\r\n    \"overprovision\":
        false,\r\n    \"uniqueId\": \"b46f2bd8-dba5-4f6f-814d-28053c36516f\"\r\n  },\r\n
        \ \"type\": \"Microsoft.Compute/virtualMachineScaleSets\",\r\n  \"location\":
        \"westus\",\r\n  \"tags\": {},\r\n  \"id\": \"/subscriptions/00000000-0000-0000-0000-000000000000/resourceGroups/cli_test_vmss_create_options000001/providers/Microsoft.Compute/virtualMachineScaleSets/vrfvmss\",\r\n
        \ \"name\": \"vrfvmss\"\r\n}"}
    headers:
      cache-control: [no-cache]
      content-length: ['3077']
      content-type: [application/json; charset=utf-8]
      date: ['Sun, 15 Jul 2018 00:18:10 GMT']
      expires: ['-1']
      pragma: [no-cache]
      server: [Microsoft-HTTPAPI/2.0, Microsoft-HTTPAPI/2.0]
      strict-transport-security: [max-age=31536000; includeSubDomains]
      transfer-encoding: [chunked]
      vary: [Accept-Encoding]
      x-content-type-options: [nosniff]
      x-ms-ratelimit-remaining-resource: ['Microsoft.Compute/GetVMScaleSet3Min;185,Microsoft.Compute/GetVMScaleSet30Min;1468']
    status: {code: 200, message: OK}
- request:
    body: 'b''{"properties": {"singlePlacementGroup": true, "virtualMachineProfile":
      {"storageProfile": {"imageReference": {"sku": "8", "publisher": "credativ",
      "version": "latest", "offer": "Debian"}, "dataDisks": [{"managedDisk": {"storageAccountType":
      "Standard_LRS"}, "lun": 0, "diskSizeGB": 1, "createOption": "Empty", "caching":
      "None"}], "osDisk": {"managedDisk": {"storageAccountType": "Standard_LRS"},
      "createOption": "FromImage", "caching": "ReadWrite"}}, "osProfile": {"adminUsername":
      "myadmin", "computerNamePrefix": "vrfvm60b3", "linuxConfiguration": {"disablePasswordAuthentication":
      false, "provisionVMAgent": true}, "secrets": []}, "networkProfile": {"networkInterfaceConfigurations":
      [{"properties": {"primary": true, "enableIPForwarding": false, "enableAcceleratedNetworking":
      false, "dnsSettings": {"dnsServers": []}, "ipConfigurations": [{"properties":
      {"privateIPAddressVersion": "IPv4", "loadBalancerBackendAddressPools": [{"id":
      "/subscriptions/00000000-0000-0000-0000-000000000000/resourceGroups/cli_test_vmss_create_options000001/providers/Microsoft.Network/loadBalancers/vrfvmssLB/backendAddressPools/vrfvmssLBBEPool"}],
      "loadBalancerInboundNatPools": [{"id": "/subscriptions/00000000-0000-0000-0000-000000000000/resourceGroups/cli_test_vmss_create_options000001/providers/Microsoft.Network/loadBalancers/vrfvmssLB/inboundNatPools/vrfvmssLBNatPool"}],
      "subnet": {"id": "/subscriptions/00000000-0000-0000-0000-000000000000/resourceGroups/cli_test_vmss_create_options000001/providers/Microsoft.Network/virtualNetworks/vrfvmssVNET/subnets/vrfvmssSubnet"}},
      "name": "vrfvm60b3IPConfig"}]}, "name": "vrfvm60b3Nic"}]}}, "overprovision":
      false, "upgradePolicy": {"automaticOSUpgrade": false, "mode": "Automatic"}},
      "tags": {}, "sku": {"capacity": 2, "name": "Standard_D2_v2", "tier": "Standard"},
      "location": "westus"}'''
    headers:
      Accept: [application/json]
      Accept-Encoding: ['gzip, deflate']
      CommandName: [vmss disk detach]
      Connection: [keep-alive]
      Content-Length: ['1947']
      Content-Type: [application/json; charset=utf-8]
      User-Agent: [python/3.5.4 (Windows-10-10.0.17134-SP0) requests/2.19.1 msrest/0.5.1
          msrest_azure/0.4.34 computemanagementclient/4.0.0rc3 Azure-SDK-For-Python
          AZURECLI/2.0.43]
      accept-language: [en-US]
    method: PUT
    uri: https://management.azure.com/subscriptions/00000000-0000-0000-0000-000000000000/resourceGroups/cli_test_vmss_create_options000001/providers/Microsoft.Compute/virtualMachineScaleSets/vrfvmss?api-version=2018-06-01
  response:
    body: {string: "{\r\n  \"sku\": {\r\n    \"name\": \"Standard_D2_v2\",\r\n    \"tier\":
        \"Standard\",\r\n    \"capacity\": 2\r\n  },\r\n  \"properties\": {\r\n    \"singlePlacementGroup\":
        true,\r\n    \"upgradePolicy\": {\r\n      \"mode\": \"Automatic\",\r\n      \"automaticOSUpgrade\":
        false\r\n    },\r\n    \"virtualMachineProfile\": {\r\n      \"osProfile\":
        {\r\n        \"computerNamePrefix\": \"vrfvm60b3\",\r\n        \"adminUsername\":
        \"myadmin\",\r\n        \"linuxConfiguration\": {\r\n          \"disablePasswordAuthentication\":
        false,\r\n          \"provisionVMAgent\": true\r\n        },\r\n        \"secrets\":
        [],\r\n        \"allowExtensionOperations\": true\r\n      },\r\n      \"storageProfile\":
        {\r\n        \"osDisk\": {\r\n          \"createOption\": \"FromImage\",\r\n
        \         \"caching\": \"ReadWrite\",\r\n          \"managedDisk\": {\r\n
        \           \"storageAccountType\": \"Standard_LRS\"\r\n          }\r\n        },\r\n
        \       \"imageReference\": {\r\n          \"publisher\": \"credativ\",\r\n
        \         \"offer\": \"Debian\",\r\n          \"sku\": \"8\",\r\n          \"version\":
        \"latest\"\r\n        },\r\n        \"dataDisks\": [\r\n          {\r\n            \"lun\":
        0,\r\n            \"createOption\": \"Empty\",\r\n            \"caching\":
        \"None\",\r\n            \"managedDisk\": {\r\n              \"storageAccountType\":
        \"Standard_LRS\"\r\n            },\r\n            \"diskSizeGB\": 1\r\n          }\r\n
        \       ]\r\n      },\r\n      \"networkProfile\": {\"networkInterfaceConfigurations\":[{\"name\":\"vrfvm60b3Nic\",\"properties\":{\"primary\":true,\"enableAcceleratedNetworking\":false,\"dnsSettings\":{\"dnsServers\":[]},\"enableIPForwarding\":false,\"ipConfigurations\":[{\"name\":\"vrfvm60b3IPConfig\",\"properties\":{\"subnet\":{\"id\":\"/subscriptions/00000000-0000-0000-0000-000000000000/resourceGroups/cli_test_vmss_create_options000001/providers/Microsoft.Network/virtualNetworks/vrfvmssVNET/subnets/vrfvmssSubnet\"},\"privateIPAddressVersion\":\"IPv4\",\"loadBalancerBackendAddressPools\":[{\"id\":\"/subscriptions/00000000-0000-0000-0000-000000000000/resourceGroups/cli_test_vmss_create_options000001/providers/Microsoft.Network/loadBalancers/vrfvmssLB/backendAddressPools/vrfvmssLBBEPool\"}],\"loadBalancerInboundNatPools\":[{\"id\":\"/subscriptions/00000000-0000-0000-0000-000000000000/resourceGroups/cli_test_vmss_create_options000001/providers/Microsoft.Network/loadBalancers/vrfvmssLB/inboundNatPools/vrfvmssLBNatPool\"}]}}]}}]}\r\n
        \   },\r\n    \"provisioningState\": \"Updating\",\r\n    \"overprovision\":
        false,\r\n    \"uniqueId\": \"b46f2bd8-dba5-4f6f-814d-28053c36516f\"\r\n  },\r\n
        \ \"type\": \"Microsoft.Compute/virtualMachineScaleSets\",\r\n  \"location\":
        \"westus\",\r\n  \"tags\": {},\r\n  \"id\": \"/subscriptions/00000000-0000-0000-0000-000000000000/resourceGroups/cli_test_vmss_create_options000001/providers/Microsoft.Compute/virtualMachineScaleSets/vrfvmss\",\r\n
        \ \"name\": \"vrfvmss\"\r\n}"}
    headers:
      azure-asyncoperation: ['https://management.azure.com/subscriptions/00000000-0000-0000-0000-000000000000/providers/Microsoft.Compute/locations/westus/operations/773ca0e1-d960-4c70-a5ec-15cf50cfec56?api-version=2018-06-01']
      cache-control: [no-cache]
      content-length: ['2829']
      content-type: [application/json; charset=utf-8]
      date: ['Sun, 15 Jul 2018 00:18:12 GMT']
      expires: ['-1']
      pragma: [no-cache]
      server: [Microsoft-HTTPAPI/2.0, Microsoft-HTTPAPI/2.0]
      strict-transport-security: [max-age=31536000; includeSubDomains]
      transfer-encoding: [chunked]
      vary: [Accept-Encoding]
      x-content-type-options: [nosniff]
      x-ms-ratelimit-remaining-resource: ['Microsoft.Compute/CreateVMScaleSet3Min;37,Microsoft.Compute/CreateVMScaleSet30Min;195,Microsoft.Compute/VMScaleSetBatchedVMRequests5Min;1192,Microsoft.Compute/VmssQueuedVMOperations;4798']
      x-ms-ratelimit-remaining-subscription-writes: ['1199']
      x-ms-request-charge: ['2']
    status: {code: 200, message: OK}
- request:
    body: null
    headers:
      Accept: [application/json]
      Accept-Encoding: ['gzip, deflate']
      CommandName: [vmss disk detach]
      Connection: [keep-alive]
      User-Agent: [python/3.5.4 (Windows-10-10.0.17134-SP0) requests/2.19.1 msrest/0.5.1
          msrest_azure/0.4.34 computemanagementclient/4.0.0rc3 Azure-SDK-For-Python
          AZURECLI/2.0.43]
    method: GET
    uri: https://management.azure.com/subscriptions/00000000-0000-0000-0000-000000000000/providers/Microsoft.Compute/locations/westus/operations/773ca0e1-d960-4c70-a5ec-15cf50cfec56?api-version=2018-06-01
  response:
    body: {string: "{\r\n  \"startTime\": \"2018-07-15T00:18:11.9133976+00:00\",\r\n
        \ \"endTime\": \"2018-07-15T00:18:28.6879055+00:00\",\r\n  \"status\": \"Succeeded\",\r\n
        \ \"name\": \"773ca0e1-d960-4c70-a5ec-15cf50cfec56\"\r\n}"}
    headers:
      cache-control: [no-cache]
      content-length: ['184']
      content-type: [application/json; charset=utf-8]
      date: ['Sun, 15 Jul 2018 00:18:29 GMT']
      expires: ['-1']
      pragma: [no-cache]
      server: [Microsoft-HTTPAPI/2.0, Microsoft-HTTPAPI/2.0]
      strict-transport-security: [max-age=31536000; includeSubDomains]
      transfer-encoding: [chunked]
      vary: [Accept-Encoding]
      x-content-type-options: [nosniff]
      x-ms-ratelimit-remaining-resource: ['Microsoft.Compute/GetOperation3Min;14983,Microsoft.Compute/GetOperation30Min;29862']
    status: {code: 200, message: OK}
- request:
    body: null
    headers:
      Accept: [application/json]
      Accept-Encoding: ['gzip, deflate']
      CommandName: [vmss disk detach]
      Connection: [keep-alive]
      User-Agent: [python/3.5.4 (Windows-10-10.0.17134-SP0) requests/2.19.1 msrest/0.5.1
          msrest_azure/0.4.34 computemanagementclient/4.0.0rc3 Azure-SDK-For-Python
          AZURECLI/2.0.43]
    method: GET
    uri: https://management.azure.com/subscriptions/00000000-0000-0000-0000-000000000000/resourceGroups/cli_test_vmss_create_options000001/providers/Microsoft.Compute/virtualMachineScaleSets/vrfvmss?api-version=2018-06-01
  response:
    body: {string: "{\r\n  \"sku\": {\r\n    \"name\": \"Standard_D2_v2\",\r\n    \"tier\":
        \"Standard\",\r\n    \"capacity\": 2\r\n  },\r\n  \"properties\": {\r\n    \"singlePlacementGroup\":
        true,\r\n    \"upgradePolicy\": {\r\n      \"mode\": \"Automatic\",\r\n      \"automaticOSUpgrade\":
        false\r\n    },\r\n    \"virtualMachineProfile\": {\r\n      \"osProfile\":
        {\r\n        \"computerNamePrefix\": \"vrfvm60b3\",\r\n        \"adminUsername\":
        \"myadmin\",\r\n        \"linuxConfiguration\": {\r\n          \"disablePasswordAuthentication\":
        false,\r\n          \"provisionVMAgent\": true\r\n        },\r\n        \"secrets\":
        [],\r\n        \"allowExtensionOperations\": true\r\n      },\r\n      \"storageProfile\":
        {\r\n        \"osDisk\": {\r\n          \"createOption\": \"FromImage\",\r\n
        \         \"caching\": \"ReadWrite\",\r\n          \"managedDisk\": {\r\n
        \           \"storageAccountType\": \"Standard_LRS\"\r\n          }\r\n        },\r\n
        \       \"imageReference\": {\r\n          \"publisher\": \"credativ\",\r\n
        \         \"offer\": \"Debian\",\r\n          \"sku\": \"8\",\r\n          \"version\":
        \"latest\"\r\n        },\r\n        \"dataDisks\": [\r\n          {\r\n            \"lun\":
        0,\r\n            \"createOption\": \"Empty\",\r\n            \"caching\":
        \"None\",\r\n            \"managedDisk\": {\r\n              \"storageAccountType\":
        \"Standard_LRS\"\r\n            },\r\n            \"diskSizeGB\": 1\r\n          }\r\n
        \       ]\r\n      },\r\n      \"networkProfile\": {\"networkInterfaceConfigurations\":[{\"name\":\"vrfvm60b3Nic\",\"properties\":{\"primary\":true,\"enableAcceleratedNetworking\":false,\"dnsSettings\":{\"dnsServers\":[]},\"enableIPForwarding\":false,\"ipConfigurations\":[{\"name\":\"vrfvm60b3IPConfig\",\"properties\":{\"subnet\":{\"id\":\"/subscriptions/00000000-0000-0000-0000-000000000000/resourceGroups/cli_test_vmss_create_options000001/providers/Microsoft.Network/virtualNetworks/vrfvmssVNET/subnets/vrfvmssSubnet\"},\"privateIPAddressVersion\":\"IPv4\",\"loadBalancerBackendAddressPools\":[{\"id\":\"/subscriptions/00000000-0000-0000-0000-000000000000/resourceGroups/cli_test_vmss_create_options000001/providers/Microsoft.Network/loadBalancers/vrfvmssLB/backendAddressPools/vrfvmssLBBEPool\"}],\"loadBalancerInboundNatPools\":[{\"id\":\"/subscriptions/00000000-0000-0000-0000-000000000000/resourceGroups/cli_test_vmss_create_options000001/providers/Microsoft.Network/loadBalancers/vrfvmssLB/inboundNatPools/vrfvmssLBNatPool\"}]}}]}}]}\r\n
        \   },\r\n    \"provisioningState\": \"Succeeded\",\r\n    \"overprovision\":
        false,\r\n    \"uniqueId\": \"b46f2bd8-dba5-4f6f-814d-28053c36516f\"\r\n  },\r\n
        \ \"type\": \"Microsoft.Compute/virtualMachineScaleSets\",\r\n  \"location\":
        \"westus\",\r\n  \"tags\": {},\r\n  \"id\": \"/subscriptions/00000000-0000-0000-0000-000000000000/resourceGroups/cli_test_vmss_create_options000001/providers/Microsoft.Compute/virtualMachineScaleSets/vrfvmss\",\r\n
        \ \"name\": \"vrfvmss\"\r\n}"}
    headers:
      cache-control: [no-cache]
      content-length: ['2830']
      content-type: [application/json; charset=utf-8]
      date: ['Sun, 15 Jul 2018 00:18:29 GMT']
      expires: ['-1']
      pragma: [no-cache]
      server: [Microsoft-HTTPAPI/2.0, Microsoft-HTTPAPI/2.0]
      strict-transport-security: [max-age=31536000; includeSubDomains]
      transfer-encoding: [chunked]
      vary: [Accept-Encoding]
      x-content-type-options: [nosniff]
      x-ms-ratelimit-remaining-resource: ['Microsoft.Compute/GetVMScaleSet3Min;179,Microsoft.Compute/GetVMScaleSet30Min;1462']
    status: {code: 200, message: OK}
- request:
    body: null
    headers:
      Accept: [application/json]
      Accept-Encoding: ['gzip, deflate']
      CommandName: [vmss show]
      Connection: [keep-alive]
      Content-Type: [application/json; charset=utf-8]
      User-Agent: [python/3.5.4 (Windows-10-10.0.17134-SP0) requests/2.19.1 msrest/0.5.1
          msrest_azure/0.4.34 computemanagementclient/4.0.0rc3 Azure-SDK-For-Python
          AZURECLI/2.0.43]
      accept-language: [en-US]
    method: GET
    uri: https://management.azure.com/subscriptions/00000000-0000-0000-0000-000000000000/resourceGroups/cli_test_vmss_create_options000001/providers/Microsoft.Compute/virtualMachineScaleSets/vrfvmss?api-version=2018-06-01
  response:
    body: {string: "{\r\n  \"sku\": {\r\n    \"name\": \"Standard_D2_v2\",\r\n    \"tier\":
        \"Standard\",\r\n    \"capacity\": 2\r\n  },\r\n  \"properties\": {\r\n    \"singlePlacementGroup\":
        true,\r\n    \"upgradePolicy\": {\r\n      \"mode\": \"Automatic\",\r\n      \"automaticOSUpgrade\":
        false\r\n    },\r\n    \"virtualMachineProfile\": {\r\n      \"osProfile\":
        {\r\n        \"computerNamePrefix\": \"vrfvm60b3\",\r\n        \"adminUsername\":
        \"myadmin\",\r\n        \"linuxConfiguration\": {\r\n          \"disablePasswordAuthentication\":
        false,\r\n          \"provisionVMAgent\": true\r\n        },\r\n        \"secrets\":
        [],\r\n        \"allowExtensionOperations\": true\r\n      },\r\n      \"storageProfile\":
        {\r\n        \"osDisk\": {\r\n          \"createOption\": \"FromImage\",\r\n
        \         \"caching\": \"ReadWrite\",\r\n          \"managedDisk\": {\r\n
        \           \"storageAccountType\": \"Standard_LRS\"\r\n          }\r\n        },\r\n
        \       \"imageReference\": {\r\n          \"publisher\": \"credativ\",\r\n
        \         \"offer\": \"Debian\",\r\n          \"sku\": \"8\",\r\n          \"version\":
        \"latest\"\r\n        },\r\n        \"dataDisks\": [\r\n          {\r\n            \"lun\":
        0,\r\n            \"createOption\": \"Empty\",\r\n            \"caching\":
        \"None\",\r\n            \"managedDisk\": {\r\n              \"storageAccountType\":
        \"Standard_LRS\"\r\n            },\r\n            \"diskSizeGB\": 1\r\n          }\r\n
        \       ]\r\n      },\r\n      \"networkProfile\": {\"networkInterfaceConfigurations\":[{\"name\":\"vrfvm60b3Nic\",\"properties\":{\"primary\":true,\"enableAcceleratedNetworking\":false,\"dnsSettings\":{\"dnsServers\":[]},\"enableIPForwarding\":false,\"ipConfigurations\":[{\"name\":\"vrfvm60b3IPConfig\",\"properties\":{\"subnet\":{\"id\":\"/subscriptions/00000000-0000-0000-0000-000000000000/resourceGroups/cli_test_vmss_create_options000001/providers/Microsoft.Network/virtualNetworks/vrfvmssVNET/subnets/vrfvmssSubnet\"},\"privateIPAddressVersion\":\"IPv4\",\"loadBalancerBackendAddressPools\":[{\"id\":\"/subscriptions/00000000-0000-0000-0000-000000000000/resourceGroups/cli_test_vmss_create_options000001/providers/Microsoft.Network/loadBalancers/vrfvmssLB/backendAddressPools/vrfvmssLBBEPool\"}],\"loadBalancerInboundNatPools\":[{\"id\":\"/subscriptions/00000000-0000-0000-0000-000000000000/resourceGroups/cli_test_vmss_create_options000001/providers/Microsoft.Network/loadBalancers/vrfvmssLB/inboundNatPools/vrfvmssLBNatPool\"}]}}]}}]}\r\n
        \   },\r\n    \"provisioningState\": \"Succeeded\",\r\n    \"overprovision\":
        false,\r\n    \"uniqueId\": \"b46f2bd8-dba5-4f6f-814d-28053c36516f\"\r\n  },\r\n
        \ \"type\": \"Microsoft.Compute/virtualMachineScaleSets\",\r\n  \"location\":
        \"westus\",\r\n  \"tags\": {},\r\n  \"id\": \"/subscriptions/00000000-0000-0000-0000-000000000000/resourceGroups/cli_test_vmss_create_options000001/providers/Microsoft.Compute/virtualMachineScaleSets/vrfvmss\",\r\n
        \ \"name\": \"vrfvmss\"\r\n}"}
    headers:
      cache-control: [no-cache]
      content-length: ['2830']
      content-type: [application/json; charset=utf-8]
      date: ['Sun, 15 Jul 2018 00:18:30 GMT']
      expires: ['-1']
      pragma: [no-cache]
      server: [Microsoft-HTTPAPI/2.0, Microsoft-HTTPAPI/2.0]
      strict-transport-security: [max-age=31536000; includeSubDomains]
      transfer-encoding: [chunked]
      vary: [Accept-Encoding]
      x-content-type-options: [nosniff]
      x-ms-ratelimit-remaining-resource: ['Microsoft.Compute/GetVMScaleSet3Min;178,Microsoft.Compute/GetVMScaleSet30Min;1461']
    status: {code: 200, message: OK}
- request:
    body: null
    headers:
      Accept: [application/json]
      Accept-Encoding: ['gzip, deflate']
      CommandName: [group delete]
      Connection: [keep-alive]
      Content-Length: ['0']
      Content-Type: [application/json; charset=utf-8]
      User-Agent: [python/3.5.4 (Windows-10-10.0.17134-SP0) requests/2.19.1 msrest/0.5.1
          msrest_azure/0.4.34 resourcemanagementclient/2.0.0rc3 Azure-SDK-For-Python
          AZURECLI/2.0.43]
      accept-language: [en-US]
    method: DELETE
    uri: https://management.azure.com/subscriptions/00000000-0000-0000-0000-000000000000/resourcegroups/cli_test_vmss_create_options000001?api-version=2018-05-01
  response:
    body: {string: ''}
    headers:
      cache-control: [no-cache]
      content-length: ['0']
      date: ['Sun, 15 Jul 2018 00:18:31 GMT']
      expires: ['-1']
      location: ['https://management.azure.com/subscriptions/00000000-0000-0000-0000-000000000000/operationresults/eyJqb2JJZCI6IlJFU09VUkNFR1JPVVBERUxFVElPTkpPQi1DTEk6NUZURVNUOjVGVk1TUzo1RkNSRUFURTo1Rk9QVElPTlNOV0pBSDI0U0Q1TnxGNzhERkRCNEQwOUIzNzk3LVdFU1RVUyIsImpvYkxvY2F0aW9uIjoid2VzdHVzIn0?api-version=2018-05-01']
      pragma: [no-cache]
      strict-transport-security: [max-age=31536000; includeSubDomains]
      x-content-type-options: [nosniff]
      x-ms-ratelimit-remaining-subscription-deletes: ['14999']
    status: {code: 202, message: Accepted}
version: 1
