interactions:
- request:
    body: '{"location": "westus", "tags": {"use": "az-test"}}'
    headers:
      Accept: [application/json]
      Accept-Encoding: ['gzip, deflate']
      CommandName: [group create]
      Connection: [keep-alive]
      Content-Length: ['50']
      Content-Type: [application/json; charset=utf-8]
      User-Agent: [python/3.6.4 (Linux-4.11.0-1016-azure-x86_64-with-debian-9.3) requests/2.18.4
          msrest/0.4.26 msrest_azure/0.4.22 resourcemanagementclient/1.2.1 Azure-SDK-For-Python
          AZURECLI/2.0.29.dev20180305185410.dev20180305185935]
      accept-language: [en-US]
    method: PUT
    uri: https://management.azure.com/subscriptions/00000000-0000-0000-0000-000000000000/resourcegroups/cli_test_multi_nic_vm000001?api-version=2017-05-10
  response:
    body: {string: '{"id":"/subscriptions/00000000-0000-0000-0000-000000000000/resourceGroups/cli_test_multi_nic_vm000001","name":"cli_test_multi_nic_vm000001","location":"westus","tags":{"use":"az-test"},"properties":{"provisioningState":"Succeeded"}}'}
    headers:
      cache-control: [no-cache]
      content-length: ['328']
      content-type: [application/json; charset=utf-8]
      date: ['Mon, 05 Mar 2018 20:08:36 GMT']
      expires: ['-1']
      pragma: [no-cache]
      strict-transport-security: [max-age=31536000; includeSubDomains]
      x-content-type-options: [nosniff]
      x-ms-ratelimit-remaining-subscription-writes: ['1169']
    status: {code: 201, message: Created}
- request:
    body: null
    headers:
      Accept: [application/json]
      Accept-Encoding: ['gzip, deflate']
      CommandName: [network vnet create]
      Connection: [keep-alive]
      Content-Type: [application/json; charset=utf-8]
      User-Agent: [python/3.6.4 (Linux-4.11.0-1016-azure-x86_64-with-debian-9.3) requests/2.18.4
          msrest/0.4.26 msrest_azure/0.4.22 resourcemanagementclient/1.2.1 Azure-SDK-For-Python
          AZURECLI/2.0.29.dev20180305185410.dev20180305185935]
      accept-language: [en-US]
    method: GET
    uri: https://management.azure.com/subscriptions/00000000-0000-0000-0000-000000000000/resourcegroups/cli_test_multi_nic_vm000001?api-version=2017-05-10
  response:
    body: {string: '{"id":"/subscriptions/00000000-0000-0000-0000-000000000000/resourceGroups/cli_test_multi_nic_vm000001","name":"cli_test_multi_nic_vm000001","location":"westus","tags":{"use":"az-test"},"properties":{"provisioningState":"Succeeded"}}'}
    headers:
      cache-control: [no-cache]
      content-length: ['328']
      content-type: [application/json; charset=utf-8]
      date: ['Mon, 05 Mar 2018 20:08:39 GMT']
      expires: ['-1']
      pragma: [no-cache]
      strict-transport-security: [max-age=31536000; includeSubDomains]
      vary: [Accept-Encoding]
      x-content-type-options: [nosniff]
    status: {code: 200, message: OK}
- request:
    body: '{"location": "westus", "tags": {}, "properties": {"addressSpace": {"addressPrefixes":
      ["10.0.0.0/16"]}, "dhcpOptions": {}, "subnets": [{"properties": {"addressPrefix":
      "10.0.0.0/24"}, "name": "mysubnet"}]}}'
    headers:
      Accept: [application/json]
      Accept-Encoding: ['gzip, deflate']
      CommandName: [network vnet create]
      Connection: [keep-alive]
      Content-Length: ['206']
      Content-Type: [application/json; charset=utf-8]
      User-Agent: [python/3.6.4 (Linux-4.11.0-1016-azure-x86_64-with-debian-9.3) requests/2.18.4
          msrest/0.4.26 msrest_azure/0.4.22 networkmanagementclient/1.8.0a1 Azure-SDK-For-Python
          AZURECLI/2.0.29.dev20180305185410.dev20180305185935]
      accept-language: [en-US]
    method: PUT
    uri: https://management.azure.com/subscriptions/00000000-0000-0000-0000-000000000000/resourceGroups/cli_test_multi_nic_vm000001/providers/Microsoft.Network/virtualNetworks/myvnet?api-version=2018-01-01
  response:
    body: {string: "{\r\n  \"name\": \"myvnet\",\r\n  \"id\": \"/subscriptions/00000000-0000-0000-0000-000000000000/resourceGroups/cli_test_multi_nic_vm000001/providers/Microsoft.Network/virtualNetworks/myvnet\",\r\n
        \ \"etag\": \"W/\\\"a11e24be-3367-406e-8a15-9624d55e8ec2\\\"\",\r\n  \"type\":
        \"Microsoft.Network/virtualNetworks\",\r\n  \"location\": \"westus\",\r\n
        \ \"tags\": {},\r\n  \"properties\": {\r\n    \"provisioningState\": \"Updating\",\r\n
        \   \"resourceGuid\": \"e947b0e7-93b5-42bd-815d-0e81cf20ab39\",\r\n    \"addressSpace\":
        {\r\n      \"addressPrefixes\": [\r\n        \"10.0.0.0/16\"\r\n      ]\r\n
        \   },\r\n    \"dhcpOptions\": {\r\n      \"dnsServers\": []\r\n    },\r\n
        \   \"subnets\": [\r\n      {\r\n        \"name\": \"mysubnet\",\r\n        \"id\":
        \"/subscriptions/00000000-0000-0000-0000-000000000000/resourceGroups/cli_test_multi_nic_vm000001/providers/Microsoft.Network/virtualNetworks/myvnet/subnets/mysubnet\",\r\n
        \       \"etag\": \"W/\\\"a11e24be-3367-406e-8a15-9624d55e8ec2\\\"\",\r\n
        \       \"properties\": {\r\n          \"provisioningState\": \"Updating\",\r\n
        \         \"addressPrefix\": \"10.0.0.0/24\"\r\n        }\r\n      }\r\n    ],\r\n
        \   \"virtualNetworkPeerings\": [],\r\n    \"enableDdosProtection\": false,\r\n
        \   \"enableVmProtection\": false\r\n  }\r\n}"}
    headers:
      azure-asyncoperation: ['https://management.azure.com/subscriptions/00000000-0000-0000-0000-000000000000/providers/Microsoft.Network/locations/westus/operations/f811fe44-4ce2-4c17-be32-f44af454e122?api-version=2018-01-01']
      cache-control: [no-cache]
      content-length: ['1235']
      content-type: [application/json; charset=utf-8]
      date: ['Mon, 05 Mar 2018 20:08:40 GMT']
      expires: ['-1']
      pragma: [no-cache]
      server: [Microsoft-HTTPAPI/2.0, Microsoft-HTTPAPI/2.0]
      strict-transport-security: [max-age=31536000; includeSubDomains]
      x-content-type-options: [nosniff]
      x-ms-ratelimit-remaining-subscription-writes: ['1169']
    status: {code: 201, message: Created}
- request:
    body: null
    headers:
      Accept: [application/json]
      Accept-Encoding: ['gzip, deflate']
      CommandName: [network vnet create]
      Connection: [keep-alive]
      User-Agent: [python/3.6.4 (Linux-4.11.0-1016-azure-x86_64-with-debian-9.3) requests/2.18.4
          msrest/0.4.26 msrest_azure/0.4.22 networkmanagementclient/1.8.0a1 Azure-SDK-For-Python
          AZURECLI/2.0.29.dev20180305185410.dev20180305185935]
    method: GET
    uri: https://management.azure.com/subscriptions/00000000-0000-0000-0000-000000000000/providers/Microsoft.Network/locations/westus/operations/f811fe44-4ce2-4c17-be32-f44af454e122?api-version=2018-01-01
  response:
    body: {string: "{\r\n  \"status\": \"Succeeded\"\r\n}"}
    headers:
      cache-control: [no-cache]
      content-length: ['29']
      content-type: [application/json; charset=utf-8]
      date: ['Mon, 05 Mar 2018 20:08:44 GMT']
      expires: ['-1']
      pragma: [no-cache]
      server: [Microsoft-HTTPAPI/2.0, Microsoft-HTTPAPI/2.0]
      strict-transport-security: [max-age=31536000; includeSubDomains]
      transfer-encoding: [chunked]
      vary: [Accept-Encoding]
      x-content-type-options: [nosniff]
    status: {code: 200, message: OK}
- request:
    body: null
    headers:
      Accept: [application/json]
      Accept-Encoding: ['gzip, deflate']
      CommandName: [network vnet create]
      Connection: [keep-alive]
      User-Agent: [python/3.6.4 (Linux-4.11.0-1016-azure-x86_64-with-debian-9.3) requests/2.18.4
          msrest/0.4.26 msrest_azure/0.4.22 networkmanagementclient/1.8.0a1 Azure-SDK-For-Python
          AZURECLI/2.0.29.dev20180305185410.dev20180305185935]
    method: GET
    uri: https://management.azure.com/subscriptions/00000000-0000-0000-0000-000000000000/resourceGroups/cli_test_multi_nic_vm000001/providers/Microsoft.Network/virtualNetworks/myvnet?api-version=2018-01-01
  response:
    body: {string: "{\r\n  \"name\": \"myvnet\",\r\n  \"id\": \"/subscriptions/00000000-0000-0000-0000-000000000000/resourceGroups/cli_test_multi_nic_vm000001/providers/Microsoft.Network/virtualNetworks/myvnet\",\r\n
        \ \"etag\": \"W/\\\"59708d32-f5c6-4f29-af39-87c3d19f12d6\\\"\",\r\n  \"type\":
        \"Microsoft.Network/virtualNetworks\",\r\n  \"location\": \"westus\",\r\n
        \ \"tags\": {},\r\n  \"properties\": {\r\n    \"provisioningState\": \"Succeeded\",\r\n
        \   \"resourceGuid\": \"e947b0e7-93b5-42bd-815d-0e81cf20ab39\",\r\n    \"addressSpace\":
        {\r\n      \"addressPrefixes\": [\r\n        \"10.0.0.0/16\"\r\n      ]\r\n
        \   },\r\n    \"dhcpOptions\": {\r\n      \"dnsServers\": []\r\n    },\r\n
        \   \"subnets\": [\r\n      {\r\n        \"name\": \"mysubnet\",\r\n        \"id\":
        \"/subscriptions/00000000-0000-0000-0000-000000000000/resourceGroups/cli_test_multi_nic_vm000001/providers/Microsoft.Network/virtualNetworks/myvnet/subnets/mysubnet\",\r\n
        \       \"etag\": \"W/\\\"59708d32-f5c6-4f29-af39-87c3d19f12d6\\\"\",\r\n
        \       \"properties\": {\r\n          \"provisioningState\": \"Succeeded\",\r\n
        \         \"addressPrefix\": \"10.0.0.0/24\"\r\n        }\r\n      }\r\n    ],\r\n
        \   \"virtualNetworkPeerings\": [],\r\n    \"enableDdosProtection\": false,\r\n
        \   \"enableVmProtection\": false\r\n  }\r\n}"}
    headers:
      cache-control: [no-cache]
      content-length: ['1237']
      content-type: [application/json; charset=utf-8]
      date: ['Mon, 05 Mar 2018 20:08:45 GMT']
      etag: [W/"59708d32-f5c6-4f29-af39-87c3d19f12d6"]
      expires: ['-1']
      pragma: [no-cache]
      server: [Microsoft-HTTPAPI/2.0, Microsoft-HTTPAPI/2.0]
      strict-transport-security: [max-age=31536000; includeSubDomains]
      transfer-encoding: [chunked]
      vary: [Accept-Encoding]
      x-content-type-options: [nosniff]
    status: {code: 200, message: OK}
- request:
    body: null
    headers:
      Accept: [application/json]
      Accept-Encoding: ['gzip, deflate']
      CommandName: [network nic create]
      Connection: [keep-alive]
      Content-Type: [application/json; charset=utf-8]
      User-Agent: [python/3.6.4 (Linux-4.11.0-1016-azure-x86_64-with-debian-9.3) requests/2.18.4
          msrest/0.4.26 msrest_azure/0.4.22 resourcemanagementclient/1.2.1 Azure-SDK-For-Python
          AZURECLI/2.0.29.dev20180305185410.dev20180305185935]
      accept-language: [en-US]
    method: GET
    uri: https://management.azure.com/subscriptions/00000000-0000-0000-0000-000000000000/resourcegroups/cli_test_multi_nic_vm000001?api-version=2017-05-10
  response:
    body: {string: '{"id":"/subscriptions/00000000-0000-0000-0000-000000000000/resourceGroups/cli_test_multi_nic_vm000001","name":"cli_test_multi_nic_vm000001","location":"westus","tags":{"use":"az-test"},"properties":{"provisioningState":"Succeeded"}}'}
    headers:
      cache-control: [no-cache]
      content-length: ['328']
      content-type: [application/json; charset=utf-8]
      date: ['Mon, 05 Mar 2018 20:08:46 GMT']
      expires: ['-1']
      pragma: [no-cache]
      strict-transport-security: [max-age=31536000; includeSubDomains]
      vary: [Accept-Encoding]
      x-content-type-options: [nosniff]
    status: {code: 200, message: OK}
- request:
    body: 'b''{"location": "westus", "properties": {"ipConfigurations": [{"properties":
      {"privateIPAllocationMethod": "Dynamic", "privateIPAddressVersion": "IPv4",
      "subnet": {"id": "/subscriptions/00000000-0000-0000-0000-000000000000/resourceGroups/cli_test_multi_nic_vm000001/providers/Microsoft.Network/virtualNetworks/myvnet/subnets/mysubnet"}},
      "name": "ipconfig1"}], "dnsSettings": {"dnsServers": []}, "enableIPForwarding":
      false}}'''
    headers:
      Accept: [application/json]
      Accept-Encoding: ['gzip, deflate']
      CommandName: [network nic create]
      Connection: [keep-alive]
      Content-Length: ['470']
      Content-Type: [application/json; charset=utf-8]
      User-Agent: [python/3.6.4 (Linux-4.11.0-1016-azure-x86_64-with-debian-9.3) requests/2.18.4
          msrest/0.4.26 msrest_azure/0.4.22 networkmanagementclient/1.8.0a1 Azure-SDK-For-Python
          AZURECLI/2.0.29.dev20180305185410.dev20180305185935]
      accept-language: [en-US]
    method: PUT
    uri: https://management.azure.com/subscriptions/00000000-0000-0000-0000-000000000000/resourceGroups/cli_test_multi_nic_vm000001/providers/Microsoft.Network/networkInterfaces/nic1?api-version=2018-01-01
  response:
    body: {string: "{\r\n  \"name\": \"nic1\",\r\n  \"id\": \"/subscriptions/00000000-0000-0000-0000-000000000000/resourceGroups/cli_test_multi_nic_vm000001/providers/Microsoft.Network/networkInterfaces/nic1\",\r\n
        \ \"etag\": \"W/\\\"70edfdaa-3a01-45b4-8527-b29dbdcd77c9\\\"\",\r\n  \"location\":
        \"westus\",\r\n  \"properties\": {\r\n    \"provisioningState\": \"Succeeded\",\r\n
        \   \"resourceGuid\": \"40d61c8e-ea64-4803-85e1-654128f8967e\",\r\n    \"ipConfigurations\":
        [\r\n      {\r\n        \"name\": \"ipconfig1\",\r\n        \"id\": \"/subscriptions/00000000-0000-0000-0000-000000000000/resourceGroups/cli_test_multi_nic_vm000001/providers/Microsoft.Network/networkInterfaces/nic1/ipConfigurations/ipconfig1\",\r\n
        \       \"etag\": \"W/\\\"70edfdaa-3a01-45b4-8527-b29dbdcd77c9\\\"\",\r\n
        \       \"properties\": {\r\n          \"provisioningState\": \"Succeeded\",\r\n
        \         \"privateIPAddress\": \"10.0.0.4\",\r\n          \"privateIPAllocationMethod\":
        \"Dynamic\",\r\n          \"subnet\": {\r\n            \"id\": \"/subscriptions/00000000-0000-0000-0000-000000000000/resourceGroups/cli_test_multi_nic_vm000001/providers/Microsoft.Network/virtualNetworks/myvnet/subnets/mysubnet\"\r\n
        \         },\r\n          \"primary\": true,\r\n          \"privateIPAddressVersion\":
        \"IPv4\"\r\n        }\r\n      }\r\n    ],\r\n    \"dnsSettings\": {\r\n      \"dnsServers\":
        [],\r\n      \"appliedDnsServers\": [],\r\n      \"internalDomainNameSuffix\":
        \"24yep0nvso4ufak3b0a24iflhb.dx.internal.cloudapp.net\"\r\n    },\r\n    \"enableAcceleratedNetworking\":
        false,\r\n    \"enableIPForwarding\": false,\r\n    \"virtualNetworkTapProvisioningState\":
        \"NotProvisioned\"\r\n  },\r\n  \"type\": \"Microsoft.Network/networkInterfaces\"\r\n}"}
    headers:
      azure-asyncoperation: ['https://management.azure.com/subscriptions/00000000-0000-0000-0000-000000000000/providers/Microsoft.Network/locations/westus/operations/e661c1f2-b4d4-478f-ad42-9f4f0b258fdc?api-version=2018-01-01']
      cache-control: [no-cache]
      content-length: ['1700']
      content-type: [application/json; charset=utf-8]
      date: ['Mon, 05 Mar 2018 20:08:48 GMT']
      expires: ['-1']
      pragma: [no-cache]
      server: [Microsoft-HTTPAPI/2.0, Microsoft-HTTPAPI/2.0]
      strict-transport-security: [max-age=31536000; includeSubDomains]
      x-content-type-options: [nosniff]
      x-ms-ratelimit-remaining-subscription-writes: ['1174']
    status: {code: 201, message: Created}
- request:
    body: null
    headers:
      Accept: [application/json]
      Accept-Encoding: ['gzip, deflate']
      CommandName: [network nic create]
      Connection: [keep-alive]
      User-Agent: [python/3.6.4 (Linux-4.11.0-1016-azure-x86_64-with-debian-9.3) requests/2.18.4
          msrest/0.4.26 msrest_azure/0.4.22 networkmanagementclient/1.8.0a1 Azure-SDK-For-Python
          AZURECLI/2.0.29.dev20180305185410.dev20180305185935]
    method: GET
    uri: https://management.azure.com/subscriptions/00000000-0000-0000-0000-000000000000/providers/Microsoft.Network/locations/westus/operations/e661c1f2-b4d4-478f-ad42-9f4f0b258fdc?api-version=2018-01-01
  response:
    body: {string: "{\r\n  \"status\": \"Succeeded\"\r\n}"}
    headers:
      cache-control: [no-cache]
      content-length: ['29']
      content-type: [application/json; charset=utf-8]
      date: ['Mon, 05 Mar 2018 20:09:19 GMT']
      expires: ['-1']
      pragma: [no-cache]
      server: [Microsoft-HTTPAPI/2.0, Microsoft-HTTPAPI/2.0]
      strict-transport-security: [max-age=31536000; includeSubDomains]
      transfer-encoding: [chunked]
      vary: [Accept-Encoding]
      x-content-type-options: [nosniff]
    status: {code: 200, message: OK}
- request:
    body: null
    headers:
      Accept: [application/json]
      Accept-Encoding: ['gzip, deflate']
      CommandName: [network nic create]
      Connection: [keep-alive]
      User-Agent: [python/3.6.4 (Linux-4.11.0-1016-azure-x86_64-with-debian-9.3) requests/2.18.4
          msrest/0.4.26 msrest_azure/0.4.22 networkmanagementclient/1.8.0a1 Azure-SDK-For-Python
          AZURECLI/2.0.29.dev20180305185410.dev20180305185935]
    method: GET
    uri: https://management.azure.com/subscriptions/00000000-0000-0000-0000-000000000000/resourceGroups/cli_test_multi_nic_vm000001/providers/Microsoft.Network/networkInterfaces/nic1?api-version=2018-01-01
  response:
    body: {string: "{\r\n  \"name\": \"nic1\",\r\n  \"id\": \"/subscriptions/00000000-0000-0000-0000-000000000000/resourceGroups/cli_test_multi_nic_vm000001/providers/Microsoft.Network/networkInterfaces/nic1\",\r\n
        \ \"etag\": \"W/\\\"70edfdaa-3a01-45b4-8527-b29dbdcd77c9\\\"\",\r\n  \"location\":
        \"westus\",\r\n  \"properties\": {\r\n    \"provisioningState\": \"Succeeded\",\r\n
        \   \"resourceGuid\": \"40d61c8e-ea64-4803-85e1-654128f8967e\",\r\n    \"ipConfigurations\":
        [\r\n      {\r\n        \"name\": \"ipconfig1\",\r\n        \"id\": \"/subscriptions/00000000-0000-0000-0000-000000000000/resourceGroups/cli_test_multi_nic_vm000001/providers/Microsoft.Network/networkInterfaces/nic1/ipConfigurations/ipconfig1\",\r\n
        \       \"etag\": \"W/\\\"70edfdaa-3a01-45b4-8527-b29dbdcd77c9\\\"\",\r\n
        \       \"properties\": {\r\n          \"provisioningState\": \"Succeeded\",\r\n
        \         \"privateIPAddress\": \"10.0.0.4\",\r\n          \"privateIPAllocationMethod\":
        \"Dynamic\",\r\n          \"subnet\": {\r\n            \"id\": \"/subscriptions/00000000-0000-0000-0000-000000000000/resourceGroups/cli_test_multi_nic_vm000001/providers/Microsoft.Network/virtualNetworks/myvnet/subnets/mysubnet\"\r\n
        \         },\r\n          \"primary\": true,\r\n          \"privateIPAddressVersion\":
        \"IPv4\"\r\n        }\r\n      }\r\n    ],\r\n    \"dnsSettings\": {\r\n      \"dnsServers\":
        [],\r\n      \"appliedDnsServers\": [],\r\n      \"internalDomainNameSuffix\":
        \"24yep0nvso4ufak3b0a24iflhb.dx.internal.cloudapp.net\"\r\n    },\r\n    \"enableAcceleratedNetworking\":
        false,\r\n    \"enableIPForwarding\": false,\r\n    \"virtualNetworkTapProvisioningState\":
        \"NotProvisioned\"\r\n  },\r\n  \"type\": \"Microsoft.Network/networkInterfaces\"\r\n}"}
    headers:
      cache-control: [no-cache]
      content-length: ['1700']
      content-type: [application/json; charset=utf-8]
      date: ['Mon, 05 Mar 2018 20:09:20 GMT']
      etag: [W/"70edfdaa-3a01-45b4-8527-b29dbdcd77c9"]
      expires: ['-1']
      pragma: [no-cache]
      server: [Microsoft-HTTPAPI/2.0, Microsoft-HTTPAPI/2.0]
      strict-transport-security: [max-age=31536000; includeSubDomains]
      transfer-encoding: [chunked]
      vary: [Accept-Encoding]
      x-content-type-options: [nosniff]
    status: {code: 200, message: OK}
- request:
    body: null
    headers:
      Accept: [application/json]
      Accept-Encoding: ['gzip, deflate']
      CommandName: [network nic create]
      Connection: [keep-alive]
      Content-Type: [application/json; charset=utf-8]
      User-Agent: [python/3.6.4 (Linux-4.11.0-1016-azure-x86_64-with-debian-9.3) requests/2.18.4
          msrest/0.4.26 msrest_azure/0.4.22 resourcemanagementclient/1.2.1 Azure-SDK-For-Python
          AZURECLI/2.0.29.dev20180305185410.dev20180305185935]
      accept-language: [en-US]
    method: GET
    uri: https://management.azure.com/subscriptions/00000000-0000-0000-0000-000000000000/resourcegroups/cli_test_multi_nic_vm000001?api-version=2017-05-10
  response:
    body: {string: '{"id":"/subscriptions/00000000-0000-0000-0000-000000000000/resourceGroups/cli_test_multi_nic_vm000001","name":"cli_test_multi_nic_vm000001","location":"westus","tags":{"use":"az-test"},"properties":{"provisioningState":"Succeeded"}}'}
    headers:
      cache-control: [no-cache]
      content-length: ['328']
      content-type: [application/json; charset=utf-8]
      date: ['Mon, 05 Mar 2018 20:09:22 GMT']
      expires: ['-1']
      pragma: [no-cache]
      strict-transport-security: [max-age=31536000; includeSubDomains]
      vary: [Accept-Encoding]
      x-content-type-options: [nosniff]
    status: {code: 200, message: OK}
- request:
    body: 'b''{"location": "westus", "properties": {"ipConfigurations": [{"properties":
      {"privateIPAllocationMethod": "Dynamic", "privateIPAddressVersion": "IPv4",
      "subnet": {"id": "/subscriptions/00000000-0000-0000-0000-000000000000/resourceGroups/cli_test_multi_nic_vm000001/providers/Microsoft.Network/virtualNetworks/myvnet/subnets/mysubnet"}},
      "name": "ipconfig1"}], "dnsSettings": {"dnsServers": []}, "enableIPForwarding":
      false}}'''
    headers:
      Accept: [application/json]
      Accept-Encoding: ['gzip, deflate']
      CommandName: [network nic create]
      Connection: [keep-alive]
      Content-Length: ['470']
      Content-Type: [application/json; charset=utf-8]
      User-Agent: [python/3.6.4 (Linux-4.11.0-1016-azure-x86_64-with-debian-9.3) requests/2.18.4
          msrest/0.4.26 msrest_azure/0.4.22 networkmanagementclient/1.8.0a1 Azure-SDK-For-Python
          AZURECLI/2.0.29.dev20180305185410.dev20180305185935]
      accept-language: [en-US]
    method: PUT
    uri: https://management.azure.com/subscriptions/00000000-0000-0000-0000-000000000000/resourceGroups/cli_test_multi_nic_vm000001/providers/Microsoft.Network/networkInterfaces/nic2?api-version=2018-01-01
  response:
    body: {string: "{\r\n  \"name\": \"nic2\",\r\n  \"id\": \"/subscriptions/00000000-0000-0000-0000-000000000000/resourceGroups/cli_test_multi_nic_vm000001/providers/Microsoft.Network/networkInterfaces/nic2\",\r\n
        \ \"etag\": \"W/\\\"132feb07-b53e-4b03-aa5a-c914bbd70eb9\\\"\",\r\n  \"location\":
        \"westus\",\r\n  \"properties\": {\r\n    \"provisioningState\": \"Succeeded\",\r\n
        \   \"resourceGuid\": \"20c45d84-9f48-462f-b3cc-0f686c063301\",\r\n    \"ipConfigurations\":
        [\r\n      {\r\n        \"name\": \"ipconfig1\",\r\n        \"id\": \"/subscriptions/00000000-0000-0000-0000-000000000000/resourceGroups/cli_test_multi_nic_vm000001/providers/Microsoft.Network/networkInterfaces/nic2/ipConfigurations/ipconfig1\",\r\n
        \       \"etag\": \"W/\\\"132feb07-b53e-4b03-aa5a-c914bbd70eb9\\\"\",\r\n
        \       \"properties\": {\r\n          \"provisioningState\": \"Succeeded\",\r\n
        \         \"privateIPAddress\": \"10.0.0.5\",\r\n          \"privateIPAllocationMethod\":
        \"Dynamic\",\r\n          \"subnet\": {\r\n            \"id\": \"/subscriptions/00000000-0000-0000-0000-000000000000/resourceGroups/cli_test_multi_nic_vm000001/providers/Microsoft.Network/virtualNetworks/myvnet/subnets/mysubnet\"\r\n
        \         },\r\n          \"primary\": true,\r\n          \"privateIPAddressVersion\":
        \"IPv4\"\r\n        }\r\n      }\r\n    ],\r\n    \"dnsSettings\": {\r\n      \"dnsServers\":
        [],\r\n      \"appliedDnsServers\": [],\r\n      \"internalDomainNameSuffix\":
        \"24yep0nvso4ufak3b0a24iflhb.dx.internal.cloudapp.net\"\r\n    },\r\n    \"enableAcceleratedNetworking\":
        false,\r\n    \"enableIPForwarding\": false,\r\n    \"virtualNetworkTapProvisioningState\":
        \"NotProvisioned\"\r\n  },\r\n  \"type\": \"Microsoft.Network/networkInterfaces\"\r\n}"}
    headers:
      azure-asyncoperation: ['https://management.azure.com/subscriptions/00000000-0000-0000-0000-000000000000/providers/Microsoft.Network/locations/westus/operations/93b59790-dc63-4f11-87f4-62f55eb047b7?api-version=2018-01-01']
      cache-control: [no-cache]
      content-length: ['1700']
      content-type: [application/json; charset=utf-8]
      date: ['Mon, 05 Mar 2018 20:09:23 GMT']
      expires: ['-1']
      pragma: [no-cache]
      server: [Microsoft-HTTPAPI/2.0, Microsoft-HTTPAPI/2.0]
      strict-transport-security: [max-age=31536000; includeSubDomains]
      x-content-type-options: [nosniff]
      x-ms-ratelimit-remaining-subscription-writes: ['1174']
    status: {code: 201, message: Created}
- request:
    body: null
    headers:
      Accept: [application/json]
      Accept-Encoding: ['gzip, deflate']
      CommandName: [network nic create]
      Connection: [keep-alive]
      User-Agent: [python/3.6.4 (Linux-4.11.0-1016-azure-x86_64-with-debian-9.3) requests/2.18.4
          msrest/0.4.26 msrest_azure/0.4.22 networkmanagementclient/1.8.0a1 Azure-SDK-For-Python
          AZURECLI/2.0.29.dev20180305185410.dev20180305185935]
    method: GET
    uri: https://management.azure.com/subscriptions/00000000-0000-0000-0000-000000000000/providers/Microsoft.Network/locations/westus/operations/93b59790-dc63-4f11-87f4-62f55eb047b7?api-version=2018-01-01
  response:
    body: {string: "{\r\n  \"status\": \"Succeeded\"\r\n}"}
    headers:
      cache-control: [no-cache]
      content-length: ['29']
      content-type: [application/json; charset=utf-8]
      date: ['Mon, 05 Mar 2018 20:09:54 GMT']
      expires: ['-1']
      pragma: [no-cache]
      server: [Microsoft-HTTPAPI/2.0, Microsoft-HTTPAPI/2.0]
      strict-transport-security: [max-age=31536000; includeSubDomains]
      transfer-encoding: [chunked]
      vary: [Accept-Encoding]
      x-content-type-options: [nosniff]
    status: {code: 200, message: OK}
- request:
    body: null
    headers:
      Accept: [application/json]
      Accept-Encoding: ['gzip, deflate']
      CommandName: [network nic create]
      Connection: [keep-alive]
      User-Agent: [python/3.6.4 (Linux-4.11.0-1016-azure-x86_64-with-debian-9.3) requests/2.18.4
          msrest/0.4.26 msrest_azure/0.4.22 networkmanagementclient/1.8.0a1 Azure-SDK-For-Python
          AZURECLI/2.0.29.dev20180305185410.dev20180305185935]
    method: GET
    uri: https://management.azure.com/subscriptions/00000000-0000-0000-0000-000000000000/resourceGroups/cli_test_multi_nic_vm000001/providers/Microsoft.Network/networkInterfaces/nic2?api-version=2018-01-01
  response:
    body: {string: "{\r\n  \"name\": \"nic2\",\r\n  \"id\": \"/subscriptions/00000000-0000-0000-0000-000000000000/resourceGroups/cli_test_multi_nic_vm000001/providers/Microsoft.Network/networkInterfaces/nic2\",\r\n
        \ \"etag\": \"W/\\\"132feb07-b53e-4b03-aa5a-c914bbd70eb9\\\"\",\r\n  \"location\":
        \"westus\",\r\n  \"properties\": {\r\n    \"provisioningState\": \"Succeeded\",\r\n
        \   \"resourceGuid\": \"20c45d84-9f48-462f-b3cc-0f686c063301\",\r\n    \"ipConfigurations\":
        [\r\n      {\r\n        \"name\": \"ipconfig1\",\r\n        \"id\": \"/subscriptions/00000000-0000-0000-0000-000000000000/resourceGroups/cli_test_multi_nic_vm000001/providers/Microsoft.Network/networkInterfaces/nic2/ipConfigurations/ipconfig1\",\r\n
        \       \"etag\": \"W/\\\"132feb07-b53e-4b03-aa5a-c914bbd70eb9\\\"\",\r\n
        \       \"properties\": {\r\n          \"provisioningState\": \"Succeeded\",\r\n
        \         \"privateIPAddress\": \"10.0.0.5\",\r\n          \"privateIPAllocationMethod\":
        \"Dynamic\",\r\n          \"subnet\": {\r\n            \"id\": \"/subscriptions/00000000-0000-0000-0000-000000000000/resourceGroups/cli_test_multi_nic_vm000001/providers/Microsoft.Network/virtualNetworks/myvnet/subnets/mysubnet\"\r\n
        \         },\r\n          \"primary\": true,\r\n          \"privateIPAddressVersion\":
        \"IPv4\"\r\n        }\r\n      }\r\n    ],\r\n    \"dnsSettings\": {\r\n      \"dnsServers\":
        [],\r\n      \"appliedDnsServers\": [],\r\n      \"internalDomainNameSuffix\":
        \"24yep0nvso4ufak3b0a24iflhb.dx.internal.cloudapp.net\"\r\n    },\r\n    \"enableAcceleratedNetworking\":
        false,\r\n    \"enableIPForwarding\": false,\r\n    \"virtualNetworkTapProvisioningState\":
        \"NotProvisioned\"\r\n  },\r\n  \"type\": \"Microsoft.Network/networkInterfaces\"\r\n}"}
    headers:
      cache-control: [no-cache]
      content-length: ['1700']
      content-type: [application/json; charset=utf-8]
      date: ['Mon, 05 Mar 2018 20:09:54 GMT']
      etag: [W/"132feb07-b53e-4b03-aa5a-c914bbd70eb9"]
      expires: ['-1']
      pragma: [no-cache]
      server: [Microsoft-HTTPAPI/2.0, Microsoft-HTTPAPI/2.0]
      strict-transport-security: [max-age=31536000; includeSubDomains]
      transfer-encoding: [chunked]
      vary: [Accept-Encoding]
      x-content-type-options: [nosniff]
    status: {code: 200, message: OK}
- request:
    body: null
    headers:
      Accept: [application/json]
      Accept-Encoding: ['gzip, deflate']
      CommandName: [network nic create]
      Connection: [keep-alive]
      Content-Type: [application/json; charset=utf-8]
      User-Agent: [python/3.6.4 (Linux-4.11.0-1016-azure-x86_64-with-debian-9.3) requests/2.18.4
          msrest/0.4.26 msrest_azure/0.4.22 resourcemanagementclient/1.2.1 Azure-SDK-For-Python
          AZURECLI/2.0.29.dev20180305185410.dev20180305185935]
      accept-language: [en-US]
    method: GET
    uri: https://management.azure.com/subscriptions/00000000-0000-0000-0000-000000000000/resourcegroups/cli_test_multi_nic_vm000001?api-version=2017-05-10
  response:
    body: {string: '{"id":"/subscriptions/00000000-0000-0000-0000-000000000000/resourceGroups/cli_test_multi_nic_vm000001","name":"cli_test_multi_nic_vm000001","location":"westus","tags":{"use":"az-test"},"properties":{"provisioningState":"Succeeded"}}'}
    headers:
      cache-control: [no-cache]
      content-length: ['328']
      content-type: [application/json; charset=utf-8]
      date: ['Mon, 05 Mar 2018 20:09:55 GMT']
      expires: ['-1']
      pragma: [no-cache]
      strict-transport-security: [max-age=31536000; includeSubDomains]
      vary: [Accept-Encoding]
      x-content-type-options: [nosniff]
    status: {code: 200, message: OK}
- request:
    body: 'b''{"location": "westus", "properties": {"ipConfigurations": [{"properties":
      {"privateIPAllocationMethod": "Dynamic", "privateIPAddressVersion": "IPv4",
      "subnet": {"id": "/subscriptions/00000000-0000-0000-0000-000000000000/resourceGroups/cli_test_multi_nic_vm000001/providers/Microsoft.Network/virtualNetworks/myvnet/subnets/mysubnet"}},
      "name": "ipconfig1"}], "dnsSettings": {"dnsServers": []}, "enableIPForwarding":
      false}}'''
    headers:
      Accept: [application/json]
      Accept-Encoding: ['gzip, deflate']
      CommandName: [network nic create]
      Connection: [keep-alive]
      Content-Length: ['470']
      Content-Type: [application/json; charset=utf-8]
      User-Agent: [python/3.6.4 (Linux-4.11.0-1016-azure-x86_64-with-debian-9.3) requests/2.18.4
          msrest/0.4.26 msrest_azure/0.4.22 networkmanagementclient/1.8.0a1 Azure-SDK-For-Python
          AZURECLI/2.0.29.dev20180305185410.dev20180305185935]
      accept-language: [en-US]
    method: PUT
    uri: https://management.azure.com/subscriptions/00000000-0000-0000-0000-000000000000/resourceGroups/cli_test_multi_nic_vm000001/providers/Microsoft.Network/networkInterfaces/nic3?api-version=2018-01-01
  response:
    body: {string: "{\r\n  \"name\": \"nic3\",\r\n  \"id\": \"/subscriptions/00000000-0000-0000-0000-000000000000/resourceGroups/cli_test_multi_nic_vm000001/providers/Microsoft.Network/networkInterfaces/nic3\",\r\n
        \ \"etag\": \"W/\\\"2f610342-fe0f-4077-be23-48533ad7c26d\\\"\",\r\n  \"location\":
        \"westus\",\r\n  \"properties\": {\r\n    \"provisioningState\": \"Succeeded\",\r\n
        \   \"resourceGuid\": \"7008f131-047f-4e9c-9a17-b331b74aaa56\",\r\n    \"ipConfigurations\":
        [\r\n      {\r\n        \"name\": \"ipconfig1\",\r\n        \"id\": \"/subscriptions/00000000-0000-0000-0000-000000000000/resourceGroups/cli_test_multi_nic_vm000001/providers/Microsoft.Network/networkInterfaces/nic3/ipConfigurations/ipconfig1\",\r\n
        \       \"etag\": \"W/\\\"2f610342-fe0f-4077-be23-48533ad7c26d\\\"\",\r\n
        \       \"properties\": {\r\n          \"provisioningState\": \"Succeeded\",\r\n
        \         \"privateIPAddress\": \"10.0.0.6\",\r\n          \"privateIPAllocationMethod\":
        \"Dynamic\",\r\n          \"subnet\": {\r\n            \"id\": \"/subscriptions/00000000-0000-0000-0000-000000000000/resourceGroups/cli_test_multi_nic_vm000001/providers/Microsoft.Network/virtualNetworks/myvnet/subnets/mysubnet\"\r\n
        \         },\r\n          \"primary\": true,\r\n          \"privateIPAddressVersion\":
        \"IPv4\"\r\n        }\r\n      }\r\n    ],\r\n    \"dnsSettings\": {\r\n      \"dnsServers\":
        [],\r\n      \"appliedDnsServers\": [],\r\n      \"internalDomainNameSuffix\":
        \"24yep0nvso4ufak3b0a24iflhb.dx.internal.cloudapp.net\"\r\n    },\r\n    \"enableAcceleratedNetworking\":
        false,\r\n    \"enableIPForwarding\": false,\r\n    \"virtualNetworkTapProvisioningState\":
        \"NotProvisioned\"\r\n  },\r\n  \"type\": \"Microsoft.Network/networkInterfaces\"\r\n}"}
    headers:
      azure-asyncoperation: ['https://management.azure.com/subscriptions/00000000-0000-0000-0000-000000000000/providers/Microsoft.Network/locations/westus/operations/3c970ee8-011d-4937-8382-2888f2130109?api-version=2018-01-01']
      cache-control: [no-cache]
      content-length: ['1700']
      content-type: [application/json; charset=utf-8]
      date: ['Mon, 05 Mar 2018 20:09:58 GMT']
      expires: ['-1']
      pragma: [no-cache]
      server: [Microsoft-HTTPAPI/2.0, Microsoft-HTTPAPI/2.0]
      strict-transport-security: [max-age=31536000; includeSubDomains]
      x-content-type-options: [nosniff]
      x-ms-ratelimit-remaining-subscription-writes: ['1174']
    status: {code: 201, message: Created}
- request:
    body: null
    headers:
      Accept: [application/json]
      Accept-Encoding: ['gzip, deflate']
      CommandName: [network nic create]
      Connection: [keep-alive]
      User-Agent: [python/3.6.4 (Linux-4.11.0-1016-azure-x86_64-with-debian-9.3) requests/2.18.4
          msrest/0.4.26 msrest_azure/0.4.22 networkmanagementclient/1.8.0a1 Azure-SDK-For-Python
          AZURECLI/2.0.29.dev20180305185410.dev20180305185935]
    method: GET
    uri: https://management.azure.com/subscriptions/00000000-0000-0000-0000-000000000000/providers/Microsoft.Network/locations/westus/operations/3c970ee8-011d-4937-8382-2888f2130109?api-version=2018-01-01
  response:
    body: {string: "{\r\n  \"status\": \"Succeeded\"\r\n}"}
    headers:
      cache-control: [no-cache]
      content-length: ['29']
      content-type: [application/json; charset=utf-8]
      date: ['Mon, 05 Mar 2018 20:10:28 GMT']
      expires: ['-1']
      pragma: [no-cache]
      server: [Microsoft-HTTPAPI/2.0, Microsoft-HTTPAPI/2.0]
      strict-transport-security: [max-age=31536000; includeSubDomains]
      transfer-encoding: [chunked]
      vary: [Accept-Encoding]
      x-content-type-options: [nosniff]
    status: {code: 200, message: OK}
- request:
    body: null
    headers:
      Accept: [application/json]
      Accept-Encoding: ['gzip, deflate']
      CommandName: [network nic create]
      Connection: [keep-alive]
      User-Agent: [python/3.6.4 (Linux-4.11.0-1016-azure-x86_64-with-debian-9.3) requests/2.18.4
          msrest/0.4.26 msrest_azure/0.4.22 networkmanagementclient/1.8.0a1 Azure-SDK-For-Python
          AZURECLI/2.0.29.dev20180305185410.dev20180305185935]
    method: GET
    uri: https://management.azure.com/subscriptions/00000000-0000-0000-0000-000000000000/resourceGroups/cli_test_multi_nic_vm000001/providers/Microsoft.Network/networkInterfaces/nic3?api-version=2018-01-01
  response:
    body: {string: "{\r\n  \"name\": \"nic3\",\r\n  \"id\": \"/subscriptions/00000000-0000-0000-0000-000000000000/resourceGroups/cli_test_multi_nic_vm000001/providers/Microsoft.Network/networkInterfaces/nic3\",\r\n
        \ \"etag\": \"W/\\\"2f610342-fe0f-4077-be23-48533ad7c26d\\\"\",\r\n  \"location\":
        \"westus\",\r\n  \"properties\": {\r\n    \"provisioningState\": \"Succeeded\",\r\n
        \   \"resourceGuid\": \"7008f131-047f-4e9c-9a17-b331b74aaa56\",\r\n    \"ipConfigurations\":
        [\r\n      {\r\n        \"name\": \"ipconfig1\",\r\n        \"id\": \"/subscriptions/00000000-0000-0000-0000-000000000000/resourceGroups/cli_test_multi_nic_vm000001/providers/Microsoft.Network/networkInterfaces/nic3/ipConfigurations/ipconfig1\",\r\n
        \       \"etag\": \"W/\\\"2f610342-fe0f-4077-be23-48533ad7c26d\\\"\",\r\n
        \       \"properties\": {\r\n          \"provisioningState\": \"Succeeded\",\r\n
        \         \"privateIPAddress\": \"10.0.0.6\",\r\n          \"privateIPAllocationMethod\":
        \"Dynamic\",\r\n          \"subnet\": {\r\n            \"id\": \"/subscriptions/00000000-0000-0000-0000-000000000000/resourceGroups/cli_test_multi_nic_vm000001/providers/Microsoft.Network/virtualNetworks/myvnet/subnets/mysubnet\"\r\n
        \         },\r\n          \"primary\": true,\r\n          \"privateIPAddressVersion\":
        \"IPv4\"\r\n        }\r\n      }\r\n    ],\r\n    \"dnsSettings\": {\r\n      \"dnsServers\":
        [],\r\n      \"appliedDnsServers\": [],\r\n      \"internalDomainNameSuffix\":
        \"24yep0nvso4ufak3b0a24iflhb.dx.internal.cloudapp.net\"\r\n    },\r\n    \"enableAcceleratedNetworking\":
        false,\r\n    \"enableIPForwarding\": false,\r\n    \"virtualNetworkTapProvisioningState\":
        \"NotProvisioned\"\r\n  },\r\n  \"type\": \"Microsoft.Network/networkInterfaces\"\r\n}"}
    headers:
      cache-control: [no-cache]
      content-length: ['1700']
      content-type: [application/json; charset=utf-8]
      date: ['Mon, 05 Mar 2018 20:10:30 GMT']
      etag: [W/"2f610342-fe0f-4077-be23-48533ad7c26d"]
      expires: ['-1']
      pragma: [no-cache]
      server: [Microsoft-HTTPAPI/2.0, Microsoft-HTTPAPI/2.0]
      strict-transport-security: [max-age=31536000; includeSubDomains]
      transfer-encoding: [chunked]
      vary: [Accept-Encoding]
      x-content-type-options: [nosniff]
    status: {code: 200, message: OK}
- request:
    body: null
    headers:
      Accept: [application/json]
      Accept-Encoding: ['gzip, deflate']
      CommandName: [network nic create]
      Connection: [keep-alive]
      Content-Type: [application/json; charset=utf-8]
      User-Agent: [python/3.6.4 (Linux-4.11.0-1016-azure-x86_64-with-debian-9.3) requests/2.18.4
          msrest/0.4.26 msrest_azure/0.4.22 resourcemanagementclient/1.2.1 Azure-SDK-For-Python
          AZURECLI/2.0.29.dev20180305185410.dev20180305185935]
      accept-language: [en-US]
    method: GET
    uri: https://management.azure.com/subscriptions/00000000-0000-0000-0000-000000000000/resourcegroups/cli_test_multi_nic_vm000001?api-version=2017-05-10
  response:
    body: {string: '{"id":"/subscriptions/00000000-0000-0000-0000-000000000000/resourceGroups/cli_test_multi_nic_vm000001","name":"cli_test_multi_nic_vm000001","location":"westus","tags":{"use":"az-test"},"properties":{"provisioningState":"Succeeded"}}'}
    headers:
      cache-control: [no-cache]
      content-length: ['328']
      content-type: [application/json; charset=utf-8]
      date: ['Mon, 05 Mar 2018 20:10:31 GMT']
      expires: ['-1']
      pragma: [no-cache]
      strict-transport-security: [max-age=31536000; includeSubDomains]
      vary: [Accept-Encoding]
      x-content-type-options: [nosniff]
    status: {code: 200, message: OK}
- request:
    body: 'b''{"location": "westus", "properties": {"ipConfigurations": [{"properties":
      {"privateIPAllocationMethod": "Dynamic", "privateIPAddressVersion": "IPv4",
      "subnet": {"id": "/subscriptions/00000000-0000-0000-0000-000000000000/resourceGroups/cli_test_multi_nic_vm000001/providers/Microsoft.Network/virtualNetworks/myvnet/subnets/mysubnet"}},
      "name": "ipconfig1"}], "dnsSettings": {"dnsServers": []}, "enableIPForwarding":
      false}}'''
    headers:
      Accept: [application/json]
      Accept-Encoding: ['gzip, deflate']
      CommandName: [network nic create]
      Connection: [keep-alive]
      Content-Length: ['470']
      Content-Type: [application/json; charset=utf-8]
      User-Agent: [python/3.6.4 (Linux-4.11.0-1016-azure-x86_64-with-debian-9.3) requests/2.18.4
          msrest/0.4.26 msrest_azure/0.4.22 networkmanagementclient/1.8.0a1 Azure-SDK-For-Python
          AZURECLI/2.0.29.dev20180305185410.dev20180305185935]
      accept-language: [en-US]
    method: PUT
    uri: https://management.azure.com/subscriptions/00000000-0000-0000-0000-000000000000/resourceGroups/cli_test_multi_nic_vm000001/providers/Microsoft.Network/networkInterfaces/nic4?api-version=2018-01-01
  response:
    body: {string: "{\r\n  \"name\": \"nic4\",\r\n  \"id\": \"/subscriptions/00000000-0000-0000-0000-000000000000/resourceGroups/cli_test_multi_nic_vm000001/providers/Microsoft.Network/networkInterfaces/nic4\",\r\n
        \ \"etag\": \"W/\\\"49135487-30ed-40fe-8ccd-aee91c0b272d\\\"\",\r\n  \"location\":
        \"westus\",\r\n  \"properties\": {\r\n    \"provisioningState\": \"Succeeded\",\r\n
        \   \"resourceGuid\": \"3443bc43-dba9-4fbd-9237-f4ce33c5e6fb\",\r\n    \"ipConfigurations\":
        [\r\n      {\r\n        \"name\": \"ipconfig1\",\r\n        \"id\": \"/subscriptions/00000000-0000-0000-0000-000000000000/resourceGroups/cli_test_multi_nic_vm000001/providers/Microsoft.Network/networkInterfaces/nic4/ipConfigurations/ipconfig1\",\r\n
        \       \"etag\": \"W/\\\"49135487-30ed-40fe-8ccd-aee91c0b272d\\\"\",\r\n
        \       \"properties\": {\r\n          \"provisioningState\": \"Succeeded\",\r\n
        \         \"privateIPAddress\": \"10.0.0.7\",\r\n          \"privateIPAllocationMethod\":
        \"Dynamic\",\r\n          \"subnet\": {\r\n            \"id\": \"/subscriptions/00000000-0000-0000-0000-000000000000/resourceGroups/cli_test_multi_nic_vm000001/providers/Microsoft.Network/virtualNetworks/myvnet/subnets/mysubnet\"\r\n
        \         },\r\n          \"primary\": true,\r\n          \"privateIPAddressVersion\":
        \"IPv4\"\r\n        }\r\n      }\r\n    ],\r\n    \"dnsSettings\": {\r\n      \"dnsServers\":
        [],\r\n      \"appliedDnsServers\": [],\r\n      \"internalDomainNameSuffix\":
        \"24yep0nvso4ufak3b0a24iflhb.dx.internal.cloudapp.net\"\r\n    },\r\n    \"enableAcceleratedNetworking\":
        false,\r\n    \"enableIPForwarding\": false,\r\n    \"virtualNetworkTapProvisioningState\":
        \"NotProvisioned\"\r\n  },\r\n  \"type\": \"Microsoft.Network/networkInterfaces\"\r\n}"}
    headers:
      azure-asyncoperation: ['https://management.azure.com/subscriptions/00000000-0000-0000-0000-000000000000/providers/Microsoft.Network/locations/westus/operations/5937d8c7-e968-4265-ad32-932d8f5cd606?api-version=2018-01-01']
      cache-control: [no-cache]
      content-length: ['1700']
      content-type: [application/json; charset=utf-8]
      date: ['Mon, 05 Mar 2018 20:10:32 GMT']
      expires: ['-1']
      pragma: [no-cache]
      server: [Microsoft-HTTPAPI/2.0, Microsoft-HTTPAPI/2.0]
      strict-transport-security: [max-age=31536000; includeSubDomains]
      x-content-type-options: [nosniff]
      x-ms-ratelimit-remaining-subscription-writes: ['1166']
    status: {code: 201, message: Created}
- request:
    body: null
    headers:
      Accept: [application/json]
      Accept-Encoding: ['gzip, deflate']
      CommandName: [network nic create]
      Connection: [keep-alive]
      User-Agent: [python/3.6.4 (Linux-4.11.0-1016-azure-x86_64-with-debian-9.3) requests/2.18.4
          msrest/0.4.26 msrest_azure/0.4.22 networkmanagementclient/1.8.0a1 Azure-SDK-For-Python
          AZURECLI/2.0.29.dev20180305185410.dev20180305185935]
    method: GET
    uri: https://management.azure.com/subscriptions/00000000-0000-0000-0000-000000000000/providers/Microsoft.Network/locations/westus/operations/5937d8c7-e968-4265-ad32-932d8f5cd606?api-version=2018-01-01
  response:
    body: {string: "{\r\n  \"status\": \"Succeeded\"\r\n}"}
    headers:
      cache-control: [no-cache]
      content-length: ['29']
      content-type: [application/json; charset=utf-8]
      date: ['Mon, 05 Mar 2018 20:11:03 GMT']
      expires: ['-1']
      pragma: [no-cache]
      server: [Microsoft-HTTPAPI/2.0, Microsoft-HTTPAPI/2.0]
      strict-transport-security: [max-age=31536000; includeSubDomains]
      transfer-encoding: [chunked]
      vary: [Accept-Encoding]
      x-content-type-options: [nosniff]
    status: {code: 200, message: OK}
- request:
    body: null
    headers:
      Accept: [application/json]
      Accept-Encoding: ['gzip, deflate']
      CommandName: [network nic create]
      Connection: [keep-alive]
      User-Agent: [python/3.6.4 (Linux-4.11.0-1016-azure-x86_64-with-debian-9.3) requests/2.18.4
          msrest/0.4.26 msrest_azure/0.4.22 networkmanagementclient/1.8.0a1 Azure-SDK-For-Python
          AZURECLI/2.0.29.dev20180305185410.dev20180305185935]
    method: GET
    uri: https://management.azure.com/subscriptions/00000000-0000-0000-0000-000000000000/resourceGroups/cli_test_multi_nic_vm000001/providers/Microsoft.Network/networkInterfaces/nic4?api-version=2018-01-01
  response:
    body: {string: "{\r\n  \"name\": \"nic4\",\r\n  \"id\": \"/subscriptions/00000000-0000-0000-0000-000000000000/resourceGroups/cli_test_multi_nic_vm000001/providers/Microsoft.Network/networkInterfaces/nic4\",\r\n
        \ \"etag\": \"W/\\\"49135487-30ed-40fe-8ccd-aee91c0b272d\\\"\",\r\n  \"location\":
        \"westus\",\r\n  \"properties\": {\r\n    \"provisioningState\": \"Succeeded\",\r\n
        \   \"resourceGuid\": \"3443bc43-dba9-4fbd-9237-f4ce33c5e6fb\",\r\n    \"ipConfigurations\":
        [\r\n      {\r\n        \"name\": \"ipconfig1\",\r\n        \"id\": \"/subscriptions/00000000-0000-0000-0000-000000000000/resourceGroups/cli_test_multi_nic_vm000001/providers/Microsoft.Network/networkInterfaces/nic4/ipConfigurations/ipconfig1\",\r\n
        \       \"etag\": \"W/\\\"49135487-30ed-40fe-8ccd-aee91c0b272d\\\"\",\r\n
        \       \"properties\": {\r\n          \"provisioningState\": \"Succeeded\",\r\n
        \         \"privateIPAddress\": \"10.0.0.7\",\r\n          \"privateIPAllocationMethod\":
        \"Dynamic\",\r\n          \"subnet\": {\r\n            \"id\": \"/subscriptions/00000000-0000-0000-0000-000000000000/resourceGroups/cli_test_multi_nic_vm000001/providers/Microsoft.Network/virtualNetworks/myvnet/subnets/mysubnet\"\r\n
        \         },\r\n          \"primary\": true,\r\n          \"privateIPAddressVersion\":
        \"IPv4\"\r\n        }\r\n      }\r\n    ],\r\n    \"dnsSettings\": {\r\n      \"dnsServers\":
        [],\r\n      \"appliedDnsServers\": [],\r\n      \"internalDomainNameSuffix\":
        \"24yep0nvso4ufak3b0a24iflhb.dx.internal.cloudapp.net\"\r\n    },\r\n    \"enableAcceleratedNetworking\":
        false,\r\n    \"enableIPForwarding\": false,\r\n    \"virtualNetworkTapProvisioningState\":
        \"NotProvisioned\"\r\n  },\r\n  \"type\": \"Microsoft.Network/networkInterfaces\"\r\n}"}
    headers:
      cache-control: [no-cache]
      content-length: ['1700']
      content-type: [application/json; charset=utf-8]
      date: ['Mon, 05 Mar 2018 20:11:04 GMT']
      etag: [W/"49135487-30ed-40fe-8ccd-aee91c0b272d"]
      expires: ['-1']
      pragma: [no-cache]
      server: [Microsoft-HTTPAPI/2.0, Microsoft-HTTPAPI/2.0]
      strict-transport-security: [max-age=31536000; includeSubDomains]
      transfer-encoding: [chunked]
      vary: [Accept-Encoding]
      x-content-type-options: [nosniff]
    status: {code: 200, message: OK}
- request:
    body: null
    headers:
      Accept: [application/json]
      Accept-Encoding: ['gzip, deflate']
      CommandName: [vm create]
      Connection: [keep-alive]
      Content-Type: [application/json; charset=utf-8]
      User-Agent: [python/3.6.4 (Linux-4.11.0-1016-azure-x86_64-with-debian-9.3) requests/2.18.4
          msrest/0.4.26 msrest_azure/0.4.22 resourcemanagementclient/1.2.1 Azure-SDK-For-Python
          AZURECLI/2.0.29.dev20180305185410.dev20180305185935]
      accept-language: [en-US]
    method: GET
    uri: https://management.azure.com/subscriptions/00000000-0000-0000-0000-000000000000/resourcegroups/cli_test_multi_nic_vm000001?api-version=2017-05-10
  response:
    body: {string: '{"id":"/subscriptions/00000000-0000-0000-0000-000000000000/resourceGroups/cli_test_multi_nic_vm000001","name":"cli_test_multi_nic_vm000001","location":"westus","tags":{"use":"az-test"},"properties":{"provisioningState":"Succeeded"}}'}
    headers:
      cache-control: [no-cache]
      content-length: ['328']
      content-type: [application/json; charset=utf-8]
      date: ['Mon, 05 Mar 2018 20:11:05 GMT']
      expires: ['-1']
      pragma: [no-cache]
      strict-transport-security: [max-age=31536000; includeSubDomains]
      vary: [Accept-Encoding]
      x-content-type-options: [nosniff]
    status: {code: 200, message: OK}
- request:
    body: null
    headers:
      Accept: ['*/*']
      Accept-Encoding: ['gzip, deflate']
      Connection: [keep-alive]
      User-Agent: [python-requests/2.18.4]
    method: GET
    uri: https://raw.githubusercontent.com/Azure/azure-rest-api-specs/master/arm-compute/quickstart-templates/aliases.json
  response:
    body: {string: "{\n  \"$schema\":\"http://schema.management.azure.com/schemas/2015-01-01/deploymentTemplate.json\",\n
        \ \"contentVersion\":\"1.0.0.0\",\n  \"parameters\":{},\n  \"variables\":{},\n
        \ \"resources\":[],\n\n  \"outputs\":{\n    \"aliases\":{\n      \"type\":\"object\",\n
        \     \"value\":{\n\n        \"Linux\":{\n          \"CentOS\":{\n            \"publisher\":\"OpenLogic\",\n
        \           \"offer\":\"CentOS\",\n            \"sku\":\"7.3\",\n            \"version\":\"latest\"\n
        \         },\n          \"CoreOS\":{\n            \"publisher\":\"CoreOS\",\n
        \           \"offer\":\"CoreOS\",\n            \"sku\":\"Stable\",\n            \"version\":\"latest\"\n
        \         },\n          \"Debian\":{\n            \"publisher\":\"credativ\",\n
        \           \"offer\":\"Debian\",\n            \"sku\":\"8\",\n            \"version\":\"latest\"\n
        \         },\n          \"openSUSE-Leap\": {\n            \"publisher\":\"SUSE\",\n
        \           \"offer\":\"openSUSE-Leap\",\n            \"sku\":\"42.2\",\n
        \           \"version\": \"latest\"\n          },\n          \"RHEL\":{\n
        \           \"publisher\":\"RedHat\",\n            \"offer\":\"RHEL\",\n            \"sku\":\"7.3\",\n
        \           \"version\":\"latest\"\n          },\n          \"SLES\":{\n            \"publisher\":\"SUSE\",\n
        \           \"offer\":\"SLES\",\n            \"sku\":\"12-SP2\",\n            \"version\":\"latest\"\n
        \         },\n          \"UbuntuLTS\":{\n            \"publisher\":\"Canonical\",\n
        \           \"offer\":\"UbuntuServer\",\n            \"sku\":\"16.04-LTS\",\n
        \           \"version\":\"latest\"\n          }\n        },\n\n        \"Windows\":{\n
        \         \"Win2016Datacenter\":{\n            \"publisher\":\"MicrosoftWindowsServer\",\n
        \           \"offer\":\"WindowsServer\",\n            \"sku\":\"2016-Datacenter\",\n
        \           \"version\":\"latest\"\n          },\n          \"Win2012R2Datacenter\":{\n
        \           \"publisher\":\"MicrosoftWindowsServer\",\n            \"offer\":\"WindowsServer\",\n
        \           \"sku\":\"2012-R2-Datacenter\",\n            \"version\":\"latest\"\n
        \         },\n          \"Win2012Datacenter\":{\n            \"publisher\":\"MicrosoftWindowsServer\",\n
        \           \"offer\":\"WindowsServer\",\n            \"sku\":\"2012-Datacenter\",\n
        \           \"version\":\"latest\"\n          },\n          \"Win2008R2SP1\":{\n
        \           \"publisher\":\"MicrosoftWindowsServer\",\n            \"offer\":\"WindowsServer\",\n
        \           \"sku\":\"2008-R2-SP1\",\n            \"version\":\"latest\"\n
        \         }\n        }\n      }\n    }\n  }\n}\n"}
    headers:
      accept-ranges: [bytes]
      access-control-allow-origin: ['*']
      cache-control: [max-age=300]
      connection: [keep-alive]
      content-length: ['2235']
      content-security-policy: [default-src 'none'; style-src 'unsafe-inline'; sandbox]
      content-type: [text/plain; charset=utf-8]
      date: ['Mon, 05 Mar 2018 20:11:06 GMT']
      etag: ['"d6824855d13e27c5258a680eb60f635d088fd05e"']
      expires: ['Mon, 05 Mar 2018 20:16:06 GMT']
      source-age: ['232']
      strict-transport-security: [max-age=31536000]
      vary: ['Authorization,Accept-Encoding']
      via: [1.1 varnish]
      x-cache: [HIT]
      x-cache-hits: ['3']
      x-content-type-options: [nosniff]
      x-fastly-request-id: [5f8a1e32b91b11b1ff3531ab0f6f78855c196c03]
      x-frame-options: [deny]
      x-geo-block-list: ['']
      x-github-request-id: ['13B8:610E:111CA9D:11FCA9F:5A9DA370']
      x-served-by: [cache-sea1023-SEA]
      x-timer: ['S1520280666.432329,VS0,VE0']
      x-xss-protection: [1; mode=block]
    status: {code: 200, message: OK}
- request:
    body: 'b''{"properties": {"template": {"$schema": "https://schema.management.azure.com/schemas/2015-01-01/deploymentTemplate.json#",
      "contentVersion": "1.0.0.0", "parameters": {}, "variables": {}, "resources":
      [{"apiVersion": "2017-12-01", "type": "Microsoft.Compute/virtualMachines", "name":
      "multinicvm1", "location": "westus", "tags": {}, "dependsOn": [], "properties":
      {"hardwareProfile": {"vmSize": "Standard_DS3"}, "networkProfile": {"networkInterfaces":
      [{"id": "/subscriptions/00000000-0000-0000-0000-000000000000/resourceGroups/cli_test_multi_nic_vm000001/providers/Microsoft.Network/networkInterfaces/nic1",
      "properties": {"primary": true}}, {"id": "/subscriptions/00000000-0000-0000-0000-000000000000/resourceGroups/cli_test_multi_nic_vm000001/providers/Microsoft.Network/networkInterfaces/nic2",
      "properties": {"primary": false}}, {"id": "/subscriptions/00000000-0000-0000-0000-000000000000/resourceGroups/cli_test_multi_nic_vm000001/providers/Microsoft.Network/networkInterfaces/nic3",
      "properties": {"primary": false}}, {"id": "/subscriptions/00000000-0000-0000-0000-000000000000/resourceGroups/cli_test_multi_nic_vm000001/providers/Microsoft.Network/networkInterfaces/nic4",
      "properties": {"primary": false}}]}, "storageProfile": {"osDisk": {"createOption":
      "fromImage", "name": null, "caching": "ReadWrite", "managedDisk": {"storageAccountType":
      null}}, "imageReference": {"publisher": "Canonical", "offer": "UbuntuServer",
      "sku": "16.04-LTS", "version": "latest"}}, "osProfile": {"computerName": "multinicvm1",
      "adminUsername": "user11", "linuxConfiguration": {"disablePasswordAuthentication":
      true, "ssh": {"publicKeys": [{"keyData": "ssh-rsa AAAAB3NzaC1yc2EAAAADAQABAAACAQCbIg1guRHbI0lV11wWDt1r2cUdcNd27CJsg+SfgC7miZeubtwUhbsPdhMQsfDyhOWHq1+ZL0M+nJZV63d/1dhmhtgyOqejUwrPlzKhydsbrsdUor+JmNJDdW01v7BXHyuymT8G4s09jCasNOwiufbP/qp72ruu0bIA1nySsvlf9pCQAuFkAnVnf/rFhUlOkhtRpwcq8SUNY2zRHR/EKb/4NWY1JzR4sa3q2fWIJdrrX0DvLoa5g9bIEd4Df79ba7v+yiUBOS0zT2ll+z4g9izHK3EO5d8hL4jYxcjKs+wcslSYRWrascfscLgMlMGh0CdKeNTDjHpGPncaf3Z+FwwwjWeuiNBxv7bJo13/8B/098KlVDl4GZqsoBCEjPyJfV6hO0y/LkRGkk7oHWKgeWAfKtfLItRp00eZ4fcJNK9kCaSMmEugoZWcI7NGbZXzqFWqbpRI7NcDP9+WIQ+i9U5vqWsqd/zng4kbuAJ6UuKqIzB0upYrLShfQE3SAck8oaLhJqqq56VfDuASNpJKidV+zq27HfSBmbXnkR/5AK337dc3MXKJypoK/QPMLKUAP5XLPbs+NddJQV7EZXd29DLgp+fRIg3edpKdO7ZErWhv7d+3Kws+e1Y+ypmR2WIVSwVyBEUfgv2C8Ts9gnTF4pNcEY/S2aBicz5Ew2+jdyGNQQ==
      test@example.com\\n", "path": "/home/user11/.ssh/authorized_keys"}]}}}}}], "outputs":
      {}}, "parameters": {}, "mode": "Incremental"}}'''
    headers:
      Accept: [application/json]
      Accept-Encoding: ['gzip, deflate']
      CommandName: [vm create]
      Connection: [keep-alive]
      Content-Length: ['2691']
      Content-Type: [application/json; charset=utf-8]
      User-Agent: [python/3.6.4 (Linux-4.11.0-1016-azure-x86_64-with-debian-9.3) requests/2.18.4
          msrest/0.4.26 msrest_azure/0.4.22 resourcemanagementclient/1.2.1 Azure-SDK-For-Python
          AZURECLI/2.0.29.dev20180305185410.dev20180305185935]
      accept-language: [en-US]
    method: PUT
    uri: https://management.azure.com/subscriptions/00000000-0000-0000-0000-000000000000/resourcegroups/cli_test_multi_nic_vm000001/providers/Microsoft.Resources/deployments/mock-deployment?api-version=2017-05-10
  response:
    body: {string: '{"id":"/subscriptions/00000000-0000-0000-0000-000000000000/resourceGroups/cli_test_multi_nic_vm000001/providers/Microsoft.Resources/deployments/vm_deploy_e6QWbjQFucj5XSGEqEa9rVbWJDQcXEim","name":"vm_deploy_e6QWbjQFucj5XSGEqEa9rVbWJDQcXEim","properties":{"templateHash":"8681577287361146372","parameters":{},"mode":"Incremental","provisioningState":"Accepted","timestamp":"2018-03-05T20:11:09.4817421Z","duration":"PT0.5103639S","correlationId":"a1ad024e-89ae-4d95-9659-41db049c0750","providers":[{"namespace":"Microsoft.Compute","resourceTypes":[{"resourceType":"virtualMachines","locations":["westus"]}]}],"dependencies":[]}}'}
    headers:
      azure-asyncoperation: ['https://management.azure.com/subscriptions/00000000-0000-0000-0000-000000000000/resourcegroups/cli_test_multi_nic_vm000001/providers/Microsoft.Resources/deployments/vm_deploy_e6QWbjQFucj5XSGEqEa9rVbWJDQcXEim/operationStatuses/08586813262165062317?api-version=2017-05-10']
      cache-control: [no-cache]
      content-length: ['674']
      content-type: [application/json; charset=utf-8]
      date: ['Mon, 05 Mar 2018 20:11:08 GMT']
      expires: ['-1']
      pragma: [no-cache]
      strict-transport-security: [max-age=31536000; includeSubDomains]
      x-content-type-options: [nosniff]
      x-ms-ratelimit-remaining-subscription-writes: ['1168']
    status: {code: 201, message: Created}
- request:
    body: null
    headers:
      Accept: [application/json]
      Accept-Encoding: ['gzip, deflate']
      CommandName: [vm create]
      Connection: [keep-alive]
      Content-Type: [application/json; charset=utf-8]
      User-Agent: [python/3.6.4 (Linux-4.11.0-1016-azure-x86_64-with-debian-9.3) requests/2.18.4
          msrest/0.4.26 msrest_azure/0.4.22 resourcemanagementclient/1.2.1 Azure-SDK-For-Python
          AZURECLI/2.0.29.dev20180305185410.dev20180305185935]
      accept-language: [en-US]
    method: GET
    uri: https://management.azure.com/subscriptions/00000000-0000-0000-0000-000000000000/resourcegroups/cli_test_multi_nic_vm000001/providers/Microsoft.Resources/deployments/mock-deployment/operationStatuses/08586813262165062317?api-version=2017-05-10
  response:
    body: {string: '{"status":"Running"}'}
    headers:
      cache-control: [no-cache]
      content-length: ['20']
      content-type: [application/json; charset=utf-8]
      date: ['Mon, 05 Mar 2018 20:11:39 GMT']
      expires: ['-1']
      pragma: [no-cache]
      strict-transport-security: [max-age=31536000; includeSubDomains]
      vary: [Accept-Encoding]
      x-content-type-options: [nosniff]
    status: {code: 200, message: OK}
- request:
    body: null
    headers:
      Accept: [application/json]
      Accept-Encoding: ['gzip, deflate']
      CommandName: [vm create]
      Connection: [keep-alive]
      Content-Type: [application/json; charset=utf-8]
      User-Agent: [python/3.6.4 (Linux-4.11.0-1016-azure-x86_64-with-debian-9.3) requests/2.18.4
          msrest/0.4.26 msrest_azure/0.4.22 resourcemanagementclient/1.2.1 Azure-SDK-For-Python
          AZURECLI/2.0.29.dev20180305185410.dev20180305185935]
      accept-language: [en-US]
    method: GET
    uri: https://management.azure.com/subscriptions/00000000-0000-0000-0000-000000000000/resourcegroups/cli_test_multi_nic_vm000001/providers/Microsoft.Resources/deployments/mock-deployment/operationStatuses/08586813262165062317?api-version=2017-05-10
  response:
    body: {string: '{"status":"Running"}'}
    headers:
      cache-control: [no-cache]
      content-length: ['20']
      content-type: [application/json; charset=utf-8]
      date: ['Mon, 05 Mar 2018 20:12:10 GMT']
      expires: ['-1']
      pragma: [no-cache]
      strict-transport-security: [max-age=31536000; includeSubDomains]
      vary: [Accept-Encoding]
      x-content-type-options: [nosniff]
    status: {code: 200, message: OK}
- request:
    body: null
    headers:
      Accept: [application/json]
      Accept-Encoding: ['gzip, deflate']
      CommandName: [vm create]
      Connection: [keep-alive]
      Content-Type: [application/json; charset=utf-8]
      User-Agent: [python/3.6.4 (Linux-4.11.0-1016-azure-x86_64-with-debian-9.3) requests/2.18.4
          msrest/0.4.26 msrest_azure/0.4.22 resourcemanagementclient/1.2.1 Azure-SDK-For-Python
          AZURECLI/2.0.29.dev20180305185410.dev20180305185935]
      accept-language: [en-US]
    method: GET
    uri: https://management.azure.com/subscriptions/00000000-0000-0000-0000-000000000000/resourcegroups/cli_test_multi_nic_vm000001/providers/Microsoft.Resources/deployments/mock-deployment/operationStatuses/08586813262165062317?api-version=2017-05-10
  response:
    body: {string: '{"status":"Running"}'}
    headers:
      cache-control: [no-cache]
      content-length: ['20']
      content-type: [application/json; charset=utf-8]
      date: ['Mon, 05 Mar 2018 20:12:42 GMT']
      expires: ['-1']
      pragma: [no-cache]
      strict-transport-security: [max-age=31536000; includeSubDomains]
      vary: [Accept-Encoding]
      x-content-type-options: [nosniff]
    status: {code: 200, message: OK}
- request:
    body: null
    headers:
      Accept: [application/json]
      Accept-Encoding: ['gzip, deflate']
      CommandName: [vm create]
      Connection: [keep-alive]
      Content-Type: [application/json; charset=utf-8]
      User-Agent: [python/3.6.4 (Linux-4.11.0-1016-azure-x86_64-with-debian-9.3) requests/2.18.4
          msrest/0.4.26 msrest_azure/0.4.22 resourcemanagementclient/1.2.1 Azure-SDK-For-Python
          AZURECLI/2.0.29.dev20180305185410.dev20180305185935]
      accept-language: [en-US]
    method: GET
    uri: https://management.azure.com/subscriptions/00000000-0000-0000-0000-000000000000/resourcegroups/cli_test_multi_nic_vm000001/providers/Microsoft.Resources/deployments/mock-deployment/operationStatuses/08586813262165062317?api-version=2017-05-10
  response:
    body: {string: '{"status":"Succeeded"}'}
    headers:
      cache-control: [no-cache]
      content-length: ['22']
      content-type: [application/json; charset=utf-8]
      date: ['Mon, 05 Mar 2018 20:13:12 GMT']
      expires: ['-1']
      pragma: [no-cache]
      strict-transport-security: [max-age=31536000; includeSubDomains]
      vary: [Accept-Encoding]
      x-content-type-options: [nosniff]
    status: {code: 200, message: OK}
- request:
    body: null
    headers:
      Accept: [application/json]
      Accept-Encoding: ['gzip, deflate']
      CommandName: [vm create]
      Connection: [keep-alive]
      Content-Type: [application/json; charset=utf-8]
      User-Agent: [python/3.6.4 (Linux-4.11.0-1016-azure-x86_64-with-debian-9.3) requests/2.18.4
          msrest/0.4.26 msrest_azure/0.4.22 resourcemanagementclient/1.2.1 Azure-SDK-For-Python
          AZURECLI/2.0.29.dev20180305185410.dev20180305185935]
      accept-language: [en-US]
    method: GET
    uri: https://management.azure.com/subscriptions/00000000-0000-0000-0000-000000000000/resourcegroups/cli_test_multi_nic_vm000001/providers/Microsoft.Resources/deployments/mock-deployment?api-version=2017-05-10
  response:
    body: {string: '{"id":"/subscriptions/00000000-0000-0000-0000-000000000000/resourceGroups/cli_test_multi_nic_vm000001/providers/Microsoft.Resources/deployments/vm_deploy_e6QWbjQFucj5XSGEqEa9rVbWJDQcXEim","name":"vm_deploy_e6QWbjQFucj5XSGEqEa9rVbWJDQcXEim","properties":{"templateHash":"8681577287361146372","parameters":{},"mode":"Incremental","provisioningState":"Succeeded","timestamp":"2018-03-05T20:12:58.8215386Z","duration":"PT1M49.8501604S","correlationId":"a1ad024e-89ae-4d95-9659-41db049c0750","providers":[{"namespace":"Microsoft.Compute","resourceTypes":[{"resourceType":"virtualMachines","locations":["westus"]}]}],"dependencies":[],"outputs":{},"outputResources":[{"id":"/subscriptions/00000000-0000-0000-0000-000000000000/resourceGroups/cli_test_multi_nic_vm000001/providers/Microsoft.Compute/virtualMachines/multinicvm1"}]}}'}
    headers:
      cache-control: [no-cache]
      content-length: ['919']
      content-type: [application/json; charset=utf-8]
      date: ['Mon, 05 Mar 2018 20:13:15 GMT']
      expires: ['-1']
      pragma: [no-cache]
      strict-transport-security: [max-age=31536000; includeSubDomains]
      vary: [Accept-Encoding]
      x-content-type-options: [nosniff]
    status: {code: 200, message: OK}
- request:
    body: null
    headers:
      Accept: [application/json]
      Accept-Encoding: ['gzip, deflate']
      CommandName: [vm create]
      Connection: [keep-alive]
      Content-Type: [application/json; charset=utf-8]
      User-Agent: [python/3.6.4 (Linux-4.11.0-1016-azure-x86_64-with-debian-9.3) requests/2.18.4
          msrest/0.4.26 msrest_azure/0.4.22 computemanagementclient/3.1.0rc3 Azure-SDK-For-Python
          AZURECLI/2.0.29.dev20180305185410.dev20180305185935]
      accept-language: [en-US]
    method: GET
    uri: https://management.azure.com/subscriptions/00000000-0000-0000-0000-000000000000/resourceGroups/cli_test_multi_nic_vm000001/providers/Microsoft.Compute/virtualMachines/multinicvm1?$expand=instanceView&api-version=2017-12-01
  response:
    body: {string: "{\r\n  \"properties\": {\r\n    \"vmId\": \"d1d1cb05-70b0-43f0-b516-719282e8aaaa\",\r\n
        \   \"hardwareProfile\": {\r\n      \"vmSize\": \"Standard_DS3\"\r\n    },\r\n
        \   \"storageProfile\": {\r\n      \"imageReference\": {\r\n        \"publisher\":
        \"Canonical\",\r\n        \"offer\": \"UbuntuServer\",\r\n        \"sku\":
        \"16.04-LTS\",\r\n        \"version\": \"latest\"\r\n      },\r\n      \"osDisk\":
        {\r\n        \"osType\": \"Linux\",\r\n        \"name\": \"multinicvm1_OsDisk_1_a2e43585f6794f438ac3b76c719535f3\",\r\n
        \       \"createOption\": \"FromImage\",\r\n        \"caching\": \"ReadWrite\",\r\n
        \       \"managedDisk\": {\r\n          \"storageAccountType\": \"Premium_LRS\",\r\n
        \         \"id\": \"/subscriptions/00000000-0000-0000-0000-000000000000/resourceGroups/cli_test_multi_nic_vm000001/providers/Microsoft.Compute/disks/multinicvm1_OsDisk_1_a2e43585f6794f438ac3b76c719535f3\"\r\n
        \       },\r\n        \"diskSizeGB\": 30\r\n      },\r\n      \"dataDisks\":
        []\r\n    },\r\n    \"osProfile\": {\r\n      \"computerName\": \"multinicvm1\",\r\n
        \     \"adminUsername\": \"user11\",\r\n      \"linuxConfiguration\": {\r\n
        \       \"disablePasswordAuthentication\": true,\r\n        \"ssh\": {\r\n
        \         \"publicKeys\": [\r\n            {\r\n              \"path\": \"/home/user11/.ssh/authorized_keys\",\r\n
        \             \"keyData\": \"ssh-rsa AAAAB3NzaC1yc2EAAAADAQABAAACAQCbIg1guRHbI0lV11wWDt1r2cUdcNd27CJsg+SfgC7miZeubtwUhbsPdhMQsfDyhOWHq1+ZL0M+nJZV63d/1dhmhtgyOqejUwrPlzKhydsbrsdUor+JmNJDdW01v7BXHyuymT8G4s09jCasNOwiufbP/qp72ruu0bIA1nySsvlf9pCQAuFkAnVnf/rFhUlOkhtRpwcq8SUNY2zRHR/EKb/4NWY1JzR4sa3q2fWIJdrrX0DvLoa5g9bIEd4Df79ba7v+yiUBOS0zT2ll+z4g9izHK3EO5d8hL4jYxcjKs+wcslSYRWrascfscLgMlMGh0CdKeNTDjHpGPncaf3Z+FwwwjWeuiNBxv7bJo13/8B/098KlVDl4GZqsoBCEjPyJfV6hO0y/LkRGkk7oHWKgeWAfKtfLItRp00eZ4fcJNK9kCaSMmEugoZWcI7NGbZXzqFWqbpRI7NcDP9+WIQ+i9U5vqWsqd/zng4kbuAJ6UuKqIzB0upYrLShfQE3SAck8oaLhJqqq56VfDuASNpJKidV+zq27HfSBmbXnkR/5AK337dc3MXKJypoK/QPMLKUAP5XLPbs+NddJQV7EZXd29DLgp+fRIg3edpKdO7ZErWhv7d+3Kws+e1Y+ypmR2WIVSwVyBEUfgv2C8Ts9gnTF4pNcEY/S2aBicz5Ew2+jdyGNQQ==
        test@example.com\\n\"\r\n            }\r\n          ]\r\n        }\r\n      },\r\n
        \     \"secrets\": []\r\n    },\r\n    \"networkProfile\": {\"networkInterfaces\":[{\"id\":\"/subscriptions/00000000-0000-0000-0000-000000000000/resourceGroups/cli_test_multi_nic_vm000001/providers/Microsoft.Network/networkInterfaces/nic1\",\"properties\":{\"primary\":true}},{\"id\":\"/subscriptions/00000000-0000-0000-0000-000000000000/resourceGroups/cli_test_multi_nic_vm000001/providers/Microsoft.Network/networkInterfaces/nic2\",\"properties\":{\"primary\":false}},{\"id\":\"/subscriptions/00000000-0000-0000-0000-000000000000/resourceGroups/cli_test_multi_nic_vm000001/providers/Microsoft.Network/networkInterfaces/nic3\",\"properties\":{\"primary\":false}},{\"id\":\"/subscriptions/00000000-0000-0000-0000-000000000000/resourceGroups/cli_test_multi_nic_vm000001/providers/Microsoft.Network/networkInterfaces/nic4\",\"properties\":{\"primary\":false}}]},\r\n
        \   \"provisioningState\": \"Succeeded\",\r\n    \"instanceView\": {\r\n      \"computerName\":
        \"multinicvm1\",\r\n      \"osName\": \"ubuntu\",\r\n      \"osVersion\":
        \"16.04\",\r\n      \"vmAgent\": {\r\n        \"vmAgentVersion\": \"2.2.22\",\r\n
        \       \"statuses\": [\r\n          {\r\n            \"code\": \"ProvisioningState/succeeded\",\r\n
        \           \"level\": \"Info\",\r\n            \"displayStatus\": \"Ready\",\r\n
        \           \"message\": \"Guest Agent is running\",\r\n            \"time\":
        \"2018-03-05T20:13:14+00:00\"\r\n          }\r\n        ],\r\n        \"extensionHandlers\":
        []\r\n      },\r\n      \"disks\": [\r\n        {\r\n          \"name\": \"multinicvm1_OsDisk_1_a2e43585f6794f438ac3b76c719535f3\",\r\n
        \         \"statuses\": [\r\n            {\r\n              \"code\": \"ProvisioningState/succeeded\",\r\n
        \             \"level\": \"Info\",\r\n              \"displayStatus\": \"Provisioning
        succeeded\",\r\n              \"time\": \"2018-03-05T20:11:15.0576105+00:00\"\r\n
        \           }\r\n          ]\r\n        }\r\n      ],\r\n      \"statuses\":
        [\r\n        {\r\n          \"code\": \"ProvisioningState/succeeded\",\r\n
        \         \"level\": \"Info\",\r\n          \"displayStatus\": \"Provisioning
        succeeded\",\r\n          \"time\": \"2018-03-05T20:12:43.110907+00:00\"\r\n
        \       },\r\n        {\r\n          \"code\": \"PowerState/running\",\r\n
        \         \"level\": \"Info\",\r\n          \"displayStatus\": \"VM running\"\r\n
        \       }\r\n      ]\r\n    }\r\n  },\r\n  \"type\": \"Microsoft.Compute/virtualMachines\",\r\n
        \ \"location\": \"westus\",\r\n  \"tags\": {},\r\n  \"id\": \"/subscriptions/00000000-0000-0000-0000-000000000000/resourceGroups/cli_test_multi_nic_vm000001/providers/Microsoft.Compute/virtualMachines/multinicvm1\",\r\n
        \ \"name\": \"multinicvm1\"\r\n}"}
    headers:
      cache-control: [no-cache]
      content-length: ['4692']
      content-type: [application/json; charset=utf-8]
      date: ['Mon, 05 Mar 2018 20:13:16 GMT']
      expires: ['-1']
      pragma: [no-cache]
      server: [Microsoft-HTTPAPI/2.0, Microsoft-HTTPAPI/2.0]
      strict-transport-security: [max-age=31536000; includeSubDomains]
      transfer-encoding: [chunked]
      vary: [Accept-Encoding]
      x-content-type-options: [nosniff]
      x-ms-ratelimit-remaining-resource: ['Microsoft.Compute/LowCostGet3Min;4694,Microsoft.Compute/LowCostGet30Min;38095']
    status: {code: 200, message: OK}
- request:
    body: null
    headers:
      Accept: [application/json]
      Accept-Encoding: ['gzip, deflate']
      CommandName: [vm create]
      Connection: [keep-alive]
      Content-Type: [application/json; charset=utf-8]
      User-Agent: [python/3.6.4 (Linux-4.11.0-1016-azure-x86_64-with-debian-9.3) requests/2.18.4
          msrest/0.4.26 msrest_azure/0.4.22 networkmanagementclient/1.8.0a1 Azure-SDK-For-Python
          AZURECLI/2.0.29.dev20180305185410.dev20180305185935]
      accept-language: [en-US]
    method: GET
    uri: https://management.azure.com/subscriptions/00000000-0000-0000-0000-000000000000/resourceGroups/cli_test_multi_nic_vm000001/providers/Microsoft.Network/networkInterfaces/nic1?api-version=2018-01-01
  response:
    body: {string: "{\r\n  \"name\": \"nic1\",\r\n  \"id\": \"/subscriptions/00000000-0000-0000-0000-000000000000/resourceGroups/cli_test_multi_nic_vm000001/providers/Microsoft.Network/networkInterfaces/nic1\",\r\n
        \ \"etag\": \"W/\\\"010e5a03-0ad8-4987-a5e9-7b4ca0836481\\\"\",\r\n  \"location\":
        \"westus\",\r\n  \"properties\": {\r\n    \"provisioningState\": \"Succeeded\",\r\n
        \   \"resourceGuid\": \"40d61c8e-ea64-4803-85e1-654128f8967e\",\r\n    \"ipConfigurations\":
        [\r\n      {\r\n        \"name\": \"ipconfig1\",\r\n        \"id\": \"/subscriptions/00000000-0000-0000-0000-000000000000/resourceGroups/cli_test_multi_nic_vm000001/providers/Microsoft.Network/networkInterfaces/nic1/ipConfigurations/ipconfig1\",\r\n
        \       \"etag\": \"W/\\\"010e5a03-0ad8-4987-a5e9-7b4ca0836481\\\"\",\r\n
        \       \"properties\": {\r\n          \"provisioningState\": \"Succeeded\",\r\n
        \         \"privateIPAddress\": \"10.0.0.4\",\r\n          \"privateIPAllocationMethod\":
        \"Dynamic\",\r\n          \"subnet\": {\r\n            \"id\": \"/subscriptions/00000000-0000-0000-0000-000000000000/resourceGroups/cli_test_multi_nic_vm000001/providers/Microsoft.Network/virtualNetworks/myvnet/subnets/mysubnet\"\r\n
        \         },\r\n          \"primary\": true,\r\n          \"privateIPAddressVersion\":
        \"IPv4\"\r\n        }\r\n      }\r\n    ],\r\n    \"dnsSettings\": {\r\n      \"dnsServers\":
        [],\r\n      \"appliedDnsServers\": [],\r\n      \"internalDomainNameSuffix\":
        \"24yep0nvso4ufak3b0a24iflhb.dx.internal.cloudapp.net\"\r\n    },\r\n    \"macAddress\":
        \"00-0D-3A-37-5D-3E\",\r\n    \"enableAcceleratedNetworking\": false,\r\n
        \   \"enableIPForwarding\": false,\r\n    \"primary\": true,\r\n    \"virtualMachine\":
        {\r\n      \"id\": \"/subscriptions/00000000-0000-0000-0000-000000000000/resourceGroups/cli_test_multi_nic_vm000001/providers/Microsoft.Compute/virtualMachines/multinicvm1\"\r\n
        \   },\r\n    \"virtualNetworkTapProvisioningState\": \"NotProvisioned\"\r\n
        \ },\r\n  \"type\": \"Microsoft.Network/networkInterfaces\"\r\n}"}
    headers:
      cache-control: [no-cache]
      content-length: ['2009']
      content-type: [application/json; charset=utf-8]
      date: ['Mon, 05 Mar 2018 20:13:17 GMT']
      etag: [W/"010e5a03-0ad8-4987-a5e9-7b4ca0836481"]
      expires: ['-1']
      pragma: [no-cache]
      server: [Microsoft-HTTPAPI/2.0, Microsoft-HTTPAPI/2.0]
      strict-transport-security: [max-age=31536000; includeSubDomains]
      transfer-encoding: [chunked]
      vary: [Accept-Encoding]
      x-content-type-options: [nosniff]
    status: {code: 200, message: OK}
- request:
    body: null
    headers:
      Accept: [application/json]
      Accept-Encoding: ['gzip, deflate']
      CommandName: [vm create]
      Connection: [keep-alive]
      Content-Type: [application/json; charset=utf-8]
      User-Agent: [python/3.6.4 (Linux-4.11.0-1016-azure-x86_64-with-debian-9.3) requests/2.18.4
          msrest/0.4.26 msrest_azure/0.4.22 networkmanagementclient/1.8.0a1 Azure-SDK-For-Python
          AZURECLI/2.0.29.dev20180305185410.dev20180305185935]
      accept-language: [en-US]
    method: GET
    uri: https://management.azure.com/subscriptions/00000000-0000-0000-0000-000000000000/resourceGroups/cli_test_multi_nic_vm000001/providers/Microsoft.Network/networkInterfaces/nic2?api-version=2018-01-01
  response:
    body: {string: "{\r\n  \"name\": \"nic2\",\r\n  \"id\": \"/subscriptions/00000000-0000-0000-0000-000000000000/resourceGroups/cli_test_multi_nic_vm000001/providers/Microsoft.Network/networkInterfaces/nic2\",\r\n
        \ \"etag\": \"W/\\\"0bc5df69-d07b-4b14-8241-530be03d610a\\\"\",\r\n  \"location\":
        \"westus\",\r\n  \"properties\": {\r\n    \"provisioningState\": \"Succeeded\",\r\n
        \   \"resourceGuid\": \"20c45d84-9f48-462f-b3cc-0f686c063301\",\r\n    \"ipConfigurations\":
        [\r\n      {\r\n        \"name\": \"ipconfig1\",\r\n        \"id\": \"/subscriptions/00000000-0000-0000-0000-000000000000/resourceGroups/cli_test_multi_nic_vm000001/providers/Microsoft.Network/networkInterfaces/nic2/ipConfigurations/ipconfig1\",\r\n
        \       \"etag\": \"W/\\\"0bc5df69-d07b-4b14-8241-530be03d610a\\\"\",\r\n
        \       \"properties\": {\r\n          \"provisioningState\": \"Succeeded\",\r\n
        \         \"privateIPAddress\": \"10.0.0.5\",\r\n          \"privateIPAllocationMethod\":
        \"Dynamic\",\r\n          \"subnet\": {\r\n            \"id\": \"/subscriptions/00000000-0000-0000-0000-000000000000/resourceGroups/cli_test_multi_nic_vm000001/providers/Microsoft.Network/virtualNetworks/myvnet/subnets/mysubnet\"\r\n
        \         },\r\n          \"primary\": true,\r\n          \"privateIPAddressVersion\":
        \"IPv4\"\r\n        }\r\n      }\r\n    ],\r\n    \"dnsSettings\": {\r\n      \"dnsServers\":
        [],\r\n      \"appliedDnsServers\": [],\r\n      \"internalDomainNameSuffix\":
        \"24yep0nvso4ufak3b0a24iflhb.dx.internal.cloudapp.net\"\r\n    },\r\n    \"macAddress\":
        \"00-0D-3A-37-5C-B1\",\r\n    \"enableAcceleratedNetworking\": false,\r\n
        \   \"enableIPForwarding\": false,\r\n    \"primary\": false,\r\n    \"virtualMachine\":
        {\r\n      \"id\": \"/subscriptions/00000000-0000-0000-0000-000000000000/resourceGroups/cli_test_multi_nic_vm000001/providers/Microsoft.Compute/virtualMachines/multinicvm1\"\r\n
        \   },\r\n    \"virtualNetworkTapProvisioningState\": \"NotProvisioned\"\r\n
        \ },\r\n  \"type\": \"Microsoft.Network/networkInterfaces\"\r\n}"}
    headers:
      cache-control: [no-cache]
      content-length: ['2010']
      content-type: [application/json; charset=utf-8]
      date: ['Mon, 05 Mar 2018 20:13:17 GMT']
      etag: [W/"0bc5df69-d07b-4b14-8241-530be03d610a"]
      expires: ['-1']
      pragma: [no-cache]
      server: [Microsoft-HTTPAPI/2.0, Microsoft-HTTPAPI/2.0]
      strict-transport-security: [max-age=31536000; includeSubDomains]
      transfer-encoding: [chunked]
      vary: [Accept-Encoding]
      x-content-type-options: [nosniff]
    status: {code: 200, message: OK}
- request:
    body: null
    headers:
      Accept: [application/json]
      Accept-Encoding: ['gzip, deflate']
      CommandName: [vm create]
      Connection: [keep-alive]
      Content-Type: [application/json; charset=utf-8]
      User-Agent: [python/3.6.4 (Linux-4.11.0-1016-azure-x86_64-with-debian-9.3) requests/2.18.4
          msrest/0.4.26 msrest_azure/0.4.22 networkmanagementclient/1.8.0a1 Azure-SDK-For-Python
          AZURECLI/2.0.29.dev20180305185410.dev20180305185935]
      accept-language: [en-US]
    method: GET
    uri: https://management.azure.com/subscriptions/00000000-0000-0000-0000-000000000000/resourceGroups/cli_test_multi_nic_vm000001/providers/Microsoft.Network/networkInterfaces/nic3?api-version=2018-01-01
  response:
    body: {string: "{\r\n  \"name\": \"nic3\",\r\n  \"id\": \"/subscriptions/00000000-0000-0000-0000-000000000000/resourceGroups/cli_test_multi_nic_vm000001/providers/Microsoft.Network/networkInterfaces/nic3\",\r\n
        \ \"etag\": \"W/\\\"64f6908d-1155-4b0f-99f0-a983dd59e7a8\\\"\",\r\n  \"location\":
        \"westus\",\r\n  \"properties\": {\r\n    \"provisioningState\": \"Succeeded\",\r\n
        \   \"resourceGuid\": \"7008f131-047f-4e9c-9a17-b331b74aaa56\",\r\n    \"ipConfigurations\":
        [\r\n      {\r\n        \"name\": \"ipconfig1\",\r\n        \"id\": \"/subscriptions/00000000-0000-0000-0000-000000000000/resourceGroups/cli_test_multi_nic_vm000001/providers/Microsoft.Network/networkInterfaces/nic3/ipConfigurations/ipconfig1\",\r\n
        \       \"etag\": \"W/\\\"64f6908d-1155-4b0f-99f0-a983dd59e7a8\\\"\",\r\n
        \       \"properties\": {\r\n          \"provisioningState\": \"Succeeded\",\r\n
        \         \"privateIPAddress\": \"10.0.0.6\",\r\n          \"privateIPAllocationMethod\":
        \"Dynamic\",\r\n          \"subnet\": {\r\n            \"id\": \"/subscriptions/00000000-0000-0000-0000-000000000000/resourceGroups/cli_test_multi_nic_vm000001/providers/Microsoft.Network/virtualNetworks/myvnet/subnets/mysubnet\"\r\n
        \         },\r\n          \"primary\": true,\r\n          \"privateIPAddressVersion\":
        \"IPv4\"\r\n        }\r\n      }\r\n    ],\r\n    \"dnsSettings\": {\r\n      \"dnsServers\":
        [],\r\n      \"appliedDnsServers\": [],\r\n      \"internalDomainNameSuffix\":
        \"24yep0nvso4ufak3b0a24iflhb.dx.internal.cloudapp.net\"\r\n    },\r\n    \"macAddress\":
        \"00-0D-3A-37-5B-64\",\r\n    \"enableAcceleratedNetworking\": false,\r\n
        \   \"enableIPForwarding\": false,\r\n    \"primary\": false,\r\n    \"virtualMachine\":
        {\r\n      \"id\": \"/subscriptions/00000000-0000-0000-0000-000000000000/resourceGroups/cli_test_multi_nic_vm000001/providers/Microsoft.Compute/virtualMachines/multinicvm1\"\r\n
        \   },\r\n    \"virtualNetworkTapProvisioningState\": \"NotProvisioned\"\r\n
        \ },\r\n  \"type\": \"Microsoft.Network/networkInterfaces\"\r\n}"}
    headers:
      cache-control: [no-cache]
      content-length: ['2010']
      content-type: [application/json; charset=utf-8]
      date: ['Mon, 05 Mar 2018 20:13:18 GMT']
      etag: [W/"64f6908d-1155-4b0f-99f0-a983dd59e7a8"]
      expires: ['-1']
      pragma: [no-cache]
      server: [Microsoft-HTTPAPI/2.0, Microsoft-HTTPAPI/2.0]
      strict-transport-security: [max-age=31536000; includeSubDomains]
      transfer-encoding: [chunked]
      vary: [Accept-Encoding]
      x-content-type-options: [nosniff]
    status: {code: 200, message: OK}
- request:
    body: null
    headers:
      Accept: [application/json]
      Accept-Encoding: ['gzip, deflate']
      CommandName: [vm create]
      Connection: [keep-alive]
      Content-Type: [application/json; charset=utf-8]
      User-Agent: [python/3.6.4 (Linux-4.11.0-1016-azure-x86_64-with-debian-9.3) requests/2.18.4
          msrest/0.4.26 msrest_azure/0.4.22 networkmanagementclient/1.8.0a1 Azure-SDK-For-Python
          AZURECLI/2.0.29.dev20180305185410.dev20180305185935]
      accept-language: [en-US]
    method: GET
    uri: https://management.azure.com/subscriptions/00000000-0000-0000-0000-000000000000/resourceGroups/cli_test_multi_nic_vm000001/providers/Microsoft.Network/networkInterfaces/nic4?api-version=2018-01-01
  response:
    body: {string: "{\r\n  \"name\": \"nic4\",\r\n  \"id\": \"/subscriptions/00000000-0000-0000-0000-000000000000/resourceGroups/cli_test_multi_nic_vm000001/providers/Microsoft.Network/networkInterfaces/nic4\",\r\n
        \ \"etag\": \"W/\\\"89b3add3-15d9-4076-8e12-458733ac09a8\\\"\",\r\n  \"location\":
        \"westus\",\r\n  \"properties\": {\r\n    \"provisioningState\": \"Succeeded\",\r\n
        \   \"resourceGuid\": \"3443bc43-dba9-4fbd-9237-f4ce33c5e6fb\",\r\n    \"ipConfigurations\":
        [\r\n      {\r\n        \"name\": \"ipconfig1\",\r\n        \"id\": \"/subscriptions/00000000-0000-0000-0000-000000000000/resourceGroups/cli_test_multi_nic_vm000001/providers/Microsoft.Network/networkInterfaces/nic4/ipConfigurations/ipconfig1\",\r\n
        \       \"etag\": \"W/\\\"89b3add3-15d9-4076-8e12-458733ac09a8\\\"\",\r\n
        \       \"properties\": {\r\n          \"provisioningState\": \"Succeeded\",\r\n
        \         \"privateIPAddress\": \"10.0.0.7\",\r\n          \"privateIPAllocationMethod\":
        \"Dynamic\",\r\n          \"subnet\": {\r\n            \"id\": \"/subscriptions/00000000-0000-0000-0000-000000000000/resourceGroups/cli_test_multi_nic_vm000001/providers/Microsoft.Network/virtualNetworks/myvnet/subnets/mysubnet\"\r\n
        \         },\r\n          \"primary\": true,\r\n          \"privateIPAddressVersion\":
        \"IPv4\"\r\n        }\r\n      }\r\n    ],\r\n    \"dnsSettings\": {\r\n      \"dnsServers\":
        [],\r\n      \"appliedDnsServers\": [],\r\n      \"internalDomainNameSuffix\":
        \"24yep0nvso4ufak3b0a24iflhb.dx.internal.cloudapp.net\"\r\n    },\r\n    \"macAddress\":
        \"00-0D-3A-37-55-F7\",\r\n    \"enableAcceleratedNetworking\": false,\r\n
        \   \"enableIPForwarding\": false,\r\n    \"primary\": false,\r\n    \"virtualMachine\":
        {\r\n      \"id\": \"/subscriptions/00000000-0000-0000-0000-000000000000/resourceGroups/cli_test_multi_nic_vm000001/providers/Microsoft.Compute/virtualMachines/multinicvm1\"\r\n
        \   },\r\n    \"virtualNetworkTapProvisioningState\": \"NotProvisioned\"\r\n
        \ },\r\n  \"type\": \"Microsoft.Network/networkInterfaces\"\r\n}"}
    headers:
      cache-control: [no-cache]
      content-length: ['2010']
      content-type: [application/json; charset=utf-8]
      date: ['Mon, 05 Mar 2018 20:13:18 GMT']
      etag: [W/"89b3add3-15d9-4076-8e12-458733ac09a8"]
      expires: ['-1']
      pragma: [no-cache]
      server: [Microsoft-HTTPAPI/2.0, Microsoft-HTTPAPI/2.0]
      strict-transport-security: [max-age=31536000; includeSubDomains]
      transfer-encoding: [chunked]
      vary: [Accept-Encoding]
      x-content-type-options: [nosniff]
    status: {code: 200, message: OK}
- request:
    body: null
    headers:
      Accept: [application/json]
      Accept-Encoding: ['gzip, deflate']
      CommandName: [vm show]
      Connection: [keep-alive]
      Content-Type: [application/json; charset=utf-8]
      User-Agent: [python/3.6.4 (Linux-4.11.0-1016-azure-x86_64-with-debian-9.3) requests/2.18.4
          msrest/0.4.26 msrest_azure/0.4.22 computemanagementclient/3.1.0rc3 Azure-SDK-For-Python
          AZURECLI/2.0.29.dev20180305185410.dev20180305185935]
      accept-language: [en-US]
    method: GET
    uri: https://management.azure.com/subscriptions/00000000-0000-0000-0000-000000000000/resourceGroups/cli_test_multi_nic_vm000001/providers/Microsoft.Compute/virtualMachines/multinicvm1?api-version=2017-12-01
  response:
    body: {string: "{\r\n  \"properties\": {\r\n    \"vmId\": \"d1d1cb05-70b0-43f0-b516-719282e8aaaa\",\r\n
        \   \"hardwareProfile\": {\r\n      \"vmSize\": \"Standard_DS3\"\r\n    },\r\n
        \   \"storageProfile\": {\r\n      \"imageReference\": {\r\n        \"publisher\":
        \"Canonical\",\r\n        \"offer\": \"UbuntuServer\",\r\n        \"sku\":
        \"16.04-LTS\",\r\n        \"version\": \"latest\"\r\n      },\r\n      \"osDisk\":
        {\r\n        \"osType\": \"Linux\",\r\n        \"name\": \"multinicvm1_OsDisk_1_a2e43585f6794f438ac3b76c719535f3\",\r\n
        \       \"createOption\": \"FromImage\",\r\n        \"caching\": \"ReadWrite\",\r\n
        \       \"managedDisk\": {\r\n          \"storageAccountType\": \"Premium_LRS\",\r\n
        \         \"id\": \"/subscriptions/00000000-0000-0000-0000-000000000000/resourceGroups/cli_test_multi_nic_vm000001/providers/Microsoft.Compute/disks/multinicvm1_OsDisk_1_a2e43585f6794f438ac3b76c719535f3\"\r\n
        \       },\r\n        \"diskSizeGB\": 30\r\n      },\r\n      \"dataDisks\":
        []\r\n    },\r\n    \"osProfile\": {\r\n      \"computerName\": \"multinicvm1\",\r\n
        \     \"adminUsername\": \"user11\",\r\n      \"linuxConfiguration\": {\r\n
        \       \"disablePasswordAuthentication\": true,\r\n        \"ssh\": {\r\n
        \         \"publicKeys\": [\r\n            {\r\n              \"path\": \"/home/user11/.ssh/authorized_keys\",\r\n
        \             \"keyData\": \"ssh-rsa AAAAB3NzaC1yc2EAAAADAQABAAACAQCbIg1guRHbI0lV11wWDt1r2cUdcNd27CJsg+SfgC7miZeubtwUhbsPdhMQsfDyhOWHq1+ZL0M+nJZV63d/1dhmhtgyOqejUwrPlzKhydsbrsdUor+JmNJDdW01v7BXHyuymT8G4s09jCasNOwiufbP/qp72ruu0bIA1nySsvlf9pCQAuFkAnVnf/rFhUlOkhtRpwcq8SUNY2zRHR/EKb/4NWY1JzR4sa3q2fWIJdrrX0DvLoa5g9bIEd4Df79ba7v+yiUBOS0zT2ll+z4g9izHK3EO5d8hL4jYxcjKs+wcslSYRWrascfscLgMlMGh0CdKeNTDjHpGPncaf3Z+FwwwjWeuiNBxv7bJo13/8B/098KlVDl4GZqsoBCEjPyJfV6hO0y/LkRGkk7oHWKgeWAfKtfLItRp00eZ4fcJNK9kCaSMmEugoZWcI7NGbZXzqFWqbpRI7NcDP9+WIQ+i9U5vqWsqd/zng4kbuAJ6UuKqIzB0upYrLShfQE3SAck8oaLhJqqq56VfDuASNpJKidV+zq27HfSBmbXnkR/5AK337dc3MXKJypoK/QPMLKUAP5XLPbs+NddJQV7EZXd29DLgp+fRIg3edpKdO7ZErWhv7d+3Kws+e1Y+ypmR2WIVSwVyBEUfgv2C8Ts9gnTF4pNcEY/S2aBicz5Ew2+jdyGNQQ==
        test@example.com\\n\"\r\n            }\r\n          ]\r\n        }\r\n      },\r\n
        \     \"secrets\": []\r\n    },\r\n    \"networkProfile\": {\"networkInterfaces\":[{\"id\":\"/subscriptions/00000000-0000-0000-0000-000000000000/resourceGroups/cli_test_multi_nic_vm000001/providers/Microsoft.Network/networkInterfaces/nic1\",\"properties\":{\"primary\":true}},{\"id\":\"/subscriptions/00000000-0000-0000-0000-000000000000/resourceGroups/cli_test_multi_nic_vm000001/providers/Microsoft.Network/networkInterfaces/nic2\",\"properties\":{\"primary\":false}},{\"id\":\"/subscriptions/00000000-0000-0000-0000-000000000000/resourceGroups/cli_test_multi_nic_vm000001/providers/Microsoft.Network/networkInterfaces/nic3\",\"properties\":{\"primary\":false}},{\"id\":\"/subscriptions/00000000-0000-0000-0000-000000000000/resourceGroups/cli_test_multi_nic_vm000001/providers/Microsoft.Network/networkInterfaces/nic4\",\"properties\":{\"primary\":false}}]},\r\n
        \   \"provisioningState\": \"Succeeded\"\r\n  },\r\n  \"type\": \"Microsoft.Compute/virtualMachines\",\r\n
        \ \"location\": \"westus\",\r\n  \"tags\": {},\r\n  \"id\": \"/subscriptions/00000000-0000-0000-0000-000000000000/resourceGroups/cli_test_multi_nic_vm000001/providers/Microsoft.Compute/virtualMachines/multinicvm1\",\r\n
        \ \"name\": \"multinicvm1\"\r\n}"}
    headers:
      cache-control: [no-cache]
      content-length: ['3418']
      content-type: [application/json; charset=utf-8]
      date: ['Mon, 05 Mar 2018 20:13:28 GMT']
      expires: ['-1']
      pragma: [no-cache]
      server: [Microsoft-HTTPAPI/2.0, Microsoft-HTTPAPI/2.0]
      strict-transport-security: [max-age=31536000; includeSubDomains]
      transfer-encoding: [chunked]
      vary: [Accept-Encoding]
      x-content-type-options: [nosniff]
      x-ms-ratelimit-remaining-resource: ['Microsoft.Compute/LowCostGet3Min;4693,Microsoft.Compute/LowCostGet30Min;38094']
    status: {code: 200, message: OK}
- request:
    body: null
    headers:
      Accept: [application/json]
      Accept-Encoding: ['gzip, deflate']
      CommandName: [vm deallocate]
      Connection: [keep-alive]
      Content-Length: ['0']
      Content-Type: [application/json; charset=utf-8]
      User-Agent: [python/3.6.4 (Linux-4.11.0-1016-azure-x86_64-with-debian-9.3) requests/2.18.4
          msrest/0.4.26 msrest_azure/0.4.22 computemanagementclient/3.1.0rc3 Azure-SDK-For-Python
          AZURECLI/2.0.29.dev20180305185410.dev20180305185935]
      accept-language: [en-US]
    method: POST
    uri: https://management.azure.com/subscriptions/00000000-0000-0000-0000-000000000000/resourceGroups/cli_test_multi_nic_vm000001/providers/Microsoft.Compute/virtualMachines/multinicvm1/deallocate?api-version=2017-12-01
  response:
    body: {string: ''}
    headers:
      azure-asyncoperation: ['https://management.azure.com/subscriptions/00000000-0000-0000-0000-000000000000/providers/Microsoft.Compute/locations/westus/operations/b0d6a8ec-70d7-4fb6-a742-185d126496b0?api-version=2017-12-01']
      cache-control: [no-cache]
      content-length: ['0']
      date: ['Mon, 05 Mar 2018 20:13:29 GMT']
      expires: ['-1']
      location: ['https://management.azure.com/subscriptions/00000000-0000-0000-0000-000000000000/providers/Microsoft.Compute/locations/westus/operations/b0d6a8ec-70d7-4fb6-a742-185d126496b0?monitor=true&api-version=2017-12-01']
      pragma: [no-cache]
      server: [Microsoft-HTTPAPI/2.0, Microsoft-HTTPAPI/2.0]
      strict-transport-security: [max-age=31536000; includeSubDomains]
      x-content-type-options: [nosniff]
      x-ms-ratelimit-remaining-resource: ['Microsoft.Compute/DeleteVM3Min;228,Microsoft.Compute/DeleteVM30Min;1164']
      x-ms-ratelimit-remaining-subscription-writes: ['1165']
    status: {code: 202, message: Accepted}
- request:
    body: null
    headers:
      Accept: [application/json]
      Accept-Encoding: ['gzip, deflate']
      CommandName: [vm deallocate]
      Connection: [keep-alive]
      User-Agent: [python/3.6.4 (Linux-4.11.0-1016-azure-x86_64-with-debian-9.3) requests/2.18.4
          msrest/0.4.26 msrest_azure/0.4.22 computemanagementclient/3.1.0rc3 Azure-SDK-For-Python
          AZURECLI/2.0.29.dev20180305185410.dev20180305185935]
    method: GET
    uri: https://management.azure.com/subscriptions/00000000-0000-0000-0000-000000000000/providers/Microsoft.Compute/locations/westus/operations/b0d6a8ec-70d7-4fb6-a742-185d126496b0?api-version=2017-12-01
  response:
    body: {string: "{\r\n  \"startTime\": \"2018-03-05T20:13:30.1761926+00:00\",\r\n
        \ \"status\": \"InProgress\",\r\n  \"name\": \"b0d6a8ec-70d7-4fb6-a742-185d126496b0\"\r\n}"}
    headers:
      cache-control: [no-cache]
      content-length: ['134']
      content-type: [application/json; charset=utf-8]
      date: ['Mon, 05 Mar 2018 20:14:00 GMT']
      expires: ['-1']
      pragma: [no-cache]
      server: [Microsoft-HTTPAPI/2.0, Microsoft-HTTPAPI/2.0]
      strict-transport-security: [max-age=31536000; includeSubDomains]
      transfer-encoding: [chunked]
      vary: [Accept-Encoding]
      x-content-type-options: [nosniff]
      x-ms-ratelimit-remaining-resource: ['Microsoft.Compute/GetOperation3Min;11741,Microsoft.Compute/GetOperation30Min;23192']
    status: {code: 200, message: OK}
- request:
    body: null
    headers:
      Accept: [application/json]
      Accept-Encoding: ['gzip, deflate']
      CommandName: [vm deallocate]
      Connection: [keep-alive]
      User-Agent: [python/3.6.4 (Linux-4.11.0-1016-azure-x86_64-with-debian-9.3) requests/2.18.4
          msrest/0.4.26 msrest_azure/0.4.22 computemanagementclient/3.1.0rc3 Azure-SDK-For-Python
          AZURECLI/2.0.29.dev20180305185410.dev20180305185935]
    method: GET
    uri: https://management.azure.com/subscriptions/00000000-0000-0000-0000-000000000000/providers/Microsoft.Compute/locations/westus/operations/b0d6a8ec-70d7-4fb6-a742-185d126496b0?api-version=2017-12-01
  response:
    body: {string: "{\r\n  \"startTime\": \"2018-03-05T20:13:30.1761926+00:00\",\r\n
        \ \"status\": \"InProgress\",\r\n  \"name\": \"b0d6a8ec-70d7-4fb6-a742-185d126496b0\"\r\n}"}
    headers:
      cache-control: [no-cache]
      content-length: ['134']
      content-type: [application/json; charset=utf-8]
      date: ['Mon, 05 Mar 2018 20:14:31 GMT']
      expires: ['-1']
      pragma: [no-cache]
      server: [Microsoft-HTTPAPI/2.0, Microsoft-HTTPAPI/2.0]
      strict-transport-security: [max-age=31536000; includeSubDomains]
      transfer-encoding: [chunked]
      vary: [Accept-Encoding]
      x-content-type-options: [nosniff]
      x-ms-ratelimit-remaining-resource: ['Microsoft.Compute/GetOperation3Min;11740,Microsoft.Compute/GetOperation30Min;23139']
    status: {code: 200, message: OK}
- request:
    body: null
    headers:
      Accept: [application/json]
      Accept-Encoding: ['gzip, deflate']
      CommandName: [vm deallocate]
      Connection: [keep-alive]
      User-Agent: [python/3.6.4 (Linux-4.11.0-1016-azure-x86_64-with-debian-9.3) requests/2.18.4
          msrest/0.4.26 msrest_azure/0.4.22 computemanagementclient/3.1.0rc3 Azure-SDK-For-Python
          AZURECLI/2.0.29.dev20180305185410.dev20180305185935]
    method: GET
    uri: https://management.azure.com/subscriptions/00000000-0000-0000-0000-000000000000/providers/Microsoft.Compute/locations/westus/operations/b0d6a8ec-70d7-4fb6-a742-185d126496b0?api-version=2017-12-01
  response:
    body: {string: "{\r\n  \"startTime\": \"2018-03-05T20:13:30.1761926+00:00\",\r\n
        \ \"status\": \"InProgress\",\r\n  \"name\": \"b0d6a8ec-70d7-4fb6-a742-185d126496b0\"\r\n}"}
    headers:
      cache-control: [no-cache]
      content-length: ['134']
      content-type: [application/json; charset=utf-8]
      date: ['Mon, 05 Mar 2018 20:15:03 GMT']
      expires: ['-1']
      pragma: [no-cache]
      server: [Microsoft-HTTPAPI/2.0, Microsoft-HTTPAPI/2.0]
      strict-transport-security: [max-age=31536000; includeSubDomains]
      transfer-encoding: [chunked]
      vary: [Accept-Encoding]
      x-content-type-options: [nosniff]
      x-ms-ratelimit-remaining-resource: ['Microsoft.Compute/GetOperation3Min;11731,Microsoft.Compute/GetOperation30Min;23114']
    status: {code: 200, message: OK}
- request:
    body: null
    headers:
      Accept: [application/json]
      Accept-Encoding: ['gzip, deflate']
      CommandName: [vm deallocate]
      Connection: [keep-alive]
      User-Agent: [python/3.6.4 (Linux-4.11.0-1016-azure-x86_64-with-debian-9.3) requests/2.18.4
          msrest/0.4.26 msrest_azure/0.4.22 computemanagementclient/3.1.0rc3 Azure-SDK-For-Python
          AZURECLI/2.0.29.dev20180305185410.dev20180305185935]
    method: GET
    uri: https://management.azure.com/subscriptions/00000000-0000-0000-0000-000000000000/providers/Microsoft.Compute/locations/westus/operations/b0d6a8ec-70d7-4fb6-a742-185d126496b0?api-version=2017-12-01
  response:
    body: {string: "{\r\n  \"startTime\": \"2018-03-05T20:13:30.1761926+00:00\",\r\n
        \ \"status\": \"InProgress\",\r\n  \"name\": \"b0d6a8ec-70d7-4fb6-a742-185d126496b0\"\r\n}"}
    headers:
      cache-control: [no-cache]
      content-length: ['134']
      content-type: [application/json; charset=utf-8]
      date: ['Mon, 05 Mar 2018 20:15:34 GMT']
      expires: ['-1']
      pragma: [no-cache]
      server: [Microsoft-HTTPAPI/2.0, Microsoft-HTTPAPI/2.0]
      strict-transport-security: [max-age=31536000; includeSubDomains]
      transfer-encoding: [chunked]
      vary: [Accept-Encoding]
      x-content-type-options: [nosniff]
      x-ms-ratelimit-remaining-resource: ['Microsoft.Compute/GetOperation3Min;11735,Microsoft.Compute/GetOperation30Min;23072']
    status: {code: 200, message: OK}
- request:
    body: null
    headers:
      Accept: [application/json]
      Accept-Encoding: ['gzip, deflate']
      CommandName: [vm deallocate]
      Connection: [keep-alive]
      User-Agent: [python/3.6.4 (Linux-4.11.0-1016-azure-x86_64-with-debian-9.3) requests/2.18.4
          msrest/0.4.26 msrest_azure/0.4.22 computemanagementclient/3.1.0rc3 Azure-SDK-For-Python
          AZURECLI/2.0.29.dev20180305185410.dev20180305185935]
    method: GET
    uri: https://management.azure.com/subscriptions/00000000-0000-0000-0000-000000000000/providers/Microsoft.Compute/locations/westus/operations/b0d6a8ec-70d7-4fb6-a742-185d126496b0?api-version=2017-12-01
  response:
    body: {string: "{\r\n  \"startTime\": \"2018-03-05T20:13:30.1761926+00:00\",\r\n
        \ \"status\": \"InProgress\",\r\n  \"name\": \"b0d6a8ec-70d7-4fb6-a742-185d126496b0\"\r\n}"}
    headers:
      cache-control: [no-cache]
      content-length: ['134']
      content-type: [application/json; charset=utf-8]
      date: ['Mon, 05 Mar 2018 20:16:05 GMT']
      expires: ['-1']
      pragma: [no-cache]
      server: [Microsoft-HTTPAPI/2.0, Microsoft-HTTPAPI/2.0]
      strict-transport-security: [max-age=31536000; includeSubDomains]
      transfer-encoding: [chunked]
      vary: [Accept-Encoding]
      x-content-type-options: [nosniff]
      x-ms-ratelimit-remaining-resource: ['Microsoft.Compute/GetOperation3Min;11748,Microsoft.Compute/GetOperation30Min;23025']
    status: {code: 200, message: OK}
- request:
    body: null
    headers:
      Accept: [application/json]
      Accept-Encoding: ['gzip, deflate']
      CommandName: [vm deallocate]
      Connection: [keep-alive]
      User-Agent: [python/3.6.4 (Linux-4.11.0-1016-azure-x86_64-with-debian-9.3) requests/2.18.4
          msrest/0.4.26 msrest_azure/0.4.22 computemanagementclient/3.1.0rc3 Azure-SDK-For-Python
          AZURECLI/2.0.29.dev20180305185410.dev20180305185935]
    method: GET
    uri: https://management.azure.com/subscriptions/00000000-0000-0000-0000-000000000000/providers/Microsoft.Compute/locations/westus/operations/b0d6a8ec-70d7-4fb6-a742-185d126496b0?api-version=2017-12-01
  response:
    body: {string: "{\r\n  \"startTime\": \"2018-03-05T20:13:30.1761926+00:00\",\r\n
        \ \"endTime\": \"2018-03-05T20:16:11.7464281+00:00\",\r\n  \"status\": \"Succeeded\",\r\n
        \ \"name\": \"b0d6a8ec-70d7-4fb6-a742-185d126496b0\"\r\n}"}
    headers:
      cache-control: [no-cache]
      content-length: ['184']
      content-type: [application/json; charset=utf-8]
      date: ['Mon, 05 Mar 2018 20:16:36 GMT']
      expires: ['-1']
      pragma: [no-cache]
      server: [Microsoft-HTTPAPI/2.0, Microsoft-HTTPAPI/2.0]
      strict-transport-security: [max-age=31536000; includeSubDomains]
      transfer-encoding: [chunked]
      vary: [Accept-Encoding]
      x-content-type-options: [nosniff]
      x-ms-ratelimit-remaining-resource: ['Microsoft.Compute/GetOperation3Min;11772,Microsoft.Compute/GetOperation30Min;22985']
    status: {code: 200, message: OK}
- request:
    body: null
    headers:
      Accept: [application/json]
      Accept-Encoding: ['gzip, deflate']
      CommandName: [vm nic list]
      Connection: [keep-alive]
      Content-Type: [application/json; charset=utf-8]
      User-Agent: [python/3.6.4 (Linux-4.11.0-1016-azure-x86_64-with-debian-9.3) requests/2.18.4
          msrest/0.4.26 msrest_azure/0.4.22 computemanagementclient/3.1.0rc3 Azure-SDK-For-Python
          AZURECLI/2.0.29.dev20180305185410.dev20180305185935]
      accept-language: [en-US]
    method: GET
    uri: https://management.azure.com/subscriptions/00000000-0000-0000-0000-000000000000/resourceGroups/cli_test_multi_nic_vm000001/providers/Microsoft.Compute/virtualMachines/multinicvm1?api-version=2017-12-01
  response:
    body: {string: "{\r\n  \"properties\": {\r\n    \"vmId\": \"d1d1cb05-70b0-43f0-b516-719282e8aaaa\",\r\n
        \   \"hardwareProfile\": {\r\n      \"vmSize\": \"Standard_DS3\"\r\n    },\r\n
        \   \"storageProfile\": {\r\n      \"imageReference\": {\r\n        \"publisher\":
        \"Canonical\",\r\n        \"offer\": \"UbuntuServer\",\r\n        \"sku\":
        \"16.04-LTS\",\r\n        \"version\": \"latest\"\r\n      },\r\n      \"osDisk\":
        {\r\n        \"osType\": \"Linux\",\r\n        \"name\": \"multinicvm1_OsDisk_1_a2e43585f6794f438ac3b76c719535f3\",\r\n
        \       \"createOption\": \"FromImage\",\r\n        \"caching\": \"ReadWrite\",\r\n
        \       \"managedDisk\": {\r\n          \"id\": \"/subscriptions/00000000-0000-0000-0000-000000000000/resourceGroups/cli_test_multi_nic_vm000001/providers/Microsoft.Compute/disks/multinicvm1_OsDisk_1_a2e43585f6794f438ac3b76c719535f3\"\r\n
        \       }\r\n      },\r\n      \"dataDisks\": []\r\n    },\r\n    \"osProfile\":
        {\r\n      \"computerName\": \"multinicvm1\",\r\n      \"adminUsername\":
        \"user11\",\r\n      \"linuxConfiguration\": {\r\n        \"disablePasswordAuthentication\":
        true,\r\n        \"ssh\": {\r\n          \"publicKeys\": [\r\n            {\r\n
        \             \"path\": \"/home/user11/.ssh/authorized_keys\",\r\n              \"keyData\":
        \"ssh-rsa AAAAB3NzaC1yc2EAAAADAQABAAACAQCbIg1guRHbI0lV11wWDt1r2cUdcNd27CJsg+SfgC7miZeubtwUhbsPdhMQsfDyhOWHq1+ZL0M+nJZV63d/1dhmhtgyOqejUwrPlzKhydsbrsdUor+JmNJDdW01v7BXHyuymT8G4s09jCasNOwiufbP/qp72ruu0bIA1nySsvlf9pCQAuFkAnVnf/rFhUlOkhtRpwcq8SUNY2zRHR/EKb/4NWY1JzR4sa3q2fWIJdrrX0DvLoa5g9bIEd4Df79ba7v+yiUBOS0zT2ll+z4g9izHK3EO5d8hL4jYxcjKs+wcslSYRWrascfscLgMlMGh0CdKeNTDjHpGPncaf3Z+FwwwjWeuiNBxv7bJo13/8B/098KlVDl4GZqsoBCEjPyJfV6hO0y/LkRGkk7oHWKgeWAfKtfLItRp00eZ4fcJNK9kCaSMmEugoZWcI7NGbZXzqFWqbpRI7NcDP9+WIQ+i9U5vqWsqd/zng4kbuAJ6UuKqIzB0upYrLShfQE3SAck8oaLhJqqq56VfDuASNpJKidV+zq27HfSBmbXnkR/5AK337dc3MXKJypoK/QPMLKUAP5XLPbs+NddJQV7EZXd29DLgp+fRIg3edpKdO7ZErWhv7d+3Kws+e1Y+ypmR2WIVSwVyBEUfgv2C8Ts9gnTF4pNcEY/S2aBicz5Ew2+jdyGNQQ==
        test@example.com\\n\"\r\n            }\r\n          ]\r\n        }\r\n      },\r\n
        \     \"secrets\": []\r\n    },\r\n    \"networkProfile\": {\"networkInterfaces\":[{\"id\":\"/subscriptions/00000000-0000-0000-0000-000000000000/resourceGroups/cli_test_multi_nic_vm000001/providers/Microsoft.Network/networkInterfaces/nic1\",\"properties\":{\"primary\":true}},{\"id\":\"/subscriptions/00000000-0000-0000-0000-000000000000/resourceGroups/cli_test_multi_nic_vm000001/providers/Microsoft.Network/networkInterfaces/nic2\",\"properties\":{\"primary\":false}},{\"id\":\"/subscriptions/00000000-0000-0000-0000-000000000000/resourceGroups/cli_test_multi_nic_vm000001/providers/Microsoft.Network/networkInterfaces/nic3\",\"properties\":{\"primary\":false}},{\"id\":\"/subscriptions/00000000-0000-0000-0000-000000000000/resourceGroups/cli_test_multi_nic_vm000001/providers/Microsoft.Network/networkInterfaces/nic4\",\"properties\":{\"primary\":false}}]},\r\n
        \   \"provisioningState\": \"Succeeded\"\r\n  },\r\n  \"type\": \"Microsoft.Compute/virtualMachines\",\r\n
        \ \"location\": \"westus\",\r\n  \"tags\": {},\r\n  \"id\": \"/subscriptions/00000000-0000-0000-0000-000000000000/resourceGroups/cli_test_multi_nic_vm000001/providers/Microsoft.Compute/virtualMachines/multinicvm1\",\r\n
        \ \"name\": \"multinicvm1\"\r\n}"}
    headers:
      cache-control: [no-cache]
      content-length: ['3343']
      content-type: [application/json; charset=utf-8]
      date: ['Mon, 05 Mar 2018 20:16:38 GMT']
      expires: ['-1']
      pragma: [no-cache]
      server: [Microsoft-HTTPAPI/2.0, Microsoft-HTTPAPI/2.0]
      strict-transport-security: [max-age=31536000; includeSubDomains]
      transfer-encoding: [chunked]
      vary: [Accept-Encoding]
      x-content-type-options: [nosniff]
      x-ms-ratelimit-remaining-resource: ['Microsoft.Compute/LowCostGet3Min;4746,Microsoft.Compute/LowCostGet30Min;38026']
    status: {code: 200, message: OK}
- request:
    body: null
    headers:
      Accept: [application/json]
      Accept-Encoding: ['gzip, deflate']
      CommandName: [vm nic show]
      Connection: [keep-alive]
      Content-Type: [application/json; charset=utf-8]
      User-Agent: [python/3.6.4 (Linux-4.11.0-1016-azure-x86_64-with-debian-9.3) requests/2.18.4
          msrest/0.4.26 msrest_azure/0.4.22 computemanagementclient/3.1.0rc3 Azure-SDK-For-Python
          AZURECLI/2.0.29.dev20180305185410.dev20180305185935]
      accept-language: [en-US]
    method: GET
    uri: https://management.azure.com/subscriptions/00000000-0000-0000-0000-000000000000/resourceGroups/cli_test_multi_nic_vm000001/providers/Microsoft.Compute/virtualMachines/multinicvm1?api-version=2017-12-01
  response:
    body: {string: "{\r\n  \"properties\": {\r\n    \"vmId\": \"d1d1cb05-70b0-43f0-b516-719282e8aaaa\",\r\n
        \   \"hardwareProfile\": {\r\n      \"vmSize\": \"Standard_DS3\"\r\n    },\r\n
        \   \"storageProfile\": {\r\n      \"imageReference\": {\r\n        \"publisher\":
        \"Canonical\",\r\n        \"offer\": \"UbuntuServer\",\r\n        \"sku\":
        \"16.04-LTS\",\r\n        \"version\": \"latest\"\r\n      },\r\n      \"osDisk\":
        {\r\n        \"osType\": \"Linux\",\r\n        \"name\": \"multinicvm1_OsDisk_1_a2e43585f6794f438ac3b76c719535f3\",\r\n
        \       \"createOption\": \"FromImage\",\r\n        \"caching\": \"ReadWrite\",\r\n
        \       \"managedDisk\": {\r\n          \"id\": \"/subscriptions/00000000-0000-0000-0000-000000000000/resourceGroups/cli_test_multi_nic_vm000001/providers/Microsoft.Compute/disks/multinicvm1_OsDisk_1_a2e43585f6794f438ac3b76c719535f3\"\r\n
        \       }\r\n      },\r\n      \"dataDisks\": []\r\n    },\r\n    \"osProfile\":
        {\r\n      \"computerName\": \"multinicvm1\",\r\n      \"adminUsername\":
        \"user11\",\r\n      \"linuxConfiguration\": {\r\n        \"disablePasswordAuthentication\":
        true,\r\n        \"ssh\": {\r\n          \"publicKeys\": [\r\n            {\r\n
        \             \"path\": \"/home/user11/.ssh/authorized_keys\",\r\n              \"keyData\":
        \"ssh-rsa AAAAB3NzaC1yc2EAAAADAQABAAACAQCbIg1guRHbI0lV11wWDt1r2cUdcNd27CJsg+SfgC7miZeubtwUhbsPdhMQsfDyhOWHq1+ZL0M+nJZV63d/1dhmhtgyOqejUwrPlzKhydsbrsdUor+JmNJDdW01v7BXHyuymT8G4s09jCasNOwiufbP/qp72ruu0bIA1nySsvlf9pCQAuFkAnVnf/rFhUlOkhtRpwcq8SUNY2zRHR/EKb/4NWY1JzR4sa3q2fWIJdrrX0DvLoa5g9bIEd4Df79ba7v+yiUBOS0zT2ll+z4g9izHK3EO5d8hL4jYxcjKs+wcslSYRWrascfscLgMlMGh0CdKeNTDjHpGPncaf3Z+FwwwjWeuiNBxv7bJo13/8B/098KlVDl4GZqsoBCEjPyJfV6hO0y/LkRGkk7oHWKgeWAfKtfLItRp00eZ4fcJNK9kCaSMmEugoZWcI7NGbZXzqFWqbpRI7NcDP9+WIQ+i9U5vqWsqd/zng4kbuAJ6UuKqIzB0upYrLShfQE3SAck8oaLhJqqq56VfDuASNpJKidV+zq27HfSBmbXnkR/5AK337dc3MXKJypoK/QPMLKUAP5XLPbs+NddJQV7EZXd29DLgp+fRIg3edpKdO7ZErWhv7d+3Kws+e1Y+ypmR2WIVSwVyBEUfgv2C8Ts9gnTF4pNcEY/S2aBicz5Ew2+jdyGNQQ==
        test@example.com\\n\"\r\n            }\r\n          ]\r\n        }\r\n      },\r\n
        \     \"secrets\": []\r\n    },\r\n    \"networkProfile\": {\"networkInterfaces\":[{\"id\":\"/subscriptions/00000000-0000-0000-0000-000000000000/resourceGroups/cli_test_multi_nic_vm000001/providers/Microsoft.Network/networkInterfaces/nic1\",\"properties\":{\"primary\":true}},{\"id\":\"/subscriptions/00000000-0000-0000-0000-000000000000/resourceGroups/cli_test_multi_nic_vm000001/providers/Microsoft.Network/networkInterfaces/nic2\",\"properties\":{\"primary\":false}},{\"id\":\"/subscriptions/00000000-0000-0000-0000-000000000000/resourceGroups/cli_test_multi_nic_vm000001/providers/Microsoft.Network/networkInterfaces/nic3\",\"properties\":{\"primary\":false}},{\"id\":\"/subscriptions/00000000-0000-0000-0000-000000000000/resourceGroups/cli_test_multi_nic_vm000001/providers/Microsoft.Network/networkInterfaces/nic4\",\"properties\":{\"primary\":false}}]},\r\n
        \   \"provisioningState\": \"Succeeded\"\r\n  },\r\n  \"type\": \"Microsoft.Compute/virtualMachines\",\r\n
        \ \"location\": \"westus\",\r\n  \"tags\": {},\r\n  \"id\": \"/subscriptions/00000000-0000-0000-0000-000000000000/resourceGroups/cli_test_multi_nic_vm000001/providers/Microsoft.Compute/virtualMachines/multinicvm1\",\r\n
        \ \"name\": \"multinicvm1\"\r\n}"}
    headers:
      cache-control: [no-cache]
      content-length: ['3343']
      content-type: [application/json; charset=utf-8]
      date: ['Mon, 05 Mar 2018 20:16:49 GMT']
      expires: ['-1']
      pragma: [no-cache]
      server: [Microsoft-HTTPAPI/2.0, Microsoft-HTTPAPI/2.0]
      strict-transport-security: [max-age=31536000; includeSubDomains]
      transfer-encoding: [chunked]
      vary: [Accept-Encoding]
      x-content-type-options: [nosniff]
      x-ms-ratelimit-remaining-resource: ['Microsoft.Compute/LowCostGet3Min;4745,Microsoft.Compute/LowCostGet30Min;38025']
    status: {code: 200, message: OK}
- request:
    body: null
    headers:
      Accept: [application/json]
      Accept-Encoding: ['gzip, deflate']
      CommandName: [vm nic show]
      Connection: [keep-alive]
      Content-Type: [application/json; charset=utf-8]
      User-Agent: [python/3.6.4 (Linux-4.11.0-1016-azure-x86_64-with-debian-9.3) requests/2.18.4
          msrest/0.4.26 msrest_azure/0.4.22 networkmanagementclient/1.8.0a1 Azure-SDK-For-Python
          AZURECLI/2.0.29.dev20180305185410.dev20180305185935]
      accept-language: [en-US]
    method: GET
    uri: https://management.azure.com/subscriptions/00000000-0000-0000-0000-000000000000/resourceGroups/cli_test_multi_nic_vm000001/providers/Microsoft.Network/networkInterfaces/nic1?api-version=2018-01-01
  response:
    body: {string: "{\r\n  \"name\": \"nic1\",\r\n  \"id\": \"/subscriptions/00000000-0000-0000-0000-000000000000/resourceGroups/cli_test_multi_nic_vm000001/providers/Microsoft.Network/networkInterfaces/nic1\",\r\n
        \ \"etag\": \"W/\\\"29ee0b4f-62a6-4030-a8dd-520a0c0feac6\\\"\",\r\n  \"location\":
        \"westus\",\r\n  \"properties\": {\r\n    \"provisioningState\": \"Succeeded\",\r\n
        \   \"resourceGuid\": \"40d61c8e-ea64-4803-85e1-654128f8967e\",\r\n    \"ipConfigurations\":
        [\r\n      {\r\n        \"name\": \"ipconfig1\",\r\n        \"id\": \"/subscriptions/00000000-0000-0000-0000-000000000000/resourceGroups/cli_test_multi_nic_vm000001/providers/Microsoft.Network/networkInterfaces/nic1/ipConfigurations/ipconfig1\",\r\n
        \       \"etag\": \"W/\\\"29ee0b4f-62a6-4030-a8dd-520a0c0feac6\\\"\",\r\n
        \       \"properties\": {\r\n          \"provisioningState\": \"Succeeded\",\r\n
        \         \"privateIPAddress\": \"10.0.0.4\",\r\n          \"privateIPAllocationMethod\":
        \"Dynamic\",\r\n          \"subnet\": {\r\n            \"id\": \"/subscriptions/00000000-0000-0000-0000-000000000000/resourceGroups/cli_test_multi_nic_vm000001/providers/Microsoft.Network/virtualNetworks/myvnet/subnets/mysubnet\"\r\n
        \         },\r\n          \"primary\": true,\r\n          \"privateIPAddressVersion\":
        \"IPv4\"\r\n        }\r\n      }\r\n    ],\r\n    \"dnsSettings\": {\r\n      \"dnsServers\":
        [],\r\n      \"appliedDnsServers\": []\r\n    },\r\n    \"enableAcceleratedNetworking\":
        false,\r\n    \"enableIPForwarding\": false,\r\n    \"primary\": true,\r\n
        \   \"virtualMachine\": {\r\n      \"id\": \"/subscriptions/00000000-0000-0000-0000-000000000000/resourceGroups/cli_test_multi_nic_vm000001/providers/Microsoft.Compute/virtualMachines/multinicvm1\"\r\n
        \   },\r\n    \"virtualNetworkTapProvisioningState\": \"NotProvisioned\"\r\n
        \ },\r\n  \"type\": \"Microsoft.Network/networkInterfaces\"\r\n}"}
    headers:
      cache-control: [no-cache]
      content-length: ['1879']
      content-type: [application/json; charset=utf-8]
      date: ['Mon, 05 Mar 2018 20:16:50 GMT']
      etag: [W/"29ee0b4f-62a6-4030-a8dd-520a0c0feac6"]
      expires: ['-1']
      pragma: [no-cache]
      server: [Microsoft-HTTPAPI/2.0, Microsoft-HTTPAPI/2.0]
      strict-transport-security: [max-age=31536000; includeSubDomains]
      transfer-encoding: [chunked]
      vary: [Accept-Encoding]
      x-content-type-options: [nosniff]
    status: {code: 200, message: OK}
- request:
    body: null
    headers:
      Accept: [application/json]
      Accept-Encoding: ['gzip, deflate']
      CommandName: [vm nic remove]
      Connection: [keep-alive]
      Content-Type: [application/json; charset=utf-8]
      User-Agent: [python/3.6.4 (Linux-4.11.0-1016-azure-x86_64-with-debian-9.3) requests/2.18.4
          msrest/0.4.26 msrest_azure/0.4.22 computemanagementclient/3.1.0rc3 Azure-SDK-For-Python
          AZURECLI/2.0.29.dev20180305185410.dev20180305185935]
      accept-language: [en-US]
    method: GET
    uri: https://management.azure.com/subscriptions/00000000-0000-0000-0000-000000000000/resourceGroups/cli_test_multi_nic_vm000001/providers/Microsoft.Compute/virtualMachines/multinicvm1?api-version=2017-12-01
  response:
    body: {string: "{\r\n  \"properties\": {\r\n    \"vmId\": \"d1d1cb05-70b0-43f0-b516-719282e8aaaa\",\r\n
        \   \"hardwareProfile\": {\r\n      \"vmSize\": \"Standard_DS3\"\r\n    },\r\n
        \   \"storageProfile\": {\r\n      \"imageReference\": {\r\n        \"publisher\":
        \"Canonical\",\r\n        \"offer\": \"UbuntuServer\",\r\n        \"sku\":
        \"16.04-LTS\",\r\n        \"version\": \"latest\"\r\n      },\r\n      \"osDisk\":
        {\r\n        \"osType\": \"Linux\",\r\n        \"name\": \"multinicvm1_OsDisk_1_a2e43585f6794f438ac3b76c719535f3\",\r\n
        \       \"createOption\": \"FromImage\",\r\n        \"caching\": \"ReadWrite\",\r\n
        \       \"managedDisk\": {\r\n          \"id\": \"/subscriptions/00000000-0000-0000-0000-000000000000/resourceGroups/cli_test_multi_nic_vm000001/providers/Microsoft.Compute/disks/multinicvm1_OsDisk_1_a2e43585f6794f438ac3b76c719535f3\"\r\n
        \       }\r\n      },\r\n      \"dataDisks\": []\r\n    },\r\n    \"osProfile\":
        {\r\n      \"computerName\": \"multinicvm1\",\r\n      \"adminUsername\":
        \"user11\",\r\n      \"linuxConfiguration\": {\r\n        \"disablePasswordAuthentication\":
        true,\r\n        \"ssh\": {\r\n          \"publicKeys\": [\r\n            {\r\n
        \             \"path\": \"/home/user11/.ssh/authorized_keys\",\r\n              \"keyData\":
        \"ssh-rsa AAAAB3NzaC1yc2EAAAADAQABAAACAQCbIg1guRHbI0lV11wWDt1r2cUdcNd27CJsg+SfgC7miZeubtwUhbsPdhMQsfDyhOWHq1+ZL0M+nJZV63d/1dhmhtgyOqejUwrPlzKhydsbrsdUor+JmNJDdW01v7BXHyuymT8G4s09jCasNOwiufbP/qp72ruu0bIA1nySsvlf9pCQAuFkAnVnf/rFhUlOkhtRpwcq8SUNY2zRHR/EKb/4NWY1JzR4sa3q2fWIJdrrX0DvLoa5g9bIEd4Df79ba7v+yiUBOS0zT2ll+z4g9izHK3EO5d8hL4jYxcjKs+wcslSYRWrascfscLgMlMGh0CdKeNTDjHpGPncaf3Z+FwwwjWeuiNBxv7bJo13/8B/098KlVDl4GZqsoBCEjPyJfV6hO0y/LkRGkk7oHWKgeWAfKtfLItRp00eZ4fcJNK9kCaSMmEugoZWcI7NGbZXzqFWqbpRI7NcDP9+WIQ+i9U5vqWsqd/zng4kbuAJ6UuKqIzB0upYrLShfQE3SAck8oaLhJqqq56VfDuASNpJKidV+zq27HfSBmbXnkR/5AK337dc3MXKJypoK/QPMLKUAP5XLPbs+NddJQV7EZXd29DLgp+fRIg3edpKdO7ZErWhv7d+3Kws+e1Y+ypmR2WIVSwVyBEUfgv2C8Ts9gnTF4pNcEY/S2aBicz5Ew2+jdyGNQQ==
        test@example.com\\n\"\r\n            }\r\n          ]\r\n        }\r\n      },\r\n
        \     \"secrets\": []\r\n    },\r\n    \"networkProfile\": {\"networkInterfaces\":[{\"id\":\"/subscriptions/00000000-0000-0000-0000-000000000000/resourceGroups/cli_test_multi_nic_vm000001/providers/Microsoft.Network/networkInterfaces/nic1\",\"properties\":{\"primary\":true}},{\"id\":\"/subscriptions/00000000-0000-0000-0000-000000000000/resourceGroups/cli_test_multi_nic_vm000001/providers/Microsoft.Network/networkInterfaces/nic2\",\"properties\":{\"primary\":false}},{\"id\":\"/subscriptions/00000000-0000-0000-0000-000000000000/resourceGroups/cli_test_multi_nic_vm000001/providers/Microsoft.Network/networkInterfaces/nic3\",\"properties\":{\"primary\":false}},{\"id\":\"/subscriptions/00000000-0000-0000-0000-000000000000/resourceGroups/cli_test_multi_nic_vm000001/providers/Microsoft.Network/networkInterfaces/nic4\",\"properties\":{\"primary\":false}}]},\r\n
        \   \"provisioningState\": \"Succeeded\"\r\n  },\r\n  \"type\": \"Microsoft.Compute/virtualMachines\",\r\n
        \ \"location\": \"westus\",\r\n  \"tags\": {},\r\n  \"id\": \"/subscriptions/00000000-0000-0000-0000-000000000000/resourceGroups/cli_test_multi_nic_vm000001/providers/Microsoft.Compute/virtualMachines/multinicvm1\",\r\n
        \ \"name\": \"multinicvm1\"\r\n}"}
    headers:
      cache-control: [no-cache]
      content-length: ['3343']
      content-type: [application/json; charset=utf-8]
      date: ['Mon, 05 Mar 2018 20:17:01 GMT']
      expires: ['-1']
      pragma: [no-cache]
      server: [Microsoft-HTTPAPI/2.0, Microsoft-HTTPAPI/2.0]
      strict-transport-security: [max-age=31536000; includeSubDomains]
      transfer-encoding: [chunked]
      vary: [Accept-Encoding]
      x-content-type-options: [nosniff]
      x-ms-ratelimit-remaining-resource: ['Microsoft.Compute/LowCostGet3Min;4739,Microsoft.Compute/LowCostGet30Min;38019']
    status: {code: 200, message: OK}
- request:
    body: null
    headers:
      Accept: [application/json]
      Accept-Encoding: ['gzip, deflate']
      CommandName: [vm nic remove]
      Connection: [keep-alive]
      Content-Type: [application/json; charset=utf-8]
      User-Agent: [python/3.6.4 (Linux-4.11.0-1016-azure-x86_64-with-debian-9.3) requests/2.18.4
          msrest/0.4.26 msrest_azure/0.4.22 networkmanagementclient/1.8.0a1 Azure-SDK-For-Python
          AZURECLI/2.0.29.dev20180305185410.dev20180305185935]
      accept-language: [en-US]
    method: GET
    uri: https://management.azure.com/subscriptions/00000000-0000-0000-0000-000000000000/resourceGroups/cli_test_multi_nic_vm000001/providers/Microsoft.Network/networkInterfaces/nic4?api-version=2018-01-01
  response:
    body: {string: "{\r\n  \"name\": \"nic4\",\r\n  \"id\": \"/subscriptions/00000000-0000-0000-0000-000000000000/resourceGroups/cli_test_multi_nic_vm000001/providers/Microsoft.Network/networkInterfaces/nic4\",\r\n
        \ \"etag\": \"W/\\\"bfab5db8-a3e7-41da-b911-f4d6f877fff0\\\"\",\r\n  \"location\":
        \"westus\",\r\n  \"properties\": {\r\n    \"provisioningState\": \"Succeeded\",\r\n
        \   \"resourceGuid\": \"3443bc43-dba9-4fbd-9237-f4ce33c5e6fb\",\r\n    \"ipConfigurations\":
        [\r\n      {\r\n        \"name\": \"ipconfig1\",\r\n        \"id\": \"/subscriptions/00000000-0000-0000-0000-000000000000/resourceGroups/cli_test_multi_nic_vm000001/providers/Microsoft.Network/networkInterfaces/nic4/ipConfigurations/ipconfig1\",\r\n
        \       \"etag\": \"W/\\\"bfab5db8-a3e7-41da-b911-f4d6f877fff0\\\"\",\r\n
        \       \"properties\": {\r\n          \"provisioningState\": \"Succeeded\",\r\n
        \         \"privateIPAddress\": \"10.0.0.7\",\r\n          \"privateIPAllocationMethod\":
        \"Dynamic\",\r\n          \"subnet\": {\r\n            \"id\": \"/subscriptions/00000000-0000-0000-0000-000000000000/resourceGroups/cli_test_multi_nic_vm000001/providers/Microsoft.Network/virtualNetworks/myvnet/subnets/mysubnet\"\r\n
        \         },\r\n          \"primary\": true,\r\n          \"privateIPAddressVersion\":
        \"IPv4\"\r\n        }\r\n      }\r\n    ],\r\n    \"dnsSettings\": {\r\n      \"dnsServers\":
        [],\r\n      \"appliedDnsServers\": []\r\n    },\r\n    \"enableAcceleratedNetworking\":
        false,\r\n    \"enableIPForwarding\": false,\r\n    \"primary\": false,\r\n
        \   \"virtualMachine\": {\r\n      \"id\": \"/subscriptions/00000000-0000-0000-0000-000000000000/resourceGroups/cli_test_multi_nic_vm000001/providers/Microsoft.Compute/virtualMachines/multinicvm1\"\r\n
        \   },\r\n    \"virtualNetworkTapProvisioningState\": \"NotProvisioned\"\r\n
        \ },\r\n  \"type\": \"Microsoft.Network/networkInterfaces\"\r\n}"}
    headers:
      cache-control: [no-cache]
      content-length: ['1880']
      content-type: [application/json; charset=utf-8]
      date: ['Mon, 05 Mar 2018 20:17:03 GMT']
      etag: [W/"bfab5db8-a3e7-41da-b911-f4d6f877fff0"]
      expires: ['-1']
      pragma: [no-cache]
      server: [Microsoft-HTTPAPI/2.0, Microsoft-HTTPAPI/2.0]
      strict-transport-security: [max-age=31536000; includeSubDomains]
      transfer-encoding: [chunked]
      vary: [Accept-Encoding]
      x-content-type-options: [nosniff]
    status: {code: 200, message: OK}
- request:
    body: 'b''{"location": "westus", "tags": {}, "properties": {"hardwareProfile":
      {"vmSize": "Standard_DS3"}, "storageProfile": {"imageReference": {"publisher":
      "Canonical", "offer": "UbuntuServer", "sku": "16.04-LTS", "version": "latest"},
      "osDisk": {"osType": "Linux", "name": "multinicvm1_OsDisk_1_a2e43585f6794f438ac3b76c719535f3",
      "caching": "ReadWrite", "createOption": "FromImage", "managedDisk": {"id": "/subscriptions/00000000-0000-0000-0000-000000000000/resourceGroups/cli_test_multi_nic_vm000001/providers/Microsoft.Compute/disks/multinicvm1_OsDisk_1_a2e43585f6794f438ac3b76c719535f3"}},
      "dataDisks": []}, "osProfile": {"computerName": "multinicvm1", "adminUsername":
      "user11", "linuxConfiguration": {"disablePasswordAuthentication": true, "ssh":
      {"publicKeys": [{"path": "/home/user11/.ssh/authorized_keys", "keyData": "ssh-rsa
      AAAAB3NzaC1yc2EAAAADAQABAAACAQCbIg1guRHbI0lV11wWDt1r2cUdcNd27CJsg+SfgC7miZeubtwUhbsPdhMQsfDyhOWHq1+ZL0M+nJZV63d/1dhmhtgyOqejUwrPlzKhydsbrsdUor+JmNJDdW01v7BXHyuymT8G4s09jCasNOwiufbP/qp72ruu0bIA1nySsvlf9pCQAuFkAnVnf/rFhUlOkhtRpwcq8SUNY2zRHR/EKb/4NWY1JzR4sa3q2fWIJdrrX0DvLoa5g9bIEd4Df79ba7v+yiUBOS0zT2ll+z4g9izHK3EO5d8hL4jYxcjKs+wcslSYRWrascfscLgMlMGh0CdKeNTDjHpGPncaf3Z+FwwwjWeuiNBxv7bJo13/8B/098KlVDl4GZqsoBCEjPyJfV6hO0y/LkRGkk7oHWKgeWAfKtfLItRp00eZ4fcJNK9kCaSMmEugoZWcI7NGbZXzqFWqbpRI7NcDP9+WIQ+i9U5vqWsqd/zng4kbuAJ6UuKqIzB0upYrLShfQE3SAck8oaLhJqqq56VfDuASNpJKidV+zq27HfSBmbXnkR/5AK337dc3MXKJypoK/QPMLKUAP5XLPbs+NddJQV7EZXd29DLgp+fRIg3edpKdO7ZErWhv7d+3Kws+e1Y+ypmR2WIVSwVyBEUfgv2C8Ts9gnTF4pNcEY/S2aBicz5Ew2+jdyGNQQ==
      test@example.com\\n"}]}}, "secrets": []}, "networkProfile": {"networkInterfaces":
      [{"id": "/subscriptions/00000000-0000-0000-0000-000000000000/resourceGroups/cli_test_multi_nic_vm000001/providers/Microsoft.Network/networkInterfaces/nic1",
      "properties": {"primary": true}}, {"id": "/subscriptions/00000000-0000-0000-0000-000000000000/resourceGroups/cli_test_multi_nic_vm000001/providers/Microsoft.Network/networkInterfaces/nic2",
      "properties": {"primary": false}}, {"id": "/subscriptions/00000000-0000-0000-0000-000000000000/resourceGroups/cli_test_multi_nic_vm000001/providers/Microsoft.Network/networkInterfaces/nic3",
      "properties": {"primary": false}}]}}}'''
    headers:
      Accept: [application/json]
      Accept-Encoding: ['gzip, deflate']
      CommandName: [vm nic remove]
      Connection: [keep-alive]
      Content-Length: ['2392']
      Content-Type: [application/json; charset=utf-8]
      User-Agent: [python/3.6.4 (Linux-4.11.0-1016-azure-x86_64-with-debian-9.3) requests/2.18.4
          msrest/0.4.26 msrest_azure/0.4.22 computemanagementclient/3.1.0rc3 Azure-SDK-For-Python
          AZURECLI/2.0.29.dev20180305185410.dev20180305185935]
      accept-language: [en-US]
    method: PUT
    uri: https://management.azure.com/subscriptions/00000000-0000-0000-0000-000000000000/resourceGroups/cli_test_multi_nic_vm000001/providers/Microsoft.Compute/virtualMachines/multinicvm1?api-version=2017-12-01
  response:
    body: {string: "{\r\n  \"properties\": {\r\n    \"vmId\": \"d1d1cb05-70b0-43f0-b516-719282e8aaaa\",\r\n
        \   \"hardwareProfile\": {\r\n      \"vmSize\": \"Standard_DS3\"\r\n    },\r\n
        \   \"storageProfile\": {\r\n      \"imageReference\": {\r\n        \"publisher\":
        \"Canonical\",\r\n        \"offer\": \"UbuntuServer\",\r\n        \"sku\":
        \"16.04-LTS\",\r\n        \"version\": \"latest\"\r\n      },\r\n      \"osDisk\":
        {\r\n        \"osType\": \"Linux\",\r\n        \"name\": \"multinicvm1_OsDisk_1_a2e43585f6794f438ac3b76c719535f3\",\r\n
        \       \"createOption\": \"FromImage\",\r\n        \"caching\": \"ReadWrite\",\r\n
        \       \"managedDisk\": {\r\n          \"id\": \"/subscriptions/00000000-0000-0000-0000-000000000000/resourceGroups/cli_test_multi_nic_vm000001/providers/Microsoft.Compute/disks/multinicvm1_OsDisk_1_a2e43585f6794f438ac3b76c719535f3\"\r\n
        \       }\r\n      },\r\n      \"dataDisks\": []\r\n    },\r\n    \"osProfile\":
        {\r\n      \"computerName\": \"multinicvm1\",\r\n      \"adminUsername\":
        \"user11\",\r\n      \"linuxConfiguration\": {\r\n        \"disablePasswordAuthentication\":
        true,\r\n        \"ssh\": {\r\n          \"publicKeys\": [\r\n            {\r\n
        \             \"path\": \"/home/user11/.ssh/authorized_keys\",\r\n              \"keyData\":
        \"ssh-rsa AAAAB3NzaC1yc2EAAAADAQABAAACAQCbIg1guRHbI0lV11wWDt1r2cUdcNd27CJsg+SfgC7miZeubtwUhbsPdhMQsfDyhOWHq1+ZL0M+nJZV63d/1dhmhtgyOqejUwrPlzKhydsbrsdUor+JmNJDdW01v7BXHyuymT8G4s09jCasNOwiufbP/qp72ruu0bIA1nySsvlf9pCQAuFkAnVnf/rFhUlOkhtRpwcq8SUNY2zRHR/EKb/4NWY1JzR4sa3q2fWIJdrrX0DvLoa5g9bIEd4Df79ba7v+yiUBOS0zT2ll+z4g9izHK3EO5d8hL4jYxcjKs+wcslSYRWrascfscLgMlMGh0CdKeNTDjHpGPncaf3Z+FwwwjWeuiNBxv7bJo13/8B/098KlVDl4GZqsoBCEjPyJfV6hO0y/LkRGkk7oHWKgeWAfKtfLItRp00eZ4fcJNK9kCaSMmEugoZWcI7NGbZXzqFWqbpRI7NcDP9+WIQ+i9U5vqWsqd/zng4kbuAJ6UuKqIzB0upYrLShfQE3SAck8oaLhJqqq56VfDuASNpJKidV+zq27HfSBmbXnkR/5AK337dc3MXKJypoK/QPMLKUAP5XLPbs+NddJQV7EZXd29DLgp+fRIg3edpKdO7ZErWhv7d+3Kws+e1Y+ypmR2WIVSwVyBEUfgv2C8Ts9gnTF4pNcEY/S2aBicz5Ew2+jdyGNQQ==
        test@example.com\\n\"\r\n            }\r\n          ]\r\n        }\r\n      },\r\n
        \     \"secrets\": []\r\n    },\r\n    \"networkProfile\": {\"networkInterfaces\":[{\"id\":\"/subscriptions/00000000-0000-0000-0000-000000000000/resourceGroups/cli_test_multi_nic_vm000001/providers/Microsoft.Network/networkInterfaces/nic1\",\"properties\":{\"primary\":true}},{\"id\":\"/subscriptions/00000000-0000-0000-0000-000000000000/resourceGroups/cli_test_multi_nic_vm000001/providers/Microsoft.Network/networkInterfaces/nic2\",\"properties\":{\"primary\":false}},{\"id\":\"/subscriptions/00000000-0000-0000-0000-000000000000/resourceGroups/cli_test_multi_nic_vm000001/providers/Microsoft.Network/networkInterfaces/nic3\",\"properties\":{\"primary\":false}}]},\r\n
        \   \"provisioningState\": \"Updating\"\r\n  },\r\n  \"type\": \"Microsoft.Compute/virtualMachines\",\r\n
        \ \"location\": \"westus\",\r\n  \"tags\": {},\r\n  \"id\": \"/subscriptions/00000000-0000-0000-0000-000000000000/resourceGroups/cli_test_multi_nic_vm000001/providers/Microsoft.Compute/virtualMachines/multinicvm1\",\r\n
        \ \"name\": \"multinicvm1\"\r\n}"}
    headers:
      azure-asyncoperation: ['https://management.azure.com/subscriptions/00000000-0000-0000-0000-000000000000/providers/Microsoft.Compute/locations/westus/operations/95ce3806-25dc-49aa-b80a-6c5cab144002?api-version=2017-12-01']
      cache-control: [no-cache]
      content-length: ['3108']
      content-type: [application/json; charset=utf-8]
      date: ['Mon, 05 Mar 2018 20:17:04 GMT']
      expires: ['-1']
      pragma: [no-cache]
      server: [Microsoft-HTTPAPI/2.0, Microsoft-HTTPAPI/2.0]
      strict-transport-security: [max-age=31536000; includeSubDomains]
      transfer-encoding: [chunked]
      vary: [Accept-Encoding]
      x-content-type-options: [nosniff]
      x-ms-ratelimit-remaining-resource: ['Microsoft.Compute/PutVM3Min;234,Microsoft.Compute/PutVM30Min;1143']
      x-ms-ratelimit-remaining-subscription-writes: ['1165']
    status: {code: 200, message: OK}
- request:
    body: null
    headers:
      Accept: [application/json]
      Accept-Encoding: ['gzip, deflate']
      CommandName: [vm nic remove]
      Connection: [keep-alive]
      User-Agent: [python/3.6.4 (Linux-4.11.0-1016-azure-x86_64-with-debian-9.3) requests/2.18.4
          msrest/0.4.26 msrest_azure/0.4.22 computemanagementclient/3.1.0rc3 Azure-SDK-For-Python
          AZURECLI/2.0.29.dev20180305185410.dev20180305185935]
    method: GET
    uri: https://management.azure.com/subscriptions/00000000-0000-0000-0000-000000000000/providers/Microsoft.Compute/locations/westus/operations/95ce3806-25dc-49aa-b80a-6c5cab144002?api-version=2017-12-01
  response:
    body: {string: "{\r\n  \"startTime\": \"2018-03-05T20:17:04.6547141+00:00\",\r\n
        \ \"endTime\": \"2018-03-05T20:17:06.3578849+00:00\",\r\n  \"status\": \"Succeeded\",\r\n
        \ \"name\": \"95ce3806-25dc-49aa-b80a-6c5cab144002\"\r\n}"}
    headers:
      cache-control: [no-cache]
      content-length: ['184']
      content-type: [application/json; charset=utf-8]
      date: ['Mon, 05 Mar 2018 20:17:35 GMT']
      expires: ['-1']
      pragma: [no-cache]
      server: [Microsoft-HTTPAPI/2.0, Microsoft-HTTPAPI/2.0]
      strict-transport-security: [max-age=31536000; includeSubDomains]
      transfer-encoding: [chunked]
      vary: [Accept-Encoding]
      x-content-type-options: [nosniff]
      x-ms-ratelimit-remaining-resource: ['Microsoft.Compute/GetOperation3Min;11815,Microsoft.Compute/GetOperation30Min;22932']
    status: {code: 200, message: OK}
- request:
    body: null
    headers:
      Accept: [application/json]
      Accept-Encoding: ['gzip, deflate']
      CommandName: [vm nic remove]
      Connection: [keep-alive]
      User-Agent: [python/3.6.4 (Linux-4.11.0-1016-azure-x86_64-with-debian-9.3) requests/2.18.4
          msrest/0.4.26 msrest_azure/0.4.22 computemanagementclient/3.1.0rc3 Azure-SDK-For-Python
          AZURECLI/2.0.29.dev20180305185410.dev20180305185935]
    method: GET
    uri: https://management.azure.com/subscriptions/00000000-0000-0000-0000-000000000000/resourceGroups/cli_test_multi_nic_vm000001/providers/Microsoft.Compute/virtualMachines/multinicvm1?api-version=2017-12-01
  response:
    body: {string: "{\r\n  \"properties\": {\r\n    \"vmId\": \"d1d1cb05-70b0-43f0-b516-719282e8aaaa\",\r\n
        \   \"hardwareProfile\": {\r\n      \"vmSize\": \"Standard_DS3\"\r\n    },\r\n
        \   \"storageProfile\": {\r\n      \"imageReference\": {\r\n        \"publisher\":
        \"Canonical\",\r\n        \"offer\": \"UbuntuServer\",\r\n        \"sku\":
        \"16.04-LTS\",\r\n        \"version\": \"latest\"\r\n      },\r\n      \"osDisk\":
        {\r\n        \"osType\": \"Linux\",\r\n        \"name\": \"multinicvm1_OsDisk_1_a2e43585f6794f438ac3b76c719535f3\",\r\n
        \       \"createOption\": \"FromImage\",\r\n        \"caching\": \"ReadWrite\",\r\n
        \       \"managedDisk\": {\r\n          \"id\": \"/subscriptions/00000000-0000-0000-0000-000000000000/resourceGroups/cli_test_multi_nic_vm000001/providers/Microsoft.Compute/disks/multinicvm1_OsDisk_1_a2e43585f6794f438ac3b76c719535f3\"\r\n
        \       }\r\n      },\r\n      \"dataDisks\": []\r\n    },\r\n    \"osProfile\":
        {\r\n      \"computerName\": \"multinicvm1\",\r\n      \"adminUsername\":
        \"user11\",\r\n      \"linuxConfiguration\": {\r\n        \"disablePasswordAuthentication\":
        true,\r\n        \"ssh\": {\r\n          \"publicKeys\": [\r\n            {\r\n
        \             \"path\": \"/home/user11/.ssh/authorized_keys\",\r\n              \"keyData\":
        \"ssh-rsa AAAAB3NzaC1yc2EAAAADAQABAAACAQCbIg1guRHbI0lV11wWDt1r2cUdcNd27CJsg+SfgC7miZeubtwUhbsPdhMQsfDyhOWHq1+ZL0M+nJZV63d/1dhmhtgyOqejUwrPlzKhydsbrsdUor+JmNJDdW01v7BXHyuymT8G4s09jCasNOwiufbP/qp72ruu0bIA1nySsvlf9pCQAuFkAnVnf/rFhUlOkhtRpwcq8SUNY2zRHR/EKb/4NWY1JzR4sa3q2fWIJdrrX0DvLoa5g9bIEd4Df79ba7v+yiUBOS0zT2ll+z4g9izHK3EO5d8hL4jYxcjKs+wcslSYRWrascfscLgMlMGh0CdKeNTDjHpGPncaf3Z+FwwwjWeuiNBxv7bJo13/8B/098KlVDl4GZqsoBCEjPyJfV6hO0y/LkRGkk7oHWKgeWAfKtfLItRp00eZ4fcJNK9kCaSMmEugoZWcI7NGbZXzqFWqbpRI7NcDP9+WIQ+i9U5vqWsqd/zng4kbuAJ6UuKqIzB0upYrLShfQE3SAck8oaLhJqqq56VfDuASNpJKidV+zq27HfSBmbXnkR/5AK337dc3MXKJypoK/QPMLKUAP5XLPbs+NddJQV7EZXd29DLgp+fRIg3edpKdO7ZErWhv7d+3Kws+e1Y+ypmR2WIVSwVyBEUfgv2C8Ts9gnTF4pNcEY/S2aBicz5Ew2+jdyGNQQ==
        test@example.com\\n\"\r\n            }\r\n          ]\r\n        }\r\n      },\r\n
        \     \"secrets\": []\r\n    },\r\n    \"networkProfile\": {\"networkInterfaces\":[{\"id\":\"/subscriptions/00000000-0000-0000-0000-000000000000/resourceGroups/cli_test_multi_nic_vm000001/providers/Microsoft.Network/networkInterfaces/nic1\",\"properties\":{\"primary\":true}},{\"id\":\"/subscriptions/00000000-0000-0000-0000-000000000000/resourceGroups/cli_test_multi_nic_vm000001/providers/Microsoft.Network/networkInterfaces/nic2\",\"properties\":{\"primary\":false}},{\"id\":\"/subscriptions/00000000-0000-0000-0000-000000000000/resourceGroups/cli_test_multi_nic_vm000001/providers/Microsoft.Network/networkInterfaces/nic3\",\"properties\":{\"primary\":false}}]},\r\n
        \   \"provisioningState\": \"Succeeded\"\r\n  },\r\n  \"type\": \"Microsoft.Compute/virtualMachines\",\r\n
        \ \"location\": \"westus\",\r\n  \"tags\": {},\r\n  \"id\": \"/subscriptions/00000000-0000-0000-0000-000000000000/resourceGroups/cli_test_multi_nic_vm000001/providers/Microsoft.Compute/virtualMachines/multinicvm1\",\r\n
        \ \"name\": \"multinicvm1\"\r\n}"}
    headers:
      cache-control: [no-cache]
      content-length: ['3109']
      content-type: [application/json; charset=utf-8]
      date: ['Mon, 05 Mar 2018 20:17:45 GMT']
      expires: ['-1']
      pragma: [no-cache]
      server: [Microsoft-HTTPAPI/2.0, Microsoft-HTTPAPI/2.0]
      strict-transport-security: [max-age=31536000; includeSubDomains]
      transfer-encoding: [chunked]
      vary: [Accept-Encoding]
      x-content-type-options: [nosniff]
      x-ms-ratelimit-remaining-resource: ['Microsoft.Compute/LowCostGet3Min;4747,Microsoft.Compute/LowCostGet30Min;38003']
    status: {code: 200, message: OK}
- request:
    body: null
    headers:
      Accept: [application/json]
      Accept-Encoding: ['gzip, deflate']
      CommandName: [vm nic add]
      Connection: [keep-alive]
      Content-Type: [application/json; charset=utf-8]
      User-Agent: [python/3.6.4 (Linux-4.11.0-1016-azure-x86_64-with-debian-9.3) requests/2.18.4
          msrest/0.4.26 msrest_azure/0.4.22 computemanagementclient/3.1.0rc3 Azure-SDK-For-Python
          AZURECLI/2.0.29.dev20180305185410.dev20180305185935]
      accept-language: [en-US]
    method: GET
    uri: https://management.azure.com/subscriptions/00000000-0000-0000-0000-000000000000/resourceGroups/cli_test_multi_nic_vm000001/providers/Microsoft.Compute/virtualMachines/multinicvm1?api-version=2017-12-01
  response:
    body: {string: "{\r\n  \"properties\": {\r\n    \"vmId\": \"d1d1cb05-70b0-43f0-b516-719282e8aaaa\",\r\n
        \   \"hardwareProfile\": {\r\n      \"vmSize\": \"Standard_DS3\"\r\n    },\r\n
        \   \"storageProfile\": {\r\n      \"imageReference\": {\r\n        \"publisher\":
        \"Canonical\",\r\n        \"offer\": \"UbuntuServer\",\r\n        \"sku\":
        \"16.04-LTS\",\r\n        \"version\": \"latest\"\r\n      },\r\n      \"osDisk\":
        {\r\n        \"osType\": \"Linux\",\r\n        \"name\": \"multinicvm1_OsDisk_1_a2e43585f6794f438ac3b76c719535f3\",\r\n
        \       \"createOption\": \"FromImage\",\r\n        \"caching\": \"ReadWrite\",\r\n
        \       \"managedDisk\": {\r\n          \"id\": \"/subscriptions/00000000-0000-0000-0000-000000000000/resourceGroups/cli_test_multi_nic_vm000001/providers/Microsoft.Compute/disks/multinicvm1_OsDisk_1_a2e43585f6794f438ac3b76c719535f3\"\r\n
        \       }\r\n      },\r\n      \"dataDisks\": []\r\n    },\r\n    \"osProfile\":
        {\r\n      \"computerName\": \"multinicvm1\",\r\n      \"adminUsername\":
        \"user11\",\r\n      \"linuxConfiguration\": {\r\n        \"disablePasswordAuthentication\":
        true,\r\n        \"ssh\": {\r\n          \"publicKeys\": [\r\n            {\r\n
        \             \"path\": \"/home/user11/.ssh/authorized_keys\",\r\n              \"keyData\":
        \"ssh-rsa AAAAB3NzaC1yc2EAAAADAQABAAACAQCbIg1guRHbI0lV11wWDt1r2cUdcNd27CJsg+SfgC7miZeubtwUhbsPdhMQsfDyhOWHq1+ZL0M+nJZV63d/1dhmhtgyOqejUwrPlzKhydsbrsdUor+JmNJDdW01v7BXHyuymT8G4s09jCasNOwiufbP/qp72ruu0bIA1nySsvlf9pCQAuFkAnVnf/rFhUlOkhtRpwcq8SUNY2zRHR/EKb/4NWY1JzR4sa3q2fWIJdrrX0DvLoa5g9bIEd4Df79ba7v+yiUBOS0zT2ll+z4g9izHK3EO5d8hL4jYxcjKs+wcslSYRWrascfscLgMlMGh0CdKeNTDjHpGPncaf3Z+FwwwjWeuiNBxv7bJo13/8B/098KlVDl4GZqsoBCEjPyJfV6hO0y/LkRGkk7oHWKgeWAfKtfLItRp00eZ4fcJNK9kCaSMmEugoZWcI7NGbZXzqFWqbpRI7NcDP9+WIQ+i9U5vqWsqd/zng4kbuAJ6UuKqIzB0upYrLShfQE3SAck8oaLhJqqq56VfDuASNpJKidV+zq27HfSBmbXnkR/5AK337dc3MXKJypoK/QPMLKUAP5XLPbs+NddJQV7EZXd29DLgp+fRIg3edpKdO7ZErWhv7d+3Kws+e1Y+ypmR2WIVSwVyBEUfgv2C8Ts9gnTF4pNcEY/S2aBicz5Ew2+jdyGNQQ==
        test@example.com\\n\"\r\n            }\r\n          ]\r\n        }\r\n      },\r\n
        \     \"secrets\": []\r\n    },\r\n    \"networkProfile\": {\"networkInterfaces\":[{\"id\":\"/subscriptions/00000000-0000-0000-0000-000000000000/resourceGroups/cli_test_multi_nic_vm000001/providers/Microsoft.Network/networkInterfaces/nic1\",\"properties\":{\"primary\":true}},{\"id\":\"/subscriptions/00000000-0000-0000-0000-000000000000/resourceGroups/cli_test_multi_nic_vm000001/providers/Microsoft.Network/networkInterfaces/nic2\",\"properties\":{\"primary\":false}},{\"id\":\"/subscriptions/00000000-0000-0000-0000-000000000000/resourceGroups/cli_test_multi_nic_vm000001/providers/Microsoft.Network/networkInterfaces/nic3\",\"properties\":{\"primary\":false}}]},\r\n
        \   \"provisioningState\": \"Succeeded\"\r\n  },\r\n  \"type\": \"Microsoft.Compute/virtualMachines\",\r\n
        \ \"location\": \"westus\",\r\n  \"tags\": {},\r\n  \"id\": \"/subscriptions/00000000-0000-0000-0000-000000000000/resourceGroups/cli_test_multi_nic_vm000001/providers/Microsoft.Compute/virtualMachines/multinicvm1\",\r\n
        \ \"name\": \"multinicvm1\"\r\n}"}
    headers:
      cache-control: [no-cache]
      content-length: ['3109']
      content-type: [application/json; charset=utf-8]
      date: ['Mon, 05 Mar 2018 20:17:56 GMT']
      expires: ['-1']
      pragma: [no-cache]
      server: [Microsoft-HTTPAPI/2.0, Microsoft-HTTPAPI/2.0]
      strict-transport-security: [max-age=31536000; includeSubDomains]
      transfer-encoding: [chunked]
      vary: [Accept-Encoding]
      x-content-type-options: [nosniff]
      x-ms-ratelimit-remaining-resource: ['Microsoft.Compute/LowCostGet3Min;4744,Microsoft.Compute/LowCostGet30Min;38000']
    status: {code: 200, message: OK}
- request:
    body: null
    headers:
      Accept: [application/json]
      Accept-Encoding: ['gzip, deflate']
      CommandName: [vm nic add]
      Connection: [keep-alive]
      Content-Type: [application/json; charset=utf-8]
      User-Agent: [python/3.6.4 (Linux-4.11.0-1016-azure-x86_64-with-debian-9.3) requests/2.18.4
          msrest/0.4.26 msrest_azure/0.4.22 networkmanagementclient/1.8.0a1 Azure-SDK-For-Python
          AZURECLI/2.0.29.dev20180305185410.dev20180305185935]
      accept-language: [en-US]
    method: GET
    uri: https://management.azure.com/subscriptions/00000000-0000-0000-0000-000000000000/resourceGroups/cli_test_multi_nic_vm000001/providers/Microsoft.Network/networkInterfaces/nic4?api-version=2018-01-01
  response:
    body: {string: "{\r\n  \"name\": \"nic4\",\r\n  \"id\": \"/subscriptions/00000000-0000-0000-0000-000000000000/resourceGroups/cli_test_multi_nic_vm000001/providers/Microsoft.Network/networkInterfaces/nic4\",\r\n
        \ \"etag\": \"W/\\\"5c10aeef-bd2d-4096-a39f-fca028bb6df6\\\"\",\r\n  \"location\":
        \"westus\",\r\n  \"properties\": {\r\n    \"provisioningState\": \"Succeeded\",\r\n
        \   \"resourceGuid\": \"3443bc43-dba9-4fbd-9237-f4ce33c5e6fb\",\r\n    \"ipConfigurations\":
        [\r\n      {\r\n        \"name\": \"ipconfig1\",\r\n        \"id\": \"/subscriptions/00000000-0000-0000-0000-000000000000/resourceGroups/cli_test_multi_nic_vm000001/providers/Microsoft.Network/networkInterfaces/nic4/ipConfigurations/ipconfig1\",\r\n
        \       \"etag\": \"W/\\\"5c10aeef-bd2d-4096-a39f-fca028bb6df6\\\"\",\r\n
        \       \"properties\": {\r\n          \"provisioningState\": \"Succeeded\",\r\n
        \         \"privateIPAddress\": \"10.0.0.7\",\r\n          \"privateIPAllocationMethod\":
        \"Dynamic\",\r\n          \"subnet\": {\r\n            \"id\": \"/subscriptions/00000000-0000-0000-0000-000000000000/resourceGroups/cli_test_multi_nic_vm000001/providers/Microsoft.Network/virtualNetworks/myvnet/subnets/mysubnet\"\r\n
        \         },\r\n          \"primary\": true,\r\n          \"privateIPAddressVersion\":
        \"IPv4\"\r\n        }\r\n      }\r\n    ],\r\n    \"dnsSettings\": {\r\n      \"dnsServers\":
        [],\r\n      \"appliedDnsServers\": []\r\n    },\r\n    \"enableAcceleratedNetworking\":
        false,\r\n    \"enableIPForwarding\": false,\r\n    \"virtualNetworkTapProvisioningState\":
        \"NotProvisioned\"\r\n  },\r\n  \"type\": \"Microsoft.Network/networkInterfaces\"\r\n}"}
    headers:
      cache-control: [no-cache]
      content-length: ['1610']
      content-type: [application/json; charset=utf-8]
      date: ['Mon, 05 Mar 2018 20:17:58 GMT']
      etag: [W/"5c10aeef-bd2d-4096-a39f-fca028bb6df6"]
      expires: ['-1']
      pragma: [no-cache]
      server: [Microsoft-HTTPAPI/2.0, Microsoft-HTTPAPI/2.0]
      strict-transport-security: [max-age=31536000; includeSubDomains]
      transfer-encoding: [chunked]
      vary: [Accept-Encoding]
      x-content-type-options: [nosniff]
    status: {code: 200, message: OK}
- request:
    body: 'b''{"location": "westus", "tags": {}, "properties": {"hardwareProfile":
      {"vmSize": "Standard_DS3"}, "storageProfile": {"imageReference": {"publisher":
      "Canonical", "offer": "UbuntuServer", "sku": "16.04-LTS", "version": "latest"},
      "osDisk": {"osType": "Linux", "name": "multinicvm1_OsDisk_1_a2e43585f6794f438ac3b76c719535f3",
      "caching": "ReadWrite", "createOption": "FromImage", "managedDisk": {"id": "/subscriptions/00000000-0000-0000-0000-000000000000/resourceGroups/cli_test_multi_nic_vm000001/providers/Microsoft.Compute/disks/multinicvm1_OsDisk_1_a2e43585f6794f438ac3b76c719535f3"}},
      "dataDisks": []}, "osProfile": {"computerName": "multinicvm1", "adminUsername":
      "user11", "linuxConfiguration": {"disablePasswordAuthentication": true, "ssh":
      {"publicKeys": [{"path": "/home/user11/.ssh/authorized_keys", "keyData": "ssh-rsa
      AAAAB3NzaC1yc2EAAAADAQABAAACAQCbIg1guRHbI0lV11wWDt1r2cUdcNd27CJsg+SfgC7miZeubtwUhbsPdhMQsfDyhOWHq1+ZL0M+nJZV63d/1dhmhtgyOqejUwrPlzKhydsbrsdUor+JmNJDdW01v7BXHyuymT8G4s09jCasNOwiufbP/qp72ruu0bIA1nySsvlf9pCQAuFkAnVnf/rFhUlOkhtRpwcq8SUNY2zRHR/EKb/4NWY1JzR4sa3q2fWIJdrrX0DvLoa5g9bIEd4Df79ba7v+yiUBOS0zT2ll+z4g9izHK3EO5d8hL4jYxcjKs+wcslSYRWrascfscLgMlMGh0CdKeNTDjHpGPncaf3Z+FwwwjWeuiNBxv7bJo13/8B/098KlVDl4GZqsoBCEjPyJfV6hO0y/LkRGkk7oHWKgeWAfKtfLItRp00eZ4fcJNK9kCaSMmEugoZWcI7NGbZXzqFWqbpRI7NcDP9+WIQ+i9U5vqWsqd/zng4kbuAJ6UuKqIzB0upYrLShfQE3SAck8oaLhJqqq56VfDuASNpJKidV+zq27HfSBmbXnkR/5AK337dc3MXKJypoK/QPMLKUAP5XLPbs+NddJQV7EZXd29DLgp+fRIg3edpKdO7ZErWhv7d+3Kws+e1Y+ypmR2WIVSwVyBEUfgv2C8Ts9gnTF4pNcEY/S2aBicz5Ew2+jdyGNQQ==
      test@example.com\\n"}]}}, "secrets": []}, "networkProfile": {"networkInterfaces":
      [{"id": "/subscriptions/00000000-0000-0000-0000-000000000000/resourceGroups/cli_test_multi_nic_vm000001/providers/Microsoft.Network/networkInterfaces/nic1",
      "properties": {"primary": true}}, {"id": "/subscriptions/00000000-0000-0000-0000-000000000000/resourceGroups/cli_test_multi_nic_vm000001/providers/Microsoft.Network/networkInterfaces/nic2",
      "properties": {"primary": false}}, {"id": "/subscriptions/00000000-0000-0000-0000-000000000000/resourceGroups/cli_test_multi_nic_vm000001/providers/Microsoft.Network/networkInterfaces/nic3",
      "properties": {"primary": false}}, {"id": "/subscriptions/00000000-0000-0000-0000-000000000000/resourceGroups/cli_test_multi_nic_vm000001/providers/Microsoft.Network/networkInterfaces/nic4",
      "properties": {"primary": false}}]}}}'''
    headers:
      Accept: [application/json]
      Accept-Encoding: ['gzip, deflate']
      CommandName: [vm nic add]
      Connection: [keep-alive]
      Content-Length: ['2631']
      Content-Type: [application/json; charset=utf-8]
      User-Agent: [python/3.6.4 (Linux-4.11.0-1016-azure-x86_64-with-debian-9.3) requests/2.18.4
          msrest/0.4.26 msrest_azure/0.4.22 computemanagementclient/3.1.0rc3 Azure-SDK-For-Python
          AZURECLI/2.0.29.dev20180305185410.dev20180305185935]
      accept-language: [en-US]
    method: PUT
    uri: https://management.azure.com/subscriptions/00000000-0000-0000-0000-000000000000/resourceGroups/cli_test_multi_nic_vm000001/providers/Microsoft.Compute/virtualMachines/multinicvm1?api-version=2017-12-01
  response:
    body: {string: "{\r\n  \"properties\": {\r\n    \"vmId\": \"d1d1cb05-70b0-43f0-b516-719282e8aaaa\",\r\n
        \   \"hardwareProfile\": {\r\n      \"vmSize\": \"Standard_DS3\"\r\n    },\r\n
        \   \"storageProfile\": {\r\n      \"imageReference\": {\r\n        \"publisher\":
        \"Canonical\",\r\n        \"offer\": \"UbuntuServer\",\r\n        \"sku\":
        \"16.04-LTS\",\r\n        \"version\": \"latest\"\r\n      },\r\n      \"osDisk\":
        {\r\n        \"osType\": \"Linux\",\r\n        \"name\": \"multinicvm1_OsDisk_1_a2e43585f6794f438ac3b76c719535f3\",\r\n
        \       \"createOption\": \"FromImage\",\r\n        \"caching\": \"ReadWrite\",\r\n
        \       \"managedDisk\": {\r\n          \"id\": \"/subscriptions/00000000-0000-0000-0000-000000000000/resourceGroups/cli_test_multi_nic_vm000001/providers/Microsoft.Compute/disks/multinicvm1_OsDisk_1_a2e43585f6794f438ac3b76c719535f3\"\r\n
        \       }\r\n      },\r\n      \"dataDisks\": []\r\n    },\r\n    \"osProfile\":
        {\r\n      \"computerName\": \"multinicvm1\",\r\n      \"adminUsername\":
        \"user11\",\r\n      \"linuxConfiguration\": {\r\n        \"disablePasswordAuthentication\":
        true,\r\n        \"ssh\": {\r\n          \"publicKeys\": [\r\n            {\r\n
        \             \"path\": \"/home/user11/.ssh/authorized_keys\",\r\n              \"keyData\":
        \"ssh-rsa AAAAB3NzaC1yc2EAAAADAQABAAACAQCbIg1guRHbI0lV11wWDt1r2cUdcNd27CJsg+SfgC7miZeubtwUhbsPdhMQsfDyhOWHq1+ZL0M+nJZV63d/1dhmhtgyOqejUwrPlzKhydsbrsdUor+JmNJDdW01v7BXHyuymT8G4s09jCasNOwiufbP/qp72ruu0bIA1nySsvlf9pCQAuFkAnVnf/rFhUlOkhtRpwcq8SUNY2zRHR/EKb/4NWY1JzR4sa3q2fWIJdrrX0DvLoa5g9bIEd4Df79ba7v+yiUBOS0zT2ll+z4g9izHK3EO5d8hL4jYxcjKs+wcslSYRWrascfscLgMlMGh0CdKeNTDjHpGPncaf3Z+FwwwjWeuiNBxv7bJo13/8B/098KlVDl4GZqsoBCEjPyJfV6hO0y/LkRGkk7oHWKgeWAfKtfLItRp00eZ4fcJNK9kCaSMmEugoZWcI7NGbZXzqFWqbpRI7NcDP9+WIQ+i9U5vqWsqd/zng4kbuAJ6UuKqIzB0upYrLShfQE3SAck8oaLhJqqq56VfDuASNpJKidV+zq27HfSBmbXnkR/5AK337dc3MXKJypoK/QPMLKUAP5XLPbs+NddJQV7EZXd29DLgp+fRIg3edpKdO7ZErWhv7d+3Kws+e1Y+ypmR2WIVSwVyBEUfgv2C8Ts9gnTF4pNcEY/S2aBicz5Ew2+jdyGNQQ==
        test@example.com\\n\"\r\n            }\r\n          ]\r\n        }\r\n      },\r\n
        \     \"secrets\": []\r\n    },\r\n    \"networkProfile\": {\"networkInterfaces\":[{\"id\":\"/subscriptions/00000000-0000-0000-0000-000000000000/resourceGroups/cli_test_multi_nic_vm000001/providers/Microsoft.Network/networkInterfaces/nic1\",\"properties\":{\"primary\":true}},{\"id\":\"/subscriptions/00000000-0000-0000-0000-000000000000/resourceGroups/cli_test_multi_nic_vm000001/providers/Microsoft.Network/networkInterfaces/nic2\",\"properties\":{\"primary\":false}},{\"id\":\"/subscriptions/00000000-0000-0000-0000-000000000000/resourceGroups/cli_test_multi_nic_vm000001/providers/Microsoft.Network/networkInterfaces/nic3\",\"properties\":{\"primary\":false}},{\"id\":\"/subscriptions/00000000-0000-0000-0000-000000000000/resourceGroups/cli_test_multi_nic_vm000001/providers/Microsoft.Network/networkInterfaces/nic4\",\"properties\":{\"primary\":false}}]},\r\n
        \   \"provisioningState\": \"Updating\"\r\n  },\r\n  \"type\": \"Microsoft.Compute/virtualMachines\",\r\n
        \ \"location\": \"westus\",\r\n  \"tags\": {},\r\n  \"id\": \"/subscriptions/00000000-0000-0000-0000-000000000000/resourceGroups/cli_test_multi_nic_vm000001/providers/Microsoft.Compute/virtualMachines/multinicvm1\",\r\n
        \ \"name\": \"multinicvm1\"\r\n}"}
    headers:
      azure-asyncoperation: ['https://management.azure.com/subscriptions/00000000-0000-0000-0000-000000000000/providers/Microsoft.Compute/locations/westus/operations/88ba85f9-cbce-427b-a622-45bb81ff997f?api-version=2017-12-01']
      cache-control: [no-cache]
      content-length: ['3342']
      content-type: [application/json; charset=utf-8]
      date: ['Mon, 05 Mar 2018 20:17:59 GMT']
      expires: ['-1']
      pragma: [no-cache]
      server: [Microsoft-HTTPAPI/2.0, Microsoft-HTTPAPI/2.0]
      strict-transport-security: [max-age=31536000; includeSubDomains]
      transfer-encoding: [chunked]
      vary: [Accept-Encoding]
      x-content-type-options: [nosniff]
      x-ms-ratelimit-remaining-resource: ['Microsoft.Compute/PutVM3Min;236,Microsoft.Compute/PutVM30Min;1140']
      x-ms-ratelimit-remaining-subscription-writes: ['1160']
    status: {code: 200, message: OK}
- request:
    body: null
    headers:
      Accept: [application/json]
      Accept-Encoding: ['gzip, deflate']
      CommandName: [vm nic add]
      Connection: [keep-alive]
      User-Agent: [python/3.6.4 (Linux-4.11.0-1016-azure-x86_64-with-debian-9.3) requests/2.18.4
          msrest/0.4.26 msrest_azure/0.4.22 computemanagementclient/3.1.0rc3 Azure-SDK-For-Python
          AZURECLI/2.0.29.dev20180305185410.dev20180305185935]
    method: GET
    uri: https://management.azure.com/subscriptions/00000000-0000-0000-0000-000000000000/providers/Microsoft.Compute/locations/westus/operations/88ba85f9-cbce-427b-a622-45bb81ff997f?api-version=2017-12-01
  response:
    body: {string: "{\r\n  \"startTime\": \"2018-03-05T20:18:00.0161697+00:00\",\r\n
        \ \"endTime\": \"2018-03-05T20:18:02.0318945+00:00\",\r\n  \"status\": \"Succeeded\",\r\n
        \ \"name\": \"88ba85f9-cbce-427b-a622-45bb81ff997f\"\r\n}"}
    headers:
      cache-control: [no-cache]
      content-length: ['184']
      content-type: [application/json; charset=utf-8]
      date: ['Mon, 05 Mar 2018 20:18:30 GMT']
      expires: ['-1']
      pragma: [no-cache]
      server: [Microsoft-HTTPAPI/2.0, Microsoft-HTTPAPI/2.0]
      strict-transport-security: [max-age=31536000; includeSubDomains]
      transfer-encoding: [chunked]
      vary: [Accept-Encoding]
      x-content-type-options: [nosniff]
      x-ms-ratelimit-remaining-resource: ['Microsoft.Compute/GetOperation3Min;11856,Microsoft.Compute/GetOperation30Min;22891']
    status: {code: 200, message: OK}
- request:
    body: null
    headers:
      Accept: [application/json]
      Accept-Encoding: ['gzip, deflate']
      CommandName: [vm nic add]
      Connection: [keep-alive]
      User-Agent: [python/3.6.4 (Linux-4.11.0-1016-azure-x86_64-with-debian-9.3) requests/2.18.4
          msrest/0.4.26 msrest_azure/0.4.22 computemanagementclient/3.1.0rc3 Azure-SDK-For-Python
          AZURECLI/2.0.29.dev20180305185410.dev20180305185935]
    method: GET
    uri: https://management.azure.com/subscriptions/00000000-0000-0000-0000-000000000000/resourceGroups/cli_test_multi_nic_vm000001/providers/Microsoft.Compute/virtualMachines/multinicvm1?api-version=2017-12-01
  response:
    body: {string: "{\r\n  \"properties\": {\r\n    \"vmId\": \"d1d1cb05-70b0-43f0-b516-719282e8aaaa\",\r\n
        \   \"hardwareProfile\": {\r\n      \"vmSize\": \"Standard_DS3\"\r\n    },\r\n
        \   \"storageProfile\": {\r\n      \"imageReference\": {\r\n        \"publisher\":
        \"Canonical\",\r\n        \"offer\": \"UbuntuServer\",\r\n        \"sku\":
        \"16.04-LTS\",\r\n        \"version\": \"latest\"\r\n      },\r\n      \"osDisk\":
        {\r\n        \"osType\": \"Linux\",\r\n        \"name\": \"multinicvm1_OsDisk_1_a2e43585f6794f438ac3b76c719535f3\",\r\n
        \       \"createOption\": \"FromImage\",\r\n        \"caching\": \"ReadWrite\",\r\n
        \       \"managedDisk\": {\r\n          \"id\": \"/subscriptions/00000000-0000-0000-0000-000000000000/resourceGroups/cli_test_multi_nic_vm000001/providers/Microsoft.Compute/disks/multinicvm1_OsDisk_1_a2e43585f6794f438ac3b76c719535f3\"\r\n
        \       }\r\n      },\r\n      \"dataDisks\": []\r\n    },\r\n    \"osProfile\":
        {\r\n      \"computerName\": \"multinicvm1\",\r\n      \"adminUsername\":
        \"user11\",\r\n      \"linuxConfiguration\": {\r\n        \"disablePasswordAuthentication\":
        true,\r\n        \"ssh\": {\r\n          \"publicKeys\": [\r\n            {\r\n
        \             \"path\": \"/home/user11/.ssh/authorized_keys\",\r\n              \"keyData\":
        \"ssh-rsa AAAAB3NzaC1yc2EAAAADAQABAAACAQCbIg1guRHbI0lV11wWDt1r2cUdcNd27CJsg+SfgC7miZeubtwUhbsPdhMQsfDyhOWHq1+ZL0M+nJZV63d/1dhmhtgyOqejUwrPlzKhydsbrsdUor+JmNJDdW01v7BXHyuymT8G4s09jCasNOwiufbP/qp72ruu0bIA1nySsvlf9pCQAuFkAnVnf/rFhUlOkhtRpwcq8SUNY2zRHR/EKb/4NWY1JzR4sa3q2fWIJdrrX0DvLoa5g9bIEd4Df79ba7v+yiUBOS0zT2ll+z4g9izHK3EO5d8hL4jYxcjKs+wcslSYRWrascfscLgMlMGh0CdKeNTDjHpGPncaf3Z+FwwwjWeuiNBxv7bJo13/8B/098KlVDl4GZqsoBCEjPyJfV6hO0y/LkRGkk7oHWKgeWAfKtfLItRp00eZ4fcJNK9kCaSMmEugoZWcI7NGbZXzqFWqbpRI7NcDP9+WIQ+i9U5vqWsqd/zng4kbuAJ6UuKqIzB0upYrLShfQE3SAck8oaLhJqqq56VfDuASNpJKidV+zq27HfSBmbXnkR/5AK337dc3MXKJypoK/QPMLKUAP5XLPbs+NddJQV7EZXd29DLgp+fRIg3edpKdO7ZErWhv7d+3Kws+e1Y+ypmR2WIVSwVyBEUfgv2C8Ts9gnTF4pNcEY/S2aBicz5Ew2+jdyGNQQ==
        test@example.com\\n\"\r\n            }\r\n          ]\r\n        }\r\n      },\r\n
        \     \"secrets\": []\r\n    },\r\n    \"networkProfile\": {\"networkInterfaces\":[{\"id\":\"/subscriptions/00000000-0000-0000-0000-000000000000/resourceGroups/cli_test_multi_nic_vm000001/providers/Microsoft.Network/networkInterfaces/nic1\",\"properties\":{\"primary\":true}},{\"id\":\"/subscriptions/00000000-0000-0000-0000-000000000000/resourceGroups/cli_test_multi_nic_vm000001/providers/Microsoft.Network/networkInterfaces/nic2\",\"properties\":{\"primary\":false}},{\"id\":\"/subscriptions/00000000-0000-0000-0000-000000000000/resourceGroups/cli_test_multi_nic_vm000001/providers/Microsoft.Network/networkInterfaces/nic3\",\"properties\":{\"primary\":false}},{\"id\":\"/subscriptions/00000000-0000-0000-0000-000000000000/resourceGroups/cli_test_multi_nic_vm000001/providers/Microsoft.Network/networkInterfaces/nic4\",\"properties\":{\"primary\":false}}]},\r\n
        \   \"provisioningState\": \"Succeeded\"\r\n  },\r\n  \"type\": \"Microsoft.Compute/virtualMachines\",\r\n
        \ \"location\": \"westus\",\r\n  \"tags\": {},\r\n  \"id\": \"/subscriptions/00000000-0000-0000-0000-000000000000/resourceGroups/cli_test_multi_nic_vm000001/providers/Microsoft.Compute/virtualMachines/multinicvm1\",\r\n
        \ \"name\": \"multinicvm1\"\r\n}"}
    headers:
      cache-control: [no-cache]
      content-length: ['3343']
      content-type: [application/json; charset=utf-8]
      date: ['Mon, 05 Mar 2018 20:18:41 GMT']
      expires: ['-1']
      pragma: [no-cache]
      server: [Microsoft-HTTPAPI/2.0, Microsoft-HTTPAPI/2.0]
      strict-transport-security: [max-age=31536000; includeSubDomains]
      transfer-encoding: [chunked]
      vary: [Accept-Encoding]
      x-content-type-options: [nosniff]
      x-ms-ratelimit-remaining-resource: ['Microsoft.Compute/LowCostGet3Min;4739,Microsoft.Compute/LowCostGet30Min;37984']
    status: {code: 200, message: OK}
- request:
    body: null
    headers:
      Accept: [application/json]
      Accept-Encoding: ['gzip, deflate']
      CommandName: [vm nic set]
      Connection: [keep-alive]
      Content-Type: [application/json; charset=utf-8]
      User-Agent: [python/3.6.4 (Linux-4.11.0-1016-azure-x86_64-with-debian-9.3) requests/2.18.4
          msrest/0.4.26 msrest_azure/0.4.22 computemanagementclient/3.1.0rc3 Azure-SDK-For-Python
          AZURECLI/2.0.29.dev20180305185410.dev20180305185935]
      accept-language: [en-US]
    method: GET
    uri: https://management.azure.com/subscriptions/00000000-0000-0000-0000-000000000000/resourceGroups/cli_test_multi_nic_vm000001/providers/Microsoft.Compute/virtualMachines/multinicvm1?api-version=2017-12-01
  response:
    body: {string: "{\r\n  \"properties\": {\r\n    \"vmId\": \"d1d1cb05-70b0-43f0-b516-719282e8aaaa\",\r\n
        \   \"hardwareProfile\": {\r\n      \"vmSize\": \"Standard_DS3\"\r\n    },\r\n
        \   \"storageProfile\": {\r\n      \"imageReference\": {\r\n        \"publisher\":
        \"Canonical\",\r\n        \"offer\": \"UbuntuServer\",\r\n        \"sku\":
        \"16.04-LTS\",\r\n        \"version\": \"latest\"\r\n      },\r\n      \"osDisk\":
        {\r\n        \"osType\": \"Linux\",\r\n        \"name\": \"multinicvm1_OsDisk_1_a2e43585f6794f438ac3b76c719535f3\",\r\n
        \       \"createOption\": \"FromImage\",\r\n        \"caching\": \"ReadWrite\",\r\n
        \       \"managedDisk\": {\r\n          \"id\": \"/subscriptions/00000000-0000-0000-0000-000000000000/resourceGroups/cli_test_multi_nic_vm000001/providers/Microsoft.Compute/disks/multinicvm1_OsDisk_1_a2e43585f6794f438ac3b76c719535f3\"\r\n
        \       }\r\n      },\r\n      \"dataDisks\": []\r\n    },\r\n    \"osProfile\":
        {\r\n      \"computerName\": \"multinicvm1\",\r\n      \"adminUsername\":
        \"user11\",\r\n      \"linuxConfiguration\": {\r\n        \"disablePasswordAuthentication\":
        true,\r\n        \"ssh\": {\r\n          \"publicKeys\": [\r\n            {\r\n
        \             \"path\": \"/home/user11/.ssh/authorized_keys\",\r\n              \"keyData\":
        \"ssh-rsa AAAAB3NzaC1yc2EAAAADAQABAAACAQCbIg1guRHbI0lV11wWDt1r2cUdcNd27CJsg+SfgC7miZeubtwUhbsPdhMQsfDyhOWHq1+ZL0M+nJZV63d/1dhmhtgyOqejUwrPlzKhydsbrsdUor+JmNJDdW01v7BXHyuymT8G4s09jCasNOwiufbP/qp72ruu0bIA1nySsvlf9pCQAuFkAnVnf/rFhUlOkhtRpwcq8SUNY2zRHR/EKb/4NWY1JzR4sa3q2fWIJdrrX0DvLoa5g9bIEd4Df79ba7v+yiUBOS0zT2ll+z4g9izHK3EO5d8hL4jYxcjKs+wcslSYRWrascfscLgMlMGh0CdKeNTDjHpGPncaf3Z+FwwwjWeuiNBxv7bJo13/8B/098KlVDl4GZqsoBCEjPyJfV6hO0y/LkRGkk7oHWKgeWAfKtfLItRp00eZ4fcJNK9kCaSMmEugoZWcI7NGbZXzqFWqbpRI7NcDP9+WIQ+i9U5vqWsqd/zng4kbuAJ6UuKqIzB0upYrLShfQE3SAck8oaLhJqqq56VfDuASNpJKidV+zq27HfSBmbXnkR/5AK337dc3MXKJypoK/QPMLKUAP5XLPbs+NddJQV7EZXd29DLgp+fRIg3edpKdO7ZErWhv7d+3Kws+e1Y+ypmR2WIVSwVyBEUfgv2C8Ts9gnTF4pNcEY/S2aBicz5Ew2+jdyGNQQ==
        test@example.com\\n\"\r\n            }\r\n          ]\r\n        }\r\n      },\r\n
        \     \"secrets\": []\r\n    },\r\n    \"networkProfile\": {\"networkInterfaces\":[{\"id\":\"/subscriptions/00000000-0000-0000-0000-000000000000/resourceGroups/cli_test_multi_nic_vm000001/providers/Microsoft.Network/networkInterfaces/nic1\",\"properties\":{\"primary\":true}},{\"id\":\"/subscriptions/00000000-0000-0000-0000-000000000000/resourceGroups/cli_test_multi_nic_vm000001/providers/Microsoft.Network/networkInterfaces/nic2\",\"properties\":{\"primary\":false}},{\"id\":\"/subscriptions/00000000-0000-0000-0000-000000000000/resourceGroups/cli_test_multi_nic_vm000001/providers/Microsoft.Network/networkInterfaces/nic3\",\"properties\":{\"primary\":false}},{\"id\":\"/subscriptions/00000000-0000-0000-0000-000000000000/resourceGroups/cli_test_multi_nic_vm000001/providers/Microsoft.Network/networkInterfaces/nic4\",\"properties\":{\"primary\":false}}]},\r\n
        \   \"provisioningState\": \"Succeeded\"\r\n  },\r\n  \"type\": \"Microsoft.Compute/virtualMachines\",\r\n
        \ \"location\": \"westus\",\r\n  \"tags\": {},\r\n  \"id\": \"/subscriptions/00000000-0000-0000-0000-000000000000/resourceGroups/cli_test_multi_nic_vm000001/providers/Microsoft.Compute/virtualMachines/multinicvm1\",\r\n
        \ \"name\": \"multinicvm1\"\r\n}"}
    headers:
      cache-control: [no-cache]
      content-length: ['3343']
      content-type: [application/json; charset=utf-8]
      date: ['Mon, 05 Mar 2018 20:18:52 GMT']
      expires: ['-1']
      pragma: [no-cache]
      server: [Microsoft-HTTPAPI/2.0, Microsoft-HTTPAPI/2.0]
      strict-transport-security: [max-age=31536000; includeSubDomains]
      transfer-encoding: [chunked]
      vary: [Accept-Encoding]
      x-content-type-options: [nosniff]
      x-ms-ratelimit-remaining-resource: ['Microsoft.Compute/LowCostGet3Min;4735,Microsoft.Compute/LowCostGet30Min;37980']
    status: {code: 200, message: OK}
- request:
    body: null
    headers:
      Accept: [application/json]
      Accept-Encoding: ['gzip, deflate']
      CommandName: [vm nic set]
      Connection: [keep-alive]
      Content-Type: [application/json; charset=utf-8]
      User-Agent: [python/3.6.4 (Linux-4.11.0-1016-azure-x86_64-with-debian-9.3) requests/2.18.4
          msrest/0.4.26 msrest_azure/0.4.22 networkmanagementclient/1.8.0a1 Azure-SDK-For-Python
          AZURECLI/2.0.29.dev20180305185410.dev20180305185935]
      accept-language: [en-US]
    method: GET
    uri: https://management.azure.com/subscriptions/00000000-0000-0000-0000-000000000000/resourceGroups/cli_test_multi_nic_vm000001/providers/Microsoft.Network/networkInterfaces/nic1?api-version=2018-01-01
  response:
    body: {string: "{\r\n  \"name\": \"nic1\",\r\n  \"id\": \"/subscriptions/00000000-0000-0000-0000-000000000000/resourceGroups/cli_test_multi_nic_vm000001/providers/Microsoft.Network/networkInterfaces/nic1\",\r\n
        \ \"etag\": \"W/\\\"0bba77d6-5995-44bc-b145-d4c5e74bcc80\\\"\",\r\n  \"location\":
        \"westus\",\r\n  \"properties\": {\r\n    \"provisioningState\": \"Succeeded\",\r\n
        \   \"resourceGuid\": \"40d61c8e-ea64-4803-85e1-654128f8967e\",\r\n    \"ipConfigurations\":
        [\r\n      {\r\n        \"name\": \"ipconfig1\",\r\n        \"id\": \"/subscriptions/00000000-0000-0000-0000-000000000000/resourceGroups/cli_test_multi_nic_vm000001/providers/Microsoft.Network/networkInterfaces/nic1/ipConfigurations/ipconfig1\",\r\n
        \       \"etag\": \"W/\\\"0bba77d6-5995-44bc-b145-d4c5e74bcc80\\\"\",\r\n
        \       \"properties\": {\r\n          \"provisioningState\": \"Succeeded\",\r\n
        \         \"privateIPAddress\": \"10.0.0.4\",\r\n          \"privateIPAllocationMethod\":
        \"Dynamic\",\r\n          \"subnet\": {\r\n            \"id\": \"/subscriptions/00000000-0000-0000-0000-000000000000/resourceGroups/cli_test_multi_nic_vm000001/providers/Microsoft.Network/virtualNetworks/myvnet/subnets/mysubnet\"\r\n
        \         },\r\n          \"primary\": true,\r\n          \"privateIPAddressVersion\":
        \"IPv4\"\r\n        }\r\n      }\r\n    ],\r\n    \"dnsSettings\": {\r\n      \"dnsServers\":
        [],\r\n      \"appliedDnsServers\": []\r\n    },\r\n    \"enableAcceleratedNetworking\":
        false,\r\n    \"enableIPForwarding\": false,\r\n    \"primary\": true,\r\n
        \   \"virtualMachine\": {\r\n      \"id\": \"/subscriptions/00000000-0000-0000-0000-000000000000/resourceGroups/cli_test_multi_nic_vm000001/providers/Microsoft.Compute/virtualMachines/multinicvm1\"\r\n
        \   },\r\n    \"virtualNetworkTapProvisioningState\": \"NotProvisioned\"\r\n
        \ },\r\n  \"type\": \"Microsoft.Network/networkInterfaces\"\r\n}"}
    headers:
      cache-control: [no-cache]
      content-length: ['1879']
      content-type: [application/json; charset=utf-8]
      date: ['Mon, 05 Mar 2018 20:18:54 GMT']
      etag: [W/"0bba77d6-5995-44bc-b145-d4c5e74bcc80"]
      expires: ['-1']
      pragma: [no-cache]
      server: [Microsoft-HTTPAPI/2.0, Microsoft-HTTPAPI/2.0]
      strict-transport-security: [max-age=31536000; includeSubDomains]
      transfer-encoding: [chunked]
      vary: [Accept-Encoding]
      x-content-type-options: [nosniff]
    status: {code: 200, message: OK}
- request:
    body: null
    headers:
      Accept: [application/json]
      Accept-Encoding: ['gzip, deflate']
      CommandName: [vm nic set]
      Connection: [keep-alive]
      Content-Type: [application/json; charset=utf-8]
      User-Agent: [python/3.6.4 (Linux-4.11.0-1016-azure-x86_64-with-debian-9.3) requests/2.18.4
          msrest/0.4.26 msrest_azure/0.4.22 networkmanagementclient/1.8.0a1 Azure-SDK-For-Python
          AZURECLI/2.0.29.dev20180305185410.dev20180305185935]
      accept-language: [en-US]
    method: GET
    uri: https://management.azure.com/subscriptions/00000000-0000-0000-0000-000000000000/resourceGroups/cli_test_multi_nic_vm000001/providers/Microsoft.Network/networkInterfaces/nic2?api-version=2018-01-01
  response:
    body: {string: "{\r\n  \"name\": \"nic2\",\r\n  \"id\": \"/subscriptions/00000000-0000-0000-0000-000000000000/resourceGroups/cli_test_multi_nic_vm000001/providers/Microsoft.Network/networkInterfaces/nic2\",\r\n
        \ \"etag\": \"W/\\\"a60655ce-8119-4b3a-a372-f43cce0a634b\\\"\",\r\n  \"location\":
        \"westus\",\r\n  \"properties\": {\r\n    \"provisioningState\": \"Succeeded\",\r\n
        \   \"resourceGuid\": \"20c45d84-9f48-462f-b3cc-0f686c063301\",\r\n    \"ipConfigurations\":
        [\r\n      {\r\n        \"name\": \"ipconfig1\",\r\n        \"id\": \"/subscriptions/00000000-0000-0000-0000-000000000000/resourceGroups/cli_test_multi_nic_vm000001/providers/Microsoft.Network/networkInterfaces/nic2/ipConfigurations/ipconfig1\",\r\n
        \       \"etag\": \"W/\\\"a60655ce-8119-4b3a-a372-f43cce0a634b\\\"\",\r\n
        \       \"properties\": {\r\n          \"provisioningState\": \"Succeeded\",\r\n
        \         \"privateIPAddress\": \"10.0.0.5\",\r\n          \"privateIPAllocationMethod\":
        \"Dynamic\",\r\n          \"subnet\": {\r\n            \"id\": \"/subscriptions/00000000-0000-0000-0000-000000000000/resourceGroups/cli_test_multi_nic_vm000001/providers/Microsoft.Network/virtualNetworks/myvnet/subnets/mysubnet\"\r\n
        \         },\r\n          \"primary\": true,\r\n          \"privateIPAddressVersion\":
        \"IPv4\"\r\n        }\r\n      }\r\n    ],\r\n    \"dnsSettings\": {\r\n      \"dnsServers\":
        [],\r\n      \"appliedDnsServers\": []\r\n    },\r\n    \"enableAcceleratedNetworking\":
        false,\r\n    \"enableIPForwarding\": false,\r\n    \"primary\": false,\r\n
        \   \"virtualMachine\": {\r\n      \"id\": \"/subscriptions/00000000-0000-0000-0000-000000000000/resourceGroups/cli_test_multi_nic_vm000001/providers/Microsoft.Compute/virtualMachines/multinicvm1\"\r\n
        \   },\r\n    \"virtualNetworkTapProvisioningState\": \"NotProvisioned\"\r\n
        \ },\r\n  \"type\": \"Microsoft.Network/networkInterfaces\"\r\n}"}
    headers:
      cache-control: [no-cache]
      content-length: ['1880']
      content-type: [application/json; charset=utf-8]
      date: ['Mon, 05 Mar 2018 20:18:55 GMT']
      etag: [W/"a60655ce-8119-4b3a-a372-f43cce0a634b"]
      expires: ['-1']
      pragma: [no-cache]
      server: [Microsoft-HTTPAPI/2.0, Microsoft-HTTPAPI/2.0]
      strict-transport-security: [max-age=31536000; includeSubDomains]
      transfer-encoding: [chunked]
      vary: [Accept-Encoding]
      x-content-type-options: [nosniff]
    status: {code: 200, message: OK}
- request:
    body: 'b''{"location": "westus", "tags": {}, "properties": {"hardwareProfile":
      {"vmSize": "Standard_DS3"}, "storageProfile": {"imageReference": {"publisher":
      "Canonical", "offer": "UbuntuServer", "sku": "16.04-LTS", "version": "latest"},
      "osDisk": {"osType": "Linux", "name": "multinicvm1_OsDisk_1_a2e43585f6794f438ac3b76c719535f3",
      "caching": "ReadWrite", "createOption": "FromImage", "managedDisk": {"id": "/subscriptions/00000000-0000-0000-0000-000000000000/resourceGroups/cli_test_multi_nic_vm000001/providers/Microsoft.Compute/disks/multinicvm1_OsDisk_1_a2e43585f6794f438ac3b76c719535f3"}},
      "dataDisks": []}, "osProfile": {"computerName": "multinicvm1", "adminUsername":
      "user11", "linuxConfiguration": {"disablePasswordAuthentication": true, "ssh":
      {"publicKeys": [{"path": "/home/user11/.ssh/authorized_keys", "keyData": "ssh-rsa
      AAAAB3NzaC1yc2EAAAADAQABAAACAQCbIg1guRHbI0lV11wWDt1r2cUdcNd27CJsg+SfgC7miZeubtwUhbsPdhMQsfDyhOWHq1+ZL0M+nJZV63d/1dhmhtgyOqejUwrPlzKhydsbrsdUor+JmNJDdW01v7BXHyuymT8G4s09jCasNOwiufbP/qp72ruu0bIA1nySsvlf9pCQAuFkAnVnf/rFhUlOkhtRpwcq8SUNY2zRHR/EKb/4NWY1JzR4sa3q2fWIJdrrX0DvLoa5g9bIEd4Df79ba7v+yiUBOS0zT2ll+z4g9izHK3EO5d8hL4jYxcjKs+wcslSYRWrascfscLgMlMGh0CdKeNTDjHpGPncaf3Z+FwwwjWeuiNBxv7bJo13/8B/098KlVDl4GZqsoBCEjPyJfV6hO0y/LkRGkk7oHWKgeWAfKtfLItRp00eZ4fcJNK9kCaSMmEugoZWcI7NGbZXzqFWqbpRI7NcDP9+WIQ+i9U5vqWsqd/zng4kbuAJ6UuKqIzB0upYrLShfQE3SAck8oaLhJqqq56VfDuASNpJKidV+zq27HfSBmbXnkR/5AK337dc3MXKJypoK/QPMLKUAP5XLPbs+NddJQV7EZXd29DLgp+fRIg3edpKdO7ZErWhv7d+3Kws+e1Y+ypmR2WIVSwVyBEUfgv2C8Ts9gnTF4pNcEY/S2aBicz5Ew2+jdyGNQQ==
      test@example.com\\n"}]}}, "secrets": []}, "networkProfile": {"networkInterfaces":
      [{"id": "/subscriptions/00000000-0000-0000-0000-000000000000/resourceGroups/cli_test_multi_nic_vm000001/providers/Microsoft.Network/networkInterfaces/nic1",
      "properties": {"primary": false}}, {"id": "/subscriptions/00000000-0000-0000-0000-000000000000/resourceGroups/cli_test_multi_nic_vm000001/providers/Microsoft.Network/networkInterfaces/nic2",
      "properties": {"primary": true}}]}}}'''
    headers:
      Accept: [application/json]
      Accept-Encoding: ['gzip, deflate']
      CommandName: [vm nic set]
      Connection: [keep-alive]
      Content-Length: ['2153']
      Content-Type: [application/json; charset=utf-8]
      User-Agent: [python/3.6.4 (Linux-4.11.0-1016-azure-x86_64-with-debian-9.3) requests/2.18.4
          msrest/0.4.26 msrest_azure/0.4.22 computemanagementclient/3.1.0rc3 Azure-SDK-For-Python
          AZURECLI/2.0.29.dev20180305185410.dev20180305185935]
      accept-language: [en-US]
    method: PUT
    uri: https://management.azure.com/subscriptions/00000000-0000-0000-0000-000000000000/resourceGroups/cli_test_multi_nic_vm000001/providers/Microsoft.Compute/virtualMachines/multinicvm1?api-version=2017-12-01
  response:
    body: {string: "{\r\n  \"properties\": {\r\n    \"vmId\": \"d1d1cb05-70b0-43f0-b516-719282e8aaaa\",\r\n
        \   \"hardwareProfile\": {\r\n      \"vmSize\": \"Standard_DS3\"\r\n    },\r\n
        \   \"storageProfile\": {\r\n      \"imageReference\": {\r\n        \"publisher\":
        \"Canonical\",\r\n        \"offer\": \"UbuntuServer\",\r\n        \"sku\":
        \"16.04-LTS\",\r\n        \"version\": \"latest\"\r\n      },\r\n      \"osDisk\":
        {\r\n        \"osType\": \"Linux\",\r\n        \"name\": \"multinicvm1_OsDisk_1_a2e43585f6794f438ac3b76c719535f3\",\r\n
        \       \"createOption\": \"FromImage\",\r\n        \"caching\": \"ReadWrite\",\r\n
        \       \"managedDisk\": {\r\n          \"id\": \"/subscriptions/00000000-0000-0000-0000-000000000000/resourceGroups/cli_test_multi_nic_vm000001/providers/Microsoft.Compute/disks/multinicvm1_OsDisk_1_a2e43585f6794f438ac3b76c719535f3\"\r\n
        \       }\r\n      },\r\n      \"dataDisks\": []\r\n    },\r\n    \"osProfile\":
        {\r\n      \"computerName\": \"multinicvm1\",\r\n      \"adminUsername\":
        \"user11\",\r\n      \"linuxConfiguration\": {\r\n        \"disablePasswordAuthentication\":
        true,\r\n        \"ssh\": {\r\n          \"publicKeys\": [\r\n            {\r\n
        \             \"path\": \"/home/user11/.ssh/authorized_keys\",\r\n              \"keyData\":
        \"ssh-rsa AAAAB3NzaC1yc2EAAAADAQABAAACAQCbIg1guRHbI0lV11wWDt1r2cUdcNd27CJsg+SfgC7miZeubtwUhbsPdhMQsfDyhOWHq1+ZL0M+nJZV63d/1dhmhtgyOqejUwrPlzKhydsbrsdUor+JmNJDdW01v7BXHyuymT8G4s09jCasNOwiufbP/qp72ruu0bIA1nySsvlf9pCQAuFkAnVnf/rFhUlOkhtRpwcq8SUNY2zRHR/EKb/4NWY1JzR4sa3q2fWIJdrrX0DvLoa5g9bIEd4Df79ba7v+yiUBOS0zT2ll+z4g9izHK3EO5d8hL4jYxcjKs+wcslSYRWrascfscLgMlMGh0CdKeNTDjHpGPncaf3Z+FwwwjWeuiNBxv7bJo13/8B/098KlVDl4GZqsoBCEjPyJfV6hO0y/LkRGkk7oHWKgeWAfKtfLItRp00eZ4fcJNK9kCaSMmEugoZWcI7NGbZXzqFWqbpRI7NcDP9+WIQ+i9U5vqWsqd/zng4kbuAJ6UuKqIzB0upYrLShfQE3SAck8oaLhJqqq56VfDuASNpJKidV+zq27HfSBmbXnkR/5AK337dc3MXKJypoK/QPMLKUAP5XLPbs+NddJQV7EZXd29DLgp+fRIg3edpKdO7ZErWhv7d+3Kws+e1Y+ypmR2WIVSwVyBEUfgv2C8Ts9gnTF4pNcEY/S2aBicz5Ew2+jdyGNQQ==
        test@example.com\\n\"\r\n            }\r\n          ]\r\n        }\r\n      },\r\n
        \     \"secrets\": []\r\n    },\r\n    \"networkProfile\": {\"networkInterfaces\":[{\"id\":\"/subscriptions/00000000-0000-0000-0000-000000000000/resourceGroups/cli_test_multi_nic_vm000001/providers/Microsoft.Network/networkInterfaces/nic1\",\"properties\":{\"primary\":false}},{\"id\":\"/subscriptions/00000000-0000-0000-0000-000000000000/resourceGroups/cli_test_multi_nic_vm000001/providers/Microsoft.Network/networkInterfaces/nic2\",\"properties\":{\"primary\":true}}]},\r\n
        \   \"provisioningState\": \"Updating\"\r\n  },\r\n  \"type\": \"Microsoft.Compute/virtualMachines\",\r\n
        \ \"location\": \"westus\",\r\n  \"tags\": {},\r\n  \"id\": \"/subscriptions/00000000-0000-0000-0000-000000000000/resourceGroups/cli_test_multi_nic_vm000001/providers/Microsoft.Compute/virtualMachines/multinicvm1\",\r\n
        \ \"name\": \"multinicvm1\"\r\n}"}
    headers:
      azure-asyncoperation: ['https://management.azure.com/subscriptions/00000000-0000-0000-0000-000000000000/providers/Microsoft.Compute/locations/westus/operations/bd54e5c7-1676-4545-bd4d-444cc1711650?api-version=2017-12-01']
      cache-control: [no-cache]
      content-length: ['2874']
      content-type: [application/json; charset=utf-8]
      date: ['Mon, 05 Mar 2018 20:19:00 GMT']
      expires: ['-1']
      pragma: [no-cache]
      server: [Microsoft-HTTPAPI/2.0, Microsoft-HTTPAPI/2.0]
      strict-transport-security: [max-age=31536000; includeSubDomains]
      transfer-encoding: [chunked]
      vary: [Accept-Encoding]
      x-content-type-options: [nosniff]
      x-ms-ratelimit-remaining-resource: ['Microsoft.Compute/PutVM3Min;233,Microsoft.Compute/PutVM30Min;1137']
      x-ms-ratelimit-remaining-subscription-writes: ['1165']
    status: {code: 200, message: OK}
- request:
    body: null
    headers:
      Accept: [application/json]
      Accept-Encoding: ['gzip, deflate']
      CommandName: [vm nic set]
      Connection: [keep-alive]
      User-Agent: [python/3.6.4 (Linux-4.11.0-1016-azure-x86_64-with-debian-9.3) requests/2.18.4
          msrest/0.4.26 msrest_azure/0.4.22 computemanagementclient/3.1.0rc3 Azure-SDK-For-Python
          AZURECLI/2.0.29.dev20180305185410.dev20180305185935]
    method: GET
    uri: https://management.azure.com/subscriptions/00000000-0000-0000-0000-000000000000/providers/Microsoft.Compute/locations/westus/operations/bd54e5c7-1676-4545-bd4d-444cc1711650?api-version=2017-12-01
  response:
    body: {string: "{\r\n  \"startTime\": \"2018-03-05T20:19:01.0710712+00:00\",\r\n
        \ \"endTime\": \"2018-03-05T20:19:02.7898959+00:00\",\r\n  \"status\": \"Succeeded\",\r\n
        \ \"name\": \"bd54e5c7-1676-4545-bd4d-444cc1711650\"\r\n}"}
    headers:
      cache-control: [no-cache]
      content-length: ['184']
      content-type: [application/json; charset=utf-8]
      date: ['Mon, 05 Mar 2018 20:19:32 GMT']
      expires: ['-1']
      pragma: [no-cache]
      server: [Microsoft-HTTPAPI/2.0, Microsoft-HTTPAPI/2.0]
      strict-transport-security: [max-age=31536000; includeSubDomains]
      transfer-encoding: [chunked]
      vary: [Accept-Encoding]
      x-content-type-options: [nosniff]
      x-ms-ratelimit-remaining-resource: ['Microsoft.Compute/GetOperation3Min;11888,Microsoft.Compute/GetOperation30Min;22853']
    status: {code: 200, message: OK}
- request:
    body: null
    headers:
      Accept: [application/json]
      Accept-Encoding: ['gzip, deflate']
      CommandName: [vm nic set]
      Connection: [keep-alive]
      User-Agent: [python/3.6.4 (Linux-4.11.0-1016-azure-x86_64-with-debian-9.3) requests/2.18.4
          msrest/0.4.26 msrest_azure/0.4.22 computemanagementclient/3.1.0rc3 Azure-SDK-For-Python
          AZURECLI/2.0.29.dev20180305185410.dev20180305185935]
    method: GET
    uri: https://management.azure.com/subscriptions/00000000-0000-0000-0000-000000000000/resourceGroups/cli_test_multi_nic_vm000001/providers/Microsoft.Compute/virtualMachines/multinicvm1?api-version=2017-12-01
  response:
    body: {string: "{\r\n  \"properties\": {\r\n    \"vmId\": \"d1d1cb05-70b0-43f0-b516-719282e8aaaa\",\r\n
        \   \"hardwareProfile\": {\r\n      \"vmSize\": \"Standard_DS3\"\r\n    },\r\n
        \   \"storageProfile\": {\r\n      \"imageReference\": {\r\n        \"publisher\":
        \"Canonical\",\r\n        \"offer\": \"UbuntuServer\",\r\n        \"sku\":
        \"16.04-LTS\",\r\n        \"version\": \"latest\"\r\n      },\r\n      \"osDisk\":
        {\r\n        \"osType\": \"Linux\",\r\n        \"name\": \"multinicvm1_OsDisk_1_a2e43585f6794f438ac3b76c719535f3\",\r\n
        \       \"createOption\": \"FromImage\",\r\n        \"caching\": \"ReadWrite\",\r\n
        \       \"managedDisk\": {\r\n          \"id\": \"/subscriptions/00000000-0000-0000-0000-000000000000/resourceGroups/cli_test_multi_nic_vm000001/providers/Microsoft.Compute/disks/multinicvm1_OsDisk_1_a2e43585f6794f438ac3b76c719535f3\"\r\n
        \       }\r\n      },\r\n      \"dataDisks\": []\r\n    },\r\n    \"osProfile\":
        {\r\n      \"computerName\": \"multinicvm1\",\r\n      \"adminUsername\":
        \"user11\",\r\n      \"linuxConfiguration\": {\r\n        \"disablePasswordAuthentication\":
        true,\r\n        \"ssh\": {\r\n          \"publicKeys\": [\r\n            {\r\n
        \             \"path\": \"/home/user11/.ssh/authorized_keys\",\r\n              \"keyData\":
        \"ssh-rsa AAAAB3NzaC1yc2EAAAADAQABAAACAQCbIg1guRHbI0lV11wWDt1r2cUdcNd27CJsg+SfgC7miZeubtwUhbsPdhMQsfDyhOWHq1+ZL0M+nJZV63d/1dhmhtgyOqejUwrPlzKhydsbrsdUor+JmNJDdW01v7BXHyuymT8G4s09jCasNOwiufbP/qp72ruu0bIA1nySsvlf9pCQAuFkAnVnf/rFhUlOkhtRpwcq8SUNY2zRHR/EKb/4NWY1JzR4sa3q2fWIJdrrX0DvLoa5g9bIEd4Df79ba7v+yiUBOS0zT2ll+z4g9izHK3EO5d8hL4jYxcjKs+wcslSYRWrascfscLgMlMGh0CdKeNTDjHpGPncaf3Z+FwwwjWeuiNBxv7bJo13/8B/098KlVDl4GZqsoBCEjPyJfV6hO0y/LkRGkk7oHWKgeWAfKtfLItRp00eZ4fcJNK9kCaSMmEugoZWcI7NGbZXzqFWqbpRI7NcDP9+WIQ+i9U5vqWsqd/zng4kbuAJ6UuKqIzB0upYrLShfQE3SAck8oaLhJqqq56VfDuASNpJKidV+zq27HfSBmbXnkR/5AK337dc3MXKJypoK/QPMLKUAP5XLPbs+NddJQV7EZXd29DLgp+fRIg3edpKdO7ZErWhv7d+3Kws+e1Y+ypmR2WIVSwVyBEUfgv2C8Ts9gnTF4pNcEY/S2aBicz5Ew2+jdyGNQQ==
        test@example.com\\n\"\r\n            }\r\n          ]\r\n        }\r\n      },\r\n
        \     \"secrets\": []\r\n    },\r\n    \"networkProfile\": {\"networkInterfaces\":[{\"id\":\"/subscriptions/00000000-0000-0000-0000-000000000000/resourceGroups/cli_test_multi_nic_vm000001/providers/Microsoft.Network/networkInterfaces/nic1\",\"properties\":{\"primary\":false}},{\"id\":\"/subscriptions/00000000-0000-0000-0000-000000000000/resourceGroups/cli_test_multi_nic_vm000001/providers/Microsoft.Network/networkInterfaces/nic2\",\"properties\":{\"primary\":true}}]},\r\n
        \   \"provisioningState\": \"Succeeded\"\r\n  },\r\n  \"type\": \"Microsoft.Compute/virtualMachines\",\r\n
        \ \"location\": \"westus\",\r\n  \"tags\": {},\r\n  \"id\": \"/subscriptions/00000000-0000-0000-0000-000000000000/resourceGroups/cli_test_multi_nic_vm000001/providers/Microsoft.Compute/virtualMachines/multinicvm1\",\r\n
        \ \"name\": \"multinicvm1\"\r\n}"}
    headers:
      cache-control: [no-cache]
      content-length: ['2875']
      content-type: [application/json; charset=utf-8]
      date: ['Mon, 05 Mar 2018 20:19:38 GMT']
      expires: ['-1']
      pragma: [no-cache]
      server: [Microsoft-HTTPAPI/2.0, Microsoft-HTTPAPI/2.0]
      strict-transport-security: [max-age=31536000; includeSubDomains]
      transfer-encoding: [chunked]
      vary: [Accept-Encoding]
      x-content-type-options: [nosniff]
      x-ms-ratelimit-remaining-resource: ['Microsoft.Compute/LowCostGet3Min;4741,Microsoft.Compute/LowCostGet30Min;37959']
    status: {code: 200, message: OK}
- request:
    body: null
    headers:
      Accept: [application/json]
      Accept-Encoding: ['gzip, deflate']
      CommandName: [group delete]
      Connection: [keep-alive]
      Content-Length: ['0']
      Content-Type: [application/json; charset=utf-8]
      User-Agent: [python/3.6.4 (Linux-4.11.0-1016-azure-x86_64-with-debian-9.3) requests/2.18.4
          msrest/0.4.26 msrest_azure/0.4.22 resourcemanagementclient/1.2.1 Azure-SDK-For-Python
          AZURECLI/2.0.29.dev20180305185410.dev20180305185935]
      accept-language: [en-US]
    method: DELETE
    uri: https://management.azure.com/subscriptions/00000000-0000-0000-0000-000000000000/resourcegroups/cli_test_multi_nic_vm000001?api-version=2017-05-10
  response:
    body: {string: ''}
    headers:
      cache-control: [no-cache]
      content-length: ['0']
      date: ['Mon, 05 Mar 2018 20:19:41 GMT']
      expires: ['-1']
      location: ['https://management.azure.com/subscriptions/00000000-0000-0000-0000-000000000000/operationresults/eyJqb2JJZCI6IlJFU09VUkNFR1JPVVBERUxFVElPTkpPQi1DTEk6NUZURVNUOjVGTVVMVEk6NUZOSUM6NUZWTTVVT0c1Rk00SkdQWlNVREZIT3wwNkE1MTI5MzdFNEJGQzRCLVdFU1RVUyIsImpvYkxvY2F0aW9uIjoid2VzdHVzIn0?api-version=2017-05-10']
      pragma: [no-cache]
      strict-transport-security: [max-age=31536000; includeSubDomains]
      x-content-type-options: [nosniff]
      x-ms-ratelimit-remaining-subscription-writes: ['1164']
    status: {code: 202, message: Accepted}
version: 1
