interactions:
- request:
    body: '{"location": "westus", "tags": {"product": "azurecli", "cause": "automation",
      "date": "2018-09-13T23:24:52Z"}}'
    headers:
      Accept: [application/json]
      Accept-Encoding: ['gzip, deflate']
      CommandName: [group create]
      Connection: [keep-alive]
      Content-Length: ['110']
      Content-Type: [application/json; charset=utf-8]
      User-Agent: [python/3.7.0 (Darwin-17.5.0-x86_64-i386-64bit) requests/2.19.1
          msrest/0.5.4 msrest_azure/0.4.34 resourcemanagementclient/2.0.0 Azure-SDK-For-Python
          AZURECLI/2.0.46]
      accept-language: [en-US]
    method: PUT
    uri: https://management.azure.com/subscriptions/00000000-0000-0000-0000-000000000000/resourcegroups/cli_test_vm_list_ip000001?api-version=2018-05-01
  response:
    body: {string: '{"id":"/subscriptions/00000000-0000-0000-0000-000000000000/resourceGroups/cli_test_vm_list_ip000001","name":"cli_test_vm_list_ip000001","location":"westus","tags":{"product":"azurecli","cause":"automation","date":"2018-09-13T23:24:52Z"},"properties":{"provisioningState":"Succeeded"}}'}
    headers:
      cache-control: [no-cache]
      content-length: ['384']
      content-type: [application/json; charset=utf-8]
      date: ['Thu, 13 Sep 2018 23:24:53 GMT']
      expires: ['-1']
      pragma: [no-cache]
      strict-transport-security: [max-age=31536000; includeSubDomains]
      x-content-type-options: [nosniff]
      x-ms-ratelimit-remaining-subscription-writes: ['1199']
    status: {code: 201, message: Created}
- request:
    body: null
    headers:
      Accept: [application/json]
      Accept-Encoding: ['gzip, deflate']
      CommandName: [vm list-ip-addresses]
      Connection: [keep-alive]
      User-Agent: [python/3.7.0 (Darwin-17.5.0-x86_64-i386-64bit) requests/2.19.1
          msrest/0.5.4 msrest_azure/0.4.34 networkmanagementclient/2.2.0 Azure-SDK-For-Python
          AZURECLI/2.0.46]
      accept-language: [en-US]
    method: GET
    uri: https://management.azure.com/subscriptions/00000000-0000-0000-0000-000000000000/providers/Microsoft.Network/publicIPAddresses?api-version=2018-08-01
  response:
    body: {string: '{"value":[{"name":"TestVMPublicIP","id":"/subscriptions/00000000-0000-0000-0000-000000000000/resourceGroups/ovaTestGroup/providers/Microsoft.Network/publicIPAddresses/TestVMPublicIP","etag":"W/\"30af32b5-44e7-4c1b-b839-a4aa775870d7\"","location":"westus","tags":{},"properties":{"provisioningState":"Succeeded","resourceGuid":"9c3866e8-fb0e-4173-a40d-9fba3160dde6","ipAddress":"104.210.49.155","publicIPAddressVersion":"IPv4","publicIPAllocationMethod":"Dynamic","idleTimeoutInMinutes":4,"ipTags":[],"ipConfiguration":{"id":"/subscriptions/00000000-0000-0000-0000-000000000000/resourceGroups/ovaTestGroup/providers/Microsoft.Network/networkInterfaces/TestVMVMNic/ipConfigurations/ipconfigTestVM"}},"type":"Microsoft.Network/publicIPAddresses","sku":{"name":"Basic","tier":"Regional"}},{"name":"wilxvm1PublicIP","id":"/subscriptions/00000000-0000-0000-0000-000000000000/resourceGroups/wilxtest/providers/Microsoft.Network/publicIPAddresses/wilxvm1PublicIP","etag":"W/\"4dc70b4b-6ba6-4e50-b3cf-2a5c2dce8ae3\"","location":"westus","tags":{},"properties":{"provisioningState":"Succeeded","resourceGuid":"bd4d53aa-74bf-4f40-99e8-1ff0e208d023","ipAddress":"40.80.152.192","publicIPAddressVersion":"IPv4","publicIPAllocationMethod":"Dynamic","idleTimeoutInMinutes":4,"ipTags":[],"ipConfiguration":{"id":"/subscriptions/00000000-0000-0000-0000-000000000000/resourceGroups/wilxtest/providers/Microsoft.Network/networkInterfaces/wilxvm1VMNic/ipConfigurations/ipconfigwilxvm1"}},"type":"Microsoft.Network/publicIPAddresses","sku":{"name":"Basic","tier":"Regional"}},{"name":"abunt4-ip","id":"/subscriptions/00000000-0000-0000-0000-000000000000/resourceGroups/amar/providers/Microsoft.Network/publicIPAddresses/abunt4-ip","etag":"W/\"50a61b21-ec3f-4944-b6b6-357562a5493a\"","location":"eastus","properties":{"provisioningState":"Succeeded","resourceGuid":"320dd781-6fa5-45bd-af3b-4fb978a4f2d7","publicIPAddressVersion":"IPv4","publicIPAllocationMethod":"Dynamic","idleTimeoutInMinutes":4,"ipTags":[],"ipConfiguration":{"id":"/subscriptions/00000000-0000-0000-0000-000000000000/resourceGroups/amar/providers/Microsoft.Network/networkInterfaces/abunt4752/ipConfigurations/ipconfig1"}},"type":"Microsoft.Network/publicIPAddresses","sku":{"name":"Basic","tier":"Regional"}},{"name":"abuntu-ip","id":"/subscriptions/00000000-0000-0000-0000-000000000000/resourceGroups/amar/providers/Microsoft.Network/publicIPAddresses/abuntu-ip","etag":"W/\"cf3c8454-e291-446b-8cb5-4b2f7927a12c\"","location":"eastus","properties":{"provisioningState":"Succeeded","resourceGuid":"73aaa5e5-7972-48d6-8d00-7938ecb0f664","publicIPAddressVersion":"IPv4","publicIPAllocationMethod":"Dynamic","idleTimeoutInMinutes":4,"ipTags":[],"ipConfiguration":{"id":"/subscriptions/00000000-0000-0000-0000-000000000000/resourceGroups/amar/providers/Microsoft.Network/networkInterfaces/abuntu259/ipConfigurations/ipconfig1"}},"type":"Microsoft.Network/publicIPAddresses","sku":{"name":"Basic","tier":"Regional"}},{"name":"abuntu1-ip","id":"/subscriptions/00000000-0000-0000-0000-000000000000/resourceGroups/amar/providers/Microsoft.Network/publicIPAddresses/abuntu1-ip","etag":"W/\"efcb7e38-e76d-475c-a887-dbccc1604e5e\"","location":"eastus","properties":{"provisioningState":"Succeeded","resourceGuid":"cbfdb571-d357-440e-80a3-201c7f3471e5","ipAddress":"168.61.46.46","publicIPAddressVersion":"IPv4","publicIPAllocationMethod":"Dynamic","idleTimeoutInMinutes":4,"ipTags":[],"ipConfiguration":{"id":"/subscriptions/00000000-0000-0000-0000-000000000000/resourceGroups/amar/providers/Microsoft.Network/networkInterfaces/abuntu1428/ipConfigurations/ipconfig1"}},"type":"Microsoft.Network/publicIPAddresses","sku":{"name":"Basic","tier":"Regional"}},{"name":"abuntu2-ip","id":"/subscriptions/00000000-0000-0000-0000-000000000000/resourceGroups/amar/providers/Microsoft.Network/publicIPAddresses/abuntu2-ip","etag":"W/\"54c0c172-5ba6-4a87-9585-2846004ed39a\"","location":"eastus","properties":{"provisioningState":"Succeeded","resourceGuid":"5371acf8-c61a-4eed-bf05-3afd06707b1a","publicIPAddressVersion":"IPv4","publicIPAllocationMethod":"Dynamic","idleTimeoutInMinutes":4,"ipTags":[],"ipConfiguration":{"id":"/subscriptions/00000000-0000-0000-0000-000000000000/resourceGroups/amar/providers/Microsoft.Network/networkInterfaces/abuntu2817/ipConfigurations/ipconfig1"}},"type":"Microsoft.Network/publicIPAddresses","sku":{"name":"Basic","tier":"Regional"}},{"name":"abuntu2ip781","id":"/subscriptions/00000000-0000-0000-0000-000000000000/resourceGroups/amar/providers/Microsoft.Network/publicIPAddresses/abuntu2ip781","etag":"W/\"09dc6cce-8df7-4fc4-9f5d-f51c373bb2ef\"","location":"eastus","properties":{"provisioningState":"Succeeded","resourceGuid":"acd13c2d-fd45-4854-9c64-528f4d7c9d8c","ipAddress":"168.62.58.31","publicIPAddressVersion":"IPv4","publicIPAllocationMethod":"Dynamic","idleTimeoutInMinutes":4,"ipTags":[],"ipConfiguration":{"id":"/subscriptions/00000000-0000-0000-0000-000000000000/resourceGroups/amar/providers/Microsoft.Network/networkInterfaces/abuntu2743/ipConfigurations/ipconfig1"}},"type":"Microsoft.Network/publicIPAddresses","sku":{"name":"Basic","tier":"Regional"}},{"name":"abuntu3-ip","id":"/subscriptions/00000000-0000-0000-0000-000000000000/resourceGroups/amar/providers/Microsoft.Network/publicIPAddresses/abuntu3-ip","etag":"W/\"9ea0568a-d4ec-47ff-8698-4bdbd6879b88\"","location":"eastus","properties":{"provisioningState":"Succeeded","resourceGuid":"d952bf8a-2dbe-4e0d-91dd-1adad99b00bc","publicIPAddressVersion":"IPv4","publicIPAllocationMethod":"Dynamic","idleTimeoutInMinutes":4,"ipTags":[],"ipConfiguration":{"id":"/subscriptions/00000000-0000-0000-0000-000000000000/resourceGroups/amar/providers/Microsoft.Network/networkInterfaces/abuntu3634/ipConfigurations/ipconfig1"}},"type":"Microsoft.Network/publicIPAddresses","sku":{"name":"Basic","tier":"Regional"}},{"name":"lmazuel-testcapture-ip","id":"/subscriptions/00000000-0000-0000-0000-000000000000/resourceGroups/lmazuel-testcapture/providers/Microsoft.Network/publicIPAddresses/lmazuel-testcapture-ip","etag":"W/\"1d33ff0c-7e7d-4aba-8116-c2be7220c24b\"","location":"westus2","properties":{"provisioningState":"Succeeded","resourceGuid":"d9e5b204-e9aa-408a-a3c5-4cd7d4836a0f","publicIPAddressVersion":"IPv4","publicIPAllocationMethod":"Dynamic","idleTimeoutInMinutes":4,"ipTags":[],"ipConfiguration":{"id":"/subscriptions/00000000-0000-0000-0000-000000000000/resourceGroups/lmazuel-testcapture/providers/Microsoft.Network/networkInterfaces/lmazuel-testcapture427/ipConfigurations/ipconfig1"}},"type":"Microsoft.Network/publicIPAddresses","sku":{"name":"Basic","tier":"Regional"}}]}'}
    headers:
      cache-control: [no-cache]
      content-length: ['6617']
      content-type: [application/json; charset=utf-8]
      date: ['Thu, 13 Sep 2018 23:24:54 GMT']
      expires: ['-1']
      pragma: [no-cache]
      strict-transport-security: [max-age=31536000; includeSubDomains]
      vary: [Accept-Encoding]
      x-content-type-options: [nosniff]
      x-ms-original-request-ids: [3a68d437-88de-4949-b5b2-c02a567ebeee, 94bfaa5d-1e6a-4277-b736-e0dfdc9c1ec4,
        5ae5092e-2873-4590-9ef9-f33491a82c9e]
    status: {code: 200, message: OK}
- request:
    body: null
    headers:
      Accept: [application/json]
      Accept-Encoding: ['gzip, deflate']
      CommandName: [vm list-ip-addresses]
      Connection: [keep-alive]
      User-Agent: [python/3.7.0 (Darwin-17.5.0-x86_64-i386-64bit) requests/2.19.1
          msrest/0.5.4 msrest_azure/0.4.34 networkmanagementclient/2.2.0 Azure-SDK-For-Python
          AZURECLI/2.0.46]
      accept-language: [en-US]
    method: GET
    uri: https://management.azure.com/subscriptions/00000000-0000-0000-0000-000000000000/providers/Microsoft.Network/networkInterfaces?api-version=2018-08-01
  response:
    body: {string: '{"value":[{"name":"TestVMVMNic","id":"/subscriptions/00000000-0000-0000-0000-000000000000/resourceGroups/ovaTestGroup/providers/Microsoft.Network/networkInterfaces/TestVMVMNic","etag":"W/\"6226f1dd-2f7f-460f-9eac-c5ed791a2d9d\"","location":"westus","tags":{},"properties":{"provisioningState":"Succeeded","resourceGuid":"ce5c5079-b7ee-4651-902a-75b050c2283b","ipConfigurations":[{"name":"ipconfigTestVM","id":"/subscriptions/00000000-0000-0000-0000-000000000000/resourceGroups/ovaTestGroup/providers/Microsoft.Network/networkInterfaces/TestVMVMNic/ipConfigurations/ipconfigTestVM","etag":"W/\"6226f1dd-2f7f-460f-9eac-c5ed791a2d9d\"","type":"Microsoft.Network/networkInterfaces/ipConfigurations","properties":{"provisioningState":"Succeeded","privateIPAddress":"10.0.0.4","privateIPAllocationMethod":"Dynamic","publicIPAddress":{"id":"/subscriptions/00000000-0000-0000-0000-000000000000/resourceGroups/ovaTestGroup/providers/Microsoft.Network/publicIPAddresses/TestVMPublicIP"},"subnet":{"id":"/subscriptions/00000000-0000-0000-0000-000000000000/resourceGroups/ovaTestGroup/providers/Microsoft.Network/virtualNetworks/TestVMVNET/subnets/TestVMSubnet"},"primary":true,"privateIPAddressVersion":"IPv4","isInUseWithService":false}}],"dnsSettings":{"dnsServers":[],"appliedDnsServers":[],"internalDomainNameSuffix":"lmvxjh3u1cgezlpcxqdk0if2wg.dx.internal.cloudapp.net"},"macAddress":"00-0D-3A-59-1D-9C","enableAcceleratedNetworking":false,"enableIPForwarding":false,"networkSecurityGroup":{"id":"/subscriptions/00000000-0000-0000-0000-000000000000/resourceGroups/ovaTestGroup/providers/Microsoft.Network/networkSecurityGroups/TestVMNSG"},"primary":true,"virtualMachine":{"id":"/subscriptions/00000000-0000-0000-0000-000000000000/resourceGroups/ovaTestGroup/providers/Microsoft.Compute/virtualMachines/TestVM"},"hostedWorkloads":[],"tapConfigurations":[]},"type":"Microsoft.Network/networkInterfaces"},{"name":"wilxvm1VMNic","id":"/subscriptions/00000000-0000-0000-0000-000000000000/resourceGroups/wilxtest/providers/Microsoft.Network/networkInterfaces/wilxvm1VMNic","etag":"W/\"0882f58e-630a-4a0b-bb78-c88b274de0ad\"","location":"westus","tags":{},"properties":{"provisioningState":"Succeeded","resourceGuid":"5f70d3bb-243a-4fe2-b4fd-52ec0664ec58","ipConfigurations":[{"name":"ipconfigwilxvm1","id":"/subscriptions/00000000-0000-0000-0000-000000000000/resourceGroups/wilxtest/providers/Microsoft.Network/networkInterfaces/wilxvm1VMNic/ipConfigurations/ipconfigwilxvm1","etag":"W/\"0882f58e-630a-4a0b-bb78-c88b274de0ad\"","type":"Microsoft.Network/networkInterfaces/ipConfigurations","properties":{"provisioningState":"Succeeded","privateIPAddress":"10.0.0.4","privateIPAllocationMethod":"Dynamic","publicIPAddress":{"id":"/subscriptions/00000000-0000-0000-0000-000000000000/resourceGroups/wilxtest/providers/Microsoft.Network/publicIPAddresses/wilxvm1PublicIP"},"subnet":{"id":"/subscriptions/00000000-0000-0000-0000-000000000000/resourceGroups/wilxtest/providers/Microsoft.Network/virtualNetworks/wilxvm1VNET/subnets/wilxvm1Subnet"},"primary":true,"privateIPAddressVersion":"IPv4","isInUseWithService":false}}],"dnsSettings":{"dnsServers":[],"appliedDnsServers":[],"internalDomainNameSuffix":"shwdf3n5115unhji4lqxpktoch.dx.internal.cloudapp.net"},"macAddress":"00-0D-3A-58-F1-B1","enableAcceleratedNetworking":false,"enableIPForwarding":false,"networkSecurityGroup":{"id":"/subscriptions/00000000-0000-0000-0000-000000000000/resourceGroups/wilxtest/providers/Microsoft.Network/networkSecurityGroups/wilxvm1NSG"},"primary":true,"virtualMachine":{"id":"/subscriptions/00000000-0000-0000-0000-000000000000/resourceGroups/wilxtest/providers/Microsoft.Compute/virtualMachines/wilxvm1"},"hostedWorkloads":[],"tapConfigurations":[]},"type":"Microsoft.Network/networkInterfaces"},{"name":"abunt4752","id":"/subscriptions/00000000-0000-0000-0000-000000000000/resourceGroups/amar/providers/Microsoft.Network/networkInterfaces/abunt4752","etag":"W/\"adc7d560-e622-4f50-bf5f-a029a437c5ae\"","location":"eastus","properties":{"provisioningState":"Succeeded","resourceGuid":"0ff8654c-3074-4f9f-b325-6385441c38c5","ipConfigurations":[{"name":"ipconfig1","id":"/subscriptions/00000000-0000-0000-0000-000000000000/resourceGroups/amar/providers/Microsoft.Network/networkInterfaces/abunt4752/ipConfigurations/ipconfig1","etag":"W/\"adc7d560-e622-4f50-bf5f-a029a437c5ae\"","type":"Microsoft.Network/networkInterfaces/ipConfigurations","properties":{"provisioningState":"Succeeded","privateIPAddress":"10.4.0.4","privateIPAllocationMethod":"Dynamic","publicIPAddress":{"id":"/subscriptions/00000000-0000-0000-0000-000000000000/resourceGroups/amar/providers/Microsoft.Network/publicIPAddresses/abunt4-ip"},"subnet":{"id":"/subscriptions/00000000-0000-0000-0000-000000000000/resourceGroups/amar/providers/Microsoft.Network/virtualNetworks/abuntu3/subnets/default"},"primary":true,"privateIPAddressVersion":"IPv4","isInUseWithService":false}}],"dnsSettings":{"dnsServers":[],"appliedDnsServers":[]},"macAddress":"00-0D-3A-4E-B9-BB","enableAcceleratedNetworking":true,"enableIPForwarding":false,"networkSecurityGroup":{"id":"/subscriptions/00000000-0000-0000-0000-000000000000/resourceGroups/amar/providers/Microsoft.Network/networkSecurityGroups/abunt4-nsg"},"hostedWorkloads":[],"tapConfigurations":[]},"type":"Microsoft.Network/networkInterfaces"},{"name":"abuntu1428","id":"/subscriptions/00000000-0000-0000-0000-000000000000/resourceGroups/amar/providers/Microsoft.Network/networkInterfaces/abuntu1428","etag":"W/\"6d827f43-0bf1-4fd1-aa11-653c6f3be097\"","location":"eastus","properties":{"provisioningState":"Succeeded","resourceGuid":"716a38a6-ceb8-4ad7-9b1f-5438434af985","ipConfigurations":[{"name":"ipconfig1","id":"/subscriptions/00000000-0000-0000-0000-000000000000/resourceGroups/amar/providers/Microsoft.Network/networkInterfaces/abuntu1428/ipConfigurations/ipconfig1","etag":"W/\"6d827f43-0bf1-4fd1-aa11-653c6f3be097\"","type":"Microsoft.Network/networkInterfaces/ipConfigurations","properties":{"provisioningState":"Succeeded","privateIPAddress":"10.2.0.5","privateIPAllocationMethod":"Dynamic","publicIPAddress":{"id":"/subscriptions/00000000-0000-0000-0000-000000000000/resourceGroups/amar/providers/Microsoft.Network/publicIPAddresses/abuntu1-ip"},"subnet":{"id":"/subscriptions/00000000-0000-0000-0000-000000000000/resourceGroups/amar/providers/Microsoft.Network/virtualNetworks/abunt3/subnets/default"},"primary":true,"privateIPAddressVersion":"IPv4","isInUseWithService":false}}],"dnsSettings":{"dnsServers":[],"appliedDnsServers":[],"internalDomainNameSuffix":"pvqtqejfdjjefccgdjzlqgveva.bx.internal.cloudapp.net"},"macAddress":"00-0D-3A-4F-53-66","enableAcceleratedNetworking":true,"enableIPForwarding":false,"networkSecurityGroup":{"id":"/subscriptions/00000000-0000-0000-0000-000000000000/resourceGroups/amar/providers/Microsoft.Network/networkSecurityGroups/abuntu1-nsg"},"primary":true,"virtualMachine":{"id":"/subscriptions/00000000-0000-0000-0000-000000000000/resourceGroups/amar/providers/Microsoft.Compute/virtualMachines/abuntu1"},"hostedWorkloads":[],"tapConfigurations":[]},"type":"Microsoft.Network/networkInterfaces"},{"name":"abuntu259","id":"/subscriptions/00000000-0000-0000-0000-000000000000/resourceGroups/amar/providers/Microsoft.Network/networkInterfaces/abuntu259","etag":"W/\"8fe0ef11-e58c-44d6-ae9d-e2e7502bc2e7\"","location":"eastus","properties":{"provisioningState":"Succeeded","resourceGuid":"6cadbeb0-01dd-41f4-ac68-74fe9deac6e8","ipConfigurations":[{"name":"ipconfig1","id":"/subscriptions/00000000-0000-0000-0000-000000000000/resourceGroups/amar/providers/Microsoft.Network/networkInterfaces/abuntu259/ipConfigurations/ipconfig1","etag":"W/\"8fe0ef11-e58c-44d6-ae9d-e2e7502bc2e7\"","type":"Microsoft.Network/networkInterfaces/ipConfigurations","properties":{"provisioningState":"Succeeded","privateIPAddress":"10.3.0.4","privateIPAllocationMethod":"Dynamic","publicIPAddress":{"id":"/subscriptions/00000000-0000-0000-0000-000000000000/resourceGroups/amar/providers/Microsoft.Network/publicIPAddresses/abuntu-ip"},"subnet":{"id":"/subscriptions/00000000-0000-0000-0000-000000000000/resourceGroups/amar/providers/Microsoft.Network/virtualNetworks/abuntu-vnet/subnets/default"},"primary":true,"privateIPAddressVersion":"IPv4","isInUseWithService":false}}],"dnsSettings":{"dnsServers":[],"appliedDnsServers":[]},"macAddress":"00-0D-3A-4E-C4-69","enableAcceleratedNetworking":true,"enableIPForwarding":false,"networkSecurityGroup":{"id":"/subscriptions/00000000-0000-0000-0000-000000000000/resourceGroups/amar/providers/Microsoft.Network/networkSecurityGroups/abuntu"},"hostedWorkloads":[],"tapConfigurations":[]},"type":"Microsoft.Network/networkInterfaces"},{"name":"abuntu2743","id":"/subscriptions/00000000-0000-0000-0000-000000000000/resourceGroups/amar/providers/Microsoft.Network/networkInterfaces/abuntu2743","etag":"W/\"07c003cc-a698-4f00-b767-aafdd1cda0f3\"","location":"eastus","properties":{"provisioningState":"Succeeded","resourceGuid":"89420481-6943-4502-888b-62bc46f0bef0","ipConfigurations":[{"name":"ipconfig1","id":"/subscriptions/00000000-0000-0000-0000-000000000000/resourceGroups/amar/providers/Microsoft.Network/networkInterfaces/abuntu2743/ipConfigurations/ipconfig1","etag":"W/\"07c003cc-a698-4f00-b767-aafdd1cda0f3\"","type":"Microsoft.Network/networkInterfaces/ipConfigurations","properties":{"provisioningState":"Succeeded","privateIPAddress":"10.2.0.6","privateIPAllocationMethod":"Dynamic","publicIPAddress":{"id":"/subscriptions/00000000-0000-0000-0000-000000000000/resourceGroups/amar/providers/Microsoft.Network/publicIPAddresses/abuntu2ip781"},"subnet":{"id":"/subscriptions/00000000-0000-0000-0000-000000000000/resourceGroups/amar/providers/Microsoft.Network/virtualNetworks/abunt3/subnets/default"},"primary":true,"privateIPAddressVersion":"IPv4","isInUseWithService":false}}],"dnsSettings":{"dnsServers":[],"appliedDnsServers":[],"internalDomainNameSuffix":"pvqtqejfdjjefccgdjzlqgveva.bx.internal.cloudapp.net"},"macAddress":"00-0D-3A-4D-4D-0F","enableAcceleratedNetworking":true,"enableIPForwarding":false,"networkSecurityGroup":{"id":"/subscriptions/00000000-0000-0000-0000-000000000000/resourceGroups/amar/providers/Microsoft.Network/networkSecurityGroups/abuntu2-nsg"},"primary":true,"virtualMachine":{"id":"/subscriptions/00000000-0000-0000-0000-000000000000/resourceGroups/amar/providers/Microsoft.Compute/virtualMachines/abuntu2"},"hostedWorkloads":[],"tapConfigurations":[]},"type":"Microsoft.Network/networkInterfaces"},{"name":"abuntu2817","id":"/subscriptions/00000000-0000-0000-0000-000000000000/resourceGroups/amar/providers/Microsoft.Network/networkInterfaces/abuntu2817","etag":"W/\"ad924d5b-9898-4390-91d1-b35fe7c3af94\"","location":"eastus","properties":{"provisioningState":"Succeeded","resourceGuid":"6b98f584-1069-4334-b011-2620bb9f13c2","ipConfigurations":[{"name":"ipconfig1","id":"/subscriptions/00000000-0000-0000-0000-000000000000/resourceGroups/amar/providers/Microsoft.Network/networkInterfaces/abuntu2817/ipConfigurations/ipconfig1","etag":"W/\"ad924d5b-9898-4390-91d1-b35fe7c3af94\"","type":"Microsoft.Network/networkInterfaces/ipConfigurations","properties":{"provisioningState":"Succeeded","privateIPAddress":"10.5.0.4","privateIPAllocationMethod":"Dynamic","publicIPAddress":{"id":"/subscriptions/00000000-0000-0000-0000-000000000000/resourceGroups/amar/providers/Microsoft.Network/publicIPAddresses/abuntu2-ip"},"subnet":{"id":"/subscriptions/00000000-0000-0000-0000-000000000000/resourceGroups/amar/providers/Microsoft.Network/virtualNetworks/abuntu2/subnets/default"},"primary":true,"privateIPAddressVersion":"IPv4","isInUseWithService":false}}],"dnsSettings":{"dnsServers":[],"appliedDnsServers":[]},"macAddress":"00-0D-3A-1A-A4-AD","enableAcceleratedNetworking":true,"enableIPForwarding":false,"networkSecurityGroup":{"id":"/subscriptions/00000000-0000-0000-0000-000000000000/resourceGroups/amar/providers/Microsoft.Network/networkSecurityGroups/abuntu2-nsg"},"hostedWorkloads":[],"tapConfigurations":[]},"type":"Microsoft.Network/networkInterfaces"},{"name":"abuntu3634","id":"/subscriptions/00000000-0000-0000-0000-000000000000/resourceGroups/amar/providers/Microsoft.Network/networkInterfaces/abuntu3634","etag":"W/\"b170cb6b-8763-43b8-bf28-00176f932e44\"","location":"eastus","properties":{"provisioningState":"Succeeded","resourceGuid":"1090ceba-180d-4324-a022-15875d542b2f","ipConfigurations":[{"name":"ipconfig1","id":"/subscriptions/00000000-0000-0000-0000-000000000000/resourceGroups/amar/providers/Microsoft.Network/networkInterfaces/abuntu3634/ipConfigurations/ipconfig1","etag":"W/\"b170cb6b-8763-43b8-bf28-00176f932e44\"","type":"Microsoft.Network/networkInterfaces/ipConfigurations","properties":{"provisioningState":"Succeeded","privateIPAddress":"10.2.0.4","privateIPAllocationMethod":"Dynamic","publicIPAddress":{"id":"/subscriptions/00000000-0000-0000-0000-000000000000/resourceGroups/amar/providers/Microsoft.Network/publicIPAddresses/abuntu3-ip"},"subnet":{"id":"/subscriptions/00000000-0000-0000-0000-000000000000/resourceGroups/amar/providers/Microsoft.Network/virtualNetworks/abunt3/subnets/default"},"primary":true,"privateIPAddressVersion":"IPv4","isInUseWithService":false}}],"dnsSettings":{"dnsServers":[],"appliedDnsServers":[]},"macAddress":"00-0D-3A-4D-D6-33","enableAcceleratedNetworking":true,"enableIPForwarding":false,"networkSecurityGroup":{"id":"/subscriptions/00000000-0000-0000-0000-000000000000/resourceGroups/amar/providers/Microsoft.Network/networkSecurityGroups/abuntu3-nsg"},"hostedWorkloads":[],"tapConfigurations":[]},"type":"Microsoft.Network/networkInterfaces"},{"name":"lmazuel-testcapture427","id":"/subscriptions/00000000-0000-0000-0000-000000000000/resourceGroups/lmazuel-testcapture/providers/Microsoft.Network/networkInterfaces/lmazuel-testcapture427","etag":"W/\"53003083-c398-46fa-a616-3df40521ce00\"","location":"westus2","properties":{"provisioningState":"Succeeded","resourceGuid":"15eb6eb5-bd81-4e32-b1fd-9fc9e4b1faea","ipConfigurations":[{"name":"ipconfig1","id":"/subscriptions/00000000-0000-0000-0000-000000000000/resourceGroups/lmazuel-testcapture/providers/Microsoft.Network/networkInterfaces/lmazuel-testcapture427/ipConfigurations/ipconfig1","etag":"W/\"53003083-c398-46fa-a616-3df40521ce00\"","type":"Microsoft.Network/networkInterfaces/ipConfigurations","properties":{"provisioningState":"Succeeded","privateIPAddress":"10.1.0.4","privateIPAllocationMethod":"Dynamic","publicIPAddress":{"id":"/subscriptions/00000000-0000-0000-0000-000000000000/resourceGroups/lmazuel-testcapture/providers/Microsoft.Network/publicIPAddresses/lmazuel-testcapture-ip"},"subnet":{"id":"/subscriptions/00000000-0000-0000-0000-000000000000/resourceGroups/lmazuel-testcapture/providers/Microsoft.Network/virtualNetworks/lmazuel-testcapture-vnet/subnets/default"},"primary":true,"privateIPAddressVersion":"IPv4","isInUseWithService":false}}],"dnsSettings":{"dnsServers":[],"appliedDnsServers":[]},"enableAcceleratedNetworking":false,"enableIPForwarding":false,"networkSecurityGroup":{"id":"/subscriptions/00000000-0000-0000-0000-000000000000/resourceGroups/lmazuel-testcapture/providers/Microsoft.Network/networkSecurityGroups/lmazuel-testcapture-nsg"},"primary":true,"virtualMachine":{"id":"/subscriptions/00000000-0000-0000-0000-000000000000/resourceGroups/lmazuel-testcapture/providers/Microsoft.Compute/virtualMachines/lmazuel-testcapture"},"hostedWorkloads":[],"tapConfigurations":[]},"type":"Microsoft.Network/networkInterfaces"}]}'}
    headers:
      cache-control: [no-cache]
      content-length: ['15476']
      content-type: [application/json; charset=utf-8]
      date: ['Thu, 13 Sep 2018 23:24:56 GMT']
      expires: ['-1']
      pragma: [no-cache]
      strict-transport-security: [max-age=31536000; includeSubDomains]
      vary: [Accept-Encoding]
      x-content-type-options: [nosniff]
      x-ms-original-request-ids: [26c388ac-24d8-4d8a-9ed8-d13dfc2a408b, 2bec9d88-8109-44be-950d-f1b5bd6b8cba,
        587161f7-71e8-420b-9d14-6bf285a0a176]
    status: {code: 200, message: OK}
- request:
    body: null
    headers:
      Accept: [application/json]
      Accept-Encoding: ['gzip, deflate']
      CommandName: [vm create]
      Connection: [keep-alive]
      User-Agent: [python/3.7.0 (Darwin-17.5.0-x86_64-i386-64bit) requests/2.19.1
          msrest/0.5.4 msrest_azure/0.4.34 computemanagementclient/4.0.0 Azure-SDK-For-Python
          AZURECLI/2.0.46]
      accept-language: [en-US]
    method: GET
    uri: https://management.azure.com/subscriptions/00000000-0000-0000-0000-000000000000/providers/Microsoft.Compute/locations/centralus/publishers/Canonical/artifacttypes/vmimage/offers/UbuntuServer/skus/14.04.4-LTS/versions?$top=1&$orderby=name%20desc&api-version=2018-06-01
  response:
    body: {string: "[\r\n  {\r\n    \"location\": \"centralus\",\r\n    \"name\":\
        \ \"14.04.201808180\",\r\n    \"id\": \"/Subscriptions/00000000-0000-0000-0000-000000000000/Providers/Microsoft.Compute/Locations/centralus/Publishers/Canonical/ArtifactTypes/VMImage/Offers/UbuntuServer/Skus/14.04.4-LTS/Versions/14.04.201808180\"\
        \r\n  }\r\n]"}
    headers:
      cache-control: [no-cache]
      content-length: ['294']
      content-type: [application/json; charset=utf-8]
      date: ['Thu, 13 Sep 2018 23:24:56 GMT']
      expires: ['-1']
      pragma: [no-cache]
      server: [Microsoft-HTTPAPI/2.0, Microsoft-HTTPAPI/2.0]
      strict-transport-security: [max-age=31536000; includeSubDomains]
      transfer-encoding: [chunked]
      vary: [Accept-Encoding]
      x-content-type-options: [nosniff]
    status: {code: 200, message: OK}
- request:
    body: null
    headers:
      Accept: [application/json]
      Accept-Encoding: ['gzip, deflate']
      CommandName: [vm create]
      Connection: [keep-alive]
      User-Agent: [python/3.7.0 (Darwin-17.5.0-x86_64-i386-64bit) requests/2.19.1
          msrest/0.5.4 msrest_azure/0.4.34 computemanagementclient/4.0.0 Azure-SDK-For-Python
          AZURECLI/2.0.46]
      accept-language: [en-US]
    method: GET
    uri: https://management.azure.com/subscriptions/00000000-0000-0000-0000-000000000000/providers/Microsoft.Compute/locations/centralus/publishers/Canonical/artifacttypes/vmimage/offers/UbuntuServer/skus/14.04.4-LTS/versions/14.04.201808180?api-version=2018-06-01
  response:
    body: {string: "{\r\n  \"properties\": {\r\n    \"osDiskImage\": {\r\n      \"\
        operatingSystem\": \"Linux\"\r\n    },\r\n    \"dataDiskImages\": []\r\n \
        \ },\r\n  \"location\": \"centralus\",\r\n  \"name\": \"14.04.201808180\"\
        ,\r\n  \"id\": \"/Subscriptions/00000000-0000-0000-0000-000000000000/Providers/Microsoft.Compute/Locations/centralus/Publishers/Canonical/ArtifactTypes/VMImage/Offers/UbuntuServer/Skus/14.04.4-LTS/Versions/14.04.201808180\"\
        \r\n}"}
    headers:
      cache-control: [no-cache]
      content-length: ['393']
      content-type: [application/json; charset=utf-8]
      date: ['Thu, 13 Sep 2018 23:24:56 GMT']
      expires: ['-1']
      pragma: [no-cache]
      server: [Microsoft-HTTPAPI/2.0, Microsoft-HTTPAPI/2.0]
      strict-transport-security: [max-age=31536000; includeSubDomains]
      transfer-encoding: [chunked]
      vary: [Accept-Encoding]
      x-content-type-options: [nosniff]
    status: {code: 200, message: OK}
- request:
    body: null
    headers:
      Accept: [application/json]
      Accept-Encoding: ['gzip, deflate']
      CommandName: [vm create]
      Connection: [keep-alive]
      User-Agent: [python/3.7.0 (Darwin-17.5.0-x86_64-i386-64bit) requests/2.19.1
          msrest/0.5.4 msrest_azure/0.4.34 networkmanagementclient/2.2.0 Azure-SDK-For-Python
          AZURECLI/2.0.46]
      accept-language: [en-US]
    method: GET
    uri: https://management.azure.com/subscriptions/00000000-0000-0000-0000-000000000000/resourceGroups/cli_test_vm_list_ip000001/providers/Microsoft.Network/virtualNetworks?api-version=2018-01-01
  response:
    body: {string: '{"value":[]}'}
    headers:
      cache-control: [no-cache]
      content-length: ['12']
      content-type: [application/json; charset=utf-8]
      date: ['Thu, 13 Sep 2018 23:24:56 GMT']
      expires: ['-1']
      pragma: [no-cache]
      strict-transport-security: [max-age=31536000; includeSubDomains]
      vary: [Accept-Encoding]
      x-content-type-options: [nosniff]
    status: {code: 200, message: OK}
- request:
    body: 'b''{"properties": {"template": {"$schema": "https://schema.management.azure.com/schemas/2015-01-01/deploymentTemplate.json#",
      "contentVersion": "1.0.0.0", "parameters": {"adminPassword": {"type": "securestring",
      "metadata": {"description": "Secure adminPassword"}}}, "variables": {}, "resources":
      [{"name": "vm-with-public-ipVNET", "type": "Microsoft.Network/virtualNetworks",
      "location": "centralus", "apiVersion": "2015-06-15", "dependsOn": [], "tags":
      {}, "properties": {"addressSpace": {"addressPrefixes": ["10.0.0.0/16"]}, "subnets":
      [{"name": "vm-with-public-ipSubnet", "properties": {"addressPrefix": "10.0.0.0/24"}}]}},
      {"type": "Microsoft.Network/networkSecurityGroups", "name": "vm-with-public-ipNSG",
      "apiVersion": "2015-06-15", "location": "centralus", "tags": {}, "dependsOn":
      [], "properties": {"securityRules": [{"name": "default-allow-ssh", "properties":
      {"protocol": "Tcp", "sourcePortRange": "*", "destinationPortRange": "22", "sourceAddressPrefix":
      "*", "destinationAddressPrefix": "*", "access": "Allow", "priority": 1000, "direction":
      "Inbound"}}]}}, {"apiVersion": "2018-01-01", "type": "Microsoft.Network/publicIPAddresses",
      "name": "vm-with-public-ipPublicIP", "location": "centralus", "tags": {}, "dependsOn":
      [], "properties": {"publicIPAllocationMethod": "dynamic"}, "zones": ["2"]},
      {"apiVersion": "2015-06-15", "type": "Microsoft.Network/networkInterfaces",
      "name": "vm-with-public-ipVMNic", "location": "centralus", "tags": {}, "dependsOn":
      ["Microsoft.Network/virtualNetworks/vm-with-public-ipVNET", "Microsoft.Network/networkSecurityGroups/vm-with-public-ipNSG",
      "Microsoft.Network/publicIpAddresses/vm-with-public-ipPublicIP"], "properties":
      {"ipConfigurations": [{"name": "ipconfigvm-with-public-ip", "properties": {"privateIPAllocationMethod":
      "Dynamic", "subnet": {"id": "/subscriptions/00000000-0000-0000-0000-000000000000/resourceGroups/cli_test_vm_list_ip000001/providers/Microsoft.Network/virtualNetworks/vm-with-public-ipVNET/subnets/vm-with-public-ipSubnet"},
      "publicIPAddress": {"id": "/subscriptions/00000000-0000-0000-0000-000000000000/resourceGroups/cli_test_vm_list_ip000001/providers/Microsoft.Network/publicIPAddresses/vm-with-public-ipPublicIP"}}}],
      "networkSecurityGroup": {"id": "/subscriptions/00000000-0000-0000-0000-000000000000/resourceGroups/cli_test_vm_list_ip000001/providers/Microsoft.Network/networkSecurityGroups/vm-with-public-ipNSG"}}},
      {"apiVersion": "2018-06-01", "type": "Microsoft.Compute/virtualMachines", "name":
      "vm-with-public-ip", "location": "centralus", "tags": {}, "dependsOn": ["Microsoft.Network/networkInterfaces/vm-with-public-ipVMNic"],
      "properties": {"hardwareProfile": {"vmSize": "Standard_DS1_v2"}, "networkProfile":
      {"networkInterfaces": [{"id": "/subscriptions/00000000-0000-0000-0000-000000000000/resourceGroups/cli_test_vm_list_ip000001/providers/Microsoft.Network/networkInterfaces/vm-with-public-ipVMNic"}]},
      "storageProfile": {"osDisk": {"createOption": "fromImage", "name": null, "caching":
      "ReadWrite", "managedDisk": {"storageAccountType": null}}, "imageReference":
      {"publisher": "Canonical", "offer": "UbuntuServer", "sku": "14.04.4-LTS", "version":
      "latest"}}, "osProfile": {"computerName": "vm-with-public-ip", "adminUsername":
      "ubuntu", "adminPassword": "[parameters(\''adminPassword\'')]"}}, "zones": ["2"]}],
      "outputs": {}}, "parameters": {"adminPassword": {"value": "testPassword0"}},
      "mode": "Incremental"}}'''
    headers:
      Accept: [application/json]
      Accept-Encoding: ['gzip, deflate']
      CommandName: [vm create]
      Connection: [keep-alive]
      Content-Length: ['3602']
      Content-Type: [application/json; charset=utf-8]
      User-Agent: [python/3.7.0 (Darwin-17.5.0-x86_64-i386-64bit) requests/2.19.1
          msrest/0.5.4 msrest_azure/0.4.34 resourcemanagementclient/2.0.0 Azure-SDK-For-Python
          AZURECLI/2.0.46]
      accept-language: [en-US]
    method: PUT
    uri: https://management.azure.com/subscriptions/00000000-0000-0000-0000-000000000000/resourcegroups/cli_test_vm_list_ip000001/providers/Microsoft.Resources/deployments/mock-deployment?api-version=2018-05-01
  response:
    body: {string: '{"id":"/subscriptions/00000000-0000-0000-0000-000000000000/resourceGroups/cli_test_vm_list_ip000001/providers/Microsoft.Resources/deployments/vm_deploy_5NcTpAjlDq3SYhQwLhIjD9nwauh5cxSP","name":"vm_deploy_5NcTpAjlDq3SYhQwLhIjD9nwauh5cxSP","properties":{"templateHash":"6037333048065795066","parameters":{"adminPassword":{"type":"SecureString"}},"mode":"Incremental","provisioningState":"Accepted","timestamp":"2018-09-13T23:25:00.6612538Z","duration":"PT0.8438023S","correlationId":"51655bcf-9c89-491d-9c67-1e191673e982","providers":[{"namespace":"Microsoft.Network","resourceTypes":[{"resourceType":"virtualNetworks","locations":["centralus"]},{"resourceType":"networkSecurityGroups","locations":["centralus"]},{"resourceType":"publicIPAddresses","locations":["centralus"]},{"resourceType":"networkInterfaces","locations":["centralus"]}]},{"namespace":"Microsoft.Compute","resourceTypes":[{"resourceType":"virtualMachines","locations":["centralus"]}]}],"dependencies":[{"dependsOn":[{"id":"/subscriptions/00000000-0000-0000-0000-000000000000/resourceGroups/cli_test_vm_list_ip000001/providers/Microsoft.Network/virtualNetworks/vm-with-public-ipVNET","resourceType":"Microsoft.Network/virtualNetworks","resourceName":"vm-with-public-ipVNET"},{"id":"/subscriptions/00000000-0000-0000-0000-000000000000/resourceGroups/cli_test_vm_list_ip000001/providers/Microsoft.Network/networkSecurityGroups/vm-with-public-ipNSG","resourceType":"Microsoft.Network/networkSecurityGroups","resourceName":"vm-with-public-ipNSG"},{"id":"/subscriptions/00000000-0000-0000-0000-000000000000/resourceGroups/cli_test_vm_list_ip000001/providers/Microsoft.Network/publicIPAddresses/vm-with-public-ipPublicIP","resourceType":"Microsoft.Network/publicIPAddresses","resourceName":"vm-with-public-ipPublicIP"}],"id":"/subscriptions/00000000-0000-0000-0000-000000000000/resourceGroups/cli_test_vm_list_ip000001/providers/Microsoft.Network/networkInterfaces/vm-with-public-ipVMNic","resourceType":"Microsoft.Network/networkInterfaces","resourceName":"vm-with-public-ipVMNic"},{"dependsOn":[{"id":"/subscriptions/00000000-0000-0000-0000-000000000000/resourceGroups/cli_test_vm_list_ip000001/providers/Microsoft.Network/networkInterfaces/vm-with-public-ipVMNic","resourceType":"Microsoft.Network/networkInterfaces","resourceName":"vm-with-public-ipVMNic"}],"id":"/subscriptions/00000000-0000-0000-0000-000000000000/resourceGroups/cli_test_vm_list_ip000001/providers/Microsoft.Compute/virtualMachines/vm-with-public-ip","resourceType":"Microsoft.Compute/virtualMachines","resourceName":"vm-with-public-ip"}]}}'}
    headers:
      azure-asyncoperation: ['https://management.azure.com/subscriptions/00000000-0000-0000-0000-000000000000/resourcegroups/cli_test_vm_list_ip000001/providers/Microsoft.Resources/deployments/vm_deploy_5NcTpAjlDq3SYhQwLhIjD9nwauh5cxSP/operationStatuses/08586647257856601768?api-version=2018-05-01']
      cache-control: [no-cache]
      content-length: ['2923']
      content-type: [application/json; charset=utf-8]
      date: ['Thu, 13 Sep 2018 23:24:59 GMT']
      expires: ['-1']
      pragma: [no-cache]
      strict-transport-security: [max-age=31536000; includeSubDomains]
      x-content-type-options: [nosniff]
      x-ms-ratelimit-remaining-subscription-writes: ['1199']
    status: {code: 201, message: Created}
- request:
    body: null
    headers:
      Accept: [application/json]
      Accept-Encoding: ['gzip, deflate']
      CommandName: [vm create]
      Connection: [keep-alive]
      User-Agent: [python/3.7.0 (Darwin-17.5.0-x86_64-i386-64bit) requests/2.19.1
          msrest/0.5.4 msrest_azure/0.4.34 resourcemanagementclient/2.0.0 Azure-SDK-For-Python
          AZURECLI/2.0.46]
    method: GET
    uri: https://management.azure.com/subscriptions/00000000-0000-0000-0000-000000000000/resourcegroups/cli_test_vm_list_ip000001/providers/Microsoft.Resources/deployments/mock-deployment/operationStatuses/08586647257856601768?api-version=2018-05-01
  response:
    body: {string: '{"status":"Running"}'}
    headers:
      cache-control: [no-cache]
      content-length: ['20']
      content-type: [application/json; charset=utf-8]
      date: ['Thu, 13 Sep 2018 23:25:30 GMT']
      expires: ['-1']
      pragma: [no-cache]
      strict-transport-security: [max-age=31536000; includeSubDomains]
      vary: [Accept-Encoding]
      x-content-type-options: [nosniff]
    status: {code: 200, message: OK}
- request:
    body: null
    headers:
      Accept: [application/json]
      Accept-Encoding: ['gzip, deflate']
      CommandName: [vm create]
      Connection: [keep-alive]
      User-Agent: [python/3.7.0 (Darwin-17.5.0-x86_64-i386-64bit) requests/2.19.1
          msrest/0.5.4 msrest_azure/0.4.34 resourcemanagementclient/2.0.0 Azure-SDK-For-Python
          AZURECLI/2.0.46]
    method: GET
    uri: https://management.azure.com/subscriptions/00000000-0000-0000-0000-000000000000/resourcegroups/cli_test_vm_list_ip000001/providers/Microsoft.Resources/deployments/mock-deployment/operationStatuses/08586647257856601768?api-version=2018-05-01
  response:
    body: {string: '{"status":"Running"}'}
    headers:
      cache-control: [no-cache]
      content-length: ['20']
      content-type: [application/json; charset=utf-8]
      date: ['Thu, 13 Sep 2018 23:26:00 GMT']
      expires: ['-1']
      pragma: [no-cache]
      strict-transport-security: [max-age=31536000; includeSubDomains]
      vary: [Accept-Encoding]
      x-content-type-options: [nosniff]
    status: {code: 200, message: OK}
- request:
    body: null
    headers:
      Accept: [application/json]
      Accept-Encoding: ['gzip, deflate']
      CommandName: [vm create]
      Connection: [keep-alive]
      User-Agent: [python/3.7.0 (Darwin-17.5.0-x86_64-i386-64bit) requests/2.19.1
          msrest/0.5.4 msrest_azure/0.4.34 resourcemanagementclient/2.0.0 Azure-SDK-For-Python
          AZURECLI/2.0.46]
    method: GET
    uri: https://management.azure.com/subscriptions/00000000-0000-0000-0000-000000000000/resourcegroups/cli_test_vm_list_ip000001/providers/Microsoft.Resources/deployments/mock-deployment/operationStatuses/08586647257856601768?api-version=2018-05-01
  response:
    body: {string: '{"status":"Running"}'}
    headers:
      cache-control: [no-cache]
      content-length: ['20']
      content-type: [application/json; charset=utf-8]
      date: ['Thu, 13 Sep 2018 23:26:31 GMT']
      expires: ['-1']
      pragma: [no-cache]
      strict-transport-security: [max-age=31536000; includeSubDomains]
      vary: [Accept-Encoding]
      x-content-type-options: [nosniff]
    status: {code: 200, message: OK}
- request:
    body: null
    headers:
      Accept: [application/json]
      Accept-Encoding: ['gzip, deflate']
      CommandName: [vm create]
      Connection: [keep-alive]
      User-Agent: [python/3.7.0 (Darwin-17.5.0-x86_64-i386-64bit) requests/2.19.1
          msrest/0.5.4 msrest_azure/0.4.34 resourcemanagementclient/2.0.0 Azure-SDK-For-Python
          AZURECLI/2.0.46]
    method: GET
    uri: https://management.azure.com/subscriptions/00000000-0000-0000-0000-000000000000/resourcegroups/cli_test_vm_list_ip000001/providers/Microsoft.Resources/deployments/mock-deployment/operationStatuses/08586647257856601768?api-version=2018-05-01
  response:
    body: {string: '{"status":"Running"}'}
    headers:
      cache-control: [no-cache]
      content-length: ['20']
      content-type: [application/json; charset=utf-8]
      date: ['Thu, 13 Sep 2018 23:27:01 GMT']
      expires: ['-1']
      pragma: [no-cache]
      strict-transport-security: [max-age=31536000; includeSubDomains]
      vary: [Accept-Encoding]
      x-content-type-options: [nosniff]
    status: {code: 200, message: OK}
- request:
    body: null
    headers:
      Accept: [application/json]
      Accept-Encoding: ['gzip, deflate']
      CommandName: [vm create]
      Connection: [keep-alive]
      User-Agent: [python/3.7.0 (Darwin-17.5.0-x86_64-i386-64bit) requests/2.19.1
          msrest/0.5.4 msrest_azure/0.4.34 resourcemanagementclient/2.0.0 Azure-SDK-For-Python
          AZURECLI/2.0.46]
    method: GET
    uri: https://management.azure.com/subscriptions/00000000-0000-0000-0000-000000000000/resourcegroups/cli_test_vm_list_ip000001/providers/Microsoft.Resources/deployments/mock-deployment/operationStatuses/08586647257856601768?api-version=2018-05-01
  response:
    body: {string: '{"status":"Succeeded"}'}
    headers:
      cache-control: [no-cache]
      content-length: ['22']
      content-type: [application/json; charset=utf-8]
      date: ['Thu, 13 Sep 2018 23:27:32 GMT']
      expires: ['-1']
      pragma: [no-cache]
      strict-transport-security: [max-age=31536000; includeSubDomains]
      vary: [Accept-Encoding]
      x-content-type-options: [nosniff]
    status: {code: 200, message: OK}
- request:
    body: null
    headers:
      Accept: [application/json]
      Accept-Encoding: ['gzip, deflate']
      CommandName: [vm create]
      Connection: [keep-alive]
      User-Agent: [python/3.7.0 (Darwin-17.5.0-x86_64-i386-64bit) requests/2.19.1
          msrest/0.5.4 msrest_azure/0.4.34 resourcemanagementclient/2.0.0 Azure-SDK-For-Python
          AZURECLI/2.0.46]
    method: GET
    uri: https://management.azure.com/subscriptions/00000000-0000-0000-0000-000000000000/resourcegroups/cli_test_vm_list_ip000001/providers/Microsoft.Resources/deployments/mock-deployment?api-version=2018-05-01
  response:
    body: {string: '{"id":"/subscriptions/00000000-0000-0000-0000-000000000000/resourceGroups/cli_test_vm_list_ip000001/providers/Microsoft.Resources/deployments/vm_deploy_5NcTpAjlDq3SYhQwLhIjD9nwauh5cxSP","name":"vm_deploy_5NcTpAjlDq3SYhQwLhIjD9nwauh5cxSP","properties":{"templateHash":"6037333048065795066","parameters":{"adminPassword":{"type":"SecureString"}},"mode":"Incremental","provisioningState":"Succeeded","timestamp":"2018-09-13T23:27:15.6757082Z","duration":"PT2M15.8582567S","correlationId":"51655bcf-9c89-491d-9c67-1e191673e982","providers":[{"namespace":"Microsoft.Network","resourceTypes":[{"resourceType":"virtualNetworks","locations":["centralus"]},{"resourceType":"networkSecurityGroups","locations":["centralus"]},{"resourceType":"publicIPAddresses","locations":["centralus"]},{"resourceType":"networkInterfaces","locations":["centralus"]}]},{"namespace":"Microsoft.Compute","resourceTypes":[{"resourceType":"virtualMachines","locations":["centralus"]}]}],"dependencies":[{"dependsOn":[{"id":"/subscriptions/00000000-0000-0000-0000-000000000000/resourceGroups/cli_test_vm_list_ip000001/providers/Microsoft.Network/virtualNetworks/vm-with-public-ipVNET","resourceType":"Microsoft.Network/virtualNetworks","resourceName":"vm-with-public-ipVNET"},{"id":"/subscriptions/00000000-0000-0000-0000-000000000000/resourceGroups/cli_test_vm_list_ip000001/providers/Microsoft.Network/networkSecurityGroups/vm-with-public-ipNSG","resourceType":"Microsoft.Network/networkSecurityGroups","resourceName":"vm-with-public-ipNSG"},{"id":"/subscriptions/00000000-0000-0000-0000-000000000000/resourceGroups/cli_test_vm_list_ip000001/providers/Microsoft.Network/publicIPAddresses/vm-with-public-ipPublicIP","resourceType":"Microsoft.Network/publicIPAddresses","resourceName":"vm-with-public-ipPublicIP"}],"id":"/subscriptions/00000000-0000-0000-0000-000000000000/resourceGroups/cli_test_vm_list_ip000001/providers/Microsoft.Network/networkInterfaces/vm-with-public-ipVMNic","resourceType":"Microsoft.Network/networkInterfaces","resourceName":"vm-with-public-ipVMNic"},{"dependsOn":[{"id":"/subscriptions/00000000-0000-0000-0000-000000000000/resourceGroups/cli_test_vm_list_ip000001/providers/Microsoft.Network/networkInterfaces/vm-with-public-ipVMNic","resourceType":"Microsoft.Network/networkInterfaces","resourceName":"vm-with-public-ipVMNic"}],"id":"/subscriptions/00000000-0000-0000-0000-000000000000/resourceGroups/cli_test_vm_list_ip000001/providers/Microsoft.Compute/virtualMachines/vm-with-public-ip","resourceType":"Microsoft.Compute/virtualMachines","resourceName":"vm-with-public-ip"}],"outputs":{},"outputResources":[{"id":"/subscriptions/00000000-0000-0000-0000-000000000000/resourceGroups/cli_test_vm_list_ip000001/providers/Microsoft.Compute/virtualMachines/vm-with-public-ip"},{"id":"/subscriptions/00000000-0000-0000-0000-000000000000/resourceGroups/cli_test_vm_list_ip000001/providers/Microsoft.Network/networkInterfaces/vm-with-public-ipVMNic"},{"id":"/subscriptions/00000000-0000-0000-0000-000000000000/resourceGroups/cli_test_vm_list_ip000001/providers/Microsoft.Network/networkSecurityGroups/vm-with-public-ipNSG"},{"id":"/subscriptions/00000000-0000-0000-0000-000000000000/resourceGroups/cli_test_vm_list_ip000001/providers/Microsoft.Network/publicIPAddresses/vm-with-public-ipPublicIP"},{"id":"/subscriptions/00000000-0000-0000-0000-000000000000/resourceGroups/cli_test_vm_list_ip000001/providers/Microsoft.Network/virtualNetworks/vm-with-public-ipVNET"}]}}'}
    headers:
      cache-control: [no-cache]
      content-length: ['4060']
      content-type: [application/json; charset=utf-8]
      date: ['Thu, 13 Sep 2018 23:27:32 GMT']
      expires: ['-1']
      pragma: [no-cache]
      strict-transport-security: [max-age=31536000; includeSubDomains]
      vary: [Accept-Encoding]
      x-content-type-options: [nosniff]
    status: {code: 200, message: OK}
- request:
    body: null
    headers:
      Accept: [application/json]
      Accept-Encoding: ['gzip, deflate']
      CommandName: [vm create]
      Connection: [keep-alive]
      User-Agent: [python/3.7.0 (Darwin-17.5.0-x86_64-i386-64bit) requests/2.19.1
          msrest/0.5.4 msrest_azure/0.4.34 computemanagementclient/4.0.0 Azure-SDK-For-Python
          AZURECLI/2.0.46]
      accept-language: [en-US]
    method: GET
    uri: https://management.azure.com/subscriptions/00000000-0000-0000-0000-000000000000/resourceGroups/cli_test_vm_list_ip000001/providers/Microsoft.Compute/virtualMachines/vm-with-public-ip?$expand=instanceView&api-version=2018-06-01
  response:
    body: {string: "{\r\n  \"properties\": {\r\n    \"vmId\": \"c73927f2-1b19-475b-954c-2117aeb4b3a3\"\
        ,\r\n    \"hardwareProfile\": {\r\n      \"vmSize\": \"Standard_DS1_v2\"\r\
        \n    },\r\n    \"storageProfile\": {\r\n      \"imageReference\": {\r\n \
        \       \"publisher\": \"Canonical\",\r\n        \"offer\": \"UbuntuServer\"\
        ,\r\n        \"sku\": \"14.04.4-LTS\",\r\n        \"version\": \"latest\"\r\
        \n      },\r\n      \"osDisk\": {\r\n        \"osType\": \"Linux\",\r\n  \
        \      \"name\": \"vm-with-public-ip_OsDisk_1_1b2ed149e1294d6f943e39bcd7be6b92\"\
        ,\r\n        \"createOption\": \"FromImage\",\r\n        \"caching\": \"ReadWrite\"\
        ,\r\n        \"managedDisk\": {\r\n          \"storageAccountType\": \"Premium_LRS\"\
        ,\r\n          \"id\": \"/subscriptions/00000000-0000-0000-0000-000000000000/resourceGroups/cli_test_vm_list_ip000001/providers/Microsoft.Compute/disks/vm-with-public-ip_OsDisk_1_1b2ed149e1294d6f943e39bcd7be6b92\"\
        \r\n        },\r\n        \"diskSizeGB\": 30\r\n      },\r\n      \"dataDisks\"\
        : []\r\n    },\r\n    \"osProfile\": {\r\n      \"computerName\": \"vm-with-public-ip\"\
        ,\r\n      \"adminUsername\": \"ubuntu\",\r\n      \"linuxConfiguration\"\
        : {\r\n        \"disablePasswordAuthentication\": false,\r\n        \"provisionVMAgent\"\
        : true\r\n      },\r\n      \"secrets\": [],\r\n      \"allowExtensionOperations\"\
        : true\r\n    },\r\n    \"networkProfile\": {\"networkInterfaces\":[{\"id\"\
        :\"/subscriptions/00000000-0000-0000-0000-000000000000/resourceGroups/cli_test_vm_list_ip000001/providers/Microsoft.Network/networkInterfaces/vm-with-public-ipVMNic\"\
        }]},\r\n    \"provisioningState\": \"Succeeded\",\r\n    \"instanceView\"\
        : {\r\n      \"computerName\": \"vm-with-public-ip\",\r\n      \"osName\"\
        : \"ubuntu\",\r\n      \"osVersion\": \"14.04\",\r\n      \"vmAgent\": {\r\
        \n        \"vmAgentVersion\": \"2.2.31\",\r\n        \"statuses\": [\r\n \
        \         {\r\n            \"code\": \"ProvisioningState/succeeded\",\r\n\
        \            \"level\": \"Info\",\r\n            \"displayStatus\": \"Ready\"\
        ,\r\n            \"message\": \"Guest Agent is running\",\r\n            \"\
        time\": \"2018-09-13T23:27:30+00:00\"\r\n          }\r\n        ],\r\n   \
        \     \"extensionHandlers\": []\r\n      },\r\n      \"disks\": [\r\n    \
        \    {\r\n          \"name\": \"vm-with-public-ip_OsDisk_1_1b2ed149e1294d6f943e39bcd7be6b92\"\
        ,\r\n          \"statuses\": [\r\n            {\r\n              \"code\"\
        : \"ProvisioningState/succeeded\",\r\n              \"level\": \"Info\",\r\
        \n              \"displayStatus\": \"Provisioning succeeded\",\r\n       \
        \       \"time\": \"2018-09-13T23:25:48.3277553+00:00\"\r\n            }\r\
        \n          ]\r\n        }\r\n      ],\r\n      \"statuses\": [\r\n      \
        \  {\r\n          \"code\": \"ProvisioningState/succeeded\",\r\n         \
        \ \"level\": \"Info\",\r\n          \"displayStatus\": \"Provisioning succeeded\"\
        ,\r\n          \"time\": \"2018-09-13T23:27:01.2309005+00:00\"\r\n       \
        \ },\r\n        {\r\n          \"code\": \"PowerState/running\",\r\n     \
        \     \"level\": \"Info\",\r\n          \"displayStatus\": \"VM running\"\r\
        \n        }\r\n      ]\r\n    }\r\n  },\r\n  \"zones\": [\r\n    \"2\"\r\n\
        \  ],\r\n  \"type\": \"Microsoft.Compute/virtualMachines\",\r\n  \"location\"\
        : \"centralus\",\r\n  \"tags\": {},\r\n  \"id\": \"/subscriptions/00000000-0000-0000-0000-000000000000/resourceGroups/cli_test_vm_list_ip000001/providers/Microsoft.Compute/virtualMachines/vm-with-public-ip\"\
        ,\r\n  \"name\": \"vm-with-public-ip\"\r\n}"}
    headers:
      cache-control: [no-cache]
      content-length: ['3203']
      content-type: [application/json; charset=utf-8]
      date: ['Thu, 13 Sep 2018 23:27:32 GMT']
      expires: ['-1']
      pragma: [no-cache]
      server: [Microsoft-HTTPAPI/2.0, Microsoft-HTTPAPI/2.0]
      strict-transport-security: [max-age=31536000; includeSubDomains]
      transfer-encoding: [chunked]
      vary: [Accept-Encoding]
      x-content-type-options: [nosniff]
      x-ms-ratelimit-remaining-resource: ['Microsoft.Compute/LowCostGet3Min;3993,Microsoft.Compute/LowCostGet30Min;31970']
    status: {code: 200, message: OK}
- request:
    body: null
    headers:
      Accept: [application/json]
      Accept-Encoding: ['gzip, deflate']
      CommandName: [vm create]
      Connection: [keep-alive]
      User-Agent: [python/3.7.0 (Darwin-17.5.0-x86_64-i386-64bit) requests/2.19.1
          msrest/0.5.4 msrest_azure/0.4.34 networkmanagementclient/2.2.0 Azure-SDK-For-Python
          AZURECLI/2.0.46]
      accept-language: [en-US]
    method: GET
    uri: https://management.azure.com/subscriptions/00000000-0000-0000-0000-000000000000/resourceGroups/cli_test_vm_list_ip000001/providers/Microsoft.Network/networkInterfaces/vm-with-public-ipVMNic?api-version=2018-01-01
  response:
    body: {string: "{\r\n  \"name\": \"vm-with-public-ipVMNic\",\r\n  \"id\": \"/subscriptions/00000000-0000-0000-0000-000000000000/resourceGroups/cli_test_vm_list_ip000001/providers/Microsoft.Network/networkInterfaces/vm-with-public-ipVMNic\"\
        ,\r\n  \"etag\": \"W/\\\"32b026bd-1a32-4068-a098-75b2e749a8b5\\\"\",\r\n \
        \ \"location\": \"centralus\",\r\n  \"tags\": {},\r\n  \"properties\": {\r\
        \n    \"provisioningState\": \"Succeeded\",\r\n    \"resourceGuid\": \"de6122ff-273e-476c-8896-240efff50530\"\
        ,\r\n    \"ipConfigurations\": [\r\n      {\r\n        \"name\": \"ipconfigvm-with-public-ip\"\
        ,\r\n        \"id\": \"/subscriptions/00000000-0000-0000-0000-000000000000/resourceGroups/cli_test_vm_list_ip000001/providers/Microsoft.Network/networkInterfaces/vm-with-public-ipVMNic/ipConfigurations/ipconfigvm-with-public-ip\"\
        ,\r\n        \"etag\": \"W/\\\"32b026bd-1a32-4068-a098-75b2e749a8b5\\\"\"\
        ,\r\n        \"type\": \"Microsoft.Network/networkInterfaces/ipConfigurations\"\
        ,\r\n        \"properties\": {\r\n          \"provisioningState\": \"Succeeded\"\
        ,\r\n          \"privateIPAddress\": \"10.0.0.4\",\r\n          \"privateIPAllocationMethod\"\
        : \"Dynamic\",\r\n          \"publicIPAddress\": {\r\n            \"id\":\
        \ \"/subscriptions/00000000-0000-0000-0000-000000000000/resourceGroups/cli_test_vm_list_ip000001/providers/Microsoft.Network/publicIPAddresses/vm-with-public-ipPublicIP\"\
        \r\n          },\r\n          \"subnet\": {\r\n            \"id\": \"/subscriptions/00000000-0000-0000-0000-000000000000/resourceGroups/cli_test_vm_list_ip000001/providers/Microsoft.Network/virtualNetworks/vm-with-public-ipVNET/subnets/vm-with-public-ipSubnet\"\
        \r\n          },\r\n          \"primary\": true,\r\n          \"privateIPAddressVersion\"\
        : \"IPv4\",\r\n          \"isInUseWithService\": false\r\n        }\r\n  \
        \    }\r\n    ],\r\n    \"dnsSettings\": {\r\n      \"dnsServers\": [],\r\n\
        \      \"appliedDnsServers\": [],\r\n      \"internalDomainNameSuffix\": \"\
        nikohueneepu1iiy3p2gkrj05f.gx.internal.cloudapp.net\"\r\n    },\r\n    \"\
        macAddress\": \"00-0D-3A-3E-E9-00\",\r\n    \"enableAcceleratedNetworking\"\
        : false,\r\n    \"enableIPForwarding\": false,\r\n    \"networkSecurityGroup\"\
        : {\r\n      \"id\": \"/subscriptions/00000000-0000-0000-0000-000000000000/resourceGroups/cli_test_vm_list_ip000001/providers/Microsoft.Network/networkSecurityGroups/vm-with-public-ipNSG\"\
        \r\n    },\r\n    \"primary\": true,\r\n    \"virtualMachine\": {\r\n    \
        \  \"id\": \"/subscriptions/00000000-0000-0000-0000-000000000000/resourceGroups/cli_test_vm_list_ip000001/providers/Microsoft.Compute/virtualMachines/vm-with-public-ip\"\
        \r\n    }\r\n  },\r\n  \"type\": \"Microsoft.Network/networkInterfaces\"\r\
        \n}"}
    headers:
      cache-control: [no-cache]
      content-length: ['2751']
      content-type: [application/json; charset=utf-8]
      date: ['Thu, 13 Sep 2018 23:27:34 GMT']
      etag: [W/"32b026bd-1a32-4068-a098-75b2e749a8b5"]
      expires: ['-1']
      pragma: [no-cache]
      server: [Microsoft-HTTPAPI/2.0, Microsoft-HTTPAPI/2.0]
      strict-transport-security: [max-age=31536000; includeSubDomains]
      transfer-encoding: [chunked]
      vary: [Accept-Encoding]
      x-content-type-options: [nosniff]
    status: {code: 200, message: OK}
- request:
    body: null
    headers:
      Accept: [application/json]
      Accept-Encoding: ['gzip, deflate']
      CommandName: [vm create]
      Connection: [keep-alive]
      User-Agent: [python/3.7.0 (Darwin-17.5.0-x86_64-i386-64bit) requests/2.19.1
          msrest/0.5.4 msrest_azure/0.4.34 networkmanagementclient/2.2.0 Azure-SDK-For-Python
          AZURECLI/2.0.46]
      accept-language: [en-US]
    method: GET
    uri: https://management.azure.com/subscriptions/00000000-0000-0000-0000-000000000000/resourceGroups/cli_test_vm_list_ip000001/providers/Microsoft.Network/publicIPAddresses/vm-with-public-ipPublicIP?api-version=2018-01-01
  response:
    body: {string: "{\r\n  \"name\": \"vm-with-public-ipPublicIP\",\r\n  \"id\": \"\
        /subscriptions/00000000-0000-0000-0000-000000000000/resourceGroups/cli_test_vm_list_ip000001/providers/Microsoft.Network/publicIPAddresses/vm-with-public-ipPublicIP\"\
        ,\r\n  \"etag\": \"W/\\\"35aa9bb8-c41c-4dae-8aa8-9a0a24e36bde\\\"\",\r\n \
        \ \"location\": \"centralus\",\r\n  \"tags\": {},\r\n  \"zones\": [\r\n  \
        \  \"2\"\r\n  ],\r\n  \"properties\": {\r\n    \"provisioningState\": \"Succeeded\"\
        ,\r\n    \"resourceGuid\": \"cbb65933-2680-4a12-aa95-e551dbef9a31\",\r\n \
        \   \"ipAddress\": \"52.238.213.76\",\r\n    \"publicIPAddressVersion\": \"\
        IPv4\",\r\n    \"publicIPAllocationMethod\": \"Dynamic\",\r\n    \"idleTimeoutInMinutes\"\
        : 4,\r\n    \"ipTags\": [],\r\n    \"ipConfiguration\": {\r\n      \"id\"\
        : \"/subscriptions/00000000-0000-0000-0000-000000000000/resourceGroups/cli_test_vm_list_ip000001/providers/Microsoft.Network/networkInterfaces/vm-with-public-ipVMNic/ipConfigurations/ipconfigvm-with-public-ip\"\
        \r\n    }\r\n  },\r\n  \"type\": \"Microsoft.Network/publicIPAddresses\",\r\
        \n  \"sku\": {\r\n    \"name\": \"Basic\",\r\n    \"tier\": \"Regional\"\r\
        \n  }\r\n}"}
    headers:
      cache-control: [no-cache]
      content-length: ['1110']
      content-type: [application/json; charset=utf-8]
      date: ['Thu, 13 Sep 2018 23:27:33 GMT']
      etag: [W/"35aa9bb8-c41c-4dae-8aa8-9a0a24e36bde"]
      expires: ['-1']
      pragma: [no-cache]
      server: [Microsoft-HTTPAPI/2.0, Microsoft-HTTPAPI/2.0]
      strict-transport-security: [max-age=31536000; includeSubDomains]
      transfer-encoding: [chunked]
      vary: [Accept-Encoding]
      x-content-type-options: [nosniff]
    status: {code: 200, message: OK}
- request:
    body: null
    headers:
      Accept: [application/json]
      Accept-Encoding: ['gzip, deflate']
      CommandName: [vm show]
      Connection: [keep-alive]
      User-Agent: [python/3.7.0 (Darwin-17.5.0-x86_64-i386-64bit) requests/2.19.1
          msrest/0.5.4 msrest_azure/0.4.34 computemanagementclient/4.0.0 Azure-SDK-For-Python
          AZURECLI/2.0.46]
      accept-language: [en-US]
    method: GET
    uri: https://management.azure.com/subscriptions/00000000-0000-0000-0000-000000000000/resourceGroups/cli_test_vm_list_ip000001/providers/Microsoft.Compute/virtualMachines/vm-with-public-ip?$expand=instanceView&api-version=2018-06-01
  response:
    body: {string: "{\r\n  \"properties\": {\r\n    \"vmId\": \"c73927f2-1b19-475b-954c-2117aeb4b3a3\"\
        ,\r\n    \"hardwareProfile\": {\r\n      \"vmSize\": \"Standard_DS1_v2\"\r\
        \n    },\r\n    \"storageProfile\": {\r\n      \"imageReference\": {\r\n \
        \       \"publisher\": \"Canonical\",\r\n        \"offer\": \"UbuntuServer\"\
        ,\r\n        \"sku\": \"14.04.4-LTS\",\r\n        \"version\": \"latest\"\r\
        \n      },\r\n      \"osDisk\": {\r\n        \"osType\": \"Linux\",\r\n  \
        \      \"name\": \"vm-with-public-ip_OsDisk_1_1b2ed149e1294d6f943e39bcd7be6b92\"\
        ,\r\n        \"createOption\": \"FromImage\",\r\n        \"caching\": \"ReadWrite\"\
        ,\r\n        \"managedDisk\": {\r\n          \"storageAccountType\": \"Premium_LRS\"\
        ,\r\n          \"id\": \"/subscriptions/00000000-0000-0000-0000-000000000000/resourceGroups/cli_test_vm_list_ip000001/providers/Microsoft.Compute/disks/vm-with-public-ip_OsDisk_1_1b2ed149e1294d6f943e39bcd7be6b92\"\
        \r\n        },\r\n        \"diskSizeGB\": 30\r\n      },\r\n      \"dataDisks\"\
        : []\r\n    },\r\n    \"osProfile\": {\r\n      \"computerName\": \"vm-with-public-ip\"\
        ,\r\n      \"adminUsername\": \"ubuntu\",\r\n      \"linuxConfiguration\"\
        : {\r\n        \"disablePasswordAuthentication\": false,\r\n        \"provisionVMAgent\"\
        : true\r\n      },\r\n      \"secrets\": [],\r\n      \"allowExtensionOperations\"\
        : true\r\n    },\r\n    \"networkProfile\": {\"networkInterfaces\":[{\"id\"\
        :\"/subscriptions/00000000-0000-0000-0000-000000000000/resourceGroups/cli_test_vm_list_ip000001/providers/Microsoft.Network/networkInterfaces/vm-with-public-ipVMNic\"\
        }]},\r\n    \"provisioningState\": \"Succeeded\",\r\n    \"instanceView\"\
        : {\r\n      \"computerName\": \"vm-with-public-ip\",\r\n      \"osName\"\
        : \"ubuntu\",\r\n      \"osVersion\": \"14.04\",\r\n      \"vmAgent\": {\r\
        \n        \"vmAgentVersion\": \"2.2.31\",\r\n        \"statuses\": [\r\n \
        \         {\r\n            \"code\": \"ProvisioningState/succeeded\",\r\n\
        \            \"level\": \"Info\",\r\n            \"displayStatus\": \"Ready\"\
        ,\r\n            \"message\": \"Guest Agent is running\",\r\n            \"\
        time\": \"2018-09-13T23:27:33+00:00\"\r\n          }\r\n        ],\r\n   \
        \     \"extensionHandlers\": []\r\n      },\r\n      \"disks\": [\r\n    \
        \    {\r\n          \"name\": \"vm-with-public-ip_OsDisk_1_1b2ed149e1294d6f943e39bcd7be6b92\"\
        ,\r\n          \"statuses\": [\r\n            {\r\n              \"code\"\
        : \"ProvisioningState/succeeded\",\r\n              \"level\": \"Info\",\r\
        \n              \"displayStatus\": \"Provisioning succeeded\",\r\n       \
        \       \"time\": \"2018-09-13T23:25:48.3277553+00:00\"\r\n            }\r\
        \n          ]\r\n        }\r\n      ],\r\n      \"statuses\": [\r\n      \
        \  {\r\n          \"code\": \"ProvisioningState/succeeded\",\r\n         \
        \ \"level\": \"Info\",\r\n          \"displayStatus\": \"Provisioning succeeded\"\
        ,\r\n          \"time\": \"2018-09-13T23:27:01.2309005+00:00\"\r\n       \
        \ },\r\n        {\r\n          \"code\": \"PowerState/running\",\r\n     \
        \     \"level\": \"Info\",\r\n          \"displayStatus\": \"VM running\"\r\
        \n        }\r\n      ]\r\n    }\r\n  },\r\n  \"zones\": [\r\n    \"2\"\r\n\
        \  ],\r\n  \"type\": \"Microsoft.Compute/virtualMachines\",\r\n  \"location\"\
        : \"centralus\",\r\n  \"tags\": {},\r\n  \"id\": \"/subscriptions/00000000-0000-0000-0000-000000000000/resourceGroups/cli_test_vm_list_ip000001/providers/Microsoft.Compute/virtualMachines/vm-with-public-ip\"\
        ,\r\n  \"name\": \"vm-with-public-ip\"\r\n}"}
    headers:
      cache-control: [no-cache]
      content-length: ['3203']
      content-type: [application/json; charset=utf-8]
      date: ['Thu, 13 Sep 2018 23:27:44 GMT']
      expires: ['-1']
      pragma: [no-cache]
      server: [Microsoft-HTTPAPI/2.0, Microsoft-HTTPAPI/2.0]
      strict-transport-security: [max-age=31536000; includeSubDomains]
      transfer-encoding: [chunked]
      vary: [Accept-Encoding]
      x-content-type-options: [nosniff]
      x-ms-ratelimit-remaining-resource: ['Microsoft.Compute/LowCostGet3Min;3992,Microsoft.Compute/LowCostGet30Min;31969']
    status: {code: 200, message: OK}
- request:
    body: null
    headers:
      Accept: [application/json]
      Accept-Encoding: ['gzip, deflate']
      CommandName: [vm show]
      Connection: [keep-alive]
      User-Agent: [python/3.7.0 (Darwin-17.5.0-x86_64-i386-64bit) requests/2.19.1
          msrest/0.5.4 msrest_azure/0.4.34 networkmanagementclient/2.2.0 Azure-SDK-For-Python
          AZURECLI/2.0.46]
      accept-language: [en-US]
    method: GET
    uri: https://management.azure.com/subscriptions/00000000-0000-0000-0000-000000000000/resourceGroups/cli_test_vm_list_ip000001/providers/Microsoft.Network/networkInterfaces/vm-with-public-ipVMNic?api-version=2018-01-01
  response:
    body: {string: "{\r\n  \"name\": \"vm-with-public-ipVMNic\",\r\n  \"id\": \"/subscriptions/00000000-0000-0000-0000-000000000000/resourceGroups/cli_test_vm_list_ip000001/providers/Microsoft.Network/networkInterfaces/vm-with-public-ipVMNic\"\
        ,\r\n  \"etag\": \"W/\\\"32b026bd-1a32-4068-a098-75b2e749a8b5\\\"\",\r\n \
        \ \"location\": \"centralus\",\r\n  \"tags\": {},\r\n  \"properties\": {\r\
        \n    \"provisioningState\": \"Succeeded\",\r\n    \"resourceGuid\": \"de6122ff-273e-476c-8896-240efff50530\"\
        ,\r\n    \"ipConfigurations\": [\r\n      {\r\n        \"name\": \"ipconfigvm-with-public-ip\"\
        ,\r\n        \"id\": \"/subscriptions/00000000-0000-0000-0000-000000000000/resourceGroups/cli_test_vm_list_ip000001/providers/Microsoft.Network/networkInterfaces/vm-with-public-ipVMNic/ipConfigurations/ipconfigvm-with-public-ip\"\
        ,\r\n        \"etag\": \"W/\\\"32b026bd-1a32-4068-a098-75b2e749a8b5\\\"\"\
        ,\r\n        \"type\": \"Microsoft.Network/networkInterfaces/ipConfigurations\"\
        ,\r\n        \"properties\": {\r\n          \"provisioningState\": \"Succeeded\"\
        ,\r\n          \"privateIPAddress\": \"10.0.0.4\",\r\n          \"privateIPAllocationMethod\"\
        : \"Dynamic\",\r\n          \"publicIPAddress\": {\r\n            \"id\":\
        \ \"/subscriptions/00000000-0000-0000-0000-000000000000/resourceGroups/cli_test_vm_list_ip000001/providers/Microsoft.Network/publicIPAddresses/vm-with-public-ipPublicIP\"\
        \r\n          },\r\n          \"subnet\": {\r\n            \"id\": \"/subscriptions/00000000-0000-0000-0000-000000000000/resourceGroups/cli_test_vm_list_ip000001/providers/Microsoft.Network/virtualNetworks/vm-with-public-ipVNET/subnets/vm-with-public-ipSubnet\"\
        \r\n          },\r\n          \"primary\": true,\r\n          \"privateIPAddressVersion\"\
        : \"IPv4\",\r\n          \"isInUseWithService\": false\r\n        }\r\n  \
        \    }\r\n    ],\r\n    \"dnsSettings\": {\r\n      \"dnsServers\": [],\r\n\
        \      \"appliedDnsServers\": [],\r\n      \"internalDomainNameSuffix\": \"\
        nikohueneepu1iiy3p2gkrj05f.gx.internal.cloudapp.net\"\r\n    },\r\n    \"\
        macAddress\": \"00-0D-3A-3E-E9-00\",\r\n    \"enableAcceleratedNetworking\"\
        : false,\r\n    \"enableIPForwarding\": false,\r\n    \"networkSecurityGroup\"\
        : {\r\n      \"id\": \"/subscriptions/00000000-0000-0000-0000-000000000000/resourceGroups/cli_test_vm_list_ip000001/providers/Microsoft.Network/networkSecurityGroups/vm-with-public-ipNSG\"\
        \r\n    },\r\n    \"primary\": true,\r\n    \"virtualMachine\": {\r\n    \
        \  \"id\": \"/subscriptions/00000000-0000-0000-0000-000000000000/resourceGroups/cli_test_vm_list_ip000001/providers/Microsoft.Compute/virtualMachines/vm-with-public-ip\"\
        \r\n    }\r\n  },\r\n  \"type\": \"Microsoft.Network/networkInterfaces\"\r\
        \n}"}
    headers:
      cache-control: [no-cache]
      content-length: ['2751']
      content-type: [application/json; charset=utf-8]
      date: ['Thu, 13 Sep 2018 23:27:45 GMT']
      etag: [W/"32b026bd-1a32-4068-a098-75b2e749a8b5"]
      expires: ['-1']
      pragma: [no-cache]
      server: [Microsoft-HTTPAPI/2.0, Microsoft-HTTPAPI/2.0]
      strict-transport-security: [max-age=31536000; includeSubDomains]
      transfer-encoding: [chunked]
      vary: [Accept-Encoding]
      x-content-type-options: [nosniff]
    status: {code: 200, message: OK}
- request:
    body: null
    headers:
      Accept: [application/json]
      Accept-Encoding: ['gzip, deflate']
      CommandName: [vm show]
      Connection: [keep-alive]
      User-Agent: [python/3.7.0 (Darwin-17.5.0-x86_64-i386-64bit) requests/2.19.1
          msrest/0.5.4 msrest_azure/0.4.34 networkmanagementclient/2.2.0 Azure-SDK-For-Python
          AZURECLI/2.0.46]
      accept-language: [en-US]
    method: GET
    uri: https://management.azure.com/subscriptions/00000000-0000-0000-0000-000000000000/resourceGroups/cli_test_vm_list_ip000001/providers/Microsoft.Network/publicIPAddresses/vm-with-public-ipPublicIP?api-version=2018-01-01
  response:
    body: {string: "{\r\n  \"name\": \"vm-with-public-ipPublicIP\",\r\n  \"id\": \"\
        /subscriptions/00000000-0000-0000-0000-000000000000/resourceGroups/cli_test_vm_list_ip000001/providers/Microsoft.Network/publicIPAddresses/vm-with-public-ipPublicIP\"\
        ,\r\n  \"etag\": \"W/\\\"35aa9bb8-c41c-4dae-8aa8-9a0a24e36bde\\\"\",\r\n \
        \ \"location\": \"centralus\",\r\n  \"tags\": {},\r\n  \"zones\": [\r\n  \
        \  \"2\"\r\n  ],\r\n  \"properties\": {\r\n    \"provisioningState\": \"Succeeded\"\
        ,\r\n    \"resourceGuid\": \"cbb65933-2680-4a12-aa95-e551dbef9a31\",\r\n \
        \   \"ipAddress\": \"52.238.213.76\",\r\n    \"publicIPAddressVersion\": \"\
        IPv4\",\r\n    \"publicIPAllocationMethod\": \"Dynamic\",\r\n    \"idleTimeoutInMinutes\"\
        : 4,\r\n    \"ipTags\": [],\r\n    \"ipConfiguration\": {\r\n      \"id\"\
        : \"/subscriptions/00000000-0000-0000-0000-000000000000/resourceGroups/cli_test_vm_list_ip000001/providers/Microsoft.Network/networkInterfaces/vm-with-public-ipVMNic/ipConfigurations/ipconfigvm-with-public-ip\"\
        \r\n    }\r\n  },\r\n  \"type\": \"Microsoft.Network/publicIPAddresses\",\r\
        \n  \"sku\": {\r\n    \"name\": \"Basic\",\r\n    \"tier\": \"Regional\"\r\
        \n  }\r\n}"}
    headers:
      cache-control: [no-cache]
      content-length: ['1110']
      content-type: [application/json; charset=utf-8]
      date: ['Thu, 13 Sep 2018 23:27:46 GMT']
      etag: [W/"35aa9bb8-c41c-4dae-8aa8-9a0a24e36bde"]
      expires: ['-1']
      pragma: [no-cache]
      server: [Microsoft-HTTPAPI/2.0, Microsoft-HTTPAPI/2.0]
      strict-transport-security: [max-age=31536000; includeSubDomains]
      transfer-encoding: [chunked]
      vary: [Accept-Encoding]
      x-content-type-options: [nosniff]
    status: {code: 200, message: OK}
- request:
    body: null
    headers:
      Accept: [application/json]
      Accept-Encoding: ['gzip, deflate']
      CommandName: [vm list]
      Connection: [keep-alive]
      User-Agent: [python/3.7.0 (Darwin-17.5.0-x86_64-i386-64bit) requests/2.19.1
          msrest/0.5.4 msrest_azure/0.4.34 computemanagementclient/4.0.0 Azure-SDK-For-Python
          AZURECLI/2.0.46]
      accept-language: [en-US]
    method: GET
    uri: https://management.azure.com/subscriptions/00000000-0000-0000-0000-000000000000/resourceGroups/cli_test_vm_list_ip000001/providers/Microsoft.Compute/virtualMachines?api-version=2018-06-01
  response:
    body: {string: "{\r\n  \"value\": [\r\n    {\r\n      \"properties\": {\r\n  \
        \      \"vmId\": \"c73927f2-1b19-475b-954c-2117aeb4b3a3\",\r\n        \"hardwareProfile\"\
        : {\r\n          \"vmSize\": \"Standard_DS1_v2\"\r\n        },\r\n       \
        \ \"storageProfile\": {\r\n          \"imageReference\": {\r\n           \
        \ \"publisher\": \"Canonical\",\r\n            \"offer\": \"UbuntuServer\"\
        ,\r\n            \"sku\": \"14.04.4-LTS\",\r\n            \"version\": \"\
        latest\"\r\n          },\r\n          \"osDisk\": {\r\n            \"osType\"\
        : \"Linux\",\r\n            \"name\": \"vm-with-public-ip_OsDisk_1_1b2ed149e1294d6f943e39bcd7be6b92\"\
        ,\r\n            \"createOption\": \"FromImage\",\r\n            \"caching\"\
        : \"ReadWrite\",\r\n            \"managedDisk\": {\r\n              \"storageAccountType\"\
        : \"Premium_LRS\",\r\n              \"id\": \"/subscriptions/00000000-0000-0000-0000-000000000000/resourceGroups/cli_test_vm_list_ip000001/providers/Microsoft.Compute/disks/vm-with-public-ip_OsDisk_1_1b2ed149e1294d6f943e39bcd7be6b92\"\
        \r\n            },\r\n            \"diskSizeGB\": 30\r\n          },\r\n \
        \         \"dataDisks\": []\r\n        },\r\n        \"osProfile\": {\r\n\
        \          \"computerName\": \"vm-with-public-ip\",\r\n          \"adminUsername\"\
        : \"ubuntu\",\r\n          \"linuxConfiguration\": {\r\n            \"disablePasswordAuthentication\"\
        : false,\r\n            \"provisionVMAgent\": true\r\n          },\r\n   \
        \       \"secrets\": [],\r\n          \"allowExtensionOperations\": true\r\
        \n        },\r\n        \"networkProfile\": {\"networkInterfaces\":[{\"id\"\
        :\"/subscriptions/00000000-0000-0000-0000-000000000000/resourceGroups/cli_test_vm_list_ip000001/providers/Microsoft.Network/networkInterfaces/vm-with-public-ipVMNic\"\
        }]},\r\n        \"provisioningState\": \"Succeeded\"\r\n      },\r\n     \
        \ \"zones\": [\r\n        \"2\"\r\n      ],\r\n      \"type\": \"Microsoft.Compute/virtualMachines\"\
        ,\r\n      \"location\": \"centralus\",\r\n      \"tags\": {},\r\n      \"\
        id\": \"/subscriptions/00000000-0000-0000-0000-000000000000/resourceGroups/cli_test_vm_list_ip000001/providers/Microsoft.Compute/virtualMachines/vm-with-public-ip\"\
        ,\r\n      \"name\": \"vm-with-public-ip\"\r\n    }\r\n  ]\r\n}"}
    headers:
      cache-control: [no-cache]
      content-length: ['2133']
      content-type: [application/json; charset=utf-8]
      date: ['Thu, 13 Sep 2018 23:27:47 GMT']
      expires: ['-1']
      pragma: [no-cache]
      server: [Microsoft-HTTPAPI/2.0, Microsoft-HTTPAPI/2.0]
      strict-transport-security: [max-age=31536000; includeSubDomains]
      transfer-encoding: [chunked]
      vary: [Accept-Encoding]
      x-content-type-options: [nosniff]
      x-ms-ratelimit-remaining-resource: ['Microsoft.Compute/HighCostGet3Min;139,Microsoft.Compute/HighCostGet30Min;698']
    status: {code: 200, message: OK}
- request:
    body: null
    headers:
      Accept: [application/json]
      Accept-Encoding: ['gzip, deflate']
      CommandName: [vm list]
      Connection: [keep-alive]
      User-Agent: [python/3.7.0 (Darwin-17.5.0-x86_64-i386-64bit) requests/2.19.1
          msrest/0.5.4 msrest_azure/0.4.34 computemanagementclient/4.0.0 Azure-SDK-For-Python
          AZURECLI/2.0.46]
      accept-language: [en-US]
    method: GET
    uri: https://management.azure.com/subscriptions/00000000-0000-0000-0000-000000000000/resourceGroups/cli_test_vm_list_ip000001/providers/Microsoft.Compute/virtualMachines/vm-with-public-ip?$expand=instanceView&api-version=2018-06-01
  response:
    body: {string: "{\r\n  \"properties\": {\r\n    \"vmId\": \"c73927f2-1b19-475b-954c-2117aeb4b3a3\"\
        ,\r\n    \"hardwareProfile\": {\r\n      \"vmSize\": \"Standard_DS1_v2\"\r\
        \n    },\r\n    \"storageProfile\": {\r\n      \"imageReference\": {\r\n \
        \       \"publisher\": \"Canonical\",\r\n        \"offer\": \"UbuntuServer\"\
        ,\r\n        \"sku\": \"14.04.4-LTS\",\r\n        \"version\": \"latest\"\r\
        \n      },\r\n      \"osDisk\": {\r\n        \"osType\": \"Linux\",\r\n  \
        \      \"name\": \"vm-with-public-ip_OsDisk_1_1b2ed149e1294d6f943e39bcd7be6b92\"\
        ,\r\n        \"createOption\": \"FromImage\",\r\n        \"caching\": \"ReadWrite\"\
        ,\r\n        \"managedDisk\": {\r\n          \"storageAccountType\": \"Premium_LRS\"\
        ,\r\n          \"id\": \"/subscriptions/00000000-0000-0000-0000-000000000000/resourceGroups/cli_test_vm_list_ip000001/providers/Microsoft.Compute/disks/vm-with-public-ip_OsDisk_1_1b2ed149e1294d6f943e39bcd7be6b92\"\
        \r\n        },\r\n        \"diskSizeGB\": 30\r\n      },\r\n      \"dataDisks\"\
        : []\r\n    },\r\n    \"osProfile\": {\r\n      \"computerName\": \"vm-with-public-ip\"\
        ,\r\n      \"adminUsername\": \"ubuntu\",\r\n      \"linuxConfiguration\"\
        : {\r\n        \"disablePasswordAuthentication\": false,\r\n        \"provisionVMAgent\"\
        : true\r\n      },\r\n      \"secrets\": [],\r\n      \"allowExtensionOperations\"\
        : true\r\n    },\r\n    \"networkProfile\": {\"networkInterfaces\":[{\"id\"\
        :\"/subscriptions/00000000-0000-0000-0000-000000000000/resourceGroups/cli_test_vm_list_ip000001/providers/Microsoft.Network/networkInterfaces/vm-with-public-ipVMNic\"\
        }]},\r\n    \"provisioningState\": \"Succeeded\",\r\n    \"instanceView\"\
        : {\r\n      \"computerName\": \"vm-with-public-ip\",\r\n      \"osName\"\
        : \"ubuntu\",\r\n      \"osVersion\": \"14.04\",\r\n      \"vmAgent\": {\r\
        \n        \"vmAgentVersion\": \"2.2.31\",\r\n        \"statuses\": [\r\n \
        \         {\r\n            \"code\": \"ProvisioningState/succeeded\",\r\n\
        \            \"level\": \"Info\",\r\n            \"displayStatus\": \"Ready\"\
        ,\r\n            \"message\": \"Guest Agent is running\",\r\n            \"\
        time\": \"2018-09-13T23:27:45+00:00\"\r\n          }\r\n        ],\r\n   \
        \     \"extensionHandlers\": []\r\n      },\r\n      \"disks\": [\r\n    \
        \    {\r\n          \"name\": \"vm-with-public-ip_OsDisk_1_1b2ed149e1294d6f943e39bcd7be6b92\"\
        ,\r\n          \"statuses\": [\r\n            {\r\n              \"code\"\
        : \"ProvisioningState/succeeded\",\r\n              \"level\": \"Info\",\r\
        \n              \"displayStatus\": \"Provisioning succeeded\",\r\n       \
        \       \"time\": \"2018-09-13T23:25:48.3277553+00:00\"\r\n            }\r\
        \n          ]\r\n        }\r\n      ],\r\n      \"statuses\": [\r\n      \
        \  {\r\n          \"code\": \"ProvisioningState/succeeded\",\r\n         \
        \ \"level\": \"Info\",\r\n          \"displayStatus\": \"Provisioning succeeded\"\
        ,\r\n          \"time\": \"2018-09-13T23:27:01.2309005+00:00\"\r\n       \
        \ },\r\n        {\r\n          \"code\": \"PowerState/running\",\r\n     \
        \     \"level\": \"Info\",\r\n          \"displayStatus\": \"VM running\"\r\
        \n        }\r\n      ]\r\n    }\r\n  },\r\n  \"zones\": [\r\n    \"2\"\r\n\
        \  ],\r\n  \"type\": \"Microsoft.Compute/virtualMachines\",\r\n  \"location\"\
        : \"centralus\",\r\n  \"tags\": {},\r\n  \"id\": \"/subscriptions/00000000-0000-0000-0000-000000000000/resourceGroups/cli_test_vm_list_ip000001/providers/Microsoft.Compute/virtualMachines/vm-with-public-ip\"\
        ,\r\n  \"name\": \"vm-with-public-ip\"\r\n}"}
    headers:
      cache-control: [no-cache]
      content-length: ['3203']
      content-type: [application/json; charset=utf-8]
      date: ['Thu, 13 Sep 2018 23:27:57 GMT']
      expires: ['-1']
      pragma: [no-cache]
      server: [Microsoft-HTTPAPI/2.0, Microsoft-HTTPAPI/2.0]
      strict-transport-security: [max-age=31536000; includeSubDomains]
      transfer-encoding: [chunked]
      vary: [Accept-Encoding]
      x-content-type-options: [nosniff]
      x-ms-ratelimit-remaining-resource: ['Microsoft.Compute/LowCostGet3Min;3991,Microsoft.Compute/LowCostGet30Min;31968']
    status: {code: 200, message: OK}
- request:
    body: null
    headers:
      Accept: [application/json]
      Accept-Encoding: ['gzip, deflate']
      CommandName: [vm list]
      Connection: [keep-alive]
      User-Agent: [python/3.7.0 (Darwin-17.5.0-x86_64-i386-64bit) requests/2.19.1
          msrest/0.5.4 msrest_azure/0.4.34 networkmanagementclient/2.2.0 Azure-SDK-For-Python
          AZURECLI/2.0.46]
      accept-language: [en-US]
    method: GET
    uri: https://management.azure.com/subscriptions/00000000-0000-0000-0000-000000000000/resourceGroups/cli_test_vm_list_ip000001/providers/Microsoft.Network/networkInterfaces/vm-with-public-ipVMNic?api-version=2018-01-01
  response:
    body: {string: "{\r\n  \"name\": \"vm-with-public-ipVMNic\",\r\n  \"id\": \"/subscriptions/00000000-0000-0000-0000-000000000000/resourceGroups/cli_test_vm_list_ip000001/providers/Microsoft.Network/networkInterfaces/vm-with-public-ipVMNic\"\
        ,\r\n  \"etag\": \"W/\\\"32b026bd-1a32-4068-a098-75b2e749a8b5\\\"\",\r\n \
        \ \"location\": \"centralus\",\r\n  \"tags\": {},\r\n  \"properties\": {\r\
        \n    \"provisioningState\": \"Succeeded\",\r\n    \"resourceGuid\": \"de6122ff-273e-476c-8896-240efff50530\"\
        ,\r\n    \"ipConfigurations\": [\r\n      {\r\n        \"name\": \"ipconfigvm-with-public-ip\"\
        ,\r\n        \"id\": \"/subscriptions/00000000-0000-0000-0000-000000000000/resourceGroups/cli_test_vm_list_ip000001/providers/Microsoft.Network/networkInterfaces/vm-with-public-ipVMNic/ipConfigurations/ipconfigvm-with-public-ip\"\
        ,\r\n        \"etag\": \"W/\\\"32b026bd-1a32-4068-a098-75b2e749a8b5\\\"\"\
        ,\r\n        \"type\": \"Microsoft.Network/networkInterfaces/ipConfigurations\"\
        ,\r\n        \"properties\": {\r\n          \"provisioningState\": \"Succeeded\"\
        ,\r\n          \"privateIPAddress\": \"10.0.0.4\",\r\n          \"privateIPAllocationMethod\"\
        : \"Dynamic\",\r\n          \"publicIPAddress\": {\r\n            \"id\":\
        \ \"/subscriptions/00000000-0000-0000-0000-000000000000/resourceGroups/cli_test_vm_list_ip000001/providers/Microsoft.Network/publicIPAddresses/vm-with-public-ipPublicIP\"\
        \r\n          },\r\n          \"subnet\": {\r\n            \"id\": \"/subscriptions/00000000-0000-0000-0000-000000000000/resourceGroups/cli_test_vm_list_ip000001/providers/Microsoft.Network/virtualNetworks/vm-with-public-ipVNET/subnets/vm-with-public-ipSubnet\"\
        \r\n          },\r\n          \"primary\": true,\r\n          \"privateIPAddressVersion\"\
        : \"IPv4\",\r\n          \"isInUseWithService\": false\r\n        }\r\n  \
        \    }\r\n    ],\r\n    \"dnsSettings\": {\r\n      \"dnsServers\": [],\r\n\
        \      \"appliedDnsServers\": [],\r\n      \"internalDomainNameSuffix\": \"\
        nikohueneepu1iiy3p2gkrj05f.gx.internal.cloudapp.net\"\r\n    },\r\n    \"\
        macAddress\": \"00-0D-3A-3E-E9-00\",\r\n    \"enableAcceleratedNetworking\"\
        : false,\r\n    \"enableIPForwarding\": false,\r\n    \"networkSecurityGroup\"\
        : {\r\n      \"id\": \"/subscriptions/00000000-0000-0000-0000-000000000000/resourceGroups/cli_test_vm_list_ip000001/providers/Microsoft.Network/networkSecurityGroups/vm-with-public-ipNSG\"\
        \r\n    },\r\n    \"primary\": true,\r\n    \"virtualMachine\": {\r\n    \
        \  \"id\": \"/subscriptions/00000000-0000-0000-0000-000000000000/resourceGroups/cli_test_vm_list_ip000001/providers/Microsoft.Compute/virtualMachines/vm-with-public-ip\"\
        \r\n    }\r\n  },\r\n  \"type\": \"Microsoft.Network/networkInterfaces\"\r\
        \n}"}
    headers:
      cache-control: [no-cache]
      content-length: ['2751']
      content-type: [application/json; charset=utf-8]
      date: ['Thu, 13 Sep 2018 23:27:57 GMT']
      etag: [W/"32b026bd-1a32-4068-a098-75b2e749a8b5"]
      expires: ['-1']
      pragma: [no-cache]
      server: [Microsoft-HTTPAPI/2.0, Microsoft-HTTPAPI/2.0]
      strict-transport-security: [max-age=31536000; includeSubDomains]
      transfer-encoding: [chunked]
      vary: [Accept-Encoding]
      x-content-type-options: [nosniff]
    status: {code: 200, message: OK}
- request:
    body: null
    headers:
      Accept: [application/json]
      Accept-Encoding: ['gzip, deflate']
      CommandName: [vm list]
      Connection: [keep-alive]
      User-Agent: [python/3.7.0 (Darwin-17.5.0-x86_64-i386-64bit) requests/2.19.1
          msrest/0.5.4 msrest_azure/0.4.34 networkmanagementclient/2.2.0 Azure-SDK-For-Python
          AZURECLI/2.0.46]
      accept-language: [en-US]
    method: GET
    uri: https://management.azure.com/subscriptions/00000000-0000-0000-0000-000000000000/resourceGroups/cli_test_vm_list_ip000001/providers/Microsoft.Network/publicIPAddresses/vm-with-public-ipPublicIP?api-version=2018-01-01
  response:
    body: {string: "{\r\n  \"name\": \"vm-with-public-ipPublicIP\",\r\n  \"id\": \"\
        /subscriptions/00000000-0000-0000-0000-000000000000/resourceGroups/cli_test_vm_list_ip000001/providers/Microsoft.Network/publicIPAddresses/vm-with-public-ipPublicIP\"\
        ,\r\n  \"etag\": \"W/\\\"35aa9bb8-c41c-4dae-8aa8-9a0a24e36bde\\\"\",\r\n \
        \ \"location\": \"centralus\",\r\n  \"tags\": {},\r\n  \"zones\": [\r\n  \
        \  \"2\"\r\n  ],\r\n  \"properties\": {\r\n    \"provisioningState\": \"Succeeded\"\
        ,\r\n    \"resourceGuid\": \"cbb65933-2680-4a12-aa95-e551dbef9a31\",\r\n \
        \   \"ipAddress\": \"52.238.213.76\",\r\n    \"publicIPAddressVersion\": \"\
        IPv4\",\r\n    \"publicIPAllocationMethod\": \"Dynamic\",\r\n    \"idleTimeoutInMinutes\"\
        : 4,\r\n    \"ipTags\": [],\r\n    \"ipConfiguration\": {\r\n      \"id\"\
        : \"/subscriptions/00000000-0000-0000-0000-000000000000/resourceGroups/cli_test_vm_list_ip000001/providers/Microsoft.Network/networkInterfaces/vm-with-public-ipVMNic/ipConfigurations/ipconfigvm-with-public-ip\"\
        \r\n    }\r\n  },\r\n  \"type\": \"Microsoft.Network/publicIPAddresses\",\r\
        \n  \"sku\": {\r\n    \"name\": \"Basic\",\r\n    \"tier\": \"Regional\"\r\
        \n  }\r\n}"}
    headers:
      cache-control: [no-cache]
      content-length: ['1110']
      content-type: [application/json; charset=utf-8]
      date: ['Thu, 13 Sep 2018 23:27:57 GMT']
      etag: [W/"35aa9bb8-c41c-4dae-8aa8-9a0a24e36bde"]
      expires: ['-1']
      pragma: [no-cache]
      server: [Microsoft-HTTPAPI/2.0, Microsoft-HTTPAPI/2.0]
      strict-transport-security: [max-age=31536000; includeSubDomains]
      transfer-encoding: [chunked]
      vary: [Accept-Encoding]
      x-content-type-options: [nosniff]
    status: {code: 200, message: OK}
- request:
    body: null
    headers:
      Accept: [application/json]
      Accept-Encoding: ['gzip, deflate']
      CommandName: [vm list-vm-resize-options]
      Connection: [keep-alive]
      User-Agent: [python/3.7.0 (Darwin-17.5.0-x86_64-i386-64bit) requests/2.19.1
          msrest/0.5.4 msrest_azure/0.4.34 computemanagementclient/4.0.0 Azure-SDK-For-Python
          AZURECLI/2.0.46]
      accept-language: [en-US]
    method: GET
    uri: https://management.azure.com/subscriptions/00000000-0000-0000-0000-000000000000/resourceGroups/cli_test_vm_list_ip000001/providers/Microsoft.Compute/virtualMachines/vm-with-public-ip/vmSizes?api-version=2018-06-01
  response:
    body: {string: "{\r\n  \"value\": [\r\n    {\r\n      \"name\": \"Standard_DS1_v2\"\
        ,\r\n      \"numberOfCores\": 1,\r\n      \"osDiskSizeInMB\": 1047552,\r\n\
        \      \"resourceDiskSizeInMB\": 7168,\r\n      \"memoryInMB\": 3584,\r\n\
        \      \"maxDataDiskCount\": 4\r\n    },\r\n    {\r\n      \"name\": \"Standard_DS2_v2\"\
        ,\r\n      \"numberOfCores\": 2,\r\n      \"osDiskSizeInMB\": 1047552,\r\n\
        \      \"resourceDiskSizeInMB\": 14336,\r\n      \"memoryInMB\": 7168,\r\n\
        \      \"maxDataDiskCount\": 8\r\n    },\r\n    {\r\n      \"name\": \"Standard_DS3_v2\"\
        ,\r\n      \"numberOfCores\": 4,\r\n      \"osDiskSizeInMB\": 1047552,\r\n\
        \      \"resourceDiskSizeInMB\": 28672,\r\n      \"memoryInMB\": 14336,\r\n\
        \      \"maxDataDiskCount\": 16\r\n    },\r\n    {\r\n      \"name\": \"Standard_DS4_v2\"\
        ,\r\n      \"numberOfCores\": 8,\r\n      \"osDiskSizeInMB\": 1047552,\r\n\
        \      \"resourceDiskSizeInMB\": 57344,\r\n      \"memoryInMB\": 28672,\r\n\
        \      \"maxDataDiskCount\": 32\r\n    },\r\n    {\r\n      \"name\": \"Standard_DS5_v2\"\
        ,\r\n      \"numberOfCores\": 16,\r\n      \"osDiskSizeInMB\": 1047552,\r\n\
        \      \"resourceDiskSizeInMB\": 114688,\r\n      \"memoryInMB\": 57344,\r\
        \n      \"maxDataDiskCount\": 64\r\n    },\r\n    {\r\n      \"name\": \"\
        Standard_DS11-1_v2\",\r\n      \"numberOfCores\": 2,\r\n      \"osDiskSizeInMB\"\
        : 1047552,\r\n      \"resourceDiskSizeInMB\": 28672,\r\n      \"memoryInMB\"\
        : 14336,\r\n      \"maxDataDiskCount\": 8\r\n    },\r\n    {\r\n      \"name\"\
        : \"Standard_DS11_v2\",\r\n      \"numberOfCores\": 2,\r\n      \"osDiskSizeInMB\"\
        : 1047552,\r\n      \"resourceDiskSizeInMB\": 28672,\r\n      \"memoryInMB\"\
        : 14336,\r\n      \"maxDataDiskCount\": 8\r\n    },\r\n    {\r\n      \"name\"\
        : \"Standard_DS12-1_v2\",\r\n      \"numberOfCores\": 4,\r\n      \"osDiskSizeInMB\"\
        : 1047552,\r\n      \"resourceDiskSizeInMB\": 57344,\r\n      \"memoryInMB\"\
        : 28672,\r\n      \"maxDataDiskCount\": 16\r\n    },\r\n    {\r\n      \"\
        name\": \"Standard_DS12-2_v2\",\r\n      \"numberOfCores\": 4,\r\n      \"\
        osDiskSizeInMB\": 1047552,\r\n      \"resourceDiskSizeInMB\": 57344,\r\n \
        \     \"memoryInMB\": 28672,\r\n      \"maxDataDiskCount\": 16\r\n    },\r\
        \n    {\r\n      \"name\": \"Standard_DS12_v2\",\r\n      \"numberOfCores\"\
        : 4,\r\n      \"osDiskSizeInMB\": 1047552,\r\n      \"resourceDiskSizeInMB\"\
        : 57344,\r\n      \"memoryInMB\": 28672,\r\n      \"maxDataDiskCount\": 16\r\
        \n    },\r\n    {\r\n      \"name\": \"Standard_DS13-2_v2\",\r\n      \"numberOfCores\"\
        : 8,\r\n      \"osDiskSizeInMB\": 1047552,\r\n      \"resourceDiskSizeInMB\"\
        : 114688,\r\n      \"memoryInMB\": 57344,\r\n      \"maxDataDiskCount\": 32\r\
        \n    },\r\n    {\r\n      \"name\": \"Standard_DS13-4_v2\",\r\n      \"numberOfCores\"\
        : 8,\r\n      \"osDiskSizeInMB\": 1047552,\r\n      \"resourceDiskSizeInMB\"\
        : 114688,\r\n      \"memoryInMB\": 57344,\r\n      \"maxDataDiskCount\": 32\r\
        \n    },\r\n    {\r\n      \"name\": \"Standard_DS13_v2\",\r\n      \"numberOfCores\"\
        : 8,\r\n      \"osDiskSizeInMB\": 1047552,\r\n      \"resourceDiskSizeInMB\"\
        : 114688,\r\n      \"memoryInMB\": 57344,\r\n      \"maxDataDiskCount\": 32\r\
        \n    },\r\n    {\r\n      \"name\": \"Standard_DS14-4_v2\",\r\n      \"numberOfCores\"\
        : 16,\r\n      \"osDiskSizeInMB\": 1047552,\r\n      \"resourceDiskSizeInMB\"\
        : 229376,\r\n      \"memoryInMB\": 114688,\r\n      \"maxDataDiskCount\":\
        \ 64\r\n    },\r\n    {\r\n      \"name\": \"Standard_DS14-8_v2\",\r\n   \
        \   \"numberOfCores\": 16,\r\n      \"osDiskSizeInMB\": 1047552,\r\n     \
        \ \"resourceDiskSizeInMB\": 229376,\r\n      \"memoryInMB\": 114688,\r\n \
        \     \"maxDataDiskCount\": 64\r\n    },\r\n    {\r\n      \"name\": \"Standard_DS14_v2\"\
        ,\r\n      \"numberOfCores\": 16,\r\n      \"osDiskSizeInMB\": 1047552,\r\n\
        \      \"resourceDiskSizeInMB\": 229376,\r\n      \"memoryInMB\": 114688,\r\
        \n      \"maxDataDiskCount\": 64\r\n    },\r\n    {\r\n      \"name\": \"\
        Standard_DS15_v2\",\r\n      \"numberOfCores\": 20,\r\n      \"osDiskSizeInMB\"\
        : 1047552,\r\n      \"resourceDiskSizeInMB\": 286720,\r\n      \"memoryInMB\"\
        : 143360,\r\n      \"maxDataDiskCount\": 64\r\n    },\r\n    {\r\n      \"\
        name\": \"Standard_DS2_v2_Promo\",\r\n      \"numberOfCores\": 2,\r\n    \
        \  \"osDiskSizeInMB\": 1047552,\r\n      \"resourceDiskSizeInMB\": 14336,\r\
        \n      \"memoryInMB\": 7168,\r\n      \"maxDataDiskCount\": 8\r\n    },\r\
        \n    {\r\n      \"name\": \"Standard_DS3_v2_Promo\",\r\n      \"numberOfCores\"\
        : 4,\r\n      \"osDiskSizeInMB\": 1047552,\r\n      \"resourceDiskSizeInMB\"\
        : 28672,\r\n      \"memoryInMB\": 14336,\r\n      \"maxDataDiskCount\": 16\r\
        \n    },\r\n    {\r\n      \"name\": \"Standard_DS4_v2_Promo\",\r\n      \"\
        numberOfCores\": 8,\r\n      \"osDiskSizeInMB\": 1047552,\r\n      \"resourceDiskSizeInMB\"\
        : 57344,\r\n      \"memoryInMB\": 28672,\r\n      \"maxDataDiskCount\": 32\r\
        \n    },\r\n    {\r\n      \"name\": \"Standard_DS5_v2_Promo\",\r\n      \"\
        numberOfCores\": 16,\r\n      \"osDiskSizeInMB\": 1047552,\r\n      \"resourceDiskSizeInMB\"\
        : 114688,\r\n      \"memoryInMB\": 57344,\r\n      \"maxDataDiskCount\": 64\r\
        \n    },\r\n    {\r\n      \"name\": \"Standard_DS11_v2_Promo\",\r\n     \
        \ \"numberOfCores\": 2,\r\n      \"osDiskSizeInMB\": 1047552,\r\n      \"\
        resourceDiskSizeInMB\": 28672,\r\n      \"memoryInMB\": 14336,\r\n      \"\
        maxDataDiskCount\": 8\r\n    },\r\n    {\r\n      \"name\": \"Standard_DS12_v2_Promo\"\
        ,\r\n      \"numberOfCores\": 4,\r\n      \"osDiskSizeInMB\": 1047552,\r\n\
        \      \"resourceDiskSizeInMB\": 57344,\r\n      \"memoryInMB\": 28672,\r\n\
        \      \"maxDataDiskCount\": 16\r\n    },\r\n    {\r\n      \"name\": \"Standard_DS13_v2_Promo\"\
        ,\r\n      \"numberOfCores\": 8,\r\n      \"osDiskSizeInMB\": 1047552,\r\n\
        \      \"resourceDiskSizeInMB\": 114688,\r\n      \"memoryInMB\": 57344,\r\
        \n      \"maxDataDiskCount\": 32\r\n    },\r\n    {\r\n      \"name\": \"\
        Standard_DS14_v2_Promo\",\r\n      \"numberOfCores\": 16,\r\n      \"osDiskSizeInMB\"\
        : 1047552,\r\n      \"resourceDiskSizeInMB\": 229376,\r\n      \"memoryInMB\"\
        : 114688,\r\n      \"maxDataDiskCount\": 64\r\n    },\r\n    {\r\n      \"\
        name\": \"Standard_F1s\",\r\n      \"numberOfCores\": 1,\r\n      \"osDiskSizeInMB\"\
        : 1047552,\r\n      \"resourceDiskSizeInMB\": 4096,\r\n      \"memoryInMB\"\
        : 2048,\r\n      \"maxDataDiskCount\": 4\r\n    },\r\n    {\r\n      \"name\"\
        : \"Standard_F2s\",\r\n      \"numberOfCores\": 2,\r\n      \"osDiskSizeInMB\"\
        : 1047552,\r\n      \"resourceDiskSizeInMB\": 8192,\r\n      \"memoryInMB\"\
        : 4096,\r\n      \"maxDataDiskCount\": 8\r\n    },\r\n    {\r\n      \"name\"\
        : \"Standard_F4s\",\r\n      \"numberOfCores\": 4,\r\n      \"osDiskSizeInMB\"\
        : 1047552,\r\n      \"resourceDiskSizeInMB\": 16384,\r\n      \"memoryInMB\"\
        : 8192,\r\n      \"maxDataDiskCount\": 16\r\n    },\r\n    {\r\n      \"name\"\
        : \"Standard_F8s\",\r\n      \"numberOfCores\": 8,\r\n      \"osDiskSizeInMB\"\
        : 1047552,\r\n      \"resourceDiskSizeInMB\": 32768,\r\n      \"memoryInMB\"\
        : 16384,\r\n      \"maxDataDiskCount\": 32\r\n    },\r\n    {\r\n      \"\
        name\": \"Standard_F16s\",\r\n      \"numberOfCores\": 16,\r\n      \"osDiskSizeInMB\"\
        : 1047552,\r\n      \"resourceDiskSizeInMB\": 65536,\r\n      \"memoryInMB\"\
        : 32768,\r\n      \"maxDataDiskCount\": 64\r\n    }\r\n  ]\r\n}"}
    headers:
      cache-control: [no-cache]
      content-length: ['6273']
      content-type: [application/json; charset=utf-8]
      date: ['Thu, 13 Sep 2018 23:27:58 GMT']
      expires: ['-1']
      pragma: [no-cache]
      server: [Microsoft-HTTPAPI/2.0, Microsoft-HTTPAPI/2.0]
      strict-transport-security: [max-age=31536000; includeSubDomains]
      transfer-encoding: [chunked]
      vary: [Accept-Encoding]
      x-content-type-options: [nosniff]
      x-ms-ratelimit-remaining-resource: ['Microsoft.Compute/LowCostGet3Min;3990,Microsoft.Compute/LowCostGet30Min;31967']
    status: {code: 200, message: OK}
- request:
    body: null
    headers:
      Accept: [application/json]
      Accept-Encoding: ['gzip, deflate']
      CommandName: [vm list-ip-addresses]
      Connection: [keep-alive]
      User-Agent: [python/3.7.0 (Darwin-17.5.0-x86_64-i386-64bit) requests/2.19.1
          msrest/0.5.4 msrest_azure/0.4.34 networkmanagementclient/2.2.0 Azure-SDK-For-Python
          AZURECLI/2.0.46]
      accept-language: [en-US]
    method: GET
    uri: https://management.azure.com/subscriptions/00000000-0000-0000-0000-000000000000/providers/Microsoft.Network/publicIPAddresses?api-version=2018-08-01
  response:
    body: {string: '{"value":[{"name":"TestVMPublicIP","id":"/subscriptions/00000000-0000-0000-0000-000000000000/resourceGroups/ovaTestGroup/providers/Microsoft.Network/publicIPAddresses/TestVMPublicIP","etag":"W/\"30af32b5-44e7-4c1b-b839-a4aa775870d7\"","location":"westus","tags":{},"properties":{"provisioningState":"Succeeded","resourceGuid":"9c3866e8-fb0e-4173-a40d-9fba3160dde6","ipAddress":"104.210.49.155","publicIPAddressVersion":"IPv4","publicIPAllocationMethod":"Dynamic","idleTimeoutInMinutes":4,"ipTags":[],"ipConfiguration":{"id":"/subscriptions/00000000-0000-0000-0000-000000000000/resourceGroups/ovaTestGroup/providers/Microsoft.Network/networkInterfaces/TestVMVMNic/ipConfigurations/ipconfigTestVM"}},"type":"Microsoft.Network/publicIPAddresses","sku":{"name":"Basic","tier":"Regional"}},{"name":"wilxvm1PublicIP","id":"/subscriptions/00000000-0000-0000-0000-000000000000/resourceGroups/wilxtest/providers/Microsoft.Network/publicIPAddresses/wilxvm1PublicIP","etag":"W/\"4dc70b4b-6ba6-4e50-b3cf-2a5c2dce8ae3\"","location":"westus","tags":{},"properties":{"provisioningState":"Succeeded","resourceGuid":"bd4d53aa-74bf-4f40-99e8-1ff0e208d023","ipAddress":"40.80.152.192","publicIPAddressVersion":"IPv4","publicIPAllocationMethod":"Dynamic","idleTimeoutInMinutes":4,"ipTags":[],"ipConfiguration":{"id":"/subscriptions/00000000-0000-0000-0000-000000000000/resourceGroups/wilxtest/providers/Microsoft.Network/networkInterfaces/wilxvm1VMNic/ipConfigurations/ipconfigwilxvm1"}},"type":"Microsoft.Network/publicIPAddresses","sku":{"name":"Basic","tier":"Regional"}},{"name":"abunt4-ip","id":"/subscriptions/00000000-0000-0000-0000-000000000000/resourceGroups/amar/providers/Microsoft.Network/publicIPAddresses/abunt4-ip","etag":"W/\"50a61b21-ec3f-4944-b6b6-357562a5493a\"","location":"eastus","properties":{"provisioningState":"Succeeded","resourceGuid":"320dd781-6fa5-45bd-af3b-4fb978a4f2d7","publicIPAddressVersion":"IPv4","publicIPAllocationMethod":"Dynamic","idleTimeoutInMinutes":4,"ipTags":[],"ipConfiguration":{"id":"/subscriptions/00000000-0000-0000-0000-000000000000/resourceGroups/amar/providers/Microsoft.Network/networkInterfaces/abunt4752/ipConfigurations/ipconfig1"}},"type":"Microsoft.Network/publicIPAddresses","sku":{"name":"Basic","tier":"Regional"}},{"name":"abuntu-ip","id":"/subscriptions/00000000-0000-0000-0000-000000000000/resourceGroups/amar/providers/Microsoft.Network/publicIPAddresses/abuntu-ip","etag":"W/\"cf3c8454-e291-446b-8cb5-4b2f7927a12c\"","location":"eastus","properties":{"provisioningState":"Succeeded","resourceGuid":"73aaa5e5-7972-48d6-8d00-7938ecb0f664","publicIPAddressVersion":"IPv4","publicIPAllocationMethod":"Dynamic","idleTimeoutInMinutes":4,"ipTags":[],"ipConfiguration":{"id":"/subscriptions/00000000-0000-0000-0000-000000000000/resourceGroups/amar/providers/Microsoft.Network/networkInterfaces/abuntu259/ipConfigurations/ipconfig1"}},"type":"Microsoft.Network/publicIPAddresses","sku":{"name":"Basic","tier":"Regional"}},{"name":"abuntu1-ip","id":"/subscriptions/00000000-0000-0000-0000-000000000000/resourceGroups/amar/providers/Microsoft.Network/publicIPAddresses/abuntu1-ip","etag":"W/\"efcb7e38-e76d-475c-a887-dbccc1604e5e\"","location":"eastus","properties":{"provisioningState":"Succeeded","resourceGuid":"cbfdb571-d357-440e-80a3-201c7f3471e5","ipAddress":"168.61.46.46","publicIPAddressVersion":"IPv4","publicIPAllocationMethod":"Dynamic","idleTimeoutInMinutes":4,"ipTags":[],"ipConfiguration":{"id":"/subscriptions/00000000-0000-0000-0000-000000000000/resourceGroups/amar/providers/Microsoft.Network/networkInterfaces/abuntu1428/ipConfigurations/ipconfig1"}},"type":"Microsoft.Network/publicIPAddresses","sku":{"name":"Basic","tier":"Regional"}},{"name":"abuntu2-ip","id":"/subscriptions/00000000-0000-0000-0000-000000000000/resourceGroups/amar/providers/Microsoft.Network/publicIPAddresses/abuntu2-ip","etag":"W/\"54c0c172-5ba6-4a87-9585-2846004ed39a\"","location":"eastus","properties":{"provisioningState":"Succeeded","resourceGuid":"5371acf8-c61a-4eed-bf05-3afd06707b1a","publicIPAddressVersion":"IPv4","publicIPAllocationMethod":"Dynamic","idleTimeoutInMinutes":4,"ipTags":[],"ipConfiguration":{"id":"/subscriptions/00000000-0000-0000-0000-000000000000/resourceGroups/amar/providers/Microsoft.Network/networkInterfaces/abuntu2817/ipConfigurations/ipconfig1"}},"type":"Microsoft.Network/publicIPAddresses","sku":{"name":"Basic","tier":"Regional"}},{"name":"abuntu2ip781","id":"/subscriptions/00000000-0000-0000-0000-000000000000/resourceGroups/amar/providers/Microsoft.Network/publicIPAddresses/abuntu2ip781","etag":"W/\"09dc6cce-8df7-4fc4-9f5d-f51c373bb2ef\"","location":"eastus","properties":{"provisioningState":"Succeeded","resourceGuid":"acd13c2d-fd45-4854-9c64-528f4d7c9d8c","ipAddress":"168.62.58.31","publicIPAddressVersion":"IPv4","publicIPAllocationMethod":"Dynamic","idleTimeoutInMinutes":4,"ipTags":[],"ipConfiguration":{"id":"/subscriptions/00000000-0000-0000-0000-000000000000/resourceGroups/amar/providers/Microsoft.Network/networkInterfaces/abuntu2743/ipConfigurations/ipconfig1"}},"type":"Microsoft.Network/publicIPAddresses","sku":{"name":"Basic","tier":"Regional"}},{"name":"abuntu3-ip","id":"/subscriptions/00000000-0000-0000-0000-000000000000/resourceGroups/amar/providers/Microsoft.Network/publicIPAddresses/abuntu3-ip","etag":"W/\"9ea0568a-d4ec-47ff-8698-4bdbd6879b88\"","location":"eastus","properties":{"provisioningState":"Succeeded","resourceGuid":"d952bf8a-2dbe-4e0d-91dd-1adad99b00bc","publicIPAddressVersion":"IPv4","publicIPAllocationMethod":"Dynamic","idleTimeoutInMinutes":4,"ipTags":[],"ipConfiguration":{"id":"/subscriptions/00000000-0000-0000-0000-000000000000/resourceGroups/amar/providers/Microsoft.Network/networkInterfaces/abuntu3634/ipConfigurations/ipconfig1"}},"type":"Microsoft.Network/publicIPAddresses","sku":{"name":"Basic","tier":"Regional"}},{"name":"vm-with-public-ipPublicIP","id":"/subscriptions/00000000-0000-0000-0000-000000000000/resourceGroups/cli_test_vm_list_ip000001/providers/Microsoft.Network/publicIPAddresses/vm-with-public-ipPublicIP","etag":"W/\"35aa9bb8-c41c-4dae-8aa8-9a0a24e36bde\"","location":"centralus","tags":{},"zones":["2"],"properties":{"provisioningState":"Succeeded","resourceGuid":"cbb65933-2680-4a12-aa95-e551dbef9a31","ipAddress":"52.238.213.76","publicIPAddressVersion":"IPv4","publicIPAllocationMethod":"Dynamic","idleTimeoutInMinutes":4,"ipTags":[],"ipConfiguration":{"id":"/subscriptions/00000000-0000-0000-0000-000000000000/resourceGroups/cli_test_vm_list_ip000001/providers/Microsoft.Network/networkInterfaces/vm-with-public-ipVMNic/ipConfigurations/ipconfigvm-with-public-ip"}},"type":"Microsoft.Network/publicIPAddresses","sku":{"name":"Basic","tier":"Regional"}},{"name":"lmazuel-testcapture-ip","id":"/subscriptions/00000000-0000-0000-0000-000000000000/resourceGroups/lmazuel-testcapture/providers/Microsoft.Network/publicIPAddresses/lmazuel-testcapture-ip","etag":"W/\"1d33ff0c-7e7d-4aba-8116-c2be7220c24b\"","location":"westus2","properties":{"provisioningState":"Succeeded","resourceGuid":"d9e5b204-e9aa-408a-a3c5-4cd7d4836a0f","publicIPAddressVersion":"IPv4","publicIPAllocationMethod":"Dynamic","idleTimeoutInMinutes":4,"ipTags":[],"ipConfiguration":{"id":"/subscriptions/00000000-0000-0000-0000-000000000000/resourceGroups/lmazuel-testcapture/providers/Microsoft.Network/networkInterfaces/lmazuel-testcapture427/ipConfigurations/ipconfig1"}},"type":"Microsoft.Network/publicIPAddresses","sku":{"name":"Basic","tier":"Regional"}}]}'}
    headers:
      cache-control: [no-cache]
      content-length: ['7578']
      content-type: [application/json; charset=utf-8]
      date: ['Thu, 13 Sep 2018 23:27:59 GMT']
      expires: ['-1']
      pragma: [no-cache]
      strict-transport-security: [max-age=31536000; includeSubDomains]
      vary: [Accept-Encoding]
      x-content-type-options: [nosniff]
      x-ms-original-request-ids: [bbcf057e-e8e5-449f-9078-997771128e8b, 715181a5-6390-4f90-86b0-7921cc6b99ec,
        ed9de0f2-6544-4764-b136-7bc63abeabe3, c30996a4-8505-4882-ada3-771ad3af1ce3]
    status: {code: 200, message: OK}
- request:
    body: null
    headers:
      Accept: [application/json]
      Accept-Encoding: ['gzip, deflate']
      CommandName: [vm list-ip-addresses]
      Connection: [keep-alive]
      User-Agent: [python/3.7.0 (Darwin-17.5.0-x86_64-i386-64bit) requests/2.19.1
          msrest/0.5.4 msrest_azure/0.4.34 networkmanagementclient/2.2.0 Azure-SDK-For-Python
          AZURECLI/2.0.46]
      accept-language: [en-US]
    method: GET
    uri: https://management.azure.com/subscriptions/00000000-0000-0000-0000-000000000000/providers/Microsoft.Network/networkInterfaces?api-version=2018-08-01
  response:
    body: {string: '{"value":[{"name":"TestVMVMNic","id":"/subscriptions/00000000-0000-0000-0000-000000000000/resourceGroups/ovaTestGroup/providers/Microsoft.Network/networkInterfaces/TestVMVMNic","etag":"W/\"6226f1dd-2f7f-460f-9eac-c5ed791a2d9d\"","location":"westus","tags":{},"properties":{"provisioningState":"Succeeded","resourceGuid":"ce5c5079-b7ee-4651-902a-75b050c2283b","ipConfigurations":[{"name":"ipconfigTestVM","id":"/subscriptions/00000000-0000-0000-0000-000000000000/resourceGroups/ovaTestGroup/providers/Microsoft.Network/networkInterfaces/TestVMVMNic/ipConfigurations/ipconfigTestVM","etag":"W/\"6226f1dd-2f7f-460f-9eac-c5ed791a2d9d\"","type":"Microsoft.Network/networkInterfaces/ipConfigurations","properties":{"provisioningState":"Succeeded","privateIPAddress":"10.0.0.4","privateIPAllocationMethod":"Dynamic","publicIPAddress":{"id":"/subscriptions/00000000-0000-0000-0000-000000000000/resourceGroups/ovaTestGroup/providers/Microsoft.Network/publicIPAddresses/TestVMPublicIP"},"subnet":{"id":"/subscriptions/00000000-0000-0000-0000-000000000000/resourceGroups/ovaTestGroup/providers/Microsoft.Network/virtualNetworks/TestVMVNET/subnets/TestVMSubnet"},"primary":true,"privateIPAddressVersion":"IPv4","isInUseWithService":false}}],"dnsSettings":{"dnsServers":[],"appliedDnsServers":[],"internalDomainNameSuffix":"lmvxjh3u1cgezlpcxqdk0if2wg.dx.internal.cloudapp.net"},"macAddress":"00-0D-3A-59-1D-9C","enableAcceleratedNetworking":false,"enableIPForwarding":false,"networkSecurityGroup":{"id":"/subscriptions/00000000-0000-0000-0000-000000000000/resourceGroups/ovaTestGroup/providers/Microsoft.Network/networkSecurityGroups/TestVMNSG"},"primary":true,"virtualMachine":{"id":"/subscriptions/00000000-0000-0000-0000-000000000000/resourceGroups/ovaTestGroup/providers/Microsoft.Compute/virtualMachines/TestVM"},"hostedWorkloads":[],"tapConfigurations":[]},"type":"Microsoft.Network/networkInterfaces"},{"name":"wilxvm1VMNic","id":"/subscriptions/00000000-0000-0000-0000-000000000000/resourceGroups/wilxtest/providers/Microsoft.Network/networkInterfaces/wilxvm1VMNic","etag":"W/\"0882f58e-630a-4a0b-bb78-c88b274de0ad\"","location":"westus","tags":{},"properties":{"provisioningState":"Succeeded","resourceGuid":"5f70d3bb-243a-4fe2-b4fd-52ec0664ec58","ipConfigurations":[{"name":"ipconfigwilxvm1","id":"/subscriptions/00000000-0000-0000-0000-000000000000/resourceGroups/wilxtest/providers/Microsoft.Network/networkInterfaces/wilxvm1VMNic/ipConfigurations/ipconfigwilxvm1","etag":"W/\"0882f58e-630a-4a0b-bb78-c88b274de0ad\"","type":"Microsoft.Network/networkInterfaces/ipConfigurations","properties":{"provisioningState":"Succeeded","privateIPAddress":"10.0.0.4","privateIPAllocationMethod":"Dynamic","publicIPAddress":{"id":"/subscriptions/00000000-0000-0000-0000-000000000000/resourceGroups/wilxtest/providers/Microsoft.Network/publicIPAddresses/wilxvm1PublicIP"},"subnet":{"id":"/subscriptions/00000000-0000-0000-0000-000000000000/resourceGroups/wilxtest/providers/Microsoft.Network/virtualNetworks/wilxvm1VNET/subnets/wilxvm1Subnet"},"primary":true,"privateIPAddressVersion":"IPv4","isInUseWithService":false}}],"dnsSettings":{"dnsServers":[],"appliedDnsServers":[],"internalDomainNameSuffix":"shwdf3n5115unhji4lqxpktoch.dx.internal.cloudapp.net"},"macAddress":"00-0D-3A-58-F1-B1","enableAcceleratedNetworking":false,"enableIPForwarding":false,"networkSecurityGroup":{"id":"/subscriptions/00000000-0000-0000-0000-000000000000/resourceGroups/wilxtest/providers/Microsoft.Network/networkSecurityGroups/wilxvm1NSG"},"primary":true,"virtualMachine":{"id":"/subscriptions/00000000-0000-0000-0000-000000000000/resourceGroups/wilxtest/providers/Microsoft.Compute/virtualMachines/wilxvm1"},"hostedWorkloads":[],"tapConfigurations":[]},"type":"Microsoft.Network/networkInterfaces"},{"name":"abunt4752","id":"/subscriptions/00000000-0000-0000-0000-000000000000/resourceGroups/amar/providers/Microsoft.Network/networkInterfaces/abunt4752","etag":"W/\"adc7d560-e622-4f50-bf5f-a029a437c5ae\"","location":"eastus","properties":{"provisioningState":"Succeeded","resourceGuid":"0ff8654c-3074-4f9f-b325-6385441c38c5","ipConfigurations":[{"name":"ipconfig1","id":"/subscriptions/00000000-0000-0000-0000-000000000000/resourceGroups/amar/providers/Microsoft.Network/networkInterfaces/abunt4752/ipConfigurations/ipconfig1","etag":"W/\"adc7d560-e622-4f50-bf5f-a029a437c5ae\"","type":"Microsoft.Network/networkInterfaces/ipConfigurations","properties":{"provisioningState":"Succeeded","privateIPAddress":"10.4.0.4","privateIPAllocationMethod":"Dynamic","publicIPAddress":{"id":"/subscriptions/00000000-0000-0000-0000-000000000000/resourceGroups/amar/providers/Microsoft.Network/publicIPAddresses/abunt4-ip"},"subnet":{"id":"/subscriptions/00000000-0000-0000-0000-000000000000/resourceGroups/amar/providers/Microsoft.Network/virtualNetworks/abuntu3/subnets/default"},"primary":true,"privateIPAddressVersion":"IPv4","isInUseWithService":false}}],"dnsSettings":{"dnsServers":[],"appliedDnsServers":[]},"macAddress":"00-0D-3A-4E-B9-BB","enableAcceleratedNetworking":true,"enableIPForwarding":false,"networkSecurityGroup":{"id":"/subscriptions/00000000-0000-0000-0000-000000000000/resourceGroups/amar/providers/Microsoft.Network/networkSecurityGroups/abunt4-nsg"},"hostedWorkloads":[],"tapConfigurations":[]},"type":"Microsoft.Network/networkInterfaces"},{"name":"abuntu1428","id":"/subscriptions/00000000-0000-0000-0000-000000000000/resourceGroups/amar/providers/Microsoft.Network/networkInterfaces/abuntu1428","etag":"W/\"6d827f43-0bf1-4fd1-aa11-653c6f3be097\"","location":"eastus","properties":{"provisioningState":"Succeeded","resourceGuid":"716a38a6-ceb8-4ad7-9b1f-5438434af985","ipConfigurations":[{"name":"ipconfig1","id":"/subscriptions/00000000-0000-0000-0000-000000000000/resourceGroups/amar/providers/Microsoft.Network/networkInterfaces/abuntu1428/ipConfigurations/ipconfig1","etag":"W/\"6d827f43-0bf1-4fd1-aa11-653c6f3be097\"","type":"Microsoft.Network/networkInterfaces/ipConfigurations","properties":{"provisioningState":"Succeeded","privateIPAddress":"10.2.0.5","privateIPAllocationMethod":"Dynamic","publicIPAddress":{"id":"/subscriptions/00000000-0000-0000-0000-000000000000/resourceGroups/amar/providers/Microsoft.Network/publicIPAddresses/abuntu1-ip"},"subnet":{"id":"/subscriptions/00000000-0000-0000-0000-000000000000/resourceGroups/amar/providers/Microsoft.Network/virtualNetworks/abunt3/subnets/default"},"primary":true,"privateIPAddressVersion":"IPv4","isInUseWithService":false}}],"dnsSettings":{"dnsServers":[],"appliedDnsServers":[],"internalDomainNameSuffix":"pvqtqejfdjjefccgdjzlqgveva.bx.internal.cloudapp.net"},"macAddress":"00-0D-3A-4F-53-66","enableAcceleratedNetworking":true,"enableIPForwarding":false,"networkSecurityGroup":{"id":"/subscriptions/00000000-0000-0000-0000-000000000000/resourceGroups/amar/providers/Microsoft.Network/networkSecurityGroups/abuntu1-nsg"},"primary":true,"virtualMachine":{"id":"/subscriptions/00000000-0000-0000-0000-000000000000/resourceGroups/amar/providers/Microsoft.Compute/virtualMachines/abuntu1"},"hostedWorkloads":[],"tapConfigurations":[]},"type":"Microsoft.Network/networkInterfaces"},{"name":"abuntu259","id":"/subscriptions/00000000-0000-0000-0000-000000000000/resourceGroups/amar/providers/Microsoft.Network/networkInterfaces/abuntu259","etag":"W/\"8fe0ef11-e58c-44d6-ae9d-e2e7502bc2e7\"","location":"eastus","properties":{"provisioningState":"Succeeded","resourceGuid":"6cadbeb0-01dd-41f4-ac68-74fe9deac6e8","ipConfigurations":[{"name":"ipconfig1","id":"/subscriptions/00000000-0000-0000-0000-000000000000/resourceGroups/amar/providers/Microsoft.Network/networkInterfaces/abuntu259/ipConfigurations/ipconfig1","etag":"W/\"8fe0ef11-e58c-44d6-ae9d-e2e7502bc2e7\"","type":"Microsoft.Network/networkInterfaces/ipConfigurations","properties":{"provisioningState":"Succeeded","privateIPAddress":"10.3.0.4","privateIPAllocationMethod":"Dynamic","publicIPAddress":{"id":"/subscriptions/00000000-0000-0000-0000-000000000000/resourceGroups/amar/providers/Microsoft.Network/publicIPAddresses/abuntu-ip"},"subnet":{"id":"/subscriptions/00000000-0000-0000-0000-000000000000/resourceGroups/amar/providers/Microsoft.Network/virtualNetworks/abuntu-vnet/subnets/default"},"primary":true,"privateIPAddressVersion":"IPv4","isInUseWithService":false}}],"dnsSettings":{"dnsServers":[],"appliedDnsServers":[]},"macAddress":"00-0D-3A-4E-C4-69","enableAcceleratedNetworking":true,"enableIPForwarding":false,"networkSecurityGroup":{"id":"/subscriptions/00000000-0000-0000-0000-000000000000/resourceGroups/amar/providers/Microsoft.Network/networkSecurityGroups/abuntu"},"hostedWorkloads":[],"tapConfigurations":[]},"type":"Microsoft.Network/networkInterfaces"},{"name":"abuntu2743","id":"/subscriptions/00000000-0000-0000-0000-000000000000/resourceGroups/amar/providers/Microsoft.Network/networkInterfaces/abuntu2743","etag":"W/\"07c003cc-a698-4f00-b767-aafdd1cda0f3\"","location":"eastus","properties":{"provisioningState":"Succeeded","resourceGuid":"89420481-6943-4502-888b-62bc46f0bef0","ipConfigurations":[{"name":"ipconfig1","id":"/subscriptions/00000000-0000-0000-0000-000000000000/resourceGroups/amar/providers/Microsoft.Network/networkInterfaces/abuntu2743/ipConfigurations/ipconfig1","etag":"W/\"07c003cc-a698-4f00-b767-aafdd1cda0f3\"","type":"Microsoft.Network/networkInterfaces/ipConfigurations","properties":{"provisioningState":"Succeeded","privateIPAddress":"10.2.0.6","privateIPAllocationMethod":"Dynamic","publicIPAddress":{"id":"/subscriptions/00000000-0000-0000-0000-000000000000/resourceGroups/amar/providers/Microsoft.Network/publicIPAddresses/abuntu2ip781"},"subnet":{"id":"/subscriptions/00000000-0000-0000-0000-000000000000/resourceGroups/amar/providers/Microsoft.Network/virtualNetworks/abunt3/subnets/default"},"primary":true,"privateIPAddressVersion":"IPv4","isInUseWithService":false}}],"dnsSettings":{"dnsServers":[],"appliedDnsServers":[],"internalDomainNameSuffix":"pvqtqejfdjjefccgdjzlqgveva.bx.internal.cloudapp.net"},"macAddress":"00-0D-3A-4D-4D-0F","enableAcceleratedNetworking":true,"enableIPForwarding":false,"networkSecurityGroup":{"id":"/subscriptions/00000000-0000-0000-0000-000000000000/resourceGroups/amar/providers/Microsoft.Network/networkSecurityGroups/abuntu2-nsg"},"primary":true,"virtualMachine":{"id":"/subscriptions/00000000-0000-0000-0000-000000000000/resourceGroups/amar/providers/Microsoft.Compute/virtualMachines/abuntu2"},"hostedWorkloads":[],"tapConfigurations":[]},"type":"Microsoft.Network/networkInterfaces"},{"name":"abuntu2817","id":"/subscriptions/00000000-0000-0000-0000-000000000000/resourceGroups/amar/providers/Microsoft.Network/networkInterfaces/abuntu2817","etag":"W/\"ad924d5b-9898-4390-91d1-b35fe7c3af94\"","location":"eastus","properties":{"provisioningState":"Succeeded","resourceGuid":"6b98f584-1069-4334-b011-2620bb9f13c2","ipConfigurations":[{"name":"ipconfig1","id":"/subscriptions/00000000-0000-0000-0000-000000000000/resourceGroups/amar/providers/Microsoft.Network/networkInterfaces/abuntu2817/ipConfigurations/ipconfig1","etag":"W/\"ad924d5b-9898-4390-91d1-b35fe7c3af94\"","type":"Microsoft.Network/networkInterfaces/ipConfigurations","properties":{"provisioningState":"Succeeded","privateIPAddress":"10.5.0.4","privateIPAllocationMethod":"Dynamic","publicIPAddress":{"id":"/subscriptions/00000000-0000-0000-0000-000000000000/resourceGroups/amar/providers/Microsoft.Network/publicIPAddresses/abuntu2-ip"},"subnet":{"id":"/subscriptions/00000000-0000-0000-0000-000000000000/resourceGroups/amar/providers/Microsoft.Network/virtualNetworks/abuntu2/subnets/default"},"primary":true,"privateIPAddressVersion":"IPv4","isInUseWithService":false}}],"dnsSettings":{"dnsServers":[],"appliedDnsServers":[]},"macAddress":"00-0D-3A-1A-A4-AD","enableAcceleratedNetworking":true,"enableIPForwarding":false,"networkSecurityGroup":{"id":"/subscriptions/00000000-0000-0000-0000-000000000000/resourceGroups/amar/providers/Microsoft.Network/networkSecurityGroups/abuntu2-nsg"},"hostedWorkloads":[],"tapConfigurations":[]},"type":"Microsoft.Network/networkInterfaces"},{"name":"abuntu3634","id":"/subscriptions/00000000-0000-0000-0000-000000000000/resourceGroups/amar/providers/Microsoft.Network/networkInterfaces/abuntu3634","etag":"W/\"b170cb6b-8763-43b8-bf28-00176f932e44\"","location":"eastus","properties":{"provisioningState":"Succeeded","resourceGuid":"1090ceba-180d-4324-a022-15875d542b2f","ipConfigurations":[{"name":"ipconfig1","id":"/subscriptions/00000000-0000-0000-0000-000000000000/resourceGroups/amar/providers/Microsoft.Network/networkInterfaces/abuntu3634/ipConfigurations/ipconfig1","etag":"W/\"b170cb6b-8763-43b8-bf28-00176f932e44\"","type":"Microsoft.Network/networkInterfaces/ipConfigurations","properties":{"provisioningState":"Succeeded","privateIPAddress":"10.2.0.4","privateIPAllocationMethod":"Dynamic","publicIPAddress":{"id":"/subscriptions/00000000-0000-0000-0000-000000000000/resourceGroups/amar/providers/Microsoft.Network/publicIPAddresses/abuntu3-ip"},"subnet":{"id":"/subscriptions/00000000-0000-0000-0000-000000000000/resourceGroups/amar/providers/Microsoft.Network/virtualNetworks/abunt3/subnets/default"},"primary":true,"privateIPAddressVersion":"IPv4","isInUseWithService":false}}],"dnsSettings":{"dnsServers":[],"appliedDnsServers":[]},"macAddress":"00-0D-3A-4D-D6-33","enableAcceleratedNetworking":true,"enableIPForwarding":false,"networkSecurityGroup":{"id":"/subscriptions/00000000-0000-0000-0000-000000000000/resourceGroups/amar/providers/Microsoft.Network/networkSecurityGroups/abuntu3-nsg"},"hostedWorkloads":[],"tapConfigurations":[]},"type":"Microsoft.Network/networkInterfaces"},{"name":"vm-with-public-ipVMNic","id":"/subscriptions/00000000-0000-0000-0000-000000000000/resourceGroups/cli_test_vm_list_ip000001/providers/Microsoft.Network/networkInterfaces/vm-with-public-ipVMNic","etag":"W/\"32b026bd-1a32-4068-a098-75b2e749a8b5\"","location":"centralus","tags":{},"properties":{"provisioningState":"Succeeded","resourceGuid":"de6122ff-273e-476c-8896-240efff50530","ipConfigurations":[{"name":"ipconfigvm-with-public-ip","id":"/subscriptions/00000000-0000-0000-0000-000000000000/resourceGroups/cli_test_vm_list_ip000001/providers/Microsoft.Network/networkInterfaces/vm-with-public-ipVMNic/ipConfigurations/ipconfigvm-with-public-ip","etag":"W/\"32b026bd-1a32-4068-a098-75b2e749a8b5\"","type":"Microsoft.Network/networkInterfaces/ipConfigurations","properties":{"provisioningState":"Succeeded","privateIPAddress":"10.0.0.4","privateIPAllocationMethod":"Dynamic","publicIPAddress":{"id":"/subscriptions/00000000-0000-0000-0000-000000000000/resourceGroups/cli_test_vm_list_ip000001/providers/Microsoft.Network/publicIPAddresses/vm-with-public-ipPublicIP"},"subnet":{"id":"/subscriptions/00000000-0000-0000-0000-000000000000/resourceGroups/cli_test_vm_list_ip000001/providers/Microsoft.Network/virtualNetworks/vm-with-public-ipVNET/subnets/vm-with-public-ipSubnet"},"primary":true,"privateIPAddressVersion":"IPv4","isInUseWithService":false}}],"dnsSettings":{"dnsServers":[],"appliedDnsServers":[],"internalDomainNameSuffix":"nikohueneepu1iiy3p2gkrj05f.gx.internal.cloudapp.net"},"macAddress":"00-0D-3A-3E-E9-00","enableAcceleratedNetworking":false,"enableIPForwarding":false,"networkSecurityGroup":{"id":"/subscriptions/00000000-0000-0000-0000-000000000000/resourceGroups/cli_test_vm_list_ip000001/providers/Microsoft.Network/networkSecurityGroups/vm-with-public-ipNSG"},"primary":true,"virtualMachine":{"id":"/subscriptions/00000000-0000-0000-0000-000000000000/resourceGroups/cli_test_vm_list_ip000001/providers/Microsoft.Compute/virtualMachines/vm-with-public-ip"},"hostedWorkloads":[],"tapConfigurations":[]},"type":"Microsoft.Network/networkInterfaces"},{"name":"lmazuel-testcapture427","id":"/subscriptions/00000000-0000-0000-0000-000000000000/resourceGroups/lmazuel-testcapture/providers/Microsoft.Network/networkInterfaces/lmazuel-testcapture427","etag":"W/\"53003083-c398-46fa-a616-3df40521ce00\"","location":"westus2","properties":{"provisioningState":"Succeeded","resourceGuid":"15eb6eb5-bd81-4e32-b1fd-9fc9e4b1faea","ipConfigurations":[{"name":"ipconfig1","id":"/subscriptions/00000000-0000-0000-0000-000000000000/resourceGroups/lmazuel-testcapture/providers/Microsoft.Network/networkInterfaces/lmazuel-testcapture427/ipConfigurations/ipconfig1","etag":"W/\"53003083-c398-46fa-a616-3df40521ce00\"","type":"Microsoft.Network/networkInterfaces/ipConfigurations","properties":{"provisioningState":"Succeeded","privateIPAddress":"10.1.0.4","privateIPAllocationMethod":"Dynamic","publicIPAddress":{"id":"/subscriptions/00000000-0000-0000-0000-000000000000/resourceGroups/lmazuel-testcapture/providers/Microsoft.Network/publicIPAddresses/lmazuel-testcapture-ip"},"subnet":{"id":"/subscriptions/00000000-0000-0000-0000-000000000000/resourceGroups/lmazuel-testcapture/providers/Microsoft.Network/virtualNetworks/lmazuel-testcapture-vnet/subnets/default"},"primary":true,"privateIPAddressVersion":"IPv4","isInUseWithService":false}}],"dnsSettings":{"dnsServers":[],"appliedDnsServers":[]},"enableAcceleratedNetworking":false,"enableIPForwarding":false,"networkSecurityGroup":{"id":"/subscriptions/00000000-0000-0000-0000-000000000000/resourceGroups/lmazuel-testcapture/providers/Microsoft.Network/networkSecurityGroups/lmazuel-testcapture-nsg"},"primary":true,"virtualMachine":{"id":"/subscriptions/00000000-0000-0000-0000-000000000000/resourceGroups/lmazuel-testcapture/providers/Microsoft.Compute/virtualMachines/lmazuel-testcapture"},"hostedWorkloads":[],"tapConfigurations":[]},"type":"Microsoft.Network/networkInterfaces"}]}'}
    headers:
      cache-control: [no-cache]
      content-length: ['17853']
      content-type: [application/json; charset=utf-8]
      date: ['Thu, 13 Sep 2018 23:28:00 GMT']
      expires: ['-1']
      pragma: [no-cache]
      strict-transport-security: [max-age=31536000; includeSubDomains]
      vary: [Accept-Encoding]
      x-content-type-options: [nosniff]
      x-ms-original-request-ids: [54e428b2-7db6-4ff2-a0dc-87d809f18bbc, b246675c-aac7-4949-b5e6-4708527deae4,
        2b57dfa1-3fa4-43bd-a509-5c997c023830, 36430937-887f-4696-9d14-98957d4835af]
    status: {code: 200, message: OK}
- request:
    body: null
    headers:
      Accept: [application/json]
      Accept-Encoding: ['gzip, deflate']
      CommandName: [group delete]
      Connection: [keep-alive]
      Content-Length: ['0']
      Content-Type: [application/json; charset=utf-8]
      User-Agent: [python/3.7.0 (Darwin-17.5.0-x86_64-i386-64bit) requests/2.19.1
          msrest/0.5.4 msrest_azure/0.4.34 resourcemanagementclient/2.0.0 Azure-SDK-For-Python
          AZURECLI/2.0.46]
      accept-language: [en-US]
    method: DELETE
    uri: https://management.azure.com/subscriptions/00000000-0000-0000-0000-000000000000/resourcegroups/cli_test_vm_list_ip000001?api-version=2018-05-01
  response:
    body: {string: ''}
    headers:
      cache-control: [no-cache]
      content-length: ['0']
      date: ['Thu, 13 Sep 2018 23:28:01 GMT']
      expires: ['-1']
      location: ['https://management.azure.com/subscriptions/00000000-0000-0000-0000-000000000000/operationresults/eyJqb2JJZCI6IlJFU09VUkNFR1JPVVBERUxFVElPTkpPQi1DTEk6NUZURVNUOjVGVk06NUZMSVNUOjVGSVBNUEZCS1FZVEFNU1hNWUNIQ0k0VXxCQzIyRDlERjJDOUQwRUVDLVdFU1RVUyIsImpvYkxvY2F0aW9uIjoid2VzdHVzIn0?api-version=2018-05-01']
      pragma: [no-cache]
      strict-transport-security: [max-age=31536000; includeSubDomains]
      x-content-type-options: [nosniff]
      x-ms-ratelimit-remaining-subscription-deletes: ['14999']
    status: {code: 202, message: Accepted}
version: 1
