interactions:
- request:
    body: '{"tags": {"use": "az-test"}, "location": "eastus2euap"}'
    headers:
      Accept: [application/json]
      Accept-Encoding: ['gzip, deflate']
      CommandName: [group create]
      Connection: [keep-alive]
      Content-Length: ['55']
      Content-Type: [application/json; charset=utf-8]
      User-Agent: [python/3.5.4 (Windows-10-10.0.16299-SP0) requests/2.18.4 msrest/0.4.26
          msrest_azure/0.4.21 resourcemanagementclient/1.2.1 Azure-SDK-For-Python
          AZURECLI/2.0.29]
      accept-language: [en-US]
    method: PUT
    uri: https://management.azure.com/subscriptions/00000000-0000-0000-0000-000000000000/resourcegroups/cli_test_vmss_encryption000001?api-version=2017-05-10
  response:
    body: {string: '{"id":"/subscriptions/00000000-0000-0000-0000-000000000000/resourceGroups/cli_test_vmss_encryption000001","name":"cli_test_vmss_encryption000001","location":"eastus2euap","tags":{"use":"az-test"},"properties":{"provisioningState":"Succeeded"}}'}
    headers:
      cache-control: [no-cache]
      content-length: ['333']
      content-type: [application/json; charset=utf-8]
      date: ['Wed, 28 Feb 2018 22:45:49 GMT']
      expires: ['-1']
      pragma: [no-cache]
      strict-transport-security: [max-age=31536000; includeSubDomains]
      x-content-type-options: [nosniff]
      x-ms-ratelimit-remaining-subscription-writes: ['1199']
    status: {code: 201, message: Created}
- request:
    body: null
    headers:
      Accept: [application/json]
      Accept-Encoding: ['gzip, deflate']
      CommandName: [keyvault create]
      Connection: [keep-alive]
      Content-Type: [application/json; charset=utf-8]
      User-Agent: [python/3.5.4 (Windows-10-10.0.16299-SP0) requests/2.18.4 msrest/0.4.26
          msrest_azure/0.4.21 resourcemanagementclient/1.2.1 Azure-SDK-For-Python
          AZURECLI/2.0.29]
      accept-language: [en-US]
    method: GET
    uri: https://management.azure.com/subscriptions/00000000-0000-0000-0000-000000000000/resourcegroups/cli_test_vmss_encryption000001?api-version=2017-05-10
  response:
    body: {string: '{"id":"/subscriptions/00000000-0000-0000-0000-000000000000/resourceGroups/cli_test_vmss_encryption000001","name":"cli_test_vmss_encryption000001","location":"eastus2euap","tags":{"use":"az-test"},"properties":{"provisioningState":"Succeeded"}}'}
    headers:
      cache-control: [no-cache]
      content-length: ['333']
      content-type: [application/json; charset=utf-8]
      date: ['Wed, 28 Feb 2018 22:45:50 GMT']
      expires: ['-1']
      pragma: [no-cache]
      strict-transport-security: [max-age=31536000; includeSubDomains]
      vary: [Accept-Encoding]
      x-content-type-options: [nosniff]
    status: {code: 200, message: OK}
- request:
    body: null
    headers:
      Accept: [application/json]
      Accept-Encoding: ['gzip, deflate']
      Connection: [keep-alive]
      Content-Type: [application/json; charset=utf-8]
      User-Agent: [python/3.5.4 (Windows-10-10.0.16299-SP0) requests/2.18.4 msrest/0.4.26
          msrest_azure/0.4.21 graphrbacmanagementclient/0.31.0 Azure-SDK-For-Python]
      accept-language: [en-US]
    method: GET
    uri: https://graph.windows.net/00000000-0000-0000-0000-000000000000/me?api-version=1.6
  response:
    body: {string: '{"odata.metadata":"https://graph.windows.net/00000000-0000-0000-0000-000000000000/$metadata#directoryObjects/Microsoft.DirectoryServices.User/@Element","odata.type":"Microsoft.DirectoryServices.User","objectType":"User","objectId":"e7e158d3-7cdc-47cd-8825-5859d7ab2b55","deletionTimestamp":null,"accountEnabled":true,"ageGroup":null,"assignedLicenses":[],"assignedPlans":[],"city":null,"companyName":null,"consentProvidedForMinor":null,"country":null,"creationType":null,"department":null,"dirSyncEnabled":null,"displayName":"admin3","employeeId":null,"facsimileTelephoneNumber":null,"givenName":"admin3","immutableId":null,"isCompromised":null,"jobTitle":null,"lastDirSyncTime":null,"legalAgeGroupClassification":null,"mail":null,"mailNickname":"admin3","mobile":null,"onPremisesDistinguishedName":null,"onPremisesSecurityIdentifier":null,"otherMails":["yugangw@microsoft.com"],"passwordPolicies":"None","passwordProfile":null,"physicalDeliveryOfficeName":null,"postalCode":null,"preferredLanguage":"en-US","provisionedPlans":[],"provisioningErrors":[],"proxyAddresses":[],"refreshTokensValidFromDateTime":"2017-12-06T22:29:46Z","showInAddressList":null,"signInNames":[],"sipProxyAddress":null,"state":null,"streetAddress":null,"surname":"sdk","telephoneNumber":null,"usageLocation":null,"userIdentities":[],"userPrincipalName":"admin3@AzureSDKTeam.onmicrosoft.com","userType":"Member"}'}
    headers:
      access-control-allow-origin: ['*']
      cache-control: [no-cache]
      content-length: ['1387']
      content-type: [application/json; odata=minimalmetadata; streaming=true; charset=utf-8]
      dataserviceversion: [3.0;]
      date: ['Wed, 28 Feb 2018 22:45:51 GMT']
      duration: ['661978']
      expires: ['-1']
      ocp-aad-diagnostics-server-name: [v9AUKJfmZmF+If7I4skLsbYB6uuGyxntFS/INLlTpmQ=]
      ocp-aad-session-key: [N2cQn7JLMlhFOOScMnqmTV8JjfVa7kOjpLgj-Tx8yH_LD1Bt2rdQXYJPjg6e2ZS2SDySlExaNLKtTCdRKHKNCuy_OJMr3UJ7CmYvAkWfPiQq7W254wsX55U9CqSutqnT.qvqNENmMzAaHV7qT8EiLDoh7cccHdXNK571jMt2k5wY]
      pragma: [no-cache]
      request-id: [3f0d6331-57dd-4b46-a706-48a1ab9bf027]
      server: [Microsoft-IIS/10.0]
      strict-transport-security: [max-age=31536000; includeSubDomains]
      x-aspnet-version: [4.0.30319]
      x-content-type-options: [nosniff]
      x-ms-dirapi-data-contract-version: ['1.6']
      x-powered-by: [ASP.NET, ASP.NET]
    status: {code: 200, message: OK}
- request:
    body: '{"properties": {"tenantId": "54826b22-38d6-4fb2-bad9-b7b93a3e9c5a", "enabledForDiskEncryption":
      true, "accessPolicies": [{"tenantId": "54826b22-38d6-4fb2-bad9-b7b93a3e9c5a",
      "objectId": "e7e158d3-7cdc-47cd-8825-5859d7ab2b55", "permissions": {"storage":
      ["get", "list", "delete", "set", "update", "regeneratekey", "setsas", "listsas",
      "getsas", "deletesas"], "secrets": ["get", "list", "set", "delete", "backup",
      "restore", "recover"], "keys": ["get", "create", "delete", "list", "update",
      "import", "backup", "restore", "recover"], "certificates": ["get", "list", "delete",
      "create", "import", "update", "managecontacts", "getissuers", "listissuers",
      "setissuers", "deleteissuers", "manageissuers", "recover"]}}], "sku": {"name":
      "standard", "family": "A"}}, "location": "eastus2euap"}'
    headers:
      Accept: [application/json]
      Accept-Encoding: ['gzip, deflate']
      CommandName: [keyvault create]
      Connection: [keep-alive]
      Content-Length: ['785']
      Content-Type: [application/json; charset=utf-8]
      User-Agent: [python/3.5.4 (Windows-10-10.0.16299-SP0) requests/2.18.4 msrest/0.4.26
          msrest_azure/0.4.21 keyvaultmanagementclient/0.40.0 Azure-SDK-For-Python
          AZURECLI/2.0.29]
      accept-language: [en-US]
    method: PUT
    uri: https://management.azure.com/subscriptions/00000000-0000-0000-0000-000000000000/resourceGroups/cli_test_vmss_encryption000001/providers/Microsoft.KeyVault/vaults/vault000002?api-version=2016-10-01
  response:
    body: {string: '{"id":"/subscriptions/00000000-0000-0000-0000-000000000000/resourceGroups/cli_test_vmss_encryption000001/providers/Microsoft.KeyVault/vaults/vault000002","name":"vault000002","type":"Microsoft.KeyVault/vaults","location":"eastus2euap","tags":{},"properties":{"sku":{"family":"A","name":"standard"},"tenantId":"54826b22-38d6-4fb2-bad9-b7b93a3e9c5a","accessPolicies":[{"tenantId":"54826b22-38d6-4fb2-bad9-b7b93a3e9c5a","objectId":"e7e158d3-7cdc-47cd-8825-5859d7ab2b55","permissions":{"storage":["get","list","delete","set","update","regeneratekey","setsas","listsas","getsas","deletesas"],"secrets":["get","list","set","delete","backup","restore","recover"],"keys":["get","create","delete","list","update","import","backup","restore","recover"],"certificates":["get","list","delete","create","import","update","managecontacts","getissuers","listissuers","setissuers","deleteissuers","manageissuers","recover"]}}],"enabledForDeployment":false,"enabledForDiskEncryption":true,"vaultUri":"https://vault000002.vault.azure.net","provisioningState":"RegisteringDns"}}'}
    headers:
      cache-control: [no-cache]
      content-length: ['1101']
      content-type: [application/json; charset=utf-8]
      date: ['Wed, 28 Feb 2018 22:45:55 GMT']
      expires: ['-1']
      pragma: [no-cache]
      server: [Microsoft-IIS/8.5]
      strict-transport-security: [max-age=31536000; includeSubDomains]
      transfer-encoding: [chunked]
      vary: [Accept-Encoding]
      x-aspnet-version: [4.0.30319]
      x-content-type-options: [nosniff]
      x-ms-keyvault-service-version: [1.0.0.210]
      x-ms-ratelimit-remaining-subscription-writes: ['1198']
      x-powered-by: [ASP.NET]
    status: {code: 200, message: OK}
- request:
    body: null
    headers:
      Accept: [application/json]
      Accept-Encoding: ['gzip, deflate']
      CommandName: [vmss create]
      Connection: [keep-alive]
      Content-Type: [application/json; charset=utf-8]
      User-Agent: [python/3.5.4 (Windows-10-10.0.16299-SP0) requests/2.18.4 msrest/0.4.26
          msrest_azure/0.4.21 resourcemanagementclient/1.2.1 Azure-SDK-For-Python
          AZURECLI/2.0.29]
      accept-language: [en-US]
    method: GET
    uri: https://management.azure.com/subscriptions/00000000-0000-0000-0000-000000000000/resourcegroups/cli_test_vmss_encryption000001?api-version=2017-05-10
  response:
    body: {string: '{"id":"/subscriptions/00000000-0000-0000-0000-000000000000/resourceGroups/cli_test_vmss_encryption000001","name":"cli_test_vmss_encryption000001","location":"eastus2euap","tags":{"use":"az-test"},"properties":{"provisioningState":"Succeeded"}}'}
    headers:
      cache-control: [no-cache]
      content-length: ['333']
      content-type: [application/json; charset=utf-8]
      date: ['Wed, 28 Feb 2018 22:45:55 GMT']
      expires: ['-1']
      pragma: [no-cache]
      strict-transport-security: [max-age=31536000; includeSubDomains]
      vary: [Accept-Encoding]
      x-content-type-options: [nosniff]
    status: {code: 200, message: OK}
- request:
    body: null
    headers:
      Accept: ['*/*']
      Accept-Encoding: ['gzip, deflate']
      Connection: [keep-alive]
      User-Agent: [python-requests/2.18.4]
    method: GET
    uri: https://raw.githubusercontent.com/Azure/azure-rest-api-specs/master/arm-compute/quickstart-templates/aliases.json
  response:
    body: {string: "{\n  \"$schema\":\"http://schema.management.azure.com/schemas/2015-01-01/deploymentTemplate.json\"\
        ,\n  \"contentVersion\":\"1.0.0.0\",\n  \"parameters\":{},\n  \"variables\"\
        :{},\n  \"resources\":[],\n\n  \"outputs\":{\n    \"aliases\":{\n      \"\
        type\":\"object\",\n      \"value\":{\n\n        \"Linux\":{\n          \"\
        CentOS\":{\n            \"publisher\":\"OpenLogic\",\n            \"offer\"\
        :\"CentOS\",\n            \"sku\":\"7.3\",\n            \"version\":\"latest\"\
        \n          },\n          \"CoreOS\":{\n            \"publisher\":\"CoreOS\"\
        ,\n            \"offer\":\"CoreOS\",\n            \"sku\":\"Stable\",\n  \
        \          \"version\":\"latest\"\n          },\n          \"Debian\":{\n\
        \            \"publisher\":\"credativ\",\n            \"offer\":\"Debian\"\
        ,\n            \"sku\":\"8\",\n            \"version\":\"latest\"\n      \
        \    },\n          \"openSUSE-Leap\": {\n            \"publisher\":\"SUSE\"\
        ,\n            \"offer\":\"openSUSE-Leap\",\n            \"sku\":\"42.2\"\
        ,\n            \"version\": \"latest\"\n          },\n          \"RHEL\":{\n\
        \            \"publisher\":\"RedHat\",\n            \"offer\":\"RHEL\",\n\
        \            \"sku\":\"7.3\",\n            \"version\":\"latest\"\n      \
        \    },\n          \"SLES\":{\n            \"publisher\":\"SUSE\",\n     \
        \       \"offer\":\"SLES\",\n            \"sku\":\"12-SP2\",\n           \
        \ \"version\":\"latest\"\n          },\n          \"UbuntuLTS\":{\n      \
        \      \"publisher\":\"Canonical\",\n            \"offer\":\"UbuntuServer\"\
        ,\n            \"sku\":\"16.04-LTS\",\n            \"version\":\"latest\"\n\
        \          }\n        },\n\n        \"Windows\":{\n          \"Win2016Datacenter\"\
        :{\n            \"publisher\":\"MicrosoftWindowsServer\",\n            \"\
        offer\":\"WindowsServer\",\n            \"sku\":\"2016-Datacenter\",\n   \
        \         \"version\":\"latest\"\n          },\n          \"Win2012R2Datacenter\"\
        :{\n            \"publisher\":\"MicrosoftWindowsServer\",\n            \"\
        offer\":\"WindowsServer\",\n            \"sku\":\"2012-R2-Datacenter\",\n\
        \            \"version\":\"latest\"\n          },\n          \"Win2012Datacenter\"\
        :{\n            \"publisher\":\"MicrosoftWindowsServer\",\n            \"\
        offer\":\"WindowsServer\",\n            \"sku\":\"2012-Datacenter\",\n   \
        \         \"version\":\"latest\"\n          },\n          \"Win2008R2SP1\"\
        :{\n            \"publisher\":\"MicrosoftWindowsServer\",\n            \"\
        offer\":\"WindowsServer\",\n            \"sku\":\"2008-R2-SP1\",\n       \
        \     \"version\":\"latest\"\n          }\n        }\n      }\n    }\n  }\n\
        }\n"}
    headers:
      accept-ranges: [bytes]
      access-control-allow-origin: ['*']
      cache-control: [max-age=300]
      connection: [keep-alive]
      content-length: ['2235']
      content-security-policy: [default-src 'none'; style-src 'unsafe-inline'; sandbox]
      content-type: [text/plain; charset=utf-8]
      date: ['Wed, 28 Feb 2018 22:45:56 GMT']
      etag: ['"d6824855d13e27c5258a680eb60f635d088fd05e"']
      expires: ['Wed, 28 Feb 2018 22:50:56 GMT']
      source-age: ['0']
      strict-transport-security: [max-age=31536000]
      vary: ['Authorization,Accept-Encoding']
      via: [1.1 varnish]
      x-cache: [MISS]
      x-cache-hits: ['0']
      x-content-type-options: [nosniff]
      x-fastly-request-id: [e0730cc96b4caa9f357de62b493fae291abdcf5d]
      x-frame-options: [deny]
      x-geo-block-list: ['']
      x-github-request-id: ['5C5C:27AF7:6E7AE:7481B:5A973124']
      x-served-by: [cache-dfw18625-DFW]
      x-timer: ['S1519857957.659445,VS0,VE93']
      x-xss-protection: [1; mode=block]
    status: {code: 200, message: OK}
- request:
    body: null
    headers:
      Accept: [application/json]
      Accept-Encoding: ['gzip, deflate']
      CommandName: [vmss create]
      Connection: [keep-alive]
      Content-Type: [application/json; charset=utf-8]
      User-Agent: [python/3.5.4 (Windows-10-10.0.16299-SP0) requests/2.18.4 msrest/0.4.26
          msrest_azure/0.4.21 networkmanagementclient/1.7.0 Azure-SDK-For-Python AZURECLI/2.0.29]
      accept-language: [en-US]
    method: GET
    uri: https://management.azure.com/subscriptions/00000000-0000-0000-0000-000000000000/resourceGroups/cli_test_vmss_encryption000001/providers/Microsoft.Network/virtualNetworks?api-version=2017-11-01
  response:
    body: {string: '{"value":[]}'}
    headers:
      cache-control: [no-cache]
      content-length: ['12']
      content-type: [application/json; charset=utf-8]
      date: ['Wed, 28 Feb 2018 22:45:57 GMT']
      expires: ['-1']
      pragma: [no-cache]
      strict-transport-security: [max-age=31536000; includeSubDomains]
      vary: [Accept-Encoding]
      x-content-type-options: [nosniff]
    status: {code: 200, message: OK}
- request:
    body: 'b''{"properties": {"mode": "Incremental", "template": {"variables": {},
      "outputs": {"VMSS": {"value": "[reference(resourceId(\''Microsoft.Compute/virtualMachineScaleSets\'',
      \''vmss1\''),providers(\''Microsoft.Compute\'', \''virtualMachineScaleSets\'').apiVersions[0])]",
      "type": "object"}}, "contentVersion": "1.0.0.0", "parameters": {"adminPassword":
      {"metadata": {"description": "Secure adminPassword"}, "type": "securestring"}},
      "resources": [{"tags": {}, "properties": {"subnets": [{"name": "vmss1Subnet",
      "properties": {"addressPrefix": "10.0.0.0/24"}}], "addressSpace": {"addressPrefixes":
      ["10.0.0.0/16"]}}, "location": "eastus2euap", "apiVersion": "2015-06-15", "name":
      "vmss1VNET", "type": "Microsoft.Network/virtualNetworks", "dependsOn": []},
      {"tags": {}, "properties": {"publicIPAllocationMethod": "Dynamic"}, "location":
      "eastus2euap", "sku": {"name": "Basic"}, "apiVersion": "2017-11-01", "name":
      "vmss1LBPublicIP", "type": "Microsoft.Network/publicIPAddresses", "dependsOn":
      []}, {"tags": {}, "properties": {"backendAddressPools": [{"name": "vmss1LBBEPool"}],
      "frontendIPConfigurations": [{"name": "loadBalancerFrontEnd", "properties":
      {"publicIPAddress": {"id": "/subscriptions/00000000-0000-0000-0000-000000000000/resourceGroups/cli_test_vmss_encryption000001/providers/Microsoft.Network/publicIPAddresses/vmss1LBPublicIP"}}}],
      "inboundNatPools": [{"name": "vmss1LBNatPool", "properties": {"frontendIPConfiguration":
      {"id": "[concat(resourceId(\''Microsoft.Network/loadBalancers\'', \''vmss1LB\''),
      \''/frontendIPConfigurations/\'', \''loadBalancerFrontEnd\'')]"}, "frontendPortRangeStart":
      "50000", "frontendPortRangeEnd": "50119", "protocol": "tcp", "backendPort":
      3389}}]}, "location": "eastus2euap", "sku": {"name": "Basic"}, "apiVersion":
      "2017-11-01", "name": "vmss1LB", "type": "Microsoft.Network/loadBalancers",
      "dependsOn": ["Microsoft.Network/virtualNetworks/vmss1VNET", "Microsoft.Network/publicIpAddresses/vmss1LBPublicIP"]},
      {"tags": {}, "properties": {"overprovision": true, "singlePlacementGroup": true,
      "upgradePolicy": {"mode": "manual"}, "virtualMachineProfile": {"storageProfile":
      {"imageReference": {"offer": "WindowsServer", "sku": "2016-Datacenter", "version":
      "latest", "publisher": "MicrosoftWindowsServer"}, "osDisk": {"managedDisk":
      {"storageAccountType": null}, "caching": "ReadWrite", "createOption": "FromImage"}},
      "networkProfile": {"networkInterfaceConfigurations": [{"name": "vmss11f27Nic",
      "properties": {"ipConfigurations": [{"name": "vmss11f27IPConfig", "properties":
      {"loadBalancerInboundNatPools": [{"id": "/subscriptions/00000000-0000-0000-0000-000000000000/resourceGroups/cli_test_vmss_encryption000001/providers/Microsoft.Network/loadBalancers/vmss1LB/inboundNatPools/vmss1LBNatPool"}],
      "subnet": {"id": "/subscriptions/00000000-0000-0000-0000-000000000000/resourceGroups/cli_test_vmss_encryption000001/providers/Microsoft.Network/virtualNetworks/vmss1VNET/subnets/vmss1Subnet"},
      "loadBalancerBackendAddressPools": [{"id": "/subscriptions/00000000-0000-0000-0000-000000000000/resourceGroups/cli_test_vmss_encryption000001/providers/Microsoft.Network/loadBalancers/vmss1LB/backendAddressPools/vmss1LBBEPool"}]}}],
      "primary": "true"}}]}, "osProfile": {"adminUsername": "clitester1", "adminPassword":
      "[parameters(\''adminPassword\'')]", "computerNamePrefix": "vmss11f27"}}}, "location":
      "eastus2euap", "sku": {"capacity": 1, "name": "Standard_D1_v2"}, "apiVersion":
      "2017-12-01", "name": "vmss1", "type": "Microsoft.Compute/virtualMachineScaleSets",
      "dependsOn": ["Microsoft.Network/virtualNetworks/vmss1VNET", "Microsoft.Network/loadBalancers/vmss1LB"]}],
      "$schema": "https://schema.management.azure.com/schemas/2015-01-01/deploymentTemplate.json#"},
      "parameters": {"adminPassword": {"value": "Test123456789!"}}}}'''
    headers:
      Accept: [application/json]
      Accept-Encoding: ['gzip, deflate']
      CommandName: [vmss create]
      Connection: [keep-alive]
      Content-Length: ['3911']
      Content-Type: [application/json; charset=utf-8]
      User-Agent: [python/3.5.4 (Windows-10-10.0.16299-SP0) requests/2.18.4 msrest/0.4.26
          msrest_azure/0.4.21 resourcemanagementclient/1.2.1 Azure-SDK-For-Python
          AZURECLI/2.0.29]
      accept-language: [en-US]
    method: PUT
    uri: https://management.azure.com/subscriptions/00000000-0000-0000-0000-000000000000/resourcegroups/cli_test_vmss_encryption000001/providers/Microsoft.Resources/deployments/mock-deployment?api-version=2017-05-10
  response:
    body: {string: '{"id":"/subscriptions/00000000-0000-0000-0000-000000000000/resourceGroups/cli_test_vmss_encryption000001/providers/Microsoft.Resources/deployments/vmss_deploy_Fo2VEGXjzzzv9ZZl1KhyHiwyw1xLdfdC","name":"vmss_deploy_Fo2VEGXjzzzv9ZZl1KhyHiwyw1xLdfdC","properties":{"templateHash":"8049091636459557626","parameters":{"adminPassword":{"type":"SecureString"}},"mode":"Incremental","provisioningState":"Accepted","timestamp":"2018-02-28T22:46:00.5729724Z","duration":"PT1.8590848S","correlationId":"d4d4f35d-6486-434d-a94b-bcffaf1f793e","providers":[{"namespace":"Microsoft.Network","resourceTypes":[{"resourceType":"virtualNetworks","locations":["eastus2euap"]},{"resourceType":"publicIPAddresses","locations":["eastus2euap"]},{"resourceType":"loadBalancers","locations":["eastus2euap"]}]},{"namespace":"Microsoft.Compute","resourceTypes":[{"resourceType":"virtualMachineScaleSets","locations":["eastus2euap"]}]}],"dependencies":[{"dependsOn":[{"id":"/subscriptions/00000000-0000-0000-0000-000000000000/resourceGroups/cli_test_vmss_encryption000001/providers/Microsoft.Network/virtualNetworks/vmss1VNET","resourceType":"Microsoft.Network/virtualNetworks","resourceName":"vmss1VNET"},{"id":"/subscriptions/00000000-0000-0000-0000-000000000000/resourceGroups/cli_test_vmss_encryption000001/providers/Microsoft.Network/publicIPAddresses/vmss1LBPublicIP","resourceType":"Microsoft.Network/publicIPAddresses","resourceName":"vmss1LBPublicIP"}],"id":"/subscriptions/00000000-0000-0000-0000-000000000000/resourceGroups/cli_test_vmss_encryption000001/providers/Microsoft.Network/loadBalancers/vmss1LB","resourceType":"Microsoft.Network/loadBalancers","resourceName":"vmss1LB"},{"dependsOn":[{"id":"/subscriptions/00000000-0000-0000-0000-000000000000/resourceGroups/cli_test_vmss_encryption000001/providers/Microsoft.Network/virtualNetworks/vmss1VNET","resourceType":"Microsoft.Network/virtualNetworks","resourceName":"vmss1VNET"},{"id":"/subscriptions/00000000-0000-0000-0000-000000000000/resourceGroups/cli_test_vmss_encryption000001/providers/Microsoft.Network/loadBalancers/vmss1LB","resourceType":"Microsoft.Network/loadBalancers","resourceName":"vmss1LB"}],"id":"/subscriptions/00000000-0000-0000-0000-000000000000/resourceGroups/cli_test_vmss_encryption000001/providers/Microsoft.Compute/virtualMachineScaleSets/vmss1","resourceType":"Microsoft.Compute/virtualMachineScaleSets","resourceName":"vmss1"}]}}'}
    headers:
      azure-asyncoperation: ['https://management.azure.com/subscriptions/00000000-0000-0000-0000-000000000000/resourcegroups/cli_test_vmss_encryption000001/providers/Microsoft.Resources/deployments/vmss_deploy_Fo2VEGXjzzzv9ZZl1KhyHiwyw1xLdfdC/operationStatuses/08586817489267637387?api-version=2017-05-10']
      cache-control: [no-cache]
      content-length: ['2710']
      content-type: [application/json; charset=utf-8]
      date: ['Wed, 28 Feb 2018 22:46:00 GMT']
      expires: ['-1']
      pragma: [no-cache]
      strict-transport-security: [max-age=31536000; includeSubDomains]
      x-content-type-options: [nosniff]
      x-ms-ratelimit-remaining-subscription-writes: ['1197']
    status: {code: 201, message: Created}
- request:
    body: null
    headers:
      Accept: [application/json]
      Accept-Encoding: ['gzip, deflate']
      CommandName: [vmss create]
      Connection: [keep-alive]
      Content-Type: [application/json; charset=utf-8]
      User-Agent: [python/3.5.4 (Windows-10-10.0.16299-SP0) requests/2.18.4 msrest/0.4.26
          msrest_azure/0.4.21 resourcemanagementclient/1.2.1 Azure-SDK-For-Python
          AZURECLI/2.0.29]
      accept-language: [en-US]
    method: GET
    uri: https://management.azure.com/subscriptions/00000000-0000-0000-0000-000000000000/resourcegroups/cli_test_vmss_encryption000001/providers/Microsoft.Resources/deployments/mock-deployment/operationStatuses/08586817489267637387?api-version=2017-05-10
  response:
    body: {string: '{"status":"Running"}'}
    headers:
      cache-control: [no-cache]
      content-length: ['20']
      content-type: [application/json; charset=utf-8]
      date: ['Wed, 28 Feb 2018 22:46:31 GMT']
      expires: ['-1']
      pragma: [no-cache]
      strict-transport-security: [max-age=31536000; includeSubDomains]
      vary: [Accept-Encoding]
      x-content-type-options: [nosniff]
    status: {code: 200, message: OK}
- request:
    body: null
    headers:
      Accept: [application/json]
      Accept-Encoding: ['gzip, deflate']
      CommandName: [vmss create]
      Connection: [keep-alive]
      Content-Type: [application/json; charset=utf-8]
      User-Agent: [python/3.5.4 (Windows-10-10.0.16299-SP0) requests/2.18.4 msrest/0.4.26
          msrest_azure/0.4.21 resourcemanagementclient/1.2.1 Azure-SDK-For-Python
          AZURECLI/2.0.29]
      accept-language: [en-US]
    method: GET
    uri: https://management.azure.com/subscriptions/00000000-0000-0000-0000-000000000000/resourcegroups/cli_test_vmss_encryption000001/providers/Microsoft.Resources/deployments/mock-deployment/operationStatuses/08586817489267637387?api-version=2017-05-10
  response:
    body: {string: '{"status":"Running"}'}
    headers:
      cache-control: [no-cache]
      content-length: ['20']
      content-type: [application/json; charset=utf-8]
      date: ['Wed, 28 Feb 2018 22:47:02 GMT']
      expires: ['-1']
      pragma: [no-cache]
      strict-transport-security: [max-age=31536000; includeSubDomains]
      vary: [Accept-Encoding]
      x-content-type-options: [nosniff]
    status: {code: 200, message: OK}
- request:
    body: null
    headers:
      Accept: [application/json]
      Accept-Encoding: ['gzip, deflate']
      CommandName: [vmss create]
      Connection: [keep-alive]
      Content-Type: [application/json; charset=utf-8]
      User-Agent: [python/3.5.4 (Windows-10-10.0.16299-SP0) requests/2.18.4 msrest/0.4.26
          msrest_azure/0.4.21 resourcemanagementclient/1.2.1 Azure-SDK-For-Python
          AZURECLI/2.0.29]
      accept-language: [en-US]
    method: GET
    uri: https://management.azure.com/subscriptions/00000000-0000-0000-0000-000000000000/resourcegroups/cli_test_vmss_encryption000001/providers/Microsoft.Resources/deployments/mock-deployment/operationStatuses/08586817489267637387?api-version=2017-05-10
  response:
    body: {string: '{"status":"Running"}'}
    headers:
      cache-control: [no-cache]
      content-length: ['20']
      content-type: [application/json; charset=utf-8]
      date: ['Wed, 28 Feb 2018 22:47:34 GMT']
      expires: ['-1']
      pragma: [no-cache]
      strict-transport-security: [max-age=31536000; includeSubDomains]
      vary: [Accept-Encoding]
      x-content-type-options: [nosniff]
    status: {code: 200, message: OK}
- request:
    body: null
    headers:
      Accept: [application/json]
      Accept-Encoding: ['gzip, deflate']
      CommandName: [vmss create]
      Connection: [keep-alive]
      Content-Type: [application/json; charset=utf-8]
      User-Agent: [python/3.5.4 (Windows-10-10.0.16299-SP0) requests/2.18.4 msrest/0.4.26
          msrest_azure/0.4.21 resourcemanagementclient/1.2.1 Azure-SDK-For-Python
          AZURECLI/2.0.29]
      accept-language: [en-US]
    method: GET
    uri: https://management.azure.com/subscriptions/00000000-0000-0000-0000-000000000000/resourcegroups/cli_test_vmss_encryption000001/providers/Microsoft.Resources/deployments/mock-deployment/operationStatuses/08586817489267637387?api-version=2017-05-10
  response:
    body: {string: '{"status":"Running"}'}
    headers:
      cache-control: [no-cache]
      content-length: ['20']
      content-type: [application/json; charset=utf-8]
      date: ['Wed, 28 Feb 2018 22:48:04 GMT']
      expires: ['-1']
      pragma: [no-cache]
      strict-transport-security: [max-age=31536000; includeSubDomains]
      vary: [Accept-Encoding]
      x-content-type-options: [nosniff]
    status: {code: 200, message: OK}
- request:
    body: null
    headers:
      Accept: [application/json]
      Accept-Encoding: ['gzip, deflate']
      CommandName: [vmss create]
      Connection: [keep-alive]
      Content-Type: [application/json; charset=utf-8]
      User-Agent: [python/3.5.4 (Windows-10-10.0.16299-SP0) requests/2.18.4 msrest/0.4.26
          msrest_azure/0.4.21 resourcemanagementclient/1.2.1 Azure-SDK-For-Python
          AZURECLI/2.0.29]
      accept-language: [en-US]
    method: GET
    uri: https://management.azure.com/subscriptions/00000000-0000-0000-0000-000000000000/resourcegroups/cli_test_vmss_encryption000001/providers/Microsoft.Resources/deployments/mock-deployment/operationStatuses/08586817489267637387?api-version=2017-05-10
  response:
    body: {string: '{"status":"Running"}'}
    headers:
      cache-control: [no-cache]
      content-length: ['20']
      content-type: [application/json; charset=utf-8]
      date: ['Wed, 28 Feb 2018 22:48:35 GMT']
      expires: ['-1']
      pragma: [no-cache]
      strict-transport-security: [max-age=31536000; includeSubDomains]
      vary: [Accept-Encoding]
      x-content-type-options: [nosniff]
    status: {code: 200, message: OK}
- request:
    body: null
    headers:
      Accept: [application/json]
      Accept-Encoding: ['gzip, deflate']
      CommandName: [vmss create]
      Connection: [keep-alive]
      Content-Type: [application/json; charset=utf-8]
      User-Agent: [python/3.5.4 (Windows-10-10.0.16299-SP0) requests/2.18.4 msrest/0.4.26
          msrest_azure/0.4.21 resourcemanagementclient/1.2.1 Azure-SDK-For-Python
          AZURECLI/2.0.29]
      accept-language: [en-US]
    method: GET
    uri: https://management.azure.com/subscriptions/00000000-0000-0000-0000-000000000000/resourcegroups/cli_test_vmss_encryption000001/providers/Microsoft.Resources/deployments/mock-deployment/operationStatuses/08586817489267637387?api-version=2017-05-10
  response:
    body: {string: '{"status":"Running"}'}
    headers:
      cache-control: [no-cache]
      content-length: ['20']
      content-type: [application/json; charset=utf-8]
      date: ['Wed, 28 Feb 2018 22:49:07 GMT']
      expires: ['-1']
      pragma: [no-cache]
      strict-transport-security: [max-age=31536000; includeSubDomains]
      vary: [Accept-Encoding]
      x-content-type-options: [nosniff]
    status: {code: 200, message: OK}
- request:
    body: null
    headers:
      Accept: [application/json]
      Accept-Encoding: ['gzip, deflate']
      CommandName: [vmss create]
      Connection: [keep-alive]
      Content-Type: [application/json; charset=utf-8]
      User-Agent: [python/3.5.4 (Windows-10-10.0.16299-SP0) requests/2.18.4 msrest/0.4.26
          msrest_azure/0.4.21 resourcemanagementclient/1.2.1 Azure-SDK-For-Python
          AZURECLI/2.0.29]
      accept-language: [en-US]
    method: GET
    uri: https://management.azure.com/subscriptions/00000000-0000-0000-0000-000000000000/resourcegroups/cli_test_vmss_encryption000001/providers/Microsoft.Resources/deployments/mock-deployment/operationStatuses/08586817489267637387?api-version=2017-05-10
  response:
    body: {string: '{"status":"Running"}'}
    headers:
      cache-control: [no-cache]
      content-length: ['20']
      content-type: [application/json; charset=utf-8]
      date: ['Wed, 28 Feb 2018 22:49:38 GMT']
      expires: ['-1']
      pragma: [no-cache]
      strict-transport-security: [max-age=31536000; includeSubDomains]
      vary: [Accept-Encoding]
      x-content-type-options: [nosniff]
    status: {code: 200, message: OK}
- request:
    body: null
    headers:
      Accept: [application/json]
      Accept-Encoding: ['gzip, deflate']
      CommandName: [vmss create]
      Connection: [keep-alive]
      Content-Type: [application/json; charset=utf-8]
      User-Agent: [python/3.5.4 (Windows-10-10.0.16299-SP0) requests/2.18.4 msrest/0.4.26
          msrest_azure/0.4.21 resourcemanagementclient/1.2.1 Azure-SDK-For-Python
          AZURECLI/2.0.29]
      accept-language: [en-US]
    method: GET
    uri: https://management.azure.com/subscriptions/00000000-0000-0000-0000-000000000000/resourcegroups/cli_test_vmss_encryption000001/providers/Microsoft.Resources/deployments/mock-deployment/operationStatuses/08586817489267637387?api-version=2017-05-10
  response:
    body: {string: '{"status":"Running"}'}
    headers:
      cache-control: [no-cache]
      content-length: ['20']
      content-type: [application/json; charset=utf-8]
      date: ['Wed, 28 Feb 2018 22:50:08 GMT']
      expires: ['-1']
      pragma: [no-cache]
      strict-transport-security: [max-age=31536000; includeSubDomains]
      vary: [Accept-Encoding]
      x-content-type-options: [nosniff]
    status: {code: 200, message: OK}
- request:
    body: null
    headers:
      Accept: [application/json]
      Accept-Encoding: ['gzip, deflate']
      CommandName: [vmss create]
      Connection: [keep-alive]
      Content-Type: [application/json; charset=utf-8]
      User-Agent: [python/3.5.4 (Windows-10-10.0.16299-SP0) requests/2.18.4 msrest/0.4.26
          msrest_azure/0.4.21 resourcemanagementclient/1.2.1 Azure-SDK-For-Python
          AZURECLI/2.0.29]
      accept-language: [en-US]
    method: GET
    uri: https://management.azure.com/subscriptions/00000000-0000-0000-0000-000000000000/resourcegroups/cli_test_vmss_encryption000001/providers/Microsoft.Resources/deployments/mock-deployment/operationStatuses/08586817489267637387?api-version=2017-05-10
  response:
    body: {string: '{"status":"Running"}'}
    headers:
      cache-control: [no-cache]
      content-length: ['20']
      content-type: [application/json; charset=utf-8]
      date: ['Wed, 28 Feb 2018 22:50:39 GMT']
      expires: ['-1']
      pragma: [no-cache]
      strict-transport-security: [max-age=31536000; includeSubDomains]
      vary: [Accept-Encoding]
      x-content-type-options: [nosniff]
    status: {code: 200, message: OK}
- request:
    body: null
    headers:
      Accept: [application/json]
      Accept-Encoding: ['gzip, deflate']
      CommandName: [vmss create]
      Connection: [keep-alive]
      Content-Type: [application/json; charset=utf-8]
      User-Agent: [python/3.5.4 (Windows-10-10.0.16299-SP0) requests/2.18.4 msrest/0.4.26
          msrest_azure/0.4.21 resourcemanagementclient/1.2.1 Azure-SDK-For-Python
          AZURECLI/2.0.29]
      accept-language: [en-US]
    method: GET
    uri: https://management.azure.com/subscriptions/00000000-0000-0000-0000-000000000000/resourcegroups/cli_test_vmss_encryption000001/providers/Microsoft.Resources/deployments/mock-deployment/operationStatuses/08586817489267637387?api-version=2017-05-10
  response:
    body: {string: '{"status":"Running"}'}
    headers:
      cache-control: [no-cache]
      content-length: ['20']
      content-type: [application/json; charset=utf-8]
      date: ['Wed, 28 Feb 2018 22:51:10 GMT']
      expires: ['-1']
      pragma: [no-cache]
      strict-transport-security: [max-age=31536000; includeSubDomains]
      vary: [Accept-Encoding]
      x-content-type-options: [nosniff]
    status: {code: 200, message: OK}
- request:
    body: null
    headers:
      Accept: [application/json]
      Accept-Encoding: ['gzip, deflate']
      CommandName: [vmss create]
      Connection: [keep-alive]
      Content-Type: [application/json; charset=utf-8]
      User-Agent: [python/3.5.4 (Windows-10-10.0.16299-SP0) requests/2.18.4 msrest/0.4.26
          msrest_azure/0.4.21 resourcemanagementclient/1.2.1 Azure-SDK-For-Python
          AZURECLI/2.0.29]
      accept-language: [en-US]
    method: GET
    uri: https://management.azure.com/subscriptions/00000000-0000-0000-0000-000000000000/resourcegroups/cli_test_vmss_encryption000001/providers/Microsoft.Resources/deployments/mock-deployment/operationStatuses/08586817489267637387?api-version=2017-05-10
  response:
    body: {string: '{"status":"Running"}'}
    headers:
      cache-control: [no-cache]
      content-length: ['20']
      content-type: [application/json; charset=utf-8]
      date: ['Wed, 28 Feb 2018 22:51:41 GMT']
      expires: ['-1']
      pragma: [no-cache]
      strict-transport-security: [max-age=31536000; includeSubDomains]
      vary: [Accept-Encoding]
      x-content-type-options: [nosniff]
    status: {code: 200, message: OK}
- request:
    body: null
    headers:
      Accept: [application/json]
      Accept-Encoding: ['gzip, deflate']
      CommandName: [vmss create]
      Connection: [keep-alive]
      Content-Type: [application/json; charset=utf-8]
      User-Agent: [python/3.5.4 (Windows-10-10.0.16299-SP0) requests/2.18.4 msrest/0.4.26
          msrest_azure/0.4.21 resourcemanagementclient/1.2.1 Azure-SDK-For-Python
          AZURECLI/2.0.29]
      accept-language: [en-US]
    method: GET
    uri: https://management.azure.com/subscriptions/00000000-0000-0000-0000-000000000000/resourcegroups/cli_test_vmss_encryption000001/providers/Microsoft.Resources/deployments/mock-deployment/operationStatuses/08586817489267637387?api-version=2017-05-10
  response:
    body: {string: '{"status":"Succeeded"}'}
    headers:
      cache-control: [no-cache]
      content-length: ['22']
      content-type: [application/json; charset=utf-8]
      date: ['Wed, 28 Feb 2018 22:52:12 GMT']
      expires: ['-1']
      pragma: [no-cache]
      strict-transport-security: [max-age=31536000; includeSubDomains]
      vary: [Accept-Encoding]
      x-content-type-options: [nosniff]
    status: {code: 200, message: OK}
- request:
    body: null
    headers:
      Accept: [application/json]
      Accept-Encoding: ['gzip, deflate']
      CommandName: [vmss create]
      Connection: [keep-alive]
      Content-Type: [application/json; charset=utf-8]
      User-Agent: [python/3.5.4 (Windows-10-10.0.16299-SP0) requests/2.18.4 msrest/0.4.26
          msrest_azure/0.4.21 resourcemanagementclient/1.2.1 Azure-SDK-For-Python
          AZURECLI/2.0.29]
      accept-language: [en-US]
    method: GET
    uri: https://management.azure.com/subscriptions/00000000-0000-0000-0000-000000000000/resourcegroups/cli_test_vmss_encryption000001/providers/Microsoft.Resources/deployments/mock-deployment?api-version=2017-05-10
  response:
    body: {string: '{"id":"/subscriptions/00000000-0000-0000-0000-000000000000/resourceGroups/cli_test_vmss_encryption000001/providers/Microsoft.Resources/deployments/vmss_deploy_Fo2VEGXjzzzv9ZZl1KhyHiwyw1xLdfdC","name":"vmss_deploy_Fo2VEGXjzzzv9ZZl1KhyHiwyw1xLdfdC","properties":{"templateHash":"8049091636459557626","parameters":{"adminPassword":{"type":"SecureString"}},"mode":"Incremental","provisioningState":"Succeeded","timestamp":"2018-02-28T22:51:50.5530208Z","duration":"PT5M51.8391332S","correlationId":"d4d4f35d-6486-434d-a94b-bcffaf1f793e","providers":[{"namespace":"Microsoft.Network","resourceTypes":[{"resourceType":"virtualNetworks","locations":["eastus2euap"]},{"resourceType":"publicIPAddresses","locations":["eastus2euap"]},{"resourceType":"loadBalancers","locations":["eastus2euap"]}]},{"namespace":"Microsoft.Compute","resourceTypes":[{"resourceType":"virtualMachineScaleSets","locations":["eastus2euap"]}]}],"dependencies":[{"dependsOn":[{"id":"/subscriptions/00000000-0000-0000-0000-000000000000/resourceGroups/cli_test_vmss_encryption000001/providers/Microsoft.Network/virtualNetworks/vmss1VNET","resourceType":"Microsoft.Network/virtualNetworks","resourceName":"vmss1VNET"},{"id":"/subscriptions/00000000-0000-0000-0000-000000000000/resourceGroups/cli_test_vmss_encryption000001/providers/Microsoft.Network/publicIPAddresses/vmss1LBPublicIP","resourceType":"Microsoft.Network/publicIPAddresses","resourceName":"vmss1LBPublicIP"}],"id":"/subscriptions/00000000-0000-0000-0000-000000000000/resourceGroups/cli_test_vmss_encryption000001/providers/Microsoft.Network/loadBalancers/vmss1LB","resourceType":"Microsoft.Network/loadBalancers","resourceName":"vmss1LB"},{"dependsOn":[{"id":"/subscriptions/00000000-0000-0000-0000-000000000000/resourceGroups/cli_test_vmss_encryption000001/providers/Microsoft.Network/virtualNetworks/vmss1VNET","resourceType":"Microsoft.Network/virtualNetworks","resourceName":"vmss1VNET"},{"id":"/subscriptions/00000000-0000-0000-0000-000000000000/resourceGroups/cli_test_vmss_encryption000001/providers/Microsoft.Network/loadBalancers/vmss1LB","resourceType":"Microsoft.Network/loadBalancers","resourceName":"vmss1LB"}],"id":"/subscriptions/00000000-0000-0000-0000-000000000000/resourceGroups/cli_test_vmss_encryption000001/providers/Microsoft.Compute/virtualMachineScaleSets/vmss1","resourceType":"Microsoft.Compute/virtualMachineScaleSets","resourceName":"vmss1"}],"outputs":{"vmss":{"type":"Object","value":{"singlePlacementGroup":true,"upgradePolicy":{"mode":"Manual","automaticOSUpgrade":false},"virtualMachineProfile":{"osProfile":{"computerNamePrefix":"vmss11f27","adminUsername":"clitester1","windowsConfiguration":{"provisionVMAgent":true,"enableAutomaticUpdates":true},"secrets":[]},"storageProfile":{"osDisk":{"createOption":"FromImage","caching":"ReadWrite","managedDisk":{"storageAccountType":"Standard_LRS"}},"imageReference":{"publisher":"MicrosoftWindowsServer","offer":"WindowsServer","sku":"2016-Datacenter","version":"latest"}},"networkProfile":{"networkInterfaceConfigurations":[{"name":"vmss11f27Nic","properties":{"primary":true,"enableAcceleratedNetworking":false,"dnsSettings":{"dnsServers":[]},"enableIPForwarding":false,"ipConfigurations":[{"name":"vmss11f27IPConfig","properties":{"subnet":{"id":"/subscriptions/00000000-0000-0000-0000-000000000000/resourceGroups/cli_test_vmss_encryption000001/providers/Microsoft.Network/virtualNetworks/vmss1VNET/subnets/vmss1Subnet"},"privateIPAddressVersion":"IPv4","loadBalancerBackendAddressPools":[{"id":"/subscriptions/00000000-0000-0000-0000-000000000000/resourceGroups/cli_test_vmss_encryption000001/providers/Microsoft.Network/loadBalancers/vmss1LB/backendAddressPools/vmss1LBBEPool"}],"loadBalancerInboundNatPools":[{"id":"/subscriptions/00000000-0000-0000-0000-000000000000/resourceGroups/cli_test_vmss_encryption000001/providers/Microsoft.Network/loadBalancers/vmss1LB/inboundNatPools/vmss1LBNatPool"}]}}]}}]}},"provisioningState":"Succeeded","overprovision":true,"uniqueId":"d272ad32-39f8-4ed5-965e-284bc04d430b"}}},"outputResources":[{"id":"/subscriptions/00000000-0000-0000-0000-000000000000/resourceGroups/cli_test_vmss_encryption000001/providers/Microsoft.Compute/virtualMachineScaleSets/vmss1"},{"id":"/subscriptions/00000000-0000-0000-0000-000000000000/resourceGroups/cli_test_vmss_encryption000001/providers/Microsoft.Network/loadBalancers/vmss1LB"},{"id":"/subscriptions/00000000-0000-0000-0000-000000000000/resourceGroups/cli_test_vmss_encryption000001/providers/Microsoft.Network/publicIPAddresses/vmss1LBPublicIP"},{"id":"/subscriptions/00000000-0000-0000-0000-000000000000/resourceGroups/cli_test_vmss_encryption000001/providers/Microsoft.Network/virtualNetworks/vmss1VNET"}]}}'}
    headers:
      cache-control: [no-cache]
      content-length: ['5326']
      content-type: [application/json; charset=utf-8]
      date: ['Wed, 28 Feb 2018 22:52:13 GMT']
      expires: ['-1']
      pragma: [no-cache]
      strict-transport-security: [max-age=31536000; includeSubDomains]
      vary: [Accept-Encoding]
      x-content-type-options: [nosniff]
    status: {code: 200, message: OK}
- request:
    body: null
    headers:
      Accept: [application/json]
      Accept-Encoding: ['gzip, deflate']
      CommandName: [vmss encryption enable]
      Connection: [keep-alive]
      Content-Type: [application/json; charset=utf-8]
      User-Agent: [python/3.5.4 (Windows-10-10.0.16299-SP0) requests/2.18.4 msrest/0.4.26
          msrest_azure/0.4.21 computemanagementclient/3.1.0rc3 Azure-SDK-For-Python
          AZURECLI/2.0.29]
      accept-language: [en-US]
    method: GET
    uri: https://management.azure.com/subscriptions/00000000-0000-0000-0000-000000000000/resourceGroups/cli_test_vmss_encryption000001/providers/Microsoft.Compute/virtualMachineScaleSets/vmss1?api-version=2017-12-01
  response:
    body: {string: "{\r\n  \"sku\": {\r\n    \"name\": \"Standard_D1_v2\",\r\n   \
        \ \"tier\": \"Standard\",\r\n    \"capacity\": 1\r\n  },\r\n  \"properties\"\
        : {\r\n    \"singlePlacementGroup\": true,\r\n    \"upgradePolicy\": {\r\n\
        \      \"mode\": \"Manual\",\r\n      \"automaticOSUpgrade\": false\r\n  \
        \  },\r\n    \"virtualMachineProfile\": {\r\n      \"osProfile\": {\r\n  \
        \      \"computerNamePrefix\": \"vmss11f27\",\r\n        \"adminUsername\"\
        : \"clitester1\",\r\n        \"windowsConfiguration\": {\r\n          \"provisionVMAgent\"\
        : true,\r\n          \"enableAutomaticUpdates\": true\r\n        },\r\n  \
        \      \"secrets\": []\r\n      },\r\n      \"storageProfile\": {\r\n    \
        \    \"osDisk\": {\r\n          \"createOption\": \"FromImage\",\r\n     \
        \     \"caching\": \"ReadWrite\",\r\n          \"managedDisk\": {\r\n    \
        \        \"storageAccountType\": \"Standard_LRS\"\r\n          }\r\n     \
        \   },\r\n        \"imageReference\": {\r\n          \"publisher\": \"MicrosoftWindowsServer\"\
        ,\r\n          \"offer\": \"WindowsServer\",\r\n          \"sku\": \"2016-Datacenter\"\
        ,\r\n          \"version\": \"latest\"\r\n        }\r\n      },\r\n      \"\
        networkProfile\": {\"networkInterfaceConfigurations\":[{\"name\":\"vmss11f27Nic\"\
        ,\"properties\":{\"primary\":true,\"enableAcceleratedNetworking\":false,\"\
        dnsSettings\":{\"dnsServers\":[]},\"enableIPForwarding\":false,\"ipConfigurations\"\
        :[{\"name\":\"vmss11f27IPConfig\",\"properties\":{\"subnet\":{\"id\":\"/subscriptions/00000000-0000-0000-0000-000000000000/resourceGroups/cli_test_vmss_encryption000001/providers/Microsoft.Network/virtualNetworks/vmss1VNET/subnets/vmss1Subnet\"\
        },\"privateIPAddressVersion\":\"IPv4\",\"loadBalancerBackendAddressPools\"\
        :[{\"id\":\"/subscriptions/00000000-0000-0000-0000-000000000000/resourceGroups/cli_test_vmss_encryption000001/providers/Microsoft.Network/loadBalancers/vmss1LB/backendAddressPools/vmss1LBBEPool\"\
        }],\"loadBalancerInboundNatPools\":[{\"id\":\"/subscriptions/00000000-0000-0000-0000-000000000000/resourceGroups/cli_test_vmss_encryption000001/providers/Microsoft.Network/loadBalancers/vmss1LB/inboundNatPools/vmss1LBNatPool\"\
        }]}}]}}]}\r\n    },\r\n    \"provisioningState\": \"Succeeded\",\r\n    \"\
        overprovision\": true,\r\n    \"uniqueId\": \"d272ad32-39f8-4ed5-965e-284bc04d430b\"\
        \r\n  },\r\n  \"type\": \"Microsoft.Compute/virtualMachineScaleSets\",\r\n\
        \  \"location\": \"EastUS2EUAP\",\r\n  \"tags\": {},\r\n  \"id\": \"/subscriptions/00000000-0000-0000-0000-000000000000/resourceGroups/cli_test_vmss_encryption000001/providers/Microsoft.Compute/virtualMachineScaleSets/vmss1\"\
        ,\r\n  \"name\": \"vmss1\"\r\n}"}
    headers:
      cache-control: [no-cache]
      content-length: ['2522']
      content-type: [application/json; charset=utf-8]
      date: ['Wed, 28 Feb 2018 22:52:14 GMT']
      expires: ['-1']
      pragma: [no-cache]
      server: [Microsoft-HTTPAPI/2.0, Microsoft-HTTPAPI/2.0]
      strict-transport-security: [max-age=31536000; includeSubDomains]
      transfer-encoding: [chunked]
      vary: [Accept-Encoding]
      x-content-type-options: [nosniff]
      x-ms-ratelimit-remaining-resource: ['Microsoft.Compute/GetVMScaleSet3Min;192,Microsoft.Compute/GetVMScaleSet30Min;992']
    status: {code: 200, message: OK}
- request:
    body: null
    headers:
      Accept: [application/json]
      Accept-Encoding: ['gzip, deflate']
      CommandName: [vmss encryption enable]
      Connection: [keep-alive]
      Content-Type: [application/json; charset=utf-8]
      User-Agent: [python/3.5.4 (Windows-10-10.0.16299-SP0) requests/2.18.4 msrest/0.4.26
          msrest_azure/0.4.21 keyvaultmanagementclient/0.40.0 Azure-SDK-For-Python
          AZURECLI/2.0.29]
      accept-language: [en-US]
    method: GET
    uri: https://management.azure.com/subscriptions/00000000-0000-0000-0000-000000000000/resourceGroups/cli_test_vmss_encryption000001/providers/Microsoft.KeyVault/vaults/vault000002?api-version=2016-10-01
  response:
    body: {string: '{"id":"/subscriptions/00000000-0000-0000-0000-000000000000/resourceGroups/cli_test_vmss_encryption000001/providers/Microsoft.KeyVault/vaults/vault000002","name":"vault000002","type":"Microsoft.KeyVault/vaults","location":"eastus2euap","tags":{},"properties":{"sku":{"family":"A","name":"standard"},"tenantId":"54826b22-38d6-4fb2-bad9-b7b93a3e9c5a","accessPolicies":[{"tenantId":"54826b22-38d6-4fb2-bad9-b7b93a3e9c5a","objectId":"e7e158d3-7cdc-47cd-8825-5859d7ab2b55","permissions":{"storage":["get","list","delete","set","update","regeneratekey","setsas","listsas","getsas","deletesas"],"secrets":["get","list","set","delete","backup","restore","recover"],"keys":["get","create","delete","list","update","import","backup","restore","recover"],"certificates":["get","list","delete","create","import","update","managecontacts","getissuers","listissuers","setissuers","deleteissuers","manageissuers","recover"]}}],"enabledForDeployment":false,"enabledForDiskEncryption":true,"vaultUri":"https://vault000002.vault.azure.net/","provisioningState":"Succeeded"}}'}
    headers:
      cache-control: [no-cache]
      content-length: ['1097']
      content-type: [application/json; charset=utf-8]
      date: ['Wed, 28 Feb 2018 22:52:15 GMT']
      expires: ['-1']
      pragma: [no-cache]
      server: [Microsoft-IIS/8.5]
      strict-transport-security: [max-age=31536000; includeSubDomains]
      transfer-encoding: [chunked]
      vary: [Accept-Encoding]
      x-aspnet-version: [4.0.30319]
      x-content-type-options: [nosniff]
      x-ms-keyvault-service-version: [1.0.0.210]
      x-powered-by: [ASP.NET]
    status: {code: 200, message: OK}
- request:
    body: 'b''b\''{"tags": {}, "sku": {"capacity": 1, "name": "Standard_D1_v2", "tier":
      "Standard"}, "properties": {"singlePlacementGroup": true, "overprovision": true,
      "upgradePolicy": {"automaticOSUpgrade": false, "mode": "Manual"}, "virtualMachineProfile":
      {"networkProfile": {"networkInterfaceConfigurations": [{"name": "vmss11f27Nic",
      "properties": {"ipConfigurations": [{"name": "vmss11f27IPConfig", "properties":
      {"privateIPAddressVersion": "IPv4", "loadBalancerInboundNatPools": [{"id": "/subscriptions/00000000-0000-0000-0000-000000000000/resourceGroups/cli_test_vmss_encryption000001/providers/Microsoft.Network/loadBalancers/vmss1LB/inboundNatPools/vmss1LBNatPool"}],
      "subnet": {"id": "/subscriptions/00000000-0000-0000-0000-000000000000/resourceGroups/cli_test_vmss_encryption000001/providers/Microsoft.Network/virtualNetworks/vmss1VNET/subnets/vmss1Subnet"},
      "loadBalancerBackendAddressPools": [{"id": "/subscriptions/00000000-0000-0000-0000-000000000000/resourceGroups/cli_test_vmss_encryption000001/providers/Microsoft.Network/loadBalancers/vmss1LB/backendAddressPools/vmss1LBBEPool"}]}}],
      "enableIPForwarding": false, "enableAcceleratedNetworking": false, "primary":
      true, "dnsSettings": {"dnsServers": []}}}]}, "storageProfile": {"imageReference":
      {"offer": "WindowsServer", "sku": "2016-Datacenter", "version": "latest", "publisher":
      "MicrosoftWindowsServer"}, "osDisk": {"managedDisk": {"storageAccountType":
      "Standard_LRS"}, "caching": "ReadWrite", "createOption": "FromImage"}}, "extensionProfile":
      {"extensions": [{"name": "AzureDiskEncryption", "properties": {"type": "AzureDiskEncryption",
      "typeHandlerVersion": "2.1", "settings": {"KeyVaultResourceId": "/subscriptions/00000000-0000-0000-0000-000000000000/resourceGroups/cli_test_vmss_encryption000001/providers/Microsoft.KeyVault/vaults/vault000002",
      "KeyVaultURL": "https://vault000002.vault.azure.net", "KeyEncryptionKeyURL":
      "", "EncryptionOperation": "EnableEncryption", "VolumeType": "ALL", "KekVaultResourceId":
      "", "KeyEncryptionAlgorithm": ""}, "autoUpgradeMinorVersion": true, "publisher":
      "Microsoft.Azure.Security", "forceUpdateTag": "ab63e971-4773-42fc-9958-c67be5fe524b"}}]},
      "osProfile": {"secrets": [], "adminUsername": "clitester1", "windowsConfiguration":
      {"enableAutomaticUpdates": true, "provisionVMAgent": true}, "computerNamePrefix":
      "vmss11f27"}}}, "location": "EastUS2EUAP"}\'''''
    headers:
      Accept: [application/json]
      Accept-Encoding: ['gzip, deflate']
      CommandName: [vmss encryption enable]
      Connection: [keep-alive]
      Content-Length: ['2533']
      Content-Type: [application/json; charset=utf-8]
      User-Agent: [python/3.5.4 (Windows-10-10.0.16299-SP0) requests/2.18.4 msrest/0.4.26
          msrest_azure/0.4.21 computemanagementclient/3.1.0rc3 Azure-SDK-For-Python
          AZURECLI/2.0.29]
      accept-language: [en-US]
    method: PUT
    uri: https://management.azure.com/subscriptions/00000000-0000-0000-0000-000000000000/resourceGroups/cli_test_vmss_encryption000001/providers/Microsoft.Compute/virtualMachineScaleSets/vmss1?api-version=2017-12-01
  response:
    body: {string: "{\r\n  \"sku\": {\r\n    \"name\": \"Standard_D1_v2\",\r\n   \
        \ \"tier\": \"Standard\",\r\n    \"capacity\": 1\r\n  },\r\n  \"properties\"\
        : {\r\n    \"singlePlacementGroup\": true,\r\n    \"upgradePolicy\": {\r\n\
        \      \"mode\": \"Manual\",\r\n      \"automaticOSUpgrade\": false\r\n  \
        \  },\r\n    \"virtualMachineProfile\": {\r\n      \"osProfile\": {\r\n  \
        \      \"computerNamePrefix\": \"vmss11f27\",\r\n        \"adminUsername\"\
        : \"clitester1\",\r\n        \"windowsConfiguration\": {\r\n          \"provisionVMAgent\"\
        : true,\r\n          \"enableAutomaticUpdates\": true\r\n        },\r\n  \
        \      \"secrets\": []\r\n      },\r\n      \"storageProfile\": {\r\n    \
        \    \"osDisk\": {\r\n          \"createOption\": \"FromImage\",\r\n     \
        \     \"caching\": \"ReadWrite\",\r\n          \"managedDisk\": {\r\n    \
        \        \"storageAccountType\": \"Standard_LRS\"\r\n          }\r\n     \
        \   },\r\n        \"imageReference\": {\r\n          \"publisher\": \"MicrosoftWindowsServer\"\
        ,\r\n          \"offer\": \"WindowsServer\",\r\n          \"sku\": \"2016-Datacenter\"\
        ,\r\n          \"version\": \"latest\"\r\n        }\r\n      },\r\n      \"\
        networkProfile\": {\"networkInterfaceConfigurations\":[{\"name\":\"vmss11f27Nic\"\
        ,\"properties\":{\"primary\":true,\"enableAcceleratedNetworking\":false,\"\
        dnsSettings\":{\"dnsServers\":[]},\"enableIPForwarding\":false,\"ipConfigurations\"\
        :[{\"name\":\"vmss11f27IPConfig\",\"properties\":{\"subnet\":{\"id\":\"/subscriptions/00000000-0000-0000-0000-000000000000/resourceGroups/cli_test_vmss_encryption000001/providers/Microsoft.Network/virtualNetworks/vmss1VNET/subnets/vmss1Subnet\"\
        },\"privateIPAddressVersion\":\"IPv4\",\"loadBalancerBackendAddressPools\"\
        :[{\"id\":\"/subscriptions/00000000-0000-0000-0000-000000000000/resourceGroups/cli_test_vmss_encryption000001/providers/Microsoft.Network/loadBalancers/vmss1LB/backendAddressPools/vmss1LBBEPool\"\
        }],\"loadBalancerInboundNatPools\":[{\"id\":\"/subscriptions/00000000-0000-0000-0000-000000000000/resourceGroups/cli_test_vmss_encryption000001/providers/Microsoft.Network/loadBalancers/vmss1LB/inboundNatPools/vmss1LBNatPool\"\
        }]}}]}}]},\r\n      \"extensionProfile\": {\r\n        \"extensions\": [\r\
        \n          {\r\n            \"properties\": {\r\n              \"publisher\"\
        : \"Microsoft.Azure.Security\",\r\n              \"type\": \"AzureDiskEncryption\"\
        ,\r\n              \"typeHandlerVersion\": \"2.1\",\r\n              \"autoUpgradeMinorVersion\"\
        : true,\r\n              \"settings\": {\"KeyVaultResourceId\":\"/subscriptions/00000000-0000-0000-0000-000000000000/resourceGroups/cli_test_vmss_encryption000001/providers/Microsoft.KeyVault/vaults/vault000002\"\
        ,\"KeyVaultURL\":\"https://vault000002.vault.azure.net\",\"KeyEncryptionKeyURL\"\
        :\"\",\"EncryptionOperation\":\"EnableEncryption\",\"VolumeType\":\"ALL\"\
        ,\"KekVaultResourceId\":\"\",\"KeyEncryptionAlgorithm\":\"\"},\r\n       \
        \       \"forceUpdateTag\": \"ab63e971-4773-42fc-9958-c67be5fe524b\"\r\n \
        \           },\r\n            \"name\": \"AzureDiskEncryption\"\r\n      \
        \    }\r\n        ]\r\n      }\r\n    },\r\n    \"provisioningState\": \"\
        Updating\",\r\n    \"overprovision\": true,\r\n    \"uniqueId\": \"d272ad32-39f8-4ed5-965e-284bc04d430b\"\
        \r\n  },\r\n  \"type\": \"Microsoft.Compute/virtualMachineScaleSets\",\r\n\
        \  \"location\": \"EastUS2EUAP\",\r\n  \"tags\": {},\r\n  \"id\": \"/subscriptions/00000000-0000-0000-0000-000000000000/resourceGroups/cli_test_vmss_encryption000001/providers/Microsoft.Compute/virtualMachineScaleSets/vmss1\"\
        ,\r\n  \"name\": \"vmss1\"\r\n}"}
    headers:
      azure-asyncoperation: ['https://management.azure.com/subscriptions/00000000-0000-0000-0000-000000000000/providers/Microsoft.Compute/locations/EastUS2EUAP/operations/db310367-9278-47b5-a1bb-1b0ac8589890?api-version=2017-12-01']
      cache-control: [no-cache]
      content-length: ['3407']
      content-type: [application/json; charset=utf-8]
      date: ['Wed, 28 Feb 2018 22:52:18 GMT']
      expires: ['-1']
      pragma: [no-cache]
      server: [Microsoft-HTTPAPI/2.0, Microsoft-HTTPAPI/2.0]
      strict-transport-security: [max-age=31536000; includeSubDomains]
      transfer-encoding: [chunked]
      vary: [Accept-Encoding]
      x-content-type-options: [nosniff]
      x-ms-ratelimit-remaining-resource: ['Microsoft.Compute/CreateVMScaleSet3Min;39,Microsoft.Compute/CreateVMScaleSet30Min;198,Microsoft.Compute/VmssQueuedVMOperations;4800']
      x-ms-ratelimit-remaining-subscription-writes: ['1198']
      x-ms-request-charge: ['0']
    status: {code: 200, message: OK}
- request:
    body: null
    headers:
      Accept: [application/json]
      Accept-Encoding: ['gzip, deflate']
      CommandName: [vmss encryption enable]
      Connection: [keep-alive]
      User-Agent: [python/3.5.4 (Windows-10-10.0.16299-SP0) requests/2.18.4 msrest/0.4.26
          msrest_azure/0.4.21 computemanagementclient/3.1.0rc3 Azure-SDK-For-Python
          AZURECLI/2.0.29]
    method: GET
    uri: https://management.azure.com/subscriptions/00000000-0000-0000-0000-000000000000/providers/Microsoft.Compute/locations/EastUS2EUAP/operations/db310367-9278-47b5-a1bb-1b0ac8589890?api-version=2017-12-01
  response:
    body: {string: "{\r\n  \"startTime\": \"2018-02-28T22:52:17.1688534+00:00\",\r\
        \n  \"status\": \"InProgress\",\r\n  \"name\": \"db310367-9278-47b5-a1bb-1b0ac8589890\"\
        \r\n}"}
    headers:
      cache-control: [no-cache]
      content-length: ['134']
      content-type: [application/json; charset=utf-8]
      date: ['Wed, 28 Feb 2018 22:52:48 GMT']
      expires: ['-1']
      pragma: [no-cache]
      server: [Microsoft-HTTPAPI/2.0, Microsoft-HTTPAPI/2.0]
      strict-transport-security: [max-age=31536000; includeSubDomains]
      transfer-encoding: [chunked]
      vary: [Accept-Encoding]
      x-content-type-options: [nosniff]
      x-ms-ratelimit-remaining-resource: ['Microsoft.Compute/GetOperation3Min;11985,Microsoft.Compute/GetOperation30Min;23961']
    status: {code: 200, message: OK}
- request:
    body: null
    headers:
      Accept: [application/json]
      Accept-Encoding: ['gzip, deflate']
      CommandName: [vmss encryption enable]
      Connection: [keep-alive]
      User-Agent: [python/3.5.4 (Windows-10-10.0.16299-SP0) requests/2.18.4 msrest/0.4.26
          msrest_azure/0.4.21 computemanagementclient/3.1.0rc3 Azure-SDK-For-Python
          AZURECLI/2.0.29]
    method: GET
    uri: https://management.azure.com/subscriptions/00000000-0000-0000-0000-000000000000/providers/Microsoft.Compute/locations/EastUS2EUAP/operations/db310367-9278-47b5-a1bb-1b0ac8589890?api-version=2017-12-01
  response:
    body: {string: "{\r\n  \"startTime\": \"2018-02-28T22:52:17.1688534+00:00\",\r\
        \n  \"status\": \"InProgress\",\r\n  \"name\": \"db310367-9278-47b5-a1bb-1b0ac8589890\"\
        \r\n}"}
    headers:
      cache-control: [no-cache]
      content-length: ['134']
      content-type: [application/json; charset=utf-8]
      date: ['Wed, 28 Feb 2018 22:53:19 GMT']
      expires: ['-1']
      pragma: [no-cache]
      server: [Microsoft-HTTPAPI/2.0, Microsoft-HTTPAPI/2.0]
      strict-transport-security: [max-age=31536000; includeSubDomains]
      transfer-encoding: [chunked]
      vary: [Accept-Encoding]
      x-content-type-options: [nosniff]
      x-ms-ratelimit-remaining-resource: ['Microsoft.Compute/GetOperation3Min;11985,Microsoft.Compute/GetOperation30Min;23958']
    status: {code: 200, message: OK}
- request:
    body: null
    headers:
      Accept: [application/json]
      Accept-Encoding: ['gzip, deflate']
      CommandName: [vmss encryption enable]
      Connection: [keep-alive]
      User-Agent: [python/3.5.4 (Windows-10-10.0.16299-SP0) requests/2.18.4 msrest/0.4.26
          msrest_azure/0.4.21 computemanagementclient/3.1.0rc3 Azure-SDK-For-Python
          AZURECLI/2.0.29]
    method: GET
    uri: https://management.azure.com/subscriptions/00000000-0000-0000-0000-000000000000/providers/Microsoft.Compute/locations/EastUS2EUAP/operations/db310367-9278-47b5-a1bb-1b0ac8589890?api-version=2017-12-01
  response:
    body: {string: "{\r\n  \"startTime\": \"2018-02-28T22:52:17.1688534+00:00\",\r\
        \n  \"endTime\": \"2018-02-28T22:53:22.0522899+00:00\",\r\n  \"status\": \"\
        Succeeded\",\r\n  \"name\": \"db310367-9278-47b5-a1bb-1b0ac8589890\"\r\n}"}
    headers:
      cache-control: [no-cache]
      content-length: ['184']
      content-type: [application/json; charset=utf-8]
      date: ['Wed, 28 Feb 2018 22:53:49 GMT']
      expires: ['-1']
      pragma: [no-cache]
      server: [Microsoft-HTTPAPI/2.0, Microsoft-HTTPAPI/2.0]
      strict-transport-security: [max-age=31536000; includeSubDomains]
      transfer-encoding: [chunked]
      vary: [Accept-Encoding]
      x-content-type-options: [nosniff]
      x-ms-ratelimit-remaining-resource: ['Microsoft.Compute/GetOperation3Min;11986,Microsoft.Compute/GetOperation30Min;23956']
    status: {code: 200, message: OK}
- request:
    body: null
    headers:
      Accept: [application/json]
      Accept-Encoding: ['gzip, deflate']
      CommandName: [vmss encryption enable]
      Connection: [keep-alive]
      User-Agent: [python/3.5.4 (Windows-10-10.0.16299-SP0) requests/2.18.4 msrest/0.4.26
          msrest_azure/0.4.21 computemanagementclient/3.1.0rc3 Azure-SDK-For-Python
          AZURECLI/2.0.29]
    method: GET
    uri: https://management.azure.com/subscriptions/00000000-0000-0000-0000-000000000000/resourceGroups/cli_test_vmss_encryption000001/providers/Microsoft.Compute/virtualMachineScaleSets/vmss1?api-version=2017-12-01
  response:
    body: {string: "{\r\n  \"sku\": {\r\n    \"name\": \"Standard_D1_v2\",\r\n   \
        \ \"tier\": \"Standard\",\r\n    \"capacity\": 1\r\n  },\r\n  \"properties\"\
        : {\r\n    \"singlePlacementGroup\": true,\r\n    \"upgradePolicy\": {\r\n\
        \      \"mode\": \"Manual\",\r\n      \"automaticOSUpgrade\": false\r\n  \
        \  },\r\n    \"virtualMachineProfile\": {\r\n      \"osProfile\": {\r\n  \
        \      \"computerNamePrefix\": \"vmss11f27\",\r\n        \"adminUsername\"\
        : \"clitester1\",\r\n        \"windowsConfiguration\": {\r\n          \"provisionVMAgent\"\
        : true,\r\n          \"enableAutomaticUpdates\": true\r\n        },\r\n  \
        \      \"secrets\": []\r\n      },\r\n      \"storageProfile\": {\r\n    \
        \    \"osDisk\": {\r\n          \"createOption\": \"FromImage\",\r\n     \
        \     \"caching\": \"ReadWrite\",\r\n          \"managedDisk\": {\r\n    \
        \        \"storageAccountType\": \"Standard_LRS\"\r\n          }\r\n     \
        \   },\r\n        \"imageReference\": {\r\n          \"publisher\": \"MicrosoftWindowsServer\"\
        ,\r\n          \"offer\": \"WindowsServer\",\r\n          \"sku\": \"2016-Datacenter\"\
        ,\r\n          \"version\": \"latest\"\r\n        }\r\n      },\r\n      \"\
        networkProfile\": {\"networkInterfaceConfigurations\":[{\"name\":\"vmss11f27Nic\"\
        ,\"properties\":{\"primary\":true,\"enableAcceleratedNetworking\":false,\"\
        dnsSettings\":{\"dnsServers\":[]},\"enableIPForwarding\":false,\"ipConfigurations\"\
        :[{\"name\":\"vmss11f27IPConfig\",\"properties\":{\"subnet\":{\"id\":\"/subscriptions/00000000-0000-0000-0000-000000000000/resourceGroups/cli_test_vmss_encryption000001/providers/Microsoft.Network/virtualNetworks/vmss1VNET/subnets/vmss1Subnet\"\
        },\"privateIPAddressVersion\":\"IPv4\",\"loadBalancerBackendAddressPools\"\
        :[{\"id\":\"/subscriptions/00000000-0000-0000-0000-000000000000/resourceGroups/cli_test_vmss_encryption000001/providers/Microsoft.Network/loadBalancers/vmss1LB/backendAddressPools/vmss1LBBEPool\"\
        }],\"loadBalancerInboundNatPools\":[{\"id\":\"/subscriptions/00000000-0000-0000-0000-000000000000/resourceGroups/cli_test_vmss_encryption000001/providers/Microsoft.Network/loadBalancers/vmss1LB/inboundNatPools/vmss1LBNatPool\"\
        }]}}]}}]},\r\n      \"extensionProfile\": {\r\n        \"extensions\": [\r\
        \n          {\r\n            \"properties\": {\r\n              \"publisher\"\
        : \"Microsoft.Azure.Security\",\r\n              \"type\": \"AzureDiskEncryption\"\
        ,\r\n              \"typeHandlerVersion\": \"2.1\",\r\n              \"autoUpgradeMinorVersion\"\
        : true,\r\n              \"settings\": {\"KeyVaultResourceId\":\"/subscriptions/00000000-0000-0000-0000-000000000000/resourceGroups/cli_test_vmss_encryption000001/providers/Microsoft.KeyVault/vaults/vault000002\"\
        ,\"KeyVaultURL\":\"https://vault000002.vault.azure.net\",\"KeyEncryptionKeyURL\"\
        :\"\",\"EncryptionOperation\":\"EnableEncryption\",\"VolumeType\":\"ALL\"\
        ,\"KekVaultResourceId\":\"\",\"KeyEncryptionAlgorithm\":\"\"},\r\n       \
        \       \"forceUpdateTag\": \"ab63e971-4773-42fc-9958-c67be5fe524b\"\r\n \
        \           },\r\n            \"name\": \"AzureDiskEncryption\"\r\n      \
        \    }\r\n        ]\r\n      }\r\n    },\r\n    \"provisioningState\": \"\
        Succeeded\",\r\n    \"overprovision\": true,\r\n    \"uniqueId\": \"d272ad32-39f8-4ed5-965e-284bc04d430b\"\
        \r\n  },\r\n  \"type\": \"Microsoft.Compute/virtualMachineScaleSets\",\r\n\
        \  \"location\": \"EastUS2EUAP\",\r\n  \"tags\": {},\r\n  \"id\": \"/subscriptions/00000000-0000-0000-0000-000000000000/resourceGroups/cli_test_vmss_encryption000001/providers/Microsoft.Compute/virtualMachineScaleSets/vmss1\"\
        ,\r\n  \"name\": \"vmss1\"\r\n}"}
    headers:
      cache-control: [no-cache]
      content-length: ['3408']
      content-type: [application/json; charset=utf-8]
      date: ['Wed, 28 Feb 2018 22:53:50 GMT']
      expires: ['-1']
      pragma: [no-cache]
      server: [Microsoft-HTTPAPI/2.0, Microsoft-HTTPAPI/2.0]
      strict-transport-security: [max-age=31536000; includeSubDomains]
      transfer-encoding: [chunked]
      vary: [Accept-Encoding]
      x-content-type-options: [nosniff]
      x-ms-ratelimit-remaining-resource: ['Microsoft.Compute/GetVMScaleSet3Min;186,Microsoft.Compute/GetVMScaleSet30Min;986']
    status: {code: 200, message: OK}
- request:
    body: '{"instanceIds": ["*"]}'
    headers:
      Accept: [application/json]
      Accept-Encoding: ['gzip, deflate']
      CommandName: [vmss update-instances]
      Connection: [keep-alive]
      Content-Length: ['22']
      Content-Type: [application/json; charset=utf-8]
      User-Agent: [python/3.5.4 (Windows-10-10.0.16299-SP0) requests/2.18.4 msrest/0.4.26
          msrest_azure/0.4.21 computemanagementclient/3.1.0rc3 Azure-SDK-For-Python
          AZURECLI/2.0.29]
      accept-language: [en-US]
    method: POST
    uri: https://management.azure.com/subscriptions/00000000-0000-0000-0000-000000000000/resourceGroups/cli_test_vmss_encryption000001/providers/Microsoft.Compute/virtualMachineScaleSets/vmss1/manualupgrade?api-version=2017-12-01
  response:
    body: {string: ''}
    headers:
      azure-asyncoperation: ['https://management.azure.com/subscriptions/00000000-0000-0000-0000-000000000000/providers/Microsoft.Compute/locations/EastUS2EUAP/operations/c43ef6f3-279e-47b1-b1ad-7eb267c0fb33?api-version=2017-12-01']
      cache-control: [no-cache]
      content-length: ['0']
      date: ['Wed, 28 Feb 2018 22:53:53 GMT']
      expires: ['-1']
      location: ['https://management.azure.com/subscriptions/00000000-0000-0000-0000-000000000000/providers/Microsoft.Compute/locations/EastUS2EUAP/operations/c43ef6f3-279e-47b1-b1ad-7eb267c0fb33?monitor=true&api-version=2017-12-01']
      pragma: [no-cache]
      server: [Microsoft-HTTPAPI/2.0, Microsoft-HTTPAPI/2.0]
      strict-transport-security: [max-age=31536000; includeSubDomains]
      x-content-type-options: [nosniff]
      x-ms-ratelimit-remaining-resource: ['Microsoft.Compute/VMScaleSetActions3Min;239,Microsoft.Compute/VMScaleSetActions30Min;1199,Microsoft.Compute/VMScaleSetBatchedVMRequests5Min;1199,Microsoft.Compute/VmssQueuedVMOperations;4799']
      x-ms-ratelimit-remaining-subscription-writes: ['1199']
      x-ms-request-charge: ['1']
    status: {code: 202, message: Accepted}
- request:
    body: null
    headers:
      Accept: [application/json]
      Accept-Encoding: ['gzip, deflate']
      CommandName: [vmss update-instances]
      Connection: [keep-alive]
      User-Agent: [python/3.5.4 (Windows-10-10.0.16299-SP0) requests/2.18.4 msrest/0.4.26
          msrest_azure/0.4.21 computemanagementclient/3.1.0rc3 Azure-SDK-For-Python
          AZURECLI/2.0.29]
    method: GET
    uri: https://management.azure.com/subscriptions/00000000-0000-0000-0000-000000000000/providers/Microsoft.Compute/locations/EastUS2EUAP/operations/c43ef6f3-279e-47b1-b1ad-7eb267c0fb33?api-version=2017-12-01
  response:
    body: {string: "{\r\n  \"startTime\": \"2018-02-28T22:53:52.7091508+00:00\",\r\
        \n  \"status\": \"InProgress\",\r\n  \"name\": \"c43ef6f3-279e-47b1-b1ad-7eb267c0fb33\"\
        \r\n}"}
    headers:
      cache-control: [no-cache]
      content-length: ['134']
      content-type: [application/json; charset=utf-8]
      date: ['Wed, 28 Feb 2018 22:54:23 GMT']
      expires: ['-1']
      pragma: [no-cache]
      server: [Microsoft-HTTPAPI/2.0, Microsoft-HTTPAPI/2.0]
      strict-transport-security: [max-age=31536000; includeSubDomains]
      transfer-encoding: [chunked]
      vary: [Accept-Encoding]
      x-content-type-options: [nosniff]
      x-ms-ratelimit-remaining-resource: ['Microsoft.Compute/GetOperation3Min;11988,Microsoft.Compute/GetOperation30Min;23954']
    status: {code: 200, message: OK}
- request:
    body: null
    headers:
      Accept: [application/json]
      Accept-Encoding: ['gzip, deflate']
      CommandName: [vmss update-instances]
      Connection: [keep-alive]
      User-Agent: [python/3.5.4 (Windows-10-10.0.16299-SP0) requests/2.18.4 msrest/0.4.26
          msrest_azure/0.4.21 computemanagementclient/3.1.0rc3 Azure-SDK-For-Python
          AZURECLI/2.0.29]
    method: GET
    uri: https://management.azure.com/subscriptions/00000000-0000-0000-0000-000000000000/providers/Microsoft.Compute/locations/EastUS2EUAP/operations/c43ef6f3-279e-47b1-b1ad-7eb267c0fb33?api-version=2017-12-01
  response:
    body: {string: "{\r\n  \"startTime\": \"2018-02-28T22:53:52.7091508+00:00\",\r\
        \n  \"status\": \"InProgress\",\r\n  \"name\": \"c43ef6f3-279e-47b1-b1ad-7eb267c0fb33\"\
        \r\n}"}
    headers:
      cache-control: [no-cache]
      content-length: ['134']
      content-type: [application/json; charset=utf-8]
      date: ['Wed, 28 Feb 2018 22:54:54 GMT']
      expires: ['-1']
      pragma: [no-cache]
      server: [Microsoft-HTTPAPI/2.0, Microsoft-HTTPAPI/2.0]
      strict-transport-security: [max-age=31536000; includeSubDomains]
      transfer-encoding: [chunked]
      vary: [Accept-Encoding]
      x-content-type-options: [nosniff]
      x-ms-ratelimit-remaining-resource: ['Microsoft.Compute/GetOperation3Min;11988,Microsoft.Compute/GetOperation30Min;23951']
    status: {code: 200, message: OK}
- request:
    body: null
    headers:
      Accept: [application/json]
      Accept-Encoding: ['gzip, deflate']
      CommandName: [vmss update-instances]
      Connection: [keep-alive]
      User-Agent: [python/3.5.4 (Windows-10-10.0.16299-SP0) requests/2.18.4 msrest/0.4.26
          msrest_azure/0.4.21 computemanagementclient/3.1.0rc3 Azure-SDK-For-Python
          AZURECLI/2.0.29]
    method: GET
    uri: https://management.azure.com/subscriptions/00000000-0000-0000-0000-000000000000/providers/Microsoft.Compute/locations/EastUS2EUAP/operations/c43ef6f3-279e-47b1-b1ad-7eb267c0fb33?api-version=2017-12-01
  response:
    body: {string: "{\r\n  \"startTime\": \"2018-02-28T22:53:52.7091508+00:00\",\r\
        \n  \"status\": \"InProgress\",\r\n  \"name\": \"c43ef6f3-279e-47b1-b1ad-7eb267c0fb33\"\
        \r\n}"}
    headers:
      cache-control: [no-cache]
      content-length: ['134']
      content-type: [application/json; charset=utf-8]
      date: ['Wed, 28 Feb 2018 22:55:27 GMT']
      expires: ['-1']
      pragma: [no-cache]
      server: [Microsoft-HTTPAPI/2.0, Microsoft-HTTPAPI/2.0]
      strict-transport-security: [max-age=31536000; includeSubDomains]
      transfer-encoding: [chunked]
      vary: [Accept-Encoding]
      x-content-type-options: [nosniff]
      x-ms-ratelimit-remaining-resource: ['Microsoft.Compute/GetOperation3Min;11985,Microsoft.Compute/GetOperation30Min;23948']
    status: {code: 200, message: OK}
- request:
    body: null
    headers:
      Accept: [application/json]
      Accept-Encoding: ['gzip, deflate']
      CommandName: [vmss update-instances]
      Connection: [keep-alive]
      User-Agent: [python/3.5.4 (Windows-10-10.0.16299-SP0) requests/2.18.4 msrest/0.4.26
          msrest_azure/0.4.21 computemanagementclient/3.1.0rc3 Azure-SDK-For-Python
          AZURECLI/2.0.29]
    method: GET
    uri: https://management.azure.com/subscriptions/00000000-0000-0000-0000-000000000000/providers/Microsoft.Compute/locations/EastUS2EUAP/operations/c43ef6f3-279e-47b1-b1ad-7eb267c0fb33?api-version=2017-12-01
  response:
    body: {string: "{\r\n  \"startTime\": \"2018-02-28T22:53:52.7091508+00:00\",\r\
        \n  \"status\": \"InProgress\",\r\n  \"name\": \"c43ef6f3-279e-47b1-b1ad-7eb267c0fb33\"\
        \r\n}"}
    headers:
      cache-control: [no-cache]
      content-length: ['134']
      content-type: [application/json; charset=utf-8]
      date: ['Wed, 28 Feb 2018 22:56:02 GMT']
      expires: ['-1']
      pragma: [no-cache]
      server: [Microsoft-HTTPAPI/2.0, Microsoft-HTTPAPI/2.0]
      strict-transport-security: [max-age=31536000; includeSubDomains]
      transfer-encoding: [chunked]
      vary: [Accept-Encoding]
      x-content-type-options: [nosniff]
      x-ms-ratelimit-remaining-resource: ['Microsoft.Compute/GetOperation3Min;11985,Microsoft.Compute/GetOperation30Min;23945']
    status: {code: 200, message: OK}
- request:
    body: null
    headers:
      Accept: [application/json]
      Accept-Encoding: ['gzip, deflate']
      CommandName: [vmss update-instances]
      Connection: [keep-alive]
      User-Agent: [python/3.5.4 (Windows-10-10.0.16299-SP0) requests/2.18.4 msrest/0.4.26
          msrest_azure/0.4.21 computemanagementclient/3.1.0rc3 Azure-SDK-For-Python
          AZURECLI/2.0.29]
    method: GET
    uri: https://management.azure.com/subscriptions/00000000-0000-0000-0000-000000000000/providers/Microsoft.Compute/locations/EastUS2EUAP/operations/c43ef6f3-279e-47b1-b1ad-7eb267c0fb33?api-version=2017-12-01
  response:
    body: {string: "{\r\n  \"startTime\": \"2018-02-28T22:53:52.7091508+00:00\",\r\
        \n  \"status\": \"InProgress\",\r\n  \"name\": \"c43ef6f3-279e-47b1-b1ad-7eb267c0fb33\"\
        \r\n}"}
    headers:
      cache-control: [no-cache]
      content-length: ['134']
      content-type: [application/json; charset=utf-8]
      date: ['Wed, 28 Feb 2018 22:56:35 GMT']
      expires: ['-1']
      pragma: [no-cache]
      server: [Microsoft-HTTPAPI/2.0, Microsoft-HTTPAPI/2.0]
      strict-transport-security: [max-age=31536000; includeSubDomains]
      transfer-encoding: [chunked]
      vary: [Accept-Encoding]
      x-content-type-options: [nosniff]
      x-ms-ratelimit-remaining-resource: ['Microsoft.Compute/GetOperation3Min;11986,Microsoft.Compute/GetOperation30Min;23942']
    status: {code: 200, message: OK}
- request:
    body: null
    headers:
      Accept: [application/json]
      Accept-Encoding: ['gzip, deflate']
      CommandName: [vmss update-instances]
      Connection: [keep-alive]
      User-Agent: [python/3.5.4 (Windows-10-10.0.16299-SP0) requests/2.18.4 msrest/0.4.26
          msrest_azure/0.4.21 computemanagementclient/3.1.0rc3 Azure-SDK-For-Python
          AZURECLI/2.0.29]
    method: GET
    uri: https://management.azure.com/subscriptions/00000000-0000-0000-0000-000000000000/providers/Microsoft.Compute/locations/EastUS2EUAP/operations/c43ef6f3-279e-47b1-b1ad-7eb267c0fb33?api-version=2017-12-01
  response:
    body: {string: "{\r\n  \"startTime\": \"2018-02-28T22:53:52.7091508+00:00\",\r\
        \n  \"status\": \"InProgress\",\r\n  \"name\": \"c43ef6f3-279e-47b1-b1ad-7eb267c0fb33\"\
        \r\n}"}
    headers:
      cache-control: [no-cache]
      content-length: ['134']
      content-type: [application/json; charset=utf-8]
      date: ['Wed, 28 Feb 2018 22:57:08 GMT']
      expires: ['-1']
      pragma: [no-cache]
      server: [Microsoft-HTTPAPI/2.0, Microsoft-HTTPAPI/2.0]
      strict-transport-security: [max-age=31536000; includeSubDomains]
      transfer-encoding: [chunked]
      vary: [Accept-Encoding]
      x-content-type-options: [nosniff]
      x-ms-ratelimit-remaining-resource: ['Microsoft.Compute/GetOperation3Min;11986,Microsoft.Compute/GetOperation30Min;23939']
    status: {code: 200, message: OK}
- request:
    body: null
    headers:
      Accept: [application/json]
      Accept-Encoding: ['gzip, deflate']
      CommandName: [vmss update-instances]
      Connection: [keep-alive]
      User-Agent: [python/3.5.4 (Windows-10-10.0.16299-SP0) requests/2.18.4 msrest/0.4.26
          msrest_azure/0.4.21 computemanagementclient/3.1.0rc3 Azure-SDK-For-Python
          AZURECLI/2.0.29]
    method: GET
    uri: https://management.azure.com/subscriptions/00000000-0000-0000-0000-000000000000/providers/Microsoft.Compute/locations/EastUS2EUAP/operations/c43ef6f3-279e-47b1-b1ad-7eb267c0fb33?api-version=2017-12-01
  response:
    body: {string: "{\r\n  \"startTime\": \"2018-02-28T22:53:52.7091508+00:00\",\r\
        \n  \"status\": \"InProgress\",\r\n  \"name\": \"c43ef6f3-279e-47b1-b1ad-7eb267c0fb33\"\
        \r\n}"}
    headers:
      cache-control: [no-cache]
      content-length: ['134']
      content-type: [application/json; charset=utf-8]
      date: ['Wed, 28 Feb 2018 22:57:43 GMT']
      expires: ['-1']
      pragma: [no-cache]
      server: [Microsoft-HTTPAPI/2.0, Microsoft-HTTPAPI/2.0]
      strict-transport-security: [max-age=31536000; includeSubDomains]
      transfer-encoding: [chunked]
      vary: [Accept-Encoding]
      x-content-type-options: [nosniff]
      x-ms-ratelimit-remaining-resource: ['Microsoft.Compute/GetOperation3Min;11985,Microsoft.Compute/GetOperation30Min;23936']
    status: {code: 200, message: OK}
- request:
    body: null
    headers:
      Accept: [application/json]
      Accept-Encoding: ['gzip, deflate']
      CommandName: [vmss update-instances]
      Connection: [keep-alive]
      User-Agent: [python/3.5.4 (Windows-10-10.0.16299-SP0) requests/2.18.4 msrest/0.4.26
          msrest_azure/0.4.21 computemanagementclient/3.1.0rc3 Azure-SDK-For-Python
          AZURECLI/2.0.29]
    method: GET
    uri: https://management.azure.com/subscriptions/00000000-0000-0000-0000-000000000000/providers/Microsoft.Compute/locations/EastUS2EUAP/operations/c43ef6f3-279e-47b1-b1ad-7eb267c0fb33?api-version=2017-12-01
  response:
    body: {string: "{\r\n  \"startTime\": \"2018-02-28T22:53:52.7091508+00:00\",\r\
        \n  \"status\": \"InProgress\",\r\n  \"name\": \"c43ef6f3-279e-47b1-b1ad-7eb267c0fb33\"\
        \r\n}"}
    headers:
      cache-control: [no-cache]
      content-length: ['134']
      content-type: [application/json; charset=utf-8]
      date: ['Wed, 28 Feb 2018 22:58:13 GMT']
      expires: ['-1']
      pragma: [no-cache]
      server: [Microsoft-HTTPAPI/2.0, Microsoft-HTTPAPI/2.0]
      strict-transport-security: [max-age=31536000; includeSubDomains]
      transfer-encoding: [chunked]
      vary: [Accept-Encoding]
      x-content-type-options: [nosniff]
      x-ms-ratelimit-remaining-resource: ['Microsoft.Compute/GetOperation3Min;11985,Microsoft.Compute/GetOperation30Min;23933']
    status: {code: 200, message: OK}
- request:
    body: null
    headers:
      Accept: [application/json]
      Accept-Encoding: ['gzip, deflate']
      CommandName: [vmss update-instances]
      Connection: [keep-alive]
      User-Agent: [python/3.5.4 (Windows-10-10.0.16299-SP0) requests/2.18.4 msrest/0.4.26
          msrest_azure/0.4.21 computemanagementclient/3.1.0rc3 Azure-SDK-For-Python
          AZURECLI/2.0.29]
    method: GET
    uri: https://management.azure.com/subscriptions/00000000-0000-0000-0000-000000000000/providers/Microsoft.Compute/locations/EastUS2EUAP/operations/c43ef6f3-279e-47b1-b1ad-7eb267c0fb33?api-version=2017-12-01
  response:
    body: {string: "{\r\n  \"startTime\": \"2018-02-28T22:53:52.7091508+00:00\",\r\
        \n  \"status\": \"InProgress\",\r\n  \"name\": \"c43ef6f3-279e-47b1-b1ad-7eb267c0fb33\"\
        \r\n}"}
    headers:
      cache-control: [no-cache]
      content-length: ['134']
      content-type: [application/json; charset=utf-8]
      date: ['Wed, 28 Feb 2018 22:58:45 GMT']
      expires: ['-1']
      pragma: [no-cache]
      server: [Microsoft-HTTPAPI/2.0, Microsoft-HTTPAPI/2.0]
      strict-transport-security: [max-age=31536000; includeSubDomains]
      transfer-encoding: [chunked]
      vary: [Accept-Encoding]
      x-content-type-options: [nosniff]
      x-ms-ratelimit-remaining-resource: ['Microsoft.Compute/GetOperation3Min;11985,Microsoft.Compute/GetOperation30Min;23930']
    status: {code: 200, message: OK}
- request:
    body: null
    headers:
      Accept: [application/json]
      Accept-Encoding: ['gzip, deflate']
      CommandName: [vmss update-instances]
      Connection: [keep-alive]
      User-Agent: [python/3.5.4 (Windows-10-10.0.16299-SP0) requests/2.18.4 msrest/0.4.26
          msrest_azure/0.4.21 computemanagementclient/3.1.0rc3 Azure-SDK-For-Python
          AZURECLI/2.0.29]
    method: GET
    uri: https://management.azure.com/subscriptions/00000000-0000-0000-0000-000000000000/providers/Microsoft.Compute/locations/EastUS2EUAP/operations/c43ef6f3-279e-47b1-b1ad-7eb267c0fb33?api-version=2017-12-01
  response:
    body: {string: "{\r\n  \"startTime\": \"2018-02-28T22:53:52.7091508+00:00\",\r\
        \n  \"status\": \"InProgress\",\r\n  \"name\": \"c43ef6f3-279e-47b1-b1ad-7eb267c0fb33\"\
        \r\n}"}
    headers:
      cache-control: [no-cache]
      content-length: ['134']
      content-type: [application/json; charset=utf-8]
      date: ['Wed, 28 Feb 2018 22:59:19 GMT']
      expires: ['-1']
      pragma: [no-cache]
      server: [Microsoft-HTTPAPI/2.0, Microsoft-HTTPAPI/2.0]
      strict-transport-security: [max-age=31536000; includeSubDomains]
      transfer-encoding: [chunked]
      vary: [Accept-Encoding]
      x-content-type-options: [nosniff]
      x-ms-ratelimit-remaining-resource: ['Microsoft.Compute/GetOperation3Min;11984,Microsoft.Compute/GetOperation30Min;23927']
    status: {code: 200, message: OK}
- request:
    body: null
    headers:
      Accept: [application/json]
      Accept-Encoding: ['gzip, deflate']
      CommandName: [vmss update-instances]
      Connection: [keep-alive]
      User-Agent: [python/3.5.4 (Windows-10-10.0.16299-SP0) requests/2.18.4 msrest/0.4.26
          msrest_azure/0.4.21 computemanagementclient/3.1.0rc3 Azure-SDK-For-Python
          AZURECLI/2.0.29]
    method: GET
    uri: https://management.azure.com/subscriptions/00000000-0000-0000-0000-000000000000/providers/Microsoft.Compute/locations/EastUS2EUAP/operations/c43ef6f3-279e-47b1-b1ad-7eb267c0fb33?api-version=2017-12-01
  response:
    body: {string: "{\r\n  \"startTime\": \"2018-02-28T22:53:52.7091508+00:00\",\r\
        \n  \"status\": \"InProgress\",\r\n  \"name\": \"c43ef6f3-279e-47b1-b1ad-7eb267c0fb33\"\
        \r\n}"}
    headers:
      cache-control: [no-cache]
      content-length: ['134']
      content-type: [application/json; charset=utf-8]
      date: ['Wed, 28 Feb 2018 22:59:50 GMT']
      expires: ['-1']
      pragma: [no-cache]
      server: [Microsoft-HTTPAPI/2.0, Microsoft-HTTPAPI/2.0]
      strict-transport-security: [max-age=31536000; includeSubDomains]
      transfer-encoding: [chunked]
      vary: [Accept-Encoding]
      x-content-type-options: [nosniff]
      x-ms-ratelimit-remaining-resource: ['Microsoft.Compute/GetOperation3Min;11983,Microsoft.Compute/GetOperation30Min;23924']
    status: {code: 200, message: OK}
- request:
    body: null
    headers:
      Accept: [application/json]
      Accept-Encoding: ['gzip, deflate']
      CommandName: [vmss update-instances]
      Connection: [keep-alive]
      User-Agent: [python/3.5.4 (Windows-10-10.0.16299-SP0) requests/2.18.4 msrest/0.4.26
          msrest_azure/0.4.21 computemanagementclient/3.1.0rc3 Azure-SDK-For-Python
          AZURECLI/2.0.29]
    method: GET
    uri: https://management.azure.com/subscriptions/00000000-0000-0000-0000-000000000000/providers/Microsoft.Compute/locations/EastUS2EUAP/operations/c43ef6f3-279e-47b1-b1ad-7eb267c0fb33?api-version=2017-12-01
  response:
    body: {string: "{\r\n  \"startTime\": \"2018-02-28T22:53:52.7091508+00:00\",\r\
        \n  \"status\": \"InProgress\",\r\n  \"name\": \"c43ef6f3-279e-47b1-b1ad-7eb267c0fb33\"\
        \r\n}"}
    headers:
      cache-control: [no-cache]
      content-length: ['134']
      content-type: [application/json; charset=utf-8]
      date: ['Wed, 28 Feb 2018 23:00:25 GMT']
      expires: ['-1']
      pragma: [no-cache]
      server: [Microsoft-HTTPAPI/2.0, Microsoft-HTTPAPI/2.0]
      strict-transport-security: [max-age=31536000; includeSubDomains]
      transfer-encoding: [chunked]
      vary: [Accept-Encoding]
      x-content-type-options: [nosniff]
      x-ms-ratelimit-remaining-resource: ['Microsoft.Compute/GetOperation3Min;11983,Microsoft.Compute/GetOperation30Min;23921']
    status: {code: 200, message: OK}
- request:
    body: null
    headers:
      Accept: [application/json]
      Accept-Encoding: ['gzip, deflate']
      CommandName: [vmss update-instances]
      Connection: [keep-alive]
      User-Agent: [python/3.5.4 (Windows-10-10.0.16299-SP0) requests/2.18.4 msrest/0.4.26
          msrest_azure/0.4.21 computemanagementclient/3.1.0rc3 Azure-SDK-For-Python
          AZURECLI/2.0.29]
    method: GET
    uri: https://management.azure.com/subscriptions/00000000-0000-0000-0000-000000000000/providers/Microsoft.Compute/locations/EastUS2EUAP/operations/c43ef6f3-279e-47b1-b1ad-7eb267c0fb33?api-version=2017-12-01
  response:
    body: {string: "{\r\n  \"startTime\": \"2018-02-28T22:53:52.7091508+00:00\",\r\
        \n  \"status\": \"InProgress\",\r\n  \"name\": \"c43ef6f3-279e-47b1-b1ad-7eb267c0fb33\"\
        \r\n}"}
    headers:
      cache-control: [no-cache]
      content-length: ['134']
      content-type: [application/json; charset=utf-8]
      date: ['Wed, 28 Feb 2018 23:00:58 GMT']
      expires: ['-1']
      pragma: [no-cache]
      server: [Microsoft-HTTPAPI/2.0, Microsoft-HTTPAPI/2.0]
      strict-transport-security: [max-age=31536000; includeSubDomains]
      transfer-encoding: [chunked]
      vary: [Accept-Encoding]
      x-content-type-options: [nosniff]
      x-ms-ratelimit-remaining-resource: ['Microsoft.Compute/GetOperation3Min;11983,Microsoft.Compute/GetOperation30Min;23918']
    status: {code: 200, message: OK}
- request:
    body: null
    headers:
      Accept: [application/json]
      Accept-Encoding: ['gzip, deflate']
      CommandName: [vmss update-instances]
      Connection: [keep-alive]
      User-Agent: [python/3.5.4 (Windows-10-10.0.16299-SP0) requests/2.18.4 msrest/0.4.26
          msrest_azure/0.4.21 computemanagementclient/3.1.0rc3 Azure-SDK-For-Python
          AZURECLI/2.0.29]
    method: GET
    uri: https://management.azure.com/subscriptions/00000000-0000-0000-0000-000000000000/providers/Microsoft.Compute/locations/EastUS2EUAP/operations/c43ef6f3-279e-47b1-b1ad-7eb267c0fb33?api-version=2017-12-01
  response:
    body: {string: "{\r\n  \"startTime\": \"2018-02-28T22:53:52.7091508+00:00\",\r\
        \n  \"status\": \"InProgress\",\r\n  \"name\": \"c43ef6f3-279e-47b1-b1ad-7eb267c0fb33\"\
        \r\n}"}
    headers:
      cache-control: [no-cache]
      content-length: ['134']
      content-type: [application/json; charset=utf-8]
      date: ['Wed, 28 Feb 2018 23:01:31 GMT']
      expires: ['-1']
      pragma: [no-cache]
      server: [Microsoft-HTTPAPI/2.0, Microsoft-HTTPAPI/2.0]
      strict-transport-security: [max-age=31536000; includeSubDomains]
      transfer-encoding: [chunked]
      vary: [Accept-Encoding]
      x-content-type-options: [nosniff]
      x-ms-ratelimit-remaining-resource: ['Microsoft.Compute/GetOperation3Min;11986,Microsoft.Compute/GetOperation30Min;23915']
    status: {code: 200, message: OK}
- request:
    body: null
    headers:
      Accept: [application/json]
      Accept-Encoding: ['gzip, deflate']
      CommandName: [vmss update-instances]
      Connection: [keep-alive]
      User-Agent: [python/3.5.4 (Windows-10-10.0.16299-SP0) requests/2.18.4 msrest/0.4.26
          msrest_azure/0.4.21 computemanagementclient/3.1.0rc3 Azure-SDK-For-Python
          AZURECLI/2.0.29]
    method: GET
    uri: https://management.azure.com/subscriptions/00000000-0000-0000-0000-000000000000/providers/Microsoft.Compute/locations/EastUS2EUAP/operations/c43ef6f3-279e-47b1-b1ad-7eb267c0fb33?api-version=2017-12-01
  response:
    body: {string: "{\r\n  \"startTime\": \"2018-02-28T22:53:52.7091508+00:00\",\r\
        \n  \"status\": \"InProgress\",\r\n  \"name\": \"c43ef6f3-279e-47b1-b1ad-7eb267c0fb33\"\
        \r\n}"}
    headers:
      cache-control: [no-cache]
      content-length: ['134']
      content-type: [application/json; charset=utf-8]
      date: ['Wed, 28 Feb 2018 23:02:04 GMT']
      expires: ['-1']
      pragma: [no-cache]
      server: [Microsoft-HTTPAPI/2.0, Microsoft-HTTPAPI/2.0]
      strict-transport-security: [max-age=31536000; includeSubDomains]
      transfer-encoding: [chunked]
      vary: [Accept-Encoding]
      x-content-type-options: [nosniff]
      x-ms-ratelimit-remaining-resource: ['Microsoft.Compute/GetOperation3Min;11986,Microsoft.Compute/GetOperation30Min;23912']
    status: {code: 200, message: OK}
- request:
    body: null
    headers:
      Accept: [application/json]
      Accept-Encoding: ['gzip, deflate']
      CommandName: [vmss update-instances]
      Connection: [keep-alive]
      User-Agent: [python/3.5.4 (Windows-10-10.0.16299-SP0) requests/2.18.4 msrest/0.4.26
          msrest_azure/0.4.21 computemanagementclient/3.1.0rc3 Azure-SDK-For-Python
          AZURECLI/2.0.29]
    method: GET
    uri: https://management.azure.com/subscriptions/00000000-0000-0000-0000-000000000000/providers/Microsoft.Compute/locations/EastUS2EUAP/operations/c43ef6f3-279e-47b1-b1ad-7eb267c0fb33?api-version=2017-12-01
  response:
    body: {string: "{\r\n  \"startTime\": \"2018-02-28T22:53:52.7091508+00:00\",\r\
        \n  \"endTime\": \"2018-02-28T23:02:25.200143+00:00\",\r\n  \"status\": \"\
        Succeeded\",\r\n  \"name\": \"c43ef6f3-279e-47b1-b1ad-7eb267c0fb33\"\r\n}"}
    headers:
      cache-control: [no-cache]
      content-length: ['183']
      content-type: [application/json; charset=utf-8]
      date: ['Wed, 28 Feb 2018 23:02:34 GMT']
      expires: ['-1']
      pragma: [no-cache]
      server: [Microsoft-HTTPAPI/2.0, Microsoft-HTTPAPI/2.0]
      strict-transport-security: [max-age=31536000; includeSubDomains]
      transfer-encoding: [chunked]
      vary: [Accept-Encoding]
      x-content-type-options: [nosniff]
      x-ms-ratelimit-remaining-resource: ['Microsoft.Compute/GetOperation3Min;11985,Microsoft.Compute/GetOperation30Min;23909']
    status: {code: 200, message: OK}
- request:
    body: null
    headers:
      Accept: [application/json]
      Accept-Encoding: ['gzip, deflate']
      CommandName: [vmss encryption show]
      Connection: [keep-alive]
      Content-Type: [application/json; charset=utf-8]
      User-Agent: [python/3.5.4 (Windows-10-10.0.16299-SP0) requests/2.18.4 msrest/0.4.26
          msrest_azure/0.4.21 computemanagementclient/3.1.0rc3 Azure-SDK-For-Python
          AZURECLI/2.0.29]
      accept-language: [en-US]
    method: GET
    uri: https://management.azure.com/subscriptions/00000000-0000-0000-0000-000000000000/resourceGroups/cli_test_vmss_encryption000001/providers/Microsoft.Compute/virtualMachineScaleSets/vmss1/instanceView?api-version=2017-12-01
  response:
    body: {string: "{\r\n  \"virtualMachine\": {\r\n    \"statusesSummary\": [\r\n\
        \      {\r\n        \"code\": \"ProvisioningState/succeeded\",\r\n       \
        \ \"count\": 1\r\n      }\r\n    ]\r\n  },\r\n  \"extensions\": [\r\n    {\r\
        \n      \"name\": \"AzureDiskEncryption\",\r\n      \"statusesSummary\": [\r\
        \n        {\r\n          \"code\": \"ProvisioningState/succeeded\",\r\n  \
        \        \"count\": 1\r\n        }\r\n      ]\r\n    }\r\n  ],\r\n  \"statuses\"\
        : [\r\n    {\r\n      \"code\": \"ProvisioningState/succeeded\",\r\n     \
        \ \"level\": \"Info\",\r\n      \"displayStatus\": \"Provisioning succeeded\"\
        ,\r\n      \"time\": \"2018-02-28T23:02:25.200143+00:00\"\r\n    }\r\n  ]\r\
        \n}"}
    headers:
      cache-control: [no-cache]
      content-length: ['566']
      content-type: [application/json; charset=utf-8]
      date: ['Wed, 28 Feb 2018 23:02:36 GMT']
      expires: ['-1']
      pragma: [no-cache]
      server: [Microsoft-HTTPAPI/2.0, Microsoft-HTTPAPI/2.0]
      strict-transport-security: [max-age=31536000; includeSubDomains]
      transfer-encoding: [chunked]
      vary: [Accept-Encoding]
      x-content-type-options: [nosniff]
      x-ms-ratelimit-remaining-resource: ['Microsoft.Compute/HighCostGetVMScaleSet3Min;197,Microsoft.Compute/HighCostGetVMScaleSet30Min;993']
    status: {code: 200, message: OK}
- request:
    body: null
    headers:
      Accept: [application/json]
      Accept-Encoding: ['gzip, deflate']
      CommandName: [vmss encryption show]
      Connection: [keep-alive]
      Content-Type: [application/json; charset=utf-8]
      User-Agent: [python/3.5.4 (Windows-10-10.0.16299-SP0) requests/2.18.4 msrest/0.4.26
          msrest_azure/0.4.21 computemanagementclient/3.1.0rc3 Azure-SDK-For-Python
          AZURECLI/2.0.29]
      accept-language: [en-US]
    method: GET
    uri: https://management.azure.com/subscriptions/00000000-0000-0000-0000-000000000000/resourceGroups/cli_test_vmss_encryption000001/providers/Microsoft.Compute/virtualMachineScaleSets/vmss1/virtualMachines?$select=instanceView&$expand=instanceView&api-version=2017-12-01
  response:
    body: {string: "{\r\n  \"value\": [\r\n    {\r\n      \"instanceId\": \"0\",\r\
        \n      \"properties\": {\r\n        \"latestModelApplied\": false,\r\n  \
        \      \"instanceView\": {\r\n          \"placementGroupId\": \"97f2b6ae-2ac1-4b1b-89a0-4e7b88f9db9e\"\
        ,\r\n          \"platformUpdateDomain\": 0,\r\n          \"platformFaultDomain\"\
        : 0,\r\n          \"computerName\": \"vmss11f27000000\",\r\n          \"osName\"\
        : \"Windows Server 2016 Datacenter\",\r\n          \"osVersion\": \"Microsoft\
        \ Windows NT 6.3.9600.0\",\r\n          \"vmAgent\": {\r\n            \"vmAgentVersion\"\
        : \"2.7.41491.845\",\r\n            \"statuses\": [\r\n              {\r\n\
        \                \"code\": \"ProvisioningState/succeeded\",\r\n          \
        \      \"level\": \"Info\",\r\n                \"displayStatus\": \"Ready\"\
        ,\r\n                \"message\": \"GuestAgent is running and accepting new\
        \ configurations.\",\r\n                \"time\": \"2018-02-28T23:02:37+00:00\"\
        \r\n              }\r\n            ],\r\n            \"extensionHandlers\"\
        : [\r\n              {\r\n                \"type\": \"Microsoft.Azure.Security.AzureDiskEncryption\"\
        ,\r\n                \"typeHandlerVersion\": \"2.1.0.0\",\r\n            \
        \    \"status\": {\r\n                  \"code\": \"ProvisioningState/succeeded\"\
        ,\r\n                  \"level\": \"Info\",\r\n                  \"displayStatus\"\
        : \"Ready\"\r\n                }\r\n              }\r\n            ]\r\n \
        \         },\r\n          \"disks\": [\r\n            {\r\n              \"\
        name\": \"vmss1_vmss1_0_OsDisk_1_92bded1f540a4fb3a27db2295a8ccd92\",\r\n \
        \             \"encryptionSettings\": [\r\n                {\r\n         \
        \         \"enabled\": true,\r\n                  \"diskEncryptionKey\": {\r\
        \n                    \"sourceVault\": {\r\n                      \"id\":\
        \ \"/subscriptions/00000000-0000-0000-0000-000000000000/resourceGroups/cli_test_vmss_encryption000001/providers/Microsoft.KeyVault/vaults/vault000002\"\
        \r\n                    },\r\n                    \"secretUrl\": \"https://vault000002.vault.azure.net/secrets/71BA5655-DB3B-457A-B515-307F9BBF4321/8d6c101d958547b3b2689e6b68214efb\"\
        \r\n                  }\r\n                }\r\n              ],\r\n     \
        \         \"statuses\": [\r\n                {\r\n                  \"code\"\
        : \"ProvisioningState/succeeded\",\r\n                  \"level\": \"Info\"\
        ,\r\n                  \"displayStatus\": \"Provisioning succeeded\",\r\n\
        \                  \"time\": \"2018-02-28T23:02:25.1376194+00:00\"\r\n   \
        \             },\r\n                {\r\n                  \"code\": \"EncryptionState/encrypted\"\
        ,\r\n                  \"level\": \"Info\",\r\n                  \"displayStatus\"\
        : \"Encryption is enabled on disk\"\r\n                }\r\n             \
        \ ]\r\n            }\r\n          ],\r\n          \"extensions\": [\r\n  \
        \          {\r\n              \"name\": \"AzureDiskEncryption\",\r\n     \
        \         \"type\": \"Microsoft.Azure.Security.AzureDiskEncryption\",\r\n\
        \              \"typeHandlerVersion\": \"2.1.0.0\",\r\n              \"statuses\"\
        : [\r\n                {\r\n                  \"code\": \"ProvisioningState/succeeded\"\
        ,\r\n                  \"level\": \"Info\",\r\n                  \"displayStatus\"\
        : \"Provisioning succeeded\",\r\n                  \"message\": \"\"\r\n \
        \               }\r\n              ]\r\n            }\r\n          ],\r\n\
        \          \"statuses\": [\r\n            {\r\n              \"code\": \"\
        ProvisioningState/succeeded\",\r\n              \"level\": \"Info\",\r\n \
        \             \"displayStatus\": \"Provisioning succeeded\",\r\n         \
        \     \"time\": \"2018-02-28T23:02:25.1845089+00:00\"\r\n            },\r\n\
        \            {\r\n              \"code\": \"PowerState/running\",\r\n    \
        \          \"level\": \"Info\",\r\n              \"displayStatus\": \"VM running\"\
        \r\n            }\r\n          ]\r\n        },\r\n        \"provisioningState\"\
        : 0\r\n      },\r\n      \"id\": \"/subscriptions/00000000-0000-0000-0000-000000000000/resourceGroups/CLI_TEST_VMSS_ENCRYPTIONWFSKYAPZGMIFHYLLQXNPRFPOVG6QDGELRT3QRKRV3MM2FX3KN7W/providers/Microsoft.Compute/virtualMachineScaleSets/vmss1/virtualMachines/0\"\
        \r\n    }\r\n  ]\r\n}"}
    headers:
      cache-control: [no-cache]
      content-length: ['3784']
      content-type: [application/json; charset=utf-8]
      date: ['Wed, 28 Feb 2018 23:02:37 GMT']
      expires: ['-1']
      pragma: [no-cache]
      server: [Microsoft-HTTPAPI/2.0, Microsoft-HTTPAPI/2.0]
      strict-transport-security: [max-age=31536000; includeSubDomains]
      transfer-encoding: [chunked]
      vary: [Accept-Encoding]
      x-content-type-options: [nosniff]
      x-ms-ratelimit-remaining-resource: ['Microsoft.Compute/HighCostGetVMScaleSet3Min;196,Microsoft.Compute/HighCostGetVMScaleSet30Min;992,Microsoft.Compute/VMScaleSetVMViews3Min;4997']
      x-ms-request-charge: ['1']
    status: {code: 200, message: OK}
- request:
    body: null
    headers:
      Accept: [application/json]
      Accept-Encoding: ['gzip, deflate']
      CommandName: [vmss show]
      Connection: [keep-alive]
      Content-Type: [application/json; charset=utf-8]
      User-Agent: [python/3.5.4 (Windows-10-10.0.16299-SP0) requests/2.18.4 msrest/0.4.26
          msrest_azure/0.4.21 computemanagementclient/3.1.0rc3 Azure-SDK-For-Python
          AZURECLI/2.0.29]
      accept-language: [en-US]
    method: GET
    uri: https://management.azure.com/subscriptions/00000000-0000-0000-0000-000000000000/resourceGroups/cli_test_vmss_encryption000001/providers/Microsoft.Compute/virtualMachineScaleSets/vmss1?api-version=2017-12-01
  response:
    body: {string: "{\r\n  \"sku\": {\r\n    \"name\": \"Standard_D1_v2\",\r\n   \
        \ \"tier\": \"Standard\",\r\n    \"capacity\": 1\r\n  },\r\n  \"properties\"\
        : {\r\n    \"singlePlacementGroup\": true,\r\n    \"upgradePolicy\": {\r\n\
        \      \"mode\": \"Manual\",\r\n      \"automaticOSUpgrade\": false\r\n  \
        \  },\r\n    \"virtualMachineProfile\": {\r\n      \"osProfile\": {\r\n  \
        \      \"computerNamePrefix\": \"vmss11f27\",\r\n        \"adminUsername\"\
        : \"clitester1\",\r\n        \"windowsConfiguration\": {\r\n          \"provisionVMAgent\"\
        : true,\r\n          \"enableAutomaticUpdates\": true\r\n        },\r\n  \
        \      \"secrets\": []\r\n      },\r\n      \"storageProfile\": {\r\n    \
        \    \"osDisk\": {\r\n          \"createOption\": \"FromImage\",\r\n     \
        \     \"caching\": \"ReadWrite\",\r\n          \"managedDisk\": {\r\n    \
        \        \"storageAccountType\": \"Standard_LRS\"\r\n          }\r\n     \
        \   },\r\n        \"imageReference\": {\r\n          \"publisher\": \"MicrosoftWindowsServer\"\
        ,\r\n          \"offer\": \"WindowsServer\",\r\n          \"sku\": \"2016-Datacenter\"\
        ,\r\n          \"version\": \"latest\"\r\n        }\r\n      },\r\n      \"\
        networkProfile\": {\"networkInterfaceConfigurations\":[{\"name\":\"vmss11f27Nic\"\
        ,\"properties\":{\"primary\":true,\"enableAcceleratedNetworking\":false,\"\
        dnsSettings\":{\"dnsServers\":[]},\"enableIPForwarding\":false,\"ipConfigurations\"\
        :[{\"name\":\"vmss11f27IPConfig\",\"properties\":{\"subnet\":{\"id\":\"/subscriptions/00000000-0000-0000-0000-000000000000/resourceGroups/cli_test_vmss_encryption000001/providers/Microsoft.Network/virtualNetworks/vmss1VNET/subnets/vmss1Subnet\"\
        },\"privateIPAddressVersion\":\"IPv4\",\"loadBalancerBackendAddressPools\"\
        :[{\"id\":\"/subscriptions/00000000-0000-0000-0000-000000000000/resourceGroups/cli_test_vmss_encryption000001/providers/Microsoft.Network/loadBalancers/vmss1LB/backendAddressPools/vmss1LBBEPool\"\
        }],\"loadBalancerInboundNatPools\":[{\"id\":\"/subscriptions/00000000-0000-0000-0000-000000000000/resourceGroups/cli_test_vmss_encryption000001/providers/Microsoft.Network/loadBalancers/vmss1LB/inboundNatPools/vmss1LBNatPool\"\
        }]}}]}}]},\r\n      \"extensionProfile\": {\r\n        \"extensions\": [\r\
        \n          {\r\n            \"properties\": {\r\n              \"publisher\"\
        : \"Microsoft.Azure.Security\",\r\n              \"type\": \"AzureDiskEncryption\"\
        ,\r\n              \"typeHandlerVersion\": \"2.1\",\r\n              \"autoUpgradeMinorVersion\"\
        : true,\r\n              \"settings\": {\"KeyVaultResourceId\":\"/subscriptions/00000000-0000-0000-0000-000000000000/resourceGroups/cli_test_vmss_encryption000001/providers/Microsoft.KeyVault/vaults/vault000002\"\
        ,\"KeyVaultURL\":\"https://vault000002.vault.azure.net\",\"KeyEncryptionKeyURL\"\
        :\"\",\"EncryptionOperation\":\"EnableEncryption\",\"VolumeType\":\"ALL\"\
        ,\"KekVaultResourceId\":\"\",\"KeyEncryptionAlgorithm\":\"\"},\r\n       \
        \       \"forceUpdateTag\": \"ab63e971-4773-42fc-9958-c67be5fe524b\"\r\n \
        \           },\r\n            \"name\": \"AzureDiskEncryption\"\r\n      \
        \    }\r\n        ]\r\n      }\r\n    },\r\n    \"provisioningState\": \"\
        Succeeded\",\r\n    \"overprovision\": true,\r\n    \"uniqueId\": \"d272ad32-39f8-4ed5-965e-284bc04d430b\"\
        \r\n  },\r\n  \"type\": \"Microsoft.Compute/virtualMachineScaleSets\",\r\n\
        \  \"location\": \"EastUS2EUAP\",\r\n  \"tags\": {},\r\n  \"id\": \"/subscriptions/00000000-0000-0000-0000-000000000000/resourceGroups/cli_test_vmss_encryption000001/providers/Microsoft.Compute/virtualMachineScaleSets/vmss1\"\
        ,\r\n  \"name\": \"vmss1\"\r\n}"}
    headers:
      cache-control: [no-cache]
      content-length: ['3408']
      content-type: [application/json; charset=utf-8]
      date: ['Wed, 28 Feb 2018 23:02:38 GMT']
      expires: ['-1']
      pragma: [no-cache]
      server: [Microsoft-HTTPAPI/2.0, Microsoft-HTTPAPI/2.0]
      strict-transport-security: [max-age=31536000; includeSubDomains]
      transfer-encoding: [chunked]
      vary: [Accept-Encoding]
      x-content-type-options: [nosniff]
      x-ms-ratelimit-remaining-resource: ['Microsoft.Compute/GetVMScaleSet3Min;194,Microsoft.Compute/GetVMScaleSet30Min;980']
    status: {code: 200, message: OK}
- request:
    body: null
    headers:
      Accept: [application/json]
      Accept-Encoding: ['gzip, deflate']
      CommandName: [vmss encryption disable]
      Connection: [keep-alive]
      Content-Type: [application/json; charset=utf-8]
      User-Agent: [python/3.5.4 (Windows-10-10.0.16299-SP0) requests/2.18.4 msrest/0.4.26
          msrest_azure/0.4.21 computemanagementclient/3.1.0rc3 Azure-SDK-For-Python
          AZURECLI/2.0.29]
      accept-language: [en-US]
    method: GET
    uri: https://management.azure.com/subscriptions/00000000-0000-0000-0000-000000000000/resourceGroups/cli_test_vmss_encryption000001/providers/Microsoft.Compute/virtualMachineScaleSets/vmss1?api-version=2017-12-01
  response:
    body: {string: "{\r\n  \"sku\": {\r\n    \"name\": \"Standard_D1_v2\",\r\n   \
        \ \"tier\": \"Standard\",\r\n    \"capacity\": 1\r\n  },\r\n  \"properties\"\
        : {\r\n    \"singlePlacementGroup\": true,\r\n    \"upgradePolicy\": {\r\n\
        \      \"mode\": \"Manual\",\r\n      \"automaticOSUpgrade\": false\r\n  \
        \  },\r\n    \"virtualMachineProfile\": {\r\n      \"osProfile\": {\r\n  \
        \      \"computerNamePrefix\": \"vmss11f27\",\r\n        \"adminUsername\"\
        : \"clitester1\",\r\n        \"windowsConfiguration\": {\r\n          \"provisionVMAgent\"\
        : true,\r\n          \"enableAutomaticUpdates\": true\r\n        },\r\n  \
        \      \"secrets\": []\r\n      },\r\n      \"storageProfile\": {\r\n    \
        \    \"osDisk\": {\r\n          \"createOption\": \"FromImage\",\r\n     \
        \     \"caching\": \"ReadWrite\",\r\n          \"managedDisk\": {\r\n    \
        \        \"storageAccountType\": \"Standard_LRS\"\r\n          }\r\n     \
        \   },\r\n        \"imageReference\": {\r\n          \"publisher\": \"MicrosoftWindowsServer\"\
        ,\r\n          \"offer\": \"WindowsServer\",\r\n          \"sku\": \"2016-Datacenter\"\
        ,\r\n          \"version\": \"latest\"\r\n        }\r\n      },\r\n      \"\
        networkProfile\": {\"networkInterfaceConfigurations\":[{\"name\":\"vmss11f27Nic\"\
        ,\"properties\":{\"primary\":true,\"enableAcceleratedNetworking\":false,\"\
        dnsSettings\":{\"dnsServers\":[]},\"enableIPForwarding\":false,\"ipConfigurations\"\
        :[{\"name\":\"vmss11f27IPConfig\",\"properties\":{\"subnet\":{\"id\":\"/subscriptions/00000000-0000-0000-0000-000000000000/resourceGroups/cli_test_vmss_encryption000001/providers/Microsoft.Network/virtualNetworks/vmss1VNET/subnets/vmss1Subnet\"\
        },\"privateIPAddressVersion\":\"IPv4\",\"loadBalancerBackendAddressPools\"\
        :[{\"id\":\"/subscriptions/00000000-0000-0000-0000-000000000000/resourceGroups/cli_test_vmss_encryption000001/providers/Microsoft.Network/loadBalancers/vmss1LB/backendAddressPools/vmss1LBBEPool\"\
        }],\"loadBalancerInboundNatPools\":[{\"id\":\"/subscriptions/00000000-0000-0000-0000-000000000000/resourceGroups/cli_test_vmss_encryption000001/providers/Microsoft.Network/loadBalancers/vmss1LB/inboundNatPools/vmss1LBNatPool\"\
        }]}}]}}]},\r\n      \"extensionProfile\": {\r\n        \"extensions\": [\r\
        \n          {\r\n            \"properties\": {\r\n              \"publisher\"\
        : \"Microsoft.Azure.Security\",\r\n              \"type\": \"AzureDiskEncryption\"\
        ,\r\n              \"typeHandlerVersion\": \"2.1\",\r\n              \"autoUpgradeMinorVersion\"\
        : true,\r\n              \"settings\": {\"KeyVaultResourceId\":\"/subscriptions/00000000-0000-0000-0000-000000000000/resourceGroups/cli_test_vmss_encryption000001/providers/Microsoft.KeyVault/vaults/vault000002\"\
        ,\"KeyVaultURL\":\"https://vault000002.vault.azure.net\",\"KeyEncryptionKeyURL\"\
        :\"\",\"EncryptionOperation\":\"EnableEncryption\",\"VolumeType\":\"ALL\"\
        ,\"KekVaultResourceId\":\"\",\"KeyEncryptionAlgorithm\":\"\"},\r\n       \
        \       \"forceUpdateTag\": \"ab63e971-4773-42fc-9958-c67be5fe524b\"\r\n \
        \           },\r\n            \"name\": \"AzureDiskEncryption\"\r\n      \
        \    }\r\n        ]\r\n      }\r\n    },\r\n    \"provisioningState\": \"\
        Succeeded\",\r\n    \"overprovision\": true,\r\n    \"uniqueId\": \"d272ad32-39f8-4ed5-965e-284bc04d430b\"\
        \r\n  },\r\n  \"type\": \"Microsoft.Compute/virtualMachineScaleSets\",\r\n\
        \  \"location\": \"EastUS2EUAP\",\r\n  \"tags\": {},\r\n  \"id\": \"/subscriptions/00000000-0000-0000-0000-000000000000/resourceGroups/cli_test_vmss_encryption000001/providers/Microsoft.Compute/virtualMachineScaleSets/vmss1\"\
        ,\r\n  \"name\": \"vmss1\"\r\n}"}
    headers:
      cache-control: [no-cache]
      content-length: ['3408']
      content-type: [application/json; charset=utf-8]
      date: ['Wed, 28 Feb 2018 23:02:38 GMT']
      expires: ['-1']
      pragma: [no-cache]
      server: [Microsoft-HTTPAPI/2.0, Microsoft-HTTPAPI/2.0]
      strict-transport-security: [max-age=31536000; includeSubDomains]
      transfer-encoding: [chunked]
      vary: [Accept-Encoding]
      x-content-type-options: [nosniff]
      x-ms-ratelimit-remaining-resource: ['Microsoft.Compute/GetVMScaleSet3Min;193,Microsoft.Compute/GetVMScaleSet30Min;979']
    status: {code: 200, message: OK}
- request:
    body: 'b''{"tags": {}, "sku": {"capacity": 1, "name": "Standard_D1_v2", "tier":
      "Standard"}, "properties": {"singlePlacementGroup": true, "overprovision": true,
      "upgradePolicy": {"automaticOSUpgrade": false, "mode": "Manual"}, "virtualMachineProfile":
      {"networkProfile": {"networkInterfaceConfigurations": [{"name": "vmss11f27Nic",
      "properties": {"ipConfigurations": [{"name": "vmss11f27IPConfig", "properties":
      {"privateIPAddressVersion": "IPv4", "loadBalancerInboundNatPools": [{"id": "/subscriptions/00000000-0000-0000-0000-000000000000/resourceGroups/cli_test_vmss_encryption000001/providers/Microsoft.Network/loadBalancers/vmss1LB/inboundNatPools/vmss1LBNatPool"}],
      "subnet": {"id": "/subscriptions/00000000-0000-0000-0000-000000000000/resourceGroups/cli_test_vmss_encryption000001/providers/Microsoft.Network/virtualNetworks/vmss1VNET/subnets/vmss1Subnet"},
      "loadBalancerBackendAddressPools": [{"id": "/subscriptions/00000000-0000-0000-0000-000000000000/resourceGroups/cli_test_vmss_encryption000001/providers/Microsoft.Network/loadBalancers/vmss1LB/backendAddressPools/vmss1LBBEPool"}]}}],
      "enableIPForwarding": false, "enableAcceleratedNetworking": false, "primary":
      true, "dnsSettings": {"dnsServers": []}}}]}, "storageProfile": {"imageReference":
      {"offer": "WindowsServer", "sku": "2016-Datacenter", "version": "latest", "publisher":
      "MicrosoftWindowsServer"}, "osDisk": {"managedDisk": {"storageAccountType":
      "Standard_LRS"}, "caching": "ReadWrite", "createOption": "FromImage"}}, "extensionProfile":
      {"extensions": [{"name": "AzureDiskEncryption", "properties": {"type": "AzureDiskEncryption",
      "typeHandlerVersion": "2.1", "settings": {"VolumeType": "ALL", "EncryptionOperation":
      "DisableEncryption"}, "autoUpgradeMinorVersion": true, "publisher": "Microsoft.Azure.Security",
      "forceUpdateTag": "7c562c09-eb3b-4137-9ea0-729e83adb143"}}]}, "osProfile": {"secrets":
      [], "adminUsername": "clitester1", "windowsConfiguration": {"enableAutomaticUpdates":
      true, "provisionVMAgent": true}, "computerNamePrefix": "vmss11f27"}}}, "location":
      "EastUS2EUAP"}'''
    headers:
      Accept: [application/json]
      Accept-Encoding: ['gzip, deflate']
      CommandName: [vmss encryption disable]
      Connection: [keep-alive]
      Content-Length: ['2183']
      Content-Type: [application/json; charset=utf-8]
      User-Agent: [python/3.5.4 (Windows-10-10.0.16299-SP0) requests/2.18.4 msrest/0.4.26
          msrest_azure/0.4.21 computemanagementclient/3.1.0rc3 Azure-SDK-For-Python
          AZURECLI/2.0.29]
      accept-language: [en-US]
    method: PUT
    uri: https://management.azure.com/subscriptions/00000000-0000-0000-0000-000000000000/resourceGroups/cli_test_vmss_encryption000001/providers/Microsoft.Compute/virtualMachineScaleSets/vmss1?api-version=2017-12-01
  response:
    body: {string: "{\r\n  \"sku\": {\r\n    \"name\": \"Standard_D1_v2\",\r\n   \
        \ \"tier\": \"Standard\",\r\n    \"capacity\": 1\r\n  },\r\n  \"properties\"\
        : {\r\n    \"singlePlacementGroup\": true,\r\n    \"upgradePolicy\": {\r\n\
        \      \"mode\": \"Manual\",\r\n      \"automaticOSUpgrade\": false\r\n  \
        \  },\r\n    \"virtualMachineProfile\": {\r\n      \"osProfile\": {\r\n  \
        \      \"computerNamePrefix\": \"vmss11f27\",\r\n        \"adminUsername\"\
        : \"clitester1\",\r\n        \"windowsConfiguration\": {\r\n          \"provisionVMAgent\"\
        : true,\r\n          \"enableAutomaticUpdates\": true\r\n        },\r\n  \
        \      \"secrets\": []\r\n      },\r\n      \"storageProfile\": {\r\n    \
        \    \"osDisk\": {\r\n          \"createOption\": \"FromImage\",\r\n     \
        \     \"caching\": \"ReadWrite\",\r\n          \"managedDisk\": {\r\n    \
        \        \"storageAccountType\": \"Standard_LRS\"\r\n          }\r\n     \
        \   },\r\n        \"imageReference\": {\r\n          \"publisher\": \"MicrosoftWindowsServer\"\
        ,\r\n          \"offer\": \"WindowsServer\",\r\n          \"sku\": \"2016-Datacenter\"\
        ,\r\n          \"version\": \"latest\"\r\n        }\r\n      },\r\n      \"\
        networkProfile\": {\"networkInterfaceConfigurations\":[{\"name\":\"vmss11f27Nic\"\
        ,\"properties\":{\"primary\":true,\"enableAcceleratedNetworking\":false,\"\
        dnsSettings\":{\"dnsServers\":[]},\"enableIPForwarding\":false,\"ipConfigurations\"\
        :[{\"name\":\"vmss11f27IPConfig\",\"properties\":{\"subnet\":{\"id\":\"/subscriptions/00000000-0000-0000-0000-000000000000/resourceGroups/cli_test_vmss_encryption000001/providers/Microsoft.Network/virtualNetworks/vmss1VNET/subnets/vmss1Subnet\"\
        },\"privateIPAddressVersion\":\"IPv4\",\"loadBalancerBackendAddressPools\"\
        :[{\"id\":\"/subscriptions/00000000-0000-0000-0000-000000000000/resourceGroups/cli_test_vmss_encryption000001/providers/Microsoft.Network/loadBalancers/vmss1LB/backendAddressPools/vmss1LBBEPool\"\
        }],\"loadBalancerInboundNatPools\":[{\"id\":\"/subscriptions/00000000-0000-0000-0000-000000000000/resourceGroups/cli_test_vmss_encryption000001/providers/Microsoft.Network/loadBalancers/vmss1LB/inboundNatPools/vmss1LBNatPool\"\
        }]}}]}}]},\r\n      \"extensionProfile\": {\r\n        \"extensions\": [\r\
        \n          {\r\n            \"properties\": {\r\n              \"publisher\"\
        : \"Microsoft.Azure.Security\",\r\n              \"type\": \"AzureDiskEncryption\"\
        ,\r\n              \"typeHandlerVersion\": \"2.1\",\r\n              \"autoUpgradeMinorVersion\"\
        : true,\r\n              \"settings\": {\"VolumeType\":\"ALL\",\"EncryptionOperation\"\
        :\"DisableEncryption\"},\r\n              \"forceUpdateTag\": \"7c562c09-eb3b-4137-9ea0-729e83adb143\"\
        \r\n            },\r\n            \"name\": \"AzureDiskEncryption\"\r\n  \
        \        }\r\n        ]\r\n      }\r\n    },\r\n    \"provisioningState\"\
        : \"Updating\",\r\n    \"overprovision\": true,\r\n    \"uniqueId\": \"d272ad32-39f8-4ed5-965e-284bc04d430b\"\
        \r\n  },\r\n  \"type\": \"Microsoft.Compute/virtualMachineScaleSets\",\r\n\
        \  \"location\": \"EastUS2EUAP\",\r\n  \"tags\": {},\r\n  \"id\": \"/subscriptions/00000000-0000-0000-0000-000000000000/resourceGroups/cli_test_vmss_encryption000001/providers/Microsoft.Compute/virtualMachineScaleSets/vmss1\"\
        ,\r\n  \"name\": \"vmss1\"\r\n}"}
    headers:
      azure-asyncoperation: ['https://management.azure.com/subscriptions/00000000-0000-0000-0000-000000000000/providers/Microsoft.Compute/locations/EastUS2EUAP/operations/1ed7067e-8660-4e56-bdf0-3e03e5eefdab?api-version=2017-12-01']
      cache-control: [no-cache]
      content-length: ['3067']
      content-type: [application/json; charset=utf-8]
      date: ['Wed, 28 Feb 2018 23:02:41 GMT']
      expires: ['-1']
      pragma: [no-cache]
      server: [Microsoft-HTTPAPI/2.0, Microsoft-HTTPAPI/2.0]
      strict-transport-security: [max-age=31536000; includeSubDomains]
      transfer-encoding: [chunked]
      vary: [Accept-Encoding]
      x-content-type-options: [nosniff]
      x-ms-ratelimit-remaining-resource: ['Microsoft.Compute/CreateVMScaleSet3Min;39,Microsoft.Compute/CreateVMScaleSet30Min;197,Microsoft.Compute/VmssQueuedVMOperations;4800']
      x-ms-ratelimit-remaining-subscription-writes: ['1199']
      x-ms-request-charge: ['0']
    status: {code: 200, message: OK}
- request:
    body: null
    headers:
      Accept: [application/json]
      Accept-Encoding: ['gzip, deflate']
      CommandName: [vmss encryption disable]
      Connection: [keep-alive]
      User-Agent: [python/3.5.4 (Windows-10-10.0.16299-SP0) requests/2.18.4 msrest/0.4.26
          msrest_azure/0.4.21 computemanagementclient/3.1.0rc3 Azure-SDK-For-Python
          AZURECLI/2.0.29]
    method: GET
    uri: https://management.azure.com/subscriptions/00000000-0000-0000-0000-000000000000/providers/Microsoft.Compute/locations/EastUS2EUAP/operations/1ed7067e-8660-4e56-bdf0-3e03e5eefdab?api-version=2017-12-01
  response:
    body: {string: "{\r\n  \"startTime\": \"2018-02-28T23:02:40.9202229+00:00\",\r\
        \n  \"endTime\": \"2018-02-28T23:02:41.2327754+00:00\",\r\n  \"status\": \"\
        Succeeded\",\r\n  \"name\": \"1ed7067e-8660-4e56-bdf0-3e03e5eefdab\"\r\n}"}
    headers:
      cache-control: [no-cache]
      content-length: ['184']
      content-type: [application/json; charset=utf-8]
      date: ['Wed, 28 Feb 2018 23:03:12 GMT']
      expires: ['-1']
      pragma: [no-cache]
      server: [Microsoft-HTTPAPI/2.0, Microsoft-HTTPAPI/2.0]
      strict-transport-security: [max-age=31536000; includeSubDomains]
      transfer-encoding: [chunked]
      vary: [Accept-Encoding]
      x-content-type-options: [nosniff]
      x-ms-ratelimit-remaining-resource: ['Microsoft.Compute/GetOperation3Min;11986,Microsoft.Compute/GetOperation30Min;23907']
    status: {code: 200, message: OK}
- request:
    body: null
    headers:
      Accept: [application/json]
      Accept-Encoding: ['gzip, deflate']
      CommandName: [vmss encryption disable]
      Connection: [keep-alive]
      User-Agent: [python/3.5.4 (Windows-10-10.0.16299-SP0) requests/2.18.4 msrest/0.4.26
          msrest_azure/0.4.21 computemanagementclient/3.1.0rc3 Azure-SDK-For-Python
          AZURECLI/2.0.29]
    method: GET
    uri: https://management.azure.com/subscriptions/00000000-0000-0000-0000-000000000000/resourceGroups/cli_test_vmss_encryption000001/providers/Microsoft.Compute/virtualMachineScaleSets/vmss1?api-version=2017-12-01
  response:
    body: {string: "{\r\n  \"sku\": {\r\n    \"name\": \"Standard_D1_v2\",\r\n   \
        \ \"tier\": \"Standard\",\r\n    \"capacity\": 1\r\n  },\r\n  \"properties\"\
        : {\r\n    \"singlePlacementGroup\": true,\r\n    \"upgradePolicy\": {\r\n\
        \      \"mode\": \"Manual\",\r\n      \"automaticOSUpgrade\": false\r\n  \
        \  },\r\n    \"virtualMachineProfile\": {\r\n      \"osProfile\": {\r\n  \
        \      \"computerNamePrefix\": \"vmss11f27\",\r\n        \"adminUsername\"\
        : \"clitester1\",\r\n        \"windowsConfiguration\": {\r\n          \"provisionVMAgent\"\
        : true,\r\n          \"enableAutomaticUpdates\": true\r\n        },\r\n  \
        \      \"secrets\": []\r\n      },\r\n      \"storageProfile\": {\r\n    \
        \    \"osDisk\": {\r\n          \"createOption\": \"FromImage\",\r\n     \
        \     \"caching\": \"ReadWrite\",\r\n          \"managedDisk\": {\r\n    \
        \        \"storageAccountType\": \"Standard_LRS\"\r\n          }\r\n     \
        \   },\r\n        \"imageReference\": {\r\n          \"publisher\": \"MicrosoftWindowsServer\"\
        ,\r\n          \"offer\": \"WindowsServer\",\r\n          \"sku\": \"2016-Datacenter\"\
        ,\r\n          \"version\": \"latest\"\r\n        }\r\n      },\r\n      \"\
        networkProfile\": {\"networkInterfaceConfigurations\":[{\"name\":\"vmss11f27Nic\"\
        ,\"properties\":{\"primary\":true,\"enableAcceleratedNetworking\":false,\"\
        dnsSettings\":{\"dnsServers\":[]},\"enableIPForwarding\":false,\"ipConfigurations\"\
        :[{\"name\":\"vmss11f27IPConfig\",\"properties\":{\"subnet\":{\"id\":\"/subscriptions/00000000-0000-0000-0000-000000000000/resourceGroups/cli_test_vmss_encryption000001/providers/Microsoft.Network/virtualNetworks/vmss1VNET/subnets/vmss1Subnet\"\
        },\"privateIPAddressVersion\":\"IPv4\",\"loadBalancerBackendAddressPools\"\
        :[{\"id\":\"/subscriptions/00000000-0000-0000-0000-000000000000/resourceGroups/cli_test_vmss_encryption000001/providers/Microsoft.Network/loadBalancers/vmss1LB/backendAddressPools/vmss1LBBEPool\"\
        }],\"loadBalancerInboundNatPools\":[{\"id\":\"/subscriptions/00000000-0000-0000-0000-000000000000/resourceGroups/cli_test_vmss_encryption000001/providers/Microsoft.Network/loadBalancers/vmss1LB/inboundNatPools/vmss1LBNatPool\"\
        }]}}]}}]},\r\n      \"extensionProfile\": {\r\n        \"extensions\": [\r\
        \n          {\r\n            \"properties\": {\r\n              \"publisher\"\
        : \"Microsoft.Azure.Security\",\r\n              \"type\": \"AzureDiskEncryption\"\
        ,\r\n              \"typeHandlerVersion\": \"2.1\",\r\n              \"autoUpgradeMinorVersion\"\
        : true,\r\n              \"settings\": {\"VolumeType\":\"ALL\",\"EncryptionOperation\"\
        :\"DisableEncryption\"},\r\n              \"forceUpdateTag\": \"7c562c09-eb3b-4137-9ea0-729e83adb143\"\
        \r\n            },\r\n            \"name\": \"AzureDiskEncryption\"\r\n  \
        \        }\r\n        ]\r\n      }\r\n    },\r\n    \"provisioningState\"\
        : \"Succeeded\",\r\n    \"overprovision\": true,\r\n    \"uniqueId\": \"d272ad32-39f8-4ed5-965e-284bc04d430b\"\
        \r\n  },\r\n  \"type\": \"Microsoft.Compute/virtualMachineScaleSets\",\r\n\
        \  \"location\": \"EastUS2EUAP\",\r\n  \"tags\": {},\r\n  \"id\": \"/subscriptions/00000000-0000-0000-0000-000000000000/resourceGroups/cli_test_vmss_encryption000001/providers/Microsoft.Compute/virtualMachineScaleSets/vmss1\"\
        ,\r\n  \"name\": \"vmss1\"\r\n}"}
    headers:
      cache-control: [no-cache]
      content-length: ['3068']
      content-type: [application/json; charset=utf-8]
      date: ['Wed, 28 Feb 2018 23:03:12 GMT']
      expires: ['-1']
      pragma: [no-cache]
      server: [Microsoft-HTTPAPI/2.0, Microsoft-HTTPAPI/2.0]
      strict-transport-security: [max-age=31536000; includeSubDomains]
      transfer-encoding: [chunked]
      vary: [Accept-Encoding]
      x-content-type-options: [nosniff]
      x-ms-ratelimit-remaining-resource: ['Microsoft.Compute/GetVMScaleSet3Min;187,Microsoft.Compute/GetVMScaleSet30Min;973']
    status: {code: 200, message: OK}
- request:
    body: '{"instanceIds": ["*"]}'
    headers:
      Accept: [application/json]
      Accept-Encoding: ['gzip, deflate']
      CommandName: [vmss update-instances]
      Connection: [keep-alive]
      Content-Length: ['22']
      Content-Type: [application/json; charset=utf-8]
      User-Agent: [python/3.5.4 (Windows-10-10.0.16299-SP0) requests/2.18.4 msrest/0.4.26
          msrest_azure/0.4.21 computemanagementclient/3.1.0rc3 Azure-SDK-For-Python
          AZURECLI/2.0.29]
      accept-language: [en-US]
    method: POST
    uri: https://management.azure.com/subscriptions/00000000-0000-0000-0000-000000000000/resourceGroups/cli_test_vmss_encryption000001/providers/Microsoft.Compute/virtualMachineScaleSets/vmss1/manualupgrade?api-version=2017-12-01
  response:
    body: {string: ''}
    headers:
      azure-asyncoperation: ['https://management.azure.com/subscriptions/00000000-0000-0000-0000-000000000000/providers/Microsoft.Compute/locations/EastUS2EUAP/operations/0e3cc4c4-2830-46f8-b3b6-1ab350d369da?api-version=2017-12-01']
      cache-control: [no-cache]
      content-length: ['0']
      date: ['Wed, 28 Feb 2018 23:03:14 GMT']
      expires: ['-1']
      location: ['https://management.azure.com/subscriptions/00000000-0000-0000-0000-000000000000/providers/Microsoft.Compute/locations/EastUS2EUAP/operations/0e3cc4c4-2830-46f8-b3b6-1ab350d369da?monitor=true&api-version=2017-12-01']
      pragma: [no-cache]
      server: [Microsoft-HTTPAPI/2.0, Microsoft-HTTPAPI/2.0]
      strict-transport-security: [max-age=31536000; includeSubDomains]
      x-content-type-options: [nosniff]
      x-ms-ratelimit-remaining-resource: ['Microsoft.Compute/VMScaleSetActions3Min;239,Microsoft.Compute/VMScaleSetActions30Min;1198,Microsoft.Compute/VMScaleSetBatchedVMRequests5Min;1199,Microsoft.Compute/VmssQueuedVMOperations;4799']
      x-ms-ratelimit-remaining-subscription-writes: ['1199']
      x-ms-request-charge: ['1']
    status: {code: 202, message: Accepted}
- request:
    body: null
    headers:
      Accept: [application/json]
      Accept-Encoding: ['gzip, deflate']
      CommandName: [vmss update-instances]
      Connection: [keep-alive]
      User-Agent: [python/3.5.4 (Windows-10-10.0.16299-SP0) requests/2.18.4 msrest/0.4.26
          msrest_azure/0.4.21 computemanagementclient/3.1.0rc3 Azure-SDK-For-Python
          AZURECLI/2.0.29]
    method: GET
    uri: https://management.azure.com/subscriptions/00000000-0000-0000-0000-000000000000/providers/Microsoft.Compute/locations/EastUS2EUAP/operations/0e3cc4c4-2830-46f8-b3b6-1ab350d369da?api-version=2017-12-01
  response:
    body: {string: "{\r\n  \"startTime\": \"2018-02-28T23:03:14.8947677+00:00\",\r\
        \n  \"status\": \"InProgress\",\r\n  \"name\": \"0e3cc4c4-2830-46f8-b3b6-1ab350d369da\"\
        \r\n}"}
    headers:
      cache-control: [no-cache]
      content-length: ['134']
      content-type: [application/json; charset=utf-8]
      date: ['Wed, 28 Feb 2018 23:03:44 GMT']
      expires: ['-1']
      pragma: [no-cache]
      server: [Microsoft-HTTPAPI/2.0, Microsoft-HTTPAPI/2.0]
      strict-transport-security: [max-age=31536000; includeSubDomains]
      transfer-encoding: [chunked]
      vary: [Accept-Encoding]
      x-content-type-options: [nosniff]
      x-ms-ratelimit-remaining-resource: ['Microsoft.Compute/GetOperation3Min;11987,Microsoft.Compute/GetOperation30Min;23905']
    status: {code: 200, message: OK}
- request:
    body: null
    headers:
      Accept: [application/json]
      Accept-Encoding: ['gzip, deflate']
      CommandName: [vmss update-instances]
      Connection: [keep-alive]
      User-Agent: [python/3.5.4 (Windows-10-10.0.16299-SP0) requests/2.18.4 msrest/0.4.26
          msrest_azure/0.4.21 computemanagementclient/3.1.0rc3 Azure-SDK-For-Python
          AZURECLI/2.0.29]
    method: GET
    uri: https://management.azure.com/subscriptions/00000000-0000-0000-0000-000000000000/providers/Microsoft.Compute/locations/EastUS2EUAP/operations/0e3cc4c4-2830-46f8-b3b6-1ab350d369da?api-version=2017-12-01
  response:
    body: {string: "{\r\n  \"startTime\": \"2018-02-28T23:03:14.8947677+00:00\",\r\
        \n  \"status\": \"InProgress\",\r\n  \"name\": \"0e3cc4c4-2830-46f8-b3b6-1ab350d369da\"\
        \r\n}"}
    headers:
      cache-control: [no-cache]
      content-length: ['134']
      content-type: [application/json; charset=utf-8]
      date: ['Wed, 28 Feb 2018 23:04:15 GMT']
      expires: ['-1']
      pragma: [no-cache]
      server: [Microsoft-HTTPAPI/2.0, Microsoft-HTTPAPI/2.0]
      strict-transport-security: [max-age=31536000; includeSubDomains]
      transfer-encoding: [chunked]
      vary: [Accept-Encoding]
      x-content-type-options: [nosniff]
      x-ms-ratelimit-remaining-resource: ['Microsoft.Compute/GetOperation3Min;11986,Microsoft.Compute/GetOperation30Min;23902']
    status: {code: 200, message: OK}
- request:
    body: null
    headers:
      Accept: [application/json]
      Accept-Encoding: ['gzip, deflate']
      CommandName: [vmss update-instances]
      Connection: [keep-alive]
      User-Agent: [python/3.5.4 (Windows-10-10.0.16299-SP0) requests/2.18.4 msrest/0.4.26
          msrest_azure/0.4.21 computemanagementclient/3.1.0rc3 Azure-SDK-For-Python
          AZURECLI/2.0.29]
    method: GET
    uri: https://management.azure.com/subscriptions/00000000-0000-0000-0000-000000000000/providers/Microsoft.Compute/locations/EastUS2EUAP/operations/0e3cc4c4-2830-46f8-b3b6-1ab350d369da?api-version=2017-12-01
  response:
    body: {string: "{\r\n  \"startTime\": \"2018-02-28T23:03:14.8947677+00:00\",\r\
        \n  \"status\": \"InProgress\",\r\n  \"name\": \"0e3cc4c4-2830-46f8-b3b6-1ab350d369da\"\
        \r\n}"}
    headers:
      cache-control: [no-cache]
      content-length: ['134']
      content-type: [application/json; charset=utf-8]
      date: ['Wed, 28 Feb 2018 23:04:47 GMT']
      expires: ['-1']
      pragma: [no-cache]
      server: [Microsoft-HTTPAPI/2.0, Microsoft-HTTPAPI/2.0]
      strict-transport-security: [max-age=31536000; includeSubDomains]
      transfer-encoding: [chunked]
      vary: [Accept-Encoding]
      x-content-type-options: [nosniff]
      x-ms-ratelimit-remaining-resource: ['Microsoft.Compute/GetOperation3Min;11986,Microsoft.Compute/GetOperation30Min;23899']
    status: {code: 200, message: OK}
- request:
    body: null
    headers:
      Accept: [application/json]
      Accept-Encoding: ['gzip, deflate']
      CommandName: [vmss update-instances]
      Connection: [keep-alive]
      User-Agent: [python/3.5.4 (Windows-10-10.0.16299-SP0) requests/2.18.4 msrest/0.4.26
          msrest_azure/0.4.21 computemanagementclient/3.1.0rc3 Azure-SDK-For-Python
          AZURECLI/2.0.29]
    method: GET
    uri: https://management.azure.com/subscriptions/00000000-0000-0000-0000-000000000000/providers/Microsoft.Compute/locations/EastUS2EUAP/operations/0e3cc4c4-2830-46f8-b3b6-1ab350d369da?api-version=2017-12-01
  response:
    body: {string: "{\r\n  \"startTime\": \"2018-02-28T23:03:14.8947677+00:00\",\r\
        \n  \"status\": \"InProgress\",\r\n  \"name\": \"0e3cc4c4-2830-46f8-b3b6-1ab350d369da\"\
        \r\n}"}
    headers:
      cache-control: [no-cache]
      content-length: ['134']
      content-type: [application/json; charset=utf-8]
      date: ['Wed, 28 Feb 2018 23:05:21 GMT']
      expires: ['-1']
      pragma: [no-cache]
      server: [Microsoft-HTTPAPI/2.0, Microsoft-HTTPAPI/2.0]
      strict-transport-security: [max-age=31536000; includeSubDomains]
      transfer-encoding: [chunked]
      vary: [Accept-Encoding]
      x-content-type-options: [nosniff]
      x-ms-ratelimit-remaining-resource: ['Microsoft.Compute/GetOperation3Min;11985,Microsoft.Compute/GetOperation30Min;23896']
    status: {code: 200, message: OK}
- request:
    body: null
    headers:
      Accept: [application/json]
      Accept-Encoding: ['gzip, deflate']
      CommandName: [vmss update-instances]
      Connection: [keep-alive]
      User-Agent: [python/3.5.4 (Windows-10-10.0.16299-SP0) requests/2.18.4 msrest/0.4.26
          msrest_azure/0.4.21 computemanagementclient/3.1.0rc3 Azure-SDK-For-Python
          AZURECLI/2.0.29]
    method: GET
    uri: https://management.azure.com/subscriptions/00000000-0000-0000-0000-000000000000/providers/Microsoft.Compute/locations/EastUS2EUAP/operations/0e3cc4c4-2830-46f8-b3b6-1ab350d369da?api-version=2017-12-01
  response:
    body: {string: "{\r\n  \"startTime\": \"2018-02-28T23:03:14.8947677+00:00\",\r\
        \n  \"status\": \"InProgress\",\r\n  \"name\": \"0e3cc4c4-2830-46f8-b3b6-1ab350d369da\"\
        \r\n}"}
    headers:
      cache-control: [no-cache]
      content-length: ['134']
      content-type: [application/json; charset=utf-8]
      date: ['Wed, 28 Feb 2018 23:05:56 GMT']
      expires: ['-1']
      pragma: [no-cache]
      server: [Microsoft-HTTPAPI/2.0, Microsoft-HTTPAPI/2.0]
      strict-transport-security: [max-age=31536000; includeSubDomains]
      transfer-encoding: [chunked]
      vary: [Accept-Encoding]
      x-content-type-options: [nosniff]
      x-ms-ratelimit-remaining-resource: ['Microsoft.Compute/GetOperation3Min;11985,Microsoft.Compute/GetOperation30Min;23893']
    status: {code: 200, message: OK}
- request:
    body: null
    headers:
      Accept: [application/json]
      Accept-Encoding: ['gzip, deflate']
      CommandName: [vmss update-instances]
      Connection: [keep-alive]
      User-Agent: [python/3.5.4 (Windows-10-10.0.16299-SP0) requests/2.18.4 msrest/0.4.26
          msrest_azure/0.4.21 computemanagementclient/3.1.0rc3 Azure-SDK-For-Python
          AZURECLI/2.0.29]
    method: GET
    uri: https://management.azure.com/subscriptions/00000000-0000-0000-0000-000000000000/providers/Microsoft.Compute/locations/EastUS2EUAP/operations/0e3cc4c4-2830-46f8-b3b6-1ab350d369da?api-version=2017-12-01
  response:
    body: {string: "{\r\n  \"startTime\": \"2018-02-28T23:03:14.8947677+00:00\",\r\
        \n  \"status\": \"InProgress\",\r\n  \"name\": \"0e3cc4c4-2830-46f8-b3b6-1ab350d369da\"\
        \r\n}"}
    headers:
      cache-control: [no-cache]
      content-length: ['134']
      content-type: [application/json; charset=utf-8]
      date: ['Wed, 28 Feb 2018 23:06:27 GMT']
      expires: ['-1']
      pragma: [no-cache]
      server: [Microsoft-HTTPAPI/2.0, Microsoft-HTTPAPI/2.0]
      strict-transport-security: [max-age=31536000; includeSubDomains]
      transfer-encoding: [chunked]
      vary: [Accept-Encoding]
      x-content-type-options: [nosniff]
      x-ms-ratelimit-remaining-resource: ['Microsoft.Compute/GetOperation3Min;11983,Microsoft.Compute/GetOperation30Min;23890']
    status: {code: 200, message: OK}
- request:
    body: null
    headers:
      Accept: [application/json]
      Accept-Encoding: ['gzip, deflate']
      CommandName: [vmss update-instances]
      Connection: [keep-alive]
      User-Agent: [python/3.5.4 (Windows-10-10.0.16299-SP0) requests/2.18.4 msrest/0.4.26
          msrest_azure/0.4.21 computemanagementclient/3.1.0rc3 Azure-SDK-For-Python
          AZURECLI/2.0.29]
    method: GET
    uri: https://management.azure.com/subscriptions/00000000-0000-0000-0000-000000000000/providers/Microsoft.Compute/locations/EastUS2EUAP/operations/0e3cc4c4-2830-46f8-b3b6-1ab350d369da?api-version=2017-12-01
  response:
    body: {string: "{\r\n  \"startTime\": \"2018-02-28T23:03:14.8947677+00:00\",\r\
        \n  \"status\": \"InProgress\",\r\n  \"name\": \"0e3cc4c4-2830-46f8-b3b6-1ab350d369da\"\
        \r\n}"}
    headers:
      cache-control: [no-cache]
      content-length: ['134']
      content-type: [application/json; charset=utf-8]
      date: ['Wed, 28 Feb 2018 23:06:59 GMT']
      expires: ['-1']
      pragma: [no-cache]
      server: [Microsoft-HTTPAPI/2.0, Microsoft-HTTPAPI/2.0]
      strict-transport-security: [max-age=31536000; includeSubDomains]
      transfer-encoding: [chunked]
      vary: [Accept-Encoding]
      x-content-type-options: [nosniff]
      x-ms-ratelimit-remaining-resource: ['Microsoft.Compute/GetOperation3Min;11983,Microsoft.Compute/GetOperation30Min;23887']
    status: {code: 200, message: OK}
- request:
    body: null
    headers:
      Accept: [application/json]
      Accept-Encoding: ['gzip, deflate']
      CommandName: [vmss update-instances]
      Connection: [keep-alive]
      User-Agent: [python/3.5.4 (Windows-10-10.0.16299-SP0) requests/2.18.4 msrest/0.4.26
          msrest_azure/0.4.21 computemanagementclient/3.1.0rc3 Azure-SDK-For-Python
          AZURECLI/2.0.29]
    method: GET
    uri: https://management.azure.com/subscriptions/00000000-0000-0000-0000-000000000000/providers/Microsoft.Compute/locations/EastUS2EUAP/operations/0e3cc4c4-2830-46f8-b3b6-1ab350d369da?api-version=2017-12-01
  response:
    body: {string: "{\r\n  \"startTime\": \"2018-02-28T23:03:14.8947677+00:00\",\r\
        \n  \"status\": \"InProgress\",\r\n  \"name\": \"0e3cc4c4-2830-46f8-b3b6-1ab350d369da\"\
        \r\n}"}
    headers:
      cache-control: [no-cache]
      content-length: ['134']
      content-type: [application/json; charset=utf-8]
      date: ['Wed, 28 Feb 2018 23:07:31 GMT']
      expires: ['-1']
      pragma: [no-cache]
      server: [Microsoft-HTTPAPI/2.0, Microsoft-HTTPAPI/2.0]
      strict-transport-security: [max-age=31536000; includeSubDomains]
      transfer-encoding: [chunked]
      vary: [Accept-Encoding]
      x-content-type-options: [nosniff]
      x-ms-ratelimit-remaining-resource: ['Microsoft.Compute/GetOperation3Min;11986,Microsoft.Compute/GetOperation30Min;23884']
    status: {code: 200, message: OK}
- request:
    body: null
    headers:
      Accept: [application/json]
      Accept-Encoding: ['gzip, deflate']
      CommandName: [vmss update-instances]
      Connection: [keep-alive]
      User-Agent: [python/3.5.4 (Windows-10-10.0.16299-SP0) requests/2.18.4 msrest/0.4.26
          msrest_azure/0.4.21 computemanagementclient/3.1.0rc3 Azure-SDK-For-Python
          AZURECLI/2.0.29]
    method: GET
    uri: https://management.azure.com/subscriptions/00000000-0000-0000-0000-000000000000/providers/Microsoft.Compute/locations/EastUS2EUAP/operations/0e3cc4c4-2830-46f8-b3b6-1ab350d369da?api-version=2017-12-01
  response:
    body: {string: "{\r\n  \"startTime\": \"2018-02-28T23:03:14.8947677+00:00\",\r\
        \n  \"status\": \"InProgress\",\r\n  \"name\": \"0e3cc4c4-2830-46f8-b3b6-1ab350d369da\"\
        \r\n}"}
    headers:
      cache-control: [no-cache]
      content-length: ['134']
      content-type: [application/json; charset=utf-8]
      date: ['Wed, 28 Feb 2018 23:08:05 GMT']
      expires: ['-1']
      pragma: [no-cache]
      server: [Microsoft-HTTPAPI/2.0, Microsoft-HTTPAPI/2.0]
      strict-transport-security: [max-age=31536000; includeSubDomains]
      transfer-encoding: [chunked]
      vary: [Accept-Encoding]
      x-content-type-options: [nosniff]
      x-ms-ratelimit-remaining-resource: ['Microsoft.Compute/GetOperation3Min;11985,Microsoft.Compute/GetOperation30Min;23881']
    status: {code: 200, message: OK}
- request:
    body: null
    headers:
      Accept: [application/json]
      Accept-Encoding: ['gzip, deflate']
      CommandName: [vmss update-instances]
      Connection: [keep-alive]
      User-Agent: [python/3.5.4 (Windows-10-10.0.16299-SP0) requests/2.18.4 msrest/0.4.26
          msrest_azure/0.4.21 computemanagementclient/3.1.0rc3 Azure-SDK-For-Python
          AZURECLI/2.0.29]
    method: GET
    uri: https://management.azure.com/subscriptions/00000000-0000-0000-0000-000000000000/providers/Microsoft.Compute/locations/EastUS2EUAP/operations/0e3cc4c4-2830-46f8-b3b6-1ab350d369da?api-version=2017-12-01
  response:
    body: {string: "{\r\n  \"startTime\": \"2018-02-28T23:03:14.8947677+00:00\",\r\
        \n  \"status\": \"InProgress\",\r\n  \"name\": \"0e3cc4c4-2830-46f8-b3b6-1ab350d369da\"\
        \r\n}"}
    headers:
      cache-control: [no-cache]
      content-length: ['134']
      content-type: [application/json; charset=utf-8]
      date: ['Wed, 28 Feb 2018 23:08:36 GMT']
      expires: ['-1']
      pragma: [no-cache]
      server: [Microsoft-HTTPAPI/2.0, Microsoft-HTTPAPI/2.0]
      strict-transport-security: [max-age=31536000; includeSubDomains]
      transfer-encoding: [chunked]
      vary: [Accept-Encoding]
      x-content-type-options: [nosniff]
      x-ms-ratelimit-remaining-resource: ['Microsoft.Compute/GetOperation3Min;11985,Microsoft.Compute/GetOperation30Min;23878']
    status: {code: 200, message: OK}
- request:
    body: null
    headers:
      Accept: [application/json]
      Accept-Encoding: ['gzip, deflate']
      CommandName: [vmss update-instances]
      Connection: [keep-alive]
      User-Agent: [python/3.5.4 (Windows-10-10.0.16299-SP0) requests/2.18.4 msrest/0.4.26
          msrest_azure/0.4.21 computemanagementclient/3.1.0rc3 Azure-SDK-For-Python
          AZURECLI/2.0.29]
    method: GET
    uri: https://management.azure.com/subscriptions/00000000-0000-0000-0000-000000000000/providers/Microsoft.Compute/locations/EastUS2EUAP/operations/0e3cc4c4-2830-46f8-b3b6-1ab350d369da?api-version=2017-12-01
  response:
    body: {string: "{\r\n  \"startTime\": \"2018-02-28T23:03:14.8947677+00:00\",\r\
        \n  \"status\": \"InProgress\",\r\n  \"name\": \"0e3cc4c4-2830-46f8-b3b6-1ab350d369da\"\
        \r\n}"}
    headers:
      cache-control: [no-cache]
      content-length: ['134']
      content-type: [application/json; charset=utf-8]
      date: ['Wed, 28 Feb 2018 23:09:09 GMT']
      expires: ['-1']
      pragma: [no-cache]
      server: [Microsoft-HTTPAPI/2.0, Microsoft-HTTPAPI/2.0]
      strict-transport-security: [max-age=31536000; includeSubDomains]
      transfer-encoding: [chunked]
      vary: [Accept-Encoding]
      x-content-type-options: [nosniff]
      x-ms-ratelimit-remaining-resource: ['Microsoft.Compute/GetOperation3Min;11985,Microsoft.Compute/GetOperation30Min;23875']
    status: {code: 200, message: OK}
- request:
    body: null
    headers:
      Accept: [application/json]
      Accept-Encoding: ['gzip, deflate']
      CommandName: [vmss update-instances]
      Connection: [keep-alive]
      User-Agent: [python/3.5.4 (Windows-10-10.0.16299-SP0) requests/2.18.4 msrest/0.4.26
          msrest_azure/0.4.21 computemanagementclient/3.1.0rc3 Azure-SDK-For-Python
          AZURECLI/2.0.29]
    method: GET
    uri: https://management.azure.com/subscriptions/00000000-0000-0000-0000-000000000000/providers/Microsoft.Compute/locations/EastUS2EUAP/operations/0e3cc4c4-2830-46f8-b3b6-1ab350d369da?api-version=2017-12-01
  response:
    body: {string: "{\r\n  \"startTime\": \"2018-02-28T23:03:14.8947677+00:00\",\r\
        \n  \"status\": \"InProgress\",\r\n  \"name\": \"0e3cc4c4-2830-46f8-b3b6-1ab350d369da\"\
        \r\n}"}
    headers:
      cache-control: [no-cache]
      content-length: ['134']
      content-type: [application/json; charset=utf-8]
      date: ['Wed, 28 Feb 2018 23:09:43 GMT']
      expires: ['-1']
      pragma: [no-cache]
      server: [Microsoft-HTTPAPI/2.0, Microsoft-HTTPAPI/2.0]
      strict-transport-security: [max-age=31536000; includeSubDomains]
      transfer-encoding: [chunked]
      vary: [Accept-Encoding]
      x-content-type-options: [nosniff]
      x-ms-ratelimit-remaining-resource: ['Microsoft.Compute/GetOperation3Min;11985,Microsoft.Compute/GetOperation30Min;23872']
    status: {code: 200, message: OK}
- request:
    body: null
    headers:
      Accept: [application/json]
      Accept-Encoding: ['gzip, deflate']
      CommandName: [vmss update-instances]
      Connection: [keep-alive]
      User-Agent: [python/3.5.4 (Windows-10-10.0.16299-SP0) requests/2.18.4 msrest/0.4.26
          msrest_azure/0.4.21 computemanagementclient/3.1.0rc3 Azure-SDK-For-Python
          AZURECLI/2.0.29]
    method: GET
    uri: https://management.azure.com/subscriptions/00000000-0000-0000-0000-000000000000/providers/Microsoft.Compute/locations/EastUS2EUAP/operations/0e3cc4c4-2830-46f8-b3b6-1ab350d369da?api-version=2017-12-01
  response:
    body: {string: "{\r\n  \"startTime\": \"2018-02-28T23:03:14.8947677+00:00\",\r\
        \n  \"endTime\": \"2018-02-28T23:09:50.9606604+00:00\",\r\n  \"status\": \"\
        Succeeded\",\r\n  \"name\": \"0e3cc4c4-2830-46f8-b3b6-1ab350d369da\"\r\n}"}
    headers:
      cache-control: [no-cache]
      content-length: ['184']
      content-type: [application/json; charset=utf-8]
      date: ['Wed, 28 Feb 2018 23:10:13 GMT']
      expires: ['-1']
      pragma: [no-cache]
      server: [Microsoft-HTTPAPI/2.0, Microsoft-HTTPAPI/2.0]
      strict-transport-security: [max-age=31536000; includeSubDomains]
      transfer-encoding: [chunked]
      vary: [Accept-Encoding]
      x-content-type-options: [nosniff]
      x-ms-ratelimit-remaining-resource: ['Microsoft.Compute/GetOperation3Min;11985,Microsoft.Compute/GetOperation30Min;23870']
    status: {code: 200, message: OK}
- request:
    body: null
    headers:
      Accept: [application/json]
      Accept-Encoding: ['gzip, deflate']
      CommandName: [vmss encryption show]
      Connection: [keep-alive]
      Content-Type: [application/json; charset=utf-8]
      User-Agent: [python/3.5.4 (Windows-10-10.0.16299-SP0) requests/2.18.4 msrest/0.4.26
          msrest_azure/0.4.21 computemanagementclient/3.1.0rc3 Azure-SDK-For-Python
          AZURECLI/2.0.29]
      accept-language: [en-US]
    method: GET
    uri: https://management.azure.com/subscriptions/00000000-0000-0000-0000-000000000000/resourceGroups/cli_test_vmss_encryption000001/providers/Microsoft.Compute/virtualMachineScaleSets/vmss1/instanceView?api-version=2017-12-01
  response:
    body: {string: "{\r\n  \"virtualMachine\": {\r\n    \"statusesSummary\": [\r\n\
        \      {\r\n        \"code\": \"ProvisioningState/succeeded\",\r\n       \
        \ \"count\": 1\r\n      }\r\n    ]\r\n  },\r\n  \"extensions\": [\r\n    {\r\
        \n      \"name\": \"AzureDiskEncryption\",\r\n      \"statusesSummary\": [\r\
        \n        {\r\n          \"code\": \"ProvisioningState/succeeded\",\r\n  \
        \        \"count\": 1\r\n        }\r\n      ]\r\n    }\r\n  ],\r\n  \"statuses\"\
        : [\r\n    {\r\n      \"code\": \"ProvisioningState/succeeded\",\r\n     \
        \ \"level\": \"Info\",\r\n      \"displayStatus\": \"Provisioning succeeded\"\
        ,\r\n      \"time\": \"2018-02-28T23:09:50.9450469+00:00\"\r\n    }\r\n  ]\r\
        \n}"}
    headers:
      cache-control: [no-cache]
      content-length: ['567']
      content-type: [application/json; charset=utf-8]
      date: ['Wed, 28 Feb 2018 23:10:15 GMT']
      expires: ['-1']
      pragma: [no-cache]
      server: [Microsoft-HTTPAPI/2.0, Microsoft-HTTPAPI/2.0]
      strict-transport-security: [max-age=31536000; includeSubDomains]
      transfer-encoding: [chunked]
      vary: [Accept-Encoding]
      x-content-type-options: [nosniff]
      x-ms-ratelimit-remaining-resource: ['Microsoft.Compute/HighCostGetVMScaleSet3Min;199,Microsoft.Compute/HighCostGetVMScaleSet30Min;989']
    status: {code: 200, message: OK}
- request:
    body: null
    headers:
      Accept: [application/json]
      Accept-Encoding: ['gzip, deflate']
      CommandName: [vmss encryption show]
      Connection: [keep-alive]
      Content-Type: [application/json; charset=utf-8]
      User-Agent: [python/3.5.4 (Windows-10-10.0.16299-SP0) requests/2.18.4 msrest/0.4.26
          msrest_azure/0.4.21 computemanagementclient/3.1.0rc3 Azure-SDK-For-Python
          AZURECLI/2.0.29]
      accept-language: [en-US]
    method: GET
    uri: https://management.azure.com/subscriptions/00000000-0000-0000-0000-000000000000/resourceGroups/cli_test_vmss_encryption000001/providers/Microsoft.Compute/virtualMachineScaleSets/vmss1/virtualMachines?$select=instanceView&$expand=instanceView&api-version=2017-12-01
  response:
    body: {string: "{\r\n  \"value\": [\r\n    {\r\n      \"instanceId\": \"0\",\r\
        \n      \"properties\": {\r\n        \"latestModelApplied\": false,\r\n  \
        \      \"instanceView\": {\r\n          \"placementGroupId\": \"97f2b6ae-2ac1-4b1b-89a0-4e7b88f9db9e\"\
        ,\r\n          \"platformUpdateDomain\": 0,\r\n          \"platformFaultDomain\"\
        : 0,\r\n          \"computerName\": \"vmss11f27000000\",\r\n          \"osName\"\
        : \"Windows Server 2016 Datacenter\",\r\n          \"osVersion\": \"Microsoft\
        \ Windows NT 6.3.9600.0\",\r\n          \"vmAgent\": {\r\n            \"vmAgentVersion\"\
        : \"2.7.41491.872\",\r\n            \"statuses\": [\r\n              {\r\n\
        \                \"code\": \"ProvisioningState/succeeded\",\r\n          \
        \      \"level\": \"Info\",\r\n                \"displayStatus\": \"Ready\"\
        ,\r\n                \"message\": \"GuestAgent is running and accepting new\
        \ configurations.\",\r\n                \"time\": \"2018-02-28T23:10:02+00:00\"\
        \r\n              }\r\n            ],\r\n            \"extensionHandlers\"\
        : [\r\n              {\r\n                \"type\": \"Microsoft.Azure.Security.AzureDiskEncryption\"\
        ,\r\n                \"typeHandlerVersion\": \"2.1.0.0\",\r\n            \
        \    \"status\": {\r\n                  \"code\": \"ProvisioningState/succeeded\"\
        ,\r\n                  \"level\": \"Info\",\r\n                  \"displayStatus\"\
        : \"Ready\"\r\n                }\r\n              }\r\n            ]\r\n \
        \         },\r\n          \"disks\": [\r\n            {\r\n              \"\
        name\": \"vmss1_vmss1_0_OsDisk_1_92bded1f540a4fb3a27db2295a8ccd92\",\r\n \
        \             \"encryptionSettings\": [\r\n                {\r\n         \
        \         \"enabled\": false\r\n                }\r\n              ],\r\n\
        \              \"statuses\": [\r\n                {\r\n                  \"\
        code\": \"ProvisioningState/succeeded\",\r\n                  \"level\": \"\
        Info\",\r\n                  \"displayStatus\": \"Provisioning succeeded\"\
        ,\r\n                  \"time\": \"2018-02-28T23:09:50.8981603+00:00\"\r\n\
        \                },\r\n                {\r\n                  \"code\": \"\
        EncryptionState/notEncrypted\",\r\n                  \"level\": \"Info\",\r\
        \n                  \"displayStatus\": \"Disk is not encrypted\"\r\n     \
        \           }\r\n              ]\r\n            }\r\n          ],\r\n    \
        \      \"extensions\": [\r\n            {\r\n              \"name\": \"AzureDiskEncryption\"\
        ,\r\n              \"type\": \"Microsoft.Azure.Security.AzureDiskEncryption\"\
        ,\r\n              \"typeHandlerVersion\": \"2.1.0.0\",\r\n              \"\
        statuses\": [\r\n                {\r\n                  \"code\": \"ProvisioningState/succeeded\"\
        ,\r\n                  \"level\": \"Info\",\r\n                  \"displayStatus\"\
        : \"Provisioning succeeded\",\r\n                  \"message\": \"Disable\
        \ Encryption completed successfully\"\r\n                }\r\n           \
        \   ]\r\n            }\r\n          ],\r\n          \"statuses\": [\r\n  \
        \          {\r\n              \"code\": \"ProvisioningState/succeeded\",\r\
        \n              \"level\": \"Info\",\r\n              \"displayStatus\": \"\
        Provisioning succeeded\",\r\n              \"time\": \"2018-02-28T23:09:50.9294286+00:00\"\
        \r\n            },\r\n            {\r\n              \"code\": \"PowerState/running\"\
        ,\r\n              \"level\": \"Info\",\r\n              \"displayStatus\"\
        : \"VM running\"\r\n            }\r\n          ]\r\n        },\r\n       \
        \ \"provisioningState\": 0\r\n      },\r\n      \"id\": \"/subscriptions/00000000-0000-0000-0000-000000000000/resourceGroups/CLI_TEST_VMSS_ENCRYPTIONWFSKYAPZGMIFHYLLQXNPRFPOVG6QDGELRT3QRKRV3MM2FX3KN7W/providers/Microsoft.Compute/virtualMachineScaleSets/vmss1/virtualMachines/0\"\
        \r\n    }\r\n  ]\r\n}"}
    headers:
      cache-control: [no-cache]
      content-length: ['3325']
      content-type: [application/json; charset=utf-8]
      date: ['Wed, 28 Feb 2018 23:10:16 GMT']
      expires: ['-1']
      pragma: [no-cache]
      server: [Microsoft-HTTPAPI/2.0, Microsoft-HTTPAPI/2.0]
      strict-transport-security: [max-age=31536000; includeSubDomains]
      transfer-encoding: [chunked]
      vary: [Accept-Encoding]
      x-content-type-options: [nosniff]
      x-ms-ratelimit-remaining-resource: ['Microsoft.Compute/HighCostGetVMScaleSet3Min;198,Microsoft.Compute/HighCostGetVMScaleSet30Min;988,Microsoft.Compute/VMScaleSetVMViews3Min;4999']
      x-ms-request-charge: ['1']
    status: {code: 200, message: OK}
- request:
    body: null
    headers:
      Accept: [application/json]
      Accept-Encoding: ['gzip, deflate']
      CommandName: [vmss show]
      Connection: [keep-alive]
      Content-Type: [application/json; charset=utf-8]
      User-Agent: [python/3.5.4 (Windows-10-10.0.16299-SP0) requests/2.18.4 msrest/0.4.26
          msrest_azure/0.4.21 computemanagementclient/3.1.0rc3 Azure-SDK-For-Python
          AZURECLI/2.0.29]
      accept-language: [en-US]
    method: GET
    uri: https://management.azure.com/subscriptions/00000000-0000-0000-0000-000000000000/resourceGroups/cli_test_vmss_encryption000001/providers/Microsoft.Compute/virtualMachineScaleSets/vmss1?api-version=2017-12-01
  response:
    body: {string: "{\r\n  \"sku\": {\r\n    \"name\": \"Standard_D1_v2\",\r\n   \
        \ \"tier\": \"Standard\",\r\n    \"capacity\": 1\r\n  },\r\n  \"properties\"\
        : {\r\n    \"singlePlacementGroup\": true,\r\n    \"upgradePolicy\": {\r\n\
        \      \"mode\": \"Manual\",\r\n      \"automaticOSUpgrade\": false\r\n  \
        \  },\r\n    \"virtualMachineProfile\": {\r\n      \"osProfile\": {\r\n  \
        \      \"computerNamePrefix\": \"vmss11f27\",\r\n        \"adminUsername\"\
        : \"clitester1\",\r\n        \"windowsConfiguration\": {\r\n          \"provisionVMAgent\"\
        : true,\r\n          \"enableAutomaticUpdates\": true\r\n        },\r\n  \
        \      \"secrets\": []\r\n      },\r\n      \"storageProfile\": {\r\n    \
        \    \"osDisk\": {\r\n          \"createOption\": \"FromImage\",\r\n     \
        \     \"caching\": \"ReadWrite\",\r\n          \"managedDisk\": {\r\n    \
        \        \"storageAccountType\": \"Standard_LRS\"\r\n          }\r\n     \
        \   },\r\n        \"imageReference\": {\r\n          \"publisher\": \"MicrosoftWindowsServer\"\
        ,\r\n          \"offer\": \"WindowsServer\",\r\n          \"sku\": \"2016-Datacenter\"\
        ,\r\n          \"version\": \"latest\"\r\n        }\r\n      },\r\n      \"\
        networkProfile\": {\"networkInterfaceConfigurations\":[{\"name\":\"vmss11f27Nic\"\
        ,\"properties\":{\"primary\":true,\"enableAcceleratedNetworking\":false,\"\
        dnsSettings\":{\"dnsServers\":[]},\"enableIPForwarding\":false,\"ipConfigurations\"\
        :[{\"name\":\"vmss11f27IPConfig\",\"properties\":{\"subnet\":{\"id\":\"/subscriptions/00000000-0000-0000-0000-000000000000/resourceGroups/cli_test_vmss_encryption000001/providers/Microsoft.Network/virtualNetworks/vmss1VNET/subnets/vmss1Subnet\"\
        },\"privateIPAddressVersion\":\"IPv4\",\"loadBalancerBackendAddressPools\"\
        :[{\"id\":\"/subscriptions/00000000-0000-0000-0000-000000000000/resourceGroups/cli_test_vmss_encryption000001/providers/Microsoft.Network/loadBalancers/vmss1LB/backendAddressPools/vmss1LBBEPool\"\
        }],\"loadBalancerInboundNatPools\":[{\"id\":\"/subscriptions/00000000-0000-0000-0000-000000000000/resourceGroups/cli_test_vmss_encryption000001/providers/Microsoft.Network/loadBalancers/vmss1LB/inboundNatPools/vmss1LBNatPool\"\
        }]}}]}}]},\r\n      \"extensionProfile\": {\r\n        \"extensions\": [\r\
        \n          {\r\n            \"properties\": {\r\n              \"publisher\"\
        : \"Microsoft.Azure.Security\",\r\n              \"type\": \"AzureDiskEncryption\"\
        ,\r\n              \"typeHandlerVersion\": \"2.1\",\r\n              \"autoUpgradeMinorVersion\"\
        : true,\r\n              \"settings\": {\"VolumeType\":\"ALL\",\"EncryptionOperation\"\
        :\"DisableEncryption\"},\r\n              \"forceUpdateTag\": \"7c562c09-eb3b-4137-9ea0-729e83adb143\"\
        \r\n            },\r\n            \"name\": \"AzureDiskEncryption\"\r\n  \
        \        }\r\n        ]\r\n      }\r\n    },\r\n    \"provisioningState\"\
        : \"Succeeded\",\r\n    \"overprovision\": true,\r\n    \"uniqueId\": \"d272ad32-39f8-4ed5-965e-284bc04d430b\"\
        \r\n  },\r\n  \"type\": \"Microsoft.Compute/virtualMachineScaleSets\",\r\n\
        \  \"location\": \"EastUS2EUAP\",\r\n  \"tags\": {},\r\n  \"id\": \"/subscriptions/00000000-0000-0000-0000-000000000000/resourceGroups/cli_test_vmss_encryption000001/providers/Microsoft.Compute/virtualMachineScaleSets/vmss1\"\
        ,\r\n  \"name\": \"vmss1\"\r\n}"}
    headers:
      cache-control: [no-cache]
      content-length: ['3068']
      content-type: [application/json; charset=utf-8]
      date: ['Wed, 28 Feb 2018 23:10:16 GMT']
      expires: ['-1']
      pragma: [no-cache]
      server: [Microsoft-HTTPAPI/2.0, Microsoft-HTTPAPI/2.0]
      strict-transport-security: [max-age=31536000; includeSubDomains]
      transfer-encoding: [chunked]
      vary: [Accept-Encoding]
      x-content-type-options: [nosniff]
      x-ms-ratelimit-remaining-resource: ['Microsoft.Compute/GetVMScaleSet3Min;199,Microsoft.Compute/GetVMScaleSet30Min;972']
    status: {code: 200, message: OK}
- request:
    body: null
    headers:
      Accept: [application/json]
      Accept-Encoding: ['gzip, deflate']
      CommandName: [group delete]
      Connection: [keep-alive]
      Content-Length: ['0']
      Content-Type: [application/json; charset=utf-8]
      User-Agent: [python/3.5.4 (Windows-10-10.0.16299-SP0) requests/2.18.4 msrest/0.4.26
          msrest_azure/0.4.21 resourcemanagementclient/1.2.1 Azure-SDK-For-Python
          AZURECLI/2.0.29]
      accept-language: [en-US]
    method: DELETE
    uri: https://management.azure.com/subscriptions/00000000-0000-0000-0000-000000000000/resourcegroups/cli_test_vmss_encryption000001?api-version=2017-05-10
  response:
    body: {string: ''}
    headers:
      cache-control: [no-cache]
      content-length: ['0']
      date: ['Wed, 28 Feb 2018 23:10:20 GMT']
      expires: ['-1']
      location: ['https://management.azure.com/subscriptions/00000000-0000-0000-0000-000000000000/operationresults/eyJqb2JJZCI6IlJFU09VUkNFR1JPVVBERUxFVElPTkpPQi1DTEk6NUZURVNUOjVGVk1TUzo1RkVOQ1JZUFRJT05XRlNLWUFQWkdNSUZIWUxMUXw3RTlDNkYyOTYyNThBOTE3LUVBU1RVUzJFVUFQIiwiam9iTG9jYXRpb24iOiJlYXN0dXMyZXVhcCJ9?api-version=2017-05-10']
      pragma: [no-cache]
      strict-transport-security: [max-age=31536000; includeSubDomains]
      x-content-type-options: [nosniff]
      x-ms-ratelimit-remaining-subscription-writes: ['1199']
    status: {code: 202, message: Accepted}
version: 1
