interactions:
- request:
    body: '{"location": "eastus2", "tags": {"use": "az-test"}}'
    headers:
      Accept: [application/json]
      Accept-Encoding: ['gzip, deflate']
      CommandName: [group create]
      Connection: [keep-alive]
      Content-Length: ['51']
      Content-Type: [application/json; charset=utf-8]
      User-Agent: [python/3.5.4 (Windows-10-10.0.16299-SP0) requests/2.18.4 msrest/0.4.26
          msrest_azure/0.4.21 resourcemanagementclient/1.2.1 Azure-SDK-For-Python
          AZURECLI/2.0.29]
      accept-language: [en-US]
    method: PUT
    uri: https://management.azure.com/subscriptions/00000000-0000-0000-0000-000000000000/resourcegroups/cli_test_vmss_zones000001?api-version=2017-05-10
  response:
    body: {string: '{"id":"/subscriptions/00000000-0000-0000-0000-000000000000/resourceGroups/cli_test_vmss_zones000001","name":"cli_test_vmss_zones000001","location":"eastus2","tags":{"use":"az-test"},"properties":{"provisioningState":"Succeeded"}}'}
    headers:
      cache-control: [no-cache]
      content-length: ['329']
      content-type: [application/json; charset=utf-8]
      date: ['Thu, 01 Mar 2018 01:11:02 GMT']
      expires: ['-1']
      pragma: [no-cache]
      strict-transport-security: [max-age=31536000; includeSubDomains]
      x-content-type-options: [nosniff]
      x-ms-ratelimit-remaining-subscription-writes: ['1199']
    status: {code: 201, message: Created}
- request:
    body: null
    headers:
      Accept: [application/json]
      Accept-Encoding: ['gzip, deflate']
      CommandName: [vmss create]
      Connection: [keep-alive]
      Content-Type: [application/json; charset=utf-8]
      User-Agent: [python/3.5.4 (Windows-10-10.0.16299-SP0) requests/2.18.4 msrest/0.4.26
          msrest_azure/0.4.21 resourcemanagementclient/1.2.1 Azure-SDK-For-Python
          AZURECLI/2.0.29]
      accept-language: [en-US]
    method: GET
    uri: https://management.azure.com/subscriptions/00000000-0000-0000-0000-000000000000/resourcegroups/cli_test_vmss_zones000001?api-version=2017-05-10
  response:
    body: {string: '{"id":"/subscriptions/00000000-0000-0000-0000-000000000000/resourceGroups/cli_test_vmss_zones000001","name":"cli_test_vmss_zones000001","location":"eastus2","tags":{"use":"az-test"},"properties":{"provisioningState":"Succeeded"}}'}
    headers:
      cache-control: [no-cache]
      content-length: ['329']
      content-type: [application/json; charset=utf-8]
      date: ['Thu, 01 Mar 2018 01:11:04 GMT']
      expires: ['-1']
      pragma: [no-cache]
      strict-transport-security: [max-age=31536000; includeSubDomains]
      vary: [Accept-Encoding]
      x-content-type-options: [nosniff]
    status: {code: 200, message: OK}
- request:
    body: null
    headers:
      Accept: ['*/*']
      Accept-Encoding: ['gzip, deflate']
      Connection: [keep-alive]
      User-Agent: [python-requests/2.18.4]
    method: GET
    uri: https://raw.githubusercontent.com/Azure/azure-rest-api-specs/master/arm-compute/quickstart-templates/aliases.json
  response:
    body: {string: "{\n  \"$schema\":\"http://schema.management.azure.com/schemas/2015-01-01/deploymentTemplate.json\"\
        ,\n  \"contentVersion\":\"1.0.0.0\",\n  \"parameters\":{},\n  \"variables\"\
        :{},\n  \"resources\":[],\n\n  \"outputs\":{\n    \"aliases\":{\n      \"\
        type\":\"object\",\n      \"value\":{\n\n        \"Linux\":{\n          \"\
        CentOS\":{\n            \"publisher\":\"OpenLogic\",\n            \"offer\"\
        :\"CentOS\",\n            \"sku\":\"7.3\",\n            \"version\":\"latest\"\
        \n          },\n          \"CoreOS\":{\n            \"publisher\":\"CoreOS\"\
        ,\n            \"offer\":\"CoreOS\",\n            \"sku\":\"Stable\",\n  \
        \          \"version\":\"latest\"\n          },\n          \"Debian\":{\n\
        \            \"publisher\":\"credativ\",\n            \"offer\":\"Debian\"\
        ,\n            \"sku\":\"8\",\n            \"version\":\"latest\"\n      \
        \    },\n          \"openSUSE-Leap\": {\n            \"publisher\":\"SUSE\"\
        ,\n            \"offer\":\"openSUSE-Leap\",\n            \"sku\":\"42.2\"\
        ,\n            \"version\": \"latest\"\n          },\n          \"RHEL\":{\n\
        \            \"publisher\":\"RedHat\",\n            \"offer\":\"RHEL\",\n\
        \            \"sku\":\"7.3\",\n            \"version\":\"latest\"\n      \
        \    },\n          \"SLES\":{\n            \"publisher\":\"SUSE\",\n     \
        \       \"offer\":\"SLES\",\n            \"sku\":\"12-SP2\",\n           \
        \ \"version\":\"latest\"\n          },\n          \"UbuntuLTS\":{\n      \
        \      \"publisher\":\"Canonical\",\n            \"offer\":\"UbuntuServer\"\
        ,\n            \"sku\":\"16.04-LTS\",\n            \"version\":\"latest\"\n\
        \          }\n        },\n\n        \"Windows\":{\n          \"Win2016Datacenter\"\
        :{\n            \"publisher\":\"MicrosoftWindowsServer\",\n            \"\
        offer\":\"WindowsServer\",\n            \"sku\":\"2016-Datacenter\",\n   \
        \         \"version\":\"latest\"\n          },\n          \"Win2012R2Datacenter\"\
        :{\n            \"publisher\":\"MicrosoftWindowsServer\",\n            \"\
        offer\":\"WindowsServer\",\n            \"sku\":\"2012-R2-Datacenter\",\n\
        \            \"version\":\"latest\"\n          },\n          \"Win2012Datacenter\"\
        :{\n            \"publisher\":\"MicrosoftWindowsServer\",\n            \"\
        offer\":\"WindowsServer\",\n            \"sku\":\"2012-Datacenter\",\n   \
        \         \"version\":\"latest\"\n          },\n          \"Win2008R2SP1\"\
        :{\n            \"publisher\":\"MicrosoftWindowsServer\",\n            \"\
        offer\":\"WindowsServer\",\n            \"sku\":\"2008-R2-SP1\",\n       \
        \     \"version\":\"latest\"\n          }\n        }\n      }\n    }\n  }\n\
        }\n"}
    headers:
      accept-ranges: [bytes]
      access-control-allow-origin: ['*']
      cache-control: [max-age=300]
      connection: [keep-alive]
      content-length: ['2235']
      content-security-policy: [default-src 'none'; style-src 'unsafe-inline'; sandbox]
      content-type: [text/plain; charset=utf-8]
      date: ['Thu, 01 Mar 2018 01:11:04 GMT']
      etag: ['"d6824855d13e27c5258a680eb60f635d088fd05e"']
      expires: ['Thu, 01 Mar 2018 01:16:04 GMT']
      source-age: ['164']
      strict-transport-security: [max-age=31536000]
      vary: ['Authorization,Accept-Encoding']
      via: [1.1 varnish]
      x-cache: [HIT]
      x-cache-hits: ['1']
      x-content-type-options: [nosniff]
      x-fastly-request-id: [55243bdccc382dc4f3d4780b864151063f7d8742]
      x-frame-options: [deny]
      x-geo-block-list: ['']
      x-github-request-id: ['AF1E:6113:15EAFC4:16C283B:5A975283']
      x-served-by: [cache-sea1035-SEA]
      x-timer: ['S1519866665.838697,VS0,VE0']
      x-xss-protection: [1; mode=block]
    status: {code: 200, message: OK}
- request:
    body: null
    headers:
      Accept: [application/json]
      Accept-Encoding: ['gzip, deflate']
      CommandName: [vmss create]
      Connection: [keep-alive]
      Content-Type: [application/json; charset=utf-8]
      User-Agent: [python/3.5.4 (Windows-10-10.0.16299-SP0) requests/2.18.4 msrest/0.4.26
          msrest_azure/0.4.21 networkmanagementclient/1.7.0 Azure-SDK-For-Python AZURECLI/2.0.29]
      accept-language: [en-US]
    method: GET
    uri: https://management.azure.com/subscriptions/00000000-0000-0000-0000-000000000000/resourceGroups/cli_test_vmss_zones000001/providers/Microsoft.Network/virtualNetworks?api-version=2017-11-01
  response:
    body: {string: '{"value":[]}'}
    headers:
      cache-control: [no-cache]
      content-length: ['12']
      content-type: [application/json; charset=utf-8]
      date: ['Thu, 01 Mar 2018 01:11:05 GMT']
      expires: ['-1']
      pragma: [no-cache]
      strict-transport-security: [max-age=31536000; includeSubDomains]
      vary: [Accept-Encoding]
      x-content-type-options: [nosniff]
    status: {code: 200, message: OK}
- request:
    body: 'b''{"properties": {"template": {"parameters": {"adminPassword": {"metadata":
      {"description": "Secure adminPassword"}, "type": "securestring"}}, "contentVersion":
      "1.0.0.0", "outputs": {"VMSS": {"type": "object", "value": "[reference(resourceId(\''Microsoft.Compute/virtualMachineScaleSets\'',
      \''vmss123\''),providers(\''Microsoft.Compute\'', \''virtualMachineScaleSets\'').apiVersions[0])]"}},
      "$schema": "https://schema.management.azure.com/schemas/2015-01-01/deploymentTemplate.json#",
      "variables": {}, "resources": [{"apiVersion": "2015-06-15", "location": "eastus2",
      "tags": {}, "type": "Microsoft.Network/virtualNetworks", "properties": {"subnets":
      [{"name": "vmss123Subnet", "properties": {"addressPrefix": "10.0.0.0/24"}}],
      "addressSpace": {"addressPrefixes": ["10.0.0.0/16"]}}, "name": "vmss123VNET",
      "dependsOn": []}, {"apiVersion": "2017-11-01", "location": "eastus2", "sku":
      {"name": "Standard"}, "zones": ["2"], "tags": {}, "type": "Microsoft.Network/publicIPAddresses",
      "properties": {"publicIPAllocationMethod": "Static"}, "name": "vmss123LBPublicIP",
      "dependsOn": []}, {"apiVersion": "2017-11-01", "location": "eastus2", "sku":
      {"name": "Standard"}, "tags": {}, "type": "Microsoft.Network/loadBalancers",
      "properties": {"frontendIPConfigurations": [{"name": "loadBalancerFrontEnd",
      "properties": {"publicIPAddress": {"id": "/subscriptions/00000000-0000-0000-0000-000000000000/resourceGroups/cli_test_vmss_zones000001/providers/Microsoft.Network/publicIPAddresses/vmss123LBPublicIP"}}}],
      "loadBalancingRules": [{"name": "LBRule", "properties": {"idleTimeoutInMinutes":
      5, "frontendPort": 80, "frontendIPConfiguration": {"id": "[concat(resourceId(\''Microsoft.Network/loadBalancers\'',
      \''vmss123LB\''), \''/frontendIPConfigurations/\'', \''loadBalancerFrontEnd\'')]"},
      "enableFloatingIP": false, "backendAddressPool": {"id": "[concat(resourceId(\''Microsoft.Network/loadBalancers\'',
      \''vmss123LB\''), \''/backendAddressPools/\'', \''vmss123LBBEPool\'')]"}, "protocol":
      "tcp", "backendPort": 80}}], "inboundNatPools": [{"name": "vmss123LBNatPool",
      "properties": {"frontendPortRangeStart": "50000", "frontendPortRangeEnd": "50119",
      "protocol": "tcp", "frontendIPConfiguration": {"id": "[concat(resourceId(\''Microsoft.Network/loadBalancers\'',
      \''vmss123LB\''), \''/frontendIPConfigurations/\'', \''loadBalancerFrontEnd\'')]"},
      "backendPort": 22}}], "backendAddressPools": [{"name": "vmss123LBBEPool"}]},
      "name": "vmss123LB", "dependsOn": ["Microsoft.Network/virtualNetworks/vmss123VNET",
      "Microsoft.Network/publicIpAddresses/vmss123LBPublicIP"]}, {"apiVersion": "2015-06-15",
      "location": "eastus2", "tags": {}, "type": "Microsoft.Network/networkSecurityGroups",
      "properties": {"securityRules": [{"name": "default-allow-ssh", "properties":
      {"destinationAddressPrefix": "*", "sourcePortRange": "*", "access": "Allow",
      "sourceAddressPrefix": "*", "destinationPortRange": "22", "protocol": "Tcp",
      "priority": 1000, "direction": "Inbound"}}]}, "name": "vmss123NSG", "dependsOn":
      []}, {"apiVersion": "2017-12-01", "location": "eastus2", "sku": {"capacity":
      2, "name": "Standard_D1_v2"}, "zones": ["2"], "tags": {}, "type": "Microsoft.Compute/virtualMachineScaleSets",
      "properties": {"singlePlacementGroup": true, "upgradePolicy": {"mode": "manual"},
      "overprovision": true, "virtualMachineProfile": {"storageProfile": {"imageReference":
      {"publisher": "credativ", "sku": "8", "offer": "Debian", "version": "latest"},
      "osDisk": {"managedDisk": {"storageAccountType": null}, "caching": "ReadWrite",
      "createOption": "FromImage"}}, "networkProfile": {"networkInterfaceConfigurations":
      [{"name": "vmss1a8c7Nic", "properties": {"primary": "true", "ipConfigurations":
      [{"name": "vmss1a8c7IPConfig", "properties": {"loadBalancerInboundNatPools":
      [{"id": "/subscriptions/00000000-0000-0000-0000-000000000000/resourceGroups/cli_test_vmss_zones000001/providers/Microsoft.Network/loadBalancers/vmss123LB/inboundNatPools/vmss123LBNatPool"}],
      "loadBalancerBackendAddressPools": [{"id": "/subscriptions/00000000-0000-0000-0000-000000000000/resourceGroups/cli_test_vmss_zones000001/providers/Microsoft.Network/loadBalancers/vmss123LB/backendAddressPools/vmss123LBBEPool"}],
      "subnet": {"id": "/subscriptions/00000000-0000-0000-0000-000000000000/resourceGroups/cli_test_vmss_zones000001/providers/Microsoft.Network/virtualNetworks/vmss123VNET/subnets/vmss123Subnet"}}}],
      "networkSecurityGroup": {"id": "[resourceId(\''Microsoft.Network/networkSecurityGroups\'',
      \''vmss123NSG\'')]"}}}]}, "osProfile": {"computerNamePrefix": "vmss1a8c7", "adminPassword":
      "[parameters(\''adminPassword\'')]", "adminUsername": "clitester"}}}, "name":
      "vmss123", "dependsOn": ["Microsoft.Network/virtualNetworks/vmss123VNET", "Microsoft.Network/loadBalancers/vmss123LB",
      "Microsoft.Network/networkSecurityGroups/vmss123NSG"]}]}, "parameters": {"adminPassword":
      {"value": "PasswordPassword1!"}}, "mode": "Incremental"}}'''
    headers:
      Accept: [application/json]
      Accept-Encoding: ['gzip, deflate']
      CommandName: [vmss create]
      Connection: [keep-alive]
      Content-Length: ['5008']
      Content-Type: [application/json; charset=utf-8]
      User-Agent: [python/3.5.4 (Windows-10-10.0.16299-SP0) requests/2.18.4 msrest/0.4.26
          msrest_azure/0.4.21 resourcemanagementclient/1.2.1 Azure-SDK-For-Python
          AZURECLI/2.0.29]
      accept-language: [en-US]
    method: PUT
    uri: https://management.azure.com/subscriptions/00000000-0000-0000-0000-000000000000/resourcegroups/cli_test_vmss_zones000001/providers/Microsoft.Resources/deployments/mock-deployment?api-version=2017-05-10
  response:
    body: {string: '{"id":"/subscriptions/00000000-0000-0000-0000-000000000000/resourceGroups/cli_test_vmss_zones000001/providers/Microsoft.Resources/deployments/vmss_deploy_SzpHOxbkDOSGAsqLQx3KBHDYsKQUi4PK","name":"vmss_deploy_SzpHOxbkDOSGAsqLQx3KBHDYsKQUi4PK","properties":{"templateHash":"10253670106354094090","parameters":{"adminPassword":{"type":"SecureString"}},"mode":"Incremental","provisioningState":"Accepted","timestamp":"2018-03-01T01:11:08.04137Z","duration":"PT1.3937079S","correlationId":"e004e03a-2728-46b6-b102-ad3c37b3db3f","providers":[{"namespace":"Microsoft.Network","resourceTypes":[{"resourceType":"virtualNetworks","locations":["eastus2"]},{"resourceType":"publicIPAddresses","locations":["eastus2"]},{"resourceType":"loadBalancers","locations":["eastus2"]},{"resourceType":"networkSecurityGroups","locations":["eastus2"]}]},{"namespace":"Microsoft.Compute","resourceTypes":[{"resourceType":"virtualMachineScaleSets","locations":["eastus2"]}]}],"dependencies":[{"dependsOn":[{"id":"/subscriptions/00000000-0000-0000-0000-000000000000/resourceGroups/cli_test_vmss_zones000001/providers/Microsoft.Network/virtualNetworks/vmss123VNET","resourceType":"Microsoft.Network/virtualNetworks","resourceName":"vmss123VNET"},{"id":"/subscriptions/00000000-0000-0000-0000-000000000000/resourceGroups/cli_test_vmss_zones000001/providers/Microsoft.Network/publicIPAddresses/vmss123LBPublicIP","resourceType":"Microsoft.Network/publicIPAddresses","resourceName":"vmss123LBPublicIP"}],"id":"/subscriptions/00000000-0000-0000-0000-000000000000/resourceGroups/cli_test_vmss_zones000001/providers/Microsoft.Network/loadBalancers/vmss123LB","resourceType":"Microsoft.Network/loadBalancers","resourceName":"vmss123LB"},{"dependsOn":[{"id":"/subscriptions/00000000-0000-0000-0000-000000000000/resourceGroups/cli_test_vmss_zones000001/providers/Microsoft.Network/virtualNetworks/vmss123VNET","resourceType":"Microsoft.Network/virtualNetworks","resourceName":"vmss123VNET"},{"id":"/subscriptions/00000000-0000-0000-0000-000000000000/resourceGroups/cli_test_vmss_zones000001/providers/Microsoft.Network/loadBalancers/vmss123LB","resourceType":"Microsoft.Network/loadBalancers","resourceName":"vmss123LB"},{"id":"/subscriptions/00000000-0000-0000-0000-000000000000/resourceGroups/cli_test_vmss_zones000001/providers/Microsoft.Network/networkSecurityGroups/vmss123NSG","resourceType":"Microsoft.Network/networkSecurityGroups","resourceName":"vmss123NSG"}],"id":"/subscriptions/00000000-0000-0000-0000-000000000000/resourceGroups/cli_test_vmss_zones000001/providers/Microsoft.Compute/virtualMachineScaleSets/vmss123","resourceType":"Microsoft.Compute/virtualMachineScaleSets","resourceName":"vmss123"}]}}'}
    headers:
      azure-asyncoperation: ['https://management.azure.com/subscriptions/00000000-0000-0000-0000-000000000000/resourcegroups/cli_test_vmss_zones000001/providers/Microsoft.Resources/deployments/vmss_deploy_SzpHOxbkDOSGAsqLQx3KBHDYsKQUi4PK/operationStatuses/08586817402188299602?api-version=2017-05-10']
      cache-control: [no-cache]
      content-length: ['3080']
      content-type: [application/json; charset=utf-8]
      date: ['Thu, 01 Mar 2018 01:11:08 GMT']
      expires: ['-1']
      pragma: [no-cache]
      strict-transport-security: [max-age=31536000; includeSubDomains]
      x-content-type-options: [nosniff]
      x-ms-ratelimit-remaining-subscription-writes: ['1198']
    status: {code: 201, message: Created}
- request:
    body: null
    headers:
      Accept: [application/json]
      Accept-Encoding: ['gzip, deflate']
      CommandName: [vmss create]
      Connection: [keep-alive]
      Content-Type: [application/json; charset=utf-8]
      User-Agent: [python/3.5.4 (Windows-10-10.0.16299-SP0) requests/2.18.4 msrest/0.4.26
          msrest_azure/0.4.21 resourcemanagementclient/1.2.1 Azure-SDK-For-Python
          AZURECLI/2.0.29]
      accept-language: [en-US]
    method: GET
    uri: https://management.azure.com/subscriptions/00000000-0000-0000-0000-000000000000/resourcegroups/cli_test_vmss_zones000001/providers/Microsoft.Resources/deployments/mock-deployment/operationStatuses/08586817402188299602?api-version=2017-05-10
  response:
    body: {string: '{"status":"Running"}'}
    headers:
      cache-control: [no-cache]
      content-length: ['20']
      content-type: [application/json; charset=utf-8]
      date: ['Thu, 01 Mar 2018 01:11:39 GMT']
      expires: ['-1']
      pragma: [no-cache]
      strict-transport-security: [max-age=31536000; includeSubDomains]
      vary: [Accept-Encoding]
      x-content-type-options: [nosniff]
    status: {code: 200, message: OK}
- request:
    body: null
    headers:
      Accept: [application/json]
      Accept-Encoding: ['gzip, deflate']
      CommandName: [vmss create]
      Connection: [keep-alive]
      Content-Type: [application/json; charset=utf-8]
      User-Agent: [python/3.5.4 (Windows-10-10.0.16299-SP0) requests/2.18.4 msrest/0.4.26
          msrest_azure/0.4.21 resourcemanagementclient/1.2.1 Azure-SDK-For-Python
          AZURECLI/2.0.29]
      accept-language: [en-US]
    method: GET
    uri: https://management.azure.com/subscriptions/00000000-0000-0000-0000-000000000000/resourcegroups/cli_test_vmss_zones000001/providers/Microsoft.Resources/deployments/mock-deployment/operationStatuses/08586817402188299602?api-version=2017-05-10
  response:
    body: {string: '{"status":"Running"}'}
    headers:
      cache-control: [no-cache]
      content-length: ['20']
      content-type: [application/json; charset=utf-8]
      date: ['Thu, 01 Mar 2018 01:12:09 GMT']
      expires: ['-1']
      pragma: [no-cache]
      strict-transport-security: [max-age=31536000; includeSubDomains]
      vary: [Accept-Encoding]
      x-content-type-options: [nosniff]
    status: {code: 200, message: OK}
- request:
    body: null
    headers:
      Accept: [application/json]
      Accept-Encoding: ['gzip, deflate']
      CommandName: [vmss create]
      Connection: [keep-alive]
      Content-Type: [application/json; charset=utf-8]
      User-Agent: [python/3.5.4 (Windows-10-10.0.16299-SP0) requests/2.18.4 msrest/0.4.26
          msrest_azure/0.4.21 resourcemanagementclient/1.2.1 Azure-SDK-For-Python
          AZURECLI/2.0.29]
      accept-language: [en-US]
    method: GET
    uri: https://management.azure.com/subscriptions/00000000-0000-0000-0000-000000000000/resourcegroups/cli_test_vmss_zones000001/providers/Microsoft.Resources/deployments/mock-deployment/operationStatuses/08586817402188299602?api-version=2017-05-10
  response:
    body: {string: '{"status":"Running"}'}
    headers:
      cache-control: [no-cache]
      content-length: ['20']
      content-type: [application/json; charset=utf-8]
      date: ['Thu, 01 Mar 2018 01:12:39 GMT']
      expires: ['-1']
      pragma: [no-cache]
      strict-transport-security: [max-age=31536000; includeSubDomains]
      vary: [Accept-Encoding]
      x-content-type-options: [nosniff]
    status: {code: 200, message: OK}
- request:
    body: null
    headers:
      Accept: [application/json]
      Accept-Encoding: ['gzip, deflate']
      CommandName: [vmss create]
      Connection: [keep-alive]
      Content-Type: [application/json; charset=utf-8]
      User-Agent: [python/3.5.4 (Windows-10-10.0.16299-SP0) requests/2.18.4 msrest/0.4.26
          msrest_azure/0.4.21 resourcemanagementclient/1.2.1 Azure-SDK-For-Python
          AZURECLI/2.0.29]
      accept-language: [en-US]
    method: GET
    uri: https://management.azure.com/subscriptions/00000000-0000-0000-0000-000000000000/resourcegroups/cli_test_vmss_zones000001/providers/Microsoft.Resources/deployments/mock-deployment/operationStatuses/08586817402188299602?api-version=2017-05-10
  response:
    body: {string: '{"status":"Succeeded"}'}
    headers:
      cache-control: [no-cache]
      content-length: ['22']
      content-type: [application/json; charset=utf-8]
      date: ['Thu, 01 Mar 2018 01:13:10 GMT']
      expires: ['-1']
      pragma: [no-cache]
      strict-transport-security: [max-age=31536000; includeSubDomains]
      vary: [Accept-Encoding]
      x-content-type-options: [nosniff]
    status: {code: 200, message: OK}
- request:
    body: null
    headers:
      Accept: [application/json]
      Accept-Encoding: ['gzip, deflate']
      CommandName: [vmss create]
      Connection: [keep-alive]
      Content-Type: [application/json; charset=utf-8]
      User-Agent: [python/3.5.4 (Windows-10-10.0.16299-SP0) requests/2.18.4 msrest/0.4.26
          msrest_azure/0.4.21 resourcemanagementclient/1.2.1 Azure-SDK-For-Python
          AZURECLI/2.0.29]
      accept-language: [en-US]
    method: GET
    uri: https://management.azure.com/subscriptions/00000000-0000-0000-0000-000000000000/resourcegroups/cli_test_vmss_zones000001/providers/Microsoft.Resources/deployments/mock-deployment?api-version=2017-05-10
  response:
    body: {string: '{"id":"/subscriptions/00000000-0000-0000-0000-000000000000/resourceGroups/cli_test_vmss_zones000001/providers/Microsoft.Resources/deployments/vmss_deploy_SzpHOxbkDOSGAsqLQx3KBHDYsKQUi4PK","name":"vmss_deploy_SzpHOxbkDOSGAsqLQx3KBHDYsKQUi4PK","properties":{"templateHash":"10253670106354094090","parameters":{"adminPassword":{"type":"SecureString"}},"mode":"Incremental","provisioningState":"Succeeded","timestamp":"2018-03-01T01:13:04.357788Z","duration":"PT1M57.7101259S","correlationId":"e004e03a-2728-46b6-b102-ad3c37b3db3f","providers":[{"namespace":"Microsoft.Network","resourceTypes":[{"resourceType":"virtualNetworks","locations":["eastus2"]},{"resourceType":"publicIPAddresses","locations":["eastus2"]},{"resourceType":"loadBalancers","locations":["eastus2"]},{"resourceType":"networkSecurityGroups","locations":["eastus2"]}]},{"namespace":"Microsoft.Compute","resourceTypes":[{"resourceType":"virtualMachineScaleSets","locations":["eastus2"]}]}],"dependencies":[{"dependsOn":[{"id":"/subscriptions/00000000-0000-0000-0000-000000000000/resourceGroups/cli_test_vmss_zones000001/providers/Microsoft.Network/virtualNetworks/vmss123VNET","resourceType":"Microsoft.Network/virtualNetworks","resourceName":"vmss123VNET"},{"id":"/subscriptions/00000000-0000-0000-0000-000000000000/resourceGroups/cli_test_vmss_zones000001/providers/Microsoft.Network/publicIPAddresses/vmss123LBPublicIP","resourceType":"Microsoft.Network/publicIPAddresses","resourceName":"vmss123LBPublicIP"}],"id":"/subscriptions/00000000-0000-0000-0000-000000000000/resourceGroups/cli_test_vmss_zones000001/providers/Microsoft.Network/loadBalancers/vmss123LB","resourceType":"Microsoft.Network/loadBalancers","resourceName":"vmss123LB"},{"dependsOn":[{"id":"/subscriptions/00000000-0000-0000-0000-000000000000/resourceGroups/cli_test_vmss_zones000001/providers/Microsoft.Network/virtualNetworks/vmss123VNET","resourceType":"Microsoft.Network/virtualNetworks","resourceName":"vmss123VNET"},{"id":"/subscriptions/00000000-0000-0000-0000-000000000000/resourceGroups/cli_test_vmss_zones000001/providers/Microsoft.Network/loadBalancers/vmss123LB","resourceType":"Microsoft.Network/loadBalancers","resourceName":"vmss123LB"},{"id":"/subscriptions/00000000-0000-0000-0000-000000000000/resourceGroups/cli_test_vmss_zones000001/providers/Microsoft.Network/networkSecurityGroups/vmss123NSG","resourceType":"Microsoft.Network/networkSecurityGroups","resourceName":"vmss123NSG"}],"id":"/subscriptions/00000000-0000-0000-0000-000000000000/resourceGroups/cli_test_vmss_zones000001/providers/Microsoft.Compute/virtualMachineScaleSets/vmss123","resourceType":"Microsoft.Compute/virtualMachineScaleSets","resourceName":"vmss123"}],"outputs":{"vmss":{"type":"Object","value":{"singlePlacementGroup":true,"upgradePolicy":{"mode":"Manual","automaticOSUpgrade":false},"virtualMachineProfile":{"osProfile":{"computerNamePrefix":"vmss1a8c7","adminUsername":"clitester","linuxConfiguration":{"disablePasswordAuthentication":false},"secrets":[]},"storageProfile":{"osDisk":{"createOption":"FromImage","caching":"ReadWrite","managedDisk":{"storageAccountType":"Standard_LRS"}},"imageReference":{"publisher":"credativ","offer":"Debian","sku":"8","version":"latest"}},"networkProfile":{"networkInterfaceConfigurations":[{"name":"vmss1a8c7Nic","properties":{"primary":true,"enableAcceleratedNetworking":false,"networkSecurityGroup":{"id":"/subscriptions/00000000-0000-0000-0000-000000000000/resourceGroups/cli_test_vmss_zones000001/providers/Microsoft.Network/networkSecurityGroups/vmss123NSG"},"dnsSettings":{"dnsServers":[]},"enableIPForwarding":false,"ipConfigurations":[{"name":"vmss1a8c7IPConfig","properties":{"subnet":{"id":"/subscriptions/00000000-0000-0000-0000-000000000000/resourceGroups/cli_test_vmss_zones000001/providers/Microsoft.Network/virtualNetworks/vmss123VNET/subnets/vmss123Subnet"},"privateIPAddressVersion":"IPv4","loadBalancerBackendAddressPools":[{"id":"/subscriptions/00000000-0000-0000-0000-000000000000/resourceGroups/cli_test_vmss_zones000001/providers/Microsoft.Network/loadBalancers/vmss123LB/backendAddressPools/vmss123LBBEPool"}],"loadBalancerInboundNatPools":[{"id":"/subscriptions/00000000-0000-0000-0000-000000000000/resourceGroups/cli_test_vmss_zones000001/providers/Microsoft.Network/loadBalancers/vmss123LB/inboundNatPools/vmss123LBNatPool"}]}}]}}]}},"provisioningState":"Succeeded","overprovision":true,"uniqueId":"a1e0a7d6-4fc8-4569-bf93-2668bc0eb626","platformFaultDomainCount":5}}},"outputResources":[{"id":"/subscriptions/00000000-0000-0000-0000-000000000000/resourceGroups/cli_test_vmss_zones000001/providers/Microsoft.Compute/virtualMachineScaleSets/vmss123"},{"id":"/subscriptions/00000000-0000-0000-0000-000000000000/resourceGroups/cli_test_vmss_zones000001/providers/Microsoft.Network/loadBalancers/vmss123LB"},{"id":"/subscriptions/00000000-0000-0000-0000-000000000000/resourceGroups/cli_test_vmss_zones000001/providers/Microsoft.Network/networkSecurityGroups/vmss123NSG"},{"id":"/subscriptions/00000000-0000-0000-0000-000000000000/resourceGroups/cli_test_vmss_zones000001/providers/Microsoft.Network/publicIPAddresses/vmss123LBPublicIP"},{"id":"/subscriptions/00000000-0000-0000-0000-000000000000/resourceGroups/cli_test_vmss_zones000001/providers/Microsoft.Network/virtualNetworks/vmss123VNET"}]}}'}
    headers:
      cache-control: [no-cache]
      content-length: ['6141']
      content-type: [application/json; charset=utf-8]
      date: ['Thu, 01 Mar 2018 01:13:11 GMT']
      expires: ['-1']
      pragma: [no-cache]
      strict-transport-security: [max-age=31536000; includeSubDomains]
      vary: [Accept-Encoding]
      x-content-type-options: [nosniff]
    status: {code: 200, message: OK}
- request:
    body: null
    headers:
      Accept: [application/json]
      Accept-Encoding: ['gzip, deflate']
      CommandName: [vmss show]
      Connection: [keep-alive]
      Content-Type: [application/json; charset=utf-8]
      User-Agent: [python/3.5.4 (Windows-10-10.0.16299-SP0) requests/2.18.4 msrest/0.4.26
          msrest_azure/0.4.21 computemanagementclient/3.1.0rc3 Azure-SDK-For-Python
          AZURECLI/2.0.29]
      accept-language: [en-US]
    method: GET
    uri: https://management.azure.com/subscriptions/00000000-0000-0000-0000-000000000000/resourceGroups/cli_test_vmss_zones000001/providers/Microsoft.Compute/virtualMachineScaleSets/vmss123?api-version=2017-12-01
  response:
    body: {string: "{\r\n  \"sku\": {\r\n    \"name\": \"Standard_D1_v2\",\r\n   \
        \ \"tier\": \"Standard\",\r\n    \"capacity\": 2\r\n  },\r\n  \"properties\"\
        : {\r\n    \"singlePlacementGroup\": true,\r\n    \"upgradePolicy\": {\r\n\
        \      \"mode\": \"Manual\",\r\n      \"automaticOSUpgrade\": false\r\n  \
        \  },\r\n    \"virtualMachineProfile\": {\r\n      \"osProfile\": {\r\n  \
        \      \"computerNamePrefix\": \"vmss1a8c7\",\r\n        \"adminUsername\"\
        : \"clitester\",\r\n        \"linuxConfiguration\": {\r\n          \"disablePasswordAuthentication\"\
        : false\r\n        },\r\n        \"secrets\": []\r\n      },\r\n      \"storageProfile\"\
        : {\r\n        \"osDisk\": {\r\n          \"createOption\": \"FromImage\"\
        ,\r\n          \"caching\": \"ReadWrite\",\r\n          \"managedDisk\": {\r\
        \n            \"storageAccountType\": \"Standard_LRS\"\r\n          }\r\n\
        \        },\r\n        \"imageReference\": {\r\n          \"publisher\": \"\
        credativ\",\r\n          \"offer\": \"Debian\",\r\n          \"sku\": \"8\"\
        ,\r\n          \"version\": \"latest\"\r\n        }\r\n      },\r\n      \"\
        networkProfile\": {\"networkInterfaceConfigurations\":[{\"name\":\"vmss1a8c7Nic\"\
        ,\"properties\":{\"primary\":true,\"enableAcceleratedNetworking\":false,\"\
        networkSecurityGroup\":{\"id\":\"/subscriptions/00000000-0000-0000-0000-000000000000/resourceGroups/cli_test_vmss_zones000001/providers/Microsoft.Network/networkSecurityGroups/vmss123NSG\"\
        },\"dnsSettings\":{\"dnsServers\":[]},\"enableIPForwarding\":false,\"ipConfigurations\"\
        :[{\"name\":\"vmss1a8c7IPConfig\",\"properties\":{\"subnet\":{\"id\":\"/subscriptions/00000000-0000-0000-0000-000000000000/resourceGroups/cli_test_vmss_zones000001/providers/Microsoft.Network/virtualNetworks/vmss123VNET/subnets/vmss123Subnet\"\
        },\"privateIPAddressVersion\":\"IPv4\",\"loadBalancerBackendAddressPools\"\
        :[{\"id\":\"/subscriptions/00000000-0000-0000-0000-000000000000/resourceGroups/cli_test_vmss_zones000001/providers/Microsoft.Network/loadBalancers/vmss123LB/backendAddressPools/vmss123LBBEPool\"\
        }],\"loadBalancerInboundNatPools\":[{\"id\":\"/subscriptions/00000000-0000-0000-0000-000000000000/resourceGroups/cli_test_vmss_zones000001/providers/Microsoft.Network/loadBalancers/vmss123LB/inboundNatPools/vmss123LBNatPool\"\
        }]}}]}}]}\r\n    },\r\n    \"provisioningState\": \"Succeeded\",\r\n    \"\
        overprovision\": true,\r\n    \"uniqueId\": \"a1e0a7d6-4fc8-4569-bf93-2668bc0eb626\"\
        ,\r\n    \"platformFaultDomainCount\": 5\r\n  },\r\n  \"zones\": [\r\n   \
        \ \"2\"\r\n  ],\r\n  \"type\": \"Microsoft.Compute/virtualMachineScaleSets\"\
        ,\r\n  \"location\": \"eastus2\",\r\n  \"tags\": {},\r\n  \"id\": \"/subscriptions/00000000-0000-0000-0000-000000000000/resourceGroups/cli_test_vmss_zones000001/providers/Microsoft.Compute/virtualMachineScaleSets/vmss123\"\
        ,\r\n  \"name\": \"vmss123\"\r\n}"}
    headers:
      cache-control: [no-cache]
      content-length: ['2768']
      content-type: [application/json; charset=utf-8]
      date: ['Thu, 01 Mar 2018 01:13:12 GMT']
      expires: ['-1']
      pragma: [no-cache]
      server: [Microsoft-HTTPAPI/2.0, Microsoft-HTTPAPI/2.0]
      strict-transport-security: [max-age=31536000; includeSubDomains]
      transfer-encoding: [chunked]
      vary: [Accept-Encoding]
      x-content-type-options: [nosniff]
      x-ms-ratelimit-remaining-resource: ['Microsoft.Compute/GetVMScaleSet3Min;196,Microsoft.Compute/GetVMScaleSet30Min;996']
    status: {code: 200, message: OK}
- request:
    body: null
    headers:
      Accept: [application/json]
      Accept-Encoding: ['gzip, deflate']
      CommandName: [vmss show]
      Connection: [keep-alive]
      Content-Type: [application/json; charset=utf-8]
      User-Agent: [python/3.5.4 (Windows-10-10.0.16299-SP0) requests/2.18.4 msrest/0.4.26
          msrest_azure/0.4.21 computemanagementclient/3.1.0rc3 Azure-SDK-For-Python
          AZURECLI/2.0.29]
      accept-language: [en-US]
    method: GET
    uri: https://management.azure.com/subscriptions/00000000-0000-0000-0000-000000000000/resourceGroups/cli_test_vmss_zones000001/providers/Microsoft.Compute/virtualMachineScaleSets/vmss123?api-version=2017-12-01
  response:
    body: {string: "{\r\n  \"sku\": {\r\n    \"name\": \"Standard_D1_v2\",\r\n   \
        \ \"tier\": \"Standard\",\r\n    \"capacity\": 2\r\n  },\r\n  \"properties\"\
        : {\r\n    \"singlePlacementGroup\": true,\r\n    \"upgradePolicy\": {\r\n\
        \      \"mode\": \"Manual\",\r\n      \"automaticOSUpgrade\": false\r\n  \
        \  },\r\n    \"virtualMachineProfile\": {\r\n      \"osProfile\": {\r\n  \
        \      \"computerNamePrefix\": \"vmss1a8c7\",\r\n        \"adminUsername\"\
        : \"clitester\",\r\n        \"linuxConfiguration\": {\r\n          \"disablePasswordAuthentication\"\
        : false\r\n        },\r\n        \"secrets\": []\r\n      },\r\n      \"storageProfile\"\
        : {\r\n        \"osDisk\": {\r\n          \"createOption\": \"FromImage\"\
        ,\r\n          \"caching\": \"ReadWrite\",\r\n          \"managedDisk\": {\r\
        \n            \"storageAccountType\": \"Standard_LRS\"\r\n          }\r\n\
        \        },\r\n        \"imageReference\": {\r\n          \"publisher\": \"\
        credativ\",\r\n          \"offer\": \"Debian\",\r\n          \"sku\": \"8\"\
        ,\r\n          \"version\": \"latest\"\r\n        }\r\n      },\r\n      \"\
        networkProfile\": {\"networkInterfaceConfigurations\":[{\"name\":\"vmss1a8c7Nic\"\
        ,\"properties\":{\"primary\":true,\"enableAcceleratedNetworking\":false,\"\
        networkSecurityGroup\":{\"id\":\"/subscriptions/00000000-0000-0000-0000-000000000000/resourceGroups/cli_test_vmss_zones000001/providers/Microsoft.Network/networkSecurityGroups/vmss123NSG\"\
        },\"dnsSettings\":{\"dnsServers\":[]},\"enableIPForwarding\":false,\"ipConfigurations\"\
        :[{\"name\":\"vmss1a8c7IPConfig\",\"properties\":{\"subnet\":{\"id\":\"/subscriptions/00000000-0000-0000-0000-000000000000/resourceGroups/cli_test_vmss_zones000001/providers/Microsoft.Network/virtualNetworks/vmss123VNET/subnets/vmss123Subnet\"\
        },\"privateIPAddressVersion\":\"IPv4\",\"loadBalancerBackendAddressPools\"\
        :[{\"id\":\"/subscriptions/00000000-0000-0000-0000-000000000000/resourceGroups/cli_test_vmss_zones000001/providers/Microsoft.Network/loadBalancers/vmss123LB/backendAddressPools/vmss123LBBEPool\"\
        }],\"loadBalancerInboundNatPools\":[{\"id\":\"/subscriptions/00000000-0000-0000-0000-000000000000/resourceGroups/cli_test_vmss_zones000001/providers/Microsoft.Network/loadBalancers/vmss123LB/inboundNatPools/vmss123LBNatPool\"\
        }]}}]}}]}\r\n    },\r\n    \"provisioningState\": \"Succeeded\",\r\n    \"\
        overprovision\": true,\r\n    \"uniqueId\": \"a1e0a7d6-4fc8-4569-bf93-2668bc0eb626\"\
        ,\r\n    \"platformFaultDomainCount\": 5\r\n  },\r\n  \"zones\": [\r\n   \
        \ \"2\"\r\n  ],\r\n  \"type\": \"Microsoft.Compute/virtualMachineScaleSets\"\
        ,\r\n  \"location\": \"eastus2\",\r\n  \"tags\": {},\r\n  \"id\": \"/subscriptions/00000000-0000-0000-0000-000000000000/resourceGroups/cli_test_vmss_zones000001/providers/Microsoft.Compute/virtualMachineScaleSets/vmss123\"\
        ,\r\n  \"name\": \"vmss123\"\r\n}"}
    headers:
      cache-control: [no-cache]
      content-length: ['2768']
      content-type: [application/json; charset=utf-8]
      date: ['Thu, 01 Mar 2018 01:13:12 GMT']
      expires: ['-1']
      pragma: [no-cache]
      server: [Microsoft-HTTPAPI/2.0, Microsoft-HTTPAPI/2.0]
      strict-transport-security: [max-age=31536000; includeSubDomains]
      transfer-encoding: [chunked]
      vary: [Accept-Encoding]
      x-content-type-options: [nosniff]
      x-ms-ratelimit-remaining-resource: ['Microsoft.Compute/GetVMScaleSet3Min;195,Microsoft.Compute/GetVMScaleSet30Min;995']
    status: {code: 200, message: OK}
- request:
    body: null
    headers:
      Accept: [application/json]
      Accept-Encoding: ['gzip, deflate']
      CommandName: [vmss list]
      Connection: [keep-alive]
      Content-Type: [application/json; charset=utf-8]
      User-Agent: [python/3.5.4 (Windows-10-10.0.16299-SP0) requests/2.18.4 msrest/0.4.26
          msrest_azure/0.4.21 computemanagementclient/3.1.0rc3 Azure-SDK-For-Python
          AZURECLI/2.0.29]
      accept-language: [en-US]
    method: GET
    uri: https://management.azure.com/subscriptions/00000000-0000-0000-0000-000000000000/resourceGroups/cli_test_vmss_zones000001/providers/Microsoft.Compute/virtualMachineScaleSets?api-version=2017-12-01
  response:
    body: {string: "{\r\n  \"value\": [\r\n    {\r\n      \"sku\": {\r\n        \"\
        name\": \"Standard_D1_v2\",\r\n        \"tier\": \"Standard\",\r\n       \
        \ \"capacity\": 2\r\n      },\r\n      \"properties\": {\r\n        \"singlePlacementGroup\"\
        : true,\r\n        \"upgradePolicy\": {\r\n          \"mode\": \"Manual\"\
        ,\r\n          \"automaticOSUpgrade\": false\r\n        },\r\n        \"virtualMachineProfile\"\
        : {\r\n          \"osProfile\": {\r\n            \"computerNamePrefix\": \"\
        vmss1a8c7\",\r\n            \"adminUsername\": \"clitester\",\r\n        \
        \    \"linuxConfiguration\": {\r\n              \"disablePasswordAuthentication\"\
        : false\r\n            },\r\n            \"secrets\": []\r\n          },\r\
        \n          \"storageProfile\": {\r\n            \"osDisk\": {\r\n       \
        \       \"createOption\": \"FromImage\",\r\n              \"caching\": \"\
        ReadWrite\",\r\n              \"managedDisk\": {\r\n                \"storageAccountType\"\
        : \"Standard_LRS\"\r\n              }\r\n            },\r\n            \"\
        imageReference\": {\r\n              \"publisher\": \"credativ\",\r\n    \
        \          \"offer\": \"Debian\",\r\n              \"sku\": \"8\",\r\n   \
        \           \"version\": \"latest\"\r\n            }\r\n          },\r\n \
        \         \"networkProfile\": {\"networkInterfaceConfigurations\":[{\"name\"\
        :\"vmss1a8c7Nic\",\"properties\":{\"primary\":true,\"enableAcceleratedNetworking\"\
        :false,\"networkSecurityGroup\":{\"id\":\"/subscriptions/00000000-0000-0000-0000-000000000000/resourceGroups/cli_test_vmss_zones000001/providers/Microsoft.Network/networkSecurityGroups/vmss123NSG\"\
        },\"dnsSettings\":{\"dnsServers\":[]},\"enableIPForwarding\":false,\"ipConfigurations\"\
        :[{\"name\":\"vmss1a8c7IPConfig\",\"properties\":{\"subnet\":{\"id\":\"/subscriptions/00000000-0000-0000-0000-000000000000/resourceGroups/cli_test_vmss_zones000001/providers/Microsoft.Network/virtualNetworks/vmss123VNET/subnets/vmss123Subnet\"\
        },\"privateIPAddressVersion\":\"IPv4\",\"loadBalancerBackendAddressPools\"\
        :[{\"id\":\"/subscriptions/00000000-0000-0000-0000-000000000000/resourceGroups/cli_test_vmss_zones000001/providers/Microsoft.Network/loadBalancers/vmss123LB/backendAddressPools/vmss123LBBEPool\"\
        }],\"loadBalancerInboundNatPools\":[{\"id\":\"/subscriptions/00000000-0000-0000-0000-000000000000/resourceGroups/cli_test_vmss_zones000001/providers/Microsoft.Network/loadBalancers/vmss123LB/inboundNatPools/vmss123LBNatPool\"\
        }]}}]}}]}\r\n        },\r\n        \"provisioningState\": \"Succeeded\",\r\
        \n        \"overprovision\": true,\r\n        \"uniqueId\": \"a1e0a7d6-4fc8-4569-bf93-2668bc0eb626\"\
        ,\r\n        \"platformFaultDomainCount\": 5\r\n      },\r\n      \"zones\"\
        : [\r\n        \"2\"\r\n      ],\r\n      \"type\": \"Microsoft.Compute/virtualMachineScaleSets\"\
        ,\r\n      \"location\": \"eastus2\",\r\n      \"tags\": {},\r\n      \"id\"\
        : \"/subscriptions/00000000-0000-0000-0000-000000000000/resourceGroups/cli_test_vmss_zones000001/providers/Microsoft.Compute/virtualMachineScaleSets/vmss123\"\
        ,\r\n      \"name\": \"vmss123\"\r\n    }\r\n  ]\r\n}"}
    headers:
      cache-control: [no-cache]
      content-length: ['3001']
      content-type: [application/json; charset=utf-8]
      date: ['Thu, 01 Mar 2018 01:13:12 GMT']
      expires: ['-1']
      pragma: [no-cache]
      server: [Microsoft-HTTPAPI/2.0, Microsoft-HTTPAPI/2.0]
      strict-transport-security: [max-age=31536000; includeSubDomains]
      transfer-encoding: [chunked]
      vary: [Accept-Encoding]
      x-content-type-options: [nosniff]
      x-ms-ratelimit-remaining-resource: ['Microsoft.Compute/HighCostGetVMScaleSet3Min;199,Microsoft.Compute/HighCostGetVMScaleSet30Min;999']
    status: {code: 200, message: OK}
- request:
    body: null
    headers:
      Accept: [application/json]
      Accept-Encoding: ['gzip, deflate']
      CommandName: [network lb list]
      Connection: [keep-alive]
      Content-Type: [application/json; charset=utf-8]
      User-Agent: [python/3.5.4 (Windows-10-10.0.16299-SP0) requests/2.18.4 msrest/0.4.26
          msrest_azure/0.4.21 networkmanagementclient/1.7.0 Azure-SDK-For-Python AZURECLI/2.0.29]
      accept-language: [en-US]
    method: GET
    uri: https://management.azure.com/subscriptions/00000000-0000-0000-0000-000000000000/resourceGroups/cli_test_vmss_zones000001/providers/Microsoft.Network/loadBalancers?api-version=2017-11-01
  response:
    body: {string: "{\r\n  \"value\": [\r\n    {\r\n      \"name\": \"vmss123LB\"\
        ,\r\n      \"id\": \"/subscriptions/00000000-0000-0000-0000-000000000000/resourceGroups/cli_test_vmss_zones000001/providers/Microsoft.Network/loadBalancers/vmss123LB\"\
        ,\r\n      \"etag\": \"W/\\\"0c5b2d2f-fb4e-42a6-bd23-9dacaca01475\\\"\",\r\
        \n      \"type\": \"Microsoft.Network/loadBalancers\",\r\n      \"location\"\
        : \"eastus2\",\r\n      \"tags\": {},\r\n      \"properties\": {\r\n     \
        \   \"provisioningState\": \"Succeeded\",\r\n        \"resourceGuid\": \"\
        d2cbfcff-e252-45be-a251-dbbaf816cca4\",\r\n        \"frontendIPConfigurations\"\
        : [\r\n          {\r\n            \"name\": \"loadBalancerFrontEnd\",\r\n\
        \            \"id\": \"/subscriptions/00000000-0000-0000-0000-000000000000/resourceGroups/cli_test_vmss_zones000001/providers/Microsoft.Network/loadBalancers/vmss123LB/frontendIPConfigurations/loadBalancerFrontEnd\"\
        ,\r\n            \"etag\": \"W/\\\"0c5b2d2f-fb4e-42a6-bd23-9dacaca01475\\\"\
        \",\r\n            \"properties\": {\r\n              \"provisioningState\"\
        : \"Succeeded\",\r\n              \"privateIPAllocationMethod\": \"Dynamic\"\
        ,\r\n              \"publicIPAddress\": {\r\n                \"id\": \"/subscriptions/00000000-0000-0000-0000-000000000000/resourceGroups/cli_test_vmss_zones000001/providers/Microsoft.Network/publicIPAddresses/vmss123LBPublicIP\"\
        \r\n              },\r\n              \"loadBalancingRules\": [\r\n      \
        \          {\r\n                  \"id\": \"/subscriptions/00000000-0000-0000-0000-000000000000/resourceGroups/cli_test_vmss_zones000001/providers/Microsoft.Network/loadBalancers/vmss123LB/loadBalancingRules/LBRule\"\
        \r\n                }\r\n              ],\r\n              \"inboundNatRules\"\
        : [\r\n                {\r\n                  \"id\": \"/subscriptions/00000000-0000-0000-0000-000000000000/resourceGroups/cli_test_vmss_zones000001/providers/Microsoft.Network/loadBalancers/vmss123LB/inboundNatRules/vmss123LBNatPool.0\"\
        \r\n                },\r\n                {\r\n                  \"id\": \"\
        /subscriptions/00000000-0000-0000-0000-000000000000/resourceGroups/cli_test_vmss_zones000001/providers/Microsoft.Network/loadBalancers/vmss123LB/inboundNatRules/vmss123LBNatPool.1\"\
        \r\n                },\r\n                {\r\n                  \"id\": \"\
        /subscriptions/00000000-0000-0000-0000-000000000000/resourceGroups/cli_test_vmss_zones000001/providers/Microsoft.Network/loadBalancers/vmss123LB/inboundNatRules/vmss123LBNatPool.2\"\
        \r\n                },\r\n                {\r\n                  \"id\": \"\
        /subscriptions/00000000-0000-0000-0000-000000000000/resourceGroups/cli_test_vmss_zones000001/providers/Microsoft.Network/loadBalancers/vmss123LB/inboundNatRules/vmss123LBNatPool.3\"\
        \r\n                }\r\n              ],\r\n              \"inboundNatPools\"\
        : [\r\n                {\r\n                  \"id\": \"/subscriptions/00000000-0000-0000-0000-000000000000/resourceGroups/cli_test_vmss_zones000001/providers/Microsoft.Network/loadBalancers/vmss123LB/inboundNatPools/vmss123LBNatPool\"\
        \r\n                }\r\n              ]\r\n            }\r\n          }\r\
        \n        ],\r\n        \"backendAddressPools\": [\r\n          {\r\n    \
        \        \"name\": \"vmss123LBBEPool\",\r\n            \"id\": \"/subscriptions/00000000-0000-0000-0000-000000000000/resourceGroups/cli_test_vmss_zones000001/providers/Microsoft.Network/loadBalancers/vmss123LB/backendAddressPools/vmss123LBBEPool\"\
        ,\r\n            \"etag\": \"W/\\\"0c5b2d2f-fb4e-42a6-bd23-9dacaca01475\\\"\
        \",\r\n            \"properties\": {\r\n              \"provisioningState\"\
        : \"Succeeded\",\r\n              \"backendIPConfigurations\": [\r\n     \
        \           {\r\n                  \"id\": \"/subscriptions/00000000-0000-0000-0000-000000000000/resourceGroups/cli_test_vmss_zones000001/providers/Microsoft.Compute/virtualMachineScaleSets/vmss123/virtualMachines/0/networkInterfaces/vmss1a8c7Nic/ipConfigurations/vmss1a8c7IPConfig\"\
        \r\n                },\r\n                {\r\n                  \"id\": \"\
        /subscriptions/00000000-0000-0000-0000-000000000000/resourceGroups/cli_test_vmss_zones000001/providers/Microsoft.Compute/virtualMachineScaleSets/vmss123/virtualMachines/1/networkInterfaces/vmss1a8c7Nic/ipConfigurations/vmss1a8c7IPConfig\"\
        \r\n                },\r\n                {\r\n                  \"id\": \"\
        /subscriptions/00000000-0000-0000-0000-000000000000/resourceGroups/cli_test_vmss_zones000001/providers/Microsoft.Compute/virtualMachineScaleSets/vmss123/virtualMachines/2/networkInterfaces/vmss1a8c7Nic/ipConfigurations/vmss1a8c7IPConfig\"\
        \r\n                },\r\n                {\r\n                  \"id\": \"\
        /subscriptions/00000000-0000-0000-0000-000000000000/resourceGroups/cli_test_vmss_zones000001/providers/Microsoft.Compute/virtualMachineScaleSets/vmss123/virtualMachines/3/networkInterfaces/vmss1a8c7Nic/ipConfigurations/vmss1a8c7IPConfig\"\
        \r\n                }\r\n              ],\r\n              \"loadBalancingRules\"\
        : [\r\n                {\r\n                  \"id\": \"/subscriptions/00000000-0000-0000-0000-000000000000/resourceGroups/cli_test_vmss_zones000001/providers/Microsoft.Network/loadBalancers/vmss123LB/loadBalancingRules/LBRule\"\
        \r\n                }\r\n              ]\r\n            }\r\n          }\r\
        \n        ],\r\n        \"loadBalancingRules\": [\r\n          {\r\n     \
        \       \"name\": \"LBRule\",\r\n            \"id\": \"/subscriptions/00000000-0000-0000-0000-000000000000/resourceGroups/cli_test_vmss_zones000001/providers/Microsoft.Network/loadBalancers/vmss123LB/loadBalancingRules/LBRule\"\
        ,\r\n            \"etag\": \"W/\\\"0c5b2d2f-fb4e-42a6-bd23-9dacaca01475\\\"\
        \",\r\n            \"properties\": {\r\n              \"provisioningState\"\
        : \"Succeeded\",\r\n              \"frontendIPConfiguration\": {\r\n     \
        \           \"id\": \"/subscriptions/00000000-0000-0000-0000-000000000000/resourceGroups/cli_test_vmss_zones000001/providers/Microsoft.Network/loadBalancers/vmss123LB/frontendIPConfigurations/loadBalancerFrontEnd\"\
        \r\n              },\r\n              \"frontendPort\": 80,\r\n          \
        \    \"backendPort\": 80,\r\n              \"enableFloatingIP\": false,\r\n\
        \              \"idleTimeoutInMinutes\": 5,\r\n              \"protocol\"\
        : \"Tcp\",\r\n              \"enableDestinationServiceEndpoint\": false,\r\
        \n              \"loadDistribution\": \"Default\",\r\n              \"disableOutboundSnat\"\
        : false,\r\n              \"backendAddressPool\": {\r\n                \"\
        id\": \"/subscriptions/00000000-0000-0000-0000-000000000000/resourceGroups/cli_test_vmss_zones000001/providers/Microsoft.Network/loadBalancers/vmss123LB/backendAddressPools/vmss123LBBEPool\"\
        \r\n              }\r\n            }\r\n          }\r\n        ],\r\n    \
        \    \"probes\": [],\r\n        \"inboundNatRules\": [\r\n          {\r\n\
        \            \"name\": \"vmss123LBNatPool.0\",\r\n            \"id\": \"/subscriptions/00000000-0000-0000-0000-000000000000/resourceGroups/cli_test_vmss_zones000001/providers/Microsoft.Network/loadBalancers/vmss123LB/inboundNatRules/vmss123LBNatPool.0\"\
        ,\r\n            \"etag\": \"W/\\\"0c5b2d2f-fb4e-42a6-bd23-9dacaca01475\\\"\
        \",\r\n            \"properties\": {\r\n              \"provisioningState\"\
        : \"Succeeded\",\r\n              \"frontendIPConfiguration\": {\r\n     \
        \           \"id\": \"/subscriptions/00000000-0000-0000-0000-000000000000/resourceGroups/cli_test_vmss_zones000001/providers/Microsoft.Network/loadBalancers/vmss123LB/frontendIPConfigurations/loadBalancerFrontEnd\"\
        \r\n              },\r\n              \"frontendPort\": 50000,\r\n       \
        \       \"backendPort\": 22,\r\n              \"enableFloatingIP\": false,\r\
        \n              \"idleTimeoutInMinutes\": 4,\r\n              \"protocol\"\
        : \"Tcp\",\r\n              \"enableDestinationServiceEndpoint\": false,\r\
        \n              \"backendIPConfiguration\": {\r\n                \"id\": \"\
        /subscriptions/00000000-0000-0000-0000-000000000000/resourceGroups/cli_test_vmss_zones000001/providers/Microsoft.Compute/virtualMachineScaleSets/vmss123/virtualMachines/0/networkInterfaces/vmss1a8c7Nic/ipConfigurations/vmss1a8c7IPConfig\"\
        \r\n              }\r\n            }\r\n          },\r\n          {\r\n  \
        \          \"name\": \"vmss123LBNatPool.1\",\r\n            \"id\": \"/subscriptions/00000000-0000-0000-0000-000000000000/resourceGroups/cli_test_vmss_zones000001/providers/Microsoft.Network/loadBalancers/vmss123LB/inboundNatRules/vmss123LBNatPool.1\"\
        ,\r\n            \"etag\": \"W/\\\"0c5b2d2f-fb4e-42a6-bd23-9dacaca01475\\\"\
        \",\r\n            \"properties\": {\r\n              \"provisioningState\"\
        : \"Succeeded\",\r\n              \"frontendIPConfiguration\": {\r\n     \
        \           \"id\": \"/subscriptions/00000000-0000-0000-0000-000000000000/resourceGroups/cli_test_vmss_zones000001/providers/Microsoft.Network/loadBalancers/vmss123LB/frontendIPConfigurations/loadBalancerFrontEnd\"\
        \r\n              },\r\n              \"frontendPort\": 50001,\r\n       \
        \       \"backendPort\": 22,\r\n              \"enableFloatingIP\": false,\r\
        \n              \"idleTimeoutInMinutes\": 4,\r\n              \"protocol\"\
        : \"Tcp\",\r\n              \"enableDestinationServiceEndpoint\": false,\r\
        \n              \"backendIPConfiguration\": {\r\n                \"id\": \"\
        /subscriptions/00000000-0000-0000-0000-000000000000/resourceGroups/cli_test_vmss_zones000001/providers/Microsoft.Compute/virtualMachineScaleSets/vmss123/virtualMachines/1/networkInterfaces/vmss1a8c7Nic/ipConfigurations/vmss1a8c7IPConfig\"\
        \r\n              }\r\n            }\r\n          },\r\n          {\r\n  \
        \          \"name\": \"vmss123LBNatPool.2\",\r\n            \"id\": \"/subscriptions/00000000-0000-0000-0000-000000000000/resourceGroups/cli_test_vmss_zones000001/providers/Microsoft.Network/loadBalancers/vmss123LB/inboundNatRules/vmss123LBNatPool.2\"\
        ,\r\n            \"etag\": \"W/\\\"0c5b2d2f-fb4e-42a6-bd23-9dacaca01475\\\"\
        \",\r\n            \"properties\": {\r\n              \"provisioningState\"\
        : \"Succeeded\",\r\n              \"frontendIPConfiguration\": {\r\n     \
        \           \"id\": \"/subscriptions/00000000-0000-0000-0000-000000000000/resourceGroups/cli_test_vmss_zones000001/providers/Microsoft.Network/loadBalancers/vmss123LB/frontendIPConfigurations/loadBalancerFrontEnd\"\
        \r\n              },\r\n              \"frontendPort\": 50002,\r\n       \
        \       \"backendPort\": 22,\r\n              \"enableFloatingIP\": false,\r\
        \n              \"idleTimeoutInMinutes\": 4,\r\n              \"protocol\"\
        : \"Tcp\",\r\n              \"enableDestinationServiceEndpoint\": false,\r\
        \n              \"backendIPConfiguration\": {\r\n                \"id\": \"\
        /subscriptions/00000000-0000-0000-0000-000000000000/resourceGroups/cli_test_vmss_zones000001/providers/Microsoft.Compute/virtualMachineScaleSets/vmss123/virtualMachines/2/networkInterfaces/vmss1a8c7Nic/ipConfigurations/vmss1a8c7IPConfig\"\
        \r\n              }\r\n            }\r\n          },\r\n          {\r\n  \
        \          \"name\": \"vmss123LBNatPool.3\",\r\n            \"id\": \"/subscriptions/00000000-0000-0000-0000-000000000000/resourceGroups/cli_test_vmss_zones000001/providers/Microsoft.Network/loadBalancers/vmss123LB/inboundNatRules/vmss123LBNatPool.3\"\
        ,\r\n            \"etag\": \"W/\\\"0c5b2d2f-fb4e-42a6-bd23-9dacaca01475\\\"\
        \",\r\n            \"properties\": {\r\n              \"provisioningState\"\
        : \"Succeeded\",\r\n              \"frontendIPConfiguration\": {\r\n     \
        \           \"id\": \"/subscriptions/00000000-0000-0000-0000-000000000000/resourceGroups/cli_test_vmss_zones000001/providers/Microsoft.Network/loadBalancers/vmss123LB/frontendIPConfigurations/loadBalancerFrontEnd\"\
        \r\n              },\r\n              \"frontendPort\": 50003,\r\n       \
        \       \"backendPort\": 22,\r\n              \"enableFloatingIP\": false,\r\
        \n              \"idleTimeoutInMinutes\": 4,\r\n              \"protocol\"\
        : \"Tcp\",\r\n              \"enableDestinationServiceEndpoint\": false,\r\
        \n              \"backendIPConfiguration\": {\r\n                \"id\": \"\
        /subscriptions/00000000-0000-0000-0000-000000000000/resourceGroups/cli_test_vmss_zones000001/providers/Microsoft.Compute/virtualMachineScaleSets/vmss123/virtualMachines/3/networkInterfaces/vmss1a8c7Nic/ipConfigurations/vmss1a8c7IPConfig\"\
        \r\n              }\r\n            }\r\n          }\r\n        ],\r\n    \
        \    \"outboundNatRules\": [],\r\n        \"inboundNatPools\": [\r\n     \
        \     {\r\n            \"name\": \"vmss123LBNatPool\",\r\n            \"id\"\
        : \"/subscriptions/00000000-0000-0000-0000-000000000000/resourceGroups/cli_test_vmss_zones000001/providers/Microsoft.Network/loadBalancers/vmss123LB/inboundNatPools/vmss123LBNatPool\"\
        ,\r\n            \"etag\": \"W/\\\"0c5b2d2f-fb4e-42a6-bd23-9dacaca01475\\\"\
        \",\r\n            \"properties\": {\r\n              \"provisioningState\"\
        : \"Succeeded\",\r\n              \"frontendPortRangeStart\": 50000,\r\n \
        \             \"frontendPortRangeEnd\": 50119,\r\n              \"backendPort\"\
        : 22,\r\n              \"protocol\": \"Tcp\",\r\n              \"idleTimeoutInMinutes\"\
        : 4,\r\n              \"enableFloatingIP\": false,\r\n              \"enableDestinationServiceEndpoint\"\
        : false,\r\n              \"frontendIPConfiguration\": {\r\n             \
        \   \"id\": \"/subscriptions/00000000-0000-0000-0000-000000000000/resourceGroups/cli_test_vmss_zones000001/providers/Microsoft.Network/loadBalancers/vmss123LB/frontendIPConfigurations/loadBalancerFrontEnd\"\
        \r\n              }\r\n            }\r\n          }\r\n        ]\r\n     \
        \ },\r\n      \"sku\": {\r\n        \"name\": \"Standard\"\r\n      }\r\n\
        \    }\r\n  ]\r\n}"}
    headers:
      cache-control: [no-cache]
      content-length: ['14229']
      content-type: [application/json; charset=utf-8]
      date: ['Thu, 01 Mar 2018 01:13:13 GMT']
      expires: ['-1']
      pragma: [no-cache]
      server: [Microsoft-HTTPAPI/2.0, Microsoft-HTTPAPI/2.0]
      strict-transport-security: [max-age=31536000; includeSubDomains]
      transfer-encoding: [chunked]
      vary: [Accept-Encoding]
      x-content-type-options: [nosniff]
    status: {code: 200, message: OK}
- request:
    body: null
    headers:
      Accept: [application/json]
      Accept-Encoding: ['gzip, deflate']
      CommandName: [network public-ip list]
      Connection: [keep-alive]
      Content-Type: [application/json; charset=utf-8]
      User-Agent: [python/3.5.4 (Windows-10-10.0.16299-SP0) requests/2.18.4 msrest/0.4.26
          msrest_azure/0.4.21 networkmanagementclient/1.7.0 Azure-SDK-For-Python AZURECLI/2.0.29]
      accept-language: [en-US]
    method: GET
    uri: https://management.azure.com/subscriptions/00000000-0000-0000-0000-000000000000/resourceGroups/cli_test_vmss_zones000001/providers/Microsoft.Network/publicIPAddresses?api-version=2017-11-01
  response:
    body: {string: "{\r\n  \"value\": [\r\n    {\r\n      \"name\": \"vmss123LBPublicIP\"\
        ,\r\n      \"id\": \"/subscriptions/00000000-0000-0000-0000-000000000000/resourceGroups/cli_test_vmss_zones000001/providers/Microsoft.Network/publicIPAddresses/vmss123LBPublicIP\"\
        ,\r\n      \"etag\": \"W/\\\"b9a8510d-2ea7-48cd-ad27-f1594f06af9e\\\"\",\r\
        \n      \"location\": \"eastus2\",\r\n      \"tags\": {},\r\n      \"zones\"\
        : [\r\n        \"2\"\r\n      ],\r\n      \"properties\": {\r\n        \"\
        provisioningState\": \"Succeeded\",\r\n        \"resourceGuid\": \"58e94200-a23f-4494-a85a-c348fa83e7bf\"\
        ,\r\n        \"ipAddress\": \"40.67.131.190\",\r\n        \"publicIPAddressVersion\"\
        : \"IPv4\",\r\n        \"publicIPAllocationMethod\": \"Static\",\r\n     \
        \   \"idleTimeoutInMinutes\": 4,\r\n        \"ipTags\": [],\r\n        \"\
        ipConfiguration\": {\r\n          \"id\": \"/subscriptions/00000000-0000-0000-0000-000000000000/resourceGroups/cli_test_vmss_zones000001/providers/Microsoft.Network/loadBalancers/vmss123LB/frontendIPConfigurations/loadBalancerFrontEnd\"\
        \r\n        }\r\n      },\r\n      \"type\": \"Microsoft.Network/publicIPAddresses\"\
        ,\r\n      \"sku\": {\r\n        \"name\": \"Standard\"\r\n      }\r\n   \
        \ }\r\n  ]\r\n}"}
    headers:
      cache-control: [no-cache]
      content-length: ['1184']
      content-type: [application/json; charset=utf-8]
      date: ['Thu, 01 Mar 2018 01:13:14 GMT']
      expires: ['-1']
      pragma: [no-cache]
      server: [Microsoft-HTTPAPI/2.0, Microsoft-HTTPAPI/2.0]
      strict-transport-security: [max-age=31536000; includeSubDomains]
      transfer-encoding: [chunked]
      vary: [Accept-Encoding]
      x-content-type-options: [nosniff]
    status: {code: 200, message: OK}
- request:
    body: null
    headers:
      Accept: [application/json]
      Accept-Encoding: ['gzip, deflate']
      CommandName: [group delete]
      Connection: [keep-alive]
      Content-Length: ['0']
      Content-Type: [application/json; charset=utf-8]
      User-Agent: [python/3.5.4 (Windows-10-10.0.16299-SP0) requests/2.18.4 msrest/0.4.26
          msrest_azure/0.4.21 resourcemanagementclient/1.2.1 Azure-SDK-For-Python
          AZURECLI/2.0.29]
      accept-language: [en-US]
    method: DELETE
    uri: https://management.azure.com/subscriptions/00000000-0000-0000-0000-000000000000/resourcegroups/cli_test_vmss_zones000001?api-version=2017-05-10
  response:
    body: {string: ''}
    headers:
      cache-control: [no-cache]
      content-length: ['0']
      date: ['Thu, 01 Mar 2018 01:13:16 GMT']
      expires: ['-1']
      location: ['https://management.azure.com/subscriptions/00000000-0000-0000-0000-000000000000/operationresults/eyJqb2JJZCI6IlJFU09VUkNFR1JPVVBERUxFVElPTkpPQi1DTEk6NUZURVNUOjVGVk1TUzo1RlpPTkVTTkdVNDZIRDI3RlREREQ2WEVKNlZJUnw4MjUwMjdDRjE1NDk2NkRGLUVBU1RVUzIiLCJqb2JMb2NhdGlvbiI6ImVhc3R1czIifQ?api-version=2017-05-10']
      pragma: [no-cache]
      strict-transport-security: [max-age=31536000; includeSubDomains]
      x-content-type-options: [nosniff]
      x-ms-ratelimit-remaining-subscription-writes: ['1199']
    status: {code: 202, message: Accepted}
version: 1
