interactions:
- request:
    body: '{"location": "westus", "tags": {"use": "az-test"}}'
    headers:
      Accept: [application/json]
      Accept-Encoding: ['gzip, deflate']
      CommandName: [group create]
      Connection: [keep-alive]
      Content-Length: ['50']
      Content-Type: [application/json; charset=utf-8]
      User-Agent: [python/3.6.2 (Darwin-17.2.0-x86_64-i386-64bit) requests/2.18.4
          msrest/0.4.19 msrest_azure/0.4.18 resourcemanagementclient/1.2.1 Azure-SDK-For-Python
          AZURECLI/2.0.23]
      accept-language: [en-US]
    method: PUT
    uri: https://management.azure.com/subscriptions/00000000-0000-0000-0000-000000000000/resourcegroups/cli_test_invoke_action000001?api-version=2017-05-10
  response:
    body: {string: '{"id":"/subscriptions/00000000-0000-0000-0000-000000000000/resourceGroups/cli_test_invoke_action000001","name":"cli_test_invoke_action000001","location":"westus","tags":{"use":"az-test"},"properties":{"provisioningState":"Succeeded"}}'}
    headers:
      cache-control: [no-cache]
      content-length: ['328']
      content-type: [application/json; charset=utf-8]
      date: ['Tue, 12 Dec 2017 22:00:26 GMT']
      expires: ['-1']
      pragma: [no-cache]
      strict-transport-security: [max-age=31536000; includeSubDomains]
      x-ms-ratelimit-remaining-subscription-writes: ['1197']
    status: {code: 201, message: Created}
- request:
    body: null
    headers:
      Accept: [application/json]
      Accept-Encoding: ['gzip, deflate']
      CommandName: [vm create]
      Connection: [keep-alive]
      Content-Type: [application/json; charset=utf-8]
      User-Agent: [python/3.6.2 (Darwin-17.2.0-x86_64-i386-64bit) requests/2.18.4
          msrest/0.4.19 msrest_azure/0.4.18 resourcemanagementclient/1.2.1 Azure-SDK-For-Python
          AZURECLI/2.0.23]
      accept-language: [en-US]
    method: GET
    uri: https://management.azure.com/subscriptions/00000000-0000-0000-0000-000000000000/resourcegroups/cli_test_invoke_action000001?api-version=2017-05-10
  response:
    body: {string: '{"id":"/subscriptions/00000000-0000-0000-0000-000000000000/resourceGroups/cli_test_invoke_action000001","name":"cli_test_invoke_action000001","location":"westus","tags":{"use":"az-test"},"properties":{"provisioningState":"Succeeded"}}'}
    headers:
      cache-control: [no-cache]
      content-length: ['328']
      content-type: [application/json; charset=utf-8]
      date: ['Tue, 12 Dec 2017 22:00:26 GMT']
      expires: ['-1']
      pragma: [no-cache]
      strict-transport-security: [max-age=31536000; includeSubDomains]
      vary: [Accept-Encoding]
    status: {code: 200, message: OK}
- request:
    body: null
    headers:
      Connection: [close]
      Host: [raw.githubusercontent.com]
      User-Agent: [Python-urllib/3.6]
    method: GET
    uri: https://raw.githubusercontent.com/Azure/azure-rest-api-specs/master/arm-compute/quickstart-templates/aliases.json
  response:
    body: {string: "{\n  \"$schema\":\"http://schema.management.azure.com/schemas/2015-01-01/deploymentTemplate.json\",\n
        \ \"contentVersion\":\"1.0.0.0\",\n  \"parameters\":{},\n  \"variables\":{},\n
        \ \"resources\":[],\n\n  \"outputs\":{\n    \"aliases\":{\n      \"type\":\"object\",\n
        \     \"value\":{\n\n        \"Linux\":{\n          \"CentOS\":{\n            \"publisher\":\"OpenLogic\",\n
        \           \"offer\":\"CentOS\",\n            \"sku\":\"7.3\",\n            \"version\":\"latest\"\n
        \         },\n          \"CoreOS\":{\n            \"publisher\":\"CoreOS\",\n
        \           \"offer\":\"CoreOS\",\n            \"sku\":\"Stable\",\n            \"version\":\"latest\"\n
        \         },\n          \"Debian\":{\n            \"publisher\":\"credativ\",\n
        \           \"offer\":\"Debian\",\n            \"sku\":\"8\",\n            \"version\":\"latest\"\n
        \         },\n          \"openSUSE-Leap\": {\n            \"publisher\":\"SUSE\",\n
        \           \"offer\":\"openSUSE-Leap\",\n            \"sku\":\"42.2\",\n
        \           \"version\": \"latest\"\n          },\n          \"RHEL\":{\n
        \           \"publisher\":\"RedHat\",\n            \"offer\":\"RHEL\",\n            \"sku\":\"7.3\",\n
        \           \"version\":\"latest\"\n          },\n          \"SLES\":{\n            \"publisher\":\"SUSE\",\n
        \           \"offer\":\"SLES\",\n            \"sku\":\"12-SP2\",\n            \"version\":\"latest\"\n
        \         },\n          \"UbuntuLTS\":{\n            \"publisher\":\"Canonical\",\n
        \           \"offer\":\"UbuntuServer\",\n            \"sku\":\"16.04-LTS\",\n
        \           \"version\":\"latest\"\n          }\n        },\n\n        \"Windows\":{\n
        \         \"Win2016Datacenter\":{\n            \"publisher\":\"MicrosoftWindowsServer\",\n
        \           \"offer\":\"WindowsServer\",\n            \"sku\":\"2016-Datacenter\",\n
        \           \"version\":\"latest\"\n          },\n          \"Win2012R2Datacenter\":{\n
        \           \"publisher\":\"MicrosoftWindowsServer\",\n            \"offer\":\"WindowsServer\",\n
        \           \"sku\":\"2012-R2-Datacenter\",\n            \"version\":\"latest\"\n
        \         },\n          \"Win2012Datacenter\":{\n            \"publisher\":\"MicrosoftWindowsServer\",\n
        \           \"offer\":\"WindowsServer\",\n            \"sku\":\"2012-Datacenter\",\n
        \           \"version\":\"latest\"\n          },\n          \"Win2008R2SP1\":{\n
        \           \"publisher\":\"MicrosoftWindowsServer\",\n            \"offer\":\"WindowsServer\",\n
        \           \"sku\":\"2008-R2-SP1\",\n            \"version\":\"latest\"\n
        \         }\n        }\n      }\n    }\n  }\n}\n"}
    headers:
      accept-ranges: [bytes]
      access-control-allow-origin: ['*']
      cache-control: [max-age=300]
      connection: [close]
      content-length: ['2235']
      content-security-policy: [default-src 'none'; style-src 'unsafe-inline'; sandbox]
      content-type: [text/plain; charset=utf-8]
      date: ['Tue, 12 Dec 2017 22:00:27 GMT']
      etag: ['"d6824855d13e27c5258a680eb60f635d088fd05e"']
      expires: ['Tue, 12 Dec 2017 22:05:27 GMT']
      source-age: ['87']
      strict-transport-security: [max-age=31536000]
      vary: ['Authorization,Accept-Encoding']
      via: [1.1 varnish]
      x-cache: [HIT]
      x-cache-hits: ['1']
      x-content-type-options: [nosniff]
      x-fastly-request-id: [30ae67575d05ff0b43c44b46031dab4f559302bf]
      x-frame-options: [deny]
      x-geo-block-list: ['']
      x-github-request-id: ['5C7C:2BF91:4D2750:52142F:5A305122']
      x-served-by: [cache-sea1051-SEA]
      x-timer: ['S1513116027.348864,VS0,VE1']
      x-xss-protection: [1; mode=block]
    status: {code: 200, message: OK}
- request:
    body: null
    headers:
      Accept: [application/json]
      Accept-Encoding: ['gzip, deflate']
      CommandName: [vm create]
      Connection: [keep-alive]
      Content-Type: [application/json; charset=utf-8]
      User-Agent: [python/3.6.2 (Darwin-17.2.0-x86_64-i386-64bit) requests/2.18.4
          msrest/0.4.19 msrest_azure/0.4.18 azure-mgmt-storage/1.5.0 Azure-SDK-For-Python
          AZURECLI/2.0.23]
      accept-language: [en-US]
    method: GET
    uri: https://management.azure.com/subscriptions/00000000-0000-0000-0000-000000000000/resourceGroups/cli_test_invoke_action000001/providers/Microsoft.Storage/storageAccounts?api-version=2017-10-01
  response:
    body: {string: '{"value":[]}'}
    headers:
      cache-control: [no-cache]
      content-length: ['12']
      content-type: [application/json; charset=utf-8]
      date: ['Tue, 12 Dec 2017 22:00:26 GMT']
      expires: ['-1']
      pragma: [no-cache]
      strict-transport-security: [max-age=31536000; includeSubDomains]
      vary: [Accept-Encoding]
    status: {code: 200, message: OK}
- request:
    body: null
    headers:
      Accept: [application/json]
      Accept-Encoding: ['gzip, deflate']
      CommandName: [vm create]
      Connection: [keep-alive]
      Content-Type: [application/json; charset=utf-8]
      User-Agent: [python/3.6.2 (Darwin-17.2.0-x86_64-i386-64bit) requests/2.18.4
          msrest/0.4.19 msrest_azure/0.4.18 networkmanagementclient/1.6.0 Azure-SDK-For-Python
          AZURECLI/2.0.23]
      accept-language: [en-US]
    method: GET
    uri: https://management.azure.com/subscriptions/00000000-0000-0000-0000-000000000000/resourceGroups/cli_test_invoke_action000001/providers/Microsoft.Network/virtualNetworks?api-version=2017-10-01
  response:
    body: {string: '{"value":[]}'}
    headers:
      cache-control: [no-cache]
      content-length: ['12']
      content-type: [application/json; charset=utf-8]
      date: ['Tue, 12 Dec 2017 22:00:38 GMT']
      expires: ['-1']
      pragma: [no-cache]
      strict-transport-security: [max-age=31536000; includeSubDomains]
      vary: [Accept-Encoding]
    status: {code: 200, message: OK}
- request:
    body: 'b''b\''b\\\''{"properties": {"template": {"$schema": "https://schema.management.azure.com/schemas/2015-01-01/deploymentTemplate.json#",
      "contentVersion": "1.0.0.0", "parameters": {}, "variables": {}, "resources":
      [{"type": "Microsoft.Storage/storageAccounts", "name": "vhdstoragec00cccf1b99151",
      "apiVersion": "2015-06-15", "location": "westus", "tags": {}, "dependsOn": [],
      "properties": {"accountType": "Premium_LRS"}}, {"name": "cli-test-vm000002VNET",
      "type": "Microsoft.Network/virtualNetworks", "location": "westus", "apiVersion":
      "2015-06-15", "dependsOn": [], "tags": {}, "properties": {"addressSpace": {"addressPrefixes":
      ["10.0.0.0/16"]}, "subnets": [{"name": "cli-test-vm000002Subnet", "properties":
      {"addressPrefix": "10.0.0.0/24"}}]}}, {"type": "Microsoft.Network/networkSecurityGroups",
      "name": "cli-test-vm000002NSG", "apiVersion": "2015-06-15", "location": "westus",
      "tags": {}, "dependsOn": [], "properties": {"securityRules": [{"name": "default-allow-ssh",
      "properties": {"protocol": "Tcp", "sourcePortRange": "*", "destinationPortRange":
      "22", "sourceAddressPrefix": "*", "destinationAddressPrefix": "*", "access":
      "Allow", "priority": 1000, "direction": "Inbound"}}]}}, {"apiVersion": "2017-10-01",
      "type": "Microsoft.Network/publicIPAddresses", "name": "cli-test-vm000002PublicIP",
      "location": "westus", "tags": {}, "dependsOn": [], "properties": {"publicIPAllocationMethod":
      "dynamic"}}, {"apiVersion": "2015-06-15", "type": "Microsoft.Network/networkInterfaces",
      "name": "cli-test-vm000002VMNic", "location": "westus", "tags": {}, "dependsOn":
      ["Microsoft.Network/virtualNetworks/cli-test-vm000002VNET", "Microsoft.Network/networkSecurityGroups/cli-test-vm000002NSG",
      "Microsoft.Network/publicIpAddresses/cli-test-vm000002PublicIP"], "properties":
      {"ipConfigurations": [{"name": "ipconfigcli-test-vm000002", "properties": {"privateIPAllocationMethod":
      "Dynamic", "subnet": {"id": "/subscriptions/00000000-0000-0000-0000-000000000000/resourceGroups/cli_test_invoke_action000001/providers/Microsoft.Network/virtualNetworks/cli-test-vm000002VNET/subnets/cli-test-vm000002Subnet"},
      "publicIPAddress": {"id": "/subscriptions/00000000-0000-0000-0000-000000000000/resourceGroups/cli_test_invoke_action000001/providers/Microsoft.Network/publicIPAddresses/cli-test-vm000002PublicIP"}}}],
      "networkSecurityGroup": {"id": "/subscriptions/00000000-0000-0000-0000-000000000000/resourceGroups/cli_test_invoke_action000001/providers/Microsoft.Network/networkSecurityGroups/cli-test-vm000002NSG"}}},
      {"apiVersion": "2017-03-30", "type": "Microsoft.Compute/virtualMachines", "name":
      "cli-test-vm000002", "location": "westus", "tags": {}, "dependsOn": ["Microsoft.Storage/storageAccounts/vhdstoragec00cccf1b99151",
      "Microsoft.Network/networkInterfaces/cli-test-vm000002VMNic"], "properties":
      {"hardwareProfile": {"vmSize": "Standard_DS1_v2"}, "networkProfile": {"networkInterfaces":
      [{"id": "/subscriptions/00000000-0000-0000-0000-000000000000/resourceGroups/cli_test_invoke_action000001/providers/Microsoft.Network/networkInterfaces/cli-test-vm000002VMNic"}]},
      "storageProfile": {"osDisk": {"createOption": "fromImage", "name": "osdisk_c00cccf1b9",
      "caching": null, "vhd": {"uri": "https://vhdstoragec00cccf1b99151.blob.core.windows.net/vhds/osdisk_c00cccf1b9.vhd"}},
      "imageReference": {"publisher": "Canonical", "offer": "UbuntuServer", "sku":
      "16.04-LTS", "version": "latest"}}, "osProfile": {"computerName": "cli-test-vm000002",
      "adminUsername": "ubuntu", "adminPassword": "Longpassword#1000003"}}}], "outputs":
      {}}, "parameters": {}, "mode": "Incremental"}}\\\''\'''''
    headers:
      Accept: [application/json]
      Accept-Encoding: ['gzip, deflate']
      CommandName: [vm create]
      Connection: [keep-alive]
      Content-Length: ['3972']
      Content-Type: [application/json; charset=utf-8]
      User-Agent: [python/3.6.2 (Darwin-17.2.0-x86_64-i386-64bit) requests/2.18.4
          msrest/0.4.19 msrest_azure/0.4.18 resourcemanagementclient/1.2.1 Azure-SDK-For-Python
          AZURECLI/2.0.23]
      accept-language: [en-US]
    method: PUT
    uri: https://management.azure.com/subscriptions/00000000-0000-0000-0000-000000000000/resourcegroups/cli_test_invoke_action000001/providers/Microsoft.Resources/deployments/mock-deployment?api-version=2017-05-10
  response:
    body: {string: '{"id":"/subscriptions/00000000-0000-0000-0000-000000000000/resourceGroups/cli_test_invoke_action000001/providers/Microsoft.Resources/deployments/vm_deploy_d5EGb3xjHoLKqspOVX7JPczS7jencoeu","name":"vm_deploy_d5EGb3xjHoLKqspOVX7JPczS7jencoeu","properties":{"templateHash":"11771846212277374937","parameters":{},"mode":"Incremental","provisioningState":"Accepted","timestamp":"2017-12-12T22:00:41.2581162Z","duration":"PT0.9509636S","correlationId":"54f783b9-2fd0-4401-8b45-25cebf03d633","providers":[{"namespace":"Microsoft.Storage","resourceTypes":[{"resourceType":"storageAccounts","locations":["westus"]}]},{"namespace":"Microsoft.Network","resourceTypes":[{"resourceType":"virtualNetworks","locations":["westus"]},{"resourceType":"networkSecurityGroups","locations":["westus"]},{"resourceType":"publicIPAddresses","locations":["westus"]},{"resourceType":"networkInterfaces","locations":["westus"]}]},{"namespace":"Microsoft.Compute","resourceTypes":[{"resourceType":"virtualMachines","locations":["westus"]}]}],"dependencies":[{"dependsOn":[{"id":"/subscriptions/00000000-0000-0000-0000-000000000000/resourceGroups/cli_test_invoke_action000001/providers/Microsoft.Network/virtualNetworks/cli-test-vm000002VNET","resourceType":"Microsoft.Network/virtualNetworks","resourceName":"cli-test-vm000002VNET"},{"id":"/subscriptions/00000000-0000-0000-0000-000000000000/resourceGroups/cli_test_invoke_action000001/providers/Microsoft.Network/networkSecurityGroups/cli-test-vm000002NSG","resourceType":"Microsoft.Network/networkSecurityGroups","resourceName":"cli-test-vm000002NSG"},{"id":"/subscriptions/00000000-0000-0000-0000-000000000000/resourceGroups/cli_test_invoke_action000001/providers/Microsoft.Network/publicIPAddresses/cli-test-vm000002PublicIP","resourceType":"Microsoft.Network/publicIPAddresses","resourceName":"cli-test-vm000002PublicIP"}],"id":"/subscriptions/00000000-0000-0000-0000-000000000000/resourceGroups/cli_test_invoke_action000001/providers/Microsoft.Network/networkInterfaces/cli-test-vm000002VMNic","resourceType":"Microsoft.Network/networkInterfaces","resourceName":"cli-test-vm000002VMNic"},{"dependsOn":[{"id":"/subscriptions/00000000-0000-0000-0000-000000000000/resourceGroups/cli_test_invoke_action000001/providers/Microsoft.Storage/storageAccounts/vhdstoragec00cccf1b99151","resourceType":"Microsoft.Storage/storageAccounts","resourceName":"vhdstoragec00cccf1b99151"},{"id":"/subscriptions/00000000-0000-0000-0000-000000000000/resourceGroups/cli_test_invoke_action000001/providers/Microsoft.Network/networkInterfaces/cli-test-vm000002VMNic","resourceType":"Microsoft.Network/networkInterfaces","resourceName":"cli-test-vm000002VMNic"}],"id":"/subscriptions/00000000-0000-0000-0000-000000000000/resourceGroups/cli_test_invoke_action000001/providers/Microsoft.Compute/virtualMachines/cli-test-vm000002","resourceType":"Microsoft.Compute/virtualMachines","resourceName":"cli-test-vm000002"}]}}'}
    headers:
      azure-asyncoperation: ['https://management.azure.com/subscriptions/00000000-0000-0000-0000-000000000000/resourcegroups/cli_test_invoke_action000001/providers/Microsoft.Resources/deployments/vm_deploy_d5EGb3xjHoLKqspOVX7JPczS7jencoeu/operationStatuses/08586884908451704832?api-version=2017-05-10']
      cache-control: [no-cache]
      content-length: ['3450']
      content-type: [application/json; charset=utf-8]
      date: ['Tue, 12 Dec 2017 22:00:41 GMT']
      expires: ['-1']
      pragma: [no-cache]
      strict-transport-security: [max-age=31536000; includeSubDomains]
      x-ms-ratelimit-remaining-subscription-writes: ['1199']
    status: {code: 201, message: Created}
- request:
    body: null
    headers:
      Accept: [application/json]
      Accept-Encoding: ['gzip, deflate']
      CommandName: [vm create]
      Connection: [keep-alive]
      Content-Type: [application/json; charset=utf-8]
      User-Agent: [python/3.6.2 (Darwin-17.2.0-x86_64-i386-64bit) requests/2.18.4
          msrest/0.4.19 msrest_azure/0.4.18 resourcemanagementclient/1.2.1 Azure-SDK-For-Python
          AZURECLI/2.0.23]
      accept-language: [en-US]
    method: GET
    uri: https://management.azure.com/subscriptions/00000000-0000-0000-0000-000000000000/resourcegroups/cli_test_invoke_action000001/providers/Microsoft.Resources/deployments/mock-deployment/operationStatuses/08586884908451704832?api-version=2017-05-10
  response:
    body: {string: '{"status":"Running"}'}
    headers:
      cache-control: [no-cache]
      content-length: ['20']
      content-type: [application/json; charset=utf-8]
      date: ['Tue, 12 Dec 2017 22:01:22 GMT']
      expires: ['-1']
      pragma: [no-cache]
      strict-transport-security: [max-age=31536000; includeSubDomains]
      vary: [Accept-Encoding]
    status: {code: 200, message: OK}
- request:
    body: null
    headers:
      Accept: [application/json]
      Accept-Encoding: ['gzip, deflate']
      CommandName: [vm create]
      Connection: [keep-alive]
      Content-Type: [application/json; charset=utf-8]
      User-Agent: [python/3.6.2 (Darwin-17.2.0-x86_64-i386-64bit) requests/2.18.4
          msrest/0.4.19 msrest_azure/0.4.18 resourcemanagementclient/1.2.1 Azure-SDK-For-Python
          AZURECLI/2.0.23]
      accept-language: [en-US]
    method: GET
    uri: https://management.azure.com/subscriptions/00000000-0000-0000-0000-000000000000/resourcegroups/cli_test_invoke_action000001/providers/Microsoft.Resources/deployments/mock-deployment/operationStatuses/08586884908451704832?api-version=2017-05-10
  response:
    body: {string: '{"status":"Running"}'}
    headers:
      cache-control: [no-cache]
      content-length: ['20']
      content-type: [application/json; charset=utf-8]
      date: ['Tue, 12 Dec 2017 22:01:57 GMT']
      expires: ['-1']
      pragma: [no-cache]
      strict-transport-security: [max-age=31536000; includeSubDomains]
      vary: [Accept-Encoding]
    status: {code: 200, message: OK}
- request:
    body: null
    headers:
      Accept: [application/json]
      Accept-Encoding: ['gzip, deflate']
      CommandName: [vm create]
      Connection: [keep-alive]
      Content-Type: [application/json; charset=utf-8]
      User-Agent: [python/3.6.2 (Darwin-17.2.0-x86_64-i386-64bit) requests/2.18.4
          msrest/0.4.19 msrest_azure/0.4.18 resourcemanagementclient/1.2.1 Azure-SDK-For-Python
          AZURECLI/2.0.23]
      accept-language: [en-US]
    method: GET
    uri: https://management.azure.com/subscriptions/00000000-0000-0000-0000-000000000000/resourcegroups/cli_test_invoke_action000001/providers/Microsoft.Resources/deployments/mock-deployment/operationStatuses/08586884908451704832?api-version=2017-05-10
  response:
    body: {string: '{"status":"Running"}'}
    headers:
      cache-control: [no-cache]
      content-length: ['20']
      content-type: [application/json; charset=utf-8]
      date: ['Tue, 12 Dec 2017 22:02:33 GMT']
      expires: ['-1']
      pragma: [no-cache]
      strict-transport-security: [max-age=31536000; includeSubDomains]
      vary: [Accept-Encoding]
    status: {code: 200, message: OK}
- request:
    body: null
    headers:
      Accept: [application/json]
      Accept-Encoding: ['gzip, deflate']
      CommandName: [vm create]
      Connection: [keep-alive]
      Content-Type: [application/json; charset=utf-8]
      User-Agent: [python/3.6.2 (Darwin-17.2.0-x86_64-i386-64bit) requests/2.18.4
          msrest/0.4.19 msrest_azure/0.4.18 resourcemanagementclient/1.2.1 Azure-SDK-For-Python
          AZURECLI/2.0.23]
      accept-language: [en-US]
    method: GET
    uri: https://management.azure.com/subscriptions/00000000-0000-0000-0000-000000000000/resourcegroups/cli_test_invoke_action000001/providers/Microsoft.Resources/deployments/mock-deployment/operationStatuses/08586884908451704832?api-version=2017-05-10
  response:
    body: {string: '{"status":"Succeeded"}'}
    headers:
      cache-control: [no-cache]
      content-length: ['22']
      content-type: [application/json; charset=utf-8]
      date: ['Tue, 12 Dec 2017 22:03:14 GMT']
      expires: ['-1']
      pragma: [no-cache]
      strict-transport-security: [max-age=31536000; includeSubDomains]
      vary: [Accept-Encoding]
    status: {code: 200, message: OK}
- request:
    body: null
    headers:
      Accept: [application/json]
      Accept-Encoding: ['gzip, deflate']
      CommandName: [vm create]
      Connection: [keep-alive]
      Content-Type: [application/json; charset=utf-8]
      User-Agent: [python/3.6.2 (Darwin-17.2.0-x86_64-i386-64bit) requests/2.18.4
          msrest/0.4.19 msrest_azure/0.4.18 resourcemanagementclient/1.2.1 Azure-SDK-For-Python
          AZURECLI/2.0.23]
      accept-language: [en-US]
    method: GET
    uri: https://management.azure.com/subscriptions/00000000-0000-0000-0000-000000000000/resourcegroups/cli_test_invoke_action000001/providers/Microsoft.Resources/deployments/mock-deployment?api-version=2017-05-10
  response:
    body: {string: '{"id":"/subscriptions/00000000-0000-0000-0000-000000000000/resourceGroups/cli_test_invoke_action000001/providers/Microsoft.Resources/deployments/vm_deploy_d5EGb3xjHoLKqspOVX7JPczS7jencoeu","name":"vm_deploy_d5EGb3xjHoLKqspOVX7JPczS7jencoeu","properties":{"templateHash":"11771846212277374937","parameters":{},"mode":"Incremental","provisioningState":"Succeeded","timestamp":"2017-12-12T22:02:45.3462769Z","duration":"PT2M5.0391243S","correlationId":"54f783b9-2fd0-4401-8b45-25cebf03d633","providers":[{"namespace":"Microsoft.Storage","resourceTypes":[{"resourceType":"storageAccounts","locations":["westus"]}]},{"namespace":"Microsoft.Network","resourceTypes":[{"resourceType":"virtualNetworks","locations":["westus"]},{"resourceType":"networkSecurityGroups","locations":["westus"]},{"resourceType":"publicIPAddresses","locations":["westus"]},{"resourceType":"networkInterfaces","locations":["westus"]}]},{"namespace":"Microsoft.Compute","resourceTypes":[{"resourceType":"virtualMachines","locations":["westus"]}]}],"dependencies":[{"dependsOn":[{"id":"/subscriptions/00000000-0000-0000-0000-000000000000/resourceGroups/cli_test_invoke_action000001/providers/Microsoft.Network/virtualNetworks/cli-test-vm000002VNET","resourceType":"Microsoft.Network/virtualNetworks","resourceName":"cli-test-vm000002VNET"},{"id":"/subscriptions/00000000-0000-0000-0000-000000000000/resourceGroups/cli_test_invoke_action000001/providers/Microsoft.Network/networkSecurityGroups/cli-test-vm000002NSG","resourceType":"Microsoft.Network/networkSecurityGroups","resourceName":"cli-test-vm000002NSG"},{"id":"/subscriptions/00000000-0000-0000-0000-000000000000/resourceGroups/cli_test_invoke_action000001/providers/Microsoft.Network/publicIPAddresses/cli-test-vm000002PublicIP","resourceType":"Microsoft.Network/publicIPAddresses","resourceName":"cli-test-vm000002PublicIP"}],"id":"/subscriptions/00000000-0000-0000-0000-000000000000/resourceGroups/cli_test_invoke_action000001/providers/Microsoft.Network/networkInterfaces/cli-test-vm000002VMNic","resourceType":"Microsoft.Network/networkInterfaces","resourceName":"cli-test-vm000002VMNic"},{"dependsOn":[{"id":"/subscriptions/00000000-0000-0000-0000-000000000000/resourceGroups/cli_test_invoke_action000001/providers/Microsoft.Storage/storageAccounts/vhdstoragec00cccf1b99151","resourceType":"Microsoft.Storage/storageAccounts","resourceName":"vhdstoragec00cccf1b99151"},{"id":"/subscriptions/00000000-0000-0000-0000-000000000000/resourceGroups/cli_test_invoke_action000001/providers/Microsoft.Network/networkInterfaces/cli-test-vm000002VMNic","resourceType":"Microsoft.Network/networkInterfaces","resourceName":"cli-test-vm000002VMNic"}],"id":"/subscriptions/00000000-0000-0000-0000-000000000000/resourceGroups/cli_test_invoke_action000001/providers/Microsoft.Compute/virtualMachines/cli-test-vm000002","resourceType":"Microsoft.Compute/virtualMachines","resourceName":"cli-test-vm000002"}],"outputs":{},"outputResources":[{"id":"/subscriptions/00000000-0000-0000-0000-000000000000/resourceGroups/cli_test_invoke_action000001/providers/Microsoft.Compute/virtualMachines/cli-test-vm000002"},{"id":"/subscriptions/00000000-0000-0000-0000-000000000000/resourceGroups/cli_test_invoke_action000001/providers/Microsoft.Network/networkInterfaces/cli-test-vm000002VMNic"},{"id":"/subscriptions/00000000-0000-0000-0000-000000000000/resourceGroups/cli_test_invoke_action000001/providers/Microsoft.Network/networkSecurityGroups/cli-test-vm000002NSG"},{"id":"/subscriptions/00000000-0000-0000-0000-000000000000/resourceGroups/cli_test_invoke_action000001/providers/Microsoft.Network/publicIPAddresses/cli-test-vm000002PublicIP"},{"id":"/subscriptions/00000000-0000-0000-0000-000000000000/resourceGroups/cli_test_invoke_action000001/providers/Microsoft.Network/virtualNetworks/cli-test-vm000002VNET"},{"id":"/subscriptions/00000000-0000-0000-0000-000000000000/resourceGroups/cli_test_invoke_action000001/providers/Microsoft.Storage/storageAccounts/vhdstoragec00cccf1b99151"}]}}'}
    headers:
      cache-control: [no-cache]
      content-length: ['4872']
      content-type: [application/json; charset=utf-8]
      date: ['Tue, 12 Dec 2017 22:03:15 GMT']
      expires: ['-1']
      pragma: [no-cache]
      strict-transport-security: [max-age=31536000; includeSubDomains]
      vary: [Accept-Encoding]
    status: {code: 200, message: OK}
- request:
    body: null
    headers:
      Accept: [application/json]
      Accept-Encoding: ['gzip, deflate']
      CommandName: [vm create]
      Connection: [keep-alive]
      Content-Type: [application/json; charset=utf-8]
      User-Agent: [python/3.6.2 (Darwin-17.2.0-x86_64-i386-64bit) requests/2.18.4
          msrest/0.4.19 msrest_azure/0.4.18 computemanagementclient/3.1.0rc1 Azure-SDK-For-Python
          AZURECLI/2.0.23]
      accept-language: [en-US]
    method: GET
    uri: https://management.azure.com/subscriptions/00000000-0000-0000-0000-000000000000/resourceGroups/cli_test_invoke_action000001/providers/Microsoft.Compute/virtualMachines/cli-test-vm000002?$expand=instanceView&api-version=2017-03-30
  response:
    body: {string: "{\r\n  \"properties\": {\r\n    \"vmId\": \"5847d40e-9ddf-4456-9d08-4bd508e71e06\",\r\n
        \   \"hardwareProfile\": {\r\n      \"vmSize\": \"Standard_DS1_v2\"\r\n    },\r\n
        \   \"storageProfile\": {\r\n      \"imageReference\": {\r\n        \"publisher\":
        \"Canonical\",\r\n        \"offer\": \"UbuntuServer\",\r\n        \"sku\":
        \"16.04-LTS\",\r\n        \"version\": \"latest\"\r\n      },\r\n      \"osDisk\":
        {\r\n        \"osType\": \"Linux\",\r\n        \"name\": \"osdisk_c00cccf1b9\",\r\n
        \       \"createOption\": \"FromImage\",\r\n        \"vhd\": {\r\n          \"uri\":
        \"https://vhdstoragec00cccf1b99151.blob.core.windows.net/vhds/osdisk_c00cccf1b9.vhd\"\r\n
        \       },\r\n        \"caching\": \"ReadWrite\",\r\n        \"diskSizeGB\":
        30\r\n      },\r\n      \"dataDisks\": []\r\n    },\r\n    \"osProfile\":
        {\r\n      \"computerName\": \"cli-test-vm000002\",\r\n      \"adminUsername\":
        \"ubuntu\",\r\n      \"linuxConfiguration\": {\r\n        \"disablePasswordAuthentication\":
        false\r\n      },\r\n      \"secrets\": []\r\n    },\r\n    \"networkProfile\":
        {\"networkInterfaces\":[{\"id\":\"/subscriptions/00000000-0000-0000-0000-000000000000/resourceGroups/cli_test_invoke_action000001/providers/Microsoft.Network/networkInterfaces/cli-test-vm000002VMNic\"}]},\r\n
        \   \"provisioningState\": \"Succeeded\",\r\n    \"instanceView\": {\r\n      \"vmAgent\":
        {\r\n        \"vmAgentVersion\": \"2.2.19\",\r\n        \"statuses\": [\r\n
        \         {\r\n            \"code\": \"ProvisioningState/succeeded\",\r\n
        \           \"level\": \"Info\",\r\n            \"displayStatus\": \"Ready\",\r\n
        \           \"message\": \"Guest Agent is running\",\r\n            \"time\":
        \"2017-12-12T22:03:19+00:00\"\r\n          }\r\n        ],\r\n        \"extensionHandlers\":
        []\r\n      },\r\n      \"disks\": [\r\n        {\r\n          \"name\": \"osdisk_c00cccf1b9\",\r\n
        \         \"statuses\": [\r\n            {\r\n              \"code\": \"ProvisioningState/succeeded\",\r\n
        \             \"level\": \"Info\",\r\n              \"displayStatus\": \"Provisioning
        succeeded\",\r\n              \"time\": \"2017-12-12T22:01:04.3408825+00:00\"\r\n
        \           }\r\n          ]\r\n        }\r\n      ],\r\n      \"statuses\":
        [\r\n        {\r\n          \"code\": \"ProvisioningState/succeeded\",\r\n
        \         \"level\": \"Info\",\r\n          \"displayStatus\": \"Provisioning
        succeeded\",\r\n          \"time\": \"2017-12-12T22:02:40.2038946+00:00\"\r\n
        \       },\r\n        {\r\n          \"code\": \"PowerState/running\",\r\n
        \         \"level\": \"Info\",\r\n          \"displayStatus\": \"VM running\"\r\n
        \       }\r\n      ]\r\n    }\r\n  },\r\n  \"type\": \"Microsoft.Compute/virtualMachines\",\r\n
        \ \"location\": \"westus\",\r\n  \"tags\": {},\r\n  \"id\": \"/subscriptions/00000000-0000-0000-0000-000000000000/resourceGroups/cli_test_invoke_action000001/providers/Microsoft.Compute/virtualMachines/cli-test-vm000002\",\r\n
        \ \"name\": \"cli-test-vm000002\"\r\n}"}
    headers:
      cache-control: [no-cache]
      content-length: ['2751']
      content-type: [application/json; charset=utf-8]
      date: ['Tue, 12 Dec 2017 22:03:20 GMT']
      expires: ['-1']
      pragma: [no-cache]
      server: [Microsoft-HTTPAPI/2.0, Microsoft-HTTPAPI/2.0]
      strict-transport-security: [max-age=31536000; includeSubDomains]
      transfer-encoding: [chunked]
      vary: [Accept-Encoding]
      x-ms-ratelimit-remaining-resource: ['Microsoft.Compute/LowCostGet3Min;4987,Microsoft.Compute/LowCostGet30Min;39957']
    status: {code: 200, message: OK}
- request:
    body: null
    headers:
      Accept: [application/json]
      Accept-Encoding: ['gzip, deflate']
      CommandName: [vm create]
      Connection: [keep-alive]
      Content-Type: [application/json; charset=utf-8]
      User-Agent: [python/3.6.2 (Darwin-17.2.0-x86_64-i386-64bit) requests/2.18.4
          msrest/0.4.19 msrest_azure/0.4.18 networkmanagementclient/1.6.0 Azure-SDK-For-Python
          AZURECLI/2.0.23]
      accept-language: [en-US]
    method: GET
    uri: https://management.azure.com/subscriptions/00000000-0000-0000-0000-000000000000/resourceGroups/cli_test_invoke_action000001/providers/Microsoft.Network/networkInterfaces/cli-test-vm000002VMNic?api-version=2017-10-01
  response:
    body: {string: "{\r\n  \"name\": \"cli-test-vm000002VMNic\",\r\n  \"id\": \"/subscriptions/00000000-0000-0000-0000-000000000000/resourceGroups/cli_test_invoke_action000001/providers/Microsoft.Network/networkInterfaces/cli-test-vm000002VMNic\",\r\n
        \ \"etag\": \"W/\\\"b38990eb-655a-4548-bec5-297cf12b06bb\\\"\",\r\n  \"location\":
        \"westus\",\r\n  \"tags\": {},\r\n  \"properties\": {\r\n    \"provisioningState\":
        \"Succeeded\",\r\n    \"resourceGuid\": \"65e17932-8824-47c6-8506-2759be152259\",\r\n
        \   \"ipConfigurations\": [\r\n      {\r\n        \"name\": \"ipconfigcli-test-vm000002\",\r\n
        \       \"id\": \"/subscriptions/00000000-0000-0000-0000-000000000000/resourceGroups/cli_test_invoke_action000001/providers/Microsoft.Network/networkInterfaces/cli-test-vm000002VMNic/ipConfigurations/ipconfigcli-test-vm000002\",\r\n
        \       \"etag\": \"W/\\\"b38990eb-655a-4548-bec5-297cf12b06bb\\\"\",\r\n
        \       \"properties\": {\r\n          \"provisioningState\": \"Succeeded\",\r\n
        \         \"privateIPAddress\": \"10.0.0.4\",\r\n          \"privateIPAllocationMethod\":
        \"Dynamic\",\r\n          \"publicIPAddress\": {\r\n            \"id\": \"/subscriptions/00000000-0000-0000-0000-000000000000/resourceGroups/cli_test_invoke_action000001/providers/Microsoft.Network/publicIPAddresses/cli-test-vm000002PublicIP\"\r\n
        \         },\r\n          \"subnet\": {\r\n            \"id\": \"/subscriptions/00000000-0000-0000-0000-000000000000/resourceGroups/cli_test_invoke_action000001/providers/Microsoft.Network/virtualNetworks/cli-test-vm000002VNET/subnets/cli-test-vm000002Subnet\"\r\n
        \         },\r\n          \"primary\": true,\r\n          \"privateIPAddressVersion\":
        \"IPv4\"\r\n        }\r\n      }\r\n    ],\r\n    \"dnsSettings\": {\r\n      \"dnsServers\":
        [],\r\n      \"appliedDnsServers\": [],\r\n      \"internalDomainNameSuffix\":
        \"z5k30xufc1sejmzgjkzwps3sma.dx.internal.cloudapp.net\"\r\n    },\r\n    \"macAddress\":
        \"00-0D-3A-36-60-F4\",\r\n    \"enableAcceleratedNetworking\": false,\r\n
        \   \"enableIPForwarding\": false,\r\n    \"networkSecurityGroup\": {\r\n
        \     \"id\": \"/subscriptions/00000000-0000-0000-0000-000000000000/resourceGroups/cli_test_invoke_action000001/providers/Microsoft.Network/networkSecurityGroups/cli-test-vm000002NSG\"\r\n
        \   },\r\n    \"primary\": true,\r\n    \"virtualMachine\": {\r\n      \"id\":
        \"/subscriptions/00000000-0000-0000-0000-000000000000/resourceGroups/cli_test_invoke_action000001/providers/Microsoft.Compute/virtualMachines/cli-test-vm000002\"\r\n
        \   }\r\n  },\r\n  \"type\": \"Microsoft.Network/networkInterfaces\"\r\n}"}
    headers:
      cache-control: [no-cache]
      content-length: ['2765']
      content-type: [application/json; charset=utf-8]
      date: ['Tue, 12 Dec 2017 22:03:26 GMT']
      etag: [W/"b38990eb-655a-4548-bec5-297cf12b06bb"]
      expires: ['-1']
      pragma: [no-cache]
      server: [Microsoft-HTTPAPI/2.0, Microsoft-HTTPAPI/2.0]
      strict-transport-security: [max-age=31536000; includeSubDomains]
      transfer-encoding: [chunked]
      vary: [Accept-Encoding]
    status: {code: 200, message: OK}
- request:
    body: null
    headers:
      Accept: [application/json]
      Accept-Encoding: ['gzip, deflate']
      CommandName: [vm create]
      Connection: [keep-alive]
      Content-Type: [application/json; charset=utf-8]
      User-Agent: [python/3.6.2 (Darwin-17.2.0-x86_64-i386-64bit) requests/2.18.4
          msrest/0.4.19 msrest_azure/0.4.18 networkmanagementclient/1.6.0 Azure-SDK-For-Python
          AZURECLI/2.0.23]
      accept-language: [en-US]
    method: GET
    uri: https://management.azure.com/subscriptions/00000000-0000-0000-0000-000000000000/resourceGroups/cli_test_invoke_action000001/providers/Microsoft.Network/publicIPAddresses/cli-test-vm000002PublicIP?api-version=2017-10-01
  response:
    body: {string: "{\r\n  \"name\": \"cli-test-vm000002PublicIP\",\r\n  \"id\": \"/subscriptions/00000000-0000-0000-0000-000000000000/resourceGroups/cli_test_invoke_action000001/providers/Microsoft.Network/publicIPAddresses/cli-test-vm000002PublicIP\",\r\n
        \ \"etag\": \"W/\\\"2ff59b2e-3c52-4467-a070-4befa24d0a9a\\\"\",\r\n  \"location\":
        \"westus\",\r\n  \"tags\": {},\r\n  \"properties\": {\r\n    \"provisioningState\":
        \"Succeeded\",\r\n    \"resourceGuid\": \"fa3cff62-9619-45c2-9a36-25597c6c3eca\",\r\n
        \   \"ipAddress\": \"104.42.11.146\",\r\n    \"publicIPAddressVersion\": \"IPv4\",\r\n
        \   \"publicIPAllocationMethod\": \"Dynamic\",\r\n    \"idleTimeoutInMinutes\":
        4,\r\n    \"ipTags\": [],\r\n    \"ipConfiguration\": {\r\n      \"id\": \"/subscriptions/00000000-0000-0000-0000-000000000000/resourceGroups/cli_test_invoke_action000001/providers/Microsoft.Network/networkInterfaces/cli-test-vm000002VMNic/ipConfigurations/ipconfigcli-test-vm000002\"\r\n
        \   }\r\n  },\r\n  \"type\": \"Microsoft.Network/publicIPAddresses\",\r\n
        \ \"sku\": {\r\n    \"name\": \"Basic\"\r\n  }\r\n}"}
    headers:
      cache-control: [no-cache]
      content-length: ['1105']
      content-type: [application/json; charset=utf-8]
      date: ['Tue, 12 Dec 2017 22:03:32 GMT']
      etag: [W/"2ff59b2e-3c52-4467-a070-4befa24d0a9a"]
      expires: ['-1']
      pragma: [no-cache]
      server: [Microsoft-HTTPAPI/2.0, Microsoft-HTTPAPI/2.0]
      strict-transport-security: [max-age=31536000; includeSubDomains]
      transfer-encoding: [chunked]
      vary: [Accept-Encoding]
    status: {code: 200, message: OK}
- request:
    body: null
    headers:
      Accept: [application/json]
      Accept-Encoding: ['gzip, deflate']
      CommandName: [resource invoke-action]
      Connection: [keep-alive]
      Content-Type: [application/json; charset=utf-8]
      User-Agent: [python/3.6.2 (Darwin-17.2.0-x86_64-i386-64bit) requests/2.18.4
          msrest/0.4.19 msrest_azure/0.4.18 resourcemanagementclient/1.2.1 Azure-SDK-For-Python
          AZURECLI/2.0.23]
      accept-language: [en-US]
    method: GET
    uri: https://management.azure.com/subscriptions/00000000-0000-0000-0000-000000000000/providers/Microsoft.Compute?api-version=2017-05-10
  response:
    body: {string: '{"id":"/subscriptions/00000000-0000-0000-0000-000000000000/providers/Microsoft.Compute","namespace":"Microsoft.Compute","authorization":{"applicationId":"60e6cd67-9c8c-4951-9b3c-23c25a2169af","roleDefinitionId":"e4770acb-272e-4dc8-87f3-12f44a612224"},"resourceTypes":[{"resourceType":"availabilitySets","locations":["East
        US","East US 2","West US","Central US","North Central US","South Central US","North
        Europe","West Europe","East Asia","Southeast Asia","Japan East","Japan West","Australia
        East","Australia Southeast","Brazil South","South India","Central India","West
        India","Canada Central","Canada East","West US 2","West Central US","UK South","UK
        West","Korea Central","Korea South"],"apiVersions":["2017-12-01","2017-03-30","2016-08-30","2016-04-30-preview","2016-03-30","2015-06-15","2015-05-01-preview"],"apiProfiles":[{"profileVersion":"2017-03-09-profile","apiVersion":"2016-03-30"}],"capabilities":"CrossResourceGroupResourceMove,
        CrossSubscriptionResourceMove"},{"resourceType":"virtualMachines","locations":["East
        US","West US","North Central US","South Central US","East Asia","Southeast
        Asia","Japan East","Japan West","Australia East","Australia Southeast","Brazil
        South","South India","Central India","West India","Canada Central","Canada
        East","West US 2","West Central US","UK South","UK West","Korea Central","Korea
        South","Central US","East US 2","West Europe","North Europe"],"apiVersions":["2017-12-01","2017-03-30","2016-08-30","2016-04-30-preview","2016-03-30","2015-06-15","2015-05-01-preview"],"apiProfiles":[{"profileVersion":"2017-03-09-profile","apiVersion":"2016-03-30"}],"zoneMappings":[{"location":"East
        US 2","zones":["1","2","3"]},{"location":"Central US","zones":["1","2","3"]},{"location":"West
        Europe","zones":["1","2","3"]}],"capabilities":"CrossResourceGroupResourceMove,
        CrossSubscriptionResourceMove, SystemAssignedResourceIdentity"},{"resourceType":"virtualMachines/extensions","locations":["East
        US","East US 2","West US","Central US","North Central US","South Central US","North
        Europe","West Europe","East Asia","Southeast Asia","Japan East","Japan West","Australia
        East","Australia Southeast","Brazil South","South India","Central India","West
        India","Canada Central","Canada East","West US 2","West Central US","UK South","UK
        West","Korea Central","Korea South"],"apiVersions":["2017-12-01","2017-03-30","2016-08-30","2016-04-30-preview","2016-03-30","2015-06-15","2015-05-01-preview"],"apiProfiles":[{"profileVersion":"2017-03-09-profile","apiVersion":"2016-03-30"}],"capabilities":"CrossResourceGroupResourceMove,
        CrossSubscriptionResourceMove"},{"resourceType":"virtualMachineScaleSets","locations":["East
        US","West US","North Central US","South Central US","East Asia","Southeast
        Asia","Japan East","Japan West","Australia East","Australia Southeast","Brazil
        South","South India","Central India","West India","Canada Central","Canada
        East","West US 2","West Central US","UK South","UK West","Korea Central","Korea
        South","Central US","East US 2","West Europe","North Europe"],"apiVersions":["2017-12-01","2017-10-30-preview","2017-03-30","2016-08-30","2016-04-30-preview","2016-03-30","2015-06-15","2015-05-01-preview"],"apiProfiles":[{"profileVersion":"2017-03-09-profile","apiVersion":"2016-03-30"}],"zoneMappings":[{"location":"East
        US 2","zones":["1","2","3"]},{"location":"Central US","zones":["1","2","3"]},{"location":"West
        Europe","zones":["1","2","3"]}],"capabilities":"CrossResourceGroupResourceMove,
        CrossSubscriptionResourceMove, SystemAssignedResourceIdentity"},{"resourceType":"virtualMachineScaleSets/extensions","locations":["East
        US","East US 2","West US","Central US","North Central US","South Central US","North
        Europe","West Europe","East Asia","Southeast Asia","Japan East","Japan West","Australia
        East","Australia Southeast","Brazil South","South India","Central India","West
        India","Canada Central","Canada East","West US 2","West Central US","UK South","UK
        West","Korea Central","Korea South"],"apiVersions":["2017-12-01","2017-10-30-preview","2017-03-30","2016-08-30","2016-04-30-preview","2016-03-30","2015-06-15","2015-05-01-preview"]},{"resourceType":"virtualMachineScaleSets/virtualMachines","locations":["East
        US","East US 2","West US","Central US","North Central US","South Central US","North
        Europe","West Europe","East Asia","Southeast Asia","Japan East","Japan West","Australia
        East","Australia Southeast","Brazil South","South India","Central India","West
        India","Canada Central","Canada East","West US 2","West Central US","UK South","UK
        West","Korea Central","Korea South"],"apiVersions":["2017-12-01","2017-10-30-preview","2017-03-30","2016-08-30","2016-04-30-preview","2016-03-30","2015-06-15","2015-05-01-preview"]},{"resourceType":"virtualMachineScaleSets/networkInterfaces","locations":["East
        US","East US 2","West US","Central US","North Central US","South Central US","North
        Europe","West Europe","East Asia","Southeast Asia","Japan East","Japan West","Australia
        East","Australia Southeast","Brazil South","South India","Central India","West
        India","Canada Central","Canada East","West US 2","West Central US","UK South","UK
        West","Korea Central","Korea South"],"apiVersions":["2017-12-01","2017-03-30","2016-09-01","2016-08-01","2016-07-01","2016-06-01","2016-04-30-preview","2016-03-30","2015-06-15","2015-05-01-preview"]},{"resourceType":"virtualMachineScaleSets/virtualMachines/networkInterfaces","locations":["East
        US","East US 2","West US","Central US","North Central US","South Central US","North
        Europe","West Europe","East Asia","Southeast Asia","Japan East","Japan West","Australia
        East","Australia Southeast","Brazil South","South India","Central India","West
        India","Canada Central","Canada East","West US 2","West Central US","UK South","UK
        West","Korea Central","Korea South"],"apiVersions":["2017-12-01","2017-03-30","2016-09-01","2016-08-01","2016-07-01","2016-06-01","2016-04-30-preview","2016-03-30","2015-06-15","2015-05-01-preview"]},{"resourceType":"virtualMachineScaleSets/publicIPAddresses","locations":["East
        US","East US 2","West US","Central US","North Central US","South Central US","North
        Europe","West Europe","East Asia","Southeast Asia","Japan East","Japan West","Australia
        East","Australia Southeast","Brazil South","South India","Central India","West
        India","Canada Central","Canada East","West US 2","West Central US","UK South","UK
        West","Korea Central","Korea South"],"apiVersions":["2017-12-01","2017-03-30"]},{"resourceType":"locations","locations":[],"apiVersions":["2017-12-01","2017-03-30","2016-08-30","2016-04-30-preview","2016-03-30","2015-06-15","2015-05-01-preview"]},{"resourceType":"locations/operations","locations":["East
        US","East US 2","West US","Central US","North Central US","South Central US","North
        Europe","West Europe","East Asia","Southeast Asia","Japan East","Japan West","Australia
        East","Australia Southeast","Brazil South","South India","Central India","West
        India","Canada Central","Canada East","West US 2","West Central US","UK South","UK
        West","Korea Central","Korea South"],"apiVersions":["2017-12-01","2017-10-30-preview","2017-03-30","2016-08-30","2016-04-30-preview","2016-03-30","2015-06-15","2015-05-01-preview"]},{"resourceType":"locations/vmSizes","locations":["East
        US","East US 2","West US","Central US","North Central US","South Central US","North
        Europe","West Europe","East Asia","Southeast Asia","Japan East","Japan West","Australia
        East","Australia Southeast","Brazil South","South India","Central India","West
        India","Canada Central","Canada East","West US 2","West Central US","UK South","UK
        West","Korea Central","Korea South"],"apiVersions":["2017-12-01","2017-03-30","2016-08-30","2016-04-30-preview","2016-03-30","2015-06-15","2015-05-01-preview"]},{"resourceType":"locations/runCommands","locations":["East
        US","East US 2","West US","Central US","North Central US","South Central US","North
        Europe","West Europe","East Asia","Southeast Asia","Japan East","Japan West","Australia
        East","Australia Southeast","Brazil South","South India","Central India","West
        India","Canada Central","Canada East","West US 2","West Central US","UK South","UK
        West","Korea Central","Korea South"],"apiVersions":["2017-12-01","2017-03-30"]},{"resourceType":"locations/usages","locations":["East
        US","East US 2","West US","Central US","North Central US","South Central US","North
        Europe","West Europe","East Asia","Southeast Asia","Japan East","Japan West","Australia
        East","Australia Southeast","Brazil South","South India","Central India","West
        India","Canada Central","Canada East","West US 2","West Central US","UK South","UK
        West","Korea Central","Korea South"],"apiVersions":["2017-12-01","2017-03-30","2016-08-30","2016-04-30-preview","2016-03-30","2015-06-15","2015-05-01-preview"]},{"resourceType":"locations/virtualMachines","locations":["East
        US","East US 2","West US","Central US","North Central US","South Central US","North
        Europe","West Europe","East Asia","Southeast Asia","Japan East","Japan West","Australia
        East","Australia Southeast","Brazil South","South India","Central India","West
        India","Canada Central","Canada East","West US 2","West Central US","UK South","UK
        West","Korea Central","Korea South"],"apiVersions":["2017-12-01","2017-03-30","2016-08-30"]},{"resourceType":"locations/publishers","locations":["East
        US","East US 2","West US","Central US","North Central US","South Central US","North
        Europe","West Europe","East Asia","Southeast Asia","Japan East","Japan West","Australia
        East","Australia Southeast","Brazil South","South India","Central India","West
        India","Canada Central","Canada East","West US 2","West Central US","UK South","UK
        West","Korea Central","Korea South"],"apiVersions":["2017-12-01","2017-03-30","2016-08-30","2016-04-30-preview","2016-03-30","2015-06-15","2015-05-01-preview"]},{"resourceType":"operations","locations":["East
        US","East US 2","West US","Central US","North Central US","South Central US","North
        Europe","West Europe","East Asia","Southeast Asia","Japan East","Japan West","Australia
        East","Australia Southeast","Brazil South","South India","Central India","West
        India","Canada Central","Canada East","West US 2","West Central US","UK South","UK
        West","Korea Central","Korea South"],"apiVersions":["2017-12-01","2017-03-30","2016-08-30","2016-03-30","2015-06-15","2015-05-01-preview"]},{"resourceType":"restorePointCollections","locations":["Southeast
        Asia","East US 2","Central US","West Europe","East US","North Central US","South
        Central US","West US","North Europe","East Asia","Brazil South","West US 2","West
        Central US","UK West","UK South","Japan East","Japan West","Canada Central","Canada
        East","Central India","South India","Australia East","Australia Southeast","Korea
        Central","Korea South","West India"],"apiVersions":["2017-12-01","2017-03-30"],"capabilities":"None"},{"resourceType":"restorePointCollections/restorePoints","locations":["Southeast
        Asia","East US 2","Central US","West Europe","East US","North Central US","South
        Central US","West US","North Europe","East Asia","Brazil South","West US 2","West
        Central US","UK West","UK South","Japan East","Japan West","Canada Central","Canada
        East","Central India","South India","Australia East","Australia Southeast","Korea
        Central","Korea South","West India"],"apiVersions":["2017-12-01","2017-03-30"]},{"resourceType":"virtualMachines/diagnosticSettings","locations":["East
        US","East US 2","West US","Central US","North Central US","South Central US","North
        Europe","West Europe","East Asia","Southeast Asia","Japan East","Japan West","Australia
        East","Australia Southeast","Brazil South","South India","Central India","West
        India","Canada Central","Canada East","West US 2","West Central US","UK South","UK
        West","Korea Central","Korea South"],"apiVersions":["2014-04-01"]},{"resourceType":"virtualMachines/metricDefinitions","locations":["East
        US","East US 2","West US","Central US","North Central US","South Central US","North
        Europe","West Europe","East Asia","Southeast Asia","Japan East","Japan West","Australia
        East","Australia Southeast","Brazil South","South India","Central India","West
        India","Canada Central","Canada East","West US 2","West Central US","UK South","UK
        West","Korea Central","Korea South"],"apiVersions":["2014-04-01"]},{"resourceType":"disks","locations":["Southeast
        Asia","East US","North Central US","South Central US","West US","East Asia","Brazil
        South","West US 2","West Central US","UK West","UK South","Japan East","Japan
        West","Canada Central","Canada East","Central India","South India","Australia
        East","Australia Southeast","Korea Central","Korea South","West India","Central
        US","East US 2","West Europe","North Europe"],"apiVersions":["2017-03-30","2016-04-30-preview"],"zoneMappings":[{"location":"East
        US 2","zones":["1","2","3"]},{"location":"Central US","zones":["1","2","3"]},{"location":"West
        Europe","zones":["1","2","3"]}],"capabilities":"None"},{"resourceType":"snapshots","locations":["Southeast
        Asia","East US 2","Central US","West Europe","East US","North Central US","South
        Central US","West US","North Europe","East Asia","Brazil South","West US 2","West
        Central US","UK West","UK South","Japan East","Japan West","Canada Central","Canada
        East","Central India","South India","Australia East","Australia Southeast","Korea
        Central","Korea South","West India"],"apiVersions":["2017-03-30","2016-04-30-preview"],"capabilities":"None"},{"resourceType":"locations/diskoperations","locations":["Southeast
        Asia","East US 2","Central US","West Europe","East US","North Central US","South
        Central US","West US","North Europe","East Asia","Brazil South","West US 2","West
        Central US","UK West","UK South","Japan East","Japan West","Canada Central","Canada
        East","Central India","South India","Australia East","Australia Southeast","Korea
        Central","Korea South","West India"],"apiVersions":["2017-03-30","2016-04-30-preview"]},{"resourceType":"images","locations":["Southeast
        Asia","East US 2","Central US","West Europe","East US","North Central US","South
        Central US","West US","North Europe","East Asia","Brazil South","West US 2","West
        Central US","UK West","UK South","Japan East","Japan West","Canada Central","Canada
        East","Central India","South India","Australia East","Australia Southeast","Korea
        Central","Korea South","West India"],"apiVersions":["2017-12-01","2017-03-30","2016-08-30","2016-04-30-preview"],"capabilities":"None"}],"registrationState":"Registered"}'}
    headers:
      cache-control: [no-cache]
      content-length: ['14427']
      content-type: [application/json; charset=utf-8]
      date: ['Tue, 12 Dec 2017 22:03:43 GMT']
      expires: ['-1']
      pragma: [no-cache]
      strict-transport-security: [max-age=31536000; includeSubDomains]
      vary: [Accept-Encoding]
    status: {code: 200, message: OK}
- request:
    body: null
    headers:
      Accept: [application/json]
      Accept-Encoding: ['gzip, deflate']
      CommandName: [resource invoke-action]
      Connection: [keep-alive]
      Content-Length: ['0']
      Content-Type: [application/json; charset=utf-8]
      User-Agent: [python/3.6.2 (Darwin-17.2.0-x86_64-i386-64bit) requests/2.18.4
          msrest/0.4.19 msrest_azure/0.4.18 resourcemanagementclient/1.2.1 Azure-SDK-For-Python
          AZURECLI/2.0.23]
      accept-language: [en-US]
    method: POST
    uri: https://management.azure.com/subscriptions/00000000-0000-0000-0000-000000000000/resourcegroups/cli_test_invoke_action000001/providers/Microsoft.Compute/virtualMachines/cli-test-vm000002/powerOff?api-version=2017-12-01
  response:
    body: {string: ''}
    headers:
      azure-asyncoperation: ['https://management.azure.com/subscriptions/00000000-0000-0000-0000-000000000000/providers/Microsoft.Compute/locations/westus/operations/b1b4cb09-1d5b-4134-8793-c438358fe03f?api-version=2017-12-01']
      cache-control: [no-cache]
      content-length: ['0']
      date: ['Tue, 12 Dec 2017 22:03:43 GMT']
      expires: ['-1']
      location: ['https://management.azure.com/subscriptions/00000000-0000-0000-0000-000000000000/providers/Microsoft.Compute/locations/westus/operations/b1b4cb09-1d5b-4134-8793-c438358fe03f?monitor=true&api-version=2017-12-01']
      pragma: [no-cache]
      server: [Microsoft-HTTPAPI/2.0, Microsoft-HTTPAPI/2.0]
      strict-transport-security: [max-age=31536000; includeSubDomains]
      x-ms-ratelimit-remaining-resource: ['Microsoft.Compute/DeleteVM3Min;299,Microsoft.Compute/DeleteVM30Min;1499']
      x-ms-ratelimit-remaining-subscription-writes: ['1199']
    status: {code: 202, message: Accepted}
- request:
    body: null
    headers:
      Accept: [application/json]
      Accept-Encoding: ['gzip, deflate']
      CommandName: [resource invoke-action]
      Connection: [keep-alive]
      Content-Type: [application/json; charset=utf-8]
      User-Agent: [python/3.6.2 (Darwin-17.2.0-x86_64-i386-64bit) requests/2.18.4
          msrest/0.4.19 msrest_azure/0.4.18 resourcemanagementclient/1.2.1 Azure-SDK-For-Python
          AZURECLI/2.0.23]
      accept-language: [en-US]
    method: GET
    uri: https://management.azure.com/subscriptions/00000000-0000-0000-0000-000000000000/providers/Microsoft.Compute/locations/westus/operations/b1b4cb09-1d5b-4134-8793-c438358fe03f?api-version=2017-12-01
  response:
    body: {string: "{\r\n  \"startTime\": \"2017-12-12T22:03:42.5344133+00:00\",\r\n
        \ \"endTime\": \"2017-12-12T22:03:50.8003629+00:00\",\r\n  \"status\": \"Succeeded\",\r\n
        \ \"name\": \"b1b4cb09-1d5b-4134-8793-c438358fe03f\"\r\n}"}
    headers:
      cache-control: [no-cache]
      content-length: ['184']
      content-type: [application/json; charset=utf-8]
      date: ['Tue, 12 Dec 2017 22:04:14 GMT']
      expires: ['-1']
      pragma: [no-cache]
      server: [Microsoft-HTTPAPI/2.0, Microsoft-HTTPAPI/2.0]
      strict-transport-security: [max-age=31536000; includeSubDomains]
      transfer-encoding: [chunked]
      vary: [Accept-Encoding]
      x-ms-ratelimit-remaining-resource: ['Microsoft.Compute/GetOperation3Min;2149,Microsoft.Compute/GetOperation30Min;17987']
    status: {code: 200, message: OK}
- request:
    body: null
    headers:
      Accept: [application/json]
      Accept-Encoding: ['gzip, deflate']
      CommandName: [resource invoke-action]
      Connection: [keep-alive]
      Content-Type: [application/json; charset=utf-8]
      User-Agent: [python/3.6.2 (Darwin-17.2.0-x86_64-i386-64bit) requests/2.18.4
          msrest/0.4.19 msrest_azure/0.4.18 resourcemanagementclient/1.2.1 Azure-SDK-For-Python
          AZURECLI/2.0.23]
      accept-language: [en-US]
    method: GET
    uri: https://management.azure.com/subscriptions/00000000-0000-0000-0000-000000000000/providers/Microsoft.Compute?api-version=2017-05-10
  response:
    body: {string: '{"id":"/subscriptions/00000000-0000-0000-0000-000000000000/providers/Microsoft.Compute","namespace":"Microsoft.Compute","authorization":{"applicationId":"60e6cd67-9c8c-4951-9b3c-23c25a2169af","roleDefinitionId":"e4770acb-272e-4dc8-87f3-12f44a612224"},"resourceTypes":[{"resourceType":"availabilitySets","locations":["East
        US","East US 2","West US","Central US","North Central US","South Central US","North
        Europe","West Europe","East Asia","Southeast Asia","Japan East","Japan West","Australia
        East","Australia Southeast","Brazil South","South India","Central India","West
        India","Canada Central","Canada East","West US 2","West Central US","UK South","UK
        West","Korea Central","Korea South"],"apiVersions":["2017-12-01","2017-03-30","2016-08-30","2016-04-30-preview","2016-03-30","2015-06-15","2015-05-01-preview"],"apiProfiles":[{"profileVersion":"2017-03-09-profile","apiVersion":"2016-03-30"}],"capabilities":"CrossResourceGroupResourceMove,
        CrossSubscriptionResourceMove"},{"resourceType":"virtualMachines","locations":["East
        US","West US","North Central US","South Central US","East Asia","Southeast
        Asia","Japan East","Japan West","Australia East","Australia Southeast","Brazil
        South","South India","Central India","West India","Canada Central","Canada
        East","West US 2","West Central US","UK South","UK West","Korea Central","Korea
        South","Central US","East US 2","West Europe","North Europe"],"apiVersions":["2017-12-01","2017-03-30","2016-08-30","2016-04-30-preview","2016-03-30","2015-06-15","2015-05-01-preview"],"apiProfiles":[{"profileVersion":"2017-03-09-profile","apiVersion":"2016-03-30"}],"zoneMappings":[{"location":"East
        US 2","zones":["1","2","3"]},{"location":"Central US","zones":["1","2","3"]},{"location":"West
        Europe","zones":["1","2","3"]}],"capabilities":"CrossResourceGroupResourceMove,
        CrossSubscriptionResourceMove, SystemAssignedResourceIdentity"},{"resourceType":"virtualMachines/extensions","locations":["East
        US","East US 2","West US","Central US","North Central US","South Central US","North
        Europe","West Europe","East Asia","Southeast Asia","Japan East","Japan West","Australia
        East","Australia Southeast","Brazil South","South India","Central India","West
        India","Canada Central","Canada East","West US 2","West Central US","UK South","UK
        West","Korea Central","Korea South"],"apiVersions":["2017-12-01","2017-03-30","2016-08-30","2016-04-30-preview","2016-03-30","2015-06-15","2015-05-01-preview"],"apiProfiles":[{"profileVersion":"2017-03-09-profile","apiVersion":"2016-03-30"}],"capabilities":"CrossResourceGroupResourceMove,
        CrossSubscriptionResourceMove"},{"resourceType":"virtualMachineScaleSets","locations":["East
        US","West US","North Central US","South Central US","East Asia","Southeast
        Asia","Japan East","Japan West","Australia East","Australia Southeast","Brazil
        South","South India","Central India","West India","Canada Central","Canada
        East","West US 2","West Central US","UK South","UK West","Korea Central","Korea
        South","Central US","East US 2","West Europe","North Europe"],"apiVersions":["2017-12-01","2017-10-30-preview","2017-03-30","2016-08-30","2016-04-30-preview","2016-03-30","2015-06-15","2015-05-01-preview"],"apiProfiles":[{"profileVersion":"2017-03-09-profile","apiVersion":"2016-03-30"}],"zoneMappings":[{"location":"East
        US 2","zones":["1","2","3"]},{"location":"Central US","zones":["1","2","3"]},{"location":"West
        Europe","zones":["1","2","3"]}],"capabilities":"CrossResourceGroupResourceMove,
        CrossSubscriptionResourceMove, SystemAssignedResourceIdentity"},{"resourceType":"virtualMachineScaleSets/extensions","locations":["East
        US","East US 2","West US","Central US","North Central US","South Central US","North
        Europe","West Europe","East Asia","Southeast Asia","Japan East","Japan West","Australia
        East","Australia Southeast","Brazil South","South India","Central India","West
        India","Canada Central","Canada East","West US 2","West Central US","UK South","UK
        West","Korea Central","Korea South"],"apiVersions":["2017-12-01","2017-10-30-preview","2017-03-30","2016-08-30","2016-04-30-preview","2016-03-30","2015-06-15","2015-05-01-preview"]},{"resourceType":"virtualMachineScaleSets/virtualMachines","locations":["East
        US","East US 2","West US","Central US","North Central US","South Central US","North
        Europe","West Europe","East Asia","Southeast Asia","Japan East","Japan West","Australia
        East","Australia Southeast","Brazil South","South India","Central India","West
        India","Canada Central","Canada East","West US 2","West Central US","UK South","UK
        West","Korea Central","Korea South"],"apiVersions":["2017-12-01","2017-10-30-preview","2017-03-30","2016-08-30","2016-04-30-preview","2016-03-30","2015-06-15","2015-05-01-preview"]},{"resourceType":"virtualMachineScaleSets/networkInterfaces","locations":["East
        US","East US 2","West US","Central US","North Central US","South Central US","North
        Europe","West Europe","East Asia","Southeast Asia","Japan East","Japan West","Australia
        East","Australia Southeast","Brazil South","South India","Central India","West
        India","Canada Central","Canada East","West US 2","West Central US","UK South","UK
        West","Korea Central","Korea South"],"apiVersions":["2017-12-01","2017-03-30","2016-09-01","2016-08-01","2016-07-01","2016-06-01","2016-04-30-preview","2016-03-30","2015-06-15","2015-05-01-preview"]},{"resourceType":"virtualMachineScaleSets/virtualMachines/networkInterfaces","locations":["East
        US","East US 2","West US","Central US","North Central US","South Central US","North
        Europe","West Europe","East Asia","Southeast Asia","Japan East","Japan West","Australia
        East","Australia Southeast","Brazil South","South India","Central India","West
        India","Canada Central","Canada East","West US 2","West Central US","UK South","UK
        West","Korea Central","Korea South"],"apiVersions":["2017-12-01","2017-03-30","2016-09-01","2016-08-01","2016-07-01","2016-06-01","2016-04-30-preview","2016-03-30","2015-06-15","2015-05-01-preview"]},{"resourceType":"virtualMachineScaleSets/publicIPAddresses","locations":["East
        US","East US 2","West US","Central US","North Central US","South Central US","North
        Europe","West Europe","East Asia","Southeast Asia","Japan East","Japan West","Australia
        East","Australia Southeast","Brazil South","South India","Central India","West
        India","Canada Central","Canada East","West US 2","West Central US","UK South","UK
        West","Korea Central","Korea South"],"apiVersions":["2017-12-01","2017-03-30"]},{"resourceType":"locations","locations":[],"apiVersions":["2017-12-01","2017-03-30","2016-08-30","2016-04-30-preview","2016-03-30","2015-06-15","2015-05-01-preview"]},{"resourceType":"locations/operations","locations":["East
        US","East US 2","West US","Central US","North Central US","South Central US","North
        Europe","West Europe","East Asia","Southeast Asia","Japan East","Japan West","Australia
        East","Australia Southeast","Brazil South","South India","Central India","West
        India","Canada Central","Canada East","West US 2","West Central US","UK South","UK
        West","Korea Central","Korea South"],"apiVersions":["2017-12-01","2017-10-30-preview","2017-03-30","2016-08-30","2016-04-30-preview","2016-03-30","2015-06-15","2015-05-01-preview"]},{"resourceType":"locations/vmSizes","locations":["East
        US","East US 2","West US","Central US","North Central US","South Central US","North
        Europe","West Europe","East Asia","Southeast Asia","Japan East","Japan West","Australia
        East","Australia Southeast","Brazil South","South India","Central India","West
        India","Canada Central","Canada East","West US 2","West Central US","UK South","UK
        West","Korea Central","Korea South"],"apiVersions":["2017-12-01","2017-03-30","2016-08-30","2016-04-30-preview","2016-03-30","2015-06-15","2015-05-01-preview"]},{"resourceType":"locations/runCommands","locations":["East
        US","East US 2","West US","Central US","North Central US","South Central US","North
        Europe","West Europe","East Asia","Southeast Asia","Japan East","Japan West","Australia
        East","Australia Southeast","Brazil South","South India","Central India","West
        India","Canada Central","Canada East","West US 2","West Central US","UK South","UK
        West","Korea Central","Korea South"],"apiVersions":["2017-12-01","2017-03-30"]},{"resourceType":"locations/usages","locations":["East
        US","East US 2","West US","Central US","North Central US","South Central US","North
        Europe","West Europe","East Asia","Southeast Asia","Japan East","Japan West","Australia
        East","Australia Southeast","Brazil South","South India","Central India","West
        India","Canada Central","Canada East","West US 2","West Central US","UK South","UK
        West","Korea Central","Korea South"],"apiVersions":["2017-12-01","2017-03-30","2016-08-30","2016-04-30-preview","2016-03-30","2015-06-15","2015-05-01-preview"]},{"resourceType":"locations/virtualMachines","locations":["East
        US","East US 2","West US","Central US","North Central US","South Central US","North
        Europe","West Europe","East Asia","Southeast Asia","Japan East","Japan West","Australia
        East","Australia Southeast","Brazil South","South India","Central India","West
        India","Canada Central","Canada East","West US 2","West Central US","UK South","UK
        West","Korea Central","Korea South"],"apiVersions":["2017-12-01","2017-03-30","2016-08-30"]},{"resourceType":"locations/publishers","locations":["East
        US","East US 2","West US","Central US","North Central US","South Central US","North
        Europe","West Europe","East Asia","Southeast Asia","Japan East","Japan West","Australia
        East","Australia Southeast","Brazil South","South India","Central India","West
        India","Canada Central","Canada East","West US 2","West Central US","UK South","UK
        West","Korea Central","Korea South"],"apiVersions":["2017-12-01","2017-03-30","2016-08-30","2016-04-30-preview","2016-03-30","2015-06-15","2015-05-01-preview"]},{"resourceType":"operations","locations":["East
        US","East US 2","West US","Central US","North Central US","South Central US","North
        Europe","West Europe","East Asia","Southeast Asia","Japan East","Japan West","Australia
        East","Australia Southeast","Brazil South","South India","Central India","West
        India","Canada Central","Canada East","West US 2","West Central US","UK South","UK
        West","Korea Central","Korea South"],"apiVersions":["2017-12-01","2017-03-30","2016-08-30","2016-03-30","2015-06-15","2015-05-01-preview"]},{"resourceType":"restorePointCollections","locations":["Southeast
        Asia","East US 2","Central US","West Europe","East US","North Central US","South
        Central US","West US","North Europe","East Asia","Brazil South","West US 2","West
        Central US","UK West","UK South","Japan East","Japan West","Canada Central","Canada
        East","Central India","South India","Australia East","Australia Southeast","Korea
        Central","Korea South","West India"],"apiVersions":["2017-12-01","2017-03-30"],"capabilities":"None"},{"resourceType":"restorePointCollections/restorePoints","locations":["Southeast
        Asia","East US 2","Central US","West Europe","East US","North Central US","South
        Central US","West US","North Europe","East Asia","Brazil South","West US 2","West
        Central US","UK West","UK South","Japan East","Japan West","Canada Central","Canada
        East","Central India","South India","Australia East","Australia Southeast","Korea
        Central","Korea South","West India"],"apiVersions":["2017-12-01","2017-03-30"]},{"resourceType":"virtualMachines/diagnosticSettings","locations":["East
        US","East US 2","West US","Central US","North Central US","South Central US","North
        Europe","West Europe","East Asia","Southeast Asia","Japan East","Japan West","Australia
        East","Australia Southeast","Brazil South","South India","Central India","West
        India","Canada Central","Canada East","West US 2","West Central US","UK South","UK
        West","Korea Central","Korea South"],"apiVersions":["2014-04-01"]},{"resourceType":"virtualMachines/metricDefinitions","locations":["East
        US","East US 2","West US","Central US","North Central US","South Central US","North
        Europe","West Europe","East Asia","Southeast Asia","Japan East","Japan West","Australia
        East","Australia Southeast","Brazil South","South India","Central India","West
        India","Canada Central","Canada East","West US 2","West Central US","UK South","UK
        West","Korea Central","Korea South"],"apiVersions":["2014-04-01"]},{"resourceType":"disks","locations":["Southeast
        Asia","East US","North Central US","South Central US","West US","East Asia","Brazil
        South","West US 2","West Central US","UK West","UK South","Japan East","Japan
        West","Canada Central","Canada East","Central India","South India","Australia
        East","Australia Southeast","Korea Central","Korea South","West India","Central
        US","East US 2","West Europe","North Europe"],"apiVersions":["2017-03-30","2016-04-30-preview"],"zoneMappings":[{"location":"East
        US 2","zones":["1","2","3"]},{"location":"Central US","zones":["1","2","3"]},{"location":"West
        Europe","zones":["1","2","3"]}],"capabilities":"None"},{"resourceType":"snapshots","locations":["Southeast
        Asia","East US 2","Central US","West Europe","East US","North Central US","South
        Central US","West US","North Europe","East Asia","Brazil South","West US 2","West
        Central US","UK West","UK South","Japan East","Japan West","Canada Central","Canada
        East","Central India","South India","Australia East","Australia Southeast","Korea
        Central","Korea South","West India"],"apiVersions":["2017-03-30","2016-04-30-preview"],"capabilities":"None"},{"resourceType":"locations/diskoperations","locations":["Southeast
        Asia","East US 2","Central US","West Europe","East US","North Central US","South
        Central US","West US","North Europe","East Asia","Brazil South","West US 2","West
        Central US","UK West","UK South","Japan East","Japan West","Canada Central","Canada
        East","Central India","South India","Australia East","Australia Southeast","Korea
        Central","Korea South","West India"],"apiVersions":["2017-03-30","2016-04-30-preview"]},{"resourceType":"images","locations":["Southeast
        Asia","East US 2","Central US","West Europe","East US","North Central US","South
        Central US","West US","North Europe","East Asia","Brazil South","West US 2","West
        Central US","UK West","UK South","Japan East","Japan West","Canada Central","Canada
        East","Central India","South India","Australia East","Australia Southeast","Korea
        Central","Korea South","West India"],"apiVersions":["2017-12-01","2017-03-30","2016-08-30","2016-04-30-preview"],"capabilities":"None"}],"registrationState":"Registered"}'}
    headers:
      cache-control: [no-cache]
      content-length: ['14427']
      content-type: [application/json; charset=utf-8]
      date: ['Tue, 12 Dec 2017 22:04:20 GMT']
      expires: ['-1']
      pragma: [no-cache]
      strict-transport-security: [max-age=31536000; includeSubDomains]
      vary: [Accept-Encoding]
    status: {code: 200, message: OK}
- request:
    body: null
    headers:
      Accept: [application/json]
      Accept-Encoding: ['gzip, deflate']
      CommandName: [resource invoke-action]
      Connection: [keep-alive]
      Content-Length: ['0']
      Content-Type: [application/json; charset=utf-8]
      User-Agent: [python/3.6.2 (Darwin-17.2.0-x86_64-i386-64bit) requests/2.18.4
          msrest/0.4.19 msrest_azure/0.4.18 resourcemanagementclient/1.2.1 Azure-SDK-For-Python
          AZURECLI/2.0.23]
      accept-language: [en-US]
    method: POST
    uri: https://management.azure.com/subscriptions/00000000-0000-0000-0000-000000000000/resourcegroups/cli_test_invoke_action000001/providers/Microsoft.Compute/virtualMachines/cli-test-vm000002/generalize?api-version=2017-12-01
  response:
    body: {string: ''}
    headers:
      cache-control: [no-cache]
      content-length: ['0']
      date: ['Tue, 12 Dec 2017 22:04:25 GMT']
      expires: ['-1']
      pragma: [no-cache]
      server: [Microsoft-HTTPAPI/2.0, Microsoft-HTTPAPI/2.0]
      strict-transport-security: [max-age=31536000; includeSubDomains]
      x-ms-ratelimit-remaining-resource: ['Microsoft.Compute/DeleteVM3Min;298,Microsoft.Compute/DeleteVM30Min;1498']
      x-ms-ratelimit-remaining-subscription-writes: ['1199']
    status: {code: 200, message: OK}
- request:
    body: null
    headers:
      Accept: [application/json]
      Accept-Encoding: ['gzip, deflate']
      CommandName: [resource invoke-action]
      Connection: [keep-alive]
      Content-Type: [application/json; charset=utf-8]
      User-Agent: [python/3.6.2 (Darwin-17.2.0-x86_64-i386-64bit) requests/2.18.4
          msrest/0.4.19 msrest_azure/0.4.18 resourcemanagementclient/1.2.1 Azure-SDK-For-Python
          AZURECLI/2.0.23]
      accept-language: [en-US]
    method: GET
    uri: https://management.azure.com/subscriptions/00000000-0000-0000-0000-000000000000/providers/Microsoft.Compute?api-version=2017-05-10
  response:
    body: {string: '{"id":"/subscriptions/00000000-0000-0000-0000-000000000000/providers/Microsoft.Compute","namespace":"Microsoft.Compute","authorization":{"applicationId":"60e6cd67-9c8c-4951-9b3c-23c25a2169af","roleDefinitionId":"e4770acb-272e-4dc8-87f3-12f44a612224"},"resourceTypes":[{"resourceType":"availabilitySets","locations":["East
        US","East US 2","West US","Central US","North Central US","South Central US","North
        Europe","West Europe","East Asia","Southeast Asia","Japan East","Japan West","Australia
        East","Australia Southeast","Brazil South","South India","Central India","West
        India","Canada Central","Canada East","West US 2","West Central US","UK South","UK
        West","Korea Central","Korea South"],"apiVersions":["2017-12-01","2017-03-30","2016-08-30","2016-04-30-preview","2016-03-30","2015-06-15","2015-05-01-preview"],"apiProfiles":[{"profileVersion":"2017-03-09-profile","apiVersion":"2016-03-30"}],"capabilities":"CrossResourceGroupResourceMove,
        CrossSubscriptionResourceMove"},{"resourceType":"virtualMachines","locations":["East
        US","West US","North Central US","South Central US","East Asia","Southeast
        Asia","Japan East","Japan West","Australia East","Australia Southeast","Brazil
        South","South India","Central India","West India","Canada Central","Canada
        East","West US 2","West Central US","UK South","UK West","Korea Central","Korea
        South","Central US","East US 2","West Europe","North Europe"],"apiVersions":["2017-12-01","2017-03-30","2016-08-30","2016-04-30-preview","2016-03-30","2015-06-15","2015-05-01-preview"],"apiProfiles":[{"profileVersion":"2017-03-09-profile","apiVersion":"2016-03-30"}],"zoneMappings":[{"location":"East
        US 2","zones":["1","2","3"]},{"location":"Central US","zones":["1","2","3"]},{"location":"West
        Europe","zones":["1","2","3"]}],"capabilities":"CrossResourceGroupResourceMove,
        CrossSubscriptionResourceMove, SystemAssignedResourceIdentity"},{"resourceType":"virtualMachines/extensions","locations":["East
        US","East US 2","West US","Central US","North Central US","South Central US","North
        Europe","West Europe","East Asia","Southeast Asia","Japan East","Japan West","Australia
        East","Australia Southeast","Brazil South","South India","Central India","West
        India","Canada Central","Canada East","West US 2","West Central US","UK South","UK
        West","Korea Central","Korea South"],"apiVersions":["2017-12-01","2017-03-30","2016-08-30","2016-04-30-preview","2016-03-30","2015-06-15","2015-05-01-preview"],"apiProfiles":[{"profileVersion":"2017-03-09-profile","apiVersion":"2016-03-30"}],"capabilities":"CrossResourceGroupResourceMove,
        CrossSubscriptionResourceMove"},{"resourceType":"virtualMachineScaleSets","locations":["East
        US","West US","North Central US","South Central US","East Asia","Southeast
        Asia","Japan East","Japan West","Australia East","Australia Southeast","Brazil
        South","South India","Central India","West India","Canada Central","Canada
        East","West US 2","West Central US","UK South","UK West","Korea Central","Korea
        South","Central US","East US 2","West Europe","North Europe"],"apiVersions":["2017-12-01","2017-10-30-preview","2017-03-30","2016-08-30","2016-04-30-preview","2016-03-30","2015-06-15","2015-05-01-preview"],"apiProfiles":[{"profileVersion":"2017-03-09-profile","apiVersion":"2016-03-30"}],"zoneMappings":[{"location":"East
        US 2","zones":["1","2","3"]},{"location":"Central US","zones":["1","2","3"]},{"location":"West
        Europe","zones":["1","2","3"]}],"capabilities":"CrossResourceGroupResourceMove,
        CrossSubscriptionResourceMove, SystemAssignedResourceIdentity"},{"resourceType":"virtualMachineScaleSets/extensions","locations":["East
        US","East US 2","West US","Central US","North Central US","South Central US","North
        Europe","West Europe","East Asia","Southeast Asia","Japan East","Japan West","Australia
        East","Australia Southeast","Brazil South","South India","Central India","West
        India","Canada Central","Canada East","West US 2","West Central US","UK South","UK
        West","Korea Central","Korea South"],"apiVersions":["2017-12-01","2017-10-30-preview","2017-03-30","2016-08-30","2016-04-30-preview","2016-03-30","2015-06-15","2015-05-01-preview"]},{"resourceType":"virtualMachineScaleSets/virtualMachines","locations":["East
        US","East US 2","West US","Central US","North Central US","South Central US","North
        Europe","West Europe","East Asia","Southeast Asia","Japan East","Japan West","Australia
        East","Australia Southeast","Brazil South","South India","Central India","West
        India","Canada Central","Canada East","West US 2","West Central US","UK South","UK
        West","Korea Central","Korea South"],"apiVersions":["2017-12-01","2017-10-30-preview","2017-03-30","2016-08-30","2016-04-30-preview","2016-03-30","2015-06-15","2015-05-01-preview"]},{"resourceType":"virtualMachineScaleSets/networkInterfaces","locations":["East
        US","East US 2","West US","Central US","North Central US","South Central US","North
        Europe","West Europe","East Asia","Southeast Asia","Japan East","Japan West","Australia
        East","Australia Southeast","Brazil South","South India","Central India","West
        India","Canada Central","Canada East","West US 2","West Central US","UK South","UK
        West","Korea Central","Korea South"],"apiVersions":["2017-12-01","2017-03-30","2016-09-01","2016-08-01","2016-07-01","2016-06-01","2016-04-30-preview","2016-03-30","2015-06-15","2015-05-01-preview"]},{"resourceType":"virtualMachineScaleSets/virtualMachines/networkInterfaces","locations":["East
        US","East US 2","West US","Central US","North Central US","South Central US","North
        Europe","West Europe","East Asia","Southeast Asia","Japan East","Japan West","Australia
        East","Australia Southeast","Brazil South","South India","Central India","West
        India","Canada Central","Canada East","West US 2","West Central US","UK South","UK
        West","Korea Central","Korea South"],"apiVersions":["2017-12-01","2017-03-30","2016-09-01","2016-08-01","2016-07-01","2016-06-01","2016-04-30-preview","2016-03-30","2015-06-15","2015-05-01-preview"]},{"resourceType":"virtualMachineScaleSets/publicIPAddresses","locations":["East
        US","East US 2","West US","Central US","North Central US","South Central US","North
        Europe","West Europe","East Asia","Southeast Asia","Japan East","Japan West","Australia
        East","Australia Southeast","Brazil South","South India","Central India","West
        India","Canada Central","Canada East","West US 2","West Central US","UK South","UK
        West","Korea Central","Korea South"],"apiVersions":["2017-12-01","2017-03-30"]},{"resourceType":"locations","locations":[],"apiVersions":["2017-12-01","2017-03-30","2016-08-30","2016-04-30-preview","2016-03-30","2015-06-15","2015-05-01-preview"]},{"resourceType":"locations/operations","locations":["East
        US","East US 2","West US","Central US","North Central US","South Central US","North
        Europe","West Europe","East Asia","Southeast Asia","Japan East","Japan West","Australia
        East","Australia Southeast","Brazil South","South India","Central India","West
        India","Canada Central","Canada East","West US 2","West Central US","UK South","UK
        West","Korea Central","Korea South"],"apiVersions":["2017-12-01","2017-10-30-preview","2017-03-30","2016-08-30","2016-04-30-preview","2016-03-30","2015-06-15","2015-05-01-preview"]},{"resourceType":"locations/vmSizes","locations":["East
        US","East US 2","West US","Central US","North Central US","South Central US","North
        Europe","West Europe","East Asia","Southeast Asia","Japan East","Japan West","Australia
        East","Australia Southeast","Brazil South","South India","Central India","West
        India","Canada Central","Canada East","West US 2","West Central US","UK South","UK
        West","Korea Central","Korea South"],"apiVersions":["2017-12-01","2017-03-30","2016-08-30","2016-04-30-preview","2016-03-30","2015-06-15","2015-05-01-preview"]},{"resourceType":"locations/runCommands","locations":["East
        US","East US 2","West US","Central US","North Central US","South Central US","North
        Europe","West Europe","East Asia","Southeast Asia","Japan East","Japan West","Australia
        East","Australia Southeast","Brazil South","South India","Central India","West
        India","Canada Central","Canada East","West US 2","West Central US","UK South","UK
        West","Korea Central","Korea South"],"apiVersions":["2017-12-01","2017-03-30"]},{"resourceType":"locations/usages","locations":["East
        US","East US 2","West US","Central US","North Central US","South Central US","North
        Europe","West Europe","East Asia","Southeast Asia","Japan East","Japan West","Australia
        East","Australia Southeast","Brazil South","South India","Central India","West
        India","Canada Central","Canada East","West US 2","West Central US","UK South","UK
        West","Korea Central","Korea South"],"apiVersions":["2017-12-01","2017-03-30","2016-08-30","2016-04-30-preview","2016-03-30","2015-06-15","2015-05-01-preview"]},{"resourceType":"locations/virtualMachines","locations":["East
        US","East US 2","West US","Central US","North Central US","South Central US","North
        Europe","West Europe","East Asia","Southeast Asia","Japan East","Japan West","Australia
        East","Australia Southeast","Brazil South","South India","Central India","West
        India","Canada Central","Canada East","West US 2","West Central US","UK South","UK
        West","Korea Central","Korea South"],"apiVersions":["2017-12-01","2017-03-30","2016-08-30"]},{"resourceType":"locations/publishers","locations":["East
        US","East US 2","West US","Central US","North Central US","South Central US","North
        Europe","West Europe","East Asia","Southeast Asia","Japan East","Japan West","Australia
        East","Australia Southeast","Brazil South","South India","Central India","West
        India","Canada Central","Canada East","West US 2","West Central US","UK South","UK
        West","Korea Central","Korea South"],"apiVersions":["2017-12-01","2017-03-30","2016-08-30","2016-04-30-preview","2016-03-30","2015-06-15","2015-05-01-preview"]},{"resourceType":"operations","locations":["East
        US","East US 2","West US","Central US","North Central US","South Central US","North
        Europe","West Europe","East Asia","Southeast Asia","Japan East","Japan West","Australia
        East","Australia Southeast","Brazil South","South India","Central India","West
        India","Canada Central","Canada East","West US 2","West Central US","UK South","UK
        West","Korea Central","Korea South"],"apiVersions":["2017-12-01","2017-03-30","2016-08-30","2016-03-30","2015-06-15","2015-05-01-preview"]},{"resourceType":"restorePointCollections","locations":["Southeast
        Asia","East US 2","Central US","West Europe","East US","North Central US","South
        Central US","West US","North Europe","East Asia","Brazil South","West US 2","West
        Central US","UK West","UK South","Japan East","Japan West","Canada Central","Canada
        East","Central India","South India","Australia East","Australia Southeast","Korea
        Central","Korea South","West India"],"apiVersions":["2017-12-01","2017-03-30"],"capabilities":"None"},{"resourceType":"restorePointCollections/restorePoints","locations":["Southeast
        Asia","East US 2","Central US","West Europe","East US","North Central US","South
        Central US","West US","North Europe","East Asia","Brazil South","West US 2","West
        Central US","UK West","UK South","Japan East","Japan West","Canada Central","Canada
        East","Central India","South India","Australia East","Australia Southeast","Korea
        Central","Korea South","West India"],"apiVersions":["2017-12-01","2017-03-30"]},{"resourceType":"virtualMachines/diagnosticSettings","locations":["East
        US","East US 2","West US","Central US","North Central US","South Central US","North
        Europe","West Europe","East Asia","Southeast Asia","Japan East","Japan West","Australia
        East","Australia Southeast","Brazil South","South India","Central India","West
        India","Canada Central","Canada East","West US 2","West Central US","UK South","UK
        West","Korea Central","Korea South"],"apiVersions":["2014-04-01"]},{"resourceType":"virtualMachines/metricDefinitions","locations":["East
        US","East US 2","West US","Central US","North Central US","South Central US","North
        Europe","West Europe","East Asia","Southeast Asia","Japan East","Japan West","Australia
        East","Australia Southeast","Brazil South","South India","Central India","West
        India","Canada Central","Canada East","West US 2","West Central US","UK South","UK
        West","Korea Central","Korea South"],"apiVersions":["2014-04-01"]},{"resourceType":"disks","locations":["Southeast
        Asia","East US","North Central US","South Central US","West US","East Asia","Brazil
        South","West US 2","West Central US","UK West","UK South","Japan East","Japan
        West","Canada Central","Canada East","Central India","South India","Australia
        East","Australia Southeast","Korea Central","Korea South","West India","Central
        US","East US 2","West Europe","North Europe"],"apiVersions":["2017-03-30","2016-04-30-preview"],"zoneMappings":[{"location":"East
        US 2","zones":["1","2","3"]},{"location":"Central US","zones":["1","2","3"]},{"location":"West
        Europe","zones":["1","2","3"]}],"capabilities":"None"},{"resourceType":"snapshots","locations":["Southeast
        Asia","East US 2","Central US","West Europe","East US","North Central US","South
        Central US","West US","North Europe","East Asia","Brazil South","West US 2","West
        Central US","UK West","UK South","Japan East","Japan West","Canada Central","Canada
        East","Central India","South India","Australia East","Australia Southeast","Korea
        Central","Korea South","West India"],"apiVersions":["2017-03-30","2016-04-30-preview"],"capabilities":"None"},{"resourceType":"locations/diskoperations","locations":["Southeast
        Asia","East US 2","Central US","West Europe","East US","North Central US","South
        Central US","West US","North Europe","East Asia","Brazil South","West US 2","West
        Central US","UK West","UK South","Japan East","Japan West","Canada Central","Canada
        East","Central India","South India","Australia East","Australia Southeast","Korea
        Central","Korea South","West India"],"apiVersions":["2017-03-30","2016-04-30-preview"]},{"resourceType":"images","locations":["Southeast
        Asia","East US 2","Central US","West Europe","East US","North Central US","South
        Central US","West US","North Europe","East Asia","Brazil South","West US 2","West
        Central US","UK West","UK South","Japan East","Japan West","Canada Central","Canada
        East","Central India","South India","Australia East","Australia Southeast","Korea
        Central","Korea South","West India"],"apiVersions":["2017-12-01","2017-03-30","2016-08-30","2016-04-30-preview"],"capabilities":"None"}],"registrationState":"Registered"}'}
    headers:
      cache-control: [no-cache]
      content-length: ['14427']
      content-type: [application/json; charset=utf-8]
      date: ['Tue, 12 Dec 2017 22:04:36 GMT']
      expires: ['-1']
      pragma: [no-cache]
      strict-transport-security: [max-age=31536000; includeSubDomains]
      vary: [Accept-Encoding]
    status: {code: 200, message: OK}
- request:
    body: null
    headers:
      Accept: [application/json]
      Accept-Encoding: ['gzip, deflate']
      CommandName: [resource invoke-action]
      Connection: [keep-alive]
      Content-Length: ['0']
      Content-Type: [application/json; charset=utf-8]
      User-Agent: [python/3.6.2 (Darwin-17.2.0-x86_64-i386-64bit) requests/2.18.4
          msrest/0.4.19 msrest_azure/0.4.18 resourcemanagementclient/1.2.1 Azure-SDK-For-Python
          AZURECLI/2.0.23]
      accept-language: [en-US]
    method: POST
    uri: https://management.azure.com/subscriptions/00000000-0000-0000-0000-000000000000/resourcegroups/cli_test_invoke_action000001/providers/Microsoft.Compute/virtualMachines/cli-test-vm000002/deallocate?api-version=2017-12-01
  response:
    body: {string: ''}
    headers:
      azure-asyncoperation: ['https://management.azure.com/subscriptions/00000000-0000-0000-0000-000000000000/providers/Microsoft.Compute/locations/westus/operations/0af4e7cc-731a-49bf-bdc0-9c72401c5549?api-version=2017-12-01']
      cache-control: [no-cache]
      content-length: ['0']
      date: ['Tue, 12 Dec 2017 22:04:42 GMT']
      expires: ['-1']
      location: ['https://management.azure.com/subscriptions/00000000-0000-0000-0000-000000000000/providers/Microsoft.Compute/locations/westus/operations/0af4e7cc-731a-49bf-bdc0-9c72401c5549?monitor=true&api-version=2017-12-01']
      pragma: [no-cache]
      server: [Microsoft-HTTPAPI/2.0, Microsoft-HTTPAPI/2.0]
      strict-transport-security: [max-age=31536000; includeSubDomains]
      x-ms-ratelimit-remaining-resource: ['Microsoft.Compute/DeleteVM3Min;297,Microsoft.Compute/DeleteVM30Min;1497']
      x-ms-ratelimit-remaining-subscription-writes: ['1198']
    status: {code: 202, message: Accepted}
- request:
    body: null
    headers:
      Accept: [application/json]
      Accept-Encoding: ['gzip, deflate']
      CommandName: [resource invoke-action]
      Connection: [keep-alive]
      Content-Type: [application/json; charset=utf-8]
      User-Agent: [python/3.6.2 (Darwin-17.2.0-x86_64-i386-64bit) requests/2.18.4
          msrest/0.4.19 msrest_azure/0.4.18 resourcemanagementclient/1.2.1 Azure-SDK-For-Python
          AZURECLI/2.0.23]
      accept-language: [en-US]
    method: GET
    uri: https://management.azure.com/subscriptions/00000000-0000-0000-0000-000000000000/providers/Microsoft.Compute/locations/westus/operations/0af4e7cc-731a-49bf-bdc0-9c72401c5549?api-version=2017-12-01
  response:
    body: {string: "{\r\n  \"startTime\": \"2017-12-12T22:04:41.1334084+00:00\",\r\n
        \ \"status\": \"InProgress\",\r\n  \"name\": \"0af4e7cc-731a-49bf-bdc0-9c72401c5549\"\r\n}"}
    headers:
      cache-control: [no-cache]
      content-length: ['134']
      content-type: [application/json; charset=utf-8]
      date: ['Tue, 12 Dec 2017 22:05:18 GMT']
      expires: ['-1']
      pragma: [no-cache]
      server: [Microsoft-HTTPAPI/2.0, Microsoft-HTTPAPI/2.0]
      strict-transport-security: [max-age=31536000; includeSubDomains]
      transfer-encoding: [chunked]
      vary: [Accept-Encoding]
      x-ms-ratelimit-remaining-resource: ['Microsoft.Compute/GetOperation3Min;2152,Microsoft.Compute/GetOperation30Min;17984']
    status: {code: 200, message: OK}
- request:
    body: null
    headers:
      Accept: [application/json]
      Accept-Encoding: ['gzip, deflate']
      CommandName: [resource invoke-action]
      Connection: [keep-alive]
      Content-Type: [application/json; charset=utf-8]
      User-Agent: [python/3.6.2 (Darwin-17.2.0-x86_64-i386-64bit) requests/2.18.4
          msrest/0.4.19 msrest_azure/0.4.18 resourcemanagementclient/1.2.1 Azure-SDK-For-Python
          AZURECLI/2.0.23]
      accept-language: [en-US]
    method: GET
    uri: https://management.azure.com/subscriptions/00000000-0000-0000-0000-000000000000/providers/Microsoft.Compute/locations/westus/operations/0af4e7cc-731a-49bf-bdc0-9c72401c5549?api-version=2017-12-01
  response:
    body: {string: "{\r\n  \"startTime\": \"2017-12-12T22:04:41.1334084+00:00\",\r\n
        \ \"status\": \"InProgress\",\r\n  \"name\": \"0af4e7cc-731a-49bf-bdc0-9c72401c5549\"\r\n}"}
    headers:
      cache-control: [no-cache]
      content-length: ['134']
      content-type: [application/json; charset=utf-8]
      date: ['Tue, 12 Dec 2017 22:05:53 GMT']
      expires: ['-1']
      pragma: [no-cache]
      server: [Microsoft-HTTPAPI/2.0, Microsoft-HTTPAPI/2.0]
      strict-transport-security: [max-age=31536000; includeSubDomains]
      transfer-encoding: [chunked]
      vary: [Accept-Encoding]
      x-ms-ratelimit-remaining-resource: ['Microsoft.Compute/GetOperation3Min;2152,Microsoft.Compute/GetOperation30Min;17981']
    status: {code: 200, message: OK}
- request:
    body: null
    headers:
      Accept: [application/json]
      Accept-Encoding: ['gzip, deflate']
      CommandName: [resource invoke-action]
      Connection: [keep-alive]
      Content-Type: [application/json; charset=utf-8]
      User-Agent: [python/3.6.2 (Darwin-17.2.0-x86_64-i386-64bit) requests/2.18.4
          msrest/0.4.19 msrest_azure/0.4.18 resourcemanagementclient/1.2.1 Azure-SDK-For-Python
          AZURECLI/2.0.23]
      accept-language: [en-US]
    method: GET
    uri: https://management.azure.com/subscriptions/00000000-0000-0000-0000-000000000000/providers/Microsoft.Compute/locations/westus/operations/0af4e7cc-731a-49bf-bdc0-9c72401c5549?api-version=2017-12-01
  response:
    body: {string: "{\r\n  \"startTime\": \"2017-12-12T22:04:41.1334084+00:00\",\r\n
        \ \"status\": \"InProgress\",\r\n  \"name\": \"0af4e7cc-731a-49bf-bdc0-9c72401c5549\"\r\n}"}
    headers:
      cache-control: [no-cache]
      content-length: ['134']
      content-type: [application/json; charset=utf-8]
      date: ['Tue, 12 Dec 2017 22:06:23 GMT']
      expires: ['-1']
      pragma: [no-cache]
      server: [Microsoft-HTTPAPI/2.0, Microsoft-HTTPAPI/2.0]
      strict-transport-security: [max-age=31536000; includeSubDomains]
      transfer-encoding: [chunked]
      vary: [Accept-Encoding]
      x-ms-ratelimit-remaining-resource: ['Microsoft.Compute/GetOperation3Min;2149,Microsoft.Compute/GetOperation30Min;17978']
    status: {code: 200, message: OK}
- request:
    body: null
    headers:
      Accept: [application/json]
      Accept-Encoding: ['gzip, deflate']
      CommandName: [resource invoke-action]
      Connection: [keep-alive]
      Content-Type: [application/json; charset=utf-8]
      User-Agent: [python/3.6.2 (Darwin-17.2.0-x86_64-i386-64bit) requests/2.18.4
          msrest/0.4.19 msrest_azure/0.4.18 resourcemanagementclient/1.2.1 Azure-SDK-For-Python
          AZURECLI/2.0.23]
      accept-language: [en-US]
    method: GET
    uri: https://management.azure.com/subscriptions/00000000-0000-0000-0000-000000000000/providers/Microsoft.Compute/locations/westus/operations/0af4e7cc-731a-49bf-bdc0-9c72401c5549?api-version=2017-12-01
  response:
    body: {string: "{\r\n  \"startTime\": \"2017-12-12T22:04:41.1334084+00:00\",\r\n
        \ \"endTime\": \"2017-12-12T22:06:31.9673335+00:00\",\r\n  \"status\": \"Succeeded\",\r\n
        \ \"name\": \"0af4e7cc-731a-49bf-bdc0-9c72401c5549\"\r\n}"}
    headers:
      cache-control: [no-cache]
      content-length: ['184']
      content-type: [application/json; charset=utf-8]
      date: ['Tue, 12 Dec 2017 22:06:58 GMT']
      expires: ['-1']
      pragma: [no-cache]
      server: [Microsoft-HTTPAPI/2.0, Microsoft-HTTPAPI/2.0]
      strict-transport-security: [max-age=31536000; includeSubDomains]
      transfer-encoding: [chunked]
      vary: [Accept-Encoding]
      x-ms-ratelimit-remaining-resource: ['Microsoft.Compute/GetOperation3Min;2148,Microsoft.Compute/GetOperation30Min;17976']
    status: {code: 200, message: OK}
- request:
    body: null
    headers:
      Accept: [application/json]
      Accept-Encoding: ['gzip, deflate']
      CommandName: [resource invoke-action]
      Connection: [keep-alive]
      Content-Type: [application/json; charset=utf-8]
      User-Agent: [python/3.6.2 (Darwin-17.2.0-x86_64-i386-64bit) requests/2.18.4
          msrest/0.4.19 msrest_azure/0.4.18 resourcemanagementclient/1.2.1 Azure-SDK-For-Python
          AZURECLI/2.0.23]
      accept-language: [en-US]
    method: GET
    uri: https://management.azure.com/subscriptions/00000000-0000-0000-0000-000000000000/providers/Microsoft.Compute?api-version=2017-05-10
  response:
    body: {string: '{"id":"/subscriptions/00000000-0000-0000-0000-000000000000/providers/Microsoft.Compute","namespace":"Microsoft.Compute","authorization":{"applicationId":"60e6cd67-9c8c-4951-9b3c-23c25a2169af","roleDefinitionId":"e4770acb-272e-4dc8-87f3-12f44a612224"},"resourceTypes":[{"resourceType":"availabilitySets","locations":["East
        US","East US 2","West US","Central US","North Central US","South Central US","North
        Europe","West Europe","East Asia","Southeast Asia","Japan East","Japan West","Australia
        East","Australia Southeast","Brazil South","South India","Central India","West
        India","Canada Central","Canada East","West US 2","West Central US","UK South","UK
        West","Korea Central","Korea South"],"apiVersions":["2017-12-01","2017-03-30","2016-08-30","2016-04-30-preview","2016-03-30","2015-06-15","2015-05-01-preview"],"apiProfiles":[{"profileVersion":"2017-03-09-profile","apiVersion":"2016-03-30"}],"capabilities":"CrossResourceGroupResourceMove,
        CrossSubscriptionResourceMove"},{"resourceType":"virtualMachines","locations":["East
        US","West US","North Central US","South Central US","East Asia","Southeast
        Asia","Japan East","Japan West","Australia East","Australia Southeast","Brazil
        South","South India","Central India","West India","Canada Central","Canada
        East","West US 2","West Central US","UK South","UK West","Korea Central","Korea
        South","Central US","East US 2","West Europe","North Europe"],"apiVersions":["2017-12-01","2017-03-30","2016-08-30","2016-04-30-preview","2016-03-30","2015-06-15","2015-05-01-preview"],"apiProfiles":[{"profileVersion":"2017-03-09-profile","apiVersion":"2016-03-30"}],"zoneMappings":[{"location":"East
        US 2","zones":["1","2","3"]},{"location":"Central US","zones":["1","2","3"]},{"location":"West
        Europe","zones":["1","2","3"]}],"capabilities":"CrossResourceGroupResourceMove,
        CrossSubscriptionResourceMove, SystemAssignedResourceIdentity"},{"resourceType":"virtualMachines/extensions","locations":["East
        US","East US 2","West US","Central US","North Central US","South Central US","North
        Europe","West Europe","East Asia","Southeast Asia","Japan East","Japan West","Australia
        East","Australia Southeast","Brazil South","South India","Central India","West
        India","Canada Central","Canada East","West US 2","West Central US","UK South","UK
        West","Korea Central","Korea South"],"apiVersions":["2017-12-01","2017-03-30","2016-08-30","2016-04-30-preview","2016-03-30","2015-06-15","2015-05-01-preview"],"apiProfiles":[{"profileVersion":"2017-03-09-profile","apiVersion":"2016-03-30"}],"capabilities":"CrossResourceGroupResourceMove,
        CrossSubscriptionResourceMove"},{"resourceType":"virtualMachineScaleSets","locations":["East
        US","West US","North Central US","South Central US","East Asia","Southeast
        Asia","Japan East","Japan West","Australia East","Australia Southeast","Brazil
        South","South India","Central India","West India","Canada Central","Canada
        East","West US 2","West Central US","UK South","UK West","Korea Central","Korea
        South","Central US","East US 2","West Europe","North Europe"],"apiVersions":["2017-12-01","2017-10-30-preview","2017-03-30","2016-08-30","2016-04-30-preview","2016-03-30","2015-06-15","2015-05-01-preview"],"apiProfiles":[{"profileVersion":"2017-03-09-profile","apiVersion":"2016-03-30"}],"zoneMappings":[{"location":"East
        US 2","zones":["1","2","3"]},{"location":"Central US","zones":["1","2","3"]},{"location":"West
        Europe","zones":["1","2","3"]}],"capabilities":"CrossResourceGroupResourceMove,
        CrossSubscriptionResourceMove, SystemAssignedResourceIdentity"},{"resourceType":"virtualMachineScaleSets/extensions","locations":["East
        US","East US 2","West US","Central US","North Central US","South Central US","North
        Europe","West Europe","East Asia","Southeast Asia","Japan East","Japan West","Australia
        East","Australia Southeast","Brazil South","South India","Central India","West
        India","Canada Central","Canada East","West US 2","West Central US","UK South","UK
        West","Korea Central","Korea South"],"apiVersions":["2017-12-01","2017-10-30-preview","2017-03-30","2016-08-30","2016-04-30-preview","2016-03-30","2015-06-15","2015-05-01-preview"]},{"resourceType":"virtualMachineScaleSets/virtualMachines","locations":["East
        US","East US 2","West US","Central US","North Central US","South Central US","North
        Europe","West Europe","East Asia","Southeast Asia","Japan East","Japan West","Australia
        East","Australia Southeast","Brazil South","South India","Central India","West
        India","Canada Central","Canada East","West US 2","West Central US","UK South","UK
        West","Korea Central","Korea South"],"apiVersions":["2017-12-01","2017-10-30-preview","2017-03-30","2016-08-30","2016-04-30-preview","2016-03-30","2015-06-15","2015-05-01-preview"]},{"resourceType":"virtualMachineScaleSets/networkInterfaces","locations":["East
        US","East US 2","West US","Central US","North Central US","South Central US","North
        Europe","West Europe","East Asia","Southeast Asia","Japan East","Japan West","Australia
        East","Australia Southeast","Brazil South","South India","Central India","West
        India","Canada Central","Canada East","West US 2","West Central US","UK South","UK
        West","Korea Central","Korea South"],"apiVersions":["2017-12-01","2017-03-30","2016-09-01","2016-08-01","2016-07-01","2016-06-01","2016-04-30-preview","2016-03-30","2015-06-15","2015-05-01-preview"]},{"resourceType":"virtualMachineScaleSets/virtualMachines/networkInterfaces","locations":["East
        US","East US 2","West US","Central US","North Central US","South Central US","North
        Europe","West Europe","East Asia","Southeast Asia","Japan East","Japan West","Australia
        East","Australia Southeast","Brazil South","South India","Central India","West
        India","Canada Central","Canada East","West US 2","West Central US","UK South","UK
        West","Korea Central","Korea South"],"apiVersions":["2017-12-01","2017-03-30","2016-09-01","2016-08-01","2016-07-01","2016-06-01","2016-04-30-preview","2016-03-30","2015-06-15","2015-05-01-preview"]},{"resourceType":"virtualMachineScaleSets/publicIPAddresses","locations":["East
        US","East US 2","West US","Central US","North Central US","South Central US","North
        Europe","West Europe","East Asia","Southeast Asia","Japan East","Japan West","Australia
        East","Australia Southeast","Brazil South","South India","Central India","West
        India","Canada Central","Canada East","West US 2","West Central US","UK South","UK
        West","Korea Central","Korea South"],"apiVersions":["2017-12-01","2017-03-30"]},{"resourceType":"locations","locations":[],"apiVersions":["2017-12-01","2017-03-30","2016-08-30","2016-04-30-preview","2016-03-30","2015-06-15","2015-05-01-preview"]},{"resourceType":"locations/operations","locations":["East
        US","East US 2","West US","Central US","North Central US","South Central US","North
        Europe","West Europe","East Asia","Southeast Asia","Japan East","Japan West","Australia
        East","Australia Southeast","Brazil South","South India","Central India","West
        India","Canada Central","Canada East","West US 2","West Central US","UK South","UK
        West","Korea Central","Korea South"],"apiVersions":["2017-12-01","2017-10-30-preview","2017-03-30","2016-08-30","2016-04-30-preview","2016-03-30","2015-06-15","2015-05-01-preview"]},{"resourceType":"locations/vmSizes","locations":["East
        US","East US 2","West US","Central US","North Central US","South Central US","North
        Europe","West Europe","East Asia","Southeast Asia","Japan East","Japan West","Australia
        East","Australia Southeast","Brazil South","South India","Central India","West
        India","Canada Central","Canada East","West US 2","West Central US","UK South","UK
        West","Korea Central","Korea South"],"apiVersions":["2017-12-01","2017-03-30","2016-08-30","2016-04-30-preview","2016-03-30","2015-06-15","2015-05-01-preview"]},{"resourceType":"locations/runCommands","locations":["East
        US","East US 2","West US","Central US","North Central US","South Central US","North
        Europe","West Europe","East Asia","Southeast Asia","Japan East","Japan West","Australia
        East","Australia Southeast","Brazil South","South India","Central India","West
        India","Canada Central","Canada East","West US 2","West Central US","UK South","UK
        West","Korea Central","Korea South"],"apiVersions":["2017-12-01","2017-03-30"]},{"resourceType":"locations/usages","locations":["East
        US","East US 2","West US","Central US","North Central US","South Central US","North
        Europe","West Europe","East Asia","Southeast Asia","Japan East","Japan West","Australia
        East","Australia Southeast","Brazil South","South India","Central India","West
        India","Canada Central","Canada East","West US 2","West Central US","UK South","UK
        West","Korea Central","Korea South"],"apiVersions":["2017-12-01","2017-03-30","2016-08-30","2016-04-30-preview","2016-03-30","2015-06-15","2015-05-01-preview"]},{"resourceType":"locations/virtualMachines","locations":["East
        US","East US 2","West US","Central US","North Central US","South Central US","North
        Europe","West Europe","East Asia","Southeast Asia","Japan East","Japan West","Australia
        East","Australia Southeast","Brazil South","South India","Central India","West
        India","Canada Central","Canada East","West US 2","West Central US","UK South","UK
        West","Korea Central","Korea South"],"apiVersions":["2017-12-01","2017-03-30","2016-08-30"]},{"resourceType":"locations/publishers","locations":["East
        US","East US 2","West US","Central US","North Central US","South Central US","North
        Europe","West Europe","East Asia","Southeast Asia","Japan East","Japan West","Australia
        East","Australia Southeast","Brazil South","South India","Central India","West
        India","Canada Central","Canada East","West US 2","West Central US","UK South","UK
        West","Korea Central","Korea South"],"apiVersions":["2017-12-01","2017-03-30","2016-08-30","2016-04-30-preview","2016-03-30","2015-06-15","2015-05-01-preview"]},{"resourceType":"operations","locations":["East
        US","East US 2","West US","Central US","North Central US","South Central US","North
        Europe","West Europe","East Asia","Southeast Asia","Japan East","Japan West","Australia
        East","Australia Southeast","Brazil South","South India","Central India","West
        India","Canada Central","Canada East","West US 2","West Central US","UK South","UK
        West","Korea Central","Korea South"],"apiVersions":["2017-12-01","2017-03-30","2016-08-30","2016-03-30","2015-06-15","2015-05-01-preview"]},{"resourceType":"restorePointCollections","locations":["Southeast
        Asia","East US 2","Central US","West Europe","East US","North Central US","South
        Central US","West US","North Europe","East Asia","Brazil South","West US 2","West
        Central US","UK West","UK South","Japan East","Japan West","Canada Central","Canada
        East","Central India","South India","Australia East","Australia Southeast","Korea
        Central","Korea South","West India"],"apiVersions":["2017-12-01","2017-03-30"],"capabilities":"None"},{"resourceType":"restorePointCollections/restorePoints","locations":["Southeast
        Asia","East US 2","Central US","West Europe","East US","North Central US","South
        Central US","West US","North Europe","East Asia","Brazil South","West US 2","West
        Central US","UK West","UK South","Japan East","Japan West","Canada Central","Canada
        East","Central India","South India","Australia East","Australia Southeast","Korea
        Central","Korea South","West India"],"apiVersions":["2017-12-01","2017-03-30"]},{"resourceType":"virtualMachines/diagnosticSettings","locations":["East
        US","East US 2","West US","Central US","North Central US","South Central US","North
        Europe","West Europe","East Asia","Southeast Asia","Japan East","Japan West","Australia
        East","Australia Southeast","Brazil South","South India","Central India","West
        India","Canada Central","Canada East","West US 2","West Central US","UK South","UK
        West","Korea Central","Korea South"],"apiVersions":["2014-04-01"]},{"resourceType":"virtualMachines/metricDefinitions","locations":["East
        US","East US 2","West US","Central US","North Central US","South Central US","North
        Europe","West Europe","East Asia","Southeast Asia","Japan East","Japan West","Australia
        East","Australia Southeast","Brazil South","South India","Central India","West
        India","Canada Central","Canada East","West US 2","West Central US","UK South","UK
        West","Korea Central","Korea South"],"apiVersions":["2014-04-01"]},{"resourceType":"disks","locations":["Southeast
        Asia","East US","North Central US","South Central US","West US","East Asia","Brazil
        South","West US 2","West Central US","UK West","UK South","Japan East","Japan
        West","Canada Central","Canada East","Central India","South India","Australia
        East","Australia Southeast","Korea Central","Korea South","West India","Central
        US","East US 2","West Europe","North Europe"],"apiVersions":["2017-03-30","2016-04-30-preview"],"zoneMappings":[{"location":"East
        US 2","zones":["1","2","3"]},{"location":"Central US","zones":["1","2","3"]},{"location":"West
        Europe","zones":["1","2","3"]}],"capabilities":"None"},{"resourceType":"snapshots","locations":["Southeast
        Asia","East US 2","Central US","West Europe","East US","North Central US","South
        Central US","West US","North Europe","East Asia","Brazil South","West US 2","West
        Central US","UK West","UK South","Japan East","Japan West","Canada Central","Canada
        East","Central India","South India","Australia East","Australia Southeast","Korea
        Central","Korea South","West India"],"apiVersions":["2017-03-30","2016-04-30-preview"],"capabilities":"None"},{"resourceType":"locations/diskoperations","locations":["Southeast
        Asia","East US 2","Central US","West Europe","East US","North Central US","South
        Central US","West US","North Europe","East Asia","Brazil South","West US 2","West
        Central US","UK West","UK South","Japan East","Japan West","Canada Central","Canada
        East","Central India","South India","Australia East","Australia Southeast","Korea
        Central","Korea South","West India"],"apiVersions":["2017-03-30","2016-04-30-preview"]},{"resourceType":"images","locations":["Southeast
        Asia","East US 2","Central US","West Europe","East US","North Central US","South
        Central US","West US","North Europe","East Asia","Brazil South","West US 2","West
        Central US","UK West","UK South","Japan East","Japan West","Canada Central","Canada
        East","Central India","South India","Australia East","Australia Southeast","Korea
        Central","Korea South","West India"],"apiVersions":["2017-12-01","2017-03-30","2016-08-30","2016-04-30-preview"],"capabilities":"None"}],"registrationState":"Registered"}'}
    headers:
      cache-control: [no-cache]
      content-length: ['14427']
      content-type: [application/json; charset=utf-8]
      date: ['Tue, 12 Dec 2017 22:07:04 GMT']
      expires: ['-1']
      pragma: [no-cache]
      strict-transport-security: [max-age=31536000; includeSubDomains]
      vary: [Accept-Encoding]
    status: {code: 200, message: OK}
- request:
    body: '{"vhdPrefix": "myPrefix", "destinationContainerName": "container", "overwriteVhds":
      "true"}'
    headers:
      Accept: [application/json]
      Accept-Encoding: ['gzip, deflate']
      CommandName: [resource invoke-action]
      Connection: [keep-alive]
      Content-Length: ['91']
      Content-Type: [application/json; charset=utf-8]
      User-Agent: [python/3.6.2 (Darwin-17.2.0-x86_64-i386-64bit) requests/2.18.4
          msrest/0.4.19 msrest_azure/0.4.18 resourcemanagementclient/1.2.1 Azure-SDK-For-Python
          AZURECLI/2.0.23]
      accept-language: [en-US]
    method: POST
    uri: https://management.azure.com/subscriptions/00000000-0000-0000-0000-000000000000/resourcegroups/cli_test_invoke_action000001/providers/Microsoft.Compute/virtualMachines/cli-test-vm000002/capture?api-version=2017-12-01
  response:
    body: {string: ''}
    headers:
      azure-asyncoperation: ['https://management.azure.com/subscriptions/00000000-0000-0000-0000-000000000000/providers/Microsoft.Compute/locations/westus/operations/1d1c8220-03ba-46d1-bf84-d8a05e15ddb0?api-version=2017-12-01']
      cache-control: [no-cache]
      content-length: ['0']
      date: ['Tue, 12 Dec 2017 22:07:05 GMT']
      expires: ['-1']
      location: ['https://management.azure.com/subscriptions/00000000-0000-0000-0000-000000000000/providers/Microsoft.Compute/locations/westus/operations/1d1c8220-03ba-46d1-bf84-d8a05e15ddb0?monitor=true&api-version=2017-12-01']
      pragma: [no-cache]
      server: [Microsoft-HTTPAPI/2.0, Microsoft-HTTPAPI/2.0]
      strict-transport-security: [max-age=31536000; includeSubDomains]
      x-ms-ratelimit-remaining-resource: ['Microsoft.Compute/CreateUpdateVM3Min;299,Microsoft.Compute/CreateUpdateVM30Min;1498']
      x-ms-ratelimit-remaining-subscription-writes: ['1198']
    status: {code: 202, message: Accepted}
- request:
    body: null
    headers:
      Accept: [application/json]
      Accept-Encoding: ['gzip, deflate']
      CommandName: [resource invoke-action]
      Connection: [keep-alive]
      Content-Type: [application/json; charset=utf-8]
      User-Agent: [python/3.6.2 (Darwin-17.2.0-x86_64-i386-64bit) requests/2.18.4
          msrest/0.4.19 msrest_azure/0.4.18 resourcemanagementclient/1.2.1 Azure-SDK-For-Python
          AZURECLI/2.0.23]
      accept-language: [en-US]
    method: GET
    uri: https://management.azure.com/subscriptions/00000000-0000-0000-0000-000000000000/providers/Microsoft.Compute/locations/westus/operations/1d1c8220-03ba-46d1-bf84-d8a05e15ddb0?api-version=2017-12-01
  response:
    body: {string: "{\r\n  \"startTime\": \"2017-12-12T22:07:04.0817197+00:00\",\r\n
        \ \"endTime\": \"2017-12-12T22:07:04.3629569+00:00\",\r\n  \"status\": \"Succeeded\",\r\n
        \ \"properties\": {\r\n    \"output\": {\"$schema\":\"http://schema.management.azure.com/schemas/2014-04-01-preview/VM_IP.json\",\"contentVersion\":\"1.0.0.0\",\"parameters\":{\"vmName\":{\"type\":\"string\"},\"vmSize\":{\"type\":\"string\",\"defaultValue\":\"Standard_DS1_v2\"},\"adminUserName\":{\"type\":\"string\"},\"adminPassword\":{\"type\":\"securestring\"},\"networkInterfaceId\":{\"type\":\"string\"}},\"resources\":[{\"apiVersion\":\"2017-12-01\",\"properties\":{\"hardwareProfile\":{\"vmSize\":\"[parameters('vmSize')]\"},\"storageProfile\":{\"osDisk\":{\"osType\":\"Linux\",\"name\":\"myPrefix-osDisk.5847d40e-9ddf-4456-9d08-4bd508e71e06.vhd\",\"createOption\":\"FromImage\",\"image\":{\"uri\":\"https://vhdstoragec00cccf1b99151.blob.core.windows.net/system/Microsoft.Compute/Images/container/myPrefix-osDisk.5847d40e-9ddf-4456-9d08-4bd508e71e06.vhd\"},\"vhd\":{\"uri\":\"https://vhdstoragec00cccf1b99151.blob.core.windows.net/vmcontainerea13065e-2339-4f30-9444-d3647b4ea334/osDisk.ea13065e-2339-4f30-9444-d3647b4ea334.vhd\"},\"caching\":\"ReadWrite\"}},\"osProfile\":{\"computerName\":\"[parameters('vmName')]\",\"adminUsername\":\"[parameters('adminUsername')]\",\"adminPassword\":\"[parameters('adminPassword')]\"},\"networkProfile\":{\"networkInterfaces\":[{\"id\":\"[parameters('networkInterfaceId')]\"}]},\"provisioningState\":0},\"type\":\"Microsoft.Compute/virtualMachines\",\"location\":\"westus\",\"name\":\"[parameters('vmName')]\"}]}\r\n
        \ },\r\n  \"name\": \"1d1c8220-03ba-46d1-bf84-d8a05e15ddb0\"\r\n}"}
    headers:
      cache-control: [no-cache]
      content-length: ['1517']
      content-type: [application/json; charset=utf-8]
      date: ['Tue, 12 Dec 2017 22:07:38 GMT']
      expires: ['-1']
      pragma: [no-cache]
      server: [Microsoft-HTTPAPI/2.0, Microsoft-HTTPAPI/2.0]
      strict-transport-security: [max-age=31536000; includeSubDomains]
      transfer-encoding: [chunked]
      vary: [Accept-Encoding]
      x-ms-ratelimit-remaining-resource: ['Microsoft.Compute/GetOperation3Min;2148,Microsoft.Compute/GetOperation30Min;17974']
    status: {code: 200, message: OK}
- request:
    body: null
    headers:
      Accept: [application/json]
      Accept-Encoding: ['gzip, deflate']
      CommandName: [group delete]
      Connection: [keep-alive]
      Content-Length: ['0']
      Content-Type: [application/json; charset=utf-8]
      User-Agent: [python/3.6.2 (Darwin-17.2.0-x86_64-i386-64bit) requests/2.18.4
          msrest/0.4.19 msrest_azure/0.4.18 resourcemanagementclient/1.2.1 Azure-SDK-For-Python
          AZURECLI/2.0.23]
      accept-language: [en-US]
    method: DELETE
    uri: https://management.azure.com/subscriptions/00000000-0000-0000-0000-000000000000/resourcegroups/cli_test_invoke_action000001?api-version=2017-05-10
  response:
    body: {string: ''}
    headers:
      cache-control: [no-cache]
      content-length: ['0']
      date: ['Tue, 12 Dec 2017 22:07:51 GMT']
      expires: ['-1']
      location: ['https://management.azure.com/subscriptions/00000000-0000-0000-0000-000000000000/operationresults/eyJqb2JJZCI6IlJFU09VUkNFR1JPVVBERUxFVElPTkpPQi1DTEk6NUZURVNUOjVGSU5WT0tFOjVGQUNUSU9OU0hYSk42QlMyRkxKVkpLSUhaWHwxQ0JDQjg0MzJDMzYyOEUzLVdFU1RVUyIsImpvYkxvY2F0aW9uIjoid2VzdHVzIn0?api-version=2017-05-10']
      pragma: [no-cache]
      strict-transport-security: [max-age=31536000; includeSubDomains]
      x-ms-ratelimit-remaining-subscription-writes: ['1199']
    status: {code: 202, message: Accepted}
version: 1
