interactions:
- request:
    body: '{"location": "westus", "tags": {"use": "az-test"}}'
    headers:
      Accept: [application/json]
      Accept-Encoding: ['gzip, deflate']
      CommandName: [group create]
      Connection: [keep-alive]
      Content-Length: ['50']
      Content-Type: [application/json; charset=utf-8]
      User-Agent: [python/3.5.1 (Windows-10-10.0.15063-SP0) requests/2.9.1 msrest/0.4.11
          msrest_azure/0.4.9 resourcemanagementclient/1.1.0 Azure-SDK-For-Python AZURECLI/2.0.10+dev]
      accept-language: [en-US]
    method: PUT
    uri: https://management.azure.com/subscriptions/00000000-0000-0000-0000-000000000000/resourcegroups/cli_test_cross_rg_alt000001?api-version=2017-05-10
  response:
    body: {string: '{"id":"/subscriptions/00000000-0000-0000-0000-000000000000/resourceGroups/cli_test_cross_rg_alt000001","name":"cli_test_cross_rg_alt000001","location":"westus","tags":{"use":"az-test"},"properties":{"provisioningState":"Succeeded"}}'}
    headers:
      cache-control: [no-cache]
      content-length: ['328']
      content-type: [application/json; charset=utf-8]
      date: ['Mon, 26 Jun 2017 22:31:01 GMT']
      expires: ['-1']
      pragma: [no-cache]
      strict-transport-security: [max-age=31536000; includeSubDomains]
      x-ms-ratelimit-remaining-subscription-writes: ['1195']
    status: {code: 201, message: Created}
- request:
    body: '{"location": "westus", "tags": {"use": "az-test"}}'
    headers:
      Accept: [application/json]
      Accept-Encoding: ['gzip, deflate']
      CommandName: [group create]
      Connection: [keep-alive]
      Content-Length: ['50']
      Content-Type: [application/json; charset=utf-8]
      User-Agent: [python/3.5.1 (Windows-10-10.0.15063-SP0) requests/2.9.1 msrest/0.4.11
          msrest_azure/0.4.9 resourcemanagementclient/1.1.0 Azure-SDK-For-Python AZURECLI/2.0.10+dev]
      accept-language: [en-US]
    method: PUT
    uri: https://management.azure.com/subscriptions/00000000-0000-0000-0000-000000000000/resourcegroups/cli_test_cross_rg_deploy000002?api-version=2017-05-10
  response:
    body: {string: '{"id":"/subscriptions/00000000-0000-0000-0000-000000000000/resourceGroups/cli_test_cross_rg_deploy000002","name":"cli_test_cross_rg_deploy000002","location":"westus","tags":{"use":"az-test"},"properties":{"provisioningState":"Succeeded"}}'}
    headers:
      cache-control: [no-cache]
      content-length: ['328']
      content-type: [application/json; charset=utf-8]
      date: ['Mon, 26 Jun 2017 22:31:00 GMT']
      expires: ['-1']
      pragma: [no-cache]
      strict-transport-security: [max-age=31536000; includeSubDomains]
      x-ms-ratelimit-remaining-subscription-writes: ['1194']
    status: {code: 201, message: Created}
- request:
    body: 'b''{"properties": {"template": {"contentVersion": "1.0.0.0", "$schema":
      "https://schema.management.azure.com/schemas/2015-01-01/deploymentTemplate.json#",
      "resources": [{"type": "Microsoft.Resources/deployments", "name": "nestedTemplate",
      "properties": {"template": {"contentVersion": "1.0.0.0", "resources": [{"properties":
      {"accountType": "Standard_LRS"}, "name": "[parameters(\''StorageAccountName2\'')]",
      "type": "Microsoft.Storage/storageAccounts", "apiVersion": "2015-06-15", "location":
      "West US"}], "outputs": {"result": {"type": "string", "value": "Hello World"}},
      "parameters": {}, "$schema": "https://schema.management.azure.com/schemas/2015-01-01/deploymentTemplate.json#",
      "variables": {}}, "parameters": {}, "mode": "Incremental"}, "apiVersion": "2017-05-10",
      "resourceGroup": "[parameters(\''CrossRg\'')]"}, {"properties": {"accountType":
      "Standard_LRS"}, "name": "[parameters(\''StorageAccountName1\'')]", "type":
      "Microsoft.Storage/storageAccounts", "apiVersion": "2015-06-15", "location":
      "West US"}], "variables": {}, "parameters": {"StorageAccountName2": {"type":
      "string", "defaultValue": "test1ddfosatdest73"}, "CrossRg": {"type": "string",
      "defaultValue": "crossrg5"}, "StorageAccountName1": {"type": "string", "defaultValue":
      "test1ddosdatest72"}}}, "parameters": {"StorageAccountName2": {"value": "None"},
      "CrossRg": {"value": "cli_test_cross_rg_alt000001"}, "StorageAccountName1":
      {"value": "None"}}, "mode": "Incremental"}}'''
    headers:
      Accept: [application/json]
      Accept-Encoding: ['gzip, deflate']
      CommandName: [group deployment validate]
      Connection: [keep-alive]
      Content-Length: ['1483']
      Content-Type: [application/json; charset=utf-8]
      User-Agent: [python/3.5.1 (Windows-10-10.0.15063-SP0) requests/2.9.1 msrest/0.4.11
          msrest_azure/0.4.9 resourcemanagementclient/1.1.0 Azure-SDK-For-Python AZURECLI/2.0.10+dev]
      accept-language: [en-US]
    method: POST
    uri: https://management.azure.com/subscriptions/00000000-0000-0000-0000-000000000000/resourcegroups/cli_test_cross_rg_deploy000002/providers/Microsoft.Resources/deployments/mock-deployment/validate?api-version=2017-05-10
  response:
    body: {string: '{"id":"/subscriptions/00000000-0000-0000-0000-000000000000/resourceGroups/cli_test_cross_rg_deploy000002/providers/Microsoft.Resources/deployments/deployment_dry_run","name":"deployment_dry_run","properties":{"templateHash":"13037531242637459410","parameters":{"storageAccountName2":{"type":"String","value":"None"},"crossRg":{"type":"String","value":"cli_test_cross_rg_alt000001"},"storageAccountName1":{"type":"String","value":"None"}},"mode":"Incremental","provisioningState":"Succeeded","timestamp":"2017-06-26T22:31:02.521643Z","duration":"PT0S","correlationId":"510ff62c-d6c8-45ef-8ce0-8f1fb313f6c1","providers":[{"namespace":"Microsoft.Resources","resourceTypes":[{"resourceType":"deployments","locations":[null]}]},{"namespace":"Microsoft.Storage","resourceTypes":[{"resourceType":"storageAccounts","locations":["westus"]}]}],"dependencies":[],"validatedResources":[{"apiVersion":"2015-06-15","id":"/subscriptions/00000000-0000-0000-0000-000000000000/resourceGroups/cli_test_cross_rg_alt000001/providers/Microsoft.Storage/storageAccounts/None","name":"None","type":"Microsoft.Storage/storageAccounts","location":"West
        US","properties":{"accountType":"Standard_LRS"}},{"apiVersion":"2015-06-15","id":"/subscriptions/00000000-0000-0000-0000-000000000000/resourceGroups/cli_test_cross_rg_deploy000002/providers/Microsoft.Storage/storageAccounts/None","name":"None","type":"Microsoft.Storage/storageAccounts","location":"West
        US","properties":{"accountType":"Standard_LRS"}}]}}'}
    headers:
      cache-control: [no-cache]
      content-length: ['1667']
      content-type: [application/json; charset=utf-8]
      date: ['Mon, 26 Jun 2017 22:31:02 GMT']
      expires: ['-1']
      pragma: [no-cache]
      strict-transport-security: [max-age=31536000; includeSubDomains]
      transfer-encoding: [chunked]
      vary: [Accept-Encoding]
      x-ms-ratelimit-remaining-subscription-writes: ['1194']
    status: {code: 200, message: OK}
- request:
    body: 'b''{"properties": {"template": {"contentVersion": "1.0.0.0", "$schema":
      "https://schema.management.azure.com/schemas/2015-01-01/deploymentTemplate.json#",
      "resources": [{"type": "Microsoft.Resources/deployments", "name": "nestedTemplate",
      "properties": {"template": {"contentVersion": "1.0.0.0", "resources": [{"properties":
      {"accountType": "Standard_LRS"}, "name": "[parameters(\''StorageAccountName2\'')]",
      "type": "Microsoft.Storage/storageAccounts", "apiVersion": "2015-06-15", "location":
      "West US"}], "outputs": {"result": {"type": "string", "value": "Hello World"}},
      "parameters": {}, "$schema": "https://schema.management.azure.com/schemas/2015-01-01/deploymentTemplate.json#",
      "variables": {}}, "parameters": {}, "mode": "Incremental"}, "apiVersion": "2017-05-10",
      "resourceGroup": "[parameters(\''CrossRg\'')]"}, {"properties": {"accountType":
      "Standard_LRS"}, "name": "[parameters(\''StorageAccountName1\'')]", "type":
      "Microsoft.Storage/storageAccounts", "apiVersion": "2015-06-15", "location":
      "West US"}], "variables": {}, "parameters": {"StorageAccountName2": {"type":
      "string", "defaultValue": "test1ddfosatdest73"}, "CrossRg": {"type": "string",
      "defaultValue": "crossrg5"}, "StorageAccountName1": {"type": "string", "defaultValue":
      "test1ddosdatest72"}}}, "parameters": {"CrossRg": {"value": "cli_test_cross_rg_alt000001"}},
      "mode": "Incremental"}}'''
    headers:
      Accept: [application/json]
      Accept-Encoding: ['gzip, deflate']
      CommandName: [group deployment create]
      Connection: [keep-alive]
      Content-Length: ['1399']
      Content-Type: [application/json; charset=utf-8]
      User-Agent: [python/3.5.1 (Windows-10-10.0.15063-SP0) requests/2.9.1 msrest/0.4.11
          msrest_azure/0.4.9 resourcemanagementclient/1.1.0 Azure-SDK-For-Python AZURECLI/2.0.10+dev]
      accept-language: [en-US]
    method: PUT
    uri: https://management.azure.com/subscriptions/00000000-0000-0000-0000-000000000000/resourcegroups/cli_test_cross_rg_deploy000002/providers/Microsoft.Resources/deployments/mock-deployment?api-version=2017-05-10
  response:
    body: {string: '{"id":"/subscriptions/00000000-0000-0000-0000-000000000000/resourceGroups/cli_test_cross_rg_deploy000002/providers/Microsoft.Resources/deployments/azure-cli-crossrgdeployment","name":"azure-cli-crossrgdeployment","properties":{"templateHash":"13037531242637459410","parameters":{"storageAccountName2":{"type":"String","value":"test1ddfosatdest73"},"crossRg":{"type":"String","value":"cli_test_cross_rg_alt000001"},"storageAccountName1":{"type":"String","value":"test1ddosdatest72"}},"mode":"Incremental","provisioningState":"Accepted","timestamp":"2017-06-26T22:31:03.9891721Z","duration":"PT0.1631604S","correlationId":"e5d74bf7-23b9-432f-b452-5a50ea831aed","providers":[{"namespace":"Microsoft.Resources","resourceTypes":[{"resourceType":"deployments","locations":[null]}]},{"namespace":"Microsoft.Storage","resourceTypes":[{"resourceType":"storageAccounts","locations":["westus"]}]}],"dependencies":[]}}'}
    headers:
      azure-asyncoperation: ['https://management.azure.com/subscriptions/00000000-0000-0000-0000-000000000000/resourcegroups/cli_test_cross_rg_deploy000002/providers/Microsoft.Resources/deployments/azure-cli-crossrgdeployment/operationStatuses/08587030906216516052?api-version=2017-05-10']
      cache-control: [no-cache]
      content-length: ['999']
      content-type: [application/json; charset=utf-8]
      date: ['Mon, 26 Jun 2017 22:31:03 GMT']
      expires: ['-1']
      pragma: [no-cache]
      strict-transport-security: [max-age=31536000; includeSubDomains]
      x-ms-ratelimit-remaining-subscription-writes: ['1195']
    status: {code: 201, message: Created}
- request:
    body: null
    headers:
      Accept: [application/json]
      Accept-Encoding: ['gzip, deflate']
      CommandName: [group deployment create]
      Connection: [keep-alive]
      Content-Type: [application/json; charset=utf-8]
      User-Agent: [python/3.5.1 (Windows-10-10.0.15063-SP0) requests/2.9.1 msrest/0.4.11
          msrest_azure/0.4.9 resourcemanagementclient/1.1.0 Azure-SDK-For-Python AZURECLI/2.0.10+dev]
      accept-language: [en-US]
    method: GET
    uri: https://management.azure.com/subscriptions/00000000-0000-0000-0000-000000000000/resourcegroups/cli_test_cross_rg_deploy000002/providers/Microsoft.Resources/deployments/mock-deployment/operationStatuses/08587030906216516052?api-version=2017-05-10
  response:
    body: {string: '{"status":"Running"}'}
    headers:
      cache-control: [no-cache]
      content-length: ['20']
      content-type: [application/json; charset=utf-8]
      date: ['Mon, 26 Jun 2017 22:31:34 GMT']
      expires: ['-1']
      pragma: [no-cache]
      strict-transport-security: [max-age=31536000; includeSubDomains]
      vary: [Accept-Encoding]
    status: {code: 200, message: OK}
- request:
    body: null
    headers:
      Accept: [application/json]
      Accept-Encoding: ['gzip, deflate']
      CommandName: [group deployment create]
      Connection: [keep-alive]
      Content-Type: [application/json; charset=utf-8]
      User-Agent: [python/3.5.1 (Windows-10-10.0.15063-SP0) requests/2.9.1 msrest/0.4.11
          msrest_azure/0.4.9 resourcemanagementclient/1.1.0 Azure-SDK-For-Python AZURECLI/2.0.10+dev]
      accept-language: [en-US]
    method: GET
    uri: https://management.azure.com/subscriptions/00000000-0000-0000-0000-000000000000/resourcegroups/cli_test_cross_rg_deploy000002/providers/Microsoft.Resources/deployments/mock-deployment/operationStatuses/08587030906216516052?api-version=2017-05-10
  response:
    body: {string: '{"status":"Succeeded"}'}
    headers:
      cache-control: [no-cache]
      content-length: ['22']
      content-type: [application/json; charset=utf-8]
      date: ['Mon, 26 Jun 2017 22:32:04 GMT']
      expires: ['-1']
      pragma: [no-cache]
      strict-transport-security: [max-age=31536000; includeSubDomains]
      vary: [Accept-Encoding]
    status: {code: 200, message: OK}
- request:
    body: null
    headers:
      Accept: [application/json]
      Accept-Encoding: ['gzip, deflate']
      CommandName: [group deployment create]
      Connection: [keep-alive]
      Content-Type: [application/json; charset=utf-8]
      User-Agent: [python/3.5.1 (Windows-10-10.0.15063-SP0) requests/2.9.1 msrest/0.4.11
          msrest_azure/0.4.9 resourcemanagementclient/1.1.0 Azure-SDK-For-Python AZURECLI/2.0.10+dev]
      accept-language: [en-US]
    method: GET
    uri: https://management.azure.com/subscriptions/00000000-0000-0000-0000-000000000000/resourcegroups/cli_test_cross_rg_deploy000002/providers/Microsoft.Resources/deployments/mock-deployment?api-version=2017-05-10
  response:
    body: {string: '{"id":"/subscriptions/00000000-0000-0000-0000-000000000000/resourceGroups/cli_test_cross_rg_deploy000002/providers/Microsoft.Resources/deployments/azure-cli-crossrgdeployment","name":"azure-cli-crossrgdeployment","properties":{"templateHash":"13037531242637459410","parameters":{"storageAccountName2":{"type":"String","value":"test1ddfosatdest73"},"crossRg":{"type":"String","value":"cli_test_cross_rg_alt000001"},"storageAccountName1":{"type":"String","value":"test1ddosdatest72"}},"mode":"Incremental","provisioningState":"Succeeded","timestamp":"2017-06-26T22:31:37.3867491Z","duration":"PT33.5607374S","correlationId":"e5d74bf7-23b9-432f-b452-5a50ea831aed","providers":[{"namespace":"Microsoft.Resources","resourceTypes":[{"resourceType":"deployments","locations":[null]}]},{"namespace":"Microsoft.Storage","resourceTypes":[{"resourceType":"storageAccounts","locations":["westus"]}]}],"dependencies":[],"outputResources":[{"id":"/subscriptions/00000000-0000-0000-0000-000000000000/resourceGroups/cli_test_cross_rg_alt000001/providers/Microsoft.Storage/storageAccounts/test1ddfosatdest73"},{"id":"/subscriptions/00000000-0000-0000-0000-000000000000/resourceGroups/cli_test_cross_rg_deploy000002/providers/Microsoft.Storage/storageAccounts/test1ddosdatest72"}]}}'}
    headers:
      cache-control: [no-cache]
      content-length: ['1450']
      content-type: [application/json; charset=utf-8]
      date: ['Mon, 26 Jun 2017 22:32:04 GMT']
      expires: ['-1']
      pragma: [no-cache]
      strict-transport-security: [max-age=31536000; includeSubDomains]
      vary: [Accept-Encoding]
    status: {code: 200, message: OK}
- request:
    body: null
    headers:
      Accept: [application/json]
      Accept-Encoding: ['gzip, deflate']
      CommandName: [group deployment list]
      Connection: [keep-alive]
      Content-Type: [application/json; charset=utf-8]
      User-Agent: [python/3.5.1 (Windows-10-10.0.15063-SP0) requests/2.9.1 msrest/0.4.11
          msrest_azure/0.4.9 resourcemanagementclient/1.1.0 Azure-SDK-For-Python AZURECLI/2.0.10+dev]
      accept-language: [en-US]
    method: GET
    uri: https://management.azure.com/subscriptions/00000000-0000-0000-0000-000000000000/resourcegroups/cli_test_cross_rg_deploy000002/providers/Microsoft.Resources/deployments/?api-version=2017-05-10
  response:
    body: {string: '{"value":[{"id":"/subscriptions/00000000-0000-0000-0000-000000000000/resourceGroups/cli_test_cross_rg_deploy000002/providers/Microsoft.Resources/deployments/azure-cli-crossrgdeployment","name":"azure-cli-crossrgdeployment","properties":{"templateHash":"13037531242637459410","parameters":{"storageAccountName2":{"type":"String","value":"test1ddfosatdest73"},"crossRg":{"type":"String","value":"cli_test_cross_rg_alt000001"},"storageAccountName1":{"type":"String","value":"test1ddosdatest72"}},"mode":"Incremental","provisioningState":"Succeeded","timestamp":"2017-06-26T22:31:37.3867491Z","duration":"PT33.5607374S","correlationId":"e5d74bf7-23b9-432f-b452-5a50ea831aed","providers":[{"namespace":"Microsoft.Resources","resourceTypes":[{"resourceType":"deployments","locations":[null]}]},{"namespace":"Microsoft.Storage","resourceTypes":[{"resourceType":"storageAccounts","locations":["westus"]}]}],"dependencies":[],"outputResources":[{"id":"/subscriptions/00000000-0000-0000-0000-000000000000/resourceGroups/cli_test_cross_rg_alt000001/providers/Microsoft.Storage/storageAccounts/test1ddfosatdest73"},{"id":"/subscriptions/00000000-0000-0000-0000-000000000000/resourceGroups/cli_test_cross_rg_deploy000002/providers/Microsoft.Storage/storageAccounts/test1ddosdatest72"}]}}]}'}
    headers:
      cache-control: [no-cache]
      content-length: ['1462']
      content-type: [application/json; charset=utf-8]
      date: ['Mon, 26 Jun 2017 22:32:05 GMT']
      expires: ['-1']
      pragma: [no-cache]
      strict-transport-security: [max-age=31536000; includeSubDomains]
      vary: [Accept-Encoding]
    status: {code: 200, message: OK}
- request:
    body: null
    headers:
      Accept: [application/json]
      Accept-Encoding: ['gzip, deflate']
      CommandName: [group deployment show]
      Connection: [keep-alive]
      Content-Type: [application/json; charset=utf-8]
      User-Agent: [python/3.5.1 (Windows-10-10.0.15063-SP0) requests/2.9.1 msrest/0.4.11
          msrest_azure/0.4.9 resourcemanagementclient/1.1.0 Azure-SDK-For-Python AZURECLI/2.0.10+dev]
      accept-language: [en-US]
    method: GET
    uri: https://management.azure.com/subscriptions/00000000-0000-0000-0000-000000000000/resourcegroups/cli_test_cross_rg_deploy000002/providers/Microsoft.Resources/deployments/mock-deployment?api-version=2017-05-10
  response:
    body: {string: '{"id":"/subscriptions/00000000-0000-0000-0000-000000000000/resourceGroups/cli_test_cross_rg_deploy000002/providers/Microsoft.Resources/deployments/azure-cli-crossrgdeployment","name":"azure-cli-crossrgdeployment","properties":{"templateHash":"13037531242637459410","parameters":{"storageAccountName2":{"type":"String","value":"test1ddfosatdest73"},"crossRg":{"type":"String","value":"cli_test_cross_rg_alt000001"},"storageAccountName1":{"type":"String","value":"test1ddosdatest72"}},"mode":"Incremental","provisioningState":"Succeeded","timestamp":"2017-06-26T22:31:37.3867491Z","duration":"PT33.5607374S","correlationId":"e5d74bf7-23b9-432f-b452-5a50ea831aed","providers":[{"namespace":"Microsoft.Resources","resourceTypes":[{"resourceType":"deployments","locations":[null]}]},{"namespace":"Microsoft.Storage","resourceTypes":[{"resourceType":"storageAccounts","locations":["westus"]}]}],"dependencies":[],"outputResources":[{"id":"/subscriptions/00000000-0000-0000-0000-000000000000/resourceGroups/cli_test_cross_rg_alt000001/providers/Microsoft.Storage/storageAccounts/test1ddfosatdest73"},{"id":"/subscriptions/00000000-0000-0000-0000-000000000000/resourceGroups/cli_test_cross_rg_deploy000002/providers/Microsoft.Storage/storageAccounts/test1ddosdatest72"}]}}'}
    headers:
      cache-control: [no-cache]
      content-length: ['1450']
      content-type: [application/json; charset=utf-8]
      date: ['Mon, 26 Jun 2017 22:32:05 GMT']
      expires: ['-1']
      pragma: [no-cache]
      strict-transport-security: [max-age=31536000; includeSubDomains]
      vary: [Accept-Encoding]
    status: {code: 200, message: OK}
- request:
    body: null
    headers:
      Accept: [application/json]
      Accept-Encoding: ['gzip, deflate']
      CommandName: [group deployment operation list]
      Connection: [keep-alive]
      Content-Type: [application/json; charset=utf-8]
      User-Agent: [python/3.5.1 (Windows-10-10.0.15063-SP0) requests/2.9.1 msrest/0.4.11
          msrest_azure/0.4.9 resourcemanagementclient/1.1.0 Azure-SDK-For-Python AZURECLI/2.0.10+dev]
      accept-language: [en-US]
    method: GET
    uri: https://management.azure.com/subscriptions/00000000-0000-0000-0000-000000000000/resourcegroups/cli_test_cross_rg_deploy000002/deployments/mock-deployment/operations?api-version=2017-05-10
  response:
    body: {string: '{"value":[{"id":"/subscriptions/00000000-0000-0000-0000-000000000000/resourceGroups/cli_test_cross_rg_deploy000002/providers/Microsoft.Resources/deployments/azure-cli-crossrgdeployment/operations/2F5B3E1A9DEC9669","operationId":"2F5B3E1A9DEC9669","properties":{"provisioningOperation":"Create","provisioningState":"Succeeded","timestamp":"2017-06-26T22:31:28.9741514Z","duration":"PT21.0945079S","trackingId":"2a7e3021-1853-413f-b2d5-24cbc28df9c7","serviceRequestId":"e5d74bf7-23b9-432f-b452-5a50ea831aed","statusCode":"OK","targetResource":{"id":"/subscriptions/00000000-0000-0000-0000-000000000000/resourceGroups/cli_test_cross_rg_deploy000002/providers/Microsoft.Storage/storageAccounts/test1ddosdatest72","resourceType":"Microsoft.Storage/storageAccounts","resourceName":"test1ddosdatest72"}}},{"id":"/subscriptions/00000000-0000-0000-0000-000000000000/resourceGroups/cli_test_cross_rg_deploy000002/providers/Microsoft.Resources/deployments/azure-cli-crossrgdeployment/operations/5A4A1DAFEFF075C2","operationId":"5A4A1DAFEFF075C2","properties":{"provisioningOperation":"Create","provisioningState":"Succeeded","timestamp":"2017-06-26T22:31:37.151792Z","duration":"PT29.2619729S","trackingId":"7a85c4fb-45d2-44b2-ba35-940b75c812de","serviceRequestId":"2357a69f-1229-43a2-b025-e3ea1eb2fda4","statusCode":"OK","targetResource":{"id":"/subscriptions/00000000-0000-0000-0000-000000000000/resourceGroups/cli_test_cross_rg_alt000001/providers/Microsoft.Resources/deployments/nestedTemplate","resourceType":"Microsoft.Resources/deployments","resourceName":"nestedTemplate"}}},{"id":"/subscriptions/00000000-0000-0000-0000-000000000000/resourceGroups/cli_test_cross_rg_deploy000002/providers/Microsoft.Resources/deployments/azure-cli-crossrgdeployment/operations/08587030906216516052","operationId":"08587030906216516052","properties":{"provisioningOperation":"EvaluateDeploymentOutput","provisioningState":"Succeeded","timestamp":"2017-06-26T22:31:37.3633273Z","duration":"PT0.1684937S","trackingId":"11dc08b2-891e-4f1c-a867-53fda1bd90bf","statusCode":"OK","statusMessage":null}}]}'}
    headers:
      cache-control: [no-cache]
      content-length: ['2305']
      content-type: [application/json; charset=utf-8]
      date: ['Mon, 26 Jun 2017 22:32:05 GMT']
      expires: ['-1']
      pragma: [no-cache]
      strict-transport-security: [max-age=31536000; includeSubDomains]
      vary: [Accept-Encoding]
    status: {code: 200, message: OK}
- request:
    body: null
    headers:
      Accept: [application/json]
      Accept-Encoding: ['gzip, deflate']
      CommandName: [group delete]
      Connection: [keep-alive]
      Content-Length: ['0']
      Content-Type: [application/json; charset=utf-8]
      User-Agent: [python/3.5.1 (Windows-10-10.0.15063-SP0) requests/2.9.1 msrest/0.4.11
          msrest_azure/0.4.9 resourcemanagementclient/1.1.0 Azure-SDK-For-Python AZURECLI/2.0.10+dev]
      accept-language: [en-US]
    method: DELETE
    uri: https://management.azure.com/subscriptions/00000000-0000-0000-0000-000000000000/resourcegroups/cli_test_cross_rg_deploy000002?api-version=2017-05-10
  response:
    body: {string: ''}
    headers:
      cache-control: [no-cache]
      content-length: ['0']
      date: ['Mon, 26 Jun 2017 22:32:05 GMT']
      expires: ['-1']
      location: ['https://management.azure.com/subscriptions/00000000-0000-0000-0000-000000000000/operationresults/eyJqb2JJZCI6IlJFU09VUkNFR1JPVVBERUxFVElPTkpPQi1DTEk6NUZURVNUOjVGQ1JPU1M6NUZSRzo1RkRFUExPWUo1VVhVREQ0TTYyNTREV3xGREYwRTI4M0RFRjkzQUU0LVdFU1RVUyIsImpvYkxvY2F0aW9uIjoid2VzdHVzIn0?api-version=2017-05-10']
      pragma: [no-cache]
      strict-transport-security: [max-age=31536000; includeSubDomains]
      x-ms-ratelimit-remaining-subscription-writes: ['1197']
    status: {code: 202, message: Accepted}
- request:
    body: null
    headers:
      Accept: [application/json]
      Accept-Encoding: ['gzip, deflate']
      CommandName: [group delete]
      Connection: [keep-alive]
      Content-Length: ['0']
      Content-Type: [application/json; charset=utf-8]
      User-Agent: [python/3.5.1 (Windows-10-10.0.15063-SP0) requests/2.9.1 msrest/0.4.11
          msrest_azure/0.4.9 resourcemanagementclient/1.1.0 Azure-SDK-For-Python AZURECLI/2.0.10+dev]
      accept-language: [en-US]
    method: DELETE
    uri: https://management.azure.com/subscriptions/00000000-0000-0000-0000-000000000000/resourcegroups/cli_test_cross_rg_alt000001?api-version=2017-05-10
  response:
    body: {string: ''}
    headers:
      cache-control: [no-cache]
      content-length: ['0']
      date: ['Mon, 26 Jun 2017 22:32:06 GMT']
      expires: ['-1']
      location: ['https://management.azure.com/subscriptions/00000000-0000-0000-0000-000000000000/operationresults/eyJqb2JJZCI6IlJFU09VUkNFR1JPVVBERUxFVElPTkpPQi1DTEk6NUZURVNUOjVGQ1JPU1M6NUZSRzo1RkFMVEdVQjY3T1hPRUZLVDdUNTZWV3wyRjk1QTYyQUU1RjIwMkVCLVdFU1RVUyIsImpvYkxvY2F0aW9uIjoid2VzdHVzIn0?api-version=2017-05-10']
      pragma: [no-cache]
      strict-transport-security: [max-age=31536000; includeSubDomains]
      x-ms-ratelimit-remaining-subscription-writes: ['1196']
    status: {code: 202, message: Accepted}
version: 1
