interactions:
- request:
    body: '{"location": "westus", "tags": {"use": "az-test"}}'
    headers:
      Accept: [application/json]
      Accept-Encoding: ['gzip, deflate']
      CommandName: [group create]
      Connection: [keep-alive]
      Content-Length: ['50']
      Content-Type: [application/json; charset=utf-8]
      User-Agent: [python/3.5.3 (Windows-10-10.0.16299-SP0) requests/2.18.4 msrest/0.4.19
          msrest_azure/0.4.18 resourcemanagementclient/1.2.1 Azure-SDK-For-Python
          AZURECLI/2.0.23]
      accept-language: [en-US]
    method: PUT
    uri: https://management.azure.com/subscriptions/00000000-0000-0000-0000-000000000000/resourcegroups/cli_test_deployment_lite000001?api-version=2017-05-10
  response:
    body: {string: '{"id":"/subscriptions/00000000-0000-0000-0000-000000000000/resourceGroups/cli_test_deployment_lite000001","name":"cli_test_deployment_lite000001","location":"westus","tags":{"use":"az-test"},"properties":{"provisioningState":"Succeeded"}}'}
    headers:
      cache-control: [no-cache]
      content-length: ['328']
      content-type: [application/json; charset=utf-8]
      date: ['Wed, 13 Dec 2017 21:11:24 GMT']
      expires: ['-1']
      pragma: [no-cache]
      strict-transport-security: [max-age=31536000; includeSubDomains]
      x-ms-ratelimit-remaining-subscription-writes: ['1198']
    status: {code: 201, message: Created}
- request:
    body: '{"properties": {"mode": "Incremental", "parameters": {}, "template": {"contentVersion":
      "1.0.0.0", "resources": [], "$schema": "https://schema.management.azure.com/schemas/2015-01-01/deploymentParameters.json#"}}}'
    headers:
      Accept: [application/json]
      Accept-Encoding: ['gzip, deflate']
      CommandName: [group deployment create]
      Connection: [keep-alive]
      Content-Length: ['213']
      Content-Type: [application/json; charset=utf-8]
      User-Agent: [python/3.5.3 (Windows-10-10.0.16299-SP0) requests/2.18.4 msrest/0.4.19
          msrest_azure/0.4.18 resourcemanagementclient/1.2.1 Azure-SDK-For-Python
          AZURECLI/2.0.23]
      accept-language: [en-US]
    method: PUT
    uri: https://management.azure.com/subscriptions/00000000-0000-0000-0000-000000000000/resourcegroups/cli_test_deployment_lite000001/providers/Microsoft.Resources/deployments/mock-deployment?api-version=2017-05-10
  response:
    body: {string: '{"id":"/subscriptions/00000000-0000-0000-0000-000000000000/resourceGroups/cli_test_deployment_lite000001/providers/Microsoft.Resources/deployments/azure-cli-deployment000002","name":"azure-cli-deployment000002","properties":{"templateHash":"2567930156074384302","mode":"Incremental","provisioningState":"Accepted","timestamp":"2017-12-13T21:11:26.5519573Z","duration":"PT0.2658233S","correlationId":"409d2ea2-b4ff-4d9a-80c7-0048f9e4e449","providers":[],"dependencies":[]}}'}
    headers:
      azure-asyncoperation: ['https://management.azure.com/subscriptions/00000000-0000-0000-0000-000000000000/resourcegroups/cli_test_deployment_lite000001/providers/Microsoft.Resources/deployments/azure-cli-deployment000002/operationStatuses/08586884073991914581?api-version=2017-05-10']
      cache-control: [no-cache]
      content-length: ['525']
      content-type: [application/json; charset=utf-8]
      date: ['Wed, 13 Dec 2017 21:11:26 GMT']
      expires: ['-1']
      pragma: [no-cache]
      strict-transport-security: [max-age=31536000; includeSubDomains]
      x-ms-ratelimit-remaining-subscription-writes: ['1195']
    status: {code: 201, message: Created}
- request:
    body: null
    headers:
      Accept: [application/json]
      Accept-Encoding: ['gzip, deflate']
      CommandName: [group deployment create]
      Connection: [keep-alive]
      Content-Type: [application/json; charset=utf-8]
      User-Agent: [python/3.5.3 (Windows-10-10.0.16299-SP0) requests/2.18.4 msrest/0.4.19
          msrest_azure/0.4.18 resourcemanagementclient/1.2.1 Azure-SDK-For-Python
          AZURECLI/2.0.23]
      accept-language: [en-US]
    method: GET
    uri: https://management.azure.com/subscriptions/00000000-0000-0000-0000-000000000000/resourcegroups/cli_test_deployment_lite000001/providers/Microsoft.Resources/deployments/mock-deployment/operationStatuses/08586884073991914581?api-version=2017-05-10
  response:
    body: {string: '{"status":"Succeeded"}'}
    headers:
      cache-control: [no-cache]
      content-length: ['22']
      content-type: [application/json; charset=utf-8]
      date: ['Wed, 13 Dec 2017 21:11:56 GMT']
      expires: ['-1']
      pragma: [no-cache]
      strict-transport-security: [max-age=31536000; includeSubDomains]
      vary: [Accept-Encoding]
    status: {code: 200, message: OK}
- request:
    body: null
    headers:
      Accept: [application/json]
      Accept-Encoding: ['gzip, deflate']
      CommandName: [group deployment create]
      Connection: [keep-alive]
      Content-Type: [application/json; charset=utf-8]
      User-Agent: [python/3.5.3 (Windows-10-10.0.16299-SP0) requests/2.18.4 msrest/0.4.19
          msrest_azure/0.4.18 resourcemanagementclient/1.2.1 Azure-SDK-For-Python
          AZURECLI/2.0.23]
      accept-language: [en-US]
    method: GET
    uri: https://management.azure.com/subscriptions/00000000-0000-0000-0000-000000000000/resourcegroups/cli_test_deployment_lite000001/providers/Microsoft.Resources/deployments/mock-deployment?api-version=2017-05-10
  response:
    body: {string: '{"id":"/subscriptions/00000000-0000-0000-0000-000000000000/resourceGroups/cli_test_deployment_lite000001/providers/Microsoft.Resources/deployments/azure-cli-deployment000002","name":"azure-cli-deployment000002","properties":{"templateHash":"2567930156074384302","mode":"Incremental","provisioningState":"Succeeded","timestamp":"2017-12-13T21:11:31.0413956Z","duration":"PT4.7552616S","correlationId":"409d2ea2-b4ff-4d9a-80c7-0048f9e4e449","providers":[],"dependencies":[],"outputResources":[]}}'}
    headers:
      cache-control: [no-cache]
      content-length: ['547']
      content-type: [application/json; charset=utf-8]
      date: ['Wed, 13 Dec 2017 21:11:56 GMT']
      expires: ['-1']
      pragma: [no-cache]
      strict-transport-security: [max-age=31536000; includeSubDomains]
      vary: [Accept-Encoding]
    status: {code: 200, message: OK}
- request:
    body: null
    headers:
      Accept: [application/json]
      Accept-Encoding: ['gzip, deflate']
      CommandName: [group delete]
      Connection: [keep-alive]
      Content-Length: ['0']
      Content-Type: [application/json; charset=utf-8]
      User-Agent: [python/3.5.3 (Windows-10-10.0.16299-SP0) requests/2.18.4 msrest/0.4.19
          msrest_azure/0.4.18 resourcemanagementclient/1.2.1 Azure-SDK-For-Python
          AZURECLI/2.0.23]
      accept-language: [en-US]
    method: DELETE
    uri: https://management.azure.com/subscriptions/00000000-0000-0000-0000-000000000000/resourcegroups/cli_test_deployment_lite000001?api-version=2017-05-10
  response:
    body: {string: ''}
    headers:
      cache-control: [no-cache]
      content-length: ['0']
      date: ['Wed, 13 Dec 2017 21:11:57 GMT']
      expires: ['-1']
      location: ['https://management.azure.com/subscriptions/00000000-0000-0000-0000-000000000000/operationresults/eyJqb2JJZCI6IlJFU09VUkNFR1JPVVBERUxFVElPTkpPQi1DTEk6NUZURVNUOjVGREVQTE9ZTUVOVDo1RkxJVEVXWElQRExQWkhXVVZHRFZUSnxEMkYxRDUyOEQxRDRGMUU3LVdFU1RVUyIsImpvYkxvY2F0aW9uIjoid2VzdHVzIn0?api-version=2017-05-10']
      pragma: [no-cache]
      strict-transport-security: [max-age=31536000; includeSubDomains]
      x-ms-ratelimit-remaining-subscription-writes: ['1197']
    status: {code: 202, message: Accepted}
version: 1
