interactions:
- request:
    body: '{"location": "westus", "tags": {"use": "az-test"}}'
    headers:
      Accept: [application/json]
      Accept-Encoding: ['gzip, deflate']
      CommandName: [group create]
      Connection: [keep-alive]
      Content-Length: ['50']
      Content-Type: [application/json; charset=utf-8]
      User-Agent: [python/3.6.1 (Windows-10-10.0.15063-SP0) requests/2.9.1 msrest/0.4.14
          msrest_azure/0.4.14 resourcemanagementclient/1.2.0rc2 Azure-SDK-For-Python
          AZURECLI/2.0.17+dev]
      accept-language: [en-US]
    method: PUT
    uri: https://management.azure.com/subscriptions/00000000-0000-0000-0000-000000000000/resourcegroups/cli_test_policy000001?api-version=2017-05-10
  response:
    body: {string: '{"id":"/subscriptions/00000000-0000-0000-0000-000000000000/resourceGroups/cli_test_policy000001","name":"cli_test_policy000001","location":"westus","tags":{"use":"az-test"},"properties":{"provisioningState":"Succeeded"}}'}
    headers:
      cache-control: [no-cache]
      content-length: ['328']
      content-type: [application/json; charset=utf-8]
      date: ['Sat, 23 Sep 2017 06:08:18 GMT']
      expires: ['-1']
      pragma: [no-cache]
      strict-transport-security: [max-age=31536000; includeSubDomains]
      x-ms-ratelimit-remaining-subscription-writes: ['1199']
    status: {code: 201, message: Created}
- request:
    body: 'b''{"properties": {"mode": "Indexed", "displayName": "test_policy000003",
      "description": "desc_for_test_policy_123", "policyRule": {"if": {"not": {"field":
      "location", "in": "[parameters(\''allowedLocations\'')]"}}, "then": {"effect":
      "deny"}}, "parameters": {"allowedLocations": {"type": "array", "metadata": {"description":
      "The list of locations that can be specified when deploying resources", "strongType":
      "location", "displayName": "Allowed locations"}}}}}'''
    headers:
      Accept: [application/json]
      Accept-Encoding: ['gzip, deflate']
      CommandName: [policy definition create]
      Connection: [keep-alive]
      Content-Length: ['459']
      Content-Type: [application/json; charset=utf-8]
      User-Agent: [python/3.6.1 (Windows-10-10.0.15063-SP0) requests/2.9.1 msrest/0.4.14
          msrest_azure/0.4.14 policyclient/1.2.0rc2 Azure-SDK-For-Python AZURECLI/2.0.17+dev]
      accept-language: [en-US]
    method: PUT
    uri: https://management.azure.com/subscriptions/00000000-0000-0000-0000-000000000000/providers/Microsoft.Authorization/policyDefinitions/azure-cli-test-policy000002?api-version=2016-12-01
  response:
    body: {string: '{"properties":{"displayName":"test_policy000003","policyType":"Custom","mode":"Indexed","description":"desc_for_test_policy_123","parameters":{"allowedLocations":{"type":"Array","metadata":{"description":"The
        list of locations that can be specified when deploying resources","strongType":"location","displayName":"Allowed
        locations"}}},"policyRule":{"if":{"not":{"field":"location","in":"[parameters(''allowedLocations'')]"}},"then":{"effect":"deny"}}},"id":"/subscriptions/00000000-0000-0000-0000-000000000000/providers/Microsoft.Authorization/policyDefinitions/azure-cli-test-policy000002","type":"Microsoft.Authorization/policyDefinitions","name":"azure-cli-test-policy000002"}'}
    headers:
      cache-control: [no-cache]
      content-length: ['687']
      content-type: [application/json; charset=utf-8]
      date: ['Sat, 23 Sep 2017 06:08:18 GMT']
      expires: ['-1']
      pragma: [no-cache]
      strict-transport-security: [max-age=31536000; includeSubDomains]
      x-ms-ratelimit-remaining-subscription-writes: ['1199']
    status: {code: 201, message: Created}
- request:
    body: null
    headers:
      Accept: [application/json]
      Accept-Encoding: ['gzip, deflate']
      CommandName: [policy definition update]
      Connection: [keep-alive]
      Content-Type: [application/json; charset=utf-8]
      User-Agent: [python/3.6.1 (Windows-10-10.0.15063-SP0) requests/2.9.1 msrest/0.4.14
          msrest_azure/0.4.14 policyclient/1.2.0rc2 Azure-SDK-For-Python AZURECLI/2.0.17+dev]
      accept-language: [en-US]
    method: GET
    uri: https://management.azure.com/subscriptions/00000000-0000-0000-0000-000000000000/providers/Microsoft.Authorization/policyDefinitions/azure-cli-test-policy000002?api-version=2016-12-01
  response:
    body: {string: '{"properties":{"displayName":"test_policy000003","policyType":"Custom","mode":"Indexed","description":"desc_for_test_policy_123","parameters":{"allowedLocations":{"type":"Array","metadata":{"description":"The
        list of locations that can be specified when deploying resources","strongType":"location","displayName":"Allowed
        locations"}}},"policyRule":{"if":{"not":{"field":"location","in":"[parameters(''allowedLocations'')]"}},"then":{"effect":"deny"}}},"id":"/subscriptions/00000000-0000-0000-0000-000000000000/providers/Microsoft.Authorization/policyDefinitions/azure-cli-test-policy000002","type":"Microsoft.Authorization/policyDefinitions","name":"azure-cli-test-policy000002"}'}
    headers:
      cache-control: [no-cache]
      content-length: ['687']
      content-type: [application/json; charset=utf-8]
      date: ['Sat, 23 Sep 2017 06:08:20 GMT']
      expires: ['-1']
      pragma: [no-cache]
      strict-transport-security: [max-age=31536000; includeSubDomains]
      transfer-encoding: [chunked]
      vary: ['Accept-Encoding,Accept-Encoding']
    status: {code: 200, message: OK}
- request:
    body: 'b''{"properties": {"displayName": "test_policy000003", "description": "desc_for_test_policy_123_new",
      "policyRule": {"if": {"not": {"field": "location", "in": "[parameters(\''allowedLocations\'')]"}},
      "then": {"effect": "deny"}}, "parameters": {"allowedLocations": {"type": "Array",
      "metadata": {"description": "The list of locations that can be specified when
      deploying resources", "strongType": "location", "displayName": "Allowed locations"}}}}}'''
    headers:
      Accept: [application/json]
      Accept-Encoding: ['gzip, deflate']
      CommandName: [policy definition update]
      Connection: [keep-alive]
      Content-Length: ['444']
      Content-Type: [application/json; charset=utf-8]
      User-Agent: [python/3.6.1 (Windows-10-10.0.15063-SP0) requests/2.9.1 msrest/0.4.14
          msrest_azure/0.4.14 policyclient/1.2.0rc2 Azure-SDK-For-Python AZURECLI/2.0.17+dev]
      accept-language: [en-US]
    method: PUT
    uri: https://management.azure.com/subscriptions/00000000-0000-0000-0000-000000000000/providers/Microsoft.Authorization/policyDefinitions/azure-cli-test-policy000002?api-version=2016-12-01
  response:
    body: {string: '{"properties":{"displayName":"test_policy000003","policyType":"Custom","description":"desc_for_test_policy_123_new","parameters":{"allowedLocations":{"type":"Array","metadata":{"description":"The
        list of locations that can be specified when deploying resources","strongType":"location","displayName":"Allowed
        locations"}}},"policyRule":{"if":{"not":{"field":"location","in":"[parameters(''allowedLocations'')]"}},"then":{"effect":"deny"}}},"id":"/subscriptions/00000000-0000-0000-0000-000000000000/providers/Microsoft.Authorization/policyDefinitions/azure-cli-test-policy000002","type":"Microsoft.Authorization/policyDefinitions","name":"azure-cli-test-policy000002"}'}
    headers:
      cache-control: [no-cache]
      content-length: ['674']
      content-type: [application/json; charset=utf-8]
      date: ['Sat, 23 Sep 2017 06:08:21 GMT']
      expires: ['-1']
      pragma: [no-cache]
      strict-transport-security: [max-age=31536000; includeSubDomains]
      x-ms-ratelimit-remaining-subscription-writes: ['1199']
    status: {code: 201, message: Created}
- request:
    body: null
    headers:
      Accept: [application/json]
      Accept-Encoding: ['gzip, deflate']
      CommandName: [policy definition list]
      Connection: [keep-alive]
      Content-Type: [application/json; charset=utf-8]
      User-Agent: [python/3.6.1 (Windows-10-10.0.15063-SP0) requests/2.9.1 msrest/0.4.14
          msrest_azure/0.4.14 policyclient/1.2.0rc2 Azure-SDK-For-Python AZURECLI/2.0.17+dev]
      accept-language: [en-US]
    method: GET
    uri: https://management.azure.com/subscriptions/00000000-0000-0000-0000-000000000000/providers/Microsoft.Authorization/policyDefinitions?api-version=2016-12-01
  response:
    body: {string: '{"value":[{"properties":{"displayName":"Audit VMs that do not
        use managed disks","policyType":"BuiltIn","mode":"All","description":"This
        policy audits VMs that do not use managed disks","metadata":{},"parameters":{},"policyRule":{"if":{"anyOf":[{"allOf":[{"field":"type","equals":"Microsoft.Compute/virtualMachines"},{"field":"Microsoft.Compute/virtualMachines/osDisk.uri","exists":"True"}]},{"allOf":[{"field":"type","equals":"Microsoft.Compute/VirtualMachineScaleSets"},{"anyOf":[{"field":"Microsoft.Compute/VirtualMachineScaleSets/osDisk.vhdContainers","exists":"True"},{"field":"Microsoft.Compute/VirtualMachineScaleSets/osdisk.imageUrl","exists":"True"}]}]}]},"then":{"effect":"audit"}}},"id":"/providers/Microsoft.Authorization/policyDefinitions/06a78e20-9358-41c9-923c-fb736d382a4d","type":"Microsoft.Authorization/policyDefinitions","name":"06a78e20-9358-41c9-923c-fb736d382a4d"},{"properties":{"displayName":"[Preview]:
        Monitor unencrypted VM Disks in Security Center","policyType":"BuiltIn","mode":"All","description":"VMs
        without an enabled disk encryption will be monitored by Azure Security Center
        as recommendations.","metadata":{"category":"Security Center","preview":true},"parameters":{},"policyRule":{"if":{"field":"type","equals":"Microsoft.Compute/virtualMachines"},"then":{"effect":"AuditIfNotExists","details":{"type":"Microsoft.Security/complianceResults","name":"encryption","existenceCondition":{"field":"Microsoft.Security/complianceResults/resourceStatus","equals":"Monitored"}}}}},"id":"/providers/Microsoft.Authorization/policyDefinitions/0961003e-5a0a-4549-abde-af6a37f2724d","type":"Microsoft.Authorization/policyDefinitions","name":"0961003e-5a0a-4549-abde-af6a37f2724d"},{"properties":{"displayName":"Enforce
        tag and its value","policyType":"BuiltIn","description":"Enforces a required
        tag and its value.","parameters":{"tagName":{"type":"String","metadata":{"description":"Name
        of the tag, such as costCenter","strongType":"tagName"}},"tagValue":{"type":"String","metadata":{"description":"Value
        of the tag, such as headquarter","strongType":"tagValue"}}},"policyRule":{"if":{"not":{"field":"[concat(''tags.'',parameters(''tagName''))]","equals":"[parameters(''tagValue'')]"}},"then":{"effect":"deny"}}},"id":"/providers/Microsoft.Authorization/policyDefinitions/1e30110a-5ceb-460c-a204-c1c3969c6d62","type":"Microsoft.Authorization/policyDefinitions","name":"1e30110a-5ceb-460c-a204-c1c3969c6d62"},{"properties":{"displayName":"[Preview]:
        Monitor unprotected web application in Security Center","policyType":"BuiltIn","mode":"All","description":"Web
        applications without a Web Application Firewall protection will be monitored
        by Azure Security Center as recommendations.","metadata":{"category":"Security
        Center","preview":true},"parameters":{},"policyRule":{"if":{"field":"type","in":["Microsoft.Network/publicIPAddresses","Microsoft.ClassicCompute/domainNames","Microsoft.Web/hostingEnvironments"]},"then":{"effect":"AuditIfNotExists","details":{"type":"Microsoft.Security/complianceResults","name":"unprotectedWebApplication","existenceCondition":{"field":"Microsoft.Security/complianceResults/resourceStatus","equals":"Monitored"}}}}},"id":"/providers/Microsoft.Authorization/policyDefinitions/201ea587-7c90-41c3-910f-c280ae01cfd6","type":"Microsoft.Authorization/policyDefinitions","name":"201ea587-7c90-41c3-910f-c280ae01cfd6"},{"properties":{"displayName":"Apply
        tag and its default value","policyType":"BuiltIn","description":"Applies a
        required tag and its default value if it is not specified by the user.","parameters":{"tagName":{"type":"String","metadata":{"description":"Name
        of the tag, such as costCenter","strongType":"tagName"}},"tagValue":{"type":"String","metadata":{"description":"Value
        of the tag, such as headquarter","strongType":"tagValue"}}},"policyRule":{"if":{"field":"[concat(''tags.'',parameters(''tagName''))]","exists":"false"},"then":{"effect":"append","details":[{"field":"[concat(''tags.'',parameters(''tagName''))]","value":"[parameters(''tagValue'')]"}]}}},"id":"/providers/Microsoft.Authorization/policyDefinitions/2a0e14a6-b0a6-4fab-991a-187a4f81c498","type":"Microsoft.Authorization/policyDefinitions","name":"2a0e14a6-b0a6-4fab-991a-187a4f81c498"},{"properties":{"displayName":"[Preview]:
        Monitor permissive network access in Security Center","policyType":"BuiltIn","mode":"All","description":"Network
        Security Groups with too permissive rules will be monitored by Azure Security
        Center as recommendations.","metadata":{"category":"Security Center","preview":true},"parameters":{},"policyRule":{"if":{"field":"type","in":["Microsoft.Compute/virtualMachines","Microsoft.ClassicCompute/virtualMachines","Microsoft.Network/virtualNetworks","Microsoft.ClassicNetwork/virtualNetworks"]},"then":{"effect":"AuditIfNotExists","details":{"type":"Microsoft.Security/complianceResults","name":"permissiveNetworkAccess","existenceCondition":{"field":"Microsoft.Security/complianceResults/resourceStatus","equals":"Monitored"}}}}},"id":"/providers/Microsoft.Authorization/policyDefinitions/44452482-524f-4bf4-b852-0bff7cc4a3ed","type":"Microsoft.Authorization/policyDefinitions","name":"44452482-524f-4bf4-b852-0bff7cc4a3ed"},{"properties":{"displayName":"Require
        SQL Server version 12.0","policyType":"BuiltIn","description":"This policy
        ensures all SQL servers use version 12.0.","parameters":{},"policyRule":{"if":{"allOf":[{"field":"type","equals":"Microsoft.SQL/servers"},{"not":{"field":"Microsoft.SQL/servers/version","equals":"12.0"}}]},"then":{"effect":"Deny"}}},"id":"/providers/Microsoft.Authorization/policyDefinitions/464dbb85-3d5f-4a1d-bb09-95a9b5dd19cf","type":"Microsoft.Authorization/policyDefinitions","name":"464dbb85-3d5f-4a1d-bb09-95a9b5dd19cf"},{"properties":{"displayName":"[Preview]:
        Monitor possible app Whitelisting in Security Center","policyType":"BuiltIn","mode":"All","description":"Possible
        Application Whitelist configuration will be monitored by Azure Security Center.","metadata":{"category":"Security
        Center","preview":true},"parameters":{},"policyRule":{"if":{"field":"type","in":["Microsoft.Compute/virtualMachines","Microsoft.ClassicCompute/virtualMachines"]},"then":{"effect":"AuditIfNotExists","details":{"type":"Microsoft.Security/complianceResults","name":"applicationWhitelisting","existenceCondition":{"field":"Microsoft.Security/complianceResults/resourceStatus","equals":"Monitored"}}}}},"id":"/providers/Microsoft.Authorization/policyDefinitions/47a6b606-51aa-4496-8bb7-64b11cf66adc","type":"Microsoft.Authorization/policyDefinitions","name":"47a6b606-51aa-4496-8bb7-64b11cf66adc"},{"properties":{"displayName":"Allow
        resource creation only in India data centers","policyType":"BuiltIn","description":"Allows
        resource creation in the following locations only: West India, South India,
        Central India","metadata":{"deprecated":true},"parameters":{},"policyRule":{"if":{"not":{"field":"location","in":["westindia","southindia","centralindia"]}},"then":{"effect":"Deny"}}},"id":"/providers/Microsoft.Authorization/policyDefinitions/5ee85ce5-e7eb-44d6-b4a2-32a24be1ca54","type":"Microsoft.Authorization/policyDefinitions","name":"5ee85ce5-e7eb-44d6-b4a2-32a24be1ca54"},{"properties":{"displayName":"[Preview]:
        Audit missing blob encryption for storage accounts","policyType":"BuiltIn","mode":"All","description":"This
        policy audits storage accounts without blob encryption. It only applies to
        Microsoft.Storage resource types, not other storage providers.Possible network
        Just In Time access will be monitored by Azure Security Center as recommendations.","metadata":{"category":"Security
        Center","preview":true},"parameters":{},"policyRule":{"if":{"allOf":[{"field":"type","equals":"Microsoft.Storage/storageAccounts"},{"not":{"field":"Microsoft.Storage/storageAccounts/enableBlobEncryption","equals":"True"}}]},"then":{"effect":"Audit"}}},"id":"/providers/Microsoft.Authorization/policyDefinitions/655cb504-bcee-4362-bd4c-402e6aa38759","type":"Microsoft.Authorization/policyDefinitions","name":"655cb504-bcee-4362-bd4c-402e6aa38759"},{"properties":{"displayName":"Not
        allowed resource types","policyType":"BuiltIn","description":"This policy
        enables you to specify the resource types that your organization cannot deploy.","parameters":{"listOfResourceTypesNotAllowed":{"type":"Array","metadata":{"description":"The
        list of resource types that cannot be deployed.","displayName":"Not allowed
        resource types","strongType":"resourceTypes"}}},"policyRule":{"if":{"field":"type","in":"[parameters(''listOfResourceTypesNotAllowed'')]"},"then":{"effect":"Deny"}}},"id":"/providers/Microsoft.Authorization/policyDefinitions/6c112d4e-5bc7-47ae-a041-ea2d9dccd749","type":"Microsoft.Authorization/policyDefinitions","name":"6c112d4e-5bc7-47ae-a041-ea2d9dccd749"},{"properties":{"displayName":"Allow
        resource creation only in Japan data centers","policyType":"BuiltIn","description":"Allows
        resource creation in the following locations only: Japan East, Japan West","metadata":{"deprecated":true},"parameters":{},"policyRule":{"if":{"not":{"field":"location","in":["japaneast","japanwest"]}},"then":{"effect":"Deny"}}},"id":"/providers/Microsoft.Authorization/policyDefinitions/6fdb9205-3462-4cfc-87d8-16c7860b53f4","type":"Microsoft.Authorization/policyDefinitions","name":"6fdb9205-3462-4cfc-87d8-16c7860b53f4"},{"properties":{"displayName":"Allowed
        storage account SKUs","policyType":"BuiltIn","description":"This policy enables
        you to specify a set of storage account SKUs that your organization can deploy.","parameters":{"listOfAllowedSKUs":{"type":"Array","metadata":{"description":"The
        list of SKUs that can be specified for storage accounts.","displayName":"Allowed
        SKUs","strongType":"StorageSKUs"}}},"policyRule":{"if":{"allOf":[{"field":"type","equals":"Microsoft.Storage/storageAccounts"},{"not":{"field":"Microsoft.Storage/storageAccounts/sku.name","in":"[parameters(''listOfAllowedSKUs'')]"}}]},"then":{"effect":"Deny"}}},"id":"/providers/Microsoft.Authorization/policyDefinitions/7433c107-6db4-4ad1-b57a-a76dce0154a1","type":"Microsoft.Authorization/policyDefinitions","name":"7433c107-6db4-4ad1-b57a-a76dce0154a1"},{"properties":{"displayName":"[Preview]:
        Monitor VM Vulnerabilities in Security Center","policyType":"BuiltIn","mode":"All","description":"Monitors
        vulnerabilities detected by Vulnerability Assessment solution and VMs without
        a Vulnerability Assessment solution in Azure Security Center as recommendations.","metadata":{"category":"Security
        Center","preview":true},"parameters":{},"policyRule":{"if":{"field":"type","in":["Microsoft.Compute/virtualMachines","Microsoft.ClassicCompute/virtualMachines"]},"then":{"effect":"AuditIfNotExists","details":{"type":"Microsoft.Security/complianceResults","name":"vulnerabilityAssessment","existenceCondition":{"field":"Microsoft.Security/complianceResults/resourceStatus","equals":"Monitored"}}}}},"id":"/providers/Microsoft.Authorization/policyDefinitions/760a85ff-6162-42b3-8d70-698e268f648c","type":"Microsoft.Authorization/policyDefinitions","name":"760a85ff-6162-42b3-8d70-698e268f648c"},{"properties":{"displayName":"Require
        blob encryption for storage accounts","policyType":"BuiltIn","description":"This
        policy ensures blob encryption for storage accounts is turned on. It only
        applies to Microsoft.Storage resource types, not other storage providers.","metadata":{},"parameters":{},"policyRule":{"if":{"allOf":[{"field":"type","equals":"Microsoft.Storage/storageAccounts"},{"not":{"field":"Microsoft.Storage/storageAccounts/enableBlobEncryption","equals":"True"}}]},"then":{"effect":"Deny"}}},"id":"/providers/Microsoft.Authorization/policyDefinitions/7c5a74bf-ae94-4a74-8fcf-644d1e0e6e6f","type":"Microsoft.Authorization/policyDefinitions","name":"7c5a74bf-ae94-4a74-8fcf-644d1e0e6e6f"},{"properties":{"displayName":"[Preview]:
        Monitor missing system updates in Security Center","policyType":"BuiltIn","mode":"All","description":"Missing
        security system updates on your servers will be monitored by Azure Security
        Center as recommendations.","metadata":{"category":"Security Center","preview":true},"parameters":{},"policyRule":{"if":{"field":"type","in":["Microsoft.Compute/virtualMachines","Microsoft.ClassicCompute/virtualMachines","Microsoft.OperationalInsights/workspaces"]},"then":{"effect":"AuditIfNotExists","details":{"type":"Microsoft.Security/complianceResults","name":"systemUpdates","existenceCondition":{"field":"Microsoft.Security/complianceResults/resourceStatus","equals":"Monitored"}}}}},"id":"/providers/Microsoft.Authorization/policyDefinitions/86b3d65f-7626-441e-b690-81a8b71cff60","type":"Microsoft.Authorization/policyDefinitions","name":"86b3d65f-7626-441e-b690-81a8b71cff60"},{"properties":{"displayName":"Allow
        resource creation only in European data centers","policyType":"BuiltIn","description":"Allows
        resource creation in the following locations only: North Europe, West Europe","metadata":{"deprecated":true},"parameters":{},"policyRule":{"if":{"not":{"field":"location","in":["northeurope","westeurope"]}},"then":{"effect":"Deny"}}},"id":"/providers/Microsoft.Authorization/policyDefinitions/94c19f19-8192-48cd-a11b-e37099d3e36b","type":"Microsoft.Authorization/policyDefinitions","name":"94c19f19-8192-48cd-a11b-e37099d3e36b"},{"properties":{"displayName":"Allow
        resource creation only in United States data centers","policyType":"BuiltIn","description":"Allows
        resource creation in the following locations only: Central US, East US, East
        US2, North Central US, South Central US, West US","metadata":{"deprecated":true},"parameters":{},"policyRule":{"if":{"not":{"field":"location","in":["centralus","eastus","eastus2","northcentralus","southcentralus","westus"]}},"then":{"effect":"Deny"}}},"id":"/providers/Microsoft.Authorization/policyDefinitions/983211ba-f348-4758-983b-21fa29294869","type":"Microsoft.Authorization/policyDefinitions","name":"983211ba-f348-4758-983b-21fa29294869"},{"properties":{"displayName":"[Preview]:
        Monitor unprotected network endpoints in Security Center","policyType":"BuiltIn","mode":"All","description":"Network
        endpoints without a Next Generation Firewall''s protection will be monitored
        by Azure Security Center as recommendations.","metadata":{"category":"Security
        Center","preview":true},"parameters":{},"policyRule":{"if":{"field":"type","in":["Microsoft.Network/publicIPAddresses","Microsoft.ClassicCompute/domainNames"]},"then":{"effect":"AuditIfNotExists","details":{"type":"Microsoft.Security/complianceResults","name":"unprotectedNetworkEndpoint","existenceCondition":{"field":"Microsoft.Security/complianceResults/resourceStatus","equals":"Monitored"}}}}},"id":"/providers/Microsoft.Authorization/policyDefinitions/9daedab3-fb2d-461e-b861-71790eead4f6","type":"Microsoft.Authorization/policyDefinitions","name":"9daedab3-fb2d-461e-b861-71790eead4f6"},{"properties":{"displayName":"Allowed
        resource types","policyType":"BuiltIn","description":"This policy enables
        you to specify the resource types that your organization can deploy.","parameters":{"listOfResourceTypesAllowed":{"type":"Array","metadata":{"description":"The
        list of resource types that can be deployed.","displayName":"Allowed resource
        types","strongType":"resourceTypes"}}},"policyRule":{"if":{"not":{"field":"type","in":"[parameters(''listOfResourceTypesAllowed'')]"}},"then":{"effect":"deny"}}},"id":"/providers/Microsoft.Authorization/policyDefinitions/a08ec900-254a-4555-9bf5-e42af04b5c5c","type":"Microsoft.Authorization/policyDefinitions","name":"a08ec900-254a-4555-9bf5-e42af04b5c5c"},{"properties":{"displayName":"[Preview]:
        Monitor unencrypted SQL database in Security Center","policyType":"BuiltIn","mode":"All","description":"Unencrypted
        SQL servers or databases will be monitored by Azure Security Center as recommendations.","metadata":{"category":"Security
        Center","preview":true},"parameters":{},"policyRule":{"if":{"field":"type","in":["Microsoft.SQL/servers","Microsoft.SQL/servers/databases"]},"then":{"effect":"AuditIfNotExists","details":{"type":"Microsoft.Security/complianceResults","name":"encryption","existenceCondition":{"field":"Microsoft.Security/complianceResults/resourceStatus","equals":"Monitored"}}}}},"id":"/providers/Microsoft.Authorization/policyDefinitions/a8bef009-a5c9-4d0f-90d7-6018734e8a16","type":"Microsoft.Authorization/policyDefinitions","name":"a8bef009-a5c9-4d0f-90d7-6018734e8a16"},{"properties":{"displayName":"[Preview]:
        Automatic provisioning of security monitoring agent","policyType":"BuiltIn","mode":"All","description":"Installs
        security agent on VMs for advanced security alerts and preventions in Azure
        Security Center. Applies only for subscriptions that use Azure Security Center.","metadata":{"category":"Security
        Center","preview":true},"parameters":{},"policyRule":{"if":{"field":"type","in":["Microsoft.Compute/virtualMachines","Microsoft.ClassicCompute/virtualMachines"]},"then":{"effect":"AuditIfNotExists","details":{"type":"Microsoft.Security/complianceResults","name":"securityAgent","existenceCondition":{"field":"Microsoft.Security/complianceResults/resourceStatus","equals":"Monitored"}}}}},"id":"/providers/Microsoft.Authorization/policyDefinitions/abcc6037-1fc4-47f6-aac5-89706589be24","type":"Microsoft.Authorization/policyDefinitions","name":"abcc6037-1fc4-47f6-aac5-89706589be24"},{"properties":{"displayName":"Allow
        resource creation if ''environment'' tag value in allowed values","policyType":"BuiltIn","description":"Allows
        resource creation if the ''environment'' tag is set to one of the following
        values: production, dev, test, staging","metadata":{"deprecated":true},"parameters":{},"policyRule":{"if":{"not":{"field":"tags.environment","in":["production","dev","test","staging"]}},"then":{"effect":"Deny"}}},"id":"/providers/Microsoft.Authorization/policyDefinitions/ac7e5fc0-c029-4b12-91d4-a8500ce697f9","type":"Microsoft.Authorization/policyDefinitions","name":"ac7e5fc0-c029-4b12-91d4-a8500ce697f9"},{"properties":{"displayName":"[Preview]:
        Monitor missing Endpoint Protection in Security Center","policyType":"BuiltIn","mode":"All","description":"Servers
        without an installed Endpoint Protection agent will be monitored by Azure
        Security Center as recommendations.","metadata":{"category":"Security Center","preview":true},"parameters":{},"policyRule":{"if":{"field":"type","in":["Microsoft.Compute/virtualMachines","Microsoft.ClassicCompute/virtualMachines","Microsoft.OperationalInsights/workspaces"]},"then":{"effect":"AuditIfNotExists","details":{"type":"Microsoft.Security/complianceResults","name":"endpointProtection","existenceCondition":{"field":"Microsoft.Security/complianceResults/resourceStatus","equals":"Monitored"}}}}},"id":"/providers/Microsoft.Authorization/policyDefinitions/af6cd1bd-1635-48cb-bde7-5b15693900b9","type":"Microsoft.Authorization/policyDefinitions","name":"af6cd1bd-1635-48cb-bde7-5b15693900b9"},{"properties":{"displayName":"[Preview]:
        Monitor unaudited SQL database in Security Center","policyType":"BuiltIn","mode":"All","description":"SQL
        servers and databases which doesn''t have SQL auditing turned on will be monitored
        by Azure Security Center as recommendations.","metadata":{"category":"Security
        Center","preview":true},"parameters":{},"policyRule":{"if":{"field":"type","in":["Microsoft.SQL/servers","Microsoft.SQL/servers/databases"]},"then":{"effect":"AuditIfNotExists","details":{"type":"Microsoft.Security/complianceResults","name":"auditing","existenceCondition":{"field":"Microsoft.Security/complianceResults/resourceStatus","equals":"Monitored"}}}}},"id":"/providers/Microsoft.Authorization/policyDefinitions/af8051bf-258b-44e2-a2bf-165330459f9d","type":"Microsoft.Authorization/policyDefinitions","name":"af8051bf-258b-44e2-a2bf-165330459f9d"},{"properties":{"displayName":"[Preview]:
        Monitor possible network JIT access in Security Center","policyType":"BuiltIn","mode":"All","description":"Possible
        network Just In Time access will be monitored by Azure Security Center as
        recommendations.","metadata":{"category":"Security Center","preview":true},"parameters":{},"policyRule":{"if":{"field":"type","equals":"Microsoft.Compute/virtualMachines"},"then":{"effect":"AuditIfNotExists","details":{"type":"Microsoft.Security/complianceResults","name":"jitNetworkAccess","existenceCondition":{"field":"Microsoft.Security/complianceResults/resourceStatus","equals":"Monitored"}}}}},"id":"/providers/Microsoft.Authorization/policyDefinitions/b0f33259-77d7-4c9e-aac6-3aabcfae693c","type":"Microsoft.Authorization/policyDefinitions","name":"b0f33259-77d7-4c9e-aac6-3aabcfae693c"},{"properties":{"displayName":"Allow
        resource creation only in Asia data centers","policyType":"BuiltIn","description":"Allows
        resource creation in the following locations only: East Asia, Southeast Asia,
        West India, South India, Central India, Japan East, Japan West","metadata":{"deprecated":true},"parameters":{},"policyRule":{"if":{"not":{"field":"location","in":["eastasia","southeastasia","westindia","southindia","centralindia","japaneast","japanwest"]}},"then":{"effect":"Deny"}}},"id":"/providers/Microsoft.Authorization/policyDefinitions/c1b9cbed-08e3-427d-b9ce-7c535b1e9b94","type":"Microsoft.Authorization/policyDefinitions","name":"c1b9cbed-08e3-427d-b9ce-7c535b1e9b94"},{"properties":{"displayName":"Allowed
        virtual machine SKUs","policyType":"BuiltIn","description":"This policy enables
        you to specify a set of virtual machine SKUs that your organization can deploy.","parameters":{"listOfAllowedSKUs":{"type":"Array","metadata":{"description":"The
        list of SKUs that can be specified for virtual machines.","displayName":"Allowed
        SKUs","strongType":"VMSKUs"}}},"policyRule":{"if":{"allOf":[{"field":"type","equals":"Microsoft.Compute/virtualMachines"},{"not":{"field":"Microsoft.Compute/virtualMachines/sku.name","in":"[parameters(''listOfAllowedSKUs'')]"}}]},"then":{"effect":"Deny"}}},"id":"/providers/Microsoft.Authorization/policyDefinitions/cccc23c7-8427-4f53-ad12-b6a63eb452b3","type":"Microsoft.Authorization/policyDefinitions","name":"cccc23c7-8427-4f53-ad12-b6a63eb452b3"},{"properties":{"displayName":"Allow
        resource creation if ''department'' tag set","policyType":"BuiltIn","description":"Allows
        resource creation only if the ''department'' tag is set","metadata":{"deprecated":true},"parameters":{},"policyRule":{"if":{"not":{"field":"tags","containsKey":"department"}},"then":{"effect":"Deny"}}},"id":"/providers/Microsoft.Authorization/policyDefinitions/cd8dc879-a2ae-43c3-8211-1877c5755064","type":"Microsoft.Authorization/policyDefinitions","name":"cd8dc879-a2ae-43c3-8211-1877c5755064"},{"properties":{"displayName":"Allow
        resource creation only in Japan data centers","policyType":"BuiltIn","description":"Allows
        resource creation in the following locations only: Japan East, Japan West","metadata":{"deprecated":true},"parameters":{},"policyRule":{"if":{"not":{"field":"location","in":["japaneast","japanwest"]}},"then":{"effect":"Deny"}}},"id":"/providers/Microsoft.Authorization/policyDefinitions/e01598e8-6538-41ed-95e8-8b29746cd697","type":"Microsoft.Authorization/policyDefinitions","name":"e01598e8-6538-41ed-95e8-8b29746cd697"},{"properties":{"displayName":"[Preview]:
        Monitor OS vulnerabilities in Security Center","policyType":"BuiltIn","mode":"All","description":"Servers
        which do not satisfy the configured baseline will be monitored by Azure Security
        Center as recommendations.","metadata":{"category":"Security Center","preview":true},"parameters":{},"policyRule":{"if":{"field":"type","in":["Microsoft.Compute/virtualMachines","Microsoft.ClassicCompute/virtualMachines","Microsoft.OperationalInsights/workspaces"]},"then":{"effect":"AuditIfNotExists","details":{"type":"Microsoft.Security/complianceResults","name":"osVulnerabilities","existenceCondition":{"field":"Microsoft.Security/complianceResults/resourceStatus","equals":"Monitored"}}}}},"id":"/providers/Microsoft.Authorization/policyDefinitions/e1e5fd5d-3e4c-4ce1-8661-7d1873ae6b15","type":"Microsoft.Authorization/policyDefinitions","name":"e1e5fd5d-3e4c-4ce1-8661-7d1873ae6b15"},{"properties":{"displayName":"Allowed
        locations","policyType":"BuiltIn","description":"This policy enables you to
        restrict the locations your organization can specify when deploying resources.
        Use to enforce your geo-compliance requirements.","parameters":{"listOfAllowedLocations":{"type":"Array","metadata":{"description":"The
        list of locations that can be specified when deploying resources.","strongType":"location","displayName":"Allowed
        locations"}}},"policyRule":{"if":{"not":{"field":"location","in":"[parameters(''listOfAllowedLocations'')]"}},"then":{"effect":"Deny"}}},"id":"/providers/Microsoft.Authorization/policyDefinitions/e56962a6-4747-49cd-b67b-bf8b01975c4c","type":"Microsoft.Authorization/policyDefinitions","name":"e56962a6-4747-49cd-b67b-bf8b01975c4c"},{"properties":{"displayName":"test_policyr75mbdxsk","policyType":"Custom","description":"desc_for_test_policy_123","parameters":{"allowedLocations":{"type":"Array","metadata":{"description":"The
        list of locations that can be specified when deploying resources","strongType":"location","displayName":"Allowed
        locations"}}},"policyRule":{"if":{"not":{"field":"location","in":"[parameters(''allowedLocations'')]"}},"then":{"effect":"deny"}}},"id":"/subscriptions/00000000-0000-0000-0000-000000000000/providers/Microsoft.Authorization/policyDefinitions/azure-cli-test-policy2b4v6kg4r","type":"Microsoft.Authorization/policyDefinitions","name":"azure-cli-test-policy2b4v6kg4r"},{"properties":{"displayName":"test_policy000003","policyType":"Custom","description":"desc_for_test_policy_123_new","parameters":{"allowedLocations":{"type":"Array","metadata":{"description":"The
        list of locations that can be specified when deploying resources","strongType":"location","displayName":"Allowed
        locations"}}},"policyRule":{"if":{"not":{"field":"location","in":"[parameters(''allowedLocations'')]"}},"then":{"effect":"deny"}}},"id":"/subscriptions/00000000-0000-0000-0000-000000000000/providers/Microsoft.Authorization/policyDefinitions/azure-cli-test-policy000002","type":"Microsoft.Authorization/policyDefinitions","name":"azure-cli-test-policy000002"},{"properties":{"displayName":"test_policyijppv2psk","policyType":"Custom","mode":"Indexed","description":"desc_for_test_policy_123","parameters":{"allowedLocations":{"type":"Array","metadata":{"description":"The
        list of locations that can be specified when deploying resources","strongType":"location","displayName":"Allowed
        locations"}}},"policyRule":{"if":{"not":{"field":"location","in":"[parameters(''allowedLocations'')]"}},"then":{"effect":"deny"}}},"id":"/subscriptions/00000000-0000-0000-0000-000000000000/providers/Microsoft.Authorization/policyDefinitions/azure-cli-test-policy3um67aujr","type":"Microsoft.Authorization/policyDefinitions","name":"azure-cli-test-policy3um67aujr"},{"properties":{"displayName":"test_policyb6aonffyz","policyType":"Custom","description":"desc_for_test_policy_123","parameters":{"allowedLocations":{"type":"Array","metadata":{"description":"The
        list of locations that can be specified when deploying resources","strongType":"location","displayName":"Allowed
        locations"}}},"policyRule":{"if":{"not":{"field":"location","in":"[parameters(''allowedLocations'')]"}},"then":{"effect":"deny"}}},"id":"/subscriptions/00000000-0000-0000-0000-000000000000/providers/Microsoft.Authorization/policyDefinitions/azure-cli-test-policy3vpy3xtmb","type":"Microsoft.Authorization/policyDefinitions","name":"azure-cli-test-policy3vpy3xtmb"},{"properties":{"displayName":"test_policyikfx6cf2d","policyType":"Custom","description":"desc_for_test_policy_123","parameters":{"allowedLocations":{"type":"Array","metadata":{"description":"The
        list of locations that can be specified when deploying resources","strongType":"location","displayName":"Allowed
        locations"}}},"policyRule":{"if":{"not":{"field":"location","in":"[parameters(''allowedLocations'')]"}},"then":{"effect":"deny"}}},"id":"/subscriptions/00000000-0000-0000-0000-000000000000/providers/Microsoft.Authorization/policyDefinitions/azure-cli-test-policy457gcmmrq","type":"Microsoft.Authorization/policyDefinitions","name":"azure-cli-test-policy457gcmmrq"},{"properties":{"displayName":"test_policy654ytdggr","policyType":"Custom","description":"desc_for_test_policy_123","parameters":{"allowedLocations":{"type":"Array","metadata":{"description":"The
        list of locations that can be specified when deploying resources","strongType":"location","displayName":"Allowed
        locations"}}},"policyRule":{"if":{"not":{"field":"location","in":"[parameters(''allowedLocations'')]"}},"then":{"effect":"deny"}}},"id":"/subscriptions/00000000-0000-0000-0000-000000000000/providers/Microsoft.Authorization/policyDefinitions/azure-cli-test-policy4gxkut77l","type":"Microsoft.Authorization/policyDefinitions","name":"azure-cli-test-policy4gxkut77l"},{"properties":{"displayName":"test_policyis43lxzj3","policyType":"Custom","description":"desc_for_test_policy_123","parameters":{"allowedLocations":{"type":"Array","metadata":{"description":"The
        list of locations that can be specified when deploying resources","strongType":"location","displayName":"Allowed
        locations"}}},"policyRule":{"if":{"not":{"field":"location","in":"[parameters(''allowedLocations'')]"}},"then":{"effect":"deny"}}},"id":"/subscriptions/00000000-0000-0000-0000-000000000000/providers/Microsoft.Authorization/policyDefinitions/azure-cli-test-policy4xj6cjwua","type":"Microsoft.Authorization/policyDefinitions","name":"azure-cli-test-policy4xj6cjwua"},{"properties":{"displayName":"test_policyioi6kopkp","policyType":"Custom","description":"desc_for_test_policy_123","parameters":{"allowedLocations":{"type":"Array","metadata":{"description":"The
        list of locations that can be specified when deploying resources","strongType":"location","displayName":"Allowed
        locations"}}},"policyRule":{"if":{"not":{"field":"location","in":"[parameters(''allowedLocations'')]"}},"then":{"effect":"deny"}}},"id":"/subscriptions/00000000-0000-0000-0000-000000000000/providers/Microsoft.Authorization/policyDefinitions/azure-cli-test-policy76yysrffx","type":"Microsoft.Authorization/policyDefinitions","name":"azure-cli-test-policy76yysrffx"},{"properties":{"displayName":"test_policyd5y6alpri","policyType":"Custom","description":"desc_for_test_policy_123_new","parameters":{"allowedLocations":{"type":"Array","metadata":{"description":"The
        list of locations that can be specified when deploying resources","strongType":"location","displayName":"Allowed
        locations"}}},"policyRule":{"if":{"not":{"field":"location","in":"[parameters(''allowedLocations'')]"}},"then":{"effect":"deny"}}},"id":"/subscriptions/00000000-0000-0000-0000-000000000000/providers/Microsoft.Authorization/policyDefinitions/azure-cli-test-policyata2erzl4","type":"Microsoft.Authorization/policyDefinitions","name":"azure-cli-test-policyata2erzl4"},{"properties":{"displayName":"test_policyulb2qw2ce","policyType":"Custom","description":"desc_for_test_policy_123","parameters":{"allowedLocations":{"type":"Array","metadata":{"description":"The
        list of locations that can be specified when deploying resources","strongType":"location","displayName":"Allowed
        locations"}}},"policyRule":{"if":{"not":{"field":"location","in":"[parameters(''allowedLocations'')]"}},"then":{"effect":"deny"}}},"id":"/subscriptions/00000000-0000-0000-0000-000000000000/providers/Microsoft.Authorization/policyDefinitions/azure-cli-test-policyay6bo67ry","type":"Microsoft.Authorization/policyDefinitions","name":"azure-cli-test-policyay6bo67ry"},{"properties":{"displayName":"test_policyaa4nfxo2w","policyType":"Custom","description":"desc_for_test_policy_123","parameters":{"allowedLocations":{"type":"Array","metadata":{"description":"The
        list of locations that can be specified when deploying resources","strongType":"location","displayName":"Allowed
        locations"}}},"policyRule":{"if":{"not":{"field":"location","in":"[parameters(''allowedLocations'')]"}},"then":{"effect":"deny"}}},"id":"/subscriptions/00000000-0000-0000-0000-000000000000/providers/Microsoft.Authorization/policyDefinitions/azure-cli-test-policybkcqt5s2j","type":"Microsoft.Authorization/policyDefinitions","name":"azure-cli-test-policybkcqt5s2j"},{"properties":{"displayName":"test_policymsbt722xn","policyType":"Custom","description":"desc_for_test_policy_123","parameters":{"allowedLocations":{"type":"Array","metadata":{"description":"The
        list of locations that can be specified when deploying resources","strongType":"location","displayName":"Allowed
        locations"}}},"policyRule":{"if":{"not":{"field":"location","in":"[parameters(''allowedLocations'')]"}},"then":{"effect":"deny"}}},"id":"/subscriptions/00000000-0000-0000-0000-000000000000/providers/Microsoft.Authorization/policyDefinitions/azure-cli-test-policydgp4n4b2q","type":"Microsoft.Authorization/policyDefinitions","name":"azure-cli-test-policydgp4n4b2q"},{"properties":{"displayName":"test_policyxwccfy65g","policyType":"Custom","description":"desc_for_test_policy_123_new","parameters":{"allowedLocations":{"type":"Array","metadata":{"description":"The
        list of locations that can be specified when deploying resources","strongType":"location","displayName":"Allowed
        locations"}}},"policyRule":{"if":{"not":{"field":"location","in":"[parameters(''allowedLocations'')]"}},"then":{"effect":"deny"}}},"id":"/subscriptions/00000000-0000-0000-0000-000000000000/providers/Microsoft.Authorization/policyDefinitions/azure-cli-test-policyf3eipej6z","type":"Microsoft.Authorization/policyDefinitions","name":"azure-cli-test-policyf3eipej6z"},{"properties":{"displayName":"test_policyctzb7isd5","policyType":"Custom","description":"desc_for_test_policy_123","parameters":{"allowedLocations":{"type":"Array","metadata":{"description":"The
        list of locations that can be specified when deploying resources","strongType":"location","displayName":"Allowed
        locations"}}},"policyRule":{"if":{"not":{"field":"location","in":"[parameters(''allowedLocations'')]"}},"then":{"effect":"deny"}}},"id":"/subscriptions/00000000-0000-0000-0000-000000000000/providers/Microsoft.Authorization/policyDefinitions/azure-cli-test-policyfrc4qigao","type":"Microsoft.Authorization/policyDefinitions","name":"azure-cli-test-policyfrc4qigao"},{"properties":{"displayName":"test_policyp2fqprzgn","policyType":"Custom","description":"desc_for_test_policy_123_new","parameters":{"allowedLocations":{"type":"Array","metadata":{"description":"The
        list of locations that can be specified when deploying resources","strongType":"location","displayName":"Allowed
        locations"}}},"policyRule":{"if":{"not":{"field":"location","in":"[parameters(''allowedLocations'')]"}},"then":{"effect":"deny"}}},"id":"/subscriptions/00000000-0000-0000-0000-000000000000/providers/Microsoft.Authorization/policyDefinitions/azure-cli-test-policyg2suykg5d","type":"Microsoft.Authorization/policyDefinitions","name":"azure-cli-test-policyg2suykg5d"},{"properties":{"displayName":"test_policyws5umq4rm","policyType":"Custom","description":"desc_for_test_policy_123","parameters":{"allowedLocations":{"type":"Array","metadata":{"description":"The
        list of locations that can be specified when deploying resources","strongType":"location","displayName":"Allowed
        locations"}}},"policyRule":{"if":{"not":{"field":"location","in":"[parameters(''allowedLocations'')]"}},"then":{"effect":"deny"}}},"id":"/subscriptions/00000000-0000-0000-0000-000000000000/providers/Microsoft.Authorization/policyDefinitions/azure-cli-test-policygkvukulzr","type":"Microsoft.Authorization/policyDefinitions","name":"azure-cli-test-policygkvukulzr"},{"properties":{"displayName":"test_policyrvkpo3eqx","policyType":"Custom","description":"desc_for_test_policy_123","parameters":{"allowedLocations":{"type":"Array","metadata":{"description":"The
        list of locations that can be specified when deploying resources","strongType":"location","displayName":"Allowed
        locations"}}},"policyRule":{"if":{"not":{"field":"location","in":"[parameters(''allowedLocations'')]"}},"then":{"effect":"deny"}}},"id":"/subscriptions/00000000-0000-0000-0000-000000000000/providers/Microsoft.Authorization/policyDefinitions/azure-cli-test-policygowtiwhgq","type":"Microsoft.Authorization/policyDefinitions","name":"azure-cli-test-policygowtiwhgq"},{"properties":{"displayName":"test_policy7m2vlxuv7","policyType":"Custom","description":"desc_for_test_policy_123","parameters":{"allowedLocations":{"type":"Array","metadata":{"description":"The
        list of locations that can be specified when deploying resources","strongType":"location","displayName":"Allowed
        locations"}}},"policyRule":{"if":{"not":{"field":"location","in":"[parameters(''allowedLocations'')]"}},"then":{"effect":"deny"}}},"id":"/subscriptions/00000000-0000-0000-0000-000000000000/providers/Microsoft.Authorization/policyDefinitions/azure-cli-test-policyh3hvom5ma","type":"Microsoft.Authorization/policyDefinitions","name":"azure-cli-test-policyh3hvom5ma"},{"properties":{"displayName":"test_policybgrkug5se","policyType":"Custom","description":"desc_for_test_policy_123_new","parameters":{"allowedLocations":{"type":"Array","metadata":{"description":"The
        list of locations that can be specified when deploying resources","strongType":"location","displayName":"Allowed
        locations"}}},"policyRule":{"if":{"not":{"field":"location","in":"[parameters(''allowedLocations'')]"}},"then":{"effect":"deny"}}},"id":"/subscriptions/00000000-0000-0000-0000-000000000000/providers/Microsoft.Authorization/policyDefinitions/azure-cli-test-policyhqu5tiln5","type":"Microsoft.Authorization/policyDefinitions","name":"azure-cli-test-policyhqu5tiln5"},{"properties":{"displayName":"test_policyhn4y4ml7v","policyType":"Custom","description":"desc_for_test_policy_123","parameters":{"allowedLocations":{"type":"Array","metadata":{"description":"The
        list of locations that can be specified when deploying resources","strongType":"location","displayName":"Allowed
        locations"}}},"policyRule":{"if":{"not":{"field":"location","in":"[parameters(''allowedLocations'')]"}},"then":{"effect":"deny"}}},"id":"/subscriptions/00000000-0000-0000-0000-000000000000/providers/Microsoft.Authorization/policyDefinitions/azure-cli-test-policyjimbnujhn","type":"Microsoft.Authorization/policyDefinitions","name":"azure-cli-test-policyjimbnujhn"},{"properties":{"displayName":"test_policy4kmeevqwm","policyType":"Custom","description":"desc_for_test_policy_123","parameters":{"allowedLocations":{"type":"Array","metadata":{"description":"The
        list of locations that can be specified when deploying resources","strongType":"location","displayName":"Allowed
        locations"}}},"policyRule":{"if":{"not":{"field":"location","in":"[parameters(''allowedLocations'')]"}},"then":{"effect":"deny"}}},"id":"/subscriptions/00000000-0000-0000-0000-000000000000/providers/Microsoft.Authorization/policyDefinitions/azure-cli-test-policykafwuye7f","type":"Microsoft.Authorization/policyDefinitions","name":"azure-cli-test-policykafwuye7f"},{"properties":{"displayName":"test_policynlgextkdp","policyType":"Custom","description":"desc_for_test_policy_123","parameters":{"allowedLocations":{"type":"Array","metadata":{"description":"The
        list of locations that can be specified when deploying resources","strongType":"location","displayName":"Allowed
        locations"}}},"policyRule":{"if":{"not":{"field":"location","in":"[parameters(''allowedLocations'')]"}},"then":{"effect":"deny"}}},"id":"/subscriptions/00000000-0000-0000-0000-000000000000/providers/Microsoft.Authorization/policyDefinitions/azure-cli-test-policykjzvzjrnd","type":"Microsoft.Authorization/policyDefinitions","name":"azure-cli-test-policykjzvzjrnd"},{"properties":{"displayName":"test_policya26yk6npn","policyType":"Custom","description":"desc_for_test_policy_123","parameters":{"allowedLocations":{"type":"Array","metadata":{"description":"The
        list of locations that can be specified when deploying resources","strongType":"location","displayName":"Allowed
        locations"}}},"policyRule":{"if":{"not":{"field":"location","in":"[parameters(''allowedLocations'')]"}},"then":{"effect":"deny"}}},"id":"/subscriptions/00000000-0000-0000-0000-000000000000/providers/Microsoft.Authorization/policyDefinitions/azure-cli-test-policykndpgq6lp","type":"Microsoft.Authorization/policyDefinitions","name":"azure-cli-test-policykndpgq6lp"},{"properties":{"displayName":"test_policy7nmlzbczq","policyType":"Custom","description":"desc_for_test_policy_123","parameters":{"allowedLocations":{"type":"Array","metadata":{"description":"The
        list of locations that can be specified when deploying resources","strongType":"location","displayName":"Allowed
        locations"}}},"policyRule":{"if":{"not":{"field":"location","in":"[parameters(''allowedLocations'')]"}},"then":{"effect":"deny"}}},"id":"/subscriptions/00000000-0000-0000-0000-000000000000/providers/Microsoft.Authorization/policyDefinitions/azure-cli-test-policylwzcap5xp","type":"Microsoft.Authorization/policyDefinitions","name":"azure-cli-test-policylwzcap5xp"},{"properties":{"displayName":"test_policypw6u5qsxu","policyType":"Custom","description":"desc_for_test_policy_123","parameters":{"allowedLocations":{"type":"Array","metadata":{"description":"The
        list of locations that can be specified when deploying resources","strongType":"location","displayName":"Allowed
        locations"}}},"policyRule":{"if":{"not":{"field":"location","in":"[parameters(''allowedLocations'')]"}},"then":{"effect":"deny"}}},"id":"/subscriptions/00000000-0000-0000-0000-000000000000/providers/Microsoft.Authorization/policyDefinitions/azure-cli-test-policymcpmj34wu","type":"Microsoft.Authorization/policyDefinitions","name":"azure-cli-test-policymcpmj34wu"},{"properties":{"displayName":"test_policy7tgd6rojr","policyType":"Custom","description":"desc_for_test_policy_123","parameters":{"allowedLocations":{"type":"Array","metadata":{"description":"The
        list of locations that can be specified when deploying resources","strongType":"location","displayName":"Allowed
        locations"}}},"policyRule":{"if":{"not":{"field":"location","in":"[parameters(''allowedLocations'')]"}},"then":{"effect":"deny"}}},"id":"/subscriptions/00000000-0000-0000-0000-000000000000/providers/Microsoft.Authorization/policyDefinitions/azure-cli-test-policymx6zhhcdg","type":"Microsoft.Authorization/policyDefinitions","name":"azure-cli-test-policymx6zhhcdg"},{"properties":{"displayName":"test_policyd4juqcjne","policyType":"Custom","description":"desc_for_test_policy_123","parameters":{"allowedLocations":{"type":"Array","metadata":{"description":"The
        list of locations that can be specified when deploying resources","strongType":"location","displayName":"Allowed
        locations"}}},"policyRule":{"if":{"not":{"field":"location","in":"[parameters(''allowedLocations'')]"}},"then":{"effect":"deny"}}},"id":"/subscriptions/00000000-0000-0000-0000-000000000000/providers/Microsoft.Authorization/policyDefinitions/azure-cli-test-policynyjpfdpkt","type":"Microsoft.Authorization/policyDefinitions","name":"azure-cli-test-policynyjpfdpkt"},{"properties":{"displayName":"test_policyofs54bi64","policyType":"Custom","description":"desc_for_test_policy_123","parameters":{"allowedLocations":{"type":"Array","metadata":{"description":"The
        list of locations that can be specified when deploying resources","strongType":"location","displayName":"Allowed
        locations"}}},"policyRule":{"if":{"not":{"field":"location","in":"[parameters(''allowedLocations'')]"}},"then":{"effect":"deny"}}},"id":"/subscriptions/00000000-0000-0000-0000-000000000000/providers/Microsoft.Authorization/policyDefinitions/azure-cli-test-policyop6ocg4h5","type":"Microsoft.Authorization/policyDefinitions","name":"azure-cli-test-policyop6ocg4h5"},{"properties":{"displayName":"test_policyo3gr6tmo3","policyType":"Custom","description":"desc_for_test_policy_123","parameters":{"allowedLocations":{"type":"Array","metadata":{"description":"The
        list of locations that can be specified when deploying resources","strongType":"location","displayName":"Allowed
        locations"}}},"policyRule":{"if":{"not":{"field":"location","in":"[parameters(''allowedLocations'')]"}},"then":{"effect":"deny"}}},"id":"/subscriptions/00000000-0000-0000-0000-000000000000/providers/Microsoft.Authorization/policyDefinitions/azure-cli-test-policyqp3vsgggm","type":"Microsoft.Authorization/policyDefinitions","name":"azure-cli-test-policyqp3vsgggm"},{"properties":{"displayName":"test_policyusoolakmd","policyType":"Custom","description":"desc_for_test_policy_123","parameters":{"allowedLocations":{"type":"Array","metadata":{"description":"The
        list of locations that can be specified when deploying resources","strongType":"location","displayName":"Allowed
        locations"}}},"policyRule":{"if":{"not":{"field":"location","in":"[parameters(''allowedLocations'')]"}},"then":{"effect":"deny"}}},"id":"/subscriptions/00000000-0000-0000-0000-000000000000/providers/Microsoft.Authorization/policyDefinitions/azure-cli-test-policys6rbruvl5","type":"Microsoft.Authorization/policyDefinitions","name":"azure-cli-test-policys6rbruvl5"},{"properties":{"displayName":"test_policybomt5qfsz","policyType":"Custom","description":"desc_for_test_policy_123","parameters":{"allowedLocations":{"type":"Array","metadata":{"description":"The
        list of locations that can be specified when deploying resources","strongType":"location","displayName":"Allowed
        locations"}}},"policyRule":{"if":{"not":{"field":"location","in":"[parameters(''allowedLocations'')]"}},"then":{"effect":"deny"}}},"id":"/subscriptions/00000000-0000-0000-0000-000000000000/providers/Microsoft.Authorization/policyDefinitions/azure-cli-test-policyth5g5xviz","type":"Microsoft.Authorization/policyDefinitions","name":"azure-cli-test-policyth5g5xviz"},{"properties":{"displayName":"test_policy6kfinefpf","policyType":"Custom","description":"desc_for_test_policy_123","parameters":{"allowedLocations":{"type":"Array","metadata":{"description":"The
        list of locations that can be specified when deploying resources","strongType":"location","displayName":"Allowed
        locations"}}},"policyRule":{"if":{"not":{"field":"location","in":"[parameters(''allowedLocations'')]"}},"then":{"effect":"deny"}}},"id":"/subscriptions/00000000-0000-0000-0000-000000000000/providers/Microsoft.Authorization/policyDefinitions/azure-cli-test-policyurejy7yye","type":"Microsoft.Authorization/policyDefinitions","name":"azure-cli-test-policyurejy7yye"},{"properties":{"displayName":"test_policytqcnn3tje","policyType":"Custom","description":"desc_for_test_policy_123","parameters":{"allowedLocations":{"type":"Array","metadata":{"description":"The
        list of locations that can be specified when deploying resources","strongType":"location","displayName":"Allowed
        locations"}}},"policyRule":{"if":{"not":{"field":"location","in":"[parameters(''allowedLocations'')]"}},"then":{"effect":"deny"}}},"id":"/subscriptions/00000000-0000-0000-0000-000000000000/providers/Microsoft.Authorization/policyDefinitions/azure-cli-test-policywga3xtg6u","type":"Microsoft.Authorization/policyDefinitions","name":"azure-cli-test-policywga3xtg6u"},{"properties":{"displayName":"test_policyb3z7re6z5","policyType":"Custom","description":"desc_for_test_policy_123_new","parameters":{"allowedLocations":{"type":"Array","metadata":{"description":"The
        list of locations that can be specified when deploying resources","strongType":"location","displayName":"Allowed
        locations"}}},"policyRule":{"if":{"not":{"field":"location","in":"[parameters(''allowedLocations'')]"}},"then":{"effect":"deny"}}},"id":"/subscriptions/00000000-0000-0000-0000-000000000000/providers/Microsoft.Authorization/policyDefinitions/azure-cli-test-policywjf6zul3w","type":"Microsoft.Authorization/policyDefinitions","name":"azure-cli-test-policywjf6zul3w"},{"properties":{"displayName":"test_policyhdwuyznya","policyType":"Custom","description":"desc_for_test_policy_123","parameters":{"allowedLocations":{"type":"Array","metadata":{"description":"The
        list of locations that can be specified when deploying resources","strongType":"location","displayName":"Allowed
        locations"}}},"policyRule":{"if":{"not":{"field":"location","in":"[parameters(''allowedLocations'')]"}},"then":{"effect":"deny"}}},"id":"/subscriptions/00000000-0000-0000-0000-000000000000/providers/Microsoft.Authorization/policyDefinitions/azure-cli-test-policywrv4nadsy","type":"Microsoft.Authorization/policyDefinitions","name":"azure-cli-test-policywrv4nadsy"},{"properties":{"displayName":"test_policyk4lic76g5","policyType":"Custom","description":"desc_for_test_policy_123","parameters":{"allowedLocations":{"type":"Array","metadata":{"description":"The
        list of locations that can be specified when deploying resources","strongType":"location","displayName":"Allowed
        locations"}}},"policyRule":{"if":{"not":{"field":"location","in":"[parameters(''allowedLocations'')]"}},"then":{"effect":"deny"}}},"id":"/subscriptions/00000000-0000-0000-0000-000000000000/providers/Microsoft.Authorization/policyDefinitions/azure-cli-test-policyxcfiryook","type":"Microsoft.Authorization/policyDefinitions","name":"azure-cli-test-policyxcfiryook"},{"properties":{"displayName":"test_policyze7ytm3iy","policyType":"Custom","description":"desc_for_test_policy_123","parameters":{"allowedLocations":{"type":"Array","metadata":{"description":"The
        list of locations that can be specified when deploying resources","strongType":"location","displayName":"Allowed
        locations"}}},"policyRule":{"if":{"not":{"field":"location","in":"[parameters(''allowedLocations'')]"}},"then":{"effect":"deny"}}},"id":"/subscriptions/00000000-0000-0000-0000-000000000000/providers/Microsoft.Authorization/policyDefinitions/azure-cli-test-policyydnyxkmc7","type":"Microsoft.Authorization/policyDefinitions","name":"azure-cli-test-policyydnyxkmc7"},{"properties":{"displayName":"test_policyzrf6lmz6q","policyType":"Custom","description":"desc_for_test_policy_123","parameters":{"allowedLocations":{"type":"Array","metadata":{"description":"The
        list of locations that can be specified when deploying resources","strongType":"location","displayName":"Allowed
        locations"}}},"policyRule":{"if":{"not":{"field":"location","in":"[parameters(''allowedLocations'')]"}},"then":{"effect":"deny"}}},"id":"/subscriptions/00000000-0000-0000-0000-000000000000/providers/Microsoft.Authorization/policyDefinitions/azure-cli-test-policyz735hpo2l","type":"Microsoft.Authorization/policyDefinitions","name":"azure-cli-test-policyz735hpo2l"},{"properties":{"displayName":"test_policyxx2jncbx4","policyType":"Custom","description":"desc_for_test_policy_123","parameters":{"allowedLocations":{"type":"Array","metadata":{"description":"The
        list of locations that can be specified when deploying resources","strongType":"location","displayName":"Allowed
        locations"}}},"policyRule":{"if":{"not":{"field":"location","in":"[parameters(''allowedLocations'')]"}},"then":{"effect":"deny"}}},"id":"/subscriptions/00000000-0000-0000-0000-000000000000/providers/Microsoft.Authorization/policyDefinitions/azure-cli-test-policyzzdjirnt4","type":"Microsoft.Authorization/policyDefinitions","name":"azure-cli-test-policyzzdjirnt4"},{"properties":{"policyType":"Custom","parameters":{"allowedLocations":{"type":"Array","metadata":{"description":"The
        list of locations that can be specified when deploying resources","strongType":"location","displayName":"Allowed
        locations"}}},"policyRule":{"if":{"not":{"field":"location","in":"[parameters(''allowedLocations'')]"}},"then":{"effect":"deny"}}},"id":"/subscriptions/00000000-0000-0000-0000-000000000000/providers/Microsoft.Authorization/policyDefinitions/clipd","type":"Microsoft.Authorization/policyDefinitions","name":"clipd"},{"properties":{"policyType":"Custom","policyRule":{"if":{"source":"action","equals":"Microsoft.Resources/Subscriptions/00000000-0000-0000-0000-000000000000/write"},"then":{"effect":"deny"}}},"id":"/subscriptions/00000000-0000-0000-0000-000000000000/providers/Microsoft.Authorization/policyDefinitions/onesdk1071","type":"Microsoft.Authorization/policyDefinitions","name":"onesdk1071"},{"properties":{"policyType":"Custom","mode":"All","policyRule":{"if":{"source":"action","equals":"Microsoft.Resources/Subscriptions/00000000-0000-0000-0000-000000000000/write"},"then":{"effect":"deny"}}},"id":"/subscriptions/00000000-0000-0000-0000-000000000000/providers/Microsoft.Authorization/policyDefinitions/onesdk2200","type":"Microsoft.Authorization/policyDefinitions","name":"onesdk2200"},{"properties":{"displayName":"testDisplay","policyType":"Custom","description":"testDescription","metadata":{"test":"test"},"policyRule":{"if":{"source":"action","equals":"Microsoft.Resources/Subscriptions/00000000-0000-0000-0000-000000000000/write"},"then":{"effect":"deny"}}},"id":"/subscriptions/00000000-0000-0000-0000-000000000000/providers/Microsoft.Authorization/policyDefinitions/onesdk3296","type":"Microsoft.Authorization/policyDefinitions","name":"onesdk3296"},{"properties":{"policyType":"Custom","policyRule":{"if":{"source":"action","equals":"Microsoft.Resources/Subscriptions/00000000-0000-0000-0000-000000000000/write"},"then":{"effect":"deny"}}},"id":"/subscriptions/00000000-0000-0000-0000-000000000000/providers/Microsoft.Authorization/policyDefinitions/onesdk634","type":"Microsoft.Authorization/policyDefinitions","name":"onesdk634"},{"properties":{"policyType":"Custom","policyRule":{"if":{"source":"action","equals":"Microsoft.Resources/Subscriptions/00000000-0000-0000-0000-000000000000/write"},"then":{"effect":"deny"}}},"id":"/subscriptions/00000000-0000-0000-0000-000000000000/providers/Microsoft.Authorization/policyDefinitions/onesdk6972","type":"Microsoft.Authorization/policyDefinitions","name":"onesdk6972"},{"properties":{"displayName":"testDisplay","policyType":"Custom","description":"testDescription","metadata":{"test":"test"},"policyRule":{"if":{"source":"action","equals":"Microsoft.Resources/Subscriptions/00000000-0000-0000-0000-000000000000/write"},"then":{"effect":"deny"}}},"id":"/subscriptions/00000000-0000-0000-0000-000000000000/providers/Microsoft.Authorization/policyDefinitions/onesdk7587","type":"Microsoft.Authorization/policyDefinitions","name":"onesdk7587"},{"properties":{"policyType":"Custom","metadata":{"test":"test"},"policyRule":{"if":{"source":"action","equals":"Microsoft.Resources/Subscriptions/00000000-0000-0000-0000-000000000000/write"},"then":{"effect":"deny"}}},"id":"/subscriptions/00000000-0000-0000-0000-000000000000/providers/Microsoft.Authorization/policyDefinitions/test123","type":"Microsoft.Authorization/policyDefinitions","name":"test123"},{"properties":{"policyType":"Custom","mode":"All","policyRule":{"if":{"source":"action","equals":"blah"},"then":{"effect":"deny"}}},"id":"/subscriptions/00000000-0000-0000-0000-000000000000/providers/Microsoft.Authorization/policyDefinitions/test2","type":"Microsoft.Authorization/policyDefinitions","name":"test2"},{"properties":{"policyType":"Custom","mode":"All","policyRule":{"if":{"source":"action","equals":"Microsoft.Resources/Subscriptions/00000000-0000-0000-0000-000000000000/write"},"then":{"effect":"deny"}}},"id":"/subscriptions/00000000-0000-0000-0000-000000000000/providers/Microsoft.Authorization/policyDefinitions/testclinewpdmode","type":"Microsoft.Authorization/policyDefinitions","name":"testclinewpdmode"},{"properties":{"policyType":"Custom","mode":"All","policyRule":{"if":{"source":"action","equals":"Microsoft.Resources/Subscriptions/00000000-0000-0000-0000-000000000000/write"},"then":{"effect":"deny"}}},"id":"/subscriptions/00000000-0000-0000-0000-000000000000/providers/Microsoft.Authorization/policyDefinitions/testuri","type":"Microsoft.Authorization/policyDefinitions","name":"testuri"}]}'}
    headers:
      cache-control: [no-cache]
      content-length: ['55337']
      content-type: [application/json; charset=utf-8]
      date: ['Sat, 23 Sep 2017 06:08:21 GMT']
      expires: ['-1']
      pragma: [no-cache]
      strict-transport-security: [max-age=31536000; includeSubDomains]
      transfer-encoding: [chunked]
      vary: ['Accept-Encoding,Accept-Encoding']
    status: {code: 200, message: OK}
- request:
    body: null
    headers:
      Accept: [application/json]
      Accept-Encoding: ['gzip, deflate']
      CommandName: [policy definition show]
      Connection: [keep-alive]
      Content-Type: [application/json; charset=utf-8]
      User-Agent: [python/3.6.1 (Windows-10-10.0.15063-SP0) requests/2.9.1 msrest/0.4.14
          msrest_azure/0.4.14 policyclient/1.2.0rc2 Azure-SDK-For-Python AZURECLI/2.0.17+dev]
      accept-language: [en-US]
    method: GET
    uri: https://management.azure.com/subscriptions/00000000-0000-0000-0000-000000000000/providers/Microsoft.Authorization/policyDefinitions/azure-cli-test-policy000002?api-version=2016-12-01
  response:
    body: {string: '{"properties":{"displayName":"test_policy000003","policyType":"Custom","description":"desc_for_test_policy_123_new","parameters":{"allowedLocations":{"type":"Array","metadata":{"description":"The
        list of locations that can be specified when deploying resources","strongType":"location","displayName":"Allowed
        locations"}}},"policyRule":{"if":{"not":{"field":"location","in":"[parameters(''allowedLocations'')]"}},"then":{"effect":"deny"}}},"id":"/subscriptions/00000000-0000-0000-0000-000000000000/providers/Microsoft.Authorization/policyDefinitions/azure-cli-test-policy000002","type":"Microsoft.Authorization/policyDefinitions","name":"azure-cli-test-policy000002"}'}
    headers:
      cache-control: [no-cache]
      content-length: ['674']
      content-type: [application/json; charset=utf-8]
      date: ['Sat, 23 Sep 2017 06:08:23 GMT']
      expires: ['-1']
      pragma: [no-cache]
      strict-transport-security: [max-age=31536000; includeSubDomains]
      transfer-encoding: [chunked]
      vary: ['Accept-Encoding,Accept-Encoding']
    status: {code: 200, message: OK}
- request:
    body: null
    headers:
      Accept: [application/json]
      Accept-Encoding: ['gzip, deflate']
      CommandName: [policy assignment create]
      Connection: [keep-alive]
      Content-Type: [application/json; charset=utf-8]
      User-Agent: [python/3.6.1 (Windows-10-10.0.15063-SP0) requests/2.9.1 msrest/0.4.14
          msrest_azure/0.4.14 policyclient/1.2.0rc2 Azure-SDK-For-Python AZURECLI/2.0.17+dev]
      accept-language: [en-US]
    method: GET
    uri: https://management.azure.com/subscriptions/00000000-0000-0000-0000-000000000000/providers/Microsoft.Authorization/policyDefinitions/azure-cli-test-policy000002?api-version=2016-12-01
  response:
    body: {string: '{"properties":{"displayName":"test_policy000003","policyType":"Custom","description":"desc_for_test_policy_123_new","parameters":{"allowedLocations":{"type":"Array","metadata":{"description":"The
        list of locations that can be specified when deploying resources","strongType":"location","displayName":"Allowed
        locations"}}},"policyRule":{"if":{"not":{"field":"location","in":"[parameters(''allowedLocations'')]"}},"then":{"effect":"deny"}}},"id":"/subscriptions/00000000-0000-0000-0000-000000000000/providers/Microsoft.Authorization/policyDefinitions/azure-cli-test-policy000002","type":"Microsoft.Authorization/policyDefinitions","name":"azure-cli-test-policy000002"}'}
    headers:
      cache-control: [no-cache]
      content-length: ['674']
      content-type: [application/json; charset=utf-8]
      date: ['Sat, 23 Sep 2017 06:08:24 GMT']
      expires: ['-1']
      pragma: [no-cache]
      strict-transport-security: [max-age=31536000; includeSubDomains]
      transfer-encoding: [chunked]
      vary: ['Accept-Encoding,Accept-Encoding']
    status: {code: 200, message: OK}
- request:
    body: 'b''b\''b\\\''{"properties": {"displayName": "test_assignment000005", "policyDefinitionId":
      "/subscriptions/00000000-0000-0000-0000-000000000000/providers/Microsoft.Authorization/policyDefinitions/azure-cli-test-policy000002",
      "scope": "/subscriptions/00000000-0000-0000-0000-000000000000/resourceGroups/cli_test_policy000001",
      "parameters": {"allowedLocations": {"value": ["australiaeast", "eastus", "japaneast",
      "westus"]}}}, "sku": {"name": "A0", "tier": "Free"}}\\\''\'''''
    headers:
      Accept: [application/json]
      Accept-Encoding: ['gzip, deflate']
      CommandName: [policy assignment create]
      Connection: [keep-alive]
      Content-Length: ['508']
      Content-Type: [application/json; charset=utf-8]
      User-Agent: [python/3.6.1 (Windows-10-10.0.15063-SP0) requests/2.9.1 msrest/0.4.14
          msrest_azure/0.4.14 policyclient/1.2.0rc2 Azure-SDK-For-Python AZURECLI/2.0.17+dev]
      accept-language: [en-US]
    method: PUT
    uri: https://management.azure.com/subscriptions/00000000-0000-0000-0000-000000000000/resourceGroups/cli_test_policy000001/providers/Microsoft.Authorization/policyAssignments/azurecli-test-policy-assignment000004?api-version=2017-06-01-preview
  response:
    body: {string: '{"sku":{"name":"A0","tier":"Free"},"properties":{"displayName":"test_assignment000005","policyDefinitionId":"/subscriptions/00000000-0000-0000-0000-000000000000/providers/Microsoft.Authorization/policyDefinitions/azure-cli-test-policy000002","scope":"/subscriptions/00000000-0000-0000-0000-000000000000/resourceGroups/cli_test_policy000001","parameters":{"allowedLocations":{"value":["australiaeast","eastus","japaneast","westus"]}}},"id":"/subscriptions/00000000-0000-0000-0000-000000000000/resourceGroups/cli_test_policy000001/providers/Microsoft.Authorization/policyAssignments/azurecli-test-policy-assignment000004","type":"Microsoft.Authorization/policyAssignments","name":"azurecli-test-policy-assignment000004"}'}
    headers:
      cache-control: [no-cache]
      content-length: ['834']
      content-type: [application/json; charset=utf-8]
      date: ['Sat, 23 Sep 2017 06:08:26 GMT']
      expires: ['-1']
      pragma: [no-cache]
      strict-transport-security: [max-age=31536000; includeSubDomains]
      x-ms-ratelimit-remaining-subscription-writes: ['1198']
    status: {code: 201, message: Created}
- request:
    body: null
    headers:
      Accept: [application/json]
      Accept-Encoding: ['gzip, deflate']
      CommandName: [group show]
      Connection: [keep-alive]
      Content-Type: [application/json; charset=utf-8]
      User-Agent: [python/3.6.1 (Windows-10-10.0.15063-SP0) requests/2.9.1 msrest/0.4.14
          msrest_azure/0.4.14 resourcemanagementclient/1.2.0rc2 Azure-SDK-For-Python
          AZURECLI/2.0.17+dev]
      accept-language: [en-US]
    method: GET
    uri: https://management.azure.com/subscriptions/00000000-0000-0000-0000-000000000000/resourcegroups/cli_test_policy000001?api-version=2017-05-10
  response:
    body: {string: '{"id":"/subscriptions/00000000-0000-0000-0000-000000000000/resourceGroups/cli_test_policy000001","name":"cli_test_policy000001","location":"westus","tags":{"use":"az-test"},"properties":{"provisioningState":"Succeeded"}}'}
    headers:
      cache-control: [no-cache]
      content-length: ['328']
      content-type: [application/json; charset=utf-8]
      date: ['Sat, 23 Sep 2017 06:08:26 GMT']
      expires: ['-1']
      pragma: [no-cache]
      strict-transport-security: [max-age=31536000; includeSubDomains]
      vary: [Accept-Encoding]
    status: {code: 200, message: OK}
- request:
    body: null
    headers:
      Accept: [application/json]
      Accept-Encoding: ['gzip, deflate']
      CommandName: [network vnet create]
      Connection: [keep-alive]
      Content-Type: [application/json; charset=utf-8]
      User-Agent: [python/3.6.1 (Windows-10-10.0.15063-SP0) requests/2.9.1 msrest/0.4.14
          msrest_azure/0.4.14 resourcemanagementclient/1.2.0rc2 Azure-SDK-For-Python
          AZURECLI/2.0.17+dev]
      accept-language: [en-US]
    method: GET
    uri: https://management.azure.com/subscriptions/00000000-0000-0000-0000-000000000000/resourcegroups/cli_test_policy000001?api-version=2017-05-10
  response:
    body: {string: '{"id":"/subscriptions/00000000-0000-0000-0000-000000000000/resourceGroups/cli_test_policy000001","name":"cli_test_policy000001","location":"westus","tags":{"use":"az-test"},"properties":{"provisioningState":"Succeeded"}}'}
    headers:
      cache-control: [no-cache]
      content-length: ['328']
      content-type: [application/json; charset=utf-8]
      date: ['Sat, 23 Sep 2017 06:08:27 GMT']
      expires: ['-1']
      pragma: [no-cache]
      strict-transport-security: [max-age=31536000; includeSubDomains]
      vary: [Accept-Encoding]
    status: {code: 200, message: OK}
- request:
    body: 'b''{"location": "westus", "tags": {}, "properties": {"addressSpace": {"addressPrefixes":
      ["10.0.0.0/16"]}, "dhcpOptions": {}, "subnets": [{"properties": {"addressPrefix":
      "10.0.0.0/24"}, "name": "azurecli-test-policy-subnet000007"}]}}'''
    headers:
      Accept: [application/json]
      Accept-Encoding: ['gzip, deflate']
      CommandName: [network vnet create]
      Connection: [keep-alive]
      Content-Length: ['238']
      Content-Type: [application/json; charset=utf-8]
      User-Agent: [python/3.6.1 (Windows-10-10.0.15063-SP0) requests/2.9.1 msrest/0.4.14
          msrest_azure/0.4.14 networkmanagementclient/1.5.0rc1 Azure-SDK-For-Python
          AZURECLI/2.0.17+dev]
      accept-language: [en-US]
    method: PUT
    uri: https://management.azure.com/subscriptions/00000000-0000-0000-0000-000000000000/resourceGroups/cli_test_policy000001/providers/Microsoft.Network/virtualNetworks/azurecli-test-policy-vnet000006?api-version=2017-09-01
  response:
    body: {string: "{\r\n  \"name\": \"azurecli-test-policy-vnet000006\",\r\n  \"\
        id\": \"/subscriptions/00000000-0000-0000-0000-000000000000/resourceGroups/cli_test_policy000001/providers/Microsoft.Network/virtualNetworks/azurecli-test-policy-vnet000006\"\
        ,\r\n  \"etag\": \"W/\\\"ce9bab72-f892-4102-834c-035ced0d6f32\\\"\",\r\n \
        \ \"type\": \"Microsoft.Network/virtualNetworks\",\r\n  \"location\": \"westus\"\
        ,\r\n  \"tags\": {},\r\n  \"properties\": {\r\n    \"provisioningState\":\
        \ \"Updating\",\r\n    \"resourceGuid\": \"de78a29d-e13c-4183-b061-1342022e0df7\"\
        ,\r\n    \"addressSpace\": {\r\n      \"addressPrefixes\": [\r\n        \"\
        10.0.0.0/16\"\r\n      ]\r\n    },\r\n    \"dhcpOptions\": {\r\n      \"dnsServers\"\
        : []\r\n    },\r\n    \"subnets\": [\r\n      {\r\n        \"name\": \"azurecli-test-policy-subnet000007\"\
        ,\r\n        \"id\": \"/subscriptions/00000000-0000-0000-0000-000000000000/resourceGroups/cli_test_policy000001/providers/Microsoft.Network/virtualNetworks/azurecli-test-policy-vnet000006/subnets/azurecli-test-policy-subnet000007\"\
        ,\r\n        \"etag\": \"W/\\\"ce9bab72-f892-4102-834c-035ced0d6f32\\\"\"\
        ,\r\n        \"properties\": {\r\n          \"provisioningState\": \"Updating\"\
        ,\r\n          \"addressPrefix\": \"10.0.0.0/24\"\r\n        }\r\n      }\r\
        \n    ],\r\n    \"virtualNetworkPeerings\": [],\r\n    \"enableDdosProtection\"\
        : false,\r\n    \"enableVmProtection\": false\r\n  }\r\n}"}
    headers:
      azure-asyncoperation: ['https://management.azure.com/subscriptions/00000000-0000-0000-0000-000000000000/providers/Microsoft.Network/locations/westus/operations/e4d476ff-1851-4a1c-b18f-e60e0dc99e67?api-version=2017-09-01']
      cache-control: [no-cache]
      content-length: ['1401']
      content-type: [application/json; charset=utf-8]
      date: ['Sat, 23 Sep 2017 06:08:30 GMT']
      expires: ['-1']
      pragma: [no-cache]
      server: [Microsoft-HTTPAPI/2.0, Microsoft-HTTPAPI/2.0]
      strict-transport-security: [max-age=31536000; includeSubDomains]
      x-ms-ratelimit-remaining-subscription-writes: ['1198']
    status: {code: 201, message: Created}
- request:
    body: null
    headers:
      Accept: [application/json]
      Accept-Encoding: ['gzip, deflate']
      CommandName: [network vnet create]
      Connection: [keep-alive]
      Content-Type: [application/json; charset=utf-8]
      User-Agent: [python/3.6.1 (Windows-10-10.0.15063-SP0) requests/2.9.1 msrest/0.4.14
          msrest_azure/0.4.14 networkmanagementclient/1.5.0rc1 Azure-SDK-For-Python
          AZURECLI/2.0.17+dev]
      accept-language: [en-US]
    method: GET
    uri: https://management.azure.com/subscriptions/00000000-0000-0000-0000-000000000000/providers/Microsoft.Network/locations/westus/operations/e4d476ff-1851-4a1c-b18f-e60e0dc99e67?api-version=2017-09-01
  response:
    body: {string: "{\r\n  \"status\": \"Succeeded\"\r\n}"}
    headers:
      cache-control: [no-cache]
      content-length: ['29']
      content-type: [application/json; charset=utf-8]
      date: ['Sat, 23 Sep 2017 06:08:35 GMT']
      expires: ['-1']
      pragma: [no-cache]
      server: [Microsoft-HTTPAPI/2.0, Microsoft-HTTPAPI/2.0]
      strict-transport-security: [max-age=31536000; includeSubDomains]
      transfer-encoding: [chunked]
      vary: [Accept-Encoding]
    status: {code: 200, message: OK}
- request:
    body: null
    headers:
      Accept: [application/json]
      Accept-Encoding: ['gzip, deflate']
      CommandName: [network vnet create]
      Connection: [keep-alive]
      Content-Type: [application/json; charset=utf-8]
      User-Agent: [python/3.6.1 (Windows-10-10.0.15063-SP0) requests/2.9.1 msrest/0.4.14
          msrest_azure/0.4.14 networkmanagementclient/1.5.0rc1 Azure-SDK-For-Python
          AZURECLI/2.0.17+dev]
      accept-language: [en-US]
    method: GET
    uri: https://management.azure.com/subscriptions/00000000-0000-0000-0000-000000000000/resourceGroups/cli_test_policy000001/providers/Microsoft.Network/virtualNetworks/azurecli-test-policy-vnet000006?api-version=2017-09-01
  response:
    body: {string: "{\r\n  \"name\": \"azurecli-test-policy-vnet000006\",\r\n  \"\
        id\": \"/subscriptions/00000000-0000-0000-0000-000000000000/resourceGroups/cli_test_policy000001/providers/Microsoft.Network/virtualNetworks/azurecli-test-policy-vnet000006\"\
        ,\r\n  \"etag\": \"W/\\\"7c485dcf-8f62-472e-b831-a0fa1afc1bc2\\\"\",\r\n \
        \ \"type\": \"Microsoft.Network/virtualNetworks\",\r\n  \"location\": \"westus\"\
        ,\r\n  \"tags\": {},\r\n  \"properties\": {\r\n    \"provisioningState\":\
        \ \"Succeeded\",\r\n    \"resourceGuid\": \"de78a29d-e13c-4183-b061-1342022e0df7\"\
        ,\r\n    \"addressSpace\": {\r\n      \"addressPrefixes\": [\r\n        \"\
        10.0.0.0/16\"\r\n      ]\r\n    },\r\n    \"dhcpOptions\": {\r\n      \"dnsServers\"\
        : []\r\n    },\r\n    \"subnets\": [\r\n      {\r\n        \"name\": \"azurecli-test-policy-subnet000007\"\
        ,\r\n        \"id\": \"/subscriptions/00000000-0000-0000-0000-000000000000/resourceGroups/cli_test_policy000001/providers/Microsoft.Network/virtualNetworks/azurecli-test-policy-vnet000006/subnets/azurecli-test-policy-subnet000007\"\
        ,\r\n        \"etag\": \"W/\\\"7c485dcf-8f62-472e-b831-a0fa1afc1bc2\\\"\"\
        ,\r\n        \"properties\": {\r\n          \"provisioningState\": \"Succeeded\"\
        ,\r\n          \"addressPrefix\": \"10.0.0.0/24\"\r\n        }\r\n      }\r\
        \n    ],\r\n    \"virtualNetworkPeerings\": [],\r\n    \"enableDdosProtection\"\
        : false,\r\n    \"enableVmProtection\": false\r\n  }\r\n}"}
    headers:
      cache-control: [no-cache]
      content-length: ['1403']
      content-type: [application/json; charset=utf-8]
      date: ['Sat, 23 Sep 2017 06:08:35 GMT']
      etag: [W/"7c485dcf-8f62-472e-b831-a0fa1afc1bc2"]
      expires: ['-1']
      pragma: [no-cache]
      server: [Microsoft-HTTPAPI/2.0, Microsoft-HTTPAPI/2.0]
      strict-transport-security: [max-age=31536000; includeSubDomains]
      transfer-encoding: [chunked]
      vary: [Accept-Encoding]
    status: {code: 200, message: OK}
- request:
    body: null
    headers:
      Accept: [application/json]
      Accept-Encoding: ['gzip, deflate']
      CommandName: [policy assignment create]
      Connection: [keep-alive]
      Content-Type: [application/json; charset=utf-8]
      User-Agent: [python/3.6.1 (Windows-10-10.0.15063-SP0) requests/2.9.1 msrest/0.4.14
          msrest_azure/0.4.14 policyclient/1.2.0rc2 Azure-SDK-For-Python AZURECLI/2.0.17+dev]
      accept-language: [en-US]
    method: GET
    uri: https://management.azure.com/subscriptions/00000000-0000-0000-0000-000000000000/providers/Microsoft.Authorization/policyDefinitions/azure-cli-test-policy000002?api-version=2016-12-01
  response:
    body: {string: '{"properties":{"displayName":"test_policy000003","policyType":"Custom","description":"desc_for_test_policy_123_new","parameters":{"allowedLocations":{"type":"Array","metadata":{"description":"The
        list of locations that can be specified when deploying resources","strongType":"location","displayName":"Allowed
        locations"}}},"policyRule":{"if":{"not":{"field":"location","in":"[parameters(''allowedLocations'')]"}},"then":{"effect":"deny"}}},"id":"/subscriptions/00000000-0000-0000-0000-000000000000/providers/Microsoft.Authorization/policyDefinitions/azure-cli-test-policy000002","type":"Microsoft.Authorization/policyDefinitions","name":"azure-cli-test-policy000002"}'}
    headers:
      cache-control: [no-cache]
      content-length: ['674']
      content-type: [application/json; charset=utf-8]
      date: ['Sat, 23 Sep 2017 06:08:37 GMT']
      expires: ['-1']
      pragma: [no-cache]
      strict-transport-security: [max-age=31536000; includeSubDomains]
      transfer-encoding: [chunked]
      vary: ['Accept-Encoding,Accept-Encoding']
    status: {code: 200, message: OK}
- request:
    body: 'b''b\''b\\\''{"properties": {"displayName": "test_assignment000005", "policyDefinitionId":
      "/subscriptions/00000000-0000-0000-0000-000000000000/providers/Microsoft.Authorization/policyDefinitions/azure-cli-test-policy000002",
      "scope": "/subscriptions/00000000-0000-0000-0000-000000000000/resourceGroups/cli_test_policy000001",
      "notScopes": ["/subscriptions/00000000-0000-0000-0000-000000000000/resourceGroups/cli_test_policy000001/providers/Microsoft.Network/virtualNetworks"],
      "parameters": {"allowedLocations": {"value": ["australiaeast", "eastus", "japaneast",
      "westus"]}}}, "sku": {"name": "A1", "tier": "Standard"}}\\\''\'''''
    headers:
      Accept: [application/json]
      Accept-Encoding: ['gzip, deflate']
      CommandName: [policy assignment create]
      Connection: [keep-alive]
      Content-Length: ['717']
      Content-Type: [application/json; charset=utf-8]
      User-Agent: [python/3.6.1 (Windows-10-10.0.15063-SP0) requests/2.9.1 msrest/0.4.14
          msrest_azure/0.4.14 policyclient/1.2.0rc2 Azure-SDK-For-Python AZURECLI/2.0.17+dev]
      accept-language: [en-US]
    method: PUT
    uri: https://management.azure.com/subscriptions/00000000-0000-0000-0000-000000000000/resourceGroups/cli_test_policy000001/providers/Microsoft.Authorization/policyAssignments/azurecli-test-policy-assignment000004?api-version=2017-06-01-preview
  response:
    body: {string: '{"sku":{"name":"A1","tier":"Standard"},"properties":{"displayName":"test_assignment000005","policyDefinitionId":"/subscriptions/00000000-0000-0000-0000-000000000000/providers/Microsoft.Authorization/policyDefinitions/azure-cli-test-policy000002","scope":"/subscriptions/00000000-0000-0000-0000-000000000000/resourceGroups/cli_test_policy000001","notScopes":["/subscriptions/00000000-0000-0000-0000-000000000000/resourceGroups/cli_test_policy000001/providers/Microsoft.Network/virtualNetworks"],"parameters":{"allowedLocations":{"value":["australiaeast","eastus","japaneast","westus"]}}},"id":"/subscriptions/00000000-0000-0000-0000-000000000000/resourceGroups/cli_test_policy000001/providers/Microsoft.Authorization/policyAssignments/azurecli-test-policy-assignment000004","type":"Microsoft.Authorization/policyAssignments","name":"azurecli-test-policy-assignment000004"}'}
    headers:
      cache-control: [no-cache]
      content-length: ['1041']
      content-type: [application/json; charset=utf-8]
      date: ['Sat, 23 Sep 2017 06:08:39 GMT']
      expires: ['-1']
      pragma: [no-cache]
      strict-transport-security: [max-age=31536000; includeSubDomains]
      x-ms-ratelimit-remaining-subscription-writes: ['1199']
    status: {code: 201, message: Created}
- request:
    body: null
    headers:
      Accept: [application/json]
      Accept-Encoding: ['gzip, deflate']
      CommandName: [policy assignment list]
      Connection: [keep-alive]
      Content-Type: [application/json; charset=utf-8]
      User-Agent: [python/3.6.1 (Windows-10-10.0.15063-SP0) requests/2.9.1 msrest/0.4.14
          msrest_azure/0.4.14 policyclient/1.2.0rc2 Azure-SDK-For-Python AZURECLI/2.0.17+dev]
      accept-language: [en-US]
    method: GET
    uri: https://management.azure.com/subscriptions/00000000-0000-0000-0000-000000000000/providers/Microsoft.Authorization/policyAssignments?api-version=2017-06-01-preview
  response:
    body: {string: '{"value":[{"sku":{"name":"A1","tier":"Standard"},"properties":{"displayName":"test_assignment000005","policyDefinitionId":"/subscriptions/00000000-0000-0000-0000-000000000000/providers/Microsoft.Authorization/policyDefinitions/azure-cli-test-policy000002","scope":"/subscriptions/00000000-0000-0000-0000-000000000000/resourceGroups/cli_test_policy000001","notScopes":["/subscriptions/00000000-0000-0000-0000-000000000000/resourceGroups/cli_test_policy000001/providers/Microsoft.Network/virtualNetworks"],"parameters":{"allowedLocations":{"value":["australiaeast","eastus","japaneast","westus"]}}},"id":"/subscriptions/00000000-0000-0000-0000-000000000000/resourceGroups/cli_test_policy000001/providers/Microsoft.Authorization/policyAssignments/azurecli-test-policy-assignment000004","type":"Microsoft.Authorization/policyAssignments","name":"azurecli-test-policy-assignment000004"}]}'}
    headers:
      cache-control: [no-cache]
      content-length: ['1053']
      content-type: [application/json; charset=utf-8]
      date: ['Sat, 23 Sep 2017 06:08:39 GMT']
      expires: ['-1']
      pragma: [no-cache]
      strict-transport-security: [max-age=31536000; includeSubDomains]
      transfer-encoding: [chunked]
      vary: ['Accept-Encoding,Accept-Encoding']
    status: {code: 200, message: OK}
- request:
    body: null
    headers:
      Accept: [application/json]
      Accept-Encoding: ['gzip, deflate']
      CommandName: [policy assignment list]
      Connection: [keep-alive]
      Content-Type: [application/json; charset=utf-8]
      User-Agent: [python/3.6.1 (Windows-10-10.0.15063-SP0) requests/2.9.1 msrest/0.4.14
          msrest_azure/0.4.14 policyclient/1.2.0rc2 Azure-SDK-For-Python AZURECLI/2.0.17+dev]
      accept-language: [en-US]
    method: GET
    uri: https://management.azure.com/subscriptions/00000000-0000-0000-0000-000000000000/providers/Microsoft.Authorization/policyAssignments?api-version=2017-06-01-preview
  response:
    body: {string: '{"value":[{"sku":{"name":"A1","tier":"Standard"},"properties":{"displayName":"test_assignment000005","policyDefinitionId":"/subscriptions/00000000-0000-0000-0000-000000000000/providers/Microsoft.Authorization/policyDefinitions/azure-cli-test-policy000002","scope":"/subscriptions/00000000-0000-0000-0000-000000000000/resourceGroups/cli_test_policy000001","notScopes":["/subscriptions/00000000-0000-0000-0000-000000000000/resourceGroups/cli_test_policy000001/providers/Microsoft.Network/virtualNetworks"],"parameters":{"allowedLocations":{"value":["australiaeast","eastus","japaneast","westus"]}}},"id":"/subscriptions/00000000-0000-0000-0000-000000000000/resourceGroups/cli_test_policy000001/providers/Microsoft.Authorization/policyAssignments/azurecli-test-policy-assignment000004","type":"Microsoft.Authorization/policyAssignments","name":"azurecli-test-policy-assignment000004"}]}'}
    headers:
      cache-control: [no-cache]
      content-length: ['1053']
      content-type: [application/json; charset=utf-8]
      date: ['Sat, 23 Sep 2017 06:08:40 GMT']
      expires: ['-1']
      pragma: [no-cache]
      strict-transport-security: [max-age=31536000; includeSubDomains]
      transfer-encoding: [chunked]
      vary: ['Accept-Encoding,Accept-Encoding']
    status: {code: 200, message: OK}
- request:
    body: null
    headers:
      Accept: [application/json]
      Accept-Encoding: ['gzip, deflate']
      CommandName: [policy assignment delete]
      Connection: [keep-alive]
      Content-Length: ['0']
      Content-Type: [application/json; charset=utf-8]
      User-Agent: [python/3.6.1 (Windows-10-10.0.15063-SP0) requests/2.9.1 msrest/0.4.14
          msrest_azure/0.4.14 policyclient/1.2.0rc2 Azure-SDK-For-Python AZURECLI/2.0.17+dev]
      accept-language: [en-US]
    method: DELETE
    uri: https://management.azure.com/subscriptions/00000000-0000-0000-0000-000000000000/resourceGroups/cli_test_policy000001/providers/Microsoft.Authorization/policyAssignments/azurecli-test-policy-assignment000004?api-version=2017-06-01-preview
  response:
    body: {string: '{"sku":{"name":"A1","tier":"Standard"},"properties":{"displayName":"test_assignment000005","policyDefinitionId":"/subscriptions/00000000-0000-0000-0000-000000000000/providers/Microsoft.Authorization/policyDefinitions/azure-cli-test-policy000002","scope":"/subscriptions/00000000-0000-0000-0000-000000000000/resourceGroups/cli_test_policy000001","notScopes":["/subscriptions/00000000-0000-0000-0000-000000000000/resourceGroups/cli_test_policy000001/providers/Microsoft.Network/virtualNetworks"],"parameters":{"allowedLocations":{"value":["australiaeast","eastus","japaneast","westus"]}}},"id":"/subscriptions/00000000-0000-0000-0000-000000000000/resourceGroups/cli_test_policy000001/providers/Microsoft.Authorization/policyAssignments/azurecli-test-policy-assignment000004","type":"Microsoft.Authorization/policyAssignments","name":"azurecli-test-policy-assignment000004"}'}
    headers:
      cache-control: [no-cache]
      content-length: ['1041']
      content-type: [application/json; charset=utf-8]
      date: ['Sat, 23 Sep 2017 06:08:42 GMT']
      expires: ['-1']
      pragma: [no-cache]
      strict-transport-security: [max-age=31536000; includeSubDomains]
      transfer-encoding: [chunked]
      vary: ['Accept-Encoding,Accept-Encoding']
      x-ms-ratelimit-remaining-subscription-writes: ['1198']
    status: {code: 200, message: OK}
- request:
    body: null
    headers:
      Accept: [application/json]
      Accept-Encoding: ['gzip, deflate']
      CommandName: [policy assignment list]
      Connection: [keep-alive]
      Content-Type: [application/json; charset=utf-8]
      User-Agent: [python/3.6.1 (Windows-10-10.0.15063-SP0) requests/2.9.1 msrest/0.4.14
          msrest_azure/0.4.14 policyclient/1.2.0rc2 Azure-SDK-For-Python AZURECLI/2.0.17+dev]
      accept-language: [en-US]
    method: GET
    uri: https://management.azure.com/subscriptions/00000000-0000-0000-0000-000000000000/providers/Microsoft.Authorization/policyAssignments?api-version=2017-06-01-preview
  response:
    body: {string: '{"value":[]}'}
    headers:
      cache-control: [no-cache]
      content-length: ['12']
      content-type: [application/json; charset=utf-8]
      date: ['Sat, 23 Sep 2017 06:08:43 GMT']
      expires: ['-1']
      pragma: [no-cache]
      strict-transport-security: [max-age=31536000; includeSubDomains]
      transfer-encoding: [chunked]
      vary: ['Accept-Encoding,Accept-Encoding']
    status: {code: 200, message: OK}
- request:
    body: null
    headers:
      Accept: [application/json]
      Accept-Encoding: ['gzip, deflate']
      CommandName: [policy definition delete]
      Connection: [keep-alive]
      Content-Length: ['0']
      Content-Type: [application/json; charset=utf-8]
      User-Agent: [python/3.6.1 (Windows-10-10.0.15063-SP0) requests/2.9.1 msrest/0.4.14
          msrest_azure/0.4.14 policyclient/1.2.0rc2 Azure-SDK-For-Python AZURECLI/2.0.17+dev]
      accept-language: [en-US]
    method: DELETE
    uri: https://management.azure.com/subscriptions/00000000-0000-0000-0000-000000000000/providers/Microsoft.Authorization/policyDefinitions/azure-cli-test-policy000002?api-version=2016-12-01
  response:
    body: {string: '{"properties":{"displayName":"test_policy000003","policyType":"Custom","description":"desc_for_test_policy_123_new","parameters":{"allowedLocations":{"type":"Array","metadata":{"description":"The
        list of locations that can be specified when deploying resources","strongType":"location","displayName":"Allowed
        locations"}}},"policyRule":{"if":{"not":{"field":"location","in":"[parameters(''allowedLocations'')]"}},"then":{"effect":"deny"}}},"id":"/subscriptions/00000000-0000-0000-0000-000000000000/providers/Microsoft.Authorization/policyDefinitions/azure-cli-test-policy000002","type":"Microsoft.Authorization/policyDefinitions","name":"azure-cli-test-policy000002"}'}
    headers:
      cache-control: [no-cache]
      content-length: ['674']
      content-type: [application/json; charset=utf-8]
      date: ['Sat, 23 Sep 2017 06:08:44 GMT']
      expires: ['-1']
      pragma: [no-cache]
      strict-transport-security: [max-age=31536000; includeSubDomains]
      transfer-encoding: [chunked]
      vary: ['Accept-Encoding,Accept-Encoding']
      x-ms-ratelimit-remaining-subscription-writes: ['1197']
    status: {code: 200, message: OK}
- request:
    body: null
    headers:
      Accept: [application/json]
      Accept-Encoding: ['gzip, deflate']
      CommandName: [policy definition list]
      Connection: [keep-alive]
      Content-Type: [application/json; charset=utf-8]
      User-Agent: [python/3.6.1 (Windows-10-10.0.15063-SP0) requests/2.9.1 msrest/0.4.14
          msrest_azure/0.4.14 policyclient/1.2.0rc2 Azure-SDK-For-Python AZURECLI/2.0.17+dev]
      accept-language: [en-US]
    method: GET
    uri: https://management.azure.com/subscriptions/00000000-0000-0000-0000-000000000000/providers/Microsoft.Authorization/policyDefinitions?api-version=2016-12-01
  response:
    body: {string: '{"value":[{"properties":{"displayName":"Audit VMs that do not
        use managed disks","policyType":"BuiltIn","mode":"All","description":"This
        policy audits VMs that do not use managed disks","metadata":{},"parameters":{},"policyRule":{"if":{"anyOf":[{"allOf":[{"field":"type","equals":"Microsoft.Compute/virtualMachines"},{"field":"Microsoft.Compute/virtualMachines/osDisk.uri","exists":"True"}]},{"allOf":[{"field":"type","equals":"Microsoft.Compute/VirtualMachineScaleSets"},{"anyOf":[{"field":"Microsoft.Compute/VirtualMachineScaleSets/osDisk.vhdContainers","exists":"True"},{"field":"Microsoft.Compute/VirtualMachineScaleSets/osdisk.imageUrl","exists":"True"}]}]}]},"then":{"effect":"audit"}}},"id":"/providers/Microsoft.Authorization/policyDefinitions/06a78e20-9358-41c9-923c-fb736d382a4d","type":"Microsoft.Authorization/policyDefinitions","name":"06a78e20-9358-41c9-923c-fb736d382a4d"},{"properties":{"displayName":"[Preview]:
        Monitor unencrypted VM Disks in Security Center","policyType":"BuiltIn","mode":"All","description":"VMs
        without an enabled disk encryption will be monitored by Azure Security Center
        as recommendations.","metadata":{"category":"Security Center","preview":true},"parameters":{},"policyRule":{"if":{"field":"type","equals":"Microsoft.Compute/virtualMachines"},"then":{"effect":"AuditIfNotExists","details":{"type":"Microsoft.Security/complianceResults","name":"encryption","existenceCondition":{"field":"Microsoft.Security/complianceResults/resourceStatus","equals":"Monitored"}}}}},"id":"/providers/Microsoft.Authorization/policyDefinitions/0961003e-5a0a-4549-abde-af6a37f2724d","type":"Microsoft.Authorization/policyDefinitions","name":"0961003e-5a0a-4549-abde-af6a37f2724d"},{"properties":{"displayName":"Enforce
        tag and its value","policyType":"BuiltIn","description":"Enforces a required
        tag and its value.","parameters":{"tagName":{"type":"String","metadata":{"description":"Name
        of the tag, such as costCenter","strongType":"tagName"}},"tagValue":{"type":"String","metadata":{"description":"Value
        of the tag, such as headquarter","strongType":"tagValue"}}},"policyRule":{"if":{"not":{"field":"[concat(''tags.'',parameters(''tagName''))]","equals":"[parameters(''tagValue'')]"}},"then":{"effect":"deny"}}},"id":"/providers/Microsoft.Authorization/policyDefinitions/1e30110a-5ceb-460c-a204-c1c3969c6d62","type":"Microsoft.Authorization/policyDefinitions","name":"1e30110a-5ceb-460c-a204-c1c3969c6d62"},{"properties":{"displayName":"[Preview]:
        Monitor unprotected web application in Security Center","policyType":"BuiltIn","mode":"All","description":"Web
        applications without a Web Application Firewall protection will be monitored
        by Azure Security Center as recommendations.","metadata":{"category":"Security
        Center","preview":true},"parameters":{},"policyRule":{"if":{"field":"type","in":["Microsoft.Network/publicIPAddresses","Microsoft.ClassicCompute/domainNames","Microsoft.Web/hostingEnvironments"]},"then":{"effect":"AuditIfNotExists","details":{"type":"Microsoft.Security/complianceResults","name":"unprotectedWebApplication","existenceCondition":{"field":"Microsoft.Security/complianceResults/resourceStatus","equals":"Monitored"}}}}},"id":"/providers/Microsoft.Authorization/policyDefinitions/201ea587-7c90-41c3-910f-c280ae01cfd6","type":"Microsoft.Authorization/policyDefinitions","name":"201ea587-7c90-41c3-910f-c280ae01cfd6"},{"properties":{"displayName":"Apply
        tag and its default value","policyType":"BuiltIn","description":"Applies a
        required tag and its default value if it is not specified by the user.","parameters":{"tagName":{"type":"String","metadata":{"description":"Name
        of the tag, such as costCenter","strongType":"tagName"}},"tagValue":{"type":"String","metadata":{"description":"Value
        of the tag, such as headquarter","strongType":"tagValue"}}},"policyRule":{"if":{"field":"[concat(''tags.'',parameters(''tagName''))]","exists":"false"},"then":{"effect":"append","details":[{"field":"[concat(''tags.'',parameters(''tagName''))]","value":"[parameters(''tagValue'')]"}]}}},"id":"/providers/Microsoft.Authorization/policyDefinitions/2a0e14a6-b0a6-4fab-991a-187a4f81c498","type":"Microsoft.Authorization/policyDefinitions","name":"2a0e14a6-b0a6-4fab-991a-187a4f81c498"},{"properties":{"displayName":"[Preview]:
        Monitor permissive network access in Security Center","policyType":"BuiltIn","mode":"All","description":"Network
        Security Groups with too permissive rules will be monitored by Azure Security
        Center as recommendations.","metadata":{"category":"Security Center","preview":true},"parameters":{},"policyRule":{"if":{"field":"type","in":["Microsoft.Compute/virtualMachines","Microsoft.ClassicCompute/virtualMachines","Microsoft.Network/virtualNetworks","Microsoft.ClassicNetwork/virtualNetworks"]},"then":{"effect":"AuditIfNotExists","details":{"type":"Microsoft.Security/complianceResults","name":"permissiveNetworkAccess","existenceCondition":{"field":"Microsoft.Security/complianceResults/resourceStatus","equals":"Monitored"}}}}},"id":"/providers/Microsoft.Authorization/policyDefinitions/44452482-524f-4bf4-b852-0bff7cc4a3ed","type":"Microsoft.Authorization/policyDefinitions","name":"44452482-524f-4bf4-b852-0bff7cc4a3ed"},{"properties":{"displayName":"Require
        SQL Server version 12.0","policyType":"BuiltIn","description":"This policy
        ensures all SQL servers use version 12.0.","parameters":{},"policyRule":{"if":{"allOf":[{"field":"type","equals":"Microsoft.SQL/servers"},{"not":{"field":"Microsoft.SQL/servers/version","equals":"12.0"}}]},"then":{"effect":"Deny"}}},"id":"/providers/Microsoft.Authorization/policyDefinitions/464dbb85-3d5f-4a1d-bb09-95a9b5dd19cf","type":"Microsoft.Authorization/policyDefinitions","name":"464dbb85-3d5f-4a1d-bb09-95a9b5dd19cf"},{"properties":{"displayName":"[Preview]:
        Monitor possible app Whitelisting in Security Center","policyType":"BuiltIn","mode":"All","description":"Possible
        Application Whitelist configuration will be monitored by Azure Security Center.","metadata":{"category":"Security
        Center","preview":true},"parameters":{},"policyRule":{"if":{"field":"type","in":["Microsoft.Compute/virtualMachines","Microsoft.ClassicCompute/virtualMachines"]},"then":{"effect":"AuditIfNotExists","details":{"type":"Microsoft.Security/complianceResults","name":"applicationWhitelisting","existenceCondition":{"field":"Microsoft.Security/complianceResults/resourceStatus","equals":"Monitored"}}}}},"id":"/providers/Microsoft.Authorization/policyDefinitions/47a6b606-51aa-4496-8bb7-64b11cf66adc","type":"Microsoft.Authorization/policyDefinitions","name":"47a6b606-51aa-4496-8bb7-64b11cf66adc"},{"properties":{"displayName":"Allow
        resource creation only in India data centers","policyType":"BuiltIn","description":"Allows
        resource creation in the following locations only: West India, South India,
        Central India","metadata":{"deprecated":true},"parameters":{},"policyRule":{"if":{"not":{"field":"location","in":["westindia","southindia","centralindia"]}},"then":{"effect":"Deny"}}},"id":"/providers/Microsoft.Authorization/policyDefinitions/5ee85ce5-e7eb-44d6-b4a2-32a24be1ca54","type":"Microsoft.Authorization/policyDefinitions","name":"5ee85ce5-e7eb-44d6-b4a2-32a24be1ca54"},{"properties":{"displayName":"[Preview]:
        Audit missing blob encryption for storage accounts","policyType":"BuiltIn","mode":"All","description":"This
        policy audits storage accounts without blob encryption. It only applies to
        Microsoft.Storage resource types, not other storage providers.Possible network
        Just In Time access will be monitored by Azure Security Center as recommendations.","metadata":{"category":"Security
        Center","preview":true},"parameters":{},"policyRule":{"if":{"allOf":[{"field":"type","equals":"Microsoft.Storage/storageAccounts"},{"not":{"field":"Microsoft.Storage/storageAccounts/enableBlobEncryption","equals":"True"}}]},"then":{"effect":"Audit"}}},"id":"/providers/Microsoft.Authorization/policyDefinitions/655cb504-bcee-4362-bd4c-402e6aa38759","type":"Microsoft.Authorization/policyDefinitions","name":"655cb504-bcee-4362-bd4c-402e6aa38759"},{"properties":{"displayName":"Not
        allowed resource types","policyType":"BuiltIn","description":"This policy
        enables you to specify the resource types that your organization cannot deploy.","parameters":{"listOfResourceTypesNotAllowed":{"type":"Array","metadata":{"description":"The
        list of resource types that cannot be deployed.","displayName":"Not allowed
        resource types","strongType":"resourceTypes"}}},"policyRule":{"if":{"field":"type","in":"[parameters(''listOfResourceTypesNotAllowed'')]"},"then":{"effect":"Deny"}}},"id":"/providers/Microsoft.Authorization/policyDefinitions/6c112d4e-5bc7-47ae-a041-ea2d9dccd749","type":"Microsoft.Authorization/policyDefinitions","name":"6c112d4e-5bc7-47ae-a041-ea2d9dccd749"},{"properties":{"displayName":"Allow
        resource creation only in Japan data centers","policyType":"BuiltIn","description":"Allows
        resource creation in the following locations only: Japan East, Japan West","metadata":{"deprecated":true},"parameters":{},"policyRule":{"if":{"not":{"field":"location","in":["japaneast","japanwest"]}},"then":{"effect":"Deny"}}},"id":"/providers/Microsoft.Authorization/policyDefinitions/6fdb9205-3462-4cfc-87d8-16c7860b53f4","type":"Microsoft.Authorization/policyDefinitions","name":"6fdb9205-3462-4cfc-87d8-16c7860b53f4"},{"properties":{"displayName":"Allowed
        storage account SKUs","policyType":"BuiltIn","description":"This policy enables
        you to specify a set of storage account SKUs that your organization can deploy.","parameters":{"listOfAllowedSKUs":{"type":"Array","metadata":{"description":"The
        list of SKUs that can be specified for storage accounts.","displayName":"Allowed
        SKUs","strongType":"StorageSKUs"}}},"policyRule":{"if":{"allOf":[{"field":"type","equals":"Microsoft.Storage/storageAccounts"},{"not":{"field":"Microsoft.Storage/storageAccounts/sku.name","in":"[parameters(''listOfAllowedSKUs'')]"}}]},"then":{"effect":"Deny"}}},"id":"/providers/Microsoft.Authorization/policyDefinitions/7433c107-6db4-4ad1-b57a-a76dce0154a1","type":"Microsoft.Authorization/policyDefinitions","name":"7433c107-6db4-4ad1-b57a-a76dce0154a1"},{"properties":{"displayName":"[Preview]:
        Monitor VM Vulnerabilities in Security Center","policyType":"BuiltIn","mode":"All","description":"Monitors
        vulnerabilities detected by Vulnerability Assessment solution and VMs without
        a Vulnerability Assessment solution in Azure Security Center as recommendations.","metadata":{"category":"Security
        Center","preview":true},"parameters":{},"policyRule":{"if":{"field":"type","in":["Microsoft.Compute/virtualMachines","Microsoft.ClassicCompute/virtualMachines"]},"then":{"effect":"AuditIfNotExists","details":{"type":"Microsoft.Security/complianceResults","name":"vulnerabilityAssessment","existenceCondition":{"field":"Microsoft.Security/complianceResults/resourceStatus","equals":"Monitored"}}}}},"id":"/providers/Microsoft.Authorization/policyDefinitions/760a85ff-6162-42b3-8d70-698e268f648c","type":"Microsoft.Authorization/policyDefinitions","name":"760a85ff-6162-42b3-8d70-698e268f648c"},{"properties":{"displayName":"Require
        blob encryption for storage accounts","policyType":"BuiltIn","description":"This
        policy ensures blob encryption for storage accounts is turned on. It only
        applies to Microsoft.Storage resource types, not other storage providers.","metadata":{},"parameters":{},"policyRule":{"if":{"allOf":[{"field":"type","equals":"Microsoft.Storage/storageAccounts"},{"not":{"field":"Microsoft.Storage/storageAccounts/enableBlobEncryption","equals":"True"}}]},"then":{"effect":"Deny"}}},"id":"/providers/Microsoft.Authorization/policyDefinitions/7c5a74bf-ae94-4a74-8fcf-644d1e0e6e6f","type":"Microsoft.Authorization/policyDefinitions","name":"7c5a74bf-ae94-4a74-8fcf-644d1e0e6e6f"},{"properties":{"displayName":"[Preview]:
        Monitor missing system updates in Security Center","policyType":"BuiltIn","mode":"All","description":"Missing
        security system updates on your servers will be monitored by Azure Security
        Center as recommendations.","metadata":{"category":"Security Center","preview":true},"parameters":{},"policyRule":{"if":{"field":"type","in":["Microsoft.Compute/virtualMachines","Microsoft.ClassicCompute/virtualMachines","Microsoft.OperationalInsights/workspaces"]},"then":{"effect":"AuditIfNotExists","details":{"type":"Microsoft.Security/complianceResults","name":"systemUpdates","existenceCondition":{"field":"Microsoft.Security/complianceResults/resourceStatus","equals":"Monitored"}}}}},"id":"/providers/Microsoft.Authorization/policyDefinitions/86b3d65f-7626-441e-b690-81a8b71cff60","type":"Microsoft.Authorization/policyDefinitions","name":"86b3d65f-7626-441e-b690-81a8b71cff60"},{"properties":{"displayName":"Allow
        resource creation only in European data centers","policyType":"BuiltIn","description":"Allows
        resource creation in the following locations only: North Europe, West Europe","metadata":{"deprecated":true},"parameters":{},"policyRule":{"if":{"not":{"field":"location","in":["northeurope","westeurope"]}},"then":{"effect":"Deny"}}},"id":"/providers/Microsoft.Authorization/policyDefinitions/94c19f19-8192-48cd-a11b-e37099d3e36b","type":"Microsoft.Authorization/policyDefinitions","name":"94c19f19-8192-48cd-a11b-e37099d3e36b"},{"properties":{"displayName":"Allow
        resource creation only in United States data centers","policyType":"BuiltIn","description":"Allows
        resource creation in the following locations only: Central US, East US, East
        US2, North Central US, South Central US, West US","metadata":{"deprecated":true},"parameters":{},"policyRule":{"if":{"not":{"field":"location","in":["centralus","eastus","eastus2","northcentralus","southcentralus","westus"]}},"then":{"effect":"Deny"}}},"id":"/providers/Microsoft.Authorization/policyDefinitions/983211ba-f348-4758-983b-21fa29294869","type":"Microsoft.Authorization/policyDefinitions","name":"983211ba-f348-4758-983b-21fa29294869"},{"properties":{"displayName":"[Preview]:
        Monitor unprotected network endpoints in Security Center","policyType":"BuiltIn","mode":"All","description":"Network
        endpoints without a Next Generation Firewall''s protection will be monitored
        by Azure Security Center as recommendations.","metadata":{"category":"Security
        Center","preview":true},"parameters":{},"policyRule":{"if":{"field":"type","in":["Microsoft.Network/publicIPAddresses","Microsoft.ClassicCompute/domainNames"]},"then":{"effect":"AuditIfNotExists","details":{"type":"Microsoft.Security/complianceResults","name":"unprotectedNetworkEndpoint","existenceCondition":{"field":"Microsoft.Security/complianceResults/resourceStatus","equals":"Monitored"}}}}},"id":"/providers/Microsoft.Authorization/policyDefinitions/9daedab3-fb2d-461e-b861-71790eead4f6","type":"Microsoft.Authorization/policyDefinitions","name":"9daedab3-fb2d-461e-b861-71790eead4f6"},{"properties":{"displayName":"Allowed
        resource types","policyType":"BuiltIn","description":"This policy enables
        you to specify the resource types that your organization can deploy.","parameters":{"listOfResourceTypesAllowed":{"type":"Array","metadata":{"description":"The
        list of resource types that can be deployed.","displayName":"Allowed resource
        types","strongType":"resourceTypes"}}},"policyRule":{"if":{"not":{"field":"type","in":"[parameters(''listOfResourceTypesAllowed'')]"}},"then":{"effect":"deny"}}},"id":"/providers/Microsoft.Authorization/policyDefinitions/a08ec900-254a-4555-9bf5-e42af04b5c5c","type":"Microsoft.Authorization/policyDefinitions","name":"a08ec900-254a-4555-9bf5-e42af04b5c5c"},{"properties":{"displayName":"[Preview]:
        Monitor unencrypted SQL database in Security Center","policyType":"BuiltIn","mode":"All","description":"Unencrypted
        SQL servers or databases will be monitored by Azure Security Center as recommendations.","metadata":{"category":"Security
        Center","preview":true},"parameters":{},"policyRule":{"if":{"field":"type","in":["Microsoft.SQL/servers","Microsoft.SQL/servers/databases"]},"then":{"effect":"AuditIfNotExists","details":{"type":"Microsoft.Security/complianceResults","name":"encryption","existenceCondition":{"field":"Microsoft.Security/complianceResults/resourceStatus","equals":"Monitored"}}}}},"id":"/providers/Microsoft.Authorization/policyDefinitions/a8bef009-a5c9-4d0f-90d7-6018734e8a16","type":"Microsoft.Authorization/policyDefinitions","name":"a8bef009-a5c9-4d0f-90d7-6018734e8a16"},{"properties":{"displayName":"[Preview]:
        Automatic provisioning of security monitoring agent","policyType":"BuiltIn","mode":"All","description":"Installs
        security agent on VMs for advanced security alerts and preventions in Azure
        Security Center. Applies only for subscriptions that use Azure Security Center.","metadata":{"category":"Security
        Center","preview":true},"parameters":{},"policyRule":{"if":{"field":"type","in":["Microsoft.Compute/virtualMachines","Microsoft.ClassicCompute/virtualMachines"]},"then":{"effect":"AuditIfNotExists","details":{"type":"Microsoft.Security/complianceResults","name":"securityAgent","existenceCondition":{"field":"Microsoft.Security/complianceResults/resourceStatus","equals":"Monitored"}}}}},"id":"/providers/Microsoft.Authorization/policyDefinitions/abcc6037-1fc4-47f6-aac5-89706589be24","type":"Microsoft.Authorization/policyDefinitions","name":"abcc6037-1fc4-47f6-aac5-89706589be24"},{"properties":{"displayName":"Allow
        resource creation if ''environment'' tag value in allowed values","policyType":"BuiltIn","description":"Allows
        resource creation if the ''environment'' tag is set to one of the following
        values: production, dev, test, staging","metadata":{"deprecated":true},"parameters":{},"policyRule":{"if":{"not":{"field":"tags.environment","in":["production","dev","test","staging"]}},"then":{"effect":"Deny"}}},"id":"/providers/Microsoft.Authorization/policyDefinitions/ac7e5fc0-c029-4b12-91d4-a8500ce697f9","type":"Microsoft.Authorization/policyDefinitions","name":"ac7e5fc0-c029-4b12-91d4-a8500ce697f9"},{"properties":{"displayName":"[Preview]:
        Monitor missing Endpoint Protection in Security Center","policyType":"BuiltIn","mode":"All","description":"Servers
        without an installed Endpoint Protection agent will be monitored by Azure
        Security Center as recommendations.","metadata":{"category":"Security Center","preview":true},"parameters":{},"policyRule":{"if":{"field":"type","in":["Microsoft.Compute/virtualMachines","Microsoft.ClassicCompute/virtualMachines","Microsoft.OperationalInsights/workspaces"]},"then":{"effect":"AuditIfNotExists","details":{"type":"Microsoft.Security/complianceResults","name":"endpointProtection","existenceCondition":{"field":"Microsoft.Security/complianceResults/resourceStatus","equals":"Monitored"}}}}},"id":"/providers/Microsoft.Authorization/policyDefinitions/af6cd1bd-1635-48cb-bde7-5b15693900b9","type":"Microsoft.Authorization/policyDefinitions","name":"af6cd1bd-1635-48cb-bde7-5b15693900b9"},{"properties":{"displayName":"[Preview]:
        Monitor unaudited SQL database in Security Center","policyType":"BuiltIn","mode":"All","description":"SQL
        servers and databases which doesn''t have SQL auditing turned on will be monitored
        by Azure Security Center as recommendations.","metadata":{"category":"Security
        Center","preview":true},"parameters":{},"policyRule":{"if":{"field":"type","in":["Microsoft.SQL/servers","Microsoft.SQL/servers/databases"]},"then":{"effect":"AuditIfNotExists","details":{"type":"Microsoft.Security/complianceResults","name":"auditing","existenceCondition":{"field":"Microsoft.Security/complianceResults/resourceStatus","equals":"Monitored"}}}}},"id":"/providers/Microsoft.Authorization/policyDefinitions/af8051bf-258b-44e2-a2bf-165330459f9d","type":"Microsoft.Authorization/policyDefinitions","name":"af8051bf-258b-44e2-a2bf-165330459f9d"},{"properties":{"displayName":"[Preview]:
        Monitor possible network JIT access in Security Center","policyType":"BuiltIn","mode":"All","description":"Possible
        network Just In Time access will be monitored by Azure Security Center as
        recommendations.","metadata":{"category":"Security Center","preview":true},"parameters":{},"policyRule":{"if":{"field":"type","equals":"Microsoft.Compute/virtualMachines"},"then":{"effect":"AuditIfNotExists","details":{"type":"Microsoft.Security/complianceResults","name":"jitNetworkAccess","existenceCondition":{"field":"Microsoft.Security/complianceResults/resourceStatus","equals":"Monitored"}}}}},"id":"/providers/Microsoft.Authorization/policyDefinitions/b0f33259-77d7-4c9e-aac6-3aabcfae693c","type":"Microsoft.Authorization/policyDefinitions","name":"b0f33259-77d7-4c9e-aac6-3aabcfae693c"},{"properties":{"displayName":"Allow
        resource creation only in Asia data centers","policyType":"BuiltIn","description":"Allows
        resource creation in the following locations only: East Asia, Southeast Asia,
        West India, South India, Central India, Japan East, Japan West","metadata":{"deprecated":true},"parameters":{},"policyRule":{"if":{"not":{"field":"location","in":["eastasia","southeastasia","westindia","southindia","centralindia","japaneast","japanwest"]}},"then":{"effect":"Deny"}}},"id":"/providers/Microsoft.Authorization/policyDefinitions/c1b9cbed-08e3-427d-b9ce-7c535b1e9b94","type":"Microsoft.Authorization/policyDefinitions","name":"c1b9cbed-08e3-427d-b9ce-7c535b1e9b94"},{"properties":{"displayName":"Allowed
        virtual machine SKUs","policyType":"BuiltIn","description":"This policy enables
        you to specify a set of virtual machine SKUs that your organization can deploy.","parameters":{"listOfAllowedSKUs":{"type":"Array","metadata":{"description":"The
        list of SKUs that can be specified for virtual machines.","displayName":"Allowed
        SKUs","strongType":"VMSKUs"}}},"policyRule":{"if":{"allOf":[{"field":"type","equals":"Microsoft.Compute/virtualMachines"},{"not":{"field":"Microsoft.Compute/virtualMachines/sku.name","in":"[parameters(''listOfAllowedSKUs'')]"}}]},"then":{"effect":"Deny"}}},"id":"/providers/Microsoft.Authorization/policyDefinitions/cccc23c7-8427-4f53-ad12-b6a63eb452b3","type":"Microsoft.Authorization/policyDefinitions","name":"cccc23c7-8427-4f53-ad12-b6a63eb452b3"},{"properties":{"displayName":"Allow
        resource creation if ''department'' tag set","policyType":"BuiltIn","description":"Allows
        resource creation only if the ''department'' tag is set","metadata":{"deprecated":true},"parameters":{},"policyRule":{"if":{"not":{"field":"tags","containsKey":"department"}},"then":{"effect":"Deny"}}},"id":"/providers/Microsoft.Authorization/policyDefinitions/cd8dc879-a2ae-43c3-8211-1877c5755064","type":"Microsoft.Authorization/policyDefinitions","name":"cd8dc879-a2ae-43c3-8211-1877c5755064"},{"properties":{"displayName":"Allow
        resource creation only in Japan data centers","policyType":"BuiltIn","description":"Allows
        resource creation in the following locations only: Japan East, Japan West","metadata":{"deprecated":true},"parameters":{},"policyRule":{"if":{"not":{"field":"location","in":["japaneast","japanwest"]}},"then":{"effect":"Deny"}}},"id":"/providers/Microsoft.Authorization/policyDefinitions/e01598e8-6538-41ed-95e8-8b29746cd697","type":"Microsoft.Authorization/policyDefinitions","name":"e01598e8-6538-41ed-95e8-8b29746cd697"},{"properties":{"displayName":"[Preview]:
        Monitor OS vulnerabilities in Security Center","policyType":"BuiltIn","mode":"All","description":"Servers
        which do not satisfy the configured baseline will be monitored by Azure Security
        Center as recommendations.","metadata":{"category":"Security Center","preview":true},"parameters":{},"policyRule":{"if":{"field":"type","in":["Microsoft.Compute/virtualMachines","Microsoft.ClassicCompute/virtualMachines","Microsoft.OperationalInsights/workspaces"]},"then":{"effect":"AuditIfNotExists","details":{"type":"Microsoft.Security/complianceResults","name":"osVulnerabilities","existenceCondition":{"field":"Microsoft.Security/complianceResults/resourceStatus","equals":"Monitored"}}}}},"id":"/providers/Microsoft.Authorization/policyDefinitions/e1e5fd5d-3e4c-4ce1-8661-7d1873ae6b15","type":"Microsoft.Authorization/policyDefinitions","name":"e1e5fd5d-3e4c-4ce1-8661-7d1873ae6b15"},{"properties":{"displayName":"Allowed
        locations","policyType":"BuiltIn","description":"This policy enables you to
        restrict the locations your organization can specify when deploying resources.
        Use to enforce your geo-compliance requirements.","parameters":{"listOfAllowedLocations":{"type":"Array","metadata":{"description":"The
        list of locations that can be specified when deploying resources.","strongType":"location","displayName":"Allowed
        locations"}}},"policyRule":{"if":{"not":{"field":"location","in":"[parameters(''listOfAllowedLocations'')]"}},"then":{"effect":"Deny"}}},"id":"/providers/Microsoft.Authorization/policyDefinitions/e56962a6-4747-49cd-b67b-bf8b01975c4c","type":"Microsoft.Authorization/policyDefinitions","name":"e56962a6-4747-49cd-b67b-bf8b01975c4c"},{"properties":{"displayName":"test_policyr75mbdxsk","policyType":"Custom","description":"desc_for_test_policy_123","parameters":{"allowedLocations":{"type":"Array","metadata":{"description":"The
        list of locations that can be specified when deploying resources","strongType":"location","displayName":"Allowed
        locations"}}},"policyRule":{"if":{"not":{"field":"location","in":"[parameters(''allowedLocations'')]"}},"then":{"effect":"deny"}}},"id":"/subscriptions/00000000-0000-0000-0000-000000000000/providers/Microsoft.Authorization/policyDefinitions/azure-cli-test-policy2b4v6kg4r","type":"Microsoft.Authorization/policyDefinitions","name":"azure-cli-test-policy2b4v6kg4r"},{"properties":{"displayName":"test_policyijppv2psk","policyType":"Custom","mode":"Indexed","description":"desc_for_test_policy_123","parameters":{"allowedLocations":{"type":"Array","metadata":{"description":"The
        list of locations that can be specified when deploying resources","strongType":"location","displayName":"Allowed
        locations"}}},"policyRule":{"if":{"not":{"field":"location","in":"[parameters(''allowedLocations'')]"}},"then":{"effect":"deny"}}},"id":"/subscriptions/00000000-0000-0000-0000-000000000000/providers/Microsoft.Authorization/policyDefinitions/azure-cli-test-policy3um67aujr","type":"Microsoft.Authorization/policyDefinitions","name":"azure-cli-test-policy3um67aujr"},{"properties":{"displayName":"test_policyb6aonffyz","policyType":"Custom","description":"desc_for_test_policy_123","parameters":{"allowedLocations":{"type":"Array","metadata":{"description":"The
        list of locations that can be specified when deploying resources","strongType":"location","displayName":"Allowed
        locations"}}},"policyRule":{"if":{"not":{"field":"location","in":"[parameters(''allowedLocations'')]"}},"then":{"effect":"deny"}}},"id":"/subscriptions/00000000-0000-0000-0000-000000000000/providers/Microsoft.Authorization/policyDefinitions/azure-cli-test-policy3vpy3xtmb","type":"Microsoft.Authorization/policyDefinitions","name":"azure-cli-test-policy3vpy3xtmb"},{"properties":{"displayName":"test_policyikfx6cf2d","policyType":"Custom","description":"desc_for_test_policy_123","parameters":{"allowedLocations":{"type":"Array","metadata":{"description":"The
        list of locations that can be specified when deploying resources","strongType":"location","displayName":"Allowed
        locations"}}},"policyRule":{"if":{"not":{"field":"location","in":"[parameters(''allowedLocations'')]"}},"then":{"effect":"deny"}}},"id":"/subscriptions/00000000-0000-0000-0000-000000000000/providers/Microsoft.Authorization/policyDefinitions/azure-cli-test-policy457gcmmrq","type":"Microsoft.Authorization/policyDefinitions","name":"azure-cli-test-policy457gcmmrq"},{"properties":{"displayName":"test_policy654ytdggr","policyType":"Custom","description":"desc_for_test_policy_123","parameters":{"allowedLocations":{"type":"Array","metadata":{"description":"The
        list of locations that can be specified when deploying resources","strongType":"location","displayName":"Allowed
        locations"}}},"policyRule":{"if":{"not":{"field":"location","in":"[parameters(''allowedLocations'')]"}},"then":{"effect":"deny"}}},"id":"/subscriptions/00000000-0000-0000-0000-000000000000/providers/Microsoft.Authorization/policyDefinitions/azure-cli-test-policy4gxkut77l","type":"Microsoft.Authorization/policyDefinitions","name":"azure-cli-test-policy4gxkut77l"},{"properties":{"displayName":"test_policyis43lxzj3","policyType":"Custom","description":"desc_for_test_policy_123","parameters":{"allowedLocations":{"type":"Array","metadata":{"description":"The
        list of locations that can be specified when deploying resources","strongType":"location","displayName":"Allowed
        locations"}}},"policyRule":{"if":{"not":{"field":"location","in":"[parameters(''allowedLocations'')]"}},"then":{"effect":"deny"}}},"id":"/subscriptions/00000000-0000-0000-0000-000000000000/providers/Microsoft.Authorization/policyDefinitions/azure-cli-test-policy4xj6cjwua","type":"Microsoft.Authorization/policyDefinitions","name":"azure-cli-test-policy4xj6cjwua"},{"properties":{"displayName":"test_policyioi6kopkp","policyType":"Custom","description":"desc_for_test_policy_123","parameters":{"allowedLocations":{"type":"Array","metadata":{"description":"The
        list of locations that can be specified when deploying resources","strongType":"location","displayName":"Allowed
        locations"}}},"policyRule":{"if":{"not":{"field":"location","in":"[parameters(''allowedLocations'')]"}},"then":{"effect":"deny"}}},"id":"/subscriptions/00000000-0000-0000-0000-000000000000/providers/Microsoft.Authorization/policyDefinitions/azure-cli-test-policy76yysrffx","type":"Microsoft.Authorization/policyDefinitions","name":"azure-cli-test-policy76yysrffx"},{"properties":{"displayName":"test_policyd5y6alpri","policyType":"Custom","description":"desc_for_test_policy_123_new","parameters":{"allowedLocations":{"type":"Array","metadata":{"description":"The
        list of locations that can be specified when deploying resources","strongType":"location","displayName":"Allowed
        locations"}}},"policyRule":{"if":{"not":{"field":"location","in":"[parameters(''allowedLocations'')]"}},"then":{"effect":"deny"}}},"id":"/subscriptions/00000000-0000-0000-0000-000000000000/providers/Microsoft.Authorization/policyDefinitions/azure-cli-test-policyata2erzl4","type":"Microsoft.Authorization/policyDefinitions","name":"azure-cli-test-policyata2erzl4"},{"properties":{"displayName":"test_policyulb2qw2ce","policyType":"Custom","description":"desc_for_test_policy_123","parameters":{"allowedLocations":{"type":"Array","metadata":{"description":"The
        list of locations that can be specified when deploying resources","strongType":"location","displayName":"Allowed
        locations"}}},"policyRule":{"if":{"not":{"field":"location","in":"[parameters(''allowedLocations'')]"}},"then":{"effect":"deny"}}},"id":"/subscriptions/00000000-0000-0000-0000-000000000000/providers/Microsoft.Authorization/policyDefinitions/azure-cli-test-policyay6bo67ry","type":"Microsoft.Authorization/policyDefinitions","name":"azure-cli-test-policyay6bo67ry"},{"properties":{"displayName":"test_policyaa4nfxo2w","policyType":"Custom","description":"desc_for_test_policy_123","parameters":{"allowedLocations":{"type":"Array","metadata":{"description":"The
        list of locations that can be specified when deploying resources","strongType":"location","displayName":"Allowed
        locations"}}},"policyRule":{"if":{"not":{"field":"location","in":"[parameters(''allowedLocations'')]"}},"then":{"effect":"deny"}}},"id":"/subscriptions/00000000-0000-0000-0000-000000000000/providers/Microsoft.Authorization/policyDefinitions/azure-cli-test-policybkcqt5s2j","type":"Microsoft.Authorization/policyDefinitions","name":"azure-cli-test-policybkcqt5s2j"},{"properties":{"displayName":"test_policymsbt722xn","policyType":"Custom","description":"desc_for_test_policy_123","parameters":{"allowedLocations":{"type":"Array","metadata":{"description":"The
        list of locations that can be specified when deploying resources","strongType":"location","displayName":"Allowed
        locations"}}},"policyRule":{"if":{"not":{"field":"location","in":"[parameters(''allowedLocations'')]"}},"then":{"effect":"deny"}}},"id":"/subscriptions/00000000-0000-0000-0000-000000000000/providers/Microsoft.Authorization/policyDefinitions/azure-cli-test-policydgp4n4b2q","type":"Microsoft.Authorization/policyDefinitions","name":"azure-cli-test-policydgp4n4b2q"},{"properties":{"displayName":"test_policyxwccfy65g","policyType":"Custom","description":"desc_for_test_policy_123_new","parameters":{"allowedLocations":{"type":"Array","metadata":{"description":"The
        list of locations that can be specified when deploying resources","strongType":"location","displayName":"Allowed
        locations"}}},"policyRule":{"if":{"not":{"field":"location","in":"[parameters(''allowedLocations'')]"}},"then":{"effect":"deny"}}},"id":"/subscriptions/00000000-0000-0000-0000-000000000000/providers/Microsoft.Authorization/policyDefinitions/azure-cli-test-policyf3eipej6z","type":"Microsoft.Authorization/policyDefinitions","name":"azure-cli-test-policyf3eipej6z"},{"properties":{"displayName":"test_policyctzb7isd5","policyType":"Custom","description":"desc_for_test_policy_123","parameters":{"allowedLocations":{"type":"Array","metadata":{"description":"The
        list of locations that can be specified when deploying resources","strongType":"location","displayName":"Allowed
        locations"}}},"policyRule":{"if":{"not":{"field":"location","in":"[parameters(''allowedLocations'')]"}},"then":{"effect":"deny"}}},"id":"/subscriptions/00000000-0000-0000-0000-000000000000/providers/Microsoft.Authorization/policyDefinitions/azure-cli-test-policyfrc4qigao","type":"Microsoft.Authorization/policyDefinitions","name":"azure-cli-test-policyfrc4qigao"},{"properties":{"displayName":"test_policyp2fqprzgn","policyType":"Custom","description":"desc_for_test_policy_123_new","parameters":{"allowedLocations":{"type":"Array","metadata":{"description":"The
        list of locations that can be specified when deploying resources","strongType":"location","displayName":"Allowed
        locations"}}},"policyRule":{"if":{"not":{"field":"location","in":"[parameters(''allowedLocations'')]"}},"then":{"effect":"deny"}}},"id":"/subscriptions/00000000-0000-0000-0000-000000000000/providers/Microsoft.Authorization/policyDefinitions/azure-cli-test-policyg2suykg5d","type":"Microsoft.Authorization/policyDefinitions","name":"azure-cli-test-policyg2suykg5d"},{"properties":{"displayName":"test_policyws5umq4rm","policyType":"Custom","description":"desc_for_test_policy_123","parameters":{"allowedLocations":{"type":"Array","metadata":{"description":"The
        list of locations that can be specified when deploying resources","strongType":"location","displayName":"Allowed
        locations"}}},"policyRule":{"if":{"not":{"field":"location","in":"[parameters(''allowedLocations'')]"}},"then":{"effect":"deny"}}},"id":"/subscriptions/00000000-0000-0000-0000-000000000000/providers/Microsoft.Authorization/policyDefinitions/azure-cli-test-policygkvukulzr","type":"Microsoft.Authorization/policyDefinitions","name":"azure-cli-test-policygkvukulzr"},{"properties":{"displayName":"test_policyrvkpo3eqx","policyType":"Custom","description":"desc_for_test_policy_123","parameters":{"allowedLocations":{"type":"Array","metadata":{"description":"The
        list of locations that can be specified when deploying resources","strongType":"location","displayName":"Allowed
        locations"}}},"policyRule":{"if":{"not":{"field":"location","in":"[parameters(''allowedLocations'')]"}},"then":{"effect":"deny"}}},"id":"/subscriptions/00000000-0000-0000-0000-000000000000/providers/Microsoft.Authorization/policyDefinitions/azure-cli-test-policygowtiwhgq","type":"Microsoft.Authorization/policyDefinitions","name":"azure-cli-test-policygowtiwhgq"},{"properties":{"displayName":"test_policy7m2vlxuv7","policyType":"Custom","description":"desc_for_test_policy_123","parameters":{"allowedLocations":{"type":"Array","metadata":{"description":"The
        list of locations that can be specified when deploying resources","strongType":"location","displayName":"Allowed
        locations"}}},"policyRule":{"if":{"not":{"field":"location","in":"[parameters(''allowedLocations'')]"}},"then":{"effect":"deny"}}},"id":"/subscriptions/00000000-0000-0000-0000-000000000000/providers/Microsoft.Authorization/policyDefinitions/azure-cli-test-policyh3hvom5ma","type":"Microsoft.Authorization/policyDefinitions","name":"azure-cli-test-policyh3hvom5ma"},{"properties":{"displayName":"test_policybgrkug5se","policyType":"Custom","description":"desc_for_test_policy_123_new","parameters":{"allowedLocations":{"type":"Array","metadata":{"description":"The
        list of locations that can be specified when deploying resources","strongType":"location","displayName":"Allowed
        locations"}}},"policyRule":{"if":{"not":{"field":"location","in":"[parameters(''allowedLocations'')]"}},"then":{"effect":"deny"}}},"id":"/subscriptions/00000000-0000-0000-0000-000000000000/providers/Microsoft.Authorization/policyDefinitions/azure-cli-test-policyhqu5tiln5","type":"Microsoft.Authorization/policyDefinitions","name":"azure-cli-test-policyhqu5tiln5"},{"properties":{"displayName":"test_policyhn4y4ml7v","policyType":"Custom","description":"desc_for_test_policy_123","parameters":{"allowedLocations":{"type":"Array","metadata":{"description":"The
        list of locations that can be specified when deploying resources","strongType":"location","displayName":"Allowed
        locations"}}},"policyRule":{"if":{"not":{"field":"location","in":"[parameters(''allowedLocations'')]"}},"then":{"effect":"deny"}}},"id":"/subscriptions/00000000-0000-0000-0000-000000000000/providers/Microsoft.Authorization/policyDefinitions/azure-cli-test-policyjimbnujhn","type":"Microsoft.Authorization/policyDefinitions","name":"azure-cli-test-policyjimbnujhn"},{"properties":{"displayName":"test_policy4kmeevqwm","policyType":"Custom","description":"desc_for_test_policy_123","parameters":{"allowedLocations":{"type":"Array","metadata":{"description":"The
        list of locations that can be specified when deploying resources","strongType":"location","displayName":"Allowed
        locations"}}},"policyRule":{"if":{"not":{"field":"location","in":"[parameters(''allowedLocations'')]"}},"then":{"effect":"deny"}}},"id":"/subscriptions/00000000-0000-0000-0000-000000000000/providers/Microsoft.Authorization/policyDefinitions/azure-cli-test-policykafwuye7f","type":"Microsoft.Authorization/policyDefinitions","name":"azure-cli-test-policykafwuye7f"},{"properties":{"displayName":"test_policynlgextkdp","policyType":"Custom","description":"desc_for_test_policy_123","parameters":{"allowedLocations":{"type":"Array","metadata":{"description":"The
        list of locations that can be specified when deploying resources","strongType":"location","displayName":"Allowed
        locations"}}},"policyRule":{"if":{"not":{"field":"location","in":"[parameters(''allowedLocations'')]"}},"then":{"effect":"deny"}}},"id":"/subscriptions/00000000-0000-0000-0000-000000000000/providers/Microsoft.Authorization/policyDefinitions/azure-cli-test-policykjzvzjrnd","type":"Microsoft.Authorization/policyDefinitions","name":"azure-cli-test-policykjzvzjrnd"},{"properties":{"displayName":"test_policya26yk6npn","policyType":"Custom","description":"desc_for_test_policy_123","parameters":{"allowedLocations":{"type":"Array","metadata":{"description":"The
        list of locations that can be specified when deploying resources","strongType":"location","displayName":"Allowed
        locations"}}},"policyRule":{"if":{"not":{"field":"location","in":"[parameters(''allowedLocations'')]"}},"then":{"effect":"deny"}}},"id":"/subscriptions/00000000-0000-0000-0000-000000000000/providers/Microsoft.Authorization/policyDefinitions/azure-cli-test-policykndpgq6lp","type":"Microsoft.Authorization/policyDefinitions","name":"azure-cli-test-policykndpgq6lp"},{"properties":{"displayName":"test_policy7nmlzbczq","policyType":"Custom","description":"desc_for_test_policy_123","parameters":{"allowedLocations":{"type":"Array","metadata":{"description":"The
        list of locations that can be specified when deploying resources","strongType":"location","displayName":"Allowed
        locations"}}},"policyRule":{"if":{"not":{"field":"location","in":"[parameters(''allowedLocations'')]"}},"then":{"effect":"deny"}}},"id":"/subscriptions/00000000-0000-0000-0000-000000000000/providers/Microsoft.Authorization/policyDefinitions/azure-cli-test-policylwzcap5xp","type":"Microsoft.Authorization/policyDefinitions","name":"azure-cli-test-policylwzcap5xp"},{"properties":{"displayName":"test_policypw6u5qsxu","policyType":"Custom","description":"desc_for_test_policy_123","parameters":{"allowedLocations":{"type":"Array","metadata":{"description":"The
        list of locations that can be specified when deploying resources","strongType":"location","displayName":"Allowed
        locations"}}},"policyRule":{"if":{"not":{"field":"location","in":"[parameters(''allowedLocations'')]"}},"then":{"effect":"deny"}}},"id":"/subscriptions/00000000-0000-0000-0000-000000000000/providers/Microsoft.Authorization/policyDefinitions/azure-cli-test-policymcpmj34wu","type":"Microsoft.Authorization/policyDefinitions","name":"azure-cli-test-policymcpmj34wu"},{"properties":{"displayName":"test_policy7tgd6rojr","policyType":"Custom","description":"desc_for_test_policy_123","parameters":{"allowedLocations":{"type":"Array","metadata":{"description":"The
        list of locations that can be specified when deploying resources","strongType":"location","displayName":"Allowed
        locations"}}},"policyRule":{"if":{"not":{"field":"location","in":"[parameters(''allowedLocations'')]"}},"then":{"effect":"deny"}}},"id":"/subscriptions/00000000-0000-0000-0000-000000000000/providers/Microsoft.Authorization/policyDefinitions/azure-cli-test-policymx6zhhcdg","type":"Microsoft.Authorization/policyDefinitions","name":"azure-cli-test-policymx6zhhcdg"},{"properties":{"displayName":"test_policyd4juqcjne","policyType":"Custom","description":"desc_for_test_policy_123","parameters":{"allowedLocations":{"type":"Array","metadata":{"description":"The
        list of locations that can be specified when deploying resources","strongType":"location","displayName":"Allowed
        locations"}}},"policyRule":{"if":{"not":{"field":"location","in":"[parameters(''allowedLocations'')]"}},"then":{"effect":"deny"}}},"id":"/subscriptions/00000000-0000-0000-0000-000000000000/providers/Microsoft.Authorization/policyDefinitions/azure-cli-test-policynyjpfdpkt","type":"Microsoft.Authorization/policyDefinitions","name":"azure-cli-test-policynyjpfdpkt"},{"properties":{"displayName":"test_policyofs54bi64","policyType":"Custom","description":"desc_for_test_policy_123","parameters":{"allowedLocations":{"type":"Array","metadata":{"description":"The
        list of locations that can be specified when deploying resources","strongType":"location","displayName":"Allowed
        locations"}}},"policyRule":{"if":{"not":{"field":"location","in":"[parameters(''allowedLocations'')]"}},"then":{"effect":"deny"}}},"id":"/subscriptions/00000000-0000-0000-0000-000000000000/providers/Microsoft.Authorization/policyDefinitions/azure-cli-test-policyop6ocg4h5","type":"Microsoft.Authorization/policyDefinitions","name":"azure-cli-test-policyop6ocg4h5"},{"properties":{"displayName":"test_policyo3gr6tmo3","policyType":"Custom","description":"desc_for_test_policy_123","parameters":{"allowedLocations":{"type":"Array","metadata":{"description":"The
        list of locations that can be specified when deploying resources","strongType":"location","displayName":"Allowed
        locations"}}},"policyRule":{"if":{"not":{"field":"location","in":"[parameters(''allowedLocations'')]"}},"then":{"effect":"deny"}}},"id":"/subscriptions/00000000-0000-0000-0000-000000000000/providers/Microsoft.Authorization/policyDefinitions/azure-cli-test-policyqp3vsgggm","type":"Microsoft.Authorization/policyDefinitions","name":"azure-cli-test-policyqp3vsgggm"},{"properties":{"displayName":"test_policyusoolakmd","policyType":"Custom","description":"desc_for_test_policy_123","parameters":{"allowedLocations":{"type":"Array","metadata":{"description":"The
        list of locations that can be specified when deploying resources","strongType":"location","displayName":"Allowed
        locations"}}},"policyRule":{"if":{"not":{"field":"location","in":"[parameters(''allowedLocations'')]"}},"then":{"effect":"deny"}}},"id":"/subscriptions/00000000-0000-0000-0000-000000000000/providers/Microsoft.Authorization/policyDefinitions/azure-cli-test-policys6rbruvl5","type":"Microsoft.Authorization/policyDefinitions","name":"azure-cli-test-policys6rbruvl5"},{"properties":{"displayName":"test_policybomt5qfsz","policyType":"Custom","description":"desc_for_test_policy_123","parameters":{"allowedLocations":{"type":"Array","metadata":{"description":"The
        list of locations that can be specified when deploying resources","strongType":"location","displayName":"Allowed
        locations"}}},"policyRule":{"if":{"not":{"field":"location","in":"[parameters(''allowedLocations'')]"}},"then":{"effect":"deny"}}},"id":"/subscriptions/00000000-0000-0000-0000-000000000000/providers/Microsoft.Authorization/policyDefinitions/azure-cli-test-policyth5g5xviz","type":"Microsoft.Authorization/policyDefinitions","name":"azure-cli-test-policyth5g5xviz"},{"properties":{"displayName":"test_policy6kfinefpf","policyType":"Custom","description":"desc_for_test_policy_123","parameters":{"allowedLocations":{"type":"Array","metadata":{"description":"The
        list of locations that can be specified when deploying resources","strongType":"location","displayName":"Allowed
        locations"}}},"policyRule":{"if":{"not":{"field":"location","in":"[parameters(''allowedLocations'')]"}},"then":{"effect":"deny"}}},"id":"/subscriptions/00000000-0000-0000-0000-000000000000/providers/Microsoft.Authorization/policyDefinitions/azure-cli-test-policyurejy7yye","type":"Microsoft.Authorization/policyDefinitions","name":"azure-cli-test-policyurejy7yye"},{"properties":{"displayName":"test_policytqcnn3tje","policyType":"Custom","description":"desc_for_test_policy_123","parameters":{"allowedLocations":{"type":"Array","metadata":{"description":"The
        list of locations that can be specified when deploying resources","strongType":"location","displayName":"Allowed
        locations"}}},"policyRule":{"if":{"not":{"field":"location","in":"[parameters(''allowedLocations'')]"}},"then":{"effect":"deny"}}},"id":"/subscriptions/00000000-0000-0000-0000-000000000000/providers/Microsoft.Authorization/policyDefinitions/azure-cli-test-policywga3xtg6u","type":"Microsoft.Authorization/policyDefinitions","name":"azure-cli-test-policywga3xtg6u"},{"properties":{"displayName":"test_policyb3z7re6z5","policyType":"Custom","description":"desc_for_test_policy_123_new","parameters":{"allowedLocations":{"type":"Array","metadata":{"description":"The
        list of locations that can be specified when deploying resources","strongType":"location","displayName":"Allowed
        locations"}}},"policyRule":{"if":{"not":{"field":"location","in":"[parameters(''allowedLocations'')]"}},"then":{"effect":"deny"}}},"id":"/subscriptions/00000000-0000-0000-0000-000000000000/providers/Microsoft.Authorization/policyDefinitions/azure-cli-test-policywjf6zul3w","type":"Microsoft.Authorization/policyDefinitions","name":"azure-cli-test-policywjf6zul3w"},{"properties":{"displayName":"test_policyhdwuyznya","policyType":"Custom","description":"desc_for_test_policy_123","parameters":{"allowedLocations":{"type":"Array","metadata":{"description":"The
        list of locations that can be specified when deploying resources","strongType":"location","displayName":"Allowed
        locations"}}},"policyRule":{"if":{"not":{"field":"location","in":"[parameters(''allowedLocations'')]"}},"then":{"effect":"deny"}}},"id":"/subscriptions/00000000-0000-0000-0000-000000000000/providers/Microsoft.Authorization/policyDefinitions/azure-cli-test-policywrv4nadsy","type":"Microsoft.Authorization/policyDefinitions","name":"azure-cli-test-policywrv4nadsy"},{"properties":{"displayName":"test_policyk4lic76g5","policyType":"Custom","description":"desc_for_test_policy_123","parameters":{"allowedLocations":{"type":"Array","metadata":{"description":"The
        list of locations that can be specified when deploying resources","strongType":"location","displayName":"Allowed
        locations"}}},"policyRule":{"if":{"not":{"field":"location","in":"[parameters(''allowedLocations'')]"}},"then":{"effect":"deny"}}},"id":"/subscriptions/00000000-0000-0000-0000-000000000000/providers/Microsoft.Authorization/policyDefinitions/azure-cli-test-policyxcfiryook","type":"Microsoft.Authorization/policyDefinitions","name":"azure-cli-test-policyxcfiryook"},{"properties":{"displayName":"test_policyze7ytm3iy","policyType":"Custom","description":"desc_for_test_policy_123","parameters":{"allowedLocations":{"type":"Array","metadata":{"description":"The
        list of locations that can be specified when deploying resources","strongType":"location","displayName":"Allowed
        locations"}}},"policyRule":{"if":{"not":{"field":"location","in":"[parameters(''allowedLocations'')]"}},"then":{"effect":"deny"}}},"id":"/subscriptions/00000000-0000-0000-0000-000000000000/providers/Microsoft.Authorization/policyDefinitions/azure-cli-test-policyydnyxkmc7","type":"Microsoft.Authorization/policyDefinitions","name":"azure-cli-test-policyydnyxkmc7"},{"properties":{"displayName":"test_policyzrf6lmz6q","policyType":"Custom","description":"desc_for_test_policy_123","parameters":{"allowedLocations":{"type":"Array","metadata":{"description":"The
        list of locations that can be specified when deploying resources","strongType":"location","displayName":"Allowed
        locations"}}},"policyRule":{"if":{"not":{"field":"location","in":"[parameters(''allowedLocations'')]"}},"then":{"effect":"deny"}}},"id":"/subscriptions/00000000-0000-0000-0000-000000000000/providers/Microsoft.Authorization/policyDefinitions/azure-cli-test-policyz735hpo2l","type":"Microsoft.Authorization/policyDefinitions","name":"azure-cli-test-policyz735hpo2l"},{"properties":{"displayName":"test_policyxx2jncbx4","policyType":"Custom","description":"desc_for_test_policy_123","parameters":{"allowedLocations":{"type":"Array","metadata":{"description":"The
        list of locations that can be specified when deploying resources","strongType":"location","displayName":"Allowed
        locations"}}},"policyRule":{"if":{"not":{"field":"location","in":"[parameters(''allowedLocations'')]"}},"then":{"effect":"deny"}}},"id":"/subscriptions/00000000-0000-0000-0000-000000000000/providers/Microsoft.Authorization/policyDefinitions/azure-cli-test-policyzzdjirnt4","type":"Microsoft.Authorization/policyDefinitions","name":"azure-cli-test-policyzzdjirnt4"},{"properties":{"policyType":"Custom","parameters":{"allowedLocations":{"type":"Array","metadata":{"description":"The
        list of locations that can be specified when deploying resources","strongType":"location","displayName":"Allowed
        locations"}}},"policyRule":{"if":{"not":{"field":"location","in":"[parameters(''allowedLocations'')]"}},"then":{"effect":"deny"}}},"id":"/subscriptions/00000000-0000-0000-0000-000000000000/providers/Microsoft.Authorization/policyDefinitions/clipd","type":"Microsoft.Authorization/policyDefinitions","name":"clipd"},{"properties":{"policyType":"Custom","policyRule":{"if":{"source":"action","equals":"Microsoft.Resources/Subscriptions/00000000-0000-0000-0000-000000000000/write"},"then":{"effect":"deny"}}},"id":"/subscriptions/00000000-0000-0000-0000-000000000000/providers/Microsoft.Authorization/policyDefinitions/onesdk1071","type":"Microsoft.Authorization/policyDefinitions","name":"onesdk1071"},{"properties":{"policyType":"Custom","mode":"All","policyRule":{"if":{"source":"action","equals":"Microsoft.Resources/Subscriptions/00000000-0000-0000-0000-000000000000/write"},"then":{"effect":"deny"}}},"id":"/subscriptions/00000000-0000-0000-0000-000000000000/providers/Microsoft.Authorization/policyDefinitions/onesdk2200","type":"Microsoft.Authorization/policyDefinitions","name":"onesdk2200"},{"properties":{"displayName":"testDisplay","policyType":"Custom","description":"testDescription","metadata":{"test":"test"},"policyRule":{"if":{"source":"action","equals":"Microsoft.Resources/Subscriptions/00000000-0000-0000-0000-000000000000/write"},"then":{"effect":"deny"}}},"id":"/subscriptions/00000000-0000-0000-0000-000000000000/providers/Microsoft.Authorization/policyDefinitions/onesdk3296","type":"Microsoft.Authorization/policyDefinitions","name":"onesdk3296"},{"properties":{"policyType":"Custom","policyRule":{"if":{"source":"action","equals":"Microsoft.Resources/Subscriptions/00000000-0000-0000-0000-000000000000/write"},"then":{"effect":"deny"}}},"id":"/subscriptions/00000000-0000-0000-0000-000000000000/providers/Microsoft.Authorization/policyDefinitions/onesdk634","type":"Microsoft.Authorization/policyDefinitions","name":"onesdk634"},{"properties":{"policyType":"Custom","policyRule":{"if":{"source":"action","equals":"Microsoft.Resources/Subscriptions/00000000-0000-0000-0000-000000000000/write"},"then":{"effect":"deny"}}},"id":"/subscriptions/00000000-0000-0000-0000-000000000000/providers/Microsoft.Authorization/policyDefinitions/onesdk6972","type":"Microsoft.Authorization/policyDefinitions","name":"onesdk6972"},{"properties":{"displayName":"testDisplay","policyType":"Custom","description":"testDescription","metadata":{"test":"test"},"policyRule":{"if":{"source":"action","equals":"Microsoft.Resources/Subscriptions/00000000-0000-0000-0000-000000000000/write"},"then":{"effect":"deny"}}},"id":"/subscriptions/00000000-0000-0000-0000-000000000000/providers/Microsoft.Authorization/policyDefinitions/onesdk7587","type":"Microsoft.Authorization/policyDefinitions","name":"onesdk7587"},{"properties":{"policyType":"Custom","metadata":{"test":"test"},"policyRule":{"if":{"source":"action","equals":"Microsoft.Resources/Subscriptions/00000000-0000-0000-0000-000000000000/write"},"then":{"effect":"deny"}}},"id":"/subscriptions/00000000-0000-0000-0000-000000000000/providers/Microsoft.Authorization/policyDefinitions/test123","type":"Microsoft.Authorization/policyDefinitions","name":"test123"},{"properties":{"policyType":"Custom","mode":"All","policyRule":{"if":{"source":"action","equals":"blah"},"then":{"effect":"deny"}}},"id":"/subscriptions/00000000-0000-0000-0000-000000000000/providers/Microsoft.Authorization/policyDefinitions/test2","type":"Microsoft.Authorization/policyDefinitions","name":"test2"},{"properties":{"policyType":"Custom","mode":"All","policyRule":{"if":{"source":"action","equals":"Microsoft.Resources/Subscriptions/00000000-0000-0000-0000-000000000000/write"},"then":{"effect":"deny"}}},"id":"/subscriptions/00000000-0000-0000-0000-000000000000/providers/Microsoft.Authorization/policyDefinitions/testclinewpdmode","type":"Microsoft.Authorization/policyDefinitions","name":"testclinewpdmode"},{"properties":{"policyType":"Custom","mode":"All","policyRule":{"if":{"source":"action","equals":"Microsoft.Resources/Subscriptions/00000000-0000-0000-0000-000000000000/write"},"then":{"effect":"deny"}}},"id":"/subscriptions/00000000-0000-0000-0000-000000000000/providers/Microsoft.Authorization/policyDefinitions/testuri","type":"Microsoft.Authorization/policyDefinitions","name":"testuri"}]}'}
    headers:
      cache-control: [no-cache]
      content-length: ['54662']
      content-type: [application/json; charset=utf-8]
      date: ['Sat, 23 Sep 2017 06:08:55 GMT']
      expires: ['-1']
      pragma: [no-cache]
      strict-transport-security: [max-age=31536000; includeSubDomains]
      transfer-encoding: [chunked]
      vary: ['Accept-Encoding,Accept-Encoding']
    status: {code: 200, message: OK}
- request:
    body: null
    headers:
      Accept: [application/json]
      Accept-Encoding: ['gzip, deflate']
      CommandName: [group delete]
      Connection: [keep-alive]
      Content-Length: ['0']
      Content-Type: [application/json; charset=utf-8]
      User-Agent: [python/3.6.1 (Windows-10-10.0.15063-SP0) requests/2.9.1 msrest/0.4.14
          msrest_azure/0.4.14 resourcemanagementclient/1.2.0rc2 Azure-SDK-For-Python
          AZURECLI/2.0.17+dev]
      accept-language: [en-US]
    method: DELETE
    uri: https://management.azure.com/subscriptions/00000000-0000-0000-0000-000000000000/resourcegroups/cli_test_policy000001?api-version=2017-05-10
  response:
    body: {string: ''}
    headers:
      cache-control: [no-cache]
      content-length: ['0']
      date: ['Sat, 23 Sep 2017 06:08:58 GMT']
      expires: ['-1']
      location: ['https://management.azure.com/subscriptions/00000000-0000-0000-0000-000000000000/operationresults/eyJqb2JJZCI6IlJFU09VUkNFR1JPVVBERUxFVElPTkpPQi1DTEk6NUZURVNUOjVGUE9MSUNZQ1VWUDVYRkFTNFlRRjJVRlZDVldSUkhXWVhEN3xFNTBFMDFGQkJDRkE3RDE3LVdFU1RVUyIsImpvYkxvY2F0aW9uIjoid2VzdHVzIn0?api-version=2017-05-10']
      pragma: [no-cache]
      strict-transport-security: [max-age=31536000; includeSubDomains]
      x-ms-ratelimit-remaining-subscription-writes: ['1198']
    status: {code: 202, message: Accepted}
version: 1
