interactions:
- request:
    body: '{"location": "westus", "tags": {"use": "az-test"}}'
    headers:
      Accept: [application/json]
      Accept-Encoding: ['gzip, deflate']
      CommandName: [group create]
      Connection: [keep-alive]
      Content-Length: ['50']
      Content-Type: [application/json; charset=utf-8]
      User-Agent: [python/3.6.4 (Linux-4.11.0-1016-azure-x86_64-with-debian-9.3) requests/2.18.4
          msrest/0.4.26 msrest_azure/0.4.22 resourcemanagementclient/1.2.1 Azure-SDK-For-Python
          AZURECLI/2.0.29.dev20180305185410.dev20180305185935]
      accept-language: [en-US]
    method: PUT
    uri: https://management.azure.com/subscriptions/00000000-0000-0000-0000-000000000000/resourcegroups/cli_test_load_balancer_ip_config000001?api-version=2017-05-10
  response:
    body: {string: '{"id":"/subscriptions/00000000-0000-0000-0000-000000000000/resourceGroups/cli_test_load_balancer_ip_config000001","name":"cli_test_load_balancer_ip_config000001","location":"westus","tags":{"use":"az-test"},"properties":{"provisioningState":"Succeeded"}}'}
    headers:
      cache-control: [no-cache]
      content-length: ['328']
      content-type: [application/json; charset=utf-8]
      date: ['Mon, 05 Mar 2018 19:37:48 GMT']
      expires: ['-1']
      pragma: [no-cache]
      strict-transport-security: [max-age=31536000; includeSubDomains]
      x-content-type-options: [nosniff]
      x-ms-ratelimit-remaining-subscription-writes: ['1185']
    status: {code: 201, message: Created}
- request:
    body: null
    headers:
      Accept: [application/json]
      Accept-Encoding: ['gzip, deflate']
      CommandName: [network public-ip create]
      Connection: [keep-alive]
      Content-Type: [application/json; charset=utf-8]
      User-Agent: [python/3.6.4 (Linux-4.11.0-1016-azure-x86_64-with-debian-9.3) requests/2.18.4
          msrest/0.4.26 msrest_azure/0.4.22 resourcemanagementclient/1.2.1 Azure-SDK-For-Python
          AZURECLI/2.0.29.dev20180305185410.dev20180305185935]
      accept-language: [en-US]
    method: GET
    uri: https://management.azure.com/subscriptions/00000000-0000-0000-0000-000000000000/resourcegroups/cli_test_load_balancer_ip_config000001?api-version=2017-05-10
  response:
    body: {string: '{"id":"/subscriptions/00000000-0000-0000-0000-000000000000/resourceGroups/cli_test_load_balancer_ip_config000001","name":"cli_test_load_balancer_ip_config000001","location":"westus","tags":{"use":"az-test"},"properties":{"provisioningState":"Succeeded"}}'}
    headers:
      cache-control: [no-cache]
      content-length: ['328']
      content-type: [application/json; charset=utf-8]
      date: ['Mon, 05 Mar 2018 19:37:50 GMT']
      expires: ['-1']
      pragma: [no-cache]
      strict-transport-security: [max-age=31536000; includeSubDomains]
      vary: [Accept-Encoding]
      x-content-type-options: [nosniff]
    status: {code: 200, message: OK}
- request:
    body: '{"location": "westus", "sku": {"name": "Basic"}, "properties": {"publicIPAllocationMethod":
      "Dynamic", "publicIPAddressVersion": "IPv4", "idleTimeoutInMinutes": 4}}'
    headers:
      Accept: [application/json]
      Accept-Encoding: ['gzip, deflate']
      CommandName: [network public-ip create]
      Connection: [keep-alive]
      Content-Length: ['164']
      Content-Type: [application/json; charset=utf-8]
      User-Agent: [python/3.6.4 (Linux-4.11.0-1016-azure-x86_64-with-debian-9.3) requests/2.18.4
          msrest/0.4.26 msrest_azure/0.4.22 networkmanagementclient/1.8.0a1 Azure-SDK-For-Python
          AZURECLI/2.0.29.dev20180305185410.dev20180305185935]
      accept-language: [en-US]
    method: PUT
    uri: https://management.azure.com/subscriptions/00000000-0000-0000-0000-000000000000/resourceGroups/cli_test_load_balancer_ip_config000001/providers/Microsoft.Network/publicIPAddresses/publicip1?api-version=2018-01-01
  response:
    body: {string: "{\r\n  \"name\": \"publicip1\",\r\n  \"id\": \"/subscriptions/00000000-0000-0000-0000-000000000000/resourceGroups/cli_test_load_balancer_ip_config000001/providers/Microsoft.Network/publicIPAddresses/publicip1\",\r\n
        \ \"etag\": \"W/\\\"726d4a6b-5271-479d-b06d-9dc6b58cc09b\\\"\",\r\n  \"location\":
        \"westus\",\r\n  \"properties\": {\r\n    \"provisioningState\": \"Updating\",\r\n
        \   \"resourceGuid\": \"debbaf1c-6da1-45c6-abd7-80967a2d4d71\",\r\n    \"publicIPAddressVersion\":
        \"IPv4\",\r\n    \"publicIPAllocationMethod\": \"Dynamic\",\r\n    \"idleTimeoutInMinutes\":
        4,\r\n    \"ipTags\": []\r\n  },\r\n  \"type\": \"Microsoft.Network/publicIPAddresses\",\r\n
        \ \"sku\": {\r\n    \"name\": \"Basic\"\r\n  }\r\n}"}
    headers:
      azure-asyncoperation: ['https://management.azure.com/subscriptions/00000000-0000-0000-0000-000000000000/providers/Microsoft.Network/locations/westus/operations/27c028de-99bc-4946-bc63-abe46bf8f6d9?api-version=2018-01-01']
      cache-control: [no-cache]
      content-length: ['666']
      content-type: [application/json; charset=utf-8]
      date: ['Mon, 05 Mar 2018 19:37:53 GMT']
      expires: ['-1']
      pragma: [no-cache]
      server: [Microsoft-HTTPAPI/2.0, Microsoft-HTTPAPI/2.0]
      strict-transport-security: [max-age=31536000; includeSubDomains]
      x-content-type-options: [nosniff]
      x-ms-ratelimit-remaining-subscription-writes: ['1181']
    status: {code: 201, message: Created}
- request:
    body: null
    headers:
      Accept: [application/json]
      Accept-Encoding: ['gzip, deflate']
      CommandName: [network public-ip create]
      Connection: [keep-alive]
      User-Agent: [python/3.6.4 (Linux-4.11.0-1016-azure-x86_64-with-debian-9.3) requests/2.18.4
          msrest/0.4.26 msrest_azure/0.4.22 networkmanagementclient/1.8.0a1 Azure-SDK-For-Python
          AZURECLI/2.0.29.dev20180305185410.dev20180305185935]
    method: GET
    uri: https://management.azure.com/subscriptions/00000000-0000-0000-0000-000000000000/providers/Microsoft.Network/locations/westus/operations/27c028de-99bc-4946-bc63-abe46bf8f6d9?api-version=2018-01-01
  response:
    body: {string: "{\r\n  \"status\": \"Succeeded\"\r\n}"}
    headers:
      cache-control: [no-cache]
      content-length: ['29']
      content-type: [application/json; charset=utf-8]
      date: ['Mon, 05 Mar 2018 19:37:57 GMT']
      expires: ['-1']
      pragma: [no-cache]
      server: [Microsoft-HTTPAPI/2.0, Microsoft-HTTPAPI/2.0]
      strict-transport-security: [max-age=31536000; includeSubDomains]
      transfer-encoding: [chunked]
      vary: [Accept-Encoding]
      x-content-type-options: [nosniff]
    status: {code: 200, message: OK}
- request:
    body: null
    headers:
      Accept: [application/json]
      Accept-Encoding: ['gzip, deflate']
      CommandName: [network public-ip create]
      Connection: [keep-alive]
      User-Agent: [python/3.6.4 (Linux-4.11.0-1016-azure-x86_64-with-debian-9.3) requests/2.18.4
          msrest/0.4.26 msrest_azure/0.4.22 networkmanagementclient/1.8.0a1 Azure-SDK-For-Python
          AZURECLI/2.0.29.dev20180305185410.dev20180305185935]
    method: GET
    uri: https://management.azure.com/subscriptions/00000000-0000-0000-0000-000000000000/resourceGroups/cli_test_load_balancer_ip_config000001/providers/Microsoft.Network/publicIPAddresses/publicip1?api-version=2018-01-01
  response:
    body: {string: "{\r\n  \"name\": \"publicip1\",\r\n  \"id\": \"/subscriptions/00000000-0000-0000-0000-000000000000/resourceGroups/cli_test_load_balancer_ip_config000001/providers/Microsoft.Network/publicIPAddresses/publicip1\",\r\n
        \ \"etag\": \"W/\\\"8921c577-ddb3-40b4-8428-1866bf077b3f\\\"\",\r\n  \"location\":
        \"westus\",\r\n  \"properties\": {\r\n    \"provisioningState\": \"Succeeded\",\r\n
        \   \"resourceGuid\": \"debbaf1c-6da1-45c6-abd7-80967a2d4d71\",\r\n    \"publicIPAddressVersion\":
        \"IPv4\",\r\n    \"publicIPAllocationMethod\": \"Dynamic\",\r\n    \"idleTimeoutInMinutes\":
        4,\r\n    \"ipTags\": []\r\n  },\r\n  \"type\": \"Microsoft.Network/publicIPAddresses\",\r\n
        \ \"sku\": {\r\n    \"name\": \"Basic\"\r\n  }\r\n}"}
    headers:
      cache-control: [no-cache]
      content-length: ['667']
      content-type: [application/json; charset=utf-8]
      date: ['Mon, 05 Mar 2018 19:37:58 GMT']
      etag: [W/"8921c577-ddb3-40b4-8428-1866bf077b3f"]
      expires: ['-1']
      pragma: [no-cache]
      server: [Microsoft-HTTPAPI/2.0, Microsoft-HTTPAPI/2.0]
      strict-transport-security: [max-age=31536000; includeSubDomains]
      transfer-encoding: [chunked]
      vary: [Accept-Encoding]
      x-content-type-options: [nosniff]
    status: {code: 200, message: OK}
- request:
    body: null
    headers:
      Accept: [application/json]
      Accept-Encoding: ['gzip, deflate']
      CommandName: [network public-ip create]
      Connection: [keep-alive]
      Content-Type: [application/json; charset=utf-8]
      User-Agent: [python/3.6.4 (Linux-4.11.0-1016-azure-x86_64-with-debian-9.3) requests/2.18.4
          msrest/0.4.26 msrest_azure/0.4.22 resourcemanagementclient/1.2.1 Azure-SDK-For-Python
          AZURECLI/2.0.29.dev20180305185410.dev20180305185935]
      accept-language: [en-US]
    method: GET
    uri: https://management.azure.com/subscriptions/00000000-0000-0000-0000-000000000000/resourcegroups/cli_test_load_balancer_ip_config000001?api-version=2017-05-10
  response:
    body: {string: '{"id":"/subscriptions/00000000-0000-0000-0000-000000000000/resourceGroups/cli_test_load_balancer_ip_config000001","name":"cli_test_load_balancer_ip_config000001","location":"westus","tags":{"use":"az-test"},"properties":{"provisioningState":"Succeeded"}}'}
    headers:
      cache-control: [no-cache]
      content-length: ['328']
      content-type: [application/json; charset=utf-8]
      date: ['Mon, 05 Mar 2018 19:37:58 GMT']
      expires: ['-1']
      pragma: [no-cache]
      strict-transport-security: [max-age=31536000; includeSubDomains]
      vary: [Accept-Encoding]
      x-content-type-options: [nosniff]
    status: {code: 200, message: OK}
- request:
    body: '{"location": "westus", "sku": {"name": "Basic"}, "properties": {"publicIPAllocationMethod":
      "Dynamic", "publicIPAddressVersion": "IPv4", "idleTimeoutInMinutes": 4}}'
    headers:
      Accept: [application/json]
      Accept-Encoding: ['gzip, deflate']
      CommandName: [network public-ip create]
      Connection: [keep-alive]
      Content-Length: ['164']
      Content-Type: [application/json; charset=utf-8]
      User-Agent: [python/3.6.4 (Linux-4.11.0-1016-azure-x86_64-with-debian-9.3) requests/2.18.4
          msrest/0.4.26 msrest_azure/0.4.22 networkmanagementclient/1.8.0a1 Azure-SDK-For-Python
          AZURECLI/2.0.29.dev20180305185410.dev20180305185935]
      accept-language: [en-US]
    method: PUT
    uri: https://management.azure.com/subscriptions/00000000-0000-0000-0000-000000000000/resourceGroups/cli_test_load_balancer_ip_config000001/providers/Microsoft.Network/publicIPAddresses/publicip2?api-version=2018-01-01
  response:
    body: {string: "{\r\n  \"name\": \"publicip2\",\r\n  \"id\": \"/subscriptions/00000000-0000-0000-0000-000000000000/resourceGroups/cli_test_load_balancer_ip_config000001/providers/Microsoft.Network/publicIPAddresses/publicip2\",\r\n
        \ \"etag\": \"W/\\\"a9115997-da61-442c-bdf4-09cf3c095ff8\\\"\",\r\n  \"location\":
        \"westus\",\r\n  \"properties\": {\r\n    \"provisioningState\": \"Updating\",\r\n
        \   \"resourceGuid\": \"7375576a-a3af-4366-ac51-ea31b603564c\",\r\n    \"publicIPAddressVersion\":
        \"IPv4\",\r\n    \"publicIPAllocationMethod\": \"Dynamic\",\r\n    \"idleTimeoutInMinutes\":
        4,\r\n    \"ipTags\": []\r\n  },\r\n  \"type\": \"Microsoft.Network/publicIPAddresses\",\r\n
        \ \"sku\": {\r\n    \"name\": \"Basic\"\r\n  }\r\n}"}
    headers:
      azure-asyncoperation: ['https://management.azure.com/subscriptions/00000000-0000-0000-0000-000000000000/providers/Microsoft.Network/locations/westus/operations/978220e8-81d3-4f37-8c32-5c7bed57311e?api-version=2018-01-01']
      cache-control: [no-cache]
      content-length: ['666']
      content-type: [application/json; charset=utf-8]
      date: ['Mon, 05 Mar 2018 19:38:01 GMT']
      expires: ['-1']
      pragma: [no-cache]
      server: [Microsoft-HTTPAPI/2.0, Microsoft-HTTPAPI/2.0]
      strict-transport-security: [max-age=31536000; includeSubDomains]
      x-content-type-options: [nosniff]
      x-ms-ratelimit-remaining-subscription-writes: ['1175']
    status: {code: 201, message: Created}
- request:
    body: null
    headers:
      Accept: [application/json]
      Accept-Encoding: ['gzip, deflate']
      CommandName: [network public-ip create]
      Connection: [keep-alive]
      User-Agent: [python/3.6.4 (Linux-4.11.0-1016-azure-x86_64-with-debian-9.3) requests/2.18.4
          msrest/0.4.26 msrest_azure/0.4.22 networkmanagementclient/1.8.0a1 Azure-SDK-For-Python
          AZURECLI/2.0.29.dev20180305185410.dev20180305185935]
    method: GET
    uri: https://management.azure.com/subscriptions/00000000-0000-0000-0000-000000000000/providers/Microsoft.Network/locations/westus/operations/978220e8-81d3-4f37-8c32-5c7bed57311e?api-version=2018-01-01
  response:
    body: {string: "{\r\n  \"status\": \"Succeeded\"\r\n}"}
    headers:
      cache-control: [no-cache]
      content-length: ['29']
      content-type: [application/json; charset=utf-8]
      date: ['Mon, 05 Mar 2018 19:38:05 GMT']
      expires: ['-1']
      pragma: [no-cache]
      server: [Microsoft-HTTPAPI/2.0, Microsoft-HTTPAPI/2.0]
      strict-transport-security: [max-age=31536000; includeSubDomains]
      transfer-encoding: [chunked]
      vary: [Accept-Encoding]
      x-content-type-options: [nosniff]
    status: {code: 200, message: OK}
- request:
    body: null
    headers:
      Accept: [application/json]
      Accept-Encoding: ['gzip, deflate']
      CommandName: [network public-ip create]
      Connection: [keep-alive]
      User-Agent: [python/3.6.4 (Linux-4.11.0-1016-azure-x86_64-with-debian-9.3) requests/2.18.4
          msrest/0.4.26 msrest_azure/0.4.22 networkmanagementclient/1.8.0a1 Azure-SDK-For-Python
          AZURECLI/2.0.29.dev20180305185410.dev20180305185935]
    method: GET
    uri: https://management.azure.com/subscriptions/00000000-0000-0000-0000-000000000000/resourceGroups/cli_test_load_balancer_ip_config000001/providers/Microsoft.Network/publicIPAddresses/publicip2?api-version=2018-01-01
  response:
    body: {string: "{\r\n  \"name\": \"publicip2\",\r\n  \"id\": \"/subscriptions/00000000-0000-0000-0000-000000000000/resourceGroups/cli_test_load_balancer_ip_config000001/providers/Microsoft.Network/publicIPAddresses/publicip2\",\r\n
        \ \"etag\": \"W/\\\"b698cecf-ff0f-4c6b-89a7-2c1d908c172e\\\"\",\r\n  \"location\":
        \"westus\",\r\n  \"properties\": {\r\n    \"provisioningState\": \"Succeeded\",\r\n
        \   \"resourceGuid\": \"7375576a-a3af-4366-ac51-ea31b603564c\",\r\n    \"publicIPAddressVersion\":
        \"IPv4\",\r\n    \"publicIPAllocationMethod\": \"Dynamic\",\r\n    \"idleTimeoutInMinutes\":
        4,\r\n    \"ipTags\": []\r\n  },\r\n  \"type\": \"Microsoft.Network/publicIPAddresses\",\r\n
        \ \"sku\": {\r\n    \"name\": \"Basic\"\r\n  }\r\n}"}
    headers:
      cache-control: [no-cache]
      content-length: ['667']
      content-type: [application/json; charset=utf-8]
      date: ['Mon, 05 Mar 2018 19:38:06 GMT']
      etag: [W/"b698cecf-ff0f-4c6b-89a7-2c1d908c172e"]
      expires: ['-1']
      pragma: [no-cache]
      server: [Microsoft-HTTPAPI/2.0, Microsoft-HTTPAPI/2.0]
      strict-transport-security: [max-age=31536000; includeSubDomains]
      transfer-encoding: [chunked]
      vary: [Accept-Encoding]
      x-content-type-options: [nosniff]
    status: {code: 200, message: OK}
- request:
    body: null
    headers:
      Accept: [application/json]
      Accept-Encoding: ['gzip, deflate']
      CommandName: [network public-ip create]
      Connection: [keep-alive]
      Content-Type: [application/json; charset=utf-8]
      User-Agent: [python/3.6.4 (Linux-4.11.0-1016-azure-x86_64-with-debian-9.3) requests/2.18.4
          msrest/0.4.26 msrest_azure/0.4.22 resourcemanagementclient/1.2.1 Azure-SDK-For-Python
          AZURECLI/2.0.29.dev20180305185410.dev20180305185935]
      accept-language: [en-US]
    method: GET
    uri: https://management.azure.com/subscriptions/00000000-0000-0000-0000-000000000000/resourcegroups/cli_test_load_balancer_ip_config000001?api-version=2017-05-10
  response:
    body: {string: '{"id":"/subscriptions/00000000-0000-0000-0000-000000000000/resourceGroups/cli_test_load_balancer_ip_config000001","name":"cli_test_load_balancer_ip_config000001","location":"westus","tags":{"use":"az-test"},"properties":{"provisioningState":"Succeeded"}}'}
    headers:
      cache-control: [no-cache]
      content-length: ['328']
      content-type: [application/json; charset=utf-8]
      date: ['Mon, 05 Mar 2018 19:38:07 GMT']
      expires: ['-1']
      pragma: [no-cache]
      strict-transport-security: [max-age=31536000; includeSubDomains]
      vary: [Accept-Encoding]
      x-content-type-options: [nosniff]
    status: {code: 200, message: OK}
- request:
    body: '{"location": "westus", "sku": {"name": "Basic"}, "properties": {"publicIPAllocationMethod":
      "Dynamic", "publicIPAddressVersion": "IPv4", "idleTimeoutInMinutes": 4}}'
    headers:
      Accept: [application/json]
      Accept-Encoding: ['gzip, deflate']
      CommandName: [network public-ip create]
      Connection: [keep-alive]
      Content-Length: ['164']
      Content-Type: [application/json; charset=utf-8]
      User-Agent: [python/3.6.4 (Linux-4.11.0-1016-azure-x86_64-with-debian-9.3) requests/2.18.4
          msrest/0.4.26 msrest_azure/0.4.22 networkmanagementclient/1.8.0a1 Azure-SDK-For-Python
          AZURECLI/2.0.29.dev20180305185410.dev20180305185935]
      accept-language: [en-US]
    method: PUT
    uri: https://management.azure.com/subscriptions/00000000-0000-0000-0000-000000000000/resourceGroups/cli_test_load_balancer_ip_config000001/providers/Microsoft.Network/publicIPAddresses/publicip3?api-version=2018-01-01
  response:
    body: {string: "{\r\n  \"name\": \"publicip3\",\r\n  \"id\": \"/subscriptions/00000000-0000-0000-0000-000000000000/resourceGroups/cli_test_load_balancer_ip_config000001/providers/Microsoft.Network/publicIPAddresses/publicip3\",\r\n
        \ \"etag\": \"W/\\\"8e66016c-8d6a-4a8b-8b1d-e7f23c3f0886\\\"\",\r\n  \"location\":
        \"westus\",\r\n  \"properties\": {\r\n    \"provisioningState\": \"Updating\",\r\n
        \   \"resourceGuid\": \"04fabd3c-0458-475e-af27-e0fb3bf8a3a0\",\r\n    \"publicIPAddressVersion\":
        \"IPv4\",\r\n    \"publicIPAllocationMethod\": \"Dynamic\",\r\n    \"idleTimeoutInMinutes\":
        4,\r\n    \"ipTags\": []\r\n  },\r\n  \"type\": \"Microsoft.Network/publicIPAddresses\",\r\n
        \ \"sku\": {\r\n    \"name\": \"Basic\"\r\n  }\r\n}"}
    headers:
      azure-asyncoperation: ['https://management.azure.com/subscriptions/00000000-0000-0000-0000-000000000000/providers/Microsoft.Network/locations/westus/operations/80200f2d-4b5c-451f-9ebc-e245a4bb0253?api-version=2018-01-01']
      cache-control: [no-cache]
      content-length: ['666']
      content-type: [application/json; charset=utf-8]
      date: ['Mon, 05 Mar 2018 19:38:09 GMT']
      expires: ['-1']
      pragma: [no-cache]
      server: [Microsoft-HTTPAPI/2.0, Microsoft-HTTPAPI/2.0]
      strict-transport-security: [max-age=31536000; includeSubDomains]
      x-content-type-options: [nosniff]
      x-ms-ratelimit-remaining-subscription-writes: ['1177']
    status: {code: 201, message: Created}
- request:
    body: null
    headers:
      Accept: [application/json]
      Accept-Encoding: ['gzip, deflate']
      CommandName: [network public-ip create]
      Connection: [keep-alive]
      User-Agent: [python/3.6.4 (Linux-4.11.0-1016-azure-x86_64-with-debian-9.3) requests/2.18.4
          msrest/0.4.26 msrest_azure/0.4.22 networkmanagementclient/1.8.0a1 Azure-SDK-For-Python
          AZURECLI/2.0.29.dev20180305185410.dev20180305185935]
    method: GET
    uri: https://management.azure.com/subscriptions/00000000-0000-0000-0000-000000000000/providers/Microsoft.Network/locations/westus/operations/80200f2d-4b5c-451f-9ebc-e245a4bb0253?api-version=2018-01-01
  response:
    body: {string: "{\r\n  \"status\": \"Succeeded\"\r\n}"}
    headers:
      cache-control: [no-cache]
      content-length: ['29']
      content-type: [application/json; charset=utf-8]
      date: ['Mon, 05 Mar 2018 19:38:13 GMT']
      expires: ['-1']
      pragma: [no-cache]
      server: [Microsoft-HTTPAPI/2.0, Microsoft-HTTPAPI/2.0]
      strict-transport-security: [max-age=31536000; includeSubDomains]
      transfer-encoding: [chunked]
      vary: [Accept-Encoding]
      x-content-type-options: [nosniff]
    status: {code: 200, message: OK}
- request:
    body: null
    headers:
      Accept: [application/json]
      Accept-Encoding: ['gzip, deflate']
      CommandName: [network public-ip create]
      Connection: [keep-alive]
      User-Agent: [python/3.6.4 (Linux-4.11.0-1016-azure-x86_64-with-debian-9.3) requests/2.18.4
          msrest/0.4.26 msrest_azure/0.4.22 networkmanagementclient/1.8.0a1 Azure-SDK-For-Python
          AZURECLI/2.0.29.dev20180305185410.dev20180305185935]
    method: GET
    uri: https://management.azure.com/subscriptions/00000000-0000-0000-0000-000000000000/resourceGroups/cli_test_load_balancer_ip_config000001/providers/Microsoft.Network/publicIPAddresses/publicip3?api-version=2018-01-01
  response:
    body: {string: "{\r\n  \"name\": \"publicip3\",\r\n  \"id\": \"/subscriptions/00000000-0000-0000-0000-000000000000/resourceGroups/cli_test_load_balancer_ip_config000001/providers/Microsoft.Network/publicIPAddresses/publicip3\",\r\n
        \ \"etag\": \"W/\\\"23a55a81-29b6-4b39-999d-8398d1bc562f\\\"\",\r\n  \"location\":
        \"westus\",\r\n  \"properties\": {\r\n    \"provisioningState\": \"Succeeded\",\r\n
        \   \"resourceGuid\": \"04fabd3c-0458-475e-af27-e0fb3bf8a3a0\",\r\n    \"publicIPAddressVersion\":
        \"IPv4\",\r\n    \"publicIPAllocationMethod\": \"Dynamic\",\r\n    \"idleTimeoutInMinutes\":
        4,\r\n    \"ipTags\": []\r\n  },\r\n  \"type\": \"Microsoft.Network/publicIPAddresses\",\r\n
        \ \"sku\": {\r\n    \"name\": \"Basic\"\r\n  }\r\n}"}
    headers:
      cache-control: [no-cache]
      content-length: ['667']
      content-type: [application/json; charset=utf-8]
      date: ['Mon, 05 Mar 2018 19:38:14 GMT']
      etag: [W/"23a55a81-29b6-4b39-999d-8398d1bc562f"]
      expires: ['-1']
      pragma: [no-cache]
      server: [Microsoft-HTTPAPI/2.0, Microsoft-HTTPAPI/2.0]
      strict-transport-security: [max-age=31536000; includeSubDomains]
      transfer-encoding: [chunked]
      vary: [Accept-Encoding]
      x-content-type-options: [nosniff]
    status: {code: 200, message: OK}
- request:
    body: null
    headers:
      Accept: [application/json]
      Accept-Encoding: ['gzip, deflate']
      CommandName: [network lb create]
      Connection: [keep-alive]
      Content-Type: [application/json; charset=utf-8]
      User-Agent: [python/3.6.4 (Linux-4.11.0-1016-azure-x86_64-with-debian-9.3) requests/2.18.4
          msrest/0.4.26 msrest_azure/0.4.22 resourcemanagementclient/1.2.1 Azure-SDK-For-Python
          AZURECLI/2.0.29.dev20180305185410.dev20180305185935]
      accept-language: [en-US]
    method: GET
    uri: https://management.azure.com/subscriptions/00000000-0000-0000-0000-000000000000/resourcegroups/cli_test_load_balancer_ip_config000001?api-version=2017-05-10
  response:
    body: {string: '{"id":"/subscriptions/00000000-0000-0000-0000-000000000000/resourceGroups/cli_test_load_balancer_ip_config000001","name":"cli_test_load_balancer_ip_config000001","location":"westus","tags":{"use":"az-test"},"properties":{"provisioningState":"Succeeded"}}'}
    headers:
      cache-control: [no-cache]
      content-length: ['328']
      content-type: [application/json; charset=utf-8]
      date: ['Mon, 05 Mar 2018 19:38:16 GMT']
      expires: ['-1']
      pragma: [no-cache]
      strict-transport-security: [max-age=31536000; includeSubDomains]
      vary: [Accept-Encoding]
      x-content-type-options: [nosniff]
    status: {code: 200, message: OK}
- request:
    body: null
    headers:
      Accept: [application/json]
      Accept-Encoding: ['gzip, deflate']
      CommandName: [network lb create]
      Connection: [keep-alive]
      Content-Type: [application/json; charset=utf-8]
      User-Agent: [python/3.6.4 (Linux-4.11.0-1016-azure-x86_64-with-debian-9.3) requests/2.18.4
          msrest/0.4.26 msrest_azure/0.4.22 resourcemanagementclient/1.2.1 Azure-SDK-For-Python
          AZURECLI/2.0.29.dev20180305185410.dev20180305185935]
      accept-language: [en-US]
    method: GET
    uri: https://management.azure.com/subscriptions/00000000-0000-0000-0000-000000000000/resources?$filter=resourceGroup%20eq%20%27cli_test_load_balancer_ip_config000001%27%20and%20name%20eq%20%27publicip1%27%20and%20resourceType%20eq%20%27Microsoft.Network%2FpublicIPAddresses%27&api-version=2017-05-10
  response:
    body: {string: '{"value":[{"id":"/subscriptions/00000000-0000-0000-0000-000000000000/resourceGroups/cli_test_load_balancer_ip_config000001/providers/Microsoft.Network/publicIPAddresses/publicip1","name":"publicip1","type":"Microsoft.Network/publicIPAddresses","sku":{"name":"Basic"},"location":"westus"}]}'}
    headers:
      cache-control: [no-cache]
      content-length: ['326']
      content-type: [application/json; charset=utf-8]
      date: ['Mon, 05 Mar 2018 19:38:17 GMT']
      expires: ['-1']
      pragma: [no-cache]
      strict-transport-security: [max-age=31536000; includeSubDomains]
      vary: [Accept-Encoding]
      x-content-type-options: [nosniff]
    status: {code: 200, message: OK}
- request:
    body: 'b''{"properties": {"template": {"$schema": "https://schema.management.azure.com/schemas/2015-01-01/deploymentTemplate.json#",
      "contentVersion": "1.0.0.0", "parameters": {}, "variables": {}, "resources":
      [{"type": "Microsoft.Network/loadBalancers", "name": "lb1", "location": "westus",
      "tags": {}, "apiVersion": "2018-01-01", "dependsOn": [], "properties": {"backendAddressPools":
      [{"name": "lb1bepool"}], "frontendIPConfigurations": [{"name": "LoadBalancerFrontEnd",
      "properties": {"publicIPAddress": {"id": "/subscriptions/00000000-0000-0000-0000-000000000000/resourceGroups/cli_test_load_balancer_ip_config000001/providers/Microsoft.Network/publicIPAddresses/publicip1"}}}]},
      "sku": {"name": "Basic"}}], "outputs": {"loadBalancer": {"type": "object", "value":
      "[reference(\''lb1\'')]"}}}, "parameters": {}, "mode": "Incremental"}}'''
    headers:
      Accept: [application/json]
      Accept-Encoding: ['gzip, deflate']
      CommandName: [network lb create]
      Connection: [keep-alive]
      Content-Length: ['862']
      Content-Type: [application/json; charset=utf-8]
      User-Agent: [python/3.6.4 (Linux-4.11.0-1016-azure-x86_64-with-debian-9.3) requests/2.18.4
          msrest/0.4.26 msrest_azure/0.4.22 resourcemanagementclient/1.2.1 Azure-SDK-For-Python
          AZURECLI/2.0.29.dev20180305185410.dev20180305185935]
      accept-language: [en-US]
    method: PUT
    uri: https://management.azure.com/subscriptions/00000000-0000-0000-0000-000000000000/resourcegroups/cli_test_load_balancer_ip_config000001/providers/Microsoft.Resources/deployments/mock-deployment?api-version=2017-05-10
  response:
    body: {string: '{"id":"/subscriptions/00000000-0000-0000-0000-000000000000/resourceGroups/cli_test_load_balancer_ip_config000001/providers/Microsoft.Resources/deployments/lb_deploy_AhgVWfcyncCN6LtjxteMnlWhtu3IwMEZ","name":"lb_deploy_AhgVWfcyncCN6LtjxteMnlWhtu3IwMEZ","properties":{"templateHash":"11557230103159408811","parameters":{},"mode":"Incremental","provisioningState":"Accepted","timestamp":"2018-03-05T19:38:21.6307697Z","duration":"PT0.4885741S","correlationId":"f7819e72-4ae9-4075-a262-5becd6bc1b7b","providers":[{"namespace":"Microsoft.Network","resourceTypes":[{"resourceType":"loadBalancers","locations":["westus"]}]}],"dependencies":[]}}'}
    headers:
      azure-asyncoperation: ['https://management.azure.com/subscriptions/00000000-0000-0000-0000-000000000000/resourcegroups/cli_test_load_balancer_ip_config000001/providers/Microsoft.Resources/deployments/lb_deploy_AhgVWfcyncCN6LtjxteMnlWhtu3IwMEZ/operationStatuses/08586813281843354166?api-version=2017-05-10']
      cache-control: [no-cache]
      content-length: ['673']
      content-type: [application/json; charset=utf-8]
      date: ['Mon, 05 Mar 2018 19:38:21 GMT']
      expires: ['-1']
      pragma: [no-cache]
      strict-transport-security: [max-age=31536000; includeSubDomains]
      x-content-type-options: [nosniff]
      x-ms-ratelimit-remaining-subscription-writes: ['1181']
    status: {code: 201, message: Created}
- request:
    body: null
    headers:
      Accept: [application/json]
      Accept-Encoding: ['gzip, deflate']
      CommandName: [network lb create]
      Connection: [keep-alive]
      Content-Type: [application/json; charset=utf-8]
      User-Agent: [python/3.6.4 (Linux-4.11.0-1016-azure-x86_64-with-debian-9.3) requests/2.18.4
          msrest/0.4.26 msrest_azure/0.4.22 resourcemanagementclient/1.2.1 Azure-SDK-For-Python
          AZURECLI/2.0.29.dev20180305185410.dev20180305185935]
      accept-language: [en-US]
    method: GET
    uri: https://management.azure.com/subscriptions/00000000-0000-0000-0000-000000000000/resourcegroups/cli_test_load_balancer_ip_config000001/providers/Microsoft.Resources/deployments/mock-deployment/operationStatuses/08586813281843354166?api-version=2017-05-10
  response:
    body: {string: '{"status":"Succeeded"}'}
    headers:
      cache-control: [no-cache]
      content-length: ['22']
      content-type: [application/json; charset=utf-8]
      date: ['Mon, 05 Mar 2018 19:38:52 GMT']
      expires: ['-1']
      pragma: [no-cache]
      strict-transport-security: [max-age=31536000; includeSubDomains]
      vary: [Accept-Encoding]
      x-content-type-options: [nosniff]
    status: {code: 200, message: OK}
- request:
    body: null
    headers:
      Accept: [application/json]
      Accept-Encoding: ['gzip, deflate']
      CommandName: [network lb create]
      Connection: [keep-alive]
      Content-Type: [application/json; charset=utf-8]
      User-Agent: [python/3.6.4 (Linux-4.11.0-1016-azure-x86_64-with-debian-9.3) requests/2.18.4
          msrest/0.4.26 msrest_azure/0.4.22 resourcemanagementclient/1.2.1 Azure-SDK-For-Python
          AZURECLI/2.0.29.dev20180305185410.dev20180305185935]
      accept-language: [en-US]
    method: GET
    uri: https://management.azure.com/subscriptions/00000000-0000-0000-0000-000000000000/resourcegroups/cli_test_load_balancer_ip_config000001/providers/Microsoft.Resources/deployments/mock-deployment?api-version=2017-05-10
  response:
    body: {string: '{"id":"/subscriptions/00000000-0000-0000-0000-000000000000/resourceGroups/cli_test_load_balancer_ip_config000001/providers/Microsoft.Resources/deployments/lb_deploy_AhgVWfcyncCN6LtjxteMnlWhtu3IwMEZ","name":"lb_deploy_AhgVWfcyncCN6LtjxteMnlWhtu3IwMEZ","properties":{"templateHash":"11557230103159408811","parameters":{},"mode":"Incremental","provisioningState":"Succeeded","timestamp":"2018-03-05T19:38:28.5588981Z","duration":"PT7.4167025S","correlationId":"f7819e72-4ae9-4075-a262-5becd6bc1b7b","providers":[{"namespace":"Microsoft.Network","resourceTypes":[{"resourceType":"loadBalancers","locations":["westus"]}]}],"dependencies":[],"outputs":{"loadBalancer":{"type":"Object","value":{"provisioningState":"Succeeded","resourceGuid":"b994b7e5-8ab7-49bb-8c6a-73d093e7b8b4","frontendIPConfigurations":[{"name":"LoadBalancerFrontEnd","id":"/subscriptions/00000000-0000-0000-0000-000000000000/resourceGroups/cli_test_load_balancer_ip_config000001/providers/Microsoft.Network/loadBalancers/lb1/frontendIPConfigurations/LoadBalancerFrontEnd","etag":"W/\"13c2958c-0b32-4312-9a25-de2722acaa7a\"","properties":{"provisioningState":"Succeeded","privateIPAllocationMethod":"Dynamic","publicIPAddress":{"id":"/subscriptions/00000000-0000-0000-0000-000000000000/resourceGroups/cli_test_load_balancer_ip_config000001/providers/Microsoft.Network/publicIPAddresses/publicip1"}}}],"backendAddressPools":[{"name":"lb1bepool","id":"/subscriptions/00000000-0000-0000-0000-000000000000/resourceGroups/cli_test_load_balancer_ip_config000001/providers/Microsoft.Network/loadBalancers/lb1/backendAddressPools/lb1bepool","etag":"W/\"13c2958c-0b32-4312-9a25-de2722acaa7a\"","properties":{"provisioningState":"Succeeded"}}],"loadBalancingRules":[],"probes":[],"inboundNatRules":[],"outboundNatRules":[],"inboundNatPools":[]}}},"outputResources":[{"id":"/subscriptions/00000000-0000-0000-0000-000000000000/resourceGroups/cli_test_load_balancer_ip_config000001/providers/Microsoft.Network/loadBalancers/lb1"}]}}'}
    headers:
      cache-control: [no-cache]
      content-length: ['2169']
      content-type: [application/json; charset=utf-8]
      date: ['Mon, 05 Mar 2018 19:38:53 GMT']
      expires: ['-1']
      pragma: [no-cache]
      strict-transport-security: [max-age=31536000; includeSubDomains]
      vary: [Accept-Encoding]
      x-content-type-options: [nosniff]
    status: {code: 200, message: OK}
- request:
    body: null
    headers:
      Accept: [application/json]
      Accept-Encoding: ['gzip, deflate']
      CommandName: [network vnet create]
      Connection: [keep-alive]
      Content-Type: [application/json; charset=utf-8]
      User-Agent: [python/3.6.4 (Linux-4.11.0-1016-azure-x86_64-with-debian-9.3) requests/2.18.4
          msrest/0.4.26 msrest_azure/0.4.22 resourcemanagementclient/1.2.1 Azure-SDK-For-Python
          AZURECLI/2.0.29.dev20180305185410.dev20180305185935]
      accept-language: [en-US]
    method: GET
    uri: https://management.azure.com/subscriptions/00000000-0000-0000-0000-000000000000/resourcegroups/cli_test_load_balancer_ip_config000001?api-version=2017-05-10
  response:
    body: {string: '{"id":"/subscriptions/00000000-0000-0000-0000-000000000000/resourceGroups/cli_test_load_balancer_ip_config000001","name":"cli_test_load_balancer_ip_config000001","location":"westus","tags":{"use":"az-test"},"properties":{"provisioningState":"Succeeded"}}'}
    headers:
      cache-control: [no-cache]
      content-length: ['328']
      content-type: [application/json; charset=utf-8]
      date: ['Mon, 05 Mar 2018 19:38:55 GMT']
      expires: ['-1']
      pragma: [no-cache]
      strict-transport-security: [max-age=31536000; includeSubDomains]
      vary: [Accept-Encoding]
      x-content-type-options: [nosniff]
    status: {code: 200, message: OK}
- request:
    body: '{"location": "westus", "tags": {}, "properties": {"addressSpace": {"addressPrefixes":
      ["10.0.0.0/16"]}, "dhcpOptions": {}, "subnets": [{"properties": {"addressPrefix":
      "10.0.0.0/24"}, "name": "subnet1"}]}}'
    headers:
      Accept: [application/json]
      Accept-Encoding: ['gzip, deflate']
      CommandName: [network vnet create]
      Connection: [keep-alive]
      Content-Length: ['205']
      Content-Type: [application/json; charset=utf-8]
      User-Agent: [python/3.6.4 (Linux-4.11.0-1016-azure-x86_64-with-debian-9.3) requests/2.18.4
          msrest/0.4.26 msrest_azure/0.4.22 networkmanagementclient/1.8.0a1 Azure-SDK-For-Python
          AZURECLI/2.0.29.dev20180305185410.dev20180305185935]
      accept-language: [en-US]
    method: PUT
    uri: https://management.azure.com/subscriptions/00000000-0000-0000-0000-000000000000/resourceGroups/cli_test_load_balancer_ip_config000001/providers/Microsoft.Network/virtualNetworks/vnet1?api-version=2018-01-01
  response:
    body: {string: "{\r\n  \"name\": \"vnet1\",\r\n  \"id\": \"/subscriptions/00000000-0000-0000-0000-000000000000/resourceGroups/cli_test_load_balancer_ip_config000001/providers/Microsoft.Network/virtualNetworks/vnet1\",\r\n
        \ \"etag\": \"W/\\\"41220a0c-2d81-423e-8975-70c2d002fc99\\\"\",\r\n  \"type\":
        \"Microsoft.Network/virtualNetworks\",\r\n  \"location\": \"westus\",\r\n
        \ \"tags\": {},\r\n  \"properties\": {\r\n    \"provisioningState\": \"Updating\",\r\n
        \   \"resourceGuid\": \"a42207e5-01ba-4e20-ac96-3ebc8ea24283\",\r\n    \"addressSpace\":
        {\r\n      \"addressPrefixes\": [\r\n        \"10.0.0.0/16\"\r\n      ]\r\n
        \   },\r\n    \"dhcpOptions\": {\r\n      \"dnsServers\": []\r\n    },\r\n
        \   \"subnets\": [\r\n      {\r\n        \"name\": \"subnet1\",\r\n        \"id\":
        \"/subscriptions/00000000-0000-0000-0000-000000000000/resourceGroups/cli_test_load_balancer_ip_config000001/providers/Microsoft.Network/virtualNetworks/vnet1/subnets/subnet1\",\r\n
        \       \"etag\": \"W/\\\"41220a0c-2d81-423e-8975-70c2d002fc99\\\"\",\r\n
        \       \"properties\": {\r\n          \"provisioningState\": \"Updating\",\r\n
        \         \"addressPrefix\": \"10.0.0.0/24\"\r\n        }\r\n      }\r\n    ],\r\n
        \   \"virtualNetworkPeerings\": [],\r\n    \"enableDdosProtection\": false,\r\n
        \   \"enableVmProtection\": false\r\n  }\r\n}"}
    headers:
      azure-asyncoperation: ['https://management.azure.com/subscriptions/00000000-0000-0000-0000-000000000000/providers/Microsoft.Network/locations/westus/operations/63c1e1e0-962b-4c76-83f6-81a3ca803606?api-version=2018-01-01']
      cache-control: [no-cache]
      content-length: ['1230']
      content-type: [application/json; charset=utf-8]
      date: ['Mon, 05 Mar 2018 19:38:57 GMT']
      expires: ['-1']
      pragma: [no-cache]
      server: [Microsoft-HTTPAPI/2.0, Microsoft-HTTPAPI/2.0]
      strict-transport-security: [max-age=31536000; includeSubDomains]
      x-content-type-options: [nosniff]
      x-ms-ratelimit-remaining-subscription-writes: ['1188']
    status: {code: 201, message: Created}
- request:
    body: null
    headers:
      Accept: [application/json]
      Accept-Encoding: ['gzip, deflate']
      CommandName: [network vnet create]
      Connection: [keep-alive]
      User-Agent: [python/3.6.4 (Linux-4.11.0-1016-azure-x86_64-with-debian-9.3) requests/2.18.4
          msrest/0.4.26 msrest_azure/0.4.22 networkmanagementclient/1.8.0a1 Azure-SDK-For-Python
          AZURECLI/2.0.29.dev20180305185410.dev20180305185935]
    method: GET
    uri: https://management.azure.com/subscriptions/00000000-0000-0000-0000-000000000000/providers/Microsoft.Network/locations/westus/operations/63c1e1e0-962b-4c76-83f6-81a3ca803606?api-version=2018-01-01
  response:
    body: {string: "{\r\n  \"status\": \"Succeeded\"\r\n}"}
    headers:
      cache-control: [no-cache]
      content-length: ['29']
      content-type: [application/json; charset=utf-8]
      date: ['Mon, 05 Mar 2018 19:39:01 GMT']
      expires: ['-1']
      pragma: [no-cache]
      server: [Microsoft-HTTPAPI/2.0, Microsoft-HTTPAPI/2.0]
      strict-transport-security: [max-age=31536000; includeSubDomains]
      transfer-encoding: [chunked]
      vary: [Accept-Encoding]
      x-content-type-options: [nosniff]
    status: {code: 200, message: OK}
- request:
    body: null
    headers:
      Accept: [application/json]
      Accept-Encoding: ['gzip, deflate']
      CommandName: [network vnet create]
      Connection: [keep-alive]
      User-Agent: [python/3.6.4 (Linux-4.11.0-1016-azure-x86_64-with-debian-9.3) requests/2.18.4
          msrest/0.4.26 msrest_azure/0.4.22 networkmanagementclient/1.8.0a1 Azure-SDK-For-Python
          AZURECLI/2.0.29.dev20180305185410.dev20180305185935]
    method: GET
    uri: https://management.azure.com/subscriptions/00000000-0000-0000-0000-000000000000/resourceGroups/cli_test_load_balancer_ip_config000001/providers/Microsoft.Network/virtualNetworks/vnet1?api-version=2018-01-01
  response:
    body: {string: "{\r\n  \"name\": \"vnet1\",\r\n  \"id\": \"/subscriptions/00000000-0000-0000-0000-000000000000/resourceGroups/cli_test_load_balancer_ip_config000001/providers/Microsoft.Network/virtualNetworks/vnet1\",\r\n
        \ \"etag\": \"W/\\\"2b3f2d7c-3091-4458-af94-9fe592552def\\\"\",\r\n  \"type\":
        \"Microsoft.Network/virtualNetworks\",\r\n  \"location\": \"westus\",\r\n
        \ \"tags\": {},\r\n  \"properties\": {\r\n    \"provisioningState\": \"Succeeded\",\r\n
        \   \"resourceGuid\": \"a42207e5-01ba-4e20-ac96-3ebc8ea24283\",\r\n    \"addressSpace\":
        {\r\n      \"addressPrefixes\": [\r\n        \"10.0.0.0/16\"\r\n      ]\r\n
        \   },\r\n    \"dhcpOptions\": {\r\n      \"dnsServers\": []\r\n    },\r\n
        \   \"subnets\": [\r\n      {\r\n        \"name\": \"subnet1\",\r\n        \"id\":
        \"/subscriptions/00000000-0000-0000-0000-000000000000/resourceGroups/cli_test_load_balancer_ip_config000001/providers/Microsoft.Network/virtualNetworks/vnet1/subnets/subnet1\",\r\n
        \       \"etag\": \"W/\\\"2b3f2d7c-3091-4458-af94-9fe592552def\\\"\",\r\n
        \       \"properties\": {\r\n          \"provisioningState\": \"Succeeded\",\r\n
        \         \"addressPrefix\": \"10.0.0.0/24\"\r\n        }\r\n      }\r\n    ],\r\n
        \   \"virtualNetworkPeerings\": [],\r\n    \"enableDdosProtection\": false,\r\n
        \   \"enableVmProtection\": false\r\n  }\r\n}"}
    headers:
      cache-control: [no-cache]
      content-length: ['1232']
      content-type: [application/json; charset=utf-8]
      date: ['Mon, 05 Mar 2018 19:39:03 GMT']
      etag: [W/"2b3f2d7c-3091-4458-af94-9fe592552def"]
      expires: ['-1']
      pragma: [no-cache]
      server: [Microsoft-HTTPAPI/2.0, Microsoft-HTTPAPI/2.0]
      strict-transport-security: [max-age=31536000; includeSubDomains]
      transfer-encoding: [chunked]
      vary: [Accept-Encoding]
      x-content-type-options: [nosniff]
    status: {code: 200, message: OK}
- request:
    body: '{"properties": {"addressPrefix": "10.0.1.0/24"}, "name": "subnet2"}'
    headers:
      Accept: [application/json]
      Accept-Encoding: ['gzip, deflate']
      CommandName: [network vnet subnet create]
      Connection: [keep-alive]
      Content-Length: ['67']
      Content-Type: [application/json; charset=utf-8]
      User-Agent: [python/3.6.4 (Linux-4.11.0-1016-azure-x86_64-with-debian-9.3) requests/2.18.4
          msrest/0.4.26 msrest_azure/0.4.22 networkmanagementclient/1.8.0a1 Azure-SDK-For-Python
          AZURECLI/2.0.29.dev20180305185410.dev20180305185935]
      accept-language: [en-US]
    method: PUT
    uri: https://management.azure.com/subscriptions/00000000-0000-0000-0000-000000000000/resourceGroups/cli_test_load_balancer_ip_config000001/providers/Microsoft.Network/virtualNetworks/vnet1/subnets/subnet2?api-version=2018-01-01
  response:
    body: {string: "{\r\n  \"name\": \"subnet2\",\r\n  \"id\": \"/subscriptions/00000000-0000-0000-0000-000000000000/resourceGroups/cli_test_load_balancer_ip_config000001/providers/Microsoft.Network/virtualNetworks/vnet1/subnets/subnet2\",\r\n
        \ \"etag\": \"W/\\\"48c2010e-538d-47f7-a1f1-0abb41649d2f\\\"\",\r\n  \"properties\":
        {\r\n    \"provisioningState\": \"Updating\",\r\n    \"addressPrefix\": \"10.0.1.0/24\"\r\n
        \ }\r\n}"}
    headers:
      azure-asyncoperation: ['https://management.azure.com/subscriptions/00000000-0000-0000-0000-000000000000/providers/Microsoft.Network/locations/westus/operations/10ae4b18-9ff9-4791-a561-69ba603e88a5?api-version=2018-01-01']
      cache-control: [no-cache]
      content-length: ['402']
      content-type: [application/json; charset=utf-8]
      date: ['Mon, 05 Mar 2018 19:39:04 GMT']
      expires: ['-1']
      pragma: [no-cache]
      server: [Microsoft-HTTPAPI/2.0, Microsoft-HTTPAPI/2.0]
      strict-transport-security: [max-age=31536000; includeSubDomains]
      x-content-type-options: [nosniff]
      x-ms-ratelimit-remaining-subscription-writes: ['1187']
    status: {code: 201, message: Created}
- request:
    body: null
    headers:
      Accept: [application/json]
      Accept-Encoding: ['gzip, deflate']
      CommandName: [network vnet subnet create]
      Connection: [keep-alive]
      User-Agent: [python/3.6.4 (Linux-4.11.0-1016-azure-x86_64-with-debian-9.3) requests/2.18.4
          msrest/0.4.26 msrest_azure/0.4.22 networkmanagementclient/1.8.0a1 Azure-SDK-For-Python
          AZURECLI/2.0.29.dev20180305185410.dev20180305185935]
    method: GET
    uri: https://management.azure.com/subscriptions/00000000-0000-0000-0000-000000000000/providers/Microsoft.Network/locations/westus/operations/10ae4b18-9ff9-4791-a561-69ba603e88a5?api-version=2018-01-01
  response:
    body: {string: "{\r\n  \"status\": \"Succeeded\"\r\n}"}
    headers:
      cache-control: [no-cache]
      content-length: ['29']
      content-type: [application/json; charset=utf-8]
      date: ['Mon, 05 Mar 2018 19:39:08 GMT']
      expires: ['-1']
      pragma: [no-cache]
      server: [Microsoft-HTTPAPI/2.0, Microsoft-HTTPAPI/2.0]
      strict-transport-security: [max-age=31536000; includeSubDomains]
      transfer-encoding: [chunked]
      vary: [Accept-Encoding]
      x-content-type-options: [nosniff]
    status: {code: 200, message: OK}
- request:
    body: null
    headers:
      Accept: [application/json]
      Accept-Encoding: ['gzip, deflate']
      CommandName: [network vnet subnet create]
      Connection: [keep-alive]
      User-Agent: [python/3.6.4 (Linux-4.11.0-1016-azure-x86_64-with-debian-9.3) requests/2.18.4
          msrest/0.4.26 msrest_azure/0.4.22 networkmanagementclient/1.8.0a1 Azure-SDK-For-Python
          AZURECLI/2.0.29.dev20180305185410.dev20180305185935]
    method: GET
    uri: https://management.azure.com/subscriptions/00000000-0000-0000-0000-000000000000/resourceGroups/cli_test_load_balancer_ip_config000001/providers/Microsoft.Network/virtualNetworks/vnet1/subnets/subnet2?api-version=2018-01-01
  response:
    body: {string: "{\r\n  \"name\": \"subnet2\",\r\n  \"id\": \"/subscriptions/00000000-0000-0000-0000-000000000000/resourceGroups/cli_test_load_balancer_ip_config000001/providers/Microsoft.Network/virtualNetworks/vnet1/subnets/subnet2\",\r\n
        \ \"etag\": \"W/\\\"b482a789-5770-4e2f-a469-b2cca4c1db46\\\"\",\r\n  \"properties\":
        {\r\n    \"provisioningState\": \"Succeeded\",\r\n    \"addressPrefix\": \"10.0.1.0/24\"\r\n
        \ }\r\n}"}
    headers:
      cache-control: [no-cache]
      content-length: ['403']
      content-type: [application/json; charset=utf-8]
      date: ['Mon, 05 Mar 2018 19:39:09 GMT']
      etag: [W/"b482a789-5770-4e2f-a469-b2cca4c1db46"]
      expires: ['-1']
      pragma: [no-cache]
      server: [Microsoft-HTTPAPI/2.0, Microsoft-HTTPAPI/2.0]
      strict-transport-security: [max-age=31536000; includeSubDomains]
      transfer-encoding: [chunked]
      vary: [Accept-Encoding]
      x-content-type-options: [nosniff]
    status: {code: 200, message: OK}
- request:
    body: null
    headers:
      Accept: [application/json]
      Accept-Encoding: ['gzip, deflate']
      CommandName: [network lb create]
      Connection: [keep-alive]
      Content-Type: [application/json; charset=utf-8]
      User-Agent: [python/3.6.4 (Linux-4.11.0-1016-azure-x86_64-with-debian-9.3) requests/2.18.4
          msrest/0.4.26 msrest_azure/0.4.22 resourcemanagementclient/1.2.1 Azure-SDK-For-Python
          AZURECLI/2.0.29.dev20180305185410.dev20180305185935]
      accept-language: [en-US]
    method: GET
    uri: https://management.azure.com/subscriptions/00000000-0000-0000-0000-000000000000/resourcegroups/cli_test_load_balancer_ip_config000001?api-version=2017-05-10
  response:
    body: {string: '{"id":"/subscriptions/00000000-0000-0000-0000-000000000000/resourceGroups/cli_test_load_balancer_ip_config000001","name":"cli_test_load_balancer_ip_config000001","location":"westus","tags":{"use":"az-test"},"properties":{"provisioningState":"Succeeded"}}'}
    headers:
      cache-control: [no-cache]
      content-length: ['328']
      content-type: [application/json; charset=utf-8]
      date: ['Mon, 05 Mar 2018 19:39:11 GMT']
      expires: ['-1']
      pragma: [no-cache]
      strict-transport-security: [max-age=31536000; includeSubDomains]
      vary: [Accept-Encoding]
      x-content-type-options: [nosniff]
    status: {code: 200, message: OK}
- request:
    body: null
    headers:
      Accept: [application/json]
      Accept-Encoding: ['gzip, deflate']
      CommandName: [network lb create]
      Connection: [keep-alive]
      Content-Type: [application/json; charset=utf-8]
      User-Agent: [python/3.6.4 (Linux-4.11.0-1016-azure-x86_64-with-debian-9.3) requests/2.18.4
          msrest/0.4.26 msrest_azure/0.4.22 resourcemanagementclient/1.2.1 Azure-SDK-For-Python
          AZURECLI/2.0.29.dev20180305185410.dev20180305185935]
      accept-language: [en-US]
    method: GET
    uri: https://management.azure.com/subscriptions/00000000-0000-0000-0000-000000000000/resources?$filter=resourceGroup%20eq%20%27cli_test_load_balancer_ip_config000001%27%20and%20name%20eq%20%27vnet1%27%20and%20resourceType%20eq%20%27Microsoft.Network%2FvirtualNetworks%27&api-version=2017-05-10
  response:
    body: {string: '{"value":[{"id":"/subscriptions/00000000-0000-0000-0000-000000000000/resourceGroups/cli_test_load_balancer_ip_config000001/providers/Microsoft.Network/virtualNetworks/vnet1","name":"vnet1","type":"Microsoft.Network/virtualNetworks","location":"westus","tags":{}}]}'}
    headers:
      cache-control: [no-cache]
      content-length: ['301']
      content-type: [application/json; charset=utf-8]
      date: ['Mon, 05 Mar 2018 19:39:14 GMT']
      expires: ['-1']
      pragma: [no-cache]
      strict-transport-security: [max-age=31536000; includeSubDomains]
      vary: [Accept-Encoding]
      x-content-type-options: [nosniff]
    status: {code: 200, message: OK}
- request:
    body: 'b''{"properties": {"template": {"$schema": "https://schema.management.azure.com/schemas/2015-01-01/deploymentTemplate.json#",
      "contentVersion": "1.0.0.0", "parameters": {}, "variables": {}, "resources":
      [{"type": "Microsoft.Network/loadBalancers", "name": "lb2", "location": "westus",
      "tags": {}, "apiVersion": "2018-01-01", "dependsOn": [], "properties": {"backendAddressPools":
      [{"name": "lb2bepool"}], "frontendIPConfigurations": [{"name": "LoadBalancerFrontEnd",
      "properties": {"privateIPAllocationMethod": "Dynamic", "privateIPAddress": null,
      "subnet": {"id": "/subscriptions/00000000-0000-0000-0000-000000000000/resourceGroups/cli_test_load_balancer_ip_config000001/providers/Microsoft.Network/virtualNetworks/vnet1/subnets/subnet1"}}}]},
      "sku": {"name": "Basic"}}], "outputs": {"loadBalancer": {"type": "object", "value":
      "[reference(\''lb2\'')]"}}}, "parameters": {}, "mode": "Incremental"}}'''
    headers:
      Accept: [application/json]
      Accept-Encoding: ['gzip, deflate']
      CommandName: [network lb create]
      Connection: [keep-alive]
      Content-Length: ['929']
      Content-Type: [application/json; charset=utf-8]
      User-Agent: [python/3.6.4 (Linux-4.11.0-1016-azure-x86_64-with-debian-9.3) requests/2.18.4
          msrest/0.4.26 msrest_azure/0.4.22 resourcemanagementclient/1.2.1 Azure-SDK-For-Python
          AZURECLI/2.0.29.dev20180305185410.dev20180305185935]
      accept-language: [en-US]
    method: PUT
    uri: https://management.azure.com/subscriptions/00000000-0000-0000-0000-000000000000/resourcegroups/cli_test_load_balancer_ip_config000001/providers/Microsoft.Resources/deployments/mock-deployment?api-version=2017-05-10
  response:
    body: {string: '{"id":"/subscriptions/00000000-0000-0000-0000-000000000000/resourceGroups/cli_test_load_balancer_ip_config000001/providers/Microsoft.Resources/deployments/lb_deploy_Wt7AV7g1qmblbCwV2OEvMEbO2o3yjLBt","name":"lb_deploy_Wt7AV7g1qmblbCwV2OEvMEbO2o3yjLBt","properties":{"templateHash":"5974762443410700183","parameters":{},"mode":"Incremental","provisioningState":"Accepted","timestamp":"2018-03-05T19:39:16.987126Z","duration":"PT0.8415542S","correlationId":"c11c2cbf-2c0f-4466-b1ab-8fda6756b908","providers":[{"namespace":"Microsoft.Network","resourceTypes":[{"resourceType":"loadBalancers","locations":["westus"]}]}],"dependencies":[]}}'}
    headers:
      azure-asyncoperation: ['https://management.azure.com/subscriptions/00000000-0000-0000-0000-000000000000/resourcegroups/cli_test_load_balancer_ip_config000001/providers/Microsoft.Resources/deployments/lb_deploy_Wt7AV7g1qmblbCwV2OEvMEbO2o3yjLBt/operationStatuses/08586813281293320438?api-version=2017-05-10']
      cache-control: [no-cache]
      content-length: ['671']
      content-type: [application/json; charset=utf-8]
      date: ['Mon, 05 Mar 2018 19:39:16 GMT']
      expires: ['-1']
      pragma: [no-cache]
      strict-transport-security: [max-age=31536000; includeSubDomains]
      x-content-type-options: [nosniff]
      x-ms-ratelimit-remaining-subscription-writes: ['1184']
    status: {code: 201, message: Created}
- request:
    body: null
    headers:
      Accept: [application/json]
      Accept-Encoding: ['gzip, deflate']
      CommandName: [network lb create]
      Connection: [keep-alive]
      Content-Type: [application/json; charset=utf-8]
      User-Agent: [python/3.6.4 (Linux-4.11.0-1016-azure-x86_64-with-debian-9.3) requests/2.18.4
          msrest/0.4.26 msrest_azure/0.4.22 resourcemanagementclient/1.2.1 Azure-SDK-For-Python
          AZURECLI/2.0.29.dev20180305185410.dev20180305185935]
      accept-language: [en-US]
    method: GET
    uri: https://management.azure.com/subscriptions/00000000-0000-0000-0000-000000000000/resourcegroups/cli_test_load_balancer_ip_config000001/providers/Microsoft.Resources/deployments/mock-deployment/operationStatuses/08586813281293320438?api-version=2017-05-10
  response:
    body: {string: '{"status":"Succeeded"}'}
    headers:
      cache-control: [no-cache]
      content-length: ['22']
      content-type: [application/json; charset=utf-8]
      date: ['Mon, 05 Mar 2018 19:39:48 GMT']
      expires: ['-1']
      pragma: [no-cache]
      strict-transport-security: [max-age=31536000; includeSubDomains]
      vary: [Accept-Encoding]
      x-content-type-options: [nosniff]
    status: {code: 200, message: OK}
- request:
    body: null
    headers:
      Accept: [application/json]
      Accept-Encoding: ['gzip, deflate']
      CommandName: [network lb create]
      Connection: [keep-alive]
      Content-Type: [application/json; charset=utf-8]
      User-Agent: [python/3.6.4 (Linux-4.11.0-1016-azure-x86_64-with-debian-9.3) requests/2.18.4
          msrest/0.4.26 msrest_azure/0.4.22 resourcemanagementclient/1.2.1 Azure-SDK-For-Python
          AZURECLI/2.0.29.dev20180305185410.dev20180305185935]
      accept-language: [en-US]
    method: GET
    uri: https://management.azure.com/subscriptions/00000000-0000-0000-0000-000000000000/resourcegroups/cli_test_load_balancer_ip_config000001/providers/Microsoft.Resources/deployments/mock-deployment?api-version=2017-05-10
  response:
    body: {string: '{"id":"/subscriptions/00000000-0000-0000-0000-000000000000/resourceGroups/cli_test_load_balancer_ip_config000001/providers/Microsoft.Resources/deployments/lb_deploy_Wt7AV7g1qmblbCwV2OEvMEbO2o3yjLBt","name":"lb_deploy_Wt7AV7g1qmblbCwV2OEvMEbO2o3yjLBt","properties":{"templateHash":"5974762443410700183","parameters":{},"mode":"Incremental","provisioningState":"Succeeded","timestamp":"2018-03-05T19:39:20.8371641Z","duration":"PT4.6915923S","correlationId":"c11c2cbf-2c0f-4466-b1ab-8fda6756b908","providers":[{"namespace":"Microsoft.Network","resourceTypes":[{"resourceType":"loadBalancers","locations":["westus"]}]}],"dependencies":[],"outputs":{"loadBalancer":{"type":"Object","value":{"provisioningState":"Succeeded","resourceGuid":"c24ebb91-475f-452f-a684-0112ddd7915c","frontendIPConfigurations":[{"name":"LoadBalancerFrontEnd","id":"/subscriptions/00000000-0000-0000-0000-000000000000/resourceGroups/cli_test_load_balancer_ip_config000001/providers/Microsoft.Network/loadBalancers/lb2/frontendIPConfigurations/LoadBalancerFrontEnd","etag":"W/\"f36d86a2-a64d-4769-8015-2b20aa074b5d\"","properties":{"provisioningState":"Succeeded","privateIPAddress":"10.0.0.4","privateIPAllocationMethod":"Dynamic","subnet":{"id":"/subscriptions/00000000-0000-0000-0000-000000000000/resourceGroups/cli_test_load_balancer_ip_config000001/providers/Microsoft.Network/virtualNetworks/vnet1/subnets/subnet1"}}}],"backendAddressPools":[{"name":"lb2bepool","id":"/subscriptions/00000000-0000-0000-0000-000000000000/resourceGroups/cli_test_load_balancer_ip_config000001/providers/Microsoft.Network/loadBalancers/lb2/backendAddressPools/lb2bepool","etag":"W/\"f36d86a2-a64d-4769-8015-2b20aa074b5d\"","properties":{"provisioningState":"Succeeded"}}],"loadBalancingRules":[],"probes":[],"inboundNatRules":[],"outboundNatRules":[],"inboundNatPools":[]}}},"outputResources":[{"id":"/subscriptions/00000000-0000-0000-0000-000000000000/resourceGroups/cli_test_load_balancer_ip_config000001/providers/Microsoft.Network/loadBalancers/lb2"}]}}'}
    headers:
      cache-control: [no-cache]
      content-length: ['2199']
      content-type: [application/json; charset=utf-8]
      date: ['Mon, 05 Mar 2018 19:39:48 GMT']
      expires: ['-1']
      pragma: [no-cache]
      strict-transport-security: [max-age=31536000; includeSubDomains]
      vary: [Accept-Encoding]
      x-content-type-options: [nosniff]
    status: {code: 200, message: OK}
- request:
    body: null
    headers:
      Accept: [application/json]
      Accept-Encoding: ['gzip, deflate']
      CommandName: [network lb frontend-ip create]
      Connection: [keep-alive]
      Content-Type: [application/json; charset=utf-8]
      User-Agent: [python/3.6.4 (Linux-4.11.0-1016-azure-x86_64-with-debian-9.3) requests/2.18.4
          msrest/0.4.26 msrest_azure/0.4.22 networkmanagementclient/1.8.0a1 Azure-SDK-For-Python
          AZURECLI/2.0.29.dev20180305185410.dev20180305185935]
      accept-language: [en-US]
    method: GET
    uri: https://management.azure.com/subscriptions/00000000-0000-0000-0000-000000000000/resourceGroups/cli_test_load_balancer_ip_config000001/providers/Microsoft.Network/loadBalancers/lb1?api-version=2018-01-01
  response:
    body: {string: "{\r\n  \"name\": \"lb1\",\r\n  \"id\": \"/subscriptions/00000000-0000-0000-0000-000000000000/resourceGroups/cli_test_load_balancer_ip_config000001/providers/Microsoft.Network/loadBalancers/lb1\",\r\n
        \ \"etag\": \"W/\\\"13c2958c-0b32-4312-9a25-de2722acaa7a\\\"\",\r\n  \"type\":
        \"Microsoft.Network/loadBalancers\",\r\n  \"location\": \"westus\",\r\n  \"tags\":
        {},\r\n  \"properties\": {\r\n    \"provisioningState\": \"Succeeded\",\r\n
        \   \"resourceGuid\": \"b994b7e5-8ab7-49bb-8c6a-73d093e7b8b4\",\r\n    \"frontendIPConfigurations\":
        [\r\n      {\r\n        \"name\": \"LoadBalancerFrontEnd\",\r\n        \"id\":
        \"/subscriptions/00000000-0000-0000-0000-000000000000/resourceGroups/cli_test_load_balancer_ip_config000001/providers/Microsoft.Network/loadBalancers/lb1/frontendIPConfigurations/LoadBalancerFrontEnd\",\r\n
        \       \"etag\": \"W/\\\"13c2958c-0b32-4312-9a25-de2722acaa7a\\\"\",\r\n
        \       \"properties\": {\r\n          \"provisioningState\": \"Succeeded\",\r\n
        \         \"privateIPAllocationMethod\": \"Dynamic\",\r\n          \"publicIPAddress\":
        {\r\n            \"id\": \"/subscriptions/00000000-0000-0000-0000-000000000000/resourceGroups/cli_test_load_balancer_ip_config000001/providers/Microsoft.Network/publicIPAddresses/publicip1\"\r\n
        \         }\r\n        }\r\n      }\r\n    ],\r\n    \"backendAddressPools\":
        [\r\n      {\r\n        \"name\": \"lb1bepool\",\r\n        \"id\": \"/subscriptions/00000000-0000-0000-0000-000000000000/resourceGroups/cli_test_load_balancer_ip_config000001/providers/Microsoft.Network/loadBalancers/lb1/backendAddressPools/lb1bepool\",\r\n
        \       \"etag\": \"W/\\\"13c2958c-0b32-4312-9a25-de2722acaa7a\\\"\",\r\n
        \       \"properties\": {\r\n          \"provisioningState\": \"Succeeded\"\r\n
        \       }\r\n      }\r\n    ],\r\n    \"loadBalancingRules\": [],\r\n    \"probes\":
        [],\r\n    \"inboundNatRules\": [],\r\n    \"outboundNatRules\": [],\r\n    \"inboundNatPools\":
        []\r\n  },\r\n  \"sku\": {\r\n    \"name\": \"Basic\"\r\n  }\r\n}"}
    headers:
      cache-control: [no-cache]
      content-length: ['1944']
      content-type: [application/json; charset=utf-8]
      date: ['Mon, 05 Mar 2018 19:39:51 GMT']
      etag: [W/"13c2958c-0b32-4312-9a25-de2722acaa7a"]
      expires: ['-1']
      pragma: [no-cache]
      server: [Microsoft-HTTPAPI/2.0, Microsoft-HTTPAPI/2.0]
      strict-transport-security: [max-age=31536000; includeSubDomains]
      transfer-encoding: [chunked]
      vary: [Accept-Encoding]
      x-content-type-options: [nosniff]
    status: {code: 200, message: OK}
- request:
    body: 'b''{"id": "/subscriptions/00000000-0000-0000-0000-000000000000/resourceGroups/cli_test_load_balancer_ip_config000001/providers/Microsoft.Network/loadBalancers/lb1",
      "location": "westus", "tags": {}, "sku": {"name": "Basic"}, "properties": {"frontendIPConfigurations":
      [{"id": "/subscriptions/00000000-0000-0000-0000-000000000000/resourceGroups/cli_test_load_balancer_ip_config000001/providers/Microsoft.Network/loadBalancers/lb1/frontendIPConfigurations/LoadBalancerFrontEnd",
      "properties": {"privateIPAllocationMethod": "Dynamic", "publicIPAddress": {"id":
      "/subscriptions/00000000-0000-0000-0000-000000000000/resourceGroups/cli_test_load_balancer_ip_config000001/providers/Microsoft.Network/publicIPAddresses/publicip1"},
      "provisioningState": "Succeeded"}, "name": "LoadBalancerFrontEnd", "etag": "W/\\"13c2958c-0b32-4312-9a25-de2722acaa7a\\""},
      {"properties": {"privateIPAllocationMethod": "dynamic", "publicIPAddress": {"id":
      "/subscriptions/00000000-0000-0000-0000-000000000000/resourceGroups/cli_test_load_balancer_ip_config000001/providers/Microsoft.Network/publicIPAddresses/publicip2"}},
      "name": "ipconfig1"}], "backendAddressPools": [{"id": "/subscriptions/00000000-0000-0000-0000-000000000000/resourceGroups/cli_test_load_balancer_ip_config000001/providers/Microsoft.Network/loadBalancers/lb1/backendAddressPools/lb1bepool",
      "properties": {"provisioningState": "Succeeded"}, "name": "lb1bepool", "etag":
      "W/\\"13c2958c-0b32-4312-9a25-de2722acaa7a\\""}], "loadBalancingRules": [],
      "probes": [], "inboundNatRules": [], "inboundNatPools": [], "outboundNatRules":
      [], "resourceGuid": "b994b7e5-8ab7-49bb-8c6a-73d093e7b8b4", "provisioningState":
      "Succeeded"}, "etag": "W/\\"13c2958c-0b32-4312-9a25-de2722acaa7a\\""}'''
    headers:
      Accept: [application/json]
      Accept-Encoding: ['gzip, deflate']
      CommandName: [network lb frontend-ip create]
      Connection: [keep-alive]
      Content-Length: ['1897']
      Content-Type: [application/json; charset=utf-8]
      User-Agent: [python/3.6.4 (Linux-4.11.0-1016-azure-x86_64-with-debian-9.3) requests/2.18.4
          msrest/0.4.26 msrest_azure/0.4.22 networkmanagementclient/1.8.0a1 Azure-SDK-For-Python
          AZURECLI/2.0.29.dev20180305185410.dev20180305185935]
      accept-language: [en-US]
    method: PUT
    uri: https://management.azure.com/subscriptions/00000000-0000-0000-0000-000000000000/resourceGroups/cli_test_load_balancer_ip_config000001/providers/Microsoft.Network/loadBalancers/lb1?api-version=2018-01-01
  response:
    body: {string: "{\r\n  \"name\": \"lb1\",\r\n  \"id\": \"/subscriptions/00000000-0000-0000-0000-000000000000/resourceGroups/cli_test_load_balancer_ip_config000001/providers/Microsoft.Network/loadBalancers/lb1\",\r\n
        \ \"etag\": \"W/\\\"e6bce771-6037-4de7-97a5-3f7be5a4ede2\\\"\",\r\n  \"type\":
        \"Microsoft.Network/loadBalancers\",\r\n  \"location\": \"westus\",\r\n  \"tags\":
        {},\r\n  \"properties\": {\r\n    \"provisioningState\": \"Succeeded\",\r\n
        \   \"resourceGuid\": \"b994b7e5-8ab7-49bb-8c6a-73d093e7b8b4\",\r\n    \"frontendIPConfigurations\":
        [\r\n      {\r\n        \"name\": \"LoadBalancerFrontEnd\",\r\n        \"id\":
        \"/subscriptions/00000000-0000-0000-0000-000000000000/resourceGroups/cli_test_load_balancer_ip_config000001/providers/Microsoft.Network/loadBalancers/lb1/frontendIPConfigurations/LoadBalancerFrontEnd\",\r\n
        \       \"etag\": \"W/\\\"e6bce771-6037-4de7-97a5-3f7be5a4ede2\\\"\",\r\n
        \       \"properties\": {\r\n          \"provisioningState\": \"Succeeded\",\r\n
        \         \"privateIPAllocationMethod\": \"Dynamic\",\r\n          \"publicIPAddress\":
        {\r\n            \"id\": \"/subscriptions/00000000-0000-0000-0000-000000000000/resourceGroups/cli_test_load_balancer_ip_config000001/providers/Microsoft.Network/publicIPAddresses/publicip1\"\r\n
        \         }\r\n        }\r\n      },\r\n      {\r\n        \"name\": \"ipconfig1\",\r\n
        \       \"id\": \"/subscriptions/00000000-0000-0000-0000-000000000000/resourceGroups/cli_test_load_balancer_ip_config000001/providers/Microsoft.Network/loadBalancers/lb1/frontendIPConfigurations/ipconfig1\",\r\n
        \       \"etag\": \"W/\\\"e6bce771-6037-4de7-97a5-3f7be5a4ede2\\\"\",\r\n
        \       \"properties\": {\r\n          \"provisioningState\": \"Succeeded\",\r\n
        \         \"privateIPAllocationMethod\": \"Dynamic\",\r\n          \"publicIPAddress\":
        {\r\n            \"id\": \"/subscriptions/00000000-0000-0000-0000-000000000000/resourceGroups/cli_test_load_balancer_ip_config000001/providers/Microsoft.Network/publicIPAddresses/publicip2\"\r\n
        \         }\r\n        }\r\n      }\r\n    ],\r\n    \"backendAddressPools\":
        [\r\n      {\r\n        \"name\": \"lb1bepool\",\r\n        \"id\": \"/subscriptions/00000000-0000-0000-0000-000000000000/resourceGroups/cli_test_load_balancer_ip_config000001/providers/Microsoft.Network/loadBalancers/lb1/backendAddressPools/lb1bepool\",\r\n
        \       \"etag\": \"W/\\\"e6bce771-6037-4de7-97a5-3f7be5a4ede2\\\"\",\r\n
        \       \"properties\": {\r\n          \"provisioningState\": \"Succeeded\"\r\n
        \       }\r\n      }\r\n    ],\r\n    \"loadBalancingRules\": [],\r\n    \"probes\":
        [],\r\n    \"inboundNatRules\": [],\r\n    \"outboundNatRules\": [],\r\n    \"inboundNatPools\":
        []\r\n  },\r\n  \"sku\": {\r\n    \"name\": \"Basic\"\r\n  }\r\n}"}
    headers:
      azure-asyncoperation: ['https://management.azure.com/subscriptions/00000000-0000-0000-0000-000000000000/providers/Microsoft.Network/locations/westus/operations/bc9e8b89-7e5d-4288-9a58-82fc45dc3547?api-version=2018-01-01']
      cache-control: [no-cache]
      content-length: ['2695']
      content-type: [application/json; charset=utf-8]
      date: ['Mon, 05 Mar 2018 19:39:52 GMT']
      expires: ['-1']
      pragma: [no-cache]
      server: [Microsoft-HTTPAPI/2.0, Microsoft-HTTPAPI/2.0]
      strict-transport-security: [max-age=31536000; includeSubDomains]
      transfer-encoding: [chunked]
      vary: [Accept-Encoding]
      x-content-type-options: [nosniff]
      x-ms-ratelimit-remaining-subscription-writes: ['1185']
    status: {code: 200, message: OK}
- request:
    body: null
    headers:
      Accept: [application/json]
      Accept-Encoding: ['gzip, deflate']
      CommandName: [network lb frontend-ip create]
      Connection: [keep-alive]
      User-Agent: [python/3.6.4 (Linux-4.11.0-1016-azure-x86_64-with-debian-9.3) requests/2.18.4
          msrest/0.4.26 msrest_azure/0.4.22 networkmanagementclient/1.8.0a1 Azure-SDK-For-Python
          AZURECLI/2.0.29.dev20180305185410.dev20180305185935]
    method: GET
    uri: https://management.azure.com/subscriptions/00000000-0000-0000-0000-000000000000/providers/Microsoft.Network/locations/westus/operations/bc9e8b89-7e5d-4288-9a58-82fc45dc3547?api-version=2018-01-01
  response:
    body: {string: "{\r\n  \"status\": \"Succeeded\"\r\n}"}
    headers:
      cache-control: [no-cache]
      content-length: ['29']
      content-type: [application/json; charset=utf-8]
      date: ['Mon, 05 Mar 2018 19:40:23 GMT']
      expires: ['-1']
      pragma: [no-cache]
      server: [Microsoft-HTTPAPI/2.0, Microsoft-HTTPAPI/2.0]
      strict-transport-security: [max-age=31536000; includeSubDomains]
      transfer-encoding: [chunked]
      vary: [Accept-Encoding]
      x-content-type-options: [nosniff]
    status: {code: 200, message: OK}
- request:
    body: null
    headers:
      Accept: [application/json]
      Accept-Encoding: ['gzip, deflate']
      CommandName: [network lb frontend-ip create]
      Connection: [keep-alive]
      User-Agent: [python/3.6.4 (Linux-4.11.0-1016-azure-x86_64-with-debian-9.3) requests/2.18.4
          msrest/0.4.26 msrest_azure/0.4.22 networkmanagementclient/1.8.0a1 Azure-SDK-For-Python
          AZURECLI/2.0.29.dev20180305185410.dev20180305185935]
    method: GET
    uri: https://management.azure.com/subscriptions/00000000-0000-0000-0000-000000000000/resourceGroups/cli_test_load_balancer_ip_config000001/providers/Microsoft.Network/loadBalancers/lb1?api-version=2018-01-01
  response:
    body: {string: "{\r\n  \"name\": \"lb1\",\r\n  \"id\": \"/subscriptions/00000000-0000-0000-0000-000000000000/resourceGroups/cli_test_load_balancer_ip_config000001/providers/Microsoft.Network/loadBalancers/lb1\",\r\n
        \ \"etag\": \"W/\\\"e6bce771-6037-4de7-97a5-3f7be5a4ede2\\\"\",\r\n  \"type\":
        \"Microsoft.Network/loadBalancers\",\r\n  \"location\": \"westus\",\r\n  \"tags\":
        {},\r\n  \"properties\": {\r\n    \"provisioningState\": \"Succeeded\",\r\n
        \   \"resourceGuid\": \"b994b7e5-8ab7-49bb-8c6a-73d093e7b8b4\",\r\n    \"frontendIPConfigurations\":
        [\r\n      {\r\n        \"name\": \"LoadBalancerFrontEnd\",\r\n        \"id\":
        \"/subscriptions/00000000-0000-0000-0000-000000000000/resourceGroups/cli_test_load_balancer_ip_config000001/providers/Microsoft.Network/loadBalancers/lb1/frontendIPConfigurations/LoadBalancerFrontEnd\",\r\n
        \       \"etag\": \"W/\\\"e6bce771-6037-4de7-97a5-3f7be5a4ede2\\\"\",\r\n
        \       \"properties\": {\r\n          \"provisioningState\": \"Succeeded\",\r\n
        \         \"privateIPAllocationMethod\": \"Dynamic\",\r\n          \"publicIPAddress\":
        {\r\n            \"id\": \"/subscriptions/00000000-0000-0000-0000-000000000000/resourceGroups/cli_test_load_balancer_ip_config000001/providers/Microsoft.Network/publicIPAddresses/publicip1\"\r\n
        \         }\r\n        }\r\n      },\r\n      {\r\n        \"name\": \"ipconfig1\",\r\n
        \       \"id\": \"/subscriptions/00000000-0000-0000-0000-000000000000/resourceGroups/cli_test_load_balancer_ip_config000001/providers/Microsoft.Network/loadBalancers/lb1/frontendIPConfigurations/ipconfig1\",\r\n
        \       \"etag\": \"W/\\\"e6bce771-6037-4de7-97a5-3f7be5a4ede2\\\"\",\r\n
        \       \"properties\": {\r\n          \"provisioningState\": \"Succeeded\",\r\n
        \         \"privateIPAllocationMethod\": \"Dynamic\",\r\n          \"publicIPAddress\":
        {\r\n            \"id\": \"/subscriptions/00000000-0000-0000-0000-000000000000/resourceGroups/cli_test_load_balancer_ip_config000001/providers/Microsoft.Network/publicIPAddresses/publicip2\"\r\n
        \         }\r\n        }\r\n      }\r\n    ],\r\n    \"backendAddressPools\":
        [\r\n      {\r\n        \"name\": \"lb1bepool\",\r\n        \"id\": \"/subscriptions/00000000-0000-0000-0000-000000000000/resourceGroups/cli_test_load_balancer_ip_config000001/providers/Microsoft.Network/loadBalancers/lb1/backendAddressPools/lb1bepool\",\r\n
        \       \"etag\": \"W/\\\"e6bce771-6037-4de7-97a5-3f7be5a4ede2\\\"\",\r\n
        \       \"properties\": {\r\n          \"provisioningState\": \"Succeeded\"\r\n
        \       }\r\n      }\r\n    ],\r\n    \"loadBalancingRules\": [],\r\n    \"probes\":
        [],\r\n    \"inboundNatRules\": [],\r\n    \"outboundNatRules\": [],\r\n    \"inboundNatPools\":
        []\r\n  },\r\n  \"sku\": {\r\n    \"name\": \"Basic\"\r\n  }\r\n}"}
    headers:
      cache-control: [no-cache]
      content-length: ['2695']
      content-type: [application/json; charset=utf-8]
      date: ['Mon, 05 Mar 2018 19:40:24 GMT']
      etag: [W/"e6bce771-6037-4de7-97a5-3f7be5a4ede2"]
      expires: ['-1']
      pragma: [no-cache]
      server: [Microsoft-HTTPAPI/2.0, Microsoft-HTTPAPI/2.0]
      strict-transport-security: [max-age=31536000; includeSubDomains]
      transfer-encoding: [chunked]
      vary: [Accept-Encoding]
      x-content-type-options: [nosniff]
    status: {code: 200, message: OK}
- request:
    body: null
    headers:
      Accept: [application/json]
      Accept-Encoding: ['gzip, deflate']
      CommandName: [network lb frontend-ip list]
      Connection: [keep-alive]
      Content-Type: [application/json; charset=utf-8]
      User-Agent: [python/3.6.4 (Linux-4.11.0-1016-azure-x86_64-with-debian-9.3) requests/2.18.4
          msrest/0.4.26 msrest_azure/0.4.22 networkmanagementclient/1.8.0a1 Azure-SDK-For-Python
          AZURECLI/2.0.29.dev20180305185410.dev20180305185935]
      accept-language: [en-US]
    method: GET
    uri: https://management.azure.com/subscriptions/00000000-0000-0000-0000-000000000000/resourceGroups/cli_test_load_balancer_ip_config000001/providers/Microsoft.Network/loadBalancers/lb1?api-version=2018-01-01
  response:
    body: {string: "{\r\n  \"name\": \"lb1\",\r\n  \"id\": \"/subscriptions/00000000-0000-0000-0000-000000000000/resourceGroups/cli_test_load_balancer_ip_config000001/providers/Microsoft.Network/loadBalancers/lb1\",\r\n
        \ \"etag\": \"W/\\\"e6bce771-6037-4de7-97a5-3f7be5a4ede2\\\"\",\r\n  \"type\":
        \"Microsoft.Network/loadBalancers\",\r\n  \"location\": \"westus\",\r\n  \"tags\":
        {},\r\n  \"properties\": {\r\n    \"provisioningState\": \"Succeeded\",\r\n
        \   \"resourceGuid\": \"b994b7e5-8ab7-49bb-8c6a-73d093e7b8b4\",\r\n    \"frontendIPConfigurations\":
        [\r\n      {\r\n        \"name\": \"LoadBalancerFrontEnd\",\r\n        \"id\":
        \"/subscriptions/00000000-0000-0000-0000-000000000000/resourceGroups/cli_test_load_balancer_ip_config000001/providers/Microsoft.Network/loadBalancers/lb1/frontendIPConfigurations/LoadBalancerFrontEnd\",\r\n
        \       \"etag\": \"W/\\\"e6bce771-6037-4de7-97a5-3f7be5a4ede2\\\"\",\r\n
        \       \"properties\": {\r\n          \"provisioningState\": \"Succeeded\",\r\n
        \         \"privateIPAllocationMethod\": \"Dynamic\",\r\n          \"publicIPAddress\":
        {\r\n            \"id\": \"/subscriptions/00000000-0000-0000-0000-000000000000/resourceGroups/cli_test_load_balancer_ip_config000001/providers/Microsoft.Network/publicIPAddresses/publicip1\"\r\n
        \         }\r\n        }\r\n      },\r\n      {\r\n        \"name\": \"ipconfig1\",\r\n
        \       \"id\": \"/subscriptions/00000000-0000-0000-0000-000000000000/resourceGroups/cli_test_load_balancer_ip_config000001/providers/Microsoft.Network/loadBalancers/lb1/frontendIPConfigurations/ipconfig1\",\r\n
        \       \"etag\": \"W/\\\"e6bce771-6037-4de7-97a5-3f7be5a4ede2\\\"\",\r\n
        \       \"properties\": {\r\n          \"provisioningState\": \"Succeeded\",\r\n
        \         \"privateIPAllocationMethod\": \"Dynamic\",\r\n          \"publicIPAddress\":
        {\r\n            \"id\": \"/subscriptions/00000000-0000-0000-0000-000000000000/resourceGroups/cli_test_load_balancer_ip_config000001/providers/Microsoft.Network/publicIPAddresses/publicip2\"\r\n
        \         }\r\n        }\r\n      }\r\n    ],\r\n    \"backendAddressPools\":
        [\r\n      {\r\n        \"name\": \"lb1bepool\",\r\n        \"id\": \"/subscriptions/00000000-0000-0000-0000-000000000000/resourceGroups/cli_test_load_balancer_ip_config000001/providers/Microsoft.Network/loadBalancers/lb1/backendAddressPools/lb1bepool\",\r\n
        \       \"etag\": \"W/\\\"e6bce771-6037-4de7-97a5-3f7be5a4ede2\\\"\",\r\n
        \       \"properties\": {\r\n          \"provisioningState\": \"Succeeded\"\r\n
        \       }\r\n      }\r\n    ],\r\n    \"loadBalancingRules\": [],\r\n    \"probes\":
        [],\r\n    \"inboundNatRules\": [],\r\n    \"outboundNatRules\": [],\r\n    \"inboundNatPools\":
        []\r\n  },\r\n  \"sku\": {\r\n    \"name\": \"Basic\"\r\n  }\r\n}"}
    headers:
      cache-control: [no-cache]
      content-length: ['2695']
      content-type: [application/json; charset=utf-8]
      date: ['Mon, 05 Mar 2018 19:40:25 GMT']
      etag: [W/"e6bce771-6037-4de7-97a5-3f7be5a4ede2"]
      expires: ['-1']
      pragma: [no-cache]
      server: [Microsoft-HTTPAPI/2.0, Microsoft-HTTPAPI/2.0]
      strict-transport-security: [max-age=31536000; includeSubDomains]
      transfer-encoding: [chunked]
      vary: [Accept-Encoding]
      x-content-type-options: [nosniff]
    status: {code: 200, message: OK}
- request:
    body: null
    headers:
      Accept: [application/json]
      Accept-Encoding: ['gzip, deflate']
      CommandName: [network lb frontend-ip update]
      Connection: [keep-alive]
      Content-Type: [application/json; charset=utf-8]
      User-Agent: [python/3.6.4 (Linux-4.11.0-1016-azure-x86_64-with-debian-9.3) requests/2.18.4
          msrest/0.4.26 msrest_azure/0.4.22 networkmanagementclient/1.8.0a1 Azure-SDK-For-Python
          AZURECLI/2.0.29.dev20180305185410.dev20180305185935]
      accept-language: [en-US]
    method: GET
    uri: https://management.azure.com/subscriptions/00000000-0000-0000-0000-000000000000/resourceGroups/cli_test_load_balancer_ip_config000001/providers/Microsoft.Network/loadBalancers/lb1?api-version=2018-01-01
  response:
    body: {string: "{\r\n  \"name\": \"lb1\",\r\n  \"id\": \"/subscriptions/00000000-0000-0000-0000-000000000000/resourceGroups/cli_test_load_balancer_ip_config000001/providers/Microsoft.Network/loadBalancers/lb1\",\r\n
        \ \"etag\": \"W/\\\"e6bce771-6037-4de7-97a5-3f7be5a4ede2\\\"\",\r\n  \"type\":
        \"Microsoft.Network/loadBalancers\",\r\n  \"location\": \"westus\",\r\n  \"tags\":
        {},\r\n  \"properties\": {\r\n    \"provisioningState\": \"Succeeded\",\r\n
        \   \"resourceGuid\": \"b994b7e5-8ab7-49bb-8c6a-73d093e7b8b4\",\r\n    \"frontendIPConfigurations\":
        [\r\n      {\r\n        \"name\": \"LoadBalancerFrontEnd\",\r\n        \"id\":
        \"/subscriptions/00000000-0000-0000-0000-000000000000/resourceGroups/cli_test_load_balancer_ip_config000001/providers/Microsoft.Network/loadBalancers/lb1/frontendIPConfigurations/LoadBalancerFrontEnd\",\r\n
        \       \"etag\": \"W/\\\"e6bce771-6037-4de7-97a5-3f7be5a4ede2\\\"\",\r\n
        \       \"properties\": {\r\n          \"provisioningState\": \"Succeeded\",\r\n
        \         \"privateIPAllocationMethod\": \"Dynamic\",\r\n          \"publicIPAddress\":
        {\r\n            \"id\": \"/subscriptions/00000000-0000-0000-0000-000000000000/resourceGroups/cli_test_load_balancer_ip_config000001/providers/Microsoft.Network/publicIPAddresses/publicip1\"\r\n
        \         }\r\n        }\r\n      },\r\n      {\r\n        \"name\": \"ipconfig1\",\r\n
        \       \"id\": \"/subscriptions/00000000-0000-0000-0000-000000000000/resourceGroups/cli_test_load_balancer_ip_config000001/providers/Microsoft.Network/loadBalancers/lb1/frontendIPConfigurations/ipconfig1\",\r\n
        \       \"etag\": \"W/\\\"e6bce771-6037-4de7-97a5-3f7be5a4ede2\\\"\",\r\n
        \       \"properties\": {\r\n          \"provisioningState\": \"Succeeded\",\r\n
        \         \"privateIPAllocationMethod\": \"Dynamic\",\r\n          \"publicIPAddress\":
        {\r\n            \"id\": \"/subscriptions/00000000-0000-0000-0000-000000000000/resourceGroups/cli_test_load_balancer_ip_config000001/providers/Microsoft.Network/publicIPAddresses/publicip2\"\r\n
        \         }\r\n        }\r\n      }\r\n    ],\r\n    \"backendAddressPools\":
        [\r\n      {\r\n        \"name\": \"lb1bepool\",\r\n        \"id\": \"/subscriptions/00000000-0000-0000-0000-000000000000/resourceGroups/cli_test_load_balancer_ip_config000001/providers/Microsoft.Network/loadBalancers/lb1/backendAddressPools/lb1bepool\",\r\n
        \       \"etag\": \"W/\\\"e6bce771-6037-4de7-97a5-3f7be5a4ede2\\\"\",\r\n
        \       \"properties\": {\r\n          \"provisioningState\": \"Succeeded\"\r\n
        \       }\r\n      }\r\n    ],\r\n    \"loadBalancingRules\": [],\r\n    \"probes\":
        [],\r\n    \"inboundNatRules\": [],\r\n    \"outboundNatRules\": [],\r\n    \"inboundNatPools\":
        []\r\n  },\r\n  \"sku\": {\r\n    \"name\": \"Basic\"\r\n  }\r\n}"}
    headers:
      cache-control: [no-cache]
      content-length: ['2695']
      content-type: [application/json; charset=utf-8]
      date: ['Mon, 05 Mar 2018 19:40:26 GMT']
      etag: [W/"e6bce771-6037-4de7-97a5-3f7be5a4ede2"]
      expires: ['-1']
      pragma: [no-cache]
      server: [Microsoft-HTTPAPI/2.0, Microsoft-HTTPAPI/2.0]
      strict-transport-security: [max-age=31536000; includeSubDomains]
      transfer-encoding: [chunked]
      vary: [Accept-Encoding]
      x-content-type-options: [nosniff]
    status: {code: 200, message: OK}
- request:
    body: 'b''{"id": "/subscriptions/00000000-0000-0000-0000-000000000000/resourceGroups/cli_test_load_balancer_ip_config000001/providers/Microsoft.Network/loadBalancers/lb1",
      "location": "westus", "tags": {}, "sku": {"name": "Basic"}, "properties": {"frontendIPConfigurations":
      [{"id": "/subscriptions/00000000-0000-0000-0000-000000000000/resourceGroups/cli_test_load_balancer_ip_config000001/providers/Microsoft.Network/loadBalancers/lb1/frontendIPConfigurations/LoadBalancerFrontEnd",
      "properties": {"privateIPAllocationMethod": "Dynamic", "publicIPAddress": {"id":
      "/subscriptions/00000000-0000-0000-0000-000000000000/resourceGroups/cli_test_load_balancer_ip_config000001/providers/Microsoft.Network/publicIPAddresses/publicip1"},
      "provisioningState": "Succeeded"}, "name": "LoadBalancerFrontEnd", "etag": "W/\\"e6bce771-6037-4de7-97a5-3f7be5a4ede2\\""},
      {"id": "/subscriptions/00000000-0000-0000-0000-000000000000/resourceGroups/cli_test_load_balancer_ip_config000001/providers/Microsoft.Network/loadBalancers/lb1/frontendIPConfigurations/ipconfig1",
      "properties": {"privateIPAllocationMethod": "Dynamic", "publicIPAddress": {"id":
      "/subscriptions/00000000-0000-0000-0000-000000000000/resourceGroups/cli_test_load_balancer_ip_config000001/providers/Microsoft.Network/publicIPAddresses/publicip3"},
      "provisioningState": "Succeeded"}, "name": "ipconfig1", "etag": "W/\\"e6bce771-6037-4de7-97a5-3f7be5a4ede2\\""}],
      "backendAddressPools": [{"id": "/subscriptions/00000000-0000-0000-0000-000000000000/resourceGroups/cli_test_load_balancer_ip_config000001/providers/Microsoft.Network/loadBalancers/lb1/backendAddressPools/lb1bepool",
      "properties": {"provisioningState": "Succeeded"}, "name": "lb1bepool", "etag":
      "W/\\"e6bce771-6037-4de7-97a5-3f7be5a4ede2\\""}], "loadBalancingRules": [],
      "probes": [], "inboundNatRules": [], "inboundNatPools": [], "outboundNatRules":
      [], "resourceGuid": "b994b7e5-8ab7-49bb-8c6a-73d093e7b8b4", "provisioningState":
      "Succeeded"}, "etag": "W/\\"e6bce771-6037-4de7-97a5-3f7be5a4ede2\\""}'''
    headers:
      Accept: [application/json]
      Accept-Encoding: ['gzip, deflate']
      CommandName: [network lb frontend-ip update]
      Connection: [keep-alive]
      Content-Length: ['2218']
      Content-Type: [application/json; charset=utf-8]
      User-Agent: [python/3.6.4 (Linux-4.11.0-1016-azure-x86_64-with-debian-9.3) requests/2.18.4
          msrest/0.4.26 msrest_azure/0.4.22 networkmanagementclient/1.8.0a1 Azure-SDK-For-Python
          AZURECLI/2.0.29.dev20180305185410.dev20180305185935]
      accept-language: [en-US]
    method: PUT
    uri: https://management.azure.com/subscriptions/00000000-0000-0000-0000-000000000000/resourceGroups/cli_test_load_balancer_ip_config000001/providers/Microsoft.Network/loadBalancers/lb1?api-version=2018-01-01
  response:
    body: {string: "{\r\n  \"name\": \"lb1\",\r\n  \"id\": \"/subscriptions/00000000-0000-0000-0000-000000000000/resourceGroups/cli_test_load_balancer_ip_config000001/providers/Microsoft.Network/loadBalancers/lb1\",\r\n
        \ \"etag\": \"W/\\\"49b49c25-fb78-4e03-9285-c1bbc937202a\\\"\",\r\n  \"type\":
        \"Microsoft.Network/loadBalancers\",\r\n  \"location\": \"westus\",\r\n  \"tags\":
        {},\r\n  \"properties\": {\r\n    \"provisioningState\": \"Succeeded\",\r\n
        \   \"resourceGuid\": \"b994b7e5-8ab7-49bb-8c6a-73d093e7b8b4\",\r\n    \"frontendIPConfigurations\":
        [\r\n      {\r\n        \"name\": \"LoadBalancerFrontEnd\",\r\n        \"id\":
        \"/subscriptions/00000000-0000-0000-0000-000000000000/resourceGroups/cli_test_load_balancer_ip_config000001/providers/Microsoft.Network/loadBalancers/lb1/frontendIPConfigurations/LoadBalancerFrontEnd\",\r\n
        \       \"etag\": \"W/\\\"49b49c25-fb78-4e03-9285-c1bbc937202a\\\"\",\r\n
        \       \"properties\": {\r\n          \"provisioningState\": \"Succeeded\",\r\n
        \         \"privateIPAllocationMethod\": \"Dynamic\",\r\n          \"publicIPAddress\":
        {\r\n            \"id\": \"/subscriptions/00000000-0000-0000-0000-000000000000/resourceGroups/cli_test_load_balancer_ip_config000001/providers/Microsoft.Network/publicIPAddresses/publicip1\"\r\n
        \         }\r\n        }\r\n      },\r\n      {\r\n        \"name\": \"ipconfig1\",\r\n
        \       \"id\": \"/subscriptions/00000000-0000-0000-0000-000000000000/resourceGroups/cli_test_load_balancer_ip_config000001/providers/Microsoft.Network/loadBalancers/lb1/frontendIPConfigurations/ipconfig1\",\r\n
        \       \"etag\": \"W/\\\"49b49c25-fb78-4e03-9285-c1bbc937202a\\\"\",\r\n
        \       \"properties\": {\r\n          \"provisioningState\": \"Succeeded\",\r\n
        \         \"privateIPAllocationMethod\": \"Dynamic\",\r\n          \"publicIPAddress\":
        {\r\n            \"id\": \"/subscriptions/00000000-0000-0000-0000-000000000000/resourceGroups/cli_test_load_balancer_ip_config000001/providers/Microsoft.Network/publicIPAddresses/publicip3\"\r\n
        \         }\r\n        }\r\n      }\r\n    ],\r\n    \"backendAddressPools\":
        [\r\n      {\r\n        \"name\": \"lb1bepool\",\r\n        \"id\": \"/subscriptions/00000000-0000-0000-0000-000000000000/resourceGroups/cli_test_load_balancer_ip_config000001/providers/Microsoft.Network/loadBalancers/lb1/backendAddressPools/lb1bepool\",\r\n
        \       \"etag\": \"W/\\\"49b49c25-fb78-4e03-9285-c1bbc937202a\\\"\",\r\n
        \       \"properties\": {\r\n          \"provisioningState\": \"Succeeded\"\r\n
        \       }\r\n      }\r\n    ],\r\n    \"loadBalancingRules\": [],\r\n    \"probes\":
        [],\r\n    \"inboundNatRules\": [],\r\n    \"outboundNatRules\": [],\r\n    \"inboundNatPools\":
        []\r\n  },\r\n  \"sku\": {\r\n    \"name\": \"Basic\"\r\n  }\r\n}"}
    headers:
      azure-asyncoperation: ['https://management.azure.com/subscriptions/00000000-0000-0000-0000-000000000000/providers/Microsoft.Network/locations/westus/operations/d76268b8-4a9b-43b3-9bbb-51cd0eed9806?api-version=2018-01-01']
      cache-control: [no-cache]
      content-length: ['2695']
      content-type: [application/json; charset=utf-8]
      date: ['Mon, 05 Mar 2018 19:40:28 GMT']
      expires: ['-1']
      pragma: [no-cache]
      server: [Microsoft-HTTPAPI/2.0, Microsoft-HTTPAPI/2.0]
      strict-transport-security: [max-age=31536000; includeSubDomains]
      transfer-encoding: [chunked]
      vary: [Accept-Encoding]
      x-content-type-options: [nosniff]
      x-ms-ratelimit-remaining-subscription-writes: ['1182']
    status: {code: 200, message: OK}
- request:
    body: null
    headers:
      Accept: [application/json]
      Accept-Encoding: ['gzip, deflate']
      CommandName: [network lb frontend-ip update]
      Connection: [keep-alive]
      User-Agent: [python/3.6.4 (Linux-4.11.0-1016-azure-x86_64-with-debian-9.3) requests/2.18.4
          msrest/0.4.26 msrest_azure/0.4.22 networkmanagementclient/1.8.0a1 Azure-SDK-For-Python
          AZURECLI/2.0.29.dev20180305185410.dev20180305185935]
    method: GET
    uri: https://management.azure.com/subscriptions/00000000-0000-0000-0000-000000000000/providers/Microsoft.Network/locations/westus/operations/d76268b8-4a9b-43b3-9bbb-51cd0eed9806?api-version=2018-01-01
  response:
    body: {string: "{\r\n  \"status\": \"Succeeded\"\r\n}"}
    headers:
      cache-control: [no-cache]
      content-length: ['29']
      content-type: [application/json; charset=utf-8]
      date: ['Mon, 05 Mar 2018 19:40:59 GMT']
      expires: ['-1']
      pragma: [no-cache]
      server: [Microsoft-HTTPAPI/2.0, Microsoft-HTTPAPI/2.0]
      strict-transport-security: [max-age=31536000; includeSubDomains]
      transfer-encoding: [chunked]
      vary: [Accept-Encoding]
      x-content-type-options: [nosniff]
    status: {code: 200, message: OK}
- request:
    body: null
    headers:
      Accept: [application/json]
      Accept-Encoding: ['gzip, deflate']
      CommandName: [network lb frontend-ip update]
      Connection: [keep-alive]
      User-Agent: [python/3.6.4 (Linux-4.11.0-1016-azure-x86_64-with-debian-9.3) requests/2.18.4
          msrest/0.4.26 msrest_azure/0.4.22 networkmanagementclient/1.8.0a1 Azure-SDK-For-Python
          AZURECLI/2.0.29.dev20180305185410.dev20180305185935]
    method: GET
    uri: https://management.azure.com/subscriptions/00000000-0000-0000-0000-000000000000/resourceGroups/cli_test_load_balancer_ip_config000001/providers/Microsoft.Network/loadBalancers/lb1?api-version=2018-01-01
  response:
    body: {string: "{\r\n  \"name\": \"lb1\",\r\n  \"id\": \"/subscriptions/00000000-0000-0000-0000-000000000000/resourceGroups/cli_test_load_balancer_ip_config000001/providers/Microsoft.Network/loadBalancers/lb1\",\r\n
        \ \"etag\": \"W/\\\"49b49c25-fb78-4e03-9285-c1bbc937202a\\\"\",\r\n  \"type\":
        \"Microsoft.Network/loadBalancers\",\r\n  \"location\": \"westus\",\r\n  \"tags\":
        {},\r\n  \"properties\": {\r\n    \"provisioningState\": \"Succeeded\",\r\n
        \   \"resourceGuid\": \"b994b7e5-8ab7-49bb-8c6a-73d093e7b8b4\",\r\n    \"frontendIPConfigurations\":
        [\r\n      {\r\n        \"name\": \"LoadBalancerFrontEnd\",\r\n        \"id\":
        \"/subscriptions/00000000-0000-0000-0000-000000000000/resourceGroups/cli_test_load_balancer_ip_config000001/providers/Microsoft.Network/loadBalancers/lb1/frontendIPConfigurations/LoadBalancerFrontEnd\",\r\n
        \       \"etag\": \"W/\\\"49b49c25-fb78-4e03-9285-c1bbc937202a\\\"\",\r\n
        \       \"properties\": {\r\n          \"provisioningState\": \"Succeeded\",\r\n
        \         \"privateIPAllocationMethod\": \"Dynamic\",\r\n          \"publicIPAddress\":
        {\r\n            \"id\": \"/subscriptions/00000000-0000-0000-0000-000000000000/resourceGroups/cli_test_load_balancer_ip_config000001/providers/Microsoft.Network/publicIPAddresses/publicip1\"\r\n
        \         }\r\n        }\r\n      },\r\n      {\r\n        \"name\": \"ipconfig1\",\r\n
        \       \"id\": \"/subscriptions/00000000-0000-0000-0000-000000000000/resourceGroups/cli_test_load_balancer_ip_config000001/providers/Microsoft.Network/loadBalancers/lb1/frontendIPConfigurations/ipconfig1\",\r\n
        \       \"etag\": \"W/\\\"49b49c25-fb78-4e03-9285-c1bbc937202a\\\"\",\r\n
        \       \"properties\": {\r\n          \"provisioningState\": \"Succeeded\",\r\n
        \         \"privateIPAllocationMethod\": \"Dynamic\",\r\n          \"publicIPAddress\":
        {\r\n            \"id\": \"/subscriptions/00000000-0000-0000-0000-000000000000/resourceGroups/cli_test_load_balancer_ip_config000001/providers/Microsoft.Network/publicIPAddresses/publicip3\"\r\n
        \         }\r\n        }\r\n      }\r\n    ],\r\n    \"backendAddressPools\":
        [\r\n      {\r\n        \"name\": \"lb1bepool\",\r\n        \"id\": \"/subscriptions/00000000-0000-0000-0000-000000000000/resourceGroups/cli_test_load_balancer_ip_config000001/providers/Microsoft.Network/loadBalancers/lb1/backendAddressPools/lb1bepool\",\r\n
        \       \"etag\": \"W/\\\"49b49c25-fb78-4e03-9285-c1bbc937202a\\\"\",\r\n
        \       \"properties\": {\r\n          \"provisioningState\": \"Succeeded\"\r\n
        \       }\r\n      }\r\n    ],\r\n    \"loadBalancingRules\": [],\r\n    \"probes\":
        [],\r\n    \"inboundNatRules\": [],\r\n    \"outboundNatRules\": [],\r\n    \"inboundNatPools\":
        []\r\n  },\r\n  \"sku\": {\r\n    \"name\": \"Basic\"\r\n  }\r\n}"}
    headers:
      cache-control: [no-cache]
      content-length: ['2695']
      content-type: [application/json; charset=utf-8]
      date: ['Mon, 05 Mar 2018 19:41:00 GMT']
      etag: [W/"49b49c25-fb78-4e03-9285-c1bbc937202a"]
      expires: ['-1']
      pragma: [no-cache]
      server: [Microsoft-HTTPAPI/2.0, Microsoft-HTTPAPI/2.0]
      strict-transport-security: [max-age=31536000; includeSubDomains]
      transfer-encoding: [chunked]
      vary: [Accept-Encoding]
      x-content-type-options: [nosniff]
    status: {code: 200, message: OK}
- request:
    body: null
    headers:
      Accept: [application/json]
      Accept-Encoding: ['gzip, deflate']
      CommandName: [network lb frontend-ip show]
      Connection: [keep-alive]
      Content-Type: [application/json; charset=utf-8]
      User-Agent: [python/3.6.4 (Linux-4.11.0-1016-azure-x86_64-with-debian-9.3) requests/2.18.4
          msrest/0.4.26 msrest_azure/0.4.22 networkmanagementclient/1.8.0a1 Azure-SDK-For-Python
          AZURECLI/2.0.29.dev20180305185410.dev20180305185935]
      accept-language: [en-US]
    method: GET
    uri: https://management.azure.com/subscriptions/00000000-0000-0000-0000-000000000000/resourceGroups/cli_test_load_balancer_ip_config000001/providers/Microsoft.Network/loadBalancers/lb1?api-version=2018-01-01
  response:
    body: {string: "{\r\n  \"name\": \"lb1\",\r\n  \"id\": \"/subscriptions/00000000-0000-0000-0000-000000000000/resourceGroups/cli_test_load_balancer_ip_config000001/providers/Microsoft.Network/loadBalancers/lb1\",\r\n
        \ \"etag\": \"W/\\\"49b49c25-fb78-4e03-9285-c1bbc937202a\\\"\",\r\n  \"type\":
        \"Microsoft.Network/loadBalancers\",\r\n  \"location\": \"westus\",\r\n  \"tags\":
        {},\r\n  \"properties\": {\r\n    \"provisioningState\": \"Succeeded\",\r\n
        \   \"resourceGuid\": \"b994b7e5-8ab7-49bb-8c6a-73d093e7b8b4\",\r\n    \"frontendIPConfigurations\":
        [\r\n      {\r\n        \"name\": \"LoadBalancerFrontEnd\",\r\n        \"id\":
        \"/subscriptions/00000000-0000-0000-0000-000000000000/resourceGroups/cli_test_load_balancer_ip_config000001/providers/Microsoft.Network/loadBalancers/lb1/frontendIPConfigurations/LoadBalancerFrontEnd\",\r\n
        \       \"etag\": \"W/\\\"49b49c25-fb78-4e03-9285-c1bbc937202a\\\"\",\r\n
        \       \"properties\": {\r\n          \"provisioningState\": \"Succeeded\",\r\n
        \         \"privateIPAllocationMethod\": \"Dynamic\",\r\n          \"publicIPAddress\":
        {\r\n            \"id\": \"/subscriptions/00000000-0000-0000-0000-000000000000/resourceGroups/cli_test_load_balancer_ip_config000001/providers/Microsoft.Network/publicIPAddresses/publicip1\"\r\n
        \         }\r\n        }\r\n      },\r\n      {\r\n        \"name\": \"ipconfig1\",\r\n
        \       \"id\": \"/subscriptions/00000000-0000-0000-0000-000000000000/resourceGroups/cli_test_load_balancer_ip_config000001/providers/Microsoft.Network/loadBalancers/lb1/frontendIPConfigurations/ipconfig1\",\r\n
        \       \"etag\": \"W/\\\"49b49c25-fb78-4e03-9285-c1bbc937202a\\\"\",\r\n
        \       \"properties\": {\r\n          \"provisioningState\": \"Succeeded\",\r\n
        \         \"privateIPAllocationMethod\": \"Dynamic\",\r\n          \"publicIPAddress\":
        {\r\n            \"id\": \"/subscriptions/00000000-0000-0000-0000-000000000000/resourceGroups/cli_test_load_balancer_ip_config000001/providers/Microsoft.Network/publicIPAddresses/publicip3\"\r\n
        \         }\r\n        }\r\n      }\r\n    ],\r\n    \"backendAddressPools\":
        [\r\n      {\r\n        \"name\": \"lb1bepool\",\r\n        \"id\": \"/subscriptions/00000000-0000-0000-0000-000000000000/resourceGroups/cli_test_load_balancer_ip_config000001/providers/Microsoft.Network/loadBalancers/lb1/backendAddressPools/lb1bepool\",\r\n
        \       \"etag\": \"W/\\\"49b49c25-fb78-4e03-9285-c1bbc937202a\\\"\",\r\n
        \       \"properties\": {\r\n          \"provisioningState\": \"Succeeded\"\r\n
        \       }\r\n      }\r\n    ],\r\n    \"loadBalancingRules\": [],\r\n    \"probes\":
        [],\r\n    \"inboundNatRules\": [],\r\n    \"outboundNatRules\": [],\r\n    \"inboundNatPools\":
        []\r\n  },\r\n  \"sku\": {\r\n    \"name\": \"Basic\"\r\n  }\r\n}"}
    headers:
      cache-control: [no-cache]
      content-length: ['2695']
      content-type: [application/json; charset=utf-8]
      date: ['Mon, 05 Mar 2018 19:41:02 GMT']
      etag: [W/"49b49c25-fb78-4e03-9285-c1bbc937202a"]
      expires: ['-1']
      pragma: [no-cache]
      server: [Microsoft-HTTPAPI/2.0, Microsoft-HTTPAPI/2.0]
      strict-transport-security: [max-age=31536000; includeSubDomains]
      transfer-encoding: [chunked]
      vary: [Accept-Encoding]
      x-content-type-options: [nosniff]
    status: {code: 200, message: OK}
- request:
    body: null
    headers:
      Accept: [application/json]
      Accept-Encoding: ['gzip, deflate']
      CommandName: [network lb frontend-ip update]
      Connection: [keep-alive]
      Content-Type: [application/json; charset=utf-8]
      User-Agent: [python/3.6.4 (Linux-4.11.0-1016-azure-x86_64-with-debian-9.3) requests/2.18.4
          msrest/0.4.26 msrest_azure/0.4.22 networkmanagementclient/1.8.0a1 Azure-SDK-For-Python
          AZURECLI/2.0.29.dev20180305185410.dev20180305185935]
      accept-language: [en-US]
    method: GET
    uri: https://management.azure.com/subscriptions/00000000-0000-0000-0000-000000000000/resourceGroups/cli_test_load_balancer_ip_config000001/providers/Microsoft.Network/loadBalancers/lb1?api-version=2018-01-01
  response:
    body: {string: "{\r\n  \"name\": \"lb1\",\r\n  \"id\": \"/subscriptions/00000000-0000-0000-0000-000000000000/resourceGroups/cli_test_load_balancer_ip_config000001/providers/Microsoft.Network/loadBalancers/lb1\",\r\n
        \ \"etag\": \"W/\\\"49b49c25-fb78-4e03-9285-c1bbc937202a\\\"\",\r\n  \"type\":
        \"Microsoft.Network/loadBalancers\",\r\n  \"location\": \"westus\",\r\n  \"tags\":
        {},\r\n  \"properties\": {\r\n    \"provisioningState\": \"Succeeded\",\r\n
        \   \"resourceGuid\": \"b994b7e5-8ab7-49bb-8c6a-73d093e7b8b4\",\r\n    \"frontendIPConfigurations\":
        [\r\n      {\r\n        \"name\": \"LoadBalancerFrontEnd\",\r\n        \"id\":
        \"/subscriptions/00000000-0000-0000-0000-000000000000/resourceGroups/cli_test_load_balancer_ip_config000001/providers/Microsoft.Network/loadBalancers/lb1/frontendIPConfigurations/LoadBalancerFrontEnd\",\r\n
        \       \"etag\": \"W/\\\"49b49c25-fb78-4e03-9285-c1bbc937202a\\\"\",\r\n
        \       \"properties\": {\r\n          \"provisioningState\": \"Succeeded\",\r\n
        \         \"privateIPAllocationMethod\": \"Dynamic\",\r\n          \"publicIPAddress\":
        {\r\n            \"id\": \"/subscriptions/00000000-0000-0000-0000-000000000000/resourceGroups/cli_test_load_balancer_ip_config000001/providers/Microsoft.Network/publicIPAddresses/publicip1\"\r\n
        \         }\r\n        }\r\n      },\r\n      {\r\n        \"name\": \"ipconfig1\",\r\n
        \       \"id\": \"/subscriptions/00000000-0000-0000-0000-000000000000/resourceGroups/cli_test_load_balancer_ip_config000001/providers/Microsoft.Network/loadBalancers/lb1/frontendIPConfigurations/ipconfig1\",\r\n
        \       \"etag\": \"W/\\\"49b49c25-fb78-4e03-9285-c1bbc937202a\\\"\",\r\n
        \       \"properties\": {\r\n          \"provisioningState\": \"Succeeded\",\r\n
        \         \"privateIPAllocationMethod\": \"Dynamic\",\r\n          \"publicIPAddress\":
        {\r\n            \"id\": \"/subscriptions/00000000-0000-0000-0000-000000000000/resourceGroups/cli_test_load_balancer_ip_config000001/providers/Microsoft.Network/publicIPAddresses/publicip3\"\r\n
        \         }\r\n        }\r\n      }\r\n    ],\r\n    \"backendAddressPools\":
        [\r\n      {\r\n        \"name\": \"lb1bepool\",\r\n        \"id\": \"/subscriptions/00000000-0000-0000-0000-000000000000/resourceGroups/cli_test_load_balancer_ip_config000001/providers/Microsoft.Network/loadBalancers/lb1/backendAddressPools/lb1bepool\",\r\n
        \       \"etag\": \"W/\\\"49b49c25-fb78-4e03-9285-c1bbc937202a\\\"\",\r\n
        \       \"properties\": {\r\n          \"provisioningState\": \"Succeeded\"\r\n
        \       }\r\n      }\r\n    ],\r\n    \"loadBalancingRules\": [],\r\n    \"probes\":
        [],\r\n    \"inboundNatRules\": [],\r\n    \"outboundNatRules\": [],\r\n    \"inboundNatPools\":
        []\r\n  },\r\n  \"sku\": {\r\n    \"name\": \"Basic\"\r\n  }\r\n}"}
    headers:
      cache-control: [no-cache]
      content-length: ['2695']
      content-type: [application/json; charset=utf-8]
      date: ['Mon, 05 Mar 2018 19:41:03 GMT']
      etag: [W/"49b49c25-fb78-4e03-9285-c1bbc937202a"]
      expires: ['-1']
      pragma: [no-cache]
      server: [Microsoft-HTTPAPI/2.0, Microsoft-HTTPAPI/2.0]
      strict-transport-security: [max-age=31536000; includeSubDomains]
      transfer-encoding: [chunked]
      vary: [Accept-Encoding]
      x-content-type-options: [nosniff]
    status: {code: 200, message: OK}
- request:
    body: 'b''{"id": "/subscriptions/00000000-0000-0000-0000-000000000000/resourceGroups/cli_test_load_balancer_ip_config000001/providers/Microsoft.Network/loadBalancers/lb1",
      "location": "westus", "tags": {}, "sku": {"name": "Basic"}, "properties": {"frontendIPConfigurations":
      [{"id": "/subscriptions/00000000-0000-0000-0000-000000000000/resourceGroups/cli_test_load_balancer_ip_config000001/providers/Microsoft.Network/loadBalancers/lb1/frontendIPConfigurations/LoadBalancerFrontEnd",
      "properties": {"privateIPAllocationMethod": "Dynamic", "publicIPAddress": {"id":
      "/subscriptions/00000000-0000-0000-0000-000000000000/resourceGroups/cli_test_load_balancer_ip_config000001/providers/Microsoft.Network/publicIPAddresses/publicip1"},
      "provisioningState": "Succeeded"}, "name": "LoadBalancerFrontEnd", "etag": "W/\\"49b49c25-fb78-4e03-9285-c1bbc937202a\\""},
      {"id": "/subscriptions/00000000-0000-0000-0000-000000000000/resourceGroups/cli_test_load_balancer_ip_config000001/providers/Microsoft.Network/loadBalancers/lb1/frontendIPConfigurations/ipconfig1",
      "properties": {"privateIPAllocationMethod": "Dynamic", "publicIPAddress": {"id":
      "/subscriptions/00000000-0000-0000-0000-000000000000/resourceGroups/cli_test_load_balancer_ip_config000001/providers/Microsoft.Network/publicIPAddresses/publicip2"},
      "provisioningState": "Succeeded"}, "name": "ipconfig1", "etag": "W/\\"49b49c25-fb78-4e03-9285-c1bbc937202a\\""}],
      "backendAddressPools": [{"id": "/subscriptions/00000000-0000-0000-0000-000000000000/resourceGroups/cli_test_load_balancer_ip_config000001/providers/Microsoft.Network/loadBalancers/lb1/backendAddressPools/lb1bepool",
      "properties": {"provisioningState": "Succeeded"}, "name": "lb1bepool", "etag":
      "W/\\"49b49c25-fb78-4e03-9285-c1bbc937202a\\""}], "loadBalancingRules": [],
      "probes": [], "inboundNatRules": [], "inboundNatPools": [], "outboundNatRules":
      [], "resourceGuid": "b994b7e5-8ab7-49bb-8c6a-73d093e7b8b4", "provisioningState":
      "Succeeded"}, "etag": "W/\\"49b49c25-fb78-4e03-9285-c1bbc937202a\\""}'''
    headers:
      Accept: [application/json]
      Accept-Encoding: ['gzip, deflate']
      CommandName: [network lb frontend-ip update]
      Connection: [keep-alive]
      Content-Length: ['2218']
      Content-Type: [application/json; charset=utf-8]
      User-Agent: [python/3.6.4 (Linux-4.11.0-1016-azure-x86_64-with-debian-9.3) requests/2.18.4
          msrest/0.4.26 msrest_azure/0.4.22 networkmanagementclient/1.8.0a1 Azure-SDK-For-Python
          AZURECLI/2.0.29.dev20180305185410.dev20180305185935]
      accept-language: [en-US]
    method: PUT
    uri: https://management.azure.com/subscriptions/00000000-0000-0000-0000-000000000000/resourceGroups/cli_test_load_balancer_ip_config000001/providers/Microsoft.Network/loadBalancers/lb1?api-version=2018-01-01
  response:
    body: {string: "{\r\n  \"name\": \"lb1\",\r\n  \"id\": \"/subscriptions/00000000-0000-0000-0000-000000000000/resourceGroups/cli_test_load_balancer_ip_config000001/providers/Microsoft.Network/loadBalancers/lb1\",\r\n
        \ \"etag\": \"W/\\\"0b04bc9f-240e-4a02-b7b2-5aac7849619d\\\"\",\r\n  \"type\":
        \"Microsoft.Network/loadBalancers\",\r\n  \"location\": \"westus\",\r\n  \"tags\":
        {},\r\n  \"properties\": {\r\n    \"provisioningState\": \"Succeeded\",\r\n
        \   \"resourceGuid\": \"b994b7e5-8ab7-49bb-8c6a-73d093e7b8b4\",\r\n    \"frontendIPConfigurations\":
        [\r\n      {\r\n        \"name\": \"LoadBalancerFrontEnd\",\r\n        \"id\":
        \"/subscriptions/00000000-0000-0000-0000-000000000000/resourceGroups/cli_test_load_balancer_ip_config000001/providers/Microsoft.Network/loadBalancers/lb1/frontendIPConfigurations/LoadBalancerFrontEnd\",\r\n
        \       \"etag\": \"W/\\\"0b04bc9f-240e-4a02-b7b2-5aac7849619d\\\"\",\r\n
        \       \"properties\": {\r\n          \"provisioningState\": \"Succeeded\",\r\n
        \         \"privateIPAllocationMethod\": \"Dynamic\",\r\n          \"publicIPAddress\":
        {\r\n            \"id\": \"/subscriptions/00000000-0000-0000-0000-000000000000/resourceGroups/cli_test_load_balancer_ip_config000001/providers/Microsoft.Network/publicIPAddresses/publicip1\"\r\n
        \         }\r\n        }\r\n      },\r\n      {\r\n        \"name\": \"ipconfig1\",\r\n
        \       \"id\": \"/subscriptions/00000000-0000-0000-0000-000000000000/resourceGroups/cli_test_load_balancer_ip_config000001/providers/Microsoft.Network/loadBalancers/lb1/frontendIPConfigurations/ipconfig1\",\r\n
        \       \"etag\": \"W/\\\"0b04bc9f-240e-4a02-b7b2-5aac7849619d\\\"\",\r\n
        \       \"properties\": {\r\n          \"provisioningState\": \"Succeeded\",\r\n
        \         \"privateIPAllocationMethod\": \"Dynamic\",\r\n          \"publicIPAddress\":
        {\r\n            \"id\": \"/subscriptions/00000000-0000-0000-0000-000000000000/resourceGroups/cli_test_load_balancer_ip_config000001/providers/Microsoft.Network/publicIPAddresses/publicip2\"\r\n
        \         }\r\n        }\r\n      }\r\n    ],\r\n    \"backendAddressPools\":
        [\r\n      {\r\n        \"name\": \"lb1bepool\",\r\n        \"id\": \"/subscriptions/00000000-0000-0000-0000-000000000000/resourceGroups/cli_test_load_balancer_ip_config000001/providers/Microsoft.Network/loadBalancers/lb1/backendAddressPools/lb1bepool\",\r\n
        \       \"etag\": \"W/\\\"0b04bc9f-240e-4a02-b7b2-5aac7849619d\\\"\",\r\n
        \       \"properties\": {\r\n          \"provisioningState\": \"Succeeded\"\r\n
        \       }\r\n      }\r\n    ],\r\n    \"loadBalancingRules\": [],\r\n    \"probes\":
        [],\r\n    \"inboundNatRules\": [],\r\n    \"outboundNatRules\": [],\r\n    \"inboundNatPools\":
        []\r\n  },\r\n  \"sku\": {\r\n    \"name\": \"Basic\"\r\n  }\r\n}"}
    headers:
      azure-asyncoperation: ['https://management.azure.com/subscriptions/00000000-0000-0000-0000-000000000000/providers/Microsoft.Network/locations/westus/operations/eb2aea95-aa57-4c99-a9ac-bddb21e3c95c?api-version=2018-01-01']
      cache-control: [no-cache]
      content-length: ['2695']
      content-type: [application/json; charset=utf-8]
      date: ['Mon, 05 Mar 2018 19:41:05 GMT']
      expires: ['-1']
      pragma: [no-cache]
      server: [Microsoft-HTTPAPI/2.0, Microsoft-HTTPAPI/2.0]
      strict-transport-security: [max-age=31536000; includeSubDomains]
      transfer-encoding: [chunked]
      vary: [Accept-Encoding]
      x-content-type-options: [nosniff]
      x-ms-ratelimit-remaining-subscription-writes: ['1183']
    status: {code: 200, message: OK}
- request:
    body: null
    headers:
      Accept: [application/json]
      Accept-Encoding: ['gzip, deflate']
      CommandName: [network lb frontend-ip update]
      Connection: [keep-alive]
      User-Agent: [python/3.6.4 (Linux-4.11.0-1016-azure-x86_64-with-debian-9.3) requests/2.18.4
          msrest/0.4.26 msrest_azure/0.4.22 networkmanagementclient/1.8.0a1 Azure-SDK-For-Python
          AZURECLI/2.0.29.dev20180305185410.dev20180305185935]
    method: GET
    uri: https://management.azure.com/subscriptions/00000000-0000-0000-0000-000000000000/providers/Microsoft.Network/locations/westus/operations/eb2aea95-aa57-4c99-a9ac-bddb21e3c95c?api-version=2018-01-01
  response:
    body: {string: "{\r\n  \"status\": \"Succeeded\"\r\n}"}
    headers:
      cache-control: [no-cache]
      content-length: ['29']
      content-type: [application/json; charset=utf-8]
      date: ['Mon, 05 Mar 2018 19:41:35 GMT']
      expires: ['-1']
      pragma: [no-cache]
      server: [Microsoft-HTTPAPI/2.0, Microsoft-HTTPAPI/2.0]
      strict-transport-security: [max-age=31536000; includeSubDomains]
      transfer-encoding: [chunked]
      vary: [Accept-Encoding]
      x-content-type-options: [nosniff]
    status: {code: 200, message: OK}
- request:
    body: null
    headers:
      Accept: [application/json]
      Accept-Encoding: ['gzip, deflate']
      CommandName: [network lb frontend-ip update]
      Connection: [keep-alive]
      User-Agent: [python/3.6.4 (Linux-4.11.0-1016-azure-x86_64-with-debian-9.3) requests/2.18.4
          msrest/0.4.26 msrest_azure/0.4.22 networkmanagementclient/1.8.0a1 Azure-SDK-For-Python
          AZURECLI/2.0.29.dev20180305185410.dev20180305185935]
    method: GET
    uri: https://management.azure.com/subscriptions/00000000-0000-0000-0000-000000000000/resourceGroups/cli_test_load_balancer_ip_config000001/providers/Microsoft.Network/loadBalancers/lb1?api-version=2018-01-01
  response:
    body: {string: "{\r\n  \"name\": \"lb1\",\r\n  \"id\": \"/subscriptions/00000000-0000-0000-0000-000000000000/resourceGroups/cli_test_load_balancer_ip_config000001/providers/Microsoft.Network/loadBalancers/lb1\",\r\n
        \ \"etag\": \"W/\\\"0b04bc9f-240e-4a02-b7b2-5aac7849619d\\\"\",\r\n  \"type\":
        \"Microsoft.Network/loadBalancers\",\r\n  \"location\": \"westus\",\r\n  \"tags\":
        {},\r\n  \"properties\": {\r\n    \"provisioningState\": \"Succeeded\",\r\n
        \   \"resourceGuid\": \"b994b7e5-8ab7-49bb-8c6a-73d093e7b8b4\",\r\n    \"frontendIPConfigurations\":
        [\r\n      {\r\n        \"name\": \"LoadBalancerFrontEnd\",\r\n        \"id\":
        \"/subscriptions/00000000-0000-0000-0000-000000000000/resourceGroups/cli_test_load_balancer_ip_config000001/providers/Microsoft.Network/loadBalancers/lb1/frontendIPConfigurations/LoadBalancerFrontEnd\",\r\n
        \       \"etag\": \"W/\\\"0b04bc9f-240e-4a02-b7b2-5aac7849619d\\\"\",\r\n
        \       \"properties\": {\r\n          \"provisioningState\": \"Succeeded\",\r\n
        \         \"privateIPAllocationMethod\": \"Dynamic\",\r\n          \"publicIPAddress\":
        {\r\n            \"id\": \"/subscriptions/00000000-0000-0000-0000-000000000000/resourceGroups/cli_test_load_balancer_ip_config000001/providers/Microsoft.Network/publicIPAddresses/publicip1\"\r\n
        \         }\r\n        }\r\n      },\r\n      {\r\n        \"name\": \"ipconfig1\",\r\n
        \       \"id\": \"/subscriptions/00000000-0000-0000-0000-000000000000/resourceGroups/cli_test_load_balancer_ip_config000001/providers/Microsoft.Network/loadBalancers/lb1/frontendIPConfigurations/ipconfig1\",\r\n
        \       \"etag\": \"W/\\\"0b04bc9f-240e-4a02-b7b2-5aac7849619d\\\"\",\r\n
        \       \"properties\": {\r\n          \"provisioningState\": \"Succeeded\",\r\n
        \         \"privateIPAllocationMethod\": \"Dynamic\",\r\n          \"publicIPAddress\":
        {\r\n            \"id\": \"/subscriptions/00000000-0000-0000-0000-000000000000/resourceGroups/cli_test_load_balancer_ip_config000001/providers/Microsoft.Network/publicIPAddresses/publicip2\"\r\n
        \         }\r\n        }\r\n      }\r\n    ],\r\n    \"backendAddressPools\":
        [\r\n      {\r\n        \"name\": \"lb1bepool\",\r\n        \"id\": \"/subscriptions/00000000-0000-0000-0000-000000000000/resourceGroups/cli_test_load_balancer_ip_config000001/providers/Microsoft.Network/loadBalancers/lb1/backendAddressPools/lb1bepool\",\r\n
        \       \"etag\": \"W/\\\"0b04bc9f-240e-4a02-b7b2-5aac7849619d\\\"\",\r\n
        \       \"properties\": {\r\n          \"provisioningState\": \"Succeeded\"\r\n
        \       }\r\n      }\r\n    ],\r\n    \"loadBalancingRules\": [],\r\n    \"probes\":
        [],\r\n    \"inboundNatRules\": [],\r\n    \"outboundNatRules\": [],\r\n    \"inboundNatPools\":
        []\r\n  },\r\n  \"sku\": {\r\n    \"name\": \"Basic\"\r\n  }\r\n}"}
    headers:
      cache-control: [no-cache]
      content-length: ['2695']
      content-type: [application/json; charset=utf-8]
      date: ['Mon, 05 Mar 2018 19:41:37 GMT']
      etag: [W/"0b04bc9f-240e-4a02-b7b2-5aac7849619d"]
      expires: ['-1']
      pragma: [no-cache]
      server: [Microsoft-HTTPAPI/2.0, Microsoft-HTTPAPI/2.0]
      strict-transport-security: [max-age=31536000; includeSubDomains]
      transfer-encoding: [chunked]
      vary: [Accept-Encoding]
      x-content-type-options: [nosniff]
    status: {code: 200, message: OK}
- request:
    body: null
    headers:
      Accept: [application/json]
      Accept-Encoding: ['gzip, deflate']
      CommandName: [network lb frontend-ip delete]
      Connection: [keep-alive]
      Content-Type: [application/json; charset=utf-8]
      User-Agent: [python/3.6.4 (Linux-4.11.0-1016-azure-x86_64-with-debian-9.3) requests/2.18.4
          msrest/0.4.26 msrest_azure/0.4.22 networkmanagementclient/1.8.0a1 Azure-SDK-For-Python
          AZURECLI/2.0.29.dev20180305185410.dev20180305185935]
      accept-language: [en-US]
    method: GET
    uri: https://management.azure.com/subscriptions/00000000-0000-0000-0000-000000000000/resourceGroups/cli_test_load_balancer_ip_config000001/providers/Microsoft.Network/loadBalancers/lb1?api-version=2018-01-01
  response:
    body: {string: "{\r\n  \"name\": \"lb1\",\r\n  \"id\": \"/subscriptions/00000000-0000-0000-0000-000000000000/resourceGroups/cli_test_load_balancer_ip_config000001/providers/Microsoft.Network/loadBalancers/lb1\",\r\n
        \ \"etag\": \"W/\\\"0b04bc9f-240e-4a02-b7b2-5aac7849619d\\\"\",\r\n  \"type\":
        \"Microsoft.Network/loadBalancers\",\r\n  \"location\": \"westus\",\r\n  \"tags\":
        {},\r\n  \"properties\": {\r\n    \"provisioningState\": \"Succeeded\",\r\n
        \   \"resourceGuid\": \"b994b7e5-8ab7-49bb-8c6a-73d093e7b8b4\",\r\n    \"frontendIPConfigurations\":
        [\r\n      {\r\n        \"name\": \"LoadBalancerFrontEnd\",\r\n        \"id\":
        \"/subscriptions/00000000-0000-0000-0000-000000000000/resourceGroups/cli_test_load_balancer_ip_config000001/providers/Microsoft.Network/loadBalancers/lb1/frontendIPConfigurations/LoadBalancerFrontEnd\",\r\n
        \       \"etag\": \"W/\\\"0b04bc9f-240e-4a02-b7b2-5aac7849619d\\\"\",\r\n
        \       \"properties\": {\r\n          \"provisioningState\": \"Succeeded\",\r\n
        \         \"privateIPAllocationMethod\": \"Dynamic\",\r\n          \"publicIPAddress\":
        {\r\n            \"id\": \"/subscriptions/00000000-0000-0000-0000-000000000000/resourceGroups/cli_test_load_balancer_ip_config000001/providers/Microsoft.Network/publicIPAddresses/publicip1\"\r\n
        \         }\r\n        }\r\n      },\r\n      {\r\n        \"name\": \"ipconfig1\",\r\n
        \       \"id\": \"/subscriptions/00000000-0000-0000-0000-000000000000/resourceGroups/cli_test_load_balancer_ip_config000001/providers/Microsoft.Network/loadBalancers/lb1/frontendIPConfigurations/ipconfig1\",\r\n
        \       \"etag\": \"W/\\\"0b04bc9f-240e-4a02-b7b2-5aac7849619d\\\"\",\r\n
        \       \"properties\": {\r\n          \"provisioningState\": \"Succeeded\",\r\n
        \         \"privateIPAllocationMethod\": \"Dynamic\",\r\n          \"publicIPAddress\":
        {\r\n            \"id\": \"/subscriptions/00000000-0000-0000-0000-000000000000/resourceGroups/cli_test_load_balancer_ip_config000001/providers/Microsoft.Network/publicIPAddresses/publicip2\"\r\n
        \         }\r\n        }\r\n      }\r\n    ],\r\n    \"backendAddressPools\":
        [\r\n      {\r\n        \"name\": \"lb1bepool\",\r\n        \"id\": \"/subscriptions/00000000-0000-0000-0000-000000000000/resourceGroups/cli_test_load_balancer_ip_config000001/providers/Microsoft.Network/loadBalancers/lb1/backendAddressPools/lb1bepool\",\r\n
        \       \"etag\": \"W/\\\"0b04bc9f-240e-4a02-b7b2-5aac7849619d\\\"\",\r\n
        \       \"properties\": {\r\n          \"provisioningState\": \"Succeeded\"\r\n
        \       }\r\n      }\r\n    ],\r\n    \"loadBalancingRules\": [],\r\n    \"probes\":
        [],\r\n    \"inboundNatRules\": [],\r\n    \"outboundNatRules\": [],\r\n    \"inboundNatPools\":
        []\r\n  },\r\n  \"sku\": {\r\n    \"name\": \"Basic\"\r\n  }\r\n}"}
    headers:
      cache-control: [no-cache]
      content-length: ['2695']
      content-type: [application/json; charset=utf-8]
      date: ['Mon, 05 Mar 2018 19:41:38 GMT']
      etag: [W/"0b04bc9f-240e-4a02-b7b2-5aac7849619d"]
      expires: ['-1']
      pragma: [no-cache]
      server: [Microsoft-HTTPAPI/2.0, Microsoft-HTTPAPI/2.0]
      strict-transport-security: [max-age=31536000; includeSubDomains]
      transfer-encoding: [chunked]
      vary: [Accept-Encoding]
      x-content-type-options: [nosniff]
    status: {code: 200, message: OK}
- request:
    body: 'b''{"id": "/subscriptions/00000000-0000-0000-0000-000000000000/resourceGroups/cli_test_load_balancer_ip_config000001/providers/Microsoft.Network/loadBalancers/lb1",
      "location": "westus", "tags": {}, "sku": {"name": "Basic"}, "properties": {"frontendIPConfigurations":
      [{"id": "/subscriptions/00000000-0000-0000-0000-000000000000/resourceGroups/cli_test_load_balancer_ip_config000001/providers/Microsoft.Network/loadBalancers/lb1/frontendIPConfigurations/LoadBalancerFrontEnd",
      "properties": {"privateIPAllocationMethod": "Dynamic", "publicIPAddress": {"id":
      "/subscriptions/00000000-0000-0000-0000-000000000000/resourceGroups/cli_test_load_balancer_ip_config000001/providers/Microsoft.Network/publicIPAddresses/publicip1"},
      "provisioningState": "Succeeded"}, "name": "LoadBalancerFrontEnd", "etag": "W/\\"0b04bc9f-240e-4a02-b7b2-5aac7849619d\\""}],
      "backendAddressPools": [{"id": "/subscriptions/00000000-0000-0000-0000-000000000000/resourceGroups/cli_test_load_balancer_ip_config000001/providers/Microsoft.Network/loadBalancers/lb1/backendAddressPools/lb1bepool",
      "properties": {"provisioningState": "Succeeded"}, "name": "lb1bepool", "etag":
      "W/\\"0b04bc9f-240e-4a02-b7b2-5aac7849619d\\""}], "loadBalancingRules": [],
      "probes": [], "inboundNatRules": [], "inboundNatPools": [], "outboundNatRules":
      [], "resourceGuid": "b994b7e5-8ab7-49bb-8c6a-73d093e7b8b4", "provisioningState":
      "Succeeded"}, "etag": "W/\\"0b04bc9f-240e-4a02-b7b2-5aac7849619d\\""}'''
    headers:
      Accept: [application/json]
      Accept-Encoding: ['gzip, deflate']
      CommandName: [network lb frontend-ip delete]
      Connection: [keep-alive]
      Content-Length: ['1589']
      Content-Type: [application/json; charset=utf-8]
      User-Agent: [python/3.6.4 (Linux-4.11.0-1016-azure-x86_64-with-debian-9.3) requests/2.18.4
          msrest/0.4.26 msrest_azure/0.4.22 networkmanagementclient/1.8.0a1 Azure-SDK-For-Python
          AZURECLI/2.0.29.dev20180305185410.dev20180305185935]
      accept-language: [en-US]
    method: PUT
    uri: https://management.azure.com/subscriptions/00000000-0000-0000-0000-000000000000/resourceGroups/cli_test_load_balancer_ip_config000001/providers/Microsoft.Network/loadBalancers/lb1?api-version=2018-01-01
  response:
    body: {string: "{\r\n  \"name\": \"lb1\",\r\n  \"id\": \"/subscriptions/00000000-0000-0000-0000-000000000000/resourceGroups/cli_test_load_balancer_ip_config000001/providers/Microsoft.Network/loadBalancers/lb1\",\r\n
        \ \"etag\": \"W/\\\"5a086424-eae4-4363-8d08-2597dffd8aba\\\"\",\r\n  \"type\":
        \"Microsoft.Network/loadBalancers\",\r\n  \"location\": \"westus\",\r\n  \"tags\":
        {},\r\n  \"properties\": {\r\n    \"provisioningState\": \"Succeeded\",\r\n
        \   \"resourceGuid\": \"b994b7e5-8ab7-49bb-8c6a-73d093e7b8b4\",\r\n    \"frontendIPConfigurations\":
        [\r\n      {\r\n        \"name\": \"LoadBalancerFrontEnd\",\r\n        \"id\":
        \"/subscriptions/00000000-0000-0000-0000-000000000000/resourceGroups/cli_test_load_balancer_ip_config000001/providers/Microsoft.Network/loadBalancers/lb1/frontendIPConfigurations/LoadBalancerFrontEnd\",\r\n
        \       \"etag\": \"W/\\\"5a086424-eae4-4363-8d08-2597dffd8aba\\\"\",\r\n
        \       \"properties\": {\r\n          \"provisioningState\": \"Succeeded\",\r\n
        \         \"privateIPAllocationMethod\": \"Dynamic\",\r\n          \"publicIPAddress\":
        {\r\n            \"id\": \"/subscriptions/00000000-0000-0000-0000-000000000000/resourceGroups/cli_test_load_balancer_ip_config000001/providers/Microsoft.Network/publicIPAddresses/publicip1\"\r\n
        \         }\r\n        }\r\n      }\r\n    ],\r\n    \"backendAddressPools\":
        [\r\n      {\r\n        \"name\": \"lb1bepool\",\r\n        \"id\": \"/subscriptions/00000000-0000-0000-0000-000000000000/resourceGroups/cli_test_load_balancer_ip_config000001/providers/Microsoft.Network/loadBalancers/lb1/backendAddressPools/lb1bepool\",\r\n
        \       \"etag\": \"W/\\\"5a086424-eae4-4363-8d08-2597dffd8aba\\\"\",\r\n
        \       \"properties\": {\r\n          \"provisioningState\": \"Succeeded\"\r\n
        \       }\r\n      }\r\n    ],\r\n    \"loadBalancingRules\": [],\r\n    \"probes\":
        [],\r\n    \"inboundNatRules\": [],\r\n    \"outboundNatRules\": [],\r\n    \"inboundNatPools\":
        []\r\n  },\r\n  \"sku\": {\r\n    \"name\": \"Basic\"\r\n  }\r\n}"}
    headers:
      azure-asyncoperation: ['https://management.azure.com/subscriptions/00000000-0000-0000-0000-000000000000/providers/Microsoft.Network/locations/westus/operations/f2973cca-16b3-43a6-908b-c39dd6878a90?api-version=2018-01-01']
      cache-control: [no-cache]
      content-length: ['1944']
      content-type: [application/json; charset=utf-8]
      date: ['Mon, 05 Mar 2018 19:41:39 GMT']
      expires: ['-1']
      pragma: [no-cache]
      server: [Microsoft-HTTPAPI/2.0, Microsoft-HTTPAPI/2.0]
      strict-transport-security: [max-age=31536000; includeSubDomains]
      transfer-encoding: [chunked]
      vary: [Accept-Encoding]
      x-content-type-options: [nosniff]
      x-ms-ratelimit-remaining-subscription-writes: ['1183']
    status: {code: 200, message: OK}
- request:
    body: null
    headers:
      Accept: [application/json]
      Accept-Encoding: ['gzip, deflate']
      CommandName: [network lb frontend-ip delete]
      Connection: [keep-alive]
      User-Agent: [python/3.6.4 (Linux-4.11.0-1016-azure-x86_64-with-debian-9.3) requests/2.18.4
          msrest/0.4.26 msrest_azure/0.4.22 networkmanagementclient/1.8.0a1 Azure-SDK-For-Python
          AZURECLI/2.0.29.dev20180305185410.dev20180305185935]
    method: GET
    uri: https://management.azure.com/subscriptions/00000000-0000-0000-0000-000000000000/providers/Microsoft.Network/locations/westus/operations/f2973cca-16b3-43a6-908b-c39dd6878a90?api-version=2018-01-01
  response:
    body: {string: "{\r\n  \"status\": \"Succeeded\"\r\n}"}
    headers:
      cache-control: [no-cache]
      content-length: ['29']
      content-type: [application/json; charset=utf-8]
      date: ['Mon, 05 Mar 2018 19:42:10 GMT']
      expires: ['-1']
      pragma: [no-cache]
      server: [Microsoft-HTTPAPI/2.0, Microsoft-HTTPAPI/2.0]
      strict-transport-security: [max-age=31536000; includeSubDomains]
      transfer-encoding: [chunked]
      vary: [Accept-Encoding]
      x-content-type-options: [nosniff]
    status: {code: 200, message: OK}
- request:
    body: null
    headers:
      Accept: [application/json]
      Accept-Encoding: ['gzip, deflate']
      CommandName: [network lb frontend-ip delete]
      Connection: [keep-alive]
      User-Agent: [python/3.6.4 (Linux-4.11.0-1016-azure-x86_64-with-debian-9.3) requests/2.18.4
          msrest/0.4.26 msrest_azure/0.4.22 networkmanagementclient/1.8.0a1 Azure-SDK-For-Python
          AZURECLI/2.0.29.dev20180305185410.dev20180305185935]
    method: GET
    uri: https://management.azure.com/subscriptions/00000000-0000-0000-0000-000000000000/resourceGroups/cli_test_load_balancer_ip_config000001/providers/Microsoft.Network/loadBalancers/lb1?api-version=2018-01-01
  response:
    body: {string: "{\r\n  \"name\": \"lb1\",\r\n  \"id\": \"/subscriptions/00000000-0000-0000-0000-000000000000/resourceGroups/cli_test_load_balancer_ip_config000001/providers/Microsoft.Network/loadBalancers/lb1\",\r\n
        \ \"etag\": \"W/\\\"5a086424-eae4-4363-8d08-2597dffd8aba\\\"\",\r\n  \"type\":
        \"Microsoft.Network/loadBalancers\",\r\n  \"location\": \"westus\",\r\n  \"tags\":
        {},\r\n  \"properties\": {\r\n    \"provisioningState\": \"Succeeded\",\r\n
        \   \"resourceGuid\": \"b994b7e5-8ab7-49bb-8c6a-73d093e7b8b4\",\r\n    \"frontendIPConfigurations\":
        [\r\n      {\r\n        \"name\": \"LoadBalancerFrontEnd\",\r\n        \"id\":
        \"/subscriptions/00000000-0000-0000-0000-000000000000/resourceGroups/cli_test_load_balancer_ip_config000001/providers/Microsoft.Network/loadBalancers/lb1/frontendIPConfigurations/LoadBalancerFrontEnd\",\r\n
        \       \"etag\": \"W/\\\"5a086424-eae4-4363-8d08-2597dffd8aba\\\"\",\r\n
        \       \"properties\": {\r\n          \"provisioningState\": \"Succeeded\",\r\n
        \         \"privateIPAllocationMethod\": \"Dynamic\",\r\n          \"publicIPAddress\":
        {\r\n            \"id\": \"/subscriptions/00000000-0000-0000-0000-000000000000/resourceGroups/cli_test_load_balancer_ip_config000001/providers/Microsoft.Network/publicIPAddresses/publicip1\"\r\n
        \         }\r\n        }\r\n      }\r\n    ],\r\n    \"backendAddressPools\":
        [\r\n      {\r\n        \"name\": \"lb1bepool\",\r\n        \"id\": \"/subscriptions/00000000-0000-0000-0000-000000000000/resourceGroups/cli_test_load_balancer_ip_config000001/providers/Microsoft.Network/loadBalancers/lb1/backendAddressPools/lb1bepool\",\r\n
        \       \"etag\": \"W/\\\"5a086424-eae4-4363-8d08-2597dffd8aba\\\"\",\r\n
        \       \"properties\": {\r\n          \"provisioningState\": \"Succeeded\"\r\n
        \       }\r\n      }\r\n    ],\r\n    \"loadBalancingRules\": [],\r\n    \"probes\":
        [],\r\n    \"inboundNatRules\": [],\r\n    \"outboundNatRules\": [],\r\n    \"inboundNatPools\":
        []\r\n  },\r\n  \"sku\": {\r\n    \"name\": \"Basic\"\r\n  }\r\n}"}
    headers:
      cache-control: [no-cache]
      content-length: ['1944']
      content-type: [application/json; charset=utf-8]
      date: ['Mon, 05 Mar 2018 19:42:12 GMT']
      etag: [W/"5a086424-eae4-4363-8d08-2597dffd8aba"]
      expires: ['-1']
      pragma: [no-cache]
      server: [Microsoft-HTTPAPI/2.0, Microsoft-HTTPAPI/2.0]
      strict-transport-security: [max-age=31536000; includeSubDomains]
      transfer-encoding: [chunked]
      vary: [Accept-Encoding]
      x-content-type-options: [nosniff]
    status: {code: 200, message: OK}
- request:
    body: null
    headers:
      Accept: [application/json]
      Accept-Encoding: ['gzip, deflate']
      CommandName: [network lb frontend-ip list]
      Connection: [keep-alive]
      Content-Type: [application/json; charset=utf-8]
      User-Agent: [python/3.6.4 (Linux-4.11.0-1016-azure-x86_64-with-debian-9.3) requests/2.18.4
          msrest/0.4.26 msrest_azure/0.4.22 networkmanagementclient/1.8.0a1 Azure-SDK-For-Python
          AZURECLI/2.0.29.dev20180305185410.dev20180305185935]
      accept-language: [en-US]
    method: GET
    uri: https://management.azure.com/subscriptions/00000000-0000-0000-0000-000000000000/resourceGroups/cli_test_load_balancer_ip_config000001/providers/Microsoft.Network/loadBalancers/lb1?api-version=2018-01-01
  response:
    body: {string: "{\r\n  \"name\": \"lb1\",\r\n  \"id\": \"/subscriptions/00000000-0000-0000-0000-000000000000/resourceGroups/cli_test_load_balancer_ip_config000001/providers/Microsoft.Network/loadBalancers/lb1\",\r\n
        \ \"etag\": \"W/\\\"5a086424-eae4-4363-8d08-2597dffd8aba\\\"\",\r\n  \"type\":
        \"Microsoft.Network/loadBalancers\",\r\n  \"location\": \"westus\",\r\n  \"tags\":
        {},\r\n  \"properties\": {\r\n    \"provisioningState\": \"Succeeded\",\r\n
        \   \"resourceGuid\": \"b994b7e5-8ab7-49bb-8c6a-73d093e7b8b4\",\r\n    \"frontendIPConfigurations\":
        [\r\n      {\r\n        \"name\": \"LoadBalancerFrontEnd\",\r\n        \"id\":
        \"/subscriptions/00000000-0000-0000-0000-000000000000/resourceGroups/cli_test_load_balancer_ip_config000001/providers/Microsoft.Network/loadBalancers/lb1/frontendIPConfigurations/LoadBalancerFrontEnd\",\r\n
        \       \"etag\": \"W/\\\"5a086424-eae4-4363-8d08-2597dffd8aba\\\"\",\r\n
        \       \"properties\": {\r\n          \"provisioningState\": \"Succeeded\",\r\n
        \         \"privateIPAllocationMethod\": \"Dynamic\",\r\n          \"publicIPAddress\":
        {\r\n            \"id\": \"/subscriptions/00000000-0000-0000-0000-000000000000/resourceGroups/cli_test_load_balancer_ip_config000001/providers/Microsoft.Network/publicIPAddresses/publicip1\"\r\n
        \         }\r\n        }\r\n      }\r\n    ],\r\n    \"backendAddressPools\":
        [\r\n      {\r\n        \"name\": \"lb1bepool\",\r\n        \"id\": \"/subscriptions/00000000-0000-0000-0000-000000000000/resourceGroups/cli_test_load_balancer_ip_config000001/providers/Microsoft.Network/loadBalancers/lb1/backendAddressPools/lb1bepool\",\r\n
        \       \"etag\": \"W/\\\"5a086424-eae4-4363-8d08-2597dffd8aba\\\"\",\r\n
        \       \"properties\": {\r\n          \"provisioningState\": \"Succeeded\"\r\n
        \       }\r\n      }\r\n    ],\r\n    \"loadBalancingRules\": [],\r\n    \"probes\":
        [],\r\n    \"inboundNatRules\": [],\r\n    \"outboundNatRules\": [],\r\n    \"inboundNatPools\":
        []\r\n  },\r\n  \"sku\": {\r\n    \"name\": \"Basic\"\r\n  }\r\n}"}
    headers:
      cache-control: [no-cache]
      content-length: ['1944']
      content-type: [application/json; charset=utf-8]
      date: ['Mon, 05 Mar 2018 19:42:13 GMT']
      etag: [W/"5a086424-eae4-4363-8d08-2597dffd8aba"]
      expires: ['-1']
      pragma: [no-cache]
      server: [Microsoft-HTTPAPI/2.0, Microsoft-HTTPAPI/2.0]
      strict-transport-security: [max-age=31536000; includeSubDomains]
      transfer-encoding: [chunked]
      vary: [Accept-Encoding]
      x-content-type-options: [nosniff]
    status: {code: 200, message: OK}
- request:
    body: null
    headers:
      Accept: [application/json]
      Accept-Encoding: ['gzip, deflate']
      CommandName: [network lb frontend-ip create]
      Connection: [keep-alive]
      Content-Type: [application/json; charset=utf-8]
      User-Agent: [python/3.6.4 (Linux-4.11.0-1016-azure-x86_64-with-debian-9.3) requests/2.18.4
          msrest/0.4.26 msrest_azure/0.4.22 networkmanagementclient/1.8.0a1 Azure-SDK-For-Python
          AZURECLI/2.0.29.dev20180305185410.dev20180305185935]
      accept-language: [en-US]
    method: GET
    uri: https://management.azure.com/subscriptions/00000000-0000-0000-0000-000000000000/resourceGroups/cli_test_load_balancer_ip_config000001/providers/Microsoft.Network/loadBalancers/lb2?api-version=2018-01-01
  response:
    body: {string: "{\r\n  \"name\": \"lb2\",\r\n  \"id\": \"/subscriptions/00000000-0000-0000-0000-000000000000/resourceGroups/cli_test_load_balancer_ip_config000001/providers/Microsoft.Network/loadBalancers/lb2\",\r\n
        \ \"etag\": \"W/\\\"f36d86a2-a64d-4769-8015-2b20aa074b5d\\\"\",\r\n  \"type\":
        \"Microsoft.Network/loadBalancers\",\r\n  \"location\": \"westus\",\r\n  \"tags\":
        {},\r\n  \"properties\": {\r\n    \"provisioningState\": \"Succeeded\",\r\n
        \   \"resourceGuid\": \"c24ebb91-475f-452f-a684-0112ddd7915c\",\r\n    \"frontendIPConfigurations\":
        [\r\n      {\r\n        \"name\": \"LoadBalancerFrontEnd\",\r\n        \"id\":
        \"/subscriptions/00000000-0000-0000-0000-000000000000/resourceGroups/cli_test_load_balancer_ip_config000001/providers/Microsoft.Network/loadBalancers/lb2/frontendIPConfigurations/LoadBalancerFrontEnd\",\r\n
        \       \"etag\": \"W/\\\"f36d86a2-a64d-4769-8015-2b20aa074b5d\\\"\",\r\n
        \       \"properties\": {\r\n          \"provisioningState\": \"Succeeded\",\r\n
        \         \"privateIPAddress\": \"10.0.0.4\",\r\n          \"privateIPAllocationMethod\":
        \"Dynamic\",\r\n          \"subnet\": {\r\n            \"id\": \"/subscriptions/00000000-0000-0000-0000-000000000000/resourceGroups/cli_test_load_balancer_ip_config000001/providers/Microsoft.Network/virtualNetworks/vnet1/subnets/subnet1\"\r\n
        \         }\r\n        }\r\n      }\r\n    ],\r\n    \"backendAddressPools\":
        [\r\n      {\r\n        \"name\": \"lb2bepool\",\r\n        \"id\": \"/subscriptions/00000000-0000-0000-0000-000000000000/resourceGroups/cli_test_load_balancer_ip_config000001/providers/Microsoft.Network/loadBalancers/lb2/backendAddressPools/lb2bepool\",\r\n
        \       \"etag\": \"W/\\\"f36d86a2-a64d-4769-8015-2b20aa074b5d\\\"\",\r\n
        \       \"properties\": {\r\n          \"provisioningState\": \"Succeeded\"\r\n
        \       }\r\n      }\r\n    ],\r\n    \"loadBalancingRules\": [],\r\n    \"probes\":
        [],\r\n    \"inboundNatRules\": [],\r\n    \"outboundNatRules\": [],\r\n    \"inboundNatPools\":
        []\r\n  },\r\n  \"sku\": {\r\n    \"name\": \"Basic\"\r\n  }\r\n}"}
    headers:
      cache-control: [no-cache]
      content-length: ['1988']
      content-type: [application/json; charset=utf-8]
      date: ['Mon, 05 Mar 2018 19:42:14 GMT']
      etag: [W/"f36d86a2-a64d-4769-8015-2b20aa074b5d"]
      expires: ['-1']
      pragma: [no-cache]
      server: [Microsoft-HTTPAPI/2.0, Microsoft-HTTPAPI/2.0]
      strict-transport-security: [max-age=31536000; includeSubDomains]
      transfer-encoding: [chunked]
      vary: [Accept-Encoding]
      x-content-type-options: [nosniff]
    status: {code: 200, message: OK}
- request:
    body: 'b''{"id": "/subscriptions/00000000-0000-0000-0000-000000000000/resourceGroups/cli_test_load_balancer_ip_config000001/providers/Microsoft.Network/loadBalancers/lb2",
      "location": "westus", "tags": {}, "sku": {"name": "Basic"}, "properties": {"frontendIPConfigurations":
      [{"id": "/subscriptions/00000000-0000-0000-0000-000000000000/resourceGroups/cli_test_load_balancer_ip_config000001/providers/Microsoft.Network/loadBalancers/lb2/frontendIPConfigurations/LoadBalancerFrontEnd",
      "properties": {"privateIPAddress": "10.0.0.4", "privateIPAllocationMethod":
      "Dynamic", "subnet": {"id": "/subscriptions/00000000-0000-0000-0000-000000000000/resourceGroups/cli_test_load_balancer_ip_config000001/providers/Microsoft.Network/virtualNetworks/vnet1/subnets/subnet1"},
      "provisioningState": "Succeeded"}, "name": "LoadBalancerFrontEnd", "etag": "W/\\"f36d86a2-a64d-4769-8015-2b20aa074b5d\\""},
      {"properties": {"privateIPAddress": "10.0.0.99", "privateIPAllocationMethod":
      "dynamic", "subnet": {"id": "/subscriptions/00000000-0000-0000-0000-000000000000/resourceGroups/cli_test_load_balancer_ip_config000001/providers/Microsoft.Network/virtualNetworks/vnet1/subnets/subnet1"}},
      "name": "ipconfig2"}], "backendAddressPools": [{"id": "/subscriptions/00000000-0000-0000-0000-000000000000/resourceGroups/cli_test_load_balancer_ip_config000001/providers/Microsoft.Network/loadBalancers/lb2/backendAddressPools/lb2bepool",
      "properties": {"provisioningState": "Succeeded"}, "name": "lb2bepool", "etag":
      "W/\\"f36d86a2-a64d-4769-8015-2b20aa074b5d\\""}], "loadBalancingRules": [],
      "probes": [], "inboundNatRules": [], "inboundNatPools": [], "outboundNatRules":
      [], "resourceGuid": "c24ebb91-475f-452f-a684-0112ddd7915c", "provisioningState":
      "Succeeded"}, "etag": "W/\\"f36d86a2-a64d-4769-8015-2b20aa074b5d\\""}'''
    headers:
      Accept: [application/json]
      Accept-Encoding: ['gzip, deflate']
      CommandName: [network lb frontend-ip create]
      Connection: [keep-alive]
      Content-Length: ['1964']
      Content-Type: [application/json; charset=utf-8]
      User-Agent: [python/3.6.4 (Linux-4.11.0-1016-azure-x86_64-with-debian-9.3) requests/2.18.4
          msrest/0.4.26 msrest_azure/0.4.22 networkmanagementclient/1.8.0a1 Azure-SDK-For-Python
          AZURECLI/2.0.29.dev20180305185410.dev20180305185935]
      accept-language: [en-US]
    method: PUT
    uri: https://management.azure.com/subscriptions/00000000-0000-0000-0000-000000000000/resourceGroups/cli_test_load_balancer_ip_config000001/providers/Microsoft.Network/loadBalancers/lb2?api-version=2018-01-01
  response:
    body: {string: "{\r\n  \"name\": \"lb2\",\r\n  \"id\": \"/subscriptions/00000000-0000-0000-0000-000000000000/resourceGroups/cli_test_load_balancer_ip_config000001/providers/Microsoft.Network/loadBalancers/lb2\",\r\n
        \ \"etag\": \"W/\\\"824d20f9-1c8a-4c16-a247-e43ddc8bf89b\\\"\",\r\n  \"type\":
        \"Microsoft.Network/loadBalancers\",\r\n  \"location\": \"westus\",\r\n  \"tags\":
        {},\r\n  \"properties\": {\r\n    \"provisioningState\": \"Succeeded\",\r\n
        \   \"resourceGuid\": \"c24ebb91-475f-452f-a684-0112ddd7915c\",\r\n    \"frontendIPConfigurations\":
        [\r\n      {\r\n        \"name\": \"LoadBalancerFrontEnd\",\r\n        \"id\":
        \"/subscriptions/00000000-0000-0000-0000-000000000000/resourceGroups/cli_test_load_balancer_ip_config000001/providers/Microsoft.Network/loadBalancers/lb2/frontendIPConfigurations/LoadBalancerFrontEnd\",\r\n
        \       \"etag\": \"W/\\\"824d20f9-1c8a-4c16-a247-e43ddc8bf89b\\\"\",\r\n
        \       \"properties\": {\r\n          \"provisioningState\": \"Succeeded\",\r\n
        \         \"privateIPAddress\": \"10.0.0.4\",\r\n          \"privateIPAllocationMethod\":
        \"Dynamic\",\r\n          \"subnet\": {\r\n            \"id\": \"/subscriptions/00000000-0000-0000-0000-000000000000/resourceGroups/cli_test_load_balancer_ip_config000001/providers/Microsoft.Network/virtualNetworks/vnet1/subnets/subnet1\"\r\n
        \         }\r\n        }\r\n      },\r\n      {\r\n        \"name\": \"ipconfig2\",\r\n
        \       \"id\": \"/subscriptions/00000000-0000-0000-0000-000000000000/resourceGroups/cli_test_load_balancer_ip_config000001/providers/Microsoft.Network/loadBalancers/lb2/frontendIPConfigurations/ipconfig2\",\r\n
        \       \"etag\": \"W/\\\"824d20f9-1c8a-4c16-a247-e43ddc8bf89b\\\"\",\r\n
        \       \"properties\": {\r\n          \"provisioningState\": \"Succeeded\",\r\n
        \         \"privateIPAddress\": \"10.0.0.5\",\r\n          \"privateIPAllocationMethod\":
        \"Dynamic\",\r\n          \"subnet\": {\r\n            \"id\": \"/subscriptions/00000000-0000-0000-0000-000000000000/resourceGroups/cli_test_load_balancer_ip_config000001/providers/Microsoft.Network/virtualNetworks/vnet1/subnets/subnet1\"\r\n
        \         }\r\n        }\r\n      }\r\n    ],\r\n    \"backendAddressPools\":
        [\r\n      {\r\n        \"name\": \"lb2bepool\",\r\n        \"id\": \"/subscriptions/00000000-0000-0000-0000-000000000000/resourceGroups/cli_test_load_balancer_ip_config000001/providers/Microsoft.Network/loadBalancers/lb2/backendAddressPools/lb2bepool\",\r\n
        \       \"etag\": \"W/\\\"824d20f9-1c8a-4c16-a247-e43ddc8bf89b\\\"\",\r\n
        \       \"properties\": {\r\n          \"provisioningState\": \"Succeeded\"\r\n
        \       }\r\n      }\r\n    ],\r\n    \"loadBalancingRules\": [],\r\n    \"probes\":
        [],\r\n    \"inboundNatRules\": [],\r\n    \"outboundNatRules\": [],\r\n    \"inboundNatPools\":
        []\r\n  },\r\n  \"sku\": {\r\n    \"name\": \"Basic\"\r\n  }\r\n}"}
    headers:
      azure-asyncoperation: ['https://management.azure.com/subscriptions/00000000-0000-0000-0000-000000000000/providers/Microsoft.Network/locations/westus/operations/60897209-cf9e-4857-9bc2-f171997ae7d6?api-version=2018-01-01']
      cache-control: [no-cache]
      content-length: ['2783']
      content-type: [application/json; charset=utf-8]
      date: ['Mon, 05 Mar 2018 19:42:16 GMT']
      expires: ['-1']
      pragma: [no-cache]
      server: [Microsoft-HTTPAPI/2.0, Microsoft-HTTPAPI/2.0]
      strict-transport-security: [max-age=31536000; includeSubDomains]
      transfer-encoding: [chunked]
      vary: [Accept-Encoding]
      x-content-type-options: [nosniff]
      x-ms-ratelimit-remaining-subscription-writes: ['1189']
    status: {code: 200, message: OK}
- request:
    body: null
    headers:
      Accept: [application/json]
      Accept-Encoding: ['gzip, deflate']
      CommandName: [network lb frontend-ip create]
      Connection: [keep-alive]
      User-Agent: [python/3.6.4 (Linux-4.11.0-1016-azure-x86_64-with-debian-9.3) requests/2.18.4
          msrest/0.4.26 msrest_azure/0.4.22 networkmanagementclient/1.8.0a1 Azure-SDK-For-Python
          AZURECLI/2.0.29.dev20180305185410.dev20180305185935]
    method: GET
    uri: https://management.azure.com/subscriptions/00000000-0000-0000-0000-000000000000/providers/Microsoft.Network/locations/westus/operations/60897209-cf9e-4857-9bc2-f171997ae7d6?api-version=2018-01-01
  response:
    body: {string: "{\r\n  \"status\": \"Succeeded\"\r\n}"}
    headers:
      cache-control: [no-cache]
      content-length: ['29']
      content-type: [application/json; charset=utf-8]
      date: ['Mon, 05 Mar 2018 19:42:47 GMT']
      expires: ['-1']
      pragma: [no-cache]
      server: [Microsoft-HTTPAPI/2.0, Microsoft-HTTPAPI/2.0]
      strict-transport-security: [max-age=31536000; includeSubDomains]
      transfer-encoding: [chunked]
      vary: [Accept-Encoding]
      x-content-type-options: [nosniff]
    status: {code: 200, message: OK}
- request:
    body: null
    headers:
      Accept: [application/json]
      Accept-Encoding: ['gzip, deflate']
      CommandName: [network lb frontend-ip create]
      Connection: [keep-alive]
      User-Agent: [python/3.6.4 (Linux-4.11.0-1016-azure-x86_64-with-debian-9.3) requests/2.18.4
          msrest/0.4.26 msrest_azure/0.4.22 networkmanagementclient/1.8.0a1 Azure-SDK-For-Python
          AZURECLI/2.0.29.dev20180305185410.dev20180305185935]
    method: GET
    uri: https://management.azure.com/subscriptions/00000000-0000-0000-0000-000000000000/resourceGroups/cli_test_load_balancer_ip_config000001/providers/Microsoft.Network/loadBalancers/lb2?api-version=2018-01-01
  response:
    body: {string: "{\r\n  \"name\": \"lb2\",\r\n  \"id\": \"/subscriptions/00000000-0000-0000-0000-000000000000/resourceGroups/cli_test_load_balancer_ip_config000001/providers/Microsoft.Network/loadBalancers/lb2\",\r\n
        \ \"etag\": \"W/\\\"824d20f9-1c8a-4c16-a247-e43ddc8bf89b\\\"\",\r\n  \"type\":
        \"Microsoft.Network/loadBalancers\",\r\n  \"location\": \"westus\",\r\n  \"tags\":
        {},\r\n  \"properties\": {\r\n    \"provisioningState\": \"Succeeded\",\r\n
        \   \"resourceGuid\": \"c24ebb91-475f-452f-a684-0112ddd7915c\",\r\n    \"frontendIPConfigurations\":
        [\r\n      {\r\n        \"name\": \"LoadBalancerFrontEnd\",\r\n        \"id\":
        \"/subscriptions/00000000-0000-0000-0000-000000000000/resourceGroups/cli_test_load_balancer_ip_config000001/providers/Microsoft.Network/loadBalancers/lb2/frontendIPConfigurations/LoadBalancerFrontEnd\",\r\n
        \       \"etag\": \"W/\\\"824d20f9-1c8a-4c16-a247-e43ddc8bf89b\\\"\",\r\n
        \       \"properties\": {\r\n          \"provisioningState\": \"Succeeded\",\r\n
        \         \"privateIPAddress\": \"10.0.0.4\",\r\n          \"privateIPAllocationMethod\":
        \"Dynamic\",\r\n          \"subnet\": {\r\n            \"id\": \"/subscriptions/00000000-0000-0000-0000-000000000000/resourceGroups/cli_test_load_balancer_ip_config000001/providers/Microsoft.Network/virtualNetworks/vnet1/subnets/subnet1\"\r\n
        \         }\r\n        }\r\n      },\r\n      {\r\n        \"name\": \"ipconfig2\",\r\n
        \       \"id\": \"/subscriptions/00000000-0000-0000-0000-000000000000/resourceGroups/cli_test_load_balancer_ip_config000001/providers/Microsoft.Network/loadBalancers/lb2/frontendIPConfigurations/ipconfig2\",\r\n
        \       \"etag\": \"W/\\\"824d20f9-1c8a-4c16-a247-e43ddc8bf89b\\\"\",\r\n
        \       \"properties\": {\r\n          \"provisioningState\": \"Succeeded\",\r\n
        \         \"privateIPAddress\": \"10.0.0.5\",\r\n          \"privateIPAllocationMethod\":
        \"Dynamic\",\r\n          \"subnet\": {\r\n            \"id\": \"/subscriptions/00000000-0000-0000-0000-000000000000/resourceGroups/cli_test_load_balancer_ip_config000001/providers/Microsoft.Network/virtualNetworks/vnet1/subnets/subnet1\"\r\n
        \         }\r\n        }\r\n      }\r\n    ],\r\n    \"backendAddressPools\":
        [\r\n      {\r\n        \"name\": \"lb2bepool\",\r\n        \"id\": \"/subscriptions/00000000-0000-0000-0000-000000000000/resourceGroups/cli_test_load_balancer_ip_config000001/providers/Microsoft.Network/loadBalancers/lb2/backendAddressPools/lb2bepool\",\r\n
        \       \"etag\": \"W/\\\"824d20f9-1c8a-4c16-a247-e43ddc8bf89b\\\"\",\r\n
        \       \"properties\": {\r\n          \"provisioningState\": \"Succeeded\"\r\n
        \       }\r\n      }\r\n    ],\r\n    \"loadBalancingRules\": [],\r\n    \"probes\":
        [],\r\n    \"inboundNatRules\": [],\r\n    \"outboundNatRules\": [],\r\n    \"inboundNatPools\":
        []\r\n  },\r\n  \"sku\": {\r\n    \"name\": \"Basic\"\r\n  }\r\n}"}
    headers:
      cache-control: [no-cache]
      content-length: ['2783']
      content-type: [application/json; charset=utf-8]
      date: ['Mon, 05 Mar 2018 19:42:49 GMT']
      etag: [W/"824d20f9-1c8a-4c16-a247-e43ddc8bf89b"]
      expires: ['-1']
      pragma: [no-cache]
      server: [Microsoft-HTTPAPI/2.0, Microsoft-HTTPAPI/2.0]
      strict-transport-security: [max-age=31536000; includeSubDomains]
      transfer-encoding: [chunked]
      vary: [Accept-Encoding]
      x-content-type-options: [nosniff]
    status: {code: 200, message: OK}
- request:
    body: null
    headers:
      Accept: [application/json]
      Accept-Encoding: ['gzip, deflate']
      CommandName: [network lb frontend-ip list]
      Connection: [keep-alive]
      Content-Type: [application/json; charset=utf-8]
      User-Agent: [python/3.6.4 (Linux-4.11.0-1016-azure-x86_64-with-debian-9.3) requests/2.18.4
          msrest/0.4.26 msrest_azure/0.4.22 networkmanagementclient/1.8.0a1 Azure-SDK-For-Python
          AZURECLI/2.0.29.dev20180305185410.dev20180305185935]
      accept-language: [en-US]
    method: GET
    uri: https://management.azure.com/subscriptions/00000000-0000-0000-0000-000000000000/resourceGroups/cli_test_load_balancer_ip_config000001/providers/Microsoft.Network/loadBalancers/lb2?api-version=2018-01-01
  response:
    body: {string: "{\r\n  \"name\": \"lb2\",\r\n  \"id\": \"/subscriptions/00000000-0000-0000-0000-000000000000/resourceGroups/cli_test_load_balancer_ip_config000001/providers/Microsoft.Network/loadBalancers/lb2\",\r\n
        \ \"etag\": \"W/\\\"824d20f9-1c8a-4c16-a247-e43ddc8bf89b\\\"\",\r\n  \"type\":
        \"Microsoft.Network/loadBalancers\",\r\n  \"location\": \"westus\",\r\n  \"tags\":
        {},\r\n  \"properties\": {\r\n    \"provisioningState\": \"Succeeded\",\r\n
        \   \"resourceGuid\": \"c24ebb91-475f-452f-a684-0112ddd7915c\",\r\n    \"frontendIPConfigurations\":
        [\r\n      {\r\n        \"name\": \"LoadBalancerFrontEnd\",\r\n        \"id\":
        \"/subscriptions/00000000-0000-0000-0000-000000000000/resourceGroups/cli_test_load_balancer_ip_config000001/providers/Microsoft.Network/loadBalancers/lb2/frontendIPConfigurations/LoadBalancerFrontEnd\",\r\n
        \       \"etag\": \"W/\\\"824d20f9-1c8a-4c16-a247-e43ddc8bf89b\\\"\",\r\n
        \       \"properties\": {\r\n          \"provisioningState\": \"Succeeded\",\r\n
        \         \"privateIPAddress\": \"10.0.0.4\",\r\n          \"privateIPAllocationMethod\":
        \"Dynamic\",\r\n          \"subnet\": {\r\n            \"id\": \"/subscriptions/00000000-0000-0000-0000-000000000000/resourceGroups/cli_test_load_balancer_ip_config000001/providers/Microsoft.Network/virtualNetworks/vnet1/subnets/subnet1\"\r\n
        \         }\r\n        }\r\n      },\r\n      {\r\n        \"name\": \"ipconfig2\",\r\n
        \       \"id\": \"/subscriptions/00000000-0000-0000-0000-000000000000/resourceGroups/cli_test_load_balancer_ip_config000001/providers/Microsoft.Network/loadBalancers/lb2/frontendIPConfigurations/ipconfig2\",\r\n
        \       \"etag\": \"W/\\\"824d20f9-1c8a-4c16-a247-e43ddc8bf89b\\\"\",\r\n
        \       \"properties\": {\r\n          \"provisioningState\": \"Succeeded\",\r\n
        \         \"privateIPAddress\": \"10.0.0.5\",\r\n          \"privateIPAllocationMethod\":
        \"Dynamic\",\r\n          \"subnet\": {\r\n            \"id\": \"/subscriptions/00000000-0000-0000-0000-000000000000/resourceGroups/cli_test_load_balancer_ip_config000001/providers/Microsoft.Network/virtualNetworks/vnet1/subnets/subnet1\"\r\n
        \         }\r\n        }\r\n      }\r\n    ],\r\n    \"backendAddressPools\":
        [\r\n      {\r\n        \"name\": \"lb2bepool\",\r\n        \"id\": \"/subscriptions/00000000-0000-0000-0000-000000000000/resourceGroups/cli_test_load_balancer_ip_config000001/providers/Microsoft.Network/loadBalancers/lb2/backendAddressPools/lb2bepool\",\r\n
        \       \"etag\": \"W/\\\"824d20f9-1c8a-4c16-a247-e43ddc8bf89b\\\"\",\r\n
        \       \"properties\": {\r\n          \"provisioningState\": \"Succeeded\"\r\n
        \       }\r\n      }\r\n    ],\r\n    \"loadBalancingRules\": [],\r\n    \"probes\":
        [],\r\n    \"inboundNatRules\": [],\r\n    \"outboundNatRules\": [],\r\n    \"inboundNatPools\":
        []\r\n  },\r\n  \"sku\": {\r\n    \"name\": \"Basic\"\r\n  }\r\n}"}
    headers:
      cache-control: [no-cache]
      content-length: ['2783']
      content-type: [application/json; charset=utf-8]
      date: ['Mon, 05 Mar 2018 19:42:50 GMT']
      etag: [W/"824d20f9-1c8a-4c16-a247-e43ddc8bf89b"]
      expires: ['-1']
      pragma: [no-cache]
      server: [Microsoft-HTTPAPI/2.0, Microsoft-HTTPAPI/2.0]
      strict-transport-security: [max-age=31536000; includeSubDomains]
      transfer-encoding: [chunked]
      vary: [Accept-Encoding]
      x-content-type-options: [nosniff]
    status: {code: 200, message: OK}
- request:
    body: null
    headers:
      Accept: [application/json]
      Accept-Encoding: ['gzip, deflate']
      CommandName: [network lb frontend-ip update]
      Connection: [keep-alive]
      Content-Type: [application/json; charset=utf-8]
      User-Agent: [python/3.6.4 (Linux-4.11.0-1016-azure-x86_64-with-debian-9.3) requests/2.18.4
          msrest/0.4.26 msrest_azure/0.4.22 networkmanagementclient/1.8.0a1 Azure-SDK-For-Python
          AZURECLI/2.0.29.dev20180305185410.dev20180305185935]
      accept-language: [en-US]
    method: GET
    uri: https://management.azure.com/subscriptions/00000000-0000-0000-0000-000000000000/resourceGroups/cli_test_load_balancer_ip_config000001/providers/Microsoft.Network/loadBalancers/lb2?api-version=2018-01-01
  response:
    body: {string: "{\r\n  \"name\": \"lb2\",\r\n  \"id\": \"/subscriptions/00000000-0000-0000-0000-000000000000/resourceGroups/cli_test_load_balancer_ip_config000001/providers/Microsoft.Network/loadBalancers/lb2\",\r\n
        \ \"etag\": \"W/\\\"824d20f9-1c8a-4c16-a247-e43ddc8bf89b\\\"\",\r\n  \"type\":
        \"Microsoft.Network/loadBalancers\",\r\n  \"location\": \"westus\",\r\n  \"tags\":
        {},\r\n  \"properties\": {\r\n    \"provisioningState\": \"Succeeded\",\r\n
        \   \"resourceGuid\": \"c24ebb91-475f-452f-a684-0112ddd7915c\",\r\n    \"frontendIPConfigurations\":
        [\r\n      {\r\n        \"name\": \"LoadBalancerFrontEnd\",\r\n        \"id\":
        \"/subscriptions/00000000-0000-0000-0000-000000000000/resourceGroups/cli_test_load_balancer_ip_config000001/providers/Microsoft.Network/loadBalancers/lb2/frontendIPConfigurations/LoadBalancerFrontEnd\",\r\n
        \       \"etag\": \"W/\\\"824d20f9-1c8a-4c16-a247-e43ddc8bf89b\\\"\",\r\n
        \       \"properties\": {\r\n          \"provisioningState\": \"Succeeded\",\r\n
        \         \"privateIPAddress\": \"10.0.0.4\",\r\n          \"privateIPAllocationMethod\":
        \"Dynamic\",\r\n          \"subnet\": {\r\n            \"id\": \"/subscriptions/00000000-0000-0000-0000-000000000000/resourceGroups/cli_test_load_balancer_ip_config000001/providers/Microsoft.Network/virtualNetworks/vnet1/subnets/subnet1\"\r\n
        \         }\r\n        }\r\n      },\r\n      {\r\n        \"name\": \"ipconfig2\",\r\n
        \       \"id\": \"/subscriptions/00000000-0000-0000-0000-000000000000/resourceGroups/cli_test_load_balancer_ip_config000001/providers/Microsoft.Network/loadBalancers/lb2/frontendIPConfigurations/ipconfig2\",\r\n
        \       \"etag\": \"W/\\\"824d20f9-1c8a-4c16-a247-e43ddc8bf89b\\\"\",\r\n
        \       \"properties\": {\r\n          \"provisioningState\": \"Succeeded\",\r\n
        \         \"privateIPAddress\": \"10.0.0.5\",\r\n          \"privateIPAllocationMethod\":
        \"Dynamic\",\r\n          \"subnet\": {\r\n            \"id\": \"/subscriptions/00000000-0000-0000-0000-000000000000/resourceGroups/cli_test_load_balancer_ip_config000001/providers/Microsoft.Network/virtualNetworks/vnet1/subnets/subnet1\"\r\n
        \         }\r\n        }\r\n      }\r\n    ],\r\n    \"backendAddressPools\":
        [\r\n      {\r\n        \"name\": \"lb2bepool\",\r\n        \"id\": \"/subscriptions/00000000-0000-0000-0000-000000000000/resourceGroups/cli_test_load_balancer_ip_config000001/providers/Microsoft.Network/loadBalancers/lb2/backendAddressPools/lb2bepool\",\r\n
        \       \"etag\": \"W/\\\"824d20f9-1c8a-4c16-a247-e43ddc8bf89b\\\"\",\r\n
        \       \"properties\": {\r\n          \"provisioningState\": \"Succeeded\"\r\n
        \       }\r\n      }\r\n    ],\r\n    \"loadBalancingRules\": [],\r\n    \"probes\":
        [],\r\n    \"inboundNatRules\": [],\r\n    \"outboundNatRules\": [],\r\n    \"inboundNatPools\":
        []\r\n  },\r\n  \"sku\": {\r\n    \"name\": \"Basic\"\r\n  }\r\n}"}
    headers:
      cache-control: [no-cache]
      content-length: ['2783']
      content-type: [application/json; charset=utf-8]
      date: ['Mon, 05 Mar 2018 19:42:51 GMT']
      etag: [W/"824d20f9-1c8a-4c16-a247-e43ddc8bf89b"]
      expires: ['-1']
      pragma: [no-cache]
      server: [Microsoft-HTTPAPI/2.0, Microsoft-HTTPAPI/2.0]
      strict-transport-security: [max-age=31536000; includeSubDomains]
      transfer-encoding: [chunked]
      vary: [Accept-Encoding]
      x-content-type-options: [nosniff]
    status: {code: 200, message: OK}
- request:
    body: 'b''{"id": "/subscriptions/00000000-0000-0000-0000-000000000000/resourceGroups/cli_test_load_balancer_ip_config000001/providers/Microsoft.Network/loadBalancers/lb2",
      "location": "westus", "tags": {}, "sku": {"name": "Basic"}, "properties": {"frontendIPConfigurations":
      [{"id": "/subscriptions/00000000-0000-0000-0000-000000000000/resourceGroups/cli_test_load_balancer_ip_config000001/providers/Microsoft.Network/loadBalancers/lb2/frontendIPConfigurations/LoadBalancerFrontEnd",
      "properties": {"privateIPAddress": "10.0.0.4", "privateIPAllocationMethod":
      "Dynamic", "subnet": {"id": "/subscriptions/00000000-0000-0000-0000-000000000000/resourceGroups/cli_test_load_balancer_ip_config000001/providers/Microsoft.Network/virtualNetworks/vnet1/subnets/subnet1"},
      "provisioningState": "Succeeded"}, "name": "LoadBalancerFrontEnd", "etag": "W/\\"824d20f9-1c8a-4c16-a247-e43ddc8bf89b\\""},
      {"id": "/subscriptions/00000000-0000-0000-0000-000000000000/resourceGroups/cli_test_load_balancer_ip_config000001/providers/Microsoft.Network/loadBalancers/lb2/frontendIPConfigurations/ipconfig2",
      "properties": {"privateIPAddress": "10.0.1.100", "subnet": {"id": "/subscriptions/00000000-0000-0000-0000-000000000000/resourceGroups/cli_test_load_balancer_ip_config000001/providers/Microsoft.Network/virtualNetworks/vnet1/subnets/subnet2"},
      "provisioningState": "Succeeded"}, "name": "ipconfig2", "etag": "W/\\"824d20f9-1c8a-4c16-a247-e43ddc8bf89b\\""}],
      "backendAddressPools": [{"id": "/subscriptions/00000000-0000-0000-0000-000000000000/resourceGroups/cli_test_load_balancer_ip_config000001/providers/Microsoft.Network/loadBalancers/lb2/backendAddressPools/lb2bepool",
      "properties": {"provisioningState": "Succeeded"}, "name": "lb2bepool", "etag":
      "W/\\"824d20f9-1c8a-4c16-a247-e43ddc8bf89b\\""}], "loadBalancingRules": [],
      "probes": [], "inboundNatRules": [], "inboundNatPools": [], "outboundNatRules":
      [], "resourceGuid": "c24ebb91-475f-452f-a684-0112ddd7915c", "provisioningState":
      "Succeeded"}, "etag": "W/\\"824d20f9-1c8a-4c16-a247-e43ddc8bf89b\\""}'''
    headers:
      Accept: [application/json]
      Accept-Encoding: ['gzip, deflate']
      CommandName: [network lb frontend-ip update]
      Connection: [keep-alive]
      Content-Length: ['2246']
      Content-Type: [application/json; charset=utf-8]
      User-Agent: [python/3.6.4 (Linux-4.11.0-1016-azure-x86_64-with-debian-9.3) requests/2.18.4
          msrest/0.4.26 msrest_azure/0.4.22 networkmanagementclient/1.8.0a1 Azure-SDK-For-Python
          AZURECLI/2.0.29.dev20180305185410.dev20180305185935]
      accept-language: [en-US]
    method: PUT
    uri: https://management.azure.com/subscriptions/00000000-0000-0000-0000-000000000000/resourceGroups/cli_test_load_balancer_ip_config000001/providers/Microsoft.Network/loadBalancers/lb2?api-version=2018-01-01
  response:
    body: {string: "{\r\n  \"name\": \"lb2\",\r\n  \"id\": \"/subscriptions/00000000-0000-0000-0000-000000000000/resourceGroups/cli_test_load_balancer_ip_config000001/providers/Microsoft.Network/loadBalancers/lb2\",\r\n
        \ \"etag\": \"W/\\\"3ff40298-9088-4c60-9533-217cb43ab667\\\"\",\r\n  \"type\":
        \"Microsoft.Network/loadBalancers\",\r\n  \"location\": \"westus\",\r\n  \"tags\":
        {},\r\n  \"properties\": {\r\n    \"provisioningState\": \"Succeeded\",\r\n
        \   \"resourceGuid\": \"c24ebb91-475f-452f-a684-0112ddd7915c\",\r\n    \"frontendIPConfigurations\":
        [\r\n      {\r\n        \"name\": \"LoadBalancerFrontEnd\",\r\n        \"id\":
        \"/subscriptions/00000000-0000-0000-0000-000000000000/resourceGroups/cli_test_load_balancer_ip_config000001/providers/Microsoft.Network/loadBalancers/lb2/frontendIPConfigurations/LoadBalancerFrontEnd\",\r\n
        \       \"etag\": \"W/\\\"3ff40298-9088-4c60-9533-217cb43ab667\\\"\",\r\n
        \       \"properties\": {\r\n          \"provisioningState\": \"Succeeded\",\r\n
        \         \"privateIPAddress\": \"10.0.0.4\",\r\n          \"privateIPAllocationMethod\":
        \"Dynamic\",\r\n          \"subnet\": {\r\n            \"id\": \"/subscriptions/00000000-0000-0000-0000-000000000000/resourceGroups/cli_test_load_balancer_ip_config000001/providers/Microsoft.Network/virtualNetworks/vnet1/subnets/subnet1\"\r\n
        \         }\r\n        }\r\n      },\r\n      {\r\n        \"name\": \"ipconfig2\",\r\n
        \       \"id\": \"/subscriptions/00000000-0000-0000-0000-000000000000/resourceGroups/cli_test_load_balancer_ip_config000001/providers/Microsoft.Network/loadBalancers/lb2/frontendIPConfigurations/ipconfig2\",\r\n
        \       \"etag\": \"W/\\\"3ff40298-9088-4c60-9533-217cb43ab667\\\"\",\r\n
        \       \"properties\": {\r\n          \"provisioningState\": \"Succeeded\",\r\n
        \         \"privateIPAddress\": \"10.0.1.4\",\r\n          \"privateIPAllocationMethod\":
        \"Dynamic\",\r\n          \"subnet\": {\r\n            \"id\": \"/subscriptions/00000000-0000-0000-0000-000000000000/resourceGroups/cli_test_load_balancer_ip_config000001/providers/Microsoft.Network/virtualNetworks/vnet1/subnets/subnet2\"\r\n
        \         }\r\n        }\r\n      }\r\n    ],\r\n    \"backendAddressPools\":
        [\r\n      {\r\n        \"name\": \"lb2bepool\",\r\n        \"id\": \"/subscriptions/00000000-0000-0000-0000-000000000000/resourceGroups/cli_test_load_balancer_ip_config000001/providers/Microsoft.Network/loadBalancers/lb2/backendAddressPools/lb2bepool\",\r\n
        \       \"etag\": \"W/\\\"3ff40298-9088-4c60-9533-217cb43ab667\\\"\",\r\n
        \       \"properties\": {\r\n          \"provisioningState\": \"Succeeded\"\r\n
        \       }\r\n      }\r\n    ],\r\n    \"loadBalancingRules\": [],\r\n    \"probes\":
        [],\r\n    \"inboundNatRules\": [],\r\n    \"outboundNatRules\": [],\r\n    \"inboundNatPools\":
        []\r\n  },\r\n  \"sku\": {\r\n    \"name\": \"Basic\"\r\n  }\r\n}"}
    headers:
      azure-asyncoperation: ['https://management.azure.com/subscriptions/00000000-0000-0000-0000-000000000000/providers/Microsoft.Network/locations/westus/operations/c94ceb13-d0ee-454c-b23f-b4e27af139de?api-version=2018-01-01']
      cache-control: [no-cache]
      content-length: ['2783']
      content-type: [application/json; charset=utf-8]
      date: ['Mon, 05 Mar 2018 19:42:52 GMT']
      expires: ['-1']
      pragma: [no-cache]
      server: [Microsoft-HTTPAPI/2.0, Microsoft-HTTPAPI/2.0]
      strict-transport-security: [max-age=31536000; includeSubDomains]
      transfer-encoding: [chunked]
      vary: [Accept-Encoding]
      x-content-type-options: [nosniff]
      x-ms-ratelimit-remaining-subscription-writes: ['1180']
    status: {code: 200, message: OK}
- request:
    body: null
    headers:
      Accept: [application/json]
      Accept-Encoding: ['gzip, deflate']
      CommandName: [network lb frontend-ip update]
      Connection: [keep-alive]
      User-Agent: [python/3.6.4 (Linux-4.11.0-1016-azure-x86_64-with-debian-9.3) requests/2.18.4
          msrest/0.4.26 msrest_azure/0.4.22 networkmanagementclient/1.8.0a1 Azure-SDK-For-Python
          AZURECLI/2.0.29.dev20180305185410.dev20180305185935]
    method: GET
    uri: https://management.azure.com/subscriptions/00000000-0000-0000-0000-000000000000/providers/Microsoft.Network/locations/westus/operations/c94ceb13-d0ee-454c-b23f-b4e27af139de?api-version=2018-01-01
  response:
    body: {string: "{\r\n  \"status\": \"Succeeded\"\r\n}"}
    headers:
      cache-control: [no-cache]
      content-length: ['29']
      content-type: [application/json; charset=utf-8]
      date: ['Mon, 05 Mar 2018 19:43:24 GMT']
      expires: ['-1']
      pragma: [no-cache]
      server: [Microsoft-HTTPAPI/2.0, Microsoft-HTTPAPI/2.0]
      strict-transport-security: [max-age=31536000; includeSubDomains]
      transfer-encoding: [chunked]
      vary: [Accept-Encoding]
      x-content-type-options: [nosniff]
    status: {code: 200, message: OK}
- request:
    body: null
    headers:
      Accept: [application/json]
      Accept-Encoding: ['gzip, deflate']
      CommandName: [network lb frontend-ip update]
      Connection: [keep-alive]
      User-Agent: [python/3.6.4 (Linux-4.11.0-1016-azure-x86_64-with-debian-9.3) requests/2.18.4
          msrest/0.4.26 msrest_azure/0.4.22 networkmanagementclient/1.8.0a1 Azure-SDK-For-Python
          AZURECLI/2.0.29.dev20180305185410.dev20180305185935]
    method: GET
    uri: https://management.azure.com/subscriptions/00000000-0000-0000-0000-000000000000/resourceGroups/cli_test_load_balancer_ip_config000001/providers/Microsoft.Network/loadBalancers/lb2?api-version=2018-01-01
  response:
    body: {string: "{\r\n  \"name\": \"lb2\",\r\n  \"id\": \"/subscriptions/00000000-0000-0000-0000-000000000000/resourceGroups/cli_test_load_balancer_ip_config000001/providers/Microsoft.Network/loadBalancers/lb2\",\r\n
        \ \"etag\": \"W/\\\"3ff40298-9088-4c60-9533-217cb43ab667\\\"\",\r\n  \"type\":
        \"Microsoft.Network/loadBalancers\",\r\n  \"location\": \"westus\",\r\n  \"tags\":
        {},\r\n  \"properties\": {\r\n    \"provisioningState\": \"Succeeded\",\r\n
        \   \"resourceGuid\": \"c24ebb91-475f-452f-a684-0112ddd7915c\",\r\n    \"frontendIPConfigurations\":
        [\r\n      {\r\n        \"name\": \"LoadBalancerFrontEnd\",\r\n        \"id\":
        \"/subscriptions/00000000-0000-0000-0000-000000000000/resourceGroups/cli_test_load_balancer_ip_config000001/providers/Microsoft.Network/loadBalancers/lb2/frontendIPConfigurations/LoadBalancerFrontEnd\",\r\n
        \       \"etag\": \"W/\\\"3ff40298-9088-4c60-9533-217cb43ab667\\\"\",\r\n
        \       \"properties\": {\r\n          \"provisioningState\": \"Succeeded\",\r\n
        \         \"privateIPAddress\": \"10.0.0.4\",\r\n          \"privateIPAllocationMethod\":
        \"Dynamic\",\r\n          \"subnet\": {\r\n            \"id\": \"/subscriptions/00000000-0000-0000-0000-000000000000/resourceGroups/cli_test_load_balancer_ip_config000001/providers/Microsoft.Network/virtualNetworks/vnet1/subnets/subnet1\"\r\n
        \         }\r\n        }\r\n      },\r\n      {\r\n        \"name\": \"ipconfig2\",\r\n
        \       \"id\": \"/subscriptions/00000000-0000-0000-0000-000000000000/resourceGroups/cli_test_load_balancer_ip_config000001/providers/Microsoft.Network/loadBalancers/lb2/frontendIPConfigurations/ipconfig2\",\r\n
        \       \"etag\": \"W/\\\"3ff40298-9088-4c60-9533-217cb43ab667\\\"\",\r\n
        \       \"properties\": {\r\n          \"provisioningState\": \"Succeeded\",\r\n
        \         \"privateIPAddress\": \"10.0.1.4\",\r\n          \"privateIPAllocationMethod\":
        \"Dynamic\",\r\n          \"subnet\": {\r\n            \"id\": \"/subscriptions/00000000-0000-0000-0000-000000000000/resourceGroups/cli_test_load_balancer_ip_config000001/providers/Microsoft.Network/virtualNetworks/vnet1/subnets/subnet2\"\r\n
        \         }\r\n        }\r\n      }\r\n    ],\r\n    \"backendAddressPools\":
        [\r\n      {\r\n        \"name\": \"lb2bepool\",\r\n        \"id\": \"/subscriptions/00000000-0000-0000-0000-000000000000/resourceGroups/cli_test_load_balancer_ip_config000001/providers/Microsoft.Network/loadBalancers/lb2/backendAddressPools/lb2bepool\",\r\n
        \       \"etag\": \"W/\\\"3ff40298-9088-4c60-9533-217cb43ab667\\\"\",\r\n
        \       \"properties\": {\r\n          \"provisioningState\": \"Succeeded\"\r\n
        \       }\r\n      }\r\n    ],\r\n    \"loadBalancingRules\": [],\r\n    \"probes\":
        [],\r\n    \"inboundNatRules\": [],\r\n    \"outboundNatRules\": [],\r\n    \"inboundNatPools\":
        []\r\n  },\r\n  \"sku\": {\r\n    \"name\": \"Basic\"\r\n  }\r\n}"}
    headers:
      cache-control: [no-cache]
      content-length: ['2783']
      content-type: [application/json; charset=utf-8]
      date: ['Mon, 05 Mar 2018 19:43:24 GMT']
      etag: [W/"3ff40298-9088-4c60-9533-217cb43ab667"]
      expires: ['-1']
      pragma: [no-cache]
      server: [Microsoft-HTTPAPI/2.0, Microsoft-HTTPAPI/2.0]
      strict-transport-security: [max-age=31536000; includeSubDomains]
      transfer-encoding: [chunked]
      vary: [Accept-Encoding]
      x-content-type-options: [nosniff]
    status: {code: 200, message: OK}
- request:
    body: null
    headers:
      Accept: [application/json]
      Accept-Encoding: ['gzip, deflate']
      CommandName: [network lb frontend-ip show]
      Connection: [keep-alive]
      Content-Type: [application/json; charset=utf-8]
      User-Agent: [python/3.6.4 (Linux-4.11.0-1016-azure-x86_64-with-debian-9.3) requests/2.18.4
          msrest/0.4.26 msrest_azure/0.4.22 networkmanagementclient/1.8.0a1 Azure-SDK-For-Python
          AZURECLI/2.0.29.dev20180305185410.dev20180305185935]
      accept-language: [en-US]
    method: GET
    uri: https://management.azure.com/subscriptions/00000000-0000-0000-0000-000000000000/resourceGroups/cli_test_load_balancer_ip_config000001/providers/Microsoft.Network/loadBalancers/lb2?api-version=2018-01-01
  response:
    body: {string: "{\r\n  \"name\": \"lb2\",\r\n  \"id\": \"/subscriptions/00000000-0000-0000-0000-000000000000/resourceGroups/cli_test_load_balancer_ip_config000001/providers/Microsoft.Network/loadBalancers/lb2\",\r\n
        \ \"etag\": \"W/\\\"3ff40298-9088-4c60-9533-217cb43ab667\\\"\",\r\n  \"type\":
        \"Microsoft.Network/loadBalancers\",\r\n  \"location\": \"westus\",\r\n  \"tags\":
        {},\r\n  \"properties\": {\r\n    \"provisioningState\": \"Succeeded\",\r\n
        \   \"resourceGuid\": \"c24ebb91-475f-452f-a684-0112ddd7915c\",\r\n    \"frontendIPConfigurations\":
        [\r\n      {\r\n        \"name\": \"LoadBalancerFrontEnd\",\r\n        \"id\":
        \"/subscriptions/00000000-0000-0000-0000-000000000000/resourceGroups/cli_test_load_balancer_ip_config000001/providers/Microsoft.Network/loadBalancers/lb2/frontendIPConfigurations/LoadBalancerFrontEnd\",\r\n
        \       \"etag\": \"W/\\\"3ff40298-9088-4c60-9533-217cb43ab667\\\"\",\r\n
        \       \"properties\": {\r\n          \"provisioningState\": \"Succeeded\",\r\n
        \         \"privateIPAddress\": \"10.0.0.4\",\r\n          \"privateIPAllocationMethod\":
        \"Dynamic\",\r\n          \"subnet\": {\r\n            \"id\": \"/subscriptions/00000000-0000-0000-0000-000000000000/resourceGroups/cli_test_load_balancer_ip_config000001/providers/Microsoft.Network/virtualNetworks/vnet1/subnets/subnet1\"\r\n
        \         }\r\n        }\r\n      },\r\n      {\r\n        \"name\": \"ipconfig2\",\r\n
        \       \"id\": \"/subscriptions/00000000-0000-0000-0000-000000000000/resourceGroups/cli_test_load_balancer_ip_config000001/providers/Microsoft.Network/loadBalancers/lb2/frontendIPConfigurations/ipconfig2\",\r\n
        \       \"etag\": \"W/\\\"3ff40298-9088-4c60-9533-217cb43ab667\\\"\",\r\n
        \       \"properties\": {\r\n          \"provisioningState\": \"Succeeded\",\r\n
        \         \"privateIPAddress\": \"10.0.1.4\",\r\n          \"privateIPAllocationMethod\":
        \"Dynamic\",\r\n          \"subnet\": {\r\n            \"id\": \"/subscriptions/00000000-0000-0000-0000-000000000000/resourceGroups/cli_test_load_balancer_ip_config000001/providers/Microsoft.Network/virtualNetworks/vnet1/subnets/subnet2\"\r\n
        \         }\r\n        }\r\n      }\r\n    ],\r\n    \"backendAddressPools\":
        [\r\n      {\r\n        \"name\": \"lb2bepool\",\r\n        \"id\": \"/subscriptions/00000000-0000-0000-0000-000000000000/resourceGroups/cli_test_load_balancer_ip_config000001/providers/Microsoft.Network/loadBalancers/lb2/backendAddressPools/lb2bepool\",\r\n
        \       \"etag\": \"W/\\\"3ff40298-9088-4c60-9533-217cb43ab667\\\"\",\r\n
        \       \"properties\": {\r\n          \"provisioningState\": \"Succeeded\"\r\n
        \       }\r\n      }\r\n    ],\r\n    \"loadBalancingRules\": [],\r\n    \"probes\":
        [],\r\n    \"inboundNatRules\": [],\r\n    \"outboundNatRules\": [],\r\n    \"inboundNatPools\":
        []\r\n  },\r\n  \"sku\": {\r\n    \"name\": \"Basic\"\r\n  }\r\n}"}
    headers:
      cache-control: [no-cache]
      content-length: ['2783']
      content-type: [application/json; charset=utf-8]
      date: ['Mon, 05 Mar 2018 19:43:26 GMT']
      etag: [W/"3ff40298-9088-4c60-9533-217cb43ab667"]
      expires: ['-1']
      pragma: [no-cache]
      server: [Microsoft-HTTPAPI/2.0, Microsoft-HTTPAPI/2.0]
      strict-transport-security: [max-age=31536000; includeSubDomains]
      transfer-encoding: [chunked]
      vary: [Accept-Encoding]
      x-content-type-options: [nosniff]
    status: {code: 200, message: OK}
- request:
    body: null
    headers:
      Accept: [application/json]
      Accept-Encoding: ['gzip, deflate']
      CommandName: [group delete]
      Connection: [keep-alive]
      Content-Length: ['0']
      Content-Type: [application/json; charset=utf-8]
      User-Agent: [python/3.6.4 (Linux-4.11.0-1016-azure-x86_64-with-debian-9.3) requests/2.18.4
          msrest/0.4.26 msrest_azure/0.4.22 resourcemanagementclient/1.2.1 Azure-SDK-For-Python
          AZURECLI/2.0.29.dev20180305185410.dev20180305185935]
      accept-language: [en-US]
    method: DELETE
    uri: https://management.azure.com/subscriptions/00000000-0000-0000-0000-000000000000/resourcegroups/cli_test_load_balancer_ip_config000001?api-version=2017-05-10
  response:
    body: {string: ''}
    headers:
      cache-control: [no-cache]
      content-length: ['0']
      date: ['Mon, 05 Mar 2018 19:43:28 GMT']
      expires: ['-1']
      location: ['https://management.azure.com/subscriptions/00000000-0000-0000-0000-000000000000/operationresults/eyJqb2JJZCI6IlJFU09VUkNFR1JPVVBERUxFVElPTkpPQi1DTEk6NUZURVNUOjVGTE9BRDo1RkJBTEFOQ0VSOjVGSVA6NUZDT05GSUdLQVJGSHxDNkJGMUE1RDQ1NDE4NkU0LVdFU1RVUyIsImpvYkxvY2F0aW9uIjoid2VzdHVzIn0?api-version=2017-05-10']
      pragma: [no-cache]
      strict-transport-security: [max-age=31536000; includeSubDomains]
      x-content-type-options: [nosniff]
      x-ms-ratelimit-remaining-subscription-writes: ['1181']
    status: {code: 202, message: Accepted}
version: 1
