interactions:
- request:
    body: '{"location": "westus", "tags": {"product": "azurecli", "cause": "automation",
      "date": "2019-03-01T09:38:10Z"}}'
    headers:
      Accept: [application/json]
      Accept-Encoding: ['gzip, deflate']
      CommandName: [group create]
      Connection: [keep-alive]
      Content-Length: ['110']
      Content-Type: [application/json; charset=utf-8]
      ParameterSetName: [--location --name --tag]
      User-Agent: [python/3.7.2 (Windows-10-10.0.17763-SP0) msrest/0.6.4 msrest_azure/0.4.34
          resourcemanagementclient/2.1.0 Azure-SDK-For-Python AZURECLI/2.0.60]
      accept-language: [en-US]
    method: PUT
    uri: https://management.azure.com/subscriptions/00000000-0000-0000-0000-000000000000/resourcegroups/clitest_privatedns000001?api-version=2018-05-01
  response:
    body: {string: '{"id":"/subscriptions/00000000-0000-0000-0000-000000000000/resourceGroups/clitest_privatedns000001","name":"clitest_privatedns000001","location":"westus","tags":{"product":"azurecli","cause":"automation","date":"2019-03-01T09:38:10Z"},"properties":{"provisioningState":"Succeeded"}}'}
    headers:
      cache-control: [no-cache]
      content-length: ['384']
      content-type: [application/json; charset=utf-8]
      date: ['Fri, 01 Mar 2019 09:38:13 GMT']
      expires: ['-1']
      pragma: [no-cache]
      strict-transport-security: [max-age=31536000; includeSubDomains]
      x-content-type-options: [nosniff]
      x-ms-ratelimit-remaining-subscription-writes: ['1199']
    status: {code: 201, message: Created}
- request:
    body: '{"location": "global"}'
    headers:
      Accept: [application/json]
      Accept-Encoding: ['gzip, deflate']
      CommandName: [network private-dns zone create]
      Connection: [keep-alive]
      Content-Length: ['22']
      Content-Type: [application/json; charset=utf-8]
      If-None-Match: ['*']
      ParameterSetName: [-g -n]
      User-Agent: [python/3.7.2 (Windows-10-10.0.17763-SP0) msrest/0.6.4 msrest_azure/0.4.34
          azure-mgmt-privatedns/0.1.0 Azure-SDK-For-Python AZURECLI/2.0.60]
      accept-language: [en-US]
    method: PUT
    uri: https://management.azure.com/subscriptions/00000000-0000-0000-0000-000000000000/resourceGroups/clitest_privatedns000001/providers/Microsoft.Network/privateDnsZones/clitest.privatedns.com000002?api-version=2018-09-01
  response:
    body: {string: '{}'}
    headers:
      azure-asyncoperation: ['https://management.azure.com:443/subscriptions/00000000-0000-0000-0000-000000000000/resourceGroups/clitest_privatedns000001/providers/Microsoft.Network/privateDnsOperationStatuses/RnJvbnRFbmRBc3luY09wZXJhdGlvbjtVcHNlcnRQcml2YXRlRG5zWm9uZTs1YjQ1YTM5NS1kOThmLTQ0OWQtOTM5Ny1mMjBkNWU2YTU5OTQ=?api-version=2018-09-01']
      cache-control: [private]
      content-length: ['2']
      content-type: [application/json; charset=utf-8]
      date: ['Fri, 01 Mar 2019 09:38:16 GMT']
      location: ['https://management.azure.com/subscriptions/00000000-0000-0000-0000-000000000000/resourceGroups/clitest_privatedns000001/providers/Microsoft.Network/privateDnsOperationResults/RnJvbnRFbmRBc3luY09wZXJhdGlvbjtVcHNlcnRQcml2YXRlRG5zWm9uZTs1YjQ1YTM5NS1kOThmLTQ0OWQtOTM5Ny1mMjBkNWU2YTU5OTQ=?api-version=2018-09-01']
      server: [Microsoft-IIS/10.0]
      strict-transport-security: [max-age=31536000; includeSubDomains]
      x-aspnet-version: [4.0.30319]
      x-content-type-options: [nosniff]
      x-ms-ratelimit-remaining-subscription-resource-requests: ['11999']
      x-powered-by: [ASP.NET]
    status: {code: 202, message: Accepted}
- request:
    body: null
    headers:
      Accept: [application/json]
      Accept-Encoding: ['gzip, deflate']
      CommandName: [network private-dns zone create]
      Connection: [keep-alive]
      ParameterSetName: [-g -n]
      User-Agent: [python/3.7.2 (Windows-10-10.0.17763-SP0) msrest/0.6.4 msrest_azure/0.4.34
          azure-mgmt-privatedns/0.1.0 Azure-SDK-For-Python AZURECLI/2.0.60]
    method: GET
    uri: https://management.azure.com/subscriptions/00000000-0000-0000-0000-000000000000/resourceGroups/clitest_privatedns000001/providers/Microsoft.Network/privateDnsOperationStatuses/RnJvbnRFbmRBc3luY09wZXJhdGlvbjtVcHNlcnRQcml2YXRlRG5zWm9uZTs1YjQ1YTM5NS1kOThmLTQ0OWQtOTM5Ny1mMjBkNWU2YTU5OTQ=?api-version=2018-09-01
  response:
    body: {string: '{"status":"InProgress"}'}
    headers:
      azure-asyncoperation: ['https://management.azure.com:443/subscriptions/00000000-0000-0000-0000-000000000000/resourceGroups/clitest_privatedns000001/providers/Microsoft.Network/privateDnsOperationStatuses/RnJvbnRFbmRBc3luY09wZXJhdGlvbjtVcHNlcnRQcml2YXRlRG5zWm9uZTs1YjQ1YTM5NS1kOThmLTQ0OWQtOTM5Ny1mMjBkNWU2YTU5OTQ=?api-version=2018-09-01']
      cache-control: [private]
      content-length: ['23']
      content-type: [application/json; charset=utf-8]
      date: ['Fri, 01 Mar 2019 09:38:20 GMT']
      location: ['https://management.azure.com/subscriptions/00000000-0000-0000-0000-000000000000/resourceGroups/clitest_privatedns000001/providers/Microsoft.Network/privateDnsOperationResults/RnJvbnRFbmRBc3luY09wZXJhdGlvbjtVcHNlcnRQcml2YXRlRG5zWm9uZTs1YjQ1YTM5NS1kOThmLTQ0OWQtOTM5Ny1mMjBkNWU2YTU5OTQ=?api-version=2018-09-01']
      server: [Microsoft-IIS/10.0]
      strict-transport-security: [max-age=31536000; includeSubDomains]
      x-aspnet-version: [4.0.30319]
      x-content-type-options: [nosniff]
      x-ms-ratelimit-remaining-subscription-resource-requests: ['11999']
      x-powered-by: [ASP.NET]
    status: {code: 202, message: Accepted}
- request:
    body: null
    headers:
      Accept: [application/json]
      Accept-Encoding: ['gzip, deflate']
      CommandName: [network private-dns zone create]
      Connection: [keep-alive]
      ParameterSetName: [-g -n]
      User-Agent: [python/3.7.2 (Windows-10-10.0.17763-SP0) msrest/0.6.4 msrest_azure/0.4.34
          azure-mgmt-privatedns/0.1.0 Azure-SDK-For-Python AZURECLI/2.0.60]
    method: GET
    uri: https://management.azure.com/subscriptions/00000000-0000-0000-0000-000000000000/resourceGroups/clitest_privatedns000001/providers/Microsoft.Network/privateDnsOperationStatuses/RnJvbnRFbmRBc3luY09wZXJhdGlvbjtVcHNlcnRQcml2YXRlRG5zWm9uZTs1YjQ1YTM5NS1kOThmLTQ0OWQtOTM5Ny1mMjBkNWU2YTU5OTQ=?api-version=2018-09-01
  response:
    body: {string: '{"status":"InProgress"}'}
    headers:
      azure-asyncoperation: ['https://management.azure.com:443/subscriptions/00000000-0000-0000-0000-000000000000/resourceGroups/clitest_privatedns000001/providers/Microsoft.Network/privateDnsOperationStatuses/RnJvbnRFbmRBc3luY09wZXJhdGlvbjtVcHNlcnRQcml2YXRlRG5zWm9uZTs1YjQ1YTM5NS1kOThmLTQ0OWQtOTM5Ny1mMjBkNWU2YTU5OTQ=?api-version=2018-09-01']
      cache-control: [private]
      content-length: ['23']
      content-type: [application/json; charset=utf-8]
      date: ['Fri, 01 Mar 2019 09:38:24 GMT']
      location: ['https://management.azure.com/subscriptions/00000000-0000-0000-0000-000000000000/resourceGroups/clitest_privatedns000001/providers/Microsoft.Network/privateDnsOperationResults/RnJvbnRFbmRBc3luY09wZXJhdGlvbjtVcHNlcnRQcml2YXRlRG5zWm9uZTs1YjQ1YTM5NS1kOThmLTQ0OWQtOTM5Ny1mMjBkNWU2YTU5OTQ=?api-version=2018-09-01']
      server: [Microsoft-IIS/10.0]
      strict-transport-security: [max-age=31536000; includeSubDomains]
      x-aspnet-version: [4.0.30319]
      x-content-type-options: [nosniff]
      x-ms-ratelimit-remaining-subscription-resource-requests: ['11998']
      x-powered-by: [ASP.NET]
    status: {code: 202, message: Accepted}
- request:
    body: null
    headers:
      Accept: [application/json]
      Accept-Encoding: ['gzip, deflate']
      CommandName: [network private-dns zone create]
      Connection: [keep-alive]
      ParameterSetName: [-g -n]
      User-Agent: [python/3.7.2 (Windows-10-10.0.17763-SP0) msrest/0.6.4 msrest_azure/0.4.34
          azure-mgmt-privatedns/0.1.0 Azure-SDK-For-Python AZURECLI/2.0.60]
    method: GET
    uri: https://management.azure.com/subscriptions/00000000-0000-0000-0000-000000000000/resourceGroups/clitest_privatedns000001/providers/Microsoft.Network/privateDnsOperationStatuses/RnJvbnRFbmRBc3luY09wZXJhdGlvbjtVcHNlcnRQcml2YXRlRG5zWm9uZTs1YjQ1YTM5NS1kOThmLTQ0OWQtOTM5Ny1mMjBkNWU2YTU5OTQ=?api-version=2018-09-01
  response:
    body: {string: '{"status":"InProgress"}'}
    headers:
      azure-asyncoperation: ['https://management.azure.com:443/subscriptions/00000000-0000-0000-0000-000000000000/resourceGroups/clitest_privatedns000001/providers/Microsoft.Network/privateDnsOperationStatuses/RnJvbnRFbmRBc3luY09wZXJhdGlvbjtVcHNlcnRQcml2YXRlRG5zWm9uZTs1YjQ1YTM5NS1kOThmLTQ0OWQtOTM5Ny1mMjBkNWU2YTU5OTQ=?api-version=2018-09-01']
      cache-control: [private]
      content-length: ['23']
      content-type: [application/json; charset=utf-8]
      date: ['Fri, 01 Mar 2019 09:38:26 GMT']
      location: ['https://management.azure.com/subscriptions/00000000-0000-0000-0000-000000000000/resourceGroups/clitest_privatedns000001/providers/Microsoft.Network/privateDnsOperationResults/RnJvbnRFbmRBc3luY09wZXJhdGlvbjtVcHNlcnRQcml2YXRlRG5zWm9uZTs1YjQ1YTM5NS1kOThmLTQ0OWQtOTM5Ny1mMjBkNWU2YTU5OTQ=?api-version=2018-09-01']
      server: [Microsoft-IIS/10.0]
      strict-transport-security: [max-age=31536000; includeSubDomains]
      x-aspnet-version: [4.0.30319]
      x-content-type-options: [nosniff]
      x-ms-ratelimit-remaining-subscription-resource-requests: ['11998']
      x-powered-by: [ASP.NET]
    status: {code: 202, message: Accepted}
- request:
    body: null
    headers:
      Accept: [application/json]
      Accept-Encoding: ['gzip, deflate']
      CommandName: [network private-dns zone create]
      Connection: [keep-alive]
      ParameterSetName: [-g -n]
      User-Agent: [python/3.7.2 (Windows-10-10.0.17763-SP0) msrest/0.6.4 msrest_azure/0.4.34
          azure-mgmt-privatedns/0.1.0 Azure-SDK-For-Python AZURECLI/2.0.60]
    method: GET
    uri: https://management.azure.com/subscriptions/00000000-0000-0000-0000-000000000000/resourceGroups/clitest_privatedns000001/providers/Microsoft.Network/privateDnsOperationStatuses/RnJvbnRFbmRBc3luY09wZXJhdGlvbjtVcHNlcnRQcml2YXRlRG5zWm9uZTs1YjQ1YTM5NS1kOThmLTQ0OWQtOTM5Ny1mMjBkNWU2YTU5OTQ=?api-version=2018-09-01
  response:
    body: {string: '{"status":"InProgress"}'}
    headers:
      azure-asyncoperation: ['https://management.azure.com:443/subscriptions/00000000-0000-0000-0000-000000000000/resourceGroups/clitest_privatedns000001/providers/Microsoft.Network/privateDnsOperationStatuses/RnJvbnRFbmRBc3luY09wZXJhdGlvbjtVcHNlcnRQcml2YXRlRG5zWm9uZTs1YjQ1YTM5NS1kOThmLTQ0OWQtOTM5Ny1mMjBkNWU2YTU5OTQ=?api-version=2018-09-01']
      cache-control: [private]
      content-length: ['23']
      content-type: [application/json; charset=utf-8]
      date: ['Fri, 01 Mar 2019 09:38:30 GMT']
      location: ['https://management.azure.com/subscriptions/00000000-0000-0000-0000-000000000000/resourceGroups/clitest_privatedns000001/providers/Microsoft.Network/privateDnsOperationResults/RnJvbnRFbmRBc3luY09wZXJhdGlvbjtVcHNlcnRQcml2YXRlRG5zWm9uZTs1YjQ1YTM5NS1kOThmLTQ0OWQtOTM5Ny1mMjBkNWU2YTU5OTQ=?api-version=2018-09-01']
      server: [Microsoft-IIS/10.0]
      strict-transport-security: [max-age=31536000; includeSubDomains]
      x-aspnet-version: [4.0.30319]
      x-content-type-options: [nosniff]
      x-ms-ratelimit-remaining-subscription-resource-requests: ['11998']
      x-powered-by: [ASP.NET]
    status: {code: 202, message: Accepted}
- request:
    body: null
    headers:
      Accept: [application/json]
      Accept-Encoding: ['gzip, deflate']
      CommandName: [network private-dns zone create]
      Connection: [keep-alive]
      ParameterSetName: [-g -n]
      User-Agent: [python/3.7.2 (Windows-10-10.0.17763-SP0) msrest/0.6.4 msrest_azure/0.4.34
          azure-mgmt-privatedns/0.1.0 Azure-SDK-For-Python AZURECLI/2.0.60]
    method: GET
    uri: https://management.azure.com/subscriptions/00000000-0000-0000-0000-000000000000/resourceGroups/clitest_privatedns000001/providers/Microsoft.Network/privateDnsOperationStatuses/RnJvbnRFbmRBc3luY09wZXJhdGlvbjtVcHNlcnRQcml2YXRlRG5zWm9uZTs1YjQ1YTM5NS1kOThmLTQ0OWQtOTM5Ny1mMjBkNWU2YTU5OTQ=?api-version=2018-09-01
  response:
    body: {string: '{"status":"InProgress"}'}
    headers:
      azure-asyncoperation: ['https://management.azure.com:443/subscriptions/00000000-0000-0000-0000-000000000000/resourceGroups/clitest_privatedns000001/providers/Microsoft.Network/privateDnsOperationStatuses/RnJvbnRFbmRBc3luY09wZXJhdGlvbjtVcHNlcnRQcml2YXRlRG5zWm9uZTs1YjQ1YTM5NS1kOThmLTQ0OWQtOTM5Ny1mMjBkNWU2YTU5OTQ=?api-version=2018-09-01']
      cache-control: [private]
      content-length: ['23']
      content-type: [application/json; charset=utf-8]
      date: ['Fri, 01 Mar 2019 09:38:34 GMT']
      location: ['https://management.azure.com/subscriptions/00000000-0000-0000-0000-000000000000/resourceGroups/clitest_privatedns000001/providers/Microsoft.Network/privateDnsOperationResults/RnJvbnRFbmRBc3luY09wZXJhdGlvbjtVcHNlcnRQcml2YXRlRG5zWm9uZTs1YjQ1YTM5NS1kOThmLTQ0OWQtOTM5Ny1mMjBkNWU2YTU5OTQ=?api-version=2018-09-01']
      server: [Microsoft-IIS/10.0]
      strict-transport-security: [max-age=31536000; includeSubDomains]
      x-aspnet-version: [4.0.30319]
      x-content-type-options: [nosniff]
      x-ms-ratelimit-remaining-subscription-resource-requests: ['11998']
      x-powered-by: [ASP.NET]
    status: {code: 202, message: Accepted}
- request:
    body: null
    headers:
      Accept: [application/json]
      Accept-Encoding: ['gzip, deflate']
      CommandName: [network private-dns zone create]
      Connection: [keep-alive]
      ParameterSetName: [-g -n]
      User-Agent: [python/3.7.2 (Windows-10-10.0.17763-SP0) msrest/0.6.4 msrest_azure/0.4.34
          azure-mgmt-privatedns/0.1.0 Azure-SDK-For-Python AZURECLI/2.0.60]
    method: GET
    uri: https://management.azure.com/subscriptions/00000000-0000-0000-0000-000000000000/resourceGroups/clitest_privatedns000001/providers/Microsoft.Network/privateDnsOperationStatuses/RnJvbnRFbmRBc3luY09wZXJhdGlvbjtVcHNlcnRQcml2YXRlRG5zWm9uZTs1YjQ1YTM5NS1kOThmLTQ0OWQtOTM5Ny1mMjBkNWU2YTU5OTQ=?api-version=2018-09-01
  response:
    body: {string: '{"status":"InProgress"}'}
    headers:
      azure-asyncoperation: ['https://management.azure.com:443/subscriptions/00000000-0000-0000-0000-000000000000/resourceGroups/clitest_privatedns000001/providers/Microsoft.Network/privateDnsOperationStatuses/RnJvbnRFbmRBc3luY09wZXJhdGlvbjtVcHNlcnRQcml2YXRlRG5zWm9uZTs1YjQ1YTM5NS1kOThmLTQ0OWQtOTM5Ny1mMjBkNWU2YTU5OTQ=?api-version=2018-09-01']
      cache-control: [private]
      content-length: ['23']
      content-type: [application/json; charset=utf-8]
      date: ['Fri, 01 Mar 2019 09:38:37 GMT']
      location: ['https://management.azure.com/subscriptions/00000000-0000-0000-0000-000000000000/resourceGroups/clitest_privatedns000001/providers/Microsoft.Network/privateDnsOperationResults/RnJvbnRFbmRBc3luY09wZXJhdGlvbjtVcHNlcnRQcml2YXRlRG5zWm9uZTs1YjQ1YTM5NS1kOThmLTQ0OWQtOTM5Ny1mMjBkNWU2YTU5OTQ=?api-version=2018-09-01']
      server: [Microsoft-IIS/10.0]
      strict-transport-security: [max-age=31536000; includeSubDomains]
      x-aspnet-version: [4.0.30319]
      x-content-type-options: [nosniff]
      x-ms-ratelimit-remaining-subscription-resource-requests: ['11997']
      x-powered-by: [ASP.NET]
    status: {code: 202, message: Accepted}
- request:
    body: null
    headers:
      Accept: [application/json]
      Accept-Encoding: ['gzip, deflate']
      CommandName: [network private-dns zone create]
      Connection: [keep-alive]
      ParameterSetName: [-g -n]
      User-Agent: [python/3.7.2 (Windows-10-10.0.17763-SP0) msrest/0.6.4 msrest_azure/0.4.34
          azure-mgmt-privatedns/0.1.0 Azure-SDK-For-Python AZURECLI/2.0.60]
    method: GET
    uri: https://management.azure.com/subscriptions/00000000-0000-0000-0000-000000000000/resourceGroups/clitest_privatedns000001/providers/Microsoft.Network/privateDnsOperationStatuses/RnJvbnRFbmRBc3luY09wZXJhdGlvbjtVcHNlcnRQcml2YXRlRG5zWm9uZTs1YjQ1YTM5NS1kOThmLTQ0OWQtOTM5Ny1mMjBkNWU2YTU5OTQ=?api-version=2018-09-01
  response:
    body: {string: '{"status":"InProgress"}'}
    headers:
      azure-asyncoperation: ['https://management.azure.com:443/subscriptions/00000000-0000-0000-0000-000000000000/resourceGroups/clitest_privatedns000001/providers/Microsoft.Network/privateDnsOperationStatuses/RnJvbnRFbmRBc3luY09wZXJhdGlvbjtVcHNlcnRQcml2YXRlRG5zWm9uZTs1YjQ1YTM5NS1kOThmLTQ0OWQtOTM5Ny1mMjBkNWU2YTU5OTQ=?api-version=2018-09-01']
      cache-control: [private]
      content-length: ['23']
      content-type: [application/json; charset=utf-8]
      date: ['Fri, 01 Mar 2019 09:38:40 GMT']
      location: ['https://management.azure.com/subscriptions/00000000-0000-0000-0000-000000000000/resourceGroups/clitest_privatedns000001/providers/Microsoft.Network/privateDnsOperationResults/RnJvbnRFbmRBc3luY09wZXJhdGlvbjtVcHNlcnRQcml2YXRlRG5zWm9uZTs1YjQ1YTM5NS1kOThmLTQ0OWQtOTM5Ny1mMjBkNWU2YTU5OTQ=?api-version=2018-09-01']
      server: [Microsoft-IIS/10.0]
      strict-transport-security: [max-age=31536000; includeSubDomains]
      x-aspnet-version: [4.0.30319]
      x-content-type-options: [nosniff]
      x-ms-ratelimit-remaining-subscription-resource-requests: ['11997']
      x-powered-by: [ASP.NET]
    status: {code: 202, message: Accepted}
- request:
    body: null
    headers:
      Accept: [application/json]
      Accept-Encoding: ['gzip, deflate']
      CommandName: [network private-dns zone create]
      Connection: [keep-alive]
      ParameterSetName: [-g -n]
      User-Agent: [python/3.7.2 (Windows-10-10.0.17763-SP0) msrest/0.6.4 msrest_azure/0.4.34
          azure-mgmt-privatedns/0.1.0 Azure-SDK-For-Python AZURECLI/2.0.60]
    method: GET
    uri: https://management.azure.com/subscriptions/00000000-0000-0000-0000-000000000000/resourceGroups/clitest_privatedns000001/providers/Microsoft.Network/privateDnsOperationStatuses/RnJvbnRFbmRBc3luY09wZXJhdGlvbjtVcHNlcnRQcml2YXRlRG5zWm9uZTs1YjQ1YTM5NS1kOThmLTQ0OWQtOTM5Ny1mMjBkNWU2YTU5OTQ=?api-version=2018-09-01
  response:
    body: {string: '{"status":"Succeeded"}'}
    headers:
      cache-control: [private]
      content-length: ['22']
      content-type: [application/json; charset=utf-8]
      date: ['Fri, 01 Mar 2019 09:38:45 GMT']
      server: [Microsoft-IIS/10.0]
      strict-transport-security: [max-age=31536000; includeSubDomains]
      transfer-encoding: [chunked]
      vary: [Accept-Encoding]
      x-aspnet-version: [4.0.30319]
      x-content-type-options: [nosniff]
      x-ms-ratelimit-remaining-subscription-resource-requests: ['11999']
      x-powered-by: [ASP.NET]
    status: {code: 200, message: OK}
- request:
    body: null
    headers:
      Accept: [application/json]
      Accept-Encoding: ['gzip, deflate']
      CommandName: [network private-dns zone create]
      Connection: [keep-alive]
      ParameterSetName: [-g -n]
      User-Agent: [python/3.7.2 (Windows-10-10.0.17763-SP0) msrest/0.6.4 msrest_azure/0.4.34
          azure-mgmt-privatedns/0.1.0 Azure-SDK-For-Python AZURECLI/2.0.60]
    method: GET
    uri: https://management.azure.com/subscriptions/00000000-0000-0000-0000-000000000000/resourceGroups/clitest_privatedns000001/providers/Microsoft.Network/privateDnsZones/clitest.privatedns.com000002?api-version=2018-09-01
  response:
    body: {string: '{"id":"\/subscriptions\/9e900494-c413-45af-bd52-0afe6ac97b06\/resourceGroups\/clitest_privatedns000001\/providers\/Microsoft.Network\/privateDnsZones\/clitest.privatedns.com000002","name":"clitest.privatedns.com000002","type":"Microsoft.Network\/privateDnsZones","etag":"28190aa1-ef54-4eb5-8376-e52b1e9bf664","location":"global","properties":{"maxNumberOfRecordSets":5000,"maxNumberOfVirtualNetworkLinks":10,"maxNumberOfVirtualNetworkLinksWithRegistration":1,"numberOfRecordSets":1,"numberOfVirtualNetworkLinks":0,"numberOfVirtualNetworkLinksWithRegistration":0,"provisioningState":"Succeeded"}}'}
    headers:
      cache-control: [private]
      content-length: ['660']
      content-type: [application/json; charset=utf-8]
      date: ['Fri, 01 Mar 2019 09:38:45 GMT']
      etag: [28190aa1-ef54-4eb5-8376-e52b1e9bf664]
      server: [Microsoft-IIS/10.0]
      strict-transport-security: [max-age=31536000; includeSubDomains]
      transfer-encoding: [chunked]
      vary: [Accept-Encoding]
      x-aspnet-version: [4.0.30319]
      x-content-type-options: [nosniff]
      x-ms-ratelimit-remaining-subscription-resource-requests: ['11999']
      x-powered-by: [ASP.NET]
    status: {code: 200, message: OK}
- request:
    body: null
    headers:
      Accept: [application/json]
      Accept-Encoding: ['gzip, deflate']
      CommandName: [network vnet create]
      Connection: [keep-alive]
      ParameterSetName: [-g -n]
      User-Agent: [python/3.7.2 (Windows-10-10.0.17763-SP0) msrest/0.6.4 msrest_azure/0.4.34
          resourcemanagementclient/2.1.0 Azure-SDK-For-Python AZURECLI/2.0.60]
      accept-language: [en-US]
    method: GET
    uri: https://management.azure.com/subscriptions/00000000-0000-0000-0000-000000000000/resourcegroups/clitest_privatedns000001?api-version=2018-05-01
  response:
    body: {string: '{"id":"/subscriptions/00000000-0000-0000-0000-000000000000/resourceGroups/clitest_privatedns000001","name":"clitest_privatedns000001","location":"westus","tags":{"product":"azurecli","cause":"automation","date":"2019-03-01T09:38:10Z"},"properties":{"provisioningState":"Succeeded"}}'}
    headers:
      cache-control: [no-cache]
      content-length: ['384']
      content-type: [application/json; charset=utf-8]
      date: ['Fri, 01 Mar 2019 09:38:46 GMT']
      expires: ['-1']
      pragma: [no-cache]
      strict-transport-security: [max-age=31536000; includeSubDomains]
      vary: [Accept-Encoding]
      x-content-type-options: [nosniff]
    status: {code: 200, message: OK}
- request:
    body: '{"location": "westus", "tags": {}, "properties": {"addressSpace": {"addressPrefixes":
      ["10.0.0.0/16"]}, "dhcpOptions": {}}}'
    headers:
      Accept: [application/json]
      Accept-Encoding: ['gzip, deflate']
      CommandName: [network vnet create]
      Connection: [keep-alive]
      Content-Length: ['123']
      Content-Type: [application/json; charset=utf-8]
      ParameterSetName: [-g -n]
      User-Agent: [python/3.7.2 (Windows-10-10.0.17763-SP0) msrest/0.6.4 msrest_azure/0.4.34
          networkmanagementclient/2.6.0rc1 Azure-SDK-For-Python AZURECLI/2.0.60]
      accept-language: [en-US]
    method: PUT
    uri: https://management.azure.com/subscriptions/00000000-0000-0000-0000-000000000000/resourceGroups/clitest_privatedns000001/providers/Microsoft.Network/virtualNetworks/clitestprivatednsvnet000003?api-version=2018-12-01
  response:
    body: {string: "{\r\n  \"name\": \"clitestprivatednsvnet000003\",\r\n  \"id\"\
        : \"/subscriptions/00000000-0000-0000-0000-000000000000/resourceGroups/clitest_privatedns000001/providers/Microsoft.Network/virtualNetworks/clitestprivatednsvnet000003\"\
        ,\r\n  \"etag\": \"W/\\\"349dfc4a-1582-4765-8fc5-e370321a01cc\\\"\",\r\n \
        \ \"type\": \"Microsoft.Network/virtualNetworks\",\r\n  \"location\": \"westus\"\
        ,\r\n  \"tags\": {},\r\n  \"properties\": {\r\n    \"provisioningState\":\
        \ \"Updating\",\r\n    \"resourceGuid\": \"2e47d58b-2a79-4a5a-996a-40e57c09be81\"\
        ,\r\n    \"addressSpace\": {\r\n      \"addressPrefixes\": [\r\n        \"\
        10.0.0.0/16\"\r\n      ]\r\n    },\r\n    \"dhcpOptions\": {\r\n      \"dnsServers\"\
        : []\r\n    },\r\n    \"subnets\": [],\r\n    \"virtualNetworkPeerings\":\
        \ [],\r\n    \"enableDdosProtection\": false,\r\n    \"enableVmProtection\"\
        : false\r\n  }\r\n}"}
    headers:
      azure-asyncoperation: ['https://management.azure.com/subscriptions/00000000-0000-0000-0000-000000000000/providers/Microsoft.Network/locations/westus/operations/6a1c60a6-0bff-44f4-a2ba-66b6c0812521?api-version=2018-12-01']
      cache-control: [no-cache]
      content-length: ['826']
      content-type: [application/json; charset=utf-8]
      date: ['Fri, 01 Mar 2019 09:38:48 GMT']
      expires: ['-1']
      pragma: [no-cache]
      server: [Microsoft-HTTPAPI/2.0, Microsoft-HTTPAPI/2.0]
      strict-transport-security: [max-age=31536000; includeSubDomains]
      x-content-type-options: [nosniff]
      x-ms-ratelimit-remaining-subscription-writes: ['1199']
    status: {code: 201, message: Created}
- request:
    body: null
    headers:
      Accept: [application/json]
      Accept-Encoding: ['gzip, deflate']
      CommandName: [network vnet create]
      Connection: [keep-alive]
      ParameterSetName: [-g -n]
      User-Agent: [python/3.7.2 (Windows-10-10.0.17763-SP0) msrest/0.6.4 msrest_azure/0.4.34
          networkmanagementclient/2.6.0rc1 Azure-SDK-For-Python AZURECLI/2.0.60]
    method: GET
    uri: https://management.azure.com/subscriptions/00000000-0000-0000-0000-000000000000/providers/Microsoft.Network/locations/westus/operations/6a1c60a6-0bff-44f4-a2ba-66b6c0812521?api-version=2018-12-01
  response:
    body: {string: "{\r\n  \"status\": \"Succeeded\"\r\n}"}
    headers:
      cache-control: [no-cache]
      content-length: ['29']
      content-type: [application/json; charset=utf-8]
      date: ['Fri, 01 Mar 2019 09:38:51 GMT']
      expires: ['-1']
      pragma: [no-cache]
      server: [Microsoft-HTTPAPI/2.0, Microsoft-HTTPAPI/2.0]
      strict-transport-security: [max-age=31536000; includeSubDomains]
      transfer-encoding: [chunked]
      vary: [Accept-Encoding]
      x-content-type-options: [nosniff]
    status: {code: 200, message: OK}
- request:
    body: null
    headers:
      Accept: [application/json]
      Accept-Encoding: ['gzip, deflate']
      CommandName: [network vnet create]
      Connection: [keep-alive]
      ParameterSetName: [-g -n]
      User-Agent: [python/3.7.2 (Windows-10-10.0.17763-SP0) msrest/0.6.4 msrest_azure/0.4.34
          networkmanagementclient/2.6.0rc1 Azure-SDK-For-Python AZURECLI/2.0.60]
    method: GET
    uri: https://management.azure.com/subscriptions/00000000-0000-0000-0000-000000000000/resourceGroups/clitest_privatedns000001/providers/Microsoft.Network/virtualNetworks/clitestprivatednsvnet000003?api-version=2018-12-01
  response:
    body: {string: "{\r\n  \"name\": \"clitestprivatednsvnet000003\",\r\n  \"id\"\
        : \"/subscriptions/00000000-0000-0000-0000-000000000000/resourceGroups/clitest_privatedns000001/providers/Microsoft.Network/virtualNetworks/clitestprivatednsvnet000003\"\
        ,\r\n  \"etag\": \"W/\\\"ca47d01e-d0b0-4de9-b56f-da3e6ef3f495\\\"\",\r\n \
        \ \"type\": \"Microsoft.Network/virtualNetworks\",\r\n  \"location\": \"westus\"\
        ,\r\n  \"tags\": {},\r\n  \"properties\": {\r\n    \"provisioningState\":\
        \ \"Succeeded\",\r\n    \"resourceGuid\": \"2e47d58b-2a79-4a5a-996a-40e57c09be81\"\
        ,\r\n    \"addressSpace\": {\r\n      \"addressPrefixes\": [\r\n        \"\
        10.0.0.0/16\"\r\n      ]\r\n    },\r\n    \"dhcpOptions\": {\r\n      \"dnsServers\"\
        : []\r\n    },\r\n    \"subnets\": [],\r\n    \"virtualNetworkPeerings\":\
        \ [],\r\n    \"enableDdosProtection\": false,\r\n    \"enableVmProtection\"\
        : false\r\n  }\r\n}"}
    headers:
      cache-control: [no-cache]
      content-length: ['827']
      content-type: [application/json; charset=utf-8]
      date: ['Fri, 01 Mar 2019 09:38:51 GMT']
      etag: [W/"ca47d01e-d0b0-4de9-b56f-da3e6ef3f495"]
      expires: ['-1']
      pragma: [no-cache]
      server: [Microsoft-HTTPAPI/2.0, Microsoft-HTTPAPI/2.0]
      strict-transport-security: [max-age=31536000; includeSubDomains]
      transfer-encoding: [chunked]
      vary: [Accept-Encoding]
      x-content-type-options: [nosniff]
    status: {code: 200, message: OK}
- request:
    body: 'b''b\''{"location": "global", "properties": {"virtualNetwork": {"id": "/subscriptions/00000000-0000-0000-0000-000000000000/resourceGroups/clitest_privatedns000001/providers/Microsoft.Network/virtualNetworks/clitestprivatednsvnet000003"},
      "registrationEnabled": true}}\'''''
    headers:
      Accept: [application/json]
      Accept-Encoding: ['gzip, deflate']
      CommandName: [network private-dns link vnet create]
      Connection: [keep-alive]
      Content-Length: ['319']
      Content-Type: [application/json; charset=utf-8]
      If-None-Match: ['*']
      ParameterSetName: [-g -n -z -v -e]
      User-Agent: [python/3.7.2 (Windows-10-10.0.17763-SP0) msrest/0.6.4 msrest_azure/0.4.34
          azure-mgmt-privatedns/0.1.0 Azure-SDK-For-Python AZURECLI/2.0.60]
      accept-language: [en-US]
    method: PUT
    uri: https://management.azure.com/subscriptions/00000000-0000-0000-0000-000000000000/resourceGroups/clitest_privatedns000001/providers/Microsoft.Network/privateDnsZones/clitest.privatedns.com000002/virtualNetworkLinks/clitestprivatednslink000004?api-version=2018-09-01
  response:
    body: {string: '{}'}
    headers:
      azure-asyncoperation: ['https://management.azure.com:443/subscriptions/00000000-0000-0000-0000-000000000000/resourceGroups/clitest_privatedns000001/providers/Microsoft.Network/privateDnsOperationStatuses/RnJvbnRFbmRBc3luY09wZXJhdGlvbjtVcHNlcnRWaXJ0dWFsTmV0d29ya0xpbms7ZjFkOGJkMWMtMzlhYy00NTNhLWE4MjEtMGFhMDY3MjE4ZDdh?api-version=2018-09-01']
      cache-control: [private]
      content-length: ['2']
      content-type: [application/json; charset=utf-8]
      date: ['Fri, 01 Mar 2019 09:38:54 GMT']
      location: ['https://management.azure.com/subscriptions/00000000-0000-0000-0000-000000000000/resourceGroups/clitest_privatedns000001/providers/Microsoft.Network/privateDnsOperationResults/RnJvbnRFbmRBc3luY09wZXJhdGlvbjtVcHNlcnRWaXJ0dWFsTmV0d29ya0xpbms7ZjFkOGJkMWMtMzlhYy00NTNhLWE4MjEtMGFhMDY3MjE4ZDdh?api-version=2018-09-01']
      server: [Microsoft-IIS/10.0]
      strict-transport-security: [max-age=31536000; includeSubDomains]
      x-aspnet-version: [4.0.30319]
      x-content-type-options: [nosniff]
      x-ms-ratelimit-remaining-subscription-resource-requests: ['11999']
      x-powered-by: [ASP.NET]
    status: {code: 202, message: Accepted}
- request:
    body: null
    headers:
      Accept: [application/json]
      Accept-Encoding: ['gzip, deflate']
      CommandName: [network private-dns link vnet create]
      Connection: [keep-alive]
      ParameterSetName: [-g -n -z -v -e]
      User-Agent: [python/3.7.2 (Windows-10-10.0.17763-SP0) msrest/0.6.4 msrest_azure/0.4.34
          azure-mgmt-privatedns/0.1.0 Azure-SDK-For-Python AZURECLI/2.0.60]
    method: GET
    uri: https://management.azure.com/subscriptions/00000000-0000-0000-0000-000000000000/resourceGroups/clitest_privatedns000001/providers/Microsoft.Network/privateDnsOperationStatuses/RnJvbnRFbmRBc3luY09wZXJhdGlvbjtVcHNlcnRWaXJ0dWFsTmV0d29ya0xpbms7ZjFkOGJkMWMtMzlhYy00NTNhLWE4MjEtMGFhMDY3MjE4ZDdh?api-version=2018-09-01
  response:
    body: {string: '{"status":"InProgress"}'}
    headers:
      azure-asyncoperation: ['https://management.azure.com:443/subscriptions/00000000-0000-0000-0000-000000000000/resourceGroups/clitest_privatedns000001/providers/Microsoft.Network/privateDnsOperationStatuses/RnJvbnRFbmRBc3luY09wZXJhdGlvbjtVcHNlcnRWaXJ0dWFsTmV0d29ya0xpbms7ZjFkOGJkMWMtMzlhYy00NTNhLWE4MjEtMGFhMDY3MjE4ZDdh?api-version=2018-09-01']
      cache-control: [private]
      content-length: ['23']
      content-type: [application/json; charset=utf-8]
      date: ['Fri, 01 Mar 2019 09:38:56 GMT']
      location: ['https://management.azure.com/subscriptions/00000000-0000-0000-0000-000000000000/resourceGroups/clitest_privatedns000001/providers/Microsoft.Network/privateDnsOperationResults/RnJvbnRFbmRBc3luY09wZXJhdGlvbjtVcHNlcnRWaXJ0dWFsTmV0d29ya0xpbms7ZjFkOGJkMWMtMzlhYy00NTNhLWE4MjEtMGFhMDY3MjE4ZDdh?api-version=2018-09-01']
      server: [Microsoft-IIS/10.0]
      strict-transport-security: [max-age=31536000; includeSubDomains]
      x-aspnet-version: [4.0.30319]
      x-content-type-options: [nosniff]
      x-ms-ratelimit-remaining-subscription-resource-requests: ['11997']
      x-powered-by: [ASP.NET]
    status: {code: 202, message: Accepted}
- request:
    body: null
    headers:
      Accept: [application/json]
      Accept-Encoding: ['gzip, deflate']
      CommandName: [network private-dns link vnet create]
      Connection: [keep-alive]
      ParameterSetName: [-g -n -z -v -e]
      User-Agent: [python/3.7.2 (Windows-10-10.0.17763-SP0) msrest/0.6.4 msrest_azure/0.4.34
          azure-mgmt-privatedns/0.1.0 Azure-SDK-For-Python AZURECLI/2.0.60]
    method: GET
    uri: https://management.azure.com/subscriptions/00000000-0000-0000-0000-000000000000/resourceGroups/clitest_privatedns000001/providers/Microsoft.Network/privateDnsOperationStatuses/RnJvbnRFbmRBc3luY09wZXJhdGlvbjtVcHNlcnRWaXJ0dWFsTmV0d29ya0xpbms7ZjFkOGJkMWMtMzlhYy00NTNhLWE4MjEtMGFhMDY3MjE4ZDdh?api-version=2018-09-01
  response:
    body: {string: '{"status":"InProgress"}'}
    headers:
      azure-asyncoperation: ['https://management.azure.com:443/subscriptions/00000000-0000-0000-0000-000000000000/resourceGroups/clitest_privatedns000001/providers/Microsoft.Network/privateDnsOperationStatuses/RnJvbnRFbmRBc3luY09wZXJhdGlvbjtVcHNlcnRWaXJ0dWFsTmV0d29ya0xpbms7ZjFkOGJkMWMtMzlhYy00NTNhLWE4MjEtMGFhMDY3MjE4ZDdh?api-version=2018-09-01']
      cache-control: [private]
      content-length: ['23']
      content-type: [application/json; charset=utf-8]
      date: ['Fri, 01 Mar 2019 09:39:00 GMT']
      location: ['https://management.azure.com/subscriptions/00000000-0000-0000-0000-000000000000/resourceGroups/clitest_privatedns000001/providers/Microsoft.Network/privateDnsOperationResults/RnJvbnRFbmRBc3luY09wZXJhdGlvbjtVcHNlcnRWaXJ0dWFsTmV0d29ya0xpbms7ZjFkOGJkMWMtMzlhYy00NTNhLWE4MjEtMGFhMDY3MjE4ZDdh?api-version=2018-09-01']
      server: [Microsoft-IIS/10.0]
      strict-transport-security: [max-age=31536000; includeSubDomains]
      x-aspnet-version: [4.0.30319]
      x-content-type-options: [nosniff]
      x-ms-ratelimit-remaining-subscription-resource-requests: ['11998']
      x-powered-by: [ASP.NET]
    status: {code: 202, message: Accepted}
- request:
    body: null
    headers:
      Accept: [application/json]
      Accept-Encoding: ['gzip, deflate']
      CommandName: [network private-dns link vnet create]
      Connection: [keep-alive]
      ParameterSetName: [-g -n -z -v -e]
      User-Agent: [python/3.7.2 (Windows-10-10.0.17763-SP0) msrest/0.6.4 msrest_azure/0.4.34
          azure-mgmt-privatedns/0.1.0 Azure-SDK-For-Python AZURECLI/2.0.60]
    method: GET
    uri: https://management.azure.com/subscriptions/00000000-0000-0000-0000-000000000000/resourceGroups/clitest_privatedns000001/providers/Microsoft.Network/privateDnsOperationStatuses/RnJvbnRFbmRBc3luY09wZXJhdGlvbjtVcHNlcnRWaXJ0dWFsTmV0d29ya0xpbms7ZjFkOGJkMWMtMzlhYy00NTNhLWE4MjEtMGFhMDY3MjE4ZDdh?api-version=2018-09-01
  response:
    body: {string: '{"status":"InProgress"}'}
    headers:
      azure-asyncoperation: ['https://management.azure.com:443/subscriptions/00000000-0000-0000-0000-000000000000/resourceGroups/clitest_privatedns000001/providers/Microsoft.Network/privateDnsOperationStatuses/RnJvbnRFbmRBc3luY09wZXJhdGlvbjtVcHNlcnRWaXJ0dWFsTmV0d29ya0xpbms7ZjFkOGJkMWMtMzlhYy00NTNhLWE4MjEtMGFhMDY3MjE4ZDdh?api-version=2018-09-01']
      cache-control: [private]
      content-length: ['23']
      content-type: [application/json; charset=utf-8]
      date: ['Fri, 01 Mar 2019 09:39:04 GMT']
      location: ['https://management.azure.com/subscriptions/00000000-0000-0000-0000-000000000000/resourceGroups/clitest_privatedns000001/providers/Microsoft.Network/privateDnsOperationResults/RnJvbnRFbmRBc3luY09wZXJhdGlvbjtVcHNlcnRWaXJ0dWFsTmV0d29ya0xpbms7ZjFkOGJkMWMtMzlhYy00NTNhLWE4MjEtMGFhMDY3MjE4ZDdh?api-version=2018-09-01']
      server: [Microsoft-IIS/10.0]
      strict-transport-security: [max-age=31536000; includeSubDomains]
      x-aspnet-version: [4.0.30319]
      x-content-type-options: [nosniff]
      x-ms-ratelimit-remaining-subscription-resource-requests: ['11998']
      x-powered-by: [ASP.NET]
    status: {code: 202, message: Accepted}
- request:
    body: null
    headers:
      Accept: [application/json]
      Accept-Encoding: ['gzip, deflate']
      CommandName: [network private-dns link vnet create]
      Connection: [keep-alive]
      ParameterSetName: [-g -n -z -v -e]
      User-Agent: [python/3.7.2 (Windows-10-10.0.17763-SP0) msrest/0.6.4 msrest_azure/0.4.34
          azure-mgmt-privatedns/0.1.0 Azure-SDK-For-Python AZURECLI/2.0.60]
    method: GET
    uri: https://management.azure.com/subscriptions/00000000-0000-0000-0000-000000000000/resourceGroups/clitest_privatedns000001/providers/Microsoft.Network/privateDnsOperationStatuses/RnJvbnRFbmRBc3luY09wZXJhdGlvbjtVcHNlcnRWaXJ0dWFsTmV0d29ya0xpbms7ZjFkOGJkMWMtMzlhYy00NTNhLWE4MjEtMGFhMDY3MjE4ZDdh?api-version=2018-09-01
  response:
    body: {string: '{"status":"InProgress"}'}
    headers:
      azure-asyncoperation: ['https://management.azure.com:443/subscriptions/00000000-0000-0000-0000-000000000000/resourceGroups/clitest_privatedns000001/providers/Microsoft.Network/privateDnsOperationStatuses/RnJvbnRFbmRBc3luY09wZXJhdGlvbjtVcHNlcnRWaXJ0dWFsTmV0d29ya0xpbms7ZjFkOGJkMWMtMzlhYy00NTNhLWE4MjEtMGFhMDY3MjE4ZDdh?api-version=2018-09-01']
      cache-control: [private]
      content-length: ['23']
      content-type: [application/json; charset=utf-8]
      date: ['Fri, 01 Mar 2019 09:39:07 GMT']
      location: ['https://management.azure.com/subscriptions/00000000-0000-0000-0000-000000000000/resourceGroups/clitest_privatedns000001/providers/Microsoft.Network/privateDnsOperationResults/RnJvbnRFbmRBc3luY09wZXJhdGlvbjtVcHNlcnRWaXJ0dWFsTmV0d29ya0xpbms7ZjFkOGJkMWMtMzlhYy00NTNhLWE4MjEtMGFhMDY3MjE4ZDdh?api-version=2018-09-01']
      server: [Microsoft-IIS/10.0]
      strict-transport-security: [max-age=31536000; includeSubDomains]
      x-aspnet-version: [4.0.30319]
      x-content-type-options: [nosniff]
      x-ms-ratelimit-remaining-subscription-resource-requests: ['11995']
      x-powered-by: [ASP.NET]
    status: {code: 202, message: Accepted}
- request:
    body: null
    headers:
      Accept: [application/json]
      Accept-Encoding: ['gzip, deflate']
      CommandName: [network private-dns link vnet create]
      Connection: [keep-alive]
      ParameterSetName: [-g -n -z -v -e]
      User-Agent: [python/3.7.2 (Windows-10-10.0.17763-SP0) msrest/0.6.4 msrest_azure/0.4.34
          azure-mgmt-privatedns/0.1.0 Azure-SDK-For-Python AZURECLI/2.0.60]
    method: GET
    uri: https://management.azure.com/subscriptions/00000000-0000-0000-0000-000000000000/resourceGroups/clitest_privatedns000001/providers/Microsoft.Network/privateDnsOperationStatuses/RnJvbnRFbmRBc3luY09wZXJhdGlvbjtVcHNlcnRWaXJ0dWFsTmV0d29ya0xpbms7ZjFkOGJkMWMtMzlhYy00NTNhLWE4MjEtMGFhMDY3MjE4ZDdh?api-version=2018-09-01
  response:
    body: {string: '{"status":"InProgress"}'}
    headers:
      azure-asyncoperation: ['https://management.azure.com:443/subscriptions/00000000-0000-0000-0000-000000000000/resourceGroups/clitest_privatedns000001/providers/Microsoft.Network/privateDnsOperationStatuses/RnJvbnRFbmRBc3luY09wZXJhdGlvbjtVcHNlcnRWaXJ0dWFsTmV0d29ya0xpbms7ZjFkOGJkMWMtMzlhYy00NTNhLWE4MjEtMGFhMDY3MjE4ZDdh?api-version=2018-09-01']
      cache-control: [private]
      content-length: ['23']
      content-type: [application/json; charset=utf-8]
      date: ['Fri, 01 Mar 2019 09:39:11 GMT']
      location: ['https://management.azure.com/subscriptions/00000000-0000-0000-0000-000000000000/resourceGroups/clitest_privatedns000001/providers/Microsoft.Network/privateDnsOperationResults/RnJvbnRFbmRBc3luY09wZXJhdGlvbjtVcHNlcnRWaXJ0dWFsTmV0d29ya0xpbms7ZjFkOGJkMWMtMzlhYy00NTNhLWE4MjEtMGFhMDY3MjE4ZDdh?api-version=2018-09-01']
      server: [Microsoft-IIS/10.0]
      strict-transport-security: [max-age=31536000; includeSubDomains]
      x-aspnet-version: [4.0.30319]
      x-content-type-options: [nosniff]
      x-ms-ratelimit-remaining-subscription-resource-requests: ['11997']
      x-powered-by: [ASP.NET]
    status: {code: 202, message: Accepted}
- request:
    body: null
    headers:
      Accept: [application/json]
      Accept-Encoding: ['gzip, deflate']
      CommandName: [network private-dns link vnet create]
      Connection: [keep-alive]
      ParameterSetName: [-g -n -z -v -e]
      User-Agent: [python/3.7.2 (Windows-10-10.0.17763-SP0) msrest/0.6.4 msrest_azure/0.4.34
          azure-mgmt-privatedns/0.1.0 Azure-SDK-For-Python AZURECLI/2.0.60]
    method: GET
    uri: https://management.azure.com/subscriptions/00000000-0000-0000-0000-000000000000/resourceGroups/clitest_privatedns000001/providers/Microsoft.Network/privateDnsOperationStatuses/RnJvbnRFbmRBc3luY09wZXJhdGlvbjtVcHNlcnRWaXJ0dWFsTmV0d29ya0xpbms7ZjFkOGJkMWMtMzlhYy00NTNhLWE4MjEtMGFhMDY3MjE4ZDdh?api-version=2018-09-01
  response:
    body: {string: '{"status":"InProgress"}'}
    headers:
      azure-asyncoperation: ['https://management.azure.com:443/subscriptions/00000000-0000-0000-0000-000000000000/resourceGroups/clitest_privatedns000001/providers/Microsoft.Network/privateDnsOperationStatuses/RnJvbnRFbmRBc3luY09wZXJhdGlvbjtVcHNlcnRWaXJ0dWFsTmV0d29ya0xpbms7ZjFkOGJkMWMtMzlhYy00NTNhLWE4MjEtMGFhMDY3MjE4ZDdh?api-version=2018-09-01']
      cache-control: [private]
      content-length: ['23']
      content-type: [application/json; charset=utf-8]
      date: ['Fri, 01 Mar 2019 09:39:14 GMT']
      location: ['https://management.azure.com/subscriptions/00000000-0000-0000-0000-000000000000/resourceGroups/clitest_privatedns000001/providers/Microsoft.Network/privateDnsOperationResults/RnJvbnRFbmRBc3luY09wZXJhdGlvbjtVcHNlcnRWaXJ0dWFsTmV0d29ya0xpbms7ZjFkOGJkMWMtMzlhYy00NTNhLWE4MjEtMGFhMDY3MjE4ZDdh?api-version=2018-09-01']
      server: [Microsoft-IIS/10.0]
      strict-transport-security: [max-age=31536000; includeSubDomains]
      x-aspnet-version: [4.0.30319]
      x-content-type-options: [nosniff]
      x-ms-ratelimit-remaining-subscription-resource-requests: ['11997']
      x-powered-by: [ASP.NET]
    status: {code: 202, message: Accepted}
- request:
    body: null
    headers:
      Accept: [application/json]
      Accept-Encoding: ['gzip, deflate']
      CommandName: [network private-dns link vnet create]
      Connection: [keep-alive]
      ParameterSetName: [-g -n -z -v -e]
      User-Agent: [python/3.7.2 (Windows-10-10.0.17763-SP0) msrest/0.6.4 msrest_azure/0.4.34
          azure-mgmt-privatedns/0.1.0 Azure-SDK-For-Python AZURECLI/2.0.60]
    method: GET
    uri: https://management.azure.com/subscriptions/00000000-0000-0000-0000-000000000000/resourceGroups/clitest_privatedns000001/providers/Microsoft.Network/privateDnsOperationStatuses/RnJvbnRFbmRBc3luY09wZXJhdGlvbjtVcHNlcnRWaXJ0dWFsTmV0d29ya0xpbms7ZjFkOGJkMWMtMzlhYy00NTNhLWE4MjEtMGFhMDY3MjE4ZDdh?api-version=2018-09-01
  response:
    body: {string: '{"status":"InProgress"}'}
    headers:
      azure-asyncoperation: ['https://management.azure.com:443/subscriptions/00000000-0000-0000-0000-000000000000/resourceGroups/clitest_privatedns000001/providers/Microsoft.Network/privateDnsOperationStatuses/RnJvbnRFbmRBc3luY09wZXJhdGlvbjtVcHNlcnRWaXJ0dWFsTmV0d29ya0xpbms7ZjFkOGJkMWMtMzlhYy00NTNhLWE4MjEtMGFhMDY3MjE4ZDdh?api-version=2018-09-01']
      cache-control: [private]
      content-length: ['23']
      content-type: [application/json; charset=utf-8]
      date: ['Fri, 01 Mar 2019 09:39:18 GMT']
      location: ['https://management.azure.com/subscriptions/00000000-0000-0000-0000-000000000000/resourceGroups/clitest_privatedns000001/providers/Microsoft.Network/privateDnsOperationResults/RnJvbnRFbmRBc3luY09wZXJhdGlvbjtVcHNlcnRWaXJ0dWFsTmV0d29ya0xpbms7ZjFkOGJkMWMtMzlhYy00NTNhLWE4MjEtMGFhMDY3MjE4ZDdh?api-version=2018-09-01']
      server: [Microsoft-IIS/10.0]
      strict-transport-security: [max-age=31536000; includeSubDomains]
      x-aspnet-version: [4.0.30319]
      x-content-type-options: [nosniff]
      x-ms-ratelimit-remaining-subscription-resource-requests: ['11997']
      x-powered-by: [ASP.NET]
    status: {code: 202, message: Accepted}
- request:
    body: null
    headers:
      Accept: [application/json]
      Accept-Encoding: ['gzip, deflate']
      CommandName: [network private-dns link vnet create]
      Connection: [keep-alive]
      ParameterSetName: [-g -n -z -v -e]
      User-Agent: [python/3.7.2 (Windows-10-10.0.17763-SP0) msrest/0.6.4 msrest_azure/0.4.34
          azure-mgmt-privatedns/0.1.0 Azure-SDK-For-Python AZURECLI/2.0.60]
    method: GET
    uri: https://management.azure.com/subscriptions/00000000-0000-0000-0000-000000000000/resourceGroups/clitest_privatedns000001/providers/Microsoft.Network/privateDnsOperationStatuses/RnJvbnRFbmRBc3luY09wZXJhdGlvbjtVcHNlcnRWaXJ0dWFsTmV0d29ya0xpbms7ZjFkOGJkMWMtMzlhYy00NTNhLWE4MjEtMGFhMDY3MjE4ZDdh?api-version=2018-09-01
  response:
    body: {string: '{"status":"Succeeded"}'}
    headers:
      cache-control: [private]
      content-length: ['22']
      content-type: [application/json; charset=utf-8]
      date: ['Fri, 01 Mar 2019 09:39:21 GMT']
      server: [Microsoft-IIS/10.0]
      strict-transport-security: [max-age=31536000; includeSubDomains]
      transfer-encoding: [chunked]
      vary: [Accept-Encoding]
      x-aspnet-version: [4.0.30319]
      x-content-type-options: [nosniff]
      x-ms-ratelimit-remaining-subscription-resource-requests: ['11997']
      x-powered-by: [ASP.NET]
    status: {code: 200, message: OK}
- request:
    body: null
    headers:
      Accept: [application/json]
      Accept-Encoding: ['gzip, deflate']
      CommandName: [network private-dns link vnet create]
      Connection: [keep-alive]
      ParameterSetName: [-g -n -z -v -e]
      User-Agent: [python/3.7.2 (Windows-10-10.0.17763-SP0) msrest/0.6.4 msrest_azure/0.4.34
          azure-mgmt-privatedns/0.1.0 Azure-SDK-For-Python AZURECLI/2.0.60]
    method: GET
    uri: https://management.azure.com/subscriptions/00000000-0000-0000-0000-000000000000/resourceGroups/clitest_privatedns000001/providers/Microsoft.Network/privateDnsZones/clitest.privatedns.com000002/virtualNetworkLinks/clitestprivatednslink000004?api-version=2018-09-01
  response:
    body: {string: '{"id":"\/subscriptions\/9e900494-c413-45af-bd52-0afe6ac97b06\/resourceGroups\/clitest_privatedns000001\/providers\/Microsoft.Network\/privateDnsZones\/clitest.privatedns.com000002\/virtualNetworkLinks\/clitestprivatednslink000004","name":"clitestprivatednslink000004","type":"Microsoft.Network\/privateDnsZones\/virtualNetworkLinks","etag":"\"0200fb33-0000-0000-0000-5c78fdc60000\"","location":"global","properties":{"provisioningState":"Succeeded","registrationEnabled":true,"virtualNetwork":{"id":"\/subscriptions\/9e900494-c413-45af-bd52-0afe6ac97b06\/resourceGroups\/clitest_privatedns000001\/providers\/Microsoft.Network\/virtualNetworks\/clitestprivatednsvnet000003"},"virtualNetworkLinkState":"InProgress"}}'}
    headers:
      cache-control: [private]
      content-length: ['847']
      content-type: [application/json; charset=utf-8]
      date: ['Fri, 01 Mar 2019 09:39:21 GMT']
      etag: ['"0200fb33-0000-0000-0000-5c78fdc60000"']
      server: [Microsoft-IIS/10.0]
      strict-transport-security: [max-age=31536000; includeSubDomains]
      transfer-encoding: [chunked]
      vary: [Accept-Encoding]
      x-aspnet-version: [4.0.30319]
      x-content-type-options: [nosniff]
      x-ms-ratelimit-remaining-subscription-resource-requests: ['11999']
      x-powered-by: [ASP.NET]
    status: {code: 200, message: OK}
- request:
    body: null
    headers:
      Accept: [application/json]
      Accept-Encoding: ['gzip, deflate']
      CommandName: [network private-dns link vnet update]
      Connection: [keep-alive]
      ParameterSetName: [-g -n -z -e]
      User-Agent: [python/3.7.2 (Windows-10-10.0.17763-SP0) msrest/0.6.4 msrest_azure/0.4.34
          azure-mgmt-privatedns/0.1.0 Azure-SDK-For-Python AZURECLI/2.0.60]
      accept-language: [en-US]
    method: GET
    uri: https://management.azure.com/subscriptions/00000000-0000-0000-0000-000000000000/resourceGroups/clitest_privatedns000001/providers/Microsoft.Network/privateDnsZones/clitest.privatedns.com000002/virtualNetworkLinks/clitestprivatednslink000004?api-version=2018-09-01
  response:
    body: {string: '{"id":"\/subscriptions\/9e900494-c413-45af-bd52-0afe6ac97b06\/resourceGroups\/clitest_privatedns000001\/providers\/Microsoft.Network\/privateDnsZones\/clitest.privatedns.com000002\/virtualNetworkLinks\/clitestprivatednslink000004","name":"clitestprivatednslink000004","type":"Microsoft.Network\/privateDnsZones\/virtualNetworkLinks","etag":"\"0200fb33-0000-0000-0000-5c78fdc60000\"","location":"global","properties":{"provisioningState":"Succeeded","registrationEnabled":true,"virtualNetwork":{"id":"\/subscriptions\/9e900494-c413-45af-bd52-0afe6ac97b06\/resourceGroups\/clitest_privatedns000001\/providers\/Microsoft.Network\/virtualNetworks\/clitestprivatednsvnet000003"},"virtualNetworkLinkState":"InProgress"}}'}
    headers:
      cache-control: [private]
      content-length: ['847']
      content-type: [application/json; charset=utf-8]
      date: ['Fri, 01 Mar 2019 09:39:23 GMT']
      etag: ['"0200fb33-0000-0000-0000-5c78fdc60000"']
      server: [Microsoft-IIS/10.0]
      strict-transport-security: [max-age=31536000; includeSubDomains]
      transfer-encoding: [chunked]
      vary: [Accept-Encoding]
      x-aspnet-version: [4.0.30319]
      x-content-type-options: [nosniff]
      x-ms-ratelimit-remaining-subscription-resource-requests: ['11999']
      x-powered-by: [ASP.NET]
    status: {code: 200, message: OK}
- request:
    body: 'b''b\''{"location": "global", "etag": "\\\\"0200fb33-0000-0000-0000-5c78fdc60000\\\\"",
      "properties": {"virtualNetwork": {"id": "/subscriptions/00000000-0000-0000-0000-000000000000/resourceGroups/clitest_privatedns000001/providers/Microsoft.Network/virtualNetworks/clitestprivatednsvnet000003"},
      "registrationEnabled": false}}\'''''
    headers:
      Accept: [application/json]
      Accept-Encoding: ['gzip, deflate']
      CommandName: [network private-dns link vnet update]
      Connection: [keep-alive]
      Content-Length: ['372']
      Content-Type: [application/json; charset=utf-8]
      ParameterSetName: [-g -n -z -e]
      User-Agent: [python/3.7.2 (Windows-10-10.0.17763-SP0) msrest/0.6.4 msrest_azure/0.4.34
          azure-mgmt-privatedns/0.1.0 Azure-SDK-For-Python AZURECLI/2.0.60]
      accept-language: [en-US]
    method: PATCH
    uri: https://management.azure.com/subscriptions/00000000-0000-0000-0000-000000000000/resourceGroups/clitest_privatedns000001/providers/Microsoft.Network/privateDnsZones/clitest.privatedns.com000002/virtualNetworkLinks/clitestprivatednslink000004?api-version=2018-09-01
  response:
    body: {string: '{}'}
    headers:
      azure-asyncoperation: ['https://management.azure.com:443/subscriptions/00000000-0000-0000-0000-000000000000/resourceGroups/clitest_privatedns000001/providers/Microsoft.Network/privateDnsOperationStatuses/RnJvbnRFbmRBc3luY09wZXJhdGlvbjtVcHNlcnRWaXJ0dWFsTmV0d29ya0xpbms7MjIxZDMyYmItZTgxOS00ZDc5LTlmYzYtNjU1NmFiMWNmNWQ0?api-version=2018-09-01']
      cache-control: [private]
      content-length: ['2']
      content-type: [application/json; charset=utf-8]
      date: ['Fri, 01 Mar 2019 09:39:25 GMT']
      location: ['https://management.azure.com/subscriptions/00000000-0000-0000-0000-000000000000/resourceGroups/clitest_privatedns000001/providers/Microsoft.Network/privateDnsOperationResults/RnJvbnRFbmRBc3luY09wZXJhdGlvbjtVcHNlcnRWaXJ0dWFsTmV0d29ya0xpbms7MjIxZDMyYmItZTgxOS00ZDc5LTlmYzYtNjU1NmFiMWNmNWQ0?api-version=2018-09-01']
      server: [Microsoft-IIS/10.0]
      strict-transport-security: [max-age=31536000; includeSubDomains]
      x-aspnet-version: [4.0.30319]
      x-content-type-options: [nosniff]
      x-ms-ratelimit-remaining-subscription-resource-requests: ['11999']
      x-powered-by: [ASP.NET]
    status: {code: 202, message: Accepted}
- request:
    body: null
    headers:
      Accept: [application/json]
      Accept-Encoding: ['gzip, deflate']
      CommandName: [network private-dns link vnet update]
      Connection: [keep-alive]
      ParameterSetName: [-g -n -z -e]
      User-Agent: [python/3.7.2 (Windows-10-10.0.17763-SP0) msrest/0.6.4 msrest_azure/0.4.34
          azure-mgmt-privatedns/0.1.0 Azure-SDK-For-Python AZURECLI/2.0.60]
    method: GET
    uri: https://management.azure.com/subscriptions/00000000-0000-0000-0000-000000000000/resourceGroups/clitest_privatedns000001/providers/Microsoft.Network/privateDnsOperationStatuses/RnJvbnRFbmRBc3luY09wZXJhdGlvbjtVcHNlcnRWaXJ0dWFsTmV0d29ya0xpbms7MjIxZDMyYmItZTgxOS00ZDc5LTlmYzYtNjU1NmFiMWNmNWQ0?api-version=2018-09-01
  response:
    body: {string: '{"status":"InProgress"}'}
    headers:
      azure-asyncoperation: ['https://management.azure.com:443/subscriptions/00000000-0000-0000-0000-000000000000/resourceGroups/clitest_privatedns000001/providers/Microsoft.Network/privateDnsOperationStatuses/RnJvbnRFbmRBc3luY09wZXJhdGlvbjtVcHNlcnRWaXJ0dWFsTmV0d29ya0xpbms7MjIxZDMyYmItZTgxOS00ZDc5LTlmYzYtNjU1NmFiMWNmNWQ0?api-version=2018-09-01']
      cache-control: [private]
      content-length: ['23']
      content-type: [application/json; charset=utf-8]
      date: ['Fri, 01 Mar 2019 09:39:29 GMT']
      location: ['https://management.azure.com/subscriptions/00000000-0000-0000-0000-000000000000/resourceGroups/clitest_privatedns000001/providers/Microsoft.Network/privateDnsOperationResults/RnJvbnRFbmRBc3luY09wZXJhdGlvbjtVcHNlcnRWaXJ0dWFsTmV0d29ya0xpbms7MjIxZDMyYmItZTgxOS00ZDc5LTlmYzYtNjU1NmFiMWNmNWQ0?api-version=2018-09-01']
      server: [Microsoft-IIS/10.0]
      strict-transport-security: [max-age=31536000; includeSubDomains]
      x-aspnet-version: [4.0.30319]
      x-content-type-options: [nosniff]
      x-ms-ratelimit-remaining-subscription-resource-requests: ['11996']
      x-powered-by: [ASP.NET]
    status: {code: 202, message: Accepted}
- request:
    body: null
    headers:
      Accept: [application/json]
      Accept-Encoding: ['gzip, deflate']
      CommandName: [network private-dns link vnet update]
      Connection: [keep-alive]
      ParameterSetName: [-g -n -z -e]
      User-Agent: [python/3.7.2 (Windows-10-10.0.17763-SP0) msrest/0.6.4 msrest_azure/0.4.34
          azure-mgmt-privatedns/0.1.0 Azure-SDK-For-Python AZURECLI/2.0.60]
    method: GET
    uri: https://management.azure.com/subscriptions/00000000-0000-0000-0000-000000000000/resourceGroups/clitest_privatedns000001/providers/Microsoft.Network/privateDnsOperationStatuses/RnJvbnRFbmRBc3luY09wZXJhdGlvbjtVcHNlcnRWaXJ0dWFsTmV0d29ya0xpbms7MjIxZDMyYmItZTgxOS00ZDc5LTlmYzYtNjU1NmFiMWNmNWQ0?api-version=2018-09-01
  response:
    body: {string: '{"status":"InProgress"}'}
    headers:
      azure-asyncoperation: ['https://management.azure.com:443/subscriptions/00000000-0000-0000-0000-000000000000/resourceGroups/clitest_privatedns000001/providers/Microsoft.Network/privateDnsOperationStatuses/RnJvbnRFbmRBc3luY09wZXJhdGlvbjtVcHNlcnRWaXJ0dWFsTmV0d29ya0xpbms7MjIxZDMyYmItZTgxOS00ZDc5LTlmYzYtNjU1NmFiMWNmNWQ0?api-version=2018-09-01']
      cache-control: [private]
      content-length: ['23']
      content-type: [application/json; charset=utf-8]
      date: ['Fri, 01 Mar 2019 09:39:32 GMT']
      location: ['https://management.azure.com/subscriptions/00000000-0000-0000-0000-000000000000/resourceGroups/clitest_privatedns000001/providers/Microsoft.Network/privateDnsOperationResults/RnJvbnRFbmRBc3luY09wZXJhdGlvbjtVcHNlcnRWaXJ0dWFsTmV0d29ya0xpbms7MjIxZDMyYmItZTgxOS00ZDc5LTlmYzYtNjU1NmFiMWNmNWQ0?api-version=2018-09-01']
      server: [Microsoft-IIS/10.0]
      strict-transport-security: [max-age=31536000; includeSubDomains]
      x-aspnet-version: [4.0.30319]
      x-content-type-options: [nosniff]
      x-ms-ratelimit-remaining-subscription-resource-requests: ['11998']
      x-powered-by: [ASP.NET]
    status: {code: 202, message: Accepted}
- request:
    body: null
    headers:
      Accept: [application/json]
      Accept-Encoding: ['gzip, deflate']
      CommandName: [network private-dns link vnet update]
      Connection: [keep-alive]
      ParameterSetName: [-g -n -z -e]
      User-Agent: [python/3.7.2 (Windows-10-10.0.17763-SP0) msrest/0.6.4 msrest_azure/0.4.34
          azure-mgmt-privatedns/0.1.0 Azure-SDK-For-Python AZURECLI/2.0.60]
    method: GET
    uri: https://management.azure.com/subscriptions/00000000-0000-0000-0000-000000000000/resourceGroups/clitest_privatedns000001/providers/Microsoft.Network/privateDnsOperationStatuses/RnJvbnRFbmRBc3luY09wZXJhdGlvbjtVcHNlcnRWaXJ0dWFsTmV0d29ya0xpbms7MjIxZDMyYmItZTgxOS00ZDc5LTlmYzYtNjU1NmFiMWNmNWQ0?api-version=2018-09-01
  response:
    body: {string: '{"status":"InProgress"}'}
    headers:
      azure-asyncoperation: ['https://management.azure.com:443/subscriptions/00000000-0000-0000-0000-000000000000/resourceGroups/clitest_privatedns000001/providers/Microsoft.Network/privateDnsOperationStatuses/RnJvbnRFbmRBc3luY09wZXJhdGlvbjtVcHNlcnRWaXJ0dWFsTmV0d29ya0xpbms7MjIxZDMyYmItZTgxOS00ZDc5LTlmYzYtNjU1NmFiMWNmNWQ0?api-version=2018-09-01']
      cache-control: [private]
      content-length: ['23']
      content-type: [application/json; charset=utf-8]
      date: ['Fri, 01 Mar 2019 09:39:36 GMT']
      location: ['https://management.azure.com/subscriptions/00000000-0000-0000-0000-000000000000/resourceGroups/clitest_privatedns000001/providers/Microsoft.Network/privateDnsOperationResults/RnJvbnRFbmRBc3luY09wZXJhdGlvbjtVcHNlcnRWaXJ0dWFsTmV0d29ya0xpbms7MjIxZDMyYmItZTgxOS00ZDc5LTlmYzYtNjU1NmFiMWNmNWQ0?api-version=2018-09-01']
      server: [Microsoft-IIS/10.0]
      strict-transport-security: [max-age=31536000; includeSubDomains]
      x-aspnet-version: [4.0.30319]
      x-content-type-options: [nosniff]
      x-ms-ratelimit-remaining-subscription-resource-requests: ['11995']
      x-powered-by: [ASP.NET]
    status: {code: 202, message: Accepted}
- request:
    body: null
    headers:
      Accept: [application/json]
      Accept-Encoding: ['gzip, deflate']
      CommandName: [network private-dns link vnet update]
      Connection: [keep-alive]
      ParameterSetName: [-g -n -z -e]
      User-Agent: [python/3.7.2 (Windows-10-10.0.17763-SP0) msrest/0.6.4 msrest_azure/0.4.34
          azure-mgmt-privatedns/0.1.0 Azure-SDK-For-Python AZURECLI/2.0.60]
    method: GET
    uri: https://management.azure.com/subscriptions/00000000-0000-0000-0000-000000000000/resourceGroups/clitest_privatedns000001/providers/Microsoft.Network/privateDnsOperationStatuses/RnJvbnRFbmRBc3luY09wZXJhdGlvbjtVcHNlcnRWaXJ0dWFsTmV0d29ya0xpbms7MjIxZDMyYmItZTgxOS00ZDc5LTlmYzYtNjU1NmFiMWNmNWQ0?api-version=2018-09-01
  response:
    body: {string: '{"status":"Succeeded"}'}
    headers:
      cache-control: [private]
      content-length: ['22']
      content-type: [application/json; charset=utf-8]
      date: ['Fri, 01 Mar 2019 09:39:39 GMT']
      server: [Microsoft-IIS/10.0]
      strict-transport-security: [max-age=31536000; includeSubDomains]
      transfer-encoding: [chunked]
      vary: [Accept-Encoding]
      x-aspnet-version: [4.0.30319]
      x-content-type-options: [nosniff]
      x-ms-ratelimit-remaining-subscription-resource-requests: ['11995']
      x-powered-by: [ASP.NET]
    status: {code: 200, message: OK}
- request:
    body: null
    headers:
      Accept: [application/json]
      Accept-Encoding: ['gzip, deflate']
      CommandName: [network private-dns link vnet update]
      Connection: [keep-alive]
      ParameterSetName: [-g -n -z -e]
      User-Agent: [python/3.7.2 (Windows-10-10.0.17763-SP0) msrest/0.6.4 msrest_azure/0.4.34
          azure-mgmt-privatedns/0.1.0 Azure-SDK-For-Python AZURECLI/2.0.60]
    method: GET
    uri: https://management.azure.com/subscriptions/00000000-0000-0000-0000-000000000000/resourceGroups/clitest_privatedns000001/providers/Microsoft.Network/privateDnsZones/clitest.privatedns.com000002/virtualNetworkLinks/clitestprivatednslink000004?api-version=2018-09-01
  response:
    body: {string: '{"id":"\/subscriptions\/9e900494-c413-45af-bd52-0afe6ac97b06\/resourceGroups\/clitest_privatedns000001\/providers\/Microsoft.Network\/privateDnsZones\/clitest.privatedns.com000002\/virtualNetworkLinks\/clitestprivatednslink000004","name":"clitestprivatednslink000004","type":"Microsoft.Network\/privateDnsZones\/virtualNetworkLinks","etag":"\"02001c34-0000-0000-0000-5c78fdd80000\"","location":"global","properties":{"provisioningState":"Succeeded","registrationEnabled":false,"virtualNetwork":{"id":"\/subscriptions\/9e900494-c413-45af-bd52-0afe6ac97b06\/resourceGroups\/clitest_privatedns000001\/providers\/Microsoft.Network\/virtualNetworks\/clitestprivatednsvnet000003"},"virtualNetworkLinkState":"Completed"}}'}
    headers:
      cache-control: [private]
      content-length: ['847']
      content-type: [application/json; charset=utf-8]
      date: ['Fri, 01 Mar 2019 09:39:39 GMT']
      etag: ['"02001c34-0000-0000-0000-5c78fdd80000"']
      server: [Microsoft-IIS/10.0]
      strict-transport-security: [max-age=31536000; includeSubDomains]
      transfer-encoding: [chunked]
      vary: [Accept-Encoding]
      x-aspnet-version: [4.0.30319]
      x-content-type-options: [nosniff]
      x-ms-ratelimit-remaining-subscription-resource-requests: ['11997']
      x-powered-by: [ASP.NET]
    status: {code: 200, message: OK}
- request:
    body: null
    headers:
      Accept: [application/json]
      Accept-Encoding: ['gzip, deflate']
      CommandName: [group delete]
      Connection: [keep-alive]
      Content-Length: ['0']
      ParameterSetName: [--name --yes --no-wait]
      User-Agent: [python/3.7.2 (Windows-10-10.0.17763-SP0) msrest/0.6.4 msrest_azure/0.4.34
          resourcemanagementclient/2.1.0 Azure-SDK-For-Python AZURECLI/2.0.60]
      accept-language: [en-US]
    method: DELETE
    uri: https://management.azure.com/subscriptions/00000000-0000-0000-0000-000000000000/resourcegroups/clitest_privatedns000001?api-version=2018-05-01
  response:
    body: {string: ''}
    headers:
      cache-control: [no-cache]
      content-length: ['0']
      date: ['Fri, 01 Mar 2019 09:39:41 GMT']
      expires: ['-1']
      location: ['https://management.azure.com/subscriptions/00000000-0000-0000-0000-000000000000/operationresults/eyJqb2JJZCI6IlJFU09VUkNFR1JPVVBERUxFVElPTkpPQi1DTElURVNUOjVGUFJJVkFURUROU0FNT1JXR1VEWEo0MlZPTzdGU0dBVjVBUzRJQXw3NEY3MzQ1REM4NTc3NzBELVdFU1RVUyIsImpvYkxvY2F0aW9uIjoid2VzdHVzIn0?api-version=2018-05-01']
      pragma: [no-cache]
      strict-transport-security: [max-age=31536000; includeSubDomains]
      x-content-type-options: [nosniff]
      x-ms-ratelimit-remaining-subscription-deletes: ['14999']
    status: {code: 202, message: Accepted}
version: 1
