interactions:
- request:
    body: '{"location": "westus", "tags": {"use": "az-test"}}'
    headers:
      Accept: [application/json]
      Accept-Encoding: ['gzip, deflate']
      CommandName: [group create]
      Connection: [keep-alive]
      Content-Length: ['50']
      Content-Type: [application/json; charset=utf-8]
      User-Agent: [python/3.6.4 (Linux-4.11.0-1016-azure-x86_64-with-debian-9.3) requests/2.18.4
          msrest/0.4.26 msrest_azure/0.4.22 resourcemanagementclient/1.2.1 Azure-SDK-For-Python
          AZURECLI/2.0.29.dev20180305185410.dev20180305185935]
      accept-language: [en-US]
    method: PUT
    uri: https://management.azure.com/subscriptions/00000000-0000-0000-0000-000000000000/resourcegroups/cli_test_express_route_ipv6_peering000001?api-version=2017-05-10
  response:
    body: {string: '{"id":"/subscriptions/00000000-0000-0000-0000-000000000000/resourceGroups/cli_test_express_route_ipv6_peering000001","name":"cli_test_express_route_ipv6_peering000001","location":"westus","tags":{"use":"az-test"},"properties":{"provisioningState":"Succeeded"}}'}
    headers:
      cache-control: [no-cache]
      content-length: ['328']
      content-type: [application/json; charset=utf-8]
      date: ['Mon, 05 Mar 2018 19:37:44 GMT']
      expires: ['-1']
      pragma: [no-cache]
      strict-transport-security: [max-age=31536000; includeSubDomains]
      x-content-type-options: [nosniff]
      x-ms-ratelimit-remaining-subscription-writes: ['1188']
    status: {code: 201, message: Created}
- request:
    body: null
    headers:
      Accept: [application/json]
      Accept-Encoding: ['gzip, deflate']
      CommandName: [network express-route create]
      Connection: [keep-alive]
      Content-Type: [application/json; charset=utf-8]
      User-Agent: [python/3.6.4 (Linux-4.11.0-1016-azure-x86_64-with-debian-9.3) requests/2.18.4
          msrest/0.4.26 msrest_azure/0.4.22 resourcemanagementclient/1.2.1 Azure-SDK-For-Python
          AZURECLI/2.0.29.dev20180305185410.dev20180305185935]
      accept-language: [en-US]
    method: GET
    uri: https://management.azure.com/subscriptions/00000000-0000-0000-0000-000000000000/resourcegroups/cli_test_express_route_ipv6_peering000001?api-version=2017-05-10
  response:
    body: {string: '{"id":"/subscriptions/00000000-0000-0000-0000-000000000000/resourceGroups/cli_test_express_route_ipv6_peering000001","name":"cli_test_express_route_ipv6_peering000001","location":"westus","tags":{"use":"az-test"},"properties":{"provisioningState":"Succeeded"}}'}
    headers:
      cache-control: [no-cache]
      content-length: ['328']
      content-type: [application/json; charset=utf-8]
      date: ['Mon, 05 Mar 2018 19:37:46 GMT']
      expires: ['-1']
      pragma: [no-cache]
      strict-transport-security: [max-age=31536000; includeSubDomains]
      vary: [Accept-Encoding]
      x-content-type-options: [nosniff]
    status: {code: 200, message: OK}
- request:
    body: '{"location": "westus", "sku": {"name": "Premium_MeteredData", "tier": "Premium",
      "family": "MeteredData"}, "properties": {"serviceProviderProperties": {"serviceProviderName":
      "Microsoft ER Test", "peeringLocation": "Area51", "bandwidthInMbps": 50}}}'
    headers:
      Accept: [application/json]
      Accept-Encoding: ['gzip, deflate']
      CommandName: [network express-route create]
      Connection: [keep-alive]
      Content-Length: ['249']
      Content-Type: [application/json; charset=utf-8]
      User-Agent: [python/3.6.4 (Linux-4.11.0-1016-azure-x86_64-with-debian-9.3) requests/2.18.4
          msrest/0.4.26 msrest_azure/0.4.22 networkmanagementclient/1.8.0a1 Azure-SDK-For-Python
          AZURECLI/2.0.29.dev20180305185410.dev20180305185935]
      accept-language: [en-US]
    method: PUT
    uri: https://management.azure.com/subscriptions/00000000-0000-0000-0000-000000000000/resourceGroups/cli_test_express_route_ipv6_peering000001/providers/Microsoft.Network/expressRouteCircuits/circuit1?api-version=2018-01-01
  response:
    body: {string: "{\r\n  \"name\": \"circuit1\",\r\n  \"id\": \"/subscriptions/00000000-0000-0000-0000-000000000000/resourceGroups/cli_test_express_route_ipv6_peering000001/providers/Microsoft.Network/expressRouteCircuits/circuit1\",\r\n
        \ \"etag\": \"W/\\\"b76389d6-83a2-41b6-bd2e-2dc8e65aa4b0\\\"\",\r\n  \"type\":
        \"Microsoft.Network/expressRouteCircuits\",\r\n  \"location\": \"westus\",\r\n
        \ \"properties\": {\r\n    \"provisioningState\": \"Updating\",\r\n    \"resourceGuid\":
        \"243819bb-fdf7-4be3-9e1c-c8aacecfc20d\",\r\n    \"peerings\": [],\r\n    \"authorizations\":
        [],\r\n    \"serviceProviderProperties\": {\r\n      \"serviceProviderName\":
        \"Microsoft ER Test\",\r\n      \"peeringLocation\": \"Area51\",\r\n      \"bandwidthInMbps\":
        50\r\n    },\r\n    \"circuitProvisioningState\": \"Disabled\",\r\n    \"allowClassicOperations\":
        false,\r\n    \"serviceKey\": \"00000000-0000-0000-0000-000000000000\",\r\n
        \   \"serviceProviderProvisioningState\": \"NotProvisioned\"\r\n  },\r\n  \"sku\":
        {\r\n    \"name\": \"Premium_MeteredData\",\r\n    \"tier\": \"Premium\",\r\n
        \   \"family\": \"MeteredData\"\r\n  }\r\n}"}
    headers:
      azure-asyncoperation: ['https://management.azure.com/subscriptions/00000000-0000-0000-0000-000000000000/providers/Microsoft.Network/locations/westus/operations/304e42f5-ac85-40a1-ae55-dbed62894b44?api-version=2018-01-01']
      cache-control: [no-cache]
      content-length: ['1013']
      content-type: [application/json; charset=utf-8]
      date: ['Mon, 05 Mar 2018 19:37:48 GMT']
      expires: ['-1']
      pragma: [no-cache]
      server: [Microsoft-HTTPAPI/2.0, Microsoft-HTTPAPI/2.0]
      strict-transport-security: [max-age=31536000; includeSubDomains]
      x-content-type-options: [nosniff]
      x-ms-ratelimit-remaining-subscription-writes: ['1194']
    status: {code: 201, message: Created}
- request:
    body: null
    headers:
      Accept: [application/json]
      Accept-Encoding: ['gzip, deflate']
      CommandName: [network express-route create]
      Connection: [keep-alive]
      User-Agent: [python/3.6.4 (Linux-4.11.0-1016-azure-x86_64-with-debian-9.3) requests/2.18.4
          msrest/0.4.26 msrest_azure/0.4.22 networkmanagementclient/1.8.0a1 Azure-SDK-For-Python
          AZURECLI/2.0.29.dev20180305185410.dev20180305185935]
    method: GET
    uri: https://management.azure.com/subscriptions/00000000-0000-0000-0000-000000000000/providers/Microsoft.Network/locations/westus/operations/304e42f5-ac85-40a1-ae55-dbed62894b44?api-version=2018-01-01
  response:
    body: {string: "{\r\n  \"status\": \"InProgress\"\r\n}"}
    headers:
      cache-control: [no-cache]
      content-length: ['30']
      content-type: [application/json; charset=utf-8]
      date: ['Mon, 05 Mar 2018 19:37:59 GMT']
      expires: ['-1']
      pragma: [no-cache]
      server: [Microsoft-HTTPAPI/2.0, Microsoft-HTTPAPI/2.0]
      strict-transport-security: [max-age=31536000; includeSubDomains]
      transfer-encoding: [chunked]
      vary: [Accept-Encoding]
      x-content-type-options: [nosniff]
    status: {code: 200, message: OK}
- request:
    body: null
    headers:
      Accept: [application/json]
      Accept-Encoding: ['gzip, deflate']
      CommandName: [network express-route create]
      Connection: [keep-alive]
      User-Agent: [python/3.6.4 (Linux-4.11.0-1016-azure-x86_64-with-debian-9.3) requests/2.18.4
          msrest/0.4.26 msrest_azure/0.4.22 networkmanagementclient/1.8.0a1 Azure-SDK-For-Python
          AZURECLI/2.0.29.dev20180305185410.dev20180305185935]
    method: GET
    uri: https://management.azure.com/subscriptions/00000000-0000-0000-0000-000000000000/providers/Microsoft.Network/locations/westus/operations/304e42f5-ac85-40a1-ae55-dbed62894b44?api-version=2018-01-01
  response:
    body: {string: "{\r\n  \"status\": \"InProgress\"\r\n}"}
    headers:
      cache-control: [no-cache]
      content-length: ['30']
      content-type: [application/json; charset=utf-8]
      date: ['Mon, 05 Mar 2018 19:38:10 GMT']
      expires: ['-1']
      pragma: [no-cache]
      server: [Microsoft-HTTPAPI/2.0, Microsoft-HTTPAPI/2.0]
      strict-transport-security: [max-age=31536000; includeSubDomains]
      transfer-encoding: [chunked]
      vary: [Accept-Encoding]
      x-content-type-options: [nosniff]
    status: {code: 200, message: OK}
- request:
    body: null
    headers:
      Accept: [application/json]
      Accept-Encoding: ['gzip, deflate']
      CommandName: [network express-route create]
      Connection: [keep-alive]
      User-Agent: [python/3.6.4 (Linux-4.11.0-1016-azure-x86_64-with-debian-9.3) requests/2.18.4
          msrest/0.4.26 msrest_azure/0.4.22 networkmanagementclient/1.8.0a1 Azure-SDK-For-Python
          AZURECLI/2.0.29.dev20180305185410.dev20180305185935]
    method: GET
    uri: https://management.azure.com/subscriptions/00000000-0000-0000-0000-000000000000/providers/Microsoft.Network/locations/westus/operations/304e42f5-ac85-40a1-ae55-dbed62894b44?api-version=2018-01-01
  response:
    body: {string: "{\r\n  \"status\": \"InProgress\"\r\n}"}
    headers:
      cache-control: [no-cache]
      content-length: ['30']
      content-type: [application/json; charset=utf-8]
      date: ['Mon, 05 Mar 2018 19:38:20 GMT']
      expires: ['-1']
      pragma: [no-cache]
      server: [Microsoft-HTTPAPI/2.0, Microsoft-HTTPAPI/2.0]
      strict-transport-security: [max-age=31536000; includeSubDomains]
      transfer-encoding: [chunked]
      vary: [Accept-Encoding]
      x-content-type-options: [nosniff]
    status: {code: 200, message: OK}
- request:
    body: null
    headers:
      Accept: [application/json]
      Accept-Encoding: ['gzip, deflate']
      CommandName: [network express-route create]
      Connection: [keep-alive]
      User-Agent: [python/3.6.4 (Linux-4.11.0-1016-azure-x86_64-with-debian-9.3) requests/2.18.4
          msrest/0.4.26 msrest_azure/0.4.22 networkmanagementclient/1.8.0a1 Azure-SDK-For-Python
          AZURECLI/2.0.29.dev20180305185410.dev20180305185935]
    method: GET
    uri: https://management.azure.com/subscriptions/00000000-0000-0000-0000-000000000000/providers/Microsoft.Network/locations/westus/operations/304e42f5-ac85-40a1-ae55-dbed62894b44?api-version=2018-01-01
  response:
    body: {string: "{\r\n  \"status\": \"InProgress\"\r\n}"}
    headers:
      cache-control: [no-cache]
      content-length: ['30']
      content-type: [application/json; charset=utf-8]
      date: ['Mon, 05 Mar 2018 19:38:31 GMT']
      expires: ['-1']
      pragma: [no-cache]
      server: [Microsoft-HTTPAPI/2.0, Microsoft-HTTPAPI/2.0]
      strict-transport-security: [max-age=31536000; includeSubDomains]
      transfer-encoding: [chunked]
      vary: [Accept-Encoding]
      x-content-type-options: [nosniff]
    status: {code: 200, message: OK}
- request:
    body: null
    headers:
      Accept: [application/json]
      Accept-Encoding: ['gzip, deflate']
      CommandName: [network express-route create]
      Connection: [keep-alive]
      User-Agent: [python/3.6.4 (Linux-4.11.0-1016-azure-x86_64-with-debian-9.3) requests/2.18.4
          msrest/0.4.26 msrest_azure/0.4.22 networkmanagementclient/1.8.0a1 Azure-SDK-For-Python
          AZURECLI/2.0.29.dev20180305185410.dev20180305185935]
    method: GET
    uri: https://management.azure.com/subscriptions/00000000-0000-0000-0000-000000000000/providers/Microsoft.Network/locations/westus/operations/304e42f5-ac85-40a1-ae55-dbed62894b44?api-version=2018-01-01
  response:
    body: {string: "{\r\n  \"status\": \"InProgress\"\r\n}"}
    headers:
      cache-control: [no-cache]
      content-length: ['30']
      content-type: [application/json; charset=utf-8]
      date: ['Mon, 05 Mar 2018 19:38:43 GMT']
      expires: ['-1']
      pragma: [no-cache]
      server: [Microsoft-HTTPAPI/2.0, Microsoft-HTTPAPI/2.0]
      strict-transport-security: [max-age=31536000; includeSubDomains]
      transfer-encoding: [chunked]
      vary: [Accept-Encoding]
      x-content-type-options: [nosniff]
    status: {code: 200, message: OK}
- request:
    body: null
    headers:
      Accept: [application/json]
      Accept-Encoding: ['gzip, deflate']
      CommandName: [network express-route create]
      Connection: [keep-alive]
      User-Agent: [python/3.6.4 (Linux-4.11.0-1016-azure-x86_64-with-debian-9.3) requests/2.18.4
          msrest/0.4.26 msrest_azure/0.4.22 networkmanagementclient/1.8.0a1 Azure-SDK-For-Python
          AZURECLI/2.0.29.dev20180305185410.dev20180305185935]
    method: GET
    uri: https://management.azure.com/subscriptions/00000000-0000-0000-0000-000000000000/providers/Microsoft.Network/locations/westus/operations/304e42f5-ac85-40a1-ae55-dbed62894b44?api-version=2018-01-01
  response:
    body: {string: "{\r\n  \"status\": \"InProgress\"\r\n}"}
    headers:
      cache-control: [no-cache]
      content-length: ['30']
      content-type: [application/json; charset=utf-8]
      date: ['Mon, 05 Mar 2018 19:38:54 GMT']
      expires: ['-1']
      pragma: [no-cache]
      server: [Microsoft-HTTPAPI/2.0, Microsoft-HTTPAPI/2.0]
      strict-transport-security: [max-age=31536000; includeSubDomains]
      transfer-encoding: [chunked]
      vary: [Accept-Encoding]
      x-content-type-options: [nosniff]
    status: {code: 200, message: OK}
- request:
    body: null
    headers:
      Accept: [application/json]
      Accept-Encoding: ['gzip, deflate']
      CommandName: [network express-route create]
      Connection: [keep-alive]
      User-Agent: [python/3.6.4 (Linux-4.11.0-1016-azure-x86_64-with-debian-9.3) requests/2.18.4
          msrest/0.4.26 msrest_azure/0.4.22 networkmanagementclient/1.8.0a1 Azure-SDK-For-Python
          AZURECLI/2.0.29.dev20180305185410.dev20180305185935]
    method: GET
    uri: https://management.azure.com/subscriptions/00000000-0000-0000-0000-000000000000/providers/Microsoft.Network/locations/westus/operations/304e42f5-ac85-40a1-ae55-dbed62894b44?api-version=2018-01-01
  response:
    body: {string: "{\r\n  \"status\": \"InProgress\"\r\n}"}
    headers:
      cache-control: [no-cache]
      content-length: ['30']
      content-type: [application/json; charset=utf-8]
      date: ['Mon, 05 Mar 2018 19:39:04 GMT']
      expires: ['-1']
      pragma: [no-cache]
      server: [Microsoft-HTTPAPI/2.0, Microsoft-HTTPAPI/2.0]
      strict-transport-security: [max-age=31536000; includeSubDomains]
      transfer-encoding: [chunked]
      vary: [Accept-Encoding]
      x-content-type-options: [nosniff]
    status: {code: 200, message: OK}
- request:
    body: null
    headers:
      Accept: [application/json]
      Accept-Encoding: ['gzip, deflate']
      CommandName: [network express-route create]
      Connection: [keep-alive]
      User-Agent: [python/3.6.4 (Linux-4.11.0-1016-azure-x86_64-with-debian-9.3) requests/2.18.4
          msrest/0.4.26 msrest_azure/0.4.22 networkmanagementclient/1.8.0a1 Azure-SDK-For-Python
          AZURECLI/2.0.29.dev20180305185410.dev20180305185935]
    method: GET
    uri: https://management.azure.com/subscriptions/00000000-0000-0000-0000-000000000000/providers/Microsoft.Network/locations/westus/operations/304e42f5-ac85-40a1-ae55-dbed62894b44?api-version=2018-01-01
  response:
    body: {string: "{\r\n  \"status\": \"InProgress\"\r\n}"}
    headers:
      cache-control: [no-cache]
      content-length: ['30']
      content-type: [application/json; charset=utf-8]
      date: ['Mon, 05 Mar 2018 19:39:15 GMT']
      expires: ['-1']
      pragma: [no-cache]
      server: [Microsoft-HTTPAPI/2.0, Microsoft-HTTPAPI/2.0]
      strict-transport-security: [max-age=31536000; includeSubDomains]
      transfer-encoding: [chunked]
      vary: [Accept-Encoding]
      x-content-type-options: [nosniff]
    status: {code: 200, message: OK}
- request:
    body: null
    headers:
      Accept: [application/json]
      Accept-Encoding: ['gzip, deflate']
      CommandName: [network express-route create]
      Connection: [keep-alive]
      User-Agent: [python/3.6.4 (Linux-4.11.0-1016-azure-x86_64-with-debian-9.3) requests/2.18.4
          msrest/0.4.26 msrest_azure/0.4.22 networkmanagementclient/1.8.0a1 Azure-SDK-For-Python
          AZURECLI/2.0.29.dev20180305185410.dev20180305185935]
    method: GET
    uri: https://management.azure.com/subscriptions/00000000-0000-0000-0000-000000000000/providers/Microsoft.Network/locations/westus/operations/304e42f5-ac85-40a1-ae55-dbed62894b44?api-version=2018-01-01
  response:
    body: {string: "{\r\n  \"status\": \"InProgress\"\r\n}"}
    headers:
      cache-control: [no-cache]
      content-length: ['30']
      content-type: [application/json; charset=utf-8]
      date: ['Mon, 05 Mar 2018 19:39:27 GMT']
      expires: ['-1']
      pragma: [no-cache]
      server: [Microsoft-HTTPAPI/2.0, Microsoft-HTTPAPI/2.0]
      strict-transport-security: [max-age=31536000; includeSubDomains]
      transfer-encoding: [chunked]
      vary: [Accept-Encoding]
      x-content-type-options: [nosniff]
    status: {code: 200, message: OK}
- request:
    body: null
    headers:
      Accept: [application/json]
      Accept-Encoding: ['gzip, deflate']
      CommandName: [network express-route create]
      Connection: [keep-alive]
      User-Agent: [python/3.6.4 (Linux-4.11.0-1016-azure-x86_64-with-debian-9.3) requests/2.18.4
          msrest/0.4.26 msrest_azure/0.4.22 networkmanagementclient/1.8.0a1 Azure-SDK-For-Python
          AZURECLI/2.0.29.dev20180305185410.dev20180305185935]
    method: GET
    uri: https://management.azure.com/subscriptions/00000000-0000-0000-0000-000000000000/providers/Microsoft.Network/locations/westus/operations/304e42f5-ac85-40a1-ae55-dbed62894b44?api-version=2018-01-01
  response:
    body: {string: "{\r\n  \"status\": \"InProgress\"\r\n}"}
    headers:
      cache-control: [no-cache]
      content-length: ['30']
      content-type: [application/json; charset=utf-8]
      date: ['Mon, 05 Mar 2018 19:39:37 GMT']
      expires: ['-1']
      pragma: [no-cache]
      server: [Microsoft-HTTPAPI/2.0, Microsoft-HTTPAPI/2.0]
      strict-transport-security: [max-age=31536000; includeSubDomains]
      transfer-encoding: [chunked]
      vary: [Accept-Encoding]
      x-content-type-options: [nosniff]
    status: {code: 200, message: OK}
- request:
    body: null
    headers:
      Accept: [application/json]
      Accept-Encoding: ['gzip, deflate']
      CommandName: [network express-route create]
      Connection: [keep-alive]
      User-Agent: [python/3.6.4 (Linux-4.11.0-1016-azure-x86_64-with-debian-9.3) requests/2.18.4
          msrest/0.4.26 msrest_azure/0.4.22 networkmanagementclient/1.8.0a1 Azure-SDK-For-Python
          AZURECLI/2.0.29.dev20180305185410.dev20180305185935]
    method: GET
    uri: https://management.azure.com/subscriptions/00000000-0000-0000-0000-000000000000/providers/Microsoft.Network/locations/westus/operations/304e42f5-ac85-40a1-ae55-dbed62894b44?api-version=2018-01-01
  response:
    body: {string: "{\r\n  \"status\": \"InProgress\"\r\n}"}
    headers:
      cache-control: [no-cache]
      content-length: ['30']
      content-type: [application/json; charset=utf-8]
      date: ['Mon, 05 Mar 2018 19:39:48 GMT']
      expires: ['-1']
      pragma: [no-cache]
      server: [Microsoft-HTTPAPI/2.0, Microsoft-HTTPAPI/2.0]
      strict-transport-security: [max-age=31536000; includeSubDomains]
      transfer-encoding: [chunked]
      vary: [Accept-Encoding]
      x-content-type-options: [nosniff]
    status: {code: 200, message: OK}
- request:
    body: null
    headers:
      Accept: [application/json]
      Accept-Encoding: ['gzip, deflate']
      CommandName: [network express-route create]
      Connection: [keep-alive]
      User-Agent: [python/3.6.4 (Linux-4.11.0-1016-azure-x86_64-with-debian-9.3) requests/2.18.4
          msrest/0.4.26 msrest_azure/0.4.22 networkmanagementclient/1.8.0a1 Azure-SDK-For-Python
          AZURECLI/2.0.29.dev20180305185410.dev20180305185935]
    method: GET
    uri: https://management.azure.com/subscriptions/00000000-0000-0000-0000-000000000000/providers/Microsoft.Network/locations/westus/operations/304e42f5-ac85-40a1-ae55-dbed62894b44?api-version=2018-01-01
  response:
    body: {string: "{\r\n  \"status\": \"InProgress\"\r\n}"}
    headers:
      cache-control: [no-cache]
      content-length: ['30']
      content-type: [application/json; charset=utf-8]
      date: ['Mon, 05 Mar 2018 19:40:01 GMT']
      expires: ['-1']
      pragma: [no-cache]
      server: [Microsoft-HTTPAPI/2.0, Microsoft-HTTPAPI/2.0]
      strict-transport-security: [max-age=31536000; includeSubDomains]
      transfer-encoding: [chunked]
      vary: [Accept-Encoding]
      x-content-type-options: [nosniff]
    status: {code: 200, message: OK}
- request:
    body: null
    headers:
      Accept: [application/json]
      Accept-Encoding: ['gzip, deflate']
      CommandName: [network express-route create]
      Connection: [keep-alive]
      User-Agent: [python/3.6.4 (Linux-4.11.0-1016-azure-x86_64-with-debian-9.3) requests/2.18.4
          msrest/0.4.26 msrest_azure/0.4.22 networkmanagementclient/1.8.0a1 Azure-SDK-For-Python
          AZURECLI/2.0.29.dev20180305185410.dev20180305185935]
    method: GET
    uri: https://management.azure.com/subscriptions/00000000-0000-0000-0000-000000000000/providers/Microsoft.Network/locations/westus/operations/304e42f5-ac85-40a1-ae55-dbed62894b44?api-version=2018-01-01
  response:
    body: {string: "{\r\n  \"status\": \"InProgress\"\r\n}"}
    headers:
      cache-control: [no-cache]
      content-length: ['30']
      content-type: [application/json; charset=utf-8]
      date: ['Mon, 05 Mar 2018 19:40:12 GMT']
      expires: ['-1']
      pragma: [no-cache]
      server: [Microsoft-HTTPAPI/2.0, Microsoft-HTTPAPI/2.0]
      strict-transport-security: [max-age=31536000; includeSubDomains]
      transfer-encoding: [chunked]
      vary: [Accept-Encoding]
      x-content-type-options: [nosniff]
    status: {code: 200, message: OK}
- request:
    body: null
    headers:
      Accept: [application/json]
      Accept-Encoding: ['gzip, deflate']
      CommandName: [network express-route create]
      Connection: [keep-alive]
      User-Agent: [python/3.6.4 (Linux-4.11.0-1016-azure-x86_64-with-debian-9.3) requests/2.18.4
          msrest/0.4.26 msrest_azure/0.4.22 networkmanagementclient/1.8.0a1 Azure-SDK-For-Python
          AZURECLI/2.0.29.dev20180305185410.dev20180305185935]
    method: GET
    uri: https://management.azure.com/subscriptions/00000000-0000-0000-0000-000000000000/providers/Microsoft.Network/locations/westus/operations/304e42f5-ac85-40a1-ae55-dbed62894b44?api-version=2018-01-01
  response:
    body: {string: "{\r\n  \"status\": \"Succeeded\"\r\n}"}
    headers:
      cache-control: [no-cache]
      content-length: ['29']
      content-type: [application/json; charset=utf-8]
      date: ['Mon, 05 Mar 2018 19:40:23 GMT']
      expires: ['-1']
      pragma: [no-cache]
      server: [Microsoft-HTTPAPI/2.0, Microsoft-HTTPAPI/2.0]
      strict-transport-security: [max-age=31536000; includeSubDomains]
      transfer-encoding: [chunked]
      vary: [Accept-Encoding]
      x-content-type-options: [nosniff]
    status: {code: 200, message: OK}
- request:
    body: null
    headers:
      Accept: [application/json]
      Accept-Encoding: ['gzip, deflate']
      CommandName: [network express-route create]
      Connection: [keep-alive]
      User-Agent: [python/3.6.4 (Linux-4.11.0-1016-azure-x86_64-with-debian-9.3) requests/2.18.4
          msrest/0.4.26 msrest_azure/0.4.22 networkmanagementclient/1.8.0a1 Azure-SDK-For-Python
          AZURECLI/2.0.29.dev20180305185410.dev20180305185935]
    method: GET
    uri: https://management.azure.com/subscriptions/00000000-0000-0000-0000-000000000000/resourceGroups/cli_test_express_route_ipv6_peering000001/providers/Microsoft.Network/expressRouteCircuits/circuit1?api-version=2018-01-01
  response:
    body: {string: "{\r\n  \"name\": \"circuit1\",\r\n  \"id\": \"/subscriptions/00000000-0000-0000-0000-000000000000/resourceGroups/cli_test_express_route_ipv6_peering000001/providers/Microsoft.Network/expressRouteCircuits/circuit1\",\r\n
        \ \"etag\": \"W/\\\"c86660b7-1abb-4670-b3d3-e91d533839a6\\\"\",\r\n  \"type\":
        \"Microsoft.Network/expressRouteCircuits\",\r\n  \"location\": \"westus\",\r\n
        \ \"properties\": {\r\n    \"provisioningState\": \"Succeeded\",\r\n    \"resourceGuid\":
        \"243819bb-fdf7-4be3-9e1c-c8aacecfc20d\",\r\n    \"peerings\": [],\r\n    \"authorizations\":
        [],\r\n    \"serviceProviderProperties\": {\r\n      \"serviceProviderName\":
        \"Microsoft ER Test\",\r\n      \"peeringLocation\": \"Area51\",\r\n      \"bandwidthInMbps\":
        50\r\n    },\r\n    \"circuitProvisioningState\": \"Enabled\",\r\n    \"allowClassicOperations\":
        false,\r\n    \"gatewayManagerEtag\": \"\",\r\n    \"serviceKey\": \"4b5e03b1-80bf-446d-af65-508bae0755d8\",\r\n
        \   \"serviceProviderProvisioningState\": \"NotProvisioned\"\r\n  },\r\n  \"sku\":
        {\r\n    \"name\": \"Premium_MeteredData\",\r\n    \"tier\": \"Premium\",\r\n
        \   \"family\": \"MeteredData\"\r\n  }\r\n}"}
    headers:
      cache-control: [no-cache]
      content-length: ['1044']
      content-type: [application/json; charset=utf-8]
      date: ['Mon, 05 Mar 2018 19:40:25 GMT']
      expires: ['-1']
      pragma: [no-cache]
      server: [Microsoft-HTTPAPI/2.0, Microsoft-HTTPAPI/2.0]
      strict-transport-security: [max-age=31536000; includeSubDomains]
      transfer-encoding: [chunked]
      vary: [Accept-Encoding]
      x-content-type-options: [nosniff]
    status: {code: 200, message: OK}
- request:
    body: '{"properties": {"peeringType": "MicrosoftPeering", "peerASN": 10002, "primaryPeerAddressPrefix":
      "104.0.0.0/30", "secondaryPeerAddressPrefix": "105.0.0.0/30", "vlanId": 103,
      "microsoftPeeringConfig": {"advertisedPublicPrefixes": ["104.0.0.0/30"], "customerASN":
      10000, "routingRegistryName": "LEVEL3"}}}'
    headers:
      Accept: [application/json]
      Accept-Encoding: ['gzip, deflate']
      CommandName: [network express-route peering create]
      Connection: [keep-alive]
      Content-Length: ['303']
      Content-Type: [application/json; charset=utf-8]
      User-Agent: [python/3.6.4 (Linux-4.11.0-1016-azure-x86_64-with-debian-9.3) requests/2.18.4
          msrest/0.4.26 msrest_azure/0.4.22 networkmanagementclient/1.8.0a1 Azure-SDK-For-Python
          AZURECLI/2.0.29.dev20180305185410.dev20180305185935]
      accept-language: [en-US]
    method: PUT
    uri: https://management.azure.com/subscriptions/00000000-0000-0000-0000-000000000000/resourceGroups/cli_test_express_route_ipv6_peering000001/providers/Microsoft.Network/expressRouteCircuits/circuit1/peerings/MicrosoftPeering?api-version=2018-01-01
  response:
    body: {string: "{\r\n  \"name\": \"MicrosoftPeering\",\r\n  \"id\": \"/subscriptions/00000000-0000-0000-0000-000000000000/resourceGroups/cli_test_express_route_ipv6_peering000001/providers/Microsoft.Network/expressRouteCircuits/circuit1/peerings/MicrosoftPeering\",\r\n
        \ \"etag\": \"W/\\\"dd9bd6f2-bbe4-44ba-a6d2-b7f48abf759c\\\"\",\r\n  \"properties\":
        {\r\n    \"provisioningState\": \"Updating\",\r\n    \"peeringType\": \"MicrosoftPeering\",\r\n
        \   \"azureASN\": 0,\r\n    \"peerASN\": 10002,\r\n    \"primaryPeerAddressPrefix\":
        \"104.0.0.0/30\",\r\n    \"secondaryPeerAddressPrefix\": \"105.0.0.0/30\",\r\n
        \   \"state\": \"Disabled\",\r\n    \"vlanId\": 103,\r\n    \"lastModifiedBy\":
        \"\",\r\n    \"microsoftPeeringConfig\": {\r\n      \"advertisedPublicPrefixes\":
        [\r\n        \"104.0.0.0/30\"\r\n      ],\r\n      \"advertisedPublicPrefixesState\":
        \"NotConfigured\",\r\n      \"customerASN\": 10000,\r\n      \"legacyMode\":
        0,\r\n      \"routingRegistryName\": \"LEVEL3\"\r\n    }\r\n  }\r\n}"}
    headers:
      azure-asyncoperation: ['https://management.azure.com/subscriptions/00000000-0000-0000-0000-000000000000/providers/Microsoft.Network/locations/westus/operations/04199af7-8d92-43fc-9ae2-c2af9a4492c7?api-version=2018-01-01']
      cache-control: [no-cache]
      content-length: ['909']
      content-type: [application/json; charset=utf-8]
      date: ['Mon, 05 Mar 2018 19:40:26 GMT']
      expires: ['-1']
      pragma: [no-cache]
      server: [Microsoft-HTTPAPI/2.0, Microsoft-HTTPAPI/2.0]
      strict-transport-security: [max-age=31536000; includeSubDomains]
      x-content-type-options: [nosniff]
      x-ms-ratelimit-remaining-subscription-writes: ['1184']
    status: {code: 201, message: Created}
- request:
    body: null
    headers:
      Accept: [application/json]
      Accept-Encoding: ['gzip, deflate']
      CommandName: [network express-route peering create]
      Connection: [keep-alive]
      User-Agent: [python/3.6.4 (Linux-4.11.0-1016-azure-x86_64-with-debian-9.3) requests/2.18.4
          msrest/0.4.26 msrest_azure/0.4.22 networkmanagementclient/1.8.0a1 Azure-SDK-For-Python
          AZURECLI/2.0.29.dev20180305185410.dev20180305185935]
    method: GET
    uri: https://management.azure.com/subscriptions/00000000-0000-0000-0000-000000000000/providers/Microsoft.Network/locations/westus/operations/04199af7-8d92-43fc-9ae2-c2af9a4492c7?api-version=2018-01-01
  response:
    body: {string: "{\r\n  \"status\": \"InProgress\"\r\n}"}
    headers:
      cache-control: [no-cache]
      content-length: ['30']
      content-type: [application/json; charset=utf-8]
      date: ['Mon, 05 Mar 2018 19:40:36 GMT']
      expires: ['-1']
      pragma: [no-cache]
      server: [Microsoft-HTTPAPI/2.0, Microsoft-HTTPAPI/2.0]
      strict-transport-security: [max-age=31536000; includeSubDomains]
      transfer-encoding: [chunked]
      vary: [Accept-Encoding]
      x-content-type-options: [nosniff]
    status: {code: 200, message: OK}
- request:
    body: null
    headers:
      Accept: [application/json]
      Accept-Encoding: ['gzip, deflate']
      CommandName: [network express-route peering create]
      Connection: [keep-alive]
      User-Agent: [python/3.6.4 (Linux-4.11.0-1016-azure-x86_64-with-debian-9.3) requests/2.18.4
          msrest/0.4.26 msrest_azure/0.4.22 networkmanagementclient/1.8.0a1 Azure-SDK-For-Python
          AZURECLI/2.0.29.dev20180305185410.dev20180305185935]
    method: GET
    uri: https://management.azure.com/subscriptions/00000000-0000-0000-0000-000000000000/providers/Microsoft.Network/locations/westus/operations/04199af7-8d92-43fc-9ae2-c2af9a4492c7?api-version=2018-01-01
  response:
    body: {string: "{\r\n  \"status\": \"InProgress\"\r\n}"}
    headers:
      cache-control: [no-cache]
      content-length: ['30']
      content-type: [application/json; charset=utf-8]
      date: ['Mon, 05 Mar 2018 19:40:48 GMT']
      expires: ['-1']
      pragma: [no-cache]
      server: [Microsoft-HTTPAPI/2.0, Microsoft-HTTPAPI/2.0]
      strict-transport-security: [max-age=31536000; includeSubDomains]
      transfer-encoding: [chunked]
      vary: [Accept-Encoding]
      x-content-type-options: [nosniff]
    status: {code: 200, message: OK}
- request:
    body: null
    headers:
      Accept: [application/json]
      Accept-Encoding: ['gzip, deflate']
      CommandName: [network express-route peering create]
      Connection: [keep-alive]
      User-Agent: [python/3.6.4 (Linux-4.11.0-1016-azure-x86_64-with-debian-9.3) requests/2.18.4
          msrest/0.4.26 msrest_azure/0.4.22 networkmanagementclient/1.8.0a1 Azure-SDK-For-Python
          AZURECLI/2.0.29.dev20180305185410.dev20180305185935]
    method: GET
    uri: https://management.azure.com/subscriptions/00000000-0000-0000-0000-000000000000/providers/Microsoft.Network/locations/westus/operations/04199af7-8d92-43fc-9ae2-c2af9a4492c7?api-version=2018-01-01
  response:
    body: {string: "{\r\n  \"status\": \"InProgress\"\r\n}"}
    headers:
      cache-control: [no-cache]
      content-length: ['30']
      content-type: [application/json; charset=utf-8]
      date: ['Mon, 05 Mar 2018 19:40:59 GMT']
      expires: ['-1']
      pragma: [no-cache]
      server: [Microsoft-HTTPAPI/2.0, Microsoft-HTTPAPI/2.0]
      strict-transport-security: [max-age=31536000; includeSubDomains]
      transfer-encoding: [chunked]
      vary: [Accept-Encoding]
      x-content-type-options: [nosniff]
    status: {code: 200, message: OK}
- request:
    body: null
    headers:
      Accept: [application/json]
      Accept-Encoding: ['gzip, deflate']
      CommandName: [network express-route peering create]
      Connection: [keep-alive]
      User-Agent: [python/3.6.4 (Linux-4.11.0-1016-azure-x86_64-with-debian-9.3) requests/2.18.4
          msrest/0.4.26 msrest_azure/0.4.22 networkmanagementclient/1.8.0a1 Azure-SDK-For-Python
          AZURECLI/2.0.29.dev20180305185410.dev20180305185935]
    method: GET
    uri: https://management.azure.com/subscriptions/00000000-0000-0000-0000-000000000000/providers/Microsoft.Network/locations/westus/operations/04199af7-8d92-43fc-9ae2-c2af9a4492c7?api-version=2018-01-01
  response:
    body: {string: "{\r\n  \"status\": \"InProgress\"\r\n}"}
    headers:
      cache-control: [no-cache]
      content-length: ['30']
      content-type: [application/json; charset=utf-8]
      date: ['Mon, 05 Mar 2018 19:41:10 GMT']
      expires: ['-1']
      pragma: [no-cache]
      server: [Microsoft-HTTPAPI/2.0, Microsoft-HTTPAPI/2.0]
      strict-transport-security: [max-age=31536000; includeSubDomains]
      transfer-encoding: [chunked]
      vary: [Accept-Encoding]
      x-content-type-options: [nosniff]
    status: {code: 200, message: OK}
- request:
    body: null
    headers:
      Accept: [application/json]
      Accept-Encoding: ['gzip, deflate']
      CommandName: [network express-route peering create]
      Connection: [keep-alive]
      User-Agent: [python/3.6.4 (Linux-4.11.0-1016-azure-x86_64-with-debian-9.3) requests/2.18.4
          msrest/0.4.26 msrest_azure/0.4.22 networkmanagementclient/1.8.0a1 Azure-SDK-For-Python
          AZURECLI/2.0.29.dev20180305185410.dev20180305185935]
    method: GET
    uri: https://management.azure.com/subscriptions/00000000-0000-0000-0000-000000000000/providers/Microsoft.Network/locations/westus/operations/04199af7-8d92-43fc-9ae2-c2af9a4492c7?api-version=2018-01-01
  response:
    body: {string: "{\r\n  \"status\": \"InProgress\"\r\n}"}
    headers:
      cache-control: [no-cache]
      content-length: ['30']
      content-type: [application/json; charset=utf-8]
      date: ['Mon, 05 Mar 2018 19:41:22 GMT']
      expires: ['-1']
      pragma: [no-cache]
      server: [Microsoft-HTTPAPI/2.0, Microsoft-HTTPAPI/2.0]
      strict-transport-security: [max-age=31536000; includeSubDomains]
      transfer-encoding: [chunked]
      vary: [Accept-Encoding]
      x-content-type-options: [nosniff]
    status: {code: 200, message: OK}
- request:
    body: null
    headers:
      Accept: [application/json]
      Accept-Encoding: ['gzip, deflate']
      CommandName: [network express-route peering create]
      Connection: [keep-alive]
      User-Agent: [python/3.6.4 (Linux-4.11.0-1016-azure-x86_64-with-debian-9.3) requests/2.18.4
          msrest/0.4.26 msrest_azure/0.4.22 networkmanagementclient/1.8.0a1 Azure-SDK-For-Python
          AZURECLI/2.0.29.dev20180305185410.dev20180305185935]
    method: GET
    uri: https://management.azure.com/subscriptions/00000000-0000-0000-0000-000000000000/providers/Microsoft.Network/locations/westus/operations/04199af7-8d92-43fc-9ae2-c2af9a4492c7?api-version=2018-01-01
  response:
    body: {string: "{\r\n  \"status\": \"InProgress\"\r\n}"}
    headers:
      cache-control: [no-cache]
      content-length: ['30']
      content-type: [application/json; charset=utf-8]
      date: ['Mon, 05 Mar 2018 19:41:32 GMT']
      expires: ['-1']
      pragma: [no-cache]
      server: [Microsoft-HTTPAPI/2.0, Microsoft-HTTPAPI/2.0]
      strict-transport-security: [max-age=31536000; includeSubDomains]
      transfer-encoding: [chunked]
      vary: [Accept-Encoding]
      x-content-type-options: [nosniff]
    status: {code: 200, message: OK}
- request:
    body: null
    headers:
      Accept: [application/json]
      Accept-Encoding: ['gzip, deflate']
      CommandName: [network express-route peering create]
      Connection: [keep-alive]
      User-Agent: [python/3.6.4 (Linux-4.11.0-1016-azure-x86_64-with-debian-9.3) requests/2.18.4
          msrest/0.4.26 msrest_azure/0.4.22 networkmanagementclient/1.8.0a1 Azure-SDK-For-Python
          AZURECLI/2.0.29.dev20180305185410.dev20180305185935]
    method: GET
    uri: https://management.azure.com/subscriptions/00000000-0000-0000-0000-000000000000/providers/Microsoft.Network/locations/westus/operations/04199af7-8d92-43fc-9ae2-c2af9a4492c7?api-version=2018-01-01
  response:
    body: {string: "{\r\n  \"status\": \"InProgress\"\r\n}"}
    headers:
      cache-control: [no-cache]
      content-length: ['30']
      content-type: [application/json; charset=utf-8]
      date: ['Mon, 05 Mar 2018 19:41:44 GMT']
      expires: ['-1']
      pragma: [no-cache]
      server: [Microsoft-HTTPAPI/2.0, Microsoft-HTTPAPI/2.0]
      strict-transport-security: [max-age=31536000; includeSubDomains]
      transfer-encoding: [chunked]
      vary: [Accept-Encoding]
      x-content-type-options: [nosniff]
    status: {code: 200, message: OK}
- request:
    body: null
    headers:
      Accept: [application/json]
      Accept-Encoding: ['gzip, deflate']
      CommandName: [network express-route peering create]
      Connection: [keep-alive]
      User-Agent: [python/3.6.4 (Linux-4.11.0-1016-azure-x86_64-with-debian-9.3) requests/2.18.4
          msrest/0.4.26 msrest_azure/0.4.22 networkmanagementclient/1.8.0a1 Azure-SDK-For-Python
          AZURECLI/2.0.29.dev20180305185410.dev20180305185935]
    method: GET
    uri: https://management.azure.com/subscriptions/00000000-0000-0000-0000-000000000000/providers/Microsoft.Network/locations/westus/operations/04199af7-8d92-43fc-9ae2-c2af9a4492c7?api-version=2018-01-01
  response:
    body: {string: "{\r\n  \"status\": \"InProgress\"\r\n}"}
    headers:
      cache-control: [no-cache]
      content-length: ['30']
      content-type: [application/json; charset=utf-8]
      date: ['Mon, 05 Mar 2018 19:41:54 GMT']
      expires: ['-1']
      pragma: [no-cache]
      server: [Microsoft-HTTPAPI/2.0, Microsoft-HTTPAPI/2.0]
      strict-transport-security: [max-age=31536000; includeSubDomains]
      transfer-encoding: [chunked]
      vary: [Accept-Encoding]
      x-content-type-options: [nosniff]
    status: {code: 200, message: OK}
- request:
    body: null
    headers:
      Accept: [application/json]
      Accept-Encoding: ['gzip, deflate']
      CommandName: [network express-route peering create]
      Connection: [keep-alive]
      User-Agent: [python/3.6.4 (Linux-4.11.0-1016-azure-x86_64-with-debian-9.3) requests/2.18.4
          msrest/0.4.26 msrest_azure/0.4.22 networkmanagementclient/1.8.0a1 Azure-SDK-For-Python
          AZURECLI/2.0.29.dev20180305185410.dev20180305185935]
    method: GET
    uri: https://management.azure.com/subscriptions/00000000-0000-0000-0000-000000000000/providers/Microsoft.Network/locations/westus/operations/04199af7-8d92-43fc-9ae2-c2af9a4492c7?api-version=2018-01-01
  response:
    body: {string: "{\r\n  \"status\": \"InProgress\"\r\n}"}
    headers:
      cache-control: [no-cache]
      content-length: ['30']
      content-type: [application/json; charset=utf-8]
      date: ['Mon, 05 Mar 2018 19:42:06 GMT']
      expires: ['-1']
      pragma: [no-cache]
      server: [Microsoft-HTTPAPI/2.0, Microsoft-HTTPAPI/2.0]
      strict-transport-security: [max-age=31536000; includeSubDomains]
      transfer-encoding: [chunked]
      vary: [Accept-Encoding]
      x-content-type-options: [nosniff]
    status: {code: 200, message: OK}
- request:
    body: null
    headers:
      Accept: [application/json]
      Accept-Encoding: ['gzip, deflate']
      CommandName: [network express-route peering create]
      Connection: [keep-alive]
      User-Agent: [python/3.6.4 (Linux-4.11.0-1016-azure-x86_64-with-debian-9.3) requests/2.18.4
          msrest/0.4.26 msrest_azure/0.4.22 networkmanagementclient/1.8.0a1 Azure-SDK-For-Python
          AZURECLI/2.0.29.dev20180305185410.dev20180305185935]
    method: GET
    uri: https://management.azure.com/subscriptions/00000000-0000-0000-0000-000000000000/providers/Microsoft.Network/locations/westus/operations/04199af7-8d92-43fc-9ae2-c2af9a4492c7?api-version=2018-01-01
  response:
    body: {string: "{\r\n  \"status\": \"Succeeded\"\r\n}"}
    headers:
      cache-control: [no-cache]
      content-length: ['29']
      content-type: [application/json; charset=utf-8]
      date: ['Mon, 05 Mar 2018 19:42:17 GMT']
      expires: ['-1']
      pragma: [no-cache]
      server: [Microsoft-HTTPAPI/2.0, Microsoft-HTTPAPI/2.0]
      strict-transport-security: [max-age=31536000; includeSubDomains]
      transfer-encoding: [chunked]
      vary: [Accept-Encoding]
      x-content-type-options: [nosniff]
    status: {code: 200, message: OK}
- request:
    body: null
    headers:
      Accept: [application/json]
      Accept-Encoding: ['gzip, deflate']
      CommandName: [network express-route peering create]
      Connection: [keep-alive]
      User-Agent: [python/3.6.4 (Linux-4.11.0-1016-azure-x86_64-with-debian-9.3) requests/2.18.4
          msrest/0.4.26 msrest_azure/0.4.22 networkmanagementclient/1.8.0a1 Azure-SDK-For-Python
          AZURECLI/2.0.29.dev20180305185410.dev20180305185935]
    method: GET
    uri: https://management.azure.com/subscriptions/00000000-0000-0000-0000-000000000000/resourceGroups/cli_test_express_route_ipv6_peering000001/providers/Microsoft.Network/expressRouteCircuits/circuit1/peerings/MicrosoftPeering?api-version=2018-01-01
  response:
    body: {string: "{\r\n  \"name\": \"MicrosoftPeering\",\r\n  \"id\": \"/subscriptions/00000000-0000-0000-0000-000000000000/resourceGroups/cli_test_express_route_ipv6_peering000001/providers/Microsoft.Network/expressRouteCircuits/circuit1/peerings/MicrosoftPeering\",\r\n
        \ \"etag\": \"W/\\\"a94ba78e-3ebc-4aa4-ad5e-064e457ec923\\\"\",\r\n  \"properties\":
        {\r\n    \"provisioningState\": \"Succeeded\",\r\n    \"peeringType\": \"MicrosoftPeering\",\r\n
        \   \"azureASN\": 12076,\r\n    \"peerASN\": 10002,\r\n    \"primaryPeerAddressPrefix\":
        \"104.0.0.0/30\",\r\n    \"secondaryPeerAddressPrefix\": \"105.0.0.0/30\",\r\n
        \   \"primaryAzurePort\": \"A51-TEST-06GMR-CIS-1-PRI-A\",\r\n    \"secondaryAzurePort\":
        \"A51-TEST-06GMR-CIS-2-SEC-A\",\r\n    \"state\": \"Enabled\",\r\n    \"vlanId\":
        103,\r\n    \"gatewayManagerEtag\": \"\",\r\n    \"lastModifiedBy\": \"Customer\",\r\n
        \   \"microsoftPeeringConfig\": {\r\n      \"advertisedPublicPrefixes\": [\r\n
        \       \"104.0.0.0/30\"\r\n      ],\r\n      \"advertisedPublicPrefixesState\":
        \"ValidationNeeded\",\r\n      \"customerASN\": 10000,\r\n      \"legacyMode\":
        0,\r\n      \"routingRegistryName\": \"LEVEL3\"\r\n    }\r\n  }\r\n}"}
    headers:
      cache-control: [no-cache]
      content-length: ['1067']
      content-type: [application/json; charset=utf-8]
      date: ['Mon, 05 Mar 2018 19:42:19 GMT']
      expires: ['-1']
      pragma: [no-cache]
      server: [Microsoft-HTTPAPI/2.0, Microsoft-HTTPAPI/2.0]
      strict-transport-security: [max-age=31536000; includeSubDomains]
      transfer-encoding: [chunked]
      vary: [Accept-Encoding]
      x-content-type-options: [nosniff]
    status: {code: 200, message: OK}
- request:
    body: null
    headers:
      Accept: [application/json]
      Accept-Encoding: ['gzip, deflate']
      CommandName: [network express-route peering update]
      Connection: [keep-alive]
      Content-Type: [application/json; charset=utf-8]
      User-Agent: [python/3.6.4 (Linux-4.11.0-1016-azure-x86_64-with-debian-9.3) requests/2.18.4
          msrest/0.4.26 msrest_azure/0.4.22 networkmanagementclient/1.8.0a1 Azure-SDK-For-Python
          AZURECLI/2.0.29.dev20180305185410.dev20180305185935]
      accept-language: [en-US]
    method: GET
    uri: https://management.azure.com/subscriptions/00000000-0000-0000-0000-000000000000/resourceGroups/cli_test_express_route_ipv6_peering000001/providers/Microsoft.Network/expressRouteCircuits/circuit1/peerings/MicrosoftPeering?api-version=2018-01-01
  response:
    body: {string: "{\r\n  \"name\": \"MicrosoftPeering\",\r\n  \"id\": \"/subscriptions/00000000-0000-0000-0000-000000000000/resourceGroups/cli_test_express_route_ipv6_peering000001/providers/Microsoft.Network/expressRouteCircuits/circuit1/peerings/MicrosoftPeering\",\r\n
        \ \"etag\": \"W/\\\"a94ba78e-3ebc-4aa4-ad5e-064e457ec923\\\"\",\r\n  \"properties\":
        {\r\n    \"provisioningState\": \"Succeeded\",\r\n    \"peeringType\": \"MicrosoftPeering\",\r\n
        \   \"azureASN\": 12076,\r\n    \"peerASN\": 10002,\r\n    \"primaryPeerAddressPrefix\":
        \"104.0.0.0/30\",\r\n    \"secondaryPeerAddressPrefix\": \"105.0.0.0/30\",\r\n
        \   \"primaryAzurePort\": \"A51-TEST-06GMR-CIS-1-PRI-A\",\r\n    \"secondaryAzurePort\":
        \"A51-TEST-06GMR-CIS-2-SEC-A\",\r\n    \"state\": \"Enabled\",\r\n    \"vlanId\":
        103,\r\n    \"gatewayManagerEtag\": \"\",\r\n    \"lastModifiedBy\": \"Customer\",\r\n
        \   \"microsoftPeeringConfig\": {\r\n      \"advertisedPublicPrefixes\": [\r\n
        \       \"104.0.0.0/30\"\r\n      ],\r\n      \"advertisedPublicPrefixesState\":
        \"ValidationNeeded\",\r\n      \"customerASN\": 10000,\r\n      \"legacyMode\":
        0,\r\n      \"routingRegistryName\": \"LEVEL3\"\r\n    }\r\n  }\r\n}"}
    headers:
      cache-control: [no-cache]
      content-length: ['1067']
      content-type: [application/json; charset=utf-8]
      date: ['Mon, 05 Mar 2018 19:42:21 GMT']
      expires: ['-1']
      pragma: [no-cache]
      server: [Microsoft-HTTPAPI/2.0, Microsoft-HTTPAPI/2.0]
      strict-transport-security: [max-age=31536000; includeSubDomains]
      transfer-encoding: [chunked]
      vary: [Accept-Encoding]
      x-content-type-options: [nosniff]
    status: {code: 200, message: OK}
- request:
    body: 'b''{"id": "/subscriptions/00000000-0000-0000-0000-000000000000/resourceGroups/cli_test_express_route_ipv6_peering000001/providers/Microsoft.Network/expressRouteCircuits/circuit1/peerings/MicrosoftPeering",
      "properties": {"peeringType": "MicrosoftPeering", "state": "Enabled", "azureASN":
      12076, "peerASN": 10002, "primaryPeerAddressPrefix": "104.0.0.0/30", "secondaryPeerAddressPrefix":
      "105.0.0.0/30", "primaryAzurePort": "A51-TEST-06GMR-CIS-1-PRI-A", "secondaryAzurePort":
      "A51-TEST-06GMR-CIS-2-SEC-A", "vlanId": 103, "microsoftPeeringConfig": {"advertisedPublicPrefixes":
      ["104.0.0.0/30"], "advertisedPublicPrefixesState": "ValidationNeeded", "legacyMode":
      0, "customerASN": 10000, "routingRegistryName": "LEVEL3"}, "provisioningState":
      "Succeeded", "gatewayManagerEtag": "", "lastModifiedBy": "Customer", "ipv6PeeringConfig":
      {"primaryPeerAddressPrefix": "2001:db00::/126", "secondaryPeerAddressPrefix":
      "2002:db00::/126", "microsoftPeeringConfig": {"advertisedPublicPrefixes": ["2001:db00::/126"],
      "customerASN": 100001, "routingRegistryName": "LEVEL3"}}}, "name": "MicrosoftPeering"}'''
    headers:
      Accept: [application/json]
      Accept-Encoding: ['gzip, deflate']
      CommandName: [network express-route peering update]
      Connection: [keep-alive]
      Content-Length: ['1120']
      Content-Type: [application/json; charset=utf-8]
      User-Agent: [python/3.6.4 (Linux-4.11.0-1016-azure-x86_64-with-debian-9.3) requests/2.18.4
          msrest/0.4.26 msrest_azure/0.4.22 networkmanagementclient/1.8.0a1 Azure-SDK-For-Python
          AZURECLI/2.0.29.dev20180305185410.dev20180305185935]
      accept-language: [en-US]
    method: PUT
    uri: https://management.azure.com/subscriptions/00000000-0000-0000-0000-000000000000/resourceGroups/cli_test_express_route_ipv6_peering000001/providers/Microsoft.Network/expressRouteCircuits/circuit1/peerings/MicrosoftPeering?api-version=2018-01-01
  response:
    body: {string: "{\r\n  \"name\": \"MicrosoftPeering\",\r\n  \"id\": \"/subscriptions/00000000-0000-0000-0000-000000000000/resourceGroups/cli_test_express_route_ipv6_peering000001/providers/Microsoft.Network/expressRouteCircuits/circuit1/peerings/MicrosoftPeering\",\r\n
        \ \"etag\": \"W/\\\"1ad1f9ea-15b5-4332-a81d-941203d805b1\\\"\",\r\n  \"properties\":
        {\r\n    \"provisioningState\": \"Updating\",\r\n    \"peeringType\": \"MicrosoftPeering\",\r\n
        \   \"azureASN\": 12076,\r\n    \"peerASN\": 10002,\r\n    \"primaryPeerAddressPrefix\":
        \"104.0.0.0/30\",\r\n    \"secondaryPeerAddressPrefix\": \"105.0.0.0/30\",\r\n
        \   \"primaryAzurePort\": \"A51-TEST-06GMR-CIS-1-PRI-A\",\r\n    \"secondaryAzurePort\":
        \"A51-TEST-06GMR-CIS-2-SEC-A\",\r\n    \"state\": \"Enabled\",\r\n    \"vlanId\":
        103,\r\n    \"gatewayManagerEtag\": \"\",\r\n    \"lastModifiedBy\": \"Customer\",\r\n
        \   \"microsoftPeeringConfig\": {\r\n      \"advertisedPublicPrefixes\": [\r\n
        \       \"104.0.0.0/30\"\r\n      ],\r\n      \"advertisedPublicPrefixesState\":
        \"ValidationNeeded\",\r\n      \"customerASN\": 10000,\r\n      \"legacyMode\":
        0,\r\n      \"routingRegistryName\": \"LEVEL3\"\r\n    },\r\n    \"ipv6PeeringConfig\":
        {\r\n      \"primaryPeerAddressPrefix\": \"2001:db00::/126\",\r\n      \"secondaryPeerAddressPrefix\":
        \"2002:db00::/126\",\r\n      \"state\": \"Disabled\",\r\n      \"microsoftPeeringConfig\":
        {\r\n        \"advertisedPublicPrefixes\": [\r\n          \"2001:db00::/126\"\r\n
        \       ],\r\n        \"advertisedPublicPrefixesState\": \"NotConfigured\",\r\n
        \       \"customerASN\": 100001,\r\n        \"legacyMode\": 0,\r\n        \"routingRegistryName\":
        \"LEVEL3\"\r\n      }\r\n    }\r\n  }\r\n}"}
    headers:
      azure-asyncoperation: ['https://management.azure.com/subscriptions/00000000-0000-0000-0000-000000000000/providers/Microsoft.Network/locations/westus/operations/24584438-5bcb-4f1d-a942-16463133f5ad?api-version=2018-01-01']
      cache-control: [no-cache]
      content-length: ['1522']
      content-type: [application/json; charset=utf-8]
      date: ['Mon, 05 Mar 2018 19:42:23 GMT']
      expires: ['-1']
      pragma: [no-cache]
      server: [Microsoft-HTTPAPI/2.0, Microsoft-HTTPAPI/2.0]
      strict-transport-security: [max-age=31536000; includeSubDomains]
      transfer-encoding: [chunked]
      vary: [Accept-Encoding]
      x-content-type-options: [nosniff]
      x-ms-ratelimit-remaining-subscription-writes: ['1181']
    status: {code: 200, message: OK}
- request:
    body: null
    headers:
      Accept: [application/json]
      Accept-Encoding: ['gzip, deflate']
      CommandName: [network express-route peering update]
      Connection: [keep-alive]
      User-Agent: [python/3.6.4 (Linux-4.11.0-1016-azure-x86_64-with-debian-9.3) requests/2.18.4
          msrest/0.4.26 msrest_azure/0.4.22 networkmanagementclient/1.8.0a1 Azure-SDK-For-Python
          AZURECLI/2.0.29.dev20180305185410.dev20180305185935]
    method: GET
    uri: https://management.azure.com/subscriptions/00000000-0000-0000-0000-000000000000/providers/Microsoft.Network/locations/westus/operations/24584438-5bcb-4f1d-a942-16463133f5ad?api-version=2018-01-01
  response:
    body: {string: "{\r\n  \"status\": \"InProgress\"\r\n}"}
    headers:
      cache-control: [no-cache]
      content-length: ['30']
      content-type: [application/json; charset=utf-8]
      date: ['Mon, 05 Mar 2018 19:42:33 GMT']
      expires: ['-1']
      pragma: [no-cache]
      server: [Microsoft-HTTPAPI/2.0, Microsoft-HTTPAPI/2.0]
      strict-transport-security: [max-age=31536000; includeSubDomains]
      transfer-encoding: [chunked]
      vary: [Accept-Encoding]
      x-content-type-options: [nosniff]
    status: {code: 200, message: OK}
- request:
    body: null
    headers:
      Accept: [application/json]
      Accept-Encoding: ['gzip, deflate']
      CommandName: [network express-route peering update]
      Connection: [keep-alive]
      User-Agent: [python/3.6.4 (Linux-4.11.0-1016-azure-x86_64-with-debian-9.3) requests/2.18.4
          msrest/0.4.26 msrest_azure/0.4.22 networkmanagementclient/1.8.0a1 Azure-SDK-For-Python
          AZURECLI/2.0.29.dev20180305185410.dev20180305185935]
    method: GET
    uri: https://management.azure.com/subscriptions/00000000-0000-0000-0000-000000000000/providers/Microsoft.Network/locations/westus/operations/24584438-5bcb-4f1d-a942-16463133f5ad?api-version=2018-01-01
  response:
    body: {string: "{\r\n  \"status\": \"InProgress\"\r\n}"}
    headers:
      cache-control: [no-cache]
      content-length: ['30']
      content-type: [application/json; charset=utf-8]
      date: ['Mon, 05 Mar 2018 19:42:44 GMT']
      expires: ['-1']
      pragma: [no-cache]
      server: [Microsoft-HTTPAPI/2.0, Microsoft-HTTPAPI/2.0]
      strict-transport-security: [max-age=31536000; includeSubDomains]
      transfer-encoding: [chunked]
      vary: [Accept-Encoding]
      x-content-type-options: [nosniff]
    status: {code: 200, message: OK}
- request:
    body: null
    headers:
      Accept: [application/json]
      Accept-Encoding: ['gzip, deflate']
      CommandName: [network express-route peering update]
      Connection: [keep-alive]
      User-Agent: [python/3.6.4 (Linux-4.11.0-1016-azure-x86_64-with-debian-9.3) requests/2.18.4
          msrest/0.4.26 msrest_azure/0.4.22 networkmanagementclient/1.8.0a1 Azure-SDK-For-Python
          AZURECLI/2.0.29.dev20180305185410.dev20180305185935]
    method: GET
    uri: https://management.azure.com/subscriptions/00000000-0000-0000-0000-000000000000/providers/Microsoft.Network/locations/westus/operations/24584438-5bcb-4f1d-a942-16463133f5ad?api-version=2018-01-01
  response:
    body: {string: "{\r\n  \"status\": \"InProgress\"\r\n}"}
    headers:
      cache-control: [no-cache]
      content-length: ['30']
      content-type: [application/json; charset=utf-8]
      date: ['Mon, 05 Mar 2018 19:42:56 GMT']
      expires: ['-1']
      pragma: [no-cache]
      server: [Microsoft-HTTPAPI/2.0, Microsoft-HTTPAPI/2.0]
      strict-transport-security: [max-age=31536000; includeSubDomains]
      transfer-encoding: [chunked]
      vary: [Accept-Encoding]
      x-content-type-options: [nosniff]
    status: {code: 200, message: OK}
- request:
    body: null
    headers:
      Accept: [application/json]
      Accept-Encoding: ['gzip, deflate']
      CommandName: [network express-route peering update]
      Connection: [keep-alive]
      User-Agent: [python/3.6.4 (Linux-4.11.0-1016-azure-x86_64-with-debian-9.3) requests/2.18.4
          msrest/0.4.26 msrest_azure/0.4.22 networkmanagementclient/1.8.0a1 Azure-SDK-For-Python
          AZURECLI/2.0.29.dev20180305185410.dev20180305185935]
    method: GET
    uri: https://management.azure.com/subscriptions/00000000-0000-0000-0000-000000000000/providers/Microsoft.Network/locations/westus/operations/24584438-5bcb-4f1d-a942-16463133f5ad?api-version=2018-01-01
  response:
    body: {string: "{\r\n  \"status\": \"InProgress\"\r\n}"}
    headers:
      cache-control: [no-cache]
      content-length: ['30']
      content-type: [application/json; charset=utf-8]
      date: ['Mon, 05 Mar 2018 19:43:06 GMT']
      expires: ['-1']
      pragma: [no-cache]
      server: [Microsoft-HTTPAPI/2.0, Microsoft-HTTPAPI/2.0]
      strict-transport-security: [max-age=31536000; includeSubDomains]
      transfer-encoding: [chunked]
      vary: [Accept-Encoding]
      x-content-type-options: [nosniff]
    status: {code: 200, message: OK}
- request:
    body: null
    headers:
      Accept: [application/json]
      Accept-Encoding: ['gzip, deflate']
      CommandName: [network express-route peering update]
      Connection: [keep-alive]
      User-Agent: [python/3.6.4 (Linux-4.11.0-1016-azure-x86_64-with-debian-9.3) requests/2.18.4
          msrest/0.4.26 msrest_azure/0.4.22 networkmanagementclient/1.8.0a1 Azure-SDK-For-Python
          AZURECLI/2.0.29.dev20180305185410.dev20180305185935]
    method: GET
    uri: https://management.azure.com/subscriptions/00000000-0000-0000-0000-000000000000/providers/Microsoft.Network/locations/westus/operations/24584438-5bcb-4f1d-a942-16463133f5ad?api-version=2018-01-01
  response:
    body: {string: "{\r\n  \"status\": \"InProgress\"\r\n}"}
    headers:
      cache-control: [no-cache]
      content-length: ['30']
      content-type: [application/json; charset=utf-8]
      date: ['Mon, 05 Mar 2018 19:43:18 GMT']
      expires: ['-1']
      pragma: [no-cache]
      server: [Microsoft-HTTPAPI/2.0, Microsoft-HTTPAPI/2.0]
      strict-transport-security: [max-age=31536000; includeSubDomains]
      transfer-encoding: [chunked]
      vary: [Accept-Encoding]
      x-content-type-options: [nosniff]
    status: {code: 200, message: OK}
- request:
    body: null
    headers:
      Accept: [application/json]
      Accept-Encoding: ['gzip, deflate']
      CommandName: [network express-route peering update]
      Connection: [keep-alive]
      User-Agent: [python/3.6.4 (Linux-4.11.0-1016-azure-x86_64-with-debian-9.3) requests/2.18.4
          msrest/0.4.26 msrest_azure/0.4.22 networkmanagementclient/1.8.0a1 Azure-SDK-For-Python
          AZURECLI/2.0.29.dev20180305185410.dev20180305185935]
    method: GET
    uri: https://management.azure.com/subscriptions/00000000-0000-0000-0000-000000000000/providers/Microsoft.Network/locations/westus/operations/24584438-5bcb-4f1d-a942-16463133f5ad?api-version=2018-01-01
  response:
    body: {string: "{\r\n  \"status\": \"InProgress\"\r\n}"}
    headers:
      cache-control: [no-cache]
      content-length: ['30']
      content-type: [application/json; charset=utf-8]
      date: ['Mon, 05 Mar 2018 19:43:29 GMT']
      expires: ['-1']
      pragma: [no-cache]
      server: [Microsoft-HTTPAPI/2.0, Microsoft-HTTPAPI/2.0]
      strict-transport-security: [max-age=31536000; includeSubDomains]
      transfer-encoding: [chunked]
      vary: [Accept-Encoding]
      x-content-type-options: [nosniff]
    status: {code: 200, message: OK}
- request:
    body: null
    headers:
      Accept: [application/json]
      Accept-Encoding: ['gzip, deflate']
      CommandName: [network express-route peering update]
      Connection: [keep-alive]
      User-Agent: [python/3.6.4 (Linux-4.11.0-1016-azure-x86_64-with-debian-9.3) requests/2.18.4
          msrest/0.4.26 msrest_azure/0.4.22 networkmanagementclient/1.8.0a1 Azure-SDK-For-Python
          AZURECLI/2.0.29.dev20180305185410.dev20180305185935]
    method: GET
    uri: https://management.azure.com/subscriptions/00000000-0000-0000-0000-000000000000/providers/Microsoft.Network/locations/westus/operations/24584438-5bcb-4f1d-a942-16463133f5ad?api-version=2018-01-01
  response:
    body: {string: "{\r\n  \"status\": \"Succeeded\"\r\n}"}
    headers:
      cache-control: [no-cache]
      content-length: ['29']
      content-type: [application/json; charset=utf-8]
      date: ['Mon, 05 Mar 2018 19:43:40 GMT']
      expires: ['-1']
      pragma: [no-cache]
      server: [Microsoft-HTTPAPI/2.0, Microsoft-HTTPAPI/2.0]
      strict-transport-security: [max-age=31536000; includeSubDomains]
      transfer-encoding: [chunked]
      vary: [Accept-Encoding]
      x-content-type-options: [nosniff]
    status: {code: 200, message: OK}
- request:
    body: null
    headers:
      Accept: [application/json]
      Accept-Encoding: ['gzip, deflate']
      CommandName: [network express-route peering update]
      Connection: [keep-alive]
      User-Agent: [python/3.6.4 (Linux-4.11.0-1016-azure-x86_64-with-debian-9.3) requests/2.18.4
          msrest/0.4.26 msrest_azure/0.4.22 networkmanagementclient/1.8.0a1 Azure-SDK-For-Python
          AZURECLI/2.0.29.dev20180305185410.dev20180305185935]
    method: GET
    uri: https://management.azure.com/subscriptions/00000000-0000-0000-0000-000000000000/resourceGroups/cli_test_express_route_ipv6_peering000001/providers/Microsoft.Network/expressRouteCircuits/circuit1/peerings/MicrosoftPeering?api-version=2018-01-01
  response:
    body: {string: "{\r\n  \"name\": \"MicrosoftPeering\",\r\n  \"id\": \"/subscriptions/00000000-0000-0000-0000-000000000000/resourceGroups/cli_test_express_route_ipv6_peering000001/providers/Microsoft.Network/expressRouteCircuits/circuit1/peerings/MicrosoftPeering\",\r\n
        \ \"etag\": \"W/\\\"8ce4d091-e925-4d1b-b115-3fcd642dd995\\\"\",\r\n  \"properties\":
        {\r\n    \"provisioningState\": \"Succeeded\",\r\n    \"peeringType\": \"MicrosoftPeering\",\r\n
        \   \"azureASN\": 12076,\r\n    \"peerASN\": 10002,\r\n    \"primaryPeerAddressPrefix\":
        \"104.0.0.0/30\",\r\n    \"secondaryPeerAddressPrefix\": \"105.0.0.0/30\",\r\n
        \   \"primaryAzurePort\": \"A51-TEST-06GMR-CIS-1-PRI-A\",\r\n    \"secondaryAzurePort\":
        \"A51-TEST-06GMR-CIS-2-SEC-A\",\r\n    \"state\": \"Enabled\",\r\n    \"vlanId\":
        103,\r\n    \"gatewayManagerEtag\": \"\",\r\n    \"lastModifiedBy\": \"Customer\",\r\n
        \   \"microsoftPeeringConfig\": {\r\n      \"advertisedPublicPrefixes\": [\r\n
        \       \"104.0.0.0/30\"\r\n      ],\r\n      \"advertisedPublicPrefixesState\":
        \"ValidationNeeded\",\r\n      \"customerASN\": 10000,\r\n      \"legacyMode\":
        0,\r\n      \"routingRegistryName\": \"LEVEL3\"\r\n    },\r\n    \"ipv6PeeringConfig\":
        {\r\n      \"primaryPeerAddressPrefix\": \"2001:db00::/126\",\r\n      \"secondaryPeerAddressPrefix\":
        \"2002:db00::/126\",\r\n      \"state\": \"Enabled\",\r\n      \"microsoftPeeringConfig\":
        {\r\n        \"advertisedPublicPrefixes\": [\r\n          \"2001:db00::/126\"\r\n
        \       ],\r\n        \"advertisedPublicPrefixesState\": \"ValidationNeeded\",\r\n
        \       \"customerASN\": 100001,\r\n        \"legacyMode\": 0,\r\n        \"routingRegistryName\":
        \"LEVEL3\"\r\n      }\r\n    }\r\n  }\r\n}"}
    headers:
      cache-control: [no-cache]
      content-length: ['1525']
      content-type: [application/json; charset=utf-8]
      date: ['Mon, 05 Mar 2018 19:43:42 GMT']
      expires: ['-1']
      pragma: [no-cache]
      server: [Microsoft-HTTPAPI/2.0, Microsoft-HTTPAPI/2.0]
      strict-transport-security: [max-age=31536000; includeSubDomains]
      transfer-encoding: [chunked]
      vary: [Accept-Encoding]
      x-content-type-options: [nosniff]
    status: {code: 200, message: OK}
- request:
    body: null
    headers:
      Accept: [application/json]
      Accept-Encoding: ['gzip, deflate']
      CommandName: [network express-route peering show]
      Connection: [keep-alive]
      Content-Type: [application/json; charset=utf-8]
      User-Agent: [python/3.6.4 (Linux-4.11.0-1016-azure-x86_64-with-debian-9.3) requests/2.18.4
          msrest/0.4.26 msrest_azure/0.4.22 networkmanagementclient/1.8.0a1 Azure-SDK-For-Python
          AZURECLI/2.0.29.dev20180305185410.dev20180305185935]
      accept-language: [en-US]
    method: GET
    uri: https://management.azure.com/subscriptions/00000000-0000-0000-0000-000000000000/resourceGroups/cli_test_express_route_ipv6_peering000001/providers/Microsoft.Network/expressRouteCircuits/circuit1/peerings/MicrosoftPeering?api-version=2018-01-01
  response:
    body: {string: "{\r\n  \"name\": \"MicrosoftPeering\",\r\n  \"id\": \"/subscriptions/00000000-0000-0000-0000-000000000000/resourceGroups/cli_test_express_route_ipv6_peering000001/providers/Microsoft.Network/expressRouteCircuits/circuit1/peerings/MicrosoftPeering\",\r\n
        \ \"etag\": \"W/\\\"8ce4d091-e925-4d1b-b115-3fcd642dd995\\\"\",\r\n  \"properties\":
        {\r\n    \"provisioningState\": \"Succeeded\",\r\n    \"peeringType\": \"MicrosoftPeering\",\r\n
        \   \"azureASN\": 12076,\r\n    \"peerASN\": 10002,\r\n    \"primaryPeerAddressPrefix\":
        \"104.0.0.0/30\",\r\n    \"secondaryPeerAddressPrefix\": \"105.0.0.0/30\",\r\n
        \   \"primaryAzurePort\": \"A51-TEST-06GMR-CIS-1-PRI-A\",\r\n    \"secondaryAzurePort\":
        \"A51-TEST-06GMR-CIS-2-SEC-A\",\r\n    \"state\": \"Enabled\",\r\n    \"vlanId\":
        103,\r\n    \"gatewayManagerEtag\": \"\",\r\n    \"lastModifiedBy\": \"Customer\",\r\n
        \   \"microsoftPeeringConfig\": {\r\n      \"advertisedPublicPrefixes\": [\r\n
        \       \"104.0.0.0/30\"\r\n      ],\r\n      \"advertisedPublicPrefixesState\":
        \"ValidationNeeded\",\r\n      \"customerASN\": 10000,\r\n      \"legacyMode\":
        0,\r\n      \"routingRegistryName\": \"LEVEL3\"\r\n    },\r\n    \"ipv6PeeringConfig\":
        {\r\n      \"primaryPeerAddressPrefix\": \"2001:db00::/126\",\r\n      \"secondaryPeerAddressPrefix\":
        \"2002:db00::/126\",\r\n      \"state\": \"Enabled\",\r\n      \"microsoftPeeringConfig\":
        {\r\n        \"advertisedPublicPrefixes\": [\r\n          \"2001:db00::/126\"\r\n
        \       ],\r\n        \"advertisedPublicPrefixesState\": \"ValidationNeeded\",\r\n
        \       \"customerASN\": 100001,\r\n        \"legacyMode\": 0,\r\n        \"routingRegistryName\":
        \"LEVEL3\"\r\n      }\r\n    }\r\n  }\r\n}"}
    headers:
      cache-control: [no-cache]
      content-length: ['1525']
      content-type: [application/json; charset=utf-8]
      date: ['Mon, 05 Mar 2018 19:43:44 GMT']
      expires: ['-1']
      pragma: [no-cache]
      server: [Microsoft-HTTPAPI/2.0, Microsoft-HTTPAPI/2.0]
      strict-transport-security: [max-age=31536000; includeSubDomains]
      transfer-encoding: [chunked]
      vary: [Accept-Encoding]
      x-content-type-options: [nosniff]
    status: {code: 200, message: OK}
- request:
    body: null
    headers:
      Accept: [application/json]
      Accept-Encoding: ['gzip, deflate']
      CommandName: [group delete]
      Connection: [keep-alive]
      Content-Length: ['0']
      Content-Type: [application/json; charset=utf-8]
      User-Agent: [python/3.6.4 (Linux-4.11.0-1016-azure-x86_64-with-debian-9.3) requests/2.18.4
          msrest/0.4.26 msrest_azure/0.4.22 resourcemanagementclient/1.2.1 Azure-SDK-For-Python
          AZURECLI/2.0.29.dev20180305185410.dev20180305185935]
      accept-language: [en-US]
    method: DELETE
    uri: https://management.azure.com/subscriptions/00000000-0000-0000-0000-000000000000/resourcegroups/cli_test_express_route_ipv6_peering000001?api-version=2017-05-10
  response:
    body: {string: ''}
    headers:
      cache-control: [no-cache]
      content-length: ['0']
      date: ['Mon, 05 Mar 2018 19:43:46 GMT']
      expires: ['-1']
      location: ['https://management.azure.com/subscriptions/00000000-0000-0000-0000-000000000000/operationresults/eyJqb2JJZCI6IlJFU09VUkNFR1JPVVBERUxFVElPTkpPQi1DTEk6NUZURVNUOjVGRVhQUkVTUzo1RlJPVVRFOjVGSVBWNjo1RlBFRVJJTkdXUnwxN0YwMThGQzYwMDVDMkEyLVdFU1RVUyIsImpvYkxvY2F0aW9uIjoid2VzdHVzIn0?api-version=2017-05-10']
      pragma: [no-cache]
      strict-transport-security: [max-age=31536000; includeSubDomains]
      x-content-type-options: [nosniff]
      x-ms-ratelimit-remaining-subscription-writes: ['1167']
    status: {code: 202, message: Accepted}
version: 1
