interactions:
- request:
    body: '{"location": "westus", "tags": {"product": "azurecli", "cause": "automation",
      "date": "2019-04-19T22:09:45Z"}}'
    headers:
      Accept:
      - application/json
      Accept-Encoding:
      - gzip, deflate
      CommandName:
      - group create
      Connection:
      - keep-alive
      Content-Length:
      - '110'
      Content-Type:
      - application/json; charset=utf-8
      ParameterSetName:
      - --location --name --tag
      User-Agent:
      - python/3.7.3 (Windows-10-10.0.17763-SP0) msrest/0.6.6 msrest_azure/0.6.0 resourcemanagementclient/2.1.0
        Azure-SDK-For-Python AZURECLI/2.0.62
      accept-language:
      - en-US
    method: PUT
    uri: https://management.azure.com/subscriptions/00000000-0000-0000-0000-000000000000/resourcegroups/cli_test_ag_address_pool000001?api-version=2018-05-01
  response:
    body:
      string: '{"id":"/subscriptions/00000000-0000-0000-0000-000000000000/resourceGroups/cli_test_ag_address_pool000001","name":"cli_test_ag_address_pool000001","location":"westus","tags":{"product":"azurecli","cause":"automation","date":"2019-04-19T22:09:45Z"},"properties":{"provisioningState":"Succeeded"}}'
    headers:
      cache-control:
      - no-cache
      content-length:
      - '384'
      content-type:
      - application/json; charset=utf-8
      date:
      - Fri, 19 Apr 2019 22:09:45 GMT
      expires:
      - '-1'
      pragma:
      - no-cache
      strict-transport-security:
      - max-age=31536000; includeSubDomains
      x-content-type-options:
      - nosniff
      x-ms-ratelimit-remaining-subscription-writes:
      - '1198'
    status:
      code: 201
      message: Created
- request:
    body: null
    headers:
      Accept:
      - application/json
      Accept-Encoding:
      - gzip, deflate
      CommandName:
      - network application-gateway create
      Connection:
      - keep-alive
      ParameterSetName:
      - -g -n --no-wait
      User-Agent:
      - python/3.7.3 (Windows-10-10.0.17763-SP0) msrest/0.6.6 msrest_azure/0.6.0 resourcemanagementclient/2.1.0
        Azure-SDK-For-Python AZURECLI/2.0.62
      accept-language:
      - en-US
    method: GET
    uri: https://management.azure.com/subscriptions/00000000-0000-0000-0000-000000000000/resourcegroups/cli_test_ag_address_pool000001?api-version=2018-05-01
  response:
    body:
      string: '{"id":"/subscriptions/00000000-0000-0000-0000-000000000000/resourceGroups/cli_test_ag_address_pool000001","name":"cli_test_ag_address_pool000001","location":"westus","tags":{"product":"azurecli","cause":"automation","date":"2019-04-19T22:09:45Z"},"properties":{"provisioningState":"Succeeded"}}'
    headers:
      cache-control:
      - no-cache
      content-length:
      - '384'
      content-type:
      - application/json; charset=utf-8
      date:
      - Fri, 19 Apr 2019 22:09:45 GMT
      expires:
      - '-1'
      pragma:
      - no-cache
      strict-transport-security:
      - max-age=31536000; includeSubDomains
      vary:
      - Accept-Encoding
      x-content-type-options:
      - nosniff
    status:
      code: 200
      message: OK
- request:
    body: null
    headers:
      Accept:
      - application/json
      Accept-Encoding:
      - gzip, deflate
      CommandName:
      - network application-gateway create
      Connection:
      - keep-alive
      ParameterSetName:
      - -g -n --no-wait
      User-Agent:
      - python/3.7.3 (Windows-10-10.0.17763-SP0) msrest/0.6.6 msrest_azure/0.6.0 resourcemanagementclient/2.1.0
        Azure-SDK-For-Python AZURECLI/2.0.62
      accept-language:
      - en-US
    method: GET
    uri: https://management.azure.com/subscriptions/00000000-0000-0000-0000-000000000000/resources?$filter=resourceGroup%20eq%20%27cli_test_ag_address_pool000001%27%20and%20name%20eq%20%27None%27%20and%20resourceType%20eq%20%27Microsoft.Network%2FvirtualNetworks%27&api-version=2018-05-01
  response:
    body:
      string: '{"value":[]}'
    headers:
      cache-control:
      - no-cache
      content-length:
      - '12'
      content-type:
      - application/json; charset=utf-8
      date:
      - Fri, 19 Apr 2019 22:09:45 GMT
      expires:
      - '-1'
      pragma:
      - no-cache
      strict-transport-security:
      - max-age=31536000; includeSubDomains
      vary:
      - Accept-Encoding
      x-content-type-options:
      - nosniff
    status:
      code: 200
      message: OK
- request:
    body: 'b''{"properties": {"template": {"$schema": "https://schema.management.azure.com/schemas/2015-01-01/deploymentTemplate.json#",
      "contentVersion": "1.0.0.0", "parameters": {}, "variables": {"appGwID": "[resourceId(\''Microsoft.Network/applicationGateways\'',
      \''ag1\'')]"}, "resources": [{"name": "ag1Vnet", "type": "Microsoft.Network/virtualNetworks",
      "location": "westus", "apiVersion": "2015-06-15", "dependsOn": [], "tags": {},
      "properties": {"addressSpace": {"addressPrefixes": ["10.0.0.0/16"]}, "subnets":
      [{"name": "default", "properties": {"addressPrefix": "10.0.0.0/24"}}]}}, {"type":
      "Microsoft.Network/applicationGateways", "name": "ag1", "location": "westus",
      "tags": {}, "apiVersion": "2019-02-01", "dependsOn": ["Microsoft.Network/virtualNetworks/ag1Vnet"],
      "properties": {"backendAddressPools": [{"name": "appGatewayBackendPool"}], "backendHttpSettingsCollection":
      [{"name": "appGatewayBackendHttpSettings", "properties": {"Port": 80, "Protocol":
      "Http", "CookieBasedAffinity": "disabled", "connectionDraining": {"enabled":
      false, "drainTimeoutInSec": 1}}}], "frontendIPConfigurations": [{"name": "appGatewayFrontendIP",
      "properties": {"privateIPAllocationMethod": "Dynamic", "privateIPAddress": "",
      "subnet": {"id": "/subscriptions/00000000-0000-0000-0000-000000000000/resourceGroups/cli_test_ag_address_pool000001/providers/Microsoft.Network/virtualNetworks/ag1Vnet/subnets/default"}}}],
      "frontendPorts": [{"name": "appGatewayFrontendPort", "properties": {"Port":
      80}}], "gatewayIPConfigurations": [{"name": "appGatewayFrontendIP", "properties":
      {"subnet": {"id": "/subscriptions/00000000-0000-0000-0000-000000000000/resourceGroups/cli_test_ag_address_pool000001/providers/Microsoft.Network/virtualNetworks/ag1Vnet/subnets/default"}}}],
      "httpListeners": [{"name": "appGatewayHttpListener", "properties": {"FrontendIpConfiguration":
      {"Id": "[concat(variables(\''appGwID\''), \''/frontendIPConfigurations/appGatewayFrontendIP\'')]"},
      "FrontendPort": {"Id": "[concat(variables(\''appGwID\''), \''/frontendPorts/appGatewayFrontendPort\'')]"},
      "Protocol": "http", "SslCertificate": null}}], "sku": {"name": "Standard_Medium",
      "tier": "Standard", "capacity": 2}, "requestRoutingRules": [{"Name": "rule1",
      "properties": {"RuleType": "Basic", "httpListener": {"id": "[concat(variables(\''appGwID\''),
      \''/httpListeners/appGatewayHttpListener\'')]"}, "backendAddressPool": {"id":
      "[concat(variables(\''appGwID\''), \''/backendAddressPools/appGatewayBackendPool\'')]"},
      "backendHttpSettings": {"id": "[concat(variables(\''appGwID\''), \''/backendHttpSettingsCollection/appGatewayBackendHttpSettings\'')]"}}}]},
      "zones": null}], "outputs": {"applicationGateway": {"type": "object", "value":
      "[reference(\''ag1\'')]"}}}, "parameters": {}, "mode": "Incremental"}}'''
    headers:
      Accept:
      - application/json
      Accept-Encoding:
      - gzip, deflate
      CommandName:
      - network application-gateway create
      Connection:
      - keep-alive
      Content-Length:
      - '2799'
      Content-Type:
      - application/json; charset=utf-8
      ParameterSetName:
      - -g -n --no-wait
      User-Agent:
      - python/3.7.3 (Windows-10-10.0.17763-SP0) msrest/0.6.6 msrest_azure/0.6.0 resourcemanagementclient/2.1.0
        Azure-SDK-For-Python AZURECLI/2.0.62
      accept-language:
      - en-US
    method: PUT
    uri: https://management.azure.com/subscriptions/00000000-0000-0000-0000-000000000000/resourcegroups/cli_test_ag_address_pool000001/providers/Microsoft.Resources/deployments/mock-deployment?api-version=2018-05-01
  response:
    body:
      string: '{"id":"/subscriptions/00000000-0000-0000-0000-000000000000/resourceGroups/cli_test_ag_address_pool000001/providers/Microsoft.Resources/deployments/ag_deploy_VncAmqSKOSbER3KR1wbGbU6HURXbbMmk","name":"ag_deploy_VncAmqSKOSbER3KR1wbGbU6HURXbbMmk","properties":{"templateHash":"3532245898971602087","parameters":{},"mode":"Incremental","provisioningState":"Accepted","timestamp":"2019-04-19T22:09:49.8204797Z","duration":"PT0.8756619S","correlationId":"93d9bf4c-d245-4cd9-880d-fedaa482e586","providers":[{"namespace":"Microsoft.Network","resourceTypes":[{"resourceType":"virtualNetworks","locations":["westus"]},{"resourceType":"applicationGateways","locations":["westus"]}]}],"dependencies":[{"dependsOn":[{"id":"/subscriptions/00000000-0000-0000-0000-000000000000/resourceGroups/cli_test_ag_address_pool000001/providers/Microsoft.Network/virtualNetworks/ag1Vnet","resourceType":"Microsoft.Network/virtualNetworks","resourceName":"ag1Vnet"}],"id":"/subscriptions/00000000-0000-0000-0000-000000000000/resourceGroups/cli_test_ag_address_pool000001/providers/Microsoft.Network/applicationGateways/ag1","resourceType":"Microsoft.Network/applicationGateways","resourceName":"ag1"}]}}'
    headers:
      azure-asyncoperation:
      - https://management.azure.com/subscriptions/00000000-0000-0000-0000-000000000000/resourcegroups/cli_test_ag_address_pool000001/providers/Microsoft.Resources/deployments/ag_deploy_VncAmqSKOSbER3KR1wbGbU6HURXbbMmk/operationStatuses/08586458950965327963?api-version=2018-05-01
      cache-control:
      - no-cache
      content-length:
      - '1309'
      content-type:
      - application/json; charset=utf-8
      date:
      - Fri, 19 Apr 2019 22:09:49 GMT
      expires:
      - '-1'
      pragma:
      - no-cache
      strict-transport-security:
      - max-age=31536000; includeSubDomains
      x-content-type-options:
      - nosniff
      x-ms-ratelimit-remaining-subscription-writes:
      - '1199'
    status:
      code: 201
      message: Created
- request:
    body: null
    headers:
      Accept:
      - application/json
      Accept-Encoding:
      - gzip, deflate
      CommandName:
      - network application-gateway wait
      Connection:
      - keep-alive
      ParameterSetName:
      - -g -n --exists
      User-Agent:
      - python/3.7.3 (Windows-10-10.0.17763-SP0) msrest/0.6.6 msrest_azure/0.6.0 networkmanagementclient/2.6.0
        Azure-SDK-For-Python AZURECLI/2.0.62
      accept-language:
      - en-US
    method: GET
    uri: https://management.azure.com/subscriptions/00000000-0000-0000-0000-000000000000/resourceGroups/cli_test_ag_address_pool000001/providers/Microsoft.Network/applicationGateways/ag1?api-version=2019-02-01
  response:
    body:
      string: '{"error":{"code":"ResourceNotFound","message":"The Resource ''Microsoft.Network/applicationGateways/ag1''
        under resource group ''cli_test_ag_address_pool000001'' was not found."}}'
    headers:
      cache-control:
      - no-cache
      content-length:
      - '220'
      content-type:
      - application/json; charset=utf-8
      date:
      - Fri, 19 Apr 2019 22:09:49 GMT
      expires:
      - '-1'
      pragma:
      - no-cache
      strict-transport-security:
      - max-age=31536000; includeSubDomains
      x-content-type-options:
      - nosniff
      x-ms-failure-cause:
      - gateway
    status:
      code: 404
      message: Not Found
- request:
    body: null
    headers:
      Accept:
      - application/json
      Accept-Encoding:
      - gzip, deflate
      CommandName:
      - network application-gateway wait
      Connection:
      - keep-alive
      ParameterSetName:
      - -g -n --exists
      User-Agent:
      - python/3.7.3 (Windows-10-10.0.17763-SP0) msrest/0.6.6 msrest_azure/0.6.0 networkmanagementclient/2.6.0
        Azure-SDK-For-Python AZURECLI/2.0.62
      accept-language:
      - en-US
    method: GET
    uri: https://management.azure.com/subscriptions/00000000-0000-0000-0000-000000000000/resourceGroups/cli_test_ag_address_pool000001/providers/Microsoft.Network/applicationGateways/ag1?api-version=2019-02-01
  response:
    body:
      string: "{\r\n  \"name\": \"ag1\",\r\n  \"id\": \"/subscriptions/00000000-0000-0000-0000-000000000000/resourceGroups/cli_test_ag_address_pool000001/providers/Microsoft.Network/applicationGateways/ag1\",\r\n
        \ \"etag\": \"W/\\\"200b4c0a-c326-46a2-8a07-708dfaa99fc3\\\"\",\r\n  \"type\":
        \"Microsoft.Network/applicationGateways\",\r\n  \"location\": \"westus\",\r\n
        \ \"tags\": {},\r\n  \"properties\": {\r\n    \"provisioningState\": \"Updating\",\r\n
        \   \"resourceGuid\": \"231af23e-b71a-4701-882b-6ec0e0571d7e\",\r\n    \"sku\":
        {\r\n      \"name\": \"Standard_Medium\",\r\n      \"tier\": \"Standard\",\r\n
        \     \"capacity\": 2\r\n    },\r\n    \"operationalState\": \"Stopped\",\r\n
        \   \"gatewayIPConfigurations\": [\r\n      {\r\n        \"name\": \"appGatewayFrontendIP\",\r\n
        \       \"id\": \"/subscriptions/00000000-0000-0000-0000-000000000000/resourceGroups/cli_test_ag_address_pool000001/providers/Microsoft.Network/applicationGateways/ag1/gatewayIPConfigurations/appGatewayFrontendIP\",\r\n
        \       \"etag\": \"W/\\\"200b4c0a-c326-46a2-8a07-708dfaa99fc3\\\"\",\r\n
        \       \"properties\": {\r\n          \"provisioningState\": \"Updating\",\r\n
        \         \"subnet\": {\r\n            \"id\": \"/subscriptions/00000000-0000-0000-0000-000000000000/resourceGroups/cli_test_ag_address_pool000001/providers/Microsoft.Network/virtualNetworks/ag1Vnet/subnets/default\"\r\n
        \         }\r\n        },\r\n        \"type\": \"Microsoft.Network/applicationGateways/gatewayIPConfigurations\"\r\n
        \     }\r\n    ],\r\n    \"sslCertificates\": [],\r\n    \"authenticationCertificates\":
        [],\r\n    \"frontendIPConfigurations\": [\r\n      {\r\n        \"name\":
        \"appGatewayFrontendIP\",\r\n        \"id\": \"/subscriptions/00000000-0000-0000-0000-000000000000/resourceGroups/cli_test_ag_address_pool000001/providers/Microsoft.Network/applicationGateways/ag1/frontendIPConfigurations/appGatewayFrontendIP\",\r\n
        \       \"etag\": \"W/\\\"200b4c0a-c326-46a2-8a07-708dfaa99fc3\\\"\",\r\n
        \       \"type\": \"Microsoft.Network/applicationGateways/frontendIPConfigurations\",\r\n
        \       \"properties\": {\r\n          \"provisioningState\": \"Updating\",\r\n
        \         \"privateIPAllocationMethod\": \"Dynamic\",\r\n          \"subnet\":
        {\r\n            \"id\": \"/subscriptions/00000000-0000-0000-0000-000000000000/resourceGroups/cli_test_ag_address_pool000001/providers/Microsoft.Network/virtualNetworks/ag1Vnet/subnets/default\"\r\n
        \         },\r\n          \"httpListeners\": [\r\n            {\r\n              \"id\":
        \"/subscriptions/00000000-0000-0000-0000-000000000000/resourceGroups/cli_test_ag_address_pool000001/providers/Microsoft.Network/applicationGateways/ag1/httpListeners/appGatewayHttpListener\"\r\n
        \           }\r\n          ]\r\n        }\r\n      }\r\n    ],\r\n    \"frontendPorts\":
        [\r\n      {\r\n        \"name\": \"appGatewayFrontendPort\",\r\n        \"id\":
        \"/subscriptions/00000000-0000-0000-0000-000000000000/resourceGroups/cli_test_ag_address_pool000001/providers/Microsoft.Network/applicationGateways/ag1/frontendPorts/appGatewayFrontendPort\",\r\n
        \       \"etag\": \"W/\\\"200b4c0a-c326-46a2-8a07-708dfaa99fc3\\\"\",\r\n
        \       \"properties\": {\r\n          \"provisioningState\": \"Updating\",\r\n
        \         \"port\": 80,\r\n          \"httpListeners\": [\r\n            {\r\n
        \             \"id\": \"/subscriptions/00000000-0000-0000-0000-000000000000/resourceGroups/cli_test_ag_address_pool000001/providers/Microsoft.Network/applicationGateways/ag1/httpListeners/appGatewayHttpListener\"\r\n
        \           }\r\n          ]\r\n        },\r\n        \"type\": \"Microsoft.Network/applicationGateways/frontendPorts\"\r\n
        \     }\r\n    ],\r\n    \"backendAddressPools\": [\r\n      {\r\n        \"name\":
        \"appGatewayBackendPool\",\r\n        \"id\": \"/subscriptions/00000000-0000-0000-0000-000000000000/resourceGroups/cli_test_ag_address_pool000001/providers/Microsoft.Network/applicationGateways/ag1/backendAddressPools/appGatewayBackendPool\",\r\n
        \       \"etag\": \"W/\\\"200b4c0a-c326-46a2-8a07-708dfaa99fc3\\\"\",\r\n
        \       \"properties\": {\r\n          \"provisioningState\": \"Updating\",\r\n
        \         \"backendAddresses\": [],\r\n          \"requestRoutingRules\":
        [\r\n            {\r\n              \"id\": \"/subscriptions/00000000-0000-0000-0000-000000000000/resourceGroups/cli_test_ag_address_pool000001/providers/Microsoft.Network/applicationGateways/ag1/requestRoutingRules/rule1\"\r\n
        \           }\r\n          ]\r\n        },\r\n        \"type\": \"Microsoft.Network/applicationGateways/backendAddressPools\"\r\n
        \     }\r\n    ],\r\n    \"backendHttpSettingsCollection\": [\r\n      {\r\n
        \       \"name\": \"appGatewayBackendHttpSettings\",\r\n        \"id\": \"/subscriptions/00000000-0000-0000-0000-000000000000/resourceGroups/cli_test_ag_address_pool000001/providers/Microsoft.Network/applicationGateways/ag1/backendHttpSettingsCollection/appGatewayBackendHttpSettings\",\r\n
        \       \"etag\": \"W/\\\"200b4c0a-c326-46a2-8a07-708dfaa99fc3\\\"\",\r\n
        \       \"properties\": {\r\n          \"provisioningState\": \"Updating\",\r\n
        \         \"port\": 80,\r\n          \"protocol\": \"Http\",\r\n          \"cookieBasedAffinity\":
        \"Disabled\",\r\n          \"connectionDraining\": {\r\n            \"enabled\":
        false,\r\n            \"drainTimeoutInSec\": 1\r\n          },\r\n          \"pickHostNameFromBackendAddress\":
        false,\r\n          \"requestTimeout\": 30,\r\n          \"requestRoutingRules\":
        [\r\n            {\r\n              \"id\": \"/subscriptions/00000000-0000-0000-0000-000000000000/resourceGroups/cli_test_ag_address_pool000001/providers/Microsoft.Network/applicationGateways/ag1/requestRoutingRules/rule1\"\r\n
        \           }\r\n          ]\r\n        },\r\n        \"type\": \"Microsoft.Network/applicationGateways/backendHttpSettingsCollection\"\r\n
        \     }\r\n    ],\r\n    \"httpListeners\": [\r\n      {\r\n        \"name\":
        \"appGatewayHttpListener\",\r\n        \"id\": \"/subscriptions/00000000-0000-0000-0000-000000000000/resourceGroups/cli_test_ag_address_pool000001/providers/Microsoft.Network/applicationGateways/ag1/httpListeners/appGatewayHttpListener\",\r\n
        \       \"etag\": \"W/\\\"200b4c0a-c326-46a2-8a07-708dfaa99fc3\\\"\",\r\n
        \       \"properties\": {\r\n          \"provisioningState\": \"Updating\",\r\n
        \         \"frontendIPConfiguration\": {\r\n            \"id\": \"/subscriptions/00000000-0000-0000-0000-000000000000/resourceGroups/cli_test_ag_address_pool000001/providers/Microsoft.Network/applicationGateways/ag1/frontendIPConfigurations/appGatewayFrontendIP\"\r\n
        \         },\r\n          \"frontendPort\": {\r\n            \"id\": \"/subscriptions/00000000-0000-0000-0000-000000000000/resourceGroups/cli_test_ag_address_pool000001/providers/Microsoft.Network/applicationGateways/ag1/frontendPorts/appGatewayFrontendPort\"\r\n
        \         },\r\n          \"protocol\": \"Http\",\r\n          \"requireServerNameIndication\":
        false,\r\n          \"requestRoutingRules\": [\r\n            {\r\n              \"id\":
        \"/subscriptions/00000000-0000-0000-0000-000000000000/resourceGroups/cli_test_ag_address_pool000001/providers/Microsoft.Network/applicationGateways/ag1/requestRoutingRules/rule1\"\r\n
        \           }\r\n          ]\r\n        },\r\n        \"type\": \"Microsoft.Network/applicationGateways/httpListeners\"\r\n
        \     }\r\n    ],\r\n    \"urlPathMaps\": [],\r\n    \"requestRoutingRules\":
        [\r\n      {\r\n        \"name\": \"rule1\",\r\n        \"id\": \"/subscriptions/00000000-0000-0000-0000-000000000000/resourceGroups/cli_test_ag_address_pool000001/providers/Microsoft.Network/applicationGateways/ag1/requestRoutingRules/rule1\",\r\n
        \       \"etag\": \"W/\\\"200b4c0a-c326-46a2-8a07-708dfaa99fc3\\\"\",\r\n
        \       \"properties\": {\r\n          \"provisioningState\": \"Updating\",\r\n
        \         \"ruleType\": \"Basic\",\r\n          \"httpListener\": {\r\n            \"id\":
        \"/subscriptions/00000000-0000-0000-0000-000000000000/resourceGroups/cli_test_ag_address_pool000001/providers/Microsoft.Network/applicationGateways/ag1/httpListeners/appGatewayHttpListener\"\r\n
        \         },\r\n          \"backendAddressPool\": {\r\n            \"id\":
        \"/subscriptions/00000000-0000-0000-0000-000000000000/resourceGroups/cli_test_ag_address_pool000001/providers/Microsoft.Network/applicationGateways/ag1/backendAddressPools/appGatewayBackendPool\"\r\n
        \         },\r\n          \"backendHttpSettings\": {\r\n            \"id\":
        \"/subscriptions/00000000-0000-0000-0000-000000000000/resourceGroups/cli_test_ag_address_pool000001/providers/Microsoft.Network/applicationGateways/ag1/backendHttpSettingsCollection/appGatewayBackendHttpSettings\"\r\n
        \         }\r\n        },\r\n        \"type\": \"Microsoft.Network/applicationGateways/requestRoutingRules\"\r\n
        \     }\r\n    ],\r\n    \"probes\": [],\r\n    \"rewriteRuleSets\": [],\r\n
        \   \"redirectConfigurations\": []\r\n  }\r\n}"
    headers:
      cache-control:
      - no-cache
      content-length:
      - '9060'
      content-type:
      - application/json; charset=utf-8
      date:
      - Fri, 19 Apr 2019 22:10:20 GMT
      etag:
      - W/"200b4c0a-c326-46a2-8a07-708dfaa99fc3"
      expires:
      - '-1'
      pragma:
      - no-cache
      server:
      - Microsoft-HTTPAPI/2.0
      - Microsoft-HTTPAPI/2.0
      strict-transport-security:
      - max-age=31536000; includeSubDomains
      transfer-encoding:
      - chunked
      vary:
      - Accept-Encoding
      x-content-type-options:
      - nosniff
    status:
      code: 200
      message: OK
- request:
    body: null
    headers:
      Accept:
      - application/json
      Accept-Encoding:
      - gzip, deflate
      CommandName:
      - network application-gateway address-pool create
      Connection:
      - keep-alive
      ParameterSetName:
      - -g --gateway-name -n --no-wait --servers
      User-Agent:
      - python/3.7.3 (Windows-10-10.0.17763-SP0) msrest/0.6.6 msrest_azure/0.6.0 networkmanagementclient/2.6.0
        Azure-SDK-For-Python AZURECLI/2.0.62
      accept-language:
      - en-US
    method: GET
    uri: https://management.azure.com/subscriptions/00000000-0000-0000-0000-000000000000/resourceGroups/cli_test_ag_address_pool000001/providers/Microsoft.Network/applicationGateways/ag1?api-version=2019-02-01
  response:
    body:
      string: "{\r\n  \"name\": \"ag1\",\r\n  \"id\": \"/subscriptions/00000000-0000-0000-0000-000000000000/resourceGroups/cli_test_ag_address_pool000001/providers/Microsoft.Network/applicationGateways/ag1\",\r\n
        \ \"etag\": \"W/\\\"200b4c0a-c326-46a2-8a07-708dfaa99fc3\\\"\",\r\n  \"type\":
        \"Microsoft.Network/applicationGateways\",\r\n  \"location\": \"westus\",\r\n
        \ \"tags\": {},\r\n  \"properties\": {\r\n    \"provisioningState\": \"Updating\",\r\n
        \   \"resourceGuid\": \"231af23e-b71a-4701-882b-6ec0e0571d7e\",\r\n    \"sku\":
        {\r\n      \"name\": \"Standard_Medium\",\r\n      \"tier\": \"Standard\",\r\n
        \     \"capacity\": 2\r\n    },\r\n    \"operationalState\": \"Stopped\",\r\n
        \   \"gatewayIPConfigurations\": [\r\n      {\r\n        \"name\": \"appGatewayFrontendIP\",\r\n
        \       \"id\": \"/subscriptions/00000000-0000-0000-0000-000000000000/resourceGroups/cli_test_ag_address_pool000001/providers/Microsoft.Network/applicationGateways/ag1/gatewayIPConfigurations/appGatewayFrontendIP\",\r\n
        \       \"etag\": \"W/\\\"200b4c0a-c326-46a2-8a07-708dfaa99fc3\\\"\",\r\n
        \       \"properties\": {\r\n          \"provisioningState\": \"Updating\",\r\n
        \         \"subnet\": {\r\n            \"id\": \"/subscriptions/00000000-0000-0000-0000-000000000000/resourceGroups/cli_test_ag_address_pool000001/providers/Microsoft.Network/virtualNetworks/ag1Vnet/subnets/default\"\r\n
        \         }\r\n        },\r\n        \"type\": \"Microsoft.Network/applicationGateways/gatewayIPConfigurations\"\r\n
        \     }\r\n    ],\r\n    \"sslCertificates\": [],\r\n    \"authenticationCertificates\":
        [],\r\n    \"frontendIPConfigurations\": [\r\n      {\r\n        \"name\":
        \"appGatewayFrontendIP\",\r\n        \"id\": \"/subscriptions/00000000-0000-0000-0000-000000000000/resourceGroups/cli_test_ag_address_pool000001/providers/Microsoft.Network/applicationGateways/ag1/frontendIPConfigurations/appGatewayFrontendIP\",\r\n
        \       \"etag\": \"W/\\\"200b4c0a-c326-46a2-8a07-708dfaa99fc3\\\"\",\r\n
        \       \"type\": \"Microsoft.Network/applicationGateways/frontendIPConfigurations\",\r\n
        \       \"properties\": {\r\n          \"provisioningState\": \"Updating\",\r\n
        \         \"privateIPAllocationMethod\": \"Dynamic\",\r\n          \"subnet\":
        {\r\n            \"id\": \"/subscriptions/00000000-0000-0000-0000-000000000000/resourceGroups/cli_test_ag_address_pool000001/providers/Microsoft.Network/virtualNetworks/ag1Vnet/subnets/default\"\r\n
        \         },\r\n          \"httpListeners\": [\r\n            {\r\n              \"id\":
        \"/subscriptions/00000000-0000-0000-0000-000000000000/resourceGroups/cli_test_ag_address_pool000001/providers/Microsoft.Network/applicationGateways/ag1/httpListeners/appGatewayHttpListener\"\r\n
        \           }\r\n          ]\r\n        }\r\n      }\r\n    ],\r\n    \"frontendPorts\":
        [\r\n      {\r\n        \"name\": \"appGatewayFrontendPort\",\r\n        \"id\":
        \"/subscriptions/00000000-0000-0000-0000-000000000000/resourceGroups/cli_test_ag_address_pool000001/providers/Microsoft.Network/applicationGateways/ag1/frontendPorts/appGatewayFrontendPort\",\r\n
        \       \"etag\": \"W/\\\"200b4c0a-c326-46a2-8a07-708dfaa99fc3\\\"\",\r\n
        \       \"properties\": {\r\n          \"provisioningState\": \"Updating\",\r\n
        \         \"port\": 80,\r\n          \"httpListeners\": [\r\n            {\r\n
        \             \"id\": \"/subscriptions/00000000-0000-0000-0000-000000000000/resourceGroups/cli_test_ag_address_pool000001/providers/Microsoft.Network/applicationGateways/ag1/httpListeners/appGatewayHttpListener\"\r\n
        \           }\r\n          ]\r\n        },\r\n        \"type\": \"Microsoft.Network/applicationGateways/frontendPorts\"\r\n
        \     }\r\n    ],\r\n    \"backendAddressPools\": [\r\n      {\r\n        \"name\":
        \"appGatewayBackendPool\",\r\n        \"id\": \"/subscriptions/00000000-0000-0000-0000-000000000000/resourceGroups/cli_test_ag_address_pool000001/providers/Microsoft.Network/applicationGateways/ag1/backendAddressPools/appGatewayBackendPool\",\r\n
        \       \"etag\": \"W/\\\"200b4c0a-c326-46a2-8a07-708dfaa99fc3\\\"\",\r\n
        \       \"properties\": {\r\n          \"provisioningState\": \"Updating\",\r\n
        \         \"backendAddresses\": [],\r\n          \"requestRoutingRules\":
        [\r\n            {\r\n              \"id\": \"/subscriptions/00000000-0000-0000-0000-000000000000/resourceGroups/cli_test_ag_address_pool000001/providers/Microsoft.Network/applicationGateways/ag1/requestRoutingRules/rule1\"\r\n
        \           }\r\n          ]\r\n        },\r\n        \"type\": \"Microsoft.Network/applicationGateways/backendAddressPools\"\r\n
        \     }\r\n    ],\r\n    \"backendHttpSettingsCollection\": [\r\n      {\r\n
        \       \"name\": \"appGatewayBackendHttpSettings\",\r\n        \"id\": \"/subscriptions/00000000-0000-0000-0000-000000000000/resourceGroups/cli_test_ag_address_pool000001/providers/Microsoft.Network/applicationGateways/ag1/backendHttpSettingsCollection/appGatewayBackendHttpSettings\",\r\n
        \       \"etag\": \"W/\\\"200b4c0a-c326-46a2-8a07-708dfaa99fc3\\\"\",\r\n
        \       \"properties\": {\r\n          \"provisioningState\": \"Updating\",\r\n
        \         \"port\": 80,\r\n          \"protocol\": \"Http\",\r\n          \"cookieBasedAffinity\":
        \"Disabled\",\r\n          \"connectionDraining\": {\r\n            \"enabled\":
        false,\r\n            \"drainTimeoutInSec\": 1\r\n          },\r\n          \"pickHostNameFromBackendAddress\":
        false,\r\n          \"requestTimeout\": 30,\r\n          \"requestRoutingRules\":
        [\r\n            {\r\n              \"id\": \"/subscriptions/00000000-0000-0000-0000-000000000000/resourceGroups/cli_test_ag_address_pool000001/providers/Microsoft.Network/applicationGateways/ag1/requestRoutingRules/rule1\"\r\n
        \           }\r\n          ]\r\n        },\r\n        \"type\": \"Microsoft.Network/applicationGateways/backendHttpSettingsCollection\"\r\n
        \     }\r\n    ],\r\n    \"httpListeners\": [\r\n      {\r\n        \"name\":
        \"appGatewayHttpListener\",\r\n        \"id\": \"/subscriptions/00000000-0000-0000-0000-000000000000/resourceGroups/cli_test_ag_address_pool000001/providers/Microsoft.Network/applicationGateways/ag1/httpListeners/appGatewayHttpListener\",\r\n
        \       \"etag\": \"W/\\\"200b4c0a-c326-46a2-8a07-708dfaa99fc3\\\"\",\r\n
        \       \"properties\": {\r\n          \"provisioningState\": \"Updating\",\r\n
        \         \"frontendIPConfiguration\": {\r\n            \"id\": \"/subscriptions/00000000-0000-0000-0000-000000000000/resourceGroups/cli_test_ag_address_pool000001/providers/Microsoft.Network/applicationGateways/ag1/frontendIPConfigurations/appGatewayFrontendIP\"\r\n
        \         },\r\n          \"frontendPort\": {\r\n            \"id\": \"/subscriptions/00000000-0000-0000-0000-000000000000/resourceGroups/cli_test_ag_address_pool000001/providers/Microsoft.Network/applicationGateways/ag1/frontendPorts/appGatewayFrontendPort\"\r\n
        \         },\r\n          \"protocol\": \"Http\",\r\n          \"requireServerNameIndication\":
        false,\r\n          \"requestRoutingRules\": [\r\n            {\r\n              \"id\":
        \"/subscriptions/00000000-0000-0000-0000-000000000000/resourceGroups/cli_test_ag_address_pool000001/providers/Microsoft.Network/applicationGateways/ag1/requestRoutingRules/rule1\"\r\n
        \           }\r\n          ]\r\n        },\r\n        \"type\": \"Microsoft.Network/applicationGateways/httpListeners\"\r\n
        \     }\r\n    ],\r\n    \"urlPathMaps\": [],\r\n    \"requestRoutingRules\":
        [\r\n      {\r\n        \"name\": \"rule1\",\r\n        \"id\": \"/subscriptions/00000000-0000-0000-0000-000000000000/resourceGroups/cli_test_ag_address_pool000001/providers/Microsoft.Network/applicationGateways/ag1/requestRoutingRules/rule1\",\r\n
        \       \"etag\": \"W/\\\"200b4c0a-c326-46a2-8a07-708dfaa99fc3\\\"\",\r\n
        \       \"properties\": {\r\n          \"provisioningState\": \"Updating\",\r\n
        \         \"ruleType\": \"Basic\",\r\n          \"httpListener\": {\r\n            \"id\":
        \"/subscriptions/00000000-0000-0000-0000-000000000000/resourceGroups/cli_test_ag_address_pool000001/providers/Microsoft.Network/applicationGateways/ag1/httpListeners/appGatewayHttpListener\"\r\n
        \         },\r\n          \"backendAddressPool\": {\r\n            \"id\":
        \"/subscriptions/00000000-0000-0000-0000-000000000000/resourceGroups/cli_test_ag_address_pool000001/providers/Microsoft.Network/applicationGateways/ag1/backendAddressPools/appGatewayBackendPool\"\r\n
        \         },\r\n          \"backendHttpSettings\": {\r\n            \"id\":
        \"/subscriptions/00000000-0000-0000-0000-000000000000/resourceGroups/cli_test_ag_address_pool000001/providers/Microsoft.Network/applicationGateways/ag1/backendHttpSettingsCollection/appGatewayBackendHttpSettings\"\r\n
        \         }\r\n        },\r\n        \"type\": \"Microsoft.Network/applicationGateways/requestRoutingRules\"\r\n
        \     }\r\n    ],\r\n    \"probes\": [],\r\n    \"rewriteRuleSets\": [],\r\n
        \   \"redirectConfigurations\": []\r\n  }\r\n}"
    headers:
      cache-control:
      - no-cache
      content-length:
      - '9060'
      content-type:
      - application/json; charset=utf-8
      date:
      - Fri, 19 Apr 2019 22:10:21 GMT
      etag:
      - W/"200b4c0a-c326-46a2-8a07-708dfaa99fc3"
      expires:
      - '-1'
      pragma:
      - no-cache
      server:
      - Microsoft-HTTPAPI/2.0
      - Microsoft-HTTPAPI/2.0
      strict-transport-security:
      - max-age=31536000; includeSubDomains
      transfer-encoding:
      - chunked
      vary:
      - Accept-Encoding
      x-content-type-options:
      - nosniff
    status:
      code: 200
      message: OK
- request:
    body: 'b''{"id": "/subscriptions/00000000-0000-0000-0000-000000000000/resourceGroups/cli_test_ag_address_pool000001/providers/Microsoft.Network/applicationGateways/ag1",
      "location": "westus", "tags": {}, "properties": {"sku": {"name": "Standard_Medium",
      "tier": "Standard", "capacity": 2}, "gatewayIPConfigurations": [{"id": "/subscriptions/00000000-0000-0000-0000-000000000000/resourceGroups/cli_test_ag_address_pool000001/providers/Microsoft.Network/applicationGateways/ag1/gatewayIPConfigurations/appGatewayFrontendIP",
      "properties": {"subnet": {"id": "/subscriptions/00000000-0000-0000-0000-000000000000/resourceGroups/cli_test_ag_address_pool000001/providers/Microsoft.Network/virtualNetworks/ag1Vnet/subnets/default"},
      "provisioningState": "Updating"}, "name": "appGatewayFrontendIP", "etag": "W/\\"200b4c0a-c326-46a2-8a07-708dfaa99fc3\\"",
      "type": "Microsoft.Network/applicationGateways/gatewayIPConfigurations"}], "authenticationCertificates":
      [], "sslCertificates": [], "frontendIPConfigurations": [{"id": "/subscriptions/00000000-0000-0000-0000-000000000000/resourceGroups/cli_test_ag_address_pool000001/providers/Microsoft.Network/applicationGateways/ag1/frontendIPConfigurations/appGatewayFrontendIP",
      "properties": {"privateIPAllocationMethod": "Dynamic", "subnet": {"id": "/subscriptions/00000000-0000-0000-0000-000000000000/resourceGroups/cli_test_ag_address_pool000001/providers/Microsoft.Network/virtualNetworks/ag1Vnet/subnets/default"},
      "provisioningState": "Updating"}, "name": "appGatewayFrontendIP", "etag": "W/\\"200b4c0a-c326-46a2-8a07-708dfaa99fc3\\"",
      "type": "Microsoft.Network/applicationGateways/frontendIPConfigurations"}],
      "frontendPorts": [{"id": "/subscriptions/00000000-0000-0000-0000-000000000000/resourceGroups/cli_test_ag_address_pool000001/providers/Microsoft.Network/applicationGateways/ag1/frontendPorts/appGatewayFrontendPort",
      "properties": {"port": 80, "provisioningState": "Updating"}, "name": "appGatewayFrontendPort",
      "etag": "W/\\"200b4c0a-c326-46a2-8a07-708dfaa99fc3\\"", "type": "Microsoft.Network/applicationGateways/frontendPorts"}],
      "probes": [], "backendAddressPools": [{"id": "/subscriptions/00000000-0000-0000-0000-000000000000/resourceGroups/cli_test_ag_address_pool000001/providers/Microsoft.Network/applicationGateways/ag1/backendAddressPools/appGatewayBackendPool",
      "properties": {"backendAddresses": [], "provisioningState": "Updating"}, "name":
      "appGatewayBackendPool", "etag": "W/\\"200b4c0a-c326-46a2-8a07-708dfaa99fc3\\"",
      "type": "Microsoft.Network/applicationGateways/backendAddressPools"}, {"properties":
      {"backendAddresses": [{"ipAddress": "123.4.5.6"}, {"fqdn": "www.mydns.com"}]},
      "name": "pool1"}], "backendHttpSettingsCollection": [{"id": "/subscriptions/00000000-0000-0000-0000-000000000000/resourceGroups/cli_test_ag_address_pool000001/providers/Microsoft.Network/applicationGateways/ag1/backendHttpSettingsCollection/appGatewayBackendHttpSettings",
      "properties": {"port": 80, "protocol": "Http", "cookieBasedAffinity": "Disabled",
      "requestTimeout": 30, "connectionDraining": {"enabled": false, "drainTimeoutInSec":
      1}, "pickHostNameFromBackendAddress": false, "provisioningState": "Updating"},
      "name": "appGatewayBackendHttpSettings", "etag": "W/\\"200b4c0a-c326-46a2-8a07-708dfaa99fc3\\"",
      "type": "Microsoft.Network/applicationGateways/backendHttpSettingsCollection"}],
      "httpListeners": [{"id": "/subscriptions/00000000-0000-0000-0000-000000000000/resourceGroups/cli_test_ag_address_pool000001/providers/Microsoft.Network/applicationGateways/ag1/httpListeners/appGatewayHttpListener",
      "properties": {"frontendIPConfiguration": {"id": "/subscriptions/00000000-0000-0000-0000-000000000000/resourceGroups/cli_test_ag_address_pool000001/providers/Microsoft.Network/applicationGateways/ag1/frontendIPConfigurations/appGatewayFrontendIP"},
      "frontendPort": {"id": "/subscriptions/00000000-0000-0000-0000-000000000000/resourceGroups/cli_test_ag_address_pool000001/providers/Microsoft.Network/applicationGateways/ag1/frontendPorts/appGatewayFrontendPort"},
      "protocol": "Http", "requireServerNameIndication": false, "provisioningState":
      "Updating"}, "name": "appGatewayHttpListener", "etag": "W/\\"200b4c0a-c326-46a2-8a07-708dfaa99fc3\\"",
      "type": "Microsoft.Network/applicationGateways/httpListeners"}], "urlPathMaps":
      [], "requestRoutingRules": [{"id": "/subscriptions/00000000-0000-0000-0000-000000000000/resourceGroups/cli_test_ag_address_pool000001/providers/Microsoft.Network/applicationGateways/ag1/requestRoutingRules/rule1",
      "properties": {"ruleType": "Basic", "backendAddressPool": {"id": "/subscriptions/00000000-0000-0000-0000-000000000000/resourceGroups/cli_test_ag_address_pool000001/providers/Microsoft.Network/applicationGateways/ag1/backendAddressPools/appGatewayBackendPool"},
      "backendHttpSettings": {"id": "/subscriptions/00000000-0000-0000-0000-000000000000/resourceGroups/cli_test_ag_address_pool000001/providers/Microsoft.Network/applicationGateways/ag1/backendHttpSettingsCollection/appGatewayBackendHttpSettings"},
      "httpListener": {"id": "/subscriptions/00000000-0000-0000-0000-000000000000/resourceGroups/cli_test_ag_address_pool000001/providers/Microsoft.Network/applicationGateways/ag1/httpListeners/appGatewayHttpListener"},
      "provisioningState": "Updating"}, "name": "rule1", "etag": "W/\\"200b4c0a-c326-46a2-8a07-708dfaa99fc3\\"",
      "type": "Microsoft.Network/applicationGateways/requestRoutingRules"}], "rewriteRuleSets":
      [], "redirectConfigurations": [], "resourceGuid": "231af23e-b71a-4701-882b-6ec0e0571d7e",
      "provisioningState": "Updating"}, "etag": "W/\\"200b4c0a-c326-46a2-8a07-708dfaa99fc3\\""}'''
    headers:
      Accept:
      - application/json
      Accept-Encoding:
      - gzip, deflate
      CommandName:
      - network application-gateway address-pool create
      Connection:
      - keep-alive
      Content-Length:
      - '6245'
      Content-Type:
      - application/json; charset=utf-8
      ParameterSetName:
      - -g --gateway-name -n --no-wait --servers
      User-Agent:
      - python/3.7.3 (Windows-10-10.0.17763-SP0) msrest/0.6.6 msrest_azure/0.6.0 networkmanagementclient/2.6.0
        Azure-SDK-For-Python AZURECLI/2.0.62
      accept-language:
      - en-US
    method: PUT
    uri: https://management.azure.com/subscriptions/00000000-0000-0000-0000-000000000000/resourceGroups/cli_test_ag_address_pool000001/providers/Microsoft.Network/applicationGateways/ag1?api-version=2019-02-01
  response:
    body:
      string: "{\r\n  \"name\": \"ag1\",\r\n  \"id\": \"/subscriptions/00000000-0000-0000-0000-000000000000/resourceGroups/cli_test_ag_address_pool000001/providers/Microsoft.Network/applicationGateways/ag1\",\r\n
        \ \"etag\": \"W/\\\"f412f49c-056e-4e5e-9208-126aaa1892d3\\\"\",\r\n  \"type\":
        \"Microsoft.Network/applicationGateways\",\r\n  \"location\": \"westus\",\r\n
        \ \"tags\": {},\r\n  \"properties\": {\r\n    \"provisioningState\": \"Updating\",\r\n
        \   \"resourceGuid\": \"231af23e-b71a-4701-882b-6ec0e0571d7e\",\r\n    \"sku\":
        {\r\n      \"name\": \"Standard_Medium\",\r\n      \"tier\": \"Standard\",\r\n
        \     \"capacity\": 2\r\n    },\r\n    \"operationalState\": \"Stopped\",\r\n
        \   \"gatewayIPConfigurations\": [\r\n      {\r\n        \"name\": \"appGatewayFrontendIP\",\r\n
        \       \"id\": \"/subscriptions/00000000-0000-0000-0000-000000000000/resourceGroups/cli_test_ag_address_pool000001/providers/Microsoft.Network/applicationGateways/ag1/gatewayIPConfigurations/appGatewayFrontendIP\",\r\n
        \       \"etag\": \"W/\\\"f412f49c-056e-4e5e-9208-126aaa1892d3\\\"\",\r\n
        \       \"properties\": {\r\n          \"provisioningState\": \"Updating\",\r\n
        \         \"subnet\": {\r\n            \"id\": \"/subscriptions/00000000-0000-0000-0000-000000000000/resourceGroups/cli_test_ag_address_pool000001/providers/Microsoft.Network/virtualNetworks/ag1Vnet/subnets/default\"\r\n
        \         }\r\n        },\r\n        \"type\": \"Microsoft.Network/applicationGateways/gatewayIPConfigurations\"\r\n
        \     }\r\n    ],\r\n    \"sslCertificates\": [],\r\n    \"authenticationCertificates\":
        [],\r\n    \"frontendIPConfigurations\": [\r\n      {\r\n        \"name\":
        \"appGatewayFrontendIP\",\r\n        \"id\": \"/subscriptions/00000000-0000-0000-0000-000000000000/resourceGroups/cli_test_ag_address_pool000001/providers/Microsoft.Network/applicationGateways/ag1/frontendIPConfigurations/appGatewayFrontendIP\",\r\n
        \       \"etag\": \"W/\\\"f412f49c-056e-4e5e-9208-126aaa1892d3\\\"\",\r\n
        \       \"type\": \"Microsoft.Network/applicationGateways/frontendIPConfigurations\",\r\n
        \       \"properties\": {\r\n          \"provisioningState\": \"Updating\",\r\n
        \         \"privateIPAllocationMethod\": \"Dynamic\",\r\n          \"subnet\":
        {\r\n            \"id\": \"/subscriptions/00000000-0000-0000-0000-000000000000/resourceGroups/cli_test_ag_address_pool000001/providers/Microsoft.Network/virtualNetworks/ag1Vnet/subnets/default\"\r\n
        \         },\r\n          \"httpListeners\": [\r\n            {\r\n              \"id\":
        \"/subscriptions/00000000-0000-0000-0000-000000000000/resourceGroups/cli_test_ag_address_pool000001/providers/Microsoft.Network/applicationGateways/ag1/httpListeners/appGatewayHttpListener\"\r\n
        \           }\r\n          ]\r\n        }\r\n      }\r\n    ],\r\n    \"frontendPorts\":
        [\r\n      {\r\n        \"name\": \"appGatewayFrontendPort\",\r\n        \"id\":
        \"/subscriptions/00000000-0000-0000-0000-000000000000/resourceGroups/cli_test_ag_address_pool000001/providers/Microsoft.Network/applicationGateways/ag1/frontendPorts/appGatewayFrontendPort\",\r\n
        \       \"etag\": \"W/\\\"f412f49c-056e-4e5e-9208-126aaa1892d3\\\"\",\r\n
        \       \"properties\": {\r\n          \"provisioningState\": \"Updating\",\r\n
        \         \"port\": 80,\r\n          \"httpListeners\": [\r\n            {\r\n
        \             \"id\": \"/subscriptions/00000000-0000-0000-0000-000000000000/resourceGroups/cli_test_ag_address_pool000001/providers/Microsoft.Network/applicationGateways/ag1/httpListeners/appGatewayHttpListener\"\r\n
        \           }\r\n          ]\r\n        },\r\n        \"type\": \"Microsoft.Network/applicationGateways/frontendPorts\"\r\n
        \     }\r\n    ],\r\n    \"backendAddressPools\": [\r\n      {\r\n        \"name\":
        \"appGatewayBackendPool\",\r\n        \"id\": \"/subscriptions/00000000-0000-0000-0000-000000000000/resourceGroups/cli_test_ag_address_pool000001/providers/Microsoft.Network/applicationGateways/ag1/backendAddressPools/appGatewayBackendPool\",\r\n
        \       \"etag\": \"W/\\\"f412f49c-056e-4e5e-9208-126aaa1892d3\\\"\",\r\n
        \       \"properties\": {\r\n          \"provisioningState\": \"Updating\",\r\n
        \         \"backendAddresses\": [],\r\n          \"requestRoutingRules\":
        [\r\n            {\r\n              \"id\": \"/subscriptions/00000000-0000-0000-0000-000000000000/resourceGroups/cli_test_ag_address_pool000001/providers/Microsoft.Network/applicationGateways/ag1/requestRoutingRules/rule1\"\r\n
        \           }\r\n          ]\r\n        },\r\n        \"type\": \"Microsoft.Network/applicationGateways/backendAddressPools\"\r\n
        \     },\r\n      {\r\n        \"name\": \"pool1\",\r\n        \"id\": \"/subscriptions/00000000-0000-0000-0000-000000000000/resourceGroups/cli_test_ag_address_pool000001/providers/Microsoft.Network/applicationGateways/ag1/backendAddressPools/pool1\",\r\n
        \       \"etag\": \"W/\\\"f412f49c-056e-4e5e-9208-126aaa1892d3\\\"\",\r\n
        \       \"properties\": {\r\n          \"provisioningState\": \"Updating\",\r\n
        \         \"backendAddresses\": [\r\n            {\r\n              \"ipAddress\":
        \"123.4.5.6\"\r\n            },\r\n            {\r\n              \"fqdn\":
        \"www.mydns.com\"\r\n            }\r\n          ]\r\n        },\r\n        \"type\":
        \"Microsoft.Network/applicationGateways/backendAddressPools\"\r\n      }\r\n
        \   ],\r\n    \"backendHttpSettingsCollection\": [\r\n      {\r\n        \"name\":
        \"appGatewayBackendHttpSettings\",\r\n        \"id\": \"/subscriptions/00000000-0000-0000-0000-000000000000/resourceGroups/cli_test_ag_address_pool000001/providers/Microsoft.Network/applicationGateways/ag1/backendHttpSettingsCollection/appGatewayBackendHttpSettings\",\r\n
        \       \"etag\": \"W/\\\"f412f49c-056e-4e5e-9208-126aaa1892d3\\\"\",\r\n
        \       \"properties\": {\r\n          \"provisioningState\": \"Updating\",\r\n
        \         \"port\": 80,\r\n          \"protocol\": \"Http\",\r\n          \"cookieBasedAffinity\":
        \"Disabled\",\r\n          \"connectionDraining\": {\r\n            \"enabled\":
        false,\r\n            \"drainTimeoutInSec\": 1\r\n          },\r\n          \"pickHostNameFromBackendAddress\":
        false,\r\n          \"requestTimeout\": 30,\r\n          \"requestRoutingRules\":
        [\r\n            {\r\n              \"id\": \"/subscriptions/00000000-0000-0000-0000-000000000000/resourceGroups/cli_test_ag_address_pool000001/providers/Microsoft.Network/applicationGateways/ag1/requestRoutingRules/rule1\"\r\n
        \           }\r\n          ]\r\n        },\r\n        \"type\": \"Microsoft.Network/applicationGateways/backendHttpSettingsCollection\"\r\n
        \     }\r\n    ],\r\n    \"httpListeners\": [\r\n      {\r\n        \"name\":
        \"appGatewayHttpListener\",\r\n        \"id\": \"/subscriptions/00000000-0000-0000-0000-000000000000/resourceGroups/cli_test_ag_address_pool000001/providers/Microsoft.Network/applicationGateways/ag1/httpListeners/appGatewayHttpListener\",\r\n
        \       \"etag\": \"W/\\\"f412f49c-056e-4e5e-9208-126aaa1892d3\\\"\",\r\n
        \       \"properties\": {\r\n          \"provisioningState\": \"Updating\",\r\n
        \         \"frontendIPConfiguration\": {\r\n            \"id\": \"/subscriptions/00000000-0000-0000-0000-000000000000/resourceGroups/cli_test_ag_address_pool000001/providers/Microsoft.Network/applicationGateways/ag1/frontendIPConfigurations/appGatewayFrontendIP\"\r\n
        \         },\r\n          \"frontendPort\": {\r\n            \"id\": \"/subscriptions/00000000-0000-0000-0000-000000000000/resourceGroups/cli_test_ag_address_pool000001/providers/Microsoft.Network/applicationGateways/ag1/frontendPorts/appGatewayFrontendPort\"\r\n
        \         },\r\n          \"protocol\": \"Http\",\r\n          \"requireServerNameIndication\":
        false,\r\n          \"requestRoutingRules\": [\r\n            {\r\n              \"id\":
        \"/subscriptions/00000000-0000-0000-0000-000000000000/resourceGroups/cli_test_ag_address_pool000001/providers/Microsoft.Network/applicationGateways/ag1/requestRoutingRules/rule1\"\r\n
        \           }\r\n          ]\r\n        },\r\n        \"type\": \"Microsoft.Network/applicationGateways/httpListeners\"\r\n
        \     }\r\n    ],\r\n    \"urlPathMaps\": [],\r\n    \"requestRoutingRules\":
        [\r\n      {\r\n        \"name\": \"rule1\",\r\n        \"id\": \"/subscriptions/00000000-0000-0000-0000-000000000000/resourceGroups/cli_test_ag_address_pool000001/providers/Microsoft.Network/applicationGateways/ag1/requestRoutingRules/rule1\",\r\n
        \       \"etag\": \"W/\\\"f412f49c-056e-4e5e-9208-126aaa1892d3\\\"\",\r\n
        \       \"properties\": {\r\n          \"provisioningState\": \"Updating\",\r\n
        \         \"ruleType\": \"Basic\",\r\n          \"httpListener\": {\r\n            \"id\":
        \"/subscriptions/00000000-0000-0000-0000-000000000000/resourceGroups/cli_test_ag_address_pool000001/providers/Microsoft.Network/applicationGateways/ag1/httpListeners/appGatewayHttpListener\"\r\n
        \         },\r\n          \"backendAddressPool\": {\r\n            \"id\":
        \"/subscriptions/00000000-0000-0000-0000-000000000000/resourceGroups/cli_test_ag_address_pool000001/providers/Microsoft.Network/applicationGateways/ag1/backendAddressPools/appGatewayBackendPool\"\r\n
        \         },\r\n          \"backendHttpSettings\": {\r\n            \"id\":
        \"/subscriptions/00000000-0000-0000-0000-000000000000/resourceGroups/cli_test_ag_address_pool000001/providers/Microsoft.Network/applicationGateways/ag1/backendHttpSettingsCollection/appGatewayBackendHttpSettings\"\r\n
        \         }\r\n        },\r\n        \"type\": \"Microsoft.Network/applicationGateways/requestRoutingRules\"\r\n
        \     }\r\n    ],\r\n    \"probes\": [],\r\n    \"rewriteRuleSets\": [],\r\n
        \   \"redirectConfigurations\": []\r\n  }\r\n}"
    headers:
      azure-asyncoperation:
      - https://management.azure.com/subscriptions/00000000-0000-0000-0000-000000000000/providers/Microsoft.Network/locations/westus/operations/5d6a557d-535c-4794-a2a2-eab010b0bada?api-version=2019-02-01
      cache-control:
      - no-cache
      content-length:
      - '9751'
      content-type:
      - application/json; charset=utf-8
      date:
      - Fri, 19 Apr 2019 22:10:22 GMT
      expires:
      - '-1'
      pragma:
      - no-cache
      server:
      - Microsoft-HTTPAPI/2.0
      - Microsoft-HTTPAPI/2.0
      strict-transport-security:
      - max-age=31536000; includeSubDomains
      transfer-encoding:
      - chunked
      vary:
      - Accept-Encoding
      x-content-type-options:
      - nosniff
      x-ms-ratelimit-remaining-subscription-writes:
      - '1199'
    status:
      code: 200
      message: OK
- request:
    body: null
    headers:
      Accept:
      - application/json
      Accept-Encoding:
      - gzip, deflate
      CommandName:
      - network application-gateway address-pool show
      Connection:
      - keep-alive
      ParameterSetName:
      - -g --gateway-name -n
      User-Agent:
      - python/3.7.3 (Windows-10-10.0.17763-SP0) msrest/0.6.6 msrest_azure/0.6.0 networkmanagementclient/2.6.0
        Azure-SDK-For-Python AZURECLI/2.0.62
      accept-language:
      - en-US
    method: GET
    uri: https://management.azure.com/subscriptions/00000000-0000-0000-0000-000000000000/resourceGroups/cli_test_ag_address_pool000001/providers/Microsoft.Network/applicationGateways/ag1?api-version=2019-02-01
  response:
    body:
      string: "{\r\n  \"name\": \"ag1\",\r\n  \"id\": \"/subscriptions/00000000-0000-0000-0000-000000000000/resourceGroups/cli_test_ag_address_pool000001/providers/Microsoft.Network/applicationGateways/ag1\",\r\n
        \ \"etag\": \"W/\\\"688d131a-5831-412b-9678-88e0d9daa0cd\\\"\",\r\n  \"type\":
        \"Microsoft.Network/applicationGateways\",\r\n  \"location\": \"westus\",\r\n
        \ \"tags\": {},\r\n  \"properties\": {\r\n    \"provisioningState\": \"Updating\",\r\n
        \   \"resourceGuid\": \"231af23e-b71a-4701-882b-6ec0e0571d7e\",\r\n    \"sku\":
        {\r\n      \"name\": \"Standard_Medium\",\r\n      \"tier\": \"Standard\",\r\n
        \     \"capacity\": 2\r\n    },\r\n    \"operationalState\": \"Stopped\",\r\n
        \   \"gatewayIPConfigurations\": [\r\n      {\r\n        \"name\": \"appGatewayFrontendIP\",\r\n
        \       \"id\": \"/subscriptions/00000000-0000-0000-0000-000000000000/resourceGroups/cli_test_ag_address_pool000001/providers/Microsoft.Network/applicationGateways/ag1/gatewayIPConfigurations/appGatewayFrontendIP\",\r\n
        \       \"etag\": \"W/\\\"688d131a-5831-412b-9678-88e0d9daa0cd\\\"\",\r\n
        \       \"properties\": {\r\n          \"provisioningState\": \"Updating\",\r\n
        \         \"subnet\": {\r\n            \"id\": \"/subscriptions/00000000-0000-0000-0000-000000000000/resourceGroups/cli_test_ag_address_pool000001/providers/Microsoft.Network/virtualNetworks/ag1Vnet/subnets/default\"\r\n
        \         }\r\n        },\r\n        \"type\": \"Microsoft.Network/applicationGateways/gatewayIPConfigurations\"\r\n
        \     }\r\n    ],\r\n    \"sslCertificates\": [],\r\n    \"authenticationCertificates\":
        [],\r\n    \"frontendIPConfigurations\": [\r\n      {\r\n        \"name\":
        \"appGatewayFrontendIP\",\r\n        \"id\": \"/subscriptions/00000000-0000-0000-0000-000000000000/resourceGroups/cli_test_ag_address_pool000001/providers/Microsoft.Network/applicationGateways/ag1/frontendIPConfigurations/appGatewayFrontendIP\",\r\n
        \       \"etag\": \"W/\\\"688d131a-5831-412b-9678-88e0d9daa0cd\\\"\",\r\n
        \       \"type\": \"Microsoft.Network/applicationGateways/frontendIPConfigurations\",\r\n
        \       \"properties\": {\r\n          \"provisioningState\": \"Updating\",\r\n
        \         \"privateIPAllocationMethod\": \"Dynamic\",\r\n          \"subnet\":
        {\r\n            \"id\": \"/subscriptions/00000000-0000-0000-0000-000000000000/resourceGroups/cli_test_ag_address_pool000001/providers/Microsoft.Network/virtualNetworks/ag1Vnet/subnets/default\"\r\n
        \         },\r\n          \"httpListeners\": [\r\n            {\r\n              \"id\":
        \"/subscriptions/00000000-0000-0000-0000-000000000000/resourceGroups/cli_test_ag_address_pool000001/providers/Microsoft.Network/applicationGateways/ag1/httpListeners/appGatewayHttpListener\"\r\n
        \           }\r\n          ]\r\n        }\r\n      }\r\n    ],\r\n    \"frontendPorts\":
        [\r\n      {\r\n        \"name\": \"appGatewayFrontendPort\",\r\n        \"id\":
        \"/subscriptions/00000000-0000-0000-0000-000000000000/resourceGroups/cli_test_ag_address_pool000001/providers/Microsoft.Network/applicationGateways/ag1/frontendPorts/appGatewayFrontendPort\",\r\n
        \       \"etag\": \"W/\\\"688d131a-5831-412b-9678-88e0d9daa0cd\\\"\",\r\n
        \       \"properties\": {\r\n          \"provisioningState\": \"Updating\",\r\n
        \         \"port\": 80,\r\n          \"httpListeners\": [\r\n            {\r\n
        \             \"id\": \"/subscriptions/00000000-0000-0000-0000-000000000000/resourceGroups/cli_test_ag_address_pool000001/providers/Microsoft.Network/applicationGateways/ag1/httpListeners/appGatewayHttpListener\"\r\n
        \           }\r\n          ]\r\n        },\r\n        \"type\": \"Microsoft.Network/applicationGateways/frontendPorts\"\r\n
        \     }\r\n    ],\r\n    \"backendAddressPools\": [\r\n      {\r\n        \"name\":
        \"appGatewayBackendPool\",\r\n        \"id\": \"/subscriptions/00000000-0000-0000-0000-000000000000/resourceGroups/cli_test_ag_address_pool000001/providers/Microsoft.Network/applicationGateways/ag1/backendAddressPools/appGatewayBackendPool\",\r\n
        \       \"etag\": \"W/\\\"688d131a-5831-412b-9678-88e0d9daa0cd\\\"\",\r\n
        \       \"properties\": {\r\n          \"provisioningState\": \"Updating\",\r\n
        \         \"backendAddresses\": [],\r\n          \"requestRoutingRules\":
        [\r\n            {\r\n              \"id\": \"/subscriptions/00000000-0000-0000-0000-000000000000/resourceGroups/cli_test_ag_address_pool000001/providers/Microsoft.Network/applicationGateways/ag1/requestRoutingRules/rule1\"\r\n
        \           }\r\n          ]\r\n        },\r\n        \"type\": \"Microsoft.Network/applicationGateways/backendAddressPools\"\r\n
        \     },\r\n      {\r\n        \"name\": \"pool1\",\r\n        \"id\": \"/subscriptions/00000000-0000-0000-0000-000000000000/resourceGroups/cli_test_ag_address_pool000001/providers/Microsoft.Network/applicationGateways/ag1/backendAddressPools/pool1\",\r\n
        \       \"etag\": \"W/\\\"688d131a-5831-412b-9678-88e0d9daa0cd\\\"\",\r\n
        \       \"properties\": {\r\n          \"provisioningState\": \"Updating\",\r\n
        \         \"backendAddresses\": [\r\n            {\r\n              \"ipAddress\":
        \"123.4.5.6\"\r\n            },\r\n            {\r\n              \"fqdn\":
        \"www.mydns.com\"\r\n            }\r\n          ]\r\n        },\r\n        \"type\":
        \"Microsoft.Network/applicationGateways/backendAddressPools\"\r\n      }\r\n
        \   ],\r\n    \"backendHttpSettingsCollection\": [\r\n      {\r\n        \"name\":
        \"appGatewayBackendHttpSettings\",\r\n        \"id\": \"/subscriptions/00000000-0000-0000-0000-000000000000/resourceGroups/cli_test_ag_address_pool000001/providers/Microsoft.Network/applicationGateways/ag1/backendHttpSettingsCollection/appGatewayBackendHttpSettings\",\r\n
        \       \"etag\": \"W/\\\"688d131a-5831-412b-9678-88e0d9daa0cd\\\"\",\r\n
        \       \"properties\": {\r\n          \"provisioningState\": \"Updating\",\r\n
        \         \"port\": 80,\r\n          \"protocol\": \"Http\",\r\n          \"cookieBasedAffinity\":
        \"Disabled\",\r\n          \"connectionDraining\": {\r\n            \"enabled\":
        false,\r\n            \"drainTimeoutInSec\": 1\r\n          },\r\n          \"pickHostNameFromBackendAddress\":
        false,\r\n          \"requestTimeout\": 30,\r\n          \"requestRoutingRules\":
        [\r\n            {\r\n              \"id\": \"/subscriptions/00000000-0000-0000-0000-000000000000/resourceGroups/cli_test_ag_address_pool000001/providers/Microsoft.Network/applicationGateways/ag1/requestRoutingRules/rule1\"\r\n
        \           }\r\n          ]\r\n        },\r\n        \"type\": \"Microsoft.Network/applicationGateways/backendHttpSettingsCollection\"\r\n
        \     }\r\n    ],\r\n    \"httpListeners\": [\r\n      {\r\n        \"name\":
        \"appGatewayHttpListener\",\r\n        \"id\": \"/subscriptions/00000000-0000-0000-0000-000000000000/resourceGroups/cli_test_ag_address_pool000001/providers/Microsoft.Network/applicationGateways/ag1/httpListeners/appGatewayHttpListener\",\r\n
        \       \"etag\": \"W/\\\"688d131a-5831-412b-9678-88e0d9daa0cd\\\"\",\r\n
        \       \"properties\": {\r\n          \"provisioningState\": \"Updating\",\r\n
        \         \"frontendIPConfiguration\": {\r\n            \"id\": \"/subscriptions/00000000-0000-0000-0000-000000000000/resourceGroups/cli_test_ag_address_pool000001/providers/Microsoft.Network/applicationGateways/ag1/frontendIPConfigurations/appGatewayFrontendIP\"\r\n
        \         },\r\n          \"frontendPort\": {\r\n            \"id\": \"/subscriptions/00000000-0000-0000-0000-000000000000/resourceGroups/cli_test_ag_address_pool000001/providers/Microsoft.Network/applicationGateways/ag1/frontendPorts/appGatewayFrontendPort\"\r\n
        \         },\r\n          \"protocol\": \"Http\",\r\n          \"requireServerNameIndication\":
        false,\r\n          \"requestRoutingRules\": [\r\n            {\r\n              \"id\":
        \"/subscriptions/00000000-0000-0000-0000-000000000000/resourceGroups/cli_test_ag_address_pool000001/providers/Microsoft.Network/applicationGateways/ag1/requestRoutingRules/rule1\"\r\n
        \           }\r\n          ]\r\n        },\r\n        \"type\": \"Microsoft.Network/applicationGateways/httpListeners\"\r\n
        \     }\r\n    ],\r\n    \"urlPathMaps\": [],\r\n    \"requestRoutingRules\":
        [\r\n      {\r\n        \"name\": \"rule1\",\r\n        \"id\": \"/subscriptions/00000000-0000-0000-0000-000000000000/resourceGroups/cli_test_ag_address_pool000001/providers/Microsoft.Network/applicationGateways/ag1/requestRoutingRules/rule1\",\r\n
        \       \"etag\": \"W/\\\"688d131a-5831-412b-9678-88e0d9daa0cd\\\"\",\r\n
        \       \"properties\": {\r\n          \"provisioningState\": \"Updating\",\r\n
        \         \"ruleType\": \"Basic\",\r\n          \"httpListener\": {\r\n            \"id\":
        \"/subscriptions/00000000-0000-0000-0000-000000000000/resourceGroups/cli_test_ag_address_pool000001/providers/Microsoft.Network/applicationGateways/ag1/httpListeners/appGatewayHttpListener\"\r\n
        \         },\r\n          \"backendAddressPool\": {\r\n            \"id\":
        \"/subscriptions/00000000-0000-0000-0000-000000000000/resourceGroups/cli_test_ag_address_pool000001/providers/Microsoft.Network/applicationGateways/ag1/backendAddressPools/appGatewayBackendPool\"\r\n
        \         },\r\n          \"backendHttpSettings\": {\r\n            \"id\":
        \"/subscriptions/00000000-0000-0000-0000-000000000000/resourceGroups/cli_test_ag_address_pool000001/providers/Microsoft.Network/applicationGateways/ag1/backendHttpSettingsCollection/appGatewayBackendHttpSettings\"\r\n
        \         }\r\n        },\r\n        \"type\": \"Microsoft.Network/applicationGateways/requestRoutingRules\"\r\n
        \     }\r\n    ],\r\n    \"probes\": [],\r\n    \"rewriteRuleSets\": [],\r\n
        \   \"redirectConfigurations\": []\r\n  }\r\n}"
    headers:
      cache-control:
      - no-cache
      content-length:
      - '9751'
      content-type:
      - application/json; charset=utf-8
      date:
      - Fri, 19 Apr 2019 22:10:22 GMT
      etag:
      - W/"688d131a-5831-412b-9678-88e0d9daa0cd"
      expires:
      - '-1'
      pragma:
      - no-cache
      server:
      - Microsoft-HTTPAPI/2.0
      - Microsoft-HTTPAPI/2.0
      strict-transport-security:
      - max-age=31536000; includeSubDomains
      transfer-encoding:
      - chunked
      vary:
      - Accept-Encoding
      x-content-type-options:
      - nosniff
    status:
      code: 200
      message: OK
- request:
    body: null
    headers:
      Accept:
      - application/json
      Accept-Encoding:
      - gzip, deflate
      CommandName:
      - network application-gateway address-pool update
      Connection:
      - keep-alive
      ParameterSetName:
      - -g --gateway-name -n --no-wait --servers
      User-Agent:
      - python/3.7.3 (Windows-10-10.0.17763-SP0) msrest/0.6.6 msrest_azure/0.6.0 networkmanagementclient/2.6.0
        Azure-SDK-For-Python AZURECLI/2.0.62
      accept-language:
      - en-US
    method: GET
    uri: https://management.azure.com/subscriptions/00000000-0000-0000-0000-000000000000/resourceGroups/cli_test_ag_address_pool000001/providers/Microsoft.Network/applicationGateways/ag1?api-version=2019-02-01
  response:
    body:
      string: "{\r\n  \"name\": \"ag1\",\r\n  \"id\": \"/subscriptions/00000000-0000-0000-0000-000000000000/resourceGroups/cli_test_ag_address_pool000001/providers/Microsoft.Network/applicationGateways/ag1\",\r\n
        \ \"etag\": \"W/\\\"688d131a-5831-412b-9678-88e0d9daa0cd\\\"\",\r\n  \"type\":
        \"Microsoft.Network/applicationGateways\",\r\n  \"location\": \"westus\",\r\n
        \ \"tags\": {},\r\n  \"properties\": {\r\n    \"provisioningState\": \"Updating\",\r\n
        \   \"resourceGuid\": \"231af23e-b71a-4701-882b-6ec0e0571d7e\",\r\n    \"sku\":
        {\r\n      \"name\": \"Standard_Medium\",\r\n      \"tier\": \"Standard\",\r\n
        \     \"capacity\": 2\r\n    },\r\n    \"operationalState\": \"Stopped\",\r\n
        \   \"gatewayIPConfigurations\": [\r\n      {\r\n        \"name\": \"appGatewayFrontendIP\",\r\n
        \       \"id\": \"/subscriptions/00000000-0000-0000-0000-000000000000/resourceGroups/cli_test_ag_address_pool000001/providers/Microsoft.Network/applicationGateways/ag1/gatewayIPConfigurations/appGatewayFrontendIP\",\r\n
        \       \"etag\": \"W/\\\"688d131a-5831-412b-9678-88e0d9daa0cd\\\"\",\r\n
        \       \"properties\": {\r\n          \"provisioningState\": \"Updating\",\r\n
        \         \"subnet\": {\r\n            \"id\": \"/subscriptions/00000000-0000-0000-0000-000000000000/resourceGroups/cli_test_ag_address_pool000001/providers/Microsoft.Network/virtualNetworks/ag1Vnet/subnets/default\"\r\n
        \         }\r\n        },\r\n        \"type\": \"Microsoft.Network/applicationGateways/gatewayIPConfigurations\"\r\n
        \     }\r\n    ],\r\n    \"sslCertificates\": [],\r\n    \"authenticationCertificates\":
        [],\r\n    \"frontendIPConfigurations\": [\r\n      {\r\n        \"name\":
        \"appGatewayFrontendIP\",\r\n        \"id\": \"/subscriptions/00000000-0000-0000-0000-000000000000/resourceGroups/cli_test_ag_address_pool000001/providers/Microsoft.Network/applicationGateways/ag1/frontendIPConfigurations/appGatewayFrontendIP\",\r\n
        \       \"etag\": \"W/\\\"688d131a-5831-412b-9678-88e0d9daa0cd\\\"\",\r\n
        \       \"type\": \"Microsoft.Network/applicationGateways/frontendIPConfigurations\",\r\n
        \       \"properties\": {\r\n          \"provisioningState\": \"Updating\",\r\n
        \         \"privateIPAllocationMethod\": \"Dynamic\",\r\n          \"subnet\":
        {\r\n            \"id\": \"/subscriptions/00000000-0000-0000-0000-000000000000/resourceGroups/cli_test_ag_address_pool000001/providers/Microsoft.Network/virtualNetworks/ag1Vnet/subnets/default\"\r\n
        \         },\r\n          \"httpListeners\": [\r\n            {\r\n              \"id\":
        \"/subscriptions/00000000-0000-0000-0000-000000000000/resourceGroups/cli_test_ag_address_pool000001/providers/Microsoft.Network/applicationGateways/ag1/httpListeners/appGatewayHttpListener\"\r\n
        \           }\r\n          ]\r\n        }\r\n      }\r\n    ],\r\n    \"frontendPorts\":
        [\r\n      {\r\n        \"name\": \"appGatewayFrontendPort\",\r\n        \"id\":
        \"/subscriptions/00000000-0000-0000-0000-000000000000/resourceGroups/cli_test_ag_address_pool000001/providers/Microsoft.Network/applicationGateways/ag1/frontendPorts/appGatewayFrontendPort\",\r\n
        \       \"etag\": \"W/\\\"688d131a-5831-412b-9678-88e0d9daa0cd\\\"\",\r\n
        \       \"properties\": {\r\n          \"provisioningState\": \"Updating\",\r\n
        \         \"port\": 80,\r\n          \"httpListeners\": [\r\n            {\r\n
        \             \"id\": \"/subscriptions/00000000-0000-0000-0000-000000000000/resourceGroups/cli_test_ag_address_pool000001/providers/Microsoft.Network/applicationGateways/ag1/httpListeners/appGatewayHttpListener\"\r\n
        \           }\r\n          ]\r\n        },\r\n        \"type\": \"Microsoft.Network/applicationGateways/frontendPorts\"\r\n
        \     }\r\n    ],\r\n    \"backendAddressPools\": [\r\n      {\r\n        \"name\":
        \"appGatewayBackendPool\",\r\n        \"id\": \"/subscriptions/00000000-0000-0000-0000-000000000000/resourceGroups/cli_test_ag_address_pool000001/providers/Microsoft.Network/applicationGateways/ag1/backendAddressPools/appGatewayBackendPool\",\r\n
        \       \"etag\": \"W/\\\"688d131a-5831-412b-9678-88e0d9daa0cd\\\"\",\r\n
        \       \"properties\": {\r\n          \"provisioningState\": \"Updating\",\r\n
        \         \"backendAddresses\": [],\r\n          \"requestRoutingRules\":
        [\r\n            {\r\n              \"id\": \"/subscriptions/00000000-0000-0000-0000-000000000000/resourceGroups/cli_test_ag_address_pool000001/providers/Microsoft.Network/applicationGateways/ag1/requestRoutingRules/rule1\"\r\n
        \           }\r\n          ]\r\n        },\r\n        \"type\": \"Microsoft.Network/applicationGateways/backendAddressPools\"\r\n
        \     },\r\n      {\r\n        \"name\": \"pool1\",\r\n        \"id\": \"/subscriptions/00000000-0000-0000-0000-000000000000/resourceGroups/cli_test_ag_address_pool000001/providers/Microsoft.Network/applicationGateways/ag1/backendAddressPools/pool1\",\r\n
        \       \"etag\": \"W/\\\"688d131a-5831-412b-9678-88e0d9daa0cd\\\"\",\r\n
        \       \"properties\": {\r\n          \"provisioningState\": \"Updating\",\r\n
        \         \"backendAddresses\": [\r\n            {\r\n              \"ipAddress\":
        \"123.4.5.6\"\r\n            },\r\n            {\r\n              \"fqdn\":
        \"www.mydns.com\"\r\n            }\r\n          ]\r\n        },\r\n        \"type\":
        \"Microsoft.Network/applicationGateways/backendAddressPools\"\r\n      }\r\n
        \   ],\r\n    \"backendHttpSettingsCollection\": [\r\n      {\r\n        \"name\":
        \"appGatewayBackendHttpSettings\",\r\n        \"id\": \"/subscriptions/00000000-0000-0000-0000-000000000000/resourceGroups/cli_test_ag_address_pool000001/providers/Microsoft.Network/applicationGateways/ag1/backendHttpSettingsCollection/appGatewayBackendHttpSettings\",\r\n
        \       \"etag\": \"W/\\\"688d131a-5831-412b-9678-88e0d9daa0cd\\\"\",\r\n
        \       \"properties\": {\r\n          \"provisioningState\": \"Updating\",\r\n
        \         \"port\": 80,\r\n          \"protocol\": \"Http\",\r\n          \"cookieBasedAffinity\":
        \"Disabled\",\r\n          \"connectionDraining\": {\r\n            \"enabled\":
        false,\r\n            \"drainTimeoutInSec\": 1\r\n          },\r\n          \"pickHostNameFromBackendAddress\":
        false,\r\n          \"requestTimeout\": 30,\r\n          \"requestRoutingRules\":
        [\r\n            {\r\n              \"id\": \"/subscriptions/00000000-0000-0000-0000-000000000000/resourceGroups/cli_test_ag_address_pool000001/providers/Microsoft.Network/applicationGateways/ag1/requestRoutingRules/rule1\"\r\n
        \           }\r\n          ]\r\n        },\r\n        \"type\": \"Microsoft.Network/applicationGateways/backendHttpSettingsCollection\"\r\n
        \     }\r\n    ],\r\n    \"httpListeners\": [\r\n      {\r\n        \"name\":
        \"appGatewayHttpListener\",\r\n        \"id\": \"/subscriptions/00000000-0000-0000-0000-000000000000/resourceGroups/cli_test_ag_address_pool000001/providers/Microsoft.Network/applicationGateways/ag1/httpListeners/appGatewayHttpListener\",\r\n
        \       \"etag\": \"W/\\\"688d131a-5831-412b-9678-88e0d9daa0cd\\\"\",\r\n
        \       \"properties\": {\r\n          \"provisioningState\": \"Updating\",\r\n
        \         \"frontendIPConfiguration\": {\r\n            \"id\": \"/subscriptions/00000000-0000-0000-0000-000000000000/resourceGroups/cli_test_ag_address_pool000001/providers/Microsoft.Network/applicationGateways/ag1/frontendIPConfigurations/appGatewayFrontendIP\"\r\n
        \         },\r\n          \"frontendPort\": {\r\n            \"id\": \"/subscriptions/00000000-0000-0000-0000-000000000000/resourceGroups/cli_test_ag_address_pool000001/providers/Microsoft.Network/applicationGateways/ag1/frontendPorts/appGatewayFrontendPort\"\r\n
        \         },\r\n          \"protocol\": \"Http\",\r\n          \"requireServerNameIndication\":
        false,\r\n          \"requestRoutingRules\": [\r\n            {\r\n              \"id\":
        \"/subscriptions/00000000-0000-0000-0000-000000000000/resourceGroups/cli_test_ag_address_pool000001/providers/Microsoft.Network/applicationGateways/ag1/requestRoutingRules/rule1\"\r\n
        \           }\r\n          ]\r\n        },\r\n        \"type\": \"Microsoft.Network/applicationGateways/httpListeners\"\r\n
        \     }\r\n    ],\r\n    \"urlPathMaps\": [],\r\n    \"requestRoutingRules\":
        [\r\n      {\r\n        \"name\": \"rule1\",\r\n        \"id\": \"/subscriptions/00000000-0000-0000-0000-000000000000/resourceGroups/cli_test_ag_address_pool000001/providers/Microsoft.Network/applicationGateways/ag1/requestRoutingRules/rule1\",\r\n
        \       \"etag\": \"W/\\\"688d131a-5831-412b-9678-88e0d9daa0cd\\\"\",\r\n
        \       \"properties\": {\r\n          \"provisioningState\": \"Updating\",\r\n
        \         \"ruleType\": \"Basic\",\r\n          \"httpListener\": {\r\n            \"id\":
        \"/subscriptions/00000000-0000-0000-0000-000000000000/resourceGroups/cli_test_ag_address_pool000001/providers/Microsoft.Network/applicationGateways/ag1/httpListeners/appGatewayHttpListener\"\r\n
        \         },\r\n          \"backendAddressPool\": {\r\n            \"id\":
        \"/subscriptions/00000000-0000-0000-0000-000000000000/resourceGroups/cli_test_ag_address_pool000001/providers/Microsoft.Network/applicationGateways/ag1/backendAddressPools/appGatewayBackendPool\"\r\n
        \         },\r\n          \"backendHttpSettings\": {\r\n            \"id\":
        \"/subscriptions/00000000-0000-0000-0000-000000000000/resourceGroups/cli_test_ag_address_pool000001/providers/Microsoft.Network/applicationGateways/ag1/backendHttpSettingsCollection/appGatewayBackendHttpSettings\"\r\n
        \         }\r\n        },\r\n        \"type\": \"Microsoft.Network/applicationGateways/requestRoutingRules\"\r\n
        \     }\r\n    ],\r\n    \"probes\": [],\r\n    \"rewriteRuleSets\": [],\r\n
        \   \"redirectConfigurations\": []\r\n  }\r\n}"
    headers:
      cache-control:
      - no-cache
      content-length:
      - '9751'
      content-type:
      - application/json; charset=utf-8
      date:
      - Fri, 19 Apr 2019 22:10:22 GMT
      etag:
      - W/"688d131a-5831-412b-9678-88e0d9daa0cd"
      expires:
      - '-1'
      pragma:
      - no-cache
      server:
      - Microsoft-HTTPAPI/2.0
      - Microsoft-HTTPAPI/2.0
      strict-transport-security:
      - max-age=31536000; includeSubDomains
      transfer-encoding:
      - chunked
      vary:
      - Accept-Encoding
      x-content-type-options:
      - nosniff
    status:
      code: 200
      message: OK
- request:
    body: 'b''{"id": "/subscriptions/00000000-0000-0000-0000-000000000000/resourceGroups/cli_test_ag_address_pool000001/providers/Microsoft.Network/applicationGateways/ag1",
      "location": "westus", "tags": {}, "properties": {"sku": {"name": "Standard_Medium",
      "tier": "Standard", "capacity": 2}, "gatewayIPConfigurations": [{"id": "/subscriptions/00000000-0000-0000-0000-000000000000/resourceGroups/cli_test_ag_address_pool000001/providers/Microsoft.Network/applicationGateways/ag1/gatewayIPConfigurations/appGatewayFrontendIP",
      "properties": {"subnet": {"id": "/subscriptions/00000000-0000-0000-0000-000000000000/resourceGroups/cli_test_ag_address_pool000001/providers/Microsoft.Network/virtualNetworks/ag1Vnet/subnets/default"},
      "provisioningState": "Updating"}, "name": "appGatewayFrontendIP", "etag": "W/\\"688d131a-5831-412b-9678-88e0d9daa0cd\\"",
      "type": "Microsoft.Network/applicationGateways/gatewayIPConfigurations"}], "authenticationCertificates":
      [], "sslCertificates": [], "frontendIPConfigurations": [{"id": "/subscriptions/00000000-0000-0000-0000-000000000000/resourceGroups/cli_test_ag_address_pool000001/providers/Microsoft.Network/applicationGateways/ag1/frontendIPConfigurations/appGatewayFrontendIP",
      "properties": {"privateIPAllocationMethod": "Dynamic", "subnet": {"id": "/subscriptions/00000000-0000-0000-0000-000000000000/resourceGroups/cli_test_ag_address_pool000001/providers/Microsoft.Network/virtualNetworks/ag1Vnet/subnets/default"},
      "provisioningState": "Updating"}, "name": "appGatewayFrontendIP", "etag": "W/\\"688d131a-5831-412b-9678-88e0d9daa0cd\\"",
      "type": "Microsoft.Network/applicationGateways/frontendIPConfigurations"}],
      "frontendPorts": [{"id": "/subscriptions/00000000-0000-0000-0000-000000000000/resourceGroups/cli_test_ag_address_pool000001/providers/Microsoft.Network/applicationGateways/ag1/frontendPorts/appGatewayFrontendPort",
      "properties": {"port": 80, "provisioningState": "Updating"}, "name": "appGatewayFrontendPort",
      "etag": "W/\\"688d131a-5831-412b-9678-88e0d9daa0cd\\"", "type": "Microsoft.Network/applicationGateways/frontendPorts"}],
      "probes": [], "backendAddressPools": [{"id": "/subscriptions/00000000-0000-0000-0000-000000000000/resourceGroups/cli_test_ag_address_pool000001/providers/Microsoft.Network/applicationGateways/ag1/backendAddressPools/appGatewayBackendPool",
      "properties": {"backendAddresses": [], "provisioningState": "Updating"}, "name":
      "appGatewayBackendPool", "etag": "W/\\"688d131a-5831-412b-9678-88e0d9daa0cd\\"",
      "type": "Microsoft.Network/applicationGateways/backendAddressPools"}, {"id":
      "/subscriptions/00000000-0000-0000-0000-000000000000/resourceGroups/cli_test_ag_address_pool000001/providers/Microsoft.Network/applicationGateways/ag1/backendAddressPools/pool1",
      "properties": {"backendAddresses": [{"ipAddress": "5.4.3.2"}], "provisioningState":
      "Updating"}, "name": "pool1", "etag": "W/\\"688d131a-5831-412b-9678-88e0d9daa0cd\\"",
      "type": "Microsoft.Network/applicationGateways/backendAddressPools"}], "backendHttpSettingsCollection":
      [{"id": "/subscriptions/00000000-0000-0000-0000-000000000000/resourceGroups/cli_test_ag_address_pool000001/providers/Microsoft.Network/applicationGateways/ag1/backendHttpSettingsCollection/appGatewayBackendHttpSettings",
      "properties": {"port": 80, "protocol": "Http", "cookieBasedAffinity": "Disabled",
      "requestTimeout": 30, "connectionDraining": {"enabled": false, "drainTimeoutInSec":
      1}, "pickHostNameFromBackendAddress": false, "provisioningState": "Updating"},
      "name": "appGatewayBackendHttpSettings", "etag": "W/\\"688d131a-5831-412b-9678-88e0d9daa0cd\\"",
      "type": "Microsoft.Network/applicationGateways/backendHttpSettingsCollection"}],
      "httpListeners": [{"id": "/subscriptions/00000000-0000-0000-0000-000000000000/resourceGroups/cli_test_ag_address_pool000001/providers/Microsoft.Network/applicationGateways/ag1/httpListeners/appGatewayHttpListener",
      "properties": {"frontendIPConfiguration": {"id": "/subscriptions/00000000-0000-0000-0000-000000000000/resourceGroups/cli_test_ag_address_pool000001/providers/Microsoft.Network/applicationGateways/ag1/frontendIPConfigurations/appGatewayFrontendIP"},
      "frontendPort": {"id": "/subscriptions/00000000-0000-0000-0000-000000000000/resourceGroups/cli_test_ag_address_pool000001/providers/Microsoft.Network/applicationGateways/ag1/frontendPorts/appGatewayFrontendPort"},
      "protocol": "Http", "requireServerNameIndication": false, "provisioningState":
      "Updating"}, "name": "appGatewayHttpListener", "etag": "W/\\"688d131a-5831-412b-9678-88e0d9daa0cd\\"",
      "type": "Microsoft.Network/applicationGateways/httpListeners"}], "urlPathMaps":
      [], "requestRoutingRules": [{"id": "/subscriptions/00000000-0000-0000-0000-000000000000/resourceGroups/cli_test_ag_address_pool000001/providers/Microsoft.Network/applicationGateways/ag1/requestRoutingRules/rule1",
      "properties": {"ruleType": "Basic", "backendAddressPool": {"id": "/subscriptions/00000000-0000-0000-0000-000000000000/resourceGroups/cli_test_ag_address_pool000001/providers/Microsoft.Network/applicationGateways/ag1/backendAddressPools/appGatewayBackendPool"},
      "backendHttpSettings": {"id": "/subscriptions/00000000-0000-0000-0000-000000000000/resourceGroups/cli_test_ag_address_pool000001/providers/Microsoft.Network/applicationGateways/ag1/backendHttpSettingsCollection/appGatewayBackendHttpSettings"},
      "httpListener": {"id": "/subscriptions/00000000-0000-0000-0000-000000000000/resourceGroups/cli_test_ag_address_pool000001/providers/Microsoft.Network/applicationGateways/ag1/httpListeners/appGatewayHttpListener"},
      "provisioningState": "Updating"}, "name": "rule1", "etag": "W/\\"688d131a-5831-412b-9678-88e0d9daa0cd\\"",
      "type": "Microsoft.Network/applicationGateways/requestRoutingRules"}], "rewriteRuleSets":
      [], "redirectConfigurations": [], "resourceGuid": "231af23e-b71a-4701-882b-6ec0e0571d7e",
      "provisioningState": "Updating"}, "etag": "W/\\"688d131a-5831-412b-9678-88e0d9daa0cd\\""}'''
    headers:
      Accept:
      - application/json
      Accept-Encoding:
      - gzip, deflate
      CommandName:
      - network application-gateway address-pool update
      Connection:
      - keep-alive
      Content-Length:
      - '6602'
      Content-Type:
      - application/json; charset=utf-8
      ParameterSetName:
      - -g --gateway-name -n --no-wait --servers
      User-Agent:
      - python/3.7.3 (Windows-10-10.0.17763-SP0) msrest/0.6.6 msrest_azure/0.6.0 networkmanagementclient/2.6.0
        Azure-SDK-For-Python AZURECLI/2.0.62
      accept-language:
      - en-US
    method: PUT
    uri: https://management.azure.com/subscriptions/00000000-0000-0000-0000-000000000000/resourceGroups/cli_test_ag_address_pool000001/providers/Microsoft.Network/applicationGateways/ag1?api-version=2019-02-01
  response:
    body:
      string: "{\r\n  \"name\": \"ag1\",\r\n  \"id\": \"/subscriptions/00000000-0000-0000-0000-000000000000/resourceGroups/cli_test_ag_address_pool000001/providers/Microsoft.Network/applicationGateways/ag1\",\r\n
        \ \"etag\": \"W/\\\"b98fff5a-ffea-4d75-bece-e41f9121e2bf\\\"\",\r\n  \"type\":
        \"Microsoft.Network/applicationGateways\",\r\n  \"location\": \"westus\",\r\n
        \ \"tags\": {},\r\n  \"properties\": {\r\n    \"provisioningState\": \"Updating\",\r\n
        \   \"resourceGuid\": \"231af23e-b71a-4701-882b-6ec0e0571d7e\",\r\n    \"sku\":
        {\r\n      \"name\": \"Standard_Medium\",\r\n      \"tier\": \"Standard\",\r\n
        \     \"capacity\": 2\r\n    },\r\n    \"operationalState\": \"Stopped\",\r\n
        \   \"gatewayIPConfigurations\": [\r\n      {\r\n        \"name\": \"appGatewayFrontendIP\",\r\n
        \       \"id\": \"/subscriptions/00000000-0000-0000-0000-000000000000/resourceGroups/cli_test_ag_address_pool000001/providers/Microsoft.Network/applicationGateways/ag1/gatewayIPConfigurations/appGatewayFrontendIP\",\r\n
        \       \"etag\": \"W/\\\"b98fff5a-ffea-4d75-bece-e41f9121e2bf\\\"\",\r\n
        \       \"properties\": {\r\n          \"provisioningState\": \"Updating\",\r\n
        \         \"subnet\": {\r\n            \"id\": \"/subscriptions/00000000-0000-0000-0000-000000000000/resourceGroups/cli_test_ag_address_pool000001/providers/Microsoft.Network/virtualNetworks/ag1Vnet/subnets/default\"\r\n
        \         }\r\n        },\r\n        \"type\": \"Microsoft.Network/applicationGateways/gatewayIPConfigurations\"\r\n
        \     }\r\n    ],\r\n    \"sslCertificates\": [],\r\n    \"authenticationCertificates\":
        [],\r\n    \"frontendIPConfigurations\": [\r\n      {\r\n        \"name\":
        \"appGatewayFrontendIP\",\r\n        \"id\": \"/subscriptions/00000000-0000-0000-0000-000000000000/resourceGroups/cli_test_ag_address_pool000001/providers/Microsoft.Network/applicationGateways/ag1/frontendIPConfigurations/appGatewayFrontendIP\",\r\n
        \       \"etag\": \"W/\\\"b98fff5a-ffea-4d75-bece-e41f9121e2bf\\\"\",\r\n
        \       \"type\": \"Microsoft.Network/applicationGateways/frontendIPConfigurations\",\r\n
        \       \"properties\": {\r\n          \"provisioningState\": \"Updating\",\r\n
        \         \"privateIPAllocationMethod\": \"Dynamic\",\r\n          \"subnet\":
        {\r\n            \"id\": \"/subscriptions/00000000-0000-0000-0000-000000000000/resourceGroups/cli_test_ag_address_pool000001/providers/Microsoft.Network/virtualNetworks/ag1Vnet/subnets/default\"\r\n
        \         },\r\n          \"httpListeners\": [\r\n            {\r\n              \"id\":
        \"/subscriptions/00000000-0000-0000-0000-000000000000/resourceGroups/cli_test_ag_address_pool000001/providers/Microsoft.Network/applicationGateways/ag1/httpListeners/appGatewayHttpListener\"\r\n
        \           }\r\n          ]\r\n        }\r\n      }\r\n    ],\r\n    \"frontendPorts\":
        [\r\n      {\r\n        \"name\": \"appGatewayFrontendPort\",\r\n        \"id\":
        \"/subscriptions/00000000-0000-0000-0000-000000000000/resourceGroups/cli_test_ag_address_pool000001/providers/Microsoft.Network/applicationGateways/ag1/frontendPorts/appGatewayFrontendPort\",\r\n
        \       \"etag\": \"W/\\\"b98fff5a-ffea-4d75-bece-e41f9121e2bf\\\"\",\r\n
        \       \"properties\": {\r\n          \"provisioningState\": \"Updating\",\r\n
        \         \"port\": 80,\r\n          \"httpListeners\": [\r\n            {\r\n
        \             \"id\": \"/subscriptions/00000000-0000-0000-0000-000000000000/resourceGroups/cli_test_ag_address_pool000001/providers/Microsoft.Network/applicationGateways/ag1/httpListeners/appGatewayHttpListener\"\r\n
        \           }\r\n          ]\r\n        },\r\n        \"type\": \"Microsoft.Network/applicationGateways/frontendPorts\"\r\n
        \     }\r\n    ],\r\n    \"backendAddressPools\": [\r\n      {\r\n        \"name\":
        \"appGatewayBackendPool\",\r\n        \"id\": \"/subscriptions/00000000-0000-0000-0000-000000000000/resourceGroups/cli_test_ag_address_pool000001/providers/Microsoft.Network/applicationGateways/ag1/backendAddressPools/appGatewayBackendPool\",\r\n
        \       \"etag\": \"W/\\\"b98fff5a-ffea-4d75-bece-e41f9121e2bf\\\"\",\r\n
        \       \"properties\": {\r\n          \"provisioningState\": \"Updating\",\r\n
        \         \"backendAddresses\": [],\r\n          \"requestRoutingRules\":
        [\r\n            {\r\n              \"id\": \"/subscriptions/00000000-0000-0000-0000-000000000000/resourceGroups/cli_test_ag_address_pool000001/providers/Microsoft.Network/applicationGateways/ag1/requestRoutingRules/rule1\"\r\n
        \           }\r\n          ]\r\n        },\r\n        \"type\": \"Microsoft.Network/applicationGateways/backendAddressPools\"\r\n
        \     },\r\n      {\r\n        \"name\": \"pool1\",\r\n        \"id\": \"/subscriptions/00000000-0000-0000-0000-000000000000/resourceGroups/cli_test_ag_address_pool000001/providers/Microsoft.Network/applicationGateways/ag1/backendAddressPools/pool1\",\r\n
        \       \"etag\": \"W/\\\"b98fff5a-ffea-4d75-bece-e41f9121e2bf\\\"\",\r\n
        \       \"properties\": {\r\n          \"provisioningState\": \"Updating\",\r\n
        \         \"backendAddresses\": [\r\n            {\r\n              \"ipAddress\":
        \"5.4.3.2\"\r\n            }\r\n          ]\r\n        },\r\n        \"type\":
        \"Microsoft.Network/applicationGateways/backendAddressPools\"\r\n      }\r\n
        \   ],\r\n    \"backendHttpSettingsCollection\": [\r\n      {\r\n        \"name\":
        \"appGatewayBackendHttpSettings\",\r\n        \"id\": \"/subscriptions/00000000-0000-0000-0000-000000000000/resourceGroups/cli_test_ag_address_pool000001/providers/Microsoft.Network/applicationGateways/ag1/backendHttpSettingsCollection/appGatewayBackendHttpSettings\",\r\n
        \       \"etag\": \"W/\\\"b98fff5a-ffea-4d75-bece-e41f9121e2bf\\\"\",\r\n
        \       \"properties\": {\r\n          \"provisioningState\": \"Updating\",\r\n
        \         \"port\": 80,\r\n          \"protocol\": \"Http\",\r\n          \"cookieBasedAffinity\":
        \"Disabled\",\r\n          \"connectionDraining\": {\r\n            \"enabled\":
        false,\r\n            \"drainTimeoutInSec\": 1\r\n          },\r\n          \"pickHostNameFromBackendAddress\":
        false,\r\n          \"requestTimeout\": 30,\r\n          \"requestRoutingRules\":
        [\r\n            {\r\n              \"id\": \"/subscriptions/00000000-0000-0000-0000-000000000000/resourceGroups/cli_test_ag_address_pool000001/providers/Microsoft.Network/applicationGateways/ag1/requestRoutingRules/rule1\"\r\n
        \           }\r\n          ]\r\n        },\r\n        \"type\": \"Microsoft.Network/applicationGateways/backendHttpSettingsCollection\"\r\n
        \     }\r\n    ],\r\n    \"httpListeners\": [\r\n      {\r\n        \"name\":
        \"appGatewayHttpListener\",\r\n        \"id\": \"/subscriptions/00000000-0000-0000-0000-000000000000/resourceGroups/cli_test_ag_address_pool000001/providers/Microsoft.Network/applicationGateways/ag1/httpListeners/appGatewayHttpListener\",\r\n
        \       \"etag\": \"W/\\\"b98fff5a-ffea-4d75-bece-e41f9121e2bf\\\"\",\r\n
        \       \"properties\": {\r\n          \"provisioningState\": \"Updating\",\r\n
        \         \"frontendIPConfiguration\": {\r\n            \"id\": \"/subscriptions/00000000-0000-0000-0000-000000000000/resourceGroups/cli_test_ag_address_pool000001/providers/Microsoft.Network/applicationGateways/ag1/frontendIPConfigurations/appGatewayFrontendIP\"\r\n
        \         },\r\n          \"frontendPort\": {\r\n            \"id\": \"/subscriptions/00000000-0000-0000-0000-000000000000/resourceGroups/cli_test_ag_address_pool000001/providers/Microsoft.Network/applicationGateways/ag1/frontendPorts/appGatewayFrontendPort\"\r\n
        \         },\r\n          \"protocol\": \"Http\",\r\n          \"requireServerNameIndication\":
        false,\r\n          \"requestRoutingRules\": [\r\n            {\r\n              \"id\":
        \"/subscriptions/00000000-0000-0000-0000-000000000000/resourceGroups/cli_test_ag_address_pool000001/providers/Microsoft.Network/applicationGateways/ag1/requestRoutingRules/rule1\"\r\n
        \           }\r\n          ]\r\n        },\r\n        \"type\": \"Microsoft.Network/applicationGateways/httpListeners\"\r\n
        \     }\r\n    ],\r\n    \"urlPathMaps\": [],\r\n    \"requestRoutingRules\":
        [\r\n      {\r\n        \"name\": \"rule1\",\r\n        \"id\": \"/subscriptions/00000000-0000-0000-0000-000000000000/resourceGroups/cli_test_ag_address_pool000001/providers/Microsoft.Network/applicationGateways/ag1/requestRoutingRules/rule1\",\r\n
        \       \"etag\": \"W/\\\"b98fff5a-ffea-4d75-bece-e41f9121e2bf\\\"\",\r\n
        \       \"properties\": {\r\n          \"provisioningState\": \"Updating\",\r\n
        \         \"ruleType\": \"Basic\",\r\n          \"httpListener\": {\r\n            \"id\":
        \"/subscriptions/00000000-0000-0000-0000-000000000000/resourceGroups/cli_test_ag_address_pool000001/providers/Microsoft.Network/applicationGateways/ag1/httpListeners/appGatewayHttpListener\"\r\n
        \         },\r\n          \"backendAddressPool\": {\r\n            \"id\":
        \"/subscriptions/00000000-0000-0000-0000-000000000000/resourceGroups/cli_test_ag_address_pool000001/providers/Microsoft.Network/applicationGateways/ag1/backendAddressPools/appGatewayBackendPool\"\r\n
        \         },\r\n          \"backendHttpSettings\": {\r\n            \"id\":
        \"/subscriptions/00000000-0000-0000-0000-000000000000/resourceGroups/cli_test_ag_address_pool000001/providers/Microsoft.Network/applicationGateways/ag1/backendHttpSettingsCollection/appGatewayBackendHttpSettings\"\r\n
        \         }\r\n        },\r\n        \"type\": \"Microsoft.Network/applicationGateways/requestRoutingRules\"\r\n
        \     }\r\n    ],\r\n    \"probes\": [],\r\n    \"rewriteRuleSets\": [],\r\n
        \   \"redirectConfigurations\": []\r\n  }\r\n}"
    headers:
      azure-asyncoperation:
      - https://management.azure.com/subscriptions/00000000-0000-0000-0000-000000000000/providers/Microsoft.Network/locations/westus/operations/3c9aa12a-9cc8-46d6-8308-39ab33224a3d?api-version=2019-02-01
      cache-control:
      - no-cache
      content-length:
      - '9679'
      content-type:
      - application/json; charset=utf-8
      date:
      - Fri, 19 Apr 2019 22:10:22 GMT
      expires:
      - '-1'
      pragma:
      - no-cache
      server:
      - Microsoft-HTTPAPI/2.0
      - Microsoft-HTTPAPI/2.0
      strict-transport-security:
      - max-age=31536000; includeSubDomains
      transfer-encoding:
      - chunked
      vary:
      - Accept-Encoding
      x-content-type-options:
      - nosniff
      x-ms-ratelimit-remaining-subscription-writes:
      - '1198'
    status:
      code: 200
      message: OK
- request:
    body: null
    headers:
      Accept:
      - application/json
      Accept-Encoding:
      - gzip, deflate
      CommandName:
      - network application-gateway address-pool show
      Connection:
      - keep-alive
      ParameterSetName:
      - -g --gateway-name -n
      User-Agent:
      - python/3.7.3 (Windows-10-10.0.17763-SP0) msrest/0.6.6 msrest_azure/0.6.0 networkmanagementclient/2.6.0
        Azure-SDK-For-Python AZURECLI/2.0.62
      accept-language:
      - en-US
    method: GET
    uri: https://management.azure.com/subscriptions/00000000-0000-0000-0000-000000000000/resourceGroups/cli_test_ag_address_pool000001/providers/Microsoft.Network/applicationGateways/ag1?api-version=2019-02-01
  response:
    body:
      string: "{\r\n  \"name\": \"ag1\",\r\n  \"id\": \"/subscriptions/00000000-0000-0000-0000-000000000000/resourceGroups/cli_test_ag_address_pool000001/providers/Microsoft.Network/applicationGateways/ag1\",\r\n
        \ \"etag\": \"W/\\\"ca30aa37-b318-4b03-bfc1-667f2ade1959\\\"\",\r\n  \"type\":
        \"Microsoft.Network/applicationGateways\",\r\n  \"location\": \"westus\",\r\n
        \ \"tags\": {},\r\n  \"properties\": {\r\n    \"provisioningState\": \"Updating\",\r\n
        \   \"resourceGuid\": \"231af23e-b71a-4701-882b-6ec0e0571d7e\",\r\n    \"sku\":
        {\r\n      \"name\": \"Standard_Medium\",\r\n      \"tier\": \"Standard\",\r\n
        \     \"capacity\": 2\r\n    },\r\n    \"operationalState\": \"Stopped\",\r\n
        \   \"gatewayIPConfigurations\": [\r\n      {\r\n        \"name\": \"appGatewayFrontendIP\",\r\n
        \       \"id\": \"/subscriptions/00000000-0000-0000-0000-000000000000/resourceGroups/cli_test_ag_address_pool000001/providers/Microsoft.Network/applicationGateways/ag1/gatewayIPConfigurations/appGatewayFrontendIP\",\r\n
        \       \"etag\": \"W/\\\"ca30aa37-b318-4b03-bfc1-667f2ade1959\\\"\",\r\n
        \       \"properties\": {\r\n          \"provisioningState\": \"Updating\",\r\n
        \         \"subnet\": {\r\n            \"id\": \"/subscriptions/00000000-0000-0000-0000-000000000000/resourceGroups/cli_test_ag_address_pool000001/providers/Microsoft.Network/virtualNetworks/ag1Vnet/subnets/default\"\r\n
        \         }\r\n        },\r\n        \"type\": \"Microsoft.Network/applicationGateways/gatewayIPConfigurations\"\r\n
        \     }\r\n    ],\r\n    \"sslCertificates\": [],\r\n    \"authenticationCertificates\":
        [],\r\n    \"frontendIPConfigurations\": [\r\n      {\r\n        \"name\":
        \"appGatewayFrontendIP\",\r\n        \"id\": \"/subscriptions/00000000-0000-0000-0000-000000000000/resourceGroups/cli_test_ag_address_pool000001/providers/Microsoft.Network/applicationGateways/ag1/frontendIPConfigurations/appGatewayFrontendIP\",\r\n
        \       \"etag\": \"W/\\\"ca30aa37-b318-4b03-bfc1-667f2ade1959\\\"\",\r\n
        \       \"type\": \"Microsoft.Network/applicationGateways/frontendIPConfigurations\",\r\n
        \       \"properties\": {\r\n          \"provisioningState\": \"Updating\",\r\n
        \         \"privateIPAllocationMethod\": \"Dynamic\",\r\n          \"subnet\":
        {\r\n            \"id\": \"/subscriptions/00000000-0000-0000-0000-000000000000/resourceGroups/cli_test_ag_address_pool000001/providers/Microsoft.Network/virtualNetworks/ag1Vnet/subnets/default\"\r\n
        \         },\r\n          \"httpListeners\": [\r\n            {\r\n              \"id\":
        \"/subscriptions/00000000-0000-0000-0000-000000000000/resourceGroups/cli_test_ag_address_pool000001/providers/Microsoft.Network/applicationGateways/ag1/httpListeners/appGatewayHttpListener\"\r\n
        \           }\r\n          ]\r\n        }\r\n      }\r\n    ],\r\n    \"frontendPorts\":
        [\r\n      {\r\n        \"name\": \"appGatewayFrontendPort\",\r\n        \"id\":
        \"/subscriptions/00000000-0000-0000-0000-000000000000/resourceGroups/cli_test_ag_address_pool000001/providers/Microsoft.Network/applicationGateways/ag1/frontendPorts/appGatewayFrontendPort\",\r\n
        \       \"etag\": \"W/\\\"ca30aa37-b318-4b03-bfc1-667f2ade1959\\\"\",\r\n
        \       \"properties\": {\r\n          \"provisioningState\": \"Updating\",\r\n
        \         \"port\": 80,\r\n          \"httpListeners\": [\r\n            {\r\n
        \             \"id\": \"/subscriptions/00000000-0000-0000-0000-000000000000/resourceGroups/cli_test_ag_address_pool000001/providers/Microsoft.Network/applicationGateways/ag1/httpListeners/appGatewayHttpListener\"\r\n
        \           }\r\n          ]\r\n        },\r\n        \"type\": \"Microsoft.Network/applicationGateways/frontendPorts\"\r\n
        \     }\r\n    ],\r\n    \"backendAddressPools\": [\r\n      {\r\n        \"name\":
        \"appGatewayBackendPool\",\r\n        \"id\": \"/subscriptions/00000000-0000-0000-0000-000000000000/resourceGroups/cli_test_ag_address_pool000001/providers/Microsoft.Network/applicationGateways/ag1/backendAddressPools/appGatewayBackendPool\",\r\n
        \       \"etag\": \"W/\\\"ca30aa37-b318-4b03-bfc1-667f2ade1959\\\"\",\r\n
        \       \"properties\": {\r\n          \"provisioningState\": \"Updating\",\r\n
        \         \"backendAddresses\": [],\r\n          \"requestRoutingRules\":
        [\r\n            {\r\n              \"id\": \"/subscriptions/00000000-0000-0000-0000-000000000000/resourceGroups/cli_test_ag_address_pool000001/providers/Microsoft.Network/applicationGateways/ag1/requestRoutingRules/rule1\"\r\n
        \           }\r\n          ]\r\n        },\r\n        \"type\": \"Microsoft.Network/applicationGateways/backendAddressPools\"\r\n
        \     },\r\n      {\r\n        \"name\": \"pool1\",\r\n        \"id\": \"/subscriptions/00000000-0000-0000-0000-000000000000/resourceGroups/cli_test_ag_address_pool000001/providers/Microsoft.Network/applicationGateways/ag1/backendAddressPools/pool1\",\r\n
        \       \"etag\": \"W/\\\"ca30aa37-b318-4b03-bfc1-667f2ade1959\\\"\",\r\n
        \       \"properties\": {\r\n          \"provisioningState\": \"Updating\",\r\n
        \         \"backendAddresses\": [\r\n            {\r\n              \"ipAddress\":
        \"5.4.3.2\"\r\n            }\r\n          ]\r\n        },\r\n        \"type\":
        \"Microsoft.Network/applicationGateways/backendAddressPools\"\r\n      }\r\n
        \   ],\r\n    \"backendHttpSettingsCollection\": [\r\n      {\r\n        \"name\":
        \"appGatewayBackendHttpSettings\",\r\n        \"id\": \"/subscriptions/00000000-0000-0000-0000-000000000000/resourceGroups/cli_test_ag_address_pool000001/providers/Microsoft.Network/applicationGateways/ag1/backendHttpSettingsCollection/appGatewayBackendHttpSettings\",\r\n
        \       \"etag\": \"W/\\\"ca30aa37-b318-4b03-bfc1-667f2ade1959\\\"\",\r\n
        \       \"properties\": {\r\n          \"provisioningState\": \"Updating\",\r\n
        \         \"port\": 80,\r\n          \"protocol\": \"Http\",\r\n          \"cookieBasedAffinity\":
        \"Disabled\",\r\n          \"connectionDraining\": {\r\n            \"enabled\":
        false,\r\n            \"drainTimeoutInSec\": 1\r\n          },\r\n          \"pickHostNameFromBackendAddress\":
        false,\r\n          \"requestTimeout\": 30,\r\n          \"requestRoutingRules\":
        [\r\n            {\r\n              \"id\": \"/subscriptions/00000000-0000-0000-0000-000000000000/resourceGroups/cli_test_ag_address_pool000001/providers/Microsoft.Network/applicationGateways/ag1/requestRoutingRules/rule1\"\r\n
        \           }\r\n          ]\r\n        },\r\n        \"type\": \"Microsoft.Network/applicationGateways/backendHttpSettingsCollection\"\r\n
        \     }\r\n    ],\r\n    \"httpListeners\": [\r\n      {\r\n        \"name\":
        \"appGatewayHttpListener\",\r\n        \"id\": \"/subscriptions/00000000-0000-0000-0000-000000000000/resourceGroups/cli_test_ag_address_pool000001/providers/Microsoft.Network/applicationGateways/ag1/httpListeners/appGatewayHttpListener\",\r\n
        \       \"etag\": \"W/\\\"ca30aa37-b318-4b03-bfc1-667f2ade1959\\\"\",\r\n
        \       \"properties\": {\r\n          \"provisioningState\": \"Updating\",\r\n
        \         \"frontendIPConfiguration\": {\r\n            \"id\": \"/subscriptions/00000000-0000-0000-0000-000000000000/resourceGroups/cli_test_ag_address_pool000001/providers/Microsoft.Network/applicationGateways/ag1/frontendIPConfigurations/appGatewayFrontendIP\"\r\n
        \         },\r\n          \"frontendPort\": {\r\n            \"id\": \"/subscriptions/00000000-0000-0000-0000-000000000000/resourceGroups/cli_test_ag_address_pool000001/providers/Microsoft.Network/applicationGateways/ag1/frontendPorts/appGatewayFrontendPort\"\r\n
        \         },\r\n          \"protocol\": \"Http\",\r\n          \"requireServerNameIndication\":
        false,\r\n          \"requestRoutingRules\": [\r\n            {\r\n              \"id\":
        \"/subscriptions/00000000-0000-0000-0000-000000000000/resourceGroups/cli_test_ag_address_pool000001/providers/Microsoft.Network/applicationGateways/ag1/requestRoutingRules/rule1\"\r\n
        \           }\r\n          ]\r\n        },\r\n        \"type\": \"Microsoft.Network/applicationGateways/httpListeners\"\r\n
        \     }\r\n    ],\r\n    \"urlPathMaps\": [],\r\n    \"requestRoutingRules\":
        [\r\n      {\r\n        \"name\": \"rule1\",\r\n        \"id\": \"/subscriptions/00000000-0000-0000-0000-000000000000/resourceGroups/cli_test_ag_address_pool000001/providers/Microsoft.Network/applicationGateways/ag1/requestRoutingRules/rule1\",\r\n
        \       \"etag\": \"W/\\\"ca30aa37-b318-4b03-bfc1-667f2ade1959\\\"\",\r\n
        \       \"properties\": {\r\n          \"provisioningState\": \"Updating\",\r\n
        \         \"ruleType\": \"Basic\",\r\n          \"httpListener\": {\r\n            \"id\":
        \"/subscriptions/00000000-0000-0000-0000-000000000000/resourceGroups/cli_test_ag_address_pool000001/providers/Microsoft.Network/applicationGateways/ag1/httpListeners/appGatewayHttpListener\"\r\n
        \         },\r\n          \"backendAddressPool\": {\r\n            \"id\":
        \"/subscriptions/00000000-0000-0000-0000-000000000000/resourceGroups/cli_test_ag_address_pool000001/providers/Microsoft.Network/applicationGateways/ag1/backendAddressPools/appGatewayBackendPool\"\r\n
        \         },\r\n          \"backendHttpSettings\": {\r\n            \"id\":
        \"/subscriptions/00000000-0000-0000-0000-000000000000/resourceGroups/cli_test_ag_address_pool000001/providers/Microsoft.Network/applicationGateways/ag1/backendHttpSettingsCollection/appGatewayBackendHttpSettings\"\r\n
        \         }\r\n        },\r\n        \"type\": \"Microsoft.Network/applicationGateways/requestRoutingRules\"\r\n
        \     }\r\n    ],\r\n    \"probes\": [],\r\n    \"rewriteRuleSets\": [],\r\n
        \   \"redirectConfigurations\": []\r\n  }\r\n}"
    headers:
      cache-control:
      - no-cache
      content-length:
      - '9679'
      content-type:
      - application/json; charset=utf-8
      date:
      - Fri, 19 Apr 2019 22:10:23 GMT
      etag:
      - W/"ca30aa37-b318-4b03-bfc1-667f2ade1959"
      expires:
      - '-1'
      pragma:
      - no-cache
      server:
      - Microsoft-HTTPAPI/2.0
      - Microsoft-HTTPAPI/2.0
      strict-transport-security:
      - max-age=31536000; includeSubDomains
      transfer-encoding:
      - chunked
      vary:
      - Accept-Encoding
      x-content-type-options:
      - nosniff
    status:
      code: 200
      message: OK
- request:
    body: null
    headers:
      Accept:
      - application/json
      Accept-Encoding:
      - gzip, deflate
      CommandName:
      - network application-gateway address-pool list
      Connection:
      - keep-alive
      ParameterSetName:
      - -g --gateway-name
      User-Agent:
      - python/3.7.3 (Windows-10-10.0.17763-SP0) msrest/0.6.6 msrest_azure/0.6.0 networkmanagementclient/2.6.0
        Azure-SDK-For-Python AZURECLI/2.0.62
      accept-language:
      - en-US
    method: GET
    uri: https://management.azure.com/subscriptions/00000000-0000-0000-0000-000000000000/resourceGroups/cli_test_ag_address_pool000001/providers/Microsoft.Network/applicationGateways/ag1?api-version=2019-02-01
  response:
    body:
      string: "{\r\n  \"name\": \"ag1\",\r\n  \"id\": \"/subscriptions/00000000-0000-0000-0000-000000000000/resourceGroups/cli_test_ag_address_pool000001/providers/Microsoft.Network/applicationGateways/ag1\",\r\n
        \ \"etag\": \"W/\\\"ca30aa37-b318-4b03-bfc1-667f2ade1959\\\"\",\r\n  \"type\":
        \"Microsoft.Network/applicationGateways\",\r\n  \"location\": \"westus\",\r\n
        \ \"tags\": {},\r\n  \"properties\": {\r\n    \"provisioningState\": \"Updating\",\r\n
        \   \"resourceGuid\": \"231af23e-b71a-4701-882b-6ec0e0571d7e\",\r\n    \"sku\":
        {\r\n      \"name\": \"Standard_Medium\",\r\n      \"tier\": \"Standard\",\r\n
        \     \"capacity\": 2\r\n    },\r\n    \"operationalState\": \"Stopped\",\r\n
        \   \"gatewayIPConfigurations\": [\r\n      {\r\n        \"name\": \"appGatewayFrontendIP\",\r\n
        \       \"id\": \"/subscriptions/00000000-0000-0000-0000-000000000000/resourceGroups/cli_test_ag_address_pool000001/providers/Microsoft.Network/applicationGateways/ag1/gatewayIPConfigurations/appGatewayFrontendIP\",\r\n
        \       \"etag\": \"W/\\\"ca30aa37-b318-4b03-bfc1-667f2ade1959\\\"\",\r\n
        \       \"properties\": {\r\n          \"provisioningState\": \"Updating\",\r\n
        \         \"subnet\": {\r\n            \"id\": \"/subscriptions/00000000-0000-0000-0000-000000000000/resourceGroups/cli_test_ag_address_pool000001/providers/Microsoft.Network/virtualNetworks/ag1Vnet/subnets/default\"\r\n
        \         }\r\n        },\r\n        \"type\": \"Microsoft.Network/applicationGateways/gatewayIPConfigurations\"\r\n
        \     }\r\n    ],\r\n    \"sslCertificates\": [],\r\n    \"authenticationCertificates\":
        [],\r\n    \"frontendIPConfigurations\": [\r\n      {\r\n        \"name\":
        \"appGatewayFrontendIP\",\r\n        \"id\": \"/subscriptions/00000000-0000-0000-0000-000000000000/resourceGroups/cli_test_ag_address_pool000001/providers/Microsoft.Network/applicationGateways/ag1/frontendIPConfigurations/appGatewayFrontendIP\",\r\n
        \       \"etag\": \"W/\\\"ca30aa37-b318-4b03-bfc1-667f2ade1959\\\"\",\r\n
        \       \"type\": \"Microsoft.Network/applicationGateways/frontendIPConfigurations\",\r\n
        \       \"properties\": {\r\n          \"provisioningState\": \"Updating\",\r\n
        \         \"privateIPAllocationMethod\": \"Dynamic\",\r\n          \"subnet\":
        {\r\n            \"id\": \"/subscriptions/00000000-0000-0000-0000-000000000000/resourceGroups/cli_test_ag_address_pool000001/providers/Microsoft.Network/virtualNetworks/ag1Vnet/subnets/default\"\r\n
        \         },\r\n          \"httpListeners\": [\r\n            {\r\n              \"id\":
        \"/subscriptions/00000000-0000-0000-0000-000000000000/resourceGroups/cli_test_ag_address_pool000001/providers/Microsoft.Network/applicationGateways/ag1/httpListeners/appGatewayHttpListener\"\r\n
        \           }\r\n          ]\r\n        }\r\n      }\r\n    ],\r\n    \"frontendPorts\":
        [\r\n      {\r\n        \"name\": \"appGatewayFrontendPort\",\r\n        \"id\":
        \"/subscriptions/00000000-0000-0000-0000-000000000000/resourceGroups/cli_test_ag_address_pool000001/providers/Microsoft.Network/applicationGateways/ag1/frontendPorts/appGatewayFrontendPort\",\r\n
        \       \"etag\": \"W/\\\"ca30aa37-b318-4b03-bfc1-667f2ade1959\\\"\",\r\n
        \       \"properties\": {\r\n          \"provisioningState\": \"Updating\",\r\n
        \         \"port\": 80,\r\n          \"httpListeners\": [\r\n            {\r\n
        \             \"id\": \"/subscriptions/00000000-0000-0000-0000-000000000000/resourceGroups/cli_test_ag_address_pool000001/providers/Microsoft.Network/applicationGateways/ag1/httpListeners/appGatewayHttpListener\"\r\n
        \           }\r\n          ]\r\n        },\r\n        \"type\": \"Microsoft.Network/applicationGateways/frontendPorts\"\r\n
        \     }\r\n    ],\r\n    \"backendAddressPools\": [\r\n      {\r\n        \"name\":
        \"appGatewayBackendPool\",\r\n        \"id\": \"/subscriptions/00000000-0000-0000-0000-000000000000/resourceGroups/cli_test_ag_address_pool000001/providers/Microsoft.Network/applicationGateways/ag1/backendAddressPools/appGatewayBackendPool\",\r\n
        \       \"etag\": \"W/\\\"ca30aa37-b318-4b03-bfc1-667f2ade1959\\\"\",\r\n
        \       \"properties\": {\r\n          \"provisioningState\": \"Updating\",\r\n
        \         \"backendAddresses\": [],\r\n          \"requestRoutingRules\":
        [\r\n            {\r\n              \"id\": \"/subscriptions/00000000-0000-0000-0000-000000000000/resourceGroups/cli_test_ag_address_pool000001/providers/Microsoft.Network/applicationGateways/ag1/requestRoutingRules/rule1\"\r\n
        \           }\r\n          ]\r\n        },\r\n        \"type\": \"Microsoft.Network/applicationGateways/backendAddressPools\"\r\n
        \     },\r\n      {\r\n        \"name\": \"pool1\",\r\n        \"id\": \"/subscriptions/00000000-0000-0000-0000-000000000000/resourceGroups/cli_test_ag_address_pool000001/providers/Microsoft.Network/applicationGateways/ag1/backendAddressPools/pool1\",\r\n
        \       \"etag\": \"W/\\\"ca30aa37-b318-4b03-bfc1-667f2ade1959\\\"\",\r\n
        \       \"properties\": {\r\n          \"provisioningState\": \"Updating\",\r\n
        \         \"backendAddresses\": [\r\n            {\r\n              \"ipAddress\":
        \"5.4.3.2\"\r\n            }\r\n          ]\r\n        },\r\n        \"type\":
        \"Microsoft.Network/applicationGateways/backendAddressPools\"\r\n      }\r\n
        \   ],\r\n    \"backendHttpSettingsCollection\": [\r\n      {\r\n        \"name\":
        \"appGatewayBackendHttpSettings\",\r\n        \"id\": \"/subscriptions/00000000-0000-0000-0000-000000000000/resourceGroups/cli_test_ag_address_pool000001/providers/Microsoft.Network/applicationGateways/ag1/backendHttpSettingsCollection/appGatewayBackendHttpSettings\",\r\n
        \       \"etag\": \"W/\\\"ca30aa37-b318-4b03-bfc1-667f2ade1959\\\"\",\r\n
        \       \"properties\": {\r\n          \"provisioningState\": \"Updating\",\r\n
        \         \"port\": 80,\r\n          \"protocol\": \"Http\",\r\n          \"cookieBasedAffinity\":
        \"Disabled\",\r\n          \"connectionDraining\": {\r\n            \"enabled\":
        false,\r\n            \"drainTimeoutInSec\": 1\r\n          },\r\n          \"pickHostNameFromBackendAddress\":
        false,\r\n          \"requestTimeout\": 30,\r\n          \"requestRoutingRules\":
        [\r\n            {\r\n              \"id\": \"/subscriptions/00000000-0000-0000-0000-000000000000/resourceGroups/cli_test_ag_address_pool000001/providers/Microsoft.Network/applicationGateways/ag1/requestRoutingRules/rule1\"\r\n
        \           }\r\n          ]\r\n        },\r\n        \"type\": \"Microsoft.Network/applicationGateways/backendHttpSettingsCollection\"\r\n
        \     }\r\n    ],\r\n    \"httpListeners\": [\r\n      {\r\n        \"name\":
        \"appGatewayHttpListener\",\r\n        \"id\": \"/subscriptions/00000000-0000-0000-0000-000000000000/resourceGroups/cli_test_ag_address_pool000001/providers/Microsoft.Network/applicationGateways/ag1/httpListeners/appGatewayHttpListener\",\r\n
        \       \"etag\": \"W/\\\"ca30aa37-b318-4b03-bfc1-667f2ade1959\\\"\",\r\n
        \       \"properties\": {\r\n          \"provisioningState\": \"Updating\",\r\n
        \         \"frontendIPConfiguration\": {\r\n            \"id\": \"/subscriptions/00000000-0000-0000-0000-000000000000/resourceGroups/cli_test_ag_address_pool000001/providers/Microsoft.Network/applicationGateways/ag1/frontendIPConfigurations/appGatewayFrontendIP\"\r\n
        \         },\r\n          \"frontendPort\": {\r\n            \"id\": \"/subscriptions/00000000-0000-0000-0000-000000000000/resourceGroups/cli_test_ag_address_pool000001/providers/Microsoft.Network/applicationGateways/ag1/frontendPorts/appGatewayFrontendPort\"\r\n
        \         },\r\n          \"protocol\": \"Http\",\r\n          \"requireServerNameIndication\":
        false,\r\n          \"requestRoutingRules\": [\r\n            {\r\n              \"id\":
        \"/subscriptions/00000000-0000-0000-0000-000000000000/resourceGroups/cli_test_ag_address_pool000001/providers/Microsoft.Network/applicationGateways/ag1/requestRoutingRules/rule1\"\r\n
        \           }\r\n          ]\r\n        },\r\n        \"type\": \"Microsoft.Network/applicationGateways/httpListeners\"\r\n
        \     }\r\n    ],\r\n    \"urlPathMaps\": [],\r\n    \"requestRoutingRules\":
        [\r\n      {\r\n        \"name\": \"rule1\",\r\n        \"id\": \"/subscriptions/00000000-0000-0000-0000-000000000000/resourceGroups/cli_test_ag_address_pool000001/providers/Microsoft.Network/applicationGateways/ag1/requestRoutingRules/rule1\",\r\n
        \       \"etag\": \"W/\\\"ca30aa37-b318-4b03-bfc1-667f2ade1959\\\"\",\r\n
        \       \"properties\": {\r\n          \"provisioningState\": \"Updating\",\r\n
        \         \"ruleType\": \"Basic\",\r\n          \"httpListener\": {\r\n            \"id\":
        \"/subscriptions/00000000-0000-0000-0000-000000000000/resourceGroups/cli_test_ag_address_pool000001/providers/Microsoft.Network/applicationGateways/ag1/httpListeners/appGatewayHttpListener\"\r\n
        \         },\r\n          \"backendAddressPool\": {\r\n            \"id\":
        \"/subscriptions/00000000-0000-0000-0000-000000000000/resourceGroups/cli_test_ag_address_pool000001/providers/Microsoft.Network/applicationGateways/ag1/backendAddressPools/appGatewayBackendPool\"\r\n
        \         },\r\n          \"backendHttpSettings\": {\r\n            \"id\":
        \"/subscriptions/00000000-0000-0000-0000-000000000000/resourceGroups/cli_test_ag_address_pool000001/providers/Microsoft.Network/applicationGateways/ag1/backendHttpSettingsCollection/appGatewayBackendHttpSettings\"\r\n
        \         }\r\n        },\r\n        \"type\": \"Microsoft.Network/applicationGateways/requestRoutingRules\"\r\n
        \     }\r\n    ],\r\n    \"probes\": [],\r\n    \"rewriteRuleSets\": [],\r\n
        \   \"redirectConfigurations\": []\r\n  }\r\n}"
    headers:
      cache-control:
      - no-cache
      content-length:
      - '9679'
      content-type:
      - application/json; charset=utf-8
      date:
      - Fri, 19 Apr 2019 22:10:24 GMT
      etag:
      - W/"ca30aa37-b318-4b03-bfc1-667f2ade1959"
      expires:
      - '-1'
      pragma:
      - no-cache
      server:
      - Microsoft-HTTPAPI/2.0
      - Microsoft-HTTPAPI/2.0
      strict-transport-security:
      - max-age=31536000; includeSubDomains
      transfer-encoding:
      - chunked
      vary:
      - Accept-Encoding
      x-content-type-options:
      - nosniff
    status:
      code: 200
      message: OK
- request:
    body: null
    headers:
      Accept:
      - application/json
      Accept-Encoding:
      - gzip, deflate
      CommandName:
      - network application-gateway address-pool delete
      Connection:
      - keep-alive
      ParameterSetName:
      - -g --gateway-name --no-wait -n
      User-Agent:
      - python/3.7.3 (Windows-10-10.0.17763-SP0) msrest/0.6.6 msrest_azure/0.6.0 networkmanagementclient/2.6.0
        Azure-SDK-For-Python AZURECLI/2.0.62
      accept-language:
      - en-US
    method: GET
    uri: https://management.azure.com/subscriptions/00000000-0000-0000-0000-000000000000/resourceGroups/cli_test_ag_address_pool000001/providers/Microsoft.Network/applicationGateways/ag1?api-version=2019-02-01
  response:
    body:
      string: "{\r\n  \"name\": \"ag1\",\r\n  \"id\": \"/subscriptions/00000000-0000-0000-0000-000000000000/resourceGroups/cli_test_ag_address_pool000001/providers/Microsoft.Network/applicationGateways/ag1\",\r\n
        \ \"etag\": \"W/\\\"ca30aa37-b318-4b03-bfc1-667f2ade1959\\\"\",\r\n  \"type\":
        \"Microsoft.Network/applicationGateways\",\r\n  \"location\": \"westus\",\r\n
        \ \"tags\": {},\r\n  \"properties\": {\r\n    \"provisioningState\": \"Updating\",\r\n
        \   \"resourceGuid\": \"231af23e-b71a-4701-882b-6ec0e0571d7e\",\r\n    \"sku\":
        {\r\n      \"name\": \"Standard_Medium\",\r\n      \"tier\": \"Standard\",\r\n
        \     \"capacity\": 2\r\n    },\r\n    \"operationalState\": \"Stopped\",\r\n
        \   \"gatewayIPConfigurations\": [\r\n      {\r\n        \"name\": \"appGatewayFrontendIP\",\r\n
        \       \"id\": \"/subscriptions/00000000-0000-0000-0000-000000000000/resourceGroups/cli_test_ag_address_pool000001/providers/Microsoft.Network/applicationGateways/ag1/gatewayIPConfigurations/appGatewayFrontendIP\",\r\n
        \       \"etag\": \"W/\\\"ca30aa37-b318-4b03-bfc1-667f2ade1959\\\"\",\r\n
        \       \"properties\": {\r\n          \"provisioningState\": \"Updating\",\r\n
        \         \"subnet\": {\r\n            \"id\": \"/subscriptions/00000000-0000-0000-0000-000000000000/resourceGroups/cli_test_ag_address_pool000001/providers/Microsoft.Network/virtualNetworks/ag1Vnet/subnets/default\"\r\n
        \         }\r\n        },\r\n        \"type\": \"Microsoft.Network/applicationGateways/gatewayIPConfigurations\"\r\n
        \     }\r\n    ],\r\n    \"sslCertificates\": [],\r\n    \"authenticationCertificates\":
        [],\r\n    \"frontendIPConfigurations\": [\r\n      {\r\n        \"name\":
        \"appGatewayFrontendIP\",\r\n        \"id\": \"/subscriptions/00000000-0000-0000-0000-000000000000/resourceGroups/cli_test_ag_address_pool000001/providers/Microsoft.Network/applicationGateways/ag1/frontendIPConfigurations/appGatewayFrontendIP\",\r\n
        \       \"etag\": \"W/\\\"ca30aa37-b318-4b03-bfc1-667f2ade1959\\\"\",\r\n
        \       \"type\": \"Microsoft.Network/applicationGateways/frontendIPConfigurations\",\r\n
        \       \"properties\": {\r\n          \"provisioningState\": \"Updating\",\r\n
        \         \"privateIPAllocationMethod\": \"Dynamic\",\r\n          \"subnet\":
        {\r\n            \"id\": \"/subscriptions/00000000-0000-0000-0000-000000000000/resourceGroups/cli_test_ag_address_pool000001/providers/Microsoft.Network/virtualNetworks/ag1Vnet/subnets/default\"\r\n
        \         },\r\n          \"httpListeners\": [\r\n            {\r\n              \"id\":
        \"/subscriptions/00000000-0000-0000-0000-000000000000/resourceGroups/cli_test_ag_address_pool000001/providers/Microsoft.Network/applicationGateways/ag1/httpListeners/appGatewayHttpListener\"\r\n
        \           }\r\n          ]\r\n        }\r\n      }\r\n    ],\r\n    \"frontendPorts\":
        [\r\n      {\r\n        \"name\": \"appGatewayFrontendPort\",\r\n        \"id\":
        \"/subscriptions/00000000-0000-0000-0000-000000000000/resourceGroups/cli_test_ag_address_pool000001/providers/Microsoft.Network/applicationGateways/ag1/frontendPorts/appGatewayFrontendPort\",\r\n
        \       \"etag\": \"W/\\\"ca30aa37-b318-4b03-bfc1-667f2ade1959\\\"\",\r\n
        \       \"properties\": {\r\n          \"provisioningState\": \"Updating\",\r\n
        \         \"port\": 80,\r\n          \"httpListeners\": [\r\n            {\r\n
        \             \"id\": \"/subscriptions/00000000-0000-0000-0000-000000000000/resourceGroups/cli_test_ag_address_pool000001/providers/Microsoft.Network/applicationGateways/ag1/httpListeners/appGatewayHttpListener\"\r\n
        \           }\r\n          ]\r\n        },\r\n        \"type\": \"Microsoft.Network/applicationGateways/frontendPorts\"\r\n
        \     }\r\n    ],\r\n    \"backendAddressPools\": [\r\n      {\r\n        \"name\":
        \"appGatewayBackendPool\",\r\n        \"id\": \"/subscriptions/00000000-0000-0000-0000-000000000000/resourceGroups/cli_test_ag_address_pool000001/providers/Microsoft.Network/applicationGateways/ag1/backendAddressPools/appGatewayBackendPool\",\r\n
        \       \"etag\": \"W/\\\"ca30aa37-b318-4b03-bfc1-667f2ade1959\\\"\",\r\n
        \       \"properties\": {\r\n          \"provisioningState\": \"Updating\",\r\n
        \         \"backendAddresses\": [],\r\n          \"requestRoutingRules\":
        [\r\n            {\r\n              \"id\": \"/subscriptions/00000000-0000-0000-0000-000000000000/resourceGroups/cli_test_ag_address_pool000001/providers/Microsoft.Network/applicationGateways/ag1/requestRoutingRules/rule1\"\r\n
        \           }\r\n          ]\r\n        },\r\n        \"type\": \"Microsoft.Network/applicationGateways/backendAddressPools\"\r\n
        \     },\r\n      {\r\n        \"name\": \"pool1\",\r\n        \"id\": \"/subscriptions/00000000-0000-0000-0000-000000000000/resourceGroups/cli_test_ag_address_pool000001/providers/Microsoft.Network/applicationGateways/ag1/backendAddressPools/pool1\",\r\n
        \       \"etag\": \"W/\\\"ca30aa37-b318-4b03-bfc1-667f2ade1959\\\"\",\r\n
        \       \"properties\": {\r\n          \"provisioningState\": \"Updating\",\r\n
        \         \"backendAddresses\": [\r\n            {\r\n              \"ipAddress\":
        \"5.4.3.2\"\r\n            }\r\n          ]\r\n        },\r\n        \"type\":
        \"Microsoft.Network/applicationGateways/backendAddressPools\"\r\n      }\r\n
        \   ],\r\n    \"backendHttpSettingsCollection\": [\r\n      {\r\n        \"name\":
        \"appGatewayBackendHttpSettings\",\r\n        \"id\": \"/subscriptions/00000000-0000-0000-0000-000000000000/resourceGroups/cli_test_ag_address_pool000001/providers/Microsoft.Network/applicationGateways/ag1/backendHttpSettingsCollection/appGatewayBackendHttpSettings\",\r\n
        \       \"etag\": \"W/\\\"ca30aa37-b318-4b03-bfc1-667f2ade1959\\\"\",\r\n
        \       \"properties\": {\r\n          \"provisioningState\": \"Updating\",\r\n
        \         \"port\": 80,\r\n          \"protocol\": \"Http\",\r\n          \"cookieBasedAffinity\":
        \"Disabled\",\r\n          \"connectionDraining\": {\r\n            \"enabled\":
        false,\r\n            \"drainTimeoutInSec\": 1\r\n          },\r\n          \"pickHostNameFromBackendAddress\":
        false,\r\n          \"requestTimeout\": 30,\r\n          \"requestRoutingRules\":
        [\r\n            {\r\n              \"id\": \"/subscriptions/00000000-0000-0000-0000-000000000000/resourceGroups/cli_test_ag_address_pool000001/providers/Microsoft.Network/applicationGateways/ag1/requestRoutingRules/rule1\"\r\n
        \           }\r\n          ]\r\n        },\r\n        \"type\": \"Microsoft.Network/applicationGateways/backendHttpSettingsCollection\"\r\n
        \     }\r\n    ],\r\n    \"httpListeners\": [\r\n      {\r\n        \"name\":
        \"appGatewayHttpListener\",\r\n        \"id\": \"/subscriptions/00000000-0000-0000-0000-000000000000/resourceGroups/cli_test_ag_address_pool000001/providers/Microsoft.Network/applicationGateways/ag1/httpListeners/appGatewayHttpListener\",\r\n
        \       \"etag\": \"W/\\\"ca30aa37-b318-4b03-bfc1-667f2ade1959\\\"\",\r\n
        \       \"properties\": {\r\n          \"provisioningState\": \"Updating\",\r\n
        \         \"frontendIPConfiguration\": {\r\n            \"id\": \"/subscriptions/00000000-0000-0000-0000-000000000000/resourceGroups/cli_test_ag_address_pool000001/providers/Microsoft.Network/applicationGateways/ag1/frontendIPConfigurations/appGatewayFrontendIP\"\r\n
        \         },\r\n          \"frontendPort\": {\r\n            \"id\": \"/subscriptions/00000000-0000-0000-0000-000000000000/resourceGroups/cli_test_ag_address_pool000001/providers/Microsoft.Network/applicationGateways/ag1/frontendPorts/appGatewayFrontendPort\"\r\n
        \         },\r\n          \"protocol\": \"Http\",\r\n          \"requireServerNameIndication\":
        false,\r\n          \"requestRoutingRules\": [\r\n            {\r\n              \"id\":
        \"/subscriptions/00000000-0000-0000-0000-000000000000/resourceGroups/cli_test_ag_address_pool000001/providers/Microsoft.Network/applicationGateways/ag1/requestRoutingRules/rule1\"\r\n
        \           }\r\n          ]\r\n        },\r\n        \"type\": \"Microsoft.Network/applicationGateways/httpListeners\"\r\n
        \     }\r\n    ],\r\n    \"urlPathMaps\": [],\r\n    \"requestRoutingRules\":
        [\r\n      {\r\n        \"name\": \"rule1\",\r\n        \"id\": \"/subscriptions/00000000-0000-0000-0000-000000000000/resourceGroups/cli_test_ag_address_pool000001/providers/Microsoft.Network/applicationGateways/ag1/requestRoutingRules/rule1\",\r\n
        \       \"etag\": \"W/\\\"ca30aa37-b318-4b03-bfc1-667f2ade1959\\\"\",\r\n
        \       \"properties\": {\r\n          \"provisioningState\": \"Updating\",\r\n
        \         \"ruleType\": \"Basic\",\r\n          \"httpListener\": {\r\n            \"id\":
        \"/subscriptions/00000000-0000-0000-0000-000000000000/resourceGroups/cli_test_ag_address_pool000001/providers/Microsoft.Network/applicationGateways/ag1/httpListeners/appGatewayHttpListener\"\r\n
        \         },\r\n          \"backendAddressPool\": {\r\n            \"id\":
        \"/subscriptions/00000000-0000-0000-0000-000000000000/resourceGroups/cli_test_ag_address_pool000001/providers/Microsoft.Network/applicationGateways/ag1/backendAddressPools/appGatewayBackendPool\"\r\n
        \         },\r\n          \"backendHttpSettings\": {\r\n            \"id\":
        \"/subscriptions/00000000-0000-0000-0000-000000000000/resourceGroups/cli_test_ag_address_pool000001/providers/Microsoft.Network/applicationGateways/ag1/backendHttpSettingsCollection/appGatewayBackendHttpSettings\"\r\n
        \         }\r\n        },\r\n        \"type\": \"Microsoft.Network/applicationGateways/requestRoutingRules\"\r\n
        \     }\r\n    ],\r\n    \"probes\": [],\r\n    \"rewriteRuleSets\": [],\r\n
        \   \"redirectConfigurations\": []\r\n  }\r\n}"
    headers:
      cache-control:
      - no-cache
      content-length:
      - '9679'
      content-type:
      - application/json; charset=utf-8
      date:
      - Fri, 19 Apr 2019 22:10:25 GMT
      etag:
      - W/"ca30aa37-b318-4b03-bfc1-667f2ade1959"
      expires:
      - '-1'
      pragma:
      - no-cache
      server:
      - Microsoft-HTTPAPI/2.0
      - Microsoft-HTTPAPI/2.0
      strict-transport-security:
      - max-age=31536000; includeSubDomains
      transfer-encoding:
      - chunked
      vary:
      - Accept-Encoding
      x-content-type-options:
      - nosniff
    status:
      code: 200
      message: OK
- request:
    body: 'b''{"id": "/subscriptions/00000000-0000-0000-0000-000000000000/resourceGroups/cli_test_ag_address_pool000001/providers/Microsoft.Network/applicationGateways/ag1",
      "location": "westus", "tags": {}, "properties": {"sku": {"name": "Standard_Medium",
      "tier": "Standard", "capacity": 2}, "gatewayIPConfigurations": [{"id": "/subscriptions/00000000-0000-0000-0000-000000000000/resourceGroups/cli_test_ag_address_pool000001/providers/Microsoft.Network/applicationGateways/ag1/gatewayIPConfigurations/appGatewayFrontendIP",
      "properties": {"subnet": {"id": "/subscriptions/00000000-0000-0000-0000-000000000000/resourceGroups/cli_test_ag_address_pool000001/providers/Microsoft.Network/virtualNetworks/ag1Vnet/subnets/default"},
      "provisioningState": "Updating"}, "name": "appGatewayFrontendIP", "etag": "W/\\"ca30aa37-b318-4b03-bfc1-667f2ade1959\\"",
      "type": "Microsoft.Network/applicationGateways/gatewayIPConfigurations"}], "authenticationCertificates":
      [], "sslCertificates": [], "frontendIPConfigurations": [{"id": "/subscriptions/00000000-0000-0000-0000-000000000000/resourceGroups/cli_test_ag_address_pool000001/providers/Microsoft.Network/applicationGateways/ag1/frontendIPConfigurations/appGatewayFrontendIP",
      "properties": {"privateIPAllocationMethod": "Dynamic", "subnet": {"id": "/subscriptions/00000000-0000-0000-0000-000000000000/resourceGroups/cli_test_ag_address_pool000001/providers/Microsoft.Network/virtualNetworks/ag1Vnet/subnets/default"},
      "provisioningState": "Updating"}, "name": "appGatewayFrontendIP", "etag": "W/\\"ca30aa37-b318-4b03-bfc1-667f2ade1959\\"",
      "type": "Microsoft.Network/applicationGateways/frontendIPConfigurations"}],
      "frontendPorts": [{"id": "/subscriptions/00000000-0000-0000-0000-000000000000/resourceGroups/cli_test_ag_address_pool000001/providers/Microsoft.Network/applicationGateways/ag1/frontendPorts/appGatewayFrontendPort",
      "properties": {"port": 80, "provisioningState": "Updating"}, "name": "appGatewayFrontendPort",
      "etag": "W/\\"ca30aa37-b318-4b03-bfc1-667f2ade1959\\"", "type": "Microsoft.Network/applicationGateways/frontendPorts"}],
      "probes": [], "backendAddressPools": [{"id": "/subscriptions/00000000-0000-0000-0000-000000000000/resourceGroups/cli_test_ag_address_pool000001/providers/Microsoft.Network/applicationGateways/ag1/backendAddressPools/appGatewayBackendPool",
      "properties": {"backendAddresses": [], "provisioningState": "Updating"}, "name":
      "appGatewayBackendPool", "etag": "W/\\"ca30aa37-b318-4b03-bfc1-667f2ade1959\\"",
      "type": "Microsoft.Network/applicationGateways/backendAddressPools"}], "backendHttpSettingsCollection":
      [{"id": "/subscriptions/00000000-0000-0000-0000-000000000000/resourceGroups/cli_test_ag_address_pool000001/providers/Microsoft.Network/applicationGateways/ag1/backendHttpSettingsCollection/appGatewayBackendHttpSettings",
      "properties": {"port": 80, "protocol": "Http", "cookieBasedAffinity": "Disabled",
      "requestTimeout": 30, "connectionDraining": {"enabled": false, "drainTimeoutInSec":
      1}, "pickHostNameFromBackendAddress": false, "provisioningState": "Updating"},
      "name": "appGatewayBackendHttpSettings", "etag": "W/\\"ca30aa37-b318-4b03-bfc1-667f2ade1959\\"",
      "type": "Microsoft.Network/applicationGateways/backendHttpSettingsCollection"}],
      "httpListeners": [{"id": "/subscriptions/00000000-0000-0000-0000-000000000000/resourceGroups/cli_test_ag_address_pool000001/providers/Microsoft.Network/applicationGateways/ag1/httpListeners/appGatewayHttpListener",
      "properties": {"frontendIPConfiguration": {"id": "/subscriptions/00000000-0000-0000-0000-000000000000/resourceGroups/cli_test_ag_address_pool000001/providers/Microsoft.Network/applicationGateways/ag1/frontendIPConfigurations/appGatewayFrontendIP"},
      "frontendPort": {"id": "/subscriptions/00000000-0000-0000-0000-000000000000/resourceGroups/cli_test_ag_address_pool000001/providers/Microsoft.Network/applicationGateways/ag1/frontendPorts/appGatewayFrontendPort"},
      "protocol": "Http", "requireServerNameIndication": false, "provisioningState":
      "Updating"}, "name": "appGatewayHttpListener", "etag": "W/\\"ca30aa37-b318-4b03-bfc1-667f2ade1959\\"",
      "type": "Microsoft.Network/applicationGateways/httpListeners"}], "urlPathMaps":
      [], "requestRoutingRules": [{"id": "/subscriptions/00000000-0000-0000-0000-000000000000/resourceGroups/cli_test_ag_address_pool000001/providers/Microsoft.Network/applicationGateways/ag1/requestRoutingRules/rule1",
      "properties": {"ruleType": "Basic", "backendAddressPool": {"id": "/subscriptions/00000000-0000-0000-0000-000000000000/resourceGroups/cli_test_ag_address_pool000001/providers/Microsoft.Network/applicationGateways/ag1/backendAddressPools/appGatewayBackendPool"},
      "backendHttpSettings": {"id": "/subscriptions/00000000-0000-0000-0000-000000000000/resourceGroups/cli_test_ag_address_pool000001/providers/Microsoft.Network/applicationGateways/ag1/backendHttpSettingsCollection/appGatewayBackendHttpSettings"},
      "httpListener": {"id": "/subscriptions/00000000-0000-0000-0000-000000000000/resourceGroups/cli_test_ag_address_pool000001/providers/Microsoft.Network/applicationGateways/ag1/httpListeners/appGatewayHttpListener"},
      "provisioningState": "Updating"}, "name": "rule1", "etag": "W/\\"ca30aa37-b318-4b03-bfc1-667f2ade1959\\"",
      "type": "Microsoft.Network/applicationGateways/requestRoutingRules"}], "rewriteRuleSets":
      [], "redirectConfigurations": [], "resourceGuid": "231af23e-b71a-4701-882b-6ec0e0571d7e",
      "provisioningState": "Updating"}, "etag": "W/\\"ca30aa37-b318-4b03-bfc1-667f2ade1959\\""}'''
    headers:
      Accept:
      - application/json
      Accept-Encoding:
      - gzip, deflate
      CommandName:
      - network application-gateway address-pool delete
      Connection:
      - keep-alive
      Content-Length:
      - '6133'
      Content-Type:
      - application/json; charset=utf-8
      ParameterSetName:
      - -g --gateway-name --no-wait -n
      User-Agent:
      - python/3.7.3 (Windows-10-10.0.17763-SP0) msrest/0.6.6 msrest_azure/0.6.0 networkmanagementclient/2.6.0
        Azure-SDK-For-Python AZURECLI/2.0.62
      accept-language:
      - en-US
    method: PUT
    uri: https://management.azure.com/subscriptions/00000000-0000-0000-0000-000000000000/resourceGroups/cli_test_ag_address_pool000001/providers/Microsoft.Network/applicationGateways/ag1?api-version=2019-02-01
  response:
    body:
      string: "{\r\n  \"name\": \"ag1\",\r\n  \"id\": \"/subscriptions/00000000-0000-0000-0000-000000000000/resourceGroups/cli_test_ag_address_pool000001/providers/Microsoft.Network/applicationGateways/ag1\",\r\n
        \ \"etag\": \"W/\\\"9041bfe3-ef4e-4a3b-ac4f-bf9911920728\\\"\",\r\n  \"type\":
        \"Microsoft.Network/applicationGateways\",\r\n  \"location\": \"westus\",\r\n
        \ \"tags\": {},\r\n  \"properties\": {\r\n    \"provisioningState\": \"Updating\",\r\n
        \   \"resourceGuid\": \"231af23e-b71a-4701-882b-6ec0e0571d7e\",\r\n    \"sku\":
        {\r\n      \"name\": \"Standard_Medium\",\r\n      \"tier\": \"Standard\",\r\n
        \     \"capacity\": 2\r\n    },\r\n    \"operationalState\": \"Stopped\",\r\n
        \   \"gatewayIPConfigurations\": [\r\n      {\r\n        \"name\": \"appGatewayFrontendIP\",\r\n
        \       \"id\": \"/subscriptions/00000000-0000-0000-0000-000000000000/resourceGroups/cli_test_ag_address_pool000001/providers/Microsoft.Network/applicationGateways/ag1/gatewayIPConfigurations/appGatewayFrontendIP\",\r\n
        \       \"etag\": \"W/\\\"9041bfe3-ef4e-4a3b-ac4f-bf9911920728\\\"\",\r\n
        \       \"properties\": {\r\n          \"provisioningState\": \"Updating\",\r\n
        \         \"subnet\": {\r\n            \"id\": \"/subscriptions/00000000-0000-0000-0000-000000000000/resourceGroups/cli_test_ag_address_pool000001/providers/Microsoft.Network/virtualNetworks/ag1Vnet/subnets/default\"\r\n
        \         }\r\n        },\r\n        \"type\": \"Microsoft.Network/applicationGateways/gatewayIPConfigurations\"\r\n
        \     }\r\n    ],\r\n    \"sslCertificates\": [],\r\n    \"authenticationCertificates\":
        [],\r\n    \"frontendIPConfigurations\": [\r\n      {\r\n        \"name\":
        \"appGatewayFrontendIP\",\r\n        \"id\": \"/subscriptions/00000000-0000-0000-0000-000000000000/resourceGroups/cli_test_ag_address_pool000001/providers/Microsoft.Network/applicationGateways/ag1/frontendIPConfigurations/appGatewayFrontendIP\",\r\n
        \       \"etag\": \"W/\\\"9041bfe3-ef4e-4a3b-ac4f-bf9911920728\\\"\",\r\n
        \       \"type\": \"Microsoft.Network/applicationGateways/frontendIPConfigurations\",\r\n
        \       \"properties\": {\r\n          \"provisioningState\": \"Updating\",\r\n
        \         \"privateIPAllocationMethod\": \"Dynamic\",\r\n          \"subnet\":
        {\r\n            \"id\": \"/subscriptions/00000000-0000-0000-0000-000000000000/resourceGroups/cli_test_ag_address_pool000001/providers/Microsoft.Network/virtualNetworks/ag1Vnet/subnets/default\"\r\n
        \         },\r\n          \"httpListeners\": [\r\n            {\r\n              \"id\":
        \"/subscriptions/00000000-0000-0000-0000-000000000000/resourceGroups/cli_test_ag_address_pool000001/providers/Microsoft.Network/applicationGateways/ag1/httpListeners/appGatewayHttpListener\"\r\n
        \           }\r\n          ]\r\n        }\r\n      }\r\n    ],\r\n    \"frontendPorts\":
        [\r\n      {\r\n        \"name\": \"appGatewayFrontendPort\",\r\n        \"id\":
        \"/subscriptions/00000000-0000-0000-0000-000000000000/resourceGroups/cli_test_ag_address_pool000001/providers/Microsoft.Network/applicationGateways/ag1/frontendPorts/appGatewayFrontendPort\",\r\n
        \       \"etag\": \"W/\\\"9041bfe3-ef4e-4a3b-ac4f-bf9911920728\\\"\",\r\n
        \       \"properties\": {\r\n          \"provisioningState\": \"Updating\",\r\n
        \         \"port\": 80,\r\n          \"httpListeners\": [\r\n            {\r\n
        \             \"id\": \"/subscriptions/00000000-0000-0000-0000-000000000000/resourceGroups/cli_test_ag_address_pool000001/providers/Microsoft.Network/applicationGateways/ag1/httpListeners/appGatewayHttpListener\"\r\n
        \           }\r\n          ]\r\n        },\r\n        \"type\": \"Microsoft.Network/applicationGateways/frontendPorts\"\r\n
        \     }\r\n    ],\r\n    \"backendAddressPools\": [\r\n      {\r\n        \"name\":
        \"appGatewayBackendPool\",\r\n        \"id\": \"/subscriptions/00000000-0000-0000-0000-000000000000/resourceGroups/cli_test_ag_address_pool000001/providers/Microsoft.Network/applicationGateways/ag1/backendAddressPools/appGatewayBackendPool\",\r\n
        \       \"etag\": \"W/\\\"9041bfe3-ef4e-4a3b-ac4f-bf9911920728\\\"\",\r\n
        \       \"properties\": {\r\n          \"provisioningState\": \"Updating\",\r\n
        \         \"backendAddresses\": [],\r\n          \"requestRoutingRules\":
        [\r\n            {\r\n              \"id\": \"/subscriptions/00000000-0000-0000-0000-000000000000/resourceGroups/cli_test_ag_address_pool000001/providers/Microsoft.Network/applicationGateways/ag1/requestRoutingRules/rule1\"\r\n
        \           }\r\n          ]\r\n        },\r\n        \"type\": \"Microsoft.Network/applicationGateways/backendAddressPools\"\r\n
        \     }\r\n    ],\r\n    \"backendHttpSettingsCollection\": [\r\n      {\r\n
        \       \"name\": \"appGatewayBackendHttpSettings\",\r\n        \"id\": \"/subscriptions/00000000-0000-0000-0000-000000000000/resourceGroups/cli_test_ag_address_pool000001/providers/Microsoft.Network/applicationGateways/ag1/backendHttpSettingsCollection/appGatewayBackendHttpSettings\",\r\n
        \       \"etag\": \"W/\\\"9041bfe3-ef4e-4a3b-ac4f-bf9911920728\\\"\",\r\n
        \       \"properties\": {\r\n          \"provisioningState\": \"Updating\",\r\n
        \         \"port\": 80,\r\n          \"protocol\": \"Http\",\r\n          \"cookieBasedAffinity\":
        \"Disabled\",\r\n          \"connectionDraining\": {\r\n            \"enabled\":
        false,\r\n            \"drainTimeoutInSec\": 1\r\n          },\r\n          \"pickHostNameFromBackendAddress\":
        false,\r\n          \"requestTimeout\": 30,\r\n          \"requestRoutingRules\":
        [\r\n            {\r\n              \"id\": \"/subscriptions/00000000-0000-0000-0000-000000000000/resourceGroups/cli_test_ag_address_pool000001/providers/Microsoft.Network/applicationGateways/ag1/requestRoutingRules/rule1\"\r\n
        \           }\r\n          ]\r\n        },\r\n        \"type\": \"Microsoft.Network/applicationGateways/backendHttpSettingsCollection\"\r\n
        \     }\r\n    ],\r\n    \"httpListeners\": [\r\n      {\r\n        \"name\":
        \"appGatewayHttpListener\",\r\n        \"id\": \"/subscriptions/00000000-0000-0000-0000-000000000000/resourceGroups/cli_test_ag_address_pool000001/providers/Microsoft.Network/applicationGateways/ag1/httpListeners/appGatewayHttpListener\",\r\n
        \       \"etag\": \"W/\\\"9041bfe3-ef4e-4a3b-ac4f-bf9911920728\\\"\",\r\n
        \       \"properties\": {\r\n          \"provisioningState\": \"Updating\",\r\n
        \         \"frontendIPConfiguration\": {\r\n            \"id\": \"/subscriptions/00000000-0000-0000-0000-000000000000/resourceGroups/cli_test_ag_address_pool000001/providers/Microsoft.Network/applicationGateways/ag1/frontendIPConfigurations/appGatewayFrontendIP\"\r\n
        \         },\r\n          \"frontendPort\": {\r\n            \"id\": \"/subscriptions/00000000-0000-0000-0000-000000000000/resourceGroups/cli_test_ag_address_pool000001/providers/Microsoft.Network/applicationGateways/ag1/frontendPorts/appGatewayFrontendPort\"\r\n
        \         },\r\n          \"protocol\": \"Http\",\r\n          \"requireServerNameIndication\":
        false,\r\n          \"requestRoutingRules\": [\r\n            {\r\n              \"id\":
        \"/subscriptions/00000000-0000-0000-0000-000000000000/resourceGroups/cli_test_ag_address_pool000001/providers/Microsoft.Network/applicationGateways/ag1/requestRoutingRules/rule1\"\r\n
        \           }\r\n          ]\r\n        },\r\n        \"type\": \"Microsoft.Network/applicationGateways/httpListeners\"\r\n
        \     }\r\n    ],\r\n    \"urlPathMaps\": [],\r\n    \"requestRoutingRules\":
        [\r\n      {\r\n        \"name\": \"rule1\",\r\n        \"id\": \"/subscriptions/00000000-0000-0000-0000-000000000000/resourceGroups/cli_test_ag_address_pool000001/providers/Microsoft.Network/applicationGateways/ag1/requestRoutingRules/rule1\",\r\n
        \       \"etag\": \"W/\\\"9041bfe3-ef4e-4a3b-ac4f-bf9911920728\\\"\",\r\n
        \       \"properties\": {\r\n          \"provisioningState\": \"Updating\",\r\n
        \         \"ruleType\": \"Basic\",\r\n          \"httpListener\": {\r\n            \"id\":
        \"/subscriptions/00000000-0000-0000-0000-000000000000/resourceGroups/cli_test_ag_address_pool000001/providers/Microsoft.Network/applicationGateways/ag1/httpListeners/appGatewayHttpListener\"\r\n
        \         },\r\n          \"backendAddressPool\": {\r\n            \"id\":
        \"/subscriptions/00000000-0000-0000-0000-000000000000/resourceGroups/cli_test_ag_address_pool000001/providers/Microsoft.Network/applicationGateways/ag1/backendAddressPools/appGatewayBackendPool\"\r\n
        \         },\r\n          \"backendHttpSettings\": {\r\n            \"id\":
        \"/subscriptions/00000000-0000-0000-0000-000000000000/resourceGroups/cli_test_ag_address_pool000001/providers/Microsoft.Network/applicationGateways/ag1/backendHttpSettingsCollection/appGatewayBackendHttpSettings\"\r\n
        \         }\r\n        },\r\n        \"type\": \"Microsoft.Network/applicationGateways/requestRoutingRules\"\r\n
        \     }\r\n    ],\r\n    \"probes\": [],\r\n    \"rewriteRuleSets\": [],\r\n
        \   \"redirectConfigurations\": []\r\n  }\r\n}"
    headers:
      azure-asyncoperation:
      - https://management.azure.com/subscriptions/00000000-0000-0000-0000-000000000000/providers/Microsoft.Network/locations/westus/operations/9a5938fd-cecb-4e39-9dd4-23f663f21bb4?api-version=2019-02-01
      cache-control:
      - no-cache
      content-length:
      - '9060'
      content-type:
      - application/json; charset=utf-8
      date:
      - Fri, 19 Apr 2019 22:10:25 GMT
      expires:
      - '-1'
      pragma:
      - no-cache
      server:
      - Microsoft-HTTPAPI/2.0
      - Microsoft-HTTPAPI/2.0
      strict-transport-security:
      - max-age=31536000; includeSubDomains
      transfer-encoding:
      - chunked
      vary:
      - Accept-Encoding
      x-content-type-options:
      - nosniff
      x-ms-ratelimit-remaining-subscription-writes:
      - '1196'
    status:
      code: 200
      message: OK
- request:
    body: null
    headers:
      Accept:
      - application/json
      Accept-Encoding:
      - gzip, deflate
      CommandName:
      - network application-gateway address-pool list
      Connection:
      - keep-alive
      ParameterSetName:
      - -g --gateway-name
      User-Agent:
      - python/3.7.3 (Windows-10-10.0.17763-SP0) msrest/0.6.6 msrest_azure/0.6.0 networkmanagementclient/2.6.0
        Azure-SDK-For-Python AZURECLI/2.0.62
      accept-language:
      - en-US
    method: GET
    uri: https://management.azure.com/subscriptions/00000000-0000-0000-0000-000000000000/resourceGroups/cli_test_ag_address_pool000001/providers/Microsoft.Network/applicationGateways/ag1?api-version=2019-02-01
  response:
    body:
      string: "{\r\n  \"name\": \"ag1\",\r\n  \"id\": \"/subscriptions/00000000-0000-0000-0000-000000000000/resourceGroups/cli_test_ag_address_pool000001/providers/Microsoft.Network/applicationGateways/ag1\",\r\n
        \ \"etag\": \"W/\\\"faeddd31-8cba-4021-a33f-2c94e9faac33\\\"\",\r\n  \"type\":
        \"Microsoft.Network/applicationGateways\",\r\n  \"location\": \"westus\",\r\n
        \ \"tags\": {},\r\n  \"properties\": {\r\n    \"provisioningState\": \"Updating\",\r\n
        \   \"resourceGuid\": \"231af23e-b71a-4701-882b-6ec0e0571d7e\",\r\n    \"sku\":
        {\r\n      \"name\": \"Standard_Medium\",\r\n      \"tier\": \"Standard\",\r\n
        \     \"capacity\": 2\r\n    },\r\n    \"operationalState\": \"Stopped\",\r\n
        \   \"gatewayIPConfigurations\": [\r\n      {\r\n        \"name\": \"appGatewayFrontendIP\",\r\n
        \       \"id\": \"/subscriptions/00000000-0000-0000-0000-000000000000/resourceGroups/cli_test_ag_address_pool000001/providers/Microsoft.Network/applicationGateways/ag1/gatewayIPConfigurations/appGatewayFrontendIP\",\r\n
        \       \"etag\": \"W/\\\"faeddd31-8cba-4021-a33f-2c94e9faac33\\\"\",\r\n
        \       \"properties\": {\r\n          \"provisioningState\": \"Updating\",\r\n
        \         \"subnet\": {\r\n            \"id\": \"/subscriptions/00000000-0000-0000-0000-000000000000/resourceGroups/cli_test_ag_address_pool000001/providers/Microsoft.Network/virtualNetworks/ag1Vnet/subnets/default\"\r\n
        \         }\r\n        },\r\n        \"type\": \"Microsoft.Network/applicationGateways/gatewayIPConfigurations\"\r\n
        \     }\r\n    ],\r\n    \"sslCertificates\": [],\r\n    \"authenticationCertificates\":
        [],\r\n    \"frontendIPConfigurations\": [\r\n      {\r\n        \"name\":
        \"appGatewayFrontendIP\",\r\n        \"id\": \"/subscriptions/00000000-0000-0000-0000-000000000000/resourceGroups/cli_test_ag_address_pool000001/providers/Microsoft.Network/applicationGateways/ag1/frontendIPConfigurations/appGatewayFrontendIP\",\r\n
        \       \"etag\": \"W/\\\"faeddd31-8cba-4021-a33f-2c94e9faac33\\\"\",\r\n
        \       \"type\": \"Microsoft.Network/applicationGateways/frontendIPConfigurations\",\r\n
        \       \"properties\": {\r\n          \"provisioningState\": \"Updating\",\r\n
        \         \"privateIPAllocationMethod\": \"Dynamic\",\r\n          \"subnet\":
        {\r\n            \"id\": \"/subscriptions/00000000-0000-0000-0000-000000000000/resourceGroups/cli_test_ag_address_pool000001/providers/Microsoft.Network/virtualNetworks/ag1Vnet/subnets/default\"\r\n
        \         },\r\n          \"httpListeners\": [\r\n            {\r\n              \"id\":
        \"/subscriptions/00000000-0000-0000-0000-000000000000/resourceGroups/cli_test_ag_address_pool000001/providers/Microsoft.Network/applicationGateways/ag1/httpListeners/appGatewayHttpListener\"\r\n
        \           }\r\n          ]\r\n        }\r\n      }\r\n    ],\r\n    \"frontendPorts\":
        [\r\n      {\r\n        \"name\": \"appGatewayFrontendPort\",\r\n        \"id\":
        \"/subscriptions/00000000-0000-0000-0000-000000000000/resourceGroups/cli_test_ag_address_pool000001/providers/Microsoft.Network/applicationGateways/ag1/frontendPorts/appGatewayFrontendPort\",\r\n
        \       \"etag\": \"W/\\\"faeddd31-8cba-4021-a33f-2c94e9faac33\\\"\",\r\n
        \       \"properties\": {\r\n          \"provisioningState\": \"Updating\",\r\n
        \         \"port\": 80,\r\n          \"httpListeners\": [\r\n            {\r\n
        \             \"id\": \"/subscriptions/00000000-0000-0000-0000-000000000000/resourceGroups/cli_test_ag_address_pool000001/providers/Microsoft.Network/applicationGateways/ag1/httpListeners/appGatewayHttpListener\"\r\n
        \           }\r\n          ]\r\n        },\r\n        \"type\": \"Microsoft.Network/applicationGateways/frontendPorts\"\r\n
        \     }\r\n    ],\r\n    \"backendAddressPools\": [\r\n      {\r\n        \"name\":
        \"appGatewayBackendPool\",\r\n        \"id\": \"/subscriptions/00000000-0000-0000-0000-000000000000/resourceGroups/cli_test_ag_address_pool000001/providers/Microsoft.Network/applicationGateways/ag1/backendAddressPools/appGatewayBackendPool\",\r\n
        \       \"etag\": \"W/\\\"faeddd31-8cba-4021-a33f-2c94e9faac33\\\"\",\r\n
        \       \"properties\": {\r\n          \"provisioningState\": \"Updating\",\r\n
        \         \"backendAddresses\": [],\r\n          \"requestRoutingRules\":
        [\r\n            {\r\n              \"id\": \"/subscriptions/00000000-0000-0000-0000-000000000000/resourceGroups/cli_test_ag_address_pool000001/providers/Microsoft.Network/applicationGateways/ag1/requestRoutingRules/rule1\"\r\n
        \           }\r\n          ]\r\n        },\r\n        \"type\": \"Microsoft.Network/applicationGateways/backendAddressPools\"\r\n
        \     }\r\n    ],\r\n    \"backendHttpSettingsCollection\": [\r\n      {\r\n
        \       \"name\": \"appGatewayBackendHttpSettings\",\r\n        \"id\": \"/subscriptions/00000000-0000-0000-0000-000000000000/resourceGroups/cli_test_ag_address_pool000001/providers/Microsoft.Network/applicationGateways/ag1/backendHttpSettingsCollection/appGatewayBackendHttpSettings\",\r\n
        \       \"etag\": \"W/\\\"faeddd31-8cba-4021-a33f-2c94e9faac33\\\"\",\r\n
        \       \"properties\": {\r\n          \"provisioningState\": \"Updating\",\r\n
        \         \"port\": 80,\r\n          \"protocol\": \"Http\",\r\n          \"cookieBasedAffinity\":
        \"Disabled\",\r\n          \"connectionDraining\": {\r\n            \"enabled\":
        false,\r\n            \"drainTimeoutInSec\": 1\r\n          },\r\n          \"pickHostNameFromBackendAddress\":
        false,\r\n          \"requestTimeout\": 30,\r\n          \"requestRoutingRules\":
        [\r\n            {\r\n              \"id\": \"/subscriptions/00000000-0000-0000-0000-000000000000/resourceGroups/cli_test_ag_address_pool000001/providers/Microsoft.Network/applicationGateways/ag1/requestRoutingRules/rule1\"\r\n
        \           }\r\n          ]\r\n        },\r\n        \"type\": \"Microsoft.Network/applicationGateways/backendHttpSettingsCollection\"\r\n
        \     }\r\n    ],\r\n    \"httpListeners\": [\r\n      {\r\n        \"name\":
        \"appGatewayHttpListener\",\r\n        \"id\": \"/subscriptions/00000000-0000-0000-0000-000000000000/resourceGroups/cli_test_ag_address_pool000001/providers/Microsoft.Network/applicationGateways/ag1/httpListeners/appGatewayHttpListener\",\r\n
        \       \"etag\": \"W/\\\"faeddd31-8cba-4021-a33f-2c94e9faac33\\\"\",\r\n
        \       \"properties\": {\r\n          \"provisioningState\": \"Updating\",\r\n
        \         \"frontendIPConfiguration\": {\r\n            \"id\": \"/subscriptions/00000000-0000-0000-0000-000000000000/resourceGroups/cli_test_ag_address_pool000001/providers/Microsoft.Network/applicationGateways/ag1/frontendIPConfigurations/appGatewayFrontendIP\"\r\n
        \         },\r\n          \"frontendPort\": {\r\n            \"id\": \"/subscriptions/00000000-0000-0000-0000-000000000000/resourceGroups/cli_test_ag_address_pool000001/providers/Microsoft.Network/applicationGateways/ag1/frontendPorts/appGatewayFrontendPort\"\r\n
        \         },\r\n          \"protocol\": \"Http\",\r\n          \"requireServerNameIndication\":
        false,\r\n          \"requestRoutingRules\": [\r\n            {\r\n              \"id\":
        \"/subscriptions/00000000-0000-0000-0000-000000000000/resourceGroups/cli_test_ag_address_pool000001/providers/Microsoft.Network/applicationGateways/ag1/requestRoutingRules/rule1\"\r\n
        \           }\r\n          ]\r\n        },\r\n        \"type\": \"Microsoft.Network/applicationGateways/httpListeners\"\r\n
        \     }\r\n    ],\r\n    \"urlPathMaps\": [],\r\n    \"requestRoutingRules\":
        [\r\n      {\r\n        \"name\": \"rule1\",\r\n        \"id\": \"/subscriptions/00000000-0000-0000-0000-000000000000/resourceGroups/cli_test_ag_address_pool000001/providers/Microsoft.Network/applicationGateways/ag1/requestRoutingRules/rule1\",\r\n
        \       \"etag\": \"W/\\\"faeddd31-8cba-4021-a33f-2c94e9faac33\\\"\",\r\n
        \       \"properties\": {\r\n          \"provisioningState\": \"Updating\",\r\n
        \         \"ruleType\": \"Basic\",\r\n          \"httpListener\": {\r\n            \"id\":
        \"/subscriptions/00000000-0000-0000-0000-000000000000/resourceGroups/cli_test_ag_address_pool000001/providers/Microsoft.Network/applicationGateways/ag1/httpListeners/appGatewayHttpListener\"\r\n
        \         },\r\n          \"backendAddressPool\": {\r\n            \"id\":
        \"/subscriptions/00000000-0000-0000-0000-000000000000/resourceGroups/cli_test_ag_address_pool000001/providers/Microsoft.Network/applicationGateways/ag1/backendAddressPools/appGatewayBackendPool\"\r\n
        \         },\r\n          \"backendHttpSettings\": {\r\n            \"id\":
        \"/subscriptions/00000000-0000-0000-0000-000000000000/resourceGroups/cli_test_ag_address_pool000001/providers/Microsoft.Network/applicationGateways/ag1/backendHttpSettingsCollection/appGatewayBackendHttpSettings\"\r\n
        \         }\r\n        },\r\n        \"type\": \"Microsoft.Network/applicationGateways/requestRoutingRules\"\r\n
        \     }\r\n    ],\r\n    \"probes\": [],\r\n    \"rewriteRuleSets\": [],\r\n
        \   \"redirectConfigurations\": []\r\n  }\r\n}"
    headers:
      cache-control:
      - no-cache
      content-length:
      - '9060'
      content-type:
      - application/json; charset=utf-8
      date:
      - Fri, 19 Apr 2019 22:10:26 GMT
      etag:
      - W/"faeddd31-8cba-4021-a33f-2c94e9faac33"
      expires:
      - '-1'
      pragma:
      - no-cache
      server:
      - Microsoft-HTTPAPI/2.0
      - Microsoft-HTTPAPI/2.0
      strict-transport-security:
      - max-age=31536000; includeSubDomains
      transfer-encoding:
      - chunked
      vary:
      - Accept-Encoding
      x-content-type-options:
      - nosniff
    status:
      code: 200
      message: OK
- request:
    body: null
    headers:
      Accept:
      - application/json
      Accept-Encoding:
      - gzip, deflate
      CommandName:
      - group delete
      Connection:
      - keep-alive
      Content-Length:
      - '0'
      ParameterSetName:
      - --name --yes --no-wait
      User-Agent:
      - python/3.7.3 (Windows-10-10.0.17763-SP0) msrest/0.6.6 msrest_azure/0.6.0 resourcemanagementclient/2.1.0
        Azure-SDK-For-Python AZURECLI/2.0.62
      accept-language:
      - en-US
    method: DELETE
    uri: https://management.azure.com/subscriptions/00000000-0000-0000-0000-000000000000/resourcegroups/cli_test_ag_address_pool000001?api-version=2018-05-01
  response:
    body:
      string: ''
    headers:
      cache-control:
      - no-cache
      content-length:
      - '0'
      date:
      - Fri, 19 Apr 2019 22:10:27 GMT
      expires:
      - '-1'
      location:
      - https://management.azure.com/subscriptions/00000000-0000-0000-0000-000000000000/operationresults/eyJqb2JJZCI6IlJFU09VUkNFR1JPVVBERUxFVElPTkpPQi1DTEk6NUZURVNUOjVGQUc6NUZBRERSRVNTOjVGUE9PTEc0QjdZUEU0SUZBVlhZNHwzNEY2MzkyQkQ1OUE0RkE3LVdFU1RVUyIsImpvYkxvY2F0aW9uIjoid2VzdHVzIn0?api-version=2018-05-01
      pragma:
      - no-cache
      strict-transport-security:
      - max-age=31536000; includeSubDomains
      x-content-type-options:
      - nosniff
      x-ms-ratelimit-remaining-subscription-deletes:
      - '14999'
    status:
      code: 202
      message: Accepted
version: 1
