interactions:
- request:
    body: '{"location": "westus", "tags": {"product": "azurecli", "cause": "automation",
      "date": "2019-05-13T20:54:29Z"}}'
    headers:
      Accept:
      - application/json
      Accept-Encoding:
      - gzip, deflate
      CommandName:
      - group create
      Connection:
      - keep-alive
      Content-Length:
      - '110'
      Content-Type:
      - application/json; charset=utf-8
      ParameterSetName:
      - --location --name --tag
      User-Agent:
      - python/3.7.2 (Darwin-18.5.0-x86_64-i386-64bit) msrest/0.6.6 msrest_azure/0.6.0
        resourcemanagementclient/2.1.0 Azure-SDK-For-Python AZURECLI/2.0.64
      accept-language:
      - en-US
    method: PUT
    uri: https://management.azure.com/subscriptions/00000000-0000-0000-0000-000000000000/resourcegroups/cli_test_dns000001?api-version=2018-05-01
  response:
    body:
      string: '{"id":"/subscriptions/00000000-0000-0000-0000-000000000000/resourceGroups/cli_test_dns000001","name":"cli_test_dns000001","location":"westus","tags":{"product":"azurecli","cause":"automation","date":"2019-05-13T20:54:29Z"},"properties":{"provisioningState":"Succeeded"}}'
    headers:
      cache-control:
      - no-cache
      content-length:
      - '384'
      content-type:
      - application/json; charset=utf-8
      date:
      - Mon, 13 May 2019 20:54:30 GMT
      expires:
      - '-1'
      pragma:
      - no-cache
      strict-transport-security:
      - max-age=31536000; includeSubDomains
      x-content-type-options:
      - nosniff
      x-ms-ratelimit-remaining-subscription-writes:
      - '1199'
    status:
      code: 201
      message: Created
- request:
    body: '{"location": "global", "properties": {"zoneType": "Public"}}'
    headers:
      Accept:
      - application/json
      Accept-Encoding:
      - gzip, deflate
      CommandName:
      - network dns zone create
      Connection:
      - keep-alive
      Content-Length:
      - '60'
      Content-Type:
      - application/json; charset=utf-8
      ParameterSetName:
      - -n -g
      User-Agent:
      - python/3.7.2 (Darwin-18.5.0-x86_64-i386-64bit) msrest/0.6.6 msrest_azure/0.6.0
        azure-mgmt-dns/2.1.0 Azure-SDK-For-Python AZURECLI/2.0.64
      accept-language:
      - en-US
    method: PUT
    uri: https://management.azure.com/subscriptions/00000000-0000-0000-0000-000000000000/resourceGroups/cli_test_dns000001/providers/Microsoft.Network/dnsZones/books.com?api-version=2018-05-01
  response:
    body:
      string: '{"id":"\/subscriptions\/c9cbd920-c00c-427c-852b-8aaf38badaeb\/resourceGroups\/cli_test_dns000001\/providers\/Microsoft.Network\/dnszones\/books.com","name":"books.com","type":"Microsoft.Network\/dnszones","etag":"00000002-0000-0000-1cb2-2d10ce09d501","location":"global","tags":{},"properties":{"maxNumberOfRecordSets":10000,"maxNumberOfRecordsPerRecordSet":null,"nameServers":["ns1-05.ppe.azure-dns.com.","ns2-05.ppe.azure-dns.net.","ns3-05.ppe.azure-dns.org.","ns4-05.ppe.azure-dns.info."],"numberOfRecordSets":2,"zoneType":"Public"}}'
    headers:
      cache-control:
      - private
      content-length:
      - '593'
      content-type:
      - application/json; charset=utf-8
      date:
      - Mon, 13 May 2019 20:54:31 GMT
      etag:
      - 00000002-0000-0000-1cb2-2d10ce09d501
      server:
      - Microsoft-IIS/10.0
      strict-transport-security:
      - max-age=31536000; includeSubDomains
      x-content-type-options:
      - nosniff
      x-ms-ratelimit-remaining-subscription-resource-requests:
      - '11998'
      x-powered-by:
      - ASP.NET
    status:
      code: 201
      message: Created
- request:
    body: null
    headers:
      Accept:
      - application/json
      Accept-Encoding:
      - gzip, deflate
      CommandName:
      - network dns zone show
      Connection:
      - keep-alive
      ParameterSetName:
      - -n -g
      User-Agent:
      - python/3.7.2 (Darwin-18.5.0-x86_64-i386-64bit) msrest/0.6.6 msrest_azure/0.6.0
        azure-mgmt-dns/2.1.0 Azure-SDK-For-Python AZURECLI/2.0.64
      accept-language:
      - en-US
    method: GET
    uri: https://management.azure.com/subscriptions/00000000-0000-0000-0000-000000000000/resourceGroups/cli_test_dns000001/providers/Microsoft.Network/dnsZones/books.com?api-version=2018-05-01
  response:
    body:
      string: '{"id":"\/subscriptions\/c9cbd920-c00c-427c-852b-8aaf38badaeb\/resourceGroups\/cli_test_dns000001\/providers\/Microsoft.Network\/dnszones\/books.com","name":"books.com","type":"Microsoft.Network\/dnszones","etag":"00000002-0000-0000-1cb2-2d10ce09d501","location":"global","tags":{},"properties":{"maxNumberOfRecordSets":10000,"maxNumberOfRecordsPerRecordSet":null,"nameServers":["ns1-05.ppe.azure-dns.com.","ns2-05.ppe.azure-dns.net.","ns3-05.ppe.azure-dns.org.","ns4-05.ppe.azure-dns.info."],"numberOfRecordSets":2,"zoneType":"Public"}}'
    headers:
      cache-control:
      - private
      content-length:
      - '593'
      content-type:
      - application/json; charset=utf-8
      date:
      - Mon, 13 May 2019 20:54:32 GMT
      etag:
      - 00000002-0000-0000-1cb2-2d10ce09d501
      server:
      - Microsoft-IIS/10.0
      strict-transport-security:
      - max-age=31536000; includeSubDomains
      transfer-encoding:
      - chunked
      vary:
      - Accept-Encoding
      x-content-type-options:
      - nosniff
      x-ms-ratelimit-remaining-subscription-resource-requests:
      - '499'
      x-powered-by:
      - ASP.NET
    status:
      code: 200
      message: OK
- request:
    body: '{"location": "global", "properties": {"zoneType": "Public"}}'
    headers:
      Accept:
      - application/json
      Accept-Encoding:
      - gzip, deflate
      CommandName:
      - network dns zone create
      Connection:
      - keep-alive
      Content-Length:
      - '60'
      Content-Type:
      - application/json; charset=utf-8
      ParameterSetName:
      - -n -g -p
      User-Agent:
      - python/3.7.2 (Darwin-18.5.0-x86_64-i386-64bit) msrest/0.6.6 msrest_azure/0.6.0
        azure-mgmt-dns/2.1.0 Azure-SDK-For-Python AZURECLI/2.0.64
      accept-language:
      - en-US
    method: PUT
    uri: https://management.azure.com/subscriptions/00000000-0000-0000-0000-000000000000/resourceGroups/cli_test_dns000001/providers/Microsoft.Network/dnsZones/nursery.books.com?api-version=2018-05-01
  response:
    body:
      string: '{"id":"\/subscriptions\/c9cbd920-c00c-427c-852b-8aaf38badaeb\/resourceGroups\/cli_test_dns000001\/providers\/Microsoft.Network\/dnszones\/nursery.books.com","name":"nursery.books.com","type":"Microsoft.Network\/dnszones","etag":"00000002-0000-0000-a58c-cc11ce09d501","location":"global","tags":{},"properties":{"maxNumberOfRecordSets":10000,"maxNumberOfRecordsPerRecordSet":null,"nameServers":["ns1-04.ppe.azure-dns.com.","ns2-04.ppe.azure-dns.net.","ns3-04.ppe.azure-dns.org.","ns4-04.ppe.azure-dns.info."],"numberOfRecordSets":2,"zoneType":"Public"}}'
    headers:
      cache-control:
      - private
      content-length:
      - '609'
      content-type:
      - application/json; charset=utf-8
      date:
      - Mon, 13 May 2019 20:54:34 GMT
      etag:
      - 00000002-0000-0000-a58c-cc11ce09d501
      server:
      - Microsoft-IIS/10.0
      strict-transport-security:
      - max-age=31536000; includeSubDomains
      x-content-type-options:
      - nosniff
      x-ms-ratelimit-remaining-subscription-resource-requests:
      - '11999'
      x-powered-by:
      - ASP.NET
    status:
      code: 201
      message: Created
- request:
    body: null
    headers:
      Accept:
      - application/json
      Accept-Encoding:
      - gzip, deflate
      CommandName:
      - network dns zone create
      Connection:
      - keep-alive
      ParameterSetName:
      - -n -g -p
      User-Agent:
      - python/3.7.2 (Darwin-18.5.0-x86_64-i386-64bit) msrest/0.6.6 msrest_azure/0.6.0
        azure-mgmt-dns/2.1.0 Azure-SDK-For-Python AZURECLI/2.0.64
      accept-language:
      - en-US
    method: GET
    uri: https://management.azure.com/subscriptions/00000000-0000-0000-0000-000000000000/resourceGroups/cli_test_dns000001/providers/Microsoft.Network/dnsZones/books.com/NS/nursery?api-version=2018-05-01
  response:
    body:
      string: '{"code":"NotFound","message":"The resource record ''nursery'' does
        not exist in resource group ''cli_test_dns000001'' of subscription ''c9cbd920-c00c-427c-852b-8aaf38badaeb''."}'
    headers:
      cache-control:
      - private
      content-length:
      - '228'
      content-type:
      - application/json; charset=utf-8
      date:
      - Mon, 13 May 2019 20:54:34 GMT
      server:
      - Microsoft-IIS/10.0
      strict-transport-security:
      - max-age=31536000; includeSubDomains
      x-content-type-options:
      - nosniff
      x-ms-ratelimit-remaining-subscription-resource-requests:
      - '499'
      x-powered-by:
      - ASP.NET
    status:
      code: 404
      message: Not Found
- request:
    body: '{"properties": {"TTL": 3600, "NSRecords": [{"nsdname": "ns1-04.ppe.azure-dns.com."}]}}'
    headers:
      Accept:
      - application/json
      Accept-Encoding:
      - gzip, deflate
      CommandName:
      - network dns zone create
      Connection:
      - keep-alive
      Content-Length:
      - '86'
      Content-Type:
      - application/json; charset=utf-8
      ParameterSetName:
      - -n -g -p
      User-Agent:
      - python/3.7.2 (Darwin-18.5.0-x86_64-i386-64bit) msrest/0.6.6 msrest_azure/0.6.0
        azure-mgmt-dns/2.1.0 Azure-SDK-For-Python AZURECLI/2.0.64
      accept-language:
      - en-US
    method: PUT
    uri: https://management.azure.com/subscriptions/00000000-0000-0000-0000-000000000000/resourceGroups/cli_test_dns000001/providers/Microsoft.Network/dnsZones/books.com/NS/nursery?api-version=2018-05-01
  response:
    body:
      string: '{"id":"\/subscriptions\/c9cbd920-c00c-427c-852b-8aaf38badaeb\/resourceGroups\/cli_test_dns000001\/providers\/Microsoft.Network\/dnszones\/books.com\/NS\/nursery","name":"nursery","type":"Microsoft.Network\/dnszones\/NS","etag":"f89a90d5-6efc-4452-a932-f86c129c9e22","properties":{"fqdn":"nursery.books.com.","TTL":3600,"NSRecords":[{"nsdname":"ns1-04.ppe.azure-dns.com."}],"targetResource":{},"provisioningState":"Succeeded"}}'
    headers:
      cache-control:
      - private
      content-length:
      - '483'
      content-type:
      - application/json; charset=utf-8
      date:
      - Mon, 13 May 2019 20:54:35 GMT
      etag:
      - f89a90d5-6efc-4452-a932-f86c129c9e22
      server:
      - Microsoft-IIS/10.0
      strict-transport-security:
      - max-age=31536000; includeSubDomains
      x-content-type-options:
      - nosniff
      x-ms-ratelimit-remaining-subscription-resource-requests:
      - '11999'
      x-powered-by:
      - ASP.NET
    status:
      code: 201
      message: Created
- request:
    body: null
    headers:
      Accept:
      - application/json
      Accept-Encoding:
      - gzip, deflate
      CommandName:
      - network dns zone create
      Connection:
      - keep-alive
      ParameterSetName:
      - -n -g -p
      User-Agent:
      - python/3.7.2 (Darwin-18.5.0-x86_64-i386-64bit) msrest/0.6.6 msrest_azure/0.6.0
        azure-mgmt-dns/2.1.0 Azure-SDK-For-Python AZURECLI/2.0.64
      accept-language:
      - en-US
    method: GET
    uri: https://management.azure.com/subscriptions/00000000-0000-0000-0000-000000000000/resourceGroups/cli_test_dns000001/providers/Microsoft.Network/dnsZones/books.com/NS/nursery?api-version=2018-05-01
  response:
    body:
      string: '{"id":"\/subscriptions\/c9cbd920-c00c-427c-852b-8aaf38badaeb\/resourceGroups\/cli_test_dns000001\/providers\/Microsoft.Network\/dnszones\/books.com\/NS\/nursery","name":"nursery","type":"Microsoft.Network\/dnszones\/NS","etag":"f89a90d5-6efc-4452-a932-f86c129c9e22","properties":{"fqdn":"nursery.books.com.","TTL":3600,"NSRecords":[{"nsdname":"ns1-04.ppe.azure-dns.com."}],"targetResource":{},"provisioningState":"Succeeded"}}'
    headers:
      cache-control:
      - private
      content-length:
      - '483'
      content-type:
      - application/json; charset=utf-8
      date:
      - Mon, 13 May 2019 20:54:36 GMT
      etag:
      - f89a90d5-6efc-4452-a932-f86c129c9e22
      server:
      - Microsoft-IIS/10.0
      strict-transport-security:
      - max-age=31536000; includeSubDomains
      transfer-encoding:
      - chunked
      vary:
      - Accept-Encoding
      x-content-type-options:
      - nosniff
      x-ms-ratelimit-remaining-subscription-resource-requests:
      - '499'
      x-powered-by:
      - ASP.NET
    status:
      code: 200
      message: OK
- request:
    body: '{"etag": "f89a90d5-6efc-4452-a932-f86c129c9e22", "properties": {"TTL":
      3600, "targetResource": {}, "NSRecords": [{"nsdname": "ns1-04.ppe.azure-dns.com."},
      {"nsdname": "ns2-04.ppe.azure-dns.net."}]}}'
    headers:
      Accept:
      - application/json
      Accept-Encoding:
      - gzip, deflate
      CommandName:
      - network dns zone create
      Connection:
      - keep-alive
      Content-Length:
      - '198'
      Content-Type:
      - application/json; charset=utf-8
      ParameterSetName:
      - -n -g -p
      User-Agent:
      - python/3.7.2 (Darwin-18.5.0-x86_64-i386-64bit) msrest/0.6.6 msrest_azure/0.6.0
        azure-mgmt-dns/2.1.0 Azure-SDK-For-Python AZURECLI/2.0.64
      accept-language:
      - en-US
    method: PUT
    uri: https://management.azure.com/subscriptions/00000000-0000-0000-0000-000000000000/resourceGroups/cli_test_dns000001/providers/Microsoft.Network/dnsZones/books.com/NS/nursery?api-version=2018-05-01
  response:
    body:
      string: '{"id":"\/subscriptions\/c9cbd920-c00c-427c-852b-8aaf38badaeb\/resourceGroups\/cli_test_dns000001\/providers\/Microsoft.Network\/dnszones\/books.com\/NS\/nursery","name":"nursery","type":"Microsoft.Network\/dnszones\/NS","etag":"84134e66-28ef-43f9-b7f4-bfbd8c8e3dcf","properties":{"fqdn":"nursery.books.com.","TTL":3600,"NSRecords":[{"nsdname":"ns1-04.ppe.azure-dns.com."},{"nsdname":"ns2-04.ppe.azure-dns.net."}],"targetResource":{},"provisioningState":"Succeeded"}}'
    headers:
      cache-control:
      - private
      content-length:
      - '523'
      content-type:
      - application/json; charset=utf-8
      date:
      - Mon, 13 May 2019 20:54:36 GMT
      etag:
      - 84134e66-28ef-43f9-b7f4-bfbd8c8e3dcf
      server:
      - Microsoft-IIS/10.0
      strict-transport-security:
      - max-age=31536000; includeSubDomains
      transfer-encoding:
      - chunked
      vary:
      - Accept-Encoding
      x-content-type-options:
      - nosniff
      x-ms-ratelimit-remaining-subscription-resource-requests:
      - '11999'
      x-powered-by:
      - ASP.NET
    status:
      code: 200
      message: OK
- request:
    body: null
    headers:
      Accept:
      - application/json
      Accept-Encoding:
      - gzip, deflate
      CommandName:
      - network dns zone create
      Connection:
      - keep-alive
      ParameterSetName:
      - -n -g -p
      User-Agent:
      - python/3.7.2 (Darwin-18.5.0-x86_64-i386-64bit) msrest/0.6.6 msrest_azure/0.6.0
        azure-mgmt-dns/2.1.0 Azure-SDK-For-Python AZURECLI/2.0.64
      accept-language:
      - en-US
    method: GET
    uri: https://management.azure.com/subscriptions/00000000-0000-0000-0000-000000000000/resourceGroups/cli_test_dns000001/providers/Microsoft.Network/dnsZones/books.com/NS/nursery?api-version=2018-05-01
  response:
    body:
      string: '{"id":"\/subscriptions\/c9cbd920-c00c-427c-852b-8aaf38badaeb\/resourceGroups\/cli_test_dns000001\/providers\/Microsoft.Network\/dnszones\/books.com\/NS\/nursery","name":"nursery","type":"Microsoft.Network\/dnszones\/NS","etag":"84134e66-28ef-43f9-b7f4-bfbd8c8e3dcf","properties":{"fqdn":"nursery.books.com.","TTL":3600,"NSRecords":[{"nsdname":"ns1-04.ppe.azure-dns.com."},{"nsdname":"ns2-04.ppe.azure-dns.net."}],"targetResource":{},"provisioningState":"Succeeded"}}'
    headers:
      cache-control:
      - private
      content-length:
      - '523'
      content-type:
      - application/json; charset=utf-8
      date:
      - Mon, 13 May 2019 20:54:36 GMT
      etag:
      - 84134e66-28ef-43f9-b7f4-bfbd8c8e3dcf
      server:
      - Microsoft-IIS/10.0
      strict-transport-security:
      - max-age=31536000; includeSubDomains
      transfer-encoding:
      - chunked
      vary:
      - Accept-Encoding
      x-content-type-options:
      - nosniff
      x-ms-ratelimit-remaining-subscription-resource-requests:
      - '499'
      x-powered-by:
      - ASP.NET
    status:
      code: 200
      message: OK
- request:
    body: '{"etag": "84134e66-28ef-43f9-b7f4-bfbd8c8e3dcf", "properties": {"TTL":
      3600, "targetResource": {}, "NSRecords": [{"nsdname": "ns1-04.ppe.azure-dns.com."},
      {"nsdname": "ns2-04.ppe.azure-dns.net."}, {"nsdname": "ns3-04.ppe.azure-dns.org."}]}}'
    headers:
      Accept:
      - application/json
      Accept-Encoding:
      - gzip, deflate
      CommandName:
      - network dns zone create
      Connection:
      - keep-alive
      Content-Length:
      - '240'
      Content-Type:
      - application/json; charset=utf-8
      ParameterSetName:
      - -n -g -p
      User-Agent:
      - python/3.7.2 (Darwin-18.5.0-x86_64-i386-64bit) msrest/0.6.6 msrest_azure/0.6.0
        azure-mgmt-dns/2.1.0 Azure-SDK-For-Python AZURECLI/2.0.64
      accept-language:
      - en-US
    method: PUT
    uri: https://management.azure.com/subscriptions/00000000-0000-0000-0000-000000000000/resourceGroups/cli_test_dns000001/providers/Microsoft.Network/dnsZones/books.com/NS/nursery?api-version=2018-05-01
  response:
    body:
      string: '{"id":"\/subscriptions\/c9cbd920-c00c-427c-852b-8aaf38badaeb\/resourceGroups\/cli_test_dns000001\/providers\/Microsoft.Network\/dnszones\/books.com\/NS\/nursery","name":"nursery","type":"Microsoft.Network\/dnszones\/NS","etag":"7a130748-88f0-45a5-9892-42b36d69b865","properties":{"fqdn":"nursery.books.com.","TTL":3600,"NSRecords":[{"nsdname":"ns1-04.ppe.azure-dns.com."},{"nsdname":"ns2-04.ppe.azure-dns.net."},{"nsdname":"ns3-04.ppe.azure-dns.org."}],"targetResource":{},"provisioningState":"Succeeded"}}'
    headers:
      cache-control:
      - private
      content-length:
      - '563'
      content-type:
      - application/json; charset=utf-8
      date:
      - Mon, 13 May 2019 20:54:37 GMT
      etag:
      - 7a130748-88f0-45a5-9892-42b36d69b865
      server:
      - Microsoft-IIS/10.0
      strict-transport-security:
      - max-age=31536000; includeSubDomains
      transfer-encoding:
      - chunked
      vary:
      - Accept-Encoding
      x-content-type-options:
      - nosniff
      x-ms-ratelimit-remaining-subscription-resource-requests:
      - '11999'
      x-powered-by:
      - ASP.NET
    status:
      code: 200
      message: OK
- request:
    body: null
    headers:
      Accept:
      - application/json
      Accept-Encoding:
      - gzip, deflate
      CommandName:
      - network dns zone create
      Connection:
      - keep-alive
      ParameterSetName:
      - -n -g -p
      User-Agent:
      - python/3.7.2 (Darwin-18.5.0-x86_64-i386-64bit) msrest/0.6.6 msrest_azure/0.6.0
        azure-mgmt-dns/2.1.0 Azure-SDK-For-Python AZURECLI/2.0.64
      accept-language:
      - en-US
    method: GET
    uri: https://management.azure.com/subscriptions/00000000-0000-0000-0000-000000000000/resourceGroups/cli_test_dns000001/providers/Microsoft.Network/dnsZones/books.com/NS/nursery?api-version=2018-05-01
  response:
    body:
      string: '{"id":"\/subscriptions\/c9cbd920-c00c-427c-852b-8aaf38badaeb\/resourceGroups\/cli_test_dns000001\/providers\/Microsoft.Network\/dnszones\/books.com\/NS\/nursery","name":"nursery","type":"Microsoft.Network\/dnszones\/NS","etag":"7a130748-88f0-45a5-9892-42b36d69b865","properties":{"fqdn":"nursery.books.com.","TTL":3600,"NSRecords":[{"nsdname":"ns1-04.ppe.azure-dns.com."},{"nsdname":"ns2-04.ppe.azure-dns.net."},{"nsdname":"ns3-04.ppe.azure-dns.org."}],"targetResource":{},"provisioningState":"Succeeded"}}'
    headers:
      cache-control:
      - private
      content-length:
      - '563'
      content-type:
      - application/json; charset=utf-8
      date:
      - Mon, 13 May 2019 20:54:38 GMT
      etag:
      - 7a130748-88f0-45a5-9892-42b36d69b865
      server:
      - Microsoft-IIS/10.0
      strict-transport-security:
      - max-age=31536000; includeSubDomains
      transfer-encoding:
      - chunked
      vary:
      - Accept-Encoding
      x-content-type-options:
      - nosniff
      x-ms-ratelimit-remaining-subscription-resource-requests:
      - '499'
      x-powered-by:
      - ASP.NET
    status:
      code: 200
      message: OK
- request:
    body: '{"etag": "7a130748-88f0-45a5-9892-42b36d69b865", "properties": {"TTL":
      3600, "targetResource": {}, "NSRecords": [{"nsdname": "ns1-04.ppe.azure-dns.com."},
      {"nsdname": "ns2-04.ppe.azure-dns.net."}, {"nsdname": "ns3-04.ppe.azure-dns.org."},
      {"nsdname": "ns4-04.ppe.azure-dns.info."}]}}'
    headers:
      Accept:
      - application/json
      Accept-Encoding:
      - gzip, deflate
      CommandName:
      - network dns zone create
      Connection:
      - keep-alive
      Content-Length:
      - '283'
      Content-Type:
      - application/json; charset=utf-8
      ParameterSetName:
      - -n -g -p
      User-Agent:
      - python/3.7.2 (Darwin-18.5.0-x86_64-i386-64bit) msrest/0.6.6 msrest_azure/0.6.0
        azure-mgmt-dns/2.1.0 Azure-SDK-For-Python AZURECLI/2.0.64
      accept-language:
      - en-US
    method: PUT
    uri: https://management.azure.com/subscriptions/00000000-0000-0000-0000-000000000000/resourceGroups/cli_test_dns000001/providers/Microsoft.Network/dnsZones/books.com/NS/nursery?api-version=2018-05-01
  response:
    body:
      string: '{"id":"\/subscriptions\/c9cbd920-c00c-427c-852b-8aaf38badaeb\/resourceGroups\/cli_test_dns000001\/providers\/Microsoft.Network\/dnszones\/books.com\/NS\/nursery","name":"nursery","type":"Microsoft.Network\/dnszones\/NS","etag":"acbebc82-bd6a-490b-9c5d-7c66470e7b48","properties":{"fqdn":"nursery.books.com.","TTL":3600,"NSRecords":[{"nsdname":"ns1-04.ppe.azure-dns.com."},{"nsdname":"ns2-04.ppe.azure-dns.net."},{"nsdname":"ns3-04.ppe.azure-dns.org."},{"nsdname":"ns4-04.ppe.azure-dns.info."}],"targetResource":{},"provisioningState":"Succeeded"}}'
    headers:
      cache-control:
      - private
      content-length:
      - '604'
      content-type:
      - application/json; charset=utf-8
      date:
      - Mon, 13 May 2019 20:54:39 GMT
      etag:
      - acbebc82-bd6a-490b-9c5d-7c66470e7b48
      server:
      - Microsoft-IIS/10.0
      strict-transport-security:
      - max-age=31536000; includeSubDomains
      transfer-encoding:
      - chunked
      vary:
      - Accept-Encoding
      x-content-type-options:
      - nosniff
      x-ms-ratelimit-remaining-subscription-resource-requests:
      - '11999'
      x-powered-by:
      - ASP.NET
    status:
      code: 200
      message: OK
- request:
    body: null
    headers:
      Accept:
      - application/json
      Accept-Encoding:
      - gzip, deflate
      CommandName:
      - network dns zone show
      Connection:
      - keep-alive
      ParameterSetName:
      - -n -g
      User-Agent:
      - python/3.7.2 (Darwin-18.5.0-x86_64-i386-64bit) msrest/0.6.6 msrest_azure/0.6.0
        azure-mgmt-dns/2.1.0 Azure-SDK-For-Python AZURECLI/2.0.64
      accept-language:
      - en-US
    method: GET
    uri: https://management.azure.com/subscriptions/00000000-0000-0000-0000-000000000000/resourceGroups/cli_test_dns000001/providers/Microsoft.Network/dnsZones/books.com?api-version=2018-05-01
  response:
    body:
      string: '{"id":"\/subscriptions\/c9cbd920-c00c-427c-852b-8aaf38badaeb\/resourceGroups\/cli_test_dns000001\/providers\/Microsoft.Network\/dnszones\/books.com","name":"books.com","type":"Microsoft.Network\/dnszones","etag":"00000002-0000-0000-1cb2-2d10ce09d501","location":"global","tags":{},"properties":{"maxNumberOfRecordSets":10000,"maxNumberOfRecordsPerRecordSet":null,"nameServers":["ns1-05.ppe.azure-dns.com.","ns2-05.ppe.azure-dns.net.","ns3-05.ppe.azure-dns.org.","ns4-05.ppe.azure-dns.info."],"numberOfRecordSets":3,"zoneType":"Public"}}'
    headers:
      cache-control:
      - private
      content-length:
      - '593'
      content-type:
      - application/json; charset=utf-8
      date:
      - Mon, 13 May 2019 20:54:40 GMT
      etag:
      - 00000002-0000-0000-1cb2-2d10ce09d501
      server:
      - Microsoft-IIS/10.0
      strict-transport-security:
      - max-age=31536000; includeSubDomains
      transfer-encoding:
      - chunked
      vary:
      - Accept-Encoding
      x-content-type-options:
      - nosniff
      x-ms-ratelimit-remaining-subscription-resource-requests:
      - '499'
      x-powered-by:
      - ASP.NET
    status:
      code: 200
      message: OK
- request:
    body: null
    headers:
      Accept:
      - application/json
      Accept-Encoding:
      - gzip, deflate
      CommandName:
      - network dns record-set ns show
      Connection:
      - keep-alive
      ParameterSetName:
      - -n -g --zone-name
      User-Agent:
      - python/3.7.2 (Darwin-18.5.0-x86_64-i386-64bit) msrest/0.6.6 msrest_azure/0.6.0
        azure-mgmt-dns/2.1.0 Azure-SDK-For-Python AZURECLI/2.0.64
      accept-language:
      - en-US
    method: GET
    uri: https://management.azure.com/subscriptions/00000000-0000-0000-0000-000000000000/resourceGroups/cli_test_dns000001/providers/Microsoft.Network/dnsZones/books.com/NS/nursery?api-version=2018-05-01
  response:
    body:
      string: '{"id":"\/subscriptions\/c9cbd920-c00c-427c-852b-8aaf38badaeb\/resourceGroups\/cli_test_dns000001\/providers\/Microsoft.Network\/dnszones\/books.com\/NS\/nursery","name":"nursery","type":"Microsoft.Network\/dnszones\/NS","etag":"acbebc82-bd6a-490b-9c5d-7c66470e7b48","properties":{"fqdn":"nursery.books.com.","TTL":3600,"NSRecords":[{"nsdname":"ns1-04.ppe.azure-dns.com."},{"nsdname":"ns2-04.ppe.azure-dns.net."},{"nsdname":"ns3-04.ppe.azure-dns.org."},{"nsdname":"ns4-04.ppe.azure-dns.info."}],"targetResource":{},"provisioningState":"Succeeded"}}'
    headers:
      cache-control:
      - private
      content-length:
      - '604'
      content-type:
      - application/json; charset=utf-8
      date:
      - Mon, 13 May 2019 20:54:40 GMT
      etag:
      - acbebc82-bd6a-490b-9c5d-7c66470e7b48
      server:
      - Microsoft-IIS/10.0
      strict-transport-security:
      - max-age=31536000; includeSubDomains
      transfer-encoding:
      - chunked
      vary:
      - Accept-Encoding
      x-content-type-options:
      - nosniff
      x-ms-ratelimit-remaining-subscription-resource-requests:
      - '499'
      x-powered-by:
      - ASP.NET
    status:
      code: 200
      message: OK
- request:
    body: null
    headers:
      Accept:
      - application/json
      Accept-Encoding:
      - gzip, deflate
      CommandName:
      - network dns zone delete
      Connection:
      - keep-alive
      Content-Length:
      - '0'
      ParameterSetName:
      - -g -n -y
      User-Agent:
      - python/3.7.2 (Darwin-18.5.0-x86_64-i386-64bit) msrest/0.6.6 msrest_azure/0.6.0
        azure-mgmt-dns/2.1.0 Azure-SDK-For-Python AZURECLI/2.0.64
      accept-language:
      - en-US
    method: DELETE
    uri: https://management.azure.com/subscriptions/00000000-0000-0000-0000-000000000000/resourceGroups/cli_test_dns000001/providers/Microsoft.Network/dnsZones/books.com?api-version=2018-05-01
  response:
    body:
      string: ''
    headers:
      azure-asyncoperation:
      - https://management.azure.com:443/subscriptions/00000000-0000-0000-0000-000000000000/resourceGroups/cli_test_dns000001/providers/Microsoft.Network/dnsOperationStatuses/delzone636933776814336157a2ee7f7d?api-version=2018-05-01
      cache-control:
      - private
      content-length:
      - '0'
      date:
      - Mon, 13 May 2019 20:54:41 GMT
      location:
      - https://management.azure.com/subscriptions/00000000-0000-0000-0000-000000000000/resourceGroups/cli_test_dns000001/providers/Microsoft.Network/dnsOperationResults/delzone636933776814336157a2ee7f7d?api-version=2018-05-01
      server:
      - Microsoft-IIS/10.0
      strict-transport-security:
      - max-age=31536000; includeSubDomains
      x-content-type-options:
      - nosniff
      x-ms-ratelimit-remaining-subscription-resource-requests:
      - '11998'
      x-powered-by:
      - ASP.NET
    status:
      code: 202
      message: Accepted
- request:
    body: null
    headers:
      Accept:
      - application/json
      Accept-Encoding:
      - gzip, deflate
      CommandName:
      - network dns zone delete
      Connection:
      - keep-alive
      ParameterSetName:
      - -g -n -y
      User-Agent:
      - python/3.7.2 (Darwin-18.5.0-x86_64-i386-64bit) msrest/0.6.6 msrest_azure/0.6.0
        azure-mgmt-dns/2.1.0 Azure-SDK-For-Python AZURECLI/2.0.64
    method: GET
    uri: https://management.azure.com/subscriptions/00000000-0000-0000-0000-000000000000/resourceGroups/cli_test_dns000001/providers/Microsoft.Network/dnsOperationStatuses/delzone636933776814336157a2ee7f7d?api-version=2018-05-01
  response:
    body:
      string: '{"status":"Succeeded"}'
    headers:
      cache-control:
      - private
      content-length:
      - '22'
      content-type:
      - application/json; charset=utf-8
      date:
      - Mon, 13 May 2019 20:54:44 GMT
      server:
      - Microsoft-IIS/10.0
      strict-transport-security:
      - max-age=31536000; includeSubDomains
      transfer-encoding:
      - chunked
      vary:
      - Accept-Encoding
      x-content-type-options:
      - nosniff
      x-ms-ratelimit-remaining-subscription-resource-requests:
      - '498'
      x-powered-by:
      - ASP.NET
    status:
      code: 200
      message: OK
- request:
    body: null
    headers:
      Accept:
      - application/json
      Accept-Encoding:
      - gzip, deflate
      CommandName:
      - network dns zone delete
      Connection:
      - keep-alive
      Content-Length:
      - '0'
      ParameterSetName:
      - -g -n -y
      User-Agent:
      - python/3.7.2 (Darwin-18.5.0-x86_64-i386-64bit) msrest/0.6.6 msrest_azure/0.6.0
        azure-mgmt-dns/2.1.0 Azure-SDK-For-Python AZURECLI/2.0.64
      accept-language:
      - en-US
    method: DELETE
    uri: https://management.azure.com/subscriptions/00000000-0000-0000-0000-000000000000/resourceGroups/cli_test_dns000001/providers/Microsoft.Network/dnsZones/nursery.books.com?api-version=2018-05-01
  response:
    body:
      string: ''
    headers:
      azure-asyncoperation:
      - https://management.azure.com:443/subscriptions/00000000-0000-0000-0000-000000000000/resourceGroups/cli_test_dns000001/providers/Microsoft.Network/dnsOperationStatuses/delzone63693377686417149631720511?api-version=2018-05-01
      cache-control:
      - private
      content-length:
      - '0'
      date:
      - Mon, 13 May 2019 20:54:45 GMT
      location:
      - https://management.azure.com/subscriptions/00000000-0000-0000-0000-000000000000/resourceGroups/cli_test_dns000001/providers/Microsoft.Network/dnsOperationResults/delzone63693377686417149631720511?api-version=2018-05-01
      server:
      - Microsoft-IIS/10.0
      strict-transport-security:
      - max-age=31536000; includeSubDomains
      x-content-type-options:
      - nosniff
      x-ms-ratelimit-remaining-subscription-resource-requests:
      - '11999'
      x-powered-by:
      - ASP.NET
    status:
      code: 202
      message: Accepted
- request:
    body: null
    headers:
      Accept:
      - application/json
      Accept-Encoding:
      - gzip, deflate
      CommandName:
      - network dns zone delete
      Connection:
      - keep-alive
      ParameterSetName:
      - -g -n -y
      User-Agent:
      - python/3.7.2 (Darwin-18.5.0-x86_64-i386-64bit) msrest/0.6.6 msrest_azure/0.6.0
        azure-mgmt-dns/2.1.0 Azure-SDK-For-Python AZURECLI/2.0.64
    method: GET
    uri: https://management.azure.com/subscriptions/00000000-0000-0000-0000-000000000000/resourceGroups/cli_test_dns000001/providers/Microsoft.Network/dnsOperationStatuses/delzone63693377686417149631720511?api-version=2018-05-01
  response:
    body:
      string: '{"status":"Succeeded"}'
    headers:
      cache-control:
      - private
      content-length:
      - '22'
      content-type:
      - application/json; charset=utf-8
      date:
      - Mon, 13 May 2019 20:54:49 GMT
      server:
      - Microsoft-IIS/10.0
      strict-transport-security:
      - max-age=31536000; includeSubDomains
      transfer-encoding:
      - chunked
      vary:
      - Accept-Encoding
      x-content-type-options:
      - nosniff
      x-ms-ratelimit-remaining-subscription-resource-requests:
      - '499'
      x-powered-by:
      - ASP.NET
    status:
      code: 200
      message: OK
- request:
    body: null
    headers:
      Accept:
      - application/json
      Accept-Encoding:
      - gzip, deflate
      CommandName:
      - group delete
      Connection:
      - keep-alive
      Content-Length:
      - '0'
      ParameterSetName:
      - --name --yes --no-wait
      User-Agent:
      - python/3.7.2 (Darwin-18.5.0-x86_64-i386-64bit) msrest/0.6.6 msrest_azure/0.6.0
        resourcemanagementclient/2.1.0 Azure-SDK-For-Python AZURECLI/2.0.64
      accept-language:
      - en-US
    method: DELETE
    uri: https://management.azure.com/subscriptions/00000000-0000-0000-0000-000000000000/resourcegroups/cli_test_dns000001?api-version=2018-05-01
  response:
    body:
      string: ''
    headers:
      cache-control:
      - no-cache
      content-length:
      - '0'
      date:
      - Mon, 13 May 2019 20:54:50 GMT
      expires:
      - '-1'
      location:
      - https://management.azure.com/subscriptions/00000000-0000-0000-0000-000000000000/operationresults/eyJqb2JJZCI6IlJFU09VUkNFR1JPVVBERUxFVElPTkpPQi1DTEk6NUZURVNUOjVGRE5TWTVZVlNNU0U1Qk82S1c2Q0ZHUjVZN0NKUllVM1AyQ3w4NTM2MkZCOUJFMjNFQ0YxLVdFU1RVUyIsImpvYkxvY2F0aW9uIjoid2VzdHVzIn0?api-version=2018-05-01
      pragma:
      - no-cache
      strict-transport-security:
      - max-age=31536000; includeSubDomains
      x-content-type-options:
      - nosniff
      x-ms-ratelimit-remaining-subscription-deletes:
      - '14999'
    status:
      code: 202
      message: Accepted
version: 1
